
> graceful-books@0.1.1 build
> vite build

[36mvite v6.4.2 [32mbuilding for production...[36m[39m
transforming...
[32m✓[39m 2194 modules transformed.
[33msrc/pages/cpg/tabs/intelligence/ScenarioBuilderTab.tsx (141:21): Use of eval in "src/pages/cpg/tabs/intelligence/ScenarioBuilderTab.tsx" is strongly discouraged as it poses security risks and may cause issues with minification.[39m
[33msrc/pages/cpg/tabs/scenario/WhatIfCalculatorTab.tsx (649:21): Use of eval in "src/pages/cpg/tabs/scenario/WhatIfCalculatorTab.tsx" is strongly discouraged as it poses security risks and may cause issues with minification.[39m
rendering chunks...
[33m[plugin vite:reporter] 
(!) C:/Users/Admin/graceful_books/src/db/database.ts is dynamically imported by C:/Users/Admin/graceful_books/src/db/schema/cpg.schema.ts, C:/Users/Admin/graceful_books/src/db/schema/cpg.schema.ts but also statically imported by C:/Users/Admin/graceful_books/src/components/contacts/ParentAccountSelector.tsx, C:/Users/Admin/graceful_books/src/components/cpg/CPUDisplay.tsx, C:/Users/Admin/graceful_books/src/components/cpg/CategoryManager.tsx, C:/Users/Admin/graceful_books/src/components/cpg/DistributionCalculatorForm.tsx, C:/Users/Admin/graceful_books/src/components/cpg/DistributorManager.tsx, C:/Users/Admin/graceful_books/src/components/cpg/FinishedProductManager.tsx, C:/Users/Admin/graceful_books/src/components/cpg/PromoDetailsForm.tsx, C:/Users/Admin/graceful_books/src/components/cpg/RecipeBuilder.tsx, C:/Users/Admin/graceful_books/src/components/cpg/SavedScenarios.tsx, C:/Users/Admin/graceful_books/src/components/cpg/modals/AddCategoryModal.tsx, C:/Users/Admin/graceful_books/src/components/cpg/modals/AddInvoiceModal.tsx, C:/Users/Admin/graceful_books/src/components/cpg/modals/AddLaborRoleModal.tsx, C:/Users/Admin/graceful_books/src/components/cpg/modals/AddProductModal.tsx, C:/Users/Admin/graceful_books/src/components/cpg/modals/BundleProductsModal.tsx, C:/Users/Admin/graceful_books/src/components/cpg/modals/CPUBreakdownModal.tsx, C:/Users/Admin/graceful_books/src/components/cpg/modals/InvoiceDetailsModal.tsx, C:/Users/Admin/graceful_books/src/components/cpg/modals/LaborAssignmentModal.tsx, C:/Users/Admin/graceful_books/src/components/cpg/modals/ProductBreakdownModal.tsx, C:/Users/Admin/graceful_books/src/components/cpg/modals/VendorDetailsModal.tsx, C:/Users/Admin/graceful_books/src/components/customers/CustomerForm.tsx, C:/Users/Admin/graceful_books/src/components/layouts/CPGLayout.tsx, C:/Users/Admin/graceful_books/src/components/vendors/VendorForm.tsx, C:/Users/Admin/graceful_books/src/contexts/CPGSettingsContext.tsx, C:/Users/Admin/graceful_books/src/db/index.ts, C:/Users/Admin/graceful_books/src/hooks/useCashPosition.ts, C:/Users/Admin/graceful_books/src/hooks/useOverdueInvoices.ts, C:/Users/Admin/graceful_books/src/hooks/useRecentActivity.ts, C:/Users/Admin/graceful_books/src/hooks/useRevenueExpensesData.ts, C:/Users/Admin/graceful_books/src/pages/cpg/CPGDashboard.tsx, C:/Users/Admin/graceful_books/src/pages/cpg/CPUTracker.tsx, C:/Users/Admin/graceful_books/src/pages/cpg/Distribution.tsx, C:/Users/Admin/graceful_books/src/pages/cpg/FinishedProducts.tsx, C:/Users/Admin/graceful_books/src/pages/cpg/ScenarioPlanning.tsx, C:/Users/Admin/graceful_books/src/pages/cpg/tabs/CostIntelligenceTab.tsx, C:/Users/Admin/graceful_books/src/pages/cpg/tabs/intelligence/VendorIntelTab.tsx, C:/Users/Admin/graceful_books/src/pages/cpg/tabs/labor/LaborReportsTab.tsx, C:/Users/Admin/graceful_books/src/pages/cpg/tabs/labor/LaborRolesTab.tsx, C:/Users/Admin/graceful_books/src/pages/cpg/tabs/labor/LaborScenariosTab.tsx, C:/Users/Admin/graceful_books/src/pages/cpg/tabs/labor/OwnerPayCalculatorTab.tsx, C:/Users/Admin/graceful_books/src/pages/cpg/tabs/scenario/CompareDistributorsTab.tsx, C:/Users/Admin/graceful_books/src/pages/cpg/tabs/scenario/WhatIfCalculatorTab.tsx, C:/Users/Admin/graceful_books/src/services/cpg/cpgCategory.service.ts, C:/Users/Admin/graceful_books/src/services/cpg/cpuCalculator.service.ts, C:/Users/Admin/graceful_books/src/services/cpg/worksheetImporter.service.ts, C:/Users/Admin/graceful_books/src/services/hierarchyService.ts, C:/Users/Admin/graceful_books/src/services/paymentGateway.ts, C:/Users/Admin/graceful_books/src/services/portalService.ts, C:/Users/Admin/graceful_books/src/services/tabPreferences.service.ts, C:/Users/Admin/graceful_books/src/store/invoices.ts, C:/Users/Admin/graceful_books/src/utils/clearCPGData.ts, C:/Users/Admin/graceful_books/src/utils/cpg/cleanupDistributors.ts, C:/Users/Admin/graceful_books/src/utils/cpgFormatting.ts, C:/Users/Admin/graceful_books/src/utils/restoreCPGData.ts, C:/Users/Admin/graceful_books/src/validators/hierarchyValidator.ts, dynamic import will not move module into another chunk.
[39m
computing gzip size...
[2mdist/[22m[32mindex.html                                   [39m[1m[2m    2.92 kB[22m[1m[22m[2m │ gzip:   1.30 kB[22m
[2mdist/[22m[32massets/pointing-finger-Nm_LkB6p.png          [39m[1m[2m   40.90 kB[22m[1m[22m
[2mdist/[22m[32massets/growth-coins-DjHiOUPU.png             [39m[1m[2m  245.07 kB[22m[1m[22m
[2mdist/[22m[32massets/lock-and-key-CJZYdSU0.png             [39m[1m[2m  632.92 kB[22m[1m[22m
[2mdist/[22m[32massets/bullseye-Cpyx82iM.png                 [39m[1m[2m1,072.11 kB[22m[1m[22m
[2mdist/[22m[35massets/Breadcrumbs-32vI1zrl.css              [39m[1m[2m    1.05 kB[22m[1m[22m[2m │ gzip:   0.44 kB[22m
[2mdist/[22m[35massets/ReportExportButton-CRXCumcn.css       [39m[1m[2m    1.12 kB[22m[1m[22m[2m │ gzip:   0.53 kB[22m
[2mdist/[22m[35massets/Card-B6UATplG.css                     [39m[1m[2m    1.15 kB[22m[1m[22m[2m │ gzip:   0.45 kB[22m
[2mdist/[22m[35massets/useTabPinning-BTjBHwvl.css            [39m[1m[2m    1.18 kB[22m[1m[22m[2m │ gzip:   0.40 kB[22m
[2mdist/[22m[35massets/MarginQualityBadge-DkcL5nh8.css       [39m[1m[2m    1.64 kB[22m[1m[22m[2m │ gzip:   0.59 kB[22m
[2mdist/[22m[35massets/Forbidden-CxS9Jjt_.css                [39m[1m[2m    1.79 kB[22m[1m[22m[2m │ gzip:   0.63 kB[22m
[2mdist/[22m[35massets/ReportDateRangePicker-CVkS4WOr.css    [39m[1m[2m    2.19 kB[22m[1m[22m[2m │ gzip:   0.67 kB[22m
[2mdist/[22m[35massets/Transactions-Dtey7-_3.css             [39m[1m[2m    2.33 kB[22m[1m[22m[2m │ gzip:   0.86 kB[22m
[2mdist/[22m[35massets/Select-Cr0shzfu.css                   [39m[1m[2m    2.58 kB[22m[1m[22m[2m │ gzip:   0.92 kB[22m
[2mdist/[22m[35massets/Tooltip-uUZ1GBdo.css                  [39m[1m[2m    2.82 kB[22m[1m[22m[2m │ gzip:   0.78 kB[22m
[2mdist/[22m[35massets/Loading-rZSGv55B.css                  [39m[1m[2m    3.20 kB[22m[1m[22m[2m │ gzip:   0.94 kB[22m
[2mdist/[22m[35massets/AccountRegisterPage-BRy-8B2_.css      [39m[1m[2m    3.23 kB[22m[1m[22m[2m │ gzip:   0.95 kB[22m
[2mdist/[22m[35massets/Setup-CuJypVXK.css                    [39m[1m[2m    3.64 kB[22m[1m[22m[2m │ gzip:   1.09 kB[22m
[2mdist/[22m[35massets/CPGProfitLoss-dJ6J66N9.css            [39m[1m[2m    3.82 kB[22m[1m[22m[2m │ gzip:   1.08 kB[22m
[2mdist/[22m[35massets/Settings-CuN1vtbS.css                 [39m[1m[2m    4.00 kB[22m[1m[22m[2m │ gzip:   0.98 kB[22m
[2mdist/[22m[35massets/ErrorMessage-BjGMTJqE.css             [39m[1m[2m    4.10 kB[22m[1m[22m[2m │ gzip:   1.16 kB[22m
[2mdist/[22m[35massets/GrossMarginReport-CdHaPKDn.css        [39m[1m[2m    4.85 kB[22m[1m[22m[2m │ gzip:   1.29 kB[22m
[2mdist/[22m[35massets/Signup-D4cMrmjQ.css                   [39m[1m[2m    5.31 kB[22m[1m[22m[2m │ gzip:   1.41 kB[22m
[2mdist/[22m[35massets/DataSafetyPanel-Bc9t-r42.css          [39m[1m[2m    5.47 kB[22m[1m[22m[2m │ gzip:   1.45 kB[22m
[2mdist/[22m[35massets/TradeSpendReport-CAqOqVNH.css         [39m[1m[2m    5.56 kB[22m[1m[22m[2m │ gzip:   1.42 kB[22m
[2mdist/[22m[35massets/CustomerPortal-DPS3iHds.css           [39m[1m[2m    5.97 kB[22m[1m[22m[2m │ gzip:   1.65 kB[22m
[2mdist/[22m[35massets/DistributionCostReport-BkRO8HAC.css   [39m[1m[2m    6.00 kB[22m[1m[22m[2m │ gzip:   1.48 kB[22m
[2mdist/[22m[35massets/ParentAccountSelector-CEb4Gj2T.css    [39m[1m[2m    6.78 kB[22m[1m[22m[2m │ gzip:   1.70 kB[22m
[2mdist/[22m[35massets/CheckoutSuccess-BlCVmlGl.css          [39m[1m[2m    7.32 kB[22m[1m[22m[2m │ gzip:   1.60 kB[22m
[2mdist/[22m[35massets/Customers-C6moe87Z.css                [39m[1m[2m    8.65 kB[22m[1m[22m[2m │ gzip:   2.02 kB[22m
[2mdist/[22m[35massets/CPGSettings-C7tY8c44.css              [39m[1m[2m    8.66 kB[22m[1m[22m[2m │ gzip:   2.24 kB[22m
[2mdist/[22m[35massets/Vendors-DRZVbqBt.css                  [39m[1m[2m    9.34 kB[22m[1m[22m[2m │ gzip:   2.15 kB[22m
[2mdist/[22m[35massets/BalanceSheet-SIx7rpO4.css             [39m[1m[2m   10.68 kB[22m[1m[22m[2m │ gzip:   2.19 kB[22m
[2mdist/[22m[35massets/CharitySelector-q5wuDekJ.css          [39m[1m[2m   10.69 kB[22m[1m[22m[2m │ gzip:   2.81 kB[22m
[2mdist/[22m[35massets/Billing-DzjTYaik.css                  [39m[1m[2m   11.13 kB[22m[1m[22m[2m │ gzip:   2.40 kB[22m
[2mdist/[22m[35massets/FinishedProducts-CwxsMQYv.css         [39m[1m[2m   11.54 kB[22m[1m[22m[2m │ gzip:   2.83 kB[22m
[2mdist/[22m[35massets/Receipts-XKTTQG9p.css                 [39m[1m[2m   12.08 kB[22m[1m[22m[2m │ gzip:   2.30 kB[22m
[2mdist/[22m[35massets/AdminCharityDashboard-BG9r2OKP.css    [39m[1m[2m   14.05 kB[22m[1m[22m[2m │ gzip:   2.97 kB[22m
[2mdist/[22m[35massets/AdminCharities-CFi44DT1.css           [39m[1m[2m   15.51 kB[22m[1m[22m[2m │ gzip:   2.90 kB[22m
[2mdist/[22m[35massets/CPGDashboard-BrOkp5Zu.css             [39m[1m[2m   16.32 kB[22m[1m[22m[2m │ gzip:   3.81 kB[22m
[2mdist/[22m[35massets/ProductSetupTest-rn9sBsP9.css         [39m[1m[2m   18.42 kB[22m[1m[22m[2m │ gzip:   3.67 kB[22m
[2mdist/[22m[35massets/Dashboard-W-B-8l8t.css                [39m[1m[2m   25.58 kB[22m[1m[22m[2m │ gzip:   4.40 kB[22m
[2mdist/[22m[35massets/ChartOfAccounts-DAVRhVx7.css          [39m[1m[2m   26.84 kB[22m[1m[22m[2m │ gzip:   5.21 kB[22m
[2mdist/[22m[35massets/Distribution-3Ybb8slS.css             [39m[1m[2m   26.89 kB[22m[1m[22m[2m │ gzip:   5.22 kB[22m
[2mdist/[22m[35massets/FinancialStatementEntry-CJbQ9RmD.css  [39m[1m[2m   27.35 kB[22m[1m[22m[2m │ gzip:   5.18 kB[22m
[2mdist/[22m[35massets/Checklist-CXcG3kyn.css                [39m[1m[2m   29.85 kB[22m[1m[22m[2m │ gzip:   5.05 kB[22m
[2mdist/[22m[35massets/LaborRoles-Bkma762D.css               [39m[1m[2m   36.22 kB[22m[1m[22m[2m │ gzip:   6.50 kB[22m
[2mdist/[22m[35massets/EventsAnalysis-DruwyE-A.css           [39m[1m[2m   41.14 kB[22m[1m[22m[2m │ gzip:   7.53 kB[22m
[2mdist/[22m[35massets/CPUTracker-Cw5lOxXC.css               [39m[1m[2m   41.59 kB[22m[1m[22m[2m │ gzip:   7.70 kB[22m
[2mdist/[22m[35massets/SalesPromoDecisionTool-q_O9DKhb.css   [39m[1m[2m   45.62 kB[22m[1m[22m[2m │ gzip:   8.00 kB[22m
[2mdist/[22m[35massets/ScenarioPlanning-npB_i6mf.css         [39m[1m[2m   46.45 kB[22m[1m[22m[2m │ gzip:   7.06 kB[22m
[2mdist/[22m[35massets/index-CYX-Q4Ix.css                    [39m[1m[2m   63.98 kB[22m[1m[22m[2m │ gzip:  12.27 kB[22m
[2mdist/[22m[36massets/pdf-parse-BQ6MiAzt.js                 [39m[1m[2m    0.14 kB[22m[1m[22m[2m │ gzip:   0.14 kB[22m
[2mdist/[22m[36massets/money-DySLfvlZ.js                     [39m[1m[2m    0.17 kB[22m[1m[22m[2m │ gzip:   0.15 kB[22m
[2mdist/[22m[36massets/checkout.api-C_cWoQ-Q.js              [39m[1m[2m    0.23 kB[22m[1m[22m[2m │ gzip:   0.20 kB[22m
[2mdist/[22m[36massets/LoaderTest-DXtPyfqa.js                [39m[1m[2m    0.29 kB[22m[1m[22m[2m │ gzip:   0.24 kB[22m
[2mdist/[22m[36massets/addMonths-B2QBdYiF.js                 [39m[1m[2m    0.29 kB[22m[1m[22m[2m │ gzip:   0.22 kB[22m
[2mdist/[22m[36massets/LineChart-MK-4o-ck.js                 [39m[1m[2m    0.31 kB[22m[1m[22m[2m │ gzip:   0.25 kB[22m
[2mdist/[22m[36massets/authorization-CRb1OBvj.js             [39m[1m[2m    0.35 kB[22m[1m[22m[2m │ gzip:   0.23 kB[22m
[2mdist/[22m[36massets/crdt-BjKASkks.js                      [39m[1m[2m    0.45 kB[22m[1m[22m[2m │ gzip:   0.33 kB[22m
[2mdist/[22m[36massets/device-Bz2QFGXS.js                    [39m[1m[2m    0.51 kB[22m[1m[22m[2m │ gzip:   0.36 kB[22m
[2mdist/[22m[36massets/CashFlow-B5KNpdNx.js                  [39m[1m[2m    0.70 kB[22m[1m[22m[2m │ gzip:   0.39 kB[22m
[2mdist/[22m[36massets/Forbidden-C3Qk4dm_.js                 [39m[1m[2m    1.01 kB[22m[1m[22m[2m │ gzip:   0.50 kB[22m
[2mdist/[22m[36massets/Breadcrumbs-DmJm76xz.js               [39m[1m[2m    1.07 kB[22m[1m[22m[2m │ gzip:   0.57 kB[22m
[2mdist/[22m[36massets/MarginQualityBadge-DY74dl3i.js        [39m[1m[2m    1.12 kB[22m[1m[22m[2m │ gzip:   0.61 kB[22m
[2mdist/[22m[36massets/Card-DUfBeULA.js                      [39m[1m[2m    1.18 kB[22m[1m[22m[2m │ gzip:   0.51 kB[22m
[2mdist/[22m[36massets/Reports-zzYcKXfO.js                   [39m[1m[2m    1.31 kB[22m[1m[22m[2m │ gzip:   0.69 kB[22m
[2mdist/[22m[36massets/Loading-B_lG3HKO.js                   [39m[1m[2m    1.42 kB[22m[1m[22m[2m │ gzip:   0.58 kB[22m
[2mdist/[22m[36massets/Signup.module-BOEZ7IO5.js             [39m[1m[2m    1.47 kB[22m[1m[22m[2m │ gzip:   0.63 kB[22m
[2mdist/[22m[36massets/Assessment-CairS9lT.js                [39m[1m[2m    1.56 kB[22m[1m[22m[2m │ gzip:   0.74 kB[22m
[2mdist/[22m[36massets/confetti-B_Xaz8Eo.js                  [39m[1m[2m    1.57 kB[22m[1m[22m[2m │ gzip:   0.84 kB[22m
[2mdist/[22m[36massets/Onboarding-Df79MGFG.js                [39m[1m[2m    1.62 kB[22m[1m[22m[2m │ gzip:   0.68 kB[22m
[2mdist/[22m[36massets/Tooltip-DCnbJvkB.js                   [39m[1m[2m    1.68 kB[22m[1m[22m[2m │ gzip:   0.74 kB[22m
[2mdist/[22m[36massets/Select-k7ZGEjKr.js                    [39m[1m[2m    1.68 kB[22m[1m[22m[2m │ gzip:   0.81 kB[22m
[2mdist/[22m[36massets/charities.api-EVce-Dy0.js             [39m[1m[2m    1.73 kB[22m[1m[22m[2m │ gzip:   0.51 kB[22m
[2mdist/[22m[36massets/useAccounts-4Fmk7fTt.js               [39m[1m[2m    1.85 kB[22m[1m[22m[2m │ gzip:   0.83 kB[22m
[2mdist/[22m[36massets/CheckoutCancel-ClzGNeRS.js            [39m[1m[2m    1.98 kB[22m[1m[22m[2m │ gzip:   0.92 kB[22m
[2mdist/[22m[36massets/ErrorMessage-CBVa4zhC.js              [39m[1m[2m    2.24 kB[22m[1m[22m[2m │ gzip:   0.89 kB[22m
[2mdist/[22m[36massets/AdminLogin-ChrR6-Bk.js                [39m[1m[2m    3.11 kB[22m[1m[22m[2m │ gzip:   1.33 kB[22m
[2mdist/[22m[36massets/CPGSettings.module-JAFAASR4.js        [39m[1m[2m    3.12 kB[22m[1m[22m[2m │ gzip:   1.12 kB[22m
[2mdist/[22m[36massets/invoices-IGV7olpu.js                  [39m[1m[2m    3.66 kB[22m[1m[22m[2m │ gzip:   1.27 kB[22m
[2mdist/[22m[36massets/ReportDateRangePicker-BBbHcB9T.js     [39m[1m[2m    3.77 kB[22m[1m[22m[2m │ gzip:   1.22 kB[22m
[2mdist/[22m[36massets/ForgotPassword-BHs4JY7i.js            [39m[1m[2m    3.95 kB[22m[1m[22m[2m │ gzip:   1.58 kB[22m
[2mdist/[22m[36massets/useTabPinning-BO96Ln3O.js             [39m[1m[2m    4.06 kB[22m[1m[22m[2m │ gzip:   1.51 kB[22m
[2mdist/[22m[36massets/NotFound-BM0r3nP8.js                  [39m[1m[2m    4.24 kB[22m[1m[22m[2m │ gzip:   1.86 kB[22m
[2mdist/[22m[36massets/contacts-D9IsbPyo.js                  [39m[1m[2m    4.64 kB[22m[1m[22m[2m │ gzip:   1.44 kB[22m
[2mdist/[22m[36massets/Login-CyQYpTGn.js                     [39m[1m[2m    4.72 kB[22m[1m[22m[2m │ gzip:   2.05 kB[22m
[2mdist/[22m[36massets/useTransactions-BrViYjv0.js           [39m[1m[2m    4.86 kB[22m[1m[22m[2m │ gzip:   1.66 kB[22m
[2mdist/[22m[36massets/Settings-CVLU3axU.js                  [39m[1m[2m    4.87 kB[22m[1m[22m[2m │ gzip:   1.77 kB[22m
[2mdist/[22m[36massets/ResetPassword-D-WbGCoi.js             [39m[1m[2m    5.07 kB[22m[1m[22m[2m │ gzip:   1.97 kB[22m
[2mdist/[22m[36massets/DevTools-SydXATgl.js                  [39m[1m[2m    5.59 kB[22m[1m[22m[2m │ gzip:   1.80 kB[22m
[2mdist/[22m[36massets/errors-DcN_7Ndg.js                    [39m[1m[2m    5.92 kB[22m[1m[22m[2m │ gzip:   2.10 kB[22m
[2mdist/[22m[36massets/AccountRegisterPage-J5FbkJyJ.js       [39m[1m[2m    6.21 kB[22m[1m[22m[2m │ gzip:   2.42 kB[22m
[2mdist/[22m[36massets/CheckoutSuccess-Po4__vz-.js           [39m[1m[2m    7.04 kB[22m[1m[22m[2m │ gzip:   2.54 kB[22m
[2mdist/[22m[36massets/CPGProfitLoss-_r5kT-4U.js             [39m[1m[2m    7.25 kB[22m[1m[22m[2m │ gzip:   2.05 kB[22m
[2mdist/[22m[36massets/DistributionCostReport-cUkXyb1_.js    [39m[1m[2m    7.44 kB[22m[1m[22m[2m │ gzip:   2.42 kB[22m
[2mdist/[22m[36massets/BetaSignup-Bgi3DJ8v.js                [39m[1m[2m    7.72 kB[22m[1m[22m[2m │ gzip:   2.33 kB[22m
[2mdist/[22m[36massets/GrossMarginReport-DvV-Ygej.js         [39m[1m[2m    8.11 kB[22m[1m[22m[2m │ gzip:   2.55 kB[22m
[2mdist/[22m[36massets/CharitySelector-Bp5A4O-m.js           [39m[1m[2m    8.52 kB[22m[1m[22m[2m │ gzip:   3.25 kB[22m
[2mdist/[22m[36massets/ReportExportButton-BxoNL901.js        [39m[1m[2m    9.01 kB[22m[1m[22m[2m │ gzip:   3.30 kB[22m
[2mdist/[22m[36massets/TradeSpendReport-D1jL-web.js          [39m[1m[2m    9.05 kB[22m[1m[22m[2m │ gzip:   2.69 kB[22m
[2mdist/[22m[36massets/Signup-LUXxMnx6.js                    [39m[1m[2m    9.50 kB[22m[1m[22m[2m │ gzip:   2.90 kB[22m
[2mdist/[22m[36massets/Setup-xMP1LjUj.js                     [39m[1m[2m   10.17 kB[22m[1m[22m[2m │ gzip:   3.48 kB[22m
[2mdist/[22m[36massets/CompanyProfile-viSkkxkM.js            [39m[1m[2m   10.28 kB[22m[1m[22m[2m │ gzip:   2.70 kB[22m
[2mdist/[22m[36massets/accounts-DFkA830z.js                  [39m[1m[2m   12.20 kB[22m[1m[22m[2m │ gzip:   2.68 kB[22m
[2mdist/[22m[36massets/pdfExport-D0Cb93ts.js                 [39m[1m[2m   13.15 kB[22m[1m[22m[2m │ gzip:   4.26 kB[22m
[2mdist/[22m[36massets/CustomerPortal-C7HPIShZ.js            [39m[1m[2m   13.59 kB[22m[1m[22m[2m │ gzip:   4.24 kB[22m
[2mdist/[22m[36massets/ParentAccountSelector-D9ZZnP1a.js     [39m[1m[2m   13.62 kB[22m[1m[22m[2m │ gzip:   4.32 kB[22m
[2mdist/[22m[36massets/FileSystemBackup-Bvwq-c3o.js          [39m[1m[2m   14.88 kB[22m[1m[22m[2m │ gzip:   4.79 kB[22m
[2mdist/[22m[36massets/ProfitLoss-Z4O_LRSA.js                [39m[1m[2m   15.95 kB[22m[1m[22m[2m │ gzip:   4.12 kB[22m
[2mdist/[22m[36massets/BarChart-DhnCp1AW.js                  [39m[1m[2m   16.98 kB[22m[1m[22m[2m │ gzip:   5.88 kB[22m
[2mdist/[22m[36massets/BalanceSheet-BJy8amgs.js              [39m[1m[2m   17.92 kB[22m[1m[22m[2m │ gzip:   5.56 kB[22m
[2mdist/[22m[36massets/format-Dn0ZipgU.js                    [39m[1m[2m   19.75 kB[22m[1m[22m[2m │ gzip:   5.61 kB[22m
[2mdist/[22m[36massets/pow-Dij5sobQ.js                       [39m[1m[2m   19.95 kB[22m[1m[22m[2m │ gzip:   8.14 kB[22m
[2mdist/[22m[36massets/Customers-EoY1aUkg.js                 [39m[1m[2m   20.88 kB[22m[1m[22m[2m │ gzip:   7.12 kB[22m
[2mdist/[22m[36massets/Invoices-DoTxa__i.js                  [39m[1m[2m   21.66 kB[22m[1m[22m[2m │ gzip:   6.13 kB[22m
[2mdist/[22m[36massets/Receipts-DS9OtM7C.js                  [39m[1m[2m   21.94 kB[22m[1m[22m[2m │ gzip:   7.03 kB[22m
[2mdist/[22m[36massets/AdminDashboard-N7rEPic8.js            [39m[1m[2m   23.23 kB[22m[1m[22m[2m │ gzip:   4.81 kB[22m
[2mdist/[22m[36massets/AdminCharities-Ce_KUax0.js            [39m[1m[2m   23.95 kB[22m[1m[22m[2m │ gzip:   6.77 kB[22m
[2mdist/[22m[36massets/purify.es-BaNf_EpD.js                 [39m[1m[2m   24.29 kB[22m[1m[22m[2m │ gzip:   9.18 kB[22m
[2mdist/[22m[36massets/Vendors-_GaeUtuq.js                   [39m[1m[2m   24.60 kB[22m[1m[22m[2m │ gzip:   8.33 kB[22m
[2mdist/[22m[36massets/Transactions-dQOCebbb.js              [39m[1m[2m   25.15 kB[22m[1m[22m[2m │ gzip:   5.92 kB[22m
[2mdist/[22m[36massets/CPGSettings-CdFmVeI6.js               [39m[1m[2m   25.66 kB[22m[1m[22m[2m │ gzip:   5.69 kB[22m
[2mdist/[22m[36massets/AdminCharityDashboard-DjksbynE.js     [39m[1m[2m   30.81 kB[22m[1m[22m[2m │ gzip:   7.62 kB[22m
[2mdist/[22m[36massets/jspdf.plugin.autotable-CBbcTuFj.js    [39m[1m[2m   30.91 kB[22m[1m[22m[2m │ gzip:   9.86 kB[22m
[2mdist/[22m[36massets/ProductSetupTest-B6zas0Dy.js          [39m[1m[2m   31.20 kB[22m[1m[22m[2m │ gzip:   7.87 kB[22m
[2mdist/[22m[36massets/Billing-DCqEi0Ao.js                   [39m[1m[2m   33.77 kB[22m[1m[22m[2m │ gzip:  11.37 kB[22m
[2mdist/[22m[36massets/Checklist-9382ZNfp.js                 [39m[1m[2m   34.20 kB[22m[1m[22m[2m │ gzip:  10.09 kB[22m
[2mdist/[22m[36massets/DataSafetyPanel-C-Qx_yZx.js           [39m[1m[2m   35.95 kB[22m[1m[22m[2m │ gzip:  11.25 kB[22m
[2mdist/[22m[36massets/Dashboard-CUMzW6Fr.js                 [39m[1m[2m   36.72 kB[22m[1m[22m[2m │ gzip:  10.44 kB[22m
[2mdist/[22m[36massets/FinancialStatementEntry-AHmdnOs3.js   [39m[1m[2m   37.47 kB[22m[1m[22m[2m │ gzip:   9.65 kB[22m
[2mdist/[22m[36massets/LaborRoles-6RKuE-jR.js                [39m[1m[2m   57.30 kB[22m[1m[22m[2m │ gzip:  15.59 kB[22m
[2mdist/[22m[36massets/FinishedProducts-BZWyQ25V.js          [39m[1m[2m   58.03 kB[22m[1m[22m[2m │ gzip:  15.81 kB[22m
[2mdist/[22m[36massets/Reconciliation-CooQ0t5x.js            [39m[1m[2m   60.55 kB[22m[1m[22m[2m │ gzip:  19.27 kB[22m
[2mdist/[22m[36massets/EventsAnalysis-CBC_yXxl.js            [39m[1m[2m   73.94 kB[22m[1m[22m[2m │ gzip:  20.12 kB[22m
[2mdist/[22m[36massets/ChartOfAccounts-DPs9RJ5k.js           [39m[1m[2m   83.08 kB[22m[1m[22m[2m │ gzip:  22.67 kB[22m
[2mdist/[22m[36massets/CPGDashboard-BpaumsET.js              [39m[1m[2m   84.89 kB[22m[1m[22m[2m │ gzip:  27.44 kB[22m
[2mdist/[22m[36massets/db-vendor-3Vprr9OH.js                 [39m[1m[2m   96.23 kB[22m[1m[22m[2m │ gzip:  32.38 kB[22m
[2mdist/[22m[36massets/SalesPromoDecisionTool-CDd4MAin.js    [39m[1m[2m   96.77 kB[22m[1m[22m[2m │ gzip:  26.25 kB[22m
[2mdist/[22m[36massets/ScenarioPlanning-BCUZ7Emp.js          [39m[1m[2m  121.76 kB[22m[1m[22m[2m │ gzip:  23.09 kB[22m
[2mdist/[22m[36massets/Distribution-Ds47zSj1.js              [39m[1m[2m  131.63 kB[22m[1m[22m[2m │ gzip:  32.75 kB[22m
[2mdist/[22m[36massets/index.es-CrfUVO4s.js                  [39m[1m[2m  159.49 kB[22m[1m[22m[2m │ gzip:  53.49 kB[22m
[2mdist/[22m[36massets/react-vendor-BDz1mCIW.js              [39m[1m[2m  165.99 kB[22m[1m[22m[2m │ gzip:  54.33 kB[22m
[2mdist/[22m[36massets/html2canvas.esm-B0tyYwQk.js           [39m[1m[2m  202.36 kB[22m[1m[22m[2m │ gzip:  48.04 kB[22m
[2mdist/[22m[36massets/CPUTracker-DjR3AANm.js                [39m[1m[2m  283.45 kB[22m[1m[22m[2m │ gzip:  59.55 kB[22m
[2mdist/[22m[36massets/CartesianChart-BSviQFrJ.js            [39m[1m[2m  333.61 kB[22m[1m[22m[2m │ gzip:  98.07 kB[22m
[2mdist/[22m[36massets/jspdf.es.min-gl-kPvrp.js              [39m[1m[2m  390.11 kB[22m[1m[22m[2m │ gzip: 128.68 kB[22m
[2mdist/[22m[36massets/index-CNY3Xlya.js                     [39m[1m[2m  419.90 kB[22m[1m[22m[2m │ gzip: 110.81 kB[22m
[2mdist/[22m[36massets/vfs_fonts-Cj6mfEyu.js                 [39m[1m[33m  855.12 kB[39m[22m[2m │ gzip: 465.57 kB[22m
[2mdist/[22m[36massets/pdfmake-BwgAu3YJ.js                   [39m[1m[33m1,012.00 kB[39m[22m[2m │ gzip: 361.25 kB[22m
[33m
(!) Some chunks are larger than 500 kB after minification. Consider:
- Using dynamic import() to code-split the application
- Use build.rollupOptions.output.manualChunks to improve chunking: https://rollupjs.org/configuration-options/#output-manualchunks
- Adjust chunk size limit for this warning via build.chunkSizeWarningLimit.[39m
[32m✓ built in 2m 34s[39m
