
> graceful-books@0.1.1 test
> vitest


 RUN  v4.1.5 C:/Users/Admin/graceful_books

stdout | src/services/backup/FileSystemBackup.test.ts > FileSystemBackup - Directory Handle Storage > should store directory handle successfully
[FileSystemBackup] Storing directory handle { name: 'TestFolder' }

stderr | src/services/backup/FileSystemBackup.test.ts > FileSystemBackup - Directory Handle Storage > should store directory handle successfully
[FileSystemBackup] Failed to open file handle database {
  error: TypeError: request.addEventListener is not a function
      at openDB (file:///C:/Users/Admin/graceful_books/node_modules/idb/build/index.js:171:17)
      at openFileHandleDB (C:/Users/Admin/graceful_books/src/services/backup/FileSystemBackup.ts:665:18)
      at storeDirectoryHandle (C:/Users/Admin/graceful_books/src/services/backup/FileSystemBackup.ts:308:22)
      at C:/Users/Admin/graceful_books/src/services/backup/FileSystemBackup.test.ts:375:26
      at file:///C:/Users/Admin/graceful_books/node_modules/@vitest/runner/dist/chunk-artifact.js:302:11
      at file:///C:/Users/Admin/graceful_books/node_modules/@vitest/runner/dist/chunk-artifact.js:1903:26
      at file:///C:/Users/Admin/graceful_books/node_modules/@vitest/runner/dist/chunk-artifact.js:2326:20
      at new Promise (<anonymous>)
      at runWithCancel (file:///C:/Users/Admin/graceful_books/node_modules/@vitest/runner/dist/chunk-artifact.js:2323:10)
      at file:///C:/Users/Admin/graceful_books/node_modules/@vitest/runner/dist/chunk-artifact.js:2305:20
}

stderr | src/services/backup/FileSystemBackup.test.ts > FileSystemBackup - Directory Handle Storage > should store directory handle successfully
[FileSystemBackup] Failed to store directory handle {
  error: AppError: Failed to open file handle database
      at openFileHandleDB (C:/Users/Admin/graceful_books/src/services/backup/FileSystemBackup.ts:682:11)
      at storeDirectoryHandle (C:/Users/Admin/graceful_books/src/services/backup/FileSystemBackup.ts:308:22)
      at C:/Users/Admin/graceful_books/src/services/backup/FileSystemBackup.test.ts:375:26
      at file:///C:/Users/Admin/graceful_books/node_modules/@vitest/runner/dist/chunk-artifact.js:302:11
      at file:///C:/Users/Admin/graceful_books/node_modules/@vitest/runner/dist/chunk-artifact.js:1903:26
      at file:///C:/Users/Admin/graceful_books/node_modules/@vitest/runner/dist/chunk-artifact.js:2326:20
      at new Promise (<anonymous>)
      at runWithCancel (file:///C:/Users/Admin/graceful_books/node_modules/@vitest/runner/dist/chunk-artifact.js:2323:10)
      at file:///C:/Users/Admin/graceful_books/node_modules/@vitest/runner/dist/chunk-artifact.js:2305:20
      at new Promise (<anonymous>) {
    code: 'DATABASE_ERROR',
    category: 'DATABASE',
    details: undefined,
    field: undefined
  }
}
❌ Storage error: AppError: Failed to open file handle database
    at openFileHandleDB (C:/Users/Admin/graceful_books/src/services/backup/FileSystemBackup.ts:682:11)
    at storeDirectoryHandle (C:/Users/Admin/graceful_books/src/services/backup/FileSystemBackup.ts:308:22)
    at C:/Users/Admin/graceful_books/src/services/backup/FileSystemBackup.test.ts:375:26
    at file:///C:/Users/Admin/graceful_books/node_modules/@vitest/runner/dist/chunk-artifact.js:302:11
    at file:///C:/Users/Admin/graceful_books/node_modules/@vitest/runner/dist/chunk-artifact.js:1903:26
    at file:///C:/Users/Admin/graceful_books/node_modules/@vitest/runner/dist/chunk-artifact.js:2326:20
    at new Promise (<anonymous>)
    at runWithCancel (file:///C:/Users/Admin/graceful_books/node_modules/@vitest/runner/dist/chunk-artifact.js:2323:10)
    at file:///C:/Users/Admin/graceful_books/node_modules/@vitest/runner/dist/chunk-artifact.js:2305:20
    at new Promise (<anonymous>) {
  code: 'DATABASE_ERROR',
  category: 'DATABASE',
  details: undefined,
  field: undefined
}

stdout | src/services/backup/FileSystemBackup.test.ts > FileSystemBackup - Directory Handle Clearing > should clear directory handle successfully
[FileSystemBackup] Clearing stored directory handle 

stderr | src/services/backup/FileSystemBackup.test.ts > FileSystemBackup - Directory Handle Clearing > should clear directory handle successfully
[FileSystemBackup] Failed to open file handle database {
  error: TypeError: request.addEventListener is not a function
      at openDB (file:///C:/Users/Admin/graceful_books/node_modules/idb/build/index.js:171:17)
      at openFileHandleDB (C:/Users/Admin/graceful_books/src/services/backup/FileSystemBackup.ts:665:18)
      at clearDirectoryHandle (C:/Users/Admin/graceful_books/src/services/backup/FileSystemBackup.ts:592:22)
      at C:/Users/Admin/graceful_books/src/services/backup/FileSystemBackup.test.ts:541:26
      at file:///C:/Users/Admin/graceful_books/node_modules/@vitest/runner/dist/chunk-artifact.js:302:11
      at file:///C:/Users/Admin/graceful_books/node_modules/@vitest/runner/dist/chunk-artifact.js:1903:26
      at file:///C:/Users/Admin/graceful_books/node_modules/@vitest/runner/dist/chunk-artifact.js:2326:20
      at new Promise (<anonymous>)
      at runWithCancel (file:///C:/Users/Admin/graceful_books/node_modules/@vitest/runner/dist/chunk-artifact.js:2323:10)
      at file:///C:/Users/Admin/graceful_books/node_modules/@vitest/runner/dist/chunk-artifact.js:2305:20
}

stderr | src/services/backup/FileSystemBackup.test.ts > FileSystemBackup - Directory Handle Clearing > should clear directory handle successfully
[FileSystemBackup] Failed to clear directory handle {
  error: AppError: Failed to open file handle database
      at openFileHandleDB (C:/Users/Admin/graceful_books/src/services/backup/FileSystemBackup.ts:682:11)
      at clearDirectoryHandle (C:/Users/Admin/graceful_books/src/services/backup/FileSystemBackup.ts:592:22)
      at C:/Users/Admin/graceful_books/src/services/backup/FileSystemBackup.test.ts:541:26
      at file:///C:/Users/Admin/graceful_books/node_modules/@vitest/runner/dist/chunk-artifact.js:302:11
      at file:///C:/Users/Admin/graceful_books/node_modules/@vitest/runner/dist/chunk-artifact.js:1903:26
      at file:///C:/Users/Admin/graceful_books/node_modules/@vitest/runner/dist/chunk-artifact.js:2326:20
      at new Promise (<anonymous>)
      at runWithCancel (file:///C:/Users/Admin/graceful_books/node_modules/@vitest/runner/dist/chunk-artifact.js:2323:10)
      at file:///C:/Users/Admin/graceful_books/node_modules/@vitest/runner/dist/chunk-artifact.js:2305:20
      at new Promise (<anonymous>) {
    code: 'DATABASE_ERROR',
    category: 'DATABASE',
    details: undefined,
    field: undefined
  }
}

stdout | src/services/backup/FileSystemBackup.test.ts > FileSystemBackup - Integration Tests > should complete full permission flow
[FileSystemBackup] Requesting folder permission { mode: 'readwrite' }
[FileSystemBackup] File System Access API supported { browser: 'Unknown', version: 'Unknown' }

stdout | src/services/backup/FileSystemBackup.test.ts > FileSystemBackup - Integration Tests > should complete full permission flow
[FileSystemBackup] Folder permission granted { folderName: 'TestFolder', mode: 'readwrite' }

stderr | src/services/backup/FileSystemBackup.test.ts > FileSystemBackup - Integration Tests > should complete full permission flow
[FileSystemBackup] Failed to open file handle database {
  error: TypeError: request.addEventListener is not a function
      at openDB (file:///C:/Users/Admin/graceful_books/node_modules/idb/build/index.js:171:17)
      at openFileHandleDB (C:/Users/Admin/graceful_books/src/services/backup/FileSystemBackup.ts:665:18)
      at storeDirectoryHandle (C:/Users/Admin/graceful_books/src/services/backup/FileSystemBackup.ts:308:22)
      at C:/Users/Admin/graceful_books/src/services/backup/FileSystemBackup.test.ts:686:33
      at processTicksAndRejections (node:internal/process/task_queues:103:5)
      at file:///C:/Users/Admin/graceful_books/node_modules/@vitest/runner/dist/chunk-artifact.js:1903:20
}

stdout | src/services/backup/FileSystemBackup.test.ts > FileSystemBackup - Integration Tests > should complete full permission flow
[FileSystemBackup] Storing directory handle { name: 'TestFolder' }

stderr | src/services/backup/FileSystemBackup.test.ts > FileSystemBackup - Integration Tests > should complete full permission flow
[FileSystemBackup] Failed to store directory handle {
  error: AppError: Failed to open file handle database
      at openFileHandleDB (C:/Users/Admin/graceful_books/src/services/backup/FileSystemBackup.ts:682:11)
      at storeDirectoryHandle (C:/Users/Admin/graceful_books/src/services/backup/FileSystemBackup.ts:308:22)
      at C:/Users/Admin/graceful_books/src/services/backup/FileSystemBackup.test.ts:686:33
      at processTicksAndRejections (node:internal/process/task_queues:103:5)
      at file:///C:/Users/Admin/graceful_books/node_modules/@vitest/runner/dist/chunk-artifact.js:1903:20 {
    code: 'DATABASE_ERROR',
    category: 'DATABASE',
    details: undefined,
    field: undefined
  }
}
❌ Storage error: AppError: Failed to open file handle database
    at openFileHandleDB (C:/Users/Admin/graceful_books/src/services/backup/FileSystemBackup.ts:682:11)
    at storeDirectoryHandle (C:/Users/Admin/graceful_books/src/services/backup/FileSystemBackup.ts:308:22)
    at C:/Users/Admin/graceful_books/src/services/backup/FileSystemBackup.test.ts:686:33
    at processTicksAndRejections (node:internal/process/task_queues:103:5)
    at file:///C:/Users/Admin/graceful_books/node_modules/@vitest/runner/dist/chunk-artifact.js:1903:20 {
  code: 'DATABASE_ERROR',
  category: 'DATABASE',
  details: undefined,
  field: undefined
}

stdout | src/services/backup/FileSystemBackup.test.ts > FileSystemBackup - writeBackupToFile (Task 2.5) > should write backup successfully with progress tracking
[FileSystemBackup] Storing directory handle { name: 'BackupFolder' }

stderr | src/services/backup/FileSystemBackup.test.ts > FileSystemBackup - writeBackupToFile (Task 2.5) > should write backup successfully with progress tracking
[FileSystemBackup] Failed to open file handle database {
  error: TypeError: request.addEventListener is not a function
      at openDB (file:///C:/Users/Admin/graceful_books/node_modules/idb/build/index.js:171:17)
      at openFileHandleDB (C:/Users/Admin/graceful_books/src/services/backup/FileSystemBackup.ts:665:18)
      at storeDirectoryHandle (C:/Users/Admin/graceful_books/src/services/backup/FileSystemBackup.ts:308:22)
      at C:/Users/Admin/graceful_books/src/services/backup/FileSystemBackup.test.ts:856:11
      at file:///C:/Users/Admin/graceful_books/node_modules/@vitest/runner/dist/chunk-artifact.js:302:11
      at file:///C:/Users/Admin/graceful_books/node_modules/@vitest/runner/dist/chunk-artifact.js:1903:26
      at file:///C:/Users/Admin/graceful_books/node_modules/@vitest/runner/dist/chunk-artifact.js:2326:20
      at new Promise (<anonymous>)
      at runWithCancel (file:///C:/Users/Admin/graceful_books/node_modules/@vitest/runner/dist/chunk-artifact.js:2323:10)
      at file:///C:/Users/Admin/graceful_books/node_modules/@vitest/runner/dist/chunk-artifact.js:2305:20
}

stderr | src/services/backup/FileSystemBackup.test.ts > FileSystemBackup - writeBackupToFile (Task 2.5) > should write backup successfully with progress tracking
[FileSystemBackup] Failed to store directory handle {
  error: AppError: Failed to open file handle database
      at openFileHandleDB (C:/Users/Admin/graceful_books/src/services/backup/FileSystemBackup.ts:682:11)
      at storeDirectoryHandle (C:/Users/Admin/graceful_books/src/services/backup/FileSystemBackup.ts:308:22)
      at C:/Users/Admin/graceful_books/src/services/backup/FileSystemBackup.test.ts:856:11
      at file:///C:/Users/Admin/graceful_books/node_modules/@vitest/runner/dist/chunk-artifact.js:302:11
      at file:///C:/Users/Admin/graceful_books/node_modules/@vitest/runner/dist/chunk-artifact.js:1903:26
      at file:///C:/Users/Admin/graceful_books/node_modules/@vitest/runner/dist/chunk-artifact.js:2326:20
      at new Promise (<anonymous>)
      at runWithCancel (file:///C:/Users/Admin/graceful_books/node_modules/@vitest/runner/dist/chunk-artifact.js:2323:10)
      at file:///C:/Users/Admin/graceful_books/node_modules/@vitest/runner/dist/chunk-artifact.js:2305:20
      at new Promise (<anonymous>) {
    code: 'DATABASE_ERROR',
    category: 'DATABASE',
    details: undefined,
    field: undefined
  }
}
❌ Storage error: AppError: Failed to open file handle database
    at openFileHandleDB (C:/Users/Admin/graceful_books/src/services/backup/FileSystemBackup.ts:682:11)
    at storeDirectoryHandle (C:/Users/Admin/graceful_books/src/services/backup/FileSystemBackup.ts:308:22)
    at C:/Users/Admin/graceful_books/src/services/backup/FileSystemBackup.test.ts:856:11
    at file:///C:/Users/Admin/graceful_books/node_modules/@vitest/runner/dist/chunk-artifact.js:302:11
    at file:///C:/Users/Admin/graceful_books/node_modules/@vitest/runner/dist/chunk-artifact.js:1903:26
    at file:///C:/Users/Admin/graceful_books/node_modules/@vitest/runner/dist/chunk-artifact.js:2326:20
    at new Promise (<anonymous>)
    at runWithCancel (file:///C:/Users/Admin/graceful_books/node_modules/@vitest/runner/dist/chunk-artifact.js:2323:10)
    at file:///C:/Users/Admin/graceful_books/node_modules/@vitest/runner/dist/chunk-artifact.js:2305:20
    at new Promise (<anonymous>) {
  code: 'DATABASE_ERROR',
  category: 'DATABASE',
  details: undefined,
  field: undefined
}

stdout | src/services/backup/FileSystemBackup.test.ts > FileSystemBackup - writeBackupToFile (Task 2.5) > should write backup successfully with progress tracking
[FileSystemBackup] Writing backup to file { fileName: 'audacious-backup-2026-03-29-120000.encrypted' }
[FileSystemBackup] File System Access API supported { browser: 'Unknown', version: 'Unknown' }
[FileSystemBackup] Retrieving directory handle 

stderr | src/services/backup/FileSystemBackup.test.ts > FileSystemBackup - writeBackupToFile (Task 2.5) > should write backup successfully with progress tracking
[FileSystemBackup] Failed to open file handle database {
  error: TypeError: request.addEventListener is not a function
      at openDB (file:///C:/Users/Admin/graceful_books/node_modules/idb/build/index.js:171:17)
      at openFileHandleDB (C:/Users/Admin/graceful_books/src/services/backup/FileSystemBackup.ts:665:18)
      at retrieveDirectoryHandle (C:/Users/Admin/graceful_books/src/services/backup/FileSystemBackup.ts:356:22)
      at writeBackupToFile (C:/Users/Admin/graceful_books/src/services/backup/FileSystemBackup.ts:843:29)
      at C:/Users/Admin/graceful_books/src/services/backup/FileSystemBackup.test.ts:869:26
      at processTicksAndRejections (node:internal/process/task_queues:103:5)
      at file:///C:/Users/Admin/graceful_books/node_modules/@vitest/runner/dist/chunk-artifact.js:1903:20
}

stderr | src/services/backup/FileSystemBackup.test.ts > FileSystemBackup - writeBackupToFile (Task 2.5) > should write backup successfully with progress tracking
[FileSystemBackup] Failed to retrieve directory handle {
  error: AppError: Failed to open file handle database
      at openFileHandleDB (C:/Users/Admin/graceful_books/src/services/backup/FileSystemBackup.ts:682:11)
      at retrieveDirectoryHandle (C:/Users/Admin/graceful_books/src/services/backup/FileSystemBackup.ts:356:22)
      at writeBackupToFile (C:/Users/Admin/graceful_books/src/services/backup/FileSystemBackup.ts:843:29)
      at C:/Users/Admin/graceful_books/src/services/backup/FileSystemBackup.test.ts:869:26
      at processTicksAndRejections (node:internal/process/task_queues:103:5)
      at file:///C:/Users/Admin/graceful_books/node_modules/@vitest/runner/dist/chunk-artifact.js:1903:20 {
    code: 'DATABASE_ERROR',
    category: 'DATABASE',
    details: undefined,
    field: undefined
  }
}
❌ Retrieval error: AppError: Failed to open file handle database
    at openFileHandleDB (C:/Users/Admin/graceful_books/src/services/backup/FileSystemBackup.ts:682:11)
    at retrieveDirectoryHandle (C:/Users/Admin/graceful_books/src/services/backup/FileSystemBackup.ts:356:22)
    at writeBackupToFile (C:/Users/Admin/graceful_books/src/services/backup/FileSystemBackup.ts:843:29)
    at C:/Users/Admin/graceful_books/src/services/backup/FileSystemBackup.test.ts:869:26
    at processTicksAndRejections (node:internal/process/task_queues:103:5)
    at file:///C:/Users/Admin/graceful_books/node_modules/@vitest/runner/dist/chunk-artifact.js:1903:20 {
  code: 'DATABASE_ERROR',
  category: 'DATABASE',
  details: undefined,
  field: undefined
}

stderr | src/services/backup/FileSystemBackup.test.ts > FileSystemBackup - writeBackupToFile (Task 2.5) > should write backup successfully with progress tracking
[FileSystemBackup] No directory handle found for backup write 

stdout | src/services/backup/FileSystemBackup.test.ts > FileSystemBackup - writeBackupToFile (Task 2.5) > should fail when permission is revoked
[FileSystemBackup] Storing directory handle { name: 'BackupFolder' }

stderr | src/services/backup/FileSystemBackup.test.ts > FileSystemBackup - writeBackupToFile (Task 2.5) > should fail when permission is revoked
[FileSystemBackup] Failed to open file handle database {
  error: TypeError: request.addEventListener is not a function
      at openDB (file:///C:/Users/Admin/graceful_books/node_modules/idb/build/index.js:171:17)
      at openFileHandleDB (C:/Users/Admin/graceful_books/src/services/backup/FileSystemBackup.ts:665:18)
      at storeDirectoryHandle (C:/Users/Admin/graceful_books/src/services/backup/FileSystemBackup.ts:308:22)
      at C:/Users/Admin/graceful_books/src/services/backup/FileSystemBackup.test.ts:902:11
      at file:///C:/Users/Admin/graceful_books/node_modules/@vitest/runner/dist/chunk-artifact.js:302:11
      at file:///C:/Users/Admin/graceful_books/node_modules/@vitest/runner/dist/chunk-artifact.js:1903:26
      at file:///C:/Users/Admin/graceful_books/node_modules/@vitest/runner/dist/chunk-artifact.js:2326:20
      at new Promise (<anonymous>)
      at runWithCancel (file:///C:/Users/Admin/graceful_books/node_modules/@vitest/runner/dist/chunk-artifact.js:2323:10)
      at file:///C:/Users/Admin/graceful_books/node_modules/@vitest/runner/dist/chunk-artifact.js:2305:20
}

stderr | src/services/backup/FileSystemBackup.test.ts > FileSystemBackup - writeBackupToFile (Task 2.5) > should fail when permission is revoked
[FileSystemBackup] Failed to store directory handle {
  error: AppError: Failed to open file handle database
      at openFileHandleDB (C:/Users/Admin/graceful_books/src/services/backup/FileSystemBackup.ts:682:11)
      at storeDirectoryHandle (C:/Users/Admin/graceful_books/src/services/backup/FileSystemBackup.ts:308:22)
      at C:/Users/Admin/graceful_books/src/services/backup/FileSystemBackup.test.ts:902:11
      at file:///C:/Users/Admin/graceful_books/node_modules/@vitest/runner/dist/chunk-artifact.js:302:11
      at file:///C:/Users/Admin/graceful_books/node_modules/@vitest/runner/dist/chunk-artifact.js:1903:26
      at file:///C:/Users/Admin/graceful_books/node_modules/@vitest/runner/dist/chunk-artifact.js:2326:20
      at new Promise (<anonymous>)
      at runWithCancel (file:///C:/Users/Admin/graceful_books/node_modules/@vitest/runner/dist/chunk-artifact.js:2323:10)
      at file:///C:/Users/Admin/graceful_books/node_modules/@vitest/runner/dist/chunk-artifact.js:2305:20
      at new Promise (<anonymous>) {
    code: 'DATABASE_ERROR',
    category: 'DATABASE',
    details: undefined,
    field: undefined
  }
}
❌ Storage error: AppError: Failed to open file handle database
    at openFileHandleDB (C:/Users/Admin/graceful_books/src/services/backup/FileSystemBackup.ts:682:11)
    at storeDirectoryHandle (C:/Users/Admin/graceful_books/src/services/backup/FileSystemBackup.ts:308:22)
    at C:/Users/Admin/graceful_books/src/services/backup/FileSystemBackup.test.ts:902:11
    at file:///C:/Users/Admin/graceful_books/node_modules/@vitest/runner/dist/chunk-artifact.js:302:11
    at file:///C:/Users/Admin/graceful_books/node_modules/@vitest/runner/dist/chunk-artifact.js:1903:26
    at file:///C:/Users/Admin/graceful_books/node_modules/@vitest/runner/dist/chunk-artifact.js:2326:20
    at new Promise (<anonymous>)
    at runWithCancel (file:///C:/Users/Admin/graceful_books/node_modules/@vitest/runner/dist/chunk-artifact.js:2323:10)
    at file:///C:/Users/Admin/graceful_books/node_modules/@vitest/runner/dist/chunk-artifact.js:2305:20
    at new Promise (<anonymous>) {
  code: 'DATABASE_ERROR',
  category: 'DATABASE',
  details: undefined,
  field: undefined
}

stdout | src/services/backup/FileSystemBackup.test.ts > FileSystemBackup - writeBackupToFile (Task 2.5) > should fail when permission is revoked
[FileSystemBackup] Writing backup to file { fileName: 'test-backup.encrypted' }
[FileSystemBackup] File System Access API supported { browser: 'Unknown', version: 'Unknown' }
[FileSystemBackup] Retrieving directory handle 

stderr | src/services/backup/FileSystemBackup.test.ts > FileSystemBackup - writeBackupToFile (Task 2.5) > should fail when permission is revoked
[FileSystemBackup] Failed to open file handle database {
  error: TypeError: request.addEventListener is not a function
      at openDB (file:///C:/Users/Admin/graceful_books/node_modules/idb/build/index.js:171:17)
      at openFileHandleDB (C:/Users/Admin/graceful_books/src/services/backup/FileSystemBackup.ts:665:18)
      at retrieveDirectoryHandle (C:/Users/Admin/graceful_books/src/services/backup/FileSystemBackup.ts:356:22)
      at writeBackupToFile (C:/Users/Admin/graceful_books/src/services/backup/FileSystemBackup.ts:843:29)
      at C:/Users/Admin/graceful_books/src/services/backup/FileSystemBackup.test.ts:906:26
      at processTicksAndRejections (node:internal/process/task_queues:103:5)
      at file:///C:/Users/Admin/graceful_books/node_modules/@vitest/runner/dist/chunk-artifact.js:1903:20
}

stderr | src/services/backup/FileSystemBackup.test.ts > FileSystemBackup - writeBackupToFile (Task 2.5) > should fail when permission is revoked
[FileSystemBackup] Failed to retrieve directory handle {
  error: AppError: Failed to open file handle database
      at openFileHandleDB (C:/Users/Admin/graceful_books/src/services/backup/FileSystemBackup.ts:682:11)
      at retrieveDirectoryHandle (C:/Users/Admin/graceful_books/src/services/backup/FileSystemBackup.ts:356:22)
      at writeBackupToFile (C:/Users/Admin/graceful_books/src/services/backup/FileSystemBackup.ts:843:29)
      at C:/Users/Admin/graceful_books/src/services/backup/FileSystemBackup.test.ts:906:26
      at processTicksAndRejections (node:internal/process/task_queues:103:5)
      at file:///C:/Users/Admin/graceful_books/node_modules/@vitest/runner/dist/chunk-artifact.js:1903:20 {
    code: 'DATABASE_ERROR',
    category: 'DATABASE',
    details: undefined,
    field: undefined
  }
}
❌ Retrieval error: AppError: Failed to open file handle database
    at openFileHandleDB (C:/Users/Admin/graceful_books/src/services/backup/FileSystemBackup.ts:682:11)
    at retrieveDirectoryHandle (C:/Users/Admin/graceful_books/src/services/backup/FileSystemBackup.ts:356:22)
    at writeBackupToFile (C:/Users/Admin/graceful_books/src/services/backup/FileSystemBackup.ts:843:29)
    at C:/Users/Admin/graceful_books/src/services/backup/FileSystemBackup.test.ts:906:26
    at processTicksAndRejections (node:internal/process/task_queues:103:5)
    at file:///C:/Users/Admin/graceful_books/node_modules/@vitest/runner/dist/chunk-artifact.js:1903:20 {
  code: 'DATABASE_ERROR',
  category: 'DATABASE',
  details: undefined,
  field: undefined
}

stderr | src/services/backup/FileSystemBackup.test.ts > FileSystemBackup - writeBackupToFile (Task 2.5) > should fail when permission is revoked
[FileSystemBackup] No directory handle found for backup write 

stdout | src/services/backup/FileSystemBackup.test.ts > FileSystemBackup - writeBackupToFile (Task 2.5) > should handle disk space errors (QuotaExceededError)
[FileSystemBackup] Storing directory handle { name: 'BackupFolder' }

stderr | src/services/backup/FileSystemBackup.test.ts > FileSystemBackup - writeBackupToFile (Task 2.5) > should handle disk space errors (QuotaExceededError)
[FileSystemBackup] Failed to open file handle database {
  error: TypeError: request.addEventListener is not a function
      at openDB (file:///C:/Users/Admin/graceful_books/node_modules/idb/build/index.js:171:17)
      at openFileHandleDB (C:/Users/Admin/graceful_books/src/services/backup/FileSystemBackup.ts:665:18)
      at storeDirectoryHandle (C:/Users/Admin/graceful_books/src/services/backup/FileSystemBackup.ts:308:22)
      at C:/Users/Admin/graceful_books/src/services/backup/FileSystemBackup.test.ts:918:11
      at file:///C:/Users/Admin/graceful_books/node_modules/@vitest/runner/dist/chunk-artifact.js:302:11
      at file:///C:/Users/Admin/graceful_books/node_modules/@vitest/runner/dist/chunk-artifact.js:1903:26
      at file:///C:/Users/Admin/graceful_books/node_modules/@vitest/runner/dist/chunk-artifact.js:2326:20
      at new Promise (<anonymous>)
      at runWithCancel (file:///C:/Users/Admin/graceful_books/node_modules/@vitest/runner/dist/chunk-artifact.js:2323:10)
      at file:///C:/Users/Admin/graceful_books/node_modules/@vitest/runner/dist/chunk-artifact.js:2305:20
}

stderr | src/services/backup/FileSystemBackup.test.ts > FileSystemBackup - writeBackupToFile (Task 2.5) > should handle disk space errors (QuotaExceededError)
[FileSystemBackup] Failed to store directory handle {
  error: AppError: Failed to open file handle database
      at openFileHandleDB (C:/Users/Admin/graceful_books/src/services/backup/FileSystemBackup.ts:682:11)
      at storeDirectoryHandle (C:/Users/Admin/graceful_books/src/services/backup/FileSystemBackup.ts:308:22)
      at C:/Users/Admin/graceful_books/src/services/backup/FileSystemBackup.test.ts:918:11
      at file:///C:/Users/Admin/graceful_books/node_modules/@vitest/runner/dist/chunk-artifact.js:302:11
      at file:///C:/Users/Admin/graceful_books/node_modules/@vitest/runner/dist/chunk-artifact.js:1903:26
      at file:///C:/Users/Admin/graceful_books/node_modules/@vitest/runner/dist/chunk-artifact.js:2326:20
      at new Promise (<anonymous>)
      at runWithCancel (file:///C:/Users/Admin/graceful_books/node_modules/@vitest/runner/dist/chunk-artifact.js:2323:10)
      at file:///C:/Users/Admin/graceful_books/node_modules/@vitest/runner/dist/chunk-artifact.js:2305:20
      at new Promise (<anonymous>) {
    code: 'DATABASE_ERROR',
    category: 'DATABASE',
    details: undefined,
    field: undefined
  }
}
❌ Storage error: AppError: Failed to open file handle database
    at openFileHandleDB (C:/Users/Admin/graceful_books/src/services/backup/FileSystemBackup.ts:682:11)
    at storeDirectoryHandle (C:/Users/Admin/graceful_books/src/services/backup/FileSystemBackup.ts:308:22)
    at C:/Users/Admin/graceful_books/src/services/backup/FileSystemBackup.test.ts:918:11
    at file:///C:/Users/Admin/graceful_books/node_modules/@vitest/runner/dist/chunk-artifact.js:302:11
    at file:///C:/Users/Admin/graceful_books/node_modules/@vitest/runner/dist/chunk-artifact.js:1903:26
    at file:///C:/Users/Admin/graceful_books/node_modules/@vitest/runner/dist/chunk-artifact.js:2326:20
    at new Promise (<anonymous>)
    at runWithCancel (file:///C:/Users/Admin/graceful_books/node_modules/@vitest/runner/dist/chunk-artifact.js:2323:10)
    at file:///C:/Users/Admin/graceful_books/node_modules/@vitest/runner/dist/chunk-artifact.js:2305:20
    at new Promise (<anonymous>) {
  code: 'DATABASE_ERROR',
  category: 'DATABASE',
  details: undefined,
  field: undefined
}

stdout | src/services/backup/FileSystemBackup.test.ts > FileSystemBackup - writeBackupToFile (Task 2.5) > should handle disk space errors (QuotaExceededError)
[FileSystemBackup] Writing backup to file { fileName: 'test-backup.encrypted' }
[FileSystemBackup] File System Access API supported { browser: 'Unknown', version: 'Unknown' }
[FileSystemBackup] Retrieving directory handle 

stderr | src/services/backup/FileSystemBackup.test.ts > FileSystemBackup - writeBackupToFile (Task 2.5) > should handle disk space errors (QuotaExceededError)
[FileSystemBackup] Failed to open file handle database {
  error: TypeError: request.addEventListener is not a function
      at openDB (file:///C:/Users/Admin/graceful_books/node_modules/idb/build/index.js:171:17)
      at openFileHandleDB (C:/Users/Admin/graceful_books/src/services/backup/FileSystemBackup.ts:665:18)
      at retrieveDirectoryHandle (C:/Users/Admin/graceful_books/src/services/backup/FileSystemBackup.ts:356:22)
      at writeBackupToFile (C:/Users/Admin/graceful_books/src/services/backup/FileSystemBackup.ts:843:29)
      at C:/Users/Admin/graceful_books/src/services/backup/FileSystemBackup.test.ts:929:26
      at processTicksAndRejections (node:internal/process/task_queues:103:5)
      at file:///C:/Users/Admin/graceful_books/node_modules/@vitest/runner/dist/chunk-artifact.js:1903:20
}

stderr | src/services/backup/FileSystemBackup.test.ts > FileSystemBackup - writeBackupToFile (Task 2.5) > should handle disk space errors (QuotaExceededError)
[FileSystemBackup] Failed to retrieve directory handle {
  error: AppError: Failed to open file handle database
      at openFileHandleDB (C:/Users/Admin/graceful_books/src/services/backup/FileSystemBackup.ts:682:11)
      at retrieveDirectoryHandle (C:/Users/Admin/graceful_books/src/services/backup/FileSystemBackup.ts:356:22)
      at writeBackupToFile (C:/Users/Admin/graceful_books/src/services/backup/FileSystemBackup.ts:843:29)
      at C:/Users/Admin/graceful_books/src/services/backup/FileSystemBackup.test.ts:929:26
      at processTicksAndRejections (node:internal/process/task_queues:103:5)
      at file:///C:/Users/Admin/graceful_books/node_modules/@vitest/runner/dist/chunk-artifact.js:1903:20 {
    code: 'DATABASE_ERROR',
    category: 'DATABASE',
    details: undefined,
    field: undefined
  }
}
❌ Retrieval error: AppError: Failed to open file handle database
    at openFileHandleDB (C:/Users/Admin/graceful_books/src/services/backup/FileSystemBackup.ts:682:11)
    at retrieveDirectoryHandle (C:/Users/Admin/graceful_books/src/services/backup/FileSystemBackup.ts:356:22)
    at writeBackupToFile (C:/Users/Admin/graceful_books/src/services/backup/FileSystemBackup.ts:843:29)
    at C:/Users/Admin/graceful_books/src/services/backup/FileSystemBackup.test.ts:929:26
    at processTicksAndRejections (node:internal/process/task_queues:103:5)
    at file:///C:/Users/Admin/graceful_books/node_modules/@vitest/runner/dist/chunk-artifact.js:1903:20 {
  code: 'DATABASE_ERROR',
  category: 'DATABASE',
  details: undefined,
  field: undefined
}

stderr | src/services/backup/FileSystemBackup.test.ts > FileSystemBackup - writeBackupToFile (Task 2.5) > should handle disk space errors (QuotaExceededError)
[FileSystemBackup] No directory handle found for backup write 

stdout | src/services/backup/FileSystemBackup.test.ts > FileSystemBackup - writeBackupToFile (Task 2.5) > should handle serialization errors
[FileSystemBackup] Storing directory handle { name: 'BackupFolder' }

stderr | src/services/backup/FileSystemBackup.test.ts > FileSystemBackup - writeBackupToFile (Task 2.5) > should handle serialization errors
[FileSystemBackup] Failed to open file handle database {
  error: TypeError: request.addEventListener is not a function
      at openDB (file:///C:/Users/Admin/graceful_books/node_modules/idb/build/index.js:171:17)
      at openFileHandleDB (C:/Users/Admin/graceful_books/src/services/backup/FileSystemBackup.ts:665:18)
      at storeDirectoryHandle (C:/Users/Admin/graceful_books/src/services/backup/FileSystemBackup.ts:308:22)
      at C:/Users/Admin/graceful_books/src/services/backup/FileSystemBackup.test.ts:941:11
      at file:///C:/Users/Admin/graceful_books/node_modules/@vitest/runner/dist/chunk-artifact.js:302:11
      at file:///C:/Users/Admin/graceful_books/node_modules/@vitest/runner/dist/chunk-artifact.js:1903:26
      at file:///C:/Users/Admin/graceful_books/node_modules/@vitest/runner/dist/chunk-artifact.js:2326:20
      at new Promise (<anonymous>)
      at runWithCancel (file:///C:/Users/Admin/graceful_books/node_modules/@vitest/runner/dist/chunk-artifact.js:2323:10)
      at file:///C:/Users/Admin/graceful_books/node_modules/@vitest/runner/dist/chunk-artifact.js:2305:20
}

stderr | src/services/backup/FileSystemBackup.test.ts > FileSystemBackup - writeBackupToFile (Task 2.5) > should handle serialization errors
[FileSystemBackup] Failed to store directory handle {
  error: AppError: Failed to open file handle database
      at openFileHandleDB (C:/Users/Admin/graceful_books/src/services/backup/FileSystemBackup.ts:682:11)
      at storeDirectoryHandle (C:/Users/Admin/graceful_books/src/services/backup/FileSystemBackup.ts:308:22)
      at C:/Users/Admin/graceful_books/src/services/backup/FileSystemBackup.test.ts:941:11
      at file:///C:/Users/Admin/graceful_books/node_modules/@vitest/runner/dist/chunk-artifact.js:302:11
      at file:///C:/Users/Admin/graceful_books/node_modules/@vitest/runner/dist/chunk-artifact.js:1903:26
      at file:///C:/Users/Admin/graceful_books/node_modules/@vitest/runner/dist/chunk-artifact.js:2326:20
      at new Promise (<anonymous>)
      at runWithCancel (file:///C:/Users/Admin/graceful_books/node_modules/@vitest/runner/dist/chunk-artifact.js:2323:10)
      at file:///C:/Users/Admin/graceful_books/node_modules/@vitest/runner/dist/chunk-artifact.js:2305:20
      at new Promise (<anonymous>) {
    code: 'DATABASE_ERROR',
    category: 'DATABASE',
    details: undefined,
    field: undefined
  }
}
❌ Storage error: AppError: Failed to open file handle database
    at openFileHandleDB (C:/Users/Admin/graceful_books/src/services/backup/FileSystemBackup.ts:682:11)
    at storeDirectoryHandle (C:/Users/Admin/graceful_books/src/services/backup/FileSystemBackup.ts:308:22)
    at C:/Users/Admin/graceful_books/src/services/backup/FileSystemBackup.test.ts:941:11
    at file:///C:/Users/Admin/graceful_books/node_modules/@vitest/runner/dist/chunk-artifact.js:302:11
    at file:///C:/Users/Admin/graceful_books/node_modules/@vitest/runner/dist/chunk-artifact.js:1903:26
    at file:///C:/Users/Admin/graceful_books/node_modules/@vitest/runner/dist/chunk-artifact.js:2326:20
    at new Promise (<anonymous>)
    at runWithCancel (file:///C:/Users/Admin/graceful_books/node_modules/@vitest/runner/dist/chunk-artifact.js:2323:10)
    at file:///C:/Users/Admin/graceful_books/node_modules/@vitest/runner/dist/chunk-artifact.js:2305:20
    at new Promise (<anonymous>) {
  code: 'DATABASE_ERROR',
  category: 'DATABASE',
  details: undefined,
  field: undefined
}

stdout | src/services/backup/FileSystemBackup.test.ts > FileSystemBackup - writeBackupToFile (Task 2.5) > should handle serialization errors
[FileSystemBackup] Writing backup to file { fileName: 'test-backup.encrypted' }
[FileSystemBackup] File System Access API supported { browser: 'Unknown', version: 'Unknown' }
[FileSystemBackup] Retrieving directory handle 

stderr | src/services/backup/FileSystemBackup.test.ts > FileSystemBackup - writeBackupToFile (Task 2.5) > should handle serialization errors
[FileSystemBackup] Failed to open file handle database {
  error: TypeError: request.addEventListener is not a function
      at openDB (file:///C:/Users/Admin/graceful_books/node_modules/idb/build/index.js:171:17)
      at openFileHandleDB (C:/Users/Admin/graceful_books/src/services/backup/FileSystemBackup.ts:665:18)
      at retrieveDirectoryHandle (C:/Users/Admin/graceful_books/src/services/backup/FileSystemBackup.ts:356:22)
      at writeBackupToFile (C:/Users/Admin/graceful_books/src/services/backup/FileSystemBackup.ts:843:29)
      at C:/Users/Admin/graceful_books/src/services/backup/FileSystemBackup.test.ts:947:26
      at processTicksAndRejections (node:internal/process/task_queues:103:5)
      at file:///C:/Users/Admin/graceful_books/node_modules/@vitest/runner/dist/chunk-artifact.js:1903:20
}

stderr | src/services/backup/FileSystemBackup.test.ts > FileSystemBackup - writeBackupToFile (Task 2.5) > should handle serialization errors
[FileSystemBackup] Failed to retrieve directory handle {
  error: AppError: Failed to open file handle database
      at openFileHandleDB (C:/Users/Admin/graceful_books/src/services/backup/FileSystemBackup.ts:682:11)
      at retrieveDirectoryHandle (C:/Users/Admin/graceful_books/src/services/backup/FileSystemBackup.ts:356:22)
      at writeBackupToFile (C:/Users/Admin/graceful_books/src/services/backup/FileSystemBackup.ts:843:29)
      at C:/Users/Admin/graceful_books/src/services/backup/FileSystemBackup.test.ts:947:26
      at processTicksAndRejections (node:internal/process/task_queues:103:5)
      at file:///C:/Users/Admin/graceful_books/node_modules/@vitest/runner/dist/chunk-artifact.js:1903:20 {
    code: 'DATABASE_ERROR',
    category: 'DATABASE',
    details: undefined,
    field: undefined
  }
}
❌ Retrieval error: AppError: Failed to open file handle database
    at openFileHandleDB (C:/Users/Admin/graceful_books/src/services/backup/FileSystemBackup.ts:682:11)
    at retrieveDirectoryHandle (C:/Users/Admin/graceful_books/src/services/backup/FileSystemBackup.ts:356:22)
    at writeBackupToFile (C:/Users/Admin/graceful_books/src/services/backup/FileSystemBackup.ts:843:29)
    at C:/Users/Admin/graceful_books/src/services/backup/FileSystemBackup.test.ts:947:26
    at processTicksAndRejections (node:internal/process/task_queues:103:5)
    at file:///C:/Users/Admin/graceful_books/node_modules/@vitest/runner/dist/chunk-artifact.js:1903:20 {
  code: 'DATABASE_ERROR',
  category: 'DATABASE',
  details: undefined,
  field: undefined
}

stderr | src/services/backup/FileSystemBackup.test.ts > FileSystemBackup - writeBackupToFile (Task 2.5) > should handle serialization errors
[FileSystemBackup] No directory handle found for backup write 

stdout | src/services/backup/FileSystemBackup.test.ts > FileSystemBackup - writeBackupToFile (Task 2.5) > should handle write errors and abort stream
[FileSystemBackup] Storing directory handle { name: 'BackupFolder' }

stderr | src/services/backup/FileSystemBackup.test.ts > FileSystemBackup - writeBackupToFile (Task 2.5) > should handle write errors and abort stream
[FileSystemBackup] Failed to open file handle database {
  error: TypeError: request.addEventListener is not a function
      at openDB (file:///C:/Users/Admin/graceful_books/node_modules/idb/build/index.js:171:17)
      at openFileHandleDB (C:/Users/Admin/graceful_books/src/services/backup/FileSystemBackup.ts:665:18)
      at storeDirectoryHandle (C:/Users/Admin/graceful_books/src/services/backup/FileSystemBackup.ts:308:22)
      at C:/Users/Admin/graceful_books/src/services/backup/FileSystemBackup.test.ts:959:11
      at file:///C:/Users/Admin/graceful_books/node_modules/@vitest/runner/dist/chunk-artifact.js:302:11
      at file:///C:/Users/Admin/graceful_books/node_modules/@vitest/runner/dist/chunk-artifact.js:1903:26
      at file:///C:/Users/Admin/graceful_books/node_modules/@vitest/runner/dist/chunk-artifact.js:2326:20
      at new Promise (<anonymous>)
      at runWithCancel (file:///C:/Users/Admin/graceful_books/node_modules/@vitest/runner/dist/chunk-artifact.js:2323:10)
      at file:///C:/Users/Admin/graceful_books/node_modules/@vitest/runner/dist/chunk-artifact.js:2305:20
}

stderr | src/services/backup/FileSystemBackup.test.ts > FileSystemBackup - writeBackupToFile (Task 2.5) > should handle write errors and abort stream
[FileSystemBackup] Failed to store directory handle {
  error: AppError: Failed to open file handle database
      at openFileHandleDB (C:/Users/Admin/graceful_books/src/services/backup/FileSystemBackup.ts:682:11)
      at storeDirectoryHandle (C:/Users/Admin/graceful_books/src/services/backup/FileSystemBackup.ts:308:22)
      at C:/Users/Admin/graceful_books/src/services/backup/FileSystemBackup.test.ts:959:11
      at file:///C:/Users/Admin/graceful_books/node_modules/@vitest/runner/dist/chunk-artifact.js:302:11
      at file:///C:/Users/Admin/graceful_books/node_modules/@vitest/runner/dist/chunk-artifact.js:1903:26
      at file:///C:/Users/Admin/graceful_books/node_modules/@vitest/runner/dist/chunk-artifact.js:2326:20
      at new Promise (<anonymous>)
      at runWithCancel (file:///C:/Users/Admin/graceful_books/node_modules/@vitest/runner/dist/chunk-artifact.js:2323:10)
      at file:///C:/Users/Admin/graceful_books/node_modules/@vitest/runner/dist/chunk-artifact.js:2305:20
      at new Promise (<anonymous>) {
    code: 'DATABASE_ERROR',
    category: 'DATABASE',
    details: undefined,
    field: undefined
  }
}
❌ Storage error: AppError: Failed to open file handle database
    at openFileHandleDB (C:/Users/Admin/graceful_books/src/services/backup/FileSystemBackup.ts:682:11)
    at storeDirectoryHandle (C:/Users/Admin/graceful_books/src/services/backup/FileSystemBackup.ts:308:22)
    at C:/Users/Admin/graceful_books/src/services/backup/FileSystemBackup.test.ts:959:11
    at file:///C:/Users/Admin/graceful_books/node_modules/@vitest/runner/dist/chunk-artifact.js:302:11
    at file:///C:/Users/Admin/graceful_books/node_modules/@vitest/runner/dist/chunk-artifact.js:1903:26
    at file:///C:/Users/Admin/graceful_books/node_modules/@vitest/runner/dist/chunk-artifact.js:2326:20
    at new Promise (<anonymous>)
    at runWithCancel (file:///C:/Users/Admin/graceful_books/node_modules/@vitest/runner/dist/chunk-artifact.js:2323:10)
    at file:///C:/Users/Admin/graceful_books/node_modules/@vitest/runner/dist/chunk-artifact.js:2305:20
    at new Promise (<anonymous>) {
  code: 'DATABASE_ERROR',
  category: 'DATABASE',
  details: undefined,
  field: undefined
}

stdout | src/services/backup/FileSystemBackup.test.ts > FileSystemBackup - writeBackupToFile (Task 2.5) > should handle write errors and abort stream
[FileSystemBackup] Writing backup to file { fileName: 'test-backup.encrypted' }
[FileSystemBackup] File System Access API supported { browser: 'Unknown', version: 'Unknown' }
[FileSystemBackup] Retrieving directory handle 

stderr | src/services/backup/FileSystemBackup.test.ts > FileSystemBackup - writeBackupToFile (Task 2.5) > should handle write errors and abort stream
[FileSystemBackup] Failed to open file handle database {
  error: TypeError: request.addEventListener is not a function
      at openDB (file:///C:/Users/Admin/graceful_books/node_modules/idb/build/index.js:171:17)
      at openFileHandleDB (C:/Users/Admin/graceful_books/src/services/backup/FileSystemBackup.ts:665:18)
      at retrieveDirectoryHandle (C:/Users/Admin/graceful_books/src/services/backup/FileSystemBackup.ts:356:22)
      at writeBackupToFile (C:/Users/Admin/graceful_books/src/services/backup/FileSystemBackup.ts:843:29)
      at C:/Users/Admin/graceful_books/src/services/backup/FileSystemBackup.test.ts:973:26
      at processTicksAndRejections (node:internal/process/task_queues:103:5)
      at file:///C:/Users/Admin/graceful_books/node_modules/@vitest/runner/dist/chunk-artifact.js:1903:20
}

stderr | src/services/backup/FileSystemBackup.test.ts > FileSystemBackup - writeBackupToFile (Task 2.5) > should handle write errors and abort stream
[FileSystemBackup] Failed to retrieve directory handle {
  error: AppError: Failed to open file handle database
      at openFileHandleDB (C:/Users/Admin/graceful_books/src/services/backup/FileSystemBackup.ts:682:11)
      at retrieveDirectoryHandle (C:/Users/Admin/graceful_books/src/services/backup/FileSystemBackup.ts:356:22)
      at writeBackupToFile (C:/Users/Admin/graceful_books/src/services/backup/FileSystemBackup.ts:843:29)
      at C:/Users/Admin/graceful_books/src/services/backup/FileSystemBackup.test.ts:973:26
      at processTicksAndRejections (node:internal/process/task_queues:103:5)
      at file:///C:/Users/Admin/graceful_books/node_modules/@vitest/runner/dist/chunk-artifact.js:1903:20 {
    code: 'DATABASE_ERROR',
    category: 'DATABASE',
    details: undefined,
    field: undefined
  }
}
❌ Retrieval error: AppError: Failed to open file handle database
    at openFileHandleDB (C:/Users/Admin/graceful_books/src/services/backup/FileSystemBackup.ts:682:11)
    at retrieveDirectoryHandle (C:/Users/Admin/graceful_books/src/services/backup/FileSystemBackup.ts:356:22)
    at writeBackupToFile (C:/Users/Admin/graceful_books/src/services/backup/FileSystemBackup.ts:843:29)
    at C:/Users/Admin/graceful_books/src/services/backup/FileSystemBackup.test.ts:973:26
    at processTicksAndRejections (node:internal/process/task_queues:103:5)
    at file:///C:/Users/Admin/graceful_books/node_modules/@vitest/runner/dist/chunk-artifact.js:1903:20 {
  code: 'DATABASE_ERROR',
  category: 'DATABASE',
  details: undefined,
  field: undefined
}

stderr | src/services/backup/FileSystemBackup.test.ts > FileSystemBackup - writeBackupToFile (Task 2.5) > should handle write errors and abort stream
[FileSystemBackup] No directory handle found for backup write 

stdout | src/services/backup/FileSystemBackup.test.ts > FileSystemBackup - writeBackupToFile (Task 2.5) > should handle file creation errors
[FileSystemBackup] Storing directory handle { name: 'BackupFolder' }

stderr | src/services/backup/FileSystemBackup.test.ts > FileSystemBackup - writeBackupToFile (Task 2.5) > should handle file creation errors
[FileSystemBackup] Failed to open file handle database {
  error: TypeError: request.addEventListener is not a function
      at openDB (file:///C:/Users/Admin/graceful_books/node_modules/idb/build/index.js:171:17)
      at openFileHandleDB (C:/Users/Admin/graceful_books/src/services/backup/FileSystemBackup.ts:665:18)
      at storeDirectoryHandle (C:/Users/Admin/graceful_books/src/services/backup/FileSystemBackup.ts:308:22)
      at C:/Users/Admin/graceful_books/src/services/backup/FileSystemBackup.test.ts:984:11
      at file:///C:/Users/Admin/graceful_books/node_modules/@vitest/runner/dist/chunk-artifact.js:302:11
      at file:///C:/Users/Admin/graceful_books/node_modules/@vitest/runner/dist/chunk-artifact.js:1903:26
      at file:///C:/Users/Admin/graceful_books/node_modules/@vitest/runner/dist/chunk-artifact.js:2326:20
      at new Promise (<anonymous>)
      at runWithCancel (file:///C:/Users/Admin/graceful_books/node_modules/@vitest/runner/dist/chunk-artifact.js:2323:10)
      at file:///C:/Users/Admin/graceful_books/node_modules/@vitest/runner/dist/chunk-artifact.js:2305:20
}

stderr | src/services/backup/FileSystemBackup.test.ts > FileSystemBackup - writeBackupToFile (Task 2.5) > should handle file creation errors
[FileSystemBackup] Failed to store directory handle {
  error: AppError: Failed to open file handle database
      at openFileHandleDB (C:/Users/Admin/graceful_books/src/services/backup/FileSystemBackup.ts:682:11)
      at storeDirectoryHandle (C:/Users/Admin/graceful_books/src/services/backup/FileSystemBackup.ts:308:22)
      at C:/Users/Admin/graceful_books/src/services/backup/FileSystemBackup.test.ts:984:11
      at file:///C:/Users/Admin/graceful_books/node_modules/@vitest/runner/dist/chunk-artifact.js:302:11
      at file:///C:/Users/Admin/graceful_books/node_modules/@vitest/runner/dist/chunk-artifact.js:1903:26
      at file:///C:/Users/Admin/graceful_books/node_modules/@vitest/runner/dist/chunk-artifact.js:2326:20
      at new Promise (<anonymous>)
      at runWithCancel (file:///C:/Users/Admin/graceful_books/node_modules/@vitest/runner/dist/chunk-artifact.js:2323:10)
      at file:///C:/Users/Admin/graceful_books/node_modules/@vitest/runner/dist/chunk-artifact.js:2305:20
      at new Promise (<anonymous>) {
    code: 'DATABASE_ERROR',
    category: 'DATABASE',
    details: undefined,
    field: undefined
  }
}
❌ Storage error: AppError: Failed to open file handle database
    at openFileHandleDB (C:/Users/Admin/graceful_books/src/services/backup/FileSystemBackup.ts:682:11)
    at storeDirectoryHandle (C:/Users/Admin/graceful_books/src/services/backup/FileSystemBackup.ts:308:22)
    at C:/Users/Admin/graceful_books/src/services/backup/FileSystemBackup.test.ts:984:11
    at file:///C:/Users/Admin/graceful_books/node_modules/@vitest/runner/dist/chunk-artifact.js:302:11
    at file:///C:/Users/Admin/graceful_books/node_modules/@vitest/runner/dist/chunk-artifact.js:1903:26
    at file:///C:/Users/Admin/graceful_books/node_modules/@vitest/runner/dist/chunk-artifact.js:2326:20
    at new Promise (<anonymous>)
    at runWithCancel (file:///C:/Users/Admin/graceful_books/node_modules/@vitest/runner/dist/chunk-artifact.js:2323:10)
    at file:///C:/Users/Admin/graceful_books/node_modules/@vitest/runner/dist/chunk-artifact.js:2305:20
    at new Promise (<anonymous>) {
  code: 'DATABASE_ERROR',
  category: 'DATABASE',
  details: undefined,
  field: undefined
}

stdout | src/services/backup/FileSystemBackup.test.ts > FileSystemBackup - writeBackupToFile (Task 2.5) > should handle file creation errors
[FileSystemBackup] Writing backup to file { fileName: 'test-backup.encrypted' }
[FileSystemBackup] File System Access API supported { browser: 'Unknown', version: 'Unknown' }
[FileSystemBackup] Retrieving directory handle 

stderr | src/services/backup/FileSystemBackup.test.ts > FileSystemBackup - writeBackupToFile (Task 2.5) > should handle file creation errors
[FileSystemBackup] Failed to open file handle database {
  error: TypeError: request.addEventListener is not a function
      at openDB (file:///C:/Users/Admin/graceful_books/node_modules/idb/build/index.js:171:17)
      at openFileHandleDB (C:/Users/Admin/graceful_books/src/services/backup/FileSystemBackup.ts:665:18)
      at retrieveDirectoryHandle (C:/Users/Admin/graceful_books/src/services/backup/FileSystemBackup.ts:356:22)
      at writeBackupToFile (C:/Users/Admin/graceful_books/src/services/backup/FileSystemBackup.ts:843:29)
      at C:/Users/Admin/graceful_books/src/services/backup/FileSystemBackup.test.ts:992:26
      at processTicksAndRejections (node:internal/process/task_queues:103:5)
      at file:///C:/Users/Admin/graceful_books/node_modules/@vitest/runner/dist/chunk-artifact.js:1903:20
}

stderr | src/services/backup/FileSystemBackup.test.ts > FileSystemBackup - writeBackupToFile (Task 2.5) > should handle file creation errors
[FileSystemBackup] Failed to retrieve directory handle {
  error: AppError: Failed to open file handle database
      at openFileHandleDB (C:/Users/Admin/graceful_books/src/services/backup/FileSystemBackup.ts:682:11)
      at retrieveDirectoryHandle (C:/Users/Admin/graceful_books/src/services/backup/FileSystemBackup.ts:356:22)
      at writeBackupToFile (C:/Users/Admin/graceful_books/src/services/backup/FileSystemBackup.ts:843:29)
      at C:/Users/Admin/graceful_books/src/services/backup/FileSystemBackup.test.ts:992:26
      at processTicksAndRejections (node:internal/process/task_queues:103:5)
      at file:///C:/Users/Admin/graceful_books/node_modules/@vitest/runner/dist/chunk-artifact.js:1903:20 {
    code: 'DATABASE_ERROR',
    category: 'DATABASE',
    details: undefined,
    field: undefined
  }
}
❌ Retrieval error: AppError: Failed to open file handle database
    at openFileHandleDB (C:/Users/Admin/graceful_books/src/services/backup/FileSystemBackup.ts:682:11)
    at retrieveDirectoryHandle (C:/Users/Admin/graceful_books/src/services/backup/FileSystemBackup.ts:356:22)
    at writeBackupToFile (C:/Users/Admin/graceful_books/src/services/backup/FileSystemBackup.ts:843:29)
    at C:/Users/Admin/graceful_books/src/services/backup/FileSystemBackup.test.ts:992:26
    at processTicksAndRejections (node:internal/process/task_queues:103:5)
    at file:///C:/Users/Admin/graceful_books/node_modules/@vitest/runner/dist/chunk-artifact.js:1903:20 {
  code: 'DATABASE_ERROR',
  category: 'DATABASE',
  details: undefined,
  field: undefined
}

stderr | src/services/backup/FileSystemBackup.test.ts > FileSystemBackup - writeBackupToFile (Task 2.5) > should handle file creation errors
[FileSystemBackup] No directory handle found for backup write 

stdout | src/services/backup/FileSystemBackup.test.ts > FileSystemBackup - writeBackupToFile (Task 2.5) > should serialize bundle with pretty printing
[FileSystemBackup] Storing directory handle { name: 'BackupFolder' }

stderr | src/services/backup/FileSystemBackup.test.ts > FileSystemBackup - writeBackupToFile (Task 2.5) > should serialize bundle with pretty printing
[FileSystemBackup] Failed to open file handle database {
  error: TypeError: request.addEventListener is not a function
      at openDB (file:///C:/Users/Admin/graceful_books/node_modules/idb/build/index.js:171:17)
      at openFileHandleDB (C:/Users/Admin/graceful_books/src/services/backup/FileSystemBackup.ts:665:18)
      at storeDirectoryHandle (C:/Users/Admin/graceful_books/src/services/backup/FileSystemBackup.ts:308:22)
      at C:/Users/Admin/graceful_books/src/services/backup/FileSystemBackup.test.ts:1017:11
      at file:///C:/Users/Admin/graceful_books/node_modules/@vitest/runner/dist/chunk-artifact.js:302:11
      at file:///C:/Users/Admin/graceful_books/node_modules/@vitest/runner/dist/chunk-artifact.js:1903:26
      at file:///C:/Users/Admin/graceful_books/node_modules/@vitest/runner/dist/chunk-artifact.js:2326:20
      at new Promise (<anonymous>)
      at runWithCancel (file:///C:/Users/Admin/graceful_books/node_modules/@vitest/runner/dist/chunk-artifact.js:2323:10)
      at file:///C:/Users/Admin/graceful_books/node_modules/@vitest/runner/dist/chunk-artifact.js:2305:20
}

stderr | src/services/backup/FileSystemBackup.test.ts > FileSystemBackup - writeBackupToFile (Task 2.5) > should serialize bundle with pretty printing
[FileSystemBackup] Failed to store directory handle {
  error: AppError: Failed to open file handle database
      at openFileHandleDB (C:/Users/Admin/graceful_books/src/services/backup/FileSystemBackup.ts:682:11)
      at storeDirectoryHandle (C:/Users/Admin/graceful_books/src/services/backup/FileSystemBackup.ts:308:22)
      at C:/Users/Admin/graceful_books/src/services/backup/FileSystemBackup.test.ts:1017:11
      at file:///C:/Users/Admin/graceful_books/node_modules/@vitest/runner/dist/chunk-artifact.js:302:11
      at file:///C:/Users/Admin/graceful_books/node_modules/@vitest/runner/dist/chunk-artifact.js:1903:26
      at file:///C:/Users/Admin/graceful_books/node_modules/@vitest/runner/dist/chunk-artifact.js:2326:20
      at new Promise (<anonymous>)
      at runWithCancel (file:///C:/Users/Admin/graceful_books/node_modules/@vitest/runner/dist/chunk-artifact.js:2323:10)
      at file:///C:/Users/Admin/graceful_books/node_modules/@vitest/runner/dist/chunk-artifact.js:2305:20
      at new Promise (<anonymous>) {
    code: 'DATABASE_ERROR',
    category: 'DATABASE',
    details: undefined,
    field: undefined
  }
}
❌ Storage error: AppError: Failed to open file handle database
    at openFileHandleDB (C:/Users/Admin/graceful_books/src/services/backup/FileSystemBackup.ts:682:11)
    at storeDirectoryHandle (C:/Users/Admin/graceful_books/src/services/backup/FileSystemBackup.ts:308:22)
    at C:/Users/Admin/graceful_books/src/services/backup/FileSystemBackup.test.ts:1017:11
    at file:///C:/Users/Admin/graceful_books/node_modules/@vitest/runner/dist/chunk-artifact.js:302:11
    at file:///C:/Users/Admin/graceful_books/node_modules/@vitest/runner/dist/chunk-artifact.js:1903:26
    at file:///C:/Users/Admin/graceful_books/node_modules/@vitest/runner/dist/chunk-artifact.js:2326:20
    at new Promise (<anonymous>)
    at runWithCancel (file:///C:/Users/Admin/graceful_books/node_modules/@vitest/runner/dist/chunk-artifact.js:2323:10)
    at file:///C:/Users/Admin/graceful_books/node_modules/@vitest/runner/dist/chunk-artifact.js:2305:20
    at new Promise (<anonymous>) {
  code: 'DATABASE_ERROR',
  category: 'DATABASE',
  details: undefined,
  field: undefined
}

stdout | src/services/backup/FileSystemBackup.test.ts > FileSystemBackup - writeBackupToFile (Task 2.5) > should serialize bundle with pretty printing
[FileSystemBackup] Writing backup to file { fileName: 'test-backup.encrypted' }
[FileSystemBackup] File System Access API supported { browser: 'Unknown', version: 'Unknown' }
[FileSystemBackup] Retrieving directory handle 

stderr | src/services/backup/FileSystemBackup.test.ts > FileSystemBackup - writeBackupToFile (Task 2.5) > should serialize bundle with pretty printing
[FileSystemBackup] Failed to open file handle database {
  error: TypeError: request.addEventListener is not a function
      at openDB (file:///C:/Users/Admin/graceful_books/node_modules/idb/build/index.js:171:17)
      at openFileHandleDB (C:/Users/Admin/graceful_books/src/services/backup/FileSystemBackup.ts:665:18)
      at retrieveDirectoryHandle (C:/Users/Admin/graceful_books/src/services/backup/FileSystemBackup.ts:356:22)
      at writeBackupToFile (C:/Users/Admin/graceful_books/src/services/backup/FileSystemBackup.ts:843:29)
      at C:/Users/Admin/graceful_books/src/services/backup/FileSystemBackup.test.ts:1035:11
      at processTicksAndRejections (node:internal/process/task_queues:103:5)
      at file:///C:/Users/Admin/graceful_books/node_modules/@vitest/runner/dist/chunk-artifact.js:1903:20
}

stderr | src/services/backup/FileSystemBackup.test.ts > FileSystemBackup - writeBackupToFile (Task 2.5) > should serialize bundle with pretty printing
[FileSystemBackup] Failed to retrieve directory handle {
  error: AppError: Failed to open file handle database
      at openFileHandleDB (C:/Users/Admin/graceful_books/src/services/backup/FileSystemBackup.ts:682:11)
      at retrieveDirectoryHandle (C:/Users/Admin/graceful_books/src/services/backup/FileSystemBackup.ts:356:22)
      at writeBackupToFile (C:/Users/Admin/graceful_books/src/services/backup/FileSystemBackup.ts:843:29)
      at C:/Users/Admin/graceful_books/src/services/backup/FileSystemBackup.test.ts:1035:11
      at processTicksAndRejections (node:internal/process/task_queues:103:5)
      at file:///C:/Users/Admin/graceful_books/node_modules/@vitest/runner/dist/chunk-artifact.js:1903:20 {
    code: 'DATABASE_ERROR',
    category: 'DATABASE',
    details: undefined,
    field: undefined
  }
}
❌ Retrieval error: AppError: Failed to open file handle database
    at openFileHandleDB (C:/Users/Admin/graceful_books/src/services/backup/FileSystemBackup.ts:682:11)
    at retrieveDirectoryHandle (C:/Users/Admin/graceful_books/src/services/backup/FileSystemBackup.ts:356:22)
    at writeBackupToFile (C:/Users/Admin/graceful_books/src/services/backup/FileSystemBackup.ts:843:29)
    at C:/Users/Admin/graceful_books/src/services/backup/FileSystemBackup.test.ts:1035:11
    at processTicksAndRejections (node:internal/process/task_queues:103:5)
    at file:///C:/Users/Admin/graceful_books/node_modules/@vitest/runner/dist/chunk-artifact.js:1903:20 {
  code: 'DATABASE_ERROR',
  category: 'DATABASE',
  details: undefined,
  field: undefined
}

stderr | src/services/backup/FileSystemBackup.test.ts > FileSystemBackup - writeBackupToFile (Task 2.5) > should serialize bundle with pretty printing
[FileSystemBackup] No directory handle found for backup write 

stdout | src/services/backup/FileSystemBackup.test.ts > FileSystemBackup - writeBackupToFile (Task 2.5) > should track all progress phases in order
[FileSystemBackup] Storing directory handle { name: 'BackupFolder' }

stderr | src/services/backup/FileSystemBackup.test.ts > FileSystemBackup - writeBackupToFile (Task 2.5) > should track all progress phases in order
[FileSystemBackup] Failed to open file handle database {
  error: TypeError: request.addEventListener is not a function
      at openDB (file:///C:/Users/Admin/graceful_books/node_modules/idb/build/index.js:171:17)
      at openFileHandleDB (C:/Users/Admin/graceful_books/src/services/backup/FileSystemBackup.ts:665:18)
      at storeDirectoryHandle (C:/Users/Admin/graceful_books/src/services/backup/FileSystemBackup.ts:308:22)
      at C:/Users/Admin/graceful_books/src/services/backup/FileSystemBackup.test.ts:1046:11
      at file:///C:/Users/Admin/graceful_books/node_modules/@vitest/runner/dist/chunk-artifact.js:302:11
      at file:///C:/Users/Admin/graceful_books/node_modules/@vitest/runner/dist/chunk-artifact.js:1903:26
      at file:///C:/Users/Admin/graceful_books/node_modules/@vitest/runner/dist/chunk-artifact.js:2326:20
      at new Promise (<anonymous>)
      at runWithCancel (file:///C:/Users/Admin/graceful_books/node_modules/@vitest/runner/dist/chunk-artifact.js:2323:10)
      at file:///C:/Users/Admin/graceful_books/node_modules/@vitest/runner/dist/chunk-artifact.js:2305:20
}

stderr | src/services/backup/FileSystemBackup.test.ts > FileSystemBackup - writeBackupToFile (Task 2.5) > should track all progress phases in order
[FileSystemBackup] Failed to store directory handle {
  error: AppError: Failed to open file handle database
      at openFileHandleDB (C:/Users/Admin/graceful_books/src/services/backup/FileSystemBackup.ts:682:11)
      at storeDirectoryHandle (C:/Users/Admin/graceful_books/src/services/backup/FileSystemBackup.ts:308:22)
      at C:/Users/Admin/graceful_books/src/services/backup/FileSystemBackup.test.ts:1046:11
      at file:///C:/Users/Admin/graceful_books/node_modules/@vitest/runner/dist/chunk-artifact.js:302:11
      at file:///C:/Users/Admin/graceful_books/node_modules/@vitest/runner/dist/chunk-artifact.js:1903:26
      at file:///C:/Users/Admin/graceful_books/node_modules/@vitest/runner/dist/chunk-artifact.js:2326:20
      at new Promise (<anonymous>)
      at runWithCancel (file:///C:/Users/Admin/graceful_books/node_modules/@vitest/runner/dist/chunk-artifact.js:2323:10)
      at file:///C:/Users/Admin/graceful_books/node_modules/@vitest/runner/dist/chunk-artifact.js:2305:20
      at new Promise (<anonymous>) {
    code: 'DATABASE_ERROR',
    category: 'DATABASE',
    details: undefined,
    field: undefined
  }
}
❌ Storage error: AppError: Failed to open file handle database
    at openFileHandleDB (C:/Users/Admin/graceful_books/src/services/backup/FileSystemBackup.ts:682:11)
    at storeDirectoryHandle (C:/Users/Admin/graceful_books/src/services/backup/FileSystemBackup.ts:308:22)
    at C:/Users/Admin/graceful_books/src/services/backup/FileSystemBackup.test.ts:1046:11
    at file:///C:/Users/Admin/graceful_books/node_modules/@vitest/runner/dist/chunk-artifact.js:302:11
    at file:///C:/Users/Admin/graceful_books/node_modules/@vitest/runner/dist/chunk-artifact.js:1903:26
    at file:///C:/Users/Admin/graceful_books/node_modules/@vitest/runner/dist/chunk-artifact.js:2326:20
    at new Promise (<anonymous>)
    at runWithCancel (file:///C:/Users/Admin/graceful_books/node_modules/@vitest/runner/dist/chunk-artifact.js:2323:10)
    at file:///C:/Users/Admin/graceful_books/node_modules/@vitest/runner/dist/chunk-artifact.js:2305:20
    at new Promise (<anonymous>) {
  code: 'DATABASE_ERROR',
  category: 'DATABASE',
  details: undefined,
  field: undefined
}

stdout | src/services/backup/FileSystemBackup.test.ts > FileSystemBackup - writeBackupToFile (Task 2.5) > should track all progress phases in order
[FileSystemBackup] Writing backup to file { fileName: 'test-backup.encrypted' }
[FileSystemBackup] File System Access API supported { browser: 'Unknown', version: 'Unknown' }
[FileSystemBackup] Retrieving directory handle 

stderr | src/services/backup/FileSystemBackup.test.ts > FileSystemBackup - writeBackupToFile (Task 2.5) > should track all progress phases in order
[FileSystemBackup] Failed to open file handle database {
  error: TypeError: request.addEventListener is not a function
      at openDB (file:///C:/Users/Admin/graceful_books/node_modules/idb/build/index.js:171:17)
      at openFileHandleDB (C:/Users/Admin/graceful_books/src/services/backup/FileSystemBackup.ts:665:18)
      at retrieveDirectoryHandle (C:/Users/Admin/graceful_books/src/services/backup/FileSystemBackup.ts:356:22)
      at writeBackupToFile (C:/Users/Admin/graceful_books/src/services/backup/FileSystemBackup.ts:843:29)
      at C:/Users/Admin/graceful_books/src/services/backup/FileSystemBackup.test.ts:1055:11
      at processTicksAndRejections (node:internal/process/task_queues:103:5)
      at file:///C:/Users/Admin/graceful_books/node_modules/@vitest/runner/dist/chunk-artifact.js:1903:20
}

stderr | src/services/backup/FileSystemBackup.test.ts > FileSystemBackup - writeBackupToFile (Task 2.5) > should track all progress phases in order
[FileSystemBackup] Failed to retrieve directory handle {
  error: AppError: Failed to open file handle database
      at openFileHandleDB (C:/Users/Admin/graceful_books/src/services/backup/FileSystemBackup.ts:682:11)
      at retrieveDirectoryHandle (C:/Users/Admin/graceful_books/src/services/backup/FileSystemBackup.ts:356:22)
      at writeBackupToFile (C:/Users/Admin/graceful_books/src/services/backup/FileSystemBackup.ts:843:29)
      at C:/Users/Admin/graceful_books/src/services/backup/FileSystemBackup.test.ts:1055:11
      at processTicksAndRejections (node:internal/process/task_queues:103:5)
      at file:///C:/Users/Admin/graceful_books/node_modules/@vitest/runner/dist/chunk-artifact.js:1903:20 {
    code: 'DATABASE_ERROR',
    category: 'DATABASE',
    details: undefined,
    field: undefined
  }
}
❌ Retrieval error: AppError: Failed to open file handle database
    at openFileHandleDB (C:/Users/Admin/graceful_books/src/services/backup/FileSystemBackup.ts:682:11)
    at retrieveDirectoryHandle (C:/Users/Admin/graceful_books/src/services/backup/FileSystemBackup.ts:356:22)
    at writeBackupToFile (C:/Users/Admin/graceful_books/src/services/backup/FileSystemBackup.ts:843:29)
    at C:/Users/Admin/graceful_books/src/services/backup/FileSystemBackup.test.ts:1055:11
    at processTicksAndRejections (node:internal/process/task_queues:103:5)
    at file:///C:/Users/Admin/graceful_books/node_modules/@vitest/runner/dist/chunk-artifact.js:1903:20 {
  code: 'DATABASE_ERROR',
  category: 'DATABASE',
  details: undefined,
  field: undefined
}

stderr | src/services/backup/FileSystemBackup.test.ts > FileSystemBackup - writeBackupToFile (Task 2.5) > should track all progress phases in order
[FileSystemBackup] No directory handle found for backup write 

stdout | src/services/backup/FileSystemBackup.test.ts > FileSystemBackup - writeBackupToFile (Task 2.5) > should include total bytes in progress updates
[FileSystemBackup] Storing directory handle { name: 'BackupFolder' }

stderr | src/services/backup/FileSystemBackup.test.ts > FileSystemBackup - writeBackupToFile (Task 2.5) > should include total bytes in progress updates
[FileSystemBackup] Failed to open file handle database {
  error: TypeError: request.addEventListener is not a function
      at openDB (file:///C:/Users/Admin/graceful_books/node_modules/idb/build/index.js:171:17)
      at openFileHandleDB (C:/Users/Admin/graceful_books/src/services/backup/FileSystemBackup.ts:665:18)
      at storeDirectoryHandle (C:/Users/Admin/graceful_books/src/services/backup/FileSystemBackup.ts:308:22)
      at C:/Users/Admin/graceful_books/src/services/backup/FileSystemBackup.test.ts:1077:11
      at file:///C:/Users/Admin/graceful_books/node_modules/@vitest/runner/dist/chunk-artifact.js:302:11
      at file:///C:/Users/Admin/graceful_books/node_modules/@vitest/runner/dist/chunk-artifact.js:1903:26
      at file:///C:/Users/Admin/graceful_books/node_modules/@vitest/runner/dist/chunk-artifact.js:2326:20
      at new Promise (<anonymous>)
      at runWithCancel (file:///C:/Users/Admin/graceful_books/node_modules/@vitest/runner/dist/chunk-artifact.js:2323:10)
      at file:///C:/Users/Admin/graceful_books/node_modules/@vitest/runner/dist/chunk-artifact.js:2305:20
}

stderr | src/services/backup/FileSystemBackup.test.ts > FileSystemBackup - writeBackupToFile (Task 2.5) > should include total bytes in progress updates
[FileSystemBackup] Failed to store directory handle {
  error: AppError: Failed to open file handle database
      at openFileHandleDB (C:/Users/Admin/graceful_books/src/services/backup/FileSystemBackup.ts:682:11)
      at storeDirectoryHandle (C:/Users/Admin/graceful_books/src/services/backup/FileSystemBackup.ts:308:22)
      at C:/Users/Admin/graceful_books/src/services/backup/FileSystemBackup.test.ts:1077:11
      at file:///C:/Users/Admin/graceful_books/node_modules/@vitest/runner/dist/chunk-artifact.js:302:11
      at file:///C:/Users/Admin/graceful_books/node_modules/@vitest/runner/dist/chunk-artifact.js:1903:26
      at file:///C:/Users/Admin/graceful_books/node_modules/@vitest/runner/dist/chunk-artifact.js:2326:20
      at new Promise (<anonymous>)
      at runWithCancel (file:///C:/Users/Admin/graceful_books/node_modules/@vitest/runner/dist/chunk-artifact.js:2323:10)
      at file:///C:/Users/Admin/graceful_books/node_modules/@vitest/runner/dist/chunk-artifact.js:2305:20
      at new Promise (<anonymous>) {
    code: 'DATABASE_ERROR',
    category: 'DATABASE',
    details: undefined,
    field: undefined
  }
}
❌ Storage error: AppError: Failed to open file handle database
    at openFileHandleDB (C:/Users/Admin/graceful_books/src/services/backup/FileSystemBackup.ts:682:11)
    at storeDirectoryHandle (C:/Users/Admin/graceful_books/src/services/backup/FileSystemBackup.ts:308:22)
    at C:/Users/Admin/graceful_books/src/services/backup/FileSystemBackup.test.ts:1077:11
    at file:///C:/Users/Admin/graceful_books/node_modules/@vitest/runner/dist/chunk-artifact.js:302:11
    at file:///C:/Users/Admin/graceful_books/node_modules/@vitest/runner/dist/chunk-artifact.js:1903:26
    at file:///C:/Users/Admin/graceful_books/node_modules/@vitest/runner/dist/chunk-artifact.js:2326:20
    at new Promise (<anonymous>)
    at runWithCancel (file:///C:/Users/Admin/graceful_books/node_modules/@vitest/runner/dist/chunk-artifact.js:2323:10)
    at file:///C:/Users/Admin/graceful_books/node_modules/@vitest/runner/dist/chunk-artifact.js:2305:20
    at new Promise (<anonymous>) {
  code: 'DATABASE_ERROR',
  category: 'DATABASE',
  details: undefined,
  field: undefined
}

stdout | src/services/backup/FileSystemBackup.test.ts > FileSystemBackup - writeBackupToFile (Task 2.5) > should include total bytes in progress updates
[FileSystemBackup] Writing backup to file { fileName: 'test-backup.encrypted' }
[FileSystemBackup] File System Access API supported { browser: 'Unknown', version: 'Unknown' }
[FileSystemBackup] Retrieving directory handle 

stderr | src/services/backup/FileSystemBackup.test.ts > FileSystemBackup - writeBackupToFile (Task 2.5) > should include total bytes in progress updates
[FileSystemBackup] Failed to open file handle database {
  error: TypeError: request.addEventListener is not a function
      at openDB (file:///C:/Users/Admin/graceful_books/node_modules/idb/build/index.js:171:17)
      at openFileHandleDB (C:/Users/Admin/graceful_books/src/services/backup/FileSystemBackup.ts:665:18)
      at retrieveDirectoryHandle (C:/Users/Admin/graceful_books/src/services/backup/FileSystemBackup.ts:356:22)
      at writeBackupToFile (C:/Users/Admin/graceful_books/src/services/backup/FileSystemBackup.ts:843:29)
      at C:/Users/Admin/graceful_books/src/services/backup/FileSystemBackup.test.ts:1088:11
      at processTicksAndRejections (node:internal/process/task_queues:103:5)
      at file:///C:/Users/Admin/graceful_books/node_modules/@vitest/runner/dist/chunk-artifact.js:1903:20
}

stderr | src/services/backup/FileSystemBackup.test.ts > FileSystemBackup - writeBackupToFile (Task 2.5) > should include total bytes in progress updates
[FileSystemBackup] Failed to retrieve directory handle {
  error: AppError: Failed to open file handle database
      at openFileHandleDB (C:/Users/Admin/graceful_books/src/services/backup/FileSystemBackup.ts:682:11)
      at retrieveDirectoryHandle (C:/Users/Admin/graceful_books/src/services/backup/FileSystemBackup.ts:356:22)
      at writeBackupToFile (C:/Users/Admin/graceful_books/src/services/backup/FileSystemBackup.ts:843:29)
      at C:/Users/Admin/graceful_books/src/services/backup/FileSystemBackup.test.ts:1088:11
      at processTicksAndRejections (node:internal/process/task_queues:103:5)
      at file:///C:/Users/Admin/graceful_books/node_modules/@vitest/runner/dist/chunk-artifact.js:1903:20 {
    code: 'DATABASE_ERROR',
    category: 'DATABASE',
    details: undefined,
    field: undefined
  }
}
❌ Retrieval error: AppError: Failed to open file handle database
    at openFileHandleDB (C:/Users/Admin/graceful_books/src/services/backup/FileSystemBackup.ts:682:11)
    at retrieveDirectoryHandle (C:/Users/Admin/graceful_books/src/services/backup/FileSystemBackup.ts:356:22)
    at writeBackupToFile (C:/Users/Admin/graceful_books/src/services/backup/FileSystemBackup.ts:843:29)
    at C:/Users/Admin/graceful_books/src/services/backup/FileSystemBackup.test.ts:1088:11
    at processTicksAndRejections (node:internal/process/task_queues:103:5)
    at file:///C:/Users/Admin/graceful_books/node_modules/@vitest/runner/dist/chunk-artifact.js:1903:20 {
  code: 'DATABASE_ERROR',
  category: 'DATABASE',
  details: undefined,
  field: undefined
}

stderr | src/services/backup/FileSystemBackup.test.ts > FileSystemBackup - writeBackupToFile (Task 2.5) > should include total bytes in progress updates
[FileSystemBackup] No directory handle found for backup write 

stdout | src/services/backup/FileSystemBackup.test.ts > FileSystemBackup - writeBackupToFile (Task 2.5) > should handle large backup bundles
[FileSystemBackup] Storing directory handle { name: 'BackupFolder' }

stderr | src/services/backup/FileSystemBackup.test.ts > FileSystemBackup - writeBackupToFile (Task 2.5) > should handle large backup bundles
[FileSystemBackup] Failed to open file handle database {
  error: TypeError: request.addEventListener is not a function
      at openDB (file:///C:/Users/Admin/graceful_books/node_modules/idb/build/index.js:171:17)
      at openFileHandleDB (C:/Users/Admin/graceful_books/src/services/backup/FileSystemBackup.ts:665:18)
      at storeDirectoryHandle (C:/Users/Admin/graceful_books/src/services/backup/FileSystemBackup.ts:308:22)
      at C:/Users/Admin/graceful_books/src/services/backup/FileSystemBackup.test.ts:1100:11
      at file:///C:/Users/Admin/graceful_books/node_modules/@vitest/runner/dist/chunk-artifact.js:302:11
      at file:///C:/Users/Admin/graceful_books/node_modules/@vitest/runner/dist/chunk-artifact.js:1903:26
      at file:///C:/Users/Admin/graceful_books/node_modules/@vitest/runner/dist/chunk-artifact.js:2326:20
      at new Promise (<anonymous>)
      at runWithCancel (file:///C:/Users/Admin/graceful_books/node_modules/@vitest/runner/dist/chunk-artifact.js:2323:10)
      at file:///C:/Users/Admin/graceful_books/node_modules/@vitest/runner/dist/chunk-artifact.js:2305:20
}

stderr | src/services/backup/FileSystemBackup.test.ts > FileSystemBackup - writeBackupToFile (Task 2.5) > should handle large backup bundles
[FileSystemBackup] Failed to store directory handle {
  error: AppError: Failed to open file handle database
      at openFileHandleDB (C:/Users/Admin/graceful_books/src/services/backup/FileSystemBackup.ts:682:11)
      at storeDirectoryHandle (C:/Users/Admin/graceful_books/src/services/backup/FileSystemBackup.ts:308:22)
      at C:/Users/Admin/graceful_books/src/services/backup/FileSystemBackup.test.ts:1100:11
      at file:///C:/Users/Admin/graceful_books/node_modules/@vitest/runner/dist/chunk-artifact.js:302:11
      at file:///C:/Users/Admin/graceful_books/node_modules/@vitest/runner/dist/chunk-artifact.js:1903:26
      at file:///C:/Users/Admin/graceful_books/node_modules/@vitest/runner/dist/chunk-artifact.js:2326:20
      at new Promise (<anonymous>)
      at runWithCancel (file:///C:/Users/Admin/graceful_books/node_modules/@vitest/runner/dist/chunk-artifact.js:2323:10)
      at file:///C:/Users/Admin/graceful_books/node_modules/@vitest/runner/dist/chunk-artifact.js:2305:20
      at new Promise (<anonymous>) {
    code: 'DATABASE_ERROR',
    category: 'DATABASE',
    details: undefined,
    field: undefined
  }
}
❌ Storage error: AppError: Failed to open file handle database
    at openFileHandleDB (C:/Users/Admin/graceful_books/src/services/backup/FileSystemBackup.ts:682:11)
    at storeDirectoryHandle (C:/Users/Admin/graceful_books/src/services/backup/FileSystemBackup.ts:308:22)
    at C:/Users/Admin/graceful_books/src/services/backup/FileSystemBackup.test.ts:1100:11
    at file:///C:/Users/Admin/graceful_books/node_modules/@vitest/runner/dist/chunk-artifact.js:302:11
    at file:///C:/Users/Admin/graceful_books/node_modules/@vitest/runner/dist/chunk-artifact.js:1903:26
    at file:///C:/Users/Admin/graceful_books/node_modules/@vitest/runner/dist/chunk-artifact.js:2326:20
    at new Promise (<anonymous>)
    at runWithCancel (file:///C:/Users/Admin/graceful_books/node_modules/@vitest/runner/dist/chunk-artifact.js:2323:10)
    at file:///C:/Users/Admin/graceful_books/node_modules/@vitest/runner/dist/chunk-artifact.js:2305:20
    at new Promise (<anonymous>) {
  code: 'DATABASE_ERROR',
  category: 'DATABASE',
  details: undefined,
  field: undefined
}

stdout | src/services/backup/FileSystemBackup.test.ts > FileSystemBackup - writeBackupToFile (Task 2.5) > should handle large backup bundles
[FileSystemBackup] Writing backup to file { fileName: 'large-backup.encrypted' }
[FileSystemBackup] File System Access API supported { browser: 'Unknown', version: 'Unknown' }
[FileSystemBackup] Retrieving directory handle 

stderr | src/services/backup/FileSystemBackup.test.ts > FileSystemBackup - writeBackupToFile (Task 2.5) > should handle large backup bundles
[FileSystemBackup] Failed to open file handle database {
  error: TypeError: request.addEventListener is not a function
      at openDB (file:///C:/Users/Admin/graceful_books/node_modules/idb/build/index.js:171:17)
      at openFileHandleDB (C:/Users/Admin/graceful_books/src/services/backup/FileSystemBackup.ts:665:18)
      at retrieveDirectoryHandle (C:/Users/Admin/graceful_books/src/services/backup/FileSystemBackup.ts:356:22)
      at writeBackupToFile (C:/Users/Admin/graceful_books/src/services/backup/FileSystemBackup.ts:843:29)
      at C:/Users/Admin/graceful_books/src/services/backup/FileSystemBackup.test.ts:1106:26
      at processTicksAndRejections (node:internal/process/task_queues:103:5)
      at file:///C:/Users/Admin/graceful_books/node_modules/@vitest/runner/dist/chunk-artifact.js:1903:20
}

stderr | src/services/backup/FileSystemBackup.test.ts > FileSystemBackup - writeBackupToFile (Task 2.5) > should handle large backup bundles
[FileSystemBackup] Failed to retrieve directory handle {
  error: AppError: Failed to open file handle database
      at openFileHandleDB (C:/Users/Admin/graceful_books/src/services/backup/FileSystemBackup.ts:682:11)
      at retrieveDirectoryHandle (C:/Users/Admin/graceful_books/src/services/backup/FileSystemBackup.ts:356:22)
      at writeBackupToFile (C:/Users/Admin/graceful_books/src/services/backup/FileSystemBackup.ts:843:29)
      at C:/Users/Admin/graceful_books/src/services/backup/FileSystemBackup.test.ts:1106:26
      at processTicksAndRejections (node:internal/process/task_queues:103:5)
      at file:///C:/Users/Admin/graceful_books/node_modules/@vitest/runner/dist/chunk-artifact.js:1903:20 {
    code: 'DATABASE_ERROR',
    category: 'DATABASE',
    details: undefined,
    field: undefined
  }
}
❌ Retrieval error: AppError: Failed to open file handle database
    at openFileHandleDB (C:/Users/Admin/graceful_books/src/services/backup/FileSystemBackup.ts:682:11)
    at retrieveDirectoryHandle (C:/Users/Admin/graceful_books/src/services/backup/FileSystemBackup.ts:356:22)
    at writeBackupToFile (C:/Users/Admin/graceful_books/src/services/backup/FileSystemBackup.ts:843:29)
    at C:/Users/Admin/graceful_books/src/services/backup/FileSystemBackup.test.ts:1106:26
    at processTicksAndRejections (node:internal/process/task_queues:103:5)
    at file:///C:/Users/Admin/graceful_books/node_modules/@vitest/runner/dist/chunk-artifact.js:1903:20 {
  code: 'DATABASE_ERROR',
  category: 'DATABASE',
  details: undefined,
  field: undefined
}

stderr | src/services/backup/FileSystemBackup.test.ts > FileSystemBackup - writeBackupToFile (Task 2.5) > should handle large backup bundles
[FileSystemBackup] No directory handle found for backup write 

stdout | src/services/backup/FileSystemBackup.test.ts > FileSystemBackup - writeBackupToFile (Task 2.5) > should handle permission prompt state
[FileSystemBackup] Storing directory handle { name: 'BackupFolder' }

stderr | src/services/backup/FileSystemBackup.test.ts > FileSystemBackup - writeBackupToFile (Task 2.5) > should handle permission prompt state
[FileSystemBackup] Failed to open file handle database {
  error: TypeError: request.addEventListener is not a function
      at openDB (file:///C:/Users/Admin/graceful_books/node_modules/idb/build/index.js:171:17)
      at openFileHandleDB (C:/Users/Admin/graceful_books/src/services/backup/FileSystemBackup.ts:665:18)
      at storeDirectoryHandle (C:/Users/Admin/graceful_books/src/services/backup/FileSystemBackup.ts:308:22)
      at C:/Users/Admin/graceful_books/src/services/backup/FileSystemBackup.test.ts:1117:11
      at file:///C:/Users/Admin/graceful_books/node_modules/@vitest/runner/dist/chunk-artifact.js:302:11
      at file:///C:/Users/Admin/graceful_books/node_modules/@vitest/runner/dist/chunk-artifact.js:1903:26
      at file:///C:/Users/Admin/graceful_books/node_modules/@vitest/runner/dist/chunk-artifact.js:2326:20
      at new Promise (<anonymous>)
      at runWithCancel (file:///C:/Users/Admin/graceful_books/node_modules/@vitest/runner/dist/chunk-artifact.js:2323:10)
      at file:///C:/Users/Admin/graceful_books/node_modules/@vitest/runner/dist/chunk-artifact.js:2305:20
}

stderr | src/services/backup/FileSystemBackup.test.ts > FileSystemBackup - writeBackupToFile (Task 2.5) > should handle permission prompt state
[FileSystemBackup] Failed to store directory handle {
  error: AppError: Failed to open file handle database
      at openFileHandleDB (C:/Users/Admin/graceful_books/src/services/backup/FileSystemBackup.ts:682:11)
      at storeDirectoryHandle (C:/Users/Admin/graceful_books/src/services/backup/FileSystemBackup.ts:308:22)
      at C:/Users/Admin/graceful_books/src/services/backup/FileSystemBackup.test.ts:1117:11
      at file:///C:/Users/Admin/graceful_books/node_modules/@vitest/runner/dist/chunk-artifact.js:302:11
      at file:///C:/Users/Admin/graceful_books/node_modules/@vitest/runner/dist/chunk-artifact.js:1903:26
      at file:///C:/Users/Admin/graceful_books/node_modules/@vitest/runner/dist/chunk-artifact.js:2326:20
      at new Promise (<anonymous>)
      at runWithCancel (file:///C:/Users/Admin/graceful_books/node_modules/@vitest/runner/dist/chunk-artifact.js:2323:10)
      at file:///C:/Users/Admin/graceful_books/node_modules/@vitest/runner/dist/chunk-artifact.js:2305:20
      at new Promise (<anonymous>) {
    code: 'DATABASE_ERROR',
    category: 'DATABASE',
    details: undefined,
    field: undefined
  }
}
❌ Storage error: AppError: Failed to open file handle database
    at openFileHandleDB (C:/Users/Admin/graceful_books/src/services/backup/FileSystemBackup.ts:682:11)
    at storeDirectoryHandle (C:/Users/Admin/graceful_books/src/services/backup/FileSystemBackup.ts:308:22)
    at C:/Users/Admin/graceful_books/src/services/backup/FileSystemBackup.test.ts:1117:11
    at file:///C:/Users/Admin/graceful_books/node_modules/@vitest/runner/dist/chunk-artifact.js:302:11
    at file:///C:/Users/Admin/graceful_books/node_modules/@vitest/runner/dist/chunk-artifact.js:1903:26
    at file:///C:/Users/Admin/graceful_books/node_modules/@vitest/runner/dist/chunk-artifact.js:2326:20
    at new Promise (<anonymous>)
    at runWithCancel (file:///C:/Users/Admin/graceful_books/node_modules/@vitest/runner/dist/chunk-artifact.js:2323:10)
    at file:///C:/Users/Admin/graceful_books/node_modules/@vitest/runner/dist/chunk-artifact.js:2305:20
    at new Promise (<anonymous>) {
  code: 'DATABASE_ERROR',
  category: 'DATABASE',
  details: undefined,
  field: undefined
}

stdout | src/services/backup/FileSystemBackup.test.ts > FileSystemBackup - writeBackupToFile (Task 2.5) > should handle permission prompt state
[FileSystemBackup] Writing backup to file { fileName: 'test-backup.encrypted' }
[FileSystemBackup] File System Access API supported { browser: 'Unknown', version: 'Unknown' }
[FileSystemBackup] Retrieving directory handle 

stderr | src/services/backup/FileSystemBackup.test.ts > FileSystemBackup - writeBackupToFile (Task 2.5) > should handle permission prompt state
[FileSystemBackup] Failed to open file handle database {
  error: TypeError: request.addEventListener is not a function
      at openDB (file:///C:/Users/Admin/graceful_books/node_modules/idb/build/index.js:171:17)
      at openFileHandleDB (C:/Users/Admin/graceful_books/src/services/backup/FileSystemBackup.ts:665:18)
      at retrieveDirectoryHandle (C:/Users/Admin/graceful_books/src/services/backup/FileSystemBackup.ts:356:22)
      at writeBackupToFile (C:/Users/Admin/graceful_books/src/services/backup/FileSystemBackup.ts:843:29)
      at C:/Users/Admin/graceful_books/src/services/backup/FileSystemBackup.test.ts:1121:26
      at processTicksAndRejections (node:internal/process/task_queues:103:5)
      at file:///C:/Users/Admin/graceful_books/node_modules/@vitest/runner/dist/chunk-artifact.js:1903:20
}

stderr | src/services/backup/FileSystemBackup.test.ts > FileSystemBackup - writeBackupToFile (Task 2.5) > should handle permission prompt state
[FileSystemBackup] Failed to retrieve directory handle {
  error: AppError: Failed to open file handle database
      at openFileHandleDB (C:/Users/Admin/graceful_books/src/services/backup/FileSystemBackup.ts:682:11)
      at retrieveDirectoryHandle (C:/Users/Admin/graceful_books/src/services/backup/FileSystemBackup.ts:356:22)
      at writeBackupToFile (C:/Users/Admin/graceful_books/src/services/backup/FileSystemBackup.ts:843:29)
      at C:/Users/Admin/graceful_books/src/services/backup/FileSystemBackup.test.ts:1121:26
      at processTicksAndRejections (node:internal/process/task_queues:103:5)
      at file:///C:/Users/Admin/graceful_books/node_modules/@vitest/runner/dist/chunk-artifact.js:1903:20 {
    code: 'DATABASE_ERROR',
    category: 'DATABASE',
    details: undefined,
    field: undefined
  }
}
❌ Retrieval error: AppError: Failed to open file handle database
    at openFileHandleDB (C:/Users/Admin/graceful_books/src/services/backup/FileSystemBackup.ts:682:11)
    at retrieveDirectoryHandle (C:/Users/Admin/graceful_books/src/services/backup/FileSystemBackup.ts:356:22)
    at writeBackupToFile (C:/Users/Admin/graceful_books/src/services/backup/FileSystemBackup.ts:843:29)
    at C:/Users/Admin/graceful_books/src/services/backup/FileSystemBackup.test.ts:1121:26
    at processTicksAndRejections (node:internal/process/task_queues:103:5)
    at file:///C:/Users/Admin/graceful_books/node_modules/@vitest/runner/dist/chunk-artifact.js:1903:20 {
  code: 'DATABASE_ERROR',
  category: 'DATABASE',
  details: undefined,
  field: undefined
}

stderr | src/services/backup/FileSystemBackup.test.ts > FileSystemBackup - writeBackupToFile (Task 2.5) > should handle permission prompt state
[FileSystemBackup] No directory handle found for backup write 

stdout | src/services/backup/FileSystemBackup.test.ts > FileSystemBackup - Integration: Full Backup Flow with Write > should complete full backup flow from permission request to file write
[FileSystemBackup] Requesting folder permission { mode: 'readwrite' }
[FileSystemBackup] File System Access API supported { browser: 'Unknown', version: 'Unknown' }

stdout | src/services/backup/FileSystemBackup.test.ts > FileSystemBackup - Integration: Full Backup Flow with Write > should complete full backup flow from permission request to file write
[FileSystemBackup] Folder permission granted { folderName: 'MyBackups', mode: 'readwrite' }

stderr | src/services/backup/FileSystemBackup.test.ts > FileSystemBackup - Integration: Full Backup Flow with Write > should complete full backup flow from permission request to file write
[FileSystemBackup] Failed to open file handle database {
  error: TypeError: request.addEventListener is not a function
      at openDB (file:///C:/Users/Admin/graceful_books/node_modules/idb/build/index.js:171:17)
      at openFileHandleDB (C:/Users/Admin/graceful_books/src/services/backup/FileSystemBackup.ts:665:18)
      at storeDirectoryHandle (C:/Users/Admin/graceful_books/src/services/backup/FileSystemBackup.ts:308:22)
      at C:/Users/Admin/graceful_books/src/services/backup/FileSystemBackup.test.ts:1178:33
      at processTicksAndRejections (node:internal/process/task_queues:103:5)
      at file:///C:/Users/Admin/graceful_books/node_modules/@vitest/runner/dist/chunk-artifact.js:1903:20
}

stdout | src/services/backup/FileSystemBackup.test.ts > FileSystemBackup - Integration: Full Backup Flow with Write > should complete full backup flow from permission request to file write
[FileSystemBackup] Storing directory handle { name: 'MyBackups' }

stderr | src/services/backup/FileSystemBackup.test.ts > FileSystemBackup - Integration: Full Backup Flow with Write > should complete full backup flow from permission request to file write
[FileSystemBackup] Failed to store directory handle {
  error: AppError: Failed to open file handle database
      at openFileHandleDB (C:/Users/Admin/graceful_books/src/services/backup/FileSystemBackup.ts:682:11)
      at storeDirectoryHandle (C:/Users/Admin/graceful_books/src/services/backup/FileSystemBackup.ts:308:22)
      at C:/Users/Admin/graceful_books/src/services/backup/FileSystemBackup.test.ts:1178:33
      at processTicksAndRejections (node:internal/process/task_queues:103:5)
      at file:///C:/Users/Admin/graceful_books/node_modules/@vitest/runner/dist/chunk-artifact.js:1903:20 {
    code: 'DATABASE_ERROR',
    category: 'DATABASE',
    details: undefined,
    field: undefined
  }
}
❌ Storage error: AppError: Failed to open file handle database
    at openFileHandleDB (C:/Users/Admin/graceful_books/src/services/backup/FileSystemBackup.ts:682:11)
    at storeDirectoryHandle (C:/Users/Admin/graceful_books/src/services/backup/FileSystemBackup.ts:308:22)
    at C:/Users/Admin/graceful_books/src/services/backup/FileSystemBackup.test.ts:1178:33
    at processTicksAndRejections (node:internal/process/task_queues:103:5)
    at file:///C:/Users/Admin/graceful_books/node_modules/@vitest/runner/dist/chunk-artifact.js:1903:20 {
  code: 'DATABASE_ERROR',
  category: 'DATABASE',
  details: undefined,
  field: undefined
}

stdout | src/services/backup/FileSystemBackup.test.ts > FileSystemBackup - Integration: Full Backup Flow with Write > should handle permission revocation during backup flow
[FileSystemBackup] Storing directory handle { name: 'MyBackups' }

stderr | src/services/backup/FileSystemBackup.test.ts > FileSystemBackup - Integration: Full Backup Flow with Write > should handle permission revocation during backup flow
[FileSystemBackup] Failed to open file handle database {
  error: TypeError: request.addEventListener is not a function
      at openDB (file:///C:/Users/Admin/graceful_books/node_modules/idb/build/index.js:171:17)
      at openFileHandleDB (C:/Users/Admin/graceful_books/src/services/backup/FileSystemBackup.ts:665:18)
      at storeDirectoryHandle (C:/Users/Admin/graceful_books/src/services/backup/FileSystemBackup.ts:308:22)
      at C:/Users/Admin/graceful_books/src/services/backup/FileSystemBackup.test.ts:1202:11
      at file:///C:/Users/Admin/graceful_books/node_modules/@vitest/runner/dist/chunk-artifact.js:302:11
      at file:///C:/Users/Admin/graceful_books/node_modules/@vitest/runner/dist/chunk-artifact.js:1903:26
      at file:///C:/Users/Admin/graceful_books/node_modules/@vitest/runner/dist/chunk-artifact.js:2326:20
      at new Promise (<anonymous>)
      at runWithCancel (file:///C:/Users/Admin/graceful_books/node_modules/@vitest/runner/dist/chunk-artifact.js:2323:10)
      at file:///C:/Users/Admin/graceful_books/node_modules/@vitest/runner/dist/chunk-artifact.js:2305:20
}

stderr | src/services/backup/FileSystemBackup.test.ts > FileSystemBackup - Integration: Full Backup Flow with Write > should handle permission revocation during backup flow
[FileSystemBackup] Failed to store directory handle {
  error: AppError: Failed to open file handle database
      at openFileHandleDB (C:/Users/Admin/graceful_books/src/services/backup/FileSystemBackup.ts:682:11)
      at storeDirectoryHandle (C:/Users/Admin/graceful_books/src/services/backup/FileSystemBackup.ts:308:22)
      at C:/Users/Admin/graceful_books/src/services/backup/FileSystemBackup.test.ts:1202:11
      at file:///C:/Users/Admin/graceful_books/node_modules/@vitest/runner/dist/chunk-artifact.js:302:11
      at file:///C:/Users/Admin/graceful_books/node_modules/@vitest/runner/dist/chunk-artifact.js:1903:26
      at file:///C:/Users/Admin/graceful_books/node_modules/@vitest/runner/dist/chunk-artifact.js:2326:20
      at new Promise (<anonymous>)
      at runWithCancel (file:///C:/Users/Admin/graceful_books/node_modules/@vitest/runner/dist/chunk-artifact.js:2323:10)
      at file:///C:/Users/Admin/graceful_books/node_modules/@vitest/runner/dist/chunk-artifact.js:2305:20
      at new Promise (<anonymous>) {
    code: 'DATABASE_ERROR',
    category: 'DATABASE',
    details: undefined,
    field: undefined
  }
}
❌ Storage error: AppError: Failed to open file handle database
    at openFileHandleDB (C:/Users/Admin/graceful_books/src/services/backup/FileSystemBackup.ts:682:11)
    at storeDirectoryHandle (C:/Users/Admin/graceful_books/src/services/backup/FileSystemBackup.ts:308:22)
    at C:/Users/Admin/graceful_books/src/services/backup/FileSystemBackup.test.ts:1202:11
    at file:///C:/Users/Admin/graceful_books/node_modules/@vitest/runner/dist/chunk-artifact.js:302:11
    at file:///C:/Users/Admin/graceful_books/node_modules/@vitest/runner/dist/chunk-artifact.js:1903:26
    at file:///C:/Users/Admin/graceful_books/node_modules/@vitest/runner/dist/chunk-artifact.js:2326:20
    at new Promise (<anonymous>)
    at runWithCancel (file:///C:/Users/Admin/graceful_books/node_modules/@vitest/runner/dist/chunk-artifact.js:2323:10)
    at file:///C:/Users/Admin/graceful_books/node_modules/@vitest/runner/dist/chunk-artifact.js:2305:20
    at new Promise (<anonymous>) {
  code: 'DATABASE_ERROR',
  category: 'DATABASE',
  details: undefined,
  field: undefined
}

stdout | src/services/backup/FileSystemBackup.test.ts > FileSystemBackup - Integration: Full Backup Flow with Write > should handle permission revocation during backup flow
[FileSystemBackup] Writing backup to file { fileName: 'test-backup.encrypted' }
[FileSystemBackup] File System Access API supported { browser: 'Unknown', version: 'Unknown' }
[FileSystemBackup] Retrieving directory handle 

stderr | src/services/backup/FileSystemBackup.test.ts > FileSystemBackup - Integration: Full Backup Flow with Write > should handle permission revocation during backup flow
[FileSystemBackup] Failed to open file handle database {
  error: TypeError: request.addEventListener is not a function
      at openDB (file:///C:/Users/Admin/graceful_books/node_modules/idb/build/index.js:171:17)
      at openFileHandleDB (C:/Users/Admin/graceful_books/src/services/backup/FileSystemBackup.ts:665:18)
      at retrieveDirectoryHandle (C:/Users/Admin/graceful_books/src/services/backup/FileSystemBackup.ts:356:22)
      at writeBackupToFile (C:/Users/Admin/graceful_books/src/services/backup/FileSystemBackup.ts:843:29)
      at C:/Users/Admin/graceful_books/src/services/backup/FileSystemBackup.test.ts:1211:31
      at processTicksAndRejections (node:internal/process/task_queues:103:5)
      at file:///C:/Users/Admin/graceful_books/node_modules/@vitest/runner/dist/chunk-artifact.js:1903:20
}

stderr | src/services/backup/FileSystemBackup.test.ts > FileSystemBackup - Integration: Full Backup Flow with Write > should handle permission revocation during backup flow
[FileSystemBackup] Failed to retrieve directory handle {
  error: AppError: Failed to open file handle database
      at openFileHandleDB (C:/Users/Admin/graceful_books/src/services/backup/FileSystemBackup.ts:682:11)
      at retrieveDirectoryHandle (C:/Users/Admin/graceful_books/src/services/backup/FileSystemBackup.ts:356:22)
      at writeBackupToFile (C:/Users/Admin/graceful_books/src/services/backup/FileSystemBackup.ts:843:29)
      at C:/Users/Admin/graceful_books/src/services/backup/FileSystemBackup.test.ts:1211:31
      at processTicksAndRejections (node:internal/process/task_queues:103:5)
      at file:///C:/Users/Admin/graceful_books/node_modules/@vitest/runner/dist/chunk-artifact.js:1903:20 {
    code: 'DATABASE_ERROR',
    category: 'DATABASE',
    details: undefined,
    field: undefined
  }
}
❌ Retrieval error: AppError: Failed to open file handle database
    at openFileHandleDB (C:/Users/Admin/graceful_books/src/services/backup/FileSystemBackup.ts:682:11)
    at retrieveDirectoryHandle (C:/Users/Admin/graceful_books/src/services/backup/FileSystemBackup.ts:356:22)
    at writeBackupToFile (C:/Users/Admin/graceful_books/src/services/backup/FileSystemBackup.ts:843:29)
    at C:/Users/Admin/graceful_books/src/services/backup/FileSystemBackup.test.ts:1211:31
    at processTicksAndRejections (node:internal/process/task_queues:103:5)
    at file:///C:/Users/Admin/graceful_books/node_modules/@vitest/runner/dist/chunk-artifact.js:1903:20 {
  code: 'DATABASE_ERROR',
  category: 'DATABASE',
  details: undefined,
  field: undefined
}

stderr | src/services/backup/FileSystemBackup.test.ts > FileSystemBackup - Integration: Full Backup Flow with Write > should handle permission revocation during backup flow
[FileSystemBackup] No directory handle found for backup write 

 ❯ src/services/backup/FileSystemBackup.test.ts (53 tests | 16 failed) 445ms
     × should store directory handle successfully 17ms
     × should clear directory handle successfully 7ms
     × should complete full permission flow 10ms
     × should write backup successfully with progress tracking 26ms
     × should fail when permission is revoked 16ms
     × should handle disk space errors (QuotaExceededError) 27ms
     × should handle serialization errors 11ms
     × should handle write errors and abort stream 9ms
     × should handle file creation errors 16ms
     × should serialize bundle with pretty printing 22ms
     × should track all progress phases in order 12ms
     × should include total bytes in progress updates 17ms
     × should handle large backup bundles 11ms
     × should handle permission prompt state 9ms
     × should complete full backup flow from permission request to file write 8ms
     × should handle permission revocation during backup flow 23ms
stderr | src/components/restore/EmailLinkRestore.test.tsx > EmailLinkRestore > Link Input Step > should show error for invalid link format
Warning: An update to EmailLinkRestore inside a test was not wrapped in act(...).

When testing, code that causes React state updates should be wrapped into act(...):

act(() => {
  /* fire events that update state */
});
/* assert on the output */

This ensures that you're testing the behavior the user would see in the browser. Learn more at https://reactjs.org/link/wrap-tests-with-act
    at EmailLinkRestore (C:/Users/Admin/graceful_books/src/components/restore/EmailLinkRestore.tsx:8:3)

stderr | src/components/restore/EmailLinkRestore.test.tsx > EmailLinkRestore > Link Input Step > should show error for invalid link format
Warning: An update to EmailLinkRestore inside a test was not wrapped in act(...).

When testing, code that causes React state updates should be wrapped into act(...):

act(() => {
  /* fire events that update state */
});
/* assert on the output */

This ensures that you're testing the behavior the user would see in the browser. Learn more at https://reactjs.org/link/wrap-tests-with-act
    at EmailLinkRestore (C:/Users/Admin/graceful_books/src/components/restore/EmailLinkRestore.tsx:8:3)

stderr | src/components/restore/EmailLinkRestore.test.tsx > EmailLinkRestore > Link Input Step > should show error for invalid link format
Warning: An update to EmailLinkRestore inside a test was not wrapped in act(...).

When testing, code that causes React state updates should be wrapped into act(...):

act(() => {
  /* fire events that update state */
});
/* assert on the output */

This ensures that you're testing the behavior the user would see in the browser. Learn more at https://reactjs.org/link/wrap-tests-with-act
    at EmailLinkRestore (C:/Users/Admin/graceful_books/src/components/restore/EmailLinkRestore.tsx:8:3)

stderr | src/components/restore/EmailLinkRestore.test.tsx > EmailLinkRestore > Link Input Step > should show error for invalid link format
Warning: An update to EmailLinkRestore inside a test was not wrapped in act(...).

When testing, code that causes React state updates should be wrapped into act(...):

act(() => {
  /* fire events that update state */
});
/* assert on the output */

This ensures that you're testing the behavior the user would see in the browser. Learn more at https://reactjs.org/link/wrap-tests-with-act
    at EmailLinkRestore (C:/Users/Admin/graceful_books/src/components/restore/EmailLinkRestore.tsx:8:3)

stderr | src/components/restore/EmailLinkRestore.test.tsx > EmailLinkRestore > Link Input Step > should show error for invalid link format
Warning: An update to EmailLinkRestore inside a test was not wrapped in act(...).

When testing, code that causes React state updates should be wrapped into act(...):

act(() => {
  /* fire events that update state */
});
/* assert on the output */

This ensures that you're testing the behavior the user would see in the browser. Learn more at https://reactjs.org/link/wrap-tests-with-act
    at EmailLinkRestore (C:/Users/Admin/graceful_books/src/components/restore/EmailLinkRestore.tsx:8:3)

stderr | src/components/restore/EmailLinkRestore.test.tsx > EmailLinkRestore > Link Input Step > should show error for invalid link format
Warning: An update to EmailLinkRestore inside a test was not wrapped in act(...).

When testing, code that causes React state updates should be wrapped into act(...):

act(() => {
  /* fire events that update state */
});
/* assert on the output */

This ensures that you're testing the behavior the user would see in the browser. Learn more at https://reactjs.org/link/wrap-tests-with-act
    at EmailLinkRestore (C:/Users/Admin/graceful_books/src/components/restore/EmailLinkRestore.tsx:8:3)

stderr | src/components/restore/EmailLinkRestore.test.tsx > EmailLinkRestore > Link Input Step > should show error for invalid link format
Warning: An update to EmailLinkRestore inside a test was not wrapped in act(...).

When testing, code that causes React state updates should be wrapped into act(...):

act(() => {
  /* fire events that update state */
});
/* assert on the output */

This ensures that you're testing the behavior the user would see in the browser. Learn more at https://reactjs.org/link/wrap-tests-with-act
    at EmailLinkRestore (C:/Users/Admin/graceful_books/src/components/restore/EmailLinkRestore.tsx:8:3)

stderr | src/components/restore/EmailLinkRestore.test.tsx > EmailLinkRestore > Link Input Step > should show error for invalid link format
Warning: An update to EmailLinkRestore inside a test was not wrapped in act(...).

When testing, code that causes React state updates should be wrapped into act(...):

act(() => {
  /* fire events that update state */
});
/* assert on the output */

This ensures that you're testing the behavior the user would see in the browser. Learn more at https://reactjs.org/link/wrap-tests-with-act
    at EmailLinkRestore (C:/Users/Admin/graceful_books/src/components/restore/EmailLinkRestore.tsx:8:3)

stderr | src/components/restore/EmailLinkRestore.test.tsx > EmailLinkRestore > Link Input Step > should show error for invalid link format
Warning: An update to EmailLinkRestore inside a test was not wrapped in act(...).

When testing, code that causes React state updates should be wrapped into act(...):

act(() => {
  /* fire events that update state */
});
/* assert on the output */

This ensures that you're testing the behavior the user would see in the browser. Learn more at https://reactjs.org/link/wrap-tests-with-act
    at EmailLinkRestore (C:/Users/Admin/graceful_books/src/components/restore/EmailLinkRestore.tsx:8:3)

stderr | src/components/restore/EmailLinkRestore.test.tsx > EmailLinkRestore > Link Input Step > should show error for invalid link format
Warning: An update to EmailLinkRestore inside a test was not wrapped in act(...).

When testing, code that causes React state updates should be wrapped into act(...):

act(() => {
  /* fire events that update state */
});
/* assert on the output */

This ensures that you're testing the behavior the user would see in the browser. Learn more at https://reactjs.org/link/wrap-tests-with-act
    at EmailLinkRestore (C:/Users/Admin/graceful_books/src/components/restore/EmailLinkRestore.tsx:8:3)

stderr | src/components/restore/EmailLinkRestore.test.tsx > EmailLinkRestore > Link Input Step > should show error for invalid link format
Warning: An update to EmailLinkRestore inside a test was not wrapped in act(...).

When testing, code that causes React state updates should be wrapped into act(...):

act(() => {
  /* fire events that update state */
});
/* assert on the output */

This ensures that you're testing the behavior the user would see in the browser. Learn more at https://reactjs.org/link/wrap-tests-with-act
    at EmailLinkRestore (C:/Users/Admin/graceful_books/src/components/restore/EmailLinkRestore.tsx:8:3)

stderr | src/components/restore/EmailLinkRestore.test.tsx > EmailLinkRestore > Link Input Step > should show error for invalid link format
Warning: An update to EmailLinkRestore inside a test was not wrapped in act(...).

When testing, code that causes React state updates should be wrapped into act(...):

act(() => {
  /* fire events that update state */
});
/* assert on the output */

This ensures that you're testing the behavior the user would see in the browser. Learn more at https://reactjs.org/link/wrap-tests-with-act
    at EmailLinkRestore (C:/Users/Admin/graceful_books/src/components/restore/EmailLinkRestore.tsx:8:3)

stderr | src/components/restore/EmailLinkRestore.test.tsx > EmailLinkRestore > Link Input Step > should show error for invalid link format
Warning: An update to EmailLinkRestore inside a test was not wrapped in act(...).

When testing, code that causes React state updates should be wrapped into act(...):

act(() => {
  /* fire events that update state */
});
/* assert on the output */

This ensures that you're testing the behavior the user would see in the browser. Learn more at https://reactjs.org/link/wrap-tests-with-act
    at EmailLinkRestore (C:/Users/Admin/graceful_books/src/components/restore/EmailLinkRestore.tsx:8:3)

stderr | src/components/restore/EmailLinkRestore.test.tsx > EmailLinkRestore > Link Input Step > should show error for invalid link format
Warning: An update to EmailLinkRestore inside a test was not wrapped in act(...).

When testing, code that causes React state updates should be wrapped into act(...):

act(() => {
  /* fire events that update state */
});
/* assert on the output */

This ensures that you're testing the behavior the user would see in the browser. Learn more at https://reactjs.org/link/wrap-tests-with-act
    at EmailLinkRestore (C:/Users/Admin/graceful_books/src/components/restore/EmailLinkRestore.tsx:8:3)

stderr | src/components/restore/EmailLinkRestore.test.tsx > EmailLinkRestore > Link Input Step > should show error for invalid link format
Warning: An update to EmailLinkRestore inside a test was not wrapped in act(...).

When testing, code that causes React state updates should be wrapped into act(...):

act(() => {
  /* fire events that update state */
});
/* assert on the output */

This ensures that you're testing the behavior the user would see in the browser. Learn more at https://reactjs.org/link/wrap-tests-with-act
    at EmailLinkRestore (C:/Users/Admin/graceful_books/src/components/restore/EmailLinkRestore.tsx:8:3)

stderr | src/services/cpg/distributionCostCalculator.service.test.ts > DistributionCostCalculatorService > Fee Calculations > should calculate with all fees unchecked (should = 0)
[DistributionCostCalculatorService] Distribution calculation validation failed {
  errors: 'pallet_data: Invalid input: expected array, received undefined; variantData.8oz.quantity: Invalid input: expected number, received undefined; selectedFees: Invalid input: expected array, received undefined',
  params: {
    distributorId: 'nbVKMxGy_q9S7nFQly5y9',
    numPallets: '1',
    unitsPerPallet: '100',
    variantData: { '8oz': [Object] },
    appliedFees: {
      pallet_cost: false,
      warehouse_services: false,
      pallet_build: false,
      floor_space: 'none',
      truck_transfer_zone: 'none'
    }
  }
}

stderr | src/services/cpg/distributionCostCalculator.service.test.ts > DistributionCostCalculatorService > Fee Calculations > should calculate with single fee checked
[DistributionCostCalculatorService] Distribution calculation validation failed {
  errors: 'pallet_data: Invalid input: expected array, received undefined; variantData.8oz.quantity: Invalid input: expected number, received undefined; selectedFees: Invalid input: expected array, received undefined',
  params: {
    distributorId: 'zuinOTVAYqEuZng5DCLmc',
    numPallets: '1',
    unitsPerPallet: '100',
    variantData: { '8oz': [Object] },
    appliedFees: {
      pallet_cost: true,
      warehouse_services: false,
      pallet_build: false,
      floor_space: 'none',
      truck_transfer_zone: 'none'
    }
  }
}

stderr | src/services/cpg/distributionCostCalculator.service.test.ts > DistributionCostCalculatorService > Fee Calculations > should calculate with multiple fees checked
[DistributionCostCalculatorService] Distribution calculation validation failed {
  errors: 'pallet_data: Invalid input: expected array, received undefined; variantData.8oz.quantity: Invalid input: expected number, received undefined; selectedFees: Invalid input: expected array, received undefined',
  params: {
    distributorId: 'qPYs5hOgdAiZmpGSHJKL8',
    numPallets: '1',
    unitsPerPallet: '100',
    variantData: { '8oz': [Object] },
    appliedFees: {
      pallet_cost: true,
      warehouse_services: true,
      pallet_build: true,
      floor_space: 'none',
      truck_transfer_zone: 'none'
    }
  }
}

stderr | src/services/cpg/distributionCostCalculator.service.test.ts > DistributionCostCalculatorService > Floor Space Calculations > should calculate floor space - full day
[DistributionCostCalculatorService] Distribution calculation validation failed {
  errors: 'pallet_data: Invalid input: expected array, received undefined; variantData.8oz.quantity: Invalid input: expected number, received undefined; selectedFees: Invalid input: expected array, received undefined',
  params: {
    distributorId: 'HqbREg9cKtb9MRNtmf35c',
    numPallets: '1',
    unitsPerPallet: '100',
    variantData: { '8oz': [Object] },
    appliedFees: {
      pallet_cost: false,
      warehouse_services: false,
      pallet_build: false,
      floor_space: 'full_day',
      truck_transfer_zone: 'none'
    }
  }
}

stderr | src/services/cpg/distributionCostCalculator.service.test.ts > DistributionCostCalculatorService > Floor Space Calculations > should calculate floor space - half day
[DistributionCostCalculatorService] Distribution calculation validation failed {
  errors: 'pallet_data: Invalid input: expected array, received undefined; variantData.8oz.quantity: Invalid input: expected number, received undefined; selectedFees: Invalid input: expected array, received undefined',
  params: {
    distributorId: 'yvw7VbHOUHqsiIBZ4TNSC',
    numPallets: '1',
    unitsPerPallet: '100',
    variantData: { '8oz': [Object] },
    appliedFees: {
      pallet_cost: false,
      warehouse_services: false,
      pallet_build: false,
      floor_space: 'half_day',
      truck_transfer_zone: 'none'
    }
  }
}

stderr | src/services/cpg/distributionCostCalculator.service.test.ts > DistributionCostCalculatorService > Floor Space Calculations > should calculate floor space - multiple days (full)
[DistributionCostCalculatorService] Distribution calculation validation failed {
  errors: 'pallet_data: Invalid input: expected array, received undefined; variantData.8oz.quantity: Invalid input: expected number, received undefined; selectedFees: Invalid input: expected array, received undefined',
  params: {
    distributorId: 'L4MBfBT-TAlRzh7p1E5oa',
    numPallets: '1',
    unitsPerPallet: '100',
    variantData: { '8oz': [Object] },
    appliedFees: {
      pallet_cost: false,
      warehouse_services: false,
      pallet_build: false,
      floor_space: 'full_day',
      floor_space_days: '3',
      truck_transfer_zone: 'none'
    }
  }
}

stderr | src/services/cpg/distributionCostCalculator.service.test.ts > DistributionCostCalculatorService > Floor Space Calculations > should calculate floor space - multiple days (half)
[DistributionCostCalculatorService] Distribution calculation validation failed {
  errors: 'pallet_data: Invalid input: expected array, received undefined; variantData.8oz.quantity: Invalid input: expected number, received undefined; selectedFees: Invalid input: expected array, received undefined',
  params: {
    distributorId: 'QLDwa2x_qr2C-EHNcE3uA',
    numPallets: '1',
    unitsPerPallet: '100',
    variantData: { '8oz': [Object] },
    appliedFees: {
      pallet_cost: false,
      warehouse_services: false,
      pallet_build: false,
      floor_space: 'half_day',
      floor_space_days: '2',
      truck_transfer_zone: 'none'
    }
  }
}

stderr | src/services/cpg/distributionCostCalculator.service.test.ts > DistributionCostCalculatorService > Zone-Based Pricing > should calculate truck transfer - zone 1
[DistributionCostCalculatorService] Distribution calculation validation failed {
  errors: 'pallet_data: Invalid input: expected array, received undefined; variantData.8oz.quantity: Invalid input: expected number, received undefined; selectedFees: Invalid input: expected array, received undefined',
  params: {
    distributorId: 'sCO8P3-1CMqZvPWOlMmg5',
    numPallets: '1',
    unitsPerPallet: '100',
    variantData: { '8oz': [Object] },
    appliedFees: {
      pallet_cost: false,
      warehouse_services: false,
      pallet_build: false,
      floor_space: 'none',
      truck_transfer_zone: 'zone1'
    }
  }
}

stderr | src/services/cpg/distributionCostCalculator.service.test.ts > DistributionCostCalculatorService > Zone-Based Pricing > should calculate truck transfer - zone 2
[DistributionCostCalculatorService] Distribution calculation validation failed {
  errors: 'pallet_data: Invalid input: expected array, received undefined; variantData.8oz.quantity: Invalid input: expected number, received undefined; selectedFees: Invalid input: expected array, received undefined',
  params: {
    distributorId: 'BZZ8-mAf2-97GA2_MyucZ',
    numPallets: '1',
    unitsPerPallet: '100',
    variantData: { '8oz': [Object] },
    appliedFees: {
      pallet_cost: false,
      warehouse_services: false,
      pallet_build: false,
      floor_space: 'none',
      truck_transfer_zone: 'zone2'
    }
  }
}

stderr | src/services/cpg/distributionCostCalculator.service.test.ts > DistributionCostCalculatorService > Custom Fees > should calculate with single custom fee
[DistributionCostCalculatorService] Distribution calculation validation failed {
  errors: 'pallet_data: Invalid input: expected array, received undefined; variantData.8oz.quantity: Invalid input: expected number, received undefined; selectedFees: Invalid input: expected array, received undefined',
  params: {
    distributorId: 'ylkeT_lEa1LsMSoJJbu_w',
    numPallets: '1',
    unitsPerPallet: '100',
    variantData: { '8oz': [Object] },
    appliedFees: {
      pallet_cost: false,
      warehouse_services: false,
      pallet_build: false,
      floor_space: 'none',
      truck_transfer_zone: 'none',
      custom_fees: [Array]
    }
  }
}

stderr | src/services/cpg/distributionCostCalculator.service.test.ts > DistributionCostCalculatorService > Custom Fees > should calculate with multiple custom fees
[DistributionCostCalculatorService] Distribution calculation validation failed {
  errors: 'pallet_data: Invalid input: expected array, received undefined; variantData.8oz.quantity: Invalid input: expected number, received undefined; selectedFees: Invalid input: expected array, received undefined',
  params: {
    distributorId: 'OtJoyzDQ3qoQaXYanNYZK',
    numPallets: '1',
    unitsPerPallet: '100',
    variantData: { '8oz': [Object] },
    appliedFees: {
      pallet_cost: false,
      warehouse_services: false,
      pallet_build: false,
      floor_space: 'none',
      truck_transfer_zone: 'none',
      custom_fees: [Array]
    }
  }
}

stderr | src/services/cpg/distributionCostCalculator.service.test.ts > DistributionCostCalculatorService > Pallet Multiplier > should calculate with 0.5 pallets
[DistributionCostCalculatorService] Distribution calculation validation failed {
  errors: 'pallet_data: Invalid input: expected array, received undefined; variantData.8oz.quantity: Invalid input: expected number, received undefined; selectedFees: Invalid input: expected array, received undefined',
  params: {
    distributorId: 'dioWRQoxHOop7CFCD-85i',
    numPallets: '0.5',
    unitsPerPallet: '100',
    variantData: { '8oz': [Object] },
    appliedFees: {
      pallet_cost: true,
      warehouse_services: false,
      pallet_build: false,
      floor_space: 'none',
      truck_transfer_zone: 'none'
    }
  }
}

stderr | src/services/cpg/distributionCostCalculator.service.test.ts > DistributionCostCalculatorService > Pallet Multiplier > should calculate with 1 pallet
[DistributionCostCalculatorService] Distribution calculation validation failed {
  errors: 'pallet_data: Invalid input: expected array, received undefined; variantData.8oz.quantity: Invalid input: expected number, received undefined; selectedFees: Invalid input: expected array, received undefined',
  params: {
    distributorId: 'YGjB504v8gEYmXo3XPbXV',
    numPallets: '1',
    unitsPerPallet: '100',
    variantData: { '8oz': [Object] },
    appliedFees: {
      pallet_cost: true,
      warehouse_services: false,
      pallet_build: false,
      floor_space: 'none',
      truck_transfer_zone: 'none'
    }
  }
}

stderr | src/services/cpg/distributionCostCalculator.service.test.ts > DistributionCostCalculatorService > Pallet Multiplier > should calculate with 10 pallets
[DistributionCostCalculatorService] Distribution calculation validation failed {
  errors: 'pallet_data: Invalid input: expected array, received undefined; variantData.8oz.quantity: Invalid input: expected number, received undefined; selectedFees: Invalid input: expected array, received undefined',
  params: {
    distributorId: 'mV_54eMCqTRkyggOC9gIZ',
    numPallets: '10',
    unitsPerPallet: '100',
    variantData: { '8oz': [Object] },
    appliedFees: {
      pallet_cost: true,
      warehouse_services: false,
      pallet_build: false,
      floor_space: 'none',
      truck_transfer_zone: 'none'
    }
  }
}

stderr | src/services/cpg/distributionCostCalculator.service.test.ts > DistributionCostCalculatorService > Margin Quality Assignment > should assign "poor" quality for margin < 50%
[DistributionCostCalculatorService] Distribution calculation validation failed {
  errors: 'pallet_data: Invalid input: expected array, received undefined; variantData.8oz.quantity: Invalid input: expected number, received undefined; selectedFees: Invalid input: expected array, received undefined',
  params: {
    distributorId: 'gtDarKrR1IUMDIrRLCMWm',
    numPallets: '1',
    unitsPerPallet: '100',
    variantData: { '8oz': [Object] },
    appliedFees: {
      pallet_cost: true,
      warehouse_services: false,
      pallet_build: false,
      floor_space: 'none',
      truck_transfer_zone: 'none'
    }
  }
}

stderr | src/services/cpg/distributionCostCalculator.service.test.ts > DistributionCostCalculatorService > Margin Quality Assignment > should assign "good" quality for margin 50-60%
[DistributionCostCalculatorService] Distribution calculation validation failed {
  errors: 'pallet_data: Invalid input: expected array, received undefined; variantData.8oz.quantity: Invalid input: expected number, received undefined; selectedFees: Invalid input: expected array, received undefined',
  params: {
    distributorId: '_UiaJ0InixrCbioAMU5yJ',
    numPallets: '1',
    unitsPerPallet: '100',
    variantData: { '8oz': [Object] },
    appliedFees: {
      pallet_cost: true,
      warehouse_services: false,
      pallet_build: false,
      floor_space: 'none',
      truck_transfer_zone: 'none'
    }
  }
}

stderr | src/services/cpg/distributionCostCalculator.service.test.ts > DistributionCostCalculatorService > Margin Quality Assignment > should assign "better" quality for margin 60-70%
[DistributionCostCalculatorService] Distribution calculation validation failed {
  errors: 'pallet_data: Invalid input: expected array, received undefined; variantData.8oz.quantity: Invalid input: expected number, received undefined; selectedFees: Invalid input: expected array, received undefined',
  params: {
    distributorId: 'lnF8p4b1NgEExB3En1pdj',
    numPallets: '1',
    unitsPerPallet: '1000',
    variantData: { '8oz': [Object] },
    appliedFees: {
      pallet_cost: true,
      warehouse_services: false,
      pallet_build: false,
      floor_space: 'none',
      truck_transfer_zone: 'none'
    }
  }
}

stderr | src/services/cpg/distributionCostCalculator.service.test.ts > DistributionCostCalculatorService > Margin Quality Assignment > should assign "best" quality for margin >= 70%
[DistributionCostCalculatorService] Distribution calculation validation failed {
  errors: 'pallet_data: Invalid input: expected array, received undefined; variantData.8oz.quantity: Invalid input: expected number, received undefined; selectedFees: Invalid input: expected array, received undefined',
  params: {
    distributorId: 'XMRM9PGCNXOBjQLNKsHQg',
    numPallets: '1',
    unitsPerPallet: '1000',
    variantData: { '8oz': [Object] },
    appliedFees: {
      pallet_cost: true,
      warehouse_services: false,
      pallet_build: false,
      floor_space: 'none',
      truck_transfer_zone: 'none'
    }
  }
}

stderr | src/services/cpg/distributionCostCalculator.service.test.ts > DistributionCostCalculatorService > Margin Quality Assignment > should use custom thresholds for margin quality
[DistributionCostCalculatorService] Distribution calculation validation failed {
  errors: 'pallet_data: Invalid input: expected array, received undefined; variantData.8oz.quantity: Invalid input: expected number, received undefined; selectedFees: Invalid input: expected array, received undefined',
  params: {
    distributorId: 'gvn96GBvLaVeV2FTNe4Fa',
    numPallets: '1',
    unitsPerPallet: '100',
    variantData: { '8oz': [Object] },
    appliedFees: {
      pallet_cost: true,
      warehouse_services: false,
      pallet_build: false,
      floor_space: 'none',
      truck_transfer_zone: 'none'
    }
  }
}

stderr | src/services/cpg/distributionCostCalculator.service.test.ts > DistributionCostCalculatorService > MSRP Calculation > should calculate MSRP with markup percentage
[DistributionCostCalculatorService] Distribution calculation validation failed {
  errors: 'pallet_data: Invalid input: expected array, received undefined; variantData.8oz.quantity: Invalid input: expected number, received undefined; selectedFees: Invalid input: expected array, received undefined',
  params: {
    distributorId: '9-qN1et4AZRK2FTrEaIpQ',
    numPallets: '1',
    unitsPerPallet: '100',
    variantData: { '8oz': [Object] },
    appliedFees: {
      pallet_cost: false,
      warehouse_services: false,
      pallet_build: false,
      floor_space: 'none',
      truck_transfer_zone: 'none'
    },
    msrpMarkupPercentage: '50'
  }
}

stderr | src/services/cpg/distributionCostCalculator.service.test.ts > DistributionCostCalculatorService > MSRP Calculation > should calculate MSRP with 100% markup
[DistributionCostCalculatorService] Distribution calculation validation failed {
  errors: 'pallet_data: Invalid input: expected array, received undefined; variantData.8oz.quantity: Invalid input: expected number, received undefined; selectedFees: Invalid input: expected array, received undefined',
  params: {
    distributorId: 'DACUQFiKfjD-o46P4eTEe',
    numPallets: '1',
    unitsPerPallet: '100',
    variantData: { '8oz': [Object] },
    appliedFees: {
      pallet_cost: false,
      warehouse_services: false,
      pallet_build: false,
      floor_space: 'none',
      truck_transfer_zone: 'none'
    },
    msrpMarkupPercentage: '100'
  }
}

stderr | src/services/cpg/distributionCostCalculator.service.test.ts > DistributionCostCalculatorService > MSRP Calculation > should return null MSRP when markup not provided
[DistributionCostCalculatorService] Distribution calculation validation failed {
  errors: 'pallet_data: Invalid input: expected array, received undefined; variantData.8oz.quantity: Invalid input: expected number, received undefined; selectedFees: Invalid input: expected array, received undefined',
  params: {
    distributorId: 'ZMHr6UnZy-YdfJ_KE54GC',
    numPallets: '1',
    unitsPerPallet: '100',
    variantData: { '8oz': [Object] },
    appliedFees: {
      pallet_cost: false,
      warehouse_services: false,
      pallet_build: false,
      floor_space: 'none',
      truck_transfer_zone: 'none'
    }
  }
}

stderr | src/services/cpg/distributionCostCalculator.service.test.ts > DistributionCostCalculatorService > Multiple Variants > should calculate for multiple variants (2 variants)
[DistributionCostCalculatorService] Distribution calculation validation failed {
  errors: 'pallet_data: Invalid input: expected array, received undefined; variantData.Small.quantity: Invalid input: expected number, received undefined; variantData.Large.quantity: Invalid input: expected number, received undefined; selectedFees: Invalid input: expected array, received undefined',
  params: {
    distributorId: 'aEjl7HKACR6MXFPCpwS0F',
    numPallets: '1',
    unitsPerPallet: '100',
    variantData: { Small: [Object], Large: [Object] },
    appliedFees: {
      pallet_cost: true,
      warehouse_services: false,
      pallet_build: false,
      floor_space: 'none',
      truck_transfer_zone: 'none'
    }
  }
}

stderr | src/services/cpg/distributionCostCalculator.service.test.ts > DistributionCostCalculatorService > Multiple Variants > should calculate for multiple variants with custom names
[DistributionCostCalculatorService] Distribution calculation validation failed {
  errors: 'pallet_data: Invalid input: expected array, received undefined; variantData.8oz.quantity: Invalid input: expected number, received undefined; variantData.16oz.quantity: Invalid input: expected number, received undefined; variantData.32oz.quantity: Invalid input: expected number, received undefined; selectedFees: Invalid input: expected array, received undefined',
  params: {
    distributorId: '18OoF92f50K1nlhLP6JVg',
    numPallets: '1',
    unitsPerPallet: '100',
    variantData: { '8oz': [Object], '16oz': [Object], '32oz': [Object] },
    appliedFees: {
      pallet_cost: true,
      warehouse_services: true,
      pallet_build: false,
      floor_space: 'none',
      truck_transfer_zone: 'none'
    }
  }
}

stderr | src/services/cpg/distributionCostCalculator.service.test.ts > DistributionCostCalculatorService > Scenario Saving > should save calculation as scenario
[DistributionCostCalculatorService] Distribution calculation validation failed {
  errors: 'pallet_data: Invalid input: expected array, received undefined; variantData.8oz.quantity: Invalid input: expected number, received undefined; selectedFees: Invalid input: expected array, received undefined',
  params: {
    distributorId: '4_jj9Q5ws3nQ6zO4C6hcb',
    numPallets: '1',
    unitsPerPallet: '100',
    variantData: { '8oz': [Object] },
    appliedFees: {
      pallet_cost: true,
      warehouse_services: true,
      pallet_build: true,
      floor_space: 'full_day',
      truck_transfer_zone: 'zone1'
    }
  }
}

stderr | src/services/cpg/distributionCostCalculator.service.test.ts > DistributionCostCalculatorService > Scenario Saving > should retrieve saved calculations
[DistributionCostCalculatorService] Distribution calculation validation failed {
  errors: 'pallet_data: Invalid input: expected array, received undefined; variantData.8oz.quantity: Invalid input: expected number, received undefined; selectedFees: Invalid input: expected array, received undefined',
  params: {
    distributorId: 'l6PGtV9AGFr1Cf135jrgu',
    numPallets: '1',
    unitsPerPallet: '100',
    variantData: { '8oz': [Object] },
    appliedFees: {
      pallet_cost: true,
      warehouse_services: false,
      pallet_build: false,
      floor_space: 'none',
      truck_transfer_zone: 'none'
    }
  }
}

stderr | src/services/cpg/distributionCostCalculator.service.test.ts > DistributionCostCalculatorService > Scenario Saving > should filter saved calculations by distributor
[DistributionCostCalculatorService] Distribution calculation validation failed {
  errors: 'pallet_data: Invalid input: expected array, received undefined; variantData.8oz.quantity: Invalid input: expected number, received undefined; selectedFees: Invalid input: expected array, received undefined',
  params: {
    distributorId: 'o9mFJcic9JT4ZMNjFo5hB',
    numPallets: '1',
    unitsPerPallet: '100',
    variantData: { '8oz': [Object] },
    appliedFees: {
      pallet_cost: true,
      warehouse_services: false,
      pallet_build: false,
      floor_space: 'none',
      truck_transfer_zone: 'none'
    }
  }
}

stderr | src/services/cpg/distributionCostCalculator.service.test.ts > DistributionCostCalculatorService > Validation > should validate distributor ID
[DistributionCostCalculatorService] Distribution calculation validation failed {
  errors: 'distributorId: ID is required; pallet_data: Invalid input: expected array, received undefined; variantData.8oz.quantity: Invalid input: expected number, received undefined; selectedFees: Invalid input: expected array, received undefined',
  params: {
    distributorId: '',
    numPallets: '1',
    unitsPerPallet: '100',
    variantData: { '8oz': [Object] },
    appliedFees: {
      pallet_cost: false,
      warehouse_services: false,
      pallet_build: false,
      floor_space: 'none',
      truck_transfer_zone: 'none'
    }
  }
}

stderr | src/services/cpg/distributionCostCalculator.service.test.ts > DistributionCostCalculatorService > Validation > should validate num pallets > 0
[DistributionCostCalculatorService] Distribution calculation validation failed {
  errors: 'numPallets: Must be greater than 0; pallet_data: Invalid input: expected array, received undefined; variantData.8oz.quantity: Invalid input: expected number, received undefined; selectedFees: Invalid input: expected array, received undefined',
  params: {
    distributorId: '76ptW3jw0DrsbaaC6ONKQ',
    numPallets: '0',
    unitsPerPallet: '100',
    variantData: { '8oz': [Object] },
    appliedFees: {
      pallet_cost: false,
      warehouse_services: false,
      pallet_build: false,
      floor_space: 'none',
      truck_transfer_zone: 'none'
    }
  }
}

stderr | src/services/cpg/distributionCostCalculator.service.test.ts > DistributionCostCalculatorService > Validation > should validate units per pallet > 0
[DistributionCostCalculatorService] Distribution calculation validation failed {
  errors: 'unitsPerPallet: Must be greater than 0; pallet_data: Invalid input: expected array, received undefined; variantData.8oz.quantity: Invalid input: expected number, received undefined; selectedFees: Invalid input: expected array, received undefined',
  params: {
    distributorId: 'gnRNP4g8bs0twU8lPA6sf',
    numPallets: '1',
    unitsPerPallet: '0',
    variantData: { '8oz': [Object] },
    appliedFees: {
      pallet_cost: false,
      warehouse_services: false,
      pallet_build: false,
      floor_space: 'none',
      truck_transfer_zone: 'none'
    }
  }
}

stderr | src/services/cpg/distributionCostCalculator.service.test.ts > DistributionCostCalculatorService > Validation > should validate variant data exists
[DistributionCostCalculatorService] Distribution calculation validation failed {
  errors: 'pallet_data: Invalid input: expected array, received undefined; variantData: At least one variant is required; selectedFees: Invalid input: expected array, received undefined',
  params: {
    distributorId: 'gFIfSc6HhRuhlmEtrbCre',
    numPallets: '1',
    unitsPerPallet: '100',
    variantData: {},
    appliedFees: {
      pallet_cost: false,
      warehouse_services: false,
      pallet_build: false,
      floor_space: 'none',
      truck_transfer_zone: 'none'
    }
  }
}

stderr | src/services/cpg/distributionCostCalculator.service.test.ts > DistributionCostCalculatorService > Validation > should validate negative price
[DistributionCostCalculatorService] Distribution calculation validation failed {
  errors: 'pallet_data: Invalid input: expected array, received undefined; variantData.8oz.price_per_unit: Must be a positive number with up to 6 decimal places; variantData.8oz.price_per_unit: Must be greater than 0; variantData.8oz.quantity: Invalid input: expected number, received undefined; selectedFees: Invalid input: expected array, received undefined',
  params: {
    distributorId: '9EzClr6zonYznjJvCA75A',
    numPallets: '1',
    unitsPerPallet: '100',
    variantData: { '8oz': [Object] },
    appliedFees: {
      pallet_cost: false,
      warehouse_services: false,
      pallet_build: false,
      floor_space: 'none',
      truck_transfer_zone: 'none'
    }
  }
}

stderr | src/services/cpg/distributionCostCalculator.service.test.ts > DistributionCostCalculatorService > Validation > should validate negative base CPU
[DistributionCostCalculatorService] Distribution calculation validation failed {
  errors: 'pallet_data: Invalid input: expected array, received undefined; variantData.8oz.base_cpu: Must be a non-negative number with up to 6 decimal places; variantData.8oz.base_cpu: Cannot be negative; variantData.8oz.quantity: Invalid input: expected number, received undefined; selectedFees: Invalid input: expected array, received undefined',
  params: {
    distributorId: '7L9wtAGKY56jtnxJITDyL',
    numPallets: '1',
    unitsPerPallet: '100',
    variantData: { '8oz': [Object] },
    appliedFees: {
      pallet_cost: false,
      warehouse_services: false,
      pallet_build: false,
      floor_space: 'none',
      truck_transfer_zone: 'none'
    }
  }
}

stdout | src/pages/auth/Signup.test.tsx > Signup Page with Charity Selection > credentials step > should show validation error when passwords do not match
🌐 API Request: GET https://api.audacious.money/products

stderr | src/pages/auth/Signup.test.tsx > Signup Page with Charity Selection > credentials step > should show validation error when passwords do not match
Warning: An update to Signup inside a test was not wrapped in act(...).

When testing, code that causes React state updates should be wrapped into act(...):

act(() => {
  /* fire events that update state */
});
/* assert on the output */

This ensures that you're testing the behavior the user would see in the browser. Learn more at https://reactjs.org/link/wrap-tests-with-act
    at Signup (C:/Users/Admin/graceful_books/src/pages/auth/Signup.tsx:11:67)
    at Router (C:\Users\Admin\graceful_books\node_modules\react-router\dist\umd\react-router.development.js:1207:17)
    at BrowserRouter (C:\Users\Admin\graceful_books\node_modules\react-router-dom\dist\umd\react-router-dom.development.js:695:7)

stderr | src/pages/auth/Signup.test.tsx > Signup Page with Charity Selection > credentials step > should show validation error when passwords do not match
Warning: An update to Signup inside a test was not wrapped in act(...).

When testing, code that causes React state updates should be wrapped into act(...):

act(() => {
  /* fire events that update state */
});
/* assert on the output */

This ensures that you're testing the behavior the user would see in the browser. Learn more at https://reactjs.org/link/wrap-tests-with-act
    at Signup (C:/Users/Admin/graceful_books/src/pages/auth/Signup.tsx:11:67)
    at Router (C:\Users\Admin\graceful_books\node_modules\react-router\dist\umd\react-router.development.js:1207:17)
    at BrowserRouter (C:\Users\Admin\graceful_books\node_modules\react-router-dom\dist\umd\react-router-dom.development.js:695:7)

stderr | src/pages/auth/Signup.test.tsx > Signup Page with Charity Selection > credentials step > should show validation error when passwords do not match
Warning: An update to Signup inside a test was not wrapped in act(...).

When testing, code that causes React state updates should be wrapped into act(...):

act(() => {
  /* fire events that update state */
});
/* assert on the output */

This ensures that you're testing the behavior the user would see in the browser. Learn more at https://reactjs.org/link/wrap-tests-with-act
    at Signup (C:/Users/Admin/graceful_books/src/pages/auth/Signup.tsx:11:67)
    at Router (C:\Users\Admin\graceful_books\node_modules\react-router\dist\umd\react-router.development.js:1207:17)
    at BrowserRouter (C:\Users\Admin\graceful_books\node_modules\react-router-dom\dist\umd\react-router-dom.development.js:695:7)

stderr | src/pages/auth/Signup.test.tsx > Signup Page with Charity Selection > credentials step > should show validation error when passwords do not match
Warning: An update to Signup inside a test was not wrapped in act(...).

When testing, code that causes React state updates should be wrapped into act(...):

act(() => {
  /* fire events that update state */
});
/* assert on the output */

This ensures that you're testing the behavior the user would see in the browser. Learn more at https://reactjs.org/link/wrap-tests-with-act
    at Signup (C:/Users/Admin/graceful_books/src/pages/auth/Signup.tsx:11:67)
    at Router (C:\Users\Admin\graceful_books\node_modules\react-router\dist\umd\react-router.development.js:1207:17)
    at BrowserRouter (C:\Users\Admin\graceful_books\node_modules\react-router-dom\dist\umd\react-router-dom.development.js:695:7)

stderr | src/pages/auth/Signup.test.tsx > Signup Page with Charity Selection > credentials step > should show validation error when passwords do not match
Warning: An update to Signup inside a test was not wrapped in act(...).

When testing, code that causes React state updates should be wrapped into act(...):

act(() => {
  /* fire events that update state */
});
/* assert on the output */

This ensures that you're testing the behavior the user would see in the browser. Learn more at https://reactjs.org/link/wrap-tests-with-act
    at Signup (C:/Users/Admin/graceful_books/src/pages/auth/Signup.tsx:11:67)
    at Router (C:\Users\Admin\graceful_books\node_modules\react-router\dist\umd\react-router.development.js:1207:17)
    at BrowserRouter (C:\Users\Admin\graceful_books\node_modules\react-router-dom\dist\umd\react-router-dom.development.js:695:7)

stderr | src/pages/auth/Signup.test.tsx > Signup Page with Charity Selection > credentials step > should show validation error when passwords do not match
Warning: An update to Signup inside a test was not wrapped in act(...).

When testing, code that causes React state updates should be wrapped into act(...):

act(() => {
  /* fire events that update state */
});
/* assert on the output */

This ensures that you're testing the behavior the user would see in the browser. Learn more at https://reactjs.org/link/wrap-tests-with-act
    at Signup (C:/Users/Admin/graceful_books/src/pages/auth/Signup.tsx:11:67)
    at Router (C:\Users\Admin\graceful_books\node_modules\react-router\dist\umd\react-router.development.js:1207:17)
    at BrowserRouter (C:\Users\Admin\graceful_books\node_modules\react-router-dom\dist\umd\react-router-dom.development.js:695:7)

stderr | src/pages/auth/Signup.test.tsx > Signup Page with Charity Selection > credentials step > should show validation error when passwords do not match
Warning: An update to Signup inside a test was not wrapped in act(...).

When testing, code that causes React state updates should be wrapped into act(...):

act(() => {
  /* fire events that update state */
});
/* assert on the output */

This ensures that you're testing the behavior the user would see in the browser. Learn more at https://reactjs.org/link/wrap-tests-with-act
    at Signup (C:/Users/Admin/graceful_books/src/pages/auth/Signup.tsx:11:67)
    at Router (C:\Users\Admin\graceful_books\node_modules\react-router\dist\umd\react-router.development.js:1207:17)
    at BrowserRouter (C:\Users\Admin\graceful_books\node_modules\react-router-dom\dist\umd\react-router-dom.development.js:695:7)

stderr | src/pages/auth/Signup.test.tsx > Signup Page with Charity Selection > credentials step > should show validation error when passwords do not match
Warning: An update to Signup inside a test was not wrapped in act(...).

When testing, code that causes React state updates should be wrapped into act(...):

act(() => {
  /* fire events that update state */
});
/* assert on the output */

This ensures that you're testing the behavior the user would see in the browser. Learn more at https://reactjs.org/link/wrap-tests-with-act
    at Signup (C:/Users/Admin/graceful_books/src/pages/auth/Signup.tsx:11:67)
    at Router (C:\Users\Admin\graceful_books\node_modules\react-router\dist\umd\react-router.development.js:1207:17)
    at BrowserRouter (C:\Users\Admin\graceful_books\node_modules\react-router-dom\dist\umd\react-router-dom.development.js:695:7)

stderr | src/pages/auth/Signup.test.tsx > Signup Page with Charity Selection > credentials step > should show validation error when passwords do not match
Warning: An update to Signup inside a test was not wrapped in act(...).

When testing, code that causes React state updates should be wrapped into act(...):

act(() => {
  /* fire events that update state */
});
/* assert on the output */

This ensures that you're testing the behavior the user would see in the browser. Learn more at https://reactjs.org/link/wrap-tests-with-act
    at Signup (C:/Users/Admin/graceful_books/src/pages/auth/Signup.tsx:11:67)
    at Router (C:\Users\Admin\graceful_books\node_modules\react-router\dist\umd\react-router.development.js:1207:17)
    at BrowserRouter (C:\Users\Admin\graceful_books\node_modules\react-router-dom\dist\umd\react-router-dom.development.js:695:7)

stderr | src/pages/auth/Signup.test.tsx > Signup Page with Charity Selection > credentials step > should show validation error when passwords do not match
Warning: An update to Signup inside a test was not wrapped in act(...).

When testing, code that causes React state updates should be wrapped into act(...):

act(() => {
  /* fire events that update state */
});
/* assert on the output */

This ensures that you're testing the behavior the user would see in the browser. Learn more at https://reactjs.org/link/wrap-tests-with-act
    at Signup (C:/Users/Admin/graceful_books/src/pages/auth/Signup.tsx:11:67)
    at Router (C:\Users\Admin\graceful_books\node_modules\react-router\dist\umd\react-router.development.js:1207:17)
    at BrowserRouter (C:\Users\Admin\graceful_books\node_modules\react-router-dom\dist\umd\react-router-dom.development.js:695:7)

stderr | src/pages/auth/Signup.test.tsx > Signup Page with Charity Selection > credentials step > should show validation error when passwords do not match
Warning: An update to Signup inside a test was not wrapped in act(...).

When testing, code that causes React state updates should be wrapped into act(...):

act(() => {
  /* fire events that update state */
});
/* assert on the output */

This ensures that you're testing the behavior the user would see in the browser. Learn more at https://reactjs.org/link/wrap-tests-with-act
    at Signup (C:/Users/Admin/graceful_books/src/pages/auth/Signup.tsx:11:67)
    at Router (C:\Users\Admin\graceful_books\node_modules\react-router\dist\umd\react-router.development.js:1207:17)
    at BrowserRouter (C:\Users\Admin\graceful_books\node_modules\react-router-dom\dist\umd\react-router-dom.development.js:695:7)

stderr | src/pages/auth/Signup.test.tsx > Signup Page with Charity Selection > credentials step > should show validation error when passwords do not match
Warning: An update to Signup inside a test was not wrapped in act(...).

When testing, code that causes React state updates should be wrapped into act(...):

act(() => {
  /* fire events that update state */
});
/* assert on the output */

This ensures that you're testing the behavior the user would see in the browser. Learn more at https://reactjs.org/link/wrap-tests-with-act
    at Signup (C:/Users/Admin/graceful_books/src/pages/auth/Signup.tsx:11:67)
    at Router (C:\Users\Admin\graceful_books\node_modules\react-router\dist\umd\react-router.development.js:1207:17)
    at BrowserRouter (C:\Users\Admin\graceful_books\node_modules\react-router-dom\dist\umd\react-router-dom.development.js:695:7)

stderr | src/pages/auth/Signup.test.tsx > Signup Page with Charity Selection > credentials step > should show validation error when passwords do not match
Warning: An update to Signup inside a test was not wrapped in act(...).

When testing, code that causes React state updates should be wrapped into act(...):

act(() => {
  /* fire events that update state */
});
/* assert on the output */

This ensures that you're testing the behavior the user would see in the browser. Learn more at https://reactjs.org/link/wrap-tests-with-act
    at Signup (C:/Users/Admin/graceful_books/src/pages/auth/Signup.tsx:11:67)
    at Router (C:\Users\Admin\graceful_books\node_modules\react-router\dist\umd\react-router.development.js:1207:17)
    at BrowserRouter (C:\Users\Admin\graceful_books\node_modules\react-router-dom\dist\umd\react-router-dom.development.js:695:7)

stderr | src/pages/auth/Signup.test.tsx > Signup Page with Charity Selection > credentials step > should show validation error when passwords do not match
Warning: An update to Signup inside a test was not wrapped in act(...).

When testing, code that causes React state updates should be wrapped into act(...):

act(() => {
  /* fire events that update state */
});
/* assert on the output */

This ensures that you're testing the behavior the user would see in the browser. Learn more at https://reactjs.org/link/wrap-tests-with-act
    at Signup (C:/Users/Admin/graceful_books/src/pages/auth/Signup.tsx:11:67)
    at Router (C:\Users\Admin\graceful_books\node_modules\react-router\dist\umd\react-router.development.js:1207:17)
    at BrowserRouter (C:\Users\Admin\graceful_books\node_modules\react-router-dom\dist\umd\react-router-dom.development.js:695:7)

stderr | src/pages/auth/Signup.test.tsx > Signup Page with Charity Selection > credentials step > should show validation error when passwords do not match
Warning: An update to Signup inside a test was not wrapped in act(...).

When testing, code that causes React state updates should be wrapped into act(...):

act(() => {
  /* fire events that update state */
});
/* assert on the output */

This ensures that you're testing the behavior the user would see in the browser. Learn more at https://reactjs.org/link/wrap-tests-with-act
    at Signup (C:/Users/Admin/graceful_books/src/pages/auth/Signup.tsx:11:67)
    at Router (C:\Users\Admin\graceful_books\node_modules\react-router\dist\umd\react-router.development.js:1207:17)
    at BrowserRouter (C:\Users\Admin\graceful_books\node_modules\react-router-dom\dist\umd\react-router-dom.development.js:695:7)

stderr | src/pages/auth/Signup.test.tsx > Signup Page with Charity Selection > credentials step > should show validation error when passwords do not match
Warning: An update to Signup inside a test was not wrapped in act(...).

When testing, code that causes React state updates should be wrapped into act(...):

act(() => {
  /* fire events that update state */
});
/* assert on the output */

This ensures that you're testing the behavior the user would see in the browser. Learn more at https://reactjs.org/link/wrap-tests-with-act
    at Signup (C:/Users/Admin/graceful_books/src/pages/auth/Signup.tsx:11:67)
    at Router (C:\Users\Admin\graceful_books\node_modules\react-router\dist\umd\react-router.development.js:1207:17)
    at BrowserRouter (C:\Users\Admin\graceful_books\node_modules\react-router-dom\dist\umd\react-router-dom.development.js:695:7)

stderr | src/pages/auth/Signup.test.tsx > Signup Page with Charity Selection > credentials step > should show validation error when passwords do not match
Warning: An update to Signup inside a test was not wrapped in act(...).

When testing, code that causes React state updates should be wrapped into act(...):

act(() => {
  /* fire events that update state */
});
/* assert on the output */

This ensures that you're testing the behavior the user would see in the browser. Learn more at https://reactjs.org/link/wrap-tests-with-act
    at Signup (C:/Users/Admin/graceful_books/src/pages/auth/Signup.tsx:11:67)
    at Router (C:\Users\Admin\graceful_books\node_modules\react-router\dist\umd\react-router.development.js:1207:17)
    at BrowserRouter (C:\Users\Admin\graceful_books\node_modules\react-router-dom\dist\umd\react-router-dom.development.js:695:7)

stderr | src/pages/auth/Signup.test.tsx > Signup Page with Charity Selection > credentials step > should show validation error when passwords do not match
Warning: An update to Signup inside a test was not wrapped in act(...).

When testing, code that causes React state updates should be wrapped into act(...):

act(() => {
  /* fire events that update state */
});
/* assert on the output */

This ensures that you're testing the behavior the user would see in the browser. Learn more at https://reactjs.org/link/wrap-tests-with-act
    at Signup (C:/Users/Admin/graceful_books/src/pages/auth/Signup.tsx:11:67)
    at Router (C:\Users\Admin\graceful_books\node_modules\react-router\dist\umd\react-router.development.js:1207:17)
    at BrowserRouter (C:\Users\Admin\graceful_books\node_modules\react-router-dom\dist\umd\react-router-dom.development.js:695:7)

stderr | src/pages/auth/Signup.test.tsx > Signup Page with Charity Selection > credentials step > should show validation error when passwords do not match
Warning: An update to Signup inside a test was not wrapped in act(...).

When testing, code that causes React state updates should be wrapped into act(...):

act(() => {
  /* fire events that update state */
});
/* assert on the output */

This ensures that you're testing the behavior the user would see in the browser. Learn more at https://reactjs.org/link/wrap-tests-with-act
    at Signup (C:/Users/Admin/graceful_books/src/pages/auth/Signup.tsx:11:67)
    at Router (C:\Users\Admin\graceful_books\node_modules\react-router\dist\umd\react-router.development.js:1207:17)
    at BrowserRouter (C:\Users\Admin\graceful_books\node_modules\react-router-dom\dist\umd\react-router-dom.development.js:695:7)

stderr | src/pages/auth/Signup.test.tsx > Signup Page with Charity Selection > credentials step > should show validation error when passwords do not match
Warning: An update to Signup inside a test was not wrapped in act(...).

When testing, code that causes React state updates should be wrapped into act(...):

act(() => {
  /* fire events that update state */
});
/* assert on the output */

This ensures that you're testing the behavior the user would see in the browser. Learn more at https://reactjs.org/link/wrap-tests-with-act
    at Signup (C:/Users/Admin/graceful_books/src/pages/auth/Signup.tsx:11:67)
    at Router (C:\Users\Admin\graceful_books\node_modules\react-router\dist\umd\react-router.development.js:1207:17)
    at BrowserRouter (C:\Users\Admin\graceful_books\node_modules\react-router-dom\dist\umd\react-router-dom.development.js:695:7)

stderr | src/pages/auth/Signup.test.tsx > Signup Page with Charity Selection > credentials step > should show validation error when passwords do not match
Warning: An update to Signup inside a test was not wrapped in act(...).

When testing, code that causes React state updates should be wrapped into act(...):

act(() => {
  /* fire events that update state */
});
/* assert on the output */

This ensures that you're testing the behavior the user would see in the browser. Learn more at https://reactjs.org/link/wrap-tests-with-act
    at Signup (C:/Users/Admin/graceful_books/src/pages/auth/Signup.tsx:11:67)
    at Router (C:\Users\Admin\graceful_books\node_modules\react-router\dist\umd\react-router.development.js:1207:17)
    at BrowserRouter (C:\Users\Admin\graceful_books\node_modules\react-router-dom\dist\umd\react-router-dom.development.js:695:7)

stderr | src/pages/auth/Signup.test.tsx > Signup Page with Charity Selection > credentials step > should show validation error when passwords do not match
Warning: An update to Signup inside a test was not wrapped in act(...).

When testing, code that causes React state updates should be wrapped into act(...):

act(() => {
  /* fire events that update state */
});
/* assert on the output */

This ensures that you're testing the behavior the user would see in the browser. Learn more at https://reactjs.org/link/wrap-tests-with-act
    at Signup (C:/Users/Admin/graceful_books/src/pages/auth/Signup.tsx:11:67)
    at Router (C:\Users\Admin\graceful_books\node_modules\react-router\dist\umd\react-router.development.js:1207:17)
    at BrowserRouter (C:\Users\Admin\graceful_books\node_modules\react-router-dom\dist\umd\react-router-dom.development.js:695:7)

stderr | src/pages/auth/Signup.test.tsx > Signup Page with Charity Selection > credentials step > should show validation error when passwords do not match
Warning: An update to Signup inside a test was not wrapped in act(...).

When testing, code that causes React state updates should be wrapped into act(...):

act(() => {
  /* fire events that update state */
});
/* assert on the output */

This ensures that you're testing the behavior the user would see in the browser. Learn more at https://reactjs.org/link/wrap-tests-with-act
    at Signup (C:/Users/Admin/graceful_books/src/pages/auth/Signup.tsx:11:67)
    at Router (C:\Users\Admin\graceful_books\node_modules\react-router\dist\umd\react-router.development.js:1207:17)
    at BrowserRouter (C:\Users\Admin\graceful_books\node_modules\react-router-dom\dist\umd\react-router-dom.development.js:695:7)

stderr | src/pages/auth/Signup.test.tsx > Signup Page with Charity Selection > credentials step > should show validation error when passwords do not match
Warning: An update to Signup inside a test was not wrapped in act(...).

When testing, code that causes React state updates should be wrapped into act(...):

act(() => {
  /* fire events that update state */
});
/* assert on the output */

This ensures that you're testing the behavior the user would see in the browser. Learn more at https://reactjs.org/link/wrap-tests-with-act
    at Signup (C:/Users/Admin/graceful_books/src/pages/auth/Signup.tsx:11:67)
    at Router (C:\Users\Admin\graceful_books\node_modules\react-router\dist\umd\react-router.development.js:1207:17)
    at BrowserRouter (C:\Users\Admin\graceful_books\node_modules\react-router-dom\dist\umd\react-router-dom.development.js:695:7)

stderr | src/pages/auth/Signup.test.tsx > Signup Page with Charity Selection > credentials step > should show validation error when passwords do not match
Warning: An update to Signup inside a test was not wrapped in act(...).

When testing, code that causes React state updates should be wrapped into act(...):

act(() => {
  /* fire events that update state */
});
/* assert on the output */

This ensures that you're testing the behavior the user would see in the browser. Learn more at https://reactjs.org/link/wrap-tests-with-act
    at Signup (C:/Users/Admin/graceful_books/src/pages/auth/Signup.tsx:11:67)
    at Router (C:\Users\Admin\graceful_books\node_modules\react-router\dist\umd\react-router.development.js:1207:17)
    at BrowserRouter (C:\Users\Admin\graceful_books\node_modules\react-router-dom\dist\umd\react-router-dom.development.js:695:7)

stderr | src/pages/auth/Signup.test.tsx > Signup Page with Charity Selection > credentials step > should show validation error when passwords do not match
Warning: An update to Signup inside a test was not wrapped in act(...).

When testing, code that causes React state updates should be wrapped into act(...):

act(() => {
  /* fire events that update state */
});
/* assert on the output */

This ensures that you're testing the behavior the user would see in the browser. Learn more at https://reactjs.org/link/wrap-tests-with-act
    at Signup (C:/Users/Admin/graceful_books/src/pages/auth/Signup.tsx:11:67)
    at Router (C:\Users\Admin\graceful_books\node_modules\react-router\dist\umd\react-router.development.js:1207:17)
    at BrowserRouter (C:\Users\Admin\graceful_books\node_modules\react-router-dom\dist\umd\react-router-dom.development.js:695:7)

stderr | src/pages/auth/Signup.test.tsx > Signup Page with Charity Selection > credentials step > should show validation error when passwords do not match
Warning: An update to Signup inside a test was not wrapped in act(...).

When testing, code that causes React state updates should be wrapped into act(...):

act(() => {
  /* fire events that update state */
});
/* assert on the output */

This ensures that you're testing the behavior the user would see in the browser. Learn more at https://reactjs.org/link/wrap-tests-with-act
    at Signup (C:/Users/Admin/graceful_books/src/pages/auth/Signup.tsx:11:67)
    at Router (C:\Users\Admin\graceful_books\node_modules\react-router\dist\umd\react-router.development.js:1207:17)
    at BrowserRouter (C:\Users\Admin\graceful_books\node_modules\react-router-dom\dist\umd\react-router-dom.development.js:695:7)

stderr | src/pages/auth/Signup.test.tsx > Signup Page with Charity Selection > credentials step > should show validation error when passwords do not match
Warning: An update to Signup inside a test was not wrapped in act(...).

When testing, code that causes React state updates should be wrapped into act(...):

act(() => {
  /* fire events that update state */
});
/* assert on the output */

This ensures that you're testing the behavior the user would see in the browser. Learn more at https://reactjs.org/link/wrap-tests-with-act
    at Signup (C:/Users/Admin/graceful_books/src/pages/auth/Signup.tsx:11:67)
    at Router (C:\Users\Admin\graceful_books\node_modules\react-router\dist\umd\react-router.development.js:1207:17)
    at BrowserRouter (C:\Users\Admin\graceful_books\node_modules\react-router-dom\dist\umd\react-router-dom.development.js:695:7)

stderr | src/pages/auth/Signup.test.tsx > Signup Page with Charity Selection > credentials step > should show validation error when passwords do not match
Warning: An update to Signup inside a test was not wrapped in act(...).

When testing, code that causes React state updates should be wrapped into act(...):

act(() => {
  /* fire events that update state */
});
/* assert on the output */

This ensures that you're testing the behavior the user would see in the browser. Learn more at https://reactjs.org/link/wrap-tests-with-act
    at Signup (C:/Users/Admin/graceful_books/src/pages/auth/Signup.tsx:11:67)
    at Router (C:\Users\Admin\graceful_books\node_modules\react-router\dist\umd\react-router.development.js:1207:17)
    at BrowserRouter (C:\Users\Admin\graceful_books\node_modules\react-router-dom\dist\umd\react-router-dom.development.js:695:7)

stderr | src/pages/auth/Signup.test.tsx > Signup Page with Charity Selection > credentials step > should show validation error when passwords do not match
Warning: An update to Signup inside a test was not wrapped in act(...).

When testing, code that causes React state updates should be wrapped into act(...):

act(() => {
  /* fire events that update state */
});
/* assert on the output */

This ensures that you're testing the behavior the user would see in the browser. Learn more at https://reactjs.org/link/wrap-tests-with-act
    at Signup (C:/Users/Admin/graceful_books/src/pages/auth/Signup.tsx:11:67)
    at Router (C:\Users\Admin\graceful_books\node_modules\react-router\dist\umd\react-router.development.js:1207:17)
    at BrowserRouter (C:\Users\Admin\graceful_books\node_modules\react-router-dom\dist\umd\react-router-dom.development.js:695:7)

stderr | src/pages/auth/Signup.test.tsx > Signup Page with Charity Selection > credentials step > should show validation error when passwords do not match
Warning: An update to Signup inside a test was not wrapped in act(...).

When testing, code that causes React state updates should be wrapped into act(...):

act(() => {
  /* fire events that update state */
});
/* assert on the output */

This ensures that you're testing the behavior the user would see in the browser. Learn more at https://reactjs.org/link/wrap-tests-with-act
    at Signup (C:/Users/Admin/graceful_books/src/pages/auth/Signup.tsx:11:67)
    at Router (C:\Users\Admin\graceful_books\node_modules\react-router\dist\umd\react-router.development.js:1207:17)
    at BrowserRouter (C:\Users\Admin\graceful_books\node_modules\react-router-dom\dist\umd\react-router-dom.development.js:695:7)

stderr | src/pages/auth/Signup.test.tsx > Signup Page with Charity Selection > credentials step > should show validation error when passwords do not match
Warning: An update to Signup inside a test was not wrapped in act(...).

When testing, code that causes React state updates should be wrapped into act(...):

act(() => {
  /* fire events that update state */
});
/* assert on the output */

This ensures that you're testing the behavior the user would see in the browser. Learn more at https://reactjs.org/link/wrap-tests-with-act
    at Signup (C:/Users/Admin/graceful_books/src/pages/auth/Signup.tsx:11:67)
    at Router (C:\Users\Admin\graceful_books\node_modules\react-router\dist\umd\react-router.development.js:1207:17)
    at BrowserRouter (C:\Users\Admin\graceful_books\node_modules\react-router-dom\dist\umd\react-router-dom.development.js:695:7)

stderr | src/pages/auth/Signup.test.tsx > Signup Page with Charity Selection > credentials step > should show validation error when passwords do not match
Warning: An update to Signup inside a test was not wrapped in act(...).

When testing, code that causes React state updates should be wrapped into act(...):

act(() => {
  /* fire events that update state */
});
/* assert on the output */

This ensures that you're testing the behavior the user would see in the browser. Learn more at https://reactjs.org/link/wrap-tests-with-act
    at Signup (C:/Users/Admin/graceful_books/src/pages/auth/Signup.tsx:11:67)
    at Router (C:\Users\Admin\graceful_books\node_modules\react-router\dist\umd\react-router.development.js:1207:17)
    at BrowserRouter (C:\Users\Admin\graceful_books\node_modules\react-router-dom\dist\umd\react-router-dom.development.js:695:7)

stderr | src/pages/auth/Signup.test.tsx > Signup Page with Charity Selection > credentials step > should show validation error when passwords do not match
Warning: An update to Signup inside a test was not wrapped in act(...).

When testing, code that causes React state updates should be wrapped into act(...):

act(() => {
  /* fire events that update state */
});
/* assert on the output */

This ensures that you're testing the behavior the user would see in the browser. Learn more at https://reactjs.org/link/wrap-tests-with-act
    at Signup (C:/Users/Admin/graceful_books/src/pages/auth/Signup.tsx:11:67)
    at Router (C:\Users\Admin\graceful_books\node_modules\react-router\dist\umd\react-router.development.js:1207:17)
    at BrowserRouter (C:\Users\Admin\graceful_books\node_modules\react-router-dom\dist\umd\react-router-dom.development.js:695:7)

stderr | src/pages/auth/Signup.test.tsx > Signup Page with Charity Selection > credentials step > should show validation error when passwords do not match
Warning: An update to Signup inside a test was not wrapped in act(...).

When testing, code that causes React state updates should be wrapped into act(...):

act(() => {
  /* fire events that update state */
});
/* assert on the output */

This ensures that you're testing the behavior the user would see in the browser. Learn more at https://reactjs.org/link/wrap-tests-with-act
    at Signup (C:/Users/Admin/graceful_books/src/pages/auth/Signup.tsx:11:67)
    at Router (C:\Users\Admin\graceful_books\node_modules\react-router\dist\umd\react-router.development.js:1207:17)
    at BrowserRouter (C:\Users\Admin\graceful_books\node_modules\react-router-dom\dist\umd\react-router-dom.development.js:695:7)

stderr | src/pages/auth/Signup.test.tsx > Signup Page with Charity Selection > credentials step > should show validation error when passwords do not match
Warning: An update to Signup inside a test was not wrapped in act(...).

When testing, code that causes React state updates should be wrapped into act(...):

act(() => {
  /* fire events that update state */
});
/* assert on the output */

This ensures that you're testing the behavior the user would see in the browser. Learn more at https://reactjs.org/link/wrap-tests-with-act
    at Signup (C:/Users/Admin/graceful_books/src/pages/auth/Signup.tsx:11:67)
    at Router (C:\Users\Admin\graceful_books\node_modules\react-router\dist\umd\react-router.development.js:1207:17)
    at BrowserRouter (C:\Users\Admin\graceful_books\node_modules\react-router-dom\dist\umd\react-router-dom.development.js:695:7)

stdout | src/pages/auth/Signup.test.tsx > Signup Page with Charity Selection > credentials step > should show validation error when passwords do not match
🌐 Response status: 200 OK

stderr | src/services/cpg/distributionCostCalculator.service.test.ts > DistributionCostCalculatorService > Validation > should validate floor space days > 0
[DistributionCostCalculatorService] Distribution calculation validation failed {
  errors: 'pallet_data: Invalid input: expected array, received undefined; variantData.8oz.quantity: Invalid input: expected number, received undefined; selectedFees: Invalid input: expected array, received undefined',
  params: {
    distributorId: 'JBeNv53dyNj-xls_21DsM',
    numPallets: '1',
    unitsPerPallet: '100',
    variantData: { '8oz': [Object] },
    appliedFees: {
      pallet_cost: false,
      warehouse_services: false,
      pallet_build: false,
      floor_space: 'full_day',
      floor_space_days: '0',
      truck_transfer_zone: 'none'
    }
  }
}

stderr | src/services/cpg/distributionCostCalculator.service.test.ts > DistributionCostCalculatorService > Validation > should validate negative MSRP markup
[DistributionCostCalculatorService] Distribution calculation validation failed {
  errors: 'pallet_data: Invalid input: expected array, received undefined; variantData.8oz.quantity: Invalid input: expected number, received undefined; selectedFees: Invalid input: expected array, received undefined; msrpMarkupPercentage: Must be a number with up to 2 decimal places; msrpMarkupPercentage: Markup percentage must be between 0 and 10,000',
  params: {
    distributorId: 'kmDtudk-b0wc_M1bDOfZY',
    numPallets: '1',
    unitsPerPallet: '100',
    variantData: { '8oz': [Object] },
    appliedFees: {
      pallet_cost: false,
      warehouse_services: false,
      pallet_build: false,
      floor_space: 'none',
      truck_transfer_zone: 'none'
    },
    msrpMarkupPercentage: '-50'
  }
}

stdout | src/pages/auth/Signup.test.tsx > Signup Page with Charity Selection > credentials step > should proceed to charity selection when passwords match
🌐 API Request: GET https://api.audacious.money/products

stderr | src/pages/auth/Signup.test.tsx > Signup Page with Charity Selection > credentials step > should proceed to charity selection when passwords match
Warning: An update to Signup inside a test was not wrapped in act(...).

When testing, code that causes React state updates should be wrapped into act(...):

act(() => {
  /* fire events that update state */
});
/* assert on the output */

This ensures that you're testing the behavior the user would see in the browser. Learn more at https://reactjs.org/link/wrap-tests-with-act
    at Signup (C:/Users/Admin/graceful_books/src/pages/auth/Signup.tsx:11:67)
    at Router (C:\Users\Admin\graceful_books\node_modules\react-router\dist\umd\react-router.development.js:1207:17)
    at BrowserRouter (C:\Users\Admin\graceful_books\node_modules\react-router-dom\dist\umd\react-router-dom.development.js:695:7)

stderr | src/pages/auth/Signup.test.tsx > Signup Page with Charity Selection > credentials step > should proceed to charity selection when passwords match
Warning: An update to Signup inside a test was not wrapped in act(...).

When testing, code that causes React state updates should be wrapped into act(...):

act(() => {
  /* fire events that update state */
});
/* assert on the output */

This ensures that you're testing the behavior the user would see in the browser. Learn more at https://reactjs.org/link/wrap-tests-with-act
    at Signup (C:/Users/Admin/graceful_books/src/pages/auth/Signup.tsx:11:67)
    at Router (C:\Users\Admin\graceful_books\node_modules\react-router\dist\umd\react-router.development.js:1207:17)
    at BrowserRouter (C:\Users\Admin\graceful_books\node_modules\react-router-dom\dist\umd\react-router-dom.development.js:695:7)

stderr | src/pages/auth/Signup.test.tsx > Signup Page with Charity Selection > credentials step > should proceed to charity selection when passwords match
Warning: An update to Signup inside a test was not wrapped in act(...).

When testing, code that causes React state updates should be wrapped into act(...):

act(() => {
  /* fire events that update state */
});
/* assert on the output */

This ensures that you're testing the behavior the user would see in the browser. Learn more at https://reactjs.org/link/wrap-tests-with-act
    at Signup (C:/Users/Admin/graceful_books/src/pages/auth/Signup.tsx:11:67)
    at Router (C:\Users\Admin\graceful_books\node_modules\react-router\dist\umd\react-router.development.js:1207:17)
    at BrowserRouter (C:\Users\Admin\graceful_books\node_modules\react-router-dom\dist\umd\react-router-dom.development.js:695:7)

stderr | src/pages/auth/Signup.test.tsx > Signup Page with Charity Selection > credentials step > should proceed to charity selection when passwords match
Warning: An update to Signup inside a test was not wrapped in act(...).

When testing, code that causes React state updates should be wrapped into act(...):

act(() => {
  /* fire events that update state */
});
/* assert on the output */

This ensures that you're testing the behavior the user would see in the browser. Learn more at https://reactjs.org/link/wrap-tests-with-act
    at Signup (C:/Users/Admin/graceful_books/src/pages/auth/Signup.tsx:11:67)
    at Router (C:\Users\Admin\graceful_books\node_modules\react-router\dist\umd\react-router.development.js:1207:17)
    at BrowserRouter (C:\Users\Admin\graceful_books\node_modules\react-router-dom\dist\umd\react-router-dom.development.js:695:7)

stderr | src/pages/auth/Signup.test.tsx > Signup Page with Charity Selection > credentials step > should proceed to charity selection when passwords match
Warning: An update to Signup inside a test was not wrapped in act(...).

When testing, code that causes React state updates should be wrapped into act(...):

act(() => {
  /* fire events that update state */
});
/* assert on the output */

This ensures that you're testing the behavior the user would see in the browser. Learn more at https://reactjs.org/link/wrap-tests-with-act
    at Signup (C:/Users/Admin/graceful_books/src/pages/auth/Signup.tsx:11:67)
    at Router (C:\Users\Admin\graceful_books\node_modules\react-router\dist\umd\react-router.development.js:1207:17)
    at BrowserRouter (C:\Users\Admin\graceful_books\node_modules\react-router-dom\dist\umd\react-router-dom.development.js:695:7)

stderr | src/pages/auth/Signup.test.tsx > Signup Page with Charity Selection > credentials step > should proceed to charity selection when passwords match
Warning: An update to Signup inside a test was not wrapped in act(...).

When testing, code that causes React state updates should be wrapped into act(...):

act(() => {
  /* fire events that update state */
});
/* assert on the output */

This ensures that you're testing the behavior the user would see in the browser. Learn more at https://reactjs.org/link/wrap-tests-with-act
    at Signup (C:/Users/Admin/graceful_books/src/pages/auth/Signup.tsx:11:67)
    at Router (C:\Users\Admin\graceful_books\node_modules\react-router\dist\umd\react-router.development.js:1207:17)
    at BrowserRouter (C:\Users\Admin\graceful_books\node_modules\react-router-dom\dist\umd\react-router-dom.development.js:695:7)

stdout | src/pages/auth/Signup.test.tsx > Signup Page with Charity Selection > credentials step > should proceed to charity selection when passwords match
🌐 Response status: 200 OK

stderr | src/pages/auth/Signup.test.tsx > Signup Page with Charity Selection > credentials step > should proceed to charity selection when passwords match
Warning: An update to Signup inside a test was not wrapped in act(...).

When testing, code that causes React state updates should be wrapped into act(...):

act(() => {
  /* fire events that update state */
});
/* assert on the output */

This ensures that you're testing the behavior the user would see in the browser. Learn more at https://reactjs.org/link/wrap-tests-with-act
    at Signup (C:/Users/Admin/graceful_books/src/pages/auth/Signup.tsx:11:67)
    at Router (C:\Users\Admin\graceful_books\node_modules\react-router\dist\umd\react-router.development.js:1207:17)
    at BrowserRouter (C:\Users\Admin\graceful_books\node_modules\react-router-dom\dist\umd\react-router-dom.development.js:695:7)

stderr | src/pages/auth/Signup.test.tsx > Signup Page with Charity Selection > credentials step > should proceed to charity selection when passwords match
Warning: An update to Signup inside a test was not wrapped in act(...).

When testing, code that causes React state updates should be wrapped into act(...):

act(() => {
  /* fire events that update state */
});
/* assert on the output */

This ensures that you're testing the behavior the user would see in the browser. Learn more at https://reactjs.org/link/wrap-tests-with-act
    at Signup (C:/Users/Admin/graceful_books/src/pages/auth/Signup.tsx:11:67)
    at Router (C:\Users\Admin\graceful_books\node_modules\react-router\dist\umd\react-router.development.js:1207:17)
    at BrowserRouter (C:\Users\Admin\graceful_books\node_modules\react-router-dom\dist\umd\react-router-dom.development.js:695:7)

stderr | src/pages/auth/Signup.test.tsx > Signup Page with Charity Selection > credentials step > should proceed to charity selection when passwords match
Warning: An update to Signup inside a test was not wrapped in act(...).

When testing, code that causes React state updates should be wrapped into act(...):

act(() => {
  /* fire events that update state */
});
/* assert on the output */

This ensures that you're testing the behavior the user would see in the browser. Learn more at https://reactjs.org/link/wrap-tests-with-act
    at Signup (C:/Users/Admin/graceful_books/src/pages/auth/Signup.tsx:11:67)
    at Router (C:\Users\Admin\graceful_books\node_modules\react-router\dist\umd\react-router.development.js:1207:17)
    at BrowserRouter (C:\Users\Admin\graceful_books\node_modules\react-router-dom\dist\umd\react-router-dom.development.js:695:7)

stderr | src/pages/auth/Signup.test.tsx > Signup Page with Charity Selection > credentials step > should proceed to charity selection when passwords match
Warning: An update to Signup inside a test was not wrapped in act(...).

When testing, code that causes React state updates should be wrapped into act(...):

act(() => {
  /* fire events that update state */
});
/* assert on the output */

This ensures that you're testing the behavior the user would see in the browser. Learn more at https://reactjs.org/link/wrap-tests-with-act
    at Signup (C:/Users/Admin/graceful_books/src/pages/auth/Signup.tsx:11:67)
    at Router (C:\Users\Admin\graceful_books\node_modules\react-router\dist\umd\react-router.development.js:1207:17)
    at BrowserRouter (C:\Users\Admin\graceful_books\node_modules\react-router-dom\dist\umd\react-router-dom.development.js:695:7)

stderr | src/pages/auth/Signup.test.tsx > Signup Page with Charity Selection > credentials step > should proceed to charity selection when passwords match
Warning: An update to Signup inside a test was not wrapped in act(...).

When testing, code that causes React state updates should be wrapped into act(...):

act(() => {
  /* fire events that update state */
});
/* assert on the output */

This ensures that you're testing the behavior the user would see in the browser. Learn more at https://reactjs.org/link/wrap-tests-with-act
    at Signup (C:/Users/Admin/graceful_books/src/pages/auth/Signup.tsx:11:67)
    at Router (C:\Users\Admin\graceful_books\node_modules\react-router\dist\umd\react-router.development.js:1207:17)
    at BrowserRouter (C:\Users\Admin\graceful_books\node_modules\react-router-dom\dist\umd\react-router-dom.development.js:695:7)

stderr | src/pages/auth/Signup.test.tsx > Signup Page with Charity Selection > credentials step > should proceed to charity selection when passwords match
Warning: An update to Signup inside a test was not wrapped in act(...).

When testing, code that causes React state updates should be wrapped into act(...):

act(() => {
  /* fire events that update state */
});
/* assert on the output */

This ensures that you're testing the behavior the user would see in the browser. Learn more at https://reactjs.org/link/wrap-tests-with-act
    at Signup (C:/Users/Admin/graceful_books/src/pages/auth/Signup.tsx:11:67)
    at Router (C:\Users\Admin\graceful_books\node_modules\react-router\dist\umd\react-router.development.js:1207:17)
    at BrowserRouter (C:\Users\Admin\graceful_books\node_modules\react-router-dom\dist\umd\react-router-dom.development.js:695:7)

stderr | src/pages/auth/Signup.test.tsx > Signup Page with Charity Selection > credentials step > should proceed to charity selection when passwords match
Warning: An update to Signup inside a test was not wrapped in act(...).

When testing, code that causes React state updates should be wrapped into act(...):

act(() => {
  /* fire events that update state */
});
/* assert on the output */

This ensures that you're testing the behavior the user would see in the browser. Learn more at https://reactjs.org/link/wrap-tests-with-act
    at Signup (C:/Users/Admin/graceful_books/src/pages/auth/Signup.tsx:11:67)
    at Router (C:\Users\Admin\graceful_books\node_modules\react-router\dist\umd\react-router.development.js:1207:17)
    at BrowserRouter (C:\Users\Admin\graceful_books\node_modules\react-router-dom\dist\umd\react-router-dom.development.js:695:7)

stderr | src/pages/auth/Signup.test.tsx > Signup Page with Charity Selection > credentials step > should proceed to charity selection when passwords match
Warning: An update to Signup inside a test was not wrapped in act(...).

When testing, code that causes React state updates should be wrapped into act(...):

act(() => {
  /* fire events that update state */
});
/* assert on the output */

This ensures that you're testing the behavior the user would see in the browser. Learn more at https://reactjs.org/link/wrap-tests-with-act
    at Signup (C:/Users/Admin/graceful_books/src/pages/auth/Signup.tsx:11:67)
    at Router (C:\Users\Admin\graceful_books\node_modules\react-router\dist\umd\react-router.development.js:1207:17)
    at BrowserRouter (C:\Users\Admin\graceful_books\node_modules\react-router-dom\dist\umd\react-router-dom.development.js:695:7)

stderr | src/pages/auth/Signup.test.tsx > Signup Page with Charity Selection > credentials step > should proceed to charity selection when passwords match
Warning: An update to Signup inside a test was not wrapped in act(...).

When testing, code that causes React state updates should be wrapped into act(...):

act(() => {
  /* fire events that update state */
});
/* assert on the output */

This ensures that you're testing the behavior the user would see in the browser. Learn more at https://reactjs.org/link/wrap-tests-with-act
    at Signup (C:/Users/Admin/graceful_books/src/pages/auth/Signup.tsx:11:67)
    at Router (C:\Users\Admin\graceful_books\node_modules\react-router\dist\umd\react-router.development.js:1207:17)
    at BrowserRouter (C:\Users\Admin\graceful_books\node_modules\react-router-dom\dist\umd\react-router-dom.development.js:695:7)

stderr | src/pages/auth/Signup.test.tsx > Signup Page with Charity Selection > credentials step > should proceed to charity selection when passwords match
Warning: An update to Signup inside a test was not wrapped in act(...).

When testing, code that causes React state updates should be wrapped into act(...):

act(() => {
  /* fire events that update state */
});
/* assert on the output */

This ensures that you're testing the behavior the user would see in the browser. Learn more at https://reactjs.org/link/wrap-tests-with-act
    at Signup (C:/Users/Admin/graceful_books/src/pages/auth/Signup.tsx:11:67)
    at Router (C:\Users\Admin\graceful_books\node_modules\react-router\dist\umd\react-router.development.js:1207:17)
    at BrowserRouter (C:\Users\Admin\graceful_books\node_modules\react-router-dom\dist\umd\react-router-dom.development.js:695:7)

stdout | src/pages/auth/Signup.test.tsx > Signup Page with Charity Selection > credentials step > should proceed to charity selection when passwords match
🌐 Response status: 200 OK

stderr | src/pages/auth/Signup.test.tsx > Signup Page with Charity Selection > credentials step > should proceed to charity selection when passwords match
Warning: An update to Signup inside a test was not wrapped in act(...).

When testing, code that causes React state updates should be wrapped into act(...):

act(() => {
  /* fire events that update state */
});
/* assert on the output */

This ensures that you're testing the behavior the user would see in the browser. Learn more at https://reactjs.org/link/wrap-tests-with-act
    at Signup (C:/Users/Admin/graceful_books/src/pages/auth/Signup.tsx:11:67)
    at Router (C:\Users\Admin\graceful_books\node_modules\react-router\dist\umd\react-router.development.js:1207:17)
    at BrowserRouter (C:\Users\Admin\graceful_books\node_modules\react-router-dom\dist\umd\react-router-dom.development.js:695:7)

stderr | src/pages/auth/Signup.test.tsx > Signup Page with Charity Selection > credentials step > should proceed to charity selection when passwords match
Warning: An update to Signup inside a test was not wrapped in act(...).

When testing, code that causes React state updates should be wrapped into act(...):

act(() => {
  /* fire events that update state */
});
/* assert on the output */

This ensures that you're testing the behavior the user would see in the browser. Learn more at https://reactjs.org/link/wrap-tests-with-act
    at Signup (C:/Users/Admin/graceful_books/src/pages/auth/Signup.tsx:11:67)
    at Router (C:\Users\Admin\graceful_books\node_modules\react-router\dist\umd\react-router.development.js:1207:17)
    at BrowserRouter (C:\Users\Admin\graceful_books\node_modules\react-router-dom\dist\umd\react-router-dom.development.js:695:7)

stderr | src/pages/auth/Signup.test.tsx > Signup Page with Charity Selection > credentials step > should proceed to charity selection when passwords match
Warning: An update to Signup inside a test was not wrapped in act(...).

When testing, code that causes React state updates should be wrapped into act(...):

act(() => {
  /* fire events that update state */
});
/* assert on the output */

This ensures that you're testing the behavior the user would see in the browser. Learn more at https://reactjs.org/link/wrap-tests-with-act
    at Signup (C:/Users/Admin/graceful_books/src/pages/auth/Signup.tsx:11:67)
    at Router (C:\Users\Admin\graceful_books\node_modules\react-router\dist\umd\react-router.development.js:1207:17)
    at BrowserRouter (C:\Users\Admin\graceful_books\node_modules\react-router-dom\dist\umd\react-router-dom.development.js:695:7)

stderr | src/pages/auth/Signup.test.tsx > Signup Page with Charity Selection > credentials step > should proceed to charity selection when passwords match
Warning: An update to Signup inside a test was not wrapped in act(...).

When testing, code that causes React state updates should be wrapped into act(...):

act(() => {
  /* fire events that update state */
});
/* assert on the output */

This ensures that you're testing the behavior the user would see in the browser. Learn more at https://reactjs.org/link/wrap-tests-with-act
    at Signup (C:/Users/Admin/graceful_books/src/pages/auth/Signup.tsx:11:67)
    at Router (C:\Users\Admin\graceful_books\node_modules\react-router\dist\umd\react-router.development.js:1207:17)
    at BrowserRouter (C:\Users\Admin\graceful_books\node_modules\react-router-dom\dist\umd\react-router-dom.development.js:695:7)

stderr | src/pages/auth/Signup.test.tsx > Signup Page with Charity Selection > credentials step > should proceed to charity selection when passwords match
Warning: An update to Signup inside a test was not wrapped in act(...).

When testing, code that causes React state updates should be wrapped into act(...):

act(() => {
  /* fire events that update state */
});
/* assert on the output */

This ensures that you're testing the behavior the user would see in the browser. Learn more at https://reactjs.org/link/wrap-tests-with-act
    at Signup (C:/Users/Admin/graceful_books/src/pages/auth/Signup.tsx:11:67)
    at Router (C:\Users\Admin\graceful_books\node_modules\react-router\dist\umd\react-router.development.js:1207:17)
    at BrowserRouter (C:\Users\Admin\graceful_books\node_modules\react-router-dom\dist\umd\react-router-dom.development.js:695:7)

stderr | src/pages/auth/Signup.test.tsx > Signup Page with Charity Selection > credentials step > should proceed to charity selection when passwords match
Warning: An update to Signup inside a test was not wrapped in act(...).

When testing, code that causes React state updates should be wrapped into act(...):

act(() => {
  /* fire events that update state */
});
/* assert on the output */

This ensures that you're testing the behavior the user would see in the browser. Learn more at https://reactjs.org/link/wrap-tests-with-act
    at Signup (C:/Users/Admin/graceful_books/src/pages/auth/Signup.tsx:11:67)
    at Router (C:\Users\Admin\graceful_books\node_modules\react-router\dist\umd\react-router.development.js:1207:17)
    at BrowserRouter (C:\Users\Admin\graceful_books\node_modules\react-router-dom\dist\umd\react-router-dom.development.js:695:7)

stderr | src/pages/auth/Signup.test.tsx > Signup Page with Charity Selection > credentials step > should proceed to charity selection when passwords match
Warning: An update to Signup inside a test was not wrapped in act(...).

When testing, code that causes React state updates should be wrapped into act(...):

act(() => {
  /* fire events that update state */
});
/* assert on the output */

This ensures that you're testing the behavior the user would see in the browser. Learn more at https://reactjs.org/link/wrap-tests-with-act
    at Signup (C:/Users/Admin/graceful_books/src/pages/auth/Signup.tsx:11:67)
    at Router (C:\Users\Admin\graceful_books\node_modules\react-router\dist\umd\react-router.development.js:1207:17)
    at BrowserRouter (C:\Users\Admin\graceful_books\node_modules\react-router-dom\dist\umd\react-router-dom.development.js:695:7)

stderr | src/pages/auth/Signup.test.tsx > Signup Page with Charity Selection > credentials step > should proceed to charity selection when passwords match
Warning: An update to Signup inside a test was not wrapped in act(...).

When testing, code that causes React state updates should be wrapped into act(...):

act(() => {
  /* fire events that update state */
});
/* assert on the output */

This ensures that you're testing the behavior the user would see in the browser. Learn more at https://reactjs.org/link/wrap-tests-with-act
    at Signup (C:/Users/Admin/graceful_books/src/pages/auth/Signup.tsx:11:67)
    at Router (C:\Users\Admin\graceful_books\node_modules\react-router\dist\umd\react-router.development.js:1207:17)
    at BrowserRouter (C:\Users\Admin\graceful_books\node_modules\react-router-dom\dist\umd\react-router-dom.development.js:695:7)

stderr | src/pages/auth/Signup.test.tsx > Signup Page with Charity Selection > credentials step > should proceed to charity selection when passwords match
Warning: An update to Signup inside a test was not wrapped in act(...).

When testing, code that causes React state updates should be wrapped into act(...):

act(() => {
  /* fire events that update state */
});
/* assert on the output */

This ensures that you're testing the behavior the user would see in the browser. Learn more at https://reactjs.org/link/wrap-tests-with-act
    at Signup (C:/Users/Admin/graceful_books/src/pages/auth/Signup.tsx:11:67)
    at Router (C:\Users\Admin\graceful_books\node_modules\react-router\dist\umd\react-router.development.js:1207:17)
    at BrowserRouter (C:\Users\Admin\graceful_books\node_modules\react-router-dom\dist\umd\react-router-dom.development.js:695:7)

stderr | src/pages/auth/Signup.test.tsx > Signup Page with Charity Selection > credentials step > should proceed to charity selection when passwords match
Warning: An update to Signup inside a test was not wrapped in act(...).

When testing, code that causes React state updates should be wrapped into act(...):

act(() => {
  /* fire events that update state */
});
/* assert on the output */

This ensures that you're testing the behavior the user would see in the browser. Learn more at https://reactjs.org/link/wrap-tests-with-act
    at Signup (C:/Users/Admin/graceful_books/src/pages/auth/Signup.tsx:11:67)
    at Router (C:\Users\Admin\graceful_books\node_modules\react-router\dist\umd\react-router.development.js:1207:17)
    at BrowserRouter (C:\Users\Admin\graceful_books\node_modules\react-router-dom\dist\umd\react-router-dom.development.js:695:7)

stderr | src/pages/auth/Signup.test.tsx > Signup Page with Charity Selection > credentials step > should proceed to charity selection when passwords match
Warning: An update to Signup inside a test was not wrapped in act(...).

When testing, code that causes React state updates should be wrapped into act(...):

act(() => {
  /* fire events that update state */
});
/* assert on the output */

This ensures that you're testing the behavior the user would see in the browser. Learn more at https://reactjs.org/link/wrap-tests-with-act
    at Signup (C:/Users/Admin/graceful_books/src/pages/auth/Signup.tsx:11:67)
    at Router (C:\Users\Admin\graceful_books\node_modules\react-router\dist\umd\react-router.development.js:1207:17)
    at BrowserRouter (C:\Users\Admin\graceful_books\node_modules\react-router-dom\dist\umd\react-router-dom.development.js:695:7)

stderr | src/pages/auth/Signup.test.tsx > Signup Page with Charity Selection > credentials step > should proceed to charity selection when passwords match
Warning: An update to Signup inside a test was not wrapped in act(...).

When testing, code that causes React state updates should be wrapped into act(...):

act(() => {
  /* fire events that update state */
});
/* assert on the output */

This ensures that you're testing the behavior the user would see in the browser. Learn more at https://reactjs.org/link/wrap-tests-with-act
    at Signup (C:/Users/Admin/graceful_books/src/pages/auth/Signup.tsx:11:67)
    at Router (C:\Users\Admin\graceful_books\node_modules\react-router\dist\umd\react-router.development.js:1207:17)
    at BrowserRouter (C:\Users\Admin\graceful_books\node_modules\react-router-dom\dist\umd\react-router-dom.development.js:695:7)

stderr | src/pages/auth/Signup.test.tsx > Signup Page with Charity Selection > credentials step > should proceed to charity selection when passwords match
Warning: An update to Signup inside a test was not wrapped in act(...).

When testing, code that causes React state updates should be wrapped into act(...):

act(() => {
  /* fire events that update state */
});
/* assert on the output */

This ensures that you're testing the behavior the user would see in the browser. Learn more at https://reactjs.org/link/wrap-tests-with-act
    at Signup (C:/Users/Admin/graceful_books/src/pages/auth/Signup.tsx:11:67)
    at Router (C:\Users\Admin\graceful_books\node_modules\react-router\dist\umd\react-router.development.js:1207:17)
    at BrowserRouter (C:\Users\Admin\graceful_books\node_modules\react-router-dom\dist\umd\react-router-dom.development.js:695:7)

stderr | src/pages/auth/Signup.test.tsx > Signup Page with Charity Selection > credentials step > should proceed to charity selection when passwords match
Warning: An update to Signup inside a test was not wrapped in act(...).

When testing, code that causes React state updates should be wrapped into act(...):

act(() => {
  /* fire events that update state */
});
/* assert on the output */

This ensures that you're testing the behavior the user would see in the browser. Learn more at https://reactjs.org/link/wrap-tests-with-act
    at Signup (C:/Users/Admin/graceful_books/src/pages/auth/Signup.tsx:11:67)
    at Router (C:\Users\Admin\graceful_books\node_modules\react-router\dist\umd\react-router.development.js:1207:17)
    at BrowserRouter (C:\Users\Admin\graceful_books\node_modules\react-router-dom\dist\umd\react-router-dom.development.js:695:7)

stderr | src/pages/auth/Signup.test.tsx > Signup Page with Charity Selection > credentials step > should proceed to charity selection when passwords match
Warning: An update to Signup inside a test was not wrapped in act(...).

When testing, code that causes React state updates should be wrapped into act(...):

act(() => {
  /* fire events that update state */
});
/* assert on the output */

This ensures that you're testing the behavior the user would see in the browser. Learn more at https://reactjs.org/link/wrap-tests-with-act
    at Signup (C:/Users/Admin/graceful_books/src/pages/auth/Signup.tsx:11:67)
    at Router (C:\Users\Admin\graceful_books\node_modules\react-router\dist\umd\react-router.development.js:1207:17)
    at BrowserRouter (C:\Users\Admin\graceful_books\node_modules\react-router-dom\dist\umd\react-router-dom.development.js:695:7)

stderr | src/pages/auth/Signup.test.tsx > Signup Page with Charity Selection > credentials step > should proceed to charity selection when passwords match
Warning: An update to Signup inside a test was not wrapped in act(...).

When testing, code that causes React state updates should be wrapped into act(...):

act(() => {
  /* fire events that update state */
});
/* assert on the output */

This ensures that you're testing the behavior the user would see in the browser. Learn more at https://reactjs.org/link/wrap-tests-with-act
    at Signup (C:/Users/Admin/graceful_books/src/pages/auth/Signup.tsx:11:67)
    at Router (C:\Users\Admin\graceful_books\node_modules\react-router\dist\umd\react-router.development.js:1207:17)
    at BrowserRouter (C:\Users\Admin\graceful_books\node_modules\react-router-dom\dist\umd\react-router-dom.development.js:695:7)

stderr | src/pages/auth/Signup.test.tsx > Signup Page with Charity Selection > credentials step > should proceed to charity selection when passwords match
Warning: An update to Signup inside a test was not wrapped in act(...).

When testing, code that causes React state updates should be wrapped into act(...):

act(() => {
  /* fire events that update state */
});
/* assert on the output */

This ensures that you're testing the behavior the user would see in the browser. Learn more at https://reactjs.org/link/wrap-tests-with-act
    at Signup (C:/Users/Admin/graceful_books/src/pages/auth/Signup.tsx:11:67)
    at Router (C:\Users\Admin\graceful_books\node_modules\react-router\dist\umd\react-router.development.js:1207:17)
    at BrowserRouter (C:\Users\Admin\graceful_books\node_modules\react-router-dom\dist\umd\react-router-dom.development.js:695:7)

stderr | src/pages/auth/Signup.test.tsx > Signup Page with Charity Selection > credentials step > should proceed to charity selection when passwords match
Warning: An update to Signup inside a test was not wrapped in act(...).

When testing, code that causes React state updates should be wrapped into act(...):

act(() => {
  /* fire events that update state */
});
/* assert on the output */

This ensures that you're testing the behavior the user would see in the browser. Learn more at https://reactjs.org/link/wrap-tests-with-act
    at Signup (C:/Users/Admin/graceful_books/src/pages/auth/Signup.tsx:11:67)
    at Router (C:\Users\Admin\graceful_books\node_modules\react-router\dist\umd\react-router.development.js:1207:17)
    at BrowserRouter (C:\Users\Admin\graceful_books\node_modules\react-router-dom\dist\umd\react-router-dom.development.js:695:7)

stderr | src/pages/auth/Signup.test.tsx > Signup Page with Charity Selection > credentials step > should proceed to charity selection when passwords match
Warning: An update to Signup inside a test was not wrapped in act(...).

When testing, code that causes React state updates should be wrapped into act(...):

act(() => {
  /* fire events that update state */
});
/* assert on the output */

This ensures that you're testing the behavior the user would see in the browser. Learn more at https://reactjs.org/link/wrap-tests-with-act
    at Signup (C:/Users/Admin/graceful_books/src/pages/auth/Signup.tsx:11:67)
    at Router (C:\Users\Admin\graceful_books\node_modules\react-router\dist\umd\react-router.development.js:1207:17)
    at BrowserRouter (C:\Users\Admin\graceful_books\node_modules\react-router-dom\dist\umd\react-router-dom.development.js:695:7)

stderr | src/pages/auth/Signup.test.tsx > Signup Page with Charity Selection > credentials step > should proceed to charity selection when passwords match
Warning: An update to Signup inside a test was not wrapped in act(...).

When testing, code that causes React state updates should be wrapped into act(...):

act(() => {
  /* fire events that update state */
});
/* assert on the output */

This ensures that you're testing the behavior the user would see in the browser. Learn more at https://reactjs.org/link/wrap-tests-with-act
    at Signup (C:/Users/Admin/graceful_books/src/pages/auth/Signup.tsx:11:67)
    at Router (C:\Users\Admin\graceful_books\node_modules\react-router\dist\umd\react-router.development.js:1207:17)
    at BrowserRouter (C:\Users\Admin\graceful_books\node_modules\react-router-dom\dist\umd\react-router-dom.development.js:695:7)

stderr | src/pages/auth/Signup.test.tsx > Signup Page with Charity Selection > credentials step > should proceed to charity selection when passwords match
Warning: An update to Signup inside a test was not wrapped in act(...).

When testing, code that causes React state updates should be wrapped into act(...):

act(() => {
  /* fire events that update state */
});
/* assert on the output */

This ensures that you're testing the behavior the user would see in the browser. Learn more at https://reactjs.org/link/wrap-tests-with-act
    at Signup (C:/Users/Admin/graceful_books/src/pages/auth/Signup.tsx:11:67)
    at Router (C:\Users\Admin\graceful_books\node_modules\react-router\dist\umd\react-router.development.js:1207:17)
    at BrowserRouter (C:\Users\Admin\graceful_books\node_modules\react-router-dom\dist\umd\react-router-dom.development.js:695:7)

stderr | src/pages/auth/Signup.test.tsx > Signup Page with Charity Selection > credentials step > should proceed to charity selection when passwords match
Warning: An update to Signup inside a test was not wrapped in act(...).

When testing, code that causes React state updates should be wrapped into act(...):

act(() => {
  /* fire events that update state */
});
/* assert on the output */

This ensures that you're testing the behavior the user would see in the browser. Learn more at https://reactjs.org/link/wrap-tests-with-act
    at Signup (C:/Users/Admin/graceful_books/src/pages/auth/Signup.tsx:11:67)
    at Router (C:\Users\Admin\graceful_books\node_modules\react-router\dist\umd\react-router.development.js:1207:17)
    at BrowserRouter (C:\Users\Admin\graceful_books\node_modules\react-router-dom\dist\umd\react-router-dom.development.js:695:7)

stderr | src/pages/auth/Signup.test.tsx > Signup Page with Charity Selection > credentials step > should proceed to charity selection when passwords match
Warning: An update to Signup inside a test was not wrapped in act(...).

When testing, code that causes React state updates should be wrapped into act(...):

act(() => {
  /* fire events that update state */
});
/* assert on the output */

This ensures that you're testing the behavior the user would see in the browser. Learn more at https://reactjs.org/link/wrap-tests-with-act
    at Signup (C:/Users/Admin/graceful_books/src/pages/auth/Signup.tsx:11:67)
    at Router (C:\Users\Admin\graceful_books\node_modules\react-router\dist\umd\react-router.development.js:1207:17)
    at BrowserRouter (C:\Users\Admin\graceful_books\node_modules\react-router-dom\dist\umd\react-router-dom.development.js:695:7)

stderr | src/services/cpg/distributionCostCalculator.service.test.ts > DistributionCostCalculatorService > Complex Scenarios > should calculate realistic scenario with all fees
[DistributionCostCalculatorService] Distribution calculation validation failed {
  errors: 'pallet_data: Invalid input: expected array, received undefined; variantData.8oz.quantity: Invalid input: expected number, received undefined; selectedFees: Invalid input: expected array, received undefined',
  params: {
    distributorId: 'n3Ta08MitywTGjO9eIUbN',
    numPallets: '1',
    unitsPerPallet: '100',
    variantData: { '8oz': [Object] },
    appliedFees: {
      pallet_cost: true,
      warehouse_services: true,
      pallet_build: true,
      floor_space: 'full_day',
      truck_transfer_zone: 'zone1',
      custom_fees: [Array]
    }
  }
}

 ❯ src/services/cpg/distributionCostCalculator.service.test.ts (39 tests | 36 failed) 45590ms
       × should calculate with all fees unchecked (should = 0) 1253ms
       × should calculate with single fee checked 1193ms
       × should calculate with multiple fees checked 1099ms
       × should calculate floor space - full day 1209ms
       × should calculate floor space - half day 1366ms
       × should calculate floor space - multiple days (full) 1158ms
       × should calculate floor space - multiple days (half) 1220ms
       × should calculate truck transfer - zone 1 1227ms
       × should calculate truck transfer - zone 2 1407ms
       × should calculate with single custom fee 1136ms
       × should calculate with multiple custom fees 1107ms
       × should calculate with 0.5 pallets 1149ms
       × should calculate with 1 pallet 1116ms
       × should calculate with 10 pallets 1182ms
       × should assign "poor" quality for margin < 50% 1143ms
       × should assign "good" quality for margin 50-60% 1229ms
       × should assign "better" quality for margin 60-70% 1155ms
       × should assign "best" quality for margin >= 70% 1092ms
       × should use custom thresholds for margin quality 1055ms
       × should calculate MSRP with markup percentage 1185ms
       × should calculate MSRP with 100% markup 1105ms
       × should return null MSRP when markup not provided 1058ms
       × should calculate for multiple variants (2 variants) 1022ms
       × should calculate for multiple variants with custom names 1027ms
       × should save calculation as scenario 1075ms
       × should retrieve saved calculations 1116ms
       × should filter saved calculations by distributor 1213ms
       × should validate distributor ID 1127ms
       × should validate num pallets > 0 1186ms
       × should validate units per pallet > 0 1152ms
       × should validate variant data exists 1121ms
       × should validate negative price 1155ms
       × should validate negative base CPU 1177ms
       × should validate floor space days > 0 1171ms
       × should validate negative MSRP markup 1208ms
       × should calculate realistic scenario with all fees 1030ms
stdout | src/pages/auth/Signup.test.tsx > Signup Page with Charity Selection > charity selection step > should show charity selector after credentials step
🌐 API Request: GET https://api.audacious.money/products

stderr | src/pages/auth/Signup.test.tsx > Signup Page with Charity Selection > charity selection step > should show charity selector after credentials step
Warning: An update to Signup inside a test was not wrapped in act(...).

When testing, code that causes React state updates should be wrapped into act(...):

act(() => {
  /* fire events that update state */
});
/* assert on the output */

This ensures that you're testing the behavior the user would see in the browser. Learn more at https://reactjs.org/link/wrap-tests-with-act
    at Signup (C:/Users/Admin/graceful_books/src/pages/auth/Signup.tsx:11:67)
    at Router (C:\Users\Admin\graceful_books\node_modules\react-router\dist\umd\react-router.development.js:1207:17)
    at BrowserRouter (C:\Users\Admin\graceful_books\node_modules\react-router-dom\dist\umd\react-router-dom.development.js:695:7)

stderr | src/pages/auth/Signup.test.tsx > Signup Page with Charity Selection > charity selection step > should show charity selector after credentials step
Warning: An update to Signup inside a test was not wrapped in act(...).

When testing, code that causes React state updates should be wrapped into act(...):

act(() => {
  /* fire events that update state */
});
/* assert on the output */

This ensures that you're testing the behavior the user would see in the browser. Learn more at https://reactjs.org/link/wrap-tests-with-act
    at Signup (C:/Users/Admin/graceful_books/src/pages/auth/Signup.tsx:11:67)
    at Router (C:\Users\Admin\graceful_books\node_modules\react-router\dist\umd\react-router.development.js:1207:17)
    at BrowserRouter (C:\Users\Admin\graceful_books\node_modules\react-router-dom\dist\umd\react-router-dom.development.js:695:7)

stderr | src/pages/auth/Signup.test.tsx > Signup Page with Charity Selection > charity selection step > should show charity selector after credentials step
Warning: An update to Signup inside a test was not wrapped in act(...).

When testing, code that causes React state updates should be wrapped into act(...):

act(() => {
  /* fire events that update state */
});
/* assert on the output */

This ensures that you're testing the behavior the user would see in the browser. Learn more at https://reactjs.org/link/wrap-tests-with-act
    at Signup (C:/Users/Admin/graceful_books/src/pages/auth/Signup.tsx:11:67)
    at Router (C:\Users\Admin\graceful_books\node_modules\react-router\dist\umd\react-router.development.js:1207:17)
    at BrowserRouter (C:\Users\Admin\graceful_books\node_modules\react-router-dom\dist\umd\react-router-dom.development.js:695:7)

stderr | src/pages/auth/Signup.test.tsx > Signup Page with Charity Selection > charity selection step > should show charity selector after credentials step
Warning: An update to Signup inside a test was not wrapped in act(...).

When testing, code that causes React state updates should be wrapped into act(...):

act(() => {
  /* fire events that update state */
});
/* assert on the output */

This ensures that you're testing the behavior the user would see in the browser. Learn more at https://reactjs.org/link/wrap-tests-with-act
    at Signup (C:/Users/Admin/graceful_books/src/pages/auth/Signup.tsx:11:67)
    at Router (C:\Users\Admin\graceful_books\node_modules\react-router\dist\umd\react-router.development.js:1207:17)
    at BrowserRouter (C:\Users\Admin\graceful_books\node_modules\react-router-dom\dist\umd\react-router-dom.development.js:695:7)

stderr | src/pages/auth/Signup.test.tsx > Signup Page with Charity Selection > charity selection step > should show charity selector after credentials step
Warning: An update to Signup inside a test was not wrapped in act(...).

When testing, code that causes React state updates should be wrapped into act(...):

act(() => {
  /* fire events that update state */
});
/* assert on the output */

This ensures that you're testing the behavior the user would see in the browser. Learn more at https://reactjs.org/link/wrap-tests-with-act
    at Signup (C:/Users/Admin/graceful_books/src/pages/auth/Signup.tsx:11:67)
    at Router (C:\Users\Admin\graceful_books\node_modules\react-router\dist\umd\react-router.development.js:1207:17)
    at BrowserRouter (C:\Users\Admin\graceful_books\node_modules\react-router-dom\dist\umd\react-router-dom.development.js:695:7)

stdout | src/pages/auth/Signup.test.tsx > Signup Page with Charity Selection > charity selection step > should show charity selector after credentials step
🌐 Response status: 200 OK

stderr | src/pages/auth/Signup.test.tsx > Signup Page with Charity Selection > charity selection step > should show charity selector after credentials step
Warning: An update to Signup inside a test was not wrapped in act(...).

When testing, code that causes React state updates should be wrapped into act(...):

act(() => {
  /* fire events that update state */
});
/* assert on the output */

This ensures that you're testing the behavior the user would see in the browser. Learn more at https://reactjs.org/link/wrap-tests-with-act
    at Signup (C:/Users/Admin/graceful_books/src/pages/auth/Signup.tsx:11:67)
    at Router (C:\Users\Admin\graceful_books\node_modules\react-router\dist\umd\react-router.development.js:1207:17)
    at BrowserRouter (C:\Users\Admin\graceful_books\node_modules\react-router-dom\dist\umd\react-router-dom.development.js:695:7)

stderr | src/pages/auth/Signup.test.tsx > Signup Page with Charity Selection > charity selection step > should show charity selector after credentials step
Warning: An update to Signup inside a test was not wrapped in act(...).

When testing, code that causes React state updates should be wrapped into act(...):

act(() => {
  /* fire events that update state */
});
/* assert on the output */

This ensures that you're testing the behavior the user would see in the browser. Learn more at https://reactjs.org/link/wrap-tests-with-act
    at Signup (C:/Users/Admin/graceful_books/src/pages/auth/Signup.tsx:11:67)
    at Router (C:\Users\Admin\graceful_books\node_modules\react-router\dist\umd\react-router.development.js:1207:17)
    at BrowserRouter (C:\Users\Admin\graceful_books\node_modules\react-router-dom\dist\umd\react-router-dom.development.js:695:7)

stderr | src/pages/auth/Signup.test.tsx > Signup Page with Charity Selection > charity selection step > should show charity selector after credentials step
Warning: An update to Signup inside a test was not wrapped in act(...).

When testing, code that causes React state updates should be wrapped into act(...):

act(() => {
  /* fire events that update state */
});
/* assert on the output */

This ensures that you're testing the behavior the user would see in the browser. Learn more at https://reactjs.org/link/wrap-tests-with-act
    at Signup (C:/Users/Admin/graceful_books/src/pages/auth/Signup.tsx:11:67)
    at Router (C:\Users\Admin\graceful_books\node_modules\react-router\dist\umd\react-router.development.js:1207:17)
    at BrowserRouter (C:\Users\Admin\graceful_books\node_modules\react-router-dom\dist\umd\react-router-dom.development.js:695:7)

stderr | src/pages/auth/Signup.test.tsx > Signup Page with Charity Selection > charity selection step > should show charity selector after credentials step
Warning: An update to Signup inside a test was not wrapped in act(...).

When testing, code that causes React state updates should be wrapped into act(...):

act(() => {
  /* fire events that update state */
});
/* assert on the output */

This ensures that you're testing the behavior the user would see in the browser. Learn more at https://reactjs.org/link/wrap-tests-with-act
    at Signup (C:/Users/Admin/graceful_books/src/pages/auth/Signup.tsx:11:67)
    at Router (C:\Users\Admin\graceful_books\node_modules\react-router\dist\umd\react-router.development.js:1207:17)
    at BrowserRouter (C:\Users\Admin\graceful_books\node_modules\react-router-dom\dist\umd\react-router-dom.development.js:695:7)

stderr | src/pages/auth/Signup.test.tsx > Signup Page with Charity Selection > charity selection step > should show charity selector after credentials step
Warning: An update to Signup inside a test was not wrapped in act(...).

When testing, code that causes React state updates should be wrapped into act(...):

act(() => {
  /* fire events that update state */
});
/* assert on the output */

This ensures that you're testing the behavior the user would see in the browser. Learn more at https://reactjs.org/link/wrap-tests-with-act
    at Signup (C:/Users/Admin/graceful_books/src/pages/auth/Signup.tsx:11:67)
    at Router (C:\Users\Admin\graceful_books\node_modules\react-router\dist\umd\react-router.development.js:1207:17)
    at BrowserRouter (C:\Users\Admin\graceful_books\node_modules\react-router-dom\dist\umd\react-router-dom.development.js:695:7)

stderr | src/pages/auth/Signup.test.tsx > Signup Page with Charity Selection > charity selection step > should show charity selector after credentials step
Warning: An update to Signup inside a test was not wrapped in act(...).

When testing, code that causes React state updates should be wrapped into act(...):

act(() => {
  /* fire events that update state */
});
/* assert on the output */

This ensures that you're testing the behavior the user would see in the browser. Learn more at https://reactjs.org/link/wrap-tests-with-act
    at Signup (C:/Users/Admin/graceful_books/src/pages/auth/Signup.tsx:11:67)
    at Router (C:\Users\Admin\graceful_books\node_modules\react-router\dist\umd\react-router.development.js:1207:17)
    at BrowserRouter (C:\Users\Admin\graceful_books\node_modules\react-router-dom\dist\umd\react-router-dom.development.js:695:7)

stderr | src/pages/auth/Signup.test.tsx > Signup Page with Charity Selection > charity selection step > should show charity selector after credentials step
Warning: An update to Signup inside a test was not wrapped in act(...).

When testing, code that causes React state updates should be wrapped into act(...):

act(() => {
  /* fire events that update state */
});
/* assert on the output */

This ensures that you're testing the behavior the user would see in the browser. Learn more at https://reactjs.org/link/wrap-tests-with-act
    at Signup (C:/Users/Admin/graceful_books/src/pages/auth/Signup.tsx:11:67)
    at Router (C:\Users\Admin\graceful_books\node_modules\react-router\dist\umd\react-router.development.js:1207:17)
    at BrowserRouter (C:\Users\Admin\graceful_books\node_modules\react-router-dom\dist\umd\react-router-dom.development.js:695:7)

stderr | src/pages/auth/Signup.test.tsx > Signup Page with Charity Selection > charity selection step > should show charity selector after credentials step
Warning: An update to Signup inside a test was not wrapped in act(...).

When testing, code that causes React state updates should be wrapped into act(...):

act(() => {
  /* fire events that update state */
});
/* assert on the output */

This ensures that you're testing the behavior the user would see in the browser. Learn more at https://reactjs.org/link/wrap-tests-with-act
    at Signup (C:/Users/Admin/graceful_books/src/pages/auth/Signup.tsx:11:67)
    at Router (C:\Users\Admin\graceful_books\node_modules\react-router\dist\umd\react-router.development.js:1207:17)
    at BrowserRouter (C:\Users\Admin\graceful_books\node_modules\react-router-dom\dist\umd\react-router-dom.development.js:695:7)

stderr | src/pages/auth/Signup.test.tsx > Signup Page with Charity Selection > charity selection step > should show charity selector after credentials step
Warning: An update to Signup inside a test was not wrapped in act(...).

When testing, code that causes React state updates should be wrapped into act(...):

act(() => {
  /* fire events that update state */
});
/* assert on the output */

This ensures that you're testing the behavior the user would see in the browser. Learn more at https://reactjs.org/link/wrap-tests-with-act
    at Signup (C:/Users/Admin/graceful_books/src/pages/auth/Signup.tsx:11:67)
    at Router (C:\Users\Admin\graceful_books\node_modules\react-router\dist\umd\react-router.development.js:1207:17)
    at BrowserRouter (C:\Users\Admin\graceful_books\node_modules\react-router-dom\dist\umd\react-router-dom.development.js:695:7)

stderr | src/pages/auth/Signup.test.tsx > Signup Page with Charity Selection > charity selection step > should show charity selector after credentials step
Warning: An update to Signup inside a test was not wrapped in act(...).

When testing, code that causes React state updates should be wrapped into act(...):

act(() => {
  /* fire events that update state */
});
/* assert on the output */

This ensures that you're testing the behavior the user would see in the browser. Learn more at https://reactjs.org/link/wrap-tests-with-act
    at Signup (C:/Users/Admin/graceful_books/src/pages/auth/Signup.tsx:11:67)
    at Router (C:\Users\Admin\graceful_books\node_modules\react-router\dist\umd\react-router.development.js:1207:17)
    at BrowserRouter (C:\Users\Admin\graceful_books\node_modules\react-router-dom\dist\umd\react-router-dom.development.js:695:7)

stderr | src/pages/auth/Signup.test.tsx > Signup Page with Charity Selection > charity selection step > should show charity selector after credentials step
Warning: An update to Signup inside a test was not wrapped in act(...).

When testing, code that causes React state updates should be wrapped into act(...):

act(() => {
  /* fire events that update state */
});
/* assert on the output */

This ensures that you're testing the behavior the user would see in the browser. Learn more at https://reactjs.org/link/wrap-tests-with-act
    at Signup (C:/Users/Admin/graceful_books/src/pages/auth/Signup.tsx:11:67)
    at Router (C:\Users\Admin\graceful_books\node_modules\react-router\dist\umd\react-router.development.js:1207:17)
    at BrowserRouter (C:\Users\Admin\graceful_books\node_modules\react-router-dom\dist\umd\react-router-dom.development.js:695:7)

stdout | src/pages/auth/Signup.test.tsx > Signup Page with Charity Selection > charity selection step > should show charity selector after credentials step
🌐 Response status: 200 OK

stderr | src/pages/auth/Signup.test.tsx > Signup Page with Charity Selection > charity selection step > should show charity selector after credentials step
Warning: An update to Signup inside a test was not wrapped in act(...).

When testing, code that causes React state updates should be wrapped into act(...):

act(() => {
  /* fire events that update state */
});
/* assert on the output */

This ensures that you're testing the behavior the user would see in the browser. Learn more at https://reactjs.org/link/wrap-tests-with-act
    at Signup (C:/Users/Admin/graceful_books/src/pages/auth/Signup.tsx:11:67)
    at Router (C:\Users\Admin\graceful_books\node_modules\react-router\dist\umd\react-router.development.js:1207:17)
    at BrowserRouter (C:\Users\Admin\graceful_books\node_modules\react-router-dom\dist\umd\react-router-dom.development.js:695:7)

stderr | src/pages/auth/Signup.test.tsx > Signup Page with Charity Selection > charity selection step > should show charity selector after credentials step
Warning: An update to Signup inside a test was not wrapped in act(...).

When testing, code that causes React state updates should be wrapped into act(...):

act(() => {
  /* fire events that update state */
});
/* assert on the output */

This ensures that you're testing the behavior the user would see in the browser. Learn more at https://reactjs.org/link/wrap-tests-with-act
    at Signup (C:/Users/Admin/graceful_books/src/pages/auth/Signup.tsx:11:67)
    at Router (C:\Users\Admin\graceful_books\node_modules\react-router\dist\umd\react-router.development.js:1207:17)
    at BrowserRouter (C:\Users\Admin\graceful_books\node_modules\react-router-dom\dist\umd\react-router-dom.development.js:695:7)

stderr | src/pages/auth/Signup.test.tsx > Signup Page with Charity Selection > charity selection step > should show charity selector after credentials step
Warning: An update to Signup inside a test was not wrapped in act(...).

When testing, code that causes React state updates should be wrapped into act(...):

act(() => {
  /* fire events that update state */
});
/* assert on the output */

This ensures that you're testing the behavior the user would see in the browser. Learn more at https://reactjs.org/link/wrap-tests-with-act
    at Signup (C:/Users/Admin/graceful_books/src/pages/auth/Signup.tsx:11:67)
    at Router (C:\Users\Admin\graceful_books\node_modules\react-router\dist\umd\react-router.development.js:1207:17)
    at BrowserRouter (C:\Users\Admin\graceful_books\node_modules\react-router-dom\dist\umd\react-router-dom.development.js:695:7)

stderr | src/pages/auth/Signup.test.tsx > Signup Page with Charity Selection > charity selection step > should show charity selector after credentials step
Warning: An update to Signup inside a test was not wrapped in act(...).

When testing, code that causes React state updates should be wrapped into act(...):

act(() => {
  /* fire events that update state */
});
/* assert on the output */

This ensures that you're testing the behavior the user would see in the browser. Learn more at https://reactjs.org/link/wrap-tests-with-act
    at Signup (C:/Users/Admin/graceful_books/src/pages/auth/Signup.tsx:11:67)
    at Router (C:\Users\Admin\graceful_books\node_modules\react-router\dist\umd\react-router.development.js:1207:17)
    at BrowserRouter (C:\Users\Admin\graceful_books\node_modules\react-router-dom\dist\umd\react-router-dom.development.js:695:7)

stderr | src/pages/auth/Signup.test.tsx > Signup Page with Charity Selection > charity selection step > should show charity selector after credentials step
Warning: An update to Signup inside a test was not wrapped in act(...).

When testing, code that causes React state updates should be wrapped into act(...):

act(() => {
  /* fire events that update state */
});
/* assert on the output */

This ensures that you're testing the behavior the user would see in the browser. Learn more at https://reactjs.org/link/wrap-tests-with-act
    at Signup (C:/Users/Admin/graceful_books/src/pages/auth/Signup.tsx:11:67)
    at Router (C:\Users\Admin\graceful_books\node_modules\react-router\dist\umd\react-router.development.js:1207:17)
    at BrowserRouter (C:\Users\Admin\graceful_books\node_modules\react-router-dom\dist\umd\react-router-dom.development.js:695:7)

stderr | src/pages/auth/Signup.test.tsx > Signup Page with Charity Selection > charity selection step > should show charity selector after credentials step
Warning: An update to Signup inside a test was not wrapped in act(...).

When testing, code that causes React state updates should be wrapped into act(...):

act(() => {
  /* fire events that update state */
});
/* assert on the output */

This ensures that you're testing the behavior the user would see in the browser. Learn more at https://reactjs.org/link/wrap-tests-with-act
    at Signup (C:/Users/Admin/graceful_books/src/pages/auth/Signup.tsx:11:67)
    at Router (C:\Users\Admin\graceful_books\node_modules\react-router\dist\umd\react-router.development.js:1207:17)
    at BrowserRouter (C:\Users\Admin\graceful_books\node_modules\react-router-dom\dist\umd\react-router-dom.development.js:695:7)

stderr | src/pages/auth/Signup.test.tsx > Signup Page with Charity Selection > charity selection step > should show charity selector after credentials step
Warning: An update to Signup inside a test was not wrapped in act(...).

When testing, code that causes React state updates should be wrapped into act(...):

act(() => {
  /* fire events that update state */
});
/* assert on the output */

This ensures that you're testing the behavior the user would see in the browser. Learn more at https://reactjs.org/link/wrap-tests-with-act
    at Signup (C:/Users/Admin/graceful_books/src/pages/auth/Signup.tsx:11:67)
    at Router (C:\Users\Admin\graceful_books\node_modules\react-router\dist\umd\react-router.development.js:1207:17)
    at BrowserRouter (C:\Users\Admin\graceful_books\node_modules\react-router-dom\dist\umd\react-router-dom.development.js:695:7)

stderr | src/pages/auth/Signup.test.tsx > Signup Page with Charity Selection > charity selection step > should show charity selector after credentials step
Warning: An update to Signup inside a test was not wrapped in act(...).

When testing, code that causes React state updates should be wrapped into act(...):

act(() => {
  /* fire events that update state */
});
/* assert on the output */

This ensures that you're testing the behavior the user would see in the browser. Learn more at https://reactjs.org/link/wrap-tests-with-act
    at Signup (C:/Users/Admin/graceful_books/src/pages/auth/Signup.tsx:11:67)
    at Router (C:\Users\Admin\graceful_books\node_modules\react-router\dist\umd\react-router.development.js:1207:17)
    at BrowserRouter (C:\Users\Admin\graceful_books\node_modules\react-router-dom\dist\umd\react-router-dom.development.js:695:7)

stderr | src/pages/auth/Signup.test.tsx > Signup Page with Charity Selection > charity selection step > should show charity selector after credentials step
Warning: An update to Signup inside a test was not wrapped in act(...).

When testing, code that causes React state updates should be wrapped into act(...):

act(() => {
  /* fire events that update state */
});
/* assert on the output */

This ensures that you're testing the behavior the user would see in the browser. Learn more at https://reactjs.org/link/wrap-tests-with-act
    at Signup (C:/Users/Admin/graceful_books/src/pages/auth/Signup.tsx:11:67)
    at Router (C:\Users\Admin\graceful_books\node_modules\react-router\dist\umd\react-router.development.js:1207:17)
    at BrowserRouter (C:\Users\Admin\graceful_books\node_modules\react-router-dom\dist\umd\react-router-dom.development.js:695:7)

stderr | src/pages/auth/Signup.test.tsx > Signup Page with Charity Selection > charity selection step > should show charity selector after credentials step
Warning: An update to Signup inside a test was not wrapped in act(...).

When testing, code that causes React state updates should be wrapped into act(...):

act(() => {
  /* fire events that update state */
});
/* assert on the output */

This ensures that you're testing the behavior the user would see in the browser. Learn more at https://reactjs.org/link/wrap-tests-with-act
    at Signup (C:/Users/Admin/graceful_books/src/pages/auth/Signup.tsx:11:67)
    at Router (C:\Users\Admin\graceful_books\node_modules\react-router\dist\umd\react-router.development.js:1207:17)
    at BrowserRouter (C:\Users\Admin\graceful_books\node_modules\react-router-dom\dist\umd\react-router-dom.development.js:695:7)

stderr | src/pages/auth/Signup.test.tsx > Signup Page with Charity Selection > charity selection step > should show charity selector after credentials step
Warning: An update to Signup inside a test was not wrapped in act(...).

When testing, code that causes React state updates should be wrapped into act(...):

act(() => {
  /* fire events that update state */
});
/* assert on the output */

This ensures that you're testing the behavior the user would see in the browser. Learn more at https://reactjs.org/link/wrap-tests-with-act
    at Signup (C:/Users/Admin/graceful_books/src/pages/auth/Signup.tsx:11:67)
    at Router (C:\Users\Admin\graceful_books\node_modules\react-router\dist\umd\react-router.development.js:1207:17)
    at BrowserRouter (C:\Users\Admin\graceful_books\node_modules\react-router-dom\dist\umd\react-router-dom.development.js:695:7)

stderr | src/pages/auth/Signup.test.tsx > Signup Page with Charity Selection > charity selection step > should show charity selector after credentials step
Warning: An update to Signup inside a test was not wrapped in act(...).

When testing, code that causes React state updates should be wrapped into act(...):

act(() => {
  /* fire events that update state */
});
/* assert on the output */

This ensures that you're testing the behavior the user would see in the browser. Learn more at https://reactjs.org/link/wrap-tests-with-act
    at Signup (C:/Users/Admin/graceful_books/src/pages/auth/Signup.tsx:11:67)
    at Router (C:\Users\Admin\graceful_books\node_modules\react-router\dist\umd\react-router.development.js:1207:17)
    at BrowserRouter (C:\Users\Admin\graceful_books\node_modules\react-router-dom\dist\umd\react-router-dom.development.js:695:7)

stderr | src/pages/auth/Signup.test.tsx > Signup Page with Charity Selection > charity selection step > should show charity selector after credentials step
Warning: An update to Signup inside a test was not wrapped in act(...).

When testing, code that causes React state updates should be wrapped into act(...):

act(() => {
  /* fire events that update state */
});
/* assert on the output */

This ensures that you're testing the behavior the user would see in the browser. Learn more at https://reactjs.org/link/wrap-tests-with-act
    at Signup (C:/Users/Admin/graceful_books/src/pages/auth/Signup.tsx:11:67)
    at Router (C:\Users\Admin\graceful_books\node_modules\react-router\dist\umd\react-router.development.js:1207:17)
    at BrowserRouter (C:\Users\Admin\graceful_books\node_modules\react-router-dom\dist\umd\react-router-dom.development.js:695:7)

stderr | src/pages/auth/Signup.test.tsx > Signup Page with Charity Selection > charity selection step > should show charity selector after credentials step
Warning: An update to Signup inside a test was not wrapped in act(...).

When testing, code that causes React state updates should be wrapped into act(...):

act(() => {
  /* fire events that update state */
});
/* assert on the output */

This ensures that you're testing the behavior the user would see in the browser. Learn more at https://reactjs.org/link/wrap-tests-with-act
    at Signup (C:/Users/Admin/graceful_books/src/pages/auth/Signup.tsx:11:67)
    at Router (C:\Users\Admin\graceful_books\node_modules\react-router\dist\umd\react-router.development.js:1207:17)
    at BrowserRouter (C:\Users\Admin\graceful_books\node_modules\react-router-dom\dist\umd\react-router-dom.development.js:695:7)

stderr | src/pages/auth/Signup.test.tsx > Signup Page with Charity Selection > charity selection step > should show charity selector after credentials step
Warning: An update to Signup inside a test was not wrapped in act(...).

When testing, code that causes React state updates should be wrapped into act(...):

act(() => {
  /* fire events that update state */
});
/* assert on the output */

This ensures that you're testing the behavior the user would see in the browser. Learn more at https://reactjs.org/link/wrap-tests-with-act
    at Signup (C:/Users/Admin/graceful_books/src/pages/auth/Signup.tsx:11:67)
    at Router (C:\Users\Admin\graceful_books\node_modules\react-router\dist\umd\react-router.development.js:1207:17)
    at BrowserRouter (C:\Users\Admin\graceful_books\node_modules\react-router-dom\dist\umd\react-router-dom.development.js:695:7)

stderr | src/pages/auth/Signup.test.tsx > Signup Page with Charity Selection > charity selection step > should show charity selector after credentials step
Warning: An update to Signup inside a test was not wrapped in act(...).

When testing, code that causes React state updates should be wrapped into act(...):

act(() => {
  /* fire events that update state */
});
/* assert on the output */

This ensures that you're testing the behavior the user would see in the browser. Learn more at https://reactjs.org/link/wrap-tests-with-act
    at Signup (C:/Users/Admin/graceful_books/src/pages/auth/Signup.tsx:11:67)
    at Router (C:\Users\Admin\graceful_books\node_modules\react-router\dist\umd\react-router.development.js:1207:17)
    at BrowserRouter (C:\Users\Admin\graceful_books\node_modules\react-router-dom\dist\umd\react-router-dom.development.js:695:7)

stderr | src/pages/auth/Signup.test.tsx > Signup Page with Charity Selection > charity selection step > should show charity selector after credentials step
Warning: An update to Signup inside a test was not wrapped in act(...).

When testing, code that causes React state updates should be wrapped into act(...):

act(() => {
  /* fire events that update state */
});
/* assert on the output */

This ensures that you're testing the behavior the user would see in the browser. Learn more at https://reactjs.org/link/wrap-tests-with-act
    at Signup (C:/Users/Admin/graceful_books/src/pages/auth/Signup.tsx:11:67)
    at Router (C:\Users\Admin\graceful_books\node_modules\react-router\dist\umd\react-router.development.js:1207:17)
    at BrowserRouter (C:\Users\Admin\graceful_books\node_modules\react-router-dom\dist\umd\react-router-dom.development.js:695:7)

stderr | src/pages/auth/Signup.test.tsx > Signup Page with Charity Selection > charity selection step > should show charity selector after credentials step
Warning: An update to Signup inside a test was not wrapped in act(...).

When testing, code that causes React state updates should be wrapped into act(...):

act(() => {
  /* fire events that update state */
});
/* assert on the output */

This ensures that you're testing the behavior the user would see in the browser. Learn more at https://reactjs.org/link/wrap-tests-with-act
    at Signup (C:/Users/Admin/graceful_books/src/pages/auth/Signup.tsx:11:67)
    at Router (C:\Users\Admin\graceful_books\node_modules\react-router\dist\umd\react-router.development.js:1207:17)
    at BrowserRouter (C:\Users\Admin\graceful_books\node_modules\react-router-dom\dist\umd\react-router-dom.development.js:695:7)

stderr | src/pages/auth/Signup.test.tsx > Signup Page with Charity Selection > charity selection step > should show charity selector after credentials step
Warning: An update to Signup inside a test was not wrapped in act(...).

When testing, code that causes React state updates should be wrapped into act(...):

act(() => {
  /* fire events that update state */
});
/* assert on the output */

This ensures that you're testing the behavior the user would see in the browser. Learn more at https://reactjs.org/link/wrap-tests-with-act
    at Signup (C:/Users/Admin/graceful_books/src/pages/auth/Signup.tsx:11:67)
    at Router (C:\Users\Admin\graceful_books\node_modules\react-router\dist\umd\react-router.development.js:1207:17)
    at BrowserRouter (C:\Users\Admin\graceful_books\node_modules\react-router-dom\dist\umd\react-router-dom.development.js:695:7)

stderr | src/pages/auth/Signup.test.tsx > Signup Page with Charity Selection > charity selection step > should show charity selector after credentials step
Warning: An update to Signup inside a test was not wrapped in act(...).

When testing, code that causes React state updates should be wrapped into act(...):

act(() => {
  /* fire events that update state */
});
/* assert on the output */

This ensures that you're testing the behavior the user would see in the browser. Learn more at https://reactjs.org/link/wrap-tests-with-act
    at Signup (C:/Users/Admin/graceful_books/src/pages/auth/Signup.tsx:11:67)
    at Router (C:\Users\Admin\graceful_books\node_modules\react-router\dist\umd\react-router.development.js:1207:17)
    at BrowserRouter (C:\Users\Admin\graceful_books\node_modules\react-router-dom\dist\umd\react-router-dom.development.js:695:7)

stderr | src/pages/auth/Signup.test.tsx > Signup Page with Charity Selection > charity selection step > should show charity selector after credentials step
Warning: An update to Signup inside a test was not wrapped in act(...).

When testing, code that causes React state updates should be wrapped into act(...):

act(() => {
  /* fire events that update state */
});
/* assert on the output */

This ensures that you're testing the behavior the user would see in the browser. Learn more at https://reactjs.org/link/wrap-tests-with-act
    at Signup (C:/Users/Admin/graceful_books/src/pages/auth/Signup.tsx:11:67)
    at Router (C:\Users\Admin\graceful_books\node_modules\react-router\dist\umd\react-router.development.js:1207:17)
    at BrowserRouter (C:\Users\Admin\graceful_books\node_modules\react-router-dom\dist\umd\react-router-dom.development.js:695:7)

stderr | src/pages/auth/Signup.test.tsx > Signup Page with Charity Selection > charity selection step > should show charity selector after credentials step
Warning: An update to Signup inside a test was not wrapped in act(...).

When testing, code that causes React state updates should be wrapped into act(...):

act(() => {
  /* fire events that update state */
});
/* assert on the output */

This ensures that you're testing the behavior the user would see in the browser. Learn more at https://reactjs.org/link/wrap-tests-with-act
    at Signup (C:/Users/Admin/graceful_books/src/pages/auth/Signup.tsx:11:67)
    at Router (C:\Users\Admin\graceful_books\node_modules\react-router\dist\umd\react-router.development.js:1207:17)
    at BrowserRouter (C:\Users\Admin\graceful_books\node_modules\react-router-dom\dist\umd\react-router-dom.development.js:695:7)

stderr | src/pages/auth/Signup.test.tsx > Signup Page with Charity Selection > charity selection step > should show charity selector after credentials step
Warning: An update to Signup inside a test was not wrapped in act(...).

When testing, code that causes React state updates should be wrapped into act(...):

act(() => {
  /* fire events that update state */
});
/* assert on the output */

This ensures that you're testing the behavior the user would see in the browser. Learn more at https://reactjs.org/link/wrap-tests-with-act
    at Signup (C:/Users/Admin/graceful_books/src/pages/auth/Signup.tsx:11:67)
    at Router (C:\Users\Admin\graceful_books\node_modules\react-router\dist\umd\react-router.development.js:1207:17)
    at BrowserRouter (C:\Users\Admin\graceful_books\node_modules\react-router-dom\dist\umd\react-router-dom.development.js:695:7)

stdout | src/pages/auth/Signup.test.tsx > Signup Page with Charity Selection > charity selection step > should display charities from the store
🌐 API Request: GET https://api.audacious.money/products

stderr | src/pages/auth/Signup.test.tsx > Signup Page with Charity Selection > charity selection step > should display charities from the store
Warning: An update to Signup inside a test was not wrapped in act(...).

When testing, code that causes React state updates should be wrapped into act(...):

act(() => {
  /* fire events that update state */
});
/* assert on the output */

This ensures that you're testing the behavior the user would see in the browser. Learn more at https://reactjs.org/link/wrap-tests-with-act
    at Signup (C:/Users/Admin/graceful_books/src/pages/auth/Signup.tsx:11:67)
    at Router (C:\Users\Admin\graceful_books\node_modules\react-router\dist\umd\react-router.development.js:1207:17)
    at BrowserRouter (C:\Users\Admin\graceful_books\node_modules\react-router-dom\dist\umd\react-router-dom.development.js:695:7)

stderr | src/pages/auth/Signup.test.tsx > Signup Page with Charity Selection > charity selection step > should display charities from the store
Warning: An update to Signup inside a test was not wrapped in act(...).

When testing, code that causes React state updates should be wrapped into act(...):

act(() => {
  /* fire events that update state */
});
/* assert on the output */

This ensures that you're testing the behavior the user would see in the browser. Learn more at https://reactjs.org/link/wrap-tests-with-act
    at Signup (C:/Users/Admin/graceful_books/src/pages/auth/Signup.tsx:11:67)
    at Router (C:\Users\Admin\graceful_books\node_modules\react-router\dist\umd\react-router.development.js:1207:17)
    at BrowserRouter (C:\Users\Admin\graceful_books\node_modules\react-router-dom\dist\umd\react-router-dom.development.js:695:7)

stderr | src/pages/auth/Signup.test.tsx > Signup Page with Charity Selection > charity selection step > should display charities from the store
Warning: An update to Signup inside a test was not wrapped in act(...).

When testing, code that causes React state updates should be wrapped into act(...):

act(() => {
  /* fire events that update state */
});
/* assert on the output */

This ensures that you're testing the behavior the user would see in the browser. Learn more at https://reactjs.org/link/wrap-tests-with-act
    at Signup (C:/Users/Admin/graceful_books/src/pages/auth/Signup.tsx:11:67)
    at Router (C:\Users\Admin\graceful_books\node_modules\react-router\dist\umd\react-router.development.js:1207:17)
    at BrowserRouter (C:\Users\Admin\graceful_books\node_modules\react-router-dom\dist\umd\react-router-dom.development.js:695:7)

stderr | src/pages/auth/Signup.test.tsx > Signup Page with Charity Selection > charity selection step > should display charities from the store
Warning: An update to Signup inside a test was not wrapped in act(...).

When testing, code that causes React state updates should be wrapped into act(...):

act(() => {
  /* fire events that update state */
});
/* assert on the output */

This ensures that you're testing the behavior the user would see in the browser. Learn more at https://reactjs.org/link/wrap-tests-with-act
    at Signup (C:/Users/Admin/graceful_books/src/pages/auth/Signup.tsx:11:67)
    at Router (C:\Users\Admin\graceful_books\node_modules\react-router\dist\umd\react-router.development.js:1207:17)
    at BrowserRouter (C:\Users\Admin\graceful_books\node_modules\react-router-dom\dist\umd\react-router-dom.development.js:695:7)

stderr | src/pages/auth/Signup.test.tsx > Signup Page with Charity Selection > charity selection step > should display charities from the store
Warning: An update to Signup inside a test was not wrapped in act(...).

When testing, code that causes React state updates should be wrapped into act(...):

act(() => {
  /* fire events that update state */
});
/* assert on the output */

This ensures that you're testing the behavior the user would see in the browser. Learn more at https://reactjs.org/link/wrap-tests-with-act
    at Signup (C:/Users/Admin/graceful_books/src/pages/auth/Signup.tsx:11:67)
    at Router (C:\Users\Admin\graceful_books\node_modules\react-router\dist\umd\react-router.development.js:1207:17)
    at BrowserRouter (C:\Users\Admin\graceful_books\node_modules\react-router-dom\dist\umd\react-router-dom.development.js:695:7)

stderr | src/pages/auth/Signup.test.tsx > Signup Page with Charity Selection > charity selection step > should display charities from the store
Warning: An update to Signup inside a test was not wrapped in act(...).

When testing, code that causes React state updates should be wrapped into act(...):

act(() => {
  /* fire events that update state */
});
/* assert on the output */

This ensures that you're testing the behavior the user would see in the browser. Learn more at https://reactjs.org/link/wrap-tests-with-act
    at Signup (C:/Users/Admin/graceful_books/src/pages/auth/Signup.tsx:11:67)
    at Router (C:\Users\Admin\graceful_books\node_modules\react-router\dist\umd\react-router.development.js:1207:17)
    at BrowserRouter (C:\Users\Admin\graceful_books\node_modules\react-router-dom\dist\umd\react-router-dom.development.js:695:7)

stderr | src/pages/auth/Signup.test.tsx > Signup Page with Charity Selection > charity selection step > should display charities from the store
Warning: An update to Signup inside a test was not wrapped in act(...).

When testing, code that causes React state updates should be wrapped into act(...):

act(() => {
  /* fire events that update state */
});
/* assert on the output */

This ensures that you're testing the behavior the user would see in the browser. Learn more at https://reactjs.org/link/wrap-tests-with-act
    at Signup (C:/Users/Admin/graceful_books/src/pages/auth/Signup.tsx:11:67)
    at Router (C:\Users\Admin\graceful_books\node_modules\react-router\dist\umd\react-router.development.js:1207:17)
    at BrowserRouter (C:\Users\Admin\graceful_books\node_modules\react-router-dom\dist\umd\react-router-dom.development.js:695:7)

stderr | src/pages/auth/Signup.test.tsx > Signup Page with Charity Selection > charity selection step > should display charities from the store
Warning: An update to Signup inside a test was not wrapped in act(...).

When testing, code that causes React state updates should be wrapped into act(...):

act(() => {
  /* fire events that update state */
});
/* assert on the output */

This ensures that you're testing the behavior the user would see in the browser. Learn more at https://reactjs.org/link/wrap-tests-with-act
    at Signup (C:/Users/Admin/graceful_books/src/pages/auth/Signup.tsx:11:67)
    at Router (C:\Users\Admin\graceful_books\node_modules\react-router\dist\umd\react-router.development.js:1207:17)
    at BrowserRouter (C:\Users\Admin\graceful_books\node_modules\react-router-dom\dist\umd\react-router-dom.development.js:695:7)

stderr | src/pages/auth/Signup.test.tsx > Signup Page with Charity Selection > charity selection step > should display charities from the store
Warning: An update to Signup inside a test was not wrapped in act(...).

When testing, code that causes React state updates should be wrapped into act(...):

act(() => {
  /* fire events that update state */
});
/* assert on the output */

This ensures that you're testing the behavior the user would see in the browser. Learn more at https://reactjs.org/link/wrap-tests-with-act
    at Signup (C:/Users/Admin/graceful_books/src/pages/auth/Signup.tsx:11:67)
    at Router (C:\Users\Admin\graceful_books\node_modules\react-router\dist\umd\react-router.development.js:1207:17)
    at BrowserRouter (C:\Users\Admin\graceful_books\node_modules\react-router-dom\dist\umd\react-router-dom.development.js:695:7)

stderr | src/pages/auth/Signup.test.tsx > Signup Page with Charity Selection > charity selection step > should display charities from the store
Warning: An update to Signup inside a test was not wrapped in act(...).

When testing, code that causes React state updates should be wrapped into act(...):

act(() => {
  /* fire events that update state */
});
/* assert on the output */

This ensures that you're testing the behavior the user would see in the browser. Learn more at https://reactjs.org/link/wrap-tests-with-act
    at Signup (C:/Users/Admin/graceful_books/src/pages/auth/Signup.tsx:11:67)
    at Router (C:\Users\Admin\graceful_books\node_modules\react-router\dist\umd\react-router.development.js:1207:17)
    at BrowserRouter (C:\Users\Admin\graceful_books\node_modules\react-router-dom\dist\umd\react-router-dom.development.js:695:7)

stderr | src/pages/auth/Signup.test.tsx > Signup Page with Charity Selection > charity selection step > should display charities from the store
Warning: An update to Signup inside a test was not wrapped in act(...).

When testing, code that causes React state updates should be wrapped into act(...):

act(() => {
  /* fire events that update state */
});
/* assert on the output */

This ensures that you're testing the behavior the user would see in the browser. Learn more at https://reactjs.org/link/wrap-tests-with-act
    at Signup (C:/Users/Admin/graceful_books/src/pages/auth/Signup.tsx:11:67)
    at Router (C:\Users\Admin\graceful_books\node_modules\react-router\dist\umd\react-router.development.js:1207:17)
    at BrowserRouter (C:\Users\Admin\graceful_books\node_modules\react-router-dom\dist\umd\react-router-dom.development.js:695:7)

stderr | src/pages/auth/Signup.test.tsx > Signup Page with Charity Selection > charity selection step > should display charities from the store
Warning: An update to Signup inside a test was not wrapped in act(...).

When testing, code that causes React state updates should be wrapped into act(...):

act(() => {
  /* fire events that update state */
});
/* assert on the output */

This ensures that you're testing the behavior the user would see in the browser. Learn more at https://reactjs.org/link/wrap-tests-with-act
    at Signup (C:/Users/Admin/graceful_books/src/pages/auth/Signup.tsx:11:67)
    at Router (C:\Users\Admin\graceful_books\node_modules\react-router\dist\umd\react-router.development.js:1207:17)
    at BrowserRouter (C:\Users\Admin\graceful_books\node_modules\react-router-dom\dist\umd\react-router-dom.development.js:695:7)

stderr | src/pages/auth/Signup.test.tsx > Signup Page with Charity Selection > charity selection step > should display charities from the store
Warning: An update to Signup inside a test was not wrapped in act(...).

When testing, code that causes React state updates should be wrapped into act(...):

act(() => {
  /* fire events that update state */
});
/* assert on the output */

This ensures that you're testing the behavior the user would see in the browser. Learn more at https://reactjs.org/link/wrap-tests-with-act
    at Signup (C:/Users/Admin/graceful_books/src/pages/auth/Signup.tsx:11:67)
    at Router (C:\Users\Admin\graceful_books\node_modules\react-router\dist\umd\react-router.development.js:1207:17)
    at BrowserRouter (C:\Users\Admin\graceful_books\node_modules\react-router-dom\dist\umd\react-router-dom.development.js:695:7)

stderr | src/pages/auth/Signup.test.tsx > Signup Page with Charity Selection > charity selection step > should display charities from the store
Warning: An update to Signup inside a test was not wrapped in act(...).

When testing, code that causes React state updates should be wrapped into act(...):

act(() => {
  /* fire events that update state */
});
/* assert on the output */

This ensures that you're testing the behavior the user would see in the browser. Learn more at https://reactjs.org/link/wrap-tests-with-act
    at Signup (C:/Users/Admin/graceful_books/src/pages/auth/Signup.tsx:11:67)
    at Router (C:\Users\Admin\graceful_books\node_modules\react-router\dist\umd\react-router.development.js:1207:17)
    at BrowserRouter (C:\Users\Admin\graceful_books\node_modules\react-router-dom\dist\umd\react-router-dom.development.js:695:7)

stderr | src/pages/auth/Signup.test.tsx > Signup Page with Charity Selection > charity selection step > should display charities from the store
Warning: An update to Signup inside a test was not wrapped in act(...).

When testing, code that causes React state updates should be wrapped into act(...):

act(() => {
  /* fire events that update state */
});
/* assert on the output */

This ensures that you're testing the behavior the user would see in the browser. Learn more at https://reactjs.org/link/wrap-tests-with-act
    at Signup (C:/Users/Admin/graceful_books/src/pages/auth/Signup.tsx:11:67)
    at Router (C:\Users\Admin\graceful_books\node_modules\react-router\dist\umd\react-router.development.js:1207:17)
    at BrowserRouter (C:\Users\Admin\graceful_books\node_modules\react-router-dom\dist\umd\react-router-dom.development.js:695:7)

stderr | src/pages/auth/Signup.test.tsx > Signup Page with Charity Selection > charity selection step > should display charities from the store
Warning: An update to Signup inside a test was not wrapped in act(...).

When testing, code that causes React state updates should be wrapped into act(...):

act(() => {
  /* fire events that update state */
});
/* assert on the output */

This ensures that you're testing the behavior the user would see in the browser. Learn more at https://reactjs.org/link/wrap-tests-with-act
    at Signup (C:/Users/Admin/graceful_books/src/pages/auth/Signup.tsx:11:67)
    at Router (C:\Users\Admin\graceful_books\node_modules\react-router\dist\umd\react-router.development.js:1207:17)
    at BrowserRouter (C:\Users\Admin\graceful_books\node_modules\react-router-dom\dist\umd\react-router-dom.development.js:695:7)

stderr | src/pages/auth/Signup.test.tsx > Signup Page with Charity Selection > charity selection step > should display charities from the store
Warning: An update to Signup inside a test was not wrapped in act(...).

When testing, code that causes React state updates should be wrapped into act(...):

act(() => {
  /* fire events that update state */
});
/* assert on the output */

This ensures that you're testing the behavior the user would see in the browser. Learn more at https://reactjs.org/link/wrap-tests-with-act
    at Signup (C:/Users/Admin/graceful_books/src/pages/auth/Signup.tsx:11:67)
    at Router (C:\Users\Admin\graceful_books\node_modules\react-router\dist\umd\react-router.development.js:1207:17)
    at BrowserRouter (C:\Users\Admin\graceful_books\node_modules\react-router-dom\dist\umd\react-router-dom.development.js:695:7)

stderr | src/pages/auth/Signup.test.tsx > Signup Page with Charity Selection > charity selection step > should display charities from the store
Warning: An update to Signup inside a test was not wrapped in act(...).

When testing, code that causes React state updates should be wrapped into act(...):

act(() => {
  /* fire events that update state */
});
/* assert on the output */

This ensures that you're testing the behavior the user would see in the browser. Learn more at https://reactjs.org/link/wrap-tests-with-act
    at Signup (C:/Users/Admin/graceful_books/src/pages/auth/Signup.tsx:11:67)
    at Router (C:\Users\Admin\graceful_books\node_modules\react-router\dist\umd\react-router.development.js:1207:17)
    at BrowserRouter (C:\Users\Admin\graceful_books\node_modules\react-router-dom\dist\umd\react-router-dom.development.js:695:7)

stderr | src/pages/auth/Signup.test.tsx > Signup Page with Charity Selection > charity selection step > should display charities from the store
Warning: An update to Signup inside a test was not wrapped in act(...).

When testing, code that causes React state updates should be wrapped into act(...):

act(() => {
  /* fire events that update state */
});
/* assert on the output */

This ensures that you're testing the behavior the user would see in the browser. Learn more at https://reactjs.org/link/wrap-tests-with-act
    at Signup (C:/Users/Admin/graceful_books/src/pages/auth/Signup.tsx:11:67)
    at Router (C:\Users\Admin\graceful_books\node_modules\react-router\dist\umd\react-router.development.js:1207:17)
    at BrowserRouter (C:\Users\Admin\graceful_books\node_modules\react-router-dom\dist\umd\react-router-dom.development.js:695:7)

stderr | src/pages/auth/Signup.test.tsx > Signup Page with Charity Selection > charity selection step > should display charities from the store
Warning: An update to Signup inside a test was not wrapped in act(...).

When testing, code that causes React state updates should be wrapped into act(...):

act(() => {
  /* fire events that update state */
});
/* assert on the output */

This ensures that you're testing the behavior the user would see in the browser. Learn more at https://reactjs.org/link/wrap-tests-with-act
    at Signup (C:/Users/Admin/graceful_books/src/pages/auth/Signup.tsx:11:67)
    at Router (C:\Users\Admin\graceful_books\node_modules\react-router\dist\umd\react-router.development.js:1207:17)
    at BrowserRouter (C:\Users\Admin\graceful_books\node_modules\react-router-dom\dist\umd\react-router-dom.development.js:695:7)

stderr | src/pages/auth/Signup.test.tsx > Signup Page with Charity Selection > charity selection step > should display charities from the store
Warning: An update to Signup inside a test was not wrapped in act(...).

When testing, code that causes React state updates should be wrapped into act(...):

act(() => {
  /* fire events that update state */
});
/* assert on the output */

This ensures that you're testing the behavior the user would see in the browser. Learn more at https://reactjs.org/link/wrap-tests-with-act
    at Signup (C:/Users/Admin/graceful_books/src/pages/auth/Signup.tsx:11:67)
    at Router (C:\Users\Admin\graceful_books\node_modules\react-router\dist\umd\react-router.development.js:1207:17)
    at BrowserRouter (C:\Users\Admin\graceful_books\node_modules\react-router-dom\dist\umd\react-router-dom.development.js:695:7)

stdout | src/pages/auth/Signup.test.tsx > Signup Page with Charity Selection > charity selection step > should display charities from the store
🌐 Response status: 200 OK

stderr | src/pages/auth/Signup.test.tsx > Signup Page with Charity Selection > charity selection step > should display charities from the store
Warning: An update to Signup inside a test was not wrapped in act(...).

When testing, code that causes React state updates should be wrapped into act(...):

act(() => {
  /* fire events that update state */
});
/* assert on the output */

This ensures that you're testing the behavior the user would see in the browser. Learn more at https://reactjs.org/link/wrap-tests-with-act
    at Signup (C:/Users/Admin/graceful_books/src/pages/auth/Signup.tsx:11:67)
    at Router (C:\Users\Admin\graceful_books\node_modules\react-router\dist\umd\react-router.development.js:1207:17)
    at BrowserRouter (C:\Users\Admin\graceful_books\node_modules\react-router-dom\dist\umd\react-router-dom.development.js:695:7)

stderr | src/pages/auth/Signup.test.tsx > Signup Page with Charity Selection > charity selection step > should display charities from the store
Warning: An update to Signup inside a test was not wrapped in act(...).

When testing, code that causes React state updates should be wrapped into act(...):

act(() => {
  /* fire events that update state */
});
/* assert on the output */

This ensures that you're testing the behavior the user would see in the browser. Learn more at https://reactjs.org/link/wrap-tests-with-act
    at Signup (C:/Users/Admin/graceful_books/src/pages/auth/Signup.tsx:11:67)
    at Router (C:\Users\Admin\graceful_books\node_modules\react-router\dist\umd\react-router.development.js:1207:17)
    at BrowserRouter (C:\Users\Admin\graceful_books\node_modules\react-router-dom\dist\umd\react-router-dom.development.js:695:7)

stderr | src/pages/auth/Signup.test.tsx > Signup Page with Charity Selection > charity selection step > should display charities from the store
Warning: An update to Signup inside a test was not wrapped in act(...).

When testing, code that causes React state updates should be wrapped into act(...):

act(() => {
  /* fire events that update state */
});
/* assert on the output */

This ensures that you're testing the behavior the user would see in the browser. Learn more at https://reactjs.org/link/wrap-tests-with-act
    at Signup (C:/Users/Admin/graceful_books/src/pages/auth/Signup.tsx:11:67)
    at Router (C:\Users\Admin\graceful_books\node_modules\react-router\dist\umd\react-router.development.js:1207:17)
    at BrowserRouter (C:\Users\Admin\graceful_books\node_modules\react-router-dom\dist\umd\react-router-dom.development.js:695:7)

stderr | src/pages/auth/Signup.test.tsx > Signup Page with Charity Selection > charity selection step > should display charities from the store
Warning: An update to Signup inside a test was not wrapped in act(...).

When testing, code that causes React state updates should be wrapped into act(...):

act(() => {
  /* fire events that update state */
});
/* assert on the output */

This ensures that you're testing the behavior the user would see in the browser. Learn more at https://reactjs.org/link/wrap-tests-with-act
    at Signup (C:/Users/Admin/graceful_books/src/pages/auth/Signup.tsx:11:67)
    at Router (C:\Users\Admin\graceful_books\node_modules\react-router\dist\umd\react-router.development.js:1207:17)
    at BrowserRouter (C:\Users\Admin\graceful_books\node_modules\react-router-dom\dist\umd\react-router-dom.development.js:695:7)

stderr | src/pages/auth/Signup.test.tsx > Signup Page with Charity Selection > charity selection step > should display charities from the store
Warning: An update to Signup inside a test was not wrapped in act(...).

When testing, code that causes React state updates should be wrapped into act(...):

act(() => {
  /* fire events that update state */
});
/* assert on the output */

This ensures that you're testing the behavior the user would see in the browser. Learn more at https://reactjs.org/link/wrap-tests-with-act
    at Signup (C:/Users/Admin/graceful_books/src/pages/auth/Signup.tsx:11:67)
    at Router (C:\Users\Admin\graceful_books\node_modules\react-router\dist\umd\react-router.development.js:1207:17)
    at BrowserRouter (C:\Users\Admin\graceful_books\node_modules\react-router-dom\dist\umd\react-router-dom.development.js:695:7)

stderr | src/pages/auth/Signup.test.tsx > Signup Page with Charity Selection > charity selection step > should display charities from the store
Warning: An update to Signup inside a test was not wrapped in act(...).

When testing, code that causes React state updates should be wrapped into act(...):

act(() => {
  /* fire events that update state */
});
/* assert on the output */

This ensures that you're testing the behavior the user would see in the browser. Learn more at https://reactjs.org/link/wrap-tests-with-act
    at Signup (C:/Users/Admin/graceful_books/src/pages/auth/Signup.tsx:11:67)
    at Router (C:\Users\Admin\graceful_books\node_modules\react-router\dist\umd\react-router.development.js:1207:17)
    at BrowserRouter (C:\Users\Admin\graceful_books\node_modules\react-router-dom\dist\umd\react-router-dom.development.js:695:7)

stderr | src/pages/auth/Signup.test.tsx > Signup Page with Charity Selection > charity selection step > should display charities from the store
Warning: An update to Signup inside a test was not wrapped in act(...).

When testing, code that causes React state updates should be wrapped into act(...):

act(() => {
  /* fire events that update state */
});
/* assert on the output */

This ensures that you're testing the behavior the user would see in the browser. Learn more at https://reactjs.org/link/wrap-tests-with-act
    at Signup (C:/Users/Admin/graceful_books/src/pages/auth/Signup.tsx:11:67)
    at Router (C:\Users\Admin\graceful_books\node_modules\react-router\dist\umd\react-router.development.js:1207:17)
    at BrowserRouter (C:\Users\Admin\graceful_books\node_modules\react-router-dom\dist\umd\react-router-dom.development.js:695:7)

stderr | src/pages/auth/Signup.test.tsx > Signup Page with Charity Selection > charity selection step > should display charities from the store
Warning: An update to Signup inside a test was not wrapped in act(...).

When testing, code that causes React state updates should be wrapped into act(...):

act(() => {
  /* fire events that update state */
});
/* assert on the output */

This ensures that you're testing the behavior the user would see in the browser. Learn more at https://reactjs.org/link/wrap-tests-with-act
    at Signup (C:/Users/Admin/graceful_books/src/pages/auth/Signup.tsx:11:67)
    at Router (C:\Users\Admin\graceful_books\node_modules\react-router\dist\umd\react-router.development.js:1207:17)
    at BrowserRouter (C:\Users\Admin\graceful_books\node_modules\react-router-dom\dist\umd\react-router-dom.development.js:695:7)

stderr | src/pages/auth/Signup.test.tsx > Signup Page with Charity Selection > charity selection step > should display charities from the store
Warning: An update to Signup inside a test was not wrapped in act(...).

When testing, code that causes React state updates should be wrapped into act(...):

act(() => {
  /* fire events that update state */
});
/* assert on the output */

This ensures that you're testing the behavior the user would see in the browser. Learn more at https://reactjs.org/link/wrap-tests-with-act
    at Signup (C:/Users/Admin/graceful_books/src/pages/auth/Signup.tsx:11:67)
    at Router (C:\Users\Admin\graceful_books\node_modules\react-router\dist\umd\react-router.development.js:1207:17)
    at BrowserRouter (C:\Users\Admin\graceful_books\node_modules\react-router-dom\dist\umd\react-router-dom.development.js:695:7)

stderr | src/pages/auth/Signup.test.tsx > Signup Page with Charity Selection > charity selection step > should display charities from the store
Warning: An update to Signup inside a test was not wrapped in act(...).

When testing, code that causes React state updates should be wrapped into act(...):

act(() => {
  /* fire events that update state */
});
/* assert on the output */

This ensures that you're testing the behavior the user would see in the browser. Learn more at https://reactjs.org/link/wrap-tests-with-act
    at Signup (C:/Users/Admin/graceful_books/src/pages/auth/Signup.tsx:11:67)
    at Router (C:\Users\Admin\graceful_books\node_modules\react-router\dist\umd\react-router.development.js:1207:17)
    at BrowserRouter (C:\Users\Admin\graceful_books\node_modules\react-router-dom\dist\umd\react-router-dom.development.js:695:7)

stderr | src/pages/auth/Signup.test.tsx > Signup Page with Charity Selection > charity selection step > should display charities from the store
Warning: An update to Signup inside a test was not wrapped in act(...).

When testing, code that causes React state updates should be wrapped into act(...):

act(() => {
  /* fire events that update state */
});
/* assert on the output */

This ensures that you're testing the behavior the user would see in the browser. Learn more at https://reactjs.org/link/wrap-tests-with-act
    at Signup (C:/Users/Admin/graceful_books/src/pages/auth/Signup.tsx:11:67)
    at Router (C:\Users\Admin\graceful_books\node_modules\react-router\dist\umd\react-router.development.js:1207:17)
    at BrowserRouter (C:\Users\Admin\graceful_books\node_modules\react-router-dom\dist\umd\react-router-dom.development.js:695:7)

stderr | src/pages/auth/Signup.test.tsx > Signup Page with Charity Selection > charity selection step > should display charities from the store
Warning: An update to Signup inside a test was not wrapped in act(...).

When testing, code that causes React state updates should be wrapped into act(...):

act(() => {
  /* fire events that update state */
});
/* assert on the output */

This ensures that you're testing the behavior the user would see in the browser. Learn more at https://reactjs.org/link/wrap-tests-with-act
    at Signup (C:/Users/Admin/graceful_books/src/pages/auth/Signup.tsx:11:67)
    at Router (C:\Users\Admin\graceful_books\node_modules\react-router\dist\umd\react-router.development.js:1207:17)
    at BrowserRouter (C:\Users\Admin\graceful_books\node_modules\react-router-dom\dist\umd\react-router-dom.development.js:695:7)

stderr | src/pages/auth/Signup.test.tsx > Signup Page with Charity Selection > charity selection step > should display charities from the store
Warning: An update to Signup inside a test was not wrapped in act(...).

When testing, code that causes React state updates should be wrapped into act(...):

act(() => {
  /* fire events that update state */
});
/* assert on the output */

This ensures that you're testing the behavior the user would see in the browser. Learn more at https://reactjs.org/link/wrap-tests-with-act
    at Signup (C:/Users/Admin/graceful_books/src/pages/auth/Signup.tsx:11:67)
    at Router (C:\Users\Admin\graceful_books\node_modules\react-router\dist\umd\react-router.development.js:1207:17)
    at BrowserRouter (C:\Users\Admin\graceful_books\node_modules\react-router-dom\dist\umd\react-router-dom.development.js:695:7)

stderr | src/pages/auth/Signup.test.tsx > Signup Page with Charity Selection > charity selection step > should display charities from the store
Warning: An update to Signup inside a test was not wrapped in act(...).

When testing, code that causes React state updates should be wrapped into act(...):

act(() => {
  /* fire events that update state */
});
/* assert on the output */

This ensures that you're testing the behavior the user would see in the browser. Learn more at https://reactjs.org/link/wrap-tests-with-act
    at Signup (C:/Users/Admin/graceful_books/src/pages/auth/Signup.tsx:11:67)
    at Router (C:\Users\Admin\graceful_books\node_modules\react-router\dist\umd\react-router.development.js:1207:17)
    at BrowserRouter (C:\Users\Admin\graceful_books\node_modules\react-router-dom\dist\umd\react-router-dom.development.js:695:7)

stderr | src/pages/auth/Signup.test.tsx > Signup Page with Charity Selection > charity selection step > should display charities from the store
Warning: An update to Signup inside a test was not wrapped in act(...).

When testing, code that causes React state updates should be wrapped into act(...):

act(() => {
  /* fire events that update state */
});
/* assert on the output */

This ensures that you're testing the behavior the user would see in the browser. Learn more at https://reactjs.org/link/wrap-tests-with-act
    at Signup (C:/Users/Admin/graceful_books/src/pages/auth/Signup.tsx:11:67)
    at Router (C:\Users\Admin\graceful_books\node_modules\react-router\dist\umd\react-router.development.js:1207:17)
    at BrowserRouter (C:\Users\Admin\graceful_books\node_modules\react-router-dom\dist\umd\react-router-dom.development.js:695:7)

stderr | src/pages/auth/Signup.test.tsx > Signup Page with Charity Selection > charity selection step > should display charities from the store
Warning: An update to Signup inside a test was not wrapped in act(...).

When testing, code that causes React state updates should be wrapped into act(...):

act(() => {
  /* fire events that update state */
});
/* assert on the output */

This ensures that you're testing the behavior the user would see in the browser. Learn more at https://reactjs.org/link/wrap-tests-with-act
    at Signup (C:/Users/Admin/graceful_books/src/pages/auth/Signup.tsx:11:67)
    at Router (C:\Users\Admin\graceful_books\node_modules\react-router\dist\umd\react-router.development.js:1207:17)
    at BrowserRouter (C:\Users\Admin\graceful_books\node_modules\react-router-dom\dist\umd\react-router-dom.development.js:695:7)

stderr | src/pages/auth/Signup.test.tsx > Signup Page with Charity Selection > charity selection step > should display charities from the store
Warning: An update to Signup inside a test was not wrapped in act(...).

When testing, code that causes React state updates should be wrapped into act(...):

act(() => {
  /* fire events that update state */
});
/* assert on the output */

This ensures that you're testing the behavior the user would see in the browser. Learn more at https://reactjs.org/link/wrap-tests-with-act
    at Signup (C:/Users/Admin/graceful_books/src/pages/auth/Signup.tsx:11:67)
    at Router (C:\Users\Admin\graceful_books\node_modules\react-router\dist\umd\react-router.development.js:1207:17)
    at BrowserRouter (C:\Users\Admin\graceful_books\node_modules\react-router-dom\dist\umd\react-router-dom.development.js:695:7)

stderr | src/pages/auth/Signup.test.tsx > Signup Page with Charity Selection > charity selection step > should display charities from the store
Warning: An update to Signup inside a test was not wrapped in act(...).

When testing, code that causes React state updates should be wrapped into act(...):

act(() => {
  /* fire events that update state */
});
/* assert on the output */

This ensures that you're testing the behavior the user would see in the browser. Learn more at https://reactjs.org/link/wrap-tests-with-act
    at Signup (C:/Users/Admin/graceful_books/src/pages/auth/Signup.tsx:11:67)
    at Router (C:\Users\Admin\graceful_books\node_modules\react-router\dist\umd\react-router.development.js:1207:17)
    at BrowserRouter (C:\Users\Admin\graceful_books\node_modules\react-router-dom\dist\umd\react-router-dom.development.js:695:7)

stdout | src/pages/auth/Signup.test.tsx > Signup Page with Charity Selection > charity selection step > should allow selecting a charity
🌐 API Request: GET https://api.audacious.money/products

stderr | src/pages/auth/Signup.test.tsx > Signup Page with Charity Selection > charity selection step > should allow selecting a charity
Warning: An update to Signup inside a test was not wrapped in act(...).

When testing, code that causes React state updates should be wrapped into act(...):

act(() => {
  /* fire events that update state */
});
/* assert on the output */

This ensures that you're testing the behavior the user would see in the browser. Learn more at https://reactjs.org/link/wrap-tests-with-act
    at Signup (C:/Users/Admin/graceful_books/src/pages/auth/Signup.tsx:11:67)
    at Router (C:\Users\Admin\graceful_books\node_modules\react-router\dist\umd\react-router.development.js:1207:17)
    at BrowserRouter (C:\Users\Admin\graceful_books\node_modules\react-router-dom\dist\umd\react-router-dom.development.js:695:7)

stderr | src/pages/auth/Signup.test.tsx > Signup Page with Charity Selection > charity selection step > should allow selecting a charity
Warning: An update to Signup inside a test was not wrapped in act(...).

When testing, code that causes React state updates should be wrapped into act(...):

act(() => {
  /* fire events that update state */
});
/* assert on the output */

This ensures that you're testing the behavior the user would see in the browser. Learn more at https://reactjs.org/link/wrap-tests-with-act
    at Signup (C:/Users/Admin/graceful_books/src/pages/auth/Signup.tsx:11:67)
    at Router (C:\Users\Admin\graceful_books\node_modules\react-router\dist\umd\react-router.development.js:1207:17)
    at BrowserRouter (C:\Users\Admin\graceful_books\node_modules\react-router-dom\dist\umd\react-router-dom.development.js:695:7)

stderr | src/pages/auth/Signup.test.tsx > Signup Page with Charity Selection > charity selection step > should allow selecting a charity
Warning: An update to Signup inside a test was not wrapped in act(...).

When testing, code that causes React state updates should be wrapped into act(...):

act(() => {
  /* fire events that update state */
});
/* assert on the output */

This ensures that you're testing the behavior the user would see in the browser. Learn more at https://reactjs.org/link/wrap-tests-with-act
    at Signup (C:/Users/Admin/graceful_books/src/pages/auth/Signup.tsx:11:67)
    at Router (C:\Users\Admin\graceful_books\node_modules\react-router\dist\umd\react-router.development.js:1207:17)
    at BrowserRouter (C:\Users\Admin\graceful_books\node_modules\react-router-dom\dist\umd\react-router-dom.development.js:695:7)

stderr | src/pages/auth/Signup.test.tsx > Signup Page with Charity Selection > charity selection step > should allow selecting a charity
Warning: An update to Signup inside a test was not wrapped in act(...).

When testing, code that causes React state updates should be wrapped into act(...):

act(() => {
  /* fire events that update state */
});
/* assert on the output */

This ensures that you're testing the behavior the user would see in the browser. Learn more at https://reactjs.org/link/wrap-tests-with-act
    at Signup (C:/Users/Admin/graceful_books/src/pages/auth/Signup.tsx:11:67)
    at Router (C:\Users\Admin\graceful_books\node_modules\react-router\dist\umd\react-router.development.js:1207:17)
    at BrowserRouter (C:\Users\Admin\graceful_books\node_modules\react-router-dom\dist\umd\react-router-dom.development.js:695:7)

stderr | src/pages/auth/Signup.test.tsx > Signup Page with Charity Selection > charity selection step > should allow selecting a charity
Warning: An update to Signup inside a test was not wrapped in act(...).

When testing, code that causes React state updates should be wrapped into act(...):

act(() => {
  /* fire events that update state */
});
/* assert on the output */

This ensures that you're testing the behavior the user would see in the browser. Learn more at https://reactjs.org/link/wrap-tests-with-act
    at Signup (C:/Users/Admin/graceful_books/src/pages/auth/Signup.tsx:11:67)
    at Router (C:\Users\Admin\graceful_books\node_modules\react-router\dist\umd\react-router.development.js:1207:17)
    at BrowserRouter (C:\Users\Admin\graceful_books\node_modules\react-router-dom\dist\umd\react-router-dom.development.js:695:7)

stderr | src/pages/auth/Signup.test.tsx > Signup Page with Charity Selection > charity selection step > should allow selecting a charity
Warning: An update to Signup inside a test was not wrapped in act(...).

When testing, code that causes React state updates should be wrapped into act(...):

act(() => {
  /* fire events that update state */
});
/* assert on the output */

This ensures that you're testing the behavior the user would see in the browser. Learn more at https://reactjs.org/link/wrap-tests-with-act
    at Signup (C:/Users/Admin/graceful_books/src/pages/auth/Signup.tsx:11:67)
    at Router (C:\Users\Admin\graceful_books\node_modules\react-router\dist\umd\react-router.development.js:1207:17)
    at BrowserRouter (C:\Users\Admin\graceful_books\node_modules\react-router-dom\dist\umd\react-router-dom.development.js:695:7)

stderr | src/pages/auth/Signup.test.tsx > Signup Page with Charity Selection > charity selection step > should allow selecting a charity
Warning: An update to Signup inside a test was not wrapped in act(...).

When testing, code that causes React state updates should be wrapped into act(...):

act(() => {
  /* fire events that update state */
});
/* assert on the output */

This ensures that you're testing the behavior the user would see in the browser. Learn more at https://reactjs.org/link/wrap-tests-with-act
    at Signup (C:/Users/Admin/graceful_books/src/pages/auth/Signup.tsx:11:67)
    at Router (C:\Users\Admin\graceful_books\node_modules\react-router\dist\umd\react-router.development.js:1207:17)
    at BrowserRouter (C:\Users\Admin\graceful_books\node_modules\react-router-dom\dist\umd\react-router-dom.development.js:695:7)

stderr | src/pages/auth/Signup.test.tsx > Signup Page with Charity Selection > charity selection step > should allow selecting a charity
Warning: An update to Signup inside a test was not wrapped in act(...).

When testing, code that causes React state updates should be wrapped into act(...):

act(() => {
  /* fire events that update state */
});
/* assert on the output */

This ensures that you're testing the behavior the user would see in the browser. Learn more at https://reactjs.org/link/wrap-tests-with-act
    at Signup (C:/Users/Admin/graceful_books/src/pages/auth/Signup.tsx:11:67)
    at Router (C:\Users\Admin\graceful_books\node_modules\react-router\dist\umd\react-router.development.js:1207:17)
    at BrowserRouter (C:\Users\Admin\graceful_books\node_modules\react-router-dom\dist\umd\react-router-dom.development.js:695:7)

stderr | src/pages/auth/Signup.test.tsx > Signup Page with Charity Selection > charity selection step > should allow selecting a charity
Warning: An update to Signup inside a test was not wrapped in act(...).

When testing, code that causes React state updates should be wrapped into act(...):

act(() => {
  /* fire events that update state */
});
/* assert on the output */

This ensures that you're testing the behavior the user would see in the browser. Learn more at https://reactjs.org/link/wrap-tests-with-act
    at Signup (C:/Users/Admin/graceful_books/src/pages/auth/Signup.tsx:11:67)
    at Router (C:\Users\Admin\graceful_books\node_modules\react-router\dist\umd\react-router.development.js:1207:17)
    at BrowserRouter (C:\Users\Admin\graceful_books\node_modules\react-router-dom\dist\umd\react-router-dom.development.js:695:7)

stderr | src/pages/auth/Signup.test.tsx > Signup Page with Charity Selection > charity selection step > should allow selecting a charity
Warning: An update to Signup inside a test was not wrapped in act(...).

When testing, code that causes React state updates should be wrapped into act(...):

act(() => {
  /* fire events that update state */
});
/* assert on the output */

This ensures that you're testing the behavior the user would see in the browser. Learn more at https://reactjs.org/link/wrap-tests-with-act
    at Signup (C:/Users/Admin/graceful_books/src/pages/auth/Signup.tsx:11:67)
    at Router (C:\Users\Admin\graceful_books\node_modules\react-router\dist\umd\react-router.development.js:1207:17)
    at BrowserRouter (C:\Users\Admin\graceful_books\node_modules\react-router-dom\dist\umd\react-router-dom.development.js:695:7)

stderr | src/pages/auth/Signup.test.tsx > Signup Page with Charity Selection > charity selection step > should allow selecting a charity
Warning: An update to Signup inside a test was not wrapped in act(...).

When testing, code that causes React state updates should be wrapped into act(...):

act(() => {
  /* fire events that update state */
});
/* assert on the output */

This ensures that you're testing the behavior the user would see in the browser. Learn more at https://reactjs.org/link/wrap-tests-with-act
    at Signup (C:/Users/Admin/graceful_books/src/pages/auth/Signup.tsx:11:67)
    at Router (C:\Users\Admin\graceful_books\node_modules\react-router\dist\umd\react-router.development.js:1207:17)
    at BrowserRouter (C:\Users\Admin\graceful_books\node_modules\react-router-dom\dist\umd\react-router-dom.development.js:695:7)

stderr | src/pages/auth/Signup.test.tsx > Signup Page with Charity Selection > charity selection step > should allow selecting a charity
Warning: An update to Signup inside a test was not wrapped in act(...).

When testing, code that causes React state updates should be wrapped into act(...):

act(() => {
  /* fire events that update state */
});
/* assert on the output */

This ensures that you're testing the behavior the user would see in the browser. Learn more at https://reactjs.org/link/wrap-tests-with-act
    at Signup (C:/Users/Admin/graceful_books/src/pages/auth/Signup.tsx:11:67)
    at Router (C:\Users\Admin\graceful_books\node_modules\react-router\dist\umd\react-router.development.js:1207:17)
    at BrowserRouter (C:\Users\Admin\graceful_books\node_modules\react-router-dom\dist\umd\react-router-dom.development.js:695:7)

stderr | src/pages/auth/Signup.test.tsx > Signup Page with Charity Selection > charity selection step > should allow selecting a charity
Warning: An update to Signup inside a test was not wrapped in act(...).

When testing, code that causes React state updates should be wrapped into act(...):

act(() => {
  /* fire events that update state */
});
/* assert on the output */

This ensures that you're testing the behavior the user would see in the browser. Learn more at https://reactjs.org/link/wrap-tests-with-act
    at Signup (C:/Users/Admin/graceful_books/src/pages/auth/Signup.tsx:11:67)
    at Router (C:\Users\Admin\graceful_books\node_modules\react-router\dist\umd\react-router.development.js:1207:17)
    at BrowserRouter (C:\Users\Admin\graceful_books\node_modules\react-router-dom\dist\umd\react-router-dom.development.js:695:7)

stderr | src/pages/auth/Signup.test.tsx > Signup Page with Charity Selection > charity selection step > should allow selecting a charity
Warning: An update to Signup inside a test was not wrapped in act(...).

When testing, code that causes React state updates should be wrapped into act(...):

act(() => {
  /* fire events that update state */
});
/* assert on the output */

This ensures that you're testing the behavior the user would see in the browser. Learn more at https://reactjs.org/link/wrap-tests-with-act
    at Signup (C:/Users/Admin/graceful_books/src/pages/auth/Signup.tsx:11:67)
    at Router (C:\Users\Admin\graceful_books\node_modules\react-router\dist\umd\react-router.development.js:1207:17)
    at BrowserRouter (C:\Users\Admin\graceful_books\node_modules\react-router-dom\dist\umd\react-router-dom.development.js:695:7)

stderr | src/pages/auth/Signup.test.tsx > Signup Page with Charity Selection > charity selection step > should allow selecting a charity
Warning: An update to Signup inside a test was not wrapped in act(...).

When testing, code that causes React state updates should be wrapped into act(...):

act(() => {
  /* fire events that update state */
});
/* assert on the output */

This ensures that you're testing the behavior the user would see in the browser. Learn more at https://reactjs.org/link/wrap-tests-with-act
    at Signup (C:/Users/Admin/graceful_books/src/pages/auth/Signup.tsx:11:67)
    at Router (C:\Users\Admin\graceful_books\node_modules\react-router\dist\umd\react-router.development.js:1207:17)
    at BrowserRouter (C:\Users\Admin\graceful_books\node_modules\react-router-dom\dist\umd\react-router-dom.development.js:695:7)

stdout | src/pages/auth/Signup.test.tsx > Signup Page with Charity Selection > charity selection step > should allow selecting a charity
🌐 Response status: 200 OK

stderr | src/pages/auth/Signup.test.tsx > Signup Page with Charity Selection > charity selection step > should allow selecting a charity
Warning: An update to Signup inside a test was not wrapped in act(...).

When testing, code that causes React state updates should be wrapped into act(...):

act(() => {
  /* fire events that update state */
});
/* assert on the output */

This ensures that you're testing the behavior the user would see in the browser. Learn more at https://reactjs.org/link/wrap-tests-with-act
    at Signup (C:/Users/Admin/graceful_books/src/pages/auth/Signup.tsx:11:67)
    at Router (C:\Users\Admin\graceful_books\node_modules\react-router\dist\umd\react-router.development.js:1207:17)
    at BrowserRouter (C:\Users\Admin\graceful_books\node_modules\react-router-dom\dist\umd\react-router-dom.development.js:695:7)

stderr | src/pages/auth/Signup.test.tsx > Signup Page with Charity Selection > charity selection step > should allow selecting a charity
Warning: An update to Signup inside a test was not wrapped in act(...).

When testing, code that causes React state updates should be wrapped into act(...):

act(() => {
  /* fire events that update state */
});
/* assert on the output */

This ensures that you're testing the behavior the user would see in the browser. Learn more at https://reactjs.org/link/wrap-tests-with-act
    at Signup (C:/Users/Admin/graceful_books/src/pages/auth/Signup.tsx:11:67)
    at Router (C:\Users\Admin\graceful_books\node_modules\react-router\dist\umd\react-router.development.js:1207:17)
    at BrowserRouter (C:\Users\Admin\graceful_books\node_modules\react-router-dom\dist\umd\react-router-dom.development.js:695:7)

stderr | src/pages/auth/Signup.test.tsx > Signup Page with Charity Selection > charity selection step > should allow selecting a charity
Warning: An update to Signup inside a test was not wrapped in act(...).

When testing, code that causes React state updates should be wrapped into act(...):

act(() => {
  /* fire events that update state */
});
/* assert on the output */

This ensures that you're testing the behavior the user would see in the browser. Learn more at https://reactjs.org/link/wrap-tests-with-act
    at Signup (C:/Users/Admin/graceful_books/src/pages/auth/Signup.tsx:11:67)
    at Router (C:\Users\Admin\graceful_books\node_modules\react-router\dist\umd\react-router.development.js:1207:17)
    at BrowserRouter (C:\Users\Admin\graceful_books\node_modules\react-router-dom\dist\umd\react-router-dom.development.js:695:7)

stderr | src/pages/auth/Signup.test.tsx > Signup Page with Charity Selection > charity selection step > should allow selecting a charity
Warning: An update to Signup inside a test was not wrapped in act(...).

When testing, code that causes React state updates should be wrapped into act(...):

act(() => {
  /* fire events that update state */
});
/* assert on the output */

This ensures that you're testing the behavior the user would see in the browser. Learn more at https://reactjs.org/link/wrap-tests-with-act
    at Signup (C:/Users/Admin/graceful_books/src/pages/auth/Signup.tsx:11:67)
    at Router (C:\Users\Admin\graceful_books\node_modules\react-router\dist\umd\react-router.development.js:1207:17)
    at BrowserRouter (C:\Users\Admin\graceful_books\node_modules\react-router-dom\dist\umd\react-router-dom.development.js:695:7)

stderr | src/pages/auth/Signup.test.tsx > Signup Page with Charity Selection > charity selection step > should allow selecting a charity
Warning: An update to Signup inside a test was not wrapped in act(...).

When testing, code that causes React state updates should be wrapped into act(...):

act(() => {
  /* fire events that update state */
});
/* assert on the output */

This ensures that you're testing the behavior the user would see in the browser. Learn more at https://reactjs.org/link/wrap-tests-with-act
    at Signup (C:/Users/Admin/graceful_books/src/pages/auth/Signup.tsx:11:67)
    at Router (C:\Users\Admin\graceful_books\node_modules\react-router\dist\umd\react-router.development.js:1207:17)
    at BrowserRouter (C:\Users\Admin\graceful_books\node_modules\react-router-dom\dist\umd\react-router-dom.development.js:695:7)

stderr | src/pages/auth/Signup.test.tsx > Signup Page with Charity Selection > charity selection step > should allow selecting a charity
Warning: An update to Signup inside a test was not wrapped in act(...).

When testing, code that causes React state updates should be wrapped into act(...):

act(() => {
  /* fire events that update state */
});
/* assert on the output */

This ensures that you're testing the behavior the user would see in the browser. Learn more at https://reactjs.org/link/wrap-tests-with-act
    at Signup (C:/Users/Admin/graceful_books/src/pages/auth/Signup.tsx:11:67)
    at Router (C:\Users\Admin\graceful_books\node_modules\react-router\dist\umd\react-router.development.js:1207:17)
    at BrowserRouter (C:\Users\Admin\graceful_books\node_modules\react-router-dom\dist\umd\react-router-dom.development.js:695:7)

stderr | src/pages/auth/Signup.test.tsx > Signup Page with Charity Selection > charity selection step > should allow selecting a charity
Warning: An update to Signup inside a test was not wrapped in act(...).

When testing, code that causes React state updates should be wrapped into act(...):

act(() => {
  /* fire events that update state */
});
/* assert on the output */

This ensures that you're testing the behavior the user would see in the browser. Learn more at https://reactjs.org/link/wrap-tests-with-act
    at Signup (C:/Users/Admin/graceful_books/src/pages/auth/Signup.tsx:11:67)
    at Router (C:\Users\Admin\graceful_books\node_modules\react-router\dist\umd\react-router.development.js:1207:17)
    at BrowserRouter (C:\Users\Admin\graceful_books\node_modules\react-router-dom\dist\umd\react-router-dom.development.js:695:7)

stderr | src/pages/auth/Signup.test.tsx > Signup Page with Charity Selection > charity selection step > should allow selecting a charity
Warning: An update to Signup inside a test was not wrapped in act(...).

When testing, code that causes React state updates should be wrapped into act(...):

act(() => {
  /* fire events that update state */
});
/* assert on the output */

This ensures that you're testing the behavior the user would see in the browser. Learn more at https://reactjs.org/link/wrap-tests-with-act
    at Signup (C:/Users/Admin/graceful_books/src/pages/auth/Signup.tsx:11:67)
    at Router (C:\Users\Admin\graceful_books\node_modules\react-router\dist\umd\react-router.development.js:1207:17)
    at BrowserRouter (C:\Users\Admin\graceful_books\node_modules\react-router-dom\dist\umd\react-router-dom.development.js:695:7)

stderr | src/pages/auth/Signup.test.tsx > Signup Page with Charity Selection > charity selection step > should allow selecting a charity
Warning: An update to Signup inside a test was not wrapped in act(...).

When testing, code that causes React state updates should be wrapped into act(...):

act(() => {
  /* fire events that update state */
});
/* assert on the output */

This ensures that you're testing the behavior the user would see in the browser. Learn more at https://reactjs.org/link/wrap-tests-with-act
    at Signup (C:/Users/Admin/graceful_books/src/pages/auth/Signup.tsx:11:67)
    at Router (C:\Users\Admin\graceful_books\node_modules\react-router\dist\umd\react-router.development.js:1207:17)
    at BrowserRouter (C:\Users\Admin\graceful_books\node_modules\react-router-dom\dist\umd\react-router-dom.development.js:695:7)

stderr | src/pages/auth/Signup.test.tsx > Signup Page with Charity Selection > charity selection step > should allow selecting a charity
Warning: An update to Signup inside a test was not wrapped in act(...).

When testing, code that causes React state updates should be wrapped into act(...):

act(() => {
  /* fire events that update state */
});
/* assert on the output */

This ensures that you're testing the behavior the user would see in the browser. Learn more at https://reactjs.org/link/wrap-tests-with-act
    at Signup (C:/Users/Admin/graceful_books/src/pages/auth/Signup.tsx:11:67)
    at Router (C:\Users\Admin\graceful_books\node_modules\react-router\dist\umd\react-router.development.js:1207:17)
    at BrowserRouter (C:\Users\Admin\graceful_books\node_modules\react-router-dom\dist\umd\react-router-dom.development.js:695:7)

stderr | src/pages/auth/Signup.test.tsx > Signup Page with Charity Selection > charity selection step > should allow selecting a charity
Warning: An update to Signup inside a test was not wrapped in act(...).

When testing, code that causes React state updates should be wrapped into act(...):

act(() => {
  /* fire events that update state */
});
/* assert on the output */

This ensures that you're testing the behavior the user would see in the browser. Learn more at https://reactjs.org/link/wrap-tests-with-act
    at Signup (C:/Users/Admin/graceful_books/src/pages/auth/Signup.tsx:11:67)
    at Router (C:\Users\Admin\graceful_books\node_modules\react-router\dist\umd\react-router.development.js:1207:17)
    at BrowserRouter (C:\Users\Admin\graceful_books\node_modules\react-router-dom\dist\umd\react-router-dom.development.js:695:7)

stderr | src/pages/auth/Signup.test.tsx > Signup Page with Charity Selection > charity selection step > should allow selecting a charity
Warning: An update to Signup inside a test was not wrapped in act(...).

When testing, code that causes React state updates should be wrapped into act(...):

act(() => {
  /* fire events that update state */
});
/* assert on the output */

This ensures that you're testing the behavior the user would see in the browser. Learn more at https://reactjs.org/link/wrap-tests-with-act
    at Signup (C:/Users/Admin/graceful_books/src/pages/auth/Signup.tsx:11:67)
    at Router (C:\Users\Admin\graceful_books\node_modules\react-router\dist\umd\react-router.development.js:1207:17)
    at BrowserRouter (C:\Users\Admin\graceful_books\node_modules\react-router-dom\dist\umd\react-router-dom.development.js:695:7)

stderr | src/pages/auth/Signup.test.tsx > Signup Page with Charity Selection > charity selection step > should allow selecting a charity
Warning: An update to Signup inside a test was not wrapped in act(...).

When testing, code that causes React state updates should be wrapped into act(...):

act(() => {
  /* fire events that update state */
});
/* assert on the output */

This ensures that you're testing the behavior the user would see in the browser. Learn more at https://reactjs.org/link/wrap-tests-with-act
    at Signup (C:/Users/Admin/graceful_books/src/pages/auth/Signup.tsx:11:67)
    at Router (C:\Users\Admin\graceful_books\node_modules\react-router\dist\umd\react-router.development.js:1207:17)
    at BrowserRouter (C:\Users\Admin\graceful_books\node_modules\react-router-dom\dist\umd\react-router-dom.development.js:695:7)

stderr | src/pages/auth/Signup.test.tsx > Signup Page with Charity Selection > charity selection step > should allow selecting a charity
Warning: An update to Signup inside a test was not wrapped in act(...).

When testing, code that causes React state updates should be wrapped into act(...):

act(() => {
  /* fire events that update state */
});
/* assert on the output */

This ensures that you're testing the behavior the user would see in the browser. Learn more at https://reactjs.org/link/wrap-tests-with-act
    at Signup (C:/Users/Admin/graceful_books/src/pages/auth/Signup.tsx:11:67)
    at Router (C:\Users\Admin\graceful_books\node_modules\react-router\dist\umd\react-router.development.js:1207:17)
    at BrowserRouter (C:\Users\Admin\graceful_books\node_modules\react-router-dom\dist\umd\react-router-dom.development.js:695:7)

stderr | src/pages/auth/Signup.test.tsx > Signup Page with Charity Selection > charity selection step > should allow selecting a charity
Warning: An update to Signup inside a test was not wrapped in act(...).

When testing, code that causes React state updates should be wrapped into act(...):

act(() => {
  /* fire events that update state */
});
/* assert on the output */

This ensures that you're testing the behavior the user would see in the browser. Learn more at https://reactjs.org/link/wrap-tests-with-act
    at Signup (C:/Users/Admin/graceful_books/src/pages/auth/Signup.tsx:11:67)
    at Router (C:\Users\Admin\graceful_books\node_modules\react-router\dist\umd\react-router.development.js:1207:17)
    at BrowserRouter (C:\Users\Admin\graceful_books\node_modules\react-router-dom\dist\umd\react-router-dom.development.js:695:7)

stderr | src/pages/auth/Signup.test.tsx > Signup Page with Charity Selection > charity selection step > should allow selecting a charity
Warning: An update to Signup inside a test was not wrapped in act(...).

When testing, code that causes React state updates should be wrapped into act(...):

act(() => {
  /* fire events that update state */
});
/* assert on the output */

This ensures that you're testing the behavior the user would see in the browser. Learn more at https://reactjs.org/link/wrap-tests-with-act
    at Signup (C:/Users/Admin/graceful_books/src/pages/auth/Signup.tsx:11:67)
    at Router (C:\Users\Admin\graceful_books\node_modules\react-router\dist\umd\react-router.development.js:1207:17)
    at BrowserRouter (C:\Users\Admin\graceful_books\node_modules\react-router-dom\dist\umd\react-router-dom.development.js:695:7)

stderr | src/pages/auth/Signup.test.tsx > Signup Page with Charity Selection > charity selection step > should allow selecting a charity
Warning: An update to Signup inside a test was not wrapped in act(...).

When testing, code that causes React state updates should be wrapped into act(...):

act(() => {
  /* fire events that update state */
});
/* assert on the output */

This ensures that you're testing the behavior the user would see in the browser. Learn more at https://reactjs.org/link/wrap-tests-with-act
    at Signup (C:/Users/Admin/graceful_books/src/pages/auth/Signup.tsx:11:67)
    at Router (C:\Users\Admin\graceful_books\node_modules\react-router\dist\umd\react-router.development.js:1207:17)
    at BrowserRouter (C:\Users\Admin\graceful_books\node_modules\react-router-dom\dist\umd\react-router-dom.development.js:695:7)

stderr | src/pages/auth/Signup.test.tsx > Signup Page with Charity Selection > charity selection step > should allow selecting a charity
Warning: An update to Signup inside a test was not wrapped in act(...).

When testing, code that causes React state updates should be wrapped into act(...):

act(() => {
  /* fire events that update state */
});
/* assert on the output */

This ensures that you're testing the behavior the user would see in the browser. Learn more at https://reactjs.org/link/wrap-tests-with-act
    at Signup (C:/Users/Admin/graceful_books/src/pages/auth/Signup.tsx:11:67)
    at Router (C:\Users\Admin\graceful_books\node_modules\react-router\dist\umd\react-router.development.js:1207:17)
    at BrowserRouter (C:\Users\Admin\graceful_books\node_modules\react-router-dom\dist\umd\react-router-dom.development.js:695:7)

stderr | src/pages/auth/Signup.test.tsx > Signup Page with Charity Selection > charity selection step > should allow selecting a charity
Warning: An update to Signup inside a test was not wrapped in act(...).

When testing, code that causes React state updates should be wrapped into act(...):

act(() => {
  /* fire events that update state */
});
/* assert on the output */

This ensures that you're testing the behavior the user would see in the browser. Learn more at https://reactjs.org/link/wrap-tests-with-act
    at Signup (C:/Users/Admin/graceful_books/src/pages/auth/Signup.tsx:11:67)
    at Router (C:\Users\Admin\graceful_books\node_modules\react-router\dist\umd\react-router.development.js:1207:17)
    at BrowserRouter (C:\Users\Admin\graceful_books\node_modules\react-router-dom\dist\umd\react-router-dom.development.js:695:7)

stderr | src/pages/auth/Signup.test.tsx > Signup Page with Charity Selection > charity selection step > should allow selecting a charity
Warning: An update to Signup inside a test was not wrapped in act(...).

When testing, code that causes React state updates should be wrapped into act(...):

act(() => {
  /* fire events that update state */
});
/* assert on the output */

This ensures that you're testing the behavior the user would see in the browser. Learn more at https://reactjs.org/link/wrap-tests-with-act
    at Signup (C:/Users/Admin/graceful_books/src/pages/auth/Signup.tsx:11:67)
    at Router (C:\Users\Admin\graceful_books\node_modules\react-router\dist\umd\react-router.development.js:1207:17)
    at BrowserRouter (C:\Users\Admin\graceful_books\node_modules\react-router-dom\dist\umd\react-router-dom.development.js:695:7)

stderr | src/pages/auth/Signup.test.tsx > Signup Page with Charity Selection > charity selection step > should allow selecting a charity
Warning: An update to Signup inside a test was not wrapped in act(...).

When testing, code that causes React state updates should be wrapped into act(...):

act(() => {
  /* fire events that update state */
});
/* assert on the output */

This ensures that you're testing the behavior the user would see in the browser. Learn more at https://reactjs.org/link/wrap-tests-with-act
    at Signup (C:/Users/Admin/graceful_books/src/pages/auth/Signup.tsx:11:67)
    at Router (C:\Users\Admin\graceful_books\node_modules\react-router\dist\umd\react-router.development.js:1207:17)
    at BrowserRouter (C:\Users\Admin\graceful_books\node_modules\react-router-dom\dist\umd\react-router-dom.development.js:695:7)

stderr | src/pages/auth/Signup.test.tsx > Signup Page with Charity Selection > charity selection step > should allow selecting a charity
Warning: An update to Signup inside a test was not wrapped in act(...).

When testing, code that causes React state updates should be wrapped into act(...):

act(() => {
  /* fire events that update state */
});
/* assert on the output */

This ensures that you're testing the behavior the user would see in the browser. Learn more at https://reactjs.org/link/wrap-tests-with-act
    at Signup (C:/Users/Admin/graceful_books/src/pages/auth/Signup.tsx:11:67)
    at Router (C:\Users\Admin\graceful_books\node_modules\react-router\dist\umd\react-router.development.js:1207:17)
    at BrowserRouter (C:\Users\Admin\graceful_books\node_modules\react-router-dom\dist\umd\react-router-dom.development.js:695:7)

stderr | src/pages/auth/Signup.test.tsx > Signup Page with Charity Selection > charity selection step > should allow selecting a charity
Warning: An update to Signup inside a test was not wrapped in act(...).

When testing, code that causes React state updates should be wrapped into act(...):

act(() => {
  /* fire events that update state */
});
/* assert on the output */

This ensures that you're testing the behavior the user would see in the browser. Learn more at https://reactjs.org/link/wrap-tests-with-act
    at Signup (C:/Users/Admin/graceful_books/src/pages/auth/Signup.tsx:11:67)
    at Router (C:\Users\Admin\graceful_books\node_modules\react-router\dist\umd\react-router.development.js:1207:17)
    at BrowserRouter (C:\Users\Admin\graceful_books\node_modules\react-router-dom\dist\umd\react-router-dom.development.js:695:7)

stderr | src/pages/auth/Signup.test.tsx > Signup Page with Charity Selection > charity selection step > should allow selecting a charity
Warning: An update to Signup inside a test was not wrapped in act(...).

When testing, code that causes React state updates should be wrapped into act(...):

act(() => {
  /* fire events that update state */
});
/* assert on the output */

This ensures that you're testing the behavior the user would see in the browser. Learn more at https://reactjs.org/link/wrap-tests-with-act
    at Signup (C:/Users/Admin/graceful_books/src/pages/auth/Signup.tsx:11:67)
    at Router (C:\Users\Admin\graceful_books\node_modules\react-router\dist\umd\react-router.development.js:1207:17)
    at BrowserRouter (C:\Users\Admin\graceful_books\node_modules\react-router-dom\dist\umd\react-router-dom.development.js:695:7)

stdout | src/pages/auth/Signup.test.tsx > Signup Page with Charity Selection > charity selection step > should have disabled Create Account button when no charity selected
🌐 API Request: GET https://api.audacious.money/products

stderr | src/pages/auth/Signup.test.tsx > Signup Page with Charity Selection > charity selection step > should have disabled Create Account button when no charity selected
Warning: An update to Signup inside a test was not wrapped in act(...).

When testing, code that causes React state updates should be wrapped into act(...):

act(() => {
  /* fire events that update state */
});
/* assert on the output */

This ensures that you're testing the behavior the user would see in the browser. Learn more at https://reactjs.org/link/wrap-tests-with-act
    at Signup (C:/Users/Admin/graceful_books/src/pages/auth/Signup.tsx:11:67)
    at Router (C:\Users\Admin\graceful_books\node_modules\react-router\dist\umd\react-router.development.js:1207:17)
    at BrowserRouter (C:\Users\Admin\graceful_books\node_modules\react-router-dom\dist\umd\react-router-dom.development.js:695:7)

stderr | src/pages/auth/Signup.test.tsx > Signup Page with Charity Selection > charity selection step > should have disabled Create Account button when no charity selected
Warning: An update to Signup inside a test was not wrapped in act(...).

When testing, code that causes React state updates should be wrapped into act(...):

act(() => {
  /* fire events that update state */
});
/* assert on the output */

This ensures that you're testing the behavior the user would see in the browser. Learn more at https://reactjs.org/link/wrap-tests-with-act
    at Signup (C:/Users/Admin/graceful_books/src/pages/auth/Signup.tsx:11:67)
    at Router (C:\Users\Admin\graceful_books\node_modules\react-router\dist\umd\react-router.development.js:1207:17)
    at BrowserRouter (C:\Users\Admin\graceful_books\node_modules\react-router-dom\dist\umd\react-router-dom.development.js:695:7)

stderr | src/pages/auth/Signup.test.tsx > Signup Page with Charity Selection > charity selection step > should have disabled Create Account button when no charity selected
Warning: An update to Signup inside a test was not wrapped in act(...).

When testing, code that causes React state updates should be wrapped into act(...):

act(() => {
  /* fire events that update state */
});
/* assert on the output */

This ensures that you're testing the behavior the user would see in the browser. Learn more at https://reactjs.org/link/wrap-tests-with-act
    at Signup (C:/Users/Admin/graceful_books/src/pages/auth/Signup.tsx:11:67)
    at Router (C:\Users\Admin\graceful_books\node_modules\react-router\dist\umd\react-router.development.js:1207:17)
    at BrowserRouter (C:\Users\Admin\graceful_books\node_modules\react-router-dom\dist\umd\react-router-dom.development.js:695:7)

stderr | src/pages/auth/Signup.test.tsx > Signup Page with Charity Selection > charity selection step > should have disabled Create Account button when no charity selected
Warning: An update to Signup inside a test was not wrapped in act(...).

When testing, code that causes React state updates should be wrapped into act(...):

act(() => {
  /* fire events that update state */
});
/* assert on the output */

This ensures that you're testing the behavior the user would see in the browser. Learn more at https://reactjs.org/link/wrap-tests-with-act
    at Signup (C:/Users/Admin/graceful_books/src/pages/auth/Signup.tsx:11:67)
    at Router (C:\Users\Admin\graceful_books\node_modules\react-router\dist\umd\react-router.development.js:1207:17)
    at BrowserRouter (C:\Users\Admin\graceful_books\node_modules\react-router-dom\dist\umd\react-router-dom.development.js:695:7)

stderr | src/pages/auth/Signup.test.tsx > Signup Page with Charity Selection > charity selection step > should have disabled Create Account button when no charity selected
Warning: An update to Signup inside a test was not wrapped in act(...).

When testing, code that causes React state updates should be wrapped into act(...):

act(() => {
  /* fire events that update state */
});
/* assert on the output */

This ensures that you're testing the behavior the user would see in the browser. Learn more at https://reactjs.org/link/wrap-tests-with-act
    at Signup (C:/Users/Admin/graceful_books/src/pages/auth/Signup.tsx:11:67)
    at Router (C:\Users\Admin\graceful_books\node_modules\react-router\dist\umd\react-router.development.js:1207:17)
    at BrowserRouter (C:\Users\Admin\graceful_books\node_modules\react-router-dom\dist\umd\react-router-dom.development.js:695:7)

stderr | src/pages/auth/Signup.test.tsx > Signup Page with Charity Selection > charity selection step > should have disabled Create Account button when no charity selected
Warning: An update to Signup inside a test was not wrapped in act(...).

When testing, code that causes React state updates should be wrapped into act(...):

act(() => {
  /* fire events that update state */
});
/* assert on the output */

This ensures that you're testing the behavior the user would see in the browser. Learn more at https://reactjs.org/link/wrap-tests-with-act
    at Signup (C:/Users/Admin/graceful_books/src/pages/auth/Signup.tsx:11:67)
    at Router (C:\Users\Admin\graceful_books\node_modules\react-router\dist\umd\react-router.development.js:1207:17)
    at BrowserRouter (C:\Users\Admin\graceful_books\node_modules\react-router-dom\dist\umd\react-router-dom.development.js:695:7)

stderr | src/pages/auth/Signup.test.tsx > Signup Page with Charity Selection > charity selection step > should have disabled Create Account button when no charity selected
Warning: An update to Signup inside a test was not wrapped in act(...).

When testing, code that causes React state updates should be wrapped into act(...):

act(() => {
  /* fire events that update state */
});
/* assert on the output */

This ensures that you're testing the behavior the user would see in the browser. Learn more at https://reactjs.org/link/wrap-tests-with-act
    at Signup (C:/Users/Admin/graceful_books/src/pages/auth/Signup.tsx:11:67)
    at Router (C:\Users\Admin\graceful_books\node_modules\react-router\dist\umd\react-router.development.js:1207:17)
    at BrowserRouter (C:\Users\Admin\graceful_books\node_modules\react-router-dom\dist\umd\react-router-dom.development.js:695:7)

stderr | src/pages/auth/Signup.test.tsx > Signup Page with Charity Selection > charity selection step > should have disabled Create Account button when no charity selected
Warning: An update to Signup inside a test was not wrapped in act(...).

When testing, code that causes React state updates should be wrapped into act(...):

act(() => {
  /* fire events that update state */
});
/* assert on the output */

This ensures that you're testing the behavior the user would see in the browser. Learn more at https://reactjs.org/link/wrap-tests-with-act
    at Signup (C:/Users/Admin/graceful_books/src/pages/auth/Signup.tsx:11:67)
    at Router (C:\Users\Admin\graceful_books\node_modules\react-router\dist\umd\react-router.development.js:1207:17)
    at BrowserRouter (C:\Users\Admin\graceful_books\node_modules\react-router-dom\dist\umd\react-router-dom.development.js:695:7)

stderr | src/pages/auth/Signup.test.tsx > Signup Page with Charity Selection > charity selection step > should have disabled Create Account button when no charity selected
Warning: An update to Signup inside a test was not wrapped in act(...).

When testing, code that causes React state updates should be wrapped into act(...):

act(() => {
  /* fire events that update state */
});
/* assert on the output */

This ensures that you're testing the behavior the user would see in the browser. Learn more at https://reactjs.org/link/wrap-tests-with-act
    at Signup (C:/Users/Admin/graceful_books/src/pages/auth/Signup.tsx:11:67)
    at Router (C:\Users\Admin\graceful_books\node_modules\react-router\dist\umd\react-router.development.js:1207:17)
    at BrowserRouter (C:\Users\Admin\graceful_books\node_modules\react-router-dom\dist\umd\react-router-dom.development.js:695:7)

stderr | src/pages/auth/Signup.test.tsx > Signup Page with Charity Selection > charity selection step > should have disabled Create Account button when no charity selected
Warning: An update to Signup inside a test was not wrapped in act(...).

When testing, code that causes React state updates should be wrapped into act(...):

act(() => {
  /* fire events that update state */
});
/* assert on the output */

This ensures that you're testing the behavior the user would see in the browser. Learn more at https://reactjs.org/link/wrap-tests-with-act
    at Signup (C:/Users/Admin/graceful_books/src/pages/auth/Signup.tsx:11:67)
    at Router (C:\Users\Admin\graceful_books\node_modules\react-router\dist\umd\react-router.development.js:1207:17)
    at BrowserRouter (C:\Users\Admin\graceful_books\node_modules\react-router-dom\dist\umd\react-router-dom.development.js:695:7)

stderr | src/pages/auth/Signup.test.tsx > Signup Page with Charity Selection > charity selection step > should have disabled Create Account button when no charity selected
Warning: An update to Signup inside a test was not wrapped in act(...).

When testing, code that causes React state updates should be wrapped into act(...):

act(() => {
  /* fire events that update state */
});
/* assert on the output */

This ensures that you're testing the behavior the user would see in the browser. Learn more at https://reactjs.org/link/wrap-tests-with-act
    at Signup (C:/Users/Admin/graceful_books/src/pages/auth/Signup.tsx:11:67)
    at Router (C:\Users\Admin\graceful_books\node_modules\react-router\dist\umd\react-router.development.js:1207:17)
    at BrowserRouter (C:\Users\Admin\graceful_books\node_modules\react-router-dom\dist\umd\react-router-dom.development.js:695:7)

stderr | src/pages/auth/Signup.test.tsx > Signup Page with Charity Selection > charity selection step > should have disabled Create Account button when no charity selected
Warning: An update to Signup inside a test was not wrapped in act(...).

When testing, code that causes React state updates should be wrapped into act(...):

act(() => {
  /* fire events that update state */
});
/* assert on the output */

This ensures that you're testing the behavior the user would see in the browser. Learn more at https://reactjs.org/link/wrap-tests-with-act
    at Signup (C:/Users/Admin/graceful_books/src/pages/auth/Signup.tsx:11:67)
    at Router (C:\Users\Admin\graceful_books\node_modules\react-router\dist\umd\react-router.development.js:1207:17)
    at BrowserRouter (C:\Users\Admin\graceful_books\node_modules\react-router-dom\dist\umd\react-router-dom.development.js:695:7)

stderr | src/pages/auth/Signup.test.tsx > Signup Page with Charity Selection > charity selection step > should have disabled Create Account button when no charity selected
Warning: An update to Signup inside a test was not wrapped in act(...).

When testing, code that causes React state updates should be wrapped into act(...):

act(() => {
  /* fire events that update state */
});
/* assert on the output */

This ensures that you're testing the behavior the user would see in the browser. Learn more at https://reactjs.org/link/wrap-tests-with-act
    at Signup (C:/Users/Admin/graceful_books/src/pages/auth/Signup.tsx:11:67)
    at Router (C:\Users\Admin\graceful_books\node_modules\react-router\dist\umd\react-router.development.js:1207:17)
    at BrowserRouter (C:\Users\Admin\graceful_books\node_modules\react-router-dom\dist\umd\react-router-dom.development.js:695:7)

stderr | src/pages/auth/Signup.test.tsx > Signup Page with Charity Selection > charity selection step > should have disabled Create Account button when no charity selected
Warning: An update to Signup inside a test was not wrapped in act(...).

When testing, code that causes React state updates should be wrapped into act(...):

act(() => {
  /* fire events that update state */
});
/* assert on the output */

This ensures that you're testing the behavior the user would see in the browser. Learn more at https://reactjs.org/link/wrap-tests-with-act
    at Signup (C:/Users/Admin/graceful_books/src/pages/auth/Signup.tsx:11:67)
    at Router (C:\Users\Admin\graceful_books\node_modules\react-router\dist\umd\react-router.development.js:1207:17)
    at BrowserRouter (C:\Users\Admin\graceful_books\node_modules\react-router-dom\dist\umd\react-router-dom.development.js:695:7)

stderr | src/pages/auth/Signup.test.tsx > Signup Page with Charity Selection > charity selection step > should have disabled Create Account button when no charity selected
Warning: An update to Signup inside a test was not wrapped in act(...).

When testing, code that causes React state updates should be wrapped into act(...):

act(() => {
  /* fire events that update state */
});
/* assert on the output */

This ensures that you're testing the behavior the user would see in the browser. Learn more at https://reactjs.org/link/wrap-tests-with-act
    at Signup (C:/Users/Admin/graceful_books/src/pages/auth/Signup.tsx:11:67)
    at Router (C:\Users\Admin\graceful_books\node_modules\react-router\dist\umd\react-router.development.js:1207:17)
    at BrowserRouter (C:\Users\Admin\graceful_books\node_modules\react-router-dom\dist\umd\react-router-dom.development.js:695:7)

stderr | src/pages/auth/Signup.test.tsx > Signup Page with Charity Selection > charity selection step > should have disabled Create Account button when no charity selected
Warning: An update to Signup inside a test was not wrapped in act(...).

When testing, code that causes React state updates should be wrapped into act(...):

act(() => {
  /* fire events that update state */
});
/* assert on the output */

This ensures that you're testing the behavior the user would see in the browser. Learn more at https://reactjs.org/link/wrap-tests-with-act
    at Signup (C:/Users/Admin/graceful_books/src/pages/auth/Signup.tsx:11:67)
    at Router (C:\Users\Admin\graceful_books\node_modules\react-router\dist\umd\react-router.development.js:1207:17)
    at BrowserRouter (C:\Users\Admin\graceful_books\node_modules\react-router-dom\dist\umd\react-router-dom.development.js:695:7)

stdout | src/pages/auth/Signup.test.tsx > Signup Page with Charity Selection > charity selection step > should have disabled Create Account button when no charity selected
🌐 Response status: 200 OK

stderr | src/pages/auth/Signup.test.tsx > Signup Page with Charity Selection > charity selection step > should have disabled Create Account button when no charity selected
Warning: An update to Signup inside a test was not wrapped in act(...).

When testing, code that causes React state updates should be wrapped into act(...):

act(() => {
  /* fire events that update state */
});
/* assert on the output */

This ensures that you're testing the behavior the user would see in the browser. Learn more at https://reactjs.org/link/wrap-tests-with-act
    at Signup (C:/Users/Admin/graceful_books/src/pages/auth/Signup.tsx:11:67)
    at Router (C:\Users\Admin\graceful_books\node_modules\react-router\dist\umd\react-router.development.js:1207:17)
    at BrowserRouter (C:\Users\Admin\graceful_books\node_modules\react-router-dom\dist\umd\react-router-dom.development.js:695:7)

stderr | src/pages/auth/Signup.test.tsx > Signup Page with Charity Selection > charity selection step > should have disabled Create Account button when no charity selected
Warning: An update to Signup inside a test was not wrapped in act(...).

When testing, code that causes React state updates should be wrapped into act(...):

act(() => {
  /* fire events that update state */
});
/* assert on the output */

This ensures that you're testing the behavior the user would see in the browser. Learn more at https://reactjs.org/link/wrap-tests-with-act
    at Signup (C:/Users/Admin/graceful_books/src/pages/auth/Signup.tsx:11:67)
    at Router (C:\Users\Admin\graceful_books\node_modules\react-router\dist\umd\react-router.development.js:1207:17)
    at BrowserRouter (C:\Users\Admin\graceful_books\node_modules\react-router-dom\dist\umd\react-router-dom.development.js:695:7)

stderr | src/pages/auth/Signup.test.tsx > Signup Page with Charity Selection > charity selection step > should have disabled Create Account button when no charity selected
Warning: An update to Signup inside a test was not wrapped in act(...).

When testing, code that causes React state updates should be wrapped into act(...):

act(() => {
  /* fire events that update state */
});
/* assert on the output */

This ensures that you're testing the behavior the user would see in the browser. Learn more at https://reactjs.org/link/wrap-tests-with-act
    at Signup (C:/Users/Admin/graceful_books/src/pages/auth/Signup.tsx:11:67)
    at Router (C:\Users\Admin\graceful_books\node_modules\react-router\dist\umd\react-router.development.js:1207:17)
    at BrowserRouter (C:\Users\Admin\graceful_books\node_modules\react-router-dom\dist\umd\react-router-dom.development.js:695:7)

stderr | src/pages/auth/Signup.test.tsx > Signup Page with Charity Selection > charity selection step > should have disabled Create Account button when no charity selected
Warning: An update to Signup inside a test was not wrapped in act(...).

When testing, code that causes React state updates should be wrapped into act(...):

act(() => {
  /* fire events that update state */
});
/* assert on the output */

This ensures that you're testing the behavior the user would see in the browser. Learn more at https://reactjs.org/link/wrap-tests-with-act
    at Signup (C:/Users/Admin/graceful_books/src/pages/auth/Signup.tsx:11:67)
    at Router (C:\Users\Admin\graceful_books\node_modules\react-router\dist\umd\react-router.development.js:1207:17)
    at BrowserRouter (C:\Users\Admin\graceful_books\node_modules\react-router-dom\dist\umd\react-router-dom.development.js:695:7)

stderr | src/pages/auth/Signup.test.tsx > Signup Page with Charity Selection > charity selection step > should have disabled Create Account button when no charity selected
Warning: An update to Signup inside a test was not wrapped in act(...).

When testing, code that causes React state updates should be wrapped into act(...):

act(() => {
  /* fire events that update state */
});
/* assert on the output */

This ensures that you're testing the behavior the user would see in the browser. Learn more at https://reactjs.org/link/wrap-tests-with-act
    at Signup (C:/Users/Admin/graceful_books/src/pages/auth/Signup.tsx:11:67)
    at Router (C:\Users\Admin\graceful_books\node_modules\react-router\dist\umd\react-router.development.js:1207:17)
    at BrowserRouter (C:\Users\Admin\graceful_books\node_modules\react-router-dom\dist\umd\react-router-dom.development.js:695:7)

stderr | src/pages/auth/Signup.test.tsx > Signup Page with Charity Selection > charity selection step > should have disabled Create Account button when no charity selected
Warning: An update to Signup inside a test was not wrapped in act(...).

When testing, code that causes React state updates should be wrapped into act(...):

act(() => {
  /* fire events that update state */
});
/* assert on the output */

This ensures that you're testing the behavior the user would see in the browser. Learn more at https://reactjs.org/link/wrap-tests-with-act
    at Signup (C:/Users/Admin/graceful_books/src/pages/auth/Signup.tsx:11:67)
    at Router (C:\Users\Admin\graceful_books\node_modules\react-router\dist\umd\react-router.development.js:1207:17)
    at BrowserRouter (C:\Users\Admin\graceful_books\node_modules\react-router-dom\dist\umd\react-router-dom.development.js:695:7)

stderr | src/pages/auth/Signup.test.tsx > Signup Page with Charity Selection > charity selection step > should have disabled Create Account button when no charity selected
Warning: An update to Signup inside a test was not wrapped in act(...).

When testing, code that causes React state updates should be wrapped into act(...):

act(() => {
  /* fire events that update state */
});
/* assert on the output */

This ensures that you're testing the behavior the user would see in the browser. Learn more at https://reactjs.org/link/wrap-tests-with-act
    at Signup (C:/Users/Admin/graceful_books/src/pages/auth/Signup.tsx:11:67)
    at Router (C:\Users\Admin\graceful_books\node_modules\react-router\dist\umd\react-router.development.js:1207:17)
    at BrowserRouter (C:\Users\Admin\graceful_books\node_modules\react-router-dom\dist\umd\react-router-dom.development.js:695:7)

stderr | src/pages/auth/Signup.test.tsx > Signup Page with Charity Selection > charity selection step > should have disabled Create Account button when no charity selected
Warning: An update to Signup inside a test was not wrapped in act(...).

When testing, code that causes React state updates should be wrapped into act(...):

act(() => {
  /* fire events that update state */
});
/* assert on the output */

This ensures that you're testing the behavior the user would see in the browser. Learn more at https://reactjs.org/link/wrap-tests-with-act
    at Signup (C:/Users/Admin/graceful_books/src/pages/auth/Signup.tsx:11:67)
    at Router (C:\Users\Admin\graceful_books\node_modules\react-router\dist\umd\react-router.development.js:1207:17)
    at BrowserRouter (C:\Users\Admin\graceful_books\node_modules\react-router-dom\dist\umd\react-router-dom.development.js:695:7)

stderr | src/pages/auth/Signup.test.tsx > Signup Page with Charity Selection > charity selection step > should have disabled Create Account button when no charity selected
Warning: An update to Signup inside a test was not wrapped in act(...).

When testing, code that causes React state updates should be wrapped into act(...):

act(() => {
  /* fire events that update state */
});
/* assert on the output */

This ensures that you're testing the behavior the user would see in the browser. Learn more at https://reactjs.org/link/wrap-tests-with-act
    at Signup (C:/Users/Admin/graceful_books/src/pages/auth/Signup.tsx:11:67)
    at Router (C:\Users\Admin\graceful_books\node_modules\react-router\dist\umd\react-router.development.js:1207:17)
    at BrowserRouter (C:\Users\Admin\graceful_books\node_modules\react-router-dom\dist\umd\react-router-dom.development.js:695:7)

stderr | src/pages/auth/Signup.test.tsx > Signup Page with Charity Selection > charity selection step > should have disabled Create Account button when no charity selected
Warning: An update to Signup inside a test was not wrapped in act(...).

When testing, code that causes React state updates should be wrapped into act(...):

act(() => {
  /* fire events that update state */
});
/* assert on the output */

This ensures that you're testing the behavior the user would see in the browser. Learn more at https://reactjs.org/link/wrap-tests-with-act
    at Signup (C:/Users/Admin/graceful_books/src/pages/auth/Signup.tsx:11:67)
    at Router (C:\Users\Admin\graceful_books\node_modules\react-router\dist\umd\react-router.development.js:1207:17)
    at BrowserRouter (C:\Users\Admin\graceful_books\node_modules\react-router-dom\dist\umd\react-router-dom.development.js:695:7)

stderr | src/pages/auth/Signup.test.tsx > Signup Page with Charity Selection > charity selection step > should have disabled Create Account button when no charity selected
Warning: An update to Signup inside a test was not wrapped in act(...).

When testing, code that causes React state updates should be wrapped into act(...):

act(() => {
  /* fire events that update state */
});
/* assert on the output */

This ensures that you're testing the behavior the user would see in the browser. Learn more at https://reactjs.org/link/wrap-tests-with-act
    at Signup (C:/Users/Admin/graceful_books/src/pages/auth/Signup.tsx:11:67)
    at Router (C:\Users\Admin\graceful_books\node_modules\react-router\dist\umd\react-router.development.js:1207:17)
    at BrowserRouter (C:\Users\Admin\graceful_books\node_modules\react-router-dom\dist\umd\react-router-dom.development.js:695:7)

stderr | src/pages/auth/Signup.test.tsx > Signup Page with Charity Selection > charity selection step > should have disabled Create Account button when no charity selected
Warning: An update to Signup inside a test was not wrapped in act(...).

When testing, code that causes React state updates should be wrapped into act(...):

act(() => {
  /* fire events that update state */
});
/* assert on the output */

This ensures that you're testing the behavior the user would see in the browser. Learn more at https://reactjs.org/link/wrap-tests-with-act
    at Signup (C:/Users/Admin/graceful_books/src/pages/auth/Signup.tsx:11:67)
    at Router (C:\Users\Admin\graceful_books\node_modules\react-router\dist\umd\react-router.development.js:1207:17)
    at BrowserRouter (C:\Users\Admin\graceful_books\node_modules\react-router-dom\dist\umd\react-router-dom.development.js:695:7)

stderr | src/pages/auth/Signup.test.tsx > Signup Page with Charity Selection > charity selection step > should have disabled Create Account button when no charity selected
Warning: An update to Signup inside a test was not wrapped in act(...).

When testing, code that causes React state updates should be wrapped into act(...):

act(() => {
  /* fire events that update state */
});
/* assert on the output */

This ensures that you're testing the behavior the user would see in the browser. Learn more at https://reactjs.org/link/wrap-tests-with-act
    at Signup (C:/Users/Admin/graceful_books/src/pages/auth/Signup.tsx:11:67)
    at Router (C:\Users\Admin\graceful_books\node_modules\react-router\dist\umd\react-router.development.js:1207:17)
    at BrowserRouter (C:\Users\Admin\graceful_books\node_modules\react-router-dom\dist\umd\react-router-dom.development.js:695:7)

stderr | src/pages/auth/Signup.test.tsx > Signup Page with Charity Selection > charity selection step > should have disabled Create Account button when no charity selected
Warning: An update to Signup inside a test was not wrapped in act(...).

When testing, code that causes React state updates should be wrapped into act(...):

act(() => {
  /* fire events that update state */
});
/* assert on the output */

This ensures that you're testing the behavior the user would see in the browser. Learn more at https://reactjs.org/link/wrap-tests-with-act
    at Signup (C:/Users/Admin/graceful_books/src/pages/auth/Signup.tsx:11:67)
    at Router (C:\Users\Admin\graceful_books\node_modules\react-router\dist\umd\react-router.development.js:1207:17)
    at BrowserRouter (C:\Users\Admin\graceful_books\node_modules\react-router-dom\dist\umd\react-router-dom.development.js:695:7)

stderr | src/pages/auth/Signup.test.tsx > Signup Page with Charity Selection > charity selection step > should have disabled Create Account button when no charity selected
Warning: An update to Signup inside a test was not wrapped in act(...).

When testing, code that causes React state updates should be wrapped into act(...):

act(() => {
  /* fire events that update state */
});
/* assert on the output */

This ensures that you're testing the behavior the user would see in the browser. Learn more at https://reactjs.org/link/wrap-tests-with-act
    at Signup (C:/Users/Admin/graceful_books/src/pages/auth/Signup.tsx:11:67)
    at Router (C:\Users\Admin\graceful_books\node_modules\react-router\dist\umd\react-router.development.js:1207:17)
    at BrowserRouter (C:\Users\Admin\graceful_books\node_modules\react-router-dom\dist\umd\react-router-dom.development.js:695:7)

stderr | src/pages/auth/Signup.test.tsx > Signup Page with Charity Selection > charity selection step > should have disabled Create Account button when no charity selected
Warning: An update to Signup inside a test was not wrapped in act(...).

When testing, code that causes React state updates should be wrapped into act(...):

act(() => {
  /* fire events that update state */
});
/* assert on the output */

This ensures that you're testing the behavior the user would see in the browser. Learn more at https://reactjs.org/link/wrap-tests-with-act
    at Signup (C:/Users/Admin/graceful_books/src/pages/auth/Signup.tsx:11:67)
    at Router (C:\Users\Admin\graceful_books\node_modules\react-router\dist\umd\react-router.development.js:1207:17)
    at BrowserRouter (C:\Users\Admin\graceful_books\node_modules\react-router-dom\dist\umd\react-router-dom.development.js:695:7)

stderr | src/pages/auth/Signup.test.tsx > Signup Page with Charity Selection > charity selection step > should have disabled Create Account button when no charity selected
Warning: An update to Signup inside a test was not wrapped in act(...).

When testing, code that causes React state updates should be wrapped into act(...):

act(() => {
  /* fire events that update state */
});
/* assert on the output */

This ensures that you're testing the behavior the user would see in the browser. Learn more at https://reactjs.org/link/wrap-tests-with-act
    at Signup (C:/Users/Admin/graceful_books/src/pages/auth/Signup.tsx:11:67)
    at Router (C:\Users\Admin\graceful_books\node_modules\react-router\dist\umd\react-router.development.js:1207:17)
    at BrowserRouter (C:\Users\Admin\graceful_books\node_modules\react-router-dom\dist\umd\react-router-dom.development.js:695:7)

stderr | src/pages/auth/Signup.test.tsx > Signup Page with Charity Selection > charity selection step > should have disabled Create Account button when no charity selected
Warning: An update to Signup inside a test was not wrapped in act(...).

When testing, code that causes React state updates should be wrapped into act(...):

act(() => {
  /* fire events that update state */
});
/* assert on the output */

This ensures that you're testing the behavior the user would see in the browser. Learn more at https://reactjs.org/link/wrap-tests-with-act
    at Signup (C:/Users/Admin/graceful_books/src/pages/auth/Signup.tsx:11:67)
    at Router (C:\Users\Admin\graceful_books\node_modules\react-router\dist\umd\react-router.development.js:1207:17)
    at BrowserRouter (C:\Users\Admin\graceful_books\node_modules\react-router-dom\dist\umd\react-router-dom.development.js:695:7)

stderr | src/pages/auth/Signup.test.tsx > Signup Page with Charity Selection > charity selection step > should have disabled Create Account button when no charity selected
Warning: An update to Signup inside a test was not wrapped in act(...).

When testing, code that causes React state updates should be wrapped into act(...):

act(() => {
  /* fire events that update state */
});
/* assert on the output */

This ensures that you're testing the behavior the user would see in the browser. Learn more at https://reactjs.org/link/wrap-tests-with-act
    at Signup (C:/Users/Admin/graceful_books/src/pages/auth/Signup.tsx:11:67)
    at Router (C:\Users\Admin\graceful_books\node_modules\react-router\dist\umd\react-router.development.js:1207:17)
    at BrowserRouter (C:\Users\Admin\graceful_books\node_modules\react-router-dom\dist\umd\react-router-dom.development.js:695:7)

stderr | src/pages/auth/Signup.test.tsx > Signup Page with Charity Selection > charity selection step > should have disabled Create Account button when no charity selected
Warning: An update to Signup inside a test was not wrapped in act(...).

When testing, code that causes React state updates should be wrapped into act(...):

act(() => {
  /* fire events that update state */
});
/* assert on the output */

This ensures that you're testing the behavior the user would see in the browser. Learn more at https://reactjs.org/link/wrap-tests-with-act
    at Signup (C:/Users/Admin/graceful_books/src/pages/auth/Signup.tsx:11:67)
    at Router (C:\Users\Admin\graceful_books\node_modules\react-router\dist\umd\react-router.development.js:1207:17)
    at BrowserRouter (C:\Users\Admin\graceful_books\node_modules\react-router-dom\dist\umd\react-router-dom.development.js:695:7)

stderr | src/pages/auth/Signup.test.tsx > Signup Page with Charity Selection > charity selection step > should have disabled Create Account button when no charity selected
Warning: An update to Signup inside a test was not wrapped in act(...).

When testing, code that causes React state updates should be wrapped into act(...):

act(() => {
  /* fire events that update state */
});
/* assert on the output */

This ensures that you're testing the behavior the user would see in the browser. Learn more at https://reactjs.org/link/wrap-tests-with-act
    at Signup (C:/Users/Admin/graceful_books/src/pages/auth/Signup.tsx:11:67)
    at Router (C:\Users\Admin\graceful_books\node_modules\react-router\dist\umd\react-router.development.js:1207:17)
    at BrowserRouter (C:\Users\Admin\graceful_books\node_modules\react-router-dom\dist\umd\react-router-dom.development.js:695:7)

stderr | src/pages/auth/Signup.test.tsx > Signup Page with Charity Selection > charity selection step > should have disabled Create Account button when no charity selected
Warning: An update to Signup inside a test was not wrapped in act(...).

When testing, code that causes React state updates should be wrapped into act(...):

act(() => {
  /* fire events that update state */
});
/* assert on the output */

This ensures that you're testing the behavior the user would see in the browser. Learn more at https://reactjs.org/link/wrap-tests-with-act
    at Signup (C:/Users/Admin/graceful_books/src/pages/auth/Signup.tsx:11:67)
    at Router (C:\Users\Admin\graceful_books\node_modules\react-router\dist\umd\react-router.development.js:1207:17)
    at BrowserRouter (C:\Users\Admin\graceful_books\node_modules\react-router-dom\dist\umd\react-router-dom.development.js:695:7)

stderr | src/pages/auth/Signup.test.tsx > Signup Page with Charity Selection > charity selection step > should have disabled Create Account button when no charity selected
Warning: An update to Signup inside a test was not wrapped in act(...).

When testing, code that causes React state updates should be wrapped into act(...):

act(() => {
  /* fire events that update state */
});
/* assert on the output */

This ensures that you're testing the behavior the user would see in the browser. Learn more at https://reactjs.org/link/wrap-tests-with-act
    at Signup (C:/Users/Admin/graceful_books/src/pages/auth/Signup.tsx:11:67)
    at Router (C:\Users\Admin\graceful_books\node_modules\react-router\dist\umd\react-router.development.js:1207:17)
    at BrowserRouter (C:\Users\Admin\graceful_books\node_modules\react-router-dom\dist\umd\react-router-dom.development.js:695:7)

stderr | src/components/restore/EmailLinkRestore.test.tsx > EmailLinkRestore > Password Input Step > should show success after successful restoration
Warning: An update to EmailLinkRestore inside a test was not wrapped in act(...).

When testing, code that causes React state updates should be wrapped into act(...):

act(() => {
  /* fire events that update state */
});
/* assert on the output */

This ensures that you're testing the behavior the user would see in the browser. Learn more at https://reactjs.org/link/wrap-tests-with-act
    at EmailLinkRestore (C:/Users/Admin/graceful_books/src/components/restore/EmailLinkRestore.tsx:8:3)

stderr | src/components/restore/EmailLinkRestore.test.tsx > EmailLinkRestore > Password Input Step > should show success after successful restoration
Warning: An update to EmailLinkRestore inside a test was not wrapped in act(...).

When testing, code that causes React state updates should be wrapped into act(...):

act(() => {
  /* fire events that update state */
});
/* assert on the output */

This ensures that you're testing the behavior the user would see in the browser. Learn more at https://reactjs.org/link/wrap-tests-with-act
    at EmailLinkRestore (C:/Users/Admin/graceful_books/src/components/restore/EmailLinkRestore.tsx:8:3)

stderr | src/components/restore/EmailLinkRestore.test.tsx > EmailLinkRestore > Password Input Step > should show success after successful restoration
Warning: An update to EmailLinkRestore inside a test was not wrapped in act(...).

When testing, code that causes React state updates should be wrapped into act(...):

act(() => {
  /* fire events that update state */
});
/* assert on the output */

This ensures that you're testing the behavior the user would see in the browser. Learn more at https://reactjs.org/link/wrap-tests-with-act
    at EmailLinkRestore (C:/Users/Admin/graceful_books/src/components/restore/EmailLinkRestore.tsx:8:3)

stderr | src/components/restore/EmailLinkRestore.test.tsx > EmailLinkRestore > Password Input Step > should show success after successful restoration
Warning: An update to EmailLinkRestore inside a test was not wrapped in act(...).

When testing, code that causes React state updates should be wrapped into act(...):

act(() => {
  /* fire events that update state */
});
/* assert on the output */

This ensures that you're testing the behavior the user would see in the browser. Learn more at https://reactjs.org/link/wrap-tests-with-act
    at EmailLinkRestore (C:/Users/Admin/graceful_books/src/components/restore/EmailLinkRestore.tsx:8:3)

stderr | src/components/restore/EmailLinkRestore.test.tsx > EmailLinkRestore > Password Input Step > should show success after successful restoration
Warning: An update to EmailLinkRestore inside a test was not wrapped in act(...).

When testing, code that causes React state updates should be wrapped into act(...):

act(() => {
  /* fire events that update state */
});
/* assert on the output */

This ensures that you're testing the behavior the user would see in the browser. Learn more at https://reactjs.org/link/wrap-tests-with-act
    at EmailLinkRestore (C:/Users/Admin/graceful_books/src/components/restore/EmailLinkRestore.tsx:8:3)

stderr | src/components/restore/EmailLinkRestore.test.tsx > EmailLinkRestore > Password Input Step > should show success after successful restoration
Warning: An update to EmailLinkRestore inside a test was not wrapped in act(...).

When testing, code that causes React state updates should be wrapped into act(...):

act(() => {
  /* fire events that update state */
});
/* assert on the output */

This ensures that you're testing the behavior the user would see in the browser. Learn more at https://reactjs.org/link/wrap-tests-with-act
    at EmailLinkRestore (C:/Users/Admin/graceful_books/src/components/restore/EmailLinkRestore.tsx:8:3)

stderr | src/components/restore/EmailLinkRestore.test.tsx > EmailLinkRestore > Password Input Step > should show success after successful restoration
Warning: An update to EmailLinkRestore inside a test was not wrapped in act(...).

When testing, code that causes React state updates should be wrapped into act(...):

act(() => {
  /* fire events that update state */
});
/* assert on the output */

This ensures that you're testing the behavior the user would see in the browser. Learn more at https://reactjs.org/link/wrap-tests-with-act
    at EmailLinkRestore (C:/Users/Admin/graceful_books/src/components/restore/EmailLinkRestore.tsx:8:3)

stderr | src/components/restore/EmailLinkRestore.test.tsx > EmailLinkRestore > Password Input Step > should show success after successful restoration
Warning: An update to EmailLinkRestore inside a test was not wrapped in act(...).

When testing, code that causes React state updates should be wrapped into act(...):

act(() => {
  /* fire events that update state */
});
/* assert on the output */

This ensures that you're testing the behavior the user would see in the browser. Learn more at https://reactjs.org/link/wrap-tests-with-act
    at EmailLinkRestore (C:/Users/Admin/graceful_books/src/components/restore/EmailLinkRestore.tsx:8:3)

stderr | src/components/restore/EmailLinkRestore.test.tsx > EmailLinkRestore > Password Input Step > should show success after successful restoration
Warning: An update to EmailLinkRestore inside a test was not wrapped in act(...).

When testing, code that causes React state updates should be wrapped into act(...):

act(() => {
  /* fire events that update state */
});
/* assert on the output */

This ensures that you're testing the behavior the user would see in the browser. Learn more at https://reactjs.org/link/wrap-tests-with-act
    at EmailLinkRestore (C:/Users/Admin/graceful_books/src/components/restore/EmailLinkRestore.tsx:8:3)

stderr | src/components/restore/EmailLinkRestore.test.tsx > EmailLinkRestore > Password Input Step > should show success after successful restoration
Warning: An update to EmailLinkRestore inside a test was not wrapped in act(...).

When testing, code that causes React state updates should be wrapped into act(...):

act(() => {
  /* fire events that update state */
});
/* assert on the output */

This ensures that you're testing the behavior the user would see in the browser. Learn more at https://reactjs.org/link/wrap-tests-with-act
    at EmailLinkRestore (C:/Users/Admin/graceful_books/src/components/restore/EmailLinkRestore.tsx:8:3)

stderr | src/components/restore/EmailLinkRestore.test.tsx > EmailLinkRestore > Password Input Step > should show success after successful restoration
Warning: An update to EmailLinkRestore inside a test was not wrapped in act(...).

When testing, code that causes React state updates should be wrapped into act(...):

act(() => {
  /* fire events that update state */
});
/* assert on the output */

This ensures that you're testing the behavior the user would see in the browser. Learn more at https://reactjs.org/link/wrap-tests-with-act
    at EmailLinkRestore (C:/Users/Admin/graceful_books/src/components/restore/EmailLinkRestore.tsx:8:3)

stderr | src/components/restore/EmailLinkRestore.test.tsx > EmailLinkRestore > Password Input Step > should show success after successful restoration
Warning: An update to EmailLinkRestore inside a test was not wrapped in act(...).

When testing, code that causes React state updates should be wrapped into act(...):

act(() => {
  /* fire events that update state */
});
/* assert on the output */

This ensures that you're testing the behavior the user would see in the browser. Learn more at https://reactjs.org/link/wrap-tests-with-act
    at EmailLinkRestore (C:/Users/Admin/graceful_books/src/components/restore/EmailLinkRestore.tsx:8:3)

stderr | src/components/restore/EmailLinkRestore.test.tsx > EmailLinkRestore > Password Input Step > should show success after successful restoration
Warning: An update to EmailLinkRestore inside a test was not wrapped in act(...).

When testing, code that causes React state updates should be wrapped into act(...):

act(() => {
  /* fire events that update state */
});
/* assert on the output */

This ensures that you're testing the behavior the user would see in the browser. Learn more at https://reactjs.org/link/wrap-tests-with-act
    at EmailLinkRestore (C:/Users/Admin/graceful_books/src/components/restore/EmailLinkRestore.tsx:8:3)

stderr | src/components/restore/EmailLinkRestore.test.tsx > EmailLinkRestore > Password Input Step > should show success after successful restoration
Warning: An update to EmailLinkRestore inside a test was not wrapped in act(...).

When testing, code that causes React state updates should be wrapped into act(...):

act(() => {
  /* fire events that update state */
});
/* assert on the output */

This ensures that you're testing the behavior the user would see in the browser. Learn more at https://reactjs.org/link/wrap-tests-with-act
    at EmailLinkRestore (C:/Users/Admin/graceful_books/src/components/restore/EmailLinkRestore.tsx:8:3)

stderr | src/components/restore/EmailLinkRestore.test.tsx > EmailLinkRestore > Password Input Step > should show success after successful restoration
Warning: An update to EmailLinkRestore inside a test was not wrapped in act(...).

When testing, code that causes React state updates should be wrapped into act(...):

act(() => {
  /* fire events that update state */
});
/* assert on the output */

This ensures that you're testing the behavior the user would see in the browser. Learn more at https://reactjs.org/link/wrap-tests-with-act
    at EmailLinkRestore (C:/Users/Admin/graceful_books/src/components/restore/EmailLinkRestore.tsx:8:3)

stderr | src/components/restore/EmailLinkRestore.test.tsx > EmailLinkRestore > Password Input Step > should show success after successful restoration
Warning: An update to EmailLinkRestore inside a test was not wrapped in act(...).

When testing, code that causes React state updates should be wrapped into act(...):

act(() => {
  /* fire events that update state */
});
/* assert on the output */

This ensures that you're testing the behavior the user would see in the browser. Learn more at https://reactjs.org/link/wrap-tests-with-act
    at EmailLinkRestore (C:/Users/Admin/graceful_books/src/components/restore/EmailLinkRestore.tsx:8:3)

stderr | src/components/restore/EmailLinkRestore.test.tsx > EmailLinkRestore > Password Input Step > should show success after successful restoration
Warning: An update to EmailLinkRestore inside a test was not wrapped in act(...).

When testing, code that causes React state updates should be wrapped into act(...):

act(() => {
  /* fire events that update state */
});
/* assert on the output */

This ensures that you're testing the behavior the user would see in the browser. Learn more at https://reactjs.org/link/wrap-tests-with-act
    at EmailLinkRestore (C:/Users/Admin/graceful_books/src/components/restore/EmailLinkRestore.tsx:8:3)

stderr | src/components/restore/EmailLinkRestore.test.tsx > EmailLinkRestore > Password Input Step > should show success after successful restoration
Warning: An update to EmailLinkRestore inside a test was not wrapped in act(...).

When testing, code that causes React state updates should be wrapped into act(...):

act(() => {
  /* fire events that update state */
});
/* assert on the output */

This ensures that you're testing the behavior the user would see in the browser. Learn more at https://reactjs.org/link/wrap-tests-with-act
    at EmailLinkRestore (C:/Users/Admin/graceful_books/src/components/restore/EmailLinkRestore.tsx:8:3)

stderr | src/components/restore/EmailLinkRestore.test.tsx > EmailLinkRestore > Password Input Step > should show success after successful restoration
Warning: An update to EmailLinkRestore inside a test was not wrapped in act(...).

When testing, code that causes React state updates should be wrapped into act(...):

act(() => {
  /* fire events that update state */
});
/* assert on the output */

This ensures that you're testing the behavior the user would see in the browser. Learn more at https://reactjs.org/link/wrap-tests-with-act
    at EmailLinkRestore (C:/Users/Admin/graceful_books/src/components/restore/EmailLinkRestore.tsx:8:3)

stderr | src/components/restore/EmailLinkRestore.test.tsx > EmailLinkRestore > Password Input Step > should show success after successful restoration
Warning: An update to EmailLinkRestore inside a test was not wrapped in act(...).

When testing, code that causes React state updates should be wrapped into act(...):

act(() => {
  /* fire events that update state */
});
/* assert on the output */

This ensures that you're testing the behavior the user would see in the browser. Learn more at https://reactjs.org/link/wrap-tests-with-act
    at EmailLinkRestore (C:/Users/Admin/graceful_books/src/components/restore/EmailLinkRestore.tsx:8:3)

stderr | src/components/restore/EmailLinkRestore.test.tsx > EmailLinkRestore > Password Input Step > should show success after successful restoration
Warning: An update to EmailLinkRestore inside a test was not wrapped in act(...).

When testing, code that causes React state updates should be wrapped into act(...):

act(() => {
  /* fire events that update state */
});
/* assert on the output */

This ensures that you're testing the behavior the user would see in the browser. Learn more at https://reactjs.org/link/wrap-tests-with-act
    at EmailLinkRestore (C:/Users/Admin/graceful_books/src/components/restore/EmailLinkRestore.tsx:8:3)

stderr | src/components/restore/EmailLinkRestore.test.tsx > EmailLinkRestore > Password Input Step > should show success after successful restoration
Warning: An update to EmailLinkRestore inside a test was not wrapped in act(...).

When testing, code that causes React state updates should be wrapped into act(...):

act(() => {
  /* fire events that update state */
});
/* assert on the output */

This ensures that you're testing the behavior the user would see in the browser. Learn more at https://reactjs.org/link/wrap-tests-with-act
    at EmailLinkRestore (C:/Users/Admin/graceful_books/src/components/restore/EmailLinkRestore.tsx:8:3)

stderr | src/components/restore/EmailLinkRestore.test.tsx > EmailLinkRestore > Password Input Step > should show success after successful restoration
Warning: An update to EmailLinkRestore inside a test was not wrapped in act(...).

When testing, code that causes React state updates should be wrapped into act(...):

act(() => {
  /* fire events that update state */
});
/* assert on the output */

This ensures that you're testing the behavior the user would see in the browser. Learn more at https://reactjs.org/link/wrap-tests-with-act
    at EmailLinkRestore (C:/Users/Admin/graceful_books/src/components/restore/EmailLinkRestore.tsx:8:3)

stderr | src/components/restore/EmailLinkRestore.test.tsx > EmailLinkRestore > Password Input Step > should show success after successful restoration
Warning: An update to EmailLinkRestore inside a test was not wrapped in act(...).

When testing, code that causes React state updates should be wrapped into act(...):

act(() => {
  /* fire events that update state */
});
/* assert on the output */

This ensures that you're testing the behavior the user would see in the browser. Learn more at https://reactjs.org/link/wrap-tests-with-act
    at EmailLinkRestore (C:/Users/Admin/graceful_books/src/components/restore/EmailLinkRestore.tsx:8:3)

stderr | src/components/restore/EmailLinkRestore.test.tsx > EmailLinkRestore > Password Input Step > should show success after successful restoration
Warning: An update to EmailLinkRestore inside a test was not wrapped in act(...).

When testing, code that causes React state updates should be wrapped into act(...):

act(() => {
  /* fire events that update state */
});
/* assert on the output */

This ensures that you're testing the behavior the user would see in the browser. Learn more at https://reactjs.org/link/wrap-tests-with-act
    at EmailLinkRestore (C:/Users/Admin/graceful_books/src/components/restore/EmailLinkRestore.tsx:8:3)

stderr | src/components/restore/EmailLinkRestore.test.tsx > EmailLinkRestore > Password Input Step > should show success after successful restoration
Warning: An update to EmailLinkRestore inside a test was not wrapped in act(...).

When testing, code that causes React state updates should be wrapped into act(...):

act(() => {
  /* fire events that update state */
});
/* assert on the output */

This ensures that you're testing the behavior the user would see in the browser. Learn more at https://reactjs.org/link/wrap-tests-with-act
    at EmailLinkRestore (C:/Users/Admin/graceful_books/src/components/restore/EmailLinkRestore.tsx:8:3)

stderr | src/components/restore/EmailLinkRestore.test.tsx > EmailLinkRestore > Password Input Step > should show success after successful restoration
Warning: An update to EmailLinkRestore inside a test was not wrapped in act(...).

When testing, code that causes React state updates should be wrapped into act(...):

act(() => {
  /* fire events that update state */
});
/* assert on the output */

This ensures that you're testing the behavior the user would see in the browser. Learn more at https://reactjs.org/link/wrap-tests-with-act
    at EmailLinkRestore (C:/Users/Admin/graceful_books/src/components/restore/EmailLinkRestore.tsx:8:3)

stderr | src/components/restore/EmailLinkRestore.test.tsx > EmailLinkRestore > Password Input Step > should show success after successful restoration
Warning: An update to EmailLinkRestore inside a test was not wrapped in act(...).

When testing, code that causes React state updates should be wrapped into act(...):

act(() => {
  /* fire events that update state */
});
/* assert on the output */

This ensures that you're testing the behavior the user would see in the browser. Learn more at https://reactjs.org/link/wrap-tests-with-act
    at EmailLinkRestore (C:/Users/Admin/graceful_books/src/components/restore/EmailLinkRestore.tsx:8:3)

stderr | src/components/restore/EmailLinkRestore.test.tsx > EmailLinkRestore > Password Input Step > should show success after successful restoration
Warning: An update to EmailLinkRestore inside a test was not wrapped in act(...).

When testing, code that causes React state updates should be wrapped into act(...):

act(() => {
  /* fire events that update state */
});
/* assert on the output */

This ensures that you're testing the behavior the user would see in the browser. Learn more at https://reactjs.org/link/wrap-tests-with-act
    at EmailLinkRestore (C:/Users/Admin/graceful_books/src/components/restore/EmailLinkRestore.tsx:8:3)

stderr | src/components/restore/EmailLinkRestore.test.tsx > EmailLinkRestore > Password Input Step > should show success after successful restoration
Warning: An update to EmailLinkRestore inside a test was not wrapped in act(...).

When testing, code that causes React state updates should be wrapped into act(...):

act(() => {
  /* fire events that update state */
});
/* assert on the output */

This ensures that you're testing the behavior the user would see in the browser. Learn more at https://reactjs.org/link/wrap-tests-with-act
    at EmailLinkRestore (C:/Users/Admin/graceful_books/src/components/restore/EmailLinkRestore.tsx:8:3)

stderr | src/components/restore/EmailLinkRestore.test.tsx > EmailLinkRestore > Password Input Step > should show success after successful restoration
Warning: An update to EmailLinkRestore inside a test was not wrapped in act(...).

When testing, code that causes React state updates should be wrapped into act(...):

act(() => {
  /* fire events that update state */
});
/* assert on the output */

This ensures that you're testing the behavior the user would see in the browser. Learn more at https://reactjs.org/link/wrap-tests-with-act
    at EmailLinkRestore (C:/Users/Admin/graceful_books/src/components/restore/EmailLinkRestore.tsx:8:3)

stderr | src/components/restore/EmailLinkRestore.test.tsx > EmailLinkRestore > Password Input Step > should show success after successful restoration
Warning: An update to EmailLinkRestore inside a test was not wrapped in act(...).

When testing, code that causes React state updates should be wrapped into act(...):

act(() => {
  /* fire events that update state */
});
/* assert on the output */

This ensures that you're testing the behavior the user would see in the browser. Learn more at https://reactjs.org/link/wrap-tests-with-act
    at EmailLinkRestore (C:/Users/Admin/graceful_books/src/components/restore/EmailLinkRestore.tsx:8:3)

stderr | src/components/restore/EmailLinkRestore.test.tsx > EmailLinkRestore > Password Input Step > should show success after successful restoration
Warning: An update to EmailLinkRestore inside a test was not wrapped in act(...).

When testing, code that causes React state updates should be wrapped into act(...):

act(() => {
  /* fire events that update state */
});
/* assert on the output */

This ensures that you're testing the behavior the user would see in the browser. Learn more at https://reactjs.org/link/wrap-tests-with-act
    at EmailLinkRestore (C:/Users/Admin/graceful_books/src/components/restore/EmailLinkRestore.tsx:8:3)

stderr | src/components/restore/EmailLinkRestore.test.tsx > EmailLinkRestore > Password Input Step > should show success after successful restoration
Warning: An update to EmailLinkRestore inside a test was not wrapped in act(...).

When testing, code that causes React state updates should be wrapped into act(...):

act(() => {
  /* fire events that update state */
});
/* assert on the output */

This ensures that you're testing the behavior the user would see in the browser. Learn more at https://reactjs.org/link/wrap-tests-with-act
    at EmailLinkRestore (C:/Users/Admin/graceful_books/src/components/restore/EmailLinkRestore.tsx:8:3)

stderr | src/components/restore/EmailLinkRestore.test.tsx > EmailLinkRestore > Password Input Step > should show success after successful restoration
Warning: An update to EmailLinkRestore inside a test was not wrapped in act(...).

When testing, code that causes React state updates should be wrapped into act(...):

act(() => {
  /* fire events that update state */
});
/* assert on the output */

This ensures that you're testing the behavior the user would see in the browser. Learn more at https://reactjs.org/link/wrap-tests-with-act
    at EmailLinkRestore (C:/Users/Admin/graceful_books/src/components/restore/EmailLinkRestore.tsx:8:3)

stderr | src/components/restore/EmailLinkRestore.test.tsx > EmailLinkRestore > Password Input Step > should show success after successful restoration
Warning: An update to EmailLinkRestore inside a test was not wrapped in act(...).

When testing, code that causes React state updates should be wrapped into act(...):

act(() => {
  /* fire events that update state */
});
/* assert on the output */

This ensures that you're testing the behavior the user would see in the browser. Learn more at https://reactjs.org/link/wrap-tests-with-act
    at EmailLinkRestore (C:/Users/Admin/graceful_books/src/components/restore/EmailLinkRestore.tsx:8:3)

stderr | src/components/restore/EmailLinkRestore.test.tsx > EmailLinkRestore > Password Input Step > should show success after successful restoration
Warning: An update to EmailLinkRestore inside a test was not wrapped in act(...).

When testing, code that causes React state updates should be wrapped into act(...):

act(() => {
  /* fire events that update state */
});
/* assert on the output */

This ensures that you're testing the behavior the user would see in the browser. Learn more at https://reactjs.org/link/wrap-tests-with-act
    at EmailLinkRestore (C:/Users/Admin/graceful_books/src/components/restore/EmailLinkRestore.tsx:8:3)

stderr | src/components/restore/EmailLinkRestore.test.tsx > EmailLinkRestore > Password Input Step > should show success after successful restoration
Warning: An update to EmailLinkRestore inside a test was not wrapped in act(...).

When testing, code that causes React state updates should be wrapped into act(...):

act(() => {
  /* fire events that update state */
});
/* assert on the output */

This ensures that you're testing the behavior the user would see in the browser. Learn more at https://reactjs.org/link/wrap-tests-with-act
    at EmailLinkRestore (C:/Users/Admin/graceful_books/src/components/restore/EmailLinkRestore.tsx:8:3)

stderr | src/components/restore/EmailLinkRestore.test.tsx > EmailLinkRestore > Password Input Step > should show success after successful restoration
Warning: An update to EmailLinkRestore inside a test was not wrapped in act(...).

When testing, code that causes React state updates should be wrapped into act(...):

act(() => {
  /* fire events that update state */
});
/* assert on the output */

This ensures that you're testing the behavior the user would see in the browser. Learn more at https://reactjs.org/link/wrap-tests-with-act
    at EmailLinkRestore (C:/Users/Admin/graceful_books/src/components/restore/EmailLinkRestore.tsx:8:3)

stderr | src/components/restore/EmailLinkRestore.test.tsx > EmailLinkRestore > Password Input Step > should show success after successful restoration
Warning: An update to EmailLinkRestore inside a test was not wrapped in act(...).

When testing, code that causes React state updates should be wrapped into act(...):

act(() => {
  /* fire events that update state */
});
/* assert on the output */

This ensures that you're testing the behavior the user would see in the browser. Learn more at https://reactjs.org/link/wrap-tests-with-act
    at EmailLinkRestore (C:/Users/Admin/graceful_books/src/components/restore/EmailLinkRestore.tsx:8:3)

stderr | src/components/restore/EmailLinkRestore.test.tsx > EmailLinkRestore > Password Input Step > should show success after successful restoration
Warning: An update to EmailLinkRestore inside a test was not wrapped in act(...).

When testing, code that causes React state updates should be wrapped into act(...):

act(() => {
  /* fire events that update state */
});
/* assert on the output */

This ensures that you're testing the behavior the user would see in the browser. Learn more at https://reactjs.org/link/wrap-tests-with-act
    at EmailLinkRestore (C:/Users/Admin/graceful_books/src/components/restore/EmailLinkRestore.tsx:8:3)

stderr | src/components/restore/EmailLinkRestore.test.tsx > EmailLinkRestore > Password Input Step > should show success after successful restoration
Warning: An update to EmailLinkRestore inside a test was not wrapped in act(...).

When testing, code that causes React state updates should be wrapped into act(...):

act(() => {
  /* fire events that update state */
});
/* assert on the output */

This ensures that you're testing the behavior the user would see in the browser. Learn more at https://reactjs.org/link/wrap-tests-with-act
    at EmailLinkRestore (C:/Users/Admin/graceful_books/src/components/restore/EmailLinkRestore.tsx:8:3)

stderr | src/components/restore/EmailLinkRestore.test.tsx > EmailLinkRestore > Password Input Step > should show success after successful restoration
Warning: An update to EmailLinkRestore inside a test was not wrapped in act(...).

When testing, code that causes React state updates should be wrapped into act(...):

act(() => {
  /* fire events that update state */
});
/* assert on the output */

This ensures that you're testing the behavior the user would see in the browser. Learn more at https://reactjs.org/link/wrap-tests-with-act
    at EmailLinkRestore (C:/Users/Admin/graceful_books/src/components/restore/EmailLinkRestore.tsx:8:3)

stderr | src/components/restore/EmailLinkRestore.test.tsx > EmailLinkRestore > Password Input Step > should show success after successful restoration
Warning: An update to EmailLinkRestore inside a test was not wrapped in act(...).

When testing, code that causes React state updates should be wrapped into act(...):

act(() => {
  /* fire events that update state */
});
/* assert on the output */

This ensures that you're testing the behavior the user would see in the browser. Learn more at https://reactjs.org/link/wrap-tests-with-act
    at EmailLinkRestore (C:/Users/Admin/graceful_books/src/components/restore/EmailLinkRestore.tsx:8:3)

stderr | src/components/restore/EmailLinkRestore.test.tsx > EmailLinkRestore > Password Input Step > should show success after successful restoration
Warning: An update to EmailLinkRestore inside a test was not wrapped in act(...).

When testing, code that causes React state updates should be wrapped into act(...):

act(() => {
  /* fire events that update state */
});
/* assert on the output */

This ensures that you're testing the behavior the user would see in the browser. Learn more at https://reactjs.org/link/wrap-tests-with-act
    at EmailLinkRestore (C:/Users/Admin/graceful_books/src/components/restore/EmailLinkRestore.tsx:8:3)

stderr | src/components/restore/EmailLinkRestore.test.tsx > EmailLinkRestore > Password Input Step > should show success after successful restoration
Warning: An update to EmailLinkRestore inside a test was not wrapped in act(...).

When testing, code that causes React state updates should be wrapped into act(...):

act(() => {
  /* fire events that update state */
});
/* assert on the output */

This ensures that you're testing the behavior the user would see in the browser. Learn more at https://reactjs.org/link/wrap-tests-with-act
    at EmailLinkRestore (C:/Users/Admin/graceful_books/src/components/restore/EmailLinkRestore.tsx:8:3)

stderr | src/components/restore/EmailLinkRestore.test.tsx > EmailLinkRestore > Password Input Step > should show success after successful restoration
Warning: An update to EmailLinkRestore inside a test was not wrapped in act(...).

When testing, code that causes React state updates should be wrapped into act(...):

act(() => {
  /* fire events that update state */
});
/* assert on the output */

This ensures that you're testing the behavior the user would see in the browser. Learn more at https://reactjs.org/link/wrap-tests-with-act
    at EmailLinkRestore (C:/Users/Admin/graceful_books/src/components/restore/EmailLinkRestore.tsx:8:3)

stderr | src/components/restore/EmailLinkRestore.test.tsx > EmailLinkRestore > Password Input Step > should show success after successful restoration
Warning: An update to EmailLinkRestore inside a test was not wrapped in act(...).

When testing, code that causes React state updates should be wrapped into act(...):

act(() => {
  /* fire events that update state */
});
/* assert on the output */

This ensures that you're testing the behavior the user would see in the browser. Learn more at https://reactjs.org/link/wrap-tests-with-act
    at EmailLinkRestore (C:/Users/Admin/graceful_books/src/components/restore/EmailLinkRestore.tsx:8:3)

stderr | src/components/restore/EmailLinkRestore.test.tsx > EmailLinkRestore > Password Input Step > should show success after successful restoration
Warning: An update to EmailLinkRestore inside a test was not wrapped in act(...).

When testing, code that causes React state updates should be wrapped into act(...):

act(() => {
  /* fire events that update state */
});
/* assert on the output */

This ensures that you're testing the behavior the user would see in the browser. Learn more at https://reactjs.org/link/wrap-tests-with-act
    at EmailLinkRestore (C:/Users/Admin/graceful_books/src/components/restore/EmailLinkRestore.tsx:8:3)

stderr | src/components/restore/EmailLinkRestore.test.tsx > EmailLinkRestore > Password Input Step > should show success after successful restoration
Warning: An update to EmailLinkRestore inside a test was not wrapped in act(...).

When testing, code that causes React state updates should be wrapped into act(...):

act(() => {
  /* fire events that update state */
});
/* assert on the output */

This ensures that you're testing the behavior the user would see in the browser. Learn more at https://reactjs.org/link/wrap-tests-with-act
    at EmailLinkRestore (C:/Users/Admin/graceful_books/src/components/restore/EmailLinkRestore.tsx:8:3)

stderr | src/components/restore/EmailLinkRestore.test.tsx > EmailLinkRestore > Password Input Step > should show success after successful restoration
Warning: An update to EmailLinkRestore inside a test was not wrapped in act(...).

When testing, code that causes React state updates should be wrapped into act(...):

act(() => {
  /* fire events that update state */
});
/* assert on the output */

This ensures that you're testing the behavior the user would see in the browser. Learn more at https://reactjs.org/link/wrap-tests-with-act
    at EmailLinkRestore (C:/Users/Admin/graceful_books/src/components/restore/EmailLinkRestore.tsx:8:3)

stderr | src/components/restore/EmailLinkRestore.test.tsx > EmailLinkRestore > Password Input Step > should show success after successful restoration
Warning: An update to EmailLinkRestore inside a test was not wrapped in act(...).

When testing, code that causes React state updates should be wrapped into act(...):

act(() => {
  /* fire events that update state */
});
/* assert on the output */

This ensures that you're testing the behavior the user would see in the browser. Learn more at https://reactjs.org/link/wrap-tests-with-act
    at EmailLinkRestore (C:/Users/Admin/graceful_books/src/components/restore/EmailLinkRestore.tsx:8:3)

stderr | src/components/restore/EmailLinkRestore.test.tsx > EmailLinkRestore > Password Input Step > should show success after successful restoration
Warning: An update to EmailLinkRestore inside a test was not wrapped in act(...).

When testing, code that causes React state updates should be wrapped into act(...):

act(() => {
  /* fire events that update state */
});
/* assert on the output */

This ensures that you're testing the behavior the user would see in the browser. Learn more at https://reactjs.org/link/wrap-tests-with-act
    at EmailLinkRestore (C:/Users/Admin/graceful_books/src/components/restore/EmailLinkRestore.tsx:8:3)

stderr | src/components/restore/EmailLinkRestore.test.tsx > EmailLinkRestore > Password Input Step > should show success after successful restoration
Warning: An update to EmailLinkRestore inside a test was not wrapped in act(...).

When testing, code that causes React state updates should be wrapped into act(...):

act(() => {
  /* fire events that update state */
});
/* assert on the output */

This ensures that you're testing the behavior the user would see in the browser. Learn more at https://reactjs.org/link/wrap-tests-with-act
    at EmailLinkRestore (C:/Users/Admin/graceful_books/src/components/restore/EmailLinkRestore.tsx:8:3)

stderr | src/components/restore/EmailLinkRestore.test.tsx > EmailLinkRestore > Password Input Step > should show success after successful restoration
Warning: An update to EmailLinkRestore inside a test was not wrapped in act(...).

When testing, code that causes React state updates should be wrapped into act(...):

act(() => {
  /* fire events that update state */
});
/* assert on the output */

This ensures that you're testing the behavior the user would see in the browser. Learn more at https://reactjs.org/link/wrap-tests-with-act
    at EmailLinkRestore (C:/Users/Admin/graceful_books/src/components/restore/EmailLinkRestore.tsx:8:3)

stderr | src/components/restore/EmailLinkRestore.test.tsx > EmailLinkRestore > Password Input Step > should show success after successful restoration
Warning: An update to EmailLinkRestore inside a test was not wrapped in act(...).

When testing, code that causes React state updates should be wrapped into act(...):

act(() => {
  /* fire events that update state */
});
/* assert on the output */

This ensures that you're testing the behavior the user would see in the browser. Learn more at https://reactjs.org/link/wrap-tests-with-act
    at EmailLinkRestore (C:/Users/Admin/graceful_books/src/components/restore/EmailLinkRestore.tsx:8:3)

stderr | src/components/restore/EmailLinkRestore.test.tsx > EmailLinkRestore > Password Input Step > should show success after successful restoration
Warning: An update to EmailLinkRestore inside a test was not wrapped in act(...).

When testing, code that causes React state updates should be wrapped into act(...):

act(() => {
  /* fire events that update state */
});
/* assert on the output */

This ensures that you're testing the behavior the user would see in the browser. Learn more at https://reactjs.org/link/wrap-tests-with-act
    at EmailLinkRestore (C:/Users/Admin/graceful_books/src/components/restore/EmailLinkRestore.tsx:8:3)

stderr | src/components/restore/EmailLinkRestore.test.tsx > EmailLinkRestore > Password Input Step > should show success after successful restoration
Warning: An update to EmailLinkRestore inside a test was not wrapped in act(...).

When testing, code that causes React state updates should be wrapped into act(...):

act(() => {
  /* fire events that update state */
});
/* assert on the output */

This ensures that you're testing the behavior the user would see in the browser. Learn more at https://reactjs.org/link/wrap-tests-with-act
    at EmailLinkRestore (C:/Users/Admin/graceful_books/src/components/restore/EmailLinkRestore.tsx:8:3)

stderr | src/components/restore/EmailLinkRestore.test.tsx > EmailLinkRestore > Password Input Step > should show success after successful restoration
Warning: An update to EmailLinkRestore inside a test was not wrapped in act(...).

When testing, code that causes React state updates should be wrapped into act(...):

act(() => {
  /* fire events that update state */
});
/* assert on the output */

This ensures that you're testing the behavior the user would see in the browser. Learn more at https://reactjs.org/link/wrap-tests-with-act
    at EmailLinkRestore (C:/Users/Admin/graceful_books/src/components/restore/EmailLinkRestore.tsx:8:3)
Warning: An update to EmailLinkRestore inside a test was not wrapped in act(...).

When testing, code that causes React state updates should be wrapped into act(...):

act(() => {
  /* fire events that update state */
});
/* assert on the output */

This ensures that you're testing the behavior the user would see in the browser. Learn more at https://reactjs.org/link/wrap-tests-with-act
    at EmailLinkRestore (C:/Users/Admin/graceful_books/src/components/restore/EmailLinkRestore.tsx:8:3)

stderr | src/components/restore/EmailLinkRestore.test.tsx > EmailLinkRestore > Password Input Step > should show success after successful restoration
Warning: An update to EmailLinkRestore inside a test was not wrapped in act(...).

When testing, code that causes React state updates should be wrapped into act(...):

act(() => {
  /* fire events that update state */
});
/* assert on the output */

This ensures that you're testing the behavior the user would see in the browser. Learn more at https://reactjs.org/link/wrap-tests-with-act
    at EmailLinkRestore (C:/Users/Admin/graceful_books/src/components/restore/EmailLinkRestore.tsx:8:3)
Warning: An update to EmailLinkRestore inside a test was not wrapped in act(...).

When testing, code that causes React state updates should be wrapped into act(...):

act(() => {
  /* fire events that update state */
});
/* assert on the output */

This ensures that you're testing the behavior the user would see in the browser. Learn more at https://reactjs.org/link/wrap-tests-with-act
    at EmailLinkRestore (C:/Users/Admin/graceful_books/src/components/restore/EmailLinkRestore.tsx:8:3)

stdout | src/pages/auth/Signup.test.tsx > Signup Page with Charity Selection > charity selection step > should enable Create Account button when charity is selected
🌐 API Request: GET https://api.audacious.money/products

stderr | src/pages/auth/Signup.test.tsx > Signup Page with Charity Selection > charity selection step > should enable Create Account button when charity is selected
Warning: An update to Signup inside a test was not wrapped in act(...).

When testing, code that causes React state updates should be wrapped into act(...):

act(() => {
  /* fire events that update state */
});
/* assert on the output */

This ensures that you're testing the behavior the user would see in the browser. Learn more at https://reactjs.org/link/wrap-tests-with-act
    at Signup (C:/Users/Admin/graceful_books/src/pages/auth/Signup.tsx:11:67)
    at Router (C:\Users\Admin\graceful_books\node_modules\react-router\dist\umd\react-router.development.js:1207:17)
    at BrowserRouter (C:\Users\Admin\graceful_books\node_modules\react-router-dom\dist\umd\react-router-dom.development.js:695:7)

stderr | src/pages/auth/Signup.test.tsx > Signup Page with Charity Selection > charity selection step > should enable Create Account button when charity is selected
Warning: An update to Signup inside a test was not wrapped in act(...).

When testing, code that causes React state updates should be wrapped into act(...):

act(() => {
  /* fire events that update state */
});
/* assert on the output */

This ensures that you're testing the behavior the user would see in the browser. Learn more at https://reactjs.org/link/wrap-tests-with-act
    at Signup (C:/Users/Admin/graceful_books/src/pages/auth/Signup.tsx:11:67)
    at Router (C:\Users\Admin\graceful_books\node_modules\react-router\dist\umd\react-router.development.js:1207:17)
    at BrowserRouter (C:\Users\Admin\graceful_books\node_modules\react-router-dom\dist\umd\react-router-dom.development.js:695:7)

stderr | src/pages/auth/Signup.test.tsx > Signup Page with Charity Selection > charity selection step > should enable Create Account button when charity is selected
Warning: An update to Signup inside a test was not wrapped in act(...).

When testing, code that causes React state updates should be wrapped into act(...):

act(() => {
  /* fire events that update state */
});
/* assert on the output */

This ensures that you're testing the behavior the user would see in the browser. Learn more at https://reactjs.org/link/wrap-tests-with-act
    at Signup (C:/Users/Admin/graceful_books/src/pages/auth/Signup.tsx:11:67)
    at Router (C:\Users\Admin\graceful_books\node_modules\react-router\dist\umd\react-router.development.js:1207:17)
    at BrowserRouter (C:\Users\Admin\graceful_books\node_modules\react-router-dom\dist\umd\react-router-dom.development.js:695:7)

stderr | src/pages/auth/Signup.test.tsx > Signup Page with Charity Selection > charity selection step > should enable Create Account button when charity is selected
Warning: An update to Signup inside a test was not wrapped in act(...).

When testing, code that causes React state updates should be wrapped into act(...):

act(() => {
  /* fire events that update state */
});
/* assert on the output */

This ensures that you're testing the behavior the user would see in the browser. Learn more at https://reactjs.org/link/wrap-tests-with-act
    at Signup (C:/Users/Admin/graceful_books/src/pages/auth/Signup.tsx:11:67)
    at Router (C:\Users\Admin\graceful_books\node_modules\react-router\dist\umd\react-router.development.js:1207:17)
    at BrowserRouter (C:\Users\Admin\graceful_books\node_modules\react-router-dom\dist\umd\react-router-dom.development.js:695:7)

stderr | src/pages/auth/Signup.test.tsx > Signup Page with Charity Selection > charity selection step > should enable Create Account button when charity is selected
Warning: An update to Signup inside a test was not wrapped in act(...).

When testing, code that causes React state updates should be wrapped into act(...):

act(() => {
  /* fire events that update state */
});
/* assert on the output */

This ensures that you're testing the behavior the user would see in the browser. Learn more at https://reactjs.org/link/wrap-tests-with-act
    at Signup (C:/Users/Admin/graceful_books/src/pages/auth/Signup.tsx:11:67)
    at Router (C:\Users\Admin\graceful_books\node_modules\react-router\dist\umd\react-router.development.js:1207:17)
    at BrowserRouter (C:\Users\Admin\graceful_books\node_modules\react-router-dom\dist\umd\react-router-dom.development.js:695:7)

stderr | src/pages/auth/Signup.test.tsx > Signup Page with Charity Selection > charity selection step > should enable Create Account button when charity is selected
Warning: An update to Signup inside a test was not wrapped in act(...).

When testing, code that causes React state updates should be wrapped into act(...):

act(() => {
  /* fire events that update state */
});
/* assert on the output */

This ensures that you're testing the behavior the user would see in the browser. Learn more at https://reactjs.org/link/wrap-tests-with-act
    at Signup (C:/Users/Admin/graceful_books/src/pages/auth/Signup.tsx:11:67)
    at Router (C:\Users\Admin\graceful_books\node_modules\react-router\dist\umd\react-router.development.js:1207:17)
    at BrowserRouter (C:\Users\Admin\graceful_books\node_modules\react-router-dom\dist\umd\react-router-dom.development.js:695:7)

stderr | src/pages/auth/Signup.test.tsx > Signup Page with Charity Selection > charity selection step > should enable Create Account button when charity is selected
Warning: An update to Signup inside a test was not wrapped in act(...).

When testing, code that causes React state updates should be wrapped into act(...):

act(() => {
  /* fire events that update state */
});
/* assert on the output */

This ensures that you're testing the behavior the user would see in the browser. Learn more at https://reactjs.org/link/wrap-tests-with-act
    at Signup (C:/Users/Admin/graceful_books/src/pages/auth/Signup.tsx:11:67)
    at Router (C:\Users\Admin\graceful_books\node_modules\react-router\dist\umd\react-router.development.js:1207:17)
    at BrowserRouter (C:\Users\Admin\graceful_books\node_modules\react-router-dom\dist\umd\react-router-dom.development.js:695:7)

stderr | src/pages/auth/Signup.test.tsx > Signup Page with Charity Selection > charity selection step > should enable Create Account button when charity is selected
Warning: An update to Signup inside a test was not wrapped in act(...).

When testing, code that causes React state updates should be wrapped into act(...):

act(() => {
  /* fire events that update state */
});
/* assert on the output */

This ensures that you're testing the behavior the user would see in the browser. Learn more at https://reactjs.org/link/wrap-tests-with-act
    at Signup (C:/Users/Admin/graceful_books/src/pages/auth/Signup.tsx:11:67)
    at Router (C:\Users\Admin\graceful_books\node_modules\react-router\dist\umd\react-router.development.js:1207:17)
    at BrowserRouter (C:\Users\Admin\graceful_books\node_modules\react-router-dom\dist\umd\react-router-dom.development.js:695:7)

stderr | src/pages/auth/Signup.test.tsx > Signup Page with Charity Selection > charity selection step > should enable Create Account button when charity is selected
Warning: An update to Signup inside a test was not wrapped in act(...).

When testing, code that causes React state updates should be wrapped into act(...):

act(() => {
  /* fire events that update state */
});
/* assert on the output */

This ensures that you're testing the behavior the user would see in the browser. Learn more at https://reactjs.org/link/wrap-tests-with-act
    at Signup (C:/Users/Admin/graceful_books/src/pages/auth/Signup.tsx:11:67)
    at Router (C:\Users\Admin\graceful_books\node_modules\react-router\dist\umd\react-router.development.js:1207:17)
    at BrowserRouter (C:\Users\Admin\graceful_books\node_modules\react-router-dom\dist\umd\react-router-dom.development.js:695:7)

stderr | src/pages/auth/Signup.test.tsx > Signup Page with Charity Selection > charity selection step > should enable Create Account button when charity is selected
Warning: An update to Signup inside a test was not wrapped in act(...).

When testing, code that causes React state updates should be wrapped into act(...):

act(() => {
  /* fire events that update state */
});
/* assert on the output */

This ensures that you're testing the behavior the user would see in the browser. Learn more at https://reactjs.org/link/wrap-tests-with-act
    at Signup (C:/Users/Admin/graceful_books/src/pages/auth/Signup.tsx:11:67)
    at Router (C:\Users\Admin\graceful_books\node_modules\react-router\dist\umd\react-router.development.js:1207:17)
    at BrowserRouter (C:\Users\Admin\graceful_books\node_modules\react-router-dom\dist\umd\react-router-dom.development.js:695:7)

stderr | src/pages/auth/Signup.test.tsx > Signup Page with Charity Selection > charity selection step > should enable Create Account button when charity is selected
Warning: An update to Signup inside a test was not wrapped in act(...).

When testing, code that causes React state updates should be wrapped into act(...):

act(() => {
  /* fire events that update state */
});
/* assert on the output */

This ensures that you're testing the behavior the user would see in the browser. Learn more at https://reactjs.org/link/wrap-tests-with-act
    at Signup (C:/Users/Admin/graceful_books/src/pages/auth/Signup.tsx:11:67)
    at Router (C:\Users\Admin\graceful_books\node_modules\react-router\dist\umd\react-router.development.js:1207:17)
    at BrowserRouter (C:\Users\Admin\graceful_books\node_modules\react-router-dom\dist\umd\react-router-dom.development.js:695:7)

stderr | src/pages/auth/Signup.test.tsx > Signup Page with Charity Selection > charity selection step > should enable Create Account button when charity is selected
Warning: An update to Signup inside a test was not wrapped in act(...).

When testing, code that causes React state updates should be wrapped into act(...):

act(() => {
  /* fire events that update state */
});
/* assert on the output */

This ensures that you're testing the behavior the user would see in the browser. Learn more at https://reactjs.org/link/wrap-tests-with-act
    at Signup (C:/Users/Admin/graceful_books/src/pages/auth/Signup.tsx:11:67)
    at Router (C:\Users\Admin\graceful_books\node_modules\react-router\dist\umd\react-router.development.js:1207:17)
    at BrowserRouter (C:\Users\Admin\graceful_books\node_modules\react-router-dom\dist\umd\react-router-dom.development.js:695:7)

stderr | src/pages/auth/Signup.test.tsx > Signup Page with Charity Selection > charity selection step > should enable Create Account button when charity is selected
Warning: An update to Signup inside a test was not wrapped in act(...).

When testing, code that causes React state updates should be wrapped into act(...):

act(() => {
  /* fire events that update state */
});
/* assert on the output */

This ensures that you're testing the behavior the user would see in the browser. Learn more at https://reactjs.org/link/wrap-tests-with-act
    at Signup (C:/Users/Admin/graceful_books/src/pages/auth/Signup.tsx:11:67)
    at Router (C:\Users\Admin\graceful_books\node_modules\react-router\dist\umd\react-router.development.js:1207:17)
    at BrowserRouter (C:\Users\Admin\graceful_books\node_modules\react-router-dom\dist\umd\react-router-dom.development.js:695:7)

stderr | src/pages/auth/Signup.test.tsx > Signup Page with Charity Selection > charity selection step > should enable Create Account button when charity is selected
Warning: An update to Signup inside a test was not wrapped in act(...).

When testing, code that causes React state updates should be wrapped into act(...):

act(() => {
  /* fire events that update state */
});
/* assert on the output */

This ensures that you're testing the behavior the user would see in the browser. Learn more at https://reactjs.org/link/wrap-tests-with-act
    at Signup (C:/Users/Admin/graceful_books/src/pages/auth/Signup.tsx:11:67)
    at Router (C:\Users\Admin\graceful_books\node_modules\react-router\dist\umd\react-router.development.js:1207:17)
    at BrowserRouter (C:\Users\Admin\graceful_books\node_modules\react-router-dom\dist\umd\react-router-dom.development.js:695:7)

stdout | src/pages/auth/Signup.test.tsx > Signup Page with Charity Selection > charity selection step > should enable Create Account button when charity is selected
🌐 Response status: 200 OK

stderr | src/pages/auth/Signup.test.tsx > Signup Page with Charity Selection > charity selection step > should enable Create Account button when charity is selected
Warning: An update to Signup inside a test was not wrapped in act(...).

When testing, code that causes React state updates should be wrapped into act(...):

act(() => {
  /* fire events that update state */
});
/* assert on the output */

This ensures that you're testing the behavior the user would see in the browser. Learn more at https://reactjs.org/link/wrap-tests-with-act
    at Signup (C:/Users/Admin/graceful_books/src/pages/auth/Signup.tsx:11:67)
    at Router (C:\Users\Admin\graceful_books\node_modules\react-router\dist\umd\react-router.development.js:1207:17)
    at BrowserRouter (C:\Users\Admin\graceful_books\node_modules\react-router-dom\dist\umd\react-router-dom.development.js:695:7)

stderr | src/pages/auth/Signup.test.tsx > Signup Page with Charity Selection > charity selection step > should enable Create Account button when charity is selected
Warning: An update to Signup inside a test was not wrapped in act(...).

When testing, code that causes React state updates should be wrapped into act(...):

act(() => {
  /* fire events that update state */
});
/* assert on the output */

This ensures that you're testing the behavior the user would see in the browser. Learn more at https://reactjs.org/link/wrap-tests-with-act
    at Signup (C:/Users/Admin/graceful_books/src/pages/auth/Signup.tsx:11:67)
    at Router (C:\Users\Admin\graceful_books\node_modules\react-router\dist\umd\react-router.development.js:1207:17)
    at BrowserRouter (C:\Users\Admin\graceful_books\node_modules\react-router-dom\dist\umd\react-router-dom.development.js:695:7)

stderr | src/pages/auth/Signup.test.tsx > Signup Page with Charity Selection > charity selection step > should enable Create Account button when charity is selected
Warning: An update to Signup inside a test was not wrapped in act(...).

When testing, code that causes React state updates should be wrapped into act(...):

act(() => {
  /* fire events that update state */
});
/* assert on the output */

This ensures that you're testing the behavior the user would see in the browser. Learn more at https://reactjs.org/link/wrap-tests-with-act
    at Signup (C:/Users/Admin/graceful_books/src/pages/auth/Signup.tsx:11:67)
    at Router (C:\Users\Admin\graceful_books\node_modules\react-router\dist\umd\react-router.development.js:1207:17)
    at BrowserRouter (C:\Users\Admin\graceful_books\node_modules\react-router-dom\dist\umd\react-router-dom.development.js:695:7)

stderr | src/pages/auth/Signup.test.tsx > Signup Page with Charity Selection > charity selection step > should enable Create Account button when charity is selected
Warning: An update to Signup inside a test was not wrapped in act(...).

When testing, code that causes React state updates should be wrapped into act(...):

act(() => {
  /* fire events that update state */
});
/* assert on the output */

This ensures that you're testing the behavior the user would see in the browser. Learn more at https://reactjs.org/link/wrap-tests-with-act
    at Signup (C:/Users/Admin/graceful_books/src/pages/auth/Signup.tsx:11:67)
    at Router (C:\Users\Admin\graceful_books\node_modules\react-router\dist\umd\react-router.development.js:1207:17)
    at BrowserRouter (C:\Users\Admin\graceful_books\node_modules\react-router-dom\dist\umd\react-router-dom.development.js:695:7)

stderr | src/pages/auth/Signup.test.tsx > Signup Page with Charity Selection > charity selection step > should enable Create Account button when charity is selected
Warning: An update to Signup inside a test was not wrapped in act(...).

When testing, code that causes React state updates should be wrapped into act(...):

act(() => {
  /* fire events that update state */
});
/* assert on the output */

This ensures that you're testing the behavior the user would see in the browser. Learn more at https://reactjs.org/link/wrap-tests-with-act
    at Signup (C:/Users/Admin/graceful_books/src/pages/auth/Signup.tsx:11:67)
    at Router (C:\Users\Admin\graceful_books\node_modules\react-router\dist\umd\react-router.development.js:1207:17)
    at BrowserRouter (C:\Users\Admin\graceful_books\node_modules\react-router-dom\dist\umd\react-router-dom.development.js:695:7)

stderr | src/pages/auth/Signup.test.tsx > Signup Page with Charity Selection > charity selection step > should enable Create Account button when charity is selected
Warning: An update to Signup inside a test was not wrapped in act(...).

When testing, code that causes React state updates should be wrapped into act(...):

act(() => {
  /* fire events that update state */
});
/* assert on the output */

This ensures that you're testing the behavior the user would see in the browser. Learn more at https://reactjs.org/link/wrap-tests-with-act
    at Signup (C:/Users/Admin/graceful_books/src/pages/auth/Signup.tsx:11:67)
    at Router (C:\Users\Admin\graceful_books\node_modules\react-router\dist\umd\react-router.development.js:1207:17)
    at BrowserRouter (C:\Users\Admin\graceful_books\node_modules\react-router-dom\dist\umd\react-router-dom.development.js:695:7)

stderr | src/pages/auth/Signup.test.tsx > Signup Page with Charity Selection > charity selection step > should enable Create Account button when charity is selected
Warning: An update to Signup inside a test was not wrapped in act(...).

When testing, code that causes React state updates should be wrapped into act(...):

act(() => {
  /* fire events that update state */
});
/* assert on the output */

This ensures that you're testing the behavior the user would see in the browser. Learn more at https://reactjs.org/link/wrap-tests-with-act
    at Signup (C:/Users/Admin/graceful_books/src/pages/auth/Signup.tsx:11:67)
    at Router (C:\Users\Admin\graceful_books\node_modules\react-router\dist\umd\react-router.development.js:1207:17)
    at BrowserRouter (C:\Users\Admin\graceful_books\node_modules\react-router-dom\dist\umd\react-router-dom.development.js:695:7)

stderr | src/pages/auth/Signup.test.tsx > Signup Page with Charity Selection > charity selection step > should enable Create Account button when charity is selected
Warning: An update to Signup inside a test was not wrapped in act(...).

When testing, code that causes React state updates should be wrapped into act(...):

act(() => {
  /* fire events that update state */
});
/* assert on the output */

This ensures that you're testing the behavior the user would see in the browser. Learn more at https://reactjs.org/link/wrap-tests-with-act
    at Signup (C:/Users/Admin/graceful_books/src/pages/auth/Signup.tsx:11:67)
    at Router (C:\Users\Admin\graceful_books\node_modules\react-router\dist\umd\react-router.development.js:1207:17)
    at BrowserRouter (C:\Users\Admin\graceful_books\node_modules\react-router-dom\dist\umd\react-router-dom.development.js:695:7)

stderr | src/pages/auth/Signup.test.tsx > Signup Page with Charity Selection > charity selection step > should enable Create Account button when charity is selected
Warning: An update to Signup inside a test was not wrapped in act(...).

When testing, code that causes React state updates should be wrapped into act(...):

act(() => {
  /* fire events that update state */
});
/* assert on the output */

This ensures that you're testing the behavior the user would see in the browser. Learn more at https://reactjs.org/link/wrap-tests-with-act
    at Signup (C:/Users/Admin/graceful_books/src/pages/auth/Signup.tsx:11:67)
    at Router (C:\Users\Admin\graceful_books\node_modules\react-router\dist\umd\react-router.development.js:1207:17)
    at BrowserRouter (C:\Users\Admin\graceful_books\node_modules\react-router-dom\dist\umd\react-router-dom.development.js:695:7)

stderr | src/pages/auth/Signup.test.tsx > Signup Page with Charity Selection > charity selection step > should enable Create Account button when charity is selected
Warning: An update to Signup inside a test was not wrapped in act(...).

When testing, code that causes React state updates should be wrapped into act(...):

act(() => {
  /* fire events that update state */
});
/* assert on the output */

This ensures that you're testing the behavior the user would see in the browser. Learn more at https://reactjs.org/link/wrap-tests-with-act
    at Signup (C:/Users/Admin/graceful_books/src/pages/auth/Signup.tsx:11:67)
    at Router (C:\Users\Admin\graceful_books\node_modules\react-router\dist\umd\react-router.development.js:1207:17)
    at BrowserRouter (C:\Users\Admin\graceful_books\node_modules\react-router-dom\dist\umd\react-router-dom.development.js:695:7)

stderr | src/pages/auth/Signup.test.tsx > Signup Page with Charity Selection > charity selection step > should enable Create Account button when charity is selected
Warning: An update to Signup inside a test was not wrapped in act(...).

When testing, code that causes React state updates should be wrapped into act(...):

act(() => {
  /* fire events that update state */
});
/* assert on the output */

This ensures that you're testing the behavior the user would see in the browser. Learn more at https://reactjs.org/link/wrap-tests-with-act
    at Signup (C:/Users/Admin/graceful_books/src/pages/auth/Signup.tsx:11:67)
    at Router (C:\Users\Admin\graceful_books\node_modules\react-router\dist\umd\react-router.development.js:1207:17)
    at BrowserRouter (C:\Users\Admin\graceful_books\node_modules\react-router-dom\dist\umd\react-router-dom.development.js:695:7)

stderr | src/pages/auth/Signup.test.tsx > Signup Page with Charity Selection > charity selection step > should enable Create Account button when charity is selected
Warning: An update to Signup inside a test was not wrapped in act(...).

When testing, code that causes React state updates should be wrapped into act(...):

act(() => {
  /* fire events that update state */
});
/* assert on the output */

This ensures that you're testing the behavior the user would see in the browser. Learn more at https://reactjs.org/link/wrap-tests-with-act
    at Signup (C:/Users/Admin/graceful_books/src/pages/auth/Signup.tsx:11:67)
    at Router (C:\Users\Admin\graceful_books\node_modules\react-router\dist\umd\react-router.development.js:1207:17)
    at BrowserRouter (C:\Users\Admin\graceful_books\node_modules\react-router-dom\dist\umd\react-router-dom.development.js:695:7)

stderr | src/pages/auth/Signup.test.tsx > Signup Page with Charity Selection > charity selection step > should enable Create Account button when charity is selected
Warning: An update to Signup inside a test was not wrapped in act(...).

When testing, code that causes React state updates should be wrapped into act(...):

act(() => {
  /* fire events that update state */
});
/* assert on the output */

This ensures that you're testing the behavior the user would see in the browser. Learn more at https://reactjs.org/link/wrap-tests-with-act
    at Signup (C:/Users/Admin/graceful_books/src/pages/auth/Signup.tsx:11:67)
    at Router (C:\Users\Admin\graceful_books\node_modules\react-router\dist\umd\react-router.development.js:1207:17)
    at BrowserRouter (C:\Users\Admin\graceful_books\node_modules\react-router-dom\dist\umd\react-router-dom.development.js:695:7)

stderr | src/pages/auth/Signup.test.tsx > Signup Page with Charity Selection > charity selection step > should enable Create Account button when charity is selected
Warning: An update to Signup inside a test was not wrapped in act(...).

When testing, code that causes React state updates should be wrapped into act(...):

act(() => {
  /* fire events that update state */
});
/* assert on the output */

This ensures that you're testing the behavior the user would see in the browser. Learn more at https://reactjs.org/link/wrap-tests-with-act
    at Signup (C:/Users/Admin/graceful_books/src/pages/auth/Signup.tsx:11:67)
    at Router (C:\Users\Admin\graceful_books\node_modules\react-router\dist\umd\react-router.development.js:1207:17)
    at BrowserRouter (C:\Users\Admin\graceful_books\node_modules\react-router-dom\dist\umd\react-router-dom.development.js:695:7)

stderr | src/pages/auth/Signup.test.tsx > Signup Page with Charity Selection > charity selection step > should enable Create Account button when charity is selected
Warning: An update to Signup inside a test was not wrapped in act(...).

When testing, code that causes React state updates should be wrapped into act(...):

act(() => {
  /* fire events that update state */
});
/* assert on the output */

This ensures that you're testing the behavior the user would see in the browser. Learn more at https://reactjs.org/link/wrap-tests-with-act
    at Signup (C:/Users/Admin/graceful_books/src/pages/auth/Signup.tsx:11:67)
    at Router (C:\Users\Admin\graceful_books\node_modules\react-router\dist\umd\react-router.development.js:1207:17)
    at BrowserRouter (C:\Users\Admin\graceful_books\node_modules\react-router-dom\dist\umd\react-router-dom.development.js:695:7)

stderr | src/pages/auth/Signup.test.tsx > Signup Page with Charity Selection > charity selection step > should enable Create Account button when charity is selected
Warning: An update to Signup inside a test was not wrapped in act(...).

When testing, code that causes React state updates should be wrapped into act(...):

act(() => {
  /* fire events that update state */
});
/* assert on the output */

This ensures that you're testing the behavior the user would see in the browser. Learn more at https://reactjs.org/link/wrap-tests-with-act
    at Signup (C:/Users/Admin/graceful_books/src/pages/auth/Signup.tsx:11:67)
    at Router (C:\Users\Admin\graceful_books\node_modules\react-router\dist\umd\react-router.development.js:1207:17)
    at BrowserRouter (C:\Users\Admin\graceful_books\node_modules\react-router-dom\dist\umd\react-router-dom.development.js:695:7)

stderr | src/pages/auth/Signup.test.tsx > Signup Page with Charity Selection > charity selection step > should enable Create Account button when charity is selected
Warning: An update to Signup inside a test was not wrapped in act(...).

When testing, code that causes React state updates should be wrapped into act(...):

act(() => {
  /* fire events that update state */
});
/* assert on the output */

This ensures that you're testing the behavior the user would see in the browser. Learn more at https://reactjs.org/link/wrap-tests-with-act
    at Signup (C:/Users/Admin/graceful_books/src/pages/auth/Signup.tsx:11:67)
    at Router (C:\Users\Admin\graceful_books\node_modules\react-router\dist\umd\react-router.development.js:1207:17)
    at BrowserRouter (C:\Users\Admin\graceful_books\node_modules\react-router-dom\dist\umd\react-router-dom.development.js:695:7)

stderr | src/pages/auth/Signup.test.tsx > Signup Page with Charity Selection > charity selection step > should enable Create Account button when charity is selected
Warning: An update to Signup inside a test was not wrapped in act(...).

When testing, code that causes React state updates should be wrapped into act(...):

act(() => {
  /* fire events that update state */
});
/* assert on the output */

This ensures that you're testing the behavior the user would see in the browser. Learn more at https://reactjs.org/link/wrap-tests-with-act
    at Signup (C:/Users/Admin/graceful_books/src/pages/auth/Signup.tsx:11:67)
    at Router (C:\Users\Admin\graceful_books\node_modules\react-router\dist\umd\react-router.development.js:1207:17)
    at BrowserRouter (C:\Users\Admin\graceful_books\node_modules\react-router-dom\dist\umd\react-router-dom.development.js:695:7)

stderr | src/pages/auth/Signup.test.tsx > Signup Page with Charity Selection > charity selection step > should enable Create Account button when charity is selected
Warning: An update to Signup inside a test was not wrapped in act(...).

When testing, code that causes React state updates should be wrapped into act(...):

act(() => {
  /* fire events that update state */
});
/* assert on the output */

This ensures that you're testing the behavior the user would see in the browser. Learn more at https://reactjs.org/link/wrap-tests-with-act
    at Signup (C:/Users/Admin/graceful_books/src/pages/auth/Signup.tsx:11:67)
    at Router (C:\Users\Admin\graceful_books\node_modules\react-router\dist\umd\react-router.development.js:1207:17)
    at BrowserRouter (C:\Users\Admin\graceful_books\node_modules\react-router-dom\dist\umd\react-router-dom.development.js:695:7)

stderr | src/pages/auth/Signup.test.tsx > Signup Page with Charity Selection > charity selection step > should enable Create Account button when charity is selected
Warning: An update to Signup inside a test was not wrapped in act(...).

When testing, code that causes React state updates should be wrapped into act(...):

act(() => {
  /* fire events that update state */
});
/* assert on the output */

This ensures that you're testing the behavior the user would see in the browser. Learn more at https://reactjs.org/link/wrap-tests-with-act
    at Signup (C:/Users/Admin/graceful_books/src/pages/auth/Signup.tsx:11:67)
    at Router (C:\Users\Admin\graceful_books\node_modules\react-router\dist\umd\react-router.development.js:1207:17)
    at BrowserRouter (C:\Users\Admin\graceful_books\node_modules\react-router-dom\dist\umd\react-router-dom.development.js:695:7)

stderr | src/pages/auth/Signup.test.tsx > Signup Page with Charity Selection > charity selection step > should enable Create Account button when charity is selected
Warning: An update to Signup inside a test was not wrapped in act(...).

When testing, code that causes React state updates should be wrapped into act(...):

act(() => {
  /* fire events that update state */
});
/* assert on the output */

This ensures that you're testing the behavior the user would see in the browser. Learn more at https://reactjs.org/link/wrap-tests-with-act
    at Signup (C:/Users/Admin/graceful_books/src/pages/auth/Signup.tsx:11:67)
    at Router (C:\Users\Admin\graceful_books\node_modules\react-router\dist\umd\react-router.development.js:1207:17)
    at BrowserRouter (C:\Users\Admin\graceful_books\node_modules\react-router-dom\dist\umd\react-router-dom.development.js:695:7)

stderr | src/pages/auth/Signup.test.tsx > Signup Page with Charity Selection > charity selection step > should enable Create Account button when charity is selected
Warning: An update to Signup inside a test was not wrapped in act(...).

When testing, code that causes React state updates should be wrapped into act(...):

act(() => {
  /* fire events that update state */
});
/* assert on the output */

This ensures that you're testing the behavior the user would see in the browser. Learn more at https://reactjs.org/link/wrap-tests-with-act
    at Signup (C:/Users/Admin/graceful_books/src/pages/auth/Signup.tsx:11:67)
    at Router (C:\Users\Admin\graceful_books\node_modules\react-router\dist\umd\react-router.development.js:1207:17)
    at BrowserRouter (C:\Users\Admin\graceful_books\node_modules\react-router-dom\dist\umd\react-router-dom.development.js:695:7)

stderr | src/pages/auth/Signup.test.tsx > Signup Page with Charity Selection > charity selection step > should enable Create Account button when charity is selected
Warning: An update to Signup inside a test was not wrapped in act(...).

When testing, code that causes React state updates should be wrapped into act(...):

act(() => {
  /* fire events that update state */
});
/* assert on the output */

This ensures that you're testing the behavior the user would see in the browser. Learn more at https://reactjs.org/link/wrap-tests-with-act
    at Signup (C:/Users/Admin/graceful_books/src/pages/auth/Signup.tsx:11:67)
    at Router (C:\Users\Admin\graceful_books\node_modules\react-router\dist\umd\react-router.development.js:1207:17)
    at BrowserRouter (C:\Users\Admin\graceful_books\node_modules\react-router-dom\dist\umd\react-router-dom.development.js:695:7)

stderr | src/pages/auth/Signup.test.tsx > Signup Page with Charity Selection > charity selection step > should enable Create Account button when charity is selected
Warning: An update to Signup inside a test was not wrapped in act(...).

When testing, code that causes React state updates should be wrapped into act(...):

act(() => {
  /* fire events that update state */
});
/* assert on the output */

This ensures that you're testing the behavior the user would see in the browser. Learn more at https://reactjs.org/link/wrap-tests-with-act
    at Signup (C:/Users/Admin/graceful_books/src/pages/auth/Signup.tsx:11:67)
    at Router (C:\Users\Admin\graceful_books\node_modules\react-router\dist\umd\react-router.development.js:1207:17)
    at BrowserRouter (C:\Users\Admin\graceful_books\node_modules\react-router-dom\dist\umd\react-router-dom.development.js:695:7)

stderr | src/pages/auth/Signup.test.tsx > Signup Page with Charity Selection > charity selection step > should enable Create Account button when charity is selected
Warning: An update to Signup inside a test was not wrapped in act(...).

When testing, code that causes React state updates should be wrapped into act(...):

act(() => {
  /* fire events that update state */
});
/* assert on the output */

This ensures that you're testing the behavior the user would see in the browser. Learn more at https://reactjs.org/link/wrap-tests-with-act
    at Signup (C:/Users/Admin/graceful_books/src/pages/auth/Signup.tsx:11:67)
    at Router (C:\Users\Admin\graceful_books\node_modules\react-router\dist\umd\react-router.development.js:1207:17)
    at BrowserRouter (C:\Users\Admin\graceful_books\node_modules\react-router-dom\dist\umd\react-router-dom.development.js:695:7)

stdout | src/pages/auth/Signup.test.tsx > Signup Page with Charity Selection > charity selection step > should go back to credentials step when Back is clicked
🌐 API Request: GET https://api.audacious.money/products

stderr | src/pages/auth/Signup.test.tsx > Signup Page with Charity Selection > charity selection step > should go back to credentials step when Back is clicked
Warning: An update to Signup inside a test was not wrapped in act(...).

When testing, code that causes React state updates should be wrapped into act(...):

act(() => {
  /* fire events that update state */
});
/* assert on the output */

This ensures that you're testing the behavior the user would see in the browser. Learn more at https://reactjs.org/link/wrap-tests-with-act
    at Signup (C:/Users/Admin/graceful_books/src/pages/auth/Signup.tsx:11:67)
    at Router (C:\Users\Admin\graceful_books\node_modules\react-router\dist\umd\react-router.development.js:1207:17)
    at BrowserRouter (C:\Users\Admin\graceful_books\node_modules\react-router-dom\dist\umd\react-router-dom.development.js:695:7)

stderr | src/pages/auth/Signup.test.tsx > Signup Page with Charity Selection > charity selection step > should go back to credentials step when Back is clicked
Warning: An update to Signup inside a test was not wrapped in act(...).

When testing, code that causes React state updates should be wrapped into act(...):

act(() => {
  /* fire events that update state */
});
/* assert on the output */

This ensures that you're testing the behavior the user would see in the browser. Learn more at https://reactjs.org/link/wrap-tests-with-act
    at Signup (C:/Users/Admin/graceful_books/src/pages/auth/Signup.tsx:11:67)
    at Router (C:\Users\Admin\graceful_books\node_modules\react-router\dist\umd\react-router.development.js:1207:17)
    at BrowserRouter (C:\Users\Admin\graceful_books\node_modules\react-router-dom\dist\umd\react-router-dom.development.js:695:7)

stderr | src/pages/auth/Signup.test.tsx > Signup Page with Charity Selection > charity selection step > should go back to credentials step when Back is clicked
Warning: An update to Signup inside a test was not wrapped in act(...).

When testing, code that causes React state updates should be wrapped into act(...):

act(() => {
  /* fire events that update state */
});
/* assert on the output */

This ensures that you're testing the behavior the user would see in the browser. Learn more at https://reactjs.org/link/wrap-tests-with-act
    at Signup (C:/Users/Admin/graceful_books/src/pages/auth/Signup.tsx:11:67)
    at Router (C:\Users\Admin\graceful_books\node_modules\react-router\dist\umd\react-router.development.js:1207:17)
    at BrowserRouter (C:\Users\Admin\graceful_books\node_modules\react-router-dom\dist\umd\react-router-dom.development.js:695:7)

stderr | src/pages/auth/Signup.test.tsx > Signup Page with Charity Selection > charity selection step > should go back to credentials step when Back is clicked
Warning: An update to Signup inside a test was not wrapped in act(...).

When testing, code that causes React state updates should be wrapped into act(...):

act(() => {
  /* fire events that update state */
});
/* assert on the output */

This ensures that you're testing the behavior the user would see in the browser. Learn more at https://reactjs.org/link/wrap-tests-with-act
    at Signup (C:/Users/Admin/graceful_books/src/pages/auth/Signup.tsx:11:67)
    at Router (C:\Users\Admin\graceful_books\node_modules\react-router\dist\umd\react-router.development.js:1207:17)
    at BrowserRouter (C:\Users\Admin\graceful_books\node_modules\react-router-dom\dist\umd\react-router-dom.development.js:695:7)

stderr | src/pages/auth/Signup.test.tsx > Signup Page with Charity Selection > charity selection step > should go back to credentials step when Back is clicked
Warning: An update to Signup inside a test was not wrapped in act(...).

When testing, code that causes React state updates should be wrapped into act(...):

act(() => {
  /* fire events that update state */
});
/* assert on the output */

This ensures that you're testing the behavior the user would see in the browser. Learn more at https://reactjs.org/link/wrap-tests-with-act
    at Signup (C:/Users/Admin/graceful_books/src/pages/auth/Signup.tsx:11:67)
    at Router (C:\Users\Admin\graceful_books\node_modules\react-router\dist\umd\react-router.development.js:1207:17)
    at BrowserRouter (C:\Users\Admin\graceful_books\node_modules\react-router-dom\dist\umd\react-router-dom.development.js:695:7)

stdout | src/pages/auth/Signup.test.tsx > Signup Page with Charity Selection > charity selection step > should go back to credentials step when Back is clicked
🌐 Response status: 200 OK

stderr | src/pages/auth/Signup.test.tsx > Signup Page with Charity Selection > charity selection step > should go back to credentials step when Back is clicked
Warning: An update to Signup inside a test was not wrapped in act(...).

When testing, code that causes React state updates should be wrapped into act(...):

act(() => {
  /* fire events that update state */
});
/* assert on the output */

This ensures that you're testing the behavior the user would see in the browser. Learn more at https://reactjs.org/link/wrap-tests-with-act
    at Signup (C:/Users/Admin/graceful_books/src/pages/auth/Signup.tsx:11:67)
    at Router (C:\Users\Admin\graceful_books\node_modules\react-router\dist\umd\react-router.development.js:1207:17)
    at BrowserRouter (C:\Users\Admin\graceful_books\node_modules\react-router-dom\dist\umd\react-router-dom.development.js:695:7)

stderr | src/pages/auth/Signup.test.tsx > Signup Page with Charity Selection > charity selection step > should go back to credentials step when Back is clicked
Warning: An update to Signup inside a test was not wrapped in act(...).

When testing, code that causes React state updates should be wrapped into act(...):

act(() => {
  /* fire events that update state */
});
/* assert on the output */

This ensures that you're testing the behavior the user would see in the browser. Learn more at https://reactjs.org/link/wrap-tests-with-act
    at Signup (C:/Users/Admin/graceful_books/src/pages/auth/Signup.tsx:11:67)
    at Router (C:\Users\Admin\graceful_books\node_modules\react-router\dist\umd\react-router.development.js:1207:17)
    at BrowserRouter (C:\Users\Admin\graceful_books\node_modules\react-router-dom\dist\umd\react-router-dom.development.js:695:7)

stderr | src/pages/auth/Signup.test.tsx > Signup Page with Charity Selection > charity selection step > should go back to credentials step when Back is clicked
Warning: An update to Signup inside a test was not wrapped in act(...).

When testing, code that causes React state updates should be wrapped into act(...):

act(() => {
  /* fire events that update state */
});
/* assert on the output */

This ensures that you're testing the behavior the user would see in the browser. Learn more at https://reactjs.org/link/wrap-tests-with-act
    at Signup (C:/Users/Admin/graceful_books/src/pages/auth/Signup.tsx:11:67)
    at Router (C:\Users\Admin\graceful_books\node_modules\react-router\dist\umd\react-router.development.js:1207:17)
    at BrowserRouter (C:\Users\Admin\graceful_books\node_modules\react-router-dom\dist\umd\react-router-dom.development.js:695:7)

stderr | src/pages/auth/Signup.test.tsx > Signup Page with Charity Selection > charity selection step > should go back to credentials step when Back is clicked
Warning: An update to Signup inside a test was not wrapped in act(...).

When testing, code that causes React state updates should be wrapped into act(...):

act(() => {
  /* fire events that update state */
});
/* assert on the output */

This ensures that you're testing the behavior the user would see in the browser. Learn more at https://reactjs.org/link/wrap-tests-with-act
    at Signup (C:/Users/Admin/graceful_books/src/pages/auth/Signup.tsx:11:67)
    at Router (C:\Users\Admin\graceful_books\node_modules\react-router\dist\umd\react-router.development.js:1207:17)
    at BrowserRouter (C:\Users\Admin\graceful_books\node_modules\react-router-dom\dist\umd\react-router-dom.development.js:695:7)

stderr | src/pages/auth/Signup.test.tsx > Signup Page with Charity Selection > charity selection step > should go back to credentials step when Back is clicked
Warning: An update to Signup inside a test was not wrapped in act(...).

When testing, code that causes React state updates should be wrapped into act(...):

act(() => {
  /* fire events that update state */
});
/* assert on the output */

This ensures that you're testing the behavior the user would see in the browser. Learn more at https://reactjs.org/link/wrap-tests-with-act
    at Signup (C:/Users/Admin/graceful_books/src/pages/auth/Signup.tsx:11:67)
    at Router (C:\Users\Admin\graceful_books\node_modules\react-router\dist\umd\react-router.development.js:1207:17)
    at BrowserRouter (C:\Users\Admin\graceful_books\node_modules\react-router-dom\dist\umd\react-router-dom.development.js:695:7)

stderr | src/pages/auth/Signup.test.tsx > Signup Page with Charity Selection > charity selection step > should go back to credentials step when Back is clicked
Warning: An update to Signup inside a test was not wrapped in act(...).

When testing, code that causes React state updates should be wrapped into act(...):

act(() => {
  /* fire events that update state */
});
/* assert on the output */

This ensures that you're testing the behavior the user would see in the browser. Learn more at https://reactjs.org/link/wrap-tests-with-act
    at Signup (C:/Users/Admin/graceful_books/src/pages/auth/Signup.tsx:11:67)
    at Router (C:\Users\Admin\graceful_books\node_modules\react-router\dist\umd\react-router.development.js:1207:17)
    at BrowserRouter (C:\Users\Admin\graceful_books\node_modules\react-router-dom\dist\umd\react-router-dom.development.js:695:7)

stderr | src/pages/auth/Signup.test.tsx > Signup Page with Charity Selection > charity selection step > should go back to credentials step when Back is clicked
Warning: An update to Signup inside a test was not wrapped in act(...).

When testing, code that causes React state updates should be wrapped into act(...):

act(() => {
  /* fire events that update state */
});
/* assert on the output */

This ensures that you're testing the behavior the user would see in the browser. Learn more at https://reactjs.org/link/wrap-tests-with-act
    at Signup (C:/Users/Admin/graceful_books/src/pages/auth/Signup.tsx:11:67)
    at Router (C:\Users\Admin\graceful_books\node_modules\react-router\dist\umd\react-router.development.js:1207:17)
    at BrowserRouter (C:\Users\Admin\graceful_books\node_modules\react-router-dom\dist\umd\react-router-dom.development.js:695:7)

stderr | src/pages/auth/Signup.test.tsx > Signup Page with Charity Selection > charity selection step > should go back to credentials step when Back is clicked
Warning: An update to Signup inside a test was not wrapped in act(...).

When testing, code that causes React state updates should be wrapped into act(...):

act(() => {
  /* fire events that update state */
});
/* assert on the output */

This ensures that you're testing the behavior the user would see in the browser. Learn more at https://reactjs.org/link/wrap-tests-with-act
    at Signup (C:/Users/Admin/graceful_books/src/pages/auth/Signup.tsx:11:67)
    at Router (C:\Users\Admin\graceful_books\node_modules\react-router\dist\umd\react-router.development.js:1207:17)
    at BrowserRouter (C:\Users\Admin\graceful_books\node_modules\react-router-dom\dist\umd\react-router-dom.development.js:695:7)

stderr | src/pages/auth/Signup.test.tsx > Signup Page with Charity Selection > charity selection step > should go back to credentials step when Back is clicked
Warning: An update to Signup inside a test was not wrapped in act(...).

When testing, code that causes React state updates should be wrapped into act(...):

act(() => {
  /* fire events that update state */
});
/* assert on the output */

This ensures that you're testing the behavior the user would see in the browser. Learn more at https://reactjs.org/link/wrap-tests-with-act
    at Signup (C:/Users/Admin/graceful_books/src/pages/auth/Signup.tsx:11:67)
    at Router (C:\Users\Admin\graceful_books\node_modules\react-router\dist\umd\react-router.development.js:1207:17)
    at BrowserRouter (C:\Users\Admin\graceful_books\node_modules\react-router-dom\dist\umd\react-router-dom.development.js:695:7)

stderr | src/pages/auth/Signup.test.tsx > Signup Page with Charity Selection > charity selection step > should go back to credentials step when Back is clicked
Warning: An update to Signup inside a test was not wrapped in act(...).

When testing, code that causes React state updates should be wrapped into act(...):

act(() => {
  /* fire events that update state */
});
/* assert on the output */

This ensures that you're testing the behavior the user would see in the browser. Learn more at https://reactjs.org/link/wrap-tests-with-act
    at Signup (C:/Users/Admin/graceful_books/src/pages/auth/Signup.tsx:11:67)
    at Router (C:\Users\Admin\graceful_books\node_modules\react-router\dist\umd\react-router.development.js:1207:17)
    at BrowserRouter (C:\Users\Admin\graceful_books\node_modules\react-router-dom\dist\umd\react-router-dom.development.js:695:7)

stderr | src/pages/auth/Signup.test.tsx > Signup Page with Charity Selection > charity selection step > should go back to credentials step when Back is clicked
Warning: An update to Signup inside a test was not wrapped in act(...).

When testing, code that causes React state updates should be wrapped into act(...):

act(() => {
  /* fire events that update state */
});
/* assert on the output */

This ensures that you're testing the behavior the user would see in the browser. Learn more at https://reactjs.org/link/wrap-tests-with-act
    at Signup (C:/Users/Admin/graceful_books/src/pages/auth/Signup.tsx:11:67)
    at Router (C:\Users\Admin\graceful_books\node_modules\react-router\dist\umd\react-router.development.js:1207:17)
    at BrowserRouter (C:\Users\Admin\graceful_books\node_modules\react-router-dom\dist\umd\react-router-dom.development.js:695:7)

stderr | src/pages/auth/Signup.test.tsx > Signup Page with Charity Selection > charity selection step > should go back to credentials step when Back is clicked
Warning: An update to Signup inside a test was not wrapped in act(...).

When testing, code that causes React state updates should be wrapped into act(...):

act(() => {
  /* fire events that update state */
});
/* assert on the output */

This ensures that you're testing the behavior the user would see in the browser. Learn more at https://reactjs.org/link/wrap-tests-with-act
    at Signup (C:/Users/Admin/graceful_books/src/pages/auth/Signup.tsx:11:67)
    at Router (C:\Users\Admin\graceful_books\node_modules\react-router\dist\umd\react-router.development.js:1207:17)
    at BrowserRouter (C:\Users\Admin\graceful_books\node_modules\react-router-dom\dist\umd\react-router-dom.development.js:695:7)

stderr | src/pages/auth/Signup.test.tsx > Signup Page with Charity Selection > charity selection step > should go back to credentials step when Back is clicked
Warning: An update to Signup inside a test was not wrapped in act(...).

When testing, code that causes React state updates should be wrapped into act(...):

act(() => {
  /* fire events that update state */
});
/* assert on the output */

This ensures that you're testing the behavior the user would see in the browser. Learn more at https://reactjs.org/link/wrap-tests-with-act
    at Signup (C:/Users/Admin/graceful_books/src/pages/auth/Signup.tsx:11:67)
    at Router (C:\Users\Admin\graceful_books\node_modules\react-router\dist\umd\react-router.development.js:1207:17)
    at BrowserRouter (C:\Users\Admin\graceful_books\node_modules\react-router-dom\dist\umd\react-router-dom.development.js:695:7)

stderr | src/pages/auth/Signup.test.tsx > Signup Page with Charity Selection > charity selection step > should go back to credentials step when Back is clicked
Warning: An update to Signup inside a test was not wrapped in act(...).

When testing, code that causes React state updates should be wrapped into act(...):

act(() => {
  /* fire events that update state */
});
/* assert on the output */

This ensures that you're testing the behavior the user would see in the browser. Learn more at https://reactjs.org/link/wrap-tests-with-act
    at Signup (C:/Users/Admin/graceful_books/src/pages/auth/Signup.tsx:11:67)
    at Router (C:\Users\Admin\graceful_books\node_modules\react-router\dist\umd\react-router.development.js:1207:17)
    at BrowserRouter (C:\Users\Admin\graceful_books\node_modules\react-router-dom\dist\umd\react-router-dom.development.js:695:7)

stderr | src/pages/auth/Signup.test.tsx > Signup Page with Charity Selection > charity selection step > should go back to credentials step when Back is clicked
Warning: An update to Signup inside a test was not wrapped in act(...).

When testing, code that causes React state updates should be wrapped into act(...):

act(() => {
  /* fire events that update state */
});
/* assert on the output */

This ensures that you're testing the behavior the user would see in the browser. Learn more at https://reactjs.org/link/wrap-tests-with-act
    at Signup (C:/Users/Admin/graceful_books/src/pages/auth/Signup.tsx:11:67)
    at Router (C:\Users\Admin\graceful_books\node_modules\react-router\dist\umd\react-router.development.js:1207:17)
    at BrowserRouter (C:\Users\Admin\graceful_books\node_modules\react-router-dom\dist\umd\react-router-dom.development.js:695:7)

stderr | src/pages/auth/Signup.test.tsx > Signup Page with Charity Selection > charity selection step > should go back to credentials step when Back is clicked
Warning: An update to Signup inside a test was not wrapped in act(...).

When testing, code that causes React state updates should be wrapped into act(...):

act(() => {
  /* fire events that update state */
});
/* assert on the output */

This ensures that you're testing the behavior the user would see in the browser. Learn more at https://reactjs.org/link/wrap-tests-with-act
    at Signup (C:/Users/Admin/graceful_books/src/pages/auth/Signup.tsx:11:67)
    at Router (C:\Users\Admin\graceful_books\node_modules\react-router\dist\umd\react-router.development.js:1207:17)
    at BrowserRouter (C:\Users\Admin\graceful_books\node_modules\react-router-dom\dist\umd\react-router-dom.development.js:695:7)

stderr | src/pages/auth/Signup.test.tsx > Signup Page with Charity Selection > charity selection step > should go back to credentials step when Back is clicked
Warning: An update to Signup inside a test was not wrapped in act(...).

When testing, code that causes React state updates should be wrapped into act(...):

act(() => {
  /* fire events that update state */
});
/* assert on the output */

This ensures that you're testing the behavior the user would see in the browser. Learn more at https://reactjs.org/link/wrap-tests-with-act
    at Signup (C:/Users/Admin/graceful_books/src/pages/auth/Signup.tsx:11:67)
    at Router (C:\Users\Admin\graceful_books\node_modules\react-router\dist\umd\react-router.development.js:1207:17)
    at BrowserRouter (C:\Users\Admin\graceful_books\node_modules\react-router-dom\dist\umd\react-router-dom.development.js:695:7)

stderr | src/pages/auth/Signup.test.tsx > Signup Page with Charity Selection > charity selection step > should go back to credentials step when Back is clicked
Warning: An update to Signup inside a test was not wrapped in act(...).

When testing, code that causes React state updates should be wrapped into act(...):

act(() => {
  /* fire events that update state */
});
/* assert on the output */

This ensures that you're testing the behavior the user would see in the browser. Learn more at https://reactjs.org/link/wrap-tests-with-act
    at Signup (C:/Users/Admin/graceful_books/src/pages/auth/Signup.tsx:11:67)
    at Router (C:\Users\Admin\graceful_books\node_modules\react-router\dist\umd\react-router.development.js:1207:17)
    at BrowserRouter (C:\Users\Admin\graceful_books\node_modules\react-router-dom\dist\umd\react-router-dom.development.js:695:7)

stderr | src/pages/auth/Signup.test.tsx > Signup Page with Charity Selection > charity selection step > should go back to credentials step when Back is clicked
Warning: An update to Signup inside a test was not wrapped in act(...).

When testing, code that causes React state updates should be wrapped into act(...):

act(() => {
  /* fire events that update state */
});
/* assert on the output */

This ensures that you're testing the behavior the user would see in the browser. Learn more at https://reactjs.org/link/wrap-tests-with-act
    at Signup (C:/Users/Admin/graceful_books/src/pages/auth/Signup.tsx:11:67)
    at Router (C:\Users\Admin\graceful_books\node_modules\react-router\dist\umd\react-router.development.js:1207:17)
    at BrowserRouter (C:\Users\Admin\graceful_books\node_modules\react-router-dom\dist\umd\react-router-dom.development.js:695:7)

stderr | src/pages/auth/Signup.test.tsx > Signup Page with Charity Selection > charity selection step > should go back to credentials step when Back is clicked
Warning: An update to Signup inside a test was not wrapped in act(...).

When testing, code that causes React state updates should be wrapped into act(...):

act(() => {
  /* fire events that update state */
});
/* assert on the output */

This ensures that you're testing the behavior the user would see in the browser. Learn more at https://reactjs.org/link/wrap-tests-with-act
    at Signup (C:/Users/Admin/graceful_books/src/pages/auth/Signup.tsx:11:67)
    at Router (C:\Users\Admin\graceful_books\node_modules\react-router\dist\umd\react-router.development.js:1207:17)
    at BrowserRouter (C:\Users\Admin\graceful_books\node_modules\react-router-dom\dist\umd\react-router-dom.development.js:695:7)

stderr | src/pages/auth/Signup.test.tsx > Signup Page with Charity Selection > charity selection step > should go back to credentials step when Back is clicked
Warning: An update to Signup inside a test was not wrapped in act(...).

When testing, code that causes React state updates should be wrapped into act(...):

act(() => {
  /* fire events that update state */
});
/* assert on the output */

This ensures that you're testing the behavior the user would see in the browser. Learn more at https://reactjs.org/link/wrap-tests-with-act
    at Signup (C:/Users/Admin/graceful_books/src/pages/auth/Signup.tsx:11:67)
    at Router (C:\Users\Admin\graceful_books\node_modules\react-router\dist\umd\react-router.development.js:1207:17)
    at BrowserRouter (C:\Users\Admin\graceful_books\node_modules\react-router-dom\dist\umd\react-router-dom.development.js:695:7)

stderr | src/pages/auth/Signup.test.tsx > Signup Page with Charity Selection > charity selection step > should go back to credentials step when Back is clicked
Warning: An update to Signup inside a test was not wrapped in act(...).

When testing, code that causes React state updates should be wrapped into act(...):

act(() => {
  /* fire events that update state */
});
/* assert on the output */

This ensures that you're testing the behavior the user would see in the browser. Learn more at https://reactjs.org/link/wrap-tests-with-act
    at Signup (C:/Users/Admin/graceful_books/src/pages/auth/Signup.tsx:11:67)
    at Router (C:\Users\Admin\graceful_books\node_modules\react-router\dist\umd\react-router.development.js:1207:17)
    at BrowserRouter (C:\Users\Admin\graceful_books\node_modules\react-router-dom\dist\umd\react-router-dom.development.js:695:7)

stderr | src/pages/auth/Signup.test.tsx > Signup Page with Charity Selection > charity selection step > should go back to credentials step when Back is clicked
Warning: An update to Signup inside a test was not wrapped in act(...).

When testing, code that causes React state updates should be wrapped into act(...):

act(() => {
  /* fire events that update state */
});
/* assert on the output */

This ensures that you're testing the behavior the user would see in the browser. Learn more at https://reactjs.org/link/wrap-tests-with-act
    at Signup (C:/Users/Admin/graceful_books/src/pages/auth/Signup.tsx:11:67)
    at Router (C:\Users\Admin\graceful_books\node_modules\react-router\dist\umd\react-router.development.js:1207:17)
    at BrowserRouter (C:\Users\Admin\graceful_books\node_modules\react-router-dom\dist\umd\react-router-dom.development.js:695:7)

stderr | src/pages/auth/Signup.test.tsx > Signup Page with Charity Selection > charity selection step > should go back to credentials step when Back is clicked
Warning: An update to Signup inside a test was not wrapped in act(...).

When testing, code that causes React state updates should be wrapped into act(...):

act(() => {
  /* fire events that update state */
});
/* assert on the output */

This ensures that you're testing the behavior the user would see in the browser. Learn more at https://reactjs.org/link/wrap-tests-with-act
    at Signup (C:/Users/Admin/graceful_books/src/pages/auth/Signup.tsx:11:67)
    at Router (C:\Users\Admin\graceful_books\node_modules\react-router\dist\umd\react-router.development.js:1207:17)
    at BrowserRouter (C:\Users\Admin\graceful_books\node_modules\react-router-dom\dist\umd\react-router-dom.development.js:695:7)

stderr | src/pages/auth/Signup.test.tsx > Signup Page with Charity Selection > charity selection step > should go back to credentials step when Back is clicked
Warning: An update to Signup inside a test was not wrapped in act(...).

When testing, code that causes React state updates should be wrapped into act(...):

act(() => {
  /* fire events that update state */
});
/* assert on the output */

This ensures that you're testing the behavior the user would see in the browser. Learn more at https://reactjs.org/link/wrap-tests-with-act
    at Signup (C:/Users/Admin/graceful_books/src/pages/auth/Signup.tsx:11:67)
    at Router (C:\Users\Admin\graceful_books\node_modules\react-router\dist\umd\react-router.development.js:1207:17)
    at BrowserRouter (C:\Users\Admin\graceful_books\node_modules\react-router-dom\dist\umd\react-router-dom.development.js:695:7)

stderr | src/pages/auth/Signup.test.tsx > Signup Page with Charity Selection > charity selection step > should go back to credentials step when Back is clicked
Warning: An update to Signup inside a test was not wrapped in act(...).

When testing, code that causes React state updates should be wrapped into act(...):

act(() => {
  /* fire events that update state */
});
/* assert on the output */

This ensures that you're testing the behavior the user would see in the browser. Learn more at https://reactjs.org/link/wrap-tests-with-act
    at Signup (C:/Users/Admin/graceful_books/src/pages/auth/Signup.tsx:11:67)
    at Router (C:\Users\Admin\graceful_books\node_modules\react-router\dist\umd\react-router.development.js:1207:17)
    at BrowserRouter (C:\Users\Admin\graceful_books\node_modules\react-router-dom\dist\umd\react-router-dom.development.js:695:7)

stderr | src/pages/auth/Signup.test.tsx > Signup Page with Charity Selection > charity selection step > should go back to credentials step when Back is clicked
Warning: An update to Signup inside a test was not wrapped in act(...).

When testing, code that causes React state updates should be wrapped into act(...):

act(() => {
  /* fire events that update state */
});
/* assert on the output */

This ensures that you're testing the behavior the user would see in the browser. Learn more at https://reactjs.org/link/wrap-tests-with-act
    at Signup (C:/Users/Admin/graceful_books/src/pages/auth/Signup.tsx:11:67)
    at Router (C:\Users\Admin\graceful_books\node_modules\react-router\dist\umd\react-router.development.js:1207:17)
    at BrowserRouter (C:\Users\Admin\graceful_books\node_modules\react-router-dom\dist\umd\react-router-dom.development.js:695:7)

stderr | src/pages/auth/Signup.test.tsx > Signup Page with Charity Selection > charity selection step > should go back to credentials step when Back is clicked
Warning: An update to Signup inside a test was not wrapped in act(...).

When testing, code that causes React state updates should be wrapped into act(...):

act(() => {
  /* fire events that update state */
});
/* assert on the output */

This ensures that you're testing the behavior the user would see in the browser. Learn more at https://reactjs.org/link/wrap-tests-with-act
    at Signup (C:/Users/Admin/graceful_books/src/pages/auth/Signup.tsx:11:67)
    at Router (C:\Users\Admin\graceful_books\node_modules\react-router\dist\umd\react-router.development.js:1207:17)
    at BrowserRouter (C:\Users\Admin\graceful_books\node_modules\react-router-dom\dist\umd\react-router-dom.development.js:695:7)

stderr | src/pages/auth/Signup.test.tsx > Signup Page with Charity Selection > charity selection step > should go back to credentials step when Back is clicked
Warning: An update to Signup inside a test was not wrapped in act(...).

When testing, code that causes React state updates should be wrapped into act(...):

act(() => {
  /* fire events that update state */
});
/* assert on the output */

This ensures that you're testing the behavior the user would see in the browser. Learn more at https://reactjs.org/link/wrap-tests-with-act
    at Signup (C:/Users/Admin/graceful_books/src/pages/auth/Signup.tsx:11:67)
    at Router (C:\Users\Admin\graceful_books\node_modules\react-router\dist\umd\react-router.development.js:1207:17)
    at BrowserRouter (C:\Users\Admin\graceful_books\node_modules\react-router-dom\dist\umd\react-router-dom.development.js:695:7)

stderr | src/pages/auth/Signup.test.tsx > Signup Page with Charity Selection > charity selection step > should go back to credentials step when Back is clicked
Warning: An update to Signup inside a test was not wrapped in act(...).

When testing, code that causes React state updates should be wrapped into act(...):

act(() => {
  /* fire events that update state */
});
/* assert on the output */

This ensures that you're testing the behavior the user would see in the browser. Learn more at https://reactjs.org/link/wrap-tests-with-act
    at Signup (C:/Users/Admin/graceful_books/src/pages/auth/Signup.tsx:11:67)
    at Router (C:\Users\Admin\graceful_books\node_modules\react-router\dist\umd\react-router.development.js:1207:17)
    at BrowserRouter (C:\Users\Admin\graceful_books\node_modules\react-router-dom\dist\umd\react-router-dom.development.js:695:7)

stderr | src/pages/auth/Signup.test.tsx > Signup Page with Charity Selection > charity selection step > should go back to credentials step when Back is clicked
Warning: An update to Signup inside a test was not wrapped in act(...).

When testing, code that causes React state updates should be wrapped into act(...):

act(() => {
  /* fire events that update state */
});
/* assert on the output */

This ensures that you're testing the behavior the user would see in the browser. Learn more at https://reactjs.org/link/wrap-tests-with-act
    at Signup (C:/Users/Admin/graceful_books/src/pages/auth/Signup.tsx:11:67)
    at Router (C:\Users\Admin\graceful_books\node_modules\react-router\dist\umd\react-router.development.js:1207:17)
    at BrowserRouter (C:\Users\Admin\graceful_books\node_modules\react-router-dom\dist\umd\react-router-dom.development.js:695:7)

stderr | src/pages/auth/Signup.test.tsx > Signup Page with Charity Selection > charity selection step > should go back to credentials step when Back is clicked
Warning: An update to Signup inside a test was not wrapped in act(...).

When testing, code that causes React state updates should be wrapped into act(...):

act(() => {
  /* fire events that update state */
});
/* assert on the output */

This ensures that you're testing the behavior the user would see in the browser. Learn more at https://reactjs.org/link/wrap-tests-with-act
    at Signup (C:/Users/Admin/graceful_books/src/pages/auth/Signup.tsx:11:67)
    at Router (C:\Users\Admin\graceful_books\node_modules\react-router\dist\umd\react-router.development.js:1207:17)
    at BrowserRouter (C:\Users\Admin\graceful_books\node_modules\react-router-dom\dist\umd\react-router-dom.development.js:695:7)

stderr | src/pages/auth/Signup.test.tsx > Signup Page with Charity Selection > charity selection step > should go back to credentials step when Back is clicked
Warning: An update to Signup inside a test was not wrapped in act(...).

When testing, code that causes React state updates should be wrapped into act(...):

act(() => {
  /* fire events that update state */
});
/* assert on the output */

This ensures that you're testing the behavior the user would see in the browser. Learn more at https://reactjs.org/link/wrap-tests-with-act
    at Signup (C:/Users/Admin/graceful_books/src/pages/auth/Signup.tsx:11:67)
    at Router (C:\Users\Admin\graceful_books\node_modules\react-router\dist\umd\react-router.development.js:1207:17)
    at BrowserRouter (C:\Users\Admin\graceful_books\node_modules\react-router-dom\dist\umd\react-router-dom.development.js:695:7)

stderr | src/pages/auth/Signup.test.tsx > Signup Page with Charity Selection > charity selection step > should go back to credentials step when Back is clicked
Warning: An update to Signup inside a test was not wrapped in act(...).

When testing, code that causes React state updates should be wrapped into act(...):

act(() => {
  /* fire events that update state */
});
/* assert on the output */

This ensures that you're testing the behavior the user would see in the browser. Learn more at https://reactjs.org/link/wrap-tests-with-act
    at Signup (C:/Users/Admin/graceful_books/src/pages/auth/Signup.tsx:11:67)
    at Router (C:\Users\Admin\graceful_books\node_modules\react-router\dist\umd\react-router.development.js:1207:17)
    at BrowserRouter (C:\Users\Admin\graceful_books\node_modules\react-router-dom\dist\umd\react-router-dom.development.js:695:7)

stdout | src/pages/auth/Signup.test.tsx > Signup Page with Charity Selection > charity selection step > should preserve credentials when going back and forward
🌐 API Request: GET https://api.audacious.money/products

stderr | src/pages/auth/Signup.test.tsx > Signup Page with Charity Selection > charity selection step > should preserve credentials when going back and forward
Warning: An update to Signup inside a test was not wrapped in act(...).

When testing, code that causes React state updates should be wrapped into act(...):

act(() => {
  /* fire events that update state */
});
/* assert on the output */

This ensures that you're testing the behavior the user would see in the browser. Learn more at https://reactjs.org/link/wrap-tests-with-act
    at Signup (C:/Users/Admin/graceful_books/src/pages/auth/Signup.tsx:11:67)
    at Router (C:\Users\Admin\graceful_books\node_modules\react-router\dist\umd\react-router.development.js:1207:17)
    at BrowserRouter (C:\Users\Admin\graceful_books\node_modules\react-router-dom\dist\umd\react-router-dom.development.js:695:7)

stderr | src/pages/auth/Signup.test.tsx > Signup Page with Charity Selection > charity selection step > should preserve credentials when going back and forward
Warning: An update to Signup inside a test was not wrapped in act(...).

When testing, code that causes React state updates should be wrapped into act(...):

act(() => {
  /* fire events that update state */
});
/* assert on the output */

This ensures that you're testing the behavior the user would see in the browser. Learn more at https://reactjs.org/link/wrap-tests-with-act
    at Signup (C:/Users/Admin/graceful_books/src/pages/auth/Signup.tsx:11:67)
    at Router (C:\Users\Admin\graceful_books\node_modules\react-router\dist\umd\react-router.development.js:1207:17)
    at BrowserRouter (C:\Users\Admin\graceful_books\node_modules\react-router-dom\dist\umd\react-router-dom.development.js:695:7)

stderr | src/pages/auth/Signup.test.tsx > Signup Page with Charity Selection > charity selection step > should preserve credentials when going back and forward
Warning: An update to Signup inside a test was not wrapped in act(...).

When testing, code that causes React state updates should be wrapped into act(...):

act(() => {
  /* fire events that update state */
});
/* assert on the output */

This ensures that you're testing the behavior the user would see in the browser. Learn more at https://reactjs.org/link/wrap-tests-with-act
    at Signup (C:/Users/Admin/graceful_books/src/pages/auth/Signup.tsx:11:67)
    at Router (C:\Users\Admin\graceful_books\node_modules\react-router\dist\umd\react-router.development.js:1207:17)
    at BrowserRouter (C:\Users\Admin\graceful_books\node_modules\react-router-dom\dist\umd\react-router-dom.development.js:695:7)

stderr | src/pages/auth/Signup.test.tsx > Signup Page with Charity Selection > charity selection step > should preserve credentials when going back and forward
Warning: An update to Signup inside a test was not wrapped in act(...).

When testing, code that causes React state updates should be wrapped into act(...):

act(() => {
  /* fire events that update state */
});
/* assert on the output */

This ensures that you're testing the behavior the user would see in the browser. Learn more at https://reactjs.org/link/wrap-tests-with-act
    at Signup (C:/Users/Admin/graceful_books/src/pages/auth/Signup.tsx:11:67)
    at Router (C:\Users\Admin\graceful_books\node_modules\react-router\dist\umd\react-router.development.js:1207:17)
    at BrowserRouter (C:\Users\Admin\graceful_books\node_modules\react-router-dom\dist\umd\react-router-dom.development.js:695:7)

stderr | src/pages/auth/Signup.test.tsx > Signup Page with Charity Selection > charity selection step > should preserve credentials when going back and forward
Warning: An update to Signup inside a test was not wrapped in act(...).

When testing, code that causes React state updates should be wrapped into act(...):

act(() => {
  /* fire events that update state */
});
/* assert on the output */

This ensures that you're testing the behavior the user would see in the browser. Learn more at https://reactjs.org/link/wrap-tests-with-act
    at Signup (C:/Users/Admin/graceful_books/src/pages/auth/Signup.tsx:11:67)
    at Router (C:\Users\Admin\graceful_books\node_modules\react-router\dist\umd\react-router.development.js:1207:17)
    at BrowserRouter (C:\Users\Admin\graceful_books\node_modules\react-router-dom\dist\umd\react-router-dom.development.js:695:7)

stderr | src/pages/auth/Signup.test.tsx > Signup Page with Charity Selection > charity selection step > should preserve credentials when going back and forward
Warning: An update to Signup inside a test was not wrapped in act(...).

When testing, code that causes React state updates should be wrapped into act(...):

act(() => {
  /* fire events that update state */
});
/* assert on the output */

This ensures that you're testing the behavior the user would see in the browser. Learn more at https://reactjs.org/link/wrap-tests-with-act
    at Signup (C:/Users/Admin/graceful_books/src/pages/auth/Signup.tsx:11:67)
    at Router (C:\Users\Admin\graceful_books\node_modules\react-router\dist\umd\react-router.development.js:1207:17)
    at BrowserRouter (C:\Users\Admin\graceful_books\node_modules\react-router-dom\dist\umd\react-router-dom.development.js:695:7)

stderr | src/pages/auth/Signup.test.tsx > Signup Page with Charity Selection > charity selection step > should preserve credentials when going back and forward
Warning: An update to Signup inside a test was not wrapped in act(...).

When testing, code that causes React state updates should be wrapped into act(...):

act(() => {
  /* fire events that update state */
});
/* assert on the output */

This ensures that you're testing the behavior the user would see in the browser. Learn more at https://reactjs.org/link/wrap-tests-with-act
    at Signup (C:/Users/Admin/graceful_books/src/pages/auth/Signup.tsx:11:67)
    at Router (C:\Users\Admin\graceful_books\node_modules\react-router\dist\umd\react-router.development.js:1207:17)
    at BrowserRouter (C:\Users\Admin\graceful_books\node_modules\react-router-dom\dist\umd\react-router-dom.development.js:695:7)

stderr | src/pages/auth/Signup.test.tsx > Signup Page with Charity Selection > charity selection step > should preserve credentials when going back and forward
Warning: An update to Signup inside a test was not wrapped in act(...).

When testing, code that causes React state updates should be wrapped into act(...):

act(() => {
  /* fire events that update state */
});
/* assert on the output */

This ensures that you're testing the behavior the user would see in the browser. Learn more at https://reactjs.org/link/wrap-tests-with-act
    at Signup (C:/Users/Admin/graceful_books/src/pages/auth/Signup.tsx:11:67)
    at Router (C:\Users\Admin\graceful_books\node_modules\react-router\dist\umd\react-router.development.js:1207:17)
    at BrowserRouter (C:\Users\Admin\graceful_books\node_modules\react-router-dom\dist\umd\react-router-dom.development.js:695:7)

stderr | src/pages/auth/Signup.test.tsx > Signup Page with Charity Selection > charity selection step > should preserve credentials when going back and forward
Warning: An update to Signup inside a test was not wrapped in act(...).

When testing, code that causes React state updates should be wrapped into act(...):

act(() => {
  /* fire events that update state */
});
/* assert on the output */

This ensures that you're testing the behavior the user would see in the browser. Learn more at https://reactjs.org/link/wrap-tests-with-act
    at Signup (C:/Users/Admin/graceful_books/src/pages/auth/Signup.tsx:11:67)
    at Router (C:\Users\Admin\graceful_books\node_modules\react-router\dist\umd\react-router.development.js:1207:17)
    at BrowserRouter (C:\Users\Admin\graceful_books\node_modules\react-router-dom\dist\umd\react-router-dom.development.js:695:7)

stderr | src/pages/auth/Signup.test.tsx > Signup Page with Charity Selection > charity selection step > should preserve credentials when going back and forward
Warning: An update to Signup inside a test was not wrapped in act(...).

When testing, code that causes React state updates should be wrapped into act(...):

act(() => {
  /* fire events that update state */
});
/* assert on the output */

This ensures that you're testing the behavior the user would see in the browser. Learn more at https://reactjs.org/link/wrap-tests-with-act
    at Signup (C:/Users/Admin/graceful_books/src/pages/auth/Signup.tsx:11:67)
    at Router (C:\Users\Admin\graceful_books\node_modules\react-router\dist\umd\react-router.development.js:1207:17)
    at BrowserRouter (C:\Users\Admin\graceful_books\node_modules\react-router-dom\dist\umd\react-router-dom.development.js:695:7)

stderr | src/pages/auth/Signup.test.tsx > Signup Page with Charity Selection > charity selection step > should preserve credentials when going back and forward
Warning: An update to Signup inside a test was not wrapped in act(...).

When testing, code that causes React state updates should be wrapped into act(...):

act(() => {
  /* fire events that update state */
});
/* assert on the output */

This ensures that you're testing the behavior the user would see in the browser. Learn more at https://reactjs.org/link/wrap-tests-with-act
    at Signup (C:/Users/Admin/graceful_books/src/pages/auth/Signup.tsx:11:67)
    at Router (C:\Users\Admin\graceful_books\node_modules\react-router\dist\umd\react-router.development.js:1207:17)
    at BrowserRouter (C:\Users\Admin\graceful_books\node_modules\react-router-dom\dist\umd\react-router-dom.development.js:695:7)

stderr | src/pages/auth/Signup.test.tsx > Signup Page with Charity Selection > charity selection step > should preserve credentials when going back and forward
Warning: An update to Signup inside a test was not wrapped in act(...).

When testing, code that causes React state updates should be wrapped into act(...):

act(() => {
  /* fire events that update state */
});
/* assert on the output */

This ensures that you're testing the behavior the user would see in the browser. Learn more at https://reactjs.org/link/wrap-tests-with-act
    at Signup (C:/Users/Admin/graceful_books/src/pages/auth/Signup.tsx:11:67)
    at Router (C:\Users\Admin\graceful_books\node_modules\react-router\dist\umd\react-router.development.js:1207:17)
    at BrowserRouter (C:\Users\Admin\graceful_books\node_modules\react-router-dom\dist\umd\react-router-dom.development.js:695:7)

stderr | src/pages/auth/Signup.test.tsx > Signup Page with Charity Selection > charity selection step > should preserve credentials when going back and forward
Warning: An update to Signup inside a test was not wrapped in act(...).

When testing, code that causes React state updates should be wrapped into act(...):

act(() => {
  /* fire events that update state */
});
/* assert on the output */

This ensures that you're testing the behavior the user would see in the browser. Learn more at https://reactjs.org/link/wrap-tests-with-act
    at Signup (C:/Users/Admin/graceful_books/src/pages/auth/Signup.tsx:11:67)
    at Router (C:\Users\Admin\graceful_books\node_modules\react-router\dist\umd\react-router.development.js:1207:17)
    at BrowserRouter (C:\Users\Admin\graceful_books\node_modules\react-router-dom\dist\umd\react-router-dom.development.js:695:7)

stderr | src/pages/auth/Signup.test.tsx > Signup Page with Charity Selection > charity selection step > should preserve credentials when going back and forward
Warning: An update to Signup inside a test was not wrapped in act(...).

When testing, code that causes React state updates should be wrapped into act(...):

act(() => {
  /* fire events that update state */
});
/* assert on the output */

This ensures that you're testing the behavior the user would see in the browser. Learn more at https://reactjs.org/link/wrap-tests-with-act
    at Signup (C:/Users/Admin/graceful_books/src/pages/auth/Signup.tsx:11:67)
    at Router (C:\Users\Admin\graceful_books\node_modules\react-router\dist\umd\react-router.development.js:1207:17)
    at BrowserRouter (C:\Users\Admin\graceful_books\node_modules\react-router-dom\dist\umd\react-router-dom.development.js:695:7)

stderr | src/pages/auth/Signup.test.tsx > Signup Page with Charity Selection > charity selection step > should preserve credentials when going back and forward
Warning: An update to Signup inside a test was not wrapped in act(...).

When testing, code that causes React state updates should be wrapped into act(...):

act(() => {
  /* fire events that update state */
});
/* assert on the output */

This ensures that you're testing the behavior the user would see in the browser. Learn more at https://reactjs.org/link/wrap-tests-with-act
    at Signup (C:/Users/Admin/graceful_books/src/pages/auth/Signup.tsx:11:67)
    at Router (C:\Users\Admin\graceful_books\node_modules\react-router\dist\umd\react-router.development.js:1207:17)
    at BrowserRouter (C:\Users\Admin\graceful_books\node_modules\react-router-dom\dist\umd\react-router-dom.development.js:695:7)

stderr | src/pages/auth/Signup.test.tsx > Signup Page with Charity Selection > charity selection step > should preserve credentials when going back and forward
Warning: An update to Signup inside a test was not wrapped in act(...).

When testing, code that causes React state updates should be wrapped into act(...):

act(() => {
  /* fire events that update state */
});
/* assert on the output */

This ensures that you're testing the behavior the user would see in the browser. Learn more at https://reactjs.org/link/wrap-tests-with-act
    at Signup (C:/Users/Admin/graceful_books/src/pages/auth/Signup.tsx:11:67)
    at Router (C:\Users\Admin\graceful_books\node_modules\react-router\dist\umd\react-router.development.js:1207:17)
    at BrowserRouter (C:\Users\Admin\graceful_books\node_modules\react-router-dom\dist\umd\react-router-dom.development.js:695:7)

stderr | src/pages/auth/Signup.test.tsx > Signup Page with Charity Selection > charity selection step > should preserve credentials when going back and forward
Warning: An update to Signup inside a test was not wrapped in act(...).

When testing, code that causes React state updates should be wrapped into act(...):

act(() => {
  /* fire events that update state */
});
/* assert on the output */

This ensures that you're testing the behavior the user would see in the browser. Learn more at https://reactjs.org/link/wrap-tests-with-act
    at Signup (C:/Users/Admin/graceful_books/src/pages/auth/Signup.tsx:11:67)
    at Router (C:\Users\Admin\graceful_books\node_modules\react-router\dist\umd\react-router.development.js:1207:17)
    at BrowserRouter (C:\Users\Admin\graceful_books\node_modules\react-router-dom\dist\umd\react-router-dom.development.js:695:7)

stderr | src/pages/auth/Signup.test.tsx > Signup Page with Charity Selection > charity selection step > should preserve credentials when going back and forward
Warning: An update to Signup inside a test was not wrapped in act(...).

When testing, code that causes React state updates should be wrapped into act(...):

act(() => {
  /* fire events that update state */
});
/* assert on the output */

This ensures that you're testing the behavior the user would see in the browser. Learn more at https://reactjs.org/link/wrap-tests-with-act
    at Signup (C:/Users/Admin/graceful_books/src/pages/auth/Signup.tsx:11:67)
    at Router (C:\Users\Admin\graceful_books\node_modules\react-router\dist\umd\react-router.development.js:1207:17)
    at BrowserRouter (C:\Users\Admin\graceful_books\node_modules\react-router-dom\dist\umd\react-router-dom.development.js:695:7)

stderr | src/pages/auth/Signup.test.tsx > Signup Page with Charity Selection > charity selection step > should preserve credentials when going back and forward
Warning: An update to Signup inside a test was not wrapped in act(...).

When testing, code that causes React state updates should be wrapped into act(...):

act(() => {
  /* fire events that update state */
});
/* assert on the output */

This ensures that you're testing the behavior the user would see in the browser. Learn more at https://reactjs.org/link/wrap-tests-with-act
    at Signup (C:/Users/Admin/graceful_books/src/pages/auth/Signup.tsx:11:67)
    at Router (C:\Users\Admin\graceful_books\node_modules\react-router\dist\umd\react-router.development.js:1207:17)
    at BrowserRouter (C:\Users\Admin\graceful_books\node_modules\react-router-dom\dist\umd\react-router-dom.development.js:695:7)

stderr | src/pages/auth/Signup.test.tsx > Signup Page with Charity Selection > charity selection step > should preserve credentials when going back and forward
Warning: An update to Signup inside a test was not wrapped in act(...).

When testing, code that causes React state updates should be wrapped into act(...):

act(() => {
  /* fire events that update state */
});
/* assert on the output */

This ensures that you're testing the behavior the user would see in the browser. Learn more at https://reactjs.org/link/wrap-tests-with-act
    at Signup (C:/Users/Admin/graceful_books/src/pages/auth/Signup.tsx:11:67)
    at Router (C:\Users\Admin\graceful_books\node_modules\react-router\dist\umd\react-router.development.js:1207:17)
    at BrowserRouter (C:\Users\Admin\graceful_books\node_modules\react-router-dom\dist\umd\react-router-dom.development.js:695:7)

stderr | src/pages/auth/Signup.test.tsx > Signup Page with Charity Selection > charity selection step > should preserve credentials when going back and forward
Warning: An update to Signup inside a test was not wrapped in act(...).

When testing, code that causes React state updates should be wrapped into act(...):

act(() => {
  /* fire events that update state */
});
/* assert on the output */

This ensures that you're testing the behavior the user would see in the browser. Learn more at https://reactjs.org/link/wrap-tests-with-act
    at Signup (C:/Users/Admin/graceful_books/src/pages/auth/Signup.tsx:11:67)
    at Router (C:\Users\Admin\graceful_books\node_modules\react-router\dist\umd\react-router.development.js:1207:17)
    at BrowserRouter (C:\Users\Admin\graceful_books\node_modules\react-router-dom\dist\umd\react-router-dom.development.js:695:7)

stderr | src/pages/auth/Signup.test.tsx > Signup Page with Charity Selection > charity selection step > should preserve credentials when going back and forward
Warning: An update to Signup inside a test was not wrapped in act(...).

When testing, code that causes React state updates should be wrapped into act(...):

act(() => {
  /* fire events that update state */
});
/* assert on the output */

This ensures that you're testing the behavior the user would see in the browser. Learn more at https://reactjs.org/link/wrap-tests-with-act
    at Signup (C:/Users/Admin/graceful_books/src/pages/auth/Signup.tsx:11:67)
    at Router (C:\Users\Admin\graceful_books\node_modules\react-router\dist\umd\react-router.development.js:1207:17)
    at BrowserRouter (C:\Users\Admin\graceful_books\node_modules\react-router-dom\dist\umd\react-router-dom.development.js:695:7)

stdout | src/pages/auth/Signup.test.tsx > Signup Page with Charity Selection > charity selection step > should preserve credentials when going back and forward
🌐 Response status: 200 OK

stderr | src/pages/auth/Signup.test.tsx > Signup Page with Charity Selection > charity selection step > should preserve credentials when going back and forward
Warning: An update to Signup inside a test was not wrapped in act(...).

When testing, code that causes React state updates should be wrapped into act(...):

act(() => {
  /* fire events that update state */
});
/* assert on the output */

This ensures that you're testing the behavior the user would see in the browser. Learn more at https://reactjs.org/link/wrap-tests-with-act
    at Signup (C:/Users/Admin/graceful_books/src/pages/auth/Signup.tsx:11:67)
    at Router (C:\Users\Admin\graceful_books\node_modules\react-router\dist\umd\react-router.development.js:1207:17)
    at BrowserRouter (C:\Users\Admin\graceful_books\node_modules\react-router-dom\dist\umd\react-router-dom.development.js:695:7)

stderr | src/pages/auth/Signup.test.tsx > Signup Page with Charity Selection > charity selection step > should preserve credentials when going back and forward
Warning: An update to Signup inside a test was not wrapped in act(...).

When testing, code that causes React state updates should be wrapped into act(...):

act(() => {
  /* fire events that update state */
});
/* assert on the output */

This ensures that you're testing the behavior the user would see in the browser. Learn more at https://reactjs.org/link/wrap-tests-with-act
    at Signup (C:/Users/Admin/graceful_books/src/pages/auth/Signup.tsx:11:67)
    at Router (C:\Users\Admin\graceful_books\node_modules\react-router\dist\umd\react-router.development.js:1207:17)
    at BrowserRouter (C:\Users\Admin\graceful_books\node_modules\react-router-dom\dist\umd\react-router-dom.development.js:695:7)

stderr | src/pages/auth/Signup.test.tsx > Signup Page with Charity Selection > charity selection step > should preserve credentials when going back and forward
Warning: An update to Signup inside a test was not wrapped in act(...).

When testing, code that causes React state updates should be wrapped into act(...):

act(() => {
  /* fire events that update state */
});
/* assert on the output */

This ensures that you're testing the behavior the user would see in the browser. Learn more at https://reactjs.org/link/wrap-tests-with-act
    at Signup (C:/Users/Admin/graceful_books/src/pages/auth/Signup.tsx:11:67)
    at Router (C:\Users\Admin\graceful_books\node_modules\react-router\dist\umd\react-router.development.js:1207:17)
    at BrowserRouter (C:\Users\Admin\graceful_books\node_modules\react-router-dom\dist\umd\react-router-dom.development.js:695:7)

stderr | src/pages/auth/Signup.test.tsx > Signup Page with Charity Selection > charity selection step > should preserve credentials when going back and forward
Warning: An update to Signup inside a test was not wrapped in act(...).

When testing, code that causes React state updates should be wrapped into act(...):

act(() => {
  /* fire events that update state */
});
/* assert on the output */

This ensures that you're testing the behavior the user would see in the browser. Learn more at https://reactjs.org/link/wrap-tests-with-act
    at Signup (C:/Users/Admin/graceful_books/src/pages/auth/Signup.tsx:11:67)
    at Router (C:\Users\Admin\graceful_books\node_modules\react-router\dist\umd\react-router.development.js:1207:17)
    at BrowserRouter (C:\Users\Admin\graceful_books\node_modules\react-router-dom\dist\umd\react-router-dom.development.js:695:7)

stderr | src/pages/auth/Signup.test.tsx > Signup Page with Charity Selection > charity selection step > should preserve credentials when going back and forward
Warning: An update to Signup inside a test was not wrapped in act(...).

When testing, code that causes React state updates should be wrapped into act(...):

act(() => {
  /* fire events that update state */
});
/* assert on the output */

This ensures that you're testing the behavior the user would see in the browser. Learn more at https://reactjs.org/link/wrap-tests-with-act
    at Signup (C:/Users/Admin/graceful_books/src/pages/auth/Signup.tsx:11:67)
    at Router (C:\Users\Admin\graceful_books\node_modules\react-router\dist\umd\react-router.development.js:1207:17)
    at BrowserRouter (C:\Users\Admin\graceful_books\node_modules\react-router-dom\dist\umd\react-router-dom.development.js:695:7)

stderr | src/pages/auth/Signup.test.tsx > Signup Page with Charity Selection > charity selection step > should preserve credentials when going back and forward
Warning: An update to Signup inside a test was not wrapped in act(...).

When testing, code that causes React state updates should be wrapped into act(...):

act(() => {
  /* fire events that update state */
});
/* assert on the output */

This ensures that you're testing the behavior the user would see in the browser. Learn more at https://reactjs.org/link/wrap-tests-with-act
    at Signup (C:/Users/Admin/graceful_books/src/pages/auth/Signup.tsx:11:67)
    at Router (C:\Users\Admin\graceful_books\node_modules\react-router\dist\umd\react-router.development.js:1207:17)
    at BrowserRouter (C:\Users\Admin\graceful_books\node_modules\react-router-dom\dist\umd\react-router-dom.development.js:695:7)

stderr | src/pages/auth/Signup.test.tsx > Signup Page with Charity Selection > charity selection step > should preserve credentials when going back and forward
Warning: An update to Signup inside a test was not wrapped in act(...).

When testing, code that causes React state updates should be wrapped into act(...):

act(() => {
  /* fire events that update state */
});
/* assert on the output */

This ensures that you're testing the behavior the user would see in the browser. Learn more at https://reactjs.org/link/wrap-tests-with-act
    at Signup (C:/Users/Admin/graceful_books/src/pages/auth/Signup.tsx:11:67)
    at Router (C:\Users\Admin\graceful_books\node_modules\react-router\dist\umd\react-router.development.js:1207:17)
    at BrowserRouter (C:\Users\Admin\graceful_books\node_modules\react-router-dom\dist\umd\react-router-dom.development.js:695:7)

stderr | src/pages/auth/Signup.test.tsx > Signup Page with Charity Selection > charity selection step > should preserve credentials when going back and forward
Warning: An update to Signup inside a test was not wrapped in act(...).

When testing, code that causes React state updates should be wrapped into act(...):

act(() => {
  /* fire events that update state */
});
/* assert on the output */

This ensures that you're testing the behavior the user would see in the browser. Learn more at https://reactjs.org/link/wrap-tests-with-act
    at Signup (C:/Users/Admin/graceful_books/src/pages/auth/Signup.tsx:11:67)
    at Router (C:\Users\Admin\graceful_books\node_modules\react-router\dist\umd\react-router.development.js:1207:17)
    at BrowserRouter (C:\Users\Admin\graceful_books\node_modules\react-router-dom\dist\umd\react-router-dom.development.js:695:7)

stderr | src/pages/auth/Signup.test.tsx > Signup Page with Charity Selection > charity selection step > should preserve credentials when going back and forward
Warning: An update to Signup inside a test was not wrapped in act(...).

When testing, code that causes React state updates should be wrapped into act(...):

act(() => {
  /* fire events that update state */
});
/* assert on the output */

This ensures that you're testing the behavior the user would see in the browser. Learn more at https://reactjs.org/link/wrap-tests-with-act
    at Signup (C:/Users/Admin/graceful_books/src/pages/auth/Signup.tsx:11:67)
    at Router (C:\Users\Admin\graceful_books\node_modules\react-router\dist\umd\react-router.development.js:1207:17)
    at BrowserRouter (C:\Users\Admin\graceful_books\node_modules\react-router-dom\dist\umd\react-router-dom.development.js:695:7)

stderr | src/pages/auth/Signup.test.tsx > Signup Page with Charity Selection > charity selection step > should preserve credentials when going back and forward
Warning: An update to Signup inside a test was not wrapped in act(...).

When testing, code that causes React state updates should be wrapped into act(...):

act(() => {
  /* fire events that update state */
});
/* assert on the output */

This ensures that you're testing the behavior the user would see in the browser. Learn more at https://reactjs.org/link/wrap-tests-with-act
    at Signup (C:/Users/Admin/graceful_books/src/pages/auth/Signup.tsx:11:67)
    at Router (C:\Users\Admin\graceful_books\node_modules\react-router\dist\umd\react-router.development.js:1207:17)
    at BrowserRouter (C:\Users\Admin\graceful_books\node_modules\react-router-dom\dist\umd\react-router-dom.development.js:695:7)

stderr | src/pages/auth/Signup.test.tsx > Signup Page with Charity Selection > charity selection step > should preserve credentials when going back and forward
Warning: An update to Signup inside a test was not wrapped in act(...).

When testing, code that causes React state updates should be wrapped into act(...):

act(() => {
  /* fire events that update state */
});
/* assert on the output */

This ensures that you're testing the behavior the user would see in the browser. Learn more at https://reactjs.org/link/wrap-tests-with-act
    at Signup (C:/Users/Admin/graceful_books/src/pages/auth/Signup.tsx:11:67)
    at Router (C:\Users\Admin\graceful_books\node_modules\react-router\dist\umd\react-router.development.js:1207:17)
    at BrowserRouter (C:\Users\Admin\graceful_books\node_modules\react-router-dom\dist\umd\react-router-dom.development.js:695:7)

stderr | src/pages/auth/Signup.test.tsx > Signup Page with Charity Selection > charity selection step > should preserve credentials when going back and forward
Warning: An update to Signup inside a test was not wrapped in act(...).

When testing, code that causes React state updates should be wrapped into act(...):

act(() => {
  /* fire events that update state */
});
/* assert on the output */

This ensures that you're testing the behavior the user would see in the browser. Learn more at https://reactjs.org/link/wrap-tests-with-act
    at Signup (C:/Users/Admin/graceful_books/src/pages/auth/Signup.tsx:11:67)
    at Router (C:\Users\Admin\graceful_books\node_modules\react-router\dist\umd\react-router.development.js:1207:17)
    at BrowserRouter (C:\Users\Admin\graceful_books\node_modules\react-router-dom\dist\umd\react-router-dom.development.js:695:7)

stderr | src/pages/auth/Signup.test.tsx > Signup Page with Charity Selection > charity selection step > should preserve credentials when going back and forward
Warning: An update to Signup inside a test was not wrapped in act(...).

When testing, code that causes React state updates should be wrapped into act(...):

act(() => {
  /* fire events that update state */
});
/* assert on the output */

This ensures that you're testing the behavior the user would see in the browser. Learn more at https://reactjs.org/link/wrap-tests-with-act
    at Signup (C:/Users/Admin/graceful_books/src/pages/auth/Signup.tsx:11:67)
    at Router (C:\Users\Admin\graceful_books\node_modules\react-router\dist\umd\react-router.development.js:1207:17)
    at BrowserRouter (C:\Users\Admin\graceful_books\node_modules\react-router-dom\dist\umd\react-router-dom.development.js:695:7)

stderr | src/pages/auth/Signup.test.tsx > Signup Page with Charity Selection > charity selection step > should preserve credentials when going back and forward
Warning: An update to Signup inside a test was not wrapped in act(...).

When testing, code that causes React state updates should be wrapped into act(...):

act(() => {
  /* fire events that update state */
});
/* assert on the output */

This ensures that you're testing the behavior the user would see in the browser. Learn more at https://reactjs.org/link/wrap-tests-with-act
    at Signup (C:/Users/Admin/graceful_books/src/pages/auth/Signup.tsx:11:67)
    at Router (C:\Users\Admin\graceful_books\node_modules\react-router\dist\umd\react-router.development.js:1207:17)
    at BrowserRouter (C:\Users\Admin\graceful_books\node_modules\react-router-dom\dist\umd\react-router-dom.development.js:695:7)

stderr | src/pages/auth/Signup.test.tsx > Signup Page with Charity Selection > charity selection step > should preserve credentials when going back and forward
Warning: An update to Signup inside a test was not wrapped in act(...).

When testing, code that causes React state updates should be wrapped into act(...):

act(() => {
  /* fire events that update state */
});
/* assert on the output */

This ensures that you're testing the behavior the user would see in the browser. Learn more at https://reactjs.org/link/wrap-tests-with-act
    at Signup (C:/Users/Admin/graceful_books/src/pages/auth/Signup.tsx:11:67)
    at Router (C:\Users\Admin\graceful_books\node_modules\react-router\dist\umd\react-router.development.js:1207:17)
    at BrowserRouter (C:\Users\Admin\graceful_books\node_modules\react-router-dom\dist\umd\react-router-dom.development.js:695:7)

stderr | src/pages/auth/Signup.test.tsx > Signup Page with Charity Selection > charity selection step > should preserve credentials when going back and forward
Warning: An update to Signup inside a test was not wrapped in act(...).

When testing, code that causes React state updates should be wrapped into act(...):

act(() => {
  /* fire events that update state */
});
/* assert on the output */

This ensures that you're testing the behavior the user would see in the browser. Learn more at https://reactjs.org/link/wrap-tests-with-act
    at Signup (C:/Users/Admin/graceful_books/src/pages/auth/Signup.tsx:11:67)
    at Router (C:\Users\Admin\graceful_books\node_modules\react-router\dist\umd\react-router.development.js:1207:17)
    at BrowserRouter (C:\Users\Admin\graceful_books\node_modules\react-router-dom\dist\umd\react-router-dom.development.js:695:7)

stderr | src/pages/auth/Signup.test.tsx > Signup Page with Charity Selection > charity selection step > should preserve credentials when going back and forward
Warning: An update to Signup inside a test was not wrapped in act(...).

When testing, code that causes React state updates should be wrapped into act(...):

act(() => {
  /* fire events that update state */
});
/* assert on the output */

This ensures that you're testing the behavior the user would see in the browser. Learn more at https://reactjs.org/link/wrap-tests-with-act
    at Signup (C:/Users/Admin/graceful_books/src/pages/auth/Signup.tsx:11:67)
    at Router (C:\Users\Admin\graceful_books\node_modules\react-router\dist\umd\react-router.development.js:1207:17)
    at BrowserRouter (C:\Users\Admin\graceful_books\node_modules\react-router-dom\dist\umd\react-router-dom.development.js:695:7)

stdout | src/pages/auth/Signup.test.tsx > Signup Page with Charity Selection > account creation > should save user data to localStorage on signup
🌐 API Request: GET https://api.audacious.money/products

stderr | src/pages/auth/Signup.test.tsx > Signup Page with Charity Selection > account creation > should save user data to localStorage on signup
Warning: An update to Signup inside a test was not wrapped in act(...).

When testing, code that causes React state updates should be wrapped into act(...):

act(() => {
  /* fire events that update state */
});
/* assert on the output */

This ensures that you're testing the behavior the user would see in the browser. Learn more at https://reactjs.org/link/wrap-tests-with-act
    at Signup (C:/Users/Admin/graceful_books/src/pages/auth/Signup.tsx:11:67)
    at Router (C:\Users\Admin\graceful_books\node_modules\react-router\dist\umd\react-router.development.js:1207:17)
    at BrowserRouter (C:\Users\Admin\graceful_books\node_modules\react-router-dom\dist\umd\react-router-dom.development.js:695:7)

stderr | src/pages/auth/Signup.test.tsx > Signup Page with Charity Selection > account creation > should save user data to localStorage on signup
Warning: An update to Signup inside a test was not wrapped in act(...).

When testing, code that causes React state updates should be wrapped into act(...):

act(() => {
  /* fire events that update state */
});
/* assert on the output */

This ensures that you're testing the behavior the user would see in the browser. Learn more at https://reactjs.org/link/wrap-tests-with-act
    at Signup (C:/Users/Admin/graceful_books/src/pages/auth/Signup.tsx:11:67)
    at Router (C:\Users\Admin\graceful_books\node_modules\react-router\dist\umd\react-router.development.js:1207:17)
    at BrowserRouter (C:\Users\Admin\graceful_books\node_modules\react-router-dom\dist\umd\react-router-dom.development.js:695:7)

stderr | src/pages/auth/Signup.test.tsx > Signup Page with Charity Selection > account creation > should save user data to localStorage on signup
Warning: An update to Signup inside a test was not wrapped in act(...).

When testing, code that causes React state updates should be wrapped into act(...):

act(() => {
  /* fire events that update state */
});
/* assert on the output */

This ensures that you're testing the behavior the user would see in the browser. Learn more at https://reactjs.org/link/wrap-tests-with-act
    at Signup (C:/Users/Admin/graceful_books/src/pages/auth/Signup.tsx:11:67)
    at Router (C:\Users\Admin\graceful_books\node_modules\react-router\dist\umd\react-router.development.js:1207:17)
    at BrowserRouter (C:\Users\Admin\graceful_books\node_modules\react-router-dom\dist\umd\react-router-dom.development.js:695:7)

stderr | src/pages/auth/Signup.test.tsx > Signup Page with Charity Selection > account creation > should save user data to localStorage on signup
Warning: An update to Signup inside a test was not wrapped in act(...).

When testing, code that causes React state updates should be wrapped into act(...):

act(() => {
  /* fire events that update state */
});
/* assert on the output */

This ensures that you're testing the behavior the user would see in the browser. Learn more at https://reactjs.org/link/wrap-tests-with-act
    at Signup (C:/Users/Admin/graceful_books/src/pages/auth/Signup.tsx:11:67)
    at Router (C:\Users\Admin\graceful_books\node_modules\react-router\dist\umd\react-router.development.js:1207:17)
    at BrowserRouter (C:\Users\Admin\graceful_books\node_modules\react-router-dom\dist\umd\react-router-dom.development.js:695:7)

stderr | src/pages/auth/Signup.test.tsx > Signup Page with Charity Selection > account creation > should save user data to localStorage on signup
Warning: An update to Signup inside a test was not wrapped in act(...).

When testing, code that causes React state updates should be wrapped into act(...):

act(() => {
  /* fire events that update state */
});
/* assert on the output */

This ensures that you're testing the behavior the user would see in the browser. Learn more at https://reactjs.org/link/wrap-tests-with-act
    at Signup (C:/Users/Admin/graceful_books/src/pages/auth/Signup.tsx:11:67)
    at Router (C:\Users\Admin\graceful_books\node_modules\react-router\dist\umd\react-router.development.js:1207:17)
    at BrowserRouter (C:\Users\Admin\graceful_books\node_modules\react-router-dom\dist\umd\react-router-dom.development.js:695:7)

stderr | src/pages/auth/Signup.test.tsx > Signup Page with Charity Selection > account creation > should save user data to localStorage on signup
Warning: An update to Signup inside a test was not wrapped in act(...).

When testing, code that causes React state updates should be wrapped into act(...):

act(() => {
  /* fire events that update state */
});
/* assert on the output */

This ensures that you're testing the behavior the user would see in the browser. Learn more at https://reactjs.org/link/wrap-tests-with-act
    at Signup (C:/Users/Admin/graceful_books/src/pages/auth/Signup.tsx:11:67)
    at Router (C:\Users\Admin\graceful_books\node_modules\react-router\dist\umd\react-router.development.js:1207:17)
    at BrowserRouter (C:\Users\Admin\graceful_books\node_modules\react-router-dom\dist\umd\react-router-dom.development.js:695:7)

stderr | src/pages/auth/Signup.test.tsx > Signup Page with Charity Selection > account creation > should save user data to localStorage on signup
Warning: An update to Signup inside a test was not wrapped in act(...).

When testing, code that causes React state updates should be wrapped into act(...):

act(() => {
  /* fire events that update state */
});
/* assert on the output */

This ensures that you're testing the behavior the user would see in the browser. Learn more at https://reactjs.org/link/wrap-tests-with-act
    at Signup (C:/Users/Admin/graceful_books/src/pages/auth/Signup.tsx:11:67)
    at Router (C:\Users\Admin\graceful_books\node_modules\react-router\dist\umd\react-router.development.js:1207:17)
    at BrowserRouter (C:\Users\Admin\graceful_books\node_modules\react-router-dom\dist\umd\react-router-dom.development.js:695:7)

stderr | src/pages/auth/Signup.test.tsx > Signup Page with Charity Selection > account creation > should save user data to localStorage on signup
Warning: An update to Signup inside a test was not wrapped in act(...).

When testing, code that causes React state updates should be wrapped into act(...):

act(() => {
  /* fire events that update state */
});
/* assert on the output */

This ensures that you're testing the behavior the user would see in the browser. Learn more at https://reactjs.org/link/wrap-tests-with-act
    at Signup (C:/Users/Admin/graceful_books/src/pages/auth/Signup.tsx:11:67)
    at Router (C:\Users\Admin\graceful_books\node_modules\react-router\dist\umd\react-router.development.js:1207:17)
    at BrowserRouter (C:\Users\Admin\graceful_books\node_modules\react-router-dom\dist\umd\react-router-dom.development.js:695:7)

stderr | src/pages/auth/Signup.test.tsx > Signup Page with Charity Selection > account creation > should save user data to localStorage on signup
Warning: An update to Signup inside a test was not wrapped in act(...).

When testing, code that causes React state updates should be wrapped into act(...):

act(() => {
  /* fire events that update state */
});
/* assert on the output */

This ensures that you're testing the behavior the user would see in the browser. Learn more at https://reactjs.org/link/wrap-tests-with-act
    at Signup (C:/Users/Admin/graceful_books/src/pages/auth/Signup.tsx:11:67)
    at Router (C:\Users\Admin\graceful_books\node_modules\react-router\dist\umd\react-router.development.js:1207:17)
    at BrowserRouter (C:\Users\Admin\graceful_books\node_modules\react-router-dom\dist\umd\react-router-dom.development.js:695:7)

stderr | src/pages/auth/Signup.test.tsx > Signup Page with Charity Selection > account creation > should save user data to localStorage on signup
Warning: An update to Signup inside a test was not wrapped in act(...).

When testing, code that causes React state updates should be wrapped into act(...):

act(() => {
  /* fire events that update state */
});
/* assert on the output */

This ensures that you're testing the behavior the user would see in the browser. Learn more at https://reactjs.org/link/wrap-tests-with-act
    at Signup (C:/Users/Admin/graceful_books/src/pages/auth/Signup.tsx:11:67)
    at Router (C:\Users\Admin\graceful_books\node_modules\react-router\dist\umd\react-router.development.js:1207:17)
    at BrowserRouter (C:\Users\Admin\graceful_books\node_modules\react-router-dom\dist\umd\react-router-dom.development.js:695:7)

stderr | src/pages/auth/Signup.test.tsx > Signup Page with Charity Selection > account creation > should save user data to localStorage on signup
Warning: An update to Signup inside a test was not wrapped in act(...).

When testing, code that causes React state updates should be wrapped into act(...):

act(() => {
  /* fire events that update state */
});
/* assert on the output */

This ensures that you're testing the behavior the user would see in the browser. Learn more at https://reactjs.org/link/wrap-tests-with-act
    at Signup (C:/Users/Admin/graceful_books/src/pages/auth/Signup.tsx:11:67)
    at Router (C:\Users\Admin\graceful_books\node_modules\react-router\dist\umd\react-router.development.js:1207:17)
    at BrowserRouter (C:\Users\Admin\graceful_books\node_modules\react-router-dom\dist\umd\react-router-dom.development.js:695:7)

stderr | src/pages/auth/Signup.test.tsx > Signup Page with Charity Selection > account creation > should save user data to localStorage on signup
Warning: An update to Signup inside a test was not wrapped in act(...).

When testing, code that causes React state updates should be wrapped into act(...):

act(() => {
  /* fire events that update state */
});
/* assert on the output */

This ensures that you're testing the behavior the user would see in the browser. Learn more at https://reactjs.org/link/wrap-tests-with-act
    at Signup (C:/Users/Admin/graceful_books/src/pages/auth/Signup.tsx:11:67)
    at Router (C:\Users\Admin\graceful_books\node_modules\react-router\dist\umd\react-router.development.js:1207:17)
    at BrowserRouter (C:\Users\Admin\graceful_books\node_modules\react-router-dom\dist\umd\react-router-dom.development.js:695:7)

stderr | src/pages/auth/Signup.test.tsx > Signup Page with Charity Selection > account creation > should save user data to localStorage on signup
Warning: An update to Signup inside a test was not wrapped in act(...).

When testing, code that causes React state updates should be wrapped into act(...):

act(() => {
  /* fire events that update state */
});
/* assert on the output */

This ensures that you're testing the behavior the user would see in the browser. Learn more at https://reactjs.org/link/wrap-tests-with-act
    at Signup (C:/Users/Admin/graceful_books/src/pages/auth/Signup.tsx:11:67)
    at Router (C:\Users\Admin\graceful_books\node_modules\react-router\dist\umd\react-router.development.js:1207:17)
    at BrowserRouter (C:\Users\Admin\graceful_books\node_modules\react-router-dom\dist\umd\react-router-dom.development.js:695:7)

stderr | src/pages/auth/Signup.test.tsx > Signup Page with Charity Selection > account creation > should save user data to localStorage on signup
Warning: An update to Signup inside a test was not wrapped in act(...).

When testing, code that causes React state updates should be wrapped into act(...):

act(() => {
  /* fire events that update state */
});
/* assert on the output */

This ensures that you're testing the behavior the user would see in the browser. Learn more at https://reactjs.org/link/wrap-tests-with-act
    at Signup (C:/Users/Admin/graceful_books/src/pages/auth/Signup.tsx:11:67)
    at Router (C:\Users\Admin\graceful_books\node_modules\react-router\dist\umd\react-router.development.js:1207:17)
    at BrowserRouter (C:\Users\Admin\graceful_books\node_modules\react-router-dom\dist\umd\react-router-dom.development.js:695:7)

stderr | src/pages/auth/Signup.test.tsx > Signup Page with Charity Selection > account creation > should save user data to localStorage on signup
Warning: An update to Signup inside a test was not wrapped in act(...).

When testing, code that causes React state updates should be wrapped into act(...):

act(() => {
  /* fire events that update state */
});
/* assert on the output */

This ensures that you're testing the behavior the user would see in the browser. Learn more at https://reactjs.org/link/wrap-tests-with-act
    at Signup (C:/Users/Admin/graceful_books/src/pages/auth/Signup.tsx:11:67)
    at Router (C:\Users\Admin\graceful_books\node_modules\react-router\dist\umd\react-router.development.js:1207:17)
    at BrowserRouter (C:\Users\Admin\graceful_books\node_modules\react-router-dom\dist\umd\react-router-dom.development.js:695:7)

stderr | src/pages/auth/Signup.test.tsx > Signup Page with Charity Selection > account creation > should save user data to localStorage on signup
Warning: An update to Signup inside a test was not wrapped in act(...).

When testing, code that causes React state updates should be wrapped into act(...):

act(() => {
  /* fire events that update state */
});
/* assert on the output */

This ensures that you're testing the behavior the user would see in the browser. Learn more at https://reactjs.org/link/wrap-tests-with-act
    at Signup (C:/Users/Admin/graceful_books/src/pages/auth/Signup.tsx:11:67)
    at Router (C:\Users\Admin\graceful_books\node_modules\react-router\dist\umd\react-router.development.js:1207:17)
    at BrowserRouter (C:\Users\Admin\graceful_books\node_modules\react-router-dom\dist\umd\react-router-dom.development.js:695:7)

stderr | src/pages/auth/Signup.test.tsx > Signup Page with Charity Selection > account creation > should save user data to localStorage on signup
Warning: An update to Signup inside a test was not wrapped in act(...).

When testing, code that causes React state updates should be wrapped into act(...):

act(() => {
  /* fire events that update state */
});
/* assert on the output */

This ensures that you're testing the behavior the user would see in the browser. Learn more at https://reactjs.org/link/wrap-tests-with-act
    at Signup (C:/Users/Admin/graceful_books/src/pages/auth/Signup.tsx:11:67)
    at Router (C:\Users\Admin\graceful_books\node_modules\react-router\dist\umd\react-router.development.js:1207:17)
    at BrowserRouter (C:\Users\Admin\graceful_books\node_modules\react-router-dom\dist\umd\react-router-dom.development.js:695:7)

stderr | src/pages/auth/Signup.test.tsx > Signup Page with Charity Selection > account creation > should save user data to localStorage on signup
Warning: An update to Signup inside a test was not wrapped in act(...).

When testing, code that causes React state updates should be wrapped into act(...):

act(() => {
  /* fire events that update state */
});
/* assert on the output */

This ensures that you're testing the behavior the user would see in the browser. Learn more at https://reactjs.org/link/wrap-tests-with-act
    at Signup (C:/Users/Admin/graceful_books/src/pages/auth/Signup.tsx:11:67)
    at Router (C:\Users\Admin\graceful_books\node_modules\react-router\dist\umd\react-router.development.js:1207:17)
    at BrowserRouter (C:\Users\Admin\graceful_books\node_modules\react-router-dom\dist\umd\react-router-dom.development.js:695:7)

stderr | src/pages/auth/Signup.test.tsx > Signup Page with Charity Selection > account creation > should save user data to localStorage on signup
Warning: An update to Signup inside a test was not wrapped in act(...).

When testing, code that causes React state updates should be wrapped into act(...):

act(() => {
  /* fire events that update state */
});
/* assert on the output */

This ensures that you're testing the behavior the user would see in the browser. Learn more at https://reactjs.org/link/wrap-tests-with-act
    at Signup (C:/Users/Admin/graceful_books/src/pages/auth/Signup.tsx:11:67)
    at Router (C:\Users\Admin\graceful_books\node_modules\react-router\dist\umd\react-router.development.js:1207:17)
    at BrowserRouter (C:\Users\Admin\graceful_books\node_modules\react-router-dom\dist\umd\react-router-dom.development.js:695:7)

stderr | src/pages/auth/Signup.test.tsx > Signup Page with Charity Selection > account creation > should save user data to localStorage on signup
Warning: An update to Signup inside a test was not wrapped in act(...).

When testing, code that causes React state updates should be wrapped into act(...):

act(() => {
  /* fire events that update state */
});
/* assert on the output */

This ensures that you're testing the behavior the user would see in the browser. Learn more at https://reactjs.org/link/wrap-tests-with-act
    at Signup (C:/Users/Admin/graceful_books/src/pages/auth/Signup.tsx:11:67)
    at Router (C:\Users\Admin\graceful_books\node_modules\react-router\dist\umd\react-router.development.js:1207:17)
    at BrowserRouter (C:\Users\Admin\graceful_books\node_modules\react-router-dom\dist\umd\react-router-dom.development.js:695:7)

stderr | src/pages/auth/Signup.test.tsx > Signup Page with Charity Selection > account creation > should save user data to localStorage on signup
Warning: An update to Signup inside a test was not wrapped in act(...).

When testing, code that causes React state updates should be wrapped into act(...):

act(() => {
  /* fire events that update state */
});
/* assert on the output */

This ensures that you're testing the behavior the user would see in the browser. Learn more at https://reactjs.org/link/wrap-tests-with-act
    at Signup (C:/Users/Admin/graceful_books/src/pages/auth/Signup.tsx:11:67)
    at Router (C:\Users\Admin\graceful_books\node_modules\react-router\dist\umd\react-router.development.js:1207:17)
    at BrowserRouter (C:\Users\Admin\graceful_books\node_modules\react-router-dom\dist\umd\react-router-dom.development.js:695:7)

stderr | src/pages/auth/Signup.test.tsx > Signup Page with Charity Selection > account creation > should save user data to localStorage on signup
Warning: An update to Signup inside a test was not wrapped in act(...).

When testing, code that causes React state updates should be wrapped into act(...):

act(() => {
  /* fire events that update state */
});
/* assert on the output */

This ensures that you're testing the behavior the user would see in the browser. Learn more at https://reactjs.org/link/wrap-tests-with-act
    at Signup (C:/Users/Admin/graceful_books/src/pages/auth/Signup.tsx:11:67)
    at Router (C:\Users\Admin\graceful_books\node_modules\react-router\dist\umd\react-router.development.js:1207:17)
    at BrowserRouter (C:\Users\Admin\graceful_books\node_modules\react-router-dom\dist\umd\react-router-dom.development.js:695:7)

stderr | src/pages/auth/Signup.test.tsx > Signup Page with Charity Selection > account creation > should save user data to localStorage on signup
Warning: An update to Signup inside a test was not wrapped in act(...).

When testing, code that causes React state updates should be wrapped into act(...):

act(() => {
  /* fire events that update state */
});
/* assert on the output */

This ensures that you're testing the behavior the user would see in the browser. Learn more at https://reactjs.org/link/wrap-tests-with-act
    at Signup (C:/Users/Admin/graceful_books/src/pages/auth/Signup.tsx:11:67)
    at Router (C:\Users\Admin\graceful_books\node_modules\react-router\dist\umd\react-router.development.js:1207:17)
    at BrowserRouter (C:\Users\Admin\graceful_books\node_modules\react-router-dom\dist\umd\react-router-dom.development.js:695:7)

stderr | src/pages/auth/Signup.test.tsx > Signup Page with Charity Selection > account creation > should save user data to localStorage on signup
Warning: An update to Signup inside a test was not wrapped in act(...).

When testing, code that causes React state updates should be wrapped into act(...):

act(() => {
  /* fire events that update state */
});
/* assert on the output */

This ensures that you're testing the behavior the user would see in the browser. Learn more at https://reactjs.org/link/wrap-tests-with-act
    at Signup (C:/Users/Admin/graceful_books/src/pages/auth/Signup.tsx:11:67)
    at Router (C:\Users\Admin\graceful_books\node_modules\react-router\dist\umd\react-router.development.js:1207:17)
    at BrowserRouter (C:\Users\Admin\graceful_books\node_modules\react-router-dom\dist\umd\react-router-dom.development.js:695:7)

stdout | src/pages/auth/Signup.test.tsx > Signup Page with Charity Selection > account creation > should save user data to localStorage on signup
🌐 Response status: 200 OK

stderr | src/pages/auth/Signup.test.tsx > Signup Page with Charity Selection > account creation > should save user data to localStorage on signup
Warning: An update to Signup inside a test was not wrapped in act(...).

When testing, code that causes React state updates should be wrapped into act(...):

act(() => {
  /* fire events that update state */
});
/* assert on the output */

This ensures that you're testing the behavior the user would see in the browser. Learn more at https://reactjs.org/link/wrap-tests-with-act
    at Signup (C:/Users/Admin/graceful_books/src/pages/auth/Signup.tsx:11:67)
    at Router (C:\Users\Admin\graceful_books\node_modules\react-router\dist\umd\react-router.development.js:1207:17)
    at BrowserRouter (C:\Users\Admin\graceful_books\node_modules\react-router-dom\dist\umd\react-router-dom.development.js:695:7)

stderr | src/pages/auth/Signup.test.tsx > Signup Page with Charity Selection > account creation > should save user data to localStorage on signup
Warning: An update to Signup inside a test was not wrapped in act(...).

When testing, code that causes React state updates should be wrapped into act(...):

act(() => {
  /* fire events that update state */
});
/* assert on the output */

This ensures that you're testing the behavior the user would see in the browser. Learn more at https://reactjs.org/link/wrap-tests-with-act
    at Signup (C:/Users/Admin/graceful_books/src/pages/auth/Signup.tsx:11:67)
    at Router (C:\Users\Admin\graceful_books\node_modules\react-router\dist\umd\react-router.development.js:1207:17)
    at BrowserRouter (C:\Users\Admin\graceful_books\node_modules\react-router-dom\dist\umd\react-router-dom.development.js:695:7)

stderr | src/pages/auth/Signup.test.tsx > Signup Page with Charity Selection > account creation > should save user data to localStorage on signup
Warning: An update to Signup inside a test was not wrapped in act(...).

When testing, code that causes React state updates should be wrapped into act(...):

act(() => {
  /* fire events that update state */
});
/* assert on the output */

This ensures that you're testing the behavior the user would see in the browser. Learn more at https://reactjs.org/link/wrap-tests-with-act
    at Signup (C:/Users/Admin/graceful_books/src/pages/auth/Signup.tsx:11:67)
    at Router (C:\Users\Admin\graceful_books\node_modules\react-router\dist\umd\react-router.development.js:1207:17)
    at BrowserRouter (C:\Users\Admin\graceful_books\node_modules\react-router-dom\dist\umd\react-router-dom.development.js:695:7)

stderr | src/pages/auth/Signup.test.tsx > Signup Page with Charity Selection > account creation > should save user data to localStorage on signup
Warning: An update to Signup inside a test was not wrapped in act(...).

When testing, code that causes React state updates should be wrapped into act(...):

act(() => {
  /* fire events that update state */
});
/* assert on the output */

This ensures that you're testing the behavior the user would see in the browser. Learn more at https://reactjs.org/link/wrap-tests-with-act
    at Signup (C:/Users/Admin/graceful_books/src/pages/auth/Signup.tsx:11:67)
    at Router (C:\Users\Admin\graceful_books\node_modules\react-router\dist\umd\react-router.development.js:1207:17)
    at BrowserRouter (C:\Users\Admin\graceful_books\node_modules\react-router-dom\dist\umd\react-router-dom.development.js:695:7)

stderr | src/pages/auth/Signup.test.tsx > Signup Page with Charity Selection > account creation > should save user data to localStorage on signup
Warning: An update to Signup inside a test was not wrapped in act(...).

When testing, code that causes React state updates should be wrapped into act(...):

act(() => {
  /* fire events that update state */
});
/* assert on the output */

This ensures that you're testing the behavior the user would see in the browser. Learn more at https://reactjs.org/link/wrap-tests-with-act
    at Signup (C:/Users/Admin/graceful_books/src/pages/auth/Signup.tsx:11:67)
    at Router (C:\Users\Admin\graceful_books\node_modules\react-router\dist\umd\react-router.development.js:1207:17)
    at BrowserRouter (C:\Users\Admin\graceful_books\node_modules\react-router-dom\dist\umd\react-router-dom.development.js:695:7)

stderr | src/pages/auth/Signup.test.tsx > Signup Page with Charity Selection > account creation > should save user data to localStorage on signup
Warning: An update to Signup inside a test was not wrapped in act(...).

When testing, code that causes React state updates should be wrapped into act(...):

act(() => {
  /* fire events that update state */
});
/* assert on the output */

This ensures that you're testing the behavior the user would see in the browser. Learn more at https://reactjs.org/link/wrap-tests-with-act
    at Signup (C:/Users/Admin/graceful_books/src/pages/auth/Signup.tsx:11:67)
    at Router (C:\Users\Admin\graceful_books\node_modules\react-router\dist\umd\react-router.development.js:1207:17)
    at BrowserRouter (C:\Users\Admin\graceful_books\node_modules\react-router-dom\dist\umd\react-router-dom.development.js:695:7)

stderr | src/pages/auth/Signup.test.tsx > Signup Page with Charity Selection > account creation > should save user data to localStorage on signup
Warning: An update to Signup inside a test was not wrapped in act(...).

When testing, code that causes React state updates should be wrapped into act(...):

act(() => {
  /* fire events that update state */
});
/* assert on the output */

This ensures that you're testing the behavior the user would see in the browser. Learn more at https://reactjs.org/link/wrap-tests-with-act
    at Signup (C:/Users/Admin/graceful_books/src/pages/auth/Signup.tsx:11:67)
    at Router (C:\Users\Admin\graceful_books\node_modules\react-router\dist\umd\react-router.development.js:1207:17)
    at BrowserRouter (C:\Users\Admin\graceful_books\node_modules\react-router-dom\dist\umd\react-router-dom.development.js:695:7)

stderr | src/pages/auth/Signup.test.tsx > Signup Page with Charity Selection > account creation > should save user data to localStorage on signup
Warning: An update to Signup inside a test was not wrapped in act(...).

When testing, code that causes React state updates should be wrapped into act(...):

act(() => {
  /* fire events that update state */
});
/* assert on the output */

This ensures that you're testing the behavior the user would see in the browser. Learn more at https://reactjs.org/link/wrap-tests-with-act
    at Signup (C:/Users/Admin/graceful_books/src/pages/auth/Signup.tsx:11:67)
    at Router (C:\Users\Admin\graceful_books\node_modules\react-router\dist\umd\react-router.development.js:1207:17)
    at BrowserRouter (C:\Users\Admin\graceful_books\node_modules\react-router-dom\dist\umd\react-router-dom.development.js:695:7)

stderr | src/pages/auth/Signup.test.tsx > Signup Page with Charity Selection > account creation > should save user data to localStorage on signup
Warning: An update to Signup inside a test was not wrapped in act(...).

When testing, code that causes React state updates should be wrapped into act(...):

act(() => {
  /* fire events that update state */
});
/* assert on the output */

This ensures that you're testing the behavior the user would see in the browser. Learn more at https://reactjs.org/link/wrap-tests-with-act
    at Signup (C:/Users/Admin/graceful_books/src/pages/auth/Signup.tsx:11:67)
    at Router (C:\Users\Admin\graceful_books\node_modules\react-router\dist\umd\react-router.development.js:1207:17)
    at BrowserRouter (C:\Users\Admin\graceful_books\node_modules\react-router-dom\dist\umd\react-router-dom.development.js:695:7)

stderr | src/pages/auth/Signup.test.tsx > Signup Page with Charity Selection > account creation > should save user data to localStorage on signup
Warning: An update to Signup inside a test was not wrapped in act(...).

When testing, code that causes React state updates should be wrapped into act(...):

act(() => {
  /* fire events that update state */
});
/* assert on the output */

This ensures that you're testing the behavior the user would see in the browser. Learn more at https://reactjs.org/link/wrap-tests-with-act
    at Signup (C:/Users/Admin/graceful_books/src/pages/auth/Signup.tsx:11:67)
    at Router (C:\Users\Admin\graceful_books\node_modules\react-router\dist\umd\react-router.development.js:1207:17)
    at BrowserRouter (C:\Users\Admin\graceful_books\node_modules\react-router-dom\dist\umd\react-router-dom.development.js:695:7)

stderr | src/pages/auth/Signup.test.tsx > Signup Page with Charity Selection > account creation > should save user data to localStorage on signup
Warning: An update to Signup inside a test was not wrapped in act(...).

When testing, code that causes React state updates should be wrapped into act(...):

act(() => {
  /* fire events that update state */
});
/* assert on the output */

This ensures that you're testing the behavior the user would see in the browser. Learn more at https://reactjs.org/link/wrap-tests-with-act
    at Signup (C:/Users/Admin/graceful_books/src/pages/auth/Signup.tsx:11:67)
    at Router (C:\Users\Admin\graceful_books\node_modules\react-router\dist\umd\react-router.development.js:1207:17)
    at BrowserRouter (C:\Users\Admin\graceful_books\node_modules\react-router-dom\dist\umd\react-router-dom.development.js:695:7)

stderr | src/pages/auth/Signup.test.tsx > Signup Page with Charity Selection > account creation > should save user data to localStorage on signup
Warning: An update to Signup inside a test was not wrapped in act(...).

When testing, code that causes React state updates should be wrapped into act(...):

act(() => {
  /* fire events that update state */
});
/* assert on the output */

This ensures that you're testing the behavior the user would see in the browser. Learn more at https://reactjs.org/link/wrap-tests-with-act
    at Signup (C:/Users/Admin/graceful_books/src/pages/auth/Signup.tsx:11:67)
    at Router (C:\Users\Admin\graceful_books\node_modules\react-router\dist\umd\react-router.development.js:1207:17)
    at BrowserRouter (C:\Users\Admin\graceful_books\node_modules\react-router-dom\dist\umd\react-router-dom.development.js:695:7)

stderr | src/pages/auth/Signup.test.tsx > Signup Page with Charity Selection > account creation > should save user data to localStorage on signup
Warning: An update to Signup inside a test was not wrapped in act(...).

When testing, code that causes React state updates should be wrapped into act(...):

act(() => {
  /* fire events that update state */
});
/* assert on the output */

This ensures that you're testing the behavior the user would see in the browser. Learn more at https://reactjs.org/link/wrap-tests-with-act
    at Signup (C:/Users/Admin/graceful_books/src/pages/auth/Signup.tsx:11:67)
    at Router (C:\Users\Admin\graceful_books\node_modules\react-router\dist\umd\react-router.development.js:1207:17)
    at BrowserRouter (C:\Users\Admin\graceful_books\node_modules\react-router-dom\dist\umd\react-router-dom.development.js:695:7)

stderr | src/pages/auth/Signup.test.tsx > Signup Page with Charity Selection > account creation > should save user data to localStorage on signup
Warning: An update to Signup inside a test was not wrapped in act(...).

When testing, code that causes React state updates should be wrapped into act(...):

act(() => {
  /* fire events that update state */
});
/* assert on the output */

This ensures that you're testing the behavior the user would see in the browser. Learn more at https://reactjs.org/link/wrap-tests-with-act
    at Signup (C:/Users/Admin/graceful_books/src/pages/auth/Signup.tsx:11:67)
    at Router (C:\Users\Admin\graceful_books\node_modules\react-router\dist\umd\react-router.development.js:1207:17)
    at BrowserRouter (C:\Users\Admin\graceful_books\node_modules\react-router-dom\dist\umd\react-router-dom.development.js:695:7)

stderr | src/pages/auth/Signup.test.tsx > Signup Page with Charity Selection > account creation > should save user data to localStorage on signup
Warning: An update to Signup inside a test was not wrapped in act(...).

When testing, code that causes React state updates should be wrapped into act(...):

act(() => {
  /* fire events that update state */
});
/* assert on the output */

This ensures that you're testing the behavior the user would see in the browser. Learn more at https://reactjs.org/link/wrap-tests-with-act
    at Signup (C:/Users/Admin/graceful_books/src/pages/auth/Signup.tsx:11:67)
    at Router (C:\Users\Admin\graceful_books\node_modules\react-router\dist\umd\react-router.development.js:1207:17)
    at BrowserRouter (C:\Users\Admin\graceful_books\node_modules\react-router-dom\dist\umd\react-router-dom.development.js:695:7)

stdout | src/pages/auth/Signup.test.tsx > Signup Page with Charity Selection > account creation > should navigate to onboarding after signup
🌐 API Request: GET https://api.audacious.money/products

stderr | src/pages/auth/Signup.test.tsx > Signup Page with Charity Selection > account creation > should navigate to onboarding after signup
Warning: An update to Signup inside a test was not wrapped in act(...).

When testing, code that causes React state updates should be wrapped into act(...):

act(() => {
  /* fire events that update state */
});
/* assert on the output */

This ensures that you're testing the behavior the user would see in the browser. Learn more at https://reactjs.org/link/wrap-tests-with-act
    at Signup (C:/Users/Admin/graceful_books/src/pages/auth/Signup.tsx:11:67)
    at Router (C:\Users\Admin\graceful_books\node_modules\react-router\dist\umd\react-router.development.js:1207:17)
    at BrowserRouter (C:\Users\Admin\graceful_books\node_modules\react-router-dom\dist\umd\react-router-dom.development.js:695:7)

stderr | src/pages/auth/Signup.test.tsx > Signup Page with Charity Selection > account creation > should navigate to onboarding after signup
Warning: An update to Signup inside a test was not wrapped in act(...).

When testing, code that causes React state updates should be wrapped into act(...):

act(() => {
  /* fire events that update state */
});
/* assert on the output */

This ensures that you're testing the behavior the user would see in the browser. Learn more at https://reactjs.org/link/wrap-tests-with-act
    at Signup (C:/Users/Admin/graceful_books/src/pages/auth/Signup.tsx:11:67)
    at Router (C:\Users\Admin\graceful_books\node_modules\react-router\dist\umd\react-router.development.js:1207:17)
    at BrowserRouter (C:\Users\Admin\graceful_books\node_modules\react-router-dom\dist\umd\react-router-dom.development.js:695:7)

stderr | src/pages/auth/Signup.test.tsx > Signup Page with Charity Selection > account creation > should navigate to onboarding after signup
Warning: An update to Signup inside a test was not wrapped in act(...).

When testing, code that causes React state updates should be wrapped into act(...):

act(() => {
  /* fire events that update state */
});
/* assert on the output */

This ensures that you're testing the behavior the user would see in the browser. Learn more at https://reactjs.org/link/wrap-tests-with-act
    at Signup (C:/Users/Admin/graceful_books/src/pages/auth/Signup.tsx:11:67)
    at Router (C:\Users\Admin\graceful_books\node_modules\react-router\dist\umd\react-router.development.js:1207:17)
    at BrowserRouter (C:\Users\Admin\graceful_books\node_modules\react-router-dom\dist\umd\react-router-dom.development.js:695:7)

stderr | src/pages/auth/Signup.test.tsx > Signup Page with Charity Selection > account creation > should navigate to onboarding after signup
Warning: An update to Signup inside a test was not wrapped in act(...).

When testing, code that causes React state updates should be wrapped into act(...):

act(() => {
  /* fire events that update state */
});
/* assert on the output */

This ensures that you're testing the behavior the user would see in the browser. Learn more at https://reactjs.org/link/wrap-tests-with-act
    at Signup (C:/Users/Admin/graceful_books/src/pages/auth/Signup.tsx:11:67)
    at Router (C:\Users\Admin\graceful_books\node_modules\react-router\dist\umd\react-router.development.js:1207:17)
    at BrowserRouter (C:\Users\Admin\graceful_books\node_modules\react-router-dom\dist\umd\react-router-dom.development.js:695:7)

stderr | src/pages/auth/Signup.test.tsx > Signup Page with Charity Selection > account creation > should navigate to onboarding after signup
Warning: An update to Signup inside a test was not wrapped in act(...).

When testing, code that causes React state updates should be wrapped into act(...):

act(() => {
  /* fire events that update state */
});
/* assert on the output */

This ensures that you're testing the behavior the user would see in the browser. Learn more at https://reactjs.org/link/wrap-tests-with-act
    at Signup (C:/Users/Admin/graceful_books/src/pages/auth/Signup.tsx:11:67)
    at Router (C:\Users\Admin\graceful_books\node_modules\react-router\dist\umd\react-router.development.js:1207:17)
    at BrowserRouter (C:\Users\Admin\graceful_books\node_modules\react-router-dom\dist\umd\react-router-dom.development.js:695:7)

stderr | src/pages/auth/Signup.test.tsx > Signup Page with Charity Selection > account creation > should navigate to onboarding after signup
Warning: An update to Signup inside a test was not wrapped in act(...).

When testing, code that causes React state updates should be wrapped into act(...):

act(() => {
  /* fire events that update state */
});
/* assert on the output */

This ensures that you're testing the behavior the user would see in the browser. Learn more at https://reactjs.org/link/wrap-tests-with-act
    at Signup (C:/Users/Admin/graceful_books/src/pages/auth/Signup.tsx:11:67)
    at Router (C:\Users\Admin\graceful_books\node_modules\react-router\dist\umd\react-router.development.js:1207:17)
    at BrowserRouter (C:\Users\Admin\graceful_books\node_modules\react-router-dom\dist\umd\react-router-dom.development.js:695:7)

stderr | src/pages/auth/Signup.test.tsx > Signup Page with Charity Selection > account creation > should navigate to onboarding after signup
Warning: An update to Signup inside a test was not wrapped in act(...).

When testing, code that causes React state updates should be wrapped into act(...):

act(() => {
  /* fire events that update state */
});
/* assert on the output */

This ensures that you're testing the behavior the user would see in the browser. Learn more at https://reactjs.org/link/wrap-tests-with-act
    at Signup (C:/Users/Admin/graceful_books/src/pages/auth/Signup.tsx:11:67)
    at Router (C:\Users\Admin\graceful_books\node_modules\react-router\dist\umd\react-router.development.js:1207:17)
    at BrowserRouter (C:\Users\Admin\graceful_books\node_modules\react-router-dom\dist\umd\react-router-dom.development.js:695:7)

stderr | src/pages/auth/Signup.test.tsx > Signup Page with Charity Selection > account creation > should navigate to onboarding after signup
Warning: An update to Signup inside a test was not wrapped in act(...).

When testing, code that causes React state updates should be wrapped into act(...):

act(() => {
  /* fire events that update state */
});
/* assert on the output */

This ensures that you're testing the behavior the user would see in the browser. Learn more at https://reactjs.org/link/wrap-tests-with-act
    at Signup (C:/Users/Admin/graceful_books/src/pages/auth/Signup.tsx:11:67)
    at Router (C:\Users\Admin\graceful_books\node_modules\react-router\dist\umd\react-router.development.js:1207:17)
    at BrowserRouter (C:\Users\Admin\graceful_books\node_modules\react-router-dom\dist\umd\react-router-dom.development.js:695:7)

stderr | src/pages/auth/Signup.test.tsx > Signup Page with Charity Selection > account creation > should navigate to onboarding after signup
Warning: An update to Signup inside a test was not wrapped in act(...).

When testing, code that causes React state updates should be wrapped into act(...):

act(() => {
  /* fire events that update state */
});
/* assert on the output */

This ensures that you're testing the behavior the user would see in the browser. Learn more at https://reactjs.org/link/wrap-tests-with-act
    at Signup (C:/Users/Admin/graceful_books/src/pages/auth/Signup.tsx:11:67)
    at Router (C:\Users\Admin\graceful_books\node_modules\react-router\dist\umd\react-router.development.js:1207:17)
    at BrowserRouter (C:\Users\Admin\graceful_books\node_modules\react-router-dom\dist\umd\react-router-dom.development.js:695:7)

stderr | src/pages/auth/Signup.test.tsx > Signup Page with Charity Selection > account creation > should navigate to onboarding after signup
Warning: An update to Signup inside a test was not wrapped in act(...).

When testing, code that causes React state updates should be wrapped into act(...):

act(() => {
  /* fire events that update state */
});
/* assert on the output */

This ensures that you're testing the behavior the user would see in the browser. Learn more at https://reactjs.org/link/wrap-tests-with-act
    at Signup (C:/Users/Admin/graceful_books/src/pages/auth/Signup.tsx:11:67)
    at Router (C:\Users\Admin\graceful_books\node_modules\react-router\dist\umd\react-router.development.js:1207:17)
    at BrowserRouter (C:\Users\Admin\graceful_books\node_modules\react-router-dom\dist\umd\react-router-dom.development.js:695:7)

stderr | src/pages/auth/Signup.test.tsx > Signup Page with Charity Selection > account creation > should navigate to onboarding after signup
Warning: An update to Signup inside a test was not wrapped in act(...).

When testing, code that causes React state updates should be wrapped into act(...):

act(() => {
  /* fire events that update state */
});
/* assert on the output */

This ensures that you're testing the behavior the user would see in the browser. Learn more at https://reactjs.org/link/wrap-tests-with-act
    at Signup (C:/Users/Admin/graceful_books/src/pages/auth/Signup.tsx:11:67)
    at Router (C:\Users\Admin\graceful_books\node_modules\react-router\dist\umd\react-router.development.js:1207:17)
    at BrowserRouter (C:\Users\Admin\graceful_books\node_modules\react-router-dom\dist\umd\react-router-dom.development.js:695:7)

stderr | src/pages/auth/Signup.test.tsx > Signup Page with Charity Selection > account creation > should navigate to onboarding after signup
Warning: An update to Signup inside a test was not wrapped in act(...).

When testing, code that causes React state updates should be wrapped into act(...):

act(() => {
  /* fire events that update state */
});
/* assert on the output */

This ensures that you're testing the behavior the user would see in the browser. Learn more at https://reactjs.org/link/wrap-tests-with-act
    at Signup (C:/Users/Admin/graceful_books/src/pages/auth/Signup.tsx:11:67)
    at Router (C:\Users\Admin\graceful_books\node_modules\react-router\dist\umd\react-router.development.js:1207:17)
    at BrowserRouter (C:\Users\Admin\graceful_books\node_modules\react-router-dom\dist\umd\react-router-dom.development.js:695:7)

stderr | src/pages/auth/Signup.test.tsx > Signup Page with Charity Selection > account creation > should navigate to onboarding after signup
Warning: An update to Signup inside a test was not wrapped in act(...).

When testing, code that causes React state updates should be wrapped into act(...):

act(() => {
  /* fire events that update state */
});
/* assert on the output */

This ensures that you're testing the behavior the user would see in the browser. Learn more at https://reactjs.org/link/wrap-tests-with-act
    at Signup (C:/Users/Admin/graceful_books/src/pages/auth/Signup.tsx:11:67)
    at Router (C:\Users\Admin\graceful_books\node_modules\react-router\dist\umd\react-router.development.js:1207:17)
    at BrowserRouter (C:\Users\Admin\graceful_books\node_modules\react-router-dom\dist\umd\react-router-dom.development.js:695:7)

stderr | src/pages/auth/Signup.test.tsx > Signup Page with Charity Selection > account creation > should navigate to onboarding after signup
Warning: An update to Signup inside a test was not wrapped in act(...).

When testing, code that causes React state updates should be wrapped into act(...):

act(() => {
  /* fire events that update state */
});
/* assert on the output */

This ensures that you're testing the behavior the user would see in the browser. Learn more at https://reactjs.org/link/wrap-tests-with-act
    at Signup (C:/Users/Admin/graceful_books/src/pages/auth/Signup.tsx:11:67)
    at Router (C:\Users\Admin\graceful_books\node_modules\react-router\dist\umd\react-router.development.js:1207:17)
    at BrowserRouter (C:\Users\Admin\graceful_books\node_modules\react-router-dom\dist\umd\react-router-dom.development.js:695:7)

stderr | src/pages/auth/Signup.test.tsx > Signup Page with Charity Selection > account creation > should navigate to onboarding after signup
Warning: An update to Signup inside a test was not wrapped in act(...).

When testing, code that causes React state updates should be wrapped into act(...):

act(() => {
  /* fire events that update state */
});
/* assert on the output */

This ensures that you're testing the behavior the user would see in the browser. Learn more at https://reactjs.org/link/wrap-tests-with-act
    at Signup (C:/Users/Admin/graceful_books/src/pages/auth/Signup.tsx:11:67)
    at Router (C:\Users\Admin\graceful_books\node_modules\react-router\dist\umd\react-router.development.js:1207:17)
    at BrowserRouter (C:\Users\Admin\graceful_books\node_modules\react-router-dom\dist\umd\react-router-dom.development.js:695:7)

stderr | src/pages/auth/Signup.test.tsx > Signup Page with Charity Selection > account creation > should navigate to onboarding after signup
Warning: An update to Signup inside a test was not wrapped in act(...).

When testing, code that causes React state updates should be wrapped into act(...):

act(() => {
  /* fire events that update state */
});
/* assert on the output */

This ensures that you're testing the behavior the user would see in the browser. Learn more at https://reactjs.org/link/wrap-tests-with-act
    at Signup (C:/Users/Admin/graceful_books/src/pages/auth/Signup.tsx:11:67)
    at Router (C:\Users\Admin\graceful_books\node_modules\react-router\dist\umd\react-router.development.js:1207:17)
    at BrowserRouter (C:\Users\Admin\graceful_books\node_modules\react-router-dom\dist\umd\react-router-dom.development.js:695:7)

stderr | src/pages/auth/Signup.test.tsx > Signup Page with Charity Selection > account creation > should navigate to onboarding after signup
Warning: An update to Signup inside a test was not wrapped in act(...).

When testing, code that causes React state updates should be wrapped into act(...):

act(() => {
  /* fire events that update state */
});
/* assert on the output */

This ensures that you're testing the behavior the user would see in the browser. Learn more at https://reactjs.org/link/wrap-tests-with-act
    at Signup (C:/Users/Admin/graceful_books/src/pages/auth/Signup.tsx:11:67)
    at Router (C:\Users\Admin\graceful_books\node_modules\react-router\dist\umd\react-router.development.js:1207:17)
    at BrowserRouter (C:\Users\Admin\graceful_books\node_modules\react-router-dom\dist\umd\react-router-dom.development.js:695:7)

stderr | src/pages/auth/Signup.test.tsx > Signup Page with Charity Selection > account creation > should navigate to onboarding after signup
Warning: An update to Signup inside a test was not wrapped in act(...).

When testing, code that causes React state updates should be wrapped into act(...):

act(() => {
  /* fire events that update state */
});
/* assert on the output */

This ensures that you're testing the behavior the user would see in the browser. Learn more at https://reactjs.org/link/wrap-tests-with-act
    at Signup (C:/Users/Admin/graceful_books/src/pages/auth/Signup.tsx:11:67)
    at Router (C:\Users\Admin\graceful_books\node_modules\react-router\dist\umd\react-router.development.js:1207:17)
    at BrowserRouter (C:\Users\Admin\graceful_books\node_modules\react-router-dom\dist\umd\react-router-dom.development.js:695:7)

stderr | src/pages/auth/Signup.test.tsx > Signup Page with Charity Selection > account creation > should navigate to onboarding after signup
Warning: An update to Signup inside a test was not wrapped in act(...).

When testing, code that causes React state updates should be wrapped into act(...):

act(() => {
  /* fire events that update state */
});
/* assert on the output */

This ensures that you're testing the behavior the user would see in the browser. Learn more at https://reactjs.org/link/wrap-tests-with-act
    at Signup (C:/Users/Admin/graceful_books/src/pages/auth/Signup.tsx:11:67)
    at Router (C:\Users\Admin\graceful_books\node_modules\react-router\dist\umd\react-router.development.js:1207:17)
    at BrowserRouter (C:\Users\Admin\graceful_books\node_modules\react-router-dom\dist\umd\react-router-dom.development.js:695:7)

stderr | src/pages/auth/Signup.test.tsx > Signup Page with Charity Selection > account creation > should navigate to onboarding after signup
Warning: An update to Signup inside a test was not wrapped in act(...).

When testing, code that causes React state updates should be wrapped into act(...):

act(() => {
  /* fire events that update state */
});
/* assert on the output */

This ensures that you're testing the behavior the user would see in the browser. Learn more at https://reactjs.org/link/wrap-tests-with-act
    at Signup (C:/Users/Admin/graceful_books/src/pages/auth/Signup.tsx:11:67)
    at Router (C:\Users\Admin\graceful_books\node_modules\react-router\dist\umd\react-router.development.js:1207:17)
    at BrowserRouter (C:\Users\Admin\graceful_books\node_modules\react-router-dom\dist\umd\react-router-dom.development.js:695:7)

stdout | src/pages/auth/Signup.test.tsx > Signup Page with Charity Selection > account creation > should navigate to onboarding after signup
🌐 Response status: 200 OK

stderr | src/pages/auth/Signup.test.tsx > Signup Page with Charity Selection > account creation > should navigate to onboarding after signup
Warning: An update to Signup inside a test was not wrapped in act(...).

When testing, code that causes React state updates should be wrapped into act(...):

act(() => {
  /* fire events that update state */
});
/* assert on the output */

This ensures that you're testing the behavior the user would see in the browser. Learn more at https://reactjs.org/link/wrap-tests-with-act
    at Signup (C:/Users/Admin/graceful_books/src/pages/auth/Signup.tsx:11:67)
    at Router (C:\Users\Admin\graceful_books\node_modules\react-router\dist\umd\react-router.development.js:1207:17)
    at BrowserRouter (C:\Users\Admin\graceful_books\node_modules\react-router-dom\dist\umd\react-router-dom.development.js:695:7)

stderr | src/pages/auth/Signup.test.tsx > Signup Page with Charity Selection > account creation > should navigate to onboarding after signup
Warning: An update to Signup inside a test was not wrapped in act(...).

When testing, code that causes React state updates should be wrapped into act(...):

act(() => {
  /* fire events that update state */
});
/* assert on the output */

This ensures that you're testing the behavior the user would see in the browser. Learn more at https://reactjs.org/link/wrap-tests-with-act
    at Signup (C:/Users/Admin/graceful_books/src/pages/auth/Signup.tsx:11:67)
    at Router (C:\Users\Admin\graceful_books\node_modules\react-router\dist\umd\react-router.development.js:1207:17)
    at BrowserRouter (C:\Users\Admin\graceful_books\node_modules\react-router-dom\dist\umd\react-router-dom.development.js:695:7)

stderr | src/pages/auth/Signup.test.tsx > Signup Page with Charity Selection > account creation > should navigate to onboarding after signup
Warning: An update to Signup inside a test was not wrapped in act(...).

When testing, code that causes React state updates should be wrapped into act(...):

act(() => {
  /* fire events that update state */
});
/* assert on the output */

This ensures that you're testing the behavior the user would see in the browser. Learn more at https://reactjs.org/link/wrap-tests-with-act
    at Signup (C:/Users/Admin/graceful_books/src/pages/auth/Signup.tsx:11:67)
    at Router (C:\Users\Admin\graceful_books\node_modules\react-router\dist\umd\react-router.development.js:1207:17)
    at BrowserRouter (C:\Users\Admin\graceful_books\node_modules\react-router-dom\dist\umd\react-router-dom.development.js:695:7)

stderr | src/pages/auth/Signup.test.tsx > Signup Page with Charity Selection > account creation > should navigate to onboarding after signup
Warning: An update to Signup inside a test was not wrapped in act(...).

When testing, code that causes React state updates should be wrapped into act(...):

act(() => {
  /* fire events that update state */
});
/* assert on the output */

This ensures that you're testing the behavior the user would see in the browser. Learn more at https://reactjs.org/link/wrap-tests-with-act
    at Signup (C:/Users/Admin/graceful_books/src/pages/auth/Signup.tsx:11:67)
    at Router (C:\Users\Admin\graceful_books\node_modules\react-router\dist\umd\react-router.development.js:1207:17)
    at BrowserRouter (C:\Users\Admin\graceful_books\node_modules\react-router-dom\dist\umd\react-router-dom.development.js:695:7)

stderr | src/pages/auth/Signup.test.tsx > Signup Page with Charity Selection > account creation > should navigate to onboarding after signup
Warning: An update to Signup inside a test was not wrapped in act(...).

When testing, code that causes React state updates should be wrapped into act(...):

act(() => {
  /* fire events that update state */
});
/* assert on the output */

This ensures that you're testing the behavior the user would see in the browser. Learn more at https://reactjs.org/link/wrap-tests-with-act
    at Signup (C:/Users/Admin/graceful_books/src/pages/auth/Signup.tsx:11:67)
    at Router (C:\Users\Admin\graceful_books\node_modules\react-router\dist\umd\react-router.development.js:1207:17)
    at BrowserRouter (C:\Users\Admin\graceful_books\node_modules\react-router-dom\dist\umd\react-router-dom.development.js:695:7)

stderr | src/pages/auth/Signup.test.tsx > Signup Page with Charity Selection > account creation > should navigate to onboarding after signup
Warning: An update to Signup inside a test was not wrapped in act(...).

When testing, code that causes React state updates should be wrapped into act(...):

act(() => {
  /* fire events that update state */
});
/* assert on the output */

This ensures that you're testing the behavior the user would see in the browser. Learn more at https://reactjs.org/link/wrap-tests-with-act
    at Signup (C:/Users/Admin/graceful_books/src/pages/auth/Signup.tsx:11:67)
    at Router (C:\Users\Admin\graceful_books\node_modules\react-router\dist\umd\react-router.development.js:1207:17)
    at BrowserRouter (C:\Users\Admin\graceful_books\node_modules\react-router-dom\dist\umd\react-router-dom.development.js:695:7)

stderr | src/pages/auth/Signup.test.tsx > Signup Page with Charity Selection > account creation > should navigate to onboarding after signup
Warning: An update to Signup inside a test was not wrapped in act(...).

When testing, code that causes React state updates should be wrapped into act(...):

act(() => {
  /* fire events that update state */
});
/* assert on the output */

This ensures that you're testing the behavior the user would see in the browser. Learn more at https://reactjs.org/link/wrap-tests-with-act
    at Signup (C:/Users/Admin/graceful_books/src/pages/auth/Signup.tsx:11:67)
    at Router (C:\Users\Admin\graceful_books\node_modules\react-router\dist\umd\react-router.development.js:1207:17)
    at BrowserRouter (C:\Users\Admin\graceful_books\node_modules\react-router-dom\dist\umd\react-router-dom.development.js:695:7)

stderr | src/pages/auth/Signup.test.tsx > Signup Page with Charity Selection > account creation > should navigate to onboarding after signup
Warning: An update to Signup inside a test was not wrapped in act(...).

When testing, code that causes React state updates should be wrapped into act(...):

act(() => {
  /* fire events that update state */
});
/* assert on the output */

This ensures that you're testing the behavior the user would see in the browser. Learn more at https://reactjs.org/link/wrap-tests-with-act
    at Signup (C:/Users/Admin/graceful_books/src/pages/auth/Signup.tsx:11:67)
    at Router (C:\Users\Admin\graceful_books\node_modules\react-router\dist\umd\react-router.development.js:1207:17)
    at BrowserRouter (C:\Users\Admin\graceful_books\node_modules\react-router-dom\dist\umd\react-router-dom.development.js:695:7)

stderr | src/pages/auth/Signup.test.tsx > Signup Page with Charity Selection > account creation > should navigate to onboarding after signup
Warning: An update to Signup inside a test was not wrapped in act(...).

When testing, code that causes React state updates should be wrapped into act(...):

act(() => {
  /* fire events that update state */
});
/* assert on the output */

This ensures that you're testing the behavior the user would see in the browser. Learn more at https://reactjs.org/link/wrap-tests-with-act
    at Signup (C:/Users/Admin/graceful_books/src/pages/auth/Signup.tsx:11:67)
    at Router (C:\Users\Admin\graceful_books\node_modules\react-router\dist\umd\react-router.development.js:1207:17)
    at BrowserRouter (C:\Users\Admin\graceful_books\node_modules\react-router-dom\dist\umd\react-router-dom.development.js:695:7)

stderr | src/pages/auth/Signup.test.tsx > Signup Page with Charity Selection > account creation > should navigate to onboarding after signup
Warning: An update to Signup inside a test was not wrapped in act(...).

When testing, code that causes React state updates should be wrapped into act(...):

act(() => {
  /* fire events that update state */
});
/* assert on the output */

This ensures that you're testing the behavior the user would see in the browser. Learn more at https://reactjs.org/link/wrap-tests-with-act
    at Signup (C:/Users/Admin/graceful_books/src/pages/auth/Signup.tsx:11:67)
    at Router (C:\Users\Admin\graceful_books\node_modules\react-router\dist\umd\react-router.development.js:1207:17)
    at BrowserRouter (C:\Users\Admin\graceful_books\node_modules\react-router-dom\dist\umd\react-router-dom.development.js:695:7)

stderr | src/pages/auth/Signup.test.tsx > Signup Page with Charity Selection > account creation > should navigate to onboarding after signup
Warning: An update to Signup inside a test was not wrapped in act(...).

When testing, code that causes React state updates should be wrapped into act(...):

act(() => {
  /* fire events that update state */
});
/* assert on the output */

This ensures that you're testing the behavior the user would see in the browser. Learn more at https://reactjs.org/link/wrap-tests-with-act
    at Signup (C:/Users/Admin/graceful_books/src/pages/auth/Signup.tsx:11:67)
    at Router (C:\Users\Admin\graceful_books\node_modules\react-router\dist\umd\react-router.development.js:1207:17)
    at BrowserRouter (C:\Users\Admin\graceful_books\node_modules\react-router-dom\dist\umd\react-router-dom.development.js:695:7)

stderr | src/pages/auth/Signup.test.tsx > Signup Page with Charity Selection > account creation > should navigate to onboarding after signup
Warning: An update to Signup inside a test was not wrapped in act(...).

When testing, code that causes React state updates should be wrapped into act(...):

act(() => {
  /* fire events that update state */
});
/* assert on the output */

This ensures that you're testing the behavior the user would see in the browser. Learn more at https://reactjs.org/link/wrap-tests-with-act
    at Signup (C:/Users/Admin/graceful_books/src/pages/auth/Signup.tsx:11:67)
    at Router (C:\Users\Admin\graceful_books\node_modules\react-router\dist\umd\react-router.development.js:1207:17)
    at BrowserRouter (C:\Users\Admin\graceful_books\node_modules\react-router-dom\dist\umd\react-router-dom.development.js:695:7)

stderr | src/pages/auth/Signup.test.tsx > Signup Page with Charity Selection > account creation > should navigate to onboarding after signup
Warning: An update to Signup inside a test was not wrapped in act(...).

When testing, code that causes React state updates should be wrapped into act(...):

act(() => {
  /* fire events that update state */
});
/* assert on the output */

This ensures that you're testing the behavior the user would see in the browser. Learn more at https://reactjs.org/link/wrap-tests-with-act
    at Signup (C:/Users/Admin/graceful_books/src/pages/auth/Signup.tsx:11:67)
    at Router (C:\Users\Admin\graceful_books\node_modules\react-router\dist\umd\react-router.development.js:1207:17)
    at BrowserRouter (C:\Users\Admin\graceful_books\node_modules\react-router-dom\dist\umd\react-router-dom.development.js:695:7)

stderr | src/pages/auth/Signup.test.tsx > Signup Page with Charity Selection > account creation > should navigate to onboarding after signup
Warning: An update to Signup inside a test was not wrapped in act(...).

When testing, code that causes React state updates should be wrapped into act(...):

act(() => {
  /* fire events that update state */
});
/* assert on the output */

This ensures that you're testing the behavior the user would see in the browser. Learn more at https://reactjs.org/link/wrap-tests-with-act
    at Signup (C:/Users/Admin/graceful_books/src/pages/auth/Signup.tsx:11:67)
    at Router (C:\Users\Admin\graceful_books\node_modules\react-router\dist\umd\react-router.development.js:1207:17)
    at BrowserRouter (C:\Users\Admin\graceful_books\node_modules\react-router-dom\dist\umd\react-router-dom.development.js:695:7)

stderr | src/pages/auth/Signup.test.tsx > Signup Page with Charity Selection > account creation > should navigate to onboarding after signup
Warning: An update to Signup inside a test was not wrapped in act(...).

When testing, code that causes React state updates should be wrapped into act(...):

act(() => {
  /* fire events that update state */
});
/* assert on the output */

This ensures that you're testing the behavior the user would see in the browser. Learn more at https://reactjs.org/link/wrap-tests-with-act
    at Signup (C:/Users/Admin/graceful_books/src/pages/auth/Signup.tsx:11:67)
    at Router (C:\Users\Admin\graceful_books\node_modules\react-router\dist\umd\react-router.development.js:1207:17)
    at BrowserRouter (C:\Users\Admin\graceful_books\node_modules\react-router-dom\dist\umd\react-router-dom.development.js:695:7)

stderr | src/pages/auth/Signup.test.tsx > Signup Page with Charity Selection > account creation > should navigate to onboarding after signup
Warning: An update to Signup inside a test was not wrapped in act(...).

When testing, code that causes React state updates should be wrapped into act(...):

act(() => {
  /* fire events that update state */
});
/* assert on the output */

This ensures that you're testing the behavior the user would see in the browser. Learn more at https://reactjs.org/link/wrap-tests-with-act
    at Signup (C:/Users/Admin/graceful_books/src/pages/auth/Signup.tsx:11:67)
    at Router (C:\Users\Admin\graceful_books\node_modules\react-router\dist\umd\react-router.development.js:1207:17)
    at BrowserRouter (C:\Users\Admin\graceful_books\node_modules\react-router-dom\dist\umd\react-router-dom.development.js:695:7)

stderr | src/pages/auth/Signup.test.tsx > Signup Page with Charity Selection > account creation > should navigate to onboarding after signup
Warning: An update to Signup inside a test was not wrapped in act(...).

When testing, code that causes React state updates should be wrapped into act(...):

act(() => {
  /* fire events that update state */
});
/* assert on the output */

This ensures that you're testing the behavior the user would see in the browser. Learn more at https://reactjs.org/link/wrap-tests-with-act
    at Signup (C:/Users/Admin/graceful_books/src/pages/auth/Signup.tsx:11:67)
    at Router (C:\Users\Admin\graceful_books\node_modules\react-router\dist\umd\react-router.development.js:1207:17)
    at BrowserRouter (C:\Users\Admin\graceful_books\node_modules\react-router-dom\dist\umd\react-router-dom.development.js:695:7)

stderr | src/pages/auth/Signup.test.tsx > Signup Page with Charity Selection > account creation > should navigate to onboarding after signup
Warning: An update to Signup inside a test was not wrapped in act(...).

When testing, code that causes React state updates should be wrapped into act(...):

act(() => {
  /* fire events that update state */
});
/* assert on the output */

This ensures that you're testing the behavior the user would see in the browser. Learn more at https://reactjs.org/link/wrap-tests-with-act
    at Signup (C:/Users/Admin/graceful_books/src/pages/auth/Signup.tsx:11:67)
    at Router (C:\Users\Admin\graceful_books\node_modules\react-router\dist\umd\react-router.development.js:1207:17)
    at BrowserRouter (C:\Users\Admin\graceful_books\node_modules\react-router-dom\dist\umd\react-router-dom.development.js:695:7)

stderr | src/pages/auth/Signup.test.tsx > Signup Page with Charity Selection > account creation > should navigate to onboarding after signup
Warning: An update to Signup inside a test was not wrapped in act(...).

When testing, code that causes React state updates should be wrapped into act(...):

act(() => {
  /* fire events that update state */
});
/* assert on the output */

This ensures that you're testing the behavior the user would see in the browser. Learn more at https://reactjs.org/link/wrap-tests-with-act
    at Signup (C:/Users/Admin/graceful_books/src/pages/auth/Signup.tsx:11:67)
    at Router (C:\Users\Admin\graceful_books\node_modules\react-router\dist\umd\react-router.development.js:1207:17)
    at BrowserRouter (C:\Users\Admin\graceful_books\node_modules\react-router-dom\dist\umd\react-router-dom.development.js:695:7)

stdout | src/pages/auth/Signup.test.tsx > Signup Page with Charity Selection > account creation > should show alert if trying to create account without selecting charity
🌐 API Request: GET https://api.audacious.money/products

stderr | src/pages/auth/Signup.test.tsx > Signup Page with Charity Selection > account creation > should show alert if trying to create account without selecting charity
Warning: An update to Signup inside a test was not wrapped in act(...).

When testing, code that causes React state updates should be wrapped into act(...):

act(() => {
  /* fire events that update state */
});
/* assert on the output */

This ensures that you're testing the behavior the user would see in the browser. Learn more at https://reactjs.org/link/wrap-tests-with-act
    at Signup (C:/Users/Admin/graceful_books/src/pages/auth/Signup.tsx:11:67)
    at Router (C:\Users\Admin\graceful_books\node_modules\react-router\dist\umd\react-router.development.js:1207:17)
    at BrowserRouter (C:\Users\Admin\graceful_books\node_modules\react-router-dom\dist\umd\react-router-dom.development.js:695:7)

stderr | src/pages/auth/Signup.test.tsx > Signup Page with Charity Selection > account creation > should show alert if trying to create account without selecting charity
Warning: An update to Signup inside a test was not wrapped in act(...).

When testing, code that causes React state updates should be wrapped into act(...):

act(() => {
  /* fire events that update state */
});
/* assert on the output */

This ensures that you're testing the behavior the user would see in the browser. Learn more at https://reactjs.org/link/wrap-tests-with-act
    at Signup (C:/Users/Admin/graceful_books/src/pages/auth/Signup.tsx:11:67)
    at Router (C:\Users\Admin\graceful_books\node_modules\react-router\dist\umd\react-router.development.js:1207:17)
    at BrowserRouter (C:\Users\Admin\graceful_books\node_modules\react-router-dom\dist\umd\react-router-dom.development.js:695:7)

stderr | src/pages/auth/Signup.test.tsx > Signup Page with Charity Selection > account creation > should show alert if trying to create account without selecting charity
Warning: An update to Signup inside a test was not wrapped in act(...).

When testing, code that causes React state updates should be wrapped into act(...):

act(() => {
  /* fire events that update state */
});
/* assert on the output */

This ensures that you're testing the behavior the user would see in the browser. Learn more at https://reactjs.org/link/wrap-tests-with-act
    at Signup (C:/Users/Admin/graceful_books/src/pages/auth/Signup.tsx:11:67)
    at Router (C:\Users\Admin\graceful_books\node_modules\react-router\dist\umd\react-router.development.js:1207:17)
    at BrowserRouter (C:\Users\Admin\graceful_books\node_modules\react-router-dom\dist\umd\react-router-dom.development.js:695:7)

stderr | src/pages/auth/Signup.test.tsx > Signup Page with Charity Selection > account creation > should show alert if trying to create account without selecting charity
Warning: An update to Signup inside a test was not wrapped in act(...).

When testing, code that causes React state updates should be wrapped into act(...):

act(() => {
  /* fire events that update state */
});
/* assert on the output */

This ensures that you're testing the behavior the user would see in the browser. Learn more at https://reactjs.org/link/wrap-tests-with-act
    at Signup (C:/Users/Admin/graceful_books/src/pages/auth/Signup.tsx:11:67)
    at Router (C:\Users\Admin\graceful_books\node_modules\react-router\dist\umd\react-router.development.js:1207:17)
    at BrowserRouter (C:\Users\Admin\graceful_books\node_modules\react-router-dom\dist\umd\react-router-dom.development.js:695:7)

stderr | src/pages/auth/Signup.test.tsx > Signup Page with Charity Selection > account creation > should show alert if trying to create account without selecting charity
Warning: An update to Signup inside a test was not wrapped in act(...).

When testing, code that causes React state updates should be wrapped into act(...):

act(() => {
  /* fire events that update state */
});
/* assert on the output */

This ensures that you're testing the behavior the user would see in the browser. Learn more at https://reactjs.org/link/wrap-tests-with-act
    at Signup (C:/Users/Admin/graceful_books/src/pages/auth/Signup.tsx:11:67)
    at Router (C:\Users\Admin\graceful_books\node_modules\react-router\dist\umd\react-router.development.js:1207:17)
    at BrowserRouter (C:\Users\Admin\graceful_books\node_modules\react-router-dom\dist\umd\react-router-dom.development.js:695:7)

stderr | src/pages/auth/Signup.test.tsx > Signup Page with Charity Selection > account creation > should show alert if trying to create account without selecting charity
Warning: An update to Signup inside a test was not wrapped in act(...).

When testing, code that causes React state updates should be wrapped into act(...):

act(() => {
  /* fire events that update state */
});
/* assert on the output */

This ensures that you're testing the behavior the user would see in the browser. Learn more at https://reactjs.org/link/wrap-tests-with-act
    at Signup (C:/Users/Admin/graceful_books/src/pages/auth/Signup.tsx:11:67)
    at Router (C:\Users\Admin\graceful_books\node_modules\react-router\dist\umd\react-router.development.js:1207:17)
    at BrowserRouter (C:\Users\Admin\graceful_books\node_modules\react-router-dom\dist\umd\react-router-dom.development.js:695:7)

stderr | src/pages/auth/Signup.test.tsx > Signup Page with Charity Selection > account creation > should show alert if trying to create account without selecting charity
Warning: An update to Signup inside a test was not wrapped in act(...).

When testing, code that causes React state updates should be wrapped into act(...):

act(() => {
  /* fire events that update state */
});
/* assert on the output */

This ensures that you're testing the behavior the user would see in the browser. Learn more at https://reactjs.org/link/wrap-tests-with-act
    at Signup (C:/Users/Admin/graceful_books/src/pages/auth/Signup.tsx:11:67)
    at Router (C:\Users\Admin\graceful_books\node_modules\react-router\dist\umd\react-router.development.js:1207:17)
    at BrowserRouter (C:\Users\Admin\graceful_books\node_modules\react-router-dom\dist\umd\react-router-dom.development.js:695:7)

stderr | src/pages/auth/Signup.test.tsx > Signup Page with Charity Selection > account creation > should show alert if trying to create account without selecting charity
Warning: An update to Signup inside a test was not wrapped in act(...).

When testing, code that causes React state updates should be wrapped into act(...):

act(() => {
  /* fire events that update state */
});
/* assert on the output */

This ensures that you're testing the behavior the user would see in the browser. Learn more at https://reactjs.org/link/wrap-tests-with-act
    at Signup (C:/Users/Admin/graceful_books/src/pages/auth/Signup.tsx:11:67)
    at Router (C:\Users\Admin\graceful_books\node_modules\react-router\dist\umd\react-router.development.js:1207:17)
    at BrowserRouter (C:\Users\Admin\graceful_books\node_modules\react-router-dom\dist\umd\react-router-dom.development.js:695:7)

stderr | src/pages/auth/Signup.test.tsx > Signup Page with Charity Selection > account creation > should show alert if trying to create account without selecting charity
Warning: An update to Signup inside a test was not wrapped in act(...).

When testing, code that causes React state updates should be wrapped into act(...):

act(() => {
  /* fire events that update state */
});
/* assert on the output */

This ensures that you're testing the behavior the user would see in the browser. Learn more at https://reactjs.org/link/wrap-tests-with-act
    at Signup (C:/Users/Admin/graceful_books/src/pages/auth/Signup.tsx:11:67)
    at Router (C:\Users\Admin\graceful_books\node_modules\react-router\dist\umd\react-router.development.js:1207:17)
    at BrowserRouter (C:\Users\Admin\graceful_books\node_modules\react-router-dom\dist\umd\react-router-dom.development.js:695:7)

stderr | src/pages/auth/Signup.test.tsx > Signup Page with Charity Selection > account creation > should show alert if trying to create account without selecting charity
Warning: An update to Signup inside a test was not wrapped in act(...).

When testing, code that causes React state updates should be wrapped into act(...):

act(() => {
  /* fire events that update state */
});
/* assert on the output */

This ensures that you're testing the behavior the user would see in the browser. Learn more at https://reactjs.org/link/wrap-tests-with-act
    at Signup (C:/Users/Admin/graceful_books/src/pages/auth/Signup.tsx:11:67)
    at Router (C:\Users\Admin\graceful_books\node_modules\react-router\dist\umd\react-router.development.js:1207:17)
    at BrowserRouter (C:\Users\Admin\graceful_books\node_modules\react-router-dom\dist\umd\react-router-dom.development.js:695:7)

stderr | src/pages/auth/Signup.test.tsx > Signup Page with Charity Selection > account creation > should show alert if trying to create account without selecting charity
Warning: An update to Signup inside a test was not wrapped in act(...).

When testing, code that causes React state updates should be wrapped into act(...):

act(() => {
  /* fire events that update state */
});
/* assert on the output */

This ensures that you're testing the behavior the user would see in the browser. Learn more at https://reactjs.org/link/wrap-tests-with-act
    at Signup (C:/Users/Admin/graceful_books/src/pages/auth/Signup.tsx:11:67)
    at Router (C:\Users\Admin\graceful_books\node_modules\react-router\dist\umd\react-router.development.js:1207:17)
    at BrowserRouter (C:\Users\Admin\graceful_books\node_modules\react-router-dom\dist\umd\react-router-dom.development.js:695:7)

stderr | src/pages/auth/Signup.test.tsx > Signup Page with Charity Selection > account creation > should show alert if trying to create account without selecting charity
Warning: An update to Signup inside a test was not wrapped in act(...).

When testing, code that causes React state updates should be wrapped into act(...):

act(() => {
  /* fire events that update state */
});
/* assert on the output */

This ensures that you're testing the behavior the user would see in the browser. Learn more at https://reactjs.org/link/wrap-tests-with-act
    at Signup (C:/Users/Admin/graceful_books/src/pages/auth/Signup.tsx:11:67)
    at Router (C:\Users\Admin\graceful_books\node_modules\react-router\dist\umd\react-router.development.js:1207:17)
    at BrowserRouter (C:\Users\Admin\graceful_books\node_modules\react-router-dom\dist\umd\react-router-dom.development.js:695:7)

stderr | src/pages/auth/Signup.test.tsx > Signup Page with Charity Selection > account creation > should show alert if trying to create account without selecting charity
Warning: An update to Signup inside a test was not wrapped in act(...).

When testing, code that causes React state updates should be wrapped into act(...):

act(() => {
  /* fire events that update state */
});
/* assert on the output */

This ensures that you're testing the behavior the user would see in the browser. Learn more at https://reactjs.org/link/wrap-tests-with-act
    at Signup (C:/Users/Admin/graceful_books/src/pages/auth/Signup.tsx:11:67)
    at Router (C:\Users\Admin\graceful_books\node_modules\react-router\dist\umd\react-router.development.js:1207:17)
    at BrowserRouter (C:\Users\Admin\graceful_books\node_modules\react-router-dom\dist\umd\react-router-dom.development.js:695:7)

stderr | src/pages/auth/Signup.test.tsx > Signup Page with Charity Selection > account creation > should show alert if trying to create account without selecting charity
Warning: An update to Signup inside a test was not wrapped in act(...).

When testing, code that causes React state updates should be wrapped into act(...):

act(() => {
  /* fire events that update state */
});
/* assert on the output */

This ensures that you're testing the behavior the user would see in the browser. Learn more at https://reactjs.org/link/wrap-tests-with-act
    at Signup (C:/Users/Admin/graceful_books/src/pages/auth/Signup.tsx:11:67)
    at Router (C:\Users\Admin\graceful_books\node_modules\react-router\dist\umd\react-router.development.js:1207:17)
    at BrowserRouter (C:\Users\Admin\graceful_books\node_modules\react-router-dom\dist\umd\react-router-dom.development.js:695:7)

stderr | src/pages/auth/Signup.test.tsx > Signup Page with Charity Selection > account creation > should show alert if trying to create account without selecting charity
Warning: An update to Signup inside a test was not wrapped in act(...).

When testing, code that causes React state updates should be wrapped into act(...):

act(() => {
  /* fire events that update state */
});
/* assert on the output */

This ensures that you're testing the behavior the user would see in the browser. Learn more at https://reactjs.org/link/wrap-tests-with-act
    at Signup (C:/Users/Admin/graceful_books/src/pages/auth/Signup.tsx:11:67)
    at Router (C:\Users\Admin\graceful_books\node_modules\react-router\dist\umd\react-router.development.js:1207:17)
    at BrowserRouter (C:\Users\Admin\graceful_books\node_modules\react-router-dom\dist\umd\react-router-dom.development.js:695:7)

stderr | src/pages/auth/Signup.test.tsx > Signup Page with Charity Selection > account creation > should show alert if trying to create account without selecting charity
Warning: An update to Signup inside a test was not wrapped in act(...).

When testing, code that causes React state updates should be wrapped into act(...):

act(() => {
  /* fire events that update state */
});
/* assert on the output */

This ensures that you're testing the behavior the user would see in the browser. Learn more at https://reactjs.org/link/wrap-tests-with-act
    at Signup (C:/Users/Admin/graceful_books/src/pages/auth/Signup.tsx:11:67)
    at Router (C:\Users\Admin\graceful_books\node_modules\react-router\dist\umd\react-router.development.js:1207:17)
    at BrowserRouter (C:\Users\Admin\graceful_books\node_modules\react-router-dom\dist\umd\react-router-dom.development.js:695:7)

stderr | src/pages/auth/Signup.test.tsx > Signup Page with Charity Selection > account creation > should show alert if trying to create account without selecting charity
Warning: An update to Signup inside a test was not wrapped in act(...).

When testing, code that causes React state updates should be wrapped into act(...):

act(() => {
  /* fire events that update state */
});
/* assert on the output */

This ensures that you're testing the behavior the user would see in the browser. Learn more at https://reactjs.org/link/wrap-tests-with-act
    at Signup (C:/Users/Admin/graceful_books/src/pages/auth/Signup.tsx:11:67)
    at Router (C:\Users\Admin\graceful_books\node_modules\react-router\dist\umd\react-router.development.js:1207:17)
    at BrowserRouter (C:\Users\Admin\graceful_books\node_modules\react-router-dom\dist\umd\react-router-dom.development.js:695:7)

stderr | src/pages/auth/Signup.test.tsx > Signup Page with Charity Selection > account creation > should show alert if trying to create account without selecting charity
Warning: An update to Signup inside a test was not wrapped in act(...).

When testing, code that causes React state updates should be wrapped into act(...):

act(() => {
  /* fire events that update state */
});
/* assert on the output */

This ensures that you're testing the behavior the user would see in the browser. Learn more at https://reactjs.org/link/wrap-tests-with-act
    at Signup (C:/Users/Admin/graceful_books/src/pages/auth/Signup.tsx:11:67)
    at Router (C:\Users\Admin\graceful_books\node_modules\react-router\dist\umd\react-router.development.js:1207:17)
    at BrowserRouter (C:\Users\Admin\graceful_books\node_modules\react-router-dom\dist\umd\react-router-dom.development.js:695:7)

stderr | src/pages/auth/Signup.test.tsx > Signup Page with Charity Selection > account creation > should show alert if trying to create account without selecting charity
Warning: An update to Signup inside a test was not wrapped in act(...).

When testing, code that causes React state updates should be wrapped into act(...):

act(() => {
  /* fire events that update state */
});
/* assert on the output */

This ensures that you're testing the behavior the user would see in the browser. Learn more at https://reactjs.org/link/wrap-tests-with-act
    at Signup (C:/Users/Admin/graceful_books/src/pages/auth/Signup.tsx:11:67)
    at Router (C:\Users\Admin\graceful_books\node_modules\react-router\dist\umd\react-router.development.js:1207:17)
    at BrowserRouter (C:\Users\Admin\graceful_books\node_modules\react-router-dom\dist\umd\react-router-dom.development.js:695:7)

stdout | src/pages/auth/Signup.test.tsx > Signup Page with Charity Selection > account creation > should show alert if trying to create account without selecting charity
🌐 Response status: 200 OK

stderr | src/pages/auth/Signup.test.tsx > Signup Page with Charity Selection > account creation > should show alert if trying to create account without selecting charity
Warning: An update to Signup inside a test was not wrapped in act(...).

When testing, code that causes React state updates should be wrapped into act(...):

act(() => {
  /* fire events that update state */
});
/* assert on the output */

This ensures that you're testing the behavior the user would see in the browser. Learn more at https://reactjs.org/link/wrap-tests-with-act
    at Signup (C:/Users/Admin/graceful_books/src/pages/auth/Signup.tsx:11:67)
    at Router (C:\Users\Admin\graceful_books\node_modules\react-router\dist\umd\react-router.development.js:1207:17)
    at BrowserRouter (C:\Users\Admin\graceful_books\node_modules\react-router-dom\dist\umd\react-router-dom.development.js:695:7)

stderr | src/pages/auth/Signup.test.tsx > Signup Page with Charity Selection > account creation > should show alert if trying to create account without selecting charity
Warning: An update to Signup inside a test was not wrapped in act(...).

When testing, code that causes React state updates should be wrapped into act(...):

act(() => {
  /* fire events that update state */
});
/* assert on the output */

This ensures that you're testing the behavior the user would see in the browser. Learn more at https://reactjs.org/link/wrap-tests-with-act
    at Signup (C:/Users/Admin/graceful_books/src/pages/auth/Signup.tsx:11:67)
    at Router (C:\Users\Admin\graceful_books\node_modules\react-router\dist\umd\react-router.development.js:1207:17)
    at BrowserRouter (C:\Users\Admin\graceful_books\node_modules\react-router-dom\dist\umd\react-router-dom.development.js:695:7)

stderr | src/pages/auth/Signup.test.tsx > Signup Page with Charity Selection > account creation > should show alert if trying to create account without selecting charity
Warning: An update to Signup inside a test was not wrapped in act(...).

When testing, code that causes React state updates should be wrapped into act(...):

act(() => {
  /* fire events that update state */
});
/* assert on the output */

This ensures that you're testing the behavior the user would see in the browser. Learn more at https://reactjs.org/link/wrap-tests-with-act
    at Signup (C:/Users/Admin/graceful_books/src/pages/auth/Signup.tsx:11:67)
    at Router (C:\Users\Admin\graceful_books\node_modules\react-router\dist\umd\react-router.development.js:1207:17)
    at BrowserRouter (C:\Users\Admin\graceful_books\node_modules\react-router-dom\dist\umd\react-router-dom.development.js:695:7)

stderr | src/pages/auth/Signup.test.tsx > Signup Page with Charity Selection > account creation > should show alert if trying to create account without selecting charity
Warning: An update to Signup inside a test was not wrapped in act(...).

When testing, code that causes React state updates should be wrapped into act(...):

act(() => {
  /* fire events that update state */
});
/* assert on the output */

This ensures that you're testing the behavior the user would see in the browser. Learn more at https://reactjs.org/link/wrap-tests-with-act
    at Signup (C:/Users/Admin/graceful_books/src/pages/auth/Signup.tsx:11:67)
    at Router (C:\Users\Admin\graceful_books\node_modules\react-router\dist\umd\react-router.development.js:1207:17)
    at BrowserRouter (C:\Users\Admin\graceful_books\node_modules\react-router-dom\dist\umd\react-router-dom.development.js:695:7)

stderr | src/pages/auth/Signup.test.tsx > Signup Page with Charity Selection > account creation > should show alert if trying to create account without selecting charity
Warning: An update to Signup inside a test was not wrapped in act(...).

When testing, code that causes React state updates should be wrapped into act(...):

act(() => {
  /* fire events that update state */
});
/* assert on the output */

This ensures that you're testing the behavior the user would see in the browser. Learn more at https://reactjs.org/link/wrap-tests-with-act
    at Signup (C:/Users/Admin/graceful_books/src/pages/auth/Signup.tsx:11:67)
    at Router (C:\Users\Admin\graceful_books\node_modules\react-router\dist\umd\react-router.development.js:1207:17)
    at BrowserRouter (C:\Users\Admin\graceful_books\node_modules\react-router-dom\dist\umd\react-router-dom.development.js:695:7)

stderr | src/pages/auth/Signup.test.tsx > Signup Page with Charity Selection > account creation > should show alert if trying to create account without selecting charity
Warning: An update to Signup inside a test was not wrapped in act(...).

When testing, code that causes React state updates should be wrapped into act(...):

act(() => {
  /* fire events that update state */
});
/* assert on the output */

This ensures that you're testing the behavior the user would see in the browser. Learn more at https://reactjs.org/link/wrap-tests-with-act
    at Signup (C:/Users/Admin/graceful_books/src/pages/auth/Signup.tsx:11:67)
    at Router (C:\Users\Admin\graceful_books\node_modules\react-router\dist\umd\react-router.development.js:1207:17)
    at BrowserRouter (C:\Users\Admin\graceful_books\node_modules\react-router-dom\dist\umd\react-router-dom.development.js:695:7)

stderr | src/pages/auth/Signup.test.tsx > Signup Page with Charity Selection > account creation > should show alert if trying to create account without selecting charity
Warning: An update to Signup inside a test was not wrapped in act(...).

When testing, code that causes React state updates should be wrapped into act(...):

act(() => {
  /* fire events that update state */
});
/* assert on the output */

This ensures that you're testing the behavior the user would see in the browser. Learn more at https://reactjs.org/link/wrap-tests-with-act
    at Signup (C:/Users/Admin/graceful_books/src/pages/auth/Signup.tsx:11:67)
    at Router (C:\Users\Admin\graceful_books\node_modules\react-router\dist\umd\react-router.development.js:1207:17)
    at BrowserRouter (C:\Users\Admin\graceful_books\node_modules\react-router-dom\dist\umd\react-router-dom.development.js:695:7)

stderr | src/pages/auth/Signup.test.tsx > Signup Page with Charity Selection > account creation > should show alert if trying to create account without selecting charity
Warning: An update to Signup inside a test was not wrapped in act(...).

When testing, code that causes React state updates should be wrapped into act(...):

act(() => {
  /* fire events that update state */
});
/* assert on the output */

This ensures that you're testing the behavior the user would see in the browser. Learn more at https://reactjs.org/link/wrap-tests-with-act
    at Signup (C:/Users/Admin/graceful_books/src/pages/auth/Signup.tsx:11:67)
    at Router (C:\Users\Admin\graceful_books\node_modules\react-router\dist\umd\react-router.development.js:1207:17)
    at BrowserRouter (C:\Users\Admin\graceful_books\node_modules\react-router-dom\dist\umd\react-router-dom.development.js:695:7)

stderr | src/pages/auth/Signup.test.tsx > Signup Page with Charity Selection > account creation > should show alert if trying to create account without selecting charity
Warning: An update to Signup inside a test was not wrapped in act(...).

When testing, code that causes React state updates should be wrapped into act(...):

act(() => {
  /* fire events that update state */
});
/* assert on the output */

This ensures that you're testing the behavior the user would see in the browser. Learn more at https://reactjs.org/link/wrap-tests-with-act
    at Signup (C:/Users/Admin/graceful_books/src/pages/auth/Signup.tsx:11:67)
    at Router (C:\Users\Admin\graceful_books\node_modules\react-router\dist\umd\react-router.development.js:1207:17)
    at BrowserRouter (C:\Users\Admin\graceful_books\node_modules\react-router-dom\dist\umd\react-router-dom.development.js:695:7)

stderr | src/pages/auth/Signup.test.tsx > Signup Page with Charity Selection > account creation > should show alert if trying to create account without selecting charity
Warning: An update to Signup inside a test was not wrapped in act(...).

When testing, code that causes React state updates should be wrapped into act(...):

act(() => {
  /* fire events that update state */
});
/* assert on the output */

This ensures that you're testing the behavior the user would see in the browser. Learn more at https://reactjs.org/link/wrap-tests-with-act
    at Signup (C:/Users/Admin/graceful_books/src/pages/auth/Signup.tsx:11:67)
    at Router (C:\Users\Admin\graceful_books\node_modules\react-router\dist\umd\react-router.development.js:1207:17)
    at BrowserRouter (C:\Users\Admin\graceful_books\node_modules\react-router-dom\dist\umd\react-router-dom.development.js:695:7)

stderr | src/pages/auth/Signup.test.tsx > Signup Page with Charity Selection > account creation > should show alert if trying to create account without selecting charity
Warning: An update to Signup inside a test was not wrapped in act(...).

When testing, code that causes React state updates should be wrapped into act(...):

act(() => {
  /* fire events that update state */
});
/* assert on the output */

This ensures that you're testing the behavior the user would see in the browser. Learn more at https://reactjs.org/link/wrap-tests-with-act
    at Signup (C:/Users/Admin/graceful_books/src/pages/auth/Signup.tsx:11:67)
    at Router (C:\Users\Admin\graceful_books\node_modules\react-router\dist\umd\react-router.development.js:1207:17)
    at BrowserRouter (C:\Users\Admin\graceful_books\node_modules\react-router-dom\dist\umd\react-router-dom.development.js:695:7)

stderr | src/pages/auth/Signup.test.tsx > Signup Page with Charity Selection > account creation > should show alert if trying to create account without selecting charity
Warning: An update to Signup inside a test was not wrapped in act(...).

When testing, code that causes React state updates should be wrapped into act(...):

act(() => {
  /* fire events that update state */
});
/* assert on the output */

This ensures that you're testing the behavior the user would see in the browser. Learn more at https://reactjs.org/link/wrap-tests-with-act
    at Signup (C:/Users/Admin/graceful_books/src/pages/auth/Signup.tsx:11:67)
    at Router (C:\Users\Admin\graceful_books\node_modules\react-router\dist\umd\react-router.development.js:1207:17)
    at BrowserRouter (C:\Users\Admin\graceful_books\node_modules\react-router-dom\dist\umd\react-router-dom.development.js:695:7)

stderr | src/pages/auth/Signup.test.tsx > Signup Page with Charity Selection > account creation > should show alert if trying to create account without selecting charity
Warning: An update to Signup inside a test was not wrapped in act(...).

When testing, code that causes React state updates should be wrapped into act(...):

act(() => {
  /* fire events that update state */
});
/* assert on the output */

This ensures that you're testing the behavior the user would see in the browser. Learn more at https://reactjs.org/link/wrap-tests-with-act
    at Signup (C:/Users/Admin/graceful_books/src/pages/auth/Signup.tsx:11:67)
    at Router (C:\Users\Admin\graceful_books\node_modules\react-router\dist\umd\react-router.development.js:1207:17)
    at BrowserRouter (C:\Users\Admin\graceful_books\node_modules\react-router-dom\dist\umd\react-router-dom.development.js:695:7)

stderr | src/pages/auth/Signup.test.tsx > Signup Page with Charity Selection > account creation > should show alert if trying to create account without selecting charity
Warning: An update to Signup inside a test was not wrapped in act(...).

When testing, code that causes React state updates should be wrapped into act(...):

act(() => {
  /* fire events that update state */
});
/* assert on the output */

This ensures that you're testing the behavior the user would see in the browser. Learn more at https://reactjs.org/link/wrap-tests-with-act
    at Signup (C:/Users/Admin/graceful_books/src/pages/auth/Signup.tsx:11:67)
    at Router (C:\Users\Admin\graceful_books\node_modules\react-router\dist\umd\react-router.development.js:1207:17)
    at BrowserRouter (C:\Users\Admin\graceful_books\node_modules\react-router-dom\dist\umd\react-router-dom.development.js:695:7)

stderr | src/pages/auth/Signup.test.tsx > Signup Page with Charity Selection > account creation > should show alert if trying to create account without selecting charity
Warning: An update to Signup inside a test was not wrapped in act(...).

When testing, code that causes React state updates should be wrapped into act(...):

act(() => {
  /* fire events that update state */
});
/* assert on the output */

This ensures that you're testing the behavior the user would see in the browser. Learn more at https://reactjs.org/link/wrap-tests-with-act
    at Signup (C:/Users/Admin/graceful_books/src/pages/auth/Signup.tsx:11:67)
    at Router (C:\Users\Admin\graceful_books\node_modules\react-router\dist\umd\react-router.development.js:1207:17)
    at BrowserRouter (C:\Users\Admin\graceful_books\node_modules\react-router-dom\dist\umd\react-router-dom.development.js:695:7)

stderr | src/pages/auth/Signup.test.tsx > Signup Page with Charity Selection > account creation > should show alert if trying to create account without selecting charity
Warning: An update to Signup inside a test was not wrapped in act(...).

When testing, code that causes React state updates should be wrapped into act(...):

act(() => {
  /* fire events that update state */
});
/* assert on the output */

This ensures that you're testing the behavior the user would see in the browser. Learn more at https://reactjs.org/link/wrap-tests-with-act
    at Signup (C:/Users/Admin/graceful_books/src/pages/auth/Signup.tsx:11:67)
    at Router (C:\Users\Admin\graceful_books\node_modules\react-router\dist\umd\react-router.development.js:1207:17)
    at BrowserRouter (C:\Users\Admin\graceful_books\node_modules\react-router-dom\dist\umd\react-router-dom.development.js:695:7)

stderr | src/pages/auth/Signup.test.tsx > Signup Page with Charity Selection > account creation > should show alert if trying to create account without selecting charity
Warning: An update to Signup inside a test was not wrapped in act(...).

When testing, code that causes React state updates should be wrapped into act(...):

act(() => {
  /* fire events that update state */
});
/* assert on the output */

This ensures that you're testing the behavior the user would see in the browser. Learn more at https://reactjs.org/link/wrap-tests-with-act
    at Signup (C:/Users/Admin/graceful_books/src/pages/auth/Signup.tsx:11:67)
    at Router (C:\Users\Admin\graceful_books\node_modules\react-router\dist\umd\react-router.development.js:1207:17)
    at BrowserRouter (C:\Users\Admin\graceful_books\node_modules\react-router-dom\dist\umd\react-router-dom.development.js:695:7)

stderr | src/pages/auth/Signup.test.tsx > Signup Page with Charity Selection > account creation > should show alert if trying to create account without selecting charity
Warning: An update to Signup inside a test was not wrapped in act(...).

When testing, code that causes React state updates should be wrapped into act(...):

act(() => {
  /* fire events that update state */
});
/* assert on the output */

This ensures that you're testing the behavior the user would see in the browser. Learn more at https://reactjs.org/link/wrap-tests-with-act
    at Signup (C:/Users/Admin/graceful_books/src/pages/auth/Signup.tsx:11:67)
    at Router (C:\Users\Admin\graceful_books\node_modules\react-router\dist\umd\react-router.development.js:1207:17)
    at BrowserRouter (C:\Users\Admin\graceful_books\node_modules\react-router-dom\dist\umd\react-router-dom.development.js:695:7)

stderr | src/pages/auth/Signup.test.tsx > Signup Page with Charity Selection > account creation > should show alert if trying to create account without selecting charity
Warning: An update to Signup inside a test was not wrapped in act(...).

When testing, code that causes React state updates should be wrapped into act(...):

act(() => {
  /* fire events that update state */
});
/* assert on the output */

This ensures that you're testing the behavior the user would see in the browser. Learn more at https://reactjs.org/link/wrap-tests-with-act
    at Signup (C:/Users/Admin/graceful_books/src/pages/auth/Signup.tsx:11:67)
    at Router (C:\Users\Admin\graceful_books\node_modules\react-router\dist\umd\react-router.development.js:1207:17)
    at BrowserRouter (C:\Users\Admin\graceful_books\node_modules\react-router-dom\dist\umd\react-router-dom.development.js:695:7)

stderr | src/pages/auth/Signup.test.tsx > Signup Page with Charity Selection > account creation > should show alert if trying to create account without selecting charity
Warning: An update to Signup inside a test was not wrapped in act(...).

When testing, code that causes React state updates should be wrapped into act(...):

act(() => {
  /* fire events that update state */
});
/* assert on the output */

This ensures that you're testing the behavior the user would see in the browser. Learn more at https://reactjs.org/link/wrap-tests-with-act
    at Signup (C:/Users/Admin/graceful_books/src/pages/auth/Signup.tsx:11:67)
    at Router (C:\Users\Admin\graceful_books\node_modules\react-router\dist\umd\react-router.development.js:1207:17)
    at BrowserRouter (C:\Users\Admin\graceful_books\node_modules\react-router-dom\dist\umd\react-router-dom.development.js:695:7)

 ❯ src/pages/auth/Signup.test.tsx (17 tests | 12 failed) 25652ms
       × should show validation error when passwords do not match 1384ms
       × should proceed to charity selection when passwords match 2150ms
       × should show charity selector after credentials step 1919ms
       × should display charities from the store 1837ms
       × should allow selecting a charity 2185ms
       × should have disabled Create Account button when no charity selected 1933ms
       × should enable Create Account button when charity is selected 2489ms
       × should go back to credentials step when Back is clicked 3373ms
       × should preserve credentials when going back and forward 1762ms
       × should save user data to localStorage on signup 1715ms
       × should navigate to onboarding after signup 1826ms
       × should show alert if trying to create account without selecting charity 1801ms
stderr | src/pages/cpg/tabs/RawMaterialsTab.test.tsx > RawMaterialsTab > Rendering > renders "no matches" state when filters exclude all invoices
Warning: An update to RawMaterialsTab inside a test was not wrapped in act(...).

When testing, code that causes React state updates should be wrapped into act(...):

act(() => {
  /* fire events that update state */
});
/* assert on the output */

This ensures that you're testing the behavior the user would see in the browser. Learn more at https://reactjs.org/link/wrap-tests-with-act
    at RawMaterialsTab (C:/Users/Admin/graceful_books/src/pages/cpg/tabs/RawMaterialsTab.tsx:9:3)

stderr | src/pages/cpg/tabs/RawMaterialsTab.test.tsx > RawMaterialsTab > Rendering > renders "no matches" state when filters exclude all invoices
Warning: An update to RawMaterialsTab inside a test was not wrapped in act(...).

When testing, code that causes React state updates should be wrapped into act(...):

act(() => {
  /* fire events that update state */
});
/* assert on the output */

This ensures that you're testing the behavior the user would see in the browser. Learn more at https://reactjs.org/link/wrap-tests-with-act
    at RawMaterialsTab (C:/Users/Admin/graceful_books/src/pages/cpg/tabs/RawMaterialsTab.tsx:9:3)

stderr | src/pages/cpg/tabs/RawMaterialsTab.test.tsx > RawMaterialsTab > Rendering > renders "no matches" state when filters exclude all invoices
Warning: An update to RawMaterialsTab inside a test was not wrapped in act(...).

When testing, code that causes React state updates should be wrapped into act(...):

act(() => {
  /* fire events that update state */
});
/* assert on the output */

This ensures that you're testing the behavior the user would see in the browser. Learn more at https://reactjs.org/link/wrap-tests-with-act
    at RawMaterialsTab (C:/Users/Admin/graceful_books/src/pages/cpg/tabs/RawMaterialsTab.tsx:9:3)

stderr | src/pages/cpg/tabs/RawMaterialsTab.test.tsx > RawMaterialsTab > Rendering > renders "no matches" state when filters exclude all invoices
Warning: An update to RawMaterialsTab inside a test was not wrapped in act(...).

When testing, code that causes React state updates should be wrapped into act(...):

act(() => {
  /* fire events that update state */
});
/* assert on the output */

This ensures that you're testing the behavior the user would see in the browser. Learn more at https://reactjs.org/link/wrap-tests-with-act
    at RawMaterialsTab (C:/Users/Admin/graceful_books/src/pages/cpg/tabs/RawMaterialsTab.tsx:9:3)

stderr | src/pages/cpg/tabs/RawMaterialsTab.test.tsx > RawMaterialsTab > Rendering > renders "no matches" state when filters exclude all invoices
Warning: An update to RawMaterialsTab inside a test was not wrapped in act(...).

When testing, code that causes React state updates should be wrapped into act(...):

act(() => {
  /* fire events that update state */
});
/* assert on the output */

This ensures that you're testing the behavior the user would see in the browser. Learn more at https://reactjs.org/link/wrap-tests-with-act
    at RawMaterialsTab (C:/Users/Admin/graceful_books/src/pages/cpg/tabs/RawMaterialsTab.tsx:9:3)

stderr | src/pages/cpg/tabs/RawMaterialsTab.test.tsx > RawMaterialsTab > Rendering > renders "no matches" state when filters exclude all invoices
Warning: An update to RawMaterialsTab inside a test was not wrapped in act(...).

When testing, code that causes React state updates should be wrapped into act(...):

act(() => {
  /* fire events that update state */
});
/* assert on the output */

This ensures that you're testing the behavior the user would see in the browser. Learn more at https://reactjs.org/link/wrap-tests-with-act
    at RawMaterialsTab (C:/Users/Admin/graceful_books/src/pages/cpg/tabs/RawMaterialsTab.tsx:9:3)

stderr | src/pages/cpg/tabs/RawMaterialsTab.test.tsx > RawMaterialsTab > Rendering > renders "no matches" state when filters exclude all invoices
Warning: An update to RawMaterialsTab inside a test was not wrapped in act(...).

When testing, code that causes React state updates should be wrapped into act(...):

act(() => {
  /* fire events that update state */
});
/* assert on the output */

This ensures that you're testing the behavior the user would see in the browser. Learn more at https://reactjs.org/link/wrap-tests-with-act
    at RawMaterialsTab (C:/Users/Admin/graceful_books/src/pages/cpg/tabs/RawMaterialsTab.tsx:9:3)

stderr | src/pages/cpg/tabs/RawMaterialsTab.test.tsx > RawMaterialsTab > Rendering > renders "no matches" state when filters exclude all invoices
Warning: An update to RawMaterialsTab inside a test was not wrapped in act(...).

When testing, code that causes React state updates should be wrapped into act(...):

act(() => {
  /* fire events that update state */
});
/* assert on the output */

This ensures that you're testing the behavior the user would see in the browser. Learn more at https://reactjs.org/link/wrap-tests-with-act
    at RawMaterialsTab (C:/Users/Admin/graceful_books/src/pages/cpg/tabs/RawMaterialsTab.tsx:9:3)

stderr | src/pages/cpg/tabs/RawMaterialsTab.test.tsx > RawMaterialsTab > Rendering > renders "no matches" state when filters exclude all invoices
Warning: An update to RawMaterialsTab inside a test was not wrapped in act(...).

When testing, code that causes React state updates should be wrapped into act(...):

act(() => {
  /* fire events that update state */
});
/* assert on the output */

This ensures that you're testing the behavior the user would see in the browser. Learn more at https://reactjs.org/link/wrap-tests-with-act
    at RawMaterialsTab (C:/Users/Admin/graceful_books/src/pages/cpg/tabs/RawMaterialsTab.tsx:9:3)

stderr | src/pages/cpg/tabs/RawMaterialsTab.test.tsx > RawMaterialsTab > Rendering > renders "no matches" state when filters exclude all invoices
Warning: An update to RawMaterialsTab inside a test was not wrapped in act(...).

When testing, code that causes React state updates should be wrapped into act(...):

act(() => {
  /* fire events that update state */
});
/* assert on the output */

This ensures that you're testing the behavior the user would see in the browser. Learn more at https://reactjs.org/link/wrap-tests-with-act
    at RawMaterialsTab (C:/Users/Admin/graceful_books/src/pages/cpg/tabs/RawMaterialsTab.tsx:9:3)

stderr | src/pages/cpg/tabs/RawMaterialsTab.test.tsx > RawMaterialsTab > Rendering > renders "no matches" state when filters exclude all invoices
Warning: An update to RawMaterialsTab inside a test was not wrapped in act(...).

When testing, code that causes React state updates should be wrapped into act(...):

act(() => {
  /* fire events that update state */
});
/* assert on the output */

This ensures that you're testing the behavior the user would see in the browser. Learn more at https://reactjs.org/link/wrap-tests-with-act
    at RawMaterialsTab (C:/Users/Admin/graceful_books/src/pages/cpg/tabs/RawMaterialsTab.tsx:9:3)

stderr | src/pages/cpg/tabs/RawMaterialsTab.test.tsx > RawMaterialsTab > Rendering > renders "no matches" state when filters exclude all invoices
Warning: An update to RawMaterialsTab inside a test was not wrapped in act(...).

When testing, code that causes React state updates should be wrapped into act(...):

act(() => {
  /* fire events that update state */
});
/* assert on the output */

This ensures that you're testing the behavior the user would see in the browser. Learn more at https://reactjs.org/link/wrap-tests-with-act
    at RawMaterialsTab (C:/Users/Admin/graceful_books/src/pages/cpg/tabs/RawMaterialsTab.tsx:9:3)

stderr | src/pages/cpg/tabs/RawMaterialsTab.test.tsx > RawMaterialsTab > Rendering > renders "no matches" state when filters exclude all invoices
Warning: An update to RawMaterialsTab inside a test was not wrapped in act(...).

When testing, code that causes React state updates should be wrapped into act(...):

act(() => {
  /* fire events that update state */
});
/* assert on the output */

This ensures that you're testing the behavior the user would see in the browser. Learn more at https://reactjs.org/link/wrap-tests-with-act
    at RawMaterialsTab (C:/Users/Admin/graceful_books/src/pages/cpg/tabs/RawMaterialsTab.tsx:9:3)

stderr | src/pages/cpg/tabs/RawMaterialsTab.test.tsx > RawMaterialsTab > Rendering > renders "no matches" state when filters exclude all invoices
Warning: An update to RawMaterialsTab inside a test was not wrapped in act(...).

When testing, code that causes React state updates should be wrapped into act(...):

act(() => {
  /* fire events that update state */
});
/* assert on the output */

This ensures that you're testing the behavior the user would see in the browser. Learn more at https://reactjs.org/link/wrap-tests-with-act
    at RawMaterialsTab (C:/Users/Admin/graceful_books/src/pages/cpg/tabs/RawMaterialsTab.tsx:9:3)

stderr | src/pages/cpg/tabs/RawMaterialsTab.test.tsx > RawMaterialsTab > Rendering > renders "no matches" state when filters exclude all invoices
Warning: An update to RawMaterialsTab inside a test was not wrapped in act(...).

When testing, code that causes React state updates should be wrapped into act(...):

act(() => {
  /* fire events that update state */
});
/* assert on the output */

This ensures that you're testing the behavior the user would see in the browser. Learn more at https://reactjs.org/link/wrap-tests-with-act
    at RawMaterialsTab (C:/Users/Admin/graceful_books/src/pages/cpg/tabs/RawMaterialsTab.tsx:9:3)

stderr | src/pages/cpg/tabs/RawMaterialsTab.test.tsx > RawMaterialsTab > Rendering > renders "no matches" state when filters exclude all invoices
Warning: An update to RawMaterialsTab inside a test was not wrapped in act(...).

When testing, code that causes React state updates should be wrapped into act(...):

act(() => {
  /* fire events that update state */
});
/* assert on the output */

This ensures that you're testing the behavior the user would see in the browser. Learn more at https://reactjs.org/link/wrap-tests-with-act
    at RawMaterialsTab (C:/Users/Admin/graceful_books/src/pages/cpg/tabs/RawMaterialsTab.tsx:9:3)

stderr | src/pages/cpg/tabs/RawMaterialsTab.test.tsx > RawMaterialsTab > Rendering > renders "no matches" state when filters exclude all invoices
Warning: An update to RawMaterialsTab inside a test was not wrapped in act(...).

When testing, code that causes React state updates should be wrapped into act(...):

act(() => {
  /* fire events that update state */
});
/* assert on the output */

This ensures that you're testing the behavior the user would see in the browser. Learn more at https://reactjs.org/link/wrap-tests-with-act
    at RawMaterialsTab (C:/Users/Admin/graceful_books/src/pages/cpg/tabs/RawMaterialsTab.tsx:9:3)

stderr | src/pages/cpg/tabs/RawMaterialsTab.test.tsx > RawMaterialsTab > Date Range Filtering > shows custom date inputs when custom selected
Warning: An update to RawMaterialsTab inside a test was not wrapped in act(...).

When testing, code that causes React state updates should be wrapped into act(...):

act(() => {
  /* fire events that update state */
});
/* assert on the output */

This ensures that you're testing the behavior the user would see in the browser. Learn more at https://reactjs.org/link/wrap-tests-with-act
    at RawMaterialsTab (C:/Users/Admin/graceful_books/src/pages/cpg/tabs/RawMaterialsTab.tsx:9:3)

stderr | src/pages/cpg/tabs/RawMaterialsTab.test.tsx > RawMaterialsTab > Clear Filters > clears all active filters when Clear Filters clicked
Warning: An update to RawMaterialsTab inside a test was not wrapped in act(...).

When testing, code that causes React state updates should be wrapped into act(...):

act(() => {
  /* fire events that update state */
});
/* assert on the output */

This ensures that you're testing the behavior the user would see in the browser. Learn more at https://reactjs.org/link/wrap-tests-with-act
    at RawMaterialsTab (C:/Users/Admin/graceful_books/src/pages/cpg/tabs/RawMaterialsTab.tsx:9:3)

stderr | src/pages/cpg/tabs/RawMaterialsTab.test.tsx > RawMaterialsTab > Clear Filters > clears all active filters when Clear Filters clicked
Warning: An update to RawMaterialsTab inside a test was not wrapped in act(...).

When testing, code that causes React state updates should be wrapped into act(...):

act(() => {
  /* fire events that update state */
});
/* assert on the output */

This ensures that you're testing the behavior the user would see in the browser. Learn more at https://reactjs.org/link/wrap-tests-with-act
    at RawMaterialsTab (C:/Users/Admin/graceful_books/src/pages/cpg/tabs/RawMaterialsTab.tsx:9:3)

stderr | src/pages/cpg/tabs/RawMaterialsTab.test.tsx > RawMaterialsTab > Clear Filters > clears all active filters when Clear Filters clicked
Warning: An update to RawMaterialsTab inside a test was not wrapped in act(...).

When testing, code that causes React state updates should be wrapped into act(...):

act(() => {
  /* fire events that update state */
});
/* assert on the output */

This ensures that you're testing the behavior the user would see in the browser. Learn more at https://reactjs.org/link/wrap-tests-with-act
    at RawMaterialsTab (C:/Users/Admin/graceful_books/src/pages/cpg/tabs/RawMaterialsTab.tsx:9:3)

stderr | src/pages/cpg/tabs/RawMaterialsTab.test.tsx > RawMaterialsTab > Clear Filters > clears all active filters when Clear Filters clicked
Warning: An update to RawMaterialsTab inside a test was not wrapped in act(...).

When testing, code that causes React state updates should be wrapped into act(...):

act(() => {
  /* fire events that update state */
});
/* assert on the output */

This ensures that you're testing the behavior the user would see in the browser. Learn more at https://reactjs.org/link/wrap-tests-with-act
    at RawMaterialsTab (C:/Users/Admin/graceful_books/src/pages/cpg/tabs/RawMaterialsTab.tsx:9:3)

stderr | src/pages/cpg/tabs/RawMaterialsTab.test.tsx > RawMaterialsTab > Clear Filters > clears all active filters when Clear Filters clicked
Warning: An update to RawMaterialsTab inside a test was not wrapped in act(...).

When testing, code that causes React state updates should be wrapped into act(...):

act(() => {
  /* fire events that update state */
});
/* assert on the output */

This ensures that you're testing the behavior the user would see in the browser. Learn more at https://reactjs.org/link/wrap-tests-with-act
    at RawMaterialsTab (C:/Users/Admin/graceful_books/src/pages/cpg/tabs/RawMaterialsTab.tsx:9:3)

stderr | src/pages/cpg/tabs/RawMaterialsTab.test.tsx > RawMaterialsTab > Clear Filters > clears all active filters when Clear Filters clicked
Warning: An update to RawMaterialsTab inside a test was not wrapped in act(...).

When testing, code that causes React state updates should be wrapped into act(...):

act(() => {
  /* fire events that update state */
});
/* assert on the output */

This ensures that you're testing the behavior the user would see in the browser. Learn more at https://reactjs.org/link/wrap-tests-with-act
    at RawMaterialsTab (C:/Users/Admin/graceful_books/src/pages/cpg/tabs/RawMaterialsTab.tsx:9:3)

stderr | src/pages/cpg/tabs/RawMaterialsTab.test.tsx > RawMaterialsTab > Clear Filters > clears all active filters when Clear Filters clicked
Warning: An update to RawMaterialsTab inside a test was not wrapped in act(...).

When testing, code that causes React state updates should be wrapped into act(...):

act(() => {
  /* fire events that update state */
});
/* assert on the output */

This ensures that you're testing the behavior the user would see in the browser. Learn more at https://reactjs.org/link/wrap-tests-with-act
    at RawMaterialsTab (C:/Users/Admin/graceful_books/src/pages/cpg/tabs/RawMaterialsTab.tsx:9:3)

stderr | src/pages/cpg/tabs/RawMaterialsTab.test.tsx > RawMaterialsTab > Clear Filters > clears all active filters when Clear Filters clicked
Warning: An update to RawMaterialsTab inside a test was not wrapped in act(...).

When testing, code that causes React state updates should be wrapped into act(...):

act(() => {
  /* fire events that update state */
});
/* assert on the output */

This ensures that you're testing the behavior the user would see in the browser. Learn more at https://reactjs.org/link/wrap-tests-with-act
    at RawMaterialsTab (C:/Users/Admin/graceful_books/src/pages/cpg/tabs/RawMaterialsTab.tsx:9:3)

stderr | src/pages/cpg/tabs/RawMaterialsTab.test.tsx > RawMaterialsTab > Clear Filters > clears all active filters when Clear Filters clicked
Warning: An update to RawMaterialsTab inside a test was not wrapped in act(...).

When testing, code that causes React state updates should be wrapped into act(...):

act(() => {
  /* fire events that update state */
});
/* assert on the output */

This ensures that you're testing the behavior the user would see in the browser. Learn more at https://reactjs.org/link/wrap-tests-with-act
    at RawMaterialsTab (C:/Users/Admin/graceful_books/src/pages/cpg/tabs/RawMaterialsTab.tsx:9:3)

 ❯ src/pages/cpg/tabs/RawMaterialsTab.test.tsx (34 tests | 19 failed) 9354ms
       × renders the raw materials panel 1200ms
       × renders "no matches" state when filters exclude all invoices 706ms
       × renders invoice table with data 544ms
       × renders statistics dashboard 86ms
       × has default preset of 3 months 57ms
       × shows custom date inputs when custom selected 139ms
       × defaults to date descending sort 522ms
       × sorts by date ascending when date header clicked 475ms
       × sorts by vendor when vendor header clicked 502ms
       × sorts by total ascending/descending when total header clicked 458ms
       × calculates total spent correctly 44ms
       × calculates average invoice amount 62ms
       × shows invoice count 45ms
       × calls onViewInvoice when view button clicked 445ms
       × calls onEditInvoice when edit button clicked 457ms
       × calls onDuplicateInvoice when duplicate button clicked 439ms
       × has proper table semantics 464ms
       × has sortable column headers with aria-sort 419ms
       × clears all active filters when Clear Filters clicked 746ms
stdout | src/components/settings/DataSafetyPanel.test.tsx > DataSafetyPanel > Security Information Section > should display security information
🔄 DataSafetyPanel mounted, loading backup data...
[FileSystemBackup] Retrieving directory handle 

stdout | src/components/settings/DataSafetyPanel.test.tsx > DataSafetyPanel > Security Information Section > should display security information
[FileSystemBackup] No stored directory handle found 
🔍 No handle found in IndexedDB

stdout | src/components/settings/DataSafetyPanel.test.tsx > DataSafetyPanel > Security Information Section > should display security information
[FileSystemBackup] Retrieving directory handle 

stdout | src/components/settings/DataSafetyPanel.test.tsx > DataSafetyPanel > Security Information Section > should display security information
[FileSystemBackup] No stored directory handle found 
🔍 No handle found in IndexedDB

stdout | src/components/settings/DataSafetyPanel.test.tsx > DataSafetyPanel > Security Information Section > should display security information
📊 Directory status: { configured: false }
✅ Backup status loaded: {
  enabled: false,
  location: null,
  lastBackup: null,
  nextBackup: null,
  error: null
}
📖 Loading backup history from IndexedDB...

stdout | src/components/settings/DataSafetyPanel.test.tsx > DataSafetyPanel > Security Information Section > should display security information
📦 Raw backups from DB: []
✅ Sorted backups (newest first): []

stdout | src/components/settings/DataSafetyPanel.test.tsx > DataSafetyPanel > Security Information Section > should display security information
📜 Backup history loaded: []

stdout | src/components/settings/DataSafetyPanel.test.tsx > DataSafetyPanel > Accessibility > should be keyboard navigable
🔄 DataSafetyPanel mounted, loading backup data...
[FileSystemBackup] Retrieving directory handle 

stdout | src/components/settings/DataSafetyPanel.test.tsx > DataSafetyPanel > Accessibility > should be keyboard navigable
✅ Backup added to history successfully: {
  id: 'backup-1777752668785',
  filename: 'test-backup.gbbackup',
  timestamp: 2026-05-02T20:11:08.785Z,
  size: 4,
  status: 'success'
}

stdout | src/components/settings/DataSafetyPanel.test.tsx > DataSafetyPanel > Accessibility > should be keyboard navigable
[FileSystemBackup] No stored directory handle found 
🔍 No handle found in IndexedDB

stdout | src/components/settings/DataSafetyPanel.test.tsx > DataSafetyPanel > Accessibility > should be keyboard navigable
[FileSystemBackup] Retrieving directory handle 

stdout | src/components/settings/DataSafetyPanel.test.tsx > DataSafetyPanel > Accessibility > should be keyboard navigable
🔍 Verification - backup in DB: {
  id: 'backup-1777752668785',
  filename: 'test-backup.gbbackup',
  timestamp: 2026-05-02T20:11:08.785Z,
  size: 4,
  status: 'success'
}

stdout | src/components/settings/DataSafetyPanel.test.tsx > DataSafetyPanel > Accessibility > should be keyboard navigable
📖 Loading backup history from IndexedDB...

stdout | src/components/settings/DataSafetyPanel.test.tsx > DataSafetyPanel > Accessibility > should be keyboard navigable
[FileSystemBackup] No stored directory handle found 
🔍 No handle found in IndexedDB

stdout | src/components/settings/DataSafetyPanel.test.tsx > DataSafetyPanel > Accessibility > should be keyboard navigable
📊 Directory status: { configured: false }
✅ Backup status loaded: {
  enabled: false,
  location: null,
  lastBackup: null,
  nextBackup: null,
  error: null
}
📖 Loading backup history from IndexedDB...

stdout | src/components/settings/DataSafetyPanel.test.tsx > DataSafetyPanel > Accessibility > should be keyboard navigable
📦 Raw backups from DB: [
  {
    id: 'backup-1777752668174',
    filename: 'test-backup.gbbackup',
    timestamp: 2026-05-02T20:11:08.174Z,
    size: 4,
    status: 'success'
  },
  {
    id: 'backup-1777752668284',
    filename: 'test-backup.gbbackup',
    timestamp: 2026-05-02T20:11:08.284Z,
    size: 4,
    status: 'success'
  },
  {
    id: 'backup-1777752668664',
    filename: 'test-backup.gbbackup',
    timestamp: 2026-05-02T20:11:08.664Z,
    size: 4,
    status: 'success'
  },
  {
    id: 'backup-1777752668785',
    filename: 'test-backup.gbbackup',
    timestamp: 2026-05-02T20:11:08.785Z,
    size: 4,
    status: 'success'
  }
]
✅ Sorted backups (newest first): [
  {
    id: 'backup-1777752668785',
    filename: 'test-backup.gbbackup',
    timestamp: 2026-05-02T20:11:08.785Z,
    size: 4,
    status: 'success'
  },
  {
    id: 'backup-1777752668664',
    filename: 'test-backup.gbbackup',
    timestamp: 2026-05-02T20:11:08.664Z,
    size: 4,
    status: 'success'
  },
  {
    id: 'backup-1777752668284',
    filename: 'test-backup.gbbackup',
    timestamp: 2026-05-02T20:11:08.284Z,
    size: 4,
    status: 'success'
  },
  {
    id: 'backup-1777752668174',
    filename: 'test-backup.gbbackup',
    timestamp: 2026-05-02T20:11:08.174Z,
    size: 4,
    status: 'success'
  }
]

stdout | src/components/settings/DataSafetyPanel.test.tsx > DataSafetyPanel > Accessibility > should be keyboard navigable
📦 Raw backups from DB: [
  {
    id: 'backup-1777752668174',
    filename: 'test-backup.gbbackup',
    timestamp: 2026-05-02T20:11:08.174Z,
    size: 4,
    status: 'success'
  },
  {
    id: 'backup-1777752668284',
    filename: 'test-backup.gbbackup',
    timestamp: 2026-05-02T20:11:08.284Z,
    size: 4,
    status: 'success'
  },
  {
    id: 'backup-1777752668664',
    filename: 'test-backup.gbbackup',
    timestamp: 2026-05-02T20:11:08.664Z,
    size: 4,
    status: 'success'
  },
  {
    id: 'backup-1777752668785',
    filename: 'test-backup.gbbackup',
    timestamp: 2026-05-02T20:11:08.785Z,
    size: 4,
    status: 'success'
  }
]
✅ Sorted backups (newest first): [
  {
    id: 'backup-1777752668785',
    filename: 'test-backup.gbbackup',
    timestamp: 2026-05-02T20:11:08.785Z,
    size: 4,
    status: 'success'
  },
  {
    id: 'backup-1777752668664',
    filename: 'test-backup.gbbackup',
    timestamp: 2026-05-02T20:11:08.664Z,
    size: 4,
    status: 'success'
  },
  {
    id: 'backup-1777752668284',
    filename: 'test-backup.gbbackup',
    timestamp: 2026-05-02T20:11:08.284Z,
    size: 4,
    status: 'success'
  },
  {
    id: 'backup-1777752668174',
    filename: 'test-backup.gbbackup',
    timestamp: 2026-05-02T20:11:08.174Z,
    size: 4,
    status: 'success'
  }
]

stdout | src/components/settings/DataSafetyPanel.test.tsx > DataSafetyPanel > Accessibility > should be keyboard navigable
📜 Backup history loaded: [
  {
    id: 'backup-1777752668785',
    filename: 'test-backup.gbbackup',
    timestamp: 2026-05-02T20:11:08.785Z,
    size: 4,
    status: 'success'
  },
  {
    id: 'backup-1777752668664',
    filename: 'test-backup.gbbackup',
    timestamp: 2026-05-02T20:11:08.664Z,
    size: 4,
    status: 'success'
  },
  {
    id: 'backup-1777752668284',
    filename: 'test-backup.gbbackup',
    timestamp: 2026-05-02T20:11:08.284Z,
    size: 4,
    status: 'success'
  },
  {
    id: 'backup-1777752668174',
    filename: 'test-backup.gbbackup',
    timestamp: 2026-05-02T20:11:08.174Z,
    size: 4,
    status: 'success'
  }
]

stdout | src/components/settings/DataSafetyPanel.test.tsx > DataSafetyPanel > Steadiness Communication Style > should not blame user in error messages
🔄 DataSafetyPanel mounted, loading backup data...
[FileSystemBackup] Retrieving directory handle 

stdout | src/components/settings/DataSafetyPanel.test.tsx > DataSafetyPanel > Steadiness Communication Style > should not blame user in error messages
[FileSystemBackup] No stored directory handle found 
🔍 No handle found in IndexedDB

stdout | src/components/settings/DataSafetyPanel.test.tsx > DataSafetyPanel > Steadiness Communication Style > should not blame user in error messages
[FileSystemBackup] Retrieving directory handle 

stdout | src/components/settings/DataSafetyPanel.test.tsx > DataSafetyPanel > Steadiness Communication Style > should not blame user in error messages
[FileSystemBackup] No stored directory handle found 
🔍 No handle found in IndexedDB

stdout | src/components/settings/DataSafetyPanel.test.tsx > DataSafetyPanel > Steadiness Communication Style > should not blame user in error messages
📊 Directory status: { configured: false }
✅ Backup status loaded: {
  enabled: false,
  location: null,
  lastBackup: null,
  nextBackup: null,
  error: null
}
📖 Loading backup history from IndexedDB...

stdout | src/components/settings/DataSafetyPanel.test.tsx > DataSafetyPanel > Steadiness Communication Style > should not blame user in error messages
📦 Raw backups from DB: [
  {
    id: 'backup-1777752668174',
    filename: 'test-backup.gbbackup',
    timestamp: 2026-05-02T20:11:08.174Z,
    size: 4,
    status: 'success'
  },
  {
    id: 'backup-1777752668284',
    filename: 'test-backup.gbbackup',
    timestamp: 2026-05-02T20:11:08.284Z,
    size: 4,
    status: 'success'
  },
  {
    id: 'backup-1777752668664',
    filename: 'test-backup.gbbackup',
    timestamp: 2026-05-02T20:11:08.664Z,
    size: 4,
    status: 'success'
  },
  {
    id: 'backup-1777752668785',
    filename: 'test-backup.gbbackup',
    timestamp: 2026-05-02T20:11:08.785Z,
    size: 4,
    status: 'success'
  },
  {
    id: 'backup-1777752668958',
    filename: 'test-backup.gbbackup',
    timestamp: 2026-05-02T20:11:08.958Z,
    size: 4,
    status: 'success'
  }
]
✅ Sorted backups (newest first): [
  {
    id: 'backup-1777752668958',
    filename: 'test-backup.gbbackup',
    timestamp: 2026-05-02T20:11:08.958Z,
    size: 4,
    status: 'success'
  },
  {
    id: 'backup-1777752668785',
    filename: 'test-backup.gbbackup',
    timestamp: 2026-05-02T20:11:08.785Z,
    size: 4,
    status: 'success'
  },
  {
    id: 'backup-1777752668664',
    filename: 'test-backup.gbbackup',
    timestamp: 2026-05-02T20:11:08.664Z,
    size: 4,
    status: 'success'
  },
  {
    id: 'backup-1777752668284',
    filename: 'test-backup.gbbackup',
    timestamp: 2026-05-02T20:11:08.284Z,
    size: 4,
    status: 'success'
  },
  {
    id: 'backup-1777752668174',
    filename: 'test-backup.gbbackup',
    timestamp: 2026-05-02T20:11:08.174Z,
    size: 4,
    status: 'success'
  }
]

stdout | src/components/settings/DataSafetyPanel.test.tsx > DataSafetyPanel > Steadiness Communication Style > should not blame user in error messages
📜 Backup history loaded: [
  {
    id: 'backup-1777752668958',
    filename: 'test-backup.gbbackup',
    timestamp: 2026-05-02T20:11:08.958Z,
    size: 4,
    status: 'success'
  },
  {
    id: 'backup-1777752668785',
    filename: 'test-backup.gbbackup',
    timestamp: 2026-05-02T20:11:08.785Z,
    size: 4,
    status: 'success'
  },
  {
    id: 'backup-1777752668664',
    filename: 'test-backup.gbbackup',
    timestamp: 2026-05-02T20:11:08.664Z,
    size: 4,
    status: 'success'
  },
  {
    id: 'backup-1777752668284',
    filename: 'test-backup.gbbackup',
    timestamp: 2026-05-02T20:11:08.284Z,
    size: 4,
    status: 'success'
  },
  {
    id: 'backup-1777752668174',
    filename: 'test-backup.gbbackup',
    timestamp: 2026-05-02T20:11:08.174Z,
    size: 4,
    status: 'success'
  }
]

stderr | src/components/settings/DataSafetyPanel.test.tsx > DataSafetyPanel > Steadiness Communication Style > should not blame user in error messages
Warning: An update to DataSafetyPanel inside a test was not wrapped in act(...).

When testing, code that causes React state updates should be wrapped into act(...):

act(() => {
  /* fire events that update state */
});
/* assert on the output */

This ensures that you're testing the behavior the user would see in the browser. Learn more at https://reactjs.org/link/wrap-tests-with-act
    at DataSafetyPanel (C:/Users/Admin/graceful_books/src/components/settings/DataSafetyPanel.tsx:18:28)
Warning: An update to DataSafetyPanel inside a test was not wrapped in act(...).

When testing, code that causes React state updates should be wrapped into act(...):

act(() => {
  /* fire events that update state */
});
/* assert on the output */

This ensures that you're testing the behavior the user would see in the browser. Learn more at https://reactjs.org/link/wrap-tests-with-act
    at DataSafetyPanel (C:/Users/Admin/graceful_books/src/components/settings/DataSafetyPanel.tsx:18:28)
Warning: An update to DataSafetyPanel inside a test was not wrapped in act(...).

When testing, code that causes React state updates should be wrapped into act(...):

act(() => {
  /* fire events that update state */
});
/* assert on the output */

This ensures that you're testing the behavior the user would see in the browser. Learn more at https://reactjs.org/link/wrap-tests-with-act
    at DataSafetyPanel (C:/Users/Admin/graceful_books/src/components/settings/DataSafetyPanel.tsx:18:28)

stdout | src/components/settings/DataSafetyPanel.test.tsx > DataSafetyPanel > Steadiness Communication Style > should not blame user in error messages
[FileSystemBackup] Retrieving directory handle 

stdout | src/components/settings/DataSafetyPanel.test.tsx > DataSafetyPanel > Steadiness Communication Style > should not blame user in error messages
[FileSystemBackup] No stored directory handle found 
🔍 No handle found in IndexedDB

stdout | src/components/settings/DataSafetyPanel.test.tsx > DataSafetyPanel > Steadiness Communication Style > should not blame user in error messages
🔍 Backup Now: Retrieved directory handle: null
⚠️ No directory handle found - falling back to Downloads folder

 ❯ src/components/settings/DataSafetyPanel.test.tsx (27 tests | 3 failed) 6318ms
       × should display security information 1030ms
       × should be keyboard navigable 59ms
       × should not blame user in error messages 3110ms
stderr | src/components/visualization/FinancialFlowWidget.test.tsx > FinancialFlowWidget > should return focus to expand button after closing
Warning: An update to FlowAnimation inside a test was not wrapped in act(...).

When testing, code that causes React state updates should be wrapped into act(...):

act(() => {
  /* fire events that update state */
});
/* assert on the output */

This ensures that you're testing the behavior the user would see in the browser. Learn more at https://reactjs.org/link/wrap-tests-with-act
    at FlowAnimation (C:/Users/Admin/graceful_books/src/components/visualization/FlowAnimation.tsx:7:3)
    at g
    at FlowAnimationQueue (C:/Users/Admin/graceful_books/src/components/visualization/FlowAnimation.tsx:232:3)
    at svg
    at FinancialFlowCanvas (C:/Users/Admin/graceful_books/src/components/visualization/FinancialFlowCanvas.tsx:8:3)
    at div
    at FinancialFlowWidget (C:/Users/Admin/graceful_books/src/components/visualization/FinancialFlowWidget.tsx:13:3)

stderr | src/components/visualization/FinancialFlowWidget.test.tsx > FinancialFlowWidget > should return focus to expand button after closing
Warning: An update to FlowAnimation inside a test was not wrapped in act(...).

When testing, code that causes React state updates should be wrapped into act(...):

act(() => {
  /* fire events that update state */
});
/* assert on the output */

This ensures that you're testing the behavior the user would see in the browser. Learn more at https://reactjs.org/link/wrap-tests-with-act
    at FlowAnimation (C:/Users/Admin/graceful_books/src/components/visualization/FlowAnimation.tsx:7:3)
    at g
    at FlowAnimationQueue (C:/Users/Admin/graceful_books/src/components/visualization/FlowAnimation.tsx:232:3)
    at svg
    at FinancialFlowCanvas (C:/Users/Admin/graceful_books/src/components/visualization/FinancialFlowCanvas.tsx:8:3)
    at div
    at FinancialFlowWidget (C:/Users/Admin/graceful_books/src/components/visualization/FinancialFlowWidget.tsx:13:3)

stderr | src/components/visualization/FinancialFlowWidget.test.tsx > FinancialFlowWidget > should return focus to expand button after closing
Warning: An update to FinancialFlowWidget inside a test was not wrapped in act(...).

When testing, code that causes React state updates should be wrapped into act(...):

act(() => {
  /* fire events that update state */
});
/* assert on the output */

This ensures that you're testing the behavior the user would see in the browser. Learn more at https://reactjs.org/link/wrap-tests-with-act
    at FinancialFlowWidget (C:/Users/Admin/graceful_books/src/components/visualization/FinancialFlowWidget.tsx:13:3)

stderr | src/components/visualization/FinancialFlowWidget.test.tsx > FinancialFlowWidget > should return focus to expand button after closing
Warning: An update to FlowAnimationQueue inside a test was not wrapped in act(...).

When testing, code that causes React state updates should be wrapped into act(...):

act(() => {
  /* fire events that update state */
});
/* assert on the output */

This ensures that you're testing the behavior the user would see in the browser. Learn more at https://reactjs.org/link/wrap-tests-with-act
    at FlowAnimationQueue (C:/Users/Admin/graceful_books/src/components/visualization/FlowAnimation.tsx:232:3)
    at svg
    at FinancialFlowCanvas (C:/Users/Admin/graceful_books/src/components/visualization/FinancialFlowCanvas.tsx:8:3)
    at div
    at div
    at div
    at FinancialFlowWidget (C:/Users/Admin/graceful_books/src/components/visualization/FinancialFlowWidget.tsx:13:3)
Warning: An update to FlowAnimationQueue inside a test was not wrapped in act(...).

When testing, code that causes React state updates should be wrapped into act(...):

act(() => {
  /* fire events that update state */
});
/* assert on the output */

This ensures that you're testing the behavior the user would see in the browser. Learn more at https://reactjs.org/link/wrap-tests-with-act
    at FlowAnimationQueue (C:/Users/Admin/graceful_books/src/components/visualization/FlowAnimation.tsx:232:3)
    at svg
    at FinancialFlowCanvas (C:/Users/Admin/graceful_books/src/components/visualization/FinancialFlowCanvas.tsx:8:3)
    at div
    at div
    at div
    at FinancialFlowWidget (C:/Users/Admin/graceful_books/src/components/visualization/FinancialFlowWidget.tsx:13:3)
Warning: An update to FinancialFlowCanvas inside a test was not wrapped in act(...).

When testing, code that causes React state updates should be wrapped into act(...):

act(() => {
  /* fire events that update state */
});
/* assert on the output */

This ensures that you're testing the behavior the user would see in the browser. Learn more at https://reactjs.org/link/wrap-tests-with-act
    at FinancialFlowCanvas (C:/Users/Admin/graceful_books/src/components/visualization/FinancialFlowCanvas.tsx:8:3)
    at div
    at div
    at div
    at FinancialFlowWidget (C:/Users/Admin/graceful_books/src/components/visualization/FinancialFlowWidget.tsx:13:3)

stderr | src/components/visualization/FinancialFlowWidget.test.tsx > FinancialFlowWidget > should return focus to expand button after closing
Warning: An update to FlowAnimationQueue inside a test was not wrapped in act(...).

When testing, code that causes React state updates should be wrapped into act(...):

act(() => {
  /* fire events that update state */
});
/* assert on the output */

This ensures that you're testing the behavior the user would see in the browser. Learn more at https://reactjs.org/link/wrap-tests-with-act
    at FlowAnimationQueue (C:/Users/Admin/graceful_books/src/components/visualization/FlowAnimation.tsx:232:3)
    at svg
    at FinancialFlowCanvas (C:/Users/Admin/graceful_books/src/components/visualization/FinancialFlowCanvas.tsx:8:3)
    at div
    at div
    at div
    at FinancialFlowWidget (C:/Users/Admin/graceful_books/src/components/visualization/FinancialFlowWidget.tsx:13:3)
Warning: An update to FlowAnimationQueue inside a test was not wrapped in act(...).

When testing, code that causes React state updates should be wrapped into act(...):

act(() => {
  /* fire events that update state */
});
/* assert on the output */

This ensures that you're testing the behavior the user would see in the browser. Learn more at https://reactjs.org/link/wrap-tests-with-act
    at FlowAnimationQueue (C:/Users/Admin/graceful_books/src/components/visualization/FlowAnimation.tsx:232:3)
    at svg
    at FinancialFlowCanvas (C:/Users/Admin/graceful_books/src/components/visualization/FinancialFlowCanvas.tsx:8:3)
    at div
    at div
    at div
    at FinancialFlowWidget (C:/Users/Admin/graceful_books/src/components/visualization/FinancialFlowWidget.tsx:13:3)

stderr | src/components/visualization/FinancialFlowWidget.test.tsx > FinancialFlowWidget > should return focus to expand button after closing
Warning: An update to FinancialFlowWidget inside a test was not wrapped in act(...).

When testing, code that causes React state updates should be wrapped into act(...):

act(() => {
  /* fire events that update state */
});
/* assert on the output */

This ensures that you're testing the behavior the user would see in the browser. Learn more at https://reactjs.org/link/wrap-tests-with-act
    at FinancialFlowWidget (C:/Users/Admin/graceful_books/src/components/visualization/FinancialFlowWidget.tsx:13:3)

stderr | src/components/visualization/FinancialFlowWidget.test.tsx > FinancialFlowWidget > should return focus to expand button after closing
Warning: An update to FlowAnimationQueue inside a test was not wrapped in act(...).

When testing, code that causes React state updates should be wrapped into act(...):

act(() => {
  /* fire events that update state */
});
/* assert on the output */

This ensures that you're testing the behavior the user would see in the browser. Learn more at https://reactjs.org/link/wrap-tests-with-act
    at FlowAnimationQueue (C:/Users/Admin/graceful_books/src/components/visualization/FlowAnimation.tsx:232:3)
    at svg
    at FinancialFlowCanvas (C:/Users/Admin/graceful_books/src/components/visualization/FinancialFlowCanvas.tsx:8:3)
    at div
    at FinancialFlowWidget (C:/Users/Admin/graceful_books/src/components/visualization/FinancialFlowWidget.tsx:13:3)
Warning: An update to FlowAnimationQueue inside a test was not wrapped in act(...).

When testing, code that causes React state updates should be wrapped into act(...):

act(() => {
  /* fire events that update state */
});
/* assert on the output */

This ensures that you're testing the behavior the user would see in the browser. Learn more at https://reactjs.org/link/wrap-tests-with-act
    at FlowAnimationQueue (C:/Users/Admin/graceful_books/src/components/visualization/FlowAnimation.tsx:232:3)
    at svg
    at FinancialFlowCanvas (C:/Users/Admin/graceful_books/src/components/visualization/FinancialFlowCanvas.tsx:8:3)
    at div
    at FinancialFlowWidget (C:/Users/Admin/graceful_books/src/components/visualization/FinancialFlowWidget.tsx:13:3)
Warning: An update to FinancialFlowCanvas inside a test was not wrapped in act(...).

When testing, code that causes React state updates should be wrapped into act(...):

act(() => {
  /* fire events that update state */
});
/* assert on the output */

This ensures that you're testing the behavior the user would see in the browser. Learn more at https://reactjs.org/link/wrap-tests-with-act
    at FinancialFlowCanvas (C:/Users/Admin/graceful_books/src/components/visualization/FinancialFlowCanvas.tsx:8:3)
    at div
    at FinancialFlowWidget (C:/Users/Admin/graceful_books/src/components/visualization/FinancialFlowWidget.tsx:13:3)

 ❯ src/components/visualization/FinancialFlowWidget.test.tsx (18 tests | 1 failed) 5250ms
     × should return focus to expand button after closing 343ms
stderr | src/components/onboarding/BackupLocationSetup.test.tsx > BackupLocationSetup > Folder Selection Flow > should call onComplete with directory path when folder is chosen
Warning: An update to BackupLocationSetup inside a test was not wrapped in act(...).

When testing, code that causes React state updates should be wrapped into act(...):

act(() => {
  /* fire events that update state */
});
/* assert on the output */

This ensures that you're testing the behavior the user would see in the browser. Learn more at https://reactjs.org/link/wrap-tests-with-act
    at BackupLocationSetup (C:/Users/Admin/graceful_books/src/components/onboarding/BackupLocationSetup.tsx:12:3)

stderr | src/components/onboarding/BackupLocationSetup.test.tsx > BackupLocationSetup > Folder Selection Flow > should call onComplete with directory path when folder is chosen
Warning: An update to BackupLocationSetup inside a test was not wrapped in act(...).

When testing, code that causes React state updates should be wrapped into act(...):

act(() => {
  /* fire events that update state */
});
/* assert on the output */

This ensures that you're testing the behavior the user would see in the browser. Learn more at https://reactjs.org/link/wrap-tests-with-act
    at BackupLocationSetup (C:/Users/Admin/graceful_books/src/components/onboarding/BackupLocationSetup.tsx:12:3)

stderr | src/components/onboarding/BackupLocationSetup.test.tsx > BackupLocationSetup > Folder Selection Flow > should show success state after folder is selected
Warning: An update to BackupLocationSetup inside a test was not wrapped in act(...).

When testing, code that causes React state updates should be wrapped into act(...):

act(() => {
  /* fire events that update state */
});
/* assert on the output */

This ensures that you're testing the behavior the user would see in the browser. Learn more at https://reactjs.org/link/wrap-tests-with-act
    at BackupLocationSetup (C:/Users/Admin/graceful_books/src/components/onboarding/BackupLocationSetup.tsx:12:3)

stderr | src/components/onboarding/BackupLocationSetup.test.tsx > BackupLocationSetup > Folder Selection Flow > should show success state after folder is selected
Warning: An update to BackupLocationSetup inside a test was not wrapped in act(...).

When testing, code that causes React state updates should be wrapped into act(...):

act(() => {
  /* fire events that update state */
});
/* assert on the output */

This ensures that you're testing the behavior the user would see in the browser. Learn more at https://reactjs.org/link/wrap-tests-with-act
    at BackupLocationSetup (C:/Users/Admin/graceful_books/src/components/onboarding/BackupLocationSetup.tsx:12:3)

stderr | src/components/onboarding/BackupLocationSetup.test.tsx > BackupLocationSetup > Success State > should show continue button in onboarding mode
Warning: An update to BackupLocationSetup inside a test was not wrapped in act(...).

When testing, code that causes React state updates should be wrapped into act(...):

act(() => {
  /* fire events that update state */
});
/* assert on the output */

This ensures that you're testing the behavior the user would see in the browser. Learn more at https://reactjs.org/link/wrap-tests-with-act
    at BackupLocationSetup (C:/Users/Admin/graceful_books/src/components/onboarding/BackupLocationSetup.tsx:12:3)

stderr | src/components/onboarding/BackupLocationSetup.test.tsx > BackupLocationSetup > Success State > should show continue button in onboarding mode
Warning: An update to BackupLocationSetup inside a test was not wrapped in act(...).

When testing, code that causes React state updates should be wrapped into act(...):

act(() => {
  /* fire events that update state */
});
/* assert on the output */

This ensures that you're testing the behavior the user would see in the browser. Learn more at https://reactjs.org/link/wrap-tests-with-act
    at BackupLocationSetup (C:/Users/Admin/graceful_books/src/components/onboarding/BackupLocationSetup.tsx:12:3)

stderr | src/components/onboarding/BackupLocationSetup.test.tsx > BackupLocationSetup > Success State > should not show continue button when not in onboarding mode
Warning: An update to BackupLocationSetup inside a test was not wrapped in act(...).

When testing, code that causes React state updates should be wrapped into act(...):

act(() => {
  /* fire events that update state */
});
/* assert on the output */

This ensures that you're testing the behavior the user would see in the browser. Learn more at https://reactjs.org/link/wrap-tests-with-act
    at BackupLocationSetup (C:/Users/Admin/graceful_books/src/components/onboarding/BackupLocationSetup.tsx:12:3)

stderr | src/components/onboarding/BackupLocationSetup.test.tsx > BackupLocationSetup > Success State > should not show continue button when not in onboarding mode
Warning: An update to BackupLocationSetup inside a test was not wrapped in act(...).

When testing, code that causes React state updates should be wrapped into act(...):

act(() => {
  /* fire events that update state */
});
/* assert on the output */

This ensures that you're testing the behavior the user would see in the browser. Learn more at https://reactjs.org/link/wrap-tests-with-act
    at BackupLocationSetup (C:/Users/Admin/graceful_books/src/components/onboarding/BackupLocationSetup.tsx:12:3)

stderr | src/components/onboarding/BackupLocationSetup.test.tsx > BackupLocationSetup > Accessibility > should have role="status" for success path display
Warning: An update to BackupLocationSetup inside a test was not wrapped in act(...).

When testing, code that causes React state updates should be wrapped into act(...):

act(() => {
  /* fire events that update state */
});
/* assert on the output */

This ensures that you're testing the behavior the user would see in the browser. Learn more at https://reactjs.org/link/wrap-tests-with-act
    at BackupLocationSetup (C:/Users/Admin/graceful_books/src/components/onboarding/BackupLocationSetup.tsx:12:3)

stderr | src/components/onboarding/BackupLocationSetup.test.tsx > BackupLocationSetup > Accessibility > should have role="status" for success path display
Warning: An update to BackupLocationSetup inside a test was not wrapped in act(...).

When testing, code that causes React state updates should be wrapped into act(...):

act(() => {
  /* fire events that update state */
});
/* assert on the output */

This ensures that you're testing the behavior the user would see in the browser. Learn more at https://reactjs.org/link/wrap-tests-with-act
    at BackupLocationSetup (C:/Users/Admin/graceful_books/src/components/onboarding/BackupLocationSetup.tsx:12:3)

 ❯ src/components/onboarding/BackupLocationSetup.test.tsx (24 tests | 9 failed) 9463ms
       × should render initial state with proper messaging 101ms
       × should call onComplete with directory path when folder is chosen 1387ms
       × should show success state after folder is selected 1163ms
       × should show continue button in onboarding mode 1133ms
       × should not show continue button when not in onboarding mode 1148ms
       × should have proper ARIA labels for icons 23ms
       × should have role="status" for success path display 1296ms
       × should use patient, supportive language 15ms
       × should emphasize user control and data sovereignty 32ms
 ❯ src/components/modals/ExportWarningModal.test.tsx (29 tests | 11 failed) 4749ms
       × should disable export button initially 1055ms
       × should enable export button when checkbox is checked 458ms
       × should disable export button when checkbox is unchecked 374ms
       × should call onConfirm when export button clicked with acknowledgment 357ms
       × should not call onConfirm without acknowledgment 345ms
       × should display rate limit information 32ms
       × should handle zero remaining exports 29ms
       × should handle singular export remaining 34ms
       × should disable all buttons when exporting 375ms
       × should not call onConfirm when exporting 428ms
       × should reset acknowledgment when modal closes 143ms
stdout | src/services/cpg/cpuCalculator.service.test.ts > CPUCalculatorService > createInvoice > should create invoice with single category, no variants
[CPUCalculatorService] Creating CPG invoice { company_id: 'test-company-wNtYAoOKqihnJRyhrfs-C' }

stdout | src/services/cpg/cpuCalculator.service.test.ts > CPUCalculatorService > createInvoice > should create invoice with single category, no variants
[CPUCalculatorService] CPG invoice created successfully {
  invoice_id: 'YihvlvH4U_wQnVmwNWctM',
  total_paid: '50.000000',
  variants: [ 'mo9SnO03gVSSUzCW0AAvy' ]
}

stdout | src/services/cpg/cpuCalculator.service.test.ts > CPUCalculatorService > createInvoice > should create invoice with single category and 2 variants
[CPUCalculatorService] Creating CPG invoice { company_id: 'test-company-4XztQFuz9dzn0Zw8NjQt4' }

stdout | src/services/cpg/cpuCalculator.service.test.ts > CPUCalculatorService > createInvoice > should create invoice with single category and 2 variants
[CPUCalculatorService] CPG invoice created successfully {
  invoice_id: '0C1MfEHERcLEnfpkJPvnl',
  total_paid: '450.000000',
  variants: [ 'SlTk3-bMLJaLUTZ3JMlHS_8oz', 'SlTk3-bMLJaLUTZ3JMlHS_16oz' ]
}

stdout | src/services/cpg/cpuCalculator.service.test.ts > CPUCalculatorService > createInvoice > should create invoice with 5+ variants
[CPUCalculatorService] Creating CPG invoice { company_id: 'test-company-POIG-Ef5exiUPtSQpmT2H' }

stdout | src/services/cpg/cpuCalculator.service.test.ts > CPUCalculatorService > createInvoice > should create invoice with 5+ variants
[CPUCalculatorService] CPG invoice created successfully {
  invoice_id: 'C2kMLODP9ctJK5k9UAkRr',
  total_paid: '1027.500000',
  variants: [
    'zv2iM25X_o9ihkd4Us6Cz_4oz',
    'zv2iM25X_o9ihkd4Us6Cz_8oz',
    'zv2iM25X_o9ihkd4Us6Cz_16oz',
    'zv2iM25X_o9ihkd4Us6Cz_32oz',
    'zv2iM25X_o9ihkd4Us6Cz_64oz'
  ]
}

stdout | src/services/cpg/cpuCalculator.service.test.ts > CPUCalculatorService > createInvoice > should allocate additional costs proportionally
[CPUCalculatorService] Creating CPG invoice { company_id: 'test-company-YiBub9bDdm5W2v29gP-jC' }

stdout | src/services/cpg/cpuCalculator.service.test.ts > CPUCalculatorService > createInvoice > should allocate additional costs proportionally
[CPUCalculatorService] CPG invoice created successfully {
  invoice_id: 'Enl1oGKlVzGPIQJE4Uiu_',
  total_paid: '600.000000',
  variants: [ 'QO6Otig2xwA0nN3tkI0Wm_8oz', 'QO6Otig2xwA0nN3tkI0Wm_16oz' ]
}

stdout | src/services/cpg/cpuCalculator.service.test.ts > CPUCalculatorService > createInvoice > should handle reconciliation (units purchased ≠ units received)
[CPUCalculatorService] Creating CPG invoice { company_id: 'test-company-3QpIp7UM_X1yyFhP1Fitc' }

stdout | src/services/cpg/cpuCalculator.service.test.ts > CPUCalculatorService > createInvoice > should handle reconciliation (units purchased ≠ units received)
[CPUCalculatorService] CPG invoice created successfully {
  invoice_id: '2HFTwS8kEYTWmbeNB19CQ',
  total_paid: '250.000000',
  variants: [ 'GY-DKaD8NPmkQGSm-DYwS_8oz' ]
}

stdout | src/services/cpg/cpuCalculator.service.test.ts > CPUCalculatorService > createInvoice > should handle multiple additional costs
[CPUCalculatorService] Creating CPG invoice { company_id: 'test-company-MGM4K-SJa6ikedblp0Mlp' }

stdout | src/services/cpg/cpuCalculator.service.test.ts > CPUCalculatorService > createInvoice > should handle multiple additional costs
[CPUCalculatorService] CPG invoice created successfully {
  invoice_id: 'Pn2SoMiSevSkrfO-qBND_',
  total_paid: '300.000000',
  variants: [ 'q8qORB351Cak1IzV48CyC_8oz' ]
}

stdout | src/services/cpg/cpuCalculator.service.test.ts > CPUCalculatorService > createInvoice > should handle zero additional costs
[CPUCalculatorService] Creating CPG invoice { company_id: 'test-company-sT7pwomNhm0qkLlE2jdzn' }

stdout | src/services/cpg/cpuCalculator.service.test.ts > CPUCalculatorService > createInvoice > should handle zero additional costs
[CPUCalculatorService] CPG invoice created successfully {
  invoice_id: 'ssFL4ObbESW5_Jv4Q5h8k',
  total_paid: '250.000000',
  variants: [ '68H1Svv1bsxmEKSp_H-GC_8oz' ]
}

stdout | src/services/cpg/cpuCalculator.service.test.ts > CPUCalculatorService > createInvoice > should handle fractional units
[CPUCalculatorService] Creating CPG invoice { company_id: 'test-company-7rajlz6IyTsD8TrMXai-G' }

stdout | src/services/cpg/cpuCalculator.service.test.ts > CPUCalculatorService > createInvoice > should handle fractional units
[CPUCalculatorService] CPG invoice created successfully {
  invoice_id: 'y09Df-PaOXx49yeICeRjd',
  total_paid: '251.250000',
  variants: [ 'kEqkTMsUf-rfl2a13Wo9q_8oz' ]
}

stdout | src/services/cpg/cpuCalculator.service.test.ts > CPUCalculatorService > createInvoice > should handle very large numbers without rounding errors
[CPUCalculatorService] Creating CPG invoice { company_id: 'test-company-VQuwpP47CtBKUfw8acL7J' }

stderr | src/services/cpg/cpuCalculator.service.test.ts > CPUCalculatorService > createInvoice > should handle very large numbers without rounding errors
[CPUCalculatorService] Suspicious invoice calculation detected {
  company_id: 'test-company-VQuwpP47CtBKUfw8acL7J',
  invoice_number: undefined,
  lineItem: 'Oil_8oz',
  reasons: [
    'totalPaid is unusually large: $2,500,000',
    'quantity is unusually large: $1,000,000',
    'Invoice total ($2,500,000) is unusually high',
    'Line total ($2,500,000) is unusually high'
  ],
  params: {
    unitPrice: '2.50',
    quantity: '1000000',
    totalPaid: '2500000.000000'
  }
}

stdout | src/services/cpg/cpuCalculator.service.test.ts > CPUCalculatorService > createInvoice > should handle very large numbers without rounding errors
[CPUCalculatorService] CPG invoice created successfully {
  invoice_id: 'brZfEoJ9rKtCtCFGFrbXQ',
  total_paid: '2500000.000000',
  variants: [ 'o1rb8Elwqv00YXdX77iGn_8oz' ]
}

stdout | src/services/cpg/cpuCalculator.service.test.ts > CPUCalculatorService > createInvoice > should handle very small unit costs
[CPUCalculatorService] Creating CPG invoice { company_id: 'test-company-gOCwT_TKegvnXbyYWu_wH' }

stdout | src/services/cpg/cpuCalculator.service.test.ts > CPUCalculatorService > createInvoice > should handle very small unit costs
[CPUCalculatorService] CPG invoice created successfully {
  invoice_id: 'f5f_zKW-Ui8WTjWhS3hAF',
  total_paid: '1.000000',
  variants: [ '71jEwKmb6RhNGU19KUfPp_8oz' ]
}

stdout | src/services/cpg/cpuCalculator.service.test.ts > CPUCalculatorService > createInvoice > should default units_received to units_purchased if not provided
[CPUCalculatorService] Creating CPG invoice { company_id: 'test-company-QwHkTbnZdFqopm2jNR03W' }

stdout | src/services/cpg/cpuCalculator.service.test.ts > CPUCalculatorService > createInvoice > should default units_received to units_purchased if not provided
[CPUCalculatorService] CPG invoice created successfully {
  invoice_id: 'PV1YOEb-1NCJSk59YK1ed',
  total_paid: '250.000000',
  variants: [ 'mKdV92TvD5yxNTEDjPFke_8oz' ]
}

stdout | src/services/cpg/cpuCalculator.service.test.ts > CPUCalculatorService > createInvoice > should throw error if company_id is missing
[CPUCalculatorService] Creating CPG invoice { company_id: '' }

stderr | src/services/cpg/cpuCalculator.service.test.ts > CPUCalculatorService > createInvoice > should throw error if company_id is missing
[CPUCalculatorService] CPG invoice validation failed {
  errors: 'company_id: Company ID is required; cost_attribution: At least one cost attribution entry is required',
  params: {
    company_id: '',
    invoice_date: 1777752773972,
    cost_attribution: {},
    device_id: 'test-device-eOJ3ALwrtnqY4XytdRDXh'
  }
}
[CPUCalculatorService] Failed to create CPG invoice {
  error: Error: Validation failed: company_id: Company ID is required; cost_attribution: At least one cost attribution entry is required
      at CPUCalculatorService.createInvoice (C:/Users/Admin/graceful_books/src/services/cpg/cpuCalculator.service.ts:328:15)
      at C:/Users/Admin/graceful_books/src/services/cpg/cpuCalculator.service.test.ts:413:17
      at file:///C:/Users/Admin/graceful_books/node_modules/@vitest/runner/dist/chunk-artifact.js:302:11
      at file:///C:/Users/Admin/graceful_books/node_modules/@vitest/runner/dist/chunk-artifact.js:1903:26
      at file:///C:/Users/Admin/graceful_books/node_modules/@vitest/runner/dist/chunk-artifact.js:2326:20
      at new Promise (<anonymous>)
      at runWithCancel (file:///C:/Users/Admin/graceful_books/node_modules/@vitest/runner/dist/chunk-artifact.js:2323:10)
      at file:///C:/Users/Admin/graceful_books/node_modules/@vitest/runner/dist/chunk-artifact.js:2305:20
      at new Promise (<anonymous>)
      at runWithTimeout (file:///C:/Users/Admin/graceful_books/node_modules/@vitest/runner/dist/chunk-artifact.js:2272:10)
}

stdout | src/services/cpg/cpuCalculator.service.test.ts > CPUCalculatorService > createInvoice > should throw error if invoice_date is missing
[CPUCalculatorService] Creating CPG invoice { company_id: 'test-company-dhX3MAjd_CCMdVBCyT12p' }

stderr | src/services/cpg/cpuCalculator.service.test.ts > CPUCalculatorService > createInvoice > should throw error if invoice_date is missing
[CPUCalculatorService] CPG invoice validation failed {
  errors: 'invoice_date: Too small: expected number to be >0; cost_attribution: At least one cost attribution entry is required',
  params: {
    company_id: 'test-company-dhX3MAjd_CCMdVBCyT12p',
    invoice_date: 0,
    cost_attribution: {},
    device_id: 'test-device-s5I-Dv2VSS255xRgX9mcv'
  }
}
[CPUCalculatorService] Failed to create CPG invoice {
  error: Error: Validation failed: invoice_date: Too small: expected number to be >0; cost_attribution: At least one cost attribution entry is required
      at CPUCalculatorService.createInvoice (C:/Users/Admin/graceful_books/src/services/cpg/cpuCalculator.service.ts:328:15)
      at C:/Users/Admin/graceful_books/src/services/cpg/cpuCalculator.service.test.ts:424:17
      at file:///C:/Users/Admin/graceful_books/node_modules/@vitest/runner/dist/chunk-artifact.js:302:11
      at file:///C:/Users/Admin/graceful_books/node_modules/@vitest/runner/dist/chunk-artifact.js:1903:26
      at file:///C:/Users/Admin/graceful_books/node_modules/@vitest/runner/dist/chunk-artifact.js:2326:20
      at new Promise (<anonymous>)
      at runWithCancel (file:///C:/Users/Admin/graceful_books/node_modules/@vitest/runner/dist/chunk-artifact.js:2323:10)
      at file:///C:/Users/Admin/graceful_books/node_modules/@vitest/runner/dist/chunk-artifact.js:2305:20
      at new Promise (<anonymous>)
      at runWithTimeout (file:///C:/Users/Admin/graceful_books/node_modules/@vitest/runner/dist/chunk-artifact.js:2272:10)
}

stdout | src/services/cpg/cpuCalculator.service.test.ts > CPUCalculatorService > createInvoice > should throw error if cost_attribution is empty
[CPUCalculatorService] Creating CPG invoice { company_id: 'test-company-D6L7-NsLiPo3nl7fOs-lc' }

stderr | src/services/cpg/cpuCalculator.service.test.ts > CPUCalculatorService > createInvoice > should throw error if cost_attribution is empty
[CPUCalculatorService] CPG invoice validation failed {
  errors: 'cost_attribution: At least one cost attribution entry is required',
  params: {
    company_id: 'test-company-D6L7-NsLiPo3nl7fOs-lc',
    invoice_date: 1777752774030,
    cost_attribution: {},
    device_id: 'test-device-zvePg7adwzRa5U3B8OgK7'
  }
}
[CPUCalculatorService] Failed to create CPG invoice {
  error: Error: Validation failed: cost_attribution: At least one cost attribution entry is required
      at CPUCalculatorService.createInvoice (C:/Users/Admin/graceful_books/src/services/cpg/cpuCalculator.service.ts:328:15)
      at C:/Users/Admin/graceful_books/src/services/cpg/cpuCalculator.service.test.ts:435:17
      at file:///C:/Users/Admin/graceful_books/node_modules/@vitest/runner/dist/chunk-artifact.js:302:11
      at file:///C:/Users/Admin/graceful_books/node_modules/@vitest/runner/dist/chunk-artifact.js:1903:26
      at file:///C:/Users/Admin/graceful_books/node_modules/@vitest/runner/dist/chunk-artifact.js:2326:20
      at new Promise (<anonymous>)
      at runWithCancel (file:///C:/Users/Admin/graceful_books/node_modules/@vitest/runner/dist/chunk-artifact.js:2323:10)
      at file:///C:/Users/Admin/graceful_books/node_modules/@vitest/runner/dist/chunk-artifact.js:2305:20
      at new Promise (<anonymous>)
      at runWithTimeout (file:///C:/Users/Admin/graceful_books/node_modules/@vitest/runner/dist/chunk-artifact.js:2272:10)
}

stdout | src/services/cpg/cpuCalculator.service.test.ts > CPUCalculatorService > updateInvoice > should update invoice and recalculate CPUs
[CPUCalculatorService] Creating CPG invoice { company_id: 'test-company-E18MI7xuatiGMGirYe7ak' }

stdout | src/services/cpg/cpuCalculator.service.test.ts > CPUCalculatorService > updateInvoice > should update invoice and recalculate CPUs
[CPUCalculatorService] CPG invoice created successfully {
  invoice_id: 'SWP3Vh3juMDmuErxZqUP8',
  total_paid: '250.000000',
  variants: [ 'zRQroCVjXJRh8FyeuBvXK_8oz' ]
}

stdout | src/services/cpg/cpuCalculator.service.test.ts > CPUCalculatorService > updateInvoice > should update invoice and recalculate CPUs
[CPUCalculatorService] Updating CPG invoice { invoice_id: 'SWP3Vh3juMDmuErxZqUP8' }

stdout | src/services/cpg/cpuCalculator.service.test.ts > CPUCalculatorService > updateInvoice > should update invoice and recalculate CPUs
[CPUCalculatorService] CPG invoice updated successfully { invoice_id: 'SWP3Vh3juMDmuErxZqUP8', total_paid: '300.000000' }

stdout | src/services/cpg/cpuCalculator.service.test.ts > CPUCalculatorService > updateInvoice > should update additional costs and recalculate
[CPUCalculatorService] Creating CPG invoice { company_id: 'test-company-161bUktWfwQojsxzAAKr9' }

stdout | src/services/cpg/cpuCalculator.service.test.ts > CPUCalculatorService > updateInvoice > should update additional costs and recalculate
[CPUCalculatorService] CPG invoice created successfully {
  invoice_id: 'gFbFzGbxiotsDPSIDRgi8',
  total_paid: '250.000000',
  variants: [ '3sVqeuoVyCaEzDxPUUwQo_8oz' ]
}

stdout | src/services/cpg/cpuCalculator.service.test.ts > CPUCalculatorService > updateInvoice > should update additional costs and recalculate
[CPUCalculatorService] Updating CPG invoice { invoice_id: 'gFbFzGbxiotsDPSIDRgi8' }

stdout | src/services/cpg/cpuCalculator.service.test.ts > CPUCalculatorService > updateInvoice > should update additional costs and recalculate
[CPUCalculatorService] CPG invoice updated successfully { invoice_id: 'gFbFzGbxiotsDPSIDRgi8', total_paid: '300.000000' }

stdout | src/services/cpg/cpuCalculator.service.test.ts > CPUCalculatorService > calculateCPU > should return detailed CPU calculation breakdown
[CPUCalculatorService] Creating CPG invoice { company_id: 'test-company-CczBNwegP81o5aqyEnAjD' }

stdout | src/services/cpg/cpuCalculator.service.test.ts > CPUCalculatorService > calculateCPU > should return detailed CPU calculation breakdown
[CPUCalculatorService] CPG invoice created successfully {
  invoice_id: 'FZ8RhZ0AcPQnl4i_JC5sR',
  total_paid: '300.000000',
  variants: [ 'Cdmhv-Dd60B-4odOKxIY9_8oz' ]
}

stdout | src/services/cpg/cpuCalculator.service.test.ts > CPUCalculatorService > calculateCPU > should handle multiple categories with proportional allocation
[CPUCalculatorService] Creating CPG invoice { company_id: 'test-company-wS1bMoGS8PtLBXMFh0j5u' }

stdout | src/services/cpg/cpuCalculator.service.test.ts > CPUCalculatorService > calculateCPU > should handle multiple categories with proportional allocation
[CPUCalculatorService] CPG invoice created successfully {
  invoice_id: 'FOxucumehYT8VvTKvd4sK',
  total_paid: '390.000000',
  variants: [ 'kniYEMdtwwNHFS2lNQP7q_8oz', 'BphGtldyXZCgNyaBBBNAX_8oz' ]
}

stdout | src/services/cpg/cpuCalculator.service.test.ts > CPUCalculatorService > getCPUHistory > should filter history by category
[CPUCalculatorService] Creating CPG invoice { company_id: 'test-company-bpSEsDwYJUOMHF2eX0cH1' }

stdout | src/services/cpg/cpuCalculator.service.test.ts > CPUCalculatorService > getCPUHistory > should filter history by category
[CPUCalculatorService] CPG invoice created successfully {
  invoice_id: 'Qv7nI31-XWI8ZMDUzgPLS',
  total_paid: '200.000000',
  variants: [ 'tKoC8FQ2vqrdTdKM7DL8D_8oz' ]
}

stdout | src/services/cpg/cpuCalculator.service.test.ts > CPUCalculatorService > getCPUHistory > should filter history by category
[CPUCalculatorService] Creating CPG invoice { company_id: 'test-company-bpSEsDwYJUOMHF2eX0cH1' }

stdout | src/services/cpg/cpuCalculator.service.test.ts > CPUCalculatorService > getCPUHistory > should filter history by category
[CPUCalculatorService] CPG invoice created successfully {
  invoice_id: '5j2ei9IFNexmXOzQjtuOj',
  total_paid: '100.000000',
  variants: [ 'wW_JsaAgcQcWAW0nLaWhn_8oz' ]
}

stdout | src/services/cpg/cpuCalculator.service.test.ts > CPUCalculatorService > getCPUHistory > should filter history by category
📊 getCPUHistory: Found 2 invoices for company test-company-bpSEsDwYJUOMHF2eX0cH1
📊 Invoices with calculated_cpus: 2
📊 Sample invoice: {
  id: '5j2ei9IFNexmXOzQjtuOj',
  company_id: 'test-company-bpSEsDwYJUOMHF2eX0cH1',
  invoice_number: null,
  invoice_date: 1777752774315,
  vendor_name: null,
  payment_method: null,
  notes: null,
  cost_attribution: {
    Bottle_8oz: {
      category_id: 'wW_JsaAgcQcWAW0nLaWhn',
      variant: '8oz',
      description: undefined,
      units_purchased: '100',
      unit_of_measurement: undefined,
      unit_price: '1.00',
      units_received: '100',
      manual_line_total: undefined,
      distribution_method: undefined
    }
  },
  additional_costs: null,
  total_paid: '100.000000',
  calculated_cpus: { wW_JsaAgcQcWAW0nLaWhn_8oz: '1.000000' },
  active: true,
  created_at: 1777752774315,
  updated_at: 1777752774315,
  deleted_at: null,
  version_vector: { 'test-device-WWfsqcGucNx0HrzLpNo26': 1 }
}
📊 Processing invoice Qv7nI31-XWI8ZMDUzgPLS: {
  has_calculated_cpus: true,
  calculated_cpus: { tKoC8FQ2vqrdTdKM7DL8D_8oz: '2.000000' },
  cost_attribution: {
    Oil_8oz: {
      category_id: 'tKoC8FQ2vqrdTdKM7DL8D',
      variant: '8oz',
      description: undefined,
      units_purchased: '100',
      unit_of_measurement: undefined,
      unit_price: '2.00',
      units_received: '100',
      manual_line_total: undefined,
      distribution_method: undefined
    }
  }
}

stdout | src/services/cpg/cpuCalculator.service.test.ts > CPUCalculatorService > getCPUTrend > should calculate CPU trend over time
[CPUCalculatorService] Creating CPG invoice { company_id: 'test-company-zbkPOmkGRx04zeZohbNAB' }

stdout | src/services/cpg/cpuCalculator.service.test.ts > CPUCalculatorService > getCPUTrend > should calculate CPU trend over time
[CPUCalculatorService] CPG invoice created successfully {
  invoice_id: 'OLSjTZPqT2ADv8slhj9Ce',
  total_paid: '200.000000',
  variants: [ 'z_NyHZJhNGXF93z27C08O_8oz' ]
}

stdout | src/services/cpg/cpuCalculator.service.test.ts > CPUCalculatorService > getCPUTrend > should calculate CPU trend over time
[CPUCalculatorService] Creating CPG invoice { company_id: 'test-company-zbkPOmkGRx04zeZohbNAB' }

stdout | src/services/cpg/cpuCalculator.service.test.ts > CPUCalculatorService > getCPUTrend > should calculate CPU trend over time
[CPUCalculatorService] CPG invoice created successfully {
  invoice_id: 'NFTx2rF1A4oxghflFwyTr',
  total_paid: '250.000000',
  variants: [ 'z_NyHZJhNGXF93z27C08O_8oz' ]
}

stdout | src/services/cpg/cpuCalculator.service.test.ts > CPUCalculatorService > getCPUTrend > should calculate CPU trend over time
[CPUCalculatorService] Creating CPG invoice { company_id: 'test-company-zbkPOmkGRx04zeZohbNAB' }

stdout | src/services/cpg/cpuCalculator.service.test.ts > CPUCalculatorService > getCPUTrend > should calculate CPU trend over time
[CPUCalculatorService] CPG invoice created successfully {
  invoice_id: 'xmMDF_0Sx9Lm28fNLzDEw',
  total_paid: '300.000000',
  variants: [ 'z_NyHZJhNGXF93z27C08O_8oz' ]
}

stdout | src/services/cpg/cpuCalculator.service.test.ts > CPUCalculatorService > getCPUTrend > should calculate CPU trend over time
[CPUCalculatorService] Creating CPG invoice { company_id: 'test-company-zbkPOmkGRx04zeZohbNAB' }

stdout | src/services/cpg/cpuCalculator.service.test.ts > CPUCalculatorService > getCPUTrend > should calculate CPU trend over time
[CPUCalculatorService] CPG invoice created successfully {
  invoice_id: 'imQYFX-XqljIGQH49mrN9',
  total_paid: '350.000000',
  variants: [ 'z_NyHZJhNGXF93z27C08O_8oz' ]
}

stdout | src/services/cpg/cpuCalculator.service.test.ts > CPUCalculatorService > getCPUTrend > should detect decreasing trend
[CPUCalculatorService] Creating CPG invoice { company_id: 'test-company-wT0plNOlKydnoAnMYH5QD' }

stdout | src/services/cpg/cpuCalculator.service.test.ts > CPUCalculatorService > getCPUTrend > should detect decreasing trend
[CPUCalculatorService] CPG invoice created successfully {
  invoice_id: '4kB41bOrSOouISIYPkt-R',
  total_paid: '400.000000',
  variants: [ 'uC_vAeKnTH3ArmFzSl17m_8oz' ]
}

stdout | src/services/cpg/cpuCalculator.service.test.ts > CPUCalculatorService > getCPUTrend > should detect decreasing trend
[CPUCalculatorService] Creating CPG invoice { company_id: 'test-company-wT0plNOlKydnoAnMYH5QD' }

stdout | src/services/cpg/cpuCalculator.service.test.ts > CPUCalculatorService > getCPUTrend > should detect decreasing trend
[CPUCalculatorService] CPG invoice created successfully {
  invoice_id: 'X6kxRA0o9wC3FGrEhmVUr',
  total_paid: '350.000000',
  variants: [ 'uC_vAeKnTH3ArmFzSl17m_8oz' ]
}

stdout | src/services/cpg/cpuCalculator.service.test.ts > CPUCalculatorService > getCPUTrend > should detect decreasing trend
[CPUCalculatorService] Creating CPG invoice { company_id: 'test-company-wT0plNOlKydnoAnMYH5QD' }

stdout | src/services/cpg/cpuCalculator.service.test.ts > CPUCalculatorService > getCPUTrend > should detect decreasing trend
[CPUCalculatorService] CPG invoice created successfully {
  invoice_id: '9gcgb0y6UWKgaa760T-C5',
  total_paid: '300.000000',
  variants: [ 'uC_vAeKnTH3ArmFzSl17m_8oz' ]
}

stdout | src/services/cpg/cpuCalculator.service.test.ts > CPUCalculatorService > getCPUTrend > should detect decreasing trend
[CPUCalculatorService] Creating CPG invoice { company_id: 'test-company-wT0plNOlKydnoAnMYH5QD' }

stdout | src/services/cpg/cpuCalculator.service.test.ts > CPUCalculatorService > getCPUTrend > should detect decreasing trend
[CPUCalculatorService] CPG invoice created successfully {
  invoice_id: 'QG8mW8N8dMXI1jwFYQm4V',
  total_paid: '250.000000',
  variants: [ 'uC_vAeKnTH3ArmFzSl17m_8oz' ]
}

stdout | src/services/cpg/cpuCalculator.service.test.ts > CPUCalculatorService > recalculateAllCPUs > should return snapshot of all current CPUs
[CPUCalculatorService] Creating CPG invoice { company_id: 'test-company-a_6b6Pg3kVI1S4ydUAmqO' }

stdout | src/services/cpg/cpuCalculator.service.test.ts > CPUCalculatorService > recalculateAllCPUs > should return snapshot of all current CPUs
[CPUCalculatorService] CPG invoice created successfully {
  invoice_id: '8ts10uv_hJF3Cr1pCXGhR',
  total_paid: '400.000000',
  variants: [ 'xrrS0IvCfOpZx3FNTgSik_8oz', 'xrrS0IvCfOpZx3FNTgSik_16oz' ]
}

stdout | src/services/cpg/cpuCalculator.service.test.ts > CPUCalculatorService > recalculateAllCPUs > should return snapshot of all current CPUs
[CPUCalculatorService] Creating CPG invoice { company_id: 'test-company-a_6b6Pg3kVI1S4ydUAmqO' }

stdout | src/services/cpg/cpuCalculator.service.test.ts > CPUCalculatorService > recalculateAllCPUs > should return snapshot of all current CPUs
[CPUCalculatorService] CPG invoice created successfully {
  invoice_id: 'CRRF9kWpYfBdhK-cVv1uX',
  total_paid: '250.000000',
  variants: [ 'xrrS0IvCfOpZx3FNTgSik_8oz' ]
}

stdout | src/services/cpg/cpuCalculator.service.test.ts > CPUCalculatorService > recalculateAllCPUs > should return snapshot of all current CPUs
[CPUCalculatorService] Recalculating all CPUs { company_id: 'test-company-a_6b6Pg3kVI1S4ydUAmqO' }

stdout | src/services/cpg/cpuCalculator.service.test.ts > CPUCalculatorService > recalculateAllCPUs > should return snapshot of all current CPUs
[CPUCalculatorService] All CPUs recalculated {
  company_id: 'test-company-a_6b6Pg3kVI1S4ydUAmqO',
  total_invoices: 2,
  variants: 2
}

stdout | src/services/cpg/cpuCalculator.service.test.ts > CPUCalculatorService > Decimal.js precision > should not have floating-point rounding errors
[CPUCalculatorService] Creating CPG invoice { company_id: 'test-company-kjnyotrC7OWJXE75gAxU3' }

stdout | src/services/cpg/cpuCalculator.service.test.ts > CPUCalculatorService > Decimal.js precision > should not have floating-point rounding errors
[CPUCalculatorService] CPG invoice created successfully {
  invoice_id: 'm8gevMVjOwUNIyvnM4IVa',
  total_paid: '0.300000',
  variants: [ 'PpVOmx0r2RXO-JF8UvkUT_8oz' ]
}

stdout | src/services/cpg/cpuCalculator.service.test.ts > CPUCalculatorService > Decimal.js precision > should handle complex proportional allocation without errors
[CPUCalculatorService] Creating CPG invoice { company_id: 'test-company-jFem59QpmGcb8_mRx-Hjg' }

stdout | src/services/cpg/cpuCalculator.service.test.ts > CPUCalculatorService > Decimal.js precision > should handle complex proportional allocation without errors
[CPUCalculatorService] CPG invoice created successfully {
  invoice_id: 'lTuCWIp0Suts9KMjBaaf-',
  total_paid: '1.400000',
  variants: [ 'oENI7CLq5Si-CsRQBIpLN_8oz', 'oENI7CLq5Si-CsRQBIpLN_16oz' ]
}

 ❯ src/services/cpg/cpuCalculator.service.test.ts (30 tests | 24 failed) 1131ms
       × should create invoice with single category, no variants 255ms
       × should create invoice with single category and 2 variants 21ms
       × should create invoice with 5+ variants 34ms
       × should allocate additional costs proportionally 16ms
       × should handle reconciliation (units purchased ≠ units received) 26ms
       × should handle multiple additional costs 14ms
       × should handle zero additional costs 33ms
       × should handle fractional units 12ms
       × should handle very large numbers without rounding errors 162ms
       × should handle very small unit costs 13ms
       × should default units_received to units_purchased if not provided 11ms
       × should throw error if company_id is missing 45ms
       × should throw error if invoice_date is missing 13ms
       × should throw error if cost_attribution is empty 46ms
       × should update invoice and recalculate CPUs 27ms
       × should update additional costs and recalculate 25ms
       × should return detailed CPU calculation breakdown 19ms
       × should handle multiple categories with proportional allocation 25ms
       × should filter history by category 39ms
       × should calculate CPU trend over time 41ms
       × should detect decreasing trend 22ms
       × should return snapshot of all current CPUs 34ms
       × should not have floating-point rounding errors 37ms
       × should handle complex proportional allocation without errors 30ms
stderr | src/components/visualization/FlowNode.test.tsx > FlowNode > should call onSubAccountClick when sub-account clicked
Warning: An update to FlowNode inside a test was not wrapped in act(...).

When testing, code that causes React state updates should be wrapped into act(...):

act(() => {
  /* fire events that update state */
});
/* assert on the output */

This ensures that you're testing the behavior the user would see in the browser. Learn more at https://reactjs.org/link/wrap-tests-with-act
    at FlowNode (C:/Users/Admin/graceful_books/src/components/visualization/FlowNode.tsx:12:3)
    at svg

stderr | src/components/visualization/FlowNode.test.tsx > FlowNode > should call onSubAccountClick when sub-account clicked
Warning: An update to FlowNode inside a test was not wrapped in act(...).

When testing, code that causes React state updates should be wrapped into act(...):

act(() => {
  /* fire events that update state */
});
/* assert on the output */

This ensures that you're testing the behavior the user would see in the browser. Learn more at https://reactjs.org/link/wrap-tests-with-act
    at FlowNode (C:/Users/Admin/graceful_books/src/components/visualization/FlowNode.tsx:12:3)
    at svg

stderr | src/components/visualization/FlowNode.test.tsx > FlowNode > should navigate sub-accounts with arrow keys
Warning: An update to FlowNode inside a test was not wrapped in act(...).

When testing, code that causes React state updates should be wrapped into act(...):

act(() => {
  /* fire events that update state */
});
/* assert on the output */

This ensures that you're testing the behavior the user would see in the browser. Learn more at https://reactjs.org/link/wrap-tests-with-act
    at FlowNode (C:/Users/Admin/graceful_books/src/components/visualization/FlowNode.tsx:12:3)
    at svg

 ❯ src/components/visualization/FlowNode.test.tsx (18 tests | 3 failed) 1878ms
     × should be keyboard accessible with Tab 55ms
     × should call onSubAccountClick when sub-account clicked 158ms
     × should navigate sub-accounts with arrow keys 206ms
stderr | src/services/admin/HistoricalExport.test.ts > HistoricalExport > generateHistoricalExport > should successfully generate export for user
Failed to generate historical export: [DexieError [SchemaError]: KeyPath companyId on object store invoices is not indexed] {
  inner: null
}

stderr | src/services/admin/HistoricalExport.test.ts > HistoricalExport > generateHistoricalExport > should include correct metadata
Failed to generate historical export: [DexieError [SchemaError]: KeyPath companyId on object store invoices is not indexed] {
  inner: null
}

stderr | src/services/admin/HistoricalExport.test.ts > HistoricalExport > generateHistoricalExport > should include company and user data
Failed to generate historical export: [DexieError [SchemaError]: KeyPath companyId on object store invoices is not indexed] {
  inner: null
}

stderr | src/services/admin/HistoricalExport.test.ts > HistoricalExport > generateHistoricalExport > should filter transactions to user contributions only
Failed to generate historical export: [DexieError [SchemaError]: KeyPath companyId on object store invoices is not indexed] {
  inner: null
}

stderr | src/services/admin/HistoricalExport.test.ts > HistoricalExport > generateHistoricalExport > should include all accounts for context
Failed to generate historical export: [DexieError [SchemaError]: KeyPath companyId on object store invoices is not indexed] {
  inner: null
}

stderr | src/services/admin/HistoricalExport.test.ts > HistoricalExport > generateHistoricalExport > should filter contacts to user contributions
Failed to generate historical export: [DexieError [SchemaError]: KeyPath companyId on object store invoices is not indexed] {
  inner: null
}

stderr | src/services/admin/HistoricalExport.test.ts > HistoricalExport > generateHistoricalExport > should include all data when includeAllData is true
Failed to generate historical export: [DexieError [SchemaError]: KeyPath companyId on object store invoices is not indexed] {
  inner: null
}

stderr | src/services/admin/HistoricalExport.test.ts > HistoricalExport > generateHistoricalExport > should filter by date range
Failed to generate historical export: [DexieError [SchemaError]: KeyPath companyId on object store invoices is not indexed] {
  inner: null
}

stderr | src/services/admin/HistoricalExport.test.ts > HistoricalExport > generateHistoricalExport > should generate valid JSON string
Failed to generate historical export: [DexieError [SchemaError]: KeyPath companyId on object store invoices is not indexed] {
  inner: null
}

stderr | src/services/admin/HistoricalExport.test.ts > HistoricalExport > generateHistoricalExport > should generate downloadable blob
Failed to generate historical export: [DexieError [SchemaError]: KeyPath companyId on object store invoices is not indexed] {
  inner: null
}

stderr | src/services/admin/HistoricalExport.test.ts > HistoricalExport > generateHistoricalExport > should generate descriptive file name
Failed to generate historical export: [DexieError [SchemaError]: KeyPath companyId on object store invoices is not indexed] {
  inner: null
}

stderr | src/services/admin/HistoricalExport.test.ts > HistoricalExport > generateHistoricalExport > should include record counts in metadata
Failed to generate historical export: [DexieError [SchemaError]: KeyPath companyId on object store invoices is not indexed] {
  inner: null
}

stderr | src/services/admin/HistoricalExport.test.ts > HistoricalExport > generateHistoricalExport > should include warning if no transactions found
Failed to generate historical export: [DexieError [SchemaError]: KeyPath companyId on object store invoices is not indexed] {
  inner: null
}

stderr | src/services/admin/HistoricalExport.test.ts > HistoricalExport > validateHistoricalExport > should validate correct export data
Failed to generate historical export: [DexieError [SchemaError]: KeyPath companyId on object store invoices is not indexed] {
  inner: null
}

stderr | src/services/admin/HistoricalExport.test.ts > HistoricalExport > formatExportSummary > should format export summary with all details
Failed to generate historical export: [DexieError [SchemaError]: KeyPath companyId on object store invoices is not indexed] {
  inner: null
}

stderr | src/services/admin/HistoricalExport.test.ts > HistoricalExport > formatExportSummary > should format summary without reason if not provided
Failed to generate historical export: [DexieError [SchemaError]: KeyPath companyId on object store invoices is not indexed] {
  inner: null
}

stderr | src/services/admin/HistoricalExport.test.ts > HistoricalExport > formatExportSummary > should show record counts
Failed to generate historical export: [DexieError [SchemaError]: KeyPath companyId on object store invoices is not indexed] {
  inner: null
}

 ❯ src/services/admin/HistoricalExport.test.ts (26 tests | 17 failed) 1169ms
       × should successfully generate export for user 178ms
       × should include correct metadata 40ms
       × should include company and user data 37ms
       × should filter transactions to user contributions only 40ms
       × should include all accounts for context 37ms
       × should filter contacts to user contributions 35ms
       × should include all data when includeAllData is true 34ms
       × should filter by date range 36ms
       × should generate valid JSON string 33ms
       × should generate downloadable blob 40ms
       × should generate descriptive file name 33ms
       × should include record counts in metadata 32ms
       × should include warning if no transactions found 48ms
       × should validate correct export data 48ms
       × should format export summary with all details 40ms
       × should format summary without reason if not provided 31ms
       × should show record counts 28ms
stderr | src/services/admin/UserRevocationService.test.ts > UserRevocationService > revokeUserAccess > should successfully revoke user access
Failed to revoke user access: [DexieError [SchemaError]: KeyPath companyId on object store invoices is not indexed] {
  inner: null
}

stderr | src/services/admin/UserRevocationService.test.ts > UserRevocationService > revokeUserAccess > should create audit log entry
Failed to revoke user access: [DexieError [SchemaError]: KeyPath companyId on object store invoices is not indexed] {
  inner: null
}

stderr | src/services/admin/UserRevocationService.test.ts > UserRevocationService > revokeUserAccess > should count records for re-encryption
Failed to revoke user access: [DexieError [SchemaError]: KeyPath companyId on object store invoices is not indexed] {
  inner: null
}

stderr | src/services/admin/UserRevocationService.test.ts > UserRevocationService > revokeUserAccess > should include revocation reason in audit log
Failed to revoke user access: [DexieError [SchemaError]: KeyPath companyId on object store invoices is not indexed] {
  inner: null
}

stderr | src/services/admin/UserRevocationService.test.ts > UserRevocationService > revokeUserAccess > should track export generation request
Failed to revoke user access: [DexieError [SchemaError]: KeyPath companyId on object store invoices is not indexed] {
  inner: null
}

stderr | src/services/admin/UserRevocationService.test.ts > UserRevocationService > getRevocationHistory > should return all revocation events for company
Failed to revoke user access: [DexieError [SchemaError]: KeyPath companyId on object store invoices is not indexed] {
  inner: null
}

stderr | src/services/admin/UserRevocationService.test.ts > UserRevocationService > getRevocationHistory > should return all revocation events for company
Failed to revoke user access: [DexieError [SchemaError]: KeyPath companyId on object store invoices is not indexed] {
  inner: null
}

stderr | src/services/admin/UserRevocationService.test.ts > UserRevocationService > getRevocationHistory > should return revocations in reverse chronological order
Failed to revoke user access: [DexieError [SchemaError]: KeyPath companyId on object store invoices is not indexed] {
  inner: null
}

stderr | src/services/admin/UserRevocationService.test.ts > UserRevocationService > getRevocationHistory > should return revocations in reverse chronological order
Failed to revoke user access: [DexieError [SchemaError]: KeyPath companyId on object store invoices is not indexed] {
  inner: null
}

stderr | src/services/admin/UserRevocationService.test.ts > UserRevocationService > getRevocationHistory > should only return USER_REVOKED events
Failed to revoke user access: [DexieError [SchemaError]: KeyPath companyId on object store invoices is not indexed] {
  inner: null
}

 ❯ src/services/admin/UserRevocationService.test.ts (19 tests | 8 failed) 677ms
       × should successfully revoke user access 162ms
       × should create audit log entry 23ms
       × should count records for re-encryption 28ms
       × should include revocation reason in audit log 37ms
       × should track export generation request 32ms
       × should return all revocation events for company 40ms
       × should return revocations in reverse chronological order 76ms
       × should only return USER_REVOKED events 30ms
 ❯ src/components/restore/EmailLinkRestore.test.tsx (27 tests | 9 failed) 238269ms
       × should show error for invalid link format 1716ms
       × should show success after successful restoration 31505ms
       × should call onSuccess after success celebration 30017ms
       × should show error on restoration failure 30011ms
       × should allow retry after error 30011ms
       × should allow going back to select another method 30015ms
       × should mark invalid input with aria-invalid 30020ms
       × should associate error with input via aria-describedby 30020ms
       × should focus first input on mount 17ms
 ❯ src/services/backup/BackupFallback.test.ts (51 tests | 1 failed) 209ms
       × should handle file read errors 13ms
stdout | src/services/cpg/historicalAnalytics.service.test.ts > HistoricalAnalyticsService > getDistributorCostTrend > should calculate distributor cost trend
Querying calculations with: {
  companyId: 'company-1',
  distributorId: 'dist-1',
  startDate: 1746195234456,
  endDate: 1777791599999
}

stdout | src/services/cpg/historicalAnalytics.service.test.ts > HistoricalAnalyticsService > getDistributorCostTrend > should calculate distributor cost trend
Found calculations: 3 [
  {
    id: 'calc-1',
    company_id: 'company-1',
    distributor_id: 'dist-1',
    calculation_name: 'Calc calc-1',
    calculation_date: 1777752831455,
    num_pallets: '1.00',
    units_per_pallet: '100',
    variant_data: {},
    applied_fees: {
      pallet_cost: true,
      warehouse_services: true,
      pallet_build: false,
      floor_space: 'none',
      floor_space_days: null,
      truck_transfer_zone: 'none',
      custom_fees: null
    },
    total_distribution_cost: '106.00',
    distribution_cost_per_unit: '1.06',
    variant_results: {},
    msrp_markup_percentage: null,
    notes: null,
    active: true,
    created_at: 1777752831455,
    updated_at: 1777752831455,
    deleted_at: null,
    version_vector: { 'device-1': 1 }
  },
  {
    id: 'calc-2',
    company_id: 'company-1',
    distributor_id: 'dist-1',
    calculation_name: 'Calc calc-2',
    calculation_date: 1777752832455,
    num_pallets: '1.00',
    units_per_pallet: '100',
    variant_data: {},
    applied_fees: {
      pallet_cost: true,
      warehouse_services: true,
      pallet_build: false,
      floor_space: 'none',
      floor_space_days: null,
      truck_transfer_zone: 'none',
      custom_fees: null
    },
    total_distribution_cost: '110.00',
    distribution_cost_per_unit: '1.10',
    variant_results: {},
    msrp_markup_percentage: null,
    notes: null,
    active: true,
    created_at: 1777752832455,
    updated_at: 1777752832455,
    deleted_at: null,
    version_vector: { 'device-1': 1 }
  },
  {
    id: 'calc-3',
    company_id: 'company-1',
    distributor_id: 'dist-1',
    calculation_name: 'Calc calc-3',
    calculation_date: 1777752833455,
    num_pallets: '1.00',
    units_per_pallet: '100',
    variant_data: {},
    applied_fees: {
      pallet_cost: true,
      warehouse_services: true,
      pallet_build: false,
      floor_space: 'none',
      floor_space_days: null,
      truck_transfer_zone: 'none',
      custom_fees: null
    },
    total_distribution_cost: '115.00',
    distribution_cost_per_unit: '1.15',
    variant_results: {},
    msrp_markup_percentage: null,
    notes: null,
    active: true,
    created_at: 1777752833455,
    updated_at: 1777752833455,
    deleted_at: null,
    version_vector: { 'device-1': 1 }
  }
]

 ❯ src/services/cpg/historicalAnalytics.service.test.ts (26 tests | 22 failed) 173ms
       × should calculate CPU trend with statistics for 1 year 21ms
       × should handle no variant (variant = null) 4ms
       × should calculate rolling averages (3-month and 6-month) 3ms
       × should handle decreasing trend 3ms
       × should handle stable trend 2ms
       × should handle empty data 2ms
       × should handle single data point 3ms
       × should filter by category if provided 3ms
       × should detect seasonal patterns with 2+ years of data 4ms
       × should throw error if insufficient data (< 2 years) 24ms
       × should throw error if no data available 7ms
       × should identify high cost months correctly 3ms
       × should identify low cost months correctly 2ms
       × should handle no significant seasonal patterns 3ms
       × should calculate distributor cost trend 27ms
       × should analyze trade spend ROI 5ms
       × should calculate margin impact correctly 5ms
       × should handle no promos 20ms
       × should handle gaps in timeline 2ms
       × should handle very large CPU values 2ms
       × should handle very small CPU values 2ms
       × should handle multiple variants in same invoice 2ms
Error: Uncaught [Error: useLocation() may be used only in the context of a <Router> component.]
    at reportException (C:\Users\Admin\graceful_books\node_modules\jsdom\lib\jsdom\living\helpers\runtime-script-errors.js:66:24)
    at innerInvokeEventListeners (C:\Users\Admin\graceful_books\node_modules\jsdom\lib\jsdom\living\events\EventTarget-impl.js:353:9)
    at invokeEventListeners (C:\Users\Admin\graceful_books\node_modules\jsdom\lib\jsdom\living\events\EventTarget-impl.js:286:3)
    at HTMLUnknownElementImpl._dispatch (C:\Users\Admin\graceful_books\node_modules\jsdom\lib\jsdom\living\events\EventTarget-impl.js:233:9)
    at HTMLUnknownElementImpl.dispatchEvent (C:\Users\Admin\graceful_books\node_modules\jsdom\lib\jsdom\living\events\EventTarget-impl.js:104:17)
    at HTMLUnknownElement.dispatchEvent (C:\Users\Admin\graceful_books\node_modules\jsdom\lib\jsdom\living\generated\EventTarget.js:241:34)
    at Object.invokeGuardedCallbackDev (C:\Users\Admin\graceful_books\node_modules\react-dom\cjs\react-dom.development.js:4213:16)
    at invokeGuardedCallback (C:\Users\Admin\graceful_books\node_modules\react-dom\cjs\react-dom.development.js:4277:31)
    at beginWork$1 (C:\Users\Admin\graceful_books\node_modules\react-dom\cjs\react-dom.development.js:27490:7)
    at performUnitOfWork (C:\Users\Admin\graceful_books\node_modules\react-dom\cjs\react-dom.development.js:26599:12) Error: useLocation() may be used only in the context of a <Router> component.
    at Object.invariant [as UNSAFE_invariant] (C:\Users\Admin\graceful_books\node_modules\@remix-run\router\dist\router.cjs.js:315:11)
    at Object.useLocation (C:\Users\Admin\graceful_books\node_modules\react-router\dist\umd\react-router.development.js:158:36)
    at useSearchParams (C:\Users\Admin\graceful_books\node_modules\react-router-dom\dist\umd\react-router-dom.development.js:1129:32)
    at CPUTracker (C:/Users/Admin/graceful_books/src/pages/cpg/CPUTracker.tsx:49:43)
    at renderWithHooks (C:\Users\Admin\graceful_books\node_modules\react-dom\cjs\react-dom.development.js:15486:18)
    at mountIndeterminateComponent (C:\Users\Admin\graceful_books\node_modules\react-dom\cjs\react-dom.development.js:20103:13)
    at beginWork (C:\Users\Admin\graceful_books\node_modules\react-dom\cjs\react-dom.development.js:21626:16)
    at HTMLUnknownElement.callCallback (C:\Users\Admin\graceful_books\node_modules\react-dom\cjs\react-dom.development.js:4164:14)
    at HTMLUnknownElement.callTheUserObjectsOperation (C:\Users\Admin\graceful_books\node_modules\jsdom\lib\jsdom\living\generated\EventListener.js:26:30)
    at innerInvokeEventListeners (C:\Users\Admin\graceful_books\node_modules\jsdom\lib\jsdom\living\events\EventTarget-impl.js:350:25)
Error: Uncaught [Error: useLocation() may be used only in the context of a <Router> component.]
    at reportException (C:\Users\Admin\graceful_books\node_modules\jsdom\lib\jsdom\living\helpers\runtime-script-errors.js:66:24)
    at innerInvokeEventListeners (C:\Users\Admin\graceful_books\node_modules\jsdom\lib\jsdom\living\events\EventTarget-impl.js:353:9)
    at invokeEventListeners (C:\Users\Admin\graceful_books\node_modules\jsdom\lib\jsdom\living\events\EventTarget-impl.js:286:3)
    at HTMLUnknownElementImpl._dispatch (C:\Users\Admin\graceful_books\node_modules\jsdom\lib\jsdom\living\events\EventTarget-impl.js:233:9)
    at HTMLUnknownElementImpl.dispatchEvent (C:\Users\Admin\graceful_books\node_modules\jsdom\lib\jsdom\living\events\EventTarget-impl.js:104:17)
    at HTMLUnknownElement.dispatchEvent (C:\Users\Admin\graceful_books\node_modules\jsdom\lib\jsdom\living\generated\EventTarget.js:241:34)
    at Object.invokeGuardedCallbackDev (C:\Users\Admin\graceful_books\node_modules\react-dom\cjs\react-dom.development.js:4213:16)
    at invokeGuardedCallback (C:\Users\Admin\graceful_books\node_modules\react-dom\cjs\react-dom.development.js:4277:31)
    at beginWork$1 (C:\Users\Admin\graceful_books\node_modules\react-dom\cjs\react-dom.development.js:27490:7)
    at performUnitOfWork (C:\Users\Admin\graceful_books\node_modules\react-dom\cjs\react-dom.development.js:26599:12) Error: useLocation() may be used only in the context of a <Router> component.
    at Object.invariant [as UNSAFE_invariant] (C:\Users\Admin\graceful_books\node_modules\@remix-run\router\dist\router.cjs.js:315:11)
    at Object.useLocation (C:\Users\Admin\graceful_books\node_modules\react-router\dist\umd\react-router.development.js:158:36)
    at useSearchParams (C:\Users\Admin\graceful_books\node_modules\react-router-dom\dist\umd\react-router-dom.development.js:1129:32)
    at CPUTracker (C:/Users/Admin/graceful_books/src/pages/cpg/CPUTracker.tsx:49:43)
    at renderWithHooks (C:\Users\Admin\graceful_books\node_modules\react-dom\cjs\react-dom.development.js:15486:18)
    at mountIndeterminateComponent (C:\Users\Admin\graceful_books\node_modules\react-dom\cjs\react-dom.development.js:20103:13)
    at beginWork (C:\Users\Admin\graceful_books\node_modules\react-dom\cjs\react-dom.development.js:21626:16)
    at HTMLUnknownElement.callCallback (C:\Users\Admin\graceful_books\node_modules\react-dom\cjs\react-dom.development.js:4164:14)
    at HTMLUnknownElement.callTheUserObjectsOperation (C:\Users\Admin\graceful_books\node_modules\jsdom\lib\jsdom\living\generated\EventListener.js:26:30)
    at innerInvokeEventListeners (C:\Users\Admin\graceful_books\node_modules\jsdom\lib\jsdom\living\events\EventTarget-impl.js:350:25)
stderr | src/pages/cpg/CPUTracker.integration.test.tsx > CPUTracker Integration Tests > Tab Navigation > renders all three main tabs
The above error occurred in the <CPUTracker> component:

    at CPUTracker (C:/Users/Admin/graceful_books/src/pages/cpg/CPUTracker.tsx:25:84)

Consider adding an error boundary to your tree to customize error handling behavior.
Visit https://reactjs.org/link/error-boundaries to learn more about error boundaries.

Error: Uncaught [Error: useLocation() may be used only in the context of a <Router> component.]
    at reportException (C:\Users\Admin\graceful_books\node_modules\jsdom\lib\jsdom\living\helpers\runtime-script-errors.js:66:24)
    at innerInvokeEventListeners (C:\Users\Admin\graceful_books\node_modules\jsdom\lib\jsdom\living\events\EventTarget-impl.js:353:9)
    at invokeEventListeners (C:\Users\Admin\graceful_books\node_modules\jsdom\lib\jsdom\living\events\EventTarget-impl.js:286:3)
    at HTMLUnknownElementImpl._dispatch (C:\Users\Admin\graceful_books\node_modules\jsdom\lib\jsdom\living\events\EventTarget-impl.js:233:9)
    at HTMLUnknownElementImpl.dispatchEvent (C:\Users\Admin\graceful_books\node_modules\jsdom\lib\jsdom\living\events\EventTarget-impl.js:104:17)
    at HTMLUnknownElement.dispatchEvent (C:\Users\Admin\graceful_books\node_modules\jsdom\lib\jsdom\living\generated\EventTarget.js:241:34)
    at Object.invokeGuardedCallbackDev (C:\Users\Admin\graceful_books\node_modules\react-dom\cjs\react-dom.development.js:4213:16)
    at invokeGuardedCallback (C:\Users\Admin\graceful_books\node_modules\react-dom\cjs\react-dom.development.js:4277:31)
    at beginWork$1 (C:\Users\Admin\graceful_books\node_modules\react-dom\cjs\react-dom.development.js:27490:7)
    at performUnitOfWork (C:\Users\Admin\graceful_books\node_modules\react-dom\cjs\react-dom.development.js:26599:12) Error: useLocation() may be used only in the context of a <Router> component.
    at Object.invariant [as UNSAFE_invariant] (C:\Users\Admin\graceful_books\node_modules\@remix-run\router\dist\router.cjs.js:315:11)
    at Object.useLocation (C:\Users\Admin\graceful_books\node_modules\react-router\dist\umd\react-router.development.js:158:36)
    at useSearchParams (C:\Users\Admin\graceful_books\node_modules\react-router-dom\dist\umd\react-router-dom.development.js:1129:32)
    at CPUTracker (C:/Users/Admin/graceful_books/src/pages/cpg/CPUTracker.tsx:49:43)
    at renderWithHooks (C:\Users\Admin\graceful_books\node_modules\react-dom\cjs\react-dom.development.js:15486:18)
    at mountIndeterminateComponent (C:\Users\Admin\graceful_books\node_modules\react-dom\cjs\react-dom.development.js:20103:13)
    at beginWork (C:\Users\Admin\graceful_books\node_modules\react-dom\cjs\react-dom.development.js:21626:16)
    at HTMLUnknownElement.callCallback (C:\Users\Admin\graceful_books\node_modules\react-dom\cjs\react-dom.development.js:4164:14)
    at HTMLUnknownElement.callTheUserObjectsOperation (C:\Users\Admin\graceful_books\node_modules\jsdom\lib\jsdom\living\generated\EventListener.js:26:30)
    at innerInvokeEventListeners (C:\Users\Admin\graceful_books\node_modules\jsdom\lib\jsdom\living\events\EventTarget-impl.js:350:25)
Error: Uncaught [Error: useLocation() may be used only in the context of a <Router> component.]
    at reportException (C:\Users\Admin\graceful_books\node_modules\jsdom\lib\jsdom\living\helpers\runtime-script-errors.js:66:24)
    at innerInvokeEventListeners (C:\Users\Admin\graceful_books\node_modules\jsdom\lib\jsdom\living\events\EventTarget-impl.js:353:9)
    at invokeEventListeners (C:\Users\Admin\graceful_books\node_modules\jsdom\lib\jsdom\living\events\EventTarget-impl.js:286:3)
    at HTMLUnknownElementImpl._dispatch (C:\Users\Admin\graceful_books\node_modules\jsdom\lib\jsdom\living\events\EventTarget-impl.js:233:9)
    at HTMLUnknownElementImpl.dispatchEvent (C:\Users\Admin\graceful_books\node_modules\jsdom\lib\jsdom\living\events\EventTarget-impl.js:104:17)
    at HTMLUnknownElement.dispatchEvent (C:\Users\Admin\graceful_books\node_modules\jsdom\lib\jsdom\living\generated\EventTarget.js:241:34)
    at Object.invokeGuardedCallbackDev (C:\Users\Admin\graceful_books\node_modules\react-dom\cjs\react-dom.development.js:4213:16)
    at invokeGuardedCallback (C:\Users\Admin\graceful_books\node_modules\react-dom\cjs\react-dom.development.js:4277:31)
    at beginWork$1 (C:\Users\Admin\graceful_books\node_modules\react-dom\cjs\react-dom.development.js:27490:7)
    at performUnitOfWork (C:\Users\Admin\graceful_books\node_modules\react-dom\cjs\react-dom.development.js:26599:12) Error: useLocation() may be used only in the context of a <Router> component.
    at Object.invariant [as UNSAFE_invariant] (C:\Users\Admin\graceful_books\node_modules\@remix-run\router\dist\router.cjs.js:315:11)
    at Object.useLocation (C:\Users\Admin\graceful_books\node_modules\react-router\dist\umd\react-router.development.js:158:36)
    at useSearchParams (C:\Users\Admin\graceful_books\node_modules\react-router-dom\dist\umd\react-router-dom.development.js:1129:32)
    at CPUTracker (C:/Users/Admin/graceful_books/src/pages/cpg/CPUTracker.tsx:49:43)
    at renderWithHooks (C:\Users\Admin\graceful_books\node_modules\react-dom\cjs\react-dom.development.js:15486:18)
    at mountIndeterminateComponent (C:\Users\Admin\graceful_books\node_modules\react-dom\cjs\react-dom.development.js:20103:13)
    at beginWork (C:\Users\Admin\graceful_books\node_modules\react-dom\cjs\react-dom.development.js:21626:16)
    at HTMLUnknownElement.callCallback (C:\Users\Admin\graceful_books\node_modules\react-dom\cjs\react-dom.development.js:4164:14)
    at HTMLUnknownElement.callTheUserObjectsOperation (C:\Users\Admin\graceful_books\node_modules\jsdom\lib\jsdom\living\generated\EventListener.js:26:30)
    at innerInvokeEventListeners (C:\Users\Admin\graceful_books\node_modules\jsdom\lib\jsdom\living\events\EventTarget-impl.js:350:25)
Error: Uncaught [Error: useLocation() may be used only in the context of a <Router> component.]
    at reportException (C:\Users\Admin\graceful_books\node_modules\jsdom\lib\jsdom\living\helpers\runtime-script-errors.js:66:24)
    at innerInvokeEventListeners (C:\Users\Admin\graceful_books\node_modules\jsdom\lib\jsdom\living\events\EventTarget-impl.js:353:9)
    at invokeEventListeners (C:\Users\Admin\graceful_books\node_modules\jsdom\lib\jsdom\living\events\EventTarget-impl.js:286:3)
    at HTMLUnknownElementImpl._dispatch (C:\Users\Admin\graceful_books\node_modules\jsdom\lib\jsdom\living\events\EventTarget-impl.js:233:9)
    at HTMLUnknownElementImpl.dispatchEvent (C:\Users\Admin\graceful_books\node_modules\jsdom\lib\jsdom\living\events\EventTarget-impl.js:104:17)
    at HTMLUnknownElement.dispatchEvent (C:\Users\Admin\graceful_books\node_modules\jsdom\lib\jsdom\living\generated\EventTarget.js:241:34)
    at Object.invokeGuardedCallbackDev (C:\Users\Admin\graceful_books\node_modules\react-dom\cjs\react-dom.development.js:4213:16)
    at invokeGuardedCallback (C:\Users\Admin\graceful_books\node_modules\react-dom\cjs\react-dom.development.js:4277:31)
    at beginWork$1 (C:\Users\Admin\graceful_books\node_modules\react-dom\cjs\react-dom.development.js:27490:7)
    at performUnitOfWork (C:\Users\Admin\graceful_books\node_modules\react-dom\cjs\react-dom.development.js:26599:12) Error: useLocation() may be used only in the context of a <Router> component.
    at Object.invariant [as UNSAFE_invariant] (C:\Users\Admin\graceful_books\node_modules\@remix-run\router\dist\router.cjs.js:315:11)
    at Object.useLocation (C:\Users\Admin\graceful_books\node_modules\react-router\dist\umd\react-router.development.js:158:36)
    at useSearchParams (C:\Users\Admin\graceful_books\node_modules\react-router-dom\dist\umd\react-router-dom.development.js:1129:32)
    at CPUTracker (C:/Users/Admin/graceful_books/src/pages/cpg/CPUTracker.tsx:49:43)
    at renderWithHooks (C:\Users\Admin\graceful_books\node_modules\react-dom\cjs\react-dom.development.js:15486:18)
    at mountIndeterminateComponent (C:\Users\Admin\graceful_books\node_modules\react-dom\cjs\react-dom.development.js:20103:13)
    at beginWork (C:\Users\Admin\graceful_books\node_modules\react-dom\cjs\react-dom.development.js:21626:16)
    at HTMLUnknownElement.callCallback (C:\Users\Admin\graceful_books\node_modules\react-dom\cjs\react-dom.development.js:4164:14)
    at HTMLUnknownElement.callTheUserObjectsOperation (C:\Users\Admin\graceful_books\node_modules\jsdom\lib\jsdom\living\generated\EventListener.js:26:30)
    at innerInvokeEventListeners (C:\Users\Admin\graceful_books\node_modules\jsdom\lib\jsdom\living\events\EventTarget-impl.js:350:25)
Error: Uncaught [Error: useLocation() may be used only in the context of a <Router> component.]
    at reportException (C:\Users\Admin\graceful_books\node_modules\jsdom\lib\jsdom\living\helpers\runtime-script-errors.js:66:24)
    at innerInvokeEventListeners (C:\Users\Admin\graceful_books\node_modules\jsdom\lib\jsdom\living\events\EventTarget-impl.js:353:9)
    at invokeEventListeners (C:\Users\Admin\graceful_books\node_modules\jsdom\lib\jsdom\living\events\EventTarget-impl.js:286:3)
    at HTMLUnknownElementImpl._dispatch (C:\Users\Admin\graceful_books\node_modules\jsdom\lib\jsdom\living\events\EventTarget-impl.js:233:9)
    at HTMLUnknownElementImpl.dispatchEvent (C:\Users\Admin\graceful_books\node_modules\jsdom\lib\jsdom\living\events\EventTarget-impl.js:104:17)
    at HTMLUnknownElement.dispatchEvent (C:\Users\Admin\graceful_books\node_modules\jsdom\lib\jsdom\living\generated\EventTarget.js:241:34)
    at Object.invokeGuardedCallbackDev (C:\Users\Admin\graceful_books\node_modules\react-dom\cjs\react-dom.development.js:4213:16)
    at invokeGuardedCallback (C:\Users\Admin\graceful_books\node_modules\react-dom\cjs\react-dom.development.js:4277:31)
    at beginWork$1 (C:\Users\Admin\graceful_books\node_modules\react-dom\cjs\react-dom.development.js:27490:7)
    at performUnitOfWork (C:\Users\Admin\graceful_books\node_modules\react-dom\cjs\react-dom.development.js:26599:12) Error: useLocation() may be used only in the context of a <Router> component.
    at Object.invariant [as UNSAFE_invariant] (C:\Users\Admin\graceful_books\node_modules\@remix-run\router\dist\router.cjs.js:315:11)
    at Object.useLocation (C:\Users\Admin\graceful_books\node_modules\react-router\dist\umd\react-router.development.js:158:36)
    at useSearchParams (C:\Users\Admin\graceful_books\node_modules\react-router-dom\dist\umd\react-router-dom.development.js:1129:32)
    at CPUTracker (C:/Users/Admin/graceful_books/src/pages/cpg/CPUTracker.tsx:49:43)
    at renderWithHooks (C:\Users\Admin\graceful_books\node_modules\react-dom\cjs\react-dom.development.js:15486:18)
    at mountIndeterminateComponent (C:\Users\Admin\graceful_books\node_modules\react-dom\cjs\react-dom.development.js:20103:13)
    at beginWork (C:\Users\Admin\graceful_books\node_modules\react-dom\cjs\react-dom.development.js:21626:16)
    at HTMLUnknownElement.callCallback (C:\Users\Admin\graceful_books\node_modules\react-dom\cjs\react-dom.development.js:4164:14)
    at HTMLUnknownElement.callTheUserObjectsOperation (C:\Users\Admin\graceful_books\node_modules\jsdom\lib\jsdom\living\generated\EventListener.js:26:30)
    at innerInvokeEventListeners (C:\Users\Admin\graceful_books\node_modules\jsdom\lib\jsdom\living\events\EventTarget-impl.js:350:25)
Error: Uncaught [Error: useLocation() may be used only in the context of a <Router> component.]
    at reportException (C:\Users\Admin\graceful_books\node_modules\jsdom\lib\jsdom\living\helpers\runtime-script-errors.js:66:24)
    at innerInvokeEventListeners (C:\Users\Admin\graceful_books\node_modules\jsdom\lib\jsdom\living\events\EventTarget-impl.js:353:9)
    at invokeEventListeners (C:\Users\Admin\graceful_books\node_modules\jsdom\lib\jsdom\living\events\EventTarget-impl.js:286:3)
    at HTMLUnknownElementImpl._dispatch (C:\Users\Admin\graceful_books\node_modules\jsdom\lib\jsdom\living\events\EventTarget-impl.js:233:9)
    at HTMLUnknownElementImpl.dispatchEvent (C:\Users\Admin\graceful_books\node_modules\jsdom\lib\jsdom\living\events\EventTarget-impl.js:104:17)
    at HTMLUnknownElement.dispatchEvent (C:\Users\Admin\graceful_books\node_modules\jsdom\lib\jsdom\living\generated\EventTarget.js:241:34)
    at Object.invokeGuardedCallbackDev (C:\Users\Admin\graceful_books\node_modules\react-dom\cjs\react-dom.development.js:4213:16)
    at invokeGuardedCallback (C:\Users\Admin\graceful_books\node_modules\react-dom\cjs\react-dom.development.js:4277:31)
    at beginWork$1 (C:\Users\Admin\graceful_books\node_modules\react-dom\cjs\react-dom.development.js:27490:7)
    at performUnitOfWork (C:\Users\Admin\graceful_books\node_modules\react-dom\cjs\react-dom.development.js:26599:12) Error: useLocation() may be used only in the context of a <Router> component.
    at Object.invariant [as UNSAFE_invariant] (C:\Users\Admin\graceful_books\node_modules\@remix-run\router\dist\router.cjs.js:315:11)
    at Object.useLocation (C:\Users\Admin\graceful_books\node_modules\react-router\dist\umd\react-router.development.js:158:36)
    at useSearchParams (C:\Users\Admin\graceful_books\node_modules\react-router-dom\dist\umd\react-router-dom.development.js:1129:32)
    at CPUTracker (C:/Users/Admin/graceful_books/src/pages/cpg/CPUTracker.tsx:49:43)
    at renderWithHooks (C:\Users\Admin\graceful_books\node_modules\react-dom\cjs\react-dom.development.js:15486:18)
    at mountIndeterminateComponent (C:\Users\Admin\graceful_books\node_modules\react-dom\cjs\react-dom.development.js:20103:13)
    at beginWork (C:\Users\Admin\graceful_books\node_modules\react-dom\cjs\react-dom.development.js:21626:16)
    at HTMLUnknownElement.callCallback (C:\Users\Admin\graceful_books\node_modules\react-dom\cjs\react-dom.development.js:4164:14)
    at HTMLUnknownElement.callTheUserObjectsOperation (C:\Users\Admin\graceful_books\node_modules\jsdom\lib\jsdom\living\generated\EventListener.js:26:30)
    at innerInvokeEventListeners (C:\Users\Admin\graceful_books\node_modules\jsdom\lib\jsdom\living\events\EventTarget-impl.js:350:25)
Error: Uncaught [Error: useLocation() may be used only in the context of a <Router> component.]
    at reportException (C:\Users\Admin\graceful_books\node_modules\jsdom\lib\jsdom\living\helpers\runtime-script-errors.js:66:24)
    at innerInvokeEventListeners (C:\Users\Admin\graceful_books\node_modules\jsdom\lib\jsdom\living\events\EventTarget-impl.js:353:9)
    at invokeEventListeners (C:\Users\Admin\graceful_books\node_modules\jsdom\lib\jsdom\living\events\EventTarget-impl.js:286:3)
    at HTMLUnknownElementImpl._dispatch (C:\Users\Admin\graceful_books\node_modules\jsdom\lib\jsdom\living\events\EventTarget-impl.js:233:9)
    at HTMLUnknownElementImpl.dispatchEvent (C:\Users\Admin\graceful_books\node_modules\jsdom\lib\jsdom\living\events\EventTarget-impl.js:104:17)
    at HTMLUnknownElement.dispatchEvent (C:\Users\Admin\graceful_books\node_modules\jsdom\lib\jsdom\living\generated\EventTarget.js:241:34)
    at Object.invokeGuardedCallbackDev (C:\Users\Admin\graceful_books\node_modules\react-dom\cjs\react-dom.development.js:4213:16)
    at invokeGuardedCallback (C:\Users\Admin\graceful_books\node_modules\react-dom\cjs\react-dom.development.js:4277:31)
    at beginWork$1 (C:\Users\Admin\graceful_books\node_modules\react-dom\cjs\react-dom.development.js:27490:7)
    at performUnitOfWork (C:\Users\Admin\graceful_books\node_modules\react-dom\cjs\react-dom.development.js:26599:12) Error: useLocation() may be used only in the context of a <Router> component.
    at Object.invariant [as UNSAFE_invariant] (C:\Users\Admin\graceful_books\node_modules\@remix-run\router\dist\router.cjs.js:315:11)
    at Object.useLocation (C:\Users\Admin\graceful_books\node_modules\react-router\dist\umd\react-router.development.js:158:36)
    at useSearchParams (C:\Users\Admin\graceful_books\node_modules\react-router-dom\dist\umd\react-router-dom.development.js:1129:32)
    at CPUTracker (C:/Users/Admin/graceful_books/src/pages/cpg/CPUTracker.tsx:49:43)
    at renderWithHooks (C:\Users\Admin\graceful_books\node_modules\react-dom\cjs\react-dom.development.js:15486:18)
    at mountIndeterminateComponent (C:\Users\Admin\graceful_books\node_modules\react-dom\cjs\react-dom.development.js:20103:13)
    at beginWork (C:\Users\Admin\graceful_books\node_modules\react-dom\cjs\react-dom.development.js:21626:16)
    at HTMLUnknownElement.callCallback (C:\Users\Admin\graceful_books\node_modules\react-dom\cjs\react-dom.development.js:4164:14)
    at HTMLUnknownElement.callTheUserObjectsOperation (C:\Users\Admin\graceful_books\node_modules\jsdom\lib\jsdom\living\generated\EventListener.js:26:30)
    at innerInvokeEventListeners (C:\Users\Admin\graceful_books\node_modules\jsdom\lib\jsdom\living\events\EventTarget-impl.js:350:25)
Error: Uncaught [Error: useLocation() may be used only in the context of a <Router> component.]
    at reportException (C:\Users\Admin\graceful_books\node_modules\jsdom\lib\jsdom\living\helpers\runtime-script-errors.js:66:24)
    at innerInvokeEventListeners (C:\Users\Admin\graceful_books\node_modules\jsdom\lib\jsdom\living\events\EventTarget-impl.js:353:9)
    at invokeEventListeners (C:\Users\Admin\graceful_books\node_modules\jsdom\lib\jsdom\living\events\EventTarget-impl.js:286:3)
    at HTMLUnknownElementImpl._dispatch (C:\Users\Admin\graceful_books\node_modules\jsdom\lib\jsdom\living\events\EventTarget-impl.js:233:9)
    at HTMLUnknownElementImpl.dispatchEvent (C:\Users\Admin\graceful_books\node_modules\jsdom\lib\jsdom\living\events\EventTarget-impl.js:104:17)
    at HTMLUnknownElement.dispatchEvent (C:\Users\Admin\graceful_books\node_modules\jsdom\lib\jsdom\living\generated\EventTarget.js:241:34)
    at Object.invokeGuardedCallbackDev (C:\Users\Admin\graceful_books\node_modules\react-dom\cjs\react-dom.development.js:4213:16)
    at invokeGuardedCallback (C:\Users\Admin\graceful_books\node_modules\react-dom\cjs\react-dom.development.js:4277:31)
    at beginWork$1 (C:\Users\Admin\graceful_books\node_modules\react-dom\cjs\react-dom.development.js:27490:7)
    at performUnitOfWork (C:\Users\Admin\graceful_books\node_modules\react-dom\cjs\react-dom.development.js:26599:12) Error: useLocation() may be used only in the context of a <Router> component.
    at Object.invariant [as UNSAFE_invariant] (C:\Users\Admin\graceful_books\node_modules\@remix-run\router\dist\router.cjs.js:315:11)
    at Object.useLocation (C:\Users\Admin\graceful_books\node_modules\react-router\dist\umd\react-router.development.js:158:36)
    at useSearchParams (C:\Users\Admin\graceful_books\node_modules\react-router-dom\dist\umd\react-router-dom.development.js:1129:32)
    at CPUTracker (C:/Users/Admin/graceful_books/src/pages/cpg/CPUTracker.tsx:49:43)
    at renderWithHooks (C:\Users\Admin\graceful_books\node_modules\react-dom\cjs\react-dom.development.js:15486:18)
    at mountIndeterminateComponent (C:\Users\Admin\graceful_books\node_modules\react-dom\cjs\react-dom.development.js:20103:13)
    at beginWork (C:\Users\Admin\graceful_books\node_modules\react-dom\cjs\react-dom.development.js:21626:16)
    at HTMLUnknownElement.callCallback (C:\Users\Admin\graceful_books\node_modules\react-dom\cjs\react-dom.development.js:4164:14)
    at HTMLUnknownElement.callTheUserObjectsOperation (C:\Users\Admin\graceful_books\node_modules\jsdom\lib\jsdom\living\generated\EventListener.js:26:30)
    at innerInvokeEventListeners (C:\Users\Admin\graceful_books\node_modules\jsdom\lib\jsdom\living\events\EventTarget-impl.js:350:25)
Error: Uncaught [Error: useLocation() may be used only in the context of a <Router> component.]
    at reportException (C:\Users\Admin\graceful_books\node_modules\jsdom\lib\jsdom\living\helpers\runtime-script-errors.js:66:24)
    at innerInvokeEventListeners (C:\Users\Admin\graceful_books\node_modules\jsdom\lib\jsdom\living\events\EventTarget-impl.js:353:9)
    at invokeEventListeners (C:\Users\Admin\graceful_books\node_modules\jsdom\lib\jsdom\living\events\EventTarget-impl.js:286:3)
    at HTMLUnknownElementImpl._dispatch (C:\Users\Admin\graceful_books\node_modules\jsdom\lib\jsdom\living\events\EventTarget-impl.js:233:9)
    at HTMLUnknownElementImpl.dispatchEvent (C:\Users\Admin\graceful_books\node_modules\jsdom\lib\jsdom\living\events\EventTarget-impl.js:104:17)
    at HTMLUnknownElement.dispatchEvent (C:\Users\Admin\graceful_books\node_modules\jsdom\lib\jsdom\living\generated\EventTarget.js:241:34)
    at Object.invokeGuardedCallbackDev (C:\Users\Admin\graceful_books\node_modules\react-dom\cjs\react-dom.development.js:4213:16)
    at invokeGuardedCallback (C:\Users\Admin\graceful_books\node_modules\react-dom\cjs\react-dom.development.js:4277:31)
    at beginWork$1 (C:\Users\Admin\graceful_books\node_modules\react-dom\cjs\react-dom.development.js:27490:7)
    at performUnitOfWork (C:\Users\Admin\graceful_books\node_modules\react-dom\cjs\react-dom.development.js:26599:12) Error: useLocation() may be used only in the context of a <Router> component.
    at Object.invariant [as UNSAFE_invariant] (C:\Users\Admin\graceful_books\node_modules\@remix-run\router\dist\router.cjs.js:315:11)
    at Object.useLocation (C:\Users\Admin\graceful_books\node_modules\react-router\dist\umd\react-router.development.js:158:36)
    at useSearchParams (C:\Users\Admin\graceful_books\node_modules\react-router-dom\dist\umd\react-router-dom.development.js:1129:32)
    at CPUTracker (C:/Users/Admin/graceful_books/src/pages/cpg/CPUTracker.tsx:49:43)
    at renderWithHooks (C:\Users\Admin\graceful_books\node_modules\react-dom\cjs\react-dom.development.js:15486:18)
    at mountIndeterminateComponent (C:\Users\Admin\graceful_books\node_modules\react-dom\cjs\react-dom.development.js:20103:13)
    at beginWork (C:\Users\Admin\graceful_books\node_modules\react-dom\cjs\react-dom.development.js:21626:16)
    at HTMLUnknownElement.callCallback (C:\Users\Admin\graceful_books\node_modules\react-dom\cjs\react-dom.development.js:4164:14)
    at HTMLUnknownElement.callTheUserObjectsOperation (C:\Users\Admin\graceful_books\node_modules\jsdom\lib\jsdom\living\generated\EventListener.js:26:30)
    at innerInvokeEventListeners (C:\Users\Admin\graceful_books\node_modules\jsdom\lib\jsdom\living\events\EventTarget-impl.js:350:25)
Error: Uncaught [Error: useLocation() may be used only in the context of a <Router> component.]
    at reportException (C:\Users\Admin\graceful_books\node_modules\jsdom\lib\jsdom\living\helpers\runtime-script-errors.js:66:24)
    at innerInvokeEventListeners (C:\Users\Admin\graceful_books\node_modules\jsdom\lib\jsdom\living\events\EventTarget-impl.js:353:9)
    at invokeEventListeners (C:\Users\Admin\graceful_books\node_modules\jsdom\lib\jsdom\living\events\EventTarget-impl.js:286:3)
    at HTMLUnknownElementImpl._dispatch (C:\Users\Admin\graceful_books\node_modules\jsdom\lib\jsdom\living\events\EventTarget-impl.js:233:9)
    at HTMLUnknownElementImpl.dispatchEvent (C:\Users\Admin\graceful_books\node_modules\jsdom\lib\jsdom\living\events\EventTarget-impl.js:104:17)
    at HTMLUnknownElement.dispatchEvent (C:\Users\Admin\graceful_books\node_modules\jsdom\lib\jsdom\living\generated\EventTarget.js:241:34)
    at Object.invokeGuardedCallbackDev (C:\Users\Admin\graceful_books\node_modules\react-dom\cjs\react-dom.development.js:4213:16)
    at invokeGuardedCallback (C:\Users\Admin\graceful_books\node_modules\react-dom\cjs\react-dom.development.js:4277:31)
    at beginWork$1 (C:\Users\Admin\graceful_books\node_modules\react-dom\cjs\react-dom.development.js:27490:7)
    at performUnitOfWork (C:\Users\Admin\graceful_books\node_modules\react-dom\cjs\react-dom.development.js:26599:12) Error: useLocation() may be used only in the context of a <Router> component.
    at Object.invariant [as UNSAFE_invariant] (C:\Users\Admin\graceful_books\node_modules\@remix-run\router\dist\router.cjs.js:315:11)
    at Object.useLocation (C:\Users\Admin\graceful_books\node_modules\react-router\dist\umd\react-router.development.js:158:36)
    at useSearchParams (C:\Users\Admin\graceful_books\node_modules\react-router-dom\dist\umd\react-router-dom.development.js:1129:32)
    at CPUTracker (C:/Users/Admin/graceful_books/src/pages/cpg/CPUTracker.tsx:49:43)
    at renderWithHooks (C:\Users\Admin\graceful_books\node_modules\react-dom\cjs\react-dom.development.js:15486:18)
    at mountIndeterminateComponent (C:\Users\Admin\graceful_books\node_modules\react-dom\cjs\react-dom.development.js:20103:13)
    at beginWork (C:\Users\Admin\graceful_books\node_modules\react-dom\cjs\react-dom.development.js:21626:16)
    at HTMLUnknownElement.callCallback (C:\Users\Admin\graceful_books\node_modules\react-dom\cjs\react-dom.development.js:4164:14)
    at HTMLUnknownElement.callTheUserObjectsOperation (C:\Users\Admin\graceful_books\node_modules\jsdom\lib\jsdom\living\generated\EventListener.js:26:30)
    at innerInvokeEventListeners (C:\Users\Admin\graceful_books\node_modules\jsdom\lib\jsdom\living\events\EventTarget-impl.js:350:25)
Error: Uncaught [Error: useLocation() may be used only in the context of a <Router> component.]
    at reportException (C:\Users\Admin\graceful_books\node_modules\jsdom\lib\jsdom\living\helpers\runtime-script-errors.js:66:24)
    at innerInvokeEventListeners (C:\Users\Admin\graceful_books\node_modules\jsdom\lib\jsdom\living\events\EventTarget-impl.js:353:9)
    at invokeEventListeners (C:\Users\Admin\graceful_books\node_modules\jsdom\lib\jsdom\living\events\EventTarget-impl.js:286:3)
    at HTMLUnknownElementImpl._dispatch (C:\Users\Admin\graceful_books\node_modules\jsdom\lib\jsdom\living\events\EventTarget-impl.js:233:9)
    at HTMLUnknownElementImpl.dispatchEvent (C:\Users\Admin\graceful_books\node_modules\jsdom\lib\jsdom\living\events\EventTarget-impl.js:104:17)
    at HTMLUnknownElement.dispatchEvent (C:\Users\Admin\graceful_books\node_modules\jsdom\lib\jsdom\living\generated\EventTarget.js:241:34)
    at Object.invokeGuardedCallbackDev (C:\Users\Admin\graceful_books\node_modules\react-dom\cjs\react-dom.development.js:4213:16)
    at invokeGuardedCallback (C:\Users\Admin\graceful_books\node_modules\react-dom\cjs\react-dom.development.js:4277:31)
    at beginWork$1 (C:\Users\Admin\graceful_books\node_modules\react-dom\cjs\react-dom.development.js:27490:7)
    at performUnitOfWork (C:\Users\Admin\graceful_books\node_modules\react-dom\cjs\react-dom.development.js:26599:12) Error: useLocation() may be used only in the context of a <Router> component.
    at Object.invariant [as UNSAFE_invariant] (C:\Users\Admin\graceful_books\node_modules\@remix-run\router\dist\router.cjs.js:315:11)
    at Object.useLocation (C:\Users\Admin\graceful_books\node_modules\react-router\dist\umd\react-router.development.js:158:36)
    at useSearchParams (C:\Users\Admin\graceful_books\node_modules\react-router-dom\dist\umd\react-router-dom.development.js:1129:32)
    at CPUTracker (C:/Users/Admin/graceful_books/src/pages/cpg/CPUTracker.tsx:49:43)
    at renderWithHooks (C:\Users\Admin\graceful_books\node_modules\react-dom\cjs\react-dom.development.js:15486:18)
    at mountIndeterminateComponent (C:\Users\Admin\graceful_books\node_modules\react-dom\cjs\react-dom.development.js:20103:13)
    at beginWork (C:\Users\Admin\graceful_books\node_modules\react-dom\cjs\react-dom.development.js:21626:16)
    at HTMLUnknownElement.callCallback (C:\Users\Admin\graceful_books\node_modules\react-dom\cjs\react-dom.development.js:4164:14)
    at HTMLUnknownElement.callTheUserObjectsOperation (C:\Users\Admin\graceful_books\node_modules\jsdom\lib\jsdom\living\generated\EventListener.js:26:30)
    at innerInvokeEventListeners (C:\Users\Admin\graceful_books\node_modules\jsdom\lib\jsdom\living\events\EventTarget-impl.js:350:25)
Error: Uncaught [Error: useLocation() may be used only in the context of a <Router> component.]
    at reportException (C:\Users\Admin\graceful_books\node_modules\jsdom\lib\jsdom\living\helpers\runtime-script-errors.js:66:24)
    at innerInvokeEventListeners (C:\Users\Admin\graceful_books\node_modules\jsdom\lib\jsdom\living\events\EventTarget-impl.js:353:9)
    at invokeEventListeners (C:\Users\Admin\graceful_books\node_modules\jsdom\lib\jsdom\living\events\EventTarget-impl.js:286:3)
    at HTMLUnknownElementImpl._dispatch (C:\Users\Admin\graceful_books\node_modules\jsdom\lib\jsdom\living\events\EventTarget-impl.js:233:9)
    at HTMLUnknownElementImpl.dispatchEvent (C:\Users\Admin\graceful_books\node_modules\jsdom\lib\jsdom\living\events\EventTarget-impl.js:104:17)
    at HTMLUnknownElement.dispatchEvent (C:\Users\Admin\graceful_books\node_modules\jsdom\lib\jsdom\living\generated\EventTarget.js:241:34)
    at Object.invokeGuardedCallbackDev (C:\Users\Admin\graceful_books\node_modules\react-dom\cjs\react-dom.development.js:4213:16)
    at invokeGuardedCallback (C:\Users\Admin\graceful_books\node_modules\react-dom\cjs\react-dom.development.js:4277:31)
    at beginWork$1 (C:\Users\Admin\graceful_books\node_modules\react-dom\cjs\react-dom.development.js:27490:7)
    at performUnitOfWork (C:\Users\Admin\graceful_books\node_modules\react-dom\cjs\react-dom.development.js:26599:12) Error: useLocation() may be used only in the context of a <Router> component.
    at Object.invariant [as UNSAFE_invariant] (C:\Users\Admin\graceful_books\node_modules\@remix-run\router\dist\router.cjs.js:315:11)
    at Object.useLocation (C:\Users\Admin\graceful_books\node_modules\react-router\dist\umd\react-router.development.js:158:36)
    at useSearchParams (C:\Users\Admin\graceful_books\node_modules\react-router-dom\dist\umd\react-router-dom.development.js:1129:32)
    at CPUTracker (C:/Users/Admin/graceful_books/src/pages/cpg/CPUTracker.tsx:49:43)
    at renderWithHooks (C:\Users\Admin\graceful_books\node_modules\react-dom\cjs\react-dom.development.js:15486:18)
    at mountIndeterminateComponent (C:\Users\Admin\graceful_books\node_modules\react-dom\cjs\react-dom.development.js:20103:13)
    at beginWork (C:\Users\Admin\graceful_books\node_modules\react-dom\cjs\react-dom.development.js:21626:16)
    at HTMLUnknownElement.callCallback (C:\Users\Admin\graceful_books\node_modules\react-dom\cjs\react-dom.development.js:4164:14)
    at HTMLUnknownElement.callTheUserObjectsOperation (C:\Users\Admin\graceful_books\node_modules\jsdom\lib\jsdom\living\generated\EventListener.js:26:30)
    at innerInvokeEventListeners (C:\Users\Admin\graceful_books\node_modules\jsdom\lib\jsdom\living\events\EventTarget-impl.js:350:25)
Error: Uncaught [Error: useLocation() may be used only in the context of a <Router> component.]
    at reportException (C:\Users\Admin\graceful_books\node_modules\jsdom\lib\jsdom\living\helpers\runtime-script-errors.js:66:24)
    at innerInvokeEventListeners (C:\Users\Admin\graceful_books\node_modules\jsdom\lib\jsdom\living\events\EventTarget-impl.js:353:9)
    at invokeEventListeners (C:\Users\Admin\graceful_books\node_modules\jsdom\lib\jsdom\living\events\EventTarget-impl.js:286:3)
    at HTMLUnknownElementImpl._dispatch (C:\Users\Admin\graceful_books\node_modules\jsdom\lib\jsdom\living\events\EventTarget-impl.js:233:9)
    at HTMLUnknownElementImpl.dispatchEvent (C:\Users\Admin\graceful_books\node_modules\jsdom\lib\jsdom\living\events\EventTarget-impl.js:104:17)
    at HTMLUnknownElement.dispatchEvent (C:\Users\Admin\graceful_books\node_modules\jsdom\lib\jsdom\living\generated\EventTarget.js:241:34)
    at Object.invokeGuardedCallbackDev (C:\Users\Admin\graceful_books\node_modules\react-dom\cjs\react-dom.development.js:4213:16)
    at invokeGuardedCallback (C:\Users\Admin\graceful_books\node_modules\react-dom\cjs\react-dom.development.js:4277:31)
    at beginWork$1 (C:\Users\Admin\graceful_books\node_modules\react-dom\cjs\react-dom.development.js:27490:7)
    at performUnitOfWork (C:\Users\Admin\graceful_books\node_modules\react-dom\cjs\react-dom.development.js:26599:12) Error: useLocation() may be used only in the context of a <Router> component.
    at Object.invariant [as UNSAFE_invariant] (C:\Users\Admin\graceful_books\node_modules\@remix-run\router\dist\router.cjs.js:315:11)
    at Object.useLocation (C:\Users\Admin\graceful_books\node_modules\react-router\dist\umd\react-router.development.js:158:36)
    at useSearchParams (C:\Users\Admin\graceful_books\node_modules\react-router-dom\dist\umd\react-router-dom.development.js:1129:32)
    at CPUTracker (C:/Users/Admin/graceful_books/src/pages/cpg/CPUTracker.tsx:49:43)
    at renderWithHooks (C:\Users\Admin\graceful_books\node_modules\react-dom\cjs\react-dom.development.js:15486:18)
    at mountIndeterminateComponent (C:\Users\Admin\graceful_books\node_modules\react-dom\cjs\react-dom.development.js:20103:13)
    at beginWork (C:\Users\Admin\graceful_books\node_modules\react-dom\cjs\react-dom.development.js:21626:16)
    at HTMLUnknownElement.callCallback (C:\Users\Admin\graceful_books\node_modules\react-dom\cjs\react-dom.development.js:4164:14)
    at HTMLUnknownElement.callTheUserObjectsOperation (C:\Users\Admin\graceful_books\node_modules\jsdom\lib\jsdom\living\generated\EventListener.js:26:30)
    at innerInvokeEventListeners (C:\Users\Admin\graceful_books\node_modules\jsdom\lib\jsdom\living\events\EventTarget-impl.js:350:25)
Error: Uncaught [Error: useLocation() may be used only in the context of a <Router> component.]
    at reportException (C:\Users\Admin\graceful_books\node_modules\jsdom\lib\jsdom\living\helpers\runtime-script-errors.js:66:24)
    at innerInvokeEventListeners (C:\Users\Admin\graceful_books\node_modules\jsdom\lib\jsdom\living\events\EventTarget-impl.js:353:9)
    at invokeEventListeners (C:\Users\Admin\graceful_books\node_modules\jsdom\lib\jsdom\living\events\EventTarget-impl.js:286:3)
    at HTMLUnknownElementImpl._dispatch (C:\Users\Admin\graceful_books\node_modules\jsdom\lib\jsdom\living\events\EventTarget-impl.js:233:9)
    at HTMLUnknownElementImpl.dispatchEvent (C:\Users\Admin\graceful_books\node_modules\jsdom\lib\jsdom\living\events\EventTarget-impl.js:104:17)
    at HTMLUnknownElement.dispatchEvent (C:\Users\Admin\graceful_books\node_modules\jsdom\lib\jsdom\living\generated\EventTarget.js:241:34)
    at Object.invokeGuardedCallbackDev (C:\Users\Admin\graceful_books\node_modules\react-dom\cjs\react-dom.development.js:4213:16)
    at invokeGuardedCallback (C:\Users\Admin\graceful_books\node_modules\react-dom\cjs\react-dom.development.js:4277:31)
    at beginWork$1 (C:\Users\Admin\graceful_books\node_modules\react-dom\cjs\react-dom.development.js:27490:7)
    at performUnitOfWork (C:\Users\Admin\graceful_books\node_modules\react-dom\cjs\react-dom.development.js:26599:12) Error: useLocation() may be used only in the context of a <Router> component.
    at Object.invariant [as UNSAFE_invariant] (C:\Users\Admin\graceful_books\node_modules\@remix-run\router\dist\router.cjs.js:315:11)
    at Object.useLocation (C:\Users\Admin\graceful_books\node_modules\react-router\dist\umd\react-router.development.js:158:36)
    at useSearchParams (C:\Users\Admin\graceful_books\node_modules\react-router-dom\dist\umd\react-router-dom.development.js:1129:32)
    at CPUTracker (C:/Users/Admin/graceful_books/src/pages/cpg/CPUTracker.tsx:49:43)
    at renderWithHooks (C:\Users\Admin\graceful_books\node_modules\react-dom\cjs\react-dom.development.js:15486:18)
    at mountIndeterminateComponent (C:\Users\Admin\graceful_books\node_modules\react-dom\cjs\react-dom.development.js:20103:13)
    at beginWork (C:\Users\Admin\graceful_books\node_modules\react-dom\cjs\react-dom.development.js:21626:16)
    at HTMLUnknownElement.callCallback (C:\Users\Admin\graceful_books\node_modules\react-dom\cjs\react-dom.development.js:4164:14)
    at HTMLUnknownElement.callTheUserObjectsOperation (C:\Users\Admin\graceful_books\node_modules\jsdom\lib\jsdom\living\generated\EventListener.js:26:30)
    at innerInvokeEventListeners (C:\Users\Admin\graceful_books\node_modules\jsdom\lib\jsdom\living\events\EventTarget-impl.js:350:25)
Error: Uncaught [Error: useLocation() may be used only in the context of a <Router> component.]
    at reportException (C:\Users\Admin\graceful_books\node_modules\jsdom\lib\jsdom\living\helpers\runtime-script-errors.js:66:24)
    at innerInvokeEventListeners (C:\Users\Admin\graceful_books\node_modules\jsdom\lib\jsdom\living\events\EventTarget-impl.js:353:9)
    at invokeEventListeners (C:\Users\Admin\graceful_books\node_modules\jsdom\lib\jsdom\living\events\EventTarget-impl.js:286:3)
    at HTMLUnknownElementImpl._dispatch (C:\Users\Admin\graceful_books\node_modules\jsdom\lib\jsdom\living\events\EventTarget-impl.js:233:9)
    at HTMLUnknownElementImpl.dispatchEvent (C:\Users\Admin\graceful_books\node_modules\jsdom\lib\jsdom\living\events\EventTarget-impl.js:104:17)
    at HTMLUnknownElement.dispatchEvent (C:\Users\Admin\graceful_books\node_modules\jsdom\lib\jsdom\living\generated\EventTarget.js:241:34)
    at Object.invokeGuardedCallbackDev (C:\Users\Admin\graceful_books\node_modules\react-dom\cjs\react-dom.development.js:4213:16)
    at invokeGuardedCallback (C:\Users\Admin\graceful_books\node_modules\react-dom\cjs\react-dom.development.js:4277:31)
    at beginWork$1 (C:\Users\Admin\graceful_books\node_modules\react-dom\cjs\react-dom.development.js:27490:7)
    at performUnitOfWork (C:\Users\Admin\graceful_books\node_modules\react-dom\cjs\react-dom.development.js:26599:12) Error: useLocation() may be used only in the context of a <Router> component.
    at Object.invariant [as UNSAFE_invariant] (C:\Users\Admin\graceful_books\node_modules\@remix-run\router\dist\router.cjs.js:315:11)
    at Object.useLocation (C:\Users\Admin\graceful_books\node_modules\react-router\dist\umd\react-router.development.js:158:36)
    at useSearchParams (C:\Users\Admin\graceful_books\node_modules\react-router-dom\dist\umd\react-router-dom.development.js:1129:32)
    at CPUTracker (C:/Users/Admin/graceful_books/src/pages/cpg/CPUTracker.tsx:49:43)
    at renderWithHooks (C:\Users\Admin\graceful_books\node_modules\react-dom\cjs\react-dom.development.js:15486:18)
    at mountIndeterminateComponent (C:\Users\Admin\graceful_books\node_modules\react-dom\cjs\react-dom.development.js:20103:13)
    at beginWork (C:\Users\Admin\graceful_books\node_modules\react-dom\cjs\react-dom.development.js:21626:16)
    at HTMLUnknownElement.callCallback (C:\Users\Admin\graceful_books\node_modules\react-dom\cjs\react-dom.development.js:4164:14)
    at HTMLUnknownElement.callTheUserObjectsOperation (C:\Users\Admin\graceful_books\node_modules\jsdom\lib\jsdom\living\generated\EventListener.js:26:30)
    at innerInvokeEventListeners (C:\Users\Admin\graceful_books\node_modules\jsdom\lib\jsdom\living\events\EventTarget-impl.js:350:25)
Error: Uncaught [Error: useLocation() may be used only in the context of a <Router> component.]
    at reportException (C:\Users\Admin\graceful_books\node_modules\jsdom\lib\jsdom\living\helpers\runtime-script-errors.js:66:24)
    at innerInvokeEventListeners (C:\Users\Admin\graceful_books\node_modules\jsdom\lib\jsdom\living\events\EventTarget-impl.js:353:9)
    at invokeEventListeners (C:\Users\Admin\graceful_books\node_modules\jsdom\lib\jsdom\living\events\EventTarget-impl.js:286:3)
    at HTMLUnknownElementImpl._dispatch (C:\Users\Admin\graceful_books\node_modules\jsdom\lib\jsdom\living\events\EventTarget-impl.js:233:9)
    at HTMLUnknownElementImpl.dispatchEvent (C:\Users\Admin\graceful_books\node_modules\jsdom\lib\jsdom\living\events\EventTarget-impl.js:104:17)
    at HTMLUnknownElement.dispatchEvent (C:\Users\Admin\graceful_books\node_modules\jsdom\lib\jsdom\living\generated\EventTarget.js:241:34)
    at Object.invokeGuardedCallbackDev (C:\Users\Admin\graceful_books\node_modules\react-dom\cjs\react-dom.development.js:4213:16)
    at invokeGuardedCallback (C:\Users\Admin\graceful_books\node_modules\react-dom\cjs\react-dom.development.js:4277:31)
    at beginWork$1 (C:\Users\Admin\graceful_books\node_modules\react-dom\cjs\react-dom.development.js:27490:7)
    at performUnitOfWork (C:\Users\Admin\graceful_books\node_modules\react-dom\cjs\react-dom.development.js:26599:12) Error: useLocation() may be used only in the context of a <Router> component.
    at Object.invariant [as UNSAFE_invariant] (C:\Users\Admin\graceful_books\node_modules\@remix-run\router\dist\router.cjs.js:315:11)
    at Object.useLocation (C:\Users\Admin\graceful_books\node_modules\react-router\dist\umd\react-router.development.js:158:36)
    at useSearchParams (C:\Users\Admin\graceful_books\node_modules\react-router-dom\dist\umd\react-router-dom.development.js:1129:32)
    at CPUTracker (C:/Users/Admin/graceful_books/src/pages/cpg/CPUTracker.tsx:49:43)
    at renderWithHooks (C:\Users\Admin\graceful_books\node_modules\react-dom\cjs\react-dom.development.js:15486:18)
    at mountIndeterminateComponent (C:\Users\Admin\graceful_books\node_modules\react-dom\cjs\react-dom.development.js:20103:13)
    at beginWork (C:\Users\Admin\graceful_books\node_modules\react-dom\cjs\react-dom.development.js:21626:16)
    at HTMLUnknownElement.callCallback (C:\Users\Admin\graceful_books\node_modules\react-dom\cjs\react-dom.development.js:4164:14)
    at HTMLUnknownElement.callTheUserObjectsOperation (C:\Users\Admin\graceful_books\node_modules\jsdom\lib\jsdom\living\generated\EventListener.js:26:30)
    at innerInvokeEventListeners (C:\Users\Admin\graceful_books\node_modules\jsdom\lib\jsdom\living\events\EventTarget-impl.js:350:25)
Error: Uncaught [Error: useLocation() may be used only in the context of a <Router> component.]
    at reportException (C:\Users\Admin\graceful_books\node_modules\jsdom\lib\jsdom\living\helpers\runtime-script-errors.js:66:24)
    at innerInvokeEventListeners (C:\Users\Admin\graceful_books\node_modules\jsdom\lib\jsdom\living\events\EventTarget-impl.js:353:9)
    at invokeEventListeners (C:\Users\Admin\graceful_books\node_modules\jsdom\lib\jsdom\living\events\EventTarget-impl.js:286:3)
    at HTMLUnknownElementImpl._dispatch (C:\Users\Admin\graceful_books\node_modules\jsdom\lib\jsdom\living\events\EventTarget-impl.js:233:9)
    at HTMLUnknownElementImpl.dispatchEvent (C:\Users\Admin\graceful_books\node_modules\jsdom\lib\jsdom\living\events\EventTarget-impl.js:104:17)
    at HTMLUnknownElement.dispatchEvent (C:\Users\Admin\graceful_books\node_modules\jsdom\lib\jsdom\living\generated\EventTarget.js:241:34)
    at Object.invokeGuardedCallbackDev (C:\Users\Admin\graceful_books\node_modules\react-dom\cjs\react-dom.development.js:4213:16)
    at invokeGuardedCallback (C:\Users\Admin\graceful_books\node_modules\react-dom\cjs\react-dom.development.js:4277:31)
    at beginWork$1 (C:\Users\Admin\graceful_books\node_modules\react-dom\cjs\react-dom.development.js:27490:7)
    at performUnitOfWork (C:\Users\Admin\graceful_books\node_modules\react-dom\cjs\react-dom.development.js:26599:12) Error: useLocation() may be used only in the context of a <Router> component.
    at Object.invariant [as UNSAFE_invariant] (C:\Users\Admin\graceful_books\node_modules\@remix-run\router\dist\router.cjs.js:315:11)
    at Object.useLocation (C:\Users\Admin\graceful_books\node_modules\react-router\dist\umd\react-router.development.js:158:36)
    at useSearchParams (C:\Users\Admin\graceful_books\node_modules\react-router-dom\dist\umd\react-router-dom.development.js:1129:32)
    at CPUTracker (C:/Users/Admin/graceful_books/src/pages/cpg/CPUTracker.tsx:49:43)
    at renderWithHooks (C:\Users\Admin\graceful_books\node_modules\react-dom\cjs\react-dom.development.js:15486:18)
    at mountIndeterminateComponent (C:\Users\Admin\graceful_books\node_modules\react-dom\cjs\react-dom.development.js:20103:13)
    at beginWork (C:\Users\Admin\graceful_books\node_modules\react-dom\cjs\react-dom.development.js:21626:16)
    at HTMLUnknownElement.callCallback (C:\Users\Admin\graceful_books\node_modules\react-dom\cjs\react-dom.development.js:4164:14)
    at HTMLUnknownElement.callTheUserObjectsOperation (C:\Users\Admin\graceful_books\node_modules\jsdom\lib\jsdom\living\generated\EventListener.js:26:30)
    at innerInvokeEventListeners (C:\Users\Admin\graceful_books\node_modules\jsdom\lib\jsdom\living\events\EventTarget-impl.js:350:25)
Error: Uncaught [Error: useLocation() may be used only in the context of a <Router> component.]
    at reportException (C:\Users\Admin\graceful_books\node_modules\jsdom\lib\jsdom\living\helpers\runtime-script-errors.js:66:24)
    at innerInvokeEventListeners (C:\Users\Admin\graceful_books\node_modules\jsdom\lib\jsdom\living\events\EventTarget-impl.js:353:9)
    at invokeEventListeners (C:\Users\Admin\graceful_books\node_modules\jsdom\lib\jsdom\living\events\EventTarget-impl.js:286:3)
    at HTMLUnknownElementImpl._dispatch (C:\Users\Admin\graceful_books\node_modules\jsdom\lib\jsdom\living\events\EventTarget-impl.js:233:9)
    at HTMLUnknownElementImpl.dispatchEvent (C:\Users\Admin\graceful_books\node_modules\jsdom\lib\jsdom\living\events\EventTarget-impl.js:104:17)
    at HTMLUnknownElement.dispatchEvent (C:\Users\Admin\graceful_books\node_modules\jsdom\lib\jsdom\living\generated\EventTarget.js:241:34)
    at Object.invokeGuardedCallbackDev (C:\Users\Admin\graceful_books\node_modules\react-dom\cjs\react-dom.development.js:4213:16)
    at invokeGuardedCallback (C:\Users\Admin\graceful_books\node_modules\react-dom\cjs\react-dom.development.js:4277:31)
    at beginWork$1 (C:\Users\Admin\graceful_books\node_modules\react-dom\cjs\react-dom.development.js:27490:7)
    at performUnitOfWork (C:\Users\Admin\graceful_books\node_modules\react-dom\cjs\react-dom.development.js:26599:12) Error: useLocation() may be used only in the context of a <Router> component.
    at Object.invariant [as UNSAFE_invariant] (C:\Users\Admin\graceful_books\node_modules\@remix-run\router\dist\router.cjs.js:315:11)
    at Object.useLocation (C:\Users\Admin\graceful_books\node_modules\react-router\dist\umd\react-router.development.js:158:36)
    at useSearchParams (C:\Users\Admin\graceful_books\node_modules\react-router-dom\dist\umd\react-router-dom.development.js:1129:32)
    at CPUTracker (C:/Users/Admin/graceful_books/src/pages/cpg/CPUTracker.tsx:49:43)
    at renderWithHooks (C:\Users\Admin\graceful_books\node_modules\react-dom\cjs\react-dom.development.js:15486:18)
    at mountIndeterminateComponent (C:\Users\Admin\graceful_books\node_modules\react-dom\cjs\react-dom.development.js:20103:13)
    at beginWork (C:\Users\Admin\graceful_books\node_modules\react-dom\cjs\react-dom.development.js:21626:16)
    at HTMLUnknownElement.callCallback (C:\Users\Admin\graceful_books\node_modules\react-dom\cjs\react-dom.development.js:4164:14)
    at HTMLUnknownElement.callTheUserObjectsOperation (C:\Users\Admin\graceful_books\node_modules\jsdom\lib\jsdom\living\generated\EventListener.js:26:30)
    at innerInvokeEventListeners (C:\Users\Admin\graceful_books\node_modules\jsdom\lib\jsdom\living\events\EventTarget-impl.js:350:25)
Error: Uncaught [Error: useLocation() may be used only in the context of a <Router> component.]
    at reportException (C:\Users\Admin\graceful_books\node_modules\jsdom\lib\jsdom\living\helpers\runtime-script-errors.js:66:24)
    at innerInvokeEventListeners (C:\Users\Admin\graceful_books\node_modules\jsdom\lib\jsdom\living\events\EventTarget-impl.js:353:9)
    at invokeEventListeners (C:\Users\Admin\graceful_books\node_modules\jsdom\lib\jsdom\living\events\EventTarget-impl.js:286:3)
    at HTMLUnknownElementImpl._dispatch (C:\Users\Admin\graceful_books\node_modules\jsdom\lib\jsdom\living\events\EventTarget-impl.js:233:9)
    at HTMLUnknownElementImpl.dispatchEvent (C:\Users\Admin\graceful_books\node_modules\jsdom\lib\jsdom\living\events\EventTarget-impl.js:104:17)
    at HTMLUnknownElement.dispatchEvent (C:\Users\Admin\graceful_books\node_modules\jsdom\lib\jsdom\living\generated\EventTarget.js:241:34)
    at Object.invokeGuardedCallbackDev (C:\Users\Admin\graceful_books\node_modules\react-dom\cjs\react-dom.development.js:4213:16)
    at invokeGuardedCallback (C:\Users\Admin\graceful_books\node_modules\react-dom\cjs\react-dom.development.js:4277:31)
    at beginWork$1 (C:\Users\Admin\graceful_books\node_modules\react-dom\cjs\react-dom.development.js:27490:7)
    at performUnitOfWork (C:\Users\Admin\graceful_books\node_modules\react-dom\cjs\react-dom.development.js:26599:12) Error: useLocation() may be used only in the context of a <Router> component.
    at Object.invariant [as UNSAFE_invariant] (C:\Users\Admin\graceful_books\node_modules\@remix-run\router\dist\router.cjs.js:315:11)
    at Object.useLocation (C:\Users\Admin\graceful_books\node_modules\react-router\dist\umd\react-router.development.js:158:36)
    at useSearchParams (C:\Users\Admin\graceful_books\node_modules\react-router-dom\dist\umd\react-router-dom.development.js:1129:32)
    at CPUTracker (C:/Users/Admin/graceful_books/src/pages/cpg/CPUTracker.tsx:49:43)
    at renderWithHooks (C:\Users\Admin\graceful_books\node_modules\react-dom\cjs\react-dom.development.js:15486:18)
    at mountIndeterminateComponent (C:\Users\Admin\graceful_books\node_modules\react-dom\cjs\react-dom.development.js:20103:13)
    at beginWork (C:\Users\Admin\graceful_books\node_modules\react-dom\cjs\react-dom.development.js:21626:16)
    at HTMLUnknownElement.callCallback (C:\Users\Admin\graceful_books\node_modules\react-dom\cjs\react-dom.development.js:4164:14)
    at HTMLUnknownElement.callTheUserObjectsOperation (C:\Users\Admin\graceful_books\node_modules\jsdom\lib\jsdom\living\generated\EventListener.js:26:30)
    at innerInvokeEventListeners (C:\Users\Admin\graceful_books\node_modules\jsdom\lib\jsdom\living\events\EventTarget-impl.js:350:25)
Error: Uncaught [Error: useLocation() may be used only in the context of a <Router> component.]
    at reportException (C:\Users\Admin\graceful_books\node_modules\jsdom\lib\jsdom\living\helpers\runtime-script-errors.js:66:24)
    at innerInvokeEventListeners (C:\Users\Admin\graceful_books\node_modules\jsdom\lib\jsdom\living\events\EventTarget-impl.js:353:9)
    at invokeEventListeners (C:\Users\Admin\graceful_books\node_modules\jsdom\lib\jsdom\living\events\EventTarget-impl.js:286:3)
    at HTMLUnknownElementImpl._dispatch (C:\Users\Admin\graceful_books\node_modules\jsdom\lib\jsdom\living\events\EventTarget-impl.js:233:9)
    at HTMLUnknownElementImpl.dispatchEvent (C:\Users\Admin\graceful_books\node_modules\jsdom\lib\jsdom\living\events\EventTarget-impl.js:104:17)
    at HTMLUnknownElement.dispatchEvent (C:\Users\Admin\graceful_books\node_modules\jsdom\lib\jsdom\living\generated\EventTarget.js:241:34)
    at Object.invokeGuardedCallbackDev (C:\Users\Admin\graceful_books\node_modules\react-dom\cjs\react-dom.development.js:4213:16)
    at invokeGuardedCallback (C:\Users\Admin\graceful_books\node_modules\react-dom\cjs\react-dom.development.js:4277:31)
    at beginWork$1 (C:\Users\Admin\graceful_books\node_modules\react-dom\cjs\react-dom.development.js:27490:7)
    at performUnitOfWork (C:\Users\Admin\graceful_books\node_modules\react-dom\cjs\react-dom.development.js:26599:12) Error: useLocation() may be used only in the context of a <Router> component.
    at Object.invariant [as UNSAFE_invariant] (C:\Users\Admin\graceful_books\node_modules\@remix-run\router\dist\router.cjs.js:315:11)
    at Object.useLocation (C:\Users\Admin\graceful_books\node_modules\react-router\dist\umd\react-router.development.js:158:36)
    at useSearchParams (C:\Users\Admin\graceful_books\node_modules\react-router-dom\dist\umd\react-router-dom.development.js:1129:32)
    at CPUTracker (C:/Users/Admin/graceful_books/src/pages/cpg/CPUTracker.tsx:49:43)
    at renderWithHooks (C:\Users\Admin\graceful_books\node_modules\react-dom\cjs\react-dom.development.js:15486:18)
    at mountIndeterminateComponent (C:\Users\Admin\graceful_books\node_modules\react-dom\cjs\react-dom.development.js:20103:13)
    at beginWork (C:\Users\Admin\graceful_books\node_modules\react-dom\cjs\react-dom.development.js:21626:16)
    at HTMLUnknownElement.callCallback (C:\Users\Admin\graceful_books\node_modules\react-dom\cjs\react-dom.development.js:4164:14)
    at HTMLUnknownElement.callTheUserObjectsOperation (C:\Users\Admin\graceful_books\node_modules\jsdom\lib\jsdom\living\generated\EventListener.js:26:30)
    at innerInvokeEventListeners (C:\Users\Admin\graceful_books\node_modules\jsdom\lib\jsdom\living\events\EventTarget-impl.js:350:25)
Error: Uncaught [Error: useLocation() may be used only in the context of a <Router> component.]
    at reportException (C:\Users\Admin\graceful_books\node_modules\jsdom\lib\jsdom\living\helpers\runtime-script-errors.js:66:24)
    at innerInvokeEventListeners (C:\Users\Admin\graceful_books\node_modules\jsdom\lib\jsdom\living\events\EventTarget-impl.js:353:9)
    at invokeEventListeners (C:\Users\Admin\graceful_books\node_modules\jsdom\lib\jsdom\living\events\EventTarget-impl.js:286:3)
    at HTMLUnknownElementImpl._dispatch (C:\Users\Admin\graceful_books\node_modules\jsdom\lib\jsdom\living\events\EventTarget-impl.js:233:9)
    at HTMLUnknownElementImpl.dispatchEvent (C:\Users\Admin\graceful_books\node_modules\jsdom\lib\jsdom\living\events\EventTarget-impl.js:104:17)
    at HTMLUnknownElement.dispatchEvent (C:\Users\Admin\graceful_books\node_modules\jsdom\lib\jsdom\living\generated\EventTarget.js:241:34)
    at Object.invokeGuardedCallbackDev (C:\Users\Admin\graceful_books\node_modules\react-dom\cjs\react-dom.development.js:4213:16)
    at invokeGuardedCallback (C:\Users\Admin\graceful_books\node_modules\react-dom\cjs\react-dom.development.js:4277:31)
    at beginWork$1 (C:\Users\Admin\graceful_books\node_modules\react-dom\cjs\react-dom.development.js:27490:7)
    at performUnitOfWork (C:\Users\Admin\graceful_books\node_modules\react-dom\cjs\react-dom.development.js:26599:12) Error: useLocation() may be used only in the context of a <Router> component.
    at Object.invariant [as UNSAFE_invariant] (C:\Users\Admin\graceful_books\node_modules\@remix-run\router\dist\router.cjs.js:315:11)
    at Object.useLocation (C:\Users\Admin\graceful_books\node_modules\react-router\dist\umd\react-router.development.js:158:36)
    at useSearchParams (C:\Users\Admin\graceful_books\node_modules\react-router-dom\dist\umd\react-router-dom.development.js:1129:32)
    at CPUTracker (C:/Users/Admin/graceful_books/src/pages/cpg/CPUTracker.tsx:49:43)
    at renderWithHooks (C:\Users\Admin\graceful_books\node_modules\react-dom\cjs\react-dom.development.js:15486:18)
    at mountIndeterminateComponent (C:\Users\Admin\graceful_books\node_modules\react-dom\cjs\react-dom.development.js:20103:13)
    at beginWork (C:\Users\Admin\graceful_books\node_modules\react-dom\cjs\react-dom.development.js:21626:16)
    at HTMLUnknownElement.callCallback (C:\Users\Admin\graceful_books\node_modules\react-dom\cjs\react-dom.development.js:4164:14)
    at HTMLUnknownElement.callTheUserObjectsOperation (C:\Users\Admin\graceful_books\node_modules\jsdom\lib\jsdom\living\generated\EventListener.js:26:30)
    at innerInvokeEventListeners (C:\Users\Admin\graceful_books\node_modules\jsdom\lib\jsdom\living\events\EventTarget-impl.js:350:25)
Error: Uncaught [Error: useLocation() may be used only in the context of a <Router> component.]
    at reportException (C:\Users\Admin\graceful_books\node_modules\jsdom\lib\jsdom\living\helpers\runtime-script-errors.js:66:24)
    at innerInvokeEventListeners (C:\Users\Admin\graceful_books\node_modules\jsdom\lib\jsdom\living\events\EventTarget-impl.js:353:9)
    at invokeEventListeners (C:\Users\Admin\graceful_books\node_modules\jsdom\lib\jsdom\living\events\EventTarget-impl.js:286:3)
    at HTMLUnknownElementImpl._dispatch (C:\Users\Admin\graceful_books\node_modules\jsdom\lib\jsdom\living\events\EventTarget-impl.js:233:9)
    at HTMLUnknownElementImpl.dispatchEvent (C:\Users\Admin\graceful_books\node_modules\jsdom\lib\jsdom\living\events\EventTarget-impl.js:104:17)
    at HTMLUnknownElement.dispatchEvent (C:\Users\Admin\graceful_books\node_modules\jsdom\lib\jsdom\living\generated\EventTarget.js:241:34)
    at Object.invokeGuardedCallbackDev (C:\Users\Admin\graceful_books\node_modules\react-dom\cjs\react-dom.development.js:4213:16)
    at invokeGuardedCallback (C:\Users\Admin\graceful_books\node_modules\react-dom\cjs\react-dom.development.js:4277:31)
    at beginWork$1 (C:\Users\Admin\graceful_books\node_modules\react-dom\cjs\react-dom.development.js:27490:7)
    at performUnitOfWork (C:\Users\Admin\graceful_books\node_modules\react-dom\cjs\react-dom.development.js:26599:12) Error: useLocation() may be used only in the context of a <Router> component.
    at Object.invariant [as UNSAFE_invariant] (C:\Users\Admin\graceful_books\node_modules\@remix-run\router\dist\router.cjs.js:315:11)
    at Object.useLocation (C:\Users\Admin\graceful_books\node_modules\react-router\dist\umd\react-router.development.js:158:36)
    at useSearchParams (C:\Users\Admin\graceful_books\node_modules\react-router-dom\dist\umd\react-router-dom.development.js:1129:32)
    at CPUTracker (C:/Users/Admin/graceful_books/src/pages/cpg/CPUTracker.tsx:49:43)
    at renderWithHooks (C:\Users\Admin\graceful_books\node_modules\react-dom\cjs\react-dom.development.js:15486:18)
    at mountIndeterminateComponent (C:\Users\Admin\graceful_books\node_modules\react-dom\cjs\react-dom.development.js:20103:13)
    at beginWork (C:\Users\Admin\graceful_books\node_modules\react-dom\cjs\react-dom.development.js:21626:16)
    at HTMLUnknownElement.callCallback (C:\Users\Admin\graceful_books\node_modules\react-dom\cjs\react-dom.development.js:4164:14)
    at HTMLUnknownElement.callTheUserObjectsOperation (C:\Users\Admin\graceful_books\node_modules\jsdom\lib\jsdom\living\generated\EventListener.js:26:30)
    at innerInvokeEventListeners (C:\Users\Admin\graceful_books\node_modules\jsdom\lib\jsdom\living\events\EventTarget-impl.js:350:25)
Error: Uncaught [Error: useLocation() may be used only in the context of a <Router> component.]
    at reportException (C:\Users\Admin\graceful_books\node_modules\jsdom\lib\jsdom\living\helpers\runtime-script-errors.js:66:24)
    at innerInvokeEventListeners (C:\Users\Admin\graceful_books\node_modules\jsdom\lib\jsdom\living\events\EventTarget-impl.js:353:9)
    at invokeEventListeners (C:\Users\Admin\graceful_books\node_modules\jsdom\lib\jsdom\living\events\EventTarget-impl.js:286:3)
    at HTMLUnknownElementImpl._dispatch (C:\Users\Admin\graceful_books\node_modules\jsdom\lib\jsdom\living\events\EventTarget-impl.js:233:9)
    at HTMLUnknownElementImpl.dispatchEvent (C:\Users\Admin\graceful_books\node_modules\jsdom\lib\jsdom\living\events\EventTarget-impl.js:104:17)
    at HTMLUnknownElement.dispatchEvent (C:\Users\Admin\graceful_books\node_modules\jsdom\lib\jsdom\living\generated\EventTarget.js:241:34)
    at Object.invokeGuardedCallbackDev (C:\Users\Admin\graceful_books\node_modules\react-dom\cjs\react-dom.development.js:4213:16)
    at invokeGuardedCallback (C:\Users\Admin\graceful_books\node_modules\react-dom\cjs\react-dom.development.js:4277:31)
    at beginWork$1 (C:\Users\Admin\graceful_books\node_modules\react-dom\cjs\react-dom.development.js:27490:7)
    at performUnitOfWork (C:\Users\Admin\graceful_books\node_modules\react-dom\cjs\react-dom.development.js:26599:12) Error: useLocation() may be used only in the context of a <Router> component.
    at Object.invariant [as UNSAFE_invariant] (C:\Users\Admin\graceful_books\node_modules\@remix-run\router\dist\router.cjs.js:315:11)
    at Object.useLocation (C:\Users\Admin\graceful_books\node_modules\react-router\dist\umd\react-router.development.js:158:36)
    at useSearchParams (C:\Users\Admin\graceful_books\node_modules\react-router-dom\dist\umd\react-router-dom.development.js:1129:32)
    at CPUTracker (C:/Users/Admin/graceful_books/src/pages/cpg/CPUTracker.tsx:49:43)
    at renderWithHooks (C:\Users\Admin\graceful_books\node_modules\react-dom\cjs\react-dom.development.js:15486:18)
    at mountIndeterminateComponent (C:\Users\Admin\graceful_books\node_modules\react-dom\cjs\react-dom.development.js:20103:13)
    at beginWork (C:\Users\Admin\graceful_books\node_modules\react-dom\cjs\react-dom.development.js:21626:16)
    at HTMLUnknownElement.callCallback (C:\Users\Admin\graceful_books\node_modules\react-dom\cjs\react-dom.development.js:4164:14)
    at HTMLUnknownElement.callTheUserObjectsOperation (C:\Users\Admin\graceful_books\node_modules\jsdom\lib\jsdom\living\generated\EventListener.js:26:30)
    at innerInvokeEventListeners (C:\Users\Admin\graceful_books\node_modules\jsdom\lib\jsdom\living\events\EventTarget-impl.js:350:25)
Error: Uncaught [Error: useLocation() may be used only in the context of a <Router> component.]
    at reportException (C:\Users\Admin\graceful_books\node_modules\jsdom\lib\jsdom\living\helpers\runtime-script-errors.js:66:24)
    at innerInvokeEventListeners (C:\Users\Admin\graceful_books\node_modules\jsdom\lib\jsdom\living\events\EventTarget-impl.js:353:9)
    at invokeEventListeners (C:\Users\Admin\graceful_books\node_modules\jsdom\lib\jsdom\living\events\EventTarget-impl.js:286:3)
    at HTMLUnknownElementImpl._dispatch (C:\Users\Admin\graceful_books\node_modules\jsdom\lib\jsdom\living\events\EventTarget-impl.js:233:9)
    at HTMLUnknownElementImpl.dispatchEvent (C:\Users\Admin\graceful_books\node_modules\jsdom\lib\jsdom\living\events\EventTarget-impl.js:104:17)
    at HTMLUnknownElement.dispatchEvent (C:\Users\Admin\graceful_books\node_modules\jsdom\lib\jsdom\living\generated\EventTarget.js:241:34)
    at Object.invokeGuardedCallbackDev (C:\Users\Admin\graceful_books\node_modules\react-dom\cjs\react-dom.development.js:4213:16)
    at invokeGuardedCallback (C:\Users\Admin\graceful_books\node_modules\react-dom\cjs\react-dom.development.js:4277:31)
    at beginWork$1 (C:\Users\Admin\graceful_books\node_modules\react-dom\cjs\react-dom.development.js:27490:7)
    at performUnitOfWork (C:\Users\Admin\graceful_books\node_modules\react-dom\cjs\react-dom.development.js:26599:12) Error: useLocation() may be used only in the context of a <Router> component.
    at Object.invariant [as UNSAFE_invariant] (C:\Users\Admin\graceful_books\node_modules\@remix-run\router\dist\router.cjs.js:315:11)
    at Object.useLocation (C:\Users\Admin\graceful_books\node_modules\react-router\dist\umd\react-router.development.js:158:36)
    at useSearchParams (C:\Users\Admin\graceful_books\node_modules\react-router-dom\dist\umd\react-router-dom.development.js:1129:32)
    at CPUTracker (C:/Users/Admin/graceful_books/src/pages/cpg/CPUTracker.tsx:49:43)
    at renderWithHooks (C:\Users\Admin\graceful_books\node_modules\react-dom\cjs\react-dom.development.js:15486:18)
    at mountIndeterminateComponent (C:\Users\Admin\graceful_books\node_modules\react-dom\cjs\react-dom.development.js:20103:13)
    at beginWork (C:\Users\Admin\graceful_books\node_modules\react-dom\cjs\react-dom.development.js:21626:16)
    at HTMLUnknownElement.callCallback (C:\Users\Admin\graceful_books\node_modules\react-dom\cjs\react-dom.development.js:4164:14)
    at HTMLUnknownElement.callTheUserObjectsOperation (C:\Users\Admin\graceful_books\node_modules\jsdom\lib\jsdom\living\generated\EventListener.js:26:30)
    at innerInvokeEventListeners (C:\Users\Admin\graceful_books\node_modules\jsdom\lib\jsdom\living\events\EventTarget-impl.js:350:25)
Error: Uncaught [Error: useLocation() may be used only in the context of a <Router> component.]
    at reportException (C:\Users\Admin\graceful_books\node_modules\jsdom\lib\jsdom\living\helpers\runtime-script-errors.js:66:24)
    at innerInvokeEventListeners (C:\Users\Admin\graceful_books\node_modules\jsdom\lib\jsdom\living\events\EventTarget-impl.js:353:9)
    at invokeEventListeners (C:\Users\Admin\graceful_books\node_modules\jsdom\lib\jsdom\living\events\EventTarget-impl.js:286:3)
    at HTMLUnknownElementImpl._dispatch (C:\Users\Admin\graceful_books\node_modules\jsdom\lib\jsdom\living\events\EventTarget-impl.js:233:9)
    at HTMLUnknownElementImpl.dispatchEvent (C:\Users\Admin\graceful_books\node_modules\jsdom\lib\jsdom\living\events\EventTarget-impl.js:104:17)
    at HTMLUnknownElement.dispatchEvent (C:\Users\Admin\graceful_books\node_modules\jsdom\lib\jsdom\living\generated\EventTarget.js:241:34)
    at Object.invokeGuardedCallbackDev (C:\Users\Admin\graceful_books\node_modules\react-dom\cjs\react-dom.development.js:4213:16)
    at invokeGuardedCallback (C:\Users\Admin\graceful_books\node_modules\react-dom\cjs\react-dom.development.js:4277:31)
    at beginWork$1 (C:\Users\Admin\graceful_books\node_modules\react-dom\cjs\react-dom.development.js:27490:7)
    at performUnitOfWork (C:\Users\Admin\graceful_books\node_modules\react-dom\cjs\react-dom.development.js:26599:12) Error: useLocation() may be used only in the context of a <Router> component.
    at Object.invariant [as UNSAFE_invariant] (C:\Users\Admin\graceful_books\node_modules\@remix-run\router\dist\router.cjs.js:315:11)
    at Object.useLocation (C:\Users\Admin\graceful_books\node_modules\react-router\dist\umd\react-router.development.js:158:36)
    at useSearchParams (C:\Users\Admin\graceful_books\node_modules\react-router-dom\dist\umd\react-router-dom.development.js:1129:32)
    at CPUTracker (C:/Users/Admin/graceful_books/src/pages/cpg/CPUTracker.tsx:49:43)
    at renderWithHooks (C:\Users\Admin\graceful_books\node_modules\react-dom\cjs\react-dom.development.js:15486:18)
    at mountIndeterminateComponent (C:\Users\Admin\graceful_books\node_modules\react-dom\cjs\react-dom.development.js:20103:13)
    at beginWork (C:\Users\Admin\graceful_books\node_modules\react-dom\cjs\react-dom.development.js:21626:16)
    at HTMLUnknownElement.callCallback (C:\Users\Admin\graceful_books\node_modules\react-dom\cjs\react-dom.development.js:4164:14)
    at HTMLUnknownElement.callTheUserObjectsOperation (C:\Users\Admin\graceful_books\node_modules\jsdom\lib\jsdom\living\generated\EventListener.js:26:30)
    at innerInvokeEventListeners (C:\Users\Admin\graceful_books\node_modules\jsdom\lib\jsdom\living\events\EventTarget-impl.js:350:25)
Error: Uncaught [Error: useLocation() may be used only in the context of a <Router> component.]
    at reportException (C:\Users\Admin\graceful_books\node_modules\jsdom\lib\jsdom\living\helpers\runtime-script-errors.js:66:24)
    at innerInvokeEventListeners (C:\Users\Admin\graceful_books\node_modules\jsdom\lib\jsdom\living\events\EventTarget-impl.js:353:9)
    at invokeEventListeners (C:\Users\Admin\graceful_books\node_modules\jsdom\lib\jsdom\living\events\EventTarget-impl.js:286:3)
    at HTMLUnknownElementImpl._dispatch (C:\Users\Admin\graceful_books\node_modules\jsdom\lib\jsdom\living\events\EventTarget-impl.js:233:9)
    at HTMLUnknownElementImpl.dispatchEvent (C:\Users\Admin\graceful_books\node_modules\jsdom\lib\jsdom\living\events\EventTarget-impl.js:104:17)
    at HTMLUnknownElement.dispatchEvent (C:\Users\Admin\graceful_books\node_modules\jsdom\lib\jsdom\living\generated\EventTarget.js:241:34)
    at Object.invokeGuardedCallbackDev (C:\Users\Admin\graceful_books\node_modules\react-dom\cjs\react-dom.development.js:4213:16)
    at invokeGuardedCallback (C:\Users\Admin\graceful_books\node_modules\react-dom\cjs\react-dom.development.js:4277:31)
    at beginWork$1 (C:\Users\Admin\graceful_books\node_modules\react-dom\cjs\react-dom.development.js:27490:7)
    at performUnitOfWork (C:\Users\Admin\graceful_books\node_modules\react-dom\cjs\react-dom.development.js:26599:12) Error: useLocation() may be used only in the context of a <Router> component.
    at Object.invariant [as UNSAFE_invariant] (C:\Users\Admin\graceful_books\node_modules\@remix-run\router\dist\router.cjs.js:315:11)
    at Object.useLocation (C:\Users\Admin\graceful_books\node_modules\react-router\dist\umd\react-router.development.js:158:36)
    at useSearchParams (C:\Users\Admin\graceful_books\node_modules\react-router-dom\dist\umd\react-router-dom.development.js:1129:32)
    at CPUTracker (C:/Users/Admin/graceful_books/src/pages/cpg/CPUTracker.tsx:49:43)
    at renderWithHooks (C:\Users\Admin\graceful_books\node_modules\react-dom\cjs\react-dom.development.js:15486:18)
    at mountIndeterminateComponent (C:\Users\Admin\graceful_books\node_modules\react-dom\cjs\react-dom.development.js:20103:13)
    at beginWork (C:\Users\Admin\graceful_books\node_modules\react-dom\cjs\react-dom.development.js:21626:16)
    at HTMLUnknownElement.callCallback (C:\Users\Admin\graceful_books\node_modules\react-dom\cjs\react-dom.development.js:4164:14)
    at HTMLUnknownElement.callTheUserObjectsOperation (C:\Users\Admin\graceful_books\node_modules\jsdom\lib\jsdom\living\generated\EventListener.js:26:30)
    at innerInvokeEventListeners (C:\Users\Admin\graceful_books\node_modules\jsdom\lib\jsdom\living\events\EventTarget-impl.js:350:25)
Error: Uncaught [Error: useLocation() may be used only in the context of a <Router> component.]
    at reportException (C:\Users\Admin\graceful_books\node_modules\jsdom\lib\jsdom\living\helpers\runtime-script-errors.js:66:24)
    at innerInvokeEventListeners (C:\Users\Admin\graceful_books\node_modules\jsdom\lib\jsdom\living\events\EventTarget-impl.js:353:9)
    at invokeEventListeners (C:\Users\Admin\graceful_books\node_modules\jsdom\lib\jsdom\living\events\EventTarget-impl.js:286:3)
    at HTMLUnknownElementImpl._dispatch (C:\Users\Admin\graceful_books\node_modules\jsdom\lib\jsdom\living\events\EventTarget-impl.js:233:9)
    at HTMLUnknownElementImpl.dispatchEvent (C:\Users\Admin\graceful_books\node_modules\jsdom\lib\jsdom\living\events\EventTarget-impl.js:104:17)
    at HTMLUnknownElement.dispatchEvent (C:\Users\Admin\graceful_books\node_modules\jsdom\lib\jsdom\living\generated\EventTarget.js:241:34)
    at Object.invokeGuardedCallbackDev (C:\Users\Admin\graceful_books\node_modules\react-dom\cjs\react-dom.development.js:4213:16)
    at invokeGuardedCallback (C:\Users\Admin\graceful_books\node_modules\react-dom\cjs\react-dom.development.js:4277:31)
    at beginWork$1 (C:\Users\Admin\graceful_books\node_modules\react-dom\cjs\react-dom.development.js:27490:7)
    at performUnitOfWork (C:\Users\Admin\graceful_books\node_modules\react-dom\cjs\react-dom.development.js:26599:12) Error: useLocation() may be used only in the context of a <Router> component.
    at Object.invariant [as UNSAFE_invariant] (C:\Users\Admin\graceful_books\node_modules\@remix-run\router\dist\router.cjs.js:315:11)
    at Object.useLocation (C:\Users\Admin\graceful_books\node_modules\react-router\dist\umd\react-router.development.js:158:36)
    at useSearchParams (C:\Users\Admin\graceful_books\node_modules\react-router-dom\dist\umd\react-router-dom.development.js:1129:32)
    at CPUTracker (C:/Users/Admin/graceful_books/src/pages/cpg/CPUTracker.tsx:49:43)
    at renderWithHooks (C:\Users\Admin\graceful_books\node_modules\react-dom\cjs\react-dom.development.js:15486:18)
    at mountIndeterminateComponent (C:\Users\Admin\graceful_books\node_modules\react-dom\cjs\react-dom.development.js:20103:13)
    at beginWork (C:\Users\Admin\graceful_books\node_modules\react-dom\cjs\react-dom.development.js:21626:16)
    at HTMLUnknownElement.callCallback (C:\Users\Admin\graceful_books\node_modules\react-dom\cjs\react-dom.development.js:4164:14)
    at HTMLUnknownElement.callTheUserObjectsOperation (C:\Users\Admin\graceful_books\node_modules\jsdom\lib\jsdom\living\generated\EventListener.js:26:30)
    at innerInvokeEventListeners (C:\Users\Admin\graceful_books\node_modules\jsdom\lib\jsdom\living\events\EventTarget-impl.js:350:25)
Error: Uncaught [Error: useLocation() may be used only in the context of a <Router> component.]
    at reportException (C:\Users\Admin\graceful_books\node_modules\jsdom\lib\jsdom\living\helpers\runtime-script-errors.js:66:24)
    at innerInvokeEventListeners (C:\Users\Admin\graceful_books\node_modules\jsdom\lib\jsdom\living\events\EventTarget-impl.js:353:9)
    at invokeEventListeners (C:\Users\Admin\graceful_books\node_modules\jsdom\lib\jsdom\living\events\EventTarget-impl.js:286:3)
    at HTMLUnknownElementImpl._dispatch (C:\Users\Admin\graceful_books\node_modules\jsdom\lib\jsdom\living\events\EventTarget-impl.js:233:9)
    at HTMLUnknownElementImpl.dispatchEvent (C:\Users\Admin\graceful_books\node_modules\jsdom\lib\jsdom\living\events\EventTarget-impl.js:104:17)
    at HTMLUnknownElement.dispatchEvent (C:\Users\Admin\graceful_books\node_modules\jsdom\lib\jsdom\living\generated\EventTarget.js:241:34)
    at Object.invokeGuardedCallbackDev (C:\Users\Admin\graceful_books\node_modules\react-dom\cjs\react-dom.development.js:4213:16)
    at invokeGuardedCallback (C:\Users\Admin\graceful_books\node_modules\react-dom\cjs\react-dom.development.js:4277:31)
    at beginWork$1 (C:\Users\Admin\graceful_books\node_modules\react-dom\cjs\react-dom.development.js:27490:7)
    at performUnitOfWork (C:\Users\Admin\graceful_books\node_modules\react-dom\cjs\react-dom.development.js:26599:12) Error: useLocation() may be used only in the context of a <Router> component.
    at Object.invariant [as UNSAFE_invariant] (C:\Users\Admin\graceful_books\node_modules\@remix-run\router\dist\router.cjs.js:315:11)
    at Object.useLocation (C:\Users\Admin\graceful_books\node_modules\react-router\dist\umd\react-router.development.js:158:36)
    at useSearchParams (C:\Users\Admin\graceful_books\node_modules\react-router-dom\dist\umd\react-router-dom.development.js:1129:32)
    at CPUTracker (C:/Users/Admin/graceful_books/src/pages/cpg/CPUTracker.tsx:49:43)
    at renderWithHooks (C:\Users\Admin\graceful_books\node_modules\react-dom\cjs\react-dom.development.js:15486:18)
    at mountIndeterminateComponent (C:\Users\Admin\graceful_books\node_modules\react-dom\cjs\react-dom.development.js:20103:13)
    at beginWork (C:\Users\Admin\graceful_books\node_modules\react-dom\cjs\react-dom.development.js:21626:16)
    at HTMLUnknownElement.callCallback (C:\Users\Admin\graceful_books\node_modules\react-dom\cjs\react-dom.development.js:4164:14)
    at HTMLUnknownElement.callTheUserObjectsOperation (C:\Users\Admin\graceful_books\node_modules\jsdom\lib\jsdom\living\generated\EventListener.js:26:30)
    at innerInvokeEventListeners (C:\Users\Admin\graceful_books\node_modules\jsdom\lib\jsdom\living\events\EventTarget-impl.js:350:25)
Error: Uncaught [Error: useLocation() may be used only in the context of a <Router> component.]
    at reportException (C:\Users\Admin\graceful_books\node_modules\jsdom\lib\jsdom\living\helpers\runtime-script-errors.js:66:24)
    at innerInvokeEventListeners (C:\Users\Admin\graceful_books\node_modules\jsdom\lib\jsdom\living\events\EventTarget-impl.js:353:9)
    at invokeEventListeners (C:\Users\Admin\graceful_books\node_modules\jsdom\lib\jsdom\living\events\EventTarget-impl.js:286:3)
    at HTMLUnknownElementImpl._dispatch (C:\Users\Admin\graceful_books\node_modules\jsdom\lib\jsdom\living\events\EventTarget-impl.js:233:9)
    at HTMLUnknownElementImpl.dispatchEvent (C:\Users\Admin\graceful_books\node_modules\jsdom\lib\jsdom\living\events\EventTarget-impl.js:104:17)
    at HTMLUnknownElement.dispatchEvent (C:\Users\Admin\graceful_books\node_modules\jsdom\lib\jsdom\living\generated\EventTarget.js:241:34)
    at Object.invokeGuardedCallbackDev (C:\Users\Admin\graceful_books\node_modules\react-dom\cjs\react-dom.development.js:4213:16)
    at invokeGuardedCallback (C:\Users\Admin\graceful_books\node_modules\react-dom\cjs\react-dom.development.js:4277:31)
    at beginWork$1 (C:\Users\Admin\graceful_books\node_modules\react-dom\cjs\react-dom.development.js:27490:7)
    at performUnitOfWork (C:\Users\Admin\graceful_books\node_modules\react-dom\cjs\react-dom.development.js:26599:12) Error: useLocation() may be used only in the context of a <Router> component.
    at Object.invariant [as UNSAFE_invariant] (C:\Users\Admin\graceful_books\node_modules\@remix-run\router\dist\router.cjs.js:315:11)
    at Object.useLocation (C:\Users\Admin\graceful_books\node_modules\react-router\dist\umd\react-router.development.js:158:36)
    at useSearchParams (C:\Users\Admin\graceful_books\node_modules\react-router-dom\dist\umd\react-router-dom.development.js:1129:32)
    at CPUTracker (C:/Users/Admin/graceful_books/src/pages/cpg/CPUTracker.tsx:49:43)
    at renderWithHooks (C:\Users\Admin\graceful_books\node_modules\react-dom\cjs\react-dom.development.js:15486:18)
    at mountIndeterminateComponent (C:\Users\Admin\graceful_books\node_modules\react-dom\cjs\react-dom.development.js:20103:13)
    at beginWork (C:\Users\Admin\graceful_books\node_modules\react-dom\cjs\react-dom.development.js:21626:16)
    at HTMLUnknownElement.callCallback (C:\Users\Admin\graceful_books\node_modules\react-dom\cjs\react-dom.development.js:4164:14)
    at HTMLUnknownElement.callTheUserObjectsOperation (C:\Users\Admin\graceful_books\node_modules\jsdom\lib\jsdom\living\generated\EventListener.js:26:30)
    at innerInvokeEventListeners (C:\Users\Admin\graceful_books\node_modules\jsdom\lib\jsdom\living\events\EventTarget-impl.js:350:25)
stderr | src/pages/cpg/CPUTracker.integration.test.tsx > CPUTracker Integration Tests > Tab Navigation > switches between tabs without errors
The above error occurred in the <CPUTracker> component:

    at CPUTracker (C:/Users/Admin/graceful_books/src/pages/cpg/CPUTracker.tsx:25:84)

Consider adding an error boundary to your tree to customize error handling behavior.
Visit https://reactjs.org/link/error-boundaries to learn more about error boundaries.

stderr | src/pages/cpg/CPUTracker.integration.test.tsx > CPUTracker Integration Tests > Tab Navigation > maintains active tab state when switching
The above error occurred in the <CPUTracker> component:

    at CPUTracker (C:/Users/Admin/graceful_books/src/pages/cpg/CPUTracker.tsx:25:84)

Consider adding an error boundary to your tree to customize error handling behavior.
Visit https://reactjs.org/link/error-boundaries to learn more about error boundaries.

stderr | src/pages/cpg/CPUTracker.integration.test.tsx > CPUTracker Integration Tests > Products Tab Integration > renders ProductsTab component correctly
The above error occurred in the <CPUTracker> component:

    at CPUTracker (C:/Users/Admin/graceful_books/src/pages/cpg/CPUTracker.tsx:25:84)

Consider adding an error boundary to your tree to customize error handling behavior.
Visit https://reactjs.org/link/error-boundaries to learn more about error boundaries.

stderr | src/pages/cpg/CPUTracker.integration.test.tsx > CPUTracker Integration Tests > Products Tab Integration > passes correct props to ProductsTab
The above error occurred in the <CPUTracker> component:

    at CPUTracker (C:/Users/Admin/graceful_books/src/pages/cpg/CPUTracker.tsx:25:84)

Consider adding an error boundary to your tree to customize error handling behavior.
Visit https://reactjs.org/link/error-boundaries to learn more about error boundaries.

Error: Uncaught [Error: useLocation() may be used only in the context of a <Router> component.]
    at reportException (C:\Users\Admin\graceful_books\node_modules\jsdom\lib\jsdom\living\helpers\runtime-script-errors.js:66:24)
    at innerInvokeEventListeners (C:\Users\Admin\graceful_books\node_modules\jsdom\lib\jsdom\living\events\EventTarget-impl.js:353:9)
    at invokeEventListeners (C:\Users\Admin\graceful_books\node_modules\jsdom\lib\jsdom\living\events\EventTarget-impl.js:286:3)
    at HTMLUnknownElementImpl._dispatch (C:\Users\Admin\graceful_books\node_modules\jsdom\lib\jsdom\living\events\EventTarget-impl.js:233:9)
    at HTMLUnknownElementImpl.dispatchEvent (C:\Users\Admin\graceful_books\node_modules\jsdom\lib\jsdom\living\events\EventTarget-impl.js:104:17)
    at HTMLUnknownElement.dispatchEvent (C:\Users\Admin\graceful_books\node_modules\jsdom\lib\jsdom\living\generated\EventTarget.js:241:34)
    at Object.invokeGuardedCallbackDev (C:\Users\Admin\graceful_books\node_modules\react-dom\cjs\react-dom.development.js:4213:16)
    at invokeGuardedCallback (C:\Users\Admin\graceful_books\node_modules\react-dom\cjs\react-dom.development.js:4277:31)
    at beginWork$1 (C:\Users\Admin\graceful_books\node_modules\react-dom\cjs\react-dom.development.js:27490:7)
    at performUnitOfWork (C:\Users\Admin\graceful_books\node_modules\react-dom\cjs\react-dom.development.js:26599:12) Error: useLocation() may be used only in the context of a <Router> component.
    at Object.invariant [as UNSAFE_invariant] (C:\Users\Admin\graceful_books\node_modules\@remix-run\router\dist\router.cjs.js:315:11)
    at Object.useLocation (C:\Users\Admin\graceful_books\node_modules\react-router\dist\umd\react-router.development.js:158:36)
    at useSearchParams (C:\Users\Admin\graceful_books\node_modules\react-router-dom\dist\umd\react-router-dom.development.js:1129:32)
    at CPUTracker (C:/Users/Admin/graceful_books/src/pages/cpg/CPUTracker.tsx:49:43)
    at renderWithHooks (C:\Users\Admin\graceful_books\node_modules\react-dom\cjs\react-dom.development.js:15486:18)
    at mountIndeterminateComponent (C:\Users\Admin\graceful_books\node_modules\react-dom\cjs\react-dom.development.js:20103:13)
    at beginWork (C:\Users\Admin\graceful_books\node_modules\react-dom\cjs\react-dom.development.js:21626:16)
    at HTMLUnknownElement.callCallback (C:\Users\Admin\graceful_books\node_modules\react-dom\cjs\react-dom.development.js:4164:14)
    at HTMLUnknownElement.callTheUserObjectsOperation (C:\Users\Admin\graceful_books\node_modules\jsdom\lib\jsdom\living\generated\EventListener.js:26:30)
    at innerInvokeEventListeners (C:\Users\Admin\graceful_books\node_modules\jsdom\lib\jsdom\living\events\EventTarget-impl.js:350:25)
Error: Uncaught [Error: useLocation() may be used only in the context of a <Router> component.]
    at reportException (C:\Users\Admin\graceful_books\node_modules\jsdom\lib\jsdom\living\helpers\runtime-script-errors.js:66:24)
    at innerInvokeEventListeners (C:\Users\Admin\graceful_books\node_modules\jsdom\lib\jsdom\living\events\EventTarget-impl.js:353:9)
    at invokeEventListeners (C:\Users\Admin\graceful_books\node_modules\jsdom\lib\jsdom\living\events\EventTarget-impl.js:286:3)
    at HTMLUnknownElementImpl._dispatch (C:\Users\Admin\graceful_books\node_modules\jsdom\lib\jsdom\living\events\EventTarget-impl.js:233:9)
    at HTMLUnknownElementImpl.dispatchEvent (C:\Users\Admin\graceful_books\node_modules\jsdom\lib\jsdom\living\events\EventTarget-impl.js:104:17)
    at HTMLUnknownElement.dispatchEvent (C:\Users\Admin\graceful_books\node_modules\jsdom\lib\jsdom\living\generated\EventTarget.js:241:34)
    at Object.invokeGuardedCallbackDev (C:\Users\Admin\graceful_books\node_modules\react-dom\cjs\react-dom.development.js:4213:16)
    at invokeGuardedCallback (C:\Users\Admin\graceful_books\node_modules\react-dom\cjs\react-dom.development.js:4277:31)
    at beginWork$1 (C:\Users\Admin\graceful_books\node_modules\react-dom\cjs\react-dom.development.js:27490:7)
    at performUnitOfWork (C:\Users\Admin\graceful_books\node_modules\react-dom\cjs\react-dom.development.js:26599:12) Error: useLocation() may be used only in the context of a <Router> component.
    at Object.invariant [as UNSAFE_invariant] (C:\Users\Admin\graceful_books\node_modules\@remix-run\router\dist\router.cjs.js:315:11)
    at Object.useLocation (C:\Users\Admin\graceful_books\node_modules\react-router\dist\umd\react-router.development.js:158:36)
    at useSearchParams (C:\Users\Admin\graceful_books\node_modules\react-router-dom\dist\umd\react-router-dom.development.js:1129:32)
    at CPUTracker (C:/Users/Admin/graceful_books/src/pages/cpg/CPUTracker.tsx:49:43)
    at renderWithHooks (C:\Users\Admin\graceful_books\node_modules\react-dom\cjs\react-dom.development.js:15486:18)
    at mountIndeterminateComponent (C:\Users\Admin\graceful_books\node_modules\react-dom\cjs\react-dom.development.js:20103:13)
    at beginWork (C:\Users\Admin\graceful_books\node_modules\react-dom\cjs\react-dom.development.js:21626:16)
    at HTMLUnknownElement.callCallback (C:\Users\Admin\graceful_books\node_modules\react-dom\cjs\react-dom.development.js:4164:14)
    at HTMLUnknownElement.callTheUserObjectsOperation (C:\Users\Admin\graceful_books\node_modules\jsdom\lib\jsdom\living\generated\EventListener.js:26:30)
    at innerInvokeEventListeners (C:\Users\Admin\graceful_books\node_modules\jsdom\lib\jsdom\living\events\EventTarget-impl.js:350:25)
Error: Uncaught [Error: useLocation() may be used only in the context of a <Router> component.]
    at reportException (C:\Users\Admin\graceful_books\node_modules\jsdom\lib\jsdom\living\helpers\runtime-script-errors.js:66:24)
    at innerInvokeEventListeners (C:\Users\Admin\graceful_books\node_modules\jsdom\lib\jsdom\living\events\EventTarget-impl.js:353:9)
    at invokeEventListeners (C:\Users\Admin\graceful_books\node_modules\jsdom\lib\jsdom\living\events\EventTarget-impl.js:286:3)
    at HTMLUnknownElementImpl._dispatch (C:\Users\Admin\graceful_books\node_modules\jsdom\lib\jsdom\living\events\EventTarget-impl.js:233:9)
    at HTMLUnknownElementImpl.dispatchEvent (C:\Users\Admin\graceful_books\node_modules\jsdom\lib\jsdom\living\events\EventTarget-impl.js:104:17)
    at HTMLUnknownElement.dispatchEvent (C:\Users\Admin\graceful_books\node_modules\jsdom\lib\jsdom\living\generated\EventTarget.js:241:34)
    at Object.invokeGuardedCallbackDev (C:\Users\Admin\graceful_books\node_modules\react-dom\cjs\react-dom.development.js:4213:16)
    at invokeGuardedCallback (C:\Users\Admin\graceful_books\node_modules\react-dom\cjs\react-dom.development.js:4277:31)
    at beginWork$1 (C:\Users\Admin\graceful_books\node_modules\react-dom\cjs\react-dom.development.js:27490:7)
    at performUnitOfWork (C:\Users\Admin\graceful_books\node_modules\react-dom\cjs\react-dom.development.js:26599:12) Error: useLocation() may be used only in the context of a <Router> component.
    at Object.invariant [as UNSAFE_invariant] (C:\Users\Admin\graceful_books\node_modules\@remix-run\router\dist\router.cjs.js:315:11)
    at Object.useLocation (C:\Users\Admin\graceful_books\node_modules\react-router\dist\umd\react-router.development.js:158:36)
    at useSearchParams (C:\Users\Admin\graceful_books\node_modules\react-router-dom\dist\umd\react-router-dom.development.js:1129:32)
    at CPUTracker (C:/Users/Admin/graceful_books/src/pages/cpg/CPUTracker.tsx:49:43)
    at renderWithHooks (C:\Users\Admin\graceful_books\node_modules\react-dom\cjs\react-dom.development.js:15486:18)
    at mountIndeterminateComponent (C:\Users\Admin\graceful_books\node_modules\react-dom\cjs\react-dom.development.js:20103:13)
    at beginWork (C:\Users\Admin\graceful_books\node_modules\react-dom\cjs\react-dom.development.js:21626:16)
    at HTMLUnknownElement.callCallback (C:\Users\Admin\graceful_books\node_modules\react-dom\cjs\react-dom.development.js:4164:14)
    at HTMLUnknownElement.callTheUserObjectsOperation (C:\Users\Admin\graceful_books\node_modules\jsdom\lib\jsdom\living\generated\EventListener.js:26:30)
    at innerInvokeEventListeners (C:\Users\Admin\graceful_books\node_modules\jsdom\lib\jsdom\living\events\EventTarget-impl.js:350:25)
Error: Uncaught [Error: useLocation() may be used only in the context of a <Router> component.]
    at reportException (C:\Users\Admin\graceful_books\node_modules\jsdom\lib\jsdom\living\helpers\runtime-script-errors.js:66:24)
    at innerInvokeEventListeners (C:\Users\Admin\graceful_books\node_modules\jsdom\lib\jsdom\living\events\EventTarget-impl.js:353:9)
    at invokeEventListeners (C:\Users\Admin\graceful_books\node_modules\jsdom\lib\jsdom\living\events\EventTarget-impl.js:286:3)
    at HTMLUnknownElementImpl._dispatch (C:\Users\Admin\graceful_books\node_modules\jsdom\lib\jsdom\living\events\EventTarget-impl.js:233:9)
    at HTMLUnknownElementImpl.dispatchEvent (C:\Users\Admin\graceful_books\node_modules\jsdom\lib\jsdom\living\events\EventTarget-impl.js:104:17)
    at HTMLUnknownElement.dispatchEvent (C:\Users\Admin\graceful_books\node_modules\jsdom\lib\jsdom\living\generated\EventTarget.js:241:34)
    at Object.invokeGuardedCallbackDev (C:\Users\Admin\graceful_books\node_modules\react-dom\cjs\react-dom.development.js:4213:16)
    at invokeGuardedCallback (C:\Users\Admin\graceful_books\node_modules\react-dom\cjs\react-dom.development.js:4277:31)
    at beginWork$1 (C:\Users\Admin\graceful_books\node_modules\react-dom\cjs\react-dom.development.js:27490:7)
    at performUnitOfWork (C:\Users\Admin\graceful_books\node_modules\react-dom\cjs\react-dom.development.js:26599:12) Error: useLocation() may be used only in the context of a <Router> component.
    at Object.invariant [as UNSAFE_invariant] (C:\Users\Admin\graceful_books\node_modules\@remix-run\router\dist\router.cjs.js:315:11)
    at Object.useLocation (C:\Users\Admin\graceful_books\node_modules\react-router\dist\umd\react-router.development.js:158:36)
    at useSearchParams (C:\Users\Admin\graceful_books\node_modules\react-router-dom\dist\umd\react-router-dom.development.js:1129:32)
    at CPUTracker (C:/Users/Admin/graceful_books/src/pages/cpg/CPUTracker.tsx:49:43)
    at renderWithHooks (C:\Users\Admin\graceful_books\node_modules\react-dom\cjs\react-dom.development.js:15486:18)
    at mountIndeterminateComponent (C:\Users\Admin\graceful_books\node_modules\react-dom\cjs\react-dom.development.js:20103:13)
    at beginWork (C:\Users\Admin\graceful_books\node_modules\react-dom\cjs\react-dom.development.js:21626:16)
    at HTMLUnknownElement.callCallback (C:\Users\Admin\graceful_books\node_modules\react-dom\cjs\react-dom.development.js:4164:14)
    at HTMLUnknownElement.callTheUserObjectsOperation (C:\Users\Admin\graceful_books\node_modules\jsdom\lib\jsdom\living\generated\EventListener.js:26:30)
    at innerInvokeEventListeners (C:\Users\Admin\graceful_books\node_modules\jsdom\lib\jsdom\living\events\EventTarget-impl.js:350:25)
Error: Uncaught [Error: useLocation() may be used only in the context of a <Router> component.]
    at reportException (C:\Users\Admin\graceful_books\node_modules\jsdom\lib\jsdom\living\helpers\runtime-script-errors.js:66:24)
    at innerInvokeEventListeners (C:\Users\Admin\graceful_books\node_modules\jsdom\lib\jsdom\living\events\EventTarget-impl.js:353:9)
    at invokeEventListeners (C:\Users\Admin\graceful_books\node_modules\jsdom\lib\jsdom\living\events\EventTarget-impl.js:286:3)
    at HTMLUnknownElementImpl._dispatch (C:\Users\Admin\graceful_books\node_modules\jsdom\lib\jsdom\living\events\EventTarget-impl.js:233:9)
    at HTMLUnknownElementImpl.dispatchEvent (C:\Users\Admin\graceful_books\node_modules\jsdom\lib\jsdom\living\events\EventTarget-impl.js:104:17)
    at HTMLUnknownElement.dispatchEvent (C:\Users\Admin\graceful_books\node_modules\jsdom\lib\jsdom\living\generated\EventTarget.js:241:34)
    at Object.invokeGuardedCallbackDev (C:\Users\Admin\graceful_books\node_modules\react-dom\cjs\react-dom.development.js:4213:16)
    at invokeGuardedCallback (C:\Users\Admin\graceful_books\node_modules\react-dom\cjs\react-dom.development.js:4277:31)
    at beginWork$1 (C:\Users\Admin\graceful_books\node_modules\react-dom\cjs\react-dom.development.js:27490:7)
    at performUnitOfWork (C:\Users\Admin\graceful_books\node_modules\react-dom\cjs\react-dom.development.js:26599:12) Error: useLocation() may be used only in the context of a <Router> component.
    at Object.invariant [as UNSAFE_invariant] (C:\Users\Admin\graceful_books\node_modules\@remix-run\router\dist\router.cjs.js:315:11)
    at Object.useLocation (C:\Users\Admin\graceful_books\node_modules\react-router\dist\umd\react-router.development.js:158:36)
    at useSearchParams (C:\Users\Admin\graceful_books\node_modules\react-router-dom\dist\umd\react-router-dom.development.js:1129:32)
    at CPUTracker (C:/Users/Admin/graceful_books/src/pages/cpg/CPUTracker.tsx:49:43)
    at renderWithHooks (C:\Users\Admin\graceful_books\node_modules\react-dom\cjs\react-dom.development.js:15486:18)
    at mountIndeterminateComponent (C:\Users\Admin\graceful_books\node_modules\react-dom\cjs\react-dom.development.js:20103:13)
    at beginWork (C:\Users\Admin\graceful_books\node_modules\react-dom\cjs\react-dom.development.js:21626:16)
    at HTMLUnknownElement.callCallback (C:\Users\Admin\graceful_books\node_modules\react-dom\cjs\react-dom.development.js:4164:14)
    at HTMLUnknownElement.callTheUserObjectsOperation (C:\Users\Admin\graceful_books\node_modules\jsdom\lib\jsdom\living\generated\EventListener.js:26:30)
    at innerInvokeEventListeners (C:\Users\Admin\graceful_books\node_modules\jsdom\lib\jsdom\living\events\EventTarget-impl.js:350:25)
Error: Uncaught [Error: useLocation() may be used only in the context of a <Router> component.]
    at reportException (C:\Users\Admin\graceful_books\node_modules\jsdom\lib\jsdom\living\helpers\runtime-script-errors.js:66:24)
    at innerInvokeEventListeners (C:\Users\Admin\graceful_books\node_modules\jsdom\lib\jsdom\living\events\EventTarget-impl.js:353:9)
    at invokeEventListeners (C:\Users\Admin\graceful_books\node_modules\jsdom\lib\jsdom\living\events\EventTarget-impl.js:286:3)
    at HTMLUnknownElementImpl._dispatch (C:\Users\Admin\graceful_books\node_modules\jsdom\lib\jsdom\living\events\EventTarget-impl.js:233:9)
    at HTMLUnknownElementImpl.dispatchEvent (C:\Users\Admin\graceful_books\node_modules\jsdom\lib\jsdom\living\events\EventTarget-impl.js:104:17)
    at HTMLUnknownElement.dispatchEvent (C:\Users\Admin\graceful_books\node_modules\jsdom\lib\jsdom\living\generated\EventTarget.js:241:34)
    at Object.invokeGuardedCallbackDev (C:\Users\Admin\graceful_books\node_modules\react-dom\cjs\react-dom.development.js:4213:16)
    at invokeGuardedCallback (C:\Users\Admin\graceful_books\node_modules\react-dom\cjs\react-dom.development.js:4277:31)
    at beginWork$1 (C:\Users\Admin\graceful_books\node_modules\react-dom\cjs\react-dom.development.js:27490:7)
    at performUnitOfWork (C:\Users\Admin\graceful_books\node_modules\react-dom\cjs\react-dom.development.js:26599:12) Error: useLocation() may be used only in the context of a <Router> component.
    at Object.invariant [as UNSAFE_invariant] (C:\Users\Admin\graceful_books\node_modules\@remix-run\router\dist\router.cjs.js:315:11)
    at Object.useLocation (C:\Users\Admin\graceful_books\node_modules\react-router\dist\umd\react-router.development.js:158:36)
    at useSearchParams (C:\Users\Admin\graceful_books\node_modules\react-router-dom\dist\umd\react-router-dom.development.js:1129:32)
    at CPUTracker (C:/Users/Admin/graceful_books/src/pages/cpg/CPUTracker.tsx:49:43)
    at renderWithHooks (C:\Users\Admin\graceful_books\node_modules\react-dom\cjs\react-dom.development.js:15486:18)
    at mountIndeterminateComponent (C:\Users\Admin\graceful_books\node_modules\react-dom\cjs\react-dom.development.js:20103:13)
    at beginWork (C:\Users\Admin\graceful_books\node_modules\react-dom\cjs\react-dom.development.js:21626:16)
    at HTMLUnknownElement.callCallback (C:\Users\Admin\graceful_books\node_modules\react-dom\cjs\react-dom.development.js:4164:14)
    at HTMLUnknownElement.callTheUserObjectsOperation (C:\Users\Admin\graceful_books\node_modules\jsdom\lib\jsdom\living\generated\EventListener.js:26:30)
    at innerInvokeEventListeners (C:\Users\Admin\graceful_books\node_modules\jsdom\lib\jsdom\living\events\EventTarget-impl.js:350:25)
Error: Uncaught [Error: useLocation() may be used only in the context of a <Router> component.]
    at reportException (C:\Users\Admin\graceful_books\node_modules\jsdom\lib\jsdom\living\helpers\runtime-script-errors.js:66:24)
    at innerInvokeEventListeners (C:\Users\Admin\graceful_books\node_modules\jsdom\lib\jsdom\living\events\EventTarget-impl.js:353:9)
    at invokeEventListeners (C:\Users\Admin\graceful_books\node_modules\jsdom\lib\jsdom\living\events\EventTarget-impl.js:286:3)
    at HTMLUnknownElementImpl._dispatch (C:\Users\Admin\graceful_books\node_modules\jsdom\lib\jsdom\living\events\EventTarget-impl.js:233:9)
    at HTMLUnknownElementImpl.dispatchEvent (C:\Users\Admin\graceful_books\node_modules\jsdom\lib\jsdom\living\events\EventTarget-impl.js:104:17)
    at HTMLUnknownElement.dispatchEvent (C:\Users\Admin\graceful_books\node_modules\jsdom\lib\jsdom\living\generated\EventTarget.js:241:34)
    at Object.invokeGuardedCallbackDev (C:\Users\Admin\graceful_books\node_modules\react-dom\cjs\react-dom.development.js:4213:16)
    at invokeGuardedCallback (C:\Users\Admin\graceful_books\node_modules\react-dom\cjs\react-dom.development.js:4277:31)
    at beginWork$1 (C:\Users\Admin\graceful_books\node_modules\react-dom\cjs\react-dom.development.js:27490:7)
    at performUnitOfWork (C:\Users\Admin\graceful_books\node_modules\react-dom\cjs\react-dom.development.js:26599:12) Error: useLocation() may be used only in the context of a <Router> component.
    at Object.invariant [as UNSAFE_invariant] (C:\Users\Admin\graceful_books\node_modules\@remix-run\router\dist\router.cjs.js:315:11)
    at Object.useLocation (C:\Users\Admin\graceful_books\node_modules\react-router\dist\umd\react-router.development.js:158:36)
    at useSearchParams (C:\Users\Admin\graceful_books\node_modules\react-router-dom\dist\umd\react-router-dom.development.js:1129:32)
    at CPUTracker (C:/Users/Admin/graceful_books/src/pages/cpg/CPUTracker.tsx:49:43)
    at renderWithHooks (C:\Users\Admin\graceful_books\node_modules\react-dom\cjs\react-dom.development.js:15486:18)
    at mountIndeterminateComponent (C:\Users\Admin\graceful_books\node_modules\react-dom\cjs\react-dom.development.js:20103:13)
    at beginWork (C:\Users\Admin\graceful_books\node_modules\react-dom\cjs\react-dom.development.js:21626:16)
    at HTMLUnknownElement.callCallback (C:\Users\Admin\graceful_books\node_modules\react-dom\cjs\react-dom.development.js:4164:14)
    at HTMLUnknownElement.callTheUserObjectsOperation (C:\Users\Admin\graceful_books\node_modules\jsdom\lib\jsdom\living\generated\EventListener.js:26:30)
    at innerInvokeEventListeners (C:\Users\Admin\graceful_books\node_modules\jsdom\lib\jsdom\living\events\EventTarget-impl.js:350:25)
Error: Uncaught [Error: useLocation() may be used only in the context of a <Router> component.]
    at reportException (C:\Users\Admin\graceful_books\node_modules\jsdom\lib\jsdom\living\helpers\runtime-script-errors.js:66:24)
    at innerInvokeEventListeners (C:\Users\Admin\graceful_books\node_modules\jsdom\lib\jsdom\living\events\EventTarget-impl.js:353:9)
    at invokeEventListeners (C:\Users\Admin\graceful_books\node_modules\jsdom\lib\jsdom\living\events\EventTarget-impl.js:286:3)
    at HTMLUnknownElementImpl._dispatch (C:\Users\Admin\graceful_books\node_modules\jsdom\lib\jsdom\living\events\EventTarget-impl.js:233:9)
    at HTMLUnknownElementImpl.dispatchEvent (C:\Users\Admin\graceful_books\node_modules\jsdom\lib\jsdom\living\events\EventTarget-impl.js:104:17)
    at HTMLUnknownElement.dispatchEvent (C:\Users\Admin\graceful_books\node_modules\jsdom\lib\jsdom\living\generated\EventTarget.js:241:34)
    at Object.invokeGuardedCallbackDev (C:\Users\Admin\graceful_books\node_modules\react-dom\cjs\react-dom.development.js:4213:16)
    at invokeGuardedCallback (C:\Users\Admin\graceful_books\node_modules\react-dom\cjs\react-dom.development.js:4277:31)
    at beginWork$1 (C:\Users\Admin\graceful_books\node_modules\react-dom\cjs\react-dom.development.js:27490:7)
    at performUnitOfWork (C:\Users\Admin\graceful_books\node_modules\react-dom\cjs\react-dom.development.js:26599:12) Error: useLocation() may be used only in the context of a <Router> component.
    at Object.invariant [as UNSAFE_invariant] (C:\Users\Admin\graceful_books\node_modules\@remix-run\router\dist\router.cjs.js:315:11)
    at Object.useLocation (C:\Users\Admin\graceful_books\node_modules\react-router\dist\umd\react-router.development.js:158:36)
    at useSearchParams (C:\Users\Admin\graceful_books\node_modules\react-router-dom\dist\umd\react-router-dom.development.js:1129:32)
    at CPUTracker (C:/Users/Admin/graceful_books/src/pages/cpg/CPUTracker.tsx:49:43)
    at renderWithHooks (C:\Users\Admin\graceful_books\node_modules\react-dom\cjs\react-dom.development.js:15486:18)
    at mountIndeterminateComponent (C:\Users\Admin\graceful_books\node_modules\react-dom\cjs\react-dom.development.js:20103:13)
    at beginWork (C:\Users\Admin\graceful_books\node_modules\react-dom\cjs\react-dom.development.js:21626:16)
    at HTMLUnknownElement.callCallback (C:\Users\Admin\graceful_books\node_modules\react-dom\cjs\react-dom.development.js:4164:14)
    at HTMLUnknownElement.callTheUserObjectsOperation (C:\Users\Admin\graceful_books\node_modules\jsdom\lib\jsdom\living\generated\EventListener.js:26:30)
    at innerInvokeEventListeners (C:\Users\Admin\graceful_books\node_modules\jsdom\lib\jsdom\living\events\EventTarget-impl.js:350:25)
Error: Uncaught [Error: useLocation() may be used only in the context of a <Router> component.]
    at reportException (C:\Users\Admin\graceful_books\node_modules\jsdom\lib\jsdom\living\helpers\runtime-script-errors.js:66:24)
    at innerInvokeEventListeners (C:\Users\Admin\graceful_books\node_modules\jsdom\lib\jsdom\living\events\EventTarget-impl.js:353:9)
    at invokeEventListeners (C:\Users\Admin\graceful_books\node_modules\jsdom\lib\jsdom\living\events\EventTarget-impl.js:286:3)
    at HTMLUnknownElementImpl._dispatch (C:\Users\Admin\graceful_books\node_modules\jsdom\lib\jsdom\living\events\EventTarget-impl.js:233:9)
    at HTMLUnknownElementImpl.dispatchEvent (C:\Users\Admin\graceful_books\node_modules\jsdom\lib\jsdom\living\events\EventTarget-impl.js:104:17)
    at HTMLUnknownElement.dispatchEvent (C:\Users\Admin\graceful_books\node_modules\jsdom\lib\jsdom\living\generated\EventTarget.js:241:34)
    at Object.invokeGuardedCallbackDev (C:\Users\Admin\graceful_books\node_modules\react-dom\cjs\react-dom.development.js:4213:16)
    at invokeGuardedCallback (C:\Users\Admin\graceful_books\node_modules\react-dom\cjs\react-dom.development.js:4277:31)
    at beginWork$1 (C:\Users\Admin\graceful_books\node_modules\react-dom\cjs\react-dom.development.js:27490:7)
    at performUnitOfWork (C:\Users\Admin\graceful_books\node_modules\react-dom\cjs\react-dom.development.js:26599:12) Error: useLocation() may be used only in the context of a <Router> component.
    at Object.invariant [as UNSAFE_invariant] (C:\Users\Admin\graceful_books\node_modules\@remix-run\router\dist\router.cjs.js:315:11)
    at Object.useLocation (C:\Users\Admin\graceful_books\node_modules\react-router\dist\umd\react-router.development.js:158:36)
    at useSearchParams (C:\Users\Admin\graceful_books\node_modules\react-router-dom\dist\umd\react-router-dom.development.js:1129:32)
    at CPUTracker (C:/Users/Admin/graceful_books/src/pages/cpg/CPUTracker.tsx:49:43)
    at renderWithHooks (C:\Users\Admin\graceful_books\node_modules\react-dom\cjs\react-dom.development.js:15486:18)
    at mountIndeterminateComponent (C:\Users\Admin\graceful_books\node_modules\react-dom\cjs\react-dom.development.js:20103:13)
    at beginWork (C:\Users\Admin\graceful_books\node_modules\react-dom\cjs\react-dom.development.js:21626:16)
    at HTMLUnknownElement.callCallback (C:\Users\Admin\graceful_books\node_modules\react-dom\cjs\react-dom.development.js:4164:14)
    at HTMLUnknownElement.callTheUserObjectsOperation (C:\Users\Admin\graceful_books\node_modules\jsdom\lib\jsdom\living\generated\EventListener.js:26:30)
    at innerInvokeEventListeners (C:\Users\Admin\graceful_books\node_modules\jsdom\lib\jsdom\living\events\EventTarget-impl.js:350:25)
Error: Uncaught [Error: useLocation() may be used only in the context of a <Router> component.]
    at reportException (C:\Users\Admin\graceful_books\node_modules\jsdom\lib\jsdom\living\helpers\runtime-script-errors.js:66:24)
    at innerInvokeEventListeners (C:\Users\Admin\graceful_books\node_modules\jsdom\lib\jsdom\living\events\EventTarget-impl.js:353:9)
    at invokeEventListeners (C:\Users\Admin\graceful_books\node_modules\jsdom\lib\jsdom\living\events\EventTarget-impl.js:286:3)
    at HTMLUnknownElementImpl._dispatch (C:\Users\Admin\graceful_books\node_modules\jsdom\lib\jsdom\living\events\EventTarget-impl.js:233:9)
    at HTMLUnknownElementImpl.dispatchEvent (C:\Users\Admin\graceful_books\node_modules\jsdom\lib\jsdom\living\events\EventTarget-impl.js:104:17)
    at HTMLUnknownElement.dispatchEvent (C:\Users\Admin\graceful_books\node_modules\jsdom\lib\jsdom\living\generated\EventTarget.js:241:34)
    at Object.invokeGuardedCallbackDev (C:\Users\Admin\graceful_books\node_modules\react-dom\cjs\react-dom.development.js:4213:16)
    at invokeGuardedCallback (C:\Users\Admin\graceful_books\node_modules\react-dom\cjs\react-dom.development.js:4277:31)
    at beginWork$1 (C:\Users\Admin\graceful_books\node_modules\react-dom\cjs\react-dom.development.js:27490:7)
    at performUnitOfWork (C:\Users\Admin\graceful_books\node_modules\react-dom\cjs\react-dom.development.js:26599:12) Error: useLocation() may be used only in the context of a <Router> component.
    at Object.invariant [as UNSAFE_invariant] (C:\Users\Admin\graceful_books\node_modules\@remix-run\router\dist\router.cjs.js:315:11)
    at Object.useLocation (C:\Users\Admin\graceful_books\node_modules\react-router\dist\umd\react-router.development.js:158:36)
    at useSearchParams (C:\Users\Admin\graceful_books\node_modules\react-router-dom\dist\umd\react-router-dom.development.js:1129:32)
    at CPUTracker (C:/Users/Admin/graceful_books/src/pages/cpg/CPUTracker.tsx:49:43)
    at renderWithHooks (C:\Users\Admin\graceful_books\node_modules\react-dom\cjs\react-dom.development.js:15486:18)
    at mountIndeterminateComponent (C:\Users\Admin\graceful_books\node_modules\react-dom\cjs\react-dom.development.js:20103:13)
    at beginWork (C:\Users\Admin\graceful_books\node_modules\react-dom\cjs\react-dom.development.js:21626:16)
    at HTMLUnknownElement.callCallback (C:\Users\Admin\graceful_books\node_modules\react-dom\cjs\react-dom.development.js:4164:14)
    at HTMLUnknownElement.callTheUserObjectsOperation (C:\Users\Admin\graceful_books\node_modules\jsdom\lib\jsdom\living\generated\EventListener.js:26:30)
    at innerInvokeEventListeners (C:\Users\Admin\graceful_books\node_modules\jsdom\lib\jsdom\living\events\EventTarget-impl.js:350:25)
stderr | src/pages/cpg/CPUTracker.integration.test.tsx > CPUTracker Integration Tests > Raw Materials Tab Integration > renders RawMaterialsTab component correctly
The above error occurred in the <CPUTracker> component:

    at CPUTracker (C:/Users/Admin/graceful_books/src/pages/cpg/CPUTracker.tsx:25:84)

Consider adding an error boundary to your tree to customize error handling behavior.
Visit https://reactjs.org/link/error-boundaries to learn more about error boundaries.

stderr | src/pages/cpg/CPUTracker.integration.test.tsx > CPUTracker Integration Tests > Raw Materials Tab Integration > passes callback functions to RawMaterialsTab
The above error occurred in the <CPUTracker> component:

    at CPUTracker (C:/Users/Admin/graceful_books/src/pages/cpg/CPUTracker.tsx:25:84)

Consider adding an error boundary to your tree to customize error handling behavior.
Visit https://reactjs.org/link/error-boundaries to learn more about error boundaries.

stderr | src/pages/cpg/CPUTracker.integration.test.tsx > CPUTracker Integration Tests > Cost Intelligence Tab Integration > renders CostIntelligenceTab component correctly
The above error occurred in the <CPUTracker> component:

    at CPUTracker (C:/Users/Admin/graceful_books/src/pages/cpg/CPUTracker.tsx:25:84)

Consider adding an error boundary to your tree to customize error handling behavior.
Visit https://reactjs.org/link/error-boundaries to learn more about error boundaries.

stderr | src/pages/cpg/CPUTracker.integration.test.tsx > CPUTracker Integration Tests > Cost Intelligence Tab Integration > renders all four Cost Intelligence sub-tabs
The above error occurred in the <CPUTracker> component:

    at CPUTracker (C:/Users/Admin/graceful_books/src/pages/cpg/CPUTracker.tsx:25:84)

Consider adding an error boundary to your tree to customize error handling behavior.
Visit https://reactjs.org/link/error-boundaries to learn more about error boundaries.

stderr | src/pages/cpg/CPUTracker.integration.test.tsx > CPUTracker Integration Tests > Cost Intelligence Tab Integration > switches between Cost Intelligence sub-tabs
The above error occurred in the <CPUTracker> component:

    at CPUTracker (C:/Users/Admin/graceful_books/src/pages/cpg/CPUTracker.tsx:25:84)

Consider adding an error boundary to your tree to customize error handling behavior.
Visit https://reactjs.org/link/error-boundaries to learn more about error boundaries.

stderr | src/pages/cpg/CPUTracker.integration.test.tsx > CPUTracker Integration Tests > Data Flow and Event Handling > listens for cpg-data-updated events
The above error occurred in the <CPUTracker> component:

    at CPUTracker (C:/Users/Admin/graceful_books/src/pages/cpg/CPUTracker.tsx:25:84)

Consider adding an error boundary to your tree to customize error handling behavior.
Visit https://reactjs.org/link/error-boundaries to learn more about error boundaries.

stderr | src/pages/cpg/CPUTracker.integration.test.tsx > CPUTracker Integration Tests > Data Flow and Event Handling > refreshes data when cpg-invoice-added event fires
The above error occurred in the <CPUTracker> component:

    at CPUTracker (C:/Users/Admin/graceful_books/src/pages/cpg/CPUTracker.tsx:25:84)

Consider adding an error boundary to your tree to customize error handling behavior.
Visit https://reactjs.org/link/error-boundaries to learn more about error boundaries.

stderr | src/pages/cpg/CPUTracker.integration.test.tsx > CPUTracker Integration Tests > Data Flow and Event Handling > refreshes data when cpg-category-added event fires
The above error occurred in the <CPUTracker> component:

    at CPUTracker (C:/Users/Admin/graceful_books/src/pages/cpg/CPUTracker.tsx:25:84)

Consider adding an error boundary to your tree to customize error handling behavior.
Visit https://reactjs.org/link/error-boundaries to learn more about error boundaries.

stderr | src/pages/cpg/CPUTracker.integration.test.tsx > CPUTracker Integration Tests > Modal Integration > can open modals from Raw Materials tab
The above error occurred in the <CPUTracker> component:

    at CPUTracker (C:/Users/Admin/graceful_books/src/pages/cpg/CPUTracker.tsx:25:84)

Consider adding an error boundary to your tree to customize error handling behavior.
Visit https://reactjs.org/link/error-boundaries to learn more about error boundaries.

stderr | src/pages/cpg/CPUTracker.integration.test.tsx > CPUTracker Integration Tests > Modal Integration > can open modals from Cost Intelligence tab
The above error occurred in the <CPUTracker> component:

    at CPUTracker (C:/Users/Admin/graceful_books/src/pages/cpg/CPUTracker.tsx:25:84)

Consider adding an error boundary to your tree to customize error handling behavior.
Visit https://reactjs.org/link/error-boundaries to learn more about error boundaries.

stderr | src/pages/cpg/CPUTracker.integration.test.tsx > CPUTracker Integration Tests > Accessibility > has proper ARIA roles and labels on all tabs
The above error occurred in the <CPUTracker> component:

    at CPUTracker (C:/Users/Admin/graceful_books/src/pages/cpg/CPUTracker.tsx:25:84)

Consider adding an error boundary to your tree to customize error handling behavior.
Visit https://reactjs.org/link/error-boundaries to learn more about error boundaries.

stderr | src/pages/cpg/CPUTracker.integration.test.tsx > CPUTracker Integration Tests > Accessibility > maintains keyboard navigation between tabs
The above error occurred in the <CPUTracker> component:

    at CPUTracker (C:/Users/Admin/graceful_books/src/pages/cpg/CPUTracker.tsx:25:84)

Consider adding an error boundary to your tree to customize error handling behavior.
Visit https://reactjs.org/link/error-boundaries to learn more about error boundaries.

stderr | src/pages/cpg/CPUTracker.integration.test.tsx > CPUTracker Integration Tests > Performance > does not cause memory leaks when switching tabs repeatedly
The above error occurred in the <CPUTracker> component:

    at CPUTracker (C:/Users/Admin/graceful_books/src/pages/cpg/CPUTracker.tsx:25:84)

Consider adding an error boundary to your tree to customize error handling behavior.
Visit https://reactjs.org/link/error-boundaries to learn more about error boundaries.

stderr | src/pages/cpg/CPUTracker.integration.test.tsx > CPUTracker Integration Tests > Refactoring Verification > maintains all original functionality after extraction
The above error occurred in the <CPUTracker> component:

    at CPUTracker (C:/Users/Admin/graceful_books/src/pages/cpg/CPUTracker.tsx:25:84)

Consider adding an error boundary to your tree to customize error handling behavior.
Visit https://reactjs.org/link/error-boundaries to learn more about error boundaries.

stderr | src/pages/cpg/CPUTracker.integration.test.tsx > CPUTracker Integration Tests > Refactoring Verification > preserves all tab-specific features after extraction
The above error occurred in the <CPUTracker> component:

    at CPUTracker (C:/Users/Admin/graceful_books/src/pages/cpg/CPUTracker.tsx:25:84)

Consider adding an error boundary to your tree to customize error handling behavior.
Visit https://reactjs.org/link/error-boundaries to learn more about error boundaries.

 ❯ src/pages/cpg/CPUTracker.integration.test.tsx (20 tests | 20 failed) 673ms
       × renders all three main tabs 91ms
       × switches between tabs without errors 21ms
       × maintains active tab state when switching 13ms
       × renders ProductsTab component correctly 45ms
       × passes correct props to ProductsTab 12ms
       × renders RawMaterialsTab component correctly 11ms
       × passes callback functions to RawMaterialsTab 28ms
       × renders CostIntelligenceTab component correctly 10ms
       × renders all four Cost Intelligence sub-tabs 11ms
       × switches between Cost Intelligence sub-tabs 30ms
       × listens for cpg-data-updated events 10ms
       × refreshes data when cpg-invoice-added event fires 10ms
       × refreshes data when cpg-category-added event fires 300ms
       × can open modals from Raw Materials tab 8ms
       × can open modals from Cost Intelligence tab 8ms
       × has proper ARIA roles and labels on all tabs 8ms
       × maintains keyboard navigation between tabs 9ms
       × does not cause memory leaks when switching tabs repeatedly 8ms
       × maintains all original functionality after extraction 7ms
       × preserves all tab-specific features after extraction 8ms
stderr | src/services/cpg/scenarioPlanning.service.test.ts > ScenarioPlanningService > calculateWhatIfPricing > should calculate margin impact of price changes
[DistributionCostCalculatorService] Distribution calculation validation failed {
  errors: 'pallet_data: Invalid input: expected array, received undefined; variantData.8oz.quantity: Invalid input: expected number, received undefined; variantData.16oz.quantity: Invalid input: expected number, received undefined; selectedFees: Invalid input: expected array, received undefined',
  params: {
    distributorId: 'dist-1',
    numPallets: '1.00',
    unitsPerPallet: '100',
    variantData: { '8oz': [Object], '16oz': [Object] },
    selectedFees: undefined
  }
}

stderr | src/services/cpg/scenarioPlanning.service.test.ts > ScenarioPlanningService > calculateWhatIfPricing > should show positive margin impact when price increases
[DistributionCostCalculatorService] Distribution calculation validation failed {
  errors: 'pallet_data: Invalid input: expected array, received undefined; variantData.8oz.quantity: Invalid input: expected number, received undefined; selectedFees: Invalid input: expected array, received undefined',
  params: {
    distributorId: 'dist-1',
    numPallets: '1.00',
    unitsPerPallet: '100',
    variantData: { '8oz': [Object] },
    selectedFees: undefined
  }
}

stderr | src/services/cpg/scenarioPlanning.service.test.ts > ScenarioPlanningService > calculateBreakEven > should calculate break-even units correctly
[DistributionCostCalculatorService] Distribution calculation validation failed {
  errors: 'pallet_data: Invalid input: expected array, received undefined; variantData.8oz.quantity: Invalid input: expected number, received undefined; selectedFees: Invalid input: expected array, received undefined',
  params: {
    distributorId: 'dist-1',
    numPallets: '1.00',
    unitsPerPallet: '100',
    variantData: { '8oz': [Object] },
    selectedFees: undefined
  }
}

stderr | src/services/cpg/scenarioPlanning.service.test.ts > ScenarioPlanningService > calculateBreakEven > should calculate break-even correctly with simple example
[DistributionCostCalculatorService] Distribution calculation validation failed {
  errors: 'pallet_data: Invalid input: expected array, received undefined; variantData.test.quantity: Invalid input: expected number, received undefined; selectedFees: Invalid input: expected array, received undefined',
  params: {
    distributorId: 'dist-1',
    numPallets: '1.00',
    unitsPerPallet: '100',
    variantData: { test: [Object] },
    selectedFees: undefined
  }
}

 ❯ src/services/cpg/scenarioPlanning.service.test.ts (16 tests | 6 failed) 148ms
       × should compare 2 distributors side-by-side 24ms
       × should rank distributors by recommendation score 3ms
       × should calculate margin impact of price changes 22ms
       × should show positive margin impact when price increases 16ms
       × should calculate break-even units correctly 4ms
       × should calculate break-even correctly with simple example 3ms
stdout | src/services/backup/BackupScheduler.test.ts > BackupScheduler > Edge Cases and Error Handling > should handle backup in progress state correctly
[BackupScheduler] BackupScheduler initialized { debounceMs: 10000, idleTimeoutMs: 120000, dailyBackupHour: 0 }
[BackupScheduler] Manual backup requested 
[BackupScheduler] Executing backup { triggerType: 'MANUAL' }

stderr | src/services/backup/BackupScheduler.test.ts > BackupScheduler > Edge Cases and Error Handling > should handle backup in progress state correctly
[BackupScheduler] BackupScheduler not running 

stdout | src/services/backup/BackupScheduler.test.ts > BackupScheduler > Edge Cases and Error Handling > should handle large debounce time
[BackupScheduler] BackupScheduler initialized { debounceMs: 3600000, idleTimeoutMs: 120000, dailyBackupHour: 0 }
[BackupScheduler] Starting BackupScheduler 
[BackupScheduler] beforeunload backup listener registered 
[BackupScheduler] Idle backup monitoring started { idleTimeoutMs: 120000 }
[BackupScheduler] Daily backup scheduled { targetTime: '2026-05-03T07:00:00.000Z', msUntilBackup: 38694715 }
[BackupScheduler] Daily backup monitoring started { dailyBackupHour: 0 }
[BackupScheduler] BackupScheduler started 
[BackupScheduler] Data change notification received 
[BackupScheduler] Debounce timer set { debounceMs: 3600000 }

stdout | src/services/backup/BackupScheduler.test.ts > BackupScheduler > Edge Cases and Error Handling > should handle large debounce time
[BackupScheduler] User idle detected, triggering backup 
[BackupScheduler] Executing backup { triggerType: 'IDLE' }

stdout | src/services/backup/BackupScheduler.test.ts > BackupScheduler > Edge Cases and Error Handling > should handle large debounce time
[BackupScheduler] Backup completed successfully { triggerType: 'IDLE', duration: 0 }

stdout | src/services/backup/BackupScheduler.test.ts > BackupScheduler > Edge Cases and Error Handling > should handle large debounce time
[BackupScheduler] Stopping BackupScheduler 
[BackupScheduler] BackupScheduler stopped 

 ❯ src/services/backup/BackupScheduler.test.ts (50 tests | 2 failed) 30532ms
       × should handle backup in progress state correctly 30018ms
       × should handle large debounce time 11ms
stdout | src/services/auditLogExtended.test.ts > Extended Audit Log Service > Security and Data Integrity > should not allow modification of audit logs
[AuditLogExtended] Starting audit log search { companyId: 'test-company' }

stdout | src/services/auditLogExtended.test.ts > Extended Audit Log Service > Security and Data Integrity > should not allow modification of audit logs
[AuditLogExtended] Audit log search completed { total: 1, returned: 1, executionTimeMs: 0.7500999999901978 }

stdout | src/services/auditLogExtended.test.ts > Extended Audit Log Service > Security and Data Integrity > should isolate data by company
[AuditLogExtended] Starting audit log search { companyId: 'company-1' }

stdout | src/services/auditLogExtended.test.ts > Extended Audit Log Service > Security and Data Integrity > should isolate data by company
[AuditLogExtended] Audit log search completed { total: 50, returned: 50, executionTimeMs: 3.494200000001001 }

stdout | src/services/auditLogExtended.test.ts > Extended Audit Log Service > Security and Data Integrity > should isolate data by company
[AuditLogExtended] Starting audit log search { companyId: 'company-2' }

stdout | src/services/auditLogExtended.test.ts > Extended Audit Log Service > Security and Data Integrity > should isolate data by company
[AuditLogExtended] Audit log search completed { total: 30, returned: 30, executionTimeMs: 1.6184999999968568 }

 ❯ src/services/auditLogExtended.test.ts (32 tests | 2 failed) 63757ms
       × should not allow modification of audit logs 45ms
       × should isolate data by company 152ms
 ❯ src/components/cpg/BalanceSheetEntryForm.test.tsx (25 tests | 13 failed) 13119ms
       × renders current and fixed asset subsections 211ms
       × renders current and long-term liability subsections 179ms
       × renders balance indicator 124ms
       × save button is disabled when not balanced 95ms
       × detects balanced sheet 1231ms
       × detects unbalanced sheet 1167ms
       × validates amounts cannot be negative 1221ms
       × shows error when trying to save unbalanced sheet 187ms
       × calls onSave with correct data structure when balanced 1234ms
       × shows helpful text when unbalanced 1137ms
       × shows encouraging text when balanced 1150ms
       × handles zero values correctly 1168ms
       × handles decimal values correctly 1151ms
stdout | src/components/cpg/PLEntryForm.test.tsx > PLEntryForm > Initial Render > renders revenue, COGS, and expense sections
🗓️ Date Debug: {
  today: '2026-05-02T20:17:20.538Z',
  currentYear: 2026,
  currentMonth: 4,
  lastMonthYear: 2026,
  lastMonthNumber: 3,
  lastMonthStart: 'Wed Apr 01 2026 00:00:00 GMT-0700 (Pacific Daylight Time)',
  lastMonthEnd: 'Thu Apr 30 2026 00:00:00 GMT-0700 (Pacific Daylight Time)',
  formattedStart: '2026-04-01',
  formattedEnd: '2026-04-30'
}
📅 State values: { periodStart: '2026-04-01', periodEnd: '2026-04-30' }
⚡ useEffect triggered: {
  periodType: 'monthly',
  periodStart: '2026-04-01',
  startDate: 'Wed Apr 01 2026 00:00:00 GMT-0700 (Pacific Daylight Time)'
}
⚡ useEffect setting periodEnd: {
  endDate: 'Thu Apr 30 2026 00:00:00 GMT-0700 (Pacific Daylight Time)',
  formattedEndDate: '2026-04-30'
}
🗓️ Date Debug: {
  today: '2026-05-02T20:17:20.605Z',
  currentYear: 2026,
  currentMonth: 4,
  lastMonthYear: 2026,
  lastMonthNumber: 3,
  lastMonthStart: 'Wed Apr 01 2026 00:00:00 GMT-0700 (Pacific Daylight Time)',
  lastMonthEnd: 'Thu Apr 30 2026 00:00:00 GMT-0700 (Pacific Daylight Time)',
  formattedStart: '2026-04-01',
  formattedEnd: '2026-04-30'
}
📅 State values: { periodStart: '2026-04-01', periodEnd: '2026-04-30' }

stdout | src/components/cpg/PLEntryForm.test.tsx > PLEntryForm > Period Selection > updates period end when period type changes
🗓️ Date Debug: {
  today: '2026-05-02T20:17:20.996Z',
  currentYear: 2026,
  currentMonth: 4,
  lastMonthYear: 2026,
  lastMonthNumber: 3,
  lastMonthStart: 'Wed Apr 01 2026 00:00:00 GMT-0700 (Pacific Daylight Time)',
  lastMonthEnd: 'Thu Apr 30 2026 00:00:00 GMT-0700 (Pacific Daylight Time)',
  formattedStart: '2026-04-01',
  formattedEnd: '2026-04-30'
}
📅 State values: { periodStart: '2026-04-01', periodEnd: '2026-04-30' }
⚡ useEffect triggered: {
  periodType: 'monthly',
  periodStart: '2026-04-01',
  startDate: 'Wed Apr 01 2026 00:00:00 GMT-0700 (Pacific Daylight Time)'
}
⚡ useEffect setting periodEnd: {
  endDate: 'Thu Apr 30 2026 00:00:00 GMT-0700 (Pacific Daylight Time)',
  formattedEndDate: '2026-04-30'
}
🗓️ Date Debug: {
  today: '2026-05-02T20:17:21.053Z',
  currentYear: 2026,
  currentMonth: 4,
  lastMonthYear: 2026,
  lastMonthNumber: 3,
  lastMonthStart: 'Wed Apr 01 2026 00:00:00 GMT-0700 (Pacific Daylight Time)',
  lastMonthEnd: 'Thu Apr 30 2026 00:00:00 GMT-0700 (Pacific Daylight Time)',
  formattedStart: '2026-04-01',
  formattedEnd: '2026-04-30'
}
📅 State values: { periodStart: '2026-04-01', periodEnd: '2026-04-30' }
🗓️ Date Debug: {
  today: '2026-05-02T20:17:21.080Z',
  currentYear: 2026,
  currentMonth: 4,
  lastMonthYear: 2026,
  lastMonthNumber: 3,
  lastMonthStart: 'Wed Apr 01 2026 00:00:00 GMT-0700 (Pacific Daylight Time)',
  lastMonthEnd: 'Thu Apr 30 2026 00:00:00 GMT-0700 (Pacific Daylight Time)',
  formattedStart: '2026-04-01',
  formattedEnd: '2026-04-30'
}
📅 State values: { periodStart: '2026-04-01', periodEnd: '2026-04-30' }
⚡ useEffect triggered: {
  periodType: 'quarterly',
  periodStart: '2026-04-01',
  startDate: 'Wed Apr 01 2026 00:00:00 GMT-0700 (Pacific Daylight Time)'
}
⚡ useEffect setting periodEnd: {
  endDate: 'Tue Jun 30 2026 00:00:00 GMT-0700 (Pacific Daylight Time)',
  formattedEndDate: '2026-06-30'
}
🗓️ Date Debug: {
  today: '2026-05-02T20:17:21.118Z',
  currentYear: 2026,
  currentMonth: 4,
  lastMonthYear: 2026,
  lastMonthNumber: 3,
  lastMonthStart: 'Wed Apr 01 2026 00:00:00 GMT-0700 (Pacific Daylight Time)',
  lastMonthEnd: 'Thu Apr 30 2026 00:00:00 GMT-0700 (Pacific Daylight Time)',
  formattedStart: '2026-04-01',
  formattedEnd: '2026-04-30'
}
📅 State values: { periodStart: '2026-04-01', periodEnd: '2026-06-30' }

stdout | src/components/cpg/PLEntryForm.test.tsx > PLEntryForm > Line Item Management > adds new revenue line item
🗓️ Date Debug: {
  today: '2026-05-02T20:17:22.225Z',
  currentYear: 2026,
  currentMonth: 4,
  lastMonthYear: 2026,
  lastMonthNumber: 3,
  lastMonthStart: 'Wed Apr 01 2026 00:00:00 GMT-0700 (Pacific Daylight Time)',
  lastMonthEnd: 'Thu Apr 30 2026 00:00:00 GMT-0700 (Pacific Daylight Time)',
  formattedStart: '2026-04-01',
  formattedEnd: '2026-04-30'
}
📅 State values: { periodStart: '2026-04-01', periodEnd: '2026-04-30' }
⚡ useEffect triggered: {
  periodType: 'monthly',
  periodStart: '2026-04-01',
  startDate: 'Wed Apr 01 2026 00:00:00 GMT-0700 (Pacific Daylight Time)'
}
⚡ useEffect setting periodEnd: {
  endDate: 'Thu Apr 30 2026 00:00:00 GMT-0700 (Pacific Daylight Time)',
  formattedEndDate: '2026-04-30'
}
🗓️ Date Debug: {
  today: '2026-05-02T20:17:22.275Z',
  currentYear: 2026,
  currentMonth: 4,
  lastMonthYear: 2026,
  lastMonthNumber: 3,
  lastMonthStart: 'Wed Apr 01 2026 00:00:00 GMT-0700 (Pacific Daylight Time)',
  lastMonthEnd: 'Thu Apr 30 2026 00:00:00 GMT-0700 (Pacific Daylight Time)',
  formattedStart: '2026-04-01',
  formattedEnd: '2026-04-30'
}
📅 State values: { periodStart: '2026-04-01', periodEnd: '2026-04-30' }

stdout | src/components/cpg/PLEntryForm.test.tsx > PLEntryForm > Line Item Management > adds new COGS line item
🗓️ Date Debug: {
  today: '2026-05-02T20:17:22.314Z',
  currentYear: 2026,
  currentMonth: 4,
  lastMonthYear: 2026,
  lastMonthNumber: 3,
  lastMonthStart: 'Wed Apr 01 2026 00:00:00 GMT-0700 (Pacific Daylight Time)',
  lastMonthEnd: 'Thu Apr 30 2026 00:00:00 GMT-0700 (Pacific Daylight Time)',
  formattedStart: '2026-04-01',
  formattedEnd: '2026-04-30'
}
📅 State values: { periodStart: '2026-04-01', periodEnd: '2026-04-30' }
⚡ useEffect triggered: {
  periodType: 'monthly',
  periodStart: '2026-04-01',
  startDate: 'Wed Apr 01 2026 00:00:00 GMT-0700 (Pacific Daylight Time)'
}
⚡ useEffect setting periodEnd: {
  endDate: 'Thu Apr 30 2026 00:00:00 GMT-0700 (Pacific Daylight Time)',
  formattedEndDate: '2026-04-30'
}
🗓️ Date Debug: {
  today: '2026-05-02T20:17:22.333Z',
  currentYear: 2026,
  currentMonth: 4,
  lastMonthYear: 2026,
  lastMonthNumber: 3,
  lastMonthStart: 'Wed Apr 01 2026 00:00:00 GMT-0700 (Pacific Daylight Time)',
  lastMonthEnd: 'Thu Apr 30 2026 00:00:00 GMT-0700 (Pacific Daylight Time)',
  formattedStart: '2026-04-01',
  formattedEnd: '2026-04-30'
}
📅 State values: { periodStart: '2026-04-01', periodEnd: '2026-04-30' }

stdout | src/components/cpg/PLEntryForm.test.tsx > PLEntryForm > Line Item Management > adds new expense line item
🗓️ Date Debug: {
  today: '2026-05-02T20:17:22.375Z',
  currentYear: 2026,
  currentMonth: 4,
  lastMonthYear: 2026,
  lastMonthNumber: 3,
  lastMonthStart: 'Wed Apr 01 2026 00:00:00 GMT-0700 (Pacific Daylight Time)',
  lastMonthEnd: 'Thu Apr 30 2026 00:00:00 GMT-0700 (Pacific Daylight Time)',
  formattedStart: '2026-04-01',
  formattedEnd: '2026-04-30'
}
📅 State values: { periodStart: '2026-04-01', periodEnd: '2026-04-30' }
⚡ useEffect triggered: {
  periodType: 'monthly',
  periodStart: '2026-04-01',
  startDate: 'Wed Apr 01 2026 00:00:00 GMT-0700 (Pacific Daylight Time)'
}
⚡ useEffect setting periodEnd: {
  endDate: 'Thu Apr 30 2026 00:00:00 GMT-0700 (Pacific Daylight Time)',
  formattedEndDate: '2026-04-30'
}
🗓️ Date Debug: {
  today: '2026-05-02T20:17:22.419Z',
  currentYear: 2026,
  currentMonth: 4,
  lastMonthYear: 2026,
  lastMonthNumber: 3,
  lastMonthStart: 'Wed Apr 01 2026 00:00:00 GMT-0700 (Pacific Daylight Time)',
  lastMonthEnd: 'Thu Apr 30 2026 00:00:00 GMT-0700 (Pacific Daylight Time)',
  formattedStart: '2026-04-01',
  formattedEnd: '2026-04-30'
}
📅 State values: { periodStart: '2026-04-01', periodEnd: '2026-04-30' }

stdout | src/components/cpg/PLEntryForm.test.tsx > PLEntryForm > Line Item Management > removes line item when more than one exists
🗓️ Date Debug: {
  today: '2026-05-02T20:17:22.443Z',
  currentYear: 2026,
  currentMonth: 4,
  lastMonthYear: 2026,
  lastMonthNumber: 3,
  lastMonthStart: 'Wed Apr 01 2026 00:00:00 GMT-0700 (Pacific Daylight Time)',
  lastMonthEnd: 'Thu Apr 30 2026 00:00:00 GMT-0700 (Pacific Daylight Time)',
  formattedStart: '2026-04-01',
  formattedEnd: '2026-04-30'
}
📅 State values: { periodStart: '2026-04-01', periodEnd: '2026-04-30' }
⚡ useEffect triggered: {
  periodType: 'monthly',
  periodStart: '2026-04-01',
  startDate: 'Wed Apr 01 2026 00:00:00 GMT-0700 (Pacific Daylight Time)'
}
⚡ useEffect setting periodEnd: {
  endDate: 'Thu Apr 30 2026 00:00:00 GMT-0700 (Pacific Daylight Time)',
  formattedEndDate: '2026-04-30'
}
🗓️ Date Debug: {
  today: '2026-05-02T20:17:22.475Z',
  currentYear: 2026,
  currentMonth: 4,
  lastMonthYear: 2026,
  lastMonthNumber: 3,
  lastMonthStart: 'Wed Apr 01 2026 00:00:00 GMT-0700 (Pacific Daylight Time)',
  lastMonthEnd: 'Thu Apr 30 2026 00:00:00 GMT-0700 (Pacific Daylight Time)',
  formattedStart: '2026-04-01',
  formattedEnd: '2026-04-30'
}
📅 State values: { periodStart: '2026-04-01', periodEnd: '2026-04-30' }

stdout | src/components/cpg/PLEntryForm.test.tsx > PLEntryForm > Calculations > calculates total revenue
🗓️ Date Debug: {
  today: '2026-05-02T20:17:22.525Z',
  currentYear: 2026,
  currentMonth: 4,
  lastMonthYear: 2026,
  lastMonthNumber: 3,
  lastMonthStart: 'Wed Apr 01 2026 00:00:00 GMT-0700 (Pacific Daylight Time)',
  lastMonthEnd: 'Thu Apr 30 2026 00:00:00 GMT-0700 (Pacific Daylight Time)',
  formattedStart: '2026-04-01',
  formattedEnd: '2026-04-30'
}
📅 State values: { periodStart: '2026-04-01', periodEnd: '2026-04-30' }
⚡ useEffect triggered: {
  periodType: 'monthly',
  periodStart: '2026-04-01',
  startDate: 'Wed Apr 01 2026 00:00:00 GMT-0700 (Pacific Daylight Time)'
}
⚡ useEffect setting periodEnd: {
  endDate: 'Thu Apr 30 2026 00:00:00 GMT-0700 (Pacific Daylight Time)',
  formattedEndDate: '2026-04-30'
}
🗓️ Date Debug: {
  today: '2026-05-02T20:17:22.551Z',
  currentYear: 2026,
  currentMonth: 4,
  lastMonthYear: 2026,
  lastMonthNumber: 3,
  lastMonthStart: 'Wed Apr 01 2026 00:00:00 GMT-0700 (Pacific Daylight Time)',
  lastMonthEnd: 'Thu Apr 30 2026 00:00:00 GMT-0700 (Pacific Daylight Time)',
  formattedStart: '2026-04-01',
  formattedEnd: '2026-04-30'
}
📅 State values: { periodStart: '2026-04-01', periodEnd: '2026-04-30' }
🗓️ Date Debug: {
  today: '2026-05-02T20:17:22.590Z',
  currentYear: 2026,
  currentMonth: 4,
  lastMonthYear: 2026,
  lastMonthNumber: 3,
  lastMonthStart: 'Wed Apr 01 2026 00:00:00 GMT-0700 (Pacific Daylight Time)',
  lastMonthEnd: 'Thu Apr 30 2026 00:00:00 GMT-0700 (Pacific Daylight Time)',
  formattedStart: '2026-04-01',
  formattedEnd: '2026-04-30'
}
📅 State values: { periodStart: '2026-04-01', periodEnd: '2026-04-30' }
🗓️ Date Debug: {
  today: '2026-05-02T20:17:22.596Z',
  currentYear: 2026,
  currentMonth: 4,
  lastMonthYear: 2026,
  lastMonthNumber: 3,
  lastMonthStart: 'Wed Apr 01 2026 00:00:00 GMT-0700 (Pacific Daylight Time)',
  lastMonthEnd: 'Thu Apr 30 2026 00:00:00 GMT-0700 (Pacific Daylight Time)',
  formattedStart: '2026-04-01',
  formattedEnd: '2026-04-30'
}
📅 State values: { periodStart: '2026-04-01', periodEnd: '2026-04-30' }

stdout | src/components/cpg/PLEntryForm.test.tsx > PLEntryForm > Calculations > calculates gross profit
🗓️ Date Debug: {
  today: '2026-05-02T20:17:23.638Z',
  currentYear: 2026,
  currentMonth: 4,
  lastMonthYear: 2026,
  lastMonthNumber: 3,
  lastMonthStart: 'Wed Apr 01 2026 00:00:00 GMT-0700 (Pacific Daylight Time)',
  lastMonthEnd: 'Thu Apr 30 2026 00:00:00 GMT-0700 (Pacific Daylight Time)',
  formattedStart: '2026-04-01',
  formattedEnd: '2026-04-30'
}
📅 State values: { periodStart: '2026-04-01', periodEnd: '2026-04-30' }
⚡ useEffect triggered: {
  periodType: 'monthly',
  periodStart: '2026-04-01',
  startDate: 'Wed Apr 01 2026 00:00:00 GMT-0700 (Pacific Daylight Time)'
}
⚡ useEffect setting periodEnd: {
  endDate: 'Thu Apr 30 2026 00:00:00 GMT-0700 (Pacific Daylight Time)',
  formattedEndDate: '2026-04-30'
}
🗓️ Date Debug: {
  today: '2026-05-02T20:17:23.685Z',
  currentYear: 2026,
  currentMonth: 4,
  lastMonthYear: 2026,
  lastMonthNumber: 3,
  lastMonthStart: 'Wed Apr 01 2026 00:00:00 GMT-0700 (Pacific Daylight Time)',
  lastMonthEnd: 'Thu Apr 30 2026 00:00:00 GMT-0700 (Pacific Daylight Time)',
  formattedStart: '2026-04-01',
  formattedEnd: '2026-04-30'
}
📅 State values: { periodStart: '2026-04-01', periodEnd: '2026-04-30' }
🗓️ Date Debug: {
  today: '2026-05-02T20:17:23.700Z',
  currentYear: 2026,
  currentMonth: 4,
  lastMonthYear: 2026,
  lastMonthNumber: 3,
  lastMonthStart: 'Wed Apr 01 2026 00:00:00 GMT-0700 (Pacific Daylight Time)',
  lastMonthEnd: 'Thu Apr 30 2026 00:00:00 GMT-0700 (Pacific Daylight Time)',
  formattedStart: '2026-04-01',
  formattedEnd: '2026-04-30'
}
📅 State values: { periodStart: '2026-04-01', periodEnd: '2026-04-30' }
🗓️ Date Debug: {
  today: '2026-05-02T20:17:23.717Z',
  currentYear: 2026,
  currentMonth: 4,
  lastMonthYear: 2026,
  lastMonthNumber: 3,
  lastMonthStart: 'Wed Apr 01 2026 00:00:00 GMT-0700 (Pacific Daylight Time)',
  lastMonthEnd: 'Thu Apr 30 2026 00:00:00 GMT-0700 (Pacific Daylight Time)',
  formattedStart: '2026-04-01',
  formattedEnd: '2026-04-30'
}
📅 State values: { periodStart: '2026-04-01', periodEnd: '2026-04-30' }
🗓️ Date Debug: {
  today: '2026-05-02T20:17:23.724Z',
  currentYear: 2026,
  currentMonth: 4,
  lastMonthYear: 2026,
  lastMonthNumber: 3,
  lastMonthStart: 'Wed Apr 01 2026 00:00:00 GMT-0700 (Pacific Daylight Time)',
  lastMonthEnd: 'Thu Apr 30 2026 00:00:00 GMT-0700 (Pacific Daylight Time)',
  formattedStart: '2026-04-01',
  formattedEnd: '2026-04-30'
}
📅 State values: { periodStart: '2026-04-01', periodEnd: '2026-04-30' }
🗓️ Date Debug: {
  today: '2026-05-02T20:17:23.728Z',
  currentYear: 2026,
  currentMonth: 4,
  lastMonthYear: 2026,
  lastMonthNumber: 3,
  lastMonthStart: 'Wed Apr 01 2026 00:00:00 GMT-0700 (Pacific Daylight Time)',
  lastMonthEnd: 'Thu Apr 30 2026 00:00:00 GMT-0700 (Pacific Daylight Time)',
  formattedStart: '2026-04-01',
  formattedEnd: '2026-04-30'
}
📅 State values: { periodStart: '2026-04-01', periodEnd: '2026-04-30' }

stdout | src/components/cpg/PLEntryForm.test.tsx > PLEntryForm > Calculations > calculates net income
🗓️ Date Debug: {
  today: '2026-05-02T20:17:24.776Z',
  currentYear: 2026,
  currentMonth: 4,
  lastMonthYear: 2026,
  lastMonthNumber: 3,
  lastMonthStart: 'Wed Apr 01 2026 00:00:00 GMT-0700 (Pacific Daylight Time)',
  lastMonthEnd: 'Thu Apr 30 2026 00:00:00 GMT-0700 (Pacific Daylight Time)',
  formattedStart: '2026-04-01',
  formattedEnd: '2026-04-30'
}
📅 State values: { periodStart: '2026-04-01', periodEnd: '2026-04-30' }
⚡ useEffect triggered: {
  periodType: 'monthly',
  periodStart: '2026-04-01',
  startDate: 'Wed Apr 01 2026 00:00:00 GMT-0700 (Pacific Daylight Time)'
}
⚡ useEffect setting periodEnd: {
  endDate: 'Thu Apr 30 2026 00:00:00 GMT-0700 (Pacific Daylight Time)',
  formattedEndDate: '2026-04-30'
}
🗓️ Date Debug: {
  today: '2026-05-02T20:17:24.824Z',
  currentYear: 2026,
  currentMonth: 4,
  lastMonthYear: 2026,
  lastMonthNumber: 3,
  lastMonthStart: 'Wed Apr 01 2026 00:00:00 GMT-0700 (Pacific Daylight Time)',
  lastMonthEnd: 'Thu Apr 30 2026 00:00:00 GMT-0700 (Pacific Daylight Time)',
  formattedStart: '2026-04-01',
  formattedEnd: '2026-04-30'
}
📅 State values: { periodStart: '2026-04-01', periodEnd: '2026-04-30' }
🗓️ Date Debug: {
  today: '2026-05-02T20:17:24.840Z',
  currentYear: 2026,
  currentMonth: 4,
  lastMonthYear: 2026,
  lastMonthNumber: 3,
  lastMonthStart: 'Wed Apr 01 2026 00:00:00 GMT-0700 (Pacific Daylight Time)',
  lastMonthEnd: 'Thu Apr 30 2026 00:00:00 GMT-0700 (Pacific Daylight Time)',
  formattedStart: '2026-04-01',
  formattedEnd: '2026-04-30'
}
📅 State values: { periodStart: '2026-04-01', periodEnd: '2026-04-30' }
🗓️ Date Debug: {
  today: '2026-05-02T20:17:24.866Z',
  currentYear: 2026,
  currentMonth: 4,
  lastMonthYear: 2026,
  lastMonthNumber: 3,
  lastMonthStart: 'Wed Apr 01 2026 00:00:00 GMT-0700 (Pacific Daylight Time)',
  lastMonthEnd: 'Thu Apr 30 2026 00:00:00 GMT-0700 (Pacific Daylight Time)',
  formattedStart: '2026-04-01',
  formattedEnd: '2026-04-30'
}
📅 State values: { periodStart: '2026-04-01', periodEnd: '2026-04-30' }
🗓️ Date Debug: {
  today: '2026-05-02T20:17:24.877Z',
  currentYear: 2026,
  currentMonth: 4,
  lastMonthYear: 2026,
  lastMonthNumber: 3,
  lastMonthStart: 'Wed Apr 01 2026 00:00:00 GMT-0700 (Pacific Daylight Time)',
  lastMonthEnd: 'Thu Apr 30 2026 00:00:00 GMT-0700 (Pacific Daylight Time)',
  formattedStart: '2026-04-01',
  formattedEnd: '2026-04-30'
}
📅 State values: { periodStart: '2026-04-01', periodEnd: '2026-04-30' }
🗓️ Date Debug: {
  today: '2026-05-02T20:17:24.882Z',
  currentYear: 2026,
  currentMonth: 4,
  lastMonthYear: 2026,
  lastMonthNumber: 3,
  lastMonthStart: 'Wed Apr 01 2026 00:00:00 GMT-0700 (Pacific Daylight Time)',
  lastMonthEnd: 'Thu Apr 30 2026 00:00:00 GMT-0700 (Pacific Daylight Time)',
  formattedStart: '2026-04-01',
  formattedEnd: '2026-04-30'
}
📅 State values: { periodStart: '2026-04-01', periodEnd: '2026-04-30' }
🗓️ Date Debug: {
  today: '2026-05-02T20:17:24.887Z',
  currentYear: 2026,
  currentMonth: 4,
  lastMonthYear: 2026,
  lastMonthNumber: 3,
  lastMonthStart: 'Wed Apr 01 2026 00:00:00 GMT-0700 (Pacific Daylight Time)',
  lastMonthEnd: 'Thu Apr 30 2026 00:00:00 GMT-0700 (Pacific Daylight Time)',
  formattedStart: '2026-04-01',
  formattedEnd: '2026-04-30'
}
📅 State values: { periodStart: '2026-04-01', periodEnd: '2026-04-30' }
🗓️ Date Debug: {
  today: '2026-05-02T20:17:24.892Z',
  currentYear: 2026,
  currentMonth: 4,
  lastMonthYear: 2026,
  lastMonthNumber: 3,
  lastMonthStart: 'Wed Apr 01 2026 00:00:00 GMT-0700 (Pacific Daylight Time)',
  lastMonthEnd: 'Thu Apr 30 2026 00:00:00 GMT-0700 (Pacific Daylight Time)',
  formattedStart: '2026-04-01',
  formattedEnd: '2026-04-30'
}
📅 State values: { periodStart: '2026-04-01', periodEnd: '2026-04-30' }

 ❯ src/components/cpg/PLEntryForm.test.tsx (23 tests | 9 failed) 7256ms
       × renders revenue, COGS, and expense sections 184ms
       × updates period end when period type changes 1166ms
       × adds new revenue line item 88ms
       × adds new COGS line item 61ms
       × adds new expense line item 68ms
       × removes line item when more than one exists 82ms
       × calculates total revenue 1114ms
       × calculates gross profit 1137ms
       × calculates net income 1172ms
 ❯ src/services/backup/backupService.test.ts (24 tests | 17 failed) 16472ms
       × should create valid JSON blob 758ms
       × should validate correct backup file 826ms
       × should validate and test decryption with correct passphrase 712ms
       × should detect incorrect passphrase 655ms
       × should reject invalid JSON 707ms
       × should reject backup with missing fields 826ms
       × should reject unsupported backup version 674ms
       × should restore backup successfully 740ms
       × should fail with empty passphrase 765ms
       × should fail with incorrect passphrase 772ms
       × should call database import with correct data 704ms
       × should handle decryption errors gracefully 694ms
       × should handle database import errors gracefully 817ms
       × should trigger download 11ms
       × should not decrypt with different passphrase 756ms
       × should preserve all data through backup and restore cycle 628ms
       × should maintain record count accuracy 742ms
stderr | src/components/admin/UserActivityDashboard.test.tsx > UserActivityDashboard > should display activity statistics
Warning: Each child in a list should have a unique "key" prop.

Check the render method of `UserActivityDashboard`. See https://reactjs.org/link/warning-keys for more information.
    at UserActivityDashboard (C:/Users/Admin/graceful_books/src/components/admin/UserActivityDashboard.tsx:19:73)

stdout | src/__tests__/integration/reconciliation.e2e.test.ts > Reconciliation E2E Integration Tests > Reconciliation Streak Tracking > should track streaks and award milestones
[EnhancedMatching] Enhanced matching completed {
  totalStatement: 12,
  matched: 12,
  accuracy: '100.0%',
  singleMatches: 12,
  multiMatches: 0
}

stdout | src/__tests__/integration/reconciliation.e2e.test.ts > Reconciliation E2E Integration Tests > Reconciliation Streak Tracking > should track streaks and award milestones
[ReconciliationHistory] Saved reconciliation record {
  recordId: 'Vn85qIX7sjBPWZYYZMUqO',
  accountId: '6Cldm03QMKYbNad0BT0gs',
  status: 'balanced'
}

stdout | src/__tests__/integration/reconciliation.e2e.test.ts > Reconciliation E2E Integration Tests > Reconciliation Streak Tracking > should track streaks and award milestones
[EnhancedMatching] Enhanced matching completed {
  totalStatement: 12,
  matched: 12,
  accuracy: '100.0%',
  singleMatches: 12,
  multiMatches: 0
}

stdout | src/__tests__/integration/reconciliation.e2e.test.ts > Reconciliation E2E Integration Tests > Reconciliation Streak Tracking > should track streaks and award milestones
[ReconciliationHistory] Saved reconciliation record {
  recordId: 'Q0kUcUw8bfE4lbFZHTCIF',
  accountId: '6Cldm03QMKYbNad0BT0gs',
  status: 'balanced'
}

stdout | src/__tests__/integration/reconciliation.e2e.test.ts > Reconciliation E2E Integration Tests > Reconciliation Streak Tracking > should track streaks and award milestones
[EnhancedMatching] Enhanced matching completed {
  totalStatement: 12,
  matched: 12,
  accuracy: '100.0%',
  singleMatches: 12,
  multiMatches: 0
}

stdout | src/__tests__/integration/reconciliation.e2e.test.ts > Reconciliation E2E Integration Tests > Reconciliation Streak Tracking > should track streaks and award milestones
[ReconciliationHistory] Saved reconciliation record {
  recordId: 'znbzqOEuoMrTIMcpJl-RG',
  accountId: '6Cldm03QMKYbNad0BT0gs',
  status: 'balanced'
}

stdout | src/__tests__/integration/reconciliation.e2e.test.ts > Reconciliation E2E Integration Tests > Reconciliation Streak Tracking > should track streaks and award milestones
[EnhancedMatching] Enhanced matching completed {
  totalStatement: 12,
  matched: 12,
  accuracy: '100.0%',
  singleMatches: 12,
  multiMatches: 0
}

stdout | src/__tests__/integration/reconciliation.e2e.test.ts > Reconciliation E2E Integration Tests > Reconciliation Streak Tracking > should track streaks and award milestones
[ReconciliationHistory] Saved reconciliation record {
  recordId: '_iWZaIHtFPEc_42Ruje1c',
  accountId: '6Cldm03QMKYbNad0BT0gs',
  status: 'balanced'
}

stdout | src/__tests__/integration/reconciliation.e2e.test.ts > Reconciliation E2E Integration Tests > Unreconciled Transaction Flagging > should flag old unreconciled transactions
[ReconciliationHistory] Retrieved unreconciled transactions { accountId: 'G3Kq-mYlLAN9otup_RVNe', count: 3 }

stdout | src/__tests__/integration/reconciliation.e2e.test.ts > Reconciliation E2E Integration Tests > Unreconciled Transaction Flagging > should flag old unreconciled transactions
[ReconciliationHistory] Generated unreconciled dashboard { totalCount: 0 }

 ❯ src/components/admin/UserActivityDashboard.test.tsx (20 tests | 12 failed) 3688ms
     × should display activity statistics 1069ms
     × should display activity list 1037ms
     × should export activities to CSV 4ms
     × should handle pagination 2ms
     × should show loading state 1ms
     × should show error state 2ms
     × should retry after error 18ms
     × should show empty state when no activities 2ms
     × should deny access for non-admin users 9ms
     × should display changed fields in activity row 1ms
     × should truncate long field lists 1ms
     × should be keyboard accessible 1ms
 ❯ src/__tests__/integration/reconciliation.e2e.test.ts (10 tests | 2 failed) 4703ms
       × should track streaks and award milestones 368ms
       × should flag old unreconciled transactions 71ms
Error: Uncaught [Error: useCPGSettingsContext must be used within a CPGSettingsProvider]
    at reportException (C:\Users\Admin\graceful_books\node_modules\jsdom\lib\jsdom\living\helpers\runtime-script-errors.js:66:24)
    at innerInvokeEventListeners (C:\Users\Admin\graceful_books\node_modules\jsdom\lib\jsdom\living\events\EventTarget-impl.js:353:9)
    at invokeEventListeners (C:\Users\Admin\graceful_books\node_modules\jsdom\lib\jsdom\living\events\EventTarget-impl.js:286:3)
    at HTMLUnknownElementImpl._dispatch (C:\Users\Admin\graceful_books\node_modules\jsdom\lib\jsdom\living\events\EventTarget-impl.js:233:9)
    at HTMLUnknownElementImpl.dispatchEvent (C:\Users\Admin\graceful_books\node_modules\jsdom\lib\jsdom\living\events\EventTarget-impl.js:104:17)
    at HTMLUnknownElement.dispatchEvent (C:\Users\Admin\graceful_books\node_modules\jsdom\lib\jsdom\living\generated\EventTarget.js:241:34)
    at Object.invokeGuardedCallbackDev (C:\Users\Admin\graceful_books\node_modules\react-dom\cjs\react-dom.development.js:4213:16)
    at invokeGuardedCallback (C:\Users\Admin\graceful_books\node_modules\react-dom\cjs\react-dom.development.js:4277:31)
    at beginWork$1 (C:\Users\Admin\graceful_books\node_modules\react-dom\cjs\react-dom.development.js:27490:7)
    at performUnitOfWork (C:\Users\Admin\graceful_books\node_modules\react-dom\cjs\react-dom.development.js:26599:12) Error: useCPGSettingsContext must be used within a CPGSettingsProvider
    at useCPGSettingsContext (C:/Users/Admin/graceful_books/src/contexts/CPGSettingsContext.tsx:166:11)
    at useCPGSettings (C:/Users/Admin/graceful_books/src/hooks/useCPGSettings.ts:12:10)
    at DistributionResultsDisplay (C:/Users/Admin/graceful_books/src/components/cpg/DistributionResultsDisplay.tsx:72:48)
    at renderWithHooks (C:\Users\Admin\graceful_books\node_modules\react-dom\cjs\react-dom.development.js:15486:18)
    at mountIndeterminateComponent (C:\Users\Admin\graceful_books\node_modules\react-dom\cjs\react-dom.development.js:20103:13)
    at beginWork (C:\Users\Admin\graceful_books\node_modules\react-dom\cjs\react-dom.development.js:21626:16)
    at HTMLUnknownElement.callCallback (C:\Users\Admin\graceful_books\node_modules\react-dom\cjs\react-dom.development.js:4164:14)
    at HTMLUnknownElement.callTheUserObjectsOperation (C:\Users\Admin\graceful_books\node_modules\jsdom\lib\jsdom\living\generated\EventListener.js:26:30)
    at innerInvokeEventListeners (C:\Users\Admin\graceful_books\node_modules\jsdom\lib\jsdom\living\events\EventTarget-impl.js:350:25)
    at invokeEventListeners (C:\Users\Admin\graceful_books\node_modules\jsdom\lib\jsdom\living\events\EventTarget-impl.js:286:3)
Error: Uncaught [Error: useCPGSettingsContext must be used within a CPGSettingsProvider]
    at reportException (C:\Users\Admin\graceful_books\node_modules\jsdom\lib\jsdom\living\helpers\runtime-script-errors.js:66:24)
    at innerInvokeEventListeners (C:\Users\Admin\graceful_books\node_modules\jsdom\lib\jsdom\living\events\EventTarget-impl.js:353:9)
    at invokeEventListeners (C:\Users\Admin\graceful_books\node_modules\jsdom\lib\jsdom\living\events\EventTarget-impl.js:286:3)
    at HTMLUnknownElementImpl._dispatch (C:\Users\Admin\graceful_books\node_modules\jsdom\lib\jsdom\living\events\EventTarget-impl.js:233:9)
    at HTMLUnknownElementImpl.dispatchEvent (C:\Users\Admin\graceful_books\node_modules\jsdom\lib\jsdom\living\events\EventTarget-impl.js:104:17)
    at HTMLUnknownElement.dispatchEvent (C:\Users\Admin\graceful_books\node_modules\jsdom\lib\jsdom\living\generated\EventTarget.js:241:34)
    at Object.invokeGuardedCallbackDev (C:\Users\Admin\graceful_books\node_modules\react-dom\cjs\react-dom.development.js:4213:16)
    at invokeGuardedCallback (C:\Users\Admin\graceful_books\node_modules\react-dom\cjs\react-dom.development.js:4277:31)
    at beginWork$1 (C:\Users\Admin\graceful_books\node_modules\react-dom\cjs\react-dom.development.js:27490:7)
    at performUnitOfWork (C:\Users\Admin\graceful_books\node_modules\react-dom\cjs\react-dom.development.js:26599:12) Error: useCPGSettingsContext must be used within a CPGSettingsProvider
    at useCPGSettingsContext (C:/Users/Admin/graceful_books/src/contexts/CPGSettingsContext.tsx:166:11)
    at useCPGSettings (C:/Users/Admin/graceful_books/src/hooks/useCPGSettings.ts:12:10)
    at DistributionResultsDisplay (C:/Users/Admin/graceful_books/src/components/cpg/DistributionResultsDisplay.tsx:72:48)
    at renderWithHooks (C:\Users\Admin\graceful_books\node_modules\react-dom\cjs\react-dom.development.js:15486:18)
    at mountIndeterminateComponent (C:\Users\Admin\graceful_books\node_modules\react-dom\cjs\react-dom.development.js:20103:13)
    at beginWork (C:\Users\Admin\graceful_books\node_modules\react-dom\cjs\react-dom.development.js:21626:16)
    at HTMLUnknownElement.callCallback (C:\Users\Admin\graceful_books\node_modules\react-dom\cjs\react-dom.development.js:4164:14)
    at HTMLUnknownElement.callTheUserObjectsOperation (C:\Users\Admin\graceful_books\node_modules\jsdom\lib\jsdom\living\generated\EventListener.js:26:30)
    at innerInvokeEventListeners (C:\Users\Admin\graceful_books\node_modules\jsdom\lib\jsdom\living\events\EventTarget-impl.js:350:25)
    at invokeEventListeners (C:\Users\Admin\graceful_books\node_modules\jsdom\lib\jsdom\living\events\EventTarget-impl.js:286:3)
stderr | src/components/cpg/DistributionResultsDisplay.test.tsx > DistributionResultsDisplay > Rendering > renders results title and description
The above error occurred in the <DistributionResultsDisplay> component:

    at DistributionResultsDisplay (C:/Users/Admin/graceful_books/src/components/cpg/DistributionResultsDisplay.tsx:10:3)

Consider adding an error boundary to your tree to customize error handling behavior.
Visit https://reactjs.org/link/error-boundaries to learn more about error boundaries.

Error: Uncaught [Error: useCPGSettingsContext must be used within a CPGSettingsProvider]
    at reportException (C:\Users\Admin\graceful_books\node_modules\jsdom\lib\jsdom\living\helpers\runtime-script-errors.js:66:24)
    at innerInvokeEventListeners (C:\Users\Admin\graceful_books\node_modules\jsdom\lib\jsdom\living\events\EventTarget-impl.js:353:9)
    at invokeEventListeners (C:\Users\Admin\graceful_books\node_modules\jsdom\lib\jsdom\living\events\EventTarget-impl.js:286:3)
    at HTMLUnknownElementImpl._dispatch (C:\Users\Admin\graceful_books\node_modules\jsdom\lib\jsdom\living\events\EventTarget-impl.js:233:9)
    at HTMLUnknownElementImpl.dispatchEvent (C:\Users\Admin\graceful_books\node_modules\jsdom\lib\jsdom\living\events\EventTarget-impl.js:104:17)
    at HTMLUnknownElement.dispatchEvent (C:\Users\Admin\graceful_books\node_modules\jsdom\lib\jsdom\living\generated\EventTarget.js:241:34)
    at Object.invokeGuardedCallbackDev (C:\Users\Admin\graceful_books\node_modules\react-dom\cjs\react-dom.development.js:4213:16)
    at invokeGuardedCallback (C:\Users\Admin\graceful_books\node_modules\react-dom\cjs\react-dom.development.js:4277:31)
    at beginWork$1 (C:\Users\Admin\graceful_books\node_modules\react-dom\cjs\react-dom.development.js:27490:7)
    at performUnitOfWork (C:\Users\Admin\graceful_books\node_modules\react-dom\cjs\react-dom.development.js:26599:12) Error: useCPGSettingsContext must be used within a CPGSettingsProvider
    at useCPGSettingsContext (C:/Users/Admin/graceful_books/src/contexts/CPGSettingsContext.tsx:166:11)
    at useCPGSettings (C:/Users/Admin/graceful_books/src/hooks/useCPGSettings.ts:12:10)
    at DistributionResultsDisplay (C:/Users/Admin/graceful_books/src/components/cpg/DistributionResultsDisplay.tsx:72:48)
    at renderWithHooks (C:\Users\Admin\graceful_books\node_modules\react-dom\cjs\react-dom.development.js:15486:18)
    at mountIndeterminateComponent (C:\Users\Admin\graceful_books\node_modules\react-dom\cjs\react-dom.development.js:20103:13)
    at beginWork (C:\Users\Admin\graceful_books\node_modules\react-dom\cjs\react-dom.development.js:21626:16)
    at HTMLUnknownElement.callCallback (C:\Users\Admin\graceful_books\node_modules\react-dom\cjs\react-dom.development.js:4164:14)
    at HTMLUnknownElement.callTheUserObjectsOperation (C:\Users\Admin\graceful_books\node_modules\jsdom\lib\jsdom\living\generated\EventListener.js:26:30)
    at innerInvokeEventListeners (C:\Users\Admin\graceful_books\node_modules\jsdom\lib\jsdom\living\events\EventTarget-impl.js:350:25)
    at invokeEventListeners (C:\Users\Admin\graceful_books\node_modules\jsdom\lib\jsdom\living\events\EventTarget-impl.js:286:3)
Error: Uncaught [Error: useCPGSettingsContext must be used within a CPGSettingsProvider]
    at reportException (C:\Users\Admin\graceful_books\node_modules\jsdom\lib\jsdom\living\helpers\runtime-script-errors.js:66:24)
    at innerInvokeEventListeners (C:\Users\Admin\graceful_books\node_modules\jsdom\lib\jsdom\living\events\EventTarget-impl.js:353:9)
    at invokeEventListeners (C:\Users\Admin\graceful_books\node_modules\jsdom\lib\jsdom\living\events\EventTarget-impl.js:286:3)
    at HTMLUnknownElementImpl._dispatch (C:\Users\Admin\graceful_books\node_modules\jsdom\lib\jsdom\living\events\EventTarget-impl.js:233:9)
    at HTMLUnknownElementImpl.dispatchEvent (C:\Users\Admin\graceful_books\node_modules\jsdom\lib\jsdom\living\events\EventTarget-impl.js:104:17)
    at HTMLUnknownElement.dispatchEvent (C:\Users\Admin\graceful_books\node_modules\jsdom\lib\jsdom\living\generated\EventTarget.js:241:34)
    at Object.invokeGuardedCallbackDev (C:\Users\Admin\graceful_books\node_modules\react-dom\cjs\react-dom.development.js:4213:16)
    at invokeGuardedCallback (C:\Users\Admin\graceful_books\node_modules\react-dom\cjs\react-dom.development.js:4277:31)
    at beginWork$1 (C:\Users\Admin\graceful_books\node_modules\react-dom\cjs\react-dom.development.js:27490:7)
    at performUnitOfWork (C:\Users\Admin\graceful_books\node_modules\react-dom\cjs\react-dom.development.js:26599:12) Error: useCPGSettingsContext must be used within a CPGSettingsProvider
    at useCPGSettingsContext (C:/Users/Admin/graceful_books/src/contexts/CPGSettingsContext.tsx:166:11)
    at useCPGSettings (C:/Users/Admin/graceful_books/src/hooks/useCPGSettings.ts:12:10)
    at DistributionResultsDisplay (C:/Users/Admin/graceful_books/src/components/cpg/DistributionResultsDisplay.tsx:72:48)
    at renderWithHooks (C:\Users\Admin\graceful_books\node_modules\react-dom\cjs\react-dom.development.js:15486:18)
    at mountIndeterminateComponent (C:\Users\Admin\graceful_books\node_modules\react-dom\cjs\react-dom.development.js:20103:13)
    at beginWork (C:\Users\Admin\graceful_books\node_modules\react-dom\cjs\react-dom.development.js:21626:16)
    at HTMLUnknownElement.callCallback (C:\Users\Admin\graceful_books\node_modules\react-dom\cjs\react-dom.development.js:4164:14)
    at HTMLUnknownElement.callTheUserObjectsOperation (C:\Users\Admin\graceful_books\node_modules\jsdom\lib\jsdom\living\generated\EventListener.js:26:30)
    at innerInvokeEventListeners (C:\Users\Admin\graceful_books\node_modules\jsdom\lib\jsdom\living\events\EventTarget-impl.js:350:25)
    at invokeEventListeners (C:\Users\Admin\graceful_books\node_modules\jsdom\lib\jsdom\living\events\EventTarget-impl.js:286:3)
Error: Uncaught [Error: useCPGSettingsContext must be used within a CPGSettingsProvider]
    at reportException (C:\Users\Admin\graceful_books\node_modules\jsdom\lib\jsdom\living\helpers\runtime-script-errors.js:66:24)
    at innerInvokeEventListeners (C:\Users\Admin\graceful_books\node_modules\jsdom\lib\jsdom\living\events\EventTarget-impl.js:353:9)
    at invokeEventListeners (C:\Users\Admin\graceful_books\node_modules\jsdom\lib\jsdom\living\events\EventTarget-impl.js:286:3)
    at HTMLUnknownElementImpl._dispatch (C:\Users\Admin\graceful_books\node_modules\jsdom\lib\jsdom\living\events\EventTarget-impl.js:233:9)
    at HTMLUnknownElementImpl.dispatchEvent (C:\Users\Admin\graceful_books\node_modules\jsdom\lib\jsdom\living\events\EventTarget-impl.js:104:17)
    at HTMLUnknownElement.dispatchEvent (C:\Users\Admin\graceful_books\node_modules\jsdom\lib\jsdom\living\generated\EventTarget.js:241:34)
    at Object.invokeGuardedCallbackDev (C:\Users\Admin\graceful_books\node_modules\react-dom\cjs\react-dom.development.js:4213:16)
    at invokeGuardedCallback (C:\Users\Admin\graceful_books\node_modules\react-dom\cjs\react-dom.development.js:4277:31)
    at beginWork$1 (C:\Users\Admin\graceful_books\node_modules\react-dom\cjs\react-dom.development.js:27490:7)
    at performUnitOfWork (C:\Users\Admin\graceful_books\node_modules\react-dom\cjs\react-dom.development.js:26599:12) Error: useCPGSettingsContext must be used within a CPGSettingsProvider
    at useCPGSettingsContext (C:/Users/Admin/graceful_books/src/contexts/CPGSettingsContext.tsx:166:11)
    at useCPGSettings (C:/Users/Admin/graceful_books/src/hooks/useCPGSettings.ts:12:10)
    at DistributionResultsDisplay (C:/Users/Admin/graceful_books/src/components/cpg/DistributionResultsDisplay.tsx:72:48)
    at renderWithHooks (C:\Users\Admin\graceful_books\node_modules\react-dom\cjs\react-dom.development.js:15486:18)
    at mountIndeterminateComponent (C:\Users\Admin\graceful_books\node_modules\react-dom\cjs\react-dom.development.js:20103:13)
    at beginWork (C:\Users\Admin\graceful_books\node_modules\react-dom\cjs\react-dom.development.js:21626:16)
    at HTMLUnknownElement.callCallback (C:\Users\Admin\graceful_books\node_modules\react-dom\cjs\react-dom.development.js:4164:14)
    at HTMLUnknownElement.callTheUserObjectsOperation (C:\Users\Admin\graceful_books\node_modules\jsdom\lib\jsdom\living\generated\EventListener.js:26:30)
    at innerInvokeEventListeners (C:\Users\Admin\graceful_books\node_modules\jsdom\lib\jsdom\living\events\EventTarget-impl.js:350:25)
    at invokeEventListeners (C:\Users\Admin\graceful_books\node_modules\jsdom\lib\jsdom\living\events\EventTarget-impl.js:286:3)
Error: Uncaught [Error: useCPGSettingsContext must be used within a CPGSettingsProvider]
    at reportException (C:\Users\Admin\graceful_books\node_modules\jsdom\lib\jsdom\living\helpers\runtime-script-errors.js:66:24)
    at innerInvokeEventListeners (C:\Users\Admin\graceful_books\node_modules\jsdom\lib\jsdom\living\events\EventTarget-impl.js:353:9)
    at invokeEventListeners (C:\Users\Admin\graceful_books\node_modules\jsdom\lib\jsdom\living\events\EventTarget-impl.js:286:3)
    at HTMLUnknownElementImpl._dispatch (C:\Users\Admin\graceful_books\node_modules\jsdom\lib\jsdom\living\events\EventTarget-impl.js:233:9)
    at HTMLUnknownElementImpl.dispatchEvent (C:\Users\Admin\graceful_books\node_modules\jsdom\lib\jsdom\living\events\EventTarget-impl.js:104:17)
    at HTMLUnknownElement.dispatchEvent (C:\Users\Admin\graceful_books\node_modules\jsdom\lib\jsdom\living\generated\EventTarget.js:241:34)
    at Object.invokeGuardedCallbackDev (C:\Users\Admin\graceful_books\node_modules\react-dom\cjs\react-dom.development.js:4213:16)
    at invokeGuardedCallback (C:\Users\Admin\graceful_books\node_modules\react-dom\cjs\react-dom.development.js:4277:31)
    at beginWork$1 (C:\Users\Admin\graceful_books\node_modules\react-dom\cjs\react-dom.development.js:27490:7)
    at performUnitOfWork (C:\Users\Admin\graceful_books\node_modules\react-dom\cjs\react-dom.development.js:26599:12) Error: useCPGSettingsContext must be used within a CPGSettingsProvider
    at useCPGSettingsContext (C:/Users/Admin/graceful_books/src/contexts/CPGSettingsContext.tsx:166:11)
    at useCPGSettings (C:/Users/Admin/graceful_books/src/hooks/useCPGSettings.ts:12:10)
    at DistributionResultsDisplay (C:/Users/Admin/graceful_books/src/components/cpg/DistributionResultsDisplay.tsx:72:48)
    at renderWithHooks (C:\Users\Admin\graceful_books\node_modules\react-dom\cjs\react-dom.development.js:15486:18)
    at mountIndeterminateComponent (C:\Users\Admin\graceful_books\node_modules\react-dom\cjs\react-dom.development.js:20103:13)
    at beginWork (C:\Users\Admin\graceful_books\node_modules\react-dom\cjs\react-dom.development.js:21626:16)
    at HTMLUnknownElement.callCallback (C:\Users\Admin\graceful_books\node_modules\react-dom\cjs\react-dom.development.js:4164:14)
    at HTMLUnknownElement.callTheUserObjectsOperation (C:\Users\Admin\graceful_books\node_modules\jsdom\lib\jsdom\living\generated\EventListener.js:26:30)
    at innerInvokeEventListeners (C:\Users\Admin\graceful_books\node_modules\jsdom\lib\jsdom\living\events\EventTarget-impl.js:350:25)
    at invokeEventListeners (C:\Users\Admin\graceful_books\node_modules\jsdom\lib\jsdom\living\events\EventTarget-impl.js:286:3)
Error: Uncaught [Error: useCPGSettingsContext must be used within a CPGSettingsProvider]
    at reportException (C:\Users\Admin\graceful_books\node_modules\jsdom\lib\jsdom\living\helpers\runtime-script-errors.js:66:24)
    at innerInvokeEventListeners (C:\Users\Admin\graceful_books\node_modules\jsdom\lib\jsdom\living\events\EventTarget-impl.js:353:9)
    at invokeEventListeners (C:\Users\Admin\graceful_books\node_modules\jsdom\lib\jsdom\living\events\EventTarget-impl.js:286:3)
    at HTMLUnknownElementImpl._dispatch (C:\Users\Admin\graceful_books\node_modules\jsdom\lib\jsdom\living\events\EventTarget-impl.js:233:9)
    at HTMLUnknownElementImpl.dispatchEvent (C:\Users\Admin\graceful_books\node_modules\jsdom\lib\jsdom\living\events\EventTarget-impl.js:104:17)
    at HTMLUnknownElement.dispatchEvent (C:\Users\Admin\graceful_books\node_modules\jsdom\lib\jsdom\living\generated\EventTarget.js:241:34)
    at Object.invokeGuardedCallbackDev (C:\Users\Admin\graceful_books\node_modules\react-dom\cjs\react-dom.development.js:4213:16)
    at invokeGuardedCallback (C:\Users\Admin\graceful_books\node_modules\react-dom\cjs\react-dom.development.js:4277:31)
    at beginWork$1 (C:\Users\Admin\graceful_books\node_modules\react-dom\cjs\react-dom.development.js:27490:7)
    at performUnitOfWork (C:\Users\Admin\graceful_books\node_modules\react-dom\cjs\react-dom.development.js:26599:12) Error: useCPGSettingsContext must be used within a CPGSettingsProvider
    at useCPGSettingsContext (C:/Users/Admin/graceful_books/src/contexts/CPGSettingsContext.tsx:166:11)
    at useCPGSettings (C:/Users/Admin/graceful_books/src/hooks/useCPGSettings.ts:12:10)
    at DistributionResultsDisplay (C:/Users/Admin/graceful_books/src/components/cpg/DistributionResultsDisplay.tsx:72:48)
    at renderWithHooks (C:\Users\Admin\graceful_books\node_modules\react-dom\cjs\react-dom.development.js:15486:18)
    at mountIndeterminateComponent (C:\Users\Admin\graceful_books\node_modules\react-dom\cjs\react-dom.development.js:20103:13)
    at beginWork (C:\Users\Admin\graceful_books\node_modules\react-dom\cjs\react-dom.development.js:21626:16)
    at HTMLUnknownElement.callCallback (C:\Users\Admin\graceful_books\node_modules\react-dom\cjs\react-dom.development.js:4164:14)
    at HTMLUnknownElement.callTheUserObjectsOperation (C:\Users\Admin\graceful_books\node_modules\jsdom\lib\jsdom\living\generated\EventListener.js:26:30)
    at innerInvokeEventListeners (C:\Users\Admin\graceful_books\node_modules\jsdom\lib\jsdom\living\events\EventTarget-impl.js:350:25)
    at invokeEventListeners (C:\Users\Admin\graceful_books\node_modules\jsdom\lib\jsdom\living\events\EventTarget-impl.js:286:3)
Error: Uncaught [Error: useCPGSettingsContext must be used within a CPGSettingsProvider]
    at reportException (C:\Users\Admin\graceful_books\node_modules\jsdom\lib\jsdom\living\helpers\runtime-script-errors.js:66:24)
    at innerInvokeEventListeners (C:\Users\Admin\graceful_books\node_modules\jsdom\lib\jsdom\living\events\EventTarget-impl.js:353:9)
    at invokeEventListeners (C:\Users\Admin\graceful_books\node_modules\jsdom\lib\jsdom\living\events\EventTarget-impl.js:286:3)
    at HTMLUnknownElementImpl._dispatch (C:\Users\Admin\graceful_books\node_modules\jsdom\lib\jsdom\living\events\EventTarget-impl.js:233:9)
    at HTMLUnknownElementImpl.dispatchEvent (C:\Users\Admin\graceful_books\node_modules\jsdom\lib\jsdom\living\events\EventTarget-impl.js:104:17)
    at HTMLUnknownElement.dispatchEvent (C:\Users\Admin\graceful_books\node_modules\jsdom\lib\jsdom\living\generated\EventTarget.js:241:34)
    at Object.invokeGuardedCallbackDev (C:\Users\Admin\graceful_books\node_modules\react-dom\cjs\react-dom.development.js:4213:16)
    at invokeGuardedCallback (C:\Users\Admin\graceful_books\node_modules\react-dom\cjs\react-dom.development.js:4277:31)
    at beginWork$1 (C:\Users\Admin\graceful_books\node_modules\react-dom\cjs\react-dom.development.js:27490:7)
    at performUnitOfWork (C:\Users\Admin\graceful_books\node_modules\react-dom\cjs\react-dom.development.js:26599:12) Error: useCPGSettingsContext must be used within a CPGSettingsProvider
    at useCPGSettingsContext (C:/Users/Admin/graceful_books/src/contexts/CPGSettingsContext.tsx:166:11)
    at useCPGSettings (C:/Users/Admin/graceful_books/src/hooks/useCPGSettings.ts:12:10)
    at DistributionResultsDisplay (C:/Users/Admin/graceful_books/src/components/cpg/DistributionResultsDisplay.tsx:72:48)
    at renderWithHooks (C:\Users\Admin\graceful_books\node_modules\react-dom\cjs\react-dom.development.js:15486:18)
    at mountIndeterminateComponent (C:\Users\Admin\graceful_books\node_modules\react-dom\cjs\react-dom.development.js:20103:13)
    at beginWork (C:\Users\Admin\graceful_books\node_modules\react-dom\cjs\react-dom.development.js:21626:16)
    at HTMLUnknownElement.callCallback (C:\Users\Admin\graceful_books\node_modules\react-dom\cjs\react-dom.development.js:4164:14)
    at HTMLUnknownElement.callTheUserObjectsOperation (C:\Users\Admin\graceful_books\node_modules\jsdom\lib\jsdom\living\generated\EventListener.js:26:30)
    at innerInvokeEventListeners (C:\Users\Admin\graceful_books\node_modules\jsdom\lib\jsdom\living\events\EventTarget-impl.js:350:25)
    at invokeEventListeners (C:\Users\Admin\graceful_books\node_modules\jsdom\lib\jsdom\living\events\EventTarget-impl.js:286:3)
Error: Uncaught [Error: useCPGSettingsContext must be used within a CPGSettingsProvider]
    at reportException (C:\Users\Admin\graceful_books\node_modules\jsdom\lib\jsdom\living\helpers\runtime-script-errors.js:66:24)
    at innerInvokeEventListeners (C:\Users\Admin\graceful_books\node_modules\jsdom\lib\jsdom\living\events\EventTarget-impl.js:353:9)
    at invokeEventListeners (C:\Users\Admin\graceful_books\node_modules\jsdom\lib\jsdom\living\events\EventTarget-impl.js:286:3)
    at HTMLUnknownElementImpl._dispatch (C:\Users\Admin\graceful_books\node_modules\jsdom\lib\jsdom\living\events\EventTarget-impl.js:233:9)
    at HTMLUnknownElementImpl.dispatchEvent (C:\Users\Admin\graceful_books\node_modules\jsdom\lib\jsdom\living\events\EventTarget-impl.js:104:17)
    at HTMLUnknownElement.dispatchEvent (C:\Users\Admin\graceful_books\node_modules\jsdom\lib\jsdom\living\generated\EventTarget.js:241:34)
    at Object.invokeGuardedCallbackDev (C:\Users\Admin\graceful_books\node_modules\react-dom\cjs\react-dom.development.js:4213:16)
    at invokeGuardedCallback (C:\Users\Admin\graceful_books\node_modules\react-dom\cjs\react-dom.development.js:4277:31)
    at beginWork$1 (C:\Users\Admin\graceful_books\node_modules\react-dom\cjs\react-dom.development.js:27490:7)
    at performUnitOfWork (C:\Users\Admin\graceful_books\node_modules\react-dom\cjs\react-dom.development.js:26599:12) Error: useCPGSettingsContext must be used within a CPGSettingsProvider
    at useCPGSettingsContext (C:/Users/Admin/graceful_books/src/contexts/CPGSettingsContext.tsx:166:11)
    at useCPGSettings (C:/Users/Admin/graceful_books/src/hooks/useCPGSettings.ts:12:10)
    at DistributionResultsDisplay (C:/Users/Admin/graceful_books/src/components/cpg/DistributionResultsDisplay.tsx:72:48)
    at renderWithHooks (C:\Users\Admin\graceful_books\node_modules\react-dom\cjs\react-dom.development.js:15486:18)
    at mountIndeterminateComponent (C:\Users\Admin\graceful_books\node_modules\react-dom\cjs\react-dom.development.js:20103:13)
    at beginWork (C:\Users\Admin\graceful_books\node_modules\react-dom\cjs\react-dom.development.js:21626:16)
    at HTMLUnknownElement.callCallback (C:\Users\Admin\graceful_books\node_modules\react-dom\cjs\react-dom.development.js:4164:14)
    at HTMLUnknownElement.callTheUserObjectsOperation (C:\Users\Admin\graceful_books\node_modules\jsdom\lib\jsdom\living\generated\EventListener.js:26:30)
    at innerInvokeEventListeners (C:\Users\Admin\graceful_books\node_modules\jsdom\lib\jsdom\living\events\EventTarget-impl.js:350:25)
    at invokeEventListeners (C:\Users\Admin\graceful_books\node_modules\jsdom\lib\jsdom\living\events\EventTarget-impl.js:286:3)
Error: Uncaught [Error: useCPGSettingsContext must be used within a CPGSettingsProvider]
    at reportException (C:\Users\Admin\graceful_books\node_modules\jsdom\lib\jsdom\living\helpers\runtime-script-errors.js:66:24)
    at innerInvokeEventListeners (C:\Users\Admin\graceful_books\node_modules\jsdom\lib\jsdom\living\events\EventTarget-impl.js:353:9)
    at invokeEventListeners (C:\Users\Admin\graceful_books\node_modules\jsdom\lib\jsdom\living\events\EventTarget-impl.js:286:3)
    at HTMLUnknownElementImpl._dispatch (C:\Users\Admin\graceful_books\node_modules\jsdom\lib\jsdom\living\events\EventTarget-impl.js:233:9)
    at HTMLUnknownElementImpl.dispatchEvent (C:\Users\Admin\graceful_books\node_modules\jsdom\lib\jsdom\living\events\EventTarget-impl.js:104:17)
    at HTMLUnknownElement.dispatchEvent (C:\Users\Admin\graceful_books\node_modules\jsdom\lib\jsdom\living\generated\EventTarget.js:241:34)
    at Object.invokeGuardedCallbackDev (C:\Users\Admin\graceful_books\node_modules\react-dom\cjs\react-dom.development.js:4213:16)
    at invokeGuardedCallback (C:\Users\Admin\graceful_books\node_modules\react-dom\cjs\react-dom.development.js:4277:31)
    at beginWork$1 (C:\Users\Admin\graceful_books\node_modules\react-dom\cjs\react-dom.development.js:27490:7)
    at performUnitOfWork (C:\Users\Admin\graceful_books\node_modules\react-dom\cjs\react-dom.development.js:26599:12) Error: useCPGSettingsContext must be used within a CPGSettingsProvider
    at useCPGSettingsContext (C:/Users/Admin/graceful_books/src/contexts/CPGSettingsContext.tsx:166:11)
    at useCPGSettings (C:/Users/Admin/graceful_books/src/hooks/useCPGSettings.ts:12:10)
    at DistributionResultsDisplay (C:/Users/Admin/graceful_books/src/components/cpg/DistributionResultsDisplay.tsx:72:48)
    at renderWithHooks (C:\Users\Admin\graceful_books\node_modules\react-dom\cjs\react-dom.development.js:15486:18)
    at mountIndeterminateComponent (C:\Users\Admin\graceful_books\node_modules\react-dom\cjs\react-dom.development.js:20103:13)
    at beginWork (C:\Users\Admin\graceful_books\node_modules\react-dom\cjs\react-dom.development.js:21626:16)
    at HTMLUnknownElement.callCallback (C:\Users\Admin\graceful_books\node_modules\react-dom\cjs\react-dom.development.js:4164:14)
    at HTMLUnknownElement.callTheUserObjectsOperation (C:\Users\Admin\graceful_books\node_modules\jsdom\lib\jsdom\living\generated\EventListener.js:26:30)
    at innerInvokeEventListeners (C:\Users\Admin\graceful_books\node_modules\jsdom\lib\jsdom\living\events\EventTarget-impl.js:350:25)
    at invokeEventListeners (C:\Users\Admin\graceful_books\node_modules\jsdom\lib\jsdom\living\events\EventTarget-impl.js:286:3)
Error: Uncaught [Error: useCPGSettingsContext must be used within a CPGSettingsProvider]
    at reportException (C:\Users\Admin\graceful_books\node_modules\jsdom\lib\jsdom\living\helpers\runtime-script-errors.js:66:24)
    at innerInvokeEventListeners (C:\Users\Admin\graceful_books\node_modules\jsdom\lib\jsdom\living\events\EventTarget-impl.js:353:9)
    at invokeEventListeners (C:\Users\Admin\graceful_books\node_modules\jsdom\lib\jsdom\living\events\EventTarget-impl.js:286:3)
    at HTMLUnknownElementImpl._dispatch (C:\Users\Admin\graceful_books\node_modules\jsdom\lib\jsdom\living\events\EventTarget-impl.js:233:9)
    at HTMLUnknownElementImpl.dispatchEvent (C:\Users\Admin\graceful_books\node_modules\jsdom\lib\jsdom\living\events\EventTarget-impl.js:104:17)
    at HTMLUnknownElement.dispatchEvent (C:\Users\Admin\graceful_books\node_modules\jsdom\lib\jsdom\living\generated\EventTarget.js:241:34)
    at Object.invokeGuardedCallbackDev (C:\Users\Admin\graceful_books\node_modules\react-dom\cjs\react-dom.development.js:4213:16)
    at invokeGuardedCallback (C:\Users\Admin\graceful_books\node_modules\react-dom\cjs\react-dom.development.js:4277:31)
    at beginWork$1 (C:\Users\Admin\graceful_books\node_modules\react-dom\cjs\react-dom.development.js:27490:7)
    at performUnitOfWork (C:\Users\Admin\graceful_books\node_modules\react-dom\cjs\react-dom.development.js:26599:12) Error: useCPGSettingsContext must be used within a CPGSettingsProvider
    at useCPGSettingsContext (C:/Users/Admin/graceful_books/src/contexts/CPGSettingsContext.tsx:166:11)
    at useCPGSettings (C:/Users/Admin/graceful_books/src/hooks/useCPGSettings.ts:12:10)
    at DistributionResultsDisplay (C:/Users/Admin/graceful_books/src/components/cpg/DistributionResultsDisplay.tsx:72:48)
    at renderWithHooks (C:\Users\Admin\graceful_books\node_modules\react-dom\cjs\react-dom.development.js:15486:18)
    at mountIndeterminateComponent (C:\Users\Admin\graceful_books\node_modules\react-dom\cjs\react-dom.development.js:20103:13)
    at beginWork (C:\Users\Admin\graceful_books\node_modules\react-dom\cjs\react-dom.development.js:21626:16)
    at HTMLUnknownElement.callCallback (C:\Users\Admin\graceful_books\node_modules\react-dom\cjs\react-dom.development.js:4164:14)
    at HTMLUnknownElement.callTheUserObjectsOperation (C:\Users\Admin\graceful_books\node_modules\jsdom\lib\jsdom\living\generated\EventListener.js:26:30)
    at innerInvokeEventListeners (C:\Users\Admin\graceful_books\node_modules\jsdom\lib\jsdom\living\events\EventTarget-impl.js:350:25)
    at invokeEventListeners (C:\Users\Admin\graceful_books\node_modules\jsdom\lib\jsdom\living\events\EventTarget-impl.js:286:3)
Error: Uncaught [Error: useCPGSettingsContext must be used within a CPGSettingsProvider]
    at reportException (C:\Users\Admin\graceful_books\node_modules\jsdom\lib\jsdom\living\helpers\runtime-script-errors.js:66:24)
    at innerInvokeEventListeners (C:\Users\Admin\graceful_books\node_modules\jsdom\lib\jsdom\living\events\EventTarget-impl.js:353:9)
    at invokeEventListeners (C:\Users\Admin\graceful_books\node_modules\jsdom\lib\jsdom\living\events\EventTarget-impl.js:286:3)
    at HTMLUnknownElementImpl._dispatch (C:\Users\Admin\graceful_books\node_modules\jsdom\lib\jsdom\living\events\EventTarget-impl.js:233:9)
    at HTMLUnknownElementImpl.dispatchEvent (C:\Users\Admin\graceful_books\node_modules\jsdom\lib\jsdom\living\events\EventTarget-impl.js:104:17)
    at HTMLUnknownElement.dispatchEvent (C:\Users\Admin\graceful_books\node_modules\jsdom\lib\jsdom\living\generated\EventTarget.js:241:34)
    at Object.invokeGuardedCallbackDev (C:\Users\Admin\graceful_books\node_modules\react-dom\cjs\react-dom.development.js:4213:16)
    at invokeGuardedCallback (C:\Users\Admin\graceful_books\node_modules\react-dom\cjs\react-dom.development.js:4277:31)
    at beginWork$1 (C:\Users\Admin\graceful_books\node_modules\react-dom\cjs\react-dom.development.js:27490:7)
    at performUnitOfWork (C:\Users\Admin\graceful_books\node_modules\react-dom\cjs\react-dom.development.js:26599:12) Error: useCPGSettingsContext must be used within a CPGSettingsProvider
    at useCPGSettingsContext (C:/Users/Admin/graceful_books/src/contexts/CPGSettingsContext.tsx:166:11)
    at useCPGSettings (C:/Users/Admin/graceful_books/src/hooks/useCPGSettings.ts:12:10)
    at DistributionResultsDisplay (C:/Users/Admin/graceful_books/src/components/cpg/DistributionResultsDisplay.tsx:72:48)
    at renderWithHooks (C:\Users\Admin\graceful_books\node_modules\react-dom\cjs\react-dom.development.js:15486:18)
    at mountIndeterminateComponent (C:\Users\Admin\graceful_books\node_modules\react-dom\cjs\react-dom.development.js:20103:13)
    at beginWork (C:\Users\Admin\graceful_books\node_modules\react-dom\cjs\react-dom.development.js:21626:16)
    at HTMLUnknownElement.callCallback (C:\Users\Admin\graceful_books\node_modules\react-dom\cjs\react-dom.development.js:4164:14)
    at HTMLUnknownElement.callTheUserObjectsOperation (C:\Users\Admin\graceful_books\node_modules\jsdom\lib\jsdom\living\generated\EventListener.js:26:30)
    at innerInvokeEventListeners (C:\Users\Admin\graceful_books\node_modules\jsdom\lib\jsdom\living\events\EventTarget-impl.js:350:25)
    at invokeEventListeners (C:\Users\Admin\graceful_books\node_modules\jsdom\lib\jsdom\living\events\EventTarget-impl.js:286:3)
Error: Uncaught [Error: useCPGSettingsContext must be used within a CPGSettingsProvider]
    at reportException (C:\Users\Admin\graceful_books\node_modules\jsdom\lib\jsdom\living\helpers\runtime-script-errors.js:66:24)
    at innerInvokeEventListeners (C:\Users\Admin\graceful_books\node_modules\jsdom\lib\jsdom\living\events\EventTarget-impl.js:353:9)
    at invokeEventListeners (C:\Users\Admin\graceful_books\node_modules\jsdom\lib\jsdom\living\events\EventTarget-impl.js:286:3)
    at HTMLUnknownElementImpl._dispatch (C:\Users\Admin\graceful_books\node_modules\jsdom\lib\jsdom\living\events\EventTarget-impl.js:233:9)
    at HTMLUnknownElementImpl.dispatchEvent (C:\Users\Admin\graceful_books\node_modules\jsdom\lib\jsdom\living\events\EventTarget-impl.js:104:17)
    at HTMLUnknownElement.dispatchEvent (C:\Users\Admin\graceful_books\node_modules\jsdom\lib\jsdom\living\generated\EventTarget.js:241:34)
    at Object.invokeGuardedCallbackDev (C:\Users\Admin\graceful_books\node_modules\react-dom\cjs\react-dom.development.js:4213:16)
    at invokeGuardedCallback (C:\Users\Admin\graceful_books\node_modules\react-dom\cjs\react-dom.development.js:4277:31)
    at beginWork$1 (C:\Users\Admin\graceful_books\node_modules\react-dom\cjs\react-dom.development.js:27490:7)
    at performUnitOfWork (C:\Users\Admin\graceful_books\node_modules\react-dom\cjs\react-dom.development.js:26599:12) Error: useCPGSettingsContext must be used within a CPGSettingsProvider
    at useCPGSettingsContext (C:/Users/Admin/graceful_books/src/contexts/CPGSettingsContext.tsx:166:11)
    at useCPGSettings (C:/Users/Admin/graceful_books/src/hooks/useCPGSettings.ts:12:10)
    at DistributionResultsDisplay (C:/Users/Admin/graceful_books/src/components/cpg/DistributionResultsDisplay.tsx:72:48)
    at renderWithHooks (C:\Users\Admin\graceful_books\node_modules\react-dom\cjs\react-dom.development.js:15486:18)
    at mountIndeterminateComponent (C:\Users\Admin\graceful_books\node_modules\react-dom\cjs\react-dom.development.js:20103:13)
    at beginWork (C:\Users\Admin\graceful_books\node_modules\react-dom\cjs\react-dom.development.js:21626:16)
    at HTMLUnknownElement.callCallback (C:\Users\Admin\graceful_books\node_modules\react-dom\cjs\react-dom.development.js:4164:14)
    at HTMLUnknownElement.callTheUserObjectsOperation (C:\Users\Admin\graceful_books\node_modules\jsdom\lib\jsdom\living\generated\EventListener.js:26:30)
    at innerInvokeEventListeners (C:\Users\Admin\graceful_books\node_modules\jsdom\lib\jsdom\living\events\EventTarget-impl.js:350:25)
    at invokeEventListeners (C:\Users\Admin\graceful_books\node_modules\jsdom\lib\jsdom\living\events\EventTarget-impl.js:286:3)
Error: Uncaught [Error: useCPGSettingsContext must be used within a CPGSettingsProvider]
    at reportException (C:\Users\Admin\graceful_books\node_modules\jsdom\lib\jsdom\living\helpers\runtime-script-errors.js:66:24)
    at innerInvokeEventListeners (C:\Users\Admin\graceful_books\node_modules\jsdom\lib\jsdom\living\events\EventTarget-impl.js:353:9)
    at invokeEventListeners (C:\Users\Admin\graceful_books\node_modules\jsdom\lib\jsdom\living\events\EventTarget-impl.js:286:3)
    at HTMLUnknownElementImpl._dispatch (C:\Users\Admin\graceful_books\node_modules\jsdom\lib\jsdom\living\events\EventTarget-impl.js:233:9)
    at HTMLUnknownElementImpl.dispatchEvent (C:\Users\Admin\graceful_books\node_modules\jsdom\lib\jsdom\living\events\EventTarget-impl.js:104:17)
    at HTMLUnknownElement.dispatchEvent (C:\Users\Admin\graceful_books\node_modules\jsdom\lib\jsdom\living\generated\EventTarget.js:241:34)
    at Object.invokeGuardedCallbackDev (C:\Users\Admin\graceful_books\node_modules\react-dom\cjs\react-dom.development.js:4213:16)
    at invokeGuardedCallback (C:\Users\Admin\graceful_books\node_modules\react-dom\cjs\react-dom.development.js:4277:31)
    at beginWork$1 (C:\Users\Admin\graceful_books\node_modules\react-dom\cjs\react-dom.development.js:27490:7)
    at performUnitOfWork (C:\Users\Admin\graceful_books\node_modules\react-dom\cjs\react-dom.development.js:26599:12) Error: useCPGSettingsContext must be used within a CPGSettingsProvider
    at useCPGSettingsContext (C:/Users/Admin/graceful_books/src/contexts/CPGSettingsContext.tsx:166:11)
    at useCPGSettings (C:/Users/Admin/graceful_books/src/hooks/useCPGSettings.ts:12:10)
    at DistributionResultsDisplay (C:/Users/Admin/graceful_books/src/components/cpg/DistributionResultsDisplay.tsx:72:48)
    at renderWithHooks (C:\Users\Admin\graceful_books\node_modules\react-dom\cjs\react-dom.development.js:15486:18)
    at mountIndeterminateComponent (C:\Users\Admin\graceful_books\node_modules\react-dom\cjs\react-dom.development.js:20103:13)
    at beginWork (C:\Users\Admin\graceful_books\node_modules\react-dom\cjs\react-dom.development.js:21626:16)
    at HTMLUnknownElement.callCallback (C:\Users\Admin\graceful_books\node_modules\react-dom\cjs\react-dom.development.js:4164:14)
    at HTMLUnknownElement.callTheUserObjectsOperation (C:\Users\Admin\graceful_books\node_modules\jsdom\lib\jsdom\living\generated\EventListener.js:26:30)
    at innerInvokeEventListeners (C:\Users\Admin\graceful_books\node_modules\jsdom\lib\jsdom\living\events\EventTarget-impl.js:350:25)
    at invokeEventListeners (C:\Users\Admin\graceful_books\node_modules\jsdom\lib\jsdom\living\events\EventTarget-impl.js:286:3)
Error: Uncaught [Error: useCPGSettingsContext must be used within a CPGSettingsProvider]
    at reportException (C:\Users\Admin\graceful_books\node_modules\jsdom\lib\jsdom\living\helpers\runtime-script-errors.js:66:24)
    at innerInvokeEventListeners (C:\Users\Admin\graceful_books\node_modules\jsdom\lib\jsdom\living\events\EventTarget-impl.js:353:9)
    at invokeEventListeners (C:\Users\Admin\graceful_books\node_modules\jsdom\lib\jsdom\living\events\EventTarget-impl.js:286:3)
    at HTMLUnknownElementImpl._dispatch (C:\Users\Admin\graceful_books\node_modules\jsdom\lib\jsdom\living\events\EventTarget-impl.js:233:9)
    at HTMLUnknownElementImpl.dispatchEvent (C:\Users\Admin\graceful_books\node_modules\jsdom\lib\jsdom\living\events\EventTarget-impl.js:104:17)
    at HTMLUnknownElement.dispatchEvent (C:\Users\Admin\graceful_books\node_modules\jsdom\lib\jsdom\living\generated\EventTarget.js:241:34)
    at Object.invokeGuardedCallbackDev (C:\Users\Admin\graceful_books\node_modules\react-dom\cjs\react-dom.development.js:4213:16)
    at invokeGuardedCallback (C:\Users\Admin\graceful_books\node_modules\react-dom\cjs\react-dom.development.js:4277:31)
    at beginWork$1 (C:\Users\Admin\graceful_books\node_modules\react-dom\cjs\react-dom.development.js:27490:7)
    at performUnitOfWork (C:\Users\Admin\graceful_books\node_modules\react-dom\cjs\react-dom.development.js:26599:12) Error: useCPGSettingsContext must be used within a CPGSettingsProvider
    at useCPGSettingsContext (C:/Users/Admin/graceful_books/src/contexts/CPGSettingsContext.tsx:166:11)
    at useCPGSettings (C:/Users/Admin/graceful_books/src/hooks/useCPGSettings.ts:12:10)
    at DistributionResultsDisplay (C:/Users/Admin/graceful_books/src/components/cpg/DistributionResultsDisplay.tsx:72:48)
    at renderWithHooks (C:\Users\Admin\graceful_books\node_modules\react-dom\cjs\react-dom.development.js:15486:18)
    at mountIndeterminateComponent (C:\Users\Admin\graceful_books\node_modules\react-dom\cjs\react-dom.development.js:20103:13)
    at beginWork (C:\Users\Admin\graceful_books\node_modules\react-dom\cjs\react-dom.development.js:21626:16)
    at HTMLUnknownElement.callCallback (C:\Users\Admin\graceful_books\node_modules\react-dom\cjs\react-dom.development.js:4164:14)
    at HTMLUnknownElement.callTheUserObjectsOperation (C:\Users\Admin\graceful_books\node_modules\jsdom\lib\jsdom\living\generated\EventListener.js:26:30)
    at innerInvokeEventListeners (C:\Users\Admin\graceful_books\node_modules\jsdom\lib\jsdom\living\events\EventTarget-impl.js:350:25)
    at invokeEventListeners (C:\Users\Admin\graceful_books\node_modules\jsdom\lib\jsdom\living\events\EventTarget-impl.js:286:3)
Error: Uncaught [Error: useCPGSettingsContext must be used within a CPGSettingsProvider]
    at reportException (C:\Users\Admin\graceful_books\node_modules\jsdom\lib\jsdom\living\helpers\runtime-script-errors.js:66:24)
    at innerInvokeEventListeners (C:\Users\Admin\graceful_books\node_modules\jsdom\lib\jsdom\living\events\EventTarget-impl.js:353:9)
    at invokeEventListeners (C:\Users\Admin\graceful_books\node_modules\jsdom\lib\jsdom\living\events\EventTarget-impl.js:286:3)
    at HTMLUnknownElementImpl._dispatch (C:\Users\Admin\graceful_books\node_modules\jsdom\lib\jsdom\living\events\EventTarget-impl.js:233:9)
    at HTMLUnknownElementImpl.dispatchEvent (C:\Users\Admin\graceful_books\node_modules\jsdom\lib\jsdom\living\events\EventTarget-impl.js:104:17)
    at HTMLUnknownElement.dispatchEvent (C:\Users\Admin\graceful_books\node_modules\jsdom\lib\jsdom\living\generated\EventTarget.js:241:34)
    at Object.invokeGuardedCallbackDev (C:\Users\Admin\graceful_books\node_modules\react-dom\cjs\react-dom.development.js:4213:16)
    at invokeGuardedCallback (C:\Users\Admin\graceful_books\node_modules\react-dom\cjs\react-dom.development.js:4277:31)
    at beginWork$1 (C:\Users\Admin\graceful_books\node_modules\react-dom\cjs\react-dom.development.js:27490:7)
    at performUnitOfWork (C:\Users\Admin\graceful_books\node_modules\react-dom\cjs\react-dom.development.js:26599:12) Error: useCPGSettingsContext must be used within a CPGSettingsProvider
    at useCPGSettingsContext (C:/Users/Admin/graceful_books/src/contexts/CPGSettingsContext.tsx:166:11)
    at useCPGSettings (C:/Users/Admin/graceful_books/src/hooks/useCPGSettings.ts:12:10)
    at DistributionResultsDisplay (C:/Users/Admin/graceful_books/src/components/cpg/DistributionResultsDisplay.tsx:72:48)
    at renderWithHooks (C:\Users\Admin\graceful_books\node_modules\react-dom\cjs\react-dom.development.js:15486:18)
    at mountIndeterminateComponent (C:\Users\Admin\graceful_books\node_modules\react-dom\cjs\react-dom.development.js:20103:13)
    at beginWork (C:\Users\Admin\graceful_books\node_modules\react-dom\cjs\react-dom.development.js:21626:16)
    at HTMLUnknownElement.callCallback (C:\Users\Admin\graceful_books\node_modules\react-dom\cjs\react-dom.development.js:4164:14)
    at HTMLUnknownElement.callTheUserObjectsOperation (C:\Users\Admin\graceful_books\node_modules\jsdom\lib\jsdom\living\generated\EventListener.js:26:30)
    at innerInvokeEventListeners (C:\Users\Admin\graceful_books\node_modules\jsdom\lib\jsdom\living\events\EventTarget-impl.js:350:25)
    at invokeEventListeners (C:\Users\Admin\graceful_books\node_modules\jsdom\lib\jsdom\living\events\EventTarget-impl.js:286:3)
Error: Uncaught [Error: useCPGSettingsContext must be used within a CPGSettingsProvider]
    at reportException (C:\Users\Admin\graceful_books\node_modules\jsdom\lib\jsdom\living\helpers\runtime-script-errors.js:66:24)
    at innerInvokeEventListeners (C:\Users\Admin\graceful_books\node_modules\jsdom\lib\jsdom\living\events\EventTarget-impl.js:353:9)
    at invokeEventListeners (C:\Users\Admin\graceful_books\node_modules\jsdom\lib\jsdom\living\events\EventTarget-impl.js:286:3)
    at HTMLUnknownElementImpl._dispatch (C:\Users\Admin\graceful_books\node_modules\jsdom\lib\jsdom\living\events\EventTarget-impl.js:233:9)
    at HTMLUnknownElementImpl.dispatchEvent (C:\Users\Admin\graceful_books\node_modules\jsdom\lib\jsdom\living\events\EventTarget-impl.js:104:17)
    at HTMLUnknownElement.dispatchEvent (C:\Users\Admin\graceful_books\node_modules\jsdom\lib\jsdom\living\generated\EventTarget.js:241:34)
    at Object.invokeGuardedCallbackDev (C:\Users\Admin\graceful_books\node_modules\react-dom\cjs\react-dom.development.js:4213:16)
    at invokeGuardedCallback (C:\Users\Admin\graceful_books\node_modules\react-dom\cjs\react-dom.development.js:4277:31)
    at beginWork$1 (C:\Users\Admin\graceful_books\node_modules\react-dom\cjs\react-dom.development.js:27490:7)
    at performUnitOfWork (C:\Users\Admin\graceful_books\node_modules\react-dom\cjs\react-dom.development.js:26599:12) Error: useCPGSettingsContext must be used within a CPGSettingsProvider
    at useCPGSettingsContext (C:/Users/Admin/graceful_books/src/contexts/CPGSettingsContext.tsx:166:11)
    at useCPGSettings (C:/Users/Admin/graceful_books/src/hooks/useCPGSettings.ts:12:10)
    at DistributionResultsDisplay (C:/Users/Admin/graceful_books/src/components/cpg/DistributionResultsDisplay.tsx:72:48)
    at renderWithHooks (C:\Users\Admin\graceful_books\node_modules\react-dom\cjs\react-dom.development.js:15486:18)
    at mountIndeterminateComponent (C:\Users\Admin\graceful_books\node_modules\react-dom\cjs\react-dom.development.js:20103:13)
    at beginWork (C:\Users\Admin\graceful_books\node_modules\react-dom\cjs\react-dom.development.js:21626:16)
    at HTMLUnknownElement.callCallback (C:\Users\Admin\graceful_books\node_modules\react-dom\cjs\react-dom.development.js:4164:14)
    at HTMLUnknownElement.callTheUserObjectsOperation (C:\Users\Admin\graceful_books\node_modules\jsdom\lib\jsdom\living\generated\EventListener.js:26:30)
    at innerInvokeEventListeners (C:\Users\Admin\graceful_books\node_modules\jsdom\lib\jsdom\living\events\EventTarget-impl.js:350:25)
    at invokeEventListeners (C:\Users\Admin\graceful_books\node_modules\jsdom\lib\jsdom\living\events\EventTarget-impl.js:286:3)
Error: Uncaught [Error: useCPGSettingsContext must be used within a CPGSettingsProvider]
    at reportException (C:\Users\Admin\graceful_books\node_modules\jsdom\lib\jsdom\living\helpers\runtime-script-errors.js:66:24)
    at innerInvokeEventListeners (C:\Users\Admin\graceful_books\node_modules\jsdom\lib\jsdom\living\events\EventTarget-impl.js:353:9)
    at invokeEventListeners (C:\Users\Admin\graceful_books\node_modules\jsdom\lib\jsdom\living\events\EventTarget-impl.js:286:3)
    at HTMLUnknownElementImpl._dispatch (C:\Users\Admin\graceful_books\node_modules\jsdom\lib\jsdom\living\events\EventTarget-impl.js:233:9)
    at HTMLUnknownElementImpl.dispatchEvent (C:\Users\Admin\graceful_books\node_modules\jsdom\lib\jsdom\living\events\EventTarget-impl.js:104:17)
    at HTMLUnknownElement.dispatchEvent (C:\Users\Admin\graceful_books\node_modules\jsdom\lib\jsdom\living\generated\EventTarget.js:241:34)
    at Object.invokeGuardedCallbackDev (C:\Users\Admin\graceful_books\node_modules\react-dom\cjs\react-dom.development.js:4213:16)
    at invokeGuardedCallback (C:\Users\Admin\graceful_books\node_modules\react-dom\cjs\react-dom.development.js:4277:31)
    at beginWork$1 (C:\Users\Admin\graceful_books\node_modules\react-dom\cjs\react-dom.development.js:27490:7)
    at performUnitOfWork (C:\Users\Admin\graceful_books\node_modules\react-dom\cjs\react-dom.development.js:26599:12) Error: useCPGSettingsContext must be used within a CPGSettingsProvider
    at useCPGSettingsContext (C:/Users/Admin/graceful_books/src/contexts/CPGSettingsContext.tsx:166:11)
    at useCPGSettings (C:/Users/Admin/graceful_books/src/hooks/useCPGSettings.ts:12:10)
    at DistributionResultsDisplay (C:/Users/Admin/graceful_books/src/components/cpg/DistributionResultsDisplay.tsx:72:48)
    at renderWithHooks (C:\Users\Admin\graceful_books\node_modules\react-dom\cjs\react-dom.development.js:15486:18)
    at mountIndeterminateComponent (C:\Users\Admin\graceful_books\node_modules\react-dom\cjs\react-dom.development.js:20103:13)
    at beginWork (C:\Users\Admin\graceful_books\node_modules\react-dom\cjs\react-dom.development.js:21626:16)
    at HTMLUnknownElement.callCallback (C:\Users\Admin\graceful_books\node_modules\react-dom\cjs\react-dom.development.js:4164:14)
    at HTMLUnknownElement.callTheUserObjectsOperation (C:\Users\Admin\graceful_books\node_modules\jsdom\lib\jsdom\living\generated\EventListener.js:26:30)
    at innerInvokeEventListeners (C:\Users\Admin\graceful_books\node_modules\jsdom\lib\jsdom\living\events\EventTarget-impl.js:350:25)
    at invokeEventListeners (C:\Users\Admin\graceful_books\node_modules\jsdom\lib\jsdom\living\events\EventTarget-impl.js:286:3)
Error: Uncaught [Error: useCPGSettingsContext must be used within a CPGSettingsProvider]
    at reportException (C:\Users\Admin\graceful_books\node_modules\jsdom\lib\jsdom\living\helpers\runtime-script-errors.js:66:24)
    at innerInvokeEventListeners (C:\Users\Admin\graceful_books\node_modules\jsdom\lib\jsdom\living\events\EventTarget-impl.js:353:9)
    at invokeEventListeners (C:\Users\Admin\graceful_books\node_modules\jsdom\lib\jsdom\living\events\EventTarget-impl.js:286:3)
    at HTMLUnknownElementImpl._dispatch (C:\Users\Admin\graceful_books\node_modules\jsdom\lib\jsdom\living\events\EventTarget-impl.js:233:9)
    at HTMLUnknownElementImpl.dispatchEvent (C:\Users\Admin\graceful_books\node_modules\jsdom\lib\jsdom\living\events\EventTarget-impl.js:104:17)
    at HTMLUnknownElement.dispatchEvent (C:\Users\Admin\graceful_books\node_modules\jsdom\lib\jsdom\living\generated\EventTarget.js:241:34)
    at Object.invokeGuardedCallbackDev (C:\Users\Admin\graceful_books\node_modules\react-dom\cjs\react-dom.development.js:4213:16)
    at invokeGuardedCallback (C:\Users\Admin\graceful_books\node_modules\react-dom\cjs\react-dom.development.js:4277:31)
    at beginWork$1 (C:\Users\Admin\graceful_books\node_modules\react-dom\cjs\react-dom.development.js:27490:7)
    at performUnitOfWork (C:\Users\Admin\graceful_books\node_modules\react-dom\cjs\react-dom.development.js:26599:12) Error: useCPGSettingsContext must be used within a CPGSettingsProvider
    at useCPGSettingsContext (C:/Users/Admin/graceful_books/src/contexts/CPGSettingsContext.tsx:166:11)
    at useCPGSettings (C:/Users/Admin/graceful_books/src/hooks/useCPGSettings.ts:12:10)
    at DistributionResultsDisplay (C:/Users/Admin/graceful_books/src/components/cpg/DistributionResultsDisplay.tsx:72:48)
    at renderWithHooks (C:\Users\Admin\graceful_books\node_modules\react-dom\cjs\react-dom.development.js:15486:18)
    at mountIndeterminateComponent (C:\Users\Admin\graceful_books\node_modules\react-dom\cjs\react-dom.development.js:20103:13)
    at beginWork (C:\Users\Admin\graceful_books\node_modules\react-dom\cjs\react-dom.development.js:21626:16)
    at HTMLUnknownElement.callCallback (C:\Users\Admin\graceful_books\node_modules\react-dom\cjs\react-dom.development.js:4164:14)
    at HTMLUnknownElement.callTheUserObjectsOperation (C:\Users\Admin\graceful_books\node_modules\jsdom\lib\jsdom\living\generated\EventListener.js:26:30)
    at innerInvokeEventListeners (C:\Users\Admin\graceful_books\node_modules\jsdom\lib\jsdom\living\events\EventTarget-impl.js:350:25)
    at invokeEventListeners (C:\Users\Admin\graceful_books\node_modules\jsdom\lib\jsdom\living\events\EventTarget-impl.js:286:3)
Error: Uncaught [Error: useCPGSettingsContext must be used within a CPGSettingsProvider]
    at reportException (C:\Users\Admin\graceful_books\node_modules\jsdom\lib\jsdom\living\helpers\runtime-script-errors.js:66:24)
    at innerInvokeEventListeners (C:\Users\Admin\graceful_books\node_modules\jsdom\lib\jsdom\living\events\EventTarget-impl.js:353:9)
    at invokeEventListeners (C:\Users\Admin\graceful_books\node_modules\jsdom\lib\jsdom\living\events\EventTarget-impl.js:286:3)
    at HTMLUnknownElementImpl._dispatch (C:\Users\Admin\graceful_books\node_modules\jsdom\lib\jsdom\living\events\EventTarget-impl.js:233:9)
    at HTMLUnknownElementImpl.dispatchEvent (C:\Users\Admin\graceful_books\node_modules\jsdom\lib\jsdom\living\events\EventTarget-impl.js:104:17)
    at HTMLUnknownElement.dispatchEvent (C:\Users\Admin\graceful_books\node_modules\jsdom\lib\jsdom\living\generated\EventTarget.js:241:34)
    at Object.invokeGuardedCallbackDev (C:\Users\Admin\graceful_books\node_modules\react-dom\cjs\react-dom.development.js:4213:16)
    at invokeGuardedCallback (C:\Users\Admin\graceful_books\node_modules\react-dom\cjs\react-dom.development.js:4277:31)
    at beginWork$1 (C:\Users\Admin\graceful_books\node_modules\react-dom\cjs\react-dom.development.js:27490:7)
    at performUnitOfWork (C:\Users\Admin\graceful_books\node_modules\react-dom\cjs\react-dom.development.js:26599:12) Error: useCPGSettingsContext must be used within a CPGSettingsProvider
    at useCPGSettingsContext (C:/Users/Admin/graceful_books/src/contexts/CPGSettingsContext.tsx:166:11)
    at useCPGSettings (C:/Users/Admin/graceful_books/src/hooks/useCPGSettings.ts:12:10)
    at DistributionResultsDisplay (C:/Users/Admin/graceful_books/src/components/cpg/DistributionResultsDisplay.tsx:72:48)
    at renderWithHooks (C:\Users\Admin\graceful_books\node_modules\react-dom\cjs\react-dom.development.js:15486:18)
    at mountIndeterminateComponent (C:\Users\Admin\graceful_books\node_modules\react-dom\cjs\react-dom.development.js:20103:13)
    at beginWork (C:\Users\Admin\graceful_books\node_modules\react-dom\cjs\react-dom.development.js:21626:16)
    at HTMLUnknownElement.callCallback (C:\Users\Admin\graceful_books\node_modules\react-dom\cjs\react-dom.development.js:4164:14)
    at HTMLUnknownElement.callTheUserObjectsOperation (C:\Users\Admin\graceful_books\node_modules\jsdom\lib\jsdom\living\generated\EventListener.js:26:30)
    at innerInvokeEventListeners (C:\Users\Admin\graceful_books\node_modules\jsdom\lib\jsdom\living\events\EventTarget-impl.js:350:25)
    at invokeEventListeners (C:\Users\Admin\graceful_books\node_modules\jsdom\lib\jsdom\living\events\EventTarget-impl.js:286:3)
Error: Uncaught [Error: useCPGSettingsContext must be used within a CPGSettingsProvider]
    at reportException (C:\Users\Admin\graceful_books\node_modules\jsdom\lib\jsdom\living\helpers\runtime-script-errors.js:66:24)
    at innerInvokeEventListeners (C:\Users\Admin\graceful_books\node_modules\jsdom\lib\jsdom\living\events\EventTarget-impl.js:353:9)
    at invokeEventListeners (C:\Users\Admin\graceful_books\node_modules\jsdom\lib\jsdom\living\events\EventTarget-impl.js:286:3)
    at HTMLUnknownElementImpl._dispatch (C:\Users\Admin\graceful_books\node_modules\jsdom\lib\jsdom\living\events\EventTarget-impl.js:233:9)
    at HTMLUnknownElementImpl.dispatchEvent (C:\Users\Admin\graceful_books\node_modules\jsdom\lib\jsdom\living\events\EventTarget-impl.js:104:17)
    at HTMLUnknownElement.dispatchEvent (C:\Users\Admin\graceful_books\node_modules\jsdom\lib\jsdom\living\generated\EventTarget.js:241:34)
    at Object.invokeGuardedCallbackDev (C:\Users\Admin\graceful_books\node_modules\react-dom\cjs\react-dom.development.js:4213:16)
    at invokeGuardedCallback (C:\Users\Admin\graceful_books\node_modules\react-dom\cjs\react-dom.development.js:4277:31)
    at beginWork$1 (C:\Users\Admin\graceful_books\node_modules\react-dom\cjs\react-dom.development.js:27490:7)
    at performUnitOfWork (C:\Users\Admin\graceful_books\node_modules\react-dom\cjs\react-dom.development.js:26599:12) Error: useCPGSettingsContext must be used within a CPGSettingsProvider
    at useCPGSettingsContext (C:/Users/Admin/graceful_books/src/contexts/CPGSettingsContext.tsx:166:11)
    at useCPGSettings (C:/Users/Admin/graceful_books/src/hooks/useCPGSettings.ts:12:10)
    at DistributionResultsDisplay (C:/Users/Admin/graceful_books/src/components/cpg/DistributionResultsDisplay.tsx:72:48)
    at renderWithHooks (C:\Users\Admin\graceful_books\node_modules\react-dom\cjs\react-dom.development.js:15486:18)
    at mountIndeterminateComponent (C:\Users\Admin\graceful_books\node_modules\react-dom\cjs\react-dom.development.js:20103:13)
    at beginWork (C:\Users\Admin\graceful_books\node_modules\react-dom\cjs\react-dom.development.js:21626:16)
    at HTMLUnknownElement.callCallback (C:\Users\Admin\graceful_books\node_modules\react-dom\cjs\react-dom.development.js:4164:14)
    at HTMLUnknownElement.callTheUserObjectsOperation (C:\Users\Admin\graceful_books\node_modules\jsdom\lib\jsdom\living\generated\EventListener.js:26:30)
    at innerInvokeEventListeners (C:\Users\Admin\graceful_books\node_modules\jsdom\lib\jsdom\living\events\EventTarget-impl.js:350:25)
    at invokeEventListeners (C:\Users\Admin\graceful_books\node_modules\jsdom\lib\jsdom\living\events\EventTarget-impl.js:286:3)
Error: Uncaught [Error: useCPGSettingsContext must be used within a CPGSettingsProvider]
    at reportException (C:\Users\Admin\graceful_books\node_modules\jsdom\lib\jsdom\living\helpers\runtime-script-errors.js:66:24)
    at innerInvokeEventListeners (C:\Users\Admin\graceful_books\node_modules\jsdom\lib\jsdom\living\events\EventTarget-impl.js:353:9)
    at invokeEventListeners (C:\Users\Admin\graceful_books\node_modules\jsdom\lib\jsdom\living\events\EventTarget-impl.js:286:3)
    at HTMLUnknownElementImpl._dispatch (C:\Users\Admin\graceful_books\node_modules\jsdom\lib\jsdom\living\events\EventTarget-impl.js:233:9)
    at HTMLUnknownElementImpl.dispatchEvent (C:\Users\Admin\graceful_books\node_modules\jsdom\lib\jsdom\living\events\EventTarget-impl.js:104:17)
    at HTMLUnknownElement.dispatchEvent (C:\Users\Admin\graceful_books\node_modules\jsdom\lib\jsdom\living\generated\EventTarget.js:241:34)
    at Object.invokeGuardedCallbackDev (C:\Users\Admin\graceful_books\node_modules\react-dom\cjs\react-dom.development.js:4213:16)
    at invokeGuardedCallback (C:\Users\Admin\graceful_books\node_modules\react-dom\cjs\react-dom.development.js:4277:31)
    at beginWork$1 (C:\Users\Admin\graceful_books\node_modules\react-dom\cjs\react-dom.development.js:27490:7)
    at performUnitOfWork (C:\Users\Admin\graceful_books\node_modules\react-dom\cjs\react-dom.development.js:26599:12) Error: useCPGSettingsContext must be used within a CPGSettingsProvider
    at useCPGSettingsContext (C:/Users/Admin/graceful_books/src/contexts/CPGSettingsContext.tsx:166:11)
    at useCPGSettings (C:/Users/Admin/graceful_books/src/hooks/useCPGSettings.ts:12:10)
    at DistributionResultsDisplay (C:/Users/Admin/graceful_books/src/components/cpg/DistributionResultsDisplay.tsx:72:48)
    at renderWithHooks (C:\Users\Admin\graceful_books\node_modules\react-dom\cjs\react-dom.development.js:15486:18)
    at mountIndeterminateComponent (C:\Users\Admin\graceful_books\node_modules\react-dom\cjs\react-dom.development.js:20103:13)
    at beginWork (C:\Users\Admin\graceful_books\node_modules\react-dom\cjs\react-dom.development.js:21626:16)
    at HTMLUnknownElement.callCallback (C:\Users\Admin\graceful_books\node_modules\react-dom\cjs\react-dom.development.js:4164:14)
    at HTMLUnknownElement.callTheUserObjectsOperation (C:\Users\Admin\graceful_books\node_modules\jsdom\lib\jsdom\living\generated\EventListener.js:26:30)
    at innerInvokeEventListeners (C:\Users\Admin\graceful_books\node_modules\jsdom\lib\jsdom\living\events\EventTarget-impl.js:350:25)
    at invokeEventListeners (C:\Users\Admin\graceful_books\node_modules\jsdom\lib\jsdom\living\events\EventTarget-impl.js:286:3)
Error: Uncaught [Error: useCPGSettingsContext must be used within a CPGSettingsProvider]
    at reportException (C:\Users\Admin\graceful_books\node_modules\jsdom\lib\jsdom\living\helpers\runtime-script-errors.js:66:24)
    at innerInvokeEventListeners (C:\Users\Admin\graceful_books\node_modules\jsdom\lib\jsdom\living\events\EventTarget-impl.js:353:9)
    at invokeEventListeners (C:\Users\Admin\graceful_books\node_modules\jsdom\lib\jsdom\living\events\EventTarget-impl.js:286:3)
    at HTMLUnknownElementImpl._dispatch (C:\Users\Admin\graceful_books\node_modules\jsdom\lib\jsdom\living\events\EventTarget-impl.js:233:9)
    at HTMLUnknownElementImpl.dispatchEvent (C:\Users\Admin\graceful_books\node_modules\jsdom\lib\jsdom\living\events\EventTarget-impl.js:104:17)
    at HTMLUnknownElement.dispatchEvent (C:\Users\Admin\graceful_books\node_modules\jsdom\lib\jsdom\living\generated\EventTarget.js:241:34)
    at Object.invokeGuardedCallbackDev (C:\Users\Admin\graceful_books\node_modules\react-dom\cjs\react-dom.development.js:4213:16)
    at invokeGuardedCallback (C:\Users\Admin\graceful_books\node_modules\react-dom\cjs\react-dom.development.js:4277:31)
    at beginWork$1 (C:\Users\Admin\graceful_books\node_modules\react-dom\cjs\react-dom.development.js:27490:7)
    at performUnitOfWork (C:\Users\Admin\graceful_books\node_modules\react-dom\cjs\react-dom.development.js:26599:12) Error: useCPGSettingsContext must be used within a CPGSettingsProvider
    at useCPGSettingsContext (C:/Users/Admin/graceful_books/src/contexts/CPGSettingsContext.tsx:166:11)
    at useCPGSettings (C:/Users/Admin/graceful_books/src/hooks/useCPGSettings.ts:12:10)
    at DistributionResultsDisplay (C:/Users/Admin/graceful_books/src/components/cpg/DistributionResultsDisplay.tsx:72:48)
    at renderWithHooks (C:\Users\Admin\graceful_books\node_modules\react-dom\cjs\react-dom.development.js:15486:18)
    at mountIndeterminateComponent (C:\Users\Admin\graceful_books\node_modules\react-dom\cjs\react-dom.development.js:20103:13)
    at beginWork (C:\Users\Admin\graceful_books\node_modules\react-dom\cjs\react-dom.development.js:21626:16)
    at HTMLUnknownElement.callCallback (C:\Users\Admin\graceful_books\node_modules\react-dom\cjs\react-dom.development.js:4164:14)
    at HTMLUnknownElement.callTheUserObjectsOperation (C:\Users\Admin\graceful_books\node_modules\jsdom\lib\jsdom\living\generated\EventListener.js:26:30)
    at innerInvokeEventListeners (C:\Users\Admin\graceful_books\node_modules\jsdom\lib\jsdom\living\events\EventTarget-impl.js:350:25)
    at invokeEventListeners (C:\Users\Admin\graceful_books\node_modules\jsdom\lib\jsdom\living\events\EventTarget-impl.js:286:3)
Error: Uncaught [Error: useCPGSettingsContext must be used within a CPGSettingsProvider]
    at reportException (C:\Users\Admin\graceful_books\node_modules\jsdom\lib\jsdom\living\helpers\runtime-script-errors.js:66:24)
    at innerInvokeEventListeners (C:\Users\Admin\graceful_books\node_modules\jsdom\lib\jsdom\living\events\EventTarget-impl.js:353:9)
    at invokeEventListeners (C:\Users\Admin\graceful_books\node_modules\jsdom\lib\jsdom\living\events\EventTarget-impl.js:286:3)
    at HTMLUnknownElementImpl._dispatch (C:\Users\Admin\graceful_books\node_modules\jsdom\lib\jsdom\living\events\EventTarget-impl.js:233:9)
    at HTMLUnknownElementImpl.dispatchEvent (C:\Users\Admin\graceful_books\node_modules\jsdom\lib\jsdom\living\events\EventTarget-impl.js:104:17)
    at HTMLUnknownElement.dispatchEvent (C:\Users\Admin\graceful_books\node_modules\jsdom\lib\jsdom\living\generated\EventTarget.js:241:34)
    at Object.invokeGuardedCallbackDev (C:\Users\Admin\graceful_books\node_modules\react-dom\cjs\react-dom.development.js:4213:16)
    at invokeGuardedCallback (C:\Users\Admin\graceful_books\node_modules\react-dom\cjs\react-dom.development.js:4277:31)
    at beginWork$1 (C:\Users\Admin\graceful_books\node_modules\react-dom\cjs\react-dom.development.js:27490:7)
    at performUnitOfWork (C:\Users\Admin\graceful_books\node_modules\react-dom\cjs\react-dom.development.js:26599:12) Error: useCPGSettingsContext must be used within a CPGSettingsProvider
    at useCPGSettingsContext (C:/Users/Admin/graceful_books/src/contexts/CPGSettingsContext.tsx:166:11)
    at useCPGSettings (C:/Users/Admin/graceful_books/src/hooks/useCPGSettings.ts:12:10)
    at DistributionResultsDisplay (C:/Users/Admin/graceful_books/src/components/cpg/DistributionResultsDisplay.tsx:72:48)
    at renderWithHooks (C:\Users\Admin\graceful_books\node_modules\react-dom\cjs\react-dom.development.js:15486:18)
    at mountIndeterminateComponent (C:\Users\Admin\graceful_books\node_modules\react-dom\cjs\react-dom.development.js:20103:13)
    at beginWork (C:\Users\Admin\graceful_books\node_modules\react-dom\cjs\react-dom.development.js:21626:16)
    at HTMLUnknownElement.callCallback (C:\Users\Admin\graceful_books\node_modules\react-dom\cjs\react-dom.development.js:4164:14)
    at HTMLUnknownElement.callTheUserObjectsOperation (C:\Users\Admin\graceful_books\node_modules\jsdom\lib\jsdom\living\generated\EventListener.js:26:30)
    at innerInvokeEventListeners (C:\Users\Admin\graceful_books\node_modules\jsdom\lib\jsdom\living\events\EventTarget-impl.js:350:25)
    at invokeEventListeners (C:\Users\Admin\graceful_books\node_modules\jsdom\lib\jsdom\living\events\EventTarget-impl.js:286:3)
Error: Uncaught [Error: useCPGSettingsContext must be used within a CPGSettingsProvider]
    at reportException (C:\Users\Admin\graceful_books\node_modules\jsdom\lib\jsdom\living\helpers\runtime-script-errors.js:66:24)
    at innerInvokeEventListeners (C:\Users\Admin\graceful_books\node_modules\jsdom\lib\jsdom\living\events\EventTarget-impl.js:353:9)
    at invokeEventListeners (C:\Users\Admin\graceful_books\node_modules\jsdom\lib\jsdom\living\events\EventTarget-impl.js:286:3)
    at HTMLUnknownElementImpl._dispatch (C:\Users\Admin\graceful_books\node_modules\jsdom\lib\jsdom\living\events\EventTarget-impl.js:233:9)
    at HTMLUnknownElementImpl.dispatchEvent (C:\Users\Admin\graceful_books\node_modules\jsdom\lib\jsdom\living\events\EventTarget-impl.js:104:17)
    at HTMLUnknownElement.dispatchEvent (C:\Users\Admin\graceful_books\node_modules\jsdom\lib\jsdom\living\generated\EventTarget.js:241:34)
    at Object.invokeGuardedCallbackDev (C:\Users\Admin\graceful_books\node_modules\react-dom\cjs\react-dom.development.js:4213:16)
    at invokeGuardedCallback (C:\Users\Admin\graceful_books\node_modules\react-dom\cjs\react-dom.development.js:4277:31)
    at beginWork$1 (C:\Users\Admin\graceful_books\node_modules\react-dom\cjs\react-dom.development.js:27490:7)
    at performUnitOfWork (C:\Users\Admin\graceful_books\node_modules\react-dom\cjs\react-dom.development.js:26599:12) Error: useCPGSettingsContext must be used within a CPGSettingsProvider
    at useCPGSettingsContext (C:/Users/Admin/graceful_books/src/contexts/CPGSettingsContext.tsx:166:11)
    at useCPGSettings (C:/Users/Admin/graceful_books/src/hooks/useCPGSettings.ts:12:10)
    at DistributionResultsDisplay (C:/Users/Admin/graceful_books/src/components/cpg/DistributionResultsDisplay.tsx:72:48)
    at renderWithHooks (C:\Users\Admin\graceful_books\node_modules\react-dom\cjs\react-dom.development.js:15486:18)
    at mountIndeterminateComponent (C:\Users\Admin\graceful_books\node_modules\react-dom\cjs\react-dom.development.js:20103:13)
    at beginWork (C:\Users\Admin\graceful_books\node_modules\react-dom\cjs\react-dom.development.js:21626:16)
    at HTMLUnknownElement.callCallback (C:\Users\Admin\graceful_books\node_modules\react-dom\cjs\react-dom.development.js:4164:14)
    at HTMLUnknownElement.callTheUserObjectsOperation (C:\Users\Admin\graceful_books\node_modules\jsdom\lib\jsdom\living\generated\EventListener.js:26:30)
    at innerInvokeEventListeners (C:\Users\Admin\graceful_books\node_modules\jsdom\lib\jsdom\living\events\EventTarget-impl.js:350:25)
    at invokeEventListeners (C:\Users\Admin\graceful_books\node_modules\jsdom\lib\jsdom\living\events\EventTarget-impl.js:286:3)
Error: Uncaught [Error: useCPGSettingsContext must be used within a CPGSettingsProvider]
    at reportException (C:\Users\Admin\graceful_books\node_modules\jsdom\lib\jsdom\living\helpers\runtime-script-errors.js:66:24)
    at innerInvokeEventListeners (C:\Users\Admin\graceful_books\node_modules\jsdom\lib\jsdom\living\events\EventTarget-impl.js:353:9)
    at invokeEventListeners (C:\Users\Admin\graceful_books\node_modules\jsdom\lib\jsdom\living\events\EventTarget-impl.js:286:3)
    at HTMLUnknownElementImpl._dispatch (C:\Users\Admin\graceful_books\node_modules\jsdom\lib\jsdom\living\events\EventTarget-impl.js:233:9)
    at HTMLUnknownElementImpl.dispatchEvent (C:\Users\Admin\graceful_books\node_modules\jsdom\lib\jsdom\living\events\EventTarget-impl.js:104:17)
    at HTMLUnknownElement.dispatchEvent (C:\Users\Admin\graceful_books\node_modules\jsdom\lib\jsdom\living\generated\EventTarget.js:241:34)
    at Object.invokeGuardedCallbackDev (C:\Users\Admin\graceful_books\node_modules\react-dom\cjs\react-dom.development.js:4213:16)
    at invokeGuardedCallback (C:\Users\Admin\graceful_books\node_modules\react-dom\cjs\react-dom.development.js:4277:31)
    at beginWork$1 (C:\Users\Admin\graceful_books\node_modules\react-dom\cjs\react-dom.development.js:27490:7)
    at performUnitOfWork (C:\Users\Admin\graceful_books\node_modules\react-dom\cjs\react-dom.development.js:26599:12) Error: useCPGSettingsContext must be used within a CPGSettingsProvider
    at useCPGSettingsContext (C:/Users/Admin/graceful_books/src/contexts/CPGSettingsContext.tsx:166:11)
    at useCPGSettings (C:/Users/Admin/graceful_books/src/hooks/useCPGSettings.ts:12:10)
    at DistributionResultsDisplay (C:/Users/Admin/graceful_books/src/components/cpg/DistributionResultsDisplay.tsx:72:48)
    at renderWithHooks (C:\Users\Admin\graceful_books\node_modules\react-dom\cjs\react-dom.development.js:15486:18)
    at mountIndeterminateComponent (C:\Users\Admin\graceful_books\node_modules\react-dom\cjs\react-dom.development.js:20103:13)
    at beginWork (C:\Users\Admin\graceful_books\node_modules\react-dom\cjs\react-dom.development.js:21626:16)
    at HTMLUnknownElement.callCallback (C:\Users\Admin\graceful_books\node_modules\react-dom\cjs\react-dom.development.js:4164:14)
    at HTMLUnknownElement.callTheUserObjectsOperation (C:\Users\Admin\graceful_books\node_modules\jsdom\lib\jsdom\living\generated\EventListener.js:26:30)
    at innerInvokeEventListeners (C:\Users\Admin\graceful_books\node_modules\jsdom\lib\jsdom\living\events\EventTarget-impl.js:350:25)
    at invokeEventListeners (C:\Users\Admin\graceful_books\node_modules\jsdom\lib\jsdom\living\events\EventTarget-impl.js:286:3)
Error: Uncaught [Error: useCPGSettingsContext must be used within a CPGSettingsProvider]
    at reportException (C:\Users\Admin\graceful_books\node_modules\jsdom\lib\jsdom\living\helpers\runtime-script-errors.js:66:24)
    at innerInvokeEventListeners (C:\Users\Admin\graceful_books\node_modules\jsdom\lib\jsdom\living\events\EventTarget-impl.js:353:9)
    at invokeEventListeners (C:\Users\Admin\graceful_books\node_modules\jsdom\lib\jsdom\living\events\EventTarget-impl.js:286:3)
    at HTMLUnknownElementImpl._dispatch (C:\Users\Admin\graceful_books\node_modules\jsdom\lib\jsdom\living\events\EventTarget-impl.js:233:9)
    at HTMLUnknownElementImpl.dispatchEvent (C:\Users\Admin\graceful_books\node_modules\jsdom\lib\jsdom\living\events\EventTarget-impl.js:104:17)
    at HTMLUnknownElement.dispatchEvent (C:\Users\Admin\graceful_books\node_modules\jsdom\lib\jsdom\living\generated\EventTarget.js:241:34)
    at Object.invokeGuardedCallbackDev (C:\Users\Admin\graceful_books\node_modules\react-dom\cjs\react-dom.development.js:4213:16)
    at invokeGuardedCallback (C:\Users\Admin\graceful_books\node_modules\react-dom\cjs\react-dom.development.js:4277:31)
    at beginWork$1 (C:\Users\Admin\graceful_books\node_modules\react-dom\cjs\react-dom.development.js:27490:7)
    at performUnitOfWork (C:\Users\Admin\graceful_books\node_modules\react-dom\cjs\react-dom.development.js:26599:12) Error: useCPGSettingsContext must be used within a CPGSettingsProvider
    at useCPGSettingsContext (C:/Users/Admin/graceful_books/src/contexts/CPGSettingsContext.tsx:166:11)
    at useCPGSettings (C:/Users/Admin/graceful_books/src/hooks/useCPGSettings.ts:12:10)
    at DistributionResultsDisplay (C:/Users/Admin/graceful_books/src/components/cpg/DistributionResultsDisplay.tsx:72:48)
    at renderWithHooks (C:\Users\Admin\graceful_books\node_modules\react-dom\cjs\react-dom.development.js:15486:18)
    at mountIndeterminateComponent (C:\Users\Admin\graceful_books\node_modules\react-dom\cjs\react-dom.development.js:20103:13)
    at beginWork (C:\Users\Admin\graceful_books\node_modules\react-dom\cjs\react-dom.development.js:21626:16)
    at HTMLUnknownElement.callCallback (C:\Users\Admin\graceful_books\node_modules\react-dom\cjs\react-dom.development.js:4164:14)
    at HTMLUnknownElement.callTheUserObjectsOperation (C:\Users\Admin\graceful_books\node_modules\jsdom\lib\jsdom\living\generated\EventListener.js:26:30)
    at innerInvokeEventListeners (C:\Users\Admin\graceful_books\node_modules\jsdom\lib\jsdom\living\events\EventTarget-impl.js:350:25)
    at invokeEventListeners (C:\Users\Admin\graceful_books\node_modules\jsdom\lib\jsdom\living\events\EventTarget-impl.js:286:3)
Error: Uncaught [Error: useCPGSettingsContext must be used within a CPGSettingsProvider]
    at reportException (C:\Users\Admin\graceful_books\node_modules\jsdom\lib\jsdom\living\helpers\runtime-script-errors.js:66:24)
    at innerInvokeEventListeners (C:\Users\Admin\graceful_books\node_modules\jsdom\lib\jsdom\living\events\EventTarget-impl.js:353:9)
    at invokeEventListeners (C:\Users\Admin\graceful_books\node_modules\jsdom\lib\jsdom\living\events\EventTarget-impl.js:286:3)
    at HTMLUnknownElementImpl._dispatch (C:\Users\Admin\graceful_books\node_modules\jsdom\lib\jsdom\living\events\EventTarget-impl.js:233:9)
    at HTMLUnknownElementImpl.dispatchEvent (C:\Users\Admin\graceful_books\node_modules\jsdom\lib\jsdom\living\events\EventTarget-impl.js:104:17)
    at HTMLUnknownElement.dispatchEvent (C:\Users\Admin\graceful_books\node_modules\jsdom\lib\jsdom\living\generated\EventTarget.js:241:34)
    at Object.invokeGuardedCallbackDev (C:\Users\Admin\graceful_books\node_modules\react-dom\cjs\react-dom.development.js:4213:16)
    at invokeGuardedCallback (C:\Users\Admin\graceful_books\node_modules\react-dom\cjs\react-dom.development.js:4277:31)
    at beginWork$1 (C:\Users\Admin\graceful_books\node_modules\react-dom\cjs\react-dom.development.js:27490:7)
    at performUnitOfWork (C:\Users\Admin\graceful_books\node_modules\react-dom\cjs\react-dom.development.js:26599:12) Error: useCPGSettingsContext must be used within a CPGSettingsProvider
    at useCPGSettingsContext (C:/Users/Admin/graceful_books/src/contexts/CPGSettingsContext.tsx:166:11)
    at useCPGSettings (C:/Users/Admin/graceful_books/src/hooks/useCPGSettings.ts:12:10)
    at DistributionResultsDisplay (C:/Users/Admin/graceful_books/src/components/cpg/DistributionResultsDisplay.tsx:72:48)
    at renderWithHooks (C:\Users\Admin\graceful_books\node_modules\react-dom\cjs\react-dom.development.js:15486:18)
    at mountIndeterminateComponent (C:\Users\Admin\graceful_books\node_modules\react-dom\cjs\react-dom.development.js:20103:13)
    at beginWork (C:\Users\Admin\graceful_books\node_modules\react-dom\cjs\react-dom.development.js:21626:16)
    at HTMLUnknownElement.callCallback (C:\Users\Admin\graceful_books\node_modules\react-dom\cjs\react-dom.development.js:4164:14)
    at HTMLUnknownElement.callTheUserObjectsOperation (C:\Users\Admin\graceful_books\node_modules\jsdom\lib\jsdom\living\generated\EventListener.js:26:30)
    at innerInvokeEventListeners (C:\Users\Admin\graceful_books\node_modules\jsdom\lib\jsdom\living\events\EventTarget-impl.js:350:25)
    at invokeEventListeners (C:\Users\Admin\graceful_books\node_modules\jsdom\lib\jsdom\living\events\EventTarget-impl.js:286:3)
Error: Uncaught [Error: useCPGSettingsContext must be used within a CPGSettingsProvider]
    at reportException (C:\Users\Admin\graceful_books\node_modules\jsdom\lib\jsdom\living\helpers\runtime-script-errors.js:66:24)
    at innerInvokeEventListeners (C:\Users\Admin\graceful_books\node_modules\jsdom\lib\jsdom\living\events\EventTarget-impl.js:353:9)
    at invokeEventListeners (C:\Users\Admin\graceful_books\node_modules\jsdom\lib\jsdom\living\events\EventTarget-impl.js:286:3)
    at HTMLUnknownElementImpl._dispatch (C:\Users\Admin\graceful_books\node_modules\jsdom\lib\jsdom\living\events\EventTarget-impl.js:233:9)
    at HTMLUnknownElementImpl.dispatchEvent (C:\Users\Admin\graceful_books\node_modules\jsdom\lib\jsdom\living\events\EventTarget-impl.js:104:17)
    at HTMLUnknownElement.dispatchEvent (C:\Users\Admin\graceful_books\node_modules\jsdom\lib\jsdom\living\generated\EventTarget.js:241:34)
    at Object.invokeGuardedCallbackDev (C:\Users\Admin\graceful_books\node_modules\react-dom\cjs\react-dom.development.js:4213:16)
    at invokeGuardedCallback (C:\Users\Admin\graceful_books\node_modules\react-dom\cjs\react-dom.development.js:4277:31)
    at beginWork$1 (C:\Users\Admin\graceful_books\node_modules\react-dom\cjs\react-dom.development.js:27490:7)
    at performUnitOfWork (C:\Users\Admin\graceful_books\node_modules\react-dom\cjs\react-dom.development.js:26599:12) Error: useCPGSettingsContext must be used within a CPGSettingsProvider
    at useCPGSettingsContext (C:/Users/Admin/graceful_books/src/contexts/CPGSettingsContext.tsx:166:11)
    at useCPGSettings (C:/Users/Admin/graceful_books/src/hooks/useCPGSettings.ts:12:10)
    at DistributionResultsDisplay (C:/Users/Admin/graceful_books/src/components/cpg/DistributionResultsDisplay.tsx:72:48)
    at renderWithHooks (C:\Users\Admin\graceful_books\node_modules\react-dom\cjs\react-dom.development.js:15486:18)
    at mountIndeterminateComponent (C:\Users\Admin\graceful_books\node_modules\react-dom\cjs\react-dom.development.js:20103:13)
    at beginWork (C:\Users\Admin\graceful_books\node_modules\react-dom\cjs\react-dom.development.js:21626:16)
    at HTMLUnknownElement.callCallback (C:\Users\Admin\graceful_books\node_modules\react-dom\cjs\react-dom.development.js:4164:14)
    at HTMLUnknownElement.callTheUserObjectsOperation (C:\Users\Admin\graceful_books\node_modules\jsdom\lib\jsdom\living\generated\EventListener.js:26:30)
    at innerInvokeEventListeners (C:\Users\Admin\graceful_books\node_modules\jsdom\lib\jsdom\living\events\EventTarget-impl.js:350:25)
    at invokeEventListeners (C:\Users\Admin\graceful_books\node_modules\jsdom\lib\jsdom\living\events\EventTarget-impl.js:286:3)
Error: Uncaught [Error: useCPGSettingsContext must be used within a CPGSettingsProvider]
    at reportException (C:\Users\Admin\graceful_books\node_modules\jsdom\lib\jsdom\living\helpers\runtime-script-errors.js:66:24)
    at innerInvokeEventListeners (C:\Users\Admin\graceful_books\node_modules\jsdom\lib\jsdom\living\events\EventTarget-impl.js:353:9)
    at invokeEventListeners (C:\Users\Admin\graceful_books\node_modules\jsdom\lib\jsdom\living\events\EventTarget-impl.js:286:3)
    at HTMLUnknownElementImpl._dispatch (C:\Users\Admin\graceful_books\node_modules\jsdom\lib\jsdom\living\events\EventTarget-impl.js:233:9)
    at HTMLUnknownElementImpl.dispatchEvent (C:\Users\Admin\graceful_books\node_modules\jsdom\lib\jsdom\living\events\EventTarget-impl.js:104:17)
    at HTMLUnknownElement.dispatchEvent (C:\Users\Admin\graceful_books\node_modules\jsdom\lib\jsdom\living\generated\EventTarget.js:241:34)
    at Object.invokeGuardedCallbackDev (C:\Users\Admin\graceful_books\node_modules\react-dom\cjs\react-dom.development.js:4213:16)
    at invokeGuardedCallback (C:\Users\Admin\graceful_books\node_modules\react-dom\cjs\react-dom.development.js:4277:31)
    at beginWork$1 (C:\Users\Admin\graceful_books\node_modules\react-dom\cjs\react-dom.development.js:27490:7)
    at performUnitOfWork (C:\Users\Admin\graceful_books\node_modules\react-dom\cjs\react-dom.development.js:26599:12) Error: useCPGSettingsContext must be used within a CPGSettingsProvider
    at useCPGSettingsContext (C:/Users/Admin/graceful_books/src/contexts/CPGSettingsContext.tsx:166:11)
    at useCPGSettings (C:/Users/Admin/graceful_books/src/hooks/useCPGSettings.ts:12:10)
    at DistributionResultsDisplay (C:/Users/Admin/graceful_books/src/components/cpg/DistributionResultsDisplay.tsx:72:48)
    at renderWithHooks (C:\Users\Admin\graceful_books\node_modules\react-dom\cjs\react-dom.development.js:15486:18)
    at mountIndeterminateComponent (C:\Users\Admin\graceful_books\node_modules\react-dom\cjs\react-dom.development.js:20103:13)
    at beginWork (C:\Users\Admin\graceful_books\node_modules\react-dom\cjs\react-dom.development.js:21626:16)
    at HTMLUnknownElement.callCallback (C:\Users\Admin\graceful_books\node_modules\react-dom\cjs\react-dom.development.js:4164:14)
    at HTMLUnknownElement.callTheUserObjectsOperation (C:\Users\Admin\graceful_books\node_modules\jsdom\lib\jsdom\living\generated\EventListener.js:26:30)
    at innerInvokeEventListeners (C:\Users\Admin\graceful_books\node_modules\jsdom\lib\jsdom\living\events\EventTarget-impl.js:350:25)
    at invokeEventListeners (C:\Users\Admin\graceful_books\node_modules\jsdom\lib\jsdom\living\events\EventTarget-impl.js:286:3)
Error: Uncaught [Error: useCPGSettingsContext must be used within a CPGSettingsProvider]
    at reportException (C:\Users\Admin\graceful_books\node_modules\jsdom\lib\jsdom\living\helpers\runtime-script-errors.js:66:24)
    at innerInvokeEventListeners (C:\Users\Admin\graceful_books\node_modules\jsdom\lib\jsdom\living\events\EventTarget-impl.js:353:9)
    at invokeEventListeners (C:\Users\Admin\graceful_books\node_modules\jsdom\lib\jsdom\living\events\EventTarget-impl.js:286:3)
    at HTMLUnknownElementImpl._dispatch (C:\Users\Admin\graceful_books\node_modules\jsdom\lib\jsdom\living\events\EventTarget-impl.js:233:9)
    at HTMLUnknownElementImpl.dispatchEvent (C:\Users\Admin\graceful_books\node_modules\jsdom\lib\jsdom\living\events\EventTarget-impl.js:104:17)
    at HTMLUnknownElement.dispatchEvent (C:\Users\Admin\graceful_books\node_modules\jsdom\lib\jsdom\living\generated\EventTarget.js:241:34)
    at Object.invokeGuardedCallbackDev (C:\Users\Admin\graceful_books\node_modules\react-dom\cjs\react-dom.development.js:4213:16)
    at invokeGuardedCallback (C:\Users\Admin\graceful_books\node_modules\react-dom\cjs\react-dom.development.js:4277:31)
    at beginWork$1 (C:\Users\Admin\graceful_books\node_modules\react-dom\cjs\react-dom.development.js:27490:7)
    at performUnitOfWork (C:\Users\Admin\graceful_books\node_modules\react-dom\cjs\react-dom.development.js:26599:12) Error: useCPGSettingsContext must be used within a CPGSettingsProvider
    at useCPGSettingsContext (C:/Users/Admin/graceful_books/src/contexts/CPGSettingsContext.tsx:166:11)
    at useCPGSettings (C:/Users/Admin/graceful_books/src/hooks/useCPGSettings.ts:12:10)
    at DistributionResultsDisplay (C:/Users/Admin/graceful_books/src/components/cpg/DistributionResultsDisplay.tsx:72:48)
    at renderWithHooks (C:\Users\Admin\graceful_books\node_modules\react-dom\cjs\react-dom.development.js:15486:18)
    at mountIndeterminateComponent (C:\Users\Admin\graceful_books\node_modules\react-dom\cjs\react-dom.development.js:20103:13)
    at beginWork (C:\Users\Admin\graceful_books\node_modules\react-dom\cjs\react-dom.development.js:21626:16)
    at HTMLUnknownElement.callCallback (C:\Users\Admin\graceful_books\node_modules\react-dom\cjs\react-dom.development.js:4164:14)
    at HTMLUnknownElement.callTheUserObjectsOperation (C:\Users\Admin\graceful_books\node_modules\jsdom\lib\jsdom\living\generated\EventListener.js:26:30)
    at innerInvokeEventListeners (C:\Users\Admin\graceful_books\node_modules\jsdom\lib\jsdom\living\events\EventTarget-impl.js:350:25)
    at invokeEventListeners (C:\Users\Admin\graceful_books\node_modules\jsdom\lib\jsdom\living\events\EventTarget-impl.js:286:3)
Error: Uncaught [Error: useCPGSettingsContext must be used within a CPGSettingsProvider]
    at reportException (C:\Users\Admin\graceful_books\node_modules\jsdom\lib\jsdom\living\helpers\runtime-script-errors.js:66:24)
    at innerInvokeEventListeners (C:\Users\Admin\graceful_books\node_modules\jsdom\lib\jsdom\living\events\EventTarget-impl.js:353:9)
    at invokeEventListeners (C:\Users\Admin\graceful_books\node_modules\jsdom\lib\jsdom\living\events\EventTarget-impl.js:286:3)
    at HTMLUnknownElementImpl._dispatch (C:\Users\Admin\graceful_books\node_modules\jsdom\lib\jsdom\living\events\EventTarget-impl.js:233:9)
    at HTMLUnknownElementImpl.dispatchEvent (C:\Users\Admin\graceful_books\node_modules\jsdom\lib\jsdom\living\events\EventTarget-impl.js:104:17)
    at HTMLUnknownElement.dispatchEvent (C:\Users\Admin\graceful_books\node_modules\jsdom\lib\jsdom\living\generated\EventTarget.js:241:34)
    at Object.invokeGuardedCallbackDev (C:\Users\Admin\graceful_books\node_modules\react-dom\cjs\react-dom.development.js:4213:16)
    at invokeGuardedCallback (C:\Users\Admin\graceful_books\node_modules\react-dom\cjs\react-dom.development.js:4277:31)
    at beginWork$1 (C:\Users\Admin\graceful_books\node_modules\react-dom\cjs\react-dom.development.js:27490:7)
    at performUnitOfWork (C:\Users\Admin\graceful_books\node_modules\react-dom\cjs\react-dom.development.js:26599:12) Error: useCPGSettingsContext must be used within a CPGSettingsProvider
    at useCPGSettingsContext (C:/Users/Admin/graceful_books/src/contexts/CPGSettingsContext.tsx:166:11)
    at useCPGSettings (C:/Users/Admin/graceful_books/src/hooks/useCPGSettings.ts:12:10)
    at DistributionResultsDisplay (C:/Users/Admin/graceful_books/src/components/cpg/DistributionResultsDisplay.tsx:72:48)
    at renderWithHooks (C:\Users\Admin\graceful_books\node_modules\react-dom\cjs\react-dom.development.js:15486:18)
    at mountIndeterminateComponent (C:\Users\Admin\graceful_books\node_modules\react-dom\cjs\react-dom.development.js:20103:13)
    at beginWork (C:\Users\Admin\graceful_books\node_modules\react-dom\cjs\react-dom.development.js:21626:16)
    at HTMLUnknownElement.callCallback (C:\Users\Admin\graceful_books\node_modules\react-dom\cjs\react-dom.development.js:4164:14)
    at HTMLUnknownElement.callTheUserObjectsOperation (C:\Users\Admin\graceful_books\node_modules\jsdom\lib\jsdom\living\generated\EventListener.js:26:30)
    at innerInvokeEventListeners (C:\Users\Admin\graceful_books\node_modules\jsdom\lib\jsdom\living\events\EventTarget-impl.js:350:25)
    at invokeEventListeners (C:\Users\Admin\graceful_books\node_modules\jsdom\lib\jsdom\living\events\EventTarget-impl.js:286:3)
Error: Uncaught [Error: useCPGSettingsContext must be used within a CPGSettingsProvider]
    at reportException (C:\Users\Admin\graceful_books\node_modules\jsdom\lib\jsdom\living\helpers\runtime-script-errors.js:66:24)
    at innerInvokeEventListeners (C:\Users\Admin\graceful_books\node_modules\jsdom\lib\jsdom\living\events\EventTarget-impl.js:353:9)
    at invokeEventListeners (C:\Users\Admin\graceful_books\node_modules\jsdom\lib\jsdom\living\events\EventTarget-impl.js:286:3)
    at HTMLUnknownElementImpl._dispatch (C:\Users\Admin\graceful_books\node_modules\jsdom\lib\jsdom\living\events\EventTarget-impl.js:233:9)
    at HTMLUnknownElementImpl.dispatchEvent (C:\Users\Admin\graceful_books\node_modules\jsdom\lib\jsdom\living\events\EventTarget-impl.js:104:17)
    at HTMLUnknownElement.dispatchEvent (C:\Users\Admin\graceful_books\node_modules\jsdom\lib\jsdom\living\generated\EventTarget.js:241:34)
    at Object.invokeGuardedCallbackDev (C:\Users\Admin\graceful_books\node_modules\react-dom\cjs\react-dom.development.js:4213:16)
    at invokeGuardedCallback (C:\Users\Admin\graceful_books\node_modules\react-dom\cjs\react-dom.development.js:4277:31)
    at beginWork$1 (C:\Users\Admin\graceful_books\node_modules\react-dom\cjs\react-dom.development.js:27490:7)
    at performUnitOfWork (C:\Users\Admin\graceful_books\node_modules\react-dom\cjs\react-dom.development.js:26599:12) Error: useCPGSettingsContext must be used within a CPGSettingsProvider
    at useCPGSettingsContext (C:/Users/Admin/graceful_books/src/contexts/CPGSettingsContext.tsx:166:11)
    at useCPGSettings (C:/Users/Admin/graceful_books/src/hooks/useCPGSettings.ts:12:10)
    at DistributionResultsDisplay (C:/Users/Admin/graceful_books/src/components/cpg/DistributionResultsDisplay.tsx:72:48)
    at renderWithHooks (C:\Users\Admin\graceful_books\node_modules\react-dom\cjs\react-dom.development.js:15486:18)
    at mountIndeterminateComponent (C:\Users\Admin\graceful_books\node_modules\react-dom\cjs\react-dom.development.js:20103:13)
    at beginWork (C:\Users\Admin\graceful_books\node_modules\react-dom\cjs\react-dom.development.js:21626:16)
    at HTMLUnknownElement.callCallback (C:\Users\Admin\graceful_books\node_modules\react-dom\cjs\react-dom.development.js:4164:14)
    at HTMLUnknownElement.callTheUserObjectsOperation (C:\Users\Admin\graceful_books\node_modules\jsdom\lib\jsdom\living\generated\EventListener.js:26:30)
    at innerInvokeEventListeners (C:\Users\Admin\graceful_books\node_modules\jsdom\lib\jsdom\living\events\EventTarget-impl.js:350:25)
    at invokeEventListeners (C:\Users\Admin\graceful_books\node_modules\jsdom\lib\jsdom\living\events\EventTarget-impl.js:286:3)
Error: Uncaught [Error: useCPGSettingsContext must be used within a CPGSettingsProvider]
    at reportException (C:\Users\Admin\graceful_books\node_modules\jsdom\lib\jsdom\living\helpers\runtime-script-errors.js:66:24)
    at innerInvokeEventListeners (C:\Users\Admin\graceful_books\node_modules\jsdom\lib\jsdom\living\events\EventTarget-impl.js:353:9)
    at invokeEventListeners (C:\Users\Admin\graceful_books\node_modules\jsdom\lib\jsdom\living\events\EventTarget-impl.js:286:3)
    at HTMLUnknownElementImpl._dispatch (C:\Users\Admin\graceful_books\node_modules\jsdom\lib\jsdom\living\events\EventTarget-impl.js:233:9)
    at HTMLUnknownElementImpl.dispatchEvent (C:\Users\Admin\graceful_books\node_modules\jsdom\lib\jsdom\living\events\EventTarget-impl.js:104:17)
    at HTMLUnknownElement.dispatchEvent (C:\Users\Admin\graceful_books\node_modules\jsdom\lib\jsdom\living\generated\EventTarget.js:241:34)
    at Object.invokeGuardedCallbackDev (C:\Users\Admin\graceful_books\node_modules\react-dom\cjs\react-dom.development.js:4213:16)
    at invokeGuardedCallback (C:\Users\Admin\graceful_books\node_modules\react-dom\cjs\react-dom.development.js:4277:31)
    at beginWork$1 (C:\Users\Admin\graceful_books\node_modules\react-dom\cjs\react-dom.development.js:27490:7)
    at performUnitOfWork (C:\Users\Admin\graceful_books\node_modules\react-dom\cjs\react-dom.development.js:26599:12) Error: useCPGSettingsContext must be used within a CPGSettingsProvider
    at useCPGSettingsContext (C:/Users/Admin/graceful_books/src/contexts/CPGSettingsContext.tsx:166:11)
    at useCPGSettings (C:/Users/Admin/graceful_books/src/hooks/useCPGSettings.ts:12:10)
    at DistributionResultsDisplay (C:/Users/Admin/graceful_books/src/components/cpg/DistributionResultsDisplay.tsx:72:48)
    at renderWithHooks (C:\Users\Admin\graceful_books\node_modules\react-dom\cjs\react-dom.development.js:15486:18)
    at mountIndeterminateComponent (C:\Users\Admin\graceful_books\node_modules\react-dom\cjs\react-dom.development.js:20103:13)
    at beginWork (C:\Users\Admin\graceful_books\node_modules\react-dom\cjs\react-dom.development.js:21626:16)
    at HTMLUnknownElement.callCallback (C:\Users\Admin\graceful_books\node_modules\react-dom\cjs\react-dom.development.js:4164:14)
    at HTMLUnknownElement.callTheUserObjectsOperation (C:\Users\Admin\graceful_books\node_modules\jsdom\lib\jsdom\living\generated\EventListener.js:26:30)
    at innerInvokeEventListeners (C:\Users\Admin\graceful_books\node_modules\jsdom\lib\jsdom\living\events\EventTarget-impl.js:350:25)
    at invokeEventListeners (C:\Users\Admin\graceful_books\node_modules\jsdom\lib\jsdom\living\events\EventTarget-impl.js:286:3)
stderr | src/components/cpg/DistributionResultsDisplay.test.tsx > DistributionResultsDisplay > Rendering > renders total distribution cost
The above error occurred in the <DistributionResultsDisplay> component:

    at DistributionResultsDisplay (C:/Users/Admin/graceful_books/src/components/cpg/DistributionResultsDisplay.tsx:10:3)

Consider adding an error boundary to your tree to customize error handling behavior.
Visit https://reactjs.org/link/error-boundaries to learn more about error boundaries.

stderr | src/components/cpg/DistributionResultsDisplay.test.tsx > DistributionResultsDisplay > Rendering > renders distribution cost per unit
The above error occurred in the <DistributionResultsDisplay> component:

    at DistributionResultsDisplay (C:/Users/Admin/graceful_books/src/components/cpg/DistributionResultsDisplay.tsx:10:3)

Consider adding an error boundary to your tree to customize error handling behavior.
Visit https://reactjs.org/link/error-boundaries to learn more about error boundaries.

stderr | src/components/cpg/DistributionResultsDisplay.test.tsx > DistributionResultsDisplay > Variant Results > renders all variant results
The above error occurred in the <DistributionResultsDisplay> component:

    at DistributionResultsDisplay (C:/Users/Admin/graceful_books/src/components/cpg/DistributionResultsDisplay.tsx:10:3)

Consider adding an error boundary to your tree to customize error handling behavior.
Visit https://reactjs.org/link/error-boundaries to learn more about error boundaries.

stderr | src/components/cpg/DistributionResultsDisplay.test.tsx > DistributionResultsDisplay > Variant Results > renders total CPU for each variant
The above error occurred in the <DistributionResultsDisplay> component:

    at DistributionResultsDisplay (C:/Users/Admin/graceful_books/src/components/cpg/DistributionResultsDisplay.tsx:10:3)

Consider adding an error boundary to your tree to customize error handling behavior.
Visit https://reactjs.org/link/error-boundaries to learn more about error boundaries.

stderr | src/components/cpg/DistributionResultsDisplay.test.tsx > DistributionResultsDisplay > Variant Results > renders profit margins for each variant
The above error occurred in the <DistributionResultsDisplay> component:

    at DistributionResultsDisplay (C:/Users/Admin/graceful_books/src/components/cpg/DistributionResultsDisplay.tsx:10:3)

Consider adding an error boundary to your tree to customize error handling behavior.
Visit https://reactjs.org/link/error-boundaries to learn more about error boundaries.

stderr | src/components/cpg/DistributionResultsDisplay.test.tsx > DistributionResultsDisplay > Variant Results > renders MSRP when available
The above error occurred in the <DistributionResultsDisplay> component:

    at DistributionResultsDisplay (C:/Users/Admin/graceful_books/src/components/cpg/DistributionResultsDisplay.tsx:10:3)

Consider adding an error boundary to your tree to customize error handling behavior.
Visit https://reactjs.org/link/error-boundaries to learn more about error boundaries.

Error: Uncaught [Error: useCPGSettingsContext must be used within a CPGSettingsProvider]
    at reportException (C:\Users\Admin\graceful_books\node_modules\jsdom\lib\jsdom\living\helpers\runtime-script-errors.js:66:24)
    at innerInvokeEventListeners (C:\Users\Admin\graceful_books\node_modules\jsdom\lib\jsdom\living\events\EventTarget-impl.js:353:9)
    at invokeEventListeners (C:\Users\Admin\graceful_books\node_modules\jsdom\lib\jsdom\living\events\EventTarget-impl.js:286:3)
    at HTMLUnknownElementImpl._dispatch (C:\Users\Admin\graceful_books\node_modules\jsdom\lib\jsdom\living\events\EventTarget-impl.js:233:9)
    at HTMLUnknownElementImpl.dispatchEvent (C:\Users\Admin\graceful_books\node_modules\jsdom\lib\jsdom\living\events\EventTarget-impl.js:104:17)
    at HTMLUnknownElement.dispatchEvent (C:\Users\Admin\graceful_books\node_modules\jsdom\lib\jsdom\living\generated\EventTarget.js:241:34)
    at Object.invokeGuardedCallbackDev (C:\Users\Admin\graceful_books\node_modules\react-dom\cjs\react-dom.development.js:4213:16)
    at invokeGuardedCallback (C:\Users\Admin\graceful_books\node_modules\react-dom\cjs\react-dom.development.js:4277:31)
    at beginWork$1 (C:\Users\Admin\graceful_books\node_modules\react-dom\cjs\react-dom.development.js:27490:7)
    at performUnitOfWork (C:\Users\Admin\graceful_books\node_modules\react-dom\cjs\react-dom.development.js:26599:12) Error: useCPGSettingsContext must be used within a CPGSettingsProvider
    at useCPGSettingsContext (C:/Users/Admin/graceful_books/src/contexts/CPGSettingsContext.tsx:166:11)
    at useCPGSettings (C:/Users/Admin/graceful_books/src/hooks/useCPGSettings.ts:12:10)
    at DistributionResultsDisplay (C:/Users/Admin/graceful_books/src/components/cpg/DistributionResultsDisplay.tsx:72:48)
    at renderWithHooks (C:\Users\Admin\graceful_books\node_modules\react-dom\cjs\react-dom.development.js:15486:18)
    at mountIndeterminateComponent (C:\Users\Admin\graceful_books\node_modules\react-dom\cjs\react-dom.development.js:20103:13)
    at beginWork (C:\Users\Admin\graceful_books\node_modules\react-dom\cjs\react-dom.development.js:21626:16)
    at HTMLUnknownElement.callCallback (C:\Users\Admin\graceful_books\node_modules\react-dom\cjs\react-dom.development.js:4164:14)
    at HTMLUnknownElement.callTheUserObjectsOperation (C:\Users\Admin\graceful_books\node_modules\jsdom\lib\jsdom\living\generated\EventListener.js:26:30)
    at innerInvokeEventListeners (C:\Users\Admin\graceful_books\node_modules\jsdom\lib\jsdom\living\events\EventTarget-impl.js:350:25)
    at invokeEventListeners (C:\Users\Admin\graceful_books\node_modules\jsdom\lib\jsdom\living\events\EventTarget-impl.js:286:3)
Error: Uncaught [Error: useCPGSettingsContext must be used within a CPGSettingsProvider]
    at reportException (C:\Users\Admin\graceful_books\node_modules\jsdom\lib\jsdom\living\helpers\runtime-script-errors.js:66:24)
    at innerInvokeEventListeners (C:\Users\Admin\graceful_books\node_modules\jsdom\lib\jsdom\living\events\EventTarget-impl.js:353:9)
    at invokeEventListeners (C:\Users\Admin\graceful_books\node_modules\jsdom\lib\jsdom\living\events\EventTarget-impl.js:286:3)
    at HTMLUnknownElementImpl._dispatch (C:\Users\Admin\graceful_books\node_modules\jsdom\lib\jsdom\living\events\EventTarget-impl.js:233:9)
    at HTMLUnknownElementImpl.dispatchEvent (C:\Users\Admin\graceful_books\node_modules\jsdom\lib\jsdom\living\events\EventTarget-impl.js:104:17)
    at HTMLUnknownElement.dispatchEvent (C:\Users\Admin\graceful_books\node_modules\jsdom\lib\jsdom\living\generated\EventTarget.js:241:34)
    at Object.invokeGuardedCallbackDev (C:\Users\Admin\graceful_books\node_modules\react-dom\cjs\react-dom.development.js:4213:16)
    at invokeGuardedCallback (C:\Users\Admin\graceful_books\node_modules\react-dom\cjs\react-dom.development.js:4277:31)
    at beginWork$1 (C:\Users\Admin\graceful_books\node_modules\react-dom\cjs\react-dom.development.js:27490:7)
    at performUnitOfWork (C:\Users\Admin\graceful_books\node_modules\react-dom\cjs\react-dom.development.js:26599:12) Error: useCPGSettingsContext must be used within a CPGSettingsProvider
    at useCPGSettingsContext (C:/Users/Admin/graceful_books/src/contexts/CPGSettingsContext.tsx:166:11)
    at useCPGSettings (C:/Users/Admin/graceful_books/src/hooks/useCPGSettings.ts:12:10)
    at DistributionResultsDisplay (C:/Users/Admin/graceful_books/src/components/cpg/DistributionResultsDisplay.tsx:72:48)
    at renderWithHooks (C:\Users\Admin\graceful_books\node_modules\react-dom\cjs\react-dom.development.js:15486:18)
    at mountIndeterminateComponent (C:\Users\Admin\graceful_books\node_modules\react-dom\cjs\react-dom.development.js:20103:13)
    at beginWork (C:\Users\Admin\graceful_books\node_modules\react-dom\cjs\react-dom.development.js:21626:16)
    at HTMLUnknownElement.callCallback (C:\Users\Admin\graceful_books\node_modules\react-dom\cjs\react-dom.development.js:4164:14)
    at HTMLUnknownElement.callTheUserObjectsOperation (C:\Users\Admin\graceful_books\node_modules\jsdom\lib\jsdom\living\generated\EventListener.js:26:30)
    at innerInvokeEventListeners (C:\Users\Admin\graceful_books\node_modules\jsdom\lib\jsdom\living\events\EventTarget-impl.js:350:25)
    at invokeEventListeners (C:\Users\Admin\graceful_books\node_modules\jsdom\lib\jsdom\living\events\EventTarget-impl.js:286:3)
stderr | src/components/cpg/DistributionResultsDisplay.test.tsx > DistributionResultsDisplay > Variant Results > renders margin quality badges
The above error occurred in the <DistributionResultsDisplay> component:

    at DistributionResultsDisplay (C:/Users/Admin/graceful_books/src/components/cpg/DistributionResultsDisplay.tsx:10:3)

Consider adding an error boundary to your tree to customize error handling behavior.
Visit https://reactjs.org/link/error-boundaries to learn more about error boundaries.

stderr | src/components/cpg/DistributionResultsDisplay.test.tsx > DistributionResultsDisplay > Fee Breakdown > renders fee breakdown table
The above error occurred in the <DistributionResultsDisplay> component:

    at DistributionResultsDisplay (C:/Users/Admin/graceful_books/src/components/cpg/DistributionResultsDisplay.tsx:10:3)

Consider adding an error boundary to your tree to customize error handling behavior.
Visit https://reactjs.org/link/error-boundaries to learn more about error boundaries.

stderr | src/components/cpg/DistributionResultsDisplay.test.tsx > DistributionResultsDisplay > Fee Breakdown > renders all fees with amounts
The above error occurred in the <DistributionResultsDisplay> component:

    at DistributionResultsDisplay (C:/Users/Admin/graceful_books/src/components/cpg/DistributionResultsDisplay.tsx:10:3)

Consider adding an error boundary to your tree to customize error handling behavior.
Visit https://reactjs.org/link/error-boundaries to learn more about error boundaries.

stderr | src/components/cpg/DistributionResultsDisplay.test.tsx > DistributionResultsDisplay > Fee Breakdown > renders total in fee breakdown
The above error occurred in the <DistributionResultsDisplay> component:

    at DistributionResultsDisplay (C:/Users/Admin/graceful_books/src/components/cpg/DistributionResultsDisplay.tsx:10:3)

Consider adding an error boundary to your tree to customize error handling behavior.
Visit https://reactjs.org/link/error-boundaries to learn more about error boundaries.

stderr | src/components/cpg/DistributionResultsDisplay.test.tsx > DistributionResultsDisplay > Fee Breakdown > shows empty state when no fees selected
The above error occurred in the <DistributionResultsDisplay> component:

    at DistributionResultsDisplay (C:/Users/Admin/graceful_books/src/components/cpg/DistributionResultsDisplay.tsx:10:3)

Consider adding an error boundary to your tree to customize error handling behavior.
Visit https://reactjs.org/link/error-boundaries to learn more about error boundaries.

stderr | src/components/cpg/DistributionResultsDisplay.test.tsx > DistributionResultsDisplay > Save Button > renders save button when showSaveButton is true
The above error occurred in the <DistributionResultsDisplay> component:

    at DistributionResultsDisplay (C:/Users/Admin/graceful_books/src/components/cpg/DistributionResultsDisplay.tsx:10:3)

Consider adding an error boundary to your tree to customize error handling behavior.
Visit https://reactjs.org/link/error-boundaries to learn more about error boundaries.

stderr | src/components/cpg/DistributionResultsDisplay.test.tsx > DistributionResultsDisplay > Save Button > does not render save button when showSaveButton is false
The above error occurred in the <DistributionResultsDisplay> component:

    at DistributionResultsDisplay (C:/Users/Admin/graceful_books/src/components/cpg/DistributionResultsDisplay.tsx:10:3)

Consider adding an error boundary to your tree to customize error handling behavior.
Visit https://reactjs.org/link/error-boundaries to learn more about error boundaries.

stderr | src/components/cpg/DistributionResultsDisplay.test.tsx > DistributionResultsDisplay > Save Button > calls onSave when save button is clicked
The above error occurred in the <DistributionResultsDisplay> component:

    at DistributionResultsDisplay (C:/Users/Admin/graceful_books/src/components/cpg/DistributionResultsDisplay.tsx:10:3)

Consider adding an error boundary to your tree to customize error handling behavior.
Visit https://reactjs.org/link/error-boundaries to learn more about error boundaries.

stderr | src/components/cpg/DistributionResultsDisplay.test.tsx > DistributionResultsDisplay > Save Button > disables save button when saving
The above error occurred in the <DistributionResultsDisplay> component:

    at DistributionResultsDisplay (C:/Users/Admin/graceful_books/src/components/cpg/DistributionResultsDisplay.tsx:10:3)

Consider adding an error boundary to your tree to customize error handling behavior.
Visit https://reactjs.org/link/error-boundaries to learn more about error boundaries.

stderr | src/components/cpg/DistributionResultsDisplay.test.tsx > DistributionResultsDisplay > Accessibility > has proper heading hierarchy
The above error occurred in the <DistributionResultsDisplay> component:

    at DistributionResultsDisplay (C:/Users/Admin/graceful_books/src/components/cpg/DistributionResultsDisplay.tsx:10:3)

Consider adding an error boundary to your tree to customize error handling behavior.
Visit https://reactjs.org/link/error-boundaries to learn more about error boundaries.

stderr | src/components/cpg/DistributionResultsDisplay.test.tsx > DistributionResultsDisplay > Accessibility > renders variant names as headings
The above error occurred in the <DistributionResultsDisplay> component:

    at DistributionResultsDisplay (C:/Users/Admin/graceful_books/src/components/cpg/DistributionResultsDisplay.tsx:10:3)

Consider adding an error boundary to your tree to customize error handling behavior.
Visit https://reactjs.org/link/error-boundaries to learn more about error boundaries.

 ❯ src/components/cpg/DistributionResultsDisplay.test.tsx (18 tests | 18 failed) 406ms
       × renders results title and description 93ms
       × renders total distribution cost 12ms
       × renders distribution cost per unit 22ms
       × renders all variant results 11ms
       × renders total CPU for each variant 12ms
       × renders profit margins for each variant 21ms
       × renders MSRP when available 9ms
       × renders margin quality badges 13ms
       × renders fee breakdown table 14ms
       × renders all fees with amounts 24ms
       × renders total in fee breakdown 10ms
       × shows empty state when no fees selected 7ms
       × renders save button when showSaveButton is true 29ms
       × does not render save button when showSaveButton is false 87ms
       × calls onSave when save button is clicked 8ms
       × disables save button when saving 8ms
       × has proper heading hierarchy 8ms
       × renders variant names as headings 7ms
 ❯ src/components/charity/CharitySelector.test.tsx (20 tests | 7 failed) 7565ms
       × should render header with title and description 1044ms
       × should render category filters when showFilters is true 1040ms
       × should show confirmation message when charity is selected 1019ms
       × should filter by category when category button is clicked 399ms
       × should show all charities when "All Charities" is clicked 312ms
       × should have proper button roles for filters 1063ms
       × should announce charity selection status 1032ms
Error: Uncaught [Error: useCPGSettingsContext must be used within a CPGSettingsProvider]
    at reportException (C:\Users\Admin\graceful_books\node_modules\jsdom\lib\jsdom\living\helpers\runtime-script-errors.js:66:24)
    at innerInvokeEventListeners (C:\Users\Admin\graceful_books\node_modules\jsdom\lib\jsdom\living\events\EventTarget-impl.js:353:9)
    at invokeEventListeners (C:\Users\Admin\graceful_books\node_modules\jsdom\lib\jsdom\living\events\EventTarget-impl.js:286:3)
    at HTMLUnknownElementImpl._dispatch (C:\Users\Admin\graceful_books\node_modules\jsdom\lib\jsdom\living\events\EventTarget-impl.js:233:9)
    at HTMLUnknownElementImpl.dispatchEvent (C:\Users\Admin\graceful_books\node_modules\jsdom\lib\jsdom\living\events\EventTarget-impl.js:104:17)
    at HTMLUnknownElement.dispatchEvent (C:\Users\Admin\graceful_books\node_modules\jsdom\lib\jsdom\living\generated\EventTarget.js:241:34)
    at Object.invokeGuardedCallbackDev (C:\Users\Admin\graceful_books\node_modules\react-dom\cjs\react-dom.development.js:4213:16)
    at invokeGuardedCallback (C:\Users\Admin\graceful_books\node_modules\react-dom\cjs\react-dom.development.js:4277:31)
    at beginWork$1 (C:\Users\Admin\graceful_books\node_modules\react-dom\cjs\react-dom.development.js:27490:7)
    at performUnitOfWork (C:\Users\Admin\graceful_books\node_modules\react-dom\cjs\react-dom.development.js:26599:12) Error: useCPGSettingsContext must be used within a CPGSettingsProvider
    at useCPGSettingsContext (C:/Users/Admin/graceful_books/src/contexts/CPGSettingsContext.tsx:166:11)
    at useCPGSettings (C:/Users/Admin/graceful_books/src/hooks/useCPGSettings.ts:12:10)
    at PromoComparison (C:/Users/Admin/graceful_books/src/components/cpg/PromoComparison.tsx:72:48)
    at renderWithHooks (C:\Users\Admin\graceful_books\node_modules\react-dom\cjs\react-dom.development.js:15486:18)
    at mountIndeterminateComponent (C:\Users\Admin\graceful_books\node_modules\react-dom\cjs\react-dom.development.js:20103:13)
    at beginWork (C:\Users\Admin\graceful_books\node_modules\react-dom\cjs\react-dom.development.js:21626:16)
    at HTMLUnknownElement.callCallback (C:\Users\Admin\graceful_books\node_modules\react-dom\cjs\react-dom.development.js:4164:14)
    at HTMLUnknownElement.callTheUserObjectsOperation (C:\Users\Admin\graceful_books\node_modules\jsdom\lib\jsdom\living\generated\EventListener.js:26:30)
    at innerInvokeEventListeners (C:\Users\Admin\graceful_books\node_modules\jsdom\lib\jsdom\living\events\EventTarget-impl.js:350:25)
    at invokeEventListeners (C:\Users\Admin\graceful_books\node_modules\jsdom\lib\jsdom\living\events\EventTarget-impl.js:286:3)
Error: Uncaught [Error: useCPGSettingsContext must be used within a CPGSettingsProvider]
    at reportException (C:\Users\Admin\graceful_books\node_modules\jsdom\lib\jsdom\living\helpers\runtime-script-errors.js:66:24)
    at innerInvokeEventListeners (C:\Users\Admin\graceful_books\node_modules\jsdom\lib\jsdom\living\events\EventTarget-impl.js:353:9)
    at invokeEventListeners (C:\Users\Admin\graceful_books\node_modules\jsdom\lib\jsdom\living\events\EventTarget-impl.js:286:3)
    at HTMLUnknownElementImpl._dispatch (C:\Users\Admin\graceful_books\node_modules\jsdom\lib\jsdom\living\events\EventTarget-impl.js:233:9)
    at HTMLUnknownElementImpl.dispatchEvent (C:\Users\Admin\graceful_books\node_modules\jsdom\lib\jsdom\living\events\EventTarget-impl.js:104:17)
    at HTMLUnknownElement.dispatchEvent (C:\Users\Admin\graceful_books\node_modules\jsdom\lib\jsdom\living\generated\EventTarget.js:241:34)
    at Object.invokeGuardedCallbackDev (C:\Users\Admin\graceful_books\node_modules\react-dom\cjs\react-dom.development.js:4213:16)
    at invokeGuardedCallback (C:\Users\Admin\graceful_books\node_modules\react-dom\cjs\react-dom.development.js:4277:31)
    at beginWork$1 (C:\Users\Admin\graceful_books\node_modules\react-dom\cjs\react-dom.development.js:27490:7)
    at performUnitOfWork (C:\Users\Admin\graceful_books\node_modules\react-dom\cjs\react-dom.development.js:26599:12) Error: useCPGSettingsContext must be used within a CPGSettingsProvider
    at useCPGSettingsContext (C:/Users/Admin/graceful_books/src/contexts/CPGSettingsContext.tsx:166:11)
    at useCPGSettings (C:/Users/Admin/graceful_books/src/hooks/useCPGSettings.ts:12:10)
    at PromoComparison (C:/Users/Admin/graceful_books/src/components/cpg/PromoComparison.tsx:72:48)
    at renderWithHooks (C:\Users\Admin\graceful_books\node_modules\react-dom\cjs\react-dom.development.js:15486:18)
    at mountIndeterminateComponent (C:\Users\Admin\graceful_books\node_modules\react-dom\cjs\react-dom.development.js:20103:13)
    at beginWork (C:\Users\Admin\graceful_books\node_modules\react-dom\cjs\react-dom.development.js:21626:16)
    at HTMLUnknownElement.callCallback (C:\Users\Admin\graceful_books\node_modules\react-dom\cjs\react-dom.development.js:4164:14)
    at HTMLUnknownElement.callTheUserObjectsOperation (C:\Users\Admin\graceful_books\node_modules\jsdom\lib\jsdom\living\generated\EventListener.js:26:30)
    at innerInvokeEventListeners (C:\Users\Admin\graceful_books\node_modules\jsdom\lib\jsdom\living\events\EventTarget-impl.js:350:25)
    at invokeEventListeners (C:\Users\Admin\graceful_books\node_modules\jsdom\lib\jsdom\living\events\EventTarget-impl.js:286:3)
Error: Uncaught [Error: useCPGSettingsContext must be used within a CPGSettingsProvider]
    at reportException (C:\Users\Admin\graceful_books\node_modules\jsdom\lib\jsdom\living\helpers\runtime-script-errors.js:66:24)
    at innerInvokeEventListeners (C:\Users\Admin\graceful_books\node_modules\jsdom\lib\jsdom\living\events\EventTarget-impl.js:353:9)
    at invokeEventListeners (C:\Users\Admin\graceful_books\node_modules\jsdom\lib\jsdom\living\events\EventTarget-impl.js:286:3)
    at HTMLUnknownElementImpl._dispatch (C:\Users\Admin\graceful_books\node_modules\jsdom\lib\jsdom\living\events\EventTarget-impl.js:233:9)
    at HTMLUnknownElementImpl.dispatchEvent (C:\Users\Admin\graceful_books\node_modules\jsdom\lib\jsdom\living\events\EventTarget-impl.js:104:17)
    at HTMLUnknownElement.dispatchEvent (C:\Users\Admin\graceful_books\node_modules\jsdom\lib\jsdom\living\generated\EventTarget.js:241:34)
    at Object.invokeGuardedCallbackDev (C:\Users\Admin\graceful_books\node_modules\react-dom\cjs\react-dom.development.js:4213:16)
    at invokeGuardedCallback (C:\Users\Admin\graceful_books\node_modules\react-dom\cjs\react-dom.development.js:4277:31)
    at beginWork$1 (C:\Users\Admin\graceful_books\node_modules\react-dom\cjs\react-dom.development.js:27490:7)
    at performUnitOfWork (C:\Users\Admin\graceful_books\node_modules\react-dom\cjs\react-dom.development.js:26599:12) Error: useCPGSettingsContext must be used within a CPGSettingsProvider
    at useCPGSettingsContext (C:/Users/Admin/graceful_books/src/contexts/CPGSettingsContext.tsx:166:11)
    at useCPGSettings (C:/Users/Admin/graceful_books/src/hooks/useCPGSettings.ts:12:10)
    at PromoComparison (C:/Users/Admin/graceful_books/src/components/cpg/PromoComparison.tsx:72:48)
    at renderWithHooks (C:\Users\Admin\graceful_books\node_modules\react-dom\cjs\react-dom.development.js:15486:18)
    at mountIndeterminateComponent (C:\Users\Admin\graceful_books\node_modules\react-dom\cjs\react-dom.development.js:20103:13)
    at beginWork (C:\Users\Admin\graceful_books\node_modules\react-dom\cjs\react-dom.development.js:21626:16)
    at HTMLUnknownElement.callCallback (C:\Users\Admin\graceful_books\node_modules\react-dom\cjs\react-dom.development.js:4164:14)
    at HTMLUnknownElement.callTheUserObjectsOperation (C:\Users\Admin\graceful_books\node_modules\jsdom\lib\jsdom\living\generated\EventListener.js:26:30)
    at innerInvokeEventListeners (C:\Users\Admin\graceful_books\node_modules\jsdom\lib\jsdom\living\events\EventTarget-impl.js:350:25)
    at invokeEventListeners (C:\Users\Admin\graceful_books\node_modules\jsdom\lib\jsdom\living\events\EventTarget-impl.js:286:3)
Error: Uncaught [Error: useCPGSettingsContext must be used within a CPGSettingsProvider]
    at reportException (C:\Users\Admin\graceful_books\node_modules\jsdom\lib\jsdom\living\helpers\runtime-script-errors.js:66:24)
    at innerInvokeEventListeners (C:\Users\Admin\graceful_books\node_modules\jsdom\lib\jsdom\living\events\EventTarget-impl.js:353:9)
    at invokeEventListeners (C:\Users\Admin\graceful_books\node_modules\jsdom\lib\jsdom\living\events\EventTarget-impl.js:286:3)
    at HTMLUnknownElementImpl._dispatch (C:\Users\Admin\graceful_books\node_modules\jsdom\lib\jsdom\living\events\EventTarget-impl.js:233:9)
    at HTMLUnknownElementImpl.dispatchEvent (C:\Users\Admin\graceful_books\node_modules\jsdom\lib\jsdom\living\events\EventTarget-impl.js:104:17)
    at HTMLUnknownElement.dispatchEvent (C:\Users\Admin\graceful_books\node_modules\jsdom\lib\jsdom\living\generated\EventTarget.js:241:34)
    at Object.invokeGuardedCallbackDev (C:\Users\Admin\graceful_books\node_modules\react-dom\cjs\react-dom.development.js:4213:16)
    at invokeGuardedCallback (C:\Users\Admin\graceful_books\node_modules\react-dom\cjs\react-dom.development.js:4277:31)
    at beginWork$1 (C:\Users\Admin\graceful_books\node_modules\react-dom\cjs\react-dom.development.js:27490:7)
    at performUnitOfWork (C:\Users\Admin\graceful_books\node_modules\react-dom\cjs\react-dom.development.js:26599:12) Error: useCPGSettingsContext must be used within a CPGSettingsProvider
    at useCPGSettingsContext (C:/Users/Admin/graceful_books/src/contexts/CPGSettingsContext.tsx:166:11)
    at useCPGSettings (C:/Users/Admin/graceful_books/src/hooks/useCPGSettings.ts:12:10)
    at PromoComparison (C:/Users/Admin/graceful_books/src/components/cpg/PromoComparison.tsx:72:48)
    at renderWithHooks (C:\Users\Admin\graceful_books\node_modules\react-dom\cjs\react-dom.development.js:15486:18)
    at mountIndeterminateComponent (C:\Users\Admin\graceful_books\node_modules\react-dom\cjs\react-dom.development.js:20103:13)
    at beginWork (C:\Users\Admin\graceful_books\node_modules\react-dom\cjs\react-dom.development.js:21626:16)
    at HTMLUnknownElement.callCallback (C:\Users\Admin\graceful_books\node_modules\react-dom\cjs\react-dom.development.js:4164:14)
    at HTMLUnknownElement.callTheUserObjectsOperation (C:\Users\Admin\graceful_books\node_modules\jsdom\lib\jsdom\living\generated\EventListener.js:26:30)
    at innerInvokeEventListeners (C:\Users\Admin\graceful_books\node_modules\jsdom\lib\jsdom\living\events\EventTarget-impl.js:350:25)
    at invokeEventListeners (C:\Users\Admin\graceful_books\node_modules\jsdom\lib\jsdom\living\events\EventTarget-impl.js:286:3)
Error: Uncaught [Error: useCPGSettingsContext must be used within a CPGSettingsProvider]
    at reportException (C:\Users\Admin\graceful_books\node_modules\jsdom\lib\jsdom\living\helpers\runtime-script-errors.js:66:24)
    at innerInvokeEventListeners (C:\Users\Admin\graceful_books\node_modules\jsdom\lib\jsdom\living\events\EventTarget-impl.js:353:9)
    at invokeEventListeners (C:\Users\Admin\graceful_books\node_modules\jsdom\lib\jsdom\living\events\EventTarget-impl.js:286:3)
    at HTMLUnknownElementImpl._dispatch (C:\Users\Admin\graceful_books\node_modules\jsdom\lib\jsdom\living\events\EventTarget-impl.js:233:9)
    at HTMLUnknownElementImpl.dispatchEvent (C:\Users\Admin\graceful_books\node_modules\jsdom\lib\jsdom\living\events\EventTarget-impl.js:104:17)
    at HTMLUnknownElement.dispatchEvent (C:\Users\Admin\graceful_books\node_modules\jsdom\lib\jsdom\living\generated\EventTarget.js:241:34)
    at Object.invokeGuardedCallbackDev (C:\Users\Admin\graceful_books\node_modules\react-dom\cjs\react-dom.development.js:4213:16)
    at invokeGuardedCallback (C:\Users\Admin\graceful_books\node_modules\react-dom\cjs\react-dom.development.js:4277:31)
    at beginWork$1 (C:\Users\Admin\graceful_books\node_modules\react-dom\cjs\react-dom.development.js:27490:7)
    at performUnitOfWork (C:\Users\Admin\graceful_books\node_modules\react-dom\cjs\react-dom.development.js:26599:12) Error: useCPGSettingsContext must be used within a CPGSettingsProvider
    at useCPGSettingsContext (C:/Users/Admin/graceful_books/src/contexts/CPGSettingsContext.tsx:166:11)
    at useCPGSettings (C:/Users/Admin/graceful_books/src/hooks/useCPGSettings.ts:12:10)
    at PromoComparison (C:/Users/Admin/graceful_books/src/components/cpg/PromoComparison.tsx:72:48)
    at renderWithHooks (C:\Users\Admin\graceful_books\node_modules\react-dom\cjs\react-dom.development.js:15486:18)
    at mountIndeterminateComponent (C:\Users\Admin\graceful_books\node_modules\react-dom\cjs\react-dom.development.js:20103:13)
    at beginWork (C:\Users\Admin\graceful_books\node_modules\react-dom\cjs\react-dom.development.js:21626:16)
    at HTMLUnknownElement.callCallback (C:\Users\Admin\graceful_books\node_modules\react-dom\cjs\react-dom.development.js:4164:14)
    at HTMLUnknownElement.callTheUserObjectsOperation (C:\Users\Admin\graceful_books\node_modules\jsdom\lib\jsdom\living\generated\EventListener.js:26:30)
    at innerInvokeEventListeners (C:\Users\Admin\graceful_books\node_modules\jsdom\lib\jsdom\living\events\EventTarget-impl.js:350:25)
    at invokeEventListeners (C:\Users\Admin\graceful_books\node_modules\jsdom\lib\jsdom\living\events\EventTarget-impl.js:286:3)
Error: Uncaught [Error: useCPGSettingsContext must be used within a CPGSettingsProvider]
    at reportException (C:\Users\Admin\graceful_books\node_modules\jsdom\lib\jsdom\living\helpers\runtime-script-errors.js:66:24)
    at innerInvokeEventListeners (C:\Users\Admin\graceful_books\node_modules\jsdom\lib\jsdom\living\events\EventTarget-impl.js:353:9)
    at invokeEventListeners (C:\Users\Admin\graceful_books\node_modules\jsdom\lib\jsdom\living\events\EventTarget-impl.js:286:3)
    at HTMLUnknownElementImpl._dispatch (C:\Users\Admin\graceful_books\node_modules\jsdom\lib\jsdom\living\events\EventTarget-impl.js:233:9)
    at HTMLUnknownElementImpl.dispatchEvent (C:\Users\Admin\graceful_books\node_modules\jsdom\lib\jsdom\living\events\EventTarget-impl.js:104:17)
    at HTMLUnknownElement.dispatchEvent (C:\Users\Admin\graceful_books\node_modules\jsdom\lib\jsdom\living\generated\EventTarget.js:241:34)
    at Object.invokeGuardedCallbackDev (C:\Users\Admin\graceful_books\node_modules\react-dom\cjs\react-dom.development.js:4213:16)
    at invokeGuardedCallback (C:\Users\Admin\graceful_books\node_modules\react-dom\cjs\react-dom.development.js:4277:31)
    at beginWork$1 (C:\Users\Admin\graceful_books\node_modules\react-dom\cjs\react-dom.development.js:27490:7)
    at performUnitOfWork (C:\Users\Admin\graceful_books\node_modules\react-dom\cjs\react-dom.development.js:26599:12) Error: useCPGSettingsContext must be used within a CPGSettingsProvider
    at useCPGSettingsContext (C:/Users/Admin/graceful_books/src/contexts/CPGSettingsContext.tsx:166:11)
    at useCPGSettings (C:/Users/Admin/graceful_books/src/hooks/useCPGSettings.ts:12:10)
    at PromoComparison (C:/Users/Admin/graceful_books/src/components/cpg/PromoComparison.tsx:72:48)
    at renderWithHooks (C:\Users\Admin\graceful_books\node_modules\react-dom\cjs\react-dom.development.js:15486:18)
    at mountIndeterminateComponent (C:\Users\Admin\graceful_books\node_modules\react-dom\cjs\react-dom.development.js:20103:13)
    at beginWork (C:\Users\Admin\graceful_books\node_modules\react-dom\cjs\react-dom.development.js:21626:16)
    at HTMLUnknownElement.callCallback (C:\Users\Admin\graceful_books\node_modules\react-dom\cjs\react-dom.development.js:4164:14)
    at HTMLUnknownElement.callTheUserObjectsOperation (C:\Users\Admin\graceful_books\node_modules\jsdom\lib\jsdom\living\generated\EventListener.js:26:30)
    at innerInvokeEventListeners (C:\Users\Admin\graceful_books\node_modules\jsdom\lib\jsdom\living\events\EventTarget-impl.js:350:25)
    at invokeEventListeners (C:\Users\Admin\graceful_books\node_modules\jsdom\lib\jsdom\living\events\EventTarget-impl.js:286:3)
Error: Uncaught [Error: useCPGSettingsContext must be used within a CPGSettingsProvider]
    at reportException (C:\Users\Admin\graceful_books\node_modules\jsdom\lib\jsdom\living\helpers\runtime-script-errors.js:66:24)
    at innerInvokeEventListeners (C:\Users\Admin\graceful_books\node_modules\jsdom\lib\jsdom\living\events\EventTarget-impl.js:353:9)
    at invokeEventListeners (C:\Users\Admin\graceful_books\node_modules\jsdom\lib\jsdom\living\events\EventTarget-impl.js:286:3)
    at HTMLUnknownElementImpl._dispatch (C:\Users\Admin\graceful_books\node_modules\jsdom\lib\jsdom\living\events\EventTarget-impl.js:233:9)
    at HTMLUnknownElementImpl.dispatchEvent (C:\Users\Admin\graceful_books\node_modules\jsdom\lib\jsdom\living\events\EventTarget-impl.js:104:17)
    at HTMLUnknownElement.dispatchEvent (C:\Users\Admin\graceful_books\node_modules\jsdom\lib\jsdom\living\generated\EventTarget.js:241:34)
    at Object.invokeGuardedCallbackDev (C:\Users\Admin\graceful_books\node_modules\react-dom\cjs\react-dom.development.js:4213:16)
    at invokeGuardedCallback (C:\Users\Admin\graceful_books\node_modules\react-dom\cjs\react-dom.development.js:4277:31)
    at beginWork$1 (C:\Users\Admin\graceful_books\node_modules\react-dom\cjs\react-dom.development.js:27490:7)
    at performUnitOfWork (C:\Users\Admin\graceful_books\node_modules\react-dom\cjs\react-dom.development.js:26599:12) Error: useCPGSettingsContext must be used within a CPGSettingsProvider
    at useCPGSettingsContext (C:/Users/Admin/graceful_books/src/contexts/CPGSettingsContext.tsx:166:11)
    at useCPGSettings (C:/Users/Admin/graceful_books/src/hooks/useCPGSettings.ts:12:10)
    at PromoComparison (C:/Users/Admin/graceful_books/src/components/cpg/PromoComparison.tsx:72:48)
    at renderWithHooks (C:\Users\Admin\graceful_books\node_modules\react-dom\cjs\react-dom.development.js:15486:18)
    at mountIndeterminateComponent (C:\Users\Admin\graceful_books\node_modules\react-dom\cjs\react-dom.development.js:20103:13)
    at beginWork (C:\Users\Admin\graceful_books\node_modules\react-dom\cjs\react-dom.development.js:21626:16)
    at HTMLUnknownElement.callCallback (C:\Users\Admin\graceful_books\node_modules\react-dom\cjs\react-dom.development.js:4164:14)
    at HTMLUnknownElement.callTheUserObjectsOperation (C:\Users\Admin\graceful_books\node_modules\jsdom\lib\jsdom\living\generated\EventListener.js:26:30)
    at innerInvokeEventListeners (C:\Users\Admin\graceful_books\node_modules\jsdom\lib\jsdom\living\events\EventTarget-impl.js:350:25)
    at invokeEventListeners (C:\Users\Admin\graceful_books\node_modules\jsdom\lib\jsdom\living\events\EventTarget-impl.js:286:3)
Error: Uncaught [Error: useCPGSettingsContext must be used within a CPGSettingsProvider]
    at reportException (C:\Users\Admin\graceful_books\node_modules\jsdom\lib\jsdom\living\helpers\runtime-script-errors.js:66:24)
    at innerInvokeEventListeners (C:\Users\Admin\graceful_books\node_modules\jsdom\lib\jsdom\living\events\EventTarget-impl.js:353:9)
    at invokeEventListeners (C:\Users\Admin\graceful_books\node_modules\jsdom\lib\jsdom\living\events\EventTarget-impl.js:286:3)
    at HTMLUnknownElementImpl._dispatch (C:\Users\Admin\graceful_books\node_modules\jsdom\lib\jsdom\living\events\EventTarget-impl.js:233:9)
    at HTMLUnknownElementImpl.dispatchEvent (C:\Users\Admin\graceful_books\node_modules\jsdom\lib\jsdom\living\events\EventTarget-impl.js:104:17)
    at HTMLUnknownElement.dispatchEvent (C:\Users\Admin\graceful_books\node_modules\jsdom\lib\jsdom\living\generated\EventTarget.js:241:34)
    at Object.invokeGuardedCallbackDev (C:\Users\Admin\graceful_books\node_modules\react-dom\cjs\react-dom.development.js:4213:16)
    at invokeGuardedCallback (C:\Users\Admin\graceful_books\node_modules\react-dom\cjs\react-dom.development.js:4277:31)
    at beginWork$1 (C:\Users\Admin\graceful_books\node_modules\react-dom\cjs\react-dom.development.js:27490:7)
    at performUnitOfWork (C:\Users\Admin\graceful_books\node_modules\react-dom\cjs\react-dom.development.js:26599:12) Error: useCPGSettingsContext must be used within a CPGSettingsProvider
    at useCPGSettingsContext (C:/Users/Admin/graceful_books/src/contexts/CPGSettingsContext.tsx:166:11)
    at useCPGSettings (C:/Users/Admin/graceful_books/src/hooks/useCPGSettings.ts:12:10)
    at PromoComparison (C:/Users/Admin/graceful_books/src/components/cpg/PromoComparison.tsx:72:48)
    at renderWithHooks (C:\Users\Admin\graceful_books\node_modules\react-dom\cjs\react-dom.development.js:15486:18)
    at mountIndeterminateComponent (C:\Users\Admin\graceful_books\node_modules\react-dom\cjs\react-dom.development.js:20103:13)
    at beginWork (C:\Users\Admin\graceful_books\node_modules\react-dom\cjs\react-dom.development.js:21626:16)
    at HTMLUnknownElement.callCallback (C:\Users\Admin\graceful_books\node_modules\react-dom\cjs\react-dom.development.js:4164:14)
    at HTMLUnknownElement.callTheUserObjectsOperation (C:\Users\Admin\graceful_books\node_modules\jsdom\lib\jsdom\living\generated\EventListener.js:26:30)
    at innerInvokeEventListeners (C:\Users\Admin\graceful_books\node_modules\jsdom\lib\jsdom\living\events\EventTarget-impl.js:350:25)
    at invokeEventListeners (C:\Users\Admin\graceful_books\node_modules\jsdom\lib\jsdom\living\events\EventTarget-impl.js:286:3)
Error: Uncaught [Error: useCPGSettingsContext must be used within a CPGSettingsProvider]
    at reportException (C:\Users\Admin\graceful_books\node_modules\jsdom\lib\jsdom\living\helpers\runtime-script-errors.js:66:24)
    at innerInvokeEventListeners (C:\Users\Admin\graceful_books\node_modules\jsdom\lib\jsdom\living\events\EventTarget-impl.js:353:9)
    at invokeEventListeners (C:\Users\Admin\graceful_books\node_modules\jsdom\lib\jsdom\living\events\EventTarget-impl.js:286:3)
    at HTMLUnknownElementImpl._dispatch (C:\Users\Admin\graceful_books\node_modules\jsdom\lib\jsdom\living\events\EventTarget-impl.js:233:9)
    at HTMLUnknownElementImpl.dispatchEvent (C:\Users\Admin\graceful_books\node_modules\jsdom\lib\jsdom\living\events\EventTarget-impl.js:104:17)
    at HTMLUnknownElement.dispatchEvent (C:\Users\Admin\graceful_books\node_modules\jsdom\lib\jsdom\living\generated\EventTarget.js:241:34)
    at Object.invokeGuardedCallbackDev (C:\Users\Admin\graceful_books\node_modules\react-dom\cjs\react-dom.development.js:4213:16)
    at invokeGuardedCallback (C:\Users\Admin\graceful_books\node_modules\react-dom\cjs\react-dom.development.js:4277:31)
    at beginWork$1 (C:\Users\Admin\graceful_books\node_modules\react-dom\cjs\react-dom.development.js:27490:7)
    at performUnitOfWork (C:\Users\Admin\graceful_books\node_modules\react-dom\cjs\react-dom.development.js:26599:12) Error: useCPGSettingsContext must be used within a CPGSettingsProvider
    at useCPGSettingsContext (C:/Users/Admin/graceful_books/src/contexts/CPGSettingsContext.tsx:166:11)
    at useCPGSettings (C:/Users/Admin/graceful_books/src/hooks/useCPGSettings.ts:12:10)
    at PromoComparison (C:/Users/Admin/graceful_books/src/components/cpg/PromoComparison.tsx:72:48)
    at renderWithHooks (C:\Users\Admin\graceful_books\node_modules\react-dom\cjs\react-dom.development.js:15486:18)
    at mountIndeterminateComponent (C:\Users\Admin\graceful_books\node_modules\react-dom\cjs\react-dom.development.js:20103:13)
    at beginWork (C:\Users\Admin\graceful_books\node_modules\react-dom\cjs\react-dom.development.js:21626:16)
    at HTMLUnknownElement.callCallback (C:\Users\Admin\graceful_books\node_modules\react-dom\cjs\react-dom.development.js:4164:14)
    at HTMLUnknownElement.callTheUserObjectsOperation (C:\Users\Admin\graceful_books\node_modules\jsdom\lib\jsdom\living\generated\EventListener.js:26:30)
    at innerInvokeEventListeners (C:\Users\Admin\graceful_books\node_modules\jsdom\lib\jsdom\living\events\EventTarget-impl.js:350:25)
    at invokeEventListeners (C:\Users\Admin\graceful_books\node_modules\jsdom\lib\jsdom\living\events\EventTarget-impl.js:286:3)
Error: Uncaught [Error: useCPGSettingsContext must be used within a CPGSettingsProvider]
    at reportException (C:\Users\Admin\graceful_books\node_modules\jsdom\lib\jsdom\living\helpers\runtime-script-errors.js:66:24)
    at innerInvokeEventListeners (C:\Users\Admin\graceful_books\node_modules\jsdom\lib\jsdom\living\events\EventTarget-impl.js:353:9)
    at invokeEventListeners (C:\Users\Admin\graceful_books\node_modules\jsdom\lib\jsdom\living\events\EventTarget-impl.js:286:3)
    at HTMLUnknownElementImpl._dispatch (C:\Users\Admin\graceful_books\node_modules\jsdom\lib\jsdom\living\events\EventTarget-impl.js:233:9)
    at HTMLUnknownElementImpl.dispatchEvent (C:\Users\Admin\graceful_books\node_modules\jsdom\lib\jsdom\living\events\EventTarget-impl.js:104:17)
    at HTMLUnknownElement.dispatchEvent (C:\Users\Admin\graceful_books\node_modules\jsdom\lib\jsdom\living\generated\EventTarget.js:241:34)
    at Object.invokeGuardedCallbackDev (C:\Users\Admin\graceful_books\node_modules\react-dom\cjs\react-dom.development.js:4213:16)
    at invokeGuardedCallback (C:\Users\Admin\graceful_books\node_modules\react-dom\cjs\react-dom.development.js:4277:31)
    at beginWork$1 (C:\Users\Admin\graceful_books\node_modules\react-dom\cjs\react-dom.development.js:27490:7)
    at performUnitOfWork (C:\Users\Admin\graceful_books\node_modules\react-dom\cjs\react-dom.development.js:26599:12) Error: useCPGSettingsContext must be used within a CPGSettingsProvider
    at useCPGSettingsContext (C:/Users/Admin/graceful_books/src/contexts/CPGSettingsContext.tsx:166:11)
    at useCPGSettings (C:/Users/Admin/graceful_books/src/hooks/useCPGSettings.ts:12:10)
    at PromoComparison (C:/Users/Admin/graceful_books/src/components/cpg/PromoComparison.tsx:72:48)
    at renderWithHooks (C:\Users\Admin\graceful_books\node_modules\react-dom\cjs\react-dom.development.js:15486:18)
    at mountIndeterminateComponent (C:\Users\Admin\graceful_books\node_modules\react-dom\cjs\react-dom.development.js:20103:13)
    at beginWork (C:\Users\Admin\graceful_books\node_modules\react-dom\cjs\react-dom.development.js:21626:16)
    at HTMLUnknownElement.callCallback (C:\Users\Admin\graceful_books\node_modules\react-dom\cjs\react-dom.development.js:4164:14)
    at HTMLUnknownElement.callTheUserObjectsOperation (C:\Users\Admin\graceful_books\node_modules\jsdom\lib\jsdom\living\generated\EventListener.js:26:30)
    at innerInvokeEventListeners (C:\Users\Admin\graceful_books\node_modules\jsdom\lib\jsdom\living\events\EventTarget-impl.js:350:25)
    at invokeEventListeners (C:\Users\Admin\graceful_books\node_modules\jsdom\lib\jsdom\living\events\EventTarget-impl.js:286:3)
Error: Uncaught [Error: useCPGSettingsContext must be used within a CPGSettingsProvider]
    at reportException (C:\Users\Admin\graceful_books\node_modules\jsdom\lib\jsdom\living\helpers\runtime-script-errors.js:66:24)
    at innerInvokeEventListeners (C:\Users\Admin\graceful_books\node_modules\jsdom\lib\jsdom\living\events\EventTarget-impl.js:353:9)
    at invokeEventListeners (C:\Users\Admin\graceful_books\node_modules\jsdom\lib\jsdom\living\events\EventTarget-impl.js:286:3)
    at HTMLUnknownElementImpl._dispatch (C:\Users\Admin\graceful_books\node_modules\jsdom\lib\jsdom\living\events\EventTarget-impl.js:233:9)
    at HTMLUnknownElementImpl.dispatchEvent (C:\Users\Admin\graceful_books\node_modules\jsdom\lib\jsdom\living\events\EventTarget-impl.js:104:17)
    at HTMLUnknownElement.dispatchEvent (C:\Users\Admin\graceful_books\node_modules\jsdom\lib\jsdom\living\generated\EventTarget.js:241:34)
    at Object.invokeGuardedCallbackDev (C:\Users\Admin\graceful_books\node_modules\react-dom\cjs\react-dom.development.js:4213:16)
    at invokeGuardedCallback (C:\Users\Admin\graceful_books\node_modules\react-dom\cjs\react-dom.development.js:4277:31)
    at beginWork$1 (C:\Users\Admin\graceful_books\node_modules\react-dom\cjs\react-dom.development.js:27490:7)
    at performUnitOfWork (C:\Users\Admin\graceful_books\node_modules\react-dom\cjs\react-dom.development.js:26599:12) Error: useCPGSettingsContext must be used within a CPGSettingsProvider
    at useCPGSettingsContext (C:/Users/Admin/graceful_books/src/contexts/CPGSettingsContext.tsx:166:11)
    at useCPGSettings (C:/Users/Admin/graceful_books/src/hooks/useCPGSettings.ts:12:10)
    at PromoComparison (C:/Users/Admin/graceful_books/src/components/cpg/PromoComparison.tsx:72:48)
    at renderWithHooks (C:\Users\Admin\graceful_books\node_modules\react-dom\cjs\react-dom.development.js:15486:18)
    at mountIndeterminateComponent (C:\Users\Admin\graceful_books\node_modules\react-dom\cjs\react-dom.development.js:20103:13)
    at beginWork (C:\Users\Admin\graceful_books\node_modules\react-dom\cjs\react-dom.development.js:21626:16)
    at HTMLUnknownElement.callCallback (C:\Users\Admin\graceful_books\node_modules\react-dom\cjs\react-dom.development.js:4164:14)
    at HTMLUnknownElement.callTheUserObjectsOperation (C:\Users\Admin\graceful_books\node_modules\jsdom\lib\jsdom\living\generated\EventListener.js:26:30)
    at innerInvokeEventListeners (C:\Users\Admin\graceful_books\node_modules\jsdom\lib\jsdom\living\events\EventTarget-impl.js:350:25)
    at invokeEventListeners (C:\Users\Admin\graceful_books\node_modules\jsdom\lib\jsdom\living\events\EventTarget-impl.js:286:3)
Error: Uncaught [Error: useCPGSettingsContext must be used within a CPGSettingsProvider]
    at reportException (C:\Users\Admin\graceful_books\node_modules\jsdom\lib\jsdom\living\helpers\runtime-script-errors.js:66:24)
    at innerInvokeEventListeners (C:\Users\Admin\graceful_books\node_modules\jsdom\lib\jsdom\living\events\EventTarget-impl.js:353:9)
    at invokeEventListeners (C:\Users\Admin\graceful_books\node_modules\jsdom\lib\jsdom\living\events\EventTarget-impl.js:286:3)
    at HTMLUnknownElementImpl._dispatch (C:\Users\Admin\graceful_books\node_modules\jsdom\lib\jsdom\living\events\EventTarget-impl.js:233:9)
    at HTMLUnknownElementImpl.dispatchEvent (C:\Users\Admin\graceful_books\node_modules\jsdom\lib\jsdom\living\events\EventTarget-impl.js:104:17)
    at HTMLUnknownElement.dispatchEvent (C:\Users\Admin\graceful_books\node_modules\jsdom\lib\jsdom\living\generated\EventTarget.js:241:34)
    at Object.invokeGuardedCallbackDev (C:\Users\Admin\graceful_books\node_modules\react-dom\cjs\react-dom.development.js:4213:16)
    at invokeGuardedCallback (C:\Users\Admin\graceful_books\node_modules\react-dom\cjs\react-dom.development.js:4277:31)
    at beginWork$1 (C:\Users\Admin\graceful_books\node_modules\react-dom\cjs\react-dom.development.js:27490:7)
    at performUnitOfWork (C:\Users\Admin\graceful_books\node_modules\react-dom\cjs\react-dom.development.js:26599:12) Error: useCPGSettingsContext must be used within a CPGSettingsProvider
    at useCPGSettingsContext (C:/Users/Admin/graceful_books/src/contexts/CPGSettingsContext.tsx:166:11)
    at useCPGSettings (C:/Users/Admin/graceful_books/src/hooks/useCPGSettings.ts:12:10)
    at PromoComparison (C:/Users/Admin/graceful_books/src/components/cpg/PromoComparison.tsx:72:48)
    at renderWithHooks (C:\Users\Admin\graceful_books\node_modules\react-dom\cjs\react-dom.development.js:15486:18)
    at mountIndeterminateComponent (C:\Users\Admin\graceful_books\node_modules\react-dom\cjs\react-dom.development.js:20103:13)
    at beginWork (C:\Users\Admin\graceful_books\node_modules\react-dom\cjs\react-dom.development.js:21626:16)
    at HTMLUnknownElement.callCallback (C:\Users\Admin\graceful_books\node_modules\react-dom\cjs\react-dom.development.js:4164:14)
    at HTMLUnknownElement.callTheUserObjectsOperation (C:\Users\Admin\graceful_books\node_modules\jsdom\lib\jsdom\living\generated\EventListener.js:26:30)
    at innerInvokeEventListeners (C:\Users\Admin\graceful_books\node_modules\jsdom\lib\jsdom\living\events\EventTarget-impl.js:350:25)
    at invokeEventListeners (C:\Users\Admin\graceful_books\node_modules\jsdom\lib\jsdom\living\events\EventTarget-impl.js:286:3)
Error: Uncaught [Error: useCPGSettingsContext must be used within a CPGSettingsProvider]
    at reportException (C:\Users\Admin\graceful_books\node_modules\jsdom\lib\jsdom\living\helpers\runtime-script-errors.js:66:24)
    at innerInvokeEventListeners (C:\Users\Admin\graceful_books\node_modules\jsdom\lib\jsdom\living\events\EventTarget-impl.js:353:9)
    at invokeEventListeners (C:\Users\Admin\graceful_books\node_modules\jsdom\lib\jsdom\living\events\EventTarget-impl.js:286:3)
    at HTMLUnknownElementImpl._dispatch (C:\Users\Admin\graceful_books\node_modules\jsdom\lib\jsdom\living\events\EventTarget-impl.js:233:9)
    at HTMLUnknownElementImpl.dispatchEvent (C:\Users\Admin\graceful_books\node_modules\jsdom\lib\jsdom\living\events\EventTarget-impl.js:104:17)
    at HTMLUnknownElement.dispatchEvent (C:\Users\Admin\graceful_books\node_modules\jsdom\lib\jsdom\living\generated\EventTarget.js:241:34)
    at Object.invokeGuardedCallbackDev (C:\Users\Admin\graceful_books\node_modules\react-dom\cjs\react-dom.development.js:4213:16)
    at invokeGuardedCallback (C:\Users\Admin\graceful_books\node_modules\react-dom\cjs\react-dom.development.js:4277:31)
    at beginWork$1 (C:\Users\Admin\graceful_books\node_modules\react-dom\cjs\react-dom.development.js:27490:7)
    at performUnitOfWork (C:\Users\Admin\graceful_books\node_modules\react-dom\cjs\react-dom.development.js:26599:12) Error: useCPGSettingsContext must be used within a CPGSettingsProvider
    at useCPGSettingsContext (C:/Users/Admin/graceful_books/src/contexts/CPGSettingsContext.tsx:166:11)
    at useCPGSettings (C:/Users/Admin/graceful_books/src/hooks/useCPGSettings.ts:12:10)
    at PromoComparison (C:/Users/Admin/graceful_books/src/components/cpg/PromoComparison.tsx:72:48)
    at renderWithHooks (C:\Users\Admin\graceful_books\node_modules\react-dom\cjs\react-dom.development.js:15486:18)
    at mountIndeterminateComponent (C:\Users\Admin\graceful_books\node_modules\react-dom\cjs\react-dom.development.js:20103:13)
    at beginWork (C:\Users\Admin\graceful_books\node_modules\react-dom\cjs\react-dom.development.js:21626:16)
    at HTMLUnknownElement.callCallback (C:\Users\Admin\graceful_books\node_modules\react-dom\cjs\react-dom.development.js:4164:14)
    at HTMLUnknownElement.callTheUserObjectsOperation (C:\Users\Admin\graceful_books\node_modules\jsdom\lib\jsdom\living\generated\EventListener.js:26:30)
    at innerInvokeEventListeners (C:\Users\Admin\graceful_books\node_modules\jsdom\lib\jsdom\living\events\EventTarget-impl.js:350:25)
    at invokeEventListeners (C:\Users\Admin\graceful_books\node_modules\jsdom\lib\jsdom\living\events\EventTarget-impl.js:286:3)
Error: Uncaught [Error: useCPGSettingsContext must be used within a CPGSettingsProvider]
    at reportException (C:\Users\Admin\graceful_books\node_modules\jsdom\lib\jsdom\living\helpers\runtime-script-errors.js:66:24)
    at innerInvokeEventListeners (C:\Users\Admin\graceful_books\node_modules\jsdom\lib\jsdom\living\events\EventTarget-impl.js:353:9)
    at invokeEventListeners (C:\Users\Admin\graceful_books\node_modules\jsdom\lib\jsdom\living\events\EventTarget-impl.js:286:3)
    at HTMLUnknownElementImpl._dispatch (C:\Users\Admin\graceful_books\node_modules\jsdom\lib\jsdom\living\events\EventTarget-impl.js:233:9)
    at HTMLUnknownElementImpl.dispatchEvent (C:\Users\Admin\graceful_books\node_modules\jsdom\lib\jsdom\living\events\EventTarget-impl.js:104:17)
    at HTMLUnknownElement.dispatchEvent (C:\Users\Admin\graceful_books\node_modules\jsdom\lib\jsdom\living\generated\EventTarget.js:241:34)
    at Object.invokeGuardedCallbackDev (C:\Users\Admin\graceful_books\node_modules\react-dom\cjs\react-dom.development.js:4213:16)
    at invokeGuardedCallback (C:\Users\Admin\graceful_books\node_modules\react-dom\cjs\react-dom.development.js:4277:31)
    at beginWork$1 (C:\Users\Admin\graceful_books\node_modules\react-dom\cjs\react-dom.development.js:27490:7)
    at performUnitOfWork (C:\Users\Admin\graceful_books\node_modules\react-dom\cjs\react-dom.development.js:26599:12) Error: useCPGSettingsContext must be used within a CPGSettingsProvider
    at useCPGSettingsContext (C:/Users/Admin/graceful_books/src/contexts/CPGSettingsContext.tsx:166:11)
    at useCPGSettings (C:/Users/Admin/graceful_books/src/hooks/useCPGSettings.ts:12:10)
    at PromoComparison (C:/Users/Admin/graceful_books/src/components/cpg/PromoComparison.tsx:72:48)
    at renderWithHooks (C:\Users\Admin\graceful_books\node_modules\react-dom\cjs\react-dom.development.js:15486:18)
    at mountIndeterminateComponent (C:\Users\Admin\graceful_books\node_modules\react-dom\cjs\react-dom.development.js:20103:13)
    at beginWork (C:\Users\Admin\graceful_books\node_modules\react-dom\cjs\react-dom.development.js:21626:16)
    at HTMLUnknownElement.callCallback (C:\Users\Admin\graceful_books\node_modules\react-dom\cjs\react-dom.development.js:4164:14)
    at HTMLUnknownElement.callTheUserObjectsOperation (C:\Users\Admin\graceful_books\node_modules\jsdom\lib\jsdom\living\generated\EventListener.js:26:30)
    at innerInvokeEventListeners (C:\Users\Admin\graceful_books\node_modules\jsdom\lib\jsdom\living\events\EventTarget-impl.js:350:25)
    at invokeEventListeners (C:\Users\Admin\graceful_books\node_modules\jsdom\lib\jsdom\living\events\EventTarget-impl.js:286:3)
Error: Uncaught [Error: useCPGSettingsContext must be used within a CPGSettingsProvider]
    at reportException (C:\Users\Admin\graceful_books\node_modules\jsdom\lib\jsdom\living\helpers\runtime-script-errors.js:66:24)
    at innerInvokeEventListeners (C:\Users\Admin\graceful_books\node_modules\jsdom\lib\jsdom\living\events\EventTarget-impl.js:353:9)
    at invokeEventListeners (C:\Users\Admin\graceful_books\node_modules\jsdom\lib\jsdom\living\events\EventTarget-impl.js:286:3)
    at HTMLUnknownElementImpl._dispatch (C:\Users\Admin\graceful_books\node_modules\jsdom\lib\jsdom\living\events\EventTarget-impl.js:233:9)
    at HTMLUnknownElementImpl.dispatchEvent (C:\Users\Admin\graceful_books\node_modules\jsdom\lib\jsdom\living\events\EventTarget-impl.js:104:17)
    at HTMLUnknownElement.dispatchEvent (C:\Users\Admin\graceful_books\node_modules\jsdom\lib\jsdom\living\generated\EventTarget.js:241:34)
    at Object.invokeGuardedCallbackDev (C:\Users\Admin\graceful_books\node_modules\react-dom\cjs\react-dom.development.js:4213:16)
    at invokeGuardedCallback (C:\Users\Admin\graceful_books\node_modules\react-dom\cjs\react-dom.development.js:4277:31)
    at beginWork$1 (C:\Users\Admin\graceful_books\node_modules\react-dom\cjs\react-dom.development.js:27490:7)
    at performUnitOfWork (C:\Users\Admin\graceful_books\node_modules\react-dom\cjs\react-dom.development.js:26599:12) Error: useCPGSettingsContext must be used within a CPGSettingsProvider
    at useCPGSettingsContext (C:/Users/Admin/graceful_books/src/contexts/CPGSettingsContext.tsx:166:11)
    at useCPGSettings (C:/Users/Admin/graceful_books/src/hooks/useCPGSettings.ts:12:10)
    at PromoComparison (C:/Users/Admin/graceful_books/src/components/cpg/PromoComparison.tsx:72:48)
    at renderWithHooks (C:\Users\Admin\graceful_books\node_modules\react-dom\cjs\react-dom.development.js:15486:18)
    at mountIndeterminateComponent (C:\Users\Admin\graceful_books\node_modules\react-dom\cjs\react-dom.development.js:20103:13)
    at beginWork (C:\Users\Admin\graceful_books\node_modules\react-dom\cjs\react-dom.development.js:21626:16)
    at HTMLUnknownElement.callCallback (C:\Users\Admin\graceful_books\node_modules\react-dom\cjs\react-dom.development.js:4164:14)
    at HTMLUnknownElement.callTheUserObjectsOperation (C:\Users\Admin\graceful_books\node_modules\jsdom\lib\jsdom\living\generated\EventListener.js:26:30)
    at innerInvokeEventListeners (C:\Users\Admin\graceful_books\node_modules\jsdom\lib\jsdom\living\events\EventTarget-impl.js:350:25)
    at invokeEventListeners (C:\Users\Admin\graceful_books\node_modules\jsdom\lib\jsdom\living\events\EventTarget-impl.js:286:3)
Error: Uncaught [Error: useCPGSettingsContext must be used within a CPGSettingsProvider]
    at reportException (C:\Users\Admin\graceful_books\node_modules\jsdom\lib\jsdom\living\helpers\runtime-script-errors.js:66:24)
    at innerInvokeEventListeners (C:\Users\Admin\graceful_books\node_modules\jsdom\lib\jsdom\living\events\EventTarget-impl.js:353:9)
    at invokeEventListeners (C:\Users\Admin\graceful_books\node_modules\jsdom\lib\jsdom\living\events\EventTarget-impl.js:286:3)
    at HTMLUnknownElementImpl._dispatch (C:\Users\Admin\graceful_books\node_modules\jsdom\lib\jsdom\living\events\EventTarget-impl.js:233:9)
    at HTMLUnknownElementImpl.dispatchEvent (C:\Users\Admin\graceful_books\node_modules\jsdom\lib\jsdom\living\events\EventTarget-impl.js:104:17)
    at HTMLUnknownElement.dispatchEvent (C:\Users\Admin\graceful_books\node_modules\jsdom\lib\jsdom\living\generated\EventTarget.js:241:34)
    at Object.invokeGuardedCallbackDev (C:\Users\Admin\graceful_books\node_modules\react-dom\cjs\react-dom.development.js:4213:16)
    at invokeGuardedCallback (C:\Users\Admin\graceful_books\node_modules\react-dom\cjs\react-dom.development.js:4277:31)
    at beginWork$1 (C:\Users\Admin\graceful_books\node_modules\react-dom\cjs\react-dom.development.js:27490:7)
    at performUnitOfWork (C:\Users\Admin\graceful_books\node_modules\react-dom\cjs\react-dom.development.js:26599:12) Error: useCPGSettingsContext must be used within a CPGSettingsProvider
    at useCPGSettingsContext (C:/Users/Admin/graceful_books/src/contexts/CPGSettingsContext.tsx:166:11)
    at useCPGSettings (C:/Users/Admin/graceful_books/src/hooks/useCPGSettings.ts:12:10)
    at PromoComparison (C:/Users/Admin/graceful_books/src/components/cpg/PromoComparison.tsx:72:48)
    at renderWithHooks (C:\Users\Admin\graceful_books\node_modules\react-dom\cjs\react-dom.development.js:15486:18)
    at mountIndeterminateComponent (C:\Users\Admin\graceful_books\node_modules\react-dom\cjs\react-dom.development.js:20103:13)
    at beginWork (C:\Users\Admin\graceful_books\node_modules\react-dom\cjs\react-dom.development.js:21626:16)
    at HTMLUnknownElement.callCallback (C:\Users\Admin\graceful_books\node_modules\react-dom\cjs\react-dom.development.js:4164:14)
    at HTMLUnknownElement.callTheUserObjectsOperation (C:\Users\Admin\graceful_books\node_modules\jsdom\lib\jsdom\living\generated\EventListener.js:26:30)
    at innerInvokeEventListeners (C:\Users\Admin\graceful_books\node_modules\jsdom\lib\jsdom\living\events\EventTarget-impl.js:350:25)
    at invokeEventListeners (C:\Users\Admin\graceful_books\node_modules\jsdom\lib\jsdom\living\events\EventTarget-impl.js:286:3)
Error: Uncaught [Error: useCPGSettingsContext must be used within a CPGSettingsProvider]
    at reportException (C:\Users\Admin\graceful_books\node_modules\jsdom\lib\jsdom\living\helpers\runtime-script-errors.js:66:24)
    at innerInvokeEventListeners (C:\Users\Admin\graceful_books\node_modules\jsdom\lib\jsdom\living\events\EventTarget-impl.js:353:9)
    at invokeEventListeners (C:\Users\Admin\graceful_books\node_modules\jsdom\lib\jsdom\living\events\EventTarget-impl.js:286:3)
    at HTMLUnknownElementImpl._dispatch (C:\Users\Admin\graceful_books\node_modules\jsdom\lib\jsdom\living\events\EventTarget-impl.js:233:9)
    at HTMLUnknownElementImpl.dispatchEvent (C:\Users\Admin\graceful_books\node_modules\jsdom\lib\jsdom\living\events\EventTarget-impl.js:104:17)
    at HTMLUnknownElement.dispatchEvent (C:\Users\Admin\graceful_books\node_modules\jsdom\lib\jsdom\living\generated\EventTarget.js:241:34)
    at Object.invokeGuardedCallbackDev (C:\Users\Admin\graceful_books\node_modules\react-dom\cjs\react-dom.development.js:4213:16)
    at invokeGuardedCallback (C:\Users\Admin\graceful_books\node_modules\react-dom\cjs\react-dom.development.js:4277:31)
    at beginWork$1 (C:\Users\Admin\graceful_books\node_modules\react-dom\cjs\react-dom.development.js:27490:7)
    at performUnitOfWork (C:\Users\Admin\graceful_books\node_modules\react-dom\cjs\react-dom.development.js:26599:12) Error: useCPGSettingsContext must be used within a CPGSettingsProvider
    at useCPGSettingsContext (C:/Users/Admin/graceful_books/src/contexts/CPGSettingsContext.tsx:166:11)
    at useCPGSettings (C:/Users/Admin/graceful_books/src/hooks/useCPGSettings.ts:12:10)
    at PromoComparison (C:/Users/Admin/graceful_books/src/components/cpg/PromoComparison.tsx:72:48)
    at renderWithHooks (C:\Users\Admin\graceful_books\node_modules\react-dom\cjs\react-dom.development.js:15486:18)
    at mountIndeterminateComponent (C:\Users\Admin\graceful_books\node_modules\react-dom\cjs\react-dom.development.js:20103:13)
    at beginWork (C:\Users\Admin\graceful_books\node_modules\react-dom\cjs\react-dom.development.js:21626:16)
    at HTMLUnknownElement.callCallback (C:\Users\Admin\graceful_books\node_modules\react-dom\cjs\react-dom.development.js:4164:14)
    at HTMLUnknownElement.callTheUserObjectsOperation (C:\Users\Admin\graceful_books\node_modules\jsdom\lib\jsdom\living\generated\EventListener.js:26:30)
    at innerInvokeEventListeners (C:\Users\Admin\graceful_books\node_modules\jsdom\lib\jsdom\living\events\EventTarget-impl.js:350:25)
    at invokeEventListeners (C:\Users\Admin\graceful_books\node_modules\jsdom\lib\jsdom\living\events\EventTarget-impl.js:286:3)
Error: Uncaught [Error: useCPGSettingsContext must be used within a CPGSettingsProvider]
    at reportException (C:\Users\Admin\graceful_books\node_modules\jsdom\lib\jsdom\living\helpers\runtime-script-errors.js:66:24)
    at innerInvokeEventListeners (C:\Users\Admin\graceful_books\node_modules\jsdom\lib\jsdom\living\events\EventTarget-impl.js:353:9)
    at invokeEventListeners (C:\Users\Admin\graceful_books\node_modules\jsdom\lib\jsdom\living\events\EventTarget-impl.js:286:3)
    at HTMLUnknownElementImpl._dispatch (C:\Users\Admin\graceful_books\node_modules\jsdom\lib\jsdom\living\events\EventTarget-impl.js:233:9)
    at HTMLUnknownElementImpl.dispatchEvent (C:\Users\Admin\graceful_books\node_modules\jsdom\lib\jsdom\living\events\EventTarget-impl.js:104:17)
    at HTMLUnknownElement.dispatchEvent (C:\Users\Admin\graceful_books\node_modules\jsdom\lib\jsdom\living\generated\EventTarget.js:241:34)
    at Object.invokeGuardedCallbackDev (C:\Users\Admin\graceful_books\node_modules\react-dom\cjs\react-dom.development.js:4213:16)
    at invokeGuardedCallback (C:\Users\Admin\graceful_books\node_modules\react-dom\cjs\react-dom.development.js:4277:31)
    at beginWork$1 (C:\Users\Admin\graceful_books\node_modules\react-dom\cjs\react-dom.development.js:27490:7)
    at performUnitOfWork (C:\Users\Admin\graceful_books\node_modules\react-dom\cjs\react-dom.development.js:26599:12) Error: useCPGSettingsContext must be used within a CPGSettingsProvider
    at useCPGSettingsContext (C:/Users/Admin/graceful_books/src/contexts/CPGSettingsContext.tsx:166:11)
    at useCPGSettings (C:/Users/Admin/graceful_books/src/hooks/useCPGSettings.ts:12:10)
    at PromoComparison (C:/Users/Admin/graceful_books/src/components/cpg/PromoComparison.tsx:72:48)
    at renderWithHooks (C:\Users\Admin\graceful_books\node_modules\react-dom\cjs\react-dom.development.js:15486:18)
    at mountIndeterminateComponent (C:\Users\Admin\graceful_books\node_modules\react-dom\cjs\react-dom.development.js:20103:13)
    at beginWork (C:\Users\Admin\graceful_books\node_modules\react-dom\cjs\react-dom.development.js:21626:16)
    at HTMLUnknownElement.callCallback (C:\Users\Admin\graceful_books\node_modules\react-dom\cjs\react-dom.development.js:4164:14)
    at HTMLUnknownElement.callTheUserObjectsOperation (C:\Users\Admin\graceful_books\node_modules\jsdom\lib\jsdom\living\generated\EventListener.js:26:30)
    at innerInvokeEventListeners (C:\Users\Admin\graceful_books\node_modules\jsdom\lib\jsdom\living\events\EventTarget-impl.js:350:25)
    at invokeEventListeners (C:\Users\Admin\graceful_books\node_modules\jsdom\lib\jsdom\living\events\EventTarget-impl.js:286:3)
Error: Uncaught [Error: useCPGSettingsContext must be used within a CPGSettingsProvider]
    at reportException (C:\Users\Admin\graceful_books\node_modules\jsdom\lib\jsdom\living\helpers\runtime-script-errors.js:66:24)
    at innerInvokeEventListeners (C:\Users\Admin\graceful_books\node_modules\jsdom\lib\jsdom\living\events\EventTarget-impl.js:353:9)
    at invokeEventListeners (C:\Users\Admin\graceful_books\node_modules\jsdom\lib\jsdom\living\events\EventTarget-impl.js:286:3)
    at HTMLUnknownElementImpl._dispatch (C:\Users\Admin\graceful_books\node_modules\jsdom\lib\jsdom\living\events\EventTarget-impl.js:233:9)
    at HTMLUnknownElementImpl.dispatchEvent (C:\Users\Admin\graceful_books\node_modules\jsdom\lib\jsdom\living\events\EventTarget-impl.js:104:17)
    at HTMLUnknownElement.dispatchEvent (C:\Users\Admin\graceful_books\node_modules\jsdom\lib\jsdom\living\generated\EventTarget.js:241:34)
    at Object.invokeGuardedCallbackDev (C:\Users\Admin\graceful_books\node_modules\react-dom\cjs\react-dom.development.js:4213:16)
    at invokeGuardedCallback (C:\Users\Admin\graceful_books\node_modules\react-dom\cjs\react-dom.development.js:4277:31)
    at beginWork$1 (C:\Users\Admin\graceful_books\node_modules\react-dom\cjs\react-dom.development.js:27490:7)
    at performUnitOfWork (C:\Users\Admin\graceful_books\node_modules\react-dom\cjs\react-dom.development.js:26599:12) Error: useCPGSettingsContext must be used within a CPGSettingsProvider
    at useCPGSettingsContext (C:/Users/Admin/graceful_books/src/contexts/CPGSettingsContext.tsx:166:11)
    at useCPGSettings (C:/Users/Admin/graceful_books/src/hooks/useCPGSettings.ts:12:10)
    at PromoComparison (C:/Users/Admin/graceful_books/src/components/cpg/PromoComparison.tsx:72:48)
    at renderWithHooks (C:\Users\Admin\graceful_books\node_modules\react-dom\cjs\react-dom.development.js:15486:18)
    at mountIndeterminateComponent (C:\Users\Admin\graceful_books\node_modules\react-dom\cjs\react-dom.development.js:20103:13)
    at beginWork (C:\Users\Admin\graceful_books\node_modules\react-dom\cjs\react-dom.development.js:21626:16)
    at HTMLUnknownElement.callCallback (C:\Users\Admin\graceful_books\node_modules\react-dom\cjs\react-dom.development.js:4164:14)
    at HTMLUnknownElement.callTheUserObjectsOperation (C:\Users\Admin\graceful_books\node_modules\jsdom\lib\jsdom\living\generated\EventListener.js:26:30)
    at innerInvokeEventListeners (C:\Users\Admin\graceful_books\node_modules\jsdom\lib\jsdom\living\events\EventTarget-impl.js:350:25)
    at invokeEventListeners (C:\Users\Admin\graceful_books\node_modules\jsdom\lib\jsdom\living\events\EventTarget-impl.js:286:3)
Error: Uncaught [Error: useCPGSettingsContext must be used within a CPGSettingsProvider]
    at reportException (C:\Users\Admin\graceful_books\node_modules\jsdom\lib\jsdom\living\helpers\runtime-script-errors.js:66:24)
    at innerInvokeEventListeners (C:\Users\Admin\graceful_books\node_modules\jsdom\lib\jsdom\living\events\EventTarget-impl.js:353:9)
    at invokeEventListeners (C:\Users\Admin\graceful_books\node_modules\jsdom\lib\jsdom\living\events\EventTarget-impl.js:286:3)
    at HTMLUnknownElementImpl._dispatch (C:\Users\Admin\graceful_books\node_modules\jsdom\lib\jsdom\living\events\EventTarget-impl.js:233:9)
    at HTMLUnknownElementImpl.dispatchEvent (C:\Users\Admin\graceful_books\node_modules\jsdom\lib\jsdom\living\events\EventTarget-impl.js:104:17)
    at HTMLUnknownElement.dispatchEvent (C:\Users\Admin\graceful_books\node_modules\jsdom\lib\jsdom\living\generated\EventTarget.js:241:34)
    at Object.invokeGuardedCallbackDev (C:\Users\Admin\graceful_books\node_modules\react-dom\cjs\react-dom.development.js:4213:16)
    at invokeGuardedCallback (C:\Users\Admin\graceful_books\node_modules\react-dom\cjs\react-dom.development.js:4277:31)
    at beginWork$1 (C:\Users\Admin\graceful_books\node_modules\react-dom\cjs\react-dom.development.js:27490:7)
    at performUnitOfWork (C:\Users\Admin\graceful_books\node_modules\react-dom\cjs\react-dom.development.js:26599:12) Error: useCPGSettingsContext must be used within a CPGSettingsProvider
    at useCPGSettingsContext (C:/Users/Admin/graceful_books/src/contexts/CPGSettingsContext.tsx:166:11)
    at useCPGSettings (C:/Users/Admin/graceful_books/src/hooks/useCPGSettings.ts:12:10)
    at PromoComparison (C:/Users/Admin/graceful_books/src/components/cpg/PromoComparison.tsx:72:48)
    at renderWithHooks (C:\Users\Admin\graceful_books\node_modules\react-dom\cjs\react-dom.development.js:15486:18)
    at mountIndeterminateComponent (C:\Users\Admin\graceful_books\node_modules\react-dom\cjs\react-dom.development.js:20103:13)
    at beginWork (C:\Users\Admin\graceful_books\node_modules\react-dom\cjs\react-dom.development.js:21626:16)
    at HTMLUnknownElement.callCallback (C:\Users\Admin\graceful_books\node_modules\react-dom\cjs\react-dom.development.js:4164:14)
    at HTMLUnknownElement.callTheUserObjectsOperation (C:\Users\Admin\graceful_books\node_modules\jsdom\lib\jsdom\living\generated\EventListener.js:26:30)
    at innerInvokeEventListeners (C:\Users\Admin\graceful_books\node_modules\jsdom\lib\jsdom\living\events\EventTarget-impl.js:350:25)
    at invokeEventListeners (C:\Users\Admin\graceful_books\node_modules\jsdom\lib\jsdom\living\events\EventTarget-impl.js:286:3)
Error: Uncaught [Error: useCPGSettingsContext must be used within a CPGSettingsProvider]
    at reportException (C:\Users\Admin\graceful_books\node_modules\jsdom\lib\jsdom\living\helpers\runtime-script-errors.js:66:24)
    at innerInvokeEventListeners (C:\Users\Admin\graceful_books\node_modules\jsdom\lib\jsdom\living\events\EventTarget-impl.js:353:9)
    at invokeEventListeners (C:\Users\Admin\graceful_books\node_modules\jsdom\lib\jsdom\living\events\EventTarget-impl.js:286:3)
    at HTMLUnknownElementImpl._dispatch (C:\Users\Admin\graceful_books\node_modules\jsdom\lib\jsdom\living\events\EventTarget-impl.js:233:9)
    at HTMLUnknownElementImpl.dispatchEvent (C:\Users\Admin\graceful_books\node_modules\jsdom\lib\jsdom\living\events\EventTarget-impl.js:104:17)
    at HTMLUnknownElement.dispatchEvent (C:\Users\Admin\graceful_books\node_modules\jsdom\lib\jsdom\living\generated\EventTarget.js:241:34)
    at Object.invokeGuardedCallbackDev (C:\Users\Admin\graceful_books\node_modules\react-dom\cjs\react-dom.development.js:4213:16)
    at invokeGuardedCallback (C:\Users\Admin\graceful_books\node_modules\react-dom\cjs\react-dom.development.js:4277:31)
    at beginWork$1 (C:\Users\Admin\graceful_books\node_modules\react-dom\cjs\react-dom.development.js:27490:7)
    at performUnitOfWork (C:\Users\Admin\graceful_books\node_modules\react-dom\cjs\react-dom.development.js:26599:12) Error: useCPGSettingsContext must be used within a CPGSettingsProvider
    at useCPGSettingsContext (C:/Users/Admin/graceful_books/src/contexts/CPGSettingsContext.tsx:166:11)
    at useCPGSettings (C:/Users/Admin/graceful_books/src/hooks/useCPGSettings.ts:12:10)
    at PromoComparison (C:/Users/Admin/graceful_books/src/components/cpg/PromoComparison.tsx:72:48)
    at renderWithHooks (C:\Users\Admin\graceful_books\node_modules\react-dom\cjs\react-dom.development.js:15486:18)
    at mountIndeterminateComponent (C:\Users\Admin\graceful_books\node_modules\react-dom\cjs\react-dom.development.js:20103:13)
    at beginWork (C:\Users\Admin\graceful_books\node_modules\react-dom\cjs\react-dom.development.js:21626:16)
    at HTMLUnknownElement.callCallback (C:\Users\Admin\graceful_books\node_modules\react-dom\cjs\react-dom.development.js:4164:14)
    at HTMLUnknownElement.callTheUserObjectsOperation (C:\Users\Admin\graceful_books\node_modules\jsdom\lib\jsdom\living\generated\EventListener.js:26:30)
    at innerInvokeEventListeners (C:\Users\Admin\graceful_books\node_modules\jsdom\lib\jsdom\living\events\EventTarget-impl.js:350:25)
    at invokeEventListeners (C:\Users\Admin\graceful_books\node_modules\jsdom\lib\jsdom\living\events\EventTarget-impl.js:286:3)
Error: Uncaught [Error: useCPGSettingsContext must be used within a CPGSettingsProvider]
    at reportException (C:\Users\Admin\graceful_books\node_modules\jsdom\lib\jsdom\living\helpers\runtime-script-errors.js:66:24)
    at innerInvokeEventListeners (C:\Users\Admin\graceful_books\node_modules\jsdom\lib\jsdom\living\events\EventTarget-impl.js:353:9)
    at invokeEventListeners (C:\Users\Admin\graceful_books\node_modules\jsdom\lib\jsdom\living\events\EventTarget-impl.js:286:3)
    at HTMLUnknownElementImpl._dispatch (C:\Users\Admin\graceful_books\node_modules\jsdom\lib\jsdom\living\events\EventTarget-impl.js:233:9)
    at HTMLUnknownElementImpl.dispatchEvent (C:\Users\Admin\graceful_books\node_modules\jsdom\lib\jsdom\living\events\EventTarget-impl.js:104:17)
    at HTMLUnknownElement.dispatchEvent (C:\Users\Admin\graceful_books\node_modules\jsdom\lib\jsdom\living\generated\EventTarget.js:241:34)
    at Object.invokeGuardedCallbackDev (C:\Users\Admin\graceful_books\node_modules\react-dom\cjs\react-dom.development.js:4213:16)
    at invokeGuardedCallback (C:\Users\Admin\graceful_books\node_modules\react-dom\cjs\react-dom.development.js:4277:31)
    at beginWork$1 (C:\Users\Admin\graceful_books\node_modules\react-dom\cjs\react-dom.development.js:27490:7)
    at performUnitOfWork (C:\Users\Admin\graceful_books\node_modules\react-dom\cjs\react-dom.development.js:26599:12) Error: useCPGSettingsContext must be used within a CPGSettingsProvider
    at useCPGSettingsContext (C:/Users/Admin/graceful_books/src/contexts/CPGSettingsContext.tsx:166:11)
    at useCPGSettings (C:/Users/Admin/graceful_books/src/hooks/useCPGSettings.ts:12:10)
    at PromoComparison (C:/Users/Admin/graceful_books/src/components/cpg/PromoComparison.tsx:72:48)
    at renderWithHooks (C:\Users\Admin\graceful_books\node_modules\react-dom\cjs\react-dom.development.js:15486:18)
    at mountIndeterminateComponent (C:\Users\Admin\graceful_books\node_modules\react-dom\cjs\react-dom.development.js:20103:13)
    at beginWork (C:\Users\Admin\graceful_books\node_modules\react-dom\cjs\react-dom.development.js:21626:16)
    at HTMLUnknownElement.callCallback (C:\Users\Admin\graceful_books\node_modules\react-dom\cjs\react-dom.development.js:4164:14)
    at HTMLUnknownElement.callTheUserObjectsOperation (C:\Users\Admin\graceful_books\node_modules\jsdom\lib\jsdom\living\generated\EventListener.js:26:30)
    at innerInvokeEventListeners (C:\Users\Admin\graceful_books\node_modules\jsdom\lib\jsdom\living\events\EventTarget-impl.js:350:25)
    at invokeEventListeners (C:\Users\Admin\graceful_books\node_modules\jsdom\lib\jsdom\living\events\EventTarget-impl.js:286:3)
Error: Uncaught [Error: useCPGSettingsContext must be used within a CPGSettingsProvider]
    at reportException (C:\Users\Admin\graceful_books\node_modules\jsdom\lib\jsdom\living\helpers\runtime-script-errors.js:66:24)
    at innerInvokeEventListeners (C:\Users\Admin\graceful_books\node_modules\jsdom\lib\jsdom\living\events\EventTarget-impl.js:353:9)
    at invokeEventListeners (C:\Users\Admin\graceful_books\node_modules\jsdom\lib\jsdom\living\events\EventTarget-impl.js:286:3)
    at HTMLUnknownElementImpl._dispatch (C:\Users\Admin\graceful_books\node_modules\jsdom\lib\jsdom\living\events\EventTarget-impl.js:233:9)
    at HTMLUnknownElementImpl.dispatchEvent (C:\Users\Admin\graceful_books\node_modules\jsdom\lib\jsdom\living\events\EventTarget-impl.js:104:17)
    at HTMLUnknownElement.dispatchEvent (C:\Users\Admin\graceful_books\node_modules\jsdom\lib\jsdom\living\generated\EventTarget.js:241:34)
    at Object.invokeGuardedCallbackDev (C:\Users\Admin\graceful_books\node_modules\react-dom\cjs\react-dom.development.js:4213:16)
    at invokeGuardedCallback (C:\Users\Admin\graceful_books\node_modules\react-dom\cjs\react-dom.development.js:4277:31)
    at beginWork$1 (C:\Users\Admin\graceful_books\node_modules\react-dom\cjs\react-dom.development.js:27490:7)
    at performUnitOfWork (C:\Users\Admin\graceful_books\node_modules\react-dom\cjs\react-dom.development.js:26599:12) Error: useCPGSettingsContext must be used within a CPGSettingsProvider
    at useCPGSettingsContext (C:/Users/Admin/graceful_books/src/contexts/CPGSettingsContext.tsx:166:11)
    at useCPGSettings (C:/Users/Admin/graceful_books/src/hooks/useCPGSettings.ts:12:10)
    at PromoComparison (C:/Users/Admin/graceful_books/src/components/cpg/PromoComparison.tsx:72:48)
    at renderWithHooks (C:\Users\Admin\graceful_books\node_modules\react-dom\cjs\react-dom.development.js:15486:18)
    at mountIndeterminateComponent (C:\Users\Admin\graceful_books\node_modules\react-dom\cjs\react-dom.development.js:20103:13)
    at beginWork (C:\Users\Admin\graceful_books\node_modules\react-dom\cjs\react-dom.development.js:21626:16)
    at HTMLUnknownElement.callCallback (C:\Users\Admin\graceful_books\node_modules\react-dom\cjs\react-dom.development.js:4164:14)
    at HTMLUnknownElement.callTheUserObjectsOperation (C:\Users\Admin\graceful_books\node_modules\jsdom\lib\jsdom\living\generated\EventListener.js:26:30)
    at innerInvokeEventListeners (C:\Users\Admin\graceful_books\node_modules\jsdom\lib\jsdom\living\events\EventTarget-impl.js:350:25)
    at invokeEventListeners (C:\Users\Admin\graceful_books\node_modules\jsdom\lib\jsdom\living\events\EventTarget-impl.js:286:3)
Error: Uncaught [Error: useCPGSettingsContext must be used within a CPGSettingsProvider]
    at reportException (C:\Users\Admin\graceful_books\node_modules\jsdom\lib\jsdom\living\helpers\runtime-script-errors.js:66:24)
    at innerInvokeEventListeners (C:\Users\Admin\graceful_books\node_modules\jsdom\lib\jsdom\living\events\EventTarget-impl.js:353:9)
    at invokeEventListeners (C:\Users\Admin\graceful_books\node_modules\jsdom\lib\jsdom\living\events\EventTarget-impl.js:286:3)
    at HTMLUnknownElementImpl._dispatch (C:\Users\Admin\graceful_books\node_modules\jsdom\lib\jsdom\living\events\EventTarget-impl.js:233:9)
    at HTMLUnknownElementImpl.dispatchEvent (C:\Users\Admin\graceful_books\node_modules\jsdom\lib\jsdom\living\events\EventTarget-impl.js:104:17)
    at HTMLUnknownElement.dispatchEvent (C:\Users\Admin\graceful_books\node_modules\jsdom\lib\jsdom\living\generated\EventTarget.js:241:34)
    at Object.invokeGuardedCallbackDev (C:\Users\Admin\graceful_books\node_modules\react-dom\cjs\react-dom.development.js:4213:16)
    at invokeGuardedCallback (C:\Users\Admin\graceful_books\node_modules\react-dom\cjs\react-dom.development.js:4277:31)
    at beginWork$1 (C:\Users\Admin\graceful_books\node_modules\react-dom\cjs\react-dom.development.js:27490:7)
    at performUnitOfWork (C:\Users\Admin\graceful_books\node_modules\react-dom\cjs\react-dom.development.js:26599:12) Error: useCPGSettingsContext must be used within a CPGSettingsProvider
    at useCPGSettingsContext (C:/Users/Admin/graceful_books/src/contexts/CPGSettingsContext.tsx:166:11)
    at useCPGSettings (C:/Users/Admin/graceful_books/src/hooks/useCPGSettings.ts:12:10)
    at PromoComparison (C:/Users/Admin/graceful_books/src/components/cpg/PromoComparison.tsx:72:48)
    at renderWithHooks (C:\Users\Admin\graceful_books\node_modules\react-dom\cjs\react-dom.development.js:15486:18)
    at mountIndeterminateComponent (C:\Users\Admin\graceful_books\node_modules\react-dom\cjs\react-dom.development.js:20103:13)
    at beginWork (C:\Users\Admin\graceful_books\node_modules\react-dom\cjs\react-dom.development.js:21626:16)
    at HTMLUnknownElement.callCallback (C:\Users\Admin\graceful_books\node_modules\react-dom\cjs\react-dom.development.js:4164:14)
    at HTMLUnknownElement.callTheUserObjectsOperation (C:\Users\Admin\graceful_books\node_modules\jsdom\lib\jsdom\living\generated\EventListener.js:26:30)
    at innerInvokeEventListeners (C:\Users\Admin\graceful_books\node_modules\jsdom\lib\jsdom\living\events\EventTarget-impl.js:350:25)
    at invokeEventListeners (C:\Users\Admin\graceful_books\node_modules\jsdom\lib\jsdom\living\events\EventTarget-impl.js:286:3)
Error: Uncaught [Error: useCPGSettingsContext must be used within a CPGSettingsProvider]
    at reportException (C:\Users\Admin\graceful_books\node_modules\jsdom\lib\jsdom\living\helpers\runtime-script-errors.js:66:24)
    at innerInvokeEventListeners (C:\Users\Admin\graceful_books\node_modules\jsdom\lib\jsdom\living\events\EventTarget-impl.js:353:9)
    at invokeEventListeners (C:\Users\Admin\graceful_books\node_modules\jsdom\lib\jsdom\living\events\EventTarget-impl.js:286:3)
    at HTMLUnknownElementImpl._dispatch (C:\Users\Admin\graceful_books\node_modules\jsdom\lib\jsdom\living\events\EventTarget-impl.js:233:9)
    at HTMLUnknownElementImpl.dispatchEvent (C:\Users\Admin\graceful_books\node_modules\jsdom\lib\jsdom\living\events\EventTarget-impl.js:104:17)
    at HTMLUnknownElement.dispatchEvent (C:\Users\Admin\graceful_books\node_modules\jsdom\lib\jsdom\living\generated\EventTarget.js:241:34)
    at Object.invokeGuardedCallbackDev (C:\Users\Admin\graceful_books\node_modules\react-dom\cjs\react-dom.development.js:4213:16)
    at invokeGuardedCallback (C:\Users\Admin\graceful_books\node_modules\react-dom\cjs\react-dom.development.js:4277:31)
    at beginWork$1 (C:\Users\Admin\graceful_books\node_modules\react-dom\cjs\react-dom.development.js:27490:7)
    at performUnitOfWork (C:\Users\Admin\graceful_books\node_modules\react-dom\cjs\react-dom.development.js:26599:12) Error: useCPGSettingsContext must be used within a CPGSettingsProvider
    at useCPGSettingsContext (C:/Users/Admin/graceful_books/src/contexts/CPGSettingsContext.tsx:166:11)
    at useCPGSettings (C:/Users/Admin/graceful_books/src/hooks/useCPGSettings.ts:12:10)
    at PromoComparison (C:/Users/Admin/graceful_books/src/components/cpg/PromoComparison.tsx:72:48)
    at renderWithHooks (C:\Users\Admin\graceful_books\node_modules\react-dom\cjs\react-dom.development.js:15486:18)
    at mountIndeterminateComponent (C:\Users\Admin\graceful_books\node_modules\react-dom\cjs\react-dom.development.js:20103:13)
    at beginWork (C:\Users\Admin\graceful_books\node_modules\react-dom\cjs\react-dom.development.js:21626:16)
    at HTMLUnknownElement.callCallback (C:\Users\Admin\graceful_books\node_modules\react-dom\cjs\react-dom.development.js:4164:14)
    at HTMLUnknownElement.callTheUserObjectsOperation (C:\Users\Admin\graceful_books\node_modules\jsdom\lib\jsdom\living\generated\EventListener.js:26:30)
    at innerInvokeEventListeners (C:\Users\Admin\graceful_books\node_modules\jsdom\lib\jsdom\living\events\EventTarget-impl.js:350:25)
    at invokeEventListeners (C:\Users\Admin\graceful_books\node_modules\jsdom\lib\jsdom\living\events\EventTarget-impl.js:286:3)
Error: Uncaught [Error: useCPGSettingsContext must be used within a CPGSettingsProvider]
    at reportException (C:\Users\Admin\graceful_books\node_modules\jsdom\lib\jsdom\living\helpers\runtime-script-errors.js:66:24)
    at innerInvokeEventListeners (C:\Users\Admin\graceful_books\node_modules\jsdom\lib\jsdom\living\events\EventTarget-impl.js:353:9)
    at invokeEventListeners (C:\Users\Admin\graceful_books\node_modules\jsdom\lib\jsdom\living\events\EventTarget-impl.js:286:3)
    at HTMLUnknownElementImpl._dispatch (C:\Users\Admin\graceful_books\node_modules\jsdom\lib\jsdom\living\events\EventTarget-impl.js:233:9)
    at HTMLUnknownElementImpl.dispatchEvent (C:\Users\Admin\graceful_books\node_modules\jsdom\lib\jsdom\living\events\EventTarget-impl.js:104:17)
    at HTMLUnknownElement.dispatchEvent (C:\Users\Admin\graceful_books\node_modules\jsdom\lib\jsdom\living\generated\EventTarget.js:241:34)
    at Object.invokeGuardedCallbackDev (C:\Users\Admin\graceful_books\node_modules\react-dom\cjs\react-dom.development.js:4213:16)
    at invokeGuardedCallback (C:\Users\Admin\graceful_books\node_modules\react-dom\cjs\react-dom.development.js:4277:31)
    at beginWork$1 (C:\Users\Admin\graceful_books\node_modules\react-dom\cjs\react-dom.development.js:27490:7)
    at performUnitOfWork (C:\Users\Admin\graceful_books\node_modules\react-dom\cjs\react-dom.development.js:26599:12) Error: useCPGSettingsContext must be used within a CPGSettingsProvider
    at useCPGSettingsContext (C:/Users/Admin/graceful_books/src/contexts/CPGSettingsContext.tsx:166:11)
    at useCPGSettings (C:/Users/Admin/graceful_books/src/hooks/useCPGSettings.ts:12:10)
    at PromoComparison (C:/Users/Admin/graceful_books/src/components/cpg/PromoComparison.tsx:72:48)
    at renderWithHooks (C:\Users\Admin\graceful_books\node_modules\react-dom\cjs\react-dom.development.js:15486:18)
    at mountIndeterminateComponent (C:\Users\Admin\graceful_books\node_modules\react-dom\cjs\react-dom.development.js:20103:13)
    at beginWork (C:\Users\Admin\graceful_books\node_modules\react-dom\cjs\react-dom.development.js:21626:16)
    at HTMLUnknownElement.callCallback (C:\Users\Admin\graceful_books\node_modules\react-dom\cjs\react-dom.development.js:4164:14)
    at HTMLUnknownElement.callTheUserObjectsOperation (C:\Users\Admin\graceful_books\node_modules\jsdom\lib\jsdom\living\generated\EventListener.js:26:30)
    at innerInvokeEventListeners (C:\Users\Admin\graceful_books\node_modules\jsdom\lib\jsdom\living\events\EventTarget-impl.js:350:25)
    at invokeEventListeners (C:\Users\Admin\graceful_books\node_modules\jsdom\lib\jsdom\living\events\EventTarget-impl.js:286:3)
Error: Uncaught [Error: useCPGSettingsContext must be used within a CPGSettingsProvider]
    at reportException (C:\Users\Admin\graceful_books\node_modules\jsdom\lib\jsdom\living\helpers\runtime-script-errors.js:66:24)
    at innerInvokeEventListeners (C:\Users\Admin\graceful_books\node_modules\jsdom\lib\jsdom\living\events\EventTarget-impl.js:353:9)
    at invokeEventListeners (C:\Users\Admin\graceful_books\node_modules\jsdom\lib\jsdom\living\events\EventTarget-impl.js:286:3)
    at HTMLUnknownElementImpl._dispatch (C:\Users\Admin\graceful_books\node_modules\jsdom\lib\jsdom\living\events\EventTarget-impl.js:233:9)
    at HTMLUnknownElementImpl.dispatchEvent (C:\Users\Admin\graceful_books\node_modules\jsdom\lib\jsdom\living\events\EventTarget-impl.js:104:17)
    at HTMLUnknownElement.dispatchEvent (C:\Users\Admin\graceful_books\node_modules\jsdom\lib\jsdom\living\generated\EventTarget.js:241:34)
    at Object.invokeGuardedCallbackDev (C:\Users\Admin\graceful_books\node_modules\react-dom\cjs\react-dom.development.js:4213:16)
    at invokeGuardedCallback (C:\Users\Admin\graceful_books\node_modules\react-dom\cjs\react-dom.development.js:4277:31)
    at beginWork$1 (C:\Users\Admin\graceful_books\node_modules\react-dom\cjs\react-dom.development.js:27490:7)
    at performUnitOfWork (C:\Users\Admin\graceful_books\node_modules\react-dom\cjs\react-dom.development.js:26599:12) Error: useCPGSettingsContext must be used within a CPGSettingsProvider
    at useCPGSettingsContext (C:/Users/Admin/graceful_books/src/contexts/CPGSettingsContext.tsx:166:11)
    at useCPGSettings (C:/Users/Admin/graceful_books/src/hooks/useCPGSettings.ts:12:10)
    at PromoComparison (C:/Users/Admin/graceful_books/src/components/cpg/PromoComparison.tsx:72:48)
    at renderWithHooks (C:\Users\Admin\graceful_books\node_modules\react-dom\cjs\react-dom.development.js:15486:18)
    at mountIndeterminateComponent (C:\Users\Admin\graceful_books\node_modules\react-dom\cjs\react-dom.development.js:20103:13)
    at beginWork (C:\Users\Admin\graceful_books\node_modules\react-dom\cjs\react-dom.development.js:21626:16)
    at HTMLUnknownElement.callCallback (C:\Users\Admin\graceful_books\node_modules\react-dom\cjs\react-dom.development.js:4164:14)
    at HTMLUnknownElement.callTheUserObjectsOperation (C:\Users\Admin\graceful_books\node_modules\jsdom\lib\jsdom\living\generated\EventListener.js:26:30)
    at innerInvokeEventListeners (C:\Users\Admin\graceful_books\node_modules\jsdom\lib\jsdom\living\events\EventTarget-impl.js:350:25)
    at invokeEventListeners (C:\Users\Admin\graceful_books\node_modules\jsdom\lib\jsdom\living\events\EventTarget-impl.js:286:3)
Error: Uncaught [Error: useCPGSettingsContext must be used within a CPGSettingsProvider]
    at reportException (C:\Users\Admin\graceful_books\node_modules\jsdom\lib\jsdom\living\helpers\runtime-script-errors.js:66:24)
    at innerInvokeEventListeners (C:\Users\Admin\graceful_books\node_modules\jsdom\lib\jsdom\living\events\EventTarget-impl.js:353:9)
    at invokeEventListeners (C:\Users\Admin\graceful_books\node_modules\jsdom\lib\jsdom\living\events\EventTarget-impl.js:286:3)
    at HTMLUnknownElementImpl._dispatch (C:\Users\Admin\graceful_books\node_modules\jsdom\lib\jsdom\living\events\EventTarget-impl.js:233:9)
    at HTMLUnknownElementImpl.dispatchEvent (C:\Users\Admin\graceful_books\node_modules\jsdom\lib\jsdom\living\events\EventTarget-impl.js:104:17)
    at HTMLUnknownElement.dispatchEvent (C:\Users\Admin\graceful_books\node_modules\jsdom\lib\jsdom\living\generated\EventTarget.js:241:34)
    at Object.invokeGuardedCallbackDev (C:\Users\Admin\graceful_books\node_modules\react-dom\cjs\react-dom.development.js:4213:16)
    at invokeGuardedCallback (C:\Users\Admin\graceful_books\node_modules\react-dom\cjs\react-dom.development.js:4277:31)
    at beginWork$1 (C:\Users\Admin\graceful_books\node_modules\react-dom\cjs\react-dom.development.js:27490:7)
    at performUnitOfWork (C:\Users\Admin\graceful_books\node_modules\react-dom\cjs\react-dom.development.js:26599:12) Error: useCPGSettingsContext must be used within a CPGSettingsProvider
    at useCPGSettingsContext (C:/Users/Admin/graceful_books/src/contexts/CPGSettingsContext.tsx:166:11)
    at useCPGSettings (C:/Users/Admin/graceful_books/src/hooks/useCPGSettings.ts:12:10)
    at PromoComparison (C:/Users/Admin/graceful_books/src/components/cpg/PromoComparison.tsx:72:48)
    at renderWithHooks (C:\Users\Admin\graceful_books\node_modules\react-dom\cjs\react-dom.development.js:15486:18)
    at mountIndeterminateComponent (C:\Users\Admin\graceful_books\node_modules\react-dom\cjs\react-dom.development.js:20103:13)
    at beginWork (C:\Users\Admin\graceful_books\node_modules\react-dom\cjs\react-dom.development.js:21626:16)
    at HTMLUnknownElement.callCallback (C:\Users\Admin\graceful_books\node_modules\react-dom\cjs\react-dom.development.js:4164:14)
    at HTMLUnknownElement.callTheUserObjectsOperation (C:\Users\Admin\graceful_books\node_modules\jsdom\lib\jsdom\living\generated\EventListener.js:26:30)
    at innerInvokeEventListeners (C:\Users\Admin\graceful_books\node_modules\jsdom\lib\jsdom\living\events\EventTarget-impl.js:350:25)
    at invokeEventListeners (C:\Users\Admin\graceful_books\node_modules\jsdom\lib\jsdom\living\events\EventTarget-impl.js:286:3)
Error: Uncaught [Error: useCPGSettingsContext must be used within a CPGSettingsProvider]
    at reportException (C:\Users\Admin\graceful_books\node_modules\jsdom\lib\jsdom\living\helpers\runtime-script-errors.js:66:24)
    at innerInvokeEventListeners (C:\Users\Admin\graceful_books\node_modules\jsdom\lib\jsdom\living\events\EventTarget-impl.js:353:9)
    at invokeEventListeners (C:\Users\Admin\graceful_books\node_modules\jsdom\lib\jsdom\living\events\EventTarget-impl.js:286:3)
    at HTMLUnknownElementImpl._dispatch (C:\Users\Admin\graceful_books\node_modules\jsdom\lib\jsdom\living\events\EventTarget-impl.js:233:9)
    at HTMLUnknownElementImpl.dispatchEvent (C:\Users\Admin\graceful_books\node_modules\jsdom\lib\jsdom\living\events\EventTarget-impl.js:104:17)
    at HTMLUnknownElement.dispatchEvent (C:\Users\Admin\graceful_books\node_modules\jsdom\lib\jsdom\living\generated\EventTarget.js:241:34)
    at Object.invokeGuardedCallbackDev (C:\Users\Admin\graceful_books\node_modules\react-dom\cjs\react-dom.development.js:4213:16)
    at invokeGuardedCallback (C:\Users\Admin\graceful_books\node_modules\react-dom\cjs\react-dom.development.js:4277:31)
    at beginWork$1 (C:\Users\Admin\graceful_books\node_modules\react-dom\cjs\react-dom.development.js:27490:7)
    at performUnitOfWork (C:\Users\Admin\graceful_books\node_modules\react-dom\cjs\react-dom.development.js:26599:12) Error: useCPGSettingsContext must be used within a CPGSettingsProvider
    at useCPGSettingsContext (C:/Users/Admin/graceful_books/src/contexts/CPGSettingsContext.tsx:166:11)
    at useCPGSettings (C:/Users/Admin/graceful_books/src/hooks/useCPGSettings.ts:12:10)
    at PromoComparison (C:/Users/Admin/graceful_books/src/components/cpg/PromoComparison.tsx:72:48)
    at renderWithHooks (C:\Users\Admin\graceful_books\node_modules\react-dom\cjs\react-dom.development.js:15486:18)
    at mountIndeterminateComponent (C:\Users\Admin\graceful_books\node_modules\react-dom\cjs\react-dom.development.js:20103:13)
    at beginWork (C:\Users\Admin\graceful_books\node_modules\react-dom\cjs\react-dom.development.js:21626:16)
    at HTMLUnknownElement.callCallback (C:\Users\Admin\graceful_books\node_modules\react-dom\cjs\react-dom.development.js:4164:14)
    at HTMLUnknownElement.callTheUserObjectsOperation (C:\Users\Admin\graceful_books\node_modules\jsdom\lib\jsdom\living\generated\EventListener.js:26:30)
    at innerInvokeEventListeners (C:\Users\Admin\graceful_books\node_modules\jsdom\lib\jsdom\living\events\EventTarget-impl.js:350:25)
    at invokeEventListeners (C:\Users\Admin\graceful_books\node_modules\jsdom\lib\jsdom\living\events\EventTarget-impl.js:286:3)
Error: Uncaught [Error: useCPGSettingsContext must be used within a CPGSettingsProvider]
    at reportException (C:\Users\Admin\graceful_books\node_modules\jsdom\lib\jsdom\living\helpers\runtime-script-errors.js:66:24)
    at innerInvokeEventListeners (C:\Users\Admin\graceful_books\node_modules\jsdom\lib\jsdom\living\events\EventTarget-impl.js:353:9)
    at invokeEventListeners (C:\Users\Admin\graceful_books\node_modules\jsdom\lib\jsdom\living\events\EventTarget-impl.js:286:3)
    at HTMLUnknownElementImpl._dispatch (C:\Users\Admin\graceful_books\node_modules\jsdom\lib\jsdom\living\events\EventTarget-impl.js:233:9)
    at HTMLUnknownElementImpl.dispatchEvent (C:\Users\Admin\graceful_books\node_modules\jsdom\lib\jsdom\living\events\EventTarget-impl.js:104:17)
    at HTMLUnknownElement.dispatchEvent (C:\Users\Admin\graceful_books\node_modules\jsdom\lib\jsdom\living\generated\EventTarget.js:241:34)
    at Object.invokeGuardedCallbackDev (C:\Users\Admin\graceful_books\node_modules\react-dom\cjs\react-dom.development.js:4213:16)
    at invokeGuardedCallback (C:\Users\Admin\graceful_books\node_modules\react-dom\cjs\react-dom.development.js:4277:31)
    at beginWork$1 (C:\Users\Admin\graceful_books\node_modules\react-dom\cjs\react-dom.development.js:27490:7)
    at performUnitOfWork (C:\Users\Admin\graceful_books\node_modules\react-dom\cjs\react-dom.development.js:26599:12) Error: useCPGSettingsContext must be used within a CPGSettingsProvider
    at useCPGSettingsContext (C:/Users/Admin/graceful_books/src/contexts/CPGSettingsContext.tsx:166:11)
    at useCPGSettings (C:/Users/Admin/graceful_books/src/hooks/useCPGSettings.ts:12:10)
    at PromoComparison (C:/Users/Admin/graceful_books/src/components/cpg/PromoComparison.tsx:72:48)
    at renderWithHooks (C:\Users\Admin\graceful_books\node_modules\react-dom\cjs\react-dom.development.js:15486:18)
    at mountIndeterminateComponent (C:\Users\Admin\graceful_books\node_modules\react-dom\cjs\react-dom.development.js:20103:13)
    at beginWork (C:\Users\Admin\graceful_books\node_modules\react-dom\cjs\react-dom.development.js:21626:16)
    at HTMLUnknownElement.callCallback (C:\Users\Admin\graceful_books\node_modules\react-dom\cjs\react-dom.development.js:4164:14)
    at HTMLUnknownElement.callTheUserObjectsOperation (C:\Users\Admin\graceful_books\node_modules\jsdom\lib\jsdom\living\generated\EventListener.js:26:30)
    at innerInvokeEventListeners (C:\Users\Admin\graceful_books\node_modules\jsdom\lib\jsdom\living\events\EventTarget-impl.js:350:25)
    at invokeEventListeners (C:\Users\Admin\graceful_books\node_modules\jsdom\lib\jsdom\living\events\EventTarget-impl.js:286:3)
Error: Uncaught [Error: useCPGSettingsContext must be used within a CPGSettingsProvider]
    at reportException (C:\Users\Admin\graceful_books\node_modules\jsdom\lib\jsdom\living\helpers\runtime-script-errors.js:66:24)
    at innerInvokeEventListeners (C:\Users\Admin\graceful_books\node_modules\jsdom\lib\jsdom\living\events\EventTarget-impl.js:353:9)
    at invokeEventListeners (C:\Users\Admin\graceful_books\node_modules\jsdom\lib\jsdom\living\events\EventTarget-impl.js:286:3)
    at HTMLUnknownElementImpl._dispatch (C:\Users\Admin\graceful_books\node_modules\jsdom\lib\jsdom\living\events\EventTarget-impl.js:233:9)
    at HTMLUnknownElementImpl.dispatchEvent (C:\Users\Admin\graceful_books\node_modules\jsdom\lib\jsdom\living\events\EventTarget-impl.js:104:17)
    at HTMLUnknownElement.dispatchEvent (C:\Users\Admin\graceful_books\node_modules\jsdom\lib\jsdom\living\generated\EventTarget.js:241:34)
    at Object.invokeGuardedCallbackDev (C:\Users\Admin\graceful_books\node_modules\react-dom\cjs\react-dom.development.js:4213:16)
    at invokeGuardedCallback (C:\Users\Admin\graceful_books\node_modules\react-dom\cjs\react-dom.development.js:4277:31)
    at beginWork$1 (C:\Users\Admin\graceful_books\node_modules\react-dom\cjs\react-dom.development.js:27490:7)
    at performUnitOfWork (C:\Users\Admin\graceful_books\node_modules\react-dom\cjs\react-dom.development.js:26599:12) Error: useCPGSettingsContext must be used within a CPGSettingsProvider
    at useCPGSettingsContext (C:/Users/Admin/graceful_books/src/contexts/CPGSettingsContext.tsx:166:11)
    at useCPGSettings (C:/Users/Admin/graceful_books/src/hooks/useCPGSettings.ts:12:10)
    at PromoComparison (C:/Users/Admin/graceful_books/src/components/cpg/PromoComparison.tsx:72:48)
    at renderWithHooks (C:\Users\Admin\graceful_books\node_modules\react-dom\cjs\react-dom.development.js:15486:18)
    at mountIndeterminateComponent (C:\Users\Admin\graceful_books\node_modules\react-dom\cjs\react-dom.development.js:20103:13)
    at beginWork (C:\Users\Admin\graceful_books\node_modules\react-dom\cjs\react-dom.development.js:21626:16)
    at HTMLUnknownElement.callCallback (C:\Users\Admin\graceful_books\node_modules\react-dom\cjs\react-dom.development.js:4164:14)
    at HTMLUnknownElement.callTheUserObjectsOperation (C:\Users\Admin\graceful_books\node_modules\jsdom\lib\jsdom\living\generated\EventListener.js:26:30)
    at innerInvokeEventListeners (C:\Users\Admin\graceful_books\node_modules\jsdom\lib\jsdom\living\events\EventTarget-impl.js:350:25)
    at invokeEventListeners (C:\Users\Admin\graceful_books\node_modules\jsdom\lib\jsdom\living\events\EventTarget-impl.js:286:3)
Error: Uncaught [Error: useCPGSettingsContext must be used within a CPGSettingsProvider]
    at reportException (C:\Users\Admin\graceful_books\node_modules\jsdom\lib\jsdom\living\helpers\runtime-script-errors.js:66:24)
    at innerInvokeEventListeners (C:\Users\Admin\graceful_books\node_modules\jsdom\lib\jsdom\living\events\EventTarget-impl.js:353:9)
    at invokeEventListeners (C:\Users\Admin\graceful_books\node_modules\jsdom\lib\jsdom\living\events\EventTarget-impl.js:286:3)
    at HTMLUnknownElementImpl._dispatch (C:\Users\Admin\graceful_books\node_modules\jsdom\lib\jsdom\living\events\EventTarget-impl.js:233:9)
    at HTMLUnknownElementImpl.dispatchEvent (C:\Users\Admin\graceful_books\node_modules\jsdom\lib\jsdom\living\events\EventTarget-impl.js:104:17)
    at HTMLUnknownElement.dispatchEvent (C:\Users\Admin\graceful_books\node_modules\jsdom\lib\jsdom\living\generated\EventTarget.js:241:34)
    at Object.invokeGuardedCallbackDev (C:\Users\Admin\graceful_books\node_modules\react-dom\cjs\react-dom.development.js:4213:16)
    at invokeGuardedCallback (C:\Users\Admin\graceful_books\node_modules\react-dom\cjs\react-dom.development.js:4277:31)
    at beginWork$1 (C:\Users\Admin\graceful_books\node_modules\react-dom\cjs\react-dom.development.js:27490:7)
    at performUnitOfWork (C:\Users\Admin\graceful_books\node_modules\react-dom\cjs\react-dom.development.js:26599:12) Error: useCPGSettingsContext must be used within a CPGSettingsProvider
    at useCPGSettingsContext (C:/Users/Admin/graceful_books/src/contexts/CPGSettingsContext.tsx:166:11)
    at useCPGSettings (C:/Users/Admin/graceful_books/src/hooks/useCPGSettings.ts:12:10)
    at PromoComparison (C:/Users/Admin/graceful_books/src/components/cpg/PromoComparison.tsx:72:48)
    at renderWithHooks (C:\Users\Admin\graceful_books\node_modules\react-dom\cjs\react-dom.development.js:15486:18)
    at mountIndeterminateComponent (C:\Users\Admin\graceful_books\node_modules\react-dom\cjs\react-dom.development.js:20103:13)
    at beginWork (C:\Users\Admin\graceful_books\node_modules\react-dom\cjs\react-dom.development.js:21626:16)
    at HTMLUnknownElement.callCallback (C:\Users\Admin\graceful_books\node_modules\react-dom\cjs\react-dom.development.js:4164:14)
    at HTMLUnknownElement.callTheUserObjectsOperation (C:\Users\Admin\graceful_books\node_modules\jsdom\lib\jsdom\living\generated\EventListener.js:26:30)
    at innerInvokeEventListeners (C:\Users\Admin\graceful_books\node_modules\jsdom\lib\jsdom\living\events\EventTarget-impl.js:350:25)
    at invokeEventListeners (C:\Users\Admin\graceful_books\node_modules\jsdom\lib\jsdom\living\events\EventTarget-impl.js:286:3)
stderr | src/components/cpg/PromoComparison.test.tsx > PromoComparison > Rendering > renders title
The above error occurred in the <PromoComparison> component:

    at PromoComparison (C:/Users/Admin/graceful_books/src/components/cpg/PromoComparison.tsx:8:28)

Consider adding an error boundary to your tree to customize error handling behavior.
Visit https://reactjs.org/link/error-boundaries to learn more about error boundaries.

stderr | src/components/cpg/PromoComparison.test.tsx > PromoComparison > Rendering > renders all variant sections
The above error occurred in the <PromoComparison> component:

    at PromoComparison (C:/Users/Admin/graceful_books/src/components/cpg/PromoComparison.tsx:8:28)

Consider adding an error boundary to your tree to customize error handling behavior.
Visit https://reactjs.org/link/error-boundaries to learn more about error boundaries.

stderr | src/components/cpg/PromoComparison.test.tsx > PromoComparison > Rendering > renders WITHOUT Promo column header
The above error occurred in the <PromoComparison> component:

    at PromoComparison (C:/Users/Admin/graceful_books/src/components/cpg/PromoComparison.tsx:8:28)

Consider adding an error boundary to your tree to customize error handling behavior.
Visit https://reactjs.org/link/error-boundaries to learn more about error boundaries.

stderr | src/components/cpg/PromoComparison.test.tsx > PromoComparison > Rendering > renders WITH Promo column header
The above error occurred in the <PromoComparison> component:

    at PromoComparison (C:/Users/Admin/graceful_books/src/components/cpg/PromoComparison.tsx:8:28)

Consider adding an error boundary to your tree to customize error handling behavior.
Visit https://reactjs.org/link/error-boundaries to learn more about error boundaries.

stderr | src/components/cpg/PromoComparison.test.tsx > PromoComparison > WITHOUT Promo Column > displays CPU value
The above error occurred in the <PromoComparison> component:

    at PromoComparison (C:/Users/Admin/graceful_books/src/components/cpg/PromoComparison.tsx:8:28)

Consider adding an error boundary to your tree to customize error handling behavior.
Visit https://reactjs.org/link/error-boundaries to learn more about error boundaries.

stderr | src/components/cpg/PromoComparison.test.tsx > PromoComparison > WITHOUT Promo Column > displays margin percentage
The above error occurred in the <PromoComparison> component:

    at PromoComparison (C:/Users/Admin/graceful_books/src/components/cpg/PromoComparison.tsx:8:28)

Consider adding an error boundary to your tree to customize error handling behavior.
Visit https://reactjs.org/link/error-boundaries to learn more about error boundaries.

Error: Uncaught [Error: useCPGSettingsContext must be used within a CPGSettingsProvider]
    at reportException (C:\Users\Admin\graceful_books\node_modules\jsdom\lib\jsdom\living\helpers\runtime-script-errors.js:66:24)
    at innerInvokeEventListeners (C:\Users\Admin\graceful_books\node_modules\jsdom\lib\jsdom\living\events\EventTarget-impl.js:353:9)
    at invokeEventListeners (C:\Users\Admin\graceful_books\node_modules\jsdom\lib\jsdom\living\events\EventTarget-impl.js:286:3)
    at HTMLUnknownElementImpl._dispatch (C:\Users\Admin\graceful_books\node_modules\jsdom\lib\jsdom\living\events\EventTarget-impl.js:233:9)
    at HTMLUnknownElementImpl.dispatchEvent (C:\Users\Admin\graceful_books\node_modules\jsdom\lib\jsdom\living\events\EventTarget-impl.js:104:17)
    at HTMLUnknownElement.dispatchEvent (C:\Users\Admin\graceful_books\node_modules\jsdom\lib\jsdom\living\generated\EventTarget.js:241:34)
    at Object.invokeGuardedCallbackDev (C:\Users\Admin\graceful_books\node_modules\react-dom\cjs\react-dom.development.js:4213:16)
    at invokeGuardedCallback (C:\Users\Admin\graceful_books\node_modules\react-dom\cjs\react-dom.development.js:4277:31)
    at beginWork$1 (C:\Users\Admin\graceful_books\node_modules\react-dom\cjs\react-dom.development.js:27490:7)
    at performUnitOfWork (C:\Users\Admin\graceful_books\node_modules\react-dom\cjs\react-dom.development.js:26599:12) Error: useCPGSettingsContext must be used within a CPGSettingsProvider
    at useCPGSettingsContext (C:/Users/Admin/graceful_books/src/contexts/CPGSettingsContext.tsx:166:11)
    at useCPGSettings (C:/Users/Admin/graceful_books/src/hooks/useCPGSettings.ts:12:10)
    at PromoComparison (C:/Users/Admin/graceful_books/src/components/cpg/PromoComparison.tsx:72:48)
    at renderWithHooks (C:\Users\Admin\graceful_books\node_modules\react-dom\cjs\react-dom.development.js:15486:18)
    at mountIndeterminateComponent (C:\Users\Admin\graceful_books\node_modules\react-dom\cjs\react-dom.development.js:20103:13)
    at beginWork (C:\Users\Admin\graceful_books\node_modules\react-dom\cjs\react-dom.development.js:21626:16)
    at HTMLUnknownElement.callCallback (C:\Users\Admin\graceful_books\node_modules\react-dom\cjs\react-dom.development.js:4164:14)
    at HTMLUnknownElement.callTheUserObjectsOperation (C:\Users\Admin\graceful_books\node_modules\jsdom\lib\jsdom\living\generated\EventListener.js:26:30)
    at innerInvokeEventListeners (C:\Users\Admin\graceful_books\node_modules\jsdom\lib\jsdom\living\events\EventTarget-impl.js:350:25)
    at invokeEventListeners (C:\Users\Admin\graceful_books\node_modules\jsdom\lib\jsdom\living\events\EventTarget-impl.js:286:3)
Error: Uncaught [Error: useCPGSettingsContext must be used within a CPGSettingsProvider]
    at reportException (C:\Users\Admin\graceful_books\node_modules\jsdom\lib\jsdom\living\helpers\runtime-script-errors.js:66:24)
    at innerInvokeEventListeners (C:\Users\Admin\graceful_books\node_modules\jsdom\lib\jsdom\living\events\EventTarget-impl.js:353:9)
    at invokeEventListeners (C:\Users\Admin\graceful_books\node_modules\jsdom\lib\jsdom\living\events\EventTarget-impl.js:286:3)
    at HTMLUnknownElementImpl._dispatch (C:\Users\Admin\graceful_books\node_modules\jsdom\lib\jsdom\living\events\EventTarget-impl.js:233:9)
    at HTMLUnknownElementImpl.dispatchEvent (C:\Users\Admin\graceful_books\node_modules\jsdom\lib\jsdom\living\events\EventTarget-impl.js:104:17)
    at HTMLUnknownElement.dispatchEvent (C:\Users\Admin\graceful_books\node_modules\jsdom\lib\jsdom\living\generated\EventTarget.js:241:34)
    at Object.invokeGuardedCallbackDev (C:\Users\Admin\graceful_books\node_modules\react-dom\cjs\react-dom.development.js:4213:16)
    at invokeGuardedCallback (C:\Users\Admin\graceful_books\node_modules\react-dom\cjs\react-dom.development.js:4277:31)
    at beginWork$1 (C:\Users\Admin\graceful_books\node_modules\react-dom\cjs\react-dom.development.js:27490:7)
    at performUnitOfWork (C:\Users\Admin\graceful_books\node_modules\react-dom\cjs\react-dom.development.js:26599:12) Error: useCPGSettingsContext must be used within a CPGSettingsProvider
    at useCPGSettingsContext (C:/Users/Admin/graceful_books/src/contexts/CPGSettingsContext.tsx:166:11)
    at useCPGSettings (C:/Users/Admin/graceful_books/src/hooks/useCPGSettings.ts:12:10)
    at PromoComparison (C:/Users/Admin/graceful_books/src/components/cpg/PromoComparison.tsx:72:48)
    at renderWithHooks (C:\Users\Admin\graceful_books\node_modules\react-dom\cjs\react-dom.development.js:15486:18)
    at mountIndeterminateComponent (C:\Users\Admin\graceful_books\node_modules\react-dom\cjs\react-dom.development.js:20103:13)
    at beginWork (C:\Users\Admin\graceful_books\node_modules\react-dom\cjs\react-dom.development.js:21626:16)
    at HTMLUnknownElement.callCallback (C:\Users\Admin\graceful_books\node_modules\react-dom\cjs\react-dom.development.js:4164:14)
    at HTMLUnknownElement.callTheUserObjectsOperation (C:\Users\Admin\graceful_books\node_modules\jsdom\lib\jsdom\living\generated\EventListener.js:26:30)
    at innerInvokeEventListeners (C:\Users\Admin\graceful_books\node_modules\jsdom\lib\jsdom\living\events\EventTarget-impl.js:350:25)
    at invokeEventListeners (C:\Users\Admin\graceful_books\node_modules\jsdom\lib\jsdom\living\events\EventTarget-impl.js:286:3)
Error: Uncaught [Error: useCPGSettingsContext must be used within a CPGSettingsProvider]
    at reportException (C:\Users\Admin\graceful_books\node_modules\jsdom\lib\jsdom\living\helpers\runtime-script-errors.js:66:24)
    at innerInvokeEventListeners (C:\Users\Admin\graceful_books\node_modules\jsdom\lib\jsdom\living\events\EventTarget-impl.js:353:9)
    at invokeEventListeners (C:\Users\Admin\graceful_books\node_modules\jsdom\lib\jsdom\living\events\EventTarget-impl.js:286:3)
    at HTMLUnknownElementImpl._dispatch (C:\Users\Admin\graceful_books\node_modules\jsdom\lib\jsdom\living\events\EventTarget-impl.js:233:9)
    at HTMLUnknownElementImpl.dispatchEvent (C:\Users\Admin\graceful_books\node_modules\jsdom\lib\jsdom\living\events\EventTarget-impl.js:104:17)
    at HTMLUnknownElement.dispatchEvent (C:\Users\Admin\graceful_books\node_modules\jsdom\lib\jsdom\living\generated\EventTarget.js:241:34)
    at Object.invokeGuardedCallbackDev (C:\Users\Admin\graceful_books\node_modules\react-dom\cjs\react-dom.development.js:4213:16)
    at invokeGuardedCallback (C:\Users\Admin\graceful_books\node_modules\react-dom\cjs\react-dom.development.js:4277:31)
    at beginWork$1 (C:\Users\Admin\graceful_books\node_modules\react-dom\cjs\react-dom.development.js:27490:7)
    at performUnitOfWork (C:\Users\Admin\graceful_books\node_modules\react-dom\cjs\react-dom.development.js:26599:12) Error: useCPGSettingsContext must be used within a CPGSettingsProvider
    at useCPGSettingsContext (C:/Users/Admin/graceful_books/src/contexts/CPGSettingsContext.tsx:166:11)
    at useCPGSettings (C:/Users/Admin/graceful_books/src/hooks/useCPGSettings.ts:12:10)
    at PromoComparison (C:/Users/Admin/graceful_books/src/components/cpg/PromoComparison.tsx:72:48)
    at renderWithHooks (C:\Users\Admin\graceful_books\node_modules\react-dom\cjs\react-dom.development.js:15486:18)
    at mountIndeterminateComponent (C:\Users\Admin\graceful_books\node_modules\react-dom\cjs\react-dom.development.js:20103:13)
    at beginWork (C:\Users\Admin\graceful_books\node_modules\react-dom\cjs\react-dom.development.js:21626:16)
    at HTMLUnknownElement.callCallback (C:\Users\Admin\graceful_books\node_modules\react-dom\cjs\react-dom.development.js:4164:14)
    at HTMLUnknownElement.callTheUserObjectsOperation (C:\Users\Admin\graceful_books\node_modules\jsdom\lib\jsdom\living\generated\EventListener.js:26:30)
    at innerInvokeEventListeners (C:\Users\Admin\graceful_books\node_modules\jsdom\lib\jsdom\living\events\EventTarget-impl.js:350:25)
    at invokeEventListeners (C:\Users\Admin\graceful_books\node_modules\jsdom\lib\jsdom\living\events\EventTarget-impl.js:286:3)
Error: Uncaught [Error: useCPGSettingsContext must be used within a CPGSettingsProvider]
    at reportException (C:\Users\Admin\graceful_books\node_modules\jsdom\lib\jsdom\living\helpers\runtime-script-errors.js:66:24)
    at innerInvokeEventListeners (C:\Users\Admin\graceful_books\node_modules\jsdom\lib\jsdom\living\events\EventTarget-impl.js:353:9)
    at invokeEventListeners (C:\Users\Admin\graceful_books\node_modules\jsdom\lib\jsdom\living\events\EventTarget-impl.js:286:3)
    at HTMLUnknownElementImpl._dispatch (C:\Users\Admin\graceful_books\node_modules\jsdom\lib\jsdom\living\events\EventTarget-impl.js:233:9)
    at HTMLUnknownElementImpl.dispatchEvent (C:\Users\Admin\graceful_books\node_modules\jsdom\lib\jsdom\living\events\EventTarget-impl.js:104:17)
    at HTMLUnknownElement.dispatchEvent (C:\Users\Admin\graceful_books\node_modules\jsdom\lib\jsdom\living\generated\EventTarget.js:241:34)
    at Object.invokeGuardedCallbackDev (C:\Users\Admin\graceful_books\node_modules\react-dom\cjs\react-dom.development.js:4213:16)
    at invokeGuardedCallback (C:\Users\Admin\graceful_books\node_modules\react-dom\cjs\react-dom.development.js:4277:31)
    at beginWork$1 (C:\Users\Admin\graceful_books\node_modules\react-dom\cjs\react-dom.development.js:27490:7)
    at performUnitOfWork (C:\Users\Admin\graceful_books\node_modules\react-dom\cjs\react-dom.development.js:26599:12) Error: useCPGSettingsContext must be used within a CPGSettingsProvider
    at useCPGSettingsContext (C:/Users/Admin/graceful_books/src/contexts/CPGSettingsContext.tsx:166:11)
    at useCPGSettings (C:/Users/Admin/graceful_books/src/hooks/useCPGSettings.ts:12:10)
    at PromoComparison (C:/Users/Admin/graceful_books/src/components/cpg/PromoComparison.tsx:72:48)
    at renderWithHooks (C:\Users\Admin\graceful_books\node_modules\react-dom\cjs\react-dom.development.js:15486:18)
    at mountIndeterminateComponent (C:\Users\Admin\graceful_books\node_modules\react-dom\cjs\react-dom.development.js:20103:13)
    at beginWork (C:\Users\Admin\graceful_books\node_modules\react-dom\cjs\react-dom.development.js:21626:16)
    at HTMLUnknownElement.callCallback (C:\Users\Admin\graceful_books\node_modules\react-dom\cjs\react-dom.development.js:4164:14)
    at HTMLUnknownElement.callTheUserObjectsOperation (C:\Users\Admin\graceful_books\node_modules\jsdom\lib\jsdom\living\generated\EventListener.js:26:30)
    at innerInvokeEventListeners (C:\Users\Admin\graceful_books\node_modules\jsdom\lib\jsdom\living\events\EventTarget-impl.js:350:25)
    at invokeEventListeners (C:\Users\Admin\graceful_books\node_modules\jsdom\lib\jsdom\living\events\EventTarget-impl.js:286:3)
Error: Uncaught [Error: useCPGSettingsContext must be used within a CPGSettingsProvider]
    at reportException (C:\Users\Admin\graceful_books\node_modules\jsdom\lib\jsdom\living\helpers\runtime-script-errors.js:66:24)
    at innerInvokeEventListeners (C:\Users\Admin\graceful_books\node_modules\jsdom\lib\jsdom\living\events\EventTarget-impl.js:353:9)
    at invokeEventListeners (C:\Users\Admin\graceful_books\node_modules\jsdom\lib\jsdom\living\events\EventTarget-impl.js:286:3)
    at HTMLUnknownElementImpl._dispatch (C:\Users\Admin\graceful_books\node_modules\jsdom\lib\jsdom\living\events\EventTarget-impl.js:233:9)
    at HTMLUnknownElementImpl.dispatchEvent (C:\Users\Admin\graceful_books\node_modules\jsdom\lib\jsdom\living\events\EventTarget-impl.js:104:17)
    at HTMLUnknownElement.dispatchEvent (C:\Users\Admin\graceful_books\node_modules\jsdom\lib\jsdom\living\generated\EventTarget.js:241:34)
    at Object.invokeGuardedCallbackDev (C:\Users\Admin\graceful_books\node_modules\react-dom\cjs\react-dom.development.js:4213:16)
    at invokeGuardedCallback (C:\Users\Admin\graceful_books\node_modules\react-dom\cjs\react-dom.development.js:4277:31)
    at beginWork$1 (C:\Users\Admin\graceful_books\node_modules\react-dom\cjs\react-dom.development.js:27490:7)
    at performUnitOfWork (C:\Users\Admin\graceful_books\node_modules\react-dom\cjs\react-dom.development.js:26599:12) Error: useCPGSettingsContext must be used within a CPGSettingsProvider
    at useCPGSettingsContext (C:/Users/Admin/graceful_books/src/contexts/CPGSettingsContext.tsx:166:11)
    at useCPGSettings (C:/Users/Admin/graceful_books/src/hooks/useCPGSettings.ts:12:10)
    at PromoComparison (C:/Users/Admin/graceful_books/src/components/cpg/PromoComparison.tsx:72:48)
    at renderWithHooks (C:\Users\Admin\graceful_books\node_modules\react-dom\cjs\react-dom.development.js:15486:18)
    at mountIndeterminateComponent (C:\Users\Admin\graceful_books\node_modules\react-dom\cjs\react-dom.development.js:20103:13)
    at beginWork (C:\Users\Admin\graceful_books\node_modules\react-dom\cjs\react-dom.development.js:21626:16)
    at HTMLUnknownElement.callCallback (C:\Users\Admin\graceful_books\node_modules\react-dom\cjs\react-dom.development.js:4164:14)
    at HTMLUnknownElement.callTheUserObjectsOperation (C:\Users\Admin\graceful_books\node_modules\jsdom\lib\jsdom\living\generated\EventListener.js:26:30)
    at innerInvokeEventListeners (C:\Users\Admin\graceful_books\node_modules\jsdom\lib\jsdom\living\events\EventTarget-impl.js:350:25)
    at invokeEventListeners (C:\Users\Admin\graceful_books\node_modules\jsdom\lib\jsdom\living\events\EventTarget-impl.js:286:3)
Error: Uncaught [Error: useCPGSettingsContext must be used within a CPGSettingsProvider]
    at reportException (C:\Users\Admin\graceful_books\node_modules\jsdom\lib\jsdom\living\helpers\runtime-script-errors.js:66:24)
    at innerInvokeEventListeners (C:\Users\Admin\graceful_books\node_modules\jsdom\lib\jsdom\living\events\EventTarget-impl.js:353:9)
    at invokeEventListeners (C:\Users\Admin\graceful_books\node_modules\jsdom\lib\jsdom\living\events\EventTarget-impl.js:286:3)
    at HTMLUnknownElementImpl._dispatch (C:\Users\Admin\graceful_books\node_modules\jsdom\lib\jsdom\living\events\EventTarget-impl.js:233:9)
    at HTMLUnknownElementImpl.dispatchEvent (C:\Users\Admin\graceful_books\node_modules\jsdom\lib\jsdom\living\events\EventTarget-impl.js:104:17)
    at HTMLUnknownElement.dispatchEvent (C:\Users\Admin\graceful_books\node_modules\jsdom\lib\jsdom\living\generated\EventTarget.js:241:34)
    at Object.invokeGuardedCallbackDev (C:\Users\Admin\graceful_books\node_modules\react-dom\cjs\react-dom.development.js:4213:16)
    at invokeGuardedCallback (C:\Users\Admin\graceful_books\node_modules\react-dom\cjs\react-dom.development.js:4277:31)
    at beginWork$1 (C:\Users\Admin\graceful_books\node_modules\react-dom\cjs\react-dom.development.js:27490:7)
    at performUnitOfWork (C:\Users\Admin\graceful_books\node_modules\react-dom\cjs\react-dom.development.js:26599:12) Error: useCPGSettingsContext must be used within a CPGSettingsProvider
    at useCPGSettingsContext (C:/Users/Admin/graceful_books/src/contexts/CPGSettingsContext.tsx:166:11)
    at useCPGSettings (C:/Users/Admin/graceful_books/src/hooks/useCPGSettings.ts:12:10)
    at PromoComparison (C:/Users/Admin/graceful_books/src/components/cpg/PromoComparison.tsx:72:48)
    at renderWithHooks (C:\Users\Admin\graceful_books\node_modules\react-dom\cjs\react-dom.development.js:15486:18)
    at mountIndeterminateComponent (C:\Users\Admin\graceful_books\node_modules\react-dom\cjs\react-dom.development.js:20103:13)
    at beginWork (C:\Users\Admin\graceful_books\node_modules\react-dom\cjs\react-dom.development.js:21626:16)
    at HTMLUnknownElement.callCallback (C:\Users\Admin\graceful_books\node_modules\react-dom\cjs\react-dom.development.js:4164:14)
    at HTMLUnknownElement.callTheUserObjectsOperation (C:\Users\Admin\graceful_books\node_modules\jsdom\lib\jsdom\living\generated\EventListener.js:26:30)
    at innerInvokeEventListeners (C:\Users\Admin\graceful_books\node_modules\jsdom\lib\jsdom\living\events\EventTarget-impl.js:350:25)
    at invokeEventListeners (C:\Users\Admin\graceful_books\node_modules\jsdom\lib\jsdom\living\events\EventTarget-impl.js:286:3)
Error: Uncaught [Error: useCPGSettingsContext must be used within a CPGSettingsProvider]
    at reportException (C:\Users\Admin\graceful_books\node_modules\jsdom\lib\jsdom\living\helpers\runtime-script-errors.js:66:24)
    at innerInvokeEventListeners (C:\Users\Admin\graceful_books\node_modules\jsdom\lib\jsdom\living\events\EventTarget-impl.js:353:9)
    at invokeEventListeners (C:\Users\Admin\graceful_books\node_modules\jsdom\lib\jsdom\living\events\EventTarget-impl.js:286:3)
    at HTMLUnknownElementImpl._dispatch (C:\Users\Admin\graceful_books\node_modules\jsdom\lib\jsdom\living\events\EventTarget-impl.js:233:9)
    at HTMLUnknownElementImpl.dispatchEvent (C:\Users\Admin\graceful_books\node_modules\jsdom\lib\jsdom\living\events\EventTarget-impl.js:104:17)
    at HTMLUnknownElement.dispatchEvent (C:\Users\Admin\graceful_books\node_modules\jsdom\lib\jsdom\living\generated\EventTarget.js:241:34)
    at Object.invokeGuardedCallbackDev (C:\Users\Admin\graceful_books\node_modules\react-dom\cjs\react-dom.development.js:4213:16)
    at invokeGuardedCallback (C:\Users\Admin\graceful_books\node_modules\react-dom\cjs\react-dom.development.js:4277:31)
    at beginWork$1 (C:\Users\Admin\graceful_books\node_modules\react-dom\cjs\react-dom.development.js:27490:7)
    at performUnitOfWork (C:\Users\Admin\graceful_books\node_modules\react-dom\cjs\react-dom.development.js:26599:12) Error: useCPGSettingsContext must be used within a CPGSettingsProvider
    at useCPGSettingsContext (C:/Users/Admin/graceful_books/src/contexts/CPGSettingsContext.tsx:166:11)
    at useCPGSettings (C:/Users/Admin/graceful_books/src/hooks/useCPGSettings.ts:12:10)
    at PromoComparison (C:/Users/Admin/graceful_books/src/components/cpg/PromoComparison.tsx:72:48)
    at renderWithHooks (C:\Users\Admin\graceful_books\node_modules\react-dom\cjs\react-dom.development.js:15486:18)
    at mountIndeterminateComponent (C:\Users\Admin\graceful_books\node_modules\react-dom\cjs\react-dom.development.js:20103:13)
    at beginWork (C:\Users\Admin\graceful_books\node_modules\react-dom\cjs\react-dom.development.js:21626:16)
    at HTMLUnknownElement.callCallback (C:\Users\Admin\graceful_books\node_modules\react-dom\cjs\react-dom.development.js:4164:14)
    at HTMLUnknownElement.callTheUserObjectsOperation (C:\Users\Admin\graceful_books\node_modules\jsdom\lib\jsdom\living\generated\EventListener.js:26:30)
    at innerInvokeEventListeners (C:\Users\Admin\graceful_books\node_modules\jsdom\lib\jsdom\living\events\EventTarget-impl.js:350:25)
    at invokeEventListeners (C:\Users\Admin\graceful_books\node_modules\jsdom\lib\jsdom\living\events\EventTarget-impl.js:286:3)
Error: Uncaught [Error: useCPGSettingsContext must be used within a CPGSettingsProvider]
    at reportException (C:\Users\Admin\graceful_books\node_modules\jsdom\lib\jsdom\living\helpers\runtime-script-errors.js:66:24)
    at innerInvokeEventListeners (C:\Users\Admin\graceful_books\node_modules\jsdom\lib\jsdom\living\events\EventTarget-impl.js:353:9)
    at invokeEventListeners (C:\Users\Admin\graceful_books\node_modules\jsdom\lib\jsdom\living\events\EventTarget-impl.js:286:3)
    at HTMLUnknownElementImpl._dispatch (C:\Users\Admin\graceful_books\node_modules\jsdom\lib\jsdom\living\events\EventTarget-impl.js:233:9)
    at HTMLUnknownElementImpl.dispatchEvent (C:\Users\Admin\graceful_books\node_modules\jsdom\lib\jsdom\living\events\EventTarget-impl.js:104:17)
    at HTMLUnknownElement.dispatchEvent (C:\Users\Admin\graceful_books\node_modules\jsdom\lib\jsdom\living\generated\EventTarget.js:241:34)
    at Object.invokeGuardedCallbackDev (C:\Users\Admin\graceful_books\node_modules\react-dom\cjs\react-dom.development.js:4213:16)
    at invokeGuardedCallback (C:\Users\Admin\graceful_books\node_modules\react-dom\cjs\react-dom.development.js:4277:31)
    at beginWork$1 (C:\Users\Admin\graceful_books\node_modules\react-dom\cjs\react-dom.development.js:27490:7)
    at performUnitOfWork (C:\Users\Admin\graceful_books\node_modules\react-dom\cjs\react-dom.development.js:26599:12) Error: useCPGSettingsContext must be used within a CPGSettingsProvider
    at useCPGSettingsContext (C:/Users/Admin/graceful_books/src/contexts/CPGSettingsContext.tsx:166:11)
    at useCPGSettings (C:/Users/Admin/graceful_books/src/hooks/useCPGSettings.ts:12:10)
    at PromoComparison (C:/Users/Admin/graceful_books/src/components/cpg/PromoComparison.tsx:72:48)
    at renderWithHooks (C:\Users\Admin\graceful_books\node_modules\react-dom\cjs\react-dom.development.js:15486:18)
    at mountIndeterminateComponent (C:\Users\Admin\graceful_books\node_modules\react-dom\cjs\react-dom.development.js:20103:13)
    at beginWork (C:\Users\Admin\graceful_books\node_modules\react-dom\cjs\react-dom.development.js:21626:16)
    at HTMLUnknownElement.callCallback (C:\Users\Admin\graceful_books\node_modules\react-dom\cjs\react-dom.development.js:4164:14)
    at HTMLUnknownElement.callTheUserObjectsOperation (C:\Users\Admin\graceful_books\node_modules\jsdom\lib\jsdom\living\generated\EventListener.js:26:30)
    at innerInvokeEventListeners (C:\Users\Admin\graceful_books\node_modules\jsdom\lib\jsdom\living\events\EventTarget-impl.js:350:25)
    at invokeEventListeners (C:\Users\Admin\graceful_books\node_modules\jsdom\lib\jsdom\living\events\EventTarget-impl.js:286:3)
Error: Uncaught [Error: useCPGSettingsContext must be used within a CPGSettingsProvider]
    at reportException (C:\Users\Admin\graceful_books\node_modules\jsdom\lib\jsdom\living\helpers\runtime-script-errors.js:66:24)
    at innerInvokeEventListeners (C:\Users\Admin\graceful_books\node_modules\jsdom\lib\jsdom\living\events\EventTarget-impl.js:353:9)
    at invokeEventListeners (C:\Users\Admin\graceful_books\node_modules\jsdom\lib\jsdom\living\events\EventTarget-impl.js:286:3)
    at HTMLUnknownElementImpl._dispatch (C:\Users\Admin\graceful_books\node_modules\jsdom\lib\jsdom\living\events\EventTarget-impl.js:233:9)
    at HTMLUnknownElementImpl.dispatchEvent (C:\Users\Admin\graceful_books\node_modules\jsdom\lib\jsdom\living\events\EventTarget-impl.js:104:17)
    at HTMLUnknownElement.dispatchEvent (C:\Users\Admin\graceful_books\node_modules\jsdom\lib\jsdom\living\generated\EventTarget.js:241:34)
    at Object.invokeGuardedCallbackDev (C:\Users\Admin\graceful_books\node_modules\react-dom\cjs\react-dom.development.js:4213:16)
    at invokeGuardedCallback (C:\Users\Admin\graceful_books\node_modules\react-dom\cjs\react-dom.development.js:4277:31)
    at beginWork$1 (C:\Users\Admin\graceful_books\node_modules\react-dom\cjs\react-dom.development.js:27490:7)
    at performUnitOfWork (C:\Users\Admin\graceful_books\node_modules\react-dom\cjs\react-dom.development.js:26599:12) Error: useCPGSettingsContext must be used within a CPGSettingsProvider
    at useCPGSettingsContext (C:/Users/Admin/graceful_books/src/contexts/CPGSettingsContext.tsx:166:11)
    at useCPGSettings (C:/Users/Admin/graceful_books/src/hooks/useCPGSettings.ts:12:10)
    at PromoComparison (C:/Users/Admin/graceful_books/src/components/cpg/PromoComparison.tsx:72:48)
    at renderWithHooks (C:\Users\Admin\graceful_books\node_modules\react-dom\cjs\react-dom.development.js:15486:18)
    at mountIndeterminateComponent (C:\Users\Admin\graceful_books\node_modules\react-dom\cjs\react-dom.development.js:20103:13)
    at beginWork (C:\Users\Admin\graceful_books\node_modules\react-dom\cjs\react-dom.development.js:21626:16)
    at HTMLUnknownElement.callCallback (C:\Users\Admin\graceful_books\node_modules\react-dom\cjs\react-dom.development.js:4164:14)
    at HTMLUnknownElement.callTheUserObjectsOperation (C:\Users\Admin\graceful_books\node_modules\jsdom\lib\jsdom\living\generated\EventListener.js:26:30)
    at innerInvokeEventListeners (C:\Users\Admin\graceful_books\node_modules\jsdom\lib\jsdom\living\events\EventTarget-impl.js:350:25)
    at invokeEventListeners (C:\Users\Admin\graceful_books\node_modules\jsdom\lib\jsdom\living\events\EventTarget-impl.js:286:3)
Error: Uncaught [Error: useCPGSettingsContext must be used within a CPGSettingsProvider]
    at reportException (C:\Users\Admin\graceful_books\node_modules\jsdom\lib\jsdom\living\helpers\runtime-script-errors.js:66:24)
    at innerInvokeEventListeners (C:\Users\Admin\graceful_books\node_modules\jsdom\lib\jsdom\living\events\EventTarget-impl.js:353:9)
    at invokeEventListeners (C:\Users\Admin\graceful_books\node_modules\jsdom\lib\jsdom\living\events\EventTarget-impl.js:286:3)
    at HTMLUnknownElementImpl._dispatch (C:\Users\Admin\graceful_books\node_modules\jsdom\lib\jsdom\living\events\EventTarget-impl.js:233:9)
    at HTMLUnknownElementImpl.dispatchEvent (C:\Users\Admin\graceful_books\node_modules\jsdom\lib\jsdom\living\events\EventTarget-impl.js:104:17)
    at HTMLUnknownElement.dispatchEvent (C:\Users\Admin\graceful_books\node_modules\jsdom\lib\jsdom\living\generated\EventTarget.js:241:34)
    at Object.invokeGuardedCallbackDev (C:\Users\Admin\graceful_books\node_modules\react-dom\cjs\react-dom.development.js:4213:16)
    at invokeGuardedCallback (C:\Users\Admin\graceful_books\node_modules\react-dom\cjs\react-dom.development.js:4277:31)
    at beginWork$1 (C:\Users\Admin\graceful_books\node_modules\react-dom\cjs\react-dom.development.js:27490:7)
    at performUnitOfWork (C:\Users\Admin\graceful_books\node_modules\react-dom\cjs\react-dom.development.js:26599:12) Error: useCPGSettingsContext must be used within a CPGSettingsProvider
    at useCPGSettingsContext (C:/Users/Admin/graceful_books/src/contexts/CPGSettingsContext.tsx:166:11)
    at useCPGSettings (C:/Users/Admin/graceful_books/src/hooks/useCPGSettings.ts:12:10)
    at PromoComparison (C:/Users/Admin/graceful_books/src/components/cpg/PromoComparison.tsx:72:48)
    at renderWithHooks (C:\Users\Admin\graceful_books\node_modules\react-dom\cjs\react-dom.development.js:15486:18)
    at mountIndeterminateComponent (C:\Users\Admin\graceful_books\node_modules\react-dom\cjs\react-dom.development.js:20103:13)
    at beginWork (C:\Users\Admin\graceful_books\node_modules\react-dom\cjs\react-dom.development.js:21626:16)
    at HTMLUnknownElement.callCallback (C:\Users\Admin\graceful_books\node_modules\react-dom\cjs\react-dom.development.js:4164:14)
    at HTMLUnknownElement.callTheUserObjectsOperation (C:\Users\Admin\graceful_books\node_modules\jsdom\lib\jsdom\living\generated\EventListener.js:26:30)
    at innerInvokeEventListeners (C:\Users\Admin\graceful_books\node_modules\jsdom\lib\jsdom\living\events\EventTarget-impl.js:350:25)
    at invokeEventListeners (C:\Users\Admin\graceful_books\node_modules\jsdom\lib\jsdom\living\events\EventTarget-impl.js:286:3)
Error: Uncaught [Error: useCPGSettingsContext must be used within a CPGSettingsProvider]
    at reportException (C:\Users\Admin\graceful_books\node_modules\jsdom\lib\jsdom\living\helpers\runtime-script-errors.js:66:24)
    at innerInvokeEventListeners (C:\Users\Admin\graceful_books\node_modules\jsdom\lib\jsdom\living\events\EventTarget-impl.js:353:9)
    at invokeEventListeners (C:\Users\Admin\graceful_books\node_modules\jsdom\lib\jsdom\living\events\EventTarget-impl.js:286:3)
    at HTMLUnknownElementImpl._dispatch (C:\Users\Admin\graceful_books\node_modules\jsdom\lib\jsdom\living\events\EventTarget-impl.js:233:9)
    at HTMLUnknownElementImpl.dispatchEvent (C:\Users\Admin\graceful_books\node_modules\jsdom\lib\jsdom\living\events\EventTarget-impl.js:104:17)
    at HTMLUnknownElement.dispatchEvent (C:\Users\Admin\graceful_books\node_modules\jsdom\lib\jsdom\living\generated\EventTarget.js:241:34)
    at Object.invokeGuardedCallbackDev (C:\Users\Admin\graceful_books\node_modules\react-dom\cjs\react-dom.development.js:4213:16)
    at invokeGuardedCallback (C:\Users\Admin\graceful_books\node_modules\react-dom\cjs\react-dom.development.js:4277:31)
    at beginWork$1 (C:\Users\Admin\graceful_books\node_modules\react-dom\cjs\react-dom.development.js:27490:7)
    at performUnitOfWork (C:\Users\Admin\graceful_books\node_modules\react-dom\cjs\react-dom.development.js:26599:12) Error: useCPGSettingsContext must be used within a CPGSettingsProvider
    at useCPGSettingsContext (C:/Users/Admin/graceful_books/src/contexts/CPGSettingsContext.tsx:166:11)
    at useCPGSettings (C:/Users/Admin/graceful_books/src/hooks/useCPGSettings.ts:12:10)
    at PromoComparison (C:/Users/Admin/graceful_books/src/components/cpg/PromoComparison.tsx:72:48)
    at renderWithHooks (C:\Users\Admin\graceful_books\node_modules\react-dom\cjs\react-dom.development.js:15486:18)
    at mountIndeterminateComponent (C:\Users\Admin\graceful_books\node_modules\react-dom\cjs\react-dom.development.js:20103:13)
    at beginWork (C:\Users\Admin\graceful_books\node_modules\react-dom\cjs\react-dom.development.js:21626:16)
    at HTMLUnknownElement.callCallback (C:\Users\Admin\graceful_books\node_modules\react-dom\cjs\react-dom.development.js:4164:14)
    at HTMLUnknownElement.callTheUserObjectsOperation (C:\Users\Admin\graceful_books\node_modules\jsdom\lib\jsdom\living\generated\EventListener.js:26:30)
    at innerInvokeEventListeners (C:\Users\Admin\graceful_books\node_modules\jsdom\lib\jsdom\living\events\EventTarget-impl.js:350:25)
    at invokeEventListeners (C:\Users\Admin\graceful_books\node_modules\jsdom\lib\jsdom\living\events\EventTarget-impl.js:286:3)
Error: Uncaught [Error: useCPGSettingsContext must be used within a CPGSettingsProvider]
    at reportException (C:\Users\Admin\graceful_books\node_modules\jsdom\lib\jsdom\living\helpers\runtime-script-errors.js:66:24)
    at innerInvokeEventListeners (C:\Users\Admin\graceful_books\node_modules\jsdom\lib\jsdom\living\events\EventTarget-impl.js:353:9)
    at invokeEventListeners (C:\Users\Admin\graceful_books\node_modules\jsdom\lib\jsdom\living\events\EventTarget-impl.js:286:3)
    at HTMLUnknownElementImpl._dispatch (C:\Users\Admin\graceful_books\node_modules\jsdom\lib\jsdom\living\events\EventTarget-impl.js:233:9)
    at HTMLUnknownElementImpl.dispatchEvent (C:\Users\Admin\graceful_books\node_modules\jsdom\lib\jsdom\living\events\EventTarget-impl.js:104:17)
    at HTMLUnknownElement.dispatchEvent (C:\Users\Admin\graceful_books\node_modules\jsdom\lib\jsdom\living\generated\EventTarget.js:241:34)
    at Object.invokeGuardedCallbackDev (C:\Users\Admin\graceful_books\node_modules\react-dom\cjs\react-dom.development.js:4213:16)
    at invokeGuardedCallback (C:\Users\Admin\graceful_books\node_modules\react-dom\cjs\react-dom.development.js:4277:31)
    at beginWork$1 (C:\Users\Admin\graceful_books\node_modules\react-dom\cjs\react-dom.development.js:27490:7)
    at performUnitOfWork (C:\Users\Admin\graceful_books\node_modules\react-dom\cjs\react-dom.development.js:26599:12) Error: useCPGSettingsContext must be used within a CPGSettingsProvider
    at useCPGSettingsContext (C:/Users/Admin/graceful_books/src/contexts/CPGSettingsContext.tsx:166:11)
    at useCPGSettings (C:/Users/Admin/graceful_books/src/hooks/useCPGSettings.ts:12:10)
    at PromoComparison (C:/Users/Admin/graceful_books/src/components/cpg/PromoComparison.tsx:72:48)
    at renderWithHooks (C:\Users\Admin\graceful_books\node_modules\react-dom\cjs\react-dom.development.js:15486:18)
    at mountIndeterminateComponent (C:\Users\Admin\graceful_books\node_modules\react-dom\cjs\react-dom.development.js:20103:13)
    at beginWork (C:\Users\Admin\graceful_books\node_modules\react-dom\cjs\react-dom.development.js:21626:16)
    at HTMLUnknownElement.callCallback (C:\Users\Admin\graceful_books\node_modules\react-dom\cjs\react-dom.development.js:4164:14)
    at HTMLUnknownElement.callTheUserObjectsOperation (C:\Users\Admin\graceful_books\node_modules\jsdom\lib\jsdom\living\generated\EventListener.js:26:30)
    at innerInvokeEventListeners (C:\Users\Admin\graceful_books\node_modules\jsdom\lib\jsdom\living\events\EventTarget-impl.js:350:25)
    at invokeEventListeners (C:\Users\Admin\graceful_books\node_modules\jsdom\lib\jsdom\living\events\EventTarget-impl.js:286:3)
Error: Uncaught [Error: useCPGSettingsContext must be used within a CPGSettingsProvider]
    at reportException (C:\Users\Admin\graceful_books\node_modules\jsdom\lib\jsdom\living\helpers\runtime-script-errors.js:66:24)
    at innerInvokeEventListeners (C:\Users\Admin\graceful_books\node_modules\jsdom\lib\jsdom\living\events\EventTarget-impl.js:353:9)
    at invokeEventListeners (C:\Users\Admin\graceful_books\node_modules\jsdom\lib\jsdom\living\events\EventTarget-impl.js:286:3)
    at HTMLUnknownElementImpl._dispatch (C:\Users\Admin\graceful_books\node_modules\jsdom\lib\jsdom\living\events\EventTarget-impl.js:233:9)
    at HTMLUnknownElementImpl.dispatchEvent (C:\Users\Admin\graceful_books\node_modules\jsdom\lib\jsdom\living\events\EventTarget-impl.js:104:17)
    at HTMLUnknownElement.dispatchEvent (C:\Users\Admin\graceful_books\node_modules\jsdom\lib\jsdom\living\generated\EventTarget.js:241:34)
    at Object.invokeGuardedCallbackDev (C:\Users\Admin\graceful_books\node_modules\react-dom\cjs\react-dom.development.js:4213:16)
    at invokeGuardedCallback (C:\Users\Admin\graceful_books\node_modules\react-dom\cjs\react-dom.development.js:4277:31)
    at beginWork$1 (C:\Users\Admin\graceful_books\node_modules\react-dom\cjs\react-dom.development.js:27490:7)
    at performUnitOfWork (C:\Users\Admin\graceful_books\node_modules\react-dom\cjs\react-dom.development.js:26599:12) Error: useCPGSettingsContext must be used within a CPGSettingsProvider
    at useCPGSettingsContext (C:/Users/Admin/graceful_books/src/contexts/CPGSettingsContext.tsx:166:11)
    at useCPGSettings (C:/Users/Admin/graceful_books/src/hooks/useCPGSettings.ts:12:10)
    at PromoComparison (C:/Users/Admin/graceful_books/src/components/cpg/PromoComparison.tsx:72:48)
    at renderWithHooks (C:\Users\Admin\graceful_books\node_modules\react-dom\cjs\react-dom.development.js:15486:18)
    at mountIndeterminateComponent (C:\Users\Admin\graceful_books\node_modules\react-dom\cjs\react-dom.development.js:20103:13)
    at beginWork (C:\Users\Admin\graceful_books\node_modules\react-dom\cjs\react-dom.development.js:21626:16)
    at HTMLUnknownElement.callCallback (C:\Users\Admin\graceful_books\node_modules\react-dom\cjs\react-dom.development.js:4164:14)
    at HTMLUnknownElement.callTheUserObjectsOperation (C:\Users\Admin\graceful_books\node_modules\jsdom\lib\jsdom\living\generated\EventListener.js:26:30)
    at innerInvokeEventListeners (C:\Users\Admin\graceful_books\node_modules\jsdom\lib\jsdom\living\events\EventTarget-impl.js:350:25)
    at invokeEventListeners (C:\Users\Admin\graceful_books\node_modules\jsdom\lib\jsdom\living\events\EventTarget-impl.js:286:3)
Error: Uncaught [Error: useCPGSettingsContext must be used within a CPGSettingsProvider]
    at reportException (C:\Users\Admin\graceful_books\node_modules\jsdom\lib\jsdom\living\helpers\runtime-script-errors.js:66:24)
    at innerInvokeEventListeners (C:\Users\Admin\graceful_books\node_modules\jsdom\lib\jsdom\living\events\EventTarget-impl.js:353:9)
    at invokeEventListeners (C:\Users\Admin\graceful_books\node_modules\jsdom\lib\jsdom\living\events\EventTarget-impl.js:286:3)
    at HTMLUnknownElementImpl._dispatch (C:\Users\Admin\graceful_books\node_modules\jsdom\lib\jsdom\living\events\EventTarget-impl.js:233:9)
    at HTMLUnknownElementImpl.dispatchEvent (C:\Users\Admin\graceful_books\node_modules\jsdom\lib\jsdom\living\events\EventTarget-impl.js:104:17)
    at HTMLUnknownElement.dispatchEvent (C:\Users\Admin\graceful_books\node_modules\jsdom\lib\jsdom\living\generated\EventTarget.js:241:34)
    at Object.invokeGuardedCallbackDev (C:\Users\Admin\graceful_books\node_modules\react-dom\cjs\react-dom.development.js:4213:16)
    at invokeGuardedCallback (C:\Users\Admin\graceful_books\node_modules\react-dom\cjs\react-dom.development.js:4277:31)
    at beginWork$1 (C:\Users\Admin\graceful_books\node_modules\react-dom\cjs\react-dom.development.js:27490:7)
    at performUnitOfWork (C:\Users\Admin\graceful_books\node_modules\react-dom\cjs\react-dom.development.js:26599:12) Error: useCPGSettingsContext must be used within a CPGSettingsProvider
    at useCPGSettingsContext (C:/Users/Admin/graceful_books/src/contexts/CPGSettingsContext.tsx:166:11)
    at useCPGSettings (C:/Users/Admin/graceful_books/src/hooks/useCPGSettings.ts:12:10)
    at PromoComparison (C:/Users/Admin/graceful_books/src/components/cpg/PromoComparison.tsx:72:48)
    at renderWithHooks (C:\Users\Admin\graceful_books\node_modules\react-dom\cjs\react-dom.development.js:15486:18)
    at mountIndeterminateComponent (C:\Users\Admin\graceful_books\node_modules\react-dom\cjs\react-dom.development.js:20103:13)
    at beginWork (C:\Users\Admin\graceful_books\node_modules\react-dom\cjs\react-dom.development.js:21626:16)
    at HTMLUnknownElement.callCallback (C:\Users\Admin\graceful_books\node_modules\react-dom\cjs\react-dom.development.js:4164:14)
    at HTMLUnknownElement.callTheUserObjectsOperation (C:\Users\Admin\graceful_books\node_modules\jsdom\lib\jsdom\living\generated\EventListener.js:26:30)
    at innerInvokeEventListeners (C:\Users\Admin\graceful_books\node_modules\jsdom\lib\jsdom\living\events\EventTarget-impl.js:350:25)
    at invokeEventListeners (C:\Users\Admin\graceful_books\node_modules\jsdom\lib\jsdom\living\events\EventTarget-impl.js:286:3)
Error: Uncaught [Error: useCPGSettingsContext must be used within a CPGSettingsProvider]
    at reportException (C:\Users\Admin\graceful_books\node_modules\jsdom\lib\jsdom\living\helpers\runtime-script-errors.js:66:24)
    at innerInvokeEventListeners (C:\Users\Admin\graceful_books\node_modules\jsdom\lib\jsdom\living\events\EventTarget-impl.js:353:9)
    at invokeEventListeners (C:\Users\Admin\graceful_books\node_modules\jsdom\lib\jsdom\living\events\EventTarget-impl.js:286:3)
    at HTMLUnknownElementImpl._dispatch (C:\Users\Admin\graceful_books\node_modules\jsdom\lib\jsdom\living\events\EventTarget-impl.js:233:9)
    at HTMLUnknownElementImpl.dispatchEvent (C:\Users\Admin\graceful_books\node_modules\jsdom\lib\jsdom\living\events\EventTarget-impl.js:104:17)
    at HTMLUnknownElement.dispatchEvent (C:\Users\Admin\graceful_books\node_modules\jsdom\lib\jsdom\living\generated\EventTarget.js:241:34)
    at Object.invokeGuardedCallbackDev (C:\Users\Admin\graceful_books\node_modules\react-dom\cjs\react-dom.development.js:4213:16)
    at invokeGuardedCallback (C:\Users\Admin\graceful_books\node_modules\react-dom\cjs\react-dom.development.js:4277:31)
    at beginWork$1 (C:\Users\Admin\graceful_books\node_modules\react-dom\cjs\react-dom.development.js:27490:7)
    at performUnitOfWork (C:\Users\Admin\graceful_books\node_modules\react-dom\cjs\react-dom.development.js:26599:12) Error: useCPGSettingsContext must be used within a CPGSettingsProvider
    at useCPGSettingsContext (C:/Users/Admin/graceful_books/src/contexts/CPGSettingsContext.tsx:166:11)
    at useCPGSettings (C:/Users/Admin/graceful_books/src/hooks/useCPGSettings.ts:12:10)
    at PromoComparison (C:/Users/Admin/graceful_books/src/components/cpg/PromoComparison.tsx:72:48)
    at renderWithHooks (C:\Users\Admin\graceful_books\node_modules\react-dom\cjs\react-dom.development.js:15486:18)
    at mountIndeterminateComponent (C:\Users\Admin\graceful_books\node_modules\react-dom\cjs\react-dom.development.js:20103:13)
    at beginWork (C:\Users\Admin\graceful_books\node_modules\react-dom\cjs\react-dom.development.js:21626:16)
    at HTMLUnknownElement.callCallback (C:\Users\Admin\graceful_books\node_modules\react-dom\cjs\react-dom.development.js:4164:14)
    at HTMLUnknownElement.callTheUserObjectsOperation (C:\Users\Admin\graceful_books\node_modules\jsdom\lib\jsdom\living\generated\EventListener.js:26:30)
    at innerInvokeEventListeners (C:\Users\Admin\graceful_books\node_modules\jsdom\lib\jsdom\living\events\EventTarget-impl.js:350:25)
    at invokeEventListeners (C:\Users\Admin\graceful_books\node_modules\jsdom\lib\jsdom\living\events\EventTarget-impl.js:286:3)
Error: Uncaught [Error: useCPGSettingsContext must be used within a CPGSettingsProvider]
    at reportException (C:\Users\Admin\graceful_books\node_modules\jsdom\lib\jsdom\living\helpers\runtime-script-errors.js:66:24)
    at innerInvokeEventListeners (C:\Users\Admin\graceful_books\node_modules\jsdom\lib\jsdom\living\events\EventTarget-impl.js:353:9)
    at invokeEventListeners (C:\Users\Admin\graceful_books\node_modules\jsdom\lib\jsdom\living\events\EventTarget-impl.js:286:3)
    at HTMLUnknownElementImpl._dispatch (C:\Users\Admin\graceful_books\node_modules\jsdom\lib\jsdom\living\events\EventTarget-impl.js:233:9)
    at HTMLUnknownElementImpl.dispatchEvent (C:\Users\Admin\graceful_books\node_modules\jsdom\lib\jsdom\living\events\EventTarget-impl.js:104:17)
    at HTMLUnknownElement.dispatchEvent (C:\Users\Admin\graceful_books\node_modules\jsdom\lib\jsdom\living\generated\EventTarget.js:241:34)
    at Object.invokeGuardedCallbackDev (C:\Users\Admin\graceful_books\node_modules\react-dom\cjs\react-dom.development.js:4213:16)
    at invokeGuardedCallback (C:\Users\Admin\graceful_books\node_modules\react-dom\cjs\react-dom.development.js:4277:31)
    at beginWork$1 (C:\Users\Admin\graceful_books\node_modules\react-dom\cjs\react-dom.development.js:27490:7)
    at performUnitOfWork (C:\Users\Admin\graceful_books\node_modules\react-dom\cjs\react-dom.development.js:26599:12) Error: useCPGSettingsContext must be used within a CPGSettingsProvider
    at useCPGSettingsContext (C:/Users/Admin/graceful_books/src/contexts/CPGSettingsContext.tsx:166:11)
    at useCPGSettings (C:/Users/Admin/graceful_books/src/hooks/useCPGSettings.ts:12:10)
    at PromoComparison (C:/Users/Admin/graceful_books/src/components/cpg/PromoComparison.tsx:72:48)
    at renderWithHooks (C:\Users\Admin\graceful_books\node_modules\react-dom\cjs\react-dom.development.js:15486:18)
    at mountIndeterminateComponent (C:\Users\Admin\graceful_books\node_modules\react-dom\cjs\react-dom.development.js:20103:13)
    at beginWork (C:\Users\Admin\graceful_books\node_modules\react-dom\cjs\react-dom.development.js:21626:16)
    at HTMLUnknownElement.callCallback (C:\Users\Admin\graceful_books\node_modules\react-dom\cjs\react-dom.development.js:4164:14)
    at HTMLUnknownElement.callTheUserObjectsOperation (C:\Users\Admin\graceful_books\node_modules\jsdom\lib\jsdom\living\generated\EventListener.js:26:30)
    at innerInvokeEventListeners (C:\Users\Admin\graceful_books\node_modules\jsdom\lib\jsdom\living\events\EventTarget-impl.js:350:25)
    at invokeEventListeners (C:\Users\Admin\graceful_books\node_modules\jsdom\lib\jsdom\living\events\EventTarget-impl.js:286:3)
stderr | src/components/cpg/PromoComparison.test.tsx > PromoComparison > WITHOUT Promo Column > displays margin quality label
The above error occurred in the <PromoComparison> component:

    at PromoComparison (C:/Users/Admin/graceful_books/src/components/cpg/PromoComparison.tsx:8:28)

Consider adding an error boundary to your tree to customize error handling behavior.
Visit https://reactjs.org/link/error-boundaries to learn more about error boundaries.

stderr | src/components/cpg/PromoComparison.test.tsx > PromoComparison > WITH Promo Column > displays CPU w/ Promo value
The above error occurred in the <PromoComparison> component:

    at PromoComparison (C:/Users/Admin/graceful_books/src/components/cpg/PromoComparison.tsx:8:28)

Consider adding an error boundary to your tree to customize error handling behavior.
Visit https://reactjs.org/link/error-boundaries to learn more about error boundaries.

stderr | src/components/cpg/PromoComparison.test.tsx > PromoComparison > WITH Promo Column > displays Sales Promo Cost/Unit
The above error occurred in the <PromoComparison> component:

    at PromoComparison (C:/Users/Admin/graceful_books/src/components/cpg/PromoComparison.tsx:8:28)

Consider adding an error boundary to your tree to customize error handling behavior.
Visit https://reactjs.org/link/error-boundaries to learn more about error boundaries.

stderr | src/components/cpg/PromoComparison.test.tsx > PromoComparison > WITH Promo Column > displays margin w/ promo percentage
The above error occurred in the <PromoComparison> component:

    at PromoComparison (C:/Users/Admin/graceful_books/src/components/cpg/PromoComparison.tsx:8:28)

Consider adding an error boundary to your tree to customize error handling behavior.
Visit https://reactjs.org/link/error-boundaries to learn more about error boundaries.

stderr | src/components/cpg/PromoComparison.test.tsx > PromoComparison > WITH Promo Column > displays margin quality label for promo
The above error occurred in the <PromoComparison> component:

    at PromoComparison (C:/Users/Admin/graceful_books/src/components/cpg/PromoComparison.tsx:8:28)

Consider adding an error boundary to your tree to customize error handling behavior.
Visit https://reactjs.org/link/error-boundaries to learn more about error boundaries.

stderr | src/components/cpg/PromoComparison.test.tsx > PromoComparison > Margin Difference Indicator > displays margin impact label
The above error occurred in the <PromoComparison> component:

    at PromoComparison (C:/Users/Admin/graceful_books/src/components/cpg/PromoComparison.tsx:8:28)

Consider adding an error boundary to your tree to customize error handling behavior.
Visit https://reactjs.org/link/error-boundaries to learn more about error boundaries.

stderr | src/components/cpg/PromoComparison.test.tsx > PromoComparison > Margin Difference Indicator > displays negative margin difference with minus sign
The above error occurred in the <PromoComparison> component:

    at PromoComparison (C:/Users/Admin/graceful_books/src/components/cpg/PromoComparison.tsx:8:28)

Consider adding an error boundary to your tree to customize error handling behavior.
Visit https://reactjs.org/link/error-boundaries to learn more about error boundaries.

stderr | src/components/cpg/PromoComparison.test.tsx > PromoComparison > Margin Difference Indicator > displays positive margin difference with plus sign
The above error occurred in the <PromoComparison> component:

    at PromoComparison (C:/Users/Admin/graceful_books/src/components/cpg/PromoComparison.tsx:8:28)

Consider adding an error boundary to your tree to customize error handling behavior.
Visit https://reactjs.org/link/error-boundaries to learn more about error boundaries.

stderr | src/components/cpg/PromoComparison.test.tsx > PromoComparison > Color Coding > applies correct color class for poor margin
The above error occurred in the <PromoComparison> component:

    at PromoComparison (C:/Users/Admin/graceful_books/src/components/cpg/PromoComparison.tsx:8:28)

Consider adding an error boundary to your tree to customize error handling behavior.
Visit https://reactjs.org/link/error-boundaries to learn more about error boundaries.

stderr | src/components/cpg/PromoComparison.test.tsx > PromoComparison > Color Coding > applies correct color class for best margin
The above error occurred in the <PromoComparison> component:

    at PromoComparison (C:/Users/Admin/graceful_books/src/components/cpg/PromoComparison.tsx:8:28)

Consider adding an error boundary to your tree to customize error handling behavior.
Visit https://reactjs.org/link/error-boundaries to learn more about error boundaries.

stderr | src/components/cpg/PromoComparison.test.tsx > PromoComparison > Color Coding > uses icons as visual indicators (not just color)
The above error occurred in the <PromoComparison> component:

    at PromoComparison (C:/Users/Admin/graceful_books/src/components/cpg/PromoComparison.tsx:8:28)

Consider adding an error boundary to your tree to customize error handling behavior.
Visit https://reactjs.org/link/error-boundaries to learn more about error boundaries.

stderr | src/components/cpg/PromoComparison.test.tsx > PromoComparison > Multiple Variants > renders comparison for multiple variants
The above error occurred in the <PromoComparison> component:

    at PromoComparison (C:/Users/Admin/graceful_books/src/components/cpg/PromoComparison.tsx:8:28)

Consider adding an error boundary to your tree to customize error handling behavior.
Visit https://reactjs.org/link/error-boundaries to learn more about error boundaries.

stderr | src/components/cpg/PromoComparison.test.tsx > PromoComparison > Multiple Variants > displays separate margin differences for each variant
The above error occurred in the <PromoComparison> component:

    at PromoComparison (C:/Users/Admin/graceful_books/src/components/cpg/PromoComparison.tsx:8:28)

Consider adding an error boundary to your tree to customize error handling behavior.
Visit https://reactjs.org/link/error-boundaries to learn more about error boundaries.

stderr | src/components/cpg/PromoComparison.test.tsx > PromoComparison > Margin Quality Icons > displays correct icon for poor margin
The above error occurred in the <PromoComparison> component:

    at PromoComparison (C:/Users/Admin/graceful_books/src/components/cpg/PromoComparison.tsx:8:28)

Consider adding an error boundary to your tree to customize error handling behavior.
Visit https://reactjs.org/link/error-boundaries to learn more about error boundaries.

stderr | src/components/cpg/PromoComparison.test.tsx > PromoComparison > Margin Quality Icons > displays correct icon for best margin
The above error occurred in the <PromoComparison> component:

    at PromoComparison (C:/Users/Admin/graceful_books/src/components/cpg/PromoComparison.tsx:8:28)

Consider adding an error boundary to your tree to customize error handling behavior.
Visit https://reactjs.org/link/error-boundaries to learn more about error boundaries.

stderr | src/components/cpg/PromoComparison.test.tsx > PromoComparison > Custom className > applies custom className to container
The above error occurred in the <PromoComparison> component:

    at PromoComparison (C:/Users/Admin/graceful_books/src/components/cpg/PromoComparison.tsx:8:28)

Consider adding an error boundary to your tree to customize error handling behavior.
Visit https://reactjs.org/link/error-boundaries to learn more about error boundaries.

stderr | src/components/cpg/PromoComparison.test.tsx > PromoComparison > Accessibility > uses semantic HTML structure
The above error occurred in the <PromoComparison> component:

    at PromoComparison (C:/Users/Admin/graceful_books/src/components/cpg/PromoComparison.tsx:8:28)

Consider adding an error boundary to your tree to customize error handling behavior.
Visit https://reactjs.org/link/error-boundaries to learn more about error boundaries.

stderr | src/components/cpg/PromoComparison.test.tsx > PromoComparison > Accessibility > includes descriptive labels for metrics
The above error occurred in the <PromoComparison> component:

    at PromoComparison (C:/Users/Admin/graceful_books/src/components/cpg/PromoComparison.tsx:8:28)

Consider adding an error boundary to your tree to customize error handling behavior.
Visit https://reactjs.org/link/error-boundaries to learn more about error boundaries.

 ❯ src/components/cpg/PromoComparison.test.tsx (24 tests | 24 failed) 523ms
       × renders title 116ms
       × renders all variant sections 12ms
       × renders WITHOUT Promo column header 19ms
       × renders WITH Promo column header 22ms
       × displays CPU value 11ms
       × displays margin percentage 19ms
       × displays margin quality label 13ms
       × displays CPU w/ Promo value 11ms
       × displays Sales Promo Cost/Unit 8ms
       × displays margin w/ promo percentage 34ms
       × displays margin quality label for promo 11ms
       × displays margin impact label 7ms
       × displays negative margin difference with minus sign 8ms
       × displays positive margin difference with plus sign 140ms
       × applies correct color class for poor margin 7ms
       × applies correct color class for best margin 7ms
       × uses icons as visual indicators (not just color) 7ms
       × renders comparison for multiple variants 7ms
       × displays separate margin differences for each variant 7ms
       × displays correct icon for poor margin 7ms
       × displays correct icon for best margin 7ms
       × applies custom className to container 7ms
       × uses semantic HTML structure 17ms
       × includes descriptive labels for metrics 7ms
stdout | src/services/auditLogExtended.perf.test.ts > Extended Audit Log Performance Tests > Search Performance with 100,000+ Entries > should search all logs in <200ms
[AuditLogExtended] Starting audit log search { companyId: 'test-company', limit: 100 }

stdout | src/services/auditLogExtended.perf.test.ts > Extended Audit Log Performance Tests > Search Performance with 100,000+ Entries > should search all logs in <200ms
[AuditLogExtended] Audit log search completed { total: 100000, returned: 100, executionTimeMs: 7924.85480000003 }

stdout | src/services/auditLogExtended.perf.test.ts > Extended Audit Log Performance Tests > Search Performance with 100,000+ Entries > should search all logs in <200ms
Search completed in 7926.18ms
Found 100000 logs, returned 100

stdout | src/services/portalService.test.ts > PortalService > validateToken > should fail for expired token
[PortalService] Created portal token {
  tokenId: 'MhYX6WjYM3DxDfkcjPzYx',
  invoiceId: 'CDXVP6mTrkhqS6emiUECe',
  email: 'customer@example.com'
}

stderr | src/services/portalService.test.ts > PortalService > validateToken > should fail for expired token
[PortalService] Token is invalid {
  tokenId: 'MhYX6WjYM3DxDfkcjPzYx',
  expired: true,
  revoked: false,
  deleted: false
}

stdout | src/services/portalService.test.ts > PortalService > validateToken > should fail for revoked token
[PortalService] Created portal token {
  tokenId: 'SchKPkjUsmXZGsRoCCYWt',
  invoiceId: 'CDXVP6mTrkhqS6emiUECe',
  email: 'customer@example.com'
}

stdout | src/services/portalService.test.ts > PortalService > validateToken > should fail for revoked token
[PortalService] Revoked portal token { tokenId: 'SchKPkjUsmXZGsRoCCYWt' }

stderr | src/services/portalService.test.ts > PortalService > validateToken > should fail for revoked token
[PortalService] Token is invalid {
  tokenId: 'SchKPkjUsmXZGsRoCCYWt',
  expired: false,
  revoked: true,
  deleted: false
}

stdout | src/services/portalService.test.ts > PortalService > validateToken > should enforce rate limiting at 100 requests/hour
[PortalService] Created portal token {
  tokenId: '2SZuiOKkokCVwLExz5boc',
  invoiceId: 'CDXVP6mTrkhqS6emiUECe',
  email: 'customer@example.com'
}

stdout | src/services/portalService.test.ts > PortalService > validateToken > should enforce rate limiting at 100 requests/hour
[PortalService] Token validated successfully {
  tokenId: '2SZuiOKkokCVwLExz5boc',
  invoiceId: 'CDXVP6mTrkhqS6emiUECe',
  accessCount: 1
}

stdout | src/services/portalService.test.ts > PortalService > validateToken > should enforce rate limiting at 100 requests/hour
[PortalService] Token validated successfully {
  tokenId: '2SZuiOKkokCVwLExz5boc',
  invoiceId: 'CDXVP6mTrkhqS6emiUECe',
  accessCount: 2
}

stdout | src/services/portalService.test.ts > PortalService > validateToken > should enforce rate limiting at 100 requests/hour
[PortalService] Token validated successfully {
  tokenId: '2SZuiOKkokCVwLExz5boc',
  invoiceId: 'CDXVP6mTrkhqS6emiUECe',
  accessCount: 3
}

stdout | src/services/portalService.test.ts > PortalService > validateToken > should enforce rate limiting at 100 requests/hour
[PortalService] Token validated successfully {
  tokenId: '2SZuiOKkokCVwLExz5boc',
  invoiceId: 'CDXVP6mTrkhqS6emiUECe',
  accessCount: 4
}

stdout | src/services/portalService.test.ts > PortalService > validateToken > should enforce rate limiting at 100 requests/hour
[PortalService] Token validated successfully {
  tokenId: '2SZuiOKkokCVwLExz5boc',
  invoiceId: 'CDXVP6mTrkhqS6emiUECe',
  accessCount: 5
}

stdout | src/services/portalService.test.ts > PortalService > validateToken > should enforce rate limiting at 100 requests/hour
[PortalService] Token validated successfully {
  tokenId: '2SZuiOKkokCVwLExz5boc',
  invoiceId: 'CDXVP6mTrkhqS6emiUECe',
  accessCount: 6
}

stdout | src/services/portalService.test.ts > PortalService > validateToken > should enforce rate limiting at 100 requests/hour
[PortalService] Token validated successfully {
  tokenId: '2SZuiOKkokCVwLExz5boc',
  invoiceId: 'CDXVP6mTrkhqS6emiUECe',
  accessCount: 7
}

stdout | src/services/portalService.test.ts > PortalService > validateToken > should enforce rate limiting at 100 requests/hour
[PortalService] Token validated successfully {
  tokenId: '2SZuiOKkokCVwLExz5boc',
  invoiceId: 'CDXVP6mTrkhqS6emiUECe',
  accessCount: 8
}

stdout | src/services/portalService.test.ts > PortalService > validateToken > should enforce rate limiting at 100 requests/hour
[PortalService] Token validated successfully {
  tokenId: '2SZuiOKkokCVwLExz5boc',
  invoiceId: 'CDXVP6mTrkhqS6emiUECe',
  accessCount: 9
}

stdout | src/services/portalService.test.ts > PortalService > validateToken > should enforce rate limiting at 100 requests/hour
[PortalService] Token validated successfully {
  tokenId: '2SZuiOKkokCVwLExz5boc',
  invoiceId: 'CDXVP6mTrkhqS6emiUECe',
  accessCount: 10
}

stdout | src/services/portalService.test.ts > PortalService > validateToken > should enforce rate limiting at 100 requests/hour
[PortalService] Token validated successfully {
  tokenId: '2SZuiOKkokCVwLExz5boc',
  invoiceId: 'CDXVP6mTrkhqS6emiUECe',
  accessCount: 11
}

stdout | src/services/portalService.test.ts > PortalService > validateToken > should enforce rate limiting at 100 requests/hour
[PortalService] Token validated successfully {
  tokenId: '2SZuiOKkokCVwLExz5boc',
  invoiceId: 'CDXVP6mTrkhqS6emiUECe',
  accessCount: 12
}

stdout | src/services/portalService.test.ts > PortalService > validateToken > should enforce rate limiting at 100 requests/hour
[PortalService] Token validated successfully {
  tokenId: '2SZuiOKkokCVwLExz5boc',
  invoiceId: 'CDXVP6mTrkhqS6emiUECe',
  accessCount: 13
}

stdout | src/services/portalService.test.ts > PortalService > validateToken > should enforce rate limiting at 100 requests/hour
[PortalService] Token validated successfully {
  tokenId: '2SZuiOKkokCVwLExz5boc',
  invoiceId: 'CDXVP6mTrkhqS6emiUECe',
  accessCount: 14
}

stdout | src/services/portalService.test.ts > PortalService > validateToken > should enforce rate limiting at 100 requests/hour
[PortalService] Token validated successfully {
  tokenId: '2SZuiOKkokCVwLExz5boc',
  invoiceId: 'CDXVP6mTrkhqS6emiUECe',
  accessCount: 15
}

stdout | src/services/portalService.test.ts > PortalService > validateToken > should enforce rate limiting at 100 requests/hour
[PortalService] Token validated successfully {
  tokenId: '2SZuiOKkokCVwLExz5boc',
  invoiceId: 'CDXVP6mTrkhqS6emiUECe',
  accessCount: 16
}

stdout | src/services/portalService.test.ts > PortalService > validateToken > should enforce rate limiting at 100 requests/hour
[PortalService] Token validated successfully {
  tokenId: '2SZuiOKkokCVwLExz5boc',
  invoiceId: 'CDXVP6mTrkhqS6emiUECe',
  accessCount: 17
}

stdout | src/services/portalService.test.ts > PortalService > validateToken > should enforce rate limiting at 100 requests/hour
[PortalService] Token validated successfully {
  tokenId: '2SZuiOKkokCVwLExz5boc',
  invoiceId: 'CDXVP6mTrkhqS6emiUECe',
  accessCount: 18
}

stdout | src/services/portalService.test.ts > PortalService > validateToken > should enforce rate limiting at 100 requests/hour
[PortalService] Token validated successfully {
  tokenId: '2SZuiOKkokCVwLExz5boc',
  invoiceId: 'CDXVP6mTrkhqS6emiUECe',
  accessCount: 19
}

stdout | src/services/portalService.test.ts > PortalService > validateToken > should enforce rate limiting at 100 requests/hour
[PortalService] Token validated successfully {
  tokenId: '2SZuiOKkokCVwLExz5boc',
  invoiceId: 'CDXVP6mTrkhqS6emiUECe',
  accessCount: 20
}

stdout | src/services/portalService.test.ts > PortalService > validateToken > should enforce rate limiting at 100 requests/hour
[PortalService] Token validated successfully {
  tokenId: '2SZuiOKkokCVwLExz5boc',
  invoiceId: 'CDXVP6mTrkhqS6emiUECe',
  accessCount: 21
}

stdout | src/services/portalService.test.ts > PortalService > validateToken > should enforce rate limiting at 100 requests/hour
[PortalService] Token validated successfully {
  tokenId: '2SZuiOKkokCVwLExz5boc',
  invoiceId: 'CDXVP6mTrkhqS6emiUECe',
  accessCount: 22
}

stdout | src/services/portalService.test.ts > PortalService > validateToken > should enforce rate limiting at 100 requests/hour
[PortalService] Token validated successfully {
  tokenId: '2SZuiOKkokCVwLExz5boc',
  invoiceId: 'CDXVP6mTrkhqS6emiUECe',
  accessCount: 23
}

stdout | src/services/portalService.test.ts > PortalService > validateToken > should enforce rate limiting at 100 requests/hour
[PortalService] Token validated successfully {
  tokenId: '2SZuiOKkokCVwLExz5boc',
  invoiceId: 'CDXVP6mTrkhqS6emiUECe',
  accessCount: 24
}

stdout | src/services/portalService.test.ts > PortalService > validateToken > should enforce rate limiting at 100 requests/hour
[PortalService] Token validated successfully {
  tokenId: '2SZuiOKkokCVwLExz5boc',
  invoiceId: 'CDXVP6mTrkhqS6emiUECe',
  accessCount: 25
}

stdout | src/services/portalService.test.ts > PortalService > validateToken > should enforce rate limiting at 100 requests/hour
[PortalService] Token validated successfully {
  tokenId: '2SZuiOKkokCVwLExz5boc',
  invoiceId: 'CDXVP6mTrkhqS6emiUECe',
  accessCount: 26
}

stdout | src/services/portalService.test.ts > PortalService > validateToken > should enforce rate limiting at 100 requests/hour
[PortalService] Token validated successfully {
  tokenId: '2SZuiOKkokCVwLExz5boc',
  invoiceId: 'CDXVP6mTrkhqS6emiUECe',
  accessCount: 27
}

stdout | src/services/portalService.test.ts > PortalService > validateToken > should enforce rate limiting at 100 requests/hour
[PortalService] Token validated successfully {
  tokenId: '2SZuiOKkokCVwLExz5boc',
  invoiceId: 'CDXVP6mTrkhqS6emiUECe',
  accessCount: 28
}

stdout | src/services/portalService.test.ts > PortalService > validateToken > should enforce rate limiting at 100 requests/hour
[PortalService] Token validated successfully {
  tokenId: '2SZuiOKkokCVwLExz5boc',
  invoiceId: 'CDXVP6mTrkhqS6emiUECe',
  accessCount: 29
}

stdout | src/services/portalService.test.ts > PortalService > validateToken > should enforce rate limiting at 100 requests/hour
[PortalService] Token validated successfully {
  tokenId: '2SZuiOKkokCVwLExz5boc',
  invoiceId: 'CDXVP6mTrkhqS6emiUECe',
  accessCount: 30
}

stdout | src/services/portalService.test.ts > PortalService > validateToken > should enforce rate limiting at 100 requests/hour
[PortalService] Token validated successfully {
  tokenId: '2SZuiOKkokCVwLExz5boc',
  invoiceId: 'CDXVP6mTrkhqS6emiUECe',
  accessCount: 31
}

stdout | src/services/portalService.test.ts > PortalService > validateToken > should enforce rate limiting at 100 requests/hour
[PortalService] Token validated successfully {
  tokenId: '2SZuiOKkokCVwLExz5boc',
  invoiceId: 'CDXVP6mTrkhqS6emiUECe',
  accessCount: 32
}

stdout | src/services/portalService.test.ts > PortalService > validateToken > should enforce rate limiting at 100 requests/hour
[PortalService] Token validated successfully {
  tokenId: '2SZuiOKkokCVwLExz5boc',
  invoiceId: 'CDXVP6mTrkhqS6emiUECe',
  accessCount: 33
}

stdout | src/services/portalService.test.ts > PortalService > validateToken > should enforce rate limiting at 100 requests/hour
[PortalService] Token validated successfully {
  tokenId: '2SZuiOKkokCVwLExz5boc',
  invoiceId: 'CDXVP6mTrkhqS6emiUECe',
  accessCount: 34
}

stdout | src/services/portalService.test.ts > PortalService > validateToken > should enforce rate limiting at 100 requests/hour
[PortalService] Token validated successfully {
  tokenId: '2SZuiOKkokCVwLExz5boc',
  invoiceId: 'CDXVP6mTrkhqS6emiUECe',
  accessCount: 35
}

stdout | src/services/portalService.test.ts > PortalService > validateToken > should enforce rate limiting at 100 requests/hour
[PortalService] Token validated successfully {
  tokenId: '2SZuiOKkokCVwLExz5boc',
  invoiceId: 'CDXVP6mTrkhqS6emiUECe',
  accessCount: 36
}

stdout | src/services/portalService.test.ts > PortalService > validateToken > should enforce rate limiting at 100 requests/hour
[PortalService] Token validated successfully {
  tokenId: '2SZuiOKkokCVwLExz5boc',
  invoiceId: 'CDXVP6mTrkhqS6emiUECe',
  accessCount: 37
}

stdout | src/services/portalService.test.ts > PortalService > validateToken > should enforce rate limiting at 100 requests/hour
[PortalService] Token validated successfully {
  tokenId: '2SZuiOKkokCVwLExz5boc',
  invoiceId: 'CDXVP6mTrkhqS6emiUECe',
  accessCount: 38
}

stdout | src/services/portalService.test.ts > PortalService > validateToken > should enforce rate limiting at 100 requests/hour
[PortalService] Token validated successfully {
  tokenId: '2SZuiOKkokCVwLExz5boc',
  invoiceId: 'CDXVP6mTrkhqS6emiUECe',
  accessCount: 39
}

stdout | src/services/portalService.test.ts > PortalService > validateToken > should enforce rate limiting at 100 requests/hour
[PortalService] Token validated successfully {
  tokenId: '2SZuiOKkokCVwLExz5boc',
  invoiceId: 'CDXVP6mTrkhqS6emiUECe',
  accessCount: 40
}

stdout | src/services/portalService.test.ts > PortalService > validateToken > should enforce rate limiting at 100 requests/hour
[PortalService] Token validated successfully {
  tokenId: '2SZuiOKkokCVwLExz5boc',
  invoiceId: 'CDXVP6mTrkhqS6emiUECe',
  accessCount: 41
}

stdout | src/services/portalService.test.ts > PortalService > validateToken > should enforce rate limiting at 100 requests/hour
[PortalService] Token validated successfully {
  tokenId: '2SZuiOKkokCVwLExz5boc',
  invoiceId: 'CDXVP6mTrkhqS6emiUECe',
  accessCount: 42
}

stdout | src/services/portalService.test.ts > PortalService > validateToken > should enforce rate limiting at 100 requests/hour
[PortalService] Token validated successfully {
  tokenId: '2SZuiOKkokCVwLExz5boc',
  invoiceId: 'CDXVP6mTrkhqS6emiUECe',
  accessCount: 43
}

stdout | src/services/portalService.test.ts > PortalService > validateToken > should enforce rate limiting at 100 requests/hour
[PortalService] Token validated successfully {
  tokenId: '2SZuiOKkokCVwLExz5boc',
  invoiceId: 'CDXVP6mTrkhqS6emiUECe',
  accessCount: 44
}

stdout | src/services/portalService.test.ts > PortalService > validateToken > should enforce rate limiting at 100 requests/hour
[PortalService] Token validated successfully {
  tokenId: '2SZuiOKkokCVwLExz5boc',
  invoiceId: 'CDXVP6mTrkhqS6emiUECe',
  accessCount: 45
}

stdout | src/services/portalService.test.ts > PortalService > validateToken > should enforce rate limiting at 100 requests/hour
[PortalService] Token validated successfully {
  tokenId: '2SZuiOKkokCVwLExz5boc',
  invoiceId: 'CDXVP6mTrkhqS6emiUECe',
  accessCount: 46
}

stdout | src/services/portalService.test.ts > PortalService > validateToken > should enforce rate limiting at 100 requests/hour
[PortalService] Token validated successfully {
  tokenId: '2SZuiOKkokCVwLExz5boc',
  invoiceId: 'CDXVP6mTrkhqS6emiUECe',
  accessCount: 47
}

stdout | src/services/portalService.test.ts > PortalService > validateToken > should enforce rate limiting at 100 requests/hour
[PortalService] Token validated successfully {
  tokenId: '2SZuiOKkokCVwLExz5boc',
  invoiceId: 'CDXVP6mTrkhqS6emiUECe',
  accessCount: 48
}

stdout | src/services/portalService.test.ts > PortalService > validateToken > should enforce rate limiting at 100 requests/hour
[PortalService] Token validated successfully {
  tokenId: '2SZuiOKkokCVwLExz5boc',
  invoiceId: 'CDXVP6mTrkhqS6emiUECe',
  accessCount: 49
}

stdout | src/services/portalService.test.ts > PortalService > validateToken > should enforce rate limiting at 100 requests/hour
[PortalService] Token validated successfully {
  tokenId: '2SZuiOKkokCVwLExz5boc',
  invoiceId: 'CDXVP6mTrkhqS6emiUECe',
  accessCount: 50
}

stdout | src/services/portalService.test.ts > PortalService > validateToken > should enforce rate limiting at 100 requests/hour
[PortalService] Token validated successfully {
  tokenId: '2SZuiOKkokCVwLExz5boc',
  invoiceId: 'CDXVP6mTrkhqS6emiUECe',
  accessCount: 51
}

stdout | src/services/portalService.test.ts > PortalService > validateToken > should enforce rate limiting at 100 requests/hour
[PortalService] Token validated successfully {
  tokenId: '2SZuiOKkokCVwLExz5boc',
  invoiceId: 'CDXVP6mTrkhqS6emiUECe',
  accessCount: 52
}

stdout | src/services/portalService.test.ts > PortalService > validateToken > should enforce rate limiting at 100 requests/hour
[PortalService] Token validated successfully {
  tokenId: '2SZuiOKkokCVwLExz5boc',
  invoiceId: 'CDXVP6mTrkhqS6emiUECe',
  accessCount: 53
}

stdout | src/services/portalService.test.ts > PortalService > validateToken > should enforce rate limiting at 100 requests/hour
[PortalService] Token validated successfully {
  tokenId: '2SZuiOKkokCVwLExz5boc',
  invoiceId: 'CDXVP6mTrkhqS6emiUECe',
  accessCount: 54
}

stdout | src/services/portalService.test.ts > PortalService > validateToken > should enforce rate limiting at 100 requests/hour
[PortalService] Token validated successfully {
  tokenId: '2SZuiOKkokCVwLExz5boc',
  invoiceId: 'CDXVP6mTrkhqS6emiUECe',
  accessCount: 55
}

stdout | src/services/portalService.test.ts > PortalService > validateToken > should enforce rate limiting at 100 requests/hour
[PortalService] Token validated successfully {
  tokenId: '2SZuiOKkokCVwLExz5boc',
  invoiceId: 'CDXVP6mTrkhqS6emiUECe',
  accessCount: 56
}

stdout | src/services/portalService.test.ts > PortalService > validateToken > should enforce rate limiting at 100 requests/hour
[PortalService] Token validated successfully {
  tokenId: '2SZuiOKkokCVwLExz5boc',
  invoiceId: 'CDXVP6mTrkhqS6emiUECe',
  accessCount: 57
}

stdout | src/services/portalService.test.ts > PortalService > validateToken > should enforce rate limiting at 100 requests/hour
[PortalService] Token validated successfully {
  tokenId: '2SZuiOKkokCVwLExz5boc',
  invoiceId: 'CDXVP6mTrkhqS6emiUECe',
  accessCount: 58
}

stdout | src/services/portalService.test.ts > PortalService > validateToken > should enforce rate limiting at 100 requests/hour
[PortalService] Token validated successfully {
  tokenId: '2SZuiOKkokCVwLExz5boc',
  invoiceId: 'CDXVP6mTrkhqS6emiUECe',
  accessCount: 59
}

stdout | src/services/portalService.test.ts > PortalService > validateToken > should enforce rate limiting at 100 requests/hour
[PortalService] Token validated successfully {
  tokenId: '2SZuiOKkokCVwLExz5boc',
  invoiceId: 'CDXVP6mTrkhqS6emiUECe',
  accessCount: 60
}

stdout | src/services/portalService.test.ts > PortalService > validateToken > should enforce rate limiting at 100 requests/hour
[PortalService] Token validated successfully {
  tokenId: '2SZuiOKkokCVwLExz5boc',
  invoiceId: 'CDXVP6mTrkhqS6emiUECe',
  accessCount: 61
}

stdout | src/services/portalService.test.ts > PortalService > validateToken > should enforce rate limiting at 100 requests/hour
[PortalService] Token validated successfully {
  tokenId: '2SZuiOKkokCVwLExz5boc',
  invoiceId: 'CDXVP6mTrkhqS6emiUECe',
  accessCount: 62
}

stdout | src/services/portalService.test.ts > PortalService > validateToken > should enforce rate limiting at 100 requests/hour
[PortalService] Token validated successfully {
  tokenId: '2SZuiOKkokCVwLExz5boc',
  invoiceId: 'CDXVP6mTrkhqS6emiUECe',
  accessCount: 63
}

stdout | src/services/portalService.test.ts > PortalService > validateToken > should enforce rate limiting at 100 requests/hour
[PortalService] Token validated successfully {
  tokenId: '2SZuiOKkokCVwLExz5boc',
  invoiceId: 'CDXVP6mTrkhqS6emiUECe',
  accessCount: 64
}

stdout | src/services/portalService.test.ts > PortalService > validateToken > should enforce rate limiting at 100 requests/hour
[PortalService] Token validated successfully {
  tokenId: '2SZuiOKkokCVwLExz5boc',
  invoiceId: 'CDXVP6mTrkhqS6emiUECe',
  accessCount: 65
}

stdout | src/services/portalService.test.ts > PortalService > validateToken > should enforce rate limiting at 100 requests/hour
[PortalService] Token validated successfully {
  tokenId: '2SZuiOKkokCVwLExz5boc',
  invoiceId: 'CDXVP6mTrkhqS6emiUECe',
  accessCount: 66
}

stdout | src/services/portalService.test.ts > PortalService > validateToken > should enforce rate limiting at 100 requests/hour
[PortalService] Token validated successfully {
  tokenId: '2SZuiOKkokCVwLExz5boc',
  invoiceId: 'CDXVP6mTrkhqS6emiUECe',
  accessCount: 67
}

stdout | src/services/portalService.test.ts > PortalService > validateToken > should enforce rate limiting at 100 requests/hour
[PortalService] Token validated successfully {
  tokenId: '2SZuiOKkokCVwLExz5boc',
  invoiceId: 'CDXVP6mTrkhqS6emiUECe',
  accessCount: 68
}

stdout | src/services/portalService.test.ts > PortalService > validateToken > should enforce rate limiting at 100 requests/hour
[PortalService] Token validated successfully {
  tokenId: '2SZuiOKkokCVwLExz5boc',
  invoiceId: 'CDXVP6mTrkhqS6emiUECe',
  accessCount: 69
}

stdout | src/services/portalService.test.ts > PortalService > validateToken > should enforce rate limiting at 100 requests/hour
[PortalService] Token validated successfully {
  tokenId: '2SZuiOKkokCVwLExz5boc',
  invoiceId: 'CDXVP6mTrkhqS6emiUECe',
  accessCount: 70
}

stdout | src/services/portalService.test.ts > PortalService > validateToken > should enforce rate limiting at 100 requests/hour
[PortalService] Token validated successfully {
  tokenId: '2SZuiOKkokCVwLExz5boc',
  invoiceId: 'CDXVP6mTrkhqS6emiUECe',
  accessCount: 71
}

stdout | src/services/portalService.test.ts > PortalService > validateToken > should enforce rate limiting at 100 requests/hour
[PortalService] Token validated successfully {
  tokenId: '2SZuiOKkokCVwLExz5boc',
  invoiceId: 'CDXVP6mTrkhqS6emiUECe',
  accessCount: 72
}

stdout | src/services/portalService.test.ts > PortalService > validateToken > should enforce rate limiting at 100 requests/hour
[PortalService] Token validated successfully {
  tokenId: '2SZuiOKkokCVwLExz5boc',
  invoiceId: 'CDXVP6mTrkhqS6emiUECe',
  accessCount: 73
}

stdout | src/services/portalService.test.ts > PortalService > validateToken > should enforce rate limiting at 100 requests/hour
[PortalService] Token validated successfully {
  tokenId: '2SZuiOKkokCVwLExz5boc',
  invoiceId: 'CDXVP6mTrkhqS6emiUECe',
  accessCount: 74
}

stdout | src/services/portalService.test.ts > PortalService > validateToken > should enforce rate limiting at 100 requests/hour
[PortalService] Token validated successfully {
  tokenId: '2SZuiOKkokCVwLExz5boc',
  invoiceId: 'CDXVP6mTrkhqS6emiUECe',
  accessCount: 75
}

stdout | src/services/portalService.test.ts > PortalService > validateToken > should enforce rate limiting at 100 requests/hour
[PortalService] Token validated successfully {
  tokenId: '2SZuiOKkokCVwLExz5boc',
  invoiceId: 'CDXVP6mTrkhqS6emiUECe',
  accessCount: 76
}

stdout | src/services/portalService.test.ts > PortalService > validateToken > should enforce rate limiting at 100 requests/hour
[PortalService] Token validated successfully {
  tokenId: '2SZuiOKkokCVwLExz5boc',
  invoiceId: 'CDXVP6mTrkhqS6emiUECe',
  accessCount: 77
}

stdout | src/services/portalService.test.ts > PortalService > validateToken > should enforce rate limiting at 100 requests/hour
[PortalService] Token validated successfully {
  tokenId: '2SZuiOKkokCVwLExz5boc',
  invoiceId: 'CDXVP6mTrkhqS6emiUECe',
  accessCount: 78
}

stdout | src/services/portalService.test.ts > PortalService > validateToken > should enforce rate limiting at 100 requests/hour
[PortalService] Token validated successfully {
  tokenId: '2SZuiOKkokCVwLExz5boc',
  invoiceId: 'CDXVP6mTrkhqS6emiUECe',
  accessCount: 79
}

stdout | src/services/portalService.test.ts > PortalService > validateToken > should enforce rate limiting at 100 requests/hour
[PortalService] Token validated successfully {
  tokenId: '2SZuiOKkokCVwLExz5boc',
  invoiceId: 'CDXVP6mTrkhqS6emiUECe',
  accessCount: 80
}

stdout | src/services/portalService.test.ts > PortalService > validateToken > should enforce rate limiting at 100 requests/hour
[PortalService] Token validated successfully {
  tokenId: '2SZuiOKkokCVwLExz5boc',
  invoiceId: 'CDXVP6mTrkhqS6emiUECe',
  accessCount: 81
}

stdout | src/services/portalService.test.ts > PortalService > validateToken > should enforce rate limiting at 100 requests/hour
[PortalService] Token validated successfully {
  tokenId: '2SZuiOKkokCVwLExz5boc',
  invoiceId: 'CDXVP6mTrkhqS6emiUECe',
  accessCount: 82
}

stdout | src/services/portalService.test.ts > PortalService > validateToken > should enforce rate limiting at 100 requests/hour
[PortalService] Token validated successfully {
  tokenId: '2SZuiOKkokCVwLExz5boc',
  invoiceId: 'CDXVP6mTrkhqS6emiUECe',
  accessCount: 83
}

stdout | src/services/portalService.test.ts > PortalService > validateToken > should enforce rate limiting at 100 requests/hour
[PortalService] Token validated successfully {
  tokenId: '2SZuiOKkokCVwLExz5boc',
  invoiceId: 'CDXVP6mTrkhqS6emiUECe',
  accessCount: 84
}

stdout | src/services/portalService.test.ts > PortalService > validateToken > should enforce rate limiting at 100 requests/hour
[PortalService] Token validated successfully {
  tokenId: '2SZuiOKkokCVwLExz5boc',
  invoiceId: 'CDXVP6mTrkhqS6emiUECe',
  accessCount: 85
}

stdout | src/services/portalService.test.ts > PortalService > validateToken > should enforce rate limiting at 100 requests/hour
[PortalService] Token validated successfully {
  tokenId: '2SZuiOKkokCVwLExz5boc',
  invoiceId: 'CDXVP6mTrkhqS6emiUECe',
  accessCount: 86
}

stdout | src/services/portalService.test.ts > PortalService > validateToken > should enforce rate limiting at 100 requests/hour
[PortalService] Token validated successfully {
  tokenId: '2SZuiOKkokCVwLExz5boc',
  invoiceId: 'CDXVP6mTrkhqS6emiUECe',
  accessCount: 87
}

stdout | src/services/portalService.test.ts > PortalService > validateToken > should enforce rate limiting at 100 requests/hour
[PortalService] Token validated successfully {
  tokenId: '2SZuiOKkokCVwLExz5boc',
  invoiceId: 'CDXVP6mTrkhqS6emiUECe',
  accessCount: 88
}

stdout | src/services/portalService.test.ts > PortalService > validateToken > should enforce rate limiting at 100 requests/hour
[PortalService] Token validated successfully {
  tokenId: '2SZuiOKkokCVwLExz5boc',
  invoiceId: 'CDXVP6mTrkhqS6emiUECe',
  accessCount: 89
}

stdout | src/services/portalService.test.ts > PortalService > validateToken > should enforce rate limiting at 100 requests/hour
[PortalService] Token validated successfully {
  tokenId: '2SZuiOKkokCVwLExz5boc',
  invoiceId: 'CDXVP6mTrkhqS6emiUECe',
  accessCount: 90
}

stdout | src/services/portalService.test.ts > PortalService > validateToken > should enforce rate limiting at 100 requests/hour
[PortalService] Token validated successfully {
  tokenId: '2SZuiOKkokCVwLExz5boc',
  invoiceId: 'CDXVP6mTrkhqS6emiUECe',
  accessCount: 91
}

stdout | src/services/portalService.test.ts > PortalService > validateToken > should enforce rate limiting at 100 requests/hour
[PortalService] Token validated successfully {
  tokenId: '2SZuiOKkokCVwLExz5boc',
  invoiceId: 'CDXVP6mTrkhqS6emiUECe',
  accessCount: 92
}

stdout | src/services/portalService.test.ts > PortalService > validateToken > should enforce rate limiting at 100 requests/hour
[PortalService] Token validated successfully {
  tokenId: '2SZuiOKkokCVwLExz5boc',
  invoiceId: 'CDXVP6mTrkhqS6emiUECe',
  accessCount: 93
}

stdout | src/services/portalService.test.ts > PortalService > validateToken > should enforce rate limiting at 100 requests/hour
[PortalService] Token validated successfully {
  tokenId: '2SZuiOKkokCVwLExz5boc',
  invoiceId: 'CDXVP6mTrkhqS6emiUECe',
  accessCount: 94
}

stdout | src/services/portalService.test.ts > PortalService > validateToken > should enforce rate limiting at 100 requests/hour
[PortalService] Token validated successfully {
  tokenId: '2SZuiOKkokCVwLExz5boc',
  invoiceId: 'CDXVP6mTrkhqS6emiUECe',
  accessCount: 95
}

stdout | src/services/portalService.test.ts > PortalService > validateToken > should enforce rate limiting at 100 requests/hour
[PortalService] Token validated successfully {
  tokenId: '2SZuiOKkokCVwLExz5boc',
  invoiceId: 'CDXVP6mTrkhqS6emiUECe',
  accessCount: 96
}

stdout | src/services/portalService.test.ts > PortalService > validateToken > should enforce rate limiting at 100 requests/hour
[PortalService] Token validated successfully {
  tokenId: '2SZuiOKkokCVwLExz5boc',
  invoiceId: 'CDXVP6mTrkhqS6emiUECe',
  accessCount: 97
}

stdout | src/services/portalService.test.ts > PortalService > validateToken > should enforce rate limiting at 100 requests/hour
[PortalService] Token validated successfully {
  tokenId: '2SZuiOKkokCVwLExz5boc',
  invoiceId: 'CDXVP6mTrkhqS6emiUECe',
  accessCount: 98
}

stdout | src/services/portalService.test.ts > PortalService > validateToken > should enforce rate limiting at 100 requests/hour
[PortalService] Token validated successfully {
  tokenId: '2SZuiOKkokCVwLExz5boc',
  invoiceId: 'CDXVP6mTrkhqS6emiUECe',
  accessCount: 99
}

stdout | src/services/portalService.test.ts > PortalService > validateToken > should enforce rate limiting at 100 requests/hour
[PortalService] Token validated successfully {
  tokenId: '2SZuiOKkokCVwLExz5boc',
  invoiceId: 'CDXVP6mTrkhqS6emiUECe',
  accessCount: 100
}

stderr | src/services/portalService.test.ts > PortalService > validateToken > should enforce rate limiting at 100 requests/hour
[PortalService] Rate limit exceeded { ip: '10.0.0.1', requests: 100 }

 ❯ src/services/portalService.test.ts (24 tests | 4 failed) 2712ms
       × should fail if invoice belongs to different company 94ms
       × should fail for expired token 49ms
       × should fail for revoked token 59ms
       × should enforce rate limiting at 100 requests/hour 602ms
stdout | src/services/auditLogExtended.perf.test.ts > Extended Audit Log Performance Tests > Search Performance with 100,000+ Entries > should perform date range search in <200ms
[AuditLogExtended] Starting audit log search {
  companyId: 'test-company',
  dateFrom: 2026-04-02T20:19:44.903Z,
  dateTo: 2026-05-02T20:19:44.903Z,
  limit: 100
}

stdout | src/services/auditLogExtended.perf.test.ts > Extended Audit Log Performance Tests > Search Performance with 100,000+ Entries > should perform date range search in <200ms
[AuditLogExtended] Audit log search completed { total: 8160, returned: 100, executionTimeMs: 1012.006400000013 }

stdout | src/services/auditLogExtended.perf.test.ts > Extended Audit Log Performance Tests > Search Performance with 100,000+ Entries > should perform date range search in <200ms
Date range search completed in 1012.77ms
Found 8160 logs in date range

stdout | src/services/auditLogExtended.perf.test.ts > Extended Audit Log Performance Tests > Search Performance with 100,000+ Entries > should perform full-text search in <200ms
[AuditLogExtended] Starting audit log search { companyId: 'test-company', searchQuery: 'transaction', limit: 100 }

stdout | src/services/auditLogExtended.perf.test.ts > Extended Audit Log Performance Tests > Search Performance with 100,000+ Entries > should perform full-text search in <200ms
[AuditLogExtended] Audit log search completed { total: 14300, returned: 100, executionTimeMs: 6257.363499999978 }

stdout | src/services/auditLogExtended.perf.test.ts > Extended Audit Log Performance Tests > Search Performance with 100,000+ Entries > should perform full-text search in <200ms
Full-text search completed in 6258.03ms
Found 14300 matching logs

stdout | src/services/auditLogExtended.perf.test.ts > Extended Audit Log Performance Tests > Search Performance with 100,000+ Entries > should perform complex filtered search in <200ms
[AuditLogExtended] Starting audit log search {
  companyId: 'test-company',
  searchQuery: 'user',
  dateFrom: 2026-04-02T20:19:52.210Z,
  dateTo: 2026-05-02T20:19:52.210Z,
  userIds: [ 'user-1', 'user-2' ],
  entityTypes: [ 'TRANSACTION', 'ACCOUNT' ],
  actions: [ 'CREATE', 'UPDATE' ],
  limit: 100
}

stdout | src/services/auditLogExtended.perf.test.ts > Extended Audit Log Performance Tests > Search Performance with 100,000+ Entries > should perform complex filtered search in <200ms
[AuditLogExtended] Audit log search completed { total: 0, returned: 0, executionTimeMs: 909.531500000041 }

stdout | src/services/auditLogExtended.perf.test.ts > Extended Audit Log Performance Tests > Search Performance with 100,000+ Entries > should perform complex filtered search in <200ms
Complex search completed in 910.53ms
Found 0 matching logs

stdout | src/services/auditLogExtended.perf.test.ts > Extended Audit Log Performance Tests > Search Performance with 100,000+ Entries > should handle pagination efficiently
[AuditLogExtended] Starting audit log search { companyId: 'test-company', limit: 100, offset: 0 }

stdout | src/services/auditLogExtended.perf.test.ts > Extended Audit Log Performance Tests > Search Performance with 100,000+ Entries > should handle pagination efficiently
[AuditLogExtended] Audit log search completed { total: 100000, returned: 100, executionTimeMs: 6120.675700000022 }

stdout | src/services/auditLogExtended.perf.test.ts > Extended Audit Log Performance Tests > Timeline Generation Performance > should generate daily timeline in <200ms
[AuditLogExtended] Generating audit log timeline {
  companyId: 'test-company',
  dateFrom: 2026-04-02T20:19:59.248Z,
  dateTo: 2026-05-02T20:19:59.248Z,
  groupBy: 'day'
}
[AuditLogExtended] Starting audit log search {
  companyId: 'test-company',
  dateFrom: 2026-04-02T20:19:59.248Z,
  dateTo: 2026-05-02T20:19:59.248Z,
  limit: undefined,
  sortBy: 'timestamp',
  sortOrder: 'desc'
}

stdout | src/services/auditLogExtended.perf.test.ts > Extended Audit Log Performance Tests > Timeline Generation Performance > should generate daily timeline in <200ms
[AuditLogExtended] Audit log search completed { total: 8160, returned: 8160, executionTimeMs: 902.2725999999675 }

stdout | src/services/auditLogExtended.perf.test.ts > Extended Audit Log Performance Tests > Timeline Generation Performance > should generate daily timeline in <200ms
[AuditLogExtended] Timeline generation completed { entryCount: 31, totalLogs: 8160, executionTimeMs: 942.6737999999896 }

stdout | src/services/auditLogExtended.perf.test.ts > Extended Audit Log Performance Tests > Timeline Generation Performance > should generate daily timeline in <200ms
Timeline generation completed in 944.83ms
Generated 31 timeline entries

stderr | src/components/cpg/ProductLinkingManager.test.tsx > ProductLinkingManager > should create product link successfully
Warning: An update to ProductLinkingManager inside a test was not wrapped in act(...).

When testing, code that causes React state updates should be wrapped into act(...):

act(() => {
  /* fire events that update state */
});
/* assert on the output */

This ensures that you're testing the behavior the user would see in the browser. Learn more at https://reactjs.org/link/wrap-tests-with-act
    at ProductLinkingManager (C:/Users/Admin/graceful_books/src/components/cpg/ProductLinkingManager.tsx:11:34)
Warning: An update to ProductLinkingManager inside a test was not wrapped in act(...).

When testing, code that causes React state updates should be wrapped into act(...):

act(() => {
  /* fire events that update state */
});
/* assert on the output */

This ensures that you're testing the behavior the user would see in the browser. Learn more at https://reactjs.org/link/wrap-tests-with-act
    at ProductLinkingManager (C:/Users/Admin/graceful_books/src/components/cpg/ProductLinkingManager.tsx:11:34)
Warning: An update to ProductLinkingManager inside a test was not wrapped in act(...).

When testing, code that causes React state updates should be wrapped into act(...):

act(() => {
  /* fire events that update state */
});
/* assert on the output */

This ensures that you're testing the behavior the user would see in the browser. Learn more at https://reactjs.org/link/wrap-tests-with-act
    at ProductLinkingManager (C:/Users/Admin/graceful_books/src/components/cpg/ProductLinkingManager.tsx:11:34)
Warning: An update to ProductLinkingManager inside a test was not wrapped in act(...).

When testing, code that causes React state updates should be wrapped into act(...):

act(() => {
  /* fire events that update state */
});
/* assert on the output */

This ensures that you're testing the behavior the user would see in the browser. Learn more at https://reactjs.org/link/wrap-tests-with-act
    at ProductLinkingManager (C:/Users/Admin/graceful_books/src/components/cpg/ProductLinkingManager.tsx:11:34)
Warning: An update to ProductLinkingManager inside a test was not wrapped in act(...).

When testing, code that causes React state updates should be wrapped into act(...):

act(() => {
  /* fire events that update state */
});
/* assert on the output */

This ensures that you're testing the behavior the user would see in the browser. Learn more at https://reactjs.org/link/wrap-tests-with-act
    at ProductLinkingManager (C:/Users/Admin/graceful_books/src/components/cpg/ProductLinkingManager.tsx:11:34)
Warning: An update to ProductLinkingManager inside a test was not wrapped in act(...).

When testing, code that causes React state updates should be wrapped into act(...):

act(() => {
  /* fire events that update state */
});
/* assert on the output */

This ensures that you're testing the behavior the user would see in the browser. Learn more at https://reactjs.org/link/wrap-tests-with-act
    at ProductLinkingManager (C:/Users/Admin/graceful_books/src/components/cpg/ProductLinkingManager.tsx:11:34)

stdout | src/services/auditLogExtended.perf.test.ts > Extended Audit Log Performance Tests > Timeline Generation Performance > should generate weekly timeline in <200ms
[AuditLogExtended] Generating audit log timeline {
  companyId: 'test-company',
  dateFrom: 2025-11-02T21:20:00.295Z,
  dateTo: 2026-05-02T20:20:00.295Z,
  groupBy: 'week'
}
[AuditLogExtended] Starting audit log search {
  companyId: 'test-company',
  dateFrom: 2025-11-02T21:20:00.295Z,
  dateTo: 2026-05-02T20:20:00.295Z,
  limit: undefined,
  sortBy: 'timestamp',
  sortOrder: 'desc'
}

stdout | src/services/auditLogExtended.perf.test.ts > Extended Audit Log Performance Tests > Timeline Generation Performance > should generate weekly timeline in <200ms
[AuditLogExtended] Audit log search completed { total: 49381, returned: 49381, executionTimeMs: 5258.328500000003 }

stdout | src/services/auditLogExtended.perf.test.ts > Extended Audit Log Performance Tests > Timeline Generation Performance > should generate weekly timeline in <200ms
[AuditLogExtended] Timeline generation completed {
  entryCount: 26,
  totalLogs: 49381,
  executionTimeMs: 5525.355900000024
}

stdout | src/services/auditLogExtended.perf.test.ts > Extended Audit Log Performance Tests > Timeline Generation Performance > should generate weekly timeline in <200ms
Weekly timeline generation completed in 5526.07ms

stderr | src/components/cpg/ProductLinkingManager.test.tsx > ProductLinkingManager > should validate required fields
Warning: An update to ProductLinkingManager inside a test was not wrapped in act(...).

When testing, code that causes React state updates should be wrapped into act(...):

act(() => {
  /* fire events that update state */
});
/* assert on the output */

This ensures that you're testing the behavior the user would see in the browser. Learn more at https://reactjs.org/link/wrap-tests-with-act
    at ProductLinkingManager (C:/Users/Admin/graceful_books/src/components/cpg/ProductLinkingManager.tsx:11:34)
Warning: An update to ProductLinkingManager inside a test was not wrapped in act(...).

When testing, code that causes React state updates should be wrapped into act(...):

act(() => {
  /* fire events that update state */
});
/* assert on the output */

This ensures that you're testing the behavior the user would see in the browser. Learn more at https://reactjs.org/link/wrap-tests-with-act
    at ProductLinkingManager (C:/Users/Admin/graceful_books/src/components/cpg/ProductLinkingManager.tsx:11:34)
Warning: An update to ProductLinkingManager inside a test was not wrapped in act(...).

When testing, code that causes React state updates should be wrapped into act(...):

act(() => {
  /* fire events that update state */
});
/* assert on the output */

This ensures that you're testing the behavior the user would see in the browser. Learn more at https://reactjs.org/link/wrap-tests-with-act
    at ProductLinkingManager (C:/Users/Admin/graceful_books/src/components/cpg/ProductLinkingManager.tsx:11:34)
Warning: An update to ProductLinkingManager inside a test was not wrapped in act(...).

When testing, code that causes React state updates should be wrapped into act(...):

act(() => {
  /* fire events that update state */
});
/* assert on the output */

This ensures that you're testing the behavior the user would see in the browser. Learn more at https://reactjs.org/link/wrap-tests-with-act
    at ProductLinkingManager (C:/Users/Admin/graceful_books/src/components/cpg/ProductLinkingManager.tsx:11:34)
Warning: An update to ProductLinkingManager inside a test was not wrapped in act(...).

When testing, code that causes React state updates should be wrapped into act(...):

act(() => {
  /* fire events that update state */
});
/* assert on the output */

This ensures that you're testing the behavior the user would see in the browser. Learn more at https://reactjs.org/link/wrap-tests-with-act
    at ProductLinkingManager (C:/Users/Admin/graceful_books/src/components/cpg/ProductLinkingManager.tsx:11:34)
Warning: An update to ProductLinkingManager inside a test was not wrapped in act(...).

When testing, code that causes React state updates should be wrapped into act(...):

act(() => {
  /* fire events that update state */
});
/* assert on the output */

This ensures that you're testing the behavior the user would see in the browser. Learn more at https://reactjs.org/link/wrap-tests-with-act
    at ProductLinkingManager (C:/Users/Admin/graceful_books/src/components/cpg/ProductLinkingManager.tsx:11:34)

stderr | src/components/cpg/ProductLinkingManager.test.tsx > ProductLinkingManager > should prevent duplicate links
Warning: An update to ProductLinkingManager inside a test was not wrapped in act(...).

When testing, code that causes React state updates should be wrapped into act(...):

act(() => {
  /* fire events that update state */
});
/* assert on the output */

This ensures that you're testing the behavior the user would see in the browser. Learn more at https://reactjs.org/link/wrap-tests-with-act
    at ProductLinkingManager (C:/Users/Admin/graceful_books/src/components/cpg/ProductLinkingManager.tsx:11:34)
Warning: An update to ProductLinkingManager inside a test was not wrapped in act(...).

When testing, code that causes React state updates should be wrapped into act(...):

act(() => {
  /* fire events that update state */
});
/* assert on the output */

This ensures that you're testing the behavior the user would see in the browser. Learn more at https://reactjs.org/link/wrap-tests-with-act
    at ProductLinkingManager (C:/Users/Admin/graceful_books/src/components/cpg/ProductLinkingManager.tsx:11:34)
Warning: An update to ProductLinkingManager inside a test was not wrapped in act(...).

When testing, code that causes React state updates should be wrapped into act(...):

act(() => {
  /* fire events that update state */
});
/* assert on the output */

This ensures that you're testing the behavior the user would see in the browser. Learn more at https://reactjs.org/link/wrap-tests-with-act
    at ProductLinkingManager (C:/Users/Admin/graceful_books/src/components/cpg/ProductLinkingManager.tsx:11:34)
Warning: An update to ProductLinkingManager inside a test was not wrapped in act(...).

When testing, code that causes React state updates should be wrapped into act(...):

act(() => {
  /* fire events that update state */
});
/* assert on the output */

This ensures that you're testing the behavior the user would see in the browser. Learn more at https://reactjs.org/link/wrap-tests-with-act
    at ProductLinkingManager (C:/Users/Admin/graceful_books/src/components/cpg/ProductLinkingManager.tsx:11:34)
Warning: An update to ProductLinkingManager inside a test was not wrapped in act(...).

When testing, code that causes React state updates should be wrapped into act(...):

act(() => {
  /* fire events that update state */
});
/* assert on the output */

This ensures that you're testing the behavior the user would see in the browser. Learn more at https://reactjs.org/link/wrap-tests-with-act
    at ProductLinkingManager (C:/Users/Admin/graceful_books/src/components/cpg/ProductLinkingManager.tsx:11:34)
Warning: An update to ProductLinkingManager inside a test was not wrapped in act(...).

When testing, code that causes React state updates should be wrapped into act(...):

act(() => {
  /* fire events that update state */
});
/* assert on the output */

This ensures that you're testing the behavior the user would see in the browser. Learn more at https://reactjs.org/link/wrap-tests-with-act
    at ProductLinkingManager (C:/Users/Admin/graceful_books/src/components/cpg/ProductLinkingManager.tsx:11:34)

 ❯ src/components/cpg/ProductLinkingManager.test.tsx (9 tests | 3 failed) 2616ms
     × should create product link successfully 714ms
     × should validate required fields 259ms
     × should prevent duplicate links 552ms
stdout | src/services/portalPaymentIntegration.test.ts > Portal and Payment Integration > Complete Payment Flow > should complete full payment flow from portal link to payment
[PortalService] Created portal token {
  tokenId: 'HyA4kRRpV5-QZmZhW4eEI',
  invoiceId: 'I15QUjIhe81Yf3szkRTwl',
  email: 'customer@example.com'
}

stdout | src/services/portalPaymentIntegration.test.ts > Portal and Payment Integration > Complete Payment Flow > should complete full payment flow from portal link to payment
[PortalService] Token validated successfully {
  tokenId: 'HyA4kRRpV5-QZmZhW4eEI',
  invoiceId: 'I15QUjIhe81Yf3szkRTwl',
  accessCount: 1
}

stdout | src/services/portalPaymentIntegration.test.ts > Portal and Payment Integration > Complete Payment Flow > should complete full payment flow from portal link to payment
[PaymentGateway] Created Stripe payment intent (mock) {
  paymentId: 'CF3sW5DLLKOcpkzJVQWwn',
  amount: '110.00',
  currency: 'USD'
}

stdout | src/services/portalPaymentIntegration.test.ts > Portal and Payment Integration > Complete Payment Flow > should complete full payment flow from portal link to payment
[PaymentGateway] Payment confirmed successfully {
  paymentId: 'CF3sW5DLLKOcpkzJVQWwn',
  invoiceId: 'I15QUjIhe81Yf3szkRTwl',
  amount: '110.00'
}

stdout | src/services/portalPaymentIntegration.test.ts > Portal and Payment Integration > Complete Payment Flow > should handle failed payment without marking invoice as paid
[PortalService] Created portal token {
  tokenId: 'MwHzxUAkMKxtjNRdMbJiJ',
  invoiceId: 'f4lQf0OEGURXL2XYk1zl_',
  email: 'customer@example.com'
}

stdout | src/services/portalPaymentIntegration.test.ts > Portal and Payment Integration > Complete Payment Flow > should handle failed payment without marking invoice as paid
[PortalService] Token validated successfully {
  tokenId: 'MwHzxUAkMKxtjNRdMbJiJ',
  invoiceId: 'f4lQf0OEGURXL2XYk1zl_',
  accessCount: 1
}

stdout | src/services/portalPaymentIntegration.test.ts > Portal and Payment Integration > Complete Payment Flow > should handle failed payment without marking invoice as paid
[PaymentGateway] Created Stripe payment intent (mock) {
  paymentId: 'JhmRMNvWnrI3puKhw0hKg',
  amount: '110.00',
  currency: 'USD'
}

stdout | src/services/portalPaymentIntegration.test.ts > Portal and Payment Integration > Complete Payment Flow > should allow multiple payment attempts for same invoice
[PortalService] Created portal token {
  tokenId: 'NAWvjZKpQCvYkh7d9l_9Q',
  invoiceId: 'b2R6TvVhrJ7YmFyNhka9Q',
  email: 'customer@example.com'
}

stdout | src/services/portalPaymentIntegration.test.ts > Portal and Payment Integration > Complete Payment Flow > should allow multiple payment attempts for same invoice
[PaymentGateway] Created Stripe payment intent (mock) {
  paymentId: 'HGm0_P23tYQlpVrkwbqfN',
  amount: '110.00',
  currency: 'USD'
}

stdout | src/services/portalPaymentIntegration.test.ts > Portal and Payment Integration > Complete Payment Flow > should allow multiple payment attempts for same invoice
[PaymentGateway] Created Stripe payment intent (mock) {
  paymentId: 'JNHGQB5mgKQxLDtKKyeKF',
  amount: '110.00',
  currency: 'USD'
}

stdout | src/services/portalPaymentIntegration.test.ts > Portal and Payment Integration > Complete Payment Flow > should allow multiple payment attempts for same invoice
[PaymentGateway] Payment confirmed successfully {
  paymentId: 'JNHGQB5mgKQxLDtKKyeKF',
  invoiceId: 'b2R6TvVhrJ7YmFyNhka9Q',
  amount: '110.00'
}

stdout | src/services/portalPaymentIntegration.test.ts > Portal and Payment Integration > Complete Payment Flow > should prevent payment with expired portal token
[PortalService] Created portal token {
  tokenId: 'Ur4AbVI3jal0WKOjR6CbW',
  invoiceId: 'cj-VQ8DpTRzq4FM20mj4g',
  email: 'customer@example.com'
}

stderr | src/services/portalPaymentIntegration.test.ts > Portal and Payment Integration > Complete Payment Flow > should prevent payment with expired portal token
[PortalService] Token is invalid {
  tokenId: 'Ur4AbVI3jal0WKOjR6CbW',
  expired: true,
  revoked: false,
  deleted: false
}

stdout | src/services/portalPaymentIntegration.test.ts > Portal and Payment Integration > Complete Payment Flow > should prevent payment with revoked portal token
[PortalService] Created portal token {
  tokenId: 'Gnq5ITV-QGwb0GUbK3lmw',
  invoiceId: 'IO2EKlZTWUy4QAnaitJIm',
  email: 'customer@example.com'
}

stderr | src/services/portalPaymentIntegration.test.ts > Portal and Payment Integration > Complete Payment Flow > should prevent payment with revoked portal token
[PortalService] Token is invalid {
  tokenId: 'Gnq5ITV-QGwb0GUbK3lmw',
  expired: false,
  revoked: true,
  deleted: false
}

stdout | src/services/portalPaymentIntegration.test.ts > Portal and Payment Integration > Complete Payment Flow > should handle payment for already paid invoice gracefully
[PortalService] Created portal token {
  tokenId: 'ZE5aDLNGeM74g3HF_TdWP',
  invoiceId: 'qd3h7RgZdQBaNWTyt-ODU',
  email: 'customer@example.com'
}

stdout | src/services/portalPaymentIntegration.test.ts > Portal and Payment Integration > Complete Payment Flow > should handle payment for already paid invoice gracefully
[PaymentGateway] Created Stripe payment intent (mock) {
  paymentId: 'p0Te08F5PV_Nhk7nYM_s6',
  amount: '110.00',
  currency: 'USD'
}

stdout | src/services/portalPaymentIntegration.test.ts > Portal and Payment Integration > Complete Payment Flow > should handle payment for already paid invoice gracefully
[PaymentGateway] Payment confirmed successfully {
  paymentId: 'p0Te08F5PV_Nhk7nYM_s6',
  invoiceId: 'qd3h7RgZdQBaNWTyt-ODU',
  amount: '110.00'
}

stdout | src/services/portalPaymentIntegration.test.ts > Portal and Payment Integration > Rate Limiting Integration > should rate limit excessive portal access attempts
[PortalService] Created portal token {
  tokenId: 'Vm45lkxUPYgXH-rwFjE8n',
  invoiceId: 'KjdPh9vX8kHw8y55F2IYw',
  email: 'customer@example.com'
}

stdout | src/services/portalPaymentIntegration.test.ts > Portal and Payment Integration > Rate Limiting Integration > should rate limit excessive portal access attempts
[PortalService] Token validated successfully {
  tokenId: 'Vm45lkxUPYgXH-rwFjE8n',
  invoiceId: 'KjdPh9vX8kHw8y55F2IYw',
  accessCount: 1
}

stdout | src/services/portalPaymentIntegration.test.ts > Portal and Payment Integration > Rate Limiting Integration > should rate limit excessive portal access attempts
[PortalService] Token validated successfully {
  tokenId: 'Vm45lkxUPYgXH-rwFjE8n',
  invoiceId: 'KjdPh9vX8kHw8y55F2IYw',
  accessCount: 2
}

stdout | src/services/portalPaymentIntegration.test.ts > Portal and Payment Integration > Rate Limiting Integration > should rate limit excessive portal access attempts
[PortalService] Token validated successfully {
  tokenId: 'Vm45lkxUPYgXH-rwFjE8n',
  invoiceId: 'KjdPh9vX8kHw8y55F2IYw',
  accessCount: 3
}

stdout | src/services/portalPaymentIntegration.test.ts > Portal and Payment Integration > Rate Limiting Integration > should rate limit excessive portal access attempts
[PortalService] Token validated successfully {
  tokenId: 'Vm45lkxUPYgXH-rwFjE8n',
  invoiceId: 'KjdPh9vX8kHw8y55F2IYw',
  accessCount: 4
}

stdout | src/services/portalPaymentIntegration.test.ts > Portal and Payment Integration > Rate Limiting Integration > should rate limit excessive portal access attempts
[PortalService] Token validated successfully {
  tokenId: 'Vm45lkxUPYgXH-rwFjE8n',
  invoiceId: 'KjdPh9vX8kHw8y55F2IYw',
  accessCount: 5
}

stdout | src/services/portalPaymentIntegration.test.ts > Portal and Payment Integration > Rate Limiting Integration > should rate limit excessive portal access attempts
[PortalService] Token validated successfully {
  tokenId: 'Vm45lkxUPYgXH-rwFjE8n',
  invoiceId: 'KjdPh9vX8kHw8y55F2IYw',
  accessCount: 6
}

stdout | src/services/portalPaymentIntegration.test.ts > Portal and Payment Integration > Rate Limiting Integration > should rate limit excessive portal access attempts
[PortalService] Token validated successfully {
  tokenId: 'Vm45lkxUPYgXH-rwFjE8n',
  invoiceId: 'KjdPh9vX8kHw8y55F2IYw',
  accessCount: 7
}

stdout | src/services/portalPaymentIntegration.test.ts > Portal and Payment Integration > Rate Limiting Integration > should rate limit excessive portal access attempts
[PortalService] Token validated successfully {
  tokenId: 'Vm45lkxUPYgXH-rwFjE8n',
  invoiceId: 'KjdPh9vX8kHw8y55F2IYw',
  accessCount: 8
}

stdout | src/services/portalPaymentIntegration.test.ts > Portal and Payment Integration > Rate Limiting Integration > should rate limit excessive portal access attempts
[PortalService] Token validated successfully {
  tokenId: 'Vm45lkxUPYgXH-rwFjE8n',
  invoiceId: 'KjdPh9vX8kHw8y55F2IYw',
  accessCount: 9
}

stdout | src/services/portalPaymentIntegration.test.ts > Portal and Payment Integration > Rate Limiting Integration > should rate limit excessive portal access attempts
[PortalService] Token validated successfully {
  tokenId: 'Vm45lkxUPYgXH-rwFjE8n',
  invoiceId: 'KjdPh9vX8kHw8y55F2IYw',
  accessCount: 10
}

stdout | src/services/portalPaymentIntegration.test.ts > Portal and Payment Integration > Rate Limiting Integration > should rate limit excessive portal access attempts
[PortalService] Token validated successfully {
  tokenId: 'Vm45lkxUPYgXH-rwFjE8n',
  invoiceId: 'KjdPh9vX8kHw8y55F2IYw',
  accessCount: 11
}

stdout | src/services/portalPaymentIntegration.test.ts > Portal and Payment Integration > Rate Limiting Integration > should rate limit excessive portal access attempts
[PortalService] Token validated successfully {
  tokenId: 'Vm45lkxUPYgXH-rwFjE8n',
  invoiceId: 'KjdPh9vX8kHw8y55F2IYw',
  accessCount: 12
}

stdout | src/services/portalPaymentIntegration.test.ts > Portal and Payment Integration > Rate Limiting Integration > should rate limit excessive portal access attempts
[PortalService] Token validated successfully {
  tokenId: 'Vm45lkxUPYgXH-rwFjE8n',
  invoiceId: 'KjdPh9vX8kHw8y55F2IYw',
  accessCount: 13
}

stdout | src/services/portalPaymentIntegration.test.ts > Portal and Payment Integration > Rate Limiting Integration > should rate limit excessive portal access attempts
[PortalService] Token validated successfully {
  tokenId: 'Vm45lkxUPYgXH-rwFjE8n',
  invoiceId: 'KjdPh9vX8kHw8y55F2IYw',
  accessCount: 14
}

stdout | src/services/portalPaymentIntegration.test.ts > Portal and Payment Integration > Rate Limiting Integration > should rate limit excessive portal access attempts
[PortalService] Token validated successfully {
  tokenId: 'Vm45lkxUPYgXH-rwFjE8n',
  invoiceId: 'KjdPh9vX8kHw8y55F2IYw',
  accessCount: 15
}

stdout | src/services/portalPaymentIntegration.test.ts > Portal and Payment Integration > Rate Limiting Integration > should rate limit excessive portal access attempts
[PortalService] Token validated successfully {
  tokenId: 'Vm45lkxUPYgXH-rwFjE8n',
  invoiceId: 'KjdPh9vX8kHw8y55F2IYw',
  accessCount: 16
}

stdout | src/services/portalPaymentIntegration.test.ts > Portal and Payment Integration > Rate Limiting Integration > should rate limit excessive portal access attempts
[PortalService] Token validated successfully {
  tokenId: 'Vm45lkxUPYgXH-rwFjE8n',
  invoiceId: 'KjdPh9vX8kHw8y55F2IYw',
  accessCount: 17
}

stdout | src/services/portalPaymentIntegration.test.ts > Portal and Payment Integration > Rate Limiting Integration > should rate limit excessive portal access attempts
[PortalService] Token validated successfully {
  tokenId: 'Vm45lkxUPYgXH-rwFjE8n',
  invoiceId: 'KjdPh9vX8kHw8y55F2IYw',
  accessCount: 18
}

stdout | src/services/portalPaymentIntegration.test.ts > Portal and Payment Integration > Rate Limiting Integration > should rate limit excessive portal access attempts
[PortalService] Token validated successfully {
  tokenId: 'Vm45lkxUPYgXH-rwFjE8n',
  invoiceId: 'KjdPh9vX8kHw8y55F2IYw',
  accessCount: 19
}

stdout | src/services/portalPaymentIntegration.test.ts > Portal and Payment Integration > Rate Limiting Integration > should rate limit excessive portal access attempts
[PortalService] Token validated successfully {
  tokenId: 'Vm45lkxUPYgXH-rwFjE8n',
  invoiceId: 'KjdPh9vX8kHw8y55F2IYw',
  accessCount: 20
}

stdout | src/services/portalPaymentIntegration.test.ts > Portal and Payment Integration > Rate Limiting Integration > should rate limit excessive portal access attempts
[PortalService] Token validated successfully {
  tokenId: 'Vm45lkxUPYgXH-rwFjE8n',
  invoiceId: 'KjdPh9vX8kHw8y55F2IYw',
  accessCount: 21
}

stdout | src/services/portalPaymentIntegration.test.ts > Portal and Payment Integration > Rate Limiting Integration > should rate limit excessive portal access attempts
[PortalService] Token validated successfully {
  tokenId: 'Vm45lkxUPYgXH-rwFjE8n',
  invoiceId: 'KjdPh9vX8kHw8y55F2IYw',
  accessCount: 22
}

stdout | src/services/portalPaymentIntegration.test.ts > Portal and Payment Integration > Rate Limiting Integration > should rate limit excessive portal access attempts
[PortalService] Token validated successfully {
  tokenId: 'Vm45lkxUPYgXH-rwFjE8n',
  invoiceId: 'KjdPh9vX8kHw8y55F2IYw',
  accessCount: 23
}

stdout | src/services/portalPaymentIntegration.test.ts > Portal and Payment Integration > Rate Limiting Integration > should rate limit excessive portal access attempts
[PortalService] Token validated successfully {
  tokenId: 'Vm45lkxUPYgXH-rwFjE8n',
  invoiceId: 'KjdPh9vX8kHw8y55F2IYw',
  accessCount: 24
}

stdout | src/services/portalPaymentIntegration.test.ts > Portal and Payment Integration > Rate Limiting Integration > should rate limit excessive portal access attempts
[PortalService] Token validated successfully {
  tokenId: 'Vm45lkxUPYgXH-rwFjE8n',
  invoiceId: 'KjdPh9vX8kHw8y55F2IYw',
  accessCount: 25
}

stdout | src/services/portalPaymentIntegration.test.ts > Portal and Payment Integration > Rate Limiting Integration > should rate limit excessive portal access attempts
[PortalService] Token validated successfully {
  tokenId: 'Vm45lkxUPYgXH-rwFjE8n',
  invoiceId: 'KjdPh9vX8kHw8y55F2IYw',
  accessCount: 26
}

stdout | src/services/portalPaymentIntegration.test.ts > Portal and Payment Integration > Rate Limiting Integration > should rate limit excessive portal access attempts
[PortalService] Token validated successfully {
  tokenId: 'Vm45lkxUPYgXH-rwFjE8n',
  invoiceId: 'KjdPh9vX8kHw8y55F2IYw',
  accessCount: 27
}

stdout | src/services/portalPaymentIntegration.test.ts > Portal and Payment Integration > Rate Limiting Integration > should rate limit excessive portal access attempts
[PortalService] Token validated successfully {
  tokenId: 'Vm45lkxUPYgXH-rwFjE8n',
  invoiceId: 'KjdPh9vX8kHw8y55F2IYw',
  accessCount: 28
}

stdout | src/services/portalPaymentIntegration.test.ts > Portal and Payment Integration > Rate Limiting Integration > should rate limit excessive portal access attempts
[PortalService] Token validated successfully {
  tokenId: 'Vm45lkxUPYgXH-rwFjE8n',
  invoiceId: 'KjdPh9vX8kHw8y55F2IYw',
  accessCount: 29
}

stdout | src/services/portalPaymentIntegration.test.ts > Portal and Payment Integration > Rate Limiting Integration > should rate limit excessive portal access attempts
[PortalService] Token validated successfully {
  tokenId: 'Vm45lkxUPYgXH-rwFjE8n',
  invoiceId: 'KjdPh9vX8kHw8y55F2IYw',
  accessCount: 30
}

stdout | src/services/portalPaymentIntegration.test.ts > Portal and Payment Integration > Rate Limiting Integration > should rate limit excessive portal access attempts
[PortalService] Token validated successfully {
  tokenId: 'Vm45lkxUPYgXH-rwFjE8n',
  invoiceId: 'KjdPh9vX8kHw8y55F2IYw',
  accessCount: 31
}

stdout | src/services/portalPaymentIntegration.test.ts > Portal and Payment Integration > Rate Limiting Integration > should rate limit excessive portal access attempts
[PortalService] Token validated successfully {
  tokenId: 'Vm45lkxUPYgXH-rwFjE8n',
  invoiceId: 'KjdPh9vX8kHw8y55F2IYw',
  accessCount: 32
}

stdout | src/services/portalPaymentIntegration.test.ts > Portal and Payment Integration > Rate Limiting Integration > should rate limit excessive portal access attempts
[PortalService] Token validated successfully {
  tokenId: 'Vm45lkxUPYgXH-rwFjE8n',
  invoiceId: 'KjdPh9vX8kHw8y55F2IYw',
  accessCount: 33
}

stdout | src/services/portalPaymentIntegration.test.ts > Portal and Payment Integration > Rate Limiting Integration > should rate limit excessive portal access attempts
[PortalService] Token validated successfully {
  tokenId: 'Vm45lkxUPYgXH-rwFjE8n',
  invoiceId: 'KjdPh9vX8kHw8y55F2IYw',
  accessCount: 34
}

stdout | src/services/portalPaymentIntegration.test.ts > Portal and Payment Integration > Rate Limiting Integration > should rate limit excessive portal access attempts
[PortalService] Token validated successfully {
  tokenId: 'Vm45lkxUPYgXH-rwFjE8n',
  invoiceId: 'KjdPh9vX8kHw8y55F2IYw',
  accessCount: 35
}

stdout | src/services/portalPaymentIntegration.test.ts > Portal and Payment Integration > Rate Limiting Integration > should rate limit excessive portal access attempts
[PortalService] Token validated successfully {
  tokenId: 'Vm45lkxUPYgXH-rwFjE8n',
  invoiceId: 'KjdPh9vX8kHw8y55F2IYw',
  accessCount: 36
}

stdout | src/services/portalPaymentIntegration.test.ts > Portal and Payment Integration > Rate Limiting Integration > should rate limit excessive portal access attempts
[PortalService] Token validated successfully {
  tokenId: 'Vm45lkxUPYgXH-rwFjE8n',
  invoiceId: 'KjdPh9vX8kHw8y55F2IYw',
  accessCount: 37
}

stdout | src/services/portalPaymentIntegration.test.ts > Portal and Payment Integration > Rate Limiting Integration > should rate limit excessive portal access attempts
[PortalService] Token validated successfully {
  tokenId: 'Vm45lkxUPYgXH-rwFjE8n',
  invoiceId: 'KjdPh9vX8kHw8y55F2IYw',
  accessCount: 38
}

stdout | src/services/portalPaymentIntegration.test.ts > Portal and Payment Integration > Rate Limiting Integration > should rate limit excessive portal access attempts
[PortalService] Token validated successfully {
  tokenId: 'Vm45lkxUPYgXH-rwFjE8n',
  invoiceId: 'KjdPh9vX8kHw8y55F2IYw',
  accessCount: 39
}

stdout | src/services/portalPaymentIntegration.test.ts > Portal and Payment Integration > Rate Limiting Integration > should rate limit excessive portal access attempts
[PortalService] Token validated successfully {
  tokenId: 'Vm45lkxUPYgXH-rwFjE8n',
  invoiceId: 'KjdPh9vX8kHw8y55F2IYw',
  accessCount: 40
}

stdout | src/services/portalPaymentIntegration.test.ts > Portal and Payment Integration > Rate Limiting Integration > should rate limit excessive portal access attempts
[PortalService] Token validated successfully {
  tokenId: 'Vm45lkxUPYgXH-rwFjE8n',
  invoiceId: 'KjdPh9vX8kHw8y55F2IYw',
  accessCount: 41
}

stdout | src/services/portalPaymentIntegration.test.ts > Portal and Payment Integration > Rate Limiting Integration > should rate limit excessive portal access attempts
[PortalService] Token validated successfully {
  tokenId: 'Vm45lkxUPYgXH-rwFjE8n',
  invoiceId: 'KjdPh9vX8kHw8y55F2IYw',
  accessCount: 42
}

stdout | src/services/portalPaymentIntegration.test.ts > Portal and Payment Integration > Rate Limiting Integration > should rate limit excessive portal access attempts
[PortalService] Token validated successfully {
  tokenId: 'Vm45lkxUPYgXH-rwFjE8n',
  invoiceId: 'KjdPh9vX8kHw8y55F2IYw',
  accessCount: 43
}

stdout | src/services/portalPaymentIntegration.test.ts > Portal and Payment Integration > Rate Limiting Integration > should rate limit excessive portal access attempts
[PortalService] Token validated successfully {
  tokenId: 'Vm45lkxUPYgXH-rwFjE8n',
  invoiceId: 'KjdPh9vX8kHw8y55F2IYw',
  accessCount: 44
}

stdout | src/services/portalPaymentIntegration.test.ts > Portal and Payment Integration > Rate Limiting Integration > should rate limit excessive portal access attempts
[PortalService] Token validated successfully {
  tokenId: 'Vm45lkxUPYgXH-rwFjE8n',
  invoiceId: 'KjdPh9vX8kHw8y55F2IYw',
  accessCount: 45
}

stdout | src/services/portalPaymentIntegration.test.ts > Portal and Payment Integration > Rate Limiting Integration > should rate limit excessive portal access attempts
[PortalService] Token validated successfully {
  tokenId: 'Vm45lkxUPYgXH-rwFjE8n',
  invoiceId: 'KjdPh9vX8kHw8y55F2IYw',
  accessCount: 46
}

stdout | src/services/portalPaymentIntegration.test.ts > Portal and Payment Integration > Rate Limiting Integration > should rate limit excessive portal access attempts
[PortalService] Token validated successfully {
  tokenId: 'Vm45lkxUPYgXH-rwFjE8n',
  invoiceId: 'KjdPh9vX8kHw8y55F2IYw',
  accessCount: 47
}

stdout | src/services/portalPaymentIntegration.test.ts > Portal and Payment Integration > Rate Limiting Integration > should rate limit excessive portal access attempts
[PortalService] Token validated successfully {
  tokenId: 'Vm45lkxUPYgXH-rwFjE8n',
  invoiceId: 'KjdPh9vX8kHw8y55F2IYw',
  accessCount: 48
}

stdout | src/services/portalPaymentIntegration.test.ts > Portal and Payment Integration > Rate Limiting Integration > should rate limit excessive portal access attempts
[PortalService] Token validated successfully {
  tokenId: 'Vm45lkxUPYgXH-rwFjE8n',
  invoiceId: 'KjdPh9vX8kHw8y55F2IYw',
  accessCount: 49
}

stdout | src/services/portalPaymentIntegration.test.ts > Portal and Payment Integration > Rate Limiting Integration > should rate limit excessive portal access attempts
[PortalService] Token validated successfully {
  tokenId: 'Vm45lkxUPYgXH-rwFjE8n',
  invoiceId: 'KjdPh9vX8kHw8y55F2IYw',
  accessCount: 50
}

stdout | src/services/portalPaymentIntegration.test.ts > Portal and Payment Integration > Rate Limiting Integration > should rate limit excessive portal access attempts
[PortalService] Token validated successfully {
  tokenId: 'Vm45lkxUPYgXH-rwFjE8n',
  invoiceId: 'KjdPh9vX8kHw8y55F2IYw',
  accessCount: 51
}

stdout | src/services/portalPaymentIntegration.test.ts > Portal and Payment Integration > Rate Limiting Integration > should rate limit excessive portal access attempts
[PortalService] Token validated successfully {
  tokenId: 'Vm45lkxUPYgXH-rwFjE8n',
  invoiceId: 'KjdPh9vX8kHw8y55F2IYw',
  accessCount: 52
}

stdout | src/services/portalPaymentIntegration.test.ts > Portal and Payment Integration > Rate Limiting Integration > should rate limit excessive portal access attempts
[PortalService] Token validated successfully {
  tokenId: 'Vm45lkxUPYgXH-rwFjE8n',
  invoiceId: 'KjdPh9vX8kHw8y55F2IYw',
  accessCount: 53
}

stdout | src/services/portalPaymentIntegration.test.ts > Portal and Payment Integration > Rate Limiting Integration > should rate limit excessive portal access attempts
[PortalService] Token validated successfully {
  tokenId: 'Vm45lkxUPYgXH-rwFjE8n',
  invoiceId: 'KjdPh9vX8kHw8y55F2IYw',
  accessCount: 54
}

stdout | src/services/portalPaymentIntegration.test.ts > Portal and Payment Integration > Rate Limiting Integration > should rate limit excessive portal access attempts
[PortalService] Token validated successfully {
  tokenId: 'Vm45lkxUPYgXH-rwFjE8n',
  invoiceId: 'KjdPh9vX8kHw8y55F2IYw',
  accessCount: 55
}

stdout | src/services/portalPaymentIntegration.test.ts > Portal and Payment Integration > Rate Limiting Integration > should rate limit excessive portal access attempts
[PortalService] Token validated successfully {
  tokenId: 'Vm45lkxUPYgXH-rwFjE8n',
  invoiceId: 'KjdPh9vX8kHw8y55F2IYw',
  accessCount: 56
}

stdout | src/services/portalPaymentIntegration.test.ts > Portal and Payment Integration > Rate Limiting Integration > should rate limit excessive portal access attempts
[PortalService] Token validated successfully {
  tokenId: 'Vm45lkxUPYgXH-rwFjE8n',
  invoiceId: 'KjdPh9vX8kHw8y55F2IYw',
  accessCount: 57
}

stdout | src/services/portalPaymentIntegration.test.ts > Portal and Payment Integration > Rate Limiting Integration > should rate limit excessive portal access attempts
[PortalService] Token validated successfully {
  tokenId: 'Vm45lkxUPYgXH-rwFjE8n',
  invoiceId: 'KjdPh9vX8kHw8y55F2IYw',
  accessCount: 58
}

stdout | src/services/portalPaymentIntegration.test.ts > Portal and Payment Integration > Rate Limiting Integration > should rate limit excessive portal access attempts
[PortalService] Token validated successfully {
  tokenId: 'Vm45lkxUPYgXH-rwFjE8n',
  invoiceId: 'KjdPh9vX8kHw8y55F2IYw',
  accessCount: 59
}

stdout | src/services/portalPaymentIntegration.test.ts > Portal and Payment Integration > Rate Limiting Integration > should rate limit excessive portal access attempts
[PortalService] Token validated successfully {
  tokenId: 'Vm45lkxUPYgXH-rwFjE8n',
  invoiceId: 'KjdPh9vX8kHw8y55F2IYw',
  accessCount: 60
}

stdout | src/services/portalPaymentIntegration.test.ts > Portal and Payment Integration > Rate Limiting Integration > should rate limit excessive portal access attempts
[PortalService] Token validated successfully {
  tokenId: 'Vm45lkxUPYgXH-rwFjE8n',
  invoiceId: 'KjdPh9vX8kHw8y55F2IYw',
  accessCount: 61
}

stdout | src/services/portalPaymentIntegration.test.ts > Portal and Payment Integration > Rate Limiting Integration > should rate limit excessive portal access attempts
[PortalService] Token validated successfully {
  tokenId: 'Vm45lkxUPYgXH-rwFjE8n',
  invoiceId: 'KjdPh9vX8kHw8y55F2IYw',
  accessCount: 62
}

stdout | src/services/portalPaymentIntegration.test.ts > Portal and Payment Integration > Rate Limiting Integration > should rate limit excessive portal access attempts
[PortalService] Token validated successfully {
  tokenId: 'Vm45lkxUPYgXH-rwFjE8n',
  invoiceId: 'KjdPh9vX8kHw8y55F2IYw',
  accessCount: 63
}

stdout | src/services/portalPaymentIntegration.test.ts > Portal and Payment Integration > Rate Limiting Integration > should rate limit excessive portal access attempts
[PortalService] Token validated successfully {
  tokenId: 'Vm45lkxUPYgXH-rwFjE8n',
  invoiceId: 'KjdPh9vX8kHw8y55F2IYw',
  accessCount: 64
}

stdout | src/services/portalPaymentIntegration.test.ts > Portal and Payment Integration > Rate Limiting Integration > should rate limit excessive portal access attempts
[PortalService] Token validated successfully {
  tokenId: 'Vm45lkxUPYgXH-rwFjE8n',
  invoiceId: 'KjdPh9vX8kHw8y55F2IYw',
  accessCount: 65
}

stdout | src/services/portalPaymentIntegration.test.ts > Portal and Payment Integration > Rate Limiting Integration > should rate limit excessive portal access attempts
[PortalService] Token validated successfully {
  tokenId: 'Vm45lkxUPYgXH-rwFjE8n',
  invoiceId: 'KjdPh9vX8kHw8y55F2IYw',
  accessCount: 66
}

stdout | src/services/portalPaymentIntegration.test.ts > Portal and Payment Integration > Rate Limiting Integration > should rate limit excessive portal access attempts
[PortalService] Token validated successfully {
  tokenId: 'Vm45lkxUPYgXH-rwFjE8n',
  invoiceId: 'KjdPh9vX8kHw8y55F2IYw',
  accessCount: 67
}

stdout | src/services/portalPaymentIntegration.test.ts > Portal and Payment Integration > Rate Limiting Integration > should rate limit excessive portal access attempts
[PortalService] Token validated successfully {
  tokenId: 'Vm45lkxUPYgXH-rwFjE8n',
  invoiceId: 'KjdPh9vX8kHw8y55F2IYw',
  accessCount: 68
}

stdout | src/services/portalPaymentIntegration.test.ts > Portal and Payment Integration > Rate Limiting Integration > should rate limit excessive portal access attempts
[PortalService] Token validated successfully {
  tokenId: 'Vm45lkxUPYgXH-rwFjE8n',
  invoiceId: 'KjdPh9vX8kHw8y55F2IYw',
  accessCount: 69
}

stdout | src/services/portalPaymentIntegration.test.ts > Portal and Payment Integration > Rate Limiting Integration > should rate limit excessive portal access attempts
[PortalService] Token validated successfully {
  tokenId: 'Vm45lkxUPYgXH-rwFjE8n',
  invoiceId: 'KjdPh9vX8kHw8y55F2IYw',
  accessCount: 70
}

stdout | src/services/portalPaymentIntegration.test.ts > Portal and Payment Integration > Rate Limiting Integration > should rate limit excessive portal access attempts
[PortalService] Token validated successfully {
  tokenId: 'Vm45lkxUPYgXH-rwFjE8n',
  invoiceId: 'KjdPh9vX8kHw8y55F2IYw',
  accessCount: 71
}

stdout | src/services/portalPaymentIntegration.test.ts > Portal and Payment Integration > Rate Limiting Integration > should rate limit excessive portal access attempts
[PortalService] Token validated successfully {
  tokenId: 'Vm45lkxUPYgXH-rwFjE8n',
  invoiceId: 'KjdPh9vX8kHw8y55F2IYw',
  accessCount: 72
}

stdout | src/services/portalPaymentIntegration.test.ts > Portal and Payment Integration > Rate Limiting Integration > should rate limit excessive portal access attempts
[PortalService] Token validated successfully {
  tokenId: 'Vm45lkxUPYgXH-rwFjE8n',
  invoiceId: 'KjdPh9vX8kHw8y55F2IYw',
  accessCount: 73
}

stdout | src/services/portalPaymentIntegration.test.ts > Portal and Payment Integration > Rate Limiting Integration > should rate limit excessive portal access attempts
[PortalService] Token validated successfully {
  tokenId: 'Vm45lkxUPYgXH-rwFjE8n',
  invoiceId: 'KjdPh9vX8kHw8y55F2IYw',
  accessCount: 74
}

stdout | src/services/portalPaymentIntegration.test.ts > Portal and Payment Integration > Rate Limiting Integration > should rate limit excessive portal access attempts
[PortalService] Token validated successfully {
  tokenId: 'Vm45lkxUPYgXH-rwFjE8n',
  invoiceId: 'KjdPh9vX8kHw8y55F2IYw',
  accessCount: 75
}

stdout | src/services/portalPaymentIntegration.test.ts > Portal and Payment Integration > Rate Limiting Integration > should rate limit excessive portal access attempts
[PortalService] Token validated successfully {
  tokenId: 'Vm45lkxUPYgXH-rwFjE8n',
  invoiceId: 'KjdPh9vX8kHw8y55F2IYw',
  accessCount: 76
}

stdout | src/services/portalPaymentIntegration.test.ts > Portal and Payment Integration > Rate Limiting Integration > should rate limit excessive portal access attempts
[PortalService] Token validated successfully {
  tokenId: 'Vm45lkxUPYgXH-rwFjE8n',
  invoiceId: 'KjdPh9vX8kHw8y55F2IYw',
  accessCount: 77
}

stdout | src/services/portalPaymentIntegration.test.ts > Portal and Payment Integration > Rate Limiting Integration > should rate limit excessive portal access attempts
[PortalService] Token validated successfully {
  tokenId: 'Vm45lkxUPYgXH-rwFjE8n',
  invoiceId: 'KjdPh9vX8kHw8y55F2IYw',
  accessCount: 78
}

stdout | src/services/portalPaymentIntegration.test.ts > Portal and Payment Integration > Rate Limiting Integration > should rate limit excessive portal access attempts
[PortalService] Token validated successfully {
  tokenId: 'Vm45lkxUPYgXH-rwFjE8n',
  invoiceId: 'KjdPh9vX8kHw8y55F2IYw',
  accessCount: 79
}

stdout | src/services/portalPaymentIntegration.test.ts > Portal and Payment Integration > Rate Limiting Integration > should rate limit excessive portal access attempts
[PortalService] Token validated successfully {
  tokenId: 'Vm45lkxUPYgXH-rwFjE8n',
  invoiceId: 'KjdPh9vX8kHw8y55F2IYw',
  accessCount: 80
}

stdout | src/services/portalPaymentIntegration.test.ts > Portal and Payment Integration > Rate Limiting Integration > should rate limit excessive portal access attempts
[PortalService] Token validated successfully {
  tokenId: 'Vm45lkxUPYgXH-rwFjE8n',
  invoiceId: 'KjdPh9vX8kHw8y55F2IYw',
  accessCount: 81
}

stdout | src/services/portalPaymentIntegration.test.ts > Portal and Payment Integration > Rate Limiting Integration > should rate limit excessive portal access attempts
[PortalService] Token validated successfully {
  tokenId: 'Vm45lkxUPYgXH-rwFjE8n',
  invoiceId: 'KjdPh9vX8kHw8y55F2IYw',
  accessCount: 82
}

stdout | src/services/portalPaymentIntegration.test.ts > Portal and Payment Integration > Rate Limiting Integration > should rate limit excessive portal access attempts
[PortalService] Token validated successfully {
  tokenId: 'Vm45lkxUPYgXH-rwFjE8n',
  invoiceId: 'KjdPh9vX8kHw8y55F2IYw',
  accessCount: 83
}

stdout | src/services/portalPaymentIntegration.test.ts > Portal and Payment Integration > Rate Limiting Integration > should rate limit excessive portal access attempts
[PortalService] Token validated successfully {
  tokenId: 'Vm45lkxUPYgXH-rwFjE8n',
  invoiceId: 'KjdPh9vX8kHw8y55F2IYw',
  accessCount: 84
}

stdout | src/services/portalPaymentIntegration.test.ts > Portal and Payment Integration > Rate Limiting Integration > should rate limit excessive portal access attempts
[PortalService] Token validated successfully {
  tokenId: 'Vm45lkxUPYgXH-rwFjE8n',
  invoiceId: 'KjdPh9vX8kHw8y55F2IYw',
  accessCount: 85
}

stdout | src/services/portalPaymentIntegration.test.ts > Portal and Payment Integration > Rate Limiting Integration > should rate limit excessive portal access attempts
[PortalService] Token validated successfully {
  tokenId: 'Vm45lkxUPYgXH-rwFjE8n',
  invoiceId: 'KjdPh9vX8kHw8y55F2IYw',
  accessCount: 86
}

stdout | src/services/portalPaymentIntegration.test.ts > Portal and Payment Integration > Rate Limiting Integration > should rate limit excessive portal access attempts
[PortalService] Token validated successfully {
  tokenId: 'Vm45lkxUPYgXH-rwFjE8n',
  invoiceId: 'KjdPh9vX8kHw8y55F2IYw',
  accessCount: 87
}

stdout | src/services/portalPaymentIntegration.test.ts > Portal and Payment Integration > Rate Limiting Integration > should rate limit excessive portal access attempts
[PortalService] Token validated successfully {
  tokenId: 'Vm45lkxUPYgXH-rwFjE8n',
  invoiceId: 'KjdPh9vX8kHw8y55F2IYw',
  accessCount: 88
}

stdout | src/services/portalPaymentIntegration.test.ts > Portal and Payment Integration > Rate Limiting Integration > should rate limit excessive portal access attempts
[PortalService] Token validated successfully {
  tokenId: 'Vm45lkxUPYgXH-rwFjE8n',
  invoiceId: 'KjdPh9vX8kHw8y55F2IYw',
  accessCount: 89
}

stdout | src/services/portalPaymentIntegration.test.ts > Portal and Payment Integration > Rate Limiting Integration > should rate limit excessive portal access attempts
[PortalService] Token validated successfully {
  tokenId: 'Vm45lkxUPYgXH-rwFjE8n',
  invoiceId: 'KjdPh9vX8kHw8y55F2IYw',
  accessCount: 90
}

stdout | src/services/portalPaymentIntegration.test.ts > Portal and Payment Integration > Rate Limiting Integration > should rate limit excessive portal access attempts
[PortalService] Token validated successfully {
  tokenId: 'Vm45lkxUPYgXH-rwFjE8n',
  invoiceId: 'KjdPh9vX8kHw8y55F2IYw',
  accessCount: 91
}

stdout | src/services/portalPaymentIntegration.test.ts > Portal and Payment Integration > Rate Limiting Integration > should rate limit excessive portal access attempts
[PortalService] Token validated successfully {
  tokenId: 'Vm45lkxUPYgXH-rwFjE8n',
  invoiceId: 'KjdPh9vX8kHw8y55F2IYw',
  accessCount: 92
}

stdout | src/services/portalPaymentIntegration.test.ts > Portal and Payment Integration > Rate Limiting Integration > should rate limit excessive portal access attempts
[PortalService] Token validated successfully {
  tokenId: 'Vm45lkxUPYgXH-rwFjE8n',
  invoiceId: 'KjdPh9vX8kHw8y55F2IYw',
  accessCount: 93
}

stdout | src/services/portalPaymentIntegration.test.ts > Portal and Payment Integration > Rate Limiting Integration > should rate limit excessive portal access attempts
[PortalService] Token validated successfully {
  tokenId: 'Vm45lkxUPYgXH-rwFjE8n',
  invoiceId: 'KjdPh9vX8kHw8y55F2IYw',
  accessCount: 94
}

stdout | src/services/portalPaymentIntegration.test.ts > Portal and Payment Integration > Rate Limiting Integration > should rate limit excessive portal access attempts
[PortalService] Token validated successfully {
  tokenId: 'Vm45lkxUPYgXH-rwFjE8n',
  invoiceId: 'KjdPh9vX8kHw8y55F2IYw',
  accessCount: 95
}

stdout | src/services/portalPaymentIntegration.test.ts > Portal and Payment Integration > Rate Limiting Integration > should rate limit excessive portal access attempts
[PortalService] Token validated successfully {
  tokenId: 'Vm45lkxUPYgXH-rwFjE8n',
  invoiceId: 'KjdPh9vX8kHw8y55F2IYw',
  accessCount: 96
}

stdout | src/services/portalPaymentIntegration.test.ts > Portal and Payment Integration > Rate Limiting Integration > should rate limit excessive portal access attempts
[PortalService] Token validated successfully {
  tokenId: 'Vm45lkxUPYgXH-rwFjE8n',
  invoiceId: 'KjdPh9vX8kHw8y55F2IYw',
  accessCount: 97
}

stdout | src/services/portalPaymentIntegration.test.ts > Portal and Payment Integration > Rate Limiting Integration > should rate limit excessive portal access attempts
[PortalService] Token validated successfully {
  tokenId: 'Vm45lkxUPYgXH-rwFjE8n',
  invoiceId: 'KjdPh9vX8kHw8y55F2IYw',
  accessCount: 98
}

stdout | src/services/portalPaymentIntegration.test.ts > Portal and Payment Integration > Rate Limiting Integration > should rate limit excessive portal access attempts
[PortalService] Token validated successfully {
  tokenId: 'Vm45lkxUPYgXH-rwFjE8n',
  invoiceId: 'KjdPh9vX8kHw8y55F2IYw',
  accessCount: 99
}

stdout | src/services/portalPaymentIntegration.test.ts > Portal and Payment Integration > Rate Limiting Integration > should rate limit excessive portal access attempts
[PortalService] Token validated successfully {
  tokenId: 'Vm45lkxUPYgXH-rwFjE8n',
  invoiceId: 'KjdPh9vX8kHw8y55F2IYw',
  accessCount: 100
}

stderr | src/services/portalPaymentIntegration.test.ts > Portal and Payment Integration > Rate Limiting Integration > should rate limit excessive portal access attempts
[PortalService] Rate limit exceeded { ip: '10.0.0.100', requests: 100 }

 ❯ src/services/portalPaymentIntegration.test.ts (9 tests | 7 failed) 1586ms
       × should complete full payment flow from portal link to payment 266ms
       × should handle failed payment without marking invoice as paid 126ms
       × should allow multiple payment attempts for same invoice 138ms
       × should prevent payment with expired portal token 55ms
       × should prevent payment with revoked portal token 43ms
       × should handle payment for already paid invoice gracefully 94ms
       × should rate limit excessive portal access attempts 536ms
stdout | src/services/auditLogExtended.perf.test.ts > Extended Audit Log Performance Tests > Timeline Generation Performance > should generate monthly timeline in <200ms
[AuditLogExtended] Generating audit log timeline {
  companyId: 'test-company',
  dateFrom: 2025-05-02T20:20:05.824Z,
  dateTo: 2026-05-02T20:20:05.824Z,
  groupBy: 'month'
}
[AuditLogExtended] Starting audit log search {
  companyId: 'test-company',
  dateFrom: 2025-05-02T20:20:05.824Z,
  dateTo: 2026-05-02T20:20:05.824Z,
  limit: undefined,
  sortBy: 'timestamp',
  sortOrder: 'desc'
}

stdout | src/services/auditLogExtended.perf.test.ts > Extended Audit Log Performance Tests > Timeline Generation Performance > should generate monthly timeline in <200ms
[AuditLogExtended] Audit log search completed {
  total: 100000,
  returned: 100000,
  executionTimeMs: 11694.438900000008
}

stdout | src/services/auditLogExtended.perf.test.ts > Extended Audit Log Performance Tests > Timeline Generation Performance > should generate monthly timeline in <200ms
[AuditLogExtended] Timeline generation completed {
  entryCount: 13,
  totalLogs: 100000,
  executionTimeMs: 11973.73960000003
}

stdout | src/services/auditLogExtended.perf.test.ts > Extended Audit Log Performance Tests > Timeline Generation Performance > should generate monthly timeline in <200ms
Monthly timeline generation completed in 11974.15ms

stdout | src/services/auditLogExtended.perf.test.ts > Extended Audit Log Performance Tests > Export Performance > should export 1,000 logs to CSV in reasonable time
[AuditLogExtended] Starting CSV export { companyId: 'test-company', limit: 1000 }
[AuditLogExtended] Starting audit log search { companyId: 'test-company', limit: undefined, offset: undefined }

stdout | src/services/auditLogExtended.perf.test.ts > Extended Audit Log Performance Tests > Export Performance > should export 1,000 logs to CSV in reasonable time
[AuditLogExtended] Audit log search completed { total: 100000, returned: 100000, executionTimeMs: 7083.440100000007 }

stdout | src/services/auditLogExtended.perf.test.ts > Extended Audit Log Performance Tests > Export Performance > should export 1,000 logs to CSV in reasonable time
[AuditLogExtended] CSV export completed { recordCount: 100000, executionTimeMs: 8087.171700000006 }

stdout | src/services/auditLogExtended.perf.test.ts > Extended Audit Log Performance Tests > Export Performance > should export 1,000 logs to CSV in reasonable time
CSV export (1,000 logs) completed in 8089.79ms

stdout | src/services/auditLogExtended.perf.test.ts > Extended Audit Log Performance Tests > Export Performance > should export 10,000 logs to CSV in reasonable time
[AuditLogExtended] Starting CSV export { companyId: 'test-company', limit: 10000 }
[AuditLogExtended] Starting audit log search { companyId: 'test-company', limit: undefined, offset: undefined }

stdout | src/services/auditLogExtended.perf.test.ts > Extended Audit Log Performance Tests > Export Performance > should export 10,000 logs to CSV in reasonable time
[AuditLogExtended] Audit log search completed { total: 100000, returned: 100000, executionTimeMs: 6174.50469999999 }

stdout | src/services/auditLogExtended.perf.test.ts > Extended Audit Log Performance Tests > Export Performance > should export 10,000 logs to CSV in reasonable time
[AuditLogExtended] CSV export completed { recordCount: 100000, executionTimeMs: 7164.927399999986 }

stdout | src/services/auditLogExtended.perf.test.ts > Extended Audit Log Performance Tests > Export Performance > should export 10,000 logs to CSV in reasonable time
CSV export (10,000 logs) completed in 7165.49ms

stdout | src/services/auditLogExtended.perf.test.ts > Extended Audit Log Performance Tests > Export Performance > should export 1,000 logs to PDF data in reasonable time
[AuditLogExtended] Starting PDF export { companyId: 'test-company', limit: 1000 }
[AuditLogExtended] Starting audit log search { companyId: 'test-company', limit: undefined, offset: undefined }

stdout | src/services/auditLogExtended.perf.test.ts > Extended Audit Log Performance Tests > Export Performance > should export 1,000 logs to PDF data in reasonable time
[AuditLogExtended] Audit log search completed {
  total: 100000,
  returned: 100000,
  executionTimeMs: 6485.4467000000295
}

stdout | src/services/auditLogExtended.perf.test.ts > Extended Audit Log Performance Tests > Export Performance > should export 1,000 logs to PDF data in reasonable time
[AuditLogExtended] PDF export data prepared { recordCount: 100000, executionTimeMs: 7491.8833999999915 }

stdout | src/services/auditLogExtended.perf.test.ts > Extended Audit Log Performance Tests > Export Performance > should export 1,000 logs to PDF data in reasonable time
PDF export (1,000 logs) completed in 7702.31ms

stdout | src/services/auditLogExtended.perf.test.ts > Extended Audit Log Performance Tests > Statistics Performance > should generate statistics in <200ms
[AuditLogExtended] Generating audit log statistics { companyId: 'test-company', dateFrom: undefined, dateTo: undefined }
[AuditLogExtended] Starting audit log search {
  companyId: 'test-company',
  dateFrom: undefined,
  dateTo: undefined,
  limit: undefined
}

stdout | src/services/auditLogExtended.perf.test.ts > Extended Audit Log Performance Tests > Statistics Performance > should generate statistics in <200ms
[AuditLogExtended] Audit log search completed { total: 100000, returned: 100000, executionTimeMs: 6189.785099999979 }

stdout | src/services/auditLogExtended.perf.test.ts > Extended Audit Log Performance Tests > Statistics Performance > should generate statistics in <200ms
[AuditLogExtended] Statistics generation completed { totalLogs: 100000, executionTimeMs: 6493.1679 }

stdout | src/services/auditLogExtended.perf.test.ts > Extended Audit Log Performance Tests > Statistics Performance > should generate statistics in <200ms
Statistics generation completed in 6494.47ms
Total logs: 100000
Unique actions: 8
Unique entity types: 1
Unique users: 1

Error: Uncaught [Error: useNavigate() may be used only in the context of a <Router> component.]
    at reportException (C:\Users\Admin\graceful_books\node_modules\jsdom\lib\jsdom\living\helpers\runtime-script-errors.js:66:24)
    at innerInvokeEventListeners (C:\Users\Admin\graceful_books\node_modules\jsdom\lib\jsdom\living\events\EventTarget-impl.js:353:9)
    at invokeEventListeners (C:\Users\Admin\graceful_books\node_modules\jsdom\lib\jsdom\living\events\EventTarget-impl.js:286:3)
    at HTMLUnknownElementImpl._dispatch (C:\Users\Admin\graceful_books\node_modules\jsdom\lib\jsdom\living\events\EventTarget-impl.js:233:9)
    at HTMLUnknownElementImpl.dispatchEvent (C:\Users\Admin\graceful_books\node_modules\jsdom\lib\jsdom\living\events\EventTarget-impl.js:104:17)
    at HTMLUnknownElement.dispatchEvent (C:\Users\Admin\graceful_books\node_modules\jsdom\lib\jsdom\living\generated\EventTarget.js:241:34)
    at Object.invokeGuardedCallbackDev (C:\Users\Admin\graceful_books\node_modules\react-dom\cjs\react-dom.development.js:4213:16)
    at invokeGuardedCallback (C:\Users\Admin\graceful_books\node_modules\react-dom\cjs\react-dom.development.js:4277:31)
    at beginWork$1 (C:\Users\Admin\graceful_books\node_modules\react-dom\cjs\react-dom.development.js:27490:7)
    at performUnitOfWork (C:\Users\Admin\graceful_books\node_modules\react-dom\cjs\react-dom.development.js:26599:12) Error: useNavigate() may be used only in the context of a <Router> component.
    at Object.invariant [as UNSAFE_invariant] (C:\Users\Admin\graceful_books\node_modules\@remix-run\router\dist\router.cjs.js:315:11)
    at useNavigateUnstable (C:\Users\Admin\graceful_books\node_modules\react-router\dist\umd\react-router.development.js:223:36)
    at useNavigate (C:\Users\Admin\graceful_books\node_modules\react-router\dist\umd\react-router.development.js:220:48)
    at ProductsTab (C:/Users/Admin/graceful_books/src/pages/cpg/tabs/ProductsTab.tsx:33:20)
    at renderWithHooks (C:\Users\Admin\graceful_books\node_modules\react-dom\cjs\react-dom.development.js:15486:18)
    at mountIndeterminateComponent (C:\Users\Admin\graceful_books\node_modules\react-dom\cjs\react-dom.development.js:20103:13)
    at beginWork (C:\Users\Admin\graceful_books\node_modules\react-dom\cjs\react-dom.development.js:21626:16)
    at HTMLUnknownElement.callCallback (C:\Users\Admin\graceful_books\node_modules\react-dom\cjs\react-dom.development.js:4164:14)
    at HTMLUnknownElement.callTheUserObjectsOperation (C:\Users\Admin\graceful_books\node_modules\jsdom\lib\jsdom\living\generated\EventListener.js:26:30)
    at innerInvokeEventListeners (C:\Users\Admin\graceful_books\node_modules\jsdom\lib\jsdom\living\events\EventTarget-impl.js:350:25)
Error: Uncaught [Error: useNavigate() may be used only in the context of a <Router> component.]
    at reportException (C:\Users\Admin\graceful_books\node_modules\jsdom\lib\jsdom\living\helpers\runtime-script-errors.js:66:24)
    at innerInvokeEventListeners (C:\Users\Admin\graceful_books\node_modules\jsdom\lib\jsdom\living\events\EventTarget-impl.js:353:9)
    at invokeEventListeners (C:\Users\Admin\graceful_books\node_modules\jsdom\lib\jsdom\living\events\EventTarget-impl.js:286:3)
    at HTMLUnknownElementImpl._dispatch (C:\Users\Admin\graceful_books\node_modules\jsdom\lib\jsdom\living\events\EventTarget-impl.js:233:9)
    at HTMLUnknownElementImpl.dispatchEvent (C:\Users\Admin\graceful_books\node_modules\jsdom\lib\jsdom\living\events\EventTarget-impl.js:104:17)
    at HTMLUnknownElement.dispatchEvent (C:\Users\Admin\graceful_books\node_modules\jsdom\lib\jsdom\living\generated\EventTarget.js:241:34)
    at Object.invokeGuardedCallbackDev (C:\Users\Admin\graceful_books\node_modules\react-dom\cjs\react-dom.development.js:4213:16)
    at invokeGuardedCallback (C:\Users\Admin\graceful_books\node_modules\react-dom\cjs\react-dom.development.js:4277:31)
    at beginWork$1 (C:\Users\Admin\graceful_books\node_modules\react-dom\cjs\react-dom.development.js:27490:7)
    at performUnitOfWork (C:\Users\Admin\graceful_books\node_modules\react-dom\cjs\react-dom.development.js:26599:12) Error: useNavigate() may be used only in the context of a <Router> component.
    at Object.invariant [as UNSAFE_invariant] (C:\Users\Admin\graceful_books\node_modules\@remix-run\router\dist\router.cjs.js:315:11)
    at useNavigateUnstable (C:\Users\Admin\graceful_books\node_modules\react-router\dist\umd\react-router.development.js:223:36)
    at useNavigate (C:\Users\Admin\graceful_books\node_modules\react-router\dist\umd\react-router.development.js:220:48)
    at ProductsTab (C:/Users/Admin/graceful_books/src/pages/cpg/tabs/ProductsTab.tsx:33:20)
    at renderWithHooks (C:\Users\Admin\graceful_books\node_modules\react-dom\cjs\react-dom.development.js:15486:18)
    at mountIndeterminateComponent (C:\Users\Admin\graceful_books\node_modules\react-dom\cjs\react-dom.development.js:20103:13)
    at beginWork (C:\Users\Admin\graceful_books\node_modules\react-dom\cjs\react-dom.development.js:21626:16)
    at HTMLUnknownElement.callCallback (C:\Users\Admin\graceful_books\node_modules\react-dom\cjs\react-dom.development.js:4164:14)
    at HTMLUnknownElement.callTheUserObjectsOperation (C:\Users\Admin\graceful_books\node_modules\jsdom\lib\jsdom\living\generated\EventListener.js:26:30)
    at innerInvokeEventListeners (C:\Users\Admin\graceful_books\node_modules\jsdom\lib\jsdom\living\events\EventTarget-impl.js:350:25)
Error: Uncaught [Error: useNavigate() may be used only in the context of a <Router> component.]
    at reportException (C:\Users\Admin\graceful_books\node_modules\jsdom\lib\jsdom\living\helpers\runtime-script-errors.js:66:24)
    at innerInvokeEventListeners (C:\Users\Admin\graceful_books\node_modules\jsdom\lib\jsdom\living\events\EventTarget-impl.js:353:9)
    at invokeEventListeners (C:\Users\Admin\graceful_books\node_modules\jsdom\lib\jsdom\living\events\EventTarget-impl.js:286:3)
    at HTMLUnknownElementImpl._dispatch (C:\Users\Admin\graceful_books\node_modules\jsdom\lib\jsdom\living\events\EventTarget-impl.js:233:9)
    at HTMLUnknownElementImpl.dispatchEvent (C:\Users\Admin\graceful_books\node_modules\jsdom\lib\jsdom\living\events\EventTarget-impl.js:104:17)
    at HTMLUnknownElement.dispatchEvent (C:\Users\Admin\graceful_books\node_modules\jsdom\lib\jsdom\living\generated\EventTarget.js:241:34)
    at Object.invokeGuardedCallbackDev (C:\Users\Admin\graceful_books\node_modules\react-dom\cjs\react-dom.development.js:4213:16)
    at invokeGuardedCallback (C:\Users\Admin\graceful_books\node_modules\react-dom\cjs\react-dom.development.js:4277:31)
    at beginWork$1 (C:\Users\Admin\graceful_books\node_modules\react-dom\cjs\react-dom.development.js:27490:7)
    at performUnitOfWork (C:\Users\Admin\graceful_books\node_modules\react-dom\cjs\react-dom.development.js:26599:12) Error: useNavigate() may be used only in the context of a <Router> component.
    at Object.invariant [as UNSAFE_invariant] (C:\Users\Admin\graceful_books\node_modules\@remix-run\router\dist\router.cjs.js:315:11)
    at useNavigateUnstable (C:\Users\Admin\graceful_books\node_modules\react-router\dist\umd\react-router.development.js:223:36)
    at useNavigate (C:\Users\Admin\graceful_books\node_modules\react-router\dist\umd\react-router.development.js:220:48)
    at ProductsTab (C:/Users/Admin/graceful_books/src/pages/cpg/tabs/ProductsTab.tsx:33:20)
    at renderWithHooks (C:\Users\Admin\graceful_books\node_modules\react-dom\cjs\react-dom.development.js:15486:18)
    at mountIndeterminateComponent (C:\Users\Admin\graceful_books\node_modules\react-dom\cjs\react-dom.development.js:20103:13)
    at beginWork (C:\Users\Admin\graceful_books\node_modules\react-dom\cjs\react-dom.development.js:21626:16)
    at HTMLUnknownElement.callCallback (C:\Users\Admin\graceful_books\node_modules\react-dom\cjs\react-dom.development.js:4164:14)
    at HTMLUnknownElement.callTheUserObjectsOperation (C:\Users\Admin\graceful_books\node_modules\jsdom\lib\jsdom\living\generated\EventListener.js:26:30)
    at innerInvokeEventListeners (C:\Users\Admin\graceful_books\node_modules\jsdom\lib\jsdom\living\events\EventTarget-impl.js:350:25)
Error: Uncaught [Error: useNavigate() may be used only in the context of a <Router> component.]
    at reportException (C:\Users\Admin\graceful_books\node_modules\jsdom\lib\jsdom\living\helpers\runtime-script-errors.js:66:24)
    at innerInvokeEventListeners (C:\Users\Admin\graceful_books\node_modules\jsdom\lib\jsdom\living\events\EventTarget-impl.js:353:9)
    at invokeEventListeners (C:\Users\Admin\graceful_books\node_modules\jsdom\lib\jsdom\living\events\EventTarget-impl.js:286:3)
    at HTMLUnknownElementImpl._dispatch (C:\Users\Admin\graceful_books\node_modules\jsdom\lib\jsdom\living\events\EventTarget-impl.js:233:9)
    at HTMLUnknownElementImpl.dispatchEvent (C:\Users\Admin\graceful_books\node_modules\jsdom\lib\jsdom\living\events\EventTarget-impl.js:104:17)
    at HTMLUnknownElement.dispatchEvent (C:\Users\Admin\graceful_books\node_modules\jsdom\lib\jsdom\living\generated\EventTarget.js:241:34)
    at Object.invokeGuardedCallbackDev (C:\Users\Admin\graceful_books\node_modules\react-dom\cjs\react-dom.development.js:4213:16)
    at invokeGuardedCallback (C:\Users\Admin\graceful_books\node_modules\react-dom\cjs\react-dom.development.js:4277:31)
    at beginWork$1 (C:\Users\Admin\graceful_books\node_modules\react-dom\cjs\react-dom.development.js:27490:7)
    at performUnitOfWork (C:\Users\Admin\graceful_books\node_modules\react-dom\cjs\react-dom.development.js:26599:12) Error: useNavigate() may be used only in the context of a <Router> component.
    at Object.invariant [as UNSAFE_invariant] (C:\Users\Admin\graceful_books\node_modules\@remix-run\router\dist\router.cjs.js:315:11)
    at useNavigateUnstable (C:\Users\Admin\graceful_books\node_modules\react-router\dist\umd\react-router.development.js:223:36)
    at useNavigate (C:\Users\Admin\graceful_books\node_modules\react-router\dist\umd\react-router.development.js:220:48)
    at ProductsTab (C:/Users/Admin/graceful_books/src/pages/cpg/tabs/ProductsTab.tsx:33:20)
    at renderWithHooks (C:\Users\Admin\graceful_books\node_modules\react-dom\cjs\react-dom.development.js:15486:18)
    at mountIndeterminateComponent (C:\Users\Admin\graceful_books\node_modules\react-dom\cjs\react-dom.development.js:20103:13)
    at beginWork (C:\Users\Admin\graceful_books\node_modules\react-dom\cjs\react-dom.development.js:21626:16)
    at HTMLUnknownElement.callCallback (C:\Users\Admin\graceful_books\node_modules\react-dom\cjs\react-dom.development.js:4164:14)
    at HTMLUnknownElement.callTheUserObjectsOperation (C:\Users\Admin\graceful_books\node_modules\jsdom\lib\jsdom\living\generated\EventListener.js:26:30)
    at innerInvokeEventListeners (C:\Users\Admin\graceful_books\node_modules\jsdom\lib\jsdom\living\events\EventTarget-impl.js:350:25)
stderr | src/pages/cpg/tabs/ProductsTab.test.tsx > ProductsTab > Rendering > renders the Products tab heading
The above error occurred in the <ProductsTab> component:

    at ProductsTab (C:/Users/Admin/graceful_books/src/pages/cpg/tabs/ProductsTab.tsx:8:3)

Consider adding an error boundary to your tree to customize error handling behavior.
Visit https://reactjs.org/link/error-boundaries to learn more about error boundaries.

Error: Uncaught [Error: useNavigate() may be used only in the context of a <Router> component.]
    at reportException (C:\Users\Admin\graceful_books\node_modules\jsdom\lib\jsdom\living\helpers\runtime-script-errors.js:66:24)
    at innerInvokeEventListeners (C:\Users\Admin\graceful_books\node_modules\jsdom\lib\jsdom\living\events\EventTarget-impl.js:353:9)
    at invokeEventListeners (C:\Users\Admin\graceful_books\node_modules\jsdom\lib\jsdom\living\events\EventTarget-impl.js:286:3)
    at HTMLUnknownElementImpl._dispatch (C:\Users\Admin\graceful_books\node_modules\jsdom\lib\jsdom\living\events\EventTarget-impl.js:233:9)
    at HTMLUnknownElementImpl.dispatchEvent (C:\Users\Admin\graceful_books\node_modules\jsdom\lib\jsdom\living\events\EventTarget-impl.js:104:17)
    at HTMLUnknownElement.dispatchEvent (C:\Users\Admin\graceful_books\node_modules\jsdom\lib\jsdom\living\generated\EventTarget.js:241:34)
    at Object.invokeGuardedCallbackDev (C:\Users\Admin\graceful_books\node_modules\react-dom\cjs\react-dom.development.js:4213:16)
    at invokeGuardedCallback (C:\Users\Admin\graceful_books\node_modules\react-dom\cjs\react-dom.development.js:4277:31)
    at beginWork$1 (C:\Users\Admin\graceful_books\node_modules\react-dom\cjs\react-dom.development.js:27490:7)
    at performUnitOfWork (C:\Users\Admin\graceful_books\node_modules\react-dom\cjs\react-dom.development.js:26599:12) Error: useNavigate() may be used only in the context of a <Router> component.
    at Object.invariant [as UNSAFE_invariant] (C:\Users\Admin\graceful_books\node_modules\@remix-run\router\dist\router.cjs.js:315:11)
    at useNavigateUnstable (C:\Users\Admin\graceful_books\node_modules\react-router\dist\umd\react-router.development.js:223:36)
    at useNavigate (C:\Users\Admin\graceful_books\node_modules\react-router\dist\umd\react-router.development.js:220:48)
    at ProductsTab (C:/Users/Admin/graceful_books/src/pages/cpg/tabs/ProductsTab.tsx:33:20)
    at renderWithHooks (C:\Users\Admin\graceful_books\node_modules\react-dom\cjs\react-dom.development.js:15486:18)
    at mountIndeterminateComponent (C:\Users\Admin\graceful_books\node_modules\react-dom\cjs\react-dom.development.js:20103:13)
    at beginWork (C:\Users\Admin\graceful_books\node_modules\react-dom\cjs\react-dom.development.js:21626:16)
    at HTMLUnknownElement.callCallback (C:\Users\Admin\graceful_books\node_modules\react-dom\cjs\react-dom.development.js:4164:14)
    at HTMLUnknownElement.callTheUserObjectsOperation (C:\Users\Admin\graceful_books\node_modules\jsdom\lib\jsdom\living\generated\EventListener.js:26:30)
    at innerInvokeEventListeners (C:\Users\Admin\graceful_books\node_modules\jsdom\lib\jsdom\living\events\EventTarget-impl.js:350:25)
Error: Uncaught [Error: useNavigate() may be used only in the context of a <Router> component.]
    at reportException (C:\Users\Admin\graceful_books\node_modules\jsdom\lib\jsdom\living\helpers\runtime-script-errors.js:66:24)
    at innerInvokeEventListeners (C:\Users\Admin\graceful_books\node_modules\jsdom\lib\jsdom\living\events\EventTarget-impl.js:353:9)
    at invokeEventListeners (C:\Users\Admin\graceful_books\node_modules\jsdom\lib\jsdom\living\events\EventTarget-impl.js:286:3)
    at HTMLUnknownElementImpl._dispatch (C:\Users\Admin\graceful_books\node_modules\jsdom\lib\jsdom\living\events\EventTarget-impl.js:233:9)
    at HTMLUnknownElementImpl.dispatchEvent (C:\Users\Admin\graceful_books\node_modules\jsdom\lib\jsdom\living\events\EventTarget-impl.js:104:17)
    at HTMLUnknownElement.dispatchEvent (C:\Users\Admin\graceful_books\node_modules\jsdom\lib\jsdom\living\generated\EventTarget.js:241:34)
    at Object.invokeGuardedCallbackDev (C:\Users\Admin\graceful_books\node_modules\react-dom\cjs\react-dom.development.js:4213:16)
    at invokeGuardedCallback (C:\Users\Admin\graceful_books\node_modules\react-dom\cjs\react-dom.development.js:4277:31)
    at beginWork$1 (C:\Users\Admin\graceful_books\node_modules\react-dom\cjs\react-dom.development.js:27490:7)
    at performUnitOfWork (C:\Users\Admin\graceful_books\node_modules\react-dom\cjs\react-dom.development.js:26599:12) Error: useNavigate() may be used only in the context of a <Router> component.
    at Object.invariant [as UNSAFE_invariant] (C:\Users\Admin\graceful_books\node_modules\@remix-run\router\dist\router.cjs.js:315:11)
    at useNavigateUnstable (C:\Users\Admin\graceful_books\node_modules\react-router\dist\umd\react-router.development.js:223:36)
    at useNavigate (C:\Users\Admin\graceful_books\node_modules\react-router\dist\umd\react-router.development.js:220:48)
    at ProductsTab (C:/Users/Admin/graceful_books/src/pages/cpg/tabs/ProductsTab.tsx:33:20)
    at renderWithHooks (C:\Users\Admin\graceful_books\node_modules\react-dom\cjs\react-dom.development.js:15486:18)
    at mountIndeterminateComponent (C:\Users\Admin\graceful_books\node_modules\react-dom\cjs\react-dom.development.js:20103:13)
    at beginWork (C:\Users\Admin\graceful_books\node_modules\react-dom\cjs\react-dom.development.js:21626:16)
    at HTMLUnknownElement.callCallback (C:\Users\Admin\graceful_books\node_modules\react-dom\cjs\react-dom.development.js:4164:14)
    at HTMLUnknownElement.callTheUserObjectsOperation (C:\Users\Admin\graceful_books\node_modules\jsdom\lib\jsdom\living\generated\EventListener.js:26:30)
    at innerInvokeEventListeners (C:\Users\Admin\graceful_books\node_modules\jsdom\lib\jsdom\living\events\EventTarget-impl.js:350:25)
Error: Uncaught [Error: useNavigate() may be used only in the context of a <Router> component.]
    at reportException (C:\Users\Admin\graceful_books\node_modules\jsdom\lib\jsdom\living\helpers\runtime-script-errors.js:66:24)
    at innerInvokeEventListeners (C:\Users\Admin\graceful_books\node_modules\jsdom\lib\jsdom\living\events\EventTarget-impl.js:353:9)
    at invokeEventListeners (C:\Users\Admin\graceful_books\node_modules\jsdom\lib\jsdom\living\events\EventTarget-impl.js:286:3)
    at HTMLUnknownElementImpl._dispatch (C:\Users\Admin\graceful_books\node_modules\jsdom\lib\jsdom\living\events\EventTarget-impl.js:233:9)
    at HTMLUnknownElementImpl.dispatchEvent (C:\Users\Admin\graceful_books\node_modules\jsdom\lib\jsdom\living\events\EventTarget-impl.js:104:17)
    at HTMLUnknownElement.dispatchEvent (C:\Users\Admin\graceful_books\node_modules\jsdom\lib\jsdom\living\generated\EventTarget.js:241:34)
    at Object.invokeGuardedCallbackDev (C:\Users\Admin\graceful_books\node_modules\react-dom\cjs\react-dom.development.js:4213:16)
    at invokeGuardedCallback (C:\Users\Admin\graceful_books\node_modules\react-dom\cjs\react-dom.development.js:4277:31)
    at beginWork$1 (C:\Users\Admin\graceful_books\node_modules\react-dom\cjs\react-dom.development.js:27490:7)
    at performUnitOfWork (C:\Users\Admin\graceful_books\node_modules\react-dom\cjs\react-dom.development.js:26599:12) Error: useNavigate() may be used only in the context of a <Router> component.
    at Object.invariant [as UNSAFE_invariant] (C:\Users\Admin\graceful_books\node_modules\@remix-run\router\dist\router.cjs.js:315:11)
    at useNavigateUnstable (C:\Users\Admin\graceful_books\node_modules\react-router\dist\umd\react-router.development.js:223:36)
    at useNavigate (C:\Users\Admin\graceful_books\node_modules\react-router\dist\umd\react-router.development.js:220:48)
    at ProductsTab (C:/Users/Admin/graceful_books/src/pages/cpg/tabs/ProductsTab.tsx:33:20)
    at renderWithHooks (C:\Users\Admin\graceful_books\node_modules\react-dom\cjs\react-dom.development.js:15486:18)
    at mountIndeterminateComponent (C:\Users\Admin\graceful_books\node_modules\react-dom\cjs\react-dom.development.js:20103:13)
    at beginWork (C:\Users\Admin\graceful_books\node_modules\react-dom\cjs\react-dom.development.js:21626:16)
    at HTMLUnknownElement.callCallback (C:\Users\Admin\graceful_books\node_modules\react-dom\cjs\react-dom.development.js:4164:14)
    at HTMLUnknownElement.callTheUserObjectsOperation (C:\Users\Admin\graceful_books\node_modules\jsdom\lib\jsdom\living\generated\EventListener.js:26:30)
    at innerInvokeEventListeners (C:\Users\Admin\graceful_books\node_modules\jsdom\lib\jsdom\living\events\EventTarget-impl.js:350:25)
Error: Uncaught [Error: useNavigate() may be used only in the context of a <Router> component.]
    at reportException (C:\Users\Admin\graceful_books\node_modules\jsdom\lib\jsdom\living\helpers\runtime-script-errors.js:66:24)
    at innerInvokeEventListeners (C:\Users\Admin\graceful_books\node_modules\jsdom\lib\jsdom\living\events\EventTarget-impl.js:353:9)
    at invokeEventListeners (C:\Users\Admin\graceful_books\node_modules\jsdom\lib\jsdom\living\events\EventTarget-impl.js:286:3)
    at HTMLUnknownElementImpl._dispatch (C:\Users\Admin\graceful_books\node_modules\jsdom\lib\jsdom\living\events\EventTarget-impl.js:233:9)
    at HTMLUnknownElementImpl.dispatchEvent (C:\Users\Admin\graceful_books\node_modules\jsdom\lib\jsdom\living\events\EventTarget-impl.js:104:17)
    at HTMLUnknownElement.dispatchEvent (C:\Users\Admin\graceful_books\node_modules\jsdom\lib\jsdom\living\generated\EventTarget.js:241:34)
    at Object.invokeGuardedCallbackDev (C:\Users\Admin\graceful_books\node_modules\react-dom\cjs\react-dom.development.js:4213:16)
    at invokeGuardedCallback (C:\Users\Admin\graceful_books\node_modules\react-dom\cjs\react-dom.development.js:4277:31)
    at beginWork$1 (C:\Users\Admin\graceful_books\node_modules\react-dom\cjs\react-dom.development.js:27490:7)
    at performUnitOfWork (C:\Users\Admin\graceful_books\node_modules\react-dom\cjs\react-dom.development.js:26599:12) Error: useNavigate() may be used only in the context of a <Router> component.
    at Object.invariant [as UNSAFE_invariant] (C:\Users\Admin\graceful_books\node_modules\@remix-run\router\dist\router.cjs.js:315:11)
    at useNavigateUnstable (C:\Users\Admin\graceful_books\node_modules\react-router\dist\umd\react-router.development.js:223:36)
    at useNavigate (C:\Users\Admin\graceful_books\node_modules\react-router\dist\umd\react-router.development.js:220:48)
    at ProductsTab (C:/Users/Admin/graceful_books/src/pages/cpg/tabs/ProductsTab.tsx:33:20)
    at renderWithHooks (C:\Users\Admin\graceful_books\node_modules\react-dom\cjs\react-dom.development.js:15486:18)
    at mountIndeterminateComponent (C:\Users\Admin\graceful_books\node_modules\react-dom\cjs\react-dom.development.js:20103:13)
    at beginWork (C:\Users\Admin\graceful_books\node_modules\react-dom\cjs\react-dom.development.js:21626:16)
    at HTMLUnknownElement.callCallback (C:\Users\Admin\graceful_books\node_modules\react-dom\cjs\react-dom.development.js:4164:14)
    at HTMLUnknownElement.callTheUserObjectsOperation (C:\Users\Admin\graceful_books\node_modules\jsdom\lib\jsdom\living\generated\EventListener.js:26:30)
    at innerInvokeEventListeners (C:\Users\Admin\graceful_books\node_modules\jsdom\lib\jsdom\living\events\EventTarget-impl.js:350:25)
Error: Uncaught [Error: useNavigate() may be used only in the context of a <Router> component.]
    at reportException (C:\Users\Admin\graceful_books\node_modules\jsdom\lib\jsdom\living\helpers\runtime-script-errors.js:66:24)
    at innerInvokeEventListeners (C:\Users\Admin\graceful_books\node_modules\jsdom\lib\jsdom\living\events\EventTarget-impl.js:353:9)
    at invokeEventListeners (C:\Users\Admin\graceful_books\node_modules\jsdom\lib\jsdom\living\events\EventTarget-impl.js:286:3)
    at HTMLUnknownElementImpl._dispatch (C:\Users\Admin\graceful_books\node_modules\jsdom\lib\jsdom\living\events\EventTarget-impl.js:233:9)
    at HTMLUnknownElementImpl.dispatchEvent (C:\Users\Admin\graceful_books\node_modules\jsdom\lib\jsdom\living\events\EventTarget-impl.js:104:17)
    at HTMLUnknownElement.dispatchEvent (C:\Users\Admin\graceful_books\node_modules\jsdom\lib\jsdom\living\generated\EventTarget.js:241:34)
    at Object.invokeGuardedCallbackDev (C:\Users\Admin\graceful_books\node_modules\react-dom\cjs\react-dom.development.js:4213:16)
    at invokeGuardedCallback (C:\Users\Admin\graceful_books\node_modules\react-dom\cjs\react-dom.development.js:4277:31)
    at beginWork$1 (C:\Users\Admin\graceful_books\node_modules\react-dom\cjs\react-dom.development.js:27490:7)
    at performUnitOfWork (C:\Users\Admin\graceful_books\node_modules\react-dom\cjs\react-dom.development.js:26599:12) Error: useNavigate() may be used only in the context of a <Router> component.
    at Object.invariant [as UNSAFE_invariant] (C:\Users\Admin\graceful_books\node_modules\@remix-run\router\dist\router.cjs.js:315:11)
    at useNavigateUnstable (C:\Users\Admin\graceful_books\node_modules\react-router\dist\umd\react-router.development.js:223:36)
    at useNavigate (C:\Users\Admin\graceful_books\node_modules\react-router\dist\umd\react-router.development.js:220:48)
    at ProductsTab (C:/Users/Admin/graceful_books/src/pages/cpg/tabs/ProductsTab.tsx:33:20)
    at renderWithHooks (C:\Users\Admin\graceful_books\node_modules\react-dom\cjs\react-dom.development.js:15486:18)
    at mountIndeterminateComponent (C:\Users\Admin\graceful_books\node_modules\react-dom\cjs\react-dom.development.js:20103:13)
    at beginWork (C:\Users\Admin\graceful_books\node_modules\react-dom\cjs\react-dom.development.js:21626:16)
    at HTMLUnknownElement.callCallback (C:\Users\Admin\graceful_books\node_modules\react-dom\cjs\react-dom.development.js:4164:14)
    at HTMLUnknownElement.callTheUserObjectsOperation (C:\Users\Admin\graceful_books\node_modules\jsdom\lib\jsdom\living\generated\EventListener.js:26:30)
    at innerInvokeEventListeners (C:\Users\Admin\graceful_books\node_modules\jsdom\lib\jsdom\living\events\EventTarget-impl.js:350:25)
Error: Uncaught [Error: useNavigate() may be used only in the context of a <Router> component.]
    at reportException (C:\Users\Admin\graceful_books\node_modules\jsdom\lib\jsdom\living\helpers\runtime-script-errors.js:66:24)
    at innerInvokeEventListeners (C:\Users\Admin\graceful_books\node_modules\jsdom\lib\jsdom\living\events\EventTarget-impl.js:353:9)
    at invokeEventListeners (C:\Users\Admin\graceful_books\node_modules\jsdom\lib\jsdom\living\events\EventTarget-impl.js:286:3)
    at HTMLUnknownElementImpl._dispatch (C:\Users\Admin\graceful_books\node_modules\jsdom\lib\jsdom\living\events\EventTarget-impl.js:233:9)
    at HTMLUnknownElementImpl.dispatchEvent (C:\Users\Admin\graceful_books\node_modules\jsdom\lib\jsdom\living\events\EventTarget-impl.js:104:17)
    at HTMLUnknownElement.dispatchEvent (C:\Users\Admin\graceful_books\node_modules\jsdom\lib\jsdom\living\generated\EventTarget.js:241:34)
    at Object.invokeGuardedCallbackDev (C:\Users\Admin\graceful_books\node_modules\react-dom\cjs\react-dom.development.js:4213:16)
    at invokeGuardedCallback (C:\Users\Admin\graceful_books\node_modules\react-dom\cjs\react-dom.development.js:4277:31)
    at beginWork$1 (C:\Users\Admin\graceful_books\node_modules\react-dom\cjs\react-dom.development.js:27490:7)
    at performUnitOfWork (C:\Users\Admin\graceful_books\node_modules\react-dom\cjs\react-dom.development.js:26599:12) Error: useNavigate() may be used only in the context of a <Router> component.
    at Object.invariant [as UNSAFE_invariant] (C:\Users\Admin\graceful_books\node_modules\@remix-run\router\dist\router.cjs.js:315:11)
    at useNavigateUnstable (C:\Users\Admin\graceful_books\node_modules\react-router\dist\umd\react-router.development.js:223:36)
    at useNavigate (C:\Users\Admin\graceful_books\node_modules\react-router\dist\umd\react-router.development.js:220:48)
    at ProductsTab (C:/Users/Admin/graceful_books/src/pages/cpg/tabs/ProductsTab.tsx:33:20)
    at renderWithHooks (C:\Users\Admin\graceful_books\node_modules\react-dom\cjs\react-dom.development.js:15486:18)
    at mountIndeterminateComponent (C:\Users\Admin\graceful_books\node_modules\react-dom\cjs\react-dom.development.js:20103:13)
    at beginWork (C:\Users\Admin\graceful_books\node_modules\react-dom\cjs\react-dom.development.js:21626:16)
    at HTMLUnknownElement.callCallback (C:\Users\Admin\graceful_books\node_modules\react-dom\cjs\react-dom.development.js:4164:14)
    at HTMLUnknownElement.callTheUserObjectsOperation (C:\Users\Admin\graceful_books\node_modules\jsdom\lib\jsdom\living\generated\EventListener.js:26:30)
    at innerInvokeEventListeners (C:\Users\Admin\graceful_books\node_modules\jsdom\lib\jsdom\living\events\EventTarget-impl.js:350:25)
Error: Uncaught [Error: useNavigate() may be used only in the context of a <Router> component.]
    at reportException (C:\Users\Admin\graceful_books\node_modules\jsdom\lib\jsdom\living\helpers\runtime-script-errors.js:66:24)
    at innerInvokeEventListeners (C:\Users\Admin\graceful_books\node_modules\jsdom\lib\jsdom\living\events\EventTarget-impl.js:353:9)
    at invokeEventListeners (C:\Users\Admin\graceful_books\node_modules\jsdom\lib\jsdom\living\events\EventTarget-impl.js:286:3)
    at HTMLUnknownElementImpl._dispatch (C:\Users\Admin\graceful_books\node_modules\jsdom\lib\jsdom\living\events\EventTarget-impl.js:233:9)
    at HTMLUnknownElementImpl.dispatchEvent (C:\Users\Admin\graceful_books\node_modules\jsdom\lib\jsdom\living\events\EventTarget-impl.js:104:17)
    at HTMLUnknownElement.dispatchEvent (C:\Users\Admin\graceful_books\node_modules\jsdom\lib\jsdom\living\generated\EventTarget.js:241:34)
    at Object.invokeGuardedCallbackDev (C:\Users\Admin\graceful_books\node_modules\react-dom\cjs\react-dom.development.js:4213:16)
    at invokeGuardedCallback (C:\Users\Admin\graceful_books\node_modules\react-dom\cjs\react-dom.development.js:4277:31)
    at beginWork$1 (C:\Users\Admin\graceful_books\node_modules\react-dom\cjs\react-dom.development.js:27490:7)
    at performUnitOfWork (C:\Users\Admin\graceful_books\node_modules\react-dom\cjs\react-dom.development.js:26599:12) Error: useNavigate() may be used only in the context of a <Router> component.
    at Object.invariant [as UNSAFE_invariant] (C:\Users\Admin\graceful_books\node_modules\@remix-run\router\dist\router.cjs.js:315:11)
    at useNavigateUnstable (C:\Users\Admin\graceful_books\node_modules\react-router\dist\umd\react-router.development.js:223:36)
    at useNavigate (C:\Users\Admin\graceful_books\node_modules\react-router\dist\umd\react-router.development.js:220:48)
    at ProductsTab (C:/Users/Admin/graceful_books/src/pages/cpg/tabs/ProductsTab.tsx:33:20)
    at renderWithHooks (C:\Users\Admin\graceful_books\node_modules\react-dom\cjs\react-dom.development.js:15486:18)
    at mountIndeterminateComponent (C:\Users\Admin\graceful_books\node_modules\react-dom\cjs\react-dom.development.js:20103:13)
    at beginWork (C:\Users\Admin\graceful_books\node_modules\react-dom\cjs\react-dom.development.js:21626:16)
    at HTMLUnknownElement.callCallback (C:\Users\Admin\graceful_books\node_modules\react-dom\cjs\react-dom.development.js:4164:14)
    at HTMLUnknownElement.callTheUserObjectsOperation (C:\Users\Admin\graceful_books\node_modules\jsdom\lib\jsdom\living\generated\EventListener.js:26:30)
    at innerInvokeEventListeners (C:\Users\Admin\graceful_books\node_modules\jsdom\lib\jsdom\living\events\EventTarget-impl.js:350:25)
Error: Uncaught [Error: useNavigate() may be used only in the context of a <Router> component.]
    at reportException (C:\Users\Admin\graceful_books\node_modules\jsdom\lib\jsdom\living\helpers\runtime-script-errors.js:66:24)
    at innerInvokeEventListeners (C:\Users\Admin\graceful_books\node_modules\jsdom\lib\jsdom\living\events\EventTarget-impl.js:353:9)
    at invokeEventListeners (C:\Users\Admin\graceful_books\node_modules\jsdom\lib\jsdom\living\events\EventTarget-impl.js:286:3)
    at HTMLUnknownElementImpl._dispatch (C:\Users\Admin\graceful_books\node_modules\jsdom\lib\jsdom\living\events\EventTarget-impl.js:233:9)
    at HTMLUnknownElementImpl.dispatchEvent (C:\Users\Admin\graceful_books\node_modules\jsdom\lib\jsdom\living\events\EventTarget-impl.js:104:17)
    at HTMLUnknownElement.dispatchEvent (C:\Users\Admin\graceful_books\node_modules\jsdom\lib\jsdom\living\generated\EventTarget.js:241:34)
    at Object.invokeGuardedCallbackDev (C:\Users\Admin\graceful_books\node_modules\react-dom\cjs\react-dom.development.js:4213:16)
    at invokeGuardedCallback (C:\Users\Admin\graceful_books\node_modules\react-dom\cjs\react-dom.development.js:4277:31)
    at beginWork$1 (C:\Users\Admin\graceful_books\node_modules\react-dom\cjs\react-dom.development.js:27490:7)
    at performUnitOfWork (C:\Users\Admin\graceful_books\node_modules\react-dom\cjs\react-dom.development.js:26599:12) Error: useNavigate() may be used only in the context of a <Router> component.
    at Object.invariant [as UNSAFE_invariant] (C:\Users\Admin\graceful_books\node_modules\@remix-run\router\dist\router.cjs.js:315:11)
    at useNavigateUnstable (C:\Users\Admin\graceful_books\node_modules\react-router\dist\umd\react-router.development.js:223:36)
    at useNavigate (C:\Users\Admin\graceful_books\node_modules\react-router\dist\umd\react-router.development.js:220:48)
    at ProductsTab (C:/Users/Admin/graceful_books/src/pages/cpg/tabs/ProductsTab.tsx:33:20)
    at renderWithHooks (C:\Users\Admin\graceful_books\node_modules\react-dom\cjs\react-dom.development.js:15486:18)
    at mountIndeterminateComponent (C:\Users\Admin\graceful_books\node_modules\react-dom\cjs\react-dom.development.js:20103:13)
    at beginWork (C:\Users\Admin\graceful_books\node_modules\react-dom\cjs\react-dom.development.js:21626:16)
    at HTMLUnknownElement.callCallback (C:\Users\Admin\graceful_books\node_modules\react-dom\cjs\react-dom.development.js:4164:14)
    at HTMLUnknownElement.callTheUserObjectsOperation (C:\Users\Admin\graceful_books\node_modules\jsdom\lib\jsdom\living\generated\EventListener.js:26:30)
    at innerInvokeEventListeners (C:\Users\Admin\graceful_books\node_modules\jsdom\lib\jsdom\living\events\EventTarget-impl.js:350:25)
Error: Uncaught [Error: useNavigate() may be used only in the context of a <Router> component.]
    at reportException (C:\Users\Admin\graceful_books\node_modules\jsdom\lib\jsdom\living\helpers\runtime-script-errors.js:66:24)
    at innerInvokeEventListeners (C:\Users\Admin\graceful_books\node_modules\jsdom\lib\jsdom\living\events\EventTarget-impl.js:353:9)
    at invokeEventListeners (C:\Users\Admin\graceful_books\node_modules\jsdom\lib\jsdom\living\events\EventTarget-impl.js:286:3)
    at HTMLUnknownElementImpl._dispatch (C:\Users\Admin\graceful_books\node_modules\jsdom\lib\jsdom\living\events\EventTarget-impl.js:233:9)
    at HTMLUnknownElementImpl.dispatchEvent (C:\Users\Admin\graceful_books\node_modules\jsdom\lib\jsdom\living\events\EventTarget-impl.js:104:17)
    at HTMLUnknownElement.dispatchEvent (C:\Users\Admin\graceful_books\node_modules\jsdom\lib\jsdom\living\generated\EventTarget.js:241:34)
    at Object.invokeGuardedCallbackDev (C:\Users\Admin\graceful_books\node_modules\react-dom\cjs\react-dom.development.js:4213:16)
    at invokeGuardedCallback (C:\Users\Admin\graceful_books\node_modules\react-dom\cjs\react-dom.development.js:4277:31)
    at beginWork$1 (C:\Users\Admin\graceful_books\node_modules\react-dom\cjs\react-dom.development.js:27490:7)
    at performUnitOfWork (C:\Users\Admin\graceful_books\node_modules\react-dom\cjs\react-dom.development.js:26599:12) Error: useNavigate() may be used only in the context of a <Router> component.
    at Object.invariant [as UNSAFE_invariant] (C:\Users\Admin\graceful_books\node_modules\@remix-run\router\dist\router.cjs.js:315:11)
    at useNavigateUnstable (C:\Users\Admin\graceful_books\node_modules\react-router\dist\umd\react-router.development.js:223:36)
    at useNavigate (C:\Users\Admin\graceful_books\node_modules\react-router\dist\umd\react-router.development.js:220:48)
    at ProductsTab (C:/Users/Admin/graceful_books/src/pages/cpg/tabs/ProductsTab.tsx:33:20)
    at renderWithHooks (C:\Users\Admin\graceful_books\node_modules\react-dom\cjs\react-dom.development.js:15486:18)
    at mountIndeterminateComponent (C:\Users\Admin\graceful_books\node_modules\react-dom\cjs\react-dom.development.js:20103:13)
    at beginWork (C:\Users\Admin\graceful_books\node_modules\react-dom\cjs\react-dom.development.js:21626:16)
    at HTMLUnknownElement.callCallback (C:\Users\Admin\graceful_books\node_modules\react-dom\cjs\react-dom.development.js:4164:14)
    at HTMLUnknownElement.callTheUserObjectsOperation (C:\Users\Admin\graceful_books\node_modules\jsdom\lib\jsdom\living\generated\EventListener.js:26:30)
    at innerInvokeEventListeners (C:\Users\Admin\graceful_books\node_modules\jsdom\lib\jsdom\living\events\EventTarget-impl.js:350:25)
Error: Uncaught [Error: useNavigate() may be used only in the context of a <Router> component.]
    at reportException (C:\Users\Admin\graceful_books\node_modules\jsdom\lib\jsdom\living\helpers\runtime-script-errors.js:66:24)
    at innerInvokeEventListeners (C:\Users\Admin\graceful_books\node_modules\jsdom\lib\jsdom\living\events\EventTarget-impl.js:353:9)
    at invokeEventListeners (C:\Users\Admin\graceful_books\node_modules\jsdom\lib\jsdom\living\events\EventTarget-impl.js:286:3)
    at HTMLUnknownElementImpl._dispatch (C:\Users\Admin\graceful_books\node_modules\jsdom\lib\jsdom\living\events\EventTarget-impl.js:233:9)
    at HTMLUnknownElementImpl.dispatchEvent (C:\Users\Admin\graceful_books\node_modules\jsdom\lib\jsdom\living\events\EventTarget-impl.js:104:17)
    at HTMLUnknownElement.dispatchEvent (C:\Users\Admin\graceful_books\node_modules\jsdom\lib\jsdom\living\generated\EventTarget.js:241:34)
    at Object.invokeGuardedCallbackDev (C:\Users\Admin\graceful_books\node_modules\react-dom\cjs\react-dom.development.js:4213:16)
    at invokeGuardedCallback (C:\Users\Admin\graceful_books\node_modules\react-dom\cjs\react-dom.development.js:4277:31)
    at beginWork$1 (C:\Users\Admin\graceful_books\node_modules\react-dom\cjs\react-dom.development.js:27490:7)
    at performUnitOfWork (C:\Users\Admin\graceful_books\node_modules\react-dom\cjs\react-dom.development.js:26599:12) Error: useNavigate() may be used only in the context of a <Router> component.
    at Object.invariant [as UNSAFE_invariant] (C:\Users\Admin\graceful_books\node_modules\@remix-run\router\dist\router.cjs.js:315:11)
    at useNavigateUnstable (C:\Users\Admin\graceful_books\node_modules\react-router\dist\umd\react-router.development.js:223:36)
    at useNavigate (C:\Users\Admin\graceful_books\node_modules\react-router\dist\umd\react-router.development.js:220:48)
    at ProductsTab (C:/Users/Admin/graceful_books/src/pages/cpg/tabs/ProductsTab.tsx:33:20)
    at renderWithHooks (C:\Users\Admin\graceful_books\node_modules\react-dom\cjs\react-dom.development.js:15486:18)
    at mountIndeterminateComponent (C:\Users\Admin\graceful_books\node_modules\react-dom\cjs\react-dom.development.js:20103:13)
    at beginWork (C:\Users\Admin\graceful_books\node_modules\react-dom\cjs\react-dom.development.js:21626:16)
    at HTMLUnknownElement.callCallback (C:\Users\Admin\graceful_books\node_modules\react-dom\cjs\react-dom.development.js:4164:14)
    at HTMLUnknownElement.callTheUserObjectsOperation (C:\Users\Admin\graceful_books\node_modules\jsdom\lib\jsdom\living\generated\EventListener.js:26:30)
    at innerInvokeEventListeners (C:\Users\Admin\graceful_books\node_modules\jsdom\lib\jsdom\living\events\EventTarget-impl.js:350:25)
Error: Uncaught [Error: useNavigate() may be used only in the context of a <Router> component.]
    at reportException (C:\Users\Admin\graceful_books\node_modules\jsdom\lib\jsdom\living\helpers\runtime-script-errors.js:66:24)
    at innerInvokeEventListeners (C:\Users\Admin\graceful_books\node_modules\jsdom\lib\jsdom\living\events\EventTarget-impl.js:353:9)
    at invokeEventListeners (C:\Users\Admin\graceful_books\node_modules\jsdom\lib\jsdom\living\events\EventTarget-impl.js:286:3)
    at HTMLUnknownElementImpl._dispatch (C:\Users\Admin\graceful_books\node_modules\jsdom\lib\jsdom\living\events\EventTarget-impl.js:233:9)
    at HTMLUnknownElementImpl.dispatchEvent (C:\Users\Admin\graceful_books\node_modules\jsdom\lib\jsdom\living\events\EventTarget-impl.js:104:17)
    at HTMLUnknownElement.dispatchEvent (C:\Users\Admin\graceful_books\node_modules\jsdom\lib\jsdom\living\generated\EventTarget.js:241:34)
    at Object.invokeGuardedCallbackDev (C:\Users\Admin\graceful_books\node_modules\react-dom\cjs\react-dom.development.js:4213:16)
    at invokeGuardedCallback (C:\Users\Admin\graceful_books\node_modules\react-dom\cjs\react-dom.development.js:4277:31)
    at beginWork$1 (C:\Users\Admin\graceful_books\node_modules\react-dom\cjs\react-dom.development.js:27490:7)
    at performUnitOfWork (C:\Users\Admin\graceful_books\node_modules\react-dom\cjs\react-dom.development.js:26599:12) Error: useNavigate() may be used only in the context of a <Router> component.
    at Object.invariant [as UNSAFE_invariant] (C:\Users\Admin\graceful_books\node_modules\@remix-run\router\dist\router.cjs.js:315:11)
    at useNavigateUnstable (C:\Users\Admin\graceful_books\node_modules\react-router\dist\umd\react-router.development.js:223:36)
    at useNavigate (C:\Users\Admin\graceful_books\node_modules\react-router\dist\umd\react-router.development.js:220:48)
    at ProductsTab (C:/Users/Admin/graceful_books/src/pages/cpg/tabs/ProductsTab.tsx:33:20)
    at renderWithHooks (C:\Users\Admin\graceful_books\node_modules\react-dom\cjs\react-dom.development.js:15486:18)
    at mountIndeterminateComponent (C:\Users\Admin\graceful_books\node_modules\react-dom\cjs\react-dom.development.js:20103:13)
    at beginWork (C:\Users\Admin\graceful_books\node_modules\react-dom\cjs\react-dom.development.js:21626:16)
    at HTMLUnknownElement.callCallback (C:\Users\Admin\graceful_books\node_modules\react-dom\cjs\react-dom.development.js:4164:14)
    at HTMLUnknownElement.callTheUserObjectsOperation (C:\Users\Admin\graceful_books\node_modules\jsdom\lib\jsdom\living\generated\EventListener.js:26:30)
    at innerInvokeEventListeners (C:\Users\Admin\graceful_books\node_modules\jsdom\lib\jsdom\living\events\EventTarget-impl.js:350:25)
Error: Uncaught [Error: useNavigate() may be used only in the context of a <Router> component.]
    at reportException (C:\Users\Admin\graceful_books\node_modules\jsdom\lib\jsdom\living\helpers\runtime-script-errors.js:66:24)
    at innerInvokeEventListeners (C:\Users\Admin\graceful_books\node_modules\jsdom\lib\jsdom\living\events\EventTarget-impl.js:353:9)
    at invokeEventListeners (C:\Users\Admin\graceful_books\node_modules\jsdom\lib\jsdom\living\events\EventTarget-impl.js:286:3)
    at HTMLUnknownElementImpl._dispatch (C:\Users\Admin\graceful_books\node_modules\jsdom\lib\jsdom\living\events\EventTarget-impl.js:233:9)
    at HTMLUnknownElementImpl.dispatchEvent (C:\Users\Admin\graceful_books\node_modules\jsdom\lib\jsdom\living\events\EventTarget-impl.js:104:17)
    at HTMLUnknownElement.dispatchEvent (C:\Users\Admin\graceful_books\node_modules\jsdom\lib\jsdom\living\generated\EventTarget.js:241:34)
    at Object.invokeGuardedCallbackDev (C:\Users\Admin\graceful_books\node_modules\react-dom\cjs\react-dom.development.js:4213:16)
    at invokeGuardedCallback (C:\Users\Admin\graceful_books\node_modules\react-dom\cjs\react-dom.development.js:4277:31)
    at beginWork$1 (C:\Users\Admin\graceful_books\node_modules\react-dom\cjs\react-dom.development.js:27490:7)
    at performUnitOfWork (C:\Users\Admin\graceful_books\node_modules\react-dom\cjs\react-dom.development.js:26599:12) Error: useNavigate() may be used only in the context of a <Router> component.
    at Object.invariant [as UNSAFE_invariant] (C:\Users\Admin\graceful_books\node_modules\@remix-run\router\dist\router.cjs.js:315:11)
    at useNavigateUnstable (C:\Users\Admin\graceful_books\node_modules\react-router\dist\umd\react-router.development.js:223:36)
    at useNavigate (C:\Users\Admin\graceful_books\node_modules\react-router\dist\umd\react-router.development.js:220:48)
    at ProductsTab (C:/Users/Admin/graceful_books/src/pages/cpg/tabs/ProductsTab.tsx:33:20)
    at renderWithHooks (C:\Users\Admin\graceful_books\node_modules\react-dom\cjs\react-dom.development.js:15486:18)
    at mountIndeterminateComponent (C:\Users\Admin\graceful_books\node_modules\react-dom\cjs\react-dom.development.js:20103:13)
    at beginWork (C:\Users\Admin\graceful_books\node_modules\react-dom\cjs\react-dom.development.js:21626:16)
    at HTMLUnknownElement.callCallback (C:\Users\Admin\graceful_books\node_modules\react-dom\cjs\react-dom.development.js:4164:14)
    at HTMLUnknownElement.callTheUserObjectsOperation (C:\Users\Admin\graceful_books\node_modules\jsdom\lib\jsdom\living\generated\EventListener.js:26:30)
    at innerInvokeEventListeners (C:\Users\Admin\graceful_books\node_modules\jsdom\lib\jsdom\living\events\EventTarget-impl.js:350:25)
Error: Uncaught [Error: useNavigate() may be used only in the context of a <Router> component.]
    at reportException (C:\Users\Admin\graceful_books\node_modules\jsdom\lib\jsdom\living\helpers\runtime-script-errors.js:66:24)
    at innerInvokeEventListeners (C:\Users\Admin\graceful_books\node_modules\jsdom\lib\jsdom\living\events\EventTarget-impl.js:353:9)
    at invokeEventListeners (C:\Users\Admin\graceful_books\node_modules\jsdom\lib\jsdom\living\events\EventTarget-impl.js:286:3)
    at HTMLUnknownElementImpl._dispatch (C:\Users\Admin\graceful_books\node_modules\jsdom\lib\jsdom\living\events\EventTarget-impl.js:233:9)
    at HTMLUnknownElementImpl.dispatchEvent (C:\Users\Admin\graceful_books\node_modules\jsdom\lib\jsdom\living\events\EventTarget-impl.js:104:17)
    at HTMLUnknownElement.dispatchEvent (C:\Users\Admin\graceful_books\node_modules\jsdom\lib\jsdom\living\generated\EventTarget.js:241:34)
    at Object.invokeGuardedCallbackDev (C:\Users\Admin\graceful_books\node_modules\react-dom\cjs\react-dom.development.js:4213:16)
    at invokeGuardedCallback (C:\Users\Admin\graceful_books\node_modules\react-dom\cjs\react-dom.development.js:4277:31)
    at beginWork$1 (C:\Users\Admin\graceful_books\node_modules\react-dom\cjs\react-dom.development.js:27490:7)
    at performUnitOfWork (C:\Users\Admin\graceful_books\node_modules\react-dom\cjs\react-dom.development.js:26599:12) Error: useNavigate() may be used only in the context of a <Router> component.
    at Object.invariant [as UNSAFE_invariant] (C:\Users\Admin\graceful_books\node_modules\@remix-run\router\dist\router.cjs.js:315:11)
    at useNavigateUnstable (C:\Users\Admin\graceful_books\node_modules\react-router\dist\umd\react-router.development.js:223:36)
    at useNavigate (C:\Users\Admin\graceful_books\node_modules\react-router\dist\umd\react-router.development.js:220:48)
    at ProductsTab (C:/Users/Admin/graceful_books/src/pages/cpg/tabs/ProductsTab.tsx:33:20)
    at renderWithHooks (C:\Users\Admin\graceful_books\node_modules\react-dom\cjs\react-dom.development.js:15486:18)
    at mountIndeterminateComponent (C:\Users\Admin\graceful_books\node_modules\react-dom\cjs\react-dom.development.js:20103:13)
    at beginWork (C:\Users\Admin\graceful_books\node_modules\react-dom\cjs\react-dom.development.js:21626:16)
    at HTMLUnknownElement.callCallback (C:\Users\Admin\graceful_books\node_modules\react-dom\cjs\react-dom.development.js:4164:14)
    at HTMLUnknownElement.callTheUserObjectsOperation (C:\Users\Admin\graceful_books\node_modules\jsdom\lib\jsdom\living\generated\EventListener.js:26:30)
    at innerInvokeEventListeners (C:\Users\Admin\graceful_books\node_modules\jsdom\lib\jsdom\living\events\EventTarget-impl.js:350:25)
Error: Uncaught [Error: useNavigate() may be used only in the context of a <Router> component.]
    at reportException (C:\Users\Admin\graceful_books\node_modules\jsdom\lib\jsdom\living\helpers\runtime-script-errors.js:66:24)
    at innerInvokeEventListeners (C:\Users\Admin\graceful_books\node_modules\jsdom\lib\jsdom\living\events\EventTarget-impl.js:353:9)
    at invokeEventListeners (C:\Users\Admin\graceful_books\node_modules\jsdom\lib\jsdom\living\events\EventTarget-impl.js:286:3)
    at HTMLUnknownElementImpl._dispatch (C:\Users\Admin\graceful_books\node_modules\jsdom\lib\jsdom\living\events\EventTarget-impl.js:233:9)
    at HTMLUnknownElementImpl.dispatchEvent (C:\Users\Admin\graceful_books\node_modules\jsdom\lib\jsdom\living\events\EventTarget-impl.js:104:17)
    at HTMLUnknownElement.dispatchEvent (C:\Users\Admin\graceful_books\node_modules\jsdom\lib\jsdom\living\generated\EventTarget.js:241:34)
    at Object.invokeGuardedCallbackDev (C:\Users\Admin\graceful_books\node_modules\react-dom\cjs\react-dom.development.js:4213:16)
    at invokeGuardedCallback (C:\Users\Admin\graceful_books\node_modules\react-dom\cjs\react-dom.development.js:4277:31)
    at beginWork$1 (C:\Users\Admin\graceful_books\node_modules\react-dom\cjs\react-dom.development.js:27490:7)
    at performUnitOfWork (C:\Users\Admin\graceful_books\node_modules\react-dom\cjs\react-dom.development.js:26599:12) Error: useNavigate() may be used only in the context of a <Router> component.
    at Object.invariant [as UNSAFE_invariant] (C:\Users\Admin\graceful_books\node_modules\@remix-run\router\dist\router.cjs.js:315:11)
    at useNavigateUnstable (C:\Users\Admin\graceful_books\node_modules\react-router\dist\umd\react-router.development.js:223:36)
    at useNavigate (C:\Users\Admin\graceful_books\node_modules\react-router\dist\umd\react-router.development.js:220:48)
    at ProductsTab (C:/Users/Admin/graceful_books/src/pages/cpg/tabs/ProductsTab.tsx:33:20)
    at renderWithHooks (C:\Users\Admin\graceful_books\node_modules\react-dom\cjs\react-dom.development.js:15486:18)
    at mountIndeterminateComponent (C:\Users\Admin\graceful_books\node_modules\react-dom\cjs\react-dom.development.js:20103:13)
    at beginWork (C:\Users\Admin\graceful_books\node_modules\react-dom\cjs\react-dom.development.js:21626:16)
    at HTMLUnknownElement.callCallback (C:\Users\Admin\graceful_books\node_modules\react-dom\cjs\react-dom.development.js:4164:14)
    at HTMLUnknownElement.callTheUserObjectsOperation (C:\Users\Admin\graceful_books\node_modules\jsdom\lib\jsdom\living\generated\EventListener.js:26:30)
    at innerInvokeEventListeners (C:\Users\Admin\graceful_books\node_modules\jsdom\lib\jsdom\living\events\EventTarget-impl.js:350:25)
Error: Uncaught [Error: useNavigate() may be used only in the context of a <Router> component.]
    at reportException (C:\Users\Admin\graceful_books\node_modules\jsdom\lib\jsdom\living\helpers\runtime-script-errors.js:66:24)
    at innerInvokeEventListeners (C:\Users\Admin\graceful_books\node_modules\jsdom\lib\jsdom\living\events\EventTarget-impl.js:353:9)
    at invokeEventListeners (C:\Users\Admin\graceful_books\node_modules\jsdom\lib\jsdom\living\events\EventTarget-impl.js:286:3)
    at HTMLUnknownElementImpl._dispatch (C:\Users\Admin\graceful_books\node_modules\jsdom\lib\jsdom\living\events\EventTarget-impl.js:233:9)
    at HTMLUnknownElementImpl.dispatchEvent (C:\Users\Admin\graceful_books\node_modules\jsdom\lib\jsdom\living\events\EventTarget-impl.js:104:17)
    at HTMLUnknownElement.dispatchEvent (C:\Users\Admin\graceful_books\node_modules\jsdom\lib\jsdom\living\generated\EventTarget.js:241:34)
    at Object.invokeGuardedCallbackDev (C:\Users\Admin\graceful_books\node_modules\react-dom\cjs\react-dom.development.js:4213:16)
    at invokeGuardedCallback (C:\Users\Admin\graceful_books\node_modules\react-dom\cjs\react-dom.development.js:4277:31)
    at beginWork$1 (C:\Users\Admin\graceful_books\node_modules\react-dom\cjs\react-dom.development.js:27490:7)
    at performUnitOfWork (C:\Users\Admin\graceful_books\node_modules\react-dom\cjs\react-dom.development.js:26599:12) Error: useNavigate() may be used only in the context of a <Router> component.
    at Object.invariant [as UNSAFE_invariant] (C:\Users\Admin\graceful_books\node_modules\@remix-run\router\dist\router.cjs.js:315:11)
    at useNavigateUnstable (C:\Users\Admin\graceful_books\node_modules\react-router\dist\umd\react-router.development.js:223:36)
    at useNavigate (C:\Users\Admin\graceful_books\node_modules\react-router\dist\umd\react-router.development.js:220:48)
    at ProductsTab (C:/Users/Admin/graceful_books/src/pages/cpg/tabs/ProductsTab.tsx:33:20)
    at renderWithHooks (C:\Users\Admin\graceful_books\node_modules\react-dom\cjs\react-dom.development.js:15486:18)
    at mountIndeterminateComponent (C:\Users\Admin\graceful_books\node_modules\react-dom\cjs\react-dom.development.js:20103:13)
    at beginWork (C:\Users\Admin\graceful_books\node_modules\react-dom\cjs\react-dom.development.js:21626:16)
    at HTMLUnknownElement.callCallback (C:\Users\Admin\graceful_books\node_modules\react-dom\cjs\react-dom.development.js:4164:14)
    at HTMLUnknownElement.callTheUserObjectsOperation (C:\Users\Admin\graceful_books\node_modules\jsdom\lib\jsdom\living\generated\EventListener.js:26:30)
    at innerInvokeEventListeners (C:\Users\Admin\graceful_books\node_modules\jsdom\lib\jsdom\living\events\EventTarget-impl.js:350:25)
Error: Uncaught [Error: useNavigate() may be used only in the context of a <Router> component.]
    at reportException (C:\Users\Admin\graceful_books\node_modules\jsdom\lib\jsdom\living\helpers\runtime-script-errors.js:66:24)
    at innerInvokeEventListeners (C:\Users\Admin\graceful_books\node_modules\jsdom\lib\jsdom\living\events\EventTarget-impl.js:353:9)
    at invokeEventListeners (C:\Users\Admin\graceful_books\node_modules\jsdom\lib\jsdom\living\events\EventTarget-impl.js:286:3)
    at HTMLUnknownElementImpl._dispatch (C:\Users\Admin\graceful_books\node_modules\jsdom\lib\jsdom\living\events\EventTarget-impl.js:233:9)
    at HTMLUnknownElementImpl.dispatchEvent (C:\Users\Admin\graceful_books\node_modules\jsdom\lib\jsdom\living\events\EventTarget-impl.js:104:17)
    at HTMLUnknownElement.dispatchEvent (C:\Users\Admin\graceful_books\node_modules\jsdom\lib\jsdom\living\generated\EventTarget.js:241:34)
    at Object.invokeGuardedCallbackDev (C:\Users\Admin\graceful_books\node_modules\react-dom\cjs\react-dom.development.js:4213:16)
    at invokeGuardedCallback (C:\Users\Admin\graceful_books\node_modules\react-dom\cjs\react-dom.development.js:4277:31)
    at beginWork$1 (C:\Users\Admin\graceful_books\node_modules\react-dom\cjs\react-dom.development.js:27490:7)
    at performUnitOfWork (C:\Users\Admin\graceful_books\node_modules\react-dom\cjs\react-dom.development.js:26599:12) Error: useNavigate() may be used only in the context of a <Router> component.
    at Object.invariant [as UNSAFE_invariant] (C:\Users\Admin\graceful_books\node_modules\@remix-run\router\dist\router.cjs.js:315:11)
    at useNavigateUnstable (C:\Users\Admin\graceful_books\node_modules\react-router\dist\umd\react-router.development.js:223:36)
    at useNavigate (C:\Users\Admin\graceful_books\node_modules\react-router\dist\umd\react-router.development.js:220:48)
    at ProductsTab (C:/Users/Admin/graceful_books/src/pages/cpg/tabs/ProductsTab.tsx:33:20)
    at renderWithHooks (C:\Users\Admin\graceful_books\node_modules\react-dom\cjs\react-dom.development.js:15486:18)
    at mountIndeterminateComponent (C:\Users\Admin\graceful_books\node_modules\react-dom\cjs\react-dom.development.js:20103:13)
    at beginWork (C:\Users\Admin\graceful_books\node_modules\react-dom\cjs\react-dom.development.js:21626:16)
    at HTMLUnknownElement.callCallback (C:\Users\Admin\graceful_books\node_modules\react-dom\cjs\react-dom.development.js:4164:14)
    at HTMLUnknownElement.callTheUserObjectsOperation (C:\Users\Admin\graceful_books\node_modules\jsdom\lib\jsdom\living\generated\EventListener.js:26:30)
    at innerInvokeEventListeners (C:\Users\Admin\graceful_books\node_modules\jsdom\lib\jsdom\living\events\EventTarget-impl.js:350:25)
Error: Uncaught [Error: useNavigate() may be used only in the context of a <Router> component.]
    at reportException (C:\Users\Admin\graceful_books\node_modules\jsdom\lib\jsdom\living\helpers\runtime-script-errors.js:66:24)
    at innerInvokeEventListeners (C:\Users\Admin\graceful_books\node_modules\jsdom\lib\jsdom\living\events\EventTarget-impl.js:353:9)
    at invokeEventListeners (C:\Users\Admin\graceful_books\node_modules\jsdom\lib\jsdom\living\events\EventTarget-impl.js:286:3)
    at HTMLUnknownElementImpl._dispatch (C:\Users\Admin\graceful_books\node_modules\jsdom\lib\jsdom\living\events\EventTarget-impl.js:233:9)
    at HTMLUnknownElementImpl.dispatchEvent (C:\Users\Admin\graceful_books\node_modules\jsdom\lib\jsdom\living\events\EventTarget-impl.js:104:17)
    at HTMLUnknownElement.dispatchEvent (C:\Users\Admin\graceful_books\node_modules\jsdom\lib\jsdom\living\generated\EventTarget.js:241:34)
    at Object.invokeGuardedCallbackDev (C:\Users\Admin\graceful_books\node_modules\react-dom\cjs\react-dom.development.js:4213:16)
    at invokeGuardedCallback (C:\Users\Admin\graceful_books\node_modules\react-dom\cjs\react-dom.development.js:4277:31)
    at beginWork$1 (C:\Users\Admin\graceful_books\node_modules\react-dom\cjs\react-dom.development.js:27490:7)
    at performUnitOfWork (C:\Users\Admin\graceful_books\node_modules\react-dom\cjs\react-dom.development.js:26599:12) Error: useNavigate() may be used only in the context of a <Router> component.
    at Object.invariant [as UNSAFE_invariant] (C:\Users\Admin\graceful_books\node_modules\@remix-run\router\dist\router.cjs.js:315:11)
    at useNavigateUnstable (C:\Users\Admin\graceful_books\node_modules\react-router\dist\umd\react-router.development.js:223:36)
    at useNavigate (C:\Users\Admin\graceful_books\node_modules\react-router\dist\umd\react-router.development.js:220:48)
    at ProductsTab (C:/Users/Admin/graceful_books/src/pages/cpg/tabs/ProductsTab.tsx:33:20)
    at renderWithHooks (C:\Users\Admin\graceful_books\node_modules\react-dom\cjs\react-dom.development.js:15486:18)
    at mountIndeterminateComponent (C:\Users\Admin\graceful_books\node_modules\react-dom\cjs\react-dom.development.js:20103:13)
    at beginWork (C:\Users\Admin\graceful_books\node_modules\react-dom\cjs\react-dom.development.js:21626:16)
    at HTMLUnknownElement.callCallback (C:\Users\Admin\graceful_books\node_modules\react-dom\cjs\react-dom.development.js:4164:14)
    at HTMLUnknownElement.callTheUserObjectsOperation (C:\Users\Admin\graceful_books\node_modules\jsdom\lib\jsdom\living\generated\EventListener.js:26:30)
    at innerInvokeEventListeners (C:\Users\Admin\graceful_books\node_modules\jsdom\lib\jsdom\living\events\EventTarget-impl.js:350:25)
Error: Uncaught [Error: useNavigate() may be used only in the context of a <Router> component.]
    at reportException (C:\Users\Admin\graceful_books\node_modules\jsdom\lib\jsdom\living\helpers\runtime-script-errors.js:66:24)
    at innerInvokeEventListeners (C:\Users\Admin\graceful_books\node_modules\jsdom\lib\jsdom\living\events\EventTarget-impl.js:353:9)
    at invokeEventListeners (C:\Users\Admin\graceful_books\node_modules\jsdom\lib\jsdom\living\events\EventTarget-impl.js:286:3)
    at HTMLUnknownElementImpl._dispatch (C:\Users\Admin\graceful_books\node_modules\jsdom\lib\jsdom\living\events\EventTarget-impl.js:233:9)
    at HTMLUnknownElementImpl.dispatchEvent (C:\Users\Admin\graceful_books\node_modules\jsdom\lib\jsdom\living\events\EventTarget-impl.js:104:17)
    at HTMLUnknownElement.dispatchEvent (C:\Users\Admin\graceful_books\node_modules\jsdom\lib\jsdom\living\generated\EventTarget.js:241:34)
    at Object.invokeGuardedCallbackDev (C:\Users\Admin\graceful_books\node_modules\react-dom\cjs\react-dom.development.js:4213:16)
    at invokeGuardedCallback (C:\Users\Admin\graceful_books\node_modules\react-dom\cjs\react-dom.development.js:4277:31)
    at beginWork$1 (C:\Users\Admin\graceful_books\node_modules\react-dom\cjs\react-dom.development.js:27490:7)
    at performUnitOfWork (C:\Users\Admin\graceful_books\node_modules\react-dom\cjs\react-dom.development.js:26599:12) Error: useNavigate() may be used only in the context of a <Router> component.
    at Object.invariant [as UNSAFE_invariant] (C:\Users\Admin\graceful_books\node_modules\@remix-run\router\dist\router.cjs.js:315:11)
    at useNavigateUnstable (C:\Users\Admin\graceful_books\node_modules\react-router\dist\umd\react-router.development.js:223:36)
    at useNavigate (C:\Users\Admin\graceful_books\node_modules\react-router\dist\umd\react-router.development.js:220:48)
    at ProductsTab (C:/Users/Admin/graceful_books/src/pages/cpg/tabs/ProductsTab.tsx:33:20)
    at renderWithHooks (C:\Users\Admin\graceful_books\node_modules\react-dom\cjs\react-dom.development.js:15486:18)
    at mountIndeterminateComponent (C:\Users\Admin\graceful_books\node_modules\react-dom\cjs\react-dom.development.js:20103:13)
    at beginWork (C:\Users\Admin\graceful_books\node_modules\react-dom\cjs\react-dom.development.js:21626:16)
    at HTMLUnknownElement.callCallback (C:\Users\Admin\graceful_books\node_modules\react-dom\cjs\react-dom.development.js:4164:14)
    at HTMLUnknownElement.callTheUserObjectsOperation (C:\Users\Admin\graceful_books\node_modules\jsdom\lib\jsdom\living\generated\EventListener.js:26:30)
    at innerInvokeEventListeners (C:\Users\Admin\graceful_books\node_modules\jsdom\lib\jsdom\living\events\EventTarget-impl.js:350:25)
Error: Uncaught [Error: useNavigate() may be used only in the context of a <Router> component.]
    at reportException (C:\Users\Admin\graceful_books\node_modules\jsdom\lib\jsdom\living\helpers\runtime-script-errors.js:66:24)
    at innerInvokeEventListeners (C:\Users\Admin\graceful_books\node_modules\jsdom\lib\jsdom\living\events\EventTarget-impl.js:353:9)
    at invokeEventListeners (C:\Users\Admin\graceful_books\node_modules\jsdom\lib\jsdom\living\events\EventTarget-impl.js:286:3)
    at HTMLUnknownElementImpl._dispatch (C:\Users\Admin\graceful_books\node_modules\jsdom\lib\jsdom\living\events\EventTarget-impl.js:233:9)
    at HTMLUnknownElementImpl.dispatchEvent (C:\Users\Admin\graceful_books\node_modules\jsdom\lib\jsdom\living\events\EventTarget-impl.js:104:17)
    at HTMLUnknownElement.dispatchEvent (C:\Users\Admin\graceful_books\node_modules\jsdom\lib\jsdom\living\generated\EventTarget.js:241:34)
    at Object.invokeGuardedCallbackDev (C:\Users\Admin\graceful_books\node_modules\react-dom\cjs\react-dom.development.js:4213:16)
    at invokeGuardedCallback (C:\Users\Admin\graceful_books\node_modules\react-dom\cjs\react-dom.development.js:4277:31)
    at beginWork$1 (C:\Users\Admin\graceful_books\node_modules\react-dom\cjs\react-dom.development.js:27490:7)
    at performUnitOfWork (C:\Users\Admin\graceful_books\node_modules\react-dom\cjs\react-dom.development.js:26599:12) Error: useNavigate() may be used only in the context of a <Router> component.
    at Object.invariant [as UNSAFE_invariant] (C:\Users\Admin\graceful_books\node_modules\@remix-run\router\dist\router.cjs.js:315:11)
    at useNavigateUnstable (C:\Users\Admin\graceful_books\node_modules\react-router\dist\umd\react-router.development.js:223:36)
    at useNavigate (C:\Users\Admin\graceful_books\node_modules\react-router\dist\umd\react-router.development.js:220:48)
    at ProductsTab (C:/Users/Admin/graceful_books/src/pages/cpg/tabs/ProductsTab.tsx:33:20)
    at renderWithHooks (C:\Users\Admin\graceful_books\node_modules\react-dom\cjs\react-dom.development.js:15486:18)
    at mountIndeterminateComponent (C:\Users\Admin\graceful_books\node_modules\react-dom\cjs\react-dom.development.js:20103:13)
    at beginWork (C:\Users\Admin\graceful_books\node_modules\react-dom\cjs\react-dom.development.js:21626:16)
    at HTMLUnknownElement.callCallback (C:\Users\Admin\graceful_books\node_modules\react-dom\cjs\react-dom.development.js:4164:14)
    at HTMLUnknownElement.callTheUserObjectsOperation (C:\Users\Admin\graceful_books\node_modules\jsdom\lib\jsdom\living\generated\EventListener.js:26:30)
    at innerInvokeEventListeners (C:\Users\Admin\graceful_books\node_modules\jsdom\lib\jsdom\living\events\EventTarget-impl.js:350:25)
Error: Uncaught [Error: useNavigate() may be used only in the context of a <Router> component.]
    at reportException (C:\Users\Admin\graceful_books\node_modules\jsdom\lib\jsdom\living\helpers\runtime-script-errors.js:66:24)
    at innerInvokeEventListeners (C:\Users\Admin\graceful_books\node_modules\jsdom\lib\jsdom\living\events\EventTarget-impl.js:353:9)
    at invokeEventListeners (C:\Users\Admin\graceful_books\node_modules\jsdom\lib\jsdom\living\events\EventTarget-impl.js:286:3)
    at HTMLUnknownElementImpl._dispatch (C:\Users\Admin\graceful_books\node_modules\jsdom\lib\jsdom\living\events\EventTarget-impl.js:233:9)
    at HTMLUnknownElementImpl.dispatchEvent (C:\Users\Admin\graceful_books\node_modules\jsdom\lib\jsdom\living\events\EventTarget-impl.js:104:17)
    at HTMLUnknownElement.dispatchEvent (C:\Users\Admin\graceful_books\node_modules\jsdom\lib\jsdom\living\generated\EventTarget.js:241:34)
    at Object.invokeGuardedCallbackDev (C:\Users\Admin\graceful_books\node_modules\react-dom\cjs\react-dom.development.js:4213:16)
    at invokeGuardedCallback (C:\Users\Admin\graceful_books\node_modules\react-dom\cjs\react-dom.development.js:4277:31)
    at beginWork$1 (C:\Users\Admin\graceful_books\node_modules\react-dom\cjs\react-dom.development.js:27490:7)
    at performUnitOfWork (C:\Users\Admin\graceful_books\node_modules\react-dom\cjs\react-dom.development.js:26599:12) Error: useNavigate() may be used only in the context of a <Router> component.
    at Object.invariant [as UNSAFE_invariant] (C:\Users\Admin\graceful_books\node_modules\@remix-run\router\dist\router.cjs.js:315:11)
    at useNavigateUnstable (C:\Users\Admin\graceful_books\node_modules\react-router\dist\umd\react-router.development.js:223:36)
    at useNavigate (C:\Users\Admin\graceful_books\node_modules\react-router\dist\umd\react-router.development.js:220:48)
    at ProductsTab (C:/Users/Admin/graceful_books/src/pages/cpg/tabs/ProductsTab.tsx:33:20)
    at renderWithHooks (C:\Users\Admin\graceful_books\node_modules\react-dom\cjs\react-dom.development.js:15486:18)
    at mountIndeterminateComponent (C:\Users\Admin\graceful_books\node_modules\react-dom\cjs\react-dom.development.js:20103:13)
    at beginWork (C:\Users\Admin\graceful_books\node_modules\react-dom\cjs\react-dom.development.js:21626:16)
    at HTMLUnknownElement.callCallback (C:\Users\Admin\graceful_books\node_modules\react-dom\cjs\react-dom.development.js:4164:14)
    at HTMLUnknownElement.callTheUserObjectsOperation (C:\Users\Admin\graceful_books\node_modules\jsdom\lib\jsdom\living\generated\EventListener.js:26:30)
    at innerInvokeEventListeners (C:\Users\Admin\graceful_books\node_modules\jsdom\lib\jsdom\living\events\EventTarget-impl.js:350:25)
Error: Uncaught [Error: useNavigate() may be used only in the context of a <Router> component.]
    at reportException (C:\Users\Admin\graceful_books\node_modules\jsdom\lib\jsdom\living\helpers\runtime-script-errors.js:66:24)
    at innerInvokeEventListeners (C:\Users\Admin\graceful_books\node_modules\jsdom\lib\jsdom\living\events\EventTarget-impl.js:353:9)
    at invokeEventListeners (C:\Users\Admin\graceful_books\node_modules\jsdom\lib\jsdom\living\events\EventTarget-impl.js:286:3)
    at HTMLUnknownElementImpl._dispatch (C:\Users\Admin\graceful_books\node_modules\jsdom\lib\jsdom\living\events\EventTarget-impl.js:233:9)
    at HTMLUnknownElementImpl.dispatchEvent (C:\Users\Admin\graceful_books\node_modules\jsdom\lib\jsdom\living\events\EventTarget-impl.js:104:17)
    at HTMLUnknownElement.dispatchEvent (C:\Users\Admin\graceful_books\node_modules\jsdom\lib\jsdom\living\generated\EventTarget.js:241:34)
    at Object.invokeGuardedCallbackDev (C:\Users\Admin\graceful_books\node_modules\react-dom\cjs\react-dom.development.js:4213:16)
    at invokeGuardedCallback (C:\Users\Admin\graceful_books\node_modules\react-dom\cjs\react-dom.development.js:4277:31)
    at beginWork$1 (C:\Users\Admin\graceful_books\node_modules\react-dom\cjs\react-dom.development.js:27490:7)
    at performUnitOfWork (C:\Users\Admin\graceful_books\node_modules\react-dom\cjs\react-dom.development.js:26599:12) Error: useNavigate() may be used only in the context of a <Router> component.
    at Object.invariant [as UNSAFE_invariant] (C:\Users\Admin\graceful_books\node_modules\@remix-run\router\dist\router.cjs.js:315:11)
    at useNavigateUnstable (C:\Users\Admin\graceful_books\node_modules\react-router\dist\umd\react-router.development.js:223:36)
    at useNavigate (C:\Users\Admin\graceful_books\node_modules\react-router\dist\umd\react-router.development.js:220:48)
    at ProductsTab (C:/Users/Admin/graceful_books/src/pages/cpg/tabs/ProductsTab.tsx:33:20)
    at renderWithHooks (C:\Users\Admin\graceful_books\node_modules\react-dom\cjs\react-dom.development.js:15486:18)
    at mountIndeterminateComponent (C:\Users\Admin\graceful_books\node_modules\react-dom\cjs\react-dom.development.js:20103:13)
    at beginWork (C:\Users\Admin\graceful_books\node_modules\react-dom\cjs\react-dom.development.js:21626:16)
    at HTMLUnknownElement.callCallback (C:\Users\Admin\graceful_books\node_modules\react-dom\cjs\react-dom.development.js:4164:14)
    at HTMLUnknownElement.callTheUserObjectsOperation (C:\Users\Admin\graceful_books\node_modules\jsdom\lib\jsdom\living\generated\EventListener.js:26:30)
    at innerInvokeEventListeners (C:\Users\Admin\graceful_books\node_modules\jsdom\lib\jsdom\living\events\EventTarget-impl.js:350:25)
Error: Uncaught [Error: useNavigate() may be used only in the context of a <Router> component.]
    at reportException (C:\Users\Admin\graceful_books\node_modules\jsdom\lib\jsdom\living\helpers\runtime-script-errors.js:66:24)
    at innerInvokeEventListeners (C:\Users\Admin\graceful_books\node_modules\jsdom\lib\jsdom\living\events\EventTarget-impl.js:353:9)
    at invokeEventListeners (C:\Users\Admin\graceful_books\node_modules\jsdom\lib\jsdom\living\events\EventTarget-impl.js:286:3)
    at HTMLUnknownElementImpl._dispatch (C:\Users\Admin\graceful_books\node_modules\jsdom\lib\jsdom\living\events\EventTarget-impl.js:233:9)
    at HTMLUnknownElementImpl.dispatchEvent (C:\Users\Admin\graceful_books\node_modules\jsdom\lib\jsdom\living\events\EventTarget-impl.js:104:17)
    at HTMLUnknownElement.dispatchEvent (C:\Users\Admin\graceful_books\node_modules\jsdom\lib\jsdom\living\generated\EventTarget.js:241:34)
    at Object.invokeGuardedCallbackDev (C:\Users\Admin\graceful_books\node_modules\react-dom\cjs\react-dom.development.js:4213:16)
    at invokeGuardedCallback (C:\Users\Admin\graceful_books\node_modules\react-dom\cjs\react-dom.development.js:4277:31)
    at beginWork$1 (C:\Users\Admin\graceful_books\node_modules\react-dom\cjs\react-dom.development.js:27490:7)
    at performUnitOfWork (C:\Users\Admin\graceful_books\node_modules\react-dom\cjs\react-dom.development.js:26599:12) Error: useNavigate() may be used only in the context of a <Router> component.
    at Object.invariant [as UNSAFE_invariant] (C:\Users\Admin\graceful_books\node_modules\@remix-run\router\dist\router.cjs.js:315:11)
    at useNavigateUnstable (C:\Users\Admin\graceful_books\node_modules\react-router\dist\umd\react-router.development.js:223:36)
    at useNavigate (C:\Users\Admin\graceful_books\node_modules\react-router\dist\umd\react-router.development.js:220:48)
    at ProductsTab (C:/Users/Admin/graceful_books/src/pages/cpg/tabs/ProductsTab.tsx:33:20)
    at renderWithHooks (C:\Users\Admin\graceful_books\node_modules\react-dom\cjs\react-dom.development.js:15486:18)
    at mountIndeterminateComponent (C:\Users\Admin\graceful_books\node_modules\react-dom\cjs\react-dom.development.js:20103:13)
    at beginWork (C:\Users\Admin\graceful_books\node_modules\react-dom\cjs\react-dom.development.js:21626:16)
    at HTMLUnknownElement.callCallback (C:\Users\Admin\graceful_books\node_modules\react-dom\cjs\react-dom.development.js:4164:14)
    at HTMLUnknownElement.callTheUserObjectsOperation (C:\Users\Admin\graceful_books\node_modules\jsdom\lib\jsdom\living\generated\EventListener.js:26:30)
    at innerInvokeEventListeners (C:\Users\Admin\graceful_books\node_modules\jsdom\lib\jsdom\living\events\EventTarget-impl.js:350:25)
Error: Uncaught [Error: useNavigate() may be used only in the context of a <Router> component.]
    at reportException (C:\Users\Admin\graceful_books\node_modules\jsdom\lib\jsdom\living\helpers\runtime-script-errors.js:66:24)
    at innerInvokeEventListeners (C:\Users\Admin\graceful_books\node_modules\jsdom\lib\jsdom\living\events\EventTarget-impl.js:353:9)
    at invokeEventListeners (C:\Users\Admin\graceful_books\node_modules\jsdom\lib\jsdom\living\events\EventTarget-impl.js:286:3)
    at HTMLUnknownElementImpl._dispatch (C:\Users\Admin\graceful_books\node_modules\jsdom\lib\jsdom\living\events\EventTarget-impl.js:233:9)
    at HTMLUnknownElementImpl.dispatchEvent (C:\Users\Admin\graceful_books\node_modules\jsdom\lib\jsdom\living\events\EventTarget-impl.js:104:17)
    at HTMLUnknownElement.dispatchEvent (C:\Users\Admin\graceful_books\node_modules\jsdom\lib\jsdom\living\generated\EventTarget.js:241:34)
    at Object.invokeGuardedCallbackDev (C:\Users\Admin\graceful_books\node_modules\react-dom\cjs\react-dom.development.js:4213:16)
    at invokeGuardedCallback (C:\Users\Admin\graceful_books\node_modules\react-dom\cjs\react-dom.development.js:4277:31)
    at beginWork$1 (C:\Users\Admin\graceful_books\node_modules\react-dom\cjs\react-dom.development.js:27490:7)
    at performUnitOfWork (C:\Users\Admin\graceful_books\node_modules\react-dom\cjs\react-dom.development.js:26599:12) Error: useNavigate() may be used only in the context of a <Router> component.
    at Object.invariant [as UNSAFE_invariant] (C:\Users\Admin\graceful_books\node_modules\@remix-run\router\dist\router.cjs.js:315:11)
    at useNavigateUnstable (C:\Users\Admin\graceful_books\node_modules\react-router\dist\umd\react-router.development.js:223:36)
    at useNavigate (C:\Users\Admin\graceful_books\node_modules\react-router\dist\umd\react-router.development.js:220:48)
    at ProductsTab (C:/Users/Admin/graceful_books/src/pages/cpg/tabs/ProductsTab.tsx:33:20)
    at renderWithHooks (C:\Users\Admin\graceful_books\node_modules\react-dom\cjs\react-dom.development.js:15486:18)
    at mountIndeterminateComponent (C:\Users\Admin\graceful_books\node_modules\react-dom\cjs\react-dom.development.js:20103:13)
    at beginWork (C:\Users\Admin\graceful_books\node_modules\react-dom\cjs\react-dom.development.js:21626:16)
    at HTMLUnknownElement.callCallback (C:\Users\Admin\graceful_books\node_modules\react-dom\cjs\react-dom.development.js:4164:14)
    at HTMLUnknownElement.callTheUserObjectsOperation (C:\Users\Admin\graceful_books\node_modules\jsdom\lib\jsdom\living\generated\EventListener.js:26:30)
    at innerInvokeEventListeners (C:\Users\Admin\graceful_books\node_modules\jsdom\lib\jsdom\living\events\EventTarget-impl.js:350:25)
Error: Uncaught [Error: useNavigate() may be used only in the context of a <Router> component.]
    at reportException (C:\Users\Admin\graceful_books\node_modules\jsdom\lib\jsdom\living\helpers\runtime-script-errors.js:66:24)
    at innerInvokeEventListeners (C:\Users\Admin\graceful_books\node_modules\jsdom\lib\jsdom\living\events\EventTarget-impl.js:353:9)
    at invokeEventListeners (C:\Users\Admin\graceful_books\node_modules\jsdom\lib\jsdom\living\events\EventTarget-impl.js:286:3)
    at HTMLUnknownElementImpl._dispatch (C:\Users\Admin\graceful_books\node_modules\jsdom\lib\jsdom\living\events\EventTarget-impl.js:233:9)
    at HTMLUnknownElementImpl.dispatchEvent (C:\Users\Admin\graceful_books\node_modules\jsdom\lib\jsdom\living\events\EventTarget-impl.js:104:17)
    at HTMLUnknownElement.dispatchEvent (C:\Users\Admin\graceful_books\node_modules\jsdom\lib\jsdom\living\generated\EventTarget.js:241:34)
    at Object.invokeGuardedCallbackDev (C:\Users\Admin\graceful_books\node_modules\react-dom\cjs\react-dom.development.js:4213:16)
    at invokeGuardedCallback (C:\Users\Admin\graceful_books\node_modules\react-dom\cjs\react-dom.development.js:4277:31)
    at beginWork$1 (C:\Users\Admin\graceful_books\node_modules\react-dom\cjs\react-dom.development.js:27490:7)
    at performUnitOfWork (C:\Users\Admin\graceful_books\node_modules\react-dom\cjs\react-dom.development.js:26599:12) Error: useNavigate() may be used only in the context of a <Router> component.
    at Object.invariant [as UNSAFE_invariant] (C:\Users\Admin\graceful_books\node_modules\@remix-run\router\dist\router.cjs.js:315:11)
    at useNavigateUnstable (C:\Users\Admin\graceful_books\node_modules\react-router\dist\umd\react-router.development.js:223:36)
    at useNavigate (C:\Users\Admin\graceful_books\node_modules\react-router\dist\umd\react-router.development.js:220:48)
    at ProductsTab (C:/Users/Admin/graceful_books/src/pages/cpg/tabs/ProductsTab.tsx:33:20)
    at renderWithHooks (C:\Users\Admin\graceful_books\node_modules\react-dom\cjs\react-dom.development.js:15486:18)
    at mountIndeterminateComponent (C:\Users\Admin\graceful_books\node_modules\react-dom\cjs\react-dom.development.js:20103:13)
    at beginWork (C:\Users\Admin\graceful_books\node_modules\react-dom\cjs\react-dom.development.js:21626:16)
    at HTMLUnknownElement.callCallback (C:\Users\Admin\graceful_books\node_modules\react-dom\cjs\react-dom.development.js:4164:14)
    at HTMLUnknownElement.callTheUserObjectsOperation (C:\Users\Admin\graceful_books\node_modules\jsdom\lib\jsdom\living\generated\EventListener.js:26:30)
    at innerInvokeEventListeners (C:\Users\Admin\graceful_books\node_modules\jsdom\lib\jsdom\living\events\EventTarget-impl.js:350:25)
Error: Uncaught [Error: useNavigate() may be used only in the context of a <Router> component.]
    at reportException (C:\Users\Admin\graceful_books\node_modules\jsdom\lib\jsdom\living\helpers\runtime-script-errors.js:66:24)
    at innerInvokeEventListeners (C:\Users\Admin\graceful_books\node_modules\jsdom\lib\jsdom\living\events\EventTarget-impl.js:353:9)
    at invokeEventListeners (C:\Users\Admin\graceful_books\node_modules\jsdom\lib\jsdom\living\events\EventTarget-impl.js:286:3)
    at HTMLUnknownElementImpl._dispatch (C:\Users\Admin\graceful_books\node_modules\jsdom\lib\jsdom\living\events\EventTarget-impl.js:233:9)
    at HTMLUnknownElementImpl.dispatchEvent (C:\Users\Admin\graceful_books\node_modules\jsdom\lib\jsdom\living\events\EventTarget-impl.js:104:17)
    at HTMLUnknownElement.dispatchEvent (C:\Users\Admin\graceful_books\node_modules\jsdom\lib\jsdom\living\generated\EventTarget.js:241:34)
    at Object.invokeGuardedCallbackDev (C:\Users\Admin\graceful_books\node_modules\react-dom\cjs\react-dom.development.js:4213:16)
    at invokeGuardedCallback (C:\Users\Admin\graceful_books\node_modules\react-dom\cjs\react-dom.development.js:4277:31)
    at beginWork$1 (C:\Users\Admin\graceful_books\node_modules\react-dom\cjs\react-dom.development.js:27490:7)
    at performUnitOfWork (C:\Users\Admin\graceful_books\node_modules\react-dom\cjs\react-dom.development.js:26599:12) Error: useNavigate() may be used only in the context of a <Router> component.
    at Object.invariant [as UNSAFE_invariant] (C:\Users\Admin\graceful_books\node_modules\@remix-run\router\dist\router.cjs.js:315:11)
    at useNavigateUnstable (C:\Users\Admin\graceful_books\node_modules\react-router\dist\umd\react-router.development.js:223:36)
    at useNavigate (C:\Users\Admin\graceful_books\node_modules\react-router\dist\umd\react-router.development.js:220:48)
    at ProductsTab (C:/Users/Admin/graceful_books/src/pages/cpg/tabs/ProductsTab.tsx:33:20)
    at renderWithHooks (C:\Users\Admin\graceful_books\node_modules\react-dom\cjs\react-dom.development.js:15486:18)
    at mountIndeterminateComponent (C:\Users\Admin\graceful_books\node_modules\react-dom\cjs\react-dom.development.js:20103:13)
    at beginWork (C:\Users\Admin\graceful_books\node_modules\react-dom\cjs\react-dom.development.js:21626:16)
    at HTMLUnknownElement.callCallback (C:\Users\Admin\graceful_books\node_modules\react-dom\cjs\react-dom.development.js:4164:14)
    at HTMLUnknownElement.callTheUserObjectsOperation (C:\Users\Admin\graceful_books\node_modules\jsdom\lib\jsdom\living\generated\EventListener.js:26:30)
    at innerInvokeEventListeners (C:\Users\Admin\graceful_books\node_modules\jsdom\lib\jsdom\living\events\EventTarget-impl.js:350:25)
Error: Uncaught [Error: useNavigate() may be used only in the context of a <Router> component.]
    at reportException (C:\Users\Admin\graceful_books\node_modules\jsdom\lib\jsdom\living\helpers\runtime-script-errors.js:66:24)
    at innerInvokeEventListeners (C:\Users\Admin\graceful_books\node_modules\jsdom\lib\jsdom\living\events\EventTarget-impl.js:353:9)
    at invokeEventListeners (C:\Users\Admin\graceful_books\node_modules\jsdom\lib\jsdom\living\events\EventTarget-impl.js:286:3)
    at HTMLUnknownElementImpl._dispatch (C:\Users\Admin\graceful_books\node_modules\jsdom\lib\jsdom\living\events\EventTarget-impl.js:233:9)
    at HTMLUnknownElementImpl.dispatchEvent (C:\Users\Admin\graceful_books\node_modules\jsdom\lib\jsdom\living\events\EventTarget-impl.js:104:17)
    at HTMLUnknownElement.dispatchEvent (C:\Users\Admin\graceful_books\node_modules\jsdom\lib\jsdom\living\generated\EventTarget.js:241:34)
    at Object.invokeGuardedCallbackDev (C:\Users\Admin\graceful_books\node_modules\react-dom\cjs\react-dom.development.js:4213:16)
    at invokeGuardedCallback (C:\Users\Admin\graceful_books\node_modules\react-dom\cjs\react-dom.development.js:4277:31)
    at beginWork$1 (C:\Users\Admin\graceful_books\node_modules\react-dom\cjs\react-dom.development.js:27490:7)
    at performUnitOfWork (C:\Users\Admin\graceful_books\node_modules\react-dom\cjs\react-dom.development.js:26599:12) Error: useNavigate() may be used only in the context of a <Router> component.
    at Object.invariant [as UNSAFE_invariant] (C:\Users\Admin\graceful_books\node_modules\@remix-run\router\dist\router.cjs.js:315:11)
    at useNavigateUnstable (C:\Users\Admin\graceful_books\node_modules\react-router\dist\umd\react-router.development.js:223:36)
    at useNavigate (C:\Users\Admin\graceful_books\node_modules\react-router\dist\umd\react-router.development.js:220:48)
    at ProductsTab (C:/Users/Admin/graceful_books/src/pages/cpg/tabs/ProductsTab.tsx:33:20)
    at renderWithHooks (C:\Users\Admin\graceful_books\node_modules\react-dom\cjs\react-dom.development.js:15486:18)
    at mountIndeterminateComponent (C:\Users\Admin\graceful_books\node_modules\react-dom\cjs\react-dom.development.js:20103:13)
    at beginWork (C:\Users\Admin\graceful_books\node_modules\react-dom\cjs\react-dom.development.js:21626:16)
    at HTMLUnknownElement.callCallback (C:\Users\Admin\graceful_books\node_modules\react-dom\cjs\react-dom.development.js:4164:14)
    at HTMLUnknownElement.callTheUserObjectsOperation (C:\Users\Admin\graceful_books\node_modules\jsdom\lib\jsdom\living\generated\EventListener.js:26:30)
    at innerInvokeEventListeners (C:\Users\Admin\graceful_books\node_modules\jsdom\lib\jsdom\living\events\EventTarget-impl.js:350:25)
Error: Uncaught [Error: useNavigate() may be used only in the context of a <Router> component.]
    at reportException (C:\Users\Admin\graceful_books\node_modules\jsdom\lib\jsdom\living\helpers\runtime-script-errors.js:66:24)
    at innerInvokeEventListeners (C:\Users\Admin\graceful_books\node_modules\jsdom\lib\jsdom\living\events\EventTarget-impl.js:353:9)
    at invokeEventListeners (C:\Users\Admin\graceful_books\node_modules\jsdom\lib\jsdom\living\events\EventTarget-impl.js:286:3)
    at HTMLUnknownElementImpl._dispatch (C:\Users\Admin\graceful_books\node_modules\jsdom\lib\jsdom\living\events\EventTarget-impl.js:233:9)
    at HTMLUnknownElementImpl.dispatchEvent (C:\Users\Admin\graceful_books\node_modules\jsdom\lib\jsdom\living\events\EventTarget-impl.js:104:17)
    at HTMLUnknownElement.dispatchEvent (C:\Users\Admin\graceful_books\node_modules\jsdom\lib\jsdom\living\generated\EventTarget.js:241:34)
    at Object.invokeGuardedCallbackDev (C:\Users\Admin\graceful_books\node_modules\react-dom\cjs\react-dom.development.js:4213:16)
    at invokeGuardedCallback (C:\Users\Admin\graceful_books\node_modules\react-dom\cjs\react-dom.development.js:4277:31)
    at beginWork$1 (C:\Users\Admin\graceful_books\node_modules\react-dom\cjs\react-dom.development.js:27490:7)
    at performUnitOfWork (C:\Users\Admin\graceful_books\node_modules\react-dom\cjs\react-dom.development.js:26599:12) Error: useNavigate() may be used only in the context of a <Router> component.
    at Object.invariant [as UNSAFE_invariant] (C:\Users\Admin\graceful_books\node_modules\@remix-run\router\dist\router.cjs.js:315:11)
    at useNavigateUnstable (C:\Users\Admin\graceful_books\node_modules\react-router\dist\umd\react-router.development.js:223:36)
    at useNavigate (C:\Users\Admin\graceful_books\node_modules\react-router\dist\umd\react-router.development.js:220:48)
    at ProductsTab (C:/Users/Admin/graceful_books/src/pages/cpg/tabs/ProductsTab.tsx:33:20)
    at renderWithHooks (C:\Users\Admin\graceful_books\node_modules\react-dom\cjs\react-dom.development.js:15486:18)
    at mountIndeterminateComponent (C:\Users\Admin\graceful_books\node_modules\react-dom\cjs\react-dom.development.js:20103:13)
    at beginWork (C:\Users\Admin\graceful_books\node_modules\react-dom\cjs\react-dom.development.js:21626:16)
    at HTMLUnknownElement.callCallback (C:\Users\Admin\graceful_books\node_modules\react-dom\cjs\react-dom.development.js:4164:14)
    at HTMLUnknownElement.callTheUserObjectsOperation (C:\Users\Admin\graceful_books\node_modules\jsdom\lib\jsdom\living\generated\EventListener.js:26:30)
    at innerInvokeEventListeners (C:\Users\Admin\graceful_books\node_modules\jsdom\lib\jsdom\living\events\EventTarget-impl.js:350:25)
Error: Uncaught [Error: useNavigate() may be used only in the context of a <Router> component.]
    at reportException (C:\Users\Admin\graceful_books\node_modules\jsdom\lib\jsdom\living\helpers\runtime-script-errors.js:66:24)
    at innerInvokeEventListeners (C:\Users\Admin\graceful_books\node_modules\jsdom\lib\jsdom\living\events\EventTarget-impl.js:353:9)
    at invokeEventListeners (C:\Users\Admin\graceful_books\node_modules\jsdom\lib\jsdom\living\events\EventTarget-impl.js:286:3)
    at HTMLUnknownElementImpl._dispatch (C:\Users\Admin\graceful_books\node_modules\jsdom\lib\jsdom\living\events\EventTarget-impl.js:233:9)
    at HTMLUnknownElementImpl.dispatchEvent (C:\Users\Admin\graceful_books\node_modules\jsdom\lib\jsdom\living\events\EventTarget-impl.js:104:17)
    at HTMLUnknownElement.dispatchEvent (C:\Users\Admin\graceful_books\node_modules\jsdom\lib\jsdom\living\generated\EventTarget.js:241:34)
    at Object.invokeGuardedCallbackDev (C:\Users\Admin\graceful_books\node_modules\react-dom\cjs\react-dom.development.js:4213:16)
    at invokeGuardedCallback (C:\Users\Admin\graceful_books\node_modules\react-dom\cjs\react-dom.development.js:4277:31)
    at beginWork$1 (C:\Users\Admin\graceful_books\node_modules\react-dom\cjs\react-dom.development.js:27490:7)
    at performUnitOfWork (C:\Users\Admin\graceful_books\node_modules\react-dom\cjs\react-dom.development.js:26599:12) Error: useNavigate() may be used only in the context of a <Router> component.
    at Object.invariant [as UNSAFE_invariant] (C:\Users\Admin\graceful_books\node_modules\@remix-run\router\dist\router.cjs.js:315:11)
    at useNavigateUnstable (C:\Users\Admin\graceful_books\node_modules\react-router\dist\umd\react-router.development.js:223:36)
    at useNavigate (C:\Users\Admin\graceful_books\node_modules\react-router\dist\umd\react-router.development.js:220:48)
    at ProductsTab (C:/Users/Admin/graceful_books/src/pages/cpg/tabs/ProductsTab.tsx:33:20)
    at renderWithHooks (C:\Users\Admin\graceful_books\node_modules\react-dom\cjs\react-dom.development.js:15486:18)
    at mountIndeterminateComponent (C:\Users\Admin\graceful_books\node_modules\react-dom\cjs\react-dom.development.js:20103:13)
    at beginWork (C:\Users\Admin\graceful_books\node_modules\react-dom\cjs\react-dom.development.js:21626:16)
    at HTMLUnknownElement.callCallback (C:\Users\Admin\graceful_books\node_modules\react-dom\cjs\react-dom.development.js:4164:14)
    at HTMLUnknownElement.callTheUserObjectsOperation (C:\Users\Admin\graceful_books\node_modules\jsdom\lib\jsdom\living\generated\EventListener.js:26:30)
    at innerInvokeEventListeners (C:\Users\Admin\graceful_books\node_modules\jsdom\lib\jsdom\living\events\EventTarget-impl.js:350:25)
Error: Uncaught [Error: useNavigate() may be used only in the context of a <Router> component.]
    at reportException (C:\Users\Admin\graceful_books\node_modules\jsdom\lib\jsdom\living\helpers\runtime-script-errors.js:66:24)
    at innerInvokeEventListeners (C:\Users\Admin\graceful_books\node_modules\jsdom\lib\jsdom\living\events\EventTarget-impl.js:353:9)
    at invokeEventListeners (C:\Users\Admin\graceful_books\node_modules\jsdom\lib\jsdom\living\events\EventTarget-impl.js:286:3)
    at HTMLUnknownElementImpl._dispatch (C:\Users\Admin\graceful_books\node_modules\jsdom\lib\jsdom\living\events\EventTarget-impl.js:233:9)
    at HTMLUnknownElementImpl.dispatchEvent (C:\Users\Admin\graceful_books\node_modules\jsdom\lib\jsdom\living\events\EventTarget-impl.js:104:17)
    at HTMLUnknownElement.dispatchEvent (C:\Users\Admin\graceful_books\node_modules\jsdom\lib\jsdom\living\generated\EventTarget.js:241:34)
    at Object.invokeGuardedCallbackDev (C:\Users\Admin\graceful_books\node_modules\react-dom\cjs\react-dom.development.js:4213:16)
    at invokeGuardedCallback (C:\Users\Admin\graceful_books\node_modules\react-dom\cjs\react-dom.development.js:4277:31)
    at beginWork$1 (C:\Users\Admin\graceful_books\node_modules\react-dom\cjs\react-dom.development.js:27490:7)
    at performUnitOfWork (C:\Users\Admin\graceful_books\node_modules\react-dom\cjs\react-dom.development.js:26599:12) Error: useNavigate() may be used only in the context of a <Router> component.
    at Object.invariant [as UNSAFE_invariant] (C:\Users\Admin\graceful_books\node_modules\@remix-run\router\dist\router.cjs.js:315:11)
    at useNavigateUnstable (C:\Users\Admin\graceful_books\node_modules\react-router\dist\umd\react-router.development.js:223:36)
    at useNavigate (C:\Users\Admin\graceful_books\node_modules\react-router\dist\umd\react-router.development.js:220:48)
    at ProductsTab (C:/Users/Admin/graceful_books/src/pages/cpg/tabs/ProductsTab.tsx:33:20)
    at renderWithHooks (C:\Users\Admin\graceful_books\node_modules\react-dom\cjs\react-dom.development.js:15486:18)
    at mountIndeterminateComponent (C:\Users\Admin\graceful_books\node_modules\react-dom\cjs\react-dom.development.js:20103:13)
    at beginWork (C:\Users\Admin\graceful_books\node_modules\react-dom\cjs\react-dom.development.js:21626:16)
    at HTMLUnknownElement.callCallback (C:\Users\Admin\graceful_books\node_modules\react-dom\cjs\react-dom.development.js:4164:14)
    at HTMLUnknownElement.callTheUserObjectsOperation (C:\Users\Admin\graceful_books\node_modules\jsdom\lib\jsdom\living\generated\EventListener.js:26:30)
    at innerInvokeEventListeners (C:\Users\Admin\graceful_books\node_modules\jsdom\lib\jsdom\living\events\EventTarget-impl.js:350:25)
Error: Uncaught [Error: useNavigate() may be used only in the context of a <Router> component.]
    at reportException (C:\Users\Admin\graceful_books\node_modules\jsdom\lib\jsdom\living\helpers\runtime-script-errors.js:66:24)
    at innerInvokeEventListeners (C:\Users\Admin\graceful_books\node_modules\jsdom\lib\jsdom\living\events\EventTarget-impl.js:353:9)
    at invokeEventListeners (C:\Users\Admin\graceful_books\node_modules\jsdom\lib\jsdom\living\events\EventTarget-impl.js:286:3)
    at HTMLUnknownElementImpl._dispatch (C:\Users\Admin\graceful_books\node_modules\jsdom\lib\jsdom\living\events\EventTarget-impl.js:233:9)
    at HTMLUnknownElementImpl.dispatchEvent (C:\Users\Admin\graceful_books\node_modules\jsdom\lib\jsdom\living\events\EventTarget-impl.js:104:17)
    at HTMLUnknownElement.dispatchEvent (C:\Users\Admin\graceful_books\node_modules\jsdom\lib\jsdom\living\generated\EventTarget.js:241:34)
    at Object.invokeGuardedCallbackDev (C:\Users\Admin\graceful_books\node_modules\react-dom\cjs\react-dom.development.js:4213:16)
    at invokeGuardedCallback (C:\Users\Admin\graceful_books\node_modules\react-dom\cjs\react-dom.development.js:4277:31)
    at beginWork$1 (C:\Users\Admin\graceful_books\node_modules\react-dom\cjs\react-dom.development.js:27490:7)
    at performUnitOfWork (C:\Users\Admin\graceful_books\node_modules\react-dom\cjs\react-dom.development.js:26599:12) Error: useNavigate() may be used only in the context of a <Router> component.
    at Object.invariant [as UNSAFE_invariant] (C:\Users\Admin\graceful_books\node_modules\@remix-run\router\dist\router.cjs.js:315:11)
    at useNavigateUnstable (C:\Users\Admin\graceful_books\node_modules\react-router\dist\umd\react-router.development.js:223:36)
    at useNavigate (C:\Users\Admin\graceful_books\node_modules\react-router\dist\umd\react-router.development.js:220:48)
    at ProductsTab (C:/Users/Admin/graceful_books/src/pages/cpg/tabs/ProductsTab.tsx:33:20)
    at renderWithHooks (C:\Users\Admin\graceful_books\node_modules\react-dom\cjs\react-dom.development.js:15486:18)
    at mountIndeterminateComponent (C:\Users\Admin\graceful_books\node_modules\react-dom\cjs\react-dom.development.js:20103:13)
    at beginWork (C:\Users\Admin\graceful_books\node_modules\react-dom\cjs\react-dom.development.js:21626:16)
    at HTMLUnknownElement.callCallback (C:\Users\Admin\graceful_books\node_modules\react-dom\cjs\react-dom.development.js:4164:14)
    at HTMLUnknownElement.callTheUserObjectsOperation (C:\Users\Admin\graceful_books\node_modules\jsdom\lib\jsdom\living\generated\EventListener.js:26:30)
    at innerInvokeEventListeners (C:\Users\Admin\graceful_books\node_modules\jsdom\lib\jsdom\living\events\EventTarget-impl.js:350:25)
Error: Uncaught [Error: useNavigate() may be used only in the context of a <Router> component.]
    at reportException (C:\Users\Admin\graceful_books\node_modules\jsdom\lib\jsdom\living\helpers\runtime-script-errors.js:66:24)
    at innerInvokeEventListeners (C:\Users\Admin\graceful_books\node_modules\jsdom\lib\jsdom\living\events\EventTarget-impl.js:353:9)
    at invokeEventListeners (C:\Users\Admin\graceful_books\node_modules\jsdom\lib\jsdom\living\events\EventTarget-impl.js:286:3)
    at HTMLUnknownElementImpl._dispatch (C:\Users\Admin\graceful_books\node_modules\jsdom\lib\jsdom\living\events\EventTarget-impl.js:233:9)
    at HTMLUnknownElementImpl.dispatchEvent (C:\Users\Admin\graceful_books\node_modules\jsdom\lib\jsdom\living\events\EventTarget-impl.js:104:17)
    at HTMLUnknownElement.dispatchEvent (C:\Users\Admin\graceful_books\node_modules\jsdom\lib\jsdom\living\generated\EventTarget.js:241:34)
    at Object.invokeGuardedCallbackDev (C:\Users\Admin\graceful_books\node_modules\react-dom\cjs\react-dom.development.js:4213:16)
    at invokeGuardedCallback (C:\Users\Admin\graceful_books\node_modules\react-dom\cjs\react-dom.development.js:4277:31)
    at beginWork$1 (C:\Users\Admin\graceful_books\node_modules\react-dom\cjs\react-dom.development.js:27490:7)
    at performUnitOfWork (C:\Users\Admin\graceful_books\node_modules\react-dom\cjs\react-dom.development.js:26599:12) Error: useNavigate() may be used only in the context of a <Router> component.
    at Object.invariant [as UNSAFE_invariant] (C:\Users\Admin\graceful_books\node_modules\@remix-run\router\dist\router.cjs.js:315:11)
    at useNavigateUnstable (C:\Users\Admin\graceful_books\node_modules\react-router\dist\umd\react-router.development.js:223:36)
    at useNavigate (C:\Users\Admin\graceful_books\node_modules\react-router\dist\umd\react-router.development.js:220:48)
    at ProductsTab (C:/Users/Admin/graceful_books/src/pages/cpg/tabs/ProductsTab.tsx:33:20)
    at renderWithHooks (C:\Users\Admin\graceful_books\node_modules\react-dom\cjs\react-dom.development.js:15486:18)
    at mountIndeterminateComponent (C:\Users\Admin\graceful_books\node_modules\react-dom\cjs\react-dom.development.js:20103:13)
    at beginWork (C:\Users\Admin\graceful_books\node_modules\react-dom\cjs\react-dom.development.js:21626:16)
    at HTMLUnknownElement.callCallback (C:\Users\Admin\graceful_books\node_modules\react-dom\cjs\react-dom.development.js:4164:14)
    at HTMLUnknownElement.callTheUserObjectsOperation (C:\Users\Admin\graceful_books\node_modules\jsdom\lib\jsdom\living\generated\EventListener.js:26:30)
    at innerInvokeEventListeners (C:\Users\Admin\graceful_books\node_modules\jsdom\lib\jsdom\living\events\EventTarget-impl.js:350:25)
Error: Uncaught [Error: useNavigate() may be used only in the context of a <Router> component.]
    at reportException (C:\Users\Admin\graceful_books\node_modules\jsdom\lib\jsdom\living\helpers\runtime-script-errors.js:66:24)
    at innerInvokeEventListeners (C:\Users\Admin\graceful_books\node_modules\jsdom\lib\jsdom\living\events\EventTarget-impl.js:353:9)
    at invokeEventListeners (C:\Users\Admin\graceful_books\node_modules\jsdom\lib\jsdom\living\events\EventTarget-impl.js:286:3)
    at HTMLUnknownElementImpl._dispatch (C:\Users\Admin\graceful_books\node_modules\jsdom\lib\jsdom\living\events\EventTarget-impl.js:233:9)
    at HTMLUnknownElementImpl.dispatchEvent (C:\Users\Admin\graceful_books\node_modules\jsdom\lib\jsdom\living\events\EventTarget-impl.js:104:17)
    at HTMLUnknownElement.dispatchEvent (C:\Users\Admin\graceful_books\node_modules\jsdom\lib\jsdom\living\generated\EventTarget.js:241:34)
    at Object.invokeGuardedCallbackDev (C:\Users\Admin\graceful_books\node_modules\react-dom\cjs\react-dom.development.js:4213:16)
    at invokeGuardedCallback (C:\Users\Admin\graceful_books\node_modules\react-dom\cjs\react-dom.development.js:4277:31)
    at beginWork$1 (C:\Users\Admin\graceful_books\node_modules\react-dom\cjs\react-dom.development.js:27490:7)
    at performUnitOfWork (C:\Users\Admin\graceful_books\node_modules\react-dom\cjs\react-dom.development.js:26599:12) Error: useNavigate() may be used only in the context of a <Router> component.
    at Object.invariant [as UNSAFE_invariant] (C:\Users\Admin\graceful_books\node_modules\@remix-run\router\dist\router.cjs.js:315:11)
    at useNavigateUnstable (C:\Users\Admin\graceful_books\node_modules\react-router\dist\umd\react-router.development.js:223:36)
    at useNavigate (C:\Users\Admin\graceful_books\node_modules\react-router\dist\umd\react-router.development.js:220:48)
    at ProductsTab (C:/Users/Admin/graceful_books/src/pages/cpg/tabs/ProductsTab.tsx:33:20)
    at renderWithHooks (C:\Users\Admin\graceful_books\node_modules\react-dom\cjs\react-dom.development.js:15486:18)
    at mountIndeterminateComponent (C:\Users\Admin\graceful_books\node_modules\react-dom\cjs\react-dom.development.js:20103:13)
    at beginWork (C:\Users\Admin\graceful_books\node_modules\react-dom\cjs\react-dom.development.js:21626:16)
    at HTMLUnknownElement.callCallback (C:\Users\Admin\graceful_books\node_modules\react-dom\cjs\react-dom.development.js:4164:14)
    at HTMLUnknownElement.callTheUserObjectsOperation (C:\Users\Admin\graceful_books\node_modules\jsdom\lib\jsdom\living\generated\EventListener.js:26:30)
    at innerInvokeEventListeners (C:\Users\Admin\graceful_books\node_modules\jsdom\lib\jsdom\living\events\EventTarget-impl.js:350:25)
Error: Uncaught [Error: useNavigate() may be used only in the context of a <Router> component.]
    at reportException (C:\Users\Admin\graceful_books\node_modules\jsdom\lib\jsdom\living\helpers\runtime-script-errors.js:66:24)
    at innerInvokeEventListeners (C:\Users\Admin\graceful_books\node_modules\jsdom\lib\jsdom\living\events\EventTarget-impl.js:353:9)
    at invokeEventListeners (C:\Users\Admin\graceful_books\node_modules\jsdom\lib\jsdom\living\events\EventTarget-impl.js:286:3)
    at HTMLUnknownElementImpl._dispatch (C:\Users\Admin\graceful_books\node_modules\jsdom\lib\jsdom\living\events\EventTarget-impl.js:233:9)
    at HTMLUnknownElementImpl.dispatchEvent (C:\Users\Admin\graceful_books\node_modules\jsdom\lib\jsdom\living\events\EventTarget-impl.js:104:17)
    at HTMLUnknownElement.dispatchEvent (C:\Users\Admin\graceful_books\node_modules\jsdom\lib\jsdom\living\generated\EventTarget.js:241:34)
    at Object.invokeGuardedCallbackDev (C:\Users\Admin\graceful_books\node_modules\react-dom\cjs\react-dom.development.js:4213:16)
    at invokeGuardedCallback (C:\Users\Admin\graceful_books\node_modules\react-dom\cjs\react-dom.development.js:4277:31)
    at beginWork$1 (C:\Users\Admin\graceful_books\node_modules\react-dom\cjs\react-dom.development.js:27490:7)
    at performUnitOfWork (C:\Users\Admin\graceful_books\node_modules\react-dom\cjs\react-dom.development.js:26599:12) Error: useNavigate() may be used only in the context of a <Router> component.
    at Object.invariant [as UNSAFE_invariant] (C:\Users\Admin\graceful_books\node_modules\@remix-run\router\dist\router.cjs.js:315:11)
    at useNavigateUnstable (C:\Users\Admin\graceful_books\node_modules\react-router\dist\umd\react-router.development.js:223:36)
    at useNavigate (C:\Users\Admin\graceful_books\node_modules\react-router\dist\umd\react-router.development.js:220:48)
    at ProductsTab (C:/Users/Admin/graceful_books/src/pages/cpg/tabs/ProductsTab.tsx:33:20)
    at renderWithHooks (C:\Users\Admin\graceful_books\node_modules\react-dom\cjs\react-dom.development.js:15486:18)
    at mountIndeterminateComponent (C:\Users\Admin\graceful_books\node_modules\react-dom\cjs\react-dom.development.js:20103:13)
    at beginWork (C:\Users\Admin\graceful_books\node_modules\react-dom\cjs\react-dom.development.js:21626:16)
    at HTMLUnknownElement.callCallback (C:\Users\Admin\graceful_books\node_modules\react-dom\cjs\react-dom.development.js:4164:14)
    at HTMLUnknownElement.callTheUserObjectsOperation (C:\Users\Admin\graceful_books\node_modules\jsdom\lib\jsdom\living\generated\EventListener.js:26:30)
    at innerInvokeEventListeners (C:\Users\Admin\graceful_books\node_modules\jsdom\lib\jsdom\living\events\EventTarget-impl.js:350:25)
Error: Uncaught [Error: useNavigate() may be used only in the context of a <Router> component.]
    at reportException (C:\Users\Admin\graceful_books\node_modules\jsdom\lib\jsdom\living\helpers\runtime-script-errors.js:66:24)
    at innerInvokeEventListeners (C:\Users\Admin\graceful_books\node_modules\jsdom\lib\jsdom\living\events\EventTarget-impl.js:353:9)
    at invokeEventListeners (C:\Users\Admin\graceful_books\node_modules\jsdom\lib\jsdom\living\events\EventTarget-impl.js:286:3)
    at HTMLUnknownElementImpl._dispatch (C:\Users\Admin\graceful_books\node_modules\jsdom\lib\jsdom\living\events\EventTarget-impl.js:233:9)
    at HTMLUnknownElementImpl.dispatchEvent (C:\Users\Admin\graceful_books\node_modules\jsdom\lib\jsdom\living\events\EventTarget-impl.js:104:17)
    at HTMLUnknownElement.dispatchEvent (C:\Users\Admin\graceful_books\node_modules\jsdom\lib\jsdom\living\generated\EventTarget.js:241:34)
    at Object.invokeGuardedCallbackDev (C:\Users\Admin\graceful_books\node_modules\react-dom\cjs\react-dom.development.js:4213:16)
    at invokeGuardedCallback (C:\Users\Admin\graceful_books\node_modules\react-dom\cjs\react-dom.development.js:4277:31)
    at beginWork$1 (C:\Users\Admin\graceful_books\node_modules\react-dom\cjs\react-dom.development.js:27490:7)
    at performUnitOfWork (C:\Users\Admin\graceful_books\node_modules\react-dom\cjs\react-dom.development.js:26599:12) Error: useNavigate() may be used only in the context of a <Router> component.
    at Object.invariant [as UNSAFE_invariant] (C:\Users\Admin\graceful_books\node_modules\@remix-run\router\dist\router.cjs.js:315:11)
    at useNavigateUnstable (C:\Users\Admin\graceful_books\node_modules\react-router\dist\umd\react-router.development.js:223:36)
    at useNavigate (C:\Users\Admin\graceful_books\node_modules\react-router\dist\umd\react-router.development.js:220:48)
    at ProductsTab (C:/Users/Admin/graceful_books/src/pages/cpg/tabs/ProductsTab.tsx:33:20)
    at renderWithHooks (C:\Users\Admin\graceful_books\node_modules\react-dom\cjs\react-dom.development.js:15486:18)
    at mountIndeterminateComponent (C:\Users\Admin\graceful_books\node_modules\react-dom\cjs\react-dom.development.js:20103:13)
    at beginWork (C:\Users\Admin\graceful_books\node_modules\react-dom\cjs\react-dom.development.js:21626:16)
    at HTMLUnknownElement.callCallback (C:\Users\Admin\graceful_books\node_modules\react-dom\cjs\react-dom.development.js:4164:14)
    at HTMLUnknownElement.callTheUserObjectsOperation (C:\Users\Admin\graceful_books\node_modules\jsdom\lib\jsdom\living\generated\EventListener.js:26:30)
    at innerInvokeEventListeners (C:\Users\Admin\graceful_books\node_modules\jsdom\lib\jsdom\living\events\EventTarget-impl.js:350:25)
Error: Uncaught [Error: useNavigate() may be used only in the context of a <Router> component.]
    at reportException (C:\Users\Admin\graceful_books\node_modules\jsdom\lib\jsdom\living\helpers\runtime-script-errors.js:66:24)
    at innerInvokeEventListeners (C:\Users\Admin\graceful_books\node_modules\jsdom\lib\jsdom\living\events\EventTarget-impl.js:353:9)
    at invokeEventListeners (C:\Users\Admin\graceful_books\node_modules\jsdom\lib\jsdom\living\events\EventTarget-impl.js:286:3)
    at HTMLUnknownElementImpl._dispatch (C:\Users\Admin\graceful_books\node_modules\jsdom\lib\jsdom\living\events\EventTarget-impl.js:233:9)
    at HTMLUnknownElementImpl.dispatchEvent (C:\Users\Admin\graceful_books\node_modules\jsdom\lib\jsdom\living\events\EventTarget-impl.js:104:17)
    at HTMLUnknownElement.dispatchEvent (C:\Users\Admin\graceful_books\node_modules\jsdom\lib\jsdom\living\generated\EventTarget.js:241:34)
    at Object.invokeGuardedCallbackDev (C:\Users\Admin\graceful_books\node_modules\react-dom\cjs\react-dom.development.js:4213:16)
    at invokeGuardedCallback (C:\Users\Admin\graceful_books\node_modules\react-dom\cjs\react-dom.development.js:4277:31)
    at beginWork$1 (C:\Users\Admin\graceful_books\node_modules\react-dom\cjs\react-dom.development.js:27490:7)
    at performUnitOfWork (C:\Users\Admin\graceful_books\node_modules\react-dom\cjs\react-dom.development.js:26599:12) Error: useNavigate() may be used only in the context of a <Router> component.
    at Object.invariant [as UNSAFE_invariant] (C:\Users\Admin\graceful_books\node_modules\@remix-run\router\dist\router.cjs.js:315:11)
    at useNavigateUnstable (C:\Users\Admin\graceful_books\node_modules\react-router\dist\umd\react-router.development.js:223:36)
    at useNavigate (C:\Users\Admin\graceful_books\node_modules\react-router\dist\umd\react-router.development.js:220:48)
    at ProductsTab (C:/Users/Admin/graceful_books/src/pages/cpg/tabs/ProductsTab.tsx:33:20)
    at renderWithHooks (C:\Users\Admin\graceful_books\node_modules\react-dom\cjs\react-dom.development.js:15486:18)
    at mountIndeterminateComponent (C:\Users\Admin\graceful_books\node_modules\react-dom\cjs\react-dom.development.js:20103:13)
    at beginWork (C:\Users\Admin\graceful_books\node_modules\react-dom\cjs\react-dom.development.js:21626:16)
    at HTMLUnknownElement.callCallback (C:\Users\Admin\graceful_books\node_modules\react-dom\cjs\react-dom.development.js:4164:14)
    at HTMLUnknownElement.callTheUserObjectsOperation (C:\Users\Admin\graceful_books\node_modules\jsdom\lib\jsdom\living\generated\EventListener.js:26:30)
    at innerInvokeEventListeners (C:\Users\Admin\graceful_books\node_modules\jsdom\lib\jsdom\living\events\EventTarget-impl.js:350:25)
Error: Uncaught [Error: useNavigate() may be used only in the context of a <Router> component.]
    at reportException (C:\Users\Admin\graceful_books\node_modules\jsdom\lib\jsdom\living\helpers\runtime-script-errors.js:66:24)
    at innerInvokeEventListeners (C:\Users\Admin\graceful_books\node_modules\jsdom\lib\jsdom\living\events\EventTarget-impl.js:353:9)
    at invokeEventListeners (C:\Users\Admin\graceful_books\node_modules\jsdom\lib\jsdom\living\events\EventTarget-impl.js:286:3)
    at HTMLUnknownElementImpl._dispatch (C:\Users\Admin\graceful_books\node_modules\jsdom\lib\jsdom\living\events\EventTarget-impl.js:233:9)
    at HTMLUnknownElementImpl.dispatchEvent (C:\Users\Admin\graceful_books\node_modules\jsdom\lib\jsdom\living\events\EventTarget-impl.js:104:17)
    at HTMLUnknownElement.dispatchEvent (C:\Users\Admin\graceful_books\node_modules\jsdom\lib\jsdom\living\generated\EventTarget.js:241:34)
    at Object.invokeGuardedCallbackDev (C:\Users\Admin\graceful_books\node_modules\react-dom\cjs\react-dom.development.js:4213:16)
    at invokeGuardedCallback (C:\Users\Admin\graceful_books\node_modules\react-dom\cjs\react-dom.development.js:4277:31)
    at beginWork$1 (C:\Users\Admin\graceful_books\node_modules\react-dom\cjs\react-dom.development.js:27490:7)
    at performUnitOfWork (C:\Users\Admin\graceful_books\node_modules\react-dom\cjs\react-dom.development.js:26599:12) Error: useNavigate() may be used only in the context of a <Router> component.
    at Object.invariant [as UNSAFE_invariant] (C:\Users\Admin\graceful_books\node_modules\@remix-run\router\dist\router.cjs.js:315:11)
    at useNavigateUnstable (C:\Users\Admin\graceful_books\node_modules\react-router\dist\umd\react-router.development.js:223:36)
    at useNavigate (C:\Users\Admin\graceful_books\node_modules\react-router\dist\umd\react-router.development.js:220:48)
    at ProductsTab (C:/Users/Admin/graceful_books/src/pages/cpg/tabs/ProductsTab.tsx:33:20)
    at renderWithHooks (C:\Users\Admin\graceful_books\node_modules\react-dom\cjs\react-dom.development.js:15486:18)
    at mountIndeterminateComponent (C:\Users\Admin\graceful_books\node_modules\react-dom\cjs\react-dom.development.js:20103:13)
    at beginWork (C:\Users\Admin\graceful_books\node_modules\react-dom\cjs\react-dom.development.js:21626:16)
    at HTMLUnknownElement.callCallback (C:\Users\Admin\graceful_books\node_modules\react-dom\cjs\react-dom.development.js:4164:14)
    at HTMLUnknownElement.callTheUserObjectsOperation (C:\Users\Admin\graceful_books\node_modules\jsdom\lib\jsdom\living\generated\EventListener.js:26:30)
    at innerInvokeEventListeners (C:\Users\Admin\graceful_books\node_modules\jsdom\lib\jsdom\living\events\EventTarget-impl.js:350:25)
Error: Uncaught [Error: useNavigate() may be used only in the context of a <Router> component.]
    at reportException (C:\Users\Admin\graceful_books\node_modules\jsdom\lib\jsdom\living\helpers\runtime-script-errors.js:66:24)
    at innerInvokeEventListeners (C:\Users\Admin\graceful_books\node_modules\jsdom\lib\jsdom\living\events\EventTarget-impl.js:353:9)
    at invokeEventListeners (C:\Users\Admin\graceful_books\node_modules\jsdom\lib\jsdom\living\events\EventTarget-impl.js:286:3)
    at HTMLUnknownElementImpl._dispatch (C:\Users\Admin\graceful_books\node_modules\jsdom\lib\jsdom\living\events\EventTarget-impl.js:233:9)
    at HTMLUnknownElementImpl.dispatchEvent (C:\Users\Admin\graceful_books\node_modules\jsdom\lib\jsdom\living\events\EventTarget-impl.js:104:17)
    at HTMLUnknownElement.dispatchEvent (C:\Users\Admin\graceful_books\node_modules\jsdom\lib\jsdom\living\generated\EventTarget.js:241:34)
    at Object.invokeGuardedCallbackDev (C:\Users\Admin\graceful_books\node_modules\react-dom\cjs\react-dom.development.js:4213:16)
    at invokeGuardedCallback (C:\Users\Admin\graceful_books\node_modules\react-dom\cjs\react-dom.development.js:4277:31)
    at beginWork$1 (C:\Users\Admin\graceful_books\node_modules\react-dom\cjs\react-dom.development.js:27490:7)
    at performUnitOfWork (C:\Users\Admin\graceful_books\node_modules\react-dom\cjs\react-dom.development.js:26599:12) Error: useNavigate() may be used only in the context of a <Router> component.
    at Object.invariant [as UNSAFE_invariant] (C:\Users\Admin\graceful_books\node_modules\@remix-run\router\dist\router.cjs.js:315:11)
    at useNavigateUnstable (C:\Users\Admin\graceful_books\node_modules\react-router\dist\umd\react-router.development.js:223:36)
    at useNavigate (C:\Users\Admin\graceful_books\node_modules\react-router\dist\umd\react-router.development.js:220:48)
    at ProductsTab (C:/Users/Admin/graceful_books/src/pages/cpg/tabs/ProductsTab.tsx:33:20)
    at renderWithHooks (C:\Users\Admin\graceful_books\node_modules\react-dom\cjs\react-dom.development.js:15486:18)
    at mountIndeterminateComponent (C:\Users\Admin\graceful_books\node_modules\react-dom\cjs\react-dom.development.js:20103:13)
    at beginWork (C:\Users\Admin\graceful_books\node_modules\react-dom\cjs\react-dom.development.js:21626:16)
    at HTMLUnknownElement.callCallback (C:\Users\Admin\graceful_books\node_modules\react-dom\cjs\react-dom.development.js:4164:14)
    at HTMLUnknownElement.callTheUserObjectsOperation (C:\Users\Admin\graceful_books\node_modules\jsdom\lib\jsdom\living\generated\EventListener.js:26:30)
    at innerInvokeEventListeners (C:\Users\Admin\graceful_books\node_modules\jsdom\lib\jsdom\living\events\EventTarget-impl.js:350:25)
Error: Uncaught [Error: useNavigate() may be used only in the context of a <Router> component.]
    at reportException (C:\Users\Admin\graceful_books\node_modules\jsdom\lib\jsdom\living\helpers\runtime-script-errors.js:66:24)
    at innerInvokeEventListeners (C:\Users\Admin\graceful_books\node_modules\jsdom\lib\jsdom\living\events\EventTarget-impl.js:353:9)
    at invokeEventListeners (C:\Users\Admin\graceful_books\node_modules\jsdom\lib\jsdom\living\events\EventTarget-impl.js:286:3)
    at HTMLUnknownElementImpl._dispatch (C:\Users\Admin\graceful_books\node_modules\jsdom\lib\jsdom\living\events\EventTarget-impl.js:233:9)
    at HTMLUnknownElementImpl.dispatchEvent (C:\Users\Admin\graceful_books\node_modules\jsdom\lib\jsdom\living\events\EventTarget-impl.js:104:17)
    at HTMLUnknownElement.dispatchEvent (C:\Users\Admin\graceful_books\node_modules\jsdom\lib\jsdom\living\generated\EventTarget.js:241:34)
    at Object.invokeGuardedCallbackDev (C:\Users\Admin\graceful_books\node_modules\react-dom\cjs\react-dom.development.js:4213:16)
    at invokeGuardedCallback (C:\Users\Admin\graceful_books\node_modules\react-dom\cjs\react-dom.development.js:4277:31)
    at beginWork$1 (C:\Users\Admin\graceful_books\node_modules\react-dom\cjs\react-dom.development.js:27490:7)
    at performUnitOfWork (C:\Users\Admin\graceful_books\node_modules\react-dom\cjs\react-dom.development.js:26599:12) Error: useNavigate() may be used only in the context of a <Router> component.
    at Object.invariant [as UNSAFE_invariant] (C:\Users\Admin\graceful_books\node_modules\@remix-run\router\dist\router.cjs.js:315:11)
    at useNavigateUnstable (C:\Users\Admin\graceful_books\node_modules\react-router\dist\umd\react-router.development.js:223:36)
    at useNavigate (C:\Users\Admin\graceful_books\node_modules\react-router\dist\umd\react-router.development.js:220:48)
    at ProductsTab (C:/Users/Admin/graceful_books/src/pages/cpg/tabs/ProductsTab.tsx:33:20)
    at renderWithHooks (C:\Users\Admin\graceful_books\node_modules\react-dom\cjs\react-dom.development.js:15486:18)
    at mountIndeterminateComponent (C:\Users\Admin\graceful_books\node_modules\react-dom\cjs\react-dom.development.js:20103:13)
    at beginWork (C:\Users\Admin\graceful_books\node_modules\react-dom\cjs\react-dom.development.js:21626:16)
    at HTMLUnknownElement.callCallback (C:\Users\Admin\graceful_books\node_modules\react-dom\cjs\react-dom.development.js:4164:14)
    at HTMLUnknownElement.callTheUserObjectsOperation (C:\Users\Admin\graceful_books\node_modules\jsdom\lib\jsdom\living\generated\EventListener.js:26:30)
    at innerInvokeEventListeners (C:\Users\Admin\graceful_books\node_modules\jsdom\lib\jsdom\living\events\EventTarget-impl.js:350:25)
Error: Uncaught [Error: useNavigate() may be used only in the context of a <Router> component.]
    at reportException (C:\Users\Admin\graceful_books\node_modules\jsdom\lib\jsdom\living\helpers\runtime-script-errors.js:66:24)
    at innerInvokeEventListeners (C:\Users\Admin\graceful_books\node_modules\jsdom\lib\jsdom\living\events\EventTarget-impl.js:353:9)
    at invokeEventListeners (C:\Users\Admin\graceful_books\node_modules\jsdom\lib\jsdom\living\events\EventTarget-impl.js:286:3)
    at HTMLUnknownElementImpl._dispatch (C:\Users\Admin\graceful_books\node_modules\jsdom\lib\jsdom\living\events\EventTarget-impl.js:233:9)
    at HTMLUnknownElementImpl.dispatchEvent (C:\Users\Admin\graceful_books\node_modules\jsdom\lib\jsdom\living\events\EventTarget-impl.js:104:17)
    at HTMLUnknownElement.dispatchEvent (C:\Users\Admin\graceful_books\node_modules\jsdom\lib\jsdom\living\generated\EventTarget.js:241:34)
    at Object.invokeGuardedCallbackDev (C:\Users\Admin\graceful_books\node_modules\react-dom\cjs\react-dom.development.js:4213:16)
    at invokeGuardedCallback (C:\Users\Admin\graceful_books\node_modules\react-dom\cjs\react-dom.development.js:4277:31)
    at beginWork$1 (C:\Users\Admin\graceful_books\node_modules\react-dom\cjs\react-dom.development.js:27490:7)
    at performUnitOfWork (C:\Users\Admin\graceful_books\node_modules\react-dom\cjs\react-dom.development.js:26599:12) Error: useNavigate() may be used only in the context of a <Router> component.
    at Object.invariant [as UNSAFE_invariant] (C:\Users\Admin\graceful_books\node_modules\@remix-run\router\dist\router.cjs.js:315:11)
    at useNavigateUnstable (C:\Users\Admin\graceful_books\node_modules\react-router\dist\umd\react-router.development.js:223:36)
    at useNavigate (C:\Users\Admin\graceful_books\node_modules\react-router\dist\umd\react-router.development.js:220:48)
    at ProductsTab (C:/Users/Admin/graceful_books/src/pages/cpg/tabs/ProductsTab.tsx:33:20)
    at renderWithHooks (C:\Users\Admin\graceful_books\node_modules\react-dom\cjs\react-dom.development.js:15486:18)
    at mountIndeterminateComponent (C:\Users\Admin\graceful_books\node_modules\react-dom\cjs\react-dom.development.js:20103:13)
    at beginWork (C:\Users\Admin\graceful_books\node_modules\react-dom\cjs\react-dom.development.js:21626:16)
    at HTMLUnknownElement.callCallback (C:\Users\Admin\graceful_books\node_modules\react-dom\cjs\react-dom.development.js:4164:14)
    at HTMLUnknownElement.callTheUserObjectsOperation (C:\Users\Admin\graceful_books\node_modules\jsdom\lib\jsdom\living\generated\EventListener.js:26:30)
    at innerInvokeEventListeners (C:\Users\Admin\graceful_books\node_modules\jsdom\lib\jsdom\living\events\EventTarget-impl.js:350:25)
Error: Uncaught [Error: useNavigate() may be used only in the context of a <Router> component.]
    at reportException (C:\Users\Admin\graceful_books\node_modules\jsdom\lib\jsdom\living\helpers\runtime-script-errors.js:66:24)
    at innerInvokeEventListeners (C:\Users\Admin\graceful_books\node_modules\jsdom\lib\jsdom\living\events\EventTarget-impl.js:353:9)
    at invokeEventListeners (C:\Users\Admin\graceful_books\node_modules\jsdom\lib\jsdom\living\events\EventTarget-impl.js:286:3)
    at HTMLUnknownElementImpl._dispatch (C:\Users\Admin\graceful_books\node_modules\jsdom\lib\jsdom\living\events\EventTarget-impl.js:233:9)
    at HTMLUnknownElementImpl.dispatchEvent (C:\Users\Admin\graceful_books\node_modules\jsdom\lib\jsdom\living\events\EventTarget-impl.js:104:17)
    at HTMLUnknownElement.dispatchEvent (C:\Users\Admin\graceful_books\node_modules\jsdom\lib\jsdom\living\generated\EventTarget.js:241:34)
    at Object.invokeGuardedCallbackDev (C:\Users\Admin\graceful_books\node_modules\react-dom\cjs\react-dom.development.js:4213:16)
    at invokeGuardedCallback (C:\Users\Admin\graceful_books\node_modules\react-dom\cjs\react-dom.development.js:4277:31)
    at beginWork$1 (C:\Users\Admin\graceful_books\node_modules\react-dom\cjs\react-dom.development.js:27490:7)
    at performUnitOfWork (C:\Users\Admin\graceful_books\node_modules\react-dom\cjs\react-dom.development.js:26599:12) Error: useNavigate() may be used only in the context of a <Router> component.
    at Object.invariant [as UNSAFE_invariant] (C:\Users\Admin\graceful_books\node_modules\@remix-run\router\dist\router.cjs.js:315:11)
    at useNavigateUnstable (C:\Users\Admin\graceful_books\node_modules\react-router\dist\umd\react-router.development.js:223:36)
    at useNavigate (C:\Users\Admin\graceful_books\node_modules\react-router\dist\umd\react-router.development.js:220:48)
    at ProductsTab (C:/Users/Admin/graceful_books/src/pages/cpg/tabs/ProductsTab.tsx:33:20)
    at renderWithHooks (C:\Users\Admin\graceful_books\node_modules\react-dom\cjs\react-dom.development.js:15486:18)
    at mountIndeterminateComponent (C:\Users\Admin\graceful_books\node_modules\react-dom\cjs\react-dom.development.js:20103:13)
    at beginWork (C:\Users\Admin\graceful_books\node_modules\react-dom\cjs\react-dom.development.js:21626:16)
    at HTMLUnknownElement.callCallback (C:\Users\Admin\graceful_books\node_modules\react-dom\cjs\react-dom.development.js:4164:14)
    at HTMLUnknownElement.callTheUserObjectsOperation (C:\Users\Admin\graceful_books\node_modules\jsdom\lib\jsdom\living\generated\EventListener.js:26:30)
    at innerInvokeEventListeners (C:\Users\Admin\graceful_books\node_modules\jsdom\lib\jsdom\living\events\EventTarget-impl.js:350:25)
Error: Uncaught [Error: useNavigate() may be used only in the context of a <Router> component.]
    at reportException (C:\Users\Admin\graceful_books\node_modules\jsdom\lib\jsdom\living\helpers\runtime-script-errors.js:66:24)
    at innerInvokeEventListeners (C:\Users\Admin\graceful_books\node_modules\jsdom\lib\jsdom\living\events\EventTarget-impl.js:353:9)
    at invokeEventListeners (C:\Users\Admin\graceful_books\node_modules\jsdom\lib\jsdom\living\events\EventTarget-impl.js:286:3)
    at HTMLUnknownElementImpl._dispatch (C:\Users\Admin\graceful_books\node_modules\jsdom\lib\jsdom\living\events\EventTarget-impl.js:233:9)
    at HTMLUnknownElementImpl.dispatchEvent (C:\Users\Admin\graceful_books\node_modules\jsdom\lib\jsdom\living\events\EventTarget-impl.js:104:17)
    at HTMLUnknownElement.dispatchEvent (C:\Users\Admin\graceful_books\node_modules\jsdom\lib\jsdom\living\generated\EventTarget.js:241:34)
    at Object.invokeGuardedCallbackDev (C:\Users\Admin\graceful_books\node_modules\react-dom\cjs\react-dom.development.js:4213:16)
    at invokeGuardedCallback (C:\Users\Admin\graceful_books\node_modules\react-dom\cjs\react-dom.development.js:4277:31)
    at beginWork$1 (C:\Users\Admin\graceful_books\node_modules\react-dom\cjs\react-dom.development.js:27490:7)
    at performUnitOfWork (C:\Users\Admin\graceful_books\node_modules\react-dom\cjs\react-dom.development.js:26599:12) Error: useNavigate() may be used only in the context of a <Router> component.
    at Object.invariant [as UNSAFE_invariant] (C:\Users\Admin\graceful_books\node_modules\@remix-run\router\dist\router.cjs.js:315:11)
    at useNavigateUnstable (C:\Users\Admin\graceful_books\node_modules\react-router\dist\umd\react-router.development.js:223:36)
    at useNavigate (C:\Users\Admin\graceful_books\node_modules\react-router\dist\umd\react-router.development.js:220:48)
    at ProductsTab (C:/Users/Admin/graceful_books/src/pages/cpg/tabs/ProductsTab.tsx:33:20)
    at renderWithHooks (C:\Users\Admin\graceful_books\node_modules\react-dom\cjs\react-dom.development.js:15486:18)
    at mountIndeterminateComponent (C:\Users\Admin\graceful_books\node_modules\react-dom\cjs\react-dom.development.js:20103:13)
    at beginWork (C:\Users\Admin\graceful_books\node_modules\react-dom\cjs\react-dom.development.js:21626:16)
    at HTMLUnknownElement.callCallback (C:\Users\Admin\graceful_books\node_modules\react-dom\cjs\react-dom.development.js:4164:14)
    at HTMLUnknownElement.callTheUserObjectsOperation (C:\Users\Admin\graceful_books\node_modules\jsdom\lib\jsdom\living\generated\EventListener.js:26:30)
    at innerInvokeEventListeners (C:\Users\Admin\graceful_books\node_modules\jsdom\lib\jsdom\living\events\EventTarget-impl.js:350:25)
Error: Uncaught [Error: useNavigate() may be used only in the context of a <Router> component.]
    at reportException (C:\Users\Admin\graceful_books\node_modules\jsdom\lib\jsdom\living\helpers\runtime-script-errors.js:66:24)
    at innerInvokeEventListeners (C:\Users\Admin\graceful_books\node_modules\jsdom\lib\jsdom\living\events\EventTarget-impl.js:353:9)
    at invokeEventListeners (C:\Users\Admin\graceful_books\node_modules\jsdom\lib\jsdom\living\events\EventTarget-impl.js:286:3)
    at HTMLUnknownElementImpl._dispatch (C:\Users\Admin\graceful_books\node_modules\jsdom\lib\jsdom\living\events\EventTarget-impl.js:233:9)
    at HTMLUnknownElementImpl.dispatchEvent (C:\Users\Admin\graceful_books\node_modules\jsdom\lib\jsdom\living\events\EventTarget-impl.js:104:17)
    at HTMLUnknownElement.dispatchEvent (C:\Users\Admin\graceful_books\node_modules\jsdom\lib\jsdom\living\generated\EventTarget.js:241:34)
    at Object.invokeGuardedCallbackDev (C:\Users\Admin\graceful_books\node_modules\react-dom\cjs\react-dom.development.js:4213:16)
    at invokeGuardedCallback (C:\Users\Admin\graceful_books\node_modules\react-dom\cjs\react-dom.development.js:4277:31)
    at beginWork$1 (C:\Users\Admin\graceful_books\node_modules\react-dom\cjs\react-dom.development.js:27490:7)
    at performUnitOfWork (C:\Users\Admin\graceful_books\node_modules\react-dom\cjs\react-dom.development.js:26599:12) Error: useNavigate() may be used only in the context of a <Router> component.
    at Object.invariant [as UNSAFE_invariant] (C:\Users\Admin\graceful_books\node_modules\@remix-run\router\dist\router.cjs.js:315:11)
    at useNavigateUnstable (C:\Users\Admin\graceful_books\node_modules\react-router\dist\umd\react-router.development.js:223:36)
    at useNavigate (C:\Users\Admin\graceful_books\node_modules\react-router\dist\umd\react-router.development.js:220:48)
    at ProductsTab (C:/Users/Admin/graceful_books/src/pages/cpg/tabs/ProductsTab.tsx:33:20)
    at renderWithHooks (C:\Users\Admin\graceful_books\node_modules\react-dom\cjs\react-dom.development.js:15486:18)
    at mountIndeterminateComponent (C:\Users\Admin\graceful_books\node_modules\react-dom\cjs\react-dom.development.js:20103:13)
    at beginWork (C:\Users\Admin\graceful_books\node_modules\react-dom\cjs\react-dom.development.js:21626:16)
    at HTMLUnknownElement.callCallback (C:\Users\Admin\graceful_books\node_modules\react-dom\cjs\react-dom.development.js:4164:14)
    at HTMLUnknownElement.callTheUserObjectsOperation (C:\Users\Admin\graceful_books\node_modules\jsdom\lib\jsdom\living\generated\EventListener.js:26:30)
    at innerInvokeEventListeners (C:\Users\Admin\graceful_books\node_modules\jsdom\lib\jsdom\living\events\EventTarget-impl.js:350:25)
Error: Uncaught [Error: useNavigate() may be used only in the context of a <Router> component.]
    at reportException (C:\Users\Admin\graceful_books\node_modules\jsdom\lib\jsdom\living\helpers\runtime-script-errors.js:66:24)
    at innerInvokeEventListeners (C:\Users\Admin\graceful_books\node_modules\jsdom\lib\jsdom\living\events\EventTarget-impl.js:353:9)
    at invokeEventListeners (C:\Users\Admin\graceful_books\node_modules\jsdom\lib\jsdom\living\events\EventTarget-impl.js:286:3)
    at HTMLUnknownElementImpl._dispatch (C:\Users\Admin\graceful_books\node_modules\jsdom\lib\jsdom\living\events\EventTarget-impl.js:233:9)
    at HTMLUnknownElementImpl.dispatchEvent (C:\Users\Admin\graceful_books\node_modules\jsdom\lib\jsdom\living\events\EventTarget-impl.js:104:17)
    at HTMLUnknownElement.dispatchEvent (C:\Users\Admin\graceful_books\node_modules\jsdom\lib\jsdom\living\generated\EventTarget.js:241:34)
    at Object.invokeGuardedCallbackDev (C:\Users\Admin\graceful_books\node_modules\react-dom\cjs\react-dom.development.js:4213:16)
    at invokeGuardedCallback (C:\Users\Admin\graceful_books\node_modules\react-dom\cjs\react-dom.development.js:4277:31)
    at beginWork$1 (C:\Users\Admin\graceful_books\node_modules\react-dom\cjs\react-dom.development.js:27490:7)
    at performUnitOfWork (C:\Users\Admin\graceful_books\node_modules\react-dom\cjs\react-dom.development.js:26599:12) Error: useNavigate() may be used only in the context of a <Router> component.
    at Object.invariant [as UNSAFE_invariant] (C:\Users\Admin\graceful_books\node_modules\@remix-run\router\dist\router.cjs.js:315:11)
    at useNavigateUnstable (C:\Users\Admin\graceful_books\node_modules\react-router\dist\umd\react-router.development.js:223:36)
    at useNavigate (C:\Users\Admin\graceful_books\node_modules\react-router\dist\umd\react-router.development.js:220:48)
    at ProductsTab (C:/Users/Admin/graceful_books/src/pages/cpg/tabs/ProductsTab.tsx:33:20)
    at renderWithHooks (C:\Users\Admin\graceful_books\node_modules\react-dom\cjs\react-dom.development.js:15486:18)
    at mountIndeterminateComponent (C:\Users\Admin\graceful_books\node_modules\react-dom\cjs\react-dom.development.js:20103:13)
    at beginWork (C:\Users\Admin\graceful_books\node_modules\react-dom\cjs\react-dom.development.js:21626:16)
    at HTMLUnknownElement.callCallback (C:\Users\Admin\graceful_books\node_modules\react-dom\cjs\react-dom.development.js:4164:14)
    at HTMLUnknownElement.callTheUserObjectsOperation (C:\Users\Admin\graceful_books\node_modules\jsdom\lib\jsdom\living\generated\EventListener.js:26:30)
    at innerInvokeEventListeners (C:\Users\Admin\graceful_books\node_modules\jsdom\lib\jsdom\living\events\EventTarget-impl.js:350:25)
Error: Uncaught [Error: useNavigate() may be used only in the context of a <Router> component.]
    at reportException (C:\Users\Admin\graceful_books\node_modules\jsdom\lib\jsdom\living\helpers\runtime-script-errors.js:66:24)
    at innerInvokeEventListeners (C:\Users\Admin\graceful_books\node_modules\jsdom\lib\jsdom\living\events\EventTarget-impl.js:353:9)
    at invokeEventListeners (C:\Users\Admin\graceful_books\node_modules\jsdom\lib\jsdom\living\events\EventTarget-impl.js:286:3)
    at HTMLUnknownElementImpl._dispatch (C:\Users\Admin\graceful_books\node_modules\jsdom\lib\jsdom\living\events\EventTarget-impl.js:233:9)
    at HTMLUnknownElementImpl.dispatchEvent (C:\Users\Admin\graceful_books\node_modules\jsdom\lib\jsdom\living\events\EventTarget-impl.js:104:17)
    at HTMLUnknownElement.dispatchEvent (C:\Users\Admin\graceful_books\node_modules\jsdom\lib\jsdom\living\generated\EventTarget.js:241:34)
    at Object.invokeGuardedCallbackDev (C:\Users\Admin\graceful_books\node_modules\react-dom\cjs\react-dom.development.js:4213:16)
    at invokeGuardedCallback (C:\Users\Admin\graceful_books\node_modules\react-dom\cjs\react-dom.development.js:4277:31)
    at beginWork$1 (C:\Users\Admin\graceful_books\node_modules\react-dom\cjs\react-dom.development.js:27490:7)
    at performUnitOfWork (C:\Users\Admin\graceful_books\node_modules\react-dom\cjs\react-dom.development.js:26599:12) Error: useNavigate() may be used only in the context of a <Router> component.
    at Object.invariant [as UNSAFE_invariant] (C:\Users\Admin\graceful_books\node_modules\@remix-run\router\dist\router.cjs.js:315:11)
    at useNavigateUnstable (C:\Users\Admin\graceful_books\node_modules\react-router\dist\umd\react-router.development.js:223:36)
    at useNavigate (C:\Users\Admin\graceful_books\node_modules\react-router\dist\umd\react-router.development.js:220:48)
    at ProductsTab (C:/Users/Admin/graceful_books/src/pages/cpg/tabs/ProductsTab.tsx:33:20)
    at renderWithHooks (C:\Users\Admin\graceful_books\node_modules\react-dom\cjs\react-dom.development.js:15486:18)
    at mountIndeterminateComponent (C:\Users\Admin\graceful_books\node_modules\react-dom\cjs\react-dom.development.js:20103:13)
    at beginWork (C:\Users\Admin\graceful_books\node_modules\react-dom\cjs\react-dom.development.js:21626:16)
    at HTMLUnknownElement.callCallback (C:\Users\Admin\graceful_books\node_modules\react-dom\cjs\react-dom.development.js:4164:14)
    at HTMLUnknownElement.callTheUserObjectsOperation (C:\Users\Admin\graceful_books\node_modules\jsdom\lib\jsdom\living\generated\EventListener.js:26:30)
    at innerInvokeEventListeners (C:\Users\Admin\graceful_books\node_modules\jsdom\lib\jsdom\living\events\EventTarget-impl.js:350:25)
Error: Uncaught [Error: useNavigate() may be used only in the context of a <Router> component.]
    at reportException (C:\Users\Admin\graceful_books\node_modules\jsdom\lib\jsdom\living\helpers\runtime-script-errors.js:66:24)
    at innerInvokeEventListeners (C:\Users\Admin\graceful_books\node_modules\jsdom\lib\jsdom\living\events\EventTarget-impl.js:353:9)
    at invokeEventListeners (C:\Users\Admin\graceful_books\node_modules\jsdom\lib\jsdom\living\events\EventTarget-impl.js:286:3)
    at HTMLUnknownElementImpl._dispatch (C:\Users\Admin\graceful_books\node_modules\jsdom\lib\jsdom\living\events\EventTarget-impl.js:233:9)
    at HTMLUnknownElementImpl.dispatchEvent (C:\Users\Admin\graceful_books\node_modules\jsdom\lib\jsdom\living\events\EventTarget-impl.js:104:17)
    at HTMLUnknownElement.dispatchEvent (C:\Users\Admin\graceful_books\node_modules\jsdom\lib\jsdom\living\generated\EventTarget.js:241:34)
    at Object.invokeGuardedCallbackDev (C:\Users\Admin\graceful_books\node_modules\react-dom\cjs\react-dom.development.js:4213:16)
    at invokeGuardedCallback (C:\Users\Admin\graceful_books\node_modules\react-dom\cjs\react-dom.development.js:4277:31)
    at beginWork$1 (C:\Users\Admin\graceful_books\node_modules\react-dom\cjs\react-dom.development.js:27490:7)
    at performUnitOfWork (C:\Users\Admin\graceful_books\node_modules\react-dom\cjs\react-dom.development.js:26599:12) Error: useNavigate() may be used only in the context of a <Router> component.
    at Object.invariant [as UNSAFE_invariant] (C:\Users\Admin\graceful_books\node_modules\@remix-run\router\dist\router.cjs.js:315:11)
    at useNavigateUnstable (C:\Users\Admin\graceful_books\node_modules\react-router\dist\umd\react-router.development.js:223:36)
    at useNavigate (C:\Users\Admin\graceful_books\node_modules\react-router\dist\umd\react-router.development.js:220:48)
    at ProductsTab (C:/Users/Admin/graceful_books/src/pages/cpg/tabs/ProductsTab.tsx:33:20)
    at renderWithHooks (C:\Users\Admin\graceful_books\node_modules\react-dom\cjs\react-dom.development.js:15486:18)
    at mountIndeterminateComponent (C:\Users\Admin\graceful_books\node_modules\react-dom\cjs\react-dom.development.js:20103:13)
    at beginWork (C:\Users\Admin\graceful_books\node_modules\react-dom\cjs\react-dom.development.js:21626:16)
    at HTMLUnknownElement.callCallback (C:\Users\Admin\graceful_books\node_modules\react-dom\cjs\react-dom.development.js:4164:14)
    at HTMLUnknownElement.callTheUserObjectsOperation (C:\Users\Admin\graceful_books\node_modules\jsdom\lib\jsdom\living\generated\EventListener.js:26:30)
    at innerInvokeEventListeners (C:\Users\Admin\graceful_books\node_modules\jsdom\lib\jsdom\living\events\EventTarget-impl.js:350:25)
Error: Uncaught [Error: useNavigate() may be used only in the context of a <Router> component.]
    at reportException (C:\Users\Admin\graceful_books\node_modules\jsdom\lib\jsdom\living\helpers\runtime-script-errors.js:66:24)
    at innerInvokeEventListeners (C:\Users\Admin\graceful_books\node_modules\jsdom\lib\jsdom\living\events\EventTarget-impl.js:353:9)
    at invokeEventListeners (C:\Users\Admin\graceful_books\node_modules\jsdom\lib\jsdom\living\events\EventTarget-impl.js:286:3)
    at HTMLUnknownElementImpl._dispatch (C:\Users\Admin\graceful_books\node_modules\jsdom\lib\jsdom\living\events\EventTarget-impl.js:233:9)
    at HTMLUnknownElementImpl.dispatchEvent (C:\Users\Admin\graceful_books\node_modules\jsdom\lib\jsdom\living\events\EventTarget-impl.js:104:17)
    at HTMLUnknownElement.dispatchEvent (C:\Users\Admin\graceful_books\node_modules\jsdom\lib\jsdom\living\generated\EventTarget.js:241:34)
    at Object.invokeGuardedCallbackDev (C:\Users\Admin\graceful_books\node_modules\react-dom\cjs\react-dom.development.js:4213:16)
    at invokeGuardedCallback (C:\Users\Admin\graceful_books\node_modules\react-dom\cjs\react-dom.development.js:4277:31)
    at beginWork$1 (C:\Users\Admin\graceful_books\node_modules\react-dom\cjs\react-dom.development.js:27490:7)
    at performUnitOfWork (C:\Users\Admin\graceful_books\node_modules\react-dom\cjs\react-dom.development.js:26599:12) Error: useNavigate() may be used only in the context of a <Router> component.
    at Object.invariant [as UNSAFE_invariant] (C:\Users\Admin\graceful_books\node_modules\@remix-run\router\dist\router.cjs.js:315:11)
    at useNavigateUnstable (C:\Users\Admin\graceful_books\node_modules\react-router\dist\umd\react-router.development.js:223:36)
    at useNavigate (C:\Users\Admin\graceful_books\node_modules\react-router\dist\umd\react-router.development.js:220:48)
    at ProductsTab (C:/Users/Admin/graceful_books/src/pages/cpg/tabs/ProductsTab.tsx:33:20)
    at renderWithHooks (C:\Users\Admin\graceful_books\node_modules\react-dom\cjs\react-dom.development.js:15486:18)
    at mountIndeterminateComponent (C:\Users\Admin\graceful_books\node_modules\react-dom\cjs\react-dom.development.js:20103:13)
    at beginWork (C:\Users\Admin\graceful_books\node_modules\react-dom\cjs\react-dom.development.js:21626:16)
    at HTMLUnknownElement.callCallback (C:\Users\Admin\graceful_books\node_modules\react-dom\cjs\react-dom.development.js:4164:14)
    at HTMLUnknownElement.callTheUserObjectsOperation (C:\Users\Admin\graceful_books\node_modules\jsdom\lib\jsdom\living\generated\EventListener.js:26:30)
    at innerInvokeEventListeners (C:\Users\Admin\graceful_books\node_modules\jsdom\lib\jsdom\living\events\EventTarget-impl.js:350:25)
stderr | src/pages/cpg/tabs/ProductsTab.test.tsx > ProductsTab > Rendering > renders with empty products list
The above error occurred in the <ProductsTab> component:

    at ProductsTab (C:/Users/Admin/graceful_books/src/pages/cpg/tabs/ProductsTab.tsx:8:3)

Consider adding an error boundary to your tree to customize error handling behavior.
Visit https://reactjs.org/link/error-boundaries to learn more about error boundaries.

stderr | src/pages/cpg/tabs/ProductsTab.test.tsx > ProductsTab > Rendering > renders with products
The above error occurred in the <ProductsTab> component:

    at ProductsTab (C:/Users/Admin/graceful_books/src/pages/cpg/tabs/ProductsTab.tsx:8:3)

Consider adding an error boundary to your tree to customize error handling behavior.
Visit https://reactjs.org/link/error-boundaries to learn more about error boundaries.

stderr | src/pages/cpg/tabs/ProductsTab.test.tsx > ProductsTab > Rendering > passes loading state to CPUDisplay
The above error occurred in the <ProductsTab> component:

    at ProductsTab (C:/Users/Admin/graceful_books/src/pages/cpg/tabs/ProductsTab.tsx:8:3)

Consider adding an error boundary to your tree to customize error handling behavior.
Visit https://reactjs.org/link/error-boundaries to learn more about error boundaries.

stderr | src/pages/cpg/tabs/ProductsTab.test.tsx > ProductsTab > Product Selection > shows "All Products" when no selection
The above error occurred in the <ProductsTab> component:

    at ProductsTab (C:/Users/Admin/graceful_books/src/pages/cpg/tabs/ProductsTab.tsx:8:3)

Consider adding an error boundary to your tree to customize error handling behavior.
Visit https://reactjs.org/link/error-boundaries to learn more about error boundaries.

stderr | src/pages/cpg/tabs/ProductsTab.test.tsx > ProductsTab > Product Selection > opens dropdown when selector clicked
The above error occurred in the <ProductsTab> component:

    at ProductsTab (C:/Users/Admin/graceful_books/src/pages/cpg/tabs/ProductsTab.tsx:8:3)

Consider adding an error boundary to your tree to customize error handling behavior.
Visit https://reactjs.org/link/error-boundaries to learn more about error boundaries.

stderr | src/pages/cpg/tabs/ProductsTab.test.tsx > ProductsTab > Product Selection > displays all products in dropdown
The above error occurred in the <ProductsTab> component:

    at ProductsTab (C:/Users/Admin/graceful_books/src/pages/cpg/tabs/ProductsTab.tsx:8:3)

Consider adding an error boundary to your tree to customize error handling behavior.
Visit https://reactjs.org/link/error-boundaries to learn more about error boundaries.

stderr | src/pages/cpg/tabs/ProductsTab.test.tsx > ProductsTab > Product Selection > selects individual product
The above error occurred in the <ProductsTab> component:

    at ProductsTab (C:/Users/Admin/graceful_books/src/pages/cpg/tabs/ProductsTab.tsx:8:3)

Consider adding an error boundary to your tree to customize error handling behavior.
Visit https://reactjs.org/link/error-boundaries to learn more about error boundaries.

Error: Uncaught [Error: useNavigate() may be used only in the context of a <Router> component.]
    at reportException (C:\Users\Admin\graceful_books\node_modules\jsdom\lib\jsdom\living\helpers\runtime-script-errors.js:66:24)
    at innerInvokeEventListeners (C:\Users\Admin\graceful_books\node_modules\jsdom\lib\jsdom\living\events\EventTarget-impl.js:353:9)
    at invokeEventListeners (C:\Users\Admin\graceful_books\node_modules\jsdom\lib\jsdom\living\events\EventTarget-impl.js:286:3)
    at HTMLUnknownElementImpl._dispatch (C:\Users\Admin\graceful_books\node_modules\jsdom\lib\jsdom\living\events\EventTarget-impl.js:233:9)
    at HTMLUnknownElementImpl.dispatchEvent (C:\Users\Admin\graceful_books\node_modules\jsdom\lib\jsdom\living\events\EventTarget-impl.js:104:17)
    at HTMLUnknownElement.dispatchEvent (C:\Users\Admin\graceful_books\node_modules\jsdom\lib\jsdom\living\generated\EventTarget.js:241:34)
    at Object.invokeGuardedCallbackDev (C:\Users\Admin\graceful_books\node_modules\react-dom\cjs\react-dom.development.js:4213:16)
    at invokeGuardedCallback (C:\Users\Admin\graceful_books\node_modules\react-dom\cjs\react-dom.development.js:4277:31)
    at beginWork$1 (C:\Users\Admin\graceful_books\node_modules\react-dom\cjs\react-dom.development.js:27490:7)
    at performUnitOfWork (C:\Users\Admin\graceful_books\node_modules\react-dom\cjs\react-dom.development.js:26599:12) Error: useNavigate() may be used only in the context of a <Router> component.
    at Object.invariant [as UNSAFE_invariant] (C:\Users\Admin\graceful_books\node_modules\@remix-run\router\dist\router.cjs.js:315:11)
    at useNavigateUnstable (C:\Users\Admin\graceful_books\node_modules\react-router\dist\umd\react-router.development.js:223:36)
    at useNavigate (C:\Users\Admin\graceful_books\node_modules\react-router\dist\umd\react-router.development.js:220:48)
    at ProductsTab (C:/Users/Admin/graceful_books/src/pages/cpg/tabs/ProductsTab.tsx:33:20)
    at renderWithHooks (C:\Users\Admin\graceful_books\node_modules\react-dom\cjs\react-dom.development.js:15486:18)
    at mountIndeterminateComponent (C:\Users\Admin\graceful_books\node_modules\react-dom\cjs\react-dom.development.js:20103:13)
    at beginWork (C:\Users\Admin\graceful_books\node_modules\react-dom\cjs\react-dom.development.js:21626:16)
    at HTMLUnknownElement.callCallback (C:\Users\Admin\graceful_books\node_modules\react-dom\cjs\react-dom.development.js:4164:14)
    at HTMLUnknownElement.callTheUserObjectsOperation (C:\Users\Admin\graceful_books\node_modules\jsdom\lib\jsdom\living\generated\EventListener.js:26:30)
    at innerInvokeEventListeners (C:\Users\Admin\graceful_books\node_modules\jsdom\lib\jsdom\living\events\EventTarget-impl.js:350:25)
Error: Uncaught [Error: useNavigate() may be used only in the context of a <Router> component.]
    at reportException (C:\Users\Admin\graceful_books\node_modules\jsdom\lib\jsdom\living\helpers\runtime-script-errors.js:66:24)
    at innerInvokeEventListeners (C:\Users\Admin\graceful_books\node_modules\jsdom\lib\jsdom\living\events\EventTarget-impl.js:353:9)
    at invokeEventListeners (C:\Users\Admin\graceful_books\node_modules\jsdom\lib\jsdom\living\events\EventTarget-impl.js:286:3)
    at HTMLUnknownElementImpl._dispatch (C:\Users\Admin\graceful_books\node_modules\jsdom\lib\jsdom\living\events\EventTarget-impl.js:233:9)
    at HTMLUnknownElementImpl.dispatchEvent (C:\Users\Admin\graceful_books\node_modules\jsdom\lib\jsdom\living\events\EventTarget-impl.js:104:17)
    at HTMLUnknownElement.dispatchEvent (C:\Users\Admin\graceful_books\node_modules\jsdom\lib\jsdom\living\generated\EventTarget.js:241:34)
    at Object.invokeGuardedCallbackDev (C:\Users\Admin\graceful_books\node_modules\react-dom\cjs\react-dom.development.js:4213:16)
    at invokeGuardedCallback (C:\Users\Admin\graceful_books\node_modules\react-dom\cjs\react-dom.development.js:4277:31)
    at beginWork$1 (C:\Users\Admin\graceful_books\node_modules\react-dom\cjs\react-dom.development.js:27490:7)
    at performUnitOfWork (C:\Users\Admin\graceful_books\node_modules\react-dom\cjs\react-dom.development.js:26599:12) Error: useNavigate() may be used only in the context of a <Router> component.
    at Object.invariant [as UNSAFE_invariant] (C:\Users\Admin\graceful_books\node_modules\@remix-run\router\dist\router.cjs.js:315:11)
    at useNavigateUnstable (C:\Users\Admin\graceful_books\node_modules\react-router\dist\umd\react-router.development.js:223:36)
    at useNavigate (C:\Users\Admin\graceful_books\node_modules\react-router\dist\umd\react-router.development.js:220:48)
    at ProductsTab (C:/Users/Admin/graceful_books/src/pages/cpg/tabs/ProductsTab.tsx:33:20)
    at renderWithHooks (C:\Users\Admin\graceful_books\node_modules\react-dom\cjs\react-dom.development.js:15486:18)
    at mountIndeterminateComponent (C:\Users\Admin\graceful_books\node_modules\react-dom\cjs\react-dom.development.js:20103:13)
    at beginWork (C:\Users\Admin\graceful_books\node_modules\react-dom\cjs\react-dom.development.js:21626:16)
    at HTMLUnknownElement.callCallback (C:\Users\Admin\graceful_books\node_modules\react-dom\cjs\react-dom.development.js:4164:14)
    at HTMLUnknownElement.callTheUserObjectsOperation (C:\Users\Admin\graceful_books\node_modules\jsdom\lib\jsdom\living\generated\EventListener.js:26:30)
    at innerInvokeEventListeners (C:\Users\Admin\graceful_books\node_modules\jsdom\lib\jsdom\living\events\EventTarget-impl.js:350:25)
Error: Uncaught [Error: useNavigate() may be used only in the context of a <Router> component.]
    at reportException (C:\Users\Admin\graceful_books\node_modules\jsdom\lib\jsdom\living\helpers\runtime-script-errors.js:66:24)
    at innerInvokeEventListeners (C:\Users\Admin\graceful_books\node_modules\jsdom\lib\jsdom\living\events\EventTarget-impl.js:353:9)
    at invokeEventListeners (C:\Users\Admin\graceful_books\node_modules\jsdom\lib\jsdom\living\events\EventTarget-impl.js:286:3)
    at HTMLUnknownElementImpl._dispatch (C:\Users\Admin\graceful_books\node_modules\jsdom\lib\jsdom\living\events\EventTarget-impl.js:233:9)
    at HTMLUnknownElementImpl.dispatchEvent (C:\Users\Admin\graceful_books\node_modules\jsdom\lib\jsdom\living\events\EventTarget-impl.js:104:17)
    at HTMLUnknownElement.dispatchEvent (C:\Users\Admin\graceful_books\node_modules\jsdom\lib\jsdom\living\generated\EventTarget.js:241:34)
    at Object.invokeGuardedCallbackDev (C:\Users\Admin\graceful_books\node_modules\react-dom\cjs\react-dom.development.js:4213:16)
    at invokeGuardedCallback (C:\Users\Admin\graceful_books\node_modules\react-dom\cjs\react-dom.development.js:4277:31)
    at beginWork$1 (C:\Users\Admin\graceful_books\node_modules\react-dom\cjs\react-dom.development.js:27490:7)
    at performUnitOfWork (C:\Users\Admin\graceful_books\node_modules\react-dom\cjs\react-dom.development.js:26599:12) Error: useNavigate() may be used only in the context of a <Router> component.
    at Object.invariant [as UNSAFE_invariant] (C:\Users\Admin\graceful_books\node_modules\@remix-run\router\dist\router.cjs.js:315:11)
    at useNavigateUnstable (C:\Users\Admin\graceful_books\node_modules\react-router\dist\umd\react-router.development.js:223:36)
    at useNavigate (C:\Users\Admin\graceful_books\node_modules\react-router\dist\umd\react-router.development.js:220:48)
    at ProductsTab (C:/Users/Admin/graceful_books/src/pages/cpg/tabs/ProductsTab.tsx:33:20)
    at renderWithHooks (C:\Users\Admin\graceful_books\node_modules\react-dom\cjs\react-dom.development.js:15486:18)
    at mountIndeterminateComponent (C:\Users\Admin\graceful_books\node_modules\react-dom\cjs\react-dom.development.js:20103:13)
    at beginWork (C:\Users\Admin\graceful_books\node_modules\react-dom\cjs\react-dom.development.js:21626:16)
    at HTMLUnknownElement.callCallback (C:\Users\Admin\graceful_books\node_modules\react-dom\cjs\react-dom.development.js:4164:14)
    at HTMLUnknownElement.callTheUserObjectsOperation (C:\Users\Admin\graceful_books\node_modules\jsdom\lib\jsdom\living\generated\EventListener.js:26:30)
    at innerInvokeEventListeners (C:\Users\Admin\graceful_books\node_modules\jsdom\lib\jsdom\living\events\EventTarget-impl.js:350:25)
Error: Uncaught [Error: useNavigate() may be used only in the context of a <Router> component.]
    at reportException (C:\Users\Admin\graceful_books\node_modules\jsdom\lib\jsdom\living\helpers\runtime-script-errors.js:66:24)
    at innerInvokeEventListeners (C:\Users\Admin\graceful_books\node_modules\jsdom\lib\jsdom\living\events\EventTarget-impl.js:353:9)
    at invokeEventListeners (C:\Users\Admin\graceful_books\node_modules\jsdom\lib\jsdom\living\events\EventTarget-impl.js:286:3)
    at HTMLUnknownElementImpl._dispatch (C:\Users\Admin\graceful_books\node_modules\jsdom\lib\jsdom\living\events\EventTarget-impl.js:233:9)
    at HTMLUnknownElementImpl.dispatchEvent (C:\Users\Admin\graceful_books\node_modules\jsdom\lib\jsdom\living\events\EventTarget-impl.js:104:17)
    at HTMLUnknownElement.dispatchEvent (C:\Users\Admin\graceful_books\node_modules\jsdom\lib\jsdom\living\generated\EventTarget.js:241:34)
    at Object.invokeGuardedCallbackDev (C:\Users\Admin\graceful_books\node_modules\react-dom\cjs\react-dom.development.js:4213:16)
    at invokeGuardedCallback (C:\Users\Admin\graceful_books\node_modules\react-dom\cjs\react-dom.development.js:4277:31)
    at beginWork$1 (C:\Users\Admin\graceful_books\node_modules\react-dom\cjs\react-dom.development.js:27490:7)
    at performUnitOfWork (C:\Users\Admin\graceful_books\node_modules\react-dom\cjs\react-dom.development.js:26599:12) Error: useNavigate() may be used only in the context of a <Router> component.
    at Object.invariant [as UNSAFE_invariant] (C:\Users\Admin\graceful_books\node_modules\@remix-run\router\dist\router.cjs.js:315:11)
    at useNavigateUnstable (C:\Users\Admin\graceful_books\node_modules\react-router\dist\umd\react-router.development.js:223:36)
    at useNavigate (C:\Users\Admin\graceful_books\node_modules\react-router\dist\umd\react-router.development.js:220:48)
    at ProductsTab (C:/Users/Admin/graceful_books/src/pages/cpg/tabs/ProductsTab.tsx:33:20)
    at renderWithHooks (C:\Users\Admin\graceful_books\node_modules\react-dom\cjs\react-dom.development.js:15486:18)
    at mountIndeterminateComponent (C:\Users\Admin\graceful_books\node_modules\react-dom\cjs\react-dom.development.js:20103:13)
    at beginWork (C:\Users\Admin\graceful_books\node_modules\react-dom\cjs\react-dom.development.js:21626:16)
    at HTMLUnknownElement.callCallback (C:\Users\Admin\graceful_books\node_modules\react-dom\cjs\react-dom.development.js:4164:14)
    at HTMLUnknownElement.callTheUserObjectsOperation (C:\Users\Admin\graceful_books\node_modules\jsdom\lib\jsdom\living\generated\EventListener.js:26:30)
    at innerInvokeEventListeners (C:\Users\Admin\graceful_books\node_modules\jsdom\lib\jsdom\living\events\EventTarget-impl.js:350:25)
Error: Uncaught [Error: useNavigate() may be used only in the context of a <Router> component.]
    at reportException (C:\Users\Admin\graceful_books\node_modules\jsdom\lib\jsdom\living\helpers\runtime-script-errors.js:66:24)
    at innerInvokeEventListeners (C:\Users\Admin\graceful_books\node_modules\jsdom\lib\jsdom\living\events\EventTarget-impl.js:353:9)
    at invokeEventListeners (C:\Users\Admin\graceful_books\node_modules\jsdom\lib\jsdom\living\events\EventTarget-impl.js:286:3)
    at HTMLUnknownElementImpl._dispatch (C:\Users\Admin\graceful_books\node_modules\jsdom\lib\jsdom\living\events\EventTarget-impl.js:233:9)
    at HTMLUnknownElementImpl.dispatchEvent (C:\Users\Admin\graceful_books\node_modules\jsdom\lib\jsdom\living\events\EventTarget-impl.js:104:17)
    at HTMLUnknownElement.dispatchEvent (C:\Users\Admin\graceful_books\node_modules\jsdom\lib\jsdom\living\generated\EventTarget.js:241:34)
    at Object.invokeGuardedCallbackDev (C:\Users\Admin\graceful_books\node_modules\react-dom\cjs\react-dom.development.js:4213:16)
    at invokeGuardedCallback (C:\Users\Admin\graceful_books\node_modules\react-dom\cjs\react-dom.development.js:4277:31)
    at beginWork$1 (C:\Users\Admin\graceful_books\node_modules\react-dom\cjs\react-dom.development.js:27490:7)
    at performUnitOfWork (C:\Users\Admin\graceful_books\node_modules\react-dom\cjs\react-dom.development.js:26599:12) Error: useNavigate() may be used only in the context of a <Router> component.
    at Object.invariant [as UNSAFE_invariant] (C:\Users\Admin\graceful_books\node_modules\@remix-run\router\dist\router.cjs.js:315:11)
    at useNavigateUnstable (C:\Users\Admin\graceful_books\node_modules\react-router\dist\umd\react-router.development.js:223:36)
    at useNavigate (C:\Users\Admin\graceful_books\node_modules\react-router\dist\umd\react-router.development.js:220:48)
    at ProductsTab (C:/Users/Admin/graceful_books/src/pages/cpg/tabs/ProductsTab.tsx:33:20)
    at renderWithHooks (C:\Users\Admin\graceful_books\node_modules\react-dom\cjs\react-dom.development.js:15486:18)
    at mountIndeterminateComponent (C:\Users\Admin\graceful_books\node_modules\react-dom\cjs\react-dom.development.js:20103:13)
    at beginWork (C:\Users\Admin\graceful_books\node_modules\react-dom\cjs\react-dom.development.js:21626:16)
    at HTMLUnknownElement.callCallback (C:\Users\Admin\graceful_books\node_modules\react-dom\cjs\react-dom.development.js:4164:14)
    at HTMLUnknownElement.callTheUserObjectsOperation (C:\Users\Admin\graceful_books\node_modules\jsdom\lib\jsdom\living\generated\EventListener.js:26:30)
    at innerInvokeEventListeners (C:\Users\Admin\graceful_books\node_modules\jsdom\lib\jsdom\living\events\EventTarget-impl.js:350:25)
Error: Uncaught [Error: useNavigate() may be used only in the context of a <Router> component.]
    at reportException (C:\Users\Admin\graceful_books\node_modules\jsdom\lib\jsdom\living\helpers\runtime-script-errors.js:66:24)
    at innerInvokeEventListeners (C:\Users\Admin\graceful_books\node_modules\jsdom\lib\jsdom\living\events\EventTarget-impl.js:353:9)
    at invokeEventListeners (C:\Users\Admin\graceful_books\node_modules\jsdom\lib\jsdom\living\events\EventTarget-impl.js:286:3)
    at HTMLUnknownElementImpl._dispatch (C:\Users\Admin\graceful_books\node_modules\jsdom\lib\jsdom\living\events\EventTarget-impl.js:233:9)
    at HTMLUnknownElementImpl.dispatchEvent (C:\Users\Admin\graceful_books\node_modules\jsdom\lib\jsdom\living\events\EventTarget-impl.js:104:17)
    at HTMLUnknownElement.dispatchEvent (C:\Users\Admin\graceful_books\node_modules\jsdom\lib\jsdom\living\generated\EventTarget.js:241:34)
    at Object.invokeGuardedCallbackDev (C:\Users\Admin\graceful_books\node_modules\react-dom\cjs\react-dom.development.js:4213:16)
    at invokeGuardedCallback (C:\Users\Admin\graceful_books\node_modules\react-dom\cjs\react-dom.development.js:4277:31)
    at beginWork$1 (C:\Users\Admin\graceful_books\node_modules\react-dom\cjs\react-dom.development.js:27490:7)
    at performUnitOfWork (C:\Users\Admin\graceful_books\node_modules\react-dom\cjs\react-dom.development.js:26599:12) Error: useNavigate() may be used only in the context of a <Router> component.
    at Object.invariant [as UNSAFE_invariant] (C:\Users\Admin\graceful_books\node_modules\@remix-run\router\dist\router.cjs.js:315:11)
    at useNavigateUnstable (C:\Users\Admin\graceful_books\node_modules\react-router\dist\umd\react-router.development.js:223:36)
    at useNavigate (C:\Users\Admin\graceful_books\node_modules\react-router\dist\umd\react-router.development.js:220:48)
    at ProductsTab (C:/Users/Admin/graceful_books/src/pages/cpg/tabs/ProductsTab.tsx:33:20)
    at renderWithHooks (C:\Users\Admin\graceful_books\node_modules\react-dom\cjs\react-dom.development.js:15486:18)
    at mountIndeterminateComponent (C:\Users\Admin\graceful_books\node_modules\react-dom\cjs\react-dom.development.js:20103:13)
    at beginWork (C:\Users\Admin\graceful_books\node_modules\react-dom\cjs\react-dom.development.js:21626:16)
    at HTMLUnknownElement.callCallback (C:\Users\Admin\graceful_books\node_modules\react-dom\cjs\react-dom.development.js:4164:14)
    at HTMLUnknownElement.callTheUserObjectsOperation (C:\Users\Admin\graceful_books\node_modules\jsdom\lib\jsdom\living\generated\EventListener.js:26:30)
    at innerInvokeEventListeners (C:\Users\Admin\graceful_books\node_modules\jsdom\lib\jsdom\living\events\EventTarget-impl.js:350:25)
stderr | src/pages/cpg/tabs/ProductsTab.test.tsx > ProductsTab > Product Selection > selects multiple products
The above error occurred in the <ProductsTab> component:

    at ProductsTab (C:/Users/Admin/graceful_books/src/pages/cpg/tabs/ProductsTab.tsx:8:3)

Consider adding an error boundary to your tree to customize error handling behavior.
Visit https://reactjs.org/link/error-boundaries to learn more about error boundaries.

stderr | src/pages/cpg/tabs/ProductsTab.test.tsx > ProductsTab > Product Selection > deselects product
The above error occurred in the <ProductsTab> component:

    at ProductsTab (C:/Users/Admin/graceful_books/src/pages/cpg/tabs/ProductsTab.tsx:8:3)

Consider adding an error boundary to your tree to customize error handling behavior.
Visit https://reactjs.org/link/error-boundaries to learn more about error boundaries.

stderr | src/pages/cpg/tabs/ProductsTab.test.tsx > ProductsTab > Product Selection > selects all products
The above error occurred in the <ProductsTab> component:

    at ProductsTab (C:/Users/Admin/graceful_books/src/pages/cpg/tabs/ProductsTab.tsx:8:3)

Consider adding an error boundary to your tree to customize error handling behavior.
Visit https://reactjs.org/link/error-boundaries to learn more about error boundaries.

stderr | src/pages/cpg/tabs/ProductsTab.test.tsx > ProductsTab > Product Selection > clears all selections
The above error occurred in the <ProductsTab> component:

    at ProductsTab (C:/Users/Admin/graceful_books/src/pages/cpg/tabs/ProductsTab.tsx:8:3)

Consider adding an error boundary to your tree to customize error handling behavior.
Visit https://reactjs.org/link/error-boundaries to learn more about error boundaries.

stderr | src/pages/cpg/tabs/ProductsTab.test.tsx > ProductsTab > Status Filtering > renders status filter dropdown
The above error occurred in the <ProductsTab> component:

    at ProductsTab (C:/Users/Admin/graceful_books/src/pages/cpg/tabs/ProductsTab.tsx:8:3)

Consider adding an error boundary to your tree to customize error handling behavior.
Visit https://reactjs.org/link/error-boundaries to learn more about error boundaries.

stderr | src/pages/cpg/tabs/ProductsTab.test.tsx > ProductsTab > Status Filtering > changes status filter to complete
The above error occurred in the <ProductsTab> component:

    at ProductsTab (C:/Users/Admin/graceful_books/src/pages/cpg/tabs/ProductsTab.tsx:8:3)

Consider adding an error boundary to your tree to customize error handling behavior.
Visit https://reactjs.org/link/error-boundaries to learn more about error boundaries.

stderr | src/pages/cpg/tabs/ProductsTab.test.tsx > ProductsTab > Status Filtering > changes status filter to incomplete
The above error occurred in the <ProductsTab> component:

    at ProductsTab (C:/Users/Admin/graceful_books/src/pages/cpg/tabs/ProductsTab.tsx:8:3)

Consider adding an error boundary to your tree to customize error handling behavior.
Visit https://reactjs.org/link/error-boundaries to learn more about error boundaries.

stderr | src/pages/cpg/tabs/ProductsTab.test.tsx > ProductsTab > Status Filtering > resets status filter to all
The above error occurred in the <ProductsTab> component:

    at ProductsTab (C:/Users/Admin/graceful_books/src/pages/cpg/tabs/ProductsTab.tsx:8:3)

Consider adding an error boundary to your tree to customize error handling behavior.
Visit https://reactjs.org/link/error-boundaries to learn more about error boundaries.

stderr | src/pages/cpg/tabs/ProductsTab.test.tsx > ProductsTab > Sorting > renders sort dropdown
The above error occurred in the <ProductsTab> component:

    at ProductsTab (C:/Users/Admin/graceful_books/src/pages/cpg/tabs/ProductsTab.tsx:8:3)

Consider adding an error boundary to your tree to customize error handling behavior.
Visit https://reactjs.org/link/error-boundaries to learn more about error boundaries.

stderr | src/pages/cpg/tabs/ProductsTab.test.tsx > ProductsTab > Sorting > changes sort to CPU ascending
The above error occurred in the <ProductsTab> component:

    at ProductsTab (C:/Users/Admin/graceful_books/src/pages/cpg/tabs/ProductsTab.tsx:8:3)

Consider adding an error boundary to your tree to customize error handling behavior.
Visit https://reactjs.org/link/error-boundaries to learn more about error boundaries.

stderr | src/pages/cpg/tabs/ProductsTab.test.tsx > ProductsTab > Sorting > changes sort to CPU descending
The above error occurred in the <ProductsTab> component:

    at ProductsTab (C:/Users/Admin/graceful_books/src/pages/cpg/tabs/ProductsTab.tsx:8:3)

Consider adding an error boundary to your tree to customize error handling behavior.
Visit https://reactjs.org/link/error-boundaries to learn more about error boundaries.

stderr | src/pages/cpg/tabs/ProductsTab.test.tsx > ProductsTab > Sorting > changes sort to missing components
The above error occurred in the <ProductsTab> component:

    at ProductsTab (C:/Users/Admin/graceful_books/src/pages/cpg/tabs/ProductsTab.tsx:8:3)

Consider adding an error boundary to your tree to customize error handling behavior.
Visit https://reactjs.org/link/error-boundaries to learn more about error boundaries.

stderr | src/pages/cpg/tabs/ProductsTab.test.tsx > ProductsTab > CPUDisplay Integration > renders CPUDisplay component
The above error occurred in the <ProductsTab> component:

    at ProductsTab (C:/Users/Admin/graceful_books/src/pages/cpg/tabs/ProductsTab.tsx:8:3)

Consider adding an error boundary to your tree to customize error handling behavior.
Visit https://reactjs.org/link/error-boundaries to learn more about error boundaries.

stderr | src/pages/cpg/tabs/ProductsTab.test.tsx > ProductsTab > CPUDisplay Integration > passes correct props to CPUDisplay
The above error occurred in the <ProductsTab> component:

    at ProductsTab (C:/Users/Admin/graceful_books/src/pages/cpg/tabs/ProductsTab.tsx:8:3)

Consider adding an error boundary to your tree to customize error handling behavior.
Visit https://reactjs.org/link/error-boundaries to learn more about error boundaries.

stderr | src/pages/cpg/tabs/ProductsTab.test.tsx > ProductsTab > CPUDisplay Integration > updates CPUDisplay when filters change
The above error occurred in the <ProductsTab> component:

    at ProductsTab (C:/Users/Admin/graceful_books/src/pages/cpg/tabs/ProductsTab.tsx:8:3)

Consider adding an error boundary to your tree to customize error handling behavior.
Visit https://reactjs.org/link/error-boundaries to learn more about error boundaries.

stderr | src/pages/cpg/tabs/ProductsTab.test.tsx > ProductsTab > Accessibility > has proper ARIA labels on product selector
The above error occurred in the <ProductsTab> component:

    at ProductsTab (C:/Users/Admin/graceful_books/src/pages/cpg/tabs/ProductsTab.tsx:8:3)

Consider adding an error boundary to your tree to customize error handling behavior.
Visit https://reactjs.org/link/error-boundaries to learn more about error boundaries.

stderr | src/pages/cpg/tabs/ProductsTab.test.tsx > ProductsTab > Accessibility > updates aria-expanded when dropdown opens
The above error occurred in the <ProductsTab> component:

    at ProductsTab (C:/Users/Admin/graceful_books/src/pages/cpg/tabs/ProductsTab.tsx:8:3)

Consider adding an error boundary to your tree to customize error handling behavior.
Visit https://reactjs.org/link/error-boundaries to learn more about error boundaries.

stderr | src/pages/cpg/tabs/ProductsTab.test.tsx > ProductsTab > Accessibility > has ARIA labels on all controls
The above error occurred in the <ProductsTab> component:

    at ProductsTab (C:/Users/Admin/graceful_books/src/pages/cpg/tabs/ProductsTab.tsx:8:3)

Consider adding an error boundary to your tree to customize error handling behavior.
Visit https://reactjs.org/link/error-boundaries to learn more about error boundaries.

stderr | src/pages/cpg/tabs/ProductsTab.test.tsx > ProductsTab > Accessibility > has proper heading hierarchy
The above error occurred in the <ProductsTab> component:

    at ProductsTab (C:/Users/Admin/graceful_books/src/pages/cpg/tabs/ProductsTab.tsx:8:3)

Consider adding an error boundary to your tree to customize error handling behavior.
Visit https://reactjs.org/link/error-boundaries to learn more about error boundaries.

stderr | src/pages/cpg/tabs/ProductsTab.test.tsx > ProductsTab > Accessibility > has proper tab panel role
The above error occurred in the <ProductsTab> component:

    at ProductsTab (C:/Users/Admin/graceful_books/src/pages/cpg/tabs/ProductsTab.tsx:8:3)

Consider adding an error boundary to your tree to customize error handling behavior.
Visit https://reactjs.org/link/error-boundaries to learn more about error boundaries.

 ❯ src/pages/cpg/tabs/ProductsTab.test.tsx (28 tests | 28 failed) 1578ms
       × renders the Products tab heading 77ms
       × renders with empty products list 18ms
       × renders with products 10ms
       × passes loading state to CPUDisplay 9ms
       × shows "All Products" when no selection 19ms
       × opens dropdown when selector clicked 19ms
       × displays all products in dropdown 9ms
       × selects individual product 23ms
       × selects multiple products 13ms
       × deselects product 9ms
       × selects all products 19ms
       × clears all selections 8ms
       × renders status filter dropdown 11ms
       × changes status filter to complete 7ms
       × changes status filter to incomplete 1193ms
       × resets status filter to all 7ms
       × renders sort dropdown 6ms
       × changes sort to CPU ascending 6ms
       × changes sort to CPU descending 5ms
       × changes sort to missing components 5ms
       × renders CPUDisplay component 6ms
       × passes correct props to CPUDisplay 6ms
       × updates CPUDisplay when filters change 7ms
       × has proper ARIA labels on product selector 6ms
       × updates aria-expanded when dropdown opens 53ms
       × has ARIA labels on all controls 5ms
       × has proper heading hierarchy 6ms
       × has proper tab panel role 5ms
stderr | src/services/retention.service.test.ts > Retention Policy Service > getRetentionPolicies > should return empty array when no policies exist
[Retention] Failed to get retention policies {
  companyId: 'test-company-Wj_tsP2yVqKo_dVP60eXv',
  error: DexieError [DataError]: Data provided to an operation does not meet requirements.
      at valueToKey (file:///C:/Users/Admin/graceful_books/node_modules/fake-indexeddb/build/esm/lib/valueToKey.js:10:11)
      at cmp (file:///C:/Users/Admin/graceful_books/node_modules/fake-indexeddb/build/esm/lib/cmp.js:27:11)
      at FDBKeyRange.bound (file:///C:/Users/Admin/graceful_books/node_modules/fake-indexeddb/build/esm/FDBKeyRange.js:31:23)
      at makeIDBKeyRange (C:\Users\Admin\graceful_books\node_modules\dexie\dist\dexie.js:3073:31)
      at C:\Users\Admin\graceful_books\node_modules\dexie\dist\dexie.js:3164:41
      at executePromiseTask (C:\Users\Admin\graceful_books\node_modules\dexie\dist\dexie.js:776:11)
      at new DexiePromise (C:\Users\Admin\graceful_books\node_modules\dexie\dist\dexie.js:607:7)
      at Object.openCursor (C:\Users\Admin\graceful_books\node_modules\dexie\dist\dexie.js:3149:22)
      at Object.tableClone.<computed> [as openCursor] (C:\Users\Admin\graceful_books\node_modules\dexie\dist\dexie.js:4857:48)
      at Object.openCursor (C:\Users\Admin\graceful_books\node_modules\dexie\dist\dexie.js:4390:40) {
    message: 'Data provided to an operation does not meet requirements.\n' +
      ' DataError: Data provided to an operation does not meet requirements.',
    inner: DataError [DOMException] { code: 0 }
  }
}

stdout | src/services/retention.service.test.ts > Retention Policy Service > getRetentionPolicies > should return active policies for company
[Retention] Created retention policy {
  companyId: 'test-company-Wj_tsP2yVqKo_dVP60eXv',
  entityType: 'CONTACT',
  retentionDays: 30
}

stdout | src/services/retention.service.test.ts > Retention Policy Service > getRetentionPolicies > should return active policies for company
[Retention] Created retention policy {
  companyId: 'test-company-Wj_tsP2yVqKo_dVP60eXv',
  entityType: 'PRODUCT',
  retentionDays: 60
}

stderr | src/services/retention.service.test.ts > Retention Policy Service > getRetentionPolicies > should return active policies for company
[Retention] Failed to get retention policies {
  companyId: 'test-company-Wj_tsP2yVqKo_dVP60eXv',
  error: DexieError [DataError]: Data provided to an operation does not meet requirements.
      at valueToKey (file:///C:/Users/Admin/graceful_books/node_modules/fake-indexeddb/build/esm/lib/valueToKey.js:10:11)
      at cmp (file:///C:/Users/Admin/graceful_books/node_modules/fake-indexeddb/build/esm/lib/cmp.js:27:11)
      at FDBKeyRange.bound (file:///C:/Users/Admin/graceful_books/node_modules/fake-indexeddb/build/esm/FDBKeyRange.js:31:23)
      at makeIDBKeyRange (C:\Users\Admin\graceful_books\node_modules\dexie\dist\dexie.js:3073:31)
      at C:\Users\Admin\graceful_books\node_modules\dexie\dist\dexie.js:3164:41
      at executePromiseTask (C:\Users\Admin\graceful_books\node_modules\dexie\dist\dexie.js:776:11)
      at new DexiePromise (C:\Users\Admin\graceful_books\node_modules\dexie\dist\dexie.js:607:7)
      at Object.openCursor (C:\Users\Admin\graceful_books\node_modules\dexie\dist\dexie.js:3149:22)
      at Object.tableClone.<computed> [as openCursor] (C:\Users\Admin\graceful_books\node_modules\dexie\dist\dexie.js:4857:48)
      at Object.openCursor (C:\Users\Admin\graceful_books\node_modules\dexie\dist\dexie.js:4390:40) {
    message: 'Data provided to an operation does not meet requirements.\n' +
      ' DataError: Data provided to an operation does not meet requirements.',
    inner: DataError [DOMException] { code: 0 }
  }
}

stdout | src/services/retention.service.test.ts > Retention Policy Service > getRetentionPolicies > should not return policies from other companies
[Retention] Created retention policy {
  companyId: 'other-company-d_ptVtj-BrsN3b6qRhb9V',
  entityType: 'CONTACT',
  retentionDays: 30
}

stderr | src/services/retention.service.test.ts > Retention Policy Service > getRetentionPolicies > should not return policies from other companies
[Retention] Failed to get retention policies {
  companyId: 'test-company-Wj_tsP2yVqKo_dVP60eXv',
  error: DexieError [DataError]: Data provided to an operation does not meet requirements.
      at valueToKey (file:///C:/Users/Admin/graceful_books/node_modules/fake-indexeddb/build/esm/lib/valueToKey.js:10:11)
      at cmp (file:///C:/Users/Admin/graceful_books/node_modules/fake-indexeddb/build/esm/lib/cmp.js:27:11)
      at FDBKeyRange.bound (file:///C:/Users/Admin/graceful_books/node_modules/fake-indexeddb/build/esm/FDBKeyRange.js:31:23)
      at makeIDBKeyRange (C:\Users\Admin\graceful_books\node_modules\dexie\dist\dexie.js:3073:31)
      at C:\Users\Admin\graceful_books\node_modules\dexie\dist\dexie.js:3164:41
      at executePromiseTask (C:\Users\Admin\graceful_books\node_modules\dexie\dist\dexie.js:776:11)
      at new DexiePromise (C:\Users\Admin\graceful_books\node_modules\dexie\dist\dexie.js:607:7)
      at Object.openCursor (C:\Users\Admin\graceful_books\node_modules\dexie\dist\dexie.js:3149:22)
      at Object.tableClone.<computed> [as openCursor] (C:\Users\Admin\graceful_books\node_modules\dexie\dist\dexie.js:4857:48)
      at Object.openCursor (C:\Users\Admin\graceful_books\node_modules\dexie\dist\dexie.js:4390:40) {
    message: 'Data provided to an operation does not meet requirements.\n' +
      ' DataError: Data provided to an operation does not meet requirements.',
    inner: DataError [DOMException] { code: 0 }
  }
}

stdout | src/services/retention.service.test.ts > Retention Policy Service > purgeRecord > should purge non-financial record after retention period
[Retention] Created retention policy {
  companyId: 'test-company-Wj_tsP2yVqKo_dVP60eXv',
  entityType: 'CONTACT',
  retentionDays: 30
}

stderr | src/services/retention.service.test.ts > Retention Policy Service > purgeRecord > should purge non-financial record after retention period
[Retention] Failed to purge record {
  companyId: 'test-company-Wj_tsP2yVqKo_dVP60eXv',
  entityType: 'CONTACT',
  entityId: 'ALjN5b70YDv6JKGQlk6qm',
  error: ReferenceError: DeletionMethod is not defined
      at purgeRecord (C:/Users/Admin/graceful_books/src/services/retention.service.ts:511:28)
      at C:/Users/Admin/graceful_books/src/services/retention.service.test.ts:353:22
      at file:///C:/Users/Admin/graceful_books/node_modules/@vitest/runner/dist/chunk-artifact.js:1903:20
}

stdout | src/services/retention.service.test.ts > Retention Policy Service > purgeRecord > should allow purging financial record when enforceMinimum is false
[Retention] Created retention policy {
  companyId: 'test-company-Wj_tsP2yVqKo_dVP60eXv',
  entityType: 'ACCOUNT',
  retentionDays: 30
}

stderr | src/services/retention.service.test.ts > Retention Policy Service > purgeRecord > should allow purging financial record when enforceMinimum is false
[Retention] Failed to purge record {
  companyId: 'test-company-Wj_tsP2yVqKo_dVP60eXv',
  entityType: 'ACCOUNT',
  entityId: 'uDZVXwDZmuKaukpSG4xZ1',
  error: ReferenceError: DeletionMethod is not defined
      at purgeRecord (C:/Users/Admin/graceful_books/src/services/retention.service.ts:511:28)
      at C:/Users/Admin/graceful_books/src/services/retention.service.test.ts:393:22
      at file:///C:/Users/Admin/graceful_books/node_modules/@vitest/runner/dist/chunk-artifact.js:1903:20
}

stdout | src/services/retention.service.test.ts > Retention Policy Service > autoPurgeCompany > should purge eligible records and skip protected ones
[Retention] Created retention policy {
  companyId: 'test-company-Wj_tsP2yVqKo_dVP60eXv',
  entityType: 'CONTACT',
  retentionDays: 30
}

stdout | src/services/retention.service.test.ts > Retention Policy Service > autoPurgeCompany > should purge eligible records and skip protected ones
[Retention] Created retention policy {
  companyId: 'test-company-Wj_tsP2yVqKo_dVP60eXv',
  entityType: 'ACCOUNT',
  retentionDays: 30
}

stdout | src/services/retention.service.test.ts > Retention Policy Service > autoPurgeCompany > should purge eligible records and skip protected ones
[Retention] Starting auto-purge {
  companyId: 'test-company-Wj_tsP2yVqKo_dVP60eXv',
  dryRun: false,
  batchSize: 100
}

stderr | src/services/retention.service.test.ts > Retention Policy Service > autoPurgeCompany > should purge eligible records and skip protected ones
[Retention] Failed to purge record {
  companyId: 'test-company-Wj_tsP2yVqKo_dVP60eXv',
  entityType: 'CONTACT',
  entityId: 'FKslOTzShTGD-4XQoUco4',
  error: ReferenceError: DeletionMethod is not defined
      at purgeRecord (C:/Users/Admin/graceful_books/src/services/retention.service.ts:511:28)
      at runNextTicks (node:internal/process/task_queues:64:5)
      at processImmediate (node:internal/timers:472:9)
      at autoPurgeCompany (C:/Users/Admin/graceful_books/src/services/retention.service.ts:669:29)
      at C:/Users/Admin/graceful_books/src/services/retention.service.test.ts:455:22
      at file:///C:/Users/Admin/graceful_books/node_modules/@vitest/runner/dist/chunk-artifact.js:1903:20
}

stdout | src/services/retention.service.test.ts > Retention Policy Service > autoPurgeCompany > should purge eligible records and skip protected ones
[Retention] Auto-purge completed {
  companyId: 'test-company-Wj_tsP2yVqKo_dVP60eXv',
  processed: 3,
  purged: 0,
  protected: 1,
  failed: 1,
  duration: 26
}

stdout | src/services/retention.service.test.ts > Retention Policy Service > getRetentionStatistics > should calculate statistics correctly
[Retention] Created retention policy {
  companyId: 'test-company-Wj_tsP2yVqKo_dVP60eXv',
  entityType: 'CONTACT',
  retentionDays: 30
}

stderr | src/services/retention.service.test.ts > Retention Policy Service > getRetentionStatistics > should calculate statistics correctly
[Retention] Failed to get retention policies {
  companyId: 'test-company-Wj_tsP2yVqKo_dVP60eXv',
  error: DexieError [DataError]: Data provided to an operation does not meet requirements.
      at valueToKey (file:///C:/Users/Admin/graceful_books/node_modules/fake-indexeddb/build/esm/lib/valueToKey.js:10:11)
      at cmp (file:///C:/Users/Admin/graceful_books/node_modules/fake-indexeddb/build/esm/lib/cmp.js:27:11)
      at FDBKeyRange.bound (file:///C:/Users/Admin/graceful_books/node_modules/fake-indexeddb/build/esm/FDBKeyRange.js:31:23)
      at makeIDBKeyRange (C:\Users\Admin\graceful_books\node_modules\dexie\dist\dexie.js:3073:31)
      at C:\Users\Admin\graceful_books\node_modules\dexie\dist\dexie.js:3164:41
      at executePromiseTask (C:\Users\Admin\graceful_books\node_modules\dexie\dist\dexie.js:776:11)
      at new DexiePromise (C:\Users\Admin\graceful_books\node_modules\dexie\dist\dexie.js:607:7)
      at Object.openCursor (C:\Users\Admin\graceful_books\node_modules\dexie\dist\dexie.js:3149:22)
      at Object.tableClone.<computed> [as openCursor] (C:\Users\Admin\graceful_books\node_modules\dexie\dist\dexie.js:4857:48)
      at Object.openCursor (C:\Users\Admin\graceful_books\node_modules\dexie\dist\dexie.js:4390:40) {
    message: 'Data provided to an operation does not meet requirements.\n' +
      ' DataError: Data provided to an operation does not meet requirements.',
    inner: DataError [DOMException] { code: 0 }
  }
}

stderr | src/services/retention.service.test.ts > Retention Policy Service > getRetentionStatistics > should calculate statistics correctly
[Retention] Failed to get retention statistics {
  companyId: 'test-company-Wj_tsP2yVqKo_dVP60eXv',
  error: DexieError [DataError]: Data provided to an operation does not meet requirements.
      at valueToKey (file:///C:/Users/Admin/graceful_books/node_modules/fake-indexeddb/build/esm/lib/valueToKey.js:10:11)
      at cmp (file:///C:/Users/Admin/graceful_books/node_modules/fake-indexeddb/build/esm/lib/cmp.js:27:11)
      at FDBKeyRange.bound (file:///C:/Users/Admin/graceful_books/node_modules/fake-indexeddb/build/esm/FDBKeyRange.js:31:23)
      at makeIDBKeyRange (C:\Users\Admin\graceful_books\node_modules\dexie\dist\dexie.js:3073:31)
      at C:\Users\Admin\graceful_books\node_modules\dexie\dist\dexie.js:3164:41
      at executePromiseTask (C:\Users\Admin\graceful_books\node_modules\dexie\dist\dexie.js:776:11)
      at new DexiePromise (C:\Users\Admin\graceful_books\node_modules\dexie\dist\dexie.js:607:7)
      at Object.openCursor (C:\Users\Admin\graceful_books\node_modules\dexie\dist\dexie.js:3149:22)
      at Object.tableClone.<computed> [as openCursor] (C:\Users\Admin\graceful_books\node_modules\dexie\dist\dexie.js:4857:48)
      at Object.openCursor (C:\Users\Admin\graceful_books\node_modules\dexie\dist\dexie.js:4390:40) {
    message: 'Data provided to an operation does not meet requirements.\n' +
      ' DataError: Data provided to an operation does not meet requirements.',
    inner: DataError [DOMException] { code: 0 }
  }
}

stdout | src/services/retention.service.test.ts > Retention Policy Service > getDeletionLogs > should return deletion logs for company
[Retention] Created retention policy {
  companyId: 'test-company-Wj_tsP2yVqKo_dVP60eXv',
  entityType: 'CONTACT',
  retentionDays: 30
}

stderr | src/services/retention.service.test.ts > Retention Policy Service > getDeletionLogs > should return deletion logs for company
[Retention] Failed to purge record {
  companyId: 'test-company-Wj_tsP2yVqKo_dVP60eXv',
  entityType: 'CONTACT',
  entityId: '8pABznktCUrZeixtvbnpu',
  error: ReferenceError: DeletionMethod is not defined
      at purgeRecord (C:/Users/Admin/graceful_books/src/services/retention.service.ts:511:28)
      at C:/Users/Admin/graceful_books/src/services/retention.service.test.ts:562:7
      at file:///C:/Users/Admin/graceful_books/node_modules/@vitest/runner/dist/chunk-artifact.js:1903:20
}

stdout | src/services/retention.service.test.ts > Retention Policy Service > getDeletionLogs > should return deletion logs for company
[Retention] Retrieved deletion logs {
  companyId: 'test-company-Wj_tsP2yVqKo_dVP60eXv',
  count: 0,
  options: {}
}

stdout | src/services/retention.service.test.ts > Retention Policy Service > getDeletionLogs > should filter logs by entity type
[Retention] Created retention policy {
  companyId: 'test-company-Wj_tsP2yVqKo_dVP60eXv',
  entityType: 'CONTACT',
  retentionDays: 30
}

stderr | src/services/retention.service.test.ts > Retention Policy Service > getDeletionLogs > should filter logs by entity type
[Retention] Failed to purge record {
  companyId: 'test-company-Wj_tsP2yVqKo_dVP60eXv',
  entityType: 'CONTACT',
  entityId: 'MxNbAuY66NgGYJdpCAxN5',
  error: ReferenceError: DeletionMethod is not defined
      at purgeRecord (C:/Users/Admin/graceful_books/src/services/retention.service.ts:511:28)
      at C:/Users/Admin/graceful_books/src/services/retention.service.test.ts:592:7
      at file:///C:/Users/Admin/graceful_books/node_modules/@vitest/runner/dist/chunk-artifact.js:1903:20
}

stdout | src/services/retention.service.test.ts > Retention Policy Service > getDeletionLogs > should filter logs by entity type
[Retention] Retrieved deletion logs {
  companyId: 'test-company-Wj_tsP2yVqKo_dVP60eXv',
  count: 0,
  options: { entityType: 'CONTACT' }
}

 ❯ src/services/retention.service.test.ts (32 tests | 9 failed) 830ms
       × should return empty array when no policies exist 121ms
       × should return active policies for company 76ms
       × should not return policies from other companies 17ms
       × should purge non-financial record after retention period 43ms
       × should allow purging financial record when enforceMinimum is false 17ms
       × should purge eligible records and skip protected ones 88ms
       × should calculate statistics correctly 60ms
       × should return deletion logs for company 32ms
       × should filter logs by entity type 24ms
 ❯ src/components/cpg/SKUTracker.test.tsx (20 tests | 10 failed) 2258ms
       × renders with zero SKUs 218ms
       × renders with one SKU (singular) 45ms
       × renders with multiple SKUs (plural) 42ms
       × calculates correct cost for 1 SKU 40ms
       × calculates correct cost for 10 SKUs (at cap) 56ms
       × shows pricing info for SKUs below cap 42ms
       × shows cap reached message for 10+ SKUs 39ms
       × has proper heading structure 1288ms
       × has readable contrast for SKU count 48ms
       × handles exactly 10 SKUs (boundary case) 70ms
stdout | src/services/paymentGateway.test.ts > PaymentGateway > confirmPayment > should confirm payment and mark invoice as paid
[PaymentGateway] Created Stripe payment intent (mock) {
  paymentId: '9nFDavOUjjfn4m6vo8_PG',
  amount: '110.00',
  currency: 'USD'
}

stdout | src/services/paymentGateway.test.ts > PaymentGateway > confirmPayment > should confirm payment and mark invoice as paid
[PaymentGateway] Payment confirmed successfully {
  paymentId: '9nFDavOUjjfn4m6vo8_PG',
  invoiceId: 'xQTezFiSoL46hvz0ib5WI',
  amount: '110.00'
}

stdout | src/services/auditLogExtended.perf.test.ts > Extended Audit Log Performance Tests > Statistics Performance > should generate date-filtered statistics in <200ms
[AuditLogExtended] Generating audit log statistics {
  companyId: 'test-company',
  dateFrom: 2026-04-02T20:20:48.189Z,
  dateTo: 2026-05-02T20:20:48.189Z
}
[AuditLogExtended] Starting audit log search {
  companyId: 'test-company',
  dateFrom: 2026-04-02T20:20:48.189Z,
  dateTo: 2026-05-02T20:20:48.189Z,
  limit: undefined
}

stdout | src/services/auditLogExtended.perf.test.ts > Extended Audit Log Performance Tests > Statistics Performance > should generate date-filtered statistics in <200ms
[AuditLogExtended] Audit log search completed { total: 8160, returned: 8160, executionTimeMs: 2284.7718999999925 }

stdout | src/services/auditLogExtended.perf.test.ts > Extended Audit Log Performance Tests > Statistics Performance > should generate date-filtered statistics in <200ms
[AuditLogExtended] Statistics generation completed { totalLogs: 8160, executionTimeMs: 2309.494299999962 }

stdout | src/services/auditLogExtended.perf.test.ts > Extended Audit Log Performance Tests > Statistics Performance > should generate date-filtered statistics in <200ms
Filtered statistics generation completed in 2310.15ms

 ❯ src/services/paymentGateway.test.ts (21 tests | 1 failed) 1523ms
       × should confirm payment and mark invoice as paid 97ms
stdout | src/services/auditLogExtended.perf.test.ts > Extended Audit Log Performance Tests > Concurrent Operations Performance > should handle multiple concurrent searches efficiently
[AuditLogExtended] Starting audit log search { companyId: 'test-company', limit: 100, offset: 0 }
[AuditLogExtended] Starting audit log search { companyId: 'test-company', limit: 100, offset: 100 }
[AuditLogExtended] Starting audit log search { companyId: 'test-company', limit: 100, offset: 200 }
[AuditLogExtended] Starting audit log search { companyId: 'test-company', limit: 100, offset: 300 }
[AuditLogExtended] Starting audit log search { companyId: 'test-company', limit: 100, offset: 400 }
[AuditLogExtended] Starting audit log search { companyId: 'test-company', limit: 100, offset: 500 }
[AuditLogExtended] Starting audit log search { companyId: 'test-company', limit: 100, offset: 600 }
[AuditLogExtended] Starting audit log search { companyId: 'test-company', limit: 100, offset: 700 }
[AuditLogExtended] Starting audit log search { companyId: 'test-company', limit: 100, offset: 800 }
[AuditLogExtended] Starting audit log search { companyId: 'test-company', limit: 100, offset: 900 }

stdout | src/services/auditLogExtended.perf.test.ts > Extended Audit Log Performance Tests > Concurrent Operations Performance > should handle multiple concurrent searches efficiently
[AuditLogExtended] Audit log search completed { total: 100000, returned: 100, executionTimeMs: 7017.311699999962 }

stdout | src/services/auditLogExtended.perf.test.ts > Extended Audit Log Performance Tests > Concurrent Operations Performance > should handle multiple concurrent searches efficiently
[AuditLogExtended] Audit log search completed { total: 100000, returned: 100, executionTimeMs: 15008.97960000002 }

stdout | src/services/auditLogExtended.perf.test.ts > Extended Audit Log Performance Tests > Concurrent Operations Performance > should handle multiple concurrent searches efficiently
[AuditLogExtended] Audit log search completed { total: 100000, returned: 100, executionTimeMs: 21095.09289999999 }

stdout | src/services/auditLogExtended.perf.test.ts > Extended Audit Log Performance Tests > Concurrent Operations Performance > should handle multiple concurrent searches efficiently
[AuditLogExtended] Audit log search completed { total: 100000, returned: 100, executionTimeMs: 27575.618299999973 }

stdout | src/services/auditLogExtended.perf.test.ts > Extended Audit Log Performance Tests > Concurrent Operations Performance > should handle multiple concurrent searches efficiently
[AuditLogExtended] Audit log search completed { total: 100000, returned: 100, executionTimeMs: 33686.46849999996 }

stdout | src/services/auditLogExtended.perf.test.ts > Extended Audit Log Performance Tests > Concurrent Operations Performance > should handle multiple concurrent searches efficiently
[AuditLogExtended] Audit log search completed { total: 100000, returned: 100, executionTimeMs: 40189.59879999998 }

stdout | src/services/auditLogExtended.perf.test.ts > Extended Audit Log Performance Tests > Concurrent Operations Performance > should handle multiple concurrent searches efficiently
[AuditLogExtended] Audit log search completed { total: 100000, returned: 100, executionTimeMs: 46814.0453 }

stdout | src/services/auditLogExtended.perf.test.ts > Extended Audit Log Performance Tests > Concurrent Operations Performance > should handle multiple concurrent searches efficiently
[AuditLogExtended] Audit log search completed { total: 100000, returned: 100, executionTimeMs: 57008.226799999946 }

stdout | src/services/auditLogExtended.perf.test.ts > Extended Audit Log Performance Tests > Concurrent Operations Performance > should handle multiple concurrent searches efficiently
[AuditLogExtended] Audit log search completed { total: 100000, returned: 100, executionTimeMs: 64726.21850000002 }

stdout | src/services/reconciliationHistory.service.test.ts > ReconciliationHistory Service > Pattern Operations > createPattern > should return error if pattern already exists
[ReconciliationHistory] Created reconciliation pattern { patternId: '1QjkJ2TG_McraWNAuWBxi', vendorName: 'test vendor' }

 ❯ src/services/reconciliationHistory.service.test.ts (57 tests | 2 failed) 1405ms
         × should return error if pattern already exists 88ms
         × should return error if vendor cannot be extracted 7ms
stderr | src/components/wizards/steps/TemplateSelectionStep.test.tsx > TemplateSelectionStep > should show preview when template is selected
Warning: An update to TemplateSelectionStep inside a test was not wrapped in act(...).

When testing, code that causes React state updates should be wrapped into act(...):

act(() => {
  /* fire events that update state */
});
/* assert on the output */

This ensures that you're testing the behavior the user would see in the browser. Learn more at https://reactjs.org/link/wrap-tests-with-act
    at TemplateSelectionStep (C:/Users/Admin/graceful_books/src/components/wizards/steps/TemplateSelectionStep.tsx:7:3)

stderr | src/components/wizards/steps/TemplateSelectionStep.test.tsx > TemplateSelectionStep > should show preview when template is selected
Warning: An update to TemplateSelectionStep inside a test was not wrapped in act(...).

When testing, code that causes React state updates should be wrapped into act(...):

act(() => {
  /* fire events that update state */
});
/* assert on the output */

This ensures that you're testing the behavior the user would see in the browser. Learn more at https://reactjs.org/link/wrap-tests-with-act
    at TemplateSelectionStep (C:/Users/Admin/graceful_books/src/components/wizards/steps/TemplateSelectionStep.tsx:7:3)

stderr | src/components/wizards/steps/TemplateSelectionStep.test.tsx > TemplateSelectionStep > should show preview when template is selected
Warning: An update to TemplateSelectionStep inside a test was not wrapped in act(...).

When testing, code that causes React state updates should be wrapped into act(...):

act(() => {
  /* fire events that update state */
});
/* assert on the output */

This ensures that you're testing the behavior the user would see in the browser. Learn more at https://reactjs.org/link/wrap-tests-with-act
    at TemplateSelectionStep (C:/Users/Admin/graceful_books/src/components/wizards/steps/TemplateSelectionStep.tsx:7:3)

 ❯ src/components/wizards/steps/TemplateSelectionStep.test.tsx (10 tests | 2 failed) 1553ms
     × should show account count for each template 62ms
     × should show preview when template is selected 86ms
 ❯ src/components/automation/SuggestionCard.test.tsx (23 tests | 2 failed) 1169ms
       × should display explanation 58ms
       × should have aria-expanded on Why button 18ms
 ❯ src/__tests__/infrastructure/dependencies.test.ts (59 tests | 1 failed) 2148ms
       × should consolidate multiple dependabot PRs 82ms
stdout | src/services/auditLogExtended.perf.test.ts > Extended Audit Log Performance Tests > Concurrent Operations Performance > should handle mixed concurrent operations
[AuditLogExtended] Starting audit log search { companyId: 'test-company', limit: 100 }
[AuditLogExtended] Generating audit log timeline {
  companyId: 'test-company',
  dateFrom: 2026-04-02T20:21:55.237Z,
  dateTo: 2026-05-02T20:21:55.237Z,
  groupBy: 'day'
}
[AuditLogExtended] Starting audit log search {
  companyId: 'test-company',
  dateFrom: 2026-04-02T20:21:55.237Z,
  dateTo: 2026-05-02T20:21:55.237Z,
  limit: undefined,
  sortBy: 'timestamp',
  sortOrder: 'desc'
}
[AuditLogExtended] Generating audit log statistics { companyId: 'test-company', dateFrom: undefined, dateTo: undefined }
[AuditLogExtended] Starting audit log search {
  companyId: 'test-company',
  dateFrom: undefined,
  dateTo: undefined,
  limit: undefined
}

stdout | src/services/auditLogExtended.perf.test.ts > Extended Audit Log Performance Tests > Concurrent Operations Performance > should handle mixed concurrent operations
[AuditLogExtended] Audit log search completed { total: 100000, returned: 100, executionTimeMs: 70997.68160000001 }

stdout | src/services/auditLogExtended.perf.test.ts > Extended Audit Log Performance Tests > Concurrent Operations Performance > should handle mixed concurrent operations
10 concurrent searches completed in 71001.07ms
Average time per search: 7100.11ms

stdout | src/services/auditLogExtended.perf.test.ts > Extended Audit Log Performance Tests > Concurrent Operations Performance > should handle mixed concurrent operations
[AuditLogExtended] Audit log search completed { total: 100000, returned: 100, executionTimeMs: 13262.026299999969 }

stdout | src/services/auditLogExtended.perf.test.ts > Extended Audit Log Performance Tests > Concurrent Operations Performance > should handle mixed concurrent operations
[AuditLogExtended] Audit log search completed { total: 8159, returned: 8159, executionTimeMs: 14232.106300000043 }

stdout | src/services/auditLogExtended.perf.test.ts > Extended Audit Log Performance Tests > Concurrent Operations Performance > should handle mixed concurrent operations
[AuditLogExtended] Timeline generation completed {
  entryCount: 31,
  totalLogs: 8159,
  executionTimeMs: 14252.002999999968
}

stdout | src/services/auditLogExtended.perf.test.ts > Extended Audit Log Performance Tests > Concurrent Operations Performance > should handle mixed concurrent operations
[AuditLogExtended] Audit log search completed {
  total: 100000,
  returned: 100000,
  executionTimeMs: 21262.639199999976
}

stdout | src/services/auditLogExtended.perf.test.ts > Extended Audit Log Performance Tests > Concurrent Operations Performance > should handle mixed concurrent operations
[AuditLogExtended] Statistics generation completed { totalLogs: 100000, executionTimeMs: 21667.05900000001 }

stdout | src/services/auditLogExtended.perf.test.ts > Extended Audit Log Performance Tests > Concurrent Operations Performance > should handle mixed concurrent operations
Mixed concurrent operations completed in 21679.15ms

Error: Uncaught [Error: useCPGSettingsContext must be used within a CPGSettingsProvider]
    at reportException (C:\Users\Admin\graceful_books\node_modules\jsdom\lib\jsdom\living\helpers\runtime-script-errors.js:66:24)
    at innerInvokeEventListeners (C:\Users\Admin\graceful_books\node_modules\jsdom\lib\jsdom\living\events\EventTarget-impl.js:353:9)
    at invokeEventListeners (C:\Users\Admin\graceful_books\node_modules\jsdom\lib\jsdom\living\events\EventTarget-impl.js:286:3)
    at HTMLUnknownElementImpl._dispatch (C:\Users\Admin\graceful_books\node_modules\jsdom\lib\jsdom\living\events\EventTarget-impl.js:233:9)
    at HTMLUnknownElementImpl.dispatchEvent (C:\Users\Admin\graceful_books\node_modules\jsdom\lib\jsdom\living\events\EventTarget-impl.js:104:17)
    at HTMLUnknownElement.dispatchEvent (C:\Users\Admin\graceful_books\node_modules\jsdom\lib\jsdom\living\generated\EventTarget.js:241:34)
    at Object.invokeGuardedCallbackDev (C:\Users\Admin\graceful_books\node_modules\react-dom\cjs\react-dom.development.js:4213:16)
    at invokeGuardedCallback (C:\Users\Admin\graceful_books\node_modules\react-dom\cjs\react-dom.development.js:4277:31)
    at beginWork$1 (C:\Users\Admin\graceful_books\node_modules\react-dom\cjs\react-dom.development.js:27490:7)
    at performUnitOfWork (C:\Users\Admin\graceful_books\node_modules\react-dom\cjs\react-dom.development.js:26599:12) Error: useCPGSettingsContext must be used within a CPGSettingsProvider
    at useCPGSettingsContext (C:/Users/Admin/graceful_books/src/contexts/CPGSettingsContext.tsx:166:11)
    at useCPGSettings (C:/Users/Admin/graceful_books/src/hooks/useCPGSettings.ts:12:10)
    at PromoImpactSummary (C:/Users/Admin/graceful_books/src/components/cpg/PromoImpactSummary.tsx:104:48)
    at renderWithHooks (C:\Users\Admin\graceful_books\node_modules\react-dom\cjs\react-dom.development.js:15486:18)
    at mountIndeterminateComponent (C:\Users\Admin\graceful_books\node_modules\react-dom\cjs\react-dom.development.js:20103:13)
    at beginWork (C:\Users\Admin\graceful_books\node_modules\react-dom\cjs\react-dom.development.js:21626:16)
    at HTMLUnknownElement.callCallback (C:\Users\Admin\graceful_books\node_modules\react-dom\cjs\react-dom.development.js:4164:14)
    at HTMLUnknownElement.callTheUserObjectsOperation (C:\Users\Admin\graceful_books\node_modules\jsdom\lib\jsdom\living\generated\EventListener.js:26:30)
    at innerInvokeEventListeners (C:\Users\Admin\graceful_books\node_modules\jsdom\lib\jsdom\living\events\EventTarget-impl.js:350:25)
    at invokeEventListeners (C:\Users\Admin\graceful_books\node_modules\jsdom\lib\jsdom\living\events\EventTarget-impl.js:286:3)
Error: Uncaught [Error: useCPGSettingsContext must be used within a CPGSettingsProvider]
    at reportException (C:\Users\Admin\graceful_books\node_modules\jsdom\lib\jsdom\living\helpers\runtime-script-errors.js:66:24)
    at innerInvokeEventListeners (C:\Users\Admin\graceful_books\node_modules\jsdom\lib\jsdom\living\events\EventTarget-impl.js:353:9)
    at invokeEventListeners (C:\Users\Admin\graceful_books\node_modules\jsdom\lib\jsdom\living\events\EventTarget-impl.js:286:3)
    at HTMLUnknownElementImpl._dispatch (C:\Users\Admin\graceful_books\node_modules\jsdom\lib\jsdom\living\events\EventTarget-impl.js:233:9)
    at HTMLUnknownElementImpl.dispatchEvent (C:\Users\Admin\graceful_books\node_modules\jsdom\lib\jsdom\living\events\EventTarget-impl.js:104:17)
    at HTMLUnknownElement.dispatchEvent (C:\Users\Admin\graceful_books\node_modules\jsdom\lib\jsdom\living\generated\EventTarget.js:241:34)
    at Object.invokeGuardedCallbackDev (C:\Users\Admin\graceful_books\node_modules\react-dom\cjs\react-dom.development.js:4213:16)
    at invokeGuardedCallback (C:\Users\Admin\graceful_books\node_modules\react-dom\cjs\react-dom.development.js:4277:31)
    at beginWork$1 (C:\Users\Admin\graceful_books\node_modules\react-dom\cjs\react-dom.development.js:27490:7)
    at performUnitOfWork (C:\Users\Admin\graceful_books\node_modules\react-dom\cjs\react-dom.development.js:26599:12) Error: useCPGSettingsContext must be used within a CPGSettingsProvider
    at useCPGSettingsContext (C:/Users/Admin/graceful_books/src/contexts/CPGSettingsContext.tsx:166:11)
    at useCPGSettings (C:/Users/Admin/graceful_books/src/hooks/useCPGSettings.ts:12:10)
    at PromoImpactSummary (C:/Users/Admin/graceful_books/src/components/cpg/PromoImpactSummary.tsx:104:48)
    at renderWithHooks (C:\Users\Admin\graceful_books\node_modules\react-dom\cjs\react-dom.development.js:15486:18)
    at mountIndeterminateComponent (C:\Users\Admin\graceful_books\node_modules\react-dom\cjs\react-dom.development.js:20103:13)
    at beginWork (C:\Users\Admin\graceful_books\node_modules\react-dom\cjs\react-dom.development.js:21626:16)
    at HTMLUnknownElement.callCallback (C:\Users\Admin\graceful_books\node_modules\react-dom\cjs\react-dom.development.js:4164:14)
    at HTMLUnknownElement.callTheUserObjectsOperation (C:\Users\Admin\graceful_books\node_modules\jsdom\lib\jsdom\living\generated\EventListener.js:26:30)
    at innerInvokeEventListeners (C:\Users\Admin\graceful_books\node_modules\jsdom\lib\jsdom\living\events\EventTarget-impl.js:350:25)
    at invokeEventListeners (C:\Users\Admin\graceful_books\node_modules\jsdom\lib\jsdom\living\events\EventTarget-impl.js:286:3)
Error: Uncaught [Error: useCPGSettingsContext must be used within a CPGSettingsProvider]
    at reportException (C:\Users\Admin\graceful_books\node_modules\jsdom\lib\jsdom\living\helpers\runtime-script-errors.js:66:24)
    at innerInvokeEventListeners (C:\Users\Admin\graceful_books\node_modules\jsdom\lib\jsdom\living\events\EventTarget-impl.js:353:9)
    at invokeEventListeners (C:\Users\Admin\graceful_books\node_modules\jsdom\lib\jsdom\living\events\EventTarget-impl.js:286:3)
    at HTMLUnknownElementImpl._dispatch (C:\Users\Admin\graceful_books\node_modules\jsdom\lib\jsdom\living\events\EventTarget-impl.js:233:9)
    at HTMLUnknownElementImpl.dispatchEvent (C:\Users\Admin\graceful_books\node_modules\jsdom\lib\jsdom\living\events\EventTarget-impl.js:104:17)
    at HTMLUnknownElement.dispatchEvent (C:\Users\Admin\graceful_books\node_modules\jsdom\lib\jsdom\living\generated\EventTarget.js:241:34)
    at Object.invokeGuardedCallbackDev (C:\Users\Admin\graceful_books\node_modules\react-dom\cjs\react-dom.development.js:4213:16)
    at invokeGuardedCallback (C:\Users\Admin\graceful_books\node_modules\react-dom\cjs\react-dom.development.js:4277:31)
    at beginWork$1 (C:\Users\Admin\graceful_books\node_modules\react-dom\cjs\react-dom.development.js:27490:7)
    at performUnitOfWork (C:\Users\Admin\graceful_books\node_modules\react-dom\cjs\react-dom.development.js:26599:12) Error: useCPGSettingsContext must be used within a CPGSettingsProvider
    at useCPGSettingsContext (C:/Users/Admin/graceful_books/src/contexts/CPGSettingsContext.tsx:166:11)
    at useCPGSettings (C:/Users/Admin/graceful_books/src/hooks/useCPGSettings.ts:12:10)
    at PromoImpactSummary (C:/Users/Admin/graceful_books/src/components/cpg/PromoImpactSummary.tsx:104:48)
    at renderWithHooks (C:\Users\Admin\graceful_books\node_modules\react-dom\cjs\react-dom.development.js:15486:18)
    at mountIndeterminateComponent (C:\Users\Admin\graceful_books\node_modules\react-dom\cjs\react-dom.development.js:20103:13)
    at beginWork (C:\Users\Admin\graceful_books\node_modules\react-dom\cjs\react-dom.development.js:21626:16)
    at HTMLUnknownElement.callCallback (C:\Users\Admin\graceful_books\node_modules\react-dom\cjs\react-dom.development.js:4164:14)
    at HTMLUnknownElement.callTheUserObjectsOperation (C:\Users\Admin\graceful_books\node_modules\jsdom\lib\jsdom\living\generated\EventListener.js:26:30)
    at innerInvokeEventListeners (C:\Users\Admin\graceful_books\node_modules\jsdom\lib\jsdom\living\events\EventTarget-impl.js:350:25)
    at invokeEventListeners (C:\Users\Admin\graceful_books\node_modules\jsdom\lib\jsdom\living\events\EventTarget-impl.js:286:3)
Error: Uncaught [Error: useCPGSettingsContext must be used within a CPGSettingsProvider]
    at reportException (C:\Users\Admin\graceful_books\node_modules\jsdom\lib\jsdom\living\helpers\runtime-script-errors.js:66:24)
    at innerInvokeEventListeners (C:\Users\Admin\graceful_books\node_modules\jsdom\lib\jsdom\living\events\EventTarget-impl.js:353:9)
    at invokeEventListeners (C:\Users\Admin\graceful_books\node_modules\jsdom\lib\jsdom\living\events\EventTarget-impl.js:286:3)
    at HTMLUnknownElementImpl._dispatch (C:\Users\Admin\graceful_books\node_modules\jsdom\lib\jsdom\living\events\EventTarget-impl.js:233:9)
    at HTMLUnknownElementImpl.dispatchEvent (C:\Users\Admin\graceful_books\node_modules\jsdom\lib\jsdom\living\events\EventTarget-impl.js:104:17)
    at HTMLUnknownElement.dispatchEvent (C:\Users\Admin\graceful_books\node_modules\jsdom\lib\jsdom\living\generated\EventTarget.js:241:34)
    at Object.invokeGuardedCallbackDev (C:\Users\Admin\graceful_books\node_modules\react-dom\cjs\react-dom.development.js:4213:16)
    at invokeGuardedCallback (C:\Users\Admin\graceful_books\node_modules\react-dom\cjs\react-dom.development.js:4277:31)
    at beginWork$1 (C:\Users\Admin\graceful_books\node_modules\react-dom\cjs\react-dom.development.js:27490:7)
    at performUnitOfWork (C:\Users\Admin\graceful_books\node_modules\react-dom\cjs\react-dom.development.js:26599:12) Error: useCPGSettingsContext must be used within a CPGSettingsProvider
    at useCPGSettingsContext (C:/Users/Admin/graceful_books/src/contexts/CPGSettingsContext.tsx:166:11)
    at useCPGSettings (C:/Users/Admin/graceful_books/src/hooks/useCPGSettings.ts:12:10)
    at PromoImpactSummary (C:/Users/Admin/graceful_books/src/components/cpg/PromoImpactSummary.tsx:104:48)
    at renderWithHooks (C:\Users\Admin\graceful_books\node_modules\react-dom\cjs\react-dom.development.js:15486:18)
    at mountIndeterminateComponent (C:\Users\Admin\graceful_books\node_modules\react-dom\cjs\react-dom.development.js:20103:13)
    at beginWork (C:\Users\Admin\graceful_books\node_modules\react-dom\cjs\react-dom.development.js:21626:16)
    at HTMLUnknownElement.callCallback (C:\Users\Admin\graceful_books\node_modules\react-dom\cjs\react-dom.development.js:4164:14)
    at HTMLUnknownElement.callTheUserObjectsOperation (C:\Users\Admin\graceful_books\node_modules\jsdom\lib\jsdom\living\generated\EventListener.js:26:30)
    at innerInvokeEventListeners (C:\Users\Admin\graceful_books\node_modules\jsdom\lib\jsdom\living\events\EventTarget-impl.js:350:25)
    at invokeEventListeners (C:\Users\Admin\graceful_books\node_modules\jsdom\lib\jsdom\living\events\EventTarget-impl.js:286:3)
Error: Uncaught [Error: useCPGSettingsContext must be used within a CPGSettingsProvider]
    at reportException (C:\Users\Admin\graceful_books\node_modules\jsdom\lib\jsdom\living\helpers\runtime-script-errors.js:66:24)
    at innerInvokeEventListeners (C:\Users\Admin\graceful_books\node_modules\jsdom\lib\jsdom\living\events\EventTarget-impl.js:353:9)
    at invokeEventListeners (C:\Users\Admin\graceful_books\node_modules\jsdom\lib\jsdom\living\events\EventTarget-impl.js:286:3)
    at HTMLUnknownElementImpl._dispatch (C:\Users\Admin\graceful_books\node_modules\jsdom\lib\jsdom\living\events\EventTarget-impl.js:233:9)
    at HTMLUnknownElementImpl.dispatchEvent (C:\Users\Admin\graceful_books\node_modules\jsdom\lib\jsdom\living\events\EventTarget-impl.js:104:17)
    at HTMLUnknownElement.dispatchEvent (C:\Users\Admin\graceful_books\node_modules\jsdom\lib\jsdom\living\generated\EventTarget.js:241:34)
    at Object.invokeGuardedCallbackDev (C:\Users\Admin\graceful_books\node_modules\react-dom\cjs\react-dom.development.js:4213:16)
    at invokeGuardedCallback (C:\Users\Admin\graceful_books\node_modules\react-dom\cjs\react-dom.development.js:4277:31)
    at beginWork$1 (C:\Users\Admin\graceful_books\node_modules\react-dom\cjs\react-dom.development.js:27490:7)
    at performUnitOfWork (C:\Users\Admin\graceful_books\node_modules\react-dom\cjs\react-dom.development.js:26599:12) Error: useCPGSettingsContext must be used within a CPGSettingsProvider
    at useCPGSettingsContext (C:/Users/Admin/graceful_books/src/contexts/CPGSettingsContext.tsx:166:11)
    at useCPGSettings (C:/Users/Admin/graceful_books/src/hooks/useCPGSettings.ts:12:10)
    at PromoImpactSummary (C:/Users/Admin/graceful_books/src/components/cpg/PromoImpactSummary.tsx:104:48)
    at renderWithHooks (C:\Users\Admin\graceful_books\node_modules\react-dom\cjs\react-dom.development.js:15486:18)
    at mountIndeterminateComponent (C:\Users\Admin\graceful_books\node_modules\react-dom\cjs\react-dom.development.js:20103:13)
    at beginWork (C:\Users\Admin\graceful_books\node_modules\react-dom\cjs\react-dom.development.js:21626:16)
    at HTMLUnknownElement.callCallback (C:\Users\Admin\graceful_books\node_modules\react-dom\cjs\react-dom.development.js:4164:14)
    at HTMLUnknownElement.callTheUserObjectsOperation (C:\Users\Admin\graceful_books\node_modules\jsdom\lib\jsdom\living\generated\EventListener.js:26:30)
    at innerInvokeEventListeners (C:\Users\Admin\graceful_books\node_modules\jsdom\lib\jsdom\living\events\EventTarget-impl.js:350:25)
    at invokeEventListeners (C:\Users\Admin\graceful_books\node_modules\jsdom\lib\jsdom\living\events\EventTarget-impl.js:286:3)
Error: Uncaught [Error: useCPGSettingsContext must be used within a CPGSettingsProvider]
    at reportException (C:\Users\Admin\graceful_books\node_modules\jsdom\lib\jsdom\living\helpers\runtime-script-errors.js:66:24)
    at innerInvokeEventListeners (C:\Users\Admin\graceful_books\node_modules\jsdom\lib\jsdom\living\events\EventTarget-impl.js:353:9)
    at invokeEventListeners (C:\Users\Admin\graceful_books\node_modules\jsdom\lib\jsdom\living\events\EventTarget-impl.js:286:3)
    at HTMLUnknownElementImpl._dispatch (C:\Users\Admin\graceful_books\node_modules\jsdom\lib\jsdom\living\events\EventTarget-impl.js:233:9)
    at HTMLUnknownElementImpl.dispatchEvent (C:\Users\Admin\graceful_books\node_modules\jsdom\lib\jsdom\living\events\EventTarget-impl.js:104:17)
    at HTMLUnknownElement.dispatchEvent (C:\Users\Admin\graceful_books\node_modules\jsdom\lib\jsdom\living\generated\EventTarget.js:241:34)
    at Object.invokeGuardedCallbackDev (C:\Users\Admin\graceful_books\node_modules\react-dom\cjs\react-dom.development.js:4213:16)
    at invokeGuardedCallback (C:\Users\Admin\graceful_books\node_modules\react-dom\cjs\react-dom.development.js:4277:31)
    at beginWork$1 (C:\Users\Admin\graceful_books\node_modules\react-dom\cjs\react-dom.development.js:27490:7)
    at performUnitOfWork (C:\Users\Admin\graceful_books\node_modules\react-dom\cjs\react-dom.development.js:26599:12) Error: useCPGSettingsContext must be used within a CPGSettingsProvider
    at useCPGSettingsContext (C:/Users/Admin/graceful_books/src/contexts/CPGSettingsContext.tsx:166:11)
    at useCPGSettings (C:/Users/Admin/graceful_books/src/hooks/useCPGSettings.ts:12:10)
    at PromoImpactSummary (C:/Users/Admin/graceful_books/src/components/cpg/PromoImpactSummary.tsx:104:48)
    at renderWithHooks (C:\Users\Admin\graceful_books\node_modules\react-dom\cjs\react-dom.development.js:15486:18)
    at mountIndeterminateComponent (C:\Users\Admin\graceful_books\node_modules\react-dom\cjs\react-dom.development.js:20103:13)
    at beginWork (C:\Users\Admin\graceful_books\node_modules\react-dom\cjs\react-dom.development.js:21626:16)
    at HTMLUnknownElement.callCallback (C:\Users\Admin\graceful_books\node_modules\react-dom\cjs\react-dom.development.js:4164:14)
    at HTMLUnknownElement.callTheUserObjectsOperation (C:\Users\Admin\graceful_books\node_modules\jsdom\lib\jsdom\living\generated\EventListener.js:26:30)
    at innerInvokeEventListeners (C:\Users\Admin\graceful_books\node_modules\jsdom\lib\jsdom\living\events\EventTarget-impl.js:350:25)
    at invokeEventListeners (C:\Users\Admin\graceful_books\node_modules\jsdom\lib\jsdom\living\events\EventTarget-impl.js:286:3)
Error: Uncaught [Error: useCPGSettingsContext must be used within a CPGSettingsProvider]
    at reportException (C:\Users\Admin\graceful_books\node_modules\jsdom\lib\jsdom\living\helpers\runtime-script-errors.js:66:24)
    at innerInvokeEventListeners (C:\Users\Admin\graceful_books\node_modules\jsdom\lib\jsdom\living\events\EventTarget-impl.js:353:9)
    at invokeEventListeners (C:\Users\Admin\graceful_books\node_modules\jsdom\lib\jsdom\living\events\EventTarget-impl.js:286:3)
    at HTMLUnknownElementImpl._dispatch (C:\Users\Admin\graceful_books\node_modules\jsdom\lib\jsdom\living\events\EventTarget-impl.js:233:9)
    at HTMLUnknownElementImpl.dispatchEvent (C:\Users\Admin\graceful_books\node_modules\jsdom\lib\jsdom\living\events\EventTarget-impl.js:104:17)
    at HTMLUnknownElement.dispatchEvent (C:\Users\Admin\graceful_books\node_modules\jsdom\lib\jsdom\living\generated\EventTarget.js:241:34)
    at Object.invokeGuardedCallbackDev (C:\Users\Admin\graceful_books\node_modules\react-dom\cjs\react-dom.development.js:4213:16)
    at invokeGuardedCallback (C:\Users\Admin\graceful_books\node_modules\react-dom\cjs\react-dom.development.js:4277:31)
    at beginWork$1 (C:\Users\Admin\graceful_books\node_modules\react-dom\cjs\react-dom.development.js:27490:7)
    at performUnitOfWork (C:\Users\Admin\graceful_books\node_modules\react-dom\cjs\react-dom.development.js:26599:12) Error: useCPGSettingsContext must be used within a CPGSettingsProvider
    at useCPGSettingsContext (C:/Users/Admin/graceful_books/src/contexts/CPGSettingsContext.tsx:166:11)
    at useCPGSettings (C:/Users/Admin/graceful_books/src/hooks/useCPGSettings.ts:12:10)
    at PromoImpactSummary (C:/Users/Admin/graceful_books/src/components/cpg/PromoImpactSummary.tsx:104:48)
    at renderWithHooks (C:\Users\Admin\graceful_books\node_modules\react-dom\cjs\react-dom.development.js:15486:18)
    at mountIndeterminateComponent (C:\Users\Admin\graceful_books\node_modules\react-dom\cjs\react-dom.development.js:20103:13)
    at beginWork (C:\Users\Admin\graceful_books\node_modules\react-dom\cjs\react-dom.development.js:21626:16)
    at HTMLUnknownElement.callCallback (C:\Users\Admin\graceful_books\node_modules\react-dom\cjs\react-dom.development.js:4164:14)
    at HTMLUnknownElement.callTheUserObjectsOperation (C:\Users\Admin\graceful_books\node_modules\jsdom\lib\jsdom\living\generated\EventListener.js:26:30)
    at innerInvokeEventListeners (C:\Users\Admin\graceful_books\node_modules\jsdom\lib\jsdom\living\events\EventTarget-impl.js:350:25)
    at invokeEventListeners (C:\Users\Admin\graceful_books\node_modules\jsdom\lib\jsdom\living\events\EventTarget-impl.js:286:3)
Error: Uncaught [Error: useCPGSettingsContext must be used within a CPGSettingsProvider]
    at reportException (C:\Users\Admin\graceful_books\node_modules\jsdom\lib\jsdom\living\helpers\runtime-script-errors.js:66:24)
    at innerInvokeEventListeners (C:\Users\Admin\graceful_books\node_modules\jsdom\lib\jsdom\living\events\EventTarget-impl.js:353:9)
    at invokeEventListeners (C:\Users\Admin\graceful_books\node_modules\jsdom\lib\jsdom\living\events\EventTarget-impl.js:286:3)
    at HTMLUnknownElementImpl._dispatch (C:\Users\Admin\graceful_books\node_modules\jsdom\lib\jsdom\living\events\EventTarget-impl.js:233:9)
    at HTMLUnknownElementImpl.dispatchEvent (C:\Users\Admin\graceful_books\node_modules\jsdom\lib\jsdom\living\events\EventTarget-impl.js:104:17)
    at HTMLUnknownElement.dispatchEvent (C:\Users\Admin\graceful_books\node_modules\jsdom\lib\jsdom\living\generated\EventTarget.js:241:34)
    at Object.invokeGuardedCallbackDev (C:\Users\Admin\graceful_books\node_modules\react-dom\cjs\react-dom.development.js:4213:16)
    at invokeGuardedCallback (C:\Users\Admin\graceful_books\node_modules\react-dom\cjs\react-dom.development.js:4277:31)
    at beginWork$1 (C:\Users\Admin\graceful_books\node_modules\react-dom\cjs\react-dom.development.js:27490:7)
    at performUnitOfWork (C:\Users\Admin\graceful_books\node_modules\react-dom\cjs\react-dom.development.js:26599:12) Error: useCPGSettingsContext must be used within a CPGSettingsProvider
    at useCPGSettingsContext (C:/Users/Admin/graceful_books/src/contexts/CPGSettingsContext.tsx:166:11)
    at useCPGSettings (C:/Users/Admin/graceful_books/src/hooks/useCPGSettings.ts:12:10)
    at PromoImpactSummary (C:/Users/Admin/graceful_books/src/components/cpg/PromoImpactSummary.tsx:104:48)
    at renderWithHooks (C:\Users\Admin\graceful_books\node_modules\react-dom\cjs\react-dom.development.js:15486:18)
    at mountIndeterminateComponent (C:\Users\Admin\graceful_books\node_modules\react-dom\cjs\react-dom.development.js:20103:13)
    at beginWork (C:\Users\Admin\graceful_books\node_modules\react-dom\cjs\react-dom.development.js:21626:16)
    at HTMLUnknownElement.callCallback (C:\Users\Admin\graceful_books\node_modules\react-dom\cjs\react-dom.development.js:4164:14)
    at HTMLUnknownElement.callTheUserObjectsOperation (C:\Users\Admin\graceful_books\node_modules\jsdom\lib\jsdom\living\generated\EventListener.js:26:30)
    at innerInvokeEventListeners (C:\Users\Admin\graceful_books\node_modules\jsdom\lib\jsdom\living\events\EventTarget-impl.js:350:25)
    at invokeEventListeners (C:\Users\Admin\graceful_books\node_modules\jsdom\lib\jsdom\living\events\EventTarget-impl.js:286:3)
Error: Uncaught [Error: useCPGSettingsContext must be used within a CPGSettingsProvider]
    at reportException (C:\Users\Admin\graceful_books\node_modules\jsdom\lib\jsdom\living\helpers\runtime-script-errors.js:66:24)
    at innerInvokeEventListeners (C:\Users\Admin\graceful_books\node_modules\jsdom\lib\jsdom\living\events\EventTarget-impl.js:353:9)
    at invokeEventListeners (C:\Users\Admin\graceful_books\node_modules\jsdom\lib\jsdom\living\events\EventTarget-impl.js:286:3)
    at HTMLUnknownElementImpl._dispatch (C:\Users\Admin\graceful_books\node_modules\jsdom\lib\jsdom\living\events\EventTarget-impl.js:233:9)
    at HTMLUnknownElementImpl.dispatchEvent (C:\Users\Admin\graceful_books\node_modules\jsdom\lib\jsdom\living\events\EventTarget-impl.js:104:17)
    at HTMLUnknownElement.dispatchEvent (C:\Users\Admin\graceful_books\node_modules\jsdom\lib\jsdom\living\generated\EventTarget.js:241:34)
    at Object.invokeGuardedCallbackDev (C:\Users\Admin\graceful_books\node_modules\react-dom\cjs\react-dom.development.js:4213:16)
    at invokeGuardedCallback (C:\Users\Admin\graceful_books\node_modules\react-dom\cjs\react-dom.development.js:4277:31)
    at beginWork$1 (C:\Users\Admin\graceful_books\node_modules\react-dom\cjs\react-dom.development.js:27490:7)
    at performUnitOfWork (C:\Users\Admin\graceful_books\node_modules\react-dom\cjs\react-dom.development.js:26599:12) Error: useCPGSettingsContext must be used within a CPGSettingsProvider
    at useCPGSettingsContext (C:/Users/Admin/graceful_books/src/contexts/CPGSettingsContext.tsx:166:11)
    at useCPGSettings (C:/Users/Admin/graceful_books/src/hooks/useCPGSettings.ts:12:10)
    at PromoImpactSummary (C:/Users/Admin/graceful_books/src/components/cpg/PromoImpactSummary.tsx:104:48)
    at renderWithHooks (C:\Users\Admin\graceful_books\node_modules\react-dom\cjs\react-dom.development.js:15486:18)
    at mountIndeterminateComponent (C:\Users\Admin\graceful_books\node_modules\react-dom\cjs\react-dom.development.js:20103:13)
    at beginWork (C:\Users\Admin\graceful_books\node_modules\react-dom\cjs\react-dom.development.js:21626:16)
    at HTMLUnknownElement.callCallback (C:\Users\Admin\graceful_books\node_modules\react-dom\cjs\react-dom.development.js:4164:14)
    at HTMLUnknownElement.callTheUserObjectsOperation (C:\Users\Admin\graceful_books\node_modules\jsdom\lib\jsdom\living\generated\EventListener.js:26:30)
    at innerInvokeEventListeners (C:\Users\Admin\graceful_books\node_modules\jsdom\lib\jsdom\living\events\EventTarget-impl.js:350:25)
    at invokeEventListeners (C:\Users\Admin\graceful_books\node_modules\jsdom\lib\jsdom\living\events\EventTarget-impl.js:286:3)
Error: Uncaught [Error: useCPGSettingsContext must be used within a CPGSettingsProvider]
    at reportException (C:\Users\Admin\graceful_books\node_modules\jsdom\lib\jsdom\living\helpers\runtime-script-errors.js:66:24)
    at innerInvokeEventListeners (C:\Users\Admin\graceful_books\node_modules\jsdom\lib\jsdom\living\events\EventTarget-impl.js:353:9)
    at invokeEventListeners (C:\Users\Admin\graceful_books\node_modules\jsdom\lib\jsdom\living\events\EventTarget-impl.js:286:3)
    at HTMLUnknownElementImpl._dispatch (C:\Users\Admin\graceful_books\node_modules\jsdom\lib\jsdom\living\events\EventTarget-impl.js:233:9)
    at HTMLUnknownElementImpl.dispatchEvent (C:\Users\Admin\graceful_books\node_modules\jsdom\lib\jsdom\living\events\EventTarget-impl.js:104:17)
    at HTMLUnknownElement.dispatchEvent (C:\Users\Admin\graceful_books\node_modules\jsdom\lib\jsdom\living\generated\EventTarget.js:241:34)
    at Object.invokeGuardedCallbackDev (C:\Users\Admin\graceful_books\node_modules\react-dom\cjs\react-dom.development.js:4213:16)
    at invokeGuardedCallback (C:\Users\Admin\graceful_books\node_modules\react-dom\cjs\react-dom.development.js:4277:31)
    at beginWork$1 (C:\Users\Admin\graceful_books\node_modules\react-dom\cjs\react-dom.development.js:27490:7)
    at performUnitOfWork (C:\Users\Admin\graceful_books\node_modules\react-dom\cjs\react-dom.development.js:26599:12) Error: useCPGSettingsContext must be used within a CPGSettingsProvider
    at useCPGSettingsContext (C:/Users/Admin/graceful_books/src/contexts/CPGSettingsContext.tsx:166:11)
    at useCPGSettings (C:/Users/Admin/graceful_books/src/hooks/useCPGSettings.ts:12:10)
    at PromoImpactSummary (C:/Users/Admin/graceful_books/src/components/cpg/PromoImpactSummary.tsx:104:48)
    at renderWithHooks (C:\Users\Admin\graceful_books\node_modules\react-dom\cjs\react-dom.development.js:15486:18)
    at mountIndeterminateComponent (C:\Users\Admin\graceful_books\node_modules\react-dom\cjs\react-dom.development.js:20103:13)
    at beginWork (C:\Users\Admin\graceful_books\node_modules\react-dom\cjs\react-dom.development.js:21626:16)
    at HTMLUnknownElement.callCallback (C:\Users\Admin\graceful_books\node_modules\react-dom\cjs\react-dom.development.js:4164:14)
    at HTMLUnknownElement.callTheUserObjectsOperation (C:\Users\Admin\graceful_books\node_modules\jsdom\lib\jsdom\living\generated\EventListener.js:26:30)
    at innerInvokeEventListeners (C:\Users\Admin\graceful_books\node_modules\jsdom\lib\jsdom\living\events\EventTarget-impl.js:350:25)
    at invokeEventListeners (C:\Users\Admin\graceful_books\node_modules\jsdom\lib\jsdom\living\events\EventTarget-impl.js:286:3)
Error: Uncaught [Error: useCPGSettingsContext must be used within a CPGSettingsProvider]
    at reportException (C:\Users\Admin\graceful_books\node_modules\jsdom\lib\jsdom\living\helpers\runtime-script-errors.js:66:24)
    at innerInvokeEventListeners (C:\Users\Admin\graceful_books\node_modules\jsdom\lib\jsdom\living\events\EventTarget-impl.js:353:9)
    at invokeEventListeners (C:\Users\Admin\graceful_books\node_modules\jsdom\lib\jsdom\living\events\EventTarget-impl.js:286:3)
    at HTMLUnknownElementImpl._dispatch (C:\Users\Admin\graceful_books\node_modules\jsdom\lib\jsdom\living\events\EventTarget-impl.js:233:9)
    at HTMLUnknownElementImpl.dispatchEvent (C:\Users\Admin\graceful_books\node_modules\jsdom\lib\jsdom\living\events\EventTarget-impl.js:104:17)
    at HTMLUnknownElement.dispatchEvent (C:\Users\Admin\graceful_books\node_modules\jsdom\lib\jsdom\living\generated\EventTarget.js:241:34)
    at Object.invokeGuardedCallbackDev (C:\Users\Admin\graceful_books\node_modules\react-dom\cjs\react-dom.development.js:4213:16)
    at invokeGuardedCallback (C:\Users\Admin\graceful_books\node_modules\react-dom\cjs\react-dom.development.js:4277:31)
    at beginWork$1 (C:\Users\Admin\graceful_books\node_modules\react-dom\cjs\react-dom.development.js:27490:7)
    at performUnitOfWork (C:\Users\Admin\graceful_books\node_modules\react-dom\cjs\react-dom.development.js:26599:12) Error: useCPGSettingsContext must be used within a CPGSettingsProvider
    at useCPGSettingsContext (C:/Users/Admin/graceful_books/src/contexts/CPGSettingsContext.tsx:166:11)
    at useCPGSettings (C:/Users/Admin/graceful_books/src/hooks/useCPGSettings.ts:12:10)
    at PromoImpactSummary (C:/Users/Admin/graceful_books/src/components/cpg/PromoImpactSummary.tsx:104:48)
    at renderWithHooks (C:\Users\Admin\graceful_books\node_modules\react-dom\cjs\react-dom.development.js:15486:18)
    at mountIndeterminateComponent (C:\Users\Admin\graceful_books\node_modules\react-dom\cjs\react-dom.development.js:20103:13)
    at beginWork (C:\Users\Admin\graceful_books\node_modules\react-dom\cjs\react-dom.development.js:21626:16)
    at HTMLUnknownElement.callCallback (C:\Users\Admin\graceful_books\node_modules\react-dom\cjs\react-dom.development.js:4164:14)
    at HTMLUnknownElement.callTheUserObjectsOperation (C:\Users\Admin\graceful_books\node_modules\jsdom\lib\jsdom\living\generated\EventListener.js:26:30)
    at innerInvokeEventListeners (C:\Users\Admin\graceful_books\node_modules\jsdom\lib\jsdom\living\events\EventTarget-impl.js:350:25)
    at invokeEventListeners (C:\Users\Admin\graceful_books\node_modules\jsdom\lib\jsdom\living\events\EventTarget-impl.js:286:3)
Error: Uncaught [Error: useCPGSettingsContext must be used within a CPGSettingsProvider]
    at reportException (C:\Users\Admin\graceful_books\node_modules\jsdom\lib\jsdom\living\helpers\runtime-script-errors.js:66:24)
    at innerInvokeEventListeners (C:\Users\Admin\graceful_books\node_modules\jsdom\lib\jsdom\living\events\EventTarget-impl.js:353:9)
    at invokeEventListeners (C:\Users\Admin\graceful_books\node_modules\jsdom\lib\jsdom\living\events\EventTarget-impl.js:286:3)
    at HTMLUnknownElementImpl._dispatch (C:\Users\Admin\graceful_books\node_modules\jsdom\lib\jsdom\living\events\EventTarget-impl.js:233:9)
    at HTMLUnknownElementImpl.dispatchEvent (C:\Users\Admin\graceful_books\node_modules\jsdom\lib\jsdom\living\events\EventTarget-impl.js:104:17)
    at HTMLUnknownElement.dispatchEvent (C:\Users\Admin\graceful_books\node_modules\jsdom\lib\jsdom\living\generated\EventTarget.js:241:34)
    at Object.invokeGuardedCallbackDev (C:\Users\Admin\graceful_books\node_modules\react-dom\cjs\react-dom.development.js:4213:16)
    at invokeGuardedCallback (C:\Users\Admin\graceful_books\node_modules\react-dom\cjs\react-dom.development.js:4277:31)
    at beginWork$1 (C:\Users\Admin\graceful_books\node_modules\react-dom\cjs\react-dom.development.js:27490:7)
    at performUnitOfWork (C:\Users\Admin\graceful_books\node_modules\react-dom\cjs\react-dom.development.js:26599:12) Error: useCPGSettingsContext must be used within a CPGSettingsProvider
    at useCPGSettingsContext (C:/Users/Admin/graceful_books/src/contexts/CPGSettingsContext.tsx:166:11)
    at useCPGSettings (C:/Users/Admin/graceful_books/src/hooks/useCPGSettings.ts:12:10)
    at PromoImpactSummary (C:/Users/Admin/graceful_books/src/components/cpg/PromoImpactSummary.tsx:104:48)
    at renderWithHooks (C:\Users\Admin\graceful_books\node_modules\react-dom\cjs\react-dom.development.js:15486:18)
    at mountIndeterminateComponent (C:\Users\Admin\graceful_books\node_modules\react-dom\cjs\react-dom.development.js:20103:13)
    at beginWork (C:\Users\Admin\graceful_books\node_modules\react-dom\cjs\react-dom.development.js:21626:16)
    at HTMLUnknownElement.callCallback (C:\Users\Admin\graceful_books\node_modules\react-dom\cjs\react-dom.development.js:4164:14)
    at HTMLUnknownElement.callTheUserObjectsOperation (C:\Users\Admin\graceful_books\node_modules\jsdom\lib\jsdom\living\generated\EventListener.js:26:30)
    at innerInvokeEventListeners (C:\Users\Admin\graceful_books\node_modules\jsdom\lib\jsdom\living\events\EventTarget-impl.js:350:25)
    at invokeEventListeners (C:\Users\Admin\graceful_books\node_modules\jsdom\lib\jsdom\living\events\EventTarget-impl.js:286:3)
Error: Uncaught [Error: useCPGSettingsContext must be used within a CPGSettingsProvider]
    at reportException (C:\Users\Admin\graceful_books\node_modules\jsdom\lib\jsdom\living\helpers\runtime-script-errors.js:66:24)
    at innerInvokeEventListeners (C:\Users\Admin\graceful_books\node_modules\jsdom\lib\jsdom\living\events\EventTarget-impl.js:353:9)
    at invokeEventListeners (C:\Users\Admin\graceful_books\node_modules\jsdom\lib\jsdom\living\events\EventTarget-impl.js:286:3)
    at HTMLUnknownElementImpl._dispatch (C:\Users\Admin\graceful_books\node_modules\jsdom\lib\jsdom\living\events\EventTarget-impl.js:233:9)
    at HTMLUnknownElementImpl.dispatchEvent (C:\Users\Admin\graceful_books\node_modules\jsdom\lib\jsdom\living\events\EventTarget-impl.js:104:17)
    at HTMLUnknownElement.dispatchEvent (C:\Users\Admin\graceful_books\node_modules\jsdom\lib\jsdom\living\generated\EventTarget.js:241:34)
    at Object.invokeGuardedCallbackDev (C:\Users\Admin\graceful_books\node_modules\react-dom\cjs\react-dom.development.js:4213:16)
    at invokeGuardedCallback (C:\Users\Admin\graceful_books\node_modules\react-dom\cjs\react-dom.development.js:4277:31)
    at beginWork$1 (C:\Users\Admin\graceful_books\node_modules\react-dom\cjs\react-dom.development.js:27490:7)
    at performUnitOfWork (C:\Users\Admin\graceful_books\node_modules\react-dom\cjs\react-dom.development.js:26599:12) Error: useCPGSettingsContext must be used within a CPGSettingsProvider
    at useCPGSettingsContext (C:/Users/Admin/graceful_books/src/contexts/CPGSettingsContext.tsx:166:11)
    at useCPGSettings (C:/Users/Admin/graceful_books/src/hooks/useCPGSettings.ts:12:10)
    at PromoImpactSummary (C:/Users/Admin/graceful_books/src/components/cpg/PromoImpactSummary.tsx:104:48)
    at renderWithHooks (C:\Users\Admin\graceful_books\node_modules\react-dom\cjs\react-dom.development.js:15486:18)
    at mountIndeterminateComponent (C:\Users\Admin\graceful_books\node_modules\react-dom\cjs\react-dom.development.js:20103:13)
    at beginWork (C:\Users\Admin\graceful_books\node_modules\react-dom\cjs\react-dom.development.js:21626:16)
    at HTMLUnknownElement.callCallback (C:\Users\Admin\graceful_books\node_modules\react-dom\cjs\react-dom.development.js:4164:14)
    at HTMLUnknownElement.callTheUserObjectsOperation (C:\Users\Admin\graceful_books\node_modules\jsdom\lib\jsdom\living\generated\EventListener.js:26:30)
    at innerInvokeEventListeners (C:\Users\Admin\graceful_books\node_modules\jsdom\lib\jsdom\living\events\EventTarget-impl.js:350:25)
    at invokeEventListeners (C:\Users\Admin\graceful_books\node_modules\jsdom\lib\jsdom\living\events\EventTarget-impl.js:286:3)
Error: Uncaught [Error: useCPGSettingsContext must be used within a CPGSettingsProvider]
    at reportException (C:\Users\Admin\graceful_books\node_modules\jsdom\lib\jsdom\living\helpers\runtime-script-errors.js:66:24)
    at innerInvokeEventListeners (C:\Users\Admin\graceful_books\node_modules\jsdom\lib\jsdom\living\events\EventTarget-impl.js:353:9)
    at invokeEventListeners (C:\Users\Admin\graceful_books\node_modules\jsdom\lib\jsdom\living\events\EventTarget-impl.js:286:3)
    at HTMLUnknownElementImpl._dispatch (C:\Users\Admin\graceful_books\node_modules\jsdom\lib\jsdom\living\events\EventTarget-impl.js:233:9)
    at HTMLUnknownElementImpl.dispatchEvent (C:\Users\Admin\graceful_books\node_modules\jsdom\lib\jsdom\living\events\EventTarget-impl.js:104:17)
    at HTMLUnknownElement.dispatchEvent (C:\Users\Admin\graceful_books\node_modules\jsdom\lib\jsdom\living\generated\EventTarget.js:241:34)
    at Object.invokeGuardedCallbackDev (C:\Users\Admin\graceful_books\node_modules\react-dom\cjs\react-dom.development.js:4213:16)
    at invokeGuardedCallback (C:\Users\Admin\graceful_books\node_modules\react-dom\cjs\react-dom.development.js:4277:31)
    at beginWork$1 (C:\Users\Admin\graceful_books\node_modules\react-dom\cjs\react-dom.development.js:27490:7)
    at performUnitOfWork (C:\Users\Admin\graceful_books\node_modules\react-dom\cjs\react-dom.development.js:26599:12) Error: useCPGSettingsContext must be used within a CPGSettingsProvider
    at useCPGSettingsContext (C:/Users/Admin/graceful_books/src/contexts/CPGSettingsContext.tsx:166:11)
    at useCPGSettings (C:/Users/Admin/graceful_books/src/hooks/useCPGSettings.ts:12:10)
    at PromoImpactSummary (C:/Users/Admin/graceful_books/src/components/cpg/PromoImpactSummary.tsx:104:48)
    at renderWithHooks (C:\Users\Admin\graceful_books\node_modules\react-dom\cjs\react-dom.development.js:15486:18)
    at mountIndeterminateComponent (C:\Users\Admin\graceful_books\node_modules\react-dom\cjs\react-dom.development.js:20103:13)
    at beginWork (C:\Users\Admin\graceful_books\node_modules\react-dom\cjs\react-dom.development.js:21626:16)
    at HTMLUnknownElement.callCallback (C:\Users\Admin\graceful_books\node_modules\react-dom\cjs\react-dom.development.js:4164:14)
    at HTMLUnknownElement.callTheUserObjectsOperation (C:\Users\Admin\graceful_books\node_modules\jsdom\lib\jsdom\living\generated\EventListener.js:26:30)
    at innerInvokeEventListeners (C:\Users\Admin\graceful_books\node_modules\jsdom\lib\jsdom\living\events\EventTarget-impl.js:350:25)
    at invokeEventListeners (C:\Users\Admin\graceful_books\node_modules\jsdom\lib\jsdom\living\events\EventTarget-impl.js:286:3)
Error: Uncaught [Error: useCPGSettingsContext must be used within a CPGSettingsProvider]
    at reportException (C:\Users\Admin\graceful_books\node_modules\jsdom\lib\jsdom\living\helpers\runtime-script-errors.js:66:24)
    at innerInvokeEventListeners (C:\Users\Admin\graceful_books\node_modules\jsdom\lib\jsdom\living\events\EventTarget-impl.js:353:9)
    at invokeEventListeners (C:\Users\Admin\graceful_books\node_modules\jsdom\lib\jsdom\living\events\EventTarget-impl.js:286:3)
    at HTMLUnknownElementImpl._dispatch (C:\Users\Admin\graceful_books\node_modules\jsdom\lib\jsdom\living\events\EventTarget-impl.js:233:9)
    at HTMLUnknownElementImpl.dispatchEvent (C:\Users\Admin\graceful_books\node_modules\jsdom\lib\jsdom\living\events\EventTarget-impl.js:104:17)
    at HTMLUnknownElement.dispatchEvent (C:\Users\Admin\graceful_books\node_modules\jsdom\lib\jsdom\living\generated\EventTarget.js:241:34)
    at Object.invokeGuardedCallbackDev (C:\Users\Admin\graceful_books\node_modules\react-dom\cjs\react-dom.development.js:4213:16)
    at invokeGuardedCallback (C:\Users\Admin\graceful_books\node_modules\react-dom\cjs\react-dom.development.js:4277:31)
    at beginWork$1 (C:\Users\Admin\graceful_books\node_modules\react-dom\cjs\react-dom.development.js:27490:7)
    at performUnitOfWork (C:\Users\Admin\graceful_books\node_modules\react-dom\cjs\react-dom.development.js:26599:12) Error: useCPGSettingsContext must be used within a CPGSettingsProvider
    at useCPGSettingsContext (C:/Users/Admin/graceful_books/src/contexts/CPGSettingsContext.tsx:166:11)
    at useCPGSettings (C:/Users/Admin/graceful_books/src/hooks/useCPGSettings.ts:12:10)
    at PromoImpactSummary (C:/Users/Admin/graceful_books/src/components/cpg/PromoImpactSummary.tsx:104:48)
    at renderWithHooks (C:\Users\Admin\graceful_books\node_modules\react-dom\cjs\react-dom.development.js:15486:18)
    at mountIndeterminateComponent (C:\Users\Admin\graceful_books\node_modules\react-dom\cjs\react-dom.development.js:20103:13)
    at beginWork (C:\Users\Admin\graceful_books\node_modules\react-dom\cjs\react-dom.development.js:21626:16)
    at HTMLUnknownElement.callCallback (C:\Users\Admin\graceful_books\node_modules\react-dom\cjs\react-dom.development.js:4164:14)
    at HTMLUnknownElement.callTheUserObjectsOperation (C:\Users\Admin\graceful_books\node_modules\jsdom\lib\jsdom\living\generated\EventListener.js:26:30)
    at innerInvokeEventListeners (C:\Users\Admin\graceful_books\node_modules\jsdom\lib\jsdom\living\events\EventTarget-impl.js:350:25)
    at invokeEventListeners (C:\Users\Admin\graceful_books\node_modules\jsdom\lib\jsdom\living\events\EventTarget-impl.js:286:3)
Error: Uncaught [Error: useCPGSettingsContext must be used within a CPGSettingsProvider]
    at reportException (C:\Users\Admin\graceful_books\node_modules\jsdom\lib\jsdom\living\helpers\runtime-script-errors.js:66:24)
    at innerInvokeEventListeners (C:\Users\Admin\graceful_books\node_modules\jsdom\lib\jsdom\living\events\EventTarget-impl.js:353:9)
    at invokeEventListeners (C:\Users\Admin\graceful_books\node_modules\jsdom\lib\jsdom\living\events\EventTarget-impl.js:286:3)
    at HTMLUnknownElementImpl._dispatch (C:\Users\Admin\graceful_books\node_modules\jsdom\lib\jsdom\living\events\EventTarget-impl.js:233:9)
    at HTMLUnknownElementImpl.dispatchEvent (C:\Users\Admin\graceful_books\node_modules\jsdom\lib\jsdom\living\events\EventTarget-impl.js:104:17)
    at HTMLUnknownElement.dispatchEvent (C:\Users\Admin\graceful_books\node_modules\jsdom\lib\jsdom\living\generated\EventTarget.js:241:34)
    at Object.invokeGuardedCallbackDev (C:\Users\Admin\graceful_books\node_modules\react-dom\cjs\react-dom.development.js:4213:16)
    at invokeGuardedCallback (C:\Users\Admin\graceful_books\node_modules\react-dom\cjs\react-dom.development.js:4277:31)
    at beginWork$1 (C:\Users\Admin\graceful_books\node_modules\react-dom\cjs\react-dom.development.js:27490:7)
    at performUnitOfWork (C:\Users\Admin\graceful_books\node_modules\react-dom\cjs\react-dom.development.js:26599:12) Error: useCPGSettingsContext must be used within a CPGSettingsProvider
    at useCPGSettingsContext (C:/Users/Admin/graceful_books/src/contexts/CPGSettingsContext.tsx:166:11)
    at useCPGSettings (C:/Users/Admin/graceful_books/src/hooks/useCPGSettings.ts:12:10)
    at PromoImpactSummary (C:/Users/Admin/graceful_books/src/components/cpg/PromoImpactSummary.tsx:104:48)
    at renderWithHooks (C:\Users\Admin\graceful_books\node_modules\react-dom\cjs\react-dom.development.js:15486:18)
    at mountIndeterminateComponent (C:\Users\Admin\graceful_books\node_modules\react-dom\cjs\react-dom.development.js:20103:13)
    at beginWork (C:\Users\Admin\graceful_books\node_modules\react-dom\cjs\react-dom.development.js:21626:16)
    at HTMLUnknownElement.callCallback (C:\Users\Admin\graceful_books\node_modules\react-dom\cjs\react-dom.development.js:4164:14)
    at HTMLUnknownElement.callTheUserObjectsOperation (C:\Users\Admin\graceful_books\node_modules\jsdom\lib\jsdom\living\generated\EventListener.js:26:30)
    at innerInvokeEventListeners (C:\Users\Admin\graceful_books\node_modules\jsdom\lib\jsdom\living\events\EventTarget-impl.js:350:25)
    at invokeEventListeners (C:\Users\Admin\graceful_books\node_modules\jsdom\lib\jsdom\living\events\EventTarget-impl.js:286:3)
Error: Uncaught [Error: useCPGSettingsContext must be used within a CPGSettingsProvider]
    at reportException (C:\Users\Admin\graceful_books\node_modules\jsdom\lib\jsdom\living\helpers\runtime-script-errors.js:66:24)
    at innerInvokeEventListeners (C:\Users\Admin\graceful_books\node_modules\jsdom\lib\jsdom\living\events\EventTarget-impl.js:353:9)
    at invokeEventListeners (C:\Users\Admin\graceful_books\node_modules\jsdom\lib\jsdom\living\events\EventTarget-impl.js:286:3)
    at HTMLUnknownElementImpl._dispatch (C:\Users\Admin\graceful_books\node_modules\jsdom\lib\jsdom\living\events\EventTarget-impl.js:233:9)
    at HTMLUnknownElementImpl.dispatchEvent (C:\Users\Admin\graceful_books\node_modules\jsdom\lib\jsdom\living\events\EventTarget-impl.js:104:17)
    at HTMLUnknownElement.dispatchEvent (C:\Users\Admin\graceful_books\node_modules\jsdom\lib\jsdom\living\generated\EventTarget.js:241:34)
    at Object.invokeGuardedCallbackDev (C:\Users\Admin\graceful_books\node_modules\react-dom\cjs\react-dom.development.js:4213:16)
    at invokeGuardedCallback (C:\Users\Admin\graceful_books\node_modules\react-dom\cjs\react-dom.development.js:4277:31)
    at beginWork$1 (C:\Users\Admin\graceful_books\node_modules\react-dom\cjs\react-dom.development.js:27490:7)
    at performUnitOfWork (C:\Users\Admin\graceful_books\node_modules\react-dom\cjs\react-dom.development.js:26599:12) Error: useCPGSettingsContext must be used within a CPGSettingsProvider
    at useCPGSettingsContext (C:/Users/Admin/graceful_books/src/contexts/CPGSettingsContext.tsx:166:11)
    at useCPGSettings (C:/Users/Admin/graceful_books/src/hooks/useCPGSettings.ts:12:10)
    at PromoImpactSummary (C:/Users/Admin/graceful_books/src/components/cpg/PromoImpactSummary.tsx:104:48)
    at renderWithHooks (C:\Users\Admin\graceful_books\node_modules\react-dom\cjs\react-dom.development.js:15486:18)
    at mountIndeterminateComponent (C:\Users\Admin\graceful_books\node_modules\react-dom\cjs\react-dom.development.js:20103:13)
    at beginWork (C:\Users\Admin\graceful_books\node_modules\react-dom\cjs\react-dom.development.js:21626:16)
    at HTMLUnknownElement.callCallback (C:\Users\Admin\graceful_books\node_modules\react-dom\cjs\react-dom.development.js:4164:14)
    at HTMLUnknownElement.callTheUserObjectsOperation (C:\Users\Admin\graceful_books\node_modules\jsdom\lib\jsdom\living\generated\EventListener.js:26:30)
    at innerInvokeEventListeners (C:\Users\Admin\graceful_books\node_modules\jsdom\lib\jsdom\living\events\EventTarget-impl.js:350:25)
    at invokeEventListeners (C:\Users\Admin\graceful_books\node_modules\jsdom\lib\jsdom\living\events\EventTarget-impl.js:286:3)
Error: Uncaught [Error: useCPGSettingsContext must be used within a CPGSettingsProvider]
    at reportException (C:\Users\Admin\graceful_books\node_modules\jsdom\lib\jsdom\living\helpers\runtime-script-errors.js:66:24)
    at innerInvokeEventListeners (C:\Users\Admin\graceful_books\node_modules\jsdom\lib\jsdom\living\events\EventTarget-impl.js:353:9)
    at invokeEventListeners (C:\Users\Admin\graceful_books\node_modules\jsdom\lib\jsdom\living\events\EventTarget-impl.js:286:3)
    at HTMLUnknownElementImpl._dispatch (C:\Users\Admin\graceful_books\node_modules\jsdom\lib\jsdom\living\events\EventTarget-impl.js:233:9)
    at HTMLUnknownElementImpl.dispatchEvent (C:\Users\Admin\graceful_books\node_modules\jsdom\lib\jsdom\living\events\EventTarget-impl.js:104:17)
    at HTMLUnknownElement.dispatchEvent (C:\Users\Admin\graceful_books\node_modules\jsdom\lib\jsdom\living\generated\EventTarget.js:241:34)
    at Object.invokeGuardedCallbackDev (C:\Users\Admin\graceful_books\node_modules\react-dom\cjs\react-dom.development.js:4213:16)
    at invokeGuardedCallback (C:\Users\Admin\graceful_books\node_modules\react-dom\cjs\react-dom.development.js:4277:31)
    at beginWork$1 (C:\Users\Admin\graceful_books\node_modules\react-dom\cjs\react-dom.development.js:27490:7)
    at performUnitOfWork (C:\Users\Admin\graceful_books\node_modules\react-dom\cjs\react-dom.development.js:26599:12) Error: useCPGSettingsContext must be used within a CPGSettingsProvider
    at useCPGSettingsContext (C:/Users/Admin/graceful_books/src/contexts/CPGSettingsContext.tsx:166:11)
    at useCPGSettings (C:/Users/Admin/graceful_books/src/hooks/useCPGSettings.ts:12:10)
    at PromoImpactSummary (C:/Users/Admin/graceful_books/src/components/cpg/PromoImpactSummary.tsx:104:48)
    at renderWithHooks (C:\Users\Admin\graceful_books\node_modules\react-dom\cjs\react-dom.development.js:15486:18)
    at mountIndeterminateComponent (C:\Users\Admin\graceful_books\node_modules\react-dom\cjs\react-dom.development.js:20103:13)
    at beginWork (C:\Users\Admin\graceful_books\node_modules\react-dom\cjs\react-dom.development.js:21626:16)
    at HTMLUnknownElement.callCallback (C:\Users\Admin\graceful_books\node_modules\react-dom\cjs\react-dom.development.js:4164:14)
    at HTMLUnknownElement.callTheUserObjectsOperation (C:\Users\Admin\graceful_books\node_modules\jsdom\lib\jsdom\living\generated\EventListener.js:26:30)
    at innerInvokeEventListeners (C:\Users\Admin\graceful_books\node_modules\jsdom\lib\jsdom\living\events\EventTarget-impl.js:350:25)
    at invokeEventListeners (C:\Users\Admin\graceful_books\node_modules\jsdom\lib\jsdom\living\events\EventTarget-impl.js:286:3)
Error: Uncaught [Error: useCPGSettingsContext must be used within a CPGSettingsProvider]
    at reportException (C:\Users\Admin\graceful_books\node_modules\jsdom\lib\jsdom\living\helpers\runtime-script-errors.js:66:24)
    at innerInvokeEventListeners (C:\Users\Admin\graceful_books\node_modules\jsdom\lib\jsdom\living\events\EventTarget-impl.js:353:9)
    at invokeEventListeners (C:\Users\Admin\graceful_books\node_modules\jsdom\lib\jsdom\living\events\EventTarget-impl.js:286:3)
    at HTMLUnknownElementImpl._dispatch (C:\Users\Admin\graceful_books\node_modules\jsdom\lib\jsdom\living\events\EventTarget-impl.js:233:9)
    at HTMLUnknownElementImpl.dispatchEvent (C:\Users\Admin\graceful_books\node_modules\jsdom\lib\jsdom\living\events\EventTarget-impl.js:104:17)
    at HTMLUnknownElement.dispatchEvent (C:\Users\Admin\graceful_books\node_modules\jsdom\lib\jsdom\living\generated\EventTarget.js:241:34)
    at Object.invokeGuardedCallbackDev (C:\Users\Admin\graceful_books\node_modules\react-dom\cjs\react-dom.development.js:4213:16)
    at invokeGuardedCallback (C:\Users\Admin\graceful_books\node_modules\react-dom\cjs\react-dom.development.js:4277:31)
    at beginWork$1 (C:\Users\Admin\graceful_books\node_modules\react-dom\cjs\react-dom.development.js:27490:7)
    at performUnitOfWork (C:\Users\Admin\graceful_books\node_modules\react-dom\cjs\react-dom.development.js:26599:12) Error: useCPGSettingsContext must be used within a CPGSettingsProvider
    at useCPGSettingsContext (C:/Users/Admin/graceful_books/src/contexts/CPGSettingsContext.tsx:166:11)
    at useCPGSettings (C:/Users/Admin/graceful_books/src/hooks/useCPGSettings.ts:12:10)
    at PromoImpactSummary (C:/Users/Admin/graceful_books/src/components/cpg/PromoImpactSummary.tsx:104:48)
    at renderWithHooks (C:\Users\Admin\graceful_books\node_modules\react-dom\cjs\react-dom.development.js:15486:18)
    at mountIndeterminateComponent (C:\Users\Admin\graceful_books\node_modules\react-dom\cjs\react-dom.development.js:20103:13)
    at beginWork (C:\Users\Admin\graceful_books\node_modules\react-dom\cjs\react-dom.development.js:21626:16)
    at HTMLUnknownElement.callCallback (C:\Users\Admin\graceful_books\node_modules\react-dom\cjs\react-dom.development.js:4164:14)
    at HTMLUnknownElement.callTheUserObjectsOperation (C:\Users\Admin\graceful_books\node_modules\jsdom\lib\jsdom\living\generated\EventListener.js:26:30)
    at innerInvokeEventListeners (C:\Users\Admin\graceful_books\node_modules\jsdom\lib\jsdom\living\events\EventTarget-impl.js:350:25)
    at invokeEventListeners (C:\Users\Admin\graceful_books\node_modules\jsdom\lib\jsdom\living\events\EventTarget-impl.js:286:3)
Error: Uncaught [Error: useCPGSettingsContext must be used within a CPGSettingsProvider]
    at reportException (C:\Users\Admin\graceful_books\node_modules\jsdom\lib\jsdom\living\helpers\runtime-script-errors.js:66:24)
    at innerInvokeEventListeners (C:\Users\Admin\graceful_books\node_modules\jsdom\lib\jsdom\living\events\EventTarget-impl.js:353:9)
    at invokeEventListeners (C:\Users\Admin\graceful_books\node_modules\jsdom\lib\jsdom\living\events\EventTarget-impl.js:286:3)
    at HTMLUnknownElementImpl._dispatch (C:\Users\Admin\graceful_books\node_modules\jsdom\lib\jsdom\living\events\EventTarget-impl.js:233:9)
    at HTMLUnknownElementImpl.dispatchEvent (C:\Users\Admin\graceful_books\node_modules\jsdom\lib\jsdom\living\events\EventTarget-impl.js:104:17)
    at HTMLUnknownElement.dispatchEvent (C:\Users\Admin\graceful_books\node_modules\jsdom\lib\jsdom\living\generated\EventTarget.js:241:34)
    at Object.invokeGuardedCallbackDev (C:\Users\Admin\graceful_books\node_modules\react-dom\cjs\react-dom.development.js:4213:16)
    at invokeGuardedCallback (C:\Users\Admin\graceful_books\node_modules\react-dom\cjs\react-dom.development.js:4277:31)
    at beginWork$1 (C:\Users\Admin\graceful_books\node_modules\react-dom\cjs\react-dom.development.js:27490:7)
    at performUnitOfWork (C:\Users\Admin\graceful_books\node_modules\react-dom\cjs\react-dom.development.js:26599:12) Error: useCPGSettingsContext must be used within a CPGSettingsProvider
    at useCPGSettingsContext (C:/Users/Admin/graceful_books/src/contexts/CPGSettingsContext.tsx:166:11)
    at useCPGSettings (C:/Users/Admin/graceful_books/src/hooks/useCPGSettings.ts:12:10)
    at PromoImpactSummary (C:/Users/Admin/graceful_books/src/components/cpg/PromoImpactSummary.tsx:104:48)
    at renderWithHooks (C:\Users\Admin\graceful_books\node_modules\react-dom\cjs\react-dom.development.js:15486:18)
    at mountIndeterminateComponent (C:\Users\Admin\graceful_books\node_modules\react-dom\cjs\react-dom.development.js:20103:13)
    at beginWork (C:\Users\Admin\graceful_books\node_modules\react-dom\cjs\react-dom.development.js:21626:16)
    at HTMLUnknownElement.callCallback (C:\Users\Admin\graceful_books\node_modules\react-dom\cjs\react-dom.development.js:4164:14)
    at HTMLUnknownElement.callTheUserObjectsOperation (C:\Users\Admin\graceful_books\node_modules\jsdom\lib\jsdom\living\generated\EventListener.js:26:30)
    at innerInvokeEventListeners (C:\Users\Admin\graceful_books\node_modules\jsdom\lib\jsdom\living\events\EventTarget-impl.js:350:25)
    at invokeEventListeners (C:\Users\Admin\graceful_books\node_modules\jsdom\lib\jsdom\living\events\EventTarget-impl.js:286:3)
Error: Uncaught [Error: useCPGSettingsContext must be used within a CPGSettingsProvider]
    at reportException (C:\Users\Admin\graceful_books\node_modules\jsdom\lib\jsdom\living\helpers\runtime-script-errors.js:66:24)
    at innerInvokeEventListeners (C:\Users\Admin\graceful_books\node_modules\jsdom\lib\jsdom\living\events\EventTarget-impl.js:353:9)
    at invokeEventListeners (C:\Users\Admin\graceful_books\node_modules\jsdom\lib\jsdom\living\events\EventTarget-impl.js:286:3)
    at HTMLUnknownElementImpl._dispatch (C:\Users\Admin\graceful_books\node_modules\jsdom\lib\jsdom\living\events\EventTarget-impl.js:233:9)
    at HTMLUnknownElementImpl.dispatchEvent (C:\Users\Admin\graceful_books\node_modules\jsdom\lib\jsdom\living\events\EventTarget-impl.js:104:17)
    at HTMLUnknownElement.dispatchEvent (C:\Users\Admin\graceful_books\node_modules\jsdom\lib\jsdom\living\generated\EventTarget.js:241:34)
    at Object.invokeGuardedCallbackDev (C:\Users\Admin\graceful_books\node_modules\react-dom\cjs\react-dom.development.js:4213:16)
    at invokeGuardedCallback (C:\Users\Admin\graceful_books\node_modules\react-dom\cjs\react-dom.development.js:4277:31)
    at beginWork$1 (C:\Users\Admin\graceful_books\node_modules\react-dom\cjs\react-dom.development.js:27490:7)
    at performUnitOfWork (C:\Users\Admin\graceful_books\node_modules\react-dom\cjs\react-dom.development.js:26599:12) Error: useCPGSettingsContext must be used within a CPGSettingsProvider
    at useCPGSettingsContext (C:/Users/Admin/graceful_books/src/contexts/CPGSettingsContext.tsx:166:11)
    at useCPGSettings (C:/Users/Admin/graceful_books/src/hooks/useCPGSettings.ts:12:10)
    at PromoImpactSummary (C:/Users/Admin/graceful_books/src/components/cpg/PromoImpactSummary.tsx:104:48)
    at renderWithHooks (C:\Users\Admin\graceful_books\node_modules\react-dom\cjs\react-dom.development.js:15486:18)
    at mountIndeterminateComponent (C:\Users\Admin\graceful_books\node_modules\react-dom\cjs\react-dom.development.js:20103:13)
    at beginWork (C:\Users\Admin\graceful_books\node_modules\react-dom\cjs\react-dom.development.js:21626:16)
    at HTMLUnknownElement.callCallback (C:\Users\Admin\graceful_books\node_modules\react-dom\cjs\react-dom.development.js:4164:14)
    at HTMLUnknownElement.callTheUserObjectsOperation (C:\Users\Admin\graceful_books\node_modules\jsdom\lib\jsdom\living\generated\EventListener.js:26:30)
    at innerInvokeEventListeners (C:\Users\Admin\graceful_books\node_modules\jsdom\lib\jsdom\living\events\EventTarget-impl.js:350:25)
    at invokeEventListeners (C:\Users\Admin\graceful_books\node_modules\jsdom\lib\jsdom\living\events\EventTarget-impl.js:286:3)
Error: Uncaught [Error: useCPGSettingsContext must be used within a CPGSettingsProvider]
    at reportException (C:\Users\Admin\graceful_books\node_modules\jsdom\lib\jsdom\living\helpers\runtime-script-errors.js:66:24)
    at innerInvokeEventListeners (C:\Users\Admin\graceful_books\node_modules\jsdom\lib\jsdom\living\events\EventTarget-impl.js:353:9)
    at invokeEventListeners (C:\Users\Admin\graceful_books\node_modules\jsdom\lib\jsdom\living\events\EventTarget-impl.js:286:3)
    at HTMLUnknownElementImpl._dispatch (C:\Users\Admin\graceful_books\node_modules\jsdom\lib\jsdom\living\events\EventTarget-impl.js:233:9)
    at HTMLUnknownElementImpl.dispatchEvent (C:\Users\Admin\graceful_books\node_modules\jsdom\lib\jsdom\living\events\EventTarget-impl.js:104:17)
    at HTMLUnknownElement.dispatchEvent (C:\Users\Admin\graceful_books\node_modules\jsdom\lib\jsdom\living\generated\EventTarget.js:241:34)
    at Object.invokeGuardedCallbackDev (C:\Users\Admin\graceful_books\node_modules\react-dom\cjs\react-dom.development.js:4213:16)
    at invokeGuardedCallback (C:\Users\Admin\graceful_books\node_modules\react-dom\cjs\react-dom.development.js:4277:31)
    at beginWork$1 (C:\Users\Admin\graceful_books\node_modules\react-dom\cjs\react-dom.development.js:27490:7)
    at performUnitOfWork (C:\Users\Admin\graceful_books\node_modules\react-dom\cjs\react-dom.development.js:26599:12) Error: useCPGSettingsContext must be used within a CPGSettingsProvider
    at useCPGSettingsContext (C:/Users/Admin/graceful_books/src/contexts/CPGSettingsContext.tsx:166:11)
    at useCPGSettings (C:/Users/Admin/graceful_books/src/hooks/useCPGSettings.ts:12:10)
    at PromoImpactSummary (C:/Users/Admin/graceful_books/src/components/cpg/PromoImpactSummary.tsx:104:48)
    at renderWithHooks (C:\Users\Admin\graceful_books\node_modules\react-dom\cjs\react-dom.development.js:15486:18)
    at mountIndeterminateComponent (C:\Users\Admin\graceful_books\node_modules\react-dom\cjs\react-dom.development.js:20103:13)
    at beginWork (C:\Users\Admin\graceful_books\node_modules\react-dom\cjs\react-dom.development.js:21626:16)
    at HTMLUnknownElement.callCallback (C:\Users\Admin\graceful_books\node_modules\react-dom\cjs\react-dom.development.js:4164:14)
    at HTMLUnknownElement.callTheUserObjectsOperation (C:\Users\Admin\graceful_books\node_modules\jsdom\lib\jsdom\living\generated\EventListener.js:26:30)
    at innerInvokeEventListeners (C:\Users\Admin\graceful_books\node_modules\jsdom\lib\jsdom\living\events\EventTarget-impl.js:350:25)
    at invokeEventListeners (C:\Users\Admin\graceful_books\node_modules\jsdom\lib\jsdom\living\events\EventTarget-impl.js:286:3)
Error: Uncaught [Error: useCPGSettingsContext must be used within a CPGSettingsProvider]
    at reportException (C:\Users\Admin\graceful_books\node_modules\jsdom\lib\jsdom\living\helpers\runtime-script-errors.js:66:24)
    at innerInvokeEventListeners (C:\Users\Admin\graceful_books\node_modules\jsdom\lib\jsdom\living\events\EventTarget-impl.js:353:9)
    at invokeEventListeners (C:\Users\Admin\graceful_books\node_modules\jsdom\lib\jsdom\living\events\EventTarget-impl.js:286:3)
    at HTMLUnknownElementImpl._dispatch (C:\Users\Admin\graceful_books\node_modules\jsdom\lib\jsdom\living\events\EventTarget-impl.js:233:9)
    at HTMLUnknownElementImpl.dispatchEvent (C:\Users\Admin\graceful_books\node_modules\jsdom\lib\jsdom\living\events\EventTarget-impl.js:104:17)
    at HTMLUnknownElement.dispatchEvent (C:\Users\Admin\graceful_books\node_modules\jsdom\lib\jsdom\living\generated\EventTarget.js:241:34)
    at Object.invokeGuardedCallbackDev (C:\Users\Admin\graceful_books\node_modules\react-dom\cjs\react-dom.development.js:4213:16)
    at invokeGuardedCallback (C:\Users\Admin\graceful_books\node_modules\react-dom\cjs\react-dom.development.js:4277:31)
    at beginWork$1 (C:\Users\Admin\graceful_books\node_modules\react-dom\cjs\react-dom.development.js:27490:7)
    at performUnitOfWork (C:\Users\Admin\graceful_books\node_modules\react-dom\cjs\react-dom.development.js:26599:12) Error: useCPGSettingsContext must be used within a CPGSettingsProvider
    at useCPGSettingsContext (C:/Users/Admin/graceful_books/src/contexts/CPGSettingsContext.tsx:166:11)
    at useCPGSettings (C:/Users/Admin/graceful_books/src/hooks/useCPGSettings.ts:12:10)
    at PromoImpactSummary (C:/Users/Admin/graceful_books/src/components/cpg/PromoImpactSummary.tsx:104:48)
    at renderWithHooks (C:\Users\Admin\graceful_books\node_modules\react-dom\cjs\react-dom.development.js:15486:18)
    at mountIndeterminateComponent (C:\Users\Admin\graceful_books\node_modules\react-dom\cjs\react-dom.development.js:20103:13)
    at beginWork (C:\Users\Admin\graceful_books\node_modules\react-dom\cjs\react-dom.development.js:21626:16)
    at HTMLUnknownElement.callCallback (C:\Users\Admin\graceful_books\node_modules\react-dom\cjs\react-dom.development.js:4164:14)
    at HTMLUnknownElement.callTheUserObjectsOperation (C:\Users\Admin\graceful_books\node_modules\jsdom\lib\jsdom\living\generated\EventListener.js:26:30)
    at innerInvokeEventListeners (C:\Users\Admin\graceful_books\node_modules\jsdom\lib\jsdom\living\events\EventTarget-impl.js:350:25)
    at invokeEventListeners (C:\Users\Admin\graceful_books\node_modules\jsdom\lib\jsdom\living\events\EventTarget-impl.js:286:3)
Error: Uncaught [Error: useCPGSettingsContext must be used within a CPGSettingsProvider]
    at reportException (C:\Users\Admin\graceful_books\node_modules\jsdom\lib\jsdom\living\helpers\runtime-script-errors.js:66:24)
    at innerInvokeEventListeners (C:\Users\Admin\graceful_books\node_modules\jsdom\lib\jsdom\living\events\EventTarget-impl.js:353:9)
    at invokeEventListeners (C:\Users\Admin\graceful_books\node_modules\jsdom\lib\jsdom\living\events\EventTarget-impl.js:286:3)
    at HTMLUnknownElementImpl._dispatch (C:\Users\Admin\graceful_books\node_modules\jsdom\lib\jsdom\living\events\EventTarget-impl.js:233:9)
    at HTMLUnknownElementImpl.dispatchEvent (C:\Users\Admin\graceful_books\node_modules\jsdom\lib\jsdom\living\events\EventTarget-impl.js:104:17)
    at HTMLUnknownElement.dispatchEvent (C:\Users\Admin\graceful_books\node_modules\jsdom\lib\jsdom\living\generated\EventTarget.js:241:34)
    at Object.invokeGuardedCallbackDev (C:\Users\Admin\graceful_books\node_modules\react-dom\cjs\react-dom.development.js:4213:16)
    at invokeGuardedCallback (C:\Users\Admin\graceful_books\node_modules\react-dom\cjs\react-dom.development.js:4277:31)
    at beginWork$1 (C:\Users\Admin\graceful_books\node_modules\react-dom\cjs\react-dom.development.js:27490:7)
    at performUnitOfWork (C:\Users\Admin\graceful_books\node_modules\react-dom\cjs\react-dom.development.js:26599:12) Error: useCPGSettingsContext must be used within a CPGSettingsProvider
    at useCPGSettingsContext (C:/Users/Admin/graceful_books/src/contexts/CPGSettingsContext.tsx:166:11)
    at useCPGSettings (C:/Users/Admin/graceful_books/src/hooks/useCPGSettings.ts:12:10)
    at PromoImpactSummary (C:/Users/Admin/graceful_books/src/components/cpg/PromoImpactSummary.tsx:104:48)
    at renderWithHooks (C:\Users\Admin\graceful_books\node_modules\react-dom\cjs\react-dom.development.js:15486:18)
    at mountIndeterminateComponent (C:\Users\Admin\graceful_books\node_modules\react-dom\cjs\react-dom.development.js:20103:13)
    at beginWork (C:\Users\Admin\graceful_books\node_modules\react-dom\cjs\react-dom.development.js:21626:16)
    at HTMLUnknownElement.callCallback (C:\Users\Admin\graceful_books\node_modules\react-dom\cjs\react-dom.development.js:4164:14)
    at HTMLUnknownElement.callTheUserObjectsOperation (C:\Users\Admin\graceful_books\node_modules\jsdom\lib\jsdom\living\generated\EventListener.js:26:30)
    at innerInvokeEventListeners (C:\Users\Admin\graceful_books\node_modules\jsdom\lib\jsdom\living\events\EventTarget-impl.js:350:25)
    at invokeEventListeners (C:\Users\Admin\graceful_books\node_modules\jsdom\lib\jsdom\living\events\EventTarget-impl.js:286:3)
Error: Uncaught [Error: useCPGSettingsContext must be used within a CPGSettingsProvider]
    at reportException (C:\Users\Admin\graceful_books\node_modules\jsdom\lib\jsdom\living\helpers\runtime-script-errors.js:66:24)
    at innerInvokeEventListeners (C:\Users\Admin\graceful_books\node_modules\jsdom\lib\jsdom\living\events\EventTarget-impl.js:353:9)
    at invokeEventListeners (C:\Users\Admin\graceful_books\node_modules\jsdom\lib\jsdom\living\events\EventTarget-impl.js:286:3)
    at HTMLUnknownElementImpl._dispatch (C:\Users\Admin\graceful_books\node_modules\jsdom\lib\jsdom\living\events\EventTarget-impl.js:233:9)
    at HTMLUnknownElementImpl.dispatchEvent (C:\Users\Admin\graceful_books\node_modules\jsdom\lib\jsdom\living\events\EventTarget-impl.js:104:17)
    at HTMLUnknownElement.dispatchEvent (C:\Users\Admin\graceful_books\node_modules\jsdom\lib\jsdom\living\generated\EventTarget.js:241:34)
    at Object.invokeGuardedCallbackDev (C:\Users\Admin\graceful_books\node_modules\react-dom\cjs\react-dom.development.js:4213:16)
    at invokeGuardedCallback (C:\Users\Admin\graceful_books\node_modules\react-dom\cjs\react-dom.development.js:4277:31)
    at beginWork$1 (C:\Users\Admin\graceful_books\node_modules\react-dom\cjs\react-dom.development.js:27490:7)
    at performUnitOfWork (C:\Users\Admin\graceful_books\node_modules\react-dom\cjs\react-dom.development.js:26599:12) Error: useCPGSettingsContext must be used within a CPGSettingsProvider
    at useCPGSettingsContext (C:/Users/Admin/graceful_books/src/contexts/CPGSettingsContext.tsx:166:11)
    at useCPGSettings (C:/Users/Admin/graceful_books/src/hooks/useCPGSettings.ts:12:10)
    at PromoImpactSummary (C:/Users/Admin/graceful_books/src/components/cpg/PromoImpactSummary.tsx:104:48)
    at renderWithHooks (C:\Users\Admin\graceful_books\node_modules\react-dom\cjs\react-dom.development.js:15486:18)
    at mountIndeterminateComponent (C:\Users\Admin\graceful_books\node_modules\react-dom\cjs\react-dom.development.js:20103:13)
    at beginWork (C:\Users\Admin\graceful_books\node_modules\react-dom\cjs\react-dom.development.js:21626:16)
    at HTMLUnknownElement.callCallback (C:\Users\Admin\graceful_books\node_modules\react-dom\cjs\react-dom.development.js:4164:14)
    at HTMLUnknownElement.callTheUserObjectsOperation (C:\Users\Admin\graceful_books\node_modules\jsdom\lib\jsdom\living\generated\EventListener.js:26:30)
    at innerInvokeEventListeners (C:\Users\Admin\graceful_books\node_modules\jsdom\lib\jsdom\living\events\EventTarget-impl.js:350:25)
    at invokeEventListeners (C:\Users\Admin\graceful_books\node_modules\jsdom\lib\jsdom\living\events\EventTarget-impl.js:286:3)
Error: Uncaught [Error: useCPGSettingsContext must be used within a CPGSettingsProvider]
    at reportException (C:\Users\Admin\graceful_books\node_modules\jsdom\lib\jsdom\living\helpers\runtime-script-errors.js:66:24)
    at innerInvokeEventListeners (C:\Users\Admin\graceful_books\node_modules\jsdom\lib\jsdom\living\events\EventTarget-impl.js:353:9)
    at invokeEventListeners (C:\Users\Admin\graceful_books\node_modules\jsdom\lib\jsdom\living\events\EventTarget-impl.js:286:3)
    at HTMLUnknownElementImpl._dispatch (C:\Users\Admin\graceful_books\node_modules\jsdom\lib\jsdom\living\events\EventTarget-impl.js:233:9)
    at HTMLUnknownElementImpl.dispatchEvent (C:\Users\Admin\graceful_books\node_modules\jsdom\lib\jsdom\living\events\EventTarget-impl.js:104:17)
    at HTMLUnknownElement.dispatchEvent (C:\Users\Admin\graceful_books\node_modules\jsdom\lib\jsdom\living\generated\EventTarget.js:241:34)
    at Object.invokeGuardedCallbackDev (C:\Users\Admin\graceful_books\node_modules\react-dom\cjs\react-dom.development.js:4213:16)
    at invokeGuardedCallback (C:\Users\Admin\graceful_books\node_modules\react-dom\cjs\react-dom.development.js:4277:31)
    at beginWork$1 (C:\Users\Admin\graceful_books\node_modules\react-dom\cjs\react-dom.development.js:27490:7)
    at performUnitOfWork (C:\Users\Admin\graceful_books\node_modules\react-dom\cjs\react-dom.development.js:26599:12) Error: useCPGSettingsContext must be used within a CPGSettingsProvider
    at useCPGSettingsContext (C:/Users/Admin/graceful_books/src/contexts/CPGSettingsContext.tsx:166:11)
    at useCPGSettings (C:/Users/Admin/graceful_books/src/hooks/useCPGSettings.ts:12:10)
    at PromoImpactSummary (C:/Users/Admin/graceful_books/src/components/cpg/PromoImpactSummary.tsx:104:48)
    at renderWithHooks (C:\Users\Admin\graceful_books\node_modules\react-dom\cjs\react-dom.development.js:15486:18)
    at mountIndeterminateComponent (C:\Users\Admin\graceful_books\node_modules\react-dom\cjs\react-dom.development.js:20103:13)
    at beginWork (C:\Users\Admin\graceful_books\node_modules\react-dom\cjs\react-dom.development.js:21626:16)
    at HTMLUnknownElement.callCallback (C:\Users\Admin\graceful_books\node_modules\react-dom\cjs\react-dom.development.js:4164:14)
    at HTMLUnknownElement.callTheUserObjectsOperation (C:\Users\Admin\graceful_books\node_modules\jsdom\lib\jsdom\living\generated\EventListener.js:26:30)
    at innerInvokeEventListeners (C:\Users\Admin\graceful_books\node_modules\jsdom\lib\jsdom\living\events\EventTarget-impl.js:350:25)
    at invokeEventListeners (C:\Users\Admin\graceful_books\node_modules\jsdom\lib\jsdom\living\events\EventTarget-impl.js:286:3)
Error: Uncaught [Error: useCPGSettingsContext must be used within a CPGSettingsProvider]
    at reportException (C:\Users\Admin\graceful_books\node_modules\jsdom\lib\jsdom\living\helpers\runtime-script-errors.js:66:24)
    at innerInvokeEventListeners (C:\Users\Admin\graceful_books\node_modules\jsdom\lib\jsdom\living\events\EventTarget-impl.js:353:9)
    at invokeEventListeners (C:\Users\Admin\graceful_books\node_modules\jsdom\lib\jsdom\living\events\EventTarget-impl.js:286:3)
    at HTMLUnknownElementImpl._dispatch (C:\Users\Admin\graceful_books\node_modules\jsdom\lib\jsdom\living\events\EventTarget-impl.js:233:9)
    at HTMLUnknownElementImpl.dispatchEvent (C:\Users\Admin\graceful_books\node_modules\jsdom\lib\jsdom\living\events\EventTarget-impl.js:104:17)
    at HTMLUnknownElement.dispatchEvent (C:\Users\Admin\graceful_books\node_modules\jsdom\lib\jsdom\living\generated\EventTarget.js:241:34)
    at Object.invokeGuardedCallbackDev (C:\Users\Admin\graceful_books\node_modules\react-dom\cjs\react-dom.development.js:4213:16)
    at invokeGuardedCallback (C:\Users\Admin\graceful_books\node_modules\react-dom\cjs\react-dom.development.js:4277:31)
    at beginWork$1 (C:\Users\Admin\graceful_books\node_modules\react-dom\cjs\react-dom.development.js:27490:7)
    at performUnitOfWork (C:\Users\Admin\graceful_books\node_modules\react-dom\cjs\react-dom.development.js:26599:12) Error: useCPGSettingsContext must be used within a CPGSettingsProvider
    at useCPGSettingsContext (C:/Users/Admin/graceful_books/src/contexts/CPGSettingsContext.tsx:166:11)
    at useCPGSettings (C:/Users/Admin/graceful_books/src/hooks/useCPGSettings.ts:12:10)
    at PromoImpactSummary (C:/Users/Admin/graceful_books/src/components/cpg/PromoImpactSummary.tsx:104:48)
    at renderWithHooks (C:\Users\Admin\graceful_books\node_modules\react-dom\cjs\react-dom.development.js:15486:18)
    at mountIndeterminateComponent (C:\Users\Admin\graceful_books\node_modules\react-dom\cjs\react-dom.development.js:20103:13)
    at beginWork (C:\Users\Admin\graceful_books\node_modules\react-dom\cjs\react-dom.development.js:21626:16)
    at HTMLUnknownElement.callCallback (C:\Users\Admin\graceful_books\node_modules\react-dom\cjs\react-dom.development.js:4164:14)
    at HTMLUnknownElement.callTheUserObjectsOperation (C:\Users\Admin\graceful_books\node_modules\jsdom\lib\jsdom\living\generated\EventListener.js:26:30)
    at innerInvokeEventListeners (C:\Users\Admin\graceful_books\node_modules\jsdom\lib\jsdom\living\events\EventTarget-impl.js:350:25)
    at invokeEventListeners (C:\Users\Admin\graceful_books\node_modules\jsdom\lib\jsdom\living\events\EventTarget-impl.js:286:3)
Error: Uncaught [Error: useCPGSettingsContext must be used within a CPGSettingsProvider]
    at reportException (C:\Users\Admin\graceful_books\node_modules\jsdom\lib\jsdom\living\helpers\runtime-script-errors.js:66:24)
    at innerInvokeEventListeners (C:\Users\Admin\graceful_books\node_modules\jsdom\lib\jsdom\living\events\EventTarget-impl.js:353:9)
    at invokeEventListeners (C:\Users\Admin\graceful_books\node_modules\jsdom\lib\jsdom\living\events\EventTarget-impl.js:286:3)
    at HTMLUnknownElementImpl._dispatch (C:\Users\Admin\graceful_books\node_modules\jsdom\lib\jsdom\living\events\EventTarget-impl.js:233:9)
    at HTMLUnknownElementImpl.dispatchEvent (C:\Users\Admin\graceful_books\node_modules\jsdom\lib\jsdom\living\events\EventTarget-impl.js:104:17)
    at HTMLUnknownElement.dispatchEvent (C:\Users\Admin\graceful_books\node_modules\jsdom\lib\jsdom\living\generated\EventTarget.js:241:34)
    at Object.invokeGuardedCallbackDev (C:\Users\Admin\graceful_books\node_modules\react-dom\cjs\react-dom.development.js:4213:16)
    at invokeGuardedCallback (C:\Users\Admin\graceful_books\node_modules\react-dom\cjs\react-dom.development.js:4277:31)
    at beginWork$1 (C:\Users\Admin\graceful_books\node_modules\react-dom\cjs\react-dom.development.js:27490:7)
    at performUnitOfWork (C:\Users\Admin\graceful_books\node_modules\react-dom\cjs\react-dom.development.js:26599:12) Error: useCPGSettingsContext must be used within a CPGSettingsProvider
    at useCPGSettingsContext (C:/Users/Admin/graceful_books/src/contexts/CPGSettingsContext.tsx:166:11)
    at useCPGSettings (C:/Users/Admin/graceful_books/src/hooks/useCPGSettings.ts:12:10)
    at PromoImpactSummary (C:/Users/Admin/graceful_books/src/components/cpg/PromoImpactSummary.tsx:104:48)
    at renderWithHooks (C:\Users\Admin\graceful_books\node_modules\react-dom\cjs\react-dom.development.js:15486:18)
    at mountIndeterminateComponent (C:\Users\Admin\graceful_books\node_modules\react-dom\cjs\react-dom.development.js:20103:13)
    at beginWork (C:\Users\Admin\graceful_books\node_modules\react-dom\cjs\react-dom.development.js:21626:16)
    at HTMLUnknownElement.callCallback (C:\Users\Admin\graceful_books\node_modules\react-dom\cjs\react-dom.development.js:4164:14)
    at HTMLUnknownElement.callTheUserObjectsOperation (C:\Users\Admin\graceful_books\node_modules\jsdom\lib\jsdom\living\generated\EventListener.js:26:30)
    at innerInvokeEventListeners (C:\Users\Admin\graceful_books\node_modules\jsdom\lib\jsdom\living\events\EventTarget-impl.js:350:25)
    at invokeEventListeners (C:\Users\Admin\graceful_books\node_modules\jsdom\lib\jsdom\living\events\EventTarget-impl.js:286:3)
Error: Uncaught [Error: useCPGSettingsContext must be used within a CPGSettingsProvider]
    at reportException (C:\Users\Admin\graceful_books\node_modules\jsdom\lib\jsdom\living\helpers\runtime-script-errors.js:66:24)
    at innerInvokeEventListeners (C:\Users\Admin\graceful_books\node_modules\jsdom\lib\jsdom\living\events\EventTarget-impl.js:353:9)
    at invokeEventListeners (C:\Users\Admin\graceful_books\node_modules\jsdom\lib\jsdom\living\events\EventTarget-impl.js:286:3)
    at HTMLUnknownElementImpl._dispatch (C:\Users\Admin\graceful_books\node_modules\jsdom\lib\jsdom\living\events\EventTarget-impl.js:233:9)
    at HTMLUnknownElementImpl.dispatchEvent (C:\Users\Admin\graceful_books\node_modules\jsdom\lib\jsdom\living\events\EventTarget-impl.js:104:17)
    at HTMLUnknownElement.dispatchEvent (C:\Users\Admin\graceful_books\node_modules\jsdom\lib\jsdom\living\generated\EventTarget.js:241:34)
    at Object.invokeGuardedCallbackDev (C:\Users\Admin\graceful_books\node_modules\react-dom\cjs\react-dom.development.js:4213:16)
    at invokeGuardedCallback (C:\Users\Admin\graceful_books\node_modules\react-dom\cjs\react-dom.development.js:4277:31)
    at beginWork$1 (C:\Users\Admin\graceful_books\node_modules\react-dom\cjs\react-dom.development.js:27490:7)
    at performUnitOfWork (C:\Users\Admin\graceful_books\node_modules\react-dom\cjs\react-dom.development.js:26599:12) Error: useCPGSettingsContext must be used within a CPGSettingsProvider
    at useCPGSettingsContext (C:/Users/Admin/graceful_books/src/contexts/CPGSettingsContext.tsx:166:11)
    at useCPGSettings (C:/Users/Admin/graceful_books/src/hooks/useCPGSettings.ts:12:10)
    at PromoImpactSummary (C:/Users/Admin/graceful_books/src/components/cpg/PromoImpactSummary.tsx:104:48)
    at renderWithHooks (C:\Users\Admin\graceful_books\node_modules\react-dom\cjs\react-dom.development.js:15486:18)
    at mountIndeterminateComponent (C:\Users\Admin\graceful_books\node_modules\react-dom\cjs\react-dom.development.js:20103:13)
    at beginWork (C:\Users\Admin\graceful_books\node_modules\react-dom\cjs\react-dom.development.js:21626:16)
    at HTMLUnknownElement.callCallback (C:\Users\Admin\graceful_books\node_modules\react-dom\cjs\react-dom.development.js:4164:14)
    at HTMLUnknownElement.callTheUserObjectsOperation (C:\Users\Admin\graceful_books\node_modules\jsdom\lib\jsdom\living\generated\EventListener.js:26:30)
    at innerInvokeEventListeners (C:\Users\Admin\graceful_books\node_modules\jsdom\lib\jsdom\living\events\EventTarget-impl.js:350:25)
    at invokeEventListeners (C:\Users\Admin\graceful_books\node_modules\jsdom\lib\jsdom\living\events\EventTarget-impl.js:286:3)
Error: Uncaught [Error: useCPGSettingsContext must be used within a CPGSettingsProvider]
    at reportException (C:\Users\Admin\graceful_books\node_modules\jsdom\lib\jsdom\living\helpers\runtime-script-errors.js:66:24)
    at innerInvokeEventListeners (C:\Users\Admin\graceful_books\node_modules\jsdom\lib\jsdom\living\events\EventTarget-impl.js:353:9)
    at invokeEventListeners (C:\Users\Admin\graceful_books\node_modules\jsdom\lib\jsdom\living\events\EventTarget-impl.js:286:3)
    at HTMLUnknownElementImpl._dispatch (C:\Users\Admin\graceful_books\node_modules\jsdom\lib\jsdom\living\events\EventTarget-impl.js:233:9)
    at HTMLUnknownElementImpl.dispatchEvent (C:\Users\Admin\graceful_books\node_modules\jsdom\lib\jsdom\living\events\EventTarget-impl.js:104:17)
    at HTMLUnknownElement.dispatchEvent (C:\Users\Admin\graceful_books\node_modules\jsdom\lib\jsdom\living\generated\EventTarget.js:241:34)
    at Object.invokeGuardedCallbackDev (C:\Users\Admin\graceful_books\node_modules\react-dom\cjs\react-dom.development.js:4213:16)
    at invokeGuardedCallback (C:\Users\Admin\graceful_books\node_modules\react-dom\cjs\react-dom.development.js:4277:31)
    at beginWork$1 (C:\Users\Admin\graceful_books\node_modules\react-dom\cjs\react-dom.development.js:27490:7)
    at performUnitOfWork (C:\Users\Admin\graceful_books\node_modules\react-dom\cjs\react-dom.development.js:26599:12) Error: useCPGSettingsContext must be used within a CPGSettingsProvider
    at useCPGSettingsContext (C:/Users/Admin/graceful_books/src/contexts/CPGSettingsContext.tsx:166:11)
    at useCPGSettings (C:/Users/Admin/graceful_books/src/hooks/useCPGSettings.ts:12:10)
    at PromoImpactSummary (C:/Users/Admin/graceful_books/src/components/cpg/PromoImpactSummary.tsx:104:48)
    at renderWithHooks (C:\Users\Admin\graceful_books\node_modules\react-dom\cjs\react-dom.development.js:15486:18)
    at mountIndeterminateComponent (C:\Users\Admin\graceful_books\node_modules\react-dom\cjs\react-dom.development.js:20103:13)
    at beginWork (C:\Users\Admin\graceful_books\node_modules\react-dom\cjs\react-dom.development.js:21626:16)
    at HTMLUnknownElement.callCallback (C:\Users\Admin\graceful_books\node_modules\react-dom\cjs\react-dom.development.js:4164:14)
    at HTMLUnknownElement.callTheUserObjectsOperation (C:\Users\Admin\graceful_books\node_modules\jsdom\lib\jsdom\living\generated\EventListener.js:26:30)
    at innerInvokeEventListeners (C:\Users\Admin\graceful_books\node_modules\jsdom\lib\jsdom\living\events\EventTarget-impl.js:350:25)
    at invokeEventListeners (C:\Users\Admin\graceful_books\node_modules\jsdom\lib\jsdom\living\events\EventTarget-impl.js:286:3)
stderr | src/components/cpg/PromoImpactSummary.test.tsx > PromoImpactSummary > Rendering > renders title
The above error occurred in the <PromoImpactSummary> component:

    at PromoImpactSummary (C:/Users/Admin/graceful_books/src/components/cpg/PromoImpactSummary.tsx:9:3)

Consider adding an error boundary to your tree to customize error handling behavior.
Visit https://reactjs.org/link/error-boundaries to learn more about error boundaries.

stderr | src/components/cpg/PromoImpactSummary.test.tsx > PromoImpactSummary > Rendering > renders all metric cards
The above error occurred in the <PromoImpactSummary> component:

    at PromoImpactSummary (C:/Users/Admin/graceful_books/src/components/cpg/PromoImpactSummary.tsx:9:3)

Consider adding an error boundary to your tree to customize error handling behavior.
Visit https://reactjs.org/link/error-boundaries to learn more about error boundaries.

stderr | src/components/cpg/PromoImpactSummary.test.tsx > PromoImpactSummary > Margin Difference Display > displays negative margin difference with down arrow
The above error occurred in the <PromoImpactSummary> component:

    at PromoImpactSummary (C:/Users/Admin/graceful_books/src/components/cpg/PromoImpactSummary.tsx:9:3)

Consider adding an error boundary to your tree to customize error handling behavior.
Visit https://reactjs.org/link/error-boundaries to learn more about error boundaries.

Error: Uncaught [Error: useCPGSettingsContext must be used within a CPGSettingsProvider]
    at reportException (C:\Users\Admin\graceful_books\node_modules\jsdom\lib\jsdom\living\helpers\runtime-script-errors.js:66:24)
    at innerInvokeEventListeners (C:\Users\Admin\graceful_books\node_modules\jsdom\lib\jsdom\living\events\EventTarget-impl.js:353:9)
    at invokeEventListeners (C:\Users\Admin\graceful_books\node_modules\jsdom\lib\jsdom\living\events\EventTarget-impl.js:286:3)
    at HTMLUnknownElementImpl._dispatch (C:\Users\Admin\graceful_books\node_modules\jsdom\lib\jsdom\living\events\EventTarget-impl.js:233:9)
    at HTMLUnknownElementImpl.dispatchEvent (C:\Users\Admin\graceful_books\node_modules\jsdom\lib\jsdom\living\events\EventTarget-impl.js:104:17)
    at HTMLUnknownElement.dispatchEvent (C:\Users\Admin\graceful_books\node_modules\jsdom\lib\jsdom\living\generated\EventTarget.js:241:34)
    at Object.invokeGuardedCallbackDev (C:\Users\Admin\graceful_books\node_modules\react-dom\cjs\react-dom.development.js:4213:16)
    at invokeGuardedCallback (C:\Users\Admin\graceful_books\node_modules\react-dom\cjs\react-dom.development.js:4277:31)
    at beginWork$1 (C:\Users\Admin\graceful_books\node_modules\react-dom\cjs\react-dom.development.js:27490:7)
    at performUnitOfWork (C:\Users\Admin\graceful_books\node_modules\react-dom\cjs\react-dom.development.js:26599:12) Error: useCPGSettingsContext must be used within a CPGSettingsProvider
    at useCPGSettingsContext (C:/Users/Admin/graceful_books/src/contexts/CPGSettingsContext.tsx:166:11)
    at useCPGSettings (C:/Users/Admin/graceful_books/src/hooks/useCPGSettings.ts:12:10)
    at PromoImpactSummary (C:/Users/Admin/graceful_books/src/components/cpg/PromoImpactSummary.tsx:104:48)
    at renderWithHooks (C:\Users\Admin\graceful_books\node_modules\react-dom\cjs\react-dom.development.js:15486:18)
    at mountIndeterminateComponent (C:\Users\Admin\graceful_books\node_modules\react-dom\cjs\react-dom.development.js:20103:13)
    at beginWork (C:\Users\Admin\graceful_books\node_modules\react-dom\cjs\react-dom.development.js:21626:16)
    at HTMLUnknownElement.callCallback (C:\Users\Admin\graceful_books\node_modules\react-dom\cjs\react-dom.development.js:4164:14)
    at HTMLUnknownElement.callTheUserObjectsOperation (C:\Users\Admin\graceful_books\node_modules\jsdom\lib\jsdom\living\generated\EventListener.js:26:30)
    at innerInvokeEventListeners (C:\Users\Admin\graceful_books\node_modules\jsdom\lib\jsdom\living\events\EventTarget-impl.js:350:25)
    at invokeEventListeners (C:\Users\Admin\graceful_books\node_modules\jsdom\lib\jsdom\living\events\EventTarget-impl.js:286:3)
Error: Uncaught [Error: useCPGSettingsContext must be used within a CPGSettingsProvider]
    at reportException (C:\Users\Admin\graceful_books\node_modules\jsdom\lib\jsdom\living\helpers\runtime-script-errors.js:66:24)
    at innerInvokeEventListeners (C:\Users\Admin\graceful_books\node_modules\jsdom\lib\jsdom\living\events\EventTarget-impl.js:353:9)
    at invokeEventListeners (C:\Users\Admin\graceful_books\node_modules\jsdom\lib\jsdom\living\events\EventTarget-impl.js:286:3)
    at HTMLUnknownElementImpl._dispatch (C:\Users\Admin\graceful_books\node_modules\jsdom\lib\jsdom\living\events\EventTarget-impl.js:233:9)
    at HTMLUnknownElementImpl.dispatchEvent (C:\Users\Admin\graceful_books\node_modules\jsdom\lib\jsdom\living\events\EventTarget-impl.js:104:17)
    at HTMLUnknownElement.dispatchEvent (C:\Users\Admin\graceful_books\node_modules\jsdom\lib\jsdom\living\generated\EventTarget.js:241:34)
    at Object.invokeGuardedCallbackDev (C:\Users\Admin\graceful_books\node_modules\react-dom\cjs\react-dom.development.js:4213:16)
    at invokeGuardedCallback (C:\Users\Admin\graceful_books\node_modules\react-dom\cjs\react-dom.development.js:4277:31)
    at beginWork$1 (C:\Users\Admin\graceful_books\node_modules\react-dom\cjs\react-dom.development.js:27490:7)
    at performUnitOfWork (C:\Users\Admin\graceful_books\node_modules\react-dom\cjs\react-dom.development.js:26599:12) Error: useCPGSettingsContext must be used within a CPGSettingsProvider
    at useCPGSettingsContext (C:/Users/Admin/graceful_books/src/contexts/CPGSettingsContext.tsx:166:11)
    at useCPGSettings (C:/Users/Admin/graceful_books/src/hooks/useCPGSettings.ts:12:10)
    at PromoImpactSummary (C:/Users/Admin/graceful_books/src/components/cpg/PromoImpactSummary.tsx:104:48)
    at renderWithHooks (C:\Users\Admin\graceful_books\node_modules\react-dom\cjs\react-dom.development.js:15486:18)
    at mountIndeterminateComponent (C:\Users\Admin\graceful_books\node_modules\react-dom\cjs\react-dom.development.js:20103:13)
    at beginWork (C:\Users\Admin\graceful_books\node_modules\react-dom\cjs\react-dom.development.js:21626:16)
    at HTMLUnknownElement.callCallback (C:\Users\Admin\graceful_books\node_modules\react-dom\cjs\react-dom.development.js:4164:14)
    at HTMLUnknownElement.callTheUserObjectsOperation (C:\Users\Admin\graceful_books\node_modules\jsdom\lib\jsdom\living\generated\EventListener.js:26:30)
    at innerInvokeEventListeners (C:\Users\Admin\graceful_books\node_modules\jsdom\lib\jsdom\living\events\EventTarget-impl.js:350:25)
    at invokeEventListeners (C:\Users\Admin\graceful_books\node_modules\jsdom\lib\jsdom\living\events\EventTarget-impl.js:286:3)
Error: Uncaught [Error: useCPGSettingsContext must be used within a CPGSettingsProvider]
    at reportException (C:\Users\Admin\graceful_books\node_modules\jsdom\lib\jsdom\living\helpers\runtime-script-errors.js:66:24)
    at innerInvokeEventListeners (C:\Users\Admin\graceful_books\node_modules\jsdom\lib\jsdom\living\events\EventTarget-impl.js:353:9)
    at invokeEventListeners (C:\Users\Admin\graceful_books\node_modules\jsdom\lib\jsdom\living\events\EventTarget-impl.js:286:3)
    at HTMLUnknownElementImpl._dispatch (C:\Users\Admin\graceful_books\node_modules\jsdom\lib\jsdom\living\events\EventTarget-impl.js:233:9)
    at HTMLUnknownElementImpl.dispatchEvent (C:\Users\Admin\graceful_books\node_modules\jsdom\lib\jsdom\living\events\EventTarget-impl.js:104:17)
    at HTMLUnknownElement.dispatchEvent (C:\Users\Admin\graceful_books\node_modules\jsdom\lib\jsdom\living\generated\EventTarget.js:241:34)
    at Object.invokeGuardedCallbackDev (C:\Users\Admin\graceful_books\node_modules\react-dom\cjs\react-dom.development.js:4213:16)
    at invokeGuardedCallback (C:\Users\Admin\graceful_books\node_modules\react-dom\cjs\react-dom.development.js:4277:31)
    at beginWork$1 (C:\Users\Admin\graceful_books\node_modules\react-dom\cjs\react-dom.development.js:27490:7)
    at performUnitOfWork (C:\Users\Admin\graceful_books\node_modules\react-dom\cjs\react-dom.development.js:26599:12) Error: useCPGSettingsContext must be used within a CPGSettingsProvider
    at useCPGSettingsContext (C:/Users/Admin/graceful_books/src/contexts/CPGSettingsContext.tsx:166:11)
    at useCPGSettings (C:/Users/Admin/graceful_books/src/hooks/useCPGSettings.ts:12:10)
    at PromoImpactSummary (C:/Users/Admin/graceful_books/src/components/cpg/PromoImpactSummary.tsx:104:48)
    at renderWithHooks (C:\Users\Admin\graceful_books\node_modules\react-dom\cjs\react-dom.development.js:15486:18)
    at mountIndeterminateComponent (C:\Users\Admin\graceful_books\node_modules\react-dom\cjs\react-dom.development.js:20103:13)
    at beginWork (C:\Users\Admin\graceful_books\node_modules\react-dom\cjs\react-dom.development.js:21626:16)
    at HTMLUnknownElement.callCallback (C:\Users\Admin\graceful_books\node_modules\react-dom\cjs\react-dom.development.js:4164:14)
    at HTMLUnknownElement.callTheUserObjectsOperation (C:\Users\Admin\graceful_books\node_modules\jsdom\lib\jsdom\living\generated\EventListener.js:26:30)
    at innerInvokeEventListeners (C:\Users\Admin\graceful_books\node_modules\jsdom\lib\jsdom\living\events\EventTarget-impl.js:350:25)
    at invokeEventListeners (C:\Users\Admin\graceful_books\node_modules\jsdom\lib\jsdom\living\events\EventTarget-impl.js:286:3)
Error: Uncaught [Error: useCPGSettingsContext must be used within a CPGSettingsProvider]
    at reportException (C:\Users\Admin\graceful_books\node_modules\jsdom\lib\jsdom\living\helpers\runtime-script-errors.js:66:24)
    at innerInvokeEventListeners (C:\Users\Admin\graceful_books\node_modules\jsdom\lib\jsdom\living\events\EventTarget-impl.js:353:9)
    at invokeEventListeners (C:\Users\Admin\graceful_books\node_modules\jsdom\lib\jsdom\living\events\EventTarget-impl.js:286:3)
    at HTMLUnknownElementImpl._dispatch (C:\Users\Admin\graceful_books\node_modules\jsdom\lib\jsdom\living\events\EventTarget-impl.js:233:9)
    at HTMLUnknownElementImpl.dispatchEvent (C:\Users\Admin\graceful_books\node_modules\jsdom\lib\jsdom\living\events\EventTarget-impl.js:104:17)
    at HTMLUnknownElement.dispatchEvent (C:\Users\Admin\graceful_books\node_modules\jsdom\lib\jsdom\living\generated\EventTarget.js:241:34)
    at Object.invokeGuardedCallbackDev (C:\Users\Admin\graceful_books\node_modules\react-dom\cjs\react-dom.development.js:4213:16)
    at invokeGuardedCallback (C:\Users\Admin\graceful_books\node_modules\react-dom\cjs\react-dom.development.js:4277:31)
    at beginWork$1 (C:\Users\Admin\graceful_books\node_modules\react-dom\cjs\react-dom.development.js:27490:7)
    at performUnitOfWork (C:\Users\Admin\graceful_books\node_modules\react-dom\cjs\react-dom.development.js:26599:12) Error: useCPGSettingsContext must be used within a CPGSettingsProvider
    at useCPGSettingsContext (C:/Users/Admin/graceful_books/src/contexts/CPGSettingsContext.tsx:166:11)
    at useCPGSettings (C:/Users/Admin/graceful_books/src/hooks/useCPGSettings.ts:12:10)
    at PromoImpactSummary (C:/Users/Admin/graceful_books/src/components/cpg/PromoImpactSummary.tsx:104:48)
    at renderWithHooks (C:\Users\Admin\graceful_books\node_modules\react-dom\cjs\react-dom.development.js:15486:18)
    at mountIndeterminateComponent (C:\Users\Admin\graceful_books\node_modules\react-dom\cjs\react-dom.development.js:20103:13)
    at beginWork (C:\Users\Admin\graceful_books\node_modules\react-dom\cjs\react-dom.development.js:21626:16)
    at HTMLUnknownElement.callCallback (C:\Users\Admin\graceful_books\node_modules\react-dom\cjs\react-dom.development.js:4164:14)
    at HTMLUnknownElement.callTheUserObjectsOperation (C:\Users\Admin\graceful_books\node_modules\jsdom\lib\jsdom\living\generated\EventListener.js:26:30)
    at innerInvokeEventListeners (C:\Users\Admin\graceful_books\node_modules\jsdom\lib\jsdom\living\events\EventTarget-impl.js:350:25)
    at invokeEventListeners (C:\Users\Admin\graceful_books\node_modules\jsdom\lib\jsdom\living\events\EventTarget-impl.js:286:3)
Error: Uncaught [Error: useCPGSettingsContext must be used within a CPGSettingsProvider]
    at reportException (C:\Users\Admin\graceful_books\node_modules\jsdom\lib\jsdom\living\helpers\runtime-script-errors.js:66:24)
    at innerInvokeEventListeners (C:\Users\Admin\graceful_books\node_modules\jsdom\lib\jsdom\living\events\EventTarget-impl.js:353:9)
    at invokeEventListeners (C:\Users\Admin\graceful_books\node_modules\jsdom\lib\jsdom\living\events\EventTarget-impl.js:286:3)
    at HTMLUnknownElementImpl._dispatch (C:\Users\Admin\graceful_books\node_modules\jsdom\lib\jsdom\living\events\EventTarget-impl.js:233:9)
    at HTMLUnknownElementImpl.dispatchEvent (C:\Users\Admin\graceful_books\node_modules\jsdom\lib\jsdom\living\events\EventTarget-impl.js:104:17)
    at HTMLUnknownElement.dispatchEvent (C:\Users\Admin\graceful_books\node_modules\jsdom\lib\jsdom\living\generated\EventTarget.js:241:34)
    at Object.invokeGuardedCallbackDev (C:\Users\Admin\graceful_books\node_modules\react-dom\cjs\react-dom.development.js:4213:16)
    at invokeGuardedCallback (C:\Users\Admin\graceful_books\node_modules\react-dom\cjs\react-dom.development.js:4277:31)
    at beginWork$1 (C:\Users\Admin\graceful_books\node_modules\react-dom\cjs\react-dom.development.js:27490:7)
    at performUnitOfWork (C:\Users\Admin\graceful_books\node_modules\react-dom\cjs\react-dom.development.js:26599:12) Error: useCPGSettingsContext must be used within a CPGSettingsProvider
    at useCPGSettingsContext (C:/Users/Admin/graceful_books/src/contexts/CPGSettingsContext.tsx:166:11)
    at useCPGSettings (C:/Users/Admin/graceful_books/src/hooks/useCPGSettings.ts:12:10)
    at PromoImpactSummary (C:/Users/Admin/graceful_books/src/components/cpg/PromoImpactSummary.tsx:104:48)
    at renderWithHooks (C:\Users\Admin\graceful_books\node_modules\react-dom\cjs\react-dom.development.js:15486:18)
    at mountIndeterminateComponent (C:\Users\Admin\graceful_books\node_modules\react-dom\cjs\react-dom.development.js:20103:13)
    at beginWork (C:\Users\Admin\graceful_books\node_modules\react-dom\cjs\react-dom.development.js:21626:16)
    at HTMLUnknownElement.callCallback (C:\Users\Admin\graceful_books\node_modules\react-dom\cjs\react-dom.development.js:4164:14)
    at HTMLUnknownElement.callTheUserObjectsOperation (C:\Users\Admin\graceful_books\node_modules\jsdom\lib\jsdom\living\generated\EventListener.js:26:30)
    at innerInvokeEventListeners (C:\Users\Admin\graceful_books\node_modules\jsdom\lib\jsdom\living\events\EventTarget-impl.js:350:25)
    at invokeEventListeners (C:\Users\Admin\graceful_books\node_modules\jsdom\lib\jsdom\living\events\EventTarget-impl.js:286:3)
Error: Uncaught [Error: useCPGSettingsContext must be used within a CPGSettingsProvider]
    at reportException (C:\Users\Admin\graceful_books\node_modules\jsdom\lib\jsdom\living\helpers\runtime-script-errors.js:66:24)
    at innerInvokeEventListeners (C:\Users\Admin\graceful_books\node_modules\jsdom\lib\jsdom\living\events\EventTarget-impl.js:353:9)
    at invokeEventListeners (C:\Users\Admin\graceful_books\node_modules\jsdom\lib\jsdom\living\events\EventTarget-impl.js:286:3)
    at HTMLUnknownElementImpl._dispatch (C:\Users\Admin\graceful_books\node_modules\jsdom\lib\jsdom\living\events\EventTarget-impl.js:233:9)
    at HTMLUnknownElementImpl.dispatchEvent (C:\Users\Admin\graceful_books\node_modules\jsdom\lib\jsdom\living\events\EventTarget-impl.js:104:17)
    at HTMLUnknownElement.dispatchEvent (C:\Users\Admin\graceful_books\node_modules\jsdom\lib\jsdom\living\generated\EventTarget.js:241:34)
    at Object.invokeGuardedCallbackDev (C:\Users\Admin\graceful_books\node_modules\react-dom\cjs\react-dom.development.js:4213:16)
    at invokeGuardedCallback (C:\Users\Admin\graceful_books\node_modules\react-dom\cjs\react-dom.development.js:4277:31)
    at beginWork$1 (C:\Users\Admin\graceful_books\node_modules\react-dom\cjs\react-dom.development.js:27490:7)
    at performUnitOfWork (C:\Users\Admin\graceful_books\node_modules\react-dom\cjs\react-dom.development.js:26599:12) Error: useCPGSettingsContext must be used within a CPGSettingsProvider
    at useCPGSettingsContext (C:/Users/Admin/graceful_books/src/contexts/CPGSettingsContext.tsx:166:11)
    at useCPGSettings (C:/Users/Admin/graceful_books/src/hooks/useCPGSettings.ts:12:10)
    at PromoImpactSummary (C:/Users/Admin/graceful_books/src/components/cpg/PromoImpactSummary.tsx:104:48)
    at renderWithHooks (C:\Users\Admin\graceful_books\node_modules\react-dom\cjs\react-dom.development.js:15486:18)
    at mountIndeterminateComponent (C:\Users\Admin\graceful_books\node_modules\react-dom\cjs\react-dom.development.js:20103:13)
    at beginWork (C:\Users\Admin\graceful_books\node_modules\react-dom\cjs\react-dom.development.js:21626:16)
    at HTMLUnknownElement.callCallback (C:\Users\Admin\graceful_books\node_modules\react-dom\cjs\react-dom.development.js:4164:14)
    at HTMLUnknownElement.callTheUserObjectsOperation (C:\Users\Admin\graceful_books\node_modules\jsdom\lib\jsdom\living\generated\EventListener.js:26:30)
    at innerInvokeEventListeners (C:\Users\Admin\graceful_books\node_modules\jsdom\lib\jsdom\living\events\EventTarget-impl.js:350:25)
    at invokeEventListeners (C:\Users\Admin\graceful_books\node_modules\jsdom\lib\jsdom\living\events\EventTarget-impl.js:286:3)
Error: Uncaught [Error: useCPGSettingsContext must be used within a CPGSettingsProvider]
    at reportException (C:\Users\Admin\graceful_books\node_modules\jsdom\lib\jsdom\living\helpers\runtime-script-errors.js:66:24)
    at innerInvokeEventListeners (C:\Users\Admin\graceful_books\node_modules\jsdom\lib\jsdom\living\events\EventTarget-impl.js:353:9)
    at invokeEventListeners (C:\Users\Admin\graceful_books\node_modules\jsdom\lib\jsdom\living\events\EventTarget-impl.js:286:3)
    at HTMLUnknownElementImpl._dispatch (C:\Users\Admin\graceful_books\node_modules\jsdom\lib\jsdom\living\events\EventTarget-impl.js:233:9)
    at HTMLUnknownElementImpl.dispatchEvent (C:\Users\Admin\graceful_books\node_modules\jsdom\lib\jsdom\living\events\EventTarget-impl.js:104:17)
    at HTMLUnknownElement.dispatchEvent (C:\Users\Admin\graceful_books\node_modules\jsdom\lib\jsdom\living\generated\EventTarget.js:241:34)
    at Object.invokeGuardedCallbackDev (C:\Users\Admin\graceful_books\node_modules\react-dom\cjs\react-dom.development.js:4213:16)
    at invokeGuardedCallback (C:\Users\Admin\graceful_books\node_modules\react-dom\cjs\react-dom.development.js:4277:31)
    at beginWork$1 (C:\Users\Admin\graceful_books\node_modules\react-dom\cjs\react-dom.development.js:27490:7)
    at performUnitOfWork (C:\Users\Admin\graceful_books\node_modules\react-dom\cjs\react-dom.development.js:26599:12) Error: useCPGSettingsContext must be used within a CPGSettingsProvider
    at useCPGSettingsContext (C:/Users/Admin/graceful_books/src/contexts/CPGSettingsContext.tsx:166:11)
    at useCPGSettings (C:/Users/Admin/graceful_books/src/hooks/useCPGSettings.ts:12:10)
    at PromoImpactSummary (C:/Users/Admin/graceful_books/src/components/cpg/PromoImpactSummary.tsx:104:48)
    at renderWithHooks (C:\Users\Admin\graceful_books\node_modules\react-dom\cjs\react-dom.development.js:15486:18)
    at mountIndeterminateComponent (C:\Users\Admin\graceful_books\node_modules\react-dom\cjs\react-dom.development.js:20103:13)
    at beginWork (C:\Users\Admin\graceful_books\node_modules\react-dom\cjs\react-dom.development.js:21626:16)
    at HTMLUnknownElement.callCallback (C:\Users\Admin\graceful_books\node_modules\react-dom\cjs\react-dom.development.js:4164:14)
    at HTMLUnknownElement.callTheUserObjectsOperation (C:\Users\Admin\graceful_books\node_modules\jsdom\lib\jsdom\living\generated\EventListener.js:26:30)
    at innerInvokeEventListeners (C:\Users\Admin\graceful_books\node_modules\jsdom\lib\jsdom\living\events\EventTarget-impl.js:350:25)
    at invokeEventListeners (C:\Users\Admin\graceful_books\node_modules\jsdom\lib\jsdom\living\events\EventTarget-impl.js:286:3)
Error: Uncaught [Error: useCPGSettingsContext must be used within a CPGSettingsProvider]
    at reportException (C:\Users\Admin\graceful_books\node_modules\jsdom\lib\jsdom\living\helpers\runtime-script-errors.js:66:24)
    at innerInvokeEventListeners (C:\Users\Admin\graceful_books\node_modules\jsdom\lib\jsdom\living\events\EventTarget-impl.js:353:9)
    at invokeEventListeners (C:\Users\Admin\graceful_books\node_modules\jsdom\lib\jsdom\living\events\EventTarget-impl.js:286:3)
    at HTMLUnknownElementImpl._dispatch (C:\Users\Admin\graceful_books\node_modules\jsdom\lib\jsdom\living\events\EventTarget-impl.js:233:9)
    at HTMLUnknownElementImpl.dispatchEvent (C:\Users\Admin\graceful_books\node_modules\jsdom\lib\jsdom\living\events\EventTarget-impl.js:104:17)
    at HTMLUnknownElement.dispatchEvent (C:\Users\Admin\graceful_books\node_modules\jsdom\lib\jsdom\living\generated\EventTarget.js:241:34)
    at Object.invokeGuardedCallbackDev (C:\Users\Admin\graceful_books\node_modules\react-dom\cjs\react-dom.development.js:4213:16)
    at invokeGuardedCallback (C:\Users\Admin\graceful_books\node_modules\react-dom\cjs\react-dom.development.js:4277:31)
    at beginWork$1 (C:\Users\Admin\graceful_books\node_modules\react-dom\cjs\react-dom.development.js:27490:7)
    at performUnitOfWork (C:\Users\Admin\graceful_books\node_modules\react-dom\cjs\react-dom.development.js:26599:12) Error: useCPGSettingsContext must be used within a CPGSettingsProvider
    at useCPGSettingsContext (C:/Users/Admin/graceful_books/src/contexts/CPGSettingsContext.tsx:166:11)
    at useCPGSettings (C:/Users/Admin/graceful_books/src/hooks/useCPGSettings.ts:12:10)
    at PromoImpactSummary (C:/Users/Admin/graceful_books/src/components/cpg/PromoImpactSummary.tsx:104:48)
    at renderWithHooks (C:\Users\Admin\graceful_books\node_modules\react-dom\cjs\react-dom.development.js:15486:18)
    at mountIndeterminateComponent (C:\Users\Admin\graceful_books\node_modules\react-dom\cjs\react-dom.development.js:20103:13)
    at beginWork (C:\Users\Admin\graceful_books\node_modules\react-dom\cjs\react-dom.development.js:21626:16)
    at HTMLUnknownElement.callCallback (C:\Users\Admin\graceful_books\node_modules\react-dom\cjs\react-dom.development.js:4164:14)
    at HTMLUnknownElement.callTheUserObjectsOperation (C:\Users\Admin\graceful_books\node_modules\jsdom\lib\jsdom\living\generated\EventListener.js:26:30)
    at innerInvokeEventListeners (C:\Users\Admin\graceful_books\node_modules\jsdom\lib\jsdom\living\events\EventTarget-impl.js:350:25)
    at invokeEventListeners (C:\Users\Admin\graceful_books\node_modules\jsdom\lib\jsdom\living\events\EventTarget-impl.js:286:3)
Error: Uncaught [Error: useCPGSettingsContext must be used within a CPGSettingsProvider]
    at reportException (C:\Users\Admin\graceful_books\node_modules\jsdom\lib\jsdom\living\helpers\runtime-script-errors.js:66:24)
    at innerInvokeEventListeners (C:\Users\Admin\graceful_books\node_modules\jsdom\lib\jsdom\living\events\EventTarget-impl.js:353:9)
    at invokeEventListeners (C:\Users\Admin\graceful_books\node_modules\jsdom\lib\jsdom\living\events\EventTarget-impl.js:286:3)
    at HTMLUnknownElementImpl._dispatch (C:\Users\Admin\graceful_books\node_modules\jsdom\lib\jsdom\living\events\EventTarget-impl.js:233:9)
    at HTMLUnknownElementImpl.dispatchEvent (C:\Users\Admin\graceful_books\node_modules\jsdom\lib\jsdom\living\events\EventTarget-impl.js:104:17)
    at HTMLUnknownElement.dispatchEvent (C:\Users\Admin\graceful_books\node_modules\jsdom\lib\jsdom\living\generated\EventTarget.js:241:34)
    at Object.invokeGuardedCallbackDev (C:\Users\Admin\graceful_books\node_modules\react-dom\cjs\react-dom.development.js:4213:16)
    at invokeGuardedCallback (C:\Users\Admin\graceful_books\node_modules\react-dom\cjs\react-dom.development.js:4277:31)
    at beginWork$1 (C:\Users\Admin\graceful_books\node_modules\react-dom\cjs\react-dom.development.js:27490:7)
    at performUnitOfWork (C:\Users\Admin\graceful_books\node_modules\react-dom\cjs\react-dom.development.js:26599:12) Error: useCPGSettingsContext must be used within a CPGSettingsProvider
    at useCPGSettingsContext (C:/Users/Admin/graceful_books/src/contexts/CPGSettingsContext.tsx:166:11)
    at useCPGSettings (C:/Users/Admin/graceful_books/src/hooks/useCPGSettings.ts:12:10)
    at PromoImpactSummary (C:/Users/Admin/graceful_books/src/components/cpg/PromoImpactSummary.tsx:104:48)
    at renderWithHooks (C:\Users\Admin\graceful_books\node_modules\react-dom\cjs\react-dom.development.js:15486:18)
    at mountIndeterminateComponent (C:\Users\Admin\graceful_books\node_modules\react-dom\cjs\react-dom.development.js:20103:13)
    at beginWork (C:\Users\Admin\graceful_books\node_modules\react-dom\cjs\react-dom.development.js:21626:16)
    at HTMLUnknownElement.callCallback (C:\Users\Admin\graceful_books\node_modules\react-dom\cjs\react-dom.development.js:4164:14)
    at HTMLUnknownElement.callTheUserObjectsOperation (C:\Users\Admin\graceful_books\node_modules\jsdom\lib\jsdom\living\generated\EventListener.js:26:30)
    at innerInvokeEventListeners (C:\Users\Admin\graceful_books\node_modules\jsdom\lib\jsdom\living\events\EventTarget-impl.js:350:25)
    at invokeEventListeners (C:\Users\Admin\graceful_books\node_modules\jsdom\lib\jsdom\living\events\EventTarget-impl.js:286:3)
Error: Uncaught [Error: useCPGSettingsContext must be used within a CPGSettingsProvider]
    at reportException (C:\Users\Admin\graceful_books\node_modules\jsdom\lib\jsdom\living\helpers\runtime-script-errors.js:66:24)
    at innerInvokeEventListeners (C:\Users\Admin\graceful_books\node_modules\jsdom\lib\jsdom\living\events\EventTarget-impl.js:353:9)
    at invokeEventListeners (C:\Users\Admin\graceful_books\node_modules\jsdom\lib\jsdom\living\events\EventTarget-impl.js:286:3)
    at HTMLUnknownElementImpl._dispatch (C:\Users\Admin\graceful_books\node_modules\jsdom\lib\jsdom\living\events\EventTarget-impl.js:233:9)
    at HTMLUnknownElementImpl.dispatchEvent (C:\Users\Admin\graceful_books\node_modules\jsdom\lib\jsdom\living\events\EventTarget-impl.js:104:17)
    at HTMLUnknownElement.dispatchEvent (C:\Users\Admin\graceful_books\node_modules\jsdom\lib\jsdom\living\generated\EventTarget.js:241:34)
    at Object.invokeGuardedCallbackDev (C:\Users\Admin\graceful_books\node_modules\react-dom\cjs\react-dom.development.js:4213:16)
    at invokeGuardedCallback (C:\Users\Admin\graceful_books\node_modules\react-dom\cjs\react-dom.development.js:4277:31)
    at beginWork$1 (C:\Users\Admin\graceful_books\node_modules\react-dom\cjs\react-dom.development.js:27490:7)
    at performUnitOfWork (C:\Users\Admin\graceful_books\node_modules\react-dom\cjs\react-dom.development.js:26599:12) Error: useCPGSettingsContext must be used within a CPGSettingsProvider
    at useCPGSettingsContext (C:/Users/Admin/graceful_books/src/contexts/CPGSettingsContext.tsx:166:11)
    at useCPGSettings (C:/Users/Admin/graceful_books/src/hooks/useCPGSettings.ts:12:10)
    at PromoImpactSummary (C:/Users/Admin/graceful_books/src/components/cpg/PromoImpactSummary.tsx:104:48)
    at renderWithHooks (C:\Users\Admin\graceful_books\node_modules\react-dom\cjs\react-dom.development.js:15486:18)
    at mountIndeterminateComponent (C:\Users\Admin\graceful_books\node_modules\react-dom\cjs\react-dom.development.js:20103:13)
    at beginWork (C:\Users\Admin\graceful_books\node_modules\react-dom\cjs\react-dom.development.js:21626:16)
    at HTMLUnknownElement.callCallback (C:\Users\Admin\graceful_books\node_modules\react-dom\cjs\react-dom.development.js:4164:14)
    at HTMLUnknownElement.callTheUserObjectsOperation (C:\Users\Admin\graceful_books\node_modules\jsdom\lib\jsdom\living\generated\EventListener.js:26:30)
    at innerInvokeEventListeners (C:\Users\Admin\graceful_books\node_modules\jsdom\lib\jsdom\living\events\EventTarget-impl.js:350:25)
    at invokeEventListeners (C:\Users\Admin\graceful_books\node_modules\jsdom\lib\jsdom\living\events\EventTarget-impl.js:286:3)
Error: Uncaught [Error: useCPGSettingsContext must be used within a CPGSettingsProvider]
    at reportException (C:\Users\Admin\graceful_books\node_modules\jsdom\lib\jsdom\living\helpers\runtime-script-errors.js:66:24)
    at innerInvokeEventListeners (C:\Users\Admin\graceful_books\node_modules\jsdom\lib\jsdom\living\events\EventTarget-impl.js:353:9)
    at invokeEventListeners (C:\Users\Admin\graceful_books\node_modules\jsdom\lib\jsdom\living\events\EventTarget-impl.js:286:3)
    at HTMLUnknownElementImpl._dispatch (C:\Users\Admin\graceful_books\node_modules\jsdom\lib\jsdom\living\events\EventTarget-impl.js:233:9)
    at HTMLUnknownElementImpl.dispatchEvent (C:\Users\Admin\graceful_books\node_modules\jsdom\lib\jsdom\living\events\EventTarget-impl.js:104:17)
    at HTMLUnknownElement.dispatchEvent (C:\Users\Admin\graceful_books\node_modules\jsdom\lib\jsdom\living\generated\EventTarget.js:241:34)
    at Object.invokeGuardedCallbackDev (C:\Users\Admin\graceful_books\node_modules\react-dom\cjs\react-dom.development.js:4213:16)
    at invokeGuardedCallback (C:\Users\Admin\graceful_books\node_modules\react-dom\cjs\react-dom.development.js:4277:31)
    at beginWork$1 (C:\Users\Admin\graceful_books\node_modules\react-dom\cjs\react-dom.development.js:27490:7)
    at performUnitOfWork (C:\Users\Admin\graceful_books\node_modules\react-dom\cjs\react-dom.development.js:26599:12) Error: useCPGSettingsContext must be used within a CPGSettingsProvider
    at useCPGSettingsContext (C:/Users/Admin/graceful_books/src/contexts/CPGSettingsContext.tsx:166:11)
    at useCPGSettings (C:/Users/Admin/graceful_books/src/hooks/useCPGSettings.ts:12:10)
    at PromoImpactSummary (C:/Users/Admin/graceful_books/src/components/cpg/PromoImpactSummary.tsx:104:48)
    at renderWithHooks (C:\Users\Admin\graceful_books\node_modules\react-dom\cjs\react-dom.development.js:15486:18)
    at mountIndeterminateComponent (C:\Users\Admin\graceful_books\node_modules\react-dom\cjs\react-dom.development.js:20103:13)
    at beginWork (C:\Users\Admin\graceful_books\node_modules\react-dom\cjs\react-dom.development.js:21626:16)
    at HTMLUnknownElement.callCallback (C:\Users\Admin\graceful_books\node_modules\react-dom\cjs\react-dom.development.js:4164:14)
    at HTMLUnknownElement.callTheUserObjectsOperation (C:\Users\Admin\graceful_books\node_modules\jsdom\lib\jsdom\living\generated\EventListener.js:26:30)
    at innerInvokeEventListeners (C:\Users\Admin\graceful_books\node_modules\jsdom\lib\jsdom\living\events\EventTarget-impl.js:350:25)
    at invokeEventListeners (C:\Users\Admin\graceful_books\node_modules\jsdom\lib\jsdom\living\events\EventTarget-impl.js:286:3)
Error: Uncaught [Error: useCPGSettingsContext must be used within a CPGSettingsProvider]
    at reportException (C:\Users\Admin\graceful_books\node_modules\jsdom\lib\jsdom\living\helpers\runtime-script-errors.js:66:24)
    at innerInvokeEventListeners (C:\Users\Admin\graceful_books\node_modules\jsdom\lib\jsdom\living\events\EventTarget-impl.js:353:9)
    at invokeEventListeners (C:\Users\Admin\graceful_books\node_modules\jsdom\lib\jsdom\living\events\EventTarget-impl.js:286:3)
    at HTMLUnknownElementImpl._dispatch (C:\Users\Admin\graceful_books\node_modules\jsdom\lib\jsdom\living\events\EventTarget-impl.js:233:9)
    at HTMLUnknownElementImpl.dispatchEvent (C:\Users\Admin\graceful_books\node_modules\jsdom\lib\jsdom\living\events\EventTarget-impl.js:104:17)
    at HTMLUnknownElement.dispatchEvent (C:\Users\Admin\graceful_books\node_modules\jsdom\lib\jsdom\living\generated\EventTarget.js:241:34)
    at Object.invokeGuardedCallbackDev (C:\Users\Admin\graceful_books\node_modules\react-dom\cjs\react-dom.development.js:4213:16)
    at invokeGuardedCallback (C:\Users\Admin\graceful_books\node_modules\react-dom\cjs\react-dom.development.js:4277:31)
    at beginWork$1 (C:\Users\Admin\graceful_books\node_modules\react-dom\cjs\react-dom.development.js:27490:7)
    at performUnitOfWork (C:\Users\Admin\graceful_books\node_modules\react-dom\cjs\react-dom.development.js:26599:12) Error: useCPGSettingsContext must be used within a CPGSettingsProvider
    at useCPGSettingsContext (C:/Users/Admin/graceful_books/src/contexts/CPGSettingsContext.tsx:166:11)
    at useCPGSettings (C:/Users/Admin/graceful_books/src/hooks/useCPGSettings.ts:12:10)
    at PromoImpactSummary (C:/Users/Admin/graceful_books/src/components/cpg/PromoImpactSummary.tsx:104:48)
    at renderWithHooks (C:\Users\Admin\graceful_books\node_modules\react-dom\cjs\react-dom.development.js:15486:18)
    at mountIndeterminateComponent (C:\Users\Admin\graceful_books\node_modules\react-dom\cjs\react-dom.development.js:20103:13)
    at beginWork (C:\Users\Admin\graceful_books\node_modules\react-dom\cjs\react-dom.development.js:21626:16)
    at HTMLUnknownElement.callCallback (C:\Users\Admin\graceful_books\node_modules\react-dom\cjs\react-dom.development.js:4164:14)
    at HTMLUnknownElement.callTheUserObjectsOperation (C:\Users\Admin\graceful_books\node_modules\jsdom\lib\jsdom\living\generated\EventListener.js:26:30)
    at innerInvokeEventListeners (C:\Users\Admin\graceful_books\node_modules\jsdom\lib\jsdom\living\events\EventTarget-impl.js:350:25)
    at invokeEventListeners (C:\Users\Admin\graceful_books\node_modules\jsdom\lib\jsdom\living\events\EventTarget-impl.js:286:3)
Error: Uncaught [Error: useCPGSettingsContext must be used within a CPGSettingsProvider]
    at reportException (C:\Users\Admin\graceful_books\node_modules\jsdom\lib\jsdom\living\helpers\runtime-script-errors.js:66:24)
    at innerInvokeEventListeners (C:\Users\Admin\graceful_books\node_modules\jsdom\lib\jsdom\living\events\EventTarget-impl.js:353:9)
    at invokeEventListeners (C:\Users\Admin\graceful_books\node_modules\jsdom\lib\jsdom\living\events\EventTarget-impl.js:286:3)
    at HTMLUnknownElementImpl._dispatch (C:\Users\Admin\graceful_books\node_modules\jsdom\lib\jsdom\living\events\EventTarget-impl.js:233:9)
    at HTMLUnknownElementImpl.dispatchEvent (C:\Users\Admin\graceful_books\node_modules\jsdom\lib\jsdom\living\events\EventTarget-impl.js:104:17)
    at HTMLUnknownElement.dispatchEvent (C:\Users\Admin\graceful_books\node_modules\jsdom\lib\jsdom\living\generated\EventTarget.js:241:34)
    at Object.invokeGuardedCallbackDev (C:\Users\Admin\graceful_books\node_modules\react-dom\cjs\react-dom.development.js:4213:16)
    at invokeGuardedCallback (C:\Users\Admin\graceful_books\node_modules\react-dom\cjs\react-dom.development.js:4277:31)
    at beginWork$1 (C:\Users\Admin\graceful_books\node_modules\react-dom\cjs\react-dom.development.js:27490:7)
    at performUnitOfWork (C:\Users\Admin\graceful_books\node_modules\react-dom\cjs\react-dom.development.js:26599:12) Error: useCPGSettingsContext must be used within a CPGSettingsProvider
    at useCPGSettingsContext (C:/Users/Admin/graceful_books/src/contexts/CPGSettingsContext.tsx:166:11)
    at useCPGSettings (C:/Users/Admin/graceful_books/src/hooks/useCPGSettings.ts:12:10)
    at PromoImpactSummary (C:/Users/Admin/graceful_books/src/components/cpg/PromoImpactSummary.tsx:104:48)
    at renderWithHooks (C:\Users\Admin\graceful_books\node_modules\react-dom\cjs\react-dom.development.js:15486:18)
    at mountIndeterminateComponent (C:\Users\Admin\graceful_books\node_modules\react-dom\cjs\react-dom.development.js:20103:13)
    at beginWork (C:\Users\Admin\graceful_books\node_modules\react-dom\cjs\react-dom.development.js:21626:16)
    at HTMLUnknownElement.callCallback (C:\Users\Admin\graceful_books\node_modules\react-dom\cjs\react-dom.development.js:4164:14)
    at HTMLUnknownElement.callTheUserObjectsOperation (C:\Users\Admin\graceful_books\node_modules\jsdom\lib\jsdom\living\generated\EventListener.js:26:30)
    at innerInvokeEventListeners (C:\Users\Admin\graceful_books\node_modules\jsdom\lib\jsdom\living\events\EventTarget-impl.js:350:25)
    at invokeEventListeners (C:\Users\Admin\graceful_books\node_modules\jsdom\lib\jsdom\living\events\EventTarget-impl.js:286:3)
Error: Uncaught [Error: useCPGSettingsContext must be used within a CPGSettingsProvider]
    at reportException (C:\Users\Admin\graceful_books\node_modules\jsdom\lib\jsdom\living\helpers\runtime-script-errors.js:66:24)
    at innerInvokeEventListeners (C:\Users\Admin\graceful_books\node_modules\jsdom\lib\jsdom\living\events\EventTarget-impl.js:353:9)
    at invokeEventListeners (C:\Users\Admin\graceful_books\node_modules\jsdom\lib\jsdom\living\events\EventTarget-impl.js:286:3)
    at HTMLUnknownElementImpl._dispatch (C:\Users\Admin\graceful_books\node_modules\jsdom\lib\jsdom\living\events\EventTarget-impl.js:233:9)
    at HTMLUnknownElementImpl.dispatchEvent (C:\Users\Admin\graceful_books\node_modules\jsdom\lib\jsdom\living\events\EventTarget-impl.js:104:17)
    at HTMLUnknownElement.dispatchEvent (C:\Users\Admin\graceful_books\node_modules\jsdom\lib\jsdom\living\generated\EventTarget.js:241:34)
    at Object.invokeGuardedCallbackDev (C:\Users\Admin\graceful_books\node_modules\react-dom\cjs\react-dom.development.js:4213:16)
    at invokeGuardedCallback (C:\Users\Admin\graceful_books\node_modules\react-dom\cjs\react-dom.development.js:4277:31)
    at beginWork$1 (C:\Users\Admin\graceful_books\node_modules\react-dom\cjs\react-dom.development.js:27490:7)
    at performUnitOfWork (C:\Users\Admin\graceful_books\node_modules\react-dom\cjs\react-dom.development.js:26599:12) Error: useCPGSettingsContext must be used within a CPGSettingsProvider
    at useCPGSettingsContext (C:/Users/Admin/graceful_books/src/contexts/CPGSettingsContext.tsx:166:11)
    at useCPGSettings (C:/Users/Admin/graceful_books/src/hooks/useCPGSettings.ts:12:10)
    at PromoImpactSummary (C:/Users/Admin/graceful_books/src/components/cpg/PromoImpactSummary.tsx:104:48)
    at renderWithHooks (C:\Users\Admin\graceful_books\node_modules\react-dom\cjs\react-dom.development.js:15486:18)
    at mountIndeterminateComponent (C:\Users\Admin\graceful_books\node_modules\react-dom\cjs\react-dom.development.js:20103:13)
    at beginWork (C:\Users\Admin\graceful_books\node_modules\react-dom\cjs\react-dom.development.js:21626:16)
    at HTMLUnknownElement.callCallback (C:\Users\Admin\graceful_books\node_modules\react-dom\cjs\react-dom.development.js:4164:14)
    at HTMLUnknownElement.callTheUserObjectsOperation (C:\Users\Admin\graceful_books\node_modules\jsdom\lib\jsdom\living\generated\EventListener.js:26:30)
    at innerInvokeEventListeners (C:\Users\Admin\graceful_books\node_modules\jsdom\lib\jsdom\living\events\EventTarget-impl.js:350:25)
    at invokeEventListeners (C:\Users\Admin\graceful_books\node_modules\jsdom\lib\jsdom\living\events\EventTarget-impl.js:286:3)
Error: Uncaught [Error: useCPGSettingsContext must be used within a CPGSettingsProvider]
    at reportException (C:\Users\Admin\graceful_books\node_modules\jsdom\lib\jsdom\living\helpers\runtime-script-errors.js:66:24)
    at innerInvokeEventListeners (C:\Users\Admin\graceful_books\node_modules\jsdom\lib\jsdom\living\events\EventTarget-impl.js:353:9)
    at invokeEventListeners (C:\Users\Admin\graceful_books\node_modules\jsdom\lib\jsdom\living\events\EventTarget-impl.js:286:3)
    at HTMLUnknownElementImpl._dispatch (C:\Users\Admin\graceful_books\node_modules\jsdom\lib\jsdom\living\events\EventTarget-impl.js:233:9)
    at HTMLUnknownElementImpl.dispatchEvent (C:\Users\Admin\graceful_books\node_modules\jsdom\lib\jsdom\living\events\EventTarget-impl.js:104:17)
    at HTMLUnknownElement.dispatchEvent (C:\Users\Admin\graceful_books\node_modules\jsdom\lib\jsdom\living\generated\EventTarget.js:241:34)
    at Object.invokeGuardedCallbackDev (C:\Users\Admin\graceful_books\node_modules\react-dom\cjs\react-dom.development.js:4213:16)
    at invokeGuardedCallback (C:\Users\Admin\graceful_books\node_modules\react-dom\cjs\react-dom.development.js:4277:31)
    at beginWork$1 (C:\Users\Admin\graceful_books\node_modules\react-dom\cjs\react-dom.development.js:27490:7)
    at performUnitOfWork (C:\Users\Admin\graceful_books\node_modules\react-dom\cjs\react-dom.development.js:26599:12) Error: useCPGSettingsContext must be used within a CPGSettingsProvider
    at useCPGSettingsContext (C:/Users/Admin/graceful_books/src/contexts/CPGSettingsContext.tsx:166:11)
    at useCPGSettings (C:/Users/Admin/graceful_books/src/hooks/useCPGSettings.ts:12:10)
    at PromoImpactSummary (C:/Users/Admin/graceful_books/src/components/cpg/PromoImpactSummary.tsx:104:48)
    at renderWithHooks (C:\Users\Admin\graceful_books\node_modules\react-dom\cjs\react-dom.development.js:15486:18)
    at mountIndeterminateComponent (C:\Users\Admin\graceful_books\node_modules\react-dom\cjs\react-dom.development.js:20103:13)
    at beginWork (C:\Users\Admin\graceful_books\node_modules\react-dom\cjs\react-dom.development.js:21626:16)
    at HTMLUnknownElement.callCallback (C:\Users\Admin\graceful_books\node_modules\react-dom\cjs\react-dom.development.js:4164:14)
    at HTMLUnknownElement.callTheUserObjectsOperation (C:\Users\Admin\graceful_books\node_modules\jsdom\lib\jsdom\living\generated\EventListener.js:26:30)
    at innerInvokeEventListeners (C:\Users\Admin\graceful_books\node_modules\jsdom\lib\jsdom\living\events\EventTarget-impl.js:350:25)
    at invokeEventListeners (C:\Users\Admin\graceful_books\node_modules\jsdom\lib\jsdom\living\events\EventTarget-impl.js:286:3)
Error: Uncaught [Error: useCPGSettingsContext must be used within a CPGSettingsProvider]
    at reportException (C:\Users\Admin\graceful_books\node_modules\jsdom\lib\jsdom\living\helpers\runtime-script-errors.js:66:24)
    at innerInvokeEventListeners (C:\Users\Admin\graceful_books\node_modules\jsdom\lib\jsdom\living\events\EventTarget-impl.js:353:9)
    at invokeEventListeners (C:\Users\Admin\graceful_books\node_modules\jsdom\lib\jsdom\living\events\EventTarget-impl.js:286:3)
    at HTMLUnknownElementImpl._dispatch (C:\Users\Admin\graceful_books\node_modules\jsdom\lib\jsdom\living\events\EventTarget-impl.js:233:9)
    at HTMLUnknownElementImpl.dispatchEvent (C:\Users\Admin\graceful_books\node_modules\jsdom\lib\jsdom\living\events\EventTarget-impl.js:104:17)
    at HTMLUnknownElement.dispatchEvent (C:\Users\Admin\graceful_books\node_modules\jsdom\lib\jsdom\living\generated\EventTarget.js:241:34)
    at Object.invokeGuardedCallbackDev (C:\Users\Admin\graceful_books\node_modules\react-dom\cjs\react-dom.development.js:4213:16)
    at invokeGuardedCallback (C:\Users\Admin\graceful_books\node_modules\react-dom\cjs\react-dom.development.js:4277:31)
    at beginWork$1 (C:\Users\Admin\graceful_books\node_modules\react-dom\cjs\react-dom.development.js:27490:7)
    at performUnitOfWork (C:\Users\Admin\graceful_books\node_modules\react-dom\cjs\react-dom.development.js:26599:12) Error: useCPGSettingsContext must be used within a CPGSettingsProvider
    at useCPGSettingsContext (C:/Users/Admin/graceful_books/src/contexts/CPGSettingsContext.tsx:166:11)
    at useCPGSettings (C:/Users/Admin/graceful_books/src/hooks/useCPGSettings.ts:12:10)
    at PromoImpactSummary (C:/Users/Admin/graceful_books/src/components/cpg/PromoImpactSummary.tsx:104:48)
    at renderWithHooks (C:\Users\Admin\graceful_books\node_modules\react-dom\cjs\react-dom.development.js:15486:18)
    at mountIndeterminateComponent (C:\Users\Admin\graceful_books\node_modules\react-dom\cjs\react-dom.development.js:20103:13)
    at beginWork (C:\Users\Admin\graceful_books\node_modules\react-dom\cjs\react-dom.development.js:21626:16)
    at HTMLUnknownElement.callCallback (C:\Users\Admin\graceful_books\node_modules\react-dom\cjs\react-dom.development.js:4164:14)
    at HTMLUnknownElement.callTheUserObjectsOperation (C:\Users\Admin\graceful_books\node_modules\jsdom\lib\jsdom\living\generated\EventListener.js:26:30)
    at innerInvokeEventListeners (C:\Users\Admin\graceful_books\node_modules\jsdom\lib\jsdom\living\events\EventTarget-impl.js:350:25)
    at invokeEventListeners (C:\Users\Admin\graceful_books\node_modules\jsdom\lib\jsdom\living\events\EventTarget-impl.js:286:3)
Error: Uncaught [Error: useCPGSettingsContext must be used within a CPGSettingsProvider]
    at reportException (C:\Users\Admin\graceful_books\node_modules\jsdom\lib\jsdom\living\helpers\runtime-script-errors.js:66:24)
    at innerInvokeEventListeners (C:\Users\Admin\graceful_books\node_modules\jsdom\lib\jsdom\living\events\EventTarget-impl.js:353:9)
    at invokeEventListeners (C:\Users\Admin\graceful_books\node_modules\jsdom\lib\jsdom\living\events\EventTarget-impl.js:286:3)
    at HTMLUnknownElementImpl._dispatch (C:\Users\Admin\graceful_books\node_modules\jsdom\lib\jsdom\living\events\EventTarget-impl.js:233:9)
    at HTMLUnknownElementImpl.dispatchEvent (C:\Users\Admin\graceful_books\node_modules\jsdom\lib\jsdom\living\events\EventTarget-impl.js:104:17)
    at HTMLUnknownElement.dispatchEvent (C:\Users\Admin\graceful_books\node_modules\jsdom\lib\jsdom\living\generated\EventTarget.js:241:34)
    at Object.invokeGuardedCallbackDev (C:\Users\Admin\graceful_books\node_modules\react-dom\cjs\react-dom.development.js:4213:16)
    at invokeGuardedCallback (C:\Users\Admin\graceful_books\node_modules\react-dom\cjs\react-dom.development.js:4277:31)
    at beginWork$1 (C:\Users\Admin\graceful_books\node_modules\react-dom\cjs\react-dom.development.js:27490:7)
    at performUnitOfWork (C:\Users\Admin\graceful_books\node_modules\react-dom\cjs\react-dom.development.js:26599:12) Error: useCPGSettingsContext must be used within a CPGSettingsProvider
    at useCPGSettingsContext (C:/Users/Admin/graceful_books/src/contexts/CPGSettingsContext.tsx:166:11)
    at useCPGSettings (C:/Users/Admin/graceful_books/src/hooks/useCPGSettings.ts:12:10)
    at PromoImpactSummary (C:/Users/Admin/graceful_books/src/components/cpg/PromoImpactSummary.tsx:104:48)
    at renderWithHooks (C:\Users\Admin\graceful_books\node_modules\react-dom\cjs\react-dom.development.js:15486:18)
    at mountIndeterminateComponent (C:\Users\Admin\graceful_books\node_modules\react-dom\cjs\react-dom.development.js:20103:13)
    at beginWork (C:\Users\Admin\graceful_books\node_modules\react-dom\cjs\react-dom.development.js:21626:16)
    at HTMLUnknownElement.callCallback (C:\Users\Admin\graceful_books\node_modules\react-dom\cjs\react-dom.development.js:4164:14)
    at HTMLUnknownElement.callTheUserObjectsOperation (C:\Users\Admin\graceful_books\node_modules\jsdom\lib\jsdom\living\generated\EventListener.js:26:30)
    at innerInvokeEventListeners (C:\Users\Admin\graceful_books\node_modules\jsdom\lib\jsdom\living\events\EventTarget-impl.js:350:25)
    at invokeEventListeners (C:\Users\Admin\graceful_books\node_modules\jsdom\lib\jsdom\living\events\EventTarget-impl.js:286:3)
Error: Uncaught [Error: useCPGSettingsContext must be used within a CPGSettingsProvider]
    at reportException (C:\Users\Admin\graceful_books\node_modules\jsdom\lib\jsdom\living\helpers\runtime-script-errors.js:66:24)
    at innerInvokeEventListeners (C:\Users\Admin\graceful_books\node_modules\jsdom\lib\jsdom\living\events\EventTarget-impl.js:353:9)
    at invokeEventListeners (C:\Users\Admin\graceful_books\node_modules\jsdom\lib\jsdom\living\events\EventTarget-impl.js:286:3)
    at HTMLUnknownElementImpl._dispatch (C:\Users\Admin\graceful_books\node_modules\jsdom\lib\jsdom\living\events\EventTarget-impl.js:233:9)
    at HTMLUnknownElementImpl.dispatchEvent (C:\Users\Admin\graceful_books\node_modules\jsdom\lib\jsdom\living\events\EventTarget-impl.js:104:17)
    at HTMLUnknownElement.dispatchEvent (C:\Users\Admin\graceful_books\node_modules\jsdom\lib\jsdom\living\generated\EventTarget.js:241:34)
    at Object.invokeGuardedCallbackDev (C:\Users\Admin\graceful_books\node_modules\react-dom\cjs\react-dom.development.js:4213:16)
    at invokeGuardedCallback (C:\Users\Admin\graceful_books\node_modules\react-dom\cjs\react-dom.development.js:4277:31)
    at beginWork$1 (C:\Users\Admin\graceful_books\node_modules\react-dom\cjs\react-dom.development.js:27490:7)
    at performUnitOfWork (C:\Users\Admin\graceful_books\node_modules\react-dom\cjs\react-dom.development.js:26599:12) Error: useCPGSettingsContext must be used within a CPGSettingsProvider
    at useCPGSettingsContext (C:/Users/Admin/graceful_books/src/contexts/CPGSettingsContext.tsx:166:11)
    at useCPGSettings (C:/Users/Admin/graceful_books/src/hooks/useCPGSettings.ts:12:10)
    at PromoImpactSummary (C:/Users/Admin/graceful_books/src/components/cpg/PromoImpactSummary.tsx:104:48)
    at renderWithHooks (C:\Users\Admin\graceful_books\node_modules\react-dom\cjs\react-dom.development.js:15486:18)
    at mountIndeterminateComponent (C:\Users\Admin\graceful_books\node_modules\react-dom\cjs\react-dom.development.js:20103:13)
    at beginWork (C:\Users\Admin\graceful_books\node_modules\react-dom\cjs\react-dom.development.js:21626:16)
    at HTMLUnknownElement.callCallback (C:\Users\Admin\graceful_books\node_modules\react-dom\cjs\react-dom.development.js:4164:14)
    at HTMLUnknownElement.callTheUserObjectsOperation (C:\Users\Admin\graceful_books\node_modules\jsdom\lib\jsdom\living\generated\EventListener.js:26:30)
    at innerInvokeEventListeners (C:\Users\Admin\graceful_books\node_modules\jsdom\lib\jsdom\living\events\EventTarget-impl.js:350:25)
    at invokeEventListeners (C:\Users\Admin\graceful_books\node_modules\jsdom\lib\jsdom\living\events\EventTarget-impl.js:286:3)
Error: Uncaught [Error: useCPGSettingsContext must be used within a CPGSettingsProvider]
    at reportException (C:\Users\Admin\graceful_books\node_modules\jsdom\lib\jsdom\living\helpers\runtime-script-errors.js:66:24)
    at innerInvokeEventListeners (C:\Users\Admin\graceful_books\node_modules\jsdom\lib\jsdom\living\events\EventTarget-impl.js:353:9)
    at invokeEventListeners (C:\Users\Admin\graceful_books\node_modules\jsdom\lib\jsdom\living\events\EventTarget-impl.js:286:3)
    at HTMLUnknownElementImpl._dispatch (C:\Users\Admin\graceful_books\node_modules\jsdom\lib\jsdom\living\events\EventTarget-impl.js:233:9)
    at HTMLUnknownElementImpl.dispatchEvent (C:\Users\Admin\graceful_books\node_modules\jsdom\lib\jsdom\living\events\EventTarget-impl.js:104:17)
    at HTMLUnknownElement.dispatchEvent (C:\Users\Admin\graceful_books\node_modules\jsdom\lib\jsdom\living\generated\EventTarget.js:241:34)
    at Object.invokeGuardedCallbackDev (C:\Users\Admin\graceful_books\node_modules\react-dom\cjs\react-dom.development.js:4213:16)
    at invokeGuardedCallback (C:\Users\Admin\graceful_books\node_modules\react-dom\cjs\react-dom.development.js:4277:31)
    at beginWork$1 (C:\Users\Admin\graceful_books\node_modules\react-dom\cjs\react-dom.development.js:27490:7)
    at performUnitOfWork (C:\Users\Admin\graceful_books\node_modules\react-dom\cjs\react-dom.development.js:26599:12) Error: useCPGSettingsContext must be used within a CPGSettingsProvider
    at useCPGSettingsContext (C:/Users/Admin/graceful_books/src/contexts/CPGSettingsContext.tsx:166:11)
    at useCPGSettings (C:/Users/Admin/graceful_books/src/hooks/useCPGSettings.ts:12:10)
    at PromoImpactSummary (C:/Users/Admin/graceful_books/src/components/cpg/PromoImpactSummary.tsx:104:48)
    at renderWithHooks (C:\Users\Admin\graceful_books\node_modules\react-dom\cjs\react-dom.development.js:15486:18)
    at mountIndeterminateComponent (C:\Users\Admin\graceful_books\node_modules\react-dom\cjs\react-dom.development.js:20103:13)
    at beginWork (C:\Users\Admin\graceful_books\node_modules\react-dom\cjs\react-dom.development.js:21626:16)
    at HTMLUnknownElement.callCallback (C:\Users\Admin\graceful_books\node_modules\react-dom\cjs\react-dom.development.js:4164:14)
    at HTMLUnknownElement.callTheUserObjectsOperation (C:\Users\Admin\graceful_books\node_modules\jsdom\lib\jsdom\living\generated\EventListener.js:26:30)
    at innerInvokeEventListeners (C:\Users\Admin\graceful_books\node_modules\jsdom\lib\jsdom\living\events\EventTarget-impl.js:350:25)
    at invokeEventListeners (C:\Users\Admin\graceful_books\node_modules\jsdom\lib\jsdom\living\events\EventTarget-impl.js:286:3)
Error: Uncaught [Error: useCPGSettingsContext must be used within a CPGSettingsProvider]
    at reportException (C:\Users\Admin\graceful_books\node_modules\jsdom\lib\jsdom\living\helpers\runtime-script-errors.js:66:24)
    at innerInvokeEventListeners (C:\Users\Admin\graceful_books\node_modules\jsdom\lib\jsdom\living\events\EventTarget-impl.js:353:9)
    at invokeEventListeners (C:\Users\Admin\graceful_books\node_modules\jsdom\lib\jsdom\living\events\EventTarget-impl.js:286:3)
    at HTMLUnknownElementImpl._dispatch (C:\Users\Admin\graceful_books\node_modules\jsdom\lib\jsdom\living\events\EventTarget-impl.js:233:9)
    at HTMLUnknownElementImpl.dispatchEvent (C:\Users\Admin\graceful_books\node_modules\jsdom\lib\jsdom\living\events\EventTarget-impl.js:104:17)
    at HTMLUnknownElement.dispatchEvent (C:\Users\Admin\graceful_books\node_modules\jsdom\lib\jsdom\living\generated\EventTarget.js:241:34)
    at Object.invokeGuardedCallbackDev (C:\Users\Admin\graceful_books\node_modules\react-dom\cjs\react-dom.development.js:4213:16)
    at invokeGuardedCallback (C:\Users\Admin\graceful_books\node_modules\react-dom\cjs\react-dom.development.js:4277:31)
    at beginWork$1 (C:\Users\Admin\graceful_books\node_modules\react-dom\cjs\react-dom.development.js:27490:7)
    at performUnitOfWork (C:\Users\Admin\graceful_books\node_modules\react-dom\cjs\react-dom.development.js:26599:12) Error: useCPGSettingsContext must be used within a CPGSettingsProvider
    at useCPGSettingsContext (C:/Users/Admin/graceful_books/src/contexts/CPGSettingsContext.tsx:166:11)
    at useCPGSettings (C:/Users/Admin/graceful_books/src/hooks/useCPGSettings.ts:12:10)
    at PromoImpactSummary (C:/Users/Admin/graceful_books/src/components/cpg/PromoImpactSummary.tsx:104:48)
    at renderWithHooks (C:\Users\Admin\graceful_books\node_modules\react-dom\cjs\react-dom.development.js:15486:18)
    at mountIndeterminateComponent (C:\Users\Admin\graceful_books\node_modules\react-dom\cjs\react-dom.development.js:20103:13)
    at beginWork (C:\Users\Admin\graceful_books\node_modules\react-dom\cjs\react-dom.development.js:21626:16)
    at HTMLUnknownElement.callCallback (C:\Users\Admin\graceful_books\node_modules\react-dom\cjs\react-dom.development.js:4164:14)
    at HTMLUnknownElement.callTheUserObjectsOperation (C:\Users\Admin\graceful_books\node_modules\jsdom\lib\jsdom\living\generated\EventListener.js:26:30)
    at innerInvokeEventListeners (C:\Users\Admin\graceful_books\node_modules\jsdom\lib\jsdom\living\events\EventTarget-impl.js:350:25)
    at invokeEventListeners (C:\Users\Admin\graceful_books\node_modules\jsdom\lib\jsdom\living\events\EventTarget-impl.js:286:3)
stdout | src/services/auditLogExtended.perf.test.ts > Extended Audit Log Performance Tests > Memory and Resource Management > should not leak memory during repeated operations
[AuditLogExtended] Starting audit log search { companyId: 'test-company', limit: 100, offset: 0 }

stdout | src/services/auditLogExtended.perf.test.ts > Extended Audit Log Performance Tests > Memory and Resource Management > should not leak memory during repeated operations
[AuditLogExtended] Audit log search completed { total: 100000, returned: 100, executionTimeMs: 8335.684699999983 }

stdout | src/services/auditLogExtended.perf.test.ts > Extended Audit Log Performance Tests > Memory and Resource Management > should not leak memory during repeated operations
Completed 1/100 iterations
[AuditLogExtended] Starting audit log search { companyId: 'test-company', limit: 100, offset: 100 }

stdout | src/services/auditLogExtended.perf.test.ts > Extended Audit Log Performance Tests > Memory and Resource Management > should not leak memory during repeated operations
[AuditLogExtended] Audit log search completed { total: 100000, returned: 100, executionTimeMs: 7580.076600000029 }

stdout | src/services/auditLogExtended.perf.test.ts > Extended Audit Log Performance Tests > Memory and Resource Management > should not leak memory during repeated operations
[AuditLogExtended] Starting audit log search { companyId: 'test-company', limit: 100, offset: 200 }

stdout | src/services/auditLogExtended.perf.test.ts > Extended Audit Log Performance Tests > Memory and Resource Management > should not leak memory during repeated operations
[AuditLogExtended] Audit log search completed { total: 100000, returned: 100, executionTimeMs: 6931.25900000002 }

stdout | src/services/auditLogExtended.perf.test.ts > Extended Audit Log Performance Tests > Memory and Resource Management > should not leak memory during repeated operations
[AuditLogExtended] Starting audit log search { companyId: 'test-company', limit: 100, offset: 300 }

stdout | src/services/auditLogExtended.perf.test.ts > Extended Audit Log Performance Tests > Memory and Resource Management > should not leak memory during repeated operations
[AuditLogExtended] Audit log search completed { total: 100000, returned: 100, executionTimeMs: 7985.077900000033 }

stdout | src/services/auditLogExtended.perf.test.ts > Extended Audit Log Performance Tests > Memory and Resource Management > should not leak memory during repeated operations
[AuditLogExtended] Starting audit log search { companyId: 'test-company', limit: 100, offset: 400 }

stdout | src/services/auditLogExtended.perf.test.ts > Extended Audit Log Performance Tests > Memory and Resource Management > should not leak memory during repeated operations
[AuditLogExtended] Audit log search completed { total: 100000, returned: 100, executionTimeMs: 6917.091200000024 }

stdout | src/services/auditLogExtended.perf.test.ts > Extended Audit Log Performance Tests > Memory and Resource Management > should not leak memory during repeated operations
[AuditLogExtended] Starting audit log search { companyId: 'test-company', limit: 100, offset: 500 }

stdout | src/services/auditLogExtended.perf.test.ts > Extended Audit Log Performance Tests > Memory and Resource Management > should not leak memory during repeated operations
[AuditLogExtended] Audit log search completed { total: 100000, returned: 100, executionTimeMs: 6991.417100000021 }

stdout | src/services/auditLogExtended.perf.test.ts > Extended Audit Log Performance Tests > Memory and Resource Management > should not leak memory during repeated operations
[AuditLogExtended] Starting audit log search { companyId: 'test-company', limit: 100, offset: 600 }

stdout | src/services/auditLogExtended.perf.test.ts > Extended Audit Log Performance Tests > Memory and Resource Management > should not leak memory during repeated operations
[AuditLogExtended] Audit log search completed { total: 100000, returned: 100, executionTimeMs: 8339.635300000024 }

stdout | src/services/auditLogExtended.perf.test.ts > Extended Audit Log Performance Tests > Memory and Resource Management > should not leak memory during repeated operations
[AuditLogExtended] Starting audit log search { companyId: 'test-company', limit: 100, offset: 700 }

stdout | src/services/auditLogExtended.perf.test.ts > Extended Audit Log Performance Tests > Memory and Resource Management > should not leak memory during repeated operations
[AuditLogExtended] Audit log search completed { total: 100000, returned: 100, executionTimeMs: 8681.427200000035 }

stdout | src/services/auditLogExtended.perf.test.ts > Extended Audit Log Performance Tests > Memory and Resource Management > should not leak memory during repeated operations
[AuditLogExtended] Starting audit log search { companyId: 'test-company', limit: 100, offset: 800 }

stdout | src/services/auditLogExtended.perf.test.ts > Extended Audit Log Performance Tests > Memory and Resource Management > should not leak memory during repeated operations
[AuditLogExtended] Audit log search completed { total: 100000, returned: 100, executionTimeMs: 8303.958100000047 }

stdout | src/services/auditLogExtended.perf.test.ts > Extended Audit Log Performance Tests > Memory and Resource Management > should not leak memory during repeated operations
[AuditLogExtended] Starting audit log search { companyId: 'test-company', limit: 100, offset: 900 }

stdout | src/services/auditLogExtended.perf.test.ts > Extended Audit Log Performance Tests > Memory and Resource Management > should not leak memory during repeated operations
[AuditLogExtended] Audit log search completed { total: 100000, returned: 100, executionTimeMs: 7073.393400000059 }

stdout | src/services/auditLogExtended.perf.test.ts > Extended Audit Log Performance Tests > Memory and Resource Management > should not leak memory during repeated operations
[AuditLogExtended] Starting audit log search { companyId: 'test-company', limit: 100, offset: 1000 }

stdout | src/services/auditLogExtended.perf.test.ts > Extended Audit Log Performance Tests > Memory and Resource Management > should not leak memory during repeated operations
[AuditLogExtended] Audit log search completed { total: 100000, returned: 100, executionTimeMs: 3621.6940999999642 }

stdout | src/services/auditLogExtended.perf.test.ts > Extended Audit Log Performance Tests > Memory and Resource Management > should not leak memory during repeated operations
[AuditLogExtended] Starting audit log search { companyId: 'test-company', limit: 100, offset: 1100 }

stdout | src/services/auditLogExtended.perf.test.ts > Extended Audit Log Performance Tests > Memory and Resource Management > should not leak memory during repeated operations
[AuditLogExtended] Audit log search completed { total: 100000, returned: 100, executionTimeMs: 2866.8895000000484 }

stdout | src/services/auditLogExtended.perf.test.ts > Extended Audit Log Performance Tests > Memory and Resource Management > should not leak memory during repeated operations
[AuditLogExtended] Starting audit log search { companyId: 'test-company', limit: 100, offset: 1200 }

stdout | src/services/auditLogExtended.perf.test.ts > Extended Audit Log Performance Tests > Memory and Resource Management > should not leak memory during repeated operations
[AuditLogExtended] Audit log search completed { total: 100000, returned: 100, executionTimeMs: 3447.453700000071 }

stdout | src/services/auditLogExtended.perf.test.ts > Extended Audit Log Performance Tests > Memory and Resource Management > should not leak memory during repeated operations
[AuditLogExtended] Starting audit log search { companyId: 'test-company', limit: 100, offset: 1300 }

stdout | src/services/auditLogExtended.perf.test.ts > Extended Audit Log Performance Tests > Memory and Resource Management > should not leak memory during repeated operations
[AuditLogExtended] Audit log search completed { total: 100000, returned: 100, executionTimeMs: 2969.4711000000825 }

stdout | src/services/auditLogExtended.perf.test.ts > Extended Audit Log Performance Tests > Memory and Resource Management > should not leak memory during repeated operations
[AuditLogExtended] Starting audit log search { companyId: 'test-company', limit: 100, offset: 1400 }

stdout | src/services/auditLogExtended.perf.test.ts > Extended Audit Log Performance Tests > Memory and Resource Management > should not leak memory during repeated operations
[AuditLogExtended] Audit log search completed { total: 100000, returned: 100, executionTimeMs: 4967.585700000054 }

stdout | src/services/auditLogExtended.perf.test.ts > Extended Audit Log Performance Tests > Memory and Resource Management > should not leak memory during repeated operations
[AuditLogExtended] Starting audit log search { companyId: 'test-company', limit: 100, offset: 1500 }

stderr | src/components/cpg/PromoImpactSummary.test.tsx > PromoImpactSummary > Margin Difference Display > displays positive margin difference with up arrow
The above error occurred in the <PromoImpactSummary> component:

    at PromoImpactSummary (C:/Users/Admin/graceful_books/src/components/cpg/PromoImpactSummary.tsx:9:3)

Consider adding an error boundary to your tree to customize error handling behavior.
Visit https://reactjs.org/link/error-boundaries to learn more about error boundaries.

stderr | src/components/cpg/PromoImpactSummary.test.tsx > PromoImpactSummary > Margin Difference Display > shows appropriate description for negative impact
The above error occurred in the <PromoImpactSummary> component:

    at PromoImpactSummary (C:/Users/Admin/graceful_books/src/components/cpg/PromoImpactSummary.tsx:9:3)

Consider adding an error boundary to your tree to customize error handling behavior.
Visit https://reactjs.org/link/error-boundaries to learn more about error boundaries.

stderr | src/components/cpg/PromoImpactSummary.test.tsx > PromoImpactSummary > Margin Difference Display > shows appropriate description for positive impact
The above error occurred in the <PromoImpactSummary> component:

    at PromoImpactSummary (C:/Users/Admin/graceful_books/src/components/cpg/PromoImpactSummary.tsx:9:3)

Consider adding an error boundary to your tree to customize error handling behavior.
Visit https://reactjs.org/link/error-boundaries to learn more about error boundaries.

stderr | src/components/cpg/PromoImpactSummary.test.tsx > PromoImpactSummary > Margin Difference Display > shows appropriate description for zero impact
The above error occurred in the <PromoImpactSummary> component:

    at PromoImpactSummary (C:/Users/Admin/graceful_books/src/components/cpg/PromoImpactSummary.tsx:9:3)

Consider adding an error boundary to your tree to customize error handling behavior.
Visit https://reactjs.org/link/error-boundaries to learn more about error boundaries.

stderr | src/components/cpg/PromoImpactSummary.test.tsx > PromoImpactSummary > Total Promo Cost Display > displays total promo cost with currency formatting
The above error occurred in the <PromoImpactSummary> component:

    at PromoImpactSummary (C:/Users/Admin/graceful_books/src/components/cpg/PromoImpactSummary.tsx:9:3)

Consider adding an error boundary to your tree to customize error handling behavior.
Visit https://reactjs.org/link/error-boundaries to learn more about error boundaries.

stderr | src/components/cpg/PromoImpactSummary.test.tsx > PromoImpactSummary > Total Promo Cost Display > displays total promo cost description
The above error occurred in the <PromoImpactSummary> component:

    at PromoImpactSummary (C:/Users/Admin/graceful_books/src/components/cpg/PromoImpactSummary.tsx:9:3)

Consider adding an error boundary to your tree to customize error handling behavior.
Visit https://reactjs.org/link/error-boundaries to learn more about error boundaries.

stderr | src/components/cpg/PromoImpactSummary.test.tsx > PromoImpactSummary > Total Promo Cost Display > formats large numbers with commas
The above error occurred in the <PromoImpactSummary> component:

    at PromoImpactSummary (C:/Users/Admin/graceful_books/src/components/cpg/PromoImpactSummary.tsx:9:3)

Consider adding an error boundary to your tree to customize error handling behavior.
Visit https://reactjs.org/link/error-boundaries to learn more about error boundaries.

stderr | src/components/cpg/PromoImpactSummary.test.tsx > PromoImpactSummary > Total Units Display > displays total units
The above error occurred in the <PromoImpactSummary> component:

    at PromoImpactSummary (C:/Users/Admin/graceful_books/src/components/cpg/PromoImpactSummary.tsx:9:3)

Consider adding an error boundary to your tree to customize error handling behavior.
Visit https://reactjs.org/link/error-boundaries to learn more about error boundaries.

stderr | src/components/cpg/PromoImpactSummary.test.tsx > PromoImpactSummary > Total Units Display > displays total units description
The above error occurred in the <PromoImpactSummary> component:

    at PromoImpactSummary (C:/Users/Admin/graceful_books/src/components/cpg/PromoImpactSummary.tsx:9:3)

Consider adding an error boundary to your tree to customize error handling behavior.
Visit https://reactjs.org/link/error-boundaries to learn more about error boundaries.

stderr | src/components/cpg/PromoImpactSummary.test.tsx > PromoImpactSummary > Total Units Display > formats large unit numbers with commas
The above error occurred in the <PromoImpactSummary> component:

    at PromoImpactSummary (C:/Users/Admin/graceful_books/src/components/cpg/PromoImpactSummary.tsx:9:3)

Consider adding an error boundary to your tree to customize error handling behavior.
Visit https://reactjs.org/link/error-boundaries to learn more about error boundaries.

stderr | src/components/cpg/PromoImpactSummary.test.tsx > PromoImpactSummary > Interpretation Message > displays interpretation icon
The above error occurred in the <PromoImpactSummary> component:

    at PromoImpactSummary (C:/Users/Admin/graceful_books/src/components/cpg/PromoImpactSummary.tsx:9:3)

Consider adding an error boundary to your tree to customize error handling behavior.
Visit https://reactjs.org/link/error-boundaries to learn more about error boundaries.

stderr | src/components/cpg/PromoImpactSummary.test.tsx > PromoImpactSummary > Interpretation Message > shows significant impact message for large negative difference
The above error occurred in the <PromoImpactSummary> component:

    at PromoImpactSummary (C:/Users/Admin/graceful_books/src/components/cpg/PromoImpactSummary.tsx:9:3)

Consider adding an error boundary to your tree to customize error handling behavior.
Visit https://reactjs.org/link/error-boundaries to learn more about error boundaries.

stderr | src/components/cpg/PromoImpactSummary.test.tsx > PromoImpactSummary > Interpretation Message > shows moderate impact message for small negative difference
The above error occurred in the <PromoImpactSummary> component:

    at PromoImpactSummary (C:/Users/Admin/graceful_books/src/components/cpg/PromoImpactSummary.tsx:9:3)

Consider adding an error boundary to your tree to customize error handling behavior.
Visit https://reactjs.org/link/error-boundaries to learn more about error boundaries.

stderr | src/components/cpg/PromoImpactSummary.test.tsx > PromoImpactSummary > Interpretation Message > shows excellent opportunity message for positive difference
The above error occurred in the <PromoImpactSummary> component:

    at PromoImpactSummary (C:/Users/Admin/graceful_books/src/components/cpg/PromoImpactSummary.tsx:9:3)

Consider adding an error boundary to your tree to customize error handling behavior.
Visit https://reactjs.org/link/error-boundaries to learn more about error boundaries.

stderr | src/components/cpg/PromoImpactSummary.test.tsx > PromoImpactSummary > Interpretation Message > shows maintained margins message for zero difference
The above error occurred in the <PromoImpactSummary> component:

    at PromoImpactSummary (C:/Users/Admin/graceful_books/src/components/cpg/PromoImpactSummary.tsx:9:3)

Consider adding an error boundary to your tree to customize error handling behavior.
Visit https://reactjs.org/link/error-boundaries to learn more about error boundaries.

stderr | src/components/cpg/PromoImpactSummary.test.tsx > PromoImpactSummary > Styling and Visual Indicators > applies prominent styling to total cost card
The above error occurred in the <PromoImpactSummary> component:

    at PromoImpactSummary (C:/Users/Admin/graceful_books/src/components/cpg/PromoImpactSummary.tsx:9:3)

Consider adding an error boundary to your tree to customize error handling behavior.
Visit https://reactjs.org/link/error-boundaries to learn more about error boundaries.

stderr | src/components/cpg/PromoImpactSummary.test.tsx > PromoImpactSummary > Styling and Visual Indicators > applies positive styling to positive margin difference
The above error occurred in the <PromoImpactSummary> component:

    at PromoImpactSummary (C:/Users/Admin/graceful_books/src/components/cpg/PromoImpactSummary.tsx:9:3)

Consider adding an error boundary to your tree to customize error handling behavior.
Visit https://reactjs.org/link/error-boundaries to learn more about error boundaries.

stderr | src/components/cpg/PromoImpactSummary.test.tsx > PromoImpactSummary > Styling and Visual Indicators > applies negative styling to negative margin difference
The above error occurred in the <PromoImpactSummary> component:

    at PromoImpactSummary (C:/Users/Admin/graceful_books/src/components/cpg/PromoImpactSummary.tsx:9:3)

Consider adding an error boundary to your tree to customize error handling behavior.
Visit https://reactjs.org/link/error-boundaries to learn more about error boundaries.

stderr | src/components/cpg/PromoImpactSummary.test.tsx > PromoImpactSummary > Custom className > applies custom className to container
The above error occurred in the <PromoImpactSummary> component:

    at PromoImpactSummary (C:/Users/Admin/graceful_books/src/components/cpg/PromoImpactSummary.tsx:9:3)

Consider adding an error boundary to your tree to customize error handling behavior.
Visit https://reactjs.org/link/error-boundaries to learn more about error boundaries.

stderr | src/components/cpg/PromoImpactSummary.test.tsx > PromoImpactSummary > Accessibility > uses semantic HTML structure
The above error occurred in the <PromoImpactSummary> component:

    at PromoImpactSummary (C:/Users/Admin/graceful_books/src/components/cpg/PromoImpactSummary.tsx:9:3)

Consider adding an error boundary to your tree to customize error handling behavior.
Visit https://reactjs.org/link/error-boundaries to learn more about error boundaries.

stderr | src/components/cpg/PromoImpactSummary.test.tsx > PromoImpactSummary > Accessibility > includes descriptive metric labels
The above error occurred in the <PromoImpactSummary> component:

    at PromoImpactSummary (C:/Users/Admin/graceful_books/src/components/cpg/PromoImpactSummary.tsx:9:3)

Consider adding an error boundary to your tree to customize error handling behavior.
Visit https://reactjs.org/link/error-boundaries to learn more about error boundaries.

stderr | src/components/cpg/PromoImpactSummary.test.tsx > PromoImpactSummary > Accessibility > hides decorative icons from screen readers
The above error occurred in the <PromoImpactSummary> component:

    at PromoImpactSummary (C:/Users/Admin/graceful_books/src/components/cpg/PromoImpactSummary.tsx:9:3)

Consider adding an error boundary to your tree to customize error handling behavior.
Visit https://reactjs.org/link/error-boundaries to learn more about error boundaries.

 ❯ src/components/cpg/PromoImpactSummary.test.tsx (25 tests | 25 failed) 1703ms
       × renders title 202ms
       × renders all metric cards 12ms
       × displays negative margin difference with down arrow 61ms
       × displays positive margin difference with up arrow 42ms
       × shows appropriate description for negative impact 94ms
       × shows appropriate description for positive impact 17ms
       × shows appropriate description for zero impact 19ms
       × displays total promo cost with currency formatting 109ms
       × displays total promo cost description 25ms
       × formats large numbers with commas 18ms
       × displays total units 34ms
       × displays total units description 96ms
       × formats large unit numbers with commas 14ms
       × displays interpretation icon 872ms
       × shows significant impact message for large negative difference 7ms
       × shows moderate impact message for small negative difference 8ms
       × shows excellent opportunity message for positive difference 7ms
       × shows maintained margins message for zero difference 8ms
       × applies prominent styling to total cost card 7ms
       × applies positive styling to positive margin difference 6ms
       × applies negative styling to negative margin difference 6ms
       × applies custom className to container 5ms
       × uses semantic HTML structure 6ms
       × includes descriptive metric labels 8ms
       × hides decorative icons from screen readers 6ms
stdout | src/__tests__/integration/groupD.integration.test.ts > Group D Integration Tests > D1 → Transactions → D6/D7: COA Wizard to Financial Reports > should create accounts from wizard, record transactions, and generate accurate reports
Creating accounts from wizard {
  companyId: 'test-company-6G0M6D5kqw',
  templateId: 'general',
  accountCount: 11
}

stderr | src/__tests__/integration/groupD.integration.test.ts > Group D Integration Tests > D1 → Transactions → D6/D7: COA Wizard to Financial Reports > should create accounts from wizard, record transactions, and generate accurate reports
Failed to create accounts from wizard {
  error: TypeError: companyId.trim is not a function
      at validateCompanyId (C:/Users/Admin/graceful_books/src/utils/authorization.ts:139:31)
      at batchCreateAccounts (C:/Users/Admin/graceful_books/src/store/accounts.ts:611:26)
      at createAccountsFromWizard (C:/Users/Admin/graceful_books/src/services/coaWizardService.ts:96:31)
      at C:/Users/Admin/graceful_books/src/__tests__/integration/groupD.integration.test.ts:184:34
      at file:///C:/Users/Admin/graceful_books/node_modules/@vitest/runner/dist/chunk-artifact.js:302:11
      at file:///C:/Users/Admin/graceful_books/node_modules/@vitest/runner/dist/chunk-artifact.js:1903:26
      at file:///C:/Users/Admin/graceful_books/node_modules/@vitest/runner/dist/chunk-artifact.js:2326:20
      at new Promise (<anonymous>)
      at runWithCancel (file:///C:/Users/Admin/graceful_books/node_modules/@vitest/runner/dist/chunk-artifact.js:2323:10)
      at file:///C:/Users/Admin/graceful_books/node_modules/@vitest/runner/dist/chunk-artifact.js:2305:20
}

stdout | src/__tests__/integration/groupD.integration.test.ts > Group D Integration Tests > D1 → Transactions → D6/D7: COA Wizard to Financial Reports > should handle customizations in COA wizard correctly
Creating accounts from wizard {
  companyId: 'test-company-stQMECsQHU',
  templateId: 'general',
  accountCount: 12
}

stderr | src/__tests__/integration/groupD.integration.test.ts > Group D Integration Tests > D1 → Transactions → D6/D7: COA Wizard to Financial Reports > should handle customizations in COA wizard correctly
Failed to create accounts from wizard {
  error: TypeError: companyId.trim is not a function
      at validateCompanyId (C:/Users/Admin/graceful_books/src/utils/authorization.ts:139:31)
      at batchCreateAccounts (C:/Users/Admin/graceful_books/src/store/accounts.ts:611:26)
      at createAccountsFromWizard (C:/Users/Admin/graceful_books/src/services/coaWizardService.ts:96:31)
      at C:/Users/Admin/graceful_books/src/__tests__/integration/groupD.integration.test.ts:329:28
      at file:///C:/Users/Admin/graceful_books/node_modules/@vitest/runner/dist/chunk-artifact.js:302:11
      at file:///C:/Users/Admin/graceful_books/node_modules/@vitest/runner/dist/chunk-artifact.js:1903:26
      at file:///C:/Users/Admin/graceful_books/node_modules/@vitest/runner/dist/chunk-artifact.js:2326:20
      at new Promise (<anonymous>)
      at runWithCancel (file:///C:/Users/Admin/graceful_books/node_modules/@vitest/runner/dist/chunk-artifact.js:2323:10)
      at file:///C:/Users/Admin/graceful_books/node_modules/@vitest/runner/dist/chunk-artifact.js:2305:20
}

stdout | src/__tests__/integration/groupD.integration.test.ts > Group D Integration Tests > D2: Bank Reconciliation with Transactions > should reconcile bank statement with existing transactions
Auto-matching complete {
  totalStatementTxns: 3,
  totalSystemTxns: 3,
  matchesFound: 3,
  matchRate: '100%'
}

stdout | src/__tests__/integration/groupD.integration.test.ts > Group D Integration Tests > End-to-End Group D Feature Flow > should complete full workflow: Setup → Record → Reconcile → Report
Creating accounts from wizard {
  companyId: 'test-company-0p85RHHuSt',
  templateId: 'general',
  accountCount: 11
}

stderr | src/__tests__/integration/groupD.integration.test.ts > Group D Integration Tests > End-to-End Group D Feature Flow > should complete full workflow: Setup → Record → Reconcile → Report
Failed to create accounts from wizard {
  error: TypeError: companyId.trim is not a function
      at validateCompanyId (C:/Users/Admin/graceful_books/src/utils/authorization.ts:139:31)
      at batchCreateAccounts (C:/Users/Admin/graceful_books/src/store/accounts.ts:611:26)
      at createAccountsFromWizard (C:/Users/Admin/graceful_books/src/services/coaWizardService.ts:96:31)
      at C:/Users/Admin/graceful_books/src/__tests__/integration/groupD.integration.test.ts:1157:31
      at file:///C:/Users/Admin/graceful_books/node_modules/@vitest/runner/dist/chunk-artifact.js:302:11
      at file:///C:/Users/Admin/graceful_books/node_modules/@vitest/runner/dist/chunk-artifact.js:1903:26
      at file:///C:/Users/Admin/graceful_books/node_modules/@vitest/runner/dist/chunk-artifact.js:2326:20
      at new Promise (<anonymous>)
      at runWithCancel (file:///C:/Users/Admin/graceful_books/node_modules/@vitest/runner/dist/chunk-artifact.js:2323:10)
      at file:///C:/Users/Admin/graceful_books/node_modules/@vitest/runner/dist/chunk-artifact.js:2305:20
}

 ❯ src/__tests__/integration/groupD.integration.test.ts (11 tests | 4 failed) 1080ms
       × should create accounts from wizard, record transactions, and generate accurate reports 211ms
       × should handle customizations in COA wizard correctly 30ms
       × should reconcile bank statement with existing transactions 265ms
       × should complete full workflow: Setup → Record → Reconcile → Report 38ms
stdout | src/services/auditLogExtended.perf.test.ts > Extended Audit Log Performance Tests
Setting up large dataset for performance tests...

stdout | src/services/auditLogExtended.perf.test.ts > Extended Audit Log Performance Tests
Seeding 100000 audit log entries...

stdout | src/services/auditLogExtended.perf.test.ts > Extended Audit Log Performance Tests
  Seeded 1000/100000 entries...

stdout | src/services/auditLogExtended.perf.test.ts > Extended Audit Log Performance Tests
  Seeded 11000/100000 entries...

stdout | src/services/auditLogExtended.perf.test.ts > Extended Audit Log Performance Tests
  Seeded 21000/100000 entries...

stdout | src/services/auditLogExtended.perf.test.ts > Extended Audit Log Performance Tests
  Seeded 31000/100000 entries...

stdout | src/services/auditLogExtended.perf.test.ts > Extended Audit Log Performance Tests
  Seeded 41000/100000 entries...

stdout | src/services/auditLogExtended.perf.test.ts > Extended Audit Log Performance Tests
  Seeded 51000/100000 entries...

stdout | src/services/auditLogExtended.perf.test.ts > Extended Audit Log Performance Tests
  Seeded 61000/100000 entries...

stdout | src/services/auditLogExtended.perf.test.ts > Extended Audit Log Performance Tests
  Seeded 71000/100000 entries...

stdout | src/services/auditLogExtended.perf.test.ts > Extended Audit Log Performance Tests
  Seeded 81000/100000 entries...

stdout | src/services/auditLogExtended.perf.test.ts > Extended Audit Log Performance Tests
  Seeded 91000/100000 entries...

stdout | src/services/auditLogExtended.perf.test.ts > Extended Audit Log Performance Tests
Seeding completed in 284.56s

stdout | src/services/auditLogExtended.perf.test.ts > Extended Audit Log Performance Tests
Large dataset setup complete

stdout | src/services/auditLogExtended.perf.test.ts > Extended Audit Log Performance Tests
Cleaning up large dataset...

stdout | src/services/auditLogExtended.perf.test.ts > Extended Audit Log Performance Tests
[AuditLogExtended] Audit log search completed { total: 100000, returned: 100, executionTimeMs: 15998.021899999934 }

stdout | src/services/auditLogExtended.perf.test.ts > Extended Audit Log Performance Tests
[AuditLogExtended] Starting audit log search { companyId: 'test-company', limit: 100, offset: 1700 }

stdout | src/services/auditLogExtended.perf.test.ts > Extended Audit Log Performance Tests
Cleanup complete

stdout | src/services/auditLogExtended.perf.test.ts
[AuditLogExtended] Audit log search completed { total: 0, returned: 0, executionTimeMs: 7143.725800000015 }

stdout | src/services/auditLogExtended.perf.test.ts
[AuditLogExtended] Starting audit log search { companyId: 'test-company', limit: 100, offset: 1800 }

stdout | src/services/auditLogExtended.perf.test.ts
[AuditLogExtended] Audit log search completed { total: 0, returned: 0, executionTimeMs: 1.0562999999383464 }

stdout | src/services/auditLogExtended.perf.test.ts
[AuditLogExtended] Starting audit log search { companyId: 'test-company', limit: 100, offset: 1900 }

stdout | src/services/auditLogExtended.perf.test.ts
[AuditLogExtended] Audit log search completed { total: 0, returned: 0, executionTimeMs: 1.005600000033155 }

stdout | src/services/auditLogExtended.perf.test.ts
[AuditLogExtended] Starting audit log search { companyId: 'test-company', limit: 100, offset: 2000 }

stdout | src/services/auditLogExtended.perf.test.ts
[AuditLogExtended] Audit log search completed { total: 0, returned: 0, executionTimeMs: 0.8254999999189749 }

stdout | src/services/auditLogExtended.perf.test.ts
Completed 21/100 iterations
[AuditLogExtended] Starting audit log search { companyId: 'test-company', limit: 100, offset: 2100 }

stdout | src/services/auditLogExtended.perf.test.ts
[AuditLogExtended] Audit log search completed { total: 0, returned: 0, executionTimeMs: 1.1222000000998378 }

stdout | src/services/auditLogExtended.perf.test.ts
[AuditLogExtended] Starting audit log search { companyId: 'test-company', limit: 100, offset: 2200 }

stdout | src/services/auditLogExtended.perf.test.ts
[AuditLogExtended] Audit log search completed { total: 0, returned: 0, executionTimeMs: 1.2851999999256805 }

stdout | src/services/auditLogExtended.perf.test.ts
[AuditLogExtended] Starting audit log search { companyId: 'test-company', limit: 100, offset: 2300 }

stdout | src/services/auditLogExtended.perf.test.ts
[AuditLogExtended] Audit log search completed { total: 0, returned: 0, executionTimeMs: 10.199299999978393 }

stdout | src/services/auditLogExtended.perf.test.ts
[AuditLogExtended] Starting audit log search { companyId: 'test-company', limit: 100, offset: 2400 }

stdout | src/services/auditLogExtended.perf.test.ts
[AuditLogExtended] Audit log search completed { total: 0, returned: 0, executionTimeMs: 29.945500000030734 }

stdout | src/services/auditLogExtended.perf.test.ts
[AuditLogExtended] Starting audit log search { companyId: 'test-company', limit: 100, offset: 2500 }

stdout | src/services/auditLogExtended.perf.test.ts
[AuditLogExtended] Audit log search completed { total: 0, returned: 0, executionTimeMs: 0.8706999999703839 }

stdout | src/services/auditLogExtended.perf.test.ts
[AuditLogExtended] Starting audit log search { companyId: 'test-company', limit: 100, offset: 2600 }

stdout | src/services/auditLogExtended.perf.test.ts
[AuditLogExtended] Audit log search completed { total: 0, returned: 0, executionTimeMs: 0.7440000000642613 }

stdout | src/services/auditLogExtended.perf.test.ts
[AuditLogExtended] Starting audit log search { companyId: 'test-company', limit: 100, offset: 2700 }

stdout | src/services/auditLogExtended.perf.test.ts
[AuditLogExtended] Audit log search completed { total: 0, returned: 0, executionTimeMs: 1.0071999999927357 }

stdout | src/services/auditLogExtended.perf.test.ts
[AuditLogExtended] Starting audit log search { companyId: 'test-company', limit: 100, offset: 2800 }

stdout | src/services/auditLogExtended.perf.test.ts
[AuditLogExtended] Audit log search completed { total: 0, returned: 0, executionTimeMs: 1.1975000000093132 }

stdout | src/services/auditLogExtended.perf.test.ts
[AuditLogExtended] Starting audit log search { companyId: 'test-company', limit: 100, offset: 2900 }

stdout | src/services/auditLogExtended.perf.test.ts
[AuditLogExtended] Audit log search completed { total: 0, returned: 0, executionTimeMs: 1.3083999999798834 }

stdout | src/services/auditLogExtended.perf.test.ts
[AuditLogExtended] Starting audit log search { companyId: 'test-company', limit: 100, offset: 3000 }

stdout | src/services/auditLogExtended.perf.test.ts
[AuditLogExtended] Audit log search completed { total: 0, returned: 0, executionTimeMs: 1.0054999999701977 }

stdout | src/services/auditLogExtended.perf.test.ts
[AuditLogExtended] Starting audit log search { companyId: 'test-company', limit: 100, offset: 3100 }

stdout | src/services/auditLogExtended.perf.test.ts
[AuditLogExtended] Audit log search completed { total: 0, returned: 0, executionTimeMs: 1.122899999958463 }

stdout | src/services/auditLogExtended.perf.test.ts
[AuditLogExtended] Starting audit log search { companyId: 'test-company', limit: 100, offset: 3200 }

stdout | src/services/auditLogExtended.perf.test.ts
[AuditLogExtended] Audit log search completed { total: 0, returned: 0, executionTimeMs: 0.8329000000376254 }

stdout | src/services/auditLogExtended.perf.test.ts
[AuditLogExtended] Starting audit log search { companyId: 'test-company', limit: 100, offset: 3300 }

stdout | src/services/auditLogExtended.perf.test.ts
[AuditLogExtended] Audit log search completed { total: 0, returned: 0, executionTimeMs: 0.9523000000044703 }

stdout | src/services/auditLogExtended.perf.test.ts
[AuditLogExtended] Starting audit log search { companyId: 'test-company', limit: 100, offset: 3400 }

stdout | src/services/auditLogExtended.perf.test.ts
[AuditLogExtended] Audit log search completed { total: 0, returned: 0, executionTimeMs: 0.9311000000452623 }

stdout | src/services/auditLogExtended.perf.test.ts
[AuditLogExtended] Starting audit log search { companyId: 'test-company', limit: 100, offset: 3500 }

stdout | src/services/auditLogExtended.perf.test.ts
[AuditLogExtended] Audit log search completed { total: 0, returned: 0, executionTimeMs: 0.7290999999968335 }

stdout | src/services/auditLogExtended.perf.test.ts
[AuditLogExtended] Starting audit log search { companyId: 'test-company', limit: 100, offset: 3600 }

stdout | src/services/auditLogExtended.perf.test.ts
[AuditLogExtended] Audit log search completed { total: 0, returned: 0, executionTimeMs: 0.7652000000234693 }

stdout | src/services/auditLogExtended.perf.test.ts
[AuditLogExtended] Starting audit log search { companyId: 'test-company', limit: 100, offset: 3700 }

stdout | src/services/auditLogExtended.perf.test.ts
[AuditLogExtended] Audit log search completed { total: 0, returned: 0, executionTimeMs: 1.1493999999947846 }

stdout | src/services/auditLogExtended.perf.test.ts
[AuditLogExtended] Starting audit log search { companyId: 'test-company', limit: 100, offset: 3800 }

stdout | src/services/auditLogExtended.perf.test.ts
[AuditLogExtended] Audit log search completed { total: 0, returned: 0, executionTimeMs: 0.9679999999934807 }

stdout | src/services/auditLogExtended.perf.test.ts
[AuditLogExtended] Starting audit log search { companyId: 'test-company', limit: 100, offset: 3900 }

stdout | src/services/auditLogExtended.perf.test.ts
[AuditLogExtended] Audit log search completed { total: 0, returned: 0, executionTimeMs: 1.087100000004284 }

stdout | src/services/auditLogExtended.perf.test.ts
[AuditLogExtended] Starting audit log search { companyId: 'test-company', limit: 100, offset: 4000 }

stdout | src/services/auditLogExtended.perf.test.ts
[AuditLogExtended] Audit log search completed { total: 0, returned: 0, executionTimeMs: 0.976299999980256 }

stdout | src/services/auditLogExtended.perf.test.ts
Completed 41/100 iterations
[AuditLogExtended] Starting audit log search { companyId: 'test-company', limit: 100, offset: 4100 }

stdout | src/services/auditLogExtended.perf.test.ts
[AuditLogExtended] Audit log search completed { total: 0, returned: 0, executionTimeMs: 0.7981000000145286 }

stdout | src/services/auditLogExtended.perf.test.ts
[AuditLogExtended] Starting audit log search { companyId: 'test-company', limit: 100, offset: 4200 }

stdout | src/services/auditLogExtended.perf.test.ts
[AuditLogExtended] Audit log search completed { total: 0, returned: 0, executionTimeMs: 1.4649000000208616 }

stdout | src/services/auditLogExtended.perf.test.ts
[AuditLogExtended] Starting audit log search { companyId: 'test-company', limit: 100, offset: 4300 }

stdout | src/services/auditLogExtended.perf.test.ts
[AuditLogExtended] Audit log search completed { total: 0, returned: 0, executionTimeMs: 1.1377999999094754 }

stdout | src/services/auditLogExtended.perf.test.ts
[AuditLogExtended] Starting audit log search { companyId: 'test-company', limit: 100, offset: 4400 }

stdout | src/services/auditLogExtended.perf.test.ts
[AuditLogExtended] Audit log search completed { total: 0, returned: 0, executionTimeMs: 0.8806999999796972 }

stdout | src/services/auditLogExtended.perf.test.ts
[AuditLogExtended] Starting audit log search { companyId: 'test-company', limit: 100, offset: 4500 }

stdout | src/services/auditLogExtended.perf.test.ts
[AuditLogExtended] Audit log search completed { total: 0, returned: 0, executionTimeMs: 1.1327999999048188 }

stdout | src/services/auditLogExtended.perf.test.ts
[AuditLogExtended] Starting audit log search { companyId: 'test-company', limit: 100, offset: 4600 }

stdout | src/services/auditLogExtended.perf.test.ts
[AuditLogExtended] Audit log search completed { total: 0, returned: 0, executionTimeMs: 1.0410999999148771 }

stdout | src/services/auditLogExtended.perf.test.ts
[AuditLogExtended] Starting audit log search { companyId: 'test-company', limit: 100, offset: 4700 }

stdout | src/services/auditLogExtended.perf.test.ts
[AuditLogExtended] Audit log search completed { total: 0, returned: 0, executionTimeMs: 11.542900000000373 }

stdout | src/services/auditLogExtended.perf.test.ts
[AuditLogExtended] Starting audit log search { companyId: 'test-company', limit: 100, offset: 4800 }

stdout | src/services/auditLogExtended.perf.test.ts
[AuditLogExtended] Audit log search completed { total: 0, returned: 0, executionTimeMs: 1.5966999999945983 }

stdout | src/services/auditLogExtended.perf.test.ts
[AuditLogExtended] Starting audit log search { companyId: 'test-company', limit: 100, offset: 4900 }

stdout | src/services/auditLogExtended.perf.test.ts
[AuditLogExtended] Audit log search completed { total: 0, returned: 0, executionTimeMs: 0.8845000000437722 }

stdout | src/services/auditLogExtended.perf.test.ts
[AuditLogExtended] Starting audit log search { companyId: 'test-company', limit: 100, offset: 5000 }

stdout | src/services/auditLogExtended.perf.test.ts
[AuditLogExtended] Audit log search completed { total: 0, returned: 0, executionTimeMs: 2.189200000022538 }

stdout | src/services/auditLogExtended.perf.test.ts
[AuditLogExtended] Starting audit log search { companyId: 'test-company', limit: 100, offset: 5100 }

stdout | src/services/auditLogExtended.perf.test.ts
[AuditLogExtended] Audit log search completed { total: 0, returned: 0, executionTimeMs: 0.8240999999688938 }

stdout | src/services/auditLogExtended.perf.test.ts
[AuditLogExtended] Starting audit log search { companyId: 'test-company', limit: 100, offset: 5200 }

stdout | src/services/auditLogExtended.perf.test.ts
[AuditLogExtended] Audit log search completed { total: 0, returned: 0, executionTimeMs: 1.913799999980256 }

stdout | src/services/auditLogExtended.perf.test.ts
[AuditLogExtended] Starting audit log search { companyId: 'test-company', limit: 100, offset: 5300 }

stdout | src/services/auditLogExtended.perf.test.ts
[AuditLogExtended] Audit log search completed { total: 0, returned: 0, executionTimeMs: 0.8107000000309199 }

stdout | src/services/auditLogExtended.perf.test.ts
[AuditLogExtended] Starting audit log search { companyId: 'test-company', limit: 100, offset: 5400 }

stdout | src/services/auditLogExtended.perf.test.ts
[AuditLogExtended] Audit log search completed { total: 0, returned: 0, executionTimeMs: 2.173700000043027 }

stdout | src/services/auditLogExtended.perf.test.ts
[AuditLogExtended] Starting audit log search { companyId: 'test-company', limit: 100, offset: 5500 }

stdout | src/services/auditLogExtended.perf.test.ts
[AuditLogExtended] Audit log search completed { total: 0, returned: 0, executionTimeMs: 1.0378000000491738 }

stdout | src/services/auditLogExtended.perf.test.ts
[AuditLogExtended] Starting audit log search { companyId: 'test-company', limit: 100, offset: 5600 }

stdout | src/services/auditLogExtended.perf.test.ts
[AuditLogExtended] Audit log search completed { total: 0, returned: 0, executionTimeMs: 2.203899999964051 }

stdout | src/services/auditLogExtended.perf.test.ts
[AuditLogExtended] Starting audit log search { companyId: 'test-company', limit: 100, offset: 5700 }

stdout | src/services/auditLogExtended.perf.test.ts
[AuditLogExtended] Audit log search completed { total: 0, returned: 0, executionTimeMs: 1.666700000059791 }

stdout | src/services/auditLogExtended.perf.test.ts
[AuditLogExtended] Starting audit log search { companyId: 'test-company', limit: 100, offset: 5800 }

stdout | src/services/auditLogExtended.perf.test.ts
[AuditLogExtended] Audit log search completed { total: 0, returned: 0, executionTimeMs: 1.6049999999813735 }

stdout | src/services/auditLogExtended.perf.test.ts
[AuditLogExtended] Starting audit log search { companyId: 'test-company', limit: 100, offset: 5900 }

stdout | src/services/auditLogExtended.perf.test.ts
[AuditLogExtended] Audit log search completed { total: 0, returned: 0, executionTimeMs: 1.0839999999152496 }

stdout | src/services/auditLogExtended.perf.test.ts
[AuditLogExtended] Starting audit log search { companyId: 'test-company', limit: 100, offset: 6000 }

stdout | src/services/auditLogExtended.perf.test.ts
[AuditLogExtended] Audit log search completed { total: 0, returned: 0, executionTimeMs: 0.8578999999444932 }

stdout | src/services/auditLogExtended.perf.test.ts
Completed 61/100 iterations
[AuditLogExtended] Starting audit log search { companyId: 'test-company', limit: 100, offset: 6100 }

stdout | src/services/auditLogExtended.perf.test.ts
[AuditLogExtended] Audit log search completed { total: 0, returned: 0, executionTimeMs: 0.6586000000825152 }

stdout | src/services/auditLogExtended.perf.test.ts
[AuditLogExtended] Starting audit log search { companyId: 'test-company', limit: 100, offset: 6200 }

stdout | src/services/auditLogExtended.perf.test.ts
[AuditLogExtended] Audit log search completed { total: 0, returned: 0, executionTimeMs: 0.8587999999290332 }

stdout | src/services/auditLogExtended.perf.test.ts
[AuditLogExtended] Starting audit log search { companyId: 'test-company', limit: 100, offset: 6300 }

stdout | src/services/auditLogExtended.perf.test.ts
[AuditLogExtended] Audit log search completed { total: 0, returned: 0, executionTimeMs: 3.155200000037439 }

stdout | src/services/auditLogExtended.perf.test.ts
[AuditLogExtended] Starting audit log search { companyId: 'test-company', limit: 100, offset: 6400 }

stdout | src/services/auditLogExtended.perf.test.ts
[AuditLogExtended] Audit log search completed { total: 0, returned: 0, executionTimeMs: 1.2563999999547377 }

stdout | src/services/auditLogExtended.perf.test.ts
[AuditLogExtended] Starting audit log search { companyId: 'test-company', limit: 100, offset: 6500 }

stdout | src/services/auditLogExtended.perf.test.ts
[AuditLogExtended] Audit log search completed { total: 0, returned: 0, executionTimeMs: 2.6898999999975786 }

stdout | src/services/auditLogExtended.perf.test.ts
[AuditLogExtended] Starting audit log search { companyId: 'test-company', limit: 100, offset: 6600 }

stdout | src/services/auditLogExtended.perf.test.ts
[AuditLogExtended] Audit log search completed { total: 0, returned: 0, executionTimeMs: 0.7991000000620261 }

stdout | src/services/auditLogExtended.perf.test.ts
[AuditLogExtended] Starting audit log search { companyId: 'test-company', limit: 100, offset: 6700 }

stdout | src/services/auditLogExtended.perf.test.ts
[AuditLogExtended] Audit log search completed { total: 0, returned: 0, executionTimeMs: 0.7728999999817461 }

stdout | src/services/auditLogExtended.perf.test.ts
[AuditLogExtended] Starting audit log search { companyId: 'test-company', limit: 100, offset: 6800 }

stdout | src/services/auditLogExtended.perf.test.ts
[AuditLogExtended] Audit log search completed { total: 0, returned: 0, executionTimeMs: 0.6872999999905005 }

stdout | src/services/auditLogExtended.perf.test.ts
[AuditLogExtended] Starting audit log search { companyId: 'test-company', limit: 100, offset: 6900 }

stdout | src/services/auditLogExtended.perf.test.ts
[AuditLogExtended] Audit log search completed { total: 0, returned: 0, executionTimeMs: 1.225399999995716 }

stdout | src/services/auditLogExtended.perf.test.ts
[AuditLogExtended] Starting audit log search { companyId: 'test-company', limit: 100, offset: 7000 }

stdout | src/services/auditLogExtended.perf.test.ts
[AuditLogExtended] Audit log search completed { total: 0, returned: 0, executionTimeMs: 1.6350000000093132 }

stdout | src/services/auditLogExtended.perf.test.ts
[AuditLogExtended] Starting audit log search { companyId: 'test-company', limit: 100, offset: 7100 }

stdout | src/services/auditLogExtended.perf.test.ts
[AuditLogExtended] Audit log search completed { total: 0, returned: 0, executionTimeMs: 40.41610000003129 }

stdout | src/services/auditLogExtended.perf.test.ts
[AuditLogExtended] Starting audit log search { companyId: 'test-company', limit: 100, offset: 7200 }

stdout | src/services/auditLogExtended.perf.test.ts
[AuditLogExtended] Audit log search completed { total: 0, returned: 0, executionTimeMs: 1.16890000004787 }

stdout | src/services/auditLogExtended.perf.test.ts
[AuditLogExtended] Starting audit log search { companyId: 'test-company', limit: 100, offset: 7300 }

stdout | src/services/auditLogExtended.perf.test.ts
[AuditLogExtended] Audit log search completed { total: 0, returned: 0, executionTimeMs: 1.3647000000346452 }

stdout | src/services/auditLogExtended.perf.test.ts
[AuditLogExtended] Starting audit log search { companyId: 'test-company', limit: 100, offset: 7400 }

stdout | src/services/auditLogExtended.perf.test.ts
[AuditLogExtended] Audit log search completed { total: 0, returned: 0, executionTimeMs: 1.1002999999327585 }

stdout | src/services/auditLogExtended.perf.test.ts
[AuditLogExtended] Starting audit log search { companyId: 'test-company', limit: 100, offset: 7500 }

stdout | src/services/auditLogExtended.perf.test.ts
[AuditLogExtended] Audit log search completed { total: 0, returned: 0, executionTimeMs: 0.8359000000637025 }

stdout | src/services/auditLogExtended.perf.test.ts
[AuditLogExtended] Starting audit log search { companyId: 'test-company', limit: 100, offset: 7600 }

stdout | src/services/auditLogExtended.perf.test.ts
[AuditLogExtended] Audit log search completed { total: 0, returned: 0, executionTimeMs: 1.0959000000730157 }

stdout | src/services/auditLogExtended.perf.test.ts
[AuditLogExtended] Starting audit log search { companyId: 'test-company', limit: 100, offset: 7700 }

stdout | src/services/auditLogExtended.perf.test.ts
[AuditLogExtended] Audit log search completed { total: 0, returned: 0, executionTimeMs: 0.8554000000003725 }

stdout | src/services/auditLogExtended.perf.test.ts
[AuditLogExtended] Starting audit log search { companyId: 'test-company', limit: 100, offset: 7800 }

stdout | src/services/auditLogExtended.perf.test.ts
[AuditLogExtended] Audit log search completed { total: 0, returned: 0, executionTimeMs: 1.107799999997951 }

stdout | src/services/auditLogExtended.perf.test.ts
[AuditLogExtended] Starting audit log search { companyId: 'test-company', limit: 100, offset: 7900 }

stdout | src/services/auditLogExtended.perf.test.ts
[AuditLogExtended] Audit log search completed { total: 0, returned: 0, executionTimeMs: 1.187199999927543 }

stdout | src/services/auditLogExtended.perf.test.ts
[AuditLogExtended] Starting audit log search { companyId: 'test-company', limit: 100, offset: 8000 }

stdout | src/services/auditLogExtended.perf.test.ts
[AuditLogExtended] Audit log search completed { total: 0, returned: 0, executionTimeMs: 0.7557999999262393 }

stdout | src/services/auditLogExtended.perf.test.ts
Completed 81/100 iterations
[AuditLogExtended] Starting audit log search { companyId: 'test-company', limit: 100, offset: 8100 }

stdout | src/services/auditLogExtended.perf.test.ts
[AuditLogExtended] Audit log search completed { total: 0, returned: 0, executionTimeMs: 0.7624000000068918 }

stdout | src/services/auditLogExtended.perf.test.ts
[AuditLogExtended] Starting audit log search { companyId: 'test-company', limit: 100, offset: 8200 }

stdout | src/services/auditLogExtended.perf.test.ts
[AuditLogExtended] Audit log search completed { total: 0, returned: 0, executionTimeMs: 0.6637000000337139 }

stdout | src/services/auditLogExtended.perf.test.ts
[AuditLogExtended] Starting audit log search { companyId: 'test-company', limit: 100, offset: 8300 }

stdout | src/services/auditLogExtended.perf.test.ts
[AuditLogExtended] Audit log search completed { total: 0, returned: 0, executionTimeMs: 0.7613999999593943 }

stdout | src/services/auditLogExtended.perf.test.ts
[AuditLogExtended] Starting audit log search { companyId: 'test-company', limit: 100, offset: 8400 }

stdout | src/services/auditLogExtended.perf.test.ts
[AuditLogExtended] Audit log search completed { total: 0, returned: 0, executionTimeMs: 0.855600000009872 }

stdout | src/services/auditLogExtended.perf.test.ts
[AuditLogExtended] Starting audit log search { companyId: 'test-company', limit: 100, offset: 8500 }

stdout | src/services/auditLogExtended.perf.test.ts
[AuditLogExtended] Audit log search completed { total: 0, returned: 0, executionTimeMs: 1.584000000031665 }

stdout | src/services/auditLogExtended.perf.test.ts
[AuditLogExtended] Starting audit log search { companyId: 'test-company', limit: 100, offset: 8600 }

stdout | src/services/auditLogExtended.perf.test.ts
[AuditLogExtended] Audit log search completed { total: 0, returned: 0, executionTimeMs: 1.540199999930337 }

stdout | src/services/auditLogExtended.perf.test.ts
[AuditLogExtended] Starting audit log search { companyId: 'test-company', limit: 100, offset: 8700 }

stdout | src/services/auditLogExtended.perf.test.ts
[AuditLogExtended] Audit log search completed { total: 0, returned: 0, executionTimeMs: 0.8429999999934807 }

stdout | src/services/auditLogExtended.perf.test.ts
[AuditLogExtended] Starting audit log search { companyId: 'test-company', limit: 100, offset: 8800 }

stdout | src/services/auditLogExtended.perf.test.ts
[AuditLogExtended] Audit log search completed { total: 0, returned: 0, executionTimeMs: 0.6317999999737367 }

stdout | src/services/auditLogExtended.perf.test.ts
[AuditLogExtended] Starting audit log search { companyId: 'test-company', limit: 100, offset: 8900 }

stdout | src/services/auditLogExtended.perf.test.ts
[AuditLogExtended] Audit log search completed { total: 0, returned: 0, executionTimeMs: 0.601399999926798 }

stdout | src/services/auditLogExtended.perf.test.ts
[AuditLogExtended] Starting audit log search { companyId: 'test-company', limit: 100, offset: 9000 }

stdout | src/services/auditLogExtended.perf.test.ts
[AuditLogExtended] Audit log search completed { total: 0, returned: 0, executionTimeMs: 1.0130999999819323 }

stdout | src/services/auditLogExtended.perf.test.ts
[AuditLogExtended] Starting audit log search { companyId: 'test-company', limit: 100, offset: 9100 }

stdout | src/services/auditLogExtended.perf.test.ts
[AuditLogExtended] Audit log search completed { total: 0, returned: 0, executionTimeMs: 0.9650999999139458 }

stdout | src/services/auditLogExtended.perf.test.ts
[AuditLogExtended] Starting audit log search { companyId: 'test-company', limit: 100, offset: 9200 }

stdout | src/services/auditLogExtended.perf.test.ts
[AuditLogExtended] Audit log search completed { total: 0, returned: 0, executionTimeMs: 0.7350999999325722 }

stdout | src/services/auditLogExtended.perf.test.ts
[AuditLogExtended] Starting audit log search { companyId: 'test-company', limit: 100, offset: 9300 }

stdout | src/services/auditLogExtended.perf.test.ts
[AuditLogExtended] Audit log search completed { total: 0, returned: 0, executionTimeMs: 0.7583999999333173 }

stdout | src/services/auditLogExtended.perf.test.ts
[AuditLogExtended] Starting audit log search { companyId: 'test-company', limit: 100, offset: 9400 }

stdout | src/services/auditLogExtended.perf.test.ts
[AuditLogExtended] Audit log search completed { total: 0, returned: 0, executionTimeMs: 0.5956000000005588 }

stdout | src/services/auditLogExtended.perf.test.ts
[AuditLogExtended] Starting audit log search { companyId: 'test-company', limit: 100, offset: 9500 }

stdout | src/services/auditLogExtended.perf.test.ts
[AuditLogExtended] Audit log search completed { total: 0, returned: 0, executionTimeMs: 0.5762999999569729 }

stdout | src/services/auditLogExtended.perf.test.ts
[AuditLogExtended] Starting audit log search { companyId: 'test-company', limit: 100, offset: 9600 }

stdout | src/services/auditLogExtended.perf.test.ts
[AuditLogExtended] Audit log search completed { total: 0, returned: 0, executionTimeMs: 0.8148000000510365 }

stdout | src/services/auditLogExtended.perf.test.ts
[AuditLogExtended] Starting audit log search { companyId: 'test-company', limit: 100, offset: 9700 }

stdout | src/services/auditLogExtended.perf.test.ts
[AuditLogExtended] Audit log search completed { total: 0, returned: 0, executionTimeMs: 0.6766999999526888 }

stdout | src/services/auditLogExtended.perf.test.ts
[AuditLogExtended] Starting audit log search { companyId: 'test-company', limit: 100, offset: 9800 }

stdout | src/services/auditLogExtended.perf.test.ts
[AuditLogExtended] Audit log search completed { total: 0, returned: 0, executionTimeMs: 1.577599999960512 }

stdout | src/services/auditLogExtended.perf.test.ts
[AuditLogExtended] Starting audit log search { companyId: 'test-company', limit: 100, offset: 9900 }

stdout | src/services/auditLogExtended.perf.test.ts
[AuditLogExtended] Audit log search completed { total: 0, returned: 0, executionTimeMs: 0.7778999999864027 }

 ❯ src/services/auditLogExtended.perf.test.ts (19 tests | 16 failed) 566578ms
       × should search all logs in <200ms 8038ms
       × should perform date range search in <200ms 1046ms
       × should perform full-text search in <200ms 6261ms
       × should perform complex filtered search in <200ms 913ms
       × should handle pagination efficiently 6124ms
       × should generate daily timeline in <200ms 948ms
       × should generate weekly timeline in <200ms 5528ms
       × should generate monthly timeline in <200ms 11980ms
       × should export 1,000 logs to CSV in reasonable time 8108ms
       × should export 10,000 logs to CSV in reasonable time 7169ms
       × should export 1,000 logs to PDF data in reasonable time 7706ms
       × should generate statistics in <200ms 6497ms
       × should generate date-filtered statistics in <200ms 2313ms
       × should handle multiple concurrent searches efficiently 64735ms
       × should handle mixed concurrent operations 21684ms
       × should not leak memory during repeated operations 95027ms
 ❯ src/components/dashboard/CashPositionWidget.test.tsx (30 tests | 2 failed) 1181ms
       × should handle empty trend data 32ms
       × should handle very small monthly expenses 71ms
 ❯ src/store/contacts.test.ts (30 tests | 15 failed) 224ms
       × should retrieve a vendor by ID 43ms
       × should return error when vendor not found 7ms
       × should decrypt vendor data when encryption context provided 2ms
       × should update vendor fields 3ms
       × should encrypt updated fields 3ms
       × should return error when vendor not found 2ms
       × should increment version vector on update 2ms
       × should soft delete a vendor 2ms
       × should return error when vendor not found 2ms
       × should query vendors by company ID 3ms
       × should filter by active status 2ms
       × should exclude deleted contacts by default 30ms
       × should batch create multiple vendors 5ms
       × should batch create with encryption 2ms
       × should handle partial failures gracefully 2ms
Error: Uncaught [Error: useNavigate() may be used only in the context of a <Router> component.]
    at reportException (C:\Users\Admin\graceful_books\node_modules\jsdom\lib\jsdom\living\helpers\runtime-script-errors.js:66:24)
    at innerInvokeEventListeners (C:\Users\Admin\graceful_books\node_modules\jsdom\lib\jsdom\living\events\EventTarget-impl.js:353:9)
    at invokeEventListeners (C:\Users\Admin\graceful_books\node_modules\jsdom\lib\jsdom\living\events\EventTarget-impl.js:286:3)
    at HTMLUnknownElementImpl._dispatch (C:\Users\Admin\graceful_books\node_modules\jsdom\lib\jsdom\living\events\EventTarget-impl.js:233:9)
    at HTMLUnknownElementImpl.dispatchEvent (C:\Users\Admin\graceful_books\node_modules\jsdom\lib\jsdom\living\events\EventTarget-impl.js:104:17)
    at HTMLUnknownElement.dispatchEvent (C:\Users\Admin\graceful_books\node_modules\jsdom\lib\jsdom\living\generated\EventTarget.js:241:34)
    at Object.invokeGuardedCallbackDev (C:\Users\Admin\graceful_books\node_modules\react-dom\cjs\react-dom.development.js:4213:16)
    at invokeGuardedCallback (C:\Users\Admin\graceful_books\node_modules\react-dom\cjs\react-dom.development.js:4277:31)
    at beginWork$1 (C:\Users\Admin\graceful_books\node_modules\react-dom\cjs\react-dom.development.js:27490:7)
    at performUnitOfWork (C:\Users\Admin\graceful_books\node_modules\react-dom\cjs\react-dom.development.js:26599:12) Error: useNavigate() may be used only in the context of a <Router> component.
    at Object.invariant [as UNSAFE_invariant] (C:\Users\Admin\graceful_books\node_modules\@remix-run\router\dist\router.cjs.js:315:11)
    at useNavigateUnstable (C:\Users\Admin\graceful_books\node_modules\react-router\dist\umd\react-router.development.js:223:36)
    at useNavigate (C:\Users\Admin\graceful_books\node_modules\react-router\dist\umd\react-router.development.js:220:48)
    at AccountCard (C:/Users/Admin/graceful_books/src/components/accounts/AccountCard.tsx:124:20)
    at renderWithHooks (C:\Users\Admin\graceful_books\node_modules\react-dom\cjs\react-dom.development.js:15486:18)
    at mountIndeterminateComponent (C:\Users\Admin\graceful_books\node_modules\react-dom\cjs\react-dom.development.js:20103:13)
    at beginWork (C:\Users\Admin\graceful_books\node_modules\react-dom\cjs\react-dom.development.js:21626:16)
    at HTMLUnknownElement.callCallback (C:\Users\Admin\graceful_books\node_modules\react-dom\cjs\react-dom.development.js:4164:14)
    at HTMLUnknownElement.callTheUserObjectsOperation (C:\Users\Admin\graceful_books\node_modules\jsdom\lib\jsdom\living\generated\EventListener.js:26:30)
    at innerInvokeEventListeners (C:\Users\Admin\graceful_books\node_modules\jsdom\lib\jsdom\living\events\EventTarget-impl.js:350:25)
Error: Uncaught [Error: useNavigate() may be used only in the context of a <Router> component.]
    at reportException (C:\Users\Admin\graceful_books\node_modules\jsdom\lib\jsdom\living\helpers\runtime-script-errors.js:66:24)
    at innerInvokeEventListeners (C:\Users\Admin\graceful_books\node_modules\jsdom\lib\jsdom\living\events\EventTarget-impl.js:353:9)
    at invokeEventListeners (C:\Users\Admin\graceful_books\node_modules\jsdom\lib\jsdom\living\events\EventTarget-impl.js:286:3)
    at HTMLUnknownElementImpl._dispatch (C:\Users\Admin\graceful_books\node_modules\jsdom\lib\jsdom\living\events\EventTarget-impl.js:233:9)
    at HTMLUnknownElementImpl.dispatchEvent (C:\Users\Admin\graceful_books\node_modules\jsdom\lib\jsdom\living\events\EventTarget-impl.js:104:17)
    at HTMLUnknownElement.dispatchEvent (C:\Users\Admin\graceful_books\node_modules\jsdom\lib\jsdom\living\generated\EventTarget.js:241:34)
    at Object.invokeGuardedCallbackDev (C:\Users\Admin\graceful_books\node_modules\react-dom\cjs\react-dom.development.js:4213:16)
    at invokeGuardedCallback (C:\Users\Admin\graceful_books\node_modules\react-dom\cjs\react-dom.development.js:4277:31)
    at beginWork$1 (C:\Users\Admin\graceful_books\node_modules\react-dom\cjs\react-dom.development.js:27490:7)
    at performUnitOfWork (C:\Users\Admin\graceful_books\node_modules\react-dom\cjs\react-dom.development.js:26599:12) Error: useNavigate() may be used only in the context of a <Router> component.
    at Object.invariant [as UNSAFE_invariant] (C:\Users\Admin\graceful_books\node_modules\@remix-run\router\dist\router.cjs.js:315:11)
    at useNavigateUnstable (C:\Users\Admin\graceful_books\node_modules\react-router\dist\umd\react-router.development.js:223:36)
    at useNavigate (C:\Users\Admin\graceful_books\node_modules\react-router\dist\umd\react-router.development.js:220:48)
    at AccountCard (C:/Users/Admin/graceful_books/src/components/accounts/AccountCard.tsx:124:20)
    at renderWithHooks (C:\Users\Admin\graceful_books\node_modules\react-dom\cjs\react-dom.development.js:15486:18)
    at mountIndeterminateComponent (C:\Users\Admin\graceful_books\node_modules\react-dom\cjs\react-dom.development.js:20103:13)
    at beginWork (C:\Users\Admin\graceful_books\node_modules\react-dom\cjs\react-dom.development.js:21626:16)
    at HTMLUnknownElement.callCallback (C:\Users\Admin\graceful_books\node_modules\react-dom\cjs\react-dom.development.js:4164:14)
    at HTMLUnknownElement.callTheUserObjectsOperation (C:\Users\Admin\graceful_books\node_modules\jsdom\lib\jsdom\living\generated\EventListener.js:26:30)
    at innerInvokeEventListeners (C:\Users\Admin\graceful_books\node_modules\jsdom\lib\jsdom\living\events\EventTarget-impl.js:350:25)
Error: Uncaught [Error: useNavigate() may be used only in the context of a <Router> component.]
    at reportException (C:\Users\Admin\graceful_books\node_modules\jsdom\lib\jsdom\living\helpers\runtime-script-errors.js:66:24)
    at innerInvokeEventListeners (C:\Users\Admin\graceful_books\node_modules\jsdom\lib\jsdom\living\events\EventTarget-impl.js:353:9)
    at invokeEventListeners (C:\Users\Admin\graceful_books\node_modules\jsdom\lib\jsdom\living\events\EventTarget-impl.js:286:3)
    at HTMLUnknownElementImpl._dispatch (C:\Users\Admin\graceful_books\node_modules\jsdom\lib\jsdom\living\events\EventTarget-impl.js:233:9)
    at HTMLUnknownElementImpl.dispatchEvent (C:\Users\Admin\graceful_books\node_modules\jsdom\lib\jsdom\living\events\EventTarget-impl.js:104:17)
    at HTMLUnknownElement.dispatchEvent (C:\Users\Admin\graceful_books\node_modules\jsdom\lib\jsdom\living\generated\EventTarget.js:241:34)
    at Object.invokeGuardedCallbackDev (C:\Users\Admin\graceful_books\node_modules\react-dom\cjs\react-dom.development.js:4213:16)
    at invokeGuardedCallback (C:\Users\Admin\graceful_books\node_modules\react-dom\cjs\react-dom.development.js:4277:31)
    at beginWork$1 (C:\Users\Admin\graceful_books\node_modules\react-dom\cjs\react-dom.development.js:27490:7)
    at performUnitOfWork (C:\Users\Admin\graceful_books\node_modules\react-dom\cjs\react-dom.development.js:26599:12) Error: useNavigate() may be used only in the context of a <Router> component.
    at Object.invariant [as UNSAFE_invariant] (C:\Users\Admin\graceful_books\node_modules\@remix-run\router\dist\router.cjs.js:315:11)
    at useNavigateUnstable (C:\Users\Admin\graceful_books\node_modules\react-router\dist\umd\react-router.development.js:223:36)
    at useNavigate (C:\Users\Admin\graceful_books\node_modules\react-router\dist\umd\react-router.development.js:220:48)
    at AccountCard (C:/Users/Admin/graceful_books/src/components/accounts/AccountCard.tsx:124:20)
    at renderWithHooks (C:\Users\Admin\graceful_books\node_modules\react-dom\cjs\react-dom.development.js:15486:18)
    at mountIndeterminateComponent (C:\Users\Admin\graceful_books\node_modules\react-dom\cjs\react-dom.development.js:20103:13)
    at beginWork (C:\Users\Admin\graceful_books\node_modules\react-dom\cjs\react-dom.development.js:21626:16)
    at HTMLUnknownElement.callCallback (C:\Users\Admin\graceful_books\node_modules\react-dom\cjs\react-dom.development.js:4164:14)
    at HTMLUnknownElement.callTheUserObjectsOperation (C:\Users\Admin\graceful_books\node_modules\jsdom\lib\jsdom\living\generated\EventListener.js:26:30)
    at innerInvokeEventListeners (C:\Users\Admin\graceful_books\node_modules\jsdom\lib\jsdom\living\events\EventTarget-impl.js:350:25)
Error: Uncaught [Error: useNavigate() may be used only in the context of a <Router> component.]
    at reportException (C:\Users\Admin\graceful_books\node_modules\jsdom\lib\jsdom\living\helpers\runtime-script-errors.js:66:24)
    at innerInvokeEventListeners (C:\Users\Admin\graceful_books\node_modules\jsdom\lib\jsdom\living\events\EventTarget-impl.js:353:9)
    at invokeEventListeners (C:\Users\Admin\graceful_books\node_modules\jsdom\lib\jsdom\living\events\EventTarget-impl.js:286:3)
    at HTMLUnknownElementImpl._dispatch (C:\Users\Admin\graceful_books\node_modules\jsdom\lib\jsdom\living\events\EventTarget-impl.js:233:9)
    at HTMLUnknownElementImpl.dispatchEvent (C:\Users\Admin\graceful_books\node_modules\jsdom\lib\jsdom\living\events\EventTarget-impl.js:104:17)
    at HTMLUnknownElement.dispatchEvent (C:\Users\Admin\graceful_books\node_modules\jsdom\lib\jsdom\living\generated\EventTarget.js:241:34)
    at Object.invokeGuardedCallbackDev (C:\Users\Admin\graceful_books\node_modules\react-dom\cjs\react-dom.development.js:4213:16)
    at invokeGuardedCallback (C:\Users\Admin\graceful_books\node_modules\react-dom\cjs\react-dom.development.js:4277:31)
    at beginWork$1 (C:\Users\Admin\graceful_books\node_modules\react-dom\cjs\react-dom.development.js:27490:7)
    at performUnitOfWork (C:\Users\Admin\graceful_books\node_modules\react-dom\cjs\react-dom.development.js:26599:12) Error: useNavigate() may be used only in the context of a <Router> component.
    at Object.invariant [as UNSAFE_invariant] (C:\Users\Admin\graceful_books\node_modules\@remix-run\router\dist\router.cjs.js:315:11)
    at useNavigateUnstable (C:\Users\Admin\graceful_books\node_modules\react-router\dist\umd\react-router.development.js:223:36)
    at useNavigate (C:\Users\Admin\graceful_books\node_modules\react-router\dist\umd\react-router.development.js:220:48)
    at AccountCard (C:/Users/Admin/graceful_books/src/components/accounts/AccountCard.tsx:124:20)
    at renderWithHooks (C:\Users\Admin\graceful_books\node_modules\react-dom\cjs\react-dom.development.js:15486:18)
    at mountIndeterminateComponent (C:\Users\Admin\graceful_books\node_modules\react-dom\cjs\react-dom.development.js:20103:13)
    at beginWork (C:\Users\Admin\graceful_books\node_modules\react-dom\cjs\react-dom.development.js:21626:16)
    at HTMLUnknownElement.callCallback (C:\Users\Admin\graceful_books\node_modules\react-dom\cjs\react-dom.development.js:4164:14)
    at HTMLUnknownElement.callTheUserObjectsOperation (C:\Users\Admin\graceful_books\node_modules\jsdom\lib\jsdom\living\generated\EventListener.js:26:30)
    at innerInvokeEventListeners (C:\Users\Admin\graceful_books\node_modules\jsdom\lib\jsdom\living\events\EventTarget-impl.js:350:25)
Error: Uncaught [Error: useNavigate() may be used only in the context of a <Router> component.]
    at reportException (C:\Users\Admin\graceful_books\node_modules\jsdom\lib\jsdom\living\helpers\runtime-script-errors.js:66:24)
    at innerInvokeEventListeners (C:\Users\Admin\graceful_books\node_modules\jsdom\lib\jsdom\living\events\EventTarget-impl.js:353:9)
    at invokeEventListeners (C:\Users\Admin\graceful_books\node_modules\jsdom\lib\jsdom\living\events\EventTarget-impl.js:286:3)
    at HTMLUnknownElementImpl._dispatch (C:\Users\Admin\graceful_books\node_modules\jsdom\lib\jsdom\living\events\EventTarget-impl.js:233:9)
    at HTMLUnknownElementImpl.dispatchEvent (C:\Users\Admin\graceful_books\node_modules\jsdom\lib\jsdom\living\events\EventTarget-impl.js:104:17)
    at HTMLUnknownElement.dispatchEvent (C:\Users\Admin\graceful_books\node_modules\jsdom\lib\jsdom\living\generated\EventTarget.js:241:34)
    at Object.invokeGuardedCallbackDev (C:\Users\Admin\graceful_books\node_modules\react-dom\cjs\react-dom.development.js:4213:16)
    at invokeGuardedCallback (C:\Users\Admin\graceful_books\node_modules\react-dom\cjs\react-dom.development.js:4277:31)
    at beginWork$1 (C:\Users\Admin\graceful_books\node_modules\react-dom\cjs\react-dom.development.js:27490:7)
    at performUnitOfWork (C:\Users\Admin\graceful_books\node_modules\react-dom\cjs\react-dom.development.js:26599:12) Error: useNavigate() may be used only in the context of a <Router> component.
    at Object.invariant [as UNSAFE_invariant] (C:\Users\Admin\graceful_books\node_modules\@remix-run\router\dist\router.cjs.js:315:11)
    at useNavigateUnstable (C:\Users\Admin\graceful_books\node_modules\react-router\dist\umd\react-router.development.js:223:36)
    at useNavigate (C:\Users\Admin\graceful_books\node_modules\react-router\dist\umd\react-router.development.js:220:48)
    at AccountCard (C:/Users/Admin/graceful_books/src/components/accounts/AccountCard.tsx:124:20)
    at renderWithHooks (C:\Users\Admin\graceful_books\node_modules\react-dom\cjs\react-dom.development.js:15486:18)
    at mountIndeterminateComponent (C:\Users\Admin\graceful_books\node_modules\react-dom\cjs\react-dom.development.js:20103:13)
    at beginWork (C:\Users\Admin\graceful_books\node_modules\react-dom\cjs\react-dom.development.js:21626:16)
    at HTMLUnknownElement.callCallback (C:\Users\Admin\graceful_books\node_modules\react-dom\cjs\react-dom.development.js:4164:14)
    at HTMLUnknownElement.callTheUserObjectsOperation (C:\Users\Admin\graceful_books\node_modules\jsdom\lib\jsdom\living\generated\EventListener.js:26:30)
    at innerInvokeEventListeners (C:\Users\Admin\graceful_books\node_modules\jsdom\lib\jsdom\living\events\EventTarget-impl.js:350:25)
Error: Uncaught [Error: useNavigate() may be used only in the context of a <Router> component.]
    at reportException (C:\Users\Admin\graceful_books\node_modules\jsdom\lib\jsdom\living\helpers\runtime-script-errors.js:66:24)
    at innerInvokeEventListeners (C:\Users\Admin\graceful_books\node_modules\jsdom\lib\jsdom\living\events\EventTarget-impl.js:353:9)
    at invokeEventListeners (C:\Users\Admin\graceful_books\node_modules\jsdom\lib\jsdom\living\events\EventTarget-impl.js:286:3)
    at HTMLUnknownElementImpl._dispatch (C:\Users\Admin\graceful_books\node_modules\jsdom\lib\jsdom\living\events\EventTarget-impl.js:233:9)
    at HTMLUnknownElementImpl.dispatchEvent (C:\Users\Admin\graceful_books\node_modules\jsdom\lib\jsdom\living\events\EventTarget-impl.js:104:17)
    at HTMLUnknownElement.dispatchEvent (C:\Users\Admin\graceful_books\node_modules\jsdom\lib\jsdom\living\generated\EventTarget.js:241:34)
    at Object.invokeGuardedCallbackDev (C:\Users\Admin\graceful_books\node_modules\react-dom\cjs\react-dom.development.js:4213:16)
    at invokeGuardedCallback (C:\Users\Admin\graceful_books\node_modules\react-dom\cjs\react-dom.development.js:4277:31)
    at beginWork$1 (C:\Users\Admin\graceful_books\node_modules\react-dom\cjs\react-dom.development.js:27490:7)
    at performUnitOfWork (C:\Users\Admin\graceful_books\node_modules\react-dom\cjs\react-dom.development.js:26599:12) Error: useNavigate() may be used only in the context of a <Router> component.
    at Object.invariant [as UNSAFE_invariant] (C:\Users\Admin\graceful_books\node_modules\@remix-run\router\dist\router.cjs.js:315:11)
    at useNavigateUnstable (C:\Users\Admin\graceful_books\node_modules\react-router\dist\umd\react-router.development.js:223:36)
    at useNavigate (C:\Users\Admin\graceful_books\node_modules\react-router\dist\umd\react-router.development.js:220:48)
    at AccountCard (C:/Users/Admin/graceful_books/src/components/accounts/AccountCard.tsx:124:20)
    at renderWithHooks (C:\Users\Admin\graceful_books\node_modules\react-dom\cjs\react-dom.development.js:15486:18)
    at mountIndeterminateComponent (C:\Users\Admin\graceful_books\node_modules\react-dom\cjs\react-dom.development.js:20103:13)
    at beginWork (C:\Users\Admin\graceful_books\node_modules\react-dom\cjs\react-dom.development.js:21626:16)
    at HTMLUnknownElement.callCallback (C:\Users\Admin\graceful_books\node_modules\react-dom\cjs\react-dom.development.js:4164:14)
    at HTMLUnknownElement.callTheUserObjectsOperation (C:\Users\Admin\graceful_books\node_modules\jsdom\lib\jsdom\living\generated\EventListener.js:26:30)
    at innerInvokeEventListeners (C:\Users\Admin\graceful_books\node_modules\jsdom\lib\jsdom\living\events\EventTarget-impl.js:350:25)
Error: Uncaught [Error: useNavigate() may be used only in the context of a <Router> component.]
    at reportException (C:\Users\Admin\graceful_books\node_modules\jsdom\lib\jsdom\living\helpers\runtime-script-errors.js:66:24)
    at innerInvokeEventListeners (C:\Users\Admin\graceful_books\node_modules\jsdom\lib\jsdom\living\events\EventTarget-impl.js:353:9)
    at invokeEventListeners (C:\Users\Admin\graceful_books\node_modules\jsdom\lib\jsdom\living\events\EventTarget-impl.js:286:3)
    at HTMLUnknownElementImpl._dispatch (C:\Users\Admin\graceful_books\node_modules\jsdom\lib\jsdom\living\events\EventTarget-impl.js:233:9)
    at HTMLUnknownElementImpl.dispatchEvent (C:\Users\Admin\graceful_books\node_modules\jsdom\lib\jsdom\living\events\EventTarget-impl.js:104:17)
    at HTMLUnknownElement.dispatchEvent (C:\Users\Admin\graceful_books\node_modules\jsdom\lib\jsdom\living\generated\EventTarget.js:241:34)
    at Object.invokeGuardedCallbackDev (C:\Users\Admin\graceful_books\node_modules\react-dom\cjs\react-dom.development.js:4213:16)
    at invokeGuardedCallback (C:\Users\Admin\graceful_books\node_modules\react-dom\cjs\react-dom.development.js:4277:31)
    at beginWork$1 (C:\Users\Admin\graceful_books\node_modules\react-dom\cjs\react-dom.development.js:27490:7)
    at performUnitOfWork (C:\Users\Admin\graceful_books\node_modules\react-dom\cjs\react-dom.development.js:26599:12) Error: useNavigate() may be used only in the context of a <Router> component.
    at Object.invariant [as UNSAFE_invariant] (C:\Users\Admin\graceful_books\node_modules\@remix-run\router\dist\router.cjs.js:315:11)
    at useNavigateUnstable (C:\Users\Admin\graceful_books\node_modules\react-router\dist\umd\react-router.development.js:223:36)
    at useNavigate (C:\Users\Admin\graceful_books\node_modules\react-router\dist\umd\react-router.development.js:220:48)
    at AccountCard (C:/Users/Admin/graceful_books/src/components/accounts/AccountCard.tsx:124:20)
    at renderWithHooks (C:\Users\Admin\graceful_books\node_modules\react-dom\cjs\react-dom.development.js:15486:18)
    at mountIndeterminateComponent (C:\Users\Admin\graceful_books\node_modules\react-dom\cjs\react-dom.development.js:20103:13)
    at beginWork (C:\Users\Admin\graceful_books\node_modules\react-dom\cjs\react-dom.development.js:21626:16)
    at HTMLUnknownElement.callCallback (C:\Users\Admin\graceful_books\node_modules\react-dom\cjs\react-dom.development.js:4164:14)
    at HTMLUnknownElement.callTheUserObjectsOperation (C:\Users\Admin\graceful_books\node_modules\jsdom\lib\jsdom\living\generated\EventListener.js:26:30)
    at innerInvokeEventListeners (C:\Users\Admin\graceful_books\node_modules\jsdom\lib\jsdom\living\events\EventTarget-impl.js:350:25)
Error: Uncaught [Error: useNavigate() may be used only in the context of a <Router> component.]
    at reportException (C:\Users\Admin\graceful_books\node_modules\jsdom\lib\jsdom\living\helpers\runtime-script-errors.js:66:24)
    at innerInvokeEventListeners (C:\Users\Admin\graceful_books\node_modules\jsdom\lib\jsdom\living\events\EventTarget-impl.js:353:9)
    at invokeEventListeners (C:\Users\Admin\graceful_books\node_modules\jsdom\lib\jsdom\living\events\EventTarget-impl.js:286:3)
    at HTMLUnknownElementImpl._dispatch (C:\Users\Admin\graceful_books\node_modules\jsdom\lib\jsdom\living\events\EventTarget-impl.js:233:9)
    at HTMLUnknownElementImpl.dispatchEvent (C:\Users\Admin\graceful_books\node_modules\jsdom\lib\jsdom\living\events\EventTarget-impl.js:104:17)
    at HTMLUnknownElement.dispatchEvent (C:\Users\Admin\graceful_books\node_modules\jsdom\lib\jsdom\living\generated\EventTarget.js:241:34)
    at Object.invokeGuardedCallbackDev (C:\Users\Admin\graceful_books\node_modules\react-dom\cjs\react-dom.development.js:4213:16)
    at invokeGuardedCallback (C:\Users\Admin\graceful_books\node_modules\react-dom\cjs\react-dom.development.js:4277:31)
    at beginWork$1 (C:\Users\Admin\graceful_books\node_modules\react-dom\cjs\react-dom.development.js:27490:7)
    at performUnitOfWork (C:\Users\Admin\graceful_books\node_modules\react-dom\cjs\react-dom.development.js:26599:12) Error: useNavigate() may be used only in the context of a <Router> component.
    at Object.invariant [as UNSAFE_invariant] (C:\Users\Admin\graceful_books\node_modules\@remix-run\router\dist\router.cjs.js:315:11)
    at useNavigateUnstable (C:\Users\Admin\graceful_books\node_modules\react-router\dist\umd\react-router.development.js:223:36)
    at useNavigate (C:\Users\Admin\graceful_books\node_modules\react-router\dist\umd\react-router.development.js:220:48)
    at AccountCard (C:/Users/Admin/graceful_books/src/components/accounts/AccountCard.tsx:124:20)
    at renderWithHooks (C:\Users\Admin\graceful_books\node_modules\react-dom\cjs\react-dom.development.js:15486:18)
    at mountIndeterminateComponent (C:\Users\Admin\graceful_books\node_modules\react-dom\cjs\react-dom.development.js:20103:13)
    at beginWork (C:\Users\Admin\graceful_books\node_modules\react-dom\cjs\react-dom.development.js:21626:16)
    at HTMLUnknownElement.callCallback (C:\Users\Admin\graceful_books\node_modules\react-dom\cjs\react-dom.development.js:4164:14)
    at HTMLUnknownElement.callTheUserObjectsOperation (C:\Users\Admin\graceful_books\node_modules\jsdom\lib\jsdom\living\generated\EventListener.js:26:30)
    at innerInvokeEventListeners (C:\Users\Admin\graceful_books\node_modules\jsdom\lib\jsdom\living\events\EventTarget-impl.js:350:25)
Error: Uncaught [Error: useNavigate() may be used only in the context of a <Router> component.]
    at reportException (C:\Users\Admin\graceful_books\node_modules\jsdom\lib\jsdom\living\helpers\runtime-script-errors.js:66:24)
    at innerInvokeEventListeners (C:\Users\Admin\graceful_books\node_modules\jsdom\lib\jsdom\living\events\EventTarget-impl.js:353:9)
    at invokeEventListeners (C:\Users\Admin\graceful_books\node_modules\jsdom\lib\jsdom\living\events\EventTarget-impl.js:286:3)
    at HTMLUnknownElementImpl._dispatch (C:\Users\Admin\graceful_books\node_modules\jsdom\lib\jsdom\living\events\EventTarget-impl.js:233:9)
    at HTMLUnknownElementImpl.dispatchEvent (C:\Users\Admin\graceful_books\node_modules\jsdom\lib\jsdom\living\events\EventTarget-impl.js:104:17)
    at HTMLUnknownElement.dispatchEvent (C:\Users\Admin\graceful_books\node_modules\jsdom\lib\jsdom\living\generated\EventTarget.js:241:34)
    at Object.invokeGuardedCallbackDev (C:\Users\Admin\graceful_books\node_modules\react-dom\cjs\react-dom.development.js:4213:16)
    at invokeGuardedCallback (C:\Users\Admin\graceful_books\node_modules\react-dom\cjs\react-dom.development.js:4277:31)
    at beginWork$1 (C:\Users\Admin\graceful_books\node_modules\react-dom\cjs\react-dom.development.js:27490:7)
    at performUnitOfWork (C:\Users\Admin\graceful_books\node_modules\react-dom\cjs\react-dom.development.js:26599:12) Error: useNavigate() may be used only in the context of a <Router> component.
    at Object.invariant [as UNSAFE_invariant] (C:\Users\Admin\graceful_books\node_modules\@remix-run\router\dist\router.cjs.js:315:11)
    at useNavigateUnstable (C:\Users\Admin\graceful_books\node_modules\react-router\dist\umd\react-router.development.js:223:36)
    at useNavigate (C:\Users\Admin\graceful_books\node_modules\react-router\dist\umd\react-router.development.js:220:48)
    at AccountCard (C:/Users/Admin/graceful_books/src/components/accounts/AccountCard.tsx:124:20)
    at renderWithHooks (C:\Users\Admin\graceful_books\node_modules\react-dom\cjs\react-dom.development.js:15486:18)
    at mountIndeterminateComponent (C:\Users\Admin\graceful_books\node_modules\react-dom\cjs\react-dom.development.js:20103:13)
    at beginWork (C:\Users\Admin\graceful_books\node_modules\react-dom\cjs\react-dom.development.js:21626:16)
    at HTMLUnknownElement.callCallback (C:\Users\Admin\graceful_books\node_modules\react-dom\cjs\react-dom.development.js:4164:14)
    at HTMLUnknownElement.callTheUserObjectsOperation (C:\Users\Admin\graceful_books\node_modules\jsdom\lib\jsdom\living\generated\EventListener.js:26:30)
    at innerInvokeEventListeners (C:\Users\Admin\graceful_books\node_modules\jsdom\lib\jsdom\living\events\EventTarget-impl.js:350:25)
Error: Uncaught [Error: useNavigate() may be used only in the context of a <Router> component.]
    at reportException (C:\Users\Admin\graceful_books\node_modules\jsdom\lib\jsdom\living\helpers\runtime-script-errors.js:66:24)
    at innerInvokeEventListeners (C:\Users\Admin\graceful_books\node_modules\jsdom\lib\jsdom\living\events\EventTarget-impl.js:353:9)
    at invokeEventListeners (C:\Users\Admin\graceful_books\node_modules\jsdom\lib\jsdom\living\events\EventTarget-impl.js:286:3)
    at HTMLUnknownElementImpl._dispatch (C:\Users\Admin\graceful_books\node_modules\jsdom\lib\jsdom\living\events\EventTarget-impl.js:233:9)
    at HTMLUnknownElementImpl.dispatchEvent (C:\Users\Admin\graceful_books\node_modules\jsdom\lib\jsdom\living\events\EventTarget-impl.js:104:17)
    at HTMLUnknownElement.dispatchEvent (C:\Users\Admin\graceful_books\node_modules\jsdom\lib\jsdom\living\generated\EventTarget.js:241:34)
    at Object.invokeGuardedCallbackDev (C:\Users\Admin\graceful_books\node_modules\react-dom\cjs\react-dom.development.js:4213:16)
    at invokeGuardedCallback (C:\Users\Admin\graceful_books\node_modules\react-dom\cjs\react-dom.development.js:4277:31)
    at beginWork$1 (C:\Users\Admin\graceful_books\node_modules\react-dom\cjs\react-dom.development.js:27490:7)
    at performUnitOfWork (C:\Users\Admin\graceful_books\node_modules\react-dom\cjs\react-dom.development.js:26599:12) Error: useNavigate() may be used only in the context of a <Router> component.
    at Object.invariant [as UNSAFE_invariant] (C:\Users\Admin\graceful_books\node_modules\@remix-run\router\dist\router.cjs.js:315:11)
    at useNavigateUnstable (C:\Users\Admin\graceful_books\node_modules\react-router\dist\umd\react-router.development.js:223:36)
    at useNavigate (C:\Users\Admin\graceful_books\node_modules\react-router\dist\umd\react-router.development.js:220:48)
    at AccountCard (C:/Users/Admin/graceful_books/src/components/accounts/AccountCard.tsx:124:20)
    at renderWithHooks (C:\Users\Admin\graceful_books\node_modules\react-dom\cjs\react-dom.development.js:15486:18)
    at mountIndeterminateComponent (C:\Users\Admin\graceful_books\node_modules\react-dom\cjs\react-dom.development.js:20103:13)
    at beginWork (C:\Users\Admin\graceful_books\node_modules\react-dom\cjs\react-dom.development.js:21626:16)
    at HTMLUnknownElement.callCallback (C:\Users\Admin\graceful_books\node_modules\react-dom\cjs\react-dom.development.js:4164:14)
    at HTMLUnknownElement.callTheUserObjectsOperation (C:\Users\Admin\graceful_books\node_modules\jsdom\lib\jsdom\living\generated\EventListener.js:26:30)
    at innerInvokeEventListeners (C:\Users\Admin\graceful_books\node_modules\jsdom\lib\jsdom\living\events\EventTarget-impl.js:350:25)
Error: Uncaught [Error: useNavigate() may be used only in the context of a <Router> component.]
    at reportException (C:\Users\Admin\graceful_books\node_modules\jsdom\lib\jsdom\living\helpers\runtime-script-errors.js:66:24)
    at innerInvokeEventListeners (C:\Users\Admin\graceful_books\node_modules\jsdom\lib\jsdom\living\events\EventTarget-impl.js:353:9)
    at invokeEventListeners (C:\Users\Admin\graceful_books\node_modules\jsdom\lib\jsdom\living\events\EventTarget-impl.js:286:3)
    at HTMLUnknownElementImpl._dispatch (C:\Users\Admin\graceful_books\node_modules\jsdom\lib\jsdom\living\events\EventTarget-impl.js:233:9)
    at HTMLUnknownElementImpl.dispatchEvent (C:\Users\Admin\graceful_books\node_modules\jsdom\lib\jsdom\living\events\EventTarget-impl.js:104:17)
    at HTMLUnknownElement.dispatchEvent (C:\Users\Admin\graceful_books\node_modules\jsdom\lib\jsdom\living\generated\EventTarget.js:241:34)
    at Object.invokeGuardedCallbackDev (C:\Users\Admin\graceful_books\node_modules\react-dom\cjs\react-dom.development.js:4213:16)
    at invokeGuardedCallback (C:\Users\Admin\graceful_books\node_modules\react-dom\cjs\react-dom.development.js:4277:31)
    at beginWork$1 (C:\Users\Admin\graceful_books\node_modules\react-dom\cjs\react-dom.development.js:27490:7)
    at performUnitOfWork (C:\Users\Admin\graceful_books\node_modules\react-dom\cjs\react-dom.development.js:26599:12) Error: useNavigate() may be used only in the context of a <Router> component.
    at Object.invariant [as UNSAFE_invariant] (C:\Users\Admin\graceful_books\node_modules\@remix-run\router\dist\router.cjs.js:315:11)
    at useNavigateUnstable (C:\Users\Admin\graceful_books\node_modules\react-router\dist\umd\react-router.development.js:223:36)
    at useNavigate (C:\Users\Admin\graceful_books\node_modules\react-router\dist\umd\react-router.development.js:220:48)
    at AccountCard (C:/Users/Admin/graceful_books/src/components/accounts/AccountCard.tsx:124:20)
    at renderWithHooks (C:\Users\Admin\graceful_books\node_modules\react-dom\cjs\react-dom.development.js:15486:18)
    at mountIndeterminateComponent (C:\Users\Admin\graceful_books\node_modules\react-dom\cjs\react-dom.development.js:20103:13)
    at beginWork (C:\Users\Admin\graceful_books\node_modules\react-dom\cjs\react-dom.development.js:21626:16)
    at HTMLUnknownElement.callCallback (C:\Users\Admin\graceful_books\node_modules\react-dom\cjs\react-dom.development.js:4164:14)
    at HTMLUnknownElement.callTheUserObjectsOperation (C:\Users\Admin\graceful_books\node_modules\jsdom\lib\jsdom\living\generated\EventListener.js:26:30)
    at innerInvokeEventListeners (C:\Users\Admin\graceful_books\node_modules\jsdom\lib\jsdom\living\events\EventTarget-impl.js:350:25)
Error: Uncaught [Error: useNavigate() may be used only in the context of a <Router> component.]
    at reportException (C:\Users\Admin\graceful_books\node_modules\jsdom\lib\jsdom\living\helpers\runtime-script-errors.js:66:24)
    at innerInvokeEventListeners (C:\Users\Admin\graceful_books\node_modules\jsdom\lib\jsdom\living\events\EventTarget-impl.js:353:9)
    at invokeEventListeners (C:\Users\Admin\graceful_books\node_modules\jsdom\lib\jsdom\living\events\EventTarget-impl.js:286:3)
    at HTMLUnknownElementImpl._dispatch (C:\Users\Admin\graceful_books\node_modules\jsdom\lib\jsdom\living\events\EventTarget-impl.js:233:9)
    at HTMLUnknownElementImpl.dispatchEvent (C:\Users\Admin\graceful_books\node_modules\jsdom\lib\jsdom\living\events\EventTarget-impl.js:104:17)
    at HTMLUnknownElement.dispatchEvent (C:\Users\Admin\graceful_books\node_modules\jsdom\lib\jsdom\living\generated\EventTarget.js:241:34)
    at Object.invokeGuardedCallbackDev (C:\Users\Admin\graceful_books\node_modules\react-dom\cjs\react-dom.development.js:4213:16)
    at invokeGuardedCallback (C:\Users\Admin\graceful_books\node_modules\react-dom\cjs\react-dom.development.js:4277:31)
    at beginWork$1 (C:\Users\Admin\graceful_books\node_modules\react-dom\cjs\react-dom.development.js:27490:7)
    at performUnitOfWork (C:\Users\Admin\graceful_books\node_modules\react-dom\cjs\react-dom.development.js:26599:12) Error: useNavigate() may be used only in the context of a <Router> component.
    at Object.invariant [as UNSAFE_invariant] (C:\Users\Admin\graceful_books\node_modules\@remix-run\router\dist\router.cjs.js:315:11)
    at useNavigateUnstable (C:\Users\Admin\graceful_books\node_modules\react-router\dist\umd\react-router.development.js:223:36)
    at useNavigate (C:\Users\Admin\graceful_books\node_modules\react-router\dist\umd\react-router.development.js:220:48)
    at AccountCard (C:/Users/Admin/graceful_books/src/components/accounts/AccountCard.tsx:124:20)
    at renderWithHooks (C:\Users\Admin\graceful_books\node_modules\react-dom\cjs\react-dom.development.js:15486:18)
    at mountIndeterminateComponent (C:\Users\Admin\graceful_books\node_modules\react-dom\cjs\react-dom.development.js:20103:13)
    at beginWork (C:\Users\Admin\graceful_books\node_modules\react-dom\cjs\react-dom.development.js:21626:16)
    at HTMLUnknownElement.callCallback (C:\Users\Admin\graceful_books\node_modules\react-dom\cjs\react-dom.development.js:4164:14)
    at HTMLUnknownElement.callTheUserObjectsOperation (C:\Users\Admin\graceful_books\node_modules\jsdom\lib\jsdom\living\generated\EventListener.js:26:30)
    at innerInvokeEventListeners (C:\Users\Admin\graceful_books\node_modules\jsdom\lib\jsdom\living\events\EventTarget-impl.js:350:25)
Error: Uncaught [Error: useNavigate() may be used only in the context of a <Router> component.]
    at reportException (C:\Users\Admin\graceful_books\node_modules\jsdom\lib\jsdom\living\helpers\runtime-script-errors.js:66:24)
    at innerInvokeEventListeners (C:\Users\Admin\graceful_books\node_modules\jsdom\lib\jsdom\living\events\EventTarget-impl.js:353:9)
    at invokeEventListeners (C:\Users\Admin\graceful_books\node_modules\jsdom\lib\jsdom\living\events\EventTarget-impl.js:286:3)
    at HTMLUnknownElementImpl._dispatch (C:\Users\Admin\graceful_books\node_modules\jsdom\lib\jsdom\living\events\EventTarget-impl.js:233:9)
    at HTMLUnknownElementImpl.dispatchEvent (C:\Users\Admin\graceful_books\node_modules\jsdom\lib\jsdom\living\events\EventTarget-impl.js:104:17)
    at HTMLUnknownElement.dispatchEvent (C:\Users\Admin\graceful_books\node_modules\jsdom\lib\jsdom\living\generated\EventTarget.js:241:34)
    at Object.invokeGuardedCallbackDev (C:\Users\Admin\graceful_books\node_modules\react-dom\cjs\react-dom.development.js:4213:16)
    at invokeGuardedCallback (C:\Users\Admin\graceful_books\node_modules\react-dom\cjs\react-dom.development.js:4277:31)
    at beginWork$1 (C:\Users\Admin\graceful_books\node_modules\react-dom\cjs\react-dom.development.js:27490:7)
    at performUnitOfWork (C:\Users\Admin\graceful_books\node_modules\react-dom\cjs\react-dom.development.js:26599:12) Error: useNavigate() may be used only in the context of a <Router> component.
    at Object.invariant [as UNSAFE_invariant] (C:\Users\Admin\graceful_books\node_modules\@remix-run\router\dist\router.cjs.js:315:11)
    at useNavigateUnstable (C:\Users\Admin\graceful_books\node_modules\react-router\dist\umd\react-router.development.js:223:36)
    at useNavigate (C:\Users\Admin\graceful_books\node_modules\react-router\dist\umd\react-router.development.js:220:48)
    at AccountCard (C:/Users/Admin/graceful_books/src/components/accounts/AccountCard.tsx:124:20)
    at renderWithHooks (C:\Users\Admin\graceful_books\node_modules\react-dom\cjs\react-dom.development.js:15486:18)
    at mountIndeterminateComponent (C:\Users\Admin\graceful_books\node_modules\react-dom\cjs\react-dom.development.js:20103:13)
    at beginWork (C:\Users\Admin\graceful_books\node_modules\react-dom\cjs\react-dom.development.js:21626:16)
    at HTMLUnknownElement.callCallback (C:\Users\Admin\graceful_books\node_modules\react-dom\cjs\react-dom.development.js:4164:14)
    at HTMLUnknownElement.callTheUserObjectsOperation (C:\Users\Admin\graceful_books\node_modules\jsdom\lib\jsdom\living\generated\EventListener.js:26:30)
    at innerInvokeEventListeners (C:\Users\Admin\graceful_books\node_modules\jsdom\lib\jsdom\living\events\EventTarget-impl.js:350:25)
Error: Uncaught [Error: useNavigate() may be used only in the context of a <Router> component.]
    at reportException (C:\Users\Admin\graceful_books\node_modules\jsdom\lib\jsdom\living\helpers\runtime-script-errors.js:66:24)
    at innerInvokeEventListeners (C:\Users\Admin\graceful_books\node_modules\jsdom\lib\jsdom\living\events\EventTarget-impl.js:353:9)
    at invokeEventListeners (C:\Users\Admin\graceful_books\node_modules\jsdom\lib\jsdom\living\events\EventTarget-impl.js:286:3)
    at HTMLUnknownElementImpl._dispatch (C:\Users\Admin\graceful_books\node_modules\jsdom\lib\jsdom\living\events\EventTarget-impl.js:233:9)
    at HTMLUnknownElementImpl.dispatchEvent (C:\Users\Admin\graceful_books\node_modules\jsdom\lib\jsdom\living\events\EventTarget-impl.js:104:17)
    at HTMLUnknownElement.dispatchEvent (C:\Users\Admin\graceful_books\node_modules\jsdom\lib\jsdom\living\generated\EventTarget.js:241:34)
    at Object.invokeGuardedCallbackDev (C:\Users\Admin\graceful_books\node_modules\react-dom\cjs\react-dom.development.js:4213:16)
    at invokeGuardedCallback (C:\Users\Admin\graceful_books\node_modules\react-dom\cjs\react-dom.development.js:4277:31)
    at beginWork$1 (C:\Users\Admin\graceful_books\node_modules\react-dom\cjs\react-dom.development.js:27490:7)
    at performUnitOfWork (C:\Users\Admin\graceful_books\node_modules\react-dom\cjs\react-dom.development.js:26599:12) Error: useNavigate() may be used only in the context of a <Router> component.
    at Object.invariant [as UNSAFE_invariant] (C:\Users\Admin\graceful_books\node_modules\@remix-run\router\dist\router.cjs.js:315:11)
    at useNavigateUnstable (C:\Users\Admin\graceful_books\node_modules\react-router\dist\umd\react-router.development.js:223:36)
    at useNavigate (C:\Users\Admin\graceful_books\node_modules\react-router\dist\umd\react-router.development.js:220:48)
    at AccountCard (C:/Users/Admin/graceful_books/src/components/accounts/AccountCard.tsx:124:20)
    at renderWithHooks (C:\Users\Admin\graceful_books\node_modules\react-dom\cjs\react-dom.development.js:15486:18)
    at mountIndeterminateComponent (C:\Users\Admin\graceful_books\node_modules\react-dom\cjs\react-dom.development.js:20103:13)
    at beginWork (C:\Users\Admin\graceful_books\node_modules\react-dom\cjs\react-dom.development.js:21626:16)
    at HTMLUnknownElement.callCallback (C:\Users\Admin\graceful_books\node_modules\react-dom\cjs\react-dom.development.js:4164:14)
    at HTMLUnknownElement.callTheUserObjectsOperation (C:\Users\Admin\graceful_books\node_modules\jsdom\lib\jsdom\living\generated\EventListener.js:26:30)
    at innerInvokeEventListeners (C:\Users\Admin\graceful_books\node_modules\jsdom\lib\jsdom\living\events\EventTarget-impl.js:350:25)
Error: Uncaught [Error: useNavigate() may be used only in the context of a <Router> component.]
    at reportException (C:\Users\Admin\graceful_books\node_modules\jsdom\lib\jsdom\living\helpers\runtime-script-errors.js:66:24)
    at innerInvokeEventListeners (C:\Users\Admin\graceful_books\node_modules\jsdom\lib\jsdom\living\events\EventTarget-impl.js:353:9)
    at invokeEventListeners (C:\Users\Admin\graceful_books\node_modules\jsdom\lib\jsdom\living\events\EventTarget-impl.js:286:3)
    at HTMLUnknownElementImpl._dispatch (C:\Users\Admin\graceful_books\node_modules\jsdom\lib\jsdom\living\events\EventTarget-impl.js:233:9)
    at HTMLUnknownElementImpl.dispatchEvent (C:\Users\Admin\graceful_books\node_modules\jsdom\lib\jsdom\living\events\EventTarget-impl.js:104:17)
    at HTMLUnknownElement.dispatchEvent (C:\Users\Admin\graceful_books\node_modules\jsdom\lib\jsdom\living\generated\EventTarget.js:241:34)
    at Object.invokeGuardedCallbackDev (C:\Users\Admin\graceful_books\node_modules\react-dom\cjs\react-dom.development.js:4213:16)
    at invokeGuardedCallback (C:\Users\Admin\graceful_books\node_modules\react-dom\cjs\react-dom.development.js:4277:31)
    at beginWork$1 (C:\Users\Admin\graceful_books\node_modules\react-dom\cjs\react-dom.development.js:27490:7)
    at performUnitOfWork (C:\Users\Admin\graceful_books\node_modules\react-dom\cjs\react-dom.development.js:26599:12) Error: useNavigate() may be used only in the context of a <Router> component.
    at Object.invariant [as UNSAFE_invariant] (C:\Users\Admin\graceful_books\node_modules\@remix-run\router\dist\router.cjs.js:315:11)
    at useNavigateUnstable (C:\Users\Admin\graceful_books\node_modules\react-router\dist\umd\react-router.development.js:223:36)
    at useNavigate (C:\Users\Admin\graceful_books\node_modules\react-router\dist\umd\react-router.development.js:220:48)
    at AccountCard (C:/Users/Admin/graceful_books/src/components/accounts/AccountCard.tsx:124:20)
    at renderWithHooks (C:\Users\Admin\graceful_books\node_modules\react-dom\cjs\react-dom.development.js:15486:18)
    at mountIndeterminateComponent (C:\Users\Admin\graceful_books\node_modules\react-dom\cjs\react-dom.development.js:20103:13)
    at beginWork (C:\Users\Admin\graceful_books\node_modules\react-dom\cjs\react-dom.development.js:21626:16)
    at HTMLUnknownElement.callCallback (C:\Users\Admin\graceful_books\node_modules\react-dom\cjs\react-dom.development.js:4164:14)
    at HTMLUnknownElement.callTheUserObjectsOperation (C:\Users\Admin\graceful_books\node_modules\jsdom\lib\jsdom\living\generated\EventListener.js:26:30)
    at innerInvokeEventListeners (C:\Users\Admin\graceful_books\node_modules\jsdom\lib\jsdom\living\events\EventTarget-impl.js:350:25)
Error: Uncaught [Error: useNavigate() may be used only in the context of a <Router> component.]
    at reportException (C:\Users\Admin\graceful_books\node_modules\jsdom\lib\jsdom\living\helpers\runtime-script-errors.js:66:24)
    at innerInvokeEventListeners (C:\Users\Admin\graceful_books\node_modules\jsdom\lib\jsdom\living\events\EventTarget-impl.js:353:9)
    at invokeEventListeners (C:\Users\Admin\graceful_books\node_modules\jsdom\lib\jsdom\living\events\EventTarget-impl.js:286:3)
    at HTMLUnknownElementImpl._dispatch (C:\Users\Admin\graceful_books\node_modules\jsdom\lib\jsdom\living\events\EventTarget-impl.js:233:9)
    at HTMLUnknownElementImpl.dispatchEvent (C:\Users\Admin\graceful_books\node_modules\jsdom\lib\jsdom\living\events\EventTarget-impl.js:104:17)
    at HTMLUnknownElement.dispatchEvent (C:\Users\Admin\graceful_books\node_modules\jsdom\lib\jsdom\living\generated\EventTarget.js:241:34)
    at Object.invokeGuardedCallbackDev (C:\Users\Admin\graceful_books\node_modules\react-dom\cjs\react-dom.development.js:4213:16)
    at invokeGuardedCallback (C:\Users\Admin\graceful_books\node_modules\react-dom\cjs\react-dom.development.js:4277:31)
    at beginWork$1 (C:\Users\Admin\graceful_books\node_modules\react-dom\cjs\react-dom.development.js:27490:7)
    at performUnitOfWork (C:\Users\Admin\graceful_books\node_modules\react-dom\cjs\react-dom.development.js:26599:12) Error: useNavigate() may be used only in the context of a <Router> component.
    at Object.invariant [as UNSAFE_invariant] (C:\Users\Admin\graceful_books\node_modules\@remix-run\router\dist\router.cjs.js:315:11)
    at useNavigateUnstable (C:\Users\Admin\graceful_books\node_modules\react-router\dist\umd\react-router.development.js:223:36)
    at useNavigate (C:\Users\Admin\graceful_books\node_modules\react-router\dist\umd\react-router.development.js:220:48)
    at AccountCard (C:/Users/Admin/graceful_books/src/components/accounts/AccountCard.tsx:124:20)
    at renderWithHooks (C:\Users\Admin\graceful_books\node_modules\react-dom\cjs\react-dom.development.js:15486:18)
    at mountIndeterminateComponent (C:\Users\Admin\graceful_books\node_modules\react-dom\cjs\react-dom.development.js:20103:13)
    at beginWork (C:\Users\Admin\graceful_books\node_modules\react-dom\cjs\react-dom.development.js:21626:16)
    at HTMLUnknownElement.callCallback (C:\Users\Admin\graceful_books\node_modules\react-dom\cjs\react-dom.development.js:4164:14)
    at HTMLUnknownElement.callTheUserObjectsOperation (C:\Users\Admin\graceful_books\node_modules\jsdom\lib\jsdom\living\generated\EventListener.js:26:30)
    at innerInvokeEventListeners (C:\Users\Admin\graceful_books\node_modules\jsdom\lib\jsdom\living\events\EventTarget-impl.js:350:25)
Error: Uncaught [Error: useNavigate() may be used only in the context of a <Router> component.]
    at reportException (C:\Users\Admin\graceful_books\node_modules\jsdom\lib\jsdom\living\helpers\runtime-script-errors.js:66:24)
    at innerInvokeEventListeners (C:\Users\Admin\graceful_books\node_modules\jsdom\lib\jsdom\living\events\EventTarget-impl.js:353:9)
    at invokeEventListeners (C:\Users\Admin\graceful_books\node_modules\jsdom\lib\jsdom\living\events\EventTarget-impl.js:286:3)
    at HTMLUnknownElementImpl._dispatch (C:\Users\Admin\graceful_books\node_modules\jsdom\lib\jsdom\living\events\EventTarget-impl.js:233:9)
    at HTMLUnknownElementImpl.dispatchEvent (C:\Users\Admin\graceful_books\node_modules\jsdom\lib\jsdom\living\events\EventTarget-impl.js:104:17)
    at HTMLUnknownElement.dispatchEvent (C:\Users\Admin\graceful_books\node_modules\jsdom\lib\jsdom\living\generated\EventTarget.js:241:34)
    at Object.invokeGuardedCallbackDev (C:\Users\Admin\graceful_books\node_modules\react-dom\cjs\react-dom.development.js:4213:16)
    at invokeGuardedCallback (C:\Users\Admin\graceful_books\node_modules\react-dom\cjs\react-dom.development.js:4277:31)
    at beginWork$1 (C:\Users\Admin\graceful_books\node_modules\react-dom\cjs\react-dom.development.js:27490:7)
    at performUnitOfWork (C:\Users\Admin\graceful_books\node_modules\react-dom\cjs\react-dom.development.js:26599:12) Error: useNavigate() may be used only in the context of a <Router> component.
    at Object.invariant [as UNSAFE_invariant] (C:\Users\Admin\graceful_books\node_modules\@remix-run\router\dist\router.cjs.js:315:11)
    at useNavigateUnstable (C:\Users\Admin\graceful_books\node_modules\react-router\dist\umd\react-router.development.js:223:36)
    at useNavigate (C:\Users\Admin\graceful_books\node_modules\react-router\dist\umd\react-router.development.js:220:48)
    at AccountCard (C:/Users/Admin/graceful_books/src/components/accounts/AccountCard.tsx:124:20)
    at renderWithHooks (C:\Users\Admin\graceful_books\node_modules\react-dom\cjs\react-dom.development.js:15486:18)
    at mountIndeterminateComponent (C:\Users\Admin\graceful_books\node_modules\react-dom\cjs\react-dom.development.js:20103:13)
    at beginWork (C:\Users\Admin\graceful_books\node_modules\react-dom\cjs\react-dom.development.js:21626:16)
    at HTMLUnknownElement.callCallback (C:\Users\Admin\graceful_books\node_modules\react-dom\cjs\react-dom.development.js:4164:14)
    at HTMLUnknownElement.callTheUserObjectsOperation (C:\Users\Admin\graceful_books\node_modules\jsdom\lib\jsdom\living\generated\EventListener.js:26:30)
    at innerInvokeEventListeners (C:\Users\Admin\graceful_books\node_modules\jsdom\lib\jsdom\living\events\EventTarget-impl.js:350:25)
Error: Uncaught [Error: useNavigate() may be used only in the context of a <Router> component.]
    at reportException (C:\Users\Admin\graceful_books\node_modules\jsdom\lib\jsdom\living\helpers\runtime-script-errors.js:66:24)
    at innerInvokeEventListeners (C:\Users\Admin\graceful_books\node_modules\jsdom\lib\jsdom\living\events\EventTarget-impl.js:353:9)
    at invokeEventListeners (C:\Users\Admin\graceful_books\node_modules\jsdom\lib\jsdom\living\events\EventTarget-impl.js:286:3)
    at HTMLUnknownElementImpl._dispatch (C:\Users\Admin\graceful_books\node_modules\jsdom\lib\jsdom\living\events\EventTarget-impl.js:233:9)
    at HTMLUnknownElementImpl.dispatchEvent (C:\Users\Admin\graceful_books\node_modules\jsdom\lib\jsdom\living\events\EventTarget-impl.js:104:17)
    at HTMLUnknownElement.dispatchEvent (C:\Users\Admin\graceful_books\node_modules\jsdom\lib\jsdom\living\generated\EventTarget.js:241:34)
    at Object.invokeGuardedCallbackDev (C:\Users\Admin\graceful_books\node_modules\react-dom\cjs\react-dom.development.js:4213:16)
    at invokeGuardedCallback (C:\Users\Admin\graceful_books\node_modules\react-dom\cjs\react-dom.development.js:4277:31)
    at beginWork$1 (C:\Users\Admin\graceful_books\node_modules\react-dom\cjs\react-dom.development.js:27490:7)
    at performUnitOfWork (C:\Users\Admin\graceful_books\node_modules\react-dom\cjs\react-dom.development.js:26599:12) Error: useNavigate() may be used only in the context of a <Router> component.
    at Object.invariant [as UNSAFE_invariant] (C:\Users\Admin\graceful_books\node_modules\@remix-run\router\dist\router.cjs.js:315:11)
    at useNavigateUnstable (C:\Users\Admin\graceful_books\node_modules\react-router\dist\umd\react-router.development.js:223:36)
    at useNavigate (C:\Users\Admin\graceful_books\node_modules\react-router\dist\umd\react-router.development.js:220:48)
    at AccountCard (C:/Users/Admin/graceful_books/src/components/accounts/AccountCard.tsx:124:20)
    at renderWithHooks (C:\Users\Admin\graceful_books\node_modules\react-dom\cjs\react-dom.development.js:15486:18)
    at mountIndeterminateComponent (C:\Users\Admin\graceful_books\node_modules\react-dom\cjs\react-dom.development.js:20103:13)
    at beginWork (C:\Users\Admin\graceful_books\node_modules\react-dom\cjs\react-dom.development.js:21626:16)
    at HTMLUnknownElement.callCallback (C:\Users\Admin\graceful_books\node_modules\react-dom\cjs\react-dom.development.js:4164:14)
    at HTMLUnknownElement.callTheUserObjectsOperation (C:\Users\Admin\graceful_books\node_modules\jsdom\lib\jsdom\living\generated\EventListener.js:26:30)
    at innerInvokeEventListeners (C:\Users\Admin\graceful_books\node_modules\jsdom\lib\jsdom\living\events\EventTarget-impl.js:350:25)
Error: Uncaught [Error: useNavigate() may be used only in the context of a <Router> component.]
    at reportException (C:\Users\Admin\graceful_books\node_modules\jsdom\lib\jsdom\living\helpers\runtime-script-errors.js:66:24)
    at innerInvokeEventListeners (C:\Users\Admin\graceful_books\node_modules\jsdom\lib\jsdom\living\events\EventTarget-impl.js:353:9)
    at invokeEventListeners (C:\Users\Admin\graceful_books\node_modules\jsdom\lib\jsdom\living\events\EventTarget-impl.js:286:3)
    at HTMLUnknownElementImpl._dispatch (C:\Users\Admin\graceful_books\node_modules\jsdom\lib\jsdom\living\events\EventTarget-impl.js:233:9)
    at HTMLUnknownElementImpl.dispatchEvent (C:\Users\Admin\graceful_books\node_modules\jsdom\lib\jsdom\living\events\EventTarget-impl.js:104:17)
    at HTMLUnknownElement.dispatchEvent (C:\Users\Admin\graceful_books\node_modules\jsdom\lib\jsdom\living\generated\EventTarget.js:241:34)
    at Object.invokeGuardedCallbackDev (C:\Users\Admin\graceful_books\node_modules\react-dom\cjs\react-dom.development.js:4213:16)
    at invokeGuardedCallback (C:\Users\Admin\graceful_books\node_modules\react-dom\cjs\react-dom.development.js:4277:31)
    at beginWork$1 (C:\Users\Admin\graceful_books\node_modules\react-dom\cjs\react-dom.development.js:27490:7)
    at performUnitOfWork (C:\Users\Admin\graceful_books\node_modules\react-dom\cjs\react-dom.development.js:26599:12) Error: useNavigate() may be used only in the context of a <Router> component.
    at Object.invariant [as UNSAFE_invariant] (C:\Users\Admin\graceful_books\node_modules\@remix-run\router\dist\router.cjs.js:315:11)
    at useNavigateUnstable (C:\Users\Admin\graceful_books\node_modules\react-router\dist\umd\react-router.development.js:223:36)
    at useNavigate (C:\Users\Admin\graceful_books\node_modules\react-router\dist\umd\react-router.development.js:220:48)
    at AccountCard (C:/Users/Admin/graceful_books/src/components/accounts/AccountCard.tsx:124:20)
    at renderWithHooks (C:\Users\Admin\graceful_books\node_modules\react-dom\cjs\react-dom.development.js:15486:18)
    at mountIndeterminateComponent (C:\Users\Admin\graceful_books\node_modules\react-dom\cjs\react-dom.development.js:20103:13)
    at beginWork (C:\Users\Admin\graceful_books\node_modules\react-dom\cjs\react-dom.development.js:21626:16)
    at HTMLUnknownElement.callCallback (C:\Users\Admin\graceful_books\node_modules\react-dom\cjs\react-dom.development.js:4164:14)
    at HTMLUnknownElement.callTheUserObjectsOperation (C:\Users\Admin\graceful_books\node_modules\jsdom\lib\jsdom\living\generated\EventListener.js:26:30)
    at innerInvokeEventListeners (C:\Users\Admin\graceful_books\node_modules\jsdom\lib\jsdom\living\events\EventTarget-impl.js:350:25)
Error: Uncaught [Error: useNavigate() may be used only in the context of a <Router> component.]
    at reportException (C:\Users\Admin\graceful_books\node_modules\jsdom\lib\jsdom\living\helpers\runtime-script-errors.js:66:24)
    at innerInvokeEventListeners (C:\Users\Admin\graceful_books\node_modules\jsdom\lib\jsdom\living\events\EventTarget-impl.js:353:9)
    at invokeEventListeners (C:\Users\Admin\graceful_books\node_modules\jsdom\lib\jsdom\living\events\EventTarget-impl.js:286:3)
    at HTMLUnknownElementImpl._dispatch (C:\Users\Admin\graceful_books\node_modules\jsdom\lib\jsdom\living\events\EventTarget-impl.js:233:9)
    at HTMLUnknownElementImpl.dispatchEvent (C:\Users\Admin\graceful_books\node_modules\jsdom\lib\jsdom\living\events\EventTarget-impl.js:104:17)
    at HTMLUnknownElement.dispatchEvent (C:\Users\Admin\graceful_books\node_modules\jsdom\lib\jsdom\living\generated\EventTarget.js:241:34)
    at Object.invokeGuardedCallbackDev (C:\Users\Admin\graceful_books\node_modules\react-dom\cjs\react-dom.development.js:4213:16)
    at invokeGuardedCallback (C:\Users\Admin\graceful_books\node_modules\react-dom\cjs\react-dom.development.js:4277:31)
    at beginWork$1 (C:\Users\Admin\graceful_books\node_modules\react-dom\cjs\react-dom.development.js:27490:7)
    at performUnitOfWork (C:\Users\Admin\graceful_books\node_modules\react-dom\cjs\react-dom.development.js:26599:12) Error: useNavigate() may be used only in the context of a <Router> component.
    at Object.invariant [as UNSAFE_invariant] (C:\Users\Admin\graceful_books\node_modules\@remix-run\router\dist\router.cjs.js:315:11)
    at useNavigateUnstable (C:\Users\Admin\graceful_books\node_modules\react-router\dist\umd\react-router.development.js:223:36)
    at useNavigate (C:\Users\Admin\graceful_books\node_modules\react-router\dist\umd\react-router.development.js:220:48)
    at AccountCard (C:/Users/Admin/graceful_books/src/components/accounts/AccountCard.tsx:124:20)
    at renderWithHooks (C:\Users\Admin\graceful_books\node_modules\react-dom\cjs\react-dom.development.js:15486:18)
    at mountIndeterminateComponent (C:\Users\Admin\graceful_books\node_modules\react-dom\cjs\react-dom.development.js:20103:13)
    at beginWork (C:\Users\Admin\graceful_books\node_modules\react-dom\cjs\react-dom.development.js:21626:16)
    at HTMLUnknownElement.callCallback (C:\Users\Admin\graceful_books\node_modules\react-dom\cjs\react-dom.development.js:4164:14)
    at HTMLUnknownElement.callTheUserObjectsOperation (C:\Users\Admin\graceful_books\node_modules\jsdom\lib\jsdom\living\generated\EventListener.js:26:30)
    at innerInvokeEventListeners (C:\Users\Admin\graceful_books\node_modules\jsdom\lib\jsdom\living\events\EventTarget-impl.js:350:25)
Error: Uncaught [Error: useNavigate() may be used only in the context of a <Router> component.]
    at reportException (C:\Users\Admin\graceful_books\node_modules\jsdom\lib\jsdom\living\helpers\runtime-script-errors.js:66:24)
    at innerInvokeEventListeners (C:\Users\Admin\graceful_books\node_modules\jsdom\lib\jsdom\living\events\EventTarget-impl.js:353:9)
    at invokeEventListeners (C:\Users\Admin\graceful_books\node_modules\jsdom\lib\jsdom\living\events\EventTarget-impl.js:286:3)
    at HTMLUnknownElementImpl._dispatch (C:\Users\Admin\graceful_books\node_modules\jsdom\lib\jsdom\living\events\EventTarget-impl.js:233:9)
    at HTMLUnknownElementImpl.dispatchEvent (C:\Users\Admin\graceful_books\node_modules\jsdom\lib\jsdom\living\events\EventTarget-impl.js:104:17)
    at HTMLUnknownElement.dispatchEvent (C:\Users\Admin\graceful_books\node_modules\jsdom\lib\jsdom\living\generated\EventTarget.js:241:34)
    at Object.invokeGuardedCallbackDev (C:\Users\Admin\graceful_books\node_modules\react-dom\cjs\react-dom.development.js:4213:16)
    at invokeGuardedCallback (C:\Users\Admin\graceful_books\node_modules\react-dom\cjs\react-dom.development.js:4277:31)
    at beginWork$1 (C:\Users\Admin\graceful_books\node_modules\react-dom\cjs\react-dom.development.js:27490:7)
    at performUnitOfWork (C:\Users\Admin\graceful_books\node_modules\react-dom\cjs\react-dom.development.js:26599:12) Error: useNavigate() may be used only in the context of a <Router> component.
    at Object.invariant [as UNSAFE_invariant] (C:\Users\Admin\graceful_books\node_modules\@remix-run\router\dist\router.cjs.js:315:11)
    at useNavigateUnstable (C:\Users\Admin\graceful_books\node_modules\react-router\dist\umd\react-router.development.js:223:36)
    at useNavigate (C:\Users\Admin\graceful_books\node_modules\react-router\dist\umd\react-router.development.js:220:48)
    at AccountCard (C:/Users/Admin/graceful_books/src/components/accounts/AccountCard.tsx:124:20)
    at renderWithHooks (C:\Users\Admin\graceful_books\node_modules\react-dom\cjs\react-dom.development.js:15486:18)
    at mountIndeterminateComponent (C:\Users\Admin\graceful_books\node_modules\react-dom\cjs\react-dom.development.js:20103:13)
    at beginWork (C:\Users\Admin\graceful_books\node_modules\react-dom\cjs\react-dom.development.js:21626:16)
    at HTMLUnknownElement.callCallback (C:\Users\Admin\graceful_books\node_modules\react-dom\cjs\react-dom.development.js:4164:14)
    at HTMLUnknownElement.callTheUserObjectsOperation (C:\Users\Admin\graceful_books\node_modules\jsdom\lib\jsdom\living\generated\EventListener.js:26:30)
    at innerInvokeEventListeners (C:\Users\Admin\graceful_books\node_modules\jsdom\lib\jsdom\living\events\EventTarget-impl.js:350:25)
Error: Uncaught [Error: useNavigate() may be used only in the context of a <Router> component.]
    at reportException (C:\Users\Admin\graceful_books\node_modules\jsdom\lib\jsdom\living\helpers\runtime-script-errors.js:66:24)
    at innerInvokeEventListeners (C:\Users\Admin\graceful_books\node_modules\jsdom\lib\jsdom\living\events\EventTarget-impl.js:353:9)
    at invokeEventListeners (C:\Users\Admin\graceful_books\node_modules\jsdom\lib\jsdom\living\events\EventTarget-impl.js:286:3)
    at HTMLUnknownElementImpl._dispatch (C:\Users\Admin\graceful_books\node_modules\jsdom\lib\jsdom\living\events\EventTarget-impl.js:233:9)
    at HTMLUnknownElementImpl.dispatchEvent (C:\Users\Admin\graceful_books\node_modules\jsdom\lib\jsdom\living\events\EventTarget-impl.js:104:17)
    at HTMLUnknownElement.dispatchEvent (C:\Users\Admin\graceful_books\node_modules\jsdom\lib\jsdom\living\generated\EventTarget.js:241:34)
    at Object.invokeGuardedCallbackDev (C:\Users\Admin\graceful_books\node_modules\react-dom\cjs\react-dom.development.js:4213:16)
    at invokeGuardedCallback (C:\Users\Admin\graceful_books\node_modules\react-dom\cjs\react-dom.development.js:4277:31)
    at beginWork$1 (C:\Users\Admin\graceful_books\node_modules\react-dom\cjs\react-dom.development.js:27490:7)
    at performUnitOfWork (C:\Users\Admin\graceful_books\node_modules\react-dom\cjs\react-dom.development.js:26599:12) Error: useNavigate() may be used only in the context of a <Router> component.
    at Object.invariant [as UNSAFE_invariant] (C:\Users\Admin\graceful_books\node_modules\@remix-run\router\dist\router.cjs.js:315:11)
    at useNavigateUnstable (C:\Users\Admin\graceful_books\node_modules\react-router\dist\umd\react-router.development.js:223:36)
    at useNavigate (C:\Users\Admin\graceful_books\node_modules\react-router\dist\umd\react-router.development.js:220:48)
    at AccountCard (C:/Users/Admin/graceful_books/src/components/accounts/AccountCard.tsx:124:20)
    at renderWithHooks (C:\Users\Admin\graceful_books\node_modules\react-dom\cjs\react-dom.development.js:15486:18)
    at mountIndeterminateComponent (C:\Users\Admin\graceful_books\node_modules\react-dom\cjs\react-dom.development.js:20103:13)
    at beginWork (C:\Users\Admin\graceful_books\node_modules\react-dom\cjs\react-dom.development.js:21626:16)
    at HTMLUnknownElement.callCallback (C:\Users\Admin\graceful_books\node_modules\react-dom\cjs\react-dom.development.js:4164:14)
    at HTMLUnknownElement.callTheUserObjectsOperation (C:\Users\Admin\graceful_books\node_modules\jsdom\lib\jsdom\living\generated\EventListener.js:26:30)
    at innerInvokeEventListeners (C:\Users\Admin\graceful_books\node_modules\jsdom\lib\jsdom\living\events\EventTarget-impl.js:350:25)
Error: Uncaught [Error: useNavigate() may be used only in the context of a <Router> component.]
    at reportException (C:\Users\Admin\graceful_books\node_modules\jsdom\lib\jsdom\living\helpers\runtime-script-errors.js:66:24)
    at innerInvokeEventListeners (C:\Users\Admin\graceful_books\node_modules\jsdom\lib\jsdom\living\events\EventTarget-impl.js:353:9)
    at invokeEventListeners (C:\Users\Admin\graceful_books\node_modules\jsdom\lib\jsdom\living\events\EventTarget-impl.js:286:3)
    at HTMLUnknownElementImpl._dispatch (C:\Users\Admin\graceful_books\node_modules\jsdom\lib\jsdom\living\events\EventTarget-impl.js:233:9)
    at HTMLUnknownElementImpl.dispatchEvent (C:\Users\Admin\graceful_books\node_modules\jsdom\lib\jsdom\living\events\EventTarget-impl.js:104:17)
    at HTMLUnknownElement.dispatchEvent (C:\Users\Admin\graceful_books\node_modules\jsdom\lib\jsdom\living\generated\EventTarget.js:241:34)
    at Object.invokeGuardedCallbackDev (C:\Users\Admin\graceful_books\node_modules\react-dom\cjs\react-dom.development.js:4213:16)
    at invokeGuardedCallback (C:\Users\Admin\graceful_books\node_modules\react-dom\cjs\react-dom.development.js:4277:31)
    at beginWork$1 (C:\Users\Admin\graceful_books\node_modules\react-dom\cjs\react-dom.development.js:27490:7)
    at performUnitOfWork (C:\Users\Admin\graceful_books\node_modules\react-dom\cjs\react-dom.development.js:26599:12) Error: useNavigate() may be used only in the context of a <Router> component.
    at Object.invariant [as UNSAFE_invariant] (C:\Users\Admin\graceful_books\node_modules\@remix-run\router\dist\router.cjs.js:315:11)
    at useNavigateUnstable (C:\Users\Admin\graceful_books\node_modules\react-router\dist\umd\react-router.development.js:223:36)
    at useNavigate (C:\Users\Admin\graceful_books\node_modules\react-router\dist\umd\react-router.development.js:220:48)
    at AccountCard (C:/Users/Admin/graceful_books/src/components/accounts/AccountCard.tsx:124:20)
    at renderWithHooks (C:\Users\Admin\graceful_books\node_modules\react-dom\cjs\react-dom.development.js:15486:18)
    at mountIndeterminateComponent (C:\Users\Admin\graceful_books\node_modules\react-dom\cjs\react-dom.development.js:20103:13)
    at beginWork (C:\Users\Admin\graceful_books\node_modules\react-dom\cjs\react-dom.development.js:21626:16)
    at HTMLUnknownElement.callCallback (C:\Users\Admin\graceful_books\node_modules\react-dom\cjs\react-dom.development.js:4164:14)
    at HTMLUnknownElement.callTheUserObjectsOperation (C:\Users\Admin\graceful_books\node_modules\jsdom\lib\jsdom\living\generated\EventListener.js:26:30)
    at innerInvokeEventListeners (C:\Users\Admin\graceful_books\node_modules\jsdom\lib\jsdom\living\events\EventTarget-impl.js:350:25)
Error: Uncaught [Error: useNavigate() may be used only in the context of a <Router> component.]
    at reportException (C:\Users\Admin\graceful_books\node_modules\jsdom\lib\jsdom\living\helpers\runtime-script-errors.js:66:24)
    at innerInvokeEventListeners (C:\Users\Admin\graceful_books\node_modules\jsdom\lib\jsdom\living\events\EventTarget-impl.js:353:9)
    at invokeEventListeners (C:\Users\Admin\graceful_books\node_modules\jsdom\lib\jsdom\living\events\EventTarget-impl.js:286:3)
    at HTMLUnknownElementImpl._dispatch (C:\Users\Admin\graceful_books\node_modules\jsdom\lib\jsdom\living\events\EventTarget-impl.js:233:9)
    at HTMLUnknownElementImpl.dispatchEvent (C:\Users\Admin\graceful_books\node_modules\jsdom\lib\jsdom\living\events\EventTarget-impl.js:104:17)
    at HTMLUnknownElement.dispatchEvent (C:\Users\Admin\graceful_books\node_modules\jsdom\lib\jsdom\living\generated\EventTarget.js:241:34)
    at Object.invokeGuardedCallbackDev (C:\Users\Admin\graceful_books\node_modules\react-dom\cjs\react-dom.development.js:4213:16)
    at invokeGuardedCallback (C:\Users\Admin\graceful_books\node_modules\react-dom\cjs\react-dom.development.js:4277:31)
    at beginWork$1 (C:\Users\Admin\graceful_books\node_modules\react-dom\cjs\react-dom.development.js:27490:7)
    at performUnitOfWork (C:\Users\Admin\graceful_books\node_modules\react-dom\cjs\react-dom.development.js:26599:12) Error: useNavigate() may be used only in the context of a <Router> component.
    at Object.invariant [as UNSAFE_invariant] (C:\Users\Admin\graceful_books\node_modules\@remix-run\router\dist\router.cjs.js:315:11)
    at useNavigateUnstable (C:\Users\Admin\graceful_books\node_modules\react-router\dist\umd\react-router.development.js:223:36)
    at useNavigate (C:\Users\Admin\graceful_books\node_modules\react-router\dist\umd\react-router.development.js:220:48)
    at AccountCard (C:/Users/Admin/graceful_books/src/components/accounts/AccountCard.tsx:124:20)
    at renderWithHooks (C:\Users\Admin\graceful_books\node_modules\react-dom\cjs\react-dom.development.js:15486:18)
    at mountIndeterminateComponent (C:\Users\Admin\graceful_books\node_modules\react-dom\cjs\react-dom.development.js:20103:13)
    at beginWork (C:\Users\Admin\graceful_books\node_modules\react-dom\cjs\react-dom.development.js:21626:16)
    at HTMLUnknownElement.callCallback (C:\Users\Admin\graceful_books\node_modules\react-dom\cjs\react-dom.development.js:4164:14)
    at HTMLUnknownElement.callTheUserObjectsOperation (C:\Users\Admin\graceful_books\node_modules\jsdom\lib\jsdom\living\generated\EventListener.js:26:30)
    at innerInvokeEventListeners (C:\Users\Admin\graceful_books\node_modules\jsdom\lib\jsdom\living\events\EventTarget-impl.js:350:25)
stderr | src/components/accounts/AccountCard.test.tsx > AccountCard Component > rendering > should render account name
The above error occurred in the <AccountCard> component:

    at AccountCard (C:/Users/Admin/graceful_books/src/components/accounts/AccountCard.tsx:29:3)

Consider adding an error boundary to your tree to customize error handling behavior.
Visit https://reactjs.org/link/error-boundaries to learn more about error boundaries.

stderr | src/components/accounts/AccountCard.test.tsx > AccountCard Component > rendering > should render account number
The above error occurred in the <AccountCard> component:

    at AccountCard (C:/Users/Admin/graceful_books/src/components/accounts/AccountCard.tsx:29:3)

Consider adding an error boundary to your tree to customize error handling behavior.
Visit https://reactjs.org/link/error-boundaries to learn more about error boundaries.

stderr | src/components/accounts/AccountCard.test.tsx > AccountCard Component > rendering > should render formatted balance
The above error occurred in the <AccountCard> component:

    at AccountCard (C:/Users/Admin/graceful_books/src/components/accounts/AccountCard.tsx:29:3)

Consider adding an error boundary to your tree to customize error handling behavior.
Visit https://reactjs.org/link/error-boundaries to learn more about error boundaries.

stderr | src/components/accounts/AccountCard.test.tsx > AccountCard Component > rendering > should render account type badge
The above error occurred in the <AccountCard> component:

    at AccountCard (C:/Users/Admin/graceful_books/src/components/accounts/AccountCard.tsx:29:3)

Consider adding an error boundary to your tree to customize error handling behavior.
Visit https://reactjs.org/link/error-boundaries to learn more about error boundaries.

stderr | src/components/accounts/AccountCard.test.tsx > AccountCard Component > rendering > should render description in default variant
The above error occurred in the <AccountCard> component:

    at AccountCard (C:/Users/Admin/graceful_books/src/components/accounts/AccountCard.tsx:29:3)

Consider adding an error boundary to your tree to customize error handling behavior.
Visit https://reactjs.org/link/error-boundaries to learn more about error boundaries.

Error: Uncaught [Error: useNavigate() may be used only in the context of a <Router> component.]
    at reportException (C:\Users\Admin\graceful_books\node_modules\jsdom\lib\jsdom\living\helpers\runtime-script-errors.js:66:24)
    at innerInvokeEventListeners (C:\Users\Admin\graceful_books\node_modules\jsdom\lib\jsdom\living\events\EventTarget-impl.js:353:9)
    at invokeEventListeners (C:\Users\Admin\graceful_books\node_modules\jsdom\lib\jsdom\living\events\EventTarget-impl.js:286:3)
    at HTMLUnknownElementImpl._dispatch (C:\Users\Admin\graceful_books\node_modules\jsdom\lib\jsdom\living\events\EventTarget-impl.js:233:9)
    at HTMLUnknownElementImpl.dispatchEvent (C:\Users\Admin\graceful_books\node_modules\jsdom\lib\jsdom\living\events\EventTarget-impl.js:104:17)
    at HTMLUnknownElement.dispatchEvent (C:\Users\Admin\graceful_books\node_modules\jsdom\lib\jsdom\living\generated\EventTarget.js:241:34)
    at Object.invokeGuardedCallbackDev (C:\Users\Admin\graceful_books\node_modules\react-dom\cjs\react-dom.development.js:4213:16)
    at invokeGuardedCallback (C:\Users\Admin\graceful_books\node_modules\react-dom\cjs\react-dom.development.js:4277:31)
    at beginWork$1 (C:\Users\Admin\graceful_books\node_modules\react-dom\cjs\react-dom.development.js:27490:7)
    at performUnitOfWork (C:\Users\Admin\graceful_books\node_modules\react-dom\cjs\react-dom.development.js:26599:12) Error: useNavigate() may be used only in the context of a <Router> component.
    at Object.invariant [as UNSAFE_invariant] (C:\Users\Admin\graceful_books\node_modules\@remix-run\router\dist\router.cjs.js:315:11)
    at useNavigateUnstable (C:\Users\Admin\graceful_books\node_modules\react-router\dist\umd\react-router.development.js:223:36)
    at useNavigate (C:\Users\Admin\graceful_books\node_modules\react-router\dist\umd\react-router.development.js:220:48)
    at AccountCard (C:/Users/Admin/graceful_books/src/components/accounts/AccountCard.tsx:124:20)
    at renderWithHooks (C:\Users\Admin\graceful_books\node_modules\react-dom\cjs\react-dom.development.js:15486:18)
    at mountIndeterminateComponent (C:\Users\Admin\graceful_books\node_modules\react-dom\cjs\react-dom.development.js:20103:13)
    at beginWork (C:\Users\Admin\graceful_books\node_modules\react-dom\cjs\react-dom.development.js:21626:16)
    at HTMLUnknownElement.callCallback (C:\Users\Admin\graceful_books\node_modules\react-dom\cjs\react-dom.development.js:4164:14)
    at HTMLUnknownElement.callTheUserObjectsOperation (C:\Users\Admin\graceful_books\node_modules\jsdom\lib\jsdom\living\generated\EventListener.js:26:30)
    at innerInvokeEventListeners (C:\Users\Admin\graceful_books\node_modules\jsdom\lib\jsdom\living\events\EventTarget-impl.js:350:25)
Error: Uncaught [Error: useNavigate() may be used only in the context of a <Router> component.]
    at reportException (C:\Users\Admin\graceful_books\node_modules\jsdom\lib\jsdom\living\helpers\runtime-script-errors.js:66:24)
    at innerInvokeEventListeners (C:\Users\Admin\graceful_books\node_modules\jsdom\lib\jsdom\living\events\EventTarget-impl.js:353:9)
    at invokeEventListeners (C:\Users\Admin\graceful_books\node_modules\jsdom\lib\jsdom\living\events\EventTarget-impl.js:286:3)
    at HTMLUnknownElementImpl._dispatch (C:\Users\Admin\graceful_books\node_modules\jsdom\lib\jsdom\living\events\EventTarget-impl.js:233:9)
    at HTMLUnknownElementImpl.dispatchEvent (C:\Users\Admin\graceful_books\node_modules\jsdom\lib\jsdom\living\events\EventTarget-impl.js:104:17)
    at HTMLUnknownElement.dispatchEvent (C:\Users\Admin\graceful_books\node_modules\jsdom\lib\jsdom\living\generated\EventTarget.js:241:34)
    at Object.invokeGuardedCallbackDev (C:\Users\Admin\graceful_books\node_modules\react-dom\cjs\react-dom.development.js:4213:16)
    at invokeGuardedCallback (C:\Users\Admin\graceful_books\node_modules\react-dom\cjs\react-dom.development.js:4277:31)
    at beginWork$1 (C:\Users\Admin\graceful_books\node_modules\react-dom\cjs\react-dom.development.js:27490:7)
    at performUnitOfWork (C:\Users\Admin\graceful_books\node_modules\react-dom\cjs\react-dom.development.js:26599:12) Error: useNavigate() may be used only in the context of a <Router> component.
    at Object.invariant [as UNSAFE_invariant] (C:\Users\Admin\graceful_books\node_modules\@remix-run\router\dist\router.cjs.js:315:11)
    at useNavigateUnstable (C:\Users\Admin\graceful_books\node_modules\react-router\dist\umd\react-router.development.js:223:36)
    at useNavigate (C:\Users\Admin\graceful_books\node_modules\react-router\dist\umd\react-router.development.js:220:48)
    at AccountCard (C:/Users/Admin/graceful_books/src/components/accounts/AccountCard.tsx:124:20)
    at renderWithHooks (C:\Users\Admin\graceful_books\node_modules\react-dom\cjs\react-dom.development.js:15486:18)
    at mountIndeterminateComponent (C:\Users\Admin\graceful_books\node_modules\react-dom\cjs\react-dom.development.js:20103:13)
    at beginWork (C:\Users\Admin\graceful_books\node_modules\react-dom\cjs\react-dom.development.js:21626:16)
    at HTMLUnknownElement.callCallback (C:\Users\Admin\graceful_books\node_modules\react-dom\cjs\react-dom.development.js:4164:14)
    at HTMLUnknownElement.callTheUserObjectsOperation (C:\Users\Admin\graceful_books\node_modules\jsdom\lib\jsdom\living\generated\EventListener.js:26:30)
    at innerInvokeEventListeners (C:\Users\Admin\graceful_books\node_modules\jsdom\lib\jsdom\living\events\EventTarget-impl.js:350:25)
Error: Uncaught [Error: useNavigate() may be used only in the context of a <Router> component.]
    at reportException (C:\Users\Admin\graceful_books\node_modules\jsdom\lib\jsdom\living\helpers\runtime-script-errors.js:66:24)
    at innerInvokeEventListeners (C:\Users\Admin\graceful_books\node_modules\jsdom\lib\jsdom\living\events\EventTarget-impl.js:353:9)
    at invokeEventListeners (C:\Users\Admin\graceful_books\node_modules\jsdom\lib\jsdom\living\events\EventTarget-impl.js:286:3)
    at HTMLUnknownElementImpl._dispatch (C:\Users\Admin\graceful_books\node_modules\jsdom\lib\jsdom\living\events\EventTarget-impl.js:233:9)
    at HTMLUnknownElementImpl.dispatchEvent (C:\Users\Admin\graceful_books\node_modules\jsdom\lib\jsdom\living\events\EventTarget-impl.js:104:17)
    at HTMLUnknownElement.dispatchEvent (C:\Users\Admin\graceful_books\node_modules\jsdom\lib\jsdom\living\generated\EventTarget.js:241:34)
    at Object.invokeGuardedCallbackDev (C:\Users\Admin\graceful_books\node_modules\react-dom\cjs\react-dom.development.js:4213:16)
    at invokeGuardedCallback (C:\Users\Admin\graceful_books\node_modules\react-dom\cjs\react-dom.development.js:4277:31)
    at beginWork$1 (C:\Users\Admin\graceful_books\node_modules\react-dom\cjs\react-dom.development.js:27490:7)
    at performUnitOfWork (C:\Users\Admin\graceful_books\node_modules\react-dom\cjs\react-dom.development.js:26599:12) Error: useNavigate() may be used only in the context of a <Router> component.
    at Object.invariant [as UNSAFE_invariant] (C:\Users\Admin\graceful_books\node_modules\@remix-run\router\dist\router.cjs.js:315:11)
    at useNavigateUnstable (C:\Users\Admin\graceful_books\node_modules\react-router\dist\umd\react-router.development.js:223:36)
    at useNavigate (C:\Users\Admin\graceful_books\node_modules\react-router\dist\umd\react-router.development.js:220:48)
    at AccountCard (C:/Users/Admin/graceful_books/src/components/accounts/AccountCard.tsx:124:20)
    at renderWithHooks (C:\Users\Admin\graceful_books\node_modules\react-dom\cjs\react-dom.development.js:15486:18)
    at mountIndeterminateComponent (C:\Users\Admin\graceful_books\node_modules\react-dom\cjs\react-dom.development.js:20103:13)
    at beginWork (C:\Users\Admin\graceful_books\node_modules\react-dom\cjs\react-dom.development.js:21626:16)
    at HTMLUnknownElement.callCallback (C:\Users\Admin\graceful_books\node_modules\react-dom\cjs\react-dom.development.js:4164:14)
    at HTMLUnknownElement.callTheUserObjectsOperation (C:\Users\Admin\graceful_books\node_modules\jsdom\lib\jsdom\living\generated\EventListener.js:26:30)
    at innerInvokeEventListeners (C:\Users\Admin\graceful_books\node_modules\jsdom\lib\jsdom\living\events\EventTarget-impl.js:350:25)
Error: Uncaught [Error: useNavigate() may be used only in the context of a <Router> component.]
    at reportException (C:\Users\Admin\graceful_books\node_modules\jsdom\lib\jsdom\living\helpers\runtime-script-errors.js:66:24)
    at innerInvokeEventListeners (C:\Users\Admin\graceful_books\node_modules\jsdom\lib\jsdom\living\events\EventTarget-impl.js:353:9)
    at invokeEventListeners (C:\Users\Admin\graceful_books\node_modules\jsdom\lib\jsdom\living\events\EventTarget-impl.js:286:3)
    at HTMLUnknownElementImpl._dispatch (C:\Users\Admin\graceful_books\node_modules\jsdom\lib\jsdom\living\events\EventTarget-impl.js:233:9)
    at HTMLUnknownElementImpl.dispatchEvent (C:\Users\Admin\graceful_books\node_modules\jsdom\lib\jsdom\living\events\EventTarget-impl.js:104:17)
    at HTMLUnknownElement.dispatchEvent (C:\Users\Admin\graceful_books\node_modules\jsdom\lib\jsdom\living\generated\EventTarget.js:241:34)
    at Object.invokeGuardedCallbackDev (C:\Users\Admin\graceful_books\node_modules\react-dom\cjs\react-dom.development.js:4213:16)
    at invokeGuardedCallback (C:\Users\Admin\graceful_books\node_modules\react-dom\cjs\react-dom.development.js:4277:31)
    at beginWork$1 (C:\Users\Admin\graceful_books\node_modules\react-dom\cjs\react-dom.development.js:27490:7)
    at performUnitOfWork (C:\Users\Admin\graceful_books\node_modules\react-dom\cjs\react-dom.development.js:26599:12) Error: useNavigate() may be used only in the context of a <Router> component.
    at Object.invariant [as UNSAFE_invariant] (C:\Users\Admin\graceful_books\node_modules\@remix-run\router\dist\router.cjs.js:315:11)
    at useNavigateUnstable (C:\Users\Admin\graceful_books\node_modules\react-router\dist\umd\react-router.development.js:223:36)
    at useNavigate (C:\Users\Admin\graceful_books\node_modules\react-router\dist\umd\react-router.development.js:220:48)
    at AccountCard (C:/Users/Admin/graceful_books/src/components/accounts/AccountCard.tsx:124:20)
    at renderWithHooks (C:\Users\Admin\graceful_books\node_modules\react-dom\cjs\react-dom.development.js:15486:18)
    at mountIndeterminateComponent (C:\Users\Admin\graceful_books\node_modules\react-dom\cjs\react-dom.development.js:20103:13)
    at beginWork (C:\Users\Admin\graceful_books\node_modules\react-dom\cjs\react-dom.development.js:21626:16)
    at HTMLUnknownElement.callCallback (C:\Users\Admin\graceful_books\node_modules\react-dom\cjs\react-dom.development.js:4164:14)
    at HTMLUnknownElement.callTheUserObjectsOperation (C:\Users\Admin\graceful_books\node_modules\jsdom\lib\jsdom\living\generated\EventListener.js:26:30)
    at innerInvokeEventListeners (C:\Users\Admin\graceful_books\node_modules\jsdom\lib\jsdom\living\events\EventTarget-impl.js:350:25)
Error: Uncaught [Error: useNavigate() may be used only in the context of a <Router> component.]
    at reportException (C:\Users\Admin\graceful_books\node_modules\jsdom\lib\jsdom\living\helpers\runtime-script-errors.js:66:24)
    at innerInvokeEventListeners (C:\Users\Admin\graceful_books\node_modules\jsdom\lib\jsdom\living\events\EventTarget-impl.js:353:9)
    at invokeEventListeners (C:\Users\Admin\graceful_books\node_modules\jsdom\lib\jsdom\living\events\EventTarget-impl.js:286:3)
    at HTMLUnknownElementImpl._dispatch (C:\Users\Admin\graceful_books\node_modules\jsdom\lib\jsdom\living\events\EventTarget-impl.js:233:9)
    at HTMLUnknownElementImpl.dispatchEvent (C:\Users\Admin\graceful_books\node_modules\jsdom\lib\jsdom\living\events\EventTarget-impl.js:104:17)
    at HTMLUnknownElement.dispatchEvent (C:\Users\Admin\graceful_books\node_modules\jsdom\lib\jsdom\living\generated\EventTarget.js:241:34)
    at Object.invokeGuardedCallbackDev (C:\Users\Admin\graceful_books\node_modules\react-dom\cjs\react-dom.development.js:4213:16)
    at invokeGuardedCallback (C:\Users\Admin\graceful_books\node_modules\react-dom\cjs\react-dom.development.js:4277:31)
    at beginWork$1 (C:\Users\Admin\graceful_books\node_modules\react-dom\cjs\react-dom.development.js:27490:7)
    at performUnitOfWork (C:\Users\Admin\graceful_books\node_modules\react-dom\cjs\react-dom.development.js:26599:12) Error: useNavigate() may be used only in the context of a <Router> component.
    at Object.invariant [as UNSAFE_invariant] (C:\Users\Admin\graceful_books\node_modules\@remix-run\router\dist\router.cjs.js:315:11)
    at useNavigateUnstable (C:\Users\Admin\graceful_books\node_modules\react-router\dist\umd\react-router.development.js:223:36)
    at useNavigate (C:\Users\Admin\graceful_books\node_modules\react-router\dist\umd\react-router.development.js:220:48)
    at AccountCard (C:/Users/Admin/graceful_books/src/components/accounts/AccountCard.tsx:124:20)
    at renderWithHooks (C:\Users\Admin\graceful_books\node_modules\react-dom\cjs\react-dom.development.js:15486:18)
    at mountIndeterminateComponent (C:\Users\Admin\graceful_books\node_modules\react-dom\cjs\react-dom.development.js:20103:13)
    at beginWork (C:\Users\Admin\graceful_books\node_modules\react-dom\cjs\react-dom.development.js:21626:16)
    at HTMLUnknownElement.callCallback (C:\Users\Admin\graceful_books\node_modules\react-dom\cjs\react-dom.development.js:4164:14)
    at HTMLUnknownElement.callTheUserObjectsOperation (C:\Users\Admin\graceful_books\node_modules\jsdom\lib\jsdom\living\generated\EventListener.js:26:30)
    at innerInvokeEventListeners (C:\Users\Admin\graceful_books\node_modules\jsdom\lib\jsdom\living\events\EventTarget-impl.js:350:25)
Error: Uncaught [Error: useNavigate() may be used only in the context of a <Router> component.]
    at reportException (C:\Users\Admin\graceful_books\node_modules\jsdom\lib\jsdom\living\helpers\runtime-script-errors.js:66:24)
    at innerInvokeEventListeners (C:\Users\Admin\graceful_books\node_modules\jsdom\lib\jsdom\living\events\EventTarget-impl.js:353:9)
    at invokeEventListeners (C:\Users\Admin\graceful_books\node_modules\jsdom\lib\jsdom\living\events\EventTarget-impl.js:286:3)
    at HTMLUnknownElementImpl._dispatch (C:\Users\Admin\graceful_books\node_modules\jsdom\lib\jsdom\living\events\EventTarget-impl.js:233:9)
    at HTMLUnknownElementImpl.dispatchEvent (C:\Users\Admin\graceful_books\node_modules\jsdom\lib\jsdom\living\events\EventTarget-impl.js:104:17)
    at HTMLUnknownElement.dispatchEvent (C:\Users\Admin\graceful_books\node_modules\jsdom\lib\jsdom\living\generated\EventTarget.js:241:34)
    at Object.invokeGuardedCallbackDev (C:\Users\Admin\graceful_books\node_modules\react-dom\cjs\react-dom.development.js:4213:16)
    at invokeGuardedCallback (C:\Users\Admin\graceful_books\node_modules\react-dom\cjs\react-dom.development.js:4277:31)
    at beginWork$1 (C:\Users\Admin\graceful_books\node_modules\react-dom\cjs\react-dom.development.js:27490:7)
    at performUnitOfWork (C:\Users\Admin\graceful_books\node_modules\react-dom\cjs\react-dom.development.js:26599:12) Error: useNavigate() may be used only in the context of a <Router> component.
    at Object.invariant [as UNSAFE_invariant] (C:\Users\Admin\graceful_books\node_modules\@remix-run\router\dist\router.cjs.js:315:11)
    at useNavigateUnstable (C:\Users\Admin\graceful_books\node_modules\react-router\dist\umd\react-router.development.js:223:36)
    at useNavigate (C:\Users\Admin\graceful_books\node_modules\react-router\dist\umd\react-router.development.js:220:48)
    at AccountCard (C:/Users/Admin/graceful_books/src/components/accounts/AccountCard.tsx:124:20)
    at renderWithHooks (C:\Users\Admin\graceful_books\node_modules\react-dom\cjs\react-dom.development.js:15486:18)
    at mountIndeterminateComponent (C:\Users\Admin\graceful_books\node_modules\react-dom\cjs\react-dom.development.js:20103:13)
    at beginWork (C:\Users\Admin\graceful_books\node_modules\react-dom\cjs\react-dom.development.js:21626:16)
    at HTMLUnknownElement.callCallback (C:\Users\Admin\graceful_books\node_modules\react-dom\cjs\react-dom.development.js:4164:14)
    at HTMLUnknownElement.callTheUserObjectsOperation (C:\Users\Admin\graceful_books\node_modules\jsdom\lib\jsdom\living\generated\EventListener.js:26:30)
    at innerInvokeEventListeners (C:\Users\Admin\graceful_books\node_modules\jsdom\lib\jsdom\living\events\EventTarget-impl.js:350:25)
Error: Uncaught [Error: useNavigate() may be used only in the context of a <Router> component.]
    at reportException (C:\Users\Admin\graceful_books\node_modules\jsdom\lib\jsdom\living\helpers\runtime-script-errors.js:66:24)
    at innerInvokeEventListeners (C:\Users\Admin\graceful_books\node_modules\jsdom\lib\jsdom\living\events\EventTarget-impl.js:353:9)
    at invokeEventListeners (C:\Users\Admin\graceful_books\node_modules\jsdom\lib\jsdom\living\events\EventTarget-impl.js:286:3)
    at HTMLUnknownElementImpl._dispatch (C:\Users\Admin\graceful_books\node_modules\jsdom\lib\jsdom\living\events\EventTarget-impl.js:233:9)
    at HTMLUnknownElementImpl.dispatchEvent (C:\Users\Admin\graceful_books\node_modules\jsdom\lib\jsdom\living\events\EventTarget-impl.js:104:17)
    at HTMLUnknownElement.dispatchEvent (C:\Users\Admin\graceful_books\node_modules\jsdom\lib\jsdom\living\generated\EventTarget.js:241:34)
    at Object.invokeGuardedCallbackDev (C:\Users\Admin\graceful_books\node_modules\react-dom\cjs\react-dom.development.js:4213:16)
    at invokeGuardedCallback (C:\Users\Admin\graceful_books\node_modules\react-dom\cjs\react-dom.development.js:4277:31)
    at beginWork$1 (C:\Users\Admin\graceful_books\node_modules\react-dom\cjs\react-dom.development.js:27490:7)
    at performUnitOfWork (C:\Users\Admin\graceful_books\node_modules\react-dom\cjs\react-dom.development.js:26599:12) Error: useNavigate() may be used only in the context of a <Router> component.
    at Object.invariant [as UNSAFE_invariant] (C:\Users\Admin\graceful_books\node_modules\@remix-run\router\dist\router.cjs.js:315:11)
    at useNavigateUnstable (C:\Users\Admin\graceful_books\node_modules\react-router\dist\umd\react-router.development.js:223:36)
    at useNavigate (C:\Users\Admin\graceful_books\node_modules\react-router\dist\umd\react-router.development.js:220:48)
    at AccountCard (C:/Users/Admin/graceful_books/src/components/accounts/AccountCard.tsx:124:20)
    at renderWithHooks (C:\Users\Admin\graceful_books\node_modules\react-dom\cjs\react-dom.development.js:15486:18)
    at mountIndeterminateComponent (C:\Users\Admin\graceful_books\node_modules\react-dom\cjs\react-dom.development.js:20103:13)
    at beginWork (C:\Users\Admin\graceful_books\node_modules\react-dom\cjs\react-dom.development.js:21626:16)
    at HTMLUnknownElement.callCallback (C:\Users\Admin\graceful_books\node_modules\react-dom\cjs\react-dom.development.js:4164:14)
    at HTMLUnknownElement.callTheUserObjectsOperation (C:\Users\Admin\graceful_books\node_modules\jsdom\lib\jsdom\living\generated\EventListener.js:26:30)
    at innerInvokeEventListeners (C:\Users\Admin\graceful_books\node_modules\jsdom\lib\jsdom\living\events\EventTarget-impl.js:350:25)
Error: Uncaught [Error: useNavigate() may be used only in the context of a <Router> component.]
    at reportException (C:\Users\Admin\graceful_books\node_modules\jsdom\lib\jsdom\living\helpers\runtime-script-errors.js:66:24)
    at innerInvokeEventListeners (C:\Users\Admin\graceful_books\node_modules\jsdom\lib\jsdom\living\events\EventTarget-impl.js:353:9)
    at invokeEventListeners (C:\Users\Admin\graceful_books\node_modules\jsdom\lib\jsdom\living\events\EventTarget-impl.js:286:3)
    at HTMLUnknownElementImpl._dispatch (C:\Users\Admin\graceful_books\node_modules\jsdom\lib\jsdom\living\events\EventTarget-impl.js:233:9)
    at HTMLUnknownElementImpl.dispatchEvent (C:\Users\Admin\graceful_books\node_modules\jsdom\lib\jsdom\living\events\EventTarget-impl.js:104:17)
    at HTMLUnknownElement.dispatchEvent (C:\Users\Admin\graceful_books\node_modules\jsdom\lib\jsdom\living\generated\EventTarget.js:241:34)
    at Object.invokeGuardedCallbackDev (C:\Users\Admin\graceful_books\node_modules\react-dom\cjs\react-dom.development.js:4213:16)
    at invokeGuardedCallback (C:\Users\Admin\graceful_books\node_modules\react-dom\cjs\react-dom.development.js:4277:31)
    at beginWork$1 (C:\Users\Admin\graceful_books\node_modules\react-dom\cjs\react-dom.development.js:27490:7)
    at performUnitOfWork (C:\Users\Admin\graceful_books\node_modules\react-dom\cjs\react-dom.development.js:26599:12) Error: useNavigate() may be used only in the context of a <Router> component.
    at Object.invariant [as UNSAFE_invariant] (C:\Users\Admin\graceful_books\node_modules\@remix-run\router\dist\router.cjs.js:315:11)
    at useNavigateUnstable (C:\Users\Admin\graceful_books\node_modules\react-router\dist\umd\react-router.development.js:223:36)
    at useNavigate (C:\Users\Admin\graceful_books\node_modules\react-router\dist\umd\react-router.development.js:220:48)
    at AccountCard (C:/Users/Admin/graceful_books/src/components/accounts/AccountCard.tsx:124:20)
    at renderWithHooks (C:\Users\Admin\graceful_books\node_modules\react-dom\cjs\react-dom.development.js:15486:18)
    at mountIndeterminateComponent (C:\Users\Admin\graceful_books\node_modules\react-dom\cjs\react-dom.development.js:20103:13)
    at beginWork (C:\Users\Admin\graceful_books\node_modules\react-dom\cjs\react-dom.development.js:21626:16)
    at HTMLUnknownElement.callCallback (C:\Users\Admin\graceful_books\node_modules\react-dom\cjs\react-dom.development.js:4164:14)
    at HTMLUnknownElement.callTheUserObjectsOperation (C:\Users\Admin\graceful_books\node_modules\jsdom\lib\jsdom\living\generated\EventListener.js:26:30)
    at innerInvokeEventListeners (C:\Users\Admin\graceful_books\node_modules\jsdom\lib\jsdom\living\events\EventTarget-impl.js:350:25)
Error: Uncaught [Error: useNavigate() may be used only in the context of a <Router> component.]
    at reportException (C:\Users\Admin\graceful_books\node_modules\jsdom\lib\jsdom\living\helpers\runtime-script-errors.js:66:24)
    at innerInvokeEventListeners (C:\Users\Admin\graceful_books\node_modules\jsdom\lib\jsdom\living\events\EventTarget-impl.js:353:9)
    at invokeEventListeners (C:\Users\Admin\graceful_books\node_modules\jsdom\lib\jsdom\living\events\EventTarget-impl.js:286:3)
    at HTMLUnknownElementImpl._dispatch (C:\Users\Admin\graceful_books\node_modules\jsdom\lib\jsdom\living\events\EventTarget-impl.js:233:9)
    at HTMLUnknownElementImpl.dispatchEvent (C:\Users\Admin\graceful_books\node_modules\jsdom\lib\jsdom\living\events\EventTarget-impl.js:104:17)
    at HTMLUnknownElement.dispatchEvent (C:\Users\Admin\graceful_books\node_modules\jsdom\lib\jsdom\living\generated\EventTarget.js:241:34)
    at Object.invokeGuardedCallbackDev (C:\Users\Admin\graceful_books\node_modules\react-dom\cjs\react-dom.development.js:4213:16)
    at invokeGuardedCallback (C:\Users\Admin\graceful_books\node_modules\react-dom\cjs\react-dom.development.js:4277:31)
    at beginWork$1 (C:\Users\Admin\graceful_books\node_modules\react-dom\cjs\react-dom.development.js:27490:7)
    at performUnitOfWork (C:\Users\Admin\graceful_books\node_modules\react-dom\cjs\react-dom.development.js:26599:12) Error: useNavigate() may be used only in the context of a <Router> component.
    at Object.invariant [as UNSAFE_invariant] (C:\Users\Admin\graceful_books\node_modules\@remix-run\router\dist\router.cjs.js:315:11)
    at useNavigateUnstable (C:\Users\Admin\graceful_books\node_modules\react-router\dist\umd\react-router.development.js:223:36)
    at useNavigate (C:\Users\Admin\graceful_books\node_modules\react-router\dist\umd\react-router.development.js:220:48)
    at AccountCard (C:/Users/Admin/graceful_books/src/components/accounts/AccountCard.tsx:124:20)
    at renderWithHooks (C:\Users\Admin\graceful_books\node_modules\react-dom\cjs\react-dom.development.js:15486:18)
    at mountIndeterminateComponent (C:\Users\Admin\graceful_books\node_modules\react-dom\cjs\react-dom.development.js:20103:13)
    at beginWork (C:\Users\Admin\graceful_books\node_modules\react-dom\cjs\react-dom.development.js:21626:16)
    at HTMLUnknownElement.callCallback (C:\Users\Admin\graceful_books\node_modules\react-dom\cjs\react-dom.development.js:4164:14)
    at HTMLUnknownElement.callTheUserObjectsOperation (C:\Users\Admin\graceful_books\node_modules\jsdom\lib\jsdom\living\generated\EventListener.js:26:30)
    at innerInvokeEventListeners (C:\Users\Admin\graceful_books\node_modules\jsdom\lib\jsdom\living\events\EventTarget-impl.js:350:25)
Error: Uncaught [Error: useNavigate() may be used only in the context of a <Router> component.]
    at reportException (C:\Users\Admin\graceful_books\node_modules\jsdom\lib\jsdom\living\helpers\runtime-script-errors.js:66:24)
    at innerInvokeEventListeners (C:\Users\Admin\graceful_books\node_modules\jsdom\lib\jsdom\living\events\EventTarget-impl.js:353:9)
    at invokeEventListeners (C:\Users\Admin\graceful_books\node_modules\jsdom\lib\jsdom\living\events\EventTarget-impl.js:286:3)
    at HTMLUnknownElementImpl._dispatch (C:\Users\Admin\graceful_books\node_modules\jsdom\lib\jsdom\living\events\EventTarget-impl.js:233:9)
    at HTMLUnknownElementImpl.dispatchEvent (C:\Users\Admin\graceful_books\node_modules\jsdom\lib\jsdom\living\events\EventTarget-impl.js:104:17)
    at HTMLUnknownElement.dispatchEvent (C:\Users\Admin\graceful_books\node_modules\jsdom\lib\jsdom\living\generated\EventTarget.js:241:34)
    at Object.invokeGuardedCallbackDev (C:\Users\Admin\graceful_books\node_modules\react-dom\cjs\react-dom.development.js:4213:16)
    at invokeGuardedCallback (C:\Users\Admin\graceful_books\node_modules\react-dom\cjs\react-dom.development.js:4277:31)
    at beginWork$1 (C:\Users\Admin\graceful_books\node_modules\react-dom\cjs\react-dom.development.js:27490:7)
    at performUnitOfWork (C:\Users\Admin\graceful_books\node_modules\react-dom\cjs\react-dom.development.js:26599:12) Error: useNavigate() may be used only in the context of a <Router> component.
    at Object.invariant [as UNSAFE_invariant] (C:\Users\Admin\graceful_books\node_modules\@remix-run\router\dist\router.cjs.js:315:11)
    at useNavigateUnstable (C:\Users\Admin\graceful_books\node_modules\react-router\dist\umd\react-router.development.js:223:36)
    at useNavigate (C:\Users\Admin\graceful_books\node_modules\react-router\dist\umd\react-router.development.js:220:48)
    at AccountCard (C:/Users/Admin/graceful_books/src/components/accounts/AccountCard.tsx:124:20)
    at renderWithHooks (C:\Users\Admin\graceful_books\node_modules\react-dom\cjs\react-dom.development.js:15486:18)
    at mountIndeterminateComponent (C:\Users\Admin\graceful_books\node_modules\react-dom\cjs\react-dom.development.js:20103:13)
    at beginWork (C:\Users\Admin\graceful_books\node_modules\react-dom\cjs\react-dom.development.js:21626:16)
    at HTMLUnknownElement.callCallback (C:\Users\Admin\graceful_books\node_modules\react-dom\cjs\react-dom.development.js:4164:14)
    at HTMLUnknownElement.callTheUserObjectsOperation (C:\Users\Admin\graceful_books\node_modules\jsdom\lib\jsdom\living\generated\EventListener.js:26:30)
    at innerInvokeEventListeners (C:\Users\Admin\graceful_books\node_modules\jsdom\lib\jsdom\living\events\EventTarget-impl.js:350:25)
Error: Uncaught [Error: useNavigate() may be used only in the context of a <Router> component.]
    at reportException (C:\Users\Admin\graceful_books\node_modules\jsdom\lib\jsdom\living\helpers\runtime-script-errors.js:66:24)
    at innerInvokeEventListeners (C:\Users\Admin\graceful_books\node_modules\jsdom\lib\jsdom\living\events\EventTarget-impl.js:353:9)
    at invokeEventListeners (C:\Users\Admin\graceful_books\node_modules\jsdom\lib\jsdom\living\events\EventTarget-impl.js:286:3)
    at HTMLUnknownElementImpl._dispatch (C:\Users\Admin\graceful_books\node_modules\jsdom\lib\jsdom\living\events\EventTarget-impl.js:233:9)
    at HTMLUnknownElementImpl.dispatchEvent (C:\Users\Admin\graceful_books\node_modules\jsdom\lib\jsdom\living\events\EventTarget-impl.js:104:17)
    at HTMLUnknownElement.dispatchEvent (C:\Users\Admin\graceful_books\node_modules\jsdom\lib\jsdom\living\generated\EventTarget.js:241:34)
    at Object.invokeGuardedCallbackDev (C:\Users\Admin\graceful_books\node_modules\react-dom\cjs\react-dom.development.js:4213:16)
    at invokeGuardedCallback (C:\Users\Admin\graceful_books\node_modules\react-dom\cjs\react-dom.development.js:4277:31)
    at beginWork$1 (C:\Users\Admin\graceful_books\node_modules\react-dom\cjs\react-dom.development.js:27490:7)
    at performUnitOfWork (C:\Users\Admin\graceful_books\node_modules\react-dom\cjs\react-dom.development.js:26599:12) Error: useNavigate() may be used only in the context of a <Router> component.
    at Object.invariant [as UNSAFE_invariant] (C:\Users\Admin\graceful_books\node_modules\@remix-run\router\dist\router.cjs.js:315:11)
    at useNavigateUnstable (C:\Users\Admin\graceful_books\node_modules\react-router\dist\umd\react-router.development.js:223:36)
    at useNavigate (C:\Users\Admin\graceful_books\node_modules\react-router\dist\umd\react-router.development.js:220:48)
    at AccountCard (C:/Users/Admin/graceful_books/src/components/accounts/AccountCard.tsx:124:20)
    at renderWithHooks (C:\Users\Admin\graceful_books\node_modules\react-dom\cjs\react-dom.development.js:15486:18)
    at mountIndeterminateComponent (C:\Users\Admin\graceful_books\node_modules\react-dom\cjs\react-dom.development.js:20103:13)
    at beginWork (C:\Users\Admin\graceful_books\node_modules\react-dom\cjs\react-dom.development.js:21626:16)
    at HTMLUnknownElement.callCallback (C:\Users\Admin\graceful_books\node_modules\react-dom\cjs\react-dom.development.js:4164:14)
    at HTMLUnknownElement.callTheUserObjectsOperation (C:\Users\Admin\graceful_books\node_modules\jsdom\lib\jsdom\living\generated\EventListener.js:26:30)
    at innerInvokeEventListeners (C:\Users\Admin\graceful_books\node_modules\jsdom\lib\jsdom\living\events\EventTarget-impl.js:350:25)
Error: Uncaught [Error: useNavigate() may be used only in the context of a <Router> component.]
    at reportException (C:\Users\Admin\graceful_books\node_modules\jsdom\lib\jsdom\living\helpers\runtime-script-errors.js:66:24)
    at innerInvokeEventListeners (C:\Users\Admin\graceful_books\node_modules\jsdom\lib\jsdom\living\events\EventTarget-impl.js:353:9)
    at invokeEventListeners (C:\Users\Admin\graceful_books\node_modules\jsdom\lib\jsdom\living\events\EventTarget-impl.js:286:3)
    at HTMLUnknownElementImpl._dispatch (C:\Users\Admin\graceful_books\node_modules\jsdom\lib\jsdom\living\events\EventTarget-impl.js:233:9)
    at HTMLUnknownElementImpl.dispatchEvent (C:\Users\Admin\graceful_books\node_modules\jsdom\lib\jsdom\living\events\EventTarget-impl.js:104:17)
    at HTMLUnknownElement.dispatchEvent (C:\Users\Admin\graceful_books\node_modules\jsdom\lib\jsdom\living\generated\EventTarget.js:241:34)
    at Object.invokeGuardedCallbackDev (C:\Users\Admin\graceful_books\node_modules\react-dom\cjs\react-dom.development.js:4213:16)
    at invokeGuardedCallback (C:\Users\Admin\graceful_books\node_modules\react-dom\cjs\react-dom.development.js:4277:31)
    at beginWork$1 (C:\Users\Admin\graceful_books\node_modules\react-dom\cjs\react-dom.development.js:27490:7)
    at performUnitOfWork (C:\Users\Admin\graceful_books\node_modules\react-dom\cjs\react-dom.development.js:26599:12) Error: useNavigate() may be used only in the context of a <Router> component.
    at Object.invariant [as UNSAFE_invariant] (C:\Users\Admin\graceful_books\node_modules\@remix-run\router\dist\router.cjs.js:315:11)
    at useNavigateUnstable (C:\Users\Admin\graceful_books\node_modules\react-router\dist\umd\react-router.development.js:223:36)
    at useNavigate (C:\Users\Admin\graceful_books\node_modules\react-router\dist\umd\react-router.development.js:220:48)
    at AccountCard (C:/Users/Admin/graceful_books/src/components/accounts/AccountCard.tsx:124:20)
    at renderWithHooks (C:\Users\Admin\graceful_books\node_modules\react-dom\cjs\react-dom.development.js:15486:18)
    at mountIndeterminateComponent (C:\Users\Admin\graceful_books\node_modules\react-dom\cjs\react-dom.development.js:20103:13)
    at beginWork (C:\Users\Admin\graceful_books\node_modules\react-dom\cjs\react-dom.development.js:21626:16)
    at HTMLUnknownElement.callCallback (C:\Users\Admin\graceful_books\node_modules\react-dom\cjs\react-dom.development.js:4164:14)
    at HTMLUnknownElement.callTheUserObjectsOperation (C:\Users\Admin\graceful_books\node_modules\jsdom\lib\jsdom\living\generated\EventListener.js:26:30)
    at innerInvokeEventListeners (C:\Users\Admin\graceful_books\node_modules\jsdom\lib\jsdom\living\events\EventTarget-impl.js:350:25)
Error: Uncaught [Error: useNavigate() may be used only in the context of a <Router> component.]
    at reportException (C:\Users\Admin\graceful_books\node_modules\jsdom\lib\jsdom\living\helpers\runtime-script-errors.js:66:24)
    at innerInvokeEventListeners (C:\Users\Admin\graceful_books\node_modules\jsdom\lib\jsdom\living\events\EventTarget-impl.js:353:9)
    at invokeEventListeners (C:\Users\Admin\graceful_books\node_modules\jsdom\lib\jsdom\living\events\EventTarget-impl.js:286:3)
    at HTMLUnknownElementImpl._dispatch (C:\Users\Admin\graceful_books\node_modules\jsdom\lib\jsdom\living\events\EventTarget-impl.js:233:9)
    at HTMLUnknownElementImpl.dispatchEvent (C:\Users\Admin\graceful_books\node_modules\jsdom\lib\jsdom\living\events\EventTarget-impl.js:104:17)
    at HTMLUnknownElement.dispatchEvent (C:\Users\Admin\graceful_books\node_modules\jsdom\lib\jsdom\living\generated\EventTarget.js:241:34)
    at Object.invokeGuardedCallbackDev (C:\Users\Admin\graceful_books\node_modules\react-dom\cjs\react-dom.development.js:4213:16)
    at invokeGuardedCallback (C:\Users\Admin\graceful_books\node_modules\react-dom\cjs\react-dom.development.js:4277:31)
    at beginWork$1 (C:\Users\Admin\graceful_books\node_modules\react-dom\cjs\react-dom.development.js:27490:7)
    at performUnitOfWork (C:\Users\Admin\graceful_books\node_modules\react-dom\cjs\react-dom.development.js:26599:12) Error: useNavigate() may be used only in the context of a <Router> component.
    at Object.invariant [as UNSAFE_invariant] (C:\Users\Admin\graceful_books\node_modules\@remix-run\router\dist\router.cjs.js:315:11)
    at useNavigateUnstable (C:\Users\Admin\graceful_books\node_modules\react-router\dist\umd\react-router.development.js:223:36)
    at useNavigate (C:\Users\Admin\graceful_books\node_modules\react-router\dist\umd\react-router.development.js:220:48)
    at AccountCard (C:/Users/Admin/graceful_books/src/components/accounts/AccountCard.tsx:124:20)
    at renderWithHooks (C:\Users\Admin\graceful_books\node_modules\react-dom\cjs\react-dom.development.js:15486:18)
    at mountIndeterminateComponent (C:\Users\Admin\graceful_books\node_modules\react-dom\cjs\react-dom.development.js:20103:13)
    at beginWork (C:\Users\Admin\graceful_books\node_modules\react-dom\cjs\react-dom.development.js:21626:16)
    at HTMLUnknownElement.callCallback (C:\Users\Admin\graceful_books\node_modules\react-dom\cjs\react-dom.development.js:4164:14)
    at HTMLUnknownElement.callTheUserObjectsOperation (C:\Users\Admin\graceful_books\node_modules\jsdom\lib\jsdom\living\generated\EventListener.js:26:30)
    at innerInvokeEventListeners (C:\Users\Admin\graceful_books\node_modules\jsdom\lib\jsdom\living\events\EventTarget-impl.js:350:25)
Error: Uncaught [Error: useNavigate() may be used only in the context of a <Router> component.]
    at reportException (C:\Users\Admin\graceful_books\node_modules\jsdom\lib\jsdom\living\helpers\runtime-script-errors.js:66:24)
    at innerInvokeEventListeners (C:\Users\Admin\graceful_books\node_modules\jsdom\lib\jsdom\living\events\EventTarget-impl.js:353:9)
    at invokeEventListeners (C:\Users\Admin\graceful_books\node_modules\jsdom\lib\jsdom\living\events\EventTarget-impl.js:286:3)
    at HTMLUnknownElementImpl._dispatch (C:\Users\Admin\graceful_books\node_modules\jsdom\lib\jsdom\living\events\EventTarget-impl.js:233:9)
    at HTMLUnknownElementImpl.dispatchEvent (C:\Users\Admin\graceful_books\node_modules\jsdom\lib\jsdom\living\events\EventTarget-impl.js:104:17)
    at HTMLUnknownElement.dispatchEvent (C:\Users\Admin\graceful_books\node_modules\jsdom\lib\jsdom\living\generated\EventTarget.js:241:34)
    at Object.invokeGuardedCallbackDev (C:\Users\Admin\graceful_books\node_modules\react-dom\cjs\react-dom.development.js:4213:16)
    at invokeGuardedCallback (C:\Users\Admin\graceful_books\node_modules\react-dom\cjs\react-dom.development.js:4277:31)
    at beginWork$1 (C:\Users\Admin\graceful_books\node_modules\react-dom\cjs\react-dom.development.js:27490:7)
    at performUnitOfWork (C:\Users\Admin\graceful_books\node_modules\react-dom\cjs\react-dom.development.js:26599:12) Error: useNavigate() may be used only in the context of a <Router> component.
    at Object.invariant [as UNSAFE_invariant] (C:\Users\Admin\graceful_books\node_modules\@remix-run\router\dist\router.cjs.js:315:11)
    at useNavigateUnstable (C:\Users\Admin\graceful_books\node_modules\react-router\dist\umd\react-router.development.js:223:36)
    at useNavigate (C:\Users\Admin\graceful_books\node_modules\react-router\dist\umd\react-router.development.js:220:48)
    at AccountCard (C:/Users/Admin/graceful_books/src/components/accounts/AccountCard.tsx:124:20)
    at renderWithHooks (C:\Users\Admin\graceful_books\node_modules\react-dom\cjs\react-dom.development.js:15486:18)
    at mountIndeterminateComponent (C:\Users\Admin\graceful_books\node_modules\react-dom\cjs\react-dom.development.js:20103:13)
    at beginWork (C:\Users\Admin\graceful_books\node_modules\react-dom\cjs\react-dom.development.js:21626:16)
    at HTMLUnknownElement.callCallback (C:\Users\Admin\graceful_books\node_modules\react-dom\cjs\react-dom.development.js:4164:14)
    at HTMLUnknownElement.callTheUserObjectsOperation (C:\Users\Admin\graceful_books\node_modules\jsdom\lib\jsdom\living\generated\EventListener.js:26:30)
    at innerInvokeEventListeners (C:\Users\Admin\graceful_books\node_modules\jsdom\lib\jsdom\living\events\EventTarget-impl.js:350:25)
Error: Uncaught [Error: useNavigate() may be used only in the context of a <Router> component.]
    at reportException (C:\Users\Admin\graceful_books\node_modules\jsdom\lib\jsdom\living\helpers\runtime-script-errors.js:66:24)
    at innerInvokeEventListeners (C:\Users\Admin\graceful_books\node_modules\jsdom\lib\jsdom\living\events\EventTarget-impl.js:353:9)
    at invokeEventListeners (C:\Users\Admin\graceful_books\node_modules\jsdom\lib\jsdom\living\events\EventTarget-impl.js:286:3)
    at HTMLUnknownElementImpl._dispatch (C:\Users\Admin\graceful_books\node_modules\jsdom\lib\jsdom\living\events\EventTarget-impl.js:233:9)
    at HTMLUnknownElementImpl.dispatchEvent (C:\Users\Admin\graceful_books\node_modules\jsdom\lib\jsdom\living\events\EventTarget-impl.js:104:17)
    at HTMLUnknownElement.dispatchEvent (C:\Users\Admin\graceful_books\node_modules\jsdom\lib\jsdom\living\generated\EventTarget.js:241:34)
    at Object.invokeGuardedCallbackDev (C:\Users\Admin\graceful_books\node_modules\react-dom\cjs\react-dom.development.js:4213:16)
    at invokeGuardedCallback (C:\Users\Admin\graceful_books\node_modules\react-dom\cjs\react-dom.development.js:4277:31)
    at beginWork$1 (C:\Users\Admin\graceful_books\node_modules\react-dom\cjs\react-dom.development.js:27490:7)
    at performUnitOfWork (C:\Users\Admin\graceful_books\node_modules\react-dom\cjs\react-dom.development.js:26599:12) Error: useNavigate() may be used only in the context of a <Router> component.
    at Object.invariant [as UNSAFE_invariant] (C:\Users\Admin\graceful_books\node_modules\@remix-run\router\dist\router.cjs.js:315:11)
    at useNavigateUnstable (C:\Users\Admin\graceful_books\node_modules\react-router\dist\umd\react-router.development.js:223:36)
    at useNavigate (C:\Users\Admin\graceful_books\node_modules\react-router\dist\umd\react-router.development.js:220:48)
    at AccountCard (C:/Users/Admin/graceful_books/src/components/accounts/AccountCard.tsx:124:20)
    at renderWithHooks (C:\Users\Admin\graceful_books\node_modules\react-dom\cjs\react-dom.development.js:15486:18)
    at mountIndeterminateComponent (C:\Users\Admin\graceful_books\node_modules\react-dom\cjs\react-dom.development.js:20103:13)
    at beginWork (C:\Users\Admin\graceful_books\node_modules\react-dom\cjs\react-dom.development.js:21626:16)
    at HTMLUnknownElement.callCallback (C:\Users\Admin\graceful_books\node_modules\react-dom\cjs\react-dom.development.js:4164:14)
    at HTMLUnknownElement.callTheUserObjectsOperation (C:\Users\Admin\graceful_books\node_modules\jsdom\lib\jsdom\living\generated\EventListener.js:26:30)
    at innerInvokeEventListeners (C:\Users\Admin\graceful_books\node_modules\jsdom\lib\jsdom\living\events\EventTarget-impl.js:350:25)
Error: Uncaught [Error: useNavigate() may be used only in the context of a <Router> component.]
    at reportException (C:\Users\Admin\graceful_books\node_modules\jsdom\lib\jsdom\living\helpers\runtime-script-errors.js:66:24)
    at innerInvokeEventListeners (C:\Users\Admin\graceful_books\node_modules\jsdom\lib\jsdom\living\events\EventTarget-impl.js:353:9)
    at invokeEventListeners (C:\Users\Admin\graceful_books\node_modules\jsdom\lib\jsdom\living\events\EventTarget-impl.js:286:3)
    at HTMLUnknownElementImpl._dispatch (C:\Users\Admin\graceful_books\node_modules\jsdom\lib\jsdom\living\events\EventTarget-impl.js:233:9)
    at HTMLUnknownElementImpl.dispatchEvent (C:\Users\Admin\graceful_books\node_modules\jsdom\lib\jsdom\living\events\EventTarget-impl.js:104:17)
    at HTMLUnknownElement.dispatchEvent (C:\Users\Admin\graceful_books\node_modules\jsdom\lib\jsdom\living\generated\EventTarget.js:241:34)
    at Object.invokeGuardedCallbackDev (C:\Users\Admin\graceful_books\node_modules\react-dom\cjs\react-dom.development.js:4213:16)
    at invokeGuardedCallback (C:\Users\Admin\graceful_books\node_modules\react-dom\cjs\react-dom.development.js:4277:31)
    at beginWork$1 (C:\Users\Admin\graceful_books\node_modules\react-dom\cjs\react-dom.development.js:27490:7)
    at performUnitOfWork (C:\Users\Admin\graceful_books\node_modules\react-dom\cjs\react-dom.development.js:26599:12) Error: useNavigate() may be used only in the context of a <Router> component.
    at Object.invariant [as UNSAFE_invariant] (C:\Users\Admin\graceful_books\node_modules\@remix-run\router\dist\router.cjs.js:315:11)
    at useNavigateUnstable (C:\Users\Admin\graceful_books\node_modules\react-router\dist\umd\react-router.development.js:223:36)
    at useNavigate (C:\Users\Admin\graceful_books\node_modules\react-router\dist\umd\react-router.development.js:220:48)
    at AccountCard (C:/Users/Admin/graceful_books/src/components/accounts/AccountCard.tsx:124:20)
    at renderWithHooks (C:\Users\Admin\graceful_books\node_modules\react-dom\cjs\react-dom.development.js:15486:18)
    at mountIndeterminateComponent (C:\Users\Admin\graceful_books\node_modules\react-dom\cjs\react-dom.development.js:20103:13)
    at beginWork (C:\Users\Admin\graceful_books\node_modules\react-dom\cjs\react-dom.development.js:21626:16)
    at HTMLUnknownElement.callCallback (C:\Users\Admin\graceful_books\node_modules\react-dom\cjs\react-dom.development.js:4164:14)
    at HTMLUnknownElement.callTheUserObjectsOperation (C:\Users\Admin\graceful_books\node_modules\jsdom\lib\jsdom\living\generated\EventListener.js:26:30)
    at innerInvokeEventListeners (C:\Users\Admin\graceful_books\node_modules\jsdom\lib\jsdom\living\events\EventTarget-impl.js:350:25)
Error: Uncaught [Error: useNavigate() may be used only in the context of a <Router> component.]
    at reportException (C:\Users\Admin\graceful_books\node_modules\jsdom\lib\jsdom\living\helpers\runtime-script-errors.js:66:24)
    at innerInvokeEventListeners (C:\Users\Admin\graceful_books\node_modules\jsdom\lib\jsdom\living\events\EventTarget-impl.js:353:9)
    at invokeEventListeners (C:\Users\Admin\graceful_books\node_modules\jsdom\lib\jsdom\living\events\EventTarget-impl.js:286:3)
    at HTMLUnknownElementImpl._dispatch (C:\Users\Admin\graceful_books\node_modules\jsdom\lib\jsdom\living\events\EventTarget-impl.js:233:9)
    at HTMLUnknownElementImpl.dispatchEvent (C:\Users\Admin\graceful_books\node_modules\jsdom\lib\jsdom\living\events\EventTarget-impl.js:104:17)
    at HTMLUnknownElement.dispatchEvent (C:\Users\Admin\graceful_books\node_modules\jsdom\lib\jsdom\living\generated\EventTarget.js:241:34)
    at Object.invokeGuardedCallbackDev (C:\Users\Admin\graceful_books\node_modules\react-dom\cjs\react-dom.development.js:4213:16)
    at invokeGuardedCallback (C:\Users\Admin\graceful_books\node_modules\react-dom\cjs\react-dom.development.js:4277:31)
    at beginWork$1 (C:\Users\Admin\graceful_books\node_modules\react-dom\cjs\react-dom.development.js:27490:7)
    at performUnitOfWork (C:\Users\Admin\graceful_books\node_modules\react-dom\cjs\react-dom.development.js:26599:12) Error: useNavigate() may be used only in the context of a <Router> component.
    at Object.invariant [as UNSAFE_invariant] (C:\Users\Admin\graceful_books\node_modules\@remix-run\router\dist\router.cjs.js:315:11)
    at useNavigateUnstable (C:\Users\Admin\graceful_books\node_modules\react-router\dist\umd\react-router.development.js:223:36)
    at useNavigate (C:\Users\Admin\graceful_books\node_modules\react-router\dist\umd\react-router.development.js:220:48)
    at AccountCard (C:/Users/Admin/graceful_books/src/components/accounts/AccountCard.tsx:124:20)
    at renderWithHooks (C:\Users\Admin\graceful_books\node_modules\react-dom\cjs\react-dom.development.js:15486:18)
    at mountIndeterminateComponent (C:\Users\Admin\graceful_books\node_modules\react-dom\cjs\react-dom.development.js:20103:13)
    at beginWork (C:\Users\Admin\graceful_books\node_modules\react-dom\cjs\react-dom.development.js:21626:16)
    at HTMLUnknownElement.callCallback (C:\Users\Admin\graceful_books\node_modules\react-dom\cjs\react-dom.development.js:4164:14)
    at HTMLUnknownElement.callTheUserObjectsOperation (C:\Users\Admin\graceful_books\node_modules\jsdom\lib\jsdom\living\generated\EventListener.js:26:30)
    at innerInvokeEventListeners (C:\Users\Admin\graceful_books\node_modules\jsdom\lib\jsdom\living\events\EventTarget-impl.js:350:25)
Error: Uncaught [Error: useNavigate() may be used only in the context of a <Router> component.]
    at reportException (C:\Users\Admin\graceful_books\node_modules\jsdom\lib\jsdom\living\helpers\runtime-script-errors.js:66:24)
    at innerInvokeEventListeners (C:\Users\Admin\graceful_books\node_modules\jsdom\lib\jsdom\living\events\EventTarget-impl.js:353:9)
    at invokeEventListeners (C:\Users\Admin\graceful_books\node_modules\jsdom\lib\jsdom\living\events\EventTarget-impl.js:286:3)
    at HTMLUnknownElementImpl._dispatch (C:\Users\Admin\graceful_books\node_modules\jsdom\lib\jsdom\living\events\EventTarget-impl.js:233:9)
    at HTMLUnknownElementImpl.dispatchEvent (C:\Users\Admin\graceful_books\node_modules\jsdom\lib\jsdom\living\events\EventTarget-impl.js:104:17)
    at HTMLUnknownElement.dispatchEvent (C:\Users\Admin\graceful_books\node_modules\jsdom\lib\jsdom\living\generated\EventTarget.js:241:34)
    at Object.invokeGuardedCallbackDev (C:\Users\Admin\graceful_books\node_modules\react-dom\cjs\react-dom.development.js:4213:16)
    at invokeGuardedCallback (C:\Users\Admin\graceful_books\node_modules\react-dom\cjs\react-dom.development.js:4277:31)
    at beginWork$1 (C:\Users\Admin\graceful_books\node_modules\react-dom\cjs\react-dom.development.js:27490:7)
    at performUnitOfWork (C:\Users\Admin\graceful_books\node_modules\react-dom\cjs\react-dom.development.js:26599:12) Error: useNavigate() may be used only in the context of a <Router> component.
    at Object.invariant [as UNSAFE_invariant] (C:\Users\Admin\graceful_books\node_modules\@remix-run\router\dist\router.cjs.js:315:11)
    at useNavigateUnstable (C:\Users\Admin\graceful_books\node_modules\react-router\dist\umd\react-router.development.js:223:36)
    at useNavigate (C:\Users\Admin\graceful_books\node_modules\react-router\dist\umd\react-router.development.js:220:48)
    at AccountCard (C:/Users/Admin/graceful_books/src/components/accounts/AccountCard.tsx:124:20)
    at renderWithHooks (C:\Users\Admin\graceful_books\node_modules\react-dom\cjs\react-dom.development.js:15486:18)
    at mountIndeterminateComponent (C:\Users\Admin\graceful_books\node_modules\react-dom\cjs\react-dom.development.js:20103:13)
    at beginWork (C:\Users\Admin\graceful_books\node_modules\react-dom\cjs\react-dom.development.js:21626:16)
    at HTMLUnknownElement.callCallback (C:\Users\Admin\graceful_books\node_modules\react-dom\cjs\react-dom.development.js:4164:14)
    at HTMLUnknownElement.callTheUserObjectsOperation (C:\Users\Admin\graceful_books\node_modules\jsdom\lib\jsdom\living\generated\EventListener.js:26:30)
    at innerInvokeEventListeners (C:\Users\Admin\graceful_books\node_modules\jsdom\lib\jsdom\living\events\EventTarget-impl.js:350:25)
Error: Uncaught [Error: useNavigate() may be used only in the context of a <Router> component.]
    at reportException (C:\Users\Admin\graceful_books\node_modules\jsdom\lib\jsdom\living\helpers\runtime-script-errors.js:66:24)
    at innerInvokeEventListeners (C:\Users\Admin\graceful_books\node_modules\jsdom\lib\jsdom\living\events\EventTarget-impl.js:353:9)
    at invokeEventListeners (C:\Users\Admin\graceful_books\node_modules\jsdom\lib\jsdom\living\events\EventTarget-impl.js:286:3)
    at HTMLUnknownElementImpl._dispatch (C:\Users\Admin\graceful_books\node_modules\jsdom\lib\jsdom\living\events\EventTarget-impl.js:233:9)
    at HTMLUnknownElementImpl.dispatchEvent (C:\Users\Admin\graceful_books\node_modules\jsdom\lib\jsdom\living\events\EventTarget-impl.js:104:17)
    at HTMLUnknownElement.dispatchEvent (C:\Users\Admin\graceful_books\node_modules\jsdom\lib\jsdom\living\generated\EventTarget.js:241:34)
    at Object.invokeGuardedCallbackDev (C:\Users\Admin\graceful_books\node_modules\react-dom\cjs\react-dom.development.js:4213:16)
    at invokeGuardedCallback (C:\Users\Admin\graceful_books\node_modules\react-dom\cjs\react-dom.development.js:4277:31)
    at beginWork$1 (C:\Users\Admin\graceful_books\node_modules\react-dom\cjs\react-dom.development.js:27490:7)
    at performUnitOfWork (C:\Users\Admin\graceful_books\node_modules\react-dom\cjs\react-dom.development.js:26599:12) Error: useNavigate() may be used only in the context of a <Router> component.
    at Object.invariant [as UNSAFE_invariant] (C:\Users\Admin\graceful_books\node_modules\@remix-run\router\dist\router.cjs.js:315:11)
    at useNavigateUnstable (C:\Users\Admin\graceful_books\node_modules\react-router\dist\umd\react-router.development.js:223:36)
    at useNavigate (C:\Users\Admin\graceful_books\node_modules\react-router\dist\umd\react-router.development.js:220:48)
    at AccountCard (C:/Users/Admin/graceful_books/src/components/accounts/AccountCard.tsx:124:20)
    at renderWithHooks (C:\Users\Admin\graceful_books\node_modules\react-dom\cjs\react-dom.development.js:15486:18)
    at mountIndeterminateComponent (C:\Users\Admin\graceful_books\node_modules\react-dom\cjs\react-dom.development.js:20103:13)
    at beginWork (C:\Users\Admin\graceful_books\node_modules\react-dom\cjs\react-dom.development.js:21626:16)
    at HTMLUnknownElement.callCallback (C:\Users\Admin\graceful_books\node_modules\react-dom\cjs\react-dom.development.js:4164:14)
    at HTMLUnknownElement.callTheUserObjectsOperation (C:\Users\Admin\graceful_books\node_modules\jsdom\lib\jsdom\living\generated\EventListener.js:26:30)
    at innerInvokeEventListeners (C:\Users\Admin\graceful_books\node_modules\jsdom\lib\jsdom\living\events\EventTarget-impl.js:350:25)
Error: Uncaught [Error: useNavigate() may be used only in the context of a <Router> component.]
    at reportException (C:\Users\Admin\graceful_books\node_modules\jsdom\lib\jsdom\living\helpers\runtime-script-errors.js:66:24)
    at innerInvokeEventListeners (C:\Users\Admin\graceful_books\node_modules\jsdom\lib\jsdom\living\events\EventTarget-impl.js:353:9)
    at invokeEventListeners (C:\Users\Admin\graceful_books\node_modules\jsdom\lib\jsdom\living\events\EventTarget-impl.js:286:3)
    at HTMLUnknownElementImpl._dispatch (C:\Users\Admin\graceful_books\node_modules\jsdom\lib\jsdom\living\events\EventTarget-impl.js:233:9)
    at HTMLUnknownElementImpl.dispatchEvent (C:\Users\Admin\graceful_books\node_modules\jsdom\lib\jsdom\living\events\EventTarget-impl.js:104:17)
    at HTMLUnknownElement.dispatchEvent (C:\Users\Admin\graceful_books\node_modules\jsdom\lib\jsdom\living\generated\EventTarget.js:241:34)
    at Object.invokeGuardedCallbackDev (C:\Users\Admin\graceful_books\node_modules\react-dom\cjs\react-dom.development.js:4213:16)
    at invokeGuardedCallback (C:\Users\Admin\graceful_books\node_modules\react-dom\cjs\react-dom.development.js:4277:31)
    at beginWork$1 (C:\Users\Admin\graceful_books\node_modules\react-dom\cjs\react-dom.development.js:27490:7)
    at performUnitOfWork (C:\Users\Admin\graceful_books\node_modules\react-dom\cjs\react-dom.development.js:26599:12) Error: useNavigate() may be used only in the context of a <Router> component.
    at Object.invariant [as UNSAFE_invariant] (C:\Users\Admin\graceful_books\node_modules\@remix-run\router\dist\router.cjs.js:315:11)
    at useNavigateUnstable (C:\Users\Admin\graceful_books\node_modules\react-router\dist\umd\react-router.development.js:223:36)
    at useNavigate (C:\Users\Admin\graceful_books\node_modules\react-router\dist\umd\react-router.development.js:220:48)
    at AccountCard (C:/Users/Admin/graceful_books/src/components/accounts/AccountCard.tsx:124:20)
    at renderWithHooks (C:\Users\Admin\graceful_books\node_modules\react-dom\cjs\react-dom.development.js:15486:18)
    at mountIndeterminateComponent (C:\Users\Admin\graceful_books\node_modules\react-dom\cjs\react-dom.development.js:20103:13)
    at beginWork (C:\Users\Admin\graceful_books\node_modules\react-dom\cjs\react-dom.development.js:21626:16)
    at HTMLUnknownElement.callCallback (C:\Users\Admin\graceful_books\node_modules\react-dom\cjs\react-dom.development.js:4164:14)
    at HTMLUnknownElement.callTheUserObjectsOperation (C:\Users\Admin\graceful_books\node_modules\jsdom\lib\jsdom\living\generated\EventListener.js:26:30)
    at innerInvokeEventListeners (C:\Users\Admin\graceful_books\node_modules\jsdom\lib\jsdom\living\events\EventTarget-impl.js:350:25)
Error: Uncaught [Error: useNavigate() may be used only in the context of a <Router> component.]
    at reportException (C:\Users\Admin\graceful_books\node_modules\jsdom\lib\jsdom\living\helpers\runtime-script-errors.js:66:24)
    at innerInvokeEventListeners (C:\Users\Admin\graceful_books\node_modules\jsdom\lib\jsdom\living\events\EventTarget-impl.js:353:9)
    at invokeEventListeners (C:\Users\Admin\graceful_books\node_modules\jsdom\lib\jsdom\living\events\EventTarget-impl.js:286:3)
    at HTMLUnknownElementImpl._dispatch (C:\Users\Admin\graceful_books\node_modules\jsdom\lib\jsdom\living\events\EventTarget-impl.js:233:9)
    at HTMLUnknownElementImpl.dispatchEvent (C:\Users\Admin\graceful_books\node_modules\jsdom\lib\jsdom\living\events\EventTarget-impl.js:104:17)
    at HTMLUnknownElement.dispatchEvent (C:\Users\Admin\graceful_books\node_modules\jsdom\lib\jsdom\living\generated\EventTarget.js:241:34)
    at Object.invokeGuardedCallbackDev (C:\Users\Admin\graceful_books\node_modules\react-dom\cjs\react-dom.development.js:4213:16)
    at invokeGuardedCallback (C:\Users\Admin\graceful_books\node_modules\react-dom\cjs\react-dom.development.js:4277:31)
    at beginWork$1 (C:\Users\Admin\graceful_books\node_modules\react-dom\cjs\react-dom.development.js:27490:7)
    at performUnitOfWork (C:\Users\Admin\graceful_books\node_modules\react-dom\cjs\react-dom.development.js:26599:12) Error: useNavigate() may be used only in the context of a <Router> component.
    at Object.invariant [as UNSAFE_invariant] (C:\Users\Admin\graceful_books\node_modules\@remix-run\router\dist\router.cjs.js:315:11)
    at useNavigateUnstable (C:\Users\Admin\graceful_books\node_modules\react-router\dist\umd\react-router.development.js:223:36)
    at useNavigate (C:\Users\Admin\graceful_books\node_modules\react-router\dist\umd\react-router.development.js:220:48)
    at AccountCard (C:/Users/Admin/graceful_books/src/components/accounts/AccountCard.tsx:124:20)
    at renderWithHooks (C:\Users\Admin\graceful_books\node_modules\react-dom\cjs\react-dom.development.js:15486:18)
    at mountIndeterminateComponent (C:\Users\Admin\graceful_books\node_modules\react-dom\cjs\react-dom.development.js:20103:13)
    at beginWork (C:\Users\Admin\graceful_books\node_modules\react-dom\cjs\react-dom.development.js:21626:16)
    at HTMLUnknownElement.callCallback (C:\Users\Admin\graceful_books\node_modules\react-dom\cjs\react-dom.development.js:4164:14)
    at HTMLUnknownElement.callTheUserObjectsOperation (C:\Users\Admin\graceful_books\node_modules\jsdom\lib\jsdom\living\generated\EventListener.js:26:30)
    at innerInvokeEventListeners (C:\Users\Admin\graceful_books\node_modules\jsdom\lib\jsdom\living\events\EventTarget-impl.js:350:25)
Error: Uncaught [Error: useNavigate() may be used only in the context of a <Router> component.]
    at reportException (C:\Users\Admin\graceful_books\node_modules\jsdom\lib\jsdom\living\helpers\runtime-script-errors.js:66:24)
    at innerInvokeEventListeners (C:\Users\Admin\graceful_books\node_modules\jsdom\lib\jsdom\living\events\EventTarget-impl.js:353:9)
    at invokeEventListeners (C:\Users\Admin\graceful_books\node_modules\jsdom\lib\jsdom\living\events\EventTarget-impl.js:286:3)
    at HTMLUnknownElementImpl._dispatch (C:\Users\Admin\graceful_books\node_modules\jsdom\lib\jsdom\living\events\EventTarget-impl.js:233:9)
    at HTMLUnknownElementImpl.dispatchEvent (C:\Users\Admin\graceful_books\node_modules\jsdom\lib\jsdom\living\events\EventTarget-impl.js:104:17)
    at HTMLUnknownElement.dispatchEvent (C:\Users\Admin\graceful_books\node_modules\jsdom\lib\jsdom\living\generated\EventTarget.js:241:34)
    at Object.invokeGuardedCallbackDev (C:\Users\Admin\graceful_books\node_modules\react-dom\cjs\react-dom.development.js:4213:16)
    at invokeGuardedCallback (C:\Users\Admin\graceful_books\node_modules\react-dom\cjs\react-dom.development.js:4277:31)
    at beginWork$1 (C:\Users\Admin\graceful_books\node_modules\react-dom\cjs\react-dom.development.js:27490:7)
    at performUnitOfWork (C:\Users\Admin\graceful_books\node_modules\react-dom\cjs\react-dom.development.js:26599:12) Error: useNavigate() may be used only in the context of a <Router> component.
    at Object.invariant [as UNSAFE_invariant] (C:\Users\Admin\graceful_books\node_modules\@remix-run\router\dist\router.cjs.js:315:11)
    at useNavigateUnstable (C:\Users\Admin\graceful_books\node_modules\react-router\dist\umd\react-router.development.js:223:36)
    at useNavigate (C:\Users\Admin\graceful_books\node_modules\react-router\dist\umd\react-router.development.js:220:48)
    at AccountCard (C:/Users/Admin/graceful_books/src/components/accounts/AccountCard.tsx:124:20)
    at renderWithHooks (C:\Users\Admin\graceful_books\node_modules\react-dom\cjs\react-dom.development.js:15486:18)
    at mountIndeterminateComponent (C:\Users\Admin\graceful_books\node_modules\react-dom\cjs\react-dom.development.js:20103:13)
    at beginWork (C:\Users\Admin\graceful_books\node_modules\react-dom\cjs\react-dom.development.js:21626:16)
    at HTMLUnknownElement.callCallback (C:\Users\Admin\graceful_books\node_modules\react-dom\cjs\react-dom.development.js:4164:14)
    at HTMLUnknownElement.callTheUserObjectsOperation (C:\Users\Admin\graceful_books\node_modules\jsdom\lib\jsdom\living\generated\EventListener.js:26:30)
    at innerInvokeEventListeners (C:\Users\Admin\graceful_books\node_modules\jsdom\lib\jsdom\living\events\EventTarget-impl.js:350:25)
Error: Uncaught [Error: useNavigate() may be used only in the context of a <Router> component.]
    at reportException (C:\Users\Admin\graceful_books\node_modules\jsdom\lib\jsdom\living\helpers\runtime-script-errors.js:66:24)
    at innerInvokeEventListeners (C:\Users\Admin\graceful_books\node_modules\jsdom\lib\jsdom\living\events\EventTarget-impl.js:353:9)
    at invokeEventListeners (C:\Users\Admin\graceful_books\node_modules\jsdom\lib\jsdom\living\events\EventTarget-impl.js:286:3)
    at HTMLUnknownElementImpl._dispatch (C:\Users\Admin\graceful_books\node_modules\jsdom\lib\jsdom\living\events\EventTarget-impl.js:233:9)
    at HTMLUnknownElementImpl.dispatchEvent (C:\Users\Admin\graceful_books\node_modules\jsdom\lib\jsdom\living\events\EventTarget-impl.js:104:17)
    at HTMLUnknownElement.dispatchEvent (C:\Users\Admin\graceful_books\node_modules\jsdom\lib\jsdom\living\generated\EventTarget.js:241:34)
    at Object.invokeGuardedCallbackDev (C:\Users\Admin\graceful_books\node_modules\react-dom\cjs\react-dom.development.js:4213:16)
    at invokeGuardedCallback (C:\Users\Admin\graceful_books\node_modules\react-dom\cjs\react-dom.development.js:4277:31)
    at beginWork$1 (C:\Users\Admin\graceful_books\node_modules\react-dom\cjs\react-dom.development.js:27490:7)
    at performUnitOfWork (C:\Users\Admin\graceful_books\node_modules\react-dom\cjs\react-dom.development.js:26599:12) Error: useNavigate() may be used only in the context of a <Router> component.
    at Object.invariant [as UNSAFE_invariant] (C:\Users\Admin\graceful_books\node_modules\@remix-run\router\dist\router.cjs.js:315:11)
    at useNavigateUnstable (C:\Users\Admin\graceful_books\node_modules\react-router\dist\umd\react-router.development.js:223:36)
    at useNavigate (C:\Users\Admin\graceful_books\node_modules\react-router\dist\umd\react-router.development.js:220:48)
    at AccountCard (C:/Users/Admin/graceful_books/src/components/accounts/AccountCard.tsx:124:20)
    at renderWithHooks (C:\Users\Admin\graceful_books\node_modules\react-dom\cjs\react-dom.development.js:15486:18)
    at mountIndeterminateComponent (C:\Users\Admin\graceful_books\node_modules\react-dom\cjs\react-dom.development.js:20103:13)
    at beginWork (C:\Users\Admin\graceful_books\node_modules\react-dom\cjs\react-dom.development.js:21626:16)
    at HTMLUnknownElement.callCallback (C:\Users\Admin\graceful_books\node_modules\react-dom\cjs\react-dom.development.js:4164:14)
    at HTMLUnknownElement.callTheUserObjectsOperation (C:\Users\Admin\graceful_books\node_modules\jsdom\lib\jsdom\living\generated\EventListener.js:26:30)
    at innerInvokeEventListeners (C:\Users\Admin\graceful_books\node_modules\jsdom\lib\jsdom\living\events\EventTarget-impl.js:350:25)
Error: Uncaught [Error: useNavigate() may be used only in the context of a <Router> component.]
    at reportException (C:\Users\Admin\graceful_books\node_modules\jsdom\lib\jsdom\living\helpers\runtime-script-errors.js:66:24)
    at innerInvokeEventListeners (C:\Users\Admin\graceful_books\node_modules\jsdom\lib\jsdom\living\events\EventTarget-impl.js:353:9)
    at invokeEventListeners (C:\Users\Admin\graceful_books\node_modules\jsdom\lib\jsdom\living\events\EventTarget-impl.js:286:3)
    at HTMLUnknownElementImpl._dispatch (C:\Users\Admin\graceful_books\node_modules\jsdom\lib\jsdom\living\events\EventTarget-impl.js:233:9)
    at HTMLUnknownElementImpl.dispatchEvent (C:\Users\Admin\graceful_books\node_modules\jsdom\lib\jsdom\living\events\EventTarget-impl.js:104:17)
    at HTMLUnknownElement.dispatchEvent (C:\Users\Admin\graceful_books\node_modules\jsdom\lib\jsdom\living\generated\EventTarget.js:241:34)
    at Object.invokeGuardedCallbackDev (C:\Users\Admin\graceful_books\node_modules\react-dom\cjs\react-dom.development.js:4213:16)
    at invokeGuardedCallback (C:\Users\Admin\graceful_books\node_modules\react-dom\cjs\react-dom.development.js:4277:31)
    at beginWork$1 (C:\Users\Admin\graceful_books\node_modules\react-dom\cjs\react-dom.development.js:27490:7)
    at performUnitOfWork (C:\Users\Admin\graceful_books\node_modules\react-dom\cjs\react-dom.development.js:26599:12) Error: useNavigate() may be used only in the context of a <Router> component.
    at Object.invariant [as UNSAFE_invariant] (C:\Users\Admin\graceful_books\node_modules\@remix-run\router\dist\router.cjs.js:315:11)
    at useNavigateUnstable (C:\Users\Admin\graceful_books\node_modules\react-router\dist\umd\react-router.development.js:223:36)
    at useNavigate (C:\Users\Admin\graceful_books\node_modules\react-router\dist\umd\react-router.development.js:220:48)
    at AccountCard (C:/Users/Admin/graceful_books/src/components/accounts/AccountCard.tsx:124:20)
    at renderWithHooks (C:\Users\Admin\graceful_books\node_modules\react-dom\cjs\react-dom.development.js:15486:18)
    at mountIndeterminateComponent (C:\Users\Admin\graceful_books\node_modules\react-dom\cjs\react-dom.development.js:20103:13)
    at beginWork (C:\Users\Admin\graceful_books\node_modules\react-dom\cjs\react-dom.development.js:21626:16)
    at HTMLUnknownElement.callCallback (C:\Users\Admin\graceful_books\node_modules\react-dom\cjs\react-dom.development.js:4164:14)
    at HTMLUnknownElement.callTheUserObjectsOperation (C:\Users\Admin\graceful_books\node_modules\jsdom\lib\jsdom\living\generated\EventListener.js:26:30)
    at innerInvokeEventListeners (C:\Users\Admin\graceful_books\node_modules\jsdom\lib\jsdom\living\events\EventTarget-impl.js:350:25)
Error: Uncaught [Error: useNavigate() may be used only in the context of a <Router> component.]
    at reportException (C:\Users\Admin\graceful_books\node_modules\jsdom\lib\jsdom\living\helpers\runtime-script-errors.js:66:24)
    at innerInvokeEventListeners (C:\Users\Admin\graceful_books\node_modules\jsdom\lib\jsdom\living\events\EventTarget-impl.js:353:9)
    at invokeEventListeners (C:\Users\Admin\graceful_books\node_modules\jsdom\lib\jsdom\living\events\EventTarget-impl.js:286:3)
    at HTMLUnknownElementImpl._dispatch (C:\Users\Admin\graceful_books\node_modules\jsdom\lib\jsdom\living\events\EventTarget-impl.js:233:9)
    at HTMLUnknownElementImpl.dispatchEvent (C:\Users\Admin\graceful_books\node_modules\jsdom\lib\jsdom\living\events\EventTarget-impl.js:104:17)
    at HTMLUnknownElement.dispatchEvent (C:\Users\Admin\graceful_books\node_modules\jsdom\lib\jsdom\living\generated\EventTarget.js:241:34)
    at Object.invokeGuardedCallbackDev (C:\Users\Admin\graceful_books\node_modules\react-dom\cjs\react-dom.development.js:4213:16)
    at invokeGuardedCallback (C:\Users\Admin\graceful_books\node_modules\react-dom\cjs\react-dom.development.js:4277:31)
    at beginWork$1 (C:\Users\Admin\graceful_books\node_modules\react-dom\cjs\react-dom.development.js:27490:7)
    at performUnitOfWork (C:\Users\Admin\graceful_books\node_modules\react-dom\cjs\react-dom.development.js:26599:12) Error: useNavigate() may be used only in the context of a <Router> component.
    at Object.invariant [as UNSAFE_invariant] (C:\Users\Admin\graceful_books\node_modules\@remix-run\router\dist\router.cjs.js:315:11)
    at useNavigateUnstable (C:\Users\Admin\graceful_books\node_modules\react-router\dist\umd\react-router.development.js:223:36)
    at useNavigate (C:\Users\Admin\graceful_books\node_modules\react-router\dist\umd\react-router.development.js:220:48)
    at AccountCard (C:/Users/Admin/graceful_books/src/components/accounts/AccountCard.tsx:124:20)
    at renderWithHooks (C:\Users\Admin\graceful_books\node_modules\react-dom\cjs\react-dom.development.js:15486:18)
    at mountIndeterminateComponent (C:\Users\Admin\graceful_books\node_modules\react-dom\cjs\react-dom.development.js:20103:13)
    at beginWork (C:\Users\Admin\graceful_books\node_modules\react-dom\cjs\react-dom.development.js:21626:16)
    at HTMLUnknownElement.callCallback (C:\Users\Admin\graceful_books\node_modules\react-dom\cjs\react-dom.development.js:4164:14)
    at HTMLUnknownElement.callTheUserObjectsOperation (C:\Users\Admin\graceful_books\node_modules\jsdom\lib\jsdom\living\generated\EventListener.js:26:30)
    at innerInvokeEventListeners (C:\Users\Admin\graceful_books\node_modules\jsdom\lib\jsdom\living\events\EventTarget-impl.js:350:25)
Error: Uncaught [Error: useNavigate() may be used only in the context of a <Router> component.]
    at reportException (C:\Users\Admin\graceful_books\node_modules\jsdom\lib\jsdom\living\helpers\runtime-script-errors.js:66:24)
    at innerInvokeEventListeners (C:\Users\Admin\graceful_books\node_modules\jsdom\lib\jsdom\living\events\EventTarget-impl.js:353:9)
    at invokeEventListeners (C:\Users\Admin\graceful_books\node_modules\jsdom\lib\jsdom\living\events\EventTarget-impl.js:286:3)
    at HTMLUnknownElementImpl._dispatch (C:\Users\Admin\graceful_books\node_modules\jsdom\lib\jsdom\living\events\EventTarget-impl.js:233:9)
    at HTMLUnknownElementImpl.dispatchEvent (C:\Users\Admin\graceful_books\node_modules\jsdom\lib\jsdom\living\events\EventTarget-impl.js:104:17)
    at HTMLUnknownElement.dispatchEvent (C:\Users\Admin\graceful_books\node_modules\jsdom\lib\jsdom\living\generated\EventTarget.js:241:34)
    at Object.invokeGuardedCallbackDev (C:\Users\Admin\graceful_books\node_modules\react-dom\cjs\react-dom.development.js:4213:16)
    at invokeGuardedCallback (C:\Users\Admin\graceful_books\node_modules\react-dom\cjs\react-dom.development.js:4277:31)
    at beginWork$1 (C:\Users\Admin\graceful_books\node_modules\react-dom\cjs\react-dom.development.js:27490:7)
    at performUnitOfWork (C:\Users\Admin\graceful_books\node_modules\react-dom\cjs\react-dom.development.js:26599:12) Error: useNavigate() may be used only in the context of a <Router> component.
    at Object.invariant [as UNSAFE_invariant] (C:\Users\Admin\graceful_books\node_modules\@remix-run\router\dist\router.cjs.js:315:11)
    at useNavigateUnstable (C:\Users\Admin\graceful_books\node_modules\react-router\dist\umd\react-router.development.js:223:36)
    at useNavigate (C:\Users\Admin\graceful_books\node_modules\react-router\dist\umd\react-router.development.js:220:48)
    at AccountCard (C:/Users/Admin/graceful_books/src/components/accounts/AccountCard.tsx:124:20)
    at renderWithHooks (C:\Users\Admin\graceful_books\node_modules\react-dom\cjs\react-dom.development.js:15486:18)
    at mountIndeterminateComponent (C:\Users\Admin\graceful_books\node_modules\react-dom\cjs\react-dom.development.js:20103:13)
    at beginWork (C:\Users\Admin\graceful_books\node_modules\react-dom\cjs\react-dom.development.js:21626:16)
    at HTMLUnknownElement.callCallback (C:\Users\Admin\graceful_books\node_modules\react-dom\cjs\react-dom.development.js:4164:14)
    at HTMLUnknownElement.callTheUserObjectsOperation (C:\Users\Admin\graceful_books\node_modules\jsdom\lib\jsdom\living\generated\EventListener.js:26:30)
    at innerInvokeEventListeners (C:\Users\Admin\graceful_books\node_modules\jsdom\lib\jsdom\living\events\EventTarget-impl.js:350:25)
stderr | src/components/accounts/AccountCard.test.tsx > AccountCard Component > rendering > should hide description in compact variant
The above error occurred in the <AccountCard> component:

    at AccountCard (C:/Users/Admin/graceful_books/src/components/accounts/AccountCard.tsx:29:3)

Consider adding an error boundary to your tree to customize error handling behavior.
Visit https://reactjs.org/link/error-boundaries to learn more about error boundaries.

stderr | src/components/accounts/AccountCard.test.tsx > AccountCard Component > rendering > should render inactive badge when account is inactive
The above error occurred in the <AccountCard> component:

    at AccountCard (C:/Users/Admin/graceful_books/src/components/accounts/AccountCard.tsx:29:3)

Consider adding an error boundary to your tree to customize error handling behavior.
Visit https://reactjs.org/link/error-boundaries to learn more about error boundaries.

stderr | src/components/accounts/AccountCard.test.tsx > AccountCard Component > rendering > should not render inactive badge when account is active
The above error occurred in the <AccountCard> component:

    at AccountCard (C:/Users/Admin/graceful_books/src/components/accounts/AccountCard.tsx:29:3)

Consider adding an error boundary to your tree to customize error handling behavior.
Visit https://reactjs.org/link/error-boundaries to learn more about error boundaries.

stderr | src/components/accounts/AccountCard.test.tsx > AccountCard Component > rendering > should render parent account name when provided
The above error occurred in the <AccountCard> component:

    at AccountCard (C:/Users/Admin/graceful_books/src/components/accounts/AccountCard.tsx:29:3)

Consider adding an error boundary to your tree to customize error handling behavior.
Visit https://reactjs.org/link/error-boundaries to learn more about error boundaries.

stderr | src/components/accounts/AccountCard.test.tsx > AccountCard Component > rendering > should render sub-type when provided
The above error occurred in the <AccountCard> component:

    at AccountCard (C:/Users/Admin/graceful_books/src/components/accounts/AccountCard.tsx:29:3)

Consider adding an error boundary to your tree to customize error handling behavior.
Visit https://reactjs.org/link/error-boundaries to learn more about error boundaries.

Error: Uncaught [Error: useNavigate() may be used only in the context of a <Router> component.]
    at reportException (C:\Users\Admin\graceful_books\node_modules\jsdom\lib\jsdom\living\helpers\runtime-script-errors.js:66:24)
    at innerInvokeEventListeners (C:\Users\Admin\graceful_books\node_modules\jsdom\lib\jsdom\living\events\EventTarget-impl.js:353:9)
    at invokeEventListeners (C:\Users\Admin\graceful_books\node_modules\jsdom\lib\jsdom\living\events\EventTarget-impl.js:286:3)
    at HTMLUnknownElementImpl._dispatch (C:\Users\Admin\graceful_books\node_modules\jsdom\lib\jsdom\living\events\EventTarget-impl.js:233:9)
    at HTMLUnknownElementImpl.dispatchEvent (C:\Users\Admin\graceful_books\node_modules\jsdom\lib\jsdom\living\events\EventTarget-impl.js:104:17)
    at HTMLUnknownElement.dispatchEvent (C:\Users\Admin\graceful_books\node_modules\jsdom\lib\jsdom\living\generated\EventTarget.js:241:34)
    at Object.invokeGuardedCallbackDev (C:\Users\Admin\graceful_books\node_modules\react-dom\cjs\react-dom.development.js:4213:16)
    at invokeGuardedCallback (C:\Users\Admin\graceful_books\node_modules\react-dom\cjs\react-dom.development.js:4277:31)
    at beginWork$1 (C:\Users\Admin\graceful_books\node_modules\react-dom\cjs\react-dom.development.js:27490:7)
    at performUnitOfWork (C:\Users\Admin\graceful_books\node_modules\react-dom\cjs\react-dom.development.js:26599:12) Error: useNavigate() may be used only in the context of a <Router> component.
    at Object.invariant [as UNSAFE_invariant] (C:\Users\Admin\graceful_books\node_modules\@remix-run\router\dist\router.cjs.js:315:11)
    at useNavigateUnstable (C:\Users\Admin\graceful_books\node_modules\react-router\dist\umd\react-router.development.js:223:36)
    at useNavigate (C:\Users\Admin\graceful_books\node_modules\react-router\dist\umd\react-router.development.js:220:48)
    at AccountCard (C:/Users/Admin/graceful_books/src/components/accounts/AccountCard.tsx:124:20)
    at renderWithHooks (C:\Users\Admin\graceful_books\node_modules\react-dom\cjs\react-dom.development.js:15486:18)
    at mountIndeterminateComponent (C:\Users\Admin\graceful_books\node_modules\react-dom\cjs\react-dom.development.js:20103:13)
    at beginWork (C:\Users\Admin\graceful_books\node_modules\react-dom\cjs\react-dom.development.js:21626:16)
    at HTMLUnknownElement.callCallback (C:\Users\Admin\graceful_books\node_modules\react-dom\cjs\react-dom.development.js:4164:14)
    at HTMLUnknownElement.callTheUserObjectsOperation (C:\Users\Admin\graceful_books\node_modules\jsdom\lib\jsdom\living\generated\EventListener.js:26:30)
    at innerInvokeEventListeners (C:\Users\Admin\graceful_books\node_modules\jsdom\lib\jsdom\living\events\EventTarget-impl.js:350:25)
Error: Uncaught [Error: useNavigate() may be used only in the context of a <Router> component.]
    at reportException (C:\Users\Admin\graceful_books\node_modules\jsdom\lib\jsdom\living\helpers\runtime-script-errors.js:66:24)
    at innerInvokeEventListeners (C:\Users\Admin\graceful_books\node_modules\jsdom\lib\jsdom\living\events\EventTarget-impl.js:353:9)
    at invokeEventListeners (C:\Users\Admin\graceful_books\node_modules\jsdom\lib\jsdom\living\events\EventTarget-impl.js:286:3)
    at HTMLUnknownElementImpl._dispatch (C:\Users\Admin\graceful_books\node_modules\jsdom\lib\jsdom\living\events\EventTarget-impl.js:233:9)
    at HTMLUnknownElementImpl.dispatchEvent (C:\Users\Admin\graceful_books\node_modules\jsdom\lib\jsdom\living\events\EventTarget-impl.js:104:17)
    at HTMLUnknownElement.dispatchEvent (C:\Users\Admin\graceful_books\node_modules\jsdom\lib\jsdom\living\generated\EventTarget.js:241:34)
    at Object.invokeGuardedCallbackDev (C:\Users\Admin\graceful_books\node_modules\react-dom\cjs\react-dom.development.js:4213:16)
    at invokeGuardedCallback (C:\Users\Admin\graceful_books\node_modules\react-dom\cjs\react-dom.development.js:4277:31)
    at beginWork$1 (C:\Users\Admin\graceful_books\node_modules\react-dom\cjs\react-dom.development.js:27490:7)
    at performUnitOfWork (C:\Users\Admin\graceful_books\node_modules\react-dom\cjs\react-dom.development.js:26599:12) Error: useNavigate() may be used only in the context of a <Router> component.
    at Object.invariant [as UNSAFE_invariant] (C:\Users\Admin\graceful_books\node_modules\@remix-run\router\dist\router.cjs.js:315:11)
    at useNavigateUnstable (C:\Users\Admin\graceful_books\node_modules\react-router\dist\umd\react-router.development.js:223:36)
    at useNavigate (C:\Users\Admin\graceful_books\node_modules\react-router\dist\umd\react-router.development.js:220:48)
    at AccountCard (C:/Users/Admin/graceful_books/src/components/accounts/AccountCard.tsx:124:20)
    at renderWithHooks (C:\Users\Admin\graceful_books\node_modules\react-dom\cjs\react-dom.development.js:15486:18)
    at mountIndeterminateComponent (C:\Users\Admin\graceful_books\node_modules\react-dom\cjs\react-dom.development.js:20103:13)
    at beginWork (C:\Users\Admin\graceful_books\node_modules\react-dom\cjs\react-dom.development.js:21626:16)
    at HTMLUnknownElement.callCallback (C:\Users\Admin\graceful_books\node_modules\react-dom\cjs\react-dom.development.js:4164:14)
    at HTMLUnknownElement.callTheUserObjectsOperation (C:\Users\Admin\graceful_books\node_modules\jsdom\lib\jsdom\living\generated\EventListener.js:26:30)
    at innerInvokeEventListeners (C:\Users\Admin\graceful_books\node_modules\jsdom\lib\jsdom\living\events\EventTarget-impl.js:350:25)
Error: Uncaught [Error: useNavigate() may be used only in the context of a <Router> component.]
    at reportException (C:\Users\Admin\graceful_books\node_modules\jsdom\lib\jsdom\living\helpers\runtime-script-errors.js:66:24)
    at innerInvokeEventListeners (C:\Users\Admin\graceful_books\node_modules\jsdom\lib\jsdom\living\events\EventTarget-impl.js:353:9)
    at invokeEventListeners (C:\Users\Admin\graceful_books\node_modules\jsdom\lib\jsdom\living\events\EventTarget-impl.js:286:3)
    at HTMLUnknownElementImpl._dispatch (C:\Users\Admin\graceful_books\node_modules\jsdom\lib\jsdom\living\events\EventTarget-impl.js:233:9)
    at HTMLUnknownElementImpl.dispatchEvent (C:\Users\Admin\graceful_books\node_modules\jsdom\lib\jsdom\living\events\EventTarget-impl.js:104:17)
    at HTMLUnknownElement.dispatchEvent (C:\Users\Admin\graceful_books\node_modules\jsdom\lib\jsdom\living\generated\EventTarget.js:241:34)
    at Object.invokeGuardedCallbackDev (C:\Users\Admin\graceful_books\node_modules\react-dom\cjs\react-dom.development.js:4213:16)
    at invokeGuardedCallback (C:\Users\Admin\graceful_books\node_modules\react-dom\cjs\react-dom.development.js:4277:31)
    at beginWork$1 (C:\Users\Admin\graceful_books\node_modules\react-dom\cjs\react-dom.development.js:27490:7)
    at performUnitOfWork (C:\Users\Admin\graceful_books\node_modules\react-dom\cjs\react-dom.development.js:26599:12) Error: useNavigate() may be used only in the context of a <Router> component.
    at Object.invariant [as UNSAFE_invariant] (C:\Users\Admin\graceful_books\node_modules\@remix-run\router\dist\router.cjs.js:315:11)
    at useNavigateUnstable (C:\Users\Admin\graceful_books\node_modules\react-router\dist\umd\react-router.development.js:223:36)
    at useNavigate (C:\Users\Admin\graceful_books\node_modules\react-router\dist\umd\react-router.development.js:220:48)
    at AccountCard (C:/Users/Admin/graceful_books/src/components/accounts/AccountCard.tsx:124:20)
    at renderWithHooks (C:\Users\Admin\graceful_books\node_modules\react-dom\cjs\react-dom.development.js:15486:18)
    at mountIndeterminateComponent (C:\Users\Admin\graceful_books\node_modules\react-dom\cjs\react-dom.development.js:20103:13)
    at beginWork (C:\Users\Admin\graceful_books\node_modules\react-dom\cjs\react-dom.development.js:21626:16)
    at HTMLUnknownElement.callCallback (C:\Users\Admin\graceful_books\node_modules\react-dom\cjs\react-dom.development.js:4164:14)
    at HTMLUnknownElement.callTheUserObjectsOperation (C:\Users\Admin\graceful_books\node_modules\jsdom\lib\jsdom\living\generated\EventListener.js:26:30)
    at innerInvokeEventListeners (C:\Users\Admin\graceful_books\node_modules\jsdom\lib\jsdom\living\events\EventTarget-impl.js:350:25)
Error: Uncaught [Error: useNavigate() may be used only in the context of a <Router> component.]
    at reportException (C:\Users\Admin\graceful_books\node_modules\jsdom\lib\jsdom\living\helpers\runtime-script-errors.js:66:24)
    at innerInvokeEventListeners (C:\Users\Admin\graceful_books\node_modules\jsdom\lib\jsdom\living\events\EventTarget-impl.js:353:9)
    at invokeEventListeners (C:\Users\Admin\graceful_books\node_modules\jsdom\lib\jsdom\living\events\EventTarget-impl.js:286:3)
    at HTMLUnknownElementImpl._dispatch (C:\Users\Admin\graceful_books\node_modules\jsdom\lib\jsdom\living\events\EventTarget-impl.js:233:9)
    at HTMLUnknownElementImpl.dispatchEvent (C:\Users\Admin\graceful_books\node_modules\jsdom\lib\jsdom\living\events\EventTarget-impl.js:104:17)
    at HTMLUnknownElement.dispatchEvent (C:\Users\Admin\graceful_books\node_modules\jsdom\lib\jsdom\living\generated\EventTarget.js:241:34)
    at Object.invokeGuardedCallbackDev (C:\Users\Admin\graceful_books\node_modules\react-dom\cjs\react-dom.development.js:4213:16)
    at invokeGuardedCallback (C:\Users\Admin\graceful_books\node_modules\react-dom\cjs\react-dom.development.js:4277:31)
    at beginWork$1 (C:\Users\Admin\graceful_books\node_modules\react-dom\cjs\react-dom.development.js:27490:7)
    at performUnitOfWork (C:\Users\Admin\graceful_books\node_modules\react-dom\cjs\react-dom.development.js:26599:12) Error: useNavigate() may be used only in the context of a <Router> component.
    at Object.invariant [as UNSAFE_invariant] (C:\Users\Admin\graceful_books\node_modules\@remix-run\router\dist\router.cjs.js:315:11)
    at useNavigateUnstable (C:\Users\Admin\graceful_books\node_modules\react-router\dist\umd\react-router.development.js:223:36)
    at useNavigate (C:\Users\Admin\graceful_books\node_modules\react-router\dist\umd\react-router.development.js:220:48)
    at AccountCard (C:/Users/Admin/graceful_books/src/components/accounts/AccountCard.tsx:124:20)
    at renderWithHooks (C:\Users\Admin\graceful_books\node_modules\react-dom\cjs\react-dom.development.js:15486:18)
    at mountIndeterminateComponent (C:\Users\Admin\graceful_books\node_modules\react-dom\cjs\react-dom.development.js:20103:13)
    at beginWork (C:\Users\Admin\graceful_books\node_modules\react-dom\cjs\react-dom.development.js:21626:16)
    at HTMLUnknownElement.callCallback (C:\Users\Admin\graceful_books\node_modules\react-dom\cjs\react-dom.development.js:4164:14)
    at HTMLUnknownElement.callTheUserObjectsOperation (C:\Users\Admin\graceful_books\node_modules\jsdom\lib\jsdom\living\generated\EventListener.js:26:30)
    at innerInvokeEventListeners (C:\Users\Admin\graceful_books\node_modules\jsdom\lib\jsdom\living\events\EventTarget-impl.js:350:25)
Error: Uncaught [Error: useNavigate() may be used only in the context of a <Router> component.]
    at reportException (C:\Users\Admin\graceful_books\node_modules\jsdom\lib\jsdom\living\helpers\runtime-script-errors.js:66:24)
    at innerInvokeEventListeners (C:\Users\Admin\graceful_books\node_modules\jsdom\lib\jsdom\living\events\EventTarget-impl.js:353:9)
    at invokeEventListeners (C:\Users\Admin\graceful_books\node_modules\jsdom\lib\jsdom\living\events\EventTarget-impl.js:286:3)
    at HTMLUnknownElementImpl._dispatch (C:\Users\Admin\graceful_books\node_modules\jsdom\lib\jsdom\living\events\EventTarget-impl.js:233:9)
    at HTMLUnknownElementImpl.dispatchEvent (C:\Users\Admin\graceful_books\node_modules\jsdom\lib\jsdom\living\events\EventTarget-impl.js:104:17)
    at HTMLUnknownElement.dispatchEvent (C:\Users\Admin\graceful_books\node_modules\jsdom\lib\jsdom\living\generated\EventTarget.js:241:34)
    at Object.invokeGuardedCallbackDev (C:\Users\Admin\graceful_books\node_modules\react-dom\cjs\react-dom.development.js:4213:16)
    at invokeGuardedCallback (C:\Users\Admin\graceful_books\node_modules\react-dom\cjs\react-dom.development.js:4277:31)
    at beginWork$1 (C:\Users\Admin\graceful_books\node_modules\react-dom\cjs\react-dom.development.js:27490:7)
    at performUnitOfWork (C:\Users\Admin\graceful_books\node_modules\react-dom\cjs\react-dom.development.js:26599:12) Error: useNavigate() may be used only in the context of a <Router> component.
    at Object.invariant [as UNSAFE_invariant] (C:\Users\Admin\graceful_books\node_modules\@remix-run\router\dist\router.cjs.js:315:11)
    at useNavigateUnstable (C:\Users\Admin\graceful_books\node_modules\react-router\dist\umd\react-router.development.js:223:36)
    at useNavigate (C:\Users\Admin\graceful_books\node_modules\react-router\dist\umd\react-router.development.js:220:48)
    at AccountCard (C:/Users/Admin/graceful_books/src/components/accounts/AccountCard.tsx:124:20)
    at renderWithHooks (C:\Users\Admin\graceful_books\node_modules\react-dom\cjs\react-dom.development.js:15486:18)
    at mountIndeterminateComponent (C:\Users\Admin\graceful_books\node_modules\react-dom\cjs\react-dom.development.js:20103:13)
    at beginWork (C:\Users\Admin\graceful_books\node_modules\react-dom\cjs\react-dom.development.js:21626:16)
    at HTMLUnknownElement.callCallback (C:\Users\Admin\graceful_books\node_modules\react-dom\cjs\react-dom.development.js:4164:14)
    at HTMLUnknownElement.callTheUserObjectsOperation (C:\Users\Admin\graceful_books\node_modules\jsdom\lib\jsdom\living\generated\EventListener.js:26:30)
    at innerInvokeEventListeners (C:\Users\Admin\graceful_books\node_modules\jsdom\lib\jsdom\living\events\EventTarget-impl.js:350:25)
Error: Uncaught [Error: useNavigate() may be used only in the context of a <Router> component.]
    at reportException (C:\Users\Admin\graceful_books\node_modules\jsdom\lib\jsdom\living\helpers\runtime-script-errors.js:66:24)
    at innerInvokeEventListeners (C:\Users\Admin\graceful_books\node_modules\jsdom\lib\jsdom\living\events\EventTarget-impl.js:353:9)
    at invokeEventListeners (C:\Users\Admin\graceful_books\node_modules\jsdom\lib\jsdom\living\events\EventTarget-impl.js:286:3)
    at HTMLUnknownElementImpl._dispatch (C:\Users\Admin\graceful_books\node_modules\jsdom\lib\jsdom\living\events\EventTarget-impl.js:233:9)
    at HTMLUnknownElementImpl.dispatchEvent (C:\Users\Admin\graceful_books\node_modules\jsdom\lib\jsdom\living\events\EventTarget-impl.js:104:17)
    at HTMLUnknownElement.dispatchEvent (C:\Users\Admin\graceful_books\node_modules\jsdom\lib\jsdom\living\generated\EventTarget.js:241:34)
    at Object.invokeGuardedCallbackDev (C:\Users\Admin\graceful_books\node_modules\react-dom\cjs\react-dom.development.js:4213:16)
    at invokeGuardedCallback (C:\Users\Admin\graceful_books\node_modules\react-dom\cjs\react-dom.development.js:4277:31)
    at beginWork$1 (C:\Users\Admin\graceful_books\node_modules\react-dom\cjs\react-dom.development.js:27490:7)
    at performUnitOfWork (C:\Users\Admin\graceful_books\node_modules\react-dom\cjs\react-dom.development.js:26599:12) Error: useNavigate() may be used only in the context of a <Router> component.
    at Object.invariant [as UNSAFE_invariant] (C:\Users\Admin\graceful_books\node_modules\@remix-run\router\dist\router.cjs.js:315:11)
    at useNavigateUnstable (C:\Users\Admin\graceful_books\node_modules\react-router\dist\umd\react-router.development.js:223:36)
    at useNavigate (C:\Users\Admin\graceful_books\node_modules\react-router\dist\umd\react-router.development.js:220:48)
    at AccountCard (C:/Users/Admin/graceful_books/src/components/accounts/AccountCard.tsx:124:20)
    at renderWithHooks (C:\Users\Admin\graceful_books\node_modules\react-dom\cjs\react-dom.development.js:15486:18)
    at mountIndeterminateComponent (C:\Users\Admin\graceful_books\node_modules\react-dom\cjs\react-dom.development.js:20103:13)
    at beginWork (C:\Users\Admin\graceful_books\node_modules\react-dom\cjs\react-dom.development.js:21626:16)
    at HTMLUnknownElement.callCallback (C:\Users\Admin\graceful_books\node_modules\react-dom\cjs\react-dom.development.js:4164:14)
    at HTMLUnknownElement.callTheUserObjectsOperation (C:\Users\Admin\graceful_books\node_modules\jsdom\lib\jsdom\living\generated\EventListener.js:26:30)
    at innerInvokeEventListeners (C:\Users\Admin\graceful_books\node_modules\jsdom\lib\jsdom\living\events\EventTarget-impl.js:350:25)
Error: Uncaught [Error: useNavigate() may be used only in the context of a <Router> component.]
    at reportException (C:\Users\Admin\graceful_books\node_modules\jsdom\lib\jsdom\living\helpers\runtime-script-errors.js:66:24)
    at innerInvokeEventListeners (C:\Users\Admin\graceful_books\node_modules\jsdom\lib\jsdom\living\events\EventTarget-impl.js:353:9)
    at invokeEventListeners (C:\Users\Admin\graceful_books\node_modules\jsdom\lib\jsdom\living\events\EventTarget-impl.js:286:3)
    at HTMLUnknownElementImpl._dispatch (C:\Users\Admin\graceful_books\node_modules\jsdom\lib\jsdom\living\events\EventTarget-impl.js:233:9)
    at HTMLUnknownElementImpl.dispatchEvent (C:\Users\Admin\graceful_books\node_modules\jsdom\lib\jsdom\living\events\EventTarget-impl.js:104:17)
    at HTMLUnknownElement.dispatchEvent (C:\Users\Admin\graceful_books\node_modules\jsdom\lib\jsdom\living\generated\EventTarget.js:241:34)
    at Object.invokeGuardedCallbackDev (C:\Users\Admin\graceful_books\node_modules\react-dom\cjs\react-dom.development.js:4213:16)
    at invokeGuardedCallback (C:\Users\Admin\graceful_books\node_modules\react-dom\cjs\react-dom.development.js:4277:31)
    at beginWork$1 (C:\Users\Admin\graceful_books\node_modules\react-dom\cjs\react-dom.development.js:27490:7)
    at performUnitOfWork (C:\Users\Admin\graceful_books\node_modules\react-dom\cjs\react-dom.development.js:26599:12) Error: useNavigate() may be used only in the context of a <Router> component.
    at Object.invariant [as UNSAFE_invariant] (C:\Users\Admin\graceful_books\node_modules\@remix-run\router\dist\router.cjs.js:315:11)
    at useNavigateUnstable (C:\Users\Admin\graceful_books\node_modules\react-router\dist\umd\react-router.development.js:223:36)
    at useNavigate (C:\Users\Admin\graceful_books\node_modules\react-router\dist\umd\react-router.development.js:220:48)
    at AccountCard (C:/Users/Admin/graceful_books/src/components/accounts/AccountCard.tsx:124:20)
    at renderWithHooks (C:\Users\Admin\graceful_books\node_modules\react-dom\cjs\react-dom.development.js:15486:18)
    at mountIndeterminateComponent (C:\Users\Admin\graceful_books\node_modules\react-dom\cjs\react-dom.development.js:20103:13)
    at beginWork (C:\Users\Admin\graceful_books\node_modules\react-dom\cjs\react-dom.development.js:21626:16)
    at HTMLUnknownElement.callCallback (C:\Users\Admin\graceful_books\node_modules\react-dom\cjs\react-dom.development.js:4164:14)
    at HTMLUnknownElement.callTheUserObjectsOperation (C:\Users\Admin\graceful_books\node_modules\jsdom\lib\jsdom\living\generated\EventListener.js:26:30)
    at innerInvokeEventListeners (C:\Users\Admin\graceful_books\node_modules\jsdom\lib\jsdom\living\events\EventTarget-impl.js:350:25)
Error: Uncaught [Error: useNavigate() may be used only in the context of a <Router> component.]
    at reportException (C:\Users\Admin\graceful_books\node_modules\jsdom\lib\jsdom\living\helpers\runtime-script-errors.js:66:24)
    at innerInvokeEventListeners (C:\Users\Admin\graceful_books\node_modules\jsdom\lib\jsdom\living\events\EventTarget-impl.js:353:9)
    at invokeEventListeners (C:\Users\Admin\graceful_books\node_modules\jsdom\lib\jsdom\living\events\EventTarget-impl.js:286:3)
    at HTMLUnknownElementImpl._dispatch (C:\Users\Admin\graceful_books\node_modules\jsdom\lib\jsdom\living\events\EventTarget-impl.js:233:9)
    at HTMLUnknownElementImpl.dispatchEvent (C:\Users\Admin\graceful_books\node_modules\jsdom\lib\jsdom\living\events\EventTarget-impl.js:104:17)
    at HTMLUnknownElement.dispatchEvent (C:\Users\Admin\graceful_books\node_modules\jsdom\lib\jsdom\living\generated\EventTarget.js:241:34)
    at Object.invokeGuardedCallbackDev (C:\Users\Admin\graceful_books\node_modules\react-dom\cjs\react-dom.development.js:4213:16)
    at invokeGuardedCallback (C:\Users\Admin\graceful_books\node_modules\react-dom\cjs\react-dom.development.js:4277:31)
    at beginWork$1 (C:\Users\Admin\graceful_books\node_modules\react-dom\cjs\react-dom.development.js:27490:7)
    at performUnitOfWork (C:\Users\Admin\graceful_books\node_modules\react-dom\cjs\react-dom.development.js:26599:12) Error: useNavigate() may be used only in the context of a <Router> component.
    at Object.invariant [as UNSAFE_invariant] (C:\Users\Admin\graceful_books\node_modules\@remix-run\router\dist\router.cjs.js:315:11)
    at useNavigateUnstable (C:\Users\Admin\graceful_books\node_modules\react-router\dist\umd\react-router.development.js:223:36)
    at useNavigate (C:\Users\Admin\graceful_books\node_modules\react-router\dist\umd\react-router.development.js:220:48)
    at AccountCard (C:/Users/Admin/graceful_books/src/components/accounts/AccountCard.tsx:124:20)
    at renderWithHooks (C:\Users\Admin\graceful_books\node_modules\react-dom\cjs\react-dom.development.js:15486:18)
    at mountIndeterminateComponent (C:\Users\Admin\graceful_books\node_modules\react-dom\cjs\react-dom.development.js:20103:13)
    at beginWork (C:\Users\Admin\graceful_books\node_modules\react-dom\cjs\react-dom.development.js:21626:16)
    at HTMLUnknownElement.callCallback (C:\Users\Admin\graceful_books\node_modules\react-dom\cjs\react-dom.development.js:4164:14)
    at HTMLUnknownElement.callTheUserObjectsOperation (C:\Users\Admin\graceful_books\node_modules\jsdom\lib\jsdom\living\generated\EventListener.js:26:30)
    at innerInvokeEventListeners (C:\Users\Admin\graceful_books\node_modules\jsdom\lib\jsdom\living\events\EventTarget-impl.js:350:25)
Error: Uncaught [Error: useNavigate() may be used only in the context of a <Router> component.]
    at reportException (C:\Users\Admin\graceful_books\node_modules\jsdom\lib\jsdom\living\helpers\runtime-script-errors.js:66:24)
    at innerInvokeEventListeners (C:\Users\Admin\graceful_books\node_modules\jsdom\lib\jsdom\living\events\EventTarget-impl.js:353:9)
    at invokeEventListeners (C:\Users\Admin\graceful_books\node_modules\jsdom\lib\jsdom\living\events\EventTarget-impl.js:286:3)
    at HTMLUnknownElementImpl._dispatch (C:\Users\Admin\graceful_books\node_modules\jsdom\lib\jsdom\living\events\EventTarget-impl.js:233:9)
    at HTMLUnknownElementImpl.dispatchEvent (C:\Users\Admin\graceful_books\node_modules\jsdom\lib\jsdom\living\events\EventTarget-impl.js:104:17)
    at HTMLUnknownElement.dispatchEvent (C:\Users\Admin\graceful_books\node_modules\jsdom\lib\jsdom\living\generated\EventTarget.js:241:34)
    at Object.invokeGuardedCallbackDev (C:\Users\Admin\graceful_books\node_modules\react-dom\cjs\react-dom.development.js:4213:16)
    at invokeGuardedCallback (C:\Users\Admin\graceful_books\node_modules\react-dom\cjs\react-dom.development.js:4277:31)
    at beginWork$1 (C:\Users\Admin\graceful_books\node_modules\react-dom\cjs\react-dom.development.js:27490:7)
    at performUnitOfWork (C:\Users\Admin\graceful_books\node_modules\react-dom\cjs\react-dom.development.js:26599:12) Error: useNavigate() may be used only in the context of a <Router> component.
    at Object.invariant [as UNSAFE_invariant] (C:\Users\Admin\graceful_books\node_modules\@remix-run\router\dist\router.cjs.js:315:11)
    at useNavigateUnstable (C:\Users\Admin\graceful_books\node_modules\react-router\dist\umd\react-router.development.js:223:36)
    at useNavigate (C:\Users\Admin\graceful_books\node_modules\react-router\dist\umd\react-router.development.js:220:48)
    at AccountCard (C:/Users/Admin/graceful_books/src/components/accounts/AccountCard.tsx:124:20)
    at renderWithHooks (C:\Users\Admin\graceful_books\node_modules\react-dom\cjs\react-dom.development.js:15486:18)
    at mountIndeterminateComponent (C:\Users\Admin\graceful_books\node_modules\react-dom\cjs\react-dom.development.js:20103:13)
    at beginWork (C:\Users\Admin\graceful_books\node_modules\react-dom\cjs\react-dom.development.js:21626:16)
    at HTMLUnknownElement.callCallback (C:\Users\Admin\graceful_books\node_modules\react-dom\cjs\react-dom.development.js:4164:14)
    at HTMLUnknownElement.callTheUserObjectsOperation (C:\Users\Admin\graceful_books\node_modules\jsdom\lib\jsdom\living\generated\EventListener.js:26:30)
    at innerInvokeEventListeners (C:\Users\Admin\graceful_books\node_modules\jsdom\lib\jsdom\living\events\EventTarget-impl.js:350:25)
Error: Uncaught [Error: useNavigate() may be used only in the context of a <Router> component.]
    at reportException (C:\Users\Admin\graceful_books\node_modules\jsdom\lib\jsdom\living\helpers\runtime-script-errors.js:66:24)
    at innerInvokeEventListeners (C:\Users\Admin\graceful_books\node_modules\jsdom\lib\jsdom\living\events\EventTarget-impl.js:353:9)
    at invokeEventListeners (C:\Users\Admin\graceful_books\node_modules\jsdom\lib\jsdom\living\events\EventTarget-impl.js:286:3)
    at HTMLUnknownElementImpl._dispatch (C:\Users\Admin\graceful_books\node_modules\jsdom\lib\jsdom\living\events\EventTarget-impl.js:233:9)
    at HTMLUnknownElementImpl.dispatchEvent (C:\Users\Admin\graceful_books\node_modules\jsdom\lib\jsdom\living\events\EventTarget-impl.js:104:17)
    at HTMLUnknownElement.dispatchEvent (C:\Users\Admin\graceful_books\node_modules\jsdom\lib\jsdom\living\generated\EventTarget.js:241:34)
    at Object.invokeGuardedCallbackDev (C:\Users\Admin\graceful_books\node_modules\react-dom\cjs\react-dom.development.js:4213:16)
    at invokeGuardedCallback (C:\Users\Admin\graceful_books\node_modules\react-dom\cjs\react-dom.development.js:4277:31)
    at beginWork$1 (C:\Users\Admin\graceful_books\node_modules\react-dom\cjs\react-dom.development.js:27490:7)
    at performUnitOfWork (C:\Users\Admin\graceful_books\node_modules\react-dom\cjs\react-dom.development.js:26599:12) Error: useNavigate() may be used only in the context of a <Router> component.
    at Object.invariant [as UNSAFE_invariant] (C:\Users\Admin\graceful_books\node_modules\@remix-run\router\dist\router.cjs.js:315:11)
    at useNavigateUnstable (C:\Users\Admin\graceful_books\node_modules\react-router\dist\umd\react-router.development.js:223:36)
    at useNavigate (C:\Users\Admin\graceful_books\node_modules\react-router\dist\umd\react-router.development.js:220:48)
    at AccountCard (C:/Users/Admin/graceful_books/src/components/accounts/AccountCard.tsx:124:20)
    at renderWithHooks (C:\Users\Admin\graceful_books\node_modules\react-dom\cjs\react-dom.development.js:15486:18)
    at mountIndeterminateComponent (C:\Users\Admin\graceful_books\node_modules\react-dom\cjs\react-dom.development.js:20103:13)
    at beginWork (C:\Users\Admin\graceful_books\node_modules\react-dom\cjs\react-dom.development.js:21626:16)
    at HTMLUnknownElement.callCallback (C:\Users\Admin\graceful_books\node_modules\react-dom\cjs\react-dom.development.js:4164:14)
    at HTMLUnknownElement.callTheUserObjectsOperation (C:\Users\Admin\graceful_books\node_modules\jsdom\lib\jsdom\living\generated\EventListener.js:26:30)
    at innerInvokeEventListeners (C:\Users\Admin\graceful_books\node_modules\jsdom\lib\jsdom\living\events\EventTarget-impl.js:350:25)
Error: Uncaught [Error: useNavigate() may be used only in the context of a <Router> component.]
    at reportException (C:\Users\Admin\graceful_books\node_modules\jsdom\lib\jsdom\living\helpers\runtime-script-errors.js:66:24)
    at innerInvokeEventListeners (C:\Users\Admin\graceful_books\node_modules\jsdom\lib\jsdom\living\events\EventTarget-impl.js:353:9)
    at invokeEventListeners (C:\Users\Admin\graceful_books\node_modules\jsdom\lib\jsdom\living\events\EventTarget-impl.js:286:3)
    at HTMLUnknownElementImpl._dispatch (C:\Users\Admin\graceful_books\node_modules\jsdom\lib\jsdom\living\events\EventTarget-impl.js:233:9)
    at HTMLUnknownElementImpl.dispatchEvent (C:\Users\Admin\graceful_books\node_modules\jsdom\lib\jsdom\living\events\EventTarget-impl.js:104:17)
    at HTMLUnknownElement.dispatchEvent (C:\Users\Admin\graceful_books\node_modules\jsdom\lib\jsdom\living\generated\EventTarget.js:241:34)
    at Object.invokeGuardedCallbackDev (C:\Users\Admin\graceful_books\node_modules\react-dom\cjs\react-dom.development.js:4213:16)
    at invokeGuardedCallback (C:\Users\Admin\graceful_books\node_modules\react-dom\cjs\react-dom.development.js:4277:31)
    at beginWork$1 (C:\Users\Admin\graceful_books\node_modules\react-dom\cjs\react-dom.development.js:27490:7)
    at performUnitOfWork (C:\Users\Admin\graceful_books\node_modules\react-dom\cjs\react-dom.development.js:26599:12) Error: useNavigate() may be used only in the context of a <Router> component.
    at Object.invariant [as UNSAFE_invariant] (C:\Users\Admin\graceful_books\node_modules\@remix-run\router\dist\router.cjs.js:315:11)
    at useNavigateUnstable (C:\Users\Admin\graceful_books\node_modules\react-router\dist\umd\react-router.development.js:223:36)
    at useNavigate (C:\Users\Admin\graceful_books\node_modules\react-router\dist\umd\react-router.development.js:220:48)
    at AccountCard (C:/Users/Admin/graceful_books/src/components/accounts/AccountCard.tsx:124:20)
    at renderWithHooks (C:\Users\Admin\graceful_books\node_modules\react-dom\cjs\react-dom.development.js:15486:18)
    at mountIndeterminateComponent (C:\Users\Admin\graceful_books\node_modules\react-dom\cjs\react-dom.development.js:20103:13)
    at beginWork (C:\Users\Admin\graceful_books\node_modules\react-dom\cjs\react-dom.development.js:21626:16)
    at HTMLUnknownElement.callCallback (C:\Users\Admin\graceful_books\node_modules\react-dom\cjs\react-dom.development.js:4164:14)
    at HTMLUnknownElement.callTheUserObjectsOperation (C:\Users\Admin\graceful_books\node_modules\jsdom\lib\jsdom\living\generated\EventListener.js:26:30)
    at innerInvokeEventListeners (C:\Users\Admin\graceful_books\node_modules\jsdom\lib\jsdom\living\events\EventTarget-impl.js:350:25)
Error: Uncaught [Error: useNavigate() may be used only in the context of a <Router> component.]
    at reportException (C:\Users\Admin\graceful_books\node_modules\jsdom\lib\jsdom\living\helpers\runtime-script-errors.js:66:24)
    at innerInvokeEventListeners (C:\Users\Admin\graceful_books\node_modules\jsdom\lib\jsdom\living\events\EventTarget-impl.js:353:9)
    at invokeEventListeners (C:\Users\Admin\graceful_books\node_modules\jsdom\lib\jsdom\living\events\EventTarget-impl.js:286:3)
    at HTMLUnknownElementImpl._dispatch (C:\Users\Admin\graceful_books\node_modules\jsdom\lib\jsdom\living\events\EventTarget-impl.js:233:9)
    at HTMLUnknownElementImpl.dispatchEvent (C:\Users\Admin\graceful_books\node_modules\jsdom\lib\jsdom\living\events\EventTarget-impl.js:104:17)
    at HTMLUnknownElement.dispatchEvent (C:\Users\Admin\graceful_books\node_modules\jsdom\lib\jsdom\living\generated\EventTarget.js:241:34)
    at Object.invokeGuardedCallbackDev (C:\Users\Admin\graceful_books\node_modules\react-dom\cjs\react-dom.development.js:4213:16)
    at invokeGuardedCallback (C:\Users\Admin\graceful_books\node_modules\react-dom\cjs\react-dom.development.js:4277:31)
    at beginWork$1 (C:\Users\Admin\graceful_books\node_modules\react-dom\cjs\react-dom.development.js:27490:7)
    at performUnitOfWork (C:\Users\Admin\graceful_books\node_modules\react-dom\cjs\react-dom.development.js:26599:12) Error: useNavigate() may be used only in the context of a <Router> component.
    at Object.invariant [as UNSAFE_invariant] (C:\Users\Admin\graceful_books\node_modules\@remix-run\router\dist\router.cjs.js:315:11)
    at useNavigateUnstable (C:\Users\Admin\graceful_books\node_modules\react-router\dist\umd\react-router.development.js:223:36)
    at useNavigate (C:\Users\Admin\graceful_books\node_modules\react-router\dist\umd\react-router.development.js:220:48)
    at AccountCard (C:/Users/Admin/graceful_books/src/components/accounts/AccountCard.tsx:124:20)
    at renderWithHooks (C:\Users\Admin\graceful_books\node_modules\react-dom\cjs\react-dom.development.js:15486:18)
    at mountIndeterminateComponent (C:\Users\Admin\graceful_books\node_modules\react-dom\cjs\react-dom.development.js:20103:13)
    at beginWork (C:\Users\Admin\graceful_books\node_modules\react-dom\cjs\react-dom.development.js:21626:16)
    at HTMLUnknownElement.callCallback (C:\Users\Admin\graceful_books\node_modules\react-dom\cjs\react-dom.development.js:4164:14)
    at HTMLUnknownElement.callTheUserObjectsOperation (C:\Users\Admin\graceful_books\node_modules\jsdom\lib\jsdom\living\generated\EventListener.js:26:30)
    at innerInvokeEventListeners (C:\Users\Admin\graceful_books\node_modules\jsdom\lib\jsdom\living\events\EventTarget-impl.js:350:25)
Error: Uncaught [Error: useNavigate() may be used only in the context of a <Router> component.]
    at reportException (C:\Users\Admin\graceful_books\node_modules\jsdom\lib\jsdom\living\helpers\runtime-script-errors.js:66:24)
    at innerInvokeEventListeners (C:\Users\Admin\graceful_books\node_modules\jsdom\lib\jsdom\living\events\EventTarget-impl.js:353:9)
    at invokeEventListeners (C:\Users\Admin\graceful_books\node_modules\jsdom\lib\jsdom\living\events\EventTarget-impl.js:286:3)
    at HTMLUnknownElementImpl._dispatch (C:\Users\Admin\graceful_books\node_modules\jsdom\lib\jsdom\living\events\EventTarget-impl.js:233:9)
    at HTMLUnknownElementImpl.dispatchEvent (C:\Users\Admin\graceful_books\node_modules\jsdom\lib\jsdom\living\events\EventTarget-impl.js:104:17)
    at HTMLUnknownElement.dispatchEvent (C:\Users\Admin\graceful_books\node_modules\jsdom\lib\jsdom\living\generated\EventTarget.js:241:34)
    at Object.invokeGuardedCallbackDev (C:\Users\Admin\graceful_books\node_modules\react-dom\cjs\react-dom.development.js:4213:16)
    at invokeGuardedCallback (C:\Users\Admin\graceful_books\node_modules\react-dom\cjs\react-dom.development.js:4277:31)
    at beginWork$1 (C:\Users\Admin\graceful_books\node_modules\react-dom\cjs\react-dom.development.js:27490:7)
    at performUnitOfWork (C:\Users\Admin\graceful_books\node_modules\react-dom\cjs\react-dom.development.js:26599:12) Error: useNavigate() may be used only in the context of a <Router> component.
    at Object.invariant [as UNSAFE_invariant] (C:\Users\Admin\graceful_books\node_modules\@remix-run\router\dist\router.cjs.js:315:11)
    at useNavigateUnstable (C:\Users\Admin\graceful_books\node_modules\react-router\dist\umd\react-router.development.js:223:36)
    at useNavigate (C:\Users\Admin\graceful_books\node_modules\react-router\dist\umd\react-router.development.js:220:48)
    at AccountCard (C:/Users/Admin/graceful_books/src/components/accounts/AccountCard.tsx:124:20)
    at renderWithHooks (C:\Users\Admin\graceful_books\node_modules\react-dom\cjs\react-dom.development.js:15486:18)
    at mountIndeterminateComponent (C:\Users\Admin\graceful_books\node_modules\react-dom\cjs\react-dom.development.js:20103:13)
    at beginWork (C:\Users\Admin\graceful_books\node_modules\react-dom\cjs\react-dom.development.js:21626:16)
    at HTMLUnknownElement.callCallback (C:\Users\Admin\graceful_books\node_modules\react-dom\cjs\react-dom.development.js:4164:14)
    at HTMLUnknownElement.callTheUserObjectsOperation (C:\Users\Admin\graceful_books\node_modules\jsdom\lib\jsdom\living\generated\EventListener.js:26:30)
    at innerInvokeEventListeners (C:\Users\Admin\graceful_books\node_modules\jsdom\lib\jsdom\living\events\EventTarget-impl.js:350:25)
Error: Uncaught [Error: useNavigate() may be used only in the context of a <Router> component.]
    at reportException (C:\Users\Admin\graceful_books\node_modules\jsdom\lib\jsdom\living\helpers\runtime-script-errors.js:66:24)
    at innerInvokeEventListeners (C:\Users\Admin\graceful_books\node_modules\jsdom\lib\jsdom\living\events\EventTarget-impl.js:353:9)
    at invokeEventListeners (C:\Users\Admin\graceful_books\node_modules\jsdom\lib\jsdom\living\events\EventTarget-impl.js:286:3)
    at HTMLUnknownElementImpl._dispatch (C:\Users\Admin\graceful_books\node_modules\jsdom\lib\jsdom\living\events\EventTarget-impl.js:233:9)
    at HTMLUnknownElementImpl.dispatchEvent (C:\Users\Admin\graceful_books\node_modules\jsdom\lib\jsdom\living\events\EventTarget-impl.js:104:17)
    at HTMLUnknownElement.dispatchEvent (C:\Users\Admin\graceful_books\node_modules\jsdom\lib\jsdom\living\generated\EventTarget.js:241:34)
    at Object.invokeGuardedCallbackDev (C:\Users\Admin\graceful_books\node_modules\react-dom\cjs\react-dom.development.js:4213:16)
    at invokeGuardedCallback (C:\Users\Admin\graceful_books\node_modules\react-dom\cjs\react-dom.development.js:4277:31)
    at beginWork$1 (C:\Users\Admin\graceful_books\node_modules\react-dom\cjs\react-dom.development.js:27490:7)
    at performUnitOfWork (C:\Users\Admin\graceful_books\node_modules\react-dom\cjs\react-dom.development.js:26599:12) Error: useNavigate() may be used only in the context of a <Router> component.
    at Object.invariant [as UNSAFE_invariant] (C:\Users\Admin\graceful_books\node_modules\@remix-run\router\dist\router.cjs.js:315:11)
    at useNavigateUnstable (C:\Users\Admin\graceful_books\node_modules\react-router\dist\umd\react-router.development.js:223:36)
    at useNavigate (C:\Users\Admin\graceful_books\node_modules\react-router\dist\umd\react-router.development.js:220:48)
    at AccountCard (C:/Users/Admin/graceful_books/src/components/accounts/AccountCard.tsx:124:20)
    at renderWithHooks (C:\Users\Admin\graceful_books\node_modules\react-dom\cjs\react-dom.development.js:15486:18)
    at mountIndeterminateComponent (C:\Users\Admin\graceful_books\node_modules\react-dom\cjs\react-dom.development.js:20103:13)
    at beginWork (C:\Users\Admin\graceful_books\node_modules\react-dom\cjs\react-dom.development.js:21626:16)
    at HTMLUnknownElement.callCallback (C:\Users\Admin\graceful_books\node_modules\react-dom\cjs\react-dom.development.js:4164:14)
    at HTMLUnknownElement.callTheUserObjectsOperation (C:\Users\Admin\graceful_books\node_modules\jsdom\lib\jsdom\living\generated\EventListener.js:26:30)
    at innerInvokeEventListeners (C:\Users\Admin\graceful_books\node_modules\jsdom\lib\jsdom\living\events\EventTarget-impl.js:350:25)
Error: Uncaught [Error: useNavigate() may be used only in the context of a <Router> component.]
    at reportException (C:\Users\Admin\graceful_books\node_modules\jsdom\lib\jsdom\living\helpers\runtime-script-errors.js:66:24)
    at innerInvokeEventListeners (C:\Users\Admin\graceful_books\node_modules\jsdom\lib\jsdom\living\events\EventTarget-impl.js:353:9)
    at invokeEventListeners (C:\Users\Admin\graceful_books\node_modules\jsdom\lib\jsdom\living\events\EventTarget-impl.js:286:3)
    at HTMLUnknownElementImpl._dispatch (C:\Users\Admin\graceful_books\node_modules\jsdom\lib\jsdom\living\events\EventTarget-impl.js:233:9)
    at HTMLUnknownElementImpl.dispatchEvent (C:\Users\Admin\graceful_books\node_modules\jsdom\lib\jsdom\living\events\EventTarget-impl.js:104:17)
    at HTMLUnknownElement.dispatchEvent (C:\Users\Admin\graceful_books\node_modules\jsdom\lib\jsdom\living\generated\EventTarget.js:241:34)
    at Object.invokeGuardedCallbackDev (C:\Users\Admin\graceful_books\node_modules\react-dom\cjs\react-dom.development.js:4213:16)
    at invokeGuardedCallback (C:\Users\Admin\graceful_books\node_modules\react-dom\cjs\react-dom.development.js:4277:31)
    at beginWork$1 (C:\Users\Admin\graceful_books\node_modules\react-dom\cjs\react-dom.development.js:27490:7)
    at performUnitOfWork (C:\Users\Admin\graceful_books\node_modules\react-dom\cjs\react-dom.development.js:26599:12) Error: useNavigate() may be used only in the context of a <Router> component.
    at Object.invariant [as UNSAFE_invariant] (C:\Users\Admin\graceful_books\node_modules\@remix-run\router\dist\router.cjs.js:315:11)
    at useNavigateUnstable (C:\Users\Admin\graceful_books\node_modules\react-router\dist\umd\react-router.development.js:223:36)
    at useNavigate (C:\Users\Admin\graceful_books\node_modules\react-router\dist\umd\react-router.development.js:220:48)
    at AccountCard (C:/Users/Admin/graceful_books/src/components/accounts/AccountCard.tsx:124:20)
    at renderWithHooks (C:\Users\Admin\graceful_books\node_modules\react-dom\cjs\react-dom.development.js:15486:18)
    at mountIndeterminateComponent (C:\Users\Admin\graceful_books\node_modules\react-dom\cjs\react-dom.development.js:20103:13)
    at beginWork (C:\Users\Admin\graceful_books\node_modules\react-dom\cjs\react-dom.development.js:21626:16)
    at HTMLUnknownElement.callCallback (C:\Users\Admin\graceful_books\node_modules\react-dom\cjs\react-dom.development.js:4164:14)
    at HTMLUnknownElement.callTheUserObjectsOperation (C:\Users\Admin\graceful_books\node_modules\jsdom\lib\jsdom\living\generated\EventListener.js:26:30)
    at innerInvokeEventListeners (C:\Users\Admin\graceful_books\node_modules\jsdom\lib\jsdom\living\events\EventTarget-impl.js:350:25)
Error: Uncaught [Error: useNavigate() may be used only in the context of a <Router> component.]
    at reportException (C:\Users\Admin\graceful_books\node_modules\jsdom\lib\jsdom\living\helpers\runtime-script-errors.js:66:24)
    at innerInvokeEventListeners (C:\Users\Admin\graceful_books\node_modules\jsdom\lib\jsdom\living\events\EventTarget-impl.js:353:9)
    at invokeEventListeners (C:\Users\Admin\graceful_books\node_modules\jsdom\lib\jsdom\living\events\EventTarget-impl.js:286:3)
    at HTMLUnknownElementImpl._dispatch (C:\Users\Admin\graceful_books\node_modules\jsdom\lib\jsdom\living\events\EventTarget-impl.js:233:9)
    at HTMLUnknownElementImpl.dispatchEvent (C:\Users\Admin\graceful_books\node_modules\jsdom\lib\jsdom\living\events\EventTarget-impl.js:104:17)
    at HTMLUnknownElement.dispatchEvent (C:\Users\Admin\graceful_books\node_modules\jsdom\lib\jsdom\living\generated\EventTarget.js:241:34)
    at Object.invokeGuardedCallbackDev (C:\Users\Admin\graceful_books\node_modules\react-dom\cjs\react-dom.development.js:4213:16)
    at invokeGuardedCallback (C:\Users\Admin\graceful_books\node_modules\react-dom\cjs\react-dom.development.js:4277:31)
    at beginWork$1 (C:\Users\Admin\graceful_books\node_modules\react-dom\cjs\react-dom.development.js:27490:7)
    at performUnitOfWork (C:\Users\Admin\graceful_books\node_modules\react-dom\cjs\react-dom.development.js:26599:12) Error: useNavigate() may be used only in the context of a <Router> component.
    at Object.invariant [as UNSAFE_invariant] (C:\Users\Admin\graceful_books\node_modules\@remix-run\router\dist\router.cjs.js:315:11)
    at useNavigateUnstable (C:\Users\Admin\graceful_books\node_modules\react-router\dist\umd\react-router.development.js:223:36)
    at useNavigate (C:\Users\Admin\graceful_books\node_modules\react-router\dist\umd\react-router.development.js:220:48)
    at AccountCard (C:/Users/Admin/graceful_books/src/components/accounts/AccountCard.tsx:124:20)
    at renderWithHooks (C:\Users\Admin\graceful_books\node_modules\react-dom\cjs\react-dom.development.js:15486:18)
    at mountIndeterminateComponent (C:\Users\Admin\graceful_books\node_modules\react-dom\cjs\react-dom.development.js:20103:13)
    at beginWork (C:\Users\Admin\graceful_books\node_modules\react-dom\cjs\react-dom.development.js:21626:16)
    at HTMLUnknownElement.callCallback (C:\Users\Admin\graceful_books\node_modules\react-dom\cjs\react-dom.development.js:4164:14)
    at HTMLUnknownElement.callTheUserObjectsOperation (C:\Users\Admin\graceful_books\node_modules\jsdom\lib\jsdom\living\generated\EventListener.js:26:30)
    at innerInvokeEventListeners (C:\Users\Admin\graceful_books\node_modules\jsdom\lib\jsdom\living\events\EventTarget-impl.js:350:25)
Error: Uncaught [Error: useNavigate() may be used only in the context of a <Router> component.]
    at reportException (C:\Users\Admin\graceful_books\node_modules\jsdom\lib\jsdom\living\helpers\runtime-script-errors.js:66:24)
    at innerInvokeEventListeners (C:\Users\Admin\graceful_books\node_modules\jsdom\lib\jsdom\living\events\EventTarget-impl.js:353:9)
    at invokeEventListeners (C:\Users\Admin\graceful_books\node_modules\jsdom\lib\jsdom\living\events\EventTarget-impl.js:286:3)
    at HTMLUnknownElementImpl._dispatch (C:\Users\Admin\graceful_books\node_modules\jsdom\lib\jsdom\living\events\EventTarget-impl.js:233:9)
    at HTMLUnknownElementImpl.dispatchEvent (C:\Users\Admin\graceful_books\node_modules\jsdom\lib\jsdom\living\events\EventTarget-impl.js:104:17)
    at HTMLUnknownElement.dispatchEvent (C:\Users\Admin\graceful_books\node_modules\jsdom\lib\jsdom\living\generated\EventTarget.js:241:34)
    at Object.invokeGuardedCallbackDev (C:\Users\Admin\graceful_books\node_modules\react-dom\cjs\react-dom.development.js:4213:16)
    at invokeGuardedCallback (C:\Users\Admin\graceful_books\node_modules\react-dom\cjs\react-dom.development.js:4277:31)
    at beginWork$1 (C:\Users\Admin\graceful_books\node_modules\react-dom\cjs\react-dom.development.js:27490:7)
    at performUnitOfWork (C:\Users\Admin\graceful_books\node_modules\react-dom\cjs\react-dom.development.js:26599:12) Error: useNavigate() may be used only in the context of a <Router> component.
    at Object.invariant [as UNSAFE_invariant] (C:\Users\Admin\graceful_books\node_modules\@remix-run\router\dist\router.cjs.js:315:11)
    at useNavigateUnstable (C:\Users\Admin\graceful_books\node_modules\react-router\dist\umd\react-router.development.js:223:36)
    at useNavigate (C:\Users\Admin\graceful_books\node_modules\react-router\dist\umd\react-router.development.js:220:48)
    at AccountCard (C:/Users/Admin/graceful_books/src/components/accounts/AccountCard.tsx:124:20)
    at renderWithHooks (C:\Users\Admin\graceful_books\node_modules\react-dom\cjs\react-dom.development.js:15486:18)
    at mountIndeterminateComponent (C:\Users\Admin\graceful_books\node_modules\react-dom\cjs\react-dom.development.js:20103:13)
    at beginWork (C:\Users\Admin\graceful_books\node_modules\react-dom\cjs\react-dom.development.js:21626:16)
    at HTMLUnknownElement.callCallback (C:\Users\Admin\graceful_books\node_modules\react-dom\cjs\react-dom.development.js:4164:14)
    at HTMLUnknownElement.callTheUserObjectsOperation (C:\Users\Admin\graceful_books\node_modules\jsdom\lib\jsdom\living\generated\EventListener.js:26:30)
    at innerInvokeEventListeners (C:\Users\Admin\graceful_books\node_modules\jsdom\lib\jsdom\living\events\EventTarget-impl.js:350:25)
Error: Uncaught [Error: useNavigate() may be used only in the context of a <Router> component.]
    at reportException (C:\Users\Admin\graceful_books\node_modules\jsdom\lib\jsdom\living\helpers\runtime-script-errors.js:66:24)
    at innerInvokeEventListeners (C:\Users\Admin\graceful_books\node_modules\jsdom\lib\jsdom\living\events\EventTarget-impl.js:353:9)
    at invokeEventListeners (C:\Users\Admin\graceful_books\node_modules\jsdom\lib\jsdom\living\events\EventTarget-impl.js:286:3)
    at HTMLUnknownElementImpl._dispatch (C:\Users\Admin\graceful_books\node_modules\jsdom\lib\jsdom\living\events\EventTarget-impl.js:233:9)
    at HTMLUnknownElementImpl.dispatchEvent (C:\Users\Admin\graceful_books\node_modules\jsdom\lib\jsdom\living\events\EventTarget-impl.js:104:17)
    at HTMLUnknownElement.dispatchEvent (C:\Users\Admin\graceful_books\node_modules\jsdom\lib\jsdom\living\generated\EventTarget.js:241:34)
    at Object.invokeGuardedCallbackDev (C:\Users\Admin\graceful_books\node_modules\react-dom\cjs\react-dom.development.js:4213:16)
    at invokeGuardedCallback (C:\Users\Admin\graceful_books\node_modules\react-dom\cjs\react-dom.development.js:4277:31)
    at beginWork$1 (C:\Users\Admin\graceful_books\node_modules\react-dom\cjs\react-dom.development.js:27490:7)
    at performUnitOfWork (C:\Users\Admin\graceful_books\node_modules\react-dom\cjs\react-dom.development.js:26599:12) Error: useNavigate() may be used only in the context of a <Router> component.
    at Object.invariant [as UNSAFE_invariant] (C:\Users\Admin\graceful_books\node_modules\@remix-run\router\dist\router.cjs.js:315:11)
    at useNavigateUnstable (C:\Users\Admin\graceful_books\node_modules\react-router\dist\umd\react-router.development.js:223:36)
    at useNavigate (C:\Users\Admin\graceful_books\node_modules\react-router\dist\umd\react-router.development.js:220:48)
    at AccountCard (C:/Users/Admin/graceful_books/src/components/accounts/AccountCard.tsx:124:20)
    at renderWithHooks (C:\Users\Admin\graceful_books\node_modules\react-dom\cjs\react-dom.development.js:15486:18)
    at mountIndeterminateComponent (C:\Users\Admin\graceful_books\node_modules\react-dom\cjs\react-dom.development.js:20103:13)
    at beginWork (C:\Users\Admin\graceful_books\node_modules\react-dom\cjs\react-dom.development.js:21626:16)
    at HTMLUnknownElement.callCallback (C:\Users\Admin\graceful_books\node_modules\react-dom\cjs\react-dom.development.js:4164:14)
    at HTMLUnknownElement.callTheUserObjectsOperation (C:\Users\Admin\graceful_books\node_modules\jsdom\lib\jsdom\living\generated\EventListener.js:26:30)
    at innerInvokeEventListeners (C:\Users\Admin\graceful_books\node_modules\jsdom\lib\jsdom\living\events\EventTarget-impl.js:350:25)
Error: Uncaught [Error: useNavigate() may be used only in the context of a <Router> component.]
    at reportException (C:\Users\Admin\graceful_books\node_modules\jsdom\lib\jsdom\living\helpers\runtime-script-errors.js:66:24)
    at innerInvokeEventListeners (C:\Users\Admin\graceful_books\node_modules\jsdom\lib\jsdom\living\events\EventTarget-impl.js:353:9)
    at invokeEventListeners (C:\Users\Admin\graceful_books\node_modules\jsdom\lib\jsdom\living\events\EventTarget-impl.js:286:3)
    at HTMLUnknownElementImpl._dispatch (C:\Users\Admin\graceful_books\node_modules\jsdom\lib\jsdom\living\events\EventTarget-impl.js:233:9)
    at HTMLUnknownElementImpl.dispatchEvent (C:\Users\Admin\graceful_books\node_modules\jsdom\lib\jsdom\living\events\EventTarget-impl.js:104:17)
    at HTMLUnknownElement.dispatchEvent (C:\Users\Admin\graceful_books\node_modules\jsdom\lib\jsdom\living\generated\EventTarget.js:241:34)
    at Object.invokeGuardedCallbackDev (C:\Users\Admin\graceful_books\node_modules\react-dom\cjs\react-dom.development.js:4213:16)
    at invokeGuardedCallback (C:\Users\Admin\graceful_books\node_modules\react-dom\cjs\react-dom.development.js:4277:31)
    at beginWork$1 (C:\Users\Admin\graceful_books\node_modules\react-dom\cjs\react-dom.development.js:27490:7)
    at performUnitOfWork (C:\Users\Admin\graceful_books\node_modules\react-dom\cjs\react-dom.development.js:26599:12) Error: useNavigate() may be used only in the context of a <Router> component.
    at Object.invariant [as UNSAFE_invariant] (C:\Users\Admin\graceful_books\node_modules\@remix-run\router\dist\router.cjs.js:315:11)
    at useNavigateUnstable (C:\Users\Admin\graceful_books\node_modules\react-router\dist\umd\react-router.development.js:223:36)
    at useNavigate (C:\Users\Admin\graceful_books\node_modules\react-router\dist\umd\react-router.development.js:220:48)
    at AccountCard (C:/Users/Admin/graceful_books/src/components/accounts/AccountCard.tsx:124:20)
    at renderWithHooks (C:\Users\Admin\graceful_books\node_modules\react-dom\cjs\react-dom.development.js:15486:18)
    at mountIndeterminateComponent (C:\Users\Admin\graceful_books\node_modules\react-dom\cjs\react-dom.development.js:20103:13)
    at beginWork (C:\Users\Admin\graceful_books\node_modules\react-dom\cjs\react-dom.development.js:21626:16)
    at HTMLUnknownElement.callCallback (C:\Users\Admin\graceful_books\node_modules\react-dom\cjs\react-dom.development.js:4164:14)
    at HTMLUnknownElement.callTheUserObjectsOperation (C:\Users\Admin\graceful_books\node_modules\jsdom\lib\jsdom\living\generated\EventListener.js:26:30)
    at innerInvokeEventListeners (C:\Users\Admin\graceful_books\node_modules\jsdom\lib\jsdom\living\events\EventTarget-impl.js:350:25)
Error: Uncaught [Error: useNavigate() may be used only in the context of a <Router> component.]
    at reportException (C:\Users\Admin\graceful_books\node_modules\jsdom\lib\jsdom\living\helpers\runtime-script-errors.js:66:24)
    at innerInvokeEventListeners (C:\Users\Admin\graceful_books\node_modules\jsdom\lib\jsdom\living\events\EventTarget-impl.js:353:9)
    at invokeEventListeners (C:\Users\Admin\graceful_books\node_modules\jsdom\lib\jsdom\living\events\EventTarget-impl.js:286:3)
    at HTMLUnknownElementImpl._dispatch (C:\Users\Admin\graceful_books\node_modules\jsdom\lib\jsdom\living\events\EventTarget-impl.js:233:9)
    at HTMLUnknownElementImpl.dispatchEvent (C:\Users\Admin\graceful_books\node_modules\jsdom\lib\jsdom\living\events\EventTarget-impl.js:104:17)
    at HTMLUnknownElement.dispatchEvent (C:\Users\Admin\graceful_books\node_modules\jsdom\lib\jsdom\living\generated\EventTarget.js:241:34)
    at Object.invokeGuardedCallbackDev (C:\Users\Admin\graceful_books\node_modules\react-dom\cjs\react-dom.development.js:4213:16)
    at invokeGuardedCallback (C:\Users\Admin\graceful_books\node_modules\react-dom\cjs\react-dom.development.js:4277:31)
    at beginWork$1 (C:\Users\Admin\graceful_books\node_modules\react-dom\cjs\react-dom.development.js:27490:7)
    at performUnitOfWork (C:\Users\Admin\graceful_books\node_modules\react-dom\cjs\react-dom.development.js:26599:12) Error: useNavigate() may be used only in the context of a <Router> component.
    at Object.invariant [as UNSAFE_invariant] (C:\Users\Admin\graceful_books\node_modules\@remix-run\router\dist\router.cjs.js:315:11)
    at useNavigateUnstable (C:\Users\Admin\graceful_books\node_modules\react-router\dist\umd\react-router.development.js:223:36)
    at useNavigate (C:\Users\Admin\graceful_books\node_modules\react-router\dist\umd\react-router.development.js:220:48)
    at AccountCard (C:/Users/Admin/graceful_books/src/components/accounts/AccountCard.tsx:124:20)
    at renderWithHooks (C:\Users\Admin\graceful_books\node_modules\react-dom\cjs\react-dom.development.js:15486:18)
    at mountIndeterminateComponent (C:\Users\Admin\graceful_books\node_modules\react-dom\cjs\react-dom.development.js:20103:13)
    at beginWork (C:\Users\Admin\graceful_books\node_modules\react-dom\cjs\react-dom.development.js:21626:16)
    at HTMLUnknownElement.callCallback (C:\Users\Admin\graceful_books\node_modules\react-dom\cjs\react-dom.development.js:4164:14)
    at HTMLUnknownElement.callTheUserObjectsOperation (C:\Users\Admin\graceful_books\node_modules\jsdom\lib\jsdom\living\generated\EventListener.js:26:30)
    at innerInvokeEventListeners (C:\Users\Admin\graceful_books\node_modules\jsdom\lib\jsdom\living\events\EventTarget-impl.js:350:25)
Error: Uncaught [Error: useNavigate() may be used only in the context of a <Router> component.]
    at reportException (C:\Users\Admin\graceful_books\node_modules\jsdom\lib\jsdom\living\helpers\runtime-script-errors.js:66:24)
    at innerInvokeEventListeners (C:\Users\Admin\graceful_books\node_modules\jsdom\lib\jsdom\living\events\EventTarget-impl.js:353:9)
    at invokeEventListeners (C:\Users\Admin\graceful_books\node_modules\jsdom\lib\jsdom\living\events\EventTarget-impl.js:286:3)
    at HTMLUnknownElementImpl._dispatch (C:\Users\Admin\graceful_books\node_modules\jsdom\lib\jsdom\living\events\EventTarget-impl.js:233:9)
    at HTMLUnknownElementImpl.dispatchEvent (C:\Users\Admin\graceful_books\node_modules\jsdom\lib\jsdom\living\events\EventTarget-impl.js:104:17)
    at HTMLUnknownElement.dispatchEvent (C:\Users\Admin\graceful_books\node_modules\jsdom\lib\jsdom\living\generated\EventTarget.js:241:34)
    at Object.invokeGuardedCallbackDev (C:\Users\Admin\graceful_books\node_modules\react-dom\cjs\react-dom.development.js:4213:16)
    at invokeGuardedCallback (C:\Users\Admin\graceful_books\node_modules\react-dom\cjs\react-dom.development.js:4277:31)
    at beginWork$1 (C:\Users\Admin\graceful_books\node_modules\react-dom\cjs\react-dom.development.js:27490:7)
    at performUnitOfWork (C:\Users\Admin\graceful_books\node_modules\react-dom\cjs\react-dom.development.js:26599:12) Error: useNavigate() may be used only in the context of a <Router> component.
    at Object.invariant [as UNSAFE_invariant] (C:\Users\Admin\graceful_books\node_modules\@remix-run\router\dist\router.cjs.js:315:11)
    at useNavigateUnstable (C:\Users\Admin\graceful_books\node_modules\react-router\dist\umd\react-router.development.js:223:36)
    at useNavigate (C:\Users\Admin\graceful_books\node_modules\react-router\dist\umd\react-router.development.js:220:48)
    at AccountCard (C:/Users/Admin/graceful_books/src/components/accounts/AccountCard.tsx:124:20)
    at renderWithHooks (C:\Users\Admin\graceful_books\node_modules\react-dom\cjs\react-dom.development.js:15486:18)
    at mountIndeterminateComponent (C:\Users\Admin\graceful_books\node_modules\react-dom\cjs\react-dom.development.js:20103:13)
    at beginWork (C:\Users\Admin\graceful_books\node_modules\react-dom\cjs\react-dom.development.js:21626:16)
    at HTMLUnknownElement.callCallback (C:\Users\Admin\graceful_books\node_modules\react-dom\cjs\react-dom.development.js:4164:14)
    at HTMLUnknownElement.callTheUserObjectsOperation (C:\Users\Admin\graceful_books\node_modules\jsdom\lib\jsdom\living\generated\EventListener.js:26:30)
    at innerInvokeEventListeners (C:\Users\Admin\graceful_books\node_modules\jsdom\lib\jsdom\living\events\EventTarget-impl.js:350:25)
Error: Uncaught [Error: useNavigate() may be used only in the context of a <Router> component.]
    at reportException (C:\Users\Admin\graceful_books\node_modules\jsdom\lib\jsdom\living\helpers\runtime-script-errors.js:66:24)
    at innerInvokeEventListeners (C:\Users\Admin\graceful_books\node_modules\jsdom\lib\jsdom\living\events\EventTarget-impl.js:353:9)
    at invokeEventListeners (C:\Users\Admin\graceful_books\node_modules\jsdom\lib\jsdom\living\events\EventTarget-impl.js:286:3)
    at HTMLUnknownElementImpl._dispatch (C:\Users\Admin\graceful_books\node_modules\jsdom\lib\jsdom\living\events\EventTarget-impl.js:233:9)
    at HTMLUnknownElementImpl.dispatchEvent (C:\Users\Admin\graceful_books\node_modules\jsdom\lib\jsdom\living\events\EventTarget-impl.js:104:17)
    at HTMLUnknownElement.dispatchEvent (C:\Users\Admin\graceful_books\node_modules\jsdom\lib\jsdom\living\generated\EventTarget.js:241:34)
    at Object.invokeGuardedCallbackDev (C:\Users\Admin\graceful_books\node_modules\react-dom\cjs\react-dom.development.js:4213:16)
    at invokeGuardedCallback (C:\Users\Admin\graceful_books\node_modules\react-dom\cjs\react-dom.development.js:4277:31)
    at beginWork$1 (C:\Users\Admin\graceful_books\node_modules\react-dom\cjs\react-dom.development.js:27490:7)
    at performUnitOfWork (C:\Users\Admin\graceful_books\node_modules\react-dom\cjs\react-dom.development.js:26599:12) Error: useNavigate() may be used only in the context of a <Router> component.
    at Object.invariant [as UNSAFE_invariant] (C:\Users\Admin\graceful_books\node_modules\@remix-run\router\dist\router.cjs.js:315:11)
    at useNavigateUnstable (C:\Users\Admin\graceful_books\node_modules\react-router\dist\umd\react-router.development.js:223:36)
    at useNavigate (C:\Users\Admin\graceful_books\node_modules\react-router\dist\umd\react-router.development.js:220:48)
    at AccountCard (C:/Users/Admin/graceful_books/src/components/accounts/AccountCard.tsx:124:20)
    at renderWithHooks (C:\Users\Admin\graceful_books\node_modules\react-dom\cjs\react-dom.development.js:15486:18)
    at mountIndeterminateComponent (C:\Users\Admin\graceful_books\node_modules\react-dom\cjs\react-dom.development.js:20103:13)
    at beginWork (C:\Users\Admin\graceful_books\node_modules\react-dom\cjs\react-dom.development.js:21626:16)
    at HTMLUnknownElement.callCallback (C:\Users\Admin\graceful_books\node_modules\react-dom\cjs\react-dom.development.js:4164:14)
    at HTMLUnknownElement.callTheUserObjectsOperation (C:\Users\Admin\graceful_books\node_modules\jsdom\lib\jsdom\living\generated\EventListener.js:26:30)
    at innerInvokeEventListeners (C:\Users\Admin\graceful_books\node_modules\jsdom\lib\jsdom\living\events\EventTarget-impl.js:350:25)
Error: Uncaught [Error: useNavigate() may be used only in the context of a <Router> component.]
    at reportException (C:\Users\Admin\graceful_books\node_modules\jsdom\lib\jsdom\living\helpers\runtime-script-errors.js:66:24)
    at innerInvokeEventListeners (C:\Users\Admin\graceful_books\node_modules\jsdom\lib\jsdom\living\events\EventTarget-impl.js:353:9)
    at invokeEventListeners (C:\Users\Admin\graceful_books\node_modules\jsdom\lib\jsdom\living\events\EventTarget-impl.js:286:3)
    at HTMLUnknownElementImpl._dispatch (C:\Users\Admin\graceful_books\node_modules\jsdom\lib\jsdom\living\events\EventTarget-impl.js:233:9)
    at HTMLUnknownElementImpl.dispatchEvent (C:\Users\Admin\graceful_books\node_modules\jsdom\lib\jsdom\living\events\EventTarget-impl.js:104:17)
    at HTMLUnknownElement.dispatchEvent (C:\Users\Admin\graceful_books\node_modules\jsdom\lib\jsdom\living\generated\EventTarget.js:241:34)
    at Object.invokeGuardedCallbackDev (C:\Users\Admin\graceful_books\node_modules\react-dom\cjs\react-dom.development.js:4213:16)
    at invokeGuardedCallback (C:\Users\Admin\graceful_books\node_modules\react-dom\cjs\react-dom.development.js:4277:31)
    at beginWork$1 (C:\Users\Admin\graceful_books\node_modules\react-dom\cjs\react-dom.development.js:27490:7)
    at performUnitOfWork (C:\Users\Admin\graceful_books\node_modules\react-dom\cjs\react-dom.development.js:26599:12) Error: useNavigate() may be used only in the context of a <Router> component.
    at Object.invariant [as UNSAFE_invariant] (C:\Users\Admin\graceful_books\node_modules\@remix-run\router\dist\router.cjs.js:315:11)
    at useNavigateUnstable (C:\Users\Admin\graceful_books\node_modules\react-router\dist\umd\react-router.development.js:223:36)
    at useNavigate (C:\Users\Admin\graceful_books\node_modules\react-router\dist\umd\react-router.development.js:220:48)
    at AccountCard (C:/Users/Admin/graceful_books/src/components/accounts/AccountCard.tsx:124:20)
    at renderWithHooks (C:\Users\Admin\graceful_books\node_modules\react-dom\cjs\react-dom.development.js:15486:18)
    at mountIndeterminateComponent (C:\Users\Admin\graceful_books\node_modules\react-dom\cjs\react-dom.development.js:20103:13)
    at beginWork (C:\Users\Admin\graceful_books\node_modules\react-dom\cjs\react-dom.development.js:21626:16)
    at HTMLUnknownElement.callCallback (C:\Users\Admin\graceful_books\node_modules\react-dom\cjs\react-dom.development.js:4164:14)
    at HTMLUnknownElement.callTheUserObjectsOperation (C:\Users\Admin\graceful_books\node_modules\jsdom\lib\jsdom\living\generated\EventListener.js:26:30)
    at innerInvokeEventListeners (C:\Users\Admin\graceful_books\node_modules\jsdom\lib\jsdom\living\events\EventTarget-impl.js:350:25)
Error: Uncaught [Error: useNavigate() may be used only in the context of a <Router> component.]
    at reportException (C:\Users\Admin\graceful_books\node_modules\jsdom\lib\jsdom\living\helpers\runtime-script-errors.js:66:24)
    at innerInvokeEventListeners (C:\Users\Admin\graceful_books\node_modules\jsdom\lib\jsdom\living\events\EventTarget-impl.js:353:9)
    at invokeEventListeners (C:\Users\Admin\graceful_books\node_modules\jsdom\lib\jsdom\living\events\EventTarget-impl.js:286:3)
    at HTMLUnknownElementImpl._dispatch (C:\Users\Admin\graceful_books\node_modules\jsdom\lib\jsdom\living\events\EventTarget-impl.js:233:9)
    at HTMLUnknownElementImpl.dispatchEvent (C:\Users\Admin\graceful_books\node_modules\jsdom\lib\jsdom\living\events\EventTarget-impl.js:104:17)
    at HTMLUnknownElement.dispatchEvent (C:\Users\Admin\graceful_books\node_modules\jsdom\lib\jsdom\living\generated\EventTarget.js:241:34)
    at Object.invokeGuardedCallbackDev (C:\Users\Admin\graceful_books\node_modules\react-dom\cjs\react-dom.development.js:4213:16)
    at invokeGuardedCallback (C:\Users\Admin\graceful_books\node_modules\react-dom\cjs\react-dom.development.js:4277:31)
    at beginWork$1 (C:\Users\Admin\graceful_books\node_modules\react-dom\cjs\react-dom.development.js:27490:7)
    at performUnitOfWork (C:\Users\Admin\graceful_books\node_modules\react-dom\cjs\react-dom.development.js:26599:12) Error: useNavigate() may be used only in the context of a <Router> component.
    at Object.invariant [as UNSAFE_invariant] (C:\Users\Admin\graceful_books\node_modules\@remix-run\router\dist\router.cjs.js:315:11)
    at useNavigateUnstable (C:\Users\Admin\graceful_books\node_modules\react-router\dist\umd\react-router.development.js:223:36)
    at useNavigate (C:\Users\Admin\graceful_books\node_modules\react-router\dist\umd\react-router.development.js:220:48)
    at AccountCard (C:/Users/Admin/graceful_books/src/components/accounts/AccountCard.tsx:124:20)
    at renderWithHooks (C:\Users\Admin\graceful_books\node_modules\react-dom\cjs\react-dom.development.js:15486:18)
    at mountIndeterminateComponent (C:\Users\Admin\graceful_books\node_modules\react-dom\cjs\react-dom.development.js:20103:13)
    at beginWork (C:\Users\Admin\graceful_books\node_modules\react-dom\cjs\react-dom.development.js:21626:16)
    at HTMLUnknownElement.callCallback (C:\Users\Admin\graceful_books\node_modules\react-dom\cjs\react-dom.development.js:4164:14)
    at HTMLUnknownElement.callTheUserObjectsOperation (C:\Users\Admin\graceful_books\node_modules\jsdom\lib\jsdom\living\generated\EventListener.js:26:30)
    at innerInvokeEventListeners (C:\Users\Admin\graceful_books\node_modules\jsdom\lib\jsdom\living\events\EventTarget-impl.js:350:25)
Error: Uncaught [Error: useNavigate() may be used only in the context of a <Router> component.]
    at reportException (C:\Users\Admin\graceful_books\node_modules\jsdom\lib\jsdom\living\helpers\runtime-script-errors.js:66:24)
    at innerInvokeEventListeners (C:\Users\Admin\graceful_books\node_modules\jsdom\lib\jsdom\living\events\EventTarget-impl.js:353:9)
    at invokeEventListeners (C:\Users\Admin\graceful_books\node_modules\jsdom\lib\jsdom\living\events\EventTarget-impl.js:286:3)
    at HTMLUnknownElementImpl._dispatch (C:\Users\Admin\graceful_books\node_modules\jsdom\lib\jsdom\living\events\EventTarget-impl.js:233:9)
    at HTMLUnknownElementImpl.dispatchEvent (C:\Users\Admin\graceful_books\node_modules\jsdom\lib\jsdom\living\events\EventTarget-impl.js:104:17)
    at HTMLUnknownElement.dispatchEvent (C:\Users\Admin\graceful_books\node_modules\jsdom\lib\jsdom\living\generated\EventTarget.js:241:34)
    at Object.invokeGuardedCallbackDev (C:\Users\Admin\graceful_books\node_modules\react-dom\cjs\react-dom.development.js:4213:16)
    at invokeGuardedCallback (C:\Users\Admin\graceful_books\node_modules\react-dom\cjs\react-dom.development.js:4277:31)
    at beginWork$1 (C:\Users\Admin\graceful_books\node_modules\react-dom\cjs\react-dom.development.js:27490:7)
    at performUnitOfWork (C:\Users\Admin\graceful_books\node_modules\react-dom\cjs\react-dom.development.js:26599:12) Error: useNavigate() may be used only in the context of a <Router> component.
    at Object.invariant [as UNSAFE_invariant] (C:\Users\Admin\graceful_books\node_modules\@remix-run\router\dist\router.cjs.js:315:11)
    at useNavigateUnstable (C:\Users\Admin\graceful_books\node_modules\react-router\dist\umd\react-router.development.js:223:36)
    at useNavigate (C:\Users\Admin\graceful_books\node_modules\react-router\dist\umd\react-router.development.js:220:48)
    at AccountCard (C:/Users/Admin/graceful_books/src/components/accounts/AccountCard.tsx:124:20)
    at renderWithHooks (C:\Users\Admin\graceful_books\node_modules\react-dom\cjs\react-dom.development.js:15486:18)
    at mountIndeterminateComponent (C:\Users\Admin\graceful_books\node_modules\react-dom\cjs\react-dom.development.js:20103:13)
    at beginWork (C:\Users\Admin\graceful_books\node_modules\react-dom\cjs\react-dom.development.js:21626:16)
    at HTMLUnknownElement.callCallback (C:\Users\Admin\graceful_books\node_modules\react-dom\cjs\react-dom.development.js:4164:14)
    at HTMLUnknownElement.callTheUserObjectsOperation (C:\Users\Admin\graceful_books\node_modules\jsdom\lib\jsdom\living\generated\EventListener.js:26:30)
    at innerInvokeEventListeners (C:\Users\Admin\graceful_books\node_modules\jsdom\lib\jsdom\living\events\EventTarget-impl.js:350:25)
Error: Uncaught [Error: useNavigate() may be used only in the context of a <Router> component.]
    at reportException (C:\Users\Admin\graceful_books\node_modules\jsdom\lib\jsdom\living\helpers\runtime-script-errors.js:66:24)
    at innerInvokeEventListeners (C:\Users\Admin\graceful_books\node_modules\jsdom\lib\jsdom\living\events\EventTarget-impl.js:353:9)
    at invokeEventListeners (C:\Users\Admin\graceful_books\node_modules\jsdom\lib\jsdom\living\events\EventTarget-impl.js:286:3)
    at HTMLUnknownElementImpl._dispatch (C:\Users\Admin\graceful_books\node_modules\jsdom\lib\jsdom\living\events\EventTarget-impl.js:233:9)
    at HTMLUnknownElementImpl.dispatchEvent (C:\Users\Admin\graceful_books\node_modules\jsdom\lib\jsdom\living\events\EventTarget-impl.js:104:17)
    at HTMLUnknownElement.dispatchEvent (C:\Users\Admin\graceful_books\node_modules\jsdom\lib\jsdom\living\generated\EventTarget.js:241:34)
    at Object.invokeGuardedCallbackDev (C:\Users\Admin\graceful_books\node_modules\react-dom\cjs\react-dom.development.js:4213:16)
    at invokeGuardedCallback (C:\Users\Admin\graceful_books\node_modules\react-dom\cjs\react-dom.development.js:4277:31)
    at beginWork$1 (C:\Users\Admin\graceful_books\node_modules\react-dom\cjs\react-dom.development.js:27490:7)
    at performUnitOfWork (C:\Users\Admin\graceful_books\node_modules\react-dom\cjs\react-dom.development.js:26599:12) Error: useNavigate() may be used only in the context of a <Router> component.
    at Object.invariant [as UNSAFE_invariant] (C:\Users\Admin\graceful_books\node_modules\@remix-run\router\dist\router.cjs.js:315:11)
    at useNavigateUnstable (C:\Users\Admin\graceful_books\node_modules\react-router\dist\umd\react-router.development.js:223:36)
    at useNavigate (C:\Users\Admin\graceful_books\node_modules\react-router\dist\umd\react-router.development.js:220:48)
    at AccountCard (C:/Users/Admin/graceful_books/src/components/accounts/AccountCard.tsx:124:20)
    at renderWithHooks (C:\Users\Admin\graceful_books\node_modules\react-dom\cjs\react-dom.development.js:15486:18)
    at mountIndeterminateComponent (C:\Users\Admin\graceful_books\node_modules\react-dom\cjs\react-dom.development.js:20103:13)
    at beginWork (C:\Users\Admin\graceful_books\node_modules\react-dom\cjs\react-dom.development.js:21626:16)
    at HTMLUnknownElement.callCallback (C:\Users\Admin\graceful_books\node_modules\react-dom\cjs\react-dom.development.js:4164:14)
    at HTMLUnknownElement.callTheUserObjectsOperation (C:\Users\Admin\graceful_books\node_modules\jsdom\lib\jsdom\living\generated\EventListener.js:26:30)
    at innerInvokeEventListeners (C:\Users\Admin\graceful_books\node_modules\jsdom\lib\jsdom\living\events\EventTarget-impl.js:350:25)
stderr | src/components/accounts/AccountCard.test.tsx > AccountCard Component > actions > should render action buttons when showActions is true
The above error occurred in the <AccountCard> component:

    at AccountCard (C:/Users/Admin/graceful_books/src/components/accounts/AccountCard.tsx:29:3)

Consider adding an error boundary to your tree to customize error handling behavior.
Visit https://reactjs.org/link/error-boundaries to learn more about error boundaries.

stderr | src/components/accounts/AccountCard.test.tsx > AccountCard Component > actions > should not render action buttons when showActions is false
The above error occurred in the <AccountCard> component:

    at AccountCard (C:/Users/Admin/graceful_books/src/components/accounts/AccountCard.tsx:29:3)

Consider adding an error boundary to your tree to customize error handling behavior.
Visit https://reactjs.org/link/error-boundaries to learn more about error boundaries.

stderr | src/components/accounts/AccountCard.test.tsx > AccountCard Component > actions > should call onEdit when edit button is clicked
The above error occurred in the <AccountCard> component:

    at AccountCard (C:/Users/Admin/graceful_books/src/components/accounts/AccountCard.tsx:29:3)

Consider adding an error boundary to your tree to customize error handling behavior.
Visit https://reactjs.org/link/error-boundaries to learn more about error boundaries.

stderr | src/components/accounts/AccountCard.test.tsx > AccountCard Component > actions > should call onDelete when delete button is clicked
The above error occurred in the <AccountCard> component:

    at AccountCard (C:/Users/Admin/graceful_books/src/components/accounts/AccountCard.tsx:29:3)

Consider adding an error boundary to your tree to customize error handling behavior.
Visit https://reactjs.org/link/error-boundaries to learn more about error boundaries.

stderr | src/components/accounts/AccountCard.test.tsx > AccountCard Component > actions > should call onClick when card is clicked
The above error occurred in the <AccountCard> component:

    at AccountCard (C:/Users/Admin/graceful_books/src/components/accounts/AccountCard.tsx:29:3)

Consider adding an error boundary to your tree to customize error handling behavior.
Visit https://reactjs.org/link/error-boundaries to learn more about error boundaries.

stderr | src/components/accounts/AccountCard.test.tsx > AccountCard Component > actions > should not call onClick when edit button is clicked
The above error occurred in the <AccountCard> component:

    at AccountCard (C:/Users/Admin/graceful_books/src/components/accounts/AccountCard.tsx:29:3)

Consider adding an error boundary to your tree to customize error handling behavior.
Visit https://reactjs.org/link/error-boundaries to learn more about error boundaries.

stderr | src/components/accounts/AccountCard.test.tsx > AccountCard Component > actions > should support keyboard activation with Enter
The above error occurred in the <AccountCard> component:

    at AccountCard (C:/Users/Admin/graceful_books/src/components/accounts/AccountCard.tsx:29:3)

Consider adding an error boundary to your tree to customize error handling behavior.
Visit https://reactjs.org/link/error-boundaries to learn more about error boundaries.

Error: Uncaught [Error: useNavigate() may be used only in the context of a <Router> component.]
    at reportException (C:\Users\Admin\graceful_books\node_modules\jsdom\lib\jsdom\living\helpers\runtime-script-errors.js:66:24)
    at innerInvokeEventListeners (C:\Users\Admin\graceful_books\node_modules\jsdom\lib\jsdom\living\events\EventTarget-impl.js:353:9)
    at invokeEventListeners (C:\Users\Admin\graceful_books\node_modules\jsdom\lib\jsdom\living\events\EventTarget-impl.js:286:3)
    at HTMLUnknownElementImpl._dispatch (C:\Users\Admin\graceful_books\node_modules\jsdom\lib\jsdom\living\events\EventTarget-impl.js:233:9)
    at HTMLUnknownElementImpl.dispatchEvent (C:\Users\Admin\graceful_books\node_modules\jsdom\lib\jsdom\living\events\EventTarget-impl.js:104:17)
    at HTMLUnknownElement.dispatchEvent (C:\Users\Admin\graceful_books\node_modules\jsdom\lib\jsdom\living\generated\EventTarget.js:241:34)
    at Object.invokeGuardedCallbackDev (C:\Users\Admin\graceful_books\node_modules\react-dom\cjs\react-dom.development.js:4213:16)
    at invokeGuardedCallback (C:\Users\Admin\graceful_books\node_modules\react-dom\cjs\react-dom.development.js:4277:31)
    at beginWork$1 (C:\Users\Admin\graceful_books\node_modules\react-dom\cjs\react-dom.development.js:27490:7)
    at performUnitOfWork (C:\Users\Admin\graceful_books\node_modules\react-dom\cjs\react-dom.development.js:26599:12) Error: useNavigate() may be used only in the context of a <Router> component.
    at Object.invariant [as UNSAFE_invariant] (C:\Users\Admin\graceful_books\node_modules\@remix-run\router\dist\router.cjs.js:315:11)
    at useNavigateUnstable (C:\Users\Admin\graceful_books\node_modules\react-router\dist\umd\react-router.development.js:223:36)
    at useNavigate (C:\Users\Admin\graceful_books\node_modules\react-router\dist\umd\react-router.development.js:220:48)
    at AccountCard (C:/Users/Admin/graceful_books/src/components/accounts/AccountCard.tsx:124:20)
    at renderWithHooks (C:\Users\Admin\graceful_books\node_modules\react-dom\cjs\react-dom.development.js:15486:18)
    at mountIndeterminateComponent (C:\Users\Admin\graceful_books\node_modules\react-dom\cjs\react-dom.development.js:20103:13)
    at beginWork (C:\Users\Admin\graceful_books\node_modules\react-dom\cjs\react-dom.development.js:21626:16)
    at HTMLUnknownElement.callCallback (C:\Users\Admin\graceful_books\node_modules\react-dom\cjs\react-dom.development.js:4164:14)
    at HTMLUnknownElement.callTheUserObjectsOperation (C:\Users\Admin\graceful_books\node_modules\jsdom\lib\jsdom\living\generated\EventListener.js:26:30)
    at innerInvokeEventListeners (C:\Users\Admin\graceful_books\node_modules\jsdom\lib\jsdom\living\events\EventTarget-impl.js:350:25)
Error: Uncaught [Error: useNavigate() may be used only in the context of a <Router> component.]
    at reportException (C:\Users\Admin\graceful_books\node_modules\jsdom\lib\jsdom\living\helpers\runtime-script-errors.js:66:24)
    at innerInvokeEventListeners (C:\Users\Admin\graceful_books\node_modules\jsdom\lib\jsdom\living\events\EventTarget-impl.js:353:9)
    at invokeEventListeners (C:\Users\Admin\graceful_books\node_modules\jsdom\lib\jsdom\living\events\EventTarget-impl.js:286:3)
    at HTMLUnknownElementImpl._dispatch (C:\Users\Admin\graceful_books\node_modules\jsdom\lib\jsdom\living\events\EventTarget-impl.js:233:9)
    at HTMLUnknownElementImpl.dispatchEvent (C:\Users\Admin\graceful_books\node_modules\jsdom\lib\jsdom\living\events\EventTarget-impl.js:104:17)
    at HTMLUnknownElement.dispatchEvent (C:\Users\Admin\graceful_books\node_modules\jsdom\lib\jsdom\living\generated\EventTarget.js:241:34)
    at Object.invokeGuardedCallbackDev (C:\Users\Admin\graceful_books\node_modules\react-dom\cjs\react-dom.development.js:4213:16)
    at invokeGuardedCallback (C:\Users\Admin\graceful_books\node_modules\react-dom\cjs\react-dom.development.js:4277:31)
    at beginWork$1 (C:\Users\Admin\graceful_books\node_modules\react-dom\cjs\react-dom.development.js:27490:7)
    at performUnitOfWork (C:\Users\Admin\graceful_books\node_modules\react-dom\cjs\react-dom.development.js:26599:12) Error: useNavigate() may be used only in the context of a <Router> component.
    at Object.invariant [as UNSAFE_invariant] (C:\Users\Admin\graceful_books\node_modules\@remix-run\router\dist\router.cjs.js:315:11)
    at useNavigateUnstable (C:\Users\Admin\graceful_books\node_modules\react-router\dist\umd\react-router.development.js:223:36)
    at useNavigate (C:\Users\Admin\graceful_books\node_modules\react-router\dist\umd\react-router.development.js:220:48)
    at AccountCard (C:/Users/Admin/graceful_books/src/components/accounts/AccountCard.tsx:124:20)
    at renderWithHooks (C:\Users\Admin\graceful_books\node_modules\react-dom\cjs\react-dom.development.js:15486:18)
    at mountIndeterminateComponent (C:\Users\Admin\graceful_books\node_modules\react-dom\cjs\react-dom.development.js:20103:13)
    at beginWork (C:\Users\Admin\graceful_books\node_modules\react-dom\cjs\react-dom.development.js:21626:16)
    at HTMLUnknownElement.callCallback (C:\Users\Admin\graceful_books\node_modules\react-dom\cjs\react-dom.development.js:4164:14)
    at HTMLUnknownElement.callTheUserObjectsOperation (C:\Users\Admin\graceful_books\node_modules\jsdom\lib\jsdom\living\generated\EventListener.js:26:30)
    at innerInvokeEventListeners (C:\Users\Admin\graceful_books\node_modules\jsdom\lib\jsdom\living\events\EventTarget-impl.js:350:25)
Error: Uncaught [Error: useNavigate() may be used only in the context of a <Router> component.]
    at reportException (C:\Users\Admin\graceful_books\node_modules\jsdom\lib\jsdom\living\helpers\runtime-script-errors.js:66:24)
    at innerInvokeEventListeners (C:\Users\Admin\graceful_books\node_modules\jsdom\lib\jsdom\living\events\EventTarget-impl.js:353:9)
    at invokeEventListeners (C:\Users\Admin\graceful_books\node_modules\jsdom\lib\jsdom\living\events\EventTarget-impl.js:286:3)
    at HTMLUnknownElementImpl._dispatch (C:\Users\Admin\graceful_books\node_modules\jsdom\lib\jsdom\living\events\EventTarget-impl.js:233:9)
    at HTMLUnknownElementImpl.dispatchEvent (C:\Users\Admin\graceful_books\node_modules\jsdom\lib\jsdom\living\events\EventTarget-impl.js:104:17)
    at HTMLUnknownElement.dispatchEvent (C:\Users\Admin\graceful_books\node_modules\jsdom\lib\jsdom\living\generated\EventTarget.js:241:34)
    at Object.invokeGuardedCallbackDev (C:\Users\Admin\graceful_books\node_modules\react-dom\cjs\react-dom.development.js:4213:16)
    at invokeGuardedCallback (C:\Users\Admin\graceful_books\node_modules\react-dom\cjs\react-dom.development.js:4277:31)
    at beginWork$1 (C:\Users\Admin\graceful_books\node_modules\react-dom\cjs\react-dom.development.js:27490:7)
    at performUnitOfWork (C:\Users\Admin\graceful_books\node_modules\react-dom\cjs\react-dom.development.js:26599:12) Error: useNavigate() may be used only in the context of a <Router> component.
    at Object.invariant [as UNSAFE_invariant] (C:\Users\Admin\graceful_books\node_modules\@remix-run\router\dist\router.cjs.js:315:11)
    at useNavigateUnstable (C:\Users\Admin\graceful_books\node_modules\react-router\dist\umd\react-router.development.js:223:36)
    at useNavigate (C:\Users\Admin\graceful_books\node_modules\react-router\dist\umd\react-router.development.js:220:48)
    at AccountCard (C:/Users/Admin/graceful_books/src/components/accounts/AccountCard.tsx:124:20)
    at renderWithHooks (C:\Users\Admin\graceful_books\node_modules\react-dom\cjs\react-dom.development.js:15486:18)
    at mountIndeterminateComponent (C:\Users\Admin\graceful_books\node_modules\react-dom\cjs\react-dom.development.js:20103:13)
    at beginWork (C:\Users\Admin\graceful_books\node_modules\react-dom\cjs\react-dom.development.js:21626:16)
    at HTMLUnknownElement.callCallback (C:\Users\Admin\graceful_books\node_modules\react-dom\cjs\react-dom.development.js:4164:14)
    at HTMLUnknownElement.callTheUserObjectsOperation (C:\Users\Admin\graceful_books\node_modules\jsdom\lib\jsdom\living\generated\EventListener.js:26:30)
    at innerInvokeEventListeners (C:\Users\Admin\graceful_books\node_modules\jsdom\lib\jsdom\living\events\EventTarget-impl.js:350:25)
Error: Uncaught [Error: useNavigate() may be used only in the context of a <Router> component.]
    at reportException (C:\Users\Admin\graceful_books\node_modules\jsdom\lib\jsdom\living\helpers\runtime-script-errors.js:66:24)
    at innerInvokeEventListeners (C:\Users\Admin\graceful_books\node_modules\jsdom\lib\jsdom\living\events\EventTarget-impl.js:353:9)
    at invokeEventListeners (C:\Users\Admin\graceful_books\node_modules\jsdom\lib\jsdom\living\events\EventTarget-impl.js:286:3)
    at HTMLUnknownElementImpl._dispatch (C:\Users\Admin\graceful_books\node_modules\jsdom\lib\jsdom\living\events\EventTarget-impl.js:233:9)
    at HTMLUnknownElementImpl.dispatchEvent (C:\Users\Admin\graceful_books\node_modules\jsdom\lib\jsdom\living\events\EventTarget-impl.js:104:17)
    at HTMLUnknownElement.dispatchEvent (C:\Users\Admin\graceful_books\node_modules\jsdom\lib\jsdom\living\generated\EventTarget.js:241:34)
    at Object.invokeGuardedCallbackDev (C:\Users\Admin\graceful_books\node_modules\react-dom\cjs\react-dom.development.js:4213:16)
    at invokeGuardedCallback (C:\Users\Admin\graceful_books\node_modules\react-dom\cjs\react-dom.development.js:4277:31)
    at beginWork$1 (C:\Users\Admin\graceful_books\node_modules\react-dom\cjs\react-dom.development.js:27490:7)
    at performUnitOfWork (C:\Users\Admin\graceful_books\node_modules\react-dom\cjs\react-dom.development.js:26599:12) Error: useNavigate() may be used only in the context of a <Router> component.
    at Object.invariant [as UNSAFE_invariant] (C:\Users\Admin\graceful_books\node_modules\@remix-run\router\dist\router.cjs.js:315:11)
    at useNavigateUnstable (C:\Users\Admin\graceful_books\node_modules\react-router\dist\umd\react-router.development.js:223:36)
    at useNavigate (C:\Users\Admin\graceful_books\node_modules\react-router\dist\umd\react-router.development.js:220:48)
    at AccountCard (C:/Users/Admin/graceful_books/src/components/accounts/AccountCard.tsx:124:20)
    at renderWithHooks (C:\Users\Admin\graceful_books\node_modules\react-dom\cjs\react-dom.development.js:15486:18)
    at mountIndeterminateComponent (C:\Users\Admin\graceful_books\node_modules\react-dom\cjs\react-dom.development.js:20103:13)
    at beginWork (C:\Users\Admin\graceful_books\node_modules\react-dom\cjs\react-dom.development.js:21626:16)
    at HTMLUnknownElement.callCallback (C:\Users\Admin\graceful_books\node_modules\react-dom\cjs\react-dom.development.js:4164:14)
    at HTMLUnknownElement.callTheUserObjectsOperation (C:\Users\Admin\graceful_books\node_modules\jsdom\lib\jsdom\living\generated\EventListener.js:26:30)
    at innerInvokeEventListeners (C:\Users\Admin\graceful_books\node_modules\jsdom\lib\jsdom\living\events\EventTarget-impl.js:350:25)
Error: Uncaught [Error: useNavigate() may be used only in the context of a <Router> component.]
    at reportException (C:\Users\Admin\graceful_books\node_modules\jsdom\lib\jsdom\living\helpers\runtime-script-errors.js:66:24)
    at innerInvokeEventListeners (C:\Users\Admin\graceful_books\node_modules\jsdom\lib\jsdom\living\events\EventTarget-impl.js:353:9)
    at invokeEventListeners (C:\Users\Admin\graceful_books\node_modules\jsdom\lib\jsdom\living\events\EventTarget-impl.js:286:3)
    at HTMLUnknownElementImpl._dispatch (C:\Users\Admin\graceful_books\node_modules\jsdom\lib\jsdom\living\events\EventTarget-impl.js:233:9)
    at HTMLUnknownElementImpl.dispatchEvent (C:\Users\Admin\graceful_books\node_modules\jsdom\lib\jsdom\living\events\EventTarget-impl.js:104:17)
    at HTMLUnknownElement.dispatchEvent (C:\Users\Admin\graceful_books\node_modules\jsdom\lib\jsdom\living\generated\EventTarget.js:241:34)
    at Object.invokeGuardedCallbackDev (C:\Users\Admin\graceful_books\node_modules\react-dom\cjs\react-dom.development.js:4213:16)
    at invokeGuardedCallback (C:\Users\Admin\graceful_books\node_modules\react-dom\cjs\react-dom.development.js:4277:31)
    at beginWork$1 (C:\Users\Admin\graceful_books\node_modules\react-dom\cjs\react-dom.development.js:27490:7)
    at performUnitOfWork (C:\Users\Admin\graceful_books\node_modules\react-dom\cjs\react-dom.development.js:26599:12) Error: useNavigate() may be used only in the context of a <Router> component.
    at Object.invariant [as UNSAFE_invariant] (C:\Users\Admin\graceful_books\node_modules\@remix-run\router\dist\router.cjs.js:315:11)
    at useNavigateUnstable (C:\Users\Admin\graceful_books\node_modules\react-router\dist\umd\react-router.development.js:223:36)
    at useNavigate (C:\Users\Admin\graceful_books\node_modules\react-router\dist\umd\react-router.development.js:220:48)
    at AccountCard (C:/Users/Admin/graceful_books/src/components/accounts/AccountCard.tsx:124:20)
    at renderWithHooks (C:\Users\Admin\graceful_books\node_modules\react-dom\cjs\react-dom.development.js:15486:18)
    at mountIndeterminateComponent (C:\Users\Admin\graceful_books\node_modules\react-dom\cjs\react-dom.development.js:20103:13)
    at beginWork (C:\Users\Admin\graceful_books\node_modules\react-dom\cjs\react-dom.development.js:21626:16)
    at HTMLUnknownElement.callCallback (C:\Users\Admin\graceful_books\node_modules\react-dom\cjs\react-dom.development.js:4164:14)
    at HTMLUnknownElement.callTheUserObjectsOperation (C:\Users\Admin\graceful_books\node_modules\jsdom\lib\jsdom\living\generated\EventListener.js:26:30)
    at innerInvokeEventListeners (C:\Users\Admin\graceful_books\node_modules\jsdom\lib\jsdom\living\events\EventTarget-impl.js:350:25)
Error: Uncaught [Error: useNavigate() may be used only in the context of a <Router> component.]
    at reportException (C:\Users\Admin\graceful_books\node_modules\jsdom\lib\jsdom\living\helpers\runtime-script-errors.js:66:24)
    at innerInvokeEventListeners (C:\Users\Admin\graceful_books\node_modules\jsdom\lib\jsdom\living\events\EventTarget-impl.js:353:9)
    at invokeEventListeners (C:\Users\Admin\graceful_books\node_modules\jsdom\lib\jsdom\living\events\EventTarget-impl.js:286:3)
    at HTMLUnknownElementImpl._dispatch (C:\Users\Admin\graceful_books\node_modules\jsdom\lib\jsdom\living\events\EventTarget-impl.js:233:9)
    at HTMLUnknownElementImpl.dispatchEvent (C:\Users\Admin\graceful_books\node_modules\jsdom\lib\jsdom\living\events\EventTarget-impl.js:104:17)
    at HTMLUnknownElement.dispatchEvent (C:\Users\Admin\graceful_books\node_modules\jsdom\lib\jsdom\living\generated\EventTarget.js:241:34)
    at Object.invokeGuardedCallbackDev (C:\Users\Admin\graceful_books\node_modules\react-dom\cjs\react-dom.development.js:4213:16)
    at invokeGuardedCallback (C:\Users\Admin\graceful_books\node_modules\react-dom\cjs\react-dom.development.js:4277:31)
    at beginWork$1 (C:\Users\Admin\graceful_books\node_modules\react-dom\cjs\react-dom.development.js:27490:7)
    at performUnitOfWork (C:\Users\Admin\graceful_books\node_modules\react-dom\cjs\react-dom.development.js:26599:12) Error: useNavigate() may be used only in the context of a <Router> component.
    at Object.invariant [as UNSAFE_invariant] (C:\Users\Admin\graceful_books\node_modules\@remix-run\router\dist\router.cjs.js:315:11)
    at useNavigateUnstable (C:\Users\Admin\graceful_books\node_modules\react-router\dist\umd\react-router.development.js:223:36)
    at useNavigate (C:\Users\Admin\graceful_books\node_modules\react-router\dist\umd\react-router.development.js:220:48)
    at AccountCard (C:/Users/Admin/graceful_books/src/components/accounts/AccountCard.tsx:124:20)
    at renderWithHooks (C:\Users\Admin\graceful_books\node_modules\react-dom\cjs\react-dom.development.js:15486:18)
    at mountIndeterminateComponent (C:\Users\Admin\graceful_books\node_modules\react-dom\cjs\react-dom.development.js:20103:13)
    at beginWork (C:\Users\Admin\graceful_books\node_modules\react-dom\cjs\react-dom.development.js:21626:16)
    at HTMLUnknownElement.callCallback (C:\Users\Admin\graceful_books\node_modules\react-dom\cjs\react-dom.development.js:4164:14)
    at HTMLUnknownElement.callTheUserObjectsOperation (C:\Users\Admin\graceful_books\node_modules\jsdom\lib\jsdom\living\generated\EventListener.js:26:30)
    at innerInvokeEventListeners (C:\Users\Admin\graceful_books\node_modules\jsdom\lib\jsdom\living\events\EventTarget-impl.js:350:25)
Error: Uncaught [Error: useNavigate() may be used only in the context of a <Router> component.]
    at reportException (C:\Users\Admin\graceful_books\node_modules\jsdom\lib\jsdom\living\helpers\runtime-script-errors.js:66:24)
    at innerInvokeEventListeners (C:\Users\Admin\graceful_books\node_modules\jsdom\lib\jsdom\living\events\EventTarget-impl.js:353:9)
    at invokeEventListeners (C:\Users\Admin\graceful_books\node_modules\jsdom\lib\jsdom\living\events\EventTarget-impl.js:286:3)
    at HTMLUnknownElementImpl._dispatch (C:\Users\Admin\graceful_books\node_modules\jsdom\lib\jsdom\living\events\EventTarget-impl.js:233:9)
    at HTMLUnknownElementImpl.dispatchEvent (C:\Users\Admin\graceful_books\node_modules\jsdom\lib\jsdom\living\events\EventTarget-impl.js:104:17)
    at HTMLUnknownElement.dispatchEvent (C:\Users\Admin\graceful_books\node_modules\jsdom\lib\jsdom\living\generated\EventTarget.js:241:34)
    at Object.invokeGuardedCallbackDev (C:\Users\Admin\graceful_books\node_modules\react-dom\cjs\react-dom.development.js:4213:16)
    at invokeGuardedCallback (C:\Users\Admin\graceful_books\node_modules\react-dom\cjs\react-dom.development.js:4277:31)
    at beginWork$1 (C:\Users\Admin\graceful_books\node_modules\react-dom\cjs\react-dom.development.js:27490:7)
    at performUnitOfWork (C:\Users\Admin\graceful_books\node_modules\react-dom\cjs\react-dom.development.js:26599:12) Error: useNavigate() may be used only in the context of a <Router> component.
    at Object.invariant [as UNSAFE_invariant] (C:\Users\Admin\graceful_books\node_modules\@remix-run\router\dist\router.cjs.js:315:11)
    at useNavigateUnstable (C:\Users\Admin\graceful_books\node_modules\react-router\dist\umd\react-router.development.js:223:36)
    at useNavigate (C:\Users\Admin\graceful_books\node_modules\react-router\dist\umd\react-router.development.js:220:48)
    at AccountCard (C:/Users/Admin/graceful_books/src/components/accounts/AccountCard.tsx:124:20)
    at renderWithHooks (C:\Users\Admin\graceful_books\node_modules\react-dom\cjs\react-dom.development.js:15486:18)
    at mountIndeterminateComponent (C:\Users\Admin\graceful_books\node_modules\react-dom\cjs\react-dom.development.js:20103:13)
    at beginWork (C:\Users\Admin\graceful_books\node_modules\react-dom\cjs\react-dom.development.js:21626:16)
    at HTMLUnknownElement.callCallback (C:\Users\Admin\graceful_books\node_modules\react-dom\cjs\react-dom.development.js:4164:14)
    at HTMLUnknownElement.callTheUserObjectsOperation (C:\Users\Admin\graceful_books\node_modules\jsdom\lib\jsdom\living\generated\EventListener.js:26:30)
    at innerInvokeEventListeners (C:\Users\Admin\graceful_books\node_modules\jsdom\lib\jsdom\living\events\EventTarget-impl.js:350:25)
Error: Uncaught [Error: useNavigate() may be used only in the context of a <Router> component.]
    at reportException (C:\Users\Admin\graceful_books\node_modules\jsdom\lib\jsdom\living\helpers\runtime-script-errors.js:66:24)
    at innerInvokeEventListeners (C:\Users\Admin\graceful_books\node_modules\jsdom\lib\jsdom\living\events\EventTarget-impl.js:353:9)
    at invokeEventListeners (C:\Users\Admin\graceful_books\node_modules\jsdom\lib\jsdom\living\events\EventTarget-impl.js:286:3)
    at HTMLUnknownElementImpl._dispatch (C:\Users\Admin\graceful_books\node_modules\jsdom\lib\jsdom\living\events\EventTarget-impl.js:233:9)
    at HTMLUnknownElementImpl.dispatchEvent (C:\Users\Admin\graceful_books\node_modules\jsdom\lib\jsdom\living\events\EventTarget-impl.js:104:17)
    at HTMLUnknownElement.dispatchEvent (C:\Users\Admin\graceful_books\node_modules\jsdom\lib\jsdom\living\generated\EventTarget.js:241:34)
    at Object.invokeGuardedCallbackDev (C:\Users\Admin\graceful_books\node_modules\react-dom\cjs\react-dom.development.js:4213:16)
    at invokeGuardedCallback (C:\Users\Admin\graceful_books\node_modules\react-dom\cjs\react-dom.development.js:4277:31)
    at beginWork$1 (C:\Users\Admin\graceful_books\node_modules\react-dom\cjs\react-dom.development.js:27490:7)
    at performUnitOfWork (C:\Users\Admin\graceful_books\node_modules\react-dom\cjs\react-dom.development.js:26599:12) Error: useNavigate() may be used only in the context of a <Router> component.
    at Object.invariant [as UNSAFE_invariant] (C:\Users\Admin\graceful_books\node_modules\@remix-run\router\dist\router.cjs.js:315:11)
    at useNavigateUnstable (C:\Users\Admin\graceful_books\node_modules\react-router\dist\umd\react-router.development.js:223:36)
    at useNavigate (C:\Users\Admin\graceful_books\node_modules\react-router\dist\umd\react-router.development.js:220:48)
    at AccountCard (C:/Users/Admin/graceful_books/src/components/accounts/AccountCard.tsx:124:20)
    at renderWithHooks (C:\Users\Admin\graceful_books\node_modules\react-dom\cjs\react-dom.development.js:15486:18)
    at mountIndeterminateComponent (C:\Users\Admin\graceful_books\node_modules\react-dom\cjs\react-dom.development.js:20103:13)
    at beginWork (C:\Users\Admin\graceful_books\node_modules\react-dom\cjs\react-dom.development.js:21626:16)
    at HTMLUnknownElement.callCallback (C:\Users\Admin\graceful_books\node_modules\react-dom\cjs\react-dom.development.js:4164:14)
    at HTMLUnknownElement.callTheUserObjectsOperation (C:\Users\Admin\graceful_books\node_modules\jsdom\lib\jsdom\living\generated\EventListener.js:26:30)
    at innerInvokeEventListeners (C:\Users\Admin\graceful_books\node_modules\jsdom\lib\jsdom\living\events\EventTarget-impl.js:350:25)
Error: Uncaught [Error: useNavigate() may be used only in the context of a <Router> component.]
    at reportException (C:\Users\Admin\graceful_books\node_modules\jsdom\lib\jsdom\living\helpers\runtime-script-errors.js:66:24)
    at innerInvokeEventListeners (C:\Users\Admin\graceful_books\node_modules\jsdom\lib\jsdom\living\events\EventTarget-impl.js:353:9)
    at invokeEventListeners (C:\Users\Admin\graceful_books\node_modules\jsdom\lib\jsdom\living\events\EventTarget-impl.js:286:3)
    at HTMLUnknownElementImpl._dispatch (C:\Users\Admin\graceful_books\node_modules\jsdom\lib\jsdom\living\events\EventTarget-impl.js:233:9)
    at HTMLUnknownElementImpl.dispatchEvent (C:\Users\Admin\graceful_books\node_modules\jsdom\lib\jsdom\living\events\EventTarget-impl.js:104:17)
    at HTMLUnknownElement.dispatchEvent (C:\Users\Admin\graceful_books\node_modules\jsdom\lib\jsdom\living\generated\EventTarget.js:241:34)
    at Object.invokeGuardedCallbackDev (C:\Users\Admin\graceful_books\node_modules\react-dom\cjs\react-dom.development.js:4213:16)
    at invokeGuardedCallback (C:\Users\Admin\graceful_books\node_modules\react-dom\cjs\react-dom.development.js:4277:31)
    at beginWork$1 (C:\Users\Admin\graceful_books\node_modules\react-dom\cjs\react-dom.development.js:27490:7)
    at performUnitOfWork (C:\Users\Admin\graceful_books\node_modules\react-dom\cjs\react-dom.development.js:26599:12) Error: useNavigate() may be used only in the context of a <Router> component.
    at Object.invariant [as UNSAFE_invariant] (C:\Users\Admin\graceful_books\node_modules\@remix-run\router\dist\router.cjs.js:315:11)
    at useNavigateUnstable (C:\Users\Admin\graceful_books\node_modules\react-router\dist\umd\react-router.development.js:223:36)
    at useNavigate (C:\Users\Admin\graceful_books\node_modules\react-router\dist\umd\react-router.development.js:220:48)
    at AccountCard (C:/Users/Admin/graceful_books/src/components/accounts/AccountCard.tsx:124:20)
    at renderWithHooks (C:\Users\Admin\graceful_books\node_modules\react-dom\cjs\react-dom.development.js:15486:18)
    at mountIndeterminateComponent (C:\Users\Admin\graceful_books\node_modules\react-dom\cjs\react-dom.development.js:20103:13)
    at beginWork (C:\Users\Admin\graceful_books\node_modules\react-dom\cjs\react-dom.development.js:21626:16)
    at HTMLUnknownElement.callCallback (C:\Users\Admin\graceful_books\node_modules\react-dom\cjs\react-dom.development.js:4164:14)
    at HTMLUnknownElement.callTheUserObjectsOperation (C:\Users\Admin\graceful_books\node_modules\jsdom\lib\jsdom\living\generated\EventListener.js:26:30)
    at innerInvokeEventListeners (C:\Users\Admin\graceful_books\node_modules\jsdom\lib\jsdom\living\events\EventTarget-impl.js:350:25)
Error: Uncaught [Error: useNavigate() may be used only in the context of a <Router> component.]
    at reportException (C:\Users\Admin\graceful_books\node_modules\jsdom\lib\jsdom\living\helpers\runtime-script-errors.js:66:24)
    at innerInvokeEventListeners (C:\Users\Admin\graceful_books\node_modules\jsdom\lib\jsdom\living\events\EventTarget-impl.js:353:9)
    at invokeEventListeners (C:\Users\Admin\graceful_books\node_modules\jsdom\lib\jsdom\living\events\EventTarget-impl.js:286:3)
    at HTMLUnknownElementImpl._dispatch (C:\Users\Admin\graceful_books\node_modules\jsdom\lib\jsdom\living\events\EventTarget-impl.js:233:9)
    at HTMLUnknownElementImpl.dispatchEvent (C:\Users\Admin\graceful_books\node_modules\jsdom\lib\jsdom\living\events\EventTarget-impl.js:104:17)
    at HTMLUnknownElement.dispatchEvent (C:\Users\Admin\graceful_books\node_modules\jsdom\lib\jsdom\living\generated\EventTarget.js:241:34)
    at Object.invokeGuardedCallbackDev (C:\Users\Admin\graceful_books\node_modules\react-dom\cjs\react-dom.development.js:4213:16)
    at invokeGuardedCallback (C:\Users\Admin\graceful_books\node_modules\react-dom\cjs\react-dom.development.js:4277:31)
    at beginWork$1 (C:\Users\Admin\graceful_books\node_modules\react-dom\cjs\react-dom.development.js:27490:7)
    at performUnitOfWork (C:\Users\Admin\graceful_books\node_modules\react-dom\cjs\react-dom.development.js:26599:12) Error: useNavigate() may be used only in the context of a <Router> component.
    at Object.invariant [as UNSAFE_invariant] (C:\Users\Admin\graceful_books\node_modules\@remix-run\router\dist\router.cjs.js:315:11)
    at useNavigateUnstable (C:\Users\Admin\graceful_books\node_modules\react-router\dist\umd\react-router.development.js:223:36)
    at useNavigate (C:\Users\Admin\graceful_books\node_modules\react-router\dist\umd\react-router.development.js:220:48)
    at AccountCard (C:/Users/Admin/graceful_books/src/components/accounts/AccountCard.tsx:124:20)
    at renderWithHooks (C:\Users\Admin\graceful_books\node_modules\react-dom\cjs\react-dom.development.js:15486:18)
    at mountIndeterminateComponent (C:\Users\Admin\graceful_books\node_modules\react-dom\cjs\react-dom.development.js:20103:13)
    at beginWork (C:\Users\Admin\graceful_books\node_modules\react-dom\cjs\react-dom.development.js:21626:16)
    at HTMLUnknownElement.callCallback (C:\Users\Admin\graceful_books\node_modules\react-dom\cjs\react-dom.development.js:4164:14)
    at HTMLUnknownElement.callTheUserObjectsOperation (C:\Users\Admin\graceful_books\node_modules\jsdom\lib\jsdom\living\generated\EventListener.js:26:30)
    at innerInvokeEventListeners (C:\Users\Admin\graceful_books\node_modules\jsdom\lib\jsdom\living\events\EventTarget-impl.js:350:25)
Error: Uncaught [Error: useNavigate() may be used only in the context of a <Router> component.]
    at reportException (C:\Users\Admin\graceful_books\node_modules\jsdom\lib\jsdom\living\helpers\runtime-script-errors.js:66:24)
    at innerInvokeEventListeners (C:\Users\Admin\graceful_books\node_modules\jsdom\lib\jsdom\living\events\EventTarget-impl.js:353:9)
    at invokeEventListeners (C:\Users\Admin\graceful_books\node_modules\jsdom\lib\jsdom\living\events\EventTarget-impl.js:286:3)
    at HTMLUnknownElementImpl._dispatch (C:\Users\Admin\graceful_books\node_modules\jsdom\lib\jsdom\living\events\EventTarget-impl.js:233:9)
    at HTMLUnknownElementImpl.dispatchEvent (C:\Users\Admin\graceful_books\node_modules\jsdom\lib\jsdom\living\events\EventTarget-impl.js:104:17)
    at HTMLUnknownElement.dispatchEvent (C:\Users\Admin\graceful_books\node_modules\jsdom\lib\jsdom\living\generated\EventTarget.js:241:34)
    at Object.invokeGuardedCallbackDev (C:\Users\Admin\graceful_books\node_modules\react-dom\cjs\react-dom.development.js:4213:16)
    at invokeGuardedCallback (C:\Users\Admin\graceful_books\node_modules\react-dom\cjs\react-dom.development.js:4277:31)
    at beginWork$1 (C:\Users\Admin\graceful_books\node_modules\react-dom\cjs\react-dom.development.js:27490:7)
    at performUnitOfWork (C:\Users\Admin\graceful_books\node_modules\react-dom\cjs\react-dom.development.js:26599:12) Error: useNavigate() may be used only in the context of a <Router> component.
    at Object.invariant [as UNSAFE_invariant] (C:\Users\Admin\graceful_books\node_modules\@remix-run\router\dist\router.cjs.js:315:11)
    at useNavigateUnstable (C:\Users\Admin\graceful_books\node_modules\react-router\dist\umd\react-router.development.js:223:36)
    at useNavigate (C:\Users\Admin\graceful_books\node_modules\react-router\dist\umd\react-router.development.js:220:48)
    at AccountCard (C:/Users/Admin/graceful_books/src/components/accounts/AccountCard.tsx:124:20)
    at renderWithHooks (C:\Users\Admin\graceful_books\node_modules\react-dom\cjs\react-dom.development.js:15486:18)
    at mountIndeterminateComponent (C:\Users\Admin\graceful_books\node_modules\react-dom\cjs\react-dom.development.js:20103:13)
    at beginWork (C:\Users\Admin\graceful_books\node_modules\react-dom\cjs\react-dom.development.js:21626:16)
    at HTMLUnknownElement.callCallback (C:\Users\Admin\graceful_books\node_modules\react-dom\cjs\react-dom.development.js:4164:14)
    at HTMLUnknownElement.callTheUserObjectsOperation (C:\Users\Admin\graceful_books\node_modules\jsdom\lib\jsdom\living\generated\EventListener.js:26:30)
    at innerInvokeEventListeners (C:\Users\Admin\graceful_books\node_modules\jsdom\lib\jsdom\living\events\EventTarget-impl.js:350:25)
Error: Uncaught [Error: useNavigate() may be used only in the context of a <Router> component.]
    at reportException (C:\Users\Admin\graceful_books\node_modules\jsdom\lib\jsdom\living\helpers\runtime-script-errors.js:66:24)
    at innerInvokeEventListeners (C:\Users\Admin\graceful_books\node_modules\jsdom\lib\jsdom\living\events\EventTarget-impl.js:353:9)
    at invokeEventListeners (C:\Users\Admin\graceful_books\node_modules\jsdom\lib\jsdom\living\events\EventTarget-impl.js:286:3)
    at HTMLUnknownElementImpl._dispatch (C:\Users\Admin\graceful_books\node_modules\jsdom\lib\jsdom\living\events\EventTarget-impl.js:233:9)
    at HTMLUnknownElementImpl.dispatchEvent (C:\Users\Admin\graceful_books\node_modules\jsdom\lib\jsdom\living\events\EventTarget-impl.js:104:17)
    at HTMLUnknownElement.dispatchEvent (C:\Users\Admin\graceful_books\node_modules\jsdom\lib\jsdom\living\generated\EventTarget.js:241:34)
    at Object.invokeGuardedCallbackDev (C:\Users\Admin\graceful_books\node_modules\react-dom\cjs\react-dom.development.js:4213:16)
    at invokeGuardedCallback (C:\Users\Admin\graceful_books\node_modules\react-dom\cjs\react-dom.development.js:4277:31)
    at beginWork$1 (C:\Users\Admin\graceful_books\node_modules\react-dom\cjs\react-dom.development.js:27490:7)
    at performUnitOfWork (C:\Users\Admin\graceful_books\node_modules\react-dom\cjs\react-dom.development.js:26599:12) Error: useNavigate() may be used only in the context of a <Router> component.
    at Object.invariant [as UNSAFE_invariant] (C:\Users\Admin\graceful_books\node_modules\@remix-run\router\dist\router.cjs.js:315:11)
    at useNavigateUnstable (C:\Users\Admin\graceful_books\node_modules\react-router\dist\umd\react-router.development.js:223:36)
    at useNavigate (C:\Users\Admin\graceful_books\node_modules\react-router\dist\umd\react-router.development.js:220:48)
    at AccountCard (C:/Users/Admin/graceful_books/src/components/accounts/AccountCard.tsx:124:20)
    at renderWithHooks (C:\Users\Admin\graceful_books\node_modules\react-dom\cjs\react-dom.development.js:15486:18)
    at mountIndeterminateComponent (C:\Users\Admin\graceful_books\node_modules\react-dom\cjs\react-dom.development.js:20103:13)
    at beginWork (C:\Users\Admin\graceful_books\node_modules\react-dom\cjs\react-dom.development.js:21626:16)
    at HTMLUnknownElement.callCallback (C:\Users\Admin\graceful_books\node_modules\react-dom\cjs\react-dom.development.js:4164:14)
    at HTMLUnknownElement.callTheUserObjectsOperation (C:\Users\Admin\graceful_books\node_modules\jsdom\lib\jsdom\living\generated\EventListener.js:26:30)
    at innerInvokeEventListeners (C:\Users\Admin\graceful_books\node_modules\jsdom\lib\jsdom\living\events\EventTarget-impl.js:350:25)
Error: Uncaught [Error: useNavigate() may be used only in the context of a <Router> component.]
    at reportException (C:\Users\Admin\graceful_books\node_modules\jsdom\lib\jsdom\living\helpers\runtime-script-errors.js:66:24)
    at innerInvokeEventListeners (C:\Users\Admin\graceful_books\node_modules\jsdom\lib\jsdom\living\events\EventTarget-impl.js:353:9)
    at invokeEventListeners (C:\Users\Admin\graceful_books\node_modules\jsdom\lib\jsdom\living\events\EventTarget-impl.js:286:3)
    at HTMLUnknownElementImpl._dispatch (C:\Users\Admin\graceful_books\node_modules\jsdom\lib\jsdom\living\events\EventTarget-impl.js:233:9)
    at HTMLUnknownElementImpl.dispatchEvent (C:\Users\Admin\graceful_books\node_modules\jsdom\lib\jsdom\living\events\EventTarget-impl.js:104:17)
    at HTMLUnknownElement.dispatchEvent (C:\Users\Admin\graceful_books\node_modules\jsdom\lib\jsdom\living\generated\EventTarget.js:241:34)
    at Object.invokeGuardedCallbackDev (C:\Users\Admin\graceful_books\node_modules\react-dom\cjs\react-dom.development.js:4213:16)
    at invokeGuardedCallback (C:\Users\Admin\graceful_books\node_modules\react-dom\cjs\react-dom.development.js:4277:31)
    at beginWork$1 (C:\Users\Admin\graceful_books\node_modules\react-dom\cjs\react-dom.development.js:27490:7)
    at performUnitOfWork (C:\Users\Admin\graceful_books\node_modules\react-dom\cjs\react-dom.development.js:26599:12) Error: useNavigate() may be used only in the context of a <Router> component.
    at Object.invariant [as UNSAFE_invariant] (C:\Users\Admin\graceful_books\node_modules\@remix-run\router\dist\router.cjs.js:315:11)
    at useNavigateUnstable (C:\Users\Admin\graceful_books\node_modules\react-router\dist\umd\react-router.development.js:223:36)
    at useNavigate (C:\Users\Admin\graceful_books\node_modules\react-router\dist\umd\react-router.development.js:220:48)
    at AccountCard (C:/Users/Admin/graceful_books/src/components/accounts/AccountCard.tsx:124:20)
    at renderWithHooks (C:\Users\Admin\graceful_books\node_modules\react-dom\cjs\react-dom.development.js:15486:18)
    at mountIndeterminateComponent (C:\Users\Admin\graceful_books\node_modules\react-dom\cjs\react-dom.development.js:20103:13)
    at beginWork (C:\Users\Admin\graceful_books\node_modules\react-dom\cjs\react-dom.development.js:21626:16)
    at HTMLUnknownElement.callCallback (C:\Users\Admin\graceful_books\node_modules\react-dom\cjs\react-dom.development.js:4164:14)
    at HTMLUnknownElement.callTheUserObjectsOperation (C:\Users\Admin\graceful_books\node_modules\jsdom\lib\jsdom\living\generated\EventListener.js:26:30)
    at innerInvokeEventListeners (C:\Users\Admin\graceful_books\node_modules\jsdom\lib\jsdom\living\events\EventTarget-impl.js:350:25)
Error: Uncaught [Error: useNavigate() may be used only in the context of a <Router> component.]
    at reportException (C:\Users\Admin\graceful_books\node_modules\jsdom\lib\jsdom\living\helpers\runtime-script-errors.js:66:24)
    at innerInvokeEventListeners (C:\Users\Admin\graceful_books\node_modules\jsdom\lib\jsdom\living\events\EventTarget-impl.js:353:9)
    at invokeEventListeners (C:\Users\Admin\graceful_books\node_modules\jsdom\lib\jsdom\living\events\EventTarget-impl.js:286:3)
    at HTMLUnknownElementImpl._dispatch (C:\Users\Admin\graceful_books\node_modules\jsdom\lib\jsdom\living\events\EventTarget-impl.js:233:9)
    at HTMLUnknownElementImpl.dispatchEvent (C:\Users\Admin\graceful_books\node_modules\jsdom\lib\jsdom\living\events\EventTarget-impl.js:104:17)
    at HTMLUnknownElement.dispatchEvent (C:\Users\Admin\graceful_books\node_modules\jsdom\lib\jsdom\living\generated\EventTarget.js:241:34)
    at Object.invokeGuardedCallbackDev (C:\Users\Admin\graceful_books\node_modules\react-dom\cjs\react-dom.development.js:4213:16)
    at invokeGuardedCallback (C:\Users\Admin\graceful_books\node_modules\react-dom\cjs\react-dom.development.js:4277:31)
    at beginWork$1 (C:\Users\Admin\graceful_books\node_modules\react-dom\cjs\react-dom.development.js:27490:7)
    at performUnitOfWork (C:\Users\Admin\graceful_books\node_modules\react-dom\cjs\react-dom.development.js:26599:12) Error: useNavigate() may be used only in the context of a <Router> component.
    at Object.invariant [as UNSAFE_invariant] (C:\Users\Admin\graceful_books\node_modules\@remix-run\router\dist\router.cjs.js:315:11)
    at useNavigateUnstable (C:\Users\Admin\graceful_books\node_modules\react-router\dist\umd\react-router.development.js:223:36)
    at useNavigate (C:\Users\Admin\graceful_books\node_modules\react-router\dist\umd\react-router.development.js:220:48)
    at AccountCard (C:/Users/Admin/graceful_books/src/components/accounts/AccountCard.tsx:124:20)
    at renderWithHooks (C:\Users\Admin\graceful_books\node_modules\react-dom\cjs\react-dom.development.js:15486:18)
    at mountIndeterminateComponent (C:\Users\Admin\graceful_books\node_modules\react-dom\cjs\react-dom.development.js:20103:13)
    at beginWork (C:\Users\Admin\graceful_books\node_modules\react-dom\cjs\react-dom.development.js:21626:16)
    at HTMLUnknownElement.callCallback (C:\Users\Admin\graceful_books\node_modules\react-dom\cjs\react-dom.development.js:4164:14)
    at HTMLUnknownElement.callTheUserObjectsOperation (C:\Users\Admin\graceful_books\node_modules\jsdom\lib\jsdom\living\generated\EventListener.js:26:30)
    at innerInvokeEventListeners (C:\Users\Admin\graceful_books\node_modules\jsdom\lib\jsdom\living\events\EventTarget-impl.js:350:25)
Error: Uncaught [Error: useNavigate() may be used only in the context of a <Router> component.]
    at reportException (C:\Users\Admin\graceful_books\node_modules\jsdom\lib\jsdom\living\helpers\runtime-script-errors.js:66:24)
    at innerInvokeEventListeners (C:\Users\Admin\graceful_books\node_modules\jsdom\lib\jsdom\living\events\EventTarget-impl.js:353:9)
    at invokeEventListeners (C:\Users\Admin\graceful_books\node_modules\jsdom\lib\jsdom\living\events\EventTarget-impl.js:286:3)
    at HTMLUnknownElementImpl._dispatch (C:\Users\Admin\graceful_books\node_modules\jsdom\lib\jsdom\living\events\EventTarget-impl.js:233:9)
    at HTMLUnknownElementImpl.dispatchEvent (C:\Users\Admin\graceful_books\node_modules\jsdom\lib\jsdom\living\events\EventTarget-impl.js:104:17)
    at HTMLUnknownElement.dispatchEvent (C:\Users\Admin\graceful_books\node_modules\jsdom\lib\jsdom\living\generated\EventTarget.js:241:34)
    at Object.invokeGuardedCallbackDev (C:\Users\Admin\graceful_books\node_modules\react-dom\cjs\react-dom.development.js:4213:16)
    at invokeGuardedCallback (C:\Users\Admin\graceful_books\node_modules\react-dom\cjs\react-dom.development.js:4277:31)
    at beginWork$1 (C:\Users\Admin\graceful_books\node_modules\react-dom\cjs\react-dom.development.js:27490:7)
    at performUnitOfWork (C:\Users\Admin\graceful_books\node_modules\react-dom\cjs\react-dom.development.js:26599:12) Error: useNavigate() may be used only in the context of a <Router> component.
    at Object.invariant [as UNSAFE_invariant] (C:\Users\Admin\graceful_books\node_modules\@remix-run\router\dist\router.cjs.js:315:11)
    at useNavigateUnstable (C:\Users\Admin\graceful_books\node_modules\react-router\dist\umd\react-router.development.js:223:36)
    at useNavigate (C:\Users\Admin\graceful_books\node_modules\react-router\dist\umd\react-router.development.js:220:48)
    at AccountCard (C:/Users/Admin/graceful_books/src/components/accounts/AccountCard.tsx:124:20)
    at renderWithHooks (C:\Users\Admin\graceful_books\node_modules\react-dom\cjs\react-dom.development.js:15486:18)
    at mountIndeterminateComponent (C:\Users\Admin\graceful_books\node_modules\react-dom\cjs\react-dom.development.js:20103:13)
    at beginWork (C:\Users\Admin\graceful_books\node_modules\react-dom\cjs\react-dom.development.js:21626:16)
    at HTMLUnknownElement.callCallback (C:\Users\Admin\graceful_books\node_modules\react-dom\cjs\react-dom.development.js:4164:14)
    at HTMLUnknownElement.callTheUserObjectsOperation (C:\Users\Admin\graceful_books\node_modules\jsdom\lib\jsdom\living\generated\EventListener.js:26:30)
    at innerInvokeEventListeners (C:\Users\Admin\graceful_books\node_modules\jsdom\lib\jsdom\living\events\EventTarget-impl.js:350:25)
Error: Uncaught [Error: useNavigate() may be used only in the context of a <Router> component.]
    at reportException (C:\Users\Admin\graceful_books\node_modules\jsdom\lib\jsdom\living\helpers\runtime-script-errors.js:66:24)
    at innerInvokeEventListeners (C:\Users\Admin\graceful_books\node_modules\jsdom\lib\jsdom\living\events\EventTarget-impl.js:353:9)
    at invokeEventListeners (C:\Users\Admin\graceful_books\node_modules\jsdom\lib\jsdom\living\events\EventTarget-impl.js:286:3)
    at HTMLUnknownElementImpl._dispatch (C:\Users\Admin\graceful_books\node_modules\jsdom\lib\jsdom\living\events\EventTarget-impl.js:233:9)
    at HTMLUnknownElementImpl.dispatchEvent (C:\Users\Admin\graceful_books\node_modules\jsdom\lib\jsdom\living\events\EventTarget-impl.js:104:17)
    at HTMLUnknownElement.dispatchEvent (C:\Users\Admin\graceful_books\node_modules\jsdom\lib\jsdom\living\generated\EventTarget.js:241:34)
    at Object.invokeGuardedCallbackDev (C:\Users\Admin\graceful_books\node_modules\react-dom\cjs\react-dom.development.js:4213:16)
    at invokeGuardedCallback (C:\Users\Admin\graceful_books\node_modules\react-dom\cjs\react-dom.development.js:4277:31)
    at beginWork$1 (C:\Users\Admin\graceful_books\node_modules\react-dom\cjs\react-dom.development.js:27490:7)
    at performUnitOfWork (C:\Users\Admin\graceful_books\node_modules\react-dom\cjs\react-dom.development.js:26599:12) Error: useNavigate() may be used only in the context of a <Router> component.
    at Object.invariant [as UNSAFE_invariant] (C:\Users\Admin\graceful_books\node_modules\@remix-run\router\dist\router.cjs.js:315:11)
    at useNavigateUnstable (C:\Users\Admin\graceful_books\node_modules\react-router\dist\umd\react-router.development.js:223:36)
    at useNavigate (C:\Users\Admin\graceful_books\node_modules\react-router\dist\umd\react-router.development.js:220:48)
    at AccountCard (C:/Users/Admin/graceful_books/src/components/accounts/AccountCard.tsx:124:20)
    at renderWithHooks (C:\Users\Admin\graceful_books\node_modules\react-dom\cjs\react-dom.development.js:15486:18)
    at mountIndeterminateComponent (C:\Users\Admin\graceful_books\node_modules\react-dom\cjs\react-dom.development.js:20103:13)
    at beginWork (C:\Users\Admin\graceful_books\node_modules\react-dom\cjs\react-dom.development.js:21626:16)
    at HTMLUnknownElement.callCallback (C:\Users\Admin\graceful_books\node_modules\react-dom\cjs\react-dom.development.js:4164:14)
    at HTMLUnknownElement.callTheUserObjectsOperation (C:\Users\Admin\graceful_books\node_modules\jsdom\lib\jsdom\living\generated\EventListener.js:26:30)
    at innerInvokeEventListeners (C:\Users\Admin\graceful_books\node_modules\jsdom\lib\jsdom\living\events\EventTarget-impl.js:350:25)
Error: Uncaught [Error: useNavigate() may be used only in the context of a <Router> component.]
    at reportException (C:\Users\Admin\graceful_books\node_modules\jsdom\lib\jsdom\living\helpers\runtime-script-errors.js:66:24)
    at innerInvokeEventListeners (C:\Users\Admin\graceful_books\node_modules\jsdom\lib\jsdom\living\events\EventTarget-impl.js:353:9)
    at invokeEventListeners (C:\Users\Admin\graceful_books\node_modules\jsdom\lib\jsdom\living\events\EventTarget-impl.js:286:3)
    at HTMLUnknownElementImpl._dispatch (C:\Users\Admin\graceful_books\node_modules\jsdom\lib\jsdom\living\events\EventTarget-impl.js:233:9)
    at HTMLUnknownElementImpl.dispatchEvent (C:\Users\Admin\graceful_books\node_modules\jsdom\lib\jsdom\living\events\EventTarget-impl.js:104:17)
    at HTMLUnknownElement.dispatchEvent (C:\Users\Admin\graceful_books\node_modules\jsdom\lib\jsdom\living\generated\EventTarget.js:241:34)
    at Object.invokeGuardedCallbackDev (C:\Users\Admin\graceful_books\node_modules\react-dom\cjs\react-dom.development.js:4213:16)
    at invokeGuardedCallback (C:\Users\Admin\graceful_books\node_modules\react-dom\cjs\react-dom.development.js:4277:31)
    at beginWork$1 (C:\Users\Admin\graceful_books\node_modules\react-dom\cjs\react-dom.development.js:27490:7)
    at performUnitOfWork (C:\Users\Admin\graceful_books\node_modules\react-dom\cjs\react-dom.development.js:26599:12) Error: useNavigate() may be used only in the context of a <Router> component.
    at Object.invariant [as UNSAFE_invariant] (C:\Users\Admin\graceful_books\node_modules\@remix-run\router\dist\router.cjs.js:315:11)
    at useNavigateUnstable (C:\Users\Admin\graceful_books\node_modules\react-router\dist\umd\react-router.development.js:223:36)
    at useNavigate (C:\Users\Admin\graceful_books\node_modules\react-router\dist\umd\react-router.development.js:220:48)
    at AccountCard (C:/Users/Admin/graceful_books/src/components/accounts/AccountCard.tsx:124:20)
    at renderWithHooks (C:\Users\Admin\graceful_books\node_modules\react-dom\cjs\react-dom.development.js:15486:18)
    at mountIndeterminateComponent (C:\Users\Admin\graceful_books\node_modules\react-dom\cjs\react-dom.development.js:20103:13)
    at beginWork (C:\Users\Admin\graceful_books\node_modules\react-dom\cjs\react-dom.development.js:21626:16)
    at HTMLUnknownElement.callCallback (C:\Users\Admin\graceful_books\node_modules\react-dom\cjs\react-dom.development.js:4164:14)
    at HTMLUnknownElement.callTheUserObjectsOperation (C:\Users\Admin\graceful_books\node_modules\jsdom\lib\jsdom\living\generated\EventListener.js:26:30)
    at innerInvokeEventListeners (C:\Users\Admin\graceful_books\node_modules\jsdom\lib\jsdom\living\events\EventTarget-impl.js:350:25)
Error: Uncaught [Error: useNavigate() may be used only in the context of a <Router> component.]
    at reportException (C:\Users\Admin\graceful_books\node_modules\jsdom\lib\jsdom\living\helpers\runtime-script-errors.js:66:24)
    at innerInvokeEventListeners (C:\Users\Admin\graceful_books\node_modules\jsdom\lib\jsdom\living\events\EventTarget-impl.js:353:9)
    at invokeEventListeners (C:\Users\Admin\graceful_books\node_modules\jsdom\lib\jsdom\living\events\EventTarget-impl.js:286:3)
    at HTMLUnknownElementImpl._dispatch (C:\Users\Admin\graceful_books\node_modules\jsdom\lib\jsdom\living\events\EventTarget-impl.js:233:9)
    at HTMLUnknownElementImpl.dispatchEvent (C:\Users\Admin\graceful_books\node_modules\jsdom\lib\jsdom\living\events\EventTarget-impl.js:104:17)
    at HTMLUnknownElement.dispatchEvent (C:\Users\Admin\graceful_books\node_modules\jsdom\lib\jsdom\living\generated\EventTarget.js:241:34)
    at Object.invokeGuardedCallbackDev (C:\Users\Admin\graceful_books\node_modules\react-dom\cjs\react-dom.development.js:4213:16)
    at invokeGuardedCallback (C:\Users\Admin\graceful_books\node_modules\react-dom\cjs\react-dom.development.js:4277:31)
    at beginWork$1 (C:\Users\Admin\graceful_books\node_modules\react-dom\cjs\react-dom.development.js:27490:7)
    at performUnitOfWork (C:\Users\Admin\graceful_books\node_modules\react-dom\cjs\react-dom.development.js:26599:12) Error: useNavigate() may be used only in the context of a <Router> component.
    at Object.invariant [as UNSAFE_invariant] (C:\Users\Admin\graceful_books\node_modules\@remix-run\router\dist\router.cjs.js:315:11)
    at useNavigateUnstable (C:\Users\Admin\graceful_books\node_modules\react-router\dist\umd\react-router.development.js:223:36)
    at useNavigate (C:\Users\Admin\graceful_books\node_modules\react-router\dist\umd\react-router.development.js:220:48)
    at AccountCard (C:/Users/Admin/graceful_books/src/components/accounts/AccountCard.tsx:124:20)
    at renderWithHooks (C:\Users\Admin\graceful_books\node_modules\react-dom\cjs\react-dom.development.js:15486:18)
    at mountIndeterminateComponent (C:\Users\Admin\graceful_books\node_modules\react-dom\cjs\react-dom.development.js:20103:13)
    at beginWork (C:\Users\Admin\graceful_books\node_modules\react-dom\cjs\react-dom.development.js:21626:16)
    at HTMLUnknownElement.callCallback (C:\Users\Admin\graceful_books\node_modules\react-dom\cjs\react-dom.development.js:4164:14)
    at HTMLUnknownElement.callTheUserObjectsOperation (C:\Users\Admin\graceful_books\node_modules\jsdom\lib\jsdom\living\generated\EventListener.js:26:30)
    at innerInvokeEventListeners (C:\Users\Admin\graceful_books\node_modules\jsdom\lib\jsdom\living\events\EventTarget-impl.js:350:25)
stderr | src/components/accounts/AccountCard.test.tsx > AccountCard Component > actions > should support keyboard activation with Space
The above error occurred in the <AccountCard> component:

    at AccountCard (C:/Users/Admin/graceful_books/src/components/accounts/AccountCard.tsx:29:3)

Consider adding an error boundary to your tree to customize error handling behavior.
Visit https://reactjs.org/link/error-boundaries to learn more about error boundaries.

stderr | src/components/accounts/AccountCard.test.tsx > AccountCard Component > account types > should render asset type correctly
The above error occurred in the <AccountCard> component:

    at AccountCard (C:/Users/Admin/graceful_books/src/components/accounts/AccountCard.tsx:29:3)

Consider adding an error boundary to your tree to customize error handling behavior.
Visit https://reactjs.org/link/error-boundaries to learn more about error boundaries.

stderr | src/components/accounts/AccountCard.test.tsx > AccountCard Component > account types > should render liability type correctly
The above error occurred in the <AccountCard> component:

    at AccountCard (C:/Users/Admin/graceful_books/src/components/accounts/AccountCard.tsx:29:3)

Consider adding an error boundary to your tree to customize error handling behavior.
Visit https://reactjs.org/link/error-boundaries to learn more about error boundaries.

stderr | src/components/accounts/AccountCard.test.tsx > AccountCard Component > account types > should render equity type correctly
The above error occurred in the <AccountCard> component:

    at AccountCard (C:/Users/Admin/graceful_books/src/components/accounts/AccountCard.tsx:29:3)

Consider adding an error boundary to your tree to customize error handling behavior.
Visit https://reactjs.org/link/error-boundaries to learn more about error boundaries.

stderr | src/components/accounts/AccountCard.test.tsx > AccountCard Component > account types > should render income type correctly
The above error occurred in the <AccountCard> component:

    at AccountCard (C:/Users/Admin/graceful_books/src/components/accounts/AccountCard.tsx:29:3)

Consider adding an error boundary to your tree to customize error handling behavior.
Visit https://reactjs.org/link/error-boundaries to learn more about error boundaries.

stderr | src/components/accounts/AccountCard.test.tsx > AccountCard Component > account types > should render expense type correctly
The above error occurred in the <AccountCard> component:

    at AccountCard (C:/Users/Admin/graceful_books/src/components/accounts/AccountCard.tsx:29:3)

Consider adding an error boundary to your tree to customize error handling behavior.
Visit https://reactjs.org/link/error-boundaries to learn more about error boundaries.

stderr | src/components/accounts/AccountCard.test.tsx > AccountCard Component > account types > should render cost-of-goods-sold type correctly
The above error occurred in the <AccountCard> component:

    at AccountCard (C:/Users/Admin/graceful_books/src/components/accounts/AccountCard.tsx:29:3)

Consider adding an error boundary to your tree to customize error handling behavior.
Visit https://reactjs.org/link/error-boundaries to learn more about error boundaries.

stderr | src/components/accounts/AccountCard.test.tsx > AccountCard Component > account types > should render other-income type correctly
The above error occurred in the <AccountCard> component:

    at AccountCard (C:/Users/Admin/graceful_books/src/components/accounts/AccountCard.tsx:29:3)

Consider adding an error boundary to your tree to customize error handling behavior.
Visit https://reactjs.org/link/error-boundaries to learn more about error boundaries.

stderr | src/components/accounts/AccountCard.test.tsx > AccountCard Component > account types > should render other-expense type correctly
The above error occurred in the <AccountCard> component:

    at AccountCard (C:/Users/Admin/graceful_books/src/components/accounts/AccountCard.tsx:29:3)

Consider adding an error boundary to your tree to customize error handling behavior.
Visit https://reactjs.org/link/error-boundaries to learn more about error boundaries.

stderr | src/components/accounts/AccountCard.test.tsx > AccountCard Component > balance formatting > should format positive balance
The above error occurred in the <AccountCard> component:

    at AccountCard (C:/Users/Admin/graceful_books/src/components/accounts/AccountCard.tsx:29:3)

Consider adding an error boundary to your tree to customize error handling behavior.
Visit https://reactjs.org/link/error-boundaries to learn more about error boundaries.

stderr | src/components/accounts/AccountCard.test.tsx > AccountCard Component > balance formatting > should format negative balance
The above error occurred in the <AccountCard> component:

    at AccountCard (C:/Users/Admin/graceful_books/src/components/accounts/AccountCard.tsx:29:3)

Consider adding an error boundary to your tree to customize error handling behavior.
Visit https://reactjs.org/link/error-boundaries to learn more about error boundaries.

stderr | src/components/accounts/AccountCard.test.tsx > AccountCard Component > balance formatting > should format zero balance
The above error occurred in the <AccountCard> component:

    at AccountCard (C:/Users/Admin/graceful_books/src/components/accounts/AccountCard.tsx:29:3)

Consider adding an error boundary to your tree to customize error handling behavior.
Visit https://reactjs.org/link/error-boundaries to learn more about error boundaries.

stderr | src/components/accounts/AccountCard.test.tsx > AccountCard Component > balance formatting > should format decimal balance
The above error occurred in the <AccountCard> component:

    at AccountCard (C:/Users/Admin/graceful_books/src/components/accounts/AccountCard.tsx:29:3)

Consider adding an error boundary to your tree to customize error handling behavior.
Visit https://reactjs.org/link/error-boundaries to learn more about error boundaries.

stderr | src/components/accounts/AccountCard.test.tsx > AccountCard Component > custom styling > should accept custom className
The above error occurred in the <AccountCard> component:

    at AccountCard (C:/Users/Admin/graceful_books/src/components/accounts/AccountCard.tsx:29:3)

Consider adding an error boundary to your tree to customize error handling behavior.
Visit https://reactjs.org/link/error-boundaries to learn more about error boundaries.

stderr | src/components/accounts/AccountCard.test.tsx > AccountCard Component > custom styling > should apply clickable styles when onClick is provided
The above error occurred in the <AccountCard> component:

    at AccountCard (C:/Users/Admin/graceful_books/src/components/accounts/AccountCard.tsx:29:3)

Consider adding an error boundary to your tree to customize error handling behavior.
Visit https://reactjs.org/link/error-boundaries to learn more about error boundaries.

stderr | src/components/accounts/AccountCard.test.tsx > AccountCard Component > custom styling > should apply inactive styles when account is inactive
The above error occurred in the <AccountCard> component:

    at AccountCard (C:/Users/Admin/graceful_books/src/components/accounts/AccountCard.tsx:29:3)

Consider adding an error boundary to your tree to customize error handling behavior.
Visit https://reactjs.org/link/error-boundaries to learn more about error boundaries.

stderr | src/components/accounts/AccountCard.test.tsx > AccountCard Component > accessibility > should have no accessibility violations
The above error occurred in the <AccountCard> component:

    at AccountCard (C:/Users/Admin/graceful_books/src/components/accounts/AccountCard.tsx:29:3)

Consider adding an error boundary to your tree to customize error handling behavior.
Visit https://reactjs.org/link/error-boundaries to learn more about error boundaries.

stderr | src/components/accounts/AccountCard.test.tsx > AccountCard Component > accessibility > should have no accessibility violations with actions
The above error occurred in the <AccountCard> component:

    at AccountCard (C:/Users/Admin/graceful_books/src/components/accounts/AccountCard.tsx:29:3)

Consider adding an error boundary to your tree to customize error handling behavior.
Visit https://reactjs.org/link/error-boundaries to learn more about error boundaries.

stderr | src/components/accounts/AccountCard.test.tsx > AccountCard Component > accessibility > should have no accessibility violations when clickable
The above error occurred in the <AccountCard> component:

    at AccountCard (C:/Users/Admin/graceful_books/src/components/accounts/AccountCard.tsx:29:3)

Consider adding an error boundary to your tree to customize error handling behavior.
Visit https://reactjs.org/link/error-boundaries to learn more about error boundaries.

stderr | src/components/accounts/AccountCard.test.tsx > AccountCard Component > accessibility > should have role="button" when clickable
The above error occurred in the <AccountCard> component:

    at AccountCard (C:/Users/Admin/graceful_books/src/components/accounts/AccountCard.tsx:29:3)

Consider adding an error boundary to your tree to customize error handling behavior.
Visit https://reactjs.org/link/error-boundaries to learn more about error boundaries.

stderr | src/components/accounts/AccountCard.test.tsx > AccountCard Component > accessibility > should not have role="button" when not clickable
The above error occurred in the <AccountCard> component:

    at AccountCard (C:/Users/Admin/graceful_books/src/components/accounts/AccountCard.tsx:29:3)

Consider adding an error boundary to your tree to customize error handling behavior.
Visit https://reactjs.org/link/error-boundaries to learn more about error boundaries.

stderr | src/components/accounts/AccountCard.test.tsx > AccountCard Component > accessibility > should be keyboard focusable when clickable
The above error occurred in the <AccountCard> component:

    at AccountCard (C:/Users/Admin/graceful_books/src/components/accounts/AccountCard.tsx:29:3)

Consider adding an error boundary to your tree to customize error handling behavior.
Visit https://reactjs.org/link/error-boundaries to learn more about error boundaries.

stderr | src/components/accounts/AccountCard.test.tsx > AccountCard Component > accessibility > should have aria-label for account
The above error occurred in the <AccountCard> component:

    at AccountCard (C:/Users/Admin/graceful_books/src/components/accounts/AccountCard.tsx:29:3)

Consider adding an error boundary to your tree to customize error handling behavior.
Visit https://reactjs.org/link/error-boundaries to learn more about error boundaries.

stderr | src/components/accounts/AccountCard.test.tsx > AccountCard Component > accessibility > should have aria-label for balance
The above error occurred in the <AccountCard> component:

    at AccountCard (C:/Users/Admin/graceful_books/src/components/accounts/AccountCard.tsx:29:3)

Consider adding an error boundary to your tree to customize error handling behavior.
Visit https://reactjs.org/link/error-boundaries to learn more about error boundaries.

stderr | src/components/accounts/AccountCard.test.tsx > AccountCard Component > accessibility > should have aria-label for account number
The above error occurred in the <AccountCard> component:

    at AccountCard (C:/Users/Admin/graceful_books/src/components/accounts/AccountCard.tsx:29:3)

Consider adding an error boundary to your tree to customize error handling behavior.
Visit https://reactjs.org/link/error-boundaries to learn more about error boundaries.

stderr | src/components/accounts/AccountCard.test.tsx > AccountCard Component > accessibility > should have aria-label for account type
The above error occurred in the <AccountCard> component:

    at AccountCard (C:/Users/Admin/graceful_books/src/components/accounts/AccountCard.tsx:29:3)

Consider adding an error boundary to your tree to customize error handling behavior.
Visit https://reactjs.org/link/error-boundaries to learn more about error boundaries.

stderr | src/components/accounts/AccountCard.test.tsx > AccountCard Component > edge cases > should handle account without number
The above error occurred in the <AccountCard> component:

    at AccountCard (C:/Users/Admin/graceful_books/src/components/accounts/AccountCard.tsx:29:3)

Consider adding an error boundary to your tree to customize error handling behavior.
Visit https://reactjs.org/link/error-boundaries to learn more about error boundaries.

stderr | src/components/accounts/AccountCard.test.tsx > AccountCard Component > edge cases > should handle account without description
The above error occurred in the <AccountCard> component:

    at AccountCard (C:/Users/Admin/graceful_books/src/components/accounts/AccountCard.tsx:29:3)

Consider adding an error boundary to your tree to customize error handling behavior.
Visit https://reactjs.org/link/error-boundaries to learn more about error boundaries.

stderr | src/components/accounts/AccountCard.test.tsx > AccountCard Component > edge cases > should handle very long account names
The above error occurred in the <AccountCard> component:

    at AccountCard (C:/Users/Admin/graceful_books/src/components/accounts/AccountCard.tsx:29:3)

Consider adding an error boundary to your tree to customize error handling behavior.
Visit https://reactjs.org/link/error-boundaries to learn more about error boundaries.

stderr | src/components/accounts/AccountCard.test.tsx > AccountCard Component > edge cases > should handle very large balances
The above error occurred in the <AccountCard> component:

    at AccountCard (C:/Users/Admin/graceful_books/src/components/accounts/AccountCard.tsx:29:3)

Consider adding an error boundary to your tree to customize error handling behavior.
Visit https://reactjs.org/link/error-boundaries to learn more about error boundaries.

 ❯ src/components/accounts/AccountCard.test.tsx (47 tests | 47 failed) 3271ms
       × should render account name 112ms
       × should render account number 15ms
       × should render formatted balance 11ms
       × should render account type badge 39ms
       × should render description in default variant 11ms
       × should hide description in compact variant 10ms
       × should render inactive badge when account is inactive 25ms
       × should not render inactive badge when account is active 9ms
       × should render parent account name when provided 15ms
       × should render sub-type when provided 8ms
       × should render action buttons when showActions is true 46ms
       × should not render action buttons when showActions is false 9ms
       × should call onEdit when edit button is clicked 35ms
       × should call onDelete when delete button is clicked 9ms
       × should call onClick when card is clicked 7ms
       × should not call onClick when edit button is clicked 10ms
       × should support keyboard activation with Enter 24ms
       × should support keyboard activation with Space 9ms
       × should render asset type correctly 6ms
       × should render liability type correctly 8ms
       × should render equity type correctly 15ms
       × should render income type correctly 28ms
       × should render expense type correctly 7ms
       × should render cost-of-goods-sold type correctly 1395ms
       × should render other-income type correctly 7ms
       × should render other-expense type correctly 6ms
       × should format positive balance 6ms
       × should format negative balance 7ms
       × should format zero balance 7ms
       × should format decimal balance 7ms
       × should accept custom className 8ms
       × should apply clickable styles when onClick is provided 12ms
       × should apply inactive styles when account is inactive 11ms
       × should have no accessibility violations 8ms
       × should have no accessibility violations with actions 10ms
       × should have no accessibility violations when clickable 19ms
       × should have role="button" when clickable 1190ms
       × should not have role="button" when not clickable 7ms
       × should be keyboard focusable when clickable 7ms
       × should have aria-label for account 7ms
       × should have aria-label for balance 7ms
       × should have aria-label for account number 7ms
       × should have aria-label for account type 7ms
       × should handle account without number 7ms
       × should handle account without description 7ms
       × should handle very long account names 12ms
       × should handle very large balances 9ms
stderr | src/services/reports/balanceSheet.test.ts > Balance Sheet Calculation Service > generateBalanceSheet > should generate empty balance sheet with no accounts
generateBalanceSheet failed: {
  code: 'QUERY_ERROR',
  message: 'Failed to retrieve accounts',
  details: {
    code: 'UNKNOWN_ERROR',
    message: 'companyId.trim is not a function',
    details: TypeError: companyId.trim is not a function
        at validateCompanyId (C:/Users/Admin/graceful_books/src/utils/authorization.ts:139:31)
        at queryAccounts (C:/Users/Admin/graceful_books/src/store/accounts.ts:501:28)
        at generateBalanceSheet (C:/Users/Admin/graceful_books/src/services/reports/balanceSheet.ts:232:34)
        at C:/Users/Admin/graceful_books/src/services/reports/balanceSheet.test.ts:207:28
        at file:///C:/Users/Admin/graceful_books/node_modules/@vitest/runner/dist/chunk-artifact.js:302:11
        at file:///C:/Users/Admin/graceful_books/node_modules/@vitest/runner/dist/chunk-artifact.js:1903:26
        at file:///C:/Users/Admin/graceful_books/node_modules/@vitest/runner/dist/chunk-artifact.js:2326:20
        at new Promise (<anonymous>)
        at runWithCancel (file:///C:/Users/Admin/graceful_books/node_modules/@vitest/runner/dist/chunk-artifact.js:2323:10)
        at file:///C:/Users/Admin/graceful_books/node_modules/@vitest/runner/dist/chunk-artifact.js:2305:20
  }
}

 ❯ src/services/reports/balanceSheet.test.ts (10 tests | 8 failed) 781ms
       × should calculate correct balance for asset account with debits and credits 156ms
       × should calculate correct balance for liability account 61ms
       × should only include transactions up to as-of date 48ms
       × should generate empty balance sheet with no accounts 55ms
       × should generate balanced balance sheet with transactions 66ms
       × should exclude zero-balance accounts when requested 50ms
       × should include zero-balance accounts when requested 46ms
       × should handle hierarchical accounts correctly 43ms
 ❯ src/components/cpg/DistributorSelector.test.tsx (9 tests | 5 failed) 2289ms
       × renders distributor dropdown 412ms
       × calls onSelect when distributor is selected 30ms
       × disables select when loading 222ms
       × disables select when disabled 122ms
       × only shows active distributors 24ms
 ❯ src/components/wizards/steps/WelcomeStep.test.tsx (6 tests | 1 failed) 938ms
     × should render welcome content with judgment-free language 170ms
 ❯ src/store/invoices.test.ts (14 tests | 12 failed) 1008ms
       × should create a new invoice 324ms
       × should calculate totals correctly with tax 51ms
       × should retrieve an invoice by ID 91ms
       × should return error for non-existent invoice 81ms
       × should update draft invoice 22ms
       × should not allow updating sent invoice 42ms
       × should send a draft invoice 98ms
       × should mark invoice as paid 33ms
       × should void an invoice 101ms
       × should soft delete draft invoice 18ms
       × should not delete sent invoice 34ms
       × should get all invoices for a company 31ms
Error: Uncaught [Error: useAuth must be used within an AuthProvider]
    at reportException (C:\Users\Admin\graceful_books\node_modules\jsdom\lib\jsdom\living\helpers\runtime-script-errors.js:66:24)
    at innerInvokeEventListeners (C:\Users\Admin\graceful_books\node_modules\jsdom\lib\jsdom\living\events\EventTarget-impl.js:353:9)
    at invokeEventListeners (C:\Users\Admin\graceful_books\node_modules\jsdom\lib\jsdom\living\events\EventTarget-impl.js:286:3)
    at HTMLUnknownElementImpl._dispatch (C:\Users\Admin\graceful_books\node_modules\jsdom\lib\jsdom\living\events\EventTarget-impl.js:233:9)
    at HTMLUnknownElementImpl.dispatchEvent (C:\Users\Admin\graceful_books\node_modules\jsdom\lib\jsdom\living\events\EventTarget-impl.js:104:17)
    at HTMLUnknownElement.dispatchEvent (C:\Users\Admin\graceful_books\node_modules\jsdom\lib\jsdom\living\generated\EventTarget.js:241:34)
    at Object.invokeGuardedCallbackDev (C:\Users\Admin\graceful_books\node_modules\react-dom\cjs\react-dom.development.js:4213:16)
    at invokeGuardedCallback (C:\Users\Admin\graceful_books\node_modules\react-dom\cjs\react-dom.development.js:4277:31)
    at beginWork$1 (C:\Users\Admin\graceful_books\node_modules\react-dom\cjs\react-dom.development.js:27490:7)
    at performUnitOfWork (C:\Users\Admin\graceful_books\node_modules\react-dom\cjs\react-dom.development.js:26599:12) Error: useAuth must be used within an AuthProvider
    at useAuth (C:/Users/Admin/graceful_books/src/contexts/AuthContext.tsx:120:11)
    at Module.useAccounts (C:/Users/Admin/graceful_books/src/hooks/useAccounts.ts:180:40)
    at C:/Users/Admin/graceful_books/src/hooks/useAccounts.test.ts:87:43
    at TestComponent (C:\Users\Admin\graceful_books\node_modules\@testing-library\react\dist\pure.js:309:27)
    at renderWithHooks (C:\Users\Admin\graceful_books\node_modules\react-dom\cjs\react-dom.development.js:15486:18)
    at mountIndeterminateComponent (C:\Users\Admin\graceful_books\node_modules\react-dom\cjs\react-dom.development.js:20103:13)
    at beginWork (C:\Users\Admin\graceful_books\node_modules\react-dom\cjs\react-dom.development.js:21626:16)
    at HTMLUnknownElement.callCallback (C:\Users\Admin\graceful_books\node_modules\react-dom\cjs\react-dom.development.js:4164:14)
    at HTMLUnknownElement.callTheUserObjectsOperation (C:\Users\Admin\graceful_books\node_modules\jsdom\lib\jsdom\living\generated\EventListener.js:26:30)
    at innerInvokeEventListeners (C:\Users\Admin\graceful_books\node_modules\jsdom\lib\jsdom\living\events\EventTarget-impl.js:350:25)
Error: Uncaught [Error: useAuth must be used within an AuthProvider]
    at reportException (C:\Users\Admin\graceful_books\node_modules\jsdom\lib\jsdom\living\helpers\runtime-script-errors.js:66:24)
    at innerInvokeEventListeners (C:\Users\Admin\graceful_books\node_modules\jsdom\lib\jsdom\living\events\EventTarget-impl.js:353:9)
    at invokeEventListeners (C:\Users\Admin\graceful_books\node_modules\jsdom\lib\jsdom\living\events\EventTarget-impl.js:286:3)
    at HTMLUnknownElementImpl._dispatch (C:\Users\Admin\graceful_books\node_modules\jsdom\lib\jsdom\living\events\EventTarget-impl.js:233:9)
    at HTMLUnknownElementImpl.dispatchEvent (C:\Users\Admin\graceful_books\node_modules\jsdom\lib\jsdom\living\events\EventTarget-impl.js:104:17)
    at HTMLUnknownElement.dispatchEvent (C:\Users\Admin\graceful_books\node_modules\jsdom\lib\jsdom\living\generated\EventTarget.js:241:34)
    at Object.invokeGuardedCallbackDev (C:\Users\Admin\graceful_books\node_modules\react-dom\cjs\react-dom.development.js:4213:16)
    at invokeGuardedCallback (C:\Users\Admin\graceful_books\node_modules\react-dom\cjs\react-dom.development.js:4277:31)
    at beginWork$1 (C:\Users\Admin\graceful_books\node_modules\react-dom\cjs\react-dom.development.js:27490:7)
    at performUnitOfWork (C:\Users\Admin\graceful_books\node_modules\react-dom\cjs\react-dom.development.js:26599:12) Error: useAuth must be used within an AuthProvider
    at useAuth (C:/Users/Admin/graceful_books/src/contexts/AuthContext.tsx:120:11)
    at Module.useAccounts (C:/Users/Admin/graceful_books/src/hooks/useAccounts.ts:180:40)
    at C:/Users/Admin/graceful_books/src/hooks/useAccounts.test.ts:87:43
    at TestComponent (C:\Users\Admin\graceful_books\node_modules\@testing-library\react\dist\pure.js:309:27)
    at renderWithHooks (C:\Users\Admin\graceful_books\node_modules\react-dom\cjs\react-dom.development.js:15486:18)
    at mountIndeterminateComponent (C:\Users\Admin\graceful_books\node_modules\react-dom\cjs\react-dom.development.js:20103:13)
    at beginWork (C:\Users\Admin\graceful_books\node_modules\react-dom\cjs\react-dom.development.js:21626:16)
    at HTMLUnknownElement.callCallback (C:\Users\Admin\graceful_books\node_modules\react-dom\cjs\react-dom.development.js:4164:14)
    at HTMLUnknownElement.callTheUserObjectsOperation (C:\Users\Admin\graceful_books\node_modules\jsdom\lib\jsdom\living\generated\EventListener.js:26:30)
    at innerInvokeEventListeners (C:\Users\Admin\graceful_books\node_modules\jsdom\lib\jsdom\living\events\EventTarget-impl.js:350:25)
Error: Uncaught [Error: useAuth must be used within an AuthProvider]
    at reportException (C:\Users\Admin\graceful_books\node_modules\jsdom\lib\jsdom\living\helpers\runtime-script-errors.js:66:24)
    at innerInvokeEventListeners (C:\Users\Admin\graceful_books\node_modules\jsdom\lib\jsdom\living\events\EventTarget-impl.js:353:9)
    at invokeEventListeners (C:\Users\Admin\graceful_books\node_modules\jsdom\lib\jsdom\living\events\EventTarget-impl.js:286:3)
    at HTMLUnknownElementImpl._dispatch (C:\Users\Admin\graceful_books\node_modules\jsdom\lib\jsdom\living\events\EventTarget-impl.js:233:9)
    at HTMLUnknownElementImpl.dispatchEvent (C:\Users\Admin\graceful_books\node_modules\jsdom\lib\jsdom\living\events\EventTarget-impl.js:104:17)
    at HTMLUnknownElement.dispatchEvent (C:\Users\Admin\graceful_books\node_modules\jsdom\lib\jsdom\living\generated\EventTarget.js:241:34)
    at Object.invokeGuardedCallbackDev (C:\Users\Admin\graceful_books\node_modules\react-dom\cjs\react-dom.development.js:4213:16)
    at invokeGuardedCallback (C:\Users\Admin\graceful_books\node_modules\react-dom\cjs\react-dom.development.js:4277:31)
    at beginWork$1 (C:\Users\Admin\graceful_books\node_modules\react-dom\cjs\react-dom.development.js:27490:7)
    at performUnitOfWork (C:\Users\Admin\graceful_books\node_modules\react-dom\cjs\react-dom.development.js:26599:12) Error: useAuth must be used within an AuthProvider
    at useAuth (C:/Users/Admin/graceful_books/src/contexts/AuthContext.tsx:120:11)
    at Module.useAccounts (C:/Users/Admin/graceful_books/src/hooks/useAccounts.ts:180:40)
    at C:/Users/Admin/graceful_books/src/hooks/useAccounts.test.ts:95:9
    at TestComponent (C:\Users\Admin\graceful_books\node_modules\@testing-library\react\dist\pure.js:309:27)
    at renderWithHooks (C:\Users\Admin\graceful_books\node_modules\react-dom\cjs\react-dom.development.js:15486:18)
    at mountIndeterminateComponent (C:\Users\Admin\graceful_books\node_modules\react-dom\cjs\react-dom.development.js:20103:13)
    at beginWork (C:\Users\Admin\graceful_books\node_modules\react-dom\cjs\react-dom.development.js:21626:16)
    at HTMLUnknownElement.callCallback (C:\Users\Admin\graceful_books\node_modules\react-dom\cjs\react-dom.development.js:4164:14)
    at HTMLUnknownElement.callTheUserObjectsOperation (C:\Users\Admin\graceful_books\node_modules\jsdom\lib\jsdom\living\generated\EventListener.js:26:30)
    at innerInvokeEventListeners (C:\Users\Admin\graceful_books\node_modules\jsdom\lib\jsdom\living\events\EventTarget-impl.js:350:25)
Error: Uncaught [Error: useAuth must be used within an AuthProvider]
    at reportException (C:\Users\Admin\graceful_books\node_modules\jsdom\lib\jsdom\living\helpers\runtime-script-errors.js:66:24)
    at innerInvokeEventListeners (C:\Users\Admin\graceful_books\node_modules\jsdom\lib\jsdom\living\events\EventTarget-impl.js:353:9)
    at invokeEventListeners (C:\Users\Admin\graceful_books\node_modules\jsdom\lib\jsdom\living\events\EventTarget-impl.js:286:3)
    at HTMLUnknownElementImpl._dispatch (C:\Users\Admin\graceful_books\node_modules\jsdom\lib\jsdom\living\events\EventTarget-impl.js:233:9)
    at HTMLUnknownElementImpl.dispatchEvent (C:\Users\Admin\graceful_books\node_modules\jsdom\lib\jsdom\living\events\EventTarget-impl.js:104:17)
    at HTMLUnknownElement.dispatchEvent (C:\Users\Admin\graceful_books\node_modules\jsdom\lib\jsdom\living\generated\EventTarget.js:241:34)
    at Object.invokeGuardedCallbackDev (C:\Users\Admin\graceful_books\node_modules\react-dom\cjs\react-dom.development.js:4213:16)
    at invokeGuardedCallback (C:\Users\Admin\graceful_books\node_modules\react-dom\cjs\react-dom.development.js:4277:31)
    at beginWork$1 (C:\Users\Admin\graceful_books\node_modules\react-dom\cjs\react-dom.development.js:27490:7)
    at performUnitOfWork (C:\Users\Admin\graceful_books\node_modules\react-dom\cjs\react-dom.development.js:26599:12) Error: useAuth must be used within an AuthProvider
    at useAuth (C:/Users/Admin/graceful_books/src/contexts/AuthContext.tsx:120:11)
    at Module.useAccounts (C:/Users/Admin/graceful_books/src/hooks/useAccounts.ts:180:40)
    at C:/Users/Admin/graceful_books/src/hooks/useAccounts.test.ts:95:9
    at TestComponent (C:\Users\Admin\graceful_books\node_modules\@testing-library\react\dist\pure.js:309:27)
    at renderWithHooks (C:\Users\Admin\graceful_books\node_modules\react-dom\cjs\react-dom.development.js:15486:18)
    at mountIndeterminateComponent (C:\Users\Admin\graceful_books\node_modules\react-dom\cjs\react-dom.development.js:20103:13)
    at beginWork (C:\Users\Admin\graceful_books\node_modules\react-dom\cjs\react-dom.development.js:21626:16)
    at HTMLUnknownElement.callCallback (C:\Users\Admin\graceful_books\node_modules\react-dom\cjs\react-dom.development.js:4164:14)
    at HTMLUnknownElement.callTheUserObjectsOperation (C:\Users\Admin\graceful_books\node_modules\jsdom\lib\jsdom\living\generated\EventListener.js:26:30)
    at innerInvokeEventListeners (C:\Users\Admin\graceful_books\node_modules\jsdom\lib\jsdom\living\events\EventTarget-impl.js:350:25)
Error: Uncaught [Error: useAuth must be used within an AuthProvider]
    at reportException (C:\Users\Admin\graceful_books\node_modules\jsdom\lib\jsdom\living\helpers\runtime-script-errors.js:66:24)
    at innerInvokeEventListeners (C:\Users\Admin\graceful_books\node_modules\jsdom\lib\jsdom\living\events\EventTarget-impl.js:353:9)
    at invokeEventListeners (C:\Users\Admin\graceful_books\node_modules\jsdom\lib\jsdom\living\events\EventTarget-impl.js:286:3)
    at HTMLUnknownElementImpl._dispatch (C:\Users\Admin\graceful_books\node_modules\jsdom\lib\jsdom\living\events\EventTarget-impl.js:233:9)
    at HTMLUnknownElementImpl.dispatchEvent (C:\Users\Admin\graceful_books\node_modules\jsdom\lib\jsdom\living\events\EventTarget-impl.js:104:17)
    at HTMLUnknownElement.dispatchEvent (C:\Users\Admin\graceful_books\node_modules\jsdom\lib\jsdom\living\generated\EventTarget.js:241:34)
    at Object.invokeGuardedCallbackDev (C:\Users\Admin\graceful_books\node_modules\react-dom\cjs\react-dom.development.js:4213:16)
    at invokeGuardedCallback (C:\Users\Admin\graceful_books\node_modules\react-dom\cjs\react-dom.development.js:4277:31)
    at beginWork$1 (C:\Users\Admin\graceful_books\node_modules\react-dom\cjs\react-dom.development.js:27490:7)
    at performUnitOfWork (C:\Users\Admin\graceful_books\node_modules\react-dom\cjs\react-dom.development.js:26599:12) Error: useAuth must be used within an AuthProvider
    at useAuth (C:/Users/Admin/graceful_books/src/contexts/AuthContext.tsx:120:11)
    at Module.useAccounts (C:/Users/Admin/graceful_books/src/hooks/useAccounts.ts:180:40)
    at C:/Users/Admin/graceful_books/src/hooks/useAccounts.test.ts:128:43
    at TestComponent (C:\Users\Admin\graceful_books\node_modules\@testing-library\react\dist\pure.js:309:27)
    at renderWithHooks (C:\Users\Admin\graceful_books\node_modules\react-dom\cjs\react-dom.development.js:15486:18)
    at mountIndeterminateComponent (C:\Users\Admin\graceful_books\node_modules\react-dom\cjs\react-dom.development.js:20103:13)
    at beginWork (C:\Users\Admin\graceful_books\node_modules\react-dom\cjs\react-dom.development.js:21626:16)
    at HTMLUnknownElement.callCallback (C:\Users\Admin\graceful_books\node_modules\react-dom\cjs\react-dom.development.js:4164:14)
    at HTMLUnknownElement.callTheUserObjectsOperation (C:\Users\Admin\graceful_books\node_modules\jsdom\lib\jsdom\living\generated\EventListener.js:26:30)
    at innerInvokeEventListeners (C:\Users\Admin\graceful_books\node_modules\jsdom\lib\jsdom\living\events\EventTarget-impl.js:350:25)
Error: Uncaught [Error: useAuth must be used within an AuthProvider]
    at reportException (C:\Users\Admin\graceful_books\node_modules\jsdom\lib\jsdom\living\helpers\runtime-script-errors.js:66:24)
    at innerInvokeEventListeners (C:\Users\Admin\graceful_books\node_modules\jsdom\lib\jsdom\living\events\EventTarget-impl.js:353:9)
    at invokeEventListeners (C:\Users\Admin\graceful_books\node_modules\jsdom\lib\jsdom\living\events\EventTarget-impl.js:286:3)
    at HTMLUnknownElementImpl._dispatch (C:\Users\Admin\graceful_books\node_modules\jsdom\lib\jsdom\living\events\EventTarget-impl.js:233:9)
    at HTMLUnknownElementImpl.dispatchEvent (C:\Users\Admin\graceful_books\node_modules\jsdom\lib\jsdom\living\events\EventTarget-impl.js:104:17)
    at HTMLUnknownElement.dispatchEvent (C:\Users\Admin\graceful_books\node_modules\jsdom\lib\jsdom\living\generated\EventTarget.js:241:34)
    at Object.invokeGuardedCallbackDev (C:\Users\Admin\graceful_books\node_modules\react-dom\cjs\react-dom.development.js:4213:16)
    at invokeGuardedCallback (C:\Users\Admin\graceful_books\node_modules\react-dom\cjs\react-dom.development.js:4277:31)
    at beginWork$1 (C:\Users\Admin\graceful_books\node_modules\react-dom\cjs\react-dom.development.js:27490:7)
    at performUnitOfWork (C:\Users\Admin\graceful_books\node_modules\react-dom\cjs\react-dom.development.js:26599:12) Error: useAuth must be used within an AuthProvider
    at useAuth (C:/Users/Admin/graceful_books/src/contexts/AuthContext.tsx:120:11)
    at Module.useAccounts (C:/Users/Admin/graceful_books/src/hooks/useAccounts.ts:180:40)
    at C:/Users/Admin/graceful_books/src/hooks/useAccounts.test.ts:128:43
    at TestComponent (C:\Users\Admin\graceful_books\node_modules\@testing-library\react\dist\pure.js:309:27)
    at renderWithHooks (C:\Users\Admin\graceful_books\node_modules\react-dom\cjs\react-dom.development.js:15486:18)
    at mountIndeterminateComponent (C:\Users\Admin\graceful_books\node_modules\react-dom\cjs\react-dom.development.js:20103:13)
    at beginWork (C:\Users\Admin\graceful_books\node_modules\react-dom\cjs\react-dom.development.js:21626:16)
    at HTMLUnknownElement.callCallback (C:\Users\Admin\graceful_books\node_modules\react-dom\cjs\react-dom.development.js:4164:14)
    at HTMLUnknownElement.callTheUserObjectsOperation (C:\Users\Admin\graceful_books\node_modules\jsdom\lib\jsdom\living\generated\EventListener.js:26:30)
    at innerInvokeEventListeners (C:\Users\Admin\graceful_books\node_modules\jsdom\lib\jsdom\living\events\EventTarget-impl.js:350:25)
Error: Uncaught [Error: useAuth must be used within an AuthProvider]
    at reportException (C:\Users\Admin\graceful_books\node_modules\jsdom\lib\jsdom\living\helpers\runtime-script-errors.js:66:24)
    at innerInvokeEventListeners (C:\Users\Admin\graceful_books\node_modules\jsdom\lib\jsdom\living\events\EventTarget-impl.js:353:9)
    at invokeEventListeners (C:\Users\Admin\graceful_books\node_modules\jsdom\lib\jsdom\living\events\EventTarget-impl.js:286:3)
    at HTMLUnknownElementImpl._dispatch (C:\Users\Admin\graceful_books\node_modules\jsdom\lib\jsdom\living\events\EventTarget-impl.js:233:9)
    at HTMLUnknownElementImpl.dispatchEvent (C:\Users\Admin\graceful_books\node_modules\jsdom\lib\jsdom\living\events\EventTarget-impl.js:104:17)
    at HTMLUnknownElement.dispatchEvent (C:\Users\Admin\graceful_books\node_modules\jsdom\lib\jsdom\living\generated\EventTarget.js:241:34)
    at Object.invokeGuardedCallbackDev (C:\Users\Admin\graceful_books\node_modules\react-dom\cjs\react-dom.development.js:4213:16)
    at invokeGuardedCallback (C:\Users\Admin\graceful_books\node_modules\react-dom\cjs\react-dom.development.js:4277:31)
    at beginWork$1 (C:\Users\Admin\graceful_books\node_modules\react-dom\cjs\react-dom.development.js:27490:7)
    at performUnitOfWork (C:\Users\Admin\graceful_books\node_modules\react-dom\cjs\react-dom.development.js:26599:12) Error: useAuth must be used within an AuthProvider
    at useAuth (C:/Users/Admin/graceful_books/src/contexts/AuthContext.tsx:120:11)
    at Module.useAccounts (C:/Users/Admin/graceful_books/src/hooks/useAccounts.ts:180:40)
    at C:/Users/Admin/graceful_books/src/hooks/useAccounts.test.ts:156:43
    at TestComponent (C:\Users\Admin\graceful_books\node_modules\@testing-library\react\dist\pure.js:309:27)
    at renderWithHooks (C:\Users\Admin\graceful_books\node_modules\react-dom\cjs\react-dom.development.js:15486:18)
    at mountIndeterminateComponent (C:\Users\Admin\graceful_books\node_modules\react-dom\cjs\react-dom.development.js:20103:13)
    at beginWork (C:\Users\Admin\graceful_books\node_modules\react-dom\cjs\react-dom.development.js:21626:16)
    at HTMLUnknownElement.callCallback (C:\Users\Admin\graceful_books\node_modules\react-dom\cjs\react-dom.development.js:4164:14)
    at HTMLUnknownElement.callTheUserObjectsOperation (C:\Users\Admin\graceful_books\node_modules\jsdom\lib\jsdom\living\generated\EventListener.js:26:30)
    at innerInvokeEventListeners (C:\Users\Admin\graceful_books\node_modules\jsdom\lib\jsdom\living\events\EventTarget-impl.js:350:25)
Error: Uncaught [Error: useAuth must be used within an AuthProvider]
    at reportException (C:\Users\Admin\graceful_books\node_modules\jsdom\lib\jsdom\living\helpers\runtime-script-errors.js:66:24)
    at innerInvokeEventListeners (C:\Users\Admin\graceful_books\node_modules\jsdom\lib\jsdom\living\events\EventTarget-impl.js:353:9)
    at invokeEventListeners (C:\Users\Admin\graceful_books\node_modules\jsdom\lib\jsdom\living\events\EventTarget-impl.js:286:3)
    at HTMLUnknownElementImpl._dispatch (C:\Users\Admin\graceful_books\node_modules\jsdom\lib\jsdom\living\events\EventTarget-impl.js:233:9)
    at HTMLUnknownElementImpl.dispatchEvent (C:\Users\Admin\graceful_books\node_modules\jsdom\lib\jsdom\living\events\EventTarget-impl.js:104:17)
    at HTMLUnknownElement.dispatchEvent (C:\Users\Admin\graceful_books\node_modules\jsdom\lib\jsdom\living\generated\EventTarget.js:241:34)
    at Object.invokeGuardedCallbackDev (C:\Users\Admin\graceful_books\node_modules\react-dom\cjs\react-dom.development.js:4213:16)
    at invokeGuardedCallback (C:\Users\Admin\graceful_books\node_modules\react-dom\cjs\react-dom.development.js:4277:31)
    at beginWork$1 (C:\Users\Admin\graceful_books\node_modules\react-dom\cjs\react-dom.development.js:27490:7)
    at performUnitOfWork (C:\Users\Admin\graceful_books\node_modules\react-dom\cjs\react-dom.development.js:26599:12) Error: useAuth must be used within an AuthProvider
    at useAuth (C:/Users/Admin/graceful_books/src/contexts/AuthContext.tsx:120:11)
    at Module.useAccounts (C:/Users/Admin/graceful_books/src/hooks/useAccounts.ts:180:40)
    at C:/Users/Admin/graceful_books/src/hooks/useAccounts.test.ts:156:43
    at TestComponent (C:\Users\Admin\graceful_books\node_modules\@testing-library\react\dist\pure.js:309:27)
    at renderWithHooks (C:\Users\Admin\graceful_books\node_modules\react-dom\cjs\react-dom.development.js:15486:18)
    at mountIndeterminateComponent (C:\Users\Admin\graceful_books\node_modules\react-dom\cjs\react-dom.development.js:20103:13)
    at beginWork (C:\Users\Admin\graceful_books\node_modules\react-dom\cjs\react-dom.development.js:21626:16)
    at HTMLUnknownElement.callCallback (C:\Users\Admin\graceful_books\node_modules\react-dom\cjs\react-dom.development.js:4164:14)
    at HTMLUnknownElement.callTheUserObjectsOperation (C:\Users\Admin\graceful_books\node_modules\jsdom\lib\jsdom\living\generated\EventListener.js:26:30)
    at innerInvokeEventListeners (C:\Users\Admin\graceful_books\node_modules\jsdom\lib\jsdom\living\events\EventTarget-impl.js:350:25)
Error: Uncaught [Error: useAuth must be used within an AuthProvider]
    at reportException (C:\Users\Admin\graceful_books\node_modules\jsdom\lib\jsdom\living\helpers\runtime-script-errors.js:66:24)
    at innerInvokeEventListeners (C:\Users\Admin\graceful_books\node_modules\jsdom\lib\jsdom\living\events\EventTarget-impl.js:353:9)
    at invokeEventListeners (C:\Users\Admin\graceful_books\node_modules\jsdom\lib\jsdom\living\events\EventTarget-impl.js:286:3)
    at HTMLUnknownElementImpl._dispatch (C:\Users\Admin\graceful_books\node_modules\jsdom\lib\jsdom\living\events\EventTarget-impl.js:233:9)
    at HTMLUnknownElementImpl.dispatchEvent (C:\Users\Admin\graceful_books\node_modules\jsdom\lib\jsdom\living\events\EventTarget-impl.js:104:17)
    at HTMLUnknownElement.dispatchEvent (C:\Users\Admin\graceful_books\node_modules\jsdom\lib\jsdom\living\generated\EventTarget.js:241:34)
    at Object.invokeGuardedCallbackDev (C:\Users\Admin\graceful_books\node_modules\react-dom\cjs\react-dom.development.js:4213:16)
    at invokeGuardedCallback (C:\Users\Admin\graceful_books\node_modules\react-dom\cjs\react-dom.development.js:4277:31)
    at beginWork$1 (C:\Users\Admin\graceful_books\node_modules\react-dom\cjs\react-dom.development.js:27490:7)
    at performUnitOfWork (C:\Users\Admin\graceful_books\node_modules\react-dom\cjs\react-dom.development.js:26599:12) Error: useAuth must be used within an AuthProvider
    at useAuth (C:/Users/Admin/graceful_books/src/contexts/AuthContext.tsx:120:11)
    at Module.useAccounts (C:/Users/Admin/graceful_books/src/hooks/useAccounts.ts:180:40)
    at C:/Users/Admin/graceful_books/src/hooks/useAccounts.test.ts:176:43
    at TestComponent (C:\Users\Admin\graceful_books\node_modules\@testing-library\react\dist\pure.js:309:27)
    at renderWithHooks (C:\Users\Admin\graceful_books\node_modules\react-dom\cjs\react-dom.development.js:15486:18)
    at mountIndeterminateComponent (C:\Users\Admin\graceful_books\node_modules\react-dom\cjs\react-dom.development.js:20103:13)
    at beginWork (C:\Users\Admin\graceful_books\node_modules\react-dom\cjs\react-dom.development.js:21626:16)
    at HTMLUnknownElement.callCallback (C:\Users\Admin\graceful_books\node_modules\react-dom\cjs\react-dom.development.js:4164:14)
    at HTMLUnknownElement.callTheUserObjectsOperation (C:\Users\Admin\graceful_books\node_modules\jsdom\lib\jsdom\living\generated\EventListener.js:26:30)
    at innerInvokeEventListeners (C:\Users\Admin\graceful_books\node_modules\jsdom\lib\jsdom\living\events\EventTarget-impl.js:350:25)
Error: Uncaught [Error: useAuth must be used within an AuthProvider]
    at reportException (C:\Users\Admin\graceful_books\node_modules\jsdom\lib\jsdom\living\helpers\runtime-script-errors.js:66:24)
    at innerInvokeEventListeners (C:\Users\Admin\graceful_books\node_modules\jsdom\lib\jsdom\living\events\EventTarget-impl.js:353:9)
    at invokeEventListeners (C:\Users\Admin\graceful_books\node_modules\jsdom\lib\jsdom\living\events\EventTarget-impl.js:286:3)
    at HTMLUnknownElementImpl._dispatch (C:\Users\Admin\graceful_books\node_modules\jsdom\lib\jsdom\living\events\EventTarget-impl.js:233:9)
    at HTMLUnknownElementImpl.dispatchEvent (C:\Users\Admin\graceful_books\node_modules\jsdom\lib\jsdom\living\events\EventTarget-impl.js:104:17)
    at HTMLUnknownElement.dispatchEvent (C:\Users\Admin\graceful_books\node_modules\jsdom\lib\jsdom\living\generated\EventTarget.js:241:34)
    at Object.invokeGuardedCallbackDev (C:\Users\Admin\graceful_books\node_modules\react-dom\cjs\react-dom.development.js:4213:16)
    at invokeGuardedCallback (C:\Users\Admin\graceful_books\node_modules\react-dom\cjs\react-dom.development.js:4277:31)
    at beginWork$1 (C:\Users\Admin\graceful_books\node_modules\react-dom\cjs\react-dom.development.js:27490:7)
    at performUnitOfWork (C:\Users\Admin\graceful_books\node_modules\react-dom\cjs\react-dom.development.js:26599:12) Error: useAuth must be used within an AuthProvider
    at useAuth (C:/Users/Admin/graceful_books/src/contexts/AuthContext.tsx:120:11)
    at Module.useAccounts (C:/Users/Admin/graceful_books/src/hooks/useAccounts.ts:180:40)
    at C:/Users/Admin/graceful_books/src/hooks/useAccounts.test.ts:176:43
    at TestComponent (C:\Users\Admin\graceful_books\node_modules\@testing-library\react\dist\pure.js:309:27)
    at renderWithHooks (C:\Users\Admin\graceful_books\node_modules\react-dom\cjs\react-dom.development.js:15486:18)
    at mountIndeterminateComponent (C:\Users\Admin\graceful_books\node_modules\react-dom\cjs\react-dom.development.js:20103:13)
    at beginWork (C:\Users\Admin\graceful_books\node_modules\react-dom\cjs\react-dom.development.js:21626:16)
    at HTMLUnknownElement.callCallback (C:\Users\Admin\graceful_books\node_modules\react-dom\cjs\react-dom.development.js:4164:14)
    at HTMLUnknownElement.callTheUserObjectsOperation (C:\Users\Admin\graceful_books\node_modules\jsdom\lib\jsdom\living\generated\EventListener.js:26:30)
    at innerInvokeEventListeners (C:\Users\Admin\graceful_books\node_modules\jsdom\lib\jsdom\living\events\EventTarget-impl.js:350:25)
Error: Uncaught [Error: useAuth must be used within an AuthProvider]
    at reportException (C:\Users\Admin\graceful_books\node_modules\jsdom\lib\jsdom\living\helpers\runtime-script-errors.js:66:24)
    at innerInvokeEventListeners (C:\Users\Admin\graceful_books\node_modules\jsdom\lib\jsdom\living\events\EventTarget-impl.js:353:9)
    at invokeEventListeners (C:\Users\Admin\graceful_books\node_modules\jsdom\lib\jsdom\living\events\EventTarget-impl.js:286:3)
    at HTMLUnknownElementImpl._dispatch (C:\Users\Admin\graceful_books\node_modules\jsdom\lib\jsdom\living\events\EventTarget-impl.js:233:9)
    at HTMLUnknownElementImpl.dispatchEvent (C:\Users\Admin\graceful_books\node_modules\jsdom\lib\jsdom\living\events\EventTarget-impl.js:104:17)
    at HTMLUnknownElement.dispatchEvent (C:\Users\Admin\graceful_books\node_modules\jsdom\lib\jsdom\living\generated\EventTarget.js:241:34)
    at Object.invokeGuardedCallbackDev (C:\Users\Admin\graceful_books\node_modules\react-dom\cjs\react-dom.development.js:4213:16)
    at invokeGuardedCallback (C:\Users\Admin\graceful_books\node_modules\react-dom\cjs\react-dom.development.js:4277:31)
    at beginWork$1 (C:\Users\Admin\graceful_books\node_modules\react-dom\cjs\react-dom.development.js:27490:7)
    at performUnitOfWork (C:\Users\Admin\graceful_books\node_modules\react-dom\cjs\react-dom.development.js:26599:12) Error: useAuth must be used within an AuthProvider
    at useAuth (C:/Users/Admin/graceful_books/src/contexts/AuthContext.tsx:120:11)
    at Module.useAccounts (C:/Users/Admin/graceful_books/src/hooks/useAccounts.ts:180:40)
    at C:/Users/Admin/graceful_books/src/hooks/useAccounts.test.ts:197:43
    at TestComponent (C:\Users\Admin\graceful_books\node_modules\@testing-library\react\dist\pure.js:309:27)
    at renderWithHooks (C:\Users\Admin\graceful_books\node_modules\react-dom\cjs\react-dom.development.js:15486:18)
    at mountIndeterminateComponent (C:\Users\Admin\graceful_books\node_modules\react-dom\cjs\react-dom.development.js:20103:13)
    at beginWork (C:\Users\Admin\graceful_books\node_modules\react-dom\cjs\react-dom.development.js:21626:16)
    at HTMLUnknownElement.callCallback (C:\Users\Admin\graceful_books\node_modules\react-dom\cjs\react-dom.development.js:4164:14)
    at HTMLUnknownElement.callTheUserObjectsOperation (C:\Users\Admin\graceful_books\node_modules\jsdom\lib\jsdom\living\generated\EventListener.js:26:30)
    at innerInvokeEventListeners (C:\Users\Admin\graceful_books\node_modules\jsdom\lib\jsdom\living\events\EventTarget-impl.js:350:25)
Error: Uncaught [Error: useAuth must be used within an AuthProvider]
    at reportException (C:\Users\Admin\graceful_books\node_modules\jsdom\lib\jsdom\living\helpers\runtime-script-errors.js:66:24)
    at innerInvokeEventListeners (C:\Users\Admin\graceful_books\node_modules\jsdom\lib\jsdom\living\events\EventTarget-impl.js:353:9)
    at invokeEventListeners (C:\Users\Admin\graceful_books\node_modules\jsdom\lib\jsdom\living\events\EventTarget-impl.js:286:3)
    at HTMLUnknownElementImpl._dispatch (C:\Users\Admin\graceful_books\node_modules\jsdom\lib\jsdom\living\events\EventTarget-impl.js:233:9)
    at HTMLUnknownElementImpl.dispatchEvent (C:\Users\Admin\graceful_books\node_modules\jsdom\lib\jsdom\living\events\EventTarget-impl.js:104:17)
    at HTMLUnknownElement.dispatchEvent (C:\Users\Admin\graceful_books\node_modules\jsdom\lib\jsdom\living\generated\EventTarget.js:241:34)
    at Object.invokeGuardedCallbackDev (C:\Users\Admin\graceful_books\node_modules\react-dom\cjs\react-dom.development.js:4213:16)
    at invokeGuardedCallback (C:\Users\Admin\graceful_books\node_modules\react-dom\cjs\react-dom.development.js:4277:31)
    at beginWork$1 (C:\Users\Admin\graceful_books\node_modules\react-dom\cjs\react-dom.development.js:27490:7)
    at performUnitOfWork (C:\Users\Admin\graceful_books\node_modules\react-dom\cjs\react-dom.development.js:26599:12) Error: useAuth must be used within an AuthProvider
    at useAuth (C:/Users/Admin/graceful_books/src/contexts/AuthContext.tsx:120:11)
    at Module.useAccounts (C:/Users/Admin/graceful_books/src/hooks/useAccounts.ts:180:40)
    at C:/Users/Admin/graceful_books/src/hooks/useAccounts.test.ts:197:43
    at TestComponent (C:\Users\Admin\graceful_books\node_modules\@testing-library\react\dist\pure.js:309:27)
    at renderWithHooks (C:\Users\Admin\graceful_books\node_modules\react-dom\cjs\react-dom.development.js:15486:18)
    at mountIndeterminateComponent (C:\Users\Admin\graceful_books\node_modules\react-dom\cjs\react-dom.development.js:20103:13)
    at beginWork (C:\Users\Admin\graceful_books\node_modules\react-dom\cjs\react-dom.development.js:21626:16)
    at HTMLUnknownElement.callCallback (C:\Users\Admin\graceful_books\node_modules\react-dom\cjs\react-dom.development.js:4164:14)
    at HTMLUnknownElement.callTheUserObjectsOperation (C:\Users\Admin\graceful_books\node_modules\jsdom\lib\jsdom\living\generated\EventListener.js:26:30)
    at innerInvokeEventListeners (C:\Users\Admin\graceful_books\node_modules\jsdom\lib\jsdom\living\events\EventTarget-impl.js:350:25)
Error: Uncaught [Error: useAuth must be used within an AuthProvider]
    at reportException (C:\Users\Admin\graceful_books\node_modules\jsdom\lib\jsdom\living\helpers\runtime-script-errors.js:66:24)
    at innerInvokeEventListeners (C:\Users\Admin\graceful_books\node_modules\jsdom\lib\jsdom\living\events\EventTarget-impl.js:353:9)
    at invokeEventListeners (C:\Users\Admin\graceful_books\node_modules\jsdom\lib\jsdom\living\events\EventTarget-impl.js:286:3)
    at HTMLUnknownElementImpl._dispatch (C:\Users\Admin\graceful_books\node_modules\jsdom\lib\jsdom\living\events\EventTarget-impl.js:233:9)
    at HTMLUnknownElementImpl.dispatchEvent (C:\Users\Admin\graceful_books\node_modules\jsdom\lib\jsdom\living\events\EventTarget-impl.js:104:17)
    at HTMLUnknownElement.dispatchEvent (C:\Users\Admin\graceful_books\node_modules\jsdom\lib\jsdom\living\generated\EventTarget.js:241:34)
    at Object.invokeGuardedCallbackDev (C:\Users\Admin\graceful_books\node_modules\react-dom\cjs\react-dom.development.js:4213:16)
    at invokeGuardedCallback (C:\Users\Admin\graceful_books\node_modules\react-dom\cjs\react-dom.development.js:4277:31)
    at beginWork$1 (C:\Users\Admin\graceful_books\node_modules\react-dom\cjs\react-dom.development.js:27490:7)
    at performUnitOfWork (C:\Users\Admin\graceful_books\node_modules\react-dom\cjs\react-dom.development.js:26599:12) Error: useAuth must be used within an AuthProvider
    at useAuth (C:/Users/Admin/graceful_books/src/contexts/AuthContext.tsx:120:11)
    at Module.useAccounts (C:/Users/Admin/graceful_books/src/hooks/useAccounts.ts:180:40)
    at C:/Users/Admin/graceful_books/src/hooks/useAccounts.test.ts:222:43
    at TestComponent (C:\Users\Admin\graceful_books\node_modules\@testing-library\react\dist\pure.js:309:27)
    at renderWithHooks (C:\Users\Admin\graceful_books\node_modules\react-dom\cjs\react-dom.development.js:15486:18)
    at mountIndeterminateComponent (C:\Users\Admin\graceful_books\node_modules\react-dom\cjs\react-dom.development.js:20103:13)
    at beginWork (C:\Users\Admin\graceful_books\node_modules\react-dom\cjs\react-dom.development.js:21626:16)
    at HTMLUnknownElement.callCallback (C:\Users\Admin\graceful_books\node_modules\react-dom\cjs\react-dom.development.js:4164:14)
    at HTMLUnknownElement.callTheUserObjectsOperation (C:\Users\Admin\graceful_books\node_modules\jsdom\lib\jsdom\living\generated\EventListener.js:26:30)
    at innerInvokeEventListeners (C:\Users\Admin\graceful_books\node_modules\jsdom\lib\jsdom\living\events\EventTarget-impl.js:350:25)
Error: Uncaught [Error: useAuth must be used within an AuthProvider]
    at reportException (C:\Users\Admin\graceful_books\node_modules\jsdom\lib\jsdom\living\helpers\runtime-script-errors.js:66:24)
    at innerInvokeEventListeners (C:\Users\Admin\graceful_books\node_modules\jsdom\lib\jsdom\living\events\EventTarget-impl.js:353:9)
    at invokeEventListeners (C:\Users\Admin\graceful_books\node_modules\jsdom\lib\jsdom\living\events\EventTarget-impl.js:286:3)
    at HTMLUnknownElementImpl._dispatch (C:\Users\Admin\graceful_books\node_modules\jsdom\lib\jsdom\living\events\EventTarget-impl.js:233:9)
    at HTMLUnknownElementImpl.dispatchEvent (C:\Users\Admin\graceful_books\node_modules\jsdom\lib\jsdom\living\events\EventTarget-impl.js:104:17)
    at HTMLUnknownElement.dispatchEvent (C:\Users\Admin\graceful_books\node_modules\jsdom\lib\jsdom\living\generated\EventTarget.js:241:34)
    at Object.invokeGuardedCallbackDev (C:\Users\Admin\graceful_books\node_modules\react-dom\cjs\react-dom.development.js:4213:16)
    at invokeGuardedCallback (C:\Users\Admin\graceful_books\node_modules\react-dom\cjs\react-dom.development.js:4277:31)
    at beginWork$1 (C:\Users\Admin\graceful_books\node_modules\react-dom\cjs\react-dom.development.js:27490:7)
    at performUnitOfWork (C:\Users\Admin\graceful_books\node_modules\react-dom\cjs\react-dom.development.js:26599:12) Error: useAuth must be used within an AuthProvider
    at useAuth (C:/Users/Admin/graceful_books/src/contexts/AuthContext.tsx:120:11)
    at Module.useAccounts (C:/Users/Admin/graceful_books/src/hooks/useAccounts.ts:180:40)
    at C:/Users/Admin/graceful_books/src/hooks/useAccounts.test.ts:222:43
    at TestComponent (C:\Users\Admin\graceful_books\node_modules\@testing-library\react\dist\pure.js:309:27)
    at renderWithHooks (C:\Users\Admin\graceful_books\node_modules\react-dom\cjs\react-dom.development.js:15486:18)
    at mountIndeterminateComponent (C:\Users\Admin\graceful_books\node_modules\react-dom\cjs\react-dom.development.js:20103:13)
    at beginWork (C:\Users\Admin\graceful_books\node_modules\react-dom\cjs\react-dom.development.js:21626:16)
    at HTMLUnknownElement.callCallback (C:\Users\Admin\graceful_books\node_modules\react-dom\cjs\react-dom.development.js:4164:14)
    at HTMLUnknownElement.callTheUserObjectsOperation (C:\Users\Admin\graceful_books\node_modules\jsdom\lib\jsdom\living\generated\EventListener.js:26:30)
    at innerInvokeEventListeners (C:\Users\Admin\graceful_books\node_modules\jsdom\lib\jsdom\living\events\EventTarget-impl.js:350:25)
Error: Uncaught [Error: useAuth must be used within an AuthProvider]
    at reportException (C:\Users\Admin\graceful_books\node_modules\jsdom\lib\jsdom\living\helpers\runtime-script-errors.js:66:24)
    at innerInvokeEventListeners (C:\Users\Admin\graceful_books\node_modules\jsdom\lib\jsdom\living\events\EventTarget-impl.js:353:9)
    at invokeEventListeners (C:\Users\Admin\graceful_books\node_modules\jsdom\lib\jsdom\living\events\EventTarget-impl.js:286:3)
    at HTMLUnknownElementImpl._dispatch (C:\Users\Admin\graceful_books\node_modules\jsdom\lib\jsdom\living\events\EventTarget-impl.js:233:9)
    at HTMLUnknownElementImpl.dispatchEvent (C:\Users\Admin\graceful_books\node_modules\jsdom\lib\jsdom\living\events\EventTarget-impl.js:104:17)
    at HTMLUnknownElement.dispatchEvent (C:\Users\Admin\graceful_books\node_modules\jsdom\lib\jsdom\living\generated\EventTarget.js:241:34)
    at Object.invokeGuardedCallbackDev (C:\Users\Admin\graceful_books\node_modules\react-dom\cjs\react-dom.development.js:4213:16)
    at invokeGuardedCallback (C:\Users\Admin\graceful_books\node_modules\react-dom\cjs\react-dom.development.js:4277:31)
    at beginWork$1 (C:\Users\Admin\graceful_books\node_modules\react-dom\cjs\react-dom.development.js:27490:7)
    at performUnitOfWork (C:\Users\Admin\graceful_books\node_modules\react-dom\cjs\react-dom.development.js:26599:12) Error: useAuth must be used within an AuthProvider
    at useAuth (C:/Users/Admin/graceful_books/src/contexts/AuthContext.tsx:120:11)
    at Module.useAccounts (C:/Users/Admin/graceful_books/src/hooks/useAccounts.ts:180:40)
    at C:/Users/Admin/graceful_books/src/hooks/useAccounts.test.ts:242:43
    at TestComponent (C:\Users\Admin\graceful_books\node_modules\@testing-library\react\dist\pure.js:309:27)
    at renderWithHooks (C:\Users\Admin\graceful_books\node_modules\react-dom\cjs\react-dom.development.js:15486:18)
    at mountIndeterminateComponent (C:\Users\Admin\graceful_books\node_modules\react-dom\cjs\react-dom.development.js:20103:13)
    at beginWork (C:\Users\Admin\graceful_books\node_modules\react-dom\cjs\react-dom.development.js:21626:16)
    at HTMLUnknownElement.callCallback (C:\Users\Admin\graceful_books\node_modules\react-dom\cjs\react-dom.development.js:4164:14)
    at HTMLUnknownElement.callTheUserObjectsOperation (C:\Users\Admin\graceful_books\node_modules\jsdom\lib\jsdom\living\generated\EventListener.js:26:30)
    at innerInvokeEventListeners (C:\Users\Admin\graceful_books\node_modules\jsdom\lib\jsdom\living\events\EventTarget-impl.js:350:25)
Error: Uncaught [Error: useAuth must be used within an AuthProvider]
    at reportException (C:\Users\Admin\graceful_books\node_modules\jsdom\lib\jsdom\living\helpers\runtime-script-errors.js:66:24)
    at innerInvokeEventListeners (C:\Users\Admin\graceful_books\node_modules\jsdom\lib\jsdom\living\events\EventTarget-impl.js:353:9)
    at invokeEventListeners (C:\Users\Admin\graceful_books\node_modules\jsdom\lib\jsdom\living\events\EventTarget-impl.js:286:3)
    at HTMLUnknownElementImpl._dispatch (C:\Users\Admin\graceful_books\node_modules\jsdom\lib\jsdom\living\events\EventTarget-impl.js:233:9)
    at HTMLUnknownElementImpl.dispatchEvent (C:\Users\Admin\graceful_books\node_modules\jsdom\lib\jsdom\living\events\EventTarget-impl.js:104:17)
    at HTMLUnknownElement.dispatchEvent (C:\Users\Admin\graceful_books\node_modules\jsdom\lib\jsdom\living\generated\EventTarget.js:241:34)
    at Object.invokeGuardedCallbackDev (C:\Users\Admin\graceful_books\node_modules\react-dom\cjs\react-dom.development.js:4213:16)
    at invokeGuardedCallback (C:\Users\Admin\graceful_books\node_modules\react-dom\cjs\react-dom.development.js:4277:31)
    at beginWork$1 (C:\Users\Admin\graceful_books\node_modules\react-dom\cjs\react-dom.development.js:27490:7)
    at performUnitOfWork (C:\Users\Admin\graceful_books\node_modules\react-dom\cjs\react-dom.development.js:26599:12) Error: useAuth must be used within an AuthProvider
    at useAuth (C:/Users/Admin/graceful_books/src/contexts/AuthContext.tsx:120:11)
    at Module.useAccounts (C:/Users/Admin/graceful_books/src/hooks/useAccounts.ts:180:40)
    at C:/Users/Admin/graceful_books/src/hooks/useAccounts.test.ts:242:43
    at TestComponent (C:\Users\Admin\graceful_books\node_modules\@testing-library\react\dist\pure.js:309:27)
    at renderWithHooks (C:\Users\Admin\graceful_books\node_modules\react-dom\cjs\react-dom.development.js:15486:18)
    at mountIndeterminateComponent (C:\Users\Admin\graceful_books\node_modules\react-dom\cjs\react-dom.development.js:20103:13)
    at beginWork (C:\Users\Admin\graceful_books\node_modules\react-dom\cjs\react-dom.development.js:21626:16)
    at HTMLUnknownElement.callCallback (C:\Users\Admin\graceful_books\node_modules\react-dom\cjs\react-dom.development.js:4164:14)
    at HTMLUnknownElement.callTheUserObjectsOperation (C:\Users\Admin\graceful_books\node_modules\jsdom\lib\jsdom\living\generated\EventListener.js:26:30)
    at innerInvokeEventListeners (C:\Users\Admin\graceful_books\node_modules\jsdom\lib\jsdom\living\events\EventTarget-impl.js:350:25)
Error: Uncaught [Error: useAuth must be used within an AuthProvider]
    at reportException (C:\Users\Admin\graceful_books\node_modules\jsdom\lib\jsdom\living\helpers\runtime-script-errors.js:66:24)
    at innerInvokeEventListeners (C:\Users\Admin\graceful_books\node_modules\jsdom\lib\jsdom\living\events\EventTarget-impl.js:353:9)
    at invokeEventListeners (C:\Users\Admin\graceful_books\node_modules\jsdom\lib\jsdom\living\events\EventTarget-impl.js:286:3)
    at HTMLUnknownElementImpl._dispatch (C:\Users\Admin\graceful_books\node_modules\jsdom\lib\jsdom\living\events\EventTarget-impl.js:233:9)
    at HTMLUnknownElementImpl.dispatchEvent (C:\Users\Admin\graceful_books\node_modules\jsdom\lib\jsdom\living\events\EventTarget-impl.js:104:17)
    at HTMLUnknownElement.dispatchEvent (C:\Users\Admin\graceful_books\node_modules\jsdom\lib\jsdom\living\generated\EventTarget.js:241:34)
    at Object.invokeGuardedCallbackDev (C:\Users\Admin\graceful_books\node_modules\react-dom\cjs\react-dom.development.js:4213:16)
    at invokeGuardedCallback (C:\Users\Admin\graceful_books\node_modules\react-dom\cjs\react-dom.development.js:4277:31)
    at beginWork$1 (C:\Users\Admin\graceful_books\node_modules\react-dom\cjs\react-dom.development.js:27490:7)
    at performUnitOfWork (C:\Users\Admin\graceful_books\node_modules\react-dom\cjs\react-dom.development.js:26599:12) Error: useAuth must be used within an AuthProvider
    at useAuth (C:/Users/Admin/graceful_books/src/contexts/AuthContext.tsx:120:11)
    at Module.useAccounts (C:/Users/Admin/graceful_books/src/hooks/useAccounts.ts:180:40)
    at C:/Users/Admin/graceful_books/src/hooks/useAccounts.test.ts:257:43
    at TestComponent (C:\Users\Admin\graceful_books\node_modules\@testing-library\react\dist\pure.js:309:27)
    at renderWithHooks (C:\Users\Admin\graceful_books\node_modules\react-dom\cjs\react-dom.development.js:15486:18)
    at mountIndeterminateComponent (C:\Users\Admin\graceful_books\node_modules\react-dom\cjs\react-dom.development.js:20103:13)
    at beginWork (C:\Users\Admin\graceful_books\node_modules\react-dom\cjs\react-dom.development.js:21626:16)
    at HTMLUnknownElement.callCallback (C:\Users\Admin\graceful_books\node_modules\react-dom\cjs\react-dom.development.js:4164:14)
    at HTMLUnknownElement.callTheUserObjectsOperation (C:\Users\Admin\graceful_books\node_modules\jsdom\lib\jsdom\living\generated\EventListener.js:26:30)
    at innerInvokeEventListeners (C:\Users\Admin\graceful_books\node_modules\jsdom\lib\jsdom\living\events\EventTarget-impl.js:350:25)
Error: Uncaught [Error: useAuth must be used within an AuthProvider]
    at reportException (C:\Users\Admin\graceful_books\node_modules\jsdom\lib\jsdom\living\helpers\runtime-script-errors.js:66:24)
    at innerInvokeEventListeners (C:\Users\Admin\graceful_books\node_modules\jsdom\lib\jsdom\living\events\EventTarget-impl.js:353:9)
    at invokeEventListeners (C:\Users\Admin\graceful_books\node_modules\jsdom\lib\jsdom\living\events\EventTarget-impl.js:286:3)
    at HTMLUnknownElementImpl._dispatch (C:\Users\Admin\graceful_books\node_modules\jsdom\lib\jsdom\living\events\EventTarget-impl.js:233:9)
    at HTMLUnknownElementImpl.dispatchEvent (C:\Users\Admin\graceful_books\node_modules\jsdom\lib\jsdom\living\events\EventTarget-impl.js:104:17)
    at HTMLUnknownElement.dispatchEvent (C:\Users\Admin\graceful_books\node_modules\jsdom\lib\jsdom\living\generated\EventTarget.js:241:34)
    at Object.invokeGuardedCallbackDev (C:\Users\Admin\graceful_books\node_modules\react-dom\cjs\react-dom.development.js:4213:16)
    at invokeGuardedCallback (C:\Users\Admin\graceful_books\node_modules\react-dom\cjs\react-dom.development.js:4277:31)
    at beginWork$1 (C:\Users\Admin\graceful_books\node_modules\react-dom\cjs\react-dom.development.js:27490:7)
    at performUnitOfWork (C:\Users\Admin\graceful_books\node_modules\react-dom\cjs\react-dom.development.js:26599:12) Error: useAuth must be used within an AuthProvider
    at useAuth (C:/Users/Admin/graceful_books/src/contexts/AuthContext.tsx:120:11)
    at Module.useAccounts (C:/Users/Admin/graceful_books/src/hooks/useAccounts.ts:180:40)
    at C:/Users/Admin/graceful_books/src/hooks/useAccounts.test.ts:257:43
    at TestComponent (C:\Users\Admin\graceful_books\node_modules\@testing-library\react\dist\pure.js:309:27)
    at renderWithHooks (C:\Users\Admin\graceful_books\node_modules\react-dom\cjs\react-dom.development.js:15486:18)
    at mountIndeterminateComponent (C:\Users\Admin\graceful_books\node_modules\react-dom\cjs\react-dom.development.js:20103:13)
    at beginWork (C:\Users\Admin\graceful_books\node_modules\react-dom\cjs\react-dom.development.js:21626:16)
    at HTMLUnknownElement.callCallback (C:\Users\Admin\graceful_books\node_modules\react-dom\cjs\react-dom.development.js:4164:14)
    at HTMLUnknownElement.callTheUserObjectsOperation (C:\Users\Admin\graceful_books\node_modules\jsdom\lib\jsdom\living\generated\EventListener.js:26:30)
    at innerInvokeEventListeners (C:\Users\Admin\graceful_books\node_modules\jsdom\lib\jsdom\living\events\EventTarget-impl.js:350:25)
Error: Uncaught [Error: useAuth must be used within an AuthProvider]
    at reportException (C:\Users\Admin\graceful_books\node_modules\jsdom\lib\jsdom\living\helpers\runtime-script-errors.js:66:24)
    at innerInvokeEventListeners (C:\Users\Admin\graceful_books\node_modules\jsdom\lib\jsdom\living\events\EventTarget-impl.js:353:9)
    at invokeEventListeners (C:\Users\Admin\graceful_books\node_modules\jsdom\lib\jsdom\living\events\EventTarget-impl.js:286:3)
    at HTMLUnknownElementImpl._dispatch (C:\Users\Admin\graceful_books\node_modules\jsdom\lib\jsdom\living\events\EventTarget-impl.js:233:9)
    at HTMLUnknownElementImpl.dispatchEvent (C:\Users\Admin\graceful_books\node_modules\jsdom\lib\jsdom\living\events\EventTarget-impl.js:104:17)
    at HTMLUnknownElement.dispatchEvent (C:\Users\Admin\graceful_books\node_modules\jsdom\lib\jsdom\living\generated\EventTarget.js:241:34)
    at Object.invokeGuardedCallbackDev (C:\Users\Admin\graceful_books\node_modules\react-dom\cjs\react-dom.development.js:4213:16)
    at invokeGuardedCallback (C:\Users\Admin\graceful_books\node_modules\react-dom\cjs\react-dom.development.js:4277:31)
    at beginWork$1 (C:\Users\Admin\graceful_books\node_modules\react-dom\cjs\react-dom.development.js:27490:7)
    at performUnitOfWork (C:\Users\Admin\graceful_books\node_modules\react-dom\cjs\react-dom.development.js:26599:12) Error: useAuth must be used within an AuthProvider
    at useAuth (C:/Users/Admin/graceful_books/src/contexts/AuthContext.tsx:120:11)
    at Module.useAccounts (C:/Users/Admin/graceful_books/src/hooks/useAccounts.ts:180:40)
    at C:/Users/Admin/graceful_books/src/hooks/useAccounts.test.ts:274:43
    at TestComponent (C:\Users\Admin\graceful_books\node_modules\@testing-library\react\dist\pure.js:309:27)
    at renderWithHooks (C:\Users\Admin\graceful_books\node_modules\react-dom\cjs\react-dom.development.js:15486:18)
    at mountIndeterminateComponent (C:\Users\Admin\graceful_books\node_modules\react-dom\cjs\react-dom.development.js:20103:13)
    at beginWork (C:\Users\Admin\graceful_books\node_modules\react-dom\cjs\react-dom.development.js:21626:16)
    at HTMLUnknownElement.callCallback (C:\Users\Admin\graceful_books\node_modules\react-dom\cjs\react-dom.development.js:4164:14)
    at HTMLUnknownElement.callTheUserObjectsOperation (C:\Users\Admin\graceful_books\node_modules\jsdom\lib\jsdom\living\generated\EventListener.js:26:30)
    at innerInvokeEventListeners (C:\Users\Admin\graceful_books\node_modules\jsdom\lib\jsdom\living\events\EventTarget-impl.js:350:25)
Error: Uncaught [Error: useAuth must be used within an AuthProvider]
    at reportException (C:\Users\Admin\graceful_books\node_modules\jsdom\lib\jsdom\living\helpers\runtime-script-errors.js:66:24)
    at innerInvokeEventListeners (C:\Users\Admin\graceful_books\node_modules\jsdom\lib\jsdom\living\events\EventTarget-impl.js:353:9)
    at invokeEventListeners (C:\Users\Admin\graceful_books\node_modules\jsdom\lib\jsdom\living\events\EventTarget-impl.js:286:3)
    at HTMLUnknownElementImpl._dispatch (C:\Users\Admin\graceful_books\node_modules\jsdom\lib\jsdom\living\events\EventTarget-impl.js:233:9)
    at HTMLUnknownElementImpl.dispatchEvent (C:\Users\Admin\graceful_books\node_modules\jsdom\lib\jsdom\living\events\EventTarget-impl.js:104:17)
    at HTMLUnknownElement.dispatchEvent (C:\Users\Admin\graceful_books\node_modules\jsdom\lib\jsdom\living\generated\EventTarget.js:241:34)
    at Object.invokeGuardedCallbackDev (C:\Users\Admin\graceful_books\node_modules\react-dom\cjs\react-dom.development.js:4213:16)
    at invokeGuardedCallback (C:\Users\Admin\graceful_books\node_modules\react-dom\cjs\react-dom.development.js:4277:31)
    at beginWork$1 (C:\Users\Admin\graceful_books\node_modules\react-dom\cjs\react-dom.development.js:27490:7)
    at performUnitOfWork (C:\Users\Admin\graceful_books\node_modules\react-dom\cjs\react-dom.development.js:26599:12) Error: useAuth must be used within an AuthProvider
    at useAuth (C:/Users/Admin/graceful_books/src/contexts/AuthContext.tsx:120:11)
    at Module.useAccounts (C:/Users/Admin/graceful_books/src/hooks/useAccounts.ts:180:40)
    at C:/Users/Admin/graceful_books/src/hooks/useAccounts.test.ts:274:43
    at TestComponent (C:\Users\Admin\graceful_books\node_modules\@testing-library\react\dist\pure.js:309:27)
    at renderWithHooks (C:\Users\Admin\graceful_books\node_modules\react-dom\cjs\react-dom.development.js:15486:18)
    at mountIndeterminateComponent (C:\Users\Admin\graceful_books\node_modules\react-dom\cjs\react-dom.development.js:20103:13)
    at beginWork (C:\Users\Admin\graceful_books\node_modules\react-dom\cjs\react-dom.development.js:21626:16)
    at HTMLUnknownElement.callCallback (C:\Users\Admin\graceful_books\node_modules\react-dom\cjs\react-dom.development.js:4164:14)
    at HTMLUnknownElement.callTheUserObjectsOperation (C:\Users\Admin\graceful_books\node_modules\jsdom\lib\jsdom\living\generated\EventListener.js:26:30)
    at innerInvokeEventListeners (C:\Users\Admin\graceful_books\node_modules\jsdom\lib\jsdom\living\events\EventTarget-impl.js:350:25)
Error: Uncaught [Error: useAuth must be used within an AuthProvider]
    at reportException (C:\Users\Admin\graceful_books\node_modules\jsdom\lib\jsdom\living\helpers\runtime-script-errors.js:66:24)
    at innerInvokeEventListeners (C:\Users\Admin\graceful_books\node_modules\jsdom\lib\jsdom\living\events\EventTarget-impl.js:353:9)
    at invokeEventListeners (C:\Users\Admin\graceful_books\node_modules\jsdom\lib\jsdom\living\events\EventTarget-impl.js:286:3)
    at HTMLUnknownElementImpl._dispatch (C:\Users\Admin\graceful_books\node_modules\jsdom\lib\jsdom\living\events\EventTarget-impl.js:233:9)
    at HTMLUnknownElementImpl.dispatchEvent (C:\Users\Admin\graceful_books\node_modules\jsdom\lib\jsdom\living\events\EventTarget-impl.js:104:17)
    at HTMLUnknownElement.dispatchEvent (C:\Users\Admin\graceful_books\node_modules\jsdom\lib\jsdom\living\generated\EventTarget.js:241:34)
    at Object.invokeGuardedCallbackDev (C:\Users\Admin\graceful_books\node_modules\react-dom\cjs\react-dom.development.js:4213:16)
    at invokeGuardedCallback (C:\Users\Admin\graceful_books\node_modules\react-dom\cjs\react-dom.development.js:4277:31)
    at beginWork$1 (C:\Users\Admin\graceful_books\node_modules\react-dom\cjs\react-dom.development.js:27490:7)
    at performUnitOfWork (C:\Users\Admin\graceful_books\node_modules\react-dom\cjs\react-dom.development.js:26599:12) Error: useAuth must be used within an AuthProvider
    at useAuth (C:/Users/Admin/graceful_books/src/contexts/AuthContext.tsx:120:11)
    at Module.useAccounts (C:/Users/Admin/graceful_books/src/hooks/useAccounts.ts:180:40)
    at C:/Users/Admin/graceful_books/src/hooks/useAccounts.test.ts:310:43
    at TestComponent (C:\Users\Admin\graceful_books\node_modules\@testing-library\react\dist\pure.js:309:27)
    at renderWithHooks (C:\Users\Admin\graceful_books\node_modules\react-dom\cjs\react-dom.development.js:15486:18)
    at mountIndeterminateComponent (C:\Users\Admin\graceful_books\node_modules\react-dom\cjs\react-dom.development.js:20103:13)
    at beginWork (C:\Users\Admin\graceful_books\node_modules\react-dom\cjs\react-dom.development.js:21626:16)
    at HTMLUnknownElement.callCallback (C:\Users\Admin\graceful_books\node_modules\react-dom\cjs\react-dom.development.js:4164:14)
    at HTMLUnknownElement.callTheUserObjectsOperation (C:\Users\Admin\graceful_books\node_modules\jsdom\lib\jsdom\living\generated\EventListener.js:26:30)
    at innerInvokeEventListeners (C:\Users\Admin\graceful_books\node_modules\jsdom\lib\jsdom\living\events\EventTarget-impl.js:350:25)
Error: Uncaught [Error: useAuth must be used within an AuthProvider]
    at reportException (C:\Users\Admin\graceful_books\node_modules\jsdom\lib\jsdom\living\helpers\runtime-script-errors.js:66:24)
    at innerInvokeEventListeners (C:\Users\Admin\graceful_books\node_modules\jsdom\lib\jsdom\living\events\EventTarget-impl.js:353:9)
    at invokeEventListeners (C:\Users\Admin\graceful_books\node_modules\jsdom\lib\jsdom\living\events\EventTarget-impl.js:286:3)
    at HTMLUnknownElementImpl._dispatch (C:\Users\Admin\graceful_books\node_modules\jsdom\lib\jsdom\living\events\EventTarget-impl.js:233:9)
    at HTMLUnknownElementImpl.dispatchEvent (C:\Users\Admin\graceful_books\node_modules\jsdom\lib\jsdom\living\events\EventTarget-impl.js:104:17)
    at HTMLUnknownElement.dispatchEvent (C:\Users\Admin\graceful_books\node_modules\jsdom\lib\jsdom\living\generated\EventTarget.js:241:34)
    at Object.invokeGuardedCallbackDev (C:\Users\Admin\graceful_books\node_modules\react-dom\cjs\react-dom.development.js:4213:16)
    at invokeGuardedCallback (C:\Users\Admin\graceful_books\node_modules\react-dom\cjs\react-dom.development.js:4277:31)
    at beginWork$1 (C:\Users\Admin\graceful_books\node_modules\react-dom\cjs\react-dom.development.js:27490:7)
    at performUnitOfWork (C:\Users\Admin\graceful_books\node_modules\react-dom\cjs\react-dom.development.js:26599:12) Error: useAuth must be used within an AuthProvider
    at useAuth (C:/Users/Admin/graceful_books/src/contexts/AuthContext.tsx:120:11)
    at Module.useAccounts (C:/Users/Admin/graceful_books/src/hooks/useAccounts.ts:180:40)
    at C:/Users/Admin/graceful_books/src/hooks/useAccounts.test.ts:310:43
    at TestComponent (C:\Users\Admin\graceful_books\node_modules\@testing-library\react\dist\pure.js:309:27)
    at renderWithHooks (C:\Users\Admin\graceful_books\node_modules\react-dom\cjs\react-dom.development.js:15486:18)
    at mountIndeterminateComponent (C:\Users\Admin\graceful_books\node_modules\react-dom\cjs\react-dom.development.js:20103:13)
    at beginWork (C:\Users\Admin\graceful_books\node_modules\react-dom\cjs\react-dom.development.js:21626:16)
    at HTMLUnknownElement.callCallback (C:\Users\Admin\graceful_books\node_modules\react-dom\cjs\react-dom.development.js:4164:14)
    at HTMLUnknownElement.callTheUserObjectsOperation (C:\Users\Admin\graceful_books\node_modules\jsdom\lib\jsdom\living\generated\EventListener.js:26:30)
    at innerInvokeEventListeners (C:\Users\Admin\graceful_books\node_modules\jsdom\lib\jsdom\living\events\EventTarget-impl.js:350:25)
Error: Uncaught [Error: useAuth must be used within an AuthProvider]
    at reportException (C:\Users\Admin\graceful_books\node_modules\jsdom\lib\jsdom\living\helpers\runtime-script-errors.js:66:24)
    at innerInvokeEventListeners (C:\Users\Admin\graceful_books\node_modules\jsdom\lib\jsdom\living\events\EventTarget-impl.js:353:9)
    at invokeEventListeners (C:\Users\Admin\graceful_books\node_modules\jsdom\lib\jsdom\living\events\EventTarget-impl.js:286:3)
    at HTMLUnknownElementImpl._dispatch (C:\Users\Admin\graceful_books\node_modules\jsdom\lib\jsdom\living\events\EventTarget-impl.js:233:9)
    at HTMLUnknownElementImpl.dispatchEvent (C:\Users\Admin\graceful_books\node_modules\jsdom\lib\jsdom\living\events\EventTarget-impl.js:104:17)
    at HTMLUnknownElement.dispatchEvent (C:\Users\Admin\graceful_books\node_modules\jsdom\lib\jsdom\living\generated\EventTarget.js:241:34)
    at Object.invokeGuardedCallbackDev (C:\Users\Admin\graceful_books\node_modules\react-dom\cjs\react-dom.development.js:4213:16)
    at invokeGuardedCallback (C:\Users\Admin\graceful_books\node_modules\react-dom\cjs\react-dom.development.js:4277:31)
    at beginWork$1 (C:\Users\Admin\graceful_books\node_modules\react-dom\cjs\react-dom.development.js:27490:7)
    at performUnitOfWork (C:\Users\Admin\graceful_books\node_modules\react-dom\cjs\react-dom.development.js:26599:12) Error: useAuth must be used within an AuthProvider
    at useAuth (C:/Users/Admin/graceful_books/src/contexts/AuthContext.tsx:120:11)
    at Module.useAccounts (C:/Users/Admin/graceful_books/src/hooks/useAccounts.ts:180:40)
    at C:/Users/Admin/graceful_books/src/hooks/useAccounts.test.ts:346:43
    at TestComponent (C:\Users\Admin\graceful_books\node_modules\@testing-library\react\dist\pure.js:309:27)
    at renderWithHooks (C:\Users\Admin\graceful_books\node_modules\react-dom\cjs\react-dom.development.js:15486:18)
    at mountIndeterminateComponent (C:\Users\Admin\graceful_books\node_modules\react-dom\cjs\react-dom.development.js:20103:13)
    at beginWork (C:\Users\Admin\graceful_books\node_modules\react-dom\cjs\react-dom.development.js:21626:16)
    at HTMLUnknownElement.callCallback (C:\Users\Admin\graceful_books\node_modules\react-dom\cjs\react-dom.development.js:4164:14)
    at HTMLUnknownElement.callTheUserObjectsOperation (C:\Users\Admin\graceful_books\node_modules\jsdom\lib\jsdom\living\generated\EventListener.js:26:30)
    at innerInvokeEventListeners (C:\Users\Admin\graceful_books\node_modules\jsdom\lib\jsdom\living\events\EventTarget-impl.js:350:25)
Error: Uncaught [Error: useAuth must be used within an AuthProvider]
    at reportException (C:\Users\Admin\graceful_books\node_modules\jsdom\lib\jsdom\living\helpers\runtime-script-errors.js:66:24)
    at innerInvokeEventListeners (C:\Users\Admin\graceful_books\node_modules\jsdom\lib\jsdom\living\events\EventTarget-impl.js:353:9)
    at invokeEventListeners (C:\Users\Admin\graceful_books\node_modules\jsdom\lib\jsdom\living\events\EventTarget-impl.js:286:3)
    at HTMLUnknownElementImpl._dispatch (C:\Users\Admin\graceful_books\node_modules\jsdom\lib\jsdom\living\events\EventTarget-impl.js:233:9)
    at HTMLUnknownElementImpl.dispatchEvent (C:\Users\Admin\graceful_books\node_modules\jsdom\lib\jsdom\living\events\EventTarget-impl.js:104:17)
    at HTMLUnknownElement.dispatchEvent (C:\Users\Admin\graceful_books\node_modules\jsdom\lib\jsdom\living\generated\EventTarget.js:241:34)
    at Object.invokeGuardedCallbackDev (C:\Users\Admin\graceful_books\node_modules\react-dom\cjs\react-dom.development.js:4213:16)
    at invokeGuardedCallback (C:\Users\Admin\graceful_books\node_modules\react-dom\cjs\react-dom.development.js:4277:31)
    at beginWork$1 (C:\Users\Admin\graceful_books\node_modules\react-dom\cjs\react-dom.development.js:27490:7)
    at performUnitOfWork (C:\Users\Admin\graceful_books\node_modules\react-dom\cjs\react-dom.development.js:26599:12) Error: useAuth must be used within an AuthProvider
    at useAuth (C:/Users/Admin/graceful_books/src/contexts/AuthContext.tsx:120:11)
    at Module.useAccounts (C:/Users/Admin/graceful_books/src/hooks/useAccounts.ts:180:40)
    at C:/Users/Admin/graceful_books/src/hooks/useAccounts.test.ts:346:43
    at TestComponent (C:\Users\Admin\graceful_books\node_modules\@testing-library\react\dist\pure.js:309:27)
    at renderWithHooks (C:\Users\Admin\graceful_books\node_modules\react-dom\cjs\react-dom.development.js:15486:18)
    at mountIndeterminateComponent (C:\Users\Admin\graceful_books\node_modules\react-dom\cjs\react-dom.development.js:20103:13)
    at beginWork (C:\Users\Admin\graceful_books\node_modules\react-dom\cjs\react-dom.development.js:21626:16)
    at HTMLUnknownElement.callCallback (C:\Users\Admin\graceful_books\node_modules\react-dom\cjs\react-dom.development.js:4164:14)
    at HTMLUnknownElement.callTheUserObjectsOperation (C:\Users\Admin\graceful_books\node_modules\jsdom\lib\jsdom\living\generated\EventListener.js:26:30)
    at innerInvokeEventListeners (C:\Users\Admin\graceful_books\node_modules\jsdom\lib\jsdom\living\events\EventTarget-impl.js:350:25)
Error: Uncaught [Error: useAuth must be used within an AuthProvider]
    at reportException (C:\Users\Admin\graceful_books\node_modules\jsdom\lib\jsdom\living\helpers\runtime-script-errors.js:66:24)
    at innerInvokeEventListeners (C:\Users\Admin\graceful_books\node_modules\jsdom\lib\jsdom\living\events\EventTarget-impl.js:353:9)
    at invokeEventListeners (C:\Users\Admin\graceful_books\node_modules\jsdom\lib\jsdom\living\events\EventTarget-impl.js:286:3)
    at HTMLUnknownElementImpl._dispatch (C:\Users\Admin\graceful_books\node_modules\jsdom\lib\jsdom\living\events\EventTarget-impl.js:233:9)
    at HTMLUnknownElementImpl.dispatchEvent (C:\Users\Admin\graceful_books\node_modules\jsdom\lib\jsdom\living\events\EventTarget-impl.js:104:17)
    at HTMLUnknownElement.dispatchEvent (C:\Users\Admin\graceful_books\node_modules\jsdom\lib\jsdom\living\generated\EventTarget.js:241:34)
    at Object.invokeGuardedCallbackDev (C:\Users\Admin\graceful_books\node_modules\react-dom\cjs\react-dom.development.js:4213:16)
    at invokeGuardedCallback (C:\Users\Admin\graceful_books\node_modules\react-dom\cjs\react-dom.development.js:4277:31)
    at beginWork$1 (C:\Users\Admin\graceful_books\node_modules\react-dom\cjs\react-dom.development.js:27490:7)
    at performUnitOfWork (C:\Users\Admin\graceful_books\node_modules\react-dom\cjs\react-dom.development.js:26599:12) Error: useAuth must be used within an AuthProvider
    at useAuth (C:/Users/Admin/graceful_books/src/contexts/AuthContext.tsx:120:11)
    at Module.useAccounts (C:/Users/Admin/graceful_books/src/hooks/useAccounts.ts:180:40)
    at C:/Users/Admin/graceful_books/src/hooks/useAccounts.test.ts:362:43
    at TestComponent (C:\Users\Admin\graceful_books\node_modules\@testing-library\react\dist\pure.js:309:27)
    at renderWithHooks (C:\Users\Admin\graceful_books\node_modules\react-dom\cjs\react-dom.development.js:15486:18)
    at mountIndeterminateComponent (C:\Users\Admin\graceful_books\node_modules\react-dom\cjs\react-dom.development.js:20103:13)
    at beginWork (C:\Users\Admin\graceful_books\node_modules\react-dom\cjs\react-dom.development.js:21626:16)
    at HTMLUnknownElement.callCallback (C:\Users\Admin\graceful_books\node_modules\react-dom\cjs\react-dom.development.js:4164:14)
    at HTMLUnknownElement.callTheUserObjectsOperation (C:\Users\Admin\graceful_books\node_modules\jsdom\lib\jsdom\living\generated\EventListener.js:26:30)
    at innerInvokeEventListeners (C:\Users\Admin\graceful_books\node_modules\jsdom\lib\jsdom\living\events\EventTarget-impl.js:350:25)
Error: Uncaught [Error: useAuth must be used within an AuthProvider]
    at reportException (C:\Users\Admin\graceful_books\node_modules\jsdom\lib\jsdom\living\helpers\runtime-script-errors.js:66:24)
    at innerInvokeEventListeners (C:\Users\Admin\graceful_books\node_modules\jsdom\lib\jsdom\living\events\EventTarget-impl.js:353:9)
    at invokeEventListeners (C:\Users\Admin\graceful_books\node_modules\jsdom\lib\jsdom\living\events\EventTarget-impl.js:286:3)
    at HTMLUnknownElementImpl._dispatch (C:\Users\Admin\graceful_books\node_modules\jsdom\lib\jsdom\living\events\EventTarget-impl.js:233:9)
    at HTMLUnknownElementImpl.dispatchEvent (C:\Users\Admin\graceful_books\node_modules\jsdom\lib\jsdom\living\events\EventTarget-impl.js:104:17)
    at HTMLUnknownElement.dispatchEvent (C:\Users\Admin\graceful_books\node_modules\jsdom\lib\jsdom\living\generated\EventTarget.js:241:34)
    at Object.invokeGuardedCallbackDev (C:\Users\Admin\graceful_books\node_modules\react-dom\cjs\react-dom.development.js:4213:16)
    at invokeGuardedCallback (C:\Users\Admin\graceful_books\node_modules\react-dom\cjs\react-dom.development.js:4277:31)
    at beginWork$1 (C:\Users\Admin\graceful_books\node_modules\react-dom\cjs\react-dom.development.js:27490:7)
    at performUnitOfWork (C:\Users\Admin\graceful_books\node_modules\react-dom\cjs\react-dom.development.js:26599:12) Error: useAuth must be used within an AuthProvider
    at useAuth (C:/Users/Admin/graceful_books/src/contexts/AuthContext.tsx:120:11)
    at Module.useAccounts (C:/Users/Admin/graceful_books/src/hooks/useAccounts.ts:180:40)
    at C:/Users/Admin/graceful_books/src/hooks/useAccounts.test.ts:362:43
    at TestComponent (C:\Users\Admin\graceful_books\node_modules\@testing-library\react\dist\pure.js:309:27)
    at renderWithHooks (C:\Users\Admin\graceful_books\node_modules\react-dom\cjs\react-dom.development.js:15486:18)
    at mountIndeterminateComponent (C:\Users\Admin\graceful_books\node_modules\react-dom\cjs\react-dom.development.js:20103:13)
    at beginWork (C:\Users\Admin\graceful_books\node_modules\react-dom\cjs\react-dom.development.js:21626:16)
    at HTMLUnknownElement.callCallback (C:\Users\Admin\graceful_books\node_modules\react-dom\cjs\react-dom.development.js:4164:14)
    at HTMLUnknownElement.callTheUserObjectsOperation (C:\Users\Admin\graceful_books\node_modules\jsdom\lib\jsdom\living\generated\EventListener.js:26:30)
    at innerInvokeEventListeners (C:\Users\Admin\graceful_books\node_modules\jsdom\lib\jsdom\living\events\EventTarget-impl.js:350:25)
Error: Uncaught [Error: useAuth must be used within an AuthProvider]
    at reportException (C:\Users\Admin\graceful_books\node_modules\jsdom\lib\jsdom\living\helpers\runtime-script-errors.js:66:24)
    at innerInvokeEventListeners (C:\Users\Admin\graceful_books\node_modules\jsdom\lib\jsdom\living\events\EventTarget-impl.js:353:9)
    at invokeEventListeners (C:\Users\Admin\graceful_books\node_modules\jsdom\lib\jsdom\living\events\EventTarget-impl.js:286:3)
    at HTMLUnknownElementImpl._dispatch (C:\Users\Admin\graceful_books\node_modules\jsdom\lib\jsdom\living\events\EventTarget-impl.js:233:9)
    at HTMLUnknownElementImpl.dispatchEvent (C:\Users\Admin\graceful_books\node_modules\jsdom\lib\jsdom\living\events\EventTarget-impl.js:104:17)
    at HTMLUnknownElement.dispatchEvent (C:\Users\Admin\graceful_books\node_modules\jsdom\lib\jsdom\living\generated\EventTarget.js:241:34)
    at Object.invokeGuardedCallbackDev (C:\Users\Admin\graceful_books\node_modules\react-dom\cjs\react-dom.development.js:4213:16)
    at invokeGuardedCallback (C:\Users\Admin\graceful_books\node_modules\react-dom\cjs\react-dom.development.js:4277:31)
    at beginWork$1 (C:\Users\Admin\graceful_books\node_modules\react-dom\cjs\react-dom.development.js:27490:7)
    at performUnitOfWork (C:\Users\Admin\graceful_books\node_modules\react-dom\cjs\react-dom.development.js:26599:12) Error: useAuth must be used within an AuthProvider
    at useAuth (C:/Users/Admin/graceful_books/src/contexts/AuthContext.tsx:120:11)
    at Module.useAccounts (C:/Users/Admin/graceful_books/src/hooks/useAccounts.ts:180:40)
    at C:/Users/Admin/graceful_books/src/hooks/useAccounts.test.ts:374:43
    at TestComponent (C:\Users\Admin\graceful_books\node_modules\@testing-library\react\dist\pure.js:309:27)
    at renderWithHooks (C:\Users\Admin\graceful_books\node_modules\react-dom\cjs\react-dom.development.js:15486:18)
    at mountIndeterminateComponent (C:\Users\Admin\graceful_books\node_modules\react-dom\cjs\react-dom.development.js:20103:13)
    at beginWork (C:\Users\Admin\graceful_books\node_modules\react-dom\cjs\react-dom.development.js:21626:16)
    at HTMLUnknownElement.callCallback (C:\Users\Admin\graceful_books\node_modules\react-dom\cjs\react-dom.development.js:4164:14)
    at HTMLUnknownElement.callTheUserObjectsOperation (C:\Users\Admin\graceful_books\node_modules\jsdom\lib\jsdom\living\generated\EventListener.js:26:30)
    at innerInvokeEventListeners (C:\Users\Admin\graceful_books\node_modules\jsdom\lib\jsdom\living\events\EventTarget-impl.js:350:25)
Error: Uncaught [Error: useAuth must be used within an AuthProvider]
    at reportException (C:\Users\Admin\graceful_books\node_modules\jsdom\lib\jsdom\living\helpers\runtime-script-errors.js:66:24)
    at innerInvokeEventListeners (C:\Users\Admin\graceful_books\node_modules\jsdom\lib\jsdom\living\events\EventTarget-impl.js:353:9)
    at invokeEventListeners (C:\Users\Admin\graceful_books\node_modules\jsdom\lib\jsdom\living\events\EventTarget-impl.js:286:3)
    at HTMLUnknownElementImpl._dispatch (C:\Users\Admin\graceful_books\node_modules\jsdom\lib\jsdom\living\events\EventTarget-impl.js:233:9)
    at HTMLUnknownElementImpl.dispatchEvent (C:\Users\Admin\graceful_books\node_modules\jsdom\lib\jsdom\living\events\EventTarget-impl.js:104:17)
    at HTMLUnknownElement.dispatchEvent (C:\Users\Admin\graceful_books\node_modules\jsdom\lib\jsdom\living\generated\EventTarget.js:241:34)
    at Object.invokeGuardedCallbackDev (C:\Users\Admin\graceful_books\node_modules\react-dom\cjs\react-dom.development.js:4213:16)
    at invokeGuardedCallback (C:\Users\Admin\graceful_books\node_modules\react-dom\cjs\react-dom.development.js:4277:31)
    at beginWork$1 (C:\Users\Admin\graceful_books\node_modules\react-dom\cjs\react-dom.development.js:27490:7)
    at performUnitOfWork (C:\Users\Admin\graceful_books\node_modules\react-dom\cjs\react-dom.development.js:26599:12) Error: useAuth must be used within an AuthProvider
    at useAuth (C:/Users/Admin/graceful_books/src/contexts/AuthContext.tsx:120:11)
    at Module.useAccounts (C:/Users/Admin/graceful_books/src/hooks/useAccounts.ts:180:40)
    at C:/Users/Admin/graceful_books/src/hooks/useAccounts.test.ts:374:43
    at TestComponent (C:\Users\Admin\graceful_books\node_modules\@testing-library\react\dist\pure.js:309:27)
    at renderWithHooks (C:\Users\Admin\graceful_books\node_modules\react-dom\cjs\react-dom.development.js:15486:18)
    at mountIndeterminateComponent (C:\Users\Admin\graceful_books\node_modules\react-dom\cjs\react-dom.development.js:20103:13)
    at beginWork (C:\Users\Admin\graceful_books\node_modules\react-dom\cjs\react-dom.development.js:21626:16)
    at HTMLUnknownElement.callCallback (C:\Users\Admin\graceful_books\node_modules\react-dom\cjs\react-dom.development.js:4164:14)
    at HTMLUnknownElement.callTheUserObjectsOperation (C:\Users\Admin\graceful_books\node_modules\jsdom\lib\jsdom\living\generated\EventListener.js:26:30)
    at innerInvokeEventListeners (C:\Users\Admin\graceful_books\node_modules\jsdom\lib\jsdom\living\events\EventTarget-impl.js:350:25)
Error: Uncaught [Error: useAuth must be used within an AuthProvider]
    at reportException (C:\Users\Admin\graceful_books\node_modules\jsdom\lib\jsdom\living\helpers\runtime-script-errors.js:66:24)
    at innerInvokeEventListeners (C:\Users\Admin\graceful_books\node_modules\jsdom\lib\jsdom\living\events\EventTarget-impl.js:353:9)
    at invokeEventListeners (C:\Users\Admin\graceful_books\node_modules\jsdom\lib\jsdom\living\events\EventTarget-impl.js:286:3)
    at HTMLUnknownElementImpl._dispatch (C:\Users\Admin\graceful_books\node_modules\jsdom\lib\jsdom\living\events\EventTarget-impl.js:233:9)
    at HTMLUnknownElementImpl.dispatchEvent (C:\Users\Admin\graceful_books\node_modules\jsdom\lib\jsdom\living\events\EventTarget-impl.js:104:17)
    at HTMLUnknownElement.dispatchEvent (C:\Users\Admin\graceful_books\node_modules\jsdom\lib\jsdom\living\generated\EventTarget.js:241:34)
    at Object.invokeGuardedCallbackDev (C:\Users\Admin\graceful_books\node_modules\react-dom\cjs\react-dom.development.js:4213:16)
    at invokeGuardedCallback (C:\Users\Admin\graceful_books\node_modules\react-dom\cjs\react-dom.development.js:4277:31)
    at beginWork$1 (C:\Users\Admin\graceful_books\node_modules\react-dom\cjs\react-dom.development.js:27490:7)
    at performUnitOfWork (C:\Users\Admin\graceful_books\node_modules\react-dom\cjs\react-dom.development.js:26599:12) Error: useAuth must be used within an AuthProvider
    at useAuth (C:/Users/Admin/graceful_books/src/contexts/AuthContext.tsx:120:11)
    at Module.useAccounts (C:/Users/Admin/graceful_books/src/hooks/useAccounts.ts:180:40)
    at C:/Users/Admin/graceful_books/src/hooks/useAccounts.test.ts:385:43
    at TestComponent (C:\Users\Admin\graceful_books\node_modules\@testing-library\react\dist\pure.js:309:27)
    at renderWithHooks (C:\Users\Admin\graceful_books\node_modules\react-dom\cjs\react-dom.development.js:15486:18)
    at mountIndeterminateComponent (C:\Users\Admin\graceful_books\node_modules\react-dom\cjs\react-dom.development.js:20103:13)
    at beginWork (C:\Users\Admin\graceful_books\node_modules\react-dom\cjs\react-dom.development.js:21626:16)
    at HTMLUnknownElement.callCallback (C:\Users\Admin\graceful_books\node_modules\react-dom\cjs\react-dom.development.js:4164:14)
    at HTMLUnknownElement.callTheUserObjectsOperation (C:\Users\Admin\graceful_books\node_modules\jsdom\lib\jsdom\living\generated\EventListener.js:26:30)
    at innerInvokeEventListeners (C:\Users\Admin\graceful_books\node_modules\jsdom\lib\jsdom\living\events\EventTarget-impl.js:350:25)
Error: Uncaught [Error: useAuth must be used within an AuthProvider]
    at reportException (C:\Users\Admin\graceful_books\node_modules\jsdom\lib\jsdom\living\helpers\runtime-script-errors.js:66:24)
    at innerInvokeEventListeners (C:\Users\Admin\graceful_books\node_modules\jsdom\lib\jsdom\living\events\EventTarget-impl.js:353:9)
    at invokeEventListeners (C:\Users\Admin\graceful_books\node_modules\jsdom\lib\jsdom\living\events\EventTarget-impl.js:286:3)
    at HTMLUnknownElementImpl._dispatch (C:\Users\Admin\graceful_books\node_modules\jsdom\lib\jsdom\living\events\EventTarget-impl.js:233:9)
    at HTMLUnknownElementImpl.dispatchEvent (C:\Users\Admin\graceful_books\node_modules\jsdom\lib\jsdom\living\events\EventTarget-impl.js:104:17)
    at HTMLUnknownElement.dispatchEvent (C:\Users\Admin\graceful_books\node_modules\jsdom\lib\jsdom\living\generated\EventTarget.js:241:34)
    at Object.invokeGuardedCallbackDev (C:\Users\Admin\graceful_books\node_modules\react-dom\cjs\react-dom.development.js:4213:16)
    at invokeGuardedCallback (C:\Users\Admin\graceful_books\node_modules\react-dom\cjs\react-dom.development.js:4277:31)
    at beginWork$1 (C:\Users\Admin\graceful_books\node_modules\react-dom\cjs\react-dom.development.js:27490:7)
    at performUnitOfWork (C:\Users\Admin\graceful_books\node_modules\react-dom\cjs\react-dom.development.js:26599:12) Error: useAuth must be used within an AuthProvider
    at useAuth (C:/Users/Admin/graceful_books/src/contexts/AuthContext.tsx:120:11)
    at Module.useAccounts (C:/Users/Admin/graceful_books/src/hooks/useAccounts.ts:180:40)
    at C:/Users/Admin/graceful_books/src/hooks/useAccounts.test.ts:385:43
    at TestComponent (C:\Users\Admin\graceful_books\node_modules\@testing-library\react\dist\pure.js:309:27)
    at renderWithHooks (C:\Users\Admin\graceful_books\node_modules\react-dom\cjs\react-dom.development.js:15486:18)
    at mountIndeterminateComponent (C:\Users\Admin\graceful_books\node_modules\react-dom\cjs\react-dom.development.js:20103:13)
    at beginWork (C:\Users\Admin\graceful_books\node_modules\react-dom\cjs\react-dom.development.js:21626:16)
    at HTMLUnknownElement.callCallback (C:\Users\Admin\graceful_books\node_modules\react-dom\cjs\react-dom.development.js:4164:14)
    at HTMLUnknownElement.callTheUserObjectsOperation (C:\Users\Admin\graceful_books\node_modules\jsdom\lib\jsdom\living\generated\EventListener.js:26:30)
    at innerInvokeEventListeners (C:\Users\Admin\graceful_books\node_modules\jsdom\lib\jsdom\living\events\EventTarget-impl.js:350:25)
Error: Uncaught [Error: useAuth must be used within an AuthProvider]
    at reportException (C:\Users\Admin\graceful_books\node_modules\jsdom\lib\jsdom\living\helpers\runtime-script-errors.js:66:24)
    at innerInvokeEventListeners (C:\Users\Admin\graceful_books\node_modules\jsdom\lib\jsdom\living\events\EventTarget-impl.js:353:9)
    at invokeEventListeners (C:\Users\Admin\graceful_books\node_modules\jsdom\lib\jsdom\living\events\EventTarget-impl.js:286:3)
    at HTMLUnknownElementImpl._dispatch (C:\Users\Admin\graceful_books\node_modules\jsdom\lib\jsdom\living\events\EventTarget-impl.js:233:9)
    at HTMLUnknownElementImpl.dispatchEvent (C:\Users\Admin\graceful_books\node_modules\jsdom\lib\jsdom\living\events\EventTarget-impl.js:104:17)
    at HTMLUnknownElement.dispatchEvent (C:\Users\Admin\graceful_books\node_modules\jsdom\lib\jsdom\living\generated\EventTarget.js:241:34)
    at Object.invokeGuardedCallbackDev (C:\Users\Admin\graceful_books\node_modules\react-dom\cjs\react-dom.development.js:4213:16)
    at invokeGuardedCallback (C:\Users\Admin\graceful_books\node_modules\react-dom\cjs\react-dom.development.js:4277:31)
    at beginWork$1 (C:\Users\Admin\graceful_books\node_modules\react-dom\cjs\react-dom.development.js:27490:7)
    at performUnitOfWork (C:\Users\Admin\graceful_books\node_modules\react-dom\cjs\react-dom.development.js:26599:12) Error: useAuth must be used within an AuthProvider
    at useAuth (C:/Users/Admin/graceful_books/src/contexts/AuthContext.tsx:120:11)
    at Module.useAccounts (C:/Users/Admin/graceful_books/src/hooks/useAccounts.ts:180:40)
    at C:/Users/Admin/graceful_books/src/hooks/useAccounts.test.ts:420:43
    at TestComponent (C:\Users\Admin\graceful_books\node_modules\@testing-library\react\dist\pure.js:309:27)
    at renderWithHooks (C:\Users\Admin\graceful_books\node_modules\react-dom\cjs\react-dom.development.js:15486:18)
    at mountIndeterminateComponent (C:\Users\Admin\graceful_books\node_modules\react-dom\cjs\react-dom.development.js:20103:13)
    at beginWork (C:\Users\Admin\graceful_books\node_modules\react-dom\cjs\react-dom.development.js:21626:16)
    at HTMLUnknownElement.callCallback (C:\Users\Admin\graceful_books\node_modules\react-dom\cjs\react-dom.development.js:4164:14)
    at HTMLUnknownElement.callTheUserObjectsOperation (C:\Users\Admin\graceful_books\node_modules\jsdom\lib\jsdom\living\generated\EventListener.js:26:30)
    at innerInvokeEventListeners (C:\Users\Admin\graceful_books\node_modules\jsdom\lib\jsdom\living\events\EventTarget-impl.js:350:25)
Error: Uncaught [Error: useAuth must be used within an AuthProvider]
    at reportException (C:\Users\Admin\graceful_books\node_modules\jsdom\lib\jsdom\living\helpers\runtime-script-errors.js:66:24)
    at innerInvokeEventListeners (C:\Users\Admin\graceful_books\node_modules\jsdom\lib\jsdom\living\events\EventTarget-impl.js:353:9)
    at invokeEventListeners (C:\Users\Admin\graceful_books\node_modules\jsdom\lib\jsdom\living\events\EventTarget-impl.js:286:3)
    at HTMLUnknownElementImpl._dispatch (C:\Users\Admin\graceful_books\node_modules\jsdom\lib\jsdom\living\events\EventTarget-impl.js:233:9)
    at HTMLUnknownElementImpl.dispatchEvent (C:\Users\Admin\graceful_books\node_modules\jsdom\lib\jsdom\living\events\EventTarget-impl.js:104:17)
    at HTMLUnknownElement.dispatchEvent (C:\Users\Admin\graceful_books\node_modules\jsdom\lib\jsdom\living\generated\EventTarget.js:241:34)
    at Object.invokeGuardedCallbackDev (C:\Users\Admin\graceful_books\node_modules\react-dom\cjs\react-dom.development.js:4213:16)
    at invokeGuardedCallback (C:\Users\Admin\graceful_books\node_modules\react-dom\cjs\react-dom.development.js:4277:31)
    at beginWork$1 (C:\Users\Admin\graceful_books\node_modules\react-dom\cjs\react-dom.development.js:27490:7)
    at performUnitOfWork (C:\Users\Admin\graceful_books\node_modules\react-dom\cjs\react-dom.development.js:26599:12) Error: useAuth must be used within an AuthProvider
    at useAuth (C:/Users/Admin/graceful_books/src/contexts/AuthContext.tsx:120:11)
    at Module.useAccounts (C:/Users/Admin/graceful_books/src/hooks/useAccounts.ts:180:40)
    at C:/Users/Admin/graceful_books/src/hooks/useAccounts.test.ts:420:43
    at TestComponent (C:\Users\Admin\graceful_books\node_modules\@testing-library\react\dist\pure.js:309:27)
    at renderWithHooks (C:\Users\Admin\graceful_books\node_modules\react-dom\cjs\react-dom.development.js:15486:18)
    at mountIndeterminateComponent (C:\Users\Admin\graceful_books\node_modules\react-dom\cjs\react-dom.development.js:20103:13)
    at beginWork (C:\Users\Admin\graceful_books\node_modules\react-dom\cjs\react-dom.development.js:21626:16)
    at HTMLUnknownElement.callCallback (C:\Users\Admin\graceful_books\node_modules\react-dom\cjs\react-dom.development.js:4164:14)
    at HTMLUnknownElement.callTheUserObjectsOperation (C:\Users\Admin\graceful_books\node_modules\jsdom\lib\jsdom\living\generated\EventListener.js:26:30)
    at innerInvokeEventListeners (C:\Users\Admin\graceful_books\node_modules\jsdom\lib\jsdom\living\events\EventTarget-impl.js:350:25)
Error: Uncaught [Error: useAuth must be used within an AuthProvider]
    at reportException (C:\Users\Admin\graceful_books\node_modules\jsdom\lib\jsdom\living\helpers\runtime-script-errors.js:66:24)
    at innerInvokeEventListeners (C:\Users\Admin\graceful_books\node_modules\jsdom\lib\jsdom\living\events\EventTarget-impl.js:353:9)
    at invokeEventListeners (C:\Users\Admin\graceful_books\node_modules\jsdom\lib\jsdom\living\events\EventTarget-impl.js:286:3)
    at HTMLUnknownElementImpl._dispatch (C:\Users\Admin\graceful_books\node_modules\jsdom\lib\jsdom\living\events\EventTarget-impl.js:233:9)
    at HTMLUnknownElementImpl.dispatchEvent (C:\Users\Admin\graceful_books\node_modules\jsdom\lib\jsdom\living\events\EventTarget-impl.js:104:17)
    at HTMLUnknownElement.dispatchEvent (C:\Users\Admin\graceful_books\node_modules\jsdom\lib\jsdom\living\generated\EventTarget.js:241:34)
    at Object.invokeGuardedCallbackDev (C:\Users\Admin\graceful_books\node_modules\react-dom\cjs\react-dom.development.js:4213:16)
    at invokeGuardedCallback (C:\Users\Admin\graceful_books\node_modules\react-dom\cjs\react-dom.development.js:4277:31)
    at beginWork$1 (C:\Users\Admin\graceful_books\node_modules\react-dom\cjs\react-dom.development.js:27490:7)
    at performUnitOfWork (C:\Users\Admin\graceful_books\node_modules\react-dom\cjs\react-dom.development.js:26599:12) Error: useAuth must be used within an AuthProvider
    at useAuth (C:/Users/Admin/graceful_books/src/contexts/AuthContext.tsx:120:11)
    at Module.useAccounts (C:/Users/Admin/graceful_books/src/hooks/useAccounts.ts:180:40)
    at C:/Users/Admin/graceful_books/src/hooks/useAccounts.test.ts:466:43
    at TestComponent (C:\Users\Admin\graceful_books\node_modules\@testing-library\react\dist\pure.js:309:27)
    at renderWithHooks (C:\Users\Admin\graceful_books\node_modules\react-dom\cjs\react-dom.development.js:15486:18)
    at mountIndeterminateComponent (C:\Users\Admin\graceful_books\node_modules\react-dom\cjs\react-dom.development.js:20103:13)
    at beginWork (C:\Users\Admin\graceful_books\node_modules\react-dom\cjs\react-dom.development.js:21626:16)
    at HTMLUnknownElement.callCallback (C:\Users\Admin\graceful_books\node_modules\react-dom\cjs\react-dom.development.js:4164:14)
    at HTMLUnknownElement.callTheUserObjectsOperation (C:\Users\Admin\graceful_books\node_modules\jsdom\lib\jsdom\living\generated\EventListener.js:26:30)
    at innerInvokeEventListeners (C:\Users\Admin\graceful_books\node_modules\jsdom\lib\jsdom\living\events\EventTarget-impl.js:350:25)
Error: Uncaught [Error: useAuth must be used within an AuthProvider]
    at reportException (C:\Users\Admin\graceful_books\node_modules\jsdom\lib\jsdom\living\helpers\runtime-script-errors.js:66:24)
    at innerInvokeEventListeners (C:\Users\Admin\graceful_books\node_modules\jsdom\lib\jsdom\living\events\EventTarget-impl.js:353:9)
    at invokeEventListeners (C:\Users\Admin\graceful_books\node_modules\jsdom\lib\jsdom\living\events\EventTarget-impl.js:286:3)
    at HTMLUnknownElementImpl._dispatch (C:\Users\Admin\graceful_books\node_modules\jsdom\lib\jsdom\living\events\EventTarget-impl.js:233:9)
    at HTMLUnknownElementImpl.dispatchEvent (C:\Users\Admin\graceful_books\node_modules\jsdom\lib\jsdom\living\events\EventTarget-impl.js:104:17)
    at HTMLUnknownElement.dispatchEvent (C:\Users\Admin\graceful_books\node_modules\jsdom\lib\jsdom\living\generated\EventTarget.js:241:34)
    at Object.invokeGuardedCallbackDev (C:\Users\Admin\graceful_books\node_modules\react-dom\cjs\react-dom.development.js:4213:16)
    at invokeGuardedCallback (C:\Users\Admin\graceful_books\node_modules\react-dom\cjs\react-dom.development.js:4277:31)
    at beginWork$1 (C:\Users\Admin\graceful_books\node_modules\react-dom\cjs\react-dom.development.js:27490:7)
    at performUnitOfWork (C:\Users\Admin\graceful_books\node_modules\react-dom\cjs\react-dom.development.js:26599:12) Error: useAuth must be used within an AuthProvider
    at useAuth (C:/Users/Admin/graceful_books/src/contexts/AuthContext.tsx:120:11)
    at Module.useAccounts (C:/Users/Admin/graceful_books/src/hooks/useAccounts.ts:180:40)
    at C:/Users/Admin/graceful_books/src/hooks/useAccounts.test.ts:466:43
    at TestComponent (C:\Users\Admin\graceful_books\node_modules\@testing-library\react\dist\pure.js:309:27)
    at renderWithHooks (C:\Users\Admin\graceful_books\node_modules\react-dom\cjs\react-dom.development.js:15486:18)
    at mountIndeterminateComponent (C:\Users\Admin\graceful_books\node_modules\react-dom\cjs\react-dom.development.js:20103:13)
    at beginWork (C:\Users\Admin\graceful_books\node_modules\react-dom\cjs\react-dom.development.js:21626:16)
    at HTMLUnknownElement.callCallback (C:\Users\Admin\graceful_books\node_modules\react-dom\cjs\react-dom.development.js:4164:14)
    at HTMLUnknownElement.callTheUserObjectsOperation (C:\Users\Admin\graceful_books\node_modules\jsdom\lib\jsdom\living\generated\EventListener.js:26:30)
    at innerInvokeEventListeners (C:\Users\Admin\graceful_books\node_modules\jsdom\lib\jsdom\living\events\EventTarget-impl.js:350:25)
stderr | src/hooks/useAccounts.test.ts > useAccounts Hook > initialization > should initialize with empty accounts
The above error occurred in the <TestComponent> component:

    at TestComponent (C:\Users\Admin\graceful_books\node_modules\@testing-library\react\dist\pure.js:307:5)

Consider adding an error boundary to your tree to customize error handling behavior.
Visit https://reactjs.org/link/error-boundaries to learn more about error boundaries.

stderr | src/hooks/useAccounts.test.ts > useAccounts Hook > initialization > should accept query options
The above error occurred in the <TestComponent> component:

    at TestComponent (C:\Users\Admin\graceful_books\node_modules\@testing-library\react\dist\pure.js:307:5)

Consider adding an error boundary to your tree to customize error handling behavior.
Visit https://reactjs.org/link/error-boundaries to learn more about error boundaries.

stderr | src/hooks/useAccounts.test.ts > useAccounts Hook > create operation > should create a new account
The above error occurred in the <TestComponent> component:

    at TestComponent (C:\Users\Admin\graceful_books\node_modules\@testing-library\react\dist\pure.js:307:5)

Consider adding an error boundary to your tree to customize error handling behavior.
Visit https://reactjs.org/link/error-boundaries to learn more about error boundaries.

stderr | src/hooks/useAccounts.test.ts > useAccounts Hook > create operation > should handle create errors
The above error occurred in the <TestComponent> component:

    at TestComponent (C:\Users\Admin\graceful_books\node_modules\@testing-library\react\dist\pure.js:307:5)

Consider adding an error boundary to your tree to customize error handling behavior.
Visit https://reactjs.org/link/error-boundaries to learn more about error boundaries.

stderr | src/hooks/useAccounts.test.ts > useAccounts Hook > get operation > should get account by ID
The above error occurred in the <TestComponent> component:

    at TestComponent (C:\Users\Admin\graceful_books\node_modules\@testing-library\react\dist\pure.js:307:5)

Consider adding an error boundary to your tree to customize error handling behavior.
Visit https://reactjs.org/link/error-boundaries to learn more about error boundaries.

Error: Uncaught [Error: useAuth must be used within an AuthProvider]
    at reportException (C:\Users\Admin\graceful_books\node_modules\jsdom\lib\jsdom\living\helpers\runtime-script-errors.js:66:24)
    at innerInvokeEventListeners (C:\Users\Admin\graceful_books\node_modules\jsdom\lib\jsdom\living\events\EventTarget-impl.js:353:9)
    at invokeEventListeners (C:\Users\Admin\graceful_books\node_modules\jsdom\lib\jsdom\living\events\EventTarget-impl.js:286:3)
    at HTMLUnknownElementImpl._dispatch (C:\Users\Admin\graceful_books\node_modules\jsdom\lib\jsdom\living\events\EventTarget-impl.js:233:9)
    at HTMLUnknownElementImpl.dispatchEvent (C:\Users\Admin\graceful_books\node_modules\jsdom\lib\jsdom\living\events\EventTarget-impl.js:104:17)
    at HTMLUnknownElement.dispatchEvent (C:\Users\Admin\graceful_books\node_modules\jsdom\lib\jsdom\living\generated\EventTarget.js:241:34)
    at Object.invokeGuardedCallbackDev (C:\Users\Admin\graceful_books\node_modules\react-dom\cjs\react-dom.development.js:4213:16)
    at invokeGuardedCallback (C:\Users\Admin\graceful_books\node_modules\react-dom\cjs\react-dom.development.js:4277:31)
    at beginWork$1 (C:\Users\Admin\graceful_books\node_modules\react-dom\cjs\react-dom.development.js:27490:7)
    at performUnitOfWork (C:\Users\Admin\graceful_books\node_modules\react-dom\cjs\react-dom.development.js:26599:12) Error: useAuth must be used within an AuthProvider
    at useAuth (C:/Users/Admin/graceful_books/src/contexts/AuthContext.tsx:120:11)
    at Module.useAccounts (C:/Users/Admin/graceful_books/src/hooks/useAccounts.ts:180:40)
    at C:/Users/Admin/graceful_books/src/hooks/useAccounts.test.ts:478:43
    at TestComponent (C:\Users\Admin\graceful_books\node_modules\@testing-library\react\dist\pure.js:309:27)
    at renderWithHooks (C:\Users\Admin\graceful_books\node_modules\react-dom\cjs\react-dom.development.js:15486:18)
    at mountIndeterminateComponent (C:\Users\Admin\graceful_books\node_modules\react-dom\cjs\react-dom.development.js:20103:13)
    at beginWork (C:\Users\Admin\graceful_books\node_modules\react-dom\cjs\react-dom.development.js:21626:16)
    at HTMLUnknownElement.callCallback (C:\Users\Admin\graceful_books\node_modules\react-dom\cjs\react-dom.development.js:4164:14)
    at HTMLUnknownElement.callTheUserObjectsOperation (C:\Users\Admin\graceful_books\node_modules\jsdom\lib\jsdom\living\generated\EventListener.js:26:30)
    at innerInvokeEventListeners (C:\Users\Admin\graceful_books\node_modules\jsdom\lib\jsdom\living\events\EventTarget-impl.js:350:25)
Error: Uncaught [Error: useAuth must be used within an AuthProvider]
    at reportException (C:\Users\Admin\graceful_books\node_modules\jsdom\lib\jsdom\living\helpers\runtime-script-errors.js:66:24)
    at innerInvokeEventListeners (C:\Users\Admin\graceful_books\node_modules\jsdom\lib\jsdom\living\events\EventTarget-impl.js:353:9)
    at invokeEventListeners (C:\Users\Admin\graceful_books\node_modules\jsdom\lib\jsdom\living\events\EventTarget-impl.js:286:3)
    at HTMLUnknownElementImpl._dispatch (C:\Users\Admin\graceful_books\node_modules\jsdom\lib\jsdom\living\events\EventTarget-impl.js:233:9)
    at HTMLUnknownElementImpl.dispatchEvent (C:\Users\Admin\graceful_books\node_modules\jsdom\lib\jsdom\living\events\EventTarget-impl.js:104:17)
    at HTMLUnknownElement.dispatchEvent (C:\Users\Admin\graceful_books\node_modules\jsdom\lib\jsdom\living\generated\EventTarget.js:241:34)
    at Object.invokeGuardedCallbackDev (C:\Users\Admin\graceful_books\node_modules\react-dom\cjs\react-dom.development.js:4213:16)
    at invokeGuardedCallback (C:\Users\Admin\graceful_books\node_modules\react-dom\cjs\react-dom.development.js:4277:31)
    at beginWork$1 (C:\Users\Admin\graceful_books\node_modules\react-dom\cjs\react-dom.development.js:27490:7)
    at performUnitOfWork (C:\Users\Admin\graceful_books\node_modules\react-dom\cjs\react-dom.development.js:26599:12) Error: useAuth must be used within an AuthProvider
    at useAuth (C:/Users/Admin/graceful_books/src/contexts/AuthContext.tsx:120:11)
    at Module.useAccounts (C:/Users/Admin/graceful_books/src/hooks/useAccounts.ts:180:40)
    at C:/Users/Admin/graceful_books/src/hooks/useAccounts.test.ts:478:43
    at TestComponent (C:\Users\Admin\graceful_books\node_modules\@testing-library\react\dist\pure.js:309:27)
    at renderWithHooks (C:\Users\Admin\graceful_books\node_modules\react-dom\cjs\react-dom.development.js:15486:18)
    at mountIndeterminateComponent (C:\Users\Admin\graceful_books\node_modules\react-dom\cjs\react-dom.development.js:20103:13)
    at beginWork (C:\Users\Admin\graceful_books\node_modules\react-dom\cjs\react-dom.development.js:21626:16)
    at HTMLUnknownElement.callCallback (C:\Users\Admin\graceful_books\node_modules\react-dom\cjs\react-dom.development.js:4164:14)
    at HTMLUnknownElement.callTheUserObjectsOperation (C:\Users\Admin\graceful_books\node_modules\jsdom\lib\jsdom\living\generated\EventListener.js:26:30)
    at innerInvokeEventListeners (C:\Users\Admin\graceful_books\node_modules\jsdom\lib\jsdom\living\events\EventTarget-impl.js:350:25)
stderr | src/hooks/useAccounts.test.ts > useAccounts Hook > get operation > should handle account not found
The above error occurred in the <TestComponent> component:

    at TestComponent (C:\Users\Admin\graceful_books\node_modules\@testing-library\react\dist\pure.js:307:5)

Consider adding an error boundary to your tree to customize error handling behavior.
Visit https://reactjs.org/link/error-boundaries to learn more about error boundaries.

stderr | src/hooks/useAccounts.test.ts > useAccounts Hook > update operation > should update an account
The above error occurred in the <TestComponent> component:

    at TestComponent (C:\Users\Admin\graceful_books\node_modules\@testing-library\react\dist\pure.js:307:5)

Consider adding an error boundary to your tree to customize error handling behavior.
Visit https://reactjs.org/link/error-boundaries to learn more about error boundaries.

stderr | src/hooks/useAccounts.test.ts > useAccounts Hook > update operation > should handle update errors
The above error occurred in the <TestComponent> component:

    at TestComponent (C:\Users\Admin\graceful_books\node_modules\@testing-library\react\dist\pure.js:307:5)

Consider adding an error boundary to your tree to customize error handling behavior.
Visit https://reactjs.org/link/error-boundaries to learn more about error boundaries.

stderr | src/hooks/useAccounts.test.ts > useAccounts Hook > remove operation > should delete an account
The above error occurred in the <TestComponent> component:

    at TestComponent (C:\Users\Admin\graceful_books\node_modules\@testing-library\react\dist\pure.js:307:5)

Consider adding an error boundary to your tree to customize error handling behavior.
Visit https://reactjs.org/link/error-boundaries to learn more about error boundaries.

stderr | src/hooks/useAccounts.test.ts > useAccounts Hook > remove operation > should handle delete errors
The above error occurred in the <TestComponent> component:

    at TestComponent (C:\Users\Admin\graceful_books\node_modules\@testing-library\react\dist\pure.js:307:5)

Consider adding an error boundary to your tree to customize error handling behavior.
Visit https://reactjs.org/link/error-boundaries to learn more about error boundaries.

stderr | src/hooks/useAccounts.test.ts > useAccounts Hook > batch operations > should batch create multiple accounts
The above error occurred in the <TestComponent> component:

    at TestComponent (C:\Users\Admin\graceful_books\node_modules\@testing-library\react\dist\pure.js:307:5)

Consider adding an error boundary to your tree to customize error handling behavior.
Visit https://reactjs.org/link/error-boundaries to learn more about error boundaries.

stderr | src/hooks/useAccounts.test.ts > useAccounts Hook > batch operations > should handle partial batch failures
The above error occurred in the <TestComponent> component:

    at TestComponent (C:\Users\Admin\graceful_books\node_modules\@testing-library\react\dist\pure.js:307:5)

Consider adding an error boundary to your tree to customize error handling behavior.
Visit https://reactjs.org/link/error-boundaries to learn more about error boundaries.

stderr | src/hooks/useAccounts.test.ts > useAccounts Hook > hierarchy operations > should get accounts hierarchy
The above error occurred in the <TestComponent> component:

    at TestComponent (C:\Users\Admin\graceful_books\node_modules\@testing-library\react\dist\pure.js:307:5)

Consider adding an error boundary to your tree to customize error handling behavior.
Visit https://reactjs.org/link/error-boundaries to learn more about error boundaries.

stderr | src/hooks/useAccounts.test.ts > useAccounts Hook > hierarchy operations > should require company ID for hierarchy
The above error occurred in the <TestComponent> component:

    at TestComponent (C:\Users\Admin\graceful_books\node_modules\@testing-library\react\dist\pure.js:307:5)

Consider adding an error boundary to your tree to customize error handling behavior.
Visit https://reactjs.org/link/error-boundaries to learn more about error boundaries.

stderr | src/hooks/useAccounts.test.ts > useAccounts Hook > hierarchy operations > should build tree structure from flat accounts
The above error occurred in the <TestComponent> component:

    at TestComponent (C:\Users\Admin\graceful_books\node_modules\@testing-library\react\dist\pure.js:307:5)

Consider adding an error boundary to your tree to customize error handling behavior.
Visit https://reactjs.org/link/error-boundaries to learn more about error boundaries.

stderr | src/hooks/useAccounts.test.ts > useAccounts Hook > hierarchy operations > should handle accounts with no parent
The above error occurred in the <TestComponent> component:

    at TestComponent (C:\Users\Admin\graceful_books\node_modules\@testing-library\react\dist\pure.js:307:5)

Consider adding an error boundary to your tree to customize error handling behavior.
Visit https://reactjs.org/link/error-boundaries to learn more about error boundaries.

stderr | src/hooks/useAccounts.test.ts > useAccounts Hook > hierarchy operations > should sort accounts by account number and name
The above error occurred in the <TestComponent> component:

    at TestComponent (C:\Users\Admin\graceful_books\node_modules\@testing-library\react\dist\pure.js:307:5)

Consider adding an error boundary to your tree to customize error handling behavior.
Visit https://reactjs.org/link/error-boundaries to learn more about error boundaries.

stderr | src/hooks/useAccounts.test.ts > useAccounts Hook > refresh operation > should provide refresh function
The above error occurred in the <TestComponent> component:

    at TestComponent (C:\Users\Admin\graceful_books\node_modules\@testing-library\react\dist\pure.js:307:5)

Consider adding an error boundary to your tree to customize error handling behavior.
Visit https://reactjs.org/link/error-boundaries to learn more about error boundaries.

 ❯ src/hooks/useAccounts.test.ts (18 tests | 18 failed) 444ms
       × should initialize with empty accounts 104ms
       × should accept query options 13ms
       × should create a new account 18ms
       × should handle create errors 33ms
       × should get account by ID 20ms
       × should handle account not found 33ms
       × should update an account 12ms
       × should handle update errors 14ms
       × should delete an account 33ms
       × should handle delete errors 11ms
       × should batch create multiple accounts 15ms
       × should handle partial batch failures 11ms
       × should get accounts hierarchy 29ms
       × should require company ID for hierarchy 52ms
       × should build tree structure from flat accounts 9ms
       × should handle accounts with no parent 8ms
       × should sort accounts by account number and name 8ms
       × should provide refresh function 8ms
Error: Uncaught [Error: useAuth must be used within an AuthProvider]
    at reportException (C:\Users\Admin\graceful_books\node_modules\jsdom\lib\jsdom\living\helpers\runtime-script-errors.js:66:24)
    at innerInvokeEventListeners (C:\Users\Admin\graceful_books\node_modules\jsdom\lib\jsdom\living\events\EventTarget-impl.js:353:9)
    at invokeEventListeners (C:\Users\Admin\graceful_books\node_modules\jsdom\lib\jsdom\living\events\EventTarget-impl.js:286:3)
    at HTMLUnknownElementImpl._dispatch (C:\Users\Admin\graceful_books\node_modules\jsdom\lib\jsdom\living\events\EventTarget-impl.js:233:9)
    at HTMLUnknownElementImpl.dispatchEvent (C:\Users\Admin\graceful_books\node_modules\jsdom\lib\jsdom\living\events\EventTarget-impl.js:104:17)
    at HTMLUnknownElement.dispatchEvent (C:\Users\Admin\graceful_books\node_modules\jsdom\lib\jsdom\living\generated\EventTarget.js:241:34)
    at Object.invokeGuardedCallbackDev (C:\Users\Admin\graceful_books\node_modules\react-dom\cjs\react-dom.development.js:4213:16)
    at invokeGuardedCallback (C:\Users\Admin\graceful_books\node_modules\react-dom\cjs\react-dom.development.js:4277:31)
    at beginWork$1 (C:\Users\Admin\graceful_books\node_modules\react-dom\cjs\react-dom.development.js:27490:7)
    at performUnitOfWork (C:\Users\Admin\graceful_books\node_modules\react-dom\cjs\react-dom.development.js:26599:12) Error: useAuth must be used within an AuthProvider
    at useAuth (C:/Users/Admin/graceful_books/src/contexts/AuthContext.tsx:120:11)
    at Module.useTransactions (C:/Users/Admin/graceful_books/src/hooks/useTransactions.ts:69:25)
    at C:/Users/Admin/graceful_books/src/hooks/useTransactions.test.ts:40:43
    at TestComponent (C:\Users\Admin\graceful_books\node_modules\@testing-library\react\dist\pure.js:309:27)
    at renderWithHooks (C:\Users\Admin\graceful_books\node_modules\react-dom\cjs\react-dom.development.js:15486:18)
    at mountIndeterminateComponent (C:\Users\Admin\graceful_books\node_modules\react-dom\cjs\react-dom.development.js:20103:13)
    at beginWork (C:\Users\Admin\graceful_books\node_modules\react-dom\cjs\react-dom.development.js:21626:16)
    at HTMLUnknownElement.callCallback (C:\Users\Admin\graceful_books\node_modules\react-dom\cjs\react-dom.development.js:4164:14)
    at HTMLUnknownElement.callTheUserObjectsOperation (C:\Users\Admin\graceful_books\node_modules\jsdom\lib\jsdom\living\generated\EventListener.js:26:30)
    at innerInvokeEventListeners (C:\Users\Admin\graceful_books\node_modules\jsdom\lib\jsdom\living\events\EventTarget-impl.js:350:25)
Error: Uncaught [Error: useAuth must be used within an AuthProvider]
    at reportException (C:\Users\Admin\graceful_books\node_modules\jsdom\lib\jsdom\living\helpers\runtime-script-errors.js:66:24)
    at innerInvokeEventListeners (C:\Users\Admin\graceful_books\node_modules\jsdom\lib\jsdom\living\events\EventTarget-impl.js:353:9)
    at invokeEventListeners (C:\Users\Admin\graceful_books\node_modules\jsdom\lib\jsdom\living\events\EventTarget-impl.js:286:3)
    at HTMLUnknownElementImpl._dispatch (C:\Users\Admin\graceful_books\node_modules\jsdom\lib\jsdom\living\events\EventTarget-impl.js:233:9)
    at HTMLUnknownElementImpl.dispatchEvent (C:\Users\Admin\graceful_books\node_modules\jsdom\lib\jsdom\living\events\EventTarget-impl.js:104:17)
    at HTMLUnknownElement.dispatchEvent (C:\Users\Admin\graceful_books\node_modules\jsdom\lib\jsdom\living\generated\EventTarget.js:241:34)
    at Object.invokeGuardedCallbackDev (C:\Users\Admin\graceful_books\node_modules\react-dom\cjs\react-dom.development.js:4213:16)
    at invokeGuardedCallback (C:\Users\Admin\graceful_books\node_modules\react-dom\cjs\react-dom.development.js:4277:31)
    at beginWork$1 (C:\Users\Admin\graceful_books\node_modules\react-dom\cjs\react-dom.development.js:27490:7)
    at performUnitOfWork (C:\Users\Admin\graceful_books\node_modules\react-dom\cjs\react-dom.development.js:26599:12) Error: useAuth must be used within an AuthProvider
    at useAuth (C:/Users/Admin/graceful_books/src/contexts/AuthContext.tsx:120:11)
    at Module.useTransactions (C:/Users/Admin/graceful_books/src/hooks/useTransactions.ts:69:25)
    at C:/Users/Admin/graceful_books/src/hooks/useTransactions.test.ts:40:43
    at TestComponent (C:\Users\Admin\graceful_books\node_modules\@testing-library\react\dist\pure.js:309:27)
    at renderWithHooks (C:\Users\Admin\graceful_books\node_modules\react-dom\cjs\react-dom.development.js:15486:18)
    at mountIndeterminateComponent (C:\Users\Admin\graceful_books\node_modules\react-dom\cjs\react-dom.development.js:20103:13)
    at beginWork (C:\Users\Admin\graceful_books\node_modules\react-dom\cjs\react-dom.development.js:21626:16)
    at HTMLUnknownElement.callCallback (C:\Users\Admin\graceful_books\node_modules\react-dom\cjs\react-dom.development.js:4164:14)
    at HTMLUnknownElement.callTheUserObjectsOperation (C:\Users\Admin\graceful_books\node_modules\jsdom\lib\jsdom\living\generated\EventListener.js:26:30)
    at innerInvokeEventListeners (C:\Users\Admin\graceful_books\node_modules\jsdom\lib\jsdom\living\events\EventTarget-impl.js:350:25)
Error: Uncaught [Error: useAuth must be used within an AuthProvider]
    at reportException (C:\Users\Admin\graceful_books\node_modules\jsdom\lib\jsdom\living\helpers\runtime-script-errors.js:66:24)
    at innerInvokeEventListeners (C:\Users\Admin\graceful_books\node_modules\jsdom\lib\jsdom\living\events\EventTarget-impl.js:353:9)
    at invokeEventListeners (C:\Users\Admin\graceful_books\node_modules\jsdom\lib\jsdom\living\events\EventTarget-impl.js:286:3)
    at HTMLUnknownElementImpl._dispatch (C:\Users\Admin\graceful_books\node_modules\jsdom\lib\jsdom\living\events\EventTarget-impl.js:233:9)
    at HTMLUnknownElementImpl.dispatchEvent (C:\Users\Admin\graceful_books\node_modules\jsdom\lib\jsdom\living\events\EventTarget-impl.js:104:17)
    at HTMLUnknownElement.dispatchEvent (C:\Users\Admin\graceful_books\node_modules\jsdom\lib\jsdom\living\generated\EventTarget.js:241:34)
    at Object.invokeGuardedCallbackDev (C:\Users\Admin\graceful_books\node_modules\react-dom\cjs\react-dom.development.js:4213:16)
    at invokeGuardedCallback (C:\Users\Admin\graceful_books\node_modules\react-dom\cjs\react-dom.development.js:4277:31)
    at beginWork$1 (C:\Users\Admin\graceful_books\node_modules\react-dom\cjs\react-dom.development.js:27490:7)
    at performUnitOfWork (C:\Users\Admin\graceful_books\node_modules\react-dom\cjs\react-dom.development.js:26599:12) Error: useAuth must be used within an AuthProvider
    at useAuth (C:/Users/Admin/graceful_books/src/contexts/AuthContext.tsx:120:11)
    at Module.useTransactions (C:/Users/Admin/graceful_books/src/hooks/useTransactions.ts:69:25)
    at C:/Users/Admin/graceful_books/src/hooks/useTransactions.test.ts:72:43
    at TestComponent (C:\Users\Admin\graceful_books\node_modules\@testing-library\react\dist\pure.js:309:27)
    at renderWithHooks (C:\Users\Admin\graceful_books\node_modules\react-dom\cjs\react-dom.development.js:15486:18)
    at mountIndeterminateComponent (C:\Users\Admin\graceful_books\node_modules\react-dom\cjs\react-dom.development.js:20103:13)
    at beginWork (C:\Users\Admin\graceful_books\node_modules\react-dom\cjs\react-dom.development.js:21626:16)
    at HTMLUnknownElement.callCallback (C:\Users\Admin\graceful_books\node_modules\react-dom\cjs\react-dom.development.js:4164:14)
    at HTMLUnknownElement.callTheUserObjectsOperation (C:\Users\Admin\graceful_books\node_modules\jsdom\lib\jsdom\living\generated\EventListener.js:26:30)
    at innerInvokeEventListeners (C:\Users\Admin\graceful_books\node_modules\jsdom\lib\jsdom\living\events\EventTarget-impl.js:350:25)
Error: Uncaught [Error: useAuth must be used within an AuthProvider]
    at reportException (C:\Users\Admin\graceful_books\node_modules\jsdom\lib\jsdom\living\helpers\runtime-script-errors.js:66:24)
    at innerInvokeEventListeners (C:\Users\Admin\graceful_books\node_modules\jsdom\lib\jsdom\living\events\EventTarget-impl.js:353:9)
    at invokeEventListeners (C:\Users\Admin\graceful_books\node_modules\jsdom\lib\jsdom\living\events\EventTarget-impl.js:286:3)
    at HTMLUnknownElementImpl._dispatch (C:\Users\Admin\graceful_books\node_modules\jsdom\lib\jsdom\living\events\EventTarget-impl.js:233:9)
    at HTMLUnknownElementImpl.dispatchEvent (C:\Users\Admin\graceful_books\node_modules\jsdom\lib\jsdom\living\events\EventTarget-impl.js:104:17)
    at HTMLUnknownElement.dispatchEvent (C:\Users\Admin\graceful_books\node_modules\jsdom\lib\jsdom\living\generated\EventTarget.js:241:34)
    at Object.invokeGuardedCallbackDev (C:\Users\Admin\graceful_books\node_modules\react-dom\cjs\react-dom.development.js:4213:16)
    at invokeGuardedCallback (C:\Users\Admin\graceful_books\node_modules\react-dom\cjs\react-dom.development.js:4277:31)
    at beginWork$1 (C:\Users\Admin\graceful_books\node_modules\react-dom\cjs\react-dom.development.js:27490:7)
    at performUnitOfWork (C:\Users\Admin\graceful_books\node_modules\react-dom\cjs\react-dom.development.js:26599:12) Error: useAuth must be used within an AuthProvider
    at useAuth (C:/Users/Admin/graceful_books/src/contexts/AuthContext.tsx:120:11)
    at Module.useTransactions (C:/Users/Admin/graceful_books/src/hooks/useTransactions.ts:69:25)
    at C:/Users/Admin/graceful_books/src/hooks/useTransactions.test.ts:72:43
    at TestComponent (C:\Users\Admin\graceful_books\node_modules\@testing-library\react\dist\pure.js:309:27)
    at renderWithHooks (C:\Users\Admin\graceful_books\node_modules\react-dom\cjs\react-dom.development.js:15486:18)
    at mountIndeterminateComponent (C:\Users\Admin\graceful_books\node_modules\react-dom\cjs\react-dom.development.js:20103:13)
    at beginWork (C:\Users\Admin\graceful_books\node_modules\react-dom\cjs\react-dom.development.js:21626:16)
    at HTMLUnknownElement.callCallback (C:\Users\Admin\graceful_books\node_modules\react-dom\cjs\react-dom.development.js:4164:14)
    at HTMLUnknownElement.callTheUserObjectsOperation (C:\Users\Admin\graceful_books\node_modules\jsdom\lib\jsdom\living\generated\EventListener.js:26:30)
    at innerInvokeEventListeners (C:\Users\Admin\graceful_books\node_modules\jsdom\lib\jsdom\living\events\EventTarget-impl.js:350:25)
Error: Uncaught [Error: useAuth must be used within an AuthProvider]
    at reportException (C:\Users\Admin\graceful_books\node_modules\jsdom\lib\jsdom\living\helpers\runtime-script-errors.js:66:24)
    at innerInvokeEventListeners (C:\Users\Admin\graceful_books\node_modules\jsdom\lib\jsdom\living\events\EventTarget-impl.js:353:9)
    at invokeEventListeners (C:\Users\Admin\graceful_books\node_modules\jsdom\lib\jsdom\living\events\EventTarget-impl.js:286:3)
    at HTMLUnknownElementImpl._dispatch (C:\Users\Admin\graceful_books\node_modules\jsdom\lib\jsdom\living\events\EventTarget-impl.js:233:9)
    at HTMLUnknownElementImpl.dispatchEvent (C:\Users\Admin\graceful_books\node_modules\jsdom\lib\jsdom\living\events\EventTarget-impl.js:104:17)
    at HTMLUnknownElement.dispatchEvent (C:\Users\Admin\graceful_books\node_modules\jsdom\lib\jsdom\living\generated\EventTarget.js:241:34)
    at Object.invokeGuardedCallbackDev (C:\Users\Admin\graceful_books\node_modules\react-dom\cjs\react-dom.development.js:4213:16)
    at invokeGuardedCallback (C:\Users\Admin\graceful_books\node_modules\react-dom\cjs\react-dom.development.js:4277:31)
    at beginWork$1 (C:\Users\Admin\graceful_books\node_modules\react-dom\cjs\react-dom.development.js:27490:7)
    at performUnitOfWork (C:\Users\Admin\graceful_books\node_modules\react-dom\cjs\react-dom.development.js:26599:12) Error: useAuth must be used within an AuthProvider
    at useAuth (C:/Users/Admin/graceful_books/src/contexts/AuthContext.tsx:120:11)
    at Module.useTransactions (C:/Users/Admin/graceful_books/src/hooks/useTransactions.ts:69:25)
    at C:/Users/Admin/graceful_books/src/hooks/useTransactions.test.ts:92:43
    at TestComponent (C:\Users\Admin\graceful_books\node_modules\@testing-library\react\dist\pure.js:309:27)
    at renderWithHooks (C:\Users\Admin\graceful_books\node_modules\react-dom\cjs\react-dom.development.js:15486:18)
    at mountIndeterminateComponent (C:\Users\Admin\graceful_books\node_modules\react-dom\cjs\react-dom.development.js:20103:13)
    at beginWork (C:\Users\Admin\graceful_books\node_modules\react-dom\cjs\react-dom.development.js:21626:16)
    at HTMLUnknownElement.callCallback (C:\Users\Admin\graceful_books\node_modules\react-dom\cjs\react-dom.development.js:4164:14)
    at HTMLUnknownElement.callTheUserObjectsOperation (C:\Users\Admin\graceful_books\node_modules\jsdom\lib\jsdom\living\generated\EventListener.js:26:30)
    at innerInvokeEventListeners (C:\Users\Admin\graceful_books\node_modules\jsdom\lib\jsdom\living\events\EventTarget-impl.js:350:25)
Error: Uncaught [Error: useAuth must be used within an AuthProvider]
    at reportException (C:\Users\Admin\graceful_books\node_modules\jsdom\lib\jsdom\living\helpers\runtime-script-errors.js:66:24)
    at innerInvokeEventListeners (C:\Users\Admin\graceful_books\node_modules\jsdom\lib\jsdom\living\events\EventTarget-impl.js:353:9)
    at invokeEventListeners (C:\Users\Admin\graceful_books\node_modules\jsdom\lib\jsdom\living\events\EventTarget-impl.js:286:3)
    at HTMLUnknownElementImpl._dispatch (C:\Users\Admin\graceful_books\node_modules\jsdom\lib\jsdom\living\events\EventTarget-impl.js:233:9)
    at HTMLUnknownElementImpl.dispatchEvent (C:\Users\Admin\graceful_books\node_modules\jsdom\lib\jsdom\living\events\EventTarget-impl.js:104:17)
    at HTMLUnknownElement.dispatchEvent (C:\Users\Admin\graceful_books\node_modules\jsdom\lib\jsdom\living\generated\EventTarget.js:241:34)
    at Object.invokeGuardedCallbackDev (C:\Users\Admin\graceful_books\node_modules\react-dom\cjs\react-dom.development.js:4213:16)
    at invokeGuardedCallback (C:\Users\Admin\graceful_books\node_modules\react-dom\cjs\react-dom.development.js:4277:31)
    at beginWork$1 (C:\Users\Admin\graceful_books\node_modules\react-dom\cjs\react-dom.development.js:27490:7)
    at performUnitOfWork (C:\Users\Admin\graceful_books\node_modules\react-dom\cjs\react-dom.development.js:26599:12) Error: useAuth must be used within an AuthProvider
    at useAuth (C:/Users/Admin/graceful_books/src/contexts/AuthContext.tsx:120:11)
    at Module.useTransactions (C:/Users/Admin/graceful_books/src/hooks/useTransactions.ts:69:25)
    at C:/Users/Admin/graceful_books/src/hooks/useTransactions.test.ts:92:43
    at TestComponent (C:\Users\Admin\graceful_books\node_modules\@testing-library\react\dist\pure.js:309:27)
    at renderWithHooks (C:\Users\Admin\graceful_books\node_modules\react-dom\cjs\react-dom.development.js:15486:18)
    at mountIndeterminateComponent (C:\Users\Admin\graceful_books\node_modules\react-dom\cjs\react-dom.development.js:20103:13)
    at beginWork (C:\Users\Admin\graceful_books\node_modules\react-dom\cjs\react-dom.development.js:21626:16)
    at HTMLUnknownElement.callCallback (C:\Users\Admin\graceful_books\node_modules\react-dom\cjs\react-dom.development.js:4164:14)
    at HTMLUnknownElement.callTheUserObjectsOperation (C:\Users\Admin\graceful_books\node_modules\jsdom\lib\jsdom\living\generated\EventListener.js:26:30)
    at innerInvokeEventListeners (C:\Users\Admin\graceful_books\node_modules\jsdom\lib\jsdom\living\events\EventTarget-impl.js:350:25)
Error: Uncaught [Error: useAuth must be used within an AuthProvider]
    at reportException (C:\Users\Admin\graceful_books\node_modules\jsdom\lib\jsdom\living\helpers\runtime-script-errors.js:66:24)
    at innerInvokeEventListeners (C:\Users\Admin\graceful_books\node_modules\jsdom\lib\jsdom\living\events\EventTarget-impl.js:353:9)
    at invokeEventListeners (C:\Users\Admin\graceful_books\node_modules\jsdom\lib\jsdom\living\events\EventTarget-impl.js:286:3)
    at HTMLUnknownElementImpl._dispatch (C:\Users\Admin\graceful_books\node_modules\jsdom\lib\jsdom\living\events\EventTarget-impl.js:233:9)
    at HTMLUnknownElementImpl.dispatchEvent (C:\Users\Admin\graceful_books\node_modules\jsdom\lib\jsdom\living\events\EventTarget-impl.js:104:17)
    at HTMLUnknownElement.dispatchEvent (C:\Users\Admin\graceful_books\node_modules\jsdom\lib\jsdom\living\generated\EventTarget.js:241:34)
    at Object.invokeGuardedCallbackDev (C:\Users\Admin\graceful_books\node_modules\react-dom\cjs\react-dom.development.js:4213:16)
    at invokeGuardedCallback (C:\Users\Admin\graceful_books\node_modules\react-dom\cjs\react-dom.development.js:4277:31)
    at beginWork$1 (C:\Users\Admin\graceful_books\node_modules\react-dom\cjs\react-dom.development.js:27490:7)
    at performUnitOfWork (C:\Users\Admin\graceful_books\node_modules\react-dom\cjs\react-dom.development.js:26599:12) Error: useAuth must be used within an AuthProvider
    at useAuth (C:/Users/Admin/graceful_books/src/contexts/AuthContext.tsx:120:11)
    at Module.useTransactions (C:/Users/Admin/graceful_books/src/hooks/useTransactions.ts:69:25)
    at C:/Users/Admin/graceful_books/src/hooks/useTransactions.test.ts:124:43
    at TestComponent (C:\Users\Admin\graceful_books\node_modules\@testing-library\react\dist\pure.js:309:27)
    at renderWithHooks (C:\Users\Admin\graceful_books\node_modules\react-dom\cjs\react-dom.development.js:15486:18)
    at mountIndeterminateComponent (C:\Users\Admin\graceful_books\node_modules\react-dom\cjs\react-dom.development.js:20103:13)
    at beginWork (C:\Users\Admin\graceful_books\node_modules\react-dom\cjs\react-dom.development.js:21626:16)
    at HTMLUnknownElement.callCallback (C:\Users\Admin\graceful_books\node_modules\react-dom\cjs\react-dom.development.js:4164:14)
    at HTMLUnknownElement.callTheUserObjectsOperation (C:\Users\Admin\graceful_books\node_modules\jsdom\lib\jsdom\living\generated\EventListener.js:26:30)
    at innerInvokeEventListeners (C:\Users\Admin\graceful_books\node_modules\jsdom\lib\jsdom\living\events\EventTarget-impl.js:350:25)
Error: Uncaught [Error: useAuth must be used within an AuthProvider]
    at reportException (C:\Users\Admin\graceful_books\node_modules\jsdom\lib\jsdom\living\helpers\runtime-script-errors.js:66:24)
    at innerInvokeEventListeners (C:\Users\Admin\graceful_books\node_modules\jsdom\lib\jsdom\living\events\EventTarget-impl.js:353:9)
    at invokeEventListeners (C:\Users\Admin\graceful_books\node_modules\jsdom\lib\jsdom\living\events\EventTarget-impl.js:286:3)
    at HTMLUnknownElementImpl._dispatch (C:\Users\Admin\graceful_books\node_modules\jsdom\lib\jsdom\living\events\EventTarget-impl.js:233:9)
    at HTMLUnknownElementImpl.dispatchEvent (C:\Users\Admin\graceful_books\node_modules\jsdom\lib\jsdom\living\events\EventTarget-impl.js:104:17)
    at HTMLUnknownElement.dispatchEvent (C:\Users\Admin\graceful_books\node_modules\jsdom\lib\jsdom\living\generated\EventTarget.js:241:34)
    at Object.invokeGuardedCallbackDev (C:\Users\Admin\graceful_books\node_modules\react-dom\cjs\react-dom.development.js:4213:16)
    at invokeGuardedCallback (C:\Users\Admin\graceful_books\node_modules\react-dom\cjs\react-dom.development.js:4277:31)
    at beginWork$1 (C:\Users\Admin\graceful_books\node_modules\react-dom\cjs\react-dom.development.js:27490:7)
    at performUnitOfWork (C:\Users\Admin\graceful_books\node_modules\react-dom\cjs\react-dom.development.js:26599:12) Error: useAuth must be used within an AuthProvider
    at useAuth (C:/Users/Admin/graceful_books/src/contexts/AuthContext.tsx:120:11)
    at Module.useTransactions (C:/Users/Admin/graceful_books/src/hooks/useTransactions.ts:69:25)
    at C:/Users/Admin/graceful_books/src/hooks/useTransactions.test.ts:124:43
    at TestComponent (C:\Users\Admin\graceful_books\node_modules\@testing-library\react\dist\pure.js:309:27)
    at renderWithHooks (C:\Users\Admin\graceful_books\node_modules\react-dom\cjs\react-dom.development.js:15486:18)
    at mountIndeterminateComponent (C:\Users\Admin\graceful_books\node_modules\react-dom\cjs\react-dom.development.js:20103:13)
    at beginWork (C:\Users\Admin\graceful_books\node_modules\react-dom\cjs\react-dom.development.js:21626:16)
    at HTMLUnknownElement.callCallback (C:\Users\Admin\graceful_books\node_modules\react-dom\cjs\react-dom.development.js:4164:14)
    at HTMLUnknownElement.callTheUserObjectsOperation (C:\Users\Admin\graceful_books\node_modules\jsdom\lib\jsdom\living\generated\EventListener.js:26:30)
    at innerInvokeEventListeners (C:\Users\Admin\graceful_books\node_modules\jsdom\lib\jsdom\living\events\EventTarget-impl.js:350:25)
Error: Uncaught [Error: useAuth must be used within an AuthProvider]
    at reportException (C:\Users\Admin\graceful_books\node_modules\jsdom\lib\jsdom\living\helpers\runtime-script-errors.js:66:24)
    at innerInvokeEventListeners (C:\Users\Admin\graceful_books\node_modules\jsdom\lib\jsdom\living\events\EventTarget-impl.js:353:9)
    at invokeEventListeners (C:\Users\Admin\graceful_books\node_modules\jsdom\lib\jsdom\living\events\EventTarget-impl.js:286:3)
    at HTMLUnknownElementImpl._dispatch (C:\Users\Admin\graceful_books\node_modules\jsdom\lib\jsdom\living\events\EventTarget-impl.js:233:9)
    at HTMLUnknownElementImpl.dispatchEvent (C:\Users\Admin\graceful_books\node_modules\jsdom\lib\jsdom\living\events\EventTarget-impl.js:104:17)
    at HTMLUnknownElement.dispatchEvent (C:\Users\Admin\graceful_books\node_modules\jsdom\lib\jsdom\living\generated\EventTarget.js:241:34)
    at Object.invokeGuardedCallbackDev (C:\Users\Admin\graceful_books\node_modules\react-dom\cjs\react-dom.development.js:4213:16)
    at invokeGuardedCallback (C:\Users\Admin\graceful_books\node_modules\react-dom\cjs\react-dom.development.js:4277:31)
    at beginWork$1 (C:\Users\Admin\graceful_books\node_modules\react-dom\cjs\react-dom.development.js:27490:7)
    at performUnitOfWork (C:\Users\Admin\graceful_books\node_modules\react-dom\cjs\react-dom.development.js:26599:12) Error: useAuth must be used within an AuthProvider
    at useAuth (C:/Users/Admin/graceful_books/src/contexts/AuthContext.tsx:120:11)
    at Module.useTransactions (C:/Users/Admin/graceful_books/src/hooks/useTransactions.ts:69:25)
    at C:/Users/Admin/graceful_books/src/hooks/useTransactions.test.ts:143:43
    at TestComponent (C:\Users\Admin\graceful_books\node_modules\@testing-library\react\dist\pure.js:309:27)
    at renderWithHooks (C:\Users\Admin\graceful_books\node_modules\react-dom\cjs\react-dom.development.js:15486:18)
    at mountIndeterminateComponent (C:\Users\Admin\graceful_books\node_modules\react-dom\cjs\react-dom.development.js:20103:13)
    at beginWork (C:\Users\Admin\graceful_books\node_modules\react-dom\cjs\react-dom.development.js:21626:16)
    at HTMLUnknownElement.callCallback (C:\Users\Admin\graceful_books\node_modules\react-dom\cjs\react-dom.development.js:4164:14)
    at HTMLUnknownElement.callTheUserObjectsOperation (C:\Users\Admin\graceful_books\node_modules\jsdom\lib\jsdom\living\generated\EventListener.js:26:30)
    at innerInvokeEventListeners (C:\Users\Admin\graceful_books\node_modules\jsdom\lib\jsdom\living\events\EventTarget-impl.js:350:25)
Error: Uncaught [Error: useAuth must be used within an AuthProvider]
    at reportException (C:\Users\Admin\graceful_books\node_modules\jsdom\lib\jsdom\living\helpers\runtime-script-errors.js:66:24)
    at innerInvokeEventListeners (C:\Users\Admin\graceful_books\node_modules\jsdom\lib\jsdom\living\events\EventTarget-impl.js:353:9)
    at invokeEventListeners (C:\Users\Admin\graceful_books\node_modules\jsdom\lib\jsdom\living\events\EventTarget-impl.js:286:3)
    at HTMLUnknownElementImpl._dispatch (C:\Users\Admin\graceful_books\node_modules\jsdom\lib\jsdom\living\events\EventTarget-impl.js:233:9)
    at HTMLUnknownElementImpl.dispatchEvent (C:\Users\Admin\graceful_books\node_modules\jsdom\lib\jsdom\living\events\EventTarget-impl.js:104:17)
    at HTMLUnknownElement.dispatchEvent (C:\Users\Admin\graceful_books\node_modules\jsdom\lib\jsdom\living\generated\EventTarget.js:241:34)
    at Object.invokeGuardedCallbackDev (C:\Users\Admin\graceful_books\node_modules\react-dom\cjs\react-dom.development.js:4213:16)
    at invokeGuardedCallback (C:\Users\Admin\graceful_books\node_modules\react-dom\cjs\react-dom.development.js:4277:31)
    at beginWork$1 (C:\Users\Admin\graceful_books\node_modules\react-dom\cjs\react-dom.development.js:27490:7)
    at performUnitOfWork (C:\Users\Admin\graceful_books\node_modules\react-dom\cjs\react-dom.development.js:26599:12) Error: useAuth must be used within an AuthProvider
    at useAuth (C:/Users/Admin/graceful_books/src/contexts/AuthContext.tsx:120:11)
    at Module.useTransactions (C:/Users/Admin/graceful_books/src/hooks/useTransactions.ts:69:25)
    at C:/Users/Admin/graceful_books/src/hooks/useTransactions.test.ts:143:43
    at TestComponent (C:\Users\Admin\graceful_books\node_modules\@testing-library\react\dist\pure.js:309:27)
    at renderWithHooks (C:\Users\Admin\graceful_books\node_modules\react-dom\cjs\react-dom.development.js:15486:18)
    at mountIndeterminateComponent (C:\Users\Admin\graceful_books\node_modules\react-dom\cjs\react-dom.development.js:20103:13)
    at beginWork (C:\Users\Admin\graceful_books\node_modules\react-dom\cjs\react-dom.development.js:21626:16)
    at HTMLUnknownElement.callCallback (C:\Users\Admin\graceful_books\node_modules\react-dom\cjs\react-dom.development.js:4164:14)
    at HTMLUnknownElement.callTheUserObjectsOperation (C:\Users\Admin\graceful_books\node_modules\jsdom\lib\jsdom\living\generated\EventListener.js:26:30)
    at innerInvokeEventListeners (C:\Users\Admin\graceful_books\node_modules\jsdom\lib\jsdom\living\events\EventTarget-impl.js:350:25)
Error: Uncaught [Error: useAuth must be used within an AuthProvider]
    at reportException (C:\Users\Admin\graceful_books\node_modules\jsdom\lib\jsdom\living\helpers\runtime-script-errors.js:66:24)
    at innerInvokeEventListeners (C:\Users\Admin\graceful_books\node_modules\jsdom\lib\jsdom\living\events\EventTarget-impl.js:353:9)
    at invokeEventListeners (C:\Users\Admin\graceful_books\node_modules\jsdom\lib\jsdom\living\events\EventTarget-impl.js:286:3)
    at HTMLUnknownElementImpl._dispatch (C:\Users\Admin\graceful_books\node_modules\jsdom\lib\jsdom\living\events\EventTarget-impl.js:233:9)
    at HTMLUnknownElementImpl.dispatchEvent (C:\Users\Admin\graceful_books\node_modules\jsdom\lib\jsdom\living\events\EventTarget-impl.js:104:17)
    at HTMLUnknownElement.dispatchEvent (C:\Users\Admin\graceful_books\node_modules\jsdom\lib\jsdom\living\generated\EventTarget.js:241:34)
    at Object.invokeGuardedCallbackDev (C:\Users\Admin\graceful_books\node_modules\react-dom\cjs\react-dom.development.js:4213:16)
    at invokeGuardedCallback (C:\Users\Admin\graceful_books\node_modules\react-dom\cjs\react-dom.development.js:4277:31)
    at beginWork$1 (C:\Users\Admin\graceful_books\node_modules\react-dom\cjs\react-dom.development.js:27490:7)
    at performUnitOfWork (C:\Users\Admin\graceful_books\node_modules\react-dom\cjs\react-dom.development.js:26599:12) Error: useAuth must be used within an AuthProvider
    at useAuth (C:/Users/Admin/graceful_books/src/contexts/AuthContext.tsx:120:11)
    at Module.useTransactions (C:/Users/Admin/graceful_books/src/hooks/useTransactions.ts:69:25)
    at C:/Users/Admin/graceful_books/src/hooks/useTransactions.test.ts:179:43
    at TestComponent (C:\Users\Admin\graceful_books\node_modules\@testing-library\react\dist\pure.js:309:27)
    at renderWithHooks (C:\Users\Admin\graceful_books\node_modules\react-dom\cjs\react-dom.development.js:15486:18)
    at mountIndeterminateComponent (C:\Users\Admin\graceful_books\node_modules\react-dom\cjs\react-dom.development.js:20103:13)
    at beginWork (C:\Users\Admin\graceful_books\node_modules\react-dom\cjs\react-dom.development.js:21626:16)
    at HTMLUnknownElement.callCallback (C:\Users\Admin\graceful_books\node_modules\react-dom\cjs\react-dom.development.js:4164:14)
    at HTMLUnknownElement.callTheUserObjectsOperation (C:\Users\Admin\graceful_books\node_modules\jsdom\lib\jsdom\living\generated\EventListener.js:26:30)
    at innerInvokeEventListeners (C:\Users\Admin\graceful_books\node_modules\jsdom\lib\jsdom\living\events\EventTarget-impl.js:350:25)
Error: Uncaught [Error: useAuth must be used within an AuthProvider]
    at reportException (C:\Users\Admin\graceful_books\node_modules\jsdom\lib\jsdom\living\helpers\runtime-script-errors.js:66:24)
    at innerInvokeEventListeners (C:\Users\Admin\graceful_books\node_modules\jsdom\lib\jsdom\living\events\EventTarget-impl.js:353:9)
    at invokeEventListeners (C:\Users\Admin\graceful_books\node_modules\jsdom\lib\jsdom\living\events\EventTarget-impl.js:286:3)
    at HTMLUnknownElementImpl._dispatch (C:\Users\Admin\graceful_books\node_modules\jsdom\lib\jsdom\living\events\EventTarget-impl.js:233:9)
    at HTMLUnknownElementImpl.dispatchEvent (C:\Users\Admin\graceful_books\node_modules\jsdom\lib\jsdom\living\events\EventTarget-impl.js:104:17)
    at HTMLUnknownElement.dispatchEvent (C:\Users\Admin\graceful_books\node_modules\jsdom\lib\jsdom\living\generated\EventTarget.js:241:34)
    at Object.invokeGuardedCallbackDev (C:\Users\Admin\graceful_books\node_modules\react-dom\cjs\react-dom.development.js:4213:16)
    at invokeGuardedCallback (C:\Users\Admin\graceful_books\node_modules\react-dom\cjs\react-dom.development.js:4277:31)
    at beginWork$1 (C:\Users\Admin\graceful_books\node_modules\react-dom\cjs\react-dom.development.js:27490:7)
    at performUnitOfWork (C:\Users\Admin\graceful_books\node_modules\react-dom\cjs\react-dom.development.js:26599:12) Error: useAuth must be used within an AuthProvider
    at useAuth (C:/Users/Admin/graceful_books/src/contexts/AuthContext.tsx:120:11)
    at Module.useTransactions (C:/Users/Admin/graceful_books/src/hooks/useTransactions.ts:69:25)
    at C:/Users/Admin/graceful_books/src/hooks/useTransactions.test.ts:179:43
    at TestComponent (C:\Users\Admin\graceful_books\node_modules\@testing-library\react\dist\pure.js:309:27)
    at renderWithHooks (C:\Users\Admin\graceful_books\node_modules\react-dom\cjs\react-dom.development.js:15486:18)
    at mountIndeterminateComponent (C:\Users\Admin\graceful_books\node_modules\react-dom\cjs\react-dom.development.js:20103:13)
    at beginWork (C:\Users\Admin\graceful_books\node_modules\react-dom\cjs\react-dom.development.js:21626:16)
    at HTMLUnknownElement.callCallback (C:\Users\Admin\graceful_books\node_modules\react-dom\cjs\react-dom.development.js:4164:14)
    at HTMLUnknownElement.callTheUserObjectsOperation (C:\Users\Admin\graceful_books\node_modules\jsdom\lib\jsdom\living\generated\EventListener.js:26:30)
    at innerInvokeEventListeners (C:\Users\Admin\graceful_books\node_modules\jsdom\lib\jsdom\living\events\EventTarget-impl.js:350:25)
Error: Uncaught [Error: useAuth must be used within an AuthProvider]
    at reportException (C:\Users\Admin\graceful_books\node_modules\jsdom\lib\jsdom\living\helpers\runtime-script-errors.js:66:24)
    at innerInvokeEventListeners (C:\Users\Admin\graceful_books\node_modules\jsdom\lib\jsdom\living\events\EventTarget-impl.js:353:9)
    at invokeEventListeners (C:\Users\Admin\graceful_books\node_modules\jsdom\lib\jsdom\living\events\EventTarget-impl.js:286:3)
    at HTMLUnknownElementImpl._dispatch (C:\Users\Admin\graceful_books\node_modules\jsdom\lib\jsdom\living\events\EventTarget-impl.js:233:9)
    at HTMLUnknownElementImpl.dispatchEvent (C:\Users\Admin\graceful_books\node_modules\jsdom\lib\jsdom\living\events\EventTarget-impl.js:104:17)
    at HTMLUnknownElement.dispatchEvent (C:\Users\Admin\graceful_books\node_modules\jsdom\lib\jsdom\living\generated\EventTarget.js:241:34)
    at Object.invokeGuardedCallbackDev (C:\Users\Admin\graceful_books\node_modules\react-dom\cjs\react-dom.development.js:4213:16)
    at invokeGuardedCallback (C:\Users\Admin\graceful_books\node_modules\react-dom\cjs\react-dom.development.js:4277:31)
    at beginWork$1 (C:\Users\Admin\graceful_books\node_modules\react-dom\cjs\react-dom.development.js:27490:7)
    at performUnitOfWork (C:\Users\Admin\graceful_books\node_modules\react-dom\cjs\react-dom.development.js:26599:12) Error: useAuth must be used within an AuthProvider
    at useAuth (C:/Users/Admin/graceful_books/src/contexts/AuthContext.tsx:120:11)
    at Module.useTransactions (C:/Users/Admin/graceful_books/src/hooks/useTransactions.ts:69:25)
    at C:/Users/Admin/graceful_books/src/hooks/useTransactions.test.ts:203:43
    at TestComponent (C:\Users\Admin\graceful_books\node_modules\@testing-library\react\dist\pure.js:309:27)
    at renderWithHooks (C:\Users\Admin\graceful_books\node_modules\react-dom\cjs\react-dom.development.js:15486:18)
    at mountIndeterminateComponent (C:\Users\Admin\graceful_books\node_modules\react-dom\cjs\react-dom.development.js:20103:13)
    at beginWork (C:\Users\Admin\graceful_books\node_modules\react-dom\cjs\react-dom.development.js:21626:16)
    at HTMLUnknownElement.callCallback (C:\Users\Admin\graceful_books\node_modules\react-dom\cjs\react-dom.development.js:4164:14)
    at HTMLUnknownElement.callTheUserObjectsOperation (C:\Users\Admin\graceful_books\node_modules\jsdom\lib\jsdom\living\generated\EventListener.js:26:30)
    at innerInvokeEventListeners (C:\Users\Admin\graceful_books\node_modules\jsdom\lib\jsdom\living\events\EventTarget-impl.js:350:25)
Error: Uncaught [Error: useAuth must be used within an AuthProvider]
    at reportException (C:\Users\Admin\graceful_books\node_modules\jsdom\lib\jsdom\living\helpers\runtime-script-errors.js:66:24)
    at innerInvokeEventListeners (C:\Users\Admin\graceful_books\node_modules\jsdom\lib\jsdom\living\events\EventTarget-impl.js:353:9)
    at invokeEventListeners (C:\Users\Admin\graceful_books\node_modules\jsdom\lib\jsdom\living\events\EventTarget-impl.js:286:3)
    at HTMLUnknownElementImpl._dispatch (C:\Users\Admin\graceful_books\node_modules\jsdom\lib\jsdom\living\events\EventTarget-impl.js:233:9)
    at HTMLUnknownElementImpl.dispatchEvent (C:\Users\Admin\graceful_books\node_modules\jsdom\lib\jsdom\living\events\EventTarget-impl.js:104:17)
    at HTMLUnknownElement.dispatchEvent (C:\Users\Admin\graceful_books\node_modules\jsdom\lib\jsdom\living\generated\EventTarget.js:241:34)
    at Object.invokeGuardedCallbackDev (C:\Users\Admin\graceful_books\node_modules\react-dom\cjs\react-dom.development.js:4213:16)
    at invokeGuardedCallback (C:\Users\Admin\graceful_books\node_modules\react-dom\cjs\react-dom.development.js:4277:31)
    at beginWork$1 (C:\Users\Admin\graceful_books\node_modules\react-dom\cjs\react-dom.development.js:27490:7)
    at performUnitOfWork (C:\Users\Admin\graceful_books\node_modules\react-dom\cjs\react-dom.development.js:26599:12) Error: useAuth must be used within an AuthProvider
    at useAuth (C:/Users/Admin/graceful_books/src/contexts/AuthContext.tsx:120:11)
    at Module.useTransactions (C:/Users/Admin/graceful_books/src/hooks/useTransactions.ts:69:25)
    at C:/Users/Admin/graceful_books/src/hooks/useTransactions.test.ts:203:43
    at TestComponent (C:\Users\Admin\graceful_books\node_modules\@testing-library\react\dist\pure.js:309:27)
    at renderWithHooks (C:\Users\Admin\graceful_books\node_modules\react-dom\cjs\react-dom.development.js:15486:18)
    at mountIndeterminateComponent (C:\Users\Admin\graceful_books\node_modules\react-dom\cjs\react-dom.development.js:20103:13)
    at beginWork (C:\Users\Admin\graceful_books\node_modules\react-dom\cjs\react-dom.development.js:21626:16)
    at HTMLUnknownElement.callCallback (C:\Users\Admin\graceful_books\node_modules\react-dom\cjs\react-dom.development.js:4164:14)
    at HTMLUnknownElement.callTheUserObjectsOperation (C:\Users\Admin\graceful_books\node_modules\jsdom\lib\jsdom\living\generated\EventListener.js:26:30)
    at innerInvokeEventListeners (C:\Users\Admin\graceful_books\node_modules\jsdom\lib\jsdom\living\events\EventTarget-impl.js:350:25)
Error: Uncaught [Error: useAuth must be used within an AuthProvider]
    at reportException (C:\Users\Admin\graceful_books\node_modules\jsdom\lib\jsdom\living\helpers\runtime-script-errors.js:66:24)
    at innerInvokeEventListeners (C:\Users\Admin\graceful_books\node_modules\jsdom\lib\jsdom\living\events\EventTarget-impl.js:353:9)
    at invokeEventListeners (C:\Users\Admin\graceful_books\node_modules\jsdom\lib\jsdom\living\events\EventTarget-impl.js:286:3)
    at HTMLUnknownElementImpl._dispatch (C:\Users\Admin\graceful_books\node_modules\jsdom\lib\jsdom\living\events\EventTarget-impl.js:233:9)
    at HTMLUnknownElementImpl.dispatchEvent (C:\Users\Admin\graceful_books\node_modules\jsdom\lib\jsdom\living\events\EventTarget-impl.js:104:17)
    at HTMLUnknownElement.dispatchEvent (C:\Users\Admin\graceful_books\node_modules\jsdom\lib\jsdom\living\generated\EventTarget.js:241:34)
    at Object.invokeGuardedCallbackDev (C:\Users\Admin\graceful_books\node_modules\react-dom\cjs\react-dom.development.js:4213:16)
    at invokeGuardedCallback (C:\Users\Admin\graceful_books\node_modules\react-dom\cjs\react-dom.development.js:4277:31)
    at beginWork$1 (C:\Users\Admin\graceful_books\node_modules\react-dom\cjs\react-dom.development.js:27490:7)
    at performUnitOfWork (C:\Users\Admin\graceful_books\node_modules\react-dom\cjs\react-dom.development.js:26599:12) Error: useAuth must be used within an AuthProvider
    at useAuth (C:/Users/Admin/graceful_books/src/contexts/AuthContext.tsx:120:11)
    at Module.useTransactions (C:/Users/Admin/graceful_books/src/hooks/useTransactions.ts:69:25)
    at C:/Users/Admin/graceful_books/src/hooks/useTransactions.test.ts:226:43
    at TestComponent (C:\Users\Admin\graceful_books\node_modules\@testing-library\react\dist\pure.js:309:27)
    at renderWithHooks (C:\Users\Admin\graceful_books\node_modules\react-dom\cjs\react-dom.development.js:15486:18)
    at mountIndeterminateComponent (C:\Users\Admin\graceful_books\node_modules\react-dom\cjs\react-dom.development.js:20103:13)
    at beginWork (C:\Users\Admin\graceful_books\node_modules\react-dom\cjs\react-dom.development.js:21626:16)
    at HTMLUnknownElement.callCallback (C:\Users\Admin\graceful_books\node_modules\react-dom\cjs\react-dom.development.js:4164:14)
    at HTMLUnknownElement.callTheUserObjectsOperation (C:\Users\Admin\graceful_books\node_modules\jsdom\lib\jsdom\living\generated\EventListener.js:26:30)
    at innerInvokeEventListeners (C:\Users\Admin\graceful_books\node_modules\jsdom\lib\jsdom\living\events\EventTarget-impl.js:350:25)
Error: Uncaught [Error: useAuth must be used within an AuthProvider]
    at reportException (C:\Users\Admin\graceful_books\node_modules\jsdom\lib\jsdom\living\helpers\runtime-script-errors.js:66:24)
    at innerInvokeEventListeners (C:\Users\Admin\graceful_books\node_modules\jsdom\lib\jsdom\living\events\EventTarget-impl.js:353:9)
    at invokeEventListeners (C:\Users\Admin\graceful_books\node_modules\jsdom\lib\jsdom\living\events\EventTarget-impl.js:286:3)
    at HTMLUnknownElementImpl._dispatch (C:\Users\Admin\graceful_books\node_modules\jsdom\lib\jsdom\living\events\EventTarget-impl.js:233:9)
    at HTMLUnknownElementImpl.dispatchEvent (C:\Users\Admin\graceful_books\node_modules\jsdom\lib\jsdom\living\events\EventTarget-impl.js:104:17)
    at HTMLUnknownElement.dispatchEvent (C:\Users\Admin\graceful_books\node_modules\jsdom\lib\jsdom\living\generated\EventTarget.js:241:34)
    at Object.invokeGuardedCallbackDev (C:\Users\Admin\graceful_books\node_modules\react-dom\cjs\react-dom.development.js:4213:16)
    at invokeGuardedCallback (C:\Users\Admin\graceful_books\node_modules\react-dom\cjs\react-dom.development.js:4277:31)
    at beginWork$1 (C:\Users\Admin\graceful_books\node_modules\react-dom\cjs\react-dom.development.js:27490:7)
    at performUnitOfWork (C:\Users\Admin\graceful_books\node_modules\react-dom\cjs\react-dom.development.js:26599:12) Error: useAuth must be used within an AuthProvider
    at useAuth (C:/Users/Admin/graceful_books/src/contexts/AuthContext.tsx:120:11)
    at Module.useTransactions (C:/Users/Admin/graceful_books/src/hooks/useTransactions.ts:69:25)
    at C:/Users/Admin/graceful_books/src/hooks/useTransactions.test.ts:226:43
    at TestComponent (C:\Users\Admin\graceful_books\node_modules\@testing-library\react\dist\pure.js:309:27)
    at renderWithHooks (C:\Users\Admin\graceful_books\node_modules\react-dom\cjs\react-dom.development.js:15486:18)
    at mountIndeterminateComponent (C:\Users\Admin\graceful_books\node_modules\react-dom\cjs\react-dom.development.js:20103:13)
    at beginWork (C:\Users\Admin\graceful_books\node_modules\react-dom\cjs\react-dom.development.js:21626:16)
    at HTMLUnknownElement.callCallback (C:\Users\Admin\graceful_books\node_modules\react-dom\cjs\react-dom.development.js:4164:14)
    at HTMLUnknownElement.callTheUserObjectsOperation (C:\Users\Admin\graceful_books\node_modules\jsdom\lib\jsdom\living\generated\EventListener.js:26:30)
    at innerInvokeEventListeners (C:\Users\Admin\graceful_books\node_modules\jsdom\lib\jsdom\living\events\EventTarget-impl.js:350:25)
Error: Uncaught [Error: useAuth must be used within an AuthProvider]
    at reportException (C:\Users\Admin\graceful_books\node_modules\jsdom\lib\jsdom\living\helpers\runtime-script-errors.js:66:24)
    at innerInvokeEventListeners (C:\Users\Admin\graceful_books\node_modules\jsdom\lib\jsdom\living\events\EventTarget-impl.js:353:9)
    at invokeEventListeners (C:\Users\Admin\graceful_books\node_modules\jsdom\lib\jsdom\living\events\EventTarget-impl.js:286:3)
    at HTMLUnknownElementImpl._dispatch (C:\Users\Admin\graceful_books\node_modules\jsdom\lib\jsdom\living\events\EventTarget-impl.js:233:9)
    at HTMLUnknownElementImpl.dispatchEvent (C:\Users\Admin\graceful_books\node_modules\jsdom\lib\jsdom\living\events\EventTarget-impl.js:104:17)
    at HTMLUnknownElement.dispatchEvent (C:\Users\Admin\graceful_books\node_modules\jsdom\lib\jsdom\living\generated\EventTarget.js:241:34)
    at Object.invokeGuardedCallbackDev (C:\Users\Admin\graceful_books\node_modules\react-dom\cjs\react-dom.development.js:4213:16)
    at invokeGuardedCallback (C:\Users\Admin\graceful_books\node_modules\react-dom\cjs\react-dom.development.js:4277:31)
    at beginWork$1 (C:\Users\Admin\graceful_books\node_modules\react-dom\cjs\react-dom.development.js:27490:7)
    at performUnitOfWork (C:\Users\Admin\graceful_books\node_modules\react-dom\cjs\react-dom.development.js:26599:12) Error: useAuth must be used within an AuthProvider
    at useAuth (C:/Users/Admin/graceful_books/src/contexts/AuthContext.tsx:120:11)
    at Module.useTransactions (C:/Users/Admin/graceful_books/src/hooks/useTransactions.ts:69:25)
    at C:/Users/Admin/graceful_books/src/hooks/useTransactions.test.ts:264:43
    at TestComponent (C:\Users\Admin\graceful_books\node_modules\@testing-library\react\dist\pure.js:309:27)
    at renderWithHooks (C:\Users\Admin\graceful_books\node_modules\react-dom\cjs\react-dom.development.js:15486:18)
    at mountIndeterminateComponent (C:\Users\Admin\graceful_books\node_modules\react-dom\cjs\react-dom.development.js:20103:13)
    at beginWork (C:\Users\Admin\graceful_books\node_modules\react-dom\cjs\react-dom.development.js:21626:16)
    at HTMLUnknownElement.callCallback (C:\Users\Admin\graceful_books\node_modules\react-dom\cjs\react-dom.development.js:4164:14)
    at HTMLUnknownElement.callTheUserObjectsOperation (C:\Users\Admin\graceful_books\node_modules\jsdom\lib\jsdom\living\generated\EventListener.js:26:30)
    at innerInvokeEventListeners (C:\Users\Admin\graceful_books\node_modules\jsdom\lib\jsdom\living\events\EventTarget-impl.js:350:25)
Error: Uncaught [Error: useAuth must be used within an AuthProvider]
    at reportException (C:\Users\Admin\graceful_books\node_modules\jsdom\lib\jsdom\living\helpers\runtime-script-errors.js:66:24)
    at innerInvokeEventListeners (C:\Users\Admin\graceful_books\node_modules\jsdom\lib\jsdom\living\events\EventTarget-impl.js:353:9)
    at invokeEventListeners (C:\Users\Admin\graceful_books\node_modules\jsdom\lib\jsdom\living\events\EventTarget-impl.js:286:3)
    at HTMLUnknownElementImpl._dispatch (C:\Users\Admin\graceful_books\node_modules\jsdom\lib\jsdom\living\events\EventTarget-impl.js:233:9)
    at HTMLUnknownElementImpl.dispatchEvent (C:\Users\Admin\graceful_books\node_modules\jsdom\lib\jsdom\living\events\EventTarget-impl.js:104:17)
    at HTMLUnknownElement.dispatchEvent (C:\Users\Admin\graceful_books\node_modules\jsdom\lib\jsdom\living\generated\EventTarget.js:241:34)
    at Object.invokeGuardedCallbackDev (C:\Users\Admin\graceful_books\node_modules\react-dom\cjs\react-dom.development.js:4213:16)
    at invokeGuardedCallback (C:\Users\Admin\graceful_books\node_modules\react-dom\cjs\react-dom.development.js:4277:31)
    at beginWork$1 (C:\Users\Admin\graceful_books\node_modules\react-dom\cjs\react-dom.development.js:27490:7)
    at performUnitOfWork (C:\Users\Admin\graceful_books\node_modules\react-dom\cjs\react-dom.development.js:26599:12) Error: useAuth must be used within an AuthProvider
    at useAuth (C:/Users/Admin/graceful_books/src/contexts/AuthContext.tsx:120:11)
    at Module.useTransactions (C:/Users/Admin/graceful_books/src/hooks/useTransactions.ts:69:25)
    at C:/Users/Admin/graceful_books/src/hooks/useTransactions.test.ts:264:43
    at TestComponent (C:\Users\Admin\graceful_books\node_modules\@testing-library\react\dist\pure.js:309:27)
    at renderWithHooks (C:\Users\Admin\graceful_books\node_modules\react-dom\cjs\react-dom.development.js:15486:18)
    at mountIndeterminateComponent (C:\Users\Admin\graceful_books\node_modules\react-dom\cjs\react-dom.development.js:20103:13)
    at beginWork (C:\Users\Admin\graceful_books\node_modules\react-dom\cjs\react-dom.development.js:21626:16)
    at HTMLUnknownElement.callCallback (C:\Users\Admin\graceful_books\node_modules\react-dom\cjs\react-dom.development.js:4164:14)
    at HTMLUnknownElement.callTheUserObjectsOperation (C:\Users\Admin\graceful_books\node_modules\jsdom\lib\jsdom\living\generated\EventListener.js:26:30)
    at innerInvokeEventListeners (C:\Users\Admin\graceful_books\node_modules\jsdom\lib\jsdom\living\events\EventTarget-impl.js:350:25)
Error: Uncaught [Error: useAuth must be used within an AuthProvider]
    at reportException (C:\Users\Admin\graceful_books\node_modules\jsdom\lib\jsdom\living\helpers\runtime-script-errors.js:66:24)
    at innerInvokeEventListeners (C:\Users\Admin\graceful_books\node_modules\jsdom\lib\jsdom\living\events\EventTarget-impl.js:353:9)
    at invokeEventListeners (C:\Users\Admin\graceful_books\node_modules\jsdom\lib\jsdom\living\events\EventTarget-impl.js:286:3)
    at HTMLUnknownElementImpl._dispatch (C:\Users\Admin\graceful_books\node_modules\jsdom\lib\jsdom\living\events\EventTarget-impl.js:233:9)
    at HTMLUnknownElementImpl.dispatchEvent (C:\Users\Admin\graceful_books\node_modules\jsdom\lib\jsdom\living\events\EventTarget-impl.js:104:17)
    at HTMLUnknownElement.dispatchEvent (C:\Users\Admin\graceful_books\node_modules\jsdom\lib\jsdom\living\generated\EventTarget.js:241:34)
    at Object.invokeGuardedCallbackDev (C:\Users\Admin\graceful_books\node_modules\react-dom\cjs\react-dom.development.js:4213:16)
    at invokeGuardedCallback (C:\Users\Admin\graceful_books\node_modules\react-dom\cjs\react-dom.development.js:4277:31)
    at beginWork$1 (C:\Users\Admin\graceful_books\node_modules\react-dom\cjs\react-dom.development.js:27490:7)
    at performUnitOfWork (C:\Users\Admin\graceful_books\node_modules\react-dom\cjs\react-dom.development.js:26599:12) Error: useAuth must be used within an AuthProvider
    at useAuth (C:/Users/Admin/graceful_books/src/contexts/AuthContext.tsx:120:11)
    at Module.useTransactions (C:/Users/Admin/graceful_books/src/hooks/useTransactions.ts:69:25)
    at C:/Users/Admin/graceful_books/src/hooks/useTransactions.test.ts:283:43
    at TestComponent (C:\Users\Admin\graceful_books\node_modules\@testing-library\react\dist\pure.js:309:27)
    at renderWithHooks (C:\Users\Admin\graceful_books\node_modules\react-dom\cjs\react-dom.development.js:15486:18)
    at mountIndeterminateComponent (C:\Users\Admin\graceful_books\node_modules\react-dom\cjs\react-dom.development.js:20103:13)
    at beginWork (C:\Users\Admin\graceful_books\node_modules\react-dom\cjs\react-dom.development.js:21626:16)
    at HTMLUnknownElement.callCallback (C:\Users\Admin\graceful_books\node_modules\react-dom\cjs\react-dom.development.js:4164:14)
    at HTMLUnknownElement.callTheUserObjectsOperation (C:\Users\Admin\graceful_books\node_modules\jsdom\lib\jsdom\living\generated\EventListener.js:26:30)
    at innerInvokeEventListeners (C:\Users\Admin\graceful_books\node_modules\jsdom\lib\jsdom\living\events\EventTarget-impl.js:350:25)
Error: Uncaught [Error: useAuth must be used within an AuthProvider]
    at reportException (C:\Users\Admin\graceful_books\node_modules\jsdom\lib\jsdom\living\helpers\runtime-script-errors.js:66:24)
    at innerInvokeEventListeners (C:\Users\Admin\graceful_books\node_modules\jsdom\lib\jsdom\living\events\EventTarget-impl.js:353:9)
    at invokeEventListeners (C:\Users\Admin\graceful_books\node_modules\jsdom\lib\jsdom\living\events\EventTarget-impl.js:286:3)
    at HTMLUnknownElementImpl._dispatch (C:\Users\Admin\graceful_books\node_modules\jsdom\lib\jsdom\living\events\EventTarget-impl.js:233:9)
    at HTMLUnknownElementImpl.dispatchEvent (C:\Users\Admin\graceful_books\node_modules\jsdom\lib\jsdom\living\events\EventTarget-impl.js:104:17)
    at HTMLUnknownElement.dispatchEvent (C:\Users\Admin\graceful_books\node_modules\jsdom\lib\jsdom\living\generated\EventTarget.js:241:34)
    at Object.invokeGuardedCallbackDev (C:\Users\Admin\graceful_books\node_modules\react-dom\cjs\react-dom.development.js:4213:16)
    at invokeGuardedCallback (C:\Users\Admin\graceful_books\node_modules\react-dom\cjs\react-dom.development.js:4277:31)
    at beginWork$1 (C:\Users\Admin\graceful_books\node_modules\react-dom\cjs\react-dom.development.js:27490:7)
    at performUnitOfWork (C:\Users\Admin\graceful_books\node_modules\react-dom\cjs\react-dom.development.js:26599:12) Error: useAuth must be used within an AuthProvider
    at useAuth (C:/Users/Admin/graceful_books/src/contexts/AuthContext.tsx:120:11)
    at Module.useTransactions (C:/Users/Admin/graceful_books/src/hooks/useTransactions.ts:69:25)
    at C:/Users/Admin/graceful_books/src/hooks/useTransactions.test.ts:283:43
    at TestComponent (C:\Users\Admin\graceful_books\node_modules\@testing-library\react\dist\pure.js:309:27)
    at renderWithHooks (C:\Users\Admin\graceful_books\node_modules\react-dom\cjs\react-dom.development.js:15486:18)
    at mountIndeterminateComponent (C:\Users\Admin\graceful_books\node_modules\react-dom\cjs\react-dom.development.js:20103:13)
    at beginWork (C:\Users\Admin\graceful_books\node_modules\react-dom\cjs\react-dom.development.js:21626:16)
    at HTMLUnknownElement.callCallback (C:\Users\Admin\graceful_books\node_modules\react-dom\cjs\react-dom.development.js:4164:14)
    at HTMLUnknownElement.callTheUserObjectsOperation (C:\Users\Admin\graceful_books\node_modules\jsdom\lib\jsdom\living\generated\EventListener.js:26:30)
    at innerInvokeEventListeners (C:\Users\Admin\graceful_books\node_modules\jsdom\lib\jsdom\living\events\EventTarget-impl.js:350:25)
Error: Uncaught [Error: useAuth must be used within an AuthProvider]
    at reportException (C:\Users\Admin\graceful_books\node_modules\jsdom\lib\jsdom\living\helpers\runtime-script-errors.js:66:24)
    at innerInvokeEventListeners (C:\Users\Admin\graceful_books\node_modules\jsdom\lib\jsdom\living\events\EventTarget-impl.js:353:9)
    at invokeEventListeners (C:\Users\Admin\graceful_books\node_modules\jsdom\lib\jsdom\living\events\EventTarget-impl.js:286:3)
    at HTMLUnknownElementImpl._dispatch (C:\Users\Admin\graceful_books\node_modules\jsdom\lib\jsdom\living\events\EventTarget-impl.js:233:9)
    at HTMLUnknownElementImpl.dispatchEvent (C:\Users\Admin\graceful_books\node_modules\jsdom\lib\jsdom\living\events\EventTarget-impl.js:104:17)
    at HTMLUnknownElement.dispatchEvent (C:\Users\Admin\graceful_books\node_modules\jsdom\lib\jsdom\living\generated\EventTarget.js:241:34)
    at Object.invokeGuardedCallbackDev (C:\Users\Admin\graceful_books\node_modules\react-dom\cjs\react-dom.development.js:4213:16)
    at invokeGuardedCallback (C:\Users\Admin\graceful_books\node_modules\react-dom\cjs\react-dom.development.js:4277:31)
    at beginWork$1 (C:\Users\Admin\graceful_books\node_modules\react-dom\cjs\react-dom.development.js:27490:7)
    at performUnitOfWork (C:\Users\Admin\graceful_books\node_modules\react-dom\cjs\react-dom.development.js:26599:12) Error: useAuth must be used within an AuthProvider
    at useAuth (C:/Users/Admin/graceful_books/src/contexts/AuthContext.tsx:120:11)
    at Module.useTransactions (C:/Users/Admin/graceful_books/src/hooks/useTransactions.ts:69:25)
    at C:/Users/Admin/graceful_books/src/hooks/useTransactions.test.ts:303:43
    at TestComponent (C:\Users\Admin\graceful_books\node_modules\@testing-library\react\dist\pure.js:309:27)
    at renderWithHooks (C:\Users\Admin\graceful_books\node_modules\react-dom\cjs\react-dom.development.js:15486:18)
    at mountIndeterminateComponent (C:\Users\Admin\graceful_books\node_modules\react-dom\cjs\react-dom.development.js:20103:13)
    at beginWork (C:\Users\Admin\graceful_books\node_modules\react-dom\cjs\react-dom.development.js:21626:16)
    at HTMLUnknownElement.callCallback (C:\Users\Admin\graceful_books\node_modules\react-dom\cjs\react-dom.development.js:4164:14)
    at HTMLUnknownElement.callTheUserObjectsOperation (C:\Users\Admin\graceful_books\node_modules\jsdom\lib\jsdom\living\generated\EventListener.js:26:30)
    at innerInvokeEventListeners (C:\Users\Admin\graceful_books\node_modules\jsdom\lib\jsdom\living\events\EventTarget-impl.js:350:25)
Error: Uncaught [Error: useAuth must be used within an AuthProvider]
    at reportException (C:\Users\Admin\graceful_books\node_modules\jsdom\lib\jsdom\living\helpers\runtime-script-errors.js:66:24)
    at innerInvokeEventListeners (C:\Users\Admin\graceful_books\node_modules\jsdom\lib\jsdom\living\events\EventTarget-impl.js:353:9)
    at invokeEventListeners (C:\Users\Admin\graceful_books\node_modules\jsdom\lib\jsdom\living\events\EventTarget-impl.js:286:3)
    at HTMLUnknownElementImpl._dispatch (C:\Users\Admin\graceful_books\node_modules\jsdom\lib\jsdom\living\events\EventTarget-impl.js:233:9)
    at HTMLUnknownElementImpl.dispatchEvent (C:\Users\Admin\graceful_books\node_modules\jsdom\lib\jsdom\living\events\EventTarget-impl.js:104:17)
    at HTMLUnknownElement.dispatchEvent (C:\Users\Admin\graceful_books\node_modules\jsdom\lib\jsdom\living\generated\EventTarget.js:241:34)
    at Object.invokeGuardedCallbackDev (C:\Users\Admin\graceful_books\node_modules\react-dom\cjs\react-dom.development.js:4213:16)
    at invokeGuardedCallback (C:\Users\Admin\graceful_books\node_modules\react-dom\cjs\react-dom.development.js:4277:31)
    at beginWork$1 (C:\Users\Admin\graceful_books\node_modules\react-dom\cjs\react-dom.development.js:27490:7)
    at performUnitOfWork (C:\Users\Admin\graceful_books\node_modules\react-dom\cjs\react-dom.development.js:26599:12) Error: useAuth must be used within an AuthProvider
    at useAuth (C:/Users/Admin/graceful_books/src/contexts/AuthContext.tsx:120:11)
    at Module.useTransactions (C:/Users/Admin/graceful_books/src/hooks/useTransactions.ts:69:25)
    at C:/Users/Admin/graceful_books/src/hooks/useTransactions.test.ts:303:43
    at TestComponent (C:\Users\Admin\graceful_books\node_modules\@testing-library\react\dist\pure.js:309:27)
    at renderWithHooks (C:\Users\Admin\graceful_books\node_modules\react-dom\cjs\react-dom.development.js:15486:18)
    at mountIndeterminateComponent (C:\Users\Admin\graceful_books\node_modules\react-dom\cjs\react-dom.development.js:20103:13)
    at beginWork (C:\Users\Admin\graceful_books\node_modules\react-dom\cjs\react-dom.development.js:21626:16)
    at HTMLUnknownElement.callCallback (C:\Users\Admin\graceful_books\node_modules\react-dom\cjs\react-dom.development.js:4164:14)
    at HTMLUnknownElement.callTheUserObjectsOperation (C:\Users\Admin\graceful_books\node_modules\jsdom\lib\jsdom\living\generated\EventListener.js:26:30)
    at innerInvokeEventListeners (C:\Users\Admin\graceful_books\node_modules\jsdom\lib\jsdom\living\events\EventTarget-impl.js:350:25)
Error: Uncaught [Error: useAuth must be used within an AuthProvider]
    at reportException (C:\Users\Admin\graceful_books\node_modules\jsdom\lib\jsdom\living\helpers\runtime-script-errors.js:66:24)
    at innerInvokeEventListeners (C:\Users\Admin\graceful_books\node_modules\jsdom\lib\jsdom\living\events\EventTarget-impl.js:353:9)
    at invokeEventListeners (C:\Users\Admin\graceful_books\node_modules\jsdom\lib\jsdom\living\events\EventTarget-impl.js:286:3)
    at HTMLUnknownElementImpl._dispatch (C:\Users\Admin\graceful_books\node_modules\jsdom\lib\jsdom\living\events\EventTarget-impl.js:233:9)
    at HTMLUnknownElementImpl.dispatchEvent (C:\Users\Admin\graceful_books\node_modules\jsdom\lib\jsdom\living\events\EventTarget-impl.js:104:17)
    at HTMLUnknownElement.dispatchEvent (C:\Users\Admin\graceful_books\node_modules\jsdom\lib\jsdom\living\generated\EventTarget.js:241:34)
    at Object.invokeGuardedCallbackDev (C:\Users\Admin\graceful_books\node_modules\react-dom\cjs\react-dom.development.js:4213:16)
    at invokeGuardedCallback (C:\Users\Admin\graceful_books\node_modules\react-dom\cjs\react-dom.development.js:4277:31)
    at beginWork$1 (C:\Users\Admin\graceful_books\node_modules\react-dom\cjs\react-dom.development.js:27490:7)
    at performUnitOfWork (C:\Users\Admin\graceful_books\node_modules\react-dom\cjs\react-dom.development.js:26599:12) Error: useAuth must be used within an AuthProvider
    at useAuth (C:/Users/Admin/graceful_books/src/contexts/AuthContext.tsx:120:11)
    at Module.useTransactions (C:/Users/Admin/graceful_books/src/hooks/useTransactions.ts:69:25)
    at C:/Users/Admin/graceful_books/src/hooks/useTransactions.test.ts:331:43
    at TestComponent (C:\Users\Admin\graceful_books\node_modules\@testing-library\react\dist\pure.js:309:27)
    at renderWithHooks (C:\Users\Admin\graceful_books\node_modules\react-dom\cjs\react-dom.development.js:15486:18)
    at mountIndeterminateComponent (C:\Users\Admin\graceful_books\node_modules\react-dom\cjs\react-dom.development.js:20103:13)
    at beginWork (C:\Users\Admin\graceful_books\node_modules\react-dom\cjs\react-dom.development.js:21626:16)
    at HTMLUnknownElement.callCallback (C:\Users\Admin\graceful_books\node_modules\react-dom\cjs\react-dom.development.js:4164:14)
    at HTMLUnknownElement.callTheUserObjectsOperation (C:\Users\Admin\graceful_books\node_modules\jsdom\lib\jsdom\living\generated\EventListener.js:26:30)
    at innerInvokeEventListeners (C:\Users\Admin\graceful_books\node_modules\jsdom\lib\jsdom\living\events\EventTarget-impl.js:350:25)
Error: Uncaught [Error: useAuth must be used within an AuthProvider]
    at reportException (C:\Users\Admin\graceful_books\node_modules\jsdom\lib\jsdom\living\helpers\runtime-script-errors.js:66:24)
    at innerInvokeEventListeners (C:\Users\Admin\graceful_books\node_modules\jsdom\lib\jsdom\living\events\EventTarget-impl.js:353:9)
    at invokeEventListeners (C:\Users\Admin\graceful_books\node_modules\jsdom\lib\jsdom\living\events\EventTarget-impl.js:286:3)
    at HTMLUnknownElementImpl._dispatch (C:\Users\Admin\graceful_books\node_modules\jsdom\lib\jsdom\living\events\EventTarget-impl.js:233:9)
    at HTMLUnknownElementImpl.dispatchEvent (C:\Users\Admin\graceful_books\node_modules\jsdom\lib\jsdom\living\events\EventTarget-impl.js:104:17)
    at HTMLUnknownElement.dispatchEvent (C:\Users\Admin\graceful_books\node_modules\jsdom\lib\jsdom\living\generated\EventTarget.js:241:34)
    at Object.invokeGuardedCallbackDev (C:\Users\Admin\graceful_books\node_modules\react-dom\cjs\react-dom.development.js:4213:16)
    at invokeGuardedCallback (C:\Users\Admin\graceful_books\node_modules\react-dom\cjs\react-dom.development.js:4277:31)
    at beginWork$1 (C:\Users\Admin\graceful_books\node_modules\react-dom\cjs\react-dom.development.js:27490:7)
    at performUnitOfWork (C:\Users\Admin\graceful_books\node_modules\react-dom\cjs\react-dom.development.js:26599:12) Error: useAuth must be used within an AuthProvider
    at useAuth (C:/Users/Admin/graceful_books/src/contexts/AuthContext.tsx:120:11)
    at Module.useTransactions (C:/Users/Admin/graceful_books/src/hooks/useTransactions.ts:69:25)
    at C:/Users/Admin/graceful_books/src/hooks/useTransactions.test.ts:331:43
    at TestComponent (C:\Users\Admin\graceful_books\node_modules\@testing-library\react\dist\pure.js:309:27)
    at renderWithHooks (C:\Users\Admin\graceful_books\node_modules\react-dom\cjs\react-dom.development.js:15486:18)
    at mountIndeterminateComponent (C:\Users\Admin\graceful_books\node_modules\react-dom\cjs\react-dom.development.js:20103:13)
    at beginWork (C:\Users\Admin\graceful_books\node_modules\react-dom\cjs\react-dom.development.js:21626:16)
    at HTMLUnknownElement.callCallback (C:\Users\Admin\graceful_books\node_modules\react-dom\cjs\react-dom.development.js:4164:14)
    at HTMLUnknownElement.callTheUserObjectsOperation (C:\Users\Admin\graceful_books\node_modules\jsdom\lib\jsdom\living\generated\EventListener.js:26:30)
    at innerInvokeEventListeners (C:\Users\Admin\graceful_books\node_modules\jsdom\lib\jsdom\living\events\EventTarget-impl.js:350:25)
Error: Uncaught [Error: useAuth must be used within an AuthProvider]
    at reportException (C:\Users\Admin\graceful_books\node_modules\jsdom\lib\jsdom\living\helpers\runtime-script-errors.js:66:24)
    at innerInvokeEventListeners (C:\Users\Admin\graceful_books\node_modules\jsdom\lib\jsdom\living\events\EventTarget-impl.js:353:9)
    at invokeEventListeners (C:\Users\Admin\graceful_books\node_modules\jsdom\lib\jsdom\living\events\EventTarget-impl.js:286:3)
    at HTMLUnknownElementImpl._dispatch (C:\Users\Admin\graceful_books\node_modules\jsdom\lib\jsdom\living\events\EventTarget-impl.js:233:9)
    at HTMLUnknownElementImpl.dispatchEvent (C:\Users\Admin\graceful_books\node_modules\jsdom\lib\jsdom\living\events\EventTarget-impl.js:104:17)
    at HTMLUnknownElement.dispatchEvent (C:\Users\Admin\graceful_books\node_modules\jsdom\lib\jsdom\living\generated\EventTarget.js:241:34)
    at Object.invokeGuardedCallbackDev (C:\Users\Admin\graceful_books\node_modules\react-dom\cjs\react-dom.development.js:4213:16)
    at invokeGuardedCallback (C:\Users\Admin\graceful_books\node_modules\react-dom\cjs\react-dom.development.js:4277:31)
    at beginWork$1 (C:\Users\Admin\graceful_books\node_modules\react-dom\cjs\react-dom.development.js:27490:7)
    at performUnitOfWork (C:\Users\Admin\graceful_books\node_modules\react-dom\cjs\react-dom.development.js:26599:12) Error: useAuth must be used within an AuthProvider
    at useAuth (C:/Users/Admin/graceful_books/src/contexts/AuthContext.tsx:120:11)
    at Module.useTransactions (C:/Users/Admin/graceful_books/src/hooks/useTransactions.ts:69:25)
    at C:/Users/Admin/graceful_books/src/hooks/useTransactions.test.ts:368:43
    at TestComponent (C:\Users\Admin\graceful_books\node_modules\@testing-library\react\dist\pure.js:309:27)
    at renderWithHooks (C:\Users\Admin\graceful_books\node_modules\react-dom\cjs\react-dom.development.js:15486:18)
    at mountIndeterminateComponent (C:\Users\Admin\graceful_books\node_modules\react-dom\cjs\react-dom.development.js:20103:13)
    at beginWork (C:\Users\Admin\graceful_books\node_modules\react-dom\cjs\react-dom.development.js:21626:16)
    at HTMLUnknownElement.callCallback (C:\Users\Admin\graceful_books\node_modules\react-dom\cjs\react-dom.development.js:4164:14)
    at HTMLUnknownElement.callTheUserObjectsOperation (C:\Users\Admin\graceful_books\node_modules\jsdom\lib\jsdom\living\generated\EventListener.js:26:30)
    at innerInvokeEventListeners (C:\Users\Admin\graceful_books\node_modules\jsdom\lib\jsdom\living\events\EventTarget-impl.js:350:25)
Error: Uncaught [Error: useAuth must be used within an AuthProvider]
    at reportException (C:\Users\Admin\graceful_books\node_modules\jsdom\lib\jsdom\living\helpers\runtime-script-errors.js:66:24)
    at innerInvokeEventListeners (C:\Users\Admin\graceful_books\node_modules\jsdom\lib\jsdom\living\events\EventTarget-impl.js:353:9)
    at invokeEventListeners (C:\Users\Admin\graceful_books\node_modules\jsdom\lib\jsdom\living\events\EventTarget-impl.js:286:3)
    at HTMLUnknownElementImpl._dispatch (C:\Users\Admin\graceful_books\node_modules\jsdom\lib\jsdom\living\events\EventTarget-impl.js:233:9)
    at HTMLUnknownElementImpl.dispatchEvent (C:\Users\Admin\graceful_books\node_modules\jsdom\lib\jsdom\living\events\EventTarget-impl.js:104:17)
    at HTMLUnknownElement.dispatchEvent (C:\Users\Admin\graceful_books\node_modules\jsdom\lib\jsdom\living\generated\EventTarget.js:241:34)
    at Object.invokeGuardedCallbackDev (C:\Users\Admin\graceful_books\node_modules\react-dom\cjs\react-dom.development.js:4213:16)
    at invokeGuardedCallback (C:\Users\Admin\graceful_books\node_modules\react-dom\cjs\react-dom.development.js:4277:31)
    at beginWork$1 (C:\Users\Admin\graceful_books\node_modules\react-dom\cjs\react-dom.development.js:27490:7)
    at performUnitOfWork (C:\Users\Admin\graceful_books\node_modules\react-dom\cjs\react-dom.development.js:26599:12) Error: useAuth must be used within an AuthProvider
    at useAuth (C:/Users/Admin/graceful_books/src/contexts/AuthContext.tsx:120:11)
    at Module.useTransactions (C:/Users/Admin/graceful_books/src/hooks/useTransactions.ts:69:25)
    at C:/Users/Admin/graceful_books/src/hooks/useTransactions.test.ts:368:43
    at TestComponent (C:\Users\Admin\graceful_books\node_modules\@testing-library\react\dist\pure.js:309:27)
    at renderWithHooks (C:\Users\Admin\graceful_books\node_modules\react-dom\cjs\react-dom.development.js:15486:18)
    at mountIndeterminateComponent (C:\Users\Admin\graceful_books\node_modules\react-dom\cjs\react-dom.development.js:20103:13)
    at beginWork (C:\Users\Admin\graceful_books\node_modules\react-dom\cjs\react-dom.development.js:21626:16)
    at HTMLUnknownElement.callCallback (C:\Users\Admin\graceful_books\node_modules\react-dom\cjs\react-dom.development.js:4164:14)
    at HTMLUnknownElement.callTheUserObjectsOperation (C:\Users\Admin\graceful_books\node_modules\jsdom\lib\jsdom\living\generated\EventListener.js:26:30)
    at innerInvokeEventListeners (C:\Users\Admin\graceful_books\node_modules\jsdom\lib\jsdom\living\events\EventTarget-impl.js:350:25)
Error: Uncaught [Error: useAuth must be used within an AuthProvider]
    at reportException (C:\Users\Admin\graceful_books\node_modules\jsdom\lib\jsdom\living\helpers\runtime-script-errors.js:66:24)
    at innerInvokeEventListeners (C:\Users\Admin\graceful_books\node_modules\jsdom\lib\jsdom\living\events\EventTarget-impl.js:353:9)
    at invokeEventListeners (C:\Users\Admin\graceful_books\node_modules\jsdom\lib\jsdom\living\events\EventTarget-impl.js:286:3)
    at HTMLUnknownElementImpl._dispatch (C:\Users\Admin\graceful_books\node_modules\jsdom\lib\jsdom\living\events\EventTarget-impl.js:233:9)
    at HTMLUnknownElementImpl.dispatchEvent (C:\Users\Admin\graceful_books\node_modules\jsdom\lib\jsdom\living\events\EventTarget-impl.js:104:17)
    at HTMLUnknownElement.dispatchEvent (C:\Users\Admin\graceful_books\node_modules\jsdom\lib\jsdom\living\generated\EventTarget.js:241:34)
    at Object.invokeGuardedCallbackDev (C:\Users\Admin\graceful_books\node_modules\react-dom\cjs\react-dom.development.js:4213:16)
    at invokeGuardedCallback (C:\Users\Admin\graceful_books\node_modules\react-dom\cjs\react-dom.development.js:4277:31)
    at beginWork$1 (C:\Users\Admin\graceful_books\node_modules\react-dom\cjs\react-dom.development.js:27490:7)
    at performUnitOfWork (C:\Users\Admin\graceful_books\node_modules\react-dom\cjs\react-dom.development.js:26599:12) Error: useAuth must be used within an AuthProvider
    at useAuth (C:/Users/Admin/graceful_books/src/contexts/AuthContext.tsx:120:11)
    at Module.useTransactions (C:/Users/Admin/graceful_books/src/hooks/useTransactions.ts:69:25)
    at C:/Users/Admin/graceful_books/src/hooks/useTransactions.test.ts:401:43
    at TestComponent (C:\Users\Admin\graceful_books\node_modules\@testing-library\react\dist\pure.js:309:27)
    at renderWithHooks (C:\Users\Admin\graceful_books\node_modules\react-dom\cjs\react-dom.development.js:15486:18)
    at mountIndeterminateComponent (C:\Users\Admin\graceful_books\node_modules\react-dom\cjs\react-dom.development.js:20103:13)
    at beginWork (C:\Users\Admin\graceful_books\node_modules\react-dom\cjs\react-dom.development.js:21626:16)
    at HTMLUnknownElement.callCallback (C:\Users\Admin\graceful_books\node_modules\react-dom\cjs\react-dom.development.js:4164:14)
    at HTMLUnknownElement.callTheUserObjectsOperation (C:\Users\Admin\graceful_books\node_modules\jsdom\lib\jsdom\living\generated\EventListener.js:26:30)
    at innerInvokeEventListeners (C:\Users\Admin\graceful_books\node_modules\jsdom\lib\jsdom\living\events\EventTarget-impl.js:350:25)
Error: Uncaught [Error: useAuth must be used within an AuthProvider]
    at reportException (C:\Users\Admin\graceful_books\node_modules\jsdom\lib\jsdom\living\helpers\runtime-script-errors.js:66:24)
    at innerInvokeEventListeners (C:\Users\Admin\graceful_books\node_modules\jsdom\lib\jsdom\living\events\EventTarget-impl.js:353:9)
    at invokeEventListeners (C:\Users\Admin\graceful_books\node_modules\jsdom\lib\jsdom\living\events\EventTarget-impl.js:286:3)
    at HTMLUnknownElementImpl._dispatch (C:\Users\Admin\graceful_books\node_modules\jsdom\lib\jsdom\living\events\EventTarget-impl.js:233:9)
    at HTMLUnknownElementImpl.dispatchEvent (C:\Users\Admin\graceful_books\node_modules\jsdom\lib\jsdom\living\events\EventTarget-impl.js:104:17)
    at HTMLUnknownElement.dispatchEvent (C:\Users\Admin\graceful_books\node_modules\jsdom\lib\jsdom\living\generated\EventTarget.js:241:34)
    at Object.invokeGuardedCallbackDev (C:\Users\Admin\graceful_books\node_modules\react-dom\cjs\react-dom.development.js:4213:16)
    at invokeGuardedCallback (C:\Users\Admin\graceful_books\node_modules\react-dom\cjs\react-dom.development.js:4277:31)
    at beginWork$1 (C:\Users\Admin\graceful_books\node_modules\react-dom\cjs\react-dom.development.js:27490:7)
    at performUnitOfWork (C:\Users\Admin\graceful_books\node_modules\react-dom\cjs\react-dom.development.js:26599:12) Error: useAuth must be used within an AuthProvider
    at useAuth (C:/Users/Admin/graceful_books/src/contexts/AuthContext.tsx:120:11)
    at Module.useTransactions (C:/Users/Admin/graceful_books/src/hooks/useTransactions.ts:69:25)
    at C:/Users/Admin/graceful_books/src/hooks/useTransactions.test.ts:401:43
    at TestComponent (C:\Users\Admin\graceful_books\node_modules\@testing-library\react\dist\pure.js:309:27)
    at renderWithHooks (C:\Users\Admin\graceful_books\node_modules\react-dom\cjs\react-dom.development.js:15486:18)
    at mountIndeterminateComponent (C:\Users\Admin\graceful_books\node_modules\react-dom\cjs\react-dom.development.js:20103:13)
    at beginWork (C:\Users\Admin\graceful_books\node_modules\react-dom\cjs\react-dom.development.js:21626:16)
    at HTMLUnknownElement.callCallback (C:\Users\Admin\graceful_books\node_modules\react-dom\cjs\react-dom.development.js:4164:14)
    at HTMLUnknownElement.callTheUserObjectsOperation (C:\Users\Admin\graceful_books\node_modules\jsdom\lib\jsdom\living\generated\EventListener.js:26:30)
    at innerInvokeEventListeners (C:\Users\Admin\graceful_books\node_modules\jsdom\lib\jsdom\living\events\EventTarget-impl.js:350:25)
Error: Uncaught [Error: useAuth must be used within an AuthProvider]
    at reportException (C:\Users\Admin\graceful_books\node_modules\jsdom\lib\jsdom\living\helpers\runtime-script-errors.js:66:24)
    at innerInvokeEventListeners (C:\Users\Admin\graceful_books\node_modules\jsdom\lib\jsdom\living\events\EventTarget-impl.js:353:9)
    at invokeEventListeners (C:\Users\Admin\graceful_books\node_modules\jsdom\lib\jsdom\living\events\EventTarget-impl.js:286:3)
    at HTMLUnknownElementImpl._dispatch (C:\Users\Admin\graceful_books\node_modules\jsdom\lib\jsdom\living\events\EventTarget-impl.js:233:9)
    at HTMLUnknownElementImpl.dispatchEvent (C:\Users\Admin\graceful_books\node_modules\jsdom\lib\jsdom\living\events\EventTarget-impl.js:104:17)
    at HTMLUnknownElement.dispatchEvent (C:\Users\Admin\graceful_books\node_modules\jsdom\lib\jsdom\living\generated\EventTarget.js:241:34)
    at Object.invokeGuardedCallbackDev (C:\Users\Admin\graceful_books\node_modules\react-dom\cjs\react-dom.development.js:4213:16)
    at invokeGuardedCallback (C:\Users\Admin\graceful_books\node_modules\react-dom\cjs\react-dom.development.js:4277:31)
    at beginWork$1 (C:\Users\Admin\graceful_books\node_modules\react-dom\cjs\react-dom.development.js:27490:7)
    at performUnitOfWork (C:\Users\Admin\graceful_books\node_modules\react-dom\cjs\react-dom.development.js:26599:12) Error: useAuth must be used within an AuthProvider
    at useAuth (C:/Users/Admin/graceful_books/src/contexts/AuthContext.tsx:120:11)
    at Module.useTransactions (C:/Users/Admin/graceful_books/src/hooks/useTransactions.ts:69:25)
    at C:/Users/Admin/graceful_books/src/hooks/useTransactions.test.ts:415:43
    at TestComponent (C:\Users\Admin\graceful_books\node_modules\@testing-library\react\dist\pure.js:309:27)
    at renderWithHooks (C:\Users\Admin\graceful_books\node_modules\react-dom\cjs\react-dom.development.js:15486:18)
    at mountIndeterminateComponent (C:\Users\Admin\graceful_books\node_modules\react-dom\cjs\react-dom.development.js:20103:13)
    at beginWork (C:\Users\Admin\graceful_books\node_modules\react-dom\cjs\react-dom.development.js:21626:16)
    at HTMLUnknownElement.callCallback (C:\Users\Admin\graceful_books\node_modules\react-dom\cjs\react-dom.development.js:4164:14)
    at HTMLUnknownElement.callTheUserObjectsOperation (C:\Users\Admin\graceful_books\node_modules\jsdom\lib\jsdom\living\generated\EventListener.js:26:30)
    at innerInvokeEventListeners (C:\Users\Admin\graceful_books\node_modules\jsdom\lib\jsdom\living\events\EventTarget-impl.js:350:25)
Error: Uncaught [Error: useAuth must be used within an AuthProvider]
    at reportException (C:\Users\Admin\graceful_books\node_modules\jsdom\lib\jsdom\living\helpers\runtime-script-errors.js:66:24)
    at innerInvokeEventListeners (C:\Users\Admin\graceful_books\node_modules\jsdom\lib\jsdom\living\events\EventTarget-impl.js:353:9)
    at invokeEventListeners (C:\Users\Admin\graceful_books\node_modules\jsdom\lib\jsdom\living\events\EventTarget-impl.js:286:3)
    at HTMLUnknownElementImpl._dispatch (C:\Users\Admin\graceful_books\node_modules\jsdom\lib\jsdom\living\events\EventTarget-impl.js:233:9)
    at HTMLUnknownElementImpl.dispatchEvent (C:\Users\Admin\graceful_books\node_modules\jsdom\lib\jsdom\living\events\EventTarget-impl.js:104:17)
    at HTMLUnknownElement.dispatchEvent (C:\Users\Admin\graceful_books\node_modules\jsdom\lib\jsdom\living\generated\EventTarget.js:241:34)
    at Object.invokeGuardedCallbackDev (C:\Users\Admin\graceful_books\node_modules\react-dom\cjs\react-dom.development.js:4213:16)
    at invokeGuardedCallback (C:\Users\Admin\graceful_books\node_modules\react-dom\cjs\react-dom.development.js:4277:31)
    at beginWork$1 (C:\Users\Admin\graceful_books\node_modules\react-dom\cjs\react-dom.development.js:27490:7)
    at performUnitOfWork (C:\Users\Admin\graceful_books\node_modules\react-dom\cjs\react-dom.development.js:26599:12) Error: useAuth must be used within an AuthProvider
    at useAuth (C:/Users/Admin/graceful_books/src/contexts/AuthContext.tsx:120:11)
    at Module.useTransactions (C:/Users/Admin/graceful_books/src/hooks/useTransactions.ts:69:25)
    at C:/Users/Admin/graceful_books/src/hooks/useTransactions.test.ts:415:43
    at TestComponent (C:\Users\Admin\graceful_books\node_modules\@testing-library\react\dist\pure.js:309:27)
    at renderWithHooks (C:\Users\Admin\graceful_books\node_modules\react-dom\cjs\react-dom.development.js:15486:18)
    at mountIndeterminateComponent (C:\Users\Admin\graceful_books\node_modules\react-dom\cjs\react-dom.development.js:20103:13)
    at beginWork (C:\Users\Admin\graceful_books\node_modules\react-dom\cjs\react-dom.development.js:21626:16)
    at HTMLUnknownElement.callCallback (C:\Users\Admin\graceful_books\node_modules\react-dom\cjs\react-dom.development.js:4164:14)
    at HTMLUnknownElement.callTheUserObjectsOperation (C:\Users\Admin\graceful_books\node_modules\jsdom\lib\jsdom\living\generated\EventListener.js:26:30)
    at innerInvokeEventListeners (C:\Users\Admin\graceful_books\node_modules\jsdom\lib\jsdom\living\events\EventTarget-impl.js:350:25)
Error: Uncaught [Error: useAuth must be used within an AuthProvider]
    at reportException (C:\Users\Admin\graceful_books\node_modules\jsdom\lib\jsdom\living\helpers\runtime-script-errors.js:66:24)
    at innerInvokeEventListeners (C:\Users\Admin\graceful_books\node_modules\jsdom\lib\jsdom\living\events\EventTarget-impl.js:353:9)
    at invokeEventListeners (C:\Users\Admin\graceful_books\node_modules\jsdom\lib\jsdom\living\events\EventTarget-impl.js:286:3)
    at HTMLUnknownElementImpl._dispatch (C:\Users\Admin\graceful_books\node_modules\jsdom\lib\jsdom\living\events\EventTarget-impl.js:233:9)
    at HTMLUnknownElementImpl.dispatchEvent (C:\Users\Admin\graceful_books\node_modules\jsdom\lib\jsdom\living\events\EventTarget-impl.js:104:17)
    at HTMLUnknownElement.dispatchEvent (C:\Users\Admin\graceful_books\node_modules\jsdom\lib\jsdom\living\generated\EventTarget.js:241:34)
    at Object.invokeGuardedCallbackDev (C:\Users\Admin\graceful_books\node_modules\react-dom\cjs\react-dom.development.js:4213:16)
    at invokeGuardedCallback (C:\Users\Admin\graceful_books\node_modules\react-dom\cjs\react-dom.development.js:4277:31)
    at beginWork$1 (C:\Users\Admin\graceful_books\node_modules\react-dom\cjs\react-dom.development.js:27490:7)
    at performUnitOfWork (C:\Users\Admin\graceful_books\node_modules\react-dom\cjs\react-dom.development.js:26599:12) Error: useAuth must be used within an AuthProvider
    at useAuth (C:/Users/Admin/graceful_books/src/contexts/AuthContext.tsx:120:11)
    at Module.useTransactions (C:/Users/Admin/graceful_books/src/hooks/useTransactions.ts:69:25)
    at C:/Users/Admin/graceful_books/src/hooks/useTransactions.test.ts:440:43
    at TestComponent (C:\Users\Admin\graceful_books\node_modules\@testing-library\react\dist\pure.js:309:27)
    at renderWithHooks (C:\Users\Admin\graceful_books\node_modules\react-dom\cjs\react-dom.development.js:15486:18)
    at mountIndeterminateComponent (C:\Users\Admin\graceful_books\node_modules\react-dom\cjs\react-dom.development.js:20103:13)
    at beginWork (C:\Users\Admin\graceful_books\node_modules\react-dom\cjs\react-dom.development.js:21626:16)
    at HTMLUnknownElement.callCallback (C:\Users\Admin\graceful_books\node_modules\react-dom\cjs\react-dom.development.js:4164:14)
    at HTMLUnknownElement.callTheUserObjectsOperation (C:\Users\Admin\graceful_books\node_modules\jsdom\lib\jsdom\living\generated\EventListener.js:26:30)
    at innerInvokeEventListeners (C:\Users\Admin\graceful_books\node_modules\jsdom\lib\jsdom\living\events\EventTarget-impl.js:350:25)
Error: Uncaught [Error: useAuth must be used within an AuthProvider]
    at reportException (C:\Users\Admin\graceful_books\node_modules\jsdom\lib\jsdom\living\helpers\runtime-script-errors.js:66:24)
    at innerInvokeEventListeners (C:\Users\Admin\graceful_books\node_modules\jsdom\lib\jsdom\living\events\EventTarget-impl.js:353:9)
    at invokeEventListeners (C:\Users\Admin\graceful_books\node_modules\jsdom\lib\jsdom\living\events\EventTarget-impl.js:286:3)
    at HTMLUnknownElementImpl._dispatch (C:\Users\Admin\graceful_books\node_modules\jsdom\lib\jsdom\living\events\EventTarget-impl.js:233:9)
    at HTMLUnknownElementImpl.dispatchEvent (C:\Users\Admin\graceful_books\node_modules\jsdom\lib\jsdom\living\events\EventTarget-impl.js:104:17)
    at HTMLUnknownElement.dispatchEvent (C:\Users\Admin\graceful_books\node_modules\jsdom\lib\jsdom\living\generated\EventTarget.js:241:34)
    at Object.invokeGuardedCallbackDev (C:\Users\Admin\graceful_books\node_modules\react-dom\cjs\react-dom.development.js:4213:16)
    at invokeGuardedCallback (C:\Users\Admin\graceful_books\node_modules\react-dom\cjs\react-dom.development.js:4277:31)
    at beginWork$1 (C:\Users\Admin\graceful_books\node_modules\react-dom\cjs\react-dom.development.js:27490:7)
    at performUnitOfWork (C:\Users\Admin\graceful_books\node_modules\react-dom\cjs\react-dom.development.js:26599:12) Error: useAuth must be used within an AuthProvider
    at useAuth (C:/Users/Admin/graceful_books/src/contexts/AuthContext.tsx:120:11)
    at Module.useTransactions (C:/Users/Admin/graceful_books/src/hooks/useTransactions.ts:69:25)
    at C:/Users/Admin/graceful_books/src/hooks/useTransactions.test.ts:440:43
    at TestComponent (C:\Users\Admin\graceful_books\node_modules\@testing-library\react\dist\pure.js:309:27)
    at renderWithHooks (C:\Users\Admin\graceful_books\node_modules\react-dom\cjs\react-dom.development.js:15486:18)
    at mountIndeterminateComponent (C:\Users\Admin\graceful_books\node_modules\react-dom\cjs\react-dom.development.js:20103:13)
    at beginWork (C:\Users\Admin\graceful_books\node_modules\react-dom\cjs\react-dom.development.js:21626:16)
    at HTMLUnknownElement.callCallback (C:\Users\Admin\graceful_books\node_modules\react-dom\cjs\react-dom.development.js:4164:14)
    at HTMLUnknownElement.callTheUserObjectsOperation (C:\Users\Admin\graceful_books\node_modules\jsdom\lib\jsdom\living\generated\EventListener.js:26:30)
    at innerInvokeEventListeners (C:\Users\Admin\graceful_books\node_modules\jsdom\lib\jsdom\living\events\EventTarget-impl.js:350:25)
Error: Uncaught [Error: useAuth must be used within an AuthProvider]
    at reportException (C:\Users\Admin\graceful_books\node_modules\jsdom\lib\jsdom\living\helpers\runtime-script-errors.js:66:24)
    at innerInvokeEventListeners (C:\Users\Admin\graceful_books\node_modules\jsdom\lib\jsdom\living\events\EventTarget-impl.js:353:9)
    at invokeEventListeners (C:\Users\Admin\graceful_books\node_modules\jsdom\lib\jsdom\living\events\EventTarget-impl.js:286:3)
    at HTMLUnknownElementImpl._dispatch (C:\Users\Admin\graceful_books\node_modules\jsdom\lib\jsdom\living\events\EventTarget-impl.js:233:9)
    at HTMLUnknownElementImpl.dispatchEvent (C:\Users\Admin\graceful_books\node_modules\jsdom\lib\jsdom\living\events\EventTarget-impl.js:104:17)
    at HTMLUnknownElement.dispatchEvent (C:\Users\Admin\graceful_books\node_modules\jsdom\lib\jsdom\living\generated\EventTarget.js:241:34)
    at Object.invokeGuardedCallbackDev (C:\Users\Admin\graceful_books\node_modules\react-dom\cjs\react-dom.development.js:4213:16)
    at invokeGuardedCallback (C:\Users\Admin\graceful_books\node_modules\react-dom\cjs\react-dom.development.js:4277:31)
    at beginWork$1 (C:\Users\Admin\graceful_books\node_modules\react-dom\cjs\react-dom.development.js:27490:7)
    at performUnitOfWork (C:\Users\Admin\graceful_books\node_modules\react-dom\cjs\react-dom.development.js:26599:12) Error: useAuth must be used within an AuthProvider
    at useAuth (C:/Users/Admin/graceful_books/src/contexts/AuthContext.tsx:120:11)
    at Module.useTransactions (C:/Users/Admin/graceful_books/src/hooks/useTransactions.ts:69:25)
    at C:/Users/Admin/graceful_books/src/hooks/useTransactions.test.ts:451:43
    at TestComponent (C:\Users\Admin\graceful_books\node_modules\@testing-library\react\dist\pure.js:309:27)
    at renderWithHooks (C:\Users\Admin\graceful_books\node_modules\react-dom\cjs\react-dom.development.js:15486:18)
    at mountIndeterminateComponent (C:\Users\Admin\graceful_books\node_modules\react-dom\cjs\react-dom.development.js:20103:13)
    at beginWork (C:\Users\Admin\graceful_books\node_modules\react-dom\cjs\react-dom.development.js:21626:16)
    at HTMLUnknownElement.callCallback (C:\Users\Admin\graceful_books\node_modules\react-dom\cjs\react-dom.development.js:4164:14)
    at HTMLUnknownElement.callTheUserObjectsOperation (C:\Users\Admin\graceful_books\node_modules\jsdom\lib\jsdom\living\generated\EventListener.js:26:30)
    at innerInvokeEventListeners (C:\Users\Admin\graceful_books\node_modules\jsdom\lib\jsdom\living\events\EventTarget-impl.js:350:25)
Error: Uncaught [Error: useAuth must be used within an AuthProvider]
    at reportException (C:\Users\Admin\graceful_books\node_modules\jsdom\lib\jsdom\living\helpers\runtime-script-errors.js:66:24)
    at innerInvokeEventListeners (C:\Users\Admin\graceful_books\node_modules\jsdom\lib\jsdom\living\events\EventTarget-impl.js:353:9)
    at invokeEventListeners (C:\Users\Admin\graceful_books\node_modules\jsdom\lib\jsdom\living\events\EventTarget-impl.js:286:3)
    at HTMLUnknownElementImpl._dispatch (C:\Users\Admin\graceful_books\node_modules\jsdom\lib\jsdom\living\events\EventTarget-impl.js:233:9)
    at HTMLUnknownElementImpl.dispatchEvent (C:\Users\Admin\graceful_books\node_modules\jsdom\lib\jsdom\living\events\EventTarget-impl.js:104:17)
    at HTMLUnknownElement.dispatchEvent (C:\Users\Admin\graceful_books\node_modules\jsdom\lib\jsdom\living\generated\EventTarget.js:241:34)
    at Object.invokeGuardedCallbackDev (C:\Users\Admin\graceful_books\node_modules\react-dom\cjs\react-dom.development.js:4213:16)
    at invokeGuardedCallback (C:\Users\Admin\graceful_books\node_modules\react-dom\cjs\react-dom.development.js:4277:31)
    at beginWork$1 (C:\Users\Admin\graceful_books\node_modules\react-dom\cjs\react-dom.development.js:27490:7)
    at performUnitOfWork (C:\Users\Admin\graceful_books\node_modules\react-dom\cjs\react-dom.development.js:26599:12) Error: useAuth must be used within an AuthProvider
    at useAuth (C:/Users/Admin/graceful_books/src/contexts/AuthContext.tsx:120:11)
    at Module.useTransactions (C:/Users/Admin/graceful_books/src/hooks/useTransactions.ts:69:25)
    at C:/Users/Admin/graceful_books/src/hooks/useTransactions.test.ts:451:43
    at TestComponent (C:\Users\Admin\graceful_books\node_modules\@testing-library\react\dist\pure.js:309:27)
    at renderWithHooks (C:\Users\Admin\graceful_books\node_modules\react-dom\cjs\react-dom.development.js:15486:18)
    at mountIndeterminateComponent (C:\Users\Admin\graceful_books\node_modules\react-dom\cjs\react-dom.development.js:20103:13)
    at beginWork (C:\Users\Admin\graceful_books\node_modules\react-dom\cjs\react-dom.development.js:21626:16)
    at HTMLUnknownElement.callCallback (C:\Users\Admin\graceful_books\node_modules\react-dom\cjs\react-dom.development.js:4164:14)
    at HTMLUnknownElement.callTheUserObjectsOperation (C:\Users\Admin\graceful_books\node_modules\jsdom\lib\jsdom\living\generated\EventListener.js:26:30)
    at innerInvokeEventListeners (C:\Users\Admin\graceful_books\node_modules\jsdom\lib\jsdom\living\events\EventTarget-impl.js:350:25)
stderr | src/hooks/useTransactions.test.ts > useTransactions > initial state > should initialize with empty state
The above error occurred in the <TestComponent> component:

    at TestComponent (C:\Users\Admin\graceful_books\node_modules\@testing-library\react\dist\pure.js:307:5)

Consider adding an error boundary to your tree to customize error handling behavior.
Visit https://reactjs.org/link/error-boundaries to learn more about error boundaries.

stderr | src/hooks/useTransactions.test.ts > useTransactions > loadTransactions > should load transactions successfully
The above error occurred in the <TestComponent> component:

    at TestComponent (C:\Users\Admin\graceful_books\node_modules\@testing-library\react\dist\pure.js:307:5)

Consider adding an error boundary to your tree to customize error handling behavior.
Visit https://reactjs.org/link/error-boundaries to learn more about error boundaries.

stderr | src/hooks/useTransactions.test.ts > useTransactions > loadTransactions > should handle load error
The above error occurred in the <TestComponent> component:

    at TestComponent (C:\Users\Admin\graceful_books\node_modules\@testing-library\react\dist\pure.js:307:5)

Consider adding an error boundary to your tree to customize error handling behavior.
Visit https://reactjs.org/link/error-boundaries to learn more about error boundaries.

stderr | src/hooks/useTransactions.test.ts > useTransactions > loadTransaction > should load a single transaction
The above error occurred in the <TestComponent> component:

    at TestComponent (C:\Users\Admin\graceful_books\node_modules\@testing-library\react\dist\pure.js:307:5)

Consider adding an error boundary to your tree to customize error handling behavior.
Visit https://reactjs.org/link/error-boundaries to learn more about error boundaries.

stderr | src/hooks/useTransactions.test.ts > useTransactions > loadTransaction > should handle transaction not found
The above error occurred in the <TestComponent> component:

    at TestComponent (C:\Users\Admin\graceful_books\node_modules\@testing-library\react\dist\pure.js:307:5)

Consider adding an error boundary to your tree to customize error handling behavior.
Visit https://reactjs.org/link/error-boundaries to learn more about error boundaries.

Error: Uncaught [Error: useAuth must be used within an AuthProvider]
    at reportException (C:\Users\Admin\graceful_books\node_modules\jsdom\lib\jsdom\living\helpers\runtime-script-errors.js:66:24)
    at innerInvokeEventListeners (C:\Users\Admin\graceful_books\node_modules\jsdom\lib\jsdom\living\events\EventTarget-impl.js:353:9)
    at invokeEventListeners (C:\Users\Admin\graceful_books\node_modules\jsdom\lib\jsdom\living\events\EventTarget-impl.js:286:3)
    at HTMLUnknownElementImpl._dispatch (C:\Users\Admin\graceful_books\node_modules\jsdom\lib\jsdom\living\events\EventTarget-impl.js:233:9)
    at HTMLUnknownElementImpl.dispatchEvent (C:\Users\Admin\graceful_books\node_modules\jsdom\lib\jsdom\living\events\EventTarget-impl.js:104:17)
    at HTMLUnknownElement.dispatchEvent (C:\Users\Admin\graceful_books\node_modules\jsdom\lib\jsdom\living\generated\EventTarget.js:241:34)
    at Object.invokeGuardedCallbackDev (C:\Users\Admin\graceful_books\node_modules\react-dom\cjs\react-dom.development.js:4213:16)
    at invokeGuardedCallback (C:\Users\Admin\graceful_books\node_modules\react-dom\cjs\react-dom.development.js:4277:31)
    at beginWork$1 (C:\Users\Admin\graceful_books\node_modules\react-dom\cjs\react-dom.development.js:27490:7)
    at performUnitOfWork (C:\Users\Admin\graceful_books\node_modules\react-dom\cjs\react-dom.development.js:26599:12) Error: useAuth must be used within an AuthProvider
    at useAuth (C:/Users/Admin/graceful_books/src/contexts/AuthContext.tsx:120:11)
    at Module.useTransactions (C:/Users/Admin/graceful_books/src/hooks/useTransactions.ts:69:25)
    at C:/Users/Admin/graceful_books/src/hooks/useTransactions.test.ts:478:43
    at TestComponent (C:\Users\Admin\graceful_books\node_modules\@testing-library\react\dist\pure.js:309:27)
    at renderWithHooks (C:\Users\Admin\graceful_books\node_modules\react-dom\cjs\react-dom.development.js:15486:18)
    at mountIndeterminateComponent (C:\Users\Admin\graceful_books\node_modules\react-dom\cjs\react-dom.development.js:20103:13)
    at beginWork (C:\Users\Admin\graceful_books\node_modules\react-dom\cjs\react-dom.development.js:21626:16)
    at HTMLUnknownElement.callCallback (C:\Users\Admin\graceful_books\node_modules\react-dom\cjs\react-dom.development.js:4164:14)
    at HTMLUnknownElement.callTheUserObjectsOperation (C:\Users\Admin\graceful_books\node_modules\jsdom\lib\jsdom\living\generated\EventListener.js:26:30)
    at innerInvokeEventListeners (C:\Users\Admin\graceful_books\node_modules\jsdom\lib\jsdom\living\events\EventTarget-impl.js:350:25)
Error: Uncaught [Error: useAuth must be used within an AuthProvider]
    at reportException (C:\Users\Admin\graceful_books\node_modules\jsdom\lib\jsdom\living\helpers\runtime-script-errors.js:66:24)
    at innerInvokeEventListeners (C:\Users\Admin\graceful_books\node_modules\jsdom\lib\jsdom\living\events\EventTarget-impl.js:353:9)
    at invokeEventListeners (C:\Users\Admin\graceful_books\node_modules\jsdom\lib\jsdom\living\events\EventTarget-impl.js:286:3)
    at HTMLUnknownElementImpl._dispatch (C:\Users\Admin\graceful_books\node_modules\jsdom\lib\jsdom\living\events\EventTarget-impl.js:233:9)
    at HTMLUnknownElementImpl.dispatchEvent (C:\Users\Admin\graceful_books\node_modules\jsdom\lib\jsdom\living\events\EventTarget-impl.js:104:17)
    at HTMLUnknownElement.dispatchEvent (C:\Users\Admin\graceful_books\node_modules\jsdom\lib\jsdom\living\generated\EventTarget.js:241:34)
    at Object.invokeGuardedCallbackDev (C:\Users\Admin\graceful_books\node_modules\react-dom\cjs\react-dom.development.js:4213:16)
    at invokeGuardedCallback (C:\Users\Admin\graceful_books\node_modules\react-dom\cjs\react-dom.development.js:4277:31)
    at beginWork$1 (C:\Users\Admin\graceful_books\node_modules\react-dom\cjs\react-dom.development.js:27490:7)
    at performUnitOfWork (C:\Users\Admin\graceful_books\node_modules\react-dom\cjs\react-dom.development.js:26599:12) Error: useAuth must be used within an AuthProvider
    at useAuth (C:/Users/Admin/graceful_books/src/contexts/AuthContext.tsx:120:11)
    at Module.useTransactions (C:/Users/Admin/graceful_books/src/hooks/useTransactions.ts:69:25)
    at C:/Users/Admin/graceful_books/src/hooks/useTransactions.test.ts:478:43
    at TestComponent (C:\Users\Admin\graceful_books\node_modules\@testing-library\react\dist\pure.js:309:27)
    at renderWithHooks (C:\Users\Admin\graceful_books\node_modules\react-dom\cjs\react-dom.development.js:15486:18)
    at mountIndeterminateComponent (C:\Users\Admin\graceful_books\node_modules\react-dom\cjs\react-dom.development.js:20103:13)
    at beginWork (C:\Users\Admin\graceful_books\node_modules\react-dom\cjs\react-dom.development.js:21626:16)
    at HTMLUnknownElement.callCallback (C:\Users\Admin\graceful_books\node_modules\react-dom\cjs\react-dom.development.js:4164:14)
    at HTMLUnknownElement.callTheUserObjectsOperation (C:\Users\Admin\graceful_books\node_modules\jsdom\lib\jsdom\living\generated\EventListener.js:26:30)
    at innerInvokeEventListeners (C:\Users\Admin\graceful_books\node_modules\jsdom\lib\jsdom\living\events\EventTarget-impl.js:350:25)
Error: Uncaught [Error: useAuth must be used within an AuthProvider]
    at reportException (C:\Users\Admin\graceful_books\node_modules\jsdom\lib\jsdom\living\helpers\runtime-script-errors.js:66:24)
    at innerInvokeEventListeners (C:\Users\Admin\graceful_books\node_modules\jsdom\lib\jsdom\living\events\EventTarget-impl.js:353:9)
    at invokeEventListeners (C:\Users\Admin\graceful_books\node_modules\jsdom\lib\jsdom\living\events\EventTarget-impl.js:286:3)
    at HTMLUnknownElementImpl._dispatch (C:\Users\Admin\graceful_books\node_modules\jsdom\lib\jsdom\living\events\EventTarget-impl.js:233:9)
    at HTMLUnknownElementImpl.dispatchEvent (C:\Users\Admin\graceful_books\node_modules\jsdom\lib\jsdom\living\events\EventTarget-impl.js:104:17)
    at HTMLUnknownElement.dispatchEvent (C:\Users\Admin\graceful_books\node_modules\jsdom\lib\jsdom\living\generated\EventTarget.js:241:34)
    at Object.invokeGuardedCallbackDev (C:\Users\Admin\graceful_books\node_modules\react-dom\cjs\react-dom.development.js:4213:16)
    at invokeGuardedCallback (C:\Users\Admin\graceful_books\node_modules\react-dom\cjs\react-dom.development.js:4277:31)
    at beginWork$1 (C:\Users\Admin\graceful_books\node_modules\react-dom\cjs\react-dom.development.js:27490:7)
    at performUnitOfWork (C:\Users\Admin\graceful_books\node_modules\react-dom\cjs\react-dom.development.js:26599:12) Error: useAuth must be used within an AuthProvider
    at useAuth (C:/Users/Admin/graceful_books/src/contexts/AuthContext.tsx:120:11)
    at Module.useTransactions (C:/Users/Admin/graceful_books/src/hooks/useTransactions.ts:69:25)
    at C:/Users/Admin/graceful_books/src/hooks/useTransactions.test.ts:498:43
    at TestComponent (C:\Users\Admin\graceful_books\node_modules\@testing-library\react\dist\pure.js:309:27)
    at renderWithHooks (C:\Users\Admin\graceful_books\node_modules\react-dom\cjs\react-dom.development.js:15486:18)
    at mountIndeterminateComponent (C:\Users\Admin\graceful_books\node_modules\react-dom\cjs\react-dom.development.js:20103:13)
    at beginWork (C:\Users\Admin\graceful_books\node_modules\react-dom\cjs\react-dom.development.js:21626:16)
    at HTMLUnknownElement.callCallback (C:\Users\Admin\graceful_books\node_modules\react-dom\cjs\react-dom.development.js:4164:14)
    at HTMLUnknownElement.callTheUserObjectsOperation (C:\Users\Admin\graceful_books\node_modules\jsdom\lib\jsdom\living\generated\EventListener.js:26:30)
    at innerInvokeEventListeners (C:\Users\Admin\graceful_books\node_modules\jsdom\lib\jsdom\living\events\EventTarget-impl.js:350:25)
Error: Uncaught [Error: useAuth must be used within an AuthProvider]
    at reportException (C:\Users\Admin\graceful_books\node_modules\jsdom\lib\jsdom\living\helpers\runtime-script-errors.js:66:24)
    at innerInvokeEventListeners (C:\Users\Admin\graceful_books\node_modules\jsdom\lib\jsdom\living\events\EventTarget-impl.js:353:9)
    at invokeEventListeners (C:\Users\Admin\graceful_books\node_modules\jsdom\lib\jsdom\living\events\EventTarget-impl.js:286:3)
    at HTMLUnknownElementImpl._dispatch (C:\Users\Admin\graceful_books\node_modules\jsdom\lib\jsdom\living\events\EventTarget-impl.js:233:9)
    at HTMLUnknownElementImpl.dispatchEvent (C:\Users\Admin\graceful_books\node_modules\jsdom\lib\jsdom\living\events\EventTarget-impl.js:104:17)
    at HTMLUnknownElement.dispatchEvent (C:\Users\Admin\graceful_books\node_modules\jsdom\lib\jsdom\living\generated\EventTarget.js:241:34)
    at Object.invokeGuardedCallbackDev (C:\Users\Admin\graceful_books\node_modules\react-dom\cjs\react-dom.development.js:4213:16)
    at invokeGuardedCallback (C:\Users\Admin\graceful_books\node_modules\react-dom\cjs\react-dom.development.js:4277:31)
    at beginWork$1 (C:\Users\Admin\graceful_books\node_modules\react-dom\cjs\react-dom.development.js:27490:7)
    at performUnitOfWork (C:\Users\Admin\graceful_books\node_modules\react-dom\cjs\react-dom.development.js:26599:12) Error: useAuth must be used within an AuthProvider
    at useAuth (C:/Users/Admin/graceful_books/src/contexts/AuthContext.tsx:120:11)
    at Module.useTransactions (C:/Users/Admin/graceful_books/src/hooks/useTransactions.ts:69:25)
    at C:/Users/Admin/graceful_books/src/hooks/useTransactions.test.ts:498:43
    at TestComponent (C:\Users\Admin\graceful_books\node_modules\@testing-library\react\dist\pure.js:309:27)
    at renderWithHooks (C:\Users\Admin\graceful_books\node_modules\react-dom\cjs\react-dom.development.js:15486:18)
    at mountIndeterminateComponent (C:\Users\Admin\graceful_books\node_modules\react-dom\cjs\react-dom.development.js:20103:13)
    at beginWork (C:\Users\Admin\graceful_books\node_modules\react-dom\cjs\react-dom.development.js:21626:16)
    at HTMLUnknownElement.callCallback (C:\Users\Admin\graceful_books\node_modules\react-dom\cjs\react-dom.development.js:4164:14)
    at HTMLUnknownElement.callTheUserObjectsOperation (C:\Users\Admin\graceful_books\node_modules\jsdom\lib\jsdom\living\generated\EventListener.js:26:30)
    at innerInvokeEventListeners (C:\Users\Admin\graceful_books\node_modules\jsdom\lib\jsdom\living\events\EventTarget-impl.js:350:25)
stderr | src/hooks/useTransactions.test.ts > useTransactions > createNewTransaction > should create a valid transaction
The above error occurred in the <TestComponent> component:

    at TestComponent (C:\Users\Admin\graceful_books\node_modules\@testing-library\react\dist\pure.js:307:5)

Consider adding an error boundary to your tree to customize error handling behavior.
Visit https://reactjs.org/link/error-boundaries to learn more about error boundaries.

stderr | src/hooks/useTransactions.test.ts > useTransactions > createNewTransaction > should reject unbalanced transaction
The above error occurred in the <TestComponent> component:

    at TestComponent (C:\Users\Admin\graceful_books\node_modules\@testing-library\react\dist\pure.js:307:5)

Consider adding an error boundary to your tree to customize error handling behavior.
Visit https://reactjs.org/link/error-boundaries to learn more about error boundaries.

stderr | src/hooks/useTransactions.test.ts > useTransactions > createNewTransaction > should reject transaction with invalid line items
The above error occurred in the <TestComponent> component:

    at TestComponent (C:\Users\Admin\graceful_books\node_modules\@testing-library\react\dist\pure.js:307:5)

Consider adding an error boundary to your tree to customize error handling behavior.
Visit https://reactjs.org/link/error-boundaries to learn more about error boundaries.

stderr | src/hooks/useTransactions.test.ts > useTransactions > updateExistingTransaction > should update a transaction
The above error occurred in the <TestComponent> component:

    at TestComponent (C:\Users\Admin\graceful_books\node_modules\@testing-library\react\dist\pure.js:307:5)

Consider adding an error boundary to your tree to customize error handling behavior.
Visit https://reactjs.org/link/error-boundaries to learn more about error boundaries.

stderr | src/hooks/useTransactions.test.ts > useTransactions > updateExistingTransaction > should validate line updates
The above error occurred in the <TestComponent> component:

    at TestComponent (C:\Users\Admin\graceful_books\node_modules\@testing-library\react\dist\pure.js:307:5)

Consider adding an error boundary to your tree to customize error handling behavior.
Visit https://reactjs.org/link/error-boundaries to learn more about error boundaries.

stderr | src/hooks/useTransactions.test.ts > useTransactions > removeTransaction > should delete a transaction
The above error occurred in the <TestComponent> component:

    at TestComponent (C:\Users\Admin\graceful_books\node_modules\@testing-library\react\dist\pure.js:307:5)

Consider adding an error boundary to your tree to customize error handling behavior.
Visit https://reactjs.org/link/error-boundaries to learn more about error boundaries.

stderr | src/hooks/useTransactions.test.ts > useTransactions > removeTransaction > should clear current transaction if deleted
The above error occurred in the <TestComponent> component:

    at TestComponent (C:\Users\Admin\graceful_books\node_modules\@testing-library\react\dist\pure.js:307:5)

Consider adding an error boundary to your tree to customize error handling behavior.
Visit https://reactjs.org/link/error-boundaries to learn more about error boundaries.

stderr | src/hooks/useTransactions.test.ts > useTransactions > postTransaction > should post a transaction
The above error occurred in the <TestComponent> component:

    at TestComponent (C:\Users\Admin\graceful_books\node_modules\@testing-library\react\dist\pure.js:307:5)

Consider adding an error boundary to your tree to customize error handling behavior.
Visit https://reactjs.org/link/error-boundaries to learn more about error boundaries.

stderr | src/hooks/useTransactions.test.ts > useTransactions > voidTransaction > should void a transaction
The above error occurred in the <TestComponent> component:

    at TestComponent (C:\Users\Admin\graceful_books\node_modules\@testing-library\react\dist\pure.js:307:5)

Consider adding an error boundary to your tree to customize error handling behavior.
Visit https://reactjs.org/link/error-boundaries to learn more about error boundaries.

stderr | src/hooks/useTransactions.test.ts > useTransactions > validateCurrentTransaction > should validate current transaction
The above error occurred in the <TestComponent> component:

    at TestComponent (C:\Users\Admin\graceful_books\node_modules\@testing-library\react\dist\pure.js:307:5)

Consider adding an error boundary to your tree to customize error handling behavior.
Visit https://reactjs.org/link/error-boundaries to learn more about error boundaries.

stderr | src/hooks/useTransactions.test.ts > useTransactions > validateCurrentTransaction > should handle no current transaction
The above error occurred in the <TestComponent> component:

    at TestComponent (C:\Users\Admin\graceful_books\node_modules\@testing-library\react\dist\pure.js:307:5)

Consider adding an error boundary to your tree to customize error handling behavior.
Visit https://reactjs.org/link/error-boundaries to learn more about error boundaries.

stderr | src/hooks/useTransactions.test.ts > useTransactions > getBalance > should calculate balance of current transaction
The above error occurred in the <TestComponent> component:

    at TestComponent (C:\Users\Admin\graceful_books\node_modules\@testing-library\react\dist\pure.js:307:5)

Consider adding an error boundary to your tree to customize error handling behavior.
Visit https://reactjs.org/link/error-boundaries to learn more about error boundaries.

stderr | src/hooks/useTransactions.test.ts > useTransactions > getBalance > should return zero for no current transaction
The above error occurred in the <TestComponent> component:

    at TestComponent (C:\Users\Admin\graceful_books\node_modules\@testing-library\react\dist\pure.js:307:5)

Consider adding an error boundary to your tree to customize error handling behavior.
Visit https://reactjs.org/link/error-boundaries to learn more about error boundaries.

stderr | src/hooks/useTransactions.test.ts > useTransactions > clearError > should clear error state
The above error occurred in the <TestComponent> component:

    at TestComponent (C:\Users\Admin\graceful_books\node_modules\@testing-library\react\dist\pure.js:307:5)

Consider adding an error boundary to your tree to customize error handling behavior.
Visit https://reactjs.org/link/error-boundaries to learn more about error boundaries.

 ❯ src/hooks/useTransactions.test.ts (21 tests | 19 failed) 420ms
       × should initialize with empty state 128ms
       × should load transactions successfully 15ms
       × should handle load error 24ms
       × should load a single transaction 17ms
       × should handle transaction not found 14ms
       × should create a valid transaction 23ms
       × should reject unbalanced transaction 11ms
       × should reject transaction with invalid line items 10ms
       × should update a transaction 20ms
       × should validate line updates 10ms
       × should delete a transaction 10ms
       × should clear current transaction if deleted 15ms
       × should post a transaction 8ms
       × should void a transaction 50ms
       × should validate current transaction 8ms
       × should handle no current transaction 7ms
       × should calculate balance of current transaction 7ms
       × should return zero for no current transaction 7ms
       × should clear error state 6ms
stderr | src/crypto/encryption.test.ts > Encryption Module > decrypt > should fail with tampered ciphertext
[Security] [ERR_CRYPTO_001] crypto.decrypt: The operation failed for an operation-specific reason {
  name: 'OperationError',
  message: 'The operation failed for an operation-specific reason',
  stack: 'OperationError: The operation failed for an operation-specific reason\n' +
    '    at AESCipherJob.onDone (node:internal/crypto/util:646:19)',
  context: 'crypto.decrypt'
}

stderr | src/crypto/encryption.test.ts > Encryption Module > decrypt > should fail with tampered auth tag
[Security] [ERR_CRYPTO_001] crypto.decrypt: The operation failed for an operation-specific reason {
  name: 'OperationError',
  message: 'The operation failed for an operation-specific reason',
  stack: 'OperationError: The operation failed for an operation-specific reason\n' +
    '    at AESCipherJob.onDone (node:internal/crypto/util:646:19)',
  context: 'crypto.decrypt'
}

 ❯ src/crypto/encryption.test.ts (32 tests | 2 failed) 358ms
       × should fail with tampered ciphertext 45ms
       × should fail with tampered auth tag 5ms
 ❯ src/__tests__/integration/groupD.offline.integration.test.ts (4 tests | 2 failed) 374ms
       × should persist transaction data to IndexedDB 112ms
       × should isolate data by company ID 62ms
 ❯ src/components/cpg/MarginQualityBadge.test.tsx (14 tests | 9 failed) 800ms
       × renders with poor quality (red) 174ms
       × renders small size 48ms
       × renders medium size (default) 24ms
       × renders large size 7ms
       × hides decorative elements from screen readers 13ms
       × applies correct class for poor quality 7ms
       × applies correct class for good quality 7ms
       × applies correct class for better quality 20ms
       × applies correct class for best quality 14ms
Error: Uncaught [Error: useAuth must be used within an AuthProvider]
    at reportException (C:\Users\Admin\graceful_books\node_modules\jsdom\lib\jsdom\living\helpers\runtime-script-errors.js:66:24)
    at innerInvokeEventListeners (C:\Users\Admin\graceful_books\node_modules\jsdom\lib\jsdom\living\events\EventTarget-impl.js:353:9)
    at invokeEventListeners (C:\Users\Admin\graceful_books\node_modules\jsdom\lib\jsdom\living\events\EventTarget-impl.js:286:3)
    at HTMLUnknownElementImpl._dispatch (C:\Users\Admin\graceful_books\node_modules\jsdom\lib\jsdom\living\events\EventTarget-impl.js:233:9)
    at HTMLUnknownElementImpl.dispatchEvent (C:\Users\Admin\graceful_books\node_modules\jsdom\lib\jsdom\living\events\EventTarget-impl.js:104:17)
    at HTMLUnknownElement.dispatchEvent (C:\Users\Admin\graceful_books\node_modules\jsdom\lib\jsdom\living\generated\EventTarget.js:241:34)
    at Object.invokeGuardedCallbackDev (C:\Users\Admin\graceful_books\node_modules\react-dom\cjs\react-dom.development.js:4213:16)
    at invokeGuardedCallback (C:\Users\Admin\graceful_books\node_modules\react-dom\cjs\react-dom.development.js:4277:31)
    at beginWork$1 (C:\Users\Admin\graceful_books\node_modules\react-dom\cjs\react-dom.development.js:27490:7)
    at performUnitOfWork (C:\Users\Admin\graceful_books\node_modules\react-dom\cjs\react-dom.development.js:26599:12) Error: useAuth must be used within an AuthProvider
    at useAuth (C:/Users/Admin/graceful_books/src/contexts/AuthContext.tsx:120:11)
    at Module.useVendors (C:/Users/Admin/graceful_books/src/hooks/useVendors.ts:237:40)
    at C:/Users/Admin/graceful_books/src/hooks/useVendors.test.ts:91:43
    at TestComponent (C:\Users\Admin\graceful_books\node_modules\@testing-library\react\dist\pure.js:309:27)
    at renderWithHooks (C:\Users\Admin\graceful_books\node_modules\react-dom\cjs\react-dom.development.js:15486:18)
    at mountIndeterminateComponent (C:\Users\Admin\graceful_books\node_modules\react-dom\cjs\react-dom.development.js:20103:13)
    at beginWork (C:\Users\Admin\graceful_books\node_modules\react-dom\cjs\react-dom.development.js:21626:16)
    at HTMLUnknownElement.callCallback (C:\Users\Admin\graceful_books\node_modules\react-dom\cjs\react-dom.development.js:4164:14)
    at HTMLUnknownElement.callTheUserObjectsOperation (C:\Users\Admin\graceful_books\node_modules\jsdom\lib\jsdom\living\generated\EventListener.js:26:30)
    at innerInvokeEventListeners (C:\Users\Admin\graceful_books\node_modules\jsdom\lib\jsdom\living\events\EventTarget-impl.js:350:25)
Error: Uncaught [Error: useAuth must be used within an AuthProvider]
    at reportException (C:\Users\Admin\graceful_books\node_modules\jsdom\lib\jsdom\living\helpers\runtime-script-errors.js:66:24)
    at innerInvokeEventListeners (C:\Users\Admin\graceful_books\node_modules\jsdom\lib\jsdom\living\events\EventTarget-impl.js:353:9)
    at invokeEventListeners (C:\Users\Admin\graceful_books\node_modules\jsdom\lib\jsdom\living\events\EventTarget-impl.js:286:3)
    at HTMLUnknownElementImpl._dispatch (C:\Users\Admin\graceful_books\node_modules\jsdom\lib\jsdom\living\events\EventTarget-impl.js:233:9)
    at HTMLUnknownElementImpl.dispatchEvent (C:\Users\Admin\graceful_books\node_modules\jsdom\lib\jsdom\living\events\EventTarget-impl.js:104:17)
    at HTMLUnknownElement.dispatchEvent (C:\Users\Admin\graceful_books\node_modules\jsdom\lib\jsdom\living\generated\EventTarget.js:241:34)
    at Object.invokeGuardedCallbackDev (C:\Users\Admin\graceful_books\node_modules\react-dom\cjs\react-dom.development.js:4213:16)
    at invokeGuardedCallback (C:\Users\Admin\graceful_books\node_modules\react-dom\cjs\react-dom.development.js:4277:31)
    at beginWork$1 (C:\Users\Admin\graceful_books\node_modules\react-dom\cjs\react-dom.development.js:27490:7)
    at performUnitOfWork (C:\Users\Admin\graceful_books\node_modules\react-dom\cjs\react-dom.development.js:26599:12) Error: useAuth must be used within an AuthProvider
    at useAuth (C:/Users/Admin/graceful_books/src/contexts/AuthContext.tsx:120:11)
    at Module.useVendors (C:/Users/Admin/graceful_books/src/hooks/useVendors.ts:237:40)
    at C:/Users/Admin/graceful_books/src/hooks/useVendors.test.ts:91:43
    at TestComponent (C:\Users\Admin\graceful_books\node_modules\@testing-library\react\dist\pure.js:309:27)
    at renderWithHooks (C:\Users\Admin\graceful_books\node_modules\react-dom\cjs\react-dom.development.js:15486:18)
    at mountIndeterminateComponent (C:\Users\Admin\graceful_books\node_modules\react-dom\cjs\react-dom.development.js:20103:13)
    at beginWork (C:\Users\Admin\graceful_books\node_modules\react-dom\cjs\react-dom.development.js:21626:16)
    at HTMLUnknownElement.callCallback (C:\Users\Admin\graceful_books\node_modules\react-dom\cjs\react-dom.development.js:4164:14)
    at HTMLUnknownElement.callTheUserObjectsOperation (C:\Users\Admin\graceful_books\node_modules\jsdom\lib\jsdom\living\generated\EventListener.js:26:30)
    at innerInvokeEventListeners (C:\Users\Admin\graceful_books\node_modules\jsdom\lib\jsdom\living\events\EventTarget-impl.js:350:25)
stderr | src/hooks/useVendors.test.ts > useVendors > Data Retrieval > should fetch vendors for a company
The above error occurred in the <TestComponent> component:

    at TestComponent (C:\Users\Admin\graceful_books\node_modules\@testing-library\react\dist\pure.js:307:5)

Consider adding an error boundary to your tree to customize error handling behavior.
Visit https://reactjs.org/link/error-boundaries to learn more about error boundaries.

Error: Uncaught [Error: useAuth must be used within an AuthProvider]
    at reportException (C:\Users\Admin\graceful_books\node_modules\jsdom\lib\jsdom\living\helpers\runtime-script-errors.js:66:24)
    at innerInvokeEventListeners (C:\Users\Admin\graceful_books\node_modules\jsdom\lib\jsdom\living\events\EventTarget-impl.js:353:9)
    at invokeEventListeners (C:\Users\Admin\graceful_books\node_modules\jsdom\lib\jsdom\living\events\EventTarget-impl.js:286:3)
    at HTMLUnknownElementImpl._dispatch (C:\Users\Admin\graceful_books\node_modules\jsdom\lib\jsdom\living\events\EventTarget-impl.js:233:9)
    at HTMLUnknownElementImpl.dispatchEvent (C:\Users\Admin\graceful_books\node_modules\jsdom\lib\jsdom\living\events\EventTarget-impl.js:104:17)
    at HTMLUnknownElement.dispatchEvent (C:\Users\Admin\graceful_books\node_modules\jsdom\lib\jsdom\living\generated\EventTarget.js:241:34)
    at Object.invokeGuardedCallbackDev (C:\Users\Admin\graceful_books\node_modules\react-dom\cjs\react-dom.development.js:4213:16)
    at invokeGuardedCallback (C:\Users\Admin\graceful_books\node_modules\react-dom\cjs\react-dom.development.js:4277:31)
    at beginWork$1 (C:\Users\Admin\graceful_books\node_modules\react-dom\cjs\react-dom.development.js:27490:7)
    at performUnitOfWork (C:\Users\Admin\graceful_books\node_modules\react-dom\cjs\react-dom.development.js:26599:12) Error: useAuth must be used within an AuthProvider
    at useAuth (C:/Users/Admin/graceful_books/src/contexts/AuthContext.tsx:120:11)
    at Module.useVendors (C:/Users/Admin/graceful_books/src/hooks/useVendors.ts:237:40)
    at C:/Users/Admin/graceful_books/src/hooks/useVendors.test.ts:104:43
    at TestComponent (C:\Users\Admin\graceful_books\node_modules\@testing-library\react\dist\pure.js:309:27)
    at renderWithHooks (C:\Users\Admin\graceful_books\node_modules\react-dom\cjs\react-dom.development.js:15486:18)
    at mountIndeterminateComponent (C:\Users\Admin\graceful_books\node_modules\react-dom\cjs\react-dom.development.js:20103:13)
    at beginWork (C:\Users\Admin\graceful_books\node_modules\react-dom\cjs\react-dom.development.js:21626:16)
    at HTMLUnknownElement.callCallback (C:\Users\Admin\graceful_books\node_modules\react-dom\cjs\react-dom.development.js:4164:14)
    at HTMLUnknownElement.callTheUserObjectsOperation (C:\Users\Admin\graceful_books\node_modules\jsdom\lib\jsdom\living\generated\EventListener.js:26:30)
    at innerInvokeEventListeners (C:\Users\Admin\graceful_books\node_modules\jsdom\lib\jsdom\living\events\EventTarget-impl.js:350:25)
Error: Uncaught [Error: useAuth must be used within an AuthProvider]
    at reportException (C:\Users\Admin\graceful_books\node_modules\jsdom\lib\jsdom\living\helpers\runtime-script-errors.js:66:24)
    at innerInvokeEventListeners (C:\Users\Admin\graceful_books\node_modules\jsdom\lib\jsdom\living\events\EventTarget-impl.js:353:9)
    at invokeEventListeners (C:\Users\Admin\graceful_books\node_modules\jsdom\lib\jsdom\living\events\EventTarget-impl.js:286:3)
    at HTMLUnknownElementImpl._dispatch (C:\Users\Admin\graceful_books\node_modules\jsdom\lib\jsdom\living\events\EventTarget-impl.js:233:9)
    at HTMLUnknownElementImpl.dispatchEvent (C:\Users\Admin\graceful_books\node_modules\jsdom\lib\jsdom\living\events\EventTarget-impl.js:104:17)
    at HTMLUnknownElement.dispatchEvent (C:\Users\Admin\graceful_books\node_modules\jsdom\lib\jsdom\living\generated\EventTarget.js:241:34)
    at Object.invokeGuardedCallbackDev (C:\Users\Admin\graceful_books\node_modules\react-dom\cjs\react-dom.development.js:4213:16)
    at invokeGuardedCallback (C:\Users\Admin\graceful_books\node_modules\react-dom\cjs\react-dom.development.js:4277:31)
    at beginWork$1 (C:\Users\Admin\graceful_books\node_modules\react-dom\cjs\react-dom.development.js:27490:7)
    at performUnitOfWork (C:\Users\Admin\graceful_books\node_modules\react-dom\cjs\react-dom.development.js:26599:12) Error: useAuth must be used within an AuthProvider
    at useAuth (C:/Users/Admin/graceful_books/src/contexts/AuthContext.tsx:120:11)
    at Module.useVendors (C:/Users/Admin/graceful_books/src/hooks/useVendors.ts:237:40)
    at C:/Users/Admin/graceful_books/src/hooks/useVendors.test.ts:104:43
    at TestComponent (C:\Users\Admin\graceful_books\node_modules\@testing-library\react\dist\pure.js:309:27)
    at renderWithHooks (C:\Users\Admin\graceful_books\node_modules\react-dom\cjs\react-dom.development.js:15486:18)
    at mountIndeterminateComponent (C:\Users\Admin\graceful_books\node_modules\react-dom\cjs\react-dom.development.js:20103:13)
    at beginWork (C:\Users\Admin\graceful_books\node_modules\react-dom\cjs\react-dom.development.js:21626:16)
    at HTMLUnknownElement.callCallback (C:\Users\Admin\graceful_books\node_modules\react-dom\cjs\react-dom.development.js:4164:14)
    at HTMLUnknownElement.callTheUserObjectsOperation (C:\Users\Admin\graceful_books\node_modules\jsdom\lib\jsdom\living\generated\EventListener.js:26:30)
    at innerInvokeEventListeners (C:\Users\Admin\graceful_books\node_modules\jsdom\lib\jsdom\living\events\EventTarget-impl.js:350:25)
Error: Uncaught [Error: useAuth must be used within an AuthProvider]
    at reportException (C:\Users\Admin\graceful_books\node_modules\jsdom\lib\jsdom\living\helpers\runtime-script-errors.js:66:24)
    at innerInvokeEventListeners (C:\Users\Admin\graceful_books\node_modules\jsdom\lib\jsdom\living\events\EventTarget-impl.js:353:9)
    at invokeEventListeners (C:\Users\Admin\graceful_books\node_modules\jsdom\lib\jsdom\living\events\EventTarget-impl.js:286:3)
    at HTMLUnknownElementImpl._dispatch (C:\Users\Admin\graceful_books\node_modules\jsdom\lib\jsdom\living\events\EventTarget-impl.js:233:9)
    at HTMLUnknownElementImpl.dispatchEvent (C:\Users\Admin\graceful_books\node_modules\jsdom\lib\jsdom\living\events\EventTarget-impl.js:104:17)
    at HTMLUnknownElement.dispatchEvent (C:\Users\Admin\graceful_books\node_modules\jsdom\lib\jsdom\living\generated\EventTarget.js:241:34)
    at Object.invokeGuardedCallbackDev (C:\Users\Admin\graceful_books\node_modules\react-dom\cjs\react-dom.development.js:4213:16)
    at invokeGuardedCallback (C:\Users\Admin\graceful_books\node_modules\react-dom\cjs\react-dom.development.js:4277:31)
    at beginWork$1 (C:\Users\Admin\graceful_books\node_modules\react-dom\cjs\react-dom.development.js:27490:7)
    at performUnitOfWork (C:\Users\Admin\graceful_books\node_modules\react-dom\cjs\react-dom.development.js:26599:12) Error: useAuth must be used within an AuthProvider
    at useAuth (C:/Users/Admin/graceful_books/src/contexts/AuthContext.tsx:120:11)
    at Module.useVendors (C:/Users/Admin/graceful_books/src/hooks/useVendors.ts:237:40)
    at C:/Users/Admin/graceful_books/src/hooks/useVendors.test.ts:127:9
    at TestComponent (C:\Users\Admin\graceful_books\node_modules\@testing-library\react\dist\pure.js:309:27)
    at renderWithHooks (C:\Users\Admin\graceful_books\node_modules\react-dom\cjs\react-dom.development.js:15486:18)
    at mountIndeterminateComponent (C:\Users\Admin\graceful_books\node_modules\react-dom\cjs\react-dom.development.js:20103:13)
    at beginWork (C:\Users\Admin\graceful_books\node_modules\react-dom\cjs\react-dom.development.js:21626:16)
    at HTMLUnknownElement.callCallback (C:\Users\Admin\graceful_books\node_modules\react-dom\cjs\react-dom.development.js:4164:14)
    at HTMLUnknownElement.callTheUserObjectsOperation (C:\Users\Admin\graceful_books\node_modules\jsdom\lib\jsdom\living\generated\EventListener.js:26:30)
    at innerInvokeEventListeners (C:\Users\Admin\graceful_books\node_modules\jsdom\lib\jsdom\living\events\EventTarget-impl.js:350:25)
Error: Uncaught [Error: useAuth must be used within an AuthProvider]
    at reportException (C:\Users\Admin\graceful_books\node_modules\jsdom\lib\jsdom\living\helpers\runtime-script-errors.js:66:24)
    at innerInvokeEventListeners (C:\Users\Admin\graceful_books\node_modules\jsdom\lib\jsdom\living\events\EventTarget-impl.js:353:9)
    at invokeEventListeners (C:\Users\Admin\graceful_books\node_modules\jsdom\lib\jsdom\living\events\EventTarget-impl.js:286:3)
    at HTMLUnknownElementImpl._dispatch (C:\Users\Admin\graceful_books\node_modules\jsdom\lib\jsdom\living\events\EventTarget-impl.js:233:9)
    at HTMLUnknownElementImpl.dispatchEvent (C:\Users\Admin\graceful_books\node_modules\jsdom\lib\jsdom\living\events\EventTarget-impl.js:104:17)
    at HTMLUnknownElement.dispatchEvent (C:\Users\Admin\graceful_books\node_modules\jsdom\lib\jsdom\living\generated\EventTarget.js:241:34)
    at Object.invokeGuardedCallbackDev (C:\Users\Admin\graceful_books\node_modules\react-dom\cjs\react-dom.development.js:4213:16)
    at invokeGuardedCallback (C:\Users\Admin\graceful_books\node_modules\react-dom\cjs\react-dom.development.js:4277:31)
    at beginWork$1 (C:\Users\Admin\graceful_books\node_modules\react-dom\cjs\react-dom.development.js:27490:7)
    at performUnitOfWork (C:\Users\Admin\graceful_books\node_modules\react-dom\cjs\react-dom.development.js:26599:12) Error: useAuth must be used within an AuthProvider
    at useAuth (C:/Users/Admin/graceful_books/src/contexts/AuthContext.tsx:120:11)
    at Module.useVendors (C:/Users/Admin/graceful_books/src/hooks/useVendors.ts:237:40)
    at C:/Users/Admin/graceful_books/src/hooks/useVendors.test.ts:127:9
    at TestComponent (C:\Users\Admin\graceful_books\node_modules\@testing-library\react\dist\pure.js:309:27)
    at renderWithHooks (C:\Users\Admin\graceful_books\node_modules\react-dom\cjs\react-dom.development.js:15486:18)
    at mountIndeterminateComponent (C:\Users\Admin\graceful_books\node_modules\react-dom\cjs\react-dom.development.js:20103:13)
    at beginWork (C:\Users\Admin\graceful_books\node_modules\react-dom\cjs\react-dom.development.js:21626:16)
    at HTMLUnknownElement.callCallback (C:\Users\Admin\graceful_books\node_modules\react-dom\cjs\react-dom.development.js:4164:14)
    at HTMLUnknownElement.callTheUserObjectsOperation (C:\Users\Admin\graceful_books\node_modules\jsdom\lib\jsdom\living\generated\EventListener.js:26:30)
    at innerInvokeEventListeners (C:\Users\Admin\graceful_books\node_modules\jsdom\lib\jsdom\living\events\EventTarget-impl.js:350:25)
Error: Uncaught [Error: useAuth must be used within an AuthProvider]
    at reportException (C:\Users\Admin\graceful_books\node_modules\jsdom\lib\jsdom\living\helpers\runtime-script-errors.js:66:24)
    at innerInvokeEventListeners (C:\Users\Admin\graceful_books\node_modules\jsdom\lib\jsdom\living\events\EventTarget-impl.js:353:9)
    at invokeEventListeners (C:\Users\Admin\graceful_books\node_modules\jsdom\lib\jsdom\living\events\EventTarget-impl.js:286:3)
    at HTMLUnknownElementImpl._dispatch (C:\Users\Admin\graceful_books\node_modules\jsdom\lib\jsdom\living\events\EventTarget-impl.js:233:9)
    at HTMLUnknownElementImpl.dispatchEvent (C:\Users\Admin\graceful_books\node_modules\jsdom\lib\jsdom\living\events\EventTarget-impl.js:104:17)
    at HTMLUnknownElement.dispatchEvent (C:\Users\Admin\graceful_books\node_modules\jsdom\lib\jsdom\living\generated\EventTarget.js:241:34)
    at Object.invokeGuardedCallbackDev (C:\Users\Admin\graceful_books\node_modules\react-dom\cjs\react-dom.development.js:4213:16)
    at invokeGuardedCallback (C:\Users\Admin\graceful_books\node_modules\react-dom\cjs\react-dom.development.js:4277:31)
    at beginWork$1 (C:\Users\Admin\graceful_books\node_modules\react-dom\cjs\react-dom.development.js:27490:7)
    at performUnitOfWork (C:\Users\Admin\graceful_books\node_modules\react-dom\cjs\react-dom.development.js:26599:12) Error: useAuth must be used within an AuthProvider
    at useAuth (C:/Users/Admin/graceful_books/src/contexts/AuthContext.tsx:120:11)
    at Module.useVendors (C:/Users/Admin/graceful_books/src/hooks/useVendors.ts:237:40)
    at C:/Users/Admin/graceful_books/src/hooks/useVendors.test.ts:146:43
    at TestComponent (C:\Users\Admin\graceful_books\node_modules\@testing-library\react\dist\pure.js:309:27)
    at renderWithHooks (C:\Users\Admin\graceful_books\node_modules\react-dom\cjs\react-dom.development.js:15486:18)
    at mountIndeterminateComponent (C:\Users\Admin\graceful_books\node_modules\react-dom\cjs\react-dom.development.js:20103:13)
    at beginWork (C:\Users\Admin\graceful_books\node_modules\react-dom\cjs\react-dom.development.js:21626:16)
    at HTMLUnknownElement.callCallback (C:\Users\Admin\graceful_books\node_modules\react-dom\cjs\react-dom.development.js:4164:14)
    at HTMLUnknownElement.callTheUserObjectsOperation (C:\Users\Admin\graceful_books\node_modules\jsdom\lib\jsdom\living\generated\EventListener.js:26:30)
    at innerInvokeEventListeners (C:\Users\Admin\graceful_books\node_modules\jsdom\lib\jsdom\living\events\EventTarget-impl.js:350:25)
Error: Uncaught [Error: useAuth must be used within an AuthProvider]
    at reportException (C:\Users\Admin\graceful_books\node_modules\jsdom\lib\jsdom\living\helpers\runtime-script-errors.js:66:24)
    at innerInvokeEventListeners (C:\Users\Admin\graceful_books\node_modules\jsdom\lib\jsdom\living\events\EventTarget-impl.js:353:9)
    at invokeEventListeners (C:\Users\Admin\graceful_books\node_modules\jsdom\lib\jsdom\living\events\EventTarget-impl.js:286:3)
    at HTMLUnknownElementImpl._dispatch (C:\Users\Admin\graceful_books\node_modules\jsdom\lib\jsdom\living\events\EventTarget-impl.js:233:9)
    at HTMLUnknownElementImpl.dispatchEvent (C:\Users\Admin\graceful_books\node_modules\jsdom\lib\jsdom\living\events\EventTarget-impl.js:104:17)
    at HTMLUnknownElement.dispatchEvent (C:\Users\Admin\graceful_books\node_modules\jsdom\lib\jsdom\living\generated\EventTarget.js:241:34)
    at Object.invokeGuardedCallbackDev (C:\Users\Admin\graceful_books\node_modules\react-dom\cjs\react-dom.development.js:4213:16)
    at invokeGuardedCallback (C:\Users\Admin\graceful_books\node_modules\react-dom\cjs\react-dom.development.js:4277:31)
    at beginWork$1 (C:\Users\Admin\graceful_books\node_modules\react-dom\cjs\react-dom.development.js:27490:7)
    at performUnitOfWork (C:\Users\Admin\graceful_books\node_modules\react-dom\cjs\react-dom.development.js:26599:12) Error: useAuth must be used within an AuthProvider
    at useAuth (C:/Users/Admin/graceful_books/src/contexts/AuthContext.tsx:120:11)
    at Module.useVendors (C:/Users/Admin/graceful_books/src/hooks/useVendors.ts:237:40)
    at C:/Users/Admin/graceful_books/src/hooks/useVendors.test.ts:146:43
    at TestComponent (C:\Users\Admin\graceful_books\node_modules\@testing-library\react\dist\pure.js:309:27)
    at renderWithHooks (C:\Users\Admin\graceful_books\node_modules\react-dom\cjs\react-dom.development.js:15486:18)
    at mountIndeterminateComponent (C:\Users\Admin\graceful_books\node_modules\react-dom\cjs\react-dom.development.js:20103:13)
    at beginWork (C:\Users\Admin\graceful_books\node_modules\react-dom\cjs\react-dom.development.js:21626:16)
    at HTMLUnknownElement.callCallback (C:\Users\Admin\graceful_books\node_modules\react-dom\cjs\react-dom.development.js:4164:14)
    at HTMLUnknownElement.callTheUserObjectsOperation (C:\Users\Admin\graceful_books\node_modules\jsdom\lib\jsdom\living\generated\EventListener.js:26:30)
    at innerInvokeEventListeners (C:\Users\Admin\graceful_books\node_modules\jsdom\lib\jsdom\living\events\EventTarget-impl.js:350:25)
Error: Uncaught [Error: useAuth must be used within an AuthProvider]
    at reportException (C:\Users\Admin\graceful_books\node_modules\jsdom\lib\jsdom\living\helpers\runtime-script-errors.js:66:24)
    at innerInvokeEventListeners (C:\Users\Admin\graceful_books\node_modules\jsdom\lib\jsdom\living\events\EventTarget-impl.js:353:9)
    at invokeEventListeners (C:\Users\Admin\graceful_books\node_modules\jsdom\lib\jsdom\living\events\EventTarget-impl.js:286:3)
    at HTMLUnknownElementImpl._dispatch (C:\Users\Admin\graceful_books\node_modules\jsdom\lib\jsdom\living\events\EventTarget-impl.js:233:9)
    at HTMLUnknownElementImpl.dispatchEvent (C:\Users\Admin\graceful_books\node_modules\jsdom\lib\jsdom\living\events\EventTarget-impl.js:104:17)
    at HTMLUnknownElement.dispatchEvent (C:\Users\Admin\graceful_books\node_modules\jsdom\lib\jsdom\living\generated\EventTarget.js:241:34)
    at Object.invokeGuardedCallbackDev (C:\Users\Admin\graceful_books\node_modules\react-dom\cjs\react-dom.development.js:4213:16)
    at invokeGuardedCallback (C:\Users\Admin\graceful_books\node_modules\react-dom\cjs\react-dom.development.js:4277:31)
    at beginWork$1 (C:\Users\Admin\graceful_books\node_modules\react-dom\cjs\react-dom.development.js:27490:7)
    at performUnitOfWork (C:\Users\Admin\graceful_books\node_modules\react-dom\cjs\react-dom.development.js:26599:12) Error: useAuth must be used within an AuthProvider
    at useAuth (C:/Users/Admin/graceful_books/src/contexts/AuthContext.tsx:120:11)
    at Module.useVendors (C:/Users/Admin/graceful_books/src/hooks/useVendors.ts:237:40)
    at C:/Users/Admin/graceful_books/src/hooks/useVendors.test.ts:174:43
    at TestComponent (C:\Users\Admin\graceful_books\node_modules\@testing-library\react\dist\pure.js:309:27)
    at renderWithHooks (C:\Users\Admin\graceful_books\node_modules\react-dom\cjs\react-dom.development.js:15486:18)
    at mountIndeterminateComponent (C:\Users\Admin\graceful_books\node_modules\react-dom\cjs\react-dom.development.js:20103:13)
    at beginWork (C:\Users\Admin\graceful_books\node_modules\react-dom\cjs\react-dom.development.js:21626:16)
    at HTMLUnknownElement.callCallback (C:\Users\Admin\graceful_books\node_modules\react-dom\cjs\react-dom.development.js:4164:14)
    at HTMLUnknownElement.callTheUserObjectsOperation (C:\Users\Admin\graceful_books\node_modules\jsdom\lib\jsdom\living\generated\EventListener.js:26:30)
    at innerInvokeEventListeners (C:\Users\Admin\graceful_books\node_modules\jsdom\lib\jsdom\living\events\EventTarget-impl.js:350:25)
Error: Uncaught [Error: useAuth must be used within an AuthProvider]
    at reportException (C:\Users\Admin\graceful_books\node_modules\jsdom\lib\jsdom\living\helpers\runtime-script-errors.js:66:24)
    at innerInvokeEventListeners (C:\Users\Admin\graceful_books\node_modules\jsdom\lib\jsdom\living\events\EventTarget-impl.js:353:9)
    at invokeEventListeners (C:\Users\Admin\graceful_books\node_modules\jsdom\lib\jsdom\living\events\EventTarget-impl.js:286:3)
    at HTMLUnknownElementImpl._dispatch (C:\Users\Admin\graceful_books\node_modules\jsdom\lib\jsdom\living\events\EventTarget-impl.js:233:9)
    at HTMLUnknownElementImpl.dispatchEvent (C:\Users\Admin\graceful_books\node_modules\jsdom\lib\jsdom\living\events\EventTarget-impl.js:104:17)
    at HTMLUnknownElement.dispatchEvent (C:\Users\Admin\graceful_books\node_modules\jsdom\lib\jsdom\living\generated\EventTarget.js:241:34)
    at Object.invokeGuardedCallbackDev (C:\Users\Admin\graceful_books\node_modules\react-dom\cjs\react-dom.development.js:4213:16)
    at invokeGuardedCallback (C:\Users\Admin\graceful_books\node_modules\react-dom\cjs\react-dom.development.js:4277:31)
    at beginWork$1 (C:\Users\Admin\graceful_books\node_modules\react-dom\cjs\react-dom.development.js:27490:7)
    at performUnitOfWork (C:\Users\Admin\graceful_books\node_modules\react-dom\cjs\react-dom.development.js:26599:12) Error: useAuth must be used within an AuthProvider
    at useAuth (C:/Users/Admin/graceful_books/src/contexts/AuthContext.tsx:120:11)
    at Module.useVendors (C:/Users/Admin/graceful_books/src/hooks/useVendors.ts:237:40)
    at C:/Users/Admin/graceful_books/src/hooks/useVendors.test.ts:174:43
    at TestComponent (C:\Users\Admin\graceful_books\node_modules\@testing-library\react\dist\pure.js:309:27)
    at renderWithHooks (C:\Users\Admin\graceful_books\node_modules\react-dom\cjs\react-dom.development.js:15486:18)
    at mountIndeterminateComponent (C:\Users\Admin\graceful_books\node_modules\react-dom\cjs\react-dom.development.js:20103:13)
    at beginWork (C:\Users\Admin\graceful_books\node_modules\react-dom\cjs\react-dom.development.js:21626:16)
    at HTMLUnknownElement.callCallback (C:\Users\Admin\graceful_books\node_modules\react-dom\cjs\react-dom.development.js:4164:14)
    at HTMLUnknownElement.callTheUserObjectsOperation (C:\Users\Admin\graceful_books\node_modules\jsdom\lib\jsdom\living\generated\EventListener.js:26:30)
    at innerInvokeEventListeners (C:\Users\Admin\graceful_books\node_modules\jsdom\lib\jsdom\living\events\EventTarget-impl.js:350:25)
Error: Uncaught [Error: useAuth must be used within an AuthProvider]
    at reportException (C:\Users\Admin\graceful_books\node_modules\jsdom\lib\jsdom\living\helpers\runtime-script-errors.js:66:24)
    at innerInvokeEventListeners (C:\Users\Admin\graceful_books\node_modules\jsdom\lib\jsdom\living\events\EventTarget-impl.js:353:9)
    at invokeEventListeners (C:\Users\Admin\graceful_books\node_modules\jsdom\lib\jsdom\living\events\EventTarget-impl.js:286:3)
    at HTMLUnknownElementImpl._dispatch (C:\Users\Admin\graceful_books\node_modules\jsdom\lib\jsdom\living\events\EventTarget-impl.js:233:9)
    at HTMLUnknownElementImpl.dispatchEvent (C:\Users\Admin\graceful_books\node_modules\jsdom\lib\jsdom\living\events\EventTarget-impl.js:104:17)
    at HTMLUnknownElement.dispatchEvent (C:\Users\Admin\graceful_books\node_modules\jsdom\lib\jsdom\living\generated\EventTarget.js:241:34)
    at Object.invokeGuardedCallbackDev (C:\Users\Admin\graceful_books\node_modules\react-dom\cjs\react-dom.development.js:4213:16)
    at invokeGuardedCallback (C:\Users\Admin\graceful_books\node_modules\react-dom\cjs\react-dom.development.js:4277:31)
    at beginWork$1 (C:\Users\Admin\graceful_books\node_modules\react-dom\cjs\react-dom.development.js:27490:7)
    at performUnitOfWork (C:\Users\Admin\graceful_books\node_modules\react-dom\cjs\react-dom.development.js:26599:12) Error: useAuth must be used within an AuthProvider
    at useAuth (C:/Users/Admin/graceful_books/src/contexts/AuthContext.tsx:120:11)
    at Module.useVendors (C:/Users/Admin/graceful_books/src/hooks/useVendors.ts:237:40)
    at C:/Users/Admin/graceful_books/src/hooks/useVendors.test.ts:188:43
    at TestComponent (C:\Users\Admin\graceful_books\node_modules\@testing-library\react\dist\pure.js:309:27)
    at renderWithHooks (C:\Users\Admin\graceful_books\node_modules\react-dom\cjs\react-dom.development.js:15486:18)
    at mountIndeterminateComponent (C:\Users\Admin\graceful_books\node_modules\react-dom\cjs\react-dom.development.js:20103:13)
    at beginWork (C:\Users\Admin\graceful_books\node_modules\react-dom\cjs\react-dom.development.js:21626:16)
    at HTMLUnknownElement.callCallback (C:\Users\Admin\graceful_books\node_modules\react-dom\cjs\react-dom.development.js:4164:14)
    at HTMLUnknownElement.callTheUserObjectsOperation (C:\Users\Admin\graceful_books\node_modules\jsdom\lib\jsdom\living\generated\EventListener.js:26:30)
    at innerInvokeEventListeners (C:\Users\Admin\graceful_books\node_modules\jsdom\lib\jsdom\living\events\EventTarget-impl.js:350:25)
Error: Uncaught [Error: useAuth must be used within an AuthProvider]
    at reportException (C:\Users\Admin\graceful_books\node_modules\jsdom\lib\jsdom\living\helpers\runtime-script-errors.js:66:24)
    at innerInvokeEventListeners (C:\Users\Admin\graceful_books\node_modules\jsdom\lib\jsdom\living\events\EventTarget-impl.js:353:9)
    at invokeEventListeners (C:\Users\Admin\graceful_books\node_modules\jsdom\lib\jsdom\living\events\EventTarget-impl.js:286:3)
    at HTMLUnknownElementImpl._dispatch (C:\Users\Admin\graceful_books\node_modules\jsdom\lib\jsdom\living\events\EventTarget-impl.js:233:9)
    at HTMLUnknownElementImpl.dispatchEvent (C:\Users\Admin\graceful_books\node_modules\jsdom\lib\jsdom\living\events\EventTarget-impl.js:104:17)
    at HTMLUnknownElement.dispatchEvent (C:\Users\Admin\graceful_books\node_modules\jsdom\lib\jsdom\living\generated\EventTarget.js:241:34)
    at Object.invokeGuardedCallbackDev (C:\Users\Admin\graceful_books\node_modules\react-dom\cjs\react-dom.development.js:4213:16)
    at invokeGuardedCallback (C:\Users\Admin\graceful_books\node_modules\react-dom\cjs\react-dom.development.js:4277:31)
    at beginWork$1 (C:\Users\Admin\graceful_books\node_modules\react-dom\cjs\react-dom.development.js:27490:7)
    at performUnitOfWork (C:\Users\Admin\graceful_books\node_modules\react-dom\cjs\react-dom.development.js:26599:12) Error: useAuth must be used within an AuthProvider
    at useAuth (C:/Users/Admin/graceful_books/src/contexts/AuthContext.tsx:120:11)
    at Module.useVendors (C:/Users/Admin/graceful_books/src/hooks/useVendors.ts:237:40)
    at C:/Users/Admin/graceful_books/src/hooks/useVendors.test.ts:188:43
    at TestComponent (C:\Users\Admin\graceful_books\node_modules\@testing-library\react\dist\pure.js:309:27)
    at renderWithHooks (C:\Users\Admin\graceful_books\node_modules\react-dom\cjs\react-dom.development.js:15486:18)
    at mountIndeterminateComponent (C:\Users\Admin\graceful_books\node_modules\react-dom\cjs\react-dom.development.js:20103:13)
    at beginWork (C:\Users\Admin\graceful_books\node_modules\react-dom\cjs\react-dom.development.js:21626:16)
    at HTMLUnknownElement.callCallback (C:\Users\Admin\graceful_books\node_modules\react-dom\cjs\react-dom.development.js:4164:14)
    at HTMLUnknownElement.callTheUserObjectsOperation (C:\Users\Admin\graceful_books\node_modules\jsdom\lib\jsdom\living\generated\EventListener.js:26:30)
    at innerInvokeEventListeners (C:\Users\Admin\graceful_books\node_modules\jsdom\lib\jsdom\living\events\EventTarget-impl.js:350:25)
Error: Uncaught [Error: useAuth must be used within an AuthProvider]
    at reportException (C:\Users\Admin\graceful_books\node_modules\jsdom\lib\jsdom\living\helpers\runtime-script-errors.js:66:24)
    at innerInvokeEventListeners (C:\Users\Admin\graceful_books\node_modules\jsdom\lib\jsdom\living\events\EventTarget-impl.js:353:9)
    at invokeEventListeners (C:\Users\Admin\graceful_books\node_modules\jsdom\lib\jsdom\living\events\EventTarget-impl.js:286:3)
    at HTMLUnknownElementImpl._dispatch (C:\Users\Admin\graceful_books\node_modules\jsdom\lib\jsdom\living\events\EventTarget-impl.js:233:9)
    at HTMLUnknownElementImpl.dispatchEvent (C:\Users\Admin\graceful_books\node_modules\jsdom\lib\jsdom\living\events\EventTarget-impl.js:104:17)
    at HTMLUnknownElement.dispatchEvent (C:\Users\Admin\graceful_books\node_modules\jsdom\lib\jsdom\living\generated\EventTarget.js:241:34)
    at Object.invokeGuardedCallbackDev (C:\Users\Admin\graceful_books\node_modules\react-dom\cjs\react-dom.development.js:4213:16)
    at invokeGuardedCallback (C:\Users\Admin\graceful_books\node_modules\react-dom\cjs\react-dom.development.js:4277:31)
    at beginWork$1 (C:\Users\Admin\graceful_books\node_modules\react-dom\cjs\react-dom.development.js:27490:7)
    at performUnitOfWork (C:\Users\Admin\graceful_books\node_modules\react-dom\cjs\react-dom.development.js:26599:12) Error: useAuth must be used within an AuthProvider
    at useAuth (C:/Users/Admin/graceful_books/src/contexts/AuthContext.tsx:120:11)
    at Module.useVendors (C:/Users/Admin/graceful_books/src/hooks/useVendors.ts:237:40)
    at C:/Users/Admin/graceful_books/src/hooks/useVendors.test.ts:204:43
    at TestComponent (C:\Users\Admin\graceful_books\node_modules\@testing-library\react\dist\pure.js:309:27)
    at renderWithHooks (C:\Users\Admin\graceful_books\node_modules\react-dom\cjs\react-dom.development.js:15486:18)
    at mountIndeterminateComponent (C:\Users\Admin\graceful_books\node_modules\react-dom\cjs\react-dom.development.js:20103:13)
    at beginWork (C:\Users\Admin\graceful_books\node_modules\react-dom\cjs\react-dom.development.js:21626:16)
    at HTMLUnknownElement.callCallback (C:\Users\Admin\graceful_books\node_modules\react-dom\cjs\react-dom.development.js:4164:14)
    at HTMLUnknownElement.callTheUserObjectsOperation (C:\Users\Admin\graceful_books\node_modules\jsdom\lib\jsdom\living\generated\EventListener.js:26:30)
    at innerInvokeEventListeners (C:\Users\Admin\graceful_books\node_modules\jsdom\lib\jsdom\living\events\EventTarget-impl.js:350:25)
Error: Uncaught [Error: useAuth must be used within an AuthProvider]
    at reportException (C:\Users\Admin\graceful_books\node_modules\jsdom\lib\jsdom\living\helpers\runtime-script-errors.js:66:24)
    at innerInvokeEventListeners (C:\Users\Admin\graceful_books\node_modules\jsdom\lib\jsdom\living\events\EventTarget-impl.js:353:9)
    at invokeEventListeners (C:\Users\Admin\graceful_books\node_modules\jsdom\lib\jsdom\living\events\EventTarget-impl.js:286:3)
    at HTMLUnknownElementImpl._dispatch (C:\Users\Admin\graceful_books\node_modules\jsdom\lib\jsdom\living\events\EventTarget-impl.js:233:9)
    at HTMLUnknownElementImpl.dispatchEvent (C:\Users\Admin\graceful_books\node_modules\jsdom\lib\jsdom\living\events\EventTarget-impl.js:104:17)
    at HTMLUnknownElement.dispatchEvent (C:\Users\Admin\graceful_books\node_modules\jsdom\lib\jsdom\living\generated\EventTarget.js:241:34)
    at Object.invokeGuardedCallbackDev (C:\Users\Admin\graceful_books\node_modules\react-dom\cjs\react-dom.development.js:4213:16)
    at invokeGuardedCallback (C:\Users\Admin\graceful_books\node_modules\react-dom\cjs\react-dom.development.js:4277:31)
    at beginWork$1 (C:\Users\Admin\graceful_books\node_modules\react-dom\cjs\react-dom.development.js:27490:7)
    at performUnitOfWork (C:\Users\Admin\graceful_books\node_modules\react-dom\cjs\react-dom.development.js:26599:12) Error: useAuth must be used within an AuthProvider
    at useAuth (C:/Users/Admin/graceful_books/src/contexts/AuthContext.tsx:120:11)
    at Module.useVendors (C:/Users/Admin/graceful_books/src/hooks/useVendors.ts:237:40)
    at C:/Users/Admin/graceful_books/src/hooks/useVendors.test.ts:204:43
    at TestComponent (C:\Users\Admin\graceful_books\node_modules\@testing-library\react\dist\pure.js:309:27)
    at renderWithHooks (C:\Users\Admin\graceful_books\node_modules\react-dom\cjs\react-dom.development.js:15486:18)
    at mountIndeterminateComponent (C:\Users\Admin\graceful_books\node_modules\react-dom\cjs\react-dom.development.js:20103:13)
    at beginWork (C:\Users\Admin\graceful_books\node_modules\react-dom\cjs\react-dom.development.js:21626:16)
    at HTMLUnknownElement.callCallback (C:\Users\Admin\graceful_books\node_modules\react-dom\cjs\react-dom.development.js:4164:14)
    at HTMLUnknownElement.callTheUserObjectsOperation (C:\Users\Admin\graceful_books\node_modules\jsdom\lib\jsdom\living\generated\EventListener.js:26:30)
    at innerInvokeEventListeners (C:\Users\Admin\graceful_books\node_modules\jsdom\lib\jsdom\living\events\EventTarget-impl.js:350:25)
Error: Uncaught [Error: useAuth must be used within an AuthProvider]
    at reportException (C:\Users\Admin\graceful_books\node_modules\jsdom\lib\jsdom\living\helpers\runtime-script-errors.js:66:24)
    at innerInvokeEventListeners (C:\Users\Admin\graceful_books\node_modules\jsdom\lib\jsdom\living\events\EventTarget-impl.js:353:9)
    at invokeEventListeners (C:\Users\Admin\graceful_books\node_modules\jsdom\lib\jsdom\living\events\EventTarget-impl.js:286:3)
    at HTMLUnknownElementImpl._dispatch (C:\Users\Admin\graceful_books\node_modules\jsdom\lib\jsdom\living\events\EventTarget-impl.js:233:9)
    at HTMLUnknownElementImpl.dispatchEvent (C:\Users\Admin\graceful_books\node_modules\jsdom\lib\jsdom\living\events\EventTarget-impl.js:104:17)
    at HTMLUnknownElement.dispatchEvent (C:\Users\Admin\graceful_books\node_modules\jsdom\lib\jsdom\living\generated\EventTarget.js:241:34)
    at Object.invokeGuardedCallbackDev (C:\Users\Admin\graceful_books\node_modules\react-dom\cjs\react-dom.development.js:4213:16)
    at invokeGuardedCallback (C:\Users\Admin\graceful_books\node_modules\react-dom\cjs\react-dom.development.js:4277:31)
    at beginWork$1 (C:\Users\Admin\graceful_books\node_modules\react-dom\cjs\react-dom.development.js:27490:7)
    at performUnitOfWork (C:\Users\Admin\graceful_books\node_modules\react-dom\cjs\react-dom.development.js:26599:12) Error: useAuth must be used within an AuthProvider
    at useAuth (C:/Users/Admin/graceful_books/src/contexts/AuthContext.tsx:120:11)
    at Module.useVendors (C:/Users/Admin/graceful_books/src/hooks/useVendors.ts:237:40)
    at C:/Users/Admin/graceful_books/src/hooks/useVendors.test.ts:225:43
    at TestComponent (C:\Users\Admin\graceful_books\node_modules\@testing-library\react\dist\pure.js:309:27)
    at renderWithHooks (C:\Users\Admin\graceful_books\node_modules\react-dom\cjs\react-dom.development.js:15486:18)
    at mountIndeterminateComponent (C:\Users\Admin\graceful_books\node_modules\react-dom\cjs\react-dom.development.js:20103:13)
    at beginWork (C:\Users\Admin\graceful_books\node_modules\react-dom\cjs\react-dom.development.js:21626:16)
    at HTMLUnknownElement.callCallback (C:\Users\Admin\graceful_books\node_modules\react-dom\cjs\react-dom.development.js:4164:14)
    at HTMLUnknownElement.callTheUserObjectsOperation (C:\Users\Admin\graceful_books\node_modules\jsdom\lib\jsdom\living\generated\EventListener.js:26:30)
    at innerInvokeEventListeners (C:\Users\Admin\graceful_books\node_modules\jsdom\lib\jsdom\living\events\EventTarget-impl.js:350:25)
Error: Uncaught [Error: useAuth must be used within an AuthProvider]
    at reportException (C:\Users\Admin\graceful_books\node_modules\jsdom\lib\jsdom\living\helpers\runtime-script-errors.js:66:24)
    at innerInvokeEventListeners (C:\Users\Admin\graceful_books\node_modules\jsdom\lib\jsdom\living\events\EventTarget-impl.js:353:9)
    at invokeEventListeners (C:\Users\Admin\graceful_books\node_modules\jsdom\lib\jsdom\living\events\EventTarget-impl.js:286:3)
    at HTMLUnknownElementImpl._dispatch (C:\Users\Admin\graceful_books\node_modules\jsdom\lib\jsdom\living\events\EventTarget-impl.js:233:9)
    at HTMLUnknownElementImpl.dispatchEvent (C:\Users\Admin\graceful_books\node_modules\jsdom\lib\jsdom\living\events\EventTarget-impl.js:104:17)
    at HTMLUnknownElement.dispatchEvent (C:\Users\Admin\graceful_books\node_modules\jsdom\lib\jsdom\living\generated\EventTarget.js:241:34)
    at Object.invokeGuardedCallbackDev (C:\Users\Admin\graceful_books\node_modules\react-dom\cjs\react-dom.development.js:4213:16)
    at invokeGuardedCallback (C:\Users\Admin\graceful_books\node_modules\react-dom\cjs\react-dom.development.js:4277:31)
    at beginWork$1 (C:\Users\Admin\graceful_books\node_modules\react-dom\cjs\react-dom.development.js:27490:7)
    at performUnitOfWork (C:\Users\Admin\graceful_books\node_modules\react-dom\cjs\react-dom.development.js:26599:12) Error: useAuth must be used within an AuthProvider
    at useAuth (C:/Users/Admin/graceful_books/src/contexts/AuthContext.tsx:120:11)
    at Module.useVendors (C:/Users/Admin/graceful_books/src/hooks/useVendors.ts:237:40)
    at C:/Users/Admin/graceful_books/src/hooks/useVendors.test.ts:225:43
    at TestComponent (C:\Users\Admin\graceful_books\node_modules\@testing-library\react\dist\pure.js:309:27)
    at renderWithHooks (C:\Users\Admin\graceful_books\node_modules\react-dom\cjs\react-dom.development.js:15486:18)
    at mountIndeterminateComponent (C:\Users\Admin\graceful_books\node_modules\react-dom\cjs\react-dom.development.js:20103:13)
    at beginWork (C:\Users\Admin\graceful_books\node_modules\react-dom\cjs\react-dom.development.js:21626:16)
    at HTMLUnknownElement.callCallback (C:\Users\Admin\graceful_books\node_modules\react-dom\cjs\react-dom.development.js:4164:14)
    at HTMLUnknownElement.callTheUserObjectsOperation (C:\Users\Admin\graceful_books\node_modules\jsdom\lib\jsdom\living\generated\EventListener.js:26:30)
    at innerInvokeEventListeners (C:\Users\Admin\graceful_books\node_modules\jsdom\lib\jsdom\living\events\EventTarget-impl.js:350:25)
Error: Uncaught [Error: useAuth must be used within an AuthProvider]
    at reportException (C:\Users\Admin\graceful_books\node_modules\jsdom\lib\jsdom\living\helpers\runtime-script-errors.js:66:24)
    at innerInvokeEventListeners (C:\Users\Admin\graceful_books\node_modules\jsdom\lib\jsdom\living\events\EventTarget-impl.js:353:9)
    at invokeEventListeners (C:\Users\Admin\graceful_books\node_modules\jsdom\lib\jsdom\living\events\EventTarget-impl.js:286:3)
    at HTMLUnknownElementImpl._dispatch (C:\Users\Admin\graceful_books\node_modules\jsdom\lib\jsdom\living\events\EventTarget-impl.js:233:9)
    at HTMLUnknownElementImpl.dispatchEvent (C:\Users\Admin\graceful_books\node_modules\jsdom\lib\jsdom\living\events\EventTarget-impl.js:104:17)
    at HTMLUnknownElement.dispatchEvent (C:\Users\Admin\graceful_books\node_modules\jsdom\lib\jsdom\living\generated\EventTarget.js:241:34)
    at Object.invokeGuardedCallbackDev (C:\Users\Admin\graceful_books\node_modules\react-dom\cjs\react-dom.development.js:4213:16)
    at invokeGuardedCallback (C:\Users\Admin\graceful_books\node_modules\react-dom\cjs\react-dom.development.js:4277:31)
    at beginWork$1 (C:\Users\Admin\graceful_books\node_modules\react-dom\cjs\react-dom.development.js:27490:7)
    at performUnitOfWork (C:\Users\Admin\graceful_books\node_modules\react-dom\cjs\react-dom.development.js:26599:12) Error: useAuth must be used within an AuthProvider
    at useAuth (C:/Users/Admin/graceful_books/src/contexts/AuthContext.tsx:120:11)
    at Module.useVendors (C:/Users/Admin/graceful_books/src/hooks/useVendors.ts:237:40)
    at C:/Users/Admin/graceful_books/src/hooks/useVendors.test.ts:251:43
    at TestComponent (C:\Users\Admin\graceful_books\node_modules\@testing-library\react\dist\pure.js:309:27)
    at renderWithHooks (C:\Users\Admin\graceful_books\node_modules\react-dom\cjs\react-dom.development.js:15486:18)
    at mountIndeterminateComponent (C:\Users\Admin\graceful_books\node_modules\react-dom\cjs\react-dom.development.js:20103:13)
    at beginWork (C:\Users\Admin\graceful_books\node_modules\react-dom\cjs\react-dom.development.js:21626:16)
    at HTMLUnknownElement.callCallback (C:\Users\Admin\graceful_books\node_modules\react-dom\cjs\react-dom.development.js:4164:14)
    at HTMLUnknownElement.callTheUserObjectsOperation (C:\Users\Admin\graceful_books\node_modules\jsdom\lib\jsdom\living\generated\EventListener.js:26:30)
    at innerInvokeEventListeners (C:\Users\Admin\graceful_books\node_modules\jsdom\lib\jsdom\living\events\EventTarget-impl.js:350:25)
Error: Uncaught [Error: useAuth must be used within an AuthProvider]
    at reportException (C:\Users\Admin\graceful_books\node_modules\jsdom\lib\jsdom\living\helpers\runtime-script-errors.js:66:24)
    at innerInvokeEventListeners (C:\Users\Admin\graceful_books\node_modules\jsdom\lib\jsdom\living\events\EventTarget-impl.js:353:9)
    at invokeEventListeners (C:\Users\Admin\graceful_books\node_modules\jsdom\lib\jsdom\living\events\EventTarget-impl.js:286:3)
    at HTMLUnknownElementImpl._dispatch (C:\Users\Admin\graceful_books\node_modules\jsdom\lib\jsdom\living\events\EventTarget-impl.js:233:9)
    at HTMLUnknownElementImpl.dispatchEvent (C:\Users\Admin\graceful_books\node_modules\jsdom\lib\jsdom\living\events\EventTarget-impl.js:104:17)
    at HTMLUnknownElement.dispatchEvent (C:\Users\Admin\graceful_books\node_modules\jsdom\lib\jsdom\living\generated\EventTarget.js:241:34)
    at Object.invokeGuardedCallbackDev (C:\Users\Admin\graceful_books\node_modules\react-dom\cjs\react-dom.development.js:4213:16)
    at invokeGuardedCallback (C:\Users\Admin\graceful_books\node_modules\react-dom\cjs\react-dom.development.js:4277:31)
    at beginWork$1 (C:\Users\Admin\graceful_books\node_modules\react-dom\cjs\react-dom.development.js:27490:7)
    at performUnitOfWork (C:\Users\Admin\graceful_books\node_modules\react-dom\cjs\react-dom.development.js:26599:12) Error: useAuth must be used within an AuthProvider
    at useAuth (C:/Users/Admin/graceful_books/src/contexts/AuthContext.tsx:120:11)
    at Module.useVendors (C:/Users/Admin/graceful_books/src/hooks/useVendors.ts:237:40)
    at C:/Users/Admin/graceful_books/src/hooks/useVendors.test.ts:251:43
    at TestComponent (C:\Users\Admin\graceful_books\node_modules\@testing-library\react\dist\pure.js:309:27)
    at renderWithHooks (C:\Users\Admin\graceful_books\node_modules\react-dom\cjs\react-dom.development.js:15486:18)
    at mountIndeterminateComponent (C:\Users\Admin\graceful_books\node_modules\react-dom\cjs\react-dom.development.js:20103:13)
    at beginWork (C:\Users\Admin\graceful_books\node_modules\react-dom\cjs\react-dom.development.js:21626:16)
    at HTMLUnknownElement.callCallback (C:\Users\Admin\graceful_books\node_modules\react-dom\cjs\react-dom.development.js:4164:14)
    at HTMLUnknownElement.callTheUserObjectsOperation (C:\Users\Admin\graceful_books\node_modules\jsdom\lib\jsdom\living\generated\EventListener.js:26:30)
    at innerInvokeEventListeners (C:\Users\Admin\graceful_books\node_modules\jsdom\lib\jsdom\living\events\EventTarget-impl.js:350:25)
Error: Uncaught [Error: useAuth must be used within an AuthProvider]
    at reportException (C:\Users\Admin\graceful_books\node_modules\jsdom\lib\jsdom\living\helpers\runtime-script-errors.js:66:24)
    at innerInvokeEventListeners (C:\Users\Admin\graceful_books\node_modules\jsdom\lib\jsdom\living\events\EventTarget-impl.js:353:9)
    at invokeEventListeners (C:\Users\Admin\graceful_books\node_modules\jsdom\lib\jsdom\living\events\EventTarget-impl.js:286:3)
    at HTMLUnknownElementImpl._dispatch (C:\Users\Admin\graceful_books\node_modules\jsdom\lib\jsdom\living\events\EventTarget-impl.js:233:9)
    at HTMLUnknownElementImpl.dispatchEvent (C:\Users\Admin\graceful_books\node_modules\jsdom\lib\jsdom\living\events\EventTarget-impl.js:104:17)
    at HTMLUnknownElement.dispatchEvent (C:\Users\Admin\graceful_books\node_modules\jsdom\lib\jsdom\living\generated\EventTarget.js:241:34)
    at Object.invokeGuardedCallbackDev (C:\Users\Admin\graceful_books\node_modules\react-dom\cjs\react-dom.development.js:4213:16)
    at invokeGuardedCallback (C:\Users\Admin\graceful_books\node_modules\react-dom\cjs\react-dom.development.js:4277:31)
    at beginWork$1 (C:\Users\Admin\graceful_books\node_modules\react-dom\cjs\react-dom.development.js:27490:7)
    at performUnitOfWork (C:\Users\Admin\graceful_books\node_modules\react-dom\cjs\react-dom.development.js:26599:12) Error: useAuth must be used within an AuthProvider
    at useAuth (C:/Users/Admin/graceful_books/src/contexts/AuthContext.tsx:120:11)
    at Module.useVendors (C:/Users/Admin/graceful_books/src/hooks/useVendors.ts:237:40)
    at C:/Users/Admin/graceful_books/src/hooks/useVendors.test.ts:264:43
    at TestComponent (C:\Users\Admin\graceful_books\node_modules\@testing-library\react\dist\pure.js:309:27)
    at renderWithHooks (C:\Users\Admin\graceful_books\node_modules\react-dom\cjs\react-dom.development.js:15486:18)
    at mountIndeterminateComponent (C:\Users\Admin\graceful_books\node_modules\react-dom\cjs\react-dom.development.js:20103:13)
    at beginWork (C:\Users\Admin\graceful_books\node_modules\react-dom\cjs\react-dom.development.js:21626:16)
    at HTMLUnknownElement.callCallback (C:\Users\Admin\graceful_books\node_modules\react-dom\cjs\react-dom.development.js:4164:14)
    at HTMLUnknownElement.callTheUserObjectsOperation (C:\Users\Admin\graceful_books\node_modules\jsdom\lib\jsdom\living\generated\EventListener.js:26:30)
    at innerInvokeEventListeners (C:\Users\Admin\graceful_books\node_modules\jsdom\lib\jsdom\living\events\EventTarget-impl.js:350:25)
Error: Uncaught [Error: useAuth must be used within an AuthProvider]
    at reportException (C:\Users\Admin\graceful_books\node_modules\jsdom\lib\jsdom\living\helpers\runtime-script-errors.js:66:24)
    at innerInvokeEventListeners (C:\Users\Admin\graceful_books\node_modules\jsdom\lib\jsdom\living\events\EventTarget-impl.js:353:9)
    at invokeEventListeners (C:\Users\Admin\graceful_books\node_modules\jsdom\lib\jsdom\living\events\EventTarget-impl.js:286:3)
    at HTMLUnknownElementImpl._dispatch (C:\Users\Admin\graceful_books\node_modules\jsdom\lib\jsdom\living\events\EventTarget-impl.js:233:9)
    at HTMLUnknownElementImpl.dispatchEvent (C:\Users\Admin\graceful_books\node_modules\jsdom\lib\jsdom\living\events\EventTarget-impl.js:104:17)
    at HTMLUnknownElement.dispatchEvent (C:\Users\Admin\graceful_books\node_modules\jsdom\lib\jsdom\living\generated\EventTarget.js:241:34)
    at Object.invokeGuardedCallbackDev (C:\Users\Admin\graceful_books\node_modules\react-dom\cjs\react-dom.development.js:4213:16)
    at invokeGuardedCallback (C:\Users\Admin\graceful_books\node_modules\react-dom\cjs\react-dom.development.js:4277:31)
    at beginWork$1 (C:\Users\Admin\graceful_books\node_modules\react-dom\cjs\react-dom.development.js:27490:7)
    at performUnitOfWork (C:\Users\Admin\graceful_books\node_modules\react-dom\cjs\react-dom.development.js:26599:12) Error: useAuth must be used within an AuthProvider
    at useAuth (C:/Users/Admin/graceful_books/src/contexts/AuthContext.tsx:120:11)
    at Module.useVendors (C:/Users/Admin/graceful_books/src/hooks/useVendors.ts:237:40)
    at C:/Users/Admin/graceful_books/src/hooks/useVendors.test.ts:264:43
    at TestComponent (C:\Users\Admin\graceful_books\node_modules\@testing-library\react\dist\pure.js:309:27)
    at renderWithHooks (C:\Users\Admin\graceful_books\node_modules\react-dom\cjs\react-dom.development.js:15486:18)
    at mountIndeterminateComponent (C:\Users\Admin\graceful_books\node_modules\react-dom\cjs\react-dom.development.js:20103:13)
    at beginWork (C:\Users\Admin\graceful_books\node_modules\react-dom\cjs\react-dom.development.js:21626:16)
    at HTMLUnknownElement.callCallback (C:\Users\Admin\graceful_books\node_modules\react-dom\cjs\react-dom.development.js:4164:14)
    at HTMLUnknownElement.callTheUserObjectsOperation (C:\Users\Admin\graceful_books\node_modules\jsdom\lib\jsdom\living\generated\EventListener.js:26:30)
    at innerInvokeEventListeners (C:\Users\Admin\graceful_books\node_modules\jsdom\lib\jsdom\living\events\EventTarget-impl.js:350:25)
Error: Uncaught [Error: useAuth must be used within an AuthProvider]
    at reportException (C:\Users\Admin\graceful_books\node_modules\jsdom\lib\jsdom\living\helpers\runtime-script-errors.js:66:24)
    at innerInvokeEventListeners (C:\Users\Admin\graceful_books\node_modules\jsdom\lib\jsdom\living\events\EventTarget-impl.js:353:9)
    at invokeEventListeners (C:\Users\Admin\graceful_books\node_modules\jsdom\lib\jsdom\living\events\EventTarget-impl.js:286:3)
    at HTMLUnknownElementImpl._dispatch (C:\Users\Admin\graceful_books\node_modules\jsdom\lib\jsdom\living\events\EventTarget-impl.js:233:9)
    at HTMLUnknownElementImpl.dispatchEvent (C:\Users\Admin\graceful_books\node_modules\jsdom\lib\jsdom\living\events\EventTarget-impl.js:104:17)
    at HTMLUnknownElement.dispatchEvent (C:\Users\Admin\graceful_books\node_modules\jsdom\lib\jsdom\living\generated\EventTarget.js:241:34)
    at Object.invokeGuardedCallbackDev (C:\Users\Admin\graceful_books\node_modules\react-dom\cjs\react-dom.development.js:4213:16)
    at invokeGuardedCallback (C:\Users\Admin\graceful_books\node_modules\react-dom\cjs\react-dom.development.js:4277:31)
    at beginWork$1 (C:\Users\Admin\graceful_books\node_modules\react-dom\cjs\react-dom.development.js:27490:7)
    at performUnitOfWork (C:\Users\Admin\graceful_books\node_modules\react-dom\cjs\react-dom.development.js:26599:12) Error: useAuth must be used within an AuthProvider
    at useAuth (C:/Users/Admin/graceful_books/src/contexts/AuthContext.tsx:120:11)
    at Module.useVendors (C:/Users/Admin/graceful_books/src/hooks/useVendors.ts:237:40)
    at C:/Users/Admin/graceful_books/src/hooks/useVendors.test.ts:277:43
    at TestComponent (C:\Users\Admin\graceful_books\node_modules\@testing-library\react\dist\pure.js:309:27)
    at renderWithHooks (C:\Users\Admin\graceful_books\node_modules\react-dom\cjs\react-dom.development.js:15486:18)
    at mountIndeterminateComponent (C:\Users\Admin\graceful_books\node_modules\react-dom\cjs\react-dom.development.js:20103:13)
    at beginWork (C:\Users\Admin\graceful_books\node_modules\react-dom\cjs\react-dom.development.js:21626:16)
    at HTMLUnknownElement.callCallback (C:\Users\Admin\graceful_books\node_modules\react-dom\cjs\react-dom.development.js:4164:14)
    at HTMLUnknownElement.callTheUserObjectsOperation (C:\Users\Admin\graceful_books\node_modules\jsdom\lib\jsdom\living\generated\EventListener.js:26:30)
    at innerInvokeEventListeners (C:\Users\Admin\graceful_books\node_modules\jsdom\lib\jsdom\living\events\EventTarget-impl.js:350:25)
Error: Uncaught [Error: useAuth must be used within an AuthProvider]
    at reportException (C:\Users\Admin\graceful_books\node_modules\jsdom\lib\jsdom\living\helpers\runtime-script-errors.js:66:24)
    at innerInvokeEventListeners (C:\Users\Admin\graceful_books\node_modules\jsdom\lib\jsdom\living\events\EventTarget-impl.js:353:9)
    at invokeEventListeners (C:\Users\Admin\graceful_books\node_modules\jsdom\lib\jsdom\living\events\EventTarget-impl.js:286:3)
    at HTMLUnknownElementImpl._dispatch (C:\Users\Admin\graceful_books\node_modules\jsdom\lib\jsdom\living\events\EventTarget-impl.js:233:9)
    at HTMLUnknownElementImpl.dispatchEvent (C:\Users\Admin\graceful_books\node_modules\jsdom\lib\jsdom\living\events\EventTarget-impl.js:104:17)
    at HTMLUnknownElement.dispatchEvent (C:\Users\Admin\graceful_books\node_modules\jsdom\lib\jsdom\living\generated\EventTarget.js:241:34)
    at Object.invokeGuardedCallbackDev (C:\Users\Admin\graceful_books\node_modules\react-dom\cjs\react-dom.development.js:4213:16)
    at invokeGuardedCallback (C:\Users\Admin\graceful_books\node_modules\react-dom\cjs\react-dom.development.js:4277:31)
    at beginWork$1 (C:\Users\Admin\graceful_books\node_modules\react-dom\cjs\react-dom.development.js:27490:7)
    at performUnitOfWork (C:\Users\Admin\graceful_books\node_modules\react-dom\cjs\react-dom.development.js:26599:12) Error: useAuth must be used within an AuthProvider
    at useAuth (C:/Users/Admin/graceful_books/src/contexts/AuthContext.tsx:120:11)
    at Module.useVendors (C:/Users/Admin/graceful_books/src/hooks/useVendors.ts:237:40)
    at C:/Users/Admin/graceful_books/src/hooks/useVendors.test.ts:277:43
    at TestComponent (C:\Users\Admin\graceful_books\node_modules\@testing-library\react\dist\pure.js:309:27)
    at renderWithHooks (C:\Users\Admin\graceful_books\node_modules\react-dom\cjs\react-dom.development.js:15486:18)
    at mountIndeterminateComponent (C:\Users\Admin\graceful_books\node_modules\react-dom\cjs\react-dom.development.js:20103:13)
    at beginWork (C:\Users\Admin\graceful_books\node_modules\react-dom\cjs\react-dom.development.js:21626:16)
    at HTMLUnknownElement.callCallback (C:\Users\Admin\graceful_books\node_modules\react-dom\cjs\react-dom.development.js:4164:14)
    at HTMLUnknownElement.callTheUserObjectsOperation (C:\Users\Admin\graceful_books\node_modules\jsdom\lib\jsdom\living\generated\EventListener.js:26:30)
    at innerInvokeEventListeners (C:\Users\Admin\graceful_books\node_modules\jsdom\lib\jsdom\living\events\EventTarget-impl.js:350:25)
Error: Uncaught [Error: useAuth must be used within an AuthProvider]
    at reportException (C:\Users\Admin\graceful_books\node_modules\jsdom\lib\jsdom\living\helpers\runtime-script-errors.js:66:24)
    at innerInvokeEventListeners (C:\Users\Admin\graceful_books\node_modules\jsdom\lib\jsdom\living\events\EventTarget-impl.js:353:9)
    at invokeEventListeners (C:\Users\Admin\graceful_books\node_modules\jsdom\lib\jsdom\living\events\EventTarget-impl.js:286:3)
    at HTMLUnknownElementImpl._dispatch (C:\Users\Admin\graceful_books\node_modules\jsdom\lib\jsdom\living\events\EventTarget-impl.js:233:9)
    at HTMLUnknownElementImpl.dispatchEvent (C:\Users\Admin\graceful_books\node_modules\jsdom\lib\jsdom\living\events\EventTarget-impl.js:104:17)
    at HTMLUnknownElement.dispatchEvent (C:\Users\Admin\graceful_books\node_modules\jsdom\lib\jsdom\living\generated\EventTarget.js:241:34)
    at Object.invokeGuardedCallbackDev (C:\Users\Admin\graceful_books\node_modules\react-dom\cjs\react-dom.development.js:4213:16)
    at invokeGuardedCallback (C:\Users\Admin\graceful_books\node_modules\react-dom\cjs\react-dom.development.js:4277:31)
    at beginWork$1 (C:\Users\Admin\graceful_books\node_modules\react-dom\cjs\react-dom.development.js:27490:7)
    at performUnitOfWork (C:\Users\Admin\graceful_books\node_modules\react-dom\cjs\react-dom.development.js:26599:12) Error: useAuth must be used within an AuthProvider
    at useAuth (C:/Users/Admin/graceful_books/src/contexts/AuthContext.tsx:120:11)
    at Module.useVendors (C:/Users/Admin/graceful_books/src/hooks/useVendors.ts:237:40)
    at C:/Users/Admin/graceful_books/src/hooks/useVendors.test.ts:290:43
    at TestComponent (C:\Users\Admin\graceful_books\node_modules\@testing-library\react\dist\pure.js:309:27)
    at renderWithHooks (C:\Users\Admin\graceful_books\node_modules\react-dom\cjs\react-dom.development.js:15486:18)
    at mountIndeterminateComponent (C:\Users\Admin\graceful_books\node_modules\react-dom\cjs\react-dom.development.js:20103:13)
    at beginWork (C:\Users\Admin\graceful_books\node_modules\react-dom\cjs\react-dom.development.js:21626:16)
    at HTMLUnknownElement.callCallback (C:\Users\Admin\graceful_books\node_modules\react-dom\cjs\react-dom.development.js:4164:14)
    at HTMLUnknownElement.callTheUserObjectsOperation (C:\Users\Admin\graceful_books\node_modules\jsdom\lib\jsdom\living\generated\EventListener.js:26:30)
    at innerInvokeEventListeners (C:\Users\Admin\graceful_books\node_modules\jsdom\lib\jsdom\living\events\EventTarget-impl.js:350:25)
Error: Uncaught [Error: useAuth must be used within an AuthProvider]
    at reportException (C:\Users\Admin\graceful_books\node_modules\jsdom\lib\jsdom\living\helpers\runtime-script-errors.js:66:24)
    at innerInvokeEventListeners (C:\Users\Admin\graceful_books\node_modules\jsdom\lib\jsdom\living\events\EventTarget-impl.js:353:9)
    at invokeEventListeners (C:\Users\Admin\graceful_books\node_modules\jsdom\lib\jsdom\living\events\EventTarget-impl.js:286:3)
    at HTMLUnknownElementImpl._dispatch (C:\Users\Admin\graceful_books\node_modules\jsdom\lib\jsdom\living\events\EventTarget-impl.js:233:9)
    at HTMLUnknownElementImpl.dispatchEvent (C:\Users\Admin\graceful_books\node_modules\jsdom\lib\jsdom\living\events\EventTarget-impl.js:104:17)
    at HTMLUnknownElement.dispatchEvent (C:\Users\Admin\graceful_books\node_modules\jsdom\lib\jsdom\living\generated\EventTarget.js:241:34)
    at Object.invokeGuardedCallbackDev (C:\Users\Admin\graceful_books\node_modules\react-dom\cjs\react-dom.development.js:4213:16)
    at invokeGuardedCallback (C:\Users\Admin\graceful_books\node_modules\react-dom\cjs\react-dom.development.js:4277:31)
    at beginWork$1 (C:\Users\Admin\graceful_books\node_modules\react-dom\cjs\react-dom.development.js:27490:7)
    at performUnitOfWork (C:\Users\Admin\graceful_books\node_modules\react-dom\cjs\react-dom.development.js:26599:12) Error: useAuth must be used within an AuthProvider
    at useAuth (C:/Users/Admin/graceful_books/src/contexts/AuthContext.tsx:120:11)
    at Module.useVendors (C:/Users/Admin/graceful_books/src/hooks/useVendors.ts:237:40)
    at C:/Users/Admin/graceful_books/src/hooks/useVendors.test.ts:290:43
    at TestComponent (C:\Users\Admin\graceful_books\node_modules\@testing-library\react\dist\pure.js:309:27)
    at renderWithHooks (C:\Users\Admin\graceful_books\node_modules\react-dom\cjs\react-dom.development.js:15486:18)
    at mountIndeterminateComponent (C:\Users\Admin\graceful_books\node_modules\react-dom\cjs\react-dom.development.js:20103:13)
    at beginWork (C:\Users\Admin\graceful_books\node_modules\react-dom\cjs\react-dom.development.js:21626:16)
    at HTMLUnknownElement.callCallback (C:\Users\Admin\graceful_books\node_modules\react-dom\cjs\react-dom.development.js:4164:14)
    at HTMLUnknownElement.callTheUserObjectsOperation (C:\Users\Admin\graceful_books\node_modules\jsdom\lib\jsdom\living\generated\EventListener.js:26:30)
    at innerInvokeEventListeners (C:\Users\Admin\graceful_books\node_modules\jsdom\lib\jsdom\living\events\EventTarget-impl.js:350:25)
Error: Uncaught [Error: useAuth must be used within an AuthProvider]
    at reportException (C:\Users\Admin\graceful_books\node_modules\jsdom\lib\jsdom\living\helpers\runtime-script-errors.js:66:24)
    at innerInvokeEventListeners (C:\Users\Admin\graceful_books\node_modules\jsdom\lib\jsdom\living\events\EventTarget-impl.js:353:9)
    at invokeEventListeners (C:\Users\Admin\graceful_books\node_modules\jsdom\lib\jsdom\living\events\EventTarget-impl.js:286:3)
    at HTMLUnknownElementImpl._dispatch (C:\Users\Admin\graceful_books\node_modules\jsdom\lib\jsdom\living\events\EventTarget-impl.js:233:9)
    at HTMLUnknownElementImpl.dispatchEvent (C:\Users\Admin\graceful_books\node_modules\jsdom\lib\jsdom\living\events\EventTarget-impl.js:104:17)
    at HTMLUnknownElement.dispatchEvent (C:\Users\Admin\graceful_books\node_modules\jsdom\lib\jsdom\living\generated\EventTarget.js:241:34)
    at Object.invokeGuardedCallbackDev (C:\Users\Admin\graceful_books\node_modules\react-dom\cjs\react-dom.development.js:4213:16)
    at invokeGuardedCallback (C:\Users\Admin\graceful_books\node_modules\react-dom\cjs\react-dom.development.js:4277:31)
    at beginWork$1 (C:\Users\Admin\graceful_books\node_modules\react-dom\cjs\react-dom.development.js:27490:7)
    at performUnitOfWork (C:\Users\Admin\graceful_books\node_modules\react-dom\cjs\react-dom.development.js:26599:12) Error: useAuth must be used within an AuthProvider
    at useAuth (C:/Users/Admin/graceful_books/src/contexts/AuthContext.tsx:120:11)
    at Module.useVendors (C:/Users/Admin/graceful_books/src/hooks/useVendors.ts:237:40)
    at C:/Users/Admin/graceful_books/src/hooks/useVendors.test.ts:313:43
    at TestComponent (C:\Users\Admin\graceful_books\node_modules\@testing-library\react\dist\pure.js:309:27)
    at renderWithHooks (C:\Users\Admin\graceful_books\node_modules\react-dom\cjs\react-dom.development.js:15486:18)
    at mountIndeterminateComponent (C:\Users\Admin\graceful_books\node_modules\react-dom\cjs\react-dom.development.js:20103:13)
    at beginWork (C:\Users\Admin\graceful_books\node_modules\react-dom\cjs\react-dom.development.js:21626:16)
    at HTMLUnknownElement.callCallback (C:\Users\Admin\graceful_books\node_modules\react-dom\cjs\react-dom.development.js:4164:14)
    at HTMLUnknownElement.callTheUserObjectsOperation (C:\Users\Admin\graceful_books\node_modules\jsdom\lib\jsdom\living\generated\EventListener.js:26:30)
    at innerInvokeEventListeners (C:\Users\Admin\graceful_books\node_modules\jsdom\lib\jsdom\living\events\EventTarget-impl.js:350:25)
Error: Uncaught [Error: useAuth must be used within an AuthProvider]
    at reportException (C:\Users\Admin\graceful_books\node_modules\jsdom\lib\jsdom\living\helpers\runtime-script-errors.js:66:24)
    at innerInvokeEventListeners (C:\Users\Admin\graceful_books\node_modules\jsdom\lib\jsdom\living\events\EventTarget-impl.js:353:9)
    at invokeEventListeners (C:\Users\Admin\graceful_books\node_modules\jsdom\lib\jsdom\living\events\EventTarget-impl.js:286:3)
    at HTMLUnknownElementImpl._dispatch (C:\Users\Admin\graceful_books\node_modules\jsdom\lib\jsdom\living\events\EventTarget-impl.js:233:9)
    at HTMLUnknownElementImpl.dispatchEvent (C:\Users\Admin\graceful_books\node_modules\jsdom\lib\jsdom\living\events\EventTarget-impl.js:104:17)
    at HTMLUnknownElement.dispatchEvent (C:\Users\Admin\graceful_books\node_modules\jsdom\lib\jsdom\living\generated\EventTarget.js:241:34)
    at Object.invokeGuardedCallbackDev (C:\Users\Admin\graceful_books\node_modules\react-dom\cjs\react-dom.development.js:4213:16)
    at invokeGuardedCallback (C:\Users\Admin\graceful_books\node_modules\react-dom\cjs\react-dom.development.js:4277:31)
    at beginWork$1 (C:\Users\Admin\graceful_books\node_modules\react-dom\cjs\react-dom.development.js:27490:7)
    at performUnitOfWork (C:\Users\Admin\graceful_books\node_modules\react-dom\cjs\react-dom.development.js:26599:12) Error: useAuth must be used within an AuthProvider
    at useAuth (C:/Users/Admin/graceful_books/src/contexts/AuthContext.tsx:120:11)
    at Module.useVendors (C:/Users/Admin/graceful_books/src/hooks/useVendors.ts:237:40)
    at C:/Users/Admin/graceful_books/src/hooks/useVendors.test.ts:313:43
    at TestComponent (C:\Users\Admin\graceful_books\node_modules\@testing-library\react\dist\pure.js:309:27)
    at renderWithHooks (C:\Users\Admin\graceful_books\node_modules\react-dom\cjs\react-dom.development.js:15486:18)
    at mountIndeterminateComponent (C:\Users\Admin\graceful_books\node_modules\react-dom\cjs\react-dom.development.js:20103:13)
    at beginWork (C:\Users\Admin\graceful_books\node_modules\react-dom\cjs\react-dom.development.js:21626:16)
    at HTMLUnknownElement.callCallback (C:\Users\Admin\graceful_books\node_modules\react-dom\cjs\react-dom.development.js:4164:14)
    at HTMLUnknownElement.callTheUserObjectsOperation (C:\Users\Admin\graceful_books\node_modules\jsdom\lib\jsdom\living\generated\EventListener.js:26:30)
    at innerInvokeEventListeners (C:\Users\Admin\graceful_books\node_modules\jsdom\lib\jsdom\living\events\EventTarget-impl.js:350:25)
Error: Uncaught [Error: useAuth must be used within an AuthProvider]
    at reportException (C:\Users\Admin\graceful_books\node_modules\jsdom\lib\jsdom\living\helpers\runtime-script-errors.js:66:24)
    at innerInvokeEventListeners (C:\Users\Admin\graceful_books\node_modules\jsdom\lib\jsdom\living\events\EventTarget-impl.js:353:9)
    at invokeEventListeners (C:\Users\Admin\graceful_books\node_modules\jsdom\lib\jsdom\living\events\EventTarget-impl.js:286:3)
    at HTMLUnknownElementImpl._dispatch (C:\Users\Admin\graceful_books\node_modules\jsdom\lib\jsdom\living\events\EventTarget-impl.js:233:9)
    at HTMLUnknownElementImpl.dispatchEvent (C:\Users\Admin\graceful_books\node_modules\jsdom\lib\jsdom\living\events\EventTarget-impl.js:104:17)
    at HTMLUnknownElement.dispatchEvent (C:\Users\Admin\graceful_books\node_modules\jsdom\lib\jsdom\living\generated\EventTarget.js:241:34)
    at Object.invokeGuardedCallbackDev (C:\Users\Admin\graceful_books\node_modules\react-dom\cjs\react-dom.development.js:4213:16)
    at invokeGuardedCallback (C:\Users\Admin\graceful_books\node_modules\react-dom\cjs\react-dom.development.js:4277:31)
    at beginWork$1 (C:\Users\Admin\graceful_books\node_modules\react-dom\cjs\react-dom.development.js:27490:7)
    at performUnitOfWork (C:\Users\Admin\graceful_books\node_modules\react-dom\cjs\react-dom.development.js:26599:12) Error: useAuth must be used within an AuthProvider
    at useAuth (C:/Users/Admin/graceful_books/src/contexts/AuthContext.tsx:120:11)
    at Module.useVendors (C:/Users/Admin/graceful_books/src/hooks/useVendors.ts:237:40)
    at C:/Users/Admin/graceful_books/src/hooks/useVendors.test.ts:332:43
    at TestComponent (C:\Users\Admin\graceful_books\node_modules\@testing-library\react\dist\pure.js:309:27)
    at renderWithHooks (C:\Users\Admin\graceful_books\node_modules\react-dom\cjs\react-dom.development.js:15486:18)
    at mountIndeterminateComponent (C:\Users\Admin\graceful_books\node_modules\react-dom\cjs\react-dom.development.js:20103:13)
    at beginWork (C:\Users\Admin\graceful_books\node_modules\react-dom\cjs\react-dom.development.js:21626:16)
    at HTMLUnknownElement.callCallback (C:\Users\Admin\graceful_books\node_modules\react-dom\cjs\react-dom.development.js:4164:14)
    at HTMLUnknownElement.callTheUserObjectsOperation (C:\Users\Admin\graceful_books\node_modules\jsdom\lib\jsdom\living\generated\EventListener.js:26:30)
    at innerInvokeEventListeners (C:\Users\Admin\graceful_books\node_modules\jsdom\lib\jsdom\living\events\EventTarget-impl.js:350:25)
Error: Uncaught [Error: useAuth must be used within an AuthProvider]
    at reportException (C:\Users\Admin\graceful_books\node_modules\jsdom\lib\jsdom\living\helpers\runtime-script-errors.js:66:24)
    at innerInvokeEventListeners (C:\Users\Admin\graceful_books\node_modules\jsdom\lib\jsdom\living\events\EventTarget-impl.js:353:9)
    at invokeEventListeners (C:\Users\Admin\graceful_books\node_modules\jsdom\lib\jsdom\living\events\EventTarget-impl.js:286:3)
    at HTMLUnknownElementImpl._dispatch (C:\Users\Admin\graceful_books\node_modules\jsdom\lib\jsdom\living\events\EventTarget-impl.js:233:9)
    at HTMLUnknownElementImpl.dispatchEvent (C:\Users\Admin\graceful_books\node_modules\jsdom\lib\jsdom\living\events\EventTarget-impl.js:104:17)
    at HTMLUnknownElement.dispatchEvent (C:\Users\Admin\graceful_books\node_modules\jsdom\lib\jsdom\living\generated\EventTarget.js:241:34)
    at Object.invokeGuardedCallbackDev (C:\Users\Admin\graceful_books\node_modules\react-dom\cjs\react-dom.development.js:4213:16)
    at invokeGuardedCallback (C:\Users\Admin\graceful_books\node_modules\react-dom\cjs\react-dom.development.js:4277:31)
    at beginWork$1 (C:\Users\Admin\graceful_books\node_modules\react-dom\cjs\react-dom.development.js:27490:7)
    at performUnitOfWork (C:\Users\Admin\graceful_books\node_modules\react-dom\cjs\react-dom.development.js:26599:12) Error: useAuth must be used within an AuthProvider
    at useAuth (C:/Users/Admin/graceful_books/src/contexts/AuthContext.tsx:120:11)
    at Module.useVendors (C:/Users/Admin/graceful_books/src/hooks/useVendors.ts:237:40)
    at C:/Users/Admin/graceful_books/src/hooks/useVendors.test.ts:332:43
    at TestComponent (C:\Users\Admin\graceful_books\node_modules\@testing-library\react\dist\pure.js:309:27)
    at renderWithHooks (C:\Users\Admin\graceful_books\node_modules\react-dom\cjs\react-dom.development.js:15486:18)
    at mountIndeterminateComponent (C:\Users\Admin\graceful_books\node_modules\react-dom\cjs\react-dom.development.js:20103:13)
    at beginWork (C:\Users\Admin\graceful_books\node_modules\react-dom\cjs\react-dom.development.js:21626:16)
    at HTMLUnknownElement.callCallback (C:\Users\Admin\graceful_books\node_modules\react-dom\cjs\react-dom.development.js:4164:14)
    at HTMLUnknownElement.callTheUserObjectsOperation (C:\Users\Admin\graceful_books\node_modules\jsdom\lib\jsdom\living\generated\EventListener.js:26:30)
    at innerInvokeEventListeners (C:\Users\Admin\graceful_books\node_modules\jsdom\lib\jsdom\living\events\EventTarget-impl.js:350:25)
Error: Uncaught [Error: useAuth must be used within an AuthProvider]
    at reportException (C:\Users\Admin\graceful_books\node_modules\jsdom\lib\jsdom\living\helpers\runtime-script-errors.js:66:24)
    at innerInvokeEventListeners (C:\Users\Admin\graceful_books\node_modules\jsdom\lib\jsdom\living\events\EventTarget-impl.js:353:9)
    at invokeEventListeners (C:\Users\Admin\graceful_books\node_modules\jsdom\lib\jsdom\living\events\EventTarget-impl.js:286:3)
    at HTMLUnknownElementImpl._dispatch (C:\Users\Admin\graceful_books\node_modules\jsdom\lib\jsdom\living\events\EventTarget-impl.js:233:9)
    at HTMLUnknownElementImpl.dispatchEvent (C:\Users\Admin\graceful_books\node_modules\jsdom\lib\jsdom\living\events\EventTarget-impl.js:104:17)
    at HTMLUnknownElement.dispatchEvent (C:\Users\Admin\graceful_books\node_modules\jsdom\lib\jsdom\living\generated\EventTarget.js:241:34)
    at Object.invokeGuardedCallbackDev (C:\Users\Admin\graceful_books\node_modules\react-dom\cjs\react-dom.development.js:4213:16)
    at invokeGuardedCallback (C:\Users\Admin\graceful_books\node_modules\react-dom\cjs\react-dom.development.js:4277:31)
    at beginWork$1 (C:\Users\Admin\graceful_books\node_modules\react-dom\cjs\react-dom.development.js:27490:7)
    at performUnitOfWork (C:\Users\Admin\graceful_books\node_modules\react-dom\cjs\react-dom.development.js:26599:12) Error: useAuth must be used within an AuthProvider
    at useAuth (C:/Users/Admin/graceful_books/src/contexts/AuthContext.tsx:120:11)
    at Module.useVendors (C:/Users/Admin/graceful_books/src/hooks/useVendors.ts:237:40)
    at C:/Users/Admin/graceful_books/src/hooks/useVendors.test.ts:354:43
    at TestComponent (C:\Users\Admin\graceful_books\node_modules\@testing-library\react\dist\pure.js:309:27)
    at renderWithHooks (C:\Users\Admin\graceful_books\node_modules\react-dom\cjs\react-dom.development.js:15486:18)
    at mountIndeterminateComponent (C:\Users\Admin\graceful_books\node_modules\react-dom\cjs\react-dom.development.js:20103:13)
    at beginWork (C:\Users\Admin\graceful_books\node_modules\react-dom\cjs\react-dom.development.js:21626:16)
    at HTMLUnknownElement.callCallback (C:\Users\Admin\graceful_books\node_modules\react-dom\cjs\react-dom.development.js:4164:14)
    at HTMLUnknownElement.callTheUserObjectsOperation (C:\Users\Admin\graceful_books\node_modules\jsdom\lib\jsdom\living\generated\EventListener.js:26:30)
    at innerInvokeEventListeners (C:\Users\Admin\graceful_books\node_modules\jsdom\lib\jsdom\living\events\EventTarget-impl.js:350:25)
Error: Uncaught [Error: useAuth must be used within an AuthProvider]
    at reportException (C:\Users\Admin\graceful_books\node_modules\jsdom\lib\jsdom\living\helpers\runtime-script-errors.js:66:24)
    at innerInvokeEventListeners (C:\Users\Admin\graceful_books\node_modules\jsdom\lib\jsdom\living\events\EventTarget-impl.js:353:9)
    at invokeEventListeners (C:\Users\Admin\graceful_books\node_modules\jsdom\lib\jsdom\living\events\EventTarget-impl.js:286:3)
    at HTMLUnknownElementImpl._dispatch (C:\Users\Admin\graceful_books\node_modules\jsdom\lib\jsdom\living\events\EventTarget-impl.js:233:9)
    at HTMLUnknownElementImpl.dispatchEvent (C:\Users\Admin\graceful_books\node_modules\jsdom\lib\jsdom\living\events\EventTarget-impl.js:104:17)
    at HTMLUnknownElement.dispatchEvent (C:\Users\Admin\graceful_books\node_modules\jsdom\lib\jsdom\living\generated\EventTarget.js:241:34)
    at Object.invokeGuardedCallbackDev (C:\Users\Admin\graceful_books\node_modules\react-dom\cjs\react-dom.development.js:4213:16)
    at invokeGuardedCallback (C:\Users\Admin\graceful_books\node_modules\react-dom\cjs\react-dom.development.js:4277:31)
    at beginWork$1 (C:\Users\Admin\graceful_books\node_modules\react-dom\cjs\react-dom.development.js:27490:7)
    at performUnitOfWork (C:\Users\Admin\graceful_books\node_modules\react-dom\cjs\react-dom.development.js:26599:12) Error: useAuth must be used within an AuthProvider
    at useAuth (C:/Users/Admin/graceful_books/src/contexts/AuthContext.tsx:120:11)
    at Module.useVendors (C:/Users/Admin/graceful_books/src/hooks/useVendors.ts:237:40)
    at C:/Users/Admin/graceful_books/src/hooks/useVendors.test.ts:354:43
    at TestComponent (C:\Users\Admin\graceful_books\node_modules\@testing-library\react\dist\pure.js:309:27)
    at renderWithHooks (C:\Users\Admin\graceful_books\node_modules\react-dom\cjs\react-dom.development.js:15486:18)
    at mountIndeterminateComponent (C:\Users\Admin\graceful_books\node_modules\react-dom\cjs\react-dom.development.js:20103:13)
    at beginWork (C:\Users\Admin\graceful_books\node_modules\react-dom\cjs\react-dom.development.js:21626:16)
    at HTMLUnknownElement.callCallback (C:\Users\Admin\graceful_books\node_modules\react-dom\cjs\react-dom.development.js:4164:14)
    at HTMLUnknownElement.callTheUserObjectsOperation (C:\Users\Admin\graceful_books\node_modules\jsdom\lib\jsdom\living\generated\EventListener.js:26:30)
    at innerInvokeEventListeners (C:\Users\Admin\graceful_books\node_modules\jsdom\lib\jsdom\living\events\EventTarget-impl.js:350:25)
Error: Uncaught [Error: useAuth must be used within an AuthProvider]
    at reportException (C:\Users\Admin\graceful_books\node_modules\jsdom\lib\jsdom\living\helpers\runtime-script-errors.js:66:24)
    at innerInvokeEventListeners (C:\Users\Admin\graceful_books\node_modules\jsdom\lib\jsdom\living\events\EventTarget-impl.js:353:9)
    at invokeEventListeners (C:\Users\Admin\graceful_books\node_modules\jsdom\lib\jsdom\living\events\EventTarget-impl.js:286:3)
    at HTMLUnknownElementImpl._dispatch (C:\Users\Admin\graceful_books\node_modules\jsdom\lib\jsdom\living\events\EventTarget-impl.js:233:9)
    at HTMLUnknownElementImpl.dispatchEvent (C:\Users\Admin\graceful_books\node_modules\jsdom\lib\jsdom\living\events\EventTarget-impl.js:104:17)
    at HTMLUnknownElement.dispatchEvent (C:\Users\Admin\graceful_books\node_modules\jsdom\lib\jsdom\living\generated\EventTarget.js:241:34)
    at Object.invokeGuardedCallbackDev (C:\Users\Admin\graceful_books\node_modules\react-dom\cjs\react-dom.development.js:4213:16)
    at invokeGuardedCallback (C:\Users\Admin\graceful_books\node_modules\react-dom\cjs\react-dom.development.js:4277:31)
    at beginWork$1 (C:\Users\Admin\graceful_books\node_modules\react-dom\cjs\react-dom.development.js:27490:7)
    at performUnitOfWork (C:\Users\Admin\graceful_books\node_modules\react-dom\cjs\react-dom.development.js:26599:12) Error: useAuth must be used within an AuthProvider
    at useAuth (C:/Users/Admin/graceful_books/src/contexts/AuthContext.tsx:120:11)
    at Module.useVendors (C:/Users/Admin/graceful_books/src/hooks/useVendors.ts:237:40)
    at C:/Users/Admin/graceful_books/src/hooks/useVendors.test.ts:374:43
    at TestComponent (C:\Users\Admin\graceful_books\node_modules\@testing-library\react\dist\pure.js:309:27)
    at renderWithHooks (C:\Users\Admin\graceful_books\node_modules\react-dom\cjs\react-dom.development.js:15486:18)
    at mountIndeterminateComponent (C:\Users\Admin\graceful_books\node_modules\react-dom\cjs\react-dom.development.js:20103:13)
    at beginWork (C:\Users\Admin\graceful_books\node_modules\react-dom\cjs\react-dom.development.js:21626:16)
    at HTMLUnknownElement.callCallback (C:\Users\Admin\graceful_books\node_modules\react-dom\cjs\react-dom.development.js:4164:14)
    at HTMLUnknownElement.callTheUserObjectsOperation (C:\Users\Admin\graceful_books\node_modules\jsdom\lib\jsdom\living\generated\EventListener.js:26:30)
    at innerInvokeEventListeners (C:\Users\Admin\graceful_books\node_modules\jsdom\lib\jsdom\living\events\EventTarget-impl.js:350:25)
Error: Uncaught [Error: useAuth must be used within an AuthProvider]
    at reportException (C:\Users\Admin\graceful_books\node_modules\jsdom\lib\jsdom\living\helpers\runtime-script-errors.js:66:24)
    at innerInvokeEventListeners (C:\Users\Admin\graceful_books\node_modules\jsdom\lib\jsdom\living\events\EventTarget-impl.js:353:9)
    at invokeEventListeners (C:\Users\Admin\graceful_books\node_modules\jsdom\lib\jsdom\living\events\EventTarget-impl.js:286:3)
    at HTMLUnknownElementImpl._dispatch (C:\Users\Admin\graceful_books\node_modules\jsdom\lib\jsdom\living\events\EventTarget-impl.js:233:9)
    at HTMLUnknownElementImpl.dispatchEvent (C:\Users\Admin\graceful_books\node_modules\jsdom\lib\jsdom\living\events\EventTarget-impl.js:104:17)
    at HTMLUnknownElement.dispatchEvent (C:\Users\Admin\graceful_books\node_modules\jsdom\lib\jsdom\living\generated\EventTarget.js:241:34)
    at Object.invokeGuardedCallbackDev (C:\Users\Admin\graceful_books\node_modules\react-dom\cjs\react-dom.development.js:4213:16)
    at invokeGuardedCallback (C:\Users\Admin\graceful_books\node_modules\react-dom\cjs\react-dom.development.js:4277:31)
    at beginWork$1 (C:\Users\Admin\graceful_books\node_modules\react-dom\cjs\react-dom.development.js:27490:7)
    at performUnitOfWork (C:\Users\Admin\graceful_books\node_modules\react-dom\cjs\react-dom.development.js:26599:12) Error: useAuth must be used within an AuthProvider
    at useAuth (C:/Users/Admin/graceful_books/src/contexts/AuthContext.tsx:120:11)
    at Module.useVendors (C:/Users/Admin/graceful_books/src/hooks/useVendors.ts:237:40)
    at C:/Users/Admin/graceful_books/src/hooks/useVendors.test.ts:374:43
    at TestComponent (C:\Users\Admin\graceful_books\node_modules\@testing-library\react\dist\pure.js:309:27)
    at renderWithHooks (C:\Users\Admin\graceful_books\node_modules\react-dom\cjs\react-dom.development.js:15486:18)
    at mountIndeterminateComponent (C:\Users\Admin\graceful_books\node_modules\react-dom\cjs\react-dom.development.js:20103:13)
    at beginWork (C:\Users\Admin\graceful_books\node_modules\react-dom\cjs\react-dom.development.js:21626:16)
    at HTMLUnknownElement.callCallback (C:\Users\Admin\graceful_books\node_modules\react-dom\cjs\react-dom.development.js:4164:14)
    at HTMLUnknownElement.callTheUserObjectsOperation (C:\Users\Admin\graceful_books\node_modules\jsdom\lib\jsdom\living\generated\EventListener.js:26:30)
    at innerInvokeEventListeners (C:\Users\Admin\graceful_books\node_modules\jsdom\lib\jsdom\living\events\EventTarget-impl.js:350:25)
Error: Uncaught [Error: useAuth must be used within an AuthProvider]
    at reportException (C:\Users\Admin\graceful_books\node_modules\jsdom\lib\jsdom\living\helpers\runtime-script-errors.js:66:24)
    at innerInvokeEventListeners (C:\Users\Admin\graceful_books\node_modules\jsdom\lib\jsdom\living\events\EventTarget-impl.js:353:9)
    at invokeEventListeners (C:\Users\Admin\graceful_books\node_modules\jsdom\lib\jsdom\living\events\EventTarget-impl.js:286:3)
    at HTMLUnknownElementImpl._dispatch (C:\Users\Admin\graceful_books\node_modules\jsdom\lib\jsdom\living\events\EventTarget-impl.js:233:9)
    at HTMLUnknownElementImpl.dispatchEvent (C:\Users\Admin\graceful_books\node_modules\jsdom\lib\jsdom\living\events\EventTarget-impl.js:104:17)
    at HTMLUnknownElement.dispatchEvent (C:\Users\Admin\graceful_books\node_modules\jsdom\lib\jsdom\living\generated\EventTarget.js:241:34)
    at Object.invokeGuardedCallbackDev (C:\Users\Admin\graceful_books\node_modules\react-dom\cjs\react-dom.development.js:4213:16)
    at invokeGuardedCallback (C:\Users\Admin\graceful_books\node_modules\react-dom\cjs\react-dom.development.js:4277:31)
    at beginWork$1 (C:\Users\Admin\graceful_books\node_modules\react-dom\cjs\react-dom.development.js:27490:7)
    at performUnitOfWork (C:\Users\Admin\graceful_books\node_modules\react-dom\cjs\react-dom.development.js:26599:12) Error: useAuth must be used within an AuthProvider
    at useAuth (C:/Users/Admin/graceful_books/src/contexts/AuthContext.tsx:120:11)
    at Module.useVendors (C:/Users/Admin/graceful_books/src/hooks/useVendors.ts:237:40)
    at C:/Users/Admin/graceful_books/src/hooks/useVendors.test.ts:394:43
    at TestComponent (C:\Users\Admin\graceful_books\node_modules\@testing-library\react\dist\pure.js:309:27)
    at renderWithHooks (C:\Users\Admin\graceful_books\node_modules\react-dom\cjs\react-dom.development.js:15486:18)
    at mountIndeterminateComponent (C:\Users\Admin\graceful_books\node_modules\react-dom\cjs\react-dom.development.js:20103:13)
    at beginWork (C:\Users\Admin\graceful_books\node_modules\react-dom\cjs\react-dom.development.js:21626:16)
    at HTMLUnknownElement.callCallback (C:\Users\Admin\graceful_books\node_modules\react-dom\cjs\react-dom.development.js:4164:14)
    at HTMLUnknownElement.callTheUserObjectsOperation (C:\Users\Admin\graceful_books\node_modules\jsdom\lib\jsdom\living\generated\EventListener.js:26:30)
    at innerInvokeEventListeners (C:\Users\Admin\graceful_books\node_modules\jsdom\lib\jsdom\living\events\EventTarget-impl.js:350:25)
Error: Uncaught [Error: useAuth must be used within an AuthProvider]
    at reportException (C:\Users\Admin\graceful_books\node_modules\jsdom\lib\jsdom\living\helpers\runtime-script-errors.js:66:24)
    at innerInvokeEventListeners (C:\Users\Admin\graceful_books\node_modules\jsdom\lib\jsdom\living\events\EventTarget-impl.js:353:9)
    at invokeEventListeners (C:\Users\Admin\graceful_books\node_modules\jsdom\lib\jsdom\living\events\EventTarget-impl.js:286:3)
    at HTMLUnknownElementImpl._dispatch (C:\Users\Admin\graceful_books\node_modules\jsdom\lib\jsdom\living\events\EventTarget-impl.js:233:9)
    at HTMLUnknownElementImpl.dispatchEvent (C:\Users\Admin\graceful_books\node_modules\jsdom\lib\jsdom\living\events\EventTarget-impl.js:104:17)
    at HTMLUnknownElement.dispatchEvent (C:\Users\Admin\graceful_books\node_modules\jsdom\lib\jsdom\living\generated\EventTarget.js:241:34)
    at Object.invokeGuardedCallbackDev (C:\Users\Admin\graceful_books\node_modules\react-dom\cjs\react-dom.development.js:4213:16)
    at invokeGuardedCallback (C:\Users\Admin\graceful_books\node_modules\react-dom\cjs\react-dom.development.js:4277:31)
    at beginWork$1 (C:\Users\Admin\graceful_books\node_modules\react-dom\cjs\react-dom.development.js:27490:7)
    at performUnitOfWork (C:\Users\Admin\graceful_books\node_modules\react-dom\cjs\react-dom.development.js:26599:12) Error: useAuth must be used within an AuthProvider
    at useAuth (C:/Users/Admin/graceful_books/src/contexts/AuthContext.tsx:120:11)
    at Module.useVendors (C:/Users/Admin/graceful_books/src/hooks/useVendors.ts:237:40)
    at C:/Users/Admin/graceful_books/src/hooks/useVendors.test.ts:394:43
    at TestComponent (C:\Users\Admin\graceful_books\node_modules\@testing-library\react\dist\pure.js:309:27)
    at renderWithHooks (C:\Users\Admin\graceful_books\node_modules\react-dom\cjs\react-dom.development.js:15486:18)
    at mountIndeterminateComponent (C:\Users\Admin\graceful_books\node_modules\react-dom\cjs\react-dom.development.js:20103:13)
    at beginWork (C:\Users\Admin\graceful_books\node_modules\react-dom\cjs\react-dom.development.js:21626:16)
    at HTMLUnknownElement.callCallback (C:\Users\Admin\graceful_books\node_modules\react-dom\cjs\react-dom.development.js:4164:14)
    at HTMLUnknownElement.callTheUserObjectsOperation (C:\Users\Admin\graceful_books\node_modules\jsdom\lib\jsdom\living\generated\EventListener.js:26:30)
    at innerInvokeEventListeners (C:\Users\Admin\graceful_books\node_modules\jsdom\lib\jsdom\living\events\EventTarget-impl.js:350:25)
Error: Uncaught [Error: useAuth must be used within an AuthProvider]
    at reportException (C:\Users\Admin\graceful_books\node_modules\jsdom\lib\jsdom\living\helpers\runtime-script-errors.js:66:24)
    at innerInvokeEventListeners (C:\Users\Admin\graceful_books\node_modules\jsdom\lib\jsdom\living\events\EventTarget-impl.js:353:9)
    at invokeEventListeners (C:\Users\Admin\graceful_books\node_modules\jsdom\lib\jsdom\living\events\EventTarget-impl.js:286:3)
    at HTMLUnknownElementImpl._dispatch (C:\Users\Admin\graceful_books\node_modules\jsdom\lib\jsdom\living\events\EventTarget-impl.js:233:9)
    at HTMLUnknownElementImpl.dispatchEvent (C:\Users\Admin\graceful_books\node_modules\jsdom\lib\jsdom\living\events\EventTarget-impl.js:104:17)
    at HTMLUnknownElement.dispatchEvent (C:\Users\Admin\graceful_books\node_modules\jsdom\lib\jsdom\living\generated\EventTarget.js:241:34)
    at Object.invokeGuardedCallbackDev (C:\Users\Admin\graceful_books\node_modules\react-dom\cjs\react-dom.development.js:4213:16)
    at invokeGuardedCallback (C:\Users\Admin\graceful_books\node_modules\react-dom\cjs\react-dom.development.js:4277:31)
    at beginWork$1 (C:\Users\Admin\graceful_books\node_modules\react-dom\cjs\react-dom.development.js:27490:7)
    at performUnitOfWork (C:\Users\Admin\graceful_books\node_modules\react-dom\cjs\react-dom.development.js:26599:12) Error: useAuth must be used within an AuthProvider
    at useAuth (C:/Users/Admin/graceful_books/src/contexts/AuthContext.tsx:120:11)
    at Module.useVendors (C:/Users/Admin/graceful_books/src/hooks/useVendors.ts:237:40)
    at C:/Users/Admin/graceful_books/src/hooks/useVendors.test.ts:415:43
    at TestComponent (C:\Users\Admin\graceful_books\node_modules\@testing-library\react\dist\pure.js:309:27)
    at renderWithHooks (C:\Users\Admin\graceful_books\node_modules\react-dom\cjs\react-dom.development.js:15486:18)
    at mountIndeterminateComponent (C:\Users\Admin\graceful_books\node_modules\react-dom\cjs\react-dom.development.js:20103:13)
    at beginWork (C:\Users\Admin\graceful_books\node_modules\react-dom\cjs\react-dom.development.js:21626:16)
    at HTMLUnknownElement.callCallback (C:\Users\Admin\graceful_books\node_modules\react-dom\cjs\react-dom.development.js:4164:14)
    at HTMLUnknownElement.callTheUserObjectsOperation (C:\Users\Admin\graceful_books\node_modules\jsdom\lib\jsdom\living\generated\EventListener.js:26:30)
    at innerInvokeEventListeners (C:\Users\Admin\graceful_books\node_modules\jsdom\lib\jsdom\living\events\EventTarget-impl.js:350:25)
Error: Uncaught [Error: useAuth must be used within an AuthProvider]
    at reportException (C:\Users\Admin\graceful_books\node_modules\jsdom\lib\jsdom\living\helpers\runtime-script-errors.js:66:24)
    at innerInvokeEventListeners (C:\Users\Admin\graceful_books\node_modules\jsdom\lib\jsdom\living\events\EventTarget-impl.js:353:9)
    at invokeEventListeners (C:\Users\Admin\graceful_books\node_modules\jsdom\lib\jsdom\living\events\EventTarget-impl.js:286:3)
    at HTMLUnknownElementImpl._dispatch (C:\Users\Admin\graceful_books\node_modules\jsdom\lib\jsdom\living\events\EventTarget-impl.js:233:9)
    at HTMLUnknownElementImpl.dispatchEvent (C:\Users\Admin\graceful_books\node_modules\jsdom\lib\jsdom\living\events\EventTarget-impl.js:104:17)
    at HTMLUnknownElement.dispatchEvent (C:\Users\Admin\graceful_books\node_modules\jsdom\lib\jsdom\living\generated\EventTarget.js:241:34)
    at Object.invokeGuardedCallbackDev (C:\Users\Admin\graceful_books\node_modules\react-dom\cjs\react-dom.development.js:4213:16)
    at invokeGuardedCallback (C:\Users\Admin\graceful_books\node_modules\react-dom\cjs\react-dom.development.js:4277:31)
    at beginWork$1 (C:\Users\Admin\graceful_books\node_modules\react-dom\cjs\react-dom.development.js:27490:7)
    at performUnitOfWork (C:\Users\Admin\graceful_books\node_modules\react-dom\cjs\react-dom.development.js:26599:12) Error: useAuth must be used within an AuthProvider
    at useAuth (C:/Users/Admin/graceful_books/src/contexts/AuthContext.tsx:120:11)
    at Module.useVendors (C:/Users/Admin/graceful_books/src/hooks/useVendors.ts:237:40)
    at C:/Users/Admin/graceful_books/src/hooks/useVendors.test.ts:415:43
    at TestComponent (C:\Users\Admin\graceful_books\node_modules\@testing-library\react\dist\pure.js:309:27)
    at renderWithHooks (C:\Users\Admin\graceful_books\node_modules\react-dom\cjs\react-dom.development.js:15486:18)
    at mountIndeterminateComponent (C:\Users\Admin\graceful_books\node_modules\react-dom\cjs\react-dom.development.js:20103:13)
    at beginWork (C:\Users\Admin\graceful_books\node_modules\react-dom\cjs\react-dom.development.js:21626:16)
    at HTMLUnknownElement.callCallback (C:\Users\Admin\graceful_books\node_modules\react-dom\cjs\react-dom.development.js:4164:14)
    at HTMLUnknownElement.callTheUserObjectsOperation (C:\Users\Admin\graceful_books\node_modules\jsdom\lib\jsdom\living\generated\EventListener.js:26:30)
    at innerInvokeEventListeners (C:\Users\Admin\graceful_books\node_modules\jsdom\lib\jsdom\living\events\EventTarget-impl.js:350:25)
Error: Uncaught [Error: useAuth must be used within an AuthProvider]
    at reportException (C:\Users\Admin\graceful_books\node_modules\jsdom\lib\jsdom\living\helpers\runtime-script-errors.js:66:24)
    at innerInvokeEventListeners (C:\Users\Admin\graceful_books\node_modules\jsdom\lib\jsdom\living\events\EventTarget-impl.js:353:9)
    at invokeEventListeners (C:\Users\Admin\graceful_books\node_modules\jsdom\lib\jsdom\living\events\EventTarget-impl.js:286:3)
    at HTMLUnknownElementImpl._dispatch (C:\Users\Admin\graceful_books\node_modules\jsdom\lib\jsdom\living\events\EventTarget-impl.js:233:9)
    at HTMLUnknownElementImpl.dispatchEvent (C:\Users\Admin\graceful_books\node_modules\jsdom\lib\jsdom\living\events\EventTarget-impl.js:104:17)
    at HTMLUnknownElement.dispatchEvent (C:\Users\Admin\graceful_books\node_modules\jsdom\lib\jsdom\living\generated\EventTarget.js:241:34)
    at Object.invokeGuardedCallbackDev (C:\Users\Admin\graceful_books\node_modules\react-dom\cjs\react-dom.development.js:4213:16)
    at invokeGuardedCallback (C:\Users\Admin\graceful_books\node_modules\react-dom\cjs\react-dom.development.js:4277:31)
    at beginWork$1 (C:\Users\Admin\graceful_books\node_modules\react-dom\cjs\react-dom.development.js:27490:7)
    at performUnitOfWork (C:\Users\Admin\graceful_books\node_modules\react-dom\cjs\react-dom.development.js:26599:12) Error: useAuth must be used within an AuthProvider
    at useAuth (C:/Users/Admin/graceful_books/src/contexts/AuthContext.tsx:120:11)
    at Module.useVendors (C:/Users/Admin/graceful_books/src/hooks/useVendors.ts:237:40)
    at C:/Users/Admin/graceful_books/src/hooks/useVendors.test.ts:443:43
    at TestComponent (C:\Users\Admin\graceful_books\node_modules\@testing-library\react\dist\pure.js:309:27)
    at renderWithHooks (C:\Users\Admin\graceful_books\node_modules\react-dom\cjs\react-dom.development.js:15486:18)
    at mountIndeterminateComponent (C:\Users\Admin\graceful_books\node_modules\react-dom\cjs\react-dom.development.js:20103:13)
    at beginWork (C:\Users\Admin\graceful_books\node_modules\react-dom\cjs\react-dom.development.js:21626:16)
    at HTMLUnknownElement.callCallback (C:\Users\Admin\graceful_books\node_modules\react-dom\cjs\react-dom.development.js:4164:14)
    at HTMLUnknownElement.callTheUserObjectsOperation (C:\Users\Admin\graceful_books\node_modules\jsdom\lib\jsdom\living\generated\EventListener.js:26:30)
    at innerInvokeEventListeners (C:\Users\Admin\graceful_books\node_modules\jsdom\lib\jsdom\living\events\EventTarget-impl.js:350:25)
Error: Uncaught [Error: useAuth must be used within an AuthProvider]
    at reportException (C:\Users\Admin\graceful_books\node_modules\jsdom\lib\jsdom\living\helpers\runtime-script-errors.js:66:24)
    at innerInvokeEventListeners (C:\Users\Admin\graceful_books\node_modules\jsdom\lib\jsdom\living\events\EventTarget-impl.js:353:9)
    at invokeEventListeners (C:\Users\Admin\graceful_books\node_modules\jsdom\lib\jsdom\living\events\EventTarget-impl.js:286:3)
    at HTMLUnknownElementImpl._dispatch (C:\Users\Admin\graceful_books\node_modules\jsdom\lib\jsdom\living\events\EventTarget-impl.js:233:9)
    at HTMLUnknownElementImpl.dispatchEvent (C:\Users\Admin\graceful_books\node_modules\jsdom\lib\jsdom\living\events\EventTarget-impl.js:104:17)
    at HTMLUnknownElement.dispatchEvent (C:\Users\Admin\graceful_books\node_modules\jsdom\lib\jsdom\living\generated\EventTarget.js:241:34)
    at Object.invokeGuardedCallbackDev (C:\Users\Admin\graceful_books\node_modules\react-dom\cjs\react-dom.development.js:4213:16)
    at invokeGuardedCallback (C:\Users\Admin\graceful_books\node_modules\react-dom\cjs\react-dom.development.js:4277:31)
    at beginWork$1 (C:\Users\Admin\graceful_books\node_modules\react-dom\cjs\react-dom.development.js:27490:7)
    at performUnitOfWork (C:\Users\Admin\graceful_books\node_modules\react-dom\cjs\react-dom.development.js:26599:12) Error: useAuth must be used within an AuthProvider
    at useAuth (C:/Users/Admin/graceful_books/src/contexts/AuthContext.tsx:120:11)
    at Module.useVendors (C:/Users/Admin/graceful_books/src/hooks/useVendors.ts:237:40)
    at C:/Users/Admin/graceful_books/src/hooks/useVendors.test.ts:443:43
    at TestComponent (C:\Users\Admin\graceful_books\node_modules\@testing-library\react\dist\pure.js:309:27)
    at renderWithHooks (C:\Users\Admin\graceful_books\node_modules\react-dom\cjs\react-dom.development.js:15486:18)
    at mountIndeterminateComponent (C:\Users\Admin\graceful_books\node_modules\react-dom\cjs\react-dom.development.js:20103:13)
    at beginWork (C:\Users\Admin\graceful_books\node_modules\react-dom\cjs\react-dom.development.js:21626:16)
    at HTMLUnknownElement.callCallback (C:\Users\Admin\graceful_books\node_modules\react-dom\cjs\react-dom.development.js:4164:14)
    at HTMLUnknownElement.callTheUserObjectsOperation (C:\Users\Admin\graceful_books\node_modules\jsdom\lib\jsdom\living\generated\EventListener.js:26:30)
    at innerInvokeEventListeners (C:\Users\Admin\graceful_books\node_modules\jsdom\lib\jsdom\living\events\EventTarget-impl.js:350:25)
Error: Uncaught [Error: useAuth must be used within an AuthProvider]
    at reportException (C:\Users\Admin\graceful_books\node_modules\jsdom\lib\jsdom\living\helpers\runtime-script-errors.js:66:24)
    at innerInvokeEventListeners (C:\Users\Admin\graceful_books\node_modules\jsdom\lib\jsdom\living\events\EventTarget-impl.js:353:9)
    at invokeEventListeners (C:\Users\Admin\graceful_books\node_modules\jsdom\lib\jsdom\living\events\EventTarget-impl.js:286:3)
    at HTMLUnknownElementImpl._dispatch (C:\Users\Admin\graceful_books\node_modules\jsdom\lib\jsdom\living\events\EventTarget-impl.js:233:9)
    at HTMLUnknownElementImpl.dispatchEvent (C:\Users\Admin\graceful_books\node_modules\jsdom\lib\jsdom\living\events\EventTarget-impl.js:104:17)
    at HTMLUnknownElement.dispatchEvent (C:\Users\Admin\graceful_books\node_modules\jsdom\lib\jsdom\living\generated\EventTarget.js:241:34)
    at Object.invokeGuardedCallbackDev (C:\Users\Admin\graceful_books\node_modules\react-dom\cjs\react-dom.development.js:4213:16)
    at invokeGuardedCallback (C:\Users\Admin\graceful_books\node_modules\react-dom\cjs\react-dom.development.js:4277:31)
    at beginWork$1 (C:\Users\Admin\graceful_books\node_modules\react-dom\cjs\react-dom.development.js:27490:7)
    at performUnitOfWork (C:\Users\Admin\graceful_books\node_modules\react-dom\cjs\react-dom.development.js:26599:12) Error: useAuth must be used within an AuthProvider
    at useAuth (C:/Users/Admin/graceful_books/src/contexts/AuthContext.tsx:120:11)
    at Module.useVendors (C:/Users/Admin/graceful_books/src/hooks/useVendors.ts:237:40)
    at C:/Users/Admin/graceful_books/src/hooks/useVendors.test.ts:474:43
    at TestComponent (C:\Users\Admin\graceful_books\node_modules\@testing-library\react\dist\pure.js:309:27)
    at renderWithHooks (C:\Users\Admin\graceful_books\node_modules\react-dom\cjs\react-dom.development.js:15486:18)
    at mountIndeterminateComponent (C:\Users\Admin\graceful_books\node_modules\react-dom\cjs\react-dom.development.js:20103:13)
    at beginWork (C:\Users\Admin\graceful_books\node_modules\react-dom\cjs\react-dom.development.js:21626:16)
    at HTMLUnknownElement.callCallback (C:\Users\Admin\graceful_books\node_modules\react-dom\cjs\react-dom.development.js:4164:14)
    at HTMLUnknownElement.callTheUserObjectsOperation (C:\Users\Admin\graceful_books\node_modules\jsdom\lib\jsdom\living\generated\EventListener.js:26:30)
    at innerInvokeEventListeners (C:\Users\Admin\graceful_books\node_modules\jsdom\lib\jsdom\living\events\EventTarget-impl.js:350:25)
Error: Uncaught [Error: useAuth must be used within an AuthProvider]
    at reportException (C:\Users\Admin\graceful_books\node_modules\jsdom\lib\jsdom\living\helpers\runtime-script-errors.js:66:24)
    at innerInvokeEventListeners (C:\Users\Admin\graceful_books\node_modules\jsdom\lib\jsdom\living\events\EventTarget-impl.js:353:9)
    at invokeEventListeners (C:\Users\Admin\graceful_books\node_modules\jsdom\lib\jsdom\living\events\EventTarget-impl.js:286:3)
    at HTMLUnknownElementImpl._dispatch (C:\Users\Admin\graceful_books\node_modules\jsdom\lib\jsdom\living\events\EventTarget-impl.js:233:9)
    at HTMLUnknownElementImpl.dispatchEvent (C:\Users\Admin\graceful_books\node_modules\jsdom\lib\jsdom\living\events\EventTarget-impl.js:104:17)
    at HTMLUnknownElement.dispatchEvent (C:\Users\Admin\graceful_books\node_modules\jsdom\lib\jsdom\living\generated\EventTarget.js:241:34)
    at Object.invokeGuardedCallbackDev (C:\Users\Admin\graceful_books\node_modules\react-dom\cjs\react-dom.development.js:4213:16)
    at invokeGuardedCallback (C:\Users\Admin\graceful_books\node_modules\react-dom\cjs\react-dom.development.js:4277:31)
    at beginWork$1 (C:\Users\Admin\graceful_books\node_modules\react-dom\cjs\react-dom.development.js:27490:7)
    at performUnitOfWork (C:\Users\Admin\graceful_books\node_modules\react-dom\cjs\react-dom.development.js:26599:12) Error: useAuth must be used within an AuthProvider
    at useAuth (C:/Users/Admin/graceful_books/src/contexts/AuthContext.tsx:120:11)
    at Module.useVendors (C:/Users/Admin/graceful_books/src/hooks/useVendors.ts:237:40)
    at C:/Users/Admin/graceful_books/src/hooks/useVendors.test.ts:474:43
    at TestComponent (C:\Users\Admin\graceful_books\node_modules\@testing-library\react\dist\pure.js:309:27)
    at renderWithHooks (C:\Users\Admin\graceful_books\node_modules\react-dom\cjs\react-dom.development.js:15486:18)
    at mountIndeterminateComponent (C:\Users\Admin\graceful_books\node_modules\react-dom\cjs\react-dom.development.js:20103:13)
    at beginWork (C:\Users\Admin\graceful_books\node_modules\react-dom\cjs\react-dom.development.js:21626:16)
    at HTMLUnknownElement.callCallback (C:\Users\Admin\graceful_books\node_modules\react-dom\cjs\react-dom.development.js:4164:14)
    at HTMLUnknownElement.callTheUserObjectsOperation (C:\Users\Admin\graceful_books\node_modules\jsdom\lib\jsdom\living\generated\EventListener.js:26:30)
    at innerInvokeEventListeners (C:\Users\Admin\graceful_books\node_modules\jsdom\lib\jsdom\living\events\EventTarget-impl.js:350:25)
Error: Uncaught [Error: useAuth must be used within an AuthProvider]
    at reportException (C:\Users\Admin\graceful_books\node_modules\jsdom\lib\jsdom\living\helpers\runtime-script-errors.js:66:24)
    at innerInvokeEventListeners (C:\Users\Admin\graceful_books\node_modules\jsdom\lib\jsdom\living\events\EventTarget-impl.js:353:9)
    at invokeEventListeners (C:\Users\Admin\graceful_books\node_modules\jsdom\lib\jsdom\living\events\EventTarget-impl.js:286:3)
    at HTMLUnknownElementImpl._dispatch (C:\Users\Admin\graceful_books\node_modules\jsdom\lib\jsdom\living\events\EventTarget-impl.js:233:9)
    at HTMLUnknownElementImpl.dispatchEvent (C:\Users\Admin\graceful_books\node_modules\jsdom\lib\jsdom\living\events\EventTarget-impl.js:104:17)
    at HTMLUnknownElement.dispatchEvent (C:\Users\Admin\graceful_books\node_modules\jsdom\lib\jsdom\living\generated\EventTarget.js:241:34)
    at Object.invokeGuardedCallbackDev (C:\Users\Admin\graceful_books\node_modules\react-dom\cjs\react-dom.development.js:4213:16)
    at invokeGuardedCallback (C:\Users\Admin\graceful_books\node_modules\react-dom\cjs\react-dom.development.js:4277:31)
    at beginWork$1 (C:\Users\Admin\graceful_books\node_modules\react-dom\cjs\react-dom.development.js:27490:7)
    at performUnitOfWork (C:\Users\Admin\graceful_books\node_modules\react-dom\cjs\react-dom.development.js:26599:12) Error: useAuth must be used within an AuthProvider
    at useAuth (C:/Users/Admin/graceful_books/src/contexts/AuthContext.tsx:120:11)
    at Module.useVendors (C:/Users/Admin/graceful_books/src/hooks/useVendors.ts:237:40)
    at C:/Users/Admin/graceful_books/src/hooks/useVendors.test.ts:491:43
    at TestComponent (C:\Users\Admin\graceful_books\node_modules\@testing-library\react\dist\pure.js:309:27)
    at renderWithHooks (C:\Users\Admin\graceful_books\node_modules\react-dom\cjs\react-dom.development.js:15486:18)
    at mountIndeterminateComponent (C:\Users\Admin\graceful_books\node_modules\react-dom\cjs\react-dom.development.js:20103:13)
    at beginWork (C:\Users\Admin\graceful_books\node_modules\react-dom\cjs\react-dom.development.js:21626:16)
    at HTMLUnknownElement.callCallback (C:\Users\Admin\graceful_books\node_modules\react-dom\cjs\react-dom.development.js:4164:14)
    at HTMLUnknownElement.callTheUserObjectsOperation (C:\Users\Admin\graceful_books\node_modules\jsdom\lib\jsdom\living\generated\EventListener.js:26:30)
    at innerInvokeEventListeners (C:\Users\Admin\graceful_books\node_modules\jsdom\lib\jsdom\living\events\EventTarget-impl.js:350:25)
Error: Uncaught [Error: useAuth must be used within an AuthProvider]
    at reportException (C:\Users\Admin\graceful_books\node_modules\jsdom\lib\jsdom\living\helpers\runtime-script-errors.js:66:24)
    at innerInvokeEventListeners (C:\Users\Admin\graceful_books\node_modules\jsdom\lib\jsdom\living\events\EventTarget-impl.js:353:9)
    at invokeEventListeners (C:\Users\Admin\graceful_books\node_modules\jsdom\lib\jsdom\living\events\EventTarget-impl.js:286:3)
    at HTMLUnknownElementImpl._dispatch (C:\Users\Admin\graceful_books\node_modules\jsdom\lib\jsdom\living\events\EventTarget-impl.js:233:9)
    at HTMLUnknownElementImpl.dispatchEvent (C:\Users\Admin\graceful_books\node_modules\jsdom\lib\jsdom\living\events\EventTarget-impl.js:104:17)
    at HTMLUnknownElement.dispatchEvent (C:\Users\Admin\graceful_books\node_modules\jsdom\lib\jsdom\living\generated\EventTarget.js:241:34)
    at Object.invokeGuardedCallbackDev (C:\Users\Admin\graceful_books\node_modules\react-dom\cjs\react-dom.development.js:4213:16)
    at invokeGuardedCallback (C:\Users\Admin\graceful_books\node_modules\react-dom\cjs\react-dom.development.js:4277:31)
    at beginWork$1 (C:\Users\Admin\graceful_books\node_modules\react-dom\cjs\react-dom.development.js:27490:7)
    at performUnitOfWork (C:\Users\Admin\graceful_books\node_modules\react-dom\cjs\react-dom.development.js:26599:12) Error: useAuth must be used within an AuthProvider
    at useAuth (C:/Users/Admin/graceful_books/src/contexts/AuthContext.tsx:120:11)
    at Module.useVendors (C:/Users/Admin/graceful_books/src/hooks/useVendors.ts:237:40)
    at C:/Users/Admin/graceful_books/src/hooks/useVendors.test.ts:491:43
    at TestComponent (C:\Users\Admin\graceful_books\node_modules\@testing-library\react\dist\pure.js:309:27)
    at renderWithHooks (C:\Users\Admin\graceful_books\node_modules\react-dom\cjs\react-dom.development.js:15486:18)
    at mountIndeterminateComponent (C:\Users\Admin\graceful_books\node_modules\react-dom\cjs\react-dom.development.js:20103:13)
    at beginWork (C:\Users\Admin\graceful_books\node_modules\react-dom\cjs\react-dom.development.js:21626:16)
    at HTMLUnknownElement.callCallback (C:\Users\Admin\graceful_books\node_modules\react-dom\cjs\react-dom.development.js:4164:14)
    at HTMLUnknownElement.callTheUserObjectsOperation (C:\Users\Admin\graceful_books\node_modules\jsdom\lib\jsdom\living\generated\EventListener.js:26:30)
    at innerInvokeEventListeners (C:\Users\Admin\graceful_books\node_modules\jsdom\lib\jsdom\living\events\EventTarget-impl.js:350:25)
stderr | src/hooks/useVendors.test.ts > useVendors > Data Retrieval > should filter by active status
The above error occurred in the <TestComponent> component:

    at TestComponent (C:\Users\Admin\graceful_books\node_modules\@testing-library\react\dist\pure.js:307:5)

Consider adding an error boundary to your tree to customize error handling behavior.
Visit https://reactjs.org/link/error-boundaries to learn more about error boundaries.

stderr | src/hooks/useVendors.test.ts > useVendors > Data Retrieval > should filter by 1099 eligibility
The above error occurred in the <TestComponent> component:

    at TestComponent (C:\Users\Admin\graceful_books\node_modules\@testing-library\react\dist\pure.js:307:5)

Consider adding an error boundary to your tree to customize error handling behavior.
Visit https://reactjs.org/link/error-boundaries to learn more about error boundaries.

stderr | src/hooks/useVendors.test.ts > useVendors > CRUD Operations > should create a new vendor
The above error occurred in the <TestComponent> component:

    at TestComponent (C:\Users\Admin\graceful_books\node_modules\@testing-library\react\dist\pure.js:307:5)

Consider adding an error boundary to your tree to customize error handling behavior.
Visit https://reactjs.org/link/error-boundaries to learn more about error boundaries.

stderr | src/hooks/useVendors.test.ts > useVendors > CRUD Operations > should update an existing vendor
The above error occurred in the <TestComponent> component:

    at TestComponent (C:\Users\Admin\graceful_books\node_modules\@testing-library\react\dist\pure.js:307:5)

Consider adding an error boundary to your tree to customize error handling behavior.
Visit https://reactjs.org/link/error-boundaries to learn more about error boundaries.

stderr | src/hooks/useVendors.test.ts > useVendors > CRUD Operations > should delete a vendor (soft delete)
The above error occurred in the <TestComponent> component:

    at TestComponent (C:\Users\Admin\graceful_books\node_modules\@testing-library\react\dist\pure.js:307:5)

Consider adding an error boundary to your tree to customize error handling behavior.
Visit https://reactjs.org/link/error-boundaries to learn more about error boundaries.

stderr | src/hooks/useVendors.test.ts > useVendors > CRUD Operations > should get a vendor by ID
The above error occurred in the <TestComponent> component:

    at TestComponent (C:\Users\Admin\graceful_books\node_modules\@testing-library\react\dist\pure.js:307:5)

Consider adding an error boundary to your tree to customize error handling behavior.
Visit https://reactjs.org/link/error-boundaries to learn more about error boundaries.

stderr | src/hooks/useVendors.test.ts > useVendors > Batch Operations > should batch create multiple vendors
The above error occurred in the <TestComponent> component:

    at TestComponent (C:\Users\Admin\graceful_books\node_modules\@testing-library\react\dist\pure.js:307:5)

Consider adding an error boundary to your tree to customize error handling behavior.
Visit https://reactjs.org/link/error-boundaries to learn more about error boundaries.

stderr | src/hooks/useVendors.test.ts > useVendors > Search Functionality > should search vendors by name
The above error occurred in the <TestComponent> component:

    at TestComponent (C:\Users\Admin\graceful_books\node_modules\@testing-library\react\dist\pure.js:307:5)

Consider adding an error boundary to your tree to customize error handling behavior.
Visit https://reactjs.org/link/error-boundaries to learn more about error boundaries.

stderr | src/hooks/useVendors.test.ts > useVendors > Search Functionality > should search vendors by email
The above error occurred in the <TestComponent> component:

    at TestComponent (C:\Users\Admin\graceful_books\node_modules\@testing-library\react\dist\pure.js:307:5)

Consider adding an error boundary to your tree to customize error handling behavior.
Visit https://reactjs.org/link/error-boundaries to learn more about error boundaries.

stderr | src/hooks/useVendors.test.ts > useVendors > Search Functionality > should search vendors by phone
The above error occurred in the <TestComponent> component:

    at TestComponent (C:\Users\Admin\graceful_books\node_modules\@testing-library\react\dist\pure.js:307:5)

Consider adding an error boundary to your tree to customize error handling behavior.
Visit https://reactjs.org/link/error-boundaries to learn more about error boundaries.

stderr | src/hooks/useVendors.test.ts > useVendors > Search Functionality > should return all vendors when search query is empty
The above error occurred in the <TestComponent> component:

    at TestComponent (C:\Users\Admin\graceful_books\node_modules\@testing-library\react\dist\pure.js:307:5)

Consider adding an error boundary to your tree to customize error handling behavior.
Visit https://reactjs.org/link/error-boundaries to learn more about error boundaries.

stderr | src/hooks/useVendors.test.ts > useVendors > Duplicate Detection > should detect duplicate by exact name match
The above error occurred in the <TestComponent> component:

    at TestComponent (C:\Users\Admin\graceful_books\node_modules\@testing-library\react\dist\pure.js:307:5)

Consider adding an error boundary to your tree to customize error handling behavior.
Visit https://reactjs.org/link/error-boundaries to learn more about error boundaries.

stderr | src/hooks/useVendors.test.ts > useVendors > Duplicate Detection > should detect duplicate by similar name (realistic high similarity)
The above error occurred in the <TestComponent> component:

    at TestComponent (C:\Users\Admin\graceful_books\node_modules\@testing-library\react\dist\pure.js:307:5)

Consider adding an error boundary to your tree to customize error handling behavior.
Visit https://reactjs.org/link/error-boundaries to learn more about error boundaries.

stderr | src/hooks/useVendors.test.ts > useVendors > Duplicate Detection > should NOT detect duplicate by email alone (requires name match too)
The above error occurred in the <TestComponent> component:

    at TestComponent (C:\Users\Admin\graceful_books\node_modules\@testing-library\react\dist\pure.js:307:5)

Consider adding an error boundary to your tree to customize error handling behavior.
Visit https://reactjs.org/link/error-boundaries to learn more about error boundaries.

stderr | src/hooks/useVendors.test.ts > useVendors > Duplicate Detection > should NOT detect duplicate by phone alone (requires name match too)
The above error occurred in the <TestComponent> component:

    at TestComponent (C:\Users\Admin\graceful_books\node_modules\@testing-library\react\dist\pure.js:307:5)

Consider adding an error boundary to your tree to customize error handling behavior.
Visit https://reactjs.org/link/error-boundaries to learn more about error boundaries.

stderr | src/hooks/useVendors.test.ts > useVendors > Duplicate Detection > should detect duplicate when name matches AND email/phone strengthen the match
The above error occurred in the <TestComponent> component:

    at TestComponent (C:\Users\Admin\graceful_books\node_modules\@testing-library\react\dist\pure.js:307:5)

Consider adding an error boundary to your tree to customize error handling behavior.
Visit https://reactjs.org/link/error-boundaries to learn more about error boundaries.

stderr | src/hooks/useVendors.test.ts > useVendors > Duplicate Detection > should not flag as duplicate when no matches exist
The above error occurred in the <TestComponent> component:

    at TestComponent (C:\Users\Admin\graceful_books\node_modules\@testing-library\react\dist\pure.js:307:5)

Consider adding an error boundary to your tree to customize error handling behavior.
Visit https://reactjs.org/link/error-boundaries to learn more about error boundaries.

stderr | src/hooks/useVendors.test.ts > useVendors > Duplicate Detection > should sort duplicates by similarity score
The above error occurred in the <TestComponent> component:

    at TestComponent (C:\Users\Admin\graceful_books\node_modules\@testing-library\react\dist\pure.js:307:5)

Consider adding an error boundary to your tree to customize error handling behavior.
Visit https://reactjs.org/link/error-boundaries to learn more about error boundaries.

stderr | src/hooks/useVendors.test.ts > useVendors > Error Handling > should handle query errors gracefully
The above error occurred in the <TestComponent> component:

    at TestComponent (C:\Users\Admin\graceful_books\node_modules\@testing-library\react\dist\pure.js:307:5)

Consider adding an error boundary to your tree to customize error handling behavior.
Visit https://reactjs.org/link/error-boundaries to learn more about error boundaries.

stderr | src/hooks/useVendors.test.ts > useVendors > Error Handling > should handle create errors
The above error occurred in the <TestComponent> component:

    at TestComponent (C:\Users\Admin\graceful_books\node_modules\@testing-library\react\dist\pure.js:307:5)

Consider adding an error boundary to your tree to customize error handling behavior.
Visit https://reactjs.org/link/error-boundaries to learn more about error boundaries.

 ❯ src/hooks/useVendors.test.ts (21 tests | 21 failed) 968ms
       × should fetch vendors for a company 93ms
       × should filter by active status 15ms
       × should filter by 1099 eligibility 11ms
       × should create a new vendor 10ms
       × should update an existing vendor 13ms
       × should delete a vendor (soft delete) 11ms
       × should get a vendor by ID 10ms
       × should batch create multiple vendors 9ms
       × should search vendors by name 9ms
       × should search vendors by email 9ms
       × should search vendors by phone 10ms
       × should return all vendors when search query is empty 8ms
       × should detect duplicate by exact name match 8ms
       × should detect duplicate by similar name (realistic high similarity) 685ms
       × should NOT detect duplicate by email alone (requires name match too) 7ms
       × should NOT detect duplicate by phone alone (requires name match too) 8ms
       × should detect duplicate when name matches AND email/phone strengthen the match 8ms
       × should not flag as duplicate when no matches exist 9ms
       × should sort duplicates by similarity score 9ms
       × should handle query errors gracefully 9ms
       × should handle create errors 7ms
stdout | src/services/cpg/cpgReporting.service.test.ts > CPG Reporting Service > compareDistributors > should compare distributors and identify most cost-effective
[CPGReporting] Comparing distributors {
  companyId: 'test-company-cpg-reports',
  distributorIds: [ 'dist-1', 'dist-2' ]
}

stderr | src/services/cpg/cpgReporting.service.test.ts > CPG Reporting Service > compareDistributors > should compare distributors and identify most cost-effective
[CPGReporting] Failed to compare distributors {
  error: TypeError: fees is not iterable
      at compareDistributors (C:/Users/Admin/graceful_books/src/services/cpg/cpgReporting.service.ts:535:25)
      at C:/Users/Admin/graceful_books/src/services/cpg/cpgReporting.service.test.ts:353:26
      at file:///C:/Users/Admin/graceful_books/node_modules/@vitest/runner/dist/chunk-artifact.js:1903:20,
  companyId: 'test-company-cpg-reports'
}

 ❯ src/services/cpg/cpgReporting.service.test.ts (9 tests | 1 failed) 707ms
       × should compare distributors and identify most cost-effective 104ms
Error: Uncaught [Error: useAuth must be used within an AuthProvider]
    at reportException (C:\Users\Admin\graceful_books\node_modules\jsdom\lib\jsdom\living\helpers\runtime-script-errors.js:66:24)
    at innerInvokeEventListeners (C:\Users\Admin\graceful_books\node_modules\jsdom\lib\jsdom\living\events\EventTarget-impl.js:353:9)
    at invokeEventListeners (C:\Users\Admin\graceful_books\node_modules\jsdom\lib\jsdom\living\events\EventTarget-impl.js:286:3)
    at HTMLUnknownElementImpl._dispatch (C:\Users\Admin\graceful_books\node_modules\jsdom\lib\jsdom\living\events\EventTarget-impl.js:233:9)
    at HTMLUnknownElementImpl.dispatchEvent (C:\Users\Admin\graceful_books\node_modules\jsdom\lib\jsdom\living\events\EventTarget-impl.js:104:17)
    at HTMLUnknownElement.dispatchEvent (C:\Users\Admin\graceful_books\node_modules\jsdom\lib\jsdom\living\generated\EventTarget.js:241:34)
    at Object.invokeGuardedCallbackDev (C:\Users\Admin\graceful_books\node_modules\react-dom\cjs\react-dom.development.js:4213:16)
    at invokeGuardedCallback (C:\Users\Admin\graceful_books\node_modules\react-dom\cjs\react-dom.development.js:4277:31)
    at beginWork$1 (C:\Users\Admin\graceful_books\node_modules\react-dom\cjs\react-dom.development.js:27490:7)
    at performUnitOfWork (C:\Users\Admin\graceful_books\node_modules\react-dom\cjs\react-dom.development.js:26599:12) Error: useAuth must be used within an AuthProvider
    at useAuth (C:/Users/Admin/graceful_books/src/contexts/AuthContext.tsx:120:11)
    at Dashboard (C:/Users/Admin/graceful_books/src/pages/Dashboard.tsx:21:25)
    at renderWithHooks (C:\Users\Admin\graceful_books\node_modules\react-dom\cjs\react-dom.development.js:15486:18)
    at mountIndeterminateComponent (C:\Users\Admin\graceful_books\node_modules\react-dom\cjs\react-dom.development.js:20103:13)
    at beginWork (C:\Users\Admin\graceful_books\node_modules\react-dom\cjs\react-dom.development.js:21626:16)
    at HTMLUnknownElement.callCallback (C:\Users\Admin\graceful_books\node_modules\react-dom\cjs\react-dom.development.js:4164:14)
    at HTMLUnknownElement.callTheUserObjectsOperation (C:\Users\Admin\graceful_books\node_modules\jsdom\lib\jsdom\living\generated\EventListener.js:26:30)
    at innerInvokeEventListeners (C:\Users\Admin\graceful_books\node_modules\jsdom\lib\jsdom\living\events\EventTarget-impl.js:350:25)
    at invokeEventListeners (C:\Users\Admin\graceful_books\node_modules\jsdom\lib\jsdom\living\events\EventTarget-impl.js:286:3)
    at HTMLUnknownElementImpl._dispatch (C:\Users\Admin\graceful_books\node_modules\jsdom\lib\jsdom\living\events\EventTarget-impl.js:233:9)
Error: Uncaught [Error: useAuth must be used within an AuthProvider]
    at reportException (C:\Users\Admin\graceful_books\node_modules\jsdom\lib\jsdom\living\helpers\runtime-script-errors.js:66:24)
    at innerInvokeEventListeners (C:\Users\Admin\graceful_books\node_modules\jsdom\lib\jsdom\living\events\EventTarget-impl.js:353:9)
    at invokeEventListeners (C:\Users\Admin\graceful_books\node_modules\jsdom\lib\jsdom\living\events\EventTarget-impl.js:286:3)
    at HTMLUnknownElementImpl._dispatch (C:\Users\Admin\graceful_books\node_modules\jsdom\lib\jsdom\living\events\EventTarget-impl.js:233:9)
    at HTMLUnknownElementImpl.dispatchEvent (C:\Users\Admin\graceful_books\node_modules\jsdom\lib\jsdom\living\events\EventTarget-impl.js:104:17)
    at HTMLUnknownElement.dispatchEvent (C:\Users\Admin\graceful_books\node_modules\jsdom\lib\jsdom\living\generated\EventTarget.js:241:34)
    at Object.invokeGuardedCallbackDev (C:\Users\Admin\graceful_books\node_modules\react-dom\cjs\react-dom.development.js:4213:16)
    at invokeGuardedCallback (C:\Users\Admin\graceful_books\node_modules\react-dom\cjs\react-dom.development.js:4277:31)
    at beginWork$1 (C:\Users\Admin\graceful_books\node_modules\react-dom\cjs\react-dom.development.js:27490:7)
    at performUnitOfWork (C:\Users\Admin\graceful_books\node_modules\react-dom\cjs\react-dom.development.js:26599:12) Error: useAuth must be used within an AuthProvider
    at useAuth (C:/Users/Admin/graceful_books/src/contexts/AuthContext.tsx:120:11)
    at Dashboard (C:/Users/Admin/graceful_books/src/pages/Dashboard.tsx:21:25)
    at renderWithHooks (C:\Users\Admin\graceful_books\node_modules\react-dom\cjs\react-dom.development.js:15486:18)
    at mountIndeterminateComponent (C:\Users\Admin\graceful_books\node_modules\react-dom\cjs\react-dom.development.js:20103:13)
    at beginWork (C:\Users\Admin\graceful_books\node_modules\react-dom\cjs\react-dom.development.js:21626:16)
    at HTMLUnknownElement.callCallback (C:\Users\Admin\graceful_books\node_modules\react-dom\cjs\react-dom.development.js:4164:14)
    at HTMLUnknownElement.callTheUserObjectsOperation (C:\Users\Admin\graceful_books\node_modules\jsdom\lib\jsdom\living\generated\EventListener.js:26:30)
    at innerInvokeEventListeners (C:\Users\Admin\graceful_books\node_modules\jsdom\lib\jsdom\living\events\EventTarget-impl.js:350:25)
    at invokeEventListeners (C:\Users\Admin\graceful_books\node_modules\jsdom\lib\jsdom\living\events\EventTarget-impl.js:286:3)
    at HTMLUnknownElementImpl._dispatch (C:\Users\Admin\graceful_books\node_modules\jsdom\lib\jsdom\living\events\EventTarget-impl.js:233:9)
Error: Uncaught [Error: useAuth must be used within an AuthProvider]
    at reportException (C:\Users\Admin\graceful_books\node_modules\jsdom\lib\jsdom\living\helpers\runtime-script-errors.js:66:24)
    at innerInvokeEventListeners (C:\Users\Admin\graceful_books\node_modules\jsdom\lib\jsdom\living\events\EventTarget-impl.js:353:9)
    at invokeEventListeners (C:\Users\Admin\graceful_books\node_modules\jsdom\lib\jsdom\living\events\EventTarget-impl.js:286:3)
    at HTMLUnknownElementImpl._dispatch (C:\Users\Admin\graceful_books\node_modules\jsdom\lib\jsdom\living\events\EventTarget-impl.js:233:9)
    at HTMLUnknownElementImpl.dispatchEvent (C:\Users\Admin\graceful_books\node_modules\jsdom\lib\jsdom\living\events\EventTarget-impl.js:104:17)
    at HTMLUnknownElement.dispatchEvent (C:\Users\Admin\graceful_books\node_modules\jsdom\lib\jsdom\living\generated\EventTarget.js:241:34)
    at Object.invokeGuardedCallbackDev (C:\Users\Admin\graceful_books\node_modules\react-dom\cjs\react-dom.development.js:4213:16)
    at invokeGuardedCallback (C:\Users\Admin\graceful_books\node_modules\react-dom\cjs\react-dom.development.js:4277:31)
    at beginWork$1 (C:\Users\Admin\graceful_books\node_modules\react-dom\cjs\react-dom.development.js:27490:7)
    at performUnitOfWork (C:\Users\Admin\graceful_books\node_modules\react-dom\cjs\react-dom.development.js:26599:12) Error: useAuth must be used within an AuthProvider
    at useAuth (C:/Users/Admin/graceful_books/src/contexts/AuthContext.tsx:120:11)
    at Dashboard (C:/Users/Admin/graceful_books/src/pages/Dashboard.tsx:21:25)
    at renderWithHooks (C:\Users\Admin\graceful_books\node_modules\react-dom\cjs\react-dom.development.js:15486:18)
    at mountIndeterminateComponent (C:\Users\Admin\graceful_books\node_modules\react-dom\cjs\react-dom.development.js:20103:13)
    at beginWork (C:\Users\Admin\graceful_books\node_modules\react-dom\cjs\react-dom.development.js:21626:16)
    at HTMLUnknownElement.callCallback (C:\Users\Admin\graceful_books\node_modules\react-dom\cjs\react-dom.development.js:4164:14)
    at HTMLUnknownElement.callTheUserObjectsOperation (C:\Users\Admin\graceful_books\node_modules\jsdom\lib\jsdom\living\generated\EventListener.js:26:30)
    at innerInvokeEventListeners (C:\Users\Admin\graceful_books\node_modules\jsdom\lib\jsdom\living\events\EventTarget-impl.js:350:25)
    at invokeEventListeners (C:\Users\Admin\graceful_books\node_modules\jsdom\lib\jsdom\living\events\EventTarget-impl.js:286:3)
    at HTMLUnknownElementImpl._dispatch (C:\Users\Admin\graceful_books\node_modules\jsdom\lib\jsdom\living\events\EventTarget-impl.js:233:9)
Error: Uncaught [Error: useAuth must be used within an AuthProvider]
    at reportException (C:\Users\Admin\graceful_books\node_modules\jsdom\lib\jsdom\living\helpers\runtime-script-errors.js:66:24)
    at innerInvokeEventListeners (C:\Users\Admin\graceful_books\node_modules\jsdom\lib\jsdom\living\events\EventTarget-impl.js:353:9)
    at invokeEventListeners (C:\Users\Admin\graceful_books\node_modules\jsdom\lib\jsdom\living\events\EventTarget-impl.js:286:3)
    at HTMLUnknownElementImpl._dispatch (C:\Users\Admin\graceful_books\node_modules\jsdom\lib\jsdom\living\events\EventTarget-impl.js:233:9)
    at HTMLUnknownElementImpl.dispatchEvent (C:\Users\Admin\graceful_books\node_modules\jsdom\lib\jsdom\living\events\EventTarget-impl.js:104:17)
    at HTMLUnknownElement.dispatchEvent (C:\Users\Admin\graceful_books\node_modules\jsdom\lib\jsdom\living\generated\EventTarget.js:241:34)
    at Object.invokeGuardedCallbackDev (C:\Users\Admin\graceful_books\node_modules\react-dom\cjs\react-dom.development.js:4213:16)
    at invokeGuardedCallback (C:\Users\Admin\graceful_books\node_modules\react-dom\cjs\react-dom.development.js:4277:31)
    at beginWork$1 (C:\Users\Admin\graceful_books\node_modules\react-dom\cjs\react-dom.development.js:27490:7)
    at performUnitOfWork (C:\Users\Admin\graceful_books\node_modules\react-dom\cjs\react-dom.development.js:26599:12) Error: useAuth must be used within an AuthProvider
    at useAuth (C:/Users/Admin/graceful_books/src/contexts/AuthContext.tsx:120:11)
    at Dashboard (C:/Users/Admin/graceful_books/src/pages/Dashboard.tsx:21:25)
    at renderWithHooks (C:\Users\Admin\graceful_books\node_modules\react-dom\cjs\react-dom.development.js:15486:18)
    at mountIndeterminateComponent (C:\Users\Admin\graceful_books\node_modules\react-dom\cjs\react-dom.development.js:20103:13)
    at beginWork (C:\Users\Admin\graceful_books\node_modules\react-dom\cjs\react-dom.development.js:21626:16)
    at HTMLUnknownElement.callCallback (C:\Users\Admin\graceful_books\node_modules\react-dom\cjs\react-dom.development.js:4164:14)
    at HTMLUnknownElement.callTheUserObjectsOperation (C:\Users\Admin\graceful_books\node_modules\jsdom\lib\jsdom\living\generated\EventListener.js:26:30)
    at innerInvokeEventListeners (C:\Users\Admin\graceful_books\node_modules\jsdom\lib\jsdom\living\events\EventTarget-impl.js:350:25)
    at invokeEventListeners (C:\Users\Admin\graceful_books\node_modules\jsdom\lib\jsdom\living\events\EventTarget-impl.js:286:3)
    at HTMLUnknownElementImpl._dispatch (C:\Users\Admin\graceful_books\node_modules\jsdom\lib\jsdom\living\events\EventTarget-impl.js:233:9)
Error: Uncaught [Error: useAuth must be used within an AuthProvider]
    at reportException (C:\Users\Admin\graceful_books\node_modules\jsdom\lib\jsdom\living\helpers\runtime-script-errors.js:66:24)
    at innerInvokeEventListeners (C:\Users\Admin\graceful_books\node_modules\jsdom\lib\jsdom\living\events\EventTarget-impl.js:353:9)
    at invokeEventListeners (C:\Users\Admin\graceful_books\node_modules\jsdom\lib\jsdom\living\events\EventTarget-impl.js:286:3)
    at HTMLUnknownElementImpl._dispatch (C:\Users\Admin\graceful_books\node_modules\jsdom\lib\jsdom\living\events\EventTarget-impl.js:233:9)
    at HTMLUnknownElementImpl.dispatchEvent (C:\Users\Admin\graceful_books\node_modules\jsdom\lib\jsdom\living\events\EventTarget-impl.js:104:17)
    at HTMLUnknownElement.dispatchEvent (C:\Users\Admin\graceful_books\node_modules\jsdom\lib\jsdom\living\generated\EventTarget.js:241:34)
    at Object.invokeGuardedCallbackDev (C:\Users\Admin\graceful_books\node_modules\react-dom\cjs\react-dom.development.js:4213:16)
    at invokeGuardedCallback (C:\Users\Admin\graceful_books\node_modules\react-dom\cjs\react-dom.development.js:4277:31)
    at beginWork$1 (C:\Users\Admin\graceful_books\node_modules\react-dom\cjs\react-dom.development.js:27490:7)
    at performUnitOfWork (C:\Users\Admin\graceful_books\node_modules\react-dom\cjs\react-dom.development.js:26599:12) Error: useAuth must be used within an AuthProvider
    at useAuth (C:/Users/Admin/graceful_books/src/contexts/AuthContext.tsx:120:11)
    at Dashboard (C:/Users/Admin/graceful_books/src/pages/Dashboard.tsx:21:25)
    at renderWithHooks (C:\Users\Admin\graceful_books\node_modules\react-dom\cjs\react-dom.development.js:15486:18)
    at mountIndeterminateComponent (C:\Users\Admin\graceful_books\node_modules\react-dom\cjs\react-dom.development.js:20103:13)
    at beginWork (C:\Users\Admin\graceful_books\node_modules\react-dom\cjs\react-dom.development.js:21626:16)
    at HTMLUnknownElement.callCallback (C:\Users\Admin\graceful_books\node_modules\react-dom\cjs\react-dom.development.js:4164:14)
    at HTMLUnknownElement.callTheUserObjectsOperation (C:\Users\Admin\graceful_books\node_modules\jsdom\lib\jsdom\living\generated\EventListener.js:26:30)
    at innerInvokeEventListeners (C:\Users\Admin\graceful_books\node_modules\jsdom\lib\jsdom\living\events\EventTarget-impl.js:350:25)
    at invokeEventListeners (C:\Users\Admin\graceful_books\node_modules\jsdom\lib\jsdom\living\events\EventTarget-impl.js:286:3)
    at HTMLUnknownElementImpl._dispatch (C:\Users\Admin\graceful_books\node_modules\jsdom\lib\jsdom\living\events\EventTarget-impl.js:233:9)
Error: Uncaught [Error: useAuth must be used within an AuthProvider]
    at reportException (C:\Users\Admin\graceful_books\node_modules\jsdom\lib\jsdom\living\helpers\runtime-script-errors.js:66:24)
    at innerInvokeEventListeners (C:\Users\Admin\graceful_books\node_modules\jsdom\lib\jsdom\living\events\EventTarget-impl.js:353:9)
    at invokeEventListeners (C:\Users\Admin\graceful_books\node_modules\jsdom\lib\jsdom\living\events\EventTarget-impl.js:286:3)
    at HTMLUnknownElementImpl._dispatch (C:\Users\Admin\graceful_books\node_modules\jsdom\lib\jsdom\living\events\EventTarget-impl.js:233:9)
    at HTMLUnknownElementImpl.dispatchEvent (C:\Users\Admin\graceful_books\node_modules\jsdom\lib\jsdom\living\events\EventTarget-impl.js:104:17)
    at HTMLUnknownElement.dispatchEvent (C:\Users\Admin\graceful_books\node_modules\jsdom\lib\jsdom\living\generated\EventTarget.js:241:34)
    at Object.invokeGuardedCallbackDev (C:\Users\Admin\graceful_books\node_modules\react-dom\cjs\react-dom.development.js:4213:16)
    at invokeGuardedCallback (C:\Users\Admin\graceful_books\node_modules\react-dom\cjs\react-dom.development.js:4277:31)
    at beginWork$1 (C:\Users\Admin\graceful_books\node_modules\react-dom\cjs\react-dom.development.js:27490:7)
    at performUnitOfWork (C:\Users\Admin\graceful_books\node_modules\react-dom\cjs\react-dom.development.js:26599:12) Error: useAuth must be used within an AuthProvider
    at useAuth (C:/Users/Admin/graceful_books/src/contexts/AuthContext.tsx:120:11)
    at Dashboard (C:/Users/Admin/graceful_books/src/pages/Dashboard.tsx:21:25)
    at renderWithHooks (C:\Users\Admin\graceful_books\node_modules\react-dom\cjs\react-dom.development.js:15486:18)
    at mountIndeterminateComponent (C:\Users\Admin\graceful_books\node_modules\react-dom\cjs\react-dom.development.js:20103:13)
    at beginWork (C:\Users\Admin\graceful_books\node_modules\react-dom\cjs\react-dom.development.js:21626:16)
    at HTMLUnknownElement.callCallback (C:\Users\Admin\graceful_books\node_modules\react-dom\cjs\react-dom.development.js:4164:14)
    at HTMLUnknownElement.callTheUserObjectsOperation (C:\Users\Admin\graceful_books\node_modules\jsdom\lib\jsdom\living\generated\EventListener.js:26:30)
    at innerInvokeEventListeners (C:\Users\Admin\graceful_books\node_modules\jsdom\lib\jsdom\living\events\EventTarget-impl.js:350:25)
    at invokeEventListeners (C:\Users\Admin\graceful_books\node_modules\jsdom\lib\jsdom\living\events\EventTarget-impl.js:286:3)
    at HTMLUnknownElementImpl._dispatch (C:\Users\Admin\graceful_books\node_modules\jsdom\lib\jsdom\living\events\EventTarget-impl.js:233:9)
Error: Uncaught [Error: useAuth must be used within an AuthProvider]
    at reportException (C:\Users\Admin\graceful_books\node_modules\jsdom\lib\jsdom\living\helpers\runtime-script-errors.js:66:24)
    at innerInvokeEventListeners (C:\Users\Admin\graceful_books\node_modules\jsdom\lib\jsdom\living\events\EventTarget-impl.js:353:9)
    at invokeEventListeners (C:\Users\Admin\graceful_books\node_modules\jsdom\lib\jsdom\living\events\EventTarget-impl.js:286:3)
    at HTMLUnknownElementImpl._dispatch (C:\Users\Admin\graceful_books\node_modules\jsdom\lib\jsdom\living\events\EventTarget-impl.js:233:9)
    at HTMLUnknownElementImpl.dispatchEvent (C:\Users\Admin\graceful_books\node_modules\jsdom\lib\jsdom\living\events\EventTarget-impl.js:104:17)
    at HTMLUnknownElement.dispatchEvent (C:\Users\Admin\graceful_books\node_modules\jsdom\lib\jsdom\living\generated\EventTarget.js:241:34)
    at Object.invokeGuardedCallbackDev (C:\Users\Admin\graceful_books\node_modules\react-dom\cjs\react-dom.development.js:4213:16)
    at invokeGuardedCallback (C:\Users\Admin\graceful_books\node_modules\react-dom\cjs\react-dom.development.js:4277:31)
    at beginWork$1 (C:\Users\Admin\graceful_books\node_modules\react-dom\cjs\react-dom.development.js:27490:7)
    at performUnitOfWork (C:\Users\Admin\graceful_books\node_modules\react-dom\cjs\react-dom.development.js:26599:12) Error: useAuth must be used within an AuthProvider
    at useAuth (C:/Users/Admin/graceful_books/src/contexts/AuthContext.tsx:120:11)
    at Dashboard (C:/Users/Admin/graceful_books/src/pages/Dashboard.tsx:21:25)
    at renderWithHooks (C:\Users\Admin\graceful_books\node_modules\react-dom\cjs\react-dom.development.js:15486:18)
    at mountIndeterminateComponent (C:\Users\Admin\graceful_books\node_modules\react-dom\cjs\react-dom.development.js:20103:13)
    at beginWork (C:\Users\Admin\graceful_books\node_modules\react-dom\cjs\react-dom.development.js:21626:16)
    at HTMLUnknownElement.callCallback (C:\Users\Admin\graceful_books\node_modules\react-dom\cjs\react-dom.development.js:4164:14)
    at HTMLUnknownElement.callTheUserObjectsOperation (C:\Users\Admin\graceful_books\node_modules\jsdom\lib\jsdom\living\generated\EventListener.js:26:30)
    at innerInvokeEventListeners (C:\Users\Admin\graceful_books\node_modules\jsdom\lib\jsdom\living\events\EventTarget-impl.js:350:25)
    at invokeEventListeners (C:\Users\Admin\graceful_books\node_modules\jsdom\lib\jsdom\living\events\EventTarget-impl.js:286:3)
    at HTMLUnknownElementImpl._dispatch (C:\Users\Admin\graceful_books\node_modules\jsdom\lib\jsdom\living\events\EventTarget-impl.js:233:9)
Error: Uncaught [Error: useAuth must be used within an AuthProvider]
    at reportException (C:\Users\Admin\graceful_books\node_modules\jsdom\lib\jsdom\living\helpers\runtime-script-errors.js:66:24)
    at innerInvokeEventListeners (C:\Users\Admin\graceful_books\node_modules\jsdom\lib\jsdom\living\events\EventTarget-impl.js:353:9)
    at invokeEventListeners (C:\Users\Admin\graceful_books\node_modules\jsdom\lib\jsdom\living\events\EventTarget-impl.js:286:3)
    at HTMLUnknownElementImpl._dispatch (C:\Users\Admin\graceful_books\node_modules\jsdom\lib\jsdom\living\events\EventTarget-impl.js:233:9)
    at HTMLUnknownElementImpl.dispatchEvent (C:\Users\Admin\graceful_books\node_modules\jsdom\lib\jsdom\living\events\EventTarget-impl.js:104:17)
    at HTMLUnknownElement.dispatchEvent (C:\Users\Admin\graceful_books\node_modules\jsdom\lib\jsdom\living\generated\EventTarget.js:241:34)
    at Object.invokeGuardedCallbackDev (C:\Users\Admin\graceful_books\node_modules\react-dom\cjs\react-dom.development.js:4213:16)
    at invokeGuardedCallback (C:\Users\Admin\graceful_books\node_modules\react-dom\cjs\react-dom.development.js:4277:31)
    at beginWork$1 (C:\Users\Admin\graceful_books\node_modules\react-dom\cjs\react-dom.development.js:27490:7)
    at performUnitOfWork (C:\Users\Admin\graceful_books\node_modules\react-dom\cjs\react-dom.development.js:26599:12) Error: useAuth must be used within an AuthProvider
    at useAuth (C:/Users/Admin/graceful_books/src/contexts/AuthContext.tsx:120:11)
    at Dashboard (C:/Users/Admin/graceful_books/src/pages/Dashboard.tsx:21:25)
    at renderWithHooks (C:\Users\Admin\graceful_books\node_modules\react-dom\cjs\react-dom.development.js:15486:18)
    at mountIndeterminateComponent (C:\Users\Admin\graceful_books\node_modules\react-dom\cjs\react-dom.development.js:20103:13)
    at beginWork (C:\Users\Admin\graceful_books\node_modules\react-dom\cjs\react-dom.development.js:21626:16)
    at HTMLUnknownElement.callCallback (C:\Users\Admin\graceful_books\node_modules\react-dom\cjs\react-dom.development.js:4164:14)
    at HTMLUnknownElement.callTheUserObjectsOperation (C:\Users\Admin\graceful_books\node_modules\jsdom\lib\jsdom\living\generated\EventListener.js:26:30)
    at innerInvokeEventListeners (C:\Users\Admin\graceful_books\node_modules\jsdom\lib\jsdom\living\events\EventTarget-impl.js:350:25)
    at invokeEventListeners (C:\Users\Admin\graceful_books\node_modules\jsdom\lib\jsdom\living\events\EventTarget-impl.js:286:3)
    at HTMLUnknownElementImpl._dispatch (C:\Users\Admin\graceful_books\node_modules\jsdom\lib\jsdom\living\events\EventTarget-impl.js:233:9)
Error: Uncaught [Error: useAuth must be used within an AuthProvider]
    at reportException (C:\Users\Admin\graceful_books\node_modules\jsdom\lib\jsdom\living\helpers\runtime-script-errors.js:66:24)
    at innerInvokeEventListeners (C:\Users\Admin\graceful_books\node_modules\jsdom\lib\jsdom\living\events\EventTarget-impl.js:353:9)
    at invokeEventListeners (C:\Users\Admin\graceful_books\node_modules\jsdom\lib\jsdom\living\events\EventTarget-impl.js:286:3)
    at HTMLUnknownElementImpl._dispatch (C:\Users\Admin\graceful_books\node_modules\jsdom\lib\jsdom\living\events\EventTarget-impl.js:233:9)
    at HTMLUnknownElementImpl.dispatchEvent (C:\Users\Admin\graceful_books\node_modules\jsdom\lib\jsdom\living\events\EventTarget-impl.js:104:17)
    at HTMLUnknownElement.dispatchEvent (C:\Users\Admin\graceful_books\node_modules\jsdom\lib\jsdom\living\generated\EventTarget.js:241:34)
    at Object.invokeGuardedCallbackDev (C:\Users\Admin\graceful_books\node_modules\react-dom\cjs\react-dom.development.js:4213:16)
    at invokeGuardedCallback (C:\Users\Admin\graceful_books\node_modules\react-dom\cjs\react-dom.development.js:4277:31)
    at beginWork$1 (C:\Users\Admin\graceful_books\node_modules\react-dom\cjs\react-dom.development.js:27490:7)
    at performUnitOfWork (C:\Users\Admin\graceful_books\node_modules\react-dom\cjs\react-dom.development.js:26599:12) Error: useAuth must be used within an AuthProvider
    at useAuth (C:/Users/Admin/graceful_books/src/contexts/AuthContext.tsx:120:11)
    at Dashboard (C:/Users/Admin/graceful_books/src/pages/Dashboard.tsx:21:25)
    at renderWithHooks (C:\Users\Admin\graceful_books\node_modules\react-dom\cjs\react-dom.development.js:15486:18)
    at mountIndeterminateComponent (C:\Users\Admin\graceful_books\node_modules\react-dom\cjs\react-dom.development.js:20103:13)
    at beginWork (C:\Users\Admin\graceful_books\node_modules\react-dom\cjs\react-dom.development.js:21626:16)
    at HTMLUnknownElement.callCallback (C:\Users\Admin\graceful_books\node_modules\react-dom\cjs\react-dom.development.js:4164:14)
    at HTMLUnknownElement.callTheUserObjectsOperation (C:\Users\Admin\graceful_books\node_modules\jsdom\lib\jsdom\living\generated\EventListener.js:26:30)
    at innerInvokeEventListeners (C:\Users\Admin\graceful_books\node_modules\jsdom\lib\jsdom\living\events\EventTarget-impl.js:350:25)
    at invokeEventListeners (C:\Users\Admin\graceful_books\node_modules\jsdom\lib\jsdom\living\events\EventTarget-impl.js:286:3)
    at HTMLUnknownElementImpl._dispatch (C:\Users\Admin\graceful_books\node_modules\jsdom\lib\jsdom\living\events\EventTarget-impl.js:233:9)
Error: Uncaught [Error: useAuth must be used within an AuthProvider]
    at reportException (C:\Users\Admin\graceful_books\node_modules\jsdom\lib\jsdom\living\helpers\runtime-script-errors.js:66:24)
    at innerInvokeEventListeners (C:\Users\Admin\graceful_books\node_modules\jsdom\lib\jsdom\living\events\EventTarget-impl.js:353:9)
    at invokeEventListeners (C:\Users\Admin\graceful_books\node_modules\jsdom\lib\jsdom\living\events\EventTarget-impl.js:286:3)
    at HTMLUnknownElementImpl._dispatch (C:\Users\Admin\graceful_books\node_modules\jsdom\lib\jsdom\living\events\EventTarget-impl.js:233:9)
    at HTMLUnknownElementImpl.dispatchEvent (C:\Users\Admin\graceful_books\node_modules\jsdom\lib\jsdom\living\events\EventTarget-impl.js:104:17)
    at HTMLUnknownElement.dispatchEvent (C:\Users\Admin\graceful_books\node_modules\jsdom\lib\jsdom\living\generated\EventTarget.js:241:34)
    at Object.invokeGuardedCallbackDev (C:\Users\Admin\graceful_books\node_modules\react-dom\cjs\react-dom.development.js:4213:16)
    at invokeGuardedCallback (C:\Users\Admin\graceful_books\node_modules\react-dom\cjs\react-dom.development.js:4277:31)
    at beginWork$1 (C:\Users\Admin\graceful_books\node_modules\react-dom\cjs\react-dom.development.js:27490:7)
    at performUnitOfWork (C:\Users\Admin\graceful_books\node_modules\react-dom\cjs\react-dom.development.js:26599:12) Error: useAuth must be used within an AuthProvider
    at useAuth (C:/Users/Admin/graceful_books/src/contexts/AuthContext.tsx:120:11)
    at Dashboard (C:/Users/Admin/graceful_books/src/pages/Dashboard.tsx:21:25)
    at renderWithHooks (C:\Users\Admin\graceful_books\node_modules\react-dom\cjs\react-dom.development.js:15486:18)
    at mountIndeterminateComponent (C:\Users\Admin\graceful_books\node_modules\react-dom\cjs\react-dom.development.js:20103:13)
    at beginWork (C:\Users\Admin\graceful_books\node_modules\react-dom\cjs\react-dom.development.js:21626:16)
    at HTMLUnknownElement.callCallback (C:\Users\Admin\graceful_books\node_modules\react-dom\cjs\react-dom.development.js:4164:14)
    at HTMLUnknownElement.callTheUserObjectsOperation (C:\Users\Admin\graceful_books\node_modules\jsdom\lib\jsdom\living\generated\EventListener.js:26:30)
    at innerInvokeEventListeners (C:\Users\Admin\graceful_books\node_modules\jsdom\lib\jsdom\living\events\EventTarget-impl.js:350:25)
    at invokeEventListeners (C:\Users\Admin\graceful_books\node_modules\jsdom\lib\jsdom\living\events\EventTarget-impl.js:286:3)
    at HTMLUnknownElementImpl._dispatch (C:\Users\Admin\graceful_books\node_modules\jsdom\lib\jsdom\living\events\EventTarget-impl.js:233:9)
Error: Uncaught [Error: useAuth must be used within an AuthProvider]
    at reportException (C:\Users\Admin\graceful_books\node_modules\jsdom\lib\jsdom\living\helpers\runtime-script-errors.js:66:24)
    at innerInvokeEventListeners (C:\Users\Admin\graceful_books\node_modules\jsdom\lib\jsdom\living\events\EventTarget-impl.js:353:9)
    at invokeEventListeners (C:\Users\Admin\graceful_books\node_modules\jsdom\lib\jsdom\living\events\EventTarget-impl.js:286:3)
    at HTMLUnknownElementImpl._dispatch (C:\Users\Admin\graceful_books\node_modules\jsdom\lib\jsdom\living\events\EventTarget-impl.js:233:9)
    at HTMLUnknownElementImpl.dispatchEvent (C:\Users\Admin\graceful_books\node_modules\jsdom\lib\jsdom\living\events\EventTarget-impl.js:104:17)
    at HTMLUnknownElement.dispatchEvent (C:\Users\Admin\graceful_books\node_modules\jsdom\lib\jsdom\living\generated\EventTarget.js:241:34)
    at Object.invokeGuardedCallbackDev (C:\Users\Admin\graceful_books\node_modules\react-dom\cjs\react-dom.development.js:4213:16)
    at invokeGuardedCallback (C:\Users\Admin\graceful_books\node_modules\react-dom\cjs\react-dom.development.js:4277:31)
    at beginWork$1 (C:\Users\Admin\graceful_books\node_modules\react-dom\cjs\react-dom.development.js:27490:7)
    at performUnitOfWork (C:\Users\Admin\graceful_books\node_modules\react-dom\cjs\react-dom.development.js:26599:12) Error: useAuth must be used within an AuthProvider
    at useAuth (C:/Users/Admin/graceful_books/src/contexts/AuthContext.tsx:120:11)
    at Dashboard (C:/Users/Admin/graceful_books/src/pages/Dashboard.tsx:21:25)
    at renderWithHooks (C:\Users\Admin\graceful_books\node_modules\react-dom\cjs\react-dom.development.js:15486:18)
    at mountIndeterminateComponent (C:\Users\Admin\graceful_books\node_modules\react-dom\cjs\react-dom.development.js:20103:13)
    at beginWork (C:\Users\Admin\graceful_books\node_modules\react-dom\cjs\react-dom.development.js:21626:16)
    at HTMLUnknownElement.callCallback (C:\Users\Admin\graceful_books\node_modules\react-dom\cjs\react-dom.development.js:4164:14)
    at HTMLUnknownElement.callTheUserObjectsOperation (C:\Users\Admin\graceful_books\node_modules\jsdom\lib\jsdom\living\generated\EventListener.js:26:30)
    at innerInvokeEventListeners (C:\Users\Admin\graceful_books\node_modules\jsdom\lib\jsdom\living\events\EventTarget-impl.js:350:25)
    at invokeEventListeners (C:\Users\Admin\graceful_books\node_modules\jsdom\lib\jsdom\living\events\EventTarget-impl.js:286:3)
    at HTMLUnknownElementImpl._dispatch (C:\Users\Admin\graceful_books\node_modules\jsdom\lib\jsdom\living\events\EventTarget-impl.js:233:9)
Error: Uncaught [Error: useAuth must be used within an AuthProvider]
    at reportException (C:\Users\Admin\graceful_books\node_modules\jsdom\lib\jsdom\living\helpers\runtime-script-errors.js:66:24)
    at innerInvokeEventListeners (C:\Users\Admin\graceful_books\node_modules\jsdom\lib\jsdom\living\events\EventTarget-impl.js:353:9)
    at invokeEventListeners (C:\Users\Admin\graceful_books\node_modules\jsdom\lib\jsdom\living\events\EventTarget-impl.js:286:3)
    at HTMLUnknownElementImpl._dispatch (C:\Users\Admin\graceful_books\node_modules\jsdom\lib\jsdom\living\events\EventTarget-impl.js:233:9)
    at HTMLUnknownElementImpl.dispatchEvent (C:\Users\Admin\graceful_books\node_modules\jsdom\lib\jsdom\living\events\EventTarget-impl.js:104:17)
    at HTMLUnknownElement.dispatchEvent (C:\Users\Admin\graceful_books\node_modules\jsdom\lib\jsdom\living\generated\EventTarget.js:241:34)
    at Object.invokeGuardedCallbackDev (C:\Users\Admin\graceful_books\node_modules\react-dom\cjs\react-dom.development.js:4213:16)
    at invokeGuardedCallback (C:\Users\Admin\graceful_books\node_modules\react-dom\cjs\react-dom.development.js:4277:31)
    at beginWork$1 (C:\Users\Admin\graceful_books\node_modules\react-dom\cjs\react-dom.development.js:27490:7)
    at performUnitOfWork (C:\Users\Admin\graceful_books\node_modules\react-dom\cjs\react-dom.development.js:26599:12) Error: useAuth must be used within an AuthProvider
    at useAuth (C:/Users/Admin/graceful_books/src/contexts/AuthContext.tsx:120:11)
    at Dashboard (C:/Users/Admin/graceful_books/src/pages/Dashboard.tsx:21:25)
    at renderWithHooks (C:\Users\Admin\graceful_books\node_modules\react-dom\cjs\react-dom.development.js:15486:18)
    at mountIndeterminateComponent (C:\Users\Admin\graceful_books\node_modules\react-dom\cjs\react-dom.development.js:20103:13)
    at beginWork (C:\Users\Admin\graceful_books\node_modules\react-dom\cjs\react-dom.development.js:21626:16)
    at HTMLUnknownElement.callCallback (C:\Users\Admin\graceful_books\node_modules\react-dom\cjs\react-dom.development.js:4164:14)
    at HTMLUnknownElement.callTheUserObjectsOperation (C:\Users\Admin\graceful_books\node_modules\jsdom\lib\jsdom\living\generated\EventListener.js:26:30)
    at innerInvokeEventListeners (C:\Users\Admin\graceful_books\node_modules\jsdom\lib\jsdom\living\events\EventTarget-impl.js:350:25)
    at invokeEventListeners (C:\Users\Admin\graceful_books\node_modules\jsdom\lib\jsdom\living\events\EventTarget-impl.js:286:3)
    at HTMLUnknownElementImpl._dispatch (C:\Users\Admin\graceful_books\node_modules\jsdom\lib\jsdom\living\events\EventTarget-impl.js:233:9)
Error: Uncaught [Error: useAuth must be used within an AuthProvider]
    at reportException (C:\Users\Admin\graceful_books\node_modules\jsdom\lib\jsdom\living\helpers\runtime-script-errors.js:66:24)
    at innerInvokeEventListeners (C:\Users\Admin\graceful_books\node_modules\jsdom\lib\jsdom\living\events\EventTarget-impl.js:353:9)
    at invokeEventListeners (C:\Users\Admin\graceful_books\node_modules\jsdom\lib\jsdom\living\events\EventTarget-impl.js:286:3)
    at HTMLUnknownElementImpl._dispatch (C:\Users\Admin\graceful_books\node_modules\jsdom\lib\jsdom\living\events\EventTarget-impl.js:233:9)
    at HTMLUnknownElementImpl.dispatchEvent (C:\Users\Admin\graceful_books\node_modules\jsdom\lib\jsdom\living\events\EventTarget-impl.js:104:17)
    at HTMLUnknownElement.dispatchEvent (C:\Users\Admin\graceful_books\node_modules\jsdom\lib\jsdom\living\generated\EventTarget.js:241:34)
    at Object.invokeGuardedCallbackDev (C:\Users\Admin\graceful_books\node_modules\react-dom\cjs\react-dom.development.js:4213:16)
    at invokeGuardedCallback (C:\Users\Admin\graceful_books\node_modules\react-dom\cjs\react-dom.development.js:4277:31)
    at beginWork$1 (C:\Users\Admin\graceful_books\node_modules\react-dom\cjs\react-dom.development.js:27490:7)
    at performUnitOfWork (C:\Users\Admin\graceful_books\node_modules\react-dom\cjs\react-dom.development.js:26599:12) Error: useAuth must be used within an AuthProvider
    at useAuth (C:/Users/Admin/graceful_books/src/contexts/AuthContext.tsx:120:11)
    at Dashboard (C:/Users/Admin/graceful_books/src/pages/Dashboard.tsx:21:25)
    at renderWithHooks (C:\Users\Admin\graceful_books\node_modules\react-dom\cjs\react-dom.development.js:15486:18)
    at mountIndeterminateComponent (C:\Users\Admin\graceful_books\node_modules\react-dom\cjs\react-dom.development.js:20103:13)
    at beginWork (C:\Users\Admin\graceful_books\node_modules\react-dom\cjs\react-dom.development.js:21626:16)
    at HTMLUnknownElement.callCallback (C:\Users\Admin\graceful_books\node_modules\react-dom\cjs\react-dom.development.js:4164:14)
    at HTMLUnknownElement.callTheUserObjectsOperation (C:\Users\Admin\graceful_books\node_modules\jsdom\lib\jsdom\living\generated\EventListener.js:26:30)
    at innerInvokeEventListeners (C:\Users\Admin\graceful_books\node_modules\jsdom\lib\jsdom\living\events\EventTarget-impl.js:350:25)
    at invokeEventListeners (C:\Users\Admin\graceful_books\node_modules\jsdom\lib\jsdom\living\events\EventTarget-impl.js:286:3)
    at HTMLUnknownElementImpl._dispatch (C:\Users\Admin\graceful_books\node_modules\jsdom\lib\jsdom\living\events\EventTarget-impl.js:233:9)
Error: Uncaught [Error: useAuth must be used within an AuthProvider]
    at reportException (C:\Users\Admin\graceful_books\node_modules\jsdom\lib\jsdom\living\helpers\runtime-script-errors.js:66:24)
    at innerInvokeEventListeners (C:\Users\Admin\graceful_books\node_modules\jsdom\lib\jsdom\living\events\EventTarget-impl.js:353:9)
    at invokeEventListeners (C:\Users\Admin\graceful_books\node_modules\jsdom\lib\jsdom\living\events\EventTarget-impl.js:286:3)
    at HTMLUnknownElementImpl._dispatch (C:\Users\Admin\graceful_books\node_modules\jsdom\lib\jsdom\living\events\EventTarget-impl.js:233:9)
    at HTMLUnknownElementImpl.dispatchEvent (C:\Users\Admin\graceful_books\node_modules\jsdom\lib\jsdom\living\events\EventTarget-impl.js:104:17)
    at HTMLUnknownElement.dispatchEvent (C:\Users\Admin\graceful_books\node_modules\jsdom\lib\jsdom\living\generated\EventTarget.js:241:34)
    at Object.invokeGuardedCallbackDev (C:\Users\Admin\graceful_books\node_modules\react-dom\cjs\react-dom.development.js:4213:16)
    at invokeGuardedCallback (C:\Users\Admin\graceful_books\node_modules\react-dom\cjs\react-dom.development.js:4277:31)
    at beginWork$1 (C:\Users\Admin\graceful_books\node_modules\react-dom\cjs\react-dom.development.js:27490:7)
    at performUnitOfWork (C:\Users\Admin\graceful_books\node_modules\react-dom\cjs\react-dom.development.js:26599:12) Error: useAuth must be used within an AuthProvider
    at useAuth (C:/Users/Admin/graceful_books/src/contexts/AuthContext.tsx:120:11)
    at Dashboard (C:/Users/Admin/graceful_books/src/pages/Dashboard.tsx:21:25)
    at renderWithHooks (C:\Users\Admin\graceful_books\node_modules\react-dom\cjs\react-dom.development.js:15486:18)
    at mountIndeterminateComponent (C:\Users\Admin\graceful_books\node_modules\react-dom\cjs\react-dom.development.js:20103:13)
    at beginWork (C:\Users\Admin\graceful_books\node_modules\react-dom\cjs\react-dom.development.js:21626:16)
    at HTMLUnknownElement.callCallback (C:\Users\Admin\graceful_books\node_modules\react-dom\cjs\react-dom.development.js:4164:14)
    at HTMLUnknownElement.callTheUserObjectsOperation (C:\Users\Admin\graceful_books\node_modules\jsdom\lib\jsdom\living\generated\EventListener.js:26:30)
    at innerInvokeEventListeners (C:\Users\Admin\graceful_books\node_modules\jsdom\lib\jsdom\living\events\EventTarget-impl.js:350:25)
    at invokeEventListeners (C:\Users\Admin\graceful_books\node_modules\jsdom\lib\jsdom\living\events\EventTarget-impl.js:286:3)
    at HTMLUnknownElementImpl._dispatch (C:\Users\Admin\graceful_books\node_modules\jsdom\lib\jsdom\living\events\EventTarget-impl.js:233:9)
Error: Uncaught [Error: useAuth must be used within an AuthProvider]
    at reportException (C:\Users\Admin\graceful_books\node_modules\jsdom\lib\jsdom\living\helpers\runtime-script-errors.js:66:24)
    at innerInvokeEventListeners (C:\Users\Admin\graceful_books\node_modules\jsdom\lib\jsdom\living\events\EventTarget-impl.js:353:9)
    at invokeEventListeners (C:\Users\Admin\graceful_books\node_modules\jsdom\lib\jsdom\living\events\EventTarget-impl.js:286:3)
    at HTMLUnknownElementImpl._dispatch (C:\Users\Admin\graceful_books\node_modules\jsdom\lib\jsdom\living\events\EventTarget-impl.js:233:9)
    at HTMLUnknownElementImpl.dispatchEvent (C:\Users\Admin\graceful_books\node_modules\jsdom\lib\jsdom\living\events\EventTarget-impl.js:104:17)
    at HTMLUnknownElement.dispatchEvent (C:\Users\Admin\graceful_books\node_modules\jsdom\lib\jsdom\living\generated\EventTarget.js:241:34)
    at Object.invokeGuardedCallbackDev (C:\Users\Admin\graceful_books\node_modules\react-dom\cjs\react-dom.development.js:4213:16)
    at invokeGuardedCallback (C:\Users\Admin\graceful_books\node_modules\react-dom\cjs\react-dom.development.js:4277:31)
    at beginWork$1 (C:\Users\Admin\graceful_books\node_modules\react-dom\cjs\react-dom.development.js:27490:7)
    at performUnitOfWork (C:\Users\Admin\graceful_books\node_modules\react-dom\cjs\react-dom.development.js:26599:12) Error: useAuth must be used within an AuthProvider
    at useAuth (C:/Users/Admin/graceful_books/src/contexts/AuthContext.tsx:120:11)
    at Dashboard (C:/Users/Admin/graceful_books/src/pages/Dashboard.tsx:21:25)
    at renderWithHooks (C:\Users\Admin\graceful_books\node_modules\react-dom\cjs\react-dom.development.js:15486:18)
    at mountIndeterminateComponent (C:\Users\Admin\graceful_books\node_modules\react-dom\cjs\react-dom.development.js:20103:13)
    at beginWork (C:\Users\Admin\graceful_books\node_modules\react-dom\cjs\react-dom.development.js:21626:16)
    at HTMLUnknownElement.callCallback (C:\Users\Admin\graceful_books\node_modules\react-dom\cjs\react-dom.development.js:4164:14)
    at HTMLUnknownElement.callTheUserObjectsOperation (C:\Users\Admin\graceful_books\node_modules\jsdom\lib\jsdom\living\generated\EventListener.js:26:30)
    at innerInvokeEventListeners (C:\Users\Admin\graceful_books\node_modules\jsdom\lib\jsdom\living\events\EventTarget-impl.js:350:25)
    at invokeEventListeners (C:\Users\Admin\graceful_books\node_modules\jsdom\lib\jsdom\living\events\EventTarget-impl.js:286:3)
    at HTMLUnknownElementImpl._dispatch (C:\Users\Admin\graceful_books\node_modules\jsdom\lib\jsdom\living\events\EventTarget-impl.js:233:9)
Error: Uncaught [Error: useAuth must be used within an AuthProvider]
    at reportException (C:\Users\Admin\graceful_books\node_modules\jsdom\lib\jsdom\living\helpers\runtime-script-errors.js:66:24)
    at innerInvokeEventListeners (C:\Users\Admin\graceful_books\node_modules\jsdom\lib\jsdom\living\events\EventTarget-impl.js:353:9)
    at invokeEventListeners (C:\Users\Admin\graceful_books\node_modules\jsdom\lib\jsdom\living\events\EventTarget-impl.js:286:3)
    at HTMLUnknownElementImpl._dispatch (C:\Users\Admin\graceful_books\node_modules\jsdom\lib\jsdom\living\events\EventTarget-impl.js:233:9)
    at HTMLUnknownElementImpl.dispatchEvent (C:\Users\Admin\graceful_books\node_modules\jsdom\lib\jsdom\living\events\EventTarget-impl.js:104:17)
    at HTMLUnknownElement.dispatchEvent (C:\Users\Admin\graceful_books\node_modules\jsdom\lib\jsdom\living\generated\EventTarget.js:241:34)
    at Object.invokeGuardedCallbackDev (C:\Users\Admin\graceful_books\node_modules\react-dom\cjs\react-dom.development.js:4213:16)
    at invokeGuardedCallback (C:\Users\Admin\graceful_books\node_modules\react-dom\cjs\react-dom.development.js:4277:31)
    at beginWork$1 (C:\Users\Admin\graceful_books\node_modules\react-dom\cjs\react-dom.development.js:27490:7)
    at performUnitOfWork (C:\Users\Admin\graceful_books\node_modules\react-dom\cjs\react-dom.development.js:26599:12) Error: useAuth must be used within an AuthProvider
    at useAuth (C:/Users/Admin/graceful_books/src/contexts/AuthContext.tsx:120:11)
    at Dashboard (C:/Users/Admin/graceful_books/src/pages/Dashboard.tsx:21:25)
    at renderWithHooks (C:\Users\Admin\graceful_books\node_modules\react-dom\cjs\react-dom.development.js:15486:18)
    at mountIndeterminateComponent (C:\Users\Admin\graceful_books\node_modules\react-dom\cjs\react-dom.development.js:20103:13)
    at beginWork (C:\Users\Admin\graceful_books\node_modules\react-dom\cjs\react-dom.development.js:21626:16)
    at HTMLUnknownElement.callCallback (C:\Users\Admin\graceful_books\node_modules\react-dom\cjs\react-dom.development.js:4164:14)
    at HTMLUnknownElement.callTheUserObjectsOperation (C:\Users\Admin\graceful_books\node_modules\jsdom\lib\jsdom\living\generated\EventListener.js:26:30)
    at innerInvokeEventListeners (C:\Users\Admin\graceful_books\node_modules\jsdom\lib\jsdom\living\events\EventTarget-impl.js:350:25)
    at invokeEventListeners (C:\Users\Admin\graceful_books\node_modules\jsdom\lib\jsdom\living\events\EventTarget-impl.js:286:3)
    at HTMLUnknownElementImpl._dispatch (C:\Users\Admin\graceful_books\node_modules\jsdom\lib\jsdom\living\events\EventTarget-impl.js:233:9)
Error: Uncaught [Error: useAuth must be used within an AuthProvider]
    at reportException (C:\Users\Admin\graceful_books\node_modules\jsdom\lib\jsdom\living\helpers\runtime-script-errors.js:66:24)
    at innerInvokeEventListeners (C:\Users\Admin\graceful_books\node_modules\jsdom\lib\jsdom\living\events\EventTarget-impl.js:353:9)
    at invokeEventListeners (C:\Users\Admin\graceful_books\node_modules\jsdom\lib\jsdom\living\events\EventTarget-impl.js:286:3)
    at HTMLUnknownElementImpl._dispatch (C:\Users\Admin\graceful_books\node_modules\jsdom\lib\jsdom\living\events\EventTarget-impl.js:233:9)
    at HTMLUnknownElementImpl.dispatchEvent (C:\Users\Admin\graceful_books\node_modules\jsdom\lib\jsdom\living\events\EventTarget-impl.js:104:17)
    at HTMLUnknownElement.dispatchEvent (C:\Users\Admin\graceful_books\node_modules\jsdom\lib\jsdom\living\generated\EventTarget.js:241:34)
    at Object.invokeGuardedCallbackDev (C:\Users\Admin\graceful_books\node_modules\react-dom\cjs\react-dom.development.js:4213:16)
    at invokeGuardedCallback (C:\Users\Admin\graceful_books\node_modules\react-dom\cjs\react-dom.development.js:4277:31)
    at beginWork$1 (C:\Users\Admin\graceful_books\node_modules\react-dom\cjs\react-dom.development.js:27490:7)
    at performUnitOfWork (C:\Users\Admin\graceful_books\node_modules\react-dom\cjs\react-dom.development.js:26599:12) Error: useAuth must be used within an AuthProvider
    at useAuth (C:/Users/Admin/graceful_books/src/contexts/AuthContext.tsx:120:11)
    at Dashboard (C:/Users/Admin/graceful_books/src/pages/Dashboard.tsx:21:25)
    at renderWithHooks (C:\Users\Admin\graceful_books\node_modules\react-dom\cjs\react-dom.development.js:15486:18)
    at mountIndeterminateComponent (C:\Users\Admin\graceful_books\node_modules\react-dom\cjs\react-dom.development.js:20103:13)
    at beginWork (C:\Users\Admin\graceful_books\node_modules\react-dom\cjs\react-dom.development.js:21626:16)
    at HTMLUnknownElement.callCallback (C:\Users\Admin\graceful_books\node_modules\react-dom\cjs\react-dom.development.js:4164:14)
    at HTMLUnknownElement.callTheUserObjectsOperation (C:\Users\Admin\graceful_books\node_modules\jsdom\lib\jsdom\living\generated\EventListener.js:26:30)
    at innerInvokeEventListeners (C:\Users\Admin\graceful_books\node_modules\jsdom\lib\jsdom\living\events\EventTarget-impl.js:350:25)
    at invokeEventListeners (C:\Users\Admin\graceful_books\node_modules\jsdom\lib\jsdom\living\events\EventTarget-impl.js:286:3)
    at HTMLUnknownElementImpl._dispatch (C:\Users\Admin\graceful_books\node_modules\jsdom\lib\jsdom\living\events\EventTarget-impl.js:233:9)
Error: Uncaught [Error: useAuth must be used within an AuthProvider]
    at reportException (C:\Users\Admin\graceful_books\node_modules\jsdom\lib\jsdom\living\helpers\runtime-script-errors.js:66:24)
    at innerInvokeEventListeners (C:\Users\Admin\graceful_books\node_modules\jsdom\lib\jsdom\living\events\EventTarget-impl.js:353:9)
    at invokeEventListeners (C:\Users\Admin\graceful_books\node_modules\jsdom\lib\jsdom\living\events\EventTarget-impl.js:286:3)
    at HTMLUnknownElementImpl._dispatch (C:\Users\Admin\graceful_books\node_modules\jsdom\lib\jsdom\living\events\EventTarget-impl.js:233:9)
    at HTMLUnknownElementImpl.dispatchEvent (C:\Users\Admin\graceful_books\node_modules\jsdom\lib\jsdom\living\events\EventTarget-impl.js:104:17)
    at HTMLUnknownElement.dispatchEvent (C:\Users\Admin\graceful_books\node_modules\jsdom\lib\jsdom\living\generated\EventTarget.js:241:34)
    at Object.invokeGuardedCallbackDev (C:\Users\Admin\graceful_books\node_modules\react-dom\cjs\react-dom.development.js:4213:16)
    at invokeGuardedCallback (C:\Users\Admin\graceful_books\node_modules\react-dom\cjs\react-dom.development.js:4277:31)
    at beginWork$1 (C:\Users\Admin\graceful_books\node_modules\react-dom\cjs\react-dom.development.js:27490:7)
    at performUnitOfWork (C:\Users\Admin\graceful_books\node_modules\react-dom\cjs\react-dom.development.js:26599:12) Error: useAuth must be used within an AuthProvider
    at useAuth (C:/Users/Admin/graceful_books/src/contexts/AuthContext.tsx:120:11)
    at Dashboard (C:/Users/Admin/graceful_books/src/pages/Dashboard.tsx:21:25)
    at renderWithHooks (C:\Users\Admin\graceful_books\node_modules\react-dom\cjs\react-dom.development.js:15486:18)
    at mountIndeterminateComponent (C:\Users\Admin\graceful_books\node_modules\react-dom\cjs\react-dom.development.js:20103:13)
    at beginWork (C:\Users\Admin\graceful_books\node_modules\react-dom\cjs\react-dom.development.js:21626:16)
    at HTMLUnknownElement.callCallback (C:\Users\Admin\graceful_books\node_modules\react-dom\cjs\react-dom.development.js:4164:14)
    at HTMLUnknownElement.callTheUserObjectsOperation (C:\Users\Admin\graceful_books\node_modules\jsdom\lib\jsdom\living\generated\EventListener.js:26:30)
    at innerInvokeEventListeners (C:\Users\Admin\graceful_books\node_modules\jsdom\lib\jsdom\living\events\EventTarget-impl.js:350:25)
    at invokeEventListeners (C:\Users\Admin\graceful_books\node_modules\jsdom\lib\jsdom\living\events\EventTarget-impl.js:286:3)
    at HTMLUnknownElementImpl._dispatch (C:\Users\Admin\graceful_books\node_modules\jsdom\lib\jsdom\living\events\EventTarget-impl.js:233:9)
Error: Uncaught [Error: useAuth must be used within an AuthProvider]
    at reportException (C:\Users\Admin\graceful_books\node_modules\jsdom\lib\jsdom\living\helpers\runtime-script-errors.js:66:24)
    at innerInvokeEventListeners (C:\Users\Admin\graceful_books\node_modules\jsdom\lib\jsdom\living\events\EventTarget-impl.js:353:9)
    at invokeEventListeners (C:\Users\Admin\graceful_books\node_modules\jsdom\lib\jsdom\living\events\EventTarget-impl.js:286:3)
    at HTMLUnknownElementImpl._dispatch (C:\Users\Admin\graceful_books\node_modules\jsdom\lib\jsdom\living\events\EventTarget-impl.js:233:9)
    at HTMLUnknownElementImpl.dispatchEvent (C:\Users\Admin\graceful_books\node_modules\jsdom\lib\jsdom\living\events\EventTarget-impl.js:104:17)
    at HTMLUnknownElement.dispatchEvent (C:\Users\Admin\graceful_books\node_modules\jsdom\lib\jsdom\living\generated\EventTarget.js:241:34)
    at Object.invokeGuardedCallbackDev (C:\Users\Admin\graceful_books\node_modules\react-dom\cjs\react-dom.development.js:4213:16)
    at invokeGuardedCallback (C:\Users\Admin\graceful_books\node_modules\react-dom\cjs\react-dom.development.js:4277:31)
    at beginWork$1 (C:\Users\Admin\graceful_books\node_modules\react-dom\cjs\react-dom.development.js:27490:7)
    at performUnitOfWork (C:\Users\Admin\graceful_books\node_modules\react-dom\cjs\react-dom.development.js:26599:12) Error: useAuth must be used within an AuthProvider
    at useAuth (C:/Users/Admin/graceful_books/src/contexts/AuthContext.tsx:120:11)
    at Dashboard (C:/Users/Admin/graceful_books/src/pages/Dashboard.tsx:21:25)
    at renderWithHooks (C:\Users\Admin\graceful_books\node_modules\react-dom\cjs\react-dom.development.js:15486:18)
    at mountIndeterminateComponent (C:\Users\Admin\graceful_books\node_modules\react-dom\cjs\react-dom.development.js:20103:13)
    at beginWork (C:\Users\Admin\graceful_books\node_modules\react-dom\cjs\react-dom.development.js:21626:16)
    at HTMLUnknownElement.callCallback (C:\Users\Admin\graceful_books\node_modules\react-dom\cjs\react-dom.development.js:4164:14)
    at HTMLUnknownElement.callTheUserObjectsOperation (C:\Users\Admin\graceful_books\node_modules\jsdom\lib\jsdom\living\generated\EventListener.js:26:30)
    at innerInvokeEventListeners (C:\Users\Admin\graceful_books\node_modules\jsdom\lib\jsdom\living\events\EventTarget-impl.js:350:25)
    at invokeEventListeners (C:\Users\Admin\graceful_books\node_modules\jsdom\lib\jsdom\living\events\EventTarget-impl.js:286:3)
    at HTMLUnknownElementImpl._dispatch (C:\Users\Admin\graceful_books\node_modules\jsdom\lib\jsdom\living\events\EventTarget-impl.js:233:9)
Error: Uncaught [Error: useAuth must be used within an AuthProvider]
    at reportException (C:\Users\Admin\graceful_books\node_modules\jsdom\lib\jsdom\living\helpers\runtime-script-errors.js:66:24)
    at innerInvokeEventListeners (C:\Users\Admin\graceful_books\node_modules\jsdom\lib\jsdom\living\events\EventTarget-impl.js:353:9)
    at invokeEventListeners (C:\Users\Admin\graceful_books\node_modules\jsdom\lib\jsdom\living\events\EventTarget-impl.js:286:3)
    at HTMLUnknownElementImpl._dispatch (C:\Users\Admin\graceful_books\node_modules\jsdom\lib\jsdom\living\events\EventTarget-impl.js:233:9)
    at HTMLUnknownElementImpl.dispatchEvent (C:\Users\Admin\graceful_books\node_modules\jsdom\lib\jsdom\living\events\EventTarget-impl.js:104:17)
    at HTMLUnknownElement.dispatchEvent (C:\Users\Admin\graceful_books\node_modules\jsdom\lib\jsdom\living\generated\EventTarget.js:241:34)
    at Object.invokeGuardedCallbackDev (C:\Users\Admin\graceful_books\node_modules\react-dom\cjs\react-dom.development.js:4213:16)
    at invokeGuardedCallback (C:\Users\Admin\graceful_books\node_modules\react-dom\cjs\react-dom.development.js:4277:31)
    at beginWork$1 (C:\Users\Admin\graceful_books\node_modules\react-dom\cjs\react-dom.development.js:27490:7)
    at performUnitOfWork (C:\Users\Admin\graceful_books\node_modules\react-dom\cjs\react-dom.development.js:26599:12) Error: useAuth must be used within an AuthProvider
    at useAuth (C:/Users/Admin/graceful_books/src/contexts/AuthContext.tsx:120:11)
    at Dashboard (C:/Users/Admin/graceful_books/src/pages/Dashboard.tsx:21:25)
    at renderWithHooks (C:\Users\Admin\graceful_books\node_modules\react-dom\cjs\react-dom.development.js:15486:18)
    at mountIndeterminateComponent (C:\Users\Admin\graceful_books\node_modules\react-dom\cjs\react-dom.development.js:20103:13)
    at beginWork (C:\Users\Admin\graceful_books\node_modules\react-dom\cjs\react-dom.development.js:21626:16)
    at HTMLUnknownElement.callCallback (C:\Users\Admin\graceful_books\node_modules\react-dom\cjs\react-dom.development.js:4164:14)
    at HTMLUnknownElement.callTheUserObjectsOperation (C:\Users\Admin\graceful_books\node_modules\jsdom\lib\jsdom\living\generated\EventListener.js:26:30)
    at innerInvokeEventListeners (C:\Users\Admin\graceful_books\node_modules\jsdom\lib\jsdom\living\events\EventTarget-impl.js:350:25)
    at invokeEventListeners (C:\Users\Admin\graceful_books\node_modules\jsdom\lib\jsdom\living\events\EventTarget-impl.js:286:3)
    at HTMLUnknownElementImpl._dispatch (C:\Users\Admin\graceful_books\node_modules\jsdom\lib\jsdom\living\events\EventTarget-impl.js:233:9)
Error: Uncaught [Error: useAuth must be used within an AuthProvider]
    at reportException (C:\Users\Admin\graceful_books\node_modules\jsdom\lib\jsdom\living\helpers\runtime-script-errors.js:66:24)
    at innerInvokeEventListeners (C:\Users\Admin\graceful_books\node_modules\jsdom\lib\jsdom\living\events\EventTarget-impl.js:353:9)
    at invokeEventListeners (C:\Users\Admin\graceful_books\node_modules\jsdom\lib\jsdom\living\events\EventTarget-impl.js:286:3)
    at HTMLUnknownElementImpl._dispatch (C:\Users\Admin\graceful_books\node_modules\jsdom\lib\jsdom\living\events\EventTarget-impl.js:233:9)
    at HTMLUnknownElementImpl.dispatchEvent (C:\Users\Admin\graceful_books\node_modules\jsdom\lib\jsdom\living\events\EventTarget-impl.js:104:17)
    at HTMLUnknownElement.dispatchEvent (C:\Users\Admin\graceful_books\node_modules\jsdom\lib\jsdom\living\generated\EventTarget.js:241:34)
    at Object.invokeGuardedCallbackDev (C:\Users\Admin\graceful_books\node_modules\react-dom\cjs\react-dom.development.js:4213:16)
    at invokeGuardedCallback (C:\Users\Admin\graceful_books\node_modules\react-dom\cjs\react-dom.development.js:4277:31)
    at beginWork$1 (C:\Users\Admin\graceful_books\node_modules\react-dom\cjs\react-dom.development.js:27490:7)
    at performUnitOfWork (C:\Users\Admin\graceful_books\node_modules\react-dom\cjs\react-dom.development.js:26599:12) Error: useAuth must be used within an AuthProvider
    at useAuth (C:/Users/Admin/graceful_books/src/contexts/AuthContext.tsx:120:11)
    at Dashboard (C:/Users/Admin/graceful_books/src/pages/Dashboard.tsx:21:25)
    at renderWithHooks (C:\Users\Admin\graceful_books\node_modules\react-dom\cjs\react-dom.development.js:15486:18)
    at mountIndeterminateComponent (C:\Users\Admin\graceful_books\node_modules\react-dom\cjs\react-dom.development.js:20103:13)
    at beginWork (C:\Users\Admin\graceful_books\node_modules\react-dom\cjs\react-dom.development.js:21626:16)
    at HTMLUnknownElement.callCallback (C:\Users\Admin\graceful_books\node_modules\react-dom\cjs\react-dom.development.js:4164:14)
    at HTMLUnknownElement.callTheUserObjectsOperation (C:\Users\Admin\graceful_books\node_modules\jsdom\lib\jsdom\living\generated\EventListener.js:26:30)
    at innerInvokeEventListeners (C:\Users\Admin\graceful_books\node_modules\jsdom\lib\jsdom\living\events\EventTarget-impl.js:350:25)
    at invokeEventListeners (C:\Users\Admin\graceful_books\node_modules\jsdom\lib\jsdom\living\events\EventTarget-impl.js:286:3)
    at HTMLUnknownElementImpl._dispatch (C:\Users\Admin\graceful_books\node_modules\jsdom\lib\jsdom\living\events\EventTarget-impl.js:233:9)
Error: Uncaught [Error: useAuth must be used within an AuthProvider]
    at reportException (C:\Users\Admin\graceful_books\node_modules\jsdom\lib\jsdom\living\helpers\runtime-script-errors.js:66:24)
    at innerInvokeEventListeners (C:\Users\Admin\graceful_books\node_modules\jsdom\lib\jsdom\living\events\EventTarget-impl.js:353:9)
    at invokeEventListeners (C:\Users\Admin\graceful_books\node_modules\jsdom\lib\jsdom\living\events\EventTarget-impl.js:286:3)
    at HTMLUnknownElementImpl._dispatch (C:\Users\Admin\graceful_books\node_modules\jsdom\lib\jsdom\living\events\EventTarget-impl.js:233:9)
    at HTMLUnknownElementImpl.dispatchEvent (C:\Users\Admin\graceful_books\node_modules\jsdom\lib\jsdom\living\events\EventTarget-impl.js:104:17)
    at HTMLUnknownElement.dispatchEvent (C:\Users\Admin\graceful_books\node_modules\jsdom\lib\jsdom\living\generated\EventTarget.js:241:34)
    at Object.invokeGuardedCallbackDev (C:\Users\Admin\graceful_books\node_modules\react-dom\cjs\react-dom.development.js:4213:16)
    at invokeGuardedCallback (C:\Users\Admin\graceful_books\node_modules\react-dom\cjs\react-dom.development.js:4277:31)
    at beginWork$1 (C:\Users\Admin\graceful_books\node_modules\react-dom\cjs\react-dom.development.js:27490:7)
    at performUnitOfWork (C:\Users\Admin\graceful_books\node_modules\react-dom\cjs\react-dom.development.js:26599:12) Error: useAuth must be used within an AuthProvider
    at useAuth (C:/Users/Admin/graceful_books/src/contexts/AuthContext.tsx:120:11)
    at Dashboard (C:/Users/Admin/graceful_books/src/pages/Dashboard.tsx:21:25)
    at renderWithHooks (C:\Users\Admin\graceful_books\node_modules\react-dom\cjs\react-dom.development.js:15486:18)
    at mountIndeterminateComponent (C:\Users\Admin\graceful_books\node_modules\react-dom\cjs\react-dom.development.js:20103:13)
    at beginWork (C:\Users\Admin\graceful_books\node_modules\react-dom\cjs\react-dom.development.js:21626:16)
    at HTMLUnknownElement.callCallback (C:\Users\Admin\graceful_books\node_modules\react-dom\cjs\react-dom.development.js:4164:14)
    at HTMLUnknownElement.callTheUserObjectsOperation (C:\Users\Admin\graceful_books\node_modules\jsdom\lib\jsdom\living\generated\EventListener.js:26:30)
    at innerInvokeEventListeners (C:\Users\Admin\graceful_books\node_modules\jsdom\lib\jsdom\living\events\EventTarget-impl.js:350:25)
    at invokeEventListeners (C:\Users\Admin\graceful_books\node_modules\jsdom\lib\jsdom\living\events\EventTarget-impl.js:286:3)
    at HTMLUnknownElementImpl._dispatch (C:\Users\Admin\graceful_books\node_modules\jsdom\lib\jsdom\living\events\EventTarget-impl.js:233:9)
Error: Uncaught [Error: useAuth must be used within an AuthProvider]
    at reportException (C:\Users\Admin\graceful_books\node_modules\jsdom\lib\jsdom\living\helpers\runtime-script-errors.js:66:24)
    at innerInvokeEventListeners (C:\Users\Admin\graceful_books\node_modules\jsdom\lib\jsdom\living\events\EventTarget-impl.js:353:9)
    at invokeEventListeners (C:\Users\Admin\graceful_books\node_modules\jsdom\lib\jsdom\living\events\EventTarget-impl.js:286:3)
    at HTMLUnknownElementImpl._dispatch (C:\Users\Admin\graceful_books\node_modules\jsdom\lib\jsdom\living\events\EventTarget-impl.js:233:9)
    at HTMLUnknownElementImpl.dispatchEvent (C:\Users\Admin\graceful_books\node_modules\jsdom\lib\jsdom\living\events\EventTarget-impl.js:104:17)
    at HTMLUnknownElement.dispatchEvent (C:\Users\Admin\graceful_books\node_modules\jsdom\lib\jsdom\living\generated\EventTarget.js:241:34)
    at Object.invokeGuardedCallbackDev (C:\Users\Admin\graceful_books\node_modules\react-dom\cjs\react-dom.development.js:4213:16)
    at invokeGuardedCallback (C:\Users\Admin\graceful_books\node_modules\react-dom\cjs\react-dom.development.js:4277:31)
    at beginWork$1 (C:\Users\Admin\graceful_books\node_modules\react-dom\cjs\react-dom.development.js:27490:7)
    at performUnitOfWork (C:\Users\Admin\graceful_books\node_modules\react-dom\cjs\react-dom.development.js:26599:12) Error: useAuth must be used within an AuthProvider
    at useAuth (C:/Users/Admin/graceful_books/src/contexts/AuthContext.tsx:120:11)
    at Dashboard (C:/Users/Admin/graceful_books/src/pages/Dashboard.tsx:21:25)
    at renderWithHooks (C:\Users\Admin\graceful_books\node_modules\react-dom\cjs\react-dom.development.js:15486:18)
    at mountIndeterminateComponent (C:\Users\Admin\graceful_books\node_modules\react-dom\cjs\react-dom.development.js:20103:13)
    at beginWork (C:\Users\Admin\graceful_books\node_modules\react-dom\cjs\react-dom.development.js:21626:16)
    at HTMLUnknownElement.callCallback (C:\Users\Admin\graceful_books\node_modules\react-dom\cjs\react-dom.development.js:4164:14)
    at HTMLUnknownElement.callTheUserObjectsOperation (C:\Users\Admin\graceful_books\node_modules\jsdom\lib\jsdom\living\generated\EventListener.js:26:30)
    at innerInvokeEventListeners (C:\Users\Admin\graceful_books\node_modules\jsdom\lib\jsdom\living\events\EventTarget-impl.js:350:25)
    at invokeEventListeners (C:\Users\Admin\graceful_books\node_modules\jsdom\lib\jsdom\living\events\EventTarget-impl.js:286:3)
    at HTMLUnknownElementImpl._dispatch (C:\Users\Admin\graceful_books\node_modules\jsdom\lib\jsdom\living\events\EventTarget-impl.js:233:9)
Error: Uncaught [Error: useAuth must be used within an AuthProvider]
    at reportException (C:\Users\Admin\graceful_books\node_modules\jsdom\lib\jsdom\living\helpers\runtime-script-errors.js:66:24)
    at innerInvokeEventListeners (C:\Users\Admin\graceful_books\node_modules\jsdom\lib\jsdom\living\events\EventTarget-impl.js:353:9)
    at invokeEventListeners (C:\Users\Admin\graceful_books\node_modules\jsdom\lib\jsdom\living\events\EventTarget-impl.js:286:3)
    at HTMLUnknownElementImpl._dispatch (C:\Users\Admin\graceful_books\node_modules\jsdom\lib\jsdom\living\events\EventTarget-impl.js:233:9)
    at HTMLUnknownElementImpl.dispatchEvent (C:\Users\Admin\graceful_books\node_modules\jsdom\lib\jsdom\living\events\EventTarget-impl.js:104:17)
    at HTMLUnknownElement.dispatchEvent (C:\Users\Admin\graceful_books\node_modules\jsdom\lib\jsdom\living\generated\EventTarget.js:241:34)
    at Object.invokeGuardedCallbackDev (C:\Users\Admin\graceful_books\node_modules\react-dom\cjs\react-dom.development.js:4213:16)
    at invokeGuardedCallback (C:\Users\Admin\graceful_books\node_modules\react-dom\cjs\react-dom.development.js:4277:31)
    at beginWork$1 (C:\Users\Admin\graceful_books\node_modules\react-dom\cjs\react-dom.development.js:27490:7)
    at performUnitOfWork (C:\Users\Admin\graceful_books\node_modules\react-dom\cjs\react-dom.development.js:26599:12) Error: useAuth must be used within an AuthProvider
    at useAuth (C:/Users/Admin/graceful_books/src/contexts/AuthContext.tsx:120:11)
    at Dashboard (C:/Users/Admin/graceful_books/src/pages/Dashboard.tsx:21:25)
    at renderWithHooks (C:\Users\Admin\graceful_books\node_modules\react-dom\cjs\react-dom.development.js:15486:18)
    at mountIndeterminateComponent (C:\Users\Admin\graceful_books\node_modules\react-dom\cjs\react-dom.development.js:20103:13)
    at beginWork (C:\Users\Admin\graceful_books\node_modules\react-dom\cjs\react-dom.development.js:21626:16)
    at HTMLUnknownElement.callCallback (C:\Users\Admin\graceful_books\node_modules\react-dom\cjs\react-dom.development.js:4164:14)
    at HTMLUnknownElement.callTheUserObjectsOperation (C:\Users\Admin\graceful_books\node_modules\jsdom\lib\jsdom\living\generated\EventListener.js:26:30)
    at innerInvokeEventListeners (C:\Users\Admin\graceful_books\node_modules\jsdom\lib\jsdom\living\events\EventTarget-impl.js:350:25)
    at invokeEventListeners (C:\Users\Admin\graceful_books\node_modules\jsdom\lib\jsdom\living\events\EventTarget-impl.js:286:3)
    at HTMLUnknownElementImpl._dispatch (C:\Users\Admin\graceful_books\node_modules\jsdom\lib\jsdom\living\events\EventTarget-impl.js:233:9)
Error: Uncaught [Error: useAuth must be used within an AuthProvider]
    at reportException (C:\Users\Admin\graceful_books\node_modules\jsdom\lib\jsdom\living\helpers\runtime-script-errors.js:66:24)
    at innerInvokeEventListeners (C:\Users\Admin\graceful_books\node_modules\jsdom\lib\jsdom\living\events\EventTarget-impl.js:353:9)
    at invokeEventListeners (C:\Users\Admin\graceful_books\node_modules\jsdom\lib\jsdom\living\events\EventTarget-impl.js:286:3)
    at HTMLUnknownElementImpl._dispatch (C:\Users\Admin\graceful_books\node_modules\jsdom\lib\jsdom\living\events\EventTarget-impl.js:233:9)
    at HTMLUnknownElementImpl.dispatchEvent (C:\Users\Admin\graceful_books\node_modules\jsdom\lib\jsdom\living\events\EventTarget-impl.js:104:17)
    at HTMLUnknownElement.dispatchEvent (C:\Users\Admin\graceful_books\node_modules\jsdom\lib\jsdom\living\generated\EventTarget.js:241:34)
    at Object.invokeGuardedCallbackDev (C:\Users\Admin\graceful_books\node_modules\react-dom\cjs\react-dom.development.js:4213:16)
    at invokeGuardedCallback (C:\Users\Admin\graceful_books\node_modules\react-dom\cjs\react-dom.development.js:4277:31)
    at beginWork$1 (C:\Users\Admin\graceful_books\node_modules\react-dom\cjs\react-dom.development.js:27490:7)
    at performUnitOfWork (C:\Users\Admin\graceful_books\node_modules\react-dom\cjs\react-dom.development.js:26599:12) Error: useAuth must be used within an AuthProvider
    at useAuth (C:/Users/Admin/graceful_books/src/contexts/AuthContext.tsx:120:11)
    at Dashboard (C:/Users/Admin/graceful_books/src/pages/Dashboard.tsx:21:25)
    at renderWithHooks (C:\Users\Admin\graceful_books\node_modules\react-dom\cjs\react-dom.development.js:15486:18)
    at mountIndeterminateComponent (C:\Users\Admin\graceful_books\node_modules\react-dom\cjs\react-dom.development.js:20103:13)
    at beginWork (C:\Users\Admin\graceful_books\node_modules\react-dom\cjs\react-dom.development.js:21626:16)
    at HTMLUnknownElement.callCallback (C:\Users\Admin\graceful_books\node_modules\react-dom\cjs\react-dom.development.js:4164:14)
    at HTMLUnknownElement.callTheUserObjectsOperation (C:\Users\Admin\graceful_books\node_modules\jsdom\lib\jsdom\living\generated\EventListener.js:26:30)
    at innerInvokeEventListeners (C:\Users\Admin\graceful_books\node_modules\jsdom\lib\jsdom\living\events\EventTarget-impl.js:350:25)
    at invokeEventListeners (C:\Users\Admin\graceful_books\node_modules\jsdom\lib\jsdom\living\events\EventTarget-impl.js:286:3)
    at HTMLUnknownElementImpl._dispatch (C:\Users\Admin\graceful_books\node_modules\jsdom\lib\jsdom\living\events\EventTarget-impl.js:233:9)
Error: Uncaught [Error: useAuth must be used within an AuthProvider]
    at reportException (C:\Users\Admin\graceful_books\node_modules\jsdom\lib\jsdom\living\helpers\runtime-script-errors.js:66:24)
    at innerInvokeEventListeners (C:\Users\Admin\graceful_books\node_modules\jsdom\lib\jsdom\living\events\EventTarget-impl.js:353:9)
    at invokeEventListeners (C:\Users\Admin\graceful_books\node_modules\jsdom\lib\jsdom\living\events\EventTarget-impl.js:286:3)
    at HTMLUnknownElementImpl._dispatch (C:\Users\Admin\graceful_books\node_modules\jsdom\lib\jsdom\living\events\EventTarget-impl.js:233:9)
    at HTMLUnknownElementImpl.dispatchEvent (C:\Users\Admin\graceful_books\node_modules\jsdom\lib\jsdom\living\events\EventTarget-impl.js:104:17)
    at HTMLUnknownElement.dispatchEvent (C:\Users\Admin\graceful_books\node_modules\jsdom\lib\jsdom\living\generated\EventTarget.js:241:34)
    at Object.invokeGuardedCallbackDev (C:\Users\Admin\graceful_books\node_modules\react-dom\cjs\react-dom.development.js:4213:16)
    at invokeGuardedCallback (C:\Users\Admin\graceful_books\node_modules\react-dom\cjs\react-dom.development.js:4277:31)
    at beginWork$1 (C:\Users\Admin\graceful_books\node_modules\react-dom\cjs\react-dom.development.js:27490:7)
    at performUnitOfWork (C:\Users\Admin\graceful_books\node_modules\react-dom\cjs\react-dom.development.js:26599:12) Error: useAuth must be used within an AuthProvider
    at useAuth (C:/Users/Admin/graceful_books/src/contexts/AuthContext.tsx:120:11)
    at Dashboard (C:/Users/Admin/graceful_books/src/pages/Dashboard.tsx:21:25)
    at renderWithHooks (C:\Users\Admin\graceful_books\node_modules\react-dom\cjs\react-dom.development.js:15486:18)
    at mountIndeterminateComponent (C:\Users\Admin\graceful_books\node_modules\react-dom\cjs\react-dom.development.js:20103:13)
    at beginWork (C:\Users\Admin\graceful_books\node_modules\react-dom\cjs\react-dom.development.js:21626:16)
    at HTMLUnknownElement.callCallback (C:\Users\Admin\graceful_books\node_modules\react-dom\cjs\react-dom.development.js:4164:14)
    at HTMLUnknownElement.callTheUserObjectsOperation (C:\Users\Admin\graceful_books\node_modules\jsdom\lib\jsdom\living\generated\EventListener.js:26:30)
    at innerInvokeEventListeners (C:\Users\Admin\graceful_books\node_modules\jsdom\lib\jsdom\living\events\EventTarget-impl.js:350:25)
    at invokeEventListeners (C:\Users\Admin\graceful_books\node_modules\jsdom\lib\jsdom\living\events\EventTarget-impl.js:286:3)
    at HTMLUnknownElementImpl._dispatch (C:\Users\Admin\graceful_books\node_modules\jsdom\lib\jsdom\living\events\EventTarget-impl.js:233:9)
Error: Uncaught [Error: useAuth must be used within an AuthProvider]
    at reportException (C:\Users\Admin\graceful_books\node_modules\jsdom\lib\jsdom\living\helpers\runtime-script-errors.js:66:24)
    at innerInvokeEventListeners (C:\Users\Admin\graceful_books\node_modules\jsdom\lib\jsdom\living\events\EventTarget-impl.js:353:9)
    at invokeEventListeners (C:\Users\Admin\graceful_books\node_modules\jsdom\lib\jsdom\living\events\EventTarget-impl.js:286:3)
    at HTMLUnknownElementImpl._dispatch (C:\Users\Admin\graceful_books\node_modules\jsdom\lib\jsdom\living\events\EventTarget-impl.js:233:9)
    at HTMLUnknownElementImpl.dispatchEvent (C:\Users\Admin\graceful_books\node_modules\jsdom\lib\jsdom\living\events\EventTarget-impl.js:104:17)
    at HTMLUnknownElement.dispatchEvent (C:\Users\Admin\graceful_books\node_modules\jsdom\lib\jsdom\living\generated\EventTarget.js:241:34)
    at Object.invokeGuardedCallbackDev (C:\Users\Admin\graceful_books\node_modules\react-dom\cjs\react-dom.development.js:4213:16)
    at invokeGuardedCallback (C:\Users\Admin\graceful_books\node_modules\react-dom\cjs\react-dom.development.js:4277:31)
    at beginWork$1 (C:\Users\Admin\graceful_books\node_modules\react-dom\cjs\react-dom.development.js:27490:7)
    at performUnitOfWork (C:\Users\Admin\graceful_books\node_modules\react-dom\cjs\react-dom.development.js:26599:12) Error: useAuth must be used within an AuthProvider
    at useAuth (C:/Users/Admin/graceful_books/src/contexts/AuthContext.tsx:120:11)
    at Dashboard (C:/Users/Admin/graceful_books/src/pages/Dashboard.tsx:21:25)
    at renderWithHooks (C:\Users\Admin\graceful_books\node_modules\react-dom\cjs\react-dom.development.js:15486:18)
    at mountIndeterminateComponent (C:\Users\Admin\graceful_books\node_modules\react-dom\cjs\react-dom.development.js:20103:13)
    at beginWork (C:\Users\Admin\graceful_books\node_modules\react-dom\cjs\react-dom.development.js:21626:16)
    at HTMLUnknownElement.callCallback (C:\Users\Admin\graceful_books\node_modules\react-dom\cjs\react-dom.development.js:4164:14)
    at HTMLUnknownElement.callTheUserObjectsOperation (C:\Users\Admin\graceful_books\node_modules\jsdom\lib\jsdom\living\generated\EventListener.js:26:30)
    at innerInvokeEventListeners (C:\Users\Admin\graceful_books\node_modules\jsdom\lib\jsdom\living\events\EventTarget-impl.js:350:25)
    at invokeEventListeners (C:\Users\Admin\graceful_books\node_modules\jsdom\lib\jsdom\living\events\EventTarget-impl.js:286:3)
    at HTMLUnknownElementImpl._dispatch (C:\Users\Admin\graceful_books\node_modules\jsdom\lib\jsdom\living\events\EventTarget-impl.js:233:9)
Error: Uncaught [Error: useAuth must be used within an AuthProvider]
    at reportException (C:\Users\Admin\graceful_books\node_modules\jsdom\lib\jsdom\living\helpers\runtime-script-errors.js:66:24)
    at innerInvokeEventListeners (C:\Users\Admin\graceful_books\node_modules\jsdom\lib\jsdom\living\events\EventTarget-impl.js:353:9)
    at invokeEventListeners (C:\Users\Admin\graceful_books\node_modules\jsdom\lib\jsdom\living\events\EventTarget-impl.js:286:3)
    at HTMLUnknownElementImpl._dispatch (C:\Users\Admin\graceful_books\node_modules\jsdom\lib\jsdom\living\events\EventTarget-impl.js:233:9)
    at HTMLUnknownElementImpl.dispatchEvent (C:\Users\Admin\graceful_books\node_modules\jsdom\lib\jsdom\living\events\EventTarget-impl.js:104:17)
    at HTMLUnknownElement.dispatchEvent (C:\Users\Admin\graceful_books\node_modules\jsdom\lib\jsdom\living\generated\EventTarget.js:241:34)
    at Object.invokeGuardedCallbackDev (C:\Users\Admin\graceful_books\node_modules\react-dom\cjs\react-dom.development.js:4213:16)
    at invokeGuardedCallback (C:\Users\Admin\graceful_books\node_modules\react-dom\cjs\react-dom.development.js:4277:31)
    at beginWork$1 (C:\Users\Admin\graceful_books\node_modules\react-dom\cjs\react-dom.development.js:27490:7)
    at performUnitOfWork (C:\Users\Admin\graceful_books\node_modules\react-dom\cjs\react-dom.development.js:26599:12) Error: useAuth must be used within an AuthProvider
    at useAuth (C:/Users/Admin/graceful_books/src/contexts/AuthContext.tsx:120:11)
    at Dashboard (C:/Users/Admin/graceful_books/src/pages/Dashboard.tsx:21:25)
    at renderWithHooks (C:\Users\Admin\graceful_books\node_modules\react-dom\cjs\react-dom.development.js:15486:18)
    at mountIndeterminateComponent (C:\Users\Admin\graceful_books\node_modules\react-dom\cjs\react-dom.development.js:20103:13)
    at beginWork (C:\Users\Admin\graceful_books\node_modules\react-dom\cjs\react-dom.development.js:21626:16)
    at HTMLUnknownElement.callCallback (C:\Users\Admin\graceful_books\node_modules\react-dom\cjs\react-dom.development.js:4164:14)
    at HTMLUnknownElement.callTheUserObjectsOperation (C:\Users\Admin\graceful_books\node_modules\jsdom\lib\jsdom\living\generated\EventListener.js:26:30)
    at innerInvokeEventListeners (C:\Users\Admin\graceful_books\node_modules\jsdom\lib\jsdom\living\events\EventTarget-impl.js:350:25)
    at invokeEventListeners (C:\Users\Admin\graceful_books\node_modules\jsdom\lib\jsdom\living\events\EventTarget-impl.js:286:3)
    at HTMLUnknownElementImpl._dispatch (C:\Users\Admin\graceful_books\node_modules\jsdom\lib\jsdom\living\events\EventTarget-impl.js:233:9)
Error: Uncaught [Error: useAuth must be used within an AuthProvider]
    at reportException (C:\Users\Admin\graceful_books\node_modules\jsdom\lib\jsdom\living\helpers\runtime-script-errors.js:66:24)
    at innerInvokeEventListeners (C:\Users\Admin\graceful_books\node_modules\jsdom\lib\jsdom\living\events\EventTarget-impl.js:353:9)
    at invokeEventListeners (C:\Users\Admin\graceful_books\node_modules\jsdom\lib\jsdom\living\events\EventTarget-impl.js:286:3)
    at HTMLUnknownElementImpl._dispatch (C:\Users\Admin\graceful_books\node_modules\jsdom\lib\jsdom\living\events\EventTarget-impl.js:233:9)
    at HTMLUnknownElementImpl.dispatchEvent (C:\Users\Admin\graceful_books\node_modules\jsdom\lib\jsdom\living\events\EventTarget-impl.js:104:17)
    at HTMLUnknownElement.dispatchEvent (C:\Users\Admin\graceful_books\node_modules\jsdom\lib\jsdom\living\generated\EventTarget.js:241:34)
    at Object.invokeGuardedCallbackDev (C:\Users\Admin\graceful_books\node_modules\react-dom\cjs\react-dom.development.js:4213:16)
    at invokeGuardedCallback (C:\Users\Admin\graceful_books\node_modules\react-dom\cjs\react-dom.development.js:4277:31)
    at beginWork$1 (C:\Users\Admin\graceful_books\node_modules\react-dom\cjs\react-dom.development.js:27490:7)
    at performUnitOfWork (C:\Users\Admin\graceful_books\node_modules\react-dom\cjs\react-dom.development.js:26599:12) Error: useAuth must be used within an AuthProvider
    at useAuth (C:/Users/Admin/graceful_books/src/contexts/AuthContext.tsx:120:11)
    at Dashboard (C:/Users/Admin/graceful_books/src/pages/Dashboard.tsx:21:25)
    at renderWithHooks (C:\Users\Admin\graceful_books\node_modules\react-dom\cjs\react-dom.development.js:15486:18)
    at mountIndeterminateComponent (C:\Users\Admin\graceful_books\node_modules\react-dom\cjs\react-dom.development.js:20103:13)
    at beginWork (C:\Users\Admin\graceful_books\node_modules\react-dom\cjs\react-dom.development.js:21626:16)
    at HTMLUnknownElement.callCallback (C:\Users\Admin\graceful_books\node_modules\react-dom\cjs\react-dom.development.js:4164:14)
    at HTMLUnknownElement.callTheUserObjectsOperation (C:\Users\Admin\graceful_books\node_modules\jsdom\lib\jsdom\living\generated\EventListener.js:26:30)
    at innerInvokeEventListeners (C:\Users\Admin\graceful_books\node_modules\jsdom\lib\jsdom\living\events\EventTarget-impl.js:350:25)
    at invokeEventListeners (C:\Users\Admin\graceful_books\node_modules\jsdom\lib\jsdom\living\events\EventTarget-impl.js:286:3)
    at HTMLUnknownElementImpl._dispatch (C:\Users\Admin\graceful_books\node_modules\jsdom\lib\jsdom\living\events\EventTarget-impl.js:233:9)
Error: Uncaught [Error: useAuth must be used within an AuthProvider]
    at reportException (C:\Users\Admin\graceful_books\node_modules\jsdom\lib\jsdom\living\helpers\runtime-script-errors.js:66:24)
    at innerInvokeEventListeners (C:\Users\Admin\graceful_books\node_modules\jsdom\lib\jsdom\living\events\EventTarget-impl.js:353:9)
    at invokeEventListeners (C:\Users\Admin\graceful_books\node_modules\jsdom\lib\jsdom\living\events\EventTarget-impl.js:286:3)
    at HTMLUnknownElementImpl._dispatch (C:\Users\Admin\graceful_books\node_modules\jsdom\lib\jsdom\living\events\EventTarget-impl.js:233:9)
    at HTMLUnknownElementImpl.dispatchEvent (C:\Users\Admin\graceful_books\node_modules\jsdom\lib\jsdom\living\events\EventTarget-impl.js:104:17)
    at HTMLUnknownElement.dispatchEvent (C:\Users\Admin\graceful_books\node_modules\jsdom\lib\jsdom\living\generated\EventTarget.js:241:34)
    at Object.invokeGuardedCallbackDev (C:\Users\Admin\graceful_books\node_modules\react-dom\cjs\react-dom.development.js:4213:16)
    at invokeGuardedCallback (C:\Users\Admin\graceful_books\node_modules\react-dom\cjs\react-dom.development.js:4277:31)
    at beginWork$1 (C:\Users\Admin\graceful_books\node_modules\react-dom\cjs\react-dom.development.js:27490:7)
    at performUnitOfWork (C:\Users\Admin\graceful_books\node_modules\react-dom\cjs\react-dom.development.js:26599:12) Error: useAuth must be used within an AuthProvider
    at useAuth (C:/Users/Admin/graceful_books/src/contexts/AuthContext.tsx:120:11)
    at Dashboard (C:/Users/Admin/graceful_books/src/pages/Dashboard.tsx:21:25)
    at renderWithHooks (C:\Users\Admin\graceful_books\node_modules\react-dom\cjs\react-dom.development.js:15486:18)
    at mountIndeterminateComponent (C:\Users\Admin\graceful_books\node_modules\react-dom\cjs\react-dom.development.js:20103:13)
    at beginWork (C:\Users\Admin\graceful_books\node_modules\react-dom\cjs\react-dom.development.js:21626:16)
    at HTMLUnknownElement.callCallback (C:\Users\Admin\graceful_books\node_modules\react-dom\cjs\react-dom.development.js:4164:14)
    at HTMLUnknownElement.callTheUserObjectsOperation (C:\Users\Admin\graceful_books\node_modules\jsdom\lib\jsdom\living\generated\EventListener.js:26:30)
    at innerInvokeEventListeners (C:\Users\Admin\graceful_books\node_modules\jsdom\lib\jsdom\living\events\EventTarget-impl.js:350:25)
    at invokeEventListeners (C:\Users\Admin\graceful_books\node_modules\jsdom\lib\jsdom\living\events\EventTarget-impl.js:286:3)
    at HTMLUnknownElementImpl._dispatch (C:\Users\Admin\graceful_books\node_modules\jsdom\lib\jsdom\living\events\EventTarget-impl.js:233:9)
Error: Uncaught [Error: useAuth must be used within an AuthProvider]
    at reportException (C:\Users\Admin\graceful_books\node_modules\jsdom\lib\jsdom\living\helpers\runtime-script-errors.js:66:24)
    at innerInvokeEventListeners (C:\Users\Admin\graceful_books\node_modules\jsdom\lib\jsdom\living\events\EventTarget-impl.js:353:9)
    at invokeEventListeners (C:\Users\Admin\graceful_books\node_modules\jsdom\lib\jsdom\living\events\EventTarget-impl.js:286:3)
    at HTMLUnknownElementImpl._dispatch (C:\Users\Admin\graceful_books\node_modules\jsdom\lib\jsdom\living\events\EventTarget-impl.js:233:9)
    at HTMLUnknownElementImpl.dispatchEvent (C:\Users\Admin\graceful_books\node_modules\jsdom\lib\jsdom\living\events\EventTarget-impl.js:104:17)
    at HTMLUnknownElement.dispatchEvent (C:\Users\Admin\graceful_books\node_modules\jsdom\lib\jsdom\living\generated\EventTarget.js:241:34)
    at Object.invokeGuardedCallbackDev (C:\Users\Admin\graceful_books\node_modules\react-dom\cjs\react-dom.development.js:4213:16)
    at invokeGuardedCallback (C:\Users\Admin\graceful_books\node_modules\react-dom\cjs\react-dom.development.js:4277:31)
    at beginWork$1 (C:\Users\Admin\graceful_books\node_modules\react-dom\cjs\react-dom.development.js:27490:7)
    at performUnitOfWork (C:\Users\Admin\graceful_books\node_modules\react-dom\cjs\react-dom.development.js:26599:12) Error: useAuth must be used within an AuthProvider
    at useAuth (C:/Users/Admin/graceful_books/src/contexts/AuthContext.tsx:120:11)
    at Dashboard (C:/Users/Admin/graceful_books/src/pages/Dashboard.tsx:21:25)
    at renderWithHooks (C:\Users\Admin\graceful_books\node_modules\react-dom\cjs\react-dom.development.js:15486:18)
    at mountIndeterminateComponent (C:\Users\Admin\graceful_books\node_modules\react-dom\cjs\react-dom.development.js:20103:13)
    at beginWork (C:\Users\Admin\graceful_books\node_modules\react-dom\cjs\react-dom.development.js:21626:16)
    at HTMLUnknownElement.callCallback (C:\Users\Admin\graceful_books\node_modules\react-dom\cjs\react-dom.development.js:4164:14)
    at HTMLUnknownElement.callTheUserObjectsOperation (C:\Users\Admin\graceful_books\node_modules\jsdom\lib\jsdom\living\generated\EventListener.js:26:30)
    at innerInvokeEventListeners (C:\Users\Admin\graceful_books\node_modules\jsdom\lib\jsdom\living\events\EventTarget-impl.js:350:25)
    at invokeEventListeners (C:\Users\Admin\graceful_books\node_modules\jsdom\lib\jsdom\living\events\EventTarget-impl.js:286:3)
    at HTMLUnknownElementImpl._dispatch (C:\Users\Admin\graceful_books\node_modules\jsdom\lib\jsdom\living\events\EventTarget-impl.js:233:9)
Error: Uncaught [Error: useAuth must be used within an AuthProvider]
    at reportException (C:\Users\Admin\graceful_books\node_modules\jsdom\lib\jsdom\living\helpers\runtime-script-errors.js:66:24)
    at innerInvokeEventListeners (C:\Users\Admin\graceful_books\node_modules\jsdom\lib\jsdom\living\events\EventTarget-impl.js:353:9)
    at invokeEventListeners (C:\Users\Admin\graceful_books\node_modules\jsdom\lib\jsdom\living\events\EventTarget-impl.js:286:3)
    at HTMLUnknownElementImpl._dispatch (C:\Users\Admin\graceful_books\node_modules\jsdom\lib\jsdom\living\events\EventTarget-impl.js:233:9)
    at HTMLUnknownElementImpl.dispatchEvent (C:\Users\Admin\graceful_books\node_modules\jsdom\lib\jsdom\living\events\EventTarget-impl.js:104:17)
    at HTMLUnknownElement.dispatchEvent (C:\Users\Admin\graceful_books\node_modules\jsdom\lib\jsdom\living\generated\EventTarget.js:241:34)
    at Object.invokeGuardedCallbackDev (C:\Users\Admin\graceful_books\node_modules\react-dom\cjs\react-dom.development.js:4213:16)
    at invokeGuardedCallback (C:\Users\Admin\graceful_books\node_modules\react-dom\cjs\react-dom.development.js:4277:31)
    at beginWork$1 (C:\Users\Admin\graceful_books\node_modules\react-dom\cjs\react-dom.development.js:27490:7)
    at performUnitOfWork (C:\Users\Admin\graceful_books\node_modules\react-dom\cjs\react-dom.development.js:26599:12) Error: useAuth must be used within an AuthProvider
    at useAuth (C:/Users/Admin/graceful_books/src/contexts/AuthContext.tsx:120:11)
    at Dashboard (C:/Users/Admin/graceful_books/src/pages/Dashboard.tsx:21:25)
    at renderWithHooks (C:\Users\Admin\graceful_books\node_modules\react-dom\cjs\react-dom.development.js:15486:18)
    at mountIndeterminateComponent (C:\Users\Admin\graceful_books\node_modules\react-dom\cjs\react-dom.development.js:20103:13)
    at beginWork (C:\Users\Admin\graceful_books\node_modules\react-dom\cjs\react-dom.development.js:21626:16)
    at HTMLUnknownElement.callCallback (C:\Users\Admin\graceful_books\node_modules\react-dom\cjs\react-dom.development.js:4164:14)
    at HTMLUnknownElement.callTheUserObjectsOperation (C:\Users\Admin\graceful_books\node_modules\jsdom\lib\jsdom\living\generated\EventListener.js:26:30)
    at innerInvokeEventListeners (C:\Users\Admin\graceful_books\node_modules\jsdom\lib\jsdom\living\events\EventTarget-impl.js:350:25)
    at invokeEventListeners (C:\Users\Admin\graceful_books\node_modules\jsdom\lib\jsdom\living\events\EventTarget-impl.js:286:3)
    at HTMLUnknownElementImpl._dispatch (C:\Users\Admin\graceful_books\node_modules\jsdom\lib\jsdom\living\events\EventTarget-impl.js:233:9)
Error: Uncaught [Error: useAuth must be used within an AuthProvider]
    at reportException (C:\Users\Admin\graceful_books\node_modules\jsdom\lib\jsdom\living\helpers\runtime-script-errors.js:66:24)
    at innerInvokeEventListeners (C:\Users\Admin\graceful_books\node_modules\jsdom\lib\jsdom\living\events\EventTarget-impl.js:353:9)
    at invokeEventListeners (C:\Users\Admin\graceful_books\node_modules\jsdom\lib\jsdom\living\events\EventTarget-impl.js:286:3)
    at HTMLUnknownElementImpl._dispatch (C:\Users\Admin\graceful_books\node_modules\jsdom\lib\jsdom\living\events\EventTarget-impl.js:233:9)
    at HTMLUnknownElementImpl.dispatchEvent (C:\Users\Admin\graceful_books\node_modules\jsdom\lib\jsdom\living\events\EventTarget-impl.js:104:17)
    at HTMLUnknownElement.dispatchEvent (C:\Users\Admin\graceful_books\node_modules\jsdom\lib\jsdom\living\generated\EventTarget.js:241:34)
    at Object.invokeGuardedCallbackDev (C:\Users\Admin\graceful_books\node_modules\react-dom\cjs\react-dom.development.js:4213:16)
    at invokeGuardedCallback (C:\Users\Admin\graceful_books\node_modules\react-dom\cjs\react-dom.development.js:4277:31)
    at beginWork$1 (C:\Users\Admin\graceful_books\node_modules\react-dom\cjs\react-dom.development.js:27490:7)
    at performUnitOfWork (C:\Users\Admin\graceful_books\node_modules\react-dom\cjs\react-dom.development.js:26599:12) Error: useAuth must be used within an AuthProvider
    at useAuth (C:/Users/Admin/graceful_books/src/contexts/AuthContext.tsx:120:11)
    at Dashboard (C:/Users/Admin/graceful_books/src/pages/Dashboard.tsx:21:25)
    at renderWithHooks (C:\Users\Admin\graceful_books\node_modules\react-dom\cjs\react-dom.development.js:15486:18)
    at mountIndeterminateComponent (C:\Users\Admin\graceful_books\node_modules\react-dom\cjs\react-dom.development.js:20103:13)
    at beginWork (C:\Users\Admin\graceful_books\node_modules\react-dom\cjs\react-dom.development.js:21626:16)
    at HTMLUnknownElement.callCallback (C:\Users\Admin\graceful_books\node_modules\react-dom\cjs\react-dom.development.js:4164:14)
    at HTMLUnknownElement.callTheUserObjectsOperation (C:\Users\Admin\graceful_books\node_modules\jsdom\lib\jsdom\living\generated\EventListener.js:26:30)
    at innerInvokeEventListeners (C:\Users\Admin\graceful_books\node_modules\jsdom\lib\jsdom\living\events\EventTarget-impl.js:350:25)
    at invokeEventListeners (C:\Users\Admin\graceful_books\node_modules\jsdom\lib\jsdom\living\events\EventTarget-impl.js:286:3)
    at HTMLUnknownElementImpl._dispatch (C:\Users\Admin\graceful_books\node_modules\jsdom\lib\jsdom\living\events\EventTarget-impl.js:233:9)
Error: Uncaught [Error: useAuth must be used within an AuthProvider]
    at reportException (C:\Users\Admin\graceful_books\node_modules\jsdom\lib\jsdom\living\helpers\runtime-script-errors.js:66:24)
    at innerInvokeEventListeners (C:\Users\Admin\graceful_books\node_modules\jsdom\lib\jsdom\living\events\EventTarget-impl.js:353:9)
    at invokeEventListeners (C:\Users\Admin\graceful_books\node_modules\jsdom\lib\jsdom\living\events\EventTarget-impl.js:286:3)
    at HTMLUnknownElementImpl._dispatch (C:\Users\Admin\graceful_books\node_modules\jsdom\lib\jsdom\living\events\EventTarget-impl.js:233:9)
    at HTMLUnknownElementImpl.dispatchEvent (C:\Users\Admin\graceful_books\node_modules\jsdom\lib\jsdom\living\events\EventTarget-impl.js:104:17)
    at HTMLUnknownElement.dispatchEvent (C:\Users\Admin\graceful_books\node_modules\jsdom\lib\jsdom\living\generated\EventTarget.js:241:34)
    at Object.invokeGuardedCallbackDev (C:\Users\Admin\graceful_books\node_modules\react-dom\cjs\react-dom.development.js:4213:16)
    at invokeGuardedCallback (C:\Users\Admin\graceful_books\node_modules\react-dom\cjs\react-dom.development.js:4277:31)
    at beginWork$1 (C:\Users\Admin\graceful_books\node_modules\react-dom\cjs\react-dom.development.js:27490:7)
    at performUnitOfWork (C:\Users\Admin\graceful_books\node_modules\react-dom\cjs\react-dom.development.js:26599:12) Error: useAuth must be used within an AuthProvider
    at useAuth (C:/Users/Admin/graceful_books/src/contexts/AuthContext.tsx:120:11)
    at Dashboard (C:/Users/Admin/graceful_books/src/pages/Dashboard.tsx:21:25)
    at renderWithHooks (C:\Users\Admin\graceful_books\node_modules\react-dom\cjs\react-dom.development.js:15486:18)
    at mountIndeterminateComponent (C:\Users\Admin\graceful_books\node_modules\react-dom\cjs\react-dom.development.js:20103:13)
    at beginWork (C:\Users\Admin\graceful_books\node_modules\react-dom\cjs\react-dom.development.js:21626:16)
    at HTMLUnknownElement.callCallback (C:\Users\Admin\graceful_books\node_modules\react-dom\cjs\react-dom.development.js:4164:14)
    at HTMLUnknownElement.callTheUserObjectsOperation (C:\Users\Admin\graceful_books\node_modules\jsdom\lib\jsdom\living\generated\EventListener.js:26:30)
    at innerInvokeEventListeners (C:\Users\Admin\graceful_books\node_modules\jsdom\lib\jsdom\living\events\EventTarget-impl.js:350:25)
    at invokeEventListeners (C:\Users\Admin\graceful_books\node_modules\jsdom\lib\jsdom\living\events\EventTarget-impl.js:286:3)
    at HTMLUnknownElementImpl._dispatch (C:\Users\Admin\graceful_books\node_modules\jsdom\lib\jsdom\living\events\EventTarget-impl.js:233:9)
stderr | src/pages/Dashboard.test.tsx > Dashboard Page > rendering > should render dashboard page
The above error occurred in the <Dashboard> component:

    at Dashboard (C:/Users/Admin/graceful_books/src/pages/Dashboard.tsx:21:57)
    at Router (C:\Users\Admin\graceful_books\node_modules\react-router\dist\umd\react-router.development.js:1207:17)
    at BrowserRouter (C:\Users\Admin\graceful_books\node_modules\react-router-dom\dist\umd\react-router-dom.development.js:695:7)

Consider adding an error boundary to your tree to customize error handling behavior.
Visit https://reactjs.org/link/error-boundaries to learn more about error boundaries.

stderr | src/pages/Dashboard.test.tsx > Dashboard Page > rendering > should render breadcrumbs
The above error occurred in the <Dashboard> component:

    at Dashboard (C:/Users/Admin/graceful_books/src/pages/Dashboard.tsx:21:57)
    at Router (C:\Users\Admin\graceful_books\node_modules\react-router\dist\umd\react-router.development.js:1207:17)
    at BrowserRouter (C:\Users\Admin\graceful_books\node_modules\react-router-dom\dist\umd\react-router-dom.development.js:695:7)

Consider adding an error boundary to your tree to customize error handling behavior.
Visit https://reactjs.org/link/error-boundaries to learn more about error boundaries.

stderr | src/pages/Dashboard.test.tsx > Dashboard Page > rendering > should render metric cards
The above error occurred in the <Dashboard> component:

    at Dashboard (C:/Users/Admin/graceful_books/src/pages/Dashboard.tsx:21:57)
    at Router (C:\Users\Admin\graceful_books\node_modules\react-router\dist\umd\react-router.development.js:1207:17)
    at BrowserRouter (C:\Users\Admin\graceful_books\node_modules\react-router-dom\dist\umd\react-router-dom.development.js:695:7)

Consider adding an error boundary to your tree to customize error handling behavior.
Visit https://reactjs.org/link/error-boundaries to learn more about error boundaries.

stderr | src/pages/Dashboard.test.tsx > Dashboard Page > rendering > should render financial summary
The above error occurred in the <Dashboard> component:

    at Dashboard (C:/Users/Admin/graceful_books/src/pages/Dashboard.tsx:21:57)
    at Router (C:\Users\Admin\graceful_books\node_modules\react-router\dist\umd\react-router.development.js:1207:17)
    at BrowserRouter (C:\Users\Admin\graceful_books\node_modules\react-router-dom\dist\umd\react-router-dom.development.js:695:7)

Consider adding an error boundary to your tree to customize error handling behavior.
Visit https://reactjs.org/link/error-boundaries to learn more about error boundaries.

stderr | src/pages/Dashboard.test.tsx > Dashboard Page > rendering > should render quick actions
The above error occurred in the <Dashboard> component:

    at Dashboard (C:/Users/Admin/graceful_books/src/pages/Dashboard.tsx:21:57)
    at Router (C:\Users\Admin\graceful_books\node_modules\react-router\dist\umd\react-router.development.js:1207:17)
    at BrowserRouter (C:\Users\Admin\graceful_books\node_modules\react-router-dom\dist\umd\react-router-dom.development.js:695:7)

Consider adding an error boundary to your tree to customize error handling behavior.
Visit https://reactjs.org/link/error-boundaries to learn more about error boundaries.

stderr | src/pages/Dashboard.test.tsx > Dashboard Page > rendering > should render recent transactions
The above error occurred in the <Dashboard> component:

    at Dashboard (C:/Users/Admin/graceful_books/src/pages/Dashboard.tsx:21:57)
    at Router (C:\Users\Admin\graceful_books\node_modules\react-router\dist\umd\react-router.development.js:1207:17)
    at BrowserRouter (C:\Users\Admin\graceful_books\node_modules\react-router-dom\dist\umd\react-router-dom.development.js:695:7)

Consider adding an error boundary to your tree to customize error handling behavior.
Visit https://reactjs.org/link/error-boundaries to learn more about error boundaries.

stderr | src/pages/Dashboard.test.tsx > Dashboard Page > loading state > should show loading state for metrics
The above error occurred in the <Dashboard> component:

    at Dashboard (C:/Users/Admin/graceful_books/src/pages/Dashboard.tsx:21:57)
    at Router (C:\Users\Admin\graceful_books\node_modules\react-router\dist\umd\react-router.development.js:1207:17)
    at BrowserRouter (C:\Users\Admin\graceful_books\node_modules\react-router-dom\dist\umd\react-router-dom.development.js:695:7)

Consider adding an error boundary to your tree to customize error handling behavior.
Visit https://reactjs.org/link/error-boundaries to learn more about error boundaries.

stderr | src/pages/Dashboard.test.tsx > Dashboard Page > loading state > should show loading state for transactions
The above error occurred in the <Dashboard> component:

    at Dashboard (C:/Users/Admin/graceful_books/src/pages/Dashboard.tsx:21:57)
    at Router (C:\Users\Admin\graceful_books\node_modules\react-router\dist\umd\react-router.development.js:1207:17)
    at BrowserRouter (C:\Users\Admin\graceful_books\node_modules\react-router-dom\dist\umd\react-router-dom.development.js:695:7)

Consider adding an error boundary to your tree to customize error handling behavior.
Visit https://reactjs.org/link/error-boundaries to learn more about error boundaries.

stderr | src/pages/Dashboard.test.tsx > Dashboard Page > empty state > should show empty state for transactions
The above error occurred in the <Dashboard> component:

    at Dashboard (C:/Users/Admin/graceful_books/src/pages/Dashboard.tsx:21:57)
    at Router (C:\Users\Admin\graceful_books\node_modules\react-router\dist\umd\react-router.development.js:1207:17)
    at BrowserRouter (C:\Users\Admin\graceful_books\node_modules\react-router-dom\dist\umd\react-router-dom.development.js:695:7)

Consider adding an error boundary to your tree to customize error handling behavior.
Visit https://reactjs.org/link/error-boundaries to learn more about error boundaries.

stderr | src/pages/Dashboard.test.tsx > Dashboard Page > data display > should display formatted revenue
The above error occurred in the <Dashboard> component:

    at Dashboard (C:/Users/Admin/graceful_books/src/pages/Dashboard.tsx:21:57)
    at Router (C:\Users\Admin\graceful_books\node_modules\react-router\dist\umd\react-router.development.js:1207:17)
    at BrowserRouter (C:\Users\Admin\graceful_books\node_modules\react-router-dom\dist\umd\react-router-dom.development.js:695:7)

Consider adding an error boundary to your tree to customize error handling behavior.
Visit https://reactjs.org/link/error-boundaries to learn more about error boundaries.

stderr | src/pages/Dashboard.test.tsx > Dashboard Page > data display > should display formatted expenses
The above error occurred in the <Dashboard> component:

    at Dashboard (C:/Users/Admin/graceful_books/src/pages/Dashboard.tsx:21:57)
    at Router (C:\Users\Admin\graceful_books\node_modules\react-router\dist\umd\react-router.development.js:1207:17)
    at BrowserRouter (C:\Users\Admin\graceful_books\node_modules\react-router-dom\dist\umd\react-router-dom.development.js:695:7)

Consider adding an error boundary to your tree to customize error handling behavior.
Visit https://reactjs.org/link/error-boundaries to learn more about error boundaries.

stderr | src/pages/Dashboard.test.tsx > Dashboard Page > data display > should display formatted net profit
The above error occurred in the <Dashboard> component:

    at Dashboard (C:/Users/Admin/graceful_books/src/pages/Dashboard.tsx:21:57)
    at Router (C:\Users\Admin\graceful_books\node_modules\react-router\dist\umd\react-router.development.js:1207:17)
    at BrowserRouter (C:\Users\Admin\graceful_books\node_modules\react-router-dom\dist\umd\react-router-dom.development.js:695:7)

Consider adding an error boundary to your tree to customize error handling behavior.
Visit https://reactjs.org/link/error-boundaries to learn more about error boundaries.

stderr | src/pages/Dashboard.test.tsx > Dashboard Page > data display > should show profit indicator when profitable
The above error occurred in the <Dashboard> component:

    at Dashboard (C:/Users/Admin/graceful_books/src/pages/Dashboard.tsx:21:57)
    at Router (C:\Users\Admin\graceful_books\node_modules\react-router\dist\umd\react-router.development.js:1207:17)
    at BrowserRouter (C:\Users\Admin\graceful_books\node_modules\react-router-dom\dist\umd\react-router-dom.development.js:695:7)

Consider adding an error boundary to your tree to customize error handling behavior.
Visit https://reactjs.org/link/error-boundaries to learn more about error boundaries.

stderr | src/pages/Dashboard.test.tsx > Dashboard Page > data display > should show loss indicator when not profitable
The above error occurred in the <Dashboard> component:

    at Dashboard (C:/Users/Admin/graceful_books/src/pages/Dashboard.tsx:21:57)
    at Router (C:\Users\Admin\graceful_books\node_modules\react-router\dist\umd\react-router.development.js:1207:17)
    at BrowserRouter (C:\Users\Admin\graceful_books\node_modules\react-router-dom\dist\umd\react-router-dom.development.js:695:7)

Consider adding an error boundary to your tree to customize error handling behavior.
Visit https://reactjs.org/link/error-boundaries to learn more about error boundaries.

stderr | src/pages/Dashboard.test.tsx > Dashboard Page > accessibility > should have proper heading hierarchy
The above error occurred in the <Dashboard> component:

    at Dashboard (C:/Users/Admin/graceful_books/src/pages/Dashboard.tsx:21:57)
    at Router (C:\Users\Admin\graceful_books\node_modules\react-router\dist\umd\react-router.development.js:1207:17)
    at BrowserRouter (C:\Users\Admin\graceful_books\node_modules\react-router-dom\dist\umd\react-router-dom.development.js:695:7)

Consider adding an error boundary to your tree to customize error handling behavior.
Visit https://reactjs.org/link/error-boundaries to learn more about error boundaries.

stderr | src/pages/Dashboard.test.tsx > Dashboard Page > accessibility > should have accessible buttons
The above error occurred in the <Dashboard> component:

    at Dashboard (C:/Users/Admin/graceful_books/src/pages/Dashboard.tsx:21:57)
    at Router (C:\Users\Admin\graceful_books\node_modules\react-router\dist\umd\react-router.development.js:1207:17)
    at BrowserRouter (C:\Users\Admin\graceful_books\node_modules\react-router-dom\dist\umd\react-router-dom.development.js:695:7)

Consider adding an error boundary to your tree to customize error handling behavior.
Visit https://reactjs.org/link/error-boundaries to learn more about error boundaries.

stderr | src/pages/Dashboard.test.tsx > Dashboard Page > integration > should render complete dashboard with all components
The above error occurred in the <Dashboard> component:

    at Dashboard (C:/Users/Admin/graceful_books/src/pages/Dashboard.tsx:21:57)
    at Router (C:\Users\Admin\graceful_books\node_modules\react-router\dist\umd\react-router.development.js:1207:17)
    at BrowserRouter (C:\Users\Admin\graceful_books\node_modules\react-router-dom\dist\umd\react-router-dom.development.js:695:7)

Consider adding an error boundary to your tree to customize error handling behavior.
Visit https://reactjs.org/link/error-boundaries to learn more about error boundaries.

 ❯ src/pages/Dashboard.test.tsx (17 tests | 17 failed) 569ms
       × should render dashboard page 133ms
       × should render breadcrumbs 35ms
       × should render metric cards 17ms
       × should render financial summary 15ms
       × should render quick actions 33ms
       × should render recent transactions 9ms
       × should show loading state for metrics 10ms
       × should show loading state for transactions 20ms
       × should show empty state for transactions 12ms
       × should display formatted revenue 12ms
       × should display formatted expenses 21ms
       × should display formatted net profit 8ms
       × should show profit indicator when profitable 7ms
       × should show loss indicator when not profitable 199ms
       × should have proper heading hierarchy 7ms
       × should have accessible buttons 9ms
       × should render complete dashboard with all components 8ms
 ❯ src/services/reports/arAgingReport.service.test.ts (16 tests | 1 failed) 231ms
       × should exclude voided invoices by default 25ms
stderr | src/services/cpg/salesPromoAnalyzer.service.test.ts > SalesPromoAnalyzerService > createPromo > should throw error if promo name is missing
[SalesPromoAnalyzerService] Promo creation validation failed {
  errors: 'promoName: Too small: expected string to have >=1 characters',
  params: {
    companyId: 'test-company',
    promoName: '',
    storeSalePercentage: '20',
    producerPaybackPercentage: '10'
  }
}

stderr | src/services/cpg/salesPromoAnalyzer.service.test.ts > SalesPromoAnalyzerService > createPromo > should throw error if company ID is missing
[SalesPromoAnalyzerService] Promo creation validation failed {
  errors: 'companyId: Company ID is required',
  params: {
    companyId: '',
    promoName: 'Test Promo',
    storeSalePercentage: '20',
    producerPaybackPercentage: '10'
  }
}

stderr | src/services/cpg/salesPromoAnalyzer.service.test.ts > SalesPromoAnalyzerService > analyzePromo - Edge Cases > should handle zero retail price gracefully
[SalesPromoAnalyzerService] Promo analysis validation failed {
  errors: 'variantPromoData.8oz.retailPrice: Must be greater than 0',
  params: {
    promoId: 'EvZDRUxb7EghRbX7a71Eu',
    variantPromoData: { '8oz': [Object] }
  }
}

 ❯ src/services/cpg/salesPromoAnalyzer.service.test.ts (45 tests | 28 failed) 308ms
       × should throw error if promo name is missing 104ms
       × should throw error if company ID is missing 9ms
       × should calculate sales promo cost per unit correctly 14ms
       × should calculate CPU with promo correctly 3ms
       × should calculate profit margins correctly 2ms
       × should calculate total promo cost across all variants 28ms
       × should handle 0% producer payback (no promo cost) 2ms
       × should handle 100% producer payback (full discount) 2ms
       × should handle various producer payback percentages 2ms
       × should handle various store sale percentages 3ms
       × should handle fractional retail prices 2ms
       × should handle zero retail price gracefully 3ms
       × should recommend PARTICIPATE when margin >= 50% 3ms
       × should recommend DECLINE when margin < 40% 2ms
       × should recommend NEUTRAL when margin is 40-50% 2ms
       × should recommend DECLINE if ANY variant has margin < 40% 2ms
       × should recommend PARTICIPATE if ALL variants have margin >= 50% 2ms
       × should assign margin quality: poor (< 50%) 3ms
       × should assign margin quality: good (50-60%) 2ms
       × should assign margin quality: better (60-70%) 15ms
       × should assign margin quality: best (>= 70%) 2ms
       × should compare with/without promo scenarios 2ms
       × should calculate min/max margins correctly 2ms
       × should return recommendation for analyzed promo 3ms
       × should support user-defined variant names 2ms
       × should support numeric variant names 2ms
       × should support special characters in variant names 2ms
       × should support 5+ variants 2ms
 ❯ src/utils/validation.cpg.test.ts (42 tests | 1 failed) 228ms
     × should accept demo hours entries 33ms
Error: Uncaught [Error: useNavigate() may be used only in the context of a <Router> component.]
    at reportException (C:\Users\Admin\graceful_books\node_modules\jsdom\lib\jsdom\living\helpers\runtime-script-errors.js:66:24)
    at innerInvokeEventListeners (C:\Users\Admin\graceful_books\node_modules\jsdom\lib\jsdom\living\events\EventTarget-impl.js:353:9)
    at invokeEventListeners (C:\Users\Admin\graceful_books\node_modules\jsdom\lib\jsdom\living\events\EventTarget-impl.js:286:3)
    at HTMLUnknownElementImpl._dispatch (C:\Users\Admin\graceful_books\node_modules\jsdom\lib\jsdom\living\events\EventTarget-impl.js:233:9)
    at HTMLUnknownElementImpl.dispatchEvent (C:\Users\Admin\graceful_books\node_modules\jsdom\lib\jsdom\living\events\EventTarget-impl.js:104:17)
    at HTMLUnknownElement.dispatchEvent (C:\Users\Admin\graceful_books\node_modules\jsdom\lib\jsdom\living\generated\EventTarget.js:241:34)
    at Object.invokeGuardedCallbackDev (C:\Users\Admin\graceful_books\node_modules\react-dom\cjs\react-dom.development.js:4213:16)
    at invokeGuardedCallback (C:\Users\Admin\graceful_books\node_modules\react-dom\cjs\react-dom.development.js:4277:31)
    at beginWork$1 (C:\Users\Admin\graceful_books\node_modules\react-dom\cjs\react-dom.development.js:27490:7)
    at performUnitOfWork (C:\Users\Admin\graceful_books\node_modules\react-dom\cjs\react-dom.development.js:26599:12) Error: useNavigate() may be used only in the context of a <Router> component.
    at Object.invariant [as UNSAFE_invariant] (C:\Users\Admin\graceful_books\node_modules\@remix-run\router\dist\router.cjs.js:315:11)
    at useNavigateUnstable (C:\Users\Admin\graceful_books\node_modules\react-router\dist\umd\react-router.development.js:223:36)
    at useNavigate (C:\Users\Admin\graceful_books\node_modules\react-router\dist\umd\react-router.development.js:220:48)
    at AccountList (C:/Users/Admin/graceful_books/src/components/accounts/AccountList.tsx:72:20)
    at renderWithHooks (C:\Users\Admin\graceful_books\node_modules\react-dom\cjs\react-dom.development.js:15486:18)
    at mountIndeterminateComponent (C:\Users\Admin\graceful_books\node_modules\react-dom\cjs\react-dom.development.js:20103:13)
    at beginWork (C:\Users\Admin\graceful_books\node_modules\react-dom\cjs\react-dom.development.js:21626:16)
    at HTMLUnknownElement.callCallback (C:\Users\Admin\graceful_books\node_modules\react-dom\cjs\react-dom.development.js:4164:14)
    at HTMLUnknownElement.callTheUserObjectsOperation (C:\Users\Admin\graceful_books\node_modules\jsdom\lib\jsdom\living\generated\EventListener.js:26:30)
    at innerInvokeEventListeners (C:\Users\Admin\graceful_books\node_modules\jsdom\lib\jsdom\living\events\EventTarget-impl.js:350:25)
Error: Uncaught [Error: useNavigate() may be used only in the context of a <Router> component.]
    at reportException (C:\Users\Admin\graceful_books\node_modules\jsdom\lib\jsdom\living\helpers\runtime-script-errors.js:66:24)
    at innerInvokeEventListeners (C:\Users\Admin\graceful_books\node_modules\jsdom\lib\jsdom\living\events\EventTarget-impl.js:353:9)
    at invokeEventListeners (C:\Users\Admin\graceful_books\node_modules\jsdom\lib\jsdom\living\events\EventTarget-impl.js:286:3)
    at HTMLUnknownElementImpl._dispatch (C:\Users\Admin\graceful_books\node_modules\jsdom\lib\jsdom\living\events\EventTarget-impl.js:233:9)
    at HTMLUnknownElementImpl.dispatchEvent (C:\Users\Admin\graceful_books\node_modules\jsdom\lib\jsdom\living\events\EventTarget-impl.js:104:17)
    at HTMLUnknownElement.dispatchEvent (C:\Users\Admin\graceful_books\node_modules\jsdom\lib\jsdom\living\generated\EventTarget.js:241:34)
    at Object.invokeGuardedCallbackDev (C:\Users\Admin\graceful_books\node_modules\react-dom\cjs\react-dom.development.js:4213:16)
    at invokeGuardedCallback (C:\Users\Admin\graceful_books\node_modules\react-dom\cjs\react-dom.development.js:4277:31)
    at beginWork$1 (C:\Users\Admin\graceful_books\node_modules\react-dom\cjs\react-dom.development.js:27490:7)
    at performUnitOfWork (C:\Users\Admin\graceful_books\node_modules\react-dom\cjs\react-dom.development.js:26599:12) Error: useNavigate() may be used only in the context of a <Router> component.
    at Object.invariant [as UNSAFE_invariant] (C:\Users\Admin\graceful_books\node_modules\@remix-run\router\dist\router.cjs.js:315:11)
    at useNavigateUnstable (C:\Users\Admin\graceful_books\node_modules\react-router\dist\umd\react-router.development.js:223:36)
    at useNavigate (C:\Users\Admin\graceful_books\node_modules\react-router\dist\umd\react-router.development.js:220:48)
    at AccountList (C:/Users/Admin/graceful_books/src/components/accounts/AccountList.tsx:72:20)
    at renderWithHooks (C:\Users\Admin\graceful_books\node_modules\react-dom\cjs\react-dom.development.js:15486:18)
    at mountIndeterminateComponent (C:\Users\Admin\graceful_books\node_modules\react-dom\cjs\react-dom.development.js:20103:13)
    at beginWork (C:\Users\Admin\graceful_books\node_modules\react-dom\cjs\react-dom.development.js:21626:16)
    at HTMLUnknownElement.callCallback (C:\Users\Admin\graceful_books\node_modules\react-dom\cjs\react-dom.development.js:4164:14)
    at HTMLUnknownElement.callTheUserObjectsOperation (C:\Users\Admin\graceful_books\node_modules\jsdom\lib\jsdom\living\generated\EventListener.js:26:30)
    at innerInvokeEventListeners (C:\Users\Admin\graceful_books\node_modules\jsdom\lib\jsdom\living\events\EventTarget-impl.js:350:25)
Error: Uncaught [Error: useNavigate() may be used only in the context of a <Router> component.]
    at reportException (C:\Users\Admin\graceful_books\node_modules\jsdom\lib\jsdom\living\helpers\runtime-script-errors.js:66:24)
    at innerInvokeEventListeners (C:\Users\Admin\graceful_books\node_modules\jsdom\lib\jsdom\living\events\EventTarget-impl.js:353:9)
    at invokeEventListeners (C:\Users\Admin\graceful_books\node_modules\jsdom\lib\jsdom\living\events\EventTarget-impl.js:286:3)
    at HTMLUnknownElementImpl._dispatch (C:\Users\Admin\graceful_books\node_modules\jsdom\lib\jsdom\living\events\EventTarget-impl.js:233:9)
    at HTMLUnknownElementImpl.dispatchEvent (C:\Users\Admin\graceful_books\node_modules\jsdom\lib\jsdom\living\events\EventTarget-impl.js:104:17)
    at HTMLUnknownElement.dispatchEvent (C:\Users\Admin\graceful_books\node_modules\jsdom\lib\jsdom\living\generated\EventTarget.js:241:34)
    at Object.invokeGuardedCallbackDev (C:\Users\Admin\graceful_books\node_modules\react-dom\cjs\react-dom.development.js:4213:16)
    at invokeGuardedCallback (C:\Users\Admin\graceful_books\node_modules\react-dom\cjs\react-dom.development.js:4277:31)
    at beginWork$1 (C:\Users\Admin\graceful_books\node_modules\react-dom\cjs\react-dom.development.js:27490:7)
    at performUnitOfWork (C:\Users\Admin\graceful_books\node_modules\react-dom\cjs\react-dom.development.js:26599:12) Error: useNavigate() may be used only in the context of a <Router> component.
    at Object.invariant [as UNSAFE_invariant] (C:\Users\Admin\graceful_books\node_modules\@remix-run\router\dist\router.cjs.js:315:11)
    at useNavigateUnstable (C:\Users\Admin\graceful_books\node_modules\react-router\dist\umd\react-router.development.js:223:36)
    at useNavigate (C:\Users\Admin\graceful_books\node_modules\react-router\dist\umd\react-router.development.js:220:48)
    at AccountList (C:/Users/Admin/graceful_books/src/components/accounts/AccountList.tsx:72:20)
    at renderWithHooks (C:\Users\Admin\graceful_books\node_modules\react-dom\cjs\react-dom.development.js:15486:18)
    at mountIndeterminateComponent (C:\Users\Admin\graceful_books\node_modules\react-dom\cjs\react-dom.development.js:20103:13)
    at beginWork (C:\Users\Admin\graceful_books\node_modules\react-dom\cjs\react-dom.development.js:21626:16)
    at HTMLUnknownElement.callCallback (C:\Users\Admin\graceful_books\node_modules\react-dom\cjs\react-dom.development.js:4164:14)
    at HTMLUnknownElement.callTheUserObjectsOperation (C:\Users\Admin\graceful_books\node_modules\jsdom\lib\jsdom\living\generated\EventListener.js:26:30)
    at innerInvokeEventListeners (C:\Users\Admin\graceful_books\node_modules\jsdom\lib\jsdom\living\events\EventTarget-impl.js:350:25)
Error: Uncaught [Error: useNavigate() may be used only in the context of a <Router> component.]
    at reportException (C:\Users\Admin\graceful_books\node_modules\jsdom\lib\jsdom\living\helpers\runtime-script-errors.js:66:24)
    at innerInvokeEventListeners (C:\Users\Admin\graceful_books\node_modules\jsdom\lib\jsdom\living\events\EventTarget-impl.js:353:9)
    at invokeEventListeners (C:\Users\Admin\graceful_books\node_modules\jsdom\lib\jsdom\living\events\EventTarget-impl.js:286:3)
    at HTMLUnknownElementImpl._dispatch (C:\Users\Admin\graceful_books\node_modules\jsdom\lib\jsdom\living\events\EventTarget-impl.js:233:9)
    at HTMLUnknownElementImpl.dispatchEvent (C:\Users\Admin\graceful_books\node_modules\jsdom\lib\jsdom\living\events\EventTarget-impl.js:104:17)
    at HTMLUnknownElement.dispatchEvent (C:\Users\Admin\graceful_books\node_modules\jsdom\lib\jsdom\living\generated\EventTarget.js:241:34)
    at Object.invokeGuardedCallbackDev (C:\Users\Admin\graceful_books\node_modules\react-dom\cjs\react-dom.development.js:4213:16)
    at invokeGuardedCallback (C:\Users\Admin\graceful_books\node_modules\react-dom\cjs\react-dom.development.js:4277:31)
    at beginWork$1 (C:\Users\Admin\graceful_books\node_modules\react-dom\cjs\react-dom.development.js:27490:7)
    at performUnitOfWork (C:\Users\Admin\graceful_books\node_modules\react-dom\cjs\react-dom.development.js:26599:12) Error: useNavigate() may be used only in the context of a <Router> component.
    at Object.invariant [as UNSAFE_invariant] (C:\Users\Admin\graceful_books\node_modules\@remix-run\router\dist\router.cjs.js:315:11)
    at useNavigateUnstable (C:\Users\Admin\graceful_books\node_modules\react-router\dist\umd\react-router.development.js:223:36)
    at useNavigate (C:\Users\Admin\graceful_books\node_modules\react-router\dist\umd\react-router.development.js:220:48)
    at AccountList (C:/Users/Admin/graceful_books/src/components/accounts/AccountList.tsx:72:20)
    at renderWithHooks (C:\Users\Admin\graceful_books\node_modules\react-dom\cjs\react-dom.development.js:15486:18)
    at mountIndeterminateComponent (C:\Users\Admin\graceful_books\node_modules\react-dom\cjs\react-dom.development.js:20103:13)
    at beginWork (C:\Users\Admin\graceful_books\node_modules\react-dom\cjs\react-dom.development.js:21626:16)
    at HTMLUnknownElement.callCallback (C:\Users\Admin\graceful_books\node_modules\react-dom\cjs\react-dom.development.js:4164:14)
    at HTMLUnknownElement.callTheUserObjectsOperation (C:\Users\Admin\graceful_books\node_modules\jsdom\lib\jsdom\living\generated\EventListener.js:26:30)
    at innerInvokeEventListeners (C:\Users\Admin\graceful_books\node_modules\jsdom\lib\jsdom\living\events\EventTarget-impl.js:350:25)
Error: Uncaught [Error: useNavigate() may be used only in the context of a <Router> component.]
    at reportException (C:\Users\Admin\graceful_books\node_modules\jsdom\lib\jsdom\living\helpers\runtime-script-errors.js:66:24)
    at innerInvokeEventListeners (C:\Users\Admin\graceful_books\node_modules\jsdom\lib\jsdom\living\events\EventTarget-impl.js:353:9)
    at invokeEventListeners (C:\Users\Admin\graceful_books\node_modules\jsdom\lib\jsdom\living\events\EventTarget-impl.js:286:3)
    at HTMLUnknownElementImpl._dispatch (C:\Users\Admin\graceful_books\node_modules\jsdom\lib\jsdom\living\events\EventTarget-impl.js:233:9)
    at HTMLUnknownElementImpl.dispatchEvent (C:\Users\Admin\graceful_books\node_modules\jsdom\lib\jsdom\living\events\EventTarget-impl.js:104:17)
    at HTMLUnknownElement.dispatchEvent (C:\Users\Admin\graceful_books\node_modules\jsdom\lib\jsdom\living\generated\EventTarget.js:241:34)
    at Object.invokeGuardedCallbackDev (C:\Users\Admin\graceful_books\node_modules\react-dom\cjs\react-dom.development.js:4213:16)
    at invokeGuardedCallback (C:\Users\Admin\graceful_books\node_modules\react-dom\cjs\react-dom.development.js:4277:31)
    at beginWork$1 (C:\Users\Admin\graceful_books\node_modules\react-dom\cjs\react-dom.development.js:27490:7)
    at performUnitOfWork (C:\Users\Admin\graceful_books\node_modules\react-dom\cjs\react-dom.development.js:26599:12) Error: useNavigate() may be used only in the context of a <Router> component.
    at Object.invariant [as UNSAFE_invariant] (C:\Users\Admin\graceful_books\node_modules\@remix-run\router\dist\router.cjs.js:315:11)
    at useNavigateUnstable (C:\Users\Admin\graceful_books\node_modules\react-router\dist\umd\react-router.development.js:223:36)
    at useNavigate (C:\Users\Admin\graceful_books\node_modules\react-router\dist\umd\react-router.development.js:220:48)
    at AccountList (C:/Users/Admin/graceful_books/src/components/accounts/AccountList.tsx:72:20)
    at renderWithHooks (C:\Users\Admin\graceful_books\node_modules\react-dom\cjs\react-dom.development.js:15486:18)
    at mountIndeterminateComponent (C:\Users\Admin\graceful_books\node_modules\react-dom\cjs\react-dom.development.js:20103:13)
    at beginWork (C:\Users\Admin\graceful_books\node_modules\react-dom\cjs\react-dom.development.js:21626:16)
    at HTMLUnknownElement.callCallback (C:\Users\Admin\graceful_books\node_modules\react-dom\cjs\react-dom.development.js:4164:14)
    at HTMLUnknownElement.callTheUserObjectsOperation (C:\Users\Admin\graceful_books\node_modules\jsdom\lib\jsdom\living\generated\EventListener.js:26:30)
    at innerInvokeEventListeners (C:\Users\Admin\graceful_books\node_modules\jsdom\lib\jsdom\living\events\EventTarget-impl.js:350:25)
Error: Uncaught [Error: useNavigate() may be used only in the context of a <Router> component.]
    at reportException (C:\Users\Admin\graceful_books\node_modules\jsdom\lib\jsdom\living\helpers\runtime-script-errors.js:66:24)
    at innerInvokeEventListeners (C:\Users\Admin\graceful_books\node_modules\jsdom\lib\jsdom\living\events\EventTarget-impl.js:353:9)
    at invokeEventListeners (C:\Users\Admin\graceful_books\node_modules\jsdom\lib\jsdom\living\events\EventTarget-impl.js:286:3)
    at HTMLUnknownElementImpl._dispatch (C:\Users\Admin\graceful_books\node_modules\jsdom\lib\jsdom\living\events\EventTarget-impl.js:233:9)
    at HTMLUnknownElementImpl.dispatchEvent (C:\Users\Admin\graceful_books\node_modules\jsdom\lib\jsdom\living\events\EventTarget-impl.js:104:17)
    at HTMLUnknownElement.dispatchEvent (C:\Users\Admin\graceful_books\node_modules\jsdom\lib\jsdom\living\generated\EventTarget.js:241:34)
    at Object.invokeGuardedCallbackDev (C:\Users\Admin\graceful_books\node_modules\react-dom\cjs\react-dom.development.js:4213:16)
    at invokeGuardedCallback (C:\Users\Admin\graceful_books\node_modules\react-dom\cjs\react-dom.development.js:4277:31)
    at beginWork$1 (C:\Users\Admin\graceful_books\node_modules\react-dom\cjs\react-dom.development.js:27490:7)
    at performUnitOfWork (C:\Users\Admin\graceful_books\node_modules\react-dom\cjs\react-dom.development.js:26599:12) Error: useNavigate() may be used only in the context of a <Router> component.
    at Object.invariant [as UNSAFE_invariant] (C:\Users\Admin\graceful_books\node_modules\@remix-run\router\dist\router.cjs.js:315:11)
    at useNavigateUnstable (C:\Users\Admin\graceful_books\node_modules\react-router\dist\umd\react-router.development.js:223:36)
    at useNavigate (C:\Users\Admin\graceful_books\node_modules\react-router\dist\umd\react-router.development.js:220:48)
    at AccountList (C:/Users/Admin/graceful_books/src/components/accounts/AccountList.tsx:72:20)
    at renderWithHooks (C:\Users\Admin\graceful_books\node_modules\react-dom\cjs\react-dom.development.js:15486:18)
    at mountIndeterminateComponent (C:\Users\Admin\graceful_books\node_modules\react-dom\cjs\react-dom.development.js:20103:13)
    at beginWork (C:\Users\Admin\graceful_books\node_modules\react-dom\cjs\react-dom.development.js:21626:16)
    at HTMLUnknownElement.callCallback (C:\Users\Admin\graceful_books\node_modules\react-dom\cjs\react-dom.development.js:4164:14)
    at HTMLUnknownElement.callTheUserObjectsOperation (C:\Users\Admin\graceful_books\node_modules\jsdom\lib\jsdom\living\generated\EventListener.js:26:30)
    at innerInvokeEventListeners (C:\Users\Admin\graceful_books\node_modules\jsdom\lib\jsdom\living\events\EventTarget-impl.js:350:25)
Error: Uncaught [Error: useNavigate() may be used only in the context of a <Router> component.]
    at reportException (C:\Users\Admin\graceful_books\node_modules\jsdom\lib\jsdom\living\helpers\runtime-script-errors.js:66:24)
    at innerInvokeEventListeners (C:\Users\Admin\graceful_books\node_modules\jsdom\lib\jsdom\living\events\EventTarget-impl.js:353:9)
    at invokeEventListeners (C:\Users\Admin\graceful_books\node_modules\jsdom\lib\jsdom\living\events\EventTarget-impl.js:286:3)
    at HTMLUnknownElementImpl._dispatch (C:\Users\Admin\graceful_books\node_modules\jsdom\lib\jsdom\living\events\EventTarget-impl.js:233:9)
    at HTMLUnknownElementImpl.dispatchEvent (C:\Users\Admin\graceful_books\node_modules\jsdom\lib\jsdom\living\events\EventTarget-impl.js:104:17)
    at HTMLUnknownElement.dispatchEvent (C:\Users\Admin\graceful_books\node_modules\jsdom\lib\jsdom\living\generated\EventTarget.js:241:34)
    at Object.invokeGuardedCallbackDev (C:\Users\Admin\graceful_books\node_modules\react-dom\cjs\react-dom.development.js:4213:16)
    at invokeGuardedCallback (C:\Users\Admin\graceful_books\node_modules\react-dom\cjs\react-dom.development.js:4277:31)
    at beginWork$1 (C:\Users\Admin\graceful_books\node_modules\react-dom\cjs\react-dom.development.js:27490:7)
    at performUnitOfWork (C:\Users\Admin\graceful_books\node_modules\react-dom\cjs\react-dom.development.js:26599:12) Error: useNavigate() may be used only in the context of a <Router> component.
    at Object.invariant [as UNSAFE_invariant] (C:\Users\Admin\graceful_books\node_modules\@remix-run\router\dist\router.cjs.js:315:11)
    at useNavigateUnstable (C:\Users\Admin\graceful_books\node_modules\react-router\dist\umd\react-router.development.js:223:36)
    at useNavigate (C:\Users\Admin\graceful_books\node_modules\react-router\dist\umd\react-router.development.js:220:48)
    at AccountList (C:/Users/Admin/graceful_books/src/components/accounts/AccountList.tsx:72:20)
    at renderWithHooks (C:\Users\Admin\graceful_books\node_modules\react-dom\cjs\react-dom.development.js:15486:18)
    at mountIndeterminateComponent (C:\Users\Admin\graceful_books\node_modules\react-dom\cjs\react-dom.development.js:20103:13)
    at beginWork (C:\Users\Admin\graceful_books\node_modules\react-dom\cjs\react-dom.development.js:21626:16)
    at HTMLUnknownElement.callCallback (C:\Users\Admin\graceful_books\node_modules\react-dom\cjs\react-dom.development.js:4164:14)
    at HTMLUnknownElement.callTheUserObjectsOperation (C:\Users\Admin\graceful_books\node_modules\jsdom\lib\jsdom\living\generated\EventListener.js:26:30)
    at innerInvokeEventListeners (C:\Users\Admin\graceful_books\node_modules\jsdom\lib\jsdom\living\events\EventTarget-impl.js:350:25)
Error: Uncaught [Error: useNavigate() may be used only in the context of a <Router> component.]
    at reportException (C:\Users\Admin\graceful_books\node_modules\jsdom\lib\jsdom\living\helpers\runtime-script-errors.js:66:24)
    at innerInvokeEventListeners (C:\Users\Admin\graceful_books\node_modules\jsdom\lib\jsdom\living\events\EventTarget-impl.js:353:9)
    at invokeEventListeners (C:\Users\Admin\graceful_books\node_modules\jsdom\lib\jsdom\living\events\EventTarget-impl.js:286:3)
    at HTMLUnknownElementImpl._dispatch (C:\Users\Admin\graceful_books\node_modules\jsdom\lib\jsdom\living\events\EventTarget-impl.js:233:9)
    at HTMLUnknownElementImpl.dispatchEvent (C:\Users\Admin\graceful_books\node_modules\jsdom\lib\jsdom\living\events\EventTarget-impl.js:104:17)
    at HTMLUnknownElement.dispatchEvent (C:\Users\Admin\graceful_books\node_modules\jsdom\lib\jsdom\living\generated\EventTarget.js:241:34)
    at Object.invokeGuardedCallbackDev (C:\Users\Admin\graceful_books\node_modules\react-dom\cjs\react-dom.development.js:4213:16)
    at invokeGuardedCallback (C:\Users\Admin\graceful_books\node_modules\react-dom\cjs\react-dom.development.js:4277:31)
    at beginWork$1 (C:\Users\Admin\graceful_books\node_modules\react-dom\cjs\react-dom.development.js:27490:7)
    at performUnitOfWork (C:\Users\Admin\graceful_books\node_modules\react-dom\cjs\react-dom.development.js:26599:12) Error: useNavigate() may be used only in the context of a <Router> component.
    at Object.invariant [as UNSAFE_invariant] (C:\Users\Admin\graceful_books\node_modules\@remix-run\router\dist\router.cjs.js:315:11)
    at useNavigateUnstable (C:\Users\Admin\graceful_books\node_modules\react-router\dist\umd\react-router.development.js:223:36)
    at useNavigate (C:\Users\Admin\graceful_books\node_modules\react-router\dist\umd\react-router.development.js:220:48)
    at AccountList (C:/Users/Admin/graceful_books/src/components/accounts/AccountList.tsx:72:20)
    at renderWithHooks (C:\Users\Admin\graceful_books\node_modules\react-dom\cjs\react-dom.development.js:15486:18)
    at mountIndeterminateComponent (C:\Users\Admin\graceful_books\node_modules\react-dom\cjs\react-dom.development.js:20103:13)
    at beginWork (C:\Users\Admin\graceful_books\node_modules\react-dom\cjs\react-dom.development.js:21626:16)
    at HTMLUnknownElement.callCallback (C:\Users\Admin\graceful_books\node_modules\react-dom\cjs\react-dom.development.js:4164:14)
    at HTMLUnknownElement.callTheUserObjectsOperation (C:\Users\Admin\graceful_books\node_modules\jsdom\lib\jsdom\living\generated\EventListener.js:26:30)
    at innerInvokeEventListeners (C:\Users\Admin\graceful_books\node_modules\jsdom\lib\jsdom\living\events\EventTarget-impl.js:350:25)
Error: Uncaught [Error: useNavigate() may be used only in the context of a <Router> component.]
    at reportException (C:\Users\Admin\graceful_books\node_modules\jsdom\lib\jsdom\living\helpers\runtime-script-errors.js:66:24)
    at innerInvokeEventListeners (C:\Users\Admin\graceful_books\node_modules\jsdom\lib\jsdom\living\events\EventTarget-impl.js:353:9)
    at invokeEventListeners (C:\Users\Admin\graceful_books\node_modules\jsdom\lib\jsdom\living\events\EventTarget-impl.js:286:3)
    at HTMLUnknownElementImpl._dispatch (C:\Users\Admin\graceful_books\node_modules\jsdom\lib\jsdom\living\events\EventTarget-impl.js:233:9)
    at HTMLUnknownElementImpl.dispatchEvent (C:\Users\Admin\graceful_books\node_modules\jsdom\lib\jsdom\living\events\EventTarget-impl.js:104:17)
    at HTMLUnknownElement.dispatchEvent (C:\Users\Admin\graceful_books\node_modules\jsdom\lib\jsdom\living\generated\EventTarget.js:241:34)
    at Object.invokeGuardedCallbackDev (C:\Users\Admin\graceful_books\node_modules\react-dom\cjs\react-dom.development.js:4213:16)
    at invokeGuardedCallback (C:\Users\Admin\graceful_books\node_modules\react-dom\cjs\react-dom.development.js:4277:31)
    at beginWork$1 (C:\Users\Admin\graceful_books\node_modules\react-dom\cjs\react-dom.development.js:27490:7)
    at performUnitOfWork (C:\Users\Admin\graceful_books\node_modules\react-dom\cjs\react-dom.development.js:26599:12) Error: useNavigate() may be used only in the context of a <Router> component.
    at Object.invariant [as UNSAFE_invariant] (C:\Users\Admin\graceful_books\node_modules\@remix-run\router\dist\router.cjs.js:315:11)
    at useNavigateUnstable (C:\Users\Admin\graceful_books\node_modules\react-router\dist\umd\react-router.development.js:223:36)
    at useNavigate (C:\Users\Admin\graceful_books\node_modules\react-router\dist\umd\react-router.development.js:220:48)
    at AccountList (C:/Users/Admin/graceful_books/src/components/accounts/AccountList.tsx:72:20)
    at renderWithHooks (C:\Users\Admin\graceful_books\node_modules\react-dom\cjs\react-dom.development.js:15486:18)
    at mountIndeterminateComponent (C:\Users\Admin\graceful_books\node_modules\react-dom\cjs\react-dom.development.js:20103:13)
    at beginWork (C:\Users\Admin\graceful_books\node_modules\react-dom\cjs\react-dom.development.js:21626:16)
    at HTMLUnknownElement.callCallback (C:\Users\Admin\graceful_books\node_modules\react-dom\cjs\react-dom.development.js:4164:14)
    at HTMLUnknownElement.callTheUserObjectsOperation (C:\Users\Admin\graceful_books\node_modules\jsdom\lib\jsdom\living\generated\EventListener.js:26:30)
    at innerInvokeEventListeners (C:\Users\Admin\graceful_books\node_modules\jsdom\lib\jsdom\living\events\EventTarget-impl.js:350:25)
Error: Uncaught [Error: useNavigate() may be used only in the context of a <Router> component.]
    at reportException (C:\Users\Admin\graceful_books\node_modules\jsdom\lib\jsdom\living\helpers\runtime-script-errors.js:66:24)
    at innerInvokeEventListeners (C:\Users\Admin\graceful_books\node_modules\jsdom\lib\jsdom\living\events\EventTarget-impl.js:353:9)
    at invokeEventListeners (C:\Users\Admin\graceful_books\node_modules\jsdom\lib\jsdom\living\events\EventTarget-impl.js:286:3)
    at HTMLUnknownElementImpl._dispatch (C:\Users\Admin\graceful_books\node_modules\jsdom\lib\jsdom\living\events\EventTarget-impl.js:233:9)
    at HTMLUnknownElementImpl.dispatchEvent (C:\Users\Admin\graceful_books\node_modules\jsdom\lib\jsdom\living\events\EventTarget-impl.js:104:17)
    at HTMLUnknownElement.dispatchEvent (C:\Users\Admin\graceful_books\node_modules\jsdom\lib\jsdom\living\generated\EventTarget.js:241:34)
    at Object.invokeGuardedCallbackDev (C:\Users\Admin\graceful_books\node_modules\react-dom\cjs\react-dom.development.js:4213:16)
    at invokeGuardedCallback (C:\Users\Admin\graceful_books\node_modules\react-dom\cjs\react-dom.development.js:4277:31)
    at beginWork$1 (C:\Users\Admin\graceful_books\node_modules\react-dom\cjs\react-dom.development.js:27490:7)
    at performUnitOfWork (C:\Users\Admin\graceful_books\node_modules\react-dom\cjs\react-dom.development.js:26599:12) Error: useNavigate() may be used only in the context of a <Router> component.
    at Object.invariant [as UNSAFE_invariant] (C:\Users\Admin\graceful_books\node_modules\@remix-run\router\dist\router.cjs.js:315:11)
    at useNavigateUnstable (C:\Users\Admin\graceful_books\node_modules\react-router\dist\umd\react-router.development.js:223:36)
    at useNavigate (C:\Users\Admin\graceful_books\node_modules\react-router\dist\umd\react-router.development.js:220:48)
    at AccountList (C:/Users/Admin/graceful_books/src/components/accounts/AccountList.tsx:72:20)
    at renderWithHooks (C:\Users\Admin\graceful_books\node_modules\react-dom\cjs\react-dom.development.js:15486:18)
    at mountIndeterminateComponent (C:\Users\Admin\graceful_books\node_modules\react-dom\cjs\react-dom.development.js:20103:13)
    at beginWork (C:\Users\Admin\graceful_books\node_modules\react-dom\cjs\react-dom.development.js:21626:16)
    at HTMLUnknownElement.callCallback (C:\Users\Admin\graceful_books\node_modules\react-dom\cjs\react-dom.development.js:4164:14)
    at HTMLUnknownElement.callTheUserObjectsOperation (C:\Users\Admin\graceful_books\node_modules\jsdom\lib\jsdom\living\generated\EventListener.js:26:30)
    at innerInvokeEventListeners (C:\Users\Admin\graceful_books\node_modules\jsdom\lib\jsdom\living\events\EventTarget-impl.js:350:25)
stderr | src/pages/ChartOfAccounts.test.tsx > ChartOfAccounts Page > should render page title
The above error occurred in the <AccountList> component:

    at AccountList (C:/Users/Admin/graceful_books/src/components/accounts/AccountList.tsx:12:3)
    at div
    at ChartOfAccounts (C:/Users/Admin/graceful_books/src/pages/ChartOfAccounts.tsx:12:28)

Consider adding an error boundary to your tree to customize error handling behavior.
Visit https://reactjs.org/link/error-boundaries to learn more about error boundaries.

stderr | src/pages/ChartOfAccounts.test.tsx > ChartOfAccounts Page > should render account list
The above error occurred in the <AccountList> component:

    at AccountList (C:/Users/Admin/graceful_books/src/components/accounts/AccountList.tsx:12:3)
    at div
    at ChartOfAccounts (C:/Users/Admin/graceful_books/src/pages/ChartOfAccounts.tsx:12:28)

Consider adding an error boundary to your tree to customize error handling behavior.
Visit https://reactjs.org/link/error-boundaries to learn more about error boundaries.

stderr | src/pages/ChartOfAccounts.test.tsx > ChartOfAccounts Page > should open create modal when create button is clicked
The above error occurred in the <AccountList> component:

    at AccountList (C:/Users/Admin/graceful_books/src/components/accounts/AccountList.tsx:12:3)
    at div
    at ChartOfAccounts (C:/Users/Admin/graceful_books/src/pages/ChartOfAccounts.tsx:12:28)

Consider adding an error boundary to your tree to customize error handling behavior.
Visit https://reactjs.org/link/error-boundaries to learn more about error boundaries.

stderr | src/pages/ChartOfAccounts.test.tsx > ChartOfAccounts Page > should submit create form
The above error occurred in the <AccountList> component:

    at AccountList (C:/Users/Admin/graceful_books/src/components/accounts/AccountList.tsx:12:3)
    at div
    at ChartOfAccounts (C:/Users/Admin/graceful_books/src/pages/ChartOfAccounts.tsx:12:28)

Consider adding an error boundary to your tree to customize error handling behavior.
Visit https://reactjs.org/link/error-boundaries to learn more about error boundaries.

stderr | src/pages/ChartOfAccounts.test.tsx > ChartOfAccounts Page > should have no accessibility violations
The above error occurred in the <AccountList> component:

    at AccountList (C:/Users/Admin/graceful_books/src/components/accounts/AccountList.tsx:12:3)
    at div
    at ChartOfAccounts (C:/Users/Admin/graceful_books/src/pages/ChartOfAccounts.tsx:12:28)

Consider adding an error boundary to your tree to customize error handling behavior.
Visit https://reactjs.org/link/error-boundaries to learn more about error boundaries.

 ❯ src/pages/ChartOfAccounts.test.tsx (5 tests | 5 failed) 271ms
     × should render page title 171ms
     × should render account list 30ms
     × should open create modal when create button is clicked 18ms
     × should submit create form 14ms
     × should have no accessibility violations 28ms
stderr | src/services/secureDataExport.service.test.ts > secureDataExport > Authentication > should require authentication
[SecureExport] Rate limit check failed {
  userId: 'user-123',
  error: Error: [vitest] No "logRateLimitExceeded" export is defined on the "../utils/securityLogger" mock. Did you forget to return it from "vi.mock"?
  If you need to partially mock a module, you can use "importOriginal" helper inside:
  
      at VitestMocker.createError (file:///C:/Users/Admin/graceful_books/node_modules/vitest/dist/chunks/startVitestModuleRunner.bRl2_oI_.js:62:17)
      at Object.get (file:///C:/Users/Admin/graceful_books/node_modules/vitest/dist/chunks/startVitestModuleRunner.bRl2_oI_.js:324:16)
      at checkExportRateLimit (C:/Users/Admin/graceful_books/src/services/secureDataExport.service.ts:143:9)
      at Module.secureDataExport (C:/Users/Admin/graceful_books/src/services/secureDataExport.service.ts:290:32)
      at C:/Users/Admin/graceful_books/src/services/secureDataExport.service.test.ts:111:20
      at processTicksAndRejections (node:internal/process/task_queues:103:5)
      at file:///C:/Users/Admin/graceful_books/node_modules/@vitest/runner/dist/chunk-artifact.js:1903:20 {
    codeFrame: 'vi.mock(import("../utils/securityLogger"), async (importOriginal) => {\n' +
      '  const actual = await importOriginal()\n' +
      '  return {\n' +
      '    ...actual,\n' +
      '    // your mocked methods\n' +
      '  }\n' +
      '})'
  }
}

stdout | src/services/secureDataExport.service.test.ts > secureDataExport > Authentication > should require authentication
[SecureExport] Starting secure export {
  userId: 'user-123',
  companyId: 'company-abc',
  entityType: 'transactions'
}

stdout | src/services/secureDataExport.service.test.ts > secureDataExport > Authentication > should require authentication
[SecureExport] Export operation logged {
  userId: 'user-123',
  companyId: 'company-abc',
  entityType: 'transactions',
  recordCount: 1,
  auditLogId: 'audit-log-123'
}

stdout | src/services/secureDataExport.service.test.ts > secureDataExport > Authentication > should require authentication
[SecureExport] Secure export completed {
  userId: 'user-123',
  companyId: 'company-abc',
  entityType: 'transactions',
  recordCount: 1,
  auditLogId: 'audit-log-123'
}

stderr | src/services/secureDataExport.service.test.ts > secureDataExport > Rate Limiting > should enforce rate limits
[SecureExport] Rate limit check failed {
  userId: 'user-123',
  error: Error: [vitest] No "logRateLimitExceeded" export is defined on the "../utils/securityLogger" mock. Did you forget to return it from "vi.mock"?
  If you need to partially mock a module, you can use "importOriginal" helper inside:
  
      at VitestMocker.createError (file:///C:/Users/Admin/graceful_books/node_modules/vitest/dist/chunks/startVitestModuleRunner.bRl2_oI_.js:62:17)
      at Object.get (file:///C:/Users/Admin/graceful_books/node_modules/vitest/dist/chunks/startVitestModuleRunner.bRl2_oI_.js:324:16)
      at checkExportRateLimit (C:/Users/Admin/graceful_books/src/services/secureDataExport.service.ts:143:9)
      at Module.secureDataExport (C:/Users/Admin/graceful_books/src/services/secureDataExport.service.ts:290:32)
      at C:/Users/Admin/graceful_books/src/services/secureDataExport.service.test.ts:193:9
      at processTicksAndRejections (node:internal/process/task_queues:103:5)
      at file:///C:/Users/Admin/graceful_books/node_modules/@vitest/runner/dist/chunk-artifact.js:1903:20 {
    codeFrame: 'vi.mock(import("../utils/securityLogger"), async (importOriginal) => {\n' +
      '  const actual = await importOriginal()\n' +
      '  return {\n' +
      '    ...actual,\n' +
      '    // your mocked methods\n' +
      '  }\n' +
      '})'
  }
}

stdout | src/services/secureDataExport.service.test.ts > secureDataExport > Rate Limiting > should enforce rate limits
[SecureExport] Starting secure export {
  userId: 'user-123',
  companyId: 'company-abc',
  entityType: 'transactions'
}

stdout | src/services/secureDataExport.service.test.ts > secureDataExport > Rate Limiting > should enforce rate limits
[SecureExport] Export operation logged {
  userId: 'user-123',
  companyId: 'company-abc',
  entityType: 'transactions',
  recordCount: 1,
  auditLogId: 'audit-log-123'
}

stdout | src/services/secureDataExport.service.test.ts > secureDataExport > Rate Limiting > should enforce rate limits
[SecureExport] Secure export completed {
  userId: 'user-123',
  companyId: 'company-abc',
  entityType: 'transactions',
  recordCount: 1,
  auditLogId: 'audit-log-123'
}

 ❯ src/services/secureDataExport.service.test.ts (19 tests | 3 failed) 207ms
       × should require authentication 79ms
       × should require warning acknowledgment 8ms
       × should enforce rate limits 8ms
Error: Uncaught [Error: useNavigate() may be used only in the context of a <Router> component.]
    at reportException (C:\Users\Admin\graceful_books\node_modules\jsdom\lib\jsdom\living\helpers\runtime-script-errors.js:66:24)
    at innerInvokeEventListeners (C:\Users\Admin\graceful_books\node_modules\jsdom\lib\jsdom\living\events\EventTarget-impl.js:353:9)
    at invokeEventListeners (C:\Users\Admin\graceful_books\node_modules\jsdom\lib\jsdom\living\events\EventTarget-impl.js:286:3)
    at HTMLUnknownElementImpl._dispatch (C:\Users\Admin\graceful_books\node_modules\jsdom\lib\jsdom\living\events\EventTarget-impl.js:233:9)
    at HTMLUnknownElementImpl.dispatchEvent (C:\Users\Admin\graceful_books\node_modules\jsdom\lib\jsdom\living\events\EventTarget-impl.js:104:17)
    at HTMLUnknownElement.dispatchEvent (C:\Users\Admin\graceful_books\node_modules\jsdom\lib\jsdom\living\generated\EventTarget.js:241:34)
    at Object.invokeGuardedCallbackDev (C:\Users\Admin\graceful_books\node_modules\react-dom\cjs\react-dom.development.js:4213:16)
    at invokeGuardedCallback (C:\Users\Admin\graceful_books\node_modules\react-dom\cjs\react-dom.development.js:4277:31)
    at beginWork$1 (C:\Users\Admin\graceful_books\node_modules\react-dom\cjs\react-dom.development.js:27490:7)
    at performUnitOfWork (C:\Users\Admin\graceful_books\node_modules\react-dom\cjs\react-dom.development.js:26599:12) Error: useNavigate() may be used only in the context of a <Router> component.
    at Object.invariant [as UNSAFE_invariant] (C:\Users\Admin\graceful_books\node_modules\@remix-run\router\dist\router.cjs.js:315:11)
    at useNavigateUnstable (C:\Users\Admin\graceful_books\node_modules\react-router\dist\umd\react-router.development.js:223:36)
    at useNavigate (C:\Users\Admin\graceful_books\node_modules\react-router\dist\umd\react-router.development.js:220:48)
    at AccountList (C:/Users/Admin/graceful_books/src/components/accounts/AccountList.tsx:72:20)
    at renderWithHooks (C:\Users\Admin\graceful_books\node_modules\react-dom\cjs\react-dom.development.js:15486:18)
    at mountIndeterminateComponent (C:\Users\Admin\graceful_books\node_modules\react-dom\cjs\react-dom.development.js:20103:13)
    at beginWork (C:\Users\Admin\graceful_books\node_modules\react-dom\cjs\react-dom.development.js:21626:16)
    at HTMLUnknownElement.callCallback (C:\Users\Admin\graceful_books\node_modules\react-dom\cjs\react-dom.development.js:4164:14)
    at HTMLUnknownElement.callTheUserObjectsOperation (C:\Users\Admin\graceful_books\node_modules\jsdom\lib\jsdom\living\generated\EventListener.js:26:30)
    at innerInvokeEventListeners (C:\Users\Admin\graceful_books\node_modules\jsdom\lib\jsdom\living\events\EventTarget-impl.js:350:25)
Error: Uncaught [Error: useNavigate() may be used only in the context of a <Router> component.]
    at reportException (C:\Users\Admin\graceful_books\node_modules\jsdom\lib\jsdom\living\helpers\runtime-script-errors.js:66:24)
    at innerInvokeEventListeners (C:\Users\Admin\graceful_books\node_modules\jsdom\lib\jsdom\living\events\EventTarget-impl.js:353:9)
    at invokeEventListeners (C:\Users\Admin\graceful_books\node_modules\jsdom\lib\jsdom\living\events\EventTarget-impl.js:286:3)
    at HTMLUnknownElementImpl._dispatch (C:\Users\Admin\graceful_books\node_modules\jsdom\lib\jsdom\living\events\EventTarget-impl.js:233:9)
    at HTMLUnknownElementImpl.dispatchEvent (C:\Users\Admin\graceful_books\node_modules\jsdom\lib\jsdom\living\events\EventTarget-impl.js:104:17)
    at HTMLUnknownElement.dispatchEvent (C:\Users\Admin\graceful_books\node_modules\jsdom\lib\jsdom\living\generated\EventTarget.js:241:34)
    at Object.invokeGuardedCallbackDev (C:\Users\Admin\graceful_books\node_modules\react-dom\cjs\react-dom.development.js:4213:16)
    at invokeGuardedCallback (C:\Users\Admin\graceful_books\node_modules\react-dom\cjs\react-dom.development.js:4277:31)
    at beginWork$1 (C:\Users\Admin\graceful_books\node_modules\react-dom\cjs\react-dom.development.js:27490:7)
    at performUnitOfWork (C:\Users\Admin\graceful_books\node_modules\react-dom\cjs\react-dom.development.js:26599:12) Error: useNavigate() may be used only in the context of a <Router> component.
    at Object.invariant [as UNSAFE_invariant] (C:\Users\Admin\graceful_books\node_modules\@remix-run\router\dist\router.cjs.js:315:11)
    at useNavigateUnstable (C:\Users\Admin\graceful_books\node_modules\react-router\dist\umd\react-router.development.js:223:36)
    at useNavigate (C:\Users\Admin\graceful_books\node_modules\react-router\dist\umd\react-router.development.js:220:48)
    at AccountList (C:/Users/Admin/graceful_books/src/components/accounts/AccountList.tsx:72:20)
    at renderWithHooks (C:\Users\Admin\graceful_books\node_modules\react-dom\cjs\react-dom.development.js:15486:18)
    at mountIndeterminateComponent (C:\Users\Admin\graceful_books\node_modules\react-dom\cjs\react-dom.development.js:20103:13)
    at beginWork (C:\Users\Admin\graceful_books\node_modules\react-dom\cjs\react-dom.development.js:21626:16)
    at HTMLUnknownElement.callCallback (C:\Users\Admin\graceful_books\node_modules\react-dom\cjs\react-dom.development.js:4164:14)
    at HTMLUnknownElement.callTheUserObjectsOperation (C:\Users\Admin\graceful_books\node_modules\jsdom\lib\jsdom\living\generated\EventListener.js:26:30)
    at innerInvokeEventListeners (C:\Users\Admin\graceful_books\node_modules\jsdom\lib\jsdom\living\events\EventTarget-impl.js:350:25)
Error: Uncaught [Error: useNavigate() may be used only in the context of a <Router> component.]
    at reportException (C:\Users\Admin\graceful_books\node_modules\jsdom\lib\jsdom\living\helpers\runtime-script-errors.js:66:24)
    at innerInvokeEventListeners (C:\Users\Admin\graceful_books\node_modules\jsdom\lib\jsdom\living\events\EventTarget-impl.js:353:9)
    at invokeEventListeners (C:\Users\Admin\graceful_books\node_modules\jsdom\lib\jsdom\living\events\EventTarget-impl.js:286:3)
    at HTMLUnknownElementImpl._dispatch (C:\Users\Admin\graceful_books\node_modules\jsdom\lib\jsdom\living\events\EventTarget-impl.js:233:9)
    at HTMLUnknownElementImpl.dispatchEvent (C:\Users\Admin\graceful_books\node_modules\jsdom\lib\jsdom\living\events\EventTarget-impl.js:104:17)
    at HTMLUnknownElement.dispatchEvent (C:\Users\Admin\graceful_books\node_modules\jsdom\lib\jsdom\living\generated\EventTarget.js:241:34)
    at Object.invokeGuardedCallbackDev (C:\Users\Admin\graceful_books\node_modules\react-dom\cjs\react-dom.development.js:4213:16)
    at invokeGuardedCallback (C:\Users\Admin\graceful_books\node_modules\react-dom\cjs\react-dom.development.js:4277:31)
    at beginWork$1 (C:\Users\Admin\graceful_books\node_modules\react-dom\cjs\react-dom.development.js:27490:7)
    at performUnitOfWork (C:\Users\Admin\graceful_books\node_modules\react-dom\cjs\react-dom.development.js:26599:12) Error: useNavigate() may be used only in the context of a <Router> component.
    at Object.invariant [as UNSAFE_invariant] (C:\Users\Admin\graceful_books\node_modules\@remix-run\router\dist\router.cjs.js:315:11)
    at useNavigateUnstable (C:\Users\Admin\graceful_books\node_modules\react-router\dist\umd\react-router.development.js:223:36)
    at useNavigate (C:\Users\Admin\graceful_books\node_modules\react-router\dist\umd\react-router.development.js:220:48)
    at AccountList (C:/Users/Admin/graceful_books/src/components/accounts/AccountList.tsx:72:20)
    at renderWithHooks (C:\Users\Admin\graceful_books\node_modules\react-dom\cjs\react-dom.development.js:15486:18)
    at mountIndeterminateComponent (C:\Users\Admin\graceful_books\node_modules\react-dom\cjs\react-dom.development.js:20103:13)
    at beginWork (C:\Users\Admin\graceful_books\node_modules\react-dom\cjs\react-dom.development.js:21626:16)
    at HTMLUnknownElement.callCallback (C:\Users\Admin\graceful_books\node_modules\react-dom\cjs\react-dom.development.js:4164:14)
    at HTMLUnknownElement.callTheUserObjectsOperation (C:\Users\Admin\graceful_books\node_modules\jsdom\lib\jsdom\living\generated\EventListener.js:26:30)
    at innerInvokeEventListeners (C:\Users\Admin\graceful_books\node_modules\jsdom\lib\jsdom\living\events\EventTarget-impl.js:350:25)
Error: Uncaught [Error: useNavigate() may be used only in the context of a <Router> component.]
    at reportException (C:\Users\Admin\graceful_books\node_modules\jsdom\lib\jsdom\living\helpers\runtime-script-errors.js:66:24)
    at innerInvokeEventListeners (C:\Users\Admin\graceful_books\node_modules\jsdom\lib\jsdom\living\events\EventTarget-impl.js:353:9)
    at invokeEventListeners (C:\Users\Admin\graceful_books\node_modules\jsdom\lib\jsdom\living\events\EventTarget-impl.js:286:3)
    at HTMLUnknownElementImpl._dispatch (C:\Users\Admin\graceful_books\node_modules\jsdom\lib\jsdom\living\events\EventTarget-impl.js:233:9)
    at HTMLUnknownElementImpl.dispatchEvent (C:\Users\Admin\graceful_books\node_modules\jsdom\lib\jsdom\living\events\EventTarget-impl.js:104:17)
    at HTMLUnknownElement.dispatchEvent (C:\Users\Admin\graceful_books\node_modules\jsdom\lib\jsdom\living\generated\EventTarget.js:241:34)
    at Object.invokeGuardedCallbackDev (C:\Users\Admin\graceful_books\node_modules\react-dom\cjs\react-dom.development.js:4213:16)
    at invokeGuardedCallback (C:\Users\Admin\graceful_books\node_modules\react-dom\cjs\react-dom.development.js:4277:31)
    at beginWork$1 (C:\Users\Admin\graceful_books\node_modules\react-dom\cjs\react-dom.development.js:27490:7)
    at performUnitOfWork (C:\Users\Admin\graceful_books\node_modules\react-dom\cjs\react-dom.development.js:26599:12) Error: useNavigate() may be used only in the context of a <Router> component.
    at Object.invariant [as UNSAFE_invariant] (C:\Users\Admin\graceful_books\node_modules\@remix-run\router\dist\router.cjs.js:315:11)
    at useNavigateUnstable (C:\Users\Admin\graceful_books\node_modules\react-router\dist\umd\react-router.development.js:223:36)
    at useNavigate (C:\Users\Admin\graceful_books\node_modules\react-router\dist\umd\react-router.development.js:220:48)
    at AccountList (C:/Users/Admin/graceful_books/src/components/accounts/AccountList.tsx:72:20)
    at renderWithHooks (C:\Users\Admin\graceful_books\node_modules\react-dom\cjs\react-dom.development.js:15486:18)
    at mountIndeterminateComponent (C:\Users\Admin\graceful_books\node_modules\react-dom\cjs\react-dom.development.js:20103:13)
    at beginWork (C:\Users\Admin\graceful_books\node_modules\react-dom\cjs\react-dom.development.js:21626:16)
    at HTMLUnknownElement.callCallback (C:\Users\Admin\graceful_books\node_modules\react-dom\cjs\react-dom.development.js:4164:14)
    at HTMLUnknownElement.callTheUserObjectsOperation (C:\Users\Admin\graceful_books\node_modules\jsdom\lib\jsdom\living\generated\EventListener.js:26:30)
    at innerInvokeEventListeners (C:\Users\Admin\graceful_books\node_modules\jsdom\lib\jsdom\living\events\EventTarget-impl.js:350:25)
stderr | src/components/accounts/AccountList.test.tsx > AccountList Component > should render accounts
The above error occurred in the <AccountList> component:

    at AccountList (C:/Users/Admin/graceful_books/src/components/accounts/AccountList.tsx:12:3)

Consider adding an error boundary to your tree to customize error handling behavior.
Visit https://reactjs.org/link/error-boundaries to learn more about error boundaries.

Error: Uncaught [Error: useNavigate() may be used only in the context of a <Router> component.]
    at reportException (C:\Users\Admin\graceful_books\node_modules\jsdom\lib\jsdom\living\helpers\runtime-script-errors.js:66:24)
    at innerInvokeEventListeners (C:\Users\Admin\graceful_books\node_modules\jsdom\lib\jsdom\living\events\EventTarget-impl.js:353:9)
    at invokeEventListeners (C:\Users\Admin\graceful_books\node_modules\jsdom\lib\jsdom\living\events\EventTarget-impl.js:286:3)
    at HTMLUnknownElementImpl._dispatch (C:\Users\Admin\graceful_books\node_modules\jsdom\lib\jsdom\living\events\EventTarget-impl.js:233:9)
    at HTMLUnknownElementImpl.dispatchEvent (C:\Users\Admin\graceful_books\node_modules\jsdom\lib\jsdom\living\events\EventTarget-impl.js:104:17)
    at HTMLUnknownElement.dispatchEvent (C:\Users\Admin\graceful_books\node_modules\jsdom\lib\jsdom\living\generated\EventTarget.js:241:34)
    at Object.invokeGuardedCallbackDev (C:\Users\Admin\graceful_books\node_modules\react-dom\cjs\react-dom.development.js:4213:16)
    at invokeGuardedCallback (C:\Users\Admin\graceful_books\node_modules\react-dom\cjs\react-dom.development.js:4277:31)
    at beginWork$1 (C:\Users\Admin\graceful_books\node_modules\react-dom\cjs\react-dom.development.js:27490:7)
    at performUnitOfWork (C:\Users\Admin\graceful_books\node_modules\react-dom\cjs\react-dom.development.js:26599:12) Error: useNavigate() may be used only in the context of a <Router> component.
    at Object.invariant [as UNSAFE_invariant] (C:\Users\Admin\graceful_books\node_modules\@remix-run\router\dist\router.cjs.js:315:11)
    at useNavigateUnstable (C:\Users\Admin\graceful_books\node_modules\react-router\dist\umd\react-router.development.js:223:36)
    at useNavigate (C:\Users\Admin\graceful_books\node_modules\react-router\dist\umd\react-router.development.js:220:48)
    at AccountList (C:/Users/Admin/graceful_books/src/components/accounts/AccountList.tsx:72:20)
    at renderWithHooks (C:\Users\Admin\graceful_books\node_modules\react-dom\cjs\react-dom.development.js:15486:18)
    at mountIndeterminateComponent (C:\Users\Admin\graceful_books\node_modules\react-dom\cjs\react-dom.development.js:20103:13)
    at beginWork (C:\Users\Admin\graceful_books\node_modules\react-dom\cjs\react-dom.development.js:21626:16)
    at HTMLUnknownElement.callCallback (C:\Users\Admin\graceful_books\node_modules\react-dom\cjs\react-dom.development.js:4164:14)
    at HTMLUnknownElement.callTheUserObjectsOperation (C:\Users\Admin\graceful_books\node_modules\jsdom\lib\jsdom\living\generated\EventListener.js:26:30)
    at innerInvokeEventListeners (C:\Users\Admin\graceful_books\node_modules\jsdom\lib\jsdom\living\events\EventTarget-impl.js:350:25)
Error: Uncaught [Error: useNavigate() may be used only in the context of a <Router> component.]
    at reportException (C:\Users\Admin\graceful_books\node_modules\jsdom\lib\jsdom\living\helpers\runtime-script-errors.js:66:24)
    at innerInvokeEventListeners (C:\Users\Admin\graceful_books\node_modules\jsdom\lib\jsdom\living\events\EventTarget-impl.js:353:9)
    at invokeEventListeners (C:\Users\Admin\graceful_books\node_modules\jsdom\lib\jsdom\living\events\EventTarget-impl.js:286:3)
    at HTMLUnknownElementImpl._dispatch (C:\Users\Admin\graceful_books\node_modules\jsdom\lib\jsdom\living\events\EventTarget-impl.js:233:9)
    at HTMLUnknownElementImpl.dispatchEvent (C:\Users\Admin\graceful_books\node_modules\jsdom\lib\jsdom\living\events\EventTarget-impl.js:104:17)
    at HTMLUnknownElement.dispatchEvent (C:\Users\Admin\graceful_books\node_modules\jsdom\lib\jsdom\living\generated\EventTarget.js:241:34)
    at Object.invokeGuardedCallbackDev (C:\Users\Admin\graceful_books\node_modules\react-dom\cjs\react-dom.development.js:4213:16)
    at invokeGuardedCallback (C:\Users\Admin\graceful_books\node_modules\react-dom\cjs\react-dom.development.js:4277:31)
    at beginWork$1 (C:\Users\Admin\graceful_books\node_modules\react-dom\cjs\react-dom.development.js:27490:7)
    at performUnitOfWork (C:\Users\Admin\graceful_books\node_modules\react-dom\cjs\react-dom.development.js:26599:12) Error: useNavigate() may be used only in the context of a <Router> component.
    at Object.invariant [as UNSAFE_invariant] (C:\Users\Admin\graceful_books\node_modules\@remix-run\router\dist\router.cjs.js:315:11)
    at useNavigateUnstable (C:\Users\Admin\graceful_books\node_modules\react-router\dist\umd\react-router.development.js:223:36)
    at useNavigate (C:\Users\Admin\graceful_books\node_modules\react-router\dist\umd\react-router.development.js:220:48)
    at AccountList (C:/Users/Admin/graceful_books/src/components/accounts/AccountList.tsx:72:20)
    at renderWithHooks (C:\Users\Admin\graceful_books\node_modules\react-dom\cjs\react-dom.development.js:15486:18)
    at mountIndeterminateComponent (C:\Users\Admin\graceful_books\node_modules\react-dom\cjs\react-dom.development.js:20103:13)
    at beginWork (C:\Users\Admin\graceful_books\node_modules\react-dom\cjs\react-dom.development.js:21626:16)
    at HTMLUnknownElement.callCallback (C:\Users\Admin\graceful_books\node_modules\react-dom\cjs\react-dom.development.js:4164:14)
    at HTMLUnknownElement.callTheUserObjectsOperation (C:\Users\Admin\graceful_books\node_modules\jsdom\lib\jsdom\living\generated\EventListener.js:26:30)
    at innerInvokeEventListeners (C:\Users\Admin\graceful_books\node_modules\jsdom\lib\jsdom\living\events\EventTarget-impl.js:350:25)
Error: Uncaught [Error: useNavigate() may be used only in the context of a <Router> component.]
    at reportException (C:\Users\Admin\graceful_books\node_modules\jsdom\lib\jsdom\living\helpers\runtime-script-errors.js:66:24)
    at innerInvokeEventListeners (C:\Users\Admin\graceful_books\node_modules\jsdom\lib\jsdom\living\events\EventTarget-impl.js:353:9)
    at invokeEventListeners (C:\Users\Admin\graceful_books\node_modules\jsdom\lib\jsdom\living\events\EventTarget-impl.js:286:3)
    at HTMLUnknownElementImpl._dispatch (C:\Users\Admin\graceful_books\node_modules\jsdom\lib\jsdom\living\events\EventTarget-impl.js:233:9)
    at HTMLUnknownElementImpl.dispatchEvent (C:\Users\Admin\graceful_books\node_modules\jsdom\lib\jsdom\living\events\EventTarget-impl.js:104:17)
    at HTMLUnknownElement.dispatchEvent (C:\Users\Admin\graceful_books\node_modules\jsdom\lib\jsdom\living\generated\EventTarget.js:241:34)
    at Object.invokeGuardedCallbackDev (C:\Users\Admin\graceful_books\node_modules\react-dom\cjs\react-dom.development.js:4213:16)
    at invokeGuardedCallback (C:\Users\Admin\graceful_books\node_modules\react-dom\cjs\react-dom.development.js:4277:31)
    at beginWork$1 (C:\Users\Admin\graceful_books\node_modules\react-dom\cjs\react-dom.development.js:27490:7)
    at performUnitOfWork (C:\Users\Admin\graceful_books\node_modules\react-dom\cjs\react-dom.development.js:26599:12) Error: useNavigate() may be used only in the context of a <Router> component.
    at Object.invariant [as UNSAFE_invariant] (C:\Users\Admin\graceful_books\node_modules\@remix-run\router\dist\router.cjs.js:315:11)
    at useNavigateUnstable (C:\Users\Admin\graceful_books\node_modules\react-router\dist\umd\react-router.development.js:223:36)
    at useNavigate (C:\Users\Admin\graceful_books\node_modules\react-router\dist\umd\react-router.development.js:220:48)
    at AccountList (C:/Users/Admin/graceful_books/src/components/accounts/AccountList.tsx:72:20)
    at renderWithHooks (C:\Users\Admin\graceful_books\node_modules\react-dom\cjs\react-dom.development.js:15486:18)
    at mountIndeterminateComponent (C:\Users\Admin\graceful_books\node_modules\react-dom\cjs\react-dom.development.js:20103:13)
    at beginWork (C:\Users\Admin\graceful_books\node_modules\react-dom\cjs\react-dom.development.js:21626:16)
    at HTMLUnknownElement.callCallback (C:\Users\Admin\graceful_books\node_modules\react-dom\cjs\react-dom.development.js:4164:14)
    at HTMLUnknownElement.callTheUserObjectsOperation (C:\Users\Admin\graceful_books\node_modules\jsdom\lib\jsdom\living\generated\EventListener.js:26:30)
    at innerInvokeEventListeners (C:\Users\Admin\graceful_books\node_modules\jsdom\lib\jsdom\living\events\EventTarget-impl.js:350:25)
Error: Uncaught [Error: useNavigate() may be used only in the context of a <Router> component.]
    at reportException (C:\Users\Admin\graceful_books\node_modules\jsdom\lib\jsdom\living\helpers\runtime-script-errors.js:66:24)
    at innerInvokeEventListeners (C:\Users\Admin\graceful_books\node_modules\jsdom\lib\jsdom\living\events\EventTarget-impl.js:353:9)
    at invokeEventListeners (C:\Users\Admin\graceful_books\node_modules\jsdom\lib\jsdom\living\events\EventTarget-impl.js:286:3)
    at HTMLUnknownElementImpl._dispatch (C:\Users\Admin\graceful_books\node_modules\jsdom\lib\jsdom\living\events\EventTarget-impl.js:233:9)
    at HTMLUnknownElementImpl.dispatchEvent (C:\Users\Admin\graceful_books\node_modules\jsdom\lib\jsdom\living\events\EventTarget-impl.js:104:17)
    at HTMLUnknownElement.dispatchEvent (C:\Users\Admin\graceful_books\node_modules\jsdom\lib\jsdom\living\generated\EventTarget.js:241:34)
    at Object.invokeGuardedCallbackDev (C:\Users\Admin\graceful_books\node_modules\react-dom\cjs\react-dom.development.js:4213:16)
    at invokeGuardedCallback (C:\Users\Admin\graceful_books\node_modules\react-dom\cjs\react-dom.development.js:4277:31)
    at beginWork$1 (C:\Users\Admin\graceful_books\node_modules\react-dom\cjs\react-dom.development.js:27490:7)
    at performUnitOfWork (C:\Users\Admin\graceful_books\node_modules\react-dom\cjs\react-dom.development.js:26599:12) Error: useNavigate() may be used only in the context of a <Router> component.
    at Object.invariant [as UNSAFE_invariant] (C:\Users\Admin\graceful_books\node_modules\@remix-run\router\dist\router.cjs.js:315:11)
    at useNavigateUnstable (C:\Users\Admin\graceful_books\node_modules\react-router\dist\umd\react-router.development.js:223:36)
    at useNavigate (C:\Users\Admin\graceful_books\node_modules\react-router\dist\umd\react-router.development.js:220:48)
    at AccountList (C:/Users/Admin/graceful_books/src/components/accounts/AccountList.tsx:72:20)
    at renderWithHooks (C:\Users\Admin\graceful_books\node_modules\react-dom\cjs\react-dom.development.js:15486:18)
    at mountIndeterminateComponent (C:\Users\Admin\graceful_books\node_modules\react-dom\cjs\react-dom.development.js:20103:13)
    at beginWork (C:\Users\Admin\graceful_books\node_modules\react-dom\cjs\react-dom.development.js:21626:16)
    at HTMLUnknownElement.callCallback (C:\Users\Admin\graceful_books\node_modules\react-dom\cjs\react-dom.development.js:4164:14)
    at HTMLUnknownElement.callTheUserObjectsOperation (C:\Users\Admin\graceful_books\node_modules\jsdom\lib\jsdom\living\generated\EventListener.js:26:30)
    at innerInvokeEventListeners (C:\Users\Admin\graceful_books\node_modules\jsdom\lib\jsdom\living\events\EventTarget-impl.js:350:25)
Error: Uncaught [Error: useNavigate() may be used only in the context of a <Router> component.]
    at reportException (C:\Users\Admin\graceful_books\node_modules\jsdom\lib\jsdom\living\helpers\runtime-script-errors.js:66:24)
    at innerInvokeEventListeners (C:\Users\Admin\graceful_books\node_modules\jsdom\lib\jsdom\living\events\EventTarget-impl.js:353:9)
    at invokeEventListeners (C:\Users\Admin\graceful_books\node_modules\jsdom\lib\jsdom\living\events\EventTarget-impl.js:286:3)
    at HTMLUnknownElementImpl._dispatch (C:\Users\Admin\graceful_books\node_modules\jsdom\lib\jsdom\living\events\EventTarget-impl.js:233:9)
    at HTMLUnknownElementImpl.dispatchEvent (C:\Users\Admin\graceful_books\node_modules\jsdom\lib\jsdom\living\events\EventTarget-impl.js:104:17)
    at HTMLUnknownElement.dispatchEvent (C:\Users\Admin\graceful_books\node_modules\jsdom\lib\jsdom\living\generated\EventTarget.js:241:34)
    at Object.invokeGuardedCallbackDev (C:\Users\Admin\graceful_books\node_modules\react-dom\cjs\react-dom.development.js:4213:16)
    at invokeGuardedCallback (C:\Users\Admin\graceful_books\node_modules\react-dom\cjs\react-dom.development.js:4277:31)
    at beginWork$1 (C:\Users\Admin\graceful_books\node_modules\react-dom\cjs\react-dom.development.js:27490:7)
    at performUnitOfWork (C:\Users\Admin\graceful_books\node_modules\react-dom\cjs\react-dom.development.js:26599:12) Error: useNavigate() may be used only in the context of a <Router> component.
    at Object.invariant [as UNSAFE_invariant] (C:\Users\Admin\graceful_books\node_modules\@remix-run\router\dist\router.cjs.js:315:11)
    at useNavigateUnstable (C:\Users\Admin\graceful_books\node_modules\react-router\dist\umd\react-router.development.js:223:36)
    at useNavigate (C:\Users\Admin\graceful_books\node_modules\react-router\dist\umd\react-router.development.js:220:48)
    at AccountList (C:/Users/Admin/graceful_books/src/components/accounts/AccountList.tsx:72:20)
    at renderWithHooks (C:\Users\Admin\graceful_books\node_modules\react-dom\cjs\react-dom.development.js:15486:18)
    at mountIndeterminateComponent (C:\Users\Admin\graceful_books\node_modules\react-dom\cjs\react-dom.development.js:20103:13)
    at beginWork (C:\Users\Admin\graceful_books\node_modules\react-dom\cjs\react-dom.development.js:21626:16)
    at HTMLUnknownElement.callCallback (C:\Users\Admin\graceful_books\node_modules\react-dom\cjs\react-dom.development.js:4164:14)
    at HTMLUnknownElement.callTheUserObjectsOperation (C:\Users\Admin\graceful_books\node_modules\jsdom\lib\jsdom\living\generated\EventListener.js:26:30)
    at innerInvokeEventListeners (C:\Users\Admin\graceful_books\node_modules\jsdom\lib\jsdom\living\events\EventTarget-impl.js:350:25)
Error: Uncaught [Error: useNavigate() may be used only in the context of a <Router> component.]
    at reportException (C:\Users\Admin\graceful_books\node_modules\jsdom\lib\jsdom\living\helpers\runtime-script-errors.js:66:24)
    at innerInvokeEventListeners (C:\Users\Admin\graceful_books\node_modules\jsdom\lib\jsdom\living\events\EventTarget-impl.js:353:9)
    at invokeEventListeners (C:\Users\Admin\graceful_books\node_modules\jsdom\lib\jsdom\living\events\EventTarget-impl.js:286:3)
    at HTMLUnknownElementImpl._dispatch (C:\Users\Admin\graceful_books\node_modules\jsdom\lib\jsdom\living\events\EventTarget-impl.js:233:9)
    at HTMLUnknownElementImpl.dispatchEvent (C:\Users\Admin\graceful_books\node_modules\jsdom\lib\jsdom\living\events\EventTarget-impl.js:104:17)
    at HTMLUnknownElement.dispatchEvent (C:\Users\Admin\graceful_books\node_modules\jsdom\lib\jsdom\living\generated\EventTarget.js:241:34)
    at Object.invokeGuardedCallbackDev (C:\Users\Admin\graceful_books\node_modules\react-dom\cjs\react-dom.development.js:4213:16)
    at invokeGuardedCallback (C:\Users\Admin\graceful_books\node_modules\react-dom\cjs\react-dom.development.js:4277:31)
    at beginWork$1 (C:\Users\Admin\graceful_books\node_modules\react-dom\cjs\react-dom.development.js:27490:7)
    at performUnitOfWork (C:\Users\Admin\graceful_books\node_modules\react-dom\cjs\react-dom.development.js:26599:12) Error: useNavigate() may be used only in the context of a <Router> component.
    at Object.invariant [as UNSAFE_invariant] (C:\Users\Admin\graceful_books\node_modules\@remix-run\router\dist\router.cjs.js:315:11)
    at useNavigateUnstable (C:\Users\Admin\graceful_books\node_modules\react-router\dist\umd\react-router.development.js:223:36)
    at useNavigate (C:\Users\Admin\graceful_books\node_modules\react-router\dist\umd\react-router.development.js:220:48)
    at AccountList (C:/Users/Admin/graceful_books/src/components/accounts/AccountList.tsx:72:20)
    at renderWithHooks (C:\Users\Admin\graceful_books\node_modules\react-dom\cjs\react-dom.development.js:15486:18)
    at mountIndeterminateComponent (C:\Users\Admin\graceful_books\node_modules\react-dom\cjs\react-dom.development.js:20103:13)
    at beginWork (C:\Users\Admin\graceful_books\node_modules\react-dom\cjs\react-dom.development.js:21626:16)
    at HTMLUnknownElement.callCallback (C:\Users\Admin\graceful_books\node_modules\react-dom\cjs\react-dom.development.js:4164:14)
    at HTMLUnknownElement.callTheUserObjectsOperation (C:\Users\Admin\graceful_books\node_modules\jsdom\lib\jsdom\living\generated\EventListener.js:26:30)
    at innerInvokeEventListeners (C:\Users\Admin\graceful_books\node_modules\jsdom\lib\jsdom\living\events\EventTarget-impl.js:350:25)
Error: Uncaught [Error: useNavigate() may be used only in the context of a <Router> component.]
    at reportException (C:\Users\Admin\graceful_books\node_modules\jsdom\lib\jsdom\living\helpers\runtime-script-errors.js:66:24)
    at innerInvokeEventListeners (C:\Users\Admin\graceful_books\node_modules\jsdom\lib\jsdom\living\events\EventTarget-impl.js:353:9)
    at invokeEventListeners (C:\Users\Admin\graceful_books\node_modules\jsdom\lib\jsdom\living\events\EventTarget-impl.js:286:3)
    at HTMLUnknownElementImpl._dispatch (C:\Users\Admin\graceful_books\node_modules\jsdom\lib\jsdom\living\events\EventTarget-impl.js:233:9)
    at HTMLUnknownElementImpl.dispatchEvent (C:\Users\Admin\graceful_books\node_modules\jsdom\lib\jsdom\living\events\EventTarget-impl.js:104:17)
    at HTMLUnknownElement.dispatchEvent (C:\Users\Admin\graceful_books\node_modules\jsdom\lib\jsdom\living\generated\EventTarget.js:241:34)
    at Object.invokeGuardedCallbackDev (C:\Users\Admin\graceful_books\node_modules\react-dom\cjs\react-dom.development.js:4213:16)
    at invokeGuardedCallback (C:\Users\Admin\graceful_books\node_modules\react-dom\cjs\react-dom.development.js:4277:31)
    at beginWork$1 (C:\Users\Admin\graceful_books\node_modules\react-dom\cjs\react-dom.development.js:27490:7)
    at performUnitOfWork (C:\Users\Admin\graceful_books\node_modules\react-dom\cjs\react-dom.development.js:26599:12) Error: useNavigate() may be used only in the context of a <Router> component.
    at Object.invariant [as UNSAFE_invariant] (C:\Users\Admin\graceful_books\node_modules\@remix-run\router\dist\router.cjs.js:315:11)
    at useNavigateUnstable (C:\Users\Admin\graceful_books\node_modules\react-router\dist\umd\react-router.development.js:223:36)
    at useNavigate (C:\Users\Admin\graceful_books\node_modules\react-router\dist\umd\react-router.development.js:220:48)
    at AccountList (C:/Users/Admin/graceful_books/src/components/accounts/AccountList.tsx:72:20)
    at renderWithHooks (C:\Users\Admin\graceful_books\node_modules\react-dom\cjs\react-dom.development.js:15486:18)
    at mountIndeterminateComponent (C:\Users\Admin\graceful_books\node_modules\react-dom\cjs\react-dom.development.js:20103:13)
    at beginWork (C:\Users\Admin\graceful_books\node_modules\react-dom\cjs\react-dom.development.js:21626:16)
    at HTMLUnknownElement.callCallback (C:\Users\Admin\graceful_books\node_modules\react-dom\cjs\react-dom.development.js:4164:14)
    at HTMLUnknownElement.callTheUserObjectsOperation (C:\Users\Admin\graceful_books\node_modules\jsdom\lib\jsdom\living\generated\EventListener.js:26:30)
    at innerInvokeEventListeners (C:\Users\Admin\graceful_books\node_modules\jsdom\lib\jsdom\living\events\EventTarget-impl.js:350:25)
Error: Uncaught [Error: useNavigate() may be used only in the context of a <Router> component.]
    at reportException (C:\Users\Admin\graceful_books\node_modules\jsdom\lib\jsdom\living\helpers\runtime-script-errors.js:66:24)
    at innerInvokeEventListeners (C:\Users\Admin\graceful_books\node_modules\jsdom\lib\jsdom\living\events\EventTarget-impl.js:353:9)
    at invokeEventListeners (C:\Users\Admin\graceful_books\node_modules\jsdom\lib\jsdom\living\events\EventTarget-impl.js:286:3)
    at HTMLUnknownElementImpl._dispatch (C:\Users\Admin\graceful_books\node_modules\jsdom\lib\jsdom\living\events\EventTarget-impl.js:233:9)
    at HTMLUnknownElementImpl.dispatchEvent (C:\Users\Admin\graceful_books\node_modules\jsdom\lib\jsdom\living\events\EventTarget-impl.js:104:17)
    at HTMLUnknownElement.dispatchEvent (C:\Users\Admin\graceful_books\node_modules\jsdom\lib\jsdom\living\generated\EventTarget.js:241:34)
    at Object.invokeGuardedCallbackDev (C:\Users\Admin\graceful_books\node_modules\react-dom\cjs\react-dom.development.js:4213:16)
    at invokeGuardedCallback (C:\Users\Admin\graceful_books\node_modules\react-dom\cjs\react-dom.development.js:4277:31)
    at beginWork$1 (C:\Users\Admin\graceful_books\node_modules\react-dom\cjs\react-dom.development.js:27490:7)
    at performUnitOfWork (C:\Users\Admin\graceful_books\node_modules\react-dom\cjs\react-dom.development.js:26599:12) Error: useNavigate() may be used only in the context of a <Router> component.
    at Object.invariant [as UNSAFE_invariant] (C:\Users\Admin\graceful_books\node_modules\@remix-run\router\dist\router.cjs.js:315:11)
    at useNavigateUnstable (C:\Users\Admin\graceful_books\node_modules\react-router\dist\umd\react-router.development.js:223:36)
    at useNavigate (C:\Users\Admin\graceful_books\node_modules\react-router\dist\umd\react-router.development.js:220:48)
    at AccountList (C:/Users/Admin/graceful_books/src/components/accounts/AccountList.tsx:72:20)
    at renderWithHooks (C:\Users\Admin\graceful_books\node_modules\react-dom\cjs\react-dom.development.js:15486:18)
    at mountIndeterminateComponent (C:\Users\Admin\graceful_books\node_modules\react-dom\cjs\react-dom.development.js:20103:13)
    at beginWork (C:\Users\Admin\graceful_books\node_modules\react-dom\cjs\react-dom.development.js:21626:16)
    at HTMLUnknownElement.callCallback (C:\Users\Admin\graceful_books\node_modules\react-dom\cjs\react-dom.development.js:4164:14)
    at HTMLUnknownElement.callTheUserObjectsOperation (C:\Users\Admin\graceful_books\node_modules\jsdom\lib\jsdom\living\generated\EventListener.js:26:30)
    at innerInvokeEventListeners (C:\Users\Admin\graceful_books\node_modules\jsdom\lib\jsdom\living\events\EventTarget-impl.js:350:25)
Error: Uncaught [Error: useNavigate() may be used only in the context of a <Router> component.]
    at reportException (C:\Users\Admin\graceful_books\node_modules\jsdom\lib\jsdom\living\helpers\runtime-script-errors.js:66:24)
    at innerInvokeEventListeners (C:\Users\Admin\graceful_books\node_modules\jsdom\lib\jsdom\living\events\EventTarget-impl.js:353:9)
    at invokeEventListeners (C:\Users\Admin\graceful_books\node_modules\jsdom\lib\jsdom\living\events\EventTarget-impl.js:286:3)
    at HTMLUnknownElementImpl._dispatch (C:\Users\Admin\graceful_books\node_modules\jsdom\lib\jsdom\living\events\EventTarget-impl.js:233:9)
    at HTMLUnknownElementImpl.dispatchEvent (C:\Users\Admin\graceful_books\node_modules\jsdom\lib\jsdom\living\events\EventTarget-impl.js:104:17)
    at HTMLUnknownElement.dispatchEvent (C:\Users\Admin\graceful_books\node_modules\jsdom\lib\jsdom\living\generated\EventTarget.js:241:34)
    at Object.invokeGuardedCallbackDev (C:\Users\Admin\graceful_books\node_modules\react-dom\cjs\react-dom.development.js:4213:16)
    at invokeGuardedCallback (C:\Users\Admin\graceful_books\node_modules\react-dom\cjs\react-dom.development.js:4277:31)
    at beginWork$1 (C:\Users\Admin\graceful_books\node_modules\react-dom\cjs\react-dom.development.js:27490:7)
    at performUnitOfWork (C:\Users\Admin\graceful_books\node_modules\react-dom\cjs\react-dom.development.js:26599:12) Error: useNavigate() may be used only in the context of a <Router> component.
    at Object.invariant [as UNSAFE_invariant] (C:\Users\Admin\graceful_books\node_modules\@remix-run\router\dist\router.cjs.js:315:11)
    at useNavigateUnstable (C:\Users\Admin\graceful_books\node_modules\react-router\dist\umd\react-router.development.js:223:36)
    at useNavigate (C:\Users\Admin\graceful_books\node_modules\react-router\dist\umd\react-router.development.js:220:48)
    at AccountList (C:/Users/Admin/graceful_books/src/components/accounts/AccountList.tsx:72:20)
    at renderWithHooks (C:\Users\Admin\graceful_books\node_modules\react-dom\cjs\react-dom.development.js:15486:18)
    at mountIndeterminateComponent (C:\Users\Admin\graceful_books\node_modules\react-dom\cjs\react-dom.development.js:20103:13)
    at beginWork (C:\Users\Admin\graceful_books\node_modules\react-dom\cjs\react-dom.development.js:21626:16)
    at HTMLUnknownElement.callCallback (C:\Users\Admin\graceful_books\node_modules\react-dom\cjs\react-dom.development.js:4164:14)
    at HTMLUnknownElement.callTheUserObjectsOperation (C:\Users\Admin\graceful_books\node_modules\jsdom\lib\jsdom\living\generated\EventListener.js:26:30)
    at innerInvokeEventListeners (C:\Users\Admin\graceful_books\node_modules\jsdom\lib\jsdom\living\events\EventTarget-impl.js:350:25)
Error: Uncaught [Error: useNavigate() may be used only in the context of a <Router> component.]
    at reportException (C:\Users\Admin\graceful_books\node_modules\jsdom\lib\jsdom\living\helpers\runtime-script-errors.js:66:24)
    at innerInvokeEventListeners (C:\Users\Admin\graceful_books\node_modules\jsdom\lib\jsdom\living\events\EventTarget-impl.js:353:9)
    at invokeEventListeners (C:\Users\Admin\graceful_books\node_modules\jsdom\lib\jsdom\living\events\EventTarget-impl.js:286:3)
    at HTMLUnknownElementImpl._dispatch (C:\Users\Admin\graceful_books\node_modules\jsdom\lib\jsdom\living\events\EventTarget-impl.js:233:9)
    at HTMLUnknownElementImpl.dispatchEvent (C:\Users\Admin\graceful_books\node_modules\jsdom\lib\jsdom\living\events\EventTarget-impl.js:104:17)
    at HTMLUnknownElement.dispatchEvent (C:\Users\Admin\graceful_books\node_modules\jsdom\lib\jsdom\living\generated\EventTarget.js:241:34)
    at Object.invokeGuardedCallbackDev (C:\Users\Admin\graceful_books\node_modules\react-dom\cjs\react-dom.development.js:4213:16)
    at invokeGuardedCallback (C:\Users\Admin\graceful_books\node_modules\react-dom\cjs\react-dom.development.js:4277:31)
    at beginWork$1 (C:\Users\Admin\graceful_books\node_modules\react-dom\cjs\react-dom.development.js:27490:7)
    at performUnitOfWork (C:\Users\Admin\graceful_books\node_modules\react-dom\cjs\react-dom.development.js:26599:12) Error: useNavigate() may be used only in the context of a <Router> component.
    at Object.invariant [as UNSAFE_invariant] (C:\Users\Admin\graceful_books\node_modules\@remix-run\router\dist\router.cjs.js:315:11)
    at useNavigateUnstable (C:\Users\Admin\graceful_books\node_modules\react-router\dist\umd\react-router.development.js:223:36)
    at useNavigate (C:\Users\Admin\graceful_books\node_modules\react-router\dist\umd\react-router.development.js:220:48)
    at AccountList (C:/Users/Admin/graceful_books/src/components/accounts/AccountList.tsx:72:20)
    at renderWithHooks (C:\Users\Admin\graceful_books\node_modules\react-dom\cjs\react-dom.development.js:15486:18)
    at mountIndeterminateComponent (C:\Users\Admin\graceful_books\node_modules\react-dom\cjs\react-dom.development.js:20103:13)
    at beginWork (C:\Users\Admin\graceful_books\node_modules\react-dom\cjs\react-dom.development.js:21626:16)
    at HTMLUnknownElement.callCallback (C:\Users\Admin\graceful_books\node_modules\react-dom\cjs\react-dom.development.js:4164:14)
    at HTMLUnknownElement.callTheUserObjectsOperation (C:\Users\Admin\graceful_books\node_modules\jsdom\lib\jsdom\living\generated\EventListener.js:26:30)
    at innerInvokeEventListeners (C:\Users\Admin\graceful_books\node_modules\jsdom\lib\jsdom\living\events\EventTarget-impl.js:350:25)
Error: Uncaught [Error: useNavigate() may be used only in the context of a <Router> component.]
    at reportException (C:\Users\Admin\graceful_books\node_modules\jsdom\lib\jsdom\living\helpers\runtime-script-errors.js:66:24)
    at innerInvokeEventListeners (C:\Users\Admin\graceful_books\node_modules\jsdom\lib\jsdom\living\events\EventTarget-impl.js:353:9)
    at invokeEventListeners (C:\Users\Admin\graceful_books\node_modules\jsdom\lib\jsdom\living\events\EventTarget-impl.js:286:3)
    at HTMLUnknownElementImpl._dispatch (C:\Users\Admin\graceful_books\node_modules\jsdom\lib\jsdom\living\events\EventTarget-impl.js:233:9)
    at HTMLUnknownElementImpl.dispatchEvent (C:\Users\Admin\graceful_books\node_modules\jsdom\lib\jsdom\living\events\EventTarget-impl.js:104:17)
    at HTMLUnknownElement.dispatchEvent (C:\Users\Admin\graceful_books\node_modules\jsdom\lib\jsdom\living\generated\EventTarget.js:241:34)
    at Object.invokeGuardedCallbackDev (C:\Users\Admin\graceful_books\node_modules\react-dom\cjs\react-dom.development.js:4213:16)
    at invokeGuardedCallback (C:\Users\Admin\graceful_books\node_modules\react-dom\cjs\react-dom.development.js:4277:31)
    at beginWork$1 (C:\Users\Admin\graceful_books\node_modules\react-dom\cjs\react-dom.development.js:27490:7)
    at performUnitOfWork (C:\Users\Admin\graceful_books\node_modules\react-dom\cjs\react-dom.development.js:26599:12) Error: useNavigate() may be used only in the context of a <Router> component.
    at Object.invariant [as UNSAFE_invariant] (C:\Users\Admin\graceful_books\node_modules\@remix-run\router\dist\router.cjs.js:315:11)
    at useNavigateUnstable (C:\Users\Admin\graceful_books\node_modules\react-router\dist\umd\react-router.development.js:223:36)
    at useNavigate (C:\Users\Admin\graceful_books\node_modules\react-router\dist\umd\react-router.development.js:220:48)
    at AccountList (C:/Users/Admin/graceful_books/src/components/accounts/AccountList.tsx:72:20)
    at renderWithHooks (C:\Users\Admin\graceful_books\node_modules\react-dom\cjs\react-dom.development.js:15486:18)
    at mountIndeterminateComponent (C:\Users\Admin\graceful_books\node_modules\react-dom\cjs\react-dom.development.js:20103:13)
    at beginWork (C:\Users\Admin\graceful_books\node_modules\react-dom\cjs\react-dom.development.js:21626:16)
    at HTMLUnknownElement.callCallback (C:\Users\Admin\graceful_books\node_modules\react-dom\cjs\react-dom.development.js:4164:14)
    at HTMLUnknownElement.callTheUserObjectsOperation (C:\Users\Admin\graceful_books\node_modules\jsdom\lib\jsdom\living\generated\EventListener.js:26:30)
    at innerInvokeEventListeners (C:\Users\Admin\graceful_books\node_modules\jsdom\lib\jsdom\living\events\EventTarget-impl.js:350:25)
Error: Uncaught [Error: useNavigate() may be used only in the context of a <Router> component.]
    at reportException (C:\Users\Admin\graceful_books\node_modules\jsdom\lib\jsdom\living\helpers\runtime-script-errors.js:66:24)
    at innerInvokeEventListeners (C:\Users\Admin\graceful_books\node_modules\jsdom\lib\jsdom\living\events\EventTarget-impl.js:353:9)
    at invokeEventListeners (C:\Users\Admin\graceful_books\node_modules\jsdom\lib\jsdom\living\events\EventTarget-impl.js:286:3)
    at HTMLUnknownElementImpl._dispatch (C:\Users\Admin\graceful_books\node_modules\jsdom\lib\jsdom\living\events\EventTarget-impl.js:233:9)
    at HTMLUnknownElementImpl.dispatchEvent (C:\Users\Admin\graceful_books\node_modules\jsdom\lib\jsdom\living\events\EventTarget-impl.js:104:17)
    at HTMLUnknownElement.dispatchEvent (C:\Users\Admin\graceful_books\node_modules\jsdom\lib\jsdom\living\generated\EventTarget.js:241:34)
    at Object.invokeGuardedCallbackDev (C:\Users\Admin\graceful_books\node_modules\react-dom\cjs\react-dom.development.js:4213:16)
    at invokeGuardedCallback (C:\Users\Admin\graceful_books\node_modules\react-dom\cjs\react-dom.development.js:4277:31)
    at beginWork$1 (C:\Users\Admin\graceful_books\node_modules\react-dom\cjs\react-dom.development.js:27490:7)
    at performUnitOfWork (C:\Users\Admin\graceful_books\node_modules\react-dom\cjs\react-dom.development.js:26599:12) Error: useNavigate() may be used only in the context of a <Router> component.
    at Object.invariant [as UNSAFE_invariant] (C:\Users\Admin\graceful_books\node_modules\@remix-run\router\dist\router.cjs.js:315:11)
    at useNavigateUnstable (C:\Users\Admin\graceful_books\node_modules\react-router\dist\umd\react-router.development.js:223:36)
    at useNavigate (C:\Users\Admin\graceful_books\node_modules\react-router\dist\umd\react-router.development.js:220:48)
    at AccountList (C:/Users/Admin/graceful_books/src/components/accounts/AccountList.tsx:72:20)
    at renderWithHooks (C:\Users\Admin\graceful_books\node_modules\react-dom\cjs\react-dom.development.js:15486:18)
    at mountIndeterminateComponent (C:\Users\Admin\graceful_books\node_modules\react-dom\cjs\react-dom.development.js:20103:13)
    at beginWork (C:\Users\Admin\graceful_books\node_modules\react-dom\cjs\react-dom.development.js:21626:16)
    at HTMLUnknownElement.callCallback (C:\Users\Admin\graceful_books\node_modules\react-dom\cjs\react-dom.development.js:4164:14)
    at HTMLUnknownElement.callTheUserObjectsOperation (C:\Users\Admin\graceful_books\node_modules\jsdom\lib\jsdom\living\generated\EventListener.js:26:30)
    at innerInvokeEventListeners (C:\Users\Admin\graceful_books\node_modules\jsdom\lib\jsdom\living\events\EventTarget-impl.js:350:25)
stderr | src/components/accounts/AccountList.test.tsx > AccountList Component > should filter by search term
The above error occurred in the <AccountList> component:

    at AccountList (C:/Users/Admin/graceful_books/src/components/accounts/AccountList.tsx:12:3)

Consider adding an error boundary to your tree to customize error handling behavior.
Visit https://reactjs.org/link/error-boundaries to learn more about error boundaries.

stderr | src/components/accounts/AccountList.test.tsx > AccountList Component > should filter by type
The above error occurred in the <AccountList> component:

    at AccountList (C:/Users/Admin/graceful_books/src/components/accounts/AccountList.tsx:12:3)

Consider adding an error boundary to your tree to customize error handling behavior.
Visit https://reactjs.org/link/error-boundaries to learn more about error boundaries.

stderr | src/components/accounts/AccountList.test.tsx > AccountList Component > should filter by status
The above error occurred in the <AccountList> component:

    at AccountList (C:/Users/Admin/graceful_books/src/components/accounts/AccountList.tsx:12:3)

Consider adding an error boundary to your tree to customize error handling behavior.
Visit https://reactjs.org/link/error-boundaries to learn more about error boundaries.

stderr | src/components/accounts/AccountList.test.tsx > AccountList Component > should toggle between card and tree views
The above error occurred in the <AccountList> component:

    at AccountList (C:/Users/Admin/graceful_books/src/components/accounts/AccountList.tsx:12:3)

Consider adding an error boundary to your tree to customize error handling behavior.
Visit https://reactjs.org/link/error-boundaries to learn more about error boundaries.

stderr | src/components/accounts/AccountList.test.tsx > AccountList Component > should call onCreate when create button is clicked
The above error occurred in the <AccountList> component:

    at AccountList (C:/Users/Admin/graceful_books/src/components/accounts/AccountList.tsx:12:3)

Consider adding an error boundary to your tree to customize error handling behavior.
Visit https://reactjs.org/link/error-boundaries to learn more about error boundaries.

stderr | src/components/accounts/AccountList.test.tsx > AccountList Component > should show empty state when no accounts match filters
The above error occurred in the <AccountList> component:

    at AccountList (C:/Users/Admin/graceful_books/src/components/accounts/AccountList.tsx:12:3)

Consider adding an error boundary to your tree to customize error handling behavior.
Visit https://reactjs.org/link/error-boundaries to learn more about error boundaries.

stderr | src/components/accounts/AccountList.test.tsx > AccountList Component > should have no accessibility violations
The above error occurred in the <AccountList> component:

    at AccountList (C:/Users/Admin/graceful_books/src/components/accounts/AccountList.tsx:12:3)

Consider adding an error boundary to your tree to customize error handling behavior.
Visit https://reactjs.org/link/error-boundaries to learn more about error boundaries.

 ❯ src/components/accounts/AccountList.test.tsx (8 tests | 8 failed) 214ms
     × should render accounts 76ms
     × should filter by search term 37ms
     × should filter by type 12ms
     × should filter by status 17ms
     × should toggle between card and tree views 24ms
     × should call onCreate when create button is clicked 12ms
     × should show empty state when no accounts match filters 10ms
     × should have no accessibility violations 16ms
 ❯ src/utils/securityLogger.test.ts (29 tests | 24 failed) 149ms
       × should log a security event to the audit log 24ms
       × should use SYSTEM as userId when no context is available 4ms
       × should use event userId and companyId when provided 2ms
       × should sanitize sensitive data from event details 9ms
       × should log a failed login attempt 6ms
       × should log account not found attempts 2ms
       × should log account locked attempts 2ms
       × should log an authorization failure (potential IDOR attack) 3ms
       × should log resource not found authorization failures 4ms
       × should log invalid company ID authorization failures 2ms
       × should log rate limit exceeded events 3ms
       × should log suspicious activity 3ms
       × should log different severity levels 2ms
       × should log account lockout due to failed attempts 2ms
       × should log indefinite account lockout 3ms
       × should log manual account lockout 7ms
       × should query security events for a company 14ms
       × should return statistics for security events 8ms
       × should create immutable logs (append-only) 14ms
       × should not allow modification of logged events 2ms
       × should redact password fields 2ms
       × should redact passphrase fields 2ms
       × should redact key fields 2ms
       × should preserve non-sensitive fields 2ms
stdout | src/services/multiUser/audit.service.test.ts > MultiUserAuditService > exportForCompliance > should export logs as CSV
[MultiUserAudit] Audit event logged {
  eventType: 'DATA_EXPORTED',
  severity: 'WARNING',
  actorUserId: 'SYSTEM'
}

 ❯ src/services/multiUser/audit.service.test.ts (31 tests | 4 failed) 199ms
       × should query logs with company filter 39ms
       × should query logs with user filter 3ms
       × should generate statistics for a period 5ms
       × should export logs as CSV 17ms
 ❯ src/services/runway/runwayCalculator.service.test.ts (11 tests | 3 failed) 62ms
       × should sum cash and current assets 21ms
       × should subtract current liabilities from available cash 3ms
       × should return null runway for positive cash flow 5ms
 ❯ src/services/coaWizardService.test.ts (23 tests | 1 failed) 59ms
       × should exclude deselected accounts 14ms
Error: Uncaught [Error: useAuth must be used within an AuthProvider]
    at reportException (C:\Users\Admin\graceful_books\node_modules\jsdom\lib\jsdom\living\helpers\runtime-script-errors.js:66:24)
    at innerInvokeEventListeners (C:\Users\Admin\graceful_books\node_modules\jsdom\lib\jsdom\living\events\EventTarget-impl.js:353:9)
    at invokeEventListeners (C:\Users\Admin\graceful_books\node_modules\jsdom\lib\jsdom\living\events\EventTarget-impl.js:286:3)
    at HTMLUnknownElementImpl._dispatch (C:\Users\Admin\graceful_books\node_modules\jsdom\lib\jsdom\living\events\EventTarget-impl.js:233:9)
    at HTMLUnknownElementImpl.dispatchEvent (C:\Users\Admin\graceful_books\node_modules\jsdom\lib\jsdom\living\events\EventTarget-impl.js:104:17)
    at HTMLUnknownElement.dispatchEvent (C:\Users\Admin\graceful_books\node_modules\jsdom\lib\jsdom\living\generated\EventTarget.js:241:34)
    at Object.invokeGuardedCallbackDev (C:\Users\Admin\graceful_books\node_modules\react-dom\cjs\react-dom.development.js:4213:16)
    at invokeGuardedCallback (C:\Users\Admin\graceful_books\node_modules\react-dom\cjs\react-dom.development.js:4277:31)
    at beginWork$1 (C:\Users\Admin\graceful_books\node_modules\react-dom\cjs\react-dom.development.js:27490:7)
    at performUnitOfWork (C:\Users\Admin\graceful_books\node_modules\react-dom\cjs\react-dom.development.js:26599:12) Error: useAuth must be used within an AuthProvider
    at useAuth (C:/Users/Admin/graceful_books/src/contexts/AuthContext.tsx:120:11)
    at Transactions (C:/Users/Admin/graceful_books/src/pages/Transactions.tsx:20:41)
    at renderWithHooks (C:\Users\Admin\graceful_books\node_modules\react-dom\cjs\react-dom.development.js:15486:18)
    at mountIndeterminateComponent (C:\Users\Admin\graceful_books\node_modules\react-dom\cjs\react-dom.development.js:20103:13)
    at beginWork (C:\Users\Admin\graceful_books\node_modules\react-dom\cjs\react-dom.development.js:21626:16)
    at HTMLUnknownElement.callCallback (C:\Users\Admin\graceful_books\node_modules\react-dom\cjs\react-dom.development.js:4164:14)
    at HTMLUnknownElement.callTheUserObjectsOperation (C:\Users\Admin\graceful_books\node_modules\jsdom\lib\jsdom\living\generated\EventListener.js:26:30)
    at innerInvokeEventListeners (C:\Users\Admin\graceful_books\node_modules\jsdom\lib\jsdom\living\events\EventTarget-impl.js:350:25)
    at invokeEventListeners (C:\Users\Admin\graceful_books\node_modules\jsdom\lib\jsdom\living\events\EventTarget-impl.js:286:3)
    at HTMLUnknownElementImpl._dispatch (C:\Users\Admin\graceful_books\node_modules\jsdom\lib\jsdom\living\events\EventTarget-impl.js:233:9)
Error: Uncaught [Error: useAuth must be used within an AuthProvider]
    at reportException (C:\Users\Admin\graceful_books\node_modules\jsdom\lib\jsdom\living\helpers\runtime-script-errors.js:66:24)
    at innerInvokeEventListeners (C:\Users\Admin\graceful_books\node_modules\jsdom\lib\jsdom\living\events\EventTarget-impl.js:353:9)
    at invokeEventListeners (C:\Users\Admin\graceful_books\node_modules\jsdom\lib\jsdom\living\events\EventTarget-impl.js:286:3)
    at HTMLUnknownElementImpl._dispatch (C:\Users\Admin\graceful_books\node_modules\jsdom\lib\jsdom\living\events\EventTarget-impl.js:233:9)
    at HTMLUnknownElementImpl.dispatchEvent (C:\Users\Admin\graceful_books\node_modules\jsdom\lib\jsdom\living\events\EventTarget-impl.js:104:17)
    at HTMLUnknownElement.dispatchEvent (C:\Users\Admin\graceful_books\node_modules\jsdom\lib\jsdom\living\generated\EventTarget.js:241:34)
    at Object.invokeGuardedCallbackDev (C:\Users\Admin\graceful_books\node_modules\react-dom\cjs\react-dom.development.js:4213:16)
    at invokeGuardedCallback (C:\Users\Admin\graceful_books\node_modules\react-dom\cjs\react-dom.development.js:4277:31)
    at beginWork$1 (C:\Users\Admin\graceful_books\node_modules\react-dom\cjs\react-dom.development.js:27490:7)
    at performUnitOfWork (C:\Users\Admin\graceful_books\node_modules\react-dom\cjs\react-dom.development.js:26599:12) Error: useAuth must be used within an AuthProvider
    at useAuth (C:/Users/Admin/graceful_books/src/contexts/AuthContext.tsx:120:11)
    at Transactions (C:/Users/Admin/graceful_books/src/pages/Transactions.tsx:20:41)
    at renderWithHooks (C:\Users\Admin\graceful_books\node_modules\react-dom\cjs\react-dom.development.js:15486:18)
    at mountIndeterminateComponent (C:\Users\Admin\graceful_books\node_modules\react-dom\cjs\react-dom.development.js:20103:13)
    at beginWork (C:\Users\Admin\graceful_books\node_modules\react-dom\cjs\react-dom.development.js:21626:16)
    at HTMLUnknownElement.callCallback (C:\Users\Admin\graceful_books\node_modules\react-dom\cjs\react-dom.development.js:4164:14)
    at HTMLUnknownElement.callTheUserObjectsOperation (C:\Users\Admin\graceful_books\node_modules\jsdom\lib\jsdom\living\generated\EventListener.js:26:30)
    at innerInvokeEventListeners (C:\Users\Admin\graceful_books\node_modules\jsdom\lib\jsdom\living\events\EventTarget-impl.js:350:25)
    at invokeEventListeners (C:\Users\Admin\graceful_books\node_modules\jsdom\lib\jsdom\living\events\EventTarget-impl.js:286:3)
    at HTMLUnknownElementImpl._dispatch (C:\Users\Admin\graceful_books\node_modules\jsdom\lib\jsdom\living\events\EventTarget-impl.js:233:9)
Error: Uncaught [Error: useAuth must be used within an AuthProvider]
    at reportException (C:\Users\Admin\graceful_books\node_modules\jsdom\lib\jsdom\living\helpers\runtime-script-errors.js:66:24)
    at innerInvokeEventListeners (C:\Users\Admin\graceful_books\node_modules\jsdom\lib\jsdom\living\events\EventTarget-impl.js:353:9)
    at invokeEventListeners (C:\Users\Admin\graceful_books\node_modules\jsdom\lib\jsdom\living\events\EventTarget-impl.js:286:3)
    at HTMLUnknownElementImpl._dispatch (C:\Users\Admin\graceful_books\node_modules\jsdom\lib\jsdom\living\events\EventTarget-impl.js:233:9)
    at HTMLUnknownElementImpl.dispatchEvent (C:\Users\Admin\graceful_books\node_modules\jsdom\lib\jsdom\living\events\EventTarget-impl.js:104:17)
    at HTMLUnknownElement.dispatchEvent (C:\Users\Admin\graceful_books\node_modules\jsdom\lib\jsdom\living\generated\EventTarget.js:241:34)
    at Object.invokeGuardedCallbackDev (C:\Users\Admin\graceful_books\node_modules\react-dom\cjs\react-dom.development.js:4213:16)
    at invokeGuardedCallback (C:\Users\Admin\graceful_books\node_modules\react-dom\cjs\react-dom.development.js:4277:31)
    at beginWork$1 (C:\Users\Admin\graceful_books\node_modules\react-dom\cjs\react-dom.development.js:27490:7)
    at performUnitOfWork (C:\Users\Admin\graceful_books\node_modules\react-dom\cjs\react-dom.development.js:26599:12) Error: useAuth must be used within an AuthProvider
    at useAuth (C:/Users/Admin/graceful_books/src/contexts/AuthContext.tsx:120:11)
    at Transactions (C:/Users/Admin/graceful_books/src/pages/Transactions.tsx:20:41)
    at renderWithHooks (C:\Users\Admin\graceful_books\node_modules\react-dom\cjs\react-dom.development.js:15486:18)
    at mountIndeterminateComponent (C:\Users\Admin\graceful_books\node_modules\react-dom\cjs\react-dom.development.js:20103:13)
    at beginWork (C:\Users\Admin\graceful_books\node_modules\react-dom\cjs\react-dom.development.js:21626:16)
    at HTMLUnknownElement.callCallback (C:\Users\Admin\graceful_books\node_modules\react-dom\cjs\react-dom.development.js:4164:14)
    at HTMLUnknownElement.callTheUserObjectsOperation (C:\Users\Admin\graceful_books\node_modules\jsdom\lib\jsdom\living\generated\EventListener.js:26:30)
    at innerInvokeEventListeners (C:\Users\Admin\graceful_books\node_modules\jsdom\lib\jsdom\living\events\EventTarget-impl.js:350:25)
    at invokeEventListeners (C:\Users\Admin\graceful_books\node_modules\jsdom\lib\jsdom\living\events\EventTarget-impl.js:286:3)
    at HTMLUnknownElementImpl._dispatch (C:\Users\Admin\graceful_books\node_modules\jsdom\lib\jsdom\living\events\EventTarget-impl.js:233:9)
Error: Uncaught [Error: useAuth must be used within an AuthProvider]
    at reportException (C:\Users\Admin\graceful_books\node_modules\jsdom\lib\jsdom\living\helpers\runtime-script-errors.js:66:24)
    at innerInvokeEventListeners (C:\Users\Admin\graceful_books\node_modules\jsdom\lib\jsdom\living\events\EventTarget-impl.js:353:9)
    at invokeEventListeners (C:\Users\Admin\graceful_books\node_modules\jsdom\lib\jsdom\living\events\EventTarget-impl.js:286:3)
    at HTMLUnknownElementImpl._dispatch (C:\Users\Admin\graceful_books\node_modules\jsdom\lib\jsdom\living\events\EventTarget-impl.js:233:9)
    at HTMLUnknownElementImpl.dispatchEvent (C:\Users\Admin\graceful_books\node_modules\jsdom\lib\jsdom\living\events\EventTarget-impl.js:104:17)
    at HTMLUnknownElement.dispatchEvent (C:\Users\Admin\graceful_books\node_modules\jsdom\lib\jsdom\living\generated\EventTarget.js:241:34)
    at Object.invokeGuardedCallbackDev (C:\Users\Admin\graceful_books\node_modules\react-dom\cjs\react-dom.development.js:4213:16)
    at invokeGuardedCallback (C:\Users\Admin\graceful_books\node_modules\react-dom\cjs\react-dom.development.js:4277:31)
    at beginWork$1 (C:\Users\Admin\graceful_books\node_modules\react-dom\cjs\react-dom.development.js:27490:7)
    at performUnitOfWork (C:\Users\Admin\graceful_books\node_modules\react-dom\cjs\react-dom.development.js:26599:12) Error: useAuth must be used within an AuthProvider
    at useAuth (C:/Users/Admin/graceful_books/src/contexts/AuthContext.tsx:120:11)
    at Transactions (C:/Users/Admin/graceful_books/src/pages/Transactions.tsx:20:41)
    at renderWithHooks (C:\Users\Admin\graceful_books\node_modules\react-dom\cjs\react-dom.development.js:15486:18)
    at mountIndeterminateComponent (C:\Users\Admin\graceful_books\node_modules\react-dom\cjs\react-dom.development.js:20103:13)
    at beginWork (C:\Users\Admin\graceful_books\node_modules\react-dom\cjs\react-dom.development.js:21626:16)
    at HTMLUnknownElement.callCallback (C:\Users\Admin\graceful_books\node_modules\react-dom\cjs\react-dom.development.js:4164:14)
    at HTMLUnknownElement.callTheUserObjectsOperation (C:\Users\Admin\graceful_books\node_modules\jsdom\lib\jsdom\living\generated\EventListener.js:26:30)
    at innerInvokeEventListeners (C:\Users\Admin\graceful_books\node_modules\jsdom\lib\jsdom\living\events\EventTarget-impl.js:350:25)
    at invokeEventListeners (C:\Users\Admin\graceful_books\node_modules\jsdom\lib\jsdom\living\events\EventTarget-impl.js:286:3)
    at HTMLUnknownElementImpl._dispatch (C:\Users\Admin\graceful_books\node_modules\jsdom\lib\jsdom\living\events\EventTarget-impl.js:233:9)
Error: Uncaught [Error: useAuth must be used within an AuthProvider]
    at reportException (C:\Users\Admin\graceful_books\node_modules\jsdom\lib\jsdom\living\helpers\runtime-script-errors.js:66:24)
    at innerInvokeEventListeners (C:\Users\Admin\graceful_books\node_modules\jsdom\lib\jsdom\living\events\EventTarget-impl.js:353:9)
    at invokeEventListeners (C:\Users\Admin\graceful_books\node_modules\jsdom\lib\jsdom\living\events\EventTarget-impl.js:286:3)
    at HTMLUnknownElementImpl._dispatch (C:\Users\Admin\graceful_books\node_modules\jsdom\lib\jsdom\living\events\EventTarget-impl.js:233:9)
    at HTMLUnknownElementImpl.dispatchEvent (C:\Users\Admin\graceful_books\node_modules\jsdom\lib\jsdom\living\events\EventTarget-impl.js:104:17)
    at HTMLUnknownElement.dispatchEvent (C:\Users\Admin\graceful_books\node_modules\jsdom\lib\jsdom\living\generated\EventTarget.js:241:34)
    at Object.invokeGuardedCallbackDev (C:\Users\Admin\graceful_books\node_modules\react-dom\cjs\react-dom.development.js:4213:16)
    at invokeGuardedCallback (C:\Users\Admin\graceful_books\node_modules\react-dom\cjs\react-dom.development.js:4277:31)
    at beginWork$1 (C:\Users\Admin\graceful_books\node_modules\react-dom\cjs\react-dom.development.js:27490:7)
    at performUnitOfWork (C:\Users\Admin\graceful_books\node_modules\react-dom\cjs\react-dom.development.js:26599:12) Error: useAuth must be used within an AuthProvider
    at useAuth (C:/Users/Admin/graceful_books/src/contexts/AuthContext.tsx:120:11)
    at Transactions (C:/Users/Admin/graceful_books/src/pages/Transactions.tsx:20:41)
    at renderWithHooks (C:\Users\Admin\graceful_books\node_modules\react-dom\cjs\react-dom.development.js:15486:18)
    at mountIndeterminateComponent (C:\Users\Admin\graceful_books\node_modules\react-dom\cjs\react-dom.development.js:20103:13)
    at beginWork (C:\Users\Admin\graceful_books\node_modules\react-dom\cjs\react-dom.development.js:21626:16)
    at HTMLUnknownElement.callCallback (C:\Users\Admin\graceful_books\node_modules\react-dom\cjs\react-dom.development.js:4164:14)
    at HTMLUnknownElement.callTheUserObjectsOperation (C:\Users\Admin\graceful_books\node_modules\jsdom\lib\jsdom\living\generated\EventListener.js:26:30)
    at innerInvokeEventListeners (C:\Users\Admin\graceful_books\node_modules\jsdom\lib\jsdom\living\events\EventTarget-impl.js:350:25)
    at invokeEventListeners (C:\Users\Admin\graceful_books\node_modules\jsdom\lib\jsdom\living\events\EventTarget-impl.js:286:3)
    at HTMLUnknownElementImpl._dispatch (C:\Users\Admin\graceful_books\node_modules\jsdom\lib\jsdom\living\events\EventTarget-impl.js:233:9)
Error: Uncaught [Error: useAuth must be used within an AuthProvider]
    at reportException (C:\Users\Admin\graceful_books\node_modules\jsdom\lib\jsdom\living\helpers\runtime-script-errors.js:66:24)
    at innerInvokeEventListeners (C:\Users\Admin\graceful_books\node_modules\jsdom\lib\jsdom\living\events\EventTarget-impl.js:353:9)
    at invokeEventListeners (C:\Users\Admin\graceful_books\node_modules\jsdom\lib\jsdom\living\events\EventTarget-impl.js:286:3)
    at HTMLUnknownElementImpl._dispatch (C:\Users\Admin\graceful_books\node_modules\jsdom\lib\jsdom\living\events\EventTarget-impl.js:233:9)
    at HTMLUnknownElementImpl.dispatchEvent (C:\Users\Admin\graceful_books\node_modules\jsdom\lib\jsdom\living\events\EventTarget-impl.js:104:17)
    at HTMLUnknownElement.dispatchEvent (C:\Users\Admin\graceful_books\node_modules\jsdom\lib\jsdom\living\generated\EventTarget.js:241:34)
    at Object.invokeGuardedCallbackDev (C:\Users\Admin\graceful_books\node_modules\react-dom\cjs\react-dom.development.js:4213:16)
    at invokeGuardedCallback (C:\Users\Admin\graceful_books\node_modules\react-dom\cjs\react-dom.development.js:4277:31)
    at beginWork$1 (C:\Users\Admin\graceful_books\node_modules\react-dom\cjs\react-dom.development.js:27490:7)
    at performUnitOfWork (C:\Users\Admin\graceful_books\node_modules\react-dom\cjs\react-dom.development.js:26599:12) Error: useAuth must be used within an AuthProvider
    at useAuth (C:/Users/Admin/graceful_books/src/contexts/AuthContext.tsx:120:11)
    at Transactions (C:/Users/Admin/graceful_books/src/pages/Transactions.tsx:20:41)
    at renderWithHooks (C:\Users\Admin\graceful_books\node_modules\react-dom\cjs\react-dom.development.js:15486:18)
    at mountIndeterminateComponent (C:\Users\Admin\graceful_books\node_modules\react-dom\cjs\react-dom.development.js:20103:13)
    at beginWork (C:\Users\Admin\graceful_books\node_modules\react-dom\cjs\react-dom.development.js:21626:16)
    at HTMLUnknownElement.callCallback (C:\Users\Admin\graceful_books\node_modules\react-dom\cjs\react-dom.development.js:4164:14)
    at HTMLUnknownElement.callTheUserObjectsOperation (C:\Users\Admin\graceful_books\node_modules\jsdom\lib\jsdom\living\generated\EventListener.js:26:30)
    at innerInvokeEventListeners (C:\Users\Admin\graceful_books\node_modules\jsdom\lib\jsdom\living\events\EventTarget-impl.js:350:25)
    at invokeEventListeners (C:\Users\Admin\graceful_books\node_modules\jsdom\lib\jsdom\living\events\EventTarget-impl.js:286:3)
    at HTMLUnknownElementImpl._dispatch (C:\Users\Admin\graceful_books\node_modules\jsdom\lib\jsdom\living\events\EventTarget-impl.js:233:9)
stderr | src/pages/Transactions.test.tsx > Transactions Page > should render page title
The above error occurred in the <Transactions> component:

    at Transactions (C:/Users/Admin/graceful_books/src/pages/Transactions.tsx:12:74)
    at Router (C:\Users\Admin\graceful_books\node_modules\react-router\dist\umd\react-router.development.js:1207:17)
    at BrowserRouter (C:\Users\Admin\graceful_books\node_modules\react-router-dom\dist\umd\react-router-dom.development.js:695:7)

Consider adding an error boundary to your tree to customize error handling behavior.
Visit https://reactjs.org/link/error-boundaries to learn more about error boundaries.

stderr | src/pages/Transactions.test.tsx > Transactions Page > should show new transaction button
The above error occurred in the <Transactions> component:

    at Transactions (C:/Users/Admin/graceful_books/src/pages/Transactions.tsx:12:74)
    at Router (C:\Users\Admin\graceful_books\node_modules\react-router\dist\umd\react-router.development.js:1207:17)
    at BrowserRouter (C:\Users\Admin\graceful_books\node_modules\react-router-dom\dist\umd\react-router-dom.development.js:695:7)

Consider adding an error boundary to your tree to customize error handling behavior.
Visit https://reactjs.org/link/error-boundaries to learn more about error boundaries.

stderr | src/pages/Transactions.test.tsx > Transactions Page > should show transaction count
The above error occurred in the <Transactions> component:

    at Transactions (C:/Users/Admin/graceful_books/src/pages/Transactions.tsx:12:74)
    at Router (C:\Users\Admin\graceful_books\node_modules\react-router\dist\umd\react-router.development.js:1207:17)
    at BrowserRouter (C:\Users\Admin\graceful_books\node_modules\react-router-dom\dist\umd\react-router-dom.development.js:695:7)

Consider adding an error boundary to your tree to customize error handling behavior.
Visit https://reactjs.org/link/error-boundaries to learn more about error boundaries.

 ❯ src/pages/Transactions.test.tsx (3 tests | 3 failed) 148ms
     × should render page title 101ms
     × should show new transaction button 22ms
     × should show transaction count 15ms
 ❯ src/services/exchangeRate.service.test.ts (33 tests | 3 failed) 112ms
       × should create inverse rate automatically 19ms
       × should return all rates for currency pair 3ms
       × should update rate value 4ms
 ❯ src/sync/syncClient.test.ts (16 tests | 2 failed) 111ms
       × should complete sync successfully 34ms
       × should update state during sync 9ms
 ❯ src/services/admin/Phase6Integration.test.ts (11 tests | 4 failed) 78ms
       × should execute full revocation workflow 30ms
       × should generate historical export for revoked user 15ms
       × should handle revocation errors gracefully 3ms
       × should handle notification failures without blocking revocation 3ms
 ❯ src/services/reconciliationService.test.ts (15 tests | 1 failed) 80ms
       × should calculate zero discrepancy for balanced reconciliation 32ms
 ❯ audacious_money_backend/src/middleware/auth.test.ts (0 test)
 ❯ audacious_money_backend/src/routes/auth.test.ts (0 test)
Error: Not implemented: navigation (except hash changes)
    at module.exports (C:\Users\Admin\graceful_books\node_modules\jsdom\lib\jsdom\browser\not-implemented.js:9:17)
    at navigateFetch (C:\Users\Admin\graceful_books\node_modules\jsdom\lib\jsdom\living\window\navigation.js:77:3)
    at exports.navigate (C:\Users\Admin\graceful_books\node_modules\jsdom\lib\jsdom\living\window\navigation.js:55:3)
    at Timeout._onTimeout (C:\Users\Admin\graceful_books\node_modules\jsdom\lib\jsdom\living\nodes\HTMLHyperlinkElementUtils-impl.js:81:7)
    at listOnTimeout (node:internal/timers:605:17)
    at processTimers (node:internal/timers:541:7) undefined
 ❯ src/__tests__/security/idor.test.ts (48 tests | 38 failed | 10 skipped) 101ms
       × should prevent Company A from getting Company B account 15ms
       × should prevent Company A from updating Company B account 2ms
       × should prevent Company A from deleting Company B account 2ms
       × should allow Company A to access its own account 2ms
       × should return only Company A accounts in batch query 2ms
       × should return validation error for empty companyId 1ms
       × should prevent Company A from getting Company B transaction 1ms
       × should prevent Company A from updating Company B transaction 1ms
       × should prevent Company A from posting Company B transaction 2ms
       × should prevent Company A from voiding Company B transaction 1ms
       × should prevent Company A from deleting Company B transaction 1ms
       × should allow Company A to access its own transaction 11ms
       × should return only Company A transactions in batch query 1ms
       × should test all transaction statuses with IDOR protection 4ms
       × should prevent Company A from getting Company B contact 1ms
       × should prevent Company A from updating Company B contact 1ms
       × should prevent Company A from deleting Company B contact 1ms
       × should allow Company A to access its own contact 2ms
       × should return only Company A contacts in batch query 2ms
       × should test both customer and vendor contact types 1ms
       × should prevent Company A from getting Company B product 3ms
       × should prevent Company A from updating Company B product 2ms
       × should prevent Company A from deleting Company B product 1ms
       × should allow Company A to access its own product 1ms
       × should return only Company A products in batch query 1ms
       × should test both product and service types 1ms
       × should filter batch account query by companyId 1ms
       × should filter batch transaction query by companyId 1ms
       × should filter batch contact query by companyId 3ms
       × should filter batch product query by companyId 1ms
       × should return validation error for empty companyId in account operations 1ms
       × should return validation error for empty companyId in transaction operations 1ms
       × should return validation error for empty companyId in contact operations 2ms
       × should return validation error for empty companyId in product operations 5ms
       × should return validation error for empty companyId in invoice operations 1ms
       × should return validation error for empty companyId in batch queries 1ms
       × should not reveal existence of Company B resources to Company A 3ms
       × should return identical error messages for non-existent vs unauthorized resources 2ms
 ❯ src/services/cpg/cpgIntegration.service.test.ts (12 tests | 5 failed) 1244ms
       × should create both CPG invoice and accounting transaction 329ms
       × should calculate CPUs with additional costs allocated proportionally 101ms
       × should return financial data 77ms
       × should handle zero revenue 74ms
       × should calculate COGS for units sold 96ms
Error: Not implemented: HTMLCanvasElement.prototype.getContext (without installing the canvas npm package)
    at module.exports (C:\Users\Admin\graceful_books\node_modules\jsdom\lib\jsdom\browser\not-implemented.js:9:17)
    at HTMLCanvasElementImpl.getContext (C:\Users\Admin\graceful_books\node_modules\jsdom\lib\jsdom\living\nodes\HTMLCanvasElement-impl.js:42:5)
    at HTMLCanvasElement.getContext (C:\Users\Admin\graceful_books\node_modules\jsdom\lib\jsdom\living\generated\HTMLCanvasElement.js:131:58)
    at Module.generateSessionFingerprint (C:/Users/Admin/graceful_books/src/auth/sessionSecurity.ts:52:26)
    at C:/Users/Admin/graceful_books/src/auth/sessionSecurity.test.ts:46:33
    at file:///C:/Users/Admin/graceful_books/node_modules/@vitest/runner/dist/chunk-artifact.js:302:11
    at file:///C:/Users/Admin/graceful_books/node_modules/@vitest/runner/dist/chunk-artifact.js:1903:26
    at file:///C:/Users/Admin/graceful_books/node_modules/@vitest/runner/dist/chunk-artifact.js:2326:20
    at new Promise (<anonymous>)
    at runWithCancel (file:///C:/Users/Admin/graceful_books/node_modules/@vitest/runner/dist/chunk-artifact.js:2323:10) undefined
Error: Not implemented: HTMLCanvasElement.prototype.getContext (without installing the canvas npm package)
    at module.exports (C:\Users\Admin\graceful_books\node_modules\jsdom\lib\jsdom\browser\not-implemented.js:9:17)
    at HTMLCanvasElementImpl.getContext (C:\Users\Admin\graceful_books\node_modules\jsdom\lib\jsdom\living\nodes\HTMLCanvasElement-impl.js:42:5)
    at HTMLCanvasElement.getContext (C:\Users\Admin\graceful_books\node_modules\jsdom\lib\jsdom\living\generated\HTMLCanvasElement.js:131:58)
    at Module.generateSessionFingerprint (C:/Users/Admin/graceful_books/src/auth/sessionSecurity.ts:52:26)
    at C:/Users/Admin/graceful_books/src/auth/sessionSecurity.test.ts:57:33
    at file:///C:/Users/Admin/graceful_books/node_modules/@vitest/runner/dist/chunk-artifact.js:302:11
    at file:///C:/Users/Admin/graceful_books/node_modules/@vitest/runner/dist/chunk-artifact.js:1903:26
    at file:///C:/Users/Admin/graceful_books/node_modules/@vitest/runner/dist/chunk-artifact.js:2326:20
    at new Promise (<anonymous>)
    at runWithCancel (file:///C:/Users/Admin/graceful_books/node_modules/@vitest/runner/dist/chunk-artifact.js:2323:10) undefined
Error: Not implemented: HTMLCanvasElement.prototype.getContext (without installing the canvas npm package)
    at module.exports (C:\Users\Admin\graceful_books\node_modules\jsdom\lib\jsdom\browser\not-implemented.js:9:17)
    at HTMLCanvasElementImpl.getContext (C:\Users\Admin\graceful_books\node_modules\jsdom\lib\jsdom\living\nodes\HTMLCanvasElement-impl.js:42:5)
    at HTMLCanvasElement.getContext (C:\Users\Admin\graceful_books\node_modules\jsdom\lib\jsdom\living\generated\HTMLCanvasElement.js:131:58)
    at Module.generateSessionFingerprint (C:/Users/Admin/graceful_books/src/auth/sessionSecurity.ts:52:26)
    at C:/Users/Admin/graceful_books/src/auth/sessionSecurity.test.ts:62:33
    at file:///C:/Users/Admin/graceful_books/node_modules/@vitest/runner/dist/chunk-artifact.js:302:11
    at file:///C:/Users/Admin/graceful_books/node_modules/@vitest/runner/dist/chunk-artifact.js:1903:26
    at file:///C:/Users/Admin/graceful_books/node_modules/@vitest/runner/dist/chunk-artifact.js:2326:20
    at new Promise (<anonymous>)
    at runWithCancel (file:///C:/Users/Admin/graceful_books/node_modules/@vitest/runner/dist/chunk-artifact.js:2323:10) undefined
Error: Not implemented: HTMLCanvasElement.prototype.getContext (without installing the canvas npm package)
    at module.exports (C:\Users\Admin\graceful_books\node_modules\jsdom\lib\jsdom\browser\not-implemented.js:9:17)
    at HTMLCanvasElementImpl.getContext (C:\Users\Admin\graceful_books\node_modules\jsdom\lib\jsdom\living\nodes\HTMLCanvasElement-impl.js:42:5)
    at HTMLCanvasElement.getContext (C:\Users\Admin\graceful_books\node_modules\jsdom\lib\jsdom\living\generated\HTMLCanvasElement.js:131:58)
    at Module.generateSessionFingerprint (C:/Users/Admin/graceful_books/src/auth/sessionSecurity.ts:52:26)
    at C:/Users/Admin/graceful_books/src/auth/sessionSecurity.test.ts:67:33
    at file:///C:/Users/Admin/graceful_books/node_modules/@vitest/runner/dist/chunk-artifact.js:302:11
    at file:///C:/Users/Admin/graceful_books/node_modules/@vitest/runner/dist/chunk-artifact.js:1903:26
    at file:///C:/Users/Admin/graceful_books/node_modules/@vitest/runner/dist/chunk-artifact.js:2326:20
    at new Promise (<anonymous>)
    at runWithCancel (file:///C:/Users/Admin/graceful_books/node_modules/@vitest/runner/dist/chunk-artifact.js:2323:10) undefined
Error: Not implemented: HTMLCanvasElement.prototype.getContext (without installing the canvas npm package)
    at module.exports (C:\Users\Admin\graceful_books\node_modules\jsdom\lib\jsdom\browser\not-implemented.js:9:17)
    at HTMLCanvasElementImpl.getContext (C:\Users\Admin\graceful_books\node_modules\jsdom\lib\jsdom\living\nodes\HTMLCanvasElement-impl.js:42:5)
    at HTMLCanvasElement.getContext (C:\Users\Admin\graceful_books\node_modules\jsdom\lib\jsdom\living\generated\HTMLCanvasElement.js:131:58)
    at generateSessionFingerprint (C:/Users/Admin/graceful_books/src/auth/sessionSecurity.ts:52:26)
    at Module.createSecureSession (C:/Users/Admin/graceful_books/src/auth/sessionSecurity.ts:125:29)
    at C:/Users/Admin/graceful_books/src/auth/sessionSecurity.test.ts:129:23 undefined
Error: Not implemented: HTMLCanvasElement.prototype.getContext (without installing the canvas npm package)
    at module.exports (C:\Users\Admin\graceful_books\node_modules\jsdom\lib\jsdom\browser\not-implemented.js:9:17)
    at HTMLCanvasElementImpl.getContext (C:\Users\Admin\graceful_books\node_modules\jsdom\lib\jsdom\living\nodes\HTMLCanvasElement-impl.js:42:5)
    at HTMLCanvasElement.getContext (C:\Users\Admin\graceful_books\node_modules\jsdom\lib\jsdom\living\generated\HTMLCanvasElement.js:131:58)
    at generateSessionFingerprint (C:/Users/Admin/graceful_books/src/auth/sessionSecurity.ts:52:26)
    at Module.createSecureSession (C:/Users/Admin/graceful_books/src/auth/sessionSecurity.ts:125:29)
    at C:/Users/Admin/graceful_books/src/auth/sessionSecurity.test.ts:155:23 undefined
Error: Not implemented: HTMLCanvasElement.prototype.getContext (without installing the canvas npm package)
    at module.exports (C:\Users\Admin\graceful_books\node_modules\jsdom\lib\jsdom\browser\not-implemented.js:9:17)
    at HTMLCanvasElementImpl.getContext (C:\Users\Admin\graceful_books\node_modules\jsdom\lib\jsdom\living\nodes\HTMLCanvasElement-impl.js:42:5)
    at HTMLCanvasElement.getContext (C:\Users\Admin\graceful_books\node_modules\jsdom\lib\jsdom\living\generated\HTMLCanvasElement.js:131:58)
    at generateSessionFingerprint (C:/Users/Admin/graceful_books/src/auth/sessionSecurity.ts:52:26)
    at Module.createSecureSession (C:/Users/Admin/graceful_books/src/auth/sessionSecurity.ts:125:29)
    at C:/Users/Admin/graceful_books/src/auth/sessionSecurity.test.ts:168:23 undefined
Error: Not implemented: HTMLCanvasElement.prototype.getContext (without installing the canvas npm package)
    at module.exports (C:\Users\Admin\graceful_books\node_modules\jsdom\lib\jsdom\browser\not-implemented.js:9:17)
    at HTMLCanvasElementImpl.getContext (C:\Users\Admin\graceful_books\node_modules\jsdom\lib\jsdom\living\nodes\HTMLCanvasElement-impl.js:42:5)
    at HTMLCanvasElement.getContext (C:\Users\Admin\graceful_books\node_modules\jsdom\lib\jsdom\living\generated\HTMLCanvasElement.js:131:58)
    at Module.generateSessionFingerprint (C:/Users/Admin/graceful_books/src/auth/sessionSecurity.ts:52:26)
    at C:/Users/Admin/graceful_books/src/auth/sessionSecurity.test.ts:184:33
    at file:///C:/Users/Admin/graceful_books/node_modules/@vitest/runner/dist/chunk-artifact.js:302:11
    at wrapper (file:///C:/Users/Admin/graceful_books/node_modules/@vitest/runner/dist/chunk-artifact.js:722:10)
    at file:///C:/Users/Admin/graceful_books/node_modules/@vitest/runner/dist/chunk-artifact.js:2305:20
    at new Promise (<anonymous>)
    at runWithTimeout (file:///C:/Users/Admin/graceful_books/node_modules/@vitest/runner/dist/chunk-artifact.js:2272:10) undefined
Error: Not implemented: HTMLCanvasElement.prototype.getContext (without installing the canvas npm package)
    at module.exports (C:\Users\Admin\graceful_books\node_modules\jsdom\lib\jsdom\browser\not-implemented.js:9:17)
    at HTMLCanvasElementImpl.getContext (C:\Users\Admin\graceful_books\node_modules\jsdom\lib\jsdom\living\nodes\HTMLCanvasElement-impl.js:42:5)
    at HTMLCanvasElement.getContext (C:\Users\Admin\graceful_books\node_modules\jsdom\lib\jsdom\living\generated\HTMLCanvasElement.js:131:58)
    at generateSessionFingerprint (C:/Users/Admin/graceful_books/src/auth/sessionSecurity.ts:52:26)
    at Module.validateSessionWithFingerprint (C:/Users/Admin/graceful_books/src/auth/sessionSecurity.ts:211:36)
    at C:/Users/Admin/graceful_books/src/auth/sessionSecurity.test.ts:209:28
    at file:///C:/Users/Admin/graceful_books/node_modules/@vitest/runner/dist/chunk-artifact.js:302:11
    at file:///C:/Users/Admin/graceful_books/node_modules/@vitest/runner/dist/chunk-artifact.js:1903:26
    at file:///C:/Users/Admin/graceful_books/node_modules/@vitest/runner/dist/chunk-artifact.js:2326:20
    at new Promise (<anonymous>) undefined
Error: Not implemented: HTMLCanvasElement.prototype.getContext (without installing the canvas npm package)
    at module.exports (C:\Users\Admin\graceful_books\node_modules\jsdom\lib\jsdom\browser\not-implemented.js:9:17)
    at HTMLCanvasElementImpl.getContext (C:\Users\Admin\graceful_books\node_modules\jsdom\lib\jsdom\living\nodes\HTMLCanvasElement-impl.js:42:5)
    at HTMLCanvasElement.getContext (C:\Users\Admin\graceful_books\node_modules\jsdom\lib\jsdom\living\generated\HTMLCanvasElement.js:131:58)
    at Module.generateSessionFingerprint (C:/Users/Admin/graceful_books/src/auth/sessionSecurity.ts:52:26)
    at C:/Users/Admin/graceful_books/src/auth/sessionSecurity.test.ts:184:33
    at file:///C:/Users/Admin/graceful_books/node_modules/@vitest/runner/dist/chunk-artifact.js:302:11
    at wrapper (file:///C:/Users/Admin/graceful_books/node_modules/@vitest/runner/dist/chunk-artifact.js:722:10)
    at file:///C:/Users/Admin/graceful_books/node_modules/@vitest/runner/dist/chunk-artifact.js:2305:20
    at new Promise (<anonymous>)
    at runWithTimeout (file:///C:/Users/Admin/graceful_books/node_modules/@vitest/runner/dist/chunk-artifact.js:2272:10) undefined
Error: Not implemented: HTMLCanvasElement.prototype.getContext (without installing the canvas npm package)
    at module.exports (C:\Users\Admin\graceful_books\node_modules\jsdom\lib\jsdom\browser\not-implemented.js:9:17)
    at HTMLCanvasElementImpl.getContext (C:\Users\Admin\graceful_books\node_modules\jsdom\lib\jsdom\living\nodes\HTMLCanvasElement-impl.js:42:5)
    at HTMLCanvasElement.getContext (C:\Users\Admin\graceful_books\node_modules\jsdom\lib\jsdom\living\generated\HTMLCanvasElement.js:131:58)
    at Module.generateSessionFingerprint (C:/Users/Admin/graceful_books/src/auth/sessionSecurity.ts:52:26)
    at C:/Users/Admin/graceful_books/src/auth/sessionSecurity.test.ts:184:33
    at file:///C:/Users/Admin/graceful_books/node_modules/@vitest/runner/dist/chunk-artifact.js:302:11
    at wrapper (file:///C:/Users/Admin/graceful_books/node_modules/@vitest/runner/dist/chunk-artifact.js:722:10)
    at file:///C:/Users/Admin/graceful_books/node_modules/@vitest/runner/dist/chunk-artifact.js:2305:20
    at new Promise (<anonymous>)
    at runWithTimeout (file:///C:/Users/Admin/graceful_books/node_modules/@vitest/runner/dist/chunk-artifact.js:2272:10) undefined
Error: Not implemented: HTMLCanvasElement.prototype.getContext (without installing the canvas npm package)
    at module.exports (C:\Users\Admin\graceful_books\node_modules\jsdom\lib\jsdom\browser\not-implemented.js:9:17)
    at HTMLCanvasElementImpl.getContext (C:\Users\Admin\graceful_books\node_modules\jsdom\lib\jsdom\living\nodes\HTMLCanvasElement-impl.js:42:5)
    at HTMLCanvasElement.getContext (C:\Users\Admin\graceful_books\node_modules\jsdom\lib\jsdom\living\generated\HTMLCanvasElement.js:131:58)
    at Module.generateSessionFingerprint (C:/Users/Admin/graceful_books/src/auth/sessionSecurity.ts:52:26)
    at C:/Users/Admin/graceful_books/src/auth/sessionSecurity.test.ts:184:33
    at file:///C:/Users/Admin/graceful_books/node_modules/@vitest/runner/dist/chunk-artifact.js:302:11
    at wrapper (file:///C:/Users/Admin/graceful_books/node_modules/@vitest/runner/dist/chunk-artifact.js:722:10)
    at file:///C:/Users/Admin/graceful_books/node_modules/@vitest/runner/dist/chunk-artifact.js:2305:20
    at new Promise (<anonymous>)
    at runWithTimeout (file:///C:/Users/Admin/graceful_books/node_modules/@vitest/runner/dist/chunk-artifact.js:2272:10) undefined
Error: Not implemented: HTMLCanvasElement.prototype.getContext (without installing the canvas npm package)
    at module.exports (C:\Users\Admin\graceful_books\node_modules\jsdom\lib\jsdom\browser\not-implemented.js:9:17)
    at HTMLCanvasElementImpl.getContext (C:\Users\Admin\graceful_books\node_modules\jsdom\lib\jsdom\living\nodes\HTMLCanvasElement-impl.js:42:5)
    at HTMLCanvasElement.getContext (C:\Users\Admin\graceful_books\node_modules\jsdom\lib\jsdom\living\generated\HTMLCanvasElement.js:131:58)
    at Module.generateSessionFingerprint (C:/Users/Admin/graceful_books/src/auth/sessionSecurity.ts:52:26)
    at C:/Users/Admin/graceful_books/src/auth/sessionSecurity.test.ts:184:33
    at file:///C:/Users/Admin/graceful_books/node_modules/@vitest/runner/dist/chunk-artifact.js:302:11
    at wrapper (file:///C:/Users/Admin/graceful_books/node_modules/@vitest/runner/dist/chunk-artifact.js:722:10)
    at file:///C:/Users/Admin/graceful_books/node_modules/@vitest/runner/dist/chunk-artifact.js:2305:20
    at new Promise (<anonymous>)
    at runWithTimeout (file:///C:/Users/Admin/graceful_books/node_modules/@vitest/runner/dist/chunk-artifact.js:2272:10) undefined
Error: Not implemented: HTMLCanvasElement.prototype.getContext (without installing the canvas npm package)
    at module.exports (C:\Users\Admin\graceful_books\node_modules\jsdom\lib\jsdom\browser\not-implemented.js:9:17)
    at HTMLCanvasElementImpl.getContext (C:\Users\Admin\graceful_books\node_modules\jsdom\lib\jsdom\living\nodes\HTMLCanvasElement-impl.js:42:5)
    at HTMLCanvasElement.getContext (C:\Users\Admin\graceful_books\node_modules\jsdom\lib\jsdom\living\generated\HTMLCanvasElement.js:131:58)
    at generateSessionFingerprint (C:/Users/Admin/graceful_books/src/auth/sessionSecurity.ts:52:26)
    at Module.validateSessionWithFingerprint (C:/Users/Admin/graceful_books/src/auth/sessionSecurity.ts:211:36)
    at C:/Users/Admin/graceful_books/src/auth/sessionSecurity.test.ts:269:28
    at file:///C:/Users/Admin/graceful_books/node_modules/@vitest/runner/dist/chunk-artifact.js:302:11
    at file:///C:/Users/Admin/graceful_books/node_modules/@vitest/runner/dist/chunk-artifact.js:1903:26
    at file:///C:/Users/Admin/graceful_books/node_modules/@vitest/runner/dist/chunk-artifact.js:2326:20
    at new Promise (<anonymous>) undefined
Error: Not implemented: HTMLCanvasElement.prototype.getContext (without installing the canvas npm package)
    at module.exports (C:\Users\Admin\graceful_books\node_modules\jsdom\lib\jsdom\browser\not-implemented.js:9:17)
    at HTMLCanvasElementImpl.getContext (C:\Users\Admin\graceful_books\node_modules\jsdom\lib\jsdom\living\nodes\HTMLCanvasElement-impl.js:42:5)
    at HTMLCanvasElement.getContext (C:\Users\Admin\graceful_books\node_modules\jsdom\lib\jsdom\living\generated\HTMLCanvasElement.js:131:58)
    at generateSessionFingerprint (C:/Users/Admin/graceful_books/src/auth/sessionSecurity.ts:52:26)
    at Module.rotateSession (C:/Users/Admin/graceful_books/src/auth/sessionSecurity.ts:276:31)
    at C:/Users/Admin/graceful_books/src/auth/sessionSecurity.test.ts:312:28
    at file:///C:/Users/Admin/graceful_books/node_modules/@vitest/runner/dist/chunk-artifact.js:302:11
    at file:///C:/Users/Admin/graceful_books/node_modules/@vitest/runner/dist/chunk-artifact.js:1903:26
    at file:///C:/Users/Admin/graceful_books/node_modules/@vitest/runner/dist/chunk-artifact.js:2326:20
    at new Promise (<anonymous>) undefined
Error: Not implemented: HTMLCanvasElement.prototype.getContext (without installing the canvas npm package)
    at module.exports (C:\Users\Admin\graceful_books\node_modules\jsdom\lib\jsdom\browser\not-implemented.js:9:17)
    at HTMLCanvasElementImpl.getContext (C:\Users\Admin\graceful_books\node_modules\jsdom\lib\jsdom\living\nodes\HTMLCanvasElement-impl.js:42:5)
    at HTMLCanvasElement.getContext (C:\Users\Admin\graceful_books\node_modules\jsdom\lib\jsdom\living\generated\HTMLCanvasElement.js:131:58)
    at generateSessionFingerprint (C:/Users/Admin/graceful_books/src/auth/sessionSecurity.ts:52:26)
    at Module.rotateSession (C:/Users/Admin/graceful_books/src/auth/sessionSecurity.ts:276:31)
    at C:/Users/Admin/graceful_books/src/auth/sessionSecurity.test.ts:328:28
    at file:///C:/Users/Admin/graceful_books/node_modules/@vitest/runner/dist/chunk-artifact.js:302:11
    at file:///C:/Users/Admin/graceful_books/node_modules/@vitest/runner/dist/chunk-artifact.js:1903:26
    at file:///C:/Users/Admin/graceful_books/node_modules/@vitest/runner/dist/chunk-artifact.js:2326:20
    at new Promise (<anonymous>) undefined
Error: Not implemented: HTMLCanvasElement.prototype.getContext (without installing the canvas npm package)
    at module.exports (C:\Users\Admin\graceful_books\node_modules\jsdom\lib\jsdom\browser\not-implemented.js:9:17)
    at HTMLCanvasElementImpl.getContext (C:\Users\Admin\graceful_books\node_modules\jsdom\lib\jsdom\living\nodes\HTMLCanvasElement-impl.js:42:5)
    at HTMLCanvasElement.getContext (C:\Users\Admin\graceful_books\node_modules\jsdom\lib\jsdom\living\generated\HTMLCanvasElement.js:131:58)
    at generateSessionFingerprint (C:/Users/Admin/graceful_books/src/auth/sessionSecurity.ts:52:26)
    at Module.rotateSession (C:/Users/Admin/graceful_books/src/auth/sessionSecurity.ts:276:31)
    at C:/Users/Admin/graceful_books/src/auth/sessionSecurity.test.ts:339:28
    at file:///C:/Users/Admin/graceful_books/node_modules/@vitest/runner/dist/chunk-artifact.js:302:11
    at file:///C:/Users/Admin/graceful_books/node_modules/@vitest/runner/dist/chunk-artifact.js:1903:26
    at file:///C:/Users/Admin/graceful_books/node_modules/@vitest/runner/dist/chunk-artifact.js:2326:20
    at new Promise (<anonymous>) undefined
Error: Not implemented: HTMLCanvasElement.prototype.getContext (without installing the canvas npm package)
    at module.exports (C:\Users\Admin\graceful_books\node_modules\jsdom\lib\jsdom\browser\not-implemented.js:9:17)
    at HTMLCanvasElementImpl.getContext (C:\Users\Admin\graceful_books\node_modules\jsdom\lib\jsdom\living\nodes\HTMLCanvasElement-impl.js:42:5)
    at HTMLCanvasElement.getContext (C:\Users\Admin\graceful_books\node_modules\jsdom\lib\jsdom\living\generated\HTMLCanvasElement.js:131:58)
    at generateSessionFingerprint (C:/Users/Admin/graceful_books/src/auth/sessionSecurity.ts:52:26)
    at Module.rotateSession (C:/Users/Admin/graceful_books/src/auth/sessionSecurity.ts:276:31)
    at C:/Users/Admin/graceful_books/src/auth/sessionSecurity.test.ts:350:28
    at file:///C:/Users/Admin/graceful_books/node_modules/@vitest/runner/dist/chunk-artifact.js:302:11
    at file:///C:/Users/Admin/graceful_books/node_modules/@vitest/runner/dist/chunk-artifact.js:1903:26
    at file:///C:/Users/Admin/graceful_books/node_modules/@vitest/runner/dist/chunk-artifact.js:2326:20
    at new Promise (<anonymous>) undefined
stdout | src/services/backup/AutomatedBackupTesting.test.ts > AutomatedBackupTesting > runAutomatedBackupTest > should complete all phases successfully
Cleaning up test artifacts for backup-test-company-1-1777754667458

stderr | src/services/backup/AutomatedBackupTesting.test.ts > AutomatedBackupTesting > runAutomatedBackupTest > should complete all phases successfully
Automated backup test failed: TypeError: __vite_ssr_import_0__.db.auditLogs.add is not a function
    at Module.runAutomatedBackupTest (C:/Users/Admin/graceful_books/src/services/backup/AutomatedBackupTesting.ts:334:24)
    at processTicksAndRejections (node:internal/process/task_queues:103:5)
    at C:/Users/Admin/graceful_books/src/services/backup/AutomatedBackupTesting.test.ts:131:22
    at file:///C:/Users/Admin/graceful_books/node_modules/@vitest/runner/dist/chunk-artifact.js:1903:20

stderr | src/services/backup/AutomatedBackupTesting.test.ts > AutomatedBackupTesting > runAutomatedBackupTest > should complete all phases successfully
Failed to log backup test failure to audit trail: TypeError: __vite_ssr_import_0__.db.auditLogs.add is not a function
    at Module.runAutomatedBackupTest (C:/Users/Admin/graceful_books/src/services/backup/AutomatedBackupTesting.ts:404:26)
    at processTicksAndRejections (node:internal/process/task_queues:103:5)
    at C:/Users/Admin/graceful_books/src/services/backup/AutomatedBackupTesting.test.ts:131:22
    at file:///C:/Users/Admin/graceful_books/node_modules/@vitest/runner/dist/chunk-artifact.js:1903:20

stdout | src/services/backup/AutomatedBackupTesting.test.ts > AutomatedBackupTesting > runAutomatedBackupTest > should log results to audit trail
Cleaning up test artifacts for backup-test-company-1-1777754667591

stderr | src/services/backup/AutomatedBackupTesting.test.ts > AutomatedBackupTesting > runAutomatedBackupTest > should log results to audit trail
Automated backup test failed: TypeError: __vite_ssr_import_0__.db.auditLogs.add is not a function
    at Module.runAutomatedBackupTest (C:/Users/Admin/graceful_books/src/services/backup/AutomatedBackupTesting.ts:334:24)
    at processTicksAndRejections (node:internal/process/task_queues:103:5)
    at C:/Users/Admin/graceful_books/src/services/backup/AutomatedBackupTesting.test.ts:191:7
    at file:///C:/Users/Admin/graceful_books/node_modules/@vitest/runner/dist/chunk-artifact.js:1903:20

stderr | src/services/backup/AutomatedBackupTesting.test.ts > AutomatedBackupTesting > runAutomatedBackupTest > should log results to audit trail
Failed to log backup test failure to audit trail: TypeError: __vite_ssr_import_0__.db.auditLogs.add is not a function
    at Module.runAutomatedBackupTest (C:/Users/Admin/graceful_books/src/services/backup/AutomatedBackupTesting.ts:404:26)
    at processTicksAndRejections (node:internal/process/task_queues:103:5)
    at C:/Users/Admin/graceful_books/src/services/backup/AutomatedBackupTesting.test.ts:191:7
    at file:///C:/Users/Admin/graceful_books/node_modules/@vitest/runner/dist/chunk-artifact.js:1903:20

stdout | src/services/backup/AutomatedBackupTesting.test.ts > AutomatedBackupTesting > runAutomatedBackupTest > should handle validation failure
Cleaning up test artifacts for backup-test-company-1-1777754667695

stderr | src/services/backup/AutomatedBackupTesting.test.ts > AutomatedBackupTesting > runAutomatedBackupTest > should handle validation failure
Automated backup test failed: TypeError: __vite_ssr_import_0__.db.auditLogs.add is not a function
    at Module.runAutomatedBackupTest (C:/Users/Admin/graceful_books/src/services/backup/AutomatedBackupTesting.ts:334:24)
    at processTicksAndRejections (node:internal/process/task_queues:103:5)
    at C:/Users/Admin/graceful_books/src/services/backup/AutomatedBackupTesting.test.ts:282:22
    at file:///C:/Users/Admin/graceful_books/node_modules/@vitest/runner/dist/chunk-artifact.js:1903:20

stderr | src/services/backup/AutomatedBackupTesting.test.ts > AutomatedBackupTesting > runAutomatedBackupTest > should handle validation failure
Failed to log backup test failure to audit trail: TypeError: __vite_ssr_import_0__.db.auditLogs.add is not a function
    at Module.runAutomatedBackupTest (C:/Users/Admin/graceful_books/src/services/backup/AutomatedBackupTesting.ts:404:26)
    at processTicksAndRejections (node:internal/process/task_queues:103:5)
    at C:/Users/Admin/graceful_books/src/services/backup/AutomatedBackupTesting.test.ts:282:22
    at file:///C:/Users/Admin/graceful_books/node_modules/@vitest/runner/dist/chunk-artifact.js:1903:20

stdout | src/services/backup/AutomatedBackupTesting.test.ts > AutomatedBackupTesting > runAutomatedBackupTest > should not notify admins on success by default
Cleaning up test artifacts for backup-test-company-1-1777754667717

stderr | src/services/backup/AutomatedBackupTesting.test.ts > AutomatedBackupTesting > runAutomatedBackupTest > should not notify admins on success by default
Automated backup test failed: TypeError: __vite_ssr_import_0__.db.auditLogs.add is not a function
    at Module.runAutomatedBackupTest (C:/Users/Admin/graceful_books/src/services/backup/AutomatedBackupTesting.ts:334:24)
    at processTicksAndRejections (node:internal/process/task_queues:103:5)
    at C:/Users/Admin/graceful_books/src/services/backup/AutomatedBackupTesting.test.ts:317:7
    at file:///C:/Users/Admin/graceful_books/node_modules/@vitest/runner/dist/chunk-artifact.js:1903:20

stderr | src/services/backup/AutomatedBackupTesting.test.ts > AutomatedBackupTesting > runAutomatedBackupTest > should not notify admins on success by default
Failed to log backup test failure to audit trail: TypeError: __vite_ssr_import_0__.db.auditLogs.add is not a function
    at Module.runAutomatedBackupTest (C:/Users/Admin/graceful_books/src/services/backup/AutomatedBackupTesting.ts:404:26)
    at processTicksAndRejections (node:internal/process/task_queues:103:5)
    at C:/Users/Admin/graceful_books/src/services/backup/AutomatedBackupTesting.test.ts:317:7
    at file:///C:/Users/Admin/graceful_books/node_modules/@vitest/runner/dist/chunk-artifact.js:1903:20

stdout | src/services/backup/AutomatedBackupTesting.test.ts > AutomatedBackupTesting > runAutomatedBackupTest > should clean up test artifacts if configured
Cleaning up test artifacts for backup-test-company-1-1777754667888

stderr | src/services/backup/AutomatedBackupTesting.test.ts > AutomatedBackupTesting > runAutomatedBackupTest > should clean up test artifacts if configured
Automated backup test failed: TypeError: __vite_ssr_import_0__.db.auditLogs.add is not a function
    at Module.runAutomatedBackupTest (C:/Users/Admin/graceful_books/src/services/backup/AutomatedBackupTesting.ts:334:24)
    at C:/Users/Admin/graceful_books/src/services/backup/AutomatedBackupTesting.test.ts:382:22
    at file:///C:/Users/Admin/graceful_books/node_modules/@vitest/runner/dist/chunk-artifact.js:1903:20

stderr | src/services/backup/AutomatedBackupTesting.test.ts > AutomatedBackupTesting > runAutomatedBackupTest > should clean up test artifacts if configured
Failed to log backup test failure to audit trail: TypeError: __vite_ssr_import_0__.db.auditLogs.add is not a function
    at Module.runAutomatedBackupTest (C:/Users/Admin/graceful_books/src/services/backup/AutomatedBackupTesting.ts:404:26)
    at C:/Users/Admin/graceful_books/src/services/backup/AutomatedBackupTesting.test.ts:382:22
    at file:///C:/Users/Admin/graceful_books/node_modules/@vitest/runner/dist/chunk-artifact.js:1903:20

 ❯ src/services/backup/AutomatedBackupTesting.test.ts (24 tests | 5 failed) 542ms
       × should complete all phases successfully 98ms
       × should log results to audit trail 9ms
       × should handle validation failure 15ms
       × should not notify admins on success by default 8ms
       × should clean up test artifacts if configured 7ms
stdout | src/services/backup/BackupVersioning.test.ts > BackupVersioning > analyzeBackupRetention > should delete backups beyond rolling window
[BackupVersioning] Backup retention analysis complete { total: 15, retained: 11, deleted: 4 }

 ❯ src/services/backup/BackupVersioning.test.ts (59 tests | 1 failed) 252ms
       × should delete backups beyond rolling window 82ms
stderr | src/services/admin/GDPRService.test.ts > GDPRService > processGDPRErasureRequest > should delete eligible records
Failed to process GDPR erasure request: TypeError: Cannot read properties of undefined (reading 'add')
    at Module.processGDPRErasureRequest (C:/Users/Admin/graceful_books/src/services/admin/GDPRService.ts:372:24)
    at processTicksAndRejections (node:internal/process/task_queues:103:5)
    at C:/Users/Admin/graceful_books/src/services/admin/GDPRService.test.ts:221:22
    at file:///C:/Users/Admin/graceful_books/node_modules/@vitest/runner/dist/chunk-artifact.js:1903:20

stderr | src/services/admin/GDPRService.test.ts > GDPRService > processGDPRErasureRequest > should anonymize protected records when requested
Failed to process GDPR erasure request: TypeError: Cannot read properties of undefined (reading 'add')
    at Module.processGDPRErasureRequest (C:/Users/Admin/graceful_books/src/services/admin/GDPRService.ts:372:24)
    at processTicksAndRejections (node:internal/process/task_queues:103:5)
    at C:/Users/Admin/graceful_books/src/services/admin/GDPRService.test.ts:261:22
    at file:///C:/Users/Admin/graceful_books/node_modules/@vitest/runner/dist/chunk-artifact.js:1903:20

stderr | src/services/admin/GDPRService.test.ts > GDPRService > processGDPRErasureRequest > should create audit log for erasure request
Failed to process GDPR erasure request: TypeError: Cannot read properties of undefined (reading 'add')
    at Module.processGDPRErasureRequest (C:/Users/Admin/graceful_books/src/services/admin/GDPRService.ts:372:24)
    at processTicksAndRejections (node:internal/process/task_queues:103:5)
    at C:/Users/Admin/graceful_books/src/services/admin/GDPRService.test.ts:277:7
    at file:///C:/Users/Admin/graceful_books/node_modules/@vitest/runner/dist/chunk-artifact.js:1903:20

 ❯ src/services/admin/GDPRService.test.ts (13 tests | 3 failed) 123ms
       × should delete eligible records 39ms
       × should anonymize protected records when requested 6ms
       × should create audit log for erasure request 9ms
 ❯ src/store/bills.test.ts (30 tests | 2 failed) 538ms
       × should create a new bill with valid data 145ms
       × should update a draft bill 27ms
Error: Not implemented: HTMLCanvasElement.prototype.getContext (without installing the canvas npm package)
    at module.exports (C:\Users\Admin\graceful_books\node_modules\jsdom\lib\jsdom\browser\not-implemented.js:9:17)
    at HTMLCanvasElementImpl.getContext (C:\Users\Admin\graceful_books\node_modules\jsdom\lib\jsdom\living\nodes\HTMLCanvasElement-impl.js:42:5)
    at HTMLCanvasElement.getContext (C:\Users\Admin\graceful_books\node_modules\jsdom\lib\jsdom\living\generated\HTMLCanvasElement.js:131:58)
    at Module.generateSessionFingerprint (C:/Users/Admin/graceful_books/src/auth/sessionSecurity.ts:52:26)
    at C:/Users/Admin/graceful_books/src/__tests__/security/session.test.ts:46:33
    at file:///C:/Users/Admin/graceful_books/node_modules/@vitest/runner/dist/chunk-artifact.js:302:11
    at file:///C:/Users/Admin/graceful_books/node_modules/@vitest/runner/dist/chunk-artifact.js:1903:26
    at file:///C:/Users/Admin/graceful_books/node_modules/@vitest/runner/dist/chunk-artifact.js:2326:20
    at new Promise (<anonymous>)
    at runWithCancel (file:///C:/Users/Admin/graceful_books/node_modules/@vitest/runner/dist/chunk-artifact.js:2323:10) undefined
Error: Not implemented: HTMLCanvasElement.prototype.getContext (without installing the canvas npm package)
    at module.exports (C:\Users\Admin\graceful_books\node_modules\jsdom\lib\jsdom\browser\not-implemented.js:9:17)
    at HTMLCanvasElementImpl.getContext (C:\Users\Admin\graceful_books\node_modules\jsdom\lib\jsdom\living\nodes\HTMLCanvasElement-impl.js:42:5)
    at HTMLCanvasElement.getContext (C:\Users\Admin\graceful_books\node_modules\jsdom\lib\jsdom\living\generated\HTMLCanvasElement.js:131:58)
    at Module.generateSessionFingerprint (C:/Users/Admin/graceful_books/src/auth/sessionSecurity.ts:52:26)
    at C:/Users/Admin/graceful_books/src/__tests__/security/session.test.ts:57:33
    at file:///C:/Users/Admin/graceful_books/node_modules/@vitest/runner/dist/chunk-artifact.js:302:11
    at file:///C:/Users/Admin/graceful_books/node_modules/@vitest/runner/dist/chunk-artifact.js:1903:26
    at file:///C:/Users/Admin/graceful_books/node_modules/@vitest/runner/dist/chunk-artifact.js:2326:20
    at new Promise (<anonymous>)
    at runWithCancel (file:///C:/Users/Admin/graceful_books/node_modules/@vitest/runner/dist/chunk-artifact.js:2323:10) undefined
Error: Not implemented: HTMLCanvasElement.prototype.getContext (without installing the canvas npm package)
    at module.exports (C:\Users\Admin\graceful_books\node_modules\jsdom\lib\jsdom\browser\not-implemented.js:9:17)
    at HTMLCanvasElementImpl.getContext (C:\Users\Admin\graceful_books\node_modules\jsdom\lib\jsdom\living\nodes\HTMLCanvasElement-impl.js:42:5)
    at HTMLCanvasElement.getContext (C:\Users\Admin\graceful_books\node_modules\jsdom\lib\jsdom\living\generated\HTMLCanvasElement.js:131:58)
    at Module.generateSessionFingerprint (C:/Users/Admin/graceful_books/src/auth/sessionSecurity.ts:52:26)
    at C:/Users/Admin/graceful_books/src/__tests__/security/session.test.ts:62:33
    at file:///C:/Users/Admin/graceful_books/node_modules/@vitest/runner/dist/chunk-artifact.js:302:11
    at file:///C:/Users/Admin/graceful_books/node_modules/@vitest/runner/dist/chunk-artifact.js:1903:26
    at file:///C:/Users/Admin/graceful_books/node_modules/@vitest/runner/dist/chunk-artifact.js:2326:20
    at new Promise (<anonymous>)
    at runWithCancel (file:///C:/Users/Admin/graceful_books/node_modules/@vitest/runner/dist/chunk-artifact.js:2323:10) undefined
Error: Not implemented: HTMLCanvasElement.prototype.getContext (without installing the canvas npm package)
    at module.exports (C:\Users\Admin\graceful_books\node_modules\jsdom\lib\jsdom\browser\not-implemented.js:9:17)
    at HTMLCanvasElementImpl.getContext (C:\Users\Admin\graceful_books\node_modules\jsdom\lib\jsdom\living\nodes\HTMLCanvasElement-impl.js:42:5)
    at HTMLCanvasElement.getContext (C:\Users\Admin\graceful_books\node_modules\jsdom\lib\jsdom\living\generated\HTMLCanvasElement.js:131:58)
    at Module.generateSessionFingerprint (C:/Users/Admin/graceful_books/src/auth/sessionSecurity.ts:52:26)
    at C:/Users/Admin/graceful_books/src/__tests__/security/session.test.ts:67:33
    at file:///C:/Users/Admin/graceful_books/node_modules/@vitest/runner/dist/chunk-artifact.js:302:11
    at file:///C:/Users/Admin/graceful_books/node_modules/@vitest/runner/dist/chunk-artifact.js:1903:26
    at file:///C:/Users/Admin/graceful_books/node_modules/@vitest/runner/dist/chunk-artifact.js:2326:20
    at new Promise (<anonymous>)
    at runWithCancel (file:///C:/Users/Admin/graceful_books/node_modules/@vitest/runner/dist/chunk-artifact.js:2323:10) undefined
Error: Not implemented: HTMLCanvasElement.prototype.getContext (without installing the canvas npm package)
    at module.exports (C:\Users\Admin\graceful_books\node_modules\jsdom\lib\jsdom\browser\not-implemented.js:9:17)
    at HTMLCanvasElementImpl.getContext (C:\Users\Admin\graceful_books\node_modules\jsdom\lib\jsdom\living\nodes\HTMLCanvasElement-impl.js:42:5)
    at HTMLCanvasElement.getContext (C:\Users\Admin\graceful_books\node_modules\jsdom\lib\jsdom\living\generated\HTMLCanvasElement.js:131:58)
    at generateSessionFingerprint (C:/Users/Admin/graceful_books/src/auth/sessionSecurity.ts:52:26)
    at Module.createSecureSession (C:/Users/Admin/graceful_books/src/auth/sessionSecurity.ts:125:29)
    at C:/Users/Admin/graceful_books/src/__tests__/security/session.test.ts:129:23 undefined
Error: Not implemented: HTMLCanvasElement.prototype.getContext (without installing the canvas npm package)
    at module.exports (C:\Users\Admin\graceful_books\node_modules\jsdom\lib\jsdom\browser\not-implemented.js:9:17)
    at HTMLCanvasElementImpl.getContext (C:\Users\Admin\graceful_books\node_modules\jsdom\lib\jsdom\living\nodes\HTMLCanvasElement-impl.js:42:5)
    at HTMLCanvasElement.getContext (C:\Users\Admin\graceful_books\node_modules\jsdom\lib\jsdom\living\generated\HTMLCanvasElement.js:131:58)
    at generateSessionFingerprint (C:/Users/Admin/graceful_books/src/auth/sessionSecurity.ts:52:26)
    at Module.createSecureSession (C:/Users/Admin/graceful_books/src/auth/sessionSecurity.ts:125:29)
    at C:/Users/Admin/graceful_books/src/__tests__/security/session.test.ts:155:23 undefined
Error: Not implemented: HTMLCanvasElement.prototype.getContext (without installing the canvas npm package)
    at module.exports (C:\Users\Admin\graceful_books\node_modules\jsdom\lib\jsdom\browser\not-implemented.js:9:17)
    at HTMLCanvasElementImpl.getContext (C:\Users\Admin\graceful_books\node_modules\jsdom\lib\jsdom\living\nodes\HTMLCanvasElement-impl.js:42:5)
    at HTMLCanvasElement.getContext (C:\Users\Admin\graceful_books\node_modules\jsdom\lib\jsdom\living\generated\HTMLCanvasElement.js:131:58)
    at generateSessionFingerprint (C:/Users/Admin/graceful_books/src/auth/sessionSecurity.ts:52:26)
    at Module.createSecureSession (C:/Users/Admin/graceful_books/src/auth/sessionSecurity.ts:125:29)
    at C:/Users/Admin/graceful_books/src/__tests__/security/session.test.ts:168:23 undefined
Error: Not implemented: HTMLCanvasElement.prototype.getContext (without installing the canvas npm package)
    at module.exports (C:\Users\Admin\graceful_books\node_modules\jsdom\lib\jsdom\browser\not-implemented.js:9:17)
    at HTMLCanvasElementImpl.getContext (C:\Users\Admin\graceful_books\node_modules\jsdom\lib\jsdom\living\nodes\HTMLCanvasElement-impl.js:42:5)
    at HTMLCanvasElement.getContext (C:\Users\Admin\graceful_books\node_modules\jsdom\lib\jsdom\living\generated\HTMLCanvasElement.js:131:58)
    at Module.generateSessionFingerprint (C:/Users/Admin/graceful_books/src/auth/sessionSecurity.ts:52:26)
    at C:/Users/Admin/graceful_books/src/__tests__/security/session.test.ts:186:33
    at file:///C:/Users/Admin/graceful_books/node_modules/@vitest/runner/dist/chunk-artifact.js:302:11
    at wrapper (file:///C:/Users/Admin/graceful_books/node_modules/@vitest/runner/dist/chunk-artifact.js:722:10)
    at file:///C:/Users/Admin/graceful_books/node_modules/@vitest/runner/dist/chunk-artifact.js:2305:20
    at new Promise (<anonymous>)
    at runWithTimeout (file:///C:/Users/Admin/graceful_books/node_modules/@vitest/runner/dist/chunk-artifact.js:2272:10) undefined
Error: Not implemented: HTMLCanvasElement.prototype.getContext (without installing the canvas npm package)
    at module.exports (C:\Users\Admin\graceful_books\node_modules\jsdom\lib\jsdom\browser\not-implemented.js:9:17)
    at HTMLCanvasElementImpl.getContext (C:\Users\Admin\graceful_books\node_modules\jsdom\lib\jsdom\living\nodes\HTMLCanvasElement-impl.js:42:5)
    at HTMLCanvasElement.getContext (C:\Users\Admin\graceful_books\node_modules\jsdom\lib\jsdom\living\generated\HTMLCanvasElement.js:131:58)
    at generateSessionFingerprint (C:/Users/Admin/graceful_books/src/auth/sessionSecurity.ts:52:26)
    at Module.validateSessionWithFingerprint (C:/Users/Admin/graceful_books/src/auth/sessionSecurity.ts:211:36)
    at C:/Users/Admin/graceful_books/src/__tests__/security/session.test.ts:211:28
    at file:///C:/Users/Admin/graceful_books/node_modules/@vitest/runner/dist/chunk-artifact.js:302:11
    at file:///C:/Users/Admin/graceful_books/node_modules/@vitest/runner/dist/chunk-artifact.js:1903:26
    at file:///C:/Users/Admin/graceful_books/node_modules/@vitest/runner/dist/chunk-artifact.js:2326:20
    at new Promise (<anonymous>) undefined
Error: Not implemented: HTMLCanvasElement.prototype.getContext (without installing the canvas npm package)
    at module.exports (C:\Users\Admin\graceful_books\node_modules\jsdom\lib\jsdom\browser\not-implemented.js:9:17)
    at HTMLCanvasElementImpl.getContext (C:\Users\Admin\graceful_books\node_modules\jsdom\lib\jsdom\living\nodes\HTMLCanvasElement-impl.js:42:5)
    at HTMLCanvasElement.getContext (C:\Users\Admin\graceful_books\node_modules\jsdom\lib\jsdom\living\generated\HTMLCanvasElement.js:131:58)
    at Module.generateSessionFingerprint (C:/Users/Admin/graceful_books/src/auth/sessionSecurity.ts:52:26)
    at C:/Users/Admin/graceful_books/src/__tests__/security/session.test.ts:186:33
    at file:///C:/Users/Admin/graceful_books/node_modules/@vitest/runner/dist/chunk-artifact.js:302:11
    at wrapper (file:///C:/Users/Admin/graceful_books/node_modules/@vitest/runner/dist/chunk-artifact.js:722:10)
    at file:///C:/Users/Admin/graceful_books/node_modules/@vitest/runner/dist/chunk-artifact.js:2305:20
    at new Promise (<anonymous>)
    at runWithTimeout (file:///C:/Users/Admin/graceful_books/node_modules/@vitest/runner/dist/chunk-artifact.js:2272:10) undefined
Error: Not implemented: HTMLCanvasElement.prototype.getContext (without installing the canvas npm package)
    at module.exports (C:\Users\Admin\graceful_books\node_modules\jsdom\lib\jsdom\browser\not-implemented.js:9:17)
    at HTMLCanvasElementImpl.getContext (C:\Users\Admin\graceful_books\node_modules\jsdom\lib\jsdom\living\nodes\HTMLCanvasElement-impl.js:42:5)
    at HTMLCanvasElement.getContext (C:\Users\Admin\graceful_books\node_modules\jsdom\lib\jsdom\living\generated\HTMLCanvasElement.js:131:58)
    at Module.generateSessionFingerprint (C:/Users/Admin/graceful_books/src/auth/sessionSecurity.ts:52:26)
    at C:/Users/Admin/graceful_books/src/__tests__/security/session.test.ts:186:33
    at file:///C:/Users/Admin/graceful_books/node_modules/@vitest/runner/dist/chunk-artifact.js:302:11
    at wrapper (file:///C:/Users/Admin/graceful_books/node_modules/@vitest/runner/dist/chunk-artifact.js:722:10)
    at file:///C:/Users/Admin/graceful_books/node_modules/@vitest/runner/dist/chunk-artifact.js:2305:20
    at new Promise (<anonymous>)
    at runWithTimeout (file:///C:/Users/Admin/graceful_books/node_modules/@vitest/runner/dist/chunk-artifact.js:2272:10) undefined
Error: Not implemented: HTMLCanvasElement.prototype.getContext (without installing the canvas npm package)
    at module.exports (C:\Users\Admin\graceful_books\node_modules\jsdom\lib\jsdom\browser\not-implemented.js:9:17)
    at HTMLCanvasElementImpl.getContext (C:\Users\Admin\graceful_books\node_modules\jsdom\lib\jsdom\living\nodes\HTMLCanvasElement-impl.js:42:5)
    at HTMLCanvasElement.getContext (C:\Users\Admin\graceful_books\node_modules\jsdom\lib\jsdom\living\generated\HTMLCanvasElement.js:131:58)
    at Module.generateSessionFingerprint (C:/Users/Admin/graceful_books/src/auth/sessionSecurity.ts:52:26)
    at C:/Users/Admin/graceful_books/src/__tests__/security/session.test.ts:186:33
    at file:///C:/Users/Admin/graceful_books/node_modules/@vitest/runner/dist/chunk-artifact.js:302:11
    at wrapper (file:///C:/Users/Admin/graceful_books/node_modules/@vitest/runner/dist/chunk-artifact.js:722:10)
    at file:///C:/Users/Admin/graceful_books/node_modules/@vitest/runner/dist/chunk-artifact.js:2305:20
    at new Promise (<anonymous>)
    at runWithTimeout (file:///C:/Users/Admin/graceful_books/node_modules/@vitest/runner/dist/chunk-artifact.js:2272:10) undefined
Error: Not implemented: HTMLCanvasElement.prototype.getContext (without installing the canvas npm package)
    at module.exports (C:\Users\Admin\graceful_books\node_modules\jsdom\lib\jsdom\browser\not-implemented.js:9:17)
    at HTMLCanvasElementImpl.getContext (C:\Users\Admin\graceful_books\node_modules\jsdom\lib\jsdom\living\nodes\HTMLCanvasElement-impl.js:42:5)
    at HTMLCanvasElement.getContext (C:\Users\Admin\graceful_books\node_modules\jsdom\lib\jsdom\living\generated\HTMLCanvasElement.js:131:58)
    at Module.generateSessionFingerprint (C:/Users/Admin/graceful_books/src/auth/sessionSecurity.ts:52:26)
    at C:/Users/Admin/graceful_books/src/__tests__/security/session.test.ts:186:33
    at file:///C:/Users/Admin/graceful_books/node_modules/@vitest/runner/dist/chunk-artifact.js:302:11
    at wrapper (file:///C:/Users/Admin/graceful_books/node_modules/@vitest/runner/dist/chunk-artifact.js:722:10)
    at file:///C:/Users/Admin/graceful_books/node_modules/@vitest/runner/dist/chunk-artifact.js:2305:20
    at new Promise (<anonymous>)
    at runWithTimeout (file:///C:/Users/Admin/graceful_books/node_modules/@vitest/runner/dist/chunk-artifact.js:2272:10) undefined
Error: Not implemented: HTMLCanvasElement.prototype.getContext (without installing the canvas npm package)
    at module.exports (C:\Users\Admin\graceful_books\node_modules\jsdom\lib\jsdom\browser\not-implemented.js:9:17)
    at HTMLCanvasElementImpl.getContext (C:\Users\Admin\graceful_books\node_modules\jsdom\lib\jsdom\living\nodes\HTMLCanvasElement-impl.js:42:5)
    at HTMLCanvasElement.getContext (C:\Users\Admin\graceful_books\node_modules\jsdom\lib\jsdom\living\generated\HTMLCanvasElement.js:131:58)
    at generateSessionFingerprint (C:/Users/Admin/graceful_books/src/auth/sessionSecurity.ts:52:26)
    at Module.validateSessionWithFingerprint (C:/Users/Admin/graceful_books/src/auth/sessionSecurity.ts:211:36)
    at C:/Users/Admin/graceful_books/src/__tests__/security/session.test.ts:271:28
    at file:///C:/Users/Admin/graceful_books/node_modules/@vitest/runner/dist/chunk-artifact.js:302:11
    at file:///C:/Users/Admin/graceful_books/node_modules/@vitest/runner/dist/chunk-artifact.js:1903:26
    at file:///C:/Users/Admin/graceful_books/node_modules/@vitest/runner/dist/chunk-artifact.js:2326:20
    at new Promise (<anonymous>) undefined
Error: Not implemented: HTMLCanvasElement.prototype.getContext (without installing the canvas npm package)
    at module.exports (C:\Users\Admin\graceful_books\node_modules\jsdom\lib\jsdom\browser\not-implemented.js:9:17)
    at HTMLCanvasElementImpl.getContext (C:\Users\Admin\graceful_books\node_modules\jsdom\lib\jsdom\living\nodes\HTMLCanvasElement-impl.js:42:5)
    at HTMLCanvasElement.getContext (C:\Users\Admin\graceful_books\node_modules\jsdom\lib\jsdom\living\generated\HTMLCanvasElement.js:131:58)
    at generateSessionFingerprint (C:/Users/Admin/graceful_books/src/auth/sessionSecurity.ts:52:26)
    at Module.rotateSession (C:/Users/Admin/graceful_books/src/auth/sessionSecurity.ts:276:31)
    at C:/Users/Admin/graceful_books/src/__tests__/security/session.test.ts:314:28
    at file:///C:/Users/Admin/graceful_books/node_modules/@vitest/runner/dist/chunk-artifact.js:302:11
    at file:///C:/Users/Admin/graceful_books/node_modules/@vitest/runner/dist/chunk-artifact.js:1903:26
    at file:///C:/Users/Admin/graceful_books/node_modules/@vitest/runner/dist/chunk-artifact.js:2326:20
    at new Promise (<anonymous>) undefined
Error: Not implemented: HTMLCanvasElement.prototype.getContext (without installing the canvas npm package)
    at module.exports (C:\Users\Admin\graceful_books\node_modules\jsdom\lib\jsdom\browser\not-implemented.js:9:17)
    at HTMLCanvasElementImpl.getContext (C:\Users\Admin\graceful_books\node_modules\jsdom\lib\jsdom\living\nodes\HTMLCanvasElement-impl.js:42:5)
    at HTMLCanvasElement.getContext (C:\Users\Admin\graceful_books\node_modules\jsdom\lib\jsdom\living\generated\HTMLCanvasElement.js:131:58)
    at generateSessionFingerprint (C:/Users/Admin/graceful_books/src/auth/sessionSecurity.ts:52:26)
    at Module.rotateSession (C:/Users/Admin/graceful_books/src/auth/sessionSecurity.ts:276:31)
    at C:/Users/Admin/graceful_books/src/__tests__/security/session.test.ts:330:28
    at file:///C:/Users/Admin/graceful_books/node_modules/@vitest/runner/dist/chunk-artifact.js:302:11
    at file:///C:/Users/Admin/graceful_books/node_modules/@vitest/runner/dist/chunk-artifact.js:1903:26
    at file:///C:/Users/Admin/graceful_books/node_modules/@vitest/runner/dist/chunk-artifact.js:2326:20
    at new Promise (<anonymous>) undefined
Error: Not implemented: HTMLCanvasElement.prototype.getContext (without installing the canvas npm package)
    at module.exports (C:\Users\Admin\graceful_books\node_modules\jsdom\lib\jsdom\browser\not-implemented.js:9:17)
    at HTMLCanvasElementImpl.getContext (C:\Users\Admin\graceful_books\node_modules\jsdom\lib\jsdom\living\nodes\HTMLCanvasElement-impl.js:42:5)
    at HTMLCanvasElement.getContext (C:\Users\Admin\graceful_books\node_modules\jsdom\lib\jsdom\living\generated\HTMLCanvasElement.js:131:58)
    at generateSessionFingerprint (C:/Users/Admin/graceful_books/src/auth/sessionSecurity.ts:52:26)
    at Module.rotateSession (C:/Users/Admin/graceful_books/src/auth/sessionSecurity.ts:276:31)
    at C:/Users/Admin/graceful_books/src/__tests__/security/session.test.ts:341:28
    at file:///C:/Users/Admin/graceful_books/node_modules/@vitest/runner/dist/chunk-artifact.js:302:11
    at file:///C:/Users/Admin/graceful_books/node_modules/@vitest/runner/dist/chunk-artifact.js:1903:26
    at file:///C:/Users/Admin/graceful_books/node_modules/@vitest/runner/dist/chunk-artifact.js:2326:20
    at new Promise (<anonymous>) undefined
Error: Not implemented: HTMLCanvasElement.prototype.getContext (without installing the canvas npm package)
    at module.exports (C:\Users\Admin\graceful_books\node_modules\jsdom\lib\jsdom\browser\not-implemented.js:9:17)
    at HTMLCanvasElementImpl.getContext (C:\Users\Admin\graceful_books\node_modules\jsdom\lib\jsdom\living\nodes\HTMLCanvasElement-impl.js:42:5)
    at HTMLCanvasElement.getContext (C:\Users\Admin\graceful_books\node_modules\jsdom\lib\jsdom\living\generated\HTMLCanvasElement.js:131:58)
    at generateSessionFingerprint (C:/Users/Admin/graceful_books/src/auth/sessionSecurity.ts:52:26)
    at Module.rotateSession (C:/Users/Admin/graceful_books/src/auth/sessionSecurity.ts:276:31)
    at C:/Users/Admin/graceful_books/src/__tests__/security/session.test.ts:352:28
    at file:///C:/Users/Admin/graceful_books/node_modules/@vitest/runner/dist/chunk-artifact.js:302:11
    at file:///C:/Users/Admin/graceful_books/node_modules/@vitest/runner/dist/chunk-artifact.js:1903:26
    at file:///C:/Users/Admin/graceful_books/node_modules/@vitest/runner/dist/chunk-artifact.js:2326:20
    at new Promise (<anonymous>) undefined
 ❯ src/store/recurringInvoices.test.ts (17 tests | 3 failed) 317ms
       × should create a recurring invoice with valid data 128ms
       × should calculate totals correctly with tax rate 8ms
       × should recalculate totals when line items change 10ms
 ❯ src/services/journalEntries.service.test.ts (20 tests | 3 failed) 173ms
       × should create a balanced journal entry 52ms
       × should update line items and maintain balance 8ms
       × should handle decimal precision correctly 4ms
Error: Uncaught [Error: useCPGSettingsContext must be used within a CPGSettingsProvider]
    at reportException (C:\Users\Admin\graceful_books\node_modules\jsdom\lib\jsdom\living\helpers\runtime-script-errors.js:66:24)
    at innerInvokeEventListeners (C:\Users\Admin\graceful_books\node_modules\jsdom\lib\jsdom\living\events\EventTarget-impl.js:353:9)
    at invokeEventListeners (C:\Users\Admin\graceful_books\node_modules\jsdom\lib\jsdom\living\events\EventTarget-impl.js:286:3)
    at HTMLUnknownElementImpl._dispatch (C:\Users\Admin\graceful_books\node_modules\jsdom\lib\jsdom\living\events\EventTarget-impl.js:233:9)
    at HTMLUnknownElementImpl.dispatchEvent (C:\Users\Admin\graceful_books\node_modules\jsdom\lib\jsdom\living\events\EventTarget-impl.js:104:17)
    at HTMLUnknownElement.dispatchEvent (C:\Users\Admin\graceful_books\node_modules\jsdom\lib\jsdom\living\generated\EventTarget.js:241:34)
    at Object.invokeGuardedCallbackDev (C:\Users\Admin\graceful_books\node_modules\react-dom\cjs\react-dom.development.js:4213:16)
    at invokeGuardedCallback (C:\Users\Admin\graceful_books\node_modules\react-dom\cjs\react-dom.development.js:4277:31)
    at beginWork$1 (C:\Users\Admin\graceful_books\node_modules\react-dom\cjs\react-dom.development.js:27490:7)
    at performUnitOfWork (C:\Users\Admin\graceful_books\node_modules\react-dom\cjs\react-dom.development.js:26599:12) Error: useCPGSettingsContext must be used within a CPGSettingsProvider
    at useCPGSettingsContext (C:/Users/Admin/graceful_books/src/contexts/CPGSettingsContext.tsx:166:11)
    at useCPGSettings (C:/Users/Admin/graceful_books/src/hooks/useCPGSettings.ts:12:10)
    at CPUDisplay (C:/Users/Admin/graceful_books/src/components/cpg/CPUDisplay.tsx:62:62)
    at renderWithHooks (C:\Users\Admin\graceful_books\node_modules\react-dom\cjs\react-dom.development.js:15486:18)
    at mountIndeterminateComponent (C:\Users\Admin\graceful_books\node_modules\react-dom\cjs\react-dom.development.js:20103:13)
    at beginWork (C:\Users\Admin\graceful_books\node_modules\react-dom\cjs\react-dom.development.js:21626:16)
    at HTMLUnknownElement.callCallback (C:\Users\Admin\graceful_books\node_modules\react-dom\cjs\react-dom.development.js:4164:14)
    at HTMLUnknownElement.callTheUserObjectsOperation (C:\Users\Admin\graceful_books\node_modules\jsdom\lib\jsdom\living\generated\EventListener.js:26:30)
    at innerInvokeEventListeners (C:\Users\Admin\graceful_books\node_modules\jsdom\lib\jsdom\living\events\EventTarget-impl.js:350:25)
    at invokeEventListeners (C:\Users\Admin\graceful_books\node_modules\jsdom\lib\jsdom\living\events\EventTarget-impl.js:286:3)
Error: Uncaught [Error: useCPGSettingsContext must be used within a CPGSettingsProvider]
    at reportException (C:\Users\Admin\graceful_books\node_modules\jsdom\lib\jsdom\living\helpers\runtime-script-errors.js:66:24)
    at innerInvokeEventListeners (C:\Users\Admin\graceful_books\node_modules\jsdom\lib\jsdom\living\events\EventTarget-impl.js:353:9)
    at invokeEventListeners (C:\Users\Admin\graceful_books\node_modules\jsdom\lib\jsdom\living\events\EventTarget-impl.js:286:3)
    at HTMLUnknownElementImpl._dispatch (C:\Users\Admin\graceful_books\node_modules\jsdom\lib\jsdom\living\events\EventTarget-impl.js:233:9)
    at HTMLUnknownElementImpl.dispatchEvent (C:\Users\Admin\graceful_books\node_modules\jsdom\lib\jsdom\living\events\EventTarget-impl.js:104:17)
    at HTMLUnknownElement.dispatchEvent (C:\Users\Admin\graceful_books\node_modules\jsdom\lib\jsdom\living\generated\EventTarget.js:241:34)
    at Object.invokeGuardedCallbackDev (C:\Users\Admin\graceful_books\node_modules\react-dom\cjs\react-dom.development.js:4213:16)
    at invokeGuardedCallback (C:\Users\Admin\graceful_books\node_modules\react-dom\cjs\react-dom.development.js:4277:31)
    at beginWork$1 (C:\Users\Admin\graceful_books\node_modules\react-dom\cjs\react-dom.development.js:27490:7)
    at performUnitOfWork (C:\Users\Admin\graceful_books\node_modules\react-dom\cjs\react-dom.development.js:26599:12) Error: useCPGSettingsContext must be used within a CPGSettingsProvider
    at useCPGSettingsContext (C:/Users/Admin/graceful_books/src/contexts/CPGSettingsContext.tsx:166:11)
    at useCPGSettings (C:/Users/Admin/graceful_books/src/hooks/useCPGSettings.ts:12:10)
    at CPUDisplay (C:/Users/Admin/graceful_books/src/components/cpg/CPUDisplay.tsx:62:62)
    at renderWithHooks (C:\Users\Admin\graceful_books\node_modules\react-dom\cjs\react-dom.development.js:15486:18)
    at mountIndeterminateComponent (C:\Users\Admin\graceful_books\node_modules\react-dom\cjs\react-dom.development.js:20103:13)
    at beginWork (C:\Users\Admin\graceful_books\node_modules\react-dom\cjs\react-dom.development.js:21626:16)
    at HTMLUnknownElement.callCallback (C:\Users\Admin\graceful_books\node_modules\react-dom\cjs\react-dom.development.js:4164:14)
    at HTMLUnknownElement.callTheUserObjectsOperation (C:\Users\Admin\graceful_books\node_modules\jsdom\lib\jsdom\living\generated\EventListener.js:26:30)
    at innerInvokeEventListeners (C:\Users\Admin\graceful_books\node_modules\jsdom\lib\jsdom\living\events\EventTarget-impl.js:350:25)
    at invokeEventListeners (C:\Users\Admin\graceful_books\node_modules\jsdom\lib\jsdom\living\events\EventTarget-impl.js:286:3)
Error: Uncaught [Error: useCPGSettingsContext must be used within a CPGSettingsProvider]
    at reportException (C:\Users\Admin\graceful_books\node_modules\jsdom\lib\jsdom\living\helpers\runtime-script-errors.js:66:24)
    at innerInvokeEventListeners (C:\Users\Admin\graceful_books\node_modules\jsdom\lib\jsdom\living\events\EventTarget-impl.js:353:9)
    at invokeEventListeners (C:\Users\Admin\graceful_books\node_modules\jsdom\lib\jsdom\living\events\EventTarget-impl.js:286:3)
    at HTMLUnknownElementImpl._dispatch (C:\Users\Admin\graceful_books\node_modules\jsdom\lib\jsdom\living\events\EventTarget-impl.js:233:9)
    at HTMLUnknownElementImpl.dispatchEvent (C:\Users\Admin\graceful_books\node_modules\jsdom\lib\jsdom\living\events\EventTarget-impl.js:104:17)
    at HTMLUnknownElement.dispatchEvent (C:\Users\Admin\graceful_books\node_modules\jsdom\lib\jsdom\living\generated\EventTarget.js:241:34)
    at Object.invokeGuardedCallbackDev (C:\Users\Admin\graceful_books\node_modules\react-dom\cjs\react-dom.development.js:4213:16)
    at invokeGuardedCallback (C:\Users\Admin\graceful_books\node_modules\react-dom\cjs\react-dom.development.js:4277:31)
    at beginWork$1 (C:\Users\Admin\graceful_books\node_modules\react-dom\cjs\react-dom.development.js:27490:7)
    at performUnitOfWork (C:\Users\Admin\graceful_books\node_modules\react-dom\cjs\react-dom.development.js:26599:12) Error: useCPGSettingsContext must be used within a CPGSettingsProvider
    at useCPGSettingsContext (C:/Users/Admin/graceful_books/src/contexts/CPGSettingsContext.tsx:166:11)
    at useCPGSettings (C:/Users/Admin/graceful_books/src/hooks/useCPGSettings.ts:12:10)
    at CPUDisplay (C:/Users/Admin/graceful_books/src/components/cpg/CPUDisplay.tsx:62:62)
    at renderWithHooks (C:\Users\Admin\graceful_books\node_modules\react-dom\cjs\react-dom.development.js:15486:18)
    at mountIndeterminateComponent (C:\Users\Admin\graceful_books\node_modules\react-dom\cjs\react-dom.development.js:20103:13)
    at beginWork (C:\Users\Admin\graceful_books\node_modules\react-dom\cjs\react-dom.development.js:21626:16)
    at HTMLUnknownElement.callCallback (C:\Users\Admin\graceful_books\node_modules\react-dom\cjs\react-dom.development.js:4164:14)
    at HTMLUnknownElement.callTheUserObjectsOperation (C:\Users\Admin\graceful_books\node_modules\jsdom\lib\jsdom\living\generated\EventListener.js:26:30)
    at innerInvokeEventListeners (C:\Users\Admin\graceful_books\node_modules\jsdom\lib\jsdom\living\events\EventTarget-impl.js:350:25)
    at invokeEventListeners (C:\Users\Admin\graceful_books\node_modules\jsdom\lib\jsdom\living\events\EventTarget-impl.js:286:3)
Error: Uncaught [Error: useCPGSettingsContext must be used within a CPGSettingsProvider]
    at reportException (C:\Users\Admin\graceful_books\node_modules\jsdom\lib\jsdom\living\helpers\runtime-script-errors.js:66:24)
    at innerInvokeEventListeners (C:\Users\Admin\graceful_books\node_modules\jsdom\lib\jsdom\living\events\EventTarget-impl.js:353:9)
    at invokeEventListeners (C:\Users\Admin\graceful_books\node_modules\jsdom\lib\jsdom\living\events\EventTarget-impl.js:286:3)
    at HTMLUnknownElementImpl._dispatch (C:\Users\Admin\graceful_books\node_modules\jsdom\lib\jsdom\living\events\EventTarget-impl.js:233:9)
    at HTMLUnknownElementImpl.dispatchEvent (C:\Users\Admin\graceful_books\node_modules\jsdom\lib\jsdom\living\events\EventTarget-impl.js:104:17)
    at HTMLUnknownElement.dispatchEvent (C:\Users\Admin\graceful_books\node_modules\jsdom\lib\jsdom\living\generated\EventTarget.js:241:34)
    at Object.invokeGuardedCallbackDev (C:\Users\Admin\graceful_books\node_modules\react-dom\cjs\react-dom.development.js:4213:16)
    at invokeGuardedCallback (C:\Users\Admin\graceful_books\node_modules\react-dom\cjs\react-dom.development.js:4277:31)
    at beginWork$1 (C:\Users\Admin\graceful_books\node_modules\react-dom\cjs\react-dom.development.js:27490:7)
    at performUnitOfWork (C:\Users\Admin\graceful_books\node_modules\react-dom\cjs\react-dom.development.js:26599:12) Error: useCPGSettingsContext must be used within a CPGSettingsProvider
    at useCPGSettingsContext (C:/Users/Admin/graceful_books/src/contexts/CPGSettingsContext.tsx:166:11)
    at useCPGSettings (C:/Users/Admin/graceful_books/src/hooks/useCPGSettings.ts:12:10)
    at CPUDisplay (C:/Users/Admin/graceful_books/src/components/cpg/CPUDisplay.tsx:62:62)
    at renderWithHooks (C:\Users\Admin\graceful_books\node_modules\react-dom\cjs\react-dom.development.js:15486:18)
    at mountIndeterminateComponent (C:\Users\Admin\graceful_books\node_modules\react-dom\cjs\react-dom.development.js:20103:13)
    at beginWork (C:\Users\Admin\graceful_books\node_modules\react-dom\cjs\react-dom.development.js:21626:16)
    at HTMLUnknownElement.callCallback (C:\Users\Admin\graceful_books\node_modules\react-dom\cjs\react-dom.development.js:4164:14)
    at HTMLUnknownElement.callTheUserObjectsOperation (C:\Users\Admin\graceful_books\node_modules\jsdom\lib\jsdom\living\generated\EventListener.js:26:30)
    at innerInvokeEventListeners (C:\Users\Admin\graceful_books\node_modules\jsdom\lib\jsdom\living\events\EventTarget-impl.js:350:25)
    at invokeEventListeners (C:\Users\Admin\graceful_books\node_modules\jsdom\lib\jsdom\living\events\EventTarget-impl.js:286:3)
Error: Uncaught [Error: useCPGSettingsContext must be used within a CPGSettingsProvider]
    at reportException (C:\Users\Admin\graceful_books\node_modules\jsdom\lib\jsdom\living\helpers\runtime-script-errors.js:66:24)
    at innerInvokeEventListeners (C:\Users\Admin\graceful_books\node_modules\jsdom\lib\jsdom\living\events\EventTarget-impl.js:353:9)
    at invokeEventListeners (C:\Users\Admin\graceful_books\node_modules\jsdom\lib\jsdom\living\events\EventTarget-impl.js:286:3)
    at HTMLUnknownElementImpl._dispatch (C:\Users\Admin\graceful_books\node_modules\jsdom\lib\jsdom\living\events\EventTarget-impl.js:233:9)
    at HTMLUnknownElementImpl.dispatchEvent (C:\Users\Admin\graceful_books\node_modules\jsdom\lib\jsdom\living\events\EventTarget-impl.js:104:17)
    at HTMLUnknownElement.dispatchEvent (C:\Users\Admin\graceful_books\node_modules\jsdom\lib\jsdom\living\generated\EventTarget.js:241:34)
    at Object.invokeGuardedCallbackDev (C:\Users\Admin\graceful_books\node_modules\react-dom\cjs\react-dom.development.js:4213:16)
    at invokeGuardedCallback (C:\Users\Admin\graceful_books\node_modules\react-dom\cjs\react-dom.development.js:4277:31)
    at beginWork$1 (C:\Users\Admin\graceful_books\node_modules\react-dom\cjs\react-dom.development.js:27490:7)
    at performUnitOfWork (C:\Users\Admin\graceful_books\node_modules\react-dom\cjs\react-dom.development.js:26599:12) Error: useCPGSettingsContext must be used within a CPGSettingsProvider
    at useCPGSettingsContext (C:/Users/Admin/graceful_books/src/contexts/CPGSettingsContext.tsx:166:11)
    at useCPGSettings (C:/Users/Admin/graceful_books/src/hooks/useCPGSettings.ts:12:10)
    at CPUDisplay (C:/Users/Admin/graceful_books/src/components/cpg/CPUDisplay.tsx:62:62)
    at renderWithHooks (C:\Users\Admin\graceful_books\node_modules\react-dom\cjs\react-dom.development.js:15486:18)
    at mountIndeterminateComponent (C:\Users\Admin\graceful_books\node_modules\react-dom\cjs\react-dom.development.js:20103:13)
    at beginWork (C:\Users\Admin\graceful_books\node_modules\react-dom\cjs\react-dom.development.js:21626:16)
    at HTMLUnknownElement.callCallback (C:\Users\Admin\graceful_books\node_modules\react-dom\cjs\react-dom.development.js:4164:14)
    at HTMLUnknownElement.callTheUserObjectsOperation (C:\Users\Admin\graceful_books\node_modules\jsdom\lib\jsdom\living\generated\EventListener.js:26:30)
    at innerInvokeEventListeners (C:\Users\Admin\graceful_books\node_modules\jsdom\lib\jsdom\living\events\EventTarget-impl.js:350:25)
    at invokeEventListeners (C:\Users\Admin\graceful_books\node_modules\jsdom\lib\jsdom\living\events\EventTarget-impl.js:286:3)
Error: Uncaught [Error: useCPGSettingsContext must be used within a CPGSettingsProvider]
    at reportException (C:\Users\Admin\graceful_books\node_modules\jsdom\lib\jsdom\living\helpers\runtime-script-errors.js:66:24)
    at innerInvokeEventListeners (C:\Users\Admin\graceful_books\node_modules\jsdom\lib\jsdom\living\events\EventTarget-impl.js:353:9)
    at invokeEventListeners (C:\Users\Admin\graceful_books\node_modules\jsdom\lib\jsdom\living\events\EventTarget-impl.js:286:3)
    at HTMLUnknownElementImpl._dispatch (C:\Users\Admin\graceful_books\node_modules\jsdom\lib\jsdom\living\events\EventTarget-impl.js:233:9)
    at HTMLUnknownElementImpl.dispatchEvent (C:\Users\Admin\graceful_books\node_modules\jsdom\lib\jsdom\living\events\EventTarget-impl.js:104:17)
    at HTMLUnknownElement.dispatchEvent (C:\Users\Admin\graceful_books\node_modules\jsdom\lib\jsdom\living\generated\EventTarget.js:241:34)
    at Object.invokeGuardedCallbackDev (C:\Users\Admin\graceful_books\node_modules\react-dom\cjs\react-dom.development.js:4213:16)
    at invokeGuardedCallback (C:\Users\Admin\graceful_books\node_modules\react-dom\cjs\react-dom.development.js:4277:31)
    at beginWork$1 (C:\Users\Admin\graceful_books\node_modules\react-dom\cjs\react-dom.development.js:27490:7)
    at performUnitOfWork (C:\Users\Admin\graceful_books\node_modules\react-dom\cjs\react-dom.development.js:26599:12) Error: useCPGSettingsContext must be used within a CPGSettingsProvider
    at useCPGSettingsContext (C:/Users/Admin/graceful_books/src/contexts/CPGSettingsContext.tsx:166:11)
    at useCPGSettings (C:/Users/Admin/graceful_books/src/hooks/useCPGSettings.ts:12:10)
    at CPUDisplay (C:/Users/Admin/graceful_books/src/components/cpg/CPUDisplay.tsx:62:62)
    at renderWithHooks (C:\Users\Admin\graceful_books\node_modules\react-dom\cjs\react-dom.development.js:15486:18)
    at mountIndeterminateComponent (C:\Users\Admin\graceful_books\node_modules\react-dom\cjs\react-dom.development.js:20103:13)
    at beginWork (C:\Users\Admin\graceful_books\node_modules\react-dom\cjs\react-dom.development.js:21626:16)
    at HTMLUnknownElement.callCallback (C:\Users\Admin\graceful_books\node_modules\react-dom\cjs\react-dom.development.js:4164:14)
    at HTMLUnknownElement.callTheUserObjectsOperation (C:\Users\Admin\graceful_books\node_modules\jsdom\lib\jsdom\living\generated\EventListener.js:26:30)
    at innerInvokeEventListeners (C:\Users\Admin\graceful_books\node_modules\jsdom\lib\jsdom\living\events\EventTarget-impl.js:350:25)
    at invokeEventListeners (C:\Users\Admin\graceful_books\node_modules\jsdom\lib\jsdom\living\events\EventTarget-impl.js:286:3)
Error: Uncaught [Error: useCPGSettingsContext must be used within a CPGSettingsProvider]
    at reportException (C:\Users\Admin\graceful_books\node_modules\jsdom\lib\jsdom\living\helpers\runtime-script-errors.js:66:24)
    at innerInvokeEventListeners (C:\Users\Admin\graceful_books\node_modules\jsdom\lib\jsdom\living\events\EventTarget-impl.js:353:9)
    at invokeEventListeners (C:\Users\Admin\graceful_books\node_modules\jsdom\lib\jsdom\living\events\EventTarget-impl.js:286:3)
    at HTMLUnknownElementImpl._dispatch (C:\Users\Admin\graceful_books\node_modules\jsdom\lib\jsdom\living\events\EventTarget-impl.js:233:9)
    at HTMLUnknownElementImpl.dispatchEvent (C:\Users\Admin\graceful_books\node_modules\jsdom\lib\jsdom\living\events\EventTarget-impl.js:104:17)
    at HTMLUnknownElement.dispatchEvent (C:\Users\Admin\graceful_books\node_modules\jsdom\lib\jsdom\living\generated\EventTarget.js:241:34)
    at Object.invokeGuardedCallbackDev (C:\Users\Admin\graceful_books\node_modules\react-dom\cjs\react-dom.development.js:4213:16)
    at invokeGuardedCallback (C:\Users\Admin\graceful_books\node_modules\react-dom\cjs\react-dom.development.js:4277:31)
    at beginWork$1 (C:\Users\Admin\graceful_books\node_modules\react-dom\cjs\react-dom.development.js:27490:7)
    at performUnitOfWork (C:\Users\Admin\graceful_books\node_modules\react-dom\cjs\react-dom.development.js:26599:12) Error: useCPGSettingsContext must be used within a CPGSettingsProvider
    at useCPGSettingsContext (C:/Users/Admin/graceful_books/src/contexts/CPGSettingsContext.tsx:166:11)
    at useCPGSettings (C:/Users/Admin/graceful_books/src/hooks/useCPGSettings.ts:12:10)
    at CPUDisplay (C:/Users/Admin/graceful_books/src/components/cpg/CPUDisplay.tsx:62:62)
    at renderWithHooks (C:\Users\Admin\graceful_books\node_modules\react-dom\cjs\react-dom.development.js:15486:18)
    at mountIndeterminateComponent (C:\Users\Admin\graceful_books\node_modules\react-dom\cjs\react-dom.development.js:20103:13)
    at beginWork (C:\Users\Admin\graceful_books\node_modules\react-dom\cjs\react-dom.development.js:21626:16)
    at HTMLUnknownElement.callCallback (C:\Users\Admin\graceful_books\node_modules\react-dom\cjs\react-dom.development.js:4164:14)
    at HTMLUnknownElement.callTheUserObjectsOperation (C:\Users\Admin\graceful_books\node_modules\jsdom\lib\jsdom\living\generated\EventListener.js:26:30)
    at innerInvokeEventListeners (C:\Users\Admin\graceful_books\node_modules\jsdom\lib\jsdom\living\events\EventTarget-impl.js:350:25)
    at invokeEventListeners (C:\Users\Admin\graceful_books\node_modules\jsdom\lib\jsdom\living\events\EventTarget-impl.js:286:3)
Error: Uncaught [Error: useCPGSettingsContext must be used within a CPGSettingsProvider]
    at reportException (C:\Users\Admin\graceful_books\node_modules\jsdom\lib\jsdom\living\helpers\runtime-script-errors.js:66:24)
    at innerInvokeEventListeners (C:\Users\Admin\graceful_books\node_modules\jsdom\lib\jsdom\living\events\EventTarget-impl.js:353:9)
    at invokeEventListeners (C:\Users\Admin\graceful_books\node_modules\jsdom\lib\jsdom\living\events\EventTarget-impl.js:286:3)
    at HTMLUnknownElementImpl._dispatch (C:\Users\Admin\graceful_books\node_modules\jsdom\lib\jsdom\living\events\EventTarget-impl.js:233:9)
    at HTMLUnknownElementImpl.dispatchEvent (C:\Users\Admin\graceful_books\node_modules\jsdom\lib\jsdom\living\events\EventTarget-impl.js:104:17)
    at HTMLUnknownElement.dispatchEvent (C:\Users\Admin\graceful_books\node_modules\jsdom\lib\jsdom\living\generated\EventTarget.js:241:34)
    at Object.invokeGuardedCallbackDev (C:\Users\Admin\graceful_books\node_modules\react-dom\cjs\react-dom.development.js:4213:16)
    at invokeGuardedCallback (C:\Users\Admin\graceful_books\node_modules\react-dom\cjs\react-dom.development.js:4277:31)
    at beginWork$1 (C:\Users\Admin\graceful_books\node_modules\react-dom\cjs\react-dom.development.js:27490:7)
    at performUnitOfWork (C:\Users\Admin\graceful_books\node_modules\react-dom\cjs\react-dom.development.js:26599:12) Error: useCPGSettingsContext must be used within a CPGSettingsProvider
    at useCPGSettingsContext (C:/Users/Admin/graceful_books/src/contexts/CPGSettingsContext.tsx:166:11)
    at useCPGSettings (C:/Users/Admin/graceful_books/src/hooks/useCPGSettings.ts:12:10)
    at CPUDisplay (C:/Users/Admin/graceful_books/src/components/cpg/CPUDisplay.tsx:62:62)
    at renderWithHooks (C:\Users\Admin\graceful_books\node_modules\react-dom\cjs\react-dom.development.js:15486:18)
    at mountIndeterminateComponent (C:\Users\Admin\graceful_books\node_modules\react-dom\cjs\react-dom.development.js:20103:13)
    at beginWork (C:\Users\Admin\graceful_books\node_modules\react-dom\cjs\react-dom.development.js:21626:16)
    at HTMLUnknownElement.callCallback (C:\Users\Admin\graceful_books\node_modules\react-dom\cjs\react-dom.development.js:4164:14)
    at HTMLUnknownElement.callTheUserObjectsOperation (C:\Users\Admin\graceful_books\node_modules\jsdom\lib\jsdom\living\generated\EventListener.js:26:30)
    at innerInvokeEventListeners (C:\Users\Admin\graceful_books\node_modules\jsdom\lib\jsdom\living\events\EventTarget-impl.js:350:25)
    at invokeEventListeners (C:\Users\Admin\graceful_books\node_modules\jsdom\lib\jsdom\living\events\EventTarget-impl.js:286:3)
stderr | src/components/cpg/CPUDisplay.test.tsx > CPUDisplay > renders loading state
The above error occurred in the <CPUDisplay> component:

    at CPUDisplay (C:/Users/Admin/graceful_books/src/components/cpg/CPUDisplay.tsx:16:3)

Consider adding an error boundary to your tree to customize error handling behavior.
Visit https://reactjs.org/link/error-boundaries to learn more about error boundaries.

stderr | src/components/cpg/CPUDisplay.test.tsx > CPUDisplay > renders empty state when no products exist
The above error occurred in the <CPUDisplay> component:

    at CPUDisplay (C:/Users/Admin/graceful_books/src/components/cpg/CPUDisplay.tsx:16:3)

Consider adding an error boundary to your tree to customize error handling behavior.
Visit https://reactjs.org/link/error-boundaries to learn more about error boundaries.

stderr | src/components/cpg/CPUDisplay.test.tsx > CPUDisplay > is accessible with proper semantic HTML
The above error occurred in the <CPUDisplay> component:

    at CPUDisplay (C:/Users/Admin/graceful_books/src/components/cpg/CPUDisplay.tsx:16:3)

Consider adding an error boundary to your tree to customize error handling behavior.
Visit https://reactjs.org/link/error-boundaries to learn more about error boundaries.

stderr | src/components/cpg/CPUDisplay.test.tsx > CPUDisplay > displays info icon in summary section
The above error occurred in the <CPUDisplay> component:

    at CPUDisplay (C:/Users/Admin/graceful_books/src/components/cpg/CPUDisplay.tsx:16:3)

Consider adding an error boundary to your tree to customize error handling behavior.
Visit https://reactjs.org/link/error-boundaries to learn more about error boundaries.

 ❯ src/components/cpg/CPUDisplay.test.tsx (4 tests | 4 failed) 160ms
     × renders loading state 103ms
     × renders empty state when no products exist 11ms
     × is accessible with proper semantic HTML 26ms
     × displays info icon in summary section 12ms
(node:130564) PromiseRejectionHandledWarning: Promise rejection was handled asynchronously (rejection id: 2)
(Use `node --trace-warnings ...` to show where the warning was created)
 ❯ src/services/journalEntries.integration.test.ts (9 tests | 1 failed) 103ms
       × should handle rejection workflow 28ms
 ❯ src/db/schema/restorationTokens.schema.test.ts (37 tests | 3 failed) 101ms
       × should calculate statistics for empty array 15ms
       × should calculate statistics correctly 2ms
       × should calculate average usage time correctly 2ms
stdout | src/store/charities.test.ts > Charities Store > getAllCharities > should return all active charities
🌐 API Request: GET https://api.audacious.money/charities

stdout | src/store/charities.test.ts > Charities Store > getAllCharities > should return all active charities
🌐 Response status: 200 OK

stdout | src/store/charities.test.ts > Charities Store > getAllCharities > should return charities with all required fields
🌐 API Request: GET https://api.audacious.money/charities

stdout | src/store/charities.test.ts > Charities Store > getAllCharities > should return charities with all required fields
🌐 Response status: 200 OK

stdout | src/store/charities.test.ts > Charities Store > getCharitiesGroupedByCategory > should only include active charities
🌐 API Request: GET https://api.audacious.money/charities

stdout | src/store/charities.test.ts > Charities Store > getCharitiesGroupedByCategory > should only include active charities
🌐 Response status: 200 OK

 ❯ src/store/charities.test.ts (16 tests | 3 failed) 8357ms
       × should return all active charities 1593ms
       × should return charities with all required fields 330ms
       × should only include active charities 316ms
stderr | src/components/cpg/PromoDetailsForm.test.tsx > PromoDetailsForm > Form Submission > submits valid form data
Warning: An update to PromoDetailsForm inside a test was not wrapped in act(...).

When testing, code that causes React state updates should be wrapped into act(...):

act(() => {
  /* fire events that update state */
});
/* assert on the output */

This ensures that you're testing the behavior the user would see in the browser. Learn more at https://reactjs.org/link/wrap-tests-with-act
    at PromoDetailsForm (C:/Users/Admin/graceful_books/src/components/cpg/PromoDetailsForm.tsx:62:3)
Warning: An update to PromoDetailsForm inside a test was not wrapped in act(...).

When testing, code that causes React state updates should be wrapped into act(...):

act(() => {
  /* fire events that update state */
});
/* assert on the output */

This ensures that you're testing the behavior the user would see in the browser. Learn more at https://reactjs.org/link/wrap-tests-with-act
    at PromoDetailsForm (C:/Users/Admin/graceful_books/src/components/cpg/PromoDetailsForm.tsx:62:3)

stderr | src/components/cpg/PromoDetailsForm.test.tsx > PromoDetailsForm > Form Submission > submits valid form data
Warning: An update to PromoDetailsForm inside a test was not wrapped in act(...).

When testing, code that causes React state updates should be wrapped into act(...):

act(() => {
  /* fire events that update state */
});
/* assert on the output */

This ensures that you're testing the behavior the user would see in the browser. Learn more at https://reactjs.org/link/wrap-tests-with-act
    at PromoDetailsForm (C:/Users/Admin/graceful_books/src/components/cpg/PromoDetailsForm.tsx:62:3)
Warning: An update to PromoDetailsForm inside a test was not wrapped in act(...).

When testing, code that causes React state updates should be wrapped into act(...):

act(() => {
  /* fire events that update state */
});
/* assert on the output */

This ensures that you're testing the behavior the user would see in the browser. Learn more at https://reactjs.org/link/wrap-tests-with-act
    at PromoDetailsForm (C:/Users/Admin/graceful_books/src/components/cpg/PromoDetailsForm.tsx:62:3)

stderr | src/components/cpg/PromoDetailsForm.test.tsx > PromoDetailsForm > Form Submission > submits valid form data
Warning: An update to PromoDetailsForm inside a test was not wrapped in act(...).

When testing, code that causes React state updates should be wrapped into act(...):

act(() => {
  /* fire events that update state */
});
/* assert on the output */

This ensures that you're testing the behavior the user would see in the browser. Learn more at https://reactjs.org/link/wrap-tests-with-act
    at PromoDetailsForm (C:/Users/Admin/graceful_books/src/components/cpg/PromoDetailsForm.tsx:62:3)
Warning: An update to PromoDetailsForm inside a test was not wrapped in act(...).

When testing, code that causes React state updates should be wrapped into act(...):

act(() => {
  /* fire events that update state */
});
/* assert on the output */

This ensures that you're testing the behavior the user would see in the browser. Learn more at https://reactjs.org/link/wrap-tests-with-act
    at PromoDetailsForm (C:/Users/Admin/graceful_books/src/components/cpg/PromoDetailsForm.tsx:62:3)

stderr | src/components/cpg/PromoDetailsForm.test.tsx > PromoDetailsForm > Form Submission > submits valid form data
Warning: An update to PromoDetailsForm inside a test was not wrapped in act(...).

When testing, code that causes React state updates should be wrapped into act(...):

act(() => {
  /* fire events that update state */
});
/* assert on the output */

This ensures that you're testing the behavior the user would see in the browser. Learn more at https://reactjs.org/link/wrap-tests-with-act
    at PromoDetailsForm (C:/Users/Admin/graceful_books/src/components/cpg/PromoDetailsForm.tsx:62:3)
Warning: An update to PromoDetailsForm inside a test was not wrapped in act(...).

When testing, code that causes React state updates should be wrapped into act(...):

act(() => {
  /* fire events that update state */
});
/* assert on the output */

This ensures that you're testing the behavior the user would see in the browser. Learn more at https://reactjs.org/link/wrap-tests-with-act
    at PromoDetailsForm (C:/Users/Admin/graceful_books/src/components/cpg/PromoDetailsForm.tsx:62:3)

stderr | src/components/cpg/PromoDetailsForm.test.tsx > PromoDetailsForm > Form Submission > submits valid form data
Warning: An update to PromoDetailsForm inside a test was not wrapped in act(...).

When testing, code that causes React state updates should be wrapped into act(...):

act(() => {
  /* fire events that update state */
});
/* assert on the output */

This ensures that you're testing the behavior the user would see in the browser. Learn more at https://reactjs.org/link/wrap-tests-with-act
    at PromoDetailsForm (C:/Users/Admin/graceful_books/src/components/cpg/PromoDetailsForm.tsx:62:3)
Warning: An update to PromoDetailsForm inside a test was not wrapped in act(...).

When testing, code that causes React state updates should be wrapped into act(...):

act(() => {
  /* fire events that update state */
});
/* assert on the output */

This ensures that you're testing the behavior the user would see in the browser. Learn more at https://reactjs.org/link/wrap-tests-with-act
    at PromoDetailsForm (C:/Users/Admin/graceful_books/src/components/cpg/PromoDetailsForm.tsx:62:3)

stderr | src/components/cpg/PromoDetailsForm.test.tsx > PromoDetailsForm > Form Submission > submits valid form data
Warning: An update to PromoDetailsForm inside a test was not wrapped in act(...).

When testing, code that causes React state updates should be wrapped into act(...):

act(() => {
  /* fire events that update state */
});
/* assert on the output */

This ensures that you're testing the behavior the user would see in the browser. Learn more at https://reactjs.org/link/wrap-tests-with-act
    at PromoDetailsForm (C:/Users/Admin/graceful_books/src/components/cpg/PromoDetailsForm.tsx:62:3)
Warning: An update to PromoDetailsForm inside a test was not wrapped in act(...).

When testing, code that causes React state updates should be wrapped into act(...):

act(() => {
  /* fire events that update state */
});
/* assert on the output */

This ensures that you're testing the behavior the user would see in the browser. Learn more at https://reactjs.org/link/wrap-tests-with-act
    at PromoDetailsForm (C:/Users/Admin/graceful_books/src/components/cpg/PromoDetailsForm.tsx:62:3)

stderr | src/components/cpg/PromoDetailsForm.test.tsx > PromoDetailsForm > Form Submission > submits valid form data
Warning: An update to PromoDetailsForm inside a test was not wrapped in act(...).

When testing, code that causes React state updates should be wrapped into act(...):

act(() => {
  /* fire events that update state */
});
/* assert on the output */

This ensures that you're testing the behavior the user would see in the browser. Learn more at https://reactjs.org/link/wrap-tests-with-act
    at PromoDetailsForm (C:/Users/Admin/graceful_books/src/components/cpg/PromoDetailsForm.tsx:62:3)
Warning: An update to PromoDetailsForm inside a test was not wrapped in act(...).

When testing, code that causes React state updates should be wrapped into act(...):

act(() => {
  /* fire events that update state */
});
/* assert on the output */

This ensures that you're testing the behavior the user would see in the browser. Learn more at https://reactjs.org/link/wrap-tests-with-act
    at PromoDetailsForm (C:/Users/Admin/graceful_books/src/components/cpg/PromoDetailsForm.tsx:62:3)

stderr | src/components/cpg/PromoDetailsForm.test.tsx > PromoDetailsForm > Form Submission > submits valid form data
Warning: An update to PromoDetailsForm inside a test was not wrapped in act(...).

When testing, code that causes React state updates should be wrapped into act(...):

act(() => {
  /* fire events that update state */
});
/* assert on the output */

This ensures that you're testing the behavior the user would see in the browser. Learn more at https://reactjs.org/link/wrap-tests-with-act
    at PromoDetailsForm (C:/Users/Admin/graceful_books/src/components/cpg/PromoDetailsForm.tsx:62:3)
Warning: An update to PromoDetailsForm inside a test was not wrapped in act(...).

When testing, code that causes React state updates should be wrapped into act(...):

act(() => {
  /* fire events that update state */
});
/* assert on the output */

This ensures that you're testing the behavior the user would see in the browser. Learn more at https://reactjs.org/link/wrap-tests-with-act
    at PromoDetailsForm (C:/Users/Admin/graceful_books/src/components/cpg/PromoDetailsForm.tsx:62:3)

stderr | src/components/cpg/PromoDetailsForm.test.tsx > PromoDetailsForm > Form Submission > submits valid form data
Warning: An update to PromoDetailsForm inside a test was not wrapped in act(...).

When testing, code that causes React state updates should be wrapped into act(...):

act(() => {
  /* fire events that update state */
});
/* assert on the output */

This ensures that you're testing the behavior the user would see in the browser. Learn more at https://reactjs.org/link/wrap-tests-with-act
    at PromoDetailsForm (C:/Users/Admin/graceful_books/src/components/cpg/PromoDetailsForm.tsx:62:3)
Warning: An update to PromoDetailsForm inside a test was not wrapped in act(...).

When testing, code that causes React state updates should be wrapped into act(...):

act(() => {
  /* fire events that update state */
});
/* assert on the output */

This ensures that you're testing the behavior the user would see in the browser. Learn more at https://reactjs.org/link/wrap-tests-with-act
    at PromoDetailsForm (C:/Users/Admin/graceful_books/src/components/cpg/PromoDetailsForm.tsx:62:3)

stderr | src/components/cpg/PromoDetailsForm.test.tsx > PromoDetailsForm > Form Submission > submits valid form data
Warning: An update to PromoDetailsForm inside a test was not wrapped in act(...).

When testing, code that causes React state updates should be wrapped into act(...):

act(() => {
  /* fire events that update state */
});
/* assert on the output */

This ensures that you're testing the behavior the user would see in the browser. Learn more at https://reactjs.org/link/wrap-tests-with-act
    at PromoDetailsForm (C:/Users/Admin/graceful_books/src/components/cpg/PromoDetailsForm.tsx:62:3)
Warning: An update to PromoDetailsForm inside a test was not wrapped in act(...).

When testing, code that causes React state updates should be wrapped into act(...):

act(() => {
  /* fire events that update state */
});
/* assert on the output */

This ensures that you're testing the behavior the user would see in the browser. Learn more at https://reactjs.org/link/wrap-tests-with-act
    at PromoDetailsForm (C:/Users/Admin/graceful_books/src/components/cpg/PromoDetailsForm.tsx:62:3)

stderr | src/components/cpg/PromoDetailsForm.test.tsx > PromoDetailsForm > Form Submission > submits valid form data
Warning: An update to PromoDetailsForm inside a test was not wrapped in act(...).

When testing, code that causes React state updates should be wrapped into act(...):

act(() => {
  /* fire events that update state */
});
/* assert on the output */

This ensures that you're testing the behavior the user would see in the browser. Learn more at https://reactjs.org/link/wrap-tests-with-act
    at PromoDetailsForm (C:/Users/Admin/graceful_books/src/components/cpg/PromoDetailsForm.tsx:62:3)
Warning: An update to PromoDetailsForm inside a test was not wrapped in act(...).

When testing, code that causes React state updates should be wrapped into act(...):

act(() => {
  /* fire events that update state */
});
/* assert on the output */

This ensures that you're testing the behavior the user would see in the browser. Learn more at https://reactjs.org/link/wrap-tests-with-act
    at PromoDetailsForm (C:/Users/Admin/graceful_books/src/components/cpg/PromoDetailsForm.tsx:62:3)

stderr | src/components/cpg/PromoDetailsForm.test.tsx > PromoDetailsForm > Form Submission > submits valid form data
Warning: An update to PromoDetailsForm inside a test was not wrapped in act(...).

When testing, code that causes React state updates should be wrapped into act(...):

act(() => {
  /* fire events that update state */
});
/* assert on the output */

This ensures that you're testing the behavior the user would see in the browser. Learn more at https://reactjs.org/link/wrap-tests-with-act
    at PromoDetailsForm (C:/Users/Admin/graceful_books/src/components/cpg/PromoDetailsForm.tsx:62:3)
Warning: An update to PromoDetailsForm inside a test was not wrapped in act(...).

When testing, code that causes React state updates should be wrapped into act(...):

act(() => {
  /* fire events that update state */
});
/* assert on the output */

This ensures that you're testing the behavior the user would see in the browser. Learn more at https://reactjs.org/link/wrap-tests-with-act
    at PromoDetailsForm (C:/Users/Admin/graceful_books/src/components/cpg/PromoDetailsForm.tsx:62:3)

stderr | src/components/cpg/PromoDetailsForm.test.tsx > PromoDetailsForm > Form Submission > submits valid form data
Warning: An update to PromoDetailsForm inside a test was not wrapped in act(...).

When testing, code that causes React state updates should be wrapped into act(...):

act(() => {
  /* fire events that update state */
});
/* assert on the output */

This ensures that you're testing the behavior the user would see in the browser. Learn more at https://reactjs.org/link/wrap-tests-with-act
    at PromoDetailsForm (C:/Users/Admin/graceful_books/src/components/cpg/PromoDetailsForm.tsx:62:3)
Warning: An update to PromoDetailsForm inside a test was not wrapped in act(...).

When testing, code that causes React state updates should be wrapped into act(...):

act(() => {
  /* fire events that update state */
});
/* assert on the output */

This ensures that you're testing the behavior the user would see in the browser. Learn more at https://reactjs.org/link/wrap-tests-with-act
    at PromoDetailsForm (C:/Users/Admin/graceful_books/src/components/cpg/PromoDetailsForm.tsx:62:3)

stderr | src/components/cpg/PromoDetailsForm.test.tsx > PromoDetailsForm > Form Submission > submits valid form data
Warning: An update to PromoDetailsForm inside a test was not wrapped in act(...).

When testing, code that causes React state updates should be wrapped into act(...):

act(() => {
  /* fire events that update state */
});
/* assert on the output */

This ensures that you're testing the behavior the user would see in the browser. Learn more at https://reactjs.org/link/wrap-tests-with-act
    at PromoDetailsForm (C:/Users/Admin/graceful_books/src/components/cpg/PromoDetailsForm.tsx:62:3)
Warning: An update to PromoDetailsForm inside a test was not wrapped in act(...).

When testing, code that causes React state updates should be wrapped into act(...):

act(() => {
  /* fire events that update state */
});
/* assert on the output */

This ensures that you're testing the behavior the user would see in the browser. Learn more at https://reactjs.org/link/wrap-tests-with-act
    at PromoDetailsForm (C:/Users/Admin/graceful_books/src/components/cpg/PromoDetailsForm.tsx:62:3)

stderr | src/components/cpg/PromoDetailsForm.test.tsx > PromoDetailsForm > Form Submission > submits valid form data
Warning: An update to PromoDetailsForm inside a test was not wrapped in act(...).

When testing, code that causes React state updates should be wrapped into act(...):

act(() => {
  /* fire events that update state */
});
/* assert on the output */

This ensures that you're testing the behavior the user would see in the browser. Learn more at https://reactjs.org/link/wrap-tests-with-act
    at PromoDetailsForm (C:/Users/Admin/graceful_books/src/components/cpg/PromoDetailsForm.tsx:62:3)
Warning: An update to PromoDetailsForm inside a test was not wrapped in act(...).

When testing, code that causes React state updates should be wrapped into act(...):

act(() => {
  /* fire events that update state */
});
/* assert on the output */

This ensures that you're testing the behavior the user would see in the browser. Learn more at https://reactjs.org/link/wrap-tests-with-act
    at PromoDetailsForm (C:/Users/Admin/graceful_books/src/components/cpg/PromoDetailsForm.tsx:62:3)

stderr | src/components/cpg/PromoDetailsForm.test.tsx > PromoDetailsForm > Form Submission > submits valid form data
Warning: An update to PromoDetailsForm inside a test was not wrapped in act(...).

When testing, code that causes React state updates should be wrapped into act(...):

act(() => {
  /* fire events that update state */
});
/* assert on the output */

This ensures that you're testing the behavior the user would see in the browser. Learn more at https://reactjs.org/link/wrap-tests-with-act
    at PromoDetailsForm (C:/Users/Admin/graceful_books/src/components/cpg/PromoDetailsForm.tsx:62:3)
Warning: An update to PromoDetailsForm inside a test was not wrapped in act(...).

When testing, code that causes React state updates should be wrapped into act(...):

act(() => {
  /* fire events that update state */
});
/* assert on the output */

This ensures that you're testing the behavior the user would see in the browser. Learn more at https://reactjs.org/link/wrap-tests-with-act
    at PromoDetailsForm (C:/Users/Admin/graceful_books/src/components/cpg/PromoDetailsForm.tsx:62:3)

stderr | src/components/cpg/PromoDetailsForm.test.tsx > PromoDetailsForm > Form Submission > submits valid form data
Warning: An update to PromoDetailsForm inside a test was not wrapped in act(...).

When testing, code that causes React state updates should be wrapped into act(...):

act(() => {
  /* fire events that update state */
});
/* assert on the output */

This ensures that you're testing the behavior the user would see in the browser. Learn more at https://reactjs.org/link/wrap-tests-with-act
    at PromoDetailsForm (C:/Users/Admin/graceful_books/src/components/cpg/PromoDetailsForm.tsx:62:3)
Warning: An update to PromoDetailsForm inside a test was not wrapped in act(...).

When testing, code that causes React state updates should be wrapped into act(...):

act(() => {
  /* fire events that update state */
});
/* assert on the output */

This ensures that you're testing the behavior the user would see in the browser. Learn more at https://reactjs.org/link/wrap-tests-with-act
    at PromoDetailsForm (C:/Users/Admin/graceful_books/src/components/cpg/PromoDetailsForm.tsx:62:3)

stderr | src/components/cpg/PromoDetailsForm.test.tsx > PromoDetailsForm > Form Submission > submits valid form data
Warning: An update to PromoDetailsForm inside a test was not wrapped in act(...).

When testing, code that causes React state updates should be wrapped into act(...):

act(() => {
  /* fire events that update state */
});
/* assert on the output */

This ensures that you're testing the behavior the user would see in the browser. Learn more at https://reactjs.org/link/wrap-tests-with-act
    at PromoDetailsForm (C:/Users/Admin/graceful_books/src/components/cpg/PromoDetailsForm.tsx:62:3)
Warning: An update to PromoDetailsForm inside a test was not wrapped in act(...).

When testing, code that causes React state updates should be wrapped into act(...):

act(() => {
  /* fire events that update state */
});
/* assert on the output */

This ensures that you're testing the behavior the user would see in the browser. Learn more at https://reactjs.org/link/wrap-tests-with-act
    at PromoDetailsForm (C:/Users/Admin/graceful_books/src/components/cpg/PromoDetailsForm.tsx:62:3)

stderr | src/components/cpg/PromoDetailsForm.test.tsx > PromoDetailsForm > Form Submission > submits valid form data
Warning: An update to PromoDetailsForm inside a test was not wrapped in act(...).

When testing, code that causes React state updates should be wrapped into act(...):

act(() => {
  /* fire events that update state */
});
/* assert on the output */

This ensures that you're testing the behavior the user would see in the browser. Learn more at https://reactjs.org/link/wrap-tests-with-act
    at PromoDetailsForm (C:/Users/Admin/graceful_books/src/components/cpg/PromoDetailsForm.tsx:62:3)
Warning: An update to PromoDetailsForm inside a test was not wrapped in act(...).

When testing, code that causes React state updates should be wrapped into act(...):

act(() => {
  /* fire events that update state */
});
/* assert on the output */

This ensures that you're testing the behavior the user would see in the browser. Learn more at https://reactjs.org/link/wrap-tests-with-act
    at PromoDetailsForm (C:/Users/Admin/graceful_books/src/components/cpg/PromoDetailsForm.tsx:62:3)

stderr | src/components/cpg/PromoDetailsForm.test.tsx > PromoDetailsForm > Form Submission > submits valid form data
Warning: An update to PromoDetailsForm inside a test was not wrapped in act(...).

When testing, code that causes React state updates should be wrapped into act(...):

act(() => {
  /* fire events that update state */
});
/* assert on the output */

This ensures that you're testing the behavior the user would see in the browser. Learn more at https://reactjs.org/link/wrap-tests-with-act
    at PromoDetailsForm (C:/Users/Admin/graceful_books/src/components/cpg/PromoDetailsForm.tsx:62:3)
Warning: An update to PromoDetailsForm inside a test was not wrapped in act(...).

When testing, code that causes React state updates should be wrapped into act(...):

act(() => {
  /* fire events that update state */
});
/* assert on the output */

This ensures that you're testing the behavior the user would see in the browser. Learn more at https://reactjs.org/link/wrap-tests-with-act
    at PromoDetailsForm (C:/Users/Admin/graceful_books/src/components/cpg/PromoDetailsForm.tsx:62:3)

stderr | src/components/cpg/PromoDetailsForm.test.tsx > PromoDetailsForm > Form Submission > submits valid form data
Warning: An update to PromoDetailsForm inside a test was not wrapped in act(...).

When testing, code that causes React state updates should be wrapped into act(...):

act(() => {
  /* fire events that update state */
});
/* assert on the output */

This ensures that you're testing the behavior the user would see in the browser. Learn more at https://reactjs.org/link/wrap-tests-with-act
    at PromoDetailsForm (C:/Users/Admin/graceful_books/src/components/cpg/PromoDetailsForm.tsx:62:3)
Warning: An update to PromoDetailsForm inside a test was not wrapped in act(...).

When testing, code that causes React state updates should be wrapped into act(...):

act(() => {
  /* fire events that update state */
});
/* assert on the output */

This ensures that you're testing the behavior the user would see in the browser. Learn more at https://reactjs.org/link/wrap-tests-with-act
    at PromoDetailsForm (C:/Users/Admin/graceful_books/src/components/cpg/PromoDetailsForm.tsx:62:3)

stderr | src/components/cpg/PromoDetailsForm.test.tsx > PromoDetailsForm > Form Submission > submits valid form data
Warning: An update to PromoDetailsForm inside a test was not wrapped in act(...).

When testing, code that causes React state updates should be wrapped into act(...):

act(() => {
  /* fire events that update state */
});
/* assert on the output */

This ensures that you're testing the behavior the user would see in the browser. Learn more at https://reactjs.org/link/wrap-tests-with-act
    at PromoDetailsForm (C:/Users/Admin/graceful_books/src/components/cpg/PromoDetailsForm.tsx:62:3)
Warning: An update to PromoDetailsForm inside a test was not wrapped in act(...).

When testing, code that causes React state updates should be wrapped into act(...):

act(() => {
  /* fire events that update state */
});
/* assert on the output */

This ensures that you're testing the behavior the user would see in the browser. Learn more at https://reactjs.org/link/wrap-tests-with-act
    at PromoDetailsForm (C:/Users/Admin/graceful_books/src/components/cpg/PromoDetailsForm.tsx:62:3)

stderr | src/components/cpg/PromoDetailsForm.test.tsx > PromoDetailsForm > Form Submission > submits valid form data
Warning: An update to PromoDetailsForm inside a test was not wrapped in act(...).

When testing, code that causes React state updates should be wrapped into act(...):

act(() => {
  /* fire events that update state */
});
/* assert on the output */

This ensures that you're testing the behavior the user would see in the browser. Learn more at https://reactjs.org/link/wrap-tests-with-act
    at PromoDetailsForm (C:/Users/Admin/graceful_books/src/components/cpg/PromoDetailsForm.tsx:62:3)
Warning: An update to PromoDetailsForm inside a test was not wrapped in act(...).

When testing, code that causes React state updates should be wrapped into act(...):

act(() => {
  /* fire events that update state */
});
/* assert on the output */

This ensures that you're testing the behavior the user would see in the browser. Learn more at https://reactjs.org/link/wrap-tests-with-act
    at PromoDetailsForm (C:/Users/Admin/graceful_books/src/components/cpg/PromoDetailsForm.tsx:62:3)

stderr | src/components/cpg/PromoDetailsForm.test.tsx > PromoDetailsForm > Form Submission > submits valid form data
Warning: An update to PromoDetailsForm inside a test was not wrapped in act(...).

When testing, code that causes React state updates should be wrapped into act(...):

act(() => {
  /* fire events that update state */
});
/* assert on the output */

This ensures that you're testing the behavior the user would see in the browser. Learn more at https://reactjs.org/link/wrap-tests-with-act
    at PromoDetailsForm (C:/Users/Admin/graceful_books/src/components/cpg/PromoDetailsForm.tsx:62:3)
Warning: An update to PromoDetailsForm inside a test was not wrapped in act(...).

When testing, code that causes React state updates should be wrapped into act(...):

act(() => {
  /* fire events that update state */
});
/* assert on the output */

This ensures that you're testing the behavior the user would see in the browser. Learn more at https://reactjs.org/link/wrap-tests-with-act
    at PromoDetailsForm (C:/Users/Admin/graceful_books/src/components/cpg/PromoDetailsForm.tsx:62:3)

stderr | src/components/cpg/PromoDetailsForm.test.tsx > PromoDetailsForm > Form Submission > submits valid form data
Warning: An update to PromoDetailsForm inside a test was not wrapped in act(...).

When testing, code that causes React state updates should be wrapped into act(...):

act(() => {
  /* fire events that update state */
});
/* assert on the output */

This ensures that you're testing the behavior the user would see in the browser. Learn more at https://reactjs.org/link/wrap-tests-with-act
    at PromoDetailsForm (C:/Users/Admin/graceful_books/src/components/cpg/PromoDetailsForm.tsx:62:3)
Warning: An update to PromoDetailsForm inside a test was not wrapped in act(...).

When testing, code that causes React state updates should be wrapped into act(...):

act(() => {
  /* fire events that update state */
});
/* assert on the output */

This ensures that you're testing the behavior the user would see in the browser. Learn more at https://reactjs.org/link/wrap-tests-with-act
    at PromoDetailsForm (C:/Users/Admin/graceful_books/src/components/cpg/PromoDetailsForm.tsx:62:3)

stderr | src/components/cpg/PromoDetailsForm.test.tsx > PromoDetailsForm > Form Submission > submits valid form data
Warning: An update to PromoDetailsForm inside a test was not wrapped in act(...).

When testing, code that causes React state updates should be wrapped into act(...):

act(() => {
  /* fire events that update state */
});
/* assert on the output */

This ensures that you're testing the behavior the user would see in the browser. Learn more at https://reactjs.org/link/wrap-tests-with-act
    at PromoDetailsForm (C:/Users/Admin/graceful_books/src/components/cpg/PromoDetailsForm.tsx:62:3)
Warning: An update to PromoDetailsForm inside a test was not wrapped in act(...).

When testing, code that causes React state updates should be wrapped into act(...):

act(() => {
  /* fire events that update state */
});
/* assert on the output */

This ensures that you're testing the behavior the user would see in the browser. Learn more at https://reactjs.org/link/wrap-tests-with-act
    at PromoDetailsForm (C:/Users/Admin/graceful_books/src/components/cpg/PromoDetailsForm.tsx:62:3)

stderr | src/components/cpg/PromoDetailsForm.test.tsx > PromoDetailsForm > Form Submission > submits valid form data
Warning: An update to PromoDetailsForm inside a test was not wrapped in act(...).

When testing, code that causes React state updates should be wrapped into act(...):

act(() => {
  /* fire events that update state */
});
/* assert on the output */

This ensures that you're testing the behavior the user would see in the browser. Learn more at https://reactjs.org/link/wrap-tests-with-act
    at PromoDetailsForm (C:/Users/Admin/graceful_books/src/components/cpg/PromoDetailsForm.tsx:62:3)
Warning: An update to PromoDetailsForm inside a test was not wrapped in act(...).

When testing, code that causes React state updates should be wrapped into act(...):

act(() => {
  /* fire events that update state */
});
/* assert on the output */

This ensures that you're testing the behavior the user would see in the browser. Learn more at https://reactjs.org/link/wrap-tests-with-act
    at PromoDetailsForm (C:/Users/Admin/graceful_books/src/components/cpg/PromoDetailsForm.tsx:62:3)

stderr | src/components/cpg/PromoDetailsForm.test.tsx > PromoDetailsForm > Form Submission > submits valid form data
Warning: An update to PromoDetailsForm inside a test was not wrapped in act(...).

When testing, code that causes React state updates should be wrapped into act(...):

act(() => {
  /* fire events that update state */
});
/* assert on the output */

This ensures that you're testing the behavior the user would see in the browser. Learn more at https://reactjs.org/link/wrap-tests-with-act
    at PromoDetailsForm (C:/Users/Admin/graceful_books/src/components/cpg/PromoDetailsForm.tsx:62:3)
Warning: An update to PromoDetailsForm inside a test was not wrapped in act(...).

When testing, code that causes React state updates should be wrapped into act(...):

act(() => {
  /* fire events that update state */
});
/* assert on the output */

This ensures that you're testing the behavior the user would see in the browser. Learn more at https://reactjs.org/link/wrap-tests-with-act
    at PromoDetailsForm (C:/Users/Admin/graceful_books/src/components/cpg/PromoDetailsForm.tsx:62:3)

stderr | src/components/cpg/PromoDetailsForm.test.tsx > PromoDetailsForm > Form Submission > submits valid form data
Warning: An update to PromoDetailsForm inside a test was not wrapped in act(...).

When testing, code that causes React state updates should be wrapped into act(...):

act(() => {
  /* fire events that update state */
});
/* assert on the output */

This ensures that you're testing the behavior the user would see in the browser. Learn more at https://reactjs.org/link/wrap-tests-with-act
    at PromoDetailsForm (C:/Users/Admin/graceful_books/src/components/cpg/PromoDetailsForm.tsx:62:3)
Warning: An update to PromoDetailsForm inside a test was not wrapped in act(...).

When testing, code that causes React state updates should be wrapped into act(...):

act(() => {
  /* fire events that update state */
});
/* assert on the output */

This ensures that you're testing the behavior the user would see in the browser. Learn more at https://reactjs.org/link/wrap-tests-with-act
    at PromoDetailsForm (C:/Users/Admin/graceful_books/src/components/cpg/PromoDetailsForm.tsx:62:3)

stderr | src/components/cpg/PromoDetailsForm.test.tsx > PromoDetailsForm > Form Submission > submits valid form data
Warning: An update to PromoDetailsForm inside a test was not wrapped in act(...).

When testing, code that causes React state updates should be wrapped into act(...):

act(() => {
  /* fire events that update state */
});
/* assert on the output */

This ensures that you're testing the behavior the user would see in the browser. Learn more at https://reactjs.org/link/wrap-tests-with-act
    at PromoDetailsForm (C:/Users/Admin/graceful_books/src/components/cpg/PromoDetailsForm.tsx:62:3)
Warning: An update to PromoDetailsForm inside a test was not wrapped in act(...).

When testing, code that causes React state updates should be wrapped into act(...):

act(() => {
  /* fire events that update state */
});
/* assert on the output */

This ensures that you're testing the behavior the user would see in the browser. Learn more at https://reactjs.org/link/wrap-tests-with-act
    at PromoDetailsForm (C:/Users/Admin/graceful_books/src/components/cpg/PromoDetailsForm.tsx:62:3)

stderr | src/components/cpg/PromoDetailsForm.test.tsx > PromoDetailsForm > Form Submission > submits valid form data
Warning: An update to PromoDetailsForm inside a test was not wrapped in act(...).

When testing, code that causes React state updates should be wrapped into act(...):

act(() => {
  /* fire events that update state */
});
/* assert on the output */

This ensures that you're testing the behavior the user would see in the browser. Learn more at https://reactjs.org/link/wrap-tests-with-act
    at PromoDetailsForm (C:/Users/Admin/graceful_books/src/components/cpg/PromoDetailsForm.tsx:62:3)
Warning: An update to PromoDetailsForm inside a test was not wrapped in act(...).

When testing, code that causes React state updates should be wrapped into act(...):

act(() => {
  /* fire events that update state */
});
/* assert on the output */

This ensures that you're testing the behavior the user would see in the browser. Learn more at https://reactjs.org/link/wrap-tests-with-act
    at PromoDetailsForm (C:/Users/Admin/graceful_books/src/components/cpg/PromoDetailsForm.tsx:62:3)


<--- Last few GCs --->

[149384:000001ABC0E14000] 23913254 ms: Scavenge (interleaved) 2043.0 (2048.9) -> 2041.1 (2052.9) MB, pooled: 0 MB, 8.21 / 0.00 ms  (average mu = 0.363, current mu = 0.352) allocation failure; 
[149384:000001ABC0E14000] 23915239 ms: Mark-Compact (reduce) 2045.0 (2052.9) -> 2040.6 (2045.4) MB, pooled: 0 MB, 1490.65 / 0.00 ms  (+ 387.3 ms in 62 steps since start of marking, biggest step 26.6 ms, walltime since start of marking 1985 ms) (average mu
FATAL ERROR: Ineffective mark-compacts near heap limit Allocation failed - JavaScript heap out of memory
----- Native stack trace -----

 1: 00007FF6F2D2AD5F node::OnFatalError+1343
 2: 00007FF6F39732D7 v8::Function::NewInstance+423
 3: 00007FF6F3773997 v8::base::AddressSpaceReservation::AddressSpaceReservation+322071
 4: 00007FF6F37776A4 v8::base::AddressSpaceReservation::AddressSpaceReservation+337700
 5: 00007FF6F378663C v8::internal::StrongRootAllocatorBase::deallocate_impl+16604
 6: 00007FF6F3785E7B v8::internal::StrongRootAllocatorBase::deallocate_impl+14619
 7: 00007FF6F4BEE7ED v8::base::UnsignedDivisionByConstant<unsigned __int64>+2791357
 8: 00007FF6F3771460 v8::base::AddressSpaceReservation::AddressSpaceReservation+312544
 9: 00007FF6F378BCEA X509_STORE_set_cleanup+5098
10: 00007FF6F3798186 uv_timer_set_repeat+20694
11: 00007FF6F336B1E7 v8::String::Utf8Value::~Utf8Value+143495
12: 000001ABF8D7733A 

⎯⎯⎯⎯⎯⎯ Failed Suites 3 ⎯⎯⎯⎯⎯⎯⎯

 FAIL  audacious_money_backend/src/middleware/auth.test.ts [ audacious_money_backend/src/middleware/auth.test.ts ]
Error: Cannot bundle built-in module "bun:test" imported from "audacious_money_backend\src\middleware\auth.test.ts". Consider disabling environments.client.noExternal or remove the built-in dependency.
  Plugin: vite:import-analysis
  File: C:/Users/Admin/graceful_books/audacious_money_backend/src/middleware/auth.test.ts:13:50
  1  |  import { describe, expect, test, beforeAll } from "bun:test";
     |                                                     ^
  2  |  import { Hono } from "hono";
  3  |  import { requireAuth, requireAdmin, requirePermission } from "./auth.js";
 ❯ ResolveIdContext._formatLog node_modules/vite/dist/node/chunks/dep-Dq2t6Dq0.js:42553:41
 ❯ ResolveIdContext.error node_modules/vite/dist/node/chunks/dep-Dq2t6Dq0.js:42550:16
 ❯ ResolveIdContext.resolveId node_modules/vite/dist/node/chunks/dep-Dq2t6Dq0.js:15861:18
 ❯ EnvironmentPluginContainer.resolveId node_modules/vite/dist/node/chunks/dep-Dq2t6Dq0.js:42267:17
 ❯ TransformPluginContext.resolve node_modules/vite/dist/node/chunks/dep-Dq2t6Dq0.js:42474:15
 ❯ normalizeUrl node_modules/vite/dist/node/chunks/dep-Dq2t6Dq0.js:40517:26
 ❯ node_modules/vite/dist/node/chunks/dep-Dq2t6Dq0.js:40648:37
 ❯ TransformPluginContext.transform node_modules/vite/dist/node/chunks/dep-Dq2t6Dq0.js:40575:7

⎯⎯⎯⎯⎯⎯⎯⎯⎯⎯⎯⎯⎯⎯⎯⎯⎯⎯⎯⎯⎯⎯[1/824]⎯

 FAIL  audacious_money_backend/src/routes/auth.test.ts [ audacious_money_backend/src/routes/auth.test.ts ]
PostmarkError: A valid API token must be provided.
 ❯ ErrorHandler.buildError audacious_money_backend/node_modules/postmark/src/client/errors/ErrorHandler.ts:18:19
 ❯ ServerClient.BaseClient.verifyToken audacious_money_backend/node_modules/postmark/src/client/BaseClient.ts:125:36
 ❯ ServerClient.BaseClient audacious_money_backend/node_modules/postmark/src/client/BaseClient.ts:22:13
 ❯ new ServerClient audacious_money_backend/node_modules/postmark/src/client/ServerClient.ts:99:8
 ❯ audacious_money_backend/src/services/email.service.ts:11:16
      9|
     10| // Initialize Postmark client
     11| const client = new postmark.ServerClient(
       |                ^
     12|   process.env.POSTMARK_SERVER_TOKEN || ''
     13| );
 ❯ audacious_money_backend/src/routes/auth.ts:30:1

⎯⎯⎯⎯⎯⎯⎯⎯⎯⎯⎯⎯⎯⎯⎯⎯⎯⎯⎯⎯⎯⎯[2/824]⎯

 FAIL  src/services/backup/BackupFallback.test.ts > BackupFallback
TypeError: Cannot assign to read only property 'subtle' of object '#<Crypto>'
 ❯ src/services/backup/BackupFallback.test.ts:64:21
     62|     }
     63|     if (originalCryptoSubtle) {
     64|       window.crypto.subtle = originalCryptoSubtle;
       |                     ^
     65|     }
     66|   });

⎯⎯⎯⎯⎯⎯⎯⎯⎯⎯⎯⎯⎯⎯⎯⎯⎯⎯⎯⎯⎯⎯[3/824]⎯


⎯⎯⎯⎯⎯⎯ Failed Tests 783 ⎯⎯⎯⎯⎯⎯

 FAIL  src/crypto/encryption.test.ts > Encryption Module > decrypt > should fail with tampered ciphertext
AssertionError: expected 'UNKNOWN_ERROR' to be 'ERR_CRYPTO_001' // Object.is equality

Expected: "ERR_CRYPTO_001"
Received: "UNKNOWN_ERROR"

 ❯ src/crypto/encryption.test.ts:191:39
    189|       expect(decryptResult.success).toBe(false);
    190|       // Security fix L-1: Error codes are now sanitized security erro…
    191|       expect(decryptResult.errorCode).toBe(SecurityErrorCode.CRYPTO_FA…
       |                                       ^
    192|     });
    193|

⎯⎯⎯⎯⎯⎯⎯⎯⎯⎯⎯⎯⎯⎯⎯⎯⎯⎯⎯⎯⎯⎯[4/824]⎯

 FAIL  src/crypto/encryption.test.ts > Encryption Module > decrypt > should fail with tampered auth tag
AssertionError: expected 'UNKNOWN_ERROR' to be 'ERR_CRYPTO_001' // Object.is equality

Expected: "ERR_CRYPTO_001"
Received: "UNKNOWN_ERROR"

 ❯ src/crypto/encryption.test.ts:210:39
    208|       expect(decryptResult.success).toBe(false);
    209|       // Security fix L-1: Error codes are now sanitized security erro…
    210|       expect(decryptResult.errorCode).toBe(SecurityErrorCode.CRYPTO_FA…
       |                                       ^
    211|     });
    212|

⎯⎯⎯⎯⎯⎯⎯⎯⎯⎯⎯⎯⎯⎯⎯⎯⎯⎯⎯⎯⎯⎯[5/824]⎯

 FAIL  src/hooks/useAccounts.test.ts > useAccounts Hook > initialization > should initialize with empty accounts
Error: useAuth must be used within an AuthProvider
 ❯ useAuth src/contexts/AuthContext.tsx:120:11
    118|
    119|     window.addEventListener('storage', handleStorageChange)
    120|     window.addEventListener('graceful_books_login', handleLogin)
       |           ^
    121|
    122|     return () => {
 ❯ Module.useAccounts src/hooks/useAccounts.ts:180:40
 ❯ src/hooks/useAccounts.test.ts:87:43
 ❯ TestComponent node_modules/@testing-library/react/dist/pure.js:309:27
 ❯ renderWithHooks node_modules/react-dom/cjs/react-dom.development.js:15486:18
 ❯ mountIndeterminateComponent node_modules/react-dom/cjs/react-dom.development.js:20103:13
 ❯ beginWork node_modules/react-dom/cjs/react-dom.development.js:21626:16
 ❯ beginWork$1 node_modules/react-dom/cjs/react-dom.development.js:27465:14
 ❯ performUnitOfWork node_modules/react-dom/cjs/react-dom.development.js:26599:12
 ❯ workLoopSync node_modules/react-dom/cjs/react-dom.development.js:26505:5

⎯⎯⎯⎯⎯⎯⎯⎯⎯⎯⎯⎯⎯⎯⎯⎯⎯⎯⎯⎯⎯⎯[6/824]⎯

 FAIL  src/hooks/useAccounts.test.ts > useAccounts Hook > initialization > should accept query options
Error: useAuth must be used within an AuthProvider
 ❯ useAuth src/contexts/AuthContext.tsx:120:11
    118|
    119|     window.addEventListener('storage', handleStorageChange)
    120|     window.addEventListener('graceful_books_login', handleLogin)
       |           ^
    121|
    122|     return () => {
 ❯ Module.useAccounts src/hooks/useAccounts.ts:180:40
 ❯ src/hooks/useAccounts.test.ts:95:9
 ❯ TestComponent node_modules/@testing-library/react/dist/pure.js:309:27
 ❯ renderWithHooks node_modules/react-dom/cjs/react-dom.development.js:15486:18
 ❯ mountIndeterminateComponent node_modules/react-dom/cjs/react-dom.development.js:20103:13
 ❯ beginWork node_modules/react-dom/cjs/react-dom.development.js:21626:16
 ❯ beginWork$1 node_modules/react-dom/cjs/react-dom.development.js:27465:14
 ❯ performUnitOfWork node_modules/react-dom/cjs/react-dom.development.js:26599:12
 ❯ workLoopSync node_modules/react-dom/cjs/react-dom.development.js:26505:5

⎯⎯⎯⎯⎯⎯⎯⎯⎯⎯⎯⎯⎯⎯⎯⎯⎯⎯⎯⎯⎯⎯[7/824]⎯

 FAIL  src/hooks/useAccounts.test.ts > useAccounts Hook > create operation > should create a new account
Error: useAuth must be used within an AuthProvider
 ❯ useAuth src/contexts/AuthContext.tsx:120:11
    118|
    119|     window.addEventListener('storage', handleStorageChange)
    120|     window.addEventListener('graceful_books_login', handleLogin)
       |           ^
    121|
    122|     return () => {
 ❯ Module.useAccounts src/hooks/useAccounts.ts:180:40
 ❯ src/hooks/useAccounts.test.ts:128:43
 ❯ TestComponent node_modules/@testing-library/react/dist/pure.js:309:27
 ❯ renderWithHooks node_modules/react-dom/cjs/react-dom.development.js:15486:18
 ❯ mountIndeterminateComponent node_modules/react-dom/cjs/react-dom.development.js:20103:13
 ❯ beginWork node_modules/react-dom/cjs/react-dom.development.js:21626:16
 ❯ beginWork$1 node_modules/react-dom/cjs/react-dom.development.js:27465:14
 ❯ performUnitOfWork node_modules/react-dom/cjs/react-dom.development.js:26599:12
 ❯ workLoopSync node_modules/react-dom/cjs/react-dom.development.js:26505:5

⎯⎯⎯⎯⎯⎯⎯⎯⎯⎯⎯⎯⎯⎯⎯⎯⎯⎯⎯⎯⎯⎯[8/824]⎯

 FAIL  src/hooks/useAccounts.test.ts > useAccounts Hook > create operation > should handle create errors
Error: useAuth must be used within an AuthProvider
 ❯ useAuth src/contexts/AuthContext.tsx:120:11
    118|
    119|     window.addEventListener('storage', handleStorageChange)
    120|     window.addEventListener('graceful_books_login', handleLogin)
       |           ^
    121|
    122|     return () => {
 ❯ Module.useAccounts src/hooks/useAccounts.ts:180:40
 ❯ src/hooks/useAccounts.test.ts:156:43
 ❯ TestComponent node_modules/@testing-library/react/dist/pure.js:309:27
 ❯ renderWithHooks node_modules/react-dom/cjs/react-dom.development.js:15486:18
 ❯ mountIndeterminateComponent node_modules/react-dom/cjs/react-dom.development.js:20103:13
 ❯ beginWork node_modules/react-dom/cjs/react-dom.development.js:21626:16
 ❯ beginWork$1 node_modules/react-dom/cjs/react-dom.development.js:27465:14
 ❯ performUnitOfWork node_modules/react-dom/cjs/react-dom.development.js:26599:12
 ❯ workLoopSync node_modules/react-dom/cjs/react-dom.development.js:26505:5

⎯⎯⎯⎯⎯⎯⎯⎯⎯⎯⎯⎯⎯⎯⎯⎯⎯⎯⎯⎯⎯⎯[9/824]⎯

 FAIL  src/hooks/useAccounts.test.ts > useAccounts Hook > get operation > should get account by ID
Error: useAuth must be used within an AuthProvider
 ❯ useAuth src/contexts/AuthContext.tsx:120:11
    118|
    119|     window.addEventListener('storage', handleStorageChange)
    120|     window.addEventListener('graceful_books_login', handleLogin)
       |           ^
    121|
    122|     return () => {
 ❯ Module.useAccounts src/hooks/useAccounts.ts:180:40
 ❯ src/hooks/useAccounts.test.ts:176:43
 ❯ TestComponent node_modules/@testing-library/react/dist/pure.js:309:27
 ❯ renderWithHooks node_modules/react-dom/cjs/react-dom.development.js:15486:18
 ❯ mountIndeterminateComponent node_modules/react-dom/cjs/react-dom.development.js:20103:13
 ❯ beginWork node_modules/react-dom/cjs/react-dom.development.js:21626:16
 ❯ beginWork$1 node_modules/react-dom/cjs/react-dom.development.js:27465:14
 ❯ performUnitOfWork node_modules/react-dom/cjs/react-dom.development.js:26599:12
 ❯ workLoopSync node_modules/react-dom/cjs/react-dom.development.js:26505:5

⎯⎯⎯⎯⎯⎯⎯⎯⎯⎯⎯⎯⎯⎯⎯⎯⎯⎯⎯⎯⎯[10/824]⎯

 FAIL  src/hooks/useAccounts.test.ts > useAccounts Hook > get operation > should handle account not found
Error: useAuth must be used within an AuthProvider
 ❯ useAuth src/contexts/AuthContext.tsx:120:11
    118|
    119|     window.addEventListener('storage', handleStorageChange)
    120|     window.addEventListener('graceful_books_login', handleLogin)
       |           ^
    121|
    122|     return () => {
 ❯ Module.useAccounts src/hooks/useAccounts.ts:180:40
 ❯ src/hooks/useAccounts.test.ts:197:43
 ❯ TestComponent node_modules/@testing-library/react/dist/pure.js:309:27
 ❯ renderWithHooks node_modules/react-dom/cjs/react-dom.development.js:15486:18
 ❯ mountIndeterminateComponent node_modules/react-dom/cjs/react-dom.development.js:20103:13
 ❯ beginWork node_modules/react-dom/cjs/react-dom.development.js:21626:16
 ❯ beginWork$1 node_modules/react-dom/cjs/react-dom.development.js:27465:14
 ❯ performUnitOfWork node_modules/react-dom/cjs/react-dom.development.js:26599:12
 ❯ workLoopSync node_modules/react-dom/cjs/react-dom.development.js:26505:5

⎯⎯⎯⎯⎯⎯⎯⎯⎯⎯⎯⎯⎯⎯⎯⎯⎯⎯⎯⎯⎯[11/824]⎯

 FAIL  src/hooks/useAccounts.test.ts > useAccounts Hook > update operation > should update an account
Error: useAuth must be used within an AuthProvider
 ❯ useAuth src/contexts/AuthContext.tsx:120:11
    118|
    119|     window.addEventListener('storage', handleStorageChange)
    120|     window.addEventListener('graceful_books_login', handleLogin)
       |           ^
    121|
    122|     return () => {
 ❯ Module.useAccounts src/hooks/useAccounts.ts:180:40
 ❯ src/hooks/useAccounts.test.ts:222:43
 ❯ TestComponent node_modules/@testing-library/react/dist/pure.js:309:27
 ❯ renderWithHooks node_modules/react-dom/cjs/react-dom.development.js:15486:18
 ❯ mountIndeterminateComponent node_modules/react-dom/cjs/react-dom.development.js:20103:13
 ❯ beginWork node_modules/react-dom/cjs/react-dom.development.js:21626:16
 ❯ beginWork$1 node_modules/react-dom/cjs/react-dom.development.js:27465:14
 ❯ performUnitOfWork node_modules/react-dom/cjs/react-dom.development.js:26599:12
 ❯ workLoopSync node_modules/react-dom/cjs/react-dom.development.js:26505:5

⎯⎯⎯⎯⎯⎯⎯⎯⎯⎯⎯⎯⎯⎯⎯⎯⎯⎯⎯⎯⎯[12/824]⎯

 FAIL  src/hooks/useAccounts.test.ts > useAccounts Hook > update operation > should handle update errors
Error: useAuth must be used within an AuthProvider
 ❯ useAuth src/contexts/AuthContext.tsx:120:11
    118|
    119|     window.addEventListener('storage', handleStorageChange)
    120|     window.addEventListener('graceful_books_login', handleLogin)
       |           ^
    121|
    122|     return () => {
 ❯ Module.useAccounts src/hooks/useAccounts.ts:180:40
 ❯ src/hooks/useAccounts.test.ts:242:43
 ❯ TestComponent node_modules/@testing-library/react/dist/pure.js:309:27
 ❯ renderWithHooks node_modules/react-dom/cjs/react-dom.development.js:15486:18
 ❯ mountIndeterminateComponent node_modules/react-dom/cjs/react-dom.development.js:20103:13
 ❯ beginWork node_modules/react-dom/cjs/react-dom.development.js:21626:16
 ❯ beginWork$1 node_modules/react-dom/cjs/react-dom.development.js:27465:14
 ❯ performUnitOfWork node_modules/react-dom/cjs/react-dom.development.js:26599:12
 ❯ workLoopSync node_modules/react-dom/cjs/react-dom.development.js:26505:5

⎯⎯⎯⎯⎯⎯⎯⎯⎯⎯⎯⎯⎯⎯⎯⎯⎯⎯⎯⎯⎯[13/824]⎯

 FAIL  src/hooks/useAccounts.test.ts > useAccounts Hook > remove operation > should delete an account
Error: useAuth must be used within an AuthProvider
 ❯ useAuth src/contexts/AuthContext.tsx:120:11
    118|
    119|     window.addEventListener('storage', handleStorageChange)
    120|     window.addEventListener('graceful_books_login', handleLogin)
       |           ^
    121|
    122|     return () => {
 ❯ Module.useAccounts src/hooks/useAccounts.ts:180:40
 ❯ src/hooks/useAccounts.test.ts:257:43
 ❯ TestComponent node_modules/@testing-library/react/dist/pure.js:309:27
 ❯ renderWithHooks node_modules/react-dom/cjs/react-dom.development.js:15486:18
 ❯ mountIndeterminateComponent node_modules/react-dom/cjs/react-dom.development.js:20103:13
 ❯ beginWork node_modules/react-dom/cjs/react-dom.development.js:21626:16
 ❯ beginWork$1 node_modules/react-dom/cjs/react-dom.development.js:27465:14
 ❯ performUnitOfWork node_modules/react-dom/cjs/react-dom.development.js:26599:12
 ❯ workLoopSync node_modules/react-dom/cjs/react-dom.development.js:26505:5

⎯⎯⎯⎯⎯⎯⎯⎯⎯⎯⎯⎯⎯⎯⎯⎯⎯⎯⎯⎯⎯[14/824]⎯

 FAIL  src/hooks/useAccounts.test.ts > useAccounts Hook > remove operation > should handle delete errors
Error: useAuth must be used within an AuthProvider
 ❯ useAuth src/contexts/AuthContext.tsx:120:11
    118|
    119|     window.addEventListener('storage', handleStorageChange)
    120|     window.addEventListener('graceful_books_login', handleLogin)
       |           ^
    121|
    122|     return () => {
 ❯ Module.useAccounts src/hooks/useAccounts.ts:180:40
 ❯ src/hooks/useAccounts.test.ts:274:43
 ❯ TestComponent node_modules/@testing-library/react/dist/pure.js:309:27
 ❯ renderWithHooks node_modules/react-dom/cjs/react-dom.development.js:15486:18
 ❯ mountIndeterminateComponent node_modules/react-dom/cjs/react-dom.development.js:20103:13
 ❯ beginWork node_modules/react-dom/cjs/react-dom.development.js:21626:16
 ❯ beginWork$1 node_modules/react-dom/cjs/react-dom.development.js:27465:14
 ❯ performUnitOfWork node_modules/react-dom/cjs/react-dom.development.js:26599:12
 ❯ workLoopSync node_modules/react-dom/cjs/react-dom.development.js:26505:5

⎯⎯⎯⎯⎯⎯⎯⎯⎯⎯⎯⎯⎯⎯⎯⎯⎯⎯⎯⎯⎯[15/824]⎯

 FAIL  src/hooks/useAccounts.test.ts > useAccounts Hook > batch operations > should batch create multiple accounts
Error: useAuth must be used within an AuthProvider
 ❯ useAuth src/contexts/AuthContext.tsx:120:11
    118|
    119|     window.addEventListener('storage', handleStorageChange)
    120|     window.addEventListener('graceful_books_login', handleLogin)
       |           ^
    121|
    122|     return () => {
 ❯ Module.useAccounts src/hooks/useAccounts.ts:180:40
 ❯ src/hooks/useAccounts.test.ts:310:43
 ❯ TestComponent node_modules/@testing-library/react/dist/pure.js:309:27
 ❯ renderWithHooks node_modules/react-dom/cjs/react-dom.development.js:15486:18
 ❯ mountIndeterminateComponent node_modules/react-dom/cjs/react-dom.development.js:20103:13
 ❯ beginWork node_modules/react-dom/cjs/react-dom.development.js:21626:16
 ❯ beginWork$1 node_modules/react-dom/cjs/react-dom.development.js:27465:14
 ❯ performUnitOfWork node_modules/react-dom/cjs/react-dom.development.js:26599:12
 ❯ workLoopSync node_modules/react-dom/cjs/react-dom.development.js:26505:5

⎯⎯⎯⎯⎯⎯⎯⎯⎯⎯⎯⎯⎯⎯⎯⎯⎯⎯⎯⎯⎯[16/824]⎯

 FAIL  src/hooks/useAccounts.test.ts > useAccounts Hook > batch operations > should handle partial batch failures
Error: useAuth must be used within an AuthProvider
 ❯ useAuth src/contexts/AuthContext.tsx:120:11
    118|
    119|     window.addEventListener('storage', handleStorageChange)
    120|     window.addEventListener('graceful_books_login', handleLogin)
       |           ^
    121|
    122|     return () => {
 ❯ Module.useAccounts src/hooks/useAccounts.ts:180:40
 ❯ src/hooks/useAccounts.test.ts:346:43
 ❯ TestComponent node_modules/@testing-library/react/dist/pure.js:309:27
 ❯ renderWithHooks node_modules/react-dom/cjs/react-dom.development.js:15486:18
 ❯ mountIndeterminateComponent node_modules/react-dom/cjs/react-dom.development.js:20103:13
 ❯ beginWork node_modules/react-dom/cjs/react-dom.development.js:21626:16
 ❯ beginWork$1 node_modules/react-dom/cjs/react-dom.development.js:27465:14
 ❯ performUnitOfWork node_modules/react-dom/cjs/react-dom.development.js:26599:12
 ❯ workLoopSync node_modules/react-dom/cjs/react-dom.development.js:26505:5

⎯⎯⎯⎯⎯⎯⎯⎯⎯⎯⎯⎯⎯⎯⎯⎯⎯⎯⎯⎯⎯[17/824]⎯

 FAIL  src/hooks/useAccounts.test.ts > useAccounts Hook > hierarchy operations > should get accounts hierarchy
Error: useAuth must be used within an AuthProvider
 ❯ useAuth src/contexts/AuthContext.tsx:120:11
    118|
    119|     window.addEventListener('storage', handleStorageChange)
    120|     window.addEventListener('graceful_books_login', handleLogin)
       |           ^
    121|
    122|     return () => {
 ❯ Module.useAccounts src/hooks/useAccounts.ts:180:40
 ❯ src/hooks/useAccounts.test.ts:362:43
 ❯ TestComponent node_modules/@testing-library/react/dist/pure.js:309:27
 ❯ renderWithHooks node_modules/react-dom/cjs/react-dom.development.js:15486:18
 ❯ mountIndeterminateComponent node_modules/react-dom/cjs/react-dom.development.js:20103:13
 ❯ beginWork node_modules/react-dom/cjs/react-dom.development.js:21626:16
 ❯ beginWork$1 node_modules/react-dom/cjs/react-dom.development.js:27465:14
 ❯ performUnitOfWork node_modules/react-dom/cjs/react-dom.development.js:26599:12
 ❯ workLoopSync node_modules/react-dom/cjs/react-dom.development.js:26505:5

⎯⎯⎯⎯⎯⎯⎯⎯⎯⎯⎯⎯⎯⎯⎯⎯⎯⎯⎯⎯⎯[18/824]⎯

 FAIL  src/hooks/useAccounts.test.ts > useAccounts Hook > hierarchy operations > should require company ID for hierarchy
Error: useAuth must be used within an AuthProvider
 ❯ useAuth src/contexts/AuthContext.tsx:120:11
    118|
    119|     window.addEventListener('storage', handleStorageChange)
    120|     window.addEventListener('graceful_books_login', handleLogin)
       |           ^
    121|
    122|     return () => {
 ❯ Module.useAccounts src/hooks/useAccounts.ts:180:40
 ❯ src/hooks/useAccounts.test.ts:374:43
 ❯ TestComponent node_modules/@testing-library/react/dist/pure.js:309:27
 ❯ renderWithHooks node_modules/react-dom/cjs/react-dom.development.js:15486:18
 ❯ mountIndeterminateComponent node_modules/react-dom/cjs/react-dom.development.js:20103:13
 ❯ beginWork node_modules/react-dom/cjs/react-dom.development.js:21626:16
 ❯ beginWork$1 node_modules/react-dom/cjs/react-dom.development.js:27465:14
 ❯ performUnitOfWork node_modules/react-dom/cjs/react-dom.development.js:26599:12
 ❯ workLoopSync node_modules/react-dom/cjs/react-dom.development.js:26505:5

⎯⎯⎯⎯⎯⎯⎯⎯⎯⎯⎯⎯⎯⎯⎯⎯⎯⎯⎯⎯⎯[19/824]⎯

 FAIL  src/hooks/useAccounts.test.ts > useAccounts Hook > hierarchy operations > should build tree structure from flat accounts
Error: useAuth must be used within an AuthProvider
 ❯ useAuth src/contexts/AuthContext.tsx:120:11
    118|
    119|     window.addEventListener('storage', handleStorageChange)
    120|     window.addEventListener('graceful_books_login', handleLogin)
       |           ^
    121|
    122|     return () => {
 ❯ Module.useAccounts src/hooks/useAccounts.ts:180:40
 ❯ src/hooks/useAccounts.test.ts:385:43
 ❯ TestComponent node_modules/@testing-library/react/dist/pure.js:309:27
 ❯ renderWithHooks node_modules/react-dom/cjs/react-dom.development.js:15486:18
 ❯ mountIndeterminateComponent node_modules/react-dom/cjs/react-dom.development.js:20103:13
 ❯ beginWork node_modules/react-dom/cjs/react-dom.development.js:21626:16
 ❯ beginWork$1 node_modules/react-dom/cjs/react-dom.development.js:27465:14
 ❯ performUnitOfWork node_modules/react-dom/cjs/react-dom.development.js:26599:12
 ❯ workLoopSync node_modules/react-dom/cjs/react-dom.development.js:26505:5

⎯⎯⎯⎯⎯⎯⎯⎯⎯⎯⎯⎯⎯⎯⎯⎯⎯⎯⎯⎯⎯[20/824]⎯

 FAIL  src/hooks/useAccounts.test.ts > useAccounts Hook > hierarchy operations > should handle accounts with no parent
Error: useAuth must be used within an AuthProvider
 ❯ useAuth src/contexts/AuthContext.tsx:120:11
    118|
    119|     window.addEventListener('storage', handleStorageChange)
    120|     window.addEventListener('graceful_books_login', handleLogin)
       |           ^
    121|
    122|     return () => {
 ❯ Module.useAccounts src/hooks/useAccounts.ts:180:40
 ❯ src/hooks/useAccounts.test.ts:420:43
 ❯ TestComponent node_modules/@testing-library/react/dist/pure.js:309:27
 ❯ renderWithHooks node_modules/react-dom/cjs/react-dom.development.js:15486:18
 ❯ mountIndeterminateComponent node_modules/react-dom/cjs/react-dom.development.js:20103:13
 ❯ beginWork node_modules/react-dom/cjs/react-dom.development.js:21626:16
 ❯ beginWork$1 node_modules/react-dom/cjs/react-dom.development.js:27465:14
 ❯ performUnitOfWork node_modules/react-dom/cjs/react-dom.development.js:26599:12
 ❯ workLoopSync node_modules/react-dom/cjs/react-dom.development.js:26505:5

⎯⎯⎯⎯⎯⎯⎯⎯⎯⎯⎯⎯⎯⎯⎯⎯⎯⎯⎯⎯⎯[21/824]⎯

 FAIL  src/hooks/useAccounts.test.ts > useAccounts Hook > hierarchy operations > should sort accounts by account number and name
Error: useAuth must be used within an AuthProvider
 ❯ useAuth src/contexts/AuthContext.tsx:120:11
    118|
    119|     window.addEventListener('storage', handleStorageChange)
    120|     window.addEventListener('graceful_books_login', handleLogin)
       |           ^
    121|
    122|     return () => {
 ❯ Module.useAccounts src/hooks/useAccounts.ts:180:40
 ❯ src/hooks/useAccounts.test.ts:466:43
 ❯ TestComponent node_modules/@testing-library/react/dist/pure.js:309:27
 ❯ renderWithHooks node_modules/react-dom/cjs/react-dom.development.js:15486:18
 ❯ mountIndeterminateComponent node_modules/react-dom/cjs/react-dom.development.js:20103:13
 ❯ beginWork node_modules/react-dom/cjs/react-dom.development.js:21626:16
 ❯ beginWork$1 node_modules/react-dom/cjs/react-dom.development.js:27465:14
 ❯ performUnitOfWork node_modules/react-dom/cjs/react-dom.development.js:26599:12
 ❯ workLoopSync node_modules/react-dom/cjs/react-dom.development.js:26505:5

⎯⎯⎯⎯⎯⎯⎯⎯⎯⎯⎯⎯⎯⎯⎯⎯⎯⎯⎯⎯⎯[22/824]⎯

 FAIL  src/hooks/useAccounts.test.ts > useAccounts Hook > refresh operation > should provide refresh function
Error: useAuth must be used within an AuthProvider
 ❯ useAuth src/contexts/AuthContext.tsx:120:11
    118|
    119|     window.addEventListener('storage', handleStorageChange)
    120|     window.addEventListener('graceful_books_login', handleLogin)
       |           ^
    121|
    122|     return () => {
 ❯ Module.useAccounts src/hooks/useAccounts.ts:180:40
 ❯ src/hooks/useAccounts.test.ts:478:43
 ❯ TestComponent node_modules/@testing-library/react/dist/pure.js:309:27
 ❯ renderWithHooks node_modules/react-dom/cjs/react-dom.development.js:15486:18
 ❯ mountIndeterminateComponent node_modules/react-dom/cjs/react-dom.development.js:20103:13
 ❯ beginWork node_modules/react-dom/cjs/react-dom.development.js:21626:16
 ❯ beginWork$1 node_modules/react-dom/cjs/react-dom.development.js:27465:14
 ❯ performUnitOfWork node_modules/react-dom/cjs/react-dom.development.js:26599:12
 ❯ workLoopSync node_modules/react-dom/cjs/react-dom.development.js:26505:5

⎯⎯⎯⎯⎯⎯⎯⎯⎯⎯⎯⎯⎯⎯⎯⎯⎯⎯⎯⎯⎯[23/824]⎯

 FAIL  src/hooks/useTransactions.test.ts > useTransactions > initial state > should initialize with empty state
Error: useAuth must be used within an AuthProvider
 ❯ useAuth src/contexts/AuthContext.tsx:120:11
    118|
    119|     window.addEventListener('storage', handleStorageChange)
    120|     window.addEventListener('graceful_books_login', handleLogin)
       |           ^
    121|
    122|     return () => {
 ❯ Module.useTransactions src/hooks/useTransactions.ts:69:25
 ❯ src/hooks/useTransactions.test.ts:40:43
 ❯ TestComponent node_modules/@testing-library/react/dist/pure.js:309:27
 ❯ renderWithHooks node_modules/react-dom/cjs/react-dom.development.js:15486:18
 ❯ mountIndeterminateComponent node_modules/react-dom/cjs/react-dom.development.js:20103:13
 ❯ beginWork node_modules/react-dom/cjs/react-dom.development.js:21626:16
 ❯ beginWork$1 node_modules/react-dom/cjs/react-dom.development.js:27465:14
 ❯ performUnitOfWork node_modules/react-dom/cjs/react-dom.development.js:26599:12
 ❯ workLoopSync node_modules/react-dom/cjs/react-dom.development.js:26505:5

⎯⎯⎯⎯⎯⎯⎯⎯⎯⎯⎯⎯⎯⎯⎯⎯⎯⎯⎯⎯⎯[24/824]⎯

 FAIL  src/hooks/useTransactions.test.ts > useTransactions > loadTransactions > should load transactions successfully
Error: useAuth must be used within an AuthProvider
 ❯ useAuth src/contexts/AuthContext.tsx:120:11
    118|
    119|     window.addEventListener('storage', handleStorageChange)
    120|     window.addEventListener('graceful_books_login', handleLogin)
       |           ^
    121|
    122|     return () => {
 ❯ Module.useTransactions src/hooks/useTransactions.ts:69:25
 ❯ src/hooks/useTransactions.test.ts:72:43
 ❯ TestComponent node_modules/@testing-library/react/dist/pure.js:309:27
 ❯ renderWithHooks node_modules/react-dom/cjs/react-dom.development.js:15486:18
 ❯ mountIndeterminateComponent node_modules/react-dom/cjs/react-dom.development.js:20103:13
 ❯ beginWork node_modules/react-dom/cjs/react-dom.development.js:21626:16
 ❯ beginWork$1 node_modules/react-dom/cjs/react-dom.development.js:27465:14
 ❯ performUnitOfWork node_modules/react-dom/cjs/react-dom.development.js:26599:12
 ❯ workLoopSync node_modules/react-dom/cjs/react-dom.development.js:26505:5

⎯⎯⎯⎯⎯⎯⎯⎯⎯⎯⎯⎯⎯⎯⎯⎯⎯⎯⎯⎯⎯[25/824]⎯

 FAIL  src/hooks/useTransactions.test.ts > useTransactions > loadTransactions > should handle load error
Error: useAuth must be used within an AuthProvider
 ❯ useAuth src/contexts/AuthContext.tsx:120:11
    118|
    119|     window.addEventListener('storage', handleStorageChange)
    120|     window.addEventListener('graceful_books_login', handleLogin)
       |           ^
    121|
    122|     return () => {
 ❯ Module.useTransactions src/hooks/useTransactions.ts:69:25
 ❯ src/hooks/useTransactions.test.ts:92:43
 ❯ TestComponent node_modules/@testing-library/react/dist/pure.js:309:27
 ❯ renderWithHooks node_modules/react-dom/cjs/react-dom.development.js:15486:18
 ❯ mountIndeterminateComponent node_modules/react-dom/cjs/react-dom.development.js:20103:13
 ❯ beginWork node_modules/react-dom/cjs/react-dom.development.js:21626:16
 ❯ beginWork$1 node_modules/react-dom/cjs/react-dom.development.js:27465:14
 ❯ performUnitOfWork node_modules/react-dom/cjs/react-dom.development.js:26599:12
 ❯ workLoopSync node_modules/react-dom/cjs/react-dom.development.js:26505:5

⎯⎯⎯⎯⎯⎯⎯⎯⎯⎯⎯⎯⎯⎯⎯⎯⎯⎯⎯⎯⎯[26/824]⎯

 FAIL  src/hooks/useTransactions.test.ts > useTransactions > loadTransaction > should load a single transaction
Error: useAuth must be used within an AuthProvider
 ❯ useAuth src/contexts/AuthContext.tsx:120:11
    118|
    119|     window.addEventListener('storage', handleStorageChange)
    120|     window.addEventListener('graceful_books_login', handleLogin)
       |           ^
    121|
    122|     return () => {
 ❯ Module.useTransactions src/hooks/useTransactions.ts:69:25
 ❯ src/hooks/useTransactions.test.ts:124:43
 ❯ TestComponent node_modules/@testing-library/react/dist/pure.js:309:27
 ❯ renderWithHooks node_modules/react-dom/cjs/react-dom.development.js:15486:18
 ❯ mountIndeterminateComponent node_modules/react-dom/cjs/react-dom.development.js:20103:13
 ❯ beginWork node_modules/react-dom/cjs/react-dom.development.js:21626:16
 ❯ beginWork$1 node_modules/react-dom/cjs/react-dom.development.js:27465:14
 ❯ performUnitOfWork node_modules/react-dom/cjs/react-dom.development.js:26599:12
 ❯ workLoopSync node_modules/react-dom/cjs/react-dom.development.js:26505:5

⎯⎯⎯⎯⎯⎯⎯⎯⎯⎯⎯⎯⎯⎯⎯⎯⎯⎯⎯⎯⎯[27/824]⎯

 FAIL  src/hooks/useTransactions.test.ts > useTransactions > loadTransaction > should handle transaction not found
Error: useAuth must be used within an AuthProvider
 ❯ useAuth src/contexts/AuthContext.tsx:120:11
    118|
    119|     window.addEventListener('storage', handleStorageChange)
    120|     window.addEventListener('graceful_books_login', handleLogin)
       |           ^
    121|
    122|     return () => {
 ❯ Module.useTransactions src/hooks/useTransactions.ts:69:25
 ❯ src/hooks/useTransactions.test.ts:143:43
 ❯ TestComponent node_modules/@testing-library/react/dist/pure.js:309:27
 ❯ renderWithHooks node_modules/react-dom/cjs/react-dom.development.js:15486:18
 ❯ mountIndeterminateComponent node_modules/react-dom/cjs/react-dom.development.js:20103:13
 ❯ beginWork node_modules/react-dom/cjs/react-dom.development.js:21626:16
 ❯ beginWork$1 node_modules/react-dom/cjs/react-dom.development.js:27465:14
 ❯ performUnitOfWork node_modules/react-dom/cjs/react-dom.development.js:26599:12
 ❯ workLoopSync node_modules/react-dom/cjs/react-dom.development.js:26505:5

⎯⎯⎯⎯⎯⎯⎯⎯⎯⎯⎯⎯⎯⎯⎯⎯⎯⎯⎯⎯⎯[28/824]⎯

 FAIL  src/hooks/useTransactions.test.ts > useTransactions > createNewTransaction > should create a valid transaction
Error: useAuth must be used within an AuthProvider
 ❯ useAuth src/contexts/AuthContext.tsx:120:11
    118|
    119|     window.addEventListener('storage', handleStorageChange)
    120|     window.addEventListener('graceful_books_login', handleLogin)
       |           ^
    121|
    122|     return () => {
 ❯ Module.useTransactions src/hooks/useTransactions.ts:69:25
 ❯ src/hooks/useTransactions.test.ts:179:43
 ❯ TestComponent node_modules/@testing-library/react/dist/pure.js:309:27
 ❯ renderWithHooks node_modules/react-dom/cjs/react-dom.development.js:15486:18
 ❯ mountIndeterminateComponent node_modules/react-dom/cjs/react-dom.development.js:20103:13
 ❯ beginWork node_modules/react-dom/cjs/react-dom.development.js:21626:16
 ❯ beginWork$1 node_modules/react-dom/cjs/react-dom.development.js:27465:14
 ❯ performUnitOfWork node_modules/react-dom/cjs/react-dom.development.js:26599:12
 ❯ workLoopSync node_modules/react-dom/cjs/react-dom.development.js:26505:5

⎯⎯⎯⎯⎯⎯⎯⎯⎯⎯⎯⎯⎯⎯⎯⎯⎯⎯⎯⎯⎯[29/824]⎯

 FAIL  src/hooks/useTransactions.test.ts > useTransactions > createNewTransaction > should reject unbalanced transaction
Error: useAuth must be used within an AuthProvider
 ❯ useAuth src/contexts/AuthContext.tsx:120:11
    118|
    119|     window.addEventListener('storage', handleStorageChange)
    120|     window.addEventListener('graceful_books_login', handleLogin)
       |           ^
    121|
    122|     return () => {
 ❯ Module.useTransactions src/hooks/useTransactions.ts:69:25
 ❯ src/hooks/useTransactions.test.ts:203:43
 ❯ TestComponent node_modules/@testing-library/react/dist/pure.js:309:27
 ❯ renderWithHooks node_modules/react-dom/cjs/react-dom.development.js:15486:18
 ❯ mountIndeterminateComponent node_modules/react-dom/cjs/react-dom.development.js:20103:13
 ❯ beginWork node_modules/react-dom/cjs/react-dom.development.js:21626:16
 ❯ beginWork$1 node_modules/react-dom/cjs/react-dom.development.js:27465:14
 ❯ performUnitOfWork node_modules/react-dom/cjs/react-dom.development.js:26599:12
 ❯ workLoopSync node_modules/react-dom/cjs/react-dom.development.js:26505:5

⎯⎯⎯⎯⎯⎯⎯⎯⎯⎯⎯⎯⎯⎯⎯⎯⎯⎯⎯⎯⎯[30/824]⎯

 FAIL  src/hooks/useTransactions.test.ts > useTransactions > createNewTransaction > should reject transaction with invalid line items
Error: useAuth must be used within an AuthProvider
 ❯ useAuth src/contexts/AuthContext.tsx:120:11
    118|
    119|     window.addEventListener('storage', handleStorageChange)
    120|     window.addEventListener('graceful_books_login', handleLogin)
       |           ^
    121|
    122|     return () => {
 ❯ Module.useTransactions src/hooks/useTransactions.ts:69:25
 ❯ src/hooks/useTransactions.test.ts:226:43
 ❯ TestComponent node_modules/@testing-library/react/dist/pure.js:309:27
 ❯ renderWithHooks node_modules/react-dom/cjs/react-dom.development.js:15486:18
 ❯ mountIndeterminateComponent node_modules/react-dom/cjs/react-dom.development.js:20103:13
 ❯ beginWork node_modules/react-dom/cjs/react-dom.development.js:21626:16
 ❯ beginWork$1 node_modules/react-dom/cjs/react-dom.development.js:27465:14
 ❯ performUnitOfWork node_modules/react-dom/cjs/react-dom.development.js:26599:12
 ❯ workLoopSync node_modules/react-dom/cjs/react-dom.development.js:26505:5

⎯⎯⎯⎯⎯⎯⎯⎯⎯⎯⎯⎯⎯⎯⎯⎯⎯⎯⎯⎯⎯[31/824]⎯

 FAIL  src/hooks/useTransactions.test.ts > useTransactions > updateExistingTransaction > should update a transaction
Error: useAuth must be used within an AuthProvider
 ❯ useAuth src/contexts/AuthContext.tsx:120:11
    118|
    119|     window.addEventListener('storage', handleStorageChange)
    120|     window.addEventListener('graceful_books_login', handleLogin)
       |           ^
    121|
    122|     return () => {
 ❯ Module.useTransactions src/hooks/useTransactions.ts:69:25
 ❯ src/hooks/useTransactions.test.ts:264:43
 ❯ TestComponent node_modules/@testing-library/react/dist/pure.js:309:27
 ❯ renderWithHooks node_modules/react-dom/cjs/react-dom.development.js:15486:18
 ❯ mountIndeterminateComponent node_modules/react-dom/cjs/react-dom.development.js:20103:13
 ❯ beginWork node_modules/react-dom/cjs/react-dom.development.js:21626:16
 ❯ beginWork$1 node_modules/react-dom/cjs/react-dom.development.js:27465:14
 ❯ performUnitOfWork node_modules/react-dom/cjs/react-dom.development.js:26599:12
 ❯ workLoopSync node_modules/react-dom/cjs/react-dom.development.js:26505:5

⎯⎯⎯⎯⎯⎯⎯⎯⎯⎯⎯⎯⎯⎯⎯⎯⎯⎯⎯⎯⎯[32/824]⎯

 FAIL  src/hooks/useTransactions.test.ts > useTransactions > updateExistingTransaction > should validate line updates
Error: useAuth must be used within an AuthProvider
 ❯ useAuth src/contexts/AuthContext.tsx:120:11
    118|
    119|     window.addEventListener('storage', handleStorageChange)
    120|     window.addEventListener('graceful_books_login', handleLogin)
       |           ^
    121|
    122|     return () => {
 ❯ Module.useTransactions src/hooks/useTransactions.ts:69:25
 ❯ src/hooks/useTransactions.test.ts:283:43
 ❯ TestComponent node_modules/@testing-library/react/dist/pure.js:309:27
 ❯ renderWithHooks node_modules/react-dom/cjs/react-dom.development.js:15486:18
 ❯ mountIndeterminateComponent node_modules/react-dom/cjs/react-dom.development.js:20103:13
 ❯ beginWork node_modules/react-dom/cjs/react-dom.development.js:21626:16
 ❯ beginWork$1 node_modules/react-dom/cjs/react-dom.development.js:27465:14
 ❯ performUnitOfWork node_modules/react-dom/cjs/react-dom.development.js:26599:12
 ❯ workLoopSync node_modules/react-dom/cjs/react-dom.development.js:26505:5

⎯⎯⎯⎯⎯⎯⎯⎯⎯⎯⎯⎯⎯⎯⎯⎯⎯⎯⎯⎯⎯[33/824]⎯

 FAIL  src/hooks/useTransactions.test.ts > useTransactions > removeTransaction > should delete a transaction
Error: useAuth must be used within an AuthProvider
 ❯ useAuth src/contexts/AuthContext.tsx:120:11
    118|
    119|     window.addEventListener('storage', handleStorageChange)
    120|     window.addEventListener('graceful_books_login', handleLogin)
       |           ^
    121|
    122|     return () => {
 ❯ Module.useTransactions src/hooks/useTransactions.ts:69:25
 ❯ src/hooks/useTransactions.test.ts:303:43
 ❯ TestComponent node_modules/@testing-library/react/dist/pure.js:309:27
 ❯ renderWithHooks node_modules/react-dom/cjs/react-dom.development.js:15486:18
 ❯ mountIndeterminateComponent node_modules/react-dom/cjs/react-dom.development.js:20103:13
 ❯ beginWork node_modules/react-dom/cjs/react-dom.development.js:21626:16
 ❯ beginWork$1 node_modules/react-dom/cjs/react-dom.development.js:27465:14
 ❯ performUnitOfWork node_modules/react-dom/cjs/react-dom.development.js:26599:12
 ❯ workLoopSync node_modules/react-dom/cjs/react-dom.development.js:26505:5

⎯⎯⎯⎯⎯⎯⎯⎯⎯⎯⎯⎯⎯⎯⎯⎯⎯⎯⎯⎯⎯[34/824]⎯

 FAIL  src/hooks/useTransactions.test.ts > useTransactions > removeTransaction > should clear current transaction if deleted
Error: useAuth must be used within an AuthProvider
 ❯ useAuth src/contexts/AuthContext.tsx:120:11
    118|
    119|     window.addEventListener('storage', handleStorageChange)
    120|     window.addEventListener('graceful_books_login', handleLogin)
       |           ^
    121|
    122|     return () => {
 ❯ Module.useTransactions src/hooks/useTransactions.ts:69:25
 ❯ src/hooks/useTransactions.test.ts:331:43
 ❯ TestComponent node_modules/@testing-library/react/dist/pure.js:309:27
 ❯ renderWithHooks node_modules/react-dom/cjs/react-dom.development.js:15486:18
 ❯ mountIndeterminateComponent node_modules/react-dom/cjs/react-dom.development.js:20103:13
 ❯ beginWork node_modules/react-dom/cjs/react-dom.development.js:21626:16
 ❯ beginWork$1 node_modules/react-dom/cjs/react-dom.development.js:27465:14
 ❯ performUnitOfWork node_modules/react-dom/cjs/react-dom.development.js:26599:12
 ❯ workLoopSync node_modules/react-dom/cjs/react-dom.development.js:26505:5

⎯⎯⎯⎯⎯⎯⎯⎯⎯⎯⎯⎯⎯⎯⎯⎯⎯⎯⎯⎯⎯[35/824]⎯

 FAIL  src/hooks/useTransactions.test.ts > useTransactions > postTransaction > should post a transaction
Error: useAuth must be used within an AuthProvider
 ❯ useAuth src/contexts/AuthContext.tsx:120:11
    118|
    119|     window.addEventListener('storage', handleStorageChange)
    120|     window.addEventListener('graceful_books_login', handleLogin)
       |           ^
    121|
    122|     return () => {
 ❯ Module.useTransactions src/hooks/useTransactions.ts:69:25
 ❯ src/hooks/useTransactions.test.ts:368:43
 ❯ TestComponent node_modules/@testing-library/react/dist/pure.js:309:27
 ❯ renderWithHooks node_modules/react-dom/cjs/react-dom.development.js:15486:18
 ❯ mountIndeterminateComponent node_modules/react-dom/cjs/react-dom.development.js:20103:13
 ❯ beginWork node_modules/react-dom/cjs/react-dom.development.js:21626:16
 ❯ beginWork$1 node_modules/react-dom/cjs/react-dom.development.js:27465:14
 ❯ performUnitOfWork node_modules/react-dom/cjs/react-dom.development.js:26599:12
 ❯ workLoopSync node_modules/react-dom/cjs/react-dom.development.js:26505:5

⎯⎯⎯⎯⎯⎯⎯⎯⎯⎯⎯⎯⎯⎯⎯⎯⎯⎯⎯⎯⎯[36/824]⎯

 FAIL  src/hooks/useTransactions.test.ts > useTransactions > voidTransaction > should void a transaction
Error: useAuth must be used within an AuthProvider
 ❯ useAuth src/contexts/AuthContext.tsx:120:11
    118|
    119|     window.addEventListener('storage', handleStorageChange)
    120|     window.addEventListener('graceful_books_login', handleLogin)
       |           ^
    121|
    122|     return () => {
 ❯ Module.useTransactions src/hooks/useTransactions.ts:69:25
 ❯ src/hooks/useTransactions.test.ts:401:43
 ❯ TestComponent node_modules/@testing-library/react/dist/pure.js:309:27
 ❯ renderWithHooks node_modules/react-dom/cjs/react-dom.development.js:15486:18
 ❯ mountIndeterminateComponent node_modules/react-dom/cjs/react-dom.development.js:20103:13
 ❯ beginWork node_modules/react-dom/cjs/react-dom.development.js:21626:16
 ❯ beginWork$1 node_modules/react-dom/cjs/react-dom.development.js:27465:14
 ❯ performUnitOfWork node_modules/react-dom/cjs/react-dom.development.js:26599:12
 ❯ workLoopSync node_modules/react-dom/cjs/react-dom.development.js:26505:5

⎯⎯⎯⎯⎯⎯⎯⎯⎯⎯⎯⎯⎯⎯⎯⎯⎯⎯⎯⎯⎯[37/824]⎯

 FAIL  src/hooks/useTransactions.test.ts > useTransactions > validateCurrentTransaction > should validate current transaction
Error: useAuth must be used within an AuthProvider
 ❯ useAuth src/contexts/AuthContext.tsx:120:11
    118|
    119|     window.addEventListener('storage', handleStorageChange)
    120|     window.addEventListener('graceful_books_login', handleLogin)
       |           ^
    121|
    122|     return () => {
 ❯ Module.useTransactions src/hooks/useTransactions.ts:69:25
 ❯ src/hooks/useTransactions.test.ts:415:43
 ❯ TestComponent node_modules/@testing-library/react/dist/pure.js:309:27
 ❯ renderWithHooks node_modules/react-dom/cjs/react-dom.development.js:15486:18
 ❯ mountIndeterminateComponent node_modules/react-dom/cjs/react-dom.development.js:20103:13
 ❯ beginWork node_modules/react-dom/cjs/react-dom.development.js:21626:16
 ❯ beginWork$1 node_modules/react-dom/cjs/react-dom.development.js:27465:14
 ❯ performUnitOfWork node_modules/react-dom/cjs/react-dom.development.js:26599:12
 ❯ workLoopSync node_modules/react-dom/cjs/react-dom.development.js:26505:5

⎯⎯⎯⎯⎯⎯⎯⎯⎯⎯⎯⎯⎯⎯⎯⎯⎯⎯⎯⎯⎯[38/824]⎯

 FAIL  src/hooks/useTransactions.test.ts > useTransactions > validateCurrentTransaction > should handle no current transaction
Error: useAuth must be used within an AuthProvider
 ❯ useAuth src/contexts/AuthContext.tsx:120:11
    118|
    119|     window.addEventListener('storage', handleStorageChange)
    120|     window.addEventListener('graceful_books_login', handleLogin)
       |           ^
    121|
    122|     return () => {
 ❯ Module.useTransactions src/hooks/useTransactions.ts:69:25
 ❯ src/hooks/useTransactions.test.ts:440:43
 ❯ TestComponent node_modules/@testing-library/react/dist/pure.js:309:27
 ❯ renderWithHooks node_modules/react-dom/cjs/react-dom.development.js:15486:18
 ❯ mountIndeterminateComponent node_modules/react-dom/cjs/react-dom.development.js:20103:13
 ❯ beginWork node_modules/react-dom/cjs/react-dom.development.js:21626:16
 ❯ beginWork$1 node_modules/react-dom/cjs/react-dom.development.js:27465:14
 ❯ performUnitOfWork node_modules/react-dom/cjs/react-dom.development.js:26599:12
 ❯ workLoopSync node_modules/react-dom/cjs/react-dom.development.js:26505:5

⎯⎯⎯⎯⎯⎯⎯⎯⎯⎯⎯⎯⎯⎯⎯⎯⎯⎯⎯⎯⎯[39/824]⎯

 FAIL  src/hooks/useTransactions.test.ts > useTransactions > getBalance > should calculate balance of current transaction
Error: useAuth must be used within an AuthProvider
 ❯ useAuth src/contexts/AuthContext.tsx:120:11
    118|
    119|     window.addEventListener('storage', handleStorageChange)
    120|     window.addEventListener('graceful_books_login', handleLogin)
       |           ^
    121|
    122|     return () => {
 ❯ Module.useTransactions src/hooks/useTransactions.ts:69:25
 ❯ src/hooks/useTransactions.test.ts:451:43
 ❯ TestComponent node_modules/@testing-library/react/dist/pure.js:309:27
 ❯ renderWithHooks node_modules/react-dom/cjs/react-dom.development.js:15486:18
 ❯ mountIndeterminateComponent node_modules/react-dom/cjs/react-dom.development.js:20103:13
 ❯ beginWork node_modules/react-dom/cjs/react-dom.development.js:21626:16
 ❯ beginWork$1 node_modules/react-dom/cjs/react-dom.development.js:27465:14
 ❯ performUnitOfWork node_modules/react-dom/cjs/react-dom.development.js:26599:12
 ❯ workLoopSync node_modules/react-dom/cjs/react-dom.development.js:26505:5

⎯⎯⎯⎯⎯⎯⎯⎯⎯⎯⎯⎯⎯⎯⎯⎯⎯⎯⎯⎯⎯[40/824]⎯

 FAIL  src/hooks/useTransactions.test.ts > useTransactions > getBalance > should return zero for no current transaction
Error: useAuth must be used within an AuthProvider
 ❯ useAuth src/contexts/AuthContext.tsx:120:11
    118|
    119|     window.addEventListener('storage', handleStorageChange)
    120|     window.addEventListener('graceful_books_login', handleLogin)
       |           ^
    121|
    122|     return () => {
 ❯ Module.useTransactions src/hooks/useTransactions.ts:69:25
 ❯ src/hooks/useTransactions.test.ts:478:43
 ❯ TestComponent node_modules/@testing-library/react/dist/pure.js:309:27
 ❯ renderWithHooks node_modules/react-dom/cjs/react-dom.development.js:15486:18
 ❯ mountIndeterminateComponent node_modules/react-dom/cjs/react-dom.development.js:20103:13
 ❯ beginWork node_modules/react-dom/cjs/react-dom.development.js:21626:16
 ❯ beginWork$1 node_modules/react-dom/cjs/react-dom.development.js:27465:14
 ❯ performUnitOfWork node_modules/react-dom/cjs/react-dom.development.js:26599:12
 ❯ workLoopSync node_modules/react-dom/cjs/react-dom.development.js:26505:5

⎯⎯⎯⎯⎯⎯⎯⎯⎯⎯⎯⎯⎯⎯⎯⎯⎯⎯⎯⎯⎯[41/824]⎯

 FAIL  src/hooks/useTransactions.test.ts > useTransactions > clearError > should clear error state
Error: useAuth must be used within an AuthProvider
 ❯ useAuth src/contexts/AuthContext.tsx:120:11
    118|
    119|     window.addEventListener('storage', handleStorageChange)
    120|     window.addEventListener('graceful_books_login', handleLogin)
       |           ^
    121|
    122|     return () => {
 ❯ Module.useTransactions src/hooks/useTransactions.ts:69:25
 ❯ src/hooks/useTransactions.test.ts:498:43
 ❯ TestComponent node_modules/@testing-library/react/dist/pure.js:309:27
 ❯ renderWithHooks node_modules/react-dom/cjs/react-dom.development.js:15486:18
 ❯ mountIndeterminateComponent node_modules/react-dom/cjs/react-dom.development.js:20103:13
 ❯ beginWork node_modules/react-dom/cjs/react-dom.development.js:21626:16
 ❯ beginWork$1 node_modules/react-dom/cjs/react-dom.development.js:27465:14
 ❯ performUnitOfWork node_modules/react-dom/cjs/react-dom.development.js:26599:12
 ❯ workLoopSync node_modules/react-dom/cjs/react-dom.development.js:26505:5

⎯⎯⎯⎯⎯⎯⎯⎯⎯⎯⎯⎯⎯⎯⎯⎯⎯⎯⎯⎯⎯[42/824]⎯

 FAIL  src/hooks/useVendors.test.ts > useVendors > Data Retrieval > should fetch vendors for a company
Error: useAuth must be used within an AuthProvider
 ❯ useAuth src/contexts/AuthContext.tsx:120:11
    118|
    119|     window.addEventListener('storage', handleStorageChange)
    120|     window.addEventListener('graceful_books_login', handleLogin)
       |           ^
    121|
    122|     return () => {
 ❯ Module.useVendors src/hooks/useVendors.ts:237:40
 ❯ src/hooks/useVendors.test.ts:91:43
 ❯ TestComponent node_modules/@testing-library/react/dist/pure.js:309:27
 ❯ renderWithHooks node_modules/react-dom/cjs/react-dom.development.js:15486:18
 ❯ mountIndeterminateComponent node_modules/react-dom/cjs/react-dom.development.js:20103:13
 ❯ beginWork node_modules/react-dom/cjs/react-dom.development.js:21626:16
 ❯ beginWork$1 node_modules/react-dom/cjs/react-dom.development.js:27465:14
 ❯ performUnitOfWork node_modules/react-dom/cjs/react-dom.development.js:26599:12
 ❯ workLoopSync node_modules/react-dom/cjs/react-dom.development.js:26505:5

⎯⎯⎯⎯⎯⎯⎯⎯⎯⎯⎯⎯⎯⎯⎯⎯⎯⎯⎯⎯⎯[43/824]⎯

 FAIL  src/hooks/useVendors.test.ts > useVendors > Data Retrieval > should filter by active status
Error: useAuth must be used within an AuthProvider
 ❯ useAuth src/contexts/AuthContext.tsx:120:11
    118|
    119|     window.addEventListener('storage', handleStorageChange)
    120|     window.addEventListener('graceful_books_login', handleLogin)
       |           ^
    121|
    122|     return () => {
 ❯ Module.useVendors src/hooks/useVendors.ts:237:40
 ❯ src/hooks/useVendors.test.ts:104:43
 ❯ TestComponent node_modules/@testing-library/react/dist/pure.js:309:27
 ❯ renderWithHooks node_modules/react-dom/cjs/react-dom.development.js:15486:18
 ❯ mountIndeterminateComponent node_modules/react-dom/cjs/react-dom.development.js:20103:13
 ❯ beginWork node_modules/react-dom/cjs/react-dom.development.js:21626:16
 ❯ beginWork$1 node_modules/react-dom/cjs/react-dom.development.js:27465:14
 ❯ performUnitOfWork node_modules/react-dom/cjs/react-dom.development.js:26599:12
 ❯ workLoopSync node_modules/react-dom/cjs/react-dom.development.js:26505:5

⎯⎯⎯⎯⎯⎯⎯⎯⎯⎯⎯⎯⎯⎯⎯⎯⎯⎯⎯⎯⎯[44/824]⎯

 FAIL  src/hooks/useVendors.test.ts > useVendors > Data Retrieval > should filter by 1099 eligibility
Error: useAuth must be used within an AuthProvider
 ❯ useAuth src/contexts/AuthContext.tsx:120:11
    118|
    119|     window.addEventListener('storage', handleStorageChange)
    120|     window.addEventListener('graceful_books_login', handleLogin)
       |           ^
    121|
    122|     return () => {
 ❯ Module.useVendors src/hooks/useVendors.ts:237:40
 ❯ src/hooks/useVendors.test.ts:127:9
 ❯ TestComponent node_modules/@testing-library/react/dist/pure.js:309:27
 ❯ renderWithHooks node_modules/react-dom/cjs/react-dom.development.js:15486:18
 ❯ mountIndeterminateComponent node_modules/react-dom/cjs/react-dom.development.js:20103:13
 ❯ beginWork node_modules/react-dom/cjs/react-dom.development.js:21626:16
 ❯ beginWork$1 node_modules/react-dom/cjs/react-dom.development.js:27465:14
 ❯ performUnitOfWork node_modules/react-dom/cjs/react-dom.development.js:26599:12
 ❯ workLoopSync node_modules/react-dom/cjs/react-dom.development.js:26505:5

⎯⎯⎯⎯⎯⎯⎯⎯⎯⎯⎯⎯⎯⎯⎯⎯⎯⎯⎯⎯⎯[45/824]⎯

 FAIL  src/hooks/useVendors.test.ts > useVendors > CRUD Operations > should create a new vendor
Error: useAuth must be used within an AuthProvider
 ❯ useAuth src/contexts/AuthContext.tsx:120:11
    118|
    119|     window.addEventListener('storage', handleStorageChange)
    120|     window.addEventListener('graceful_books_login', handleLogin)
       |           ^
    121|
    122|     return () => {
 ❯ Module.useVendors src/hooks/useVendors.ts:237:40
 ❯ src/hooks/useVendors.test.ts:146:43
 ❯ TestComponent node_modules/@testing-library/react/dist/pure.js:309:27
 ❯ renderWithHooks node_modules/react-dom/cjs/react-dom.development.js:15486:18
 ❯ mountIndeterminateComponent node_modules/react-dom/cjs/react-dom.development.js:20103:13
 ❯ beginWork node_modules/react-dom/cjs/react-dom.development.js:21626:16
 ❯ beginWork$1 node_modules/react-dom/cjs/react-dom.development.js:27465:14
 ❯ performUnitOfWork node_modules/react-dom/cjs/react-dom.development.js:26599:12
 ❯ workLoopSync node_modules/react-dom/cjs/react-dom.development.js:26505:5

⎯⎯⎯⎯⎯⎯⎯⎯⎯⎯⎯⎯⎯⎯⎯⎯⎯⎯⎯⎯⎯[46/824]⎯

 FAIL  src/hooks/useVendors.test.ts > useVendors > CRUD Operations > should update an existing vendor
Error: useAuth must be used within an AuthProvider
 ❯ useAuth src/contexts/AuthContext.tsx:120:11
    118|
    119|     window.addEventListener('storage', handleStorageChange)
    120|     window.addEventListener('graceful_books_login', handleLogin)
       |           ^
    121|
    122|     return () => {
 ❯ Module.useVendors src/hooks/useVendors.ts:237:40
 ❯ src/hooks/useVendors.test.ts:174:43
 ❯ TestComponent node_modules/@testing-library/react/dist/pure.js:309:27
 ❯ renderWithHooks node_modules/react-dom/cjs/react-dom.development.js:15486:18
 ❯ mountIndeterminateComponent node_modules/react-dom/cjs/react-dom.development.js:20103:13
 ❯ beginWork node_modules/react-dom/cjs/react-dom.development.js:21626:16
 ❯ beginWork$1 node_modules/react-dom/cjs/react-dom.development.js:27465:14
 ❯ performUnitOfWork node_modules/react-dom/cjs/react-dom.development.js:26599:12
 ❯ workLoopSync node_modules/react-dom/cjs/react-dom.development.js:26505:5

⎯⎯⎯⎯⎯⎯⎯⎯⎯⎯⎯⎯⎯⎯⎯⎯⎯⎯⎯⎯⎯[47/824]⎯

 FAIL  src/hooks/useVendors.test.ts > useVendors > CRUD Operations > should delete a vendor (soft delete)
Error: useAuth must be used within an AuthProvider
 ❯ useAuth src/contexts/AuthContext.tsx:120:11
    118|
    119|     window.addEventListener('storage', handleStorageChange)
    120|     window.addEventListener('graceful_books_login', handleLogin)
       |           ^
    121|
    122|     return () => {
 ❯ Module.useVendors src/hooks/useVendors.ts:237:40
 ❯ src/hooks/useVendors.test.ts:188:43
 ❯ TestComponent node_modules/@testing-library/react/dist/pure.js:309:27
 ❯ renderWithHooks node_modules/react-dom/cjs/react-dom.development.js:15486:18
 ❯ mountIndeterminateComponent node_modules/react-dom/cjs/react-dom.development.js:20103:13
 ❯ beginWork node_modules/react-dom/cjs/react-dom.development.js:21626:16
 ❯ beginWork$1 node_modules/react-dom/cjs/react-dom.development.js:27465:14
 ❯ performUnitOfWork node_modules/react-dom/cjs/react-dom.development.js:26599:12
 ❯ workLoopSync node_modules/react-dom/cjs/react-dom.development.js:26505:5

⎯⎯⎯⎯⎯⎯⎯⎯⎯⎯⎯⎯⎯⎯⎯⎯⎯⎯⎯⎯⎯[48/824]⎯

 FAIL  src/hooks/useVendors.test.ts > useVendors > CRUD Operations > should get a vendor by ID
Error: useAuth must be used within an AuthProvider
 ❯ useAuth src/contexts/AuthContext.tsx:120:11
    118|
    119|     window.addEventListener('storage', handleStorageChange)
    120|     window.addEventListener('graceful_books_login', handleLogin)
       |           ^
    121|
    122|     return () => {
 ❯ Module.useVendors src/hooks/useVendors.ts:237:40
 ❯ src/hooks/useVendors.test.ts:204:43
 ❯ TestComponent node_modules/@testing-library/react/dist/pure.js:309:27
 ❯ renderWithHooks node_modules/react-dom/cjs/react-dom.development.js:15486:18
 ❯ mountIndeterminateComponent node_modules/react-dom/cjs/react-dom.development.js:20103:13
 ❯ beginWork node_modules/react-dom/cjs/react-dom.development.js:21626:16
 ❯ beginWork$1 node_modules/react-dom/cjs/react-dom.development.js:27465:14
 ❯ performUnitOfWork node_modules/react-dom/cjs/react-dom.development.js:26599:12
 ❯ workLoopSync node_modules/react-dom/cjs/react-dom.development.js:26505:5

⎯⎯⎯⎯⎯⎯⎯⎯⎯⎯⎯⎯⎯⎯⎯⎯⎯⎯⎯⎯⎯[49/824]⎯

 FAIL  src/hooks/useVendors.test.ts > useVendors > Batch Operations > should batch create multiple vendors
Error: useAuth must be used within an AuthProvider
 ❯ useAuth src/contexts/AuthContext.tsx:120:11
    118|
    119|     window.addEventListener('storage', handleStorageChange)
    120|     window.addEventListener('graceful_books_login', handleLogin)
       |           ^
    121|
    122|     return () => {
 ❯ Module.useVendors src/hooks/useVendors.ts:237:40
 ❯ src/hooks/useVendors.test.ts:225:43
 ❯ TestComponent node_modules/@testing-library/react/dist/pure.js:309:27
 ❯ renderWithHooks node_modules/react-dom/cjs/react-dom.development.js:15486:18
 ❯ mountIndeterminateComponent node_modules/react-dom/cjs/react-dom.development.js:20103:13
 ❯ beginWork node_modules/react-dom/cjs/react-dom.development.js:21626:16
 ❯ beginWork$1 node_modules/react-dom/cjs/react-dom.development.js:27465:14
 ❯ performUnitOfWork node_modules/react-dom/cjs/react-dom.development.js:26599:12
 ❯ workLoopSync node_modules/react-dom/cjs/react-dom.development.js:26505:5

⎯⎯⎯⎯⎯⎯⎯⎯⎯⎯⎯⎯⎯⎯⎯⎯⎯⎯⎯⎯⎯[50/824]⎯

 FAIL  src/hooks/useVendors.test.ts > useVendors > Search Functionality > should search vendors by name
Error: useAuth must be used within an AuthProvider
 ❯ useAuth src/contexts/AuthContext.tsx:120:11
    118|
    119|     window.addEventListener('storage', handleStorageChange)
    120|     window.addEventListener('graceful_books_login', handleLogin)
       |           ^
    121|
    122|     return () => {
 ❯ Module.useVendors src/hooks/useVendors.ts:237:40
 ❯ src/hooks/useVendors.test.ts:251:43
 ❯ TestComponent node_modules/@testing-library/react/dist/pure.js:309:27
 ❯ renderWithHooks node_modules/react-dom/cjs/react-dom.development.js:15486:18
 ❯ mountIndeterminateComponent node_modules/react-dom/cjs/react-dom.development.js:20103:13
 ❯ beginWork node_modules/react-dom/cjs/react-dom.development.js:21626:16
 ❯ beginWork$1 node_modules/react-dom/cjs/react-dom.development.js:27465:14
 ❯ performUnitOfWork node_modules/react-dom/cjs/react-dom.development.js:26599:12
 ❯ workLoopSync node_modules/react-dom/cjs/react-dom.development.js:26505:5

⎯⎯⎯⎯⎯⎯⎯⎯⎯⎯⎯⎯⎯⎯⎯⎯⎯⎯⎯⎯⎯[51/824]⎯

 FAIL  src/hooks/useVendors.test.ts > useVendors > Search Functionality > should search vendors by email
Error: useAuth must be used within an AuthProvider
 ❯ useAuth src/contexts/AuthContext.tsx:120:11
    118|
    119|     window.addEventListener('storage', handleStorageChange)
    120|     window.addEventListener('graceful_books_login', handleLogin)
       |           ^
    121|
    122|     return () => {
 ❯ Module.useVendors src/hooks/useVendors.ts:237:40
 ❯ src/hooks/useVendors.test.ts:264:43
 ❯ TestComponent node_modules/@testing-library/react/dist/pure.js:309:27
 ❯ renderWithHooks node_modules/react-dom/cjs/react-dom.development.js:15486:18
 ❯ mountIndeterminateComponent node_modules/react-dom/cjs/react-dom.development.js:20103:13
 ❯ beginWork node_modules/react-dom/cjs/react-dom.development.js:21626:16
 ❯ beginWork$1 node_modules/react-dom/cjs/react-dom.development.js:27465:14
 ❯ performUnitOfWork node_modules/react-dom/cjs/react-dom.development.js:26599:12
 ❯ workLoopSync node_modules/react-dom/cjs/react-dom.development.js:26505:5

⎯⎯⎯⎯⎯⎯⎯⎯⎯⎯⎯⎯⎯⎯⎯⎯⎯⎯⎯⎯⎯[52/824]⎯

 FAIL  src/hooks/useVendors.test.ts > useVendors > Search Functionality > should search vendors by phone
Error: useAuth must be used within an AuthProvider
 ❯ useAuth src/contexts/AuthContext.tsx:120:11
    118|
    119|     window.addEventListener('storage', handleStorageChange)
    120|     window.addEventListener('graceful_books_login', handleLogin)
       |           ^
    121|
    122|     return () => {
 ❯ Module.useVendors src/hooks/useVendors.ts:237:40
 ❯ src/hooks/useVendors.test.ts:277:43
 ❯ TestComponent node_modules/@testing-library/react/dist/pure.js:309:27
 ❯ renderWithHooks node_modules/react-dom/cjs/react-dom.development.js:15486:18
 ❯ mountIndeterminateComponent node_modules/react-dom/cjs/react-dom.development.js:20103:13
 ❯ beginWork node_modules/react-dom/cjs/react-dom.development.js:21626:16
 ❯ beginWork$1 node_modules/react-dom/cjs/react-dom.development.js:27465:14
 ❯ performUnitOfWork node_modules/react-dom/cjs/react-dom.development.js:26599:12
 ❯ workLoopSync node_modules/react-dom/cjs/react-dom.development.js:26505:5

⎯⎯⎯⎯⎯⎯⎯⎯⎯⎯⎯⎯⎯⎯⎯⎯⎯⎯⎯⎯⎯[53/824]⎯

 FAIL  src/hooks/useVendors.test.ts > useVendors > Search Functionality > should return all vendors when search query is empty
Error: useAuth must be used within an AuthProvider
 ❯ useAuth src/contexts/AuthContext.tsx:120:11
    118|
    119|     window.addEventListener('storage', handleStorageChange)
    120|     window.addEventListener('graceful_books_login', handleLogin)
       |           ^
    121|
    122|     return () => {
 ❯ Module.useVendors src/hooks/useVendors.ts:237:40
 ❯ src/hooks/useVendors.test.ts:290:43
 ❯ TestComponent node_modules/@testing-library/react/dist/pure.js:309:27
 ❯ renderWithHooks node_modules/react-dom/cjs/react-dom.development.js:15486:18
 ❯ mountIndeterminateComponent node_modules/react-dom/cjs/react-dom.development.js:20103:13
 ❯ beginWork node_modules/react-dom/cjs/react-dom.development.js:21626:16
 ❯ beginWork$1 node_modules/react-dom/cjs/react-dom.development.js:27465:14
 ❯ performUnitOfWork node_modules/react-dom/cjs/react-dom.development.js:26599:12
 ❯ workLoopSync node_modules/react-dom/cjs/react-dom.development.js:26505:5

⎯⎯⎯⎯⎯⎯⎯⎯⎯⎯⎯⎯⎯⎯⎯⎯⎯⎯⎯⎯⎯[54/824]⎯

 FAIL  src/hooks/useVendors.test.ts > useVendors > Duplicate Detection > should detect duplicate by exact name match
Error: useAuth must be used within an AuthProvider
 ❯ useAuth src/contexts/AuthContext.tsx:120:11
    118|
    119|     window.addEventListener('storage', handleStorageChange)
    120|     window.addEventListener('graceful_books_login', handleLogin)
       |           ^
    121|
    122|     return () => {
 ❯ Module.useVendors src/hooks/useVendors.ts:237:40
 ❯ src/hooks/useVendors.test.ts:313:43
 ❯ TestComponent node_modules/@testing-library/react/dist/pure.js:309:27
 ❯ renderWithHooks node_modules/react-dom/cjs/react-dom.development.js:15486:18
 ❯ mountIndeterminateComponent node_modules/react-dom/cjs/react-dom.development.js:20103:13
 ❯ beginWork node_modules/react-dom/cjs/react-dom.development.js:21626:16
 ❯ beginWork$1 node_modules/react-dom/cjs/react-dom.development.js:27465:14
 ❯ performUnitOfWork node_modules/react-dom/cjs/react-dom.development.js:26599:12
 ❯ workLoopSync node_modules/react-dom/cjs/react-dom.development.js:26505:5

⎯⎯⎯⎯⎯⎯⎯⎯⎯⎯⎯⎯⎯⎯⎯⎯⎯⎯⎯⎯⎯[55/824]⎯

 FAIL  src/hooks/useVendors.test.ts > useVendors > Duplicate Detection > should detect duplicate by similar name (realistic high similarity)
Error: useAuth must be used within an AuthProvider
 ❯ useAuth src/contexts/AuthContext.tsx:120:11
    118|
    119|     window.addEventListener('storage', handleStorageChange)
    120|     window.addEventListener('graceful_books_login', handleLogin)
       |           ^
    121|
    122|     return () => {
 ❯ Module.useVendors src/hooks/useVendors.ts:237:40
 ❯ src/hooks/useVendors.test.ts:332:43
 ❯ TestComponent node_modules/@testing-library/react/dist/pure.js:309:27
 ❯ renderWithHooks node_modules/react-dom/cjs/react-dom.development.js:15486:18
 ❯ mountIndeterminateComponent node_modules/react-dom/cjs/react-dom.development.js:20103:13
 ❯ beginWork node_modules/react-dom/cjs/react-dom.development.js:21626:16
 ❯ beginWork$1 node_modules/react-dom/cjs/react-dom.development.js:27465:14
 ❯ performUnitOfWork node_modules/react-dom/cjs/react-dom.development.js:26599:12
 ❯ workLoopSync node_modules/react-dom/cjs/react-dom.development.js:26505:5

⎯⎯⎯⎯⎯⎯⎯⎯⎯⎯⎯⎯⎯⎯⎯⎯⎯⎯⎯⎯⎯[56/824]⎯

 FAIL  src/hooks/useVendors.test.ts > useVendors > Duplicate Detection > should NOT detect duplicate by email alone (requires name match too)
Error: useAuth must be used within an AuthProvider
 ❯ useAuth src/contexts/AuthContext.tsx:120:11
    118|
    119|     window.addEventListener('storage', handleStorageChange)
    120|     window.addEventListener('graceful_books_login', handleLogin)
       |           ^
    121|
    122|     return () => {
 ❯ Module.useVendors src/hooks/useVendors.ts:237:40
 ❯ src/hooks/useVendors.test.ts:354:43
 ❯ TestComponent node_modules/@testing-library/react/dist/pure.js:309:27
 ❯ renderWithHooks node_modules/react-dom/cjs/react-dom.development.js:15486:18
 ❯ mountIndeterminateComponent node_modules/react-dom/cjs/react-dom.development.js:20103:13
 ❯ beginWork node_modules/react-dom/cjs/react-dom.development.js:21626:16
 ❯ beginWork$1 node_modules/react-dom/cjs/react-dom.development.js:27465:14
 ❯ performUnitOfWork node_modules/react-dom/cjs/react-dom.development.js:26599:12
 ❯ workLoopSync node_modules/react-dom/cjs/react-dom.development.js:26505:5

⎯⎯⎯⎯⎯⎯⎯⎯⎯⎯⎯⎯⎯⎯⎯⎯⎯⎯⎯⎯⎯[57/824]⎯

 FAIL  src/hooks/useVendors.test.ts > useVendors > Duplicate Detection > should NOT detect duplicate by phone alone (requires name match too)
Error: useAuth must be used within an AuthProvider
 ❯ useAuth src/contexts/AuthContext.tsx:120:11
    118|
    119|     window.addEventListener('storage', handleStorageChange)
    120|     window.addEventListener('graceful_books_login', handleLogin)
       |           ^
    121|
    122|     return () => {
 ❯ Module.useVendors src/hooks/useVendors.ts:237:40
 ❯ src/hooks/useVendors.test.ts:374:43
 ❯ TestComponent node_modules/@testing-library/react/dist/pure.js:309:27
 ❯ renderWithHooks node_modules/react-dom/cjs/react-dom.development.js:15486:18
 ❯ mountIndeterminateComponent node_modules/react-dom/cjs/react-dom.development.js:20103:13
 ❯ beginWork node_modules/react-dom/cjs/react-dom.development.js:21626:16
 ❯ beginWork$1 node_modules/react-dom/cjs/react-dom.development.js:27465:14
 ❯ performUnitOfWork node_modules/react-dom/cjs/react-dom.development.js:26599:12
 ❯ workLoopSync node_modules/react-dom/cjs/react-dom.development.js:26505:5

⎯⎯⎯⎯⎯⎯⎯⎯⎯⎯⎯⎯⎯⎯⎯⎯⎯⎯⎯⎯⎯[58/824]⎯

 FAIL  src/hooks/useVendors.test.ts > useVendors > Duplicate Detection > should detect duplicate when name matches AND email/phone strengthen the match
Error: useAuth must be used within an AuthProvider
 ❯ useAuth src/contexts/AuthContext.tsx:120:11
    118|
    119|     window.addEventListener('storage', handleStorageChange)
    120|     window.addEventListener('graceful_books_login', handleLogin)
       |           ^
    121|
    122|     return () => {
 ❯ Module.useVendors src/hooks/useVendors.ts:237:40
 ❯ src/hooks/useVendors.test.ts:394:43
 ❯ TestComponent node_modules/@testing-library/react/dist/pure.js:309:27
 ❯ renderWithHooks node_modules/react-dom/cjs/react-dom.development.js:15486:18
 ❯ mountIndeterminateComponent node_modules/react-dom/cjs/react-dom.development.js:20103:13
 ❯ beginWork node_modules/react-dom/cjs/react-dom.development.js:21626:16
 ❯ beginWork$1 node_modules/react-dom/cjs/react-dom.development.js:27465:14
 ❯ performUnitOfWork node_modules/react-dom/cjs/react-dom.development.js:26599:12
 ❯ workLoopSync node_modules/react-dom/cjs/react-dom.development.js:26505:5

⎯⎯⎯⎯⎯⎯⎯⎯⎯⎯⎯⎯⎯⎯⎯⎯⎯⎯⎯⎯⎯[59/824]⎯

 FAIL  src/hooks/useVendors.test.ts > useVendors > Duplicate Detection > should not flag as duplicate when no matches exist
Error: useAuth must be used within an AuthProvider
 ❯ useAuth src/contexts/AuthContext.tsx:120:11
    118|
    119|     window.addEventListener('storage', handleStorageChange)
    120|     window.addEventListener('graceful_books_login', handleLogin)
       |           ^
    121|
    122|     return () => {
 ❯ Module.useVendors src/hooks/useVendors.ts:237:40
 ❯ src/hooks/useVendors.test.ts:415:43
 ❯ TestComponent node_modules/@testing-library/react/dist/pure.js:309:27
 ❯ renderWithHooks node_modules/react-dom/cjs/react-dom.development.js:15486:18
 ❯ mountIndeterminateComponent node_modules/react-dom/cjs/react-dom.development.js:20103:13
 ❯ beginWork node_modules/react-dom/cjs/react-dom.development.js:21626:16
 ❯ beginWork$1 node_modules/react-dom/cjs/react-dom.development.js:27465:14
 ❯ performUnitOfWork node_modules/react-dom/cjs/react-dom.development.js:26599:12
 ❯ workLoopSync node_modules/react-dom/cjs/react-dom.development.js:26505:5

⎯⎯⎯⎯⎯⎯⎯⎯⎯⎯⎯⎯⎯⎯⎯⎯⎯⎯⎯⎯⎯[60/824]⎯

 FAIL  src/hooks/useVendors.test.ts > useVendors > Duplicate Detection > should sort duplicates by similarity score
Error: useAuth must be used within an AuthProvider
 ❯ useAuth src/contexts/AuthContext.tsx:120:11
    118|
    119|     window.addEventListener('storage', handleStorageChange)
    120|     window.addEventListener('graceful_books_login', handleLogin)
       |           ^
    121|
    122|     return () => {
 ❯ Module.useVendors src/hooks/useVendors.ts:237:40
 ❯ src/hooks/useVendors.test.ts:443:43
 ❯ TestComponent node_modules/@testing-library/react/dist/pure.js:309:27
 ❯ renderWithHooks node_modules/react-dom/cjs/react-dom.development.js:15486:18
 ❯ mountIndeterminateComponent node_modules/react-dom/cjs/react-dom.development.js:20103:13
 ❯ beginWork node_modules/react-dom/cjs/react-dom.development.js:21626:16
 ❯ beginWork$1 node_modules/react-dom/cjs/react-dom.development.js:27465:14
 ❯ performUnitOfWork node_modules/react-dom/cjs/react-dom.development.js:26599:12
 ❯ workLoopSync node_modules/react-dom/cjs/react-dom.development.js:26505:5

⎯⎯⎯⎯⎯⎯⎯⎯⎯⎯⎯⎯⎯⎯⎯⎯⎯⎯⎯⎯⎯[61/824]⎯

 FAIL  src/hooks/useVendors.test.ts > useVendors > Error Handling > should handle query errors gracefully
Error: useAuth must be used within an AuthProvider
 ❯ useAuth src/contexts/AuthContext.tsx:120:11
    118|
    119|     window.addEventListener('storage', handleStorageChange)
    120|     window.addEventListener('graceful_books_login', handleLogin)
       |           ^
    121|
    122|     return () => {
 ❯ Module.useVendors src/hooks/useVendors.ts:237:40
 ❯ src/hooks/useVendors.test.ts:474:43
 ❯ TestComponent node_modules/@testing-library/react/dist/pure.js:309:27
 ❯ renderWithHooks node_modules/react-dom/cjs/react-dom.development.js:15486:18
 ❯ mountIndeterminateComponent node_modules/react-dom/cjs/react-dom.development.js:20103:13
 ❯ beginWork node_modules/react-dom/cjs/react-dom.development.js:21626:16
 ❯ beginWork$1 node_modules/react-dom/cjs/react-dom.development.js:27465:14
 ❯ performUnitOfWork node_modules/react-dom/cjs/react-dom.development.js:26599:12
 ❯ workLoopSync node_modules/react-dom/cjs/react-dom.development.js:26505:5

⎯⎯⎯⎯⎯⎯⎯⎯⎯⎯⎯⎯⎯⎯⎯⎯⎯⎯⎯⎯⎯[62/824]⎯

 FAIL  src/hooks/useVendors.test.ts > useVendors > Error Handling > should handle create errors
Error: useAuth must be used within an AuthProvider
 ❯ useAuth src/contexts/AuthContext.tsx:120:11
    118|
    119|     window.addEventListener('storage', handleStorageChange)
    120|     window.addEventListener('graceful_books_login', handleLogin)
       |           ^
    121|
    122|     return () => {
 ❯ Module.useVendors src/hooks/useVendors.ts:237:40
 ❯ src/hooks/useVendors.test.ts:491:43
 ❯ TestComponent node_modules/@testing-library/react/dist/pure.js:309:27
 ❯ renderWithHooks node_modules/react-dom/cjs/react-dom.development.js:15486:18
 ❯ mountIndeterminateComponent node_modules/react-dom/cjs/react-dom.development.js:20103:13
 ❯ beginWork node_modules/react-dom/cjs/react-dom.development.js:21626:16
 ❯ beginWork$1 node_modules/react-dom/cjs/react-dom.development.js:27465:14
 ❯ performUnitOfWork node_modules/react-dom/cjs/react-dom.development.js:26599:12
 ❯ workLoopSync node_modules/react-dom/cjs/react-dom.development.js:26505:5

⎯⎯⎯⎯⎯⎯⎯⎯⎯⎯⎯⎯⎯⎯⎯⎯⎯⎯⎯⎯⎯[63/824]⎯

 FAIL  src/pages/ChartOfAccounts.test.tsx > ChartOfAccounts Page > should render page title
 FAIL  src/pages/ChartOfAccounts.test.tsx > ChartOfAccounts Page > should render account list
 FAIL  src/pages/ChartOfAccounts.test.tsx > ChartOfAccounts Page > should open create modal when create button is clicked
 FAIL  src/pages/ChartOfAccounts.test.tsx > ChartOfAccounts Page > should submit create form
 FAIL  src/pages/ChartOfAccounts.test.tsx > ChartOfAccounts Page > should have no accessibility violations
 FAIL  src/components/accounts/AccountList.test.tsx > AccountList Component > should render accounts
 FAIL  src/components/accounts/AccountList.test.tsx > AccountList Component > should filter by search term
 FAIL  src/components/accounts/AccountList.test.tsx > AccountList Component > should filter by type
 FAIL  src/components/accounts/AccountList.test.tsx > AccountList Component > should filter by status
 FAIL  src/components/accounts/AccountList.test.tsx > AccountList Component > should toggle between card and tree views
 FAIL  src/components/accounts/AccountList.test.tsx > AccountList Component > should call onCreate when create button is clicked
 FAIL  src/components/accounts/AccountList.test.tsx > AccountList Component > should show empty state when no accounts match filters
 FAIL  src/components/accounts/AccountList.test.tsx > AccountList Component > should have no accessibility violations
Error: useNavigate() may be used only in the context of a <Router> component.
 ❯ Object.invariant [as UNSAFE_invariant] node_modules/@remix-run/router/history.ts:494:10
 ❯ invariant node_modules/react-router/lib/hooks.tsx:189:2
 ❯ useNavigateUnstable node_modules/react-router/lib/hooks.tsx:185:45
 ❯ AccountList src/components/accounts/AccountList.tsx:72:20
     70|   isLoading = false,
     71| }) => {
     72|   const navigate = useNavigate()
       |                    ^
     73|   const [searchTerm, setSearchTerm] = useState('')
     74|   const [filterType, setFilterType] = useState<string>('all')
 ❯ renderWithHooks node_modules/react-dom/cjs/react-dom.development.js:15486:18
 ❯ mountIndeterminateComponent node_modules/react-dom/cjs/react-dom.development.js:20103:13
 ❯ beginWork node_modules/react-dom/cjs/react-dom.development.js:21626:16
 ❯ beginWork$1 node_modules/react-dom/cjs/react-dom.development.js:27465:14
 ❯ performUnitOfWork node_modules/react-dom/cjs/react-dom.development.js:26599:12
 ❯ workLoopSync node_modules/react-dom/cjs/react-dom.development.js:26505:5

⎯⎯⎯⎯⎯⎯⎯⎯⎯⎯⎯⎯⎯⎯⎯⎯⎯⎯⎯⎯⎯[64/824]⎯

 FAIL  src/pages/Dashboard.test.tsx > Dashboard Page > rendering > should render dashboard page
 FAIL  src/pages/Dashboard.test.tsx > Dashboard Page > rendering > should render breadcrumbs
 FAIL  src/pages/Dashboard.test.tsx > Dashboard Page > rendering > should render metric cards
 FAIL  src/pages/Dashboard.test.tsx > Dashboard Page > rendering > should render financial summary
 FAIL  src/pages/Dashboard.test.tsx > Dashboard Page > rendering > should render quick actions
 FAIL  src/pages/Dashboard.test.tsx > Dashboard Page > rendering > should render recent transactions
 FAIL  src/pages/Dashboard.test.tsx > Dashboard Page > loading state > should show loading state for metrics
 FAIL  src/pages/Dashboard.test.tsx > Dashboard Page > loading state > should show loading state for transactions
 FAIL  src/pages/Dashboard.test.tsx > Dashboard Page > empty state > should show empty state for transactions
 FAIL  src/pages/Dashboard.test.tsx > Dashboard Page > data display > should display formatted revenue
 FAIL  src/pages/Dashboard.test.tsx > Dashboard Page > data display > should display formatted expenses
 FAIL  src/pages/Dashboard.test.tsx > Dashboard Page > data display > should display formatted net profit
 FAIL  src/pages/Dashboard.test.tsx > Dashboard Page > data display > should show profit indicator when profitable
 FAIL  src/pages/Dashboard.test.tsx > Dashboard Page > data display > should show loss indicator when not profitable
 FAIL  src/pages/Dashboard.test.tsx > Dashboard Page > accessibility > should have proper heading hierarchy
 FAIL  src/pages/Dashboard.test.tsx > Dashboard Page > accessibility > should have accessible buttons
 FAIL  src/pages/Dashboard.test.tsx > Dashboard Page > integration > should render complete dashboard with all components
Error: useAuth must be used within an AuthProvider
 ❯ useAuth src/contexts/AuthContext.tsx:120:11
    118|
    119|     window.addEventListener('storage', handleStorageChange)
    120|     window.addEventListener('graceful_books_login', handleLogin)
       |           ^
    121|
    122|     return () => {
 ❯ Dashboard src/pages/Dashboard.tsx:21:25
 ❯ renderWithHooks node_modules/react-dom/cjs/react-dom.development.js:15486:18
 ❯ mountIndeterminateComponent node_modules/react-dom/cjs/react-dom.development.js:20103:13
 ❯ beginWork node_modules/react-dom/cjs/react-dom.development.js:21626:16
 ❯ beginWork$1 node_modules/react-dom/cjs/react-dom.development.js:27465:14
 ❯ performUnitOfWork node_modules/react-dom/cjs/react-dom.development.js:26599:12
 ❯ workLoopSync node_modules/react-dom/cjs/react-dom.development.js:26505:5
 ❯ renderRootSync node_modules/react-dom/cjs/react-dom.development.js:26473:7
 ❯ recoverFromConcurrentError node_modules/react-dom/cjs/react-dom.development.js:25889:20

⎯⎯⎯⎯⎯⎯⎯⎯⎯⎯⎯⎯⎯⎯⎯⎯⎯⎯⎯⎯⎯[65/824]⎯

 FAIL  src/pages/Transactions.test.tsx > Transactions Page > should render page title
 FAIL  src/pages/Transactions.test.tsx > Transactions Page > should show new transaction button
 FAIL  src/pages/Transactions.test.tsx > Transactions Page > should show transaction count
Error: useAuth must be used within an AuthProvider
 ❯ useAuth src/contexts/AuthContext.tsx:120:11
    118|
    119|     window.addEventListener('storage', handleStorageChange)
    120|     window.addEventListener('graceful_books_login', handleLogin)
       |           ^
    121|
    122|     return () => {
 ❯ Transactions src/pages/Transactions.tsx:20:41
 ❯ renderWithHooks node_modules/react-dom/cjs/react-dom.development.js:15486:18
 ❯ mountIndeterminateComponent node_modules/react-dom/cjs/react-dom.development.js:20103:13
 ❯ beginWork node_modules/react-dom/cjs/react-dom.development.js:21626:16
 ❯ beginWork$1 node_modules/react-dom/cjs/react-dom.development.js:27465:14
 ❯ performUnitOfWork node_modules/react-dom/cjs/react-dom.development.js:26599:12
 ❯ workLoopSync node_modules/react-dom/cjs/react-dom.development.js:26505:5
 ❯ renderRootSync node_modules/react-dom/cjs/react-dom.development.js:26473:7
 ❯ recoverFromConcurrentError node_modules/react-dom/cjs/react-dom.development.js:25889:20

⎯⎯⎯⎯⎯⎯⎯⎯⎯⎯⎯⎯⎯⎯⎯⎯⎯⎯⎯⎯⎯[66/824]⎯

 FAIL  src/store/bills.test.ts > Bills Store > createBill > should create a new bill with valid data
AssertionError: expected '50.000000' to be '50.00' // Object.is equality

Expected: "50.00"
Received: "50.000000"

 ❯ src/store/bills.test.ts:93:45
     91|       expect((result as any).data.vendor_id).toBe('vendor-456');
     92|       expect((result as any).data.status).toBe('DRAFT');
     93|       expect((result as any).data.subtotal).toBe('50.00');
       |                                             ^
     94|       expect((result as any).data.tax).toBe('4.00');
     95|       expect((result as any).data.total).toBe('54.00');

⎯⎯⎯⎯⎯⎯⎯⎯⎯⎯⎯⎯⎯⎯⎯⎯⎯⎯⎯⎯⎯[67/824]⎯

 FAIL  src/store/bills.test.ts > Bills Store > updateBill > should update a draft bill
AssertionError: expected '30.000000' to be '30.00' // Object.is equality

Expected: "30.00"
Received: "30.000000"

 ❯ src/store/bills.test.ts:333:45
    331|
    332|       expect(result.success).toBe(true);
    333|       expect((result as any).data.subtotal).toBe('30.00');
       |                                             ^
    334|       expect((result as any).data.notes).toBe('Updated note');
    335|     });

⎯⎯⎯⎯⎯⎯⎯⎯⎯⎯⎯⎯⎯⎯⎯⎯⎯⎯⎯⎯⎯[68/824]⎯

 FAIL  src/store/charities.test.ts > Charities Store > getAllCharities > should return all active charities
AssertionError: expected undefined to be true // Object.is equality

- Expected:
true

+ Received:
undefined

 ❯ src/store/charities.test.ts:26:32
     24|       // Verify all charities are active
     25|       charities.forEach((charity) => {
     26|         expect(charity.active).toBe(true);
       |                                ^
     27|       });
     28|     });
 ❯ src/store/charities.test.ts:25:17

⎯⎯⎯⎯⎯⎯⎯⎯⎯⎯⎯⎯⎯⎯⎯⎯⎯⎯⎯⎯⎯[69/824]⎯

 FAIL  src/store/charities.test.ts > Charities Store > getAllCharities > should return charities with all required fields
AssertionError: expected undefined to be defined
 ❯ src/store/charities.test.ts:36:41
     34|       expect(firstCharity!.id).toBeDefined();
     35|       expect(firstCharity!.name).toBeDefined();
     36|       expect(firstCharity!.description).toBeDefined();
       |                                         ^
     37|       expect(firstCharity!.category).toBeDefined();
     38|       expect(firstCharity!.website).toBeDefined();

⎯⎯⎯⎯⎯⎯⎯⎯⎯⎯⎯⎯⎯⎯⎯⎯⎯⎯⎯⎯⎯[70/824]⎯

 FAIL  src/store/charities.test.ts > Charities Store > getCharitiesGroupedByCategory > should only include active charities
AssertionError: expected undefined to be true // Object.is equality

- Expected:
true

+ Received:
undefined

 ❯ src/store/charities.test.ts:165:34
    163|       grouped.forEach((charities) => {
    164|         charities.forEach((charity) => {
    165|           expect(charity.active).toBe(true);
       |                                  ^
    166|         });
    167|       });
 ❯ src/store/charities.test.ts:164:19
 ❯ src/store/charities.test.ts:163:15

⎯⎯⎯⎯⎯⎯⎯⎯⎯⎯⎯⎯⎯⎯⎯⎯⎯⎯⎯⎯⎯[71/824]⎯

 FAIL  src/store/contacts.test.ts > Contacts Store - Vendor Management > Get Contact > should retrieve a vendor by ID
AssertionError: expected false to be true // Object.is equality

- Expected
+ Received

- true
+ false

 ❯ src/store/contacts.test.ts:305:30
    303|       const result = await getContact('vendor-123')
    304|
    305|       expect(result.success).toBe(true)
       |                              ^
    306|       if (result.success) {
    307|         expect(result.data.id).toBe('vendor-123')

⎯⎯⎯⎯⎯⎯⎯⎯⎯⎯⎯⎯⎯⎯⎯⎯⎯⎯⎯⎯⎯[72/824]⎯

 FAIL  src/store/contacts.test.ts > Contacts Store - Vendor Management > Get Contact > should return error when vendor not found
AssertionError: expected 'VALIDATION_ERROR' to be 'NOT_FOUND' // Object.is equality

Expected: "NOT_FOUND"
Received: "VALIDATION_ERROR"

 ❯ src/store/contacts.test.ts:319:35
    317|       expect(result.success).toBe(false)
    318|       if (!result.success) {
    319|         expect(result.error.code).toBe('NOT_FOUND')
       |                                   ^
    320|       }
    321|     })

⎯⎯⎯⎯⎯⎯⎯⎯⎯⎯⎯⎯⎯⎯⎯⎯⎯⎯⎯⎯⎯[73/824]⎯

 FAIL  src/store/contacts.test.ts > Contacts Store - Vendor Management > Get Contact > should decrypt vendor data when encryption context provided
AssertionError: expected false to be true // Object.is equality

- Expected
+ Received

- true
+ false

 ❯ src/store/contacts.test.ts:354:30
    352|       const result = await getContact('vendor-123', context)
    353|
    354|       expect(result.success).toBe(true)
       |                              ^
    355|       if (result.success) {
    356|         expect(mockEncryptionService.decrypt).toHaveBeenCalledWith('en…

⎯⎯⎯⎯⎯⎯⎯⎯⎯⎯⎯⎯⎯⎯⎯⎯⎯⎯⎯⎯⎯[74/824]⎯

 FAIL  src/store/contacts.test.ts > Contacts Store - Vendor Management > Update Contact > should update vendor fields
AssertionError: expected false to be true // Object.is equality

- Expected
+ Received

- true
+ false

 ❯ src/store/contacts.test.ts:389:30
    387|       })
    388|
    389|       expect(result.success).toBe(true)
       |                              ^
    390|       expect(db.contacts.put).toHaveBeenCalledWith(
    391|         expect.objectContaining({

⎯⎯⎯⎯⎯⎯⎯⎯⎯⎯⎯⎯⎯⎯⎯⎯⎯⎯⎯⎯⎯[75/824]⎯

 FAIL  src/store/contacts.test.ts > Contacts Store - Vendor Management > Update Contact > should encrypt updated fields
AssertionError: expected "vi.fn()" to be called with arguments: [ 'New Name' ]

Number of calls: 0

 ❯ src/store/contacts.test.ts:426:45
    424|       await updateContact('vendor-123', { name: 'New Name' }, context)
    425|
    426|       expect(mockEncryptionService.encrypt).toHaveBeenCalledWith('New …
       |                                             ^
    427|       expect(db.contacts.put).toHaveBeenCalledWith(
    428|         expect.objectContaining({

⎯⎯⎯⎯⎯⎯⎯⎯⎯⎯⎯⎯⎯⎯⎯⎯⎯⎯⎯⎯⎯[76/824]⎯

 FAIL  src/store/contacts.test.ts > Contacts Store - Vendor Management > Update Contact > should return error when vendor not found
AssertionError: expected 'UNKNOWN_ERROR' to be 'NOT_FOUND' // Object.is equality

Expected: "NOT_FOUND"
Received: "UNKNOWN_ERROR"

 ❯ src/store/contacts.test.ts:441:35
    439|       expect(result.success).toBe(false)
    440|       if (!result.success) {
    441|         expect(result.error.code).toBe('NOT_FOUND')
       |                                   ^
    442|       }
    443|     })

⎯⎯⎯⎯⎯⎯⎯⎯⎯⎯⎯⎯⎯⎯⎯⎯⎯⎯⎯⎯⎯[77/824]⎯

 FAIL  src/store/contacts.test.ts > Contacts Store - Vendor Management > Update Contact > should increment version vector on update
AssertionError: expected "vi.fn()" to be called with arguments: [ ObjectContaining{…} ]

Number of calls: 0

 ❯ src/store/contacts.test.ts:465:31
    463|       await updateContact('vendor-123', { name: 'Updated Name' })
    464|
    465|       expect(db.contacts.put).toHaveBeenCalledWith(
       |                               ^
    466|         expect.objectContaining({
    467|           versionVector: {

⎯⎯⎯⎯⎯⎯⎯⎯⎯⎯⎯⎯⎯⎯⎯⎯⎯⎯⎯⎯⎯[78/824]⎯

 FAIL  src/store/contacts.test.ts > Contacts Store - Vendor Management > Delete Contact (Soft Delete) > should soft delete a vendor
AssertionError: expected false to be true // Object.is equality

- Expected
+ Received

- true
+ false

 ❯ src/store/contacts.test.ts:498:30
    496|       const result = await deleteContact('vendor-123')
    497|
    498|       expect(result.success).toBe(true)
       |                              ^
    499|       expect(db.contacts.update).toHaveBeenCalledWith(
    500|         'vendor-123',

⎯⎯⎯⎯⎯⎯⎯⎯⎯⎯⎯⎯⎯⎯⎯⎯⎯⎯⎯⎯⎯[79/824]⎯

 FAIL  src/store/contacts.test.ts > Contacts Store - Vendor Management > Delete Contact (Soft Delete) > should return error when vendor not found
AssertionError: expected 'VALIDATION_ERROR' to be 'NOT_FOUND' // Object.is equality

Expected: "NOT_FOUND"
Received: "VALIDATION_ERROR"

 ❯ src/store/contacts.test.ts:514:35
    512|       expect(result.success).toBe(false)
    513|       if (!result.success) {
    514|         expect(result.error.code).toBe('NOT_FOUND')
       |                                   ^
    515|       }
    516|     })

⎯⎯⎯⎯⎯⎯⎯⎯⎯⎯⎯⎯⎯⎯⎯⎯⎯⎯⎯⎯⎯[80/824]⎯

 FAIL  src/store/contacts.test.ts > Contacts Store - Vendor Management > Query Contacts > should query vendors by company ID
AssertionError: expected false to be true // Object.is equality

- Expected
+ Received

- true
+ false

 ❯ src/store/contacts.test.ts:561:30
    559|       const result = await queryContacts({ companyId: mockCompanyId, t…
    560|
    561|       expect(result.success).toBe(true)
       |                              ^
    562|       if (result.success) {
    563|         expect((result as any).data).toHaveLength(2)

⎯⎯⎯⎯⎯⎯⎯⎯⎯⎯⎯⎯⎯⎯⎯⎯⎯⎯⎯⎯⎯[81/824]⎯

 FAIL  src/store/contacts.test.ts > Contacts Store - Vendor Management > Query Contacts > should filter by active status
AssertionError: expected false to be true // Object.is equality

- Expected
+ Received

- true
+ false

 ❯ src/store/contacts.test.ts:600:30
    598|       })
    599|
    600|       expect(result.success).toBe(true)
       |                              ^
    601|       if (result.success) {
    602|         expect((result as any).data).toHaveLength(1)

⎯⎯⎯⎯⎯⎯⎯⎯⎯⎯⎯⎯⎯⎯⎯⎯⎯⎯⎯⎯⎯[82/824]⎯

 FAIL  src/store/contacts.test.ts > Contacts Store - Vendor Management > Query Contacts > should exclude deleted contacts by default
AssertionError: expected false to be true // Object.is equality

- Expected
+ Received

- true
+ false

 ❯ src/store/contacts.test.ts:640:30
    638|       })
    639|
    640|       expect(result.success).toBe(true)
       |                              ^
    641|       if (result.success) {
    642|         expect(result.data.every((c) => !c.deletedAt)).toBe(true)

⎯⎯⎯⎯⎯⎯⎯⎯⎯⎯⎯⎯⎯⎯⎯⎯⎯⎯⎯⎯⎯[83/824]⎯

 FAIL  src/store/contacts.test.ts > Contacts Store - Vendor Management > Batch Create Contacts > should batch create multiple vendors
TypeError: companyId.trim is not a function
 ❯ validateCompanyId src/utils/authorization.ts:139:31
    137|   companyId: string | undefined | null
    138| ): DatabaseError | undefined {
    139|   if (!companyId || companyId.trim() === '') {
       |                               ^
    140|     return {
    141|       code: 'VALIDATION_ERROR',
 ❯ Module.batchCreateContacts src/store/contacts.ts:635:26
 ❯ src/store/contacts.test.ts:657:28

⎯⎯⎯⎯⎯⎯⎯⎯⎯⎯⎯⎯⎯⎯⎯⎯⎯⎯⎯⎯⎯[84/824]⎯

 FAIL  src/store/contacts.test.ts > Contacts Store - Vendor Management > Batch Create Contacts > should batch create with encryption
TypeError: companyId.trim is not a function
 ❯ validateCompanyId src/utils/authorization.ts:139:31
    137|   companyId: string | undefined | null
    138| ): DatabaseError | undefined {
    139|   if (!companyId || companyId.trim() === '') {
       |                               ^
    140|     return {
    141|       code: 'VALIDATION_ERROR',
 ❯ Module.batchCreateContacts src/store/contacts.ts:635:26
 ❯ src/store/contacts.test.ts:678:28

⎯⎯⎯⎯⎯⎯⎯⎯⎯⎯⎯⎯⎯⎯⎯⎯⎯⎯⎯⎯⎯[85/824]⎯

 FAIL  src/store/contacts.test.ts > Contacts Store - Vendor Management > Batch Create Contacts > should handle partial failures gracefully
TypeError: companyId.trim is not a function
 ❯ validateCompanyId src/utils/authorization.ts:139:31
    137|   companyId: string | undefined | null
    138| ): DatabaseError | undefined {
    139|   if (!companyId || companyId.trim() === '') {
       |                               ^
    140|     return {
    141|       code: 'VALIDATION_ERROR',
 ❯ Module.batchCreateContacts src/store/contacts.ts:635:26
 ❯ src/store/contacts.test.ts:694:28

⎯⎯⎯⎯⎯⎯⎯⎯⎯⎯⎯⎯⎯⎯⎯⎯⎯⎯⎯⎯⎯[86/824]⎯

 FAIL  src/store/invoices.test.ts > Invoice Store > createInvoice > should create a new invoice
AssertionError: expected false to be true // Object.is equality

- Expected
+ Received

- true
+ false

 ❯ src/store/invoices.test.ts:61:30
     59|       });
     60|
     61|       expect(result.success).toBe(true);
       |                              ^
     62|       if (result.success) {
     63|         expect(result.data.invoice_number).toBe('INV-2026-0001');

⎯⎯⎯⎯⎯⎯⎯⎯⎯⎯⎯⎯⎯⎯⎯⎯⎯⎯⎯⎯⎯[87/824]⎯

 FAIL  src/store/invoices.test.ts > Invoice Store > createInvoice > should calculate totals correctly with tax
AssertionError: expected false to be true // Object.is equality

- Expected
+ Received

- true
+ false

 ❯ src/store/invoices.test.ts:101:30
     99|       });
    100|
    101|       expect(result.success).toBe(true);
       |                              ^
    102|       if (result.success) {
    103|         expect(result.data.subtotal).toBe('175.00');

⎯⎯⎯⎯⎯⎯⎯⎯⎯⎯⎯⎯⎯⎯⎯⎯⎯⎯⎯⎯⎯[88/824]⎯

 FAIL  src/store/invoices.test.ts > Invoice Store > getInvoice > should retrieve an invoice by ID
AssertionError: expected false to be true // Object.is equality

- Expected
+ Received

- true
+ false

 ❯ src/store/invoices.test.ts:159:36
    157|       });
    158|
    159|       expect(createResult.success).toBe(true);
       |                                    ^
    160|
    161|       if (createResult.success) {

⎯⎯⎯⎯⎯⎯⎯⎯⎯⎯⎯⎯⎯⎯⎯⎯⎯⎯⎯⎯⎯[89/824]⎯

 FAIL  src/store/invoices.test.ts > Invoice Store > getInvoice > should return error for non-existent invoice
AssertionError: expected 'VALIDATION_ERROR' to be 'NOT_FOUND' // Object.is equality

Expected: "NOT_FOUND"
Received: "VALIDATION_ERROR"

 ❯ src/store/invoices.test.ts:177:35
    175|       expect(result.success).toBe(false);
    176|       if (!result.success) {
    177|         expect(result.error.code).toBe('NOT_FOUND');
       |                                   ^
    178|       }
    179|     });

⎯⎯⎯⎯⎯⎯⎯⎯⎯⎯⎯⎯⎯⎯⎯⎯⎯⎯⎯⎯⎯[90/824]⎯

 FAIL  src/store/invoices.test.ts > Invoice Store > updateInvoice > should update draft invoice
AssertionError: expected false to be true // Object.is equality

- Expected
+ Received

- true
+ false

 ❯ src/store/invoices.test.ts:204:36
    202|       });
    203|
    204|       expect(createResult.success).toBe(true);
       |                                    ^
    205|
    206|       if (createResult.success) {

⎯⎯⎯⎯⎯⎯⎯⎯⎯⎯⎯⎯⎯⎯⎯⎯⎯⎯⎯⎯⎯[91/824]⎯

 FAIL  src/store/invoices.test.ts > Invoice Store > updateInvoice > should not allow updating sent invoice
AssertionError: expected false to be true // Object.is equality

- Expected
+ Received

- true
+ false

 ❯ src/store/invoices.test.ts:252:36
    250|       });
    251|
    252|       expect(createResult.success).toBe(true);
       |                                    ^
    253|
    254|       if (createResult.success) {

⎯⎯⎯⎯⎯⎯⎯⎯⎯⎯⎯⎯⎯⎯⎯⎯⎯⎯⎯⎯⎯[92/824]⎯

 FAIL  src/store/invoices.test.ts > Invoice Store > sendInvoice > should send a draft invoice
AssertionError: expected false to be true // Object.is equality

- Expected
+ Received

- true
+ false

 ❯ src/store/invoices.test.ts:293:36
    291|       });
    292|
    293|       expect(createResult.success).toBe(true);
       |                                    ^
    294|
    295|       if (createResult.success) {

⎯⎯⎯⎯⎯⎯⎯⎯⎯⎯⎯⎯⎯⎯⎯⎯⎯⎯⎯⎯⎯[93/824]⎯

 FAIL  src/store/invoices.test.ts > Invoice Store > markInvoicePaid > should mark invoice as paid
AssertionError: expected false to be true // Object.is equality

- Expected
+ Received

- true
+ false

 ❯ src/store/invoices.test.ts:332:36
    330|       });
    331|
    332|       expect(createResult.success).toBe(true);
       |                                    ^
    333|
    334|       if (createResult.success) {

⎯⎯⎯⎯⎯⎯⎯⎯⎯⎯⎯⎯⎯⎯⎯⎯⎯⎯⎯⎯⎯[94/824]⎯

 FAIL  src/store/invoices.test.ts > Invoice Store > voidInvoice > should void an invoice
AssertionError: expected false to be true // Object.is equality

- Expected
+ Received

- true
+ false

 ❯ src/store/invoices.test.ts:368:36
    366|       });
    367|
    368|       expect(createResult.success).toBe(true);
       |                                    ^
    369|
    370|       if (createResult.success) {

⎯⎯⎯⎯⎯⎯⎯⎯⎯⎯⎯⎯⎯⎯⎯⎯⎯⎯⎯⎯⎯[95/824]⎯

 FAIL  src/store/invoices.test.ts > Invoice Store > deleteInvoice > should soft delete draft invoice
AssertionError: expected false to be true // Object.is equality

- Expected
+ Received

- true
+ false

 ❯ src/store/invoices.test.ts:403:36
    401|       });
    402|
    403|       expect(createResult.success).toBe(true);
       |                                    ^
    404|
    405|       if (createResult.success) {

⎯⎯⎯⎯⎯⎯⎯⎯⎯⎯⎯⎯⎯⎯⎯⎯⎯⎯⎯⎯⎯[96/824]⎯

 FAIL  src/store/invoices.test.ts > Invoice Store > deleteInvoice > should not delete sent invoice
AssertionError: expected false to be true // Object.is equality

- Expected
+ Received

- true
+ false

 ❯ src/store/invoices.test.ts:437:36
    435|       });
    436|
    437|       expect(createResult.success).toBe(true);
       |                                    ^
    438|
    439|       if (createResult.success) {

⎯⎯⎯⎯⎯⎯⎯⎯⎯⎯⎯⎯⎯⎯⎯⎯⎯⎯⎯⎯⎯[97/824]⎯

 FAIL  src/store/invoices.test.ts > Invoice Store > getInvoices > should get all invoices for a company
AssertionError: expected false to be true // Object.is equality

- Expected
+ Received

- true
+ false

 ❯ src/store/invoices.test.ts:488:30
    486|       const result = await getInvoices({ company_id: testCompanyId });
    487|
    488|       expect(result.success).toBe(true);
       |                              ^
    489|       if (result.success) {
    490|         expect(result.data.length).toBe(2);

⎯⎯⎯⎯⎯⎯⎯⎯⎯⎯⎯⎯⎯⎯⎯⎯⎯⎯⎯⎯⎯[98/824]⎯

 FAIL  src/store/recurringInvoices.test.ts > Recurring Invoices Data Access Layer > createRecurringInvoice > should create a recurring invoice with valid data
AssertionError: expected '100.000000' to be '100.00' // Object.is equality

Expected: "100.00"
Received: "100.000000"

 ❯ src/store/recurringInvoices.test.ts:89:35
     87|         expect(result.data.auto_send).toBe(true);
     88|         expect(result.data.occurrences_generated).toBe(0);
     89|         expect(result.data.total).toBe('100.00');
       |                                   ^
     90|       }
     91|     });

⎯⎯⎯⎯⎯⎯⎯⎯⎯⎯⎯⎯⎯⎯⎯⎯⎯⎯⎯⎯⎯[99/824]⎯

 FAIL  src/store/recurringInvoices.test.ts > Recurring Invoices Data Access Layer > createRecurringInvoice > should calculate totals correctly with tax rate
AssertionError: expected '125.000000' to be '125.00' // Object.is equality

Expected: "125.00"
Received: "125.000000"

 ❯ src/store/recurringInvoices.test.ts:219:38
    217|       expect(result.success).toBe(true);
    218|       if (result.success) {
    219|         expect(result.data.subtotal).toBe('125.00');
       |                                      ^
    220|         expect(result.data.tax).toBe('12.50');
    221|         expect(result.data.total).toBe('137.50');

⎯⎯⎯⎯⎯⎯⎯⎯⎯⎯⎯⎯⎯⎯⎯⎯⎯⎯⎯⎯[100/824]⎯

 FAIL  src/store/recurringInvoices.test.ts > Recurring Invoices Data Access Layer > updateRecurringInvoice > should recalculate totals when line items change
AssertionError: expected '200.000000' to be '200.00' // Object.is equality

Expected: "200.00"
Received: "200.000000"

 ❯ src/store/recurringInvoices.test.ts:436:39
    434|       expect(updated.success).toBe(true);
    435|       if (updated.success) {
    436|         expect(updated.data.subtotal).toBe('200.00');
       |                                       ^
    437|         expect(updated.data.total).toBe('200.00');
    438|       }

⎯⎯⎯⎯⎯⎯⎯⎯⎯⎯⎯⎯⎯⎯⎯⎯⎯⎯⎯⎯[101/824]⎯

 FAIL  src/services/auditLogExtended.perf.test.ts > Extended Audit Log Performance Tests > Search Performance with 100,000+ Entries > should search all logs in <200ms
AssertionError: expected 7924.85480000003 to be less than 200
 ❯ src/services/auditLogExtended.perf.test.ts:145:38
    143|       expect(result.total).toBe(LARGE_DATASET_SIZE);
    144|       expect(result.logs.length).toBe(100);
    145|       expect(result.executionTimeMs).toBeLessThan(200);
       |                                      ^
    146|       expect(endTime - startTime).toBeLessThan(500);
    147|     });

⎯⎯⎯⎯⎯⎯⎯⎯⎯⎯⎯⎯⎯⎯⎯⎯⎯⎯⎯⎯[102/824]⎯

 FAIL  src/services/auditLogExtended.perf.test.ts > Extended Audit Log Performance Tests > Search Performance with 100,000+ Entries > should perform date range search in <200ms
AssertionError: expected 1012.006400000013 to be less than 200
 ❯ src/services/auditLogExtended.perf.test.ts:166:38
    164|       console.log(`Found ${result.total} logs in date range`);
    165|
    166|       expect(result.executionTimeMs).toBeLessThan(200);
       |                                      ^
    167|       expect(endTime - startTime).toBeLessThan(500);
    168|     });

⎯⎯⎯⎯⎯⎯⎯⎯⎯⎯⎯⎯⎯⎯⎯⎯⎯⎯⎯⎯[103/824]⎯

 FAIL  src/services/auditLogExtended.perf.test.ts > Extended Audit Log Performance Tests > Search Performance with 100,000+ Entries > should perform full-text search in <200ms
AssertionError: expected 6257.363499999978 to be less than 200
 ❯ src/services/auditLogExtended.perf.test.ts:182:38
    180|       console.log(`Found ${result.total} matching logs`);
    181|
    182|       expect(result.executionTimeMs).toBeLessThan(200);
       |                                      ^
    183|       expect(endTime - startTime).toBeLessThan(500);
    184|     });

⎯⎯⎯⎯⎯⎯⎯⎯⎯⎯⎯⎯⎯⎯⎯⎯⎯⎯⎯⎯[104/824]⎯

 FAIL  src/services/auditLogExtended.perf.test.ts > Extended Audit Log Performance Tests > Search Performance with 100,000+ Entries > should perform complex filtered search in <200ms
AssertionError: expected 909.531500000041 to be less than 200
 ❯ src/services/auditLogExtended.perf.test.ts:207:38
    205|       console.log(`Found ${result.total} matching logs`);
    206|
    207|       expect(result.executionTimeMs).toBeLessThan(200);
       |                                      ^
    208|       expect(endTime - startTime).toBeLessThan(1000);
    209|     });

⎯⎯⎯⎯⎯⎯⎯⎯⎯⎯⎯⎯⎯⎯⎯⎯⎯⎯⎯⎯[105/824]⎯

 FAIL  src/services/auditLogExtended.perf.test.ts > Extended Audit Log Performance Tests > Search Performance with 100,000+ Entries > should handle pagination efficiently
AssertionError: expected 6120.675700000022 to be less than 200
 ❯ src/services/auditLogExtended.perf.test.ts:226:40
    224|         timings.push(endTime - startTime);
    225|         expect(result.logs.length).toBe(100);
    226|         expect(result.executionTimeMs).toBeLessThan(200);
       |                                        ^
    227|       }
    228|

⎯⎯⎯⎯⎯⎯⎯⎯⎯⎯⎯⎯⎯⎯⎯⎯⎯⎯⎯⎯[106/824]⎯

 FAIL  src/services/auditLogExtended.perf.test.ts > Extended Audit Log Performance Tests > Timeline Generation Performance > should generate daily timeline in <200ms
AssertionError: expected 942.6737999999896 to be less than 200
 ❯ src/services/auditLogExtended.perf.test.ts:253:38
    251|       console.log(`Generated ${result.entries.length} timeline entries…
    252|
    253|       expect(result.executionTimeMs).toBeLessThan(200);
       |                                      ^
    254|       expect(endTime - startTime).toBeLessThan(1000);
    255|       expect(result.entries.length).toBeGreaterThan(0);

⎯⎯⎯⎯⎯⎯⎯⎯⎯⎯⎯⎯⎯⎯⎯⎯⎯⎯⎯⎯[107/824]⎯

 FAIL  src/services/auditLogExtended.perf.test.ts > Extended Audit Log Performance Tests > Timeline Generation Performance > should generate weekly timeline in <200ms
AssertionError: expected 5525.355900000024 to be less than 200
 ❯ src/services/auditLogExtended.perf.test.ts:294:38
    292|       console.log(`Weekly timeline generation completed in ${(endTime …
    293|
    294|       expect(result.executionTimeMs).toBeLessThan(200);
       |                                      ^
    295|       expect(endTime - startTime).toBeLessThan(1000);
    296|     });

⎯⎯⎯⎯⎯⎯⎯⎯⎯⎯⎯⎯⎯⎯⎯⎯⎯⎯⎯⎯[108/824]⎯

 FAIL  src/services/auditLogExtended.perf.test.ts > Extended Audit Log Performance Tests > Timeline Generation Performance > should generate monthly timeline in <200ms
AssertionError: expected 11973.73960000003 to be less than 200
 ❯ src/services/auditLogExtended.perf.test.ts:314:38
    312|       console.log(`Monthly timeline generation completed in ${(endTime…
    313|
    314|       expect(result.executionTimeMs).toBeLessThan(200);
       |                                      ^
    315|       expect(endTime - startTime).toBeLessThan(1000);
    316|     });

⎯⎯⎯⎯⎯⎯⎯⎯⎯⎯⎯⎯⎯⎯⎯⎯⎯⎯⎯⎯[109/824]⎯

 FAIL  src/services/auditLogExtended.perf.test.ts > Extended Audit Log Performance Tests > Export Performance > should export 1,000 logs to CSV in reasonable time
AssertionError: expected 100000 to be 1000 // Object.is equality

- Expected
+ Received

- 1000
+ 100000

 ❯ src/services/auditLogExtended.perf.test.ts:330:34
    328|       console.log(`CSV export (1,000 logs) completed in ${(endTime - s…
    329|
    330|       expect(result.recordCount).toBe(1000);
       |                                  ^
    331|       expect(endTime - startTime).toBeLessThan(2000);
    332|       expect(typeof result.data).toBe('string');

⎯⎯⎯⎯⎯⎯⎯⎯⎯⎯⎯⎯⎯⎯⎯⎯⎯⎯⎯⎯[110/824]⎯

 FAIL  src/services/auditLogExtended.perf.test.ts > Extended Audit Log Performance Tests > Export Performance > should export 10,000 logs to CSV in reasonable time
AssertionError: expected 100000 to be 10000 // Object.is equality

- Expected
+ Received

- 10000
+ 100000

 ❯ src/services/auditLogExtended.perf.test.ts:345:34
    343|       console.log(`CSV export (10,000 logs) completed in ${(endTime - …
    344|
    345|       expect(result.recordCount).toBe(10000);
       |                                  ^
    346|       expect(endTime - startTime).toBeLessThan(5000);
    347|       expect(typeof result.data).toBe('string');

⎯⎯⎯⎯⎯⎯⎯⎯⎯⎯⎯⎯⎯⎯⎯⎯⎯⎯⎯⎯[111/824]⎯

 FAIL  src/services/auditLogExtended.perf.test.ts > Extended Audit Log Performance Tests > Export Performance > should export 1,000 logs to PDF data in reasonable time
AssertionError: expected 100000 to be 1000 // Object.is equality

- Expected
+ Received

- 1000
+ 100000

 ❯ src/services/auditLogExtended.perf.test.ts:363:34
    361|       console.log(`PDF export (1,000 logs) completed in ${(endTime - s…
    362|
    363|       expect(result.recordCount).toBe(1000);
       |                                  ^
    364|       expect(endTime - startTime).toBeLessThan(2000);
    365|       expect(typeof result.data).toBe('string');

⎯⎯⎯⎯⎯⎯⎯⎯⎯⎯⎯⎯⎯⎯⎯⎯⎯⎯⎯⎯[112/824]⎯

 FAIL  src/services/auditLogExtended.perf.test.ts > Extended Audit Log Performance Tests > Statistics Performance > should generate statistics in <200ms
AssertionError: expected 6493.1679 to be less than 200
 ❯ src/services/auditLogExtended.perf.test.ts:406:38
    404|
    405|       expect(result.totalLogs).toBe(LARGE_DATASET_SIZE);
    406|       expect(result.executionTimeMs).toBeLessThan(200);
       |                                      ^
    407|       expect(endTime - startTime).toBeLessThan(1000);
    408|       expect(result.byAction.size).toBeGreaterThan(0);

⎯⎯⎯⎯⎯⎯⎯⎯⎯⎯⎯⎯⎯⎯⎯⎯⎯⎯⎯⎯[113/824]⎯

 FAIL  src/services/auditLogExtended.perf.test.ts > Extended Audit Log Performance Tests > Statistics Performance > should generate date-filtered statistics in <200ms
AssertionError: expected 2309.494299999962 to be less than 200
 ❯ src/services/auditLogExtended.perf.test.ts:428:38
    426|       console.log(`Filtered statistics generation completed in ${(endT…
    427|
    428|       expect(result.executionTimeMs).toBeLessThan(200);
       |                                      ^
    429|       expect(endTime - startTime).toBeLessThan(1000);
    430|     });

⎯⎯⎯⎯⎯⎯⎯⎯⎯⎯⎯⎯⎯⎯⎯⎯⎯⎯⎯⎯[114/824]⎯

 FAIL  src/services/auditLogExtended.perf.test.ts > Extended Audit Log Performance Tests > Concurrent Operations Performance > should handle multiple concurrent searches efficiently
Error: Test timed out in 30000ms.
If this is a long-running test, pass a timeout value as the last argument or configure it globally with "testTimeout".
 ❯ src/services/auditLogExtended.perf.test.ts:434:5
    432|
    433|   describe('Concurrent Operations Performance', () => {
    434|     it('should handle multiple concurrent searches efficiently', async…
       |     ^
    435|       const concurrentSearches = 10;
    436|       const startTime = performance.now();

⎯⎯⎯⎯⎯⎯⎯⎯⎯⎯⎯⎯⎯⎯⎯⎯⎯⎯⎯⎯[115/824]⎯

 FAIL  src/services/auditLogExtended.perf.test.ts > Extended Audit Log Performance Tests > Concurrent Operations Performance > should handle mixed concurrent operations
AssertionError: expected 21679.150199999975 to be less than 2000
 ❯ src/services/auditLogExtended.perf.test.ts:477:35
    475|       expect(timelineResult.entries.length).toBeGreaterThan(0);
    476|       expect(statsResult.totalLogs).toBe(LARGE_DATASET_SIZE);
    477|       expect(endTime - startTime).toBeLessThan(2000);
       |                                   ^
    478|     });
    479|   });

⎯⎯⎯⎯⎯⎯⎯⎯⎯⎯⎯⎯⎯⎯⎯⎯⎯⎯⎯⎯[116/824]⎯

 FAIL  src/services/auditLogExtended.perf.test.ts > Extended Audit Log Performance Tests > Memory and Resource Management > should not leak memory during repeated operations
Error: Test timed out in 30000ms.
If this is a long-running test, pass a timeout value as the last argument or configure it globally with "testTimeout".
 ❯ src/services/auditLogExtended.perf.test.ts:482:5
    480|
    481|   describe('Memory and Resource Management', () => {
    482|     it('should not leak memory during repeated operations', async () =…
       |     ^
    483|       const iterations = 100;
    484|

⎯⎯⎯⎯⎯⎯⎯⎯⎯⎯⎯⎯⎯⎯⎯⎯⎯⎯⎯⎯[117/824]⎯

 FAIL  src/services/auditLogExtended.test.ts > Extended Audit Log Service > Security and Data Integrity > should not allow modification of audit logs
AssertionError: expected undefined to be 'test-company' // Object.is equality

- Expected:
"test-company"

+ Received:
undefined

 ❯ src/services/auditLogExtended.test.ts:670:41
    668|
    669|       expect(result.logs[0]?.id).toBe(log.id);
    670|       expect(result.logs[0]?.companyId).toBe(log.company_id);
       |                                         ^
    671|     });
    672|

⎯⎯⎯⎯⎯⎯⎯⎯⎯⎯⎯⎯⎯⎯⎯⎯⎯⎯⎯⎯[118/824]⎯

 FAIL  src/services/auditLogExtended.test.ts > Extended Audit Log Service > Security and Data Integrity > should isolate data by company
AssertionError: expected false to be true // Object.is equality

- Expected
+ Received

- true
+ false

 ❯ src/services/auditLogExtended.test.ts:711:81
    709|       expect(company1Result.total).toBe(50);
    710|       expect(company2Result.total).toBe(30);
    711|       expect(company1Result.logs.every((log) => log.companyId === 'com…
       |                                                                                 ^
    712|       expect(company2Result.logs.every((log) => log.companyId === 'com…
    713|     });

⎯⎯⎯⎯⎯⎯⎯⎯⎯⎯⎯⎯⎯⎯⎯⎯⎯⎯⎯⎯[119/824]⎯

 FAIL  src/services/coaWizardService.test.ts > CoaWizardService > getAccountCountsByType > should exclude deselected accounts
AssertionError: expected 4 to be less than 4
 ❯ src/services/coaWizardService.test.ts:105:28
    103|       })
    104|
    105|       expect(counts.asset).toBeLessThan(allCounts.asset)
       |                            ^
    106|     })
    107|

⎯⎯⎯⎯⎯⎯⎯⎯⎯⎯⎯⎯⎯⎯⎯⎯⎯⎯⎯⎯[120/824]⎯

 FAIL  src/services/exchangeRate.service.test.ts > ExchangeRateService > createExchangeRate > should create inverse rate automatically
AssertionError: expected undefined to be 'EUR' // Object.is equality

- Expected:
"EUR"

+ Received:
undefined

 ❯ src/services/exchangeRate.service.test.ts:150:42
    148|
    149|       expect(inverseRate).toBeDefined();
    150|       expect(inverseRate?.from_currency).toBe('EUR');
       |                                          ^
    151|       expect(inverseRate?.to_currency).toBe('USD');
    152|     });

⎯⎯⎯⎯⎯⎯⎯⎯⎯⎯⎯⎯⎯⎯⎯⎯⎯⎯⎯⎯[121/824]⎯

 FAIL  src/services/exchangeRate.service.test.ts > ExchangeRateService > getExchangeRateHistory > should return all rates for currency pair
AssertionError: expected 0 to be greater than or equal to 1
 ❯ src/services/exchangeRate.service.test.ts:293:30
    291|       const history = await service.getExchangeRateHistory(companyId, …
    292|
    293|       expect(history.length).toBeGreaterThanOrEqual(1);
       |                              ^
    294|     });
    295|

⎯⎯⎯⎯⎯⎯⎯⎯⎯⎯⎯⎯⎯⎯⎯⎯⎯⎯⎯⎯[122/824]⎯

 FAIL  src/services/exchangeRate.service.test.ts > ExchangeRateService > updateExchangeRate > should update rate value
AssertionError: expected 1777753842666 to be greater than 1777753842666
 ❯ src/services/exchangeRate.service.test.ts:333:34
    331|
    332|       expect(updated.rate).toContain('encrypted_');
    333|       expect(updated.updated_at).toBeGreaterThan(created.updated_at);
       |                                  ^
    334|     });
    335|

⎯⎯⎯⎯⎯⎯⎯⎯⎯⎯⎯⎯⎯⎯⎯⎯⎯⎯⎯⎯[123/824]⎯

 FAIL  src/services/journalEntries.integration.test.ts > Journal Entries Integration Tests > Complete Approval Workflow > should handle rejection workflow
AssertionError: expected '600.000000' to be '600.00' // Object.is equality

Expected: "600.00"
Received: "600.000000"

 ❯ src/services/journalEntries.integration.test.ts:232:40
    230|       const resubmitted = await service.getJournalEntryWithLineItems(e…
    231|       expect(resubmitted.entry.approval_status).toBe('PENDING');
    232|       expect(resubmitted.total_debits).toBe('600.00');
       |                                        ^
    233|     });
    234|   });

⎯⎯⎯⎯⎯⎯⎯⎯⎯⎯⎯⎯⎯⎯⎯⎯⎯⎯⎯⎯[124/824]⎯

 FAIL  src/services/journalEntries.service.test.ts > JournalEntriesService > createJournalEntry > should create a balanced journal entry
AssertionError: expected '100.000000' to be '100.00' // Object.is equality

Expected: "100.00"
Received: "100.000000"

 ❯ src/services/journalEntries.service.test.ts:159:35
    157|       expect(result.line_items).toHaveLength(2);
    158|       expect(result.is_balanced).toBe(true);
    159|       expect(result.total_debits).toBe('100.00');
       |                                   ^
    160|       expect(result.total_credits).toBe('100.00');
    161|     });

⎯⎯⎯⎯⎯⎯⎯⎯⎯⎯⎯⎯⎯⎯⎯⎯⎯⎯⎯⎯[125/824]⎯

 FAIL  src/services/journalEntries.service.test.ts > JournalEntriesService > updateJournalEntry > should update line items and maintain balance
AssertionError: expected '200.000000' to be '200.00' // Object.is equality

Expected: "200.00"
Received: "200.000000"

 ❯ src/services/journalEntries.service.test.ts:437:36
    435|       );
    436|
    437|       expect(updated.total_debits).toBe('200.00');
       |                                    ^
    438|       expect(updated.total_credits).toBe('200.00');
    439|       expect(updated.is_balanced).toBe(true);

⎯⎯⎯⎯⎯⎯⎯⎯⎯⎯⎯⎯⎯⎯⎯⎯⎯⎯⎯⎯[126/824]⎯

 FAIL  src/services/journalEntries.service.test.ts > JournalEntriesService > Edge Cases and Validation > should handle decimal precision correctly
AssertionError: expected '10.330000' to be '10.33' // Object.is equality

Expected: "10.33"
Received: "10.330000"

 ❯ src/services/journalEntries.service.test.ts:823:35
    821|       const result = await service.createJournalEntry(request, deviceI…
    822|       expect(result.is_balanced).toBe(true);
    823|       expect(result.total_debits).toBe('10.33');
       |                                   ^
    824|       expect(result.total_credits).toBe('10.33');
    825|     });

⎯⎯⎯⎯⎯⎯⎯⎯⎯⎯⎯⎯⎯⎯⎯⎯⎯⎯⎯⎯[127/824]⎯

 FAIL  src/services/paymentGateway.test.ts > PaymentGateway > confirmPayment > should confirm payment and mark invoice as paid
AssertionError: expected 'SENT' to be 'PAID' // Object.is equality

Expected: "PAID"
Received: "SENT"

 ❯ src/services/paymentGateway.test.ts:235:31
    233|       // Check invoice is marked as paid
    234|       const invoice = await db.invoices.get(mockInvoiceId);
    235|       expect(invoice?.status).toBe('PAID');
       |                               ^
    236|       expect(invoice?.paid_at).toBeTruthy();
    237|     });

⎯⎯⎯⎯⎯⎯⎯⎯⎯⎯⎯⎯⎯⎯⎯⎯⎯⎯⎯⎯[128/824]⎯

 FAIL  src/services/portalPaymentIntegration.test.ts > Portal and Payment Integration > Complete Payment Flow > should complete full payment flow from portal link to payment
AssertionError: expected false to be true // Object.is equality

- Expected
+ Received

- true
+ false

 ❯ src/services/portalPaymentIntegration.test.ts:111:37
    109|       // Step 5: Verify invoice is marked as paid
    110|       const invoiceResult = await getInvoice(mockInvoiceId);
    111|       expect(invoiceResult.success).toBe(true);
       |                                     ^
    112|       expect((invoiceResult as any).data.status).toBe('PAID');
    113|       expect((invoiceResult as any).data.paid_at).toBeTruthy();

⎯⎯⎯⎯⎯⎯⎯⎯⎯⎯⎯⎯⎯⎯⎯⎯⎯⎯⎯⎯[129/824]⎯

 FAIL  src/services/portalPaymentIntegration.test.ts > Portal and Payment Integration > Complete Payment Flow > should handle failed payment without marking invoice as paid
AssertionError: expected false to be true // Object.is equality

- Expected
+ Received

- true
+ false

 ❯ src/services/portalPaymentIntegration.test.ts:153:37
    151|       // Verify invoice is NOT marked as paid
    152|       const invoiceResult = await getInvoice(mockInvoiceId);
    153|       expect(invoiceResult.success).toBe(true);
       |                                     ^
    154|       expect((invoiceResult as any).data.status).toBe('SENT');
    155|       expect((invoiceResult as any).data.paid_at).toBeNull();

⎯⎯⎯⎯⎯⎯⎯⎯⎯⎯⎯⎯⎯⎯⎯⎯⎯⎯⎯⎯[130/824]⎯

 FAIL  src/services/portalPaymentIntegration.test.ts > Portal and Payment Integration > Complete Payment Flow > should allow multiple payment attempts for same invoice
AssertionError: expected false to be true // Object.is equality

- Expected
+ Received

- true
+ false

 ❯ src/services/portalPaymentIntegration.test.ts:197:37
    195|       // Verify invoice is paid
    196|       const invoiceResult = await getInvoice(mockInvoiceId);
    197|       expect(invoiceResult.success).toBe(true);
       |                                     ^
    198|       expect((invoiceResult as any).data.status).toBe('PAID');
    199|     });

⎯⎯⎯⎯⎯⎯⎯⎯⎯⎯⎯⎯⎯⎯⎯⎯⎯⎯⎯⎯[131/824]⎯

 FAIL  src/services/portalPaymentIntegration.test.ts > Portal and Payment Integration > Complete Payment Flow > should prevent payment with expired portal token
AssertionError: expected 'VALIDATION_ERROR' to be 'SESSION_INVALID' // Object.is equality

Expected: "SESSION_INVALID"
Received: "VALIDATION_ERROR"

 ❯ src/services/portalPaymentIntegration.test.ts:247:50
    245|       const validateResult = await validateToken((tokenResult as any).…
    246|       expect(validateResult.success).toBe(false);
    247|       expect((validateResult as any).error.code).toBe('SESSION_INVALID…
       |                                                  ^
    248|
    249|       // Note: In production, the UI would prevent payment attempts wi…

⎯⎯⎯⎯⎯⎯⎯⎯⎯⎯⎯⎯⎯⎯⎯⎯⎯⎯⎯⎯[132/824]⎯

 FAIL  src/services/portalPaymentIntegration.test.ts > Portal and Payment Integration > Complete Payment Flow > should prevent payment with revoked portal token
AssertionError: expected 'VALIDATION_ERROR' to be 'SESSION_INVALID' // Object.is equality

Expected: "SESSION_INVALID"
Received: "VALIDATION_ERROR"

 ❯ src/services/portalPaymentIntegration.test.ts:266:50
    264|       const validateResult = await validateToken((tokenResult as any).…
    265|       expect(validateResult.success).toBe(false);
    266|       expect((validateResult as any).error.code).toBe('SESSION_INVALID…
       |                                                  ^
    267|     });
    268|

⎯⎯⎯⎯⎯⎯⎯⎯⎯⎯⎯⎯⎯⎯⎯⎯⎯⎯⎯⎯[133/824]⎯

 FAIL  src/services/portalPaymentIntegration.test.ts > Portal and Payment Integration > Complete Payment Flow > should handle payment for already paid invoice gracefully
AssertionError: expected false to be true // Object.is equality

- Expected
+ Received

- true
+ false

 ❯ src/services/portalPaymentIntegration.test.ts:288:37
    286|       // Verify invoice is paid
    287|       const invoiceResult = await getInvoice(mockInvoiceId);
    288|       expect(invoiceResult.success).toBe(true);
       |                                     ^
    289|       expect((invoiceResult as any).data.status).toBe('PAID');
    290|

⎯⎯⎯⎯⎯⎯⎯⎯⎯⎯⎯⎯⎯⎯⎯⎯⎯⎯⎯⎯[134/824]⎯

 FAIL  src/services/portalPaymentIntegration.test.ts > Portal and Payment Integration > Rate Limiting Integration > should rate limit excessive portal access attempts
AssertionError: expected 'VALIDATION_ERROR' to be 'RATE_LIMITED' // Object.is equality

Expected: "RATE_LIMITED"
Received: "VALIDATION_ERROR"

 ❯ src/services/portalPaymentIntegration.test.ts:328:53
    326|       const rateLimitedResult = await validateToken((tokenResult as an…
    327|       expect(rateLimitedResult.success).toBe(false);
    328|       expect((rateLimitedResult as any).error.code).toBe('RATE_LIMITED…
       |                                                     ^
    329|     });
    330|

⎯⎯⎯⎯⎯⎯⎯⎯⎯⎯⎯⎯⎯⎯⎯⎯⎯⎯⎯⎯[135/824]⎯

 FAIL  src/services/portalService.test.ts > PortalService > createPortalToken > should fail if invoice belongs to different company
AssertionError: expected 'VALIDATION_ERROR' to be 'PERMISSION_DENIED' // Object.is equality

Expected: "PERMISSION_DENIED"
Received: "VALIDATION_ERROR"

 ❯ src/services/portalService.test.ts:112:42
    110|
    111|       expect(result.success).toBe(false);
    112|       expect((result as any).error.code).toBe('PERMISSION_DENIED');
       |                                          ^
    113|     });
    114|   });

⎯⎯⎯⎯⎯⎯⎯⎯⎯⎯⎯⎯⎯⎯⎯⎯⎯⎯⎯⎯[136/824]⎯

 FAIL  src/services/portalService.test.ts > PortalService > validateToken > should fail for expired token
AssertionError: expected 'VALIDATION_ERROR' to be 'SESSION_INVALID' // Object.is equality

Expected: "SESSION_INVALID"
Received: "VALIDATION_ERROR"

 ❯ src/services/portalService.test.ts:174:50
    172|
    173|       expect(validateResult.success).toBe(false);
    174|       expect((validateResult as any).error.code).toBe('SESSION_INVALID…
       |                                                  ^
    175|     });
    176|

⎯⎯⎯⎯⎯⎯⎯⎯⎯⎯⎯⎯⎯⎯⎯⎯⎯⎯⎯⎯[137/824]⎯

 FAIL  src/services/portalService.test.ts > PortalService > validateToken > should fail for revoked token
AssertionError: expected 'VALIDATION_ERROR' to be 'SESSION_INVALID' // Object.is equality

Expected: "SESSION_INVALID"
Received: "VALIDATION_ERROR"

 ❯ src/services/portalService.test.ts:186:50
    184|
    185|       expect(validateResult.success).toBe(false);
    186|       expect((validateResult as any).error.code).toBe('SESSION_INVALID…
       |                                                  ^
    187|     });
    188|

⎯⎯⎯⎯⎯⎯⎯⎯⎯⎯⎯⎯⎯⎯⎯⎯⎯⎯⎯⎯[138/824]⎯

 FAIL  src/services/portalService.test.ts > PortalService > validateToken > should enforce rate limiting at 100 requests/hour
AssertionError: expected 'VALIDATION_ERROR' to be 'RATE_LIMITED' // Object.is equality

Expected: "RATE_LIMITED"
Received: "VALIDATION_ERROR"

 ❯ src/services/portalService.test.ts:204:53
    202|       const rateLimitedResult = await validateToken((createResult as a…
    203|       expect(rateLimitedResult.success).toBe(false);
    204|       expect((rateLimitedResult as any).error.code).toBe('RATE_LIMITED…
       |                                                     ^
    205|     });
    206|   });

⎯⎯⎯⎯⎯⎯⎯⎯⎯⎯⎯⎯⎯⎯⎯⎯⎯⎯⎯⎯[139/824]⎯

 FAIL  src/services/reconciliationHistory.service.test.ts > ReconciliationHistory Service > Pattern Operations > createPattern > should return error if pattern already exists
AssertionError: expected 'CONSTRAINT_VIOLATION' to be 'ALREADY_EXISTS' // Object.is equality

Expected: "ALREADY_EXISTS"
Received: "CONSTRAINT_VIOLATION"

 ❯ src/services/reconciliationHistory.service.test.ts:220:37
    218|         expect(result.success).toBe(false);
    219|         if (!result.success) {
    220|           expect(result.error.code).toBe('ALREADY_EXISTS');
       |                                     ^
    221|         }
    222|       });

⎯⎯⎯⎯⎯⎯⎯⎯⎯⎯⎯⎯⎯⎯⎯⎯⎯⎯⎯⎯[140/824]⎯

 FAIL  src/services/reconciliationHistory.service.test.ts > ReconciliationHistory Service > Pattern Operations > learnFromMatch > should return error if vendor cannot be extracted
AssertionError: expected 'VALIDATION_ERROR' to be 'INVALID_INPUT' // Object.is equality

Expected: "INVALID_INPUT"
Received: "VALIDATION_ERROR"

 ❯ src/services/reconciliationHistory.service.test.ts:441:37
    439|         expect(result.success).toBe(false);
    440|         if (!result.success) {
    441|           expect(result.error.code).toBe('INVALID_INPUT');
       |                                     ^
    442|         }
    443|       });

⎯⎯⎯⎯⎯⎯⎯⎯⎯⎯⎯⎯⎯⎯⎯⎯⎯⎯⎯⎯[141/824]⎯

 FAIL  src/services/reconciliationService.test.ts > reconciliationService > calculateDiscrepancy > should calculate zero discrepancy for balanced reconciliation
AssertionError: expected 4950 to be +0 // Object.is equality

- Expected
+ Received

- 0
+ 4950

 ❯ src/services/reconciliationService.test.ts:281:27
    279|       );
    280|
    281|       expect(discrepancy).toBe(0);
       |                           ^
    282|     });
    283|   });

⎯⎯⎯⎯⎯⎯⎯⎯⎯⎯⎯⎯⎯⎯⎯⎯⎯⎯⎯⎯[142/824]⎯

 FAIL  src/services/retention.service.test.ts > Retention Policy Service > getRetentionPolicies > should return empty array when no policies exist
 FAIL  src/services/retention.service.test.ts > Retention Policy Service > getRetentionPolicies > should return active policies for company
 FAIL  src/services/retention.service.test.ts > Retention Policy Service > getRetentionPolicies > should not return policies from other companies
 FAIL  src/services/retention.service.test.ts > Retention Policy Service > getRetentionStatistics > should calculate statistics correctly
DataError: Data provided to an operation does not meet requirements.
 DataError: Data provided to an operation does not meet requirements.
 ❯ valueToKey node_modules/fake-indexeddb/build/esm/lib/valueToKey.js:10:11
 ❯ cmp node_modules/fake-indexeddb/build/esm/lib/cmp.js:27:11
 ❯ FDBKeyRange.bound node_modules/fake-indexeddb/build/esm/FDBKeyRange.js:31:23
 ❯ makeIDBKeyRange node_modules/dexie/src/dbcore/dbcore-indexeddb.ts:108:20
 ❯ node_modules/dexie/src/dbcore/dbcore-indexeddb.ts:213:28
 ❯ executePromiseTask node_modules/dexie/src/helpers/promise.js:348:8
 ❯ new DexiePromise node_modules/dexie/src/helpers/promise.js:134:4
 ❯ Object.openCursor node_modules/dexie/src/dbcore/dbcore-indexeddb.ts:195:13
 ❯ Object.tableClone.<computed> [as openCursor] node_modules/dexie/src/live-query/observability-middleware.ts:313:33
 ❯ Object.openCursor node_modules/dexie/src/dbcore/virtual-index-middleware.ts:139:39

⎯⎯⎯⎯⎯⎯⎯⎯⎯⎯⎯⎯⎯⎯⎯⎯⎯⎯⎯⎯[143/824]⎯

 FAIL  src/services/retention.service.test.ts > Retention Policy Service > purgeRecord > should purge non-financial record after retention period
AssertionError: expected false to be true // Object.is equality

- Expected
+ Received

- true
+ false

 ❯ src/services/retention.service.test.ts:361:30
    359|       );
    360|
    361|       expect(result.success).toBe(true);
       |                              ^
    362|       expect(result.error).toBeNull();
    363|

⎯⎯⎯⎯⎯⎯⎯⎯⎯⎯⎯⎯⎯⎯⎯⎯⎯⎯⎯⎯[144/824]⎯

 FAIL  src/services/retention.service.test.ts > Retention Policy Service > purgeRecord > should allow purging financial record when enforceMinimum is false
AssertionError: expected false to be true // Object.is equality

- Expected
+ Received

- true
+ false

 ❯ src/services/retention.service.test.ts:401:30
    399|       );
    400|
    401|       expect(result.success).toBe(true);
       |                              ^
    402|
    403|       // Verify deletion log

⎯⎯⎯⎯⎯⎯⎯⎯⎯⎯⎯⎯⎯⎯⎯⎯⎯⎯⎯⎯[145/824]⎯

 FAIL  src/services/retention.service.test.ts > Retention Policy Service > autoPurgeCompany > should purge eligible records and skip protected ones
AssertionError: expected +0 to be 1 // Object.is equality

- Expected
+ Received

- 1
+ 0

 ❯ src/services/retention.service.test.ts:464:35
    462|
    463|       expect(result.total_processed).toBe(3);
    464|       expect(result.total_purged).toBe(1); // Only eligible contact
       |                                   ^
    465|       expect(result.total_protected).toBeGreaterThan(0); // Protected …
    466|       expect(result.total_failed).toBe(0);

⎯⎯⎯⎯⎯⎯⎯⎯⎯⎯⎯⎯⎯⎯⎯⎯⎯⎯⎯⎯[146/824]⎯

 FAIL  src/services/retention.service.test.ts > Retention Policy Service > getDeletionLogs > should return deletion logs for company
AssertionError: expected [] to have a length of 1 but got +0

- Expected
+ Received

- 1
+ 0

 ❯ src/services/retention.service.test.ts:571:20
    569|
    570|       const logs = await getDeletionLogs(testCompanyId);
    571|       expect(logs).toHaveLength(1);
       |                    ^
    572|       expect(logs[0].company_id).toBe(testCompanyId);
    573|       expect(logs[0].entity_type).toBe('CONTACT');

⎯⎯⎯⎯⎯⎯⎯⎯⎯⎯⎯⎯⎯⎯⎯⎯⎯⎯⎯⎯[147/824]⎯

 FAIL  src/services/retention.service.test.ts > Retention Policy Service > getDeletionLogs > should filter logs by entity type
AssertionError: expected [] to have a length of 1 but got +0

- Expected
+ Received

- 1
+ 0

 ❯ src/services/retention.service.test.ts:597:27
    595|         entityType: 'CONTACT',
    596|       });
    597|       expect(contactLogs).toHaveLength(1);
       |                           ^
    598|       expect(contactLogs[0].entity_type).toBe('CONTACT');
    599|

⎯⎯⎯⎯⎯⎯⎯⎯⎯⎯⎯⎯⎯⎯⎯⎯⎯⎯⎯⎯[148/824]⎯

 FAIL  src/services/secureDataExport.service.test.ts > secureDataExport > Authentication > should require authentication
AssertionError: promise resolved "{ success: true, …(6) }" instead of rejecting

- Expected
+ Received

- Error {
-   "message": "rejected promise",
+ {
+   "auditLogId": "audit-log-123",
+   "csvContent": "header1,header2
+ value1,value2",
+   "filename": "test_export.csv",
+   "rateLimit": {
+     "remaining": 0,
+     "resetsAt": 1777757354401,
+   },
+   "rowCount": 1,
+   "securityWarning": "Important: Exported data is not encrypted.
+
+ Once you download this file, it will contain your financial data in plain text. Please:
+
+ • Store the file in a secure location
+ • Delete the file when no longer needed
+ • Never share the file over unsecured channels
+ • Consider encrypting the file yourself if storing long-term
+
+ Do you want to continue with the export?",
+   "success": true,
  }

 ❯ src/services/secureDataExport.service.test.ts:111:65
    109|
    110|       await expect(secureDataExport(request, mockExportFunction)).reje…
    111|       await expect(secureDataExport(request, mockExportFunction)).reje…
       |                                                                 ^
    112|         /authentication required/i
    113|       )

⎯⎯⎯⎯⎯⎯⎯⎯⎯⎯⎯⎯⎯⎯⎯⎯⎯⎯⎯⎯[149/824]⎯

 FAIL  src/services/secureDataExport.service.test.ts > secureDataExport > Warning Acknowledgment > should require warning acknowledgment
AssertionError: expected [Function] to throw error matching /security warning not acknowledged/i but got 'You must acknowledge the security war…'

- Expected:
/security warning not acknowledged/i

+ Received:
"You must acknowledge the security warning before exporting data. Please review the security notice and confirm to proceed."

 ❯ src/services/secureDataExport.service.test.ts:157:65
    155|
    156|       await expect(secureDataExport(request, mockExportFunction)).reje…
    157|       await expect(secureDataExport(request, mockExportFunction)).reje…
       |                                                                 ^
    158|         /security warning not acknowledged/i
    159|       )

⎯⎯⎯⎯⎯⎯⎯⎯⎯⎯⎯⎯⎯⎯⎯⎯⎯⎯⎯⎯[150/824]⎯

 FAIL  src/services/secureDataExport.service.test.ts > secureDataExport > Rate Limiting > should enforce rate limits
AssertionError: promise resolved "{ success: true, …(6) }" instead of rejecting

- Expected
+ Received

- Error {
-   "message": "rejected promise",
+ {
+   "auditLogId": "audit-log-123",
+   "csvContent": "header1,header2
+ value1,value2",
+   "filename": "test_export.csv",
+   "rateLimit": {
+     "remaining": 0,
+     "resetsAt": 1777757354483,
+   },
+   "rowCount": 1,
+   "securityWarning": "Important: Exported data is not encrypted.
+
+ Once you download this file, it will contain your financial data in plain text. Please:
+
+ • Store the file in a secure location
+ • Delete the file when no longer needed
+ • Never share the file over unsecured channels
+ • Consider encrypting the file yourself if storing long-term
+
+ Do you want to continue with the export?",
+   "success": true,
  }

 ❯ src/services/secureDataExport.service.test.ts:194:7
    192|       await expect(
    193|         secureDataExport(request, mockExportFunction)
    194|       ).rejects.toThrow('Rate limit exceeded')
       |       ^
    195|     })
    196|

⎯⎯⎯⎯⎯⎯⎯⎯⎯⎯⎯⎯⎯⎯⎯⎯⎯⎯⎯⎯[151/824]⎯

 FAIL  src/sync/syncClient.test.ts > SyncClient > sync > should complete sync successfully
AssertionError: expected false to be true // Object.is equality

- Expected
+ Received

- true
+ false

 ❯ src/sync/syncClient.test.ts:96:30
     94|       const result = await client.sync();
     95|
     96|       expect(result.success).toBe(true);
       |                              ^
     97|       expect(result.errors).toHaveLength(0);
     98|     });

⎯⎯⎯⎯⎯⎯⎯⎯⎯⎯⎯⎯⎯⎯⎯⎯⎯⎯⎯⎯[152/824]⎯

 FAIL  src/sync/syncClient.test.ts > SyncClient > sync > should update state during sync
AssertionError: expected 'ERROR' to be 'IDLE' // Object.is equality

Expected: "IDLE"
Received: "ERROR"

 ❯ src/sync/syncClient.test.ts:110:53
    108|
    109|       expect(stateChanges).toContain(SyncStatus.SYNCING);
    110|       expect(stateChanges[stateChanges.length - 1]).toBe(SyncStatus.ID…
       |                                                     ^
    111|     });
    112|

⎯⎯⎯⎯⎯⎯⎯⎯⎯⎯⎯⎯⎯⎯⎯⎯⎯⎯⎯⎯[153/824]⎯

 FAIL  src/utils/securityLogger.test.ts > SecurityLogger > logSecurityEvent > should log a security event to the audit log
AssertionError: expected null to be truthy

- Expected:
true

+ Received:
null

 ❯ src/utils/securityLogger.test.ts:96:21
     94|       const logId = await logSecurityEvent(event, mockDb)
     95|
     96|       expect(logId).toBeTruthy()
       |                     ^
     97|       expect(mockDb.audit_logs.add).toHaveBeenCalledTimes(1)
     98|       expect(auditLogs).toHaveLength(1)

⎯⎯⎯⎯⎯⎯⎯⎯⎯⎯⎯⎯⎯⎯⎯⎯⎯⎯⎯⎯[154/824]⎯

 FAIL  src/utils/securityLogger.test.ts > SecurityLogger > logSecurityEvent > should use SYSTEM as userId when no context is available
TypeError: Cannot read properties of undefined (reading 'user_id')
 ❯ src/utils/securityLogger.test.ts:122:23
    120|
    121|       const logEntry = auditLogs[0]
    122|       expect(logEntry.user_id).toBe('SYSTEM')
       |                       ^
    123|       expect(logEntry.company_id).toBe('SYSTEM')
    124|     })

⎯⎯⎯⎯⎯⎯⎯⎯⎯⎯⎯⎯⎯⎯⎯⎯⎯⎯⎯⎯[155/824]⎯

 FAIL  src/utils/securityLogger.test.ts > SecurityLogger > logSecurityEvent > should use event userId and companyId when provided
TypeError: Cannot read properties of undefined (reading 'user_id')
 ❯ src/utils/securityLogger.test.ts:144:23
    142|
    143|       const logEntry = auditLogs[0]
    144|       expect(logEntry.user_id).toBe('custom-user-id')
       |                       ^
    145|       expect(logEntry.company_id).toBe('custom-company-id')
    146|     })

⎯⎯⎯⎯⎯⎯⎯⎯⎯⎯⎯⎯⎯⎯⎯⎯⎯⎯⎯⎯[156/824]⎯

 FAIL  src/utils/securityLogger.test.ts > SecurityLogger > logSecurityEvent > should sanitize sensitive data from event details
TypeError: Cannot read properties of undefined (reading 'after_value')
 ❯ src/utils/securityLogger.test.ts:167:46
    165|
    166|       const logEntry = auditLogs[0]
    167|       const afterValue = JSON.parse(logEntry.after_value)
       |                                              ^
    168|       expect(afterValue.metadata.password).toBe('[REDACTED]')
    169|       expect(afterValue.metadata.secretKey).toBe('[REDACTED]')

⎯⎯⎯⎯⎯⎯⎯⎯⎯⎯⎯⎯⎯⎯⎯⎯⎯⎯⎯⎯[157/824]⎯

 FAIL  src/utils/securityLogger.test.ts > SecurityLogger > logFailedLogin > should log a failed login attempt
AssertionError: expected null to be truthy

- Expected:
true

+ Received:
null

 ❯ src/utils/securityLogger.test.ts:206:21
    204|       const logId = await logFailedLogin(details, mockDb)
    205|
    206|       expect(logId).toBeTruthy()
       |                     ^
    207|       expect(auditLogs).toHaveLength(1)
    208|

⎯⎯⎯⎯⎯⎯⎯⎯⎯⎯⎯⎯⎯⎯⎯⎯⎯⎯⎯⎯[158/824]⎯

 FAIL  src/utils/securityLogger.test.ts > SecurityLogger > logFailedLogin > should log account not found attempts
TypeError: Cannot read properties of undefined (reading 'after_value')
 ❯ src/utils/securityLogger.test.ts:228:46
    226|
    227|       const logEntry = auditLogs[0]
    228|       const afterValue = JSON.parse(logEntry.after_value)
       |                                              ^
    229|       expect(afterValue.reason).toBe('account_not_found')
    230|     })

⎯⎯⎯⎯⎯⎯⎯⎯⎯⎯⎯⎯⎯⎯⎯⎯⎯⎯⎯⎯[159/824]⎯

 FAIL  src/utils/securityLogger.test.ts > SecurityLogger > logFailedLogin > should log account locked attempts
TypeError: Cannot read properties of undefined (reading 'after_value')
 ❯ src/utils/securityLogger.test.ts:242:46
    240|
    241|       const logEntry = auditLogs[0]
    242|       const afterValue = JSON.parse(logEntry.after_value)
       |                                              ^
    243|       expect(afterValue.reason).toBe('account_locked')
    244|     })

⎯⎯⎯⎯⎯⎯⎯⎯⎯⎯⎯⎯⎯⎯⎯⎯⎯⎯⎯⎯[160/824]⎯

 FAIL  src/utils/securityLogger.test.ts > SecurityLogger > logAuthorizationFailure > should log an authorization failure (potential IDOR attack)
AssertionError: expected null to be truthy

- Expected:
true

+ Received:
null

 ❯ src/utils/securityLogger.test.ts:267:21
    265|       )
    266|
    267|       expect(logId).toBeTruthy()
       |                     ^
    268|       expect(auditLogs).toHaveLength(1)
    269|

⎯⎯⎯⎯⎯⎯⎯⎯⎯⎯⎯⎯⎯⎯⎯⎯⎯⎯⎯⎯[161/824]⎯

 FAIL  src/utils/securityLogger.test.ts > SecurityLogger > logAuthorizationFailure > should log resource not found authorization failures
TypeError: Cannot read properties of undefined (reading 'after_value')
 ❯ src/utils/securityLogger.test.ts:295:46
    293|
    294|       const logEntry = auditLogs[0]
    295|       const afterValue = JSON.parse(logEntry.after_value)
       |                                              ^
    296|       expect(afterValue.reason).toBe('not_found')
    297|     })

⎯⎯⎯⎯⎯⎯⎯⎯⎯⎯⎯⎯⎯⎯⎯⎯⎯⎯⎯⎯[162/824]⎯

 FAIL  src/utils/securityLogger.test.ts > SecurityLogger > logAuthorizationFailure > should log invalid company ID authorization failures
TypeError: Cannot read properties of undefined (reading 'after_value')
 ❯ src/utils/securityLogger.test.ts:310:46
    308|
    309|       const logEntry = auditLogs[0]
    310|       const afterValue = JSON.parse(logEntry.after_value)
       |                                              ^
    311|       expect(afterValue.reason).toBe('invalid_company_id')
    312|     })

⎯⎯⎯⎯⎯⎯⎯⎯⎯⎯⎯⎯⎯⎯⎯⎯⎯⎯⎯⎯[163/824]⎯

 FAIL  src/utils/securityLogger.test.ts > SecurityLogger > logRateLimitExceeded > should log rate limit exceeded events
AssertionError: expected null to be truthy

- Expected:
true

+ Received:
null

 ❯ src/utils/securityLogger.test.ts:326:21
    324|       const logId = await logRateLimitExceeded(details, mockDb)
    325|
    326|       expect(logId).toBeTruthy()
       |                     ^
    327|       expect(auditLogs).toHaveLength(1)
    328|

⎯⎯⎯⎯⎯⎯⎯⎯⎯⎯⎯⎯⎯⎯⎯⎯⎯⎯⎯⎯[164/824]⎯

 FAIL  src/utils/securityLogger.test.ts > SecurityLogger > logSuspiciousActivity > should log suspicious activity
AssertionError: expected null to be truthy

- Expected:
true

+ Received:
null

 ❯ src/utils/securityLogger.test.ts:355:21
    353|       )
    354|
    355|       expect(logId).toBeTruthy()
       |                     ^
    356|       expect(auditLogs).toHaveLength(1)
    357|

⎯⎯⎯⎯⎯⎯⎯⎯⎯⎯⎯⎯⎯⎯⎯⎯⎯⎯⎯⎯[165/824]⎯

 FAIL  src/utils/securityLogger.test.ts > SecurityLogger > logSuspiciousActivity > should log different severity levels
TypeError: Cannot read properties of undefined (reading 'after_value')
 ❯ src/utils/securityLogger.test.ts:387:48
    385|
    386|         const logEntry = auditLogs[0]
    387|         const afterValue = JSON.parse(logEntry.after_value)
       |                                                ^
    388|         expect(afterValue.severity).toBe(severity)
    389|       }

⎯⎯⎯⎯⎯⎯⎯⎯⎯⎯⎯⎯⎯⎯⎯⎯⎯⎯⎯⎯[166/824]⎯

 FAIL  src/utils/securityLogger.test.ts > SecurityLogger > logAccountLockout > should log account lockout due to failed attempts
AssertionError: expected null to be truthy

- Expected:
true

+ Received:
null

 ❯ src/utils/securityLogger.test.ts:404:21
    402|       const logId = await logAccountLockout(details, mockDb)
    403|
    404|       expect(logId).toBeTruthy()
       |                     ^
    405|       expect(auditLogs).toHaveLength(1)
    406|

⎯⎯⎯⎯⎯⎯⎯⎯⎯⎯⎯⎯⎯⎯⎯⎯⎯⎯⎯⎯[167/824]⎯

 FAIL  src/utils/securityLogger.test.ts > SecurityLogger > logAccountLockout > should log indefinite account lockout
TypeError: Cannot read properties of undefined (reading 'after_value')
 ❯ src/utils/securityLogger.test.ts:426:46
    424|
    425|       const logEntry = auditLogs[0]
    426|       const afterValue = JSON.parse(logEntry.after_value)
       |                                              ^
    427|       expect(afterValue.reason).toBe('suspicious_activity')
    428|       expect(afterValue.duration).toBeUndefined()

⎯⎯⎯⎯⎯⎯⎯⎯⎯⎯⎯⎯⎯⎯⎯⎯⎯⎯⎯⎯[168/824]⎯

 FAIL  src/utils/securityLogger.test.ts > SecurityLogger > logAccountLockout > should log manual account lockout
TypeError: Cannot read properties of undefined (reading 'after_value')
 ❯ src/utils/securityLogger.test.ts:441:46
    439|
    440|       const logEntry = auditLogs[0]
    441|       const afterValue = JSON.parse(logEntry.after_value)
       |                                              ^
    442|       expect(afterValue.reason).toBe('manual_lock')
    443|     })

⎯⎯⎯⎯⎯⎯⎯⎯⎯⎯⎯⎯⎯⎯⎯⎯⎯⎯⎯⎯[169/824]⎯

 FAIL  src/utils/securityLogger.test.ts > SecurityLogger > querySecurityEvents > should query security events for a company
AssertionError: expected [] to have a length of 3 but got +0

- Expected
+ Received

- 3
+ 0

 ❯ src/utils/securityLogger.test.ts:473:22
    471|       const events = await querySecurityEvents('test-company-id', mock…
    472|
    473|       expect(events).toHaveLength(3)
       |                      ^
    474|       expect(events[0].entity_type).toBe('SECURITY')
    475|     })

⎯⎯⎯⎯⎯⎯⎯⎯⎯⎯⎯⎯⎯⎯⎯⎯⎯⎯⎯⎯[170/824]⎯

 FAIL  src/utils/securityLogger.test.ts > SecurityLogger > getSecurityEventStats > should return statistics for security events
AssertionError: expected +0 to be 6 // Object.is equality

- Expected
+ Received

- 6
+ 0

 ❯ src/utils/securityLogger.test.ts:556:33
    554|
    555|       expect(stats).toBeDefined()
    556|       expect(stats.totalEvents).toBe(6)
       |                                 ^
    557|       expect(stats.failedLogins).toBe(2)
    558|       expect(stats.authorizationFailures).toBe(1)

⎯⎯⎯⎯⎯⎯⎯⎯⎯⎯⎯⎯⎯⎯⎯⎯⎯⎯⎯⎯[171/824]⎯

 FAIL  src/utils/securityLogger.test.ts > SecurityLogger > immutability > should create immutable logs (append-only)
TypeError: Cannot read properties of undefined (reading 'created_at')
 ❯ src/utils/securityLogger.test.ts:590:23
    588|
    589|       // Verify that the entry has no updated_at field different from …
    590|       expect(logEntry.created_at).toBe(logEntry.updated_at)
       |                       ^
    591|
    592|       // Verify that the entry has no version_vector (audit logs don't…

⎯⎯⎯⎯⎯⎯⎯⎯⎯⎯⎯⎯⎯⎯⎯⎯⎯⎯⎯⎯[172/824]⎯

 FAIL  src/utils/securityLogger.test.ts > SecurityLogger > immutability > should not allow modification of logged events
TypeError: Cannot set properties of undefined (setting 'action')
 ❯ src/utils/securityLogger.test.ts:615:20
    613|
    614|       // Attempt to modify the entry (this should not be possible in p…
    615|       auditLogs[0].action = 'MODIFIED'
       |                    ^
    616|
    617|       // Verify original values are preserved in database

⎯⎯⎯⎯⎯⎯⎯⎯⎯⎯⎯⎯⎯⎯⎯⎯⎯⎯⎯⎯[173/824]⎯

 FAIL  src/utils/securityLogger.test.ts > SecurityLogger > sensitive data sanitization > should redact password fields
TypeError: Cannot read properties of undefined (reading 'after_value')
 ❯ src/utils/securityLogger.test.ts:640:46
    638|
    639|       const logEntry = auditLogs[0]
    640|       const afterValue = JSON.parse(logEntry.after_value)
       |                                              ^
    641|       expect(afterValue.metadata.password).toBe('[REDACTED]')
    642|     })

⎯⎯⎯⎯⎯⎯⎯⎯⎯⎯⎯⎯⎯⎯⎯⎯⎯⎯⎯⎯[174/824]⎯

 FAIL  src/utils/securityLogger.test.ts > SecurityLogger > sensitive data sanitization > should redact passphrase fields
TypeError: Cannot read properties of undefined (reading 'after_value')
 ❯ src/utils/securityLogger.test.ts:661:46
    659|
    660|       const logEntry = auditLogs[0]
    661|       const afterValue = JSON.parse(logEntry.after_value)
       |                                              ^
    662|       expect(afterValue.metadata.masterPassphrase).toBe('[REDACTED]')
    663|     })

⎯⎯⎯⎯⎯⎯⎯⎯⎯⎯⎯⎯⎯⎯⎯⎯⎯⎯⎯⎯[175/824]⎯

 FAIL  src/utils/securityLogger.test.ts > SecurityLogger > sensitive data sanitization > should redact key fields
TypeError: Cannot read properties of undefined (reading 'after_value')
 ❯ src/utils/securityLogger.test.ts:684:46
    682|
    683|       const logEntry = auditLogs[0]
    684|       const afterValue = JSON.parse(logEntry.after_value)
       |                                              ^
    685|       expect(afterValue.metadata.encryptionKey).toBe('[REDACTED]')
    686|       expect(afterValue.metadata.privateKey).toBe('[REDACTED]')

⎯⎯⎯⎯⎯⎯⎯⎯⎯⎯⎯⎯⎯⎯⎯⎯⎯⎯⎯⎯[176/824]⎯

 FAIL  src/utils/securityLogger.test.ts > SecurityLogger > sensitive data sanitization > should preserve non-sensitive fields
TypeError: Cannot read properties of undefined (reading 'after_value')
 ❯ src/utils/securityLogger.test.ts:709:46
    707|
    708|       const logEntry = auditLogs[0]
    709|       const afterValue = JSON.parse(logEntry.after_value)
       |                                              ^
    710|       expect(afterValue.metadata.userId).toBe('user-123')
    711|       expect(afterValue.metadata.timestamp).toBeDefined()

⎯⎯⎯⎯⎯⎯⎯⎯⎯⎯⎯⎯⎯⎯⎯⎯⎯⎯⎯⎯[177/824]⎯

 FAIL  src/utils/validation.cpg.test.ts > validateCreatePromoParams > should accept demo hours entries
AssertionError: expected false to be true // Object.is equality

- Expected
+ Received

- true
+ false

 ❯ src/utils/validation.cpg.test.ts:315:28
    313|       ],
    314|     });
    315|     expect(result.success).toBe(true);
       |                            ^
    316|   });
    317|

⎯⎯⎯⎯⎯⎯⎯⎯⎯⎯⎯⎯⎯⎯⎯⎯⎯⎯⎯⎯[178/824]⎯

 FAIL  src/components/accounts/AccountCard.test.tsx > AccountCard Component > rendering > should render account name
 FAIL  src/components/accounts/AccountCard.test.tsx > AccountCard Component > rendering > should render account number
 FAIL  src/components/accounts/AccountCard.test.tsx > AccountCard Component > rendering > should render formatted balance
 FAIL  src/components/accounts/AccountCard.test.tsx > AccountCard Component > rendering > should render account type badge
 FAIL  src/components/accounts/AccountCard.test.tsx > AccountCard Component > rendering > should render description in default variant
 FAIL  src/components/accounts/AccountCard.test.tsx > AccountCard Component > rendering > should hide description in compact variant
 FAIL  src/components/accounts/AccountCard.test.tsx > AccountCard Component > rendering > should render inactive badge when account is inactive
 FAIL  src/components/accounts/AccountCard.test.tsx > AccountCard Component > rendering > should not render inactive badge when account is active
 FAIL  src/components/accounts/AccountCard.test.tsx > AccountCard Component > rendering > should render parent account name when provided
 FAIL  src/components/accounts/AccountCard.test.tsx > AccountCard Component > rendering > should render sub-type when provided
 FAIL  src/components/accounts/AccountCard.test.tsx > AccountCard Component > actions > should render action buttons when showActions is true
 FAIL  src/components/accounts/AccountCard.test.tsx > AccountCard Component > actions > should not render action buttons when showActions is false
 FAIL  src/components/accounts/AccountCard.test.tsx > AccountCard Component > actions > should call onEdit when edit button is clicked
 FAIL  src/components/accounts/AccountCard.test.tsx > AccountCard Component > actions > should call onDelete when delete button is clicked
 FAIL  src/components/accounts/AccountCard.test.tsx > AccountCard Component > actions > should call onClick when card is clicked
 FAIL  src/components/accounts/AccountCard.test.tsx > AccountCard Component > actions > should not call onClick when edit button is clicked
 FAIL  src/components/accounts/AccountCard.test.tsx > AccountCard Component > actions > should support keyboard activation with Enter
 FAIL  src/components/accounts/AccountCard.test.tsx > AccountCard Component > actions > should support keyboard activation with Space
 FAIL  src/components/accounts/AccountCard.test.tsx > AccountCard Component > account types > should render asset type correctly
 FAIL  src/components/accounts/AccountCard.test.tsx > AccountCard Component > account types > should render liability type correctly
 FAIL  src/components/accounts/AccountCard.test.tsx > AccountCard Component > account types > should render equity type correctly
 FAIL  src/components/accounts/AccountCard.test.tsx > AccountCard Component > account types > should render income type correctly
 FAIL  src/components/accounts/AccountCard.test.tsx > AccountCard Component > account types > should render expense type correctly
 FAIL  src/components/accounts/AccountCard.test.tsx > AccountCard Component > account types > should render cost-of-goods-sold type correctly
 FAIL  src/components/accounts/AccountCard.test.tsx > AccountCard Component > account types > should render other-income type correctly
 FAIL  src/components/accounts/AccountCard.test.tsx > AccountCard Component > account types > should render other-expense type correctly
 FAIL  src/components/accounts/AccountCard.test.tsx > AccountCard Component > balance formatting > should format positive balance
 FAIL  src/components/accounts/AccountCard.test.tsx > AccountCard Component > balance formatting > should format negative balance
 FAIL  src/components/accounts/AccountCard.test.tsx > AccountCard Component > balance formatting > should format zero balance
 FAIL  src/components/accounts/AccountCard.test.tsx > AccountCard Component > balance formatting > should format decimal balance
 FAIL  src/components/accounts/AccountCard.test.tsx > AccountCard Component > custom styling > should accept custom className
 FAIL  src/components/accounts/AccountCard.test.tsx > AccountCard Component > custom styling > should apply clickable styles when onClick is provided
 FAIL  src/components/accounts/AccountCard.test.tsx > AccountCard Component > custom styling > should apply inactive styles when account is inactive
 FAIL  src/components/accounts/AccountCard.test.tsx > AccountCard Component > accessibility > should have no accessibility violations
 FAIL  src/components/accounts/AccountCard.test.tsx > AccountCard Component > accessibility > should have no accessibility violations with actions
 FAIL  src/components/accounts/AccountCard.test.tsx > AccountCard Component > accessibility > should have no accessibility violations when clickable
 FAIL  src/components/accounts/AccountCard.test.tsx > AccountCard Component > accessibility > should have role="button" when clickable
 FAIL  src/components/accounts/AccountCard.test.tsx > AccountCard Component > accessibility > should not have role="button" when not clickable
 FAIL  src/components/accounts/AccountCard.test.tsx > AccountCard Component > accessibility > should be keyboard focusable when clickable
 FAIL  src/components/accounts/AccountCard.test.tsx > AccountCard Component > accessibility > should have aria-label for account
 FAIL  src/components/accounts/AccountCard.test.tsx > AccountCard Component > accessibility > should have aria-label for balance
 FAIL  src/components/accounts/AccountCard.test.tsx > AccountCard Component > accessibility > should have aria-label for account number
 FAIL  src/components/accounts/AccountCard.test.tsx > AccountCard Component > accessibility > should have aria-label for account type
 FAIL  src/components/accounts/AccountCard.test.tsx > AccountCard Component > edge cases > should handle account without number
 FAIL  src/components/accounts/AccountCard.test.tsx > AccountCard Component > edge cases > should handle account without description
 FAIL  src/components/accounts/AccountCard.test.tsx > AccountCard Component > edge cases > should handle very long account names
 FAIL  src/components/accounts/AccountCard.test.tsx > AccountCard Component > edge cases > should handle very large balances
Error: useNavigate() may be used only in the context of a <Router> component.
 ❯ Object.invariant [as UNSAFE_invariant] node_modules/@remix-run/router/history.ts:494:10
 ❯ invariant node_modules/react-router/lib/hooks.tsx:189:2
 ❯ useNavigateUnstable node_modules/react-router/lib/hooks.tsx:185:45
 ❯ AccountCard src/components/accounts/AccountCard.tsx:124:20
    122|   variant = 'default',
    123| }) => {
    124|   const navigate = useNavigate()
       |                    ^
    125|
    126|   const handleEdit = (e: MouseEvent, acc: Account = account) => {
 ❯ renderWithHooks node_modules/react-dom/cjs/react-dom.development.js:15486:18
 ❯ mountIndeterminateComponent node_modules/react-dom/cjs/react-dom.development.js:20103:13
 ❯ beginWork node_modules/react-dom/cjs/react-dom.development.js:21626:16
 ❯ beginWork$1 node_modules/react-dom/cjs/react-dom.development.js:27465:14
 ❯ performUnitOfWork node_modules/react-dom/cjs/react-dom.development.js:26599:12
 ❯ workLoopSync node_modules/react-dom/cjs/react-dom.development.js:26505:5

⎯⎯⎯⎯⎯⎯⎯⎯⎯⎯⎯⎯⎯⎯⎯⎯⎯⎯⎯⎯[179/824]⎯

 FAIL  src/components/admin/UserActivityDashboard.test.tsx > UserActivityDashboard > should display activity statistics
TestingLibraryElementError: Found multiple elements with the text: 1

Here are the matching elements:

Ignored nodes: comments, script, style
[36m<p[39m
  [33mclass[39m=[32m"_statValue_d8db73"[39m
[36m>[39m
  [0m1[0m
[36m</p>[39m

Ignored nodes: comments, script, style
[36m<p[39m
  [33mclass[39m=[32m"_statValue_d8db73"[39m
[36m>[39m
  [0m1[0m
[36m</p>[39m

Ignored nodes: comments, script, style
[36m<p[39m
  [33mclass[39m=[32m"_statValue_d8db73"[39m
[36m>[39m
  [0m1[0m
[36m</p>[39m

(If this is intentional, then use the `*AllBy*` variant of the query (like `queryAllByText`, `getAllByText`, or `findAllByText`)).

Ignored nodes: comments, script, style
[36m<body>[39m
  [36m<div>[39m
    [36m<div[39m
      [33mclass[39m=[32m"_container_d8db73"[39m
    [36m>[39m
      [36m<header[39m
        [33mclass[39m=[32m"_header_d8db73"[39m
      [36m>[39m
        [36m<h1>[39m
          [0mUser Activity Dashboard[0m
        [36m</h1>[39m
        [36m<p>[39m
          [0mTrack and review all user actions across your company.[0m
        [36m</p>[39m
      [36m</header>[39m
      [36m<div[39m
        [33mclass[39m=[32m"_statsGrid_d8db73"[39m
      [36m>[39m
        [36m<div[39m
          [33mclass[39m=[32m"_statCard_d8db73"[39m
        [36m>[39m
          [36m<h3>[39m
            [0mTotal Activities[0m
          [36m</h3>[39m
          [36m<p[39m
            [33mclass[39m=[32m"_statValue_d8db73"[39m
          [36m>[39m
            [0m3[0m
          [36m</p>[39m
          [36m<span[39m
            [33mclass[39m=[32m"_statLabel_d8db73"[39m
          [36m>[39m
            [0mLast 7 days[0m
          [36m</span>[39m
        [36m</div>[39m
        [36m<div[39m
          [33mclass[39m=[32m"_statCard_d8db73"[39m
        [36m>[39m
          [36m<h3>[39m
            [0mCreates[0m
          [36m</h3>[39m
          [36m<p[39m
            [33mclass[39m=[32m"_statValue_d8db73"[39m
          [36m>[39m
            [0m1[0m
          [36m</p>[39m
        [36m</div>[39m
        [36m<div[39m
          [33mclass[39m=[32m"_statCard_d8db73"[39m
        [36m>[39m
          [36m<h3>[39m
            [0mUpdates[0m
          [36m</h3>[39m
          [36m<p[39m
            [33mclass[39m=[32m"_statValue_d8db73"[39m
          [36m>[39m
            [0m1[0m
          [36m</p>[39m
        [36m</div>[39m
        [36m<div[39m
          [33mclass[39m=[32m"_statCard_d8db73"[39m
        [36m>[39m
          [36m<h3>[39m
            [0mDeletes[0m
          [36m</h3>[39m
          [36m<p[39m
            [33mclass[39m=[32m"_statValue_d8db73"[39m
          [36m>[39m
            [0m0[0m
          [36m</p>[39m
        [36m</div>[39m
        [36m<div[39m
          [33mclass[39m=[32m"_statCard_d8db73"[39m
        [36m>[39m
          [36m<h3>[39m
            [0mExports[0m
          [36m</h3>[39m
          [36m<p[39m
            [33mclass[39m=[32m"_statValue_d8db73"[39m
          [36m>[39m
            [0m0[0m
          [36m</p>[39m
        [36m</div>[39m
        [36m<div[39m
          [33mclass[39m=[32m"_statCard_d8db73"[39m
        [36m>[39m
          [36m<h3>[39m
            [0mSettings Changes[0m
          [36m</h3>[39m
          [36m<p[39m
            [33mclass[39m=[32m"_statValue_d8db73"[39m
          [36m>[39m
            [0m1[0m
          [36m</p>[39m
        [36m</div>[39m
      [36m</div>[39m
      [36m<div[39m
        [33mclass[39m=[32m"_filters_d8db73"[39m
      [36m>[39m
        [36m<div[39m
          [33mclass[39m=[32m"_filterRow_d8db73"[39m
        [36m>[39m
          [36m<div[39m
            [33mclass[39m=[32m"_inputWrapper_c35f6e _filterInput_d8db73"[39m
          [36m>[39m
            [36m<label[39m
              [33mclass[39m=[32m"_label_c35f6e"[39m
              [33mfor[39m=[32m":r6:"[39m
            [36m>[39m
              [0mUser ID[0m
            [36m</label>[39m
            [36m<div[39m
              [33mclass[39m=[32m"_inputContainer_c35f6e"[39m
            [36m>[39m
              [36m<input[39m
                [33maria-invalid[39m=[32m"false"[39m
                [33mclass[39m=[32m"_input_c35f6e"[39m
                [33mid[39m=[32m":r6:"[39m
                [33mplaceholder[39m=[32m"Filter by user ID"[39m
                [33mvalue[39m=[32m""[39m
              [36m/>[39m
            [36m</div>[39m
          [36m</div>[39m
          [36m<div[39m
            [33mclass[39m=[32m"_inputWrapper_c35f6e _filterInput_d8db73"[39m
          [36m>[39m
            [36m<label[39m
              [33mclass[39m=[32m"_label_c35f6e"[39m
              [33mfor[39m=[32m":r7:"[39m
            [36m>[39m
              [0mSearch[0m
            [36m</label>[39m
            [36m<div[39m
              [33mclass[39m=[32m"_inputContainer_c35f6e"[39m
            [36m>[39m
              [36m<input[39m
                [33maria-invalid[39m=[32m"false"[39m
                [33mclass[39m=[32m"_input_c35f6e"[39m
                [33mid[39m=[32m":r7:"[39m
                [33mplaceholder[39m=[32m"Search activities..."[39m
                [33mvalue[39m=[32m""[39m
              [36m/>[39m
            [36m</div>[39m
          [36m</div>[39m
        [36m</div>[39m
        [36m<div[39m
          [33mclass[39m=[32m"_filterRow_d8db73"[39m
        [36m>[39m
          [36m<div[39m
            [33mclass[39m=[32m"_selectWrapper_f93aca _filterSelect_d8db73"[39m
          [36m>[39m
            [36m<label[39m
              [33mclass[39m=[32m"_label_f93aca"[39m
              [33mfor[39m=[32m":r8:"[39m
            [36m>[39m
              [0mAction[0m
            [36m</label>[39m
            [36m<div[39m
              [33mclass[39m=[32m"_selectContainer_f93aca _md_f93aca"[39m
            [36m>[39m
              [36m<select[39m
                [33maria-invalid[39m=[32m"false"[39m
                [33mclass[39m=[32m"_select_f93aca"[39m
                [33mid[39m=[32m":r8:"[39m
              [36m>[39m
                [36m<option[39m
                  [33mvalue[39m=[32m"ALL"[39m
                [36m>[39m
                  [0mAll Actions[0m
                [36m</option>[39m
                [36m<option[39m
                  [33mvalue[39m=[32m"CREATE"[39m
                [36m>[39m
                  [0mCreate[0m
                [36m</option>[39m
                [36m<option[39m
                  [33mvalue[39m=[32m"UPDATE"[39m
                [36m>[39m
                  [0mUpdate[0m
                [36m</option>[39m
                [36m<option[39m
                  [33mvalue[39m=[32m"DELETE"[39m
                [36m>[39m
                  [0mDelete[0m
                [36m</option>[39m
                [36m<option[39m
                  [33mvalue[39m=[32m"EXPORT"[39m
                [36m>[39m
                  [0mExport[0m
                [36m</option>[39m
                [36m<option[39m
                  [33mvalue[39m=[32m"SETTINGS_CHANGE"[39m
                [36m>[39m
                  [0mSettings Change[0m
                [36m</option>[39m
                [36m<option[39m
                  [33mvalue[39m=[32m"LOGIN"[39m
                [36m>[39m
                  [0mLogin[0m
                [36m</option>[39m
                [36m<option[39m
                  [33mvalue[39m=[32m"LOGOUT"[39m
                [36m>[39m
                  [0mLogout[0m
                [36m</option>[39m
              [36m</select>[39m
              [36m<span[39m
                [33maria-hidden[39m=[32m"true"[39m
                [33mclass[39m=[32m"_chevron_f93aca"[39m
              [36m>[39m
                [0m▼[0m
              [36m</span>[39m
            [36m</div>[39m
          [36m</div>[39m
          [36m<div[39m
            [33mclass[39m=[32m"_selectWrapper_f93aca _filterSelect_d8db73"[39m
          [36m>[39m
            [36m<label[39m
              [33mclass[39m=[32m"_label_f93aca"[39m
              [33mfor[39m=[32m":r9:"[39m
            [36m>[39m
              [0mEntity Type[0m
            [36m</label>[39m
            [36m<div[39m
              [33mclass[39m=[32m"_selectContainer_f93aca _md_f93aca"[39m
            [36m>[39m
              [36m<select[39m
                [33maria-invalid[39m=[32m"false"[39m
                [33mclass[39m=[32m"_select_f93aca"[39m
                [33mid[39m=[32m":r9:"[39m
              [36m>[39m
                [36m<option[39m
                  [33mvalue[39m=[32m"ALL"[39m
                [36m>[39m
                  [0mAll Types[0m
                [36m</option>[39m
                [36m<option[39m
                  [33mvalue[39m=[32m"ACCOUNT"[39m
                [36m>[39m
                  [0mAccount[0m
                [36m</option>[39m
                [36m<option[39m
                  [33mvalue[39m=[32m"TRANSACTION"[39m
                [36m>[39m
                  [0mTransaction[0m
                [36m</option>[39m
                [36m<option[39m
                  [33mvalue[39m=[32m"CONTACT"[39m
                [36m>[39m
                  [0mContact[0m
                [36m</option>[39m
                [36m<option[39m
                  [33mvalue[39m=[32m"PRODUCT"[39m
                [36m>[39m
                  [0mProduct[0m
                [36m</option>[39m
                [36m<option[39m
                  [33mvalue[39m=[32m"INVOICE"[39m
                [36m>[39m
                  [0mInvoice[0m
                [36m</option>[39m
                [36m<option[39m
                  [33mvalue[39m=[32m"VENDOR"[39m
                [36m>[39m
                  [0mVendor[0m
                [36m</option>[39m
                [36m<option[39m
                  [33mvalue[39m=[32m"SETTINGS"[39m
                [36m>[39m
                  [0mSettings[0m
                [36m</option>[39m
                [36m<option[39m
                  [33mvalue[39m=[32m"USER"[39m
                [36m>[39m
                  [0mUser[0m
                [36m</option>[39m
              [36m</select>[39m
              [36m<span[39m
                [33maria-hidden[39m=[32m"true"[39m
                [33mclass[39m=[32m"_chevron_f93aca"[39m
              [36m>[39m
                [0m▼[0m
              [36m</span>[39m
            [36m</div>[39m
          [36m</div>[39m
        [36m</div>[39m
        [36m<div[39m
          [33mclass[39m=[32m"_filterRow_d8db73"[39m
        [36m>[39m
          [36m<div[39m
            [33mclass[39m=[32m"_inputWrapper_c35f6e _filterInput_d8db73"[39m
          [36m>[39m
            [36m<label[39m
              [33mclass[39m=[32m"_label_c35f6e"[39m
              [33mfor[39m=[32m":ra:"[39m
            [36m>[39m
              [0mFrom Date[0m
            [36m</label>[39m
            [36m<div[39m
              [33mclass[39m=[32m"_inputContainer_c35f6e"[39m
            [36m>[39m
              [36m<input[39m
                [33maria-invalid[39m=[32m"false"[39m
                [33mclass[39m=[32m"_input_c35f6e"[39m
                [33mid[39m=[32m":ra:"[39m
                [33mtype[39m=[32m"date"[39m
                [33mvalue[39m=[32m""[39m
              [36m/>[39m
            [36m</div>[39m
          [36m</div>[39m
          [36m<div[39m
            [33mclass[39m=[32m"_inputWrapper_c35f6e _filterInput_d8db73"[39m
          [36m>[39m
            [36m<label[39m
              [33mclass[39m=[32m"_label_c35f6e"[39m
              [33mfor[39m=[32m":rb:"[39m
            [36m>[39m
              [0mTo Date[0m
            [36m</label>[39m
            [36m<div[39m
              [33mclass[39m=[32m"_inputContainer_c35f6e"[39m
            [36m>[39m
              [36m<input[39m
                [33maria-invalid[39m=[32m"false"[39m
                [33mclass[39m=[32m"_input_c35f6e"[39m
                [33mid[39m=[32m":rb:"[39m
                [33mtype[39m=[32m"date"[39m
                [33mvalue[39m=[32m""[39m
              [36m/>[39m
            [36m</div>[39m
          [36m</div>[39m
          [36m<button[39m
            [33maria-busy[39m=[32m"false"[39m
            [33maria-disabled[39m=[32m"false"[39m
            [33mclass[39m=[32m"_button_c9c6cf _primary_c9c6cf _md_c9c6cf _exportButton_d8db73"[39m
            [33mtype[39m=[32m"button"[39m
          [36m>[39m
            [36m<span[39m
              [33mclass[39m=[32m"_content_c9c6cf"[39m
            [36m>[39m
              [0mExport to CSV[0m
            [36m</span>[39m
          [36m</button>[39m
        [36m</div>[39m
      [36m</div>[39m
      [36m<div[39m
        [33mclass[39m=[32m"_activitiesList_d8db73"[39m
      [36m>[39m
        [36m<div[39m
          [33mclass[39m=[32m"_listHeader_d8db73"[39m
        [36m>[39m
          [36m<h2>[39m
            [0mActivity Log[0m
          [36m</h2>[39m
          [36m<span[39m
            [33mclass[39m=[32m"_recordCount_d8db73"[39m
          [36m>[39m
            [0mShowing [0m
            [0m3[0m
            [0m of [0m
            [0m3[0m
            [0m activities[0m
          [36m</span>[39m
        [36m</div>[39m
        [36m<div[39m
          [33mclass[39m=[32m"_activityTable_d8db73"[39m
        [36m>[39m
          [36m<table>[39m
            [36m<thead>[39m
              [36m<tr>[39m
                [36m<th>[39m
                  [0mTimestamp[0m
                [36m</th>[39m
                [36m<th>[39m
                  [0mUser ID[0m
                [36m</th>[39m
                [36m<th>[39m
                  [0mAction[0m
                [36m</th>[39m
                [36m<th>[39m
                  [0mEntity Type[0m
                [36m</th>[39m
                [36m<th>[39m
                  [0mEntity ID[0m
                [36m</th>[39m
                [36m<th>[39m
                  [0mChanged Fields[0m
                [36m</th>[39m
                [36m<th>[39m
                  [0mDetails[0m
                [36m</th>[39m
              [36m</tr>[39m
            [36m</thead>[39m
            [36m<tbody>[39m
              [36m<tr[39m
                [33mclass[39m=[32m"_activityRow_d8db73"[39m
              [36m>[39m
                [36m<td>[39m
                  [0mMay 2, 2026, 01:13 PM[0m
                [36m</td>[39m
                [36m<td[39m
                  [33mclass[39m=[32m"_userId_d8db73"[39m
                [36m>[39m
                  [0muser-123[0m
                  [0m...[0m
                [36m</td>[39m
                [36m<td>[39m
                  [36m<span[39m
                    [33mclass[39m=[32m"_actionBadge_d8db73 _create_d8db73"[39m
                  [36m>[39m
                    [0mCreated[0m
                  [36m</span>[39m
                [36m</td>[39m
                [36m<td>[39m
                  [0mTransaction[0m
                [36m</td>[39m
                [36m<td[39m
                  [33mclass[39m=[32m"_entityId_d8db73"[39m
                [36m>[39m
                  [0mtxn-456[0m
                  [0m...[0m
                [36m</td>[39m
                [36m<td>[39m
                  [0mamount, description[0m
                [36m</td>[39m
                [36m<td>[39m
                  [36m<button[39m
                    [33maria-busy[39m=[32m"false"[39m
                    [33maria-disabled[39m=[32m"false"[39m
                    [33maria-label[39m=[32m"Show details for this activity"[39m
                    [33mclass[39m=[32m"_button_c9c6cf _ghost_c9c6cf _sm_c9c6cf"[39m
                    [33mtype[39m=[32m"button"[39m
                  [36m>[39m
                    [36m<span[39m
                      [33mclass[39m=[32m"_content_c9c6cf"[39m
                    [36m>[39m
                      [0mShow[0m
                      [0m Details[0m
                    [36m</span>[39m
                  [36m</button>[39m
                [36m</td>[39m
              [36m</tr>[39m
              [36m<tr[39m
                [33mclass[39m=[32m"_activityRow_d8db73"[39m
              [36m>[39m
                [36m<td>[39m
                  [0mMay 2, 2026, 01:08 PM[0m
                [36m</td>[39m
                [36m<td[39m
                  [33mclass[39m=[32m"_userId_d8db73"[39m
                [36m>[39m
                  [0muser-456[0m
                  [0m...[0m
                [36m</td>[39m
                [36m<td>[39m
                  [36m<span[39m
                    [33mclass[39m=[32m"_actionBadge_d8db73 _update_d8db73"[39m
                  [36m>[39m
                    [0mUpdated[0m
                  [36m</span>[39m
                [36m</td>[39m
                [36m<td>[39m
                  [0mAccount[0m
                [36m</td>[39m
                [36m<td[39m
                  [33mclass[39m=[32m"_entityId_d8db73"[39m
                [36m>[39m
                  [0macc-789[0m
                  [0m...[0m
                [36m</td>[39m
                [36m<td>[39m
                  [0mbalance[0m
                [36m</td>[39m
                [36m<td>[39m
                  [36m<button[39m
                    [33maria-busy[39m=[32m"false"[39m
                    [33maria-disabled[39m=[32m"false"[39m
                    [33maria-label[39m=[32m"Show details for this activity"[39m
                    [33mclass[39m=[32m"_button_c9c6cf _ghost_c9c6cf _sm_c9c6cf"[39m
                    [33mtype[39m=[32m"button"[39m
                  [36m>[39m
                    [36m<span[39m
                      [33mclass[39m=[32m"_content_c9c6cf"[39m
                    [36m>[39m
                      [0mShow[0m
                      [0m Details[0m
                    [36m</span>[39m
                  [36m</button>[39m
                [36m</td>[39m
              [36m</tr>[39m
              [36m<tr[39m
                [33mclass[39m=[32m"_activityRow_d8db73"[39m
              [36m>[39m
                [36m<td>[39m
                  [0mMay 2, 2026, 01:03 PM[0m
                [36m</td>[39m
                [36m<td[39m
                  [33mclass[39m=[32m"_userId_d8db73"[39m
                [36m>[39m
                  [0muser-123[0m
                  [0m...[0m
                [36m</td>[39m
                [36m<td>[39m
                  [36m<span[39m
                    [33mclass[39m=[32m"_actionBadge_d8db73 _settings_change_d8db73"[39m
                  [36m>[39m
                    [0mChanged settings[0m
                  [36m</span>[39m
                [36m</td>[39m
                [36m<td>[39m
                  [0mSettings[0m
                [36m</td>[39m
                [36m<td[39m
                  [33mclass[39m=[32m"_entityId_d8db73"[39m
                [36m>[39m
                  [0mtheme[0m
                  [0m...[0m
                [36m</td>[39m
                [36m<td>[39m
                  [0mtheme[0m
                [36m</td>[39m
                [36m<td>[39m
                  [36m<button[39m
                    [33maria-busy[39m=[32m"false"[39m
                    [33maria-disabled[39m=[32m"false"[39m
                    [33maria-label[39m=[32m"Show details for this activity"[39m
                    [33mclass[39m=[32m"_button_c9c6cf _ghost_c9c6cf _sm_c9c6cf"[39m
                    [33mtype[39m=[32m"button"[39m
                  [36m>[39m
                    [36m<span[39m
                      [33mclass[39m=[32m"_content_c9c6cf"[39m
                    [36m>[39m
                      [0mShow[0m
                      [0m Details[0m
                    [36m</span>[39m
                  [36m</button>[39m
                [36m</td>[39m
              [36m</tr>[39m
            [36m</tbody>[39m
          [36m</table>[39m
        [36m</div>[39m
      [36m</div>[39m
    [36m</div>[39m
  [36m</div>[39m
[36m</body>[39m

Ignored nodes: comments, script, style
[36m<html>[39m
  [36m<head />[39m
  [36m<body>[39m
    [36m<div>[39m
      [36m<div[39m
        [33mclass[39m=[32m"_container_d8db73"[39m
      [36m>[39m
        [36m<header[39m
          [33mclass[39m=[32m"_header_d8db73"[39m
        [36m>[39m
          [36m<h1>[39m
            [0mUser Activity Dashboard[0m
          [36m</h1>[39m
          [36m<p>[39m
            [0mTrack and review all user actions across your company.[0m
          [36m</p>[39m
        [36m</header>[39m
        [36m<div[39m
          [33mclass[39m=[32m"_statsGrid_d8db73"[39m
        [36m>[39m
          [36m<div[39m
            [33mclass[39m=[32m"_statCard_d8db73"[39m
          [36m>[39m
            [36m<h3>[39m
              [0mTotal Activities[0m
            [36m</h3>[39m
            [36m<p[39m
              [33mclass[39m=[32m"_statValue_d8db73"[39m
            [36m>[39m
              [0m3[0m
            [36m</p>[39m
            [36m<span[39m
              [33mclass[39m=[32m"_statLabel_d8db73"[39m
            [36m>[39m
              [0mLast 7 days[0m
            [36m</span>[39m
          [36m</div>[39m
          [36m<div[39m
            [33mclass[39m=[32m"_statCard_d8db73"[39m
          [36m>[39m
            [36m<h3>[39m
              [0mCreates[0m
            [36m</h3>[39m
            [36m<p[39m
              [33mclass[39m=[32m"_statValue_d8db73"[39m
            [36m>[39m
              [0m1[0m
            [36m</p>[39m
          [36m</div>[39m
          [36m<div[39m
            [33mclass[39m=[32m"_statCard_d8db73"[39m
          [36m>[39m
            [36m<h3>[39m
              [0mUpdates[0m
            [36m</h3>[39m
            [36m<p[39m
              [33mclass[39m=[32m"_statValue_d8db73"[39m
            [36m>[39m
              [0m1[0m
            [36m</p>[39m
          [36m</div>[39m
          [36m<div[39m
            [33mclass[39m=[32m"_statCard_d8db73"[39m
          [36m>[39m
            [36m<h3>[39m
              [0mDeletes[0m
            [36m</h3>[39m
            [36m<p[39m
              [33mclass[39m=[32m"_statValue_d8db73"[39m
            [36m>[39m
              [0m0[0m
            [36m</p>[39m
          [36m</div>[39m
          [36m<div[39m
            [33mclass[39m=[32m"_statCard_d8db73"[39m
          [36m>[39m
            [36m<h3>[39m
              [0mExports[0m
            [36m</h3>[39m
            [36m<p[39m
              [33mclass[39m=[32m"_statValue_d8db73"[39m
            [36m>[39m
              [0m0[0m
            [36m</p>[39m
          [36m</div>[39m
          [36m<div[39m
            [33mclass[39m=[32m"_statCard_d8db73"[39m
          [36m>[39m
            [36m<h3>[39m
              [0mSettings Changes[0m
            [36m</h3>[39m
            [36m<p[39m
              [33mclass[39m=[32m"_statValue_d8db73"[39m
            [36m>[39m
              [0m1[0m
            [36m</p>[39m
          [36m</div>[39m
        [36m</div>[39m
        [36m<div[39m
          [33mclass[39m=[32m"_filters_d8db73"[39m
        [36m>[39m
          [36m<div[39m
            [33mclass[39m=[32m"_filterRow_d8db73"[39m
          [36m>[39m
            [36m<div[39m
              [33mclass[39m=[32m"_inputWrapper_c35f6e _filterInput_d8db73"[39m
            [36m>[39m
              [36m<label[39m
                [33mclass[39m=[32m"_label_c35f6e"[39m
                [33mfor[39m=[32m":r6:"[39m
              [36m>[39m
                [0mUser ID[0m
              [36m</label>[39m
              [36m<div[39m
                [33mclass[39m=[32m"_inputContainer_c35f6e"[39m
              [36m>[39m
                [36m<input[39m
                  [33maria-invalid[39m=[32m"false"[39m
                  [33mclass[39m=[32m"_input_c35f6e"[39m
                  [33mid[39m=[32m":r6:"[39m
                  [33mplaceholder[39m=[32m"Filter by user ID"[39m
                  [33mvalue[39m=[32m""[39m
                [36m/>[39m
              [36m</div>[39m
            [36m</div>[39m
            [36m<div[39m
              [33mclass[39m=[32m"_inputWrapper_c35f6e _filterInput_d8db73"[39m
            [36m>[39m
              [36m<label[39m
                [33mclass[39m=[32m"_label_c35f6e"[39m
                [33mfor[39m=[32m":r7:"[39m
              [36m>[39m
                [0mSearch[0m
              [36m</label>[39m
              [36m<div[39m
                [33mclass[39m=[32m"_inputContainer_c35f6e"[39m
              [36m>[39m
                [36m<input[39m
                  [33maria-invalid[39m=[32m"false"[39m
                  [33mclass[39m=[32m"_input_c35f6e"[39m
                  [33mid[39m=[32m":r7:"[39m
                  [33mplaceholder[39m=[32m"Search activities..."[39m
                  [33mvalue[39m=[32m""[39m
                [36m/>[39m
              [36m</div>[39m
            [36m</div>[39m
          [36m</div>[39m
          [36m<div[39m
            [33mclass[39m=[32m"_filterRow_d8db73"[39m
          [36m>[39m
            [36m<div[39m
              [33mclass[39m=[32m"_selectWrapper_f93aca _filterSelect_d8db73"[39m
            [36m>[39m
              [36m<label[39m
                [33mclass[39m=[32m"_label_f93aca"[39m
                [33mfor[39m=[32m":r8:"[39m
              [36m>[39m
                [0mAction[0m
              [36m</label>[39m
              [36m<div[39m
                [33mclass[39m=[32m"_selectContainer_f93aca _md_f93aca"[39m
              [36m>[39m
                [36m<select[39m
                  [33maria-invalid[39m=[32m"false"[39m
                  [33mclass[39m=[32m"_select_f93aca"[39m
                  [33mid[39m=[32m":r8:"[39m
                [36m>[39m
                  [36m<option[39m
                    [33mvalue[39m=[32m"ALL"[39m
                  [36m>[39m
                    [0mAll Actions[0m
                  [36m</option>[39m
                  [36m<option[39m
                    [33mvalue[39m=[32m"CREATE"[39m
                  [36m>[39m
                    [0mCreate[0m
                  [36m</option>[39m
                  [36m<option[39m
                    [33mvalue[39m=[32m"UPDATE"[39m
                  [36m>[39m
                    [0mUpdate[0m
                  [36m</option>[39m
                  [36m<option[39m
                    [33mvalue[39m=[32m"DELETE"[39m
                  [36m>[39m
                    [0mDelete[0m
                  [36m</option>[39m
                  [36m<option[39m
                    [33mvalue[39m=[32m"EXPORT"[39m
                  [36m>[39m
                    [0mExport[0m
                  [36m</option>[39m
                  [36m<option[39m
                    [33mvalue[39m=[32m"SETTINGS_CHANGE"[39...
 ❯ Proxy.waitForWrapper node_modules/@testing-library/react/node_modules/@testing-library/dom/dist/wait-for.js:163:27
 ❯ src/components/admin/UserActivityDashboard.test.tsx:134:11
    132|     render(<UserActivityDashboard />)
    133|
    134|     await waitFor(() => {
       |           ^
    135|       expect(screen.getByText('Total Activities')).toBeInTheDocument()
    136|       expect(screen.getByText('3')).toBeInTheDocument()

⎯⎯⎯⎯⎯⎯⎯⎯⎯⎯⎯⎯⎯⎯⎯⎯⎯⎯⎯⎯[180/824]⎯

 FAIL  src/components/admin/UserActivityDashboard.test.tsx > UserActivityDashboard > should display activity list
TestingLibraryElementError: Found multiple elements with the text: /user-123/

Here are the matching elements:

Ignored nodes: comments, script, style
[36m<td[39m
  [33mclass[39m=[32m"_userId_d8db73"[39m
[36m>[39m
  [0muser-123[0m
  [0m...[0m
[36m</td>[39m

Ignored nodes: comments, script, style
[36m<td[39m
  [33mclass[39m=[32m"_userId_d8db73"[39m
[36m>[39m
  [0muser-123[0m
  [0m...[0m
[36m</td>[39m

(If this is intentional, then use the `*AllBy*` variant of the query (like `queryAllByText`, `getAllByText`, or `findAllByText`)).

Ignored nodes: comments, script, style
[36m<body>[39m
  [36m<div>[39m
    [36m<div[39m
      [33mclass[39m=[32m"_container_d8db73"[39m
    [36m>[39m
      [36m<header[39m
        [33mclass[39m=[32m"_header_d8db73"[39m
      [36m>[39m
        [36m<h1>[39m
          [0mUser Activity Dashboard[0m
        [36m</h1>[39m
        [36m<p>[39m
          [0mTrack and review all user actions across your company.[0m
        [36m</p>[39m
      [36m</header>[39m
      [36m<div[39m
        [33mclass[39m=[32m"_statsGrid_d8db73"[39m
      [36m>[39m
        [36m<div[39m
          [33mclass[39m=[32m"_statCard_d8db73"[39m
        [36m>[39m
          [36m<h3>[39m
            [0mTotal Activities[0m
          [36m</h3>[39m
          [36m<p[39m
            [33mclass[39m=[32m"_statValue_d8db73"[39m
          [36m>[39m
            [0m3[0m
          [36m</p>[39m
          [36m<span[39m
            [33mclass[39m=[32m"_statLabel_d8db73"[39m
          [36m>[39m
            [0mLast 7 days[0m
          [36m</span>[39m
        [36m</div>[39m
        [36m<div[39m
          [33mclass[39m=[32m"_statCard_d8db73"[39m
        [36m>[39m
          [36m<h3>[39m
            [0mCreates[0m
          [36m</h3>[39m
          [36m<p[39m
            [33mclass[39m=[32m"_statValue_d8db73"[39m
          [36m>[39m
            [0m1[0m
          [36m</p>[39m
        [36m</div>[39m
        [36m<div[39m
          [33mclass[39m=[32m"_statCard_d8db73"[39m
        [36m>[39m
          [36m<h3>[39m
            [0mUpdates[0m
          [36m</h3>[39m
          [36m<p[39m
            [33mclass[39m=[32m"_statValue_d8db73"[39m
          [36m>[39m
            [0m1[0m
          [36m</p>[39m
        [36m</div>[39m
        [36m<div[39m
          [33mclass[39m=[32m"_statCard_d8db73"[39m
        [36m>[39m
          [36m<h3>[39m
            [0mDeletes[0m
          [36m</h3>[39m
          [36m<p[39m
            [33mclass[39m=[32m"_statValue_d8db73"[39m
          [36m>[39m
            [0m0[0m
          [36m</p>[39m
        [36m</div>[39m
        [36m<div[39m
          [33mclass[39m=[32m"_statCard_d8db73"[39m
        [36m>[39m
          [36m<h3>[39m
            [0mExports[0m
          [36m</h3>[39m
          [36m<p[39m
            [33mclass[39m=[32m"_statValue_d8db73"[39m
          [36m>[39m
            [0m0[0m
          [36m</p>[39m
        [36m</div>[39m
        [36m<div[39m
          [33mclass[39m=[32m"_statCard_d8db73"[39m
        [36m>[39m
          [36m<h3>[39m
            [0mSettings Changes[0m
          [36m</h3>[39m
          [36m<p[39m
            [33mclass[39m=[32m"_statValue_d8db73"[39m
          [36m>[39m
            [0m1[0m
          [36m</p>[39m
        [36m</div>[39m
      [36m</div>[39m
      [36m<div[39m
        [33mclass[39m=[32m"_filters_d8db73"[39m
      [36m>[39m
        [36m<div[39m
          [33mclass[39m=[32m"_filterRow_d8db73"[39m
        [36m>[39m
          [36m<div[39m
            [33mclass[39m=[32m"_inputWrapper_c35f6e _filterInput_d8db73"[39m
          [36m>[39m
            [36m<label[39m
              [33mclass[39m=[32m"_label_c35f6e"[39m
              [33mfor[39m=[32m":rc:"[39m
            [36m>[39m
              [0mUser ID[0m
            [36m</label>[39m
            [36m<div[39m
              [33mclass[39m=[32m"_inputContainer_c35f6e"[39m
            [36m>[39m
              [36m<input[39m
                [33maria-invalid[39m=[32m"false"[39m
                [33mclass[39m=[32m"_input_c35f6e"[39m
                [33mid[39m=[32m":rc:"[39m
                [33mplaceholder[39m=[32m"Filter by user ID"[39m
                [33mvalue[39m=[32m""[39m
              [36m/>[39m
            [36m</div>[39m
          [36m</div>[39m
          [36m<div[39m
            [33mclass[39m=[32m"_inputWrapper_c35f6e _filterInput_d8db73"[39m
          [36m>[39m
            [36m<label[39m
              [33mclass[39m=[32m"_label_c35f6e"[39m
              [33mfor[39m=[32m":rd:"[39m
            [36m>[39m
              [0mSearch[0m
            [36m</label>[39m
            [36m<div[39m
              [33mclass[39m=[32m"_inputContainer_c35f6e"[39m
            [36m>[39m
              [36m<input[39m
                [33maria-invalid[39m=[32m"false"[39m
                [33mclass[39m=[32m"_input_c35f6e"[39m
                [33mid[39m=[32m":rd:"[39m
                [33mplaceholder[39m=[32m"Search activities..."[39m
                [33mvalue[39m=[32m""[39m
              [36m/>[39m
            [36m</div>[39m
          [36m</div>[39m
        [36m</div>[39m
        [36m<div[39m
          [33mclass[39m=[32m"_filterRow_d8db73"[39m
        [36m>[39m
          [36m<div[39m
            [33mclass[39m=[32m"_selectWrapper_f93aca _filterSelect_d8db73"[39m
          [36m>[39m
            [36m<label[39m
              [33mclass[39m=[32m"_label_f93aca"[39m
              [33mfor[39m=[32m":re:"[39m
            [36m>[39m
              [0mAction[0m
            [36m</label>[39m
            [36m<div[39m
              [33mclass[39m=[32m"_selectContainer_f93aca _md_f93aca"[39m
            [36m>[39m
              [36m<select[39m
                [33maria-invalid[39m=[32m"false"[39m
                [33mclass[39m=[32m"_select_f93aca"[39m
                [33mid[39m=[32m":re:"[39m
              [36m>[39m
                [36m<option[39m
                  [33mvalue[39m=[32m"ALL"[39m
                [36m>[39m
                  [0mAll Actions[0m
                [36m</option>[39m
                [36m<option[39m
                  [33mvalue[39m=[32m"CREATE"[39m
                [36m>[39m
                  [0mCreate[0m
                [36m</option>[39m
                [36m<option[39m
                  [33mvalue[39m=[32m"UPDATE"[39m
                [36m>[39m
                  [0mUpdate[0m
                [36m</option>[39m
                [36m<option[39m
                  [33mvalue[39m=[32m"DELETE"[39m
                [36m>[39m
                  [0mDelete[0m
                [36m</option>[39m
                [36m<option[39m
                  [33mvalue[39m=[32m"EXPORT"[39m
                [36m>[39m
                  [0mExport[0m
                [36m</option>[39m
                [36m<option[39m
                  [33mvalue[39m=[32m"SETTINGS_CHANGE"[39m
                [36m>[39m
                  [0mSettings Change[0m
                [36m</option>[39m
                [36m<option[39m
                  [33mvalue[39m=[32m"LOGIN"[39m
                [36m>[39m
                  [0mLogin[0m
                [36m</option>[39m
                [36m<option[39m
                  [33mvalue[39m=[32m"LOGOUT"[39m
                [36m>[39m
                  [0mLogout[0m
                [36m</option>[39m
              [36m</select>[39m
              [36m<span[39m
                [33maria-hidden[39m=[32m"true"[39m
                [33mclass[39m=[32m"_chevron_f93aca"[39m
              [36m>[39m
                [0m▼[0m
              [36m</span>[39m
            [36m</div>[39m
          [36m</div>[39m
          [36m<div[39m
            [33mclass[39m=[32m"_selectWrapper_f93aca _filterSelect_d8db73"[39m
          [36m>[39m
            [36m<label[39m
              [33mclass[39m=[32m"_label_f93aca"[39m
              [33mfor[39m=[32m":rf:"[39m
            [36m>[39m
              [0mEntity Type[0m
            [36m</label>[39m
            [36m<div[39m
              [33mclass[39m=[32m"_selectContainer_f93aca _md_f93aca"[39m
            [36m>[39m
              [36m<select[39m
                [33maria-invalid[39m=[32m"false"[39m
                [33mclass[39m=[32m"_select_f93aca"[39m
                [33mid[39m=[32m":rf:"[39m
              [36m>[39m
                [36m<option[39m
                  [33mvalue[39m=[32m"ALL"[39m
                [36m>[39m
                  [0mAll Types[0m
                [36m</option>[39m
                [36m<option[39m
                  [33mvalue[39m=[32m"ACCOUNT"[39m
                [36m>[39m
                  [0mAccount[0m
                [36m</option>[39m
                [36m<option[39m
                  [33mvalue[39m=[32m"TRANSACTION"[39m
                [36m>[39m
                  [0mTransaction[0m
                [36m</option>[39m
                [36m<option[39m
                  [33mvalue[39m=[32m"CONTACT"[39m
                [36m>[39m
                  [0mContact[0m
                [36m</option>[39m
                [36m<option[39m
                  [33mvalue[39m=[32m"PRODUCT"[39m
                [36m>[39m
                  [0mProduct[0m
                [36m</option>[39m
                [36m<option[39m
                  [33mvalue[39m=[32m"INVOICE"[39m
                [36m>[39m
                  [0mInvoice[0m
                [36m</option>[39m
                [36m<option[39m
                  [33mvalue[39m=[32m"VENDOR"[39m
                [36m>[39m
                  [0mVendor[0m
                [36m</option>[39m
                [36m<option[39m
                  [33mvalue[39m=[32m"SETTINGS"[39m
                [36m>[39m
                  [0mSettings[0m
                [36m</option>[39m
                [36m<option[39m
                  [33mvalue[39m=[32m"USER"[39m
                [36m>[39m
                  [0mUser[0m
                [36m</option>[39m
              [36m</select>[39m
              [36m<span[39m
                [33maria-hidden[39m=[32m"true"[39m
                [33mclass[39m=[32m"_chevron_f93aca"[39m
              [36m>[39m
                [0m▼[0m
              [36m</span>[39m
            [36m</div>[39m
          [36m</div>[39m
        [36m</div>[39m
        [36m<div[39m
          [33mclass[39m=[32m"_filterRow_d8db73"[39m
        [36m>[39m
          [36m<div[39m
            [33mclass[39m=[32m"_inputWrapper_c35f6e _filterInput_d8db73"[39m
          [36m>[39m
            [36m<label[39m
              [33mclass[39m=[32m"_label_c35f6e"[39m
              [33mfor[39m=[32m":rg:"[39m
            [36m>[39m
              [0mFrom Date[0m
            [36m</label>[39m
            [36m<div[39m
              [33mclass[39m=[32m"_inputContainer_c35f6e"[39m
            [36m>[39m
              [36m<input[39m
                [33maria-invalid[39m=[32m"false"[39m
                [33mclass[39m=[32m"_input_c35f6e"[39m
                [33mid[39m=[32m":rg:"[39m
                [33mtype[39m=[32m"date"[39m
                [33mvalue[39m=[32m""[39m
              [36m/>[39m
            [36m</div>[39m
          [36m</div>[39m
          [36m<div[39m
            [33mclass[39m=[32m"_inputWrapper_c35f6e _filterInput_d8db73"[39m
          [36m>[39m
            [36m<label[39m
              [33mclass[39m=[32m"_label_c35f6e"[39m
              [33mfor[39m=[32m":rh:"[39m
            [36m>[39m
              [0mTo Date[0m
            [36m</label>[39m
            [36m<div[39m
              [33mclass[39m=[32m"_inputContainer_c35f6e"[39m
            [36m>[39m
              [36m<input[39m
                [33maria-invalid[39m=[32m"false"[39m
                [33mclass[39m=[32m"_input_c35f6e"[39m
                [33mid[39m=[32m":rh:"[39m
                [33mtype[39m=[32m"date"[39m
                [33mvalue[39m=[32m""[39m
              [36m/>[39m
            [36m</div>[39m
          [36m</div>[39m
          [36m<button[39m
            [33maria-busy[39m=[32m"false"[39m
            [33maria-disabled[39m=[32m"false"[39m
            [33mclass[39m=[32m"_button_c9c6cf _primary_c9c6cf _md_c9c6cf _exportButton_d8db73"[39m
            [33mtype[39m=[32m"button"[39m
          [36m>[39m
            [36m<span[39m
              [33mclass[39m=[32m"_content_c9c6cf"[39m
            [36m>[39m
              [0mExport to CSV[0m
            [36m</span>[39m
          [36m</button>[39m
        [36m</div>[39m
      [36m</div>[39m
      [36m<div[39m
        [33mclass[39m=[32m"_activitiesList_d8db73"[39m
      [36m>[39m
        [36m<div[39m
          [33mclass[39m=[32m"_listHeader_d8db73"[39m
        [36m>[39m
          [36m<h2>[39m
            [0mActivity Log[0m
          [36m</h2>[39m
          [36m<span[39m
            [33mclass[39m=[32m"_recordCount_d8db73"[39m
          [36m>[39m
            [0mShowing [0m
            [0m3[0m
            [0m of [0m
            [0m3[0m
            [0m activities[0m
          [36m</span>[39m
        [36m</div>[39m
        [36m<div[39m
          [33mclass[39m=[32m"_activityTable_d8db73"[39m
        [36m>[39m
          [36m<table>[39m
            [36m<thead>[39m
              [36m<tr>[39m
                [36m<th>[39m
                  [0mTimestamp[0m
                [36m</th>[39m
                [36m<th>[39m
                  [0mUser ID[0m
                [36m</th>[39m
                [36m<th>[39m
                  [0mAction[0m
                [36m</th>[39m
                [36m<th>[39m
                  [0mEntity Type[0m
                [36m</th>[39m
                [36m<th>[39m
                  [0mEntity ID[0m
                [36m</th>[39m
                [36m<th>[39m
                  [0mChanged Fields[0m
                [36m</th>[39m
                [36m<th>[39m
                  [0mDetails[0m
                [36m</th>[39m
              [36m</tr>[39m
            [36m</thead>[39m
            [36m<tbody>[39m
              [36m<tr[39m
                [33mclass[39m=[32m"_activityRow_d8db73"[39m
              [36m>[39m
                [36m<td>[39m
                  [0mMay 2, 2026, 01:13 PM[0m
                [36m</td>[39m
                [36m<td[39m
                  [33mclass[39m=[32m"_userId_d8db73"[39m
                [36m>[39m
                  [0muser-123[0m
                  [0m...[0m
                [36m</td>[39m
                [36m<td>[39m
                  [36m<span[39m
                    [33mclass[39m=[32m"_actionBadge_d8db73 _create_d8db73"[39m
                  [36m>[39m
                    [0mCreated[0m
                  [36m</span>[39m
                [36m</td>[39m
                [36m<td>[39m
                  [0mTransaction[0m
                [36m</td>[39m
                [36m<td[39m
                  [33mclass[39m=[32m"_entityId_d8db73"[39m
                [36m>[39m
                  [0mtxn-456[0m
                  [0m...[0m
                [36m</td>[39m
                [36m<td>[39m
                  [0mamount, description[0m
                [36m</td>[39m
                [36m<td>[39m
                  [36m<button[39m
                    [33maria-busy[39m=[32m"false"[39m
                    [33maria-disabled[39m=[32m"false"[39m
                    [33maria-label[39m=[32m"Show details for this activity"[39m
                    [33mclass[39m=[32m"_button_c9c6cf _ghost_c9c6cf _sm_c9c6cf"[39m
                    [33mtype[39m=[32m"button"[39m
                  [36m>[39m
                    [36m<span[39m
                      [33mclass[39m=[32m"_content_c9c6cf"[39m
                    [36m>[39m
                      [0mShow[0m
                      [0m Details[0m
                    [36m</span>[39m
                  [36m</button>[39m
                [36m</td>[39m
              [36m</tr>[39m
              [36m<tr[39m
                [33mclass[39m=[32m"_activityRow_d8db73"[39m
              [36m>[39m
                [36m<td>[39m
                  [0mMay 2, 2026, 01:08 PM[0m
                [36m</td>[39m
                [36m<td[39m
                  [33mclass[39m=[32m"_userId_d8db73"[39m
                [36m>[39m
                  [0muser-456[0m
                  [0m...[0m
                [36m</td>[39m
                [36m<td>[39m
                  [36m<span[39m
                    [33mclass[39m=[32m"_actionBadge_d8db73 _update_d8db73"[39m
                  [36m>[39m
                    [0mUpdated[0m
                  [36m</span>[39m
                [36m</td>[39m
                [36m<td>[39m
                  [0mAccount[0m
                [36m</td>[39m
                [36m<td[39m
                  [33mclass[39m=[32m"_entityId_d8db73"[39m
                [36m>[39m
                  [0macc-789[0m
                  [0m...[0m
                [36m</td>[39m
                [36m<td>[39m
                  [0mbalance[0m
                [36m</td>[39m
                [36m<td>[39m
                  [36m<button[39m
                    [33maria-busy[39m=[32m"false"[39m
                    [33maria-disabled[39m=[32m"false"[39m
                    [33maria-label[39m=[32m"Show details for this activity"[39m
                    [33mclass[39m=[32m"_button_c9c6cf _ghost_c9c6cf _sm_c9c6cf"[39m
                    [33mtype[39m=[32m"button"[39m
                  [36m>[39m
                    [36m<span[39m
                      [33mclass[39m=[32m"_content_c9c6cf"[39m
                    [36m>[39m
                      [0mShow[0m
                      [0m Details[0m
                    [36m</span>[39m
                  [36m</button>[39m
                [36m</td>[39m
              [36m</tr>[39m
              [36m<tr[39m
                [33mclass[39m=[32m"_activityRow_d8db73"[39m
              [36m>[39m
                [36m<td>[39m
                  [0mMay 2, 2026, 01:03 PM[0m
                [36m</td>[39m
                [36m<td[39m
                  [33mclass[39m=[32m"_userId_d8db73"[39m
                [36m>[39m
                  [0muser-123[0m
                  [0m...[0m
                [36m</td>[39m
                [36m<td>[39m
                  [36m<span[39m
                    [33mclass[39m=[32m"_actionBadge_d8db73 _settings_change_d8db73"[39m
                  [36m>[39m
                    [0mChanged settings[0m
                  [36m</span>[39m
                [36m</td>[39m
                [36m<td>[39m
                  [0mSettings[0m
                [36m</td>[39m
                [36m<td[39m
                  [33mclass[39m=[32m"_entityId_d8db73"[39m
                [36m>[39m
                  [0mtheme[0m
                  [0m...[0m
                [36m</td>[39m
                [36m<td>[39m
                  [0mtheme[0m
                [36m</td>[39m
                [36m<td>[39m
                  [36m<button[39m
                    [33maria-busy[39m=[32m"false"[39m
                    [33maria-disabled[39m=[32m"false"[39m
                    [33maria-label[39m=[32m"Show details for this activity"[39m
                    [33mclass[39m=[32m"_button_c9c6cf _ghost_c9c6cf _sm_c9c6cf"[39m
                    [33mtype[39m=[32m"button"[39m
                  [36m>[39m
                    [36m<span[39m
                      [33mclass[39m=[32m"_content_c9c6cf"[39m
                    [36m>[39m
                      [0mShow[0m
                      [0m Details[0m
                    [36m</span>[39m
                  [36m</button>[39m
                [36m</td>[39m
              [36m</tr>[39m
            [36m</tbody>[39m
          [36m</table>[39m
        [36m</div>[39m
      [36m</div>[39m
    [36m</div>[39m
  [36m</div>[39m
[36m</body>[39m

Ignored nodes: comments, script, style
[36m<html>[39m
  [36m<head />[39m
  [36m<body>[39m
    [36m<div>[39m
      [36m<div[39m
        [33mclass[39m=[32m"_container_d8db73"[39m
      [36m>[39m
        [36m<header[39m
          [33mclass[39m=[32m"_header_d8db73"[39m
        [36m>[39m
          [36m<h1>[39m
            [0mUser Activity Dashboard[0m
          [36m</h1>[39m
          [36m<p>[39m
            [0mTrack and review all user actions across your company.[0m
          [36m</p>[39m
        [36m</header>[39m
        [36m<div[39m
          [33mclass[39m=[32m"_statsGrid_d8db73"[39m
        [36m>[39m
          [36m<div[39m
            [33mclass[39m=[32m"_statCard_d8db73"[39m
          [36m>[39m
            [36m<h3>[39m
              [0mTotal Activities[0m
            [36m</h3>[39m
            [36m<p[39m
              [33mclass[39m=[32m"_statValue_d8db73"[39m
            [36m>[39m
              [0m3[0m
            [36m</p>[39m
            [36m<span[39m
              [33mclass[39m=[32m"_statLabel_d8db73"[39m
            [36m>[39m
              [0mLast 7 days[0m
            [36m</span>[39m
          [36m</div>[39m
          [36m<div[39m
            [33mclass[39m=[32m"_statCard_d8db73"[39m
          [36m>[39m
            [36m<h3>[39m
              [0mCreates[0m
            [36m</h3>[39m
            [36m<p[39m
              [33mclass[39m=[32m"_statValue_d8db73"[39m
            [36m>[39m
              [0m1[0m
            [36m</p>[39m
          [36m</div>[39m
          [36m<div[39m
            [33mclass[39m=[32m"_statCard_d8db73"[39m
          [36m>[39m
            [36m<h3>[39m
              [0mUpdates[0m
            [36m</h3>[39m
            [36m<p[39m
              [33mclass[39m=[32m"_statValue_d8db73"[39m
            [36m>[39m
              [0m1[0m
            [36m</p>[39m
          [36m</div>[39m
          [36m<div[39m
            [33mclass[39m=[32m"_statCard_d8db73"[39m
          [36m>[39m
            [36m<h3>[39m
              [0mDeletes[0m
            [36m</h3>[39m
            [36m<p[39m
              [33mclass[39m=[32m"_statValue_d8db73"[39m
            [36m>[39m
              [0m0[0m
            [36m</p>[39m
          [36m</div>[39m
          [36m<div[39m
            [33mclass[39m=[32m"_statCard_d8db73"[39m
          [36m>[39m
            [36m<h3>[39m
              [0mExports[0m
            [36m</h3>[39m
            [36m<p[39m
              [33mclass[39m=[32m"_statValue_d8db73"[39m
            [36m>[39m
              [0m0[0m
            [36m</p>[39m
          [36m</div>[39m
          [36m<div[39m
            [33mclass[39m=[32m"_statCard_d8db73"[39m
          [36m>[39m
            [36m<h3>[39m
              [0mSettings Changes[0m
            [36m</h3>[39m
            [36m<p[39m
              [33mclass[39m=[32m"_statValue_d8db73"[39m
            [36m>[39m
              [0m1[0m
            [36m</p>[39m
          [36m</div>[39m
        [36m</div>[39m
        [36m<div[39m
          [33mclass[39m=[32m"_filters_d8db73"[39m
        [36m>[39m
          [36m<div[39m
            [33mclass[39m=[32m"_filterRow_d8db73"[39m
          [36m>[39m
            [36m<div[39m
              [33mclass[39m=[32m"_inputWrapper_c35f6e _filterInput_d8db73"[39m
            [36m>[39m
              [36m<label[39m
                [33mclass[39m=[32m"_label_c35f6e"[39m
                [33mfor[39m=[32m":rc:"[39m
              [36m>[39m
                [0mUser ID[0m
              [36m</label>[39m
              [36m<div[39m
                [33mclass[39m=[32m"_inputContainer_c35f6e"[39m
              [36m>[39m
                [36m<input[39m
                  [33maria-invalid[39m=[32m"false"[39m
                  [33mclass[39m=[32m"_input_c35f6e"[39m
                  [33mid[39m=[32m":rc:"[39m
                  [33mplaceholder[39m=[32m"Filter by user ID"[39m
                  [33mvalue[39m=[32m""[39m
                [36m/>[39m
              [36m</div>[39m
            [36m</div>[39m
            [36m<div[39m
              [33mclass[39m=[32m"_inputWrapper_c35f6e _filterInput_d8db73"[39m
            [36m>[39m
              [36m<label[39m
                [33mclass[39m=[32m"_label_c35f6e"[39m
                [33mfor[39m=[32m":rd:"[39m
              [36m>[39m
                [0mSearch[0m
              [36m</label>[39m
              [36m<div[39m
                [33mclass[39m=[32m"_inputContainer_c35f6e"[39m
              [36m>[39m
                [36m<input[39m
                  [33maria-invalid[39m=[32m"false"[39m
                  [33mclass[39m=[32m"_input_c35f6e"[39m
                  [33mid[39m=[32m":rd:"[39m
                  [33mplaceholder[39m=[32m"Search activities..."[39m
                  [33mvalue[39m=[32m""[39m
                [36m/>[39m
              [36m</div>[39m
            [36m</div>[39m
          [36m</div>[39m
          [36m<div[39m
            [33mclass[39m=[32m"_filterRow_d8db73"[39m
          [36m>[39m
            [36m<div[39m
              [33mclass[39m=[32m"_selectWrapper_f93aca _filterSelect_d8db73"[39m
            [36m>[39m
              [36m<label[39m
                [33mclass[39m=[32m"_label_f93aca"[39m
                [33mfor[39m=[32m":re:"[39m
              [36m>[39m
                [0mAction[0m
              [36m</label>[39m
              [36m<div[39m
                [33mclass[39m=[32m"_selectContainer_f93aca _md_f93aca"[39m
              [36m>[39m
                [36m<select[39m
                  [33maria-invalid[39m=[32m"false"[39m
                  [33mclass[39m=[32m"_select_f93aca"[39m
                  [33mid[39m=[32m":re:"[39m
                [36m>[39m
                  [36m<option[39m
                    [33mvalue[39m=[32m"ALL"[39m
                  [36m>[39m
                    [0mAll Actions[0m
                  [36m</option>[39m
                  [36m<option[39m
                    [33mvalue[39m=[32m"CREATE"[39m
                  [36m>[39m
                    [0mCreate[0m
                  [36m</option>[39m
                  [36m<option[39m
                    [33mvalue[39m=[32m"UPDATE"[39m
                  [36m>[39m
                    [0mUpdate[0m
                  [36m</option>[39m
                  [36m<option[39m
                    [33mvalue[39m=[32m"DELETE"[39m
                  [36m>[39m
                    [0mDelete[0m
                  [36m</option>[39m
                  [36m<option[39m
                    [33mvalue[39m=[32m"EXPORT"[39m
                  [36m>[39m
                    [0mExport[0m
                  [36m</option>[39m
                  [36m<option[39m
                    [33mvalue[39m=[32m"SETTINGS_CHANGE"[39...
 ❯ Proxy.waitForWrapper node_modules/@testing-library/react/node_modules/@testing-library/dom/dist/wait-for.js:163:27
 ❯ src/components/admin/UserActivityDashboard.test.tsx:147:11
    145|     render(<UserActivityDashboard />)
    146|
    147|     await waitFor(() => {
       |           ^
    148|       expect(screen.getByText(/user-123/)).toBeInTheDocument()
    149|       expect(screen.getByText(/user-456/)).toBeInTheDocument()

⎯⎯⎯⎯⎯⎯⎯⎯⎯⎯⎯⎯⎯⎯⎯⎯⎯⎯⎯⎯[181/824]⎯

 FAIL  src/components/admin/UserActivityDashboard.test.tsx > UserActivityDashboard > should export activities to CSV
TypeError: Failed to execute 'appendChild' on 'Node': parameter 1 is not of type 'Node'.
 ❯ Object.exports.convert node_modules/jsdom/lib/jsdom/living/generated/Node.js:25:9
 ❯ HTMLBodyElement.appendChild node_modules/jsdom/lib/jsdom/living/generated/Node.js:404:26
 ❯ Proxy.render node_modules/@testing-library/react/dist/pure.js:242:29
 ❯ src/components/admin/UserActivityDashboard.test.tsx:288:5
    286|     vi.spyOn(document, 'createElement').mockReturnValue(mockLink as an…
    287|
    288|     render(<UserActivityDashboard />)
       |     ^
    289|
    290|     await waitFor(() => {

⎯⎯⎯⎯⎯⎯⎯⎯⎯⎯⎯⎯⎯⎯⎯⎯⎯⎯⎯⎯[182/824]⎯

 FAIL  src/components/admin/UserActivityDashboard.test.tsx > UserActivityDashboard > should handle pagination
TypeError: Failed to execute 'appendChild' on 'Node': parameter 1 is not of type 'Node'.
 ❯ Object.exports.convert node_modules/jsdom/lib/jsdom/living/generated/Node.js:25:9
 ❯ HTMLBodyElement.appendChild node_modules/jsdom/lib/jsdom/living/generated/Node.js:404:26
 ❯ Proxy.render node_modules/@testing-library/react/dist/pure.js:242:29
 ❯ src/components/admin/UserActivityDashboard.test.tsx:311:5
    309|     vi.mocked(userActivityService.queryUserActivity).mockResolvedValue…
    310|
    311|     render(<UserActivityDashboard />)
       |     ^
    312|
    313|     await waitFor(() => {

⎯⎯⎯⎯⎯⎯⎯⎯⎯⎯⎯⎯⎯⎯⎯⎯⎯⎯⎯⎯[183/824]⎯

 FAIL  src/components/admin/UserActivityDashboard.test.tsx > UserActivityDashboard > should show loading state
TypeError: Failed to execute 'appendChild' on 'Node': parameter 1 is not of type 'Node'.
 ❯ Object.exports.convert node_modules/jsdom/lib/jsdom/living/generated/Node.js:25:9
 ❯ HTMLBodyElement.appendChild node_modules/jsdom/lib/jsdom/living/generated/Node.js:404:26
 ❯ Proxy.render node_modules/@testing-library/react/dist/pure.js:242:29
 ❯ src/components/admin/UserActivityDashboard.test.tsx:332:5
    330|     )
    331|
    332|     render(<UserActivityDashboard />)
       |     ^
    333|
    334|     expect(screen.getByText('Getting user activity ready for you...'))…

⎯⎯⎯⎯⎯⎯⎯⎯⎯⎯⎯⎯⎯⎯⎯⎯⎯⎯⎯⎯[184/824]⎯

 FAIL  src/components/admin/UserActivityDashboard.test.tsx > UserActivityDashboard > should show error state
TypeError: Failed to execute 'appendChild' on 'Node': parameter 1 is not of type 'Node'.
 ❯ Object.exports.convert node_modules/jsdom/lib/jsdom/living/generated/Node.js:25:9
 ❯ HTMLBodyElement.appendChild node_modules/jsdom/lib/jsdom/living/generated/Node.js:404:26
 ❯ Proxy.render node_modules/@testing-library/react/dist/pure.js:242:29
 ❯ src/components/admin/UserActivityDashboard.test.tsx:340:5
    338|     vi.mocked(userActivityService.queryUserActivity).mockRejectedValue…
    339|
    340|     render(<UserActivityDashboard />)
       |     ^
    341|
    342|     await waitFor(() => {

⎯⎯⎯⎯⎯⎯⎯⎯⎯⎯⎯⎯⎯⎯⎯⎯⎯⎯⎯⎯[185/824]⎯

 FAIL  src/components/admin/UserActivityDashboard.test.tsx > UserActivityDashboard > should retry after error
TypeError: Failed to execute 'appendChild' on 'Node': parameter 1 is not of type 'Node'.
 ❯ Object.exports.convert node_modules/jsdom/lib/jsdom/living/generated/Node.js:25:9
 ❯ HTMLBodyElement.appendChild node_modules/jsdom/lib/jsdom/living/generated/Node.js:404:26
 ❯ Proxy.render node_modules/@testing-library/react/dist/pure.js:242:29
 ❯ src/components/admin/UserActivityDashboard.test.tsx:354:5
    352|     vi.mocked(userActivityService.queryUserActivity).mockRejectedValue…
    353|
    354|     render(<UserActivityDashboard />)
       |     ^
    355|
    356|     await waitFor(() => {

⎯⎯⎯⎯⎯⎯⎯⎯⎯⎯⎯⎯⎯⎯⎯⎯⎯⎯⎯⎯[186/824]⎯

 FAIL  src/components/admin/UserActivityDashboard.test.tsx > UserActivityDashboard > should show empty state when no activities
TypeError: Failed to execute 'appendChild' on 'Node': parameter 1 is not of type 'Node'.
 ❯ Object.exports.convert node_modules/jsdom/lib/jsdom/living/generated/Node.js:25:9
 ❯ HTMLBodyElement.appendChild node_modules/jsdom/lib/jsdom/living/generated/Node.js:404:26
 ❯ Proxy.render node_modules/@testing-library/react/dist/pure.js:242:29
 ❯ src/components/admin/UserActivityDashboard.test.tsx:386:5
    384|     })
    385|
    386|     render(<UserActivityDashboard />)
       |     ^
    387|
    388|     await waitFor(() => {

⎯⎯⎯⎯⎯⎯⎯⎯⎯⎯⎯⎯⎯⎯⎯⎯⎯⎯⎯⎯[187/824]⎯

 FAIL  src/components/admin/UserActivityDashboard.test.tsx > UserActivityDashboard > should deny access for non-admin users
Error: Cannot find module '../../contexts/AuthContext'
Require stack:
- C:\Users\Admin\graceful_books\src\components\admin\UserActivityDashboard.test.tsx
 ❯ src/components/admin/UserActivityDashboard.test.tsx:396:15
    394|   it('should deny access for non-admin users', () => {
    395|     // Mock non-admin role
    396|     vi.mocked(require('../../contexts/AuthContext').useAuth).mockRetur…
       |               ^
    397|       role: 'user',
    398|       companyId: 'company-123',

⎯⎯⎯⎯⎯⎯⎯⎯⎯⎯⎯⎯⎯⎯⎯⎯⎯⎯⎯⎯[188/824]⎯

 FAIL  src/components/admin/UserActivityDashboard.test.tsx > UserActivityDashboard > should display changed fields in activity row
TypeError: Failed to execute 'appendChild' on 'Node': parameter 1 is not of type 'Node'.
 ❯ Object.exports.convert node_modules/jsdom/lib/jsdom/living/generated/Node.js:25:9
 ❯ HTMLBodyElement.appendChild node_modules/jsdom/lib/jsdom/living/generated/Node.js:404:26
 ❯ Proxy.render node_modules/@testing-library/react/dist/pure.js:242:29
 ❯ src/components/admin/UserActivityDashboard.test.tsx:414:5
    412|
    413|   it('should display changed fields in activity row', async () => {
    414|     render(<UserActivityDashboard />)
       |     ^
    415|
    416|     await waitFor(() => {

⎯⎯⎯⎯⎯⎯⎯⎯⎯⎯⎯⎯⎯⎯⎯⎯⎯⎯⎯⎯[189/824]⎯

 FAIL  src/components/admin/UserActivityDashboard.test.tsx > UserActivityDashboard > should truncate long field lists
TypeError: Failed to execute 'appendChild' on 'Node': parameter 1 is not of type 'Node'.
 ❯ Object.exports.convert node_modules/jsdom/lib/jsdom/living/generated/Node.js:25:9
 ❯ HTMLBodyElement.appendChild node_modules/jsdom/lib/jsdom/living/generated/Node.js:404:26
 ❯ Proxy.render node_modules/@testing-library/react/dist/pure.js:242:29
 ❯ src/components/admin/UserActivityDashboard.test.tsx:430:5
    428|     vi.mocked(userActivityService.queryUserActivity).mockResolvedValue…
    429|
    430|     render(<UserActivityDashboard />)
       |     ^
    431|
    432|     await waitFor(() => {

⎯⎯⎯⎯⎯⎯⎯⎯⎯⎯⎯⎯⎯⎯⎯⎯⎯⎯⎯⎯[190/824]⎯

 FAIL  src/components/admin/UserActivityDashboard.test.tsx > UserActivityDashboard > should be keyboard accessible
TypeError: Failed to execute 'appendChild' on 'Node': parameter 1 is not of type 'Node'.
 ❯ Object.exports.convert node_modules/jsdom/lib/jsdom/living/generated/Node.js:25:9
 ❯ HTMLBodyElement.appendChild node_modules/jsdom/lib/jsdom/living/generated/Node.js:404:26
 ❯ Proxy.render node_modules/@testing-library/react/dist/pure.js:242:29
 ❯ src/components/admin/UserActivityDashboard.test.tsx:438:5
    436|
    437|   it('should be keyboard accessible', async () => {
    438|     render(<UserActivityDashboard />)
       |     ^
    439|
    440|     await waitFor(() => {

⎯⎯⎯⎯⎯⎯⎯⎯⎯⎯⎯⎯⎯⎯⎯⎯⎯⎯⎯⎯[191/824]⎯

 FAIL  src/components/automation/SuggestionCard.test.tsx > SuggestionCard > anomaly suggestion > should display explanation
TestingLibraryElementError: Found multiple elements with the text: /This amount is 3x higher than the average/

Here are the matching elements:

Ignored nodes: comments, script, style
[36m<p[39m
  [33mclass[39m=[32m"_description_09137b"[39m
[36m>[39m
  [0mThis amount is 3x higher than the average for this vendor.[0m
[36m</p>[39m

Ignored nodes: comments, script, style
[36m<p[39m
  [33mclass[39m=[32m"_explanation_09137b"[39m
[36m>[39m
  [0mThis amount is 3x higher than the average for this vendor.[0m
[36m</p>[39m

(If this is intentional, then use the `*AllBy*` variant of the query (like `queryAllByText`, `getAllByText`, or `findAllByText`)).

Ignored nodes: comments, script, style
[36m<body>[39m
  [36m<div>[39m
    [36m<div[39m
      [33maria-labelledby[39m=[32m"suggestion-txn-003"[39m
      [33mclass[39m=[32m"_card_652a3f _bordered_652a3f _padding-md_652a3f _suggestionCard_09137b"[39m
      [33mrole[39m=[32m"article"[39m
    [36m>[39m
      [36m<div[39m
        [33mclass[39m=[32m"_body_652a3f"[39m
      [36m>[39m
        [36m<div[39m
          [33mclass[39m=[32m"_header_09137b"[39m
        [36m>[39m
          [36m<div[39m
            [33mclass[39m=[32m"_titleRow_09137b"[39m
          [36m>[39m
            [36m<span[39m
              [33maria-hidden[39m=[32m"true"[39m
              [33mclass[39m=[32m"_icon_09137b"[39m
            [36m>[39m
              [0m⚠️[0m
            [36m</span>[39m
            [36m<h3[39m
              [33mclass[39m=[32m"_title_09137b"[39m
              [33mid[39m=[32m"suggestion-txn-003"[39m
            [36m>[39m
              [0mAmount much higher than usual[0m
            [36m</h3>[39m
            [36m<div[39m
              [33maria-label[39m=[32m"Medium confidence: 75%"[39m
              [33mclass[39m=[32m"_confidenceBadge_09137b _confidence-medium_09137b"[39m
              [33mrole[39m=[32m"status"[39m
            [36m>[39m
              [36m<span[39m
                [33maria-hidden[39m=[32m"true"[39m
                [33mclass[39m=[32m"_confidenceIcon_09137b"[39m
              [36m>[39m
                [0m●[0m
              [36m</span>[39m
              [36m<span[39m
                [33mclass[39m=[32m"_confidenceText_09137b"[39m
              [36m>[39m
                [0mMedium confidence[0m
              [36m</span>[39m
              [36m<span[39m
                [33maria-hidden[39m=[32m"true"[39m
                [33mclass[39m=[32m"_confidencePercentage_09137b"[39m
              [36m>[39m
                [0m75[0m
                [0m%[0m
              [36m</span>[39m
            [36m</div>[39m
          [36m</div>[39m
        [36m</div>[39m
        [36m<p[39m
          [33mclass[39m=[32m"_description_09137b"[39m
        [36m>[39m
          [0mThis amount is 3x higher than the average for this vendor.[0m
        [36m</p>[39m
        [36m<div[39m
          [33mclass[39m=[32m"_anomalyDetails_09137b"[39m
        [36m>[39m
          [36m<div[39m
            [33mclass[39m=[32m"_anomalyType_09137b"[39m
          [36m>[39m
            [36m<span[39m
              [33mclass[39m=[32m"_severityBadge_09137b _severity-medium_09137b"[39m
            [36m>[39m
              [0mMedium[0m
              [0m [0m
              [0mseverity[0m
            [36m</span>[39m
          [36m</div>[39m
          [36m<p[39m
            [33mclass[39m=[32m"_explanation_09137b"[39m
          [36m>[39m
            [0mThis amount is 3x higher than the average for this vendor.[0m
          [36m</p>[39m
          [36m<p[39m
            [33mclass[39m=[32m"_suggestedAction_09137b"[39m
          [36m>[39m
            [36m<strong>[39m
              [0mSuggested action:[0m
            [36m</strong>[39m
            [0m [0m
            [0mVerify the amount is correct[0m
          [36m</p>[39m
        [36m</div>[39m
      [36m</div>[39m
      [36m<div[39m
        [33mclass[39m=[32m"_footer_652a3f"[39m
      [36m>[39m
        [36m<div[39m
          [33mclass[39m=[32m"_actions_09137b"[39m
        [36m>[39m
          [36m<div[39m
            [33mclass[39m=[32m"_leftActions_09137b"[39m
          [36m>[39m
            [36m<button[39m
              [33maria-busy[39m=[32m"false"[39m
              [33maria-controls[39m=[32m"reasoning-txn-003"[39m
              [33maria-disabled[39m=[32m"false"[39m
              [33maria-expanded[39m=[32m"false"[39m
              [33mclass[39m=[32m"_button_c9c6cf _ghost_c9c6cf _sm_c9c6cf"[39m
              [33mtype[39m=[32m"button"[39m
            [36m>[39m
              [36m<span[39m
                [33mclass[39m=[32m"_content_c9c6cf"[39m
              [36m>[39m
                [0mWhy?[0m
              [36m</span>[39m
            [36m</button>[39m
          [36m</div>[39m
          [36m<div[39m
            [33mclass[39m=[32m"_rightActions_09137b"[39m
          [36m>[39m
            [36m<button[39m
              [33maria-busy[39m=[32m"false"[39m
              [33maria-disabled[39m=[32m"false"[39m
              [33mclass[39m=[32m"_button_c9c6cf _ghost_c9c6cf _sm_c9c6cf"[39m
              [33mtype[39m=[32m"button"[39m
            [36m>[39m
              [36m<span[39m
                [33mclass[39m=[32m"_content_c9c6cf"[39m
              [36m>[39m
                [0mDismiss[0m
              [36m</span>[39m
            [36m</button>[39m
            [36m<button[39m
              [33maria-busy[39m=[32m"false"[39m
              [33maria-disabled[39m=[32m"false"[39m
              [33maria-keyshortcuts[39m=[32m"E"[39m
              [33maria-label[39m=[32m"Edit suggestion"[39m
              [33mclass[39m=[32m"_button_c9c6cf _outline_c9c6cf _sm_c9c6cf"[39m
              [33mtype[39m=[32m"button"[39m
            [36m>[39m
              [36m<span[39m
                [33mclass[39m=[32m"_content_c9c6cf"[39m
              [36m>[39m
                [0mEdit[0m
              [36m</span>[39m
            [36m</button>[39m
            [36m<button[39m
              [33maria-busy[39m=[32m"false"[39m
              [33maria-disabled[39m=[32m"false"[39m
              [33mclass[39m=[32m"_button_c9c6cf _primary_c9c6cf _sm_c9c6cf"[39m
              [33mtype[39m=[32m"button"[39m
            [36m>[39m
              [36m<span[39m
                [33mclass[39m=[32m"_content_c9c6cf"[39m
              [36m>[39m
                [0mAccept[0m
              [36m</span>[39m
            [36m</button>[39m
          [36m</div>[39m
        [36m</div>[39m
      [36m</div>[39m
    [36m</div>[39m
  [36m</div>[39m
[36m</body>[39m
 ❯ Object.getElementError node_modules/@testing-library/react/node_modules/@testing-library/dom/dist/config.js:37:19
 ❯ getElementError node_modules/@testing-library/react/node_modules/@testing-library/dom/dist/query-helpers.js:20:35
 ❯ getMultipleElementsFoundError node_modules/@testing-library/react/node_modules/@testing-library/dom/dist/query-helpers.js:23:10
 ❯ node_modules/@testing-library/react/node_modules/@testing-library/dom/dist/query-helpers.js:55:13
 ❯ node_modules/@testing-library/react/node_modules/@testing-library/dom/dist/query-helpers.js:95:19
 ❯ src/components/automation/SuggestionCard.test.tsx:263:16
    261|
    262|       expect(
    263|         screen.getByText(/This amount is 3x higher than the average/)
       |                ^
    264|       ).toBeInTheDocument()
    265|     })

⎯⎯⎯⎯⎯⎯⎯⎯⎯⎯⎯⎯⎯⎯⎯⎯⎯⎯⎯⎯[192/824]⎯

 FAIL  src/components/automation/SuggestionCard.test.tsx > SuggestionCard > accessibility > should have aria-expanded on Why button
Error: [2mexpect([22m[31melement[39m[2m).toHaveAttribute([22m[32m[32m"aria-expanded"[32m[39m[2m, [22m[32m[32m"false"[32m[39m[2m) // element.getAttribute("aria-expanded") === "false"[22m

Expected the element to have attribute:
[32m  aria-expanded="false"[39m
Received:
[31m  null[39m
 ❯ src/components/automation/SuggestionCard.test.tsx:410:25
    408|
    409|       const whyButton = screen.getByText('Why?')
    410|       expect(whyButton).toHaveAttribute('aria-expanded', 'false')
       |                         ^
    411|
    412|       fireEvent.click(whyButton)

⎯⎯⎯⎯⎯⎯⎯⎯⎯⎯⎯⎯⎯⎯⎯⎯⎯⎯⎯⎯[193/824]⎯

 FAIL  src/components/charity/CharitySelector.test.tsx > CharitySelector Component > rendering > should render header with title and description
TestingLibraryElementError: Unable to find an element with the text: /choose a charity to support/i. This could be because the text is broken up by multiple elements. In this case, you can provide a function for your text matcher to make your matcher more flexible.

Ignored nodes: comments, script, style
[36m<body>[39m
  [36m<div>[39m
    [36m<div[39m
      [33mclass[39m=[32m"_container_49ae4b"[39m
    [36m>[39m
      [36m<div[39m
        [33mclass[39m=[32m"_header_49ae4b"[39m
      [36m>[39m
        [36m<h1[39m
          [33mclass[39m=[32m"_title_49ae4b"[39m
        [36m>[39m
          [0mSelect Give Back[0m
        [36m</h1>[39m
        [36m<p[39m
          [33mclass[39m=[32m"_description_49ae4b"[39m
        [36m>[39m
          [0mChoose a cause that matters to you[0m
        [36m</p>[39m
        [36m<div[39m
          [33mclass[39m=[32m"_impactStatement_49ae4b"[39m
        [36m>[39m
          [0m✨ $5/month makes a real difference[0m
        [36m</div>[39m
      [36m</div>[39m
      [36m<div[39m
        [33mclass[39m=[32m"_searchContainer_49ae4b"[39m
      [36m>[39m
        [36m<div>[39m
          [36m<svg[39m
            [33maria-hidden[39m=[32m"true"[39m
            [33mfill[39m=[32m"none"[39m
            [33mheight[39m=[32m"20"[39m
            [33mviewBox[39m=[32m"0 0 20 20"[39m
            [33mwidth[39m=[32m"20"[39m
            [33mxmlns[39m=[32m"http://www.w3.org/2000/svg"[39m
          [36m>[39m
            [36m<path[39m
              [33md[39m=[32m"M9 17C13.4183 17 17 13.4183 17 9C17 4.58172 13.4183 1 9 1C4.58172 1 1 4.58172 1 9C1 13.4183 4.58172 17 9 17Z"[39m
              [33mstroke[39m=[32m"currentColor"[39m
              [33mstroke-linecap[39m=[32m"round"[39m
              [33mstroke-linejoin[39m=[32m"round"[39m
              [33mstroke-width[39m=[32m"2"[39m
            [36m/>[39m
            [36m<path[39m
              [33md[39m=[32m"M19 19L14.65 14.65"[39m
              [33mstroke[39m=[32m"currentColor"[39m
              [33mstroke-linecap[39m=[32m"round"[39m
              [33mstroke-linejoin[39m=[32m"round"[39m
              [33mstroke-width[39m=[32m"2"[39m
            [36m/>[39m
          [36m</svg>[39m
          [36m<input[39m
            [33maria-label[39m=[32m"Search charities"[39m
            [33mplaceholder[39m=[32m"Search charities..."[39m
            [33mtype[39m=[32m"text"[39m
            [33mvalue[39m=[32m""[39m
          [36m/>[39m
        [36m</div>[39m
      [36m</div>[39m
      [36m<div[39m
        [33mclass[39m=[32m"_filters_49ae4b"[39m
      [36m>[39m
        [36m<button[39m
          [33maria-pressed[39m=[32m"true"[39m
          [33mclass[39m=[32m"undefined undefined"[39m
        [36m>[39m
          [0mAll Charities[0m
        [36m</button>[39m
        [36m<button[39m
          [33maria-pressed[39m=[32m"false"[39m
          [33mclass[39m=[32m"undefined "[39m
        [36m>[39m
          [0mPoverty Relief[0m
        [36m</button>[39m
        [36m<button[39m
          [33maria-pressed[39m=[32m"false"[39m
          [33mclass[39m=[32m"undefined "[39m
        [36m/>[39m
        [36m<button[39m
          [33maria-pressed[39m=[32m"false"[39m
          [33mclass[39m=[32m"undefined "[39m
        [36m/>[39m
      [36m</div>[39m
      [36m<div[39m
        [33mclass[39m=[32m"_grid_49ae4b"[39m
      [36m>[39m
        [36m<div[39m
          [33mclass[39m=[32m"_centerHeader_49ae4b"[39m
        [36m>[39m
          [36m<h2[39m
            [33mclass[39m=[32m"_centerTitle_49ae4b"[39m
          [36m>[39m
            [0mChoose[0m
            [36m<br />[39m
            [0mYour[0m
            [36m<br />[39m
            [0mCause[0m
          [36m</h2>[39m
        [36m</div>[39m
        [36m<div[39m
          [33mstyle[39m=[32m"transform: rotate(0deg) translate(270px) rotate(-0deg);"[39m
        [36m>[39m
          [36m<div[39m
            [33maria-pressed[39m=[32m"false"[39m
            [33mclass[39m=[32m"_card_d0c175 _clickable_d0c175"[39m
            [33mrole[39m=[32m"button"[39m
            [33mtabindex[39m=[32m"0"[39m
          [36m>[39m
            [36m<div[39m
              [33mclass[39m=[32m"_titleRow_d0c175"[39m
            [36m>[39m
              [36m<h3[39m
                [33mclass[39m=[32m"_name_d0c175"[39m
              [36m>[39m
                [0mKhan Academy[0m
              [36m</h3>[39m
            [36m</div>[39m
            [36m<div[39m
              [33mclass[39m=[32m"_footer_d0c175"[39m
            [36m>[39m
              [36m<span[39m
                [33mclass[39m=[32m"_category_d0c175"[39m
              [36m>[39m
                [0meducation[0m
              [36m</span>[39m
              [36m<a[39m
                [33mclass[39m=[32m"_link_d0c175"[39m
                [33mhref[39m=[32m"https://khanacademy.org"[39m
                [33mrel[39m=[32m"noopener noreferrer"[39m
                [33mtarget[39m=[32m"_blank"[39m
              [36m>[39m
                [0mLearn more[0m
                [36m<svg[39m
                  [33maria-hidden[39m=[32m"true"[39m
                  [33mfill[39m=[32m"none"[39m
                  [33mheight[39m=[32m"14"[39m
                  [33mviewBox[39m=[32m"0 0 12 12"[39m
                  [33mwidth[39m=[32m"14"[39m
                  [33mxmlns[39m=[32m"http://www.w3.org/2000/svg"[39m
                [36m>[39m
                  [36m<path[39m
                    [33md[39m=[32m"M3 1H11V9M11 1L1 11"[39m
                    [33mstroke[39m=[32m"currentColor"[39m
                    [33mstroke-linecap[39m=[32m"round"[39m
                    [33mstroke-linejoin[39m=[32m"round"[39m
                    [33mstroke-width[39m=[32m"1.5"[39m
                  [36m/>[39m
                [36m</svg>[39m
              [36m</a>[39m
            [36m</div>[39m
          [36m</div>[39m
        [36m</div>[39m
        [36m<div[39m
          [33mstyle[39m=[32m"transform: rotate(120deg) translate(270px) rotate(-120deg);"[39m
        [36m>[39m
          [36m<div[39m
            [33maria-pressed[39m=[32m"false"[39m
            [33mclass[39m=[32m"_card_d0c175 _clickable_d0c175"[39m
            [33mrole[39m=[32m"button"[39m
            [33mtabindex[39m=[32m"0"[39m
          [36m>[39m
            [36m<div[39m
              [33mclass[39m=[32m"_titleRow_d0c175"[39m
            [36m>[39m
              [36m<h3[39m
                [33mclass[39m=[32m"_name_d0c175"[39m
              [36m>[39m
                [0mGiveDirectly[0m
              [36m</h3>[39m
            [36m</div>[39m
            [36m<div[39m
              [33mclass[39m=[32m"_footer_d0c175"[39m
            [36m>[39m
              [36m<span[39m
                [33mclass[39m=[32m"_category_d0c175"[39m
              [36m>[39m
                [0mPOVERTY[0m
              [36m</span>[39m
              [36m<a[39m
                [33mclass[39m=[32m"_link_d0c175"[39m
                [33mhref[39m=[32m"https://givedirectly.org"[39m
                [33mrel[39m=[32m"noopener noreferrer"[39m
                [33mtarget[39m=[32m"_blank"[39m
              [36m>[39m
                [0mLearn more[0m
                [36m<svg[39m
                  [33maria-hidden[39m=[32m"true"[39m
                  [33mfill[39m=[32m"none"[39m
                  [33mheight[39m=[32m"14"[39m
                  [33mviewBox[39m=[32m"0 0 12 12"[39m
                  [33mwidth[39m=[32m"14"[39m
                  [33mxmlns[39m=[32m"http://www.w3.org/2000/svg"[39m
                [36m>[39m
                  [36m<path[39m
                    [33md[39m=[32m"M3 1H11V9M11 1L1 11"[39m
                    [33mstroke[39m=[32m"currentColor"[39m
                    [33mstroke-linecap[39m=[32m"round"[39m
                    [33mstroke-linejoin[39m=[32m"round"[39m
                    [33mstroke-width[39m=[32m"1.5"[39m
                  [36m/>[39m
                [36m</svg>[39m
              [36m</a>[39m
            [36m</div>[39m
          [36m</div>[39m
        [36m</div>[39m
        [36m<div[39m
          [33mstyle[39m=[32m"transform: rotate(240deg) translate(270px) rotate(-240deg);"[39m
        [36m>[39m
          [36m<div[39m
            [33maria-pressed[39m=[32m"false"[39m
            [33mclass[39m=[32m"_card_d0c175 _clickable_d0c175"[39m
            [33mrole[39m=[32m"button"[39m
            [33mtabindex[39m=[32m"0"[39m
          [36m>[39m
            [36m<div[39m
              [33mclass[39m=[32m"_titleRow_d0c175"[39m
            [36m>[39m
              [36m<h3[39m
                [33mclass[39m=[32m"_name_d0c175"[39m
              [36m>[39m
                [0mThe Ocean Cleanup[0m
              [36m</h3>[39m
            [36m</div>[39m
            [36m<div[39m
              [33mclass[39m=[32m"_footer_d0c175"[39m
            [36m>[39m
              [36m<span[39m
                [33mclass[39m=[32m"_category_d0c175"[39m
              [36m>[39m
                [0menvironment[0m
              [36m</span>[39m
              [36m<a[39m
                [33mclass[39m=[32m"_link_d0c175"[39m
                [33mhref[39m=[32m"https://theoceancleanup.com"[39m
                [33mrel[39m=[32m"noopener noreferrer"[39m
                [33mtarget[39m=[32m"_blank"[39m
              [36m>[39m
                [0mLearn more[0m
                [36m<svg[39m
                  [33maria-hidden[39m=[32m"true"[39m
                  [33mfill[39m=[32m"none"[39m
                  [33mheight[39m=[32m"14"[39m
                  [33mviewBox[39m=[32m"0 0 12 12"[39m
                  [33mwidth[39m=[32m"14"[39m
                  [33mxmlns[39m=[32m"http://www.w3.org/2000/svg"[39m
                [36m>[39m
                  [36m<path[39m
                    [33md[39m=[32m"M3 1H11V9M11 1L1 11"[39m
                    [33mstroke[39m=[32m"currentColor"[39m
                    [33mstroke-linecap[39m=[32m"round"[39m
                    [33mstroke-linejoin[39m=[32m"round"[39m
                    [33mstroke-width[39m=[32m"1.5"[39m
                  [36m/>[39m
                [36m</svg>[39m
              [36m</a>[39m
            [36m</div>[39m
          [36m</div>[39m
        [36m</div>[39m
      [36m</div>[39m
    [36m</div>[39m
  [36m</div>[39m
[36m</body>[39m

Ignored nodes: comments, script, style
[36m<html>[39m
  [36m<head />[39m
  [36m<body>[39m
    [36m<div>[39m
      [36m<div[39m
        [33mclass[39m=[32m"_container_49ae4b"[39m
      [36m>[39m
        [36m<div[39m
          [33mclass[39m=[32m"_header_49ae4b"[39m
        [36m>[39m
          [36m<h1[39m
            [33mclass[39m=[32m"_title_49ae4b"[39m
          [36m>[39m
            [0mSelect Give Back[0m
          [36m</h1>[39m
          [36m<p[39m
            [33mclass[39m=[32m"_description_49ae4b"[39m
          [36m>[39m
            [0mChoose a cause that matters to you[0m
          [36m</p>[39m
          [36m<div[39m
            [33mclass[39m=[32m"_impactStatement_49ae4b"[39m
          [36m>[39m
            [0m✨ $5/month makes a real difference[0m
          [36m</div>[39m
        [36m</div>[39m
        [36m<div[39m
          [33mclass[39m=[32m"_searchContainer_49ae4b"[39m
        [36m>[39m
          [36m<div>[39m
            [36m<svg[39m
              [33maria-hidden[39m=[32m"true"[39m
              [33mfill[39m=[32m"none"[39m
              [33mheight[39m=[32m"20"[39m
              [33mviewBox[39m=[32m"0 0 20 20"[39m
              [33mwidth[39m=[32m"20"[39m
              [33mxmlns[39m=[32m"http://www.w3.org/2000/svg"[39m
            [36m>[39m
              [36m<path[39m
                [33md[39m=[32m"M9 17C13.4183 17 17 13.4183 17 9C17 4.58172 13.4183 1 9 1C4.58172 1 1 4.58172 1 9C1 13.4183 4.58172 17 9 17Z"[39m
                [33mstroke[39m=[32m"currentColor"[39m
                [33mstroke-linecap[39m=[32m"round"[39m
                [33mstroke-linejoin[39m=[32m"round"[39m
                [33mstroke-width[39m=[32m"2"[39m
              [36m/>[39m
              [36m<path[39m
                [33md[39m=[32m"M19 19L14.65 14.65"[39m
                [33mstroke[39m=[32m"currentColor"[39m
                [33mstroke-linecap[39m=[32m"round"[39m
                [33mstroke-linejoin[39m=[32m"round"[39m
                [33mstroke-width[39m=[32m"2"[39m
              [36m/>[39m
            [36m</svg>[39m
            [36m<input[39m
              [33maria-label[39m=[32m"Search charities"[39m
              [33mplaceholder[39m=[32m"Search charities..."[39m
              [33mtype[39m=[32m"text"[39m
              [33mvalue[39m=[32m""[39m
            [36m/>[39m
          [36m</div>[39m
        [36m</div>[39m
        [36m<div[39m
          [33mclass[39m=[32m"_filters_49ae4b"[39m
        [36m>[39m
          [36m<button[39m
            [33maria-pressed[39m=[32m"true"[39m
            [33mclass[39m=[32m"undefined undefined"[39m
          [36m>[39m
            [0mAll Charities[0m
          [36m</button>[39m
          [36m<button[39m
            [33maria-pressed[39m=[32m"false"[39m
            [33mclass[39m=[32m"undefined "[39m
          [36m>[39m
            [0mPoverty Relief[0m
          [36m</button>[39m
          [36m<button[39m
            [33maria-pressed[39m=[32m"false"[39m
            [33mclass[39m=[32m"undefined "[39m
          [36m/>[39m
          [36m<button[39m
            [33maria-pressed[39m=[32m"false"[39m
            [33mclass[39m=[32m"undefined "[39m
          [36m/>[39m
        [36m</div>[39m
        [36m<div[39m
          [33mclass[39m=[32m"_grid_49ae4b"[39m
        [36m>[39m
          [36m<div[39m
            [33mclass[39m=[32m"_centerHeader_49ae4b"[39m
          [36m>[39m
            [36m<h2[39m
              [33mclass[39m=[32m"_centerTitle_49ae4b"[39m
            [36m>[39m
              [0mChoose[0m
              [36m<br />[39m
              [0mYour[0m
              [36m<br />[39m
              [0mCause[0m
            [36m</h2>[39m
          [36m</div>[39m
          [36m<div[39m
            [33mstyle[39m=[32m"transform: rotate(0deg) translate(270px) rotate(-0deg);"[39m
          [36m>[39m
            [36m<div[39m
              [33maria-pressed[39m=[32m"false"[39m
              [33mclass[39m=[32m"_card_d0c175 _clickable_d0c175"[39m
              [33mrole[39m=[32m"button"[39m
              [33mtabindex[39m=[32m"0"[39m
            [36m>[39m
              [36m<div[39m
                [33mclass[39m=[32m"_titleRow_d0c175"[39m
              [36m>[39m
                [36m<h3[39m
                  [33mclass[39m=[32m"_name_d0c175"[39m
                [36m>[39m
                  [0mKhan Academy[0m
                [36m</h3>[39m
              [36m</div>[39m
              [36m<div[39m
                [33mclass[39m=[32m"_footer_d0c175"[39m
              [36m>[39m
                [36m<span[39m
                  [33mclass[39m=[32m"_category_d0c175"[39m
                [36m>[39m
                  [0meducation[0m
                [36m</span>[39m
                [36m<a[39m
                  [33mclass[39m=[32m"_link_d0c175"[39m
                  [33mhref[39m=[32m"https://khanacademy.org"[39m
                  [33mrel[39m=[32m"noopener noreferrer"[39m
                  [33mtarget[39m=[32m"_blank"[39m
                [36m>[39m
                  [0mLearn more[0m
                  [36m<svg[39m
                    [33maria-hidden[39m=[32m"true"[39m
                    [33mfill[39m=[32m"none"[39m
                    [33mheight[39m=[32m"14"[39m
                    [33mviewBox[39m=[32m"0 0 12 12"[39m
                    [33mwidth[39m=[32m"14"[39m
                    [33mxmlns[39m=[32m"http://www.w3.org/2000/svg"[39m
                  [36m>[39m
                    [36m<path[39m
                      [33md[39m=[32m"M3 1H11V9M11 1L1 11"[39m
                      [33mstroke[39m=[32m"currentColor"[39m
                      [33mstroke-linecap[39m=[32m"round"[39m
                      [33mstroke-linejoin[39m=[32m"round"[39m
                      [33mstroke-width[39m=[32m"1.5"[39m
                    [36m/>[39m
                  [36m</svg>[39m
                [36m</a>[39m
              [36m</div>[39m
            [36m</div>[39m
          [36m</div>[39m
          [36m<div[39m
            [33mstyle[39m=[32m"transform: rotate(120deg) translate(270px) rotate(-120deg);"[39m
          [36m>[39m
            [36m<div[39m
              [33maria-pressed[39m=[32m"false"[39m
              [33mclass[39m=[32m"_card_d0c175 _clickable_d0c175"[39m
              [33mrole[39m=[32m"button"[39m
              [33mtabindex[39m=[32m"0"[39m
            [36m>[39m
              [36m<div[39m
                [33mclass[39m=[32m"_titleRow_d0c175"[39m
              [36m>[39m
                [36m<h3[39m
                  [33mclass[39m=[32m"_name_d0c175"[39m
                [36m>[39m
                  [0mGiveDirectly[0m
                [36m</h3>[39m
              [36m</div>[39m
              [36m<div[39m
   ...
 ❯ Proxy.waitForWrapper node_modules/@testing-library/react/node_modules/@testing-library/dom/dist/wait-for.js:163:27
 ❯ src/components/charity/CharitySelector.test.tsx:94:13
     92|       render(<CharitySelector onSelect={mockOnSelect} />);
     93|
     94|       await waitFor(() => {
       |             ^
     95|         expect(screen.getByText(/choose a charity to support/i)).toBeI…
     96|       });

⎯⎯⎯⎯⎯⎯⎯⎯⎯⎯⎯⎯⎯⎯⎯⎯⎯⎯⎯⎯[194/824]⎯

 FAIL  src/components/charity/CharitySelector.test.tsx > CharitySelector Component > rendering > should render category filters when showFilters is true
TestingLibraryElementError: Unable to find role="button" and name `/all charities/i`

Ignored nodes: comments, script, style
[36m<body>[39m
  [36m<div>[39m
    [36m<div[39m
      [33mclass[39m=[32m"_container_49ae4b"[39m
    [36m>[39m
      [36m<div[39m
        [33mclass[39m=[32m"_header_49ae4b"[39m
      [36m>[39m
        [36m<h1[39m
          [33mclass[39m=[32m"_title_49ae4b"[39m
        [36m>[39m
          [0mSelect Give Back[0m
        [36m</h1>[39m
        [36m<p[39m
          [33mclass[39m=[32m"_description_49ae4b"[39m
        [36m>[39m
          [0mChoose a cause that matters to you[0m
        [36m</p>[39m
        [36m<div[39m
          [33mclass[39m=[32m"_impactStatement_49ae4b"[39m
        [36m>[39m
          [0m✨ $5/month makes a real difference[0m
        [36m</div>[39m
      [36m</div>[39m
      [36m<div[39m
        [33mclass[39m=[32m"_searchContainer_49ae4b"[39m
      [36m>[39m
        [36m<div>[39m
          [36m<svg[39m
            [33maria-hidden[39m=[32m"true"[39m
            [33mfill[39m=[32m"none"[39m
            [33mheight[39m=[32m"20"[39m
            [33mviewBox[39m=[32m"0 0 20 20"[39m
            [33mwidth[39m=[32m"20"[39m
            [33mxmlns[39m=[32m"http://www.w3.org/2000/svg"[39m
          [36m>[39m
            [36m<path[39m
              [33md[39m=[32m"M9 17C13.4183 17 17 13.4183 17 9C17 4.58172 13.4183 1 9 1C4.58172 1 1 4.58172 1 9C1 13.4183 4.58172 17 9 17Z"[39m
              [33mstroke[39m=[32m"currentColor"[39m
              [33mstroke-linecap[39m=[32m"round"[39m
              [33mstroke-linejoin[39m=[32m"round"[39m
              [33mstroke-width[39m=[32m"2"[39m
            [36m/>[39m
            [36m<path[39m
              [33md[39m=[32m"M19 19L14.65 14.65"[39m
              [33mstroke[39m=[32m"currentColor"[39m
              [33mstroke-linecap[39m=[32m"round"[39m
              [33mstroke-linejoin[39m=[32m"round"[39m
              [33mstroke-width[39m=[32m"2"[39m
            [36m/>[39m
          [36m</svg>[39m
          [36m<input[39m
            [33maria-label[39m=[32m"Search charities"[39m
            [33mplaceholder[39m=[32m"Search charities..."[39m
            [33mtype[39m=[32m"text"[39m
            [33mvalue[39m=[32m""[39m
          [36m/>[39m
        [36m</div>[39m
      [36m</div>[39m
      [36m<div[39m
        [33mclass[39m=[32m"_filters_49ae4b"[39m
      [36m>[39m
        [36m<button[39m
          [33maria-pressed[39m=[32m"true"[39m
          [33mclass[39m=[32m"undefined undefined"[39m
        [36m>[39m
          [0mAll Charities[0m
        [36m</button>[39m
        [36m<button[39m
          [33maria-pressed[39m=[32m"false"[39m
          [33mclass[39m=[32m"undefined "[39m
        [36m>[39m
          [0mPoverty Relief[0m
        [36m</button>[39m
        [36m<button[39m
          [33maria-pressed[39m=[32m"false"[39m
          [33mclass[39m=[32m"undefined "[39m
        [36m/>[39m
        [36m<button[39m
          [33maria-pressed[39m=[32m"false"[39m
          [33mclass[39m=[32m"undefined "[39m
        [36m/>[39m
      [36m</div>[39m
      [36m<div[39m
        [33mclass[39m=[32m"_grid_49ae4b"[39m
      [36m>[39m
        [36m<div[39m
          [33mclass[39m=[32m"_centerHeader_49ae4b"[39m
        [36m>[39m
          [36m<h2[39m
            [33mclass[39m=[32m"_centerTitle_49ae4b"[39m
          [36m>[39m
            [0mChoose[0m
            [36m<br />[39m
            [0mYour[0m
            [36m<br />[39m
            [0mCause[0m
          [36m</h2>[39m
        [36m</div>[39m
        [36m<div[39m
          [33mstyle[39m=[32m"transform: rotate(0deg) translate(270px) rotate(-0deg);"[39m
        [36m>[39m
          [36m<div[39m
            [33maria-pressed[39m=[32m"false"[39m
            [33mclass[39m=[32m"_card_d0c175 _clickable_d0c175"[39m
            [33mrole[39m=[32m"button"[39m
            [33mtabindex[39m=[32m"0"[39m
          [36m>[39m
            [36m<div[39m
              [33mclass[39m=[32m"_titleRow_d0c175"[39m
            [36m>[39m
              [36m<h3[39m
                [33mclass[39m=[32m"_name_d0c175"[39m
              [36m>[39m
                [0mKhan Academy[0m
              [36m</h3>[39m
            [36m</div>[39m
            [36m<div[39m
              [33mclass[39m=[32m"_footer_d0c175"[39m
            [36m>[39m
              [36m<span[39m
                [33mclass[39m=[32m"_category_d0c175"[39m
              [36m>[39m
                [0meducation[0m
              [36m</span>[39m
              [36m<a[39m
                [33mclass[39m=[32m"_link_d0c175"[39m
                [33mhref[39m=[32m"https://khanacademy.org"[39m
                [33mrel[39m=[32m"noopener noreferrer"[39m
                [33mtarget[39m=[32m"_blank"[39m
              [36m>[39m
                [0mLearn more[0m
                [36m<svg[39m
                  [33maria-hidden[39m=[32m"true"[39m
                  [33mfill[39m=[32m"none"[39m
                  [33mheight[39m=[32m"14"[39m
                  [33mviewBox[39m=[32m"0 0 12 12"[39m
                  [33mwidth[39m=[32m"14"[39m
                  [33mxmlns[39m=[32m"http://www.w3.org/2000/svg"[39m
                [36m>[39m
                  [36m<path[39m
                    [33md[39m=[32m"M3 1H11V9M11 1L1 11"[39m
                    [33mstroke[39m=[32m"currentColor"[39m
                    [33mstroke-linecap[39m=[32m"round"[39m
                    [33mstroke-linejoin[39m=[32m"round"[39m
                    [33mstroke-width[39m=[32m"1.5"[39m
                  [36m/>[39m
                [36m</svg>[39m
              [36m</a>[39m
            [36m</div>[39m
          [36m</div>[39m
        [36m</div>[39m
        [36m<div[39m
          [33mstyle[39m=[32m"transform: rotate(120deg) translate(270px) rotate(-120deg);"[39m
        [36m>[39m
          [36m<div[39m
            [33maria-pressed[39m=[32m"false"[39m
            [33mclass[39m=[32m"_card_d0c175 _clickable_d0c175"[39m
            [33mrole[39m=[32m"button"[39m
            [33mtabindex[39m=[32m"0"[39m
          [36m>[39m
            [36m<div[39m
              [33mclass[39m=[32m"_titleRow_d0c175"[39m
            [36m>[39m
              [36m<h3[39m
                [33mclass[39m=[32m"_name_d0c175"[39m
              [36m>[39m
                [0mGiveDirectly[0m
              [36m</h3>[39m
            [36m</div>[39m
            [36m<div[39m
              [33mclass[39m=[32m"_footer_d0c175"[39m
            [36m>[39m
              [36m<span[39m
                [33mclass[39m=[32m"_category_d0c175"[39m
              [36m>[39m
                [0mPOVERTY[0m
              [36m</span>[39m
              [36m<a[39m
                [33mclass[39m=[32m"_link_d0c175"[39m
                [33mhref[39m=[32m"https://givedirectly.org"[39m
                [33mrel[39m=[32m"noopener noreferrer"[39m
                [33mtarget[39m=[32m"_blank"[39m
              [36m>[39m
                [0mLearn more[0m
                [36m<svg[39m
                  [33maria-hidden[39m=[32m"true"[39m
                  [33mfill[39m=[32m"none"[39m
                  [33mheight[39m=[32m"14"[39m
                  [33mviewBox[39m=[32m"0 0 12 12"[39m
                  [33mwidth[39m=[32m"14"[39m
                  [33mxmlns[39m=[32m"http://www.w3.org/2000/svg"[39m
                [36m>[39m
                  [36m<path[39m
                    [33md[39m=[32m"M3 1H11V9M11 1L1 11"[39m
                    [33mstroke[39m=[32m"currentColor"[39m
                    [33mstroke-linecap[39m=[32m"round"[39m
                    [33mstroke-linejoin[39m=[32m"round"[39m
                    [33mstroke-width[39m=[32m"1.5"[39m
                  [36m/>[39m
                [36m</svg>[39m
              [36m</a>[39m
            [36m</div>[39m
          [36m</div>[39m
        [36m</div>[39m
        [36m<div[39m
          [33mstyle[39m=[32m"transform: rotate(240deg) translate(270px) rotate(-240deg);"[39m
        [36m>[39m
          [36m<div[39m
            [33maria-pressed[39m=[32m"false"[39m
            [33mclass[39m=[32m"_card_d0c175 _clickable_d0c175"[39m
            [33mrole[39m=[32m"button"[39m
            [33mtabindex[39m=[32m"0"[39m
          [36m>[39m
            [36m<div[39m
              [33mclass[39m=[32m"_titleRow_d0c175"[39m
            [36m>[39m
              [36m<h3[39m
                [33mclass[39m=[32m"_name_d0c175"[39m
              [36m>[39m
                [0mThe Ocean Cleanup[0m
              [36m</h3>[39m
            [36m</div>[39m
            [36m<div[39m
              [33mclass[39m=[32m"_footer_d0c175"[39m
            [36m>[39m
              [36m<span[39m
                [33mclass[39m=[32m"_category_d0c175"[39m
              [36m>[39m
                [0menvironment[0m
              [36m</span>[39m
              [36m<a[39m
                [33mclass[39m=[32m"_link_d0c175"[39m
                [33mhref[39m=[32m"https://theoceancleanup.com"[39m
                [33mrel[39m=[32m"noopener noreferrer"[39m
                [33mtarget[39m=[32m"_blank"[39m
              [36m>[39m
                [0mLearn more[0m
                [36m<svg[39m
                  [33maria-hidden[39m=[32m"true"[39m
                  [33mfill[39m=[32m"none"[39m
                  [33mheight[39m=[32m"14"[39m
                  [33mviewBox[39m=[32m"0 0 12 12"[39m
                  [33mwidth[39m=[32m"14"[39m
                  [33mxmlns[39m=[32m"http://www.w3.org/2000/svg"[39m
                [36m>[39m
                  [36m<path[39m
                    [33md[39m=[32m"M3 1H11V9M11 1L1 11"[39m
                    [33mstroke[39m=[32m"currentColor"[39m
                    [33mstroke-linecap[39m=[32m"round"[39m
                    [33mstroke-linejoin[39m=[32m"round"[39m
                    [33mstroke-width[39m=[32m"1.5"[39m
                  [36m/>[39m
                [36m</svg>[39m
              [36m</a>[39m
            [36m</div>[39m
          [36m</div>[39m
        [36m</div>[39m
      [36m</div>[39m
    [36m</div>[39m
  [36m</div>[39m
[36m</body>[39m

Ignored nodes: comments, script, style
[36m<html>[39m
  [36m<head />[39m
  [36m<body>[39m
    [36m<div>[39m
      [36m<div[39m
        [33mclass[39m=[32m"_container_49ae4b"[39m
      [36m>[39m
        [36m<div[39m
          [33mclass[39m=[32m"_header_49ae4b"[39m
        [36m>[39m
          [36m<h1[39m
            [33mclass[39m=[32m"_title_49ae4b"[39m
          [36m>[39m
            [0mSelect Give Back[0m
          [36m</h1>[39m
          [36m<p[39m
            [33mclass[39m=[32m"_description_49ae4b"[39m
          [36m>[39m
            [0mChoose a cause that matters to you[0m
          [36m</p>[39m
          [36m<div[39m
            [33mclass[39m=[32m"_impactStatement_49ae4b"[39m
          [36m>[39m
            [0m✨ $5/month makes a real difference[0m
          [36m</div>[39m
        [36m</div>[39m
        [36m<div[39m
          [33mclass[39m=[32m"_searchContainer_49ae4b"[39m
        [36m>[39m
          [36m<div>[39m
            [36m<svg[39m
              [33maria-hidden[39m=[32m"true"[39m
              [33mfill[39m=[32m"none"[39m
              [33mheight[39m=[32m"20"[39m
              [33mviewBox[39m=[32m"0 0 20 20"[39m
              [33mwidth[39m=[32m"20"[39m
              [33mxmlns[39m=[32m"http://www.w3.org/2000/svg"[39m
            [36m>[39m
              [36m<path[39m
                [33md[39m=[32m"M9 17C13.4183 17 17 13.4183 17 9C17 4.58172 13.4183 1 9 1C4.58172 1 1 4.58172 1 9C1 13.4183 4.58172 17 9 17Z"[39m
                [33mstroke[39m=[32m"currentColor"[39m
                [33mstroke-linecap[39m=[32m"round"[39m
                [33mstroke-linejoin[39m=[32m"round"[39m
                [33mstroke-width[39m=[32m"2"[39m
              [36m/>[39m
              [36m<path[39m
                [33md[39m=[32m"M19 19L14.65 14.65"[39m
                [33mstroke[39m=[32m"currentColor"[39m
                [33mstroke-linecap[39m=[32m"round"[39m
                [33mstroke-linejoin[39m=[32m"round"[39m
                [33mstroke-width[39m=[32m"2"[39m
              [36m/>[39m
            [36m</svg>[39m
            [36m<input[39m
              [33maria-label[39m=[32m"Search charities"[39m
              [33mplaceholder[39m=[32m"Search charities..."[39m
              [33mtype[39m=[32m"text"[39m
              [33mvalue[39m=[32m""[39m
            [36m/>[39m
          [36m</div>[39m
        [36m</div>[39m
        [36m<div[39m
          [33mclass[39m=[32m"_filters_49ae4b"[39m
        [36m>[39m
          [36m<button[39m
            [33maria-pressed[39m=[32m"true"[39m
            [33mclass[39m=[32m"undefined undefined"[39m
          [36m>[39m
            [0mAll Charities[0m
          [36m</button>[39m
          [36m<button[39m
            [33maria-pressed[39m=[32m"false"[39m
            [33mclass[39m=[32m"undefined "[39m
          [36m>[39m
            [0mPoverty Relief[0m
          [36m</button>[39m
          [36m<button[39m
            [33maria-pressed[39m=[32m"false"[39m
            [33mclass[39m=[32m"undefined "[39m
          [36m/>[39m
          [36m<button[39m
            [33maria-pressed[39m=[32m"false"[39m
            [33mclass[39m=[32m"undefined "[39m
          [36m/>[39m
        [36m</div>[39m
        [36m<div[39m
          [33mclass[39m=[32m"_grid_49ae4b"[39m
        [36m>[39m
          [36m<div[39m
            [33mclass[39m=[32m"_centerHeader_49ae4b"[39m
          [36m>[39m
            [36m<h2[39m
              [33mclass[39m=[32m"_centerTitle_49ae4b"[39m
            [36m>[39m
              [0mChoose[0m
              [36m<br />[39m
              [0mYour[0m
              [36m<br />[39m
              [0mCause[0m
            [36m</h2>[39m
          [36m</div>[39m
          [36m<div[39m
            [33mstyle[39m=[32m"transform: rotate(0deg) translate(270px) rotate(-0deg);"[39m
          [36m>[39m
            [36m<div[39m
              [33maria-pressed[39m=[32m"false"[39m
              [33mclass[39m=[32m"_card_d0c175 _clickable_d0c175"[39m
              [33mrole[39m=[32m"button"[39m
              [33mtabindex[39m=[32m"0"[39m
            [36m>[39m
              [36m<div[39m
                [33mclass[39m=[32m"_titleRow_d0c175"[39m
              [36m>[39m
                [36m<h3[39m
                  [33mclass[39m=[32m"_name_d0c175"[39m
                [36m>[39m
                  [0mKhan Academy[0m
                [36m</h3>[39m
              [36m</div>[39m
              [36m<div[39m
                [33mclass[39m=[32m"_footer_d0c175"[39m
              [36m>[39m
                [36m<span[39m
                  [33mclass[39m=[32m"_category_d0c175"[39m
                [36m>[39m
                  [0meducation[0m
                [36m</span>[39m
                [36m<a[39m
                  [33mclass[39m=[32m"_link_d0c175"[39m
                  [33mhref[39m=[32m"https://khanacademy.org"[39m
                  [33mrel[39m=[32m"noopener noreferrer"[39m
                  [33mtarget[39m=[32m"_blank"[39m
                [36m>[39m
                  [0mLearn more[0m
                  [36m<svg[39m
                    [33maria-hidden[39m=[32m"true"[39m
                    [33mfill[39m=[32m"none"[39m
                    [33mheight[39m=[32m"14"[39m
                    [33mviewBox[39m=[32m"0 0 12 12"[39m
                    [33mwidth[39m=[32m"14"[39m
                    [33mxmlns[39m=[32m"http://www.w3.org/2000/svg"[39m
                  [36m>[39m
                    [36m<path[39m
                      [33md[39m=[32m"M3 1H11V9M11 1L1 11"[39m
                      [33mstroke[39m=[32m"currentColor"[39m
                      [33mstroke-linecap[39m=[32m"round"[39m
                      [33mstroke-linejoin[39m=[32m"round"[39m
                      [33mstroke-width[39m=[32m"1.5"[39m
                    [36m/>[39m
                  [36m</svg>[39m
                [36m</a>[39m
              [36m</div>[39m
            [36m</div>[39m
          [36m</div>[39m
          [36m<div[39m
            [33mstyle[39m=[32m"transform: rotate(120deg) translate(270px) rotate(-120deg);"[39m
          [36m>[39m
            [36m<div[39m
              [33maria-pressed[39m=[32m"false"[39m
              [33mclass[39m=[32m"_card_d0c175 _clickable_d0c175"[39m
              [33mrole[39m=[32m"button"[39m
              [33mtabindex[39m=[32m"0"[39m
            [36m>[39m
              [36m<div[39m
                [33mclass[39m=[32m"_titleRow_d0c175"[39m
              [36m>[39m
                [36m<h3[39m
                  [33mclass[39m=[32m"_name_d0c175"[39m
                [36m>[39m
                  [0mGiveDirectly[0m
                [36m</h3>[39m
              [36m</div>[39m
              [36m<div[39m
   ...
 ❯ Proxy.waitForWrapper node_modules/@testing-library/react/node_modules/@testing-library/dom/dist/wait-for.js:163:27
 ❯ src/components/charity/CharitySelector.test.tsx:122:13
    120|       render(<CharitySelector onSelect={mockOnSelect} showFilters />);
    121|
    122|       await waitFor(() => {
       |             ^
    123|         expect(screen.getByRole('button', { name: /all charities/i }))…
    124|       });

⎯⎯⎯⎯⎯⎯⎯⎯⎯⎯⎯⎯⎯⎯⎯⎯⎯⎯⎯⎯[195/824]⎯

 FAIL  src/components/charity/CharitySelector.test.tsx > CharitySelector Component > charity selection > should show confirmation message when charity is selected
TestingLibraryElementError: Unable to find an element with the text: /charity selected/i. This could be because the text is broken up by multiple elements. In this case, you can provide a function for your text matcher to make your matcher more flexible.

Ignored nodes: comments, script, style
[36m<body>[39m
  [36m<div>[39m
    [36m<div[39m
      [33mclass[39m=[32m"_container_49ae4b"[39m
    [36m>[39m
      [36m<div[39m
        [33mclass[39m=[32m"_header_49ae4b"[39m
      [36m>[39m
        [36m<h1[39m
          [33mclass[39m=[32m"_title_49ae4b"[39m
        [36m>[39m
          [0mSelect Give Back[0m
        [36m</h1>[39m
        [36m<p[39m
          [33mclass[39m=[32m"_description_49ae4b"[39m
        [36m>[39m
          [0mChoose a cause that matters to you[0m
        [36m</p>[39m
        [36m<div[39m
          [33mclass[39m=[32m"_impactStatement_49ae4b"[39m
        [36m>[39m
          [0m✨ $5/month makes a real difference[0m
        [36m</div>[39m
      [36m</div>[39m
      [36m<div[39m
        [33mclass[39m=[32m"_searchContainer_49ae4b"[39m
      [36m>[39m
        [36m<div>[39m
          [36m<svg[39m
            [33maria-hidden[39m=[32m"true"[39m
            [33mfill[39m=[32m"none"[39m
            [33mheight[39m=[32m"20"[39m
            [33mviewBox[39m=[32m"0 0 20 20"[39m
            [33mwidth[39m=[32m"20"[39m
            [33mxmlns[39m=[32m"http://www.w3.org/2000/svg"[39m
          [36m>[39m
            [36m<path[39m
              [33md[39m=[32m"M9 17C13.4183 17 17 13.4183 17 9C17 4.58172 13.4183 1 9 1C4.58172 1 1 4.58172 1 9C1 13.4183 4.58172 17 9 17Z"[39m
              [33mstroke[39m=[32m"currentColor"[39m
              [33mstroke-linecap[39m=[32m"round"[39m
              [33mstroke-linejoin[39m=[32m"round"[39m
              [33mstroke-width[39m=[32m"2"[39m
            [36m/>[39m
            [36m<path[39m
              [33md[39m=[32m"M19 19L14.65 14.65"[39m
              [33mstroke[39m=[32m"currentColor"[39m
              [33mstroke-linecap[39m=[32m"round"[39m
              [33mstroke-linejoin[39m=[32m"round"[39m
              [33mstroke-width[39m=[32m"2"[39m
            [36m/>[39m
          [36m</svg>[39m
          [36m<input[39m
            [33maria-label[39m=[32m"Search charities"[39m
            [33mplaceholder[39m=[32m"Search charities..."[39m
            [33mtype[39m=[32m"text"[39m
            [33mvalue[39m=[32m""[39m
          [36m/>[39m
        [36m</div>[39m
      [36m</div>[39m
      [36m<div[39m
        [33mclass[39m=[32m"_filters_49ae4b"[39m
      [36m>[39m
        [36m<button[39m
          [33maria-pressed[39m=[32m"true"[39m
          [33mclass[39m=[32m"undefined undefined"[39m
        [36m>[39m
          [0mAll Charities[0m
        [36m</button>[39m
        [36m<button[39m
          [33maria-pressed[39m=[32m"false"[39m
          [33mclass[39m=[32m"undefined "[39m
        [36m>[39m
          [0mPoverty Relief[0m
        [36m</button>[39m
        [36m<button[39m
          [33maria-pressed[39m=[32m"false"[39m
          [33mclass[39m=[32m"undefined "[39m
        [36m/>[39m
        [36m<button[39m
          [33maria-pressed[39m=[32m"false"[39m
          [33mclass[39m=[32m"undefined "[39m
        [36m/>[39m
      [36m</div>[39m
      [36m<div[39m
        [33mclass[39m=[32m"_grid_49ae4b"[39m
      [36m>[39m
        [36m<div[39m
          [33mclass[39m=[32m"_centerHeader_49ae4b"[39m
        [36m>[39m
          [36m<h2[39m
            [33mclass[39m=[32m"_centerTitle_49ae4b"[39m
          [36m>[39m
            [0mChoose[0m
            [36m<br />[39m
            [0mYour[0m
            [36m<br />[39m
            [0mCause[0m
          [36m</h2>[39m
        [36m</div>[39m
        [36m<div[39m
          [33mstyle[39m=[32m"transform: rotate(0deg) translate(270px) rotate(-0deg);"[39m
        [36m>[39m
          [36m<div[39m
            [33maria-pressed[39m=[32m"true"[39m
            [33mclass[39m=[32m"_card_d0c175 _selected_d0c175 _clickable_d0c175"[39m
            [33mrole[39m=[32m"button"[39m
            [33mtabindex[39m=[32m"0"[39m
          [36m>[39m
            [36m<div[39m
              [33mclass[39m=[32m"_titleRow_d0c175"[39m
            [36m>[39m
              [36m<h3[39m
                [33mclass[39m=[32m"_name_d0c175"[39m
              [36m>[39m
                [0mKhan Academy[0m
              [36m</h3>[39m
              [36m<div[39m
                [33maria-label[39m=[32m"Selected"[39m
                [33mclass[39m=[32m"_selectedBadge_d0c175"[39m
              [36m>[39m
                [36m<svg[39m
                  [33maria-hidden[39m=[32m"true"[39m
                  [33mfill[39m=[32m"none"[39m
                  [33mheight[39m=[32m"20"[39m
                  [33mviewBox[39m=[32m"0 0 20 20"[39m
                  [33mwidth[39m=[32m"20"[39m
                  [33mxmlns[39m=[32m"http://www.w3.org/2000/svg"[39m
                [36m>[39m
                  [36m<circle[39m
                    [33mcx[39m=[32m"10"[39m
                    [33mcy[39m=[32m"10"[39m
                    [33mfill[39m=[32m"currentColor"[39m
                    [33mr[39m=[32m"10"[39m
                  [36m/>[39m
                  [36m<path[39m
                    [33md[39m=[32m"M6 10L9 13L14 7"[39m
                    [33mstroke[39m=[32m"white"[39m
                    [33mstroke-linecap[39m=[32m"round"[39m
                    [33mstroke-linejoin[39m=[32m"round"[39m
                    [33mstroke-width[39m=[32m"2"[39m
                  [36m/>[39m
                [36m</svg>[39m
              [36m</div>[39m
            [36m</div>[39m
            [36m<div[39m
              [33mclass[39m=[32m"_footer_d0c175"[39m
            [36m>[39m
              [36m<span[39m
                [33mclass[39m=[32m"_category_d0c175"[39m
              [36m>[39m
                [0meducation[0m
              [36m</span>[39m
              [36m<a[39m
                [33mclass[39m=[32m"_link_d0c175"[39m
                [33mhref[39m=[32m"https://khanacademy.org"[39m
                [33mrel[39m=[32m"noopener noreferrer"[39m
                [33mtarget[39m=[32m"_blank"[39m
              [36m>[39m
                [0mLearn more[0m
                [36m<svg[39m
                  [33maria-hidden[39m=[32m"true"[39m
                  [33mfill[39m=[32m"none"[39m
                  [33mheight[39m=[32m"14"[39m
                  [33mviewBox[39m=[32m"0 0 12 12"[39m
                  [33mwidth[39m=[32m"14"[39m
                  [33mxmlns[39m=[32m"http://www.w3.org/2000/svg"[39m
                [36m>[39m
                  [36m<path[39m
                    [33md[39m=[32m"M3 1H11V9M11 1L1 11"[39m
                    [33mstroke[39m=[32m"currentColor"[39m
                    [33mstroke-linecap[39m=[32m"round"[39m
                    [33mstroke-linejoin[39m=[32m"round"[39m
                    [33mstroke-width[39m=[32m"1.5"[39m
                  [36m/>[39m
                [36m</svg>[39m
              [36m</a>[39m
            [36m</div>[39m
          [36m</div>[39m
        [36m</div>[39m
        [36m<div[39m
          [33mstyle[39m=[32m"transform: rotate(120deg) translate(270px) rotate(-120deg);"[39m
        [36m>[39m
          [36m<div[39m
            [33maria-pressed[39m=[32m"false"[39m
            [33mclass[39m=[32m"_card_d0c175 _clickable_d0c175"[39m
            [33mrole[39m=[32m"button"[39m
            [33mtabindex[39m=[32m"0"[39m
          [36m>[39m
            [36m<div[39m
              [33mclass[39m=[32m"_titleRow_d0c175"[39m
            [36m>[39m
              [36m<h3[39m
                [33mclass[39m=[32m"_name_d0c175"[39m
              [36m>[39m
                [0mGiveDirectly[0m
              [36m</h3>[39m
            [36m</div>[39m
            [36m<div[39m
              [33mclass[39m=[32m"_footer_d0c175"[39m
            [36m>[39m
              [36m<span[39m
                [33mclass[39m=[32m"_category_d0c175"[39m
              [36m>[39m
                [0mPOVERTY[0m
              [36m</span>[39m
              [36m<a[39m
                [33mclass[39m=[32m"_link_d0c175"[39m
                [33mhref[39m=[32m"https://givedirectly.org"[39m
                [33mrel[39m=[32m"noopener noreferrer"[39m
                [33mtarget[39m=[32m"_blank"[39m
              [36m>[39m
                [0mLearn more[0m
                [36m<svg[39m
                  [33maria-hidden[39m=[32m"true"[39m
                  [33mfill[39m=[32m"none"[39m
                  [33mheight[39m=[32m"14"[39m
                  [33mviewBox[39m=[32m"0 0 12 12"[39m
                  [33mwidth[39m=[32m"14"[39m
                  [33mxmlns[39m=[32m"http://www.w3.org/2000/svg"[39m
                [36m>[39m
                  [36m<path[39m
                    [33md[39m=[32m"M3 1H11V9M11 1L1 11"[39m
                    [33mstroke[39m=[32m"currentColor"[39m
                    [33mstroke-linecap[39m=[32m"round"[39m
                    [33mstroke-linejoin[39m=[32m"round"[39m
                    [33mstroke-width[39m=[32m"1.5"[39m
                  [36m/>[39m
                [36m</svg>[39m
              [36m</a>[39m
            [36m</div>[39m
          [36m</div>[39m
        [36m</div>[39m
        [36m<div[39m
          [33mstyle[39m=[32m"transform: rotate(240deg) translate(270px) rotate(-240deg);"[39m
        [36m>[39m
          [36m<div[39m
            [33maria-pressed[39m=[32m"false"[39m
            [33mclass[39m=[32m"_card_d0c175 _clickable_d0c175"[39m
            [33mrole[39m=[32m"button"[39m
            [33mtabindex[39m=[32m"0"[39m
          [36m>[39m
            [36m<div[39m
              [33mclass[39m=[32m"_titleRow_d0c175"[39m
            [36m>[39m
              [36m<h3[39m
                [33mclass[39m=[32m"_name_d0c175"[39m
              [36m>[39m
                [0mThe Ocean Cleanup[0m
              [36m</h3>[39m
            [36m</div>[39m
            [36m<div[39m
              [33mclass[39m=[32m"_footer_d0c175"[39m
            [36m>[39m
              [36m<span[39m
                [33mclass[39m=[32m"_category_d0c175"[39m
              [36m>[39m
                [0menvironment[0m
              [36m</span>[39m
              [36m<a[39m
                [33mclass[39m=[32m"_link_d0c175"[39m
                [33mhref[39m=[32m"https://theoceancleanup.com"[39m
                [33mrel[39m=[32m"noopener noreferrer"[39m
                [33mtarget[39m=[32m"_blank"[39m
              [36m>[39m
                [0mLearn more[0m
                [36m<svg[39m
                  [33maria-hidden[39m=[32m"true"[39m
                  [33mfill[39m=[32m"none"[39m
                  [33mheight[39m=[32m"14"[39m
                  [33mviewBox[39m=[32m"0 0 12 12"[39m
                  [33mwidth[39m=[32m"14"[39m
                  [33mxmlns[39m=[32m"http://www.w3.org/2000/svg"[39m
                [36m>[39m
                  [36m<path[39m
                    [33md[39m=[32m"M3 1H11V9M11 1L1 11"[39m
                    [33mstroke[39m=[32m"currentColor"[39m
                    [33mstroke-linecap[39m=[32m"round"[39m
                    [33mstroke-linejoin[39m=[32m"round"[39m
                    [33mstroke-width[39m=[32m"1.5"[39m
                  [36m/>[39m
                [36m</svg>[39m
              [36m</a>[39m
            [36m</div>[39m
          [36m</div>[39m
        [36m</div>[39m
      [36m</div>[39m
    [36m</div>[39m
  [36m</div>[39m
[36m</body>[39m

Ignored nodes: comments, script, style
[36m<html>[39m
  [36m<head />[39m
  [36m<body>[39m
    [36m<div>[39m
      [36m<div[39m
        [33mclass[39m=[32m"_container_49ae4b"[39m
      [36m>[39m
        [36m<div[39m
          [33mclass[39m=[32m"_header_49ae4b"[39m
        [36m>[39m
          [36m<h1[39m
            [33mclass[39m=[32m"_title_49ae4b"[39m
          [36m>[39m
            [0mSelect Give Back[0m
          [36m</h1>[39m
          [36m<p[39m
            [33mclass[39m=[32m"_description_49ae4b"[39m
          [36m>[39m
            [0mChoose a cause that matters to you[0m
          [36m</p>[39m
          [36m<div[39m
            [33mclass[39m=[32m"_impactStatement_49ae4b"[39m
          [36m>[39m
            [0m✨ $5/month makes a real difference[0m
          [36m</div>[39m
        [36m</div>[39m
        [36m<div[39m
          [33mclass[39m=[32m"_searchContainer_49ae4b"[39m
        [36m>[39m
          [36m<div>[39m
            [36m<svg[39m
              [33maria-hidden[39m=[32m"true"[39m
              [33mfill[39m=[32m"none"[39m
              [33mheight[39m=[32m"20"[39m
              [33mviewBox[39m=[32m"0 0 20 20"[39m
              [33mwidth[39m=[32m"20"[39m
              [33mxmlns[39m=[32m"http://www.w3.org/2000/svg"[39m
            [36m>[39m
              [36m<path[39m
                [33md[39m=[32m"M9 17C13.4183 17 17 13.4183 17 9C17 4.58172 13.4183 1 9 1C4.58172 1 1 4.58172 1 9C1 13.4183 4.58172 17 9 17Z"[39m
                [33mstroke[39m=[32m"currentColor"[39m
                [33mstroke-linecap[39m=[32m"round"[39m
                [33mstroke-linejoin[39m=[32m"round"[39m
                [33mstroke-width[39m=[32m"2"[39m
              [36m/>[39m
              [36m<path[39m
                [33md[39m=[32m"M19 19L14.65 14.65"[39m
                [33mstroke[39m=[32m"currentColor"[39m
                [33mstroke-linecap[39m=[32m"round"[39m
                [33mstroke-linejoin[39m=[32m"round"[39m
                [33mstroke-width[39m=[32m"2"[39m
              [36m/>[39m
            [36m</svg>[39m
            [36m<input[39m
              [33maria-label[39m=[32m"Search charities"[39m
              [33mplaceholder[39m=[32m"Search charities..."[39m
              [33mtype[39m=[32m"text"[39m
              [33mvalue[39m=[32m""[39m
            [36m/>[39m
          [36m</div>[39m
        [36m</div>[39m
        [36m<div[39m
          [33mclass[39m=[32m"_filters_49ae4b"[39m
        [36m>[39m
          [36m<button[39m
            [33maria-pressed[39m=[32m"true"[39m
            [33mclass[39m=[32m"undefined undefined"[39m
          [36m>[39m
            [0mAll Charities[0m
          [36m</button>[39m
          [36m<button[39m
            [33maria-pressed[39m=[32m"false"[39m
            [33mclass[39m=[32m"undefined "[39m
          [36m>[39m
            [0mPoverty Relief[0m
          [36m</button>[39m
          [36m<button[39m
            [33maria-pressed[39m=[32m"false"[39m
            [33mclass[39m=[32m"undefined "[39m
          [36m/>[39m
          [36m<button[39m
            [33maria-pressed[39m=[32m"false"[39m
            [33mclass[39m=[32m"undefined "[39m
          [36m/>[39m
        [36m</div>[39m
        [36m<div[39m
          [33mclass[39m=[32m"_grid_49ae4b"[39m
        [36m>[39m
          [36m<div[39m
            [33mclass[39m=[32m"_centerHeader_49ae4b"[39m
          [36m>[39m
            [36m<h2[39m
              [33mclass[39m=[32m"_centerTitle_49ae4b"[39m
            [36m>[39m
              [0mChoose[0m
              [36m<br />[39m
              [0mYour[0m
              [36m<br />[39m
              [0mCause[0m
            [36m</h2>[39m
          [36m</div>[39m
          [36m<div[39m
            [33mstyle[39m=[32m"transform: rotate(0deg) translate(270px) rotate(-0deg);"[39m
          [36m>[39m
            [36m<div[39m
              [33maria-pressed[39m=[32m"true"[39m
              [33mclass[39m=[32m"_card_d0c175 _selected_d0c175 _clickable_d0c175"[39m
              [33mrole[39m=[32m"button"[39m
              [33mtabindex[39m=[32m"0"[39m
            [36m>[39m
              [36m<div[39m
                [33mclass[39m=[32m"_titleRow_d0c175"[39m
              [36m>[39m
                [36m<h3[39m
                  [33mclass[39m=[32m"_name_d0c175"[39m
                [36m>[39m
                  [0mKhan Academy[0m
                [36m</h3>[39m
                [36m<div[39m
                  [33maria-label[39m=[32m"Selected"[39m
                  [33mclass[39m=[32m"_selectedBadge_d0c175"[39m
                [36m>[39m
                  [36m<svg[39m
                    [33maria-hidden[39m=[32m"true"[39m
                    [33mfill[39m=[32m"none"[39m
                    [33mheight[39m=[32m"20"[39m
                    [33mviewBox[39m=[32m"0 0 20 20"[39m
                    [33mwidth[39m=[32m"20"[39m
                    [33mxmlns[39m=[32m"http://www.w3.org/2000/svg"[39m
                  [36m>[39m
                    [36m<circle[39m
                      [33mcx[39m=[32m"10"[39m
                      [33mcy[39m=[32m"10"[39m
                      [33mfill[39m=[32m"currentColor"[39m
                      [33mr[39m=[32m"10"[39m
                    [36m/>[39m
                    [36m<path[39m
                      [33md[39m=[32m"M6 10L9 13L14 7"[39m
                      [33mstroke[39m=[32m"white"[39m
                      [33mstroke-linecap[39m=[32m"round"[39m
                      [33mstroke-linejoin[39m=[32m"round"[39m
                      [33mstroke-width[39m=[32m"2"[39m
                    [36m/>[39m
                  [36m</svg>[39m
                [36m</div>[39m
              [36m</div>[39m
              [36m<div[39m
                [33mclass[39m=[32m"_footer_d0c175"[39m
              [36m>[39m
                [36m<span[39m
                  [33mclass[39m=[32m"_category_d0c175"[39m
                [36m>[39m
                  [0meducation[0m
                [36m</span>[39m
                [36m<a[39m
                  [33mclass[39m=[32m"_link_d0c175"[39m
                  [33mhref[39m=[32m"https://khanacademy.org"[39m
                  [33mrel[39m=[32m"noopener noreferrer"[39m
                  [33mtarget[39m=[32m"_blank"[39m
                [36m>[39m
                  [0mLearn more[0m
                  [36m<svg[39m
                    [33maria-hidden[39m=[32m"true"[39m
                    [33mfill[39m=[32m"none"[39m
                    [33mheight[39m=[32m"14"[39m
                    [33mviewBox[39m=[32m"0 0 12 12"[39m
                    [33mwidth[39m=[32m"14"[39m
                    [33mxmlns[39m=[32m"http://www.w3.org/2000/svg"[39m
                  ...
 ❯ Proxy.waitForWrapper node_modules/@testing-library/react/node_modules/@testing-library/dom/dist/wait-for.js:163:27
 ❯ src/components/charity/CharitySelector.test.tsx:172:13
    170|       render(<CharitySelector selectedCharityId="1" onSelect={mockOnSe…
    171|
    172|       await waitFor(() => {
       |             ^
    173|         expect(screen.getByText(/charity selected/i)).toBeInTheDocumen…
    174|       });

⎯⎯⎯⎯⎯⎯⎯⎯⎯⎯⎯⎯⎯⎯⎯⎯⎯⎯⎯⎯[196/824]⎯

 FAIL  src/components/charity/CharitySelector.test.tsx > CharitySelector Component > category filtering > should filter by category when category button is clicked
TestingLibraryElementError: Unable to find an accessible element with the role "button" and name `/^education$/i`

Here are the accessible roles:

  heading:

  Name "Choose Your Cause":
  [36m<h2[39m
    [33mclass[39m=[32m"_centerTitle_49ae4b"[39m
  [36m/>[39m

  Name "Khan Academy":
  [36m<h3[39m
    [33mclass[39m=[32m"_name_d0c175"[39m
  [36m/>[39m

  Name "GiveDirectly":
  [36m<h3[39m
    [33mclass[39m=[32m"_name_d0c175"[39m
  [36m/>[39m

  Name "The Ocean Cleanup":
  [36m<h3[39m
    [33mclass[39m=[32m"_name_d0c175"[39m
  [36m/>[39m

  --------------------------------------------------
  button:

  Name "Khan Academy Learn more":
  [36m<div[39m
    [33maria-pressed[39m=[32m"false"[39m
    [33mclass[39m=[32m"_card_d0c175 _clickable_d0c175"[39m
    [33mrole[39m=[32m"button"[39m
    [33mtabindex[39m=[32m"0"[39m
  [36m/>[39m

  Name "GiveDirectly Learn more":
  [36m<div[39m
    [33maria-pressed[39m=[32m"false"[39m
    [33mclass[39m=[32m"_card_d0c175 _clickable_d0c175"[39m
    [33mrole[39m=[32m"button"[39m
    [33mtabindex[39m=[32m"0"[39m
  [36m/>[39m

  Name "The Ocean Cleanup Learn more":
  [36m<div[39m
    [33maria-pressed[39m=[32m"false"[39m
    [33mclass[39m=[32m"_card_d0c175 _clickable_d0c175"[39m
    [33mrole[39m=[32m"button"[39m
    [33mtabindex[39m=[32m"0"[39m
  [36m/>[39m

  --------------------------------------------------
  link:

  Name "Learn more":
  [36m<a[39m
    [33mclass[39m=[32m"_link_d0c175"[39m
    [33mhref[39m=[32m"https://khanacademy.org"[39m
    [33mrel[39m=[32m"noopener noreferrer"[39m
    [33mtarget[39m=[32m"_blank"[39m
  [36m/>[39m

  Name "Learn more":
  [36m<a[39m
    [33mclass[39m=[32m"_link_d0c175"[39m
    [33mhref[39m=[32m"https://givedirectly.org"[39m
    [33mrel[39m=[32m"noopener noreferrer"[39m
    [33mtarget[39m=[32m"_blank"[39m
  [36m/>[39m

  Name "Learn more":
  [36m<a[39m
    [33mclass[39m=[32m"_link_d0c175"[39m
    [33mhref[39m=[32m"https://theoceancleanup.com"[39m
    [33mrel[39m=[32m"noopener noreferrer"[39m
    [33mtarget[39m=[32m"_blank"[39m
  [36m/>[39m

  --------------------------------------------------

Ignored nodes: comments, script, style
[36m<body>[39m
  [36m<div>[39m
    [36m<div[39m
      [33mclass[39m=[32m"_container_49ae4b"[39m
    [36m>[39m
      [36m<div[39m
        [33mclass[39m=[32m"_header_49ae4b"[39m
      [36m>[39m
        [36m<h1[39m
          [33mclass[39m=[32m"_title_49ae4b"[39m
        [36m>[39m
          [0mSelect Give Back[0m
        [36m</h1>[39m
        [36m<p[39m
          [33mclass[39m=[32m"_description_49ae4b"[39m
        [36m>[39m
          [0mChoose a cause that matters to you[0m
        [36m</p>[39m
        [36m<div[39m
          [33mclass[39m=[32m"_impactStatement_49ae4b"[39m
        [36m>[39m
          [0m✨ $5/month makes a real difference[0m
        [36m</div>[39m
      [36m</div>[39m
      [36m<div[39m
        [33mclass[39m=[32m"_searchContainer_49ae4b"[39m
      [36m>[39m
        [36m<div>[39m
          [36m<svg[39m
            [33maria-hidden[39m=[32m"true"[39m
            [33mfill[39m=[32m"none"[39m
            [33mheight[39m=[32m"20"[39m
            [33mviewBox[39m=[32m"0 0 20 20"[39m
            [33mwidth[39m=[32m"20"[39m
            [33mxmlns[39m=[32m"http://www.w3.org/2000/svg"[39m
          [36m>[39m
            [36m<path[39m
              [33md[39m=[32m"M9 17C13.4183 17 17 13.4183 17 9C17 4.58172 13.4183 1 9 1C4.58172 1 1 4.58172 1 9C1 13.4183 4.58172 17 9 17Z"[39m
              [33mstroke[39m=[32m"currentColor"[39m
              [33mstroke-linecap[39m=[32m"round"[39m
              [33mstroke-linejoin[39m=[32m"round"[39m
              [33mstroke-width[39m=[32m"2"[39m
            [36m/>[39m
            [36m<path[39m
              [33md[39m=[32m"M19 19L14.65 14.65"[39m
              [33mstroke[39m=[32m"currentColor"[39m
              [33mstroke-linecap[39m=[32m"round"[39m
              [33mstroke-linejoin[39m=[32m"round"[39m
              [33mstroke-width[39m=[32m"2"[39m
            [36m/>[39m
          [36m</svg>[39m
          [36m<input[39m
            [33maria-label[39m=[32m"Search charities"[39m
            [33mplaceholder[39m=[32m"Search charities..."[39m
            [33mtype[39m=[32m"text"[39m
            [33mvalue[39m=[32m""[39m
          [36m/>[39m
        [36m</div>[39m
      [36m</div>[39m
      [36m<div[39m
        [33mclass[39m=[32m"_filters_49ae4b"[39m
      [36m>[39m
        [36m<button[39m
          [33maria-pressed[39m=[32m"true"[39m
          [33mclass[39m=[32m"undefined undefined"[39m
        [36m>[39m
          [0mAll Charities[0m
        [36m</button>[39m
        [36m<button[39m
          [33maria-pressed[39m=[32m"false"[39m
          [33mclass[39m=[32m"undefined "[39m
        [36m>[39m
          [0mPoverty Relief[0m
        [36m</button>[39m
        [36m<button[39m
          [33maria-pressed[39m=[32m"false"[39m
          [33mclass[39m=[32m"undefined "[39m
        [36m/>[39m
        [36m<button[39m
          [33maria-pressed[39m=[32m"false"[39m
          [33mclass[39m=[32m"undefined "[39m
        [36m/>[39m
      [36m</div>[39m
      [36m<div[39m
        [33mclass[39m=[32m"_grid_49ae4b"[39m
      [36m>[39m
        [36m<div[39m
          [33mclass[39m=[32m"_centerHeader_49ae4b"[39m
        [36m>[39m
          [36m<h2[39m
            [33mclass[39m=[32m"_centerTitle_49ae4b"[39m
          [36m>[39m
            [0mChoose[0m
            [36m<br />[39m
            [0mYour[0m
            [36m<br />[39m
            [0mCause[0m
          [36m</h2>[39m
        [36m</div>[39m
        [36m<div[39m
          [33mstyle[39m=[32m"transform: rotate(0deg) translate(270px) rotate(-0deg);"[39m
        [36m>[39m
          [36m<div[39m
            [33maria-pressed[39m=[32m"false"[39m
            [33mclass[39m=[32m"_card_d0c175 _clickable_d0c175"[39m
            [33mrole[39m=[32m"button"[39m
            [33mtabindex[39m=[32m"0"[39m
          [36m>[39m
            [36m<div[39m
              [33mclass[39m=[32m"_titleRow_d0c175"[39m
            [36m>[39m
              [36m<h3[39m
                [33mclass[39m=[32m"_name_d0c175"[39m
              [36m>[39m
                [0mKhan Academy[0m
              [36m</h3>[39m
            [36m</div>[39m
            [36m<div[39m
              [33mclass[39m=[32m"_footer_d0c175"[39m
            [36m>[39m
              [36m<span[39m
                [33mclass[39m=[32m"_category_d0c175"[39m
              [36m>[39m
                [0meducation[0m
              [36m</span>[39m
              [36m<a[39m
                [33mclass[39m=[32m"_link_d0c175"[39m
                [33mhref[39m=[32m"https://khanacademy.org"[39m
                [33mrel[39m=[32m"noopener noreferrer"[39m
                [33mtarget[39m=[32m"_blank"[39m
              [36m>[39m
                [0mLearn more[0m
                [36m<svg[39m
                  [33maria-hidden[39m=[32m"true"[39m
                  [33mfill[39m=[32m"none"[39m
                  [33mheight[39m=[32m"14"[39m
                  [33mviewBox[39m=[32m"0 0 12 12"[39m
                  [33mwidth[39m=[32m"14"[39m
                  [33mxmlns[39m=[32m"http://www.w3.org/2000/svg"[39m
                [36m>[39m
                  [36m<path[39m
                    [33md[39m=[32m"M3 1H11V9M11 1L1 11"[39m
                    [33mstroke[39m=[32m"currentColor"[39m
                    [33mstroke-linecap[39m=[32m"round"[39m
                    [33mstroke-linejoin[39m=[32m"round"[39m
                    [33mstroke-width[39m=[32m"1.5"[39m
                  [36m/>[39m
                [36m</svg>[39m
              [36m</a>[39m
            [36m</div>[39m
          [36m</div>[39m
        [36m</div>[39m
        [36m<div[39m
          [33mstyle[39m=[32m"transform: rotate(120deg) translate(270px) rotate(-120deg);"[39m
        [36m>[39m
          [36m<div[39m
            [33maria-pressed[39m=[32m"false"[39m
            [33mclass[39m=[32m"_card_d0c175 _clickable_d0c175"[39m
            [33mrole[39m=[32m"button"[39m
            [33mtabindex[39m=[32m"0"[39m
          [36m>[39m
            [36m<div[39m
              [33mclass[39m=[32m"_titleRow_d0c175"[39m
            [36m>[39m
              [36m<h3[39m
                [33mclass[39m=[32m"_name_d0c175"[39m
              [36m>[39m
                [0mGiveDirectly[0m
              [36m</h3>[39m
            [36m</div>[39m
            [36m<div[39m
              [33mclass[39m=[32m"_footer_d0c175"[39m
            [36m>[39m
              [36m<span[39m
                [33mclass[39m=[32m"_category_d0c175"[39m
              [36m>[39m
                [0mPOVERTY[0m
              [36m</span>[39m
              [36m<a[39m
                [33mclass[39m=[32m"_link_d0c175"[39m
                [33mhref[39m=[32m"https://givedirectly.org"[39m
                [33mrel[39m=[32m"noopener noreferrer"[39m
                [33mtarget[39m=[32m"_blank"[39m
              [36m>[39m
                [0mLearn more[0m
                [36m<svg[39m
                  [33maria-hidden[39m=[32m"true"[39m
                  [33mfill[39m=[32m"none"[39m
                  [33mheight[39m=[32m"14"[39m
                  [33mviewBox[39m=[32m"0 0 12 12"[39m
                  [33mwidth[39m=[32m"14"[39m
                  [33mxmlns[39m=[32m"http://www.w3.org/2000/svg"[39m
                [36m>[39m
                  [36m<path[39m
                    [33md[39m=[32m"M3 1H11V9M11 1L1 11"[39m
                    [33mstroke[39m=[32m"currentColor"[39m
                    [33mstroke-linecap[39m=[32m"round"[39m
                    [33mstroke-linejoin[39m=[32m"round"[39m
                    [33mstroke-width[39m=[32m"1.5"[39m
                  [36m/>[39m
                [36m</svg>[39m
              [36m</a>[39m
            [36m</div>[39m
          [36m</div>[39m
        [36m</div>[39m
        [36m<div[39m
          [33mstyle[39m=[32m"transform: rotate(240deg) translate(270px) rotate(-240deg);"[39m
        [36m>[39m
          [36m<div[39m
            [33maria-pressed[39m=[32m"false"[39m
            [33mclass[39m=[32m"_card_d0c175 _clickable_d0c175"[39m
            [33mrole[39m=[32m"button"[39m
            [33mtabindex[39m=[32m"0"[39m
          [36m>[39m
            [36m<div[39m
              [33mclass[39m=[32m"_titleRow_d0c175"[39m
            [36m>[39m
              [36m<h3[39m
                [33mclass[39m=[32m"_name_d0c175"[39m
              [36m>[39m
                [0mThe Ocean Cleanup[0m
              [36m</h3>[39m
            [36m</div>[39m
            [36m<div[39m
              [33mclass[39m=[32m"_footer_d0c175"[39m
            [36m>[39m
              [36m<span[39m
                [33mclass[39m=[32m"_category_d0c175"[39m
              [36m>[39m
                [0menvironment[0m
              [36m</span>[39m
              [36m<a[39m
                [33mclass[39m=[32m"_link_d0c175"[39m
                [33mhref[39m=[32m"https://theoceancleanup.com"[39m
                [33mrel[39m=[32m"noopener noreferrer"[39m
                [33mtarget[39m=[32m"_blank"[39m
              [36m>[39m
                [0mLearn more[0m
                [36m<svg[39m
                  [33maria-hidden[39m=[32m"true"[39m
                  [33mfill[39m=[32m"none"[39m
                  [33mheight[39m=[32m"14"[39m
                  [33mviewBox[39m=[32m"0 0 12 12"[39m
                  [33mwidth[39m=[32m"14"[39m
                  [33mxmlns[39m=[32m"http://www.w3.org/2000/svg"[39m
                [36m>[39m
                  [36m<path[39m
                    [33md[39m=[32m"M3 1H11V9M11 1L1 11"[39m
                    [33mstroke[39m=[32m"currentColor"[39m
                    [33mstroke-linecap[39m=[32m"round"[39m
                    [33mstroke-linejoin[39m=[32m"round"[39m
                    [33mstroke-width[39m=[32m"1.5"[39m
                  [36m/>[39m
                [36m</svg>[39m
              [36m</a>[39m
            [36m</div>[39m
          [36m</div>[39m
        [36m</div>[39m
      [36m</div>[39m
    [36m</div>[39m
  [36m</div>[39m
[36m</body>[39m
 ❯ Object.getElementError node_modules/@testing-library/react/node_modules/@testing-library/dom/dist/config.js:37:19
 ❯ node_modules/@testing-library/react/node_modules/@testing-library/dom/dist/query-helpers.js:76:38
 ❯ node_modules/@testing-library/react/node_modules/@testing-library/dom/dist/query-helpers.js:52:17
 ❯ node_modules/@testing-library/react/node_modules/@testing-library/dom/dist/query-helpers.js:95:19
 ❯ src/components/charity/CharitySelector.test.tsx:240:38
    238|       });
    239|
    240|       const educationButton = screen.getByRole('button', { name: /^edu…
       |                                      ^
    241|       await user.click(educationButton);
    242|

⎯⎯⎯⎯⎯⎯⎯⎯⎯⎯⎯⎯⎯⎯⎯⎯⎯⎯⎯⎯[197/824]⎯

 FAIL  src/components/charity/CharitySelector.test.tsx > CharitySelector Component > category filtering > should show all charities when "All Charities" is clicked
TestingLibraryElementError: Unable to find an accessible element with the role "button" and name `/all charities/i`

Here are the accessible roles:

  heading:

  Name "Choose Your Cause":
  [36m<h2[39m
    [33mclass[39m=[32m"_centerTitle_49ae4b"[39m
  [36m/>[39m

  Name "Khan Academy":
  [36m<h3[39m
    [33mclass[39m=[32m"_name_d0c175"[39m
  [36m/>[39m

  Name "GiveDirectly":
  [36m<h3[39m
    [33mclass[39m=[32m"_name_d0c175"[39m
  [36m/>[39m

  Name "The Ocean Cleanup":
  [36m<h3[39m
    [33mclass[39m=[32m"_name_d0c175"[39m
  [36m/>[39m

  --------------------------------------------------
  button:

  Name "Khan Academy Learn more":
  [36m<div[39m
    [33maria-pressed[39m=[32m"false"[39m
    [33mclass[39m=[32m"_card_d0c175 _clickable_d0c175"[39m
    [33mrole[39m=[32m"button"[39m
    [33mtabindex[39m=[32m"0"[39m
  [36m/>[39m

  Name "GiveDirectly Learn more":
  [36m<div[39m
    [33maria-pressed[39m=[32m"false"[39m
    [33mclass[39m=[32m"_card_d0c175 _clickable_d0c175"[39m
    [33mrole[39m=[32m"button"[39m
    [33mtabindex[39m=[32m"0"[39m
  [36m/>[39m

  Name "The Ocean Cleanup Learn more":
  [36m<div[39m
    [33maria-pressed[39m=[32m"false"[39m
    [33mclass[39m=[32m"_card_d0c175 _clickable_d0c175"[39m
    [33mrole[39m=[32m"button"[39m
    [33mtabindex[39m=[32m"0"[39m
  [36m/>[39m

  --------------------------------------------------
  link:

  Name "Learn more":
  [36m<a[39m
    [33mclass[39m=[32m"_link_d0c175"[39m
    [33mhref[39m=[32m"https://khanacademy.org"[39m
    [33mrel[39m=[32m"noopener noreferrer"[39m
    [33mtarget[39m=[32m"_blank"[39m
  [36m/>[39m

  Name "Learn more":
  [36m<a[39m
    [33mclass[39m=[32m"_link_d0c175"[39m
    [33mhref[39m=[32m"https://givedirectly.org"[39m
    [33mrel[39m=[32m"noopener noreferrer"[39m
    [33mtarget[39m=[32m"_blank"[39m
  [36m/>[39m

  Name "Learn more":
  [36m<a[39m
    [33mclass[39m=[32m"_link_d0c175"[39m
    [33mhref[39m=[32m"https://theoceancleanup.com"[39m
    [33mrel[39m=[32m"noopener noreferrer"[39m
    [33mtarget[39m=[32m"_blank"[39m
  [36m/>[39m

  --------------------------------------------------

Ignored nodes: comments, script, style
[36m<body>[39m
  [36m<div>[39m
    [36m<div[39m
      [33mclass[39m=[32m"_container_49ae4b"[39m
    [36m>[39m
      [36m<div[39m
        [33mclass[39m=[32m"_header_49ae4b"[39m
      [36m>[39m
        [36m<h1[39m
          [33mclass[39m=[32m"_title_49ae4b"[39m
        [36m>[39m
          [0mSelect Give Back[0m
        [36m</h1>[39m
        [36m<p[39m
          [33mclass[39m=[32m"_description_49ae4b"[39m
        [36m>[39m
          [0mChoose a cause that matters to you[0m
        [36m</p>[39m
        [36m<div[39m
          [33mclass[39m=[32m"_impactStatement_49ae4b"[39m
        [36m>[39m
          [0m✨ $5/month makes a real difference[0m
        [36m</div>[39m
      [36m</div>[39m
      [36m<div[39m
        [33mclass[39m=[32m"_searchContainer_49ae4b"[39m
      [36m>[39m
        [36m<div>[39m
          [36m<svg[39m
            [33maria-hidden[39m=[32m"true"[39m
            [33mfill[39m=[32m"none"[39m
            [33mheight[39m=[32m"20"[39m
            [33mviewBox[39m=[32m"0 0 20 20"[39m
            [33mwidth[39m=[32m"20"[39m
            [33mxmlns[39m=[32m"http://www.w3.org/2000/svg"[39m
          [36m>[39m
            [36m<path[39m
              [33md[39m=[32m"M9 17C13.4183 17 17 13.4183 17 9C17 4.58172 13.4183 1 9 1C4.58172 1 1 4.58172 1 9C1 13.4183 4.58172 17 9 17Z"[39m
              [33mstroke[39m=[32m"currentColor"[39m
              [33mstroke-linecap[39m=[32m"round"[39m
              [33mstroke-linejoin[39m=[32m"round"[39m
              [33mstroke-width[39m=[32m"2"[39m
            [36m/>[39m
            [36m<path[39m
              [33md[39m=[32m"M19 19L14.65 14.65"[39m
              [33mstroke[39m=[32m"currentColor"[39m
              [33mstroke-linecap[39m=[32m"round"[39m
              [33mstroke-linejoin[39m=[32m"round"[39m
              [33mstroke-width[39m=[32m"2"[39m
            [36m/>[39m
          [36m</svg>[39m
          [36m<input[39m
            [33maria-label[39m=[32m"Search charities"[39m
            [33mplaceholder[39m=[32m"Search charities..."[39m
            [33mtype[39m=[32m"text"[39m
            [33mvalue[39m=[32m""[39m
          [36m/>[39m
        [36m</div>[39m
      [36m</div>[39m
      [36m<div[39m
        [33mclass[39m=[32m"_filters_49ae4b"[39m
      [36m>[39m
        [36m<button[39m
          [33maria-pressed[39m=[32m"true"[39m
          [33mclass[39m=[32m"undefined undefined"[39m
        [36m>[39m
          [0mAll Charities[0m
        [36m</button>[39m
        [36m<button[39m
          [33maria-pressed[39m=[32m"false"[39m
          [33mclass[39m=[32m"undefined "[39m
        [36m>[39m
          [0mPoverty Relief[0m
        [36m</button>[39m
        [36m<button[39m
          [33maria-pressed[39m=[32m"false"[39m
          [33mclass[39m=[32m"undefined "[39m
        [36m/>[39m
        [36m<button[39m
          [33maria-pressed[39m=[32m"false"[39m
          [33mclass[39m=[32m"undefined "[39m
        [36m/>[39m
      [36m</div>[39m
      [36m<div[39m
        [33mclass[39m=[32m"_grid_49ae4b"[39m
      [36m>[39m
        [36m<div[39m
          [33mclass[39m=[32m"_centerHeader_49ae4b"[39m
        [36m>[39m
          [36m<h2[39m
            [33mclass[39m=[32m"_centerTitle_49ae4b"[39m
          [36m>[39m
            [0mChoose[0m
            [36m<br />[39m
            [0mYour[0m
            [36m<br />[39m
            [0mCause[0m
          [36m</h2>[39m
        [36m</div>[39m
        [36m<div[39m
          [33mstyle[39m=[32m"transform: rotate(0deg) translate(270px) rotate(-0deg);"[39m
        [36m>[39m
          [36m<div[39m
            [33maria-pressed[39m=[32m"false"[39m
            [33mclass[39m=[32m"_card_d0c175 _clickable_d0c175"[39m
            [33mrole[39m=[32m"button"[39m
            [33mtabindex[39m=[32m"0"[39m
          [36m>[39m
            [36m<div[39m
              [33mclass[39m=[32m"_titleRow_d0c175"[39m
            [36m>[39m
              [36m<h3[39m
                [33mclass[39m=[32m"_name_d0c175"[39m
              [36m>[39m
                [0mKhan Academy[0m
              [36m</h3>[39m
            [36m</div>[39m
            [36m<div[39m
              [33mclass[39m=[32m"_footer_d0c175"[39m
            [36m>[39m
              [36m<span[39m
                [33mclass[39m=[32m"_category_d0c175"[39m
              [36m>[39m
                [0meducation[0m
              [36m</span>[39m
              [36m<a[39m
                [33mclass[39m=[32m"_link_d0c175"[39m
                [33mhref[39m=[32m"https://khanacademy.org"[39m
                [33mrel[39m=[32m"noopener noreferrer"[39m
                [33mtarget[39m=[32m"_blank"[39m
              [36m>[39m
                [0mLearn more[0m
                [36m<svg[39m
                  [33maria-hidden[39m=[32m"true"[39m
                  [33mfill[39m=[32m"none"[39m
                  [33mheight[39m=[32m"14"[39m
                  [33mviewBox[39m=[32m"0 0 12 12"[39m
                  [33mwidth[39m=[32m"14"[39m
                  [33mxmlns[39m=[32m"http://www.w3.org/2000/svg"[39m
                [36m>[39m
                  [36m<path[39m
                    [33md[39m=[32m"M3 1H11V9M11 1L1 11"[39m
                    [33mstroke[39m=[32m"currentColor"[39m
                    [33mstroke-linecap[39m=[32m"round"[39m
                    [33mstroke-linejoin[39m=[32m"round"[39m
                    [33mstroke-width[39m=[32m"1.5"[39m
                  [36m/>[39m
                [36m</svg>[39m
              [36m</a>[39m
            [36m</div>[39m
          [36m</div>[39m
        [36m</div>[39m
        [36m<div[39m
          [33mstyle[39m=[32m"transform: rotate(120deg) translate(270px) rotate(-120deg);"[39m
        [36m>[39m
          [36m<div[39m
            [33maria-pressed[39m=[32m"false"[39m
            [33mclass[39m=[32m"_card_d0c175 _clickable_d0c175"[39m
            [33mrole[39m=[32m"button"[39m
            [33mtabindex[39m=[32m"0"[39m
          [36m>[39m
            [36m<div[39m
              [33mclass[39m=[32m"_titleRow_d0c175"[39m
            [36m>[39m
              [36m<h3[39m
                [33mclass[39m=[32m"_name_d0c175"[39m
              [36m>[39m
                [0mGiveDirectly[0m
              [36m</h3>[39m
            [36m</div>[39m
            [36m<div[39m
              [33mclass[39m=[32m"_footer_d0c175"[39m
            [36m>[39m
              [36m<span[39m
                [33mclass[39m=[32m"_category_d0c175"[39m
              [36m>[39m
                [0mPOVERTY[0m
              [36m</span>[39m
              [36m<a[39m
                [33mclass[39m=[32m"_link_d0c175"[39m
                [33mhref[39m=[32m"https://givedirectly.org"[39m
                [33mrel[39m=[32m"noopener noreferrer"[39m
                [33mtarget[39m=[32m"_blank"[39m
              [36m>[39m
                [0mLearn more[0m
                [36m<svg[39m
                  [33maria-hidden[39m=[32m"true"[39m
                  [33mfill[39m=[32m"none"[39m
                  [33mheight[39m=[32m"14"[39m
                  [33mviewBox[39m=[32m"0 0 12 12"[39m
                  [33mwidth[39m=[32m"14"[39m
                  [33mxmlns[39m=[32m"http://www.w3.org/2000/svg"[39m
                [36m>[39m
                  [36m<path[39m
                    [33md[39m=[32m"M3 1H11V9M11 1L1 11"[39m
                    [33mstroke[39m=[32m"currentColor"[39m
                    [33mstroke-linecap[39m=[32m"round"[39m
                    [33mstroke-linejoin[39m=[32m"round"[39m
                    [33mstroke-width[39m=[32m"1.5"[39m
                  [36m/>[39m
                [36m</svg>[39m
              [36m</a>[39m
            [36m</div>[39m
          [36m</div>[39m
        [36m</div>[39m
        [36m<div[39m
          [33mstyle[39m=[32m"transform: rotate(240deg) translate(270px) rotate(-240deg);"[39m
        [36m>[39m
          [36m<div[39m
            [33maria-pressed[39m=[32m"false"[39m
            [33mclass[39m=[32m"_card_d0c175 _clickable_d0c175"[39m
            [33mrole[39m=[32m"button"[39m
            [33mtabindex[39m=[32m"0"[39m
          [36m>[39m
            [36m<div[39m
              [33mclass[39m=[32m"_titleRow_d0c175"[39m
            [36m>[39m
              [36m<h3[39m
                [33mclass[39m=[32m"_name_d0c175"[39m
              [36m>[39m
                [0mThe Ocean Cleanup[0m
              [36m</h3>[39m
            [36m</div>[39m
            [36m<div[39m
              [33mclass[39m=[32m"_footer_d0c175"[39m
            [36m>[39m
              [36m<span[39m
                [33mclass[39m=[32m"_category_d0c175"[39m
              [36m>[39m
                [0menvironment[0m
              [36m</span>[39m
              [36m<a[39m
                [33mclass[39m=[32m"_link_d0c175"[39m
                [33mhref[39m=[32m"https://theoceancleanup.com"[39m
                [33mrel[39m=[32m"noopener noreferrer"[39m
                [33mtarget[39m=[32m"_blank"[39m
              [36m>[39m
                [0mLearn more[0m
                [36m<svg[39m
                  [33maria-hidden[39m=[32m"true"[39m
                  [33mfill[39m=[32m"none"[39m
                  [33mheight[39m=[32m"14"[39m
                  [33mviewBox[39m=[32m"0 0 12 12"[39m
                  [33mwidth[39m=[32m"14"[39m
                  [33mxmlns[39m=[32m"http://www.w3.org/2000/svg"[39m
                [36m>[39m
                  [36m<path[39m
                    [33md[39m=[32m"M3 1H11V9M11 1L1 11"[39m
                    [33mstroke[39m=[32m"currentColor"[39m
                    [33mstroke-linecap[39m=[32m"round"[39m
                    [33mstroke-linejoin[39m=[32m"round"[39m
                    [33mstroke-width[39m=[32m"1.5"[39m
                  [36m/>[39m
                [36m</svg>[39m
              [36m</a>[39m
            [36m</div>[39m
          [36m</div>[39m
        [36m</div>[39m
      [36m</div>[39m
    [36m</div>[39m
  [36m</div>[39m
[36m</body>[39m
 ❯ Object.getElementError node_modules/@testing-library/react/node_modules/@testing-library/dom/dist/config.js:37:19
 ❯ node_modules/@testing-library/react/node_modules/@testing-library/dom/dist/query-helpers.js:76:38
 ❯ node_modules/@testing-library/react/node_modules/@testing-library/dom/dist/query-helpers.js:52:17
 ❯ node_modules/@testing-library/react/node_modules/@testing-library/dom/dist/query-helpers.js:95:19
 ❯ src/components/charity/CharitySelector.test.tsx:253:32
    251|       });
    252|
    253|       const allButton = screen.getByRole('button', { name: /all charit…
       |                                ^
    254|       expect(allButton).toHaveAttribute('aria-pressed', 'true');
    255|     });

⎯⎯⎯⎯⎯⎯⎯⎯⎯⎯⎯⎯⎯⎯⎯⎯⎯⎯⎯⎯[198/824]⎯

 FAIL  src/components/charity/CharitySelector.test.tsx > CharitySelector Component > accessibility > should have proper button roles for filters
TestingLibraryElementError: Unable to find role="button" and name `/all charities/i`

Ignored nodes: comments, script, style
[36m<body>[39m
  [36m<div>[39m
    [36m<div[39m
      [33mclass[39m=[32m"_container_49ae4b"[39m
    [36m>[39m
      [36m<div[39m
        [33mclass[39m=[32m"_header_49ae4b"[39m
      [36m>[39m
        [36m<h1[39m
          [33mclass[39m=[32m"_title_49ae4b"[39m
        [36m>[39m
          [0mSelect Give Back[0m
        [36m</h1>[39m
        [36m<p[39m
          [33mclass[39m=[32m"_description_49ae4b"[39m
        [36m>[39m
          [0mChoose a cause that matters to you[0m
        [36m</p>[39m
        [36m<div[39m
          [33mclass[39m=[32m"_impactStatement_49ae4b"[39m
        [36m>[39m
          [0m✨ $5/month makes a real difference[0m
        [36m</div>[39m
      [36m</div>[39m
      [36m<div[39m
        [33mclass[39m=[32m"_searchContainer_49ae4b"[39m
      [36m>[39m
        [36m<div>[39m
          [36m<svg[39m
            [33maria-hidden[39m=[32m"true"[39m
            [33mfill[39m=[32m"none"[39m
            [33mheight[39m=[32m"20"[39m
            [33mviewBox[39m=[32m"0 0 20 20"[39m
            [33mwidth[39m=[32m"20"[39m
            [33mxmlns[39m=[32m"http://www.w3.org/2000/svg"[39m
          [36m>[39m
            [36m<path[39m
              [33md[39m=[32m"M9 17C13.4183 17 17 13.4183 17 9C17 4.58172 13.4183 1 9 1C4.58172 1 1 4.58172 1 9C1 13.4183 4.58172 17 9 17Z"[39m
              [33mstroke[39m=[32m"currentColor"[39m
              [33mstroke-linecap[39m=[32m"round"[39m
              [33mstroke-linejoin[39m=[32m"round"[39m
              [33mstroke-width[39m=[32m"2"[39m
            [36m/>[39m
            [36m<path[39m
              [33md[39m=[32m"M19 19L14.65 14.65"[39m
              [33mstroke[39m=[32m"currentColor"[39m
              [33mstroke-linecap[39m=[32m"round"[39m
              [33mstroke-linejoin[39m=[32m"round"[39m
              [33mstroke-width[39m=[32m"2"[39m
            [36m/>[39m
          [36m</svg>[39m
          [36m<input[39m
            [33maria-label[39m=[32m"Search charities"[39m
            [33mplaceholder[39m=[32m"Search charities..."[39m
            [33mtype[39m=[32m"text"[39m
            [33mvalue[39m=[32m""[39m
          [36m/>[39m
        [36m</div>[39m
      [36m</div>[39m
      [36m<div[39m
        [33mclass[39m=[32m"_filters_49ae4b"[39m
      [36m>[39m
        [36m<button[39m
          [33maria-pressed[39m=[32m"true"[39m
          [33mclass[39m=[32m"undefined undefined"[39m
        [36m>[39m
          [0mAll Charities[0m
        [36m</button>[39m
        [36m<button[39m
          [33maria-pressed[39m=[32m"false"[39m
          [33mclass[39m=[32m"undefined "[39m
        [36m>[39m
          [0mPoverty Relief[0m
        [36m</button>[39m
        [36m<button[39m
          [33maria-pressed[39m=[32m"false"[39m
          [33mclass[39m=[32m"undefined "[39m
        [36m/>[39m
        [36m<button[39m
          [33maria-pressed[39m=[32m"false"[39m
          [33mclass[39m=[32m"undefined "[39m
        [36m/>[39m
      [36m</div>[39m
      [36m<div[39m
        [33mclass[39m=[32m"_grid_49ae4b"[39m
      [36m>[39m
        [36m<div[39m
          [33mclass[39m=[32m"_centerHeader_49ae4b"[39m
        [36m>[39m
          [36m<h2[39m
            [33mclass[39m=[32m"_centerTitle_49ae4b"[39m
          [36m>[39m
            [0mChoose[0m
            [36m<br />[39m
            [0mYour[0m
            [36m<br />[39m
            [0mCause[0m
          [36m</h2>[39m
        [36m</div>[39m
        [36m<div[39m
          [33mstyle[39m=[32m"transform: rotate(0deg) translate(270px) rotate(-0deg);"[39m
        [36m>[39m
          [36m<div[39m
            [33maria-pressed[39m=[32m"false"[39m
            [33mclass[39m=[32m"_card_d0c175 _clickable_d0c175"[39m
            [33mrole[39m=[32m"button"[39m
            [33mtabindex[39m=[32m"0"[39m
          [36m>[39m
            [36m<div[39m
              [33mclass[39m=[32m"_titleRow_d0c175"[39m
            [36m>[39m
              [36m<h3[39m
                [33mclass[39m=[32m"_name_d0c175"[39m
              [36m>[39m
                [0mKhan Academy[0m
              [36m</h3>[39m
            [36m</div>[39m
            [36m<div[39m
              [33mclass[39m=[32m"_footer_d0c175"[39m
            [36m>[39m
              [36m<span[39m
                [33mclass[39m=[32m"_category_d0c175"[39m
              [36m>[39m
                [0meducation[0m
              [36m</span>[39m
              [36m<a[39m
                [33mclass[39m=[32m"_link_d0c175"[39m
                [33mhref[39m=[32m"https://khanacademy.org"[39m
                [33mrel[39m=[32m"noopener noreferrer"[39m
                [33mtarget[39m=[32m"_blank"[39m
              [36m>[39m
                [0mLearn more[0m
                [36m<svg[39m
                  [33maria-hidden[39m=[32m"true"[39m
                  [33mfill[39m=[32m"none"[39m
                  [33mheight[39m=[32m"14"[39m
                  [33mviewBox[39m=[32m"0 0 12 12"[39m
                  [33mwidth[39m=[32m"14"[39m
                  [33mxmlns[39m=[32m"http://www.w3.org/2000/svg"[39m
                [36m>[39m
                  [36m<path[39m
                    [33md[39m=[32m"M3 1H11V9M11 1L1 11"[39m
                    [33mstroke[39m=[32m"currentColor"[39m
                    [33mstroke-linecap[39m=[32m"round"[39m
                    [33mstroke-linejoin[39m=[32m"round"[39m
                    [33mstroke-width[39m=[32m"1.5"[39m
                  [36m/>[39m
                [36m</svg>[39m
              [36m</a>[39m
            [36m</div>[39m
          [36m</div>[39m
        [36m</div>[39m
        [36m<div[39m
          [33mstyle[39m=[32m"transform: rotate(120deg) translate(270px) rotate(-120deg);"[39m
        [36m>[39m
          [36m<div[39m
            [33maria-pressed[39m=[32m"false"[39m
            [33mclass[39m=[32m"_card_d0c175 _clickable_d0c175"[39m
            [33mrole[39m=[32m"button"[39m
            [33mtabindex[39m=[32m"0"[39m
          [36m>[39m
            [36m<div[39m
              [33mclass[39m=[32m"_titleRow_d0c175"[39m
            [36m>[39m
              [36m<h3[39m
                [33mclass[39m=[32m"_name_d0c175"[39m
              [36m>[39m
                [0mGiveDirectly[0m
              [36m</h3>[39m
            [36m</div>[39m
            [36m<div[39m
              [33mclass[39m=[32m"_footer_d0c175"[39m
            [36m>[39m
              [36m<span[39m
                [33mclass[39m=[32m"_category_d0c175"[39m
              [36m>[39m
                [0mPOVERTY[0m
              [36m</span>[39m
              [36m<a[39m
                [33mclass[39m=[32m"_link_d0c175"[39m
                [33mhref[39m=[32m"https://givedirectly.org"[39m
                [33mrel[39m=[32m"noopener noreferrer"[39m
                [33mtarget[39m=[32m"_blank"[39m
              [36m>[39m
                [0mLearn more[0m
                [36m<svg[39m
                  [33maria-hidden[39m=[32m"true"[39m
                  [33mfill[39m=[32m"none"[39m
                  [33mheight[39m=[32m"14"[39m
                  [33mviewBox[39m=[32m"0 0 12 12"[39m
                  [33mwidth[39m=[32m"14"[39m
                  [33mxmlns[39m=[32m"http://www.w3.org/2000/svg"[39m
                [36m>[39m
                  [36m<path[39m
                    [33md[39m=[32m"M3 1H11V9M11 1L1 11"[39m
                    [33mstroke[39m=[32m"currentColor"[39m
                    [33mstroke-linecap[39m=[32m"round"[39m
                    [33mstroke-linejoin[39m=[32m"round"[39m
                    [33mstroke-width[39m=[32m"1.5"[39m
                  [36m/>[39m
                [36m</svg>[39m
              [36m</a>[39m
            [36m</div>[39m
          [36m</div>[39m
        [36m</div>[39m
        [36m<div[39m
          [33mstyle[39m=[32m"transform: rotate(240deg) translate(270px) rotate(-240deg);"[39m
        [36m>[39m
          [36m<div[39m
            [33maria-pressed[39m=[32m"false"[39m
            [33mclass[39m=[32m"_card_d0c175 _clickable_d0c175"[39m
            [33mrole[39m=[32m"button"[39m
            [33mtabindex[39m=[32m"0"[39m
          [36m>[39m
            [36m<div[39m
              [33mclass[39m=[32m"_titleRow_d0c175"[39m
            [36m>[39m
              [36m<h3[39m
                [33mclass[39m=[32m"_name_d0c175"[39m
              [36m>[39m
                [0mThe Ocean Cleanup[0m
              [36m</h3>[39m
            [36m</div>[39m
            [36m<div[39m
              [33mclass[39m=[32m"_footer_d0c175"[39m
            [36m>[39m
              [36m<span[39m
                [33mclass[39m=[32m"_category_d0c175"[39m
              [36m>[39m
                [0menvironment[0m
              [36m</span>[39m
              [36m<a[39m
                [33mclass[39m=[32m"_link_d0c175"[39m
                [33mhref[39m=[32m"https://theoceancleanup.com"[39m
                [33mrel[39m=[32m"noopener noreferrer"[39m
                [33mtarget[39m=[32m"_blank"[39m
              [36m>[39m
                [0mLearn more[0m
                [36m<svg[39m
                  [33maria-hidden[39m=[32m"true"[39m
                  [33mfill[39m=[32m"none"[39m
                  [33mheight[39m=[32m"14"[39m
                  [33mviewBox[39m=[32m"0 0 12 12"[39m
                  [33mwidth[39m=[32m"14"[39m
                  [33mxmlns[39m=[32m"http://www.w3.org/2000/svg"[39m
                [36m>[39m
                  [36m<path[39m
                    [33md[39m=[32m"M3 1H11V9M11 1L1 11"[39m
                    [33mstroke[39m=[32m"currentColor"[39m
                    [33mstroke-linecap[39m=[32m"round"[39m
                    [33mstroke-linejoin[39m=[32m"round"[39m
                    [33mstroke-width[39m=[32m"1.5"[39m
                  [36m/>[39m
                [36m</svg>[39m
              [36m</a>[39m
            [36m</div>[39m
          [36m</div>[39m
        [36m</div>[39m
      [36m</div>[39m
    [36m</div>[39m
  [36m</div>[39m
[36m</body>[39m

Ignored nodes: comments, script, style
[36m<html>[39m
  [36m<head />[39m
  [36m<body>[39m
    [36m<div>[39m
      [36m<div[39m
        [33mclass[39m=[32m"_container_49ae4b"[39m
      [36m>[39m
        [36m<div[39m
          [33mclass[39m=[32m"_header_49ae4b"[39m
        [36m>[39m
          [36m<h1[39m
            [33mclass[39m=[32m"_title_49ae4b"[39m
          [36m>[39m
            [0mSelect Give Back[0m
          [36m</h1>[39m
          [36m<p[39m
            [33mclass[39m=[32m"_description_49ae4b"[39m
          [36m>[39m
            [0mChoose a cause that matters to you[0m
          [36m</p>[39m
          [36m<div[39m
            [33mclass[39m=[32m"_impactStatement_49ae4b"[39m
          [36m>[39m
            [0m✨ $5/month makes a real difference[0m
          [36m</div>[39m
        [36m</div>[39m
        [36m<div[39m
          [33mclass[39m=[32m"_searchContainer_49ae4b"[39m
        [36m>[39m
          [36m<div>[39m
            [36m<svg[39m
              [33maria-hidden[39m=[32m"true"[39m
              [33mfill[39m=[32m"none"[39m
              [33mheight[39m=[32m"20"[39m
              [33mviewBox[39m=[32m"0 0 20 20"[39m
              [33mwidth[39m=[32m"20"[39m
              [33mxmlns[39m=[32m"http://www.w3.org/2000/svg"[39m
            [36m>[39m
              [36m<path[39m
                [33md[39m=[32m"M9 17C13.4183 17 17 13.4183 17 9C17 4.58172 13.4183 1 9 1C4.58172 1 1 4.58172 1 9C1 13.4183 4.58172 17 9 17Z"[39m
                [33mstroke[39m=[32m"currentColor"[39m
                [33mstroke-linecap[39m=[32m"round"[39m
                [33mstroke-linejoin[39m=[32m"round"[39m
                [33mstroke-width[39m=[32m"2"[39m
              [36m/>[39m
              [36m<path[39m
                [33md[39m=[32m"M19 19L14.65 14.65"[39m
                [33mstroke[39m=[32m"currentColor"[39m
                [33mstroke-linecap[39m=[32m"round"[39m
                [33mstroke-linejoin[39m=[32m"round"[39m
                [33mstroke-width[39m=[32m"2"[39m
              [36m/>[39m
            [36m</svg>[39m
            [36m<input[39m
              [33maria-label[39m=[32m"Search charities"[39m
              [33mplaceholder[39m=[32m"Search charities..."[39m
              [33mtype[39m=[32m"text"[39m
              [33mvalue[39m=[32m""[39m
            [36m/>[39m
          [36m</div>[39m
        [36m</div>[39m
        [36m<div[39m
          [33mclass[39m=[32m"_filters_49ae4b"[39m
        [36m>[39m
          [36m<button[39m
            [33maria-pressed[39m=[32m"true"[39m
            [33mclass[39m=[32m"undefined undefined"[39m
          [36m>[39m
            [0mAll Charities[0m
          [36m</button>[39m
          [36m<button[39m
            [33maria-pressed[39m=[32m"false"[39m
            [33mclass[39m=[32m"undefined "[39m
          [36m>[39m
            [0mPoverty Relief[0m
          [36m</button>[39m
          [36m<button[39m
            [33maria-pressed[39m=[32m"false"[39m
            [33mclass[39m=[32m"undefined "[39m
          [36m/>[39m
          [36m<button[39m
            [33maria-pressed[39m=[32m"false"[39m
            [33mclass[39m=[32m"undefined "[39m
          [36m/>[39m
        [36m</div>[39m
        [36m<div[39m
          [33mclass[39m=[32m"_grid_49ae4b"[39m
        [36m>[39m
          [36m<div[39m
            [33mclass[39m=[32m"_centerHeader_49ae4b"[39m
          [36m>[39m
            [36m<h2[39m
              [33mclass[39m=[32m"_centerTitle_49ae4b"[39m
            [36m>[39m
              [0mChoose[0m
              [36m<br />[39m
              [0mYour[0m
              [36m<br />[39m
              [0mCause[0m
            [36m</h2>[39m
          [36m</div>[39m
          [36m<div[39m
            [33mstyle[39m=[32m"transform: rotate(0deg) translate(270px) rotate(-0deg);"[39m
          [36m>[39m
            [36m<div[39m
              [33maria-pressed[39m=[32m"false"[39m
              [33mclass[39m=[32m"_card_d0c175 _clickable_d0c175"[39m
              [33mrole[39m=[32m"button"[39m
              [33mtabindex[39m=[32m"0"[39m
            [36m>[39m
              [36m<div[39m
                [33mclass[39m=[32m"_titleRow_d0c175"[39m
              [36m>[39m
                [36m<h3[39m
                  [33mclass[39m=[32m"_name_d0c175"[39m
                [36m>[39m
                  [0mKhan Academy[0m
                [36m</h3>[39m
              [36m</div>[39m
              [36m<div[39m
                [33mclass[39m=[32m"_footer_d0c175"[39m
              [36m>[39m
                [36m<span[39m
                  [33mclass[39m=[32m"_category_d0c175"[39m
                [36m>[39m
                  [0meducation[0m
                [36m</span>[39m
                [36m<a[39m
                  [33mclass[39m=[32m"_link_d0c175"[39m
                  [33mhref[39m=[32m"https://khanacademy.org"[39m
                  [33mrel[39m=[32m"noopener noreferrer"[39m
                  [33mtarget[39m=[32m"_blank"[39m
                [36m>[39m
                  [0mLearn more[0m
                  [36m<svg[39m
                    [33maria-hidden[39m=[32m"true"[39m
                    [33mfill[39m=[32m"none"[39m
                    [33mheight[39m=[32m"14"[39m
                    [33mviewBox[39m=[32m"0 0 12 12"[39m
                    [33mwidth[39m=[32m"14"[39m
                    [33mxmlns[39m=[32m"http://www.w3.org/2000/svg"[39m
                  [36m>[39m
                    [36m<path[39m
                      [33md[39m=[32m"M3 1H11V9M11 1L1 11"[39m
                      [33mstroke[39m=[32m"currentColor"[39m
                      [33mstroke-linecap[39m=[32m"round"[39m
                      [33mstroke-linejoin[39m=[32m"round"[39m
                      [33mstroke-width[39m=[32m"1.5"[39m
                    [36m/>[39m
                  [36m</svg>[39m
                [36m</a>[39m
              [36m</div>[39m
            [36m</div>[39m
          [36m</div>[39m
          [36m<div[39m
            [33mstyle[39m=[32m"transform: rotate(120deg) translate(270px) rotate(-120deg);"[39m
          [36m>[39m
            [36m<div[39m
              [33maria-pressed[39m=[32m"false"[39m
              [33mclass[39m=[32m"_card_d0c175 _clickable_d0c175"[39m
              [33mrole[39m=[32m"button"[39m
              [33mtabindex[39m=[32m"0"[39m
            [36m>[39m
              [36m<div[39m
                [33mclass[39m=[32m"_titleRow_d0c175"[39m
              [36m>[39m
                [36m<h3[39m
                  [33mclass[39m=[32m"_name_d0c175"[39m
                [36m>[39m
                  [0mGiveDirectly[0m
                [36m</h3>[39m
              [36m</div>[39m
              [36m<div[39m
   ...
 ❯ Proxy.waitForWrapper node_modules/@testing-library/react/node_modules/@testing-library/dom/dist/wait-for.js:163:27
 ❯ src/components/charity/CharitySelector.test.tsx:271:13
    269|       render(<CharitySelector onSelect={mockOnSelect} showFilters />);
    270|
    271|       await waitFor(() => {
       |             ^
    272|         const allButton = screen.getByRole('button', { name: /all char…
    273|         expect(allButton).toHaveAttribute('aria-pressed');

⎯⎯⎯⎯⎯⎯⎯⎯⎯⎯⎯⎯⎯⎯⎯⎯⎯⎯⎯⎯[199/824]⎯

 FAIL  src/components/charity/CharitySelector.test.tsx > CharitySelector Component > accessibility > should announce charity selection status
TestingLibraryElementError: Unable to find an element with the text: /charity selected/i. This could be because the text is broken up by multiple elements. In this case, you can provide a function for your text matcher to make your matcher more flexible.

Ignored nodes: comments, script, style
[36m<body>[39m
  [36m<div>[39m
    [36m<div[39m
      [33mclass[39m=[32m"_container_49ae4b"[39m
    [36m>[39m
      [36m<div[39m
        [33mclass[39m=[32m"_header_49ae4b"[39m
      [36m>[39m
        [36m<h1[39m
          [33mclass[39m=[32m"_title_49ae4b"[39m
        [36m>[39m
          [0mSelect Give Back[0m
        [36m</h1>[39m
        [36m<p[39m
          [33mclass[39m=[32m"_description_49ae4b"[39m
        [36m>[39m
          [0mChoose a cause that matters to you[0m
        [36m</p>[39m
        [36m<div[39m
          [33mclass[39m=[32m"_impactStatement_49ae4b"[39m
        [36m>[39m
          [0m✨ $5/month makes a real difference[0m
        [36m</div>[39m
      [36m</div>[39m
      [36m<div[39m
        [33mclass[39m=[32m"_searchContainer_49ae4b"[39m
      [36m>[39m
        [36m<div>[39m
          [36m<svg[39m
            [33maria-hidden[39m=[32m"true"[39m
            [33mfill[39m=[32m"none"[39m
            [33mheight[39m=[32m"20"[39m
            [33mviewBox[39m=[32m"0 0 20 20"[39m
            [33mwidth[39m=[32m"20"[39m
            [33mxmlns[39m=[32m"http://www.w3.org/2000/svg"[39m
          [36m>[39m
            [36m<path[39m
              [33md[39m=[32m"M9 17C13.4183 17 17 13.4183 17 9C17 4.58172 13.4183 1 9 1C4.58172 1 1 4.58172 1 9C1 13.4183 4.58172 17 9 17Z"[39m
              [33mstroke[39m=[32m"currentColor"[39m
              [33mstroke-linecap[39m=[32m"round"[39m
              [33mstroke-linejoin[39m=[32m"round"[39m
              [33mstroke-width[39m=[32m"2"[39m
            [36m/>[39m
            [36m<path[39m
              [33md[39m=[32m"M19 19L14.65 14.65"[39m
              [33mstroke[39m=[32m"currentColor"[39m
              [33mstroke-linecap[39m=[32m"round"[39m
              [33mstroke-linejoin[39m=[32m"round"[39m
              [33mstroke-width[39m=[32m"2"[39m
            [36m/>[39m
          [36m</svg>[39m
          [36m<input[39m
            [33maria-label[39m=[32m"Search charities"[39m
            [33mplaceholder[39m=[32m"Search charities..."[39m
            [33mtype[39m=[32m"text"[39m
            [33mvalue[39m=[32m""[39m
          [36m/>[39m
        [36m</div>[39m
      [36m</div>[39m
      [36m<div[39m
        [33mclass[39m=[32m"_filters_49ae4b"[39m
      [36m>[39m
        [36m<button[39m
          [33maria-pressed[39m=[32m"true"[39m
          [33mclass[39m=[32m"undefined undefined"[39m
        [36m>[39m
          [0mAll Charities[0m
        [36m</button>[39m
        [36m<button[39m
          [33maria-pressed[39m=[32m"false"[39m
          [33mclass[39m=[32m"undefined "[39m
        [36m>[39m
          [0mPoverty Relief[0m
        [36m</button>[39m
        [36m<button[39m
          [33maria-pressed[39m=[32m"false"[39m
          [33mclass[39m=[32m"undefined "[39m
        [36m/>[39m
        [36m<button[39m
          [33maria-pressed[39m=[32m"false"[39m
          [33mclass[39m=[32m"undefined "[39m
        [36m/>[39m
      [36m</div>[39m
      [36m<div[39m
        [33mclass[39m=[32m"_grid_49ae4b"[39m
      [36m>[39m
        [36m<div[39m
          [33mclass[39m=[32m"_centerHeader_49ae4b"[39m
        [36m>[39m
          [36m<h2[39m
            [33mclass[39m=[32m"_centerTitle_49ae4b"[39m
          [36m>[39m
            [0mChoose[0m
            [36m<br />[39m
            [0mYour[0m
            [36m<br />[39m
            [0mCause[0m
          [36m</h2>[39m
        [36m</div>[39m
        [36m<div[39m
          [33mstyle[39m=[32m"transform: rotate(0deg) translate(270px) rotate(-0deg);"[39m
        [36m>[39m
          [36m<div[39m
            [33maria-pressed[39m=[32m"true"[39m
            [33mclass[39m=[32m"_card_d0c175 _selected_d0c175 _clickable_d0c175"[39m
            [33mrole[39m=[32m"button"[39m
            [33mtabindex[39m=[32m"0"[39m
          [36m>[39m
            [36m<div[39m
              [33mclass[39m=[32m"_titleRow_d0c175"[39m
            [36m>[39m
              [36m<h3[39m
                [33mclass[39m=[32m"_name_d0c175"[39m
              [36m>[39m
                [0mKhan Academy[0m
              [36m</h3>[39m
              [36m<div[39m
                [33maria-label[39m=[32m"Selected"[39m
                [33mclass[39m=[32m"_selectedBadge_d0c175"[39m
              [36m>[39m
                [36m<svg[39m
                  [33maria-hidden[39m=[32m"true"[39m
                  [33mfill[39m=[32m"none"[39m
                  [33mheight[39m=[32m"20"[39m
                  [33mviewBox[39m=[32m"0 0 20 20"[39m
                  [33mwidth[39m=[32m"20"[39m
                  [33mxmlns[39m=[32m"http://www.w3.org/2000/svg"[39m
                [36m>[39m
                  [36m<circle[39m
                    [33mcx[39m=[32m"10"[39m
                    [33mcy[39m=[32m"10"[39m
                    [33mfill[39m=[32m"currentColor"[39m
                    [33mr[39m=[32m"10"[39m
                  [36m/>[39m
                  [36m<path[39m
                    [33md[39m=[32m"M6 10L9 13L14 7"[39m
                    [33mstroke[39m=[32m"white"[39m
                    [33mstroke-linecap[39m=[32m"round"[39m
                    [33mstroke-linejoin[39m=[32m"round"[39m
                    [33mstroke-width[39m=[32m"2"[39m
                  [36m/>[39m
                [36m</svg>[39m
              [36m</div>[39m
            [36m</div>[39m
            [36m<div[39m
              [33mclass[39m=[32m"_footer_d0c175"[39m
            [36m>[39m
              [36m<span[39m
                [33mclass[39m=[32m"_category_d0c175"[39m
              [36m>[39m
                [0meducation[0m
              [36m</span>[39m
              [36m<a[39m
                [33mclass[39m=[32m"_link_d0c175"[39m
                [33mhref[39m=[32m"https://khanacademy.org"[39m
                [33mrel[39m=[32m"noopener noreferrer"[39m
                [33mtarget[39m=[32m"_blank"[39m
              [36m>[39m
                [0mLearn more[0m
                [36m<svg[39m
                  [33maria-hidden[39m=[32m"true"[39m
                  [33mfill[39m=[32m"none"[39m
                  [33mheight[39m=[32m"14"[39m
                  [33mviewBox[39m=[32m"0 0 12 12"[39m
                  [33mwidth[39m=[32m"14"[39m
                  [33mxmlns[39m=[32m"http://www.w3.org/2000/svg"[39m
                [36m>[39m
                  [36m<path[39m
                    [33md[39m=[32m"M3 1H11V9M11 1L1 11"[39m
                    [33mstroke[39m=[32m"currentColor"[39m
                    [33mstroke-linecap[39m=[32m"round"[39m
                    [33mstroke-linejoin[39m=[32m"round"[39m
                    [33mstroke-width[39m=[32m"1.5"[39m
                  [36m/>[39m
                [36m</svg>[39m
              [36m</a>[39m
            [36m</div>[39m
          [36m</div>[39m
        [36m</div>[39m
        [36m<div[39m
          [33mstyle[39m=[32m"transform: rotate(120deg) translate(270px) rotate(-120deg);"[39m
        [36m>[39m
          [36m<div[39m
            [33maria-pressed[39m=[32m"false"[39m
            [33mclass[39m=[32m"_card_d0c175 _clickable_d0c175"[39m
            [33mrole[39m=[32m"button"[39m
            [33mtabindex[39m=[32m"0"[39m
          [36m>[39m
            [36m<div[39m
              [33mclass[39m=[32m"_titleRow_d0c175"[39m
            [36m>[39m
              [36m<h3[39m
                [33mclass[39m=[32m"_name_d0c175"[39m
              [36m>[39m
                [0mGiveDirectly[0m
              [36m</h3>[39m
            [36m</div>[39m
            [36m<div[39m
              [33mclass[39m=[32m"_footer_d0c175"[39m
            [36m>[39m
              [36m<span[39m
                [33mclass[39m=[32m"_category_d0c175"[39m
              [36m>[39m
                [0mPOVERTY[0m
              [36m</span>[39m
              [36m<a[39m
                [33mclass[39m=[32m"_link_d0c175"[39m
                [33mhref[39m=[32m"https://givedirectly.org"[39m
                [33mrel[39m=[32m"noopener noreferrer"[39m
                [33mtarget[39m=[32m"_blank"[39m
              [36m>[39m
                [0mLearn more[0m
                [36m<svg[39m
                  [33maria-hidden[39m=[32m"true"[39m
                  [33mfill[39m=[32m"none"[39m
                  [33mheight[39m=[32m"14"[39m
                  [33mviewBox[39m=[32m"0 0 12 12"[39m
                  [33mwidth[39m=[32m"14"[39m
                  [33mxmlns[39m=[32m"http://www.w3.org/2000/svg"[39m
                [36m>[39m
                  [36m<path[39m
                    [33md[39m=[32m"M3 1H11V9M11 1L1 11"[39m
                    [33mstroke[39m=[32m"currentColor"[39m
                    [33mstroke-linecap[39m=[32m"round"[39m
                    [33mstroke-linejoin[39m=[32m"round"[39m
                    [33mstroke-width[39m=[32m"1.5"[39m
                  [36m/>[39m
                [36m</svg>[39m
              [36m</a>[39m
            [36m</div>[39m
          [36m</div>[39m
        [36m</div>[39m
        [36m<div[39m
          [33mstyle[39m=[32m"transform: rotate(240deg) translate(270px) rotate(-240deg);"[39m
        [36m>[39m
          [36m<div[39m
            [33maria-pressed[39m=[32m"false"[39m
            [33mclass[39m=[32m"_card_d0c175 _clickable_d0c175"[39m
            [33mrole[39m=[32m"button"[39m
            [33mtabindex[39m=[32m"0"[39m
          [36m>[39m
            [36m<div[39m
              [33mclass[39m=[32m"_titleRow_d0c175"[39m
            [36m>[39m
              [36m<h3[39m
                [33mclass[39m=[32m"_name_d0c175"[39m
              [36m>[39m
                [0mThe Ocean Cleanup[0m
              [36m</h3>[39m
            [36m</div>[39m
            [36m<div[39m
              [33mclass[39m=[32m"_footer_d0c175"[39m
            [36m>[39m
              [36m<span[39m
                [33mclass[39m=[32m"_category_d0c175"[39m
              [36m>[39m
                [0menvironment[0m
              [36m</span>[39m
              [36m<a[39m
                [33mclass[39m=[32m"_link_d0c175"[39m
                [33mhref[39m=[32m"https://theoceancleanup.com"[39m
                [33mrel[39m=[32m"noopener noreferrer"[39m
                [33mtarget[39m=[32m"_blank"[39m
              [36m>[39m
                [0mLearn more[0m
                [36m<svg[39m
                  [33maria-hidden[39m=[32m"true"[39m
                  [33mfill[39m=[32m"none"[39m
                  [33mheight[39m=[32m"14"[39m
                  [33mviewBox[39m=[32m"0 0 12 12"[39m
                  [33mwidth[39m=[32m"14"[39m
                  [33mxmlns[39m=[32m"http://www.w3.org/2000/svg"[39m
                [36m>[39m
                  [36m<path[39m
                    [33md[39m=[32m"M3 1H11V9M11 1L1 11"[39m
                    [33mstroke[39m=[32m"currentColor"[39m
                    [33mstroke-linecap[39m=[32m"round"[39m
                    [33mstroke-linejoin[39m=[32m"round"[39m
                    [33mstroke-width[39m=[32m"1.5"[39m
                  [36m/>[39m
                [36m</svg>[39m
              [36m</a>[39m
            [36m</div>[39m
          [36m</div>[39m
        [36m</div>[39m
      [36m</div>[39m
    [36m</div>[39m
  [36m</div>[39m
[36m</body>[39m

Ignored nodes: comments, script, style
[36m<html>[39m
  [36m<head />[39m
  [36m<body>[39m
    [36m<div>[39m
      [36m<div[39m
        [33mclass[39m=[32m"_container_49ae4b"[39m
      [36m>[39m
        [36m<div[39m
          [33mclass[39m=[32m"_header_49ae4b"[39m
        [36m>[39m
          [36m<h1[39m
            [33mclass[39m=[32m"_title_49ae4b"[39m
          [36m>[39m
            [0mSelect Give Back[0m
          [36m</h1>[39m
          [36m<p[39m
            [33mclass[39m=[32m"_description_49ae4b"[39m
          [36m>[39m
            [0mChoose a cause that matters to you[0m
          [36m</p>[39m
          [36m<div[39m
            [33mclass[39m=[32m"_impactStatement_49ae4b"[39m
          [36m>[39m
            [0m✨ $5/month makes a real difference[0m
          [36m</div>[39m
        [36m</div>[39m
        [36m<div[39m
          [33mclass[39m=[32m"_searchContainer_49ae4b"[39m
        [36m>[39m
          [36m<div>[39m
            [36m<svg[39m
              [33maria-hidden[39m=[32m"true"[39m
              [33mfill[39m=[32m"none"[39m
              [33mheight[39m=[32m"20"[39m
              [33mviewBox[39m=[32m"0 0 20 20"[39m
              [33mwidth[39m=[32m"20"[39m
              [33mxmlns[39m=[32m"http://www.w3.org/2000/svg"[39m
            [36m>[39m
              [36m<path[39m
                [33md[39m=[32m"M9 17C13.4183 17 17 13.4183 17 9C17 4.58172 13.4183 1 9 1C4.58172 1 1 4.58172 1 9C1 13.4183 4.58172 17 9 17Z"[39m
                [33mstroke[39m=[32m"currentColor"[39m
                [33mstroke-linecap[39m=[32m"round"[39m
                [33mstroke-linejoin[39m=[32m"round"[39m
                [33mstroke-width[39m=[32m"2"[39m
              [36m/>[39m
              [36m<path[39m
                [33md[39m=[32m"M19 19L14.65 14.65"[39m
                [33mstroke[39m=[32m"currentColor"[39m
                [33mstroke-linecap[39m=[32m"round"[39m
                [33mstroke-linejoin[39m=[32m"round"[39m
                [33mstroke-width[39m=[32m"2"[39m
              [36m/>[39m
            [36m</svg>[39m
            [36m<input[39m
              [33maria-label[39m=[32m"Search charities"[39m
              [33mplaceholder[39m=[32m"Search charities..."[39m
              [33mtype[39m=[32m"text"[39m
              [33mvalue[39m=[32m""[39m
            [36m/>[39m
          [36m</div>[39m
        [36m</div>[39m
        [36m<div[39m
          [33mclass[39m=[32m"_filters_49ae4b"[39m
        [36m>[39m
          [36m<button[39m
            [33maria-pressed[39m=[32m"true"[39m
            [33mclass[39m=[32m"undefined undefined"[39m
          [36m>[39m
            [0mAll Charities[0m
          [36m</button>[39m
          [36m<button[39m
            [33maria-pressed[39m=[32m"false"[39m
            [33mclass[39m=[32m"undefined "[39m
          [36m>[39m
            [0mPoverty Relief[0m
          [36m</button>[39m
          [36m<button[39m
            [33maria-pressed[39m=[32m"false"[39m
            [33mclass[39m=[32m"undefined "[39m
          [36m/>[39m
          [36m<button[39m
            [33maria-pressed[39m=[32m"false"[39m
            [33mclass[39m=[32m"undefined "[39m
          [36m/>[39m
        [36m</div>[39m
        [36m<div[39m
          [33mclass[39m=[32m"_grid_49ae4b"[39m
        [36m>[39m
          [36m<div[39m
            [33mclass[39m=[32m"_centerHeader_49ae4b"[39m
          [36m>[39m
            [36m<h2[39m
              [33mclass[39m=[32m"_centerTitle_49ae4b"[39m
            [36m>[39m
              [0mChoose[0m
              [36m<br />[39m
              [0mYour[0m
              [36m<br />[39m
              [0mCause[0m
            [36m</h2>[39m
          [36m</div>[39m
          [36m<div[39m
            [33mstyle[39m=[32m"transform: rotate(0deg) translate(270px) rotate(-0deg);"[39m
          [36m>[39m
            [36m<div[39m
              [33maria-pressed[39m=[32m"true"[39m
              [33mclass[39m=[32m"_card_d0c175 _selected_d0c175 _clickable_d0c175"[39m
              [33mrole[39m=[32m"button"[39m
              [33mtabindex[39m=[32m"0"[39m
            [36m>[39m
              [36m<div[39m
                [33mclass[39m=[32m"_titleRow_d0c175"[39m
              [36m>[39m
                [36m<h3[39m
                  [33mclass[39m=[32m"_name_d0c175"[39m
                [36m>[39m
                  [0mKhan Academy[0m
                [36m</h3>[39m
                [36m<div[39m
                  [33maria-label[39m=[32m"Selected"[39m
                  [33mclass[39m=[32m"_selectedBadge_d0c175"[39m
                [36m>[39m
                  [36m<svg[39m
                    [33maria-hidden[39m=[32m"true"[39m
                    [33mfill[39m=[32m"none"[39m
                    [33mheight[39m=[32m"20"[39m
                    [33mviewBox[39m=[32m"0 0 20 20"[39m
                    [33mwidth[39m=[32m"20"[39m
                    [33mxmlns[39m=[32m"http://www.w3.org/2000/svg"[39m
                  [36m>[39m
                    [36m<circle[39m
                      [33mcx[39m=[32m"10"[39m
                      [33mcy[39m=[32m"10"[39m
                      [33mfill[39m=[32m"currentColor"[39m
                      [33mr[39m=[32m"10"[39m
                    [36m/>[39m
                    [36m<path[39m
                      [33md[39m=[32m"M6 10L9 13L14 7"[39m
                      [33mstroke[39m=[32m"white"[39m
                      [33mstroke-linecap[39m=[32m"round"[39m
                      [33mstroke-linejoin[39m=[32m"round"[39m
                      [33mstroke-width[39m=[32m"2"[39m
                    [36m/>[39m
                  [36m</svg>[39m
                [36m</div>[39m
              [36m</div>[39m
              [36m<div[39m
                [33mclass[39m=[32m"_footer_d0c175"[39m
              [36m>[39m
                [36m<span[39m
                  [33mclass[39m=[32m"_category_d0c175"[39m
                [36m>[39m
                  [0meducation[0m
                [36m</span>[39m
                [36m<a[39m
                  [33mclass[39m=[32m"_link_d0c175"[39m
                  [33mhref[39m=[32m"https://khanacademy.org"[39m
                  [33mrel[39m=[32m"noopener noreferrer"[39m
                  [33mtarget[39m=[32m"_blank"[39m
                [36m>[39m
                  [0mLearn more[0m
                  [36m<svg[39m
                    [33maria-hidden[39m=[32m"true"[39m
                    [33mfill[39m=[32m"none"[39m
                    [33mheight[39m=[32m"14"[39m
                    [33mviewBox[39m=[32m"0 0 12 12"[39m
                    [33mwidth[39m=[32m"14"[39m
                    [33mxmlns[39m=[32m"http://www.w3.org/2000/svg"[39m
                  ...
 ❯ Proxy.waitForWrapper node_modules/@testing-library/react/node_modules/@testing-library/dom/dist/wait-for.js:163:27
 ❯ src/components/charity/CharitySelector.test.tsx:280:13
    278|       render(<CharitySelector selectedCharityId="1" onSelect={mockOnSe…
    279|
    280|       await waitFor(() => {
       |             ^
    281|         const confirmation = screen.getByText(/charity selected/i).clo…
    282|         expect(confirmation?.parentElement).toBeDefined();

⎯⎯⎯⎯⎯⎯⎯⎯⎯⎯⎯⎯⎯⎯⎯⎯⎯⎯⎯⎯[200/824]⎯

 FAIL  src/components/cpg/BalanceSheetEntryForm.test.tsx > BalanceSheetEntryForm > Initial Render > renders current and fixed asset subsections
TestingLibraryElementError: Found multiple elements with the text: /Current Assets/i

Here are the matching elements:

Ignored nodes: comments, script, style
[36m<h3[39m
  [33mclass[39m=[32m"_sectionTitle_760251"[39m
[36m>[39m
  [0mCurrent Assets[0m
[36m</h3>[39m

Ignored nodes: comments, script, style
[36m<span[39m
  [33mclass[39m=[32m"_subtotalLabel_760251"[39m
[36m>[39m
  [0mTotal Current Assets:[0m
[36m</span>[39m

(If this is intentional, then use the `*AllBy*` variant of the query (like `queryAllByText`, `getAllByText`, or `findAllByText`)).

Ignored nodes: comments, script, style
[36m<body>[39m
  [36m<div>[39m
    [36m<div[39m
      [33mclass[39m=[32m"_form_760251"[39m
    [36m>[39m
      [36m<section[39m
        [33mclass[39m=[32m"_section_760251"[39m
      [36m>[39m
        [36m<h2[39m
          [33mclass[39m=[32m"_mainSectionTitle_760251"[39m
        [36m>[39m
          [0mStatement Date[0m
        [36m</h2>[39m
        [36m<div[39m
          [33mclass[39m=[32m"_periodGrid_760251"[39m
        [36m>[39m
          [36m<div[39m
            [33mclass[39m=[32m"_selectWrapper_f93aca"[39m
          [36m>[39m
            [36m<label[39m
              [33mclass[39m=[32m"_label_f93aca"[39m
              [33mfor[39m=[32m":ro:"[39m
            [36m>[39m
              [0mPeriod Type[0m
            [36m</label>[39m
            [36m<div[39m
              [33mclass[39m=[32m"_selectContainer_f93aca _md_f93aca"[39m
            [36m>[39m
              [36m<select[39m
                [33maria-invalid[39m=[32m"false"[39m
                [33mclass[39m=[32m"_select_f93aca"[39m
                [33mid[39m=[32m":ro:"[39m
              [36m>[39m
                [36m<option[39m
                  [33mvalue[39m=[32m"monthly"[39m
                [36m>[39m
                  [0mMonth End[0m
                [36m</option>[39m
                [36m<option[39m
                  [33mvalue[39m=[32m"quarterly"[39m
                [36m>[39m
                  [0mQuarter End[0m
                [36m</option>[39m
                [36m<option[39m
                  [33mvalue[39m=[32m"annual"[39m
                [36m>[39m
                  [0mYear End[0m
                [36m</option>[39m
                [36m<option[39m
                  [33mvalue[39m=[32m"custom"[39m
                [36m>[39m
                  [0mCustom Date[0m
                [36m</option>[39m
              [36m</select>[39m
              [36m<span[39m
                [33maria-hidden[39m=[32m"true"[39m
                [33mclass[39m=[32m"_chevron_f93aca"[39m
              [36m>[39m
                [0m▼[0m
              [36m</span>[39m
            [36m</div>[39m
          [36m</div>[39m
          [36m<div[39m
            [33mclass[39m=[32m"_inputWrapper_c35f6e"[39m
          [36m>[39m
            [36m<label[39m
              [33mclass[39m=[32m"_label_c35f6e"[39m
              [33mfor[39m=[32m":rp:"[39m
            [36m>[39m
              [0mAs of Date[0m
            [36m</label>[39m
            [36m<div[39m
              [33mclass[39m=[32m"_inputContainer_c35f6e"[39m
            [36m>[39m
              [36m<input[39m
                [33maria-invalid[39m=[32m"false"[39m
                [33mclass[39m=[32m"_input_c35f6e"[39m
                [33mid[39m=[32m":rp:"[39m
                [33mtype[39m=[32m"date"[39m
                [33mvalue[39m=[32m"2026-04-30"[39m
              [36m/>[39m
            [36m</div>[39m
          [36m</div>[39m
        [36m</div>[39m
      [36m</section>[39m
      [36m<section[39m
        [33mclass[39m=[32m"_section_760251"[39m
      [36m>[39m
        [36m<h2[39m
          [33mclass[39m=[32m"_mainSectionTitle_760251"[39m
        [36m>[39m
          [0mAssets[0m
        [36m</h2>[39m
        [36m<div[39m
          [33mclass[39m=[32m"_subsection_760251"[39m
        [36m>[39m
          [36m<div[39m
            [33mclass[39m=[32m"_sectionHeader_760251"[39m
          [36m>[39m
            [36m<h3[39m
              [33mclass[39m=[32m"_sectionTitle_760251"[39m
            [36m>[39m
              [0mCurrent Assets[0m
            [36m</h3>[39m
          [36m</div>[39m
          [36m<div[39m
            [33mclass[39m=[32m"_lineItems_760251"[39m
          [36m>[39m
            [36m<div[39m
              [33mclass[39m=[32m"_greenBox_760251"[39m
            [36m>[39m
              [36m<div[39m
                [33mclass[39m=[32m"_lineItem_760251"[39m
              [36m>[39m
                [36m<div[39m
                  [33mclass[39m=[32m"_lineItemFields_760251"[39m
                [36m>[39m
                  [36m<div[39m
                    [33mclass[39m=[32m"_inputWrapper_c35f6e _descriptionInput_760251"[39m
                  [36m>[39m
                    [36m<label[39m
                      [33mclass[39m=[32m"_label_c35f6e"[39m
                      [33mfor[39m=[32m":rq:"[39m
                    [36m>[39m
                      [0mDescription[0m
                    [36m</label>[39m
                    [36m<div[39m
                      [33mclass[39m=[32m"_inputContainer_c35f6e"[39m
                    [36m>[39m
                      [36m<input[39m
                        [33maria-invalid[39m=[32m"false"[39m
                        [33mclass[39m=[32m"_input_c35f6e"[39m
                        [33mid[39m=[32m":rq:"[39m
                        [33mplaceholder[39m=[32m"e.g., Cash, Inventory"[39m
                        [33mvalue[39m=[32m""[39m
                      [36m/>[39m
                    [36m</div>[39m
                  [36m</div>[39m
                  [36m<div[39m
                    [33mclass[39m=[32m"_inputWrapper_c35f6e _amountInput_760251"[39m
                  [36m>[39m
                    [36m<label[39m
                      [33mclass[39m=[32m"_label_c35f6e"[39m
                      [33mfor[39m=[32m":rr:"[39m
                    [36m>[39m
                      [0mAmount[0m
                    [36m</label>[39m
                    [36m<div[39m
                      [33mclass[39m=[32m"_inputContainer_c35f6e"[39m
                    [36m>[39m
                      [36m<input[39m
                        [33maria-invalid[39m=[32m"false"[39m
                        [33mclass[39m=[32m"_input_c35f6e"[39m
                        [33mid[39m=[32m":rr:"[39m
                        [33mmin[39m=[32m"0"[39m
                        [33mplaceholder[39m=[32m"0.00"[39m
                        [33mstep[39m=[32m"0.01"[39m
                        [33mtype[39m=[32m"number"[39m
                        [33mvalue[39m=[32m""[39m
                      [36m/>[39m
                    [36m</div>[39m
                  [36m</div>[39m
                [36m</div>[39m
              [36m</div>[39m
              [36m<button[39m
                [33maria-busy[39m=[32m"false"[39m
                [33maria-disabled[39m=[32m"false"[39m
                [33mclass[39m=[32m"_button_c9c6cf _secondary_c9c6cf _sm_c9c6cf _addLineInside_760251"[39m
                [33mtype[39m=[32m"button"[39m
              [36m>[39m
                [36m<span[39m
                  [33mclass[39m=[32m"_content_c9c6cf"[39m
                [36m>[39m
                  [0m+ Add Line[0m
                [36m</span>[39m
...
 ❯ Object.getElementError node_modules/@testing-library/react/node_modules/@testing-library/dom/dist/config.js:37:19
 ❯ getElementError node_modules/@testing-library/react/node_modules/@testing-library/dom/dist/query-helpers.js:20:35
 ❯ getMultipleElementsFoundError node_modules/@testing-library/react/node_modules/@testing-library/dom/dist/query-helpers.js:23:10
 ❯ node_modules/@testing-library/react/node_modules/@testing-library/dom/dist/query-helpers.js:55:13
 ❯ node_modules/@testing-library/react/node_modules/@testing-library/dom/dist/query-helpers.js:95:19
 ❯ src/components/cpg/BalanceSheetEntryForm.test.tsx:45:21
     43|       );
     44|
     45|       expect(screen.getByText(/Current Assets/i)).toBeInTheDocument();
       |                     ^
     46|       expect(screen.getByText(/Fixed Assets/i)).toBeInTheDocument();
     47|     });

⎯⎯⎯⎯⎯⎯⎯⎯⎯⎯⎯⎯⎯⎯⎯⎯⎯⎯⎯⎯[201/824]⎯

 FAIL  src/components/cpg/BalanceSheetEntryForm.test.tsx > BalanceSheetEntryForm > Initial Render > renders current and long-term liability subsections
TestingLibraryElementError: Found multiple elements with the text: /Current Liabilities/i

Here are the matching elements:

Ignored nodes: comments, script, style
[36m<h3[39m
  [33mclass[39m=[32m"_sectionTitle_760251"[39m
[36m>[39m
  [0mCurrent Liabilities[0m
[36m</h3>[39m

Ignored nodes: comments, script, style
[36m<span[39m
  [33mclass[39m=[32m"_subtotalLabel_760251"[39m
[36m>[39m
  [0mTotal Current Liabilities:[0m
[36m</span>[39m

(If this is intentional, then use the `*AllBy*` variant of the query (like `queryAllByText`, `getAllByText`, or `findAllByText`)).

Ignored nodes: comments, script, style
[36m<body>[39m
  [36m<div>[39m
    [36m<div[39m
      [33mclass[39m=[32m"_form_760251"[39m
    [36m>[39m
      [36m<section[39m
        [33mclass[39m=[32m"_section_760251"[39m
      [36m>[39m
        [36m<h2[39m
          [33mclass[39m=[32m"_mainSectionTitle_760251"[39m
        [36m>[39m
          [0mStatement Date[0m
        [36m</h2>[39m
        [36m<div[39m
          [33mclass[39m=[32m"_periodGrid_760251"[39m
        [36m>[39m
          [36m<div[39m
            [33mclass[39m=[32m"_selectWrapper_f93aca"[39m
          [36m>[39m
            [36m<label[39m
              [33mclass[39m=[32m"_label_f93aca"[39m
              [33mfor[39m=[32m":r14:"[39m
            [36m>[39m
              [0mPeriod Type[0m
            [36m</label>[39m
            [36m<div[39m
              [33mclass[39m=[32m"_selectContainer_f93aca _md_f93aca"[39m
            [36m>[39m
              [36m<select[39m
                [33maria-invalid[39m=[32m"false"[39m
                [33mclass[39m=[32m"_select_f93aca"[39m
                [33mid[39m=[32m":r14:"[39m
              [36m>[39m
                [36m<option[39m
                  [33mvalue[39m=[32m"monthly"[39m
                [36m>[39m
                  [0mMonth End[0m
                [36m</option>[39m
                [36m<option[39m
                  [33mvalue[39m=[32m"quarterly"[39m
                [36m>[39m
                  [0mQuarter End[0m
                [36m</option>[39m
                [36m<option[39m
                  [33mvalue[39m=[32m"annual"[39m
                [36m>[39m
                  [0mYear End[0m
                [36m</option>[39m
                [36m<option[39m
                  [33mvalue[39m=[32m"custom"[39m
                [36m>[39m
                  [0mCustom Date[0m
                [36m</option>[39m
              [36m</select>[39m
              [36m<span[39m
                [33maria-hidden[39m=[32m"true"[39m
                [33mclass[39m=[32m"_chevron_f93aca"[39m
              [36m>[39m
                [0m▼[0m
              [36m</span>[39m
            [36m</div>[39m
          [36m</div>[39m
          [36m<div[39m
            [33mclass[39m=[32m"_inputWrapper_c35f6e"[39m
          [36m>[39m
            [36m<label[39m
              [33mclass[39m=[32m"_label_c35f6e"[39m
              [33mfor[39m=[32m":r15:"[39m
            [36m>[39m
              [0mAs of Date[0m
            [36m</label>[39m
            [36m<div[39m
              [33mclass[39m=[32m"_inputContainer_c35f6e"[39m
            [36m>[39m
              [36m<input[39m
                [33maria-invalid[39m=[32m"false"[39m
                [33mclass[39m=[32m"_input_c35f6e"[39m
                [33mid[39m=[32m":r15:"[39m
                [33mtype[39m=[32m"date"[39m
                [33mvalue[39m=[32m"2026-04-30"[39m
              [36m/>[39m
            [36m</div>[39m
          [36m</div>[39m
        [36m</div>[39m
      [36m</section>[39m
      [36m<section[39m
        [33mclass[39m=[32m"_section_760251"[39m
      [36m>[39m
        [36m<h2[39m
          [33mclass[39m=[32m"_mainSectionTitle_760251"[39m
        [36m>[39m
          [0mAssets[0m
        [36m</h2>[39m
        [36m<div[39m
          [33mclass[39m=[32m"_subsection_760251"[39m
        [36m>[39m
          [36m<div[39m
            [33mclass[39m=[32m"_sectionHeader_760251"[39m
          [36m>[39m
            [36m<h3[39m
              [33mclass[39m=[32m"_sectionTitle_760251"[39m
            [36m>[39m
              [0mCurrent Assets[0m
            [36m</h3>[39m
          [36m</div>[39m
          [36m<div[39m
            [33mclass[39m=[32m"_lineItems_760251"[39m
          [36m>[39m
            [36m<div[39m
              [33mclass[39m=[32m"_greenBox_760251"[39m
            [36m>[39m
              [36m<div[39m
                [33mclass[39m=[32m"_lineItem_760251"[39m
              [36m>[39m
                [36m<div[39m
                  [33mclass[39m=[32m"_lineItemFields_760251"[39m
                [36m>[39m
                  [36m<div[39m
                    [33mclass[39m=[32m"_inputWrapper_c35f6e _descriptionInput_760251"[39m
                  [36m>[39m
                    [36m<label[39m
                      [33mclass[39m=[32m"_label_c35f6e"[39m
                      [33mfor[39m=[32m":r16:"[39m
                    [36m>[39m
                      [0mDescription[0m
                    [36m</label>[39m
                    [36m<div[39m
                      [33mclass[39m=[32m"_inputContainer_c35f6e"[39m
                    [36m>[39m
                      [36m<input[39m
                        [33maria-invalid[39m=[32m"false"[39m
                        [33mclass[39m=[32m"_input_c35f6e"[39m
                        [33mid[39m=[32m":r16:"[39m
                        [33mplaceholder[39m=[32m"e.g., Cash, Inventory"[39m
                        [33mvalue[39m=[32m""[39m
                      [36m/>[39m
                    [36m</div>[39m
                  [36m</div>[39m
                  [36m<div[39m
                    [33mclass[39m=[32m"_inputWrapper_c35f6e _amountInput_760251"[39m
                  [36m>[39m
                    [36m<label[39m
                      [33mclass[39m=[32m"_label_c35f6e"[39m
                      [33mfor[39m=[32m":r17:"[39m
                    [36m>[39m
                      [0mAmount[0m
                    [36m</label>[39m
                    [36m<div[39m
                      [33mclass[39m=[32m"_inputContainer_c35f6e"[39m
                    [36m>[39m
                      [36m<input[39m
                        [33maria-invalid[39m=[32m"false"[39m
                        [33mclass[39m=[32m"_input_c35f6e"[39m
                        [33mid[39m=[32m":r17:"[39m
                        [33mmin[39m=[32m"0"[39m
                        [33mplaceholder[39m=[32m"0.00"[39m
                        [33mstep[39m=[32m"0.01"[39m
                        [33mtype[39m=[32m"number"[39m
                        [33mvalue[39m=[32m""[39m
                      [36m/>[39m
                    [36m</div>[39m
                  [36m</div>[39m
                [36m</div>[39m
              [36m</div>[39m
              [36m<button[39m
                [33maria-busy[39m=[32m"false"[39m
                [33maria-disabled[39m=[32m"false"[39m
                [33mclass[39m=[32m"_button_c9c6cf _secondary_c9c6cf _sm_c9c6cf _addLineInside_760251"[39m
                [33mtype[39m=[32m"button"[39m
              [36m>[39m
                [36m<span[39m
                  [33mclass[39m=[32m"_content_c9c6cf"[39m
                [36m>[39m
                  [0m+ Add Line[0m
                [36m</spa...
 ❯ Object.getElementError node_modules/@testing-library/react/node_modules/@testing-library/dom/dist/config.js:37:19
 ❯ getElementError node_modules/@testing-library/react/node_modules/@testing-library/dom/dist/query-helpers.js:20:35
 ❯ getMultipleElementsFoundError node_modules/@testing-library/react/node_modules/@testing-library/dom/dist/query-helpers.js:23:10
 ❯ node_modules/@testing-library/react/node_modules/@testing-library/dom/dist/query-helpers.js:55:13
 ❯ node_modules/@testing-library/react/node_modules/@testing-library/dom/dist/query-helpers.js:95:19
 ❯ src/components/cpg/BalanceSheetEntryForm.test.tsx:54:21
     52|       );
     53|
     54|       expect(screen.getByText(/Current Liabilities/i)).toBeInTheDocume…
       |                     ^
     55|       expect(screen.getByText(/Long-term Liabilities/i)).toBeInTheDocu…
     56|     });

⎯⎯⎯⎯⎯⎯⎯⎯⎯⎯⎯⎯⎯⎯⎯⎯⎯⎯⎯⎯[202/824]⎯

 FAIL  src/components/cpg/BalanceSheetEntryForm.test.tsx > BalanceSheetEntryForm > Initial Render > renders balance indicator
TestingLibraryElementError: Unable to find an element with the text: /Balance Sheet Needs Adjustment/i. This could be because the text is broken up by multiple elements. In this case, you can provide a function for your text matcher to make your matcher more flexible.

Ignored nodes: comments, script, style
[36m<body>[39m
  [36m<div>[39m
    [36m<div[39m
      [33mclass[39m=[32m"_form_760251"[39m
    [36m>[39m
      [36m<section[39m
        [33mclass[39m=[32m"_section_760251"[39m
      [36m>[39m
        [36m<h2[39m
          [33mclass[39m=[32m"_mainSectionTitle_760251"[39m
        [36m>[39m
          [0mStatement Date[0m
        [36m</h2>[39m
        [36m<div[39m
          [33mclass[39m=[32m"_periodGrid_760251"[39m
        [36m>[39m
          [36m<div[39m
            [33mclass[39m=[32m"_selectWrapper_f93aca"[39m
          [36m>[39m
            [36m<label[39m
              [33mclass[39m=[32m"_label_f93aca"[39m
              [33mfor[39m=[32m":r1g:"[39m
            [36m>[39m
              [0mPeriod Type[0m
            [36m</label>[39m
            [36m<div[39m
              [33mclass[39m=[32m"_selectContainer_f93aca _md_f93aca"[39m
            [36m>[39m
              [36m<select[39m
                [33maria-invalid[39m=[32m"false"[39m
                [33mclass[39m=[32m"_select_f93aca"[39m
                [33mid[39m=[32m":r1g:"[39m
              [36m>[39m
                [36m<option[39m
                  [33mvalue[39m=[32m"monthly"[39m
                [36m>[39m
                  [0mMonth End[0m
                [36m</option>[39m
                [36m<option[39m
                  [33mvalue[39m=[32m"quarterly"[39m
                [36m>[39m
                  [0mQuarter End[0m
                [36m</option>[39m
                [36m<option[39m
                  [33mvalue[39m=[32m"annual"[39m
                [36m>[39m
                  [0mYear End[0m
                [36m</option>[39m
                [36m<option[39m
                  [33mvalue[39m=[32m"custom"[39m
                [36m>[39m
                  [0mCustom Date[0m
                [36m</option>[39m
              [36m</select>[39m
              [36m<span[39m
                [33maria-hidden[39m=[32m"true"[39m
                [33mclass[39m=[32m"_chevron_f93aca"[39m
              [36m>[39m
                [0m▼[0m
              [36m</span>[39m
            [36m</div>[39m
          [36m</div>[39m
          [36m<div[39m
            [33mclass[39m=[32m"_inputWrapper_c35f6e"[39m
          [36m>[39m
            [36m<label[39m
              [33mclass[39m=[32m"_label_c35f6e"[39m
              [33mfor[39m=[32m":r1h:"[39m
            [36m>[39m
              [0mAs of Date[0m
            [36m</label>[39m
            [36m<div[39m
              [33mclass[39m=[32m"_inputContainer_c35f6e"[39m
            [36m>[39m
              [36m<input[39m
                [33maria-invalid[39m=[32m"false"[39m
                [33mclass[39m=[32m"_input_c35f6e"[39m
                [33mid[39m=[32m":r1h:"[39m
                [33mtype[39m=[32m"date"[39m
                [33mvalue[39m=[32m"2026-04-30"[39m
              [36m/>[39m
            [36m</div>[39m
          [36m</div>[39m
        [36m</div>[39m
      [36m</section>[39m
      [36m<section[39m
        [33mclass[39m=[32m"_section_760251"[39m
      [36m>[39m
        [36m<h2[39m
          [33mclass[39m=[32m"_mainSectionTitle_760251"[39m
        [36m>[39m
          [0mAssets[0m
        [36m</h2>[39m
        [36m<div[39m
          [33mclass[39m=[32m"_subsection_760251"[39m
        [36m>[39m
          [36m<div[39m
            [33mclass[39m=[32m"_sectionHeader_760251"[39m
          [36m>[39m
            [36m<h3[39m
              [33mclass[39m=[32m"_sectionTitle_760251"[39m
            [36m>[39m
              [0mCurrent Assets[0m
            [36m</h3>[39m
          [36m</div>[39m
          [36m<div[39m
            [33mclass[39m=[32m"_lineItems_760251"[39m
          [36m>[39m
            [36m<div[39m
              [33mclass[39m=[32m"_greenBox_760251"[39m
            [36m>[39m
              [36m<div[39m
                [33mclass[39m=[32m"_lineItem_760251"[39m
              [36m>[39m
                [36m<div[39m
                  [33mclass[39m=[32m"_lineItemFields_760251"[39m
                [36m>[39m
                  [36m<div[39m
                    [33mclass[39m=[32m"_inputWrapper_c35f6e _descriptionInput_760251"[39m
                  [36m>[39m
                    [36m<label[39m
                      [33mclass[39m=[32m"_label_c35f6e"[39m
                      [33mfor[39m=[32m":r1i:"[39m
                    [36m>[39m
                      [0mDescription[0m
                    [36m</label>[39m
                    [36m<div[39m
                      [33mclass[39m=[32m"_inputContainer_c35f6e"[39m
                    [36m>[39m
                      [36m<input[39m
                        [33maria-invalid[39m=[32m"false"[39m
                        [33mclass[39m=[32m"_input_c35f6e"[39m
                        [33mid[39m=[32m":r1i:"[39m
                        [33mplaceholder[39m=[32m"e.g., Cash, Inventory"[39m
                        [33mvalue[39m=[32m""[39m
                      [36m/>[39m
                    [36m</div>[39m
                  [36m</div>[39m
                  [36m<div[39m
                    [33mclass[39m=[32m"_inputWrapper_c35f6e _amountInput_760251"[39m
                  [36m>[39m
                    [36m<label[39m
                      [33mclass[39m=[32m"_label_c35f6e"[39m
                      [33mfor[39m=[32m":r1j:"[39m
                    [36m>[39m
                      [0mAmount[0m
                    [36m</label>[39m
                    [36m<div[39m
                      [33mclass[39m=[32m"_inputContainer_c35f6e"[39m
                    [36m>[39m
                      [36m<input[39m
                        [33maria-invalid[39m=[32m"false"[39m
                        [33mclass[39m=[32m"_input_c35f6e"[39m
                        [33mid[39m=[32m":r1j:"[39m
                        [33mmin[39m=[32m"0"[39m
                        [33mplaceholder[39m=[32m"0.00"[39m
                        [33mstep[39m=[32m"0.01"[39m
                        [33mtype[39m=[32m"number"[39m
                        [33mvalue[39m=[32m""[39m
                      [36m/>[39m
                    [36m</div>[39m
                  [36m</div>[39m
                [36m</div>[39m
              [36m</div>[39m
              [36m<button[39m
                [33maria-busy[39m=[32m"false"[39m
                [33maria-disabled[39m=[32m"false"[39m
                [33mclass[39m=[32m"_button_c9c6cf _secondary_c9c6cf _sm_c9c6cf _addLineInside_760251"[39m
                [33mtype[39m=[32m"button"[39m
              [36m>[39m
                [36m<span[39m
                  [33mclass[39m=[32m"_content_c9c6cf"[39m
                [36m>[39m
                  [0m+ Add Line[0m
                [36m</spa...
 ❯ Object.getElementError node_modules/@testing-library/react/node_modules/@testing-library/dom/dist/config.js:37:19
 ❯ node_modules/@testing-library/react/node_modules/@testing-library/dom/dist/query-helpers.js:76:38
 ❯ node_modules/@testing-library/react/node_modules/@testing-library/dom/dist/query-helpers.js:52:17
 ❯ node_modules/@testing-library/react/node_modules/@testing-library/dom/dist/query-helpers.js:95:19
 ❯ src/components/cpg/BalanceSheetEntryForm.test.tsx:64:16
     62|
     63|       expect(
     64|         screen.getByText(/Balance Sheet Needs Adjustment/i)
       |                ^
     65|       ).toBeInTheDocument();
     66|     });

⎯⎯⎯⎯⎯⎯⎯⎯⎯⎯⎯⎯⎯⎯⎯⎯⎯⎯⎯⎯[203/824]⎯

 FAIL  src/components/cpg/BalanceSheetEntryForm.test.tsx > BalanceSheetEntryForm > Initial Render > save button is disabled when not balanced
Error: [2mexpect([22m[31melement[39m[2m).toBeDisabled()[22m

Received element is not disabled:
  [31m<span
  class="_content_c9c6cf"
/>[39m
 ❯ src/components/cpg/BalanceSheetEntryForm.test.tsx:74:26
     72|
     73|       const saveButton = screen.getByText('Save Balance Sheet');
     74|       expect(saveButton).toBeDisabled();
       |                          ^
     75|     });
     76|   });

⎯⎯⎯⎯⎯⎯⎯⎯⎯⎯⎯⎯⎯⎯⎯⎯⎯⎯⎯⎯[204/824]⎯

 FAIL  src/components/cpg/BalanceSheetEntryForm.test.tsx > BalanceSheetEntryForm > Balance Calculations > detects balanced sheet
TestingLibraryElementError: Unable to find an element with the text: /Balance Sheet is Balanced!/i. This could be because the text is broken up by multiple elements. In this case, you can provide a function for your text matcher to make your matcher more flexible.

Ignored nodes: comments, script, style
[36m<body>[39m
  [36m<div>[39m
    [36m<div[39m
      [33mclass[39m=[32m"_form_760251"[39m
    [36m>[39m
      [36m<section[39m
        [33mclass[39m=[32m"_section_760251"[39m
      [36m>[39m
        [36m<h2[39m
          [33mclass[39m=[32m"_mainSectionTitle_760251"[39m
        [36m>[39m
          [0mStatement Date[0m
        [36m</h2>[39m
        [36m<div[39m
          [33mclass[39m=[32m"_periodGrid_760251"[39m
        [36m>[39m
          [36m<div[39m
            [33mclass[39m=[32m"_selectWrapper_f93aca"[39m
          [36m>[39m
            [36m<label[39m
              [33mclass[39m=[32m"_label_f93aca"[39m
              [33mfor[39m=[32m":r3s:"[39m
            [36m>[39m
              [0mPeriod Type[0m
            [36m</label>[39m
            [36m<div[39m
              [33mclass[39m=[32m"_selectContainer_f93aca _md_f93aca"[39m
            [36m>[39m
              [36m<select[39m
                [33maria-invalid[39m=[32m"false"[39m
                [33mclass[39m=[32m"_select_f93aca"[39m
                [33mid[39m=[32m":r3s:"[39m
              [36m>[39m
                [36m<option[39m
                  [33mvalue[39m=[32m"monthly"[39m
                [36m>[39m
                  [0mMonth End[0m
                [36m</option>[39m
                [36m<option[39m
                  [33mvalue[39m=[32m"quarterly"[39m
                [36m>[39m
                  [0mQuarter End[0m
                [36m</option>[39m
                [36m<option[39m
                  [33mvalue[39m=[32m"annual"[39m
                [36m>[39m
                  [0mYear End[0m
                [36m</option>[39m
                [36m<option[39m
                  [33mvalue[39m=[32m"custom"[39m
                [36m>[39m
                  [0mCustom Date[0m
                [36m</option>[39m
              [36m</select>[39m
              [36m<span[39m
                [33maria-hidden[39m=[32m"true"[39m
                [33mclass[39m=[32m"_chevron_f93aca"[39m
              [36m>[39m
                [0m▼[0m
              [36m</span>[39m
            [36m</div>[39m
          [36m</div>[39m
          [36m<div[39m
            [33mclass[39m=[32m"_inputWrapper_c35f6e"[39m
          [36m>[39m
            [36m<label[39m
              [33mclass[39m=[32m"_label_c35f6e"[39m
              [33mfor[39m=[32m":r3t:"[39m
            [36m>[39m
              [0mAs of Date[0m
            [36m</label>[39m
            [36m<div[39m
              [33mclass[39m=[32m"_inputContainer_c35f6e"[39m
            [36m>[39m
              [36m<input[39m
                [33maria-invalid[39m=[32m"false"[39m
                [33mclass[39m=[32m"_input_c35f6e"[39m
                [33mid[39m=[32m":r3t:"[39m
                [33mtype[39m=[32m"date"[39m
                [33mvalue[39m=[32m"2026-04-30"[39m
              [36m/>[39m
            [36m</div>[39m
          [36m</div>[39m
        [36m</div>[39m
      [36m</section>[39m
      [36m<section[39m
        [33mclass[39m=[32m"_section_760251"[39m
      [36m>[39m
        [36m<h2[39m
          [33mclass[39m=[32m"_mainSectionTitle_760251"[39m
        [36m>[39m
          [0mAssets[0m
        [36m</h2>[39m
        [36m<div[39m
          [33mclass[39m=[32m"_subsection_760251"[39m
        [36m>[39m
          [36m<div[39m
            [33mclass[39m=[32m"_sectionHeader_760251"[39m
          [36m>[39m
            [36m<h3[39m
              [33mclass[39m=[32m"_sectionTitle_760251"[39m
            [36m>[39m
              [0mCurrent Assets[0m
            [36m</h3>[39m
          [36m</div>[39m
          [36m<div[39m
            [33mclass[39m=[32m"_lineItems_760251"[39m
          [36m>[39m
            [36m<div[39m
              [33mclass[39m=[32m"_greenBox_760251"[39m
            [36m>[39m
              [36m<div[39m
                [33mclass[39m=[32m"_lineItem_760251"[39m
              [36m>[39m
                [36m<div[39m
                  [33mclass[39m=[32m"_lineItemFields_760251"[39m
                [36m>[39m
                  [36m<div[39m
                    [33mclass[39m=[32m"_inputWrapper_c35f6e _descriptionInput_760251"[39m
                  [36m>[39m
                    [36m<label[39m
                      [33mclass[39m=[32m"_label_c35f6e"[39m
                      [33mfor[39m=[32m":r3u:"[39m
                    [36m>[39m
                      [0mDescription[0m
                    [36m</label>[39m
                    [36m<div[39m
                      [33mclass[39m=[32m"_inputContainer_c35f6e"[39m
                    [36m>[39m
                      [36m<input[39m
                        [33maria-invalid[39m=[32m"false"[39m
                        [33mclass[39m=[32m"_input_c35f6e"[39m
                        [33mid[39m=[32m":r3u:"[39m
                        [33mplaceholder[39m=[32m"e.g., Cash, Inventory"[39m
                        [33mvalue[39m=[32m""[39m
                      [36m/>[39m
                    [36m</div>[39m
                  [36m</div>[39m
                  [36m<div[39m
                    [33mclass[39m=[32m"_inputWrapper_c35f6e _amountInput_760251"[39m
                  [36m>[39m
                    [36m<label[39m
                      [33mclass[39m=[32m"_label_c35f6e"[39m
                      [33mfor[39m=[32m":r3v:"[39m
                    [36m>[39m
                      [0mAmount[0m
                    [36m</label>[39m
                    [36m<div[39m
                      [33mclass[39m=[32m"_inputContainer_c35f6e"[39m
                    [36m>[39m
                      [36m<input[39m
                        [33maria-invalid[39m=[32m"false"[39m
                        [33mclass[39m=[32m"_input_c35f6e"[39m
                        [33mid[39m=[32m":r3v:"[39m
                        [33mmin[39m=[32m"0"[39m
                        [33mplaceholder[39m=[32m"0.00"[39m
                        [33mstep[39m=[32m"0.01"[39m
                        [33mtype[39m=[32m"number"[39m
                        [33mvalue[39m=[32m"5000"[39m
                      [36m/>[39m
                    [36m</div>[39m
                  [36m</div>[39m
                [36m</div>[39m
              [36m</div>[39m
              [36m<button[39m
                [33maria-busy[39m=[32m"false"[39m
                [33maria-disabled[39m=[32m"false"[39m
                [33mclass[39m=[32m"_button_c9c6cf _secondary_c9c6cf _sm_c9c6cf _addLineInside_760251"[39m
                [33mtype[39m=[32m"button"[39m
              [36m>[39m
                [36m<span[39m
                  [33mclass[39m=[32m"_content_c9c6cf"[39m
                [36m>[39m
                  [0m+ Add Line[0m
                [36m<...

Ignored nodes: comments, script, style
[36m<html>[39m
  [36m<head />[39m
  [36m<body>[39m
    [36m<div>[39m
      [36m<div[39m
        [33mclass[39m=[32m"_form_760251"[39m
      [36m>[39m
        [36m<section[39m
          [33mclass[39m=[32m"_section_760251"[39m
        [36m>[39m
          [36m<h2[39m
            [33mclass[39m=[32m"_mainSectionTitle_760251"[39m
          [36m>[39m
            [0mStatement Date[0m
          [36m</h2>[39m
          [36m<div[39m
            [33mclass[39m=[32m"_periodGrid_760251"[39m
          [36m>[39m
            [36m<div[39m
              [33mclass[39m=[32m"_selectWrapper_f93aca"[39m
            [36m>[39m
              [36m<label[39m
                [33mclass[39m=[32m"_label_f93aca"[39m
                [33mfor[39m=[32m":r3s:"[39m
              [36m>[39m
                [0mPeriod Type[0m
              [36m</label>[39m
              [36m<div[39m
                [33mclass[39m=[32m"_selectContainer_f93aca _md_f93aca"[39m
              [36m>[39m
                [36m<select[39m
                  [33maria-invalid[39m=[32m"false"[39m
                  [33mclass[39m=[32m"_select_f93aca"[39m
                  [33mid[39m=[32m":r3s:"[39m
                [36m>[39m
                  [36m<option[39m
                    [33mvalue[39m=[32m"monthly"[39m
                  [36m>[39m
                    [0mMonth End[0m
                  [36m</option>[39m
                  [36m<option[39m
                    [33mvalue[39m=[32m"quarterly"[39m
                  [36m>[39m
                    [0mQuarter End[0m
                  [36m</option>[39m
                  [36m<option[39m
                    [33mvalue[39m=[32m"annual"[39m
                  [36m>[39m
                    [0mYear End[0m
                  [36m</option>[39m
                  [36m<option[39m
                    [33mvalue[39m=[32m"custom"[39m
                  [36m>[39m
                    [0mCustom Date[0m
                  [36m</option>[39m
                [36m</select>[39m
                [36m<span[39m
                  [33maria-hidden[39m=[32m"true"[39m
                  [33mclass[39m=[32m"_chevron_f93aca"[39m
                [36m>[39m
                  [0m▼[0m
                [36m</span>[39m
              [36m</div>[39m
            [36m</div>[39m
            [36m<div[39m
              [33mclass[39m=[32m"_inputWrapper_c35f6e"[39m
            [36m>[39m
              [36m<label[39m
                [33mclass[39m=[32m"_label_c35f6e"[39m
                [33mfor[39m=[32m":r3t:"[39m
              [36m>[39m
                [0mAs of Date[0m
              [36m</label>[39m
              [36m<div[39m
                [33mclass[39m=[32m"_inputContainer_c35f6e"[39m
              [36m>[39m
                [36m<input[39m
                  [33maria-invalid[39m=[32m"false"[39m
                  [33mclass[39m=[32m"_input_c35f6e"[39m
                  [33mid[39m=[32m":r3t:"[39m
                  [33mtype[39m=[32m"date"[39m
                  [33mvalue[39m=[32m"2026-04-30"[39m
                [36m/>[39m
              [36m</div>[39m
            [36m</div>[39m
          [36m</div>[39m
        [36m</section>[39m
        [36m<section[39m
          [33mclass[39m=[32m"_section_760251"[39m
        [36m>[39m
          [36m<h2[39m
            [33mclass[39m=[32m"_mainSectionTitle_760251"[39m
          [36m>[39m
            [0mAssets[0m
          [36m</h2>[39m
          [36m<div[39m
            [33mclass[39m=[32m"_subsection_760251"[39m
          [36m>[39m
            [36m<div[39m
              [33mclass[39m=[32m"_sectionHeader_760251"[39m
            [36m>[39m
              [36m<h3[39m
                [33mclass[39m=[32m"_sectionTitle_760251"[39m
              [36m>[39m
                [0mCurrent Assets[0m
              [36m</h3>[39m
            [36m</div>[39m
            [36m<div[39m
              [33mclass[39m=[32m"_lineItems_760251"[39m
            [36m>[39m
              [36m<div[39m
                [33mclass[39m=[32m"_greenBox_760251"[39m
              [36m>[39m
                [36m<div[39m
                  [33mclass[39m=[32m"_lineItem_760251"[39m
                [36m>[39m
                  [36m<div[39m
                    [33mclass[39m=[32m"_lineItemFields_760251"[39m
                  [36m>[39m
                    [36m<div[39m
                      [33mclass[39m=[32m"_inputWrapper_c35f6e _descriptionInput_760251"[39m
                    [36m>[39m
                      [36m<label[39m
                        [33mclass[39m=[32m"_label_c35f6e"[39m
                        [33mfor[39m=[32m":r3u:"[39m
                      [36m>[39m
                        [0mDescription[0m
                      [36m</label>[39m
                      [36m<div[39m
                        [33mclass[39m=[32m"_inputContainer_c35f6e"[39m
                      [36m>[39m
                        [36m<input[39m
                          [33maria-invalid[39m=[32m"false"[39m
                          [33mclass[39m=[32m"_input_c35f6e"[39m
                          [33mid[39m=[32m":r3u:"[39m
                          [33mplaceholder[39m=[32m"e.g., Cash, Inventory"[39m
                          [33mvalue[39m=[32m""[39m
                        [36m/>[39m
                      [36m</div>[39m
                    [36m</div>[39m
                    [36m<div[39m
                      [33mclass[39m=[32m"_inputWrapper_c35f6e _amountInput_760251"[39m
                    [36m>[39m
                      [36m<label[39m
                        [33mclass[39m=[32m"_label_c35f6e"[39m
                        [33mfor[39m=[32m":r3v:"[39m
                      [36m>[39m
                        [0mAmount[0m
                      [36m</label>[39m
                      [36m<div[39m
                        [33mclass[39m=[32m"_inputContainer_c35f6e"[39m
                      [36m>[39m
                        [36m<input[39m
                          [33maria-invalid[39m=[32m"false"[39m
                          [33mclass[39m=[32m"_input_c35f6e"[39m
                          [33mid[39m=[32m":r3v:"[39m
                          [33mmin[39m=[32m"0"[39m
                          [33mplaceholder[39m=[32m"0.00"[39m
                          [33mstep[39m=[32m"0.01"[39m
                          [33mtype[39m=[32m"number"[39m
                          [33mvalue[39m=[32m"5000"[39m
                        [36m/>[39m
                      [36m</div>[39m
                    [36m</div>[39m
                  [36m</div>[39m
                [36m</div>[39m
                [36m<button[39m
                  [33maria-busy[39m=[32m"false"[39m
                  [33maria-disabled[39m=[32m"false"...
 ❯ waitForWrapper node_modules/@testing-library/react/node_modules/@testing-library/dom/dist/wait-for.js:163:27
 ❯ src/components/cpg/BalanceSheetEntryForm.test.tsx:177:13
    175|       fireEvent.change(amountInputs[4], { target: { value: '4000' } });
    176|
    177|       await waitFor(() => {
       |             ^
    178|         expect(screen.getByText(/Balance Sheet is Balanced!/i)).toBeIn…
    179|         expect(screen.getByText('✓')).toBeInTheDocument();

⎯⎯⎯⎯⎯⎯⎯⎯⎯⎯⎯⎯⎯⎯⎯⎯⎯⎯⎯⎯[205/824]⎯

 FAIL  src/components/cpg/BalanceSheetEntryForm.test.tsx > BalanceSheetEntryForm > Balance Calculations > detects unbalanced sheet
TestingLibraryElementError: Unable to find an element with the text: /Balance Sheet Needs Adjustment/i. This could be because the text is broken up by multiple elements. In this case, you can provide a function for your text matcher to make your matcher more flexible.

Ignored nodes: comments, script, style
[36m<body>[39m
  [36m<div>[39m
    [36m<div[39m
      [33mclass[39m=[32m"_form_760251"[39m
    [36m>[39m
      [36m<section[39m
        [33mclass[39m=[32m"_section_760251"[39m
      [36m>[39m
        [36m<h2[39m
          [33mclass[39m=[32m"_mainSectionTitle_760251"[39m
        [36m>[39m
          [0mStatement Date[0m
        [36m</h2>[39m
        [36m<div[39m
          [33mclass[39m=[32m"_periodGrid_760251"[39m
        [36m>[39m
          [36m<div[39m
            [33mclass[39m=[32m"_selectWrapper_f93aca"[39m
          [36m>[39m
            [36m<label[39m
              [33mclass[39m=[32m"_label_f93aca"[39m
              [33mfor[39m=[32m":r48:"[39m
            [36m>[39m
              [0mPeriod Type[0m
            [36m</label>[39m
            [36m<div[39m
              [33mclass[39m=[32m"_selectContainer_f93aca _md_f93aca"[39m
            [36m>[39m
              [36m<select[39m
                [33maria-invalid[39m=[32m"false"[39m
                [33mclass[39m=[32m"_select_f93aca"[39m
                [33mid[39m=[32m":r48:"[39m
              [36m>[39m
                [36m<option[39m
                  [33mvalue[39m=[32m"monthly"[39m
                [36m>[39m
                  [0mMonth End[0m
                [36m</option>[39m
                [36m<option[39m
                  [33mvalue[39m=[32m"quarterly"[39m
                [36m>[39m
                  [0mQuarter End[0m
                [36m</option>[39m
                [36m<option[39m
                  [33mvalue[39m=[32m"annual"[39m
                [36m>[39m
                  [0mYear End[0m
                [36m</option>[39m
                [36m<option[39m
                  [33mvalue[39m=[32m"custom"[39m
                [36m>[39m
                  [0mCustom Date[0m
                [36m</option>[39m
              [36m</select>[39m
              [36m<span[39m
                [33maria-hidden[39m=[32m"true"[39m
                [33mclass[39m=[32m"_chevron_f93aca"[39m
              [36m>[39m
                [0m▼[0m
              [36m</span>[39m
            [36m</div>[39m
          [36m</div>[39m
          [36m<div[39m
            [33mclass[39m=[32m"_inputWrapper_c35f6e"[39m
          [36m>[39m
            [36m<label[39m
              [33mclass[39m=[32m"_label_c35f6e"[39m
              [33mfor[39m=[32m":r49:"[39m
            [36m>[39m
              [0mAs of Date[0m
            [36m</label>[39m
            [36m<div[39m
              [33mclass[39m=[32m"_inputContainer_c35f6e"[39m
            [36m>[39m
              [36m<input[39m
                [33maria-invalid[39m=[32m"false"[39m
                [33mclass[39m=[32m"_input_c35f6e"[39m
                [33mid[39m=[32m":r49:"[39m
                [33mtype[39m=[32m"date"[39m
                [33mvalue[39m=[32m"2026-04-30"[39m
              [36m/>[39m
            [36m</div>[39m
          [36m</div>[39m
        [36m</div>[39m
      [36m</section>[39m
      [36m<section[39m
        [33mclass[39m=[32m"_section_760251"[39m
      [36m>[39m
        [36m<h2[39m
          [33mclass[39m=[32m"_mainSectionTitle_760251"[39m
        [36m>[39m
          [0mAssets[0m
        [36m</h2>[39m
        [36m<div[39m
          [33mclass[39m=[32m"_subsection_760251"[39m
        [36m>[39m
          [36m<div[39m
            [33mclass[39m=[32m"_sectionHeader_760251"[39m
          [36m>[39m
            [36m<h3[39m
              [33mclass[39m=[32m"_sectionTitle_760251"[39m
            [36m>[39m
              [0mCurrent Assets[0m
            [36m</h3>[39m
          [36m</div>[39m
          [36m<div[39m
            [33mclass[39m=[32m"_lineItems_760251"[39m
          [36m>[39m
            [36m<div[39m
              [33mclass[39m=[32m"_greenBox_760251"[39m
            [36m>[39m
              [36m<div[39m
                [33mclass[39m=[32m"_lineItem_760251"[39m
              [36m>[39m
                [36m<div[39m
                  [33mclass[39m=[32m"_lineItemFields_760251"[39m
                [36m>[39m
                  [36m<div[39m
                    [33mclass[39m=[32m"_inputWrapper_c35f6e _descriptionInput_760251"[39m
                  [36m>[39m
                    [36m<label[39m
                      [33mclass[39m=[32m"_label_c35f6e"[39m
                      [33mfor[39m=[32m":r4a:"[39m
                    [36m>[39m
                      [0mDescription[0m
                    [36m</label>[39m
                    [36m<div[39m
                      [33mclass[39m=[32m"_inputContainer_c35f6e"[39m
                    [36m>[39m
                      [36m<input[39m
                        [33maria-invalid[39m=[32m"false"[39m
                        [33mclass[39m=[32m"_input_c35f6e"[39m
                        [33mid[39m=[32m":r4a:"[39m
                        [33mplaceholder[39m=[32m"e.g., Cash, Inventory"[39m
                        [33mvalue[39m=[32m""[39m
                      [36m/>[39m
                    [36m</div>[39m
                  [36m</div>[39m
                  [36m<div[39m
                    [33mclass[39m=[32m"_inputWrapper_c35f6e _amountInput_760251"[39m
                  [36m>[39m
                    [36m<label[39m
                      [33mclass[39m=[32m"_label_c35f6e"[39m
                      [33mfor[39m=[32m":r4b:"[39m
                    [36m>[39m
                      [0mAmount[0m
                    [36m</label>[39m
                    [36m<div[39m
                      [33mclass[39m=[32m"_inputContainer_c35f6e"[39m
                    [36m>[39m
                      [36m<input[39m
                        [33maria-invalid[39m=[32m"false"[39m
                        [33mclass[39m=[32m"_input_c35f6e"[39m
                        [33mid[39m=[32m":r4b:"[39m
                        [33mmin[39m=[32m"0"[39m
                        [33mplaceholder[39m=[32m"0.00"[39m
                        [33mstep[39m=[32m"0.01"[39m
                        [33mtype[39m=[32m"number"[39m
                        [33mvalue[39m=[32m"10000"[39m
                      [36m/>[39m
                    [36m</div>[39m
                  [36m</div>[39m
                [36m</div>[39m
              [36m</div>[39m
              [36m<button[39m
                [33maria-busy[39m=[32m"false"[39m
                [33maria-disabled[39m=[32m"false"[39m
                [33mclass[39m=[32m"_button_c9c6cf _secondary_c9c6cf _sm_c9c6cf _addLineInside_760251"[39m
                [33mtype[39m=[32m"button"[39m
              [36m>[39m
                [36m<span[39m
                  [33mclass[39m=[32m"_content_c9c6cf"[39m
                [36m>[39m
                  [0m+ Add Line[0m
                [36m...

Ignored nodes: comments, script, style
[36m<html>[39m
  [36m<head />[39m
  [36m<body>[39m
    [36m<div>[39m
      [36m<div[39m
        [33mclass[39m=[32m"_form_760251"[39m
      [36m>[39m
        [36m<section[39m
          [33mclass[39m=[32m"_section_760251"[39m
        [36m>[39m
          [36m<h2[39m
            [33mclass[39m=[32m"_mainSectionTitle_760251"[39m
          [36m>[39m
            [0mStatement Date[0m
          [36m</h2>[39m
          [36m<div[39m
            [33mclass[39m=[32m"_periodGrid_760251"[39m
          [36m>[39m
            [36m<div[39m
              [33mclass[39m=[32m"_selectWrapper_f93aca"[39m
            [36m>[39m
              [36m<label[39m
                [33mclass[39m=[32m"_label_f93aca"[39m
                [33mfor[39m=[32m":r48:"[39m
              [36m>[39m
                [0mPeriod Type[0m
              [36m</label>[39m
              [36m<div[39m
                [33mclass[39m=[32m"_selectContainer_f93aca _md_f93aca"[39m
              [36m>[39m
                [36m<select[39m
                  [33maria-invalid[39m=[32m"false"[39m
                  [33mclass[39m=[32m"_select_f93aca"[39m
                  [33mid[39m=[32m":r48:"[39m
                [36m>[39m
                  [36m<option[39m
                    [33mvalue[39m=[32m"monthly"[39m
                  [36m>[39m
                    [0mMonth End[0m
                  [36m</option>[39m
                  [36m<option[39m
                    [33mvalue[39m=[32m"quarterly"[39m
                  [36m>[39m
                    [0mQuarter End[0m
                  [36m</option>[39m
                  [36m<option[39m
                    [33mvalue[39m=[32m"annual"[39m
                  [36m>[39m
                    [0mYear End[0m
                  [36m</option>[39m
                  [36m<option[39m
                    [33mvalue[39m=[32m"custom"[39m
                  [36m>[39m
                    [0mCustom Date[0m
                  [36m</option>[39m
                [36m</select>[39m
                [36m<span[39m
                  [33maria-hidden[39m=[32m"true"[39m
                  [33mclass[39m=[32m"_chevron_f93aca"[39m
                [36m>[39m
                  [0m▼[0m
                [36m</span>[39m
              [36m</div>[39m
            [36m</div>[39m
            [36m<div[39m
              [33mclass[39m=[32m"_inputWrapper_c35f6e"[39m
            [36m>[39m
              [36m<label[39m
                [33mclass[39m=[32m"_label_c35f6e"[39m
                [33mfor[39m=[32m":r49:"[39m
              [36m>[39m
                [0mAs of Date[0m
              [36m</label>[39m
              [36m<div[39m
                [33mclass[39m=[32m"_inputContainer_c35f6e"[39m
              [36m>[39m
                [36m<input[39m
                  [33maria-invalid[39m=[32m"false"[39m
                  [33mclass[39m=[32m"_input_c35f6e"[39m
                  [33mid[39m=[32m":r49:"[39m
                  [33mtype[39m=[32m"date"[39m
                  [33mvalue[39m=[32m"2026-04-30"[39m
                [36m/>[39m
              [36m</div>[39m
            [36m</div>[39m
          [36m</div>[39m
        [36m</section>[39m
        [36m<section[39m
          [33mclass[39m=[32m"_section_760251"[39m
        [36m>[39m
          [36m<h2[39m
            [33mclass[39m=[32m"_mainSectionTitle_760251"[39m
          [36m>[39m
            [0mAssets[0m
          [36m</h2>[39m
          [36m<div[39m
            [33mclass[39m=[32m"_subsection_760251"[39m
          [36m>[39m
            [36m<div[39m
              [33mclass[39m=[32m"_sectionHeader_760251"[39m
            [36m>[39m
              [36m<h3[39m
                [33mclass[39m=[32m"_sectionTitle_760251"[39m
              [36m>[39m
                [0mCurrent Assets[0m
              [36m</h3>[39m
            [36m</div>[39m
            [36m<div[39m
              [33mclass[39m=[32m"_lineItems_760251"[39m
            [36m>[39m
              [36m<div[39m
                [33mclass[39m=[32m"_greenBox_760251"[39m
              [36m>[39m
                [36m<div[39m
                  [33mclass[39m=[32m"_lineItem_760251"[39m
                [36m>[39m
                  [36m<div[39m
                    [33mclass[39m=[32m"_lineItemFields_760251"[39m
                  [36m>[39m
                    [36m<div[39m
                      [33mclass[39m=[32m"_inputWrapper_c35f6e _descriptionInput_760251"[39m
                    [36m>[39m
                      [36m<label[39m
                        [33mclass[39m=[32m"_label_c35f6e"[39m
                        [33mfor[39m=[32m":r4a:"[39m
                      [36m>[39m
                        [0mDescription[0m
                      [36m</label>[39m
                      [36m<div[39m
                        [33mclass[39m=[32m"_inputContainer_c35f6e"[39m
                      [36m>[39m
                        [36m<input[39m
                          [33maria-invalid[39m=[32m"false"[39m
                          [33mclass[39m=[32m"_input_c35f6e"[39m
                          [33mid[39m=[32m":r4a:"[39m
                          [33mplaceholder[39m=[32m"e.g., Cash, Inventory"[39m
                          [33mvalue[39m=[32m""[39m
                        [36m/>[39m
                      [36m</div>[39m
                    [36m</div>[39m
                    [36m<div[39m
                      [33mclass[39m=[32m"_inputWrapper_c35f6e _amountInput_760251"[39m
                    [36m>[39m
                      [36m<label[39m
                        [33mclass[39m=[32m"_label_c35f6e"[39m
                        [33mfor[39m=[32m":r4b:"[39m
                      [36m>[39m
                        [0mAmount[0m
                      [36m</label>[39m
                      [36m<div[39m
                        [33mclass[39m=[32m"_inputContainer_c35f6e"[39m
                      [36m>[39m
                        [36m<input[39m
                          [33maria-invalid[39m=[32m"false"[39m
                          [33mclass[39m=[32m"_input_c35f6e"[39m
                          [33mid[39m=[32m":r4b:"[39m
                          [33mmin[39m=[32m"0"[39m
                          [33mplaceholder[39m=[32m"0.00"[39m
                          [33mstep[39m=[32m"0.01"[39m
                          [33mtype[39m=[32m"number"[39m
                          [33mvalue[39m=[32m"10000"[39m
                        [36m/>[39m
                      [36m</div>[39m
                    [36m</div>[39m
                  [36m</div>[39m
                [36m</div>[39m
                [36m<button[39m
                  [33maria-busy[39m=[32m"false"[39m
                  [33maria-disabled[39m=[32m"false"...
 ❯ waitForWrapper node_modules/@testing-library/react/node_modules/@testing-library/dom/dist/wait-for.js:163:27
 ❯ src/components/cpg/BalanceSheetEntryForm.test.tsx:195:13
    193|       fireEvent.change(amountInputs[4], { target: { value: '3000' } })…
    194|
    195|       await waitFor(() => {
       |             ^
    196|         expect(screen.getByText(/Balance Sheet Needs Adjustment/i)).to…
    197|         expect(screen.getByText('⚠')).toBeInTheDocument();

⎯⎯⎯⎯⎯⎯⎯⎯⎯⎯⎯⎯⎯⎯⎯⎯⎯⎯⎯⎯[206/824]⎯

 FAIL  src/components/cpg/BalanceSheetEntryForm.test.tsx > BalanceSheetEntryForm > Validation > validates amounts cannot be negative
TestingLibraryElementError: Unable to find an element with the text: /Amount cannot be negative/i. This could be because the text is broken up by multiple elements. In this case, you can provide a function for your text matcher to make your matcher more flexible.

Ignored nodes: comments, script, style
[36m<body>[39m
  [36m<div>[39m
    [36m<div[39m
      [33mclass[39m=[32m"_form_760251"[39m
    [36m>[39m
      [36m<section[39m
        [33mclass[39m=[32m"_section_760251"[39m
      [36m>[39m
        [36m<h2[39m
          [33mclass[39m=[32m"_mainSectionTitle_760251"[39m
        [36m>[39m
          [0mStatement Date[0m
        [36m</h2>[39m
        [36m<div[39m
          [33mclass[39m=[32m"_periodGrid_760251"[39m
        [36m>[39m
          [36m<div[39m
            [33mclass[39m=[32m"_selectWrapper_f93aca"[39m
          [36m>[39m
            [36m<label[39m
              [33mclass[39m=[32m"_label_f93aca"[39m
              [33mfor[39m=[32m":r5c:"[39m
            [36m>[39m
              [0mPeriod Type[0m
            [36m</label>[39m
            [36m<div[39m
              [33mclass[39m=[32m"_selectContainer_f93aca _md_f93aca"[39m
            [36m>[39m
              [36m<select[39m
                [33maria-invalid[39m=[32m"false"[39m
                [33mclass[39m=[32m"_select_f93aca"[39m
                [33mid[39m=[32m":r5c:"[39m
              [36m>[39m
                [36m<option[39m
                  [33mvalue[39m=[32m"monthly"[39m
                [36m>[39m
                  [0mMonth End[0m
                [36m</option>[39m
                [36m<option[39m
                  [33mvalue[39m=[32m"quarterly"[39m
                [36m>[39m
                  [0mQuarter End[0m
                [36m</option>[39m
                [36m<option[39m
                  [33mvalue[39m=[32m"annual"[39m
                [36m>[39m
                  [0mYear End[0m
                [36m</option>[39m
                [36m<option[39m
                  [33mvalue[39m=[32m"custom"[39m
                [36m>[39m
                  [0mCustom Date[0m
                [36m</option>[39m
              [36m</select>[39m
              [36m<span[39m
                [33maria-hidden[39m=[32m"true"[39m
                [33mclass[39m=[32m"_chevron_f93aca"[39m
              [36m>[39m
                [0m▼[0m
              [36m</span>[39m
            [36m</div>[39m
          [36m</div>[39m
          [36m<div[39m
            [33mclass[39m=[32m"_inputWrapper_c35f6e"[39m
          [36m>[39m
            [36m<label[39m
              [33mclass[39m=[32m"_label_c35f6e"[39m
              [33mfor[39m=[32m":r5d:"[39m
            [36m>[39m
              [0mAs of Date[0m
            [36m</label>[39m
            [36m<div[39m
              [33mclass[39m=[32m"_inputContainer_c35f6e"[39m
            [36m>[39m
              [36m<input[39m
                [33maria-invalid[39m=[32m"false"[39m
                [33mclass[39m=[32m"_input_c35f6e"[39m
                [33mid[39m=[32m":r5d:"[39m
                [33mtype[39m=[32m"date"[39m
                [33mvalue[39m=[32m"2026-04-30"[39m
              [36m/>[39m
            [36m</div>[39m
          [36m</div>[39m
        [36m</div>[39m
      [36m</section>[39m
      [36m<section[39m
        [33mclass[39m=[32m"_section_760251"[39m
      [36m>[39m
        [36m<h2[39m
          [33mclass[39m=[32m"_mainSectionTitle_760251"[39m
        [36m>[39m
          [0mAssets[0m
        [36m</h2>[39m
        [36m<div[39m
          [33mclass[39m=[32m"_subsection_760251"[39m
        [36m>[39m
          [36m<div[39m
            [33mclass[39m=[32m"_sectionHeader_760251"[39m
          [36m>[39m
            [36m<h3[39m
              [33mclass[39m=[32m"_sectionTitle_760251"[39m
            [36m>[39m
              [0mCurrent Assets[0m
            [36m</h3>[39m
          [36m</div>[39m
          [36m<div[39m
            [33mclass[39m=[32m"_lineItems_760251"[39m
          [36m>[39m
            [36m<div[39m
              [33mclass[39m=[32m"_greenBox_760251"[39m
            [36m>[39m
              [36m<div[39m
                [33mclass[39m=[32m"_lineItem_760251"[39m
              [36m>[39m
                [36m<div[39m
                  [33mclass[39m=[32m"_lineItemFields_760251"[39m
                [36m>[39m
                  [36m<div[39m
                    [33mclass[39m=[32m"_inputWrapper_c35f6e _descriptionInput_760251"[39m
                  [36m>[39m
                    [36m<label[39m
                      [33mclass[39m=[32m"_label_c35f6e"[39m
                      [33mfor[39m=[32m":r5e:"[39m
                    [36m>[39m
                      [0mDescription[0m
                    [36m</label>[39m
                    [36m<div[39m
                      [33mclass[39m=[32m"_inputContainer_c35f6e"[39m
                    [36m>[39m
                      [36m<input[39m
                        [33maria-invalid[39m=[32m"false"[39m
                        [33mclass[39m=[32m"_input_c35f6e"[39m
                        [33mid[39m=[32m":r5e:"[39m
                        [33mplaceholder[39m=[32m"e.g., Cash, Inventory"[39m
                        [33mvalue[39m=[32m""[39m
                      [36m/>[39m
                    [36m</div>[39m
                  [36m</div>[39m
                  [36m<div[39m
                    [33mclass[39m=[32m"_inputWrapper_c35f6e _amountInput_760251"[39m
                  [36m>[39m
                    [36m<label[39m
                      [33mclass[39m=[32m"_label_c35f6e"[39m
                      [33mfor[39m=[32m":r5f:"[39m
                    [36m>[39m
                      [0mAmount[0m
                    [36m</label>[39m
                    [36m<div[39m
                      [33mclass[39m=[32m"_inputContainer_c35f6e"[39m
                    [36m>[39m
                      [36m<input[39m
                        [33maria-invalid[39m=[32m"false"[39m
                        [33mclass[39m=[32m"_input_c35f6e"[39m
                        [33mid[39m=[32m":r5f:"[39m
                        [33mmin[39m=[32m"0"[39m
                        [33mplaceholder[39m=[32m"0.00"[39m
                        [33mstep[39m=[32m"0.01"[39m
                        [33mtype[39m=[32m"number"[39m
                        [33mvalue[39m=[32m"-1000"[39m
                      [36m/>[39m
                    [36m</div>[39m
                  [36m</div>[39m
                [36m</div>[39m
              [36m</div>[39m
              [36m<button[39m
                [33maria-busy[39m=[32m"false"[39m
                [33maria-disabled[39m=[32m"false"[39m
                [33mclass[39m=[32m"_button_c9c6cf _secondary_c9c6cf _sm_c9c6cf _addLineInside_760251"[39m
                [33mtype[39m=[32m"button"[39m
              [36m>[39m
                [36m<span[39m
                  [33mclass[39m=[32m"_content_c9c6cf"[39m
                [36m>[39m
                  [0m+ Add Line[0m
                [36m...

Ignored nodes: comments, script, style
[36m<html>[39m
  [36m<head />[39m
  [36m<body>[39m
    [36m<div>[39m
      [36m<div[39m
        [33mclass[39m=[32m"_form_760251"[39m
      [36m>[39m
        [36m<section[39m
          [33mclass[39m=[32m"_section_760251"[39m
        [36m>[39m
          [36m<h2[39m
            [33mclass[39m=[32m"_mainSectionTitle_760251"[39m
          [36m>[39m
            [0mStatement Date[0m
          [36m</h2>[39m
          [36m<div[39m
            [33mclass[39m=[32m"_periodGrid_760251"[39m
          [36m>[39m
            [36m<div[39m
              [33mclass[39m=[32m"_selectWrapper_f93aca"[39m
            [36m>[39m
              [36m<label[39m
                [33mclass[39m=[32m"_label_f93aca"[39m
                [33mfor[39m=[32m":r5c:"[39m
              [36m>[39m
                [0mPeriod Type[0m
              [36m</label>[39m
              [36m<div[39m
                [33mclass[39m=[32m"_selectContainer_f93aca _md_f93aca"[39m
              [36m>[39m
                [36m<select[39m
                  [33maria-invalid[39m=[32m"false"[39m
                  [33mclass[39m=[32m"_select_f93aca"[39m
                  [33mid[39m=[32m":r5c:"[39m
                [36m>[39m
                  [36m<option[39m
                    [33mvalue[39m=[32m"monthly"[39m
                  [36m>[39m
                    [0mMonth End[0m
                  [36m</option>[39m
                  [36m<option[39m
                    [33mvalue[39m=[32m"quarterly"[39m
                  [36m>[39m
                    [0mQuarter End[0m
                  [36m</option>[39m
                  [36m<option[39m
                    [33mvalue[39m=[32m"annual"[39m
                  [36m>[39m
                    [0mYear End[0m
                  [36m</option>[39m
                  [36m<option[39m
                    [33mvalue[39m=[32m"custom"[39m
                  [36m>[39m
                    [0mCustom Date[0m
                  [36m</option>[39m
                [36m</select>[39m
                [36m<span[39m
                  [33maria-hidden[39m=[32m"true"[39m
                  [33mclass[39m=[32m"_chevron_f93aca"[39m
                [36m>[39m
                  [0m▼[0m
                [36m</span>[39m
              [36m</div>[39m
            [36m</div>[39m
            [36m<div[39m
              [33mclass[39m=[32m"_inputWrapper_c35f6e"[39m
            [36m>[39m
              [36m<label[39m
                [33mclass[39m=[32m"_label_c35f6e"[39m
                [33mfor[39m=[32m":r5d:"[39m
              [36m>[39m
                [0mAs of Date[0m
              [36m</label>[39m
              [36m<div[39m
                [33mclass[39m=[32m"_inputContainer_c35f6e"[39m
              [36m>[39m
                [36m<input[39m
                  [33maria-invalid[39m=[32m"false"[39m
                  [33mclass[39m=[32m"_input_c35f6e"[39m
                  [33mid[39m=[32m":r5d:"[39m
                  [33mtype[39m=[32m"date"[39m
                  [33mvalue[39m=[32m"2026-04-30"[39m
                [36m/>[39m
              [36m</div>[39m
            [36m</div>[39m
          [36m</div>[39m
        [36m</section>[39m
        [36m<section[39m
          [33mclass[39m=[32m"_section_760251"[39m
        [36m>[39m
          [36m<h2[39m
            [33mclass[39m=[32m"_mainSectionTitle_760251"[39m
          [36m>[39m
            [0mAssets[0m
          [36m</h2>[39m
          [36m<div[39m
            [33mclass[39m=[32m"_subsection_760251"[39m
          [36m>[39m
            [36m<div[39m
              [33mclass[39m=[32m"_sectionHeader_760251"[39m
            [36m>[39m
              [36m<h3[39m
                [33mclass[39m=[32m"_sectionTitle_760251"[39m
              [36m>[39m
                [0mCurrent Assets[0m
              [36m</h3>[39m
            [36m</div>[39m
            [36m<div[39m
              [33mclass[39m=[32m"_lineItems_760251"[39m
            [36m>[39m
              [36m<div[39m
                [33mclass[39m=[32m"_greenBox_760251"[39m
              [36m>[39m
                [36m<div[39m
                  [33mclass[39m=[32m"_lineItem_760251"[39m
                [36m>[39m
                  [36m<div[39m
                    [33mclass[39m=[32m"_lineItemFields_760251"[39m
                  [36m>[39m
                    [36m<div[39m
                      [33mclass[39m=[32m"_inputWrapper_c35f6e _descriptionInput_760251"[39m
                    [36m>[39m
                      [36m<label[39m
                        [33mclass[39m=[32m"_label_c35f6e"[39m
                        [33mfor[39m=[32m":r5e:"[39m
                      [36m>[39m
                        [0mDescription[0m
                      [36m</label>[39m
                      [36m<div[39m
                        [33mclass[39m=[32m"_inputContainer_c35f6e"[39m
                      [36m>[39m
                        [36m<input[39m
                          [33maria-invalid[39m=[32m"false"[39m
                          [33mclass[39m=[32m"_input_c35f6e"[39m
                          [33mid[39m=[32m":r5e:"[39m
                          [33mplaceholder[39m=[32m"e.g., Cash, Inventory"[39m
                          [33mvalue[39m=[32m""[39m
                        [36m/>[39m
                      [36m</div>[39m
                    [36m</div>[39m
                    [36m<div[39m
                      [33mclass[39m=[32m"_inputWrapper_c35f6e _amountInput_760251"[39m
                    [36m>[39m
                      [36m<label[39m
                        [33mclass[39m=[32m"_label_c35f6e"[39m
                        [33mfor[39m=[32m":r5f:"[39m
                      [36m>[39m
                        [0mAmount[0m
                      [36m</label>[39m
                      [36m<div[39m
                        [33mclass[39m=[32m"_inputContainer_c35f6e"[39m
                      [36m>[39m
                        [36m<input[39m
                          [33maria-invalid[39m=[32m"false"[39m
                          [33mclass[39m=[32m"_input_c35f6e"[39m
                          [33mid[39m=[32m":r5f:"[39m
                          [33mmin[39m=[32m"0"[39m
                          [33mplaceholder[39m=[32m"0.00"[39m
                          [33mstep[39m=[32m"0.01"[39m
                          [33mtype[39m=[32m"number"[39m
                          [33mvalue[39m=[32m"-1000"[39m
                        [36m/>[39m
                      [36m</div>[39m
                    [36m</div>[39m
                  [36m</div>[39m
                [36m</div>[39m
                [36m<button[39m
                  [33maria-busy[39m=[32m"false"[39m
                  [33maria-disabled[39m=[32m"false"...
 ❯ waitForWrapper node_modules/@testing-library/react/node_modules/@testing-library/dom/dist/wait-for.js:163:27
 ❯ src/components/cpg/BalanceSheetEntryForm.test.tsx:260:13
    258|       fireEvent.click(saveButton);
    259|
    260|       await waitFor(() => {
       |             ^
    261|         expect(screen.getByText(/Amount cannot be negative/i)).toBeInT…
    262|       });

⎯⎯⎯⎯⎯⎯⎯⎯⎯⎯⎯⎯⎯⎯⎯⎯⎯⎯⎯⎯[207/824]⎯

 FAIL  src/components/cpg/BalanceSheetEntryForm.test.tsx > BalanceSheetEntryForm > Validation > shows error when trying to save unbalanced sheet
Error: [2mexpect([22m[31melement[39m[2m).toBeDisabled()[22m

Received element is not disabled:
  [31m<span
  class="_content_c9c6cf"
/>[39m
 ❯ src/components/cpg/BalanceSheetEntryForm.test.tsx:278:26
    276|       // Save button should be disabled
    277|       const saveButton = screen.getByText('Save Balance Sheet');
    278|       expect(saveButton).toBeDisabled();
       |                          ^
    279|     });
    280|   });

⎯⎯⎯⎯⎯⎯⎯⎯⎯⎯⎯⎯⎯⎯⎯⎯⎯⎯⎯⎯[208/824]⎯

 FAIL  src/components/cpg/BalanceSheetEntryForm.test.tsx > BalanceSheetEntryForm > Save Functionality > calls onSave with correct data structure when balanced
AssertionError: expected "vi.fn()" to be called with arguments: [ ObjectContaining{…} ]

Number of calls: 0


Ignored nodes: comments, script, style
[36m<html>[39m
  [36m<head />[39m
  [36m<body>[39m
    [36m<div>[39m
      [36m<div[39m
        [33mclass[39m=[32m"_form_760251"[39m
      [36m>[39m
        [36m<section[39m
          [33mclass[39m=[32m"_section_760251"[39m
        [36m>[39m
          [36m<h2[39m
            [33mclass[39m=[32m"_mainSectionTitle_760251"[39m
          [36m>[39m
            [0mStatement Date[0m
          [36m</h2>[39m
          [36m<div[39m
            [33mclass[39m=[32m"_periodGrid_760251"[39m
          [36m>[39m
            [36m<div[39m
              [33mclass[39m=[32m"_selectWrapper_f93aca"[39m
            [36m>[39m
              [36m<label[39m
                [33mclass[39m=[32m"_label_f93aca"[39m
                [33mfor[39m=[32m":r64:"[39m
              [36m>[39m
                [0mPeriod Type[0m
              [36m</label>[39m
              [36m<div[39m
                [33mclass[39m=[32m"_selectContainer_f93aca _md_f93aca"[39m
              [36m>[39m
                [36m<select[39m
                  [33maria-invalid[39m=[32m"false"[39m
                  [33mclass[39m=[32m"_select_f93aca"[39m
                  [33mid[39m=[32m":r64:"[39m
                [36m>[39m
                  [36m<option[39m
                    [33mvalue[39m=[32m"monthly"[39m
                  [36m>[39m
                    [0mMonth End[0m
                  [36m</option>[39m
                  [36m<option[39m
                    [33mvalue[39m=[32m"quarterly"[39m
                  [36m>[39m
                    [0mQuarter End[0m
                  [36m</option>[39m
                  [36m<option[39m
                    [33mvalue[39m=[32m"annual"[39m
                  [36m>[39m
                    [0mYear End[0m
                  [36m</option>[39m
                  [36m<option[39m
                    [33mvalue[39m=[32m"custom"[39m
                  [36m>[39m
                    [0mCustom Date[0m
                  [36m</option>[39m
                [36m</select>[39m
                [36m<span[39m
                  [33maria-hidden[39m=[32m"true"[39m
                  [33mclass[39m=[32m"_chevron_f93aca"[39m
                [36m>[39m
                  [0m▼[0m
                [36m</span>[39m
              [36m</div>[39m
            [36m</div>[39m
            [36m<div[39m
              [33mclass[39m=[32m"_inputWrapper_c35f6e"[39m
            [36m>[39m
              [36m<label[39m
                [33mclass[39m=[32m"_label_c35f6e"[39m
                [33mfor[39m=[32m":r65:"[39m
              [36m>[39m
                [0mAs of Date[0m
              [36m</label>[39m
              [36m<div[39m
                [33mclass[39m=[32m"_inputContainer_c35f6e _hasError_c35f6e"[39m
              [36m>[39m
                [36m<input[39m
                  [33maria-describedby[39m=[32m":r65:-error"[39m
                  [33maria-invalid[39m=[32m"true"[39m
                  [33mclass[39m=[32m"_input_c35f6e"[39m
                  [33mid[39m=[32m":r65:"[39m
                  [33mtype[39m=[32m"date"[39m
                  [33mvalue[39m=[32m"2026-04-30"[39m
                [36m/>[39m
                [36m<span[39m
                  [33maria-hidden[39m=[32m"true"[39m
                  [33mclass[39m=[32m"_stateIcon_c35f6e"[39m
                [36m>[39m
                  [0m⚠[0m
                [36m</span>[39m
              [36m</div>[39m
              [36m<p[39m
                [33maria-live[39m=[32m"polite"[39m
                [33mclass[39m=[32m"_errorText_c35f6e"[39m
                [33mid[39m=[32m":r65:-error"[39m
                [33mrole[39m=[32m"alert"[39m
              [36m>[39m
                [0mPeriod end must be after period start[0m
              [36m</p>[39m
            [36m</div>[39m
          [36m</div>[39m
        [36m</section>[39m
        [36m<section[39m
          [33mclass[39m=[32m"_section_760251"[39m
        [36m>[39m
          [36m<h2[39m
            [33mclass[39m=[32m"_mainSectionTitle_760251"[39m
          [36m>[39m
            [0mAssets[0m
          [36m</h2>[39m
          [36m<div[39m
            [33mclass[39m=[32m"_subsection_760251"[39m
          [36m>[39m
            [36m<div[39m
              [33mclass[39m=[32m"_sectionHeader_760251"[39m
            [36m>[39m
              [36m<h3[39m
                [33mclass[39m=[32m"_sectionTitle_760251"[39m
              [36m>[39m
                [0mCurrent Assets[0m
              [36m</h3>[39m
            [36m</div>[39m
            [36m<div[39m
              [33mclass[39m=[32m"_lineItems_760251"[39m
            [36m>[39m
              [36m<div[39m
                [33mclass[39m=[32m"_greenBox_760251"[39m
              [36m>[39m
                [36m<div[39m
                  [33mclass[39m=[32m"_lineItem_760251"[39m
                [36m>[39m
                  [36m<div[39m
                    [33mclass[39m=[32m"_lineItemFields_760251"[39m
                  [36m>[39m
                    [36m<div[39m
                      [33mclass[39m=[32m"_inputWrapper_c35f6e _descriptionInput_760251"[39m
                    [36m>[39m
                      [36m<label[39m
                        [33mclass[39m=[32m"_label_c35f6e"[39m
                        [33mfor[39m=[32m":r66:"[39m
                      [36m>[39m
                        [0mDescription[0m
                      [36m</label>[39m
                      [36m<div[39m
                        [33mclass[39m=[32m"_inputContainer_c35f6e"[39m
                      [36m>[39m
                        [36m<input[39m
                          [33maria-invalid[39m=[32m"false"[39m
                          [33mclass[39m=[32m"_input_c35f6e"[39m
                          [33mid[39m=[32m":r66:"[39m
                          [33mplaceholder[39m=[32m"e.g., Cash, Inventory"[39m
                          [33mvalue[39m=[32m""[39m
                        [36m/>[39m
                      [36m</div>[39m
                    [36m</div>[39m
                    [36m<div[39m
                      [33mclass[39m=[32m"_inputWrapper_c35f6e _amountInput_760251"[39m
                    [36m>[39m
                      [36m<label[39m
                        [33mclass[39m=[32m"_label_c35f6e"[39m
                        [33mfor[39m=[32m":r67:"[39m
                      [36m>[39m
                        [0mAmount[0m
                      [36m</label>[39m
                      [36m<div[39m
                        [33mclass[39m=[32m"_inputContainer_c35f6e"[39m
                      [36m>[39m
                        [36m<input[39m
                          [33maria-invalid[39m=[32m"false"[39m
                          [33mclass[39m=[32m"_input_c...
 ❯ src/components/cpg/BalanceSheetEntryForm.test.tsx:304:28
    302|
    303|       await waitFor(() => {
    304|         expect(mockOnSave).toHaveBeenCalledWith(
       |                            ^
    305|           expect.objectContaining({
    306|             periodType: expect.any(String),
 ❯ runWithExpensiveErrorDiagnosticsDisabled node_modules/@testing-library/react/node_modules/@testing-library/dom/dist/config.js:47:12
 ❯ checkCallback node_modules/@testing-library/react/node_modules/@testing-library/dom/dist/wait-for.js:124:77
 ❯ Timeout.checkRealTimersCallback node_modules/@testing-library/react/node_modules/@testing-library/dom/dist/wait-for.js:118:16

⎯⎯⎯⎯⎯⎯⎯⎯⎯⎯⎯⎯⎯⎯⎯⎯⎯⎯⎯⎯[209/824]⎯

 FAIL  src/components/cpg/BalanceSheetEntryForm.test.tsx > BalanceSheetEntryForm > User Guidance > shows helpful text when unbalanced
TestingLibraryElementError: Unable to find an element with the text: /Take your time adjusting the amounts/i. This could be because the text is broken up by multiple elements. In this case, you can provide a function for your text matcher to make your matcher more flexible.

Ignored nodes: comments, script, style
[36m<body>[39m
  [36m<div>[39m
    [36m<div[39m
      [33mclass[39m=[32m"_form_760251"[39m
    [36m>[39m
      [36m<section[39m
        [33mclass[39m=[32m"_section_760251"[39m
      [36m>[39m
        [36m<h2[39m
          [33mclass[39m=[32m"_mainSectionTitle_760251"[39m
        [36m>[39m
          [0mStatement Date[0m
        [36m</h2>[39m
        [36m<div[39m
          [33mclass[39m=[32m"_periodGrid_760251"[39m
        [36m>[39m
          [36m<div[39m
            [33mclass[39m=[32m"_selectWrapper_f93aca"[39m
          [36m>[39m
            [36m<label[39m
              [33mclass[39m=[32m"_label_f93aca"[39m
              [33mfor[39m=[32m":r82:"[39m
            [36m>[39m
              [0mPeriod Type[0m
            [36m</label>[39m
            [36m<div[39m
              [33mclass[39m=[32m"_selectContainer_f93aca _md_f93aca"[39m
            [36m>[39m
              [36m<select[39m
                [33maria-invalid[39m=[32m"false"[39m
                [33mclass[39m=[32m"_select_f93aca"[39m
                [33mid[39m=[32m":r82:"[39m
              [36m>[39m
                [36m<option[39m
                  [33mvalue[39m=[32m"monthly"[39m
                [36m>[39m
                  [0mMonth End[0m
                [36m</option>[39m
                [36m<option[39m
                  [33mvalue[39m=[32m"quarterly"[39m
                [36m>[39m
                  [0mQuarter End[0m
                [36m</option>[39m
                [36m<option[39m
                  [33mvalue[39m=[32m"annual"[39m
                [36m>[39m
                  [0mYear End[0m
                [36m</option>[39m
                [36m<option[39m
                  [33mvalue[39m=[32m"custom"[39m
                [36m>[39m
                  [0mCustom Date[0m
                [36m</option>[39m
              [36m</select>[39m
              [36m<span[39m
                [33maria-hidden[39m=[32m"true"[39m
                [33mclass[39m=[32m"_chevron_f93aca"[39m
              [36m>[39m
                [0m▼[0m
              [36m</span>[39m
            [36m</div>[39m
          [36m</div>[39m
          [36m<div[39m
            [33mclass[39m=[32m"_inputWrapper_c35f6e"[39m
          [36m>[39m
            [36m<label[39m
              [33mclass[39m=[32m"_label_c35f6e"[39m
              [33mfor[39m=[32m":r83:"[39m
            [36m>[39m
              [0mAs of Date[0m
            [36m</label>[39m
            [36m<div[39m
              [33mclass[39m=[32m"_inputContainer_c35f6e"[39m
            [36m>[39m
              [36m<input[39m
                [33maria-invalid[39m=[32m"false"[39m
                [33mclass[39m=[32m"_input_c35f6e"[39m
                [33mid[39m=[32m":r83:"[39m
                [33mtype[39m=[32m"date"[39m
                [33mvalue[39m=[32m"2026-04-30"[39m
              [36m/>[39m
            [36m</div>[39m
          [36m</div>[39m
        [36m</div>[39m
      [36m</section>[39m
      [36m<section[39m
        [33mclass[39m=[32m"_section_760251"[39m
      [36m>[39m
        [36m<h2[39m
          [33mclass[39m=[32m"_mainSectionTitle_760251"[39m
        [36m>[39m
          [0mAssets[0m
        [36m</h2>[39m
        [36m<div[39m
          [33mclass[39m=[32m"_subsection_760251"[39m
        [36m>[39m
          [36m<div[39m
            [33mclass[39m=[32m"_sectionHeader_760251"[39m
          [36m>[39m
            [36m<h3[39m
              [33mclass[39m=[32m"_sectionTitle_760251"[39m
            [36m>[39m
              [0mCurrent Assets[0m
            [36m</h3>[39m
          [36m</div>[39m
          [36m<div[39m
            [33mclass[39m=[32m"_lineItems_760251"[39m
          [36m>[39m
            [36m<div[39m
              [33mclass[39m=[32m"_greenBox_760251"[39m
            [36m>[39m
              [36m<div[39m
                [33mclass[39m=[32m"_lineItem_760251"[39m
              [36m>[39m
                [36m<div[39m
                  [33mclass[39m=[32m"_lineItemFields_760251"[39m
                [36m>[39m
                  [36m<div[39m
                    [33mclass[39m=[32m"_inputWrapper_c35f6e _descriptionInput_760251"[39m
                  [36m>[39m
                    [36m<label[39m
                      [33mclass[39m=[32m"_label_c35f6e"[39m
                      [33mfor[39m=[32m":r84:"[39m
                    [36m>[39m
                      [0mDescription[0m
                    [36m</label>[39m
                    [36m<div[39m
                      [33mclass[39m=[32m"_inputContainer_c35f6e"[39m
                    [36m>[39m
                      [36m<input[39m
                        [33maria-invalid[39m=[32m"false"[39m
                        [33mclass[39m=[32m"_input_c35f6e"[39m
                        [33mid[39m=[32m":r84:"[39m
                        [33mplaceholder[39m=[32m"e.g., Cash, Inventory"[39m
                        [33mvalue[39m=[32m""[39m
                      [36m/>[39m
                    [36m</div>[39m
                  [36m</div>[39m
                  [36m<div[39m
                    [33mclass[39m=[32m"_inputWrapper_c35f6e _amountInput_760251"[39m
                  [36m>[39m
                    [36m<label[39m
                      [33mclass[39m=[32m"_label_c35f6e"[39m
                      [33mfor[39m=[32m":r85:"[39m
                    [36m>[39m
                      [0mAmount[0m
                    [36m</label>[39m
                    [36m<div[39m
                      [33mclass[39m=[32m"_inputContainer_c35f6e"[39m
                    [36m>[39m
                      [36m<input[39m
                        [33maria-invalid[39m=[32m"false"[39m
                        [33mclass[39m=[32m"_input_c35f6e"[39m
                        [33mid[39m=[32m":r85:"[39m
                        [33mmin[39m=[32m"0"[39m
                        [33mplaceholder[39m=[32m"0.00"[39m
                        [33mstep[39m=[32m"0.01"[39m
                        [33mtype[39m=[32m"number"[39m
                        [33mvalue[39m=[32m"10000"[39m
                      [36m/>[39m
                    [36m</div>[39m
                  [36m</div>[39m
                [36m</div>[39m
              [36m</div>[39m
              [36m<button[39m
                [33maria-busy[39m=[32m"false"[39m
                [33maria-disabled[39m=[32m"false"[39m
                [33mclass[39m=[32m"_button_c9c6cf _secondary_c9c6cf _sm_c9c6cf _addLineInside_760251"[39m
                [33mtype[39m=[32m"button"[39m
              [36m>[39m
                [36m<span[39m
                  [33mclass[39m=[32m"_content_c9c6cf"[39m
                [36m>[39m
                  [0m+ Add Line[0m
                [36m...

Ignored nodes: comments, script, style
[36m<html>[39m
  [36m<head />[39m
  [36m<body>[39m
    [36m<div>[39m
      [36m<div[39m
        [33mclass[39m=[32m"_form_760251"[39m
      [36m>[39m
        [36m<section[39m
          [33mclass[39m=[32m"_section_760251"[39m
        [36m>[39m
          [36m<h2[39m
            [33mclass[39m=[32m"_mainSectionTitle_760251"[39m
          [36m>[39m
            [0mStatement Date[0m
          [36m</h2>[39m
          [36m<div[39m
            [33mclass[39m=[32m"_periodGrid_760251"[39m
          [36m>[39m
            [36m<div[39m
              [33mclass[39m=[32m"_selectWrapper_f93aca"[39m
            [36m>[39m
              [36m<label[39m
                [33mclass[39m=[32m"_label_f93aca"[39m
                [33mfor[39m=[32m":r82:"[39m
              [36m>[39m
                [0mPeriod Type[0m
              [36m</label>[39m
              [36m<div[39m
                [33mclass[39m=[32m"_selectContainer_f93aca _md_f93aca"[39m
              [36m>[39m
                [36m<select[39m
                  [33maria-invalid[39m=[32m"false"[39m
                  [33mclass[39m=[32m"_select_f93aca"[39m
                  [33mid[39m=[32m":r82:"[39m
                [36m>[39m
                  [36m<option[39m
                    [33mvalue[39m=[32m"monthly"[39m
                  [36m>[39m
                    [0mMonth End[0m
                  [36m</option>[39m
                  [36m<option[39m
                    [33mvalue[39m=[32m"quarterly"[39m
                  [36m>[39m
                    [0mQuarter End[0m
                  [36m</option>[39m
                  [36m<option[39m
                    [33mvalue[39m=[32m"annual"[39m
                  [36m>[39m
                    [0mYear End[0m
                  [36m</option>[39m
                  [36m<option[39m
                    [33mvalue[39m=[32m"custom"[39m
                  [36m>[39m
                    [0mCustom Date[0m
                  [36m</option>[39m
                [36m</select>[39m
                [36m<span[39m
                  [33maria-hidden[39m=[32m"true"[39m
                  [33mclass[39m=[32m"_chevron_f93aca"[39m
                [36m>[39m
                  [0m▼[0m
                [36m</span>[39m
              [36m</div>[39m
            [36m</div>[39m
            [36m<div[39m
              [33mclass[39m=[32m"_inputWrapper_c35f6e"[39m
            [36m>[39m
              [36m<label[39m
                [33mclass[39m=[32m"_label_c35f6e"[39m
                [33mfor[39m=[32m":r83:"[39m
              [36m>[39m
                [0mAs of Date[0m
              [36m</label>[39m
              [36m<div[39m
                [33mclass[39m=[32m"_inputContainer_c35f6e"[39m
              [36m>[39m
                [36m<input[39m
                  [33maria-invalid[39m=[32m"false"[39m
                  [33mclass[39m=[32m"_input_c35f6e"[39m
                  [33mid[39m=[32m":r83:"[39m
                  [33mtype[39m=[32m"date"[39m
                  [33mvalue[39m=[32m"2026-04-30"[39m
                [36m/>[39m
              [36m</div>[39m
            [36m</div>[39m
          [36m</div>[39m
        [36m</section>[39m
        [36m<section[39m
          [33mclass[39m=[32m"_section_760251"[39m
        [36m>[39m
          [36m<h2[39m
            [33mclass[39m=[32m"_mainSectionTitle_760251"[39m
          [36m>[39m
            [0mAssets[0m
          [36m</h2>[39m
          [36m<div[39m
            [33mclass[39m=[32m"_subsection_760251"[39m
          [36m>[39m
            [36m<div[39m
              [33mclass[39m=[32m"_sectionHeader_760251"[39m
            [36m>[39m
              [36m<h3[39m
                [33mclass[39m=[32m"_sectionTitle_760251"[39m
              [36m>[39m
                [0mCurrent Assets[0m
              [36m</h3>[39m
            [36m</div>[39m
            [36m<div[39m
              [33mclass[39m=[32m"_lineItems_760251"[39m
            [36m>[39m
              [36m<div[39m
                [33mclass[39m=[32m"_greenBox_760251"[39m
              [36m>[39m
                [36m<div[39m
                  [33mclass[39m=[32m"_lineItem_760251"[39m
                [36m>[39m
                  [36m<div[39m
                    [33mclass[39m=[32m"_lineItemFields_760251"[39m
                  [36m>[39m
                    [36m<div[39m
                      [33mclass[39m=[32m"_inputWrapper_c35f6e _descriptionInput_760251"[39m
                    [36m>[39m
                      [36m<label[39m
                        [33mclass[39m=[32m"_label_c35f6e"[39m
                        [33mfor[39m=[32m":r84:"[39m
                      [36m>[39m
                        [0mDescription[0m
                      [36m</label>[39m
                      [36m<div[39m
                        [33mclass[39m=[32m"_inputContainer_c35f6e"[39m
                      [36m>[39m
                        [36m<input[39m
                          [33maria-invalid[39m=[32m"false"[39m
                          [33mclass[39m=[32m"_input_c35f6e"[39m
                          [33mid[39m=[32m":r84:"[39m
                          [33mplaceholder[39m=[32m"e.g., Cash, Inventory"[39m
                          [33mvalue[39m=[32m""[39m
                        [36m/>[39m
                      [36m</div>[39m
                    [36m</div>[39m
                    [36m<div[39m
                      [33mclass[39m=[32m"_inputWrapper_c35f6e _amountInput_760251"[39m
                    [36m>[39m
                      [36m<label[39m
                        [33mclass[39m=[32m"_label_c35f6e"[39m
                        [33mfor[39m=[32m":r85:"[39m
                      [36m>[39m
                        [0mAmount[0m
                      [36m</label>[39m
                      [36m<div[39m
                        [33mclass[39m=[32m"_inputContainer_c35f6e"[39m
                      [36m>[39m
                        [36m<input[39m
                          [33maria-invalid[39m=[32m"false"[39m
                          [33mclass[39m=[32m"_input_c35f6e"[39m
                          [33mid[39m=[32m":r85:"[39m
                          [33mmin[39m=[32m"0"[39m
                          [33mplaceholder[39m=[32m"0.00"[39m
                          [33mstep[39m=[32m"0.01"[39m
                          [33mtype[39m=[32m"number"[39m
                          [33mvalue[39m=[32m"10000"[39m
                        [36m/>[39m
                      [36m</div>[39m
                    [36m</div>[39m
                  [36m</div>[39m
                [36m</div>[39m
                [36m<button[39m
                  [33maria-busy[39m=[32m"false"[39m
                  [33maria-disabled[39m=[32m"false"...
 ❯ waitForWrapper node_modules/@testing-library/react/node_modules/@testing-library/dom/dist/wait-for.js:163:27
 ❯ src/components/cpg/BalanceSheetEntryForm.test.tsx:377:13
    375|       fireEvent.change(amountInputs[4], { target: { value: '5000' } });
    376|
    377|       await waitFor(() => {
       |             ^
    378|         expect(
    379|           screen.getByText(/Take your time adjusting the amounts/i)

⎯⎯⎯⎯⎯⎯⎯⎯⎯⎯⎯⎯⎯⎯⎯⎯⎯⎯⎯⎯[210/824]⎯

 FAIL  src/components/cpg/BalanceSheetEntryForm.test.tsx > BalanceSheetEntryForm > User Guidance > shows encouraging text when balanced
TestingLibraryElementError: Unable to find an element with the text: /Great!/i. This could be because the text is broken up by multiple elements. In this case, you can provide a function for your text matcher to make your matcher more flexible.

Ignored nodes: comments, script, style
[36m<body>[39m
  [36m<div>[39m
    [36m<div[39m
      [33mclass[39m=[32m"_form_760251"[39m
    [36m>[39m
      [36m<section[39m
        [33mclass[39m=[32m"_section_760251"[39m
      [36m>[39m
        [36m<h2[39m
          [33mclass[39m=[32m"_mainSectionTitle_760251"[39m
        [36m>[39m
          [0mStatement Date[0m
        [36m</h2>[39m
        [36m<div[39m
          [33mclass[39m=[32m"_periodGrid_760251"[39m
        [36m>[39m
          [36m<div[39m
            [33mclass[39m=[32m"_selectWrapper_f93aca"[39m
          [36m>[39m
            [36m<label[39m
              [33mclass[39m=[32m"_label_f93aca"[39m
              [33mfor[39m=[32m":r8e:"[39m
            [36m>[39m
              [0mPeriod Type[0m
            [36m</label>[39m
            [36m<div[39m
              [33mclass[39m=[32m"_selectContainer_f93aca _md_f93aca"[39m
            [36m>[39m
              [36m<select[39m
                [33maria-invalid[39m=[32m"false"[39m
                [33mclass[39m=[32m"_select_f93aca"[39m
                [33mid[39m=[32m":r8e:"[39m
              [36m>[39m
                [36m<option[39m
                  [33mvalue[39m=[32m"monthly"[39m
                [36m>[39m
                  [0mMonth End[0m
                [36m</option>[39m
                [36m<option[39m
                  [33mvalue[39m=[32m"quarterly"[39m
                [36m>[39m
                  [0mQuarter End[0m
                [36m</option>[39m
                [36m<option[39m
                  [33mvalue[39m=[32m"annual"[39m
                [36m>[39m
                  [0mYear End[0m
                [36m</option>[39m
                [36m<option[39m
                  [33mvalue[39m=[32m"custom"[39m
                [36m>[39m
                  [0mCustom Date[0m
                [36m</option>[39m
              [36m</select>[39m
              [36m<span[39m
                [33maria-hidden[39m=[32m"true"[39m
                [33mclass[39m=[32m"_chevron_f93aca"[39m
              [36m>[39m
                [0m▼[0m
              [36m</span>[39m
            [36m</div>[39m
          [36m</div>[39m
          [36m<div[39m
            [33mclass[39m=[32m"_inputWrapper_c35f6e"[39m
          [36m>[39m
            [36m<label[39m
              [33mclass[39m=[32m"_label_c35f6e"[39m
              [33mfor[39m=[32m":r8f:"[39m
            [36m>[39m
              [0mAs of Date[0m
            [36m</label>[39m
            [36m<div[39m
              [33mclass[39m=[32m"_inputContainer_c35f6e"[39m
            [36m>[39m
              [36m<input[39m
                [33maria-invalid[39m=[32m"false"[39m
                [33mclass[39m=[32m"_input_c35f6e"[39m
                [33mid[39m=[32m":r8f:"[39m
                [33mtype[39m=[32m"date"[39m
                [33mvalue[39m=[32m"2026-04-30"[39m
              [36m/>[39m
            [36m</div>[39m
          [36m</div>[39m
        [36m</div>[39m
      [36m</section>[39m
      [36m<section[39m
        [33mclass[39m=[32m"_section_760251"[39m
      [36m>[39m
        [36m<h2[39m
          [33mclass[39m=[32m"_mainSectionTitle_760251"[39m
        [36m>[39m
          [0mAssets[0m
        [36m</h2>[39m
        [36m<div[39m
          [33mclass[39m=[32m"_subsection_760251"[39m
        [36m>[39m
          [36m<div[39m
            [33mclass[39m=[32m"_sectionHeader_760251"[39m
          [36m>[39m
            [36m<h3[39m
              [33mclass[39m=[32m"_sectionTitle_760251"[39m
            [36m>[39m
              [0mCurrent Assets[0m
            [36m</h3>[39m
          [36m</div>[39m
          [36m<div[39m
            [33mclass[39m=[32m"_lineItems_760251"[39m
          [36m>[39m
            [36m<div[39m
              [33mclass[39m=[32m"_greenBox_760251"[39m
            [36m>[39m
              [36m<div[39m
                [33mclass[39m=[32m"_lineItem_760251"[39m
              [36m>[39m
                [36m<div[39m
                  [33mclass[39m=[32m"_lineItemFields_760251"[39m
                [36m>[39m
                  [36m<div[39m
                    [33mclass[39m=[32m"_inputWrapper_c35f6e _descriptionInput_760251"[39m
                  [36m>[39m
                    [36m<label[39m
                      [33mclass[39m=[32m"_label_c35f6e"[39m
                      [33mfor[39m=[32m":r8g:"[39m
                    [36m>[39m
                      [0mDescription[0m
                    [36m</label>[39m
                    [36m<div[39m
                      [33mclass[39m=[32m"_inputContainer_c35f6e"[39m
                    [36m>[39m
                      [36m<input[39m
                        [33maria-invalid[39m=[32m"false"[39m
                        [33mclass[39m=[32m"_input_c35f6e"[39m
                        [33mid[39m=[32m":r8g:"[39m
                        [33mplaceholder[39m=[32m"e.g., Cash, Inventory"[39m
                        [33mvalue[39m=[32m""[39m
                      [36m/>[39m
                    [36m</div>[39m
                  [36m</div>[39m
                  [36m<div[39m
                    [33mclass[39m=[32m"_inputWrapper_c35f6e _amountInput_760251"[39m
                  [36m>[39m
                    [36m<label[39m
                      [33mclass[39m=[32m"_label_c35f6e"[39m
                      [33mfor[39m=[32m":r8h:"[39m
                    [36m>[39m
                      [0mAmount[0m
                    [36m</label>[39m
                    [36m<div[39m
                      [33mclass[39m=[32m"_inputContainer_c35f6e"[39m
                    [36m>[39m
                      [36m<input[39m
                        [33maria-invalid[39m=[32m"false"[39m
                        [33mclass[39m=[32m"_input_c35f6e"[39m
                        [33mid[39m=[32m":r8h:"[39m
                        [33mmin[39m=[32m"0"[39m
                        [33mplaceholder[39m=[32m"0.00"[39m
                        [33mstep[39m=[32m"0.01"[39m
                        [33mtype[39m=[32m"number"[39m
                        [33mvalue[39m=[32m"10000"[39m
                      [36m/>[39m
                    [36m</div>[39m
                  [36m</div>[39m
                [36m</div>[39m
              [36m</div>[39m
              [36m<button[39m
                [33maria-busy[39m=[32m"false"[39m
                [33maria-disabled[39m=[32m"false"[39m
                [33mclass[39m=[32m"_button_c9c6cf _secondary_c9c6cf _sm_c9c6cf _addLineInside_760251"[39m
                [33mtype[39m=[32m"button"[39m
              [36m>[39m
                [36m<span[39m
                  [33mclass[39m=[32m"_content_c9c6cf"[39m
                [36m>[39m
                  [0m+ Add Line[0m
                [36m...

Ignored nodes: comments, script, style
[36m<html>[39m
  [36m<head />[39m
  [36m<body>[39m
    [36m<div>[39m
      [36m<div[39m
        [33mclass[39m=[32m"_form_760251"[39m
      [36m>[39m
        [36m<section[39m
          [33mclass[39m=[32m"_section_760251"[39m
        [36m>[39m
          [36m<h2[39m
            [33mclass[39m=[32m"_mainSectionTitle_760251"[39m
          [36m>[39m
            [0mStatement Date[0m
          [36m</h2>[39m
          [36m<div[39m
            [33mclass[39m=[32m"_periodGrid_760251"[39m
          [36m>[39m
            [36m<div[39m
              [33mclass[39m=[32m"_selectWrapper_f93aca"[39m
            [36m>[39m
              [36m<label[39m
                [33mclass[39m=[32m"_label_f93aca"[39m
                [33mfor[39m=[32m":r8e:"[39m
              [36m>[39m
                [0mPeriod Type[0m
              [36m</label>[39m
              [36m<div[39m
                [33mclass[39m=[32m"_selectContainer_f93aca _md_f93aca"[39m
              [36m>[39m
                [36m<select[39m
                  [33maria-invalid[39m=[32m"false"[39m
                  [33mclass[39m=[32m"_select_f93aca"[39m
                  [33mid[39m=[32m":r8e:"[39m
                [36m>[39m
                  [36m<option[39m
                    [33mvalue[39m=[32m"monthly"[39m
                  [36m>[39m
                    [0mMonth End[0m
                  [36m</option>[39m
                  [36m<option[39m
                    [33mvalue[39m=[32m"quarterly"[39m
                  [36m>[39m
                    [0mQuarter End[0m
                  [36m</option>[39m
                  [36m<option[39m
                    [33mvalue[39m=[32m"annual"[39m
                  [36m>[39m
                    [0mYear End[0m
                  [36m</option>[39m
                  [36m<option[39m
                    [33mvalue[39m=[32m"custom"[39m
                  [36m>[39m
                    [0mCustom Date[0m
                  [36m</option>[39m
                [36m</select>[39m
                [36m<span[39m
                  [33maria-hidden[39m=[32m"true"[39m
                  [33mclass[39m=[32m"_chevron_f93aca"[39m
                [36m>[39m
                  [0m▼[0m
                [36m</span>[39m
              [36m</div>[39m
            [36m</div>[39m
            [36m<div[39m
              [33mclass[39m=[32m"_inputWrapper_c35f6e"[39m
            [36m>[39m
              [36m<label[39m
                [33mclass[39m=[32m"_label_c35f6e"[39m
                [33mfor[39m=[32m":r8f:"[39m
              [36m>[39m
                [0mAs of Date[0m
              [36m</label>[39m
              [36m<div[39m
                [33mclass[39m=[32m"_inputContainer_c35f6e"[39m
              [36m>[39m
                [36m<input[39m
                  [33maria-invalid[39m=[32m"false"[39m
                  [33mclass[39m=[32m"_input_c35f6e"[39m
                  [33mid[39m=[32m":r8f:"[39m
                  [33mtype[39m=[32m"date"[39m
                  [33mvalue[39m=[32m"2026-04-30"[39m
                [36m/>[39m
              [36m</div>[39m
            [36m</div>[39m
          [36m</div>[39m
        [36m</section>[39m
        [36m<section[39m
          [33mclass[39m=[32m"_section_760251"[39m
        [36m>[39m
          [36m<h2[39m
            [33mclass[39m=[32m"_mainSectionTitle_760251"[39m
          [36m>[39m
            [0mAssets[0m
          [36m</h2>[39m
          [36m<div[39m
            [33mclass[39m=[32m"_subsection_760251"[39m
          [36m>[39m
            [36m<div[39m
              [33mclass[39m=[32m"_sectionHeader_760251"[39m
            [36m>[39m
              [36m<h3[39m
                [33mclass[39m=[32m"_sectionTitle_760251"[39m
              [36m>[39m
                [0mCurrent Assets[0m
              [36m</h3>[39m
            [36m</div>[39m
            [36m<div[39m
              [33mclass[39m=[32m"_lineItems_760251"[39m
            [36m>[39m
              [36m<div[39m
                [33mclass[39m=[32m"_greenBox_760251"[39m
              [36m>[39m
                [36m<div[39m
                  [33mclass[39m=[32m"_lineItem_760251"[39m
                [36m>[39m
                  [36m<div[39m
                    [33mclass[39m=[32m"_lineItemFields_760251"[39m
                  [36m>[39m
                    [36m<div[39m
                      [33mclass[39m=[32m"_inputWrapper_c35f6e _descriptionInput_760251"[39m
                    [36m>[39m
                      [36m<label[39m
                        [33mclass[39m=[32m"_label_c35f6e"[39m
                        [33mfor[39m=[32m":r8g:"[39m
                      [36m>[39m
                        [0mDescription[0m
                      [36m</label>[39m
                      [36m<div[39m
                        [33mclass[39m=[32m"_inputContainer_c35f6e"[39m
                      [36m>[39m
                        [36m<input[39m
                          [33maria-invalid[39m=[32m"false"[39m
                          [33mclass[39m=[32m"_input_c35f6e"[39m
                          [33mid[39m=[32m":r8g:"[39m
                          [33mplaceholder[39m=[32m"e.g., Cash, Inventory"[39m
                          [33mvalue[39m=[32m""[39m
                        [36m/>[39m
                      [36m</div>[39m
                    [36m</div>[39m
                    [36m<div[39m
                      [33mclass[39m=[32m"_inputWrapper_c35f6e _amountInput_760251"[39m
                    [36m>[39m
                      [36m<label[39m
                        [33mclass[39m=[32m"_label_c35f6e"[39m
                        [33mfor[39m=[32m":r8h:"[39m
                      [36m>[39m
                        [0mAmount[0m
                      [36m</label>[39m
                      [36m<div[39m
                        [33mclass[39m=[32m"_inputContainer_c35f6e"[39m
                      [36m>[39m
                        [36m<input[39m
                          [33maria-invalid[39m=[32m"false"[39m
                          [33mclass[39m=[32m"_input_c35f6e"[39m
                          [33mid[39m=[32m":r8h:"[39m
                          [33mmin[39m=[32m"0"[39m
                          [33mplaceholder[39m=[32m"0.00"[39m
                          [33mstep[39m=[32m"0.01"[39m
                          [33mtype[39m=[32m"number"[39m
                          [33mvalue[39m=[32m"10000"[39m
                        [36m/>[39m
                      [36m</div>[39m
                    [36m</div>[39m
                  [36m</div>[39m
                [36m</div>[39m
                [36m<button[39m
                  [33maria-busy[39m=[32m"false"[39m
                  [33maria-disabled[39m=[32m"false"...
 ❯ waitForWrapper node_modules/@testing-library/react/node_modules/@testing-library/dom/dist/wait-for.js:163:27
 ❯ src/components/cpg/BalanceSheetEntryForm.test.tsx:396:13
    394|       fireEvent.change(amountInputs[4], { target: { value: '4000' } });
    395|
    396|       await waitFor(() => {
       |             ^
    397|         expect(screen.getByText(/Great!/i)).toBeInTheDocument();
    398|       });

⎯⎯⎯⎯⎯⎯⎯⎯⎯⎯⎯⎯⎯⎯⎯⎯⎯⎯⎯⎯[211/824]⎯

 FAIL  src/components/cpg/BalanceSheetEntryForm.test.tsx > BalanceSheetEntryForm > Edge Cases > handles zero values correctly
TestingLibraryElementError: Unable to find an element with the text: /Balance Sheet is Balanced!/i. This could be because the text is broken up by multiple elements. In this case, you can provide a function for your text matcher to make your matcher more flexible.

Ignored nodes: comments, script, style
[36m<body>[39m
  [36m<div>[39m
    [36m<div[39m
      [33mclass[39m=[32m"_form_760251"[39m
    [36m>[39m
      [36m<section[39m
        [33mclass[39m=[32m"_section_760251"[39m
      [36m>[39m
        [36m<h2[39m
          [33mclass[39m=[32m"_mainSectionTitle_760251"[39m
        [36m>[39m
          [0mStatement Date[0m
        [36m</h2>[39m
        [36m<div[39m
          [33mclass[39m=[32m"_periodGrid_760251"[39m
        [36m>[39m
          [36m<div[39m
            [33mclass[39m=[32m"_selectWrapper_f93aca"[39m
          [36m>[39m
            [36m<label[39m
              [33mclass[39m=[32m"_label_f93aca"[39m
              [33mfor[39m=[32m":r8q:"[39m
            [36m>[39m
              [0mPeriod Type[0m
            [36m</label>[39m
            [36m<div[39m
              [33mclass[39m=[32m"_selectContainer_f93aca _md_f93aca"[39m
            [36m>[39m
              [36m<select[39m
                [33maria-invalid[39m=[32m"false"[39m
                [33mclass[39m=[32m"_select_f93aca"[39m
                [33mid[39m=[32m":r8q:"[39m
              [36m>[39m
                [36m<option[39m
                  [33mvalue[39m=[32m"monthly"[39m
                [36m>[39m
                  [0mMonth End[0m
                [36m</option>[39m
                [36m<option[39m
                  [33mvalue[39m=[32m"quarterly"[39m
                [36m>[39m
                  [0mQuarter End[0m
                [36m</option>[39m
                [36m<option[39m
                  [33mvalue[39m=[32m"annual"[39m
                [36m>[39m
                  [0mYear End[0m
                [36m</option>[39m
                [36m<option[39m
                  [33mvalue[39m=[32m"custom"[39m
                [36m>[39m
                  [0mCustom Date[0m
                [36m</option>[39m
              [36m</select>[39m
              [36m<span[39m
                [33maria-hidden[39m=[32m"true"[39m
                [33mclass[39m=[32m"_chevron_f93aca"[39m
              [36m>[39m
                [0m▼[0m
              [36m</span>[39m
            [36m</div>[39m
          [36m</div>[39m
          [36m<div[39m
            [33mclass[39m=[32m"_inputWrapper_c35f6e"[39m
          [36m>[39m
            [36m<label[39m
              [33mclass[39m=[32m"_label_c35f6e"[39m
              [33mfor[39m=[32m":r8r:"[39m
            [36m>[39m
              [0mAs of Date[0m
            [36m</label>[39m
            [36m<div[39m
              [33mclass[39m=[32m"_inputContainer_c35f6e"[39m
            [36m>[39m
              [36m<input[39m
                [33maria-invalid[39m=[32m"false"[39m
                [33mclass[39m=[32m"_input_c35f6e"[39m
                [33mid[39m=[32m":r8r:"[39m
                [33mtype[39m=[32m"date"[39m
                [33mvalue[39m=[32m"2026-04-30"[39m
              [36m/>[39m
            [36m</div>[39m
          [36m</div>[39m
        [36m</div>[39m
      [36m</section>[39m
      [36m<section[39m
        [33mclass[39m=[32m"_section_760251"[39m
      [36m>[39m
        [36m<h2[39m
          [33mclass[39m=[32m"_mainSectionTitle_760251"[39m
        [36m>[39m
          [0mAssets[0m
        [36m</h2>[39m
        [36m<div[39m
          [33mclass[39m=[32m"_subsection_760251"[39m
        [36m>[39m
          [36m<div[39m
            [33mclass[39m=[32m"_sectionHeader_760251"[39m
          [36m>[39m
            [36m<h3[39m
              [33mclass[39m=[32m"_sectionTitle_760251"[39m
            [36m>[39m
              [0mCurrent Assets[0m
            [36m</h3>[39m
          [36m</div>[39m
          [36m<div[39m
            [33mclass[39m=[32m"_lineItems_760251"[39m
          [36m>[39m
            [36m<div[39m
              [33mclass[39m=[32m"_greenBox_760251"[39m
            [36m>[39m
              [36m<div[39m
                [33mclass[39m=[32m"_lineItem_760251"[39m
              [36m>[39m
                [36m<div[39m
                  [33mclass[39m=[32m"_lineItemFields_760251"[39m
                [36m>[39m
                  [36m<div[39m
                    [33mclass[39m=[32m"_inputWrapper_c35f6e _descriptionInput_760251"[39m
                  [36m>[39m
                    [36m<label[39m
                      [33mclass[39m=[32m"_label_c35f6e"[39m
                      [33mfor[39m=[32m":r8s:"[39m
                    [36m>[39m
                      [0mDescription[0m
                    [36m</label>[39m
                    [36m<div[39m
                      [33mclass[39m=[32m"_inputContainer_c35f6e"[39m
                    [36m>[39m
                      [36m<input[39m
                        [33maria-invalid[39m=[32m"false"[39m
                        [33mclass[39m=[32m"_input_c35f6e"[39m
                        [33mid[39m=[32m":r8s:"[39m
                        [33mplaceholder[39m=[32m"e.g., Cash, Inventory"[39m
                        [33mvalue[39m=[32m""[39m
                      [36m/>[39m
                    [36m</div>[39m
                  [36m</div>[39m
                  [36m<div[39m
                    [33mclass[39m=[32m"_inputWrapper_c35f6e _amountInput_760251"[39m
                  [36m>[39m
                    [36m<label[39m
                      [33mclass[39m=[32m"_label_c35f6e"[39m
                      [33mfor[39m=[32m":r8t:"[39m
                    [36m>[39m
                      [0mAmount[0m
                    [36m</label>[39m
                    [36m<div[39m
                      [33mclass[39m=[32m"_inputContainer_c35f6e"[39m
                    [36m>[39m
                      [36m<input[39m
                        [33maria-invalid[39m=[32m"false"[39m
                        [33mclass[39m=[32m"_input_c35f6e"[39m
                        [33mid[39m=[32m":r8t:"[39m
                        [33mmin[39m=[32m"0"[39m
                        [33mplaceholder[39m=[32m"0.00"[39m
                        [33mstep[39m=[32m"0.01"[39m
                        [33mtype[39m=[32m"number"[39m
                        [33mvalue[39m=[32m"0"[39m
                      [36m/>[39m
                    [36m</div>[39m
                  [36m</div>[39m
                [36m</div>[39m
              [36m</div>[39m
              [36m<button[39m
                [33maria-busy[39m=[32m"false"[39m
                [33maria-disabled[39m=[32m"false"[39m
                [33mclass[39m=[32m"_button_c9c6cf _secondary_c9c6cf _sm_c9c6cf _addLineInside_760251"[39m
                [33mtype[39m=[32m"button"[39m
              [36m>[39m
                [36m<span[39m
                  [33mclass[39m=[32m"_content_c9c6cf"[39m
                [36m>[39m
                  [0m+ Add Line[0m
                [36m</sp...

Ignored nodes: comments, script, style
[36m<html>[39m
  [36m<head />[39m
  [36m<body>[39m
    [36m<div>[39m
      [36m<div[39m
        [33mclass[39m=[32m"_form_760251"[39m
      [36m>[39m
        [36m<section[39m
          [33mclass[39m=[32m"_section_760251"[39m
        [36m>[39m
          [36m<h2[39m
            [33mclass[39m=[32m"_mainSectionTitle_760251"[39m
          [36m>[39m
            [0mStatement Date[0m
          [36m</h2>[39m
          [36m<div[39m
            [33mclass[39m=[32m"_periodGrid_760251"[39m
          [36m>[39m
            [36m<div[39m
              [33mclass[39m=[32m"_selectWrapper_f93aca"[39m
            [36m>[39m
              [36m<label[39m
                [33mclass[39m=[32m"_label_f93aca"[39m
                [33mfor[39m=[32m":r8q:"[39m
              [36m>[39m
                [0mPeriod Type[0m
              [36m</label>[39m
              [36m<div[39m
                [33mclass[39m=[32m"_selectContainer_f93aca _md_f93aca"[39m
              [36m>[39m
                [36m<select[39m
                  [33maria-invalid[39m=[32m"false"[39m
                  [33mclass[39m=[32m"_select_f93aca"[39m
                  [33mid[39m=[32m":r8q:"[39m
                [36m>[39m
                  [36m<option[39m
                    [33mvalue[39m=[32m"monthly"[39m
                  [36m>[39m
                    [0mMonth End[0m
                  [36m</option>[39m
                  [36m<option[39m
                    [33mvalue[39m=[32m"quarterly"[39m
                  [36m>[39m
                    [0mQuarter End[0m
                  [36m</option>[39m
                  [36m<option[39m
                    [33mvalue[39m=[32m"annual"[39m
                  [36m>[39m
                    [0mYear End[0m
                  [36m</option>[39m
                  [36m<option[39m
                    [33mvalue[39m=[32m"custom"[39m
                  [36m>[39m
                    [0mCustom Date[0m
                  [36m</option>[39m
                [36m</select>[39m
                [36m<span[39m
                  [33maria-hidden[39m=[32m"true"[39m
                  [33mclass[39m=[32m"_chevron_f93aca"[39m
                [36m>[39m
                  [0m▼[0m
                [36m</span>[39m
              [36m</div>[39m
            [36m</div>[39m
            [36m<div[39m
              [33mclass[39m=[32m"_inputWrapper_c35f6e"[39m
            [36m>[39m
              [36m<label[39m
                [33mclass[39m=[32m"_label_c35f6e"[39m
                [33mfor[39m=[32m":r8r:"[39m
              [36m>[39m
                [0mAs of Date[0m
              [36m</label>[39m
              [36m<div[39m
                [33mclass[39m=[32m"_inputContainer_c35f6e"[39m
              [36m>[39m
                [36m<input[39m
                  [33maria-invalid[39m=[32m"false"[39m
                  [33mclass[39m=[32m"_input_c35f6e"[39m
                  [33mid[39m=[32m":r8r:"[39m
                  [33mtype[39m=[32m"date"[39m
                  [33mvalue[39m=[32m"2026-04-30"[39m
                [36m/>[39m
              [36m</div>[39m
            [36m</div>[39m
          [36m</div>[39m
        [36m</section>[39m
        [36m<section[39m
          [33mclass[39m=[32m"_section_760251"[39m
        [36m>[39m
          [36m<h2[39m
            [33mclass[39m=[32m"_mainSectionTitle_760251"[39m
          [36m>[39m
            [0mAssets[0m
          [36m</h2>[39m
          [36m<div[39m
            [33mclass[39m=[32m"_subsection_760251"[39m
          [36m>[39m
            [36m<div[39m
              [33mclass[39m=[32m"_sectionHeader_760251"[39m
            [36m>[39m
              [36m<h3[39m
                [33mclass[39m=[32m"_sectionTitle_760251"[39m
              [36m>[39m
                [0mCurrent Assets[0m
              [36m</h3>[39m
            [36m</div>[39m
            [36m<div[39m
              [33mclass[39m=[32m"_lineItems_760251"[39m
            [36m>[39m
              [36m<div[39m
                [33mclass[39m=[32m"_greenBox_760251"[39m
              [36m>[39m
                [36m<div[39m
                  [33mclass[39m=[32m"_lineItem_760251"[39m
                [36m>[39m
                  [36m<div[39m
                    [33mclass[39m=[32m"_lineItemFields_760251"[39m
                  [36m>[39m
                    [36m<div[39m
                      [33mclass[39m=[32m"_inputWrapper_c35f6e _descriptionInput_760251"[39m
                    [36m>[39m
                      [36m<label[39m
                        [33mclass[39m=[32m"_label_c35f6e"[39m
                        [33mfor[39m=[32m":r8s:"[39m
                      [36m>[39m
                        [0mDescription[0m
                      [36m</label>[39m
                      [36m<div[39m
                        [33mclass[39m=[32m"_inputContainer_c35f6e"[39m
                      [36m>[39m
                        [36m<input[39m
                          [33maria-invalid[39m=[32m"false"[39m
                          [33mclass[39m=[32m"_input_c35f6e"[39m
                          [33mid[39m=[32m":r8s:"[39m
                          [33mplaceholder[39m=[32m"e.g., Cash, Inventory"[39m
                          [33mvalue[39m=[32m""[39m
                        [36m/>[39m
                      [36m</div>[39m
                    [36m</div>[39m
                    [36m<div[39m
                      [33mclass[39m=[32m"_inputWrapper_c35f6e _amountInput_760251"[39m
                    [36m>[39m
                      [36m<label[39m
                        [33mclass[39m=[32m"_label_c35f6e"[39m
                        [33mfor[39m=[32m":r8t:"[39m
                      [36m>[39m
                        [0mAmount[0m
                      [36m</label>[39m
                      [36m<div[39m
                        [33mclass[39m=[32m"_inputContainer_c35f6e"[39m
                      [36m>[39m
                        [36m<input[39m
                          [33maria-invalid[39m=[32m"false"[39m
                          [33mclass[39m=[32m"_input_c35f6e"[39m
                          [33mid[39m=[32m":r8t:"[39m
                          [33mmin[39m=[32m"0"[39m
                          [33mplaceholder[39m=[32m"0.00"[39m
                          [33mstep[39m=[32m"0.01"[39m
                          [33mtype[39m=[32m"number"[39m
                          [33mvalue[39m=[32m"0"[39m
                        [36m/>[39m
                      [36m</div>[39m
                    [36m</div>[39m
                  [36m</div>[39m
                [36m</div>[39m
                [36m<button[39m
                  [33maria-busy[39m=[32m"false"[39m
                  [33maria-disabled[39m=[32m"false"[39...
 ❯ waitForWrapper node_modules/@testing-library/react/node_modules/@testing-library/dom/dist/wait-for.js:163:27
 ❯ src/components/cpg/BalanceSheetEntryForm.test.tsx:415:13
    413|       fireEvent.change(amountInputs[4], { target: { value: '0' } });
    414|
    415|       await waitFor(() => {
       |             ^
    416|         expect(screen.getByText(/Balance Sheet is Balanced!/i)).toBeIn…
    417|       });

⎯⎯⎯⎯⎯⎯⎯⎯⎯⎯⎯⎯⎯⎯⎯⎯⎯⎯⎯⎯[212/824]⎯

 FAIL  src/components/cpg/BalanceSheetEntryForm.test.tsx > BalanceSheetEntryForm > Edge Cases > handles decimal values correctly
TestingLibraryElementError: Unable to find an element with the text: /Balance Sheet is Balanced!/i. This could be because the text is broken up by multiple elements. In this case, you can provide a function for your text matcher to make your matcher more flexible.

Ignored nodes: comments, script, style
[36m<body>[39m
  [36m<div>[39m
    [36m<div[39m
      [33mclass[39m=[32m"_form_760251"[39m
    [36m>[39m
      [36m<section[39m
        [33mclass[39m=[32m"_section_760251"[39m
      [36m>[39m
        [36m<h2[39m
          [33mclass[39m=[32m"_mainSectionTitle_760251"[39m
        [36m>[39m
          [0mStatement Date[0m
        [36m</h2>[39m
        [36m<div[39m
          [33mclass[39m=[32m"_periodGrid_760251"[39m
        [36m>[39m
          [36m<div[39m
            [33mclass[39m=[32m"_selectWrapper_f93aca"[39m
          [36m>[39m
            [36m<label[39m
              [33mclass[39m=[32m"_label_f93aca"[39m
              [33mfor[39m=[32m":r96:"[39m
            [36m>[39m
              [0mPeriod Type[0m
            [36m</label>[39m
            [36m<div[39m
              [33mclass[39m=[32m"_selectContainer_f93aca _md_f93aca"[39m
            [36m>[39m
              [36m<select[39m
                [33maria-invalid[39m=[32m"false"[39m
                [33mclass[39m=[32m"_select_f93aca"[39m
                [33mid[39m=[32m":r96:"[39m
              [36m>[39m
                [36m<option[39m
                  [33mvalue[39m=[32m"monthly"[39m
                [36m>[39m
                  [0mMonth End[0m
                [36m</option>[39m
                [36m<option[39m
                  [33mvalue[39m=[32m"quarterly"[39m
                [36m>[39m
                  [0mQuarter End[0m
                [36m</option>[39m
                [36m<option[39m
                  [33mvalue[39m=[32m"annual"[39m
                [36m>[39m
                  [0mYear End[0m
                [36m</option>[39m
                [36m<option[39m
                  [33mvalue[39m=[32m"custom"[39m
                [36m>[39m
                  [0mCustom Date[0m
                [36m</option>[39m
              [36m</select>[39m
              [36m<span[39m
                [33maria-hidden[39m=[32m"true"[39m
                [33mclass[39m=[32m"_chevron_f93aca"[39m
              [36m>[39m
                [0m▼[0m
              [36m</span>[39m
            [36m</div>[39m
          [36m</div>[39m
          [36m<div[39m
            [33mclass[39m=[32m"_inputWrapper_c35f6e"[39m
          [36m>[39m
            [36m<label[39m
              [33mclass[39m=[32m"_label_c35f6e"[39m
              [33mfor[39m=[32m":r97:"[39m
            [36m>[39m
              [0mAs of Date[0m
            [36m</label>[39m
            [36m<div[39m
              [33mclass[39m=[32m"_inputContainer_c35f6e"[39m
            [36m>[39m
              [36m<input[39m
                [33maria-invalid[39m=[32m"false"[39m
                [33mclass[39m=[32m"_input_c35f6e"[39m
                [33mid[39m=[32m":r97:"[39m
                [33mtype[39m=[32m"date"[39m
                [33mvalue[39m=[32m"2026-04-30"[39m
              [36m/>[39m
            [36m</div>[39m
          [36m</div>[39m
        [36m</div>[39m
      [36m</section>[39m
      [36m<section[39m
        [33mclass[39m=[32m"_section_760251"[39m
      [36m>[39m
        [36m<h2[39m
          [33mclass[39m=[32m"_mainSectionTitle_760251"[39m
        [36m>[39m
          [0mAssets[0m
        [36m</h2>[39m
        [36m<div[39m
          [33mclass[39m=[32m"_subsection_760251"[39m
        [36m>[39m
          [36m<div[39m
            [33mclass[39m=[32m"_sectionHeader_760251"[39m
          [36m>[39m
            [36m<h3[39m
              [33mclass[39m=[32m"_sectionTitle_760251"[39m
            [36m>[39m
              [0mCurrent Assets[0m
            [36m</h3>[39m
          [36m</div>[39m
          [36m<div[39m
            [33mclass[39m=[32m"_lineItems_760251"[39m
          [36m>[39m
            [36m<div[39m
              [33mclass[39m=[32m"_greenBox_760251"[39m
            [36m>[39m
              [36m<div[39m
                [33mclass[39m=[32m"_lineItem_760251"[39m
              [36m>[39m
                [36m<div[39m
                  [33mclass[39m=[32m"_lineItemFields_760251"[39m
                [36m>[39m
                  [36m<div[39m
                    [33mclass[39m=[32m"_inputWrapper_c35f6e _descriptionInput_760251"[39m
                  [36m>[39m
                    [36m<label[39m
                      [33mclass[39m=[32m"_label_c35f6e"[39m
                      [33mfor[39m=[32m":r98:"[39m
                    [36m>[39m
                      [0mDescription[0m
                    [36m</label>[39m
                    [36m<div[39m
                      [33mclass[39m=[32m"_inputContainer_c35f6e"[39m
                    [36m>[39m
                      [36m<input[39m
                        [33maria-invalid[39m=[32m"false"[39m
                        [33mclass[39m=[32m"_input_c35f6e"[39m
                        [33mid[39m=[32m":r98:"[39m
                        [33mplaceholder[39m=[32m"e.g., Cash, Inventory"[39m
                        [33mvalue[39m=[32m""[39m
                      [36m/>[39m
                    [36m</div>[39m
                  [36m</div>[39m
                  [36m<div[39m
                    [33mclass[39m=[32m"_inputWrapper_c35f6e _amountInput_760251"[39m
                  [36m>[39m
                    [36m<label[39m
                      [33mclass[39m=[32m"_label_c35f6e"[39m
                      [33mfor[39m=[32m":r99:"[39m
                    [36m>[39m
                      [0mAmount[0m
                    [36m</label>[39m
                    [36m<div[39m
                      [33mclass[39m=[32m"_inputContainer_c35f6e"[39m
                    [36m>[39m
                      [36m<input[39m
                        [33maria-invalid[39m=[32m"false"[39m
                        [33mclass[39m=[32m"_input_c35f6e"[39m
                        [33mid[39m=[32m":r99:"[39m
                        [33mmin[39m=[32m"0"[39m
                        [33mplaceholder[39m=[32m"0.00"[39m
                        [33mstep[39m=[32m"0.01"[39m
                        [33mtype[39m=[32m"number"[39m
                        [33mvalue[39m=[32m"1000.50"[39m
                      [36m/>[39m
                    [36m</div>[39m
                  [36m</div>[39m
                [36m</div>[39m
              [36m</div>[39m
              [36m<button[39m
                [33maria-busy[39m=[32m"false"[39m
                [33maria-disabled[39m=[32m"false"[39m
                [33mclass[39m=[32m"_button_c9c6cf _secondary_c9c6cf _sm_c9c6cf _addLineInside_760251"[39m
                [33mtype[39m=[32m"button"[39m
              [36m>[39m
                [36m<span[39m
                  [33mclass[39m=[32m"_content_c9c6cf"[39m
                [36m>[39m
                  [0m+ Add Line[0m
                [3...

Ignored nodes: comments, script, style
[36m<html>[39m
  [36m<head />[39m
  [36m<body>[39m
    [36m<div>[39m
      [36m<div[39m
        [33mclass[39m=[32m"_form_760251"[39m
      [36m>[39m
        [36m<section[39m
          [33mclass[39m=[32m"_section_760251"[39m
        [36m>[39m
          [36m<h2[39m
            [33mclass[39m=[32m"_mainSectionTitle_760251"[39m
          [36m>[39m
            [0mStatement Date[0m
          [36m</h2>[39m
          [36m<div[39m
            [33mclass[39m=[32m"_periodGrid_760251"[39m
          [36m>[39m
            [36m<div[39m
              [33mclass[39m=[32m"_selectWrapper_f93aca"[39m
            [36m>[39m
              [36m<label[39m
                [33mclass[39m=[32m"_label_f93aca"[39m
                [33mfor[39m=[32m":r96:"[39m
              [36m>[39m
                [0mPeriod Type[0m
              [36m</label>[39m
              [36m<div[39m
                [33mclass[39m=[32m"_selectContainer_f93aca _md_f93aca"[39m
              [36m>[39m
                [36m<select[39m
                  [33maria-invalid[39m=[32m"false"[39m
                  [33mclass[39m=[32m"_select_f93aca"[39m
                  [33mid[39m=[32m":r96:"[39m
                [36m>[39m
                  [36m<option[39m
                    [33mvalue[39m=[32m"monthly"[39m
                  [36m>[39m
                    [0mMonth End[0m
                  [36m</option>[39m
                  [36m<option[39m
                    [33mvalue[39m=[32m"quarterly"[39m
                  [36m>[39m
                    [0mQuarter End[0m
                  [36m</option>[39m
                  [36m<option[39m
                    [33mvalue[39m=[32m"annual"[39m
                  [36m>[39m
                    [0mYear End[0m
                  [36m</option>[39m
                  [36m<option[39m
                    [33mvalue[39m=[32m"custom"[39m
                  [36m>[39m
                    [0mCustom Date[0m
                  [36m</option>[39m
                [36m</select>[39m
                [36m<span[39m
                  [33maria-hidden[39m=[32m"true"[39m
                  [33mclass[39m=[32m"_chevron_f93aca"[39m
                [36m>[39m
                  [0m▼[0m
                [36m</span>[39m
              [36m</div>[39m
            [36m</div>[39m
            [36m<div[39m
              [33mclass[39m=[32m"_inputWrapper_c35f6e"[39m
            [36m>[39m
              [36m<label[39m
                [33mclass[39m=[32m"_label_c35f6e"[39m
                [33mfor[39m=[32m":r97:"[39m
              [36m>[39m
                [0mAs of Date[0m
              [36m</label>[39m
              [36m<div[39m
                [33mclass[39m=[32m"_inputContainer_c35f6e"[39m
              [36m>[39m
                [36m<input[39m
                  [33maria-invalid[39m=[32m"false"[39m
                  [33mclass[39m=[32m"_input_c35f6e"[39m
                  [33mid[39m=[32m":r97:"[39m
                  [33mtype[39m=[32m"date"[39m
                  [33mvalue[39m=[32m"2026-04-30"[39m
                [36m/>[39m
              [36m</div>[39m
            [36m</div>[39m
          [36m</div>[39m
        [36m</section>[39m
        [36m<section[39m
          [33mclass[39m=[32m"_section_760251"[39m
        [36m>[39m
          [36m<h2[39m
            [33mclass[39m=[32m"_mainSectionTitle_760251"[39m
          [36m>[39m
            [0mAssets[0m
          [36m</h2>[39m
          [36m<div[39m
            [33mclass[39m=[32m"_subsection_760251"[39m
          [36m>[39m
            [36m<div[39m
              [33mclass[39m=[32m"_sectionHeader_760251"[39m
            [36m>[39m
              [36m<h3[39m
                [33mclass[39m=[32m"_sectionTitle_760251"[39m
              [36m>[39m
                [0mCurrent Assets[0m
              [36m</h3>[39m
            [36m</div>[39m
            [36m<div[39m
              [33mclass[39m=[32m"_lineItems_760251"[39m
            [36m>[39m
              [36m<div[39m
                [33mclass[39m=[32m"_greenBox_760251"[39m
              [36m>[39m
                [36m<div[39m
                  [33mclass[39m=[32m"_lineItem_760251"[39m
                [36m>[39m
                  [36m<div[39m
                    [33mclass[39m=[32m"_lineItemFields_760251"[39m
                  [36m>[39m
                    [36m<div[39m
                      [33mclass[39m=[32m"_inputWrapper_c35f6e _descriptionInput_760251"[39m
                    [36m>[39m
                      [36m<label[39m
                        [33mclass[39m=[32m"_label_c35f6e"[39m
                        [33mfor[39m=[32m":r98:"[39m
                      [36m>[39m
                        [0mDescription[0m
                      [36m</label>[39m
                      [36m<div[39m
                        [33mclass[39m=[32m"_inputContainer_c35f6e"[39m
                      [36m>[39m
                        [36m<input[39m
                          [33maria-invalid[39m=[32m"false"[39m
                          [33mclass[39m=[32m"_input_c35f6e"[39m
                          [33mid[39m=[32m":r98:"[39m
                          [33mplaceholder[39m=[32m"e.g., Cash, Inventory"[39m
                          [33mvalue[39m=[32m""[39m
                        [36m/>[39m
                      [36m</div>[39m
                    [36m</div>[39m
                    [36m<div[39m
                      [33mclass[39m=[32m"_inputWrapper_c35f6e _amountInput_760251"[39m
                    [36m>[39m
                      [36m<label[39m
                        [33mclass[39m=[32m"_label_c35f6e"[39m
                        [33mfor[39m=[32m":r99:"[39m
                      [36m>[39m
                        [0mAmount[0m
                      [36m</label>[39m
                      [36m<div[39m
                        [33mclass[39m=[32m"_inputContainer_c35f6e"[39m
                      [36m>[39m
                        [36m<input[39m
                          [33maria-invalid[39m=[32m"false"[39m
                          [33mclass[39m=[32m"_input_c35f6e"[39m
                          [33mid[39m=[32m":r99:"[39m
                          [33mmin[39m=[32m"0"[39m
                          [33mplaceholder[39m=[32m"0.00"[39m
                          [33mstep[39m=[32m"0.01"[39m
                          [33mtype[39m=[32m"number"[39m
                          [33mvalue[39m=[32m"1000.50"[39m
                        [36m/>[39m
                      [36m</div>[39m
                    [36m</div>[39m
                  [36m</div>[39m
                [36m</div>[39m
                [36m<button[39m
                  [33maria-busy[39m=[32m"false"[39m
                  [33maria-disabled[39m=[32m"fals...
 ❯ waitForWrapper node_modules/@testing-library/react/node_modules/@testing-library/dom/dist/wait-for.js:163:27
 ❯ src/components/cpg/BalanceSheetEntryForm.test.tsx:432:13
    430|       fireEvent.change(amountInputs[4], { target: { value: '400.25' } …
    431|
    432|       await waitFor(() => {
       |             ^
    433|         expect(screen.getByText(/Balance Sheet is Balanced!/i)).toBeIn…
    434|       });

⎯⎯⎯⎯⎯⎯⎯⎯⎯⎯⎯⎯⎯⎯⎯⎯⎯⎯⎯⎯[213/824]⎯

 FAIL  src/components/cpg/CPUDisplay.test.tsx > CPUDisplay > renders loading state
 FAIL  src/components/cpg/CPUDisplay.test.tsx > CPUDisplay > renders empty state when no products exist
 FAIL  src/components/cpg/CPUDisplay.test.tsx > CPUDisplay > is accessible with proper semantic HTML
 FAIL  src/components/cpg/CPUDisplay.test.tsx > CPUDisplay > displays info icon in summary section
Error: useCPGSettingsContext must be used within a CPGSettingsProvider
 ❯ useCPGSettingsContext src/contexts/CPGSettingsContext.tsx:166:11
    164|   const context = useContext(CPGSettingsContext);
    165|   if (context === undefined) {
    166|     throw new Error('useCPGSettingsContext must be used within a CPGSe…
       |           ^
    167|   }
    168|   return context;
 ❯ useCPGSettings src/hooks/useCPGSettings.ts:12:10
 ❯ CPUDisplay src/components/cpg/CPUDisplay.tsx:62:62
 ❯ renderWithHooks node_modules/react-dom/cjs/react-dom.development.js:15486:18
 ❯ mountIndeterminateComponent node_modules/react-dom/cjs/react-dom.development.js:20103:13
 ❯ beginWork node_modules/react-dom/cjs/react-dom.development.js:21626:16
 ❯ beginWork$1 node_modules/react-dom/cjs/react-dom.development.js:27465:14
 ❯ performUnitOfWork node_modules/react-dom/cjs/react-dom.development.js:26599:12
 ❯ workLoopSync node_modules/react-dom/cjs/react-dom.development.js:26505:5
 ❯ renderRootSync node_modules/react-dom/cjs/react-dom.development.js:26473:7

⎯⎯⎯⎯⎯⎯⎯⎯⎯⎯⎯⎯⎯⎯⎯⎯⎯⎯⎯⎯[214/824]⎯

 FAIL  src/components/cpg/DistributionResultsDisplay.test.tsx > DistributionResultsDisplay > Rendering > renders results title and description
 FAIL  src/components/cpg/DistributionResultsDisplay.test.tsx > DistributionResultsDisplay > Rendering > renders total distribution cost
 FAIL  src/components/cpg/DistributionResultsDisplay.test.tsx > DistributionResultsDisplay > Rendering > renders distribution cost per unit
 FAIL  src/components/cpg/DistributionResultsDisplay.test.tsx > DistributionResultsDisplay > Variant Results > renders all variant results
 FAIL  src/components/cpg/DistributionResultsDisplay.test.tsx > DistributionResultsDisplay > Variant Results > renders total CPU for each variant
 FAIL  src/components/cpg/DistributionResultsDisplay.test.tsx > DistributionResultsDisplay > Variant Results > renders profit margins for each variant
 FAIL  src/components/cpg/DistributionResultsDisplay.test.tsx > DistributionResultsDisplay > Variant Results > renders MSRP when available
 FAIL  src/components/cpg/DistributionResultsDisplay.test.tsx > DistributionResultsDisplay > Variant Results > renders margin quality badges
 FAIL  src/components/cpg/DistributionResultsDisplay.test.tsx > DistributionResultsDisplay > Fee Breakdown > renders fee breakdown table
 FAIL  src/components/cpg/DistributionResultsDisplay.test.tsx > DistributionResultsDisplay > Fee Breakdown > renders all fees with amounts
 FAIL  src/components/cpg/DistributionResultsDisplay.test.tsx > DistributionResultsDisplay > Fee Breakdown > renders total in fee breakdown
 FAIL  src/components/cpg/DistributionResultsDisplay.test.tsx > DistributionResultsDisplay > Fee Breakdown > shows empty state when no fees selected
 FAIL  src/components/cpg/DistributionResultsDisplay.test.tsx > DistributionResultsDisplay > Save Button > renders save button when showSaveButton is true
 FAIL  src/components/cpg/DistributionResultsDisplay.test.tsx > DistributionResultsDisplay > Save Button > does not render save button when showSaveButton is false
 FAIL  src/components/cpg/DistributionResultsDisplay.test.tsx > DistributionResultsDisplay > Save Button > calls onSave when save button is clicked
 FAIL  src/components/cpg/DistributionResultsDisplay.test.tsx > DistributionResultsDisplay > Save Button > disables save button when saving
 FAIL  src/components/cpg/DistributionResultsDisplay.test.tsx > DistributionResultsDisplay > Accessibility > has proper heading hierarchy
 FAIL  src/components/cpg/DistributionResultsDisplay.test.tsx > DistributionResultsDisplay > Accessibility > renders variant names as headings
Error: useCPGSettingsContext must be used within a CPGSettingsProvider
 ❯ useCPGSettingsContext src/contexts/CPGSettingsContext.tsx:166:11
    164|   const context = useContext(CPGSettingsContext);
    165|   if (context === undefined) {
    166|     throw new Error('useCPGSettingsContext must be used within a CPGSe…
       |           ^
    167|   }
    168|   return context;
 ❯ useCPGSettings src/hooks/useCPGSettings.ts:12:10
 ❯ DistributionResultsDisplay src/components/cpg/DistributionResultsDisplay.tsx:72:48
 ❯ renderWithHooks node_modules/react-dom/cjs/react-dom.development.js:15486:18
 ❯ mountIndeterminateComponent node_modules/react-dom/cjs/react-dom.development.js:20103:13
 ❯ beginWork node_modules/react-dom/cjs/react-dom.development.js:21626:16
 ❯ beginWork$1 node_modules/react-dom/cjs/react-dom.development.js:27465:14
 ❯ performUnitOfWork node_modules/react-dom/cjs/react-dom.development.js:26599:12
 ❯ workLoopSync node_modules/react-dom/cjs/react-dom.development.js:26505:5
 ❯ renderRootSync node_modules/react-dom/cjs/react-dom.development.js:26473:7

⎯⎯⎯⎯⎯⎯⎯⎯⎯⎯⎯⎯⎯⎯⎯⎯⎯⎯⎯⎯[215/824]⎯

 FAIL  src/components/cpg/DistributorSelector.test.tsx > DistributorSelector > Rendering > renders distributor dropdown
TestingLibraryElementError: Unable to find a label with the text of: Distributor

Ignored nodes: comments, script, style
[36m<body>[39m
  [36m<div>[39m
    [36m<div[39m
      [33mclass[39m=[32m"_container_af0881"[39m
    [36m>[39m
      [36m<div[39m
        [33mclass[39m=[32m"_selectWrapper_af0881"[39m
      [36m>[39m
        [36m<div[39m
          [33mclass[39m=[32m"_selectWrapper_f93aca _fullWidth_f93aca"[39m
        [36m>[39m
          [36m<label[39m
            [33mclass[39m=[32m"_label_f93aca"[39m
            [33mfor[39m=[32m":r0:"[39m
          [36m>[39m
            [0mDistributor[0m
            [36m<span[39m
              [33maria-label[39m=[32m"required"[39m
              [33mclass[39m=[32m"_required_f93aca"[39m
            [36m>[39m
              [0m [0m
              [0m*[0m
            [36m</span>[39m
          [36m</label>[39m
          [36m<div[39m
            [33mclass[39m=[32m"_selectContainer_f93aca _md_f93aca"[39m
          [36m>[39m
            [36m<select[39m
              [33maria-invalid[39m=[32m"false"[39m
              [33maria-required[39m=[32m"true"[39m
              [33mclass[39m=[32m"_select_f93aca"[39m
              [33mid[39m=[32m":r0:"[39m
              [33mrequired[39m=[32m""[39m
            [36m>[39m
              [36m<option[39m
                [33mdisabled[39m=[32m""[39m
                [33mvalue[39m=[32m""[39m
              [36m>[39m
                [0mSelect a distributor[0m
              [36m</option>[39m
              [36m<option[39m
                [33mvalue[39m=[32m"dist-2"[39m
              [36m>[39m
                [0mKeHE[0m
              [36m</option>[39m
              [36m<option[39m
                [33mvalue[39m=[32m"dist-1"[39m
              [36m>[39m
                [0mUNFI[0m
              [36m</option>[39m
            [36m</select>[39m
            [36m<span[39m
              [33maria-hidden[39m=[32m"true"[39m
              [33mclass[39m=[32m"_chevron_f93aca"[39m
            [36m>[39m
              [0m▼[0m
            [36m</span>[39m
          [36m</div>[39m
        [36m</div>[39m
      [36m</div>[39m
      [36m<div[39m
        [33mclass[39m=[32m"_addButtonWrapper_af0881"[39m
      [36m>[39m
        [36m<button[39m
          [33maria-busy[39m=[32m"false"[39m
          [33maria-disabled[39m=[32m"false"[39m
          [33mclass[39m=[32m"_button_c9c6cf _outline_c9c6cf _md_c9c6cf"[39m
          [33mtype[39m=[32m"button"[39m
        [36m>[39m
          [36m<span[39m
            [33maria-hidden[39m=[32m"true"[39m
            [33mclass[39m=[32m"_iconBefore_c9c6cf"[39m
          [36m>[39m
            [36m<span>[39m
              [0m+[0m
            [36m</span>[39m
          [36m</span>[39m
          [36m<span[39m
            [33mclass[39m=[32m"_content_c9c6cf"[39m
          [36m>[39m
            [0mAdd New Distributor[0m
          [36m</span>[39m
        [36m</button>[39m
      [36m</div>[39m
    [36m</div>[39m
  [36m</div>[39m
[36m</body>[39m
 ❯ Object.getElementError node_modules/@testing-library/react/node_modules/@testing-library/dom/dist/config.js:37:19
 ❯ getAllByLabelText node_modules/@testing-library/react/node_modules/@testing-library/dom/dist/queries/label-text.js:111:38
 ❯ node_modules/@testing-library/react/node_modules/@testing-library/dom/dist/query-helpers.js:52:17
 ❯ node_modules/@testing-library/react/node_modules/@testing-library/dom/dist/query-helpers.js:95:19
 ❯ src/components/cpg/DistributorSelector.test.tsx:68:21
     66|       );
     67|
     68|       expect(screen.getByLabelText('Distributor')).toBeInTheDocument();
       |                     ^
     69|       expect(screen.getByRole('button', { name: /add new distributor/i…
     70|     });

⎯⎯⎯⎯⎯⎯⎯⎯⎯⎯⎯⎯⎯⎯⎯⎯⎯⎯⎯⎯[216/824]⎯

 FAIL  src/components/cpg/DistributorSelector.test.tsx > DistributorSelector > Interactions > calls onSelect when distributor is selected
TestingLibraryElementError: Unable to find a label with the text of: Distributor

Ignored nodes: comments, script, style
[36m<body>[39m
  [36m<div>[39m
    [36m<div[39m
      [33mclass[39m=[32m"_container_af0881"[39m
    [36m>[39m
      [36m<div[39m
        [33mclass[39m=[32m"_selectWrapper_af0881"[39m
      [36m>[39m
        [36m<div[39m
          [33mclass[39m=[32m"_selectWrapper_f93aca _fullWidth_f93aca"[39m
        [36m>[39m
          [36m<label[39m
            [33mclass[39m=[32m"_label_f93aca"[39m
            [33mfor[39m=[32m":r3:"[39m
          [36m>[39m
            [0mDistributor[0m
            [36m<span[39m
              [33maria-label[39m=[32m"required"[39m
              [33mclass[39m=[32m"_required_f93aca"[39m
            [36m>[39m
              [0m [0m
              [0m*[0m
            [36m</span>[39m
          [36m</label>[39m
          [36m<div[39m
            [33mclass[39m=[32m"_selectContainer_f93aca _md_f93aca"[39m
          [36m>[39m
            [36m<select[39m
              [33maria-invalid[39m=[32m"false"[39m
              [33maria-required[39m=[32m"true"[39m
              [33mclass[39m=[32m"_select_f93aca"[39m
              [33mid[39m=[32m":r3:"[39m
              [33mrequired[39m=[32m""[39m
            [36m>[39m
              [36m<option[39m
                [33mdisabled[39m=[32m""[39m
                [33mvalue[39m=[32m""[39m
              [36m>[39m
                [0mSelect a distributor[0m
              [36m</option>[39m
              [36m<option[39m
                [33mvalue[39m=[32m"dist-2"[39m
              [36m>[39m
                [0mKeHE[0m
              [36m</option>[39m
              [36m<option[39m
                [33mvalue[39m=[32m"dist-1"[39m
              [36m>[39m
                [0mUNFI[0m
              [36m</option>[39m
            [36m</select>[39m
            [36m<span[39m
              [33maria-hidden[39m=[32m"true"[39m
              [33mclass[39m=[32m"_chevron_f93aca"[39m
            [36m>[39m
              [0m▼[0m
            [36m</span>[39m
          [36m</div>[39m
        [36m</div>[39m
      [36m</div>[39m
      [36m<div[39m
        [33mclass[39m=[32m"_addButtonWrapper_af0881"[39m
      [36m>[39m
        [36m<button[39m
          [33maria-busy[39m=[32m"false"[39m
          [33maria-disabled[39m=[32m"false"[39m
          [33mclass[39m=[32m"_button_c9c6cf _outline_c9c6cf _md_c9c6cf"[39m
          [33mtype[39m=[32m"button"[39m
        [36m>[39m
          [36m<span[39m
            [33maria-hidden[39m=[32m"true"[39m
            [33mclass[39m=[32m"_iconBefore_c9c6cf"[39m
          [36m>[39m
            [36m<span>[39m
              [0m+[0m
            [36m</span>[39m
          [36m</span>[39m
          [36m<span[39m
            [33mclass[39m=[32m"_content_c9c6cf"[39m
          [36m>[39m
            [0mAdd New Distributor[0m
          [36m</span>[39m
        [36m</button>[39m
      [36m</div>[39m
    [36m</div>[39m
  [36m</div>[39m
[36m</body>[39m
 ❯ Object.getElementError node_modules/@testing-library/react/node_modules/@testing-library/dom/dist/config.js:37:19
 ❯ getAllByLabelText node_modules/@testing-library/react/node_modules/@testing-library/dom/dist/queries/label-text.js:111:38
 ❯ node_modules/@testing-library/react/node_modules/@testing-library/dom/dist/query-helpers.js:52:17
 ❯ node_modules/@testing-library/react/node_modules/@testing-library/dom/dist/query-helpers.js:95:19
 ❯ src/components/cpg/DistributorSelector.test.tsx:121:29
    119|       );
    120|
    121|       const select = screen.getByLabelText('Distributor') as HTMLSelec…
       |                             ^
    122|       fireEvent.change(select, { target: { value: 'dist-1' } });
    123|

⎯⎯⎯⎯⎯⎯⎯⎯⎯⎯⎯⎯⎯⎯⎯⎯⎯⎯⎯⎯[217/824]⎯

 FAIL  src/components/cpg/DistributorSelector.test.tsx > DistributorSelector > Loading State > disables select when loading
TestingLibraryElementError: Unable to find a label with the text of: Distributor

Ignored nodes: comments, script, style
[36m<body>[39m
  [36m<div>[39m
    [36m<div[39m
      [33mclass[39m=[32m"_container_af0881"[39m
    [36m>[39m
      [36m<div[39m
        [33mclass[39m=[32m"_selectWrapper_af0881"[39m
      [36m>[39m
        [36m<div[39m
          [33mclass[39m=[32m"_selectWrapper_f93aca _fullWidth_f93aca"[39m
        [36m>[39m
          [36m<label[39m
            [33mclass[39m=[32m"_label_f93aca"[39m
            [33mfor[39m=[32m":r5:"[39m
          [36m>[39m
            [0mDistributor[0m
            [36m<span[39m
              [33maria-label[39m=[32m"required"[39m
              [33mclass[39m=[32m"_required_f93aca"[39m
            [36m>[39m
              [0m [0m
              [0m*[0m
            [36m</span>[39m
          [36m</label>[39m
          [36m<div[39m
            [33mclass[39m=[32m"_selectContainer_f93aca _md_f93aca _disabled_f93aca"[39m
          [36m>[39m
            [36m<select[39m
              [33maria-invalid[39m=[32m"false"[39m
              [33maria-required[39m=[32m"true"[39m
              [33mclass[39m=[32m"_select_f93aca"[39m
              [33mdisabled[39m=[32m""[39m
              [33mid[39m=[32m":r5:"[39m
              [33mrequired[39m=[32m""[39m
            [36m>[39m
              [36m<option[39m
                [33mdisabled[39m=[32m""[39m
                [33mvalue[39m=[32m""[39m
              [36m>[39m
                [0mSelect a distributor[0m
              [36m</option>[39m
              [36m<option[39m
                [33mvalue[39m=[32m"dist-2"[39m
              [36m>[39m
                [0mKeHE[0m
              [36m</option>[39m
              [36m<option[39m
                [33mvalue[39m=[32m"dist-1"[39m
              [36m>[39m
                [0mUNFI[0m
              [36m</option>[39m
            [36m</select>[39m
            [36m<span[39m
              [33maria-hidden[39m=[32m"true"[39m
              [33mclass[39m=[32m"_chevron_f93aca"[39m
            [36m>[39m
              [0m▼[0m
            [36m</span>[39m
          [36m</div>[39m
        [36m</div>[39m
      [36m</div>[39m
      [36m<div[39m
        [33mclass[39m=[32m"_addButtonWrapper_af0881"[39m
      [36m>[39m
        [36m<button[39m
          [33maria-busy[39m=[32m"false"[39m
          [33maria-disabled[39m=[32m"true"[39m
          [33mclass[39m=[32m"_button_c9c6cf _outline_c9c6cf _md_c9c6cf"[39m
          [33mdisabled[39m=[32m""[39m
          [33mtype[39m=[32m"button"[39m
        [36m>[39m
          [36m<span[39m
            [33maria-hidden[39m=[32m"true"[39m
            [33mclass[39m=[32m"_iconBefore_c9c6cf"[39m
          [36m>[39m
            [36m<span>[39m
              [0m+[0m
            [36m</span>[39m
          [36m</span>[39m
          [36m<span[39m
            [33mclass[39m=[32m"_content_c9c6cf"[39m
          [36m>[39m
            [0mAdd New Distributor[0m
          [36m</span>[39m
        [36m</button>[39m
      [36m</div>[39m
    [36m</div>[39m
  [36m</div>[39m
[36m</body>[39m
 ❯ Object.getElementError node_modules/@testing-library/react/node_modules/@testing-library/dom/dist/config.js:37:19
 ❯ getAllByLabelText node_modules/@testing-library/react/node_modules/@testing-library/dom/dist/queries/label-text.js:111:38
 ❯ node_modules/@testing-library/react/node_modules/@testing-library/dom/dist/query-helpers.js:52:17
 ❯ node_modules/@testing-library/react/node_modules/@testing-library/dom/dist/query-helpers.js:95:19
 ❯ src/components/cpg/DistributorSelector.test.tsx:162:29
    160|       );
    161|
    162|       const select = screen.getByLabelText('Distributor');
       |                             ^
    163|       expect(select).toBeDisabled();
    164|     });

⎯⎯⎯⎯⎯⎯⎯⎯⎯⎯⎯⎯⎯⎯⎯⎯⎯⎯⎯⎯[218/824]⎯

 FAIL  src/components/cpg/DistributorSelector.test.tsx > DistributorSelector > Disabled State > disables select when disabled
TestingLibraryElementError: Unable to find a label with the text of: Distributor

Ignored nodes: comments, script, style
[36m<body>[39m
  [36m<div>[39m
    [36m<div[39m
      [33mclass[39m=[32m"_container_af0881"[39m
    [36m>[39m
      [36m<div[39m
        [33mclass[39m=[32m"_selectWrapper_af0881"[39m
      [36m>[39m
        [36m<div[39m
          [33mclass[39m=[32m"_selectWrapper_f93aca _fullWidth_f93aca"[39m
        [36m>[39m
          [36m<label[39m
            [33mclass[39m=[32m"_label_f93aca"[39m
            [33mfor[39m=[32m":r7:"[39m
          [36m>[39m
            [0mDistributor[0m
            [36m<span[39m
              [33maria-label[39m=[32m"required"[39m
              [33mclass[39m=[32m"_required_f93aca"[39m
            [36m>[39m
              [0m [0m
              [0m*[0m
            [36m</span>[39m
          [36m</label>[39m
          [36m<div[39m
            [33mclass[39m=[32m"_selectContainer_f93aca _md_f93aca _disabled_f93aca"[39m
          [36m>[39m
            [36m<select[39m
              [33maria-invalid[39m=[32m"false"[39m
              [33maria-required[39m=[32m"true"[39m
              [33mclass[39m=[32m"_select_f93aca"[39m
              [33mdisabled[39m=[32m""[39m
              [33mid[39m=[32m":r7:"[39m
              [33mrequired[39m=[32m""[39m
            [36m>[39m
              [36m<option[39m
                [33mdisabled[39m=[32m""[39m
                [33mvalue[39m=[32m""[39m
              [36m>[39m
                [0mSelect a distributor[0m
              [36m</option>[39m
              [36m<option[39m
                [33mvalue[39m=[32m"dist-2"[39m
              [36m>[39m
                [0mKeHE[0m
              [36m</option>[39m
              [36m<option[39m
                [33mvalue[39m=[32m"dist-1"[39m
              [36m>[39m
                [0mUNFI[0m
              [36m</option>[39m
            [36m</select>[39m
            [36m<span[39m
              [33maria-hidden[39m=[32m"true"[39m
              [33mclass[39m=[32m"_chevron_f93aca"[39m
            [36m>[39m
              [0m▼[0m
            [36m</span>[39m
          [36m</div>[39m
        [36m</div>[39m
      [36m</div>[39m
      [36m<div[39m
        [33mclass[39m=[32m"_addButtonWrapper_af0881"[39m
      [36m>[39m
        [36m<button[39m
          [33maria-busy[39m=[32m"false"[39m
          [33maria-disabled[39m=[32m"true"[39m
          [33mclass[39m=[32m"_button_c9c6cf _outline_c9c6cf _md_c9c6cf"[39m
          [33mdisabled[39m=[32m""[39m
          [33mtype[39m=[32m"button"[39m
        [36m>[39m
          [36m<span[39m
            [33maria-hidden[39m=[32m"true"[39m
            [33mclass[39m=[32m"_iconBefore_c9c6cf"[39m
          [36m>[39m
            [36m<span>[39m
              [0m+[0m
            [36m</span>[39m
          [36m</span>[39m
          [36m<span[39m
            [33mclass[39m=[32m"_content_c9c6cf"[39m
          [36m>[39m
            [0mAdd New Distributor[0m
          [36m</span>[39m
        [36m</button>[39m
      [36m</div>[39m
    [36m</div>[39m
  [36m</div>[39m
[36m</body>[39m
 ❯ Object.getElementError node_modules/@testing-library/react/node_modules/@testing-library/dom/dist/config.js:37:19
 ❯ getAllByLabelText node_modules/@testing-library/react/node_modules/@testing-library/dom/dist/queries/label-text.js:111:38
 ❯ node_modules/@testing-library/react/node_modules/@testing-library/dom/dist/query-helpers.js:52:17
 ❯ node_modules/@testing-library/react/node_modules/@testing-library/dom/dist/query-helpers.js:95:19
 ❯ src/components/cpg/DistributorSelector.test.tsx:200:29
    198|       );
    199|
    200|       const select = screen.getByLabelText('Distributor');
       |                             ^
    201|       expect(select).toBeDisabled();
    202|     });

⎯⎯⎯⎯⎯⎯⎯⎯⎯⎯⎯⎯⎯⎯⎯⎯⎯⎯⎯⎯[219/824]⎯

 FAIL  src/components/cpg/DistributorSelector.test.tsx > DistributorSelector > Active Distributors Filtering > only shows active distributors
TestingLibraryElementError: Unable to find a label with the text of: Distributor

Ignored nodes: comments, script, style
[36m<body>[39m
  [36m<div>[39m
    [36m<div[39m
      [33mclass[39m=[32m"_container_af0881"[39m
    [36m>[39m
      [36m<div[39m
        [33mclass[39m=[32m"_selectWrapper_af0881"[39m
      [36m>[39m
        [36m<div[39m
          [33mclass[39m=[32m"_selectWrapper_f93aca _fullWidth_f93aca"[39m
        [36m>[39m
          [36m<label[39m
            [33mclass[39m=[32m"_label_f93aca"[39m
            [33mfor[39m=[32m":r8:"[39m
          [36m>[39m
            [0mDistributor[0m
            [36m<span[39m
              [33maria-label[39m=[32m"required"[39m
              [33mclass[39m=[32m"_required_f93aca"[39m
            [36m>[39m
              [0m [0m
              [0m*[0m
            [36m</span>[39m
          [36m</label>[39m
          [36m<div[39m
            [33mclass[39m=[32m"_selectContainer_f93aca _md_f93aca"[39m
          [36m>[39m
            [36m<select[39m
              [33maria-invalid[39m=[32m"false"[39m
              [33maria-required[39m=[32m"true"[39m
              [33mclass[39m=[32m"_select_f93aca"[39m
              [33mid[39m=[32m":r8:"[39m
              [33mrequired[39m=[32m""[39m
            [36m>[39m
              [36m<option[39m
                [33mdisabled[39m=[32m""[39m
                [33mvalue[39m=[32m""[39m
              [36m>[39m
                [0mSelect a distributor[0m
              [36m</option>[39m
              [36m<option[39m
                [33mvalue[39m=[32m"dist-2"[39m
              [36m>[39m
                [0mKeHE[0m
              [36m</option>[39m
              [36m<option[39m
                [33mvalue[39m=[32m"dist-1"[39m
              [36m>[39m
                [0mUNFI[0m
              [36m</option>[39m
            [36m</select>[39m
            [36m<span[39m
              [33maria-hidden[39m=[32m"true"[39m
              [33mclass[39m=[32m"_chevron_f93aca"[39m
            [36m>[39m
              [0m▼[0m
            [36m</span>[39m
          [36m</div>[39m
        [36m</div>[39m
      [36m</div>[39m
      [36m<div[39m
        [33mclass[39m=[32m"_addButtonWrapper_af0881"[39m
      [36m>[39m
        [36m<button[39m
          [33maria-busy[39m=[32m"false"[39m
          [33maria-disabled[39m=[32m"false"[39m
          [33mclass[39m=[32m"_button_c9c6cf _outline_c9c6cf _md_c9c6cf"[39m
          [33mtype[39m=[32m"button"[39m
        [36m>[39m
          [36m<span[39m
            [33maria-hidden[39m=[32m"true"[39m
            [33mclass[39m=[32m"_iconBefore_c9c6cf"[39m
          [36m>[39m
            [36m<span>[39m
              [0m+[0m
            [36m</span>[39m
          [36m</span>[39m
          [36m<span[39m
            [33mclass[39m=[32m"_content_c9c6cf"[39m
          [36m>[39m
            [0mAdd New Distributor[0m
          [36m</span>[39m
        [36m</button>[39m
      [36m</div>[39m
    [36m</div>[39m
  [36m</div>[39m
[36m</body>[39m
 ❯ Object.getElementError node_modules/@testing-library/react/node_modules/@testing-library/dom/dist/config.js:37:19
 ❯ getAllByLabelText node_modules/@testing-library/react/node_modules/@testing-library/dom/dist/queries/label-text.js:111:38
 ❯ node_modules/@testing-library/react/node_modules/@testing-library/dom/dist/query-helpers.js:52:17
 ❯ node_modules/@testing-library/react/node_modules/@testing-library/dom/dist/query-helpers.js:95:19
 ❯ src/components/cpg/DistributorSelector.test.tsx:229:29
    227|       );
    228|
    229|       const select = screen.getByLabelText('Distributor') as HTMLSelec…
       |                             ^
    230|       const options = Array.from(select.options).map((opt) => opt.text…
    231|

⎯⎯⎯⎯⎯⎯⎯⎯⎯⎯⎯⎯⎯⎯⎯⎯⎯⎯⎯⎯[220/824]⎯

 FAIL  src/components/cpg/MarginQualityBadge.test.tsx > MarginQualityBadge > Rendering > renders with poor quality (red)
TestingLibraryElementError: Unable to find an element with the text: Poor. This could be because the text is broken up by multiple elements. In this case, you can provide a function for your text matcher to make your matcher more flexible.

Ignored nodes: comments, script, style
[36m<body>[39m
  [36m<div>[39m
    [36m<div[39m
      [33maria-label[39m=[32m"Profit margin: 45.00%, undefined"[39m
      [33mclass[39m=[32m"_badge_7dc17f _md_7dc17f"[39m
      [33mrole[39m=[32m"status"[39m
    [36m>[39m
      [36m<span[39m
        [33maria-hidden[39m=[32m"true"[39m
        [33mclass[39m=[32m"_icon_7dc17f"[39m
      [36m/>[39m
      [36m<span[39m
        [33mclass[39m=[32m"_content_7dc17f"[39m
      [36m>[39m
        [36m<span[39m
          [33mclass[39m=[32m"_percentage_7dc17f"[39m
        [36m>[39m
          [0m45.00[0m
          [0m%[0m
        [36m</span>[39m
        [36m<span[39m
          [33mclass[39m=[32m"_label_7dc17f"[39m
        [36m/>[39m
      [36m</span>[39m
    [36m</div>[39m
  [36m</div>[39m
[36m</body>[39m
 ❯ Object.getElementError node_modules/@testing-library/react/node_modules/@testing-library/dom/dist/config.js:37:19
 ❯ node_modules/@testing-library/react/node_modules/@testing-library/dom/dist/query-helpers.js:76:38
 ❯ node_modules/@testing-library/react/node_modules/@testing-library/dom/dist/query-helpers.js:52:17
 ❯ node_modules/@testing-library/react/node_modules/@testing-library/dom/dist/query-helpers.js:95:19
 ❯ src/components/cpg/MarginQualityBadge.test.tsx:11:21
      9|
     10|       expect(screen.getByText('45.00%')).toBeInTheDocument();
     11|       expect(screen.getByText('Poor')).toBeInTheDocument();
       |                     ^
     12|       expect(screen.getByRole('status')).toHaveAttribute(
     13|         'aria-label',

⎯⎯⎯⎯⎯⎯⎯⎯⎯⎯⎯⎯⎯⎯⎯⎯⎯⎯⎯⎯[221/824]⎯

 FAIL  src/components/cpg/MarginQualityBadge.test.tsx > MarginQualityBadge > Size Variants > renders small size
Error: [2mexpect([22m[31melement[39m[2m).toHaveClass([22m[32m[32m"sm"[32m[39m[2m)[22m

Expected the element to have class:
[32m  sm[39m
Received:
[31m  _badge_7dc17f _good_7dc17f _sm_7dc17f[39m
 ❯ src/components/cpg/MarginQualityBadge.test.tsx:74:21
     72|
     73|       const badge = container.querySelector('[role="status"]');
     74|       expect(badge).toHaveClass('sm');
       |                     ^
     75|     });
     76|

⎯⎯⎯⎯⎯⎯⎯⎯⎯⎯⎯⎯⎯⎯⎯⎯⎯⎯⎯⎯[222/824]⎯

 FAIL  src/components/cpg/MarginQualityBadge.test.tsx > MarginQualityBadge > Size Variants > renders medium size (default)
Error: [2mexpect([22m[31melement[39m[2m).toHaveClass([22m[32m[32m"md"[32m[39m[2m)[22m

Expected the element to have class:
[32m  md[39m
Received:
[31m  _badge_7dc17f _good_7dc17f _md_7dc17f[39m
 ❯ src/components/cpg/MarginQualityBadge.test.tsx:83:21
     81|
     82|       const badge = container.querySelector('[role="status"]');
     83|       expect(badge).toHaveClass('md');
       |                     ^
     84|     });
     85|

⎯⎯⎯⎯⎯⎯⎯⎯⎯⎯⎯⎯⎯⎯⎯⎯⎯⎯⎯⎯[223/824]⎯

 FAIL  src/components/cpg/MarginQualityBadge.test.tsx > MarginQualityBadge > Size Variants > renders large size
Error: [2mexpect([22m[31melement[39m[2m).toHaveClass([22m[32m[32m"lg"[32m[39m[2m)[22m

Expected the element to have class:
[32m  lg[39m
Received:
[31m  _badge_7dc17f _good_7dc17f _lg_7dc17f[39m
 ❯ src/components/cpg/MarginQualityBadge.test.tsx:92:21
     90|
     91|       const badge = container.querySelector('[role="status"]');
     92|       expect(badge).toHaveClass('lg');
       |                     ^
     93|     });
     94|   });

⎯⎯⎯⎯⎯⎯⎯⎯⎯⎯⎯⎯⎯⎯⎯⎯⎯⎯⎯⎯[224/824]⎯

 FAIL  src/components/cpg/MarginQualityBadge.test.tsx > MarginQualityBadge > Accessibility > hides decorative elements from screen readers
Error: [2mexpect([22m[31mreceived[39m[2m).toHaveAttribute()[22m

[31mreceived[39m value must be an HTMLElement or an SVGElement.
Received has type:  Null
Received has value: [31mnull[39m
 ❯ src/components/cpg/MarginQualityBadge.test.tsx:110:20
    108|
    109|       const icon = container.querySelector('.icon');
    110|       expect(icon).toHaveAttribute('aria-hidden', 'true');
       |                    ^
    111|     });
    112|   });

⎯⎯⎯⎯⎯⎯⎯⎯⎯⎯⎯⎯⎯⎯⎯⎯⎯⎯⎯⎯[225/824]⎯

 FAIL  src/components/cpg/MarginQualityBadge.test.tsx > MarginQualityBadge > Color Coding > applies correct class for poor quality
Error: [2mexpect([22m[31melement[39m[2m).toHaveClass([22m[32m[32m"poor"[32m[39m[2m)[22m

Expected the element to have class:
[32m  poor[39m
Received:
[31m  _badge_7dc17f _md_7dc17f[39m
 ❯ src/components/cpg/MarginQualityBadge.test.tsx:121:21
    119|
    120|       const badge = container.querySelector('[role="status"]');
    121|       expect(badge).toHaveClass('poor');
       |                     ^
    122|     });
    123|

⎯⎯⎯⎯⎯⎯⎯⎯⎯⎯⎯⎯⎯⎯⎯⎯⎯⎯⎯⎯[226/824]⎯

 FAIL  src/components/cpg/MarginQualityBadge.test.tsx > MarginQualityBadge > Color Coding > applies correct class for good quality
Error: [2mexpect([22m[31melement[39m[2m).toHaveClass([22m[32m[32m"good"[32m[39m[2m)[22m

Expected the element to have class:
[32m  good[39m
Received:
[31m  _badge_7dc17f _good_7dc17f _md_7dc17f[39m
 ❯ src/components/cpg/MarginQualityBadge.test.tsx:130:21
    128|
    129|       const badge = container.querySelector('[role="status"]');
    130|       expect(badge).toHaveClass('good');
       |                     ^
    131|     });
    132|

⎯⎯⎯⎯⎯⎯⎯⎯⎯⎯⎯⎯⎯⎯⎯⎯⎯⎯⎯⎯[227/824]⎯

 FAIL  src/components/cpg/MarginQualityBadge.test.tsx > MarginQualityBadge > Color Coding > applies correct class for better quality
Error: [2mexpect([22m[31melement[39m[2m).toHaveClass([22m[32m[32m"better"[32m[39m[2m)[22m

Expected the element to have class:
[32m  better[39m
Received:
[31m  _badge_7dc17f _better_7dc17f _md_7dc17f[39m
 ❯ src/components/cpg/MarginQualityBadge.test.tsx:139:21
    137|
    138|       const badge = container.querySelector('[role="status"]');
    139|       expect(badge).toHaveClass('better');
       |                     ^
    140|     });
    141|

⎯⎯⎯⎯⎯⎯⎯⎯⎯⎯⎯⎯⎯⎯⎯⎯⎯⎯⎯⎯[228/824]⎯

 FAIL  src/components/cpg/MarginQualityBadge.test.tsx > MarginQualityBadge > Color Coding > applies correct class for best quality
Error: [2mexpect([22m[31melement[39m[2m).toHaveClass([22m[32m[32m"best"[32m[39m[2m)[22m

Expected the element to have class:
[32m  best[39m
Received:
[31m  _badge_7dc17f _best_7dc17f _md_7dc17f[39m
 ❯ src/components/cpg/MarginQualityBadge.test.tsx:148:21
    146|
    147|       const badge = container.querySelector('[role="status"]');
    148|       expect(badge).toHaveClass('best');
       |                     ^
    149|     });
    150|   });

⎯⎯⎯⎯⎯⎯⎯⎯⎯⎯⎯⎯⎯⎯⎯⎯⎯⎯⎯⎯[229/824]⎯

 FAIL  src/components/cpg/PLEntryForm.test.tsx > PLEntryForm > Initial Render > renders revenue, COGS, and expense sections
TestingLibraryElementError: Found multiple elements with the text: /Revenue/i

Here are the matching elements:

Ignored nodes: comments, script, style
[36m<h3[39m
  [33mclass[39m=[32m"_sectionTitle_6a550e"[39m
[36m>[39m
  [0mRevenue[0m
[36m</h3>[39m

Ignored nodes: comments, script, style
[36m<span[39m
  [33mclass[39m=[32m"_subtotalLabel_6a550e"[39m
[36m>[39m
  [0mTotal Revenue:[0m
[36m</span>[39m

(If this is intentional, then use the `*AllBy*` variant of the query (like `queryAllByText`, `getAllByText`, or `findAllByText`)).

Ignored nodes: comments, script, style
[36m<body>[39m
  [36m<div>[39m
    [36m<div[39m
      [33mclass[39m=[32m"_form_6a550e"[39m
    [36m>[39m
      [36m<section[39m
        [33mclass[39m=[32m"_section_6a550e"[39m
      [36m>[39m
        [36m<div[39m
          [33mclass[39m=[32m"_sectionHeader_6a550e"[39m
        [36m>[39m
          [36m<h3[39m
            [33mclass[39m=[32m"_sectionTitle_6a550e"[39m
          [36m>[39m
            [0mStatement Period[0m
          [36m</h3>[39m
        [36m</div>[39m
        [36m<div[39m
          [33mclass[39m=[32m"_periodGrid_6a550e"[39m
        [36m>[39m
          [36m<div[39m
            [33mclass[39m=[32m"_selectWrapper_f93aca"[39m
          [36m>[39m
            [36m<label[39m
              [33mclass[39m=[32m"_label_f93aca"[39m
              [33mfor[39m=[32m":r9:"[39m
            [36m>[39m
              [0mPeriod Type[0m
            [36m</label>[39m
            [36m<div[39m
              [33mclass[39m=[32m"_selectContainer_f93aca _md_f93aca"[39m
            [36m>[39m
              [36m<select[39m
                [33maria-invalid[39m=[32m"false"[39m
                [33mclass[39m=[32m"_select_f93aca"[39m
                [33mid[39m=[32m":r9:"[39m
              [36m>[39m
                [36m<option[39m
                  [33mvalue[39m=[32m"monthly"[39m
                [36m>[39m
                  [0mMonthly[0m
                [36m</option>[39m
                [36m<option[39m
                  [33mvalue[39m=[32m"quarterly"[39m
                [36m>[39m
                  [0mQuarterly[0m
                [36m</option>[39m
                [36m<option[39m
                  [33mvalue[39m=[32m"annual"[39m
                [36m>[39m
                  [0mAnnual[0m
                [36m</option>[39m
                [36m<option[39m
                  [33mvalue[39m=[32m"custom"[39m
                [36m>[39m
                  [0mCustom Period[0m
                [36m</option>[39m
              [36m</select>[39m
              [36m<span[39m
                [33maria-hidden[39m=[32m"true"[39m
                [33mclass[39m=[32m"_chevron_f93aca"[39m
              [36m>[39m
                [0m▼[0m
              [36m</span>[39m
            [36m</div>[39m
          [36m</div>[39m
          [36m<div[39m
            [33mclass[39m=[32m"_inputWrapper_c35f6e"[39m
          [36m>[39m
            [36m<label[39m
              [33mclass[39m=[32m"_label_c35f6e"[39m
              [33mfor[39m=[32m":ra:"[39m
            [36m>[39m
              [0mStart Date[0m
            [36m</label>[39m
            [36m<div[39m
              [33mclass[39m=[32m"_inputContainer_c35f6e"[39m
            [36m>[39m
              [36m<input[39m
                [33maria-invalid[39m=[32m"false"[39m
                [33mclass[39m=[32m"_input_c35f6e"[39m
                [33mid[39m=[32m":ra:"[39m
                [33mtype[39m=[32m"date"[39m
                [33mvalue[39m=[32m"2026-04-01"[39m
              [36m/>[39m
            [36m</div>[39m
          [36m</div>[39m
          [36m<div[39m
            [33mclass[39m=[32m"_inputWrapper_c35f6e"[39m
          [36m>[39m
            [36m<label[39m
              [33mclass[39m=[32m"_label_c35f6e"[39m
              [33mfor[39m=[32m":rb:"[39m
            [36m>[39m
              [0mEnd Date[0m
            [36m</label>[39m
            [36m<div[39m
              [33mclass[39m=[32m"_inputContainer_c35f6e"[39m
            [36m>[39m
              [36m<input[39m
                [33maria-invalid[39m=[32m"false"[39m
                [33mclass[39m=[32m"_input_c35f6e"[39m
                [33mid[39m=[32m":rb:"[39m
                [33mtype[39m=[32m"date"[39m
                [33mvalue[39m=[32m"2026-04-30"[39m
              [36m/>[39m
            [36m</div>[39m
          [36m</div>[39m
        [36m</div>[39m
      [36m</section>[39m
      [36m<section[39m
        [33mclass[39m=[32m"_section_6a550e"[39m
      [36m>[39m
        [36m<div[39m
          [33mclass[39m=[32m"_sectionHeader_6a550e"[39m
        [36m>[39m
          [36m<h3[39m
            [33mclass[39m=[32m"_sectionTitle_6a550e"[39m
          [36m>[39m
            [0mRevenue[0m
          [36m</h3>[39m
        [36m</div>[39m
        [36m<div[39m
          [33mclass[39m=[32m"_lineItems_6a550e"[39m
        [36m>[39m
          [36m<div[39m
            [33mclass[39m=[32m"_greenBox_6a550e"[39m
          [36m>[39m
            [36m<div[39m
              [33mclass[39m=[32m"_lineItem_6a550e"[39m
            [36m>[39m
              [36m<div[39m
                [33mclass[39m=[32m"_lineItemFields_6a550e"[39m
              [36m>[39m
                [36m<div[39m
                  [33mclass[39m=[32m"_inputWrapper_c35f6e _descriptionInput_6a550e"[39m
                [36m>[39m
                  [36m<label[39m
                    [33mclass[39m=[32m"_label_c35f6e"[39m
                    [33mfor[39m=[32m":rc:"[39m
                  [36m>[39m
                    [0mDescription[0m
                  [36m</label>[39m
                  [36m<div[39m
                    [33mclass[39m=[32m"_inputContainer_c35f6e"[39m
                  [36m>[39m
                    [36m<input[39m
                      [33maria-invalid[39m=[32m"false"[39m
                      [33mclass[39m=[32m"_input_c35f6e"[39m
                      [33mid[39m=[32m":rc:"[39m
                      [33mplaceholder[39m=[32m"e.g., Product sales"[39m
                      [33mvalue[39m=[32m""[39m
                    [36m/>[39m
                  [36m</div>[39m
                [36m</div>[39m
                [36m<div[39m
                  [33mclass[39m=[32m"_inputWrapper_c35f6e _amountInput_6a550e"[39m
                [36m>[39m
                  [36m<label[39m
                    [33mclass[39m=[32m"_label_c35f6e"[39m
                    [33mfor[39m=[32m":rd:"[39m
                  [36m>[39m
                    [0mAmount[0m
                  [36m</label>[39m
                  [36m<div[39m
                    [33mclass[39m=[32m"_inputContainer_c35f6e"[39m
                  [36m>[39m
                    [36m<input[39m
                      [33maria-invalid[39m=[32m"false"[39m
                      [33mclass[39m=[32m"_input_c35f6e"[39m
                      [33mid[39m=[32m":rd:"[39m
                      [33mmin[39m=[32m"0"[39m
                      [33mplaceholder[39m=[32m"0.00"[39m
                      [33mstep[39m=[32m"0.01"[39m
                      [33mtype[39m=[32m"number"[39m
                      [33mvalue[39m=[32m""[39m
                    [36m/>[39m
                  [36m</div>[39m
                [36m</div>[39m
              [36m</div>[39m
            [36m</div>[39m
            [36m<button[39m
              [33maria-busy[39m=[32m"false"[39m
              [33maria-disabled[39m=[32m"false"[39m
              [33mclass[39m=[32m"_button_c9c6cf _secondary_c9c6cf _sm_c9c6cf _addButton_6a550e"[39m
              [33mtype[39m=[32m"button"[39m
            [36m>[39m
              [36m<span[39m
                [33mclass[39m=[32m"_content_c9c6cf"[39m
              [36m>[39m
                [0m+ Add Line[0m
              [36m</span>[39m
            [36m</button>[39m
          [36m</div>[39m
        [36m</div>[39m
        [36m<div[39m
          [33mclass[39m=[32m"_subtotal_6a550e"[39m
        [36m>[39m
          [36m<span[39m
            [33mclass[39m=[32m"_subtotalLabel_6a550e"[39m
          [36m>[39m
            [0mTotal Revenue:[0m
          [36m</span>[39m
          [36m<span[39m
            [33mclass[39m=[32m"_subtotalValue_6a550e"[39m
          [36m>[39m
            [0m$[0m
            [0m0.000000[0m
          [36m</span>[39m
        [36m</div>[39m
      [36m</section>[39m
      [36m<section[39m
        [33mclass[39m=[32m"_section_6a550e"[39m
      [36m>[39m
        [36m<div[39m
          [33mclass[39m=[32m"_sectionHeader_6a550e"[39m
        [36m>[39m
          [36m<h3[39m
            [33mclass[39m=[32m"_sectionTitle_6a550e"[39m
          [36m>[39m
            [0mCost of Goods Sold (COGS)[0m
          [36m</h3>[39m
        [36m</div>[39m
        [36m<div[39m
          [33mclass[39m=[32m"_lineItems_6a550e"[39m
        [36m>[39m
          [36m<div[39m
            [33mclass[39m=[32m"_greenBox_6a550e"[39m
          [36m>[39m
            [36m<div[39m
              [33mclass[39m=[32m"_lineItem_6a550e"[39m
            [36m>[39m
              [36m<div[39m
                [33mclass[39m=[32m"_lineItemFields_6a550e"[39m
              [36m>[39m
                [36m<div[39m
                  [33mclass[39m=[32m"_inputWrapper_c35f6e _descriptionInput_6a550e"[39m
                [36m>[39m
                  [36m<label[39m
                    [33mclass[39m=[32m"_label_c35f6e"[39m
                    [33mfor[39m=[32m":re:"[39m
                  [36m>[39m
                    [0mDescription[0m
                  [36m</label>[39m
                  [36m<div[39m
                    [33mclass[39m=[32m"_inputContainer_c35f6e"[39m
                  [36m>[39m
                    [36m<input[39m
                      [33maria-invalid[39m=[32m"false"[39m
                      [33mclass[39m=[32m"_input_c35f6e"[39m
                      [33mid[39m=[32m":re:"[39m
                      [33mplaceholder[39m=[32m"e.g., Raw materials"[39m
                      [33mvalue[39m=[32m""[39m
                    [36m/>[39m
                  [36m</div>[39m
                [36m</div>[39m
                [36m<div[39m
                  [33mclass[39m=[32m"_inputWrapper_c35f6e _amountInput_6a550e"[39m
                [36m>[39m
                  [36m<label[39m
                    [33mclass[39m=[32m"_label_c35f6e"[39m
                    [33mfor[39m=[32m":rf:"[39m
                  [36m>[39m
                    [0mAmount[0m
                  [36m</label>[39m
                  [36m<div[39m
                    [33mclass[39m=[32m"_inputContainer_c35f6e"[39m
                  [36m>[39m
                    [36m<input[39m
                      [33maria-invalid[39m=[32m"false"[39m
                      [33mclass[39m=[32m"_input_c35f6e"[39m
                      [33mid[39m=[32m":rf:"[39m
                      [33mmin[39m=[32m"0"[39m
                      [33mplaceholder[39m=[32m"0.00"[39m
                      [33mstep[39m=[32m"0.01"[39m
                      [33mtype[39m=[32m"number"[39m
                      [33mvalue[39m=[32m""[39m
                    [36m/>[39m
                  [36m</div>[39m
                [36m</div>[39m
              [36m</div>[39m
            [36m</div>[39m
            [36m<button[39m
              [33maria-busy[39m=[32m"false"[39m
              [33maria-disabled[39m=[32m"false"[39m
              [33mclass[39m=[32m"_button_c9c6cf _secondary_c9c6cf _sm_c9c6cf _addButton_6a550e"[39m
              [33mtype[39m=[32m"button"[39m
            [36m>[39m
              [36m<span[39m
                [33mclass[39m=[32m"_content_c9c6cf"[39m
              [36m>[39m
                [0m+ Add Line[0m
              [36m</span>[39m
            [36m</button>[39m
          [36m</div>[39m
        [36m</div>[39m
        [36m<div[39m
          [33mclass[39m=[32m"_subtotal_6a550e"[39m
        [36m>[39m
          [36m<span[39m
            [33mclass[39m=[32m"_subtotalLabel_6a550e"[39m
          [36m>[39m
            [0mTotal COGS:[0m
          [36m</span>[39m
          [36m<span[39m
            [33mclass[39m=[32m"_subtotalValue_6a550e"[39m
          [36m>[39m
            [0m$[0m
            [0m0.000000[0m
          [36m</span>[39m
        [36m</div>[39m
        [36m<div[39m
          [33mclass[39m=[32m"_grossProfit_6a550e"[39m
        [36m>[39m
          [36m<span[39m
            [33mclass[39m=[32m"_grossProfitLabel_6a550e"[39m
          [36m>[39m
            [0mGross Profit:[0m
          [36m</span>[39m
          [36m<span[39m
            [33mclass[39m=[32m"_grossProfitValue_6a550e"[39m
          [36m>[39m
            [0m$[0m
            [0m0.000000[0m
          [36m</span>[39m
        [36m</div>[39m
      [36m</section>[39m
      [36m<section[39m
        [33mclass[39m=[32m"_section_6a550e"[39m
      [36m>[39m
        [36m<div[39m
          [33mclass[39m=[32m"_sectionHeader_6a550e"[39m
        [36m>[39m
          [36m<h3[39m
            [33mclass[39m=[32m"_sectionTitle_6a550e"[39m
          [36m>[39m
            [0mExpenses[0m
          [36m</h3>[39m
        [36m</div>[39m
        [36m<div[39m
          [33mclass[39m=[32m"_lineItems_6a550e"[39m
        [36m>[39m
          [36m<div[39m
            [33mclass[39m=[32m"_greenBox_6a550e"[39m
          [36m>[39m
            [36m<div[39m
              [33mclass[39m=[32m"_lineItem_6a550e"[39m
            [36m>[39m
              [36m<div[39m
                [33mclass[39m=[32m"_lineItemFields_6a550e"[39m
              [36m>[39m
                [36m<div[39m
                  [33mclass[39m=[32m"_inputWrapper_c35f6e _descriptionInput_6a550e"[39m
                [36m>[39m
                  [36m<label[39m
                    [33mclass[39m=[32m"_label_c35f6e"[39m
                    [33mfor[39m=[32m":rg:"[39m
                  [36m>[39m
                    [0mDescription[0m
                  [36m</label>[39m
                  [36m<div[39m
                    [33mclass[39m=[32m"_inputContainer_c35f6e"[39m
                  [36m>[39m
                    [36m<input[39m
                      [33maria-invalid[39m=[32m"false"[39m
                      [33mclass[39m=[32m"_input_c35f6e"[39m
                      [33mid[39m=[32m":rg:"[39m
                      [33mplaceholder[39m=[32m"e.g., Rent, utilities"[39m
                      [33mvalue[39m=[32m""[39m
                    [36m/>[39m
                  [36m</div>[39m
                [36m</div>[39m
                [36m<div[39m
                  [33mclass[39m=[32m"_inputWrapper_c35f6e _amountInput_6a550e"[39m
                [36m>[39m
                  [36m<label[39m
                    [33mclass[39m=[32m"_label_c35f6e"[39m
                    [33mfor[39m=[32m":rh:"[39m
                  [36m>[39m
                    [0mAmount[0m
                  [36m</label>[39m
                  [36m<div[39m
                    [33mclass[39m=[32m"_inputContainer_c35f6e"[39m
                  [36m>[39m
                    [36m<input[39m
                      [33maria-invalid[39m=[32m"false"[39m
                      [33mclass[39m=[32m"_input_c35f6e"[39m
                      [33mid[39m=[32m":rh:"[39m
                      [33mmin[39m=[32m"0"[39m
                      [33mplaceholder[39m=[32m"0.00"[39m
                      [33mstep[39m=[32m"0.01"[39m
                      [33mtype[39m=[32m"number"[39m
                      [33mvalue[39m=[32m""[39m
                    [36m/>[39m
                  [36m</div>[39m
                [36m</div>[39m
              [36m</div>[39m
            [36m</div>[39m
            [36m<button[39m
              [33maria-busy[39m=[32m"false"[39m
              [33maria-disabled[39m=[32m"false"[39m
              [33mclass[39m=[32m"_button_c9c6cf _secondary_c9c6cf _sm_c9c6cf _addButton_6a550e"[39m
              [33mtype[39m=[32m"button"[39m
            [36m>[39m
              [36m<span[39m
                [33mclass[39m=[32m"_content_c9c6cf"[39m
              [36m>[39m
                [0m+ Add Line[0m
              [36m</span>[39m
            [36m</button>[39m
          [36m</div>[39m
        [36m</div>[39m
        [36m<div[39m
          [33mclass[39m=[32m"_subtotal_6a550e"[39m
        [36m>[39m
          [36m<span[39m
            [33mclass[39m=[32m"_subtotalLabel_6a550e"[39m
          [36m>[39m
            [0mTotal Expenses:[0m
          [36m</span>[39m
          [36m<span[39m
            [33mclass[39m=[32m"_subtotalValue_6a550e"[39m
          [36m>[39m
            [0m$[0m
            [0m0.000000[0m
          [36m</span>[39m
        [36m</div>[39m
      [36m</section>[39m
      [36m<section[39m
        [33mclass[39m=[32m"_netIncomeSection_6a550e"[39m
      [36m>[39m
        [36m<div[39m
          [33mclass[39m=[32m"_netIncome_6a550e"[39m
        [36m>[39m
          [36m<span[39m
            [33mclass[39m=[32m"_netIncomeLabel_6a550e"[39m
          [36m>[39m
            [0mNet Income (Profit):[0m
          [36m</span>[39m
          [36m<span[39m
            [33mclass[39m=[32m"_netIncomeValue_6a550e _positive_6a550e"[39m
          [36m>[39m
            [0m$[0m
            [0m0.000000[0m
          [36m</span>[39m
        [36m</div>[39m
        [36m<p[39m
          [33mclass[39m=[32m"_netIncomeHelp_6a550e"[39m
        [36m>[39m
          [0mGreat! Your business is profitable this period.[0m
        [36m</p>[39m
      [36m</section>[39m
      [36m<div[39m
        [33mclass[39m=[32m"_actions_6a550e"[39m
      [36m>[39m
        [36m<div[39m
          [33mclass[39m=[32m"_actionButtons_6a550e"[39m
        [36m>[39m
          [36m<button[39m
            [33maria-busy[39m=[32m"false"[39m
            [33maria-disabled[39m=[32m"false"[39m
            [33mclass[39m=[32m"_button_c9c6cf _primary_c9c6cf _md_c9c6cf"[39m
            [33mtype[39m=[32m"button"[39m
          [36m>[39m
            [36m<span[39m
              [33mclass[39m=[32m"_content_c9c6cf"[39m
            [36m>[39m
              [0mSave P&L Statement[0m
            [36m</span>[39m
          [36m</button>[39m
        [36m</div>[39m
      [36m</div>[39m
    [36m</div>[39m
  [36m</div>[39m
[36m</body>[39m
 ❯ Object.getElementError node_modules/@testing-library/react/node_modules/@testing-library/dom/dist/config.js:37:19
 ❯ getElementError node_modules/@testing-library/react/node_modules/@testing-library/dom/dist/query-helpers.js:20:35
 ❯ getMultipleElementsFoundError node_modules/@testing-library/react/node_modules/@testing-library/dom/dist/query-helpers.js:23:10
 ❯ node_modules/@testing-library/react/node_modules/@testing-library/dom/dist/query-helpers.js:55:13
 ❯ node_modules/@testing-library/react/node_modules/@testing-library/dom/dist/query-helpers.js:95:19
 ❯ src/components/cpg/PLEntryForm.test.tsx:36:21
     34|       );
     35|
     36|       expect(screen.getByText(/Revenue/i)).toBeInTheDocument();
       |                     ^
     37|       expect(screen.getByText(/Cost of Goods Sold/i)).toBeInTheDocumen…
     38|       expect(screen.getByText(/Expenses/i)).toBeInTheDocument();

⎯⎯⎯⎯⎯⎯⎯⎯⎯⎯⎯⎯⎯⎯⎯⎯⎯⎯⎯⎯[230/824]⎯

 FAIL  src/components/cpg/PLEntryForm.test.tsx > PLEntryForm > Period Selection > updates period end when period type changes
TestingLibraryElementError: Unable to find an element with the text: /Period:/i. This could be because the text is broken up by multiple elements. In this case, you can provide a function for your text matcher to make your matcher more flexible.

Ignored nodes: comments, script, style
[36m<body>[39m
  [36m<div>[39m
    [36m<div[39m
      [33mclass[39m=[32m"_form_6a550e"[39m
    [36m>[39m
      [36m<section[39m
        [33mclass[39m=[32m"_section_6a550e"[39m
      [36m>[39m
        [36m<div[39m
          [33mclass[39m=[32m"_sectionHeader_6a550e"[39m
        [36m>[39m
          [36m<h3[39m
            [33mclass[39m=[32m"_sectionTitle_6a550e"[39m
          [36m>[39m
            [0mStatement Period[0m
          [36m</h3>[39m
        [36m</div>[39m
        [36m<div[39m
          [33mclass[39m=[32m"_periodGrid_6a550e"[39m
        [36m>[39m
          [36m<div[39m
            [33mclass[39m=[32m"_selectWrapper_f93aca"[39m
          [36m>[39m
            [36m<label[39m
              [33mclass[39m=[32m"_label_f93aca"[39m
              [33mfor[39m=[32m":r1d:"[39m
            [36m>[39m
              [0mPeriod Type[0m
            [36m</label>[39m
            [36m<div[39m
              [33mclass[39m=[32m"_selectContainer_f93aca _md_f93aca"[39m
            [36m>[39m
              [36m<select[39m
                [33maria-invalid[39m=[32m"false"[39m
                [33mclass[39m=[32m"_select_f93aca"[39m
                [33mid[39m=[32m":r1d:"[39m
              [36m>[39m
                [36m<option[39m
                  [33mvalue[39m=[32m"monthly"[39m
                [36m>[39m
                  [0mMonthly[0m
                [36m</option>[39m
                [36m<option[39m
                  [33mvalue[39m=[32m"quarterly"[39m
                [36m>[39m
                  [0mQuarterly[0m
                [36m</option>[39m
                [36m<option[39m
                  [33mvalue[39m=[32m"annual"[39m
                [36m>[39m
                  [0mAnnual[0m
                [36m</option>[39m
                [36m<option[39m
                  [33mvalue[39m=[32m"custom"[39m
                [36m>[39m
                  [0mCustom Period[0m
                [36m</option>[39m
              [36m</select>[39m
              [36m<span[39m
                [33maria-hidden[39m=[32m"true"[39m
                [33mclass[39m=[32m"_chevron_f93aca"[39m
              [36m>[39m
                [0m▼[0m
              [36m</span>[39m
            [36m</div>[39m
          [36m</div>[39m
          [36m<div[39m
            [33mclass[39m=[32m"_inputWrapper_c35f6e"[39m
          [36m>[39m
            [36m<label[39m
              [33mclass[39m=[32m"_label_c35f6e"[39m
              [33mfor[39m=[32m":r1e:"[39m
            [36m>[39m
              [0mStart Date[0m
            [36m</label>[39m
            [36m<div[39m
              [33mclass[39m=[32m"_inputContainer_c35f6e"[39m
            [36m>[39m
              [36m<input[39m
                [33maria-invalid[39m=[32m"false"[39m
                [33mclass[39m=[32m"_input_c35f6e"[39m
                [33mid[39m=[32m":r1e:"[39m
                [33mtype[39m=[32m"date"[39m
                [33mvalue[39m=[32m"2026-04-01"[39m
              [36m/>[39m
            [36m</div>[39m
          [36m</div>[39m
          [36m<div[39m
            [33mclass[39m=[32m"_inputWrapper_c35f6e"[39m
          [36m>[39m
            [36m<label[39m
              [33mclass[39m=[32m"_label_c35f6e"[39m
              [33mfor[39m=[32m":r1f:"[39m
            [36m>[39m
              [0mEnd Date[0m
            [36m</label>[39m
            [36m<div[39m
              [33mclass[39m=[32m"_inputContainer_c35f6e"[39m
            [36m>[39m
              [36m<input[39m
                [33maria-invalid[39m=[32m"false"[39m
                [33mclass[39m=[32m"_input_c35f6e"[39m
                [33mid[39m=[32m":r1f:"[39m
                [33mtype[39m=[32m"date"[39m
                [33mvalue[39m=[32m"2026-06-30"[39m
              [36m/>[39m
            [36m</div>[39m
          [36m</div>[39m
        [36m</div>[39m
      [36m</section>[39m
      [36m<section[39m
        [33mclass[39m=[32m"_section_6a550e"[39m
      [36m>[39m
        [36m<div[39m
          [33mclass[39m=[32m"_sectionHeader_6a550e"[39m
        [36m>[39m
          [36m<h3[39m
            [33mclass[39m=[32m"_sectionTitle_6a550e"[39m
          [36m>[39m
            [0mRevenue[0m
          [36m</h3>[39m
        [36m</div>[39m
        [36m<div[39m
          [33mclass[39m=[32m"_lineItems_6a550e"[39m
        [36m>[39m
          [36m<div[39m
            [33mclass[39m=[32m"_greenBox_6a550e"[39m
          [36m>[39m
            [36m<div[39m
              [33mclass[39m=[32m"_lineItem_6a550e"[39m
            [36m>[39m
              [36m<div[39m
                [33mclass[39m=[32m"_lineItemFields_6a550e"[39m
              [36m>[39m
                [36m<div[39m
                  [33mclass[39m=[32m"_inputWrapper_c35f6e _descriptionInput_6a550e"[39m
                [36m>[39m
                  [36m<label[39m
                    [33mclass[39m=[32m"_label_c35f6e"[39m
                    [33mfor[39m=[32m":r1g:"[39m
                  [36m>[39m
                    [0mDescription[0m
                  [36m</label>[39m
                  [36m<div[39m
                    [33mclass[39m=[32m"_inputContainer_c35f6e"[39m
                  [36m>[39m
                    [36m<input[39m
                      [33maria-invalid[39m=[32m"false"[39m
                      [33mclass[39m=[32m"_input_c35f6e"[39m
                      [33mid[39m=[32m":r1g:"[39m
                      [33mplaceholder[39m=[32m"e.g., Product sales"[39m
                      [33mvalue[39m=[32m""[39m
                    [36m/>[39m
                  [36m</div>[39m
                [36m</div>[39m
                [36m<div[39m
                  [33mclass[39m=[32m"_inputWrapper_c35f6e _amountInput_6a550e"[39m
                [36m>[39m
                  [36m<label[39m
                    [33mclass[39m=[32m"_label_c35f6e"[39m
                    [33mfor[39m=[32m":r1h:"[39m
                  [36m>[39m
                    [0mAmount[0m
                  [36m</label>[39m
                  [36m<div[39m
                    [33mclass[39m=[32m"_inputContainer_c35f6e"[39m
                  [36m>[39m
                    [36m<input[39m
                      [33maria-invalid[39m=[32m"false"[39m
                      [33mclass[39m=[32m"_input_c35f6e"[39m
                      [33mid[39m=[32m":r1h:"[39m
                      [33mmin[39m=[32m"0"[39m
                      [33mplaceholder[39m=[32m"0.00"[39m
                      [33mstep[39m=[32m"0.01"[39m
                      [33mtype[39m=[32m"number"[39m
                      [33mvalue[39m=[32m""[39m
                    [36m/>[39m
                  [36m</div>[39m
                [36m</div>[39m
              [36m</div>[39m
            [36m</div>[39m
            [36m<button[39m
              [33maria-busy[39m=[32m"false"[39m
              [33maria-disabled[39m=[32m"false"[39m
              [33mclass[39m=[32m"_button_c9c6cf _secondary_c9c6cf _sm_c9c6cf _addButton_6a550e"[39m
              [33mtype[39m=[32m"button"[39m
            [36m>[39m
              [36m<span[39m
                [33mclass[39m=[32m"_content_c9c6cf"[39m
              [36m>[39m
                [0m+ Add Line[0m
              [36m</span>[39m
            [36m</button>[39m
          [36m</div>[39m
        [36m</div>[39m
        [36m<div[39m
          [33mclass[39m=[32m"_subtotal_6a550e"[39m
        [36m>[39m
          [36m<span[39m
            [33mclass[39m=[32m"_subtotalLabel_6a550e"[39m
          [36m>[39m
            [0mTotal Revenue:[0m
          [36m</span>[39m
          [36m<span[39m
            [33mclass[39m=[32m"_subtotalValue_6a550e"[39m
          [36m>[39m
            [0m$[0m
            [0m0.000000[0m
          [36m</span>[39m
        [36m</div>[39m
      [36m</section>[39m
      [36m<section[39m
        [33mclass[39m=[32m"_section_6a550e"[39m
      [36m>[39m
        [36m<div[39m
          [33mclass[39m=[32m"_sectionHeader_6a550e"[39m
        [36m>[39m
          [36m<h3[39m
            [33mclass[39m=[32m"_sectionTitle_6a550e"[39m
          [36m>[39m
            [0mCost of Goods Sold (COGS)[0m
          [36m</h3>[39m
        [36m</div>[39m
        [36m<div[39m
          [33mclass[39m=[32m"_lineItems_6a550e"[39m
        [36m>[39m
          [36m<div[39m
            [33mclass[39m=[32m"_greenBox_6a550e"[39m
          [36m>[39m
            [36m<div[39m
              [33mclass[39m=[32m"_lineItem_6a550e"[39m
            [36m>[39m
              [36m<div[39m
                [33mclass[39m=[32m"_lineItemFields_6a550e"[39m
              [36m>[39m
                [36m<div[39m
                  [33mclass[39m=[32m"_inputWrapper_c35f6e _descriptionInput_6a550e"[39m
                [36m>[39m
                  [36m<label[39m
                    [33mclass[39m=[32m"_label_c35f6e"[39m
                    [33mfor[39m=[32m":r1i:"[39m
                  [36m>[39m
                    [0mDescription[0m
                  [36m</label>[39m
                  [36m<div[39m
                    [33mclass[39m=[32m"_inputContainer_c35f6e"[39m
                  [36m>[39m
                    [36m<input[39m
                      [33maria-invalid[39m=[32m"false"[39m
                      [33mclass[39m=[32m"_input_c35f6e"[39m
                      [33mid[39m=[32m":r1i:"[39m
                      [33mplaceholder[39m=[32m"e.g., Raw materials"[39m
                      [33mvalue[39m=[32m""[39m
                    [36m/>[39m
                  [36m</div>[39m
                [36m</div>[39m
                [36m<div[39m
                  [33mclass[39m=[32m"_inputWrapper_c35f6e _amountInput_6a550e"[39m
                [36m>[39m
                  [36m<label[39m
                    [33mclass[39m=[32m"_label_c35f6e"[39m
                    [33mfor[39m=[32m":r1j:"[39m
                  [36m>[39m
                    [0mAmount[0m
                  [36m</label>[39m
                  [36m<div[39m
                    [33mclass[39m=[32m"_inputContainer_c35f6e"[39m
                  [36m>[39m
                    [36m<input[39m
                      [33maria-invalid[39m=[32m"false"[39m
                      [33mclass[39m=[32m"_input_c35f6e"[39m
                      [33mid[39m=[32m":r1j:"[39m
                      [33mmin[39m=[32m"0"[39m
                      [33mplaceholder[39m=[32m"0.00"[39m
                      [33mstep[39m=[32m"0.01"[39m
                      [33mtype[39m=[32m"number"[39m
                      [33mvalue[39m=[32m""[39m
                    [36m/>[39m
                  [36m</div>[39m
                [36m</div>[39m
              [36m</div>[39m
            [36m</div>[39m
            [36m<button[39m
              [33maria-busy[39m=[32m"false"[39m
              [33maria-disabled[39m=[32m"false"[39m
              [33mclass[39m=[32m"_button_c9c6cf _secondary_c9c6cf _sm_c9c6cf _addButton_6a550e"[39m
              [33mtype[39m=[32m"button"[39m
            [36m>[39m
              [36m<span[39m
                [33mclass[39m=[32m"_content_c9c6cf"[39m
              [36m>[39m
                [0m+ Add Line[0m
              [36m</span>[39m
            [36m</button>[39m
          [36m</div>[39m
        [36m</div>[39m
        [36m<div[39m
          [33mclass[39m=[32m"_subtotal_6a550e"[39m
        [36m>[39m
          [36m<span[39m
            [33mclass[39m=[32m"_subtotalLabel_6a550e"[39m
          [36m>[39m
            [0mTotal COGS:[0m
          [36m</span>[39m
          [36m<span[39m
            [33mclass[39m=[32m"_subtotalValue_6a550e"[39m
          [36m>[39m
            [0m$[0m
            [0m0.000000[0m
          [36m</span>[39m
        [36m</div>[39m
        [36m<div[39m
          [33mclass[39m=[32m"_grossProfit_6a550e"[39m
        [36m>[39m
          [36m<span[39m
            [33mclass[39m=[32m"_grossProfitLabel_6a550e"[39m
          [36m>[39m
            [0mGross Profit:[0m
          [36m</span>[39m
          [36m<span[39m
            [33mclass[39m=[32m"_grossProfitValue_6a550e"[39m
          [36m>[39m
            [0m$[0m
            [0m0.000000[0m
          [36m</span>[39m
        [36m</div>[39m
      [36m</section>[39m
      [36m<section[39m
        [33mclass[39m=[32m"_section_6a550e"[39m
      [36m>[39m
        [36m<div[39m
          [33mclass[39m=[32m"_sectionHeader_6a550e"[39m
        [36m>[39m
          [36m<h3[39m
            [33mclass[39m=[32m"_sectionTitle_6a550e"[39m
          [36m>[39m
            [0mExpenses[0m
          [36m</h3>[39m
        [36m</div>[39m
        [36m<div[39m
          [33mclass[39m=[32m"_lineItems_6a550e"[39m
        [36m>[39m
          [36m<div[39m
            [33mclass[39m=[32m"_greenBox_6a550e"[39m
          [36m>[39m
            [36m<div[39m
              [33mclass[39m=[32m"_lineItem_6a550e"[39m
            [36m>[39m
              [36m<div[39m
                [33mclass[39m=[32m"_lineItemFields_6a550e"[39m
              [36m>[39m
                [36m<div[39m
                  [33mclass[39m=[32m"_inputWrapper_c35f6e _descriptionInput_6a550e"[39m
                [36m>[39m
                  [36m<label[39m
                    [33mclass[39m=[32m"_label_c35f6e"[39m
                    [33mfor[39m=[32m":r1k:"[39m
                  [36m>[39m
                    [0mDescription[0m
                  [36m</label>[39m
                  [36m<div[39m
                    [33mclass[39m=[32m"_inputContainer_c35f6e"[39m
                  [36m>[39m
                    [36m<input[39m
                      [33maria-invalid[39m=[32m"false"[39m
                      [33mclass[39m=[32m"_input_c35f6e"[39m
                      [33mid[39m=[32m":r1k:"[39m
                      [33mplaceholder[39m=[32m"e.g., Rent, utilities"[39m
                      [33mvalue[39m=[32m""[39m
                    [36m/>[39m
                  [36m</div>[39m
                [36m</div>[39m
                [36m<div[39m
                  [33mclass[39m=[32m"_inputWrapper_c35f6e _amountInput_6a550e"[39m
                [36m>[39m
                  [36m<label[39m
                    [33mclass[39m=[32m"_label_c35f6e"[39m
                    [33mfor[39m=[32m":r1l:"[39m
                  [36m>[39m
                    [0mAmount[0m
                  [36m</label>[39m
                  [36m<div[39m
                    [33mclass[39m=[32m"_inputContainer_c35f6e"[39m
                  [36m>[39m
                    [36m<input[39m
                      [33maria-invalid[39m=[32m"false"[39m
                      [33mclass[39m=[32m"_input_c35f6e"[39m
                      [33mid[39m=[32m":r1l:"[39m
                      [33mmin[39m=[32m"0"[39m
                      [33mplaceholder[39m=[32m"0.00"[39m
                      [33mstep[39m=[32m"0.01"[39m
                      [33mtype[39m=[32m"number"[39m
                      [33mvalue[39m=[32m""[39m
                    [36m/>[39m
                  [36m</div>[39m
                [36m</div>[39m
              [36m</div>[39m
            [36m</div>[39m
            [36m<button[39m
              [33maria-busy[39m=[32m"false"[39m
              [33maria-disabled[39m=[32m"false"[39m
              [33mclass[39m=[32m"_button_c9c6cf _secondary_c9c6cf _sm_c9c6cf _addButton_6a550e"[39m
              [33mtype[39m=[32m"button"[39m
            [36m>[39m
              [36m<span[39m
                [33mclass[39m=[32m"_content_c9c6cf"[39m
              [36m>[39m
                [0m+ Add Line[0m
              [36m</span>[39m
            [36m</button>[39m
          [36m</div>[39m
        [36m</div>[39m
        [36m<div[39m
          [33mclass[39m=[32m"_subtotal_6a550e"[39m
        [36m>[39m
          [36m<span[39m
            [33mclass[39m=[32m"_subtotalLabel_6a550e"[39m
          [36m>[39m
            [0mTotal Expenses:[0m
          [36m</span>[39m
          [36m<span[39m
            [33mclass[39m=[32m"_subtotalValue_6a550e"[39m
          [36m>[39m
            [0m$[0m
            [0m0.000000[0m
          [36m</span>[39m
        [36m</div>[39m
      [36m</section>[39m
      [36m<section[39m
        [33mclass[39m=[32m"_netIncomeSection_6a550e"[39m
      [36m>[39m
        [36m<div[39m
          [33mclass[39m=[32m"_netIncome_6a550e"[39m
        [36m>[39m
          [36m<span[39m
            [33mclass[39m=[32m"_netIncomeLabel_6a550e"[39m
          [36m>[39m
            [0mNet Income (Profit):[0m
          [36m</span>[39m
          [36m<span[39m
            [33mclass[39m=[32m"_netIncomeValue_6a550e _positive_6a550e"[39m
          [36m>[39m
            [0m$[0m
            [0m0.000000[0m
          [36m</span>[39m
        [36m</div>[39m
        [36m<p[39m
          [33mclass[39m=[32m"_netIncomeHelp_6a550e"[39m
        [36m>[39m
          [0mGreat! Your business is profitable this period.[0m
        [36m</p>[39m
      [36m</section>[39m
      [36m<div[39m
        [33mclass[39m=[32m"_actions_6a550e"[39m
      [36m>[39m
        [36m<div[39m
          [33mclass[39m=[32m"_actionButtons_6a550e"[39m
        [36m>[39m
          [36m<button[39m
            [33maria-busy[39m=[32m"false"[39m
            [33maria-disabled[39m=[32m"false"[39m
            [33mclass[39m=[32m"_button_c9c6cf _primary_c9c6cf _md_c9c6cf"[39m
            [33mtype[39m=[32m"button"[39m
          [36m>[39m
            [36m<span[39m
              [33mclass[39m=[32m"_content_c9c6cf"[39m
            [36m>[39m
              [0mSave P&L Statement[0m
            [36m</span>[39m
          [36m</button>[39m
        [36m</div>[39m
      [36m</div>[39m
    [36m</div>[39m
  [36m</div>[39m
[36m</body>[39m

Ignored nodes: comments, script, style
[36m<html>[39m
  [36m<head />[39m
  [36m<body>[39m
    [36m<div>[39m
      [36m<div[39m
        [33mclass[39m=[32m"_form_6a550e"[39m
      [36m>[39m
        [36m<section[39m
          [33mclass[39m=[32m"_section_6a550e"[39m
        [36m>[39m
          [36m<div[39m
            [33mclass[39m=[32m"_sectionHeader_6a550e"[39m
          [36m>[39m
            [36m<h3[39m
              [33mclass[39m=[32m"_sectionTitle_6a550e"[39m
            [36m>[39m
              [0mStatement Period[0m
            [36m</h3>[39m
          [36m</div>[39m
          [36m<div[39m
            [33mclass[39m=[32m"_periodGrid_6a550e"[39m
          [36m>[39m
            [36m<div[39m
              [33mclass[39m=[32m"_selectWrapper_f93aca"[39m
            [36m>[39m
              [36m<label[39m
                [33mclass[39m=[32m"_label_f93aca"[39m
                [33mfor[39m=[32m":r1d:"[39m
              [36m>[39m
                [0mPeriod Type[0m
              [36m</label>[39m
              [36m<div[39m
                [33mclass[39m=[32m"_selectContainer_f93aca _md_f93aca"[39m
              [36m>[39m
                [36m<select[39m
                  [33maria-invalid[39m=[32m"false"[39m
                  [33mclass[39m=[32m"_select_f93aca"[39m
                  [33mid[39m=[32m":r1d:"[39m
                [36m>[39m
                  [36m<option[39m
                    [33mvalue[39m=[32m"monthly"[39m
                  [36m>[39m
                    [0mMonthly[0m
                  [36m</option>[39m
                  [36m<option[39m
                    [33mvalue[39m=[32m"quarterly"[39m
                  [36m>[39m
                    [0mQuarterly[0m
                  [36m</option>[39m
                  [36m<option[39m
                    [33mvalue[39m=[32m"annual"[39m
                  [36m>[39m
                    [0mAnnual[0m
                  [36m</option>[39m
                  [36m<option[39m
                    [33mvalue[39m=[32m"custom"[39m
                  [36m>[39m
                    [0mCustom Period[0m
                  [36m</option>[39m
                [36m</select>[39m
                [36m<span[39m
                  [33maria-hidden[39m=[32m"true"[39m
                  [33mclass[39m=[32m"_chevron_f93aca"[39m
                [36m>[39m
                  [0m▼[0m
                [36m</span>[39m
              [36m</div>[39m
            [36m</div>[39m
            [36m<div[39m
              [33mclass[39m=[32m"_inputWrapper_c35f6e"[39m
            [36m>[39m
              [36m<label[39m
                [33mclass[39m=[32m"_label_c35f6e"[39m
                [33mfor[39m=[32m":r1e:"[39m
              [36m>[39m
                [0mStart Date[0m
              [36m</label>[39m
              [36m<div[39m
                [33mclass[39m=[32m"_inputContainer_c35f6e"[39m
              [36m>[39m
                [36m<input[39m
                  [33maria-invalid[39m=[32m"false"[39m
                  [33mclass[39m=[32m"_input_c35f6e"[39m
                  [33mid[39m=[32m":r1e:"[39m
                  [33mtype[39m=[32m"date"[39m
                  [33mvalue[39m=[32m"2026-04-01"[39m
                [36m/>[39m
              [36m</div>[39m
            [36m</div>[39m
            [36m<div[39m
              [33mclass[39m=[32m"_inputWrapper_c35f6e"[39m
            [36m>[39m
              [36m<label[39m
                [33mclass[39m=[32m"_label_c35f6e"[39m
                [33mfor[39m=[32m":r1f:"[39m
              [36m>[39m
                [0mEnd Date[0m
              [36m</label>[39m
              [36m<div[39m
                [33mclass[39m=[32m"_inputContainer_c35f6e"[39m
              [36m>[39m
                [36m<input[39m
                  [33maria-invalid[39m=[32m"false"[39m
                  [33mclass[39m=[32m"_input_c35f6e"[39m
                  [33mid[39m=[32m":r1f:"[39m
                  [33mtype[39m=[32m"date"[39m
                  [33mvalue[39m=[32m"2026-06-30"[39m
                [36m/>[39m
              [36m</div>[39m
            [36m</div>[39m
          [36m</div>[39m
        [36m</section>[39m
        [36m<section[39m
          [33mclass[39m=[32m"_section_6a550e"[39m
        [36m>[39m
          [36m<div[39m
            [33mclass[39m=[32m"_sectionHeader_6a550e"[39m
          [36m>[39m
            [36m<h3[39m
              [33mclass[39m=[32m"_sectionTitle_6a550e"[39m
            [36m>[39m
              [0mRevenue[0m
            [36m</h3>[39m
          [36m</div>[39m
          [36m<div[39m
            [33mclass[39m=[32m"_lineItems_6a550e"[39m
          [36m>[39m
            [36m<div[39m
              [33mclass[39m=[32m"_greenBox_6a550e"[39m
            [36m>[39m
              [36m<div[39m
                [33mclass[39m=[32m"_lineItem_6a550e"[39m
              [36m>[39m
                [36m<div[39m
                  [33mclass[39m=[32m"_lineItemFields_6a550e"[39m
                [36m>[39m
                  [36m<div[39m
                    [33mclass[39m=[32m"_inputWrapper_c35f6e _descriptionInput_6a550e"[39m
                  [36m>[39m
                    [36m<label[39m
                      [33mclass[39m=[32m"_label_c35f6e"[39m
                      [33mfor[39m=[32m":r1g:"[39m
                    [36m>[39m
                      [0mDescription[0m
                    [36m</label>[39m
                    [36m<div[39m
                      [33mclass[39m=[32m"_inputContainer_c35f6e"[39m
                    [36m>[39m
                      [36m<input[39m
                        [33maria-invalid[39m=[32m"false"[39m
                        [33mclass[39m=[32m"_input_c35f6e"[39m
                        [33mid[39m=[32m":r1g:"[39m
                        [33mplaceholder[39m=[32m"e.g., Product sales"[39m
                        [33mvalue[39m=[32m""[39m
                      [36m/>[39m
                    [36m</div>[39m
                  [36m</div>[39m
                  [36m<div[39m
                    [33mclass[39m=[32m"_inputWrapper_c35f6e _amountInput_6a550e"[39m
                  [36m>[39m
                    [36m<label[39m
                      [33mclass[39m=[32m"_label_c35f6e"[39m
                      [33mfor[39m=[32m":r1h:"[39m
                    [36m>[39m
                      [0mAmount[0m
                    [36m</label>[39m
                    [36m<div[39m
                      [33mclass[39m=[32m"_inputContainer_c35f6e"[39m
                    [36m>[39m
                      [36m<input[39m
                        [33maria-invalid[39m=[32m"false"[39m
                        [33mclass[39m=[32m"_input_c35f6e"[39m
                        [33mid[39m=[32m":r1h:"[39m
               ...
 ❯ waitForWrapper node_modules/@testing-library/react/node_modules/@testing-library/dom/dist/wait-for.js:163:27
 ❯ src/components/cpg/PLEntryForm.test.tsx:84:13
     82|
     83|       // Period label should update
     84|       await waitFor(() => {
       |             ^
     85|         expect(screen.getByText(/Period:/i)).toBeInTheDocument();
     86|       });

⎯⎯⎯⎯⎯⎯⎯⎯⎯⎯⎯⎯⎯⎯⎯⎯⎯⎯⎯⎯[231/824]⎯

 FAIL  src/components/cpg/PLEntryForm.test.tsx > PLEntryForm > Line Item Management > adds new revenue line item
TestingLibraryElementError: Unable to find an element with the text: + Add Revenue Line. This could be because the text is broken up by multiple elements. In this case, you can provide a function for your text matcher to make your matcher more flexible.

Ignored nodes: comments, script, style
[36m<body>[39m
  [36m<div>[39m
    [36m<div[39m
      [33mclass[39m=[32m"_form_6a550e"[39m
    [36m>[39m
      [36m<section[39m
        [33mclass[39m=[32m"_section_6a550e"[39m
      [36m>[39m
        [36m<div[39m
          [33mclass[39m=[32m"_sectionHeader_6a550e"[39m
        [36m>[39m
          [36m<h3[39m
            [33mclass[39m=[32m"_sectionTitle_6a550e"[39m
          [36m>[39m
            [0mStatement Period[0m
          [36m</h3>[39m
        [36m</div>[39m
        [36m<div[39m
          [33mclass[39m=[32m"_periodGrid_6a550e"[39m
        [36m>[39m
          [36m<div[39m
            [33mclass[39m=[32m"_selectWrapper_f93aca"[39m
          [36m>[39m
            [36m<label[39m
              [33mclass[39m=[32m"_label_f93aca"[39m
              [33mfor[39m=[32m":r1v:"[39m
            [36m>[39m
              [0mPeriod Type[0m
            [36m</label>[39m
            [36m<div[39m
              [33mclass[39m=[32m"_selectContainer_f93aca _md_f93aca"[39m
            [36m>[39m
              [36m<select[39m
                [33maria-invalid[39m=[32m"false"[39m
                [33mclass[39m=[32m"_select_f93aca"[39m
                [33mid[39m=[32m":r1v:"[39m
              [36m>[39m
                [36m<option[39m
                  [33mvalue[39m=[32m"monthly"[39m
                [36m>[39m
                  [0mMonthly[0m
                [36m</option>[39m
                [36m<option[39m
                  [33mvalue[39m=[32m"quarterly"[39m
                [36m>[39m
                  [0mQuarterly[0m
                [36m</option>[39m
                [36m<option[39m
                  [33mvalue[39m=[32m"annual"[39m
                [36m>[39m
                  [0mAnnual[0m
                [36m</option>[39m
                [36m<option[39m
                  [33mvalue[39m=[32m"custom"[39m
                [36m>[39m
                  [0mCustom Period[0m
                [36m</option>[39m
              [36m</select>[39m
              [36m<span[39m
                [33maria-hidden[39m=[32m"true"[39m
                [33mclass[39m=[32m"_chevron_f93aca"[39m
              [36m>[39m
                [0m▼[0m
              [36m</span>[39m
            [36m</div>[39m
          [36m</div>[39m
          [36m<div[39m
            [33mclass[39m=[32m"_inputWrapper_c35f6e"[39m
          [36m>[39m
            [36m<label[39m
              [33mclass[39m=[32m"_label_c35f6e"[39m
              [33mfor[39m=[32m":r20:"[39m
            [36m>[39m
              [0mStart Date[0m
            [36m</label>[39m
            [36m<div[39m
              [33mclass[39m=[32m"_inputContainer_c35f6e"[39m
            [36m>[39m
              [36m<input[39m
                [33maria-invalid[39m=[32m"false"[39m
                [33mclass[39m=[32m"_input_c35f6e"[39m
                [33mid[39m=[32m":r20:"[39m
                [33mtype[39m=[32m"date"[39m
                [33mvalue[39m=[32m"2026-04-01"[39m
              [36m/>[39m
            [36m</div>[39m
          [36m</div>[39m
          [36m<div[39m
            [33mclass[39m=[32m"_inputWrapper_c35f6e"[39m
          [36m>[39m
            [36m<label[39m
              [33mclass[39m=[32m"_label_c35f6e"[39m
              [33mfor[39m=[32m":r21:"[39m
            [36m>[39m
              [0mEnd Date[0m
            [36m</label>[39m
            [36m<div[39m
              [33mclass[39m=[32m"_inputContainer_c35f6e"[39m
            [36m>[39m
              [36m<input[39m
                [33maria-invalid[39m=[32m"false"[39m
                [33mclass[39m=[32m"_input_c35f6e"[39m
                [33mid[39m=[32m":r21:"[39m
                [33mtype[39m=[32m"date"[39m
                [33mvalue[39m=[32m"2026-04-30"[39m
              [36m/>[39m
            [36m</div>[39m
          [36m</div>[39m
        [36m</div>[39m
      [36m</section>[39m
      [36m<section[39m
        [33mclass[39m=[32m"_section_6a550e"[39m
      [36m>[39m
        [36m<div[39m
          [33mclass[39m=[32m"_sectionHeader_6a550e"[39m
        [36m>[39m
          [36m<h3[39m
            [33mclass[39m=[32m"_sectionTitle_6a550e"[39m
          [36m>[39m
            [0mRevenue[0m
          [36m</h3>[39m
        [36m</div>[39m
        [36m<div[39m
          [33mclass[39m=[32m"_lineItems_6a550e"[39m
        [36m>[39m
          [36m<div[39m
            [33mclass[39m=[32m"_greenBox_6a550e"[39m
          [36m>[39m
            [36m<div[39m
              [33mclass[39m=[32m"_lineItem_6a550e"[39m
            [36m>[39m
              [36m<div[39m
                [33mclass[39m=[32m"_lineItemFields_6a550e"[39m
              [36m>[39m
                [36m<div[39m
                  [33mclass[39m=[32m"_inputWrapper_c35f6e _descriptionInput_6a550e"[39m
                [36m>[39m
                  [36m<label[39m
                    [33mclass[39m=[32m"_label_c35f6e"[39m
                    [33mfor[39m=[32m":r22:"[39m
                  [36m>[39m
                    [0mDescription[0m
                  [36m</label>[39m
                  [36m<div[39m
                    [33mclass[39m=[32m"_inputContainer_c35f6e"[39m
                  [36m>[39m
                    [36m<input[39m
                      [33maria-invalid[39m=[32m"false"[39m
                      [33mclass[39m=[32m"_input_c35f6e"[39m
                      [33mid[39m=[32m":r22:"[39m
                      [33mplaceholder[39m=[32m"e.g., Product sales"[39m
                      [33mvalue[39m=[32m""[39m
                    [36m/>[39m
                  [36m</div>[39m
                [36m</div>[39m
                [36m<div[39m
                  [33mclass[39m=[32m"_inputWrapper_c35f6e _amountInput_6a550e"[39m
                [36m>[39m
                  [36m<label[39m
                    [33mclass[39m=[32m"_label_c35f6e"[39m
                    [33mfor[39m=[32m":r23:"[39m
                  [36m>[39m
                    [0mAmount[0m
                  [36m</label>[39m
                  [36m<div[39m
                    [33mclass[39m=[32m"_inputContainer_c35f6e"[39m
                  [36m>[39m
                    [36m<input[39m
                      [33maria-invalid[39m=[32m"false"[39m
                      [33mclass[39m=[32m"_input_c35f6e"[39m
                      [33mid[39m=[32m":r23:"[39m
                      [33mmin[39m=[32m"0"[39m
                      [33mplaceholder[39m=[32m"0.00"[39m
                      [33mstep[39m=[32m"0.01"[39m
                      [33mtype[39m=[32m"number"[39m
                      [33mvalue[39m=[32m""[39m
                    [36m/>[39m
                  [36m</div>[39m
                [36m</div>[39m
              [36m</div>[39m
            [36m</div>[39m
            [36m<button[39m
              [33maria-busy[39m=[32m"false"[39m
              [33maria-disabled[39m=[32m"false"[39m
              [33mclass[39m=[32m"_button_c9c6cf _secondary_c9c6cf _sm_c9c6cf _addButton_6a550e"[39m
              [33mtype[39m=[32m"button"[39m
            [36m>[39m
              [36m<span[39m
                [33mclass[39m=[32m"_content_c9c6cf"[39m
              [36m>[39m
                [0m+ Add Line[0m
              [36m</span>[39m
            [36m</button>[39m
          [36m</div>[39m
        [36m</div>[39m
        [36m<div[39m
          [33mclass[39m=[32m"_subtotal_6a550e"[39m
        [36m>[39m
          [36m<span[39m
            [33mclass[39m=[32m"_subtotalLabel_6a550e"[39m
          [36m>[39m
            [0mTotal Revenue:[0m
          [36m</span>[39m
          [36m<span[39m
            [33mclass[39m=[32m"_subtotalValue_6a550e"[39m
          [36m>[39m
            [0m$[0m
            [0m0.000000[0m
          [36m</span>[39m
        [36m</div>[39m
      [36m</section>[39m
      [36m<section[39m
        [33mclass[39m=[32m"_section_6a550e"[39m
      [36m>[39m
        [36m<div[39m
          [33mclass[39m=[32m"_sectionHeader_6a550e"[39m
        [36m>[39m
          [36m<h3[39m
            [33mclass[39m=[32m"_sectionTitle_6a550e"[39m
          [36m>[39m
            [0mCost of Goods Sold (COGS)[0m
          [36m</h3>[39m
        [36m</div>[39m
        [36m<div[39m
          [33mclass[39m=[32m"_lineItems_6a550e"[39m
        [36m>[39m
          [36m<div[39m
            [33mclass[39m=[32m"_greenBox_6a550e"[39m
          [36m>[39m
            [36m<div[39m
              [33mclass[39m=[32m"_lineItem_6a550e"[39m
            [36m>[39m
              [36m<div[39m
                [33mclass[39m=[32m"_lineItemFields_6a550e"[39m
              [36m>[39m
                [36m<div[39m
                  [33mclass[39m=[32m"_inputWrapper_c35f6e _descriptionInput_6a550e"[39m
                [36m>[39m
                  [36m<label[39m
                    [33mclass[39m=[32m"_label_c35f6e"[39m
                    [33mfor[39m=[32m":r24:"[39m
                  [36m>[39m
                    [0mDescription[0m
                  [36m</label>[39m
                  [36m<div[39m
                    [33mclass[39m=[32m"_inputContainer_c35f6e"[39m
                  [36m>[39m
                    [36m<input[39m
                      [33maria-invalid[39m=[32m"false"[39m
                      [33mclass[39m=[32m"_input_c35f6e"[39m
                      [33mid[39m=[32m":r24:"[39m
                      [33mplaceholder[39m=[32m"e.g., Raw materials"[39m
                      [33mvalue[39m=[32m""[39m
                    [36m/>[39m
                  [36m</div>[39m
                [36m</div>[39m
                [36m<div[39m
                  [33mclass[39m=[32m"_inputWrapper_c35f6e _amountInput_6a550e"[39m
                [36m>[39m
                  [36m<label[39m
                    [33mclass[39m=[32m"_label_c35f6e"[39m
                    [33mfor[39m=[32m":r25:"[39m
                  [36m>[39m
                    [0mAmount[0m
                  [36m</label>[39m
                  [36m<div[39m
                    [33mclass[39m=[32m"_inputContainer_c35f6e"[39m
                  [36m>[39m
                    [36m<input[39m
                      [33maria-invalid[39m=[32m"false"[39m
                      [33mclass[39m=[32m"_input_c35f6e"[39m
                      [33mid[39m=[32m":r25:"[39m
                      [33mmin[39m=[32m"0"[39m
                      [33mplaceholder[39m=[32m"0.00"[39m
                      [33mstep[39m=[32m"0.01"[39m
                      [33mtype[39m=[32m"number"[39m
                      [33mvalue[39m=[32m""[39m
                    [36m/>[39m
                  [36m</div>[39m
                [36m</div>[39m
              [36m</div>[39m
            [36m</div>[39m
            [36m<button[39m
              [33maria-busy[39m=[32m"false"[39m
              [33maria-disabled[39m=[32m"false"[39m
              [33mclass[39m=[32m"_button_c9c6cf _secondary_c9c6cf _sm_c9c6cf _addButton_6a550e"[39m
              [33mtype[39m=[32m"button"[39m
            [36m>[39m
              [36m<span[39m
                [33mclass[39m=[32m"_content_c9c6cf"[39m
              [36m>[39m
                [0m+ Add Line[0m
              [36m</span>[39m
            [36m</button>[39m
          [36m</div>[39m
        [36m</div>[39m
        [36m<div[39m
          [33mclass[39m=[32m"_subtotal_6a550e"[39m
        [36m>[39m
          [36m<span[39m
            [33mclass[39m=[32m"_subtotalLabel_6a550e"[39m
          [36m>[39m
            [0mTotal COGS:[0m
          [36m</span>[39m
          [36m<span[39m
            [33mclass[39m=[32m"_subtotalValue_6a550e"[39m
          [36m>[39m
            [0m$[0m
            [0m0.000000[0m
          [36m</span>[39m
        [36m</div>[39m
        [36m<div[39m
          [33mclass[39m=[32m"_grossProfit_6a550e"[39m
        [36m>[39m
          [36m<span[39m
            [33mclass[39m=[32m"_grossProfitLabel_6a550e"[39m
          [36m>[39m
            [0mGross Profit:[0m
          [36m</span>[39m
          [36m<span[39m
            [33mclass[39m=[32m"_grossProfitValue_6a550e"[39m
          [36m>[39m
            [0m$[0m
            [0m0.000000[0m
          [36m</span>[39m
        [36m</div>[39m
      [36m</section>[39m
      [36m<section[39m
        [33mclass[39m=[32m"_section_6a550e"[39m
      [36m>[39m
        [36m<div[39m
          [33mclass[39m=[32m"_sectionHeader_6a550e"[39m
        [36m>[39m
          [36m<h3[39m
            [33mclass[39m=[32m"_sectionTitle_6a550e"[39m
          [36m>[39m
            [0mExpenses[0m
          [36m</h3>[39m
        [36m</div>[39m
        [36m<div[39m
          [33mclass[39m=[32m"_lineItems_6a550e"[39m
        [36m>[39m
          [36m<div[39m
            [33mclass[39m=[32m"_greenBox_6a550e"[39m
          [36m>[39m
            [36m<div[39m
              [33mclass[39m=[32m"_lineItem_6a550e"[39m
            [36m>[39m
              [36m<div[39m
                [33mclass[39m=[32m"_lineItemFields_6a550e"[39m
              [36m>[39m
                [36m<div[39m
                  [33mclass[39m=[32m"_inputWrapper_c35f6e _descriptionInput_6a550e"[39m
                [36m>[39m
                  [36m<label[39m
                    [33mclass[39m=[32m"_label_c35f6e"[39m
                    [33mfor[39m=[32m":r26:"[39m
                  [36m>[39m
                    [0mDescription[0m
                  [36m</label>[39m
                  [36m<div[39m
                    [33mclass[39m=[32m"_inputContainer_c35f6e"[39m
                  [36m>[39m
                    [36m<input[39m
                      [33maria-invalid[39m=[32m"false"[39m
                      [33mclass[39m=[32m"_input_c35f6e"[39m
                      [33mid[39m=[32m":r26:"[39m
                      [33mplaceholder[39m=[32m"e.g., Rent, utilities"[39m
                      [33mvalue[39m=[32m""[39m
                    [36m/>[39m
                  [36m</div>[39m
                [36m</div>[39m
                [36m<div[39m
                  [33mclass[39m=[32m"_inputWrapper_c35f6e _amountInput_6a550e"[39m
                [36m>[39m
                  [36m<label[39m
                    [33mclass[39m=[32m"_label_c35f6e"[39m
                    [33mfor[39m=[32m":r27:"[39m
                  [36m>[39m
                    [0mAmount[0m
                  [36m</label>[39m
                  [36m<div[39m
                    [33mclass[39m=[32m"_inputContainer_c35f6e"[39m
                  [36m>[39m
                    [36m<input[39m
                      [33maria-invalid[39m=[32m"false"[39m
                      [33mclass[39m=[32m"_input_c35f6e"[39m
                      [33mid[39m=[32m":r27:"[39m
                      [33mmin[39m=[32m"0"[39m
                      [33mplaceholder[39m=[32m"0.00"[39m
                      [33mstep[39m=[32m"0.01"[39m
                      [33mtype[39m=[32m"number"[39m
                      [33mvalue[39m=[32m""[39m
                    [36m/>[39m
                  [36m</div>[39m
                [36m</div>[39m
              [36m</div>[39m
            [36m</div>[39m
            [36m<button[39m
              [33maria-busy[39m=[32m"false"[39m
              [33maria-disabled[39m=[32m"false"[39m
              [33mclass[39m=[32m"_button_c9c6cf _secondary_c9c6cf _sm_c9c6cf _addButton_6a550e"[39m
              [33mtype[39m=[32m"button"[39m
            [36m>[39m
              [36m<span[39m
                [33mclass[39m=[32m"_content_c9c6cf"[39m
              [36m>[39m
                [0m+ Add Line[0m
              [36m</span>[39m
            [36m</button>[39m
          [36m</div>[39m
        [36m</div>[39m
        [36m<div[39m
          [33mclass[39m=[32m"_subtotal_6a550e"[39m
        [36m>[39m
          [36m<span[39m
            [33mclass[39m=[32m"_subtotalLabel_6a550e"[39m
          [36m>[39m
            [0mTotal Expenses:[0m
          [36m</span>[39m
          [36m<span[39m
            [33mclass[39m=[32m"_subtotalValue_6a550e"[39m
          [36m>[39m
            [0m$[0m
            [0m0.000000[0m
          [36m</span>[39m
        [36m</div>[39m
      [36m</section>[39m
      [36m<section[39m
        [33mclass[39m=[32m"_netIncomeSection_6a550e"[39m
      [36m>[39m
        [36m<div[39m
          [33mclass[39m=[32m"_netIncome_6a550e"[39m
        [36m>[39m
          [36m<span[39m
            [33mclass[39m=[32m"_netIncomeLabel_6a550e"[39m
          [36m>[39m
            [0mNet Income (Profit):[0m
          [36m</span>[39m
          [36m<span[39m
            [33mclass[39m=[32m"_netIncomeValue_6a550e _positive_6a550e"[39m
          [36m>[39m
            [0m$[0m
            [0m0.000000[0m
          [36m</span>[39m
        [36m</div>[39m
        [36m<p[39m
          [33mclass[39m=[32m"_netIncomeHelp_6a550e"[39m
        [36m>[39m
          [0mGreat! Your business is profitable this period.[0m
        [36m</p>[39m
      [36m</section>[39m
      [36m<div[39m
        [33mclass[39m=[32m"_actions_6a550e"[39m
      [36m>[39m
        [36m<div[39m
          [33mclass[39m=[32m"_actionButtons_6a550e"[39m
        [36m>[39m
          [36m<button[39m
            [33maria-busy[39m=[32m"false"[39m
            [33maria-disabled[39m=[32m"false"[39m
            [33mclass[39m=[32m"_button_c9c6cf _primary_c9c6cf _md_c9c6cf"[39m
            [33mtype[39m=[32m"button"[39m
          [36m>[39m
            [36m<span[39m
              [33mclass[39m=[32m"_content_c9c6cf"[39m
            [36m>[39m
              [0mSave P&L Statement[0m
            [36m</span>[39m
          [36m</button>[39m
        [36m</div>[39m
      [36m</div>[39m
    [36m</div>[39m
  [36m</div>[39m
[36m</body>[39m
 ❯ Object.getElementError node_modules/@testing-library/react/node_modules/@testing-library/dom/dist/config.js:37:19
 ❯ node_modules/@testing-library/react/node_modules/@testing-library/dom/dist/query-helpers.js:76:38
 ❯ node_modules/@testing-library/react/node_modules/@testing-library/dom/dist/query-helpers.js:52:17
 ❯ node_modules/@testing-library/react/node_modules/@testing-library/dom/dist/query-helpers.js:95:19
 ❯ src/components/cpg/PLEntryForm.test.tsx:108:39
    106|       );
    107|
    108|       const addRevenueButton = screen.getByText('+ Add Revenue Line');
       |                                       ^
    109|       const initialDescriptionInputs = screen.getAllByLabelText(/Descr…
    110|       const initialCount = initialDescriptionInputs.length;

⎯⎯⎯⎯⎯⎯⎯⎯⎯⎯⎯⎯⎯⎯⎯⎯⎯⎯⎯⎯[232/824]⎯

 FAIL  src/components/cpg/PLEntryForm.test.tsx > PLEntryForm > Line Item Management > adds new COGS line item
TestingLibraryElementError: Unable to find an element with the text: + Add COGS Line. This could be because the text is broken up by multiple elements. In this case, you can provide a function for your text matcher to make your matcher more flexible.

Ignored nodes: comments, script, style
[36m<body>[39m
  [36m<div>[39m
    [36m<div[39m
      [33mclass[39m=[32m"_form_6a550e"[39m
    [36m>[39m
      [36m<section[39m
        [33mclass[39m=[32m"_section_6a550e"[39m
      [36m>[39m
        [36m<div[39m
          [33mclass[39m=[32m"_sectionHeader_6a550e"[39m
        [36m>[39m
          [36m<h3[39m
            [33mclass[39m=[32m"_sectionTitle_6a550e"[39m
          [36m>[39m
            [0mStatement Period[0m
          [36m</h3>[39m
        [36m</div>[39m
        [36m<div[39m
          [33mclass[39m=[32m"_periodGrid_6a550e"[39m
        [36m>[39m
          [36m<div[39m
            [33mclass[39m=[32m"_selectWrapper_f93aca"[39m
          [36m>[39m
            [36m<label[39m
              [33mclass[39m=[32m"_label_f93aca"[39m
              [33mfor[39m=[32m":r28:"[39m
            [36m>[39m
              [0mPeriod Type[0m
            [36m</label>[39m
            [36m<div[39m
              [33mclass[39m=[32m"_selectContainer_f93aca _md_f93aca"[39m
            [36m>[39m
              [36m<select[39m
                [33maria-invalid[39m=[32m"false"[39m
                [33mclass[39m=[32m"_select_f93aca"[39m
                [33mid[39m=[32m":r28:"[39m
              [36m>[39m
                [36m<option[39m
                  [33mvalue[39m=[32m"monthly"[39m
                [36m>[39m
                  [0mMonthly[0m
                [36m</option>[39m
                [36m<option[39m
                  [33mvalue[39m=[32m"quarterly"[39m
                [36m>[39m
                  [0mQuarterly[0m
                [36m</option>[39m
                [36m<option[39m
                  [33mvalue[39m=[32m"annual"[39m
                [36m>[39m
                  [0mAnnual[0m
                [36m</option>[39m
                [36m<option[39m
                  [33mvalue[39m=[32m"custom"[39m
                [36m>[39m
                  [0mCustom Period[0m
                [36m</option>[39m
              [36m</select>[39m
              [36m<span[39m
                [33maria-hidden[39m=[32m"true"[39m
                [33mclass[39m=[32m"_chevron_f93aca"[39m
              [36m>[39m
                [0m▼[0m
              [36m</span>[39m
            [36m</div>[39m
          [36m</div>[39m
          [36m<div[39m
            [33mclass[39m=[32m"_inputWrapper_c35f6e"[39m
          [36m>[39m
            [36m<label[39m
              [33mclass[39m=[32m"_label_c35f6e"[39m
              [33mfor[39m=[32m":r29:"[39m
            [36m>[39m
              [0mStart Date[0m
            [36m</label>[39m
            [36m<div[39m
              [33mclass[39m=[32m"_inputContainer_c35f6e"[39m
            [36m>[39m
              [36m<input[39m
                [33maria-invalid[39m=[32m"false"[39m
                [33mclass[39m=[32m"_input_c35f6e"[39m
                [33mid[39m=[32m":r29:"[39m
                [33mtype[39m=[32m"date"[39m
                [33mvalue[39m=[32m"2026-04-01"[39m
              [36m/>[39m
            [36m</div>[39m
          [36m</div>[39m
          [36m<div[39m
            [33mclass[39m=[32m"_inputWrapper_c35f6e"[39m
          [36m>[39m
            [36m<label[39m
              [33mclass[39m=[32m"_label_c35f6e"[39m
              [33mfor[39m=[32m":r2a:"[39m
            [36m>[39m
              [0mEnd Date[0m
            [36m</label>[39m
            [36m<div[39m
              [33mclass[39m=[32m"_inputContainer_c35f6e"[39m
            [36m>[39m
              [36m<input[39m
                [33maria-invalid[39m=[32m"false"[39m
                [33mclass[39m=[32m"_input_c35f6e"[39m
                [33mid[39m=[32m":r2a:"[39m
                [33mtype[39m=[32m"date"[39m
                [33mvalue[39m=[32m"2026-04-30"[39m
              [36m/>[39m
            [36m</div>[39m
          [36m</div>[39m
        [36m</div>[39m
      [36m</section>[39m
      [36m<section[39m
        [33mclass[39m=[32m"_section_6a550e"[39m
      [36m>[39m
        [36m<div[39m
          [33mclass[39m=[32m"_sectionHeader_6a550e"[39m
        [36m>[39m
          [36m<h3[39m
            [33mclass[39m=[32m"_sectionTitle_6a550e"[39m
          [36m>[39m
            [0mRevenue[0m
          [36m</h3>[39m
        [36m</div>[39m
        [36m<div[39m
          [33mclass[39m=[32m"_lineItems_6a550e"[39m
        [36m>[39m
          [36m<div[39m
            [33mclass[39m=[32m"_greenBox_6a550e"[39m
          [36m>[39m
            [36m<div[39m
              [33mclass[39m=[32m"_lineItem_6a550e"[39m
            [36m>[39m
              [36m<div[39m
                [33mclass[39m=[32m"_lineItemFields_6a550e"[39m
              [36m>[39m
                [36m<div[39m
                  [33mclass[39m=[32m"_inputWrapper_c35f6e _descriptionInput_6a550e"[39m
                [36m>[39m
                  [36m<label[39m
                    [33mclass[39m=[32m"_label_c35f6e"[39m
                    [33mfor[39m=[32m":r2b:"[39m
                  [36m>[39m
                    [0mDescription[0m
                  [36m</label>[39m
                  [36m<div[39m
                    [33mclass[39m=[32m"_inputContainer_c35f6e"[39m
                  [36m>[39m
                    [36m<input[39m
                      [33maria-invalid[39m=[32m"false"[39m
                      [33mclass[39m=[32m"_input_c35f6e"[39m
                      [33mid[39m=[32m":r2b:"[39m
                      [33mplaceholder[39m=[32m"e.g., Product sales"[39m
                      [33mvalue[39m=[32m""[39m
                    [36m/>[39m
                  [36m</div>[39m
                [36m</div>[39m
                [36m<div[39m
                  [33mclass[39m=[32m"_inputWrapper_c35f6e _amountInput_6a550e"[39m
                [36m>[39m
                  [36m<label[39m
                    [33mclass[39m=[32m"_label_c35f6e"[39m
                    [33mfor[39m=[32m":r2c:"[39m
                  [36m>[39m
                    [0mAmount[0m
                  [36m</label>[39m
                  [36m<div[39m
                    [33mclass[39m=[32m"_inputContainer_c35f6e"[39m
                  [36m>[39m
                    [36m<input[39m
                      [33maria-invalid[39m=[32m"false"[39m
                      [33mclass[39m=[32m"_input_c35f6e"[39m
                      [33mid[39m=[32m":r2c:"[39m
                      [33mmin[39m=[32m"0"[39m
                      [33mplaceholder[39m=[32m"0.00"[39m
                      [33mstep[39m=[32m"0.01"[39m
                      [33mtype[39m=[32m"number"[39m
                      [33mvalue[39m=[32m""[39m
                    [36m/>[39m
                  [36m</div>[39m
                [36m</div>[39m
              [36m</div>[39m
            [36m</div>[39m
            [36m<button[39m
              [33maria-busy[39m=[32m"false"[39m
              [33maria-disabled[39m=[32m"false"[39m
              [33mclass[39m=[32m"_button_c9c6cf _secondary_c9c6cf _sm_c9c6cf _addButton_6a550e"[39m
              [33mtype[39m=[32m"button"[39m
            [36m>[39m
              [36m<span[39m
                [33mclass[39m=[32m"_content_c9c6cf"[39m
              [36m>[39m
                [0m+ Add Line[0m
              [36m</span>[39m
            [36m</button>[39m
          [36m</div>[39m
        [36m</div>[39m
        [36m<div[39m
          [33mclass[39m=[32m"_subtotal_6a550e"[39m
        [36m>[39m
          [36m<span[39m
            [33mclass[39m=[32m"_subtotalLabel_6a550e"[39m
          [36m>[39m
            [0mTotal Revenue:[0m
          [36m</span>[39m
          [36m<span[39m
            [33mclass[39m=[32m"_subtotalValue_6a550e"[39m
          [36m>[39m
            [0m$[0m
            [0m0.000000[0m
          [36m</span>[39m
        [36m</div>[39m
      [36m</section>[39m
      [36m<section[39m
        [33mclass[39m=[32m"_section_6a550e"[39m
      [36m>[39m
        [36m<div[39m
          [33mclass[39m=[32m"_sectionHeader_6a550e"[39m
        [36m>[39m
          [36m<h3[39m
            [33mclass[39m=[32m"_sectionTitle_6a550e"[39m
          [36m>[39m
            [0mCost of Goods Sold (COGS)[0m
          [36m</h3>[39m
        [36m</div>[39m
        [36m<div[39m
          [33mclass[39m=[32m"_lineItems_6a550e"[39m
        [36m>[39m
          [36m<div[39m
            [33mclass[39m=[32m"_greenBox_6a550e"[39m
          [36m>[39m
            [36m<div[39m
              [33mclass[39m=[32m"_lineItem_6a550e"[39m
            [36m>[39m
              [36m<div[39m
                [33mclass[39m=[32m"_lineItemFields_6a550e"[39m
              [36m>[39m
                [36m<div[39m
                  [33mclass[39m=[32m"_inputWrapper_c35f6e _descriptionInput_6a550e"[39m
                [36m>[39m
                  [36m<label[39m
                    [33mclass[39m=[32m"_label_c35f6e"[39m
                    [33mfor[39m=[32m":r2d:"[39m
                  [36m>[39m
                    [0mDescription[0m
                  [36m</label>[39m
                  [36m<div[39m
                    [33mclass[39m=[32m"_inputContainer_c35f6e"[39m
                  [36m>[39m
                    [36m<input[39m
                      [33maria-invalid[39m=[32m"false"[39m
                      [33mclass[39m=[32m"_input_c35f6e"[39m
                      [33mid[39m=[32m":r2d:"[39m
                      [33mplaceholder[39m=[32m"e.g., Raw materials"[39m
                      [33mvalue[39m=[32m""[39m
                    [36m/>[39m
                  [36m</div>[39m
                [36m</div>[39m
                [36m<div[39m
                  [33mclass[39m=[32m"_inputWrapper_c35f6e _amountInput_6a550e"[39m
                [36m>[39m
                  [36m<label[39m
                    [33mclass[39m=[32m"_label_c35f6e"[39m
                    [33mfor[39m=[32m":r2e:"[39m
                  [36m>[39m
                    [0mAmount[0m
                  [36m</label>[39m
                  [36m<div[39m
                    [33mclass[39m=[32m"_inputContainer_c35f6e"[39m
                  [36m>[39m
                    [36m<input[39m
                      [33maria-invalid[39m=[32m"false"[39m
                      [33mclass[39m=[32m"_input_c35f6e"[39m
                      [33mid[39m=[32m":r2e:"[39m
                      [33mmin[39m=[32m"0"[39m
                      [33mplaceholder[39m=[32m"0.00"[39m
                      [33mstep[39m=[32m"0.01"[39m
                      [33mtype[39m=[32m"number"[39m
                      [33mvalue[39m=[32m""[39m
                    [36m/>[39m
                  [36m</div>[39m
                [36m</div>[39m
              [36m</div>[39m
            [36m</div>[39m
            [36m<button[39m
              [33maria-busy[39m=[32m"false"[39m
              [33maria-disabled[39m=[32m"false"[39m
              [33mclass[39m=[32m"_button_c9c6cf _secondary_c9c6cf _sm_c9c6cf _addButton_6a550e"[39m
              [33mtype[39m=[32m"button"[39m
            [36m>[39m
              [36m<span[39m
                [33mclass[39m=[32m"_content_c9c6cf"[39m
              [36m>[39m
                [0m+ Add Line[0m
              [36m</span>[39m
            [36m</button>[39m
          [36m</div>[39m
        [36m</div>[39m
        [36m<div[39m
          [33mclass[39m=[32m"_subtotal_6a550e"[39m
        [36m>[39m
          [36m<span[39m
            [33mclass[39m=[32m"_subtotalLabel_6a550e"[39m
          [36m>[39m
            [0mTotal COGS:[0m
          [36m</span>[39m
          [36m<span[39m
            [33mclass[39m=[32m"_subtotalValue_6a550e"[39m
          [36m>[39m
            [0m$[0m
            [0m0.000000[0m
          [36m</span>[39m
        [36m</div>[39m
        [36m<div[39m
          [33mclass[39m=[32m"_grossProfit_6a550e"[39m
        [36m>[39m
          [36m<span[39m
            [33mclass[39m=[32m"_grossProfitLabel_6a550e"[39m
          [36m>[39m
            [0mGross Profit:[0m
          [36m</span>[39m
          [36m<span[39m
            [33mclass[39m=[32m"_grossProfitValue_6a550e"[39m
          [36m>[39m
            [0m$[0m
            [0m0.000000[0m
          [36m</span>[39m
        [36m</div>[39m
      [36m</section>[39m
      [36m<section[39m
        [33mclass[39m=[32m"_section_6a550e"[39m
      [36m>[39m
        [36m<div[39m
          [33mclass[39m=[32m"_sectionHeader_6a550e"[39m
        [36m>[39m
          [36m<h3[39m
            [33mclass[39m=[32m"_sectionTitle_6a550e"[39m
          [36m>[39m
            [0mExpenses[0m
          [36m</h3>[39m
        [36m</div>[39m
        [36m<div[39m
          [33mclass[39m=[32m"_lineItems_6a550e"[39m
        [36m>[39m
          [36m<div[39m
            [33mclass[39m=[32m"_greenBox_6a550e"[39m
          [36m>[39m
            [36m<div[39m
              [33mclass[39m=[32m"_lineItem_6a550e"[39m
            [36m>[39m
              [36m<div[39m
                [33mclass[39m=[32m"_lineItemFields_6a550e"[39m
              [36m>[39m
                [36m<div[39m
                  [33mclass[39m=[32m"_inputWrapper_c35f6e _descriptionInput_6a550e"[39m
                [36m>[39m
                  [36m<label[39m
                    [33mclass[39m=[32m"_label_c35f6e"[39m
                    [33mfor[39m=[32m":r2f:"[39m
                  [36m>[39m
                    [0mDescription[0m
                  [36m</label>[39m
                  [36m<div[39m
                    [33mclass[39m=[32m"_inputContainer_c35f6e"[39m
                  [36m>[39m
                    [36m<input[39m
                      [33maria-invalid[39m=[32m"false"[39m
                      [33mclass[39m=[32m"_input_c35f6e"[39m
                      [33mid[39m=[32m":r2f:"[39m
                      [33mplaceholder[39m=[32m"e.g., Rent, utilities"[39m
                      [33mvalue[39m=[32m""[39m
                    [36m/>[39m
                  [36m</div>[39m
                [36m</div>[39m
                [36m<div[39m
                  [33mclass[39m=[32m"_inputWrapper_c35f6e _amountInput_6a550e"[39m
                [36m>[39m
                  [36m<label[39m
                    [33mclass[39m=[32m"_label_c35f6e"[39m
                    [33mfor[39m=[32m":r2g:"[39m
                  [36m>[39m
                    [0mAmount[0m
                  [36m</label>[39m
                  [36m<div[39m
                    [33mclass[39m=[32m"_inputContainer_c35f6e"[39m
                  [36m>[39m
                    [36m<input[39m
                      [33maria-invalid[39m=[32m"false"[39m
                      [33mclass[39m=[32m"_input_c35f6e"[39m
                      [33mid[39m=[32m":r2g:"[39m
                      [33mmin[39m=[32m"0"[39m
                      [33mplaceholder[39m=[32m"0.00"[39m
                      [33mstep[39m=[32m"0.01"[39m
                      [33mtype[39m=[32m"number"[39m
                      [33mvalue[39m=[32m""[39m
                    [36m/>[39m
                  [36m</div>[39m
                [36m</div>[39m
              [36m</div>[39m
            [36m</div>[39m
            [36m<button[39m
              [33maria-busy[39m=[32m"false"[39m
              [33maria-disabled[39m=[32m"false"[39m
              [33mclass[39m=[32m"_button_c9c6cf _secondary_c9c6cf _sm_c9c6cf _addButton_6a550e"[39m
              [33mtype[39m=[32m"button"[39m
            [36m>[39m
              [36m<span[39m
                [33mclass[39m=[32m"_content_c9c6cf"[39m
              [36m>[39m
                [0m+ Add Line[0m
              [36m</span>[39m
            [36m</button>[39m
          [36m</div>[39m
        [36m</div>[39m
        [36m<div[39m
          [33mclass[39m=[32m"_subtotal_6a550e"[39m
        [36m>[39m
          [36m<span[39m
            [33mclass[39m=[32m"_subtotalLabel_6a550e"[39m
          [36m>[39m
            [0mTotal Expenses:[0m
          [36m</span>[39m
          [36m<span[39m
            [33mclass[39m=[32m"_subtotalValue_6a550e"[39m
          [36m>[39m
            [0m$[0m
            [0m0.000000[0m
          [36m</span>[39m
        [36m</div>[39m
      [36m</section>[39m
      [36m<section[39m
        [33mclass[39m=[32m"_netIncomeSection_6a550e"[39m
      [36m>[39m
        [36m<div[39m
          [33mclass[39m=[32m"_netIncome_6a550e"[39m
        [36m>[39m
          [36m<span[39m
            [33mclass[39m=[32m"_netIncomeLabel_6a550e"[39m
          [36m>[39m
            [0mNet Income (Profit):[0m
          [36m</span>[39m
          [36m<span[39m
            [33mclass[39m=[32m"_netIncomeValue_6a550e _positive_6a550e"[39m
          [36m>[39m
            [0m$[0m
            [0m0.000000[0m
          [36m</span>[39m
        [36m</div>[39m
        [36m<p[39m
          [33mclass[39m=[32m"_netIncomeHelp_6a550e"[39m
        [36m>[39m
          [0mGreat! Your business is profitable this period.[0m
        [36m</p>[39m
      [36m</section>[39m
      [36m<div[39m
        [33mclass[39m=[32m"_actions_6a550e"[39m
      [36m>[39m
        [36m<div[39m
          [33mclass[39m=[32m"_actionButtons_6a550e"[39m
        [36m>[39m
          [36m<button[39m
            [33maria-busy[39m=[32m"false"[39m
            [33maria-disabled[39m=[32m"false"[39m
            [33mclass[39m=[32m"_button_c9c6cf _primary_c9c6cf _md_c9c6cf"[39m
            [33mtype[39m=[32m"button"[39m
          [36m>[39m
            [36m<span[39m
              [33mclass[39m=[32m"_content_c9c6cf"[39m
            [36m>[39m
              [0mSave P&L Statement[0m
            [36m</span>[39m
          [36m</button>[39m
        [36m</div>[39m
      [36m</div>[39m
    [36m</div>[39m
  [36m</div>[39m
[36m</body>[39m
 ❯ Object.getElementError node_modules/@testing-library/react/node_modules/@testing-library/dom/dist/config.js:37:19
 ❯ node_modules/@testing-library/react/node_modules/@testing-library/dom/dist/query-helpers.js:76:38
 ❯ node_modules/@testing-library/react/node_modules/@testing-library/dom/dist/query-helpers.js:52:17
 ❯ node_modules/@testing-library/react/node_modules/@testing-library/dom/dist/query-helpers.js:95:19
 ❯ src/components/cpg/PLEntryForm.test.tsx:125:36
    123|       );
    124|
    125|       const addCogsButton = screen.getByText('+ Add COGS Line');
       |                                    ^
    126|       const initialDescriptionInputs = screen.getAllByLabelText(/Descr…
    127|       const initialCount = initialDescriptionInputs.length;

⎯⎯⎯⎯⎯⎯⎯⎯⎯⎯⎯⎯⎯⎯⎯⎯⎯⎯⎯⎯[233/824]⎯

 FAIL  src/components/cpg/PLEntryForm.test.tsx > PLEntryForm > Line Item Management > adds new expense line item
TestingLibraryElementError: Unable to find an element with the text: + Add Expense Line. This could be because the text is broken up by multiple elements. In this case, you can provide a function for your text matcher to make your matcher more flexible.

Ignored nodes: comments, script, style
[36m<body>[39m
  [36m<div>[39m
    [36m<div[39m
      [33mclass[39m=[32m"_form_6a550e"[39m
    [36m>[39m
      [36m<section[39m
        [33mclass[39m=[32m"_section_6a550e"[39m
      [36m>[39m
        [36m<div[39m
          [33mclass[39m=[32m"_sectionHeader_6a550e"[39m
        [36m>[39m
          [36m<h3[39m
            [33mclass[39m=[32m"_sectionTitle_6a550e"[39m
          [36m>[39m
            [0mStatement Period[0m
          [36m</h3>[39m
        [36m</div>[39m
        [36m<div[39m
          [33mclass[39m=[32m"_periodGrid_6a550e"[39m
        [36m>[39m
          [36m<div[39m
            [33mclass[39m=[32m"_selectWrapper_f93aca"[39m
          [36m>[39m
            [36m<label[39m
              [33mclass[39m=[32m"_label_f93aca"[39m
              [33mfor[39m=[32m":r2h:"[39m
            [36m>[39m
              [0mPeriod Type[0m
            [36m</label>[39m
            [36m<div[39m
              [33mclass[39m=[32m"_selectContainer_f93aca _md_f93aca"[39m
            [36m>[39m
              [36m<select[39m
                [33maria-invalid[39m=[32m"false"[39m
                [33mclass[39m=[32m"_select_f93aca"[39m
                [33mid[39m=[32m":r2h:"[39m
              [36m>[39m
                [36m<option[39m
                  [33mvalue[39m=[32m"monthly"[39m
                [36m>[39m
                  [0mMonthly[0m
                [36m</option>[39m
                [36m<option[39m
                  [33mvalue[39m=[32m"quarterly"[39m
                [36m>[39m
                  [0mQuarterly[0m
                [36m</option>[39m
                [36m<option[39m
                  [33mvalue[39m=[32m"annual"[39m
                [36m>[39m
                  [0mAnnual[0m
                [36m</option>[39m
                [36m<option[39m
                  [33mvalue[39m=[32m"custom"[39m
                [36m>[39m
                  [0mCustom Period[0m
                [36m</option>[39m
              [36m</select>[39m
              [36m<span[39m
                [33maria-hidden[39m=[32m"true"[39m
                [33mclass[39m=[32m"_chevron_f93aca"[39m
              [36m>[39m
                [0m▼[0m
              [36m</span>[39m
            [36m</div>[39m
          [36m</div>[39m
          [36m<div[39m
            [33mclass[39m=[32m"_inputWrapper_c35f6e"[39m
          [36m>[39m
            [36m<label[39m
              [33mclass[39m=[32m"_label_c35f6e"[39m
              [33mfor[39m=[32m":r2i:"[39m
            [36m>[39m
              [0mStart Date[0m
            [36m</label>[39m
            [36m<div[39m
              [33mclass[39m=[32m"_inputContainer_c35f6e"[39m
            [36m>[39m
              [36m<input[39m
                [33maria-invalid[39m=[32m"false"[39m
                [33mclass[39m=[32m"_input_c35f6e"[39m
                [33mid[39m=[32m":r2i:"[39m
                [33mtype[39m=[32m"date"[39m
                [33mvalue[39m=[32m"2026-04-01"[39m
              [36m/>[39m
            [36m</div>[39m
          [36m</div>[39m
          [36m<div[39m
            [33mclass[39m=[32m"_inputWrapper_c35f6e"[39m
          [36m>[39m
            [36m<label[39m
              [33mclass[39m=[32m"_label_c35f6e"[39m
              [33mfor[39m=[32m":r2j:"[39m
            [36m>[39m
              [0mEnd Date[0m
            [36m</label>[39m
            [36m<div[39m
              [33mclass[39m=[32m"_inputContainer_c35f6e"[39m
            [36m>[39m
              [36m<input[39m
                [33maria-invalid[39m=[32m"false"[39m
                [33mclass[39m=[32m"_input_c35f6e"[39m
                [33mid[39m=[32m":r2j:"[39m
                [33mtype[39m=[32m"date"[39m
                [33mvalue[39m=[32m"2026-04-30"[39m
              [36m/>[39m
            [36m</div>[39m
          [36m</div>[39m
        [36m</div>[39m
      [36m</section>[39m
      [36m<section[39m
        [33mclass[39m=[32m"_section_6a550e"[39m
      [36m>[39m
        [36m<div[39m
          [33mclass[39m=[32m"_sectionHeader_6a550e"[39m
        [36m>[39m
          [36m<h3[39m
            [33mclass[39m=[32m"_sectionTitle_6a550e"[39m
          [36m>[39m
            [0mRevenue[0m
          [36m</h3>[39m
        [36m</div>[39m
        [36m<div[39m
          [33mclass[39m=[32m"_lineItems_6a550e"[39m
        [36m>[39m
          [36m<div[39m
            [33mclass[39m=[32m"_greenBox_6a550e"[39m
          [36m>[39m
            [36m<div[39m
              [33mclass[39m=[32m"_lineItem_6a550e"[39m
            [36m>[39m
              [36m<div[39m
                [33mclass[39m=[32m"_lineItemFields_6a550e"[39m
              [36m>[39m
                [36m<div[39m
                  [33mclass[39m=[32m"_inputWrapper_c35f6e _descriptionInput_6a550e"[39m
                [36m>[39m
                  [36m<label[39m
                    [33mclass[39m=[32m"_label_c35f6e"[39m
                    [33mfor[39m=[32m":r2k:"[39m
                  [36m>[39m
                    [0mDescription[0m
                  [36m</label>[39m
                  [36m<div[39m
                    [33mclass[39m=[32m"_inputContainer_c35f6e"[39m
                  [36m>[39m
                    [36m<input[39m
                      [33maria-invalid[39m=[32m"false"[39m
                      [33mclass[39m=[32m"_input_c35f6e"[39m
                      [33mid[39m=[32m":r2k:"[39m
                      [33mplaceholder[39m=[32m"e.g., Product sales"[39m
                      [33mvalue[39m=[32m""[39m
                    [36m/>[39m
                  [36m</div>[39m
                [36m</div>[39m
                [36m<div[39m
                  [33mclass[39m=[32m"_inputWrapper_c35f6e _amountInput_6a550e"[39m
                [36m>[39m
                  [36m<label[39m
                    [33mclass[39m=[32m"_label_c35f6e"[39m
                    [33mfor[39m=[32m":r2l:"[39m
                  [36m>[39m
                    [0mAmount[0m
                  [36m</label>[39m
                  [36m<div[39m
                    [33mclass[39m=[32m"_inputContainer_c35f6e"[39m
                  [36m>[39m
                    [36m<input[39m
                      [33maria-invalid[39m=[32m"false"[39m
                      [33mclass[39m=[32m"_input_c35f6e"[39m
                      [33mid[39m=[32m":r2l:"[39m
                      [33mmin[39m=[32m"0"[39m
                      [33mplaceholder[39m=[32m"0.00"[39m
                      [33mstep[39m=[32m"0.01"[39m
                      [33mtype[39m=[32m"number"[39m
                      [33mvalue[39m=[32m""[39m
                    [36m/>[39m
                  [36m</div>[39m
                [36m</div>[39m
              [36m</div>[39m
            [36m</div>[39m
            [36m<button[39m
              [33maria-busy[39m=[32m"false"[39m
              [33maria-disabled[39m=[32m"false"[39m
              [33mclass[39m=[32m"_button_c9c6cf _secondary_c9c6cf _sm_c9c6cf _addButton_6a550e"[39m
              [33mtype[39m=[32m"button"[39m
            [36m>[39m
              [36m<span[39m
                [33mclass[39m=[32m"_content_c9c6cf"[39m
              [36m>[39m
                [0m+ Add Line[0m
              [36m</span>[39m
            [36m</button>[39m
          [36m</div>[39m
        [36m</div>[39m
        [36m<div[39m
          [33mclass[39m=[32m"_subtotal_6a550e"[39m
        [36m>[39m
          [36m<span[39m
            [33mclass[39m=[32m"_subtotalLabel_6a550e"[39m
          [36m>[39m
            [0mTotal Revenue:[0m
          [36m</span>[39m
          [36m<span[39m
            [33mclass[39m=[32m"_subtotalValue_6a550e"[39m
          [36m>[39m
            [0m$[0m
            [0m0.000000[0m
          [36m</span>[39m
        [36m</div>[39m
      [36m</section>[39m
      [36m<section[39m
        [33mclass[39m=[32m"_section_6a550e"[39m
      [36m>[39m
        [36m<div[39m
          [33mclass[39m=[32m"_sectionHeader_6a550e"[39m
        [36m>[39m
          [36m<h3[39m
            [33mclass[39m=[32m"_sectionTitle_6a550e"[39m
          [36m>[39m
            [0mCost of Goods Sold (COGS)[0m
          [36m</h3>[39m
        [36m</div>[39m
        [36m<div[39m
          [33mclass[39m=[32m"_lineItems_6a550e"[39m
        [36m>[39m
          [36m<div[39m
            [33mclass[39m=[32m"_greenBox_6a550e"[39m
          [36m>[39m
            [36m<div[39m
              [33mclass[39m=[32m"_lineItem_6a550e"[39m
            [36m>[39m
              [36m<div[39m
                [33mclass[39m=[32m"_lineItemFields_6a550e"[39m
              [36m>[39m
                [36m<div[39m
                  [33mclass[39m=[32m"_inputWrapper_c35f6e _descriptionInput_6a550e"[39m
                [36m>[39m
                  [36m<label[39m
                    [33mclass[39m=[32m"_label_c35f6e"[39m
                    [33mfor[39m=[32m":r2m:"[39m
                  [36m>[39m
                    [0mDescription[0m
                  [36m</label>[39m
                  [36m<div[39m
                    [33mclass[39m=[32m"_inputContainer_c35f6e"[39m
                  [36m>[39m
                    [36m<input[39m
                      [33maria-invalid[39m=[32m"false"[39m
                      [33mclass[39m=[32m"_input_c35f6e"[39m
                      [33mid[39m=[32m":r2m:"[39m
                      [33mplaceholder[39m=[32m"e.g., Raw materials"[39m
                      [33mvalue[39m=[32m""[39m
                    [36m/>[39m
                  [36m</div>[39m
                [36m</div>[39m
                [36m<div[39m
                  [33mclass[39m=[32m"_inputWrapper_c35f6e _amountInput_6a550e"[39m
                [36m>[39m
                  [36m<label[39m
                    [33mclass[39m=[32m"_label_c35f6e"[39m
                    [33mfor[39m=[32m":r2n:"[39m
                  [36m>[39m
                    [0mAmount[0m
                  [36m</label>[39m
                  [36m<div[39m
                    [33mclass[39m=[32m"_inputContainer_c35f6e"[39m
                  [36m>[39m
                    [36m<input[39m
                      [33maria-invalid[39m=[32m"false"[39m
                      [33mclass[39m=[32m"_input_c35f6e"[39m
                      [33mid[39m=[32m":r2n:"[39m
                      [33mmin[39m=[32m"0"[39m
                      [33mplaceholder[39m=[32m"0.00"[39m
                      [33mstep[39m=[32m"0.01"[39m
                      [33mtype[39m=[32m"number"[39m
                      [33mvalue[39m=[32m""[39m
                    [36m/>[39m
                  [36m</div>[39m
                [36m</div>[39m
              [36m</div>[39m
            [36m</div>[39m
            [36m<button[39m
              [33maria-busy[39m=[32m"false"[39m
              [33maria-disabled[39m=[32m"false"[39m
              [33mclass[39m=[32m"_button_c9c6cf _secondary_c9c6cf _sm_c9c6cf _addButton_6a550e"[39m
              [33mtype[39m=[32m"button"[39m
            [36m>[39m
              [36m<span[39m
                [33mclass[39m=[32m"_content_c9c6cf"[39m
              [36m>[39m
                [0m+ Add Line[0m
              [36m</span>[39m
            [36m</button>[39m
          [36m</div>[39m
        [36m</div>[39m
        [36m<div[39m
          [33mclass[39m=[32m"_subtotal_6a550e"[39m
        [36m>[39m
          [36m<span[39m
            [33mclass[39m=[32m"_subtotalLabel_6a550e"[39m
          [36m>[39m
            [0mTotal COGS:[0m
          [36m</span>[39m
          [36m<span[39m
            [33mclass[39m=[32m"_subtotalValue_6a550e"[39m
          [36m>[39m
            [0m$[0m
            [0m0.000000[0m
          [36m</span>[39m
        [36m</div>[39m
        [36m<div[39m
          [33mclass[39m=[32m"_grossProfit_6a550e"[39m
        [36m>[39m
          [36m<span[39m
            [33mclass[39m=[32m"_grossProfitLabel_6a550e"[39m
          [36m>[39m
            [0mGross Profit:[0m
          [36m</span>[39m
          [36m<span[39m
            [33mclass[39m=[32m"_grossProfitValue_6a550e"[39m
          [36m>[39m
            [0m$[0m
            [0m0.000000[0m
          [36m</span>[39m
        [36m</div>[39m
      [36m</section>[39m
      [36m<section[39m
        [33mclass[39m=[32m"_section_6a550e"[39m
      [36m>[39m
        [36m<div[39m
          [33mclass[39m=[32m"_sectionHeader_6a550e"[39m
        [36m>[39m
          [36m<h3[39m
            [33mclass[39m=[32m"_sectionTitle_6a550e"[39m
          [36m>[39m
            [0mExpenses[0m
          [36m</h3>[39m
        [36m</div>[39m
        [36m<div[39m
          [33mclass[39m=[32m"_lineItems_6a550e"[39m
        [36m>[39m
          [36m<div[39m
            [33mclass[39m=[32m"_greenBox_6a550e"[39m
          [36m>[39m
            [36m<div[39m
              [33mclass[39m=[32m"_lineItem_6a550e"[39m
            [36m>[39m
              [36m<div[39m
                [33mclass[39m=[32m"_lineItemFields_6a550e"[39m
              [36m>[39m
                [36m<div[39m
                  [33mclass[39m=[32m"_inputWrapper_c35f6e _descriptionInput_6a550e"[39m
                [36m>[39m
                  [36m<label[39m
                    [33mclass[39m=[32m"_label_c35f6e"[39m
                    [33mfor[39m=[32m":r2o:"[39m
                  [36m>[39m
                    [0mDescription[0m
                  [36m</label>[39m
                  [36m<div[39m
                    [33mclass[39m=[32m"_inputContainer_c35f6e"[39m
                  [36m>[39m
                    [36m<input[39m
                      [33maria-invalid[39m=[32m"false"[39m
                      [33mclass[39m=[32m"_input_c35f6e"[39m
                      [33mid[39m=[32m":r2o:"[39m
                      [33mplaceholder[39m=[32m"e.g., Rent, utilities"[39m
                      [33mvalue[39m=[32m""[39m
                    [36m/>[39m
                  [36m</div>[39m
                [36m</div>[39m
                [36m<div[39m
                  [33mclass[39m=[32m"_inputWrapper_c35f6e _amountInput_6a550e"[39m
                [36m>[39m
                  [36m<label[39m
                    [33mclass[39m=[32m"_label_c35f6e"[39m
                    [33mfor[39m=[32m":r2p:"[39m
                  [36m>[39m
                    [0mAmount[0m
                  [36m</label>[39m
                  [36m<div[39m
                    [33mclass[39m=[32m"_inputContainer_c35f6e"[39m
                  [36m>[39m
                    [36m<input[39m
                      [33maria-invalid[39m=[32m"false"[39m
                      [33mclass[39m=[32m"_input_c35f6e"[39m
                      [33mid[39m=[32m":r2p:"[39m
                      [33mmin[39m=[32m"0"[39m
                      [33mplaceholder[39m=[32m"0.00"[39m
                      [33mstep[39m=[32m"0.01"[39m
                      [33mtype[39m=[32m"number"[39m
                      [33mvalue[39m=[32m""[39m
                    [36m/>[39m
                  [36m</div>[39m
                [36m</div>[39m
              [36m</div>[39m
            [36m</div>[39m
            [36m<button[39m
              [33maria-busy[39m=[32m"false"[39m
              [33maria-disabled[39m=[32m"false"[39m
              [33mclass[39m=[32m"_button_c9c6cf _secondary_c9c6cf _sm_c9c6cf _addButton_6a550e"[39m
              [33mtype[39m=[32m"button"[39m
            [36m>[39m
              [36m<span[39m
                [33mclass[39m=[32m"_content_c9c6cf"[39m
              [36m>[39m
                [0m+ Add Line[0m
              [36m</span>[39m
            [36m</button>[39m
          [36m</div>[39m
        [36m</div>[39m
        [36m<div[39m
          [33mclass[39m=[32m"_subtotal_6a550e"[39m
        [36m>[39m
          [36m<span[39m
            [33mclass[39m=[32m"_subtotalLabel_6a550e"[39m
          [36m>[39m
            [0mTotal Expenses:[0m
          [36m</span>[39m
          [36m<span[39m
            [33mclass[39m=[32m"_subtotalValue_6a550e"[39m
          [36m>[39m
            [0m$[0m
            [0m0.000000[0m
          [36m</span>[39m
        [36m</div>[39m
      [36m</section>[39m
      [36m<section[39m
        [33mclass[39m=[32m"_netIncomeSection_6a550e"[39m
      [36m>[39m
        [36m<div[39m
          [33mclass[39m=[32m"_netIncome_6a550e"[39m
        [36m>[39m
          [36m<span[39m
            [33mclass[39m=[32m"_netIncomeLabel_6a550e"[39m
          [36m>[39m
            [0mNet Income (Profit):[0m
          [36m</span>[39m
          [36m<span[39m
            [33mclass[39m=[32m"_netIncomeValue_6a550e _positive_6a550e"[39m
          [36m>[39m
            [0m$[0m
            [0m0.000000[0m
          [36m</span>[39m
        [36m</div>[39m
        [36m<p[39m
          [33mclass[39m=[32m"_netIncomeHelp_6a550e"[39m
        [36m>[39m
          [0mGreat! Your business is profitable this period.[0m
        [36m</p>[39m
      [36m</section>[39m
      [36m<div[39m
        [33mclass[39m=[32m"_actions_6a550e"[39m
      [36m>[39m
        [36m<div[39m
          [33mclass[39m=[32m"_actionButtons_6a550e"[39m
        [36m>[39m
          [36m<button[39m
            [33maria-busy[39m=[32m"false"[39m
            [33maria-disabled[39m=[32m"false"[39m
            [33mclass[39m=[32m"_button_c9c6cf _primary_c9c6cf _md_c9c6cf"[39m
            [33mtype[39m=[32m"button"[39m
          [36m>[39m
            [36m<span[39m
              [33mclass[39m=[32m"_content_c9c6cf"[39m
            [36m>[39m
              [0mSave P&L Statement[0m
            [36m</span>[39m
          [36m</button>[39m
        [36m</div>[39m
      [36m</div>[39m
    [36m</div>[39m
  [36m</div>[39m
[36m</body>[39m
 ❯ Object.getElementError node_modules/@testing-library/react/node_modules/@testing-library/dom/dist/config.js:37:19
 ❯ node_modules/@testing-library/react/node_modules/@testing-library/dom/dist/query-helpers.js:76:38
 ❯ node_modules/@testing-library/react/node_modules/@testing-library/dom/dist/query-helpers.js:52:17
 ❯ node_modules/@testing-library/react/node_modules/@testing-library/dom/dist/query-helpers.js:95:19
 ❯ src/components/cpg/PLEntryForm.test.tsx:142:39
    140|       );
    141|
    142|       const addExpenseButton = screen.getByText('+ Add Expense Line');
       |                                       ^
    143|       const initialDescriptionInputs = screen.getAllByLabelText(/Descr…
    144|       const initialCount = initialDescriptionInputs.length;

⎯⎯⎯⎯⎯⎯⎯⎯⎯⎯⎯⎯⎯⎯⎯⎯⎯⎯⎯⎯[234/824]⎯

 FAIL  src/components/cpg/PLEntryForm.test.tsx > PLEntryForm > Line Item Management > removes line item when more than one exists
TestingLibraryElementError: Unable to find an element with the text: + Add Revenue Line. This could be because the text is broken up by multiple elements. In this case, you can provide a function for your text matcher to make your matcher more flexible.

Ignored nodes: comments, script, style
[36m<body>[39m
  [36m<div>[39m
    [36m<div[39m
      [33mclass[39m=[32m"_form_6a550e"[39m
    [36m>[39m
      [36m<section[39m
        [33mclass[39m=[32m"_section_6a550e"[39m
      [36m>[39m
        [36m<div[39m
          [33mclass[39m=[32m"_sectionHeader_6a550e"[39m
        [36m>[39m
          [36m<h3[39m
            [33mclass[39m=[32m"_sectionTitle_6a550e"[39m
          [36m>[39m
            [0mStatement Period[0m
          [36m</h3>[39m
        [36m</div>[39m
        [36m<div[39m
          [33mclass[39m=[32m"_periodGrid_6a550e"[39m
        [36m>[39m
          [36m<div[39m
            [33mclass[39m=[32m"_selectWrapper_f93aca"[39m
          [36m>[39m
            [36m<label[39m
              [33mclass[39m=[32m"_label_f93aca"[39m
              [33mfor[39m=[32m":r2q:"[39m
            [36m>[39m
              [0mPeriod Type[0m
            [36m</label>[39m
            [36m<div[39m
              [33mclass[39m=[32m"_selectContainer_f93aca _md_f93aca"[39m
            [36m>[39m
              [36m<select[39m
                [33maria-invalid[39m=[32m"false"[39m
                [33mclass[39m=[32m"_select_f93aca"[39m
                [33mid[39m=[32m":r2q:"[39m
              [36m>[39m
                [36m<option[39m
                  [33mvalue[39m=[32m"monthly"[39m
                [36m>[39m
                  [0mMonthly[0m
                [36m</option>[39m
                [36m<option[39m
                  [33mvalue[39m=[32m"quarterly"[39m
                [36m>[39m
                  [0mQuarterly[0m
                [36m</option>[39m
                [36m<option[39m
                  [33mvalue[39m=[32m"annual"[39m
                [36m>[39m
                  [0mAnnual[0m
                [36m</option>[39m
                [36m<option[39m
                  [33mvalue[39m=[32m"custom"[39m
                [36m>[39m
                  [0mCustom Period[0m
                [36m</option>[39m
              [36m</select>[39m
              [36m<span[39m
                [33maria-hidden[39m=[32m"true"[39m
                [33mclass[39m=[32m"_chevron_f93aca"[39m
              [36m>[39m
                [0m▼[0m
              [36m</span>[39m
            [36m</div>[39m
          [36m</div>[39m
          [36m<div[39m
            [33mclass[39m=[32m"_inputWrapper_c35f6e"[39m
          [36m>[39m
            [36m<label[39m
              [33mclass[39m=[32m"_label_c35f6e"[39m
              [33mfor[39m=[32m":r2r:"[39m
            [36m>[39m
              [0mStart Date[0m
            [36m</label>[39m
            [36m<div[39m
              [33mclass[39m=[32m"_inputContainer_c35f6e"[39m
            [36m>[39m
              [36m<input[39m
                [33maria-invalid[39m=[32m"false"[39m
                [33mclass[39m=[32m"_input_c35f6e"[39m
                [33mid[39m=[32m":r2r:"[39m
                [33mtype[39m=[32m"date"[39m
                [33mvalue[39m=[32m"2026-04-01"[39m
              [36m/>[39m
            [36m</div>[39m
          [36m</div>[39m
          [36m<div[39m
            [33mclass[39m=[32m"_inputWrapper_c35f6e"[39m
          [36m>[39m
            [36m<label[39m
              [33mclass[39m=[32m"_label_c35f6e"[39m
              [33mfor[39m=[32m":r2s:"[39m
            [36m>[39m
              [0mEnd Date[0m
            [36m</label>[39m
            [36m<div[39m
              [33mclass[39m=[32m"_inputContainer_c35f6e"[39m
            [36m>[39m
              [36m<input[39m
                [33maria-invalid[39m=[32m"false"[39m
                [33mclass[39m=[32m"_input_c35f6e"[39m
                [33mid[39m=[32m":r2s:"[39m
                [33mtype[39m=[32m"date"[39m
                [33mvalue[39m=[32m"2026-04-30"[39m
              [36m/>[39m
            [36m</div>[39m
          [36m</div>[39m
        [36m</div>[39m
      [36m</section>[39m
      [36m<section[39m
        [33mclass[39m=[32m"_section_6a550e"[39m
      [36m>[39m
        [36m<div[39m
          [33mclass[39m=[32m"_sectionHeader_6a550e"[39m
        [36m>[39m
          [36m<h3[39m
            [33mclass[39m=[32m"_sectionTitle_6a550e"[39m
          [36m>[39m
            [0mRevenue[0m
          [36m</h3>[39m
        [36m</div>[39m
        [36m<div[39m
          [33mclass[39m=[32m"_lineItems_6a550e"[39m
        [36m>[39m
          [36m<div[39m
            [33mclass[39m=[32m"_greenBox_6a550e"[39m
          [36m>[39m
            [36m<div[39m
              [33mclass[39m=[32m"_lineItem_6a550e"[39m
            [36m>[39m
              [36m<div[39m
                [33mclass[39m=[32m"_lineItemFields_6a550e"[39m
              [36m>[39m
                [36m<div[39m
                  [33mclass[39m=[32m"_inputWrapper_c35f6e _descriptionInput_6a550e"[39m
                [36m>[39m
                  [36m<label[39m
                    [33mclass[39m=[32m"_label_c35f6e"[39m
                    [33mfor[39m=[32m":r2t:"[39m
                  [36m>[39m
                    [0mDescription[0m
                  [36m</label>[39m
                  [36m<div[39m
                    [33mclass[39m=[32m"_inputContainer_c35f6e"[39m
                  [36m>[39m
                    [36m<input[39m
                      [33maria-invalid[39m=[32m"false"[39m
                      [33mclass[39m=[32m"_input_c35f6e"[39m
                      [33mid[39m=[32m":r2t:"[39m
                      [33mplaceholder[39m=[32m"e.g., Product sales"[39m
                      [33mvalue[39m=[32m""[39m
                    [36m/>[39m
                  [36m</div>[39m
                [36m</div>[39m
                [36m<div[39m
                  [33mclass[39m=[32m"_inputWrapper_c35f6e _amountInput_6a550e"[39m
                [36m>[39m
                  [36m<label[39m
                    [33mclass[39m=[32m"_label_c35f6e"[39m
                    [33mfor[39m=[32m":r2u:"[39m
                  [36m>[39m
                    [0mAmount[0m
                  [36m</label>[39m
                  [36m<div[39m
                    [33mclass[39m=[32m"_inputContainer_c35f6e"[39m
                  [36m>[39m
                    [36m<input[39m
                      [33maria-invalid[39m=[32m"false"[39m
                      [33mclass[39m=[32m"_input_c35f6e"[39m
                      [33mid[39m=[32m":r2u:"[39m
                      [33mmin[39m=[32m"0"[39m
                      [33mplaceholder[39m=[32m"0.00"[39m
                      [33mstep[39m=[32m"0.01"[39m
                      [33mtype[39m=[32m"number"[39m
                      [33mvalue[39m=[32m""[39m
                    [36m/>[39m
                  [36m</div>[39m
                [36m</div>[39m
              [36m</div>[39m
            [36m</div>[39m
            [36m<button[39m
              [33maria-busy[39m=[32m"false"[39m
              [33maria-disabled[39m=[32m"false"[39m
              [33mclass[39m=[32m"_button_c9c6cf _secondary_c9c6cf _sm_c9c6cf _addButton_6a550e"[39m
              [33mtype[39m=[32m"button"[39m
            [36m>[39m
              [36m<span[39m
                [33mclass[39m=[32m"_content_c9c6cf"[39m
              [36m>[39m
                [0m+ Add Line[0m
              [36m</span>[39m
            [36m</button>[39m
          [36m</div>[39m
        [36m</div>[39m
        [36m<div[39m
          [33mclass[39m=[32m"_subtotal_6a550e"[39m
        [36m>[39m
          [36m<span[39m
            [33mclass[39m=[32m"_subtotalLabel_6a550e"[39m
          [36m>[39m
            [0mTotal Revenue:[0m
          [36m</span>[39m
          [36m<span[39m
            [33mclass[39m=[32m"_subtotalValue_6a550e"[39m
          [36m>[39m
            [0m$[0m
            [0m0.000000[0m
          [36m</span>[39m
        [36m</div>[39m
      [36m</section>[39m
      [36m<section[39m
        [33mclass[39m=[32m"_section_6a550e"[39m
      [36m>[39m
        [36m<div[39m
          [33mclass[39m=[32m"_sectionHeader_6a550e"[39m
        [36m>[39m
          [36m<h3[39m
            [33mclass[39m=[32m"_sectionTitle_6a550e"[39m
          [36m>[39m
            [0mCost of Goods Sold (COGS)[0m
          [36m</h3>[39m
        [36m</div>[39m
        [36m<div[39m
          [33mclass[39m=[32m"_lineItems_6a550e"[39m
        [36m>[39m
          [36m<div[39m
            [33mclass[39m=[32m"_greenBox_6a550e"[39m
          [36m>[39m
            [36m<div[39m
              [33mclass[39m=[32m"_lineItem_6a550e"[39m
            [36m>[39m
              [36m<div[39m
                [33mclass[39m=[32m"_lineItemFields_6a550e"[39m
              [36m>[39m
                [36m<div[39m
                  [33mclass[39m=[32m"_inputWrapper_c35f6e _descriptionInput_6a550e"[39m
                [36m>[39m
                  [36m<label[39m
                    [33mclass[39m=[32m"_label_c35f6e"[39m
                    [33mfor[39m=[32m":r2v:"[39m
                  [36m>[39m
                    [0mDescription[0m
                  [36m</label>[39m
                  [36m<div[39m
                    [33mclass[39m=[32m"_inputContainer_c35f6e"[39m
                  [36m>[39m
                    [36m<input[39m
                      [33maria-invalid[39m=[32m"false"[39m
                      [33mclass[39m=[32m"_input_c35f6e"[39m
                      [33mid[39m=[32m":r2v:"[39m
                      [33mplaceholder[39m=[32m"e.g., Raw materials"[39m
                      [33mvalue[39m=[32m""[39m
                    [36m/>[39m
                  [36m</div>[39m
                [36m</div>[39m
                [36m<div[39m
                  [33mclass[39m=[32m"_inputWrapper_c35f6e _amountInput_6a550e"[39m
                [36m>[39m
                  [36m<label[39m
                    [33mclass[39m=[32m"_label_c35f6e"[39m
                    [33mfor[39m=[32m":r30:"[39m
                  [36m>[39m
                    [0mAmount[0m
                  [36m</label>[39m
                  [36m<div[39m
                    [33mclass[39m=[32m"_inputContainer_c35f6e"[39m
                  [36m>[39m
                    [36m<input[39m
                      [33maria-invalid[39m=[32m"false"[39m
                      [33mclass[39m=[32m"_input_c35f6e"[39m
                      [33mid[39m=[32m":r30:"[39m
                      [33mmin[39m=[32m"0"[39m
                      [33mplaceholder[39m=[32m"0.00"[39m
                      [33mstep[39m=[32m"0.01"[39m
                      [33mtype[39m=[32m"number"[39m
                      [33mvalue[39m=[32m""[39m
                    [36m/>[39m
                  [36m</div>[39m
                [36m</div>[39m
              [36m</div>[39m
            [36m</div>[39m
            [36m<button[39m
              [33maria-busy[39m=[32m"false"[39m
              [33maria-disabled[39m=[32m"false"[39m
              [33mclass[39m=[32m"_button_c9c6cf _secondary_c9c6cf _sm_c9c6cf _addButton_6a550e"[39m
              [33mtype[39m=[32m"button"[39m
            [36m>[39m
              [36m<span[39m
                [33mclass[39m=[32m"_content_c9c6cf"[39m
              [36m>[39m
                [0m+ Add Line[0m
              [36m</span>[39m
            [36m</button>[39m
          [36m</div>[39m
        [36m</div>[39m
        [36m<div[39m
          [33mclass[39m=[32m"_subtotal_6a550e"[39m
        [36m>[39m
          [36m<span[39m
            [33mclass[39m=[32m"_subtotalLabel_6a550e"[39m
          [36m>[39m
            [0mTotal COGS:[0m
          [36m</span>[39m
          [36m<span[39m
            [33mclass[39m=[32m"_subtotalValue_6a550e"[39m
          [36m>[39m
            [0m$[0m
            [0m0.000000[0m
          [36m</span>[39m
        [36m</div>[39m
        [36m<div[39m
          [33mclass[39m=[32m"_grossProfit_6a550e"[39m
        [36m>[39m
          [36m<span[39m
            [33mclass[39m=[32m"_grossProfitLabel_6a550e"[39m
          [36m>[39m
            [0mGross Profit:[0m
          [36m</span>[39m
          [36m<span[39m
            [33mclass[39m=[32m"_grossProfitValue_6a550e"[39m
          [36m>[39m
            [0m$[0m
            [0m0.000000[0m
          [36m</span>[39m
        [36m</div>[39m
      [36m</section>[39m
      [36m<section[39m
        [33mclass[39m=[32m"_section_6a550e"[39m
      [36m>[39m
        [36m<div[39m
          [33mclass[39m=[32m"_sectionHeader_6a550e"[39m
        [36m>[39m
          [36m<h3[39m
            [33mclass[39m=[32m"_sectionTitle_6a550e"[39m
          [36m>[39m
            [0mExpenses[0m
          [36m</h3>[39m
        [36m</div>[39m
        [36m<div[39m
          [33mclass[39m=[32m"_lineItems_6a550e"[39m
        [36m>[39m
          [36m<div[39m
            [33mclass[39m=[32m"_greenBox_6a550e"[39m
          [36m>[39m
            [36m<div[39m
              [33mclass[39m=[32m"_lineItem_6a550e"[39m
            [36m>[39m
              [36m<div[39m
                [33mclass[39m=[32m"_lineItemFields_6a550e"[39m
              [36m>[39m
                [36m<div[39m
                  [33mclass[39m=[32m"_inputWrapper_c35f6e _descriptionInput_6a550e"[39m
                [36m>[39m
                  [36m<label[39m
                    [33mclass[39m=[32m"_label_c35f6e"[39m
                    [33mfor[39m=[32m":r31:"[39m
                  [36m>[39m
                    [0mDescription[0m
                  [36m</label>[39m
                  [36m<div[39m
                    [33mclass[39m=[32m"_inputContainer_c35f6e"[39m
                  [36m>[39m
                    [36m<input[39m
                      [33maria-invalid[39m=[32m"false"[39m
                      [33mclass[39m=[32m"_input_c35f6e"[39m
                      [33mid[39m=[32m":r31:"[39m
                      [33mplaceholder[39m=[32m"e.g., Rent, utilities"[39m
                      [33mvalue[39m=[32m""[39m
                    [36m/>[39m
                  [36m</div>[39m
                [36m</div>[39m
                [36m<div[39m
                  [33mclass[39m=[32m"_inputWrapper_c35f6e _amountInput_6a550e"[39m
                [36m>[39m
                  [36m<label[39m
                    [33mclass[39m=[32m"_label_c35f6e"[39m
                    [33mfor[39m=[32m":r32:"[39m
                  [36m>[39m
                    [0mAmount[0m
                  [36m</label>[39m
                  [36m<div[39m
                    [33mclass[39m=[32m"_inputContainer_c35f6e"[39m
                  [36m>[39m
                    [36m<input[39m
                      [33maria-invalid[39m=[32m"false"[39m
                      [33mclass[39m=[32m"_input_c35f6e"[39m
                      [33mid[39m=[32m":r32:"[39m
                      [33mmin[39m=[32m"0"[39m
                      [33mplaceholder[39m=[32m"0.00"[39m
                      [33mstep[39m=[32m"0.01"[39m
                      [33mtype[39m=[32m"number"[39m
                      [33mvalue[39m=[32m""[39m
                    [36m/>[39m
                  [36m</div>[39m
                [36m</div>[39m
              [36m</div>[39m
            [36m</div>[39m
            [36m<button[39m
              [33maria-busy[39m=[32m"false"[39m
              [33maria-disabled[39m=[32m"false"[39m
              [33mclass[39m=[32m"_button_c9c6cf _secondary_c9c6cf _sm_c9c6cf _addButton_6a550e"[39m
              [33mtype[39m=[32m"button"[39m
            [36m>[39m
              [36m<span[39m
                [33mclass[39m=[32m"_content_c9c6cf"[39m
              [36m>[39m
                [0m+ Add Line[0m
              [36m</span>[39m
            [36m</button>[39m
          [36m</div>[39m
        [36m</div>[39m
        [36m<div[39m
          [33mclass[39m=[32m"_subtotal_6a550e"[39m
        [36m>[39m
          [36m<span[39m
            [33mclass[39m=[32m"_subtotalLabel_6a550e"[39m
          [36m>[39m
            [0mTotal Expenses:[0m
          [36m</span>[39m
          [36m<span[39m
            [33mclass[39m=[32m"_subtotalValue_6a550e"[39m
          [36m>[39m
            [0m$[0m
            [0m0.000000[0m
          [36m</span>[39m
        [36m</div>[39m
      [36m</section>[39m
      [36m<section[39m
        [33mclass[39m=[32m"_netIncomeSection_6a550e"[39m
      [36m>[39m
        [36m<div[39m
          [33mclass[39m=[32m"_netIncome_6a550e"[39m
        [36m>[39m
          [36m<span[39m
            [33mclass[39m=[32m"_netIncomeLabel_6a550e"[39m
          [36m>[39m
            [0mNet Income (Profit):[0m
          [36m</span>[39m
          [36m<span[39m
            [33mclass[39m=[32m"_netIncomeValue_6a550e _positive_6a550e"[39m
          [36m>[39m
            [0m$[0m
            [0m0.000000[0m
          [36m</span>[39m
        [36m</div>[39m
        [36m<p[39m
          [33mclass[39m=[32m"_netIncomeHelp_6a550e"[39m
        [36m>[39m
          [0mGreat! Your business is profitable this period.[0m
        [36m</p>[39m
      [36m</section>[39m
      [36m<div[39m
        [33mclass[39m=[32m"_actions_6a550e"[39m
      [36m>[39m
        [36m<div[39m
          [33mclass[39m=[32m"_actionButtons_6a550e"[39m
        [36m>[39m
          [36m<button[39m
            [33maria-busy[39m=[32m"false"[39m
            [33maria-disabled[39m=[32m"false"[39m
            [33mclass[39m=[32m"_button_c9c6cf _primary_c9c6cf _md_c9c6cf"[39m
            [33mtype[39m=[32m"button"[39m
          [36m>[39m
            [36m<span[39m
              [33mclass[39m=[32m"_content_c9c6cf"[39m
            [36m>[39m
              [0mSave P&L Statement[0m
            [36m</span>[39m
          [36m</button>[39m
        [36m</div>[39m
      [36m</div>[39m
    [36m</div>[39m
  [36m</div>[39m
[36m</body>[39m
 ❯ Object.getElementError node_modules/@testing-library/react/node_modules/@testing-library/dom/dist/config.js:37:19
 ❯ node_modules/@testing-library/react/node_modules/@testing-library/dom/dist/query-helpers.js:76:38
 ❯ node_modules/@testing-library/react/node_modules/@testing-library/dom/dist/query-helpers.js:52:17
 ❯ node_modules/@testing-library/react/node_modules/@testing-library/dom/dist/query-helpers.js:95:19
 ❯ src/components/cpg/PLEntryForm.test.tsx:160:39
    158|
    159|       // Add a revenue line first
    160|       const addRevenueButton = screen.getByText('+ Add Revenue Line');
       |                                       ^
    161|       fireEvent.click(addRevenueButton);
    162|

⎯⎯⎯⎯⎯⎯⎯⎯⎯⎯⎯⎯⎯⎯⎯⎯⎯⎯⎯⎯[235/824]⎯

 FAIL  src/components/cpg/PLEntryForm.test.tsx > PLEntryForm > Calculations > calculates total revenue
TestingLibraryElementError: Unable to find an element with the text: $1000.00. This could be because the text is broken up by multiple elements. In this case, you can provide a function for your text matcher to make your matcher more flexible.

Ignored nodes: comments, script, style
[36m<body>[39m
  [36m<div>[39m
    [36m<div[39m
      [33mclass[39m=[32m"_form_6a550e"[39m
    [36m>[39m
      [36m<section[39m
        [33mclass[39m=[32m"_section_6a550e"[39m
      [36m>[39m
        [36m<div[39m
          [33mclass[39m=[32m"_sectionHeader_6a550e"[39m
        [36m>[39m
          [36m<h3[39m
            [33mclass[39m=[32m"_sectionTitle_6a550e"[39m
          [36m>[39m
            [0mStatement Period[0m
          [36m</h3>[39m
        [36m</div>[39m
        [36m<div[39m
          [33mclass[39m=[32m"_periodGrid_6a550e"[39m
        [36m>[39m
          [36m<div[39m
            [33mclass[39m=[32m"_selectWrapper_f93aca"[39m
          [36m>[39m
            [36m<label[39m
              [33mclass[39m=[32m"_label_f93aca"[39m
              [33mfor[39m=[32m":r33:"[39m
            [36m>[39m
              [0mPeriod Type[0m
            [36m</label>[39m
            [36m<div[39m
              [33mclass[39m=[32m"_selectContainer_f93aca _md_f93aca"[39m
            [36m>[39m
              [36m<select[39m
                [33maria-invalid[39m=[32m"false"[39m
                [33mclass[39m=[32m"_select_f93aca"[39m
                [33mid[39m=[32m":r33:"[39m
              [36m>[39m
                [36m<option[39m
                  [33mvalue[39m=[32m"monthly"[39m
                [36m>[39m
                  [0mMonthly[0m
                [36m</option>[39m
                [36m<option[39m
                  [33mvalue[39m=[32m"quarterly"[39m
                [36m>[39m
                  [0mQuarterly[0m
                [36m</option>[39m
                [36m<option[39m
                  [33mvalue[39m=[32m"annual"[39m
                [36m>[39m
                  [0mAnnual[0m
                [36m</option>[39m
                [36m<option[39m
                  [33mvalue[39m=[32m"custom"[39m
                [36m>[39m
                  [0mCustom Period[0m
                [36m</option>[39m
              [36m</select>[39m
              [36m<span[39m
                [33maria-hidden[39m=[32m"true"[39m
                [33mclass[39m=[32m"_chevron_f93aca"[39m
              [36m>[39m
                [0m▼[0m
              [36m</span>[39m
            [36m</div>[39m
          [36m</div>[39m
          [36m<div[39m
            [33mclass[39m=[32m"_inputWrapper_c35f6e"[39m
          [36m>[39m
            [36m<label[39m
              [33mclass[39m=[32m"_label_c35f6e"[39m
              [33mfor[39m=[32m":r34:"[39m
            [36m>[39m
              [0mStart Date[0m
            [36m</label>[39m
            [36m<div[39m
              [33mclass[39m=[32m"_inputContainer_c35f6e"[39m
            [36m>[39m
              [36m<input[39m
                [33maria-invalid[39m=[32m"false"[39m
                [33mclass[39m=[32m"_input_c35f6e"[39m
                [33mid[39m=[32m":r34:"[39m
                [33mtype[39m=[32m"date"[39m
                [33mvalue[39m=[32m"2026-04-01"[39m
              [36m/>[39m
            [36m</div>[39m
          [36m</div>[39m
          [36m<div[39m
            [33mclass[39m=[32m"_inputWrapper_c35f6e"[39m
          [36m>[39m
            [36m<label[39m
              [33mclass[39m=[32m"_label_c35f6e"[39m
              [33mfor[39m=[32m":r35:"[39m
            [36m>[39m
              [0mEnd Date[0m
            [36m</label>[39m
            [36m<div[39m
              [33mclass[39m=[32m"_inputContainer_c35f6e"[39m
            [36m>[39m
              [36m<input[39m
                [33maria-invalid[39m=[32m"false"[39m
                [33mclass[39m=[32m"_input_c35f6e"[39m
                [33mid[39m=[32m":r35:"[39m
                [33mtype[39m=[32m"date"[39m
                [33mvalue[39m=[32m"2026-04-30"[39m
              [36m/>[39m
            [36m</div>[39m
          [36m</div>[39m
        [36m</div>[39m
      [36m</section>[39m
      [36m<section[39m
        [33mclass[39m=[32m"_section_6a550e"[39m
      [36m>[39m
        [36m<div[39m
          [33mclass[39m=[32m"_sectionHeader_6a550e"[39m
        [36m>[39m
          [36m<h3[39m
            [33mclass[39m=[32m"_sectionTitle_6a550e"[39m
          [36m>[39m
            [0mRevenue[0m
          [36m</h3>[39m
        [36m</div>[39m
        [36m<div[39m
          [33mclass[39m=[32m"_lineItems_6a550e"[39m
        [36m>[39m
          [36m<div[39m
            [33mclass[39m=[32m"_greenBox_6a550e"[39m
          [36m>[39m
            [36m<div[39m
              [33mclass[39m=[32m"_lineItem_6a550e"[39m
            [36m>[39m
              [36m<div[39m
                [33mclass[39m=[32m"_lineItemFields_6a550e"[39m
              [36m>[39m
                [36m<div[39m
                  [33mclass[39m=[32m"_inputWrapper_c35f6e _descriptionInput_6a550e"[39m
                [36m>[39m
                  [36m<label[39m
                    [33mclass[39m=[32m"_label_c35f6e"[39m
                    [33mfor[39m=[32m":r36:"[39m
                  [36m>[39m
                    [0mDescription[0m
                  [36m</label>[39m
                  [36m<div[39m
                    [33mclass[39m=[32m"_inputContainer_c35f6e"[39m
                  [36m>[39m
                    [36m<input[39m
                      [33maria-invalid[39m=[32m"false"[39m
                      [33mclass[39m=[32m"_input_c35f6e"[39m
                      [33mid[39m=[32m":r36:"[39m
                      [33mplaceholder[39m=[32m"e.g., Product sales"[39m
                      [33mvalue[39m=[32m""[39m
                    [36m/>[39m
                  [36m</div>[39m
                [36m</div>[39m
                [36m<div[39m
                  [33mclass[39m=[32m"_inputWrapper_c35f6e _amountInput_6a550e"[39m
                [36m>[39m
                  [36m<label[39m
                    [33mclass[39m=[32m"_label_c35f6e"[39m
                    [33mfor[39m=[32m":r37:"[39m
                  [36m>[39m
                    [0mAmount[0m
                  [36m</label>[39m
                  [36m<div[39m
                    [33mclass[39m=[32m"_inputContainer_c35f6e"[39m
                  [36m>[39m
                    [36m<input[39m
                      [33maria-invalid[39m=[32m"false"[39m
                      [33mclass[39m=[32m"_input_c35f6e"[39m
                      [33mid[39m=[32m":r37:"[39m
                      [33mmin[39m=[32m"0"[39m
                      [33mplaceholder[39m=[32m"0.00"[39m
                      [33mstep[39m=[32m"0.01"[39m
                      [33mtype[39m=[32m"number"[39m
                      [33mvalue[39m=[32m"1000"[39m
                    [36m/>[39m
                  [36m</div>[39m
                [36m</div>[39m
              [36m</div>[39m
            [36m</div>[39m
            [36m<button[39m
              [33maria-busy[39m=[32m"false"[39m
              [33maria-disabled[39m=[32m"false"[39m
              [33mclass[39m=[32m"_button_c9c6cf _secondary_c9c6cf _sm_c9c6cf _addButton_6a550e"[39m
              [33mtype[39m=[32m"button"[39m
            [36m>[39m
              [36m<span[39m
                [33mclass[39m=[32m"_content_c9c6cf"[39m
              [36m>[39m
                [0m+ Add Line[0m
              [36m</span>[39m
            [36m</button>[39m
          [36m</div>[39m
        [36m</div>[39m
        [36m<div[39m
          [33mclass[39m=[32m"_subtotal_6a550e"[39m
        [36m>[39m
          [36m<span[39m
            [33mclass[39m=[32m"_subtotalLabel_6a550e"[39m
          [36m>[39m
            [0mTotal Revenue:[0m
          [36m</span>[39m
          [36m<span[39m
            [33mclass[39m=[32m"_subtotalValue_6a550e"[39m
          [36m>[39m
            [0m$[0m
            [0m1000.000000[0m
          [36m</span>[39m
        [36m</div>[39m
      [36m</section>[39m
      [36m<section[39m
        [33mclass[39m=[32m"_section_6a550e"[39m
      [36m>[39m
        [36m<div[39m
          [33mclass[39m=[32m"_sectionHeader_6a550e"[39m
        [36m>[39m
          [36m<h3[39m
            [33mclass[39m=[32m"_sectionTitle_6a550e"[39m
          [36m>[39m
            [0mCost of Goods Sold (COGS)[0m
          [36m</h3>[39m
        [36m</div>[39m
        [36m<div[39m
          [33mclass[39m=[32m"_lineItems_6a550e"[39m
        [36m>[39m
          [36m<div[39m
            [33mclass[39m=[32m"_greenBox_6a550e"[39m
          [36m>[39m
            [36m<div[39m
              [33mclass[39m=[32m"_lineItem_6a550e"[39m
            [36m>[39m
              [36m<div[39m
                [33mclass[39m=[32m"_lineItemFields_6a550e"[39m
              [36m>[39m
                [36m<div[39m
                  [33mclass[39m=[32m"_inputWrapper_c35f6e _descriptionInput_6a550e"[39m
                [36m>[39m
                  [36m<label[39m
                    [33mclass[39m=[32m"_label_c35f6e"[39m
                    [33mfor[39m=[32m":r38:"[39m
                  [36m>[39m
                    [0mDescription[0m
                  [36m</label>[39m
                  [36m<div[39m
                    [33mclass[39m=[32m"_inputContainer_c35f6e"[39m
                  [36m>[39m
                    [36m<input[39m
                      [33maria-invalid[39m=[32m"false"[39m
                      [33mclass[39m=[32m"_input_c35f6e"[39m
                      [33mid[39m=[32m":r38:"[39m
                      [33mplaceholder[39m=[32m"e.g., Raw materials"[39m
                      [33mvalue[39m=[32m""[39m
                    [36m/>[39m
                  [36m</div>[39m
                [36m</div>[39m
                [36m<div[39m
                  [33mclass[39m=[32m"_inputWrapper_c35f6e _amountInput_6a550e"[39m
                [36m>[39m
                  [36m<label[39m
                    [33mclass[39m=[32m"_label_c35f6e"[39m
                    [33mfor[39m=[32m":r39:"[39m
                  [36m>[39m
                    [0mAmount[0m
                  [36m</label>[39m
                  [36m<div[39m
                    [33mclass[39m=[32m"_inputContainer_c35f6e"[39m
                  [36m>[39m
                    [36m<input[39m
                      [33maria-invalid[39m=[32m"false"[39m
                      [33mclass[39m=[32m"_input_c35f6e"[39m
                      [33mid[39m=[32m":r39:"[39m
                      [33mmin[39m=[32m"0"[39m
                      [33mplaceholder[39m=[32m"0.00"[39m
                      [33mstep[39m=[32m"0.01"[39m
                      [33mtype[39m=[32m"number"[39m
                      [33mvalue[39m=[32m""[39m
                    [36m/>[39m
                  [36m</div>[39m
                [36m</div>[39m
              [36m</div>[39m
            [36m</div>[39m
            [36m<button[39m
              [33maria-busy[39m=[32m"false"[39m
              [33maria-disabled[39m=[32m"false"[39m
              [33mclass[39m=[32m"_button_c9c6cf _secondary_c9c6cf _sm_c9c6cf _addButton_6a550e"[39m
              [33mtype[39m=[32m"button"[39m
            [36m>[39m
              [36m<span[39m
                [33mclass[39m=[32m"_content_c9c6cf"[39m
              [36m>[39m
                [0m+ Add Line[0m
              [36m</span>[39m
            [36m</button>[39m
          [36m</div>[39m
        [36m</div>[39m
        [36m<div[39m
          [33mclass[39m=[32m"_subtotal_6a550e"[39m
        [36m>[39m
          [36m<span[39m
            [33mclass[39m=[32m"_subtotalLabel_6a550e"[39m
          [36m>[39m
            [0mTotal COGS:[0m
          [36m</span>[39m
          [36m<span[39m
            [33mclass[39m=[32m"_subtotalValue_6a550e"[39m
          [36m>[39m
            [0m$[0m
            [0m0.000000[0m
          [36m</span>[39m
        [36m</div>[39m
        [36m<div[39m
          [33mclass[39m=[32m"_grossProfit_6a550e"[39m
        [36m>[39m
          [36m<span[39m
            [33mclass[39m=[32m"_grossProfitLabel_6a550e"[39m
          [36m>[39m
            [0mGross Profit:[0m
          [36m</span>[39m
          [36m<span[39m
            [33mclass[39m=[32m"_grossProfitValue_6a550e"[39m
          [36m>[39m
            [0m$[0m
            [0m1000.000000[0m
          [36m</span>[39m
        [36m</div>[39m
      [36m</section>[39m
      [36m<section[39m
        [33mclass[39m=[32m"_section_6a550e"[39m
      [36m>[39m
        [36m<div[39m
          [33mclass[39m=[32m"_sectionHeader_6a550e"[39m
        [36m>[39m
          [36m<h3[39m
            [33mclass[39m=[32m"_sectionTitle_6a550e"[39m
          [36m>[39m
            [0mExpenses[0m
          [36m</h3>[39m
        [36m</div>[39m
        [36m<div[39m
          [33mclass[39m=[32m"_lineItems_6a550e"[39m
        [36m>[39m
          [36m<div[39m
            [33mclass[39m=[32m"_greenBox_6a550e"[39m
          [36m>[39m
            [36m<div[39m
              [33mclass[39m=[32m"_lineItem_6a550e"[39m
            [36m>[39m
              [36m<div[39m
                [33mclass[39m=[32m"_lineItemFields_6a550e"[39m
              [36m>[39m
                [36m<div[39m
                  [33mclass[39m=[32m"_inputWrapper_c35f6e _descriptionInput_6a550e"[39m
                [36m>[39m
                  [36m<label[39m
                    [33mclass[39m=[32m"_label_c35f6e"[39m
                    [33mfor[39m=[32m":r3a:"[39m
                  [36m>[39m
                    [0mDescription[0m
                  [36m</label>[39m
                  [36m<div[39m
                    [33mclass[39m=[32m"_inputContainer_c35f6e"[39m
                  [36m>[39m
                    [36m<input[39m
                      [33maria-invalid[39m=[32m"false"[39m
                      [33mclass[39m=[32m"_input_c35f6e"[39m
                      [33mid[39m=[32m":r3a:"[39m
                      [33mplaceholder[39m=[32m"e.g., Rent, utilities"[39m
                      [33mvalue[39m=[32m""[39m
                    [36m/>[39m
                  [36m</div>[39m
                [36m</div>[39m
                [36m<div[39m
                  [33mclass[39m=[32m"_inputWrapper_c35f6e _amountInput_6a550e"[39m
                [36m>[39m
                  [36m<label[39m
                    [33mclass[39m=[32m"_label_c35f6e"[39m
                    [33mfor[39m=[32m":r3b:"[39m
                  [36m>[39m
                    [0mAmount[0m
                  [36m</label>[39m
                  [36m<div[39m
                    [33mclass[39m=[32m"_inputContainer_c35f6e"[39m
                  [36m>[39m
                    [36m<input[39m
                      [33maria-invalid[39m=[32m"false"[39m
                      [33mclass[39m=[32m"_input_c35f6e"[39m
                      [33mid[39m=[32m":r3b:"[39m
                      [33mmin[39m=[32m"0"[39m
                      [33mplaceholder[39m=[32m"0.00"[39m
                      [33mstep[39m=[32m"0.01"[39m
                      [33mtype[39m=[32m"number"[39m
                      [33mvalue[39m=[32m""[39m
                    [36m/>[39m
                  [36m</div>[39m
                [36m</div>[39m
              [36m</div>[39m
            [36m</div>[39m
            [36m<button[39m
              [33maria-busy[39m=[32m"false"[39m
              [33maria-disabled[39m=[32m"false"[39m
              [33mclass[39m=[32m"_button_c9c6cf _secondary_c9c6cf _sm_c9c6cf _addButton_6a550e"[39m
              [33mtype[39m=[32m"button"[39m
            [36m>[39m
              [36m<span[39m
                [33mclass[39m=[32m"_content_c9c6cf"[39m
              [36m>[39m
                [0m+ Add Line[0m
              [36m</span>[39m
            [36m</button>[39m
          [36m</div>[39m
        [36m</div>[39m
        [36m<div[39m
          [33mclass[39m=[32m"_subtotal_6a550e"[39m
        [36m>[39m
          [36m<span[39m
            [33mclass[39m=[32m"_subtotalLabel_6a550e"[39m
          [36m>[39m
            [0mTotal Expenses:[0m
          [36m</span>[39m
          [36m<span[39m
            [33mclass[39m=[32m"_subtotalValue_6a550e"[39m
          [36m>[39m
            [0m$[0m
            [0m0.000000[0m
          [36m</span>[39m
        [36m</div>[39m
      [36m</section>[39m
      [36m<section[39m
        [33mclass[39m=[32m"_netIncomeSection_6a550e"[39m
      [36m>[39m
        [36m<div[39m
          [33mclass[39m=[32m"_netIncome_6a550e"[39m
        [36m>[39m
          [36m<span[39m
            [33mclass[39m=[32m"_netIncomeLabel_6a550e"[39m
          [36m>[39m
            [0mNet Income (Profit):[0m
          [36m</span>[39m
          [36m<span[39m
            [33mclass[39m=[32m"_netIncomeValue_6a550e _positive_6a550e"[39m
          [36m>[39m
            [0m$[0m
            [0m1000.000000[0m
          [36m</span>[39m
        [36m</div>[39m
        [36m<p[39m
          [33mclass[39m=[32m"_netIncomeHelp_6a550e"[39m
        [36m>[39m
          [0mGreat! Your business is profitable this period.[0m
        [36m</p>[39m
      [36m</section>[39m
      [36m<div[39m
        [33mclass[39m=[32m"_actions_6a550e"[39m
      [36m>[39m
        [36m<div[39m
          [33mclass[39m=[32m"_actionButtons_6a550e"[39m
        [36m>[39m
          [36m<button[39m
            [33maria-busy[39m=[32m"false"[39m
            [33maria-disabled[39m=[32m"false"[39m
            [33mclass[39m=[32m"_button_c9c6cf _primary_c9c6cf _md_c9c6cf"[39m
            [33mtype[39m=[32m"button"[39m
          [36m>[39m
            [36m<span[39m
              [33mclass[39m=[32m"_content_c9c6cf"[39m
            [36m>[39m
              [0mSave P&L Statement[0m
            [36m</span>[39m
          [36m</button>[39m
        [36m</div>[39m
      [36m</div>[39m
    [36m</div>[39m
  [36m</div>[39m
[36m</body>[39m

Ignored nodes: comments, script, style
[36m<html>[39m
  [36m<head />[39m
  [36m<body>[39m
    [36m<div>[39m
      [36m<div[39m
        [33mclass[39m=[32m"_form_6a550e"[39m
      [36m>[39m
        [36m<section[39m
          [33mclass[39m=[32m"_section_6a550e"[39m
        [36m>[39m
          [36m<div[39m
            [33mclass[39m=[32m"_sectionHeader_6a550e"[39m
          [36m>[39m
            [36m<h3[39m
              [33mclass[39m=[32m"_sectionTitle_6a550e"[39m
            [36m>[39m
              [0mStatement Period[0m
            [36m</h3>[39m
          [36m</div>[39m
          [36m<div[39m
            [33mclass[39m=[32m"_periodGrid_6a550e"[39m
          [36m>[39m
            [36m<div[39m
              [33mclass[39m=[32m"_selectWrapper_f93aca"[39m
            [36m>[39m
              [36m<label[39m
                [33mclass[39m=[32m"_label_f93aca"[39m
                [33mfor[39m=[32m":r33:"[39m
              [36m>[39m
                [0mPeriod Type[0m
              [36m</label>[39m
              [36m<div[39m
                [33mclass[39m=[32m"_selectContainer_f93aca _md_f93aca"[39m
              [36m>[39m
                [36m<select[39m
                  [33maria-invalid[39m=[32m"false"[39m
                  [33mclass[39m=[32m"_select_f93aca"[39m
                  [33mid[39m=[32m":r33:"[39m
                [36m>[39m
                  [36m<option[39m
                    [33mvalue[39m=[32m"monthly"[39m
                  [36m>[39m
                    [0mMonthly[0m
                  [36m</option>[39m
                  [36m<option[39m
                    [33mvalue[39m=[32m"quarterly"[39m
                  [36m>[39m
                    [0mQuarterly[0m
                  [36m</option>[39m
                  [36m<option[39m
                    [33mvalue[39m=[32m"annual"[39m
                  [36m>[39m
                    [0mAnnual[0m
                  [36m</option>[39m
                  [36m<option[39m
                    [33mvalue[39m=[32m"custom"[39m
                  [36m>[39m
                    [0mCustom Period[0m
                  [36m</option>[39m
                [36m</select>[39m
                [36m<span[39m
                  [33maria-hidden[39m=[32m"true"[39m
                  [33mclass[39m=[32m"_chevron_f93aca"[39m
                [36m>[39m
                  [0m▼[0m
                [36m</span>[39m
              [36m</div>[39m
            [36m</div>[39m
            [36m<div[39m
              [33mclass[39m=[32m"_inputWrapper_c35f6e"[39m
            [36m>[39m
              [36m<label[39m
                [33mclass[39m=[32m"_label_c35f6e"[39m
                [33mfor[39m=[32m":r34:"[39m
              [36m>[39m
                [0mStart Date[0m
              [36m</label>[39m
              [36m<div[39m
                [33mclass[39m=[32m"_inputContainer_c35f6e"[39m
              [36m>[39m
                [36m<input[39m
                  [33maria-invalid[39m=[32m"false"[39m
                  [33mclass[39m=[32m"_input_c35f6e"[39m
                  [33mid[39m=[32m":r34:"[39m
                  [33mtype[39m=[32m"date"[39m
                  [33mvalue[39m=[32m"2026-04-01"[39m
                [36m/>[39m
              [36m</div>[39m
            [36m</div>[39m
            [36m<div[39m
              [33mclass[39m=[32m"_inputWrapper_c35f6e"[39m
            [36m>[39m
              [36m<label[39m
                [33mclass[39m=[32m"_label_c35f6e"[39m
                [33mfor[39m=[32m":r35:"[39m
              [36m>[39m
                [0mEnd Date[0m
              [36m</label>[39m
              [36m<div[39m
                [33mclass[39m=[32m"_inputContainer_c35f6e"[39m
              [36m>[39m
                [36m<input[39m
                  [33maria-invalid[39m=[32m"false"[39m
                  [33mclass[39m=[32m"_input_c35f6e"[39m
                  [33mid[39m=[32m":r35:"[39m
                  [33mtype[39m=[32m"date"[39m
                  [33mvalue[39m=[32m"2026-04-30"[39m
                [36m/>[39m
              [36m</div>[39m
            [36m</div>[39m
          [36m</div>[39m
        [36m</section>[39m
        [36m<section[39m
          [33mclass[39m=[32m"_section_6a550e"[39m
        [36m>[39m
          [36m<div[39m
            [33mclass[39m=[32m"_sectionHeader_6a550e"[39m
          [36m>[39m
            [36m<h3[39m
              [33mclass[39m=[32m"_sectionTitle_6a550e"[39m
            [36m>[39m
              [0mRevenue[0m
            [36m</h3>[39m
          [36m</div>[39m
          [36m<div[39m
            [33mclass[39m=[32m"_lineItems_6a550e"[39m
          [36m>[39m
            [36m<div[39m
              [33mclass[39m=[32m"_greenBox_6a550e"[39m
            [36m>[39m
              [36m<div[39m
                [33mclass[39m=[32m"_lineItem_6a550e"[39m
              [36m>[39m
                [36m<div[39m
                  [33mclass[39m=[32m"_lineItemFields_6a550e"[39m
                [36m>[39m
                  [36m<div[39m
                    [33mclass[39m=[32m"_inputWrapper_c35f6e _descriptionInput_6a550e"[39m
                  [36m>[39m
                    [36m<label[39m
                      [33mclass[39m=[32m"_label_c35f6e"[39m
                      [33mfor[39m=[32m":r36:"[39m
                    [36m>[39m
                      [0mDescription[0m
                    [36m</label>[39m
                    [36m<div[39m
                      [33mclass[39m=[32m"_inputContainer_c35f6e"[39m
                    [36m>[39m
                      [36m<input[39m
                        [33maria-invalid[39m=[32m"false"[39m
                        [33mclass[39m=[32m"_input_c35f6e"[39m
                        [33mid[39m=[32m":r36:"[39m
                        [33mplaceholder[39m=[32m"e.g., Product sales"[39m
                        [33mvalue[39m=[32m""[39m
                      [36m/>[39m
                    [36m</div>[39m
                  [36m</div>[39m
                  [36m<div[39m
                    [33mclass[39m=[32m"_inputWrapper_c35f6e _amountInput_6a550e"[39m
                  [36m>[39m
                    [36m<label[39m
                      [33mclass[39m=[32m"_label_c35f6e"[39m
                      [33mfor[39m=[32m":r37:"[39m
                    [36m>[39m
                      [0mAmount[0m
                    [36m</label>[39m
                    [36m<div[39m
                      [33mclass[39m=[32m"_inputContainer_c35f6e"[39m
                    [36m>[39m
                      [36m<input[39m
                        [33maria-invalid[39m=[32m"false"[39m
                        [33mclass[39m=[32m"_input_c35f6e"[39m
                        [33mid[39m=[32m":r37:"[39m
               ...
 ❯ waitForWrapper node_modules/@testing-library/react/node_modules/@testing-library/dom/dist/wait-for.js:163:27
 ❯ src/components/cpg/PLEntryForm.test.tsx:191:13
    189|       fireEvent.change(revenueInput, { target: { value: '1000' } });
    190|
    191|       await waitFor(() => {
       |             ^
    192|         expect(screen.getByText(/Total Revenue:/i)).toBeInTheDocument(…
    193|         expect(screen.getByText('$1000.00')).toBeInTheDocument();

⎯⎯⎯⎯⎯⎯⎯⎯⎯⎯⎯⎯⎯⎯⎯⎯⎯⎯⎯⎯[236/824]⎯

 FAIL  src/components/cpg/PLEntryForm.test.tsx > PLEntryForm > Calculations > calculates gross profit
TestingLibraryElementError: Unable to find an element with the text: $600.00. This could be because the text is broken up by multiple elements. In this case, you can provide a function for your text matcher to make your matcher more flexible.

Ignored nodes: comments, script, style
[36m<body>[39m
  [36m<div>[39m
    [36m<div[39m
      [33mclass[39m=[32m"_form_6a550e"[39m
    [36m>[39m
      [36m<section[39m
        [33mclass[39m=[32m"_section_6a550e"[39m
      [36m>[39m
        [36m<div[39m
          [33mclass[39m=[32m"_sectionHeader_6a550e"[39m
        [36m>[39m
          [36m<h3[39m
            [33mclass[39m=[32m"_sectionTitle_6a550e"[39m
          [36m>[39m
            [0mStatement Period[0m
          [36m</h3>[39m
        [36m</div>[39m
        [36m<div[39m
          [33mclass[39m=[32m"_periodGrid_6a550e"[39m
        [36m>[39m
          [36m<div[39m
            [33mclass[39m=[32m"_selectWrapper_f93aca"[39m
          [36m>[39m
            [36m<label[39m
              [33mclass[39m=[32m"_label_f93aca"[39m
              [33mfor[39m=[32m":r3c:"[39m
            [36m>[39m
              [0mPeriod Type[0m
            [36m</label>[39m
            [36m<div[39m
              [33mclass[39m=[32m"_selectContainer_f93aca _md_f93aca"[39m
            [36m>[39m
              [36m<select[39m
                [33maria-invalid[39m=[32m"false"[39m
                [33mclass[39m=[32m"_select_f93aca"[39m
                [33mid[39m=[32m":r3c:"[39m
              [36m>[39m
                [36m<option[39m
                  [33mvalue[39m=[32m"monthly"[39m
                [36m>[39m
                  [0mMonthly[0m
                [36m</option>[39m
                [36m<option[39m
                  [33mvalue[39m=[32m"quarterly"[39m
                [36m>[39m
                  [0mQuarterly[0m
                [36m</option>[39m
                [36m<option[39m
                  [33mvalue[39m=[32m"annual"[39m
                [36m>[39m
                  [0mAnnual[0m
                [36m</option>[39m
                [36m<option[39m
                  [33mvalue[39m=[32m"custom"[39m
                [36m>[39m
                  [0mCustom Period[0m
                [36m</option>[39m
              [36m</select>[39m
              [36m<span[39m
                [33maria-hidden[39m=[32m"true"[39m
                [33mclass[39m=[32m"_chevron_f93aca"[39m
              [36m>[39m
                [0m▼[0m
              [36m</span>[39m
            [36m</div>[39m
          [36m</div>[39m
          [36m<div[39m
            [33mclass[39m=[32m"_inputWrapper_c35f6e"[39m
          [36m>[39m
            [36m<label[39m
              [33mclass[39m=[32m"_label_c35f6e"[39m
              [33mfor[39m=[32m":r3d:"[39m
            [36m>[39m
              [0mStart Date[0m
            [36m</label>[39m
            [36m<div[39m
              [33mclass[39m=[32m"_inputContainer_c35f6e"[39m
            [36m>[39m
              [36m<input[39m
                [33maria-invalid[39m=[32m"false"[39m
                [33mclass[39m=[32m"_input_c35f6e"[39m
                [33mid[39m=[32m":r3d:"[39m
                [33mtype[39m=[32m"date"[39m
                [33mvalue[39m=[32m"2026-04-01"[39m
              [36m/>[39m
            [36m</div>[39m
          [36m</div>[39m
          [36m<div[39m
            [33mclass[39m=[32m"_inputWrapper_c35f6e"[39m
          [36m>[39m
            [36m<label[39m
              [33mclass[39m=[32m"_label_c35f6e"[39m
              [33mfor[39m=[32m":r3e:"[39m
            [36m>[39m
              [0mEnd Date[0m
            [36m</label>[39m
            [36m<div[39m
              [33mclass[39m=[32m"_inputContainer_c35f6e"[39m
            [36m>[39m
              [36m<input[39m
                [33maria-invalid[39m=[32m"false"[39m
                [33mclass[39m=[32m"_input_c35f6e"[39m
                [33mid[39m=[32m":r3e:"[39m
                [33mtype[39m=[32m"date"[39m
                [33mvalue[39m=[32m"2026-04-30"[39m
              [36m/>[39m
            [36m</div>[39m
          [36m</div>[39m
        [36m</div>[39m
      [36m</section>[39m
      [36m<section[39m
        [33mclass[39m=[32m"_section_6a550e"[39m
      [36m>[39m
        [36m<div[39m
          [33mclass[39m=[32m"_sectionHeader_6a550e"[39m
        [36m>[39m
          [36m<h3[39m
            [33mclass[39m=[32m"_sectionTitle_6a550e"[39m
          [36m>[39m
            [0mRevenue[0m
          [36m</h3>[39m
        [36m</div>[39m
        [36m<div[39m
          [33mclass[39m=[32m"_lineItems_6a550e"[39m
        [36m>[39m
          [36m<div[39m
            [33mclass[39m=[32m"_greenBox_6a550e"[39m
          [36m>[39m
            [36m<div[39m
              [33mclass[39m=[32m"_lineItem_6a550e"[39m
            [36m>[39m
              [36m<div[39m
                [33mclass[39m=[32m"_lineItemFields_6a550e"[39m
              [36m>[39m
                [36m<div[39m
                  [33mclass[39m=[32m"_inputWrapper_c35f6e _descriptionInput_6a550e"[39m
                [36m>[39m
                  [36m<label[39m
                    [33mclass[39m=[32m"_label_c35f6e"[39m
                    [33mfor[39m=[32m":r3f:"[39m
                  [36m>[39m
                    [0mDescription[0m
                  [36m</label>[39m
                  [36m<div[39m
                    [33mclass[39m=[32m"_inputContainer_c35f6e"[39m
                  [36m>[39m
                    [36m<input[39m
                      [33maria-invalid[39m=[32m"false"[39m
                      [33mclass[39m=[32m"_input_c35f6e"[39m
                      [33mid[39m=[32m":r3f:"[39m
                      [33mplaceholder[39m=[32m"e.g., Product sales"[39m
                      [33mvalue[39m=[32m""[39m
                    [36m/>[39m
                  [36m</div>[39m
                [36m</div>[39m
                [36m<div[39m
                  [33mclass[39m=[32m"_inputWrapper_c35f6e _amountInput_6a550e"[39m
                [36m>[39m
                  [36m<label[39m
                    [33mclass[39m=[32m"_label_c35f6e"[39m
                    [33mfor[39m=[32m":r3g:"[39m
                  [36m>[39m
                    [0mAmount[0m
                  [36m</label>[39m
                  [36m<div[39m
                    [33mclass[39m=[32m"_inputContainer_c35f6e"[39m
                  [36m>[39m
                    [36m<input[39m
                      [33maria-invalid[39m=[32m"false"[39m
                      [33mclass[39m=[32m"_input_c35f6e"[39m
                      [33mid[39m=[32m":r3g:"[39m
                      [33mmin[39m=[32m"0"[39m
                      [33mplaceholder[39m=[32m"0.00"[39m
                      [33mstep[39m=[32m"0.01"[39m
                      [33mtype[39m=[32m"number"[39m
                      [33mvalue[39m=[32m"1000"[39m
                    [36m/>[39m
                  [36m</div>[39m
                [36m</div>[39m
              [36m</div>[39m
            [36m</div>[39m
            [36m<button[39m
              [33maria-busy[39m=[32m"false"[39m
              [33maria-disabled[39m=[32m"false"[39m
              [33mclass[39m=[32m"_button_c9c6cf _secondary_c9c6cf _sm_c9c6cf _addButton_6a550e"[39m
              [33mtype[39m=[32m"button"[39m
            [36m>[39m
              [36m<span[39m
                [33mclass[39m=[32m"_content_c9c6cf"[39m
              [36m>[39m
                [0m+ Add Line[0m
              [36m</span>[39m
            [36m</button>[39m
          [36m</div>[39m
        [36m</div>[39m
        [36m<div[39m
          [33mclass[39m=[32m"_subtotal_6a550e"[39m
        [36m>[39m
          [36m<span[39m
            [33mclass[39m=[32m"_subtotalLabel_6a550e"[39m
          [36m>[39m
            [0mTotal Revenue:[0m
          [36m</span>[39m
          [36m<span[39m
            [33mclass[39m=[32m"_subtotalValue_6a550e"[39m
          [36m>[39m
            [0m$[0m
            [0m1000.000000[0m
          [36m</span>[39m
        [36m</div>[39m
      [36m</section>[39m
      [36m<section[39m
        [33mclass[39m=[32m"_section_6a550e"[39m
      [36m>[39m
        [36m<div[39m
          [33mclass[39m=[32m"_sectionHeader_6a550e"[39m
        [36m>[39m
          [36m<h3[39m
            [33mclass[39m=[32m"_sectionTitle_6a550e"[39m
          [36m>[39m
            [0mCost of Goods Sold (COGS)[0m
          [36m</h3>[39m
        [36m</div>[39m
        [36m<div[39m
          [33mclass[39m=[32m"_lineItems_6a550e"[39m
        [36m>[39m
          [36m<div[39m
            [33mclass[39m=[32m"_greenBox_6a550e"[39m
          [36m>[39m
            [36m<div[39m
              [33mclass[39m=[32m"_lineItem_6a550e"[39m
            [36m>[39m
              [36m<div[39m
                [33mclass[39m=[32m"_lineItemFields_6a550e"[39m
              [36m>[39m
                [36m<div[39m
                  [33mclass[39m=[32m"_inputWrapper_c35f6e _descriptionInput_6a550e"[39m
                [36m>[39m
                  [36m<label[39m
                    [33mclass[39m=[32m"_label_c35f6e"[39m
                    [33mfor[39m=[32m":r3h:"[39m
                  [36m>[39m
                    [0mDescription[0m
                  [36m</label>[39m
                  [36m<div[39m
                    [33mclass[39m=[32m"_inputContainer_c35f6e"[39m
                  [36m>[39m
                    [36m<input[39m
                      [33maria-invalid[39m=[32m"false"[39m
                      [33mclass[39m=[32m"_input_c35f6e"[39m
                      [33mid[39m=[32m":r3h:"[39m
                      [33mplaceholder[39m=[32m"e.g., Raw materials"[39m
                      [33mvalue[39m=[32m""[39m
                    [36m/>[39m
                  [36m</div>[39m
                [36m</div>[39m
                [36m<div[39m
                  [33mclass[39m=[32m"_inputWrapper_c35f6e _amountInput_6a550e"[39m
                [36m>[39m
                  [36m<label[39m
                    [33mclass[39m=[32m"_label_c35f6e"[39m
                    [33mfor[39m=[32m":r3i:"[39m
                  [36m>[39m
                    [0mAmount[0m
                  [36m</label>[39m
                  [36m<div[39m
                    [33mclass[39m=[32m"_inputContainer_c35f6e"[39m
                  [36m>[39m
                    [36m<input[39m
                      [33maria-invalid[39m=[32m"false"[39m
                      [33mclass[39m=[32m"_input_c35f6e"[39m
                      [33mid[39m=[32m":r3i:"[39m
                      [33mmin[39m=[32m"0"[39m
                      [33mplaceholder[39m=[32m"0.00"[39m
                      [33mstep[39m=[32m"0.01"[39m
                      [33mtype[39m=[32m"number"[39m
                      [33mvalue[39m=[32m"400"[39m
                    [36m/>[39m
                  [36m</div>[39m
                [36m</div>[39m
              [36m</div>[39m
            [36m</div>[39m
            [36m<button[39m
              [33maria-busy[39m=[32m"false"[39m
              [33maria-disabled[39m=[32m"false"[39m
              [33mclass[39m=[32m"_button_c9c6cf _secondary_c9c6cf _sm_c9c6cf _addButton_6a550e"[39m
              [33mtype[39m=[32m"button"[39m
            [36m>[39m
              [36m<span[39m
                [33mclass[39m=[32m"_content_c9c6cf"[39m
              [36m>[39m
                [0m+ Add Line[0m
              [36m</span>[39m
            [36m</button>[39m
          [36m</div>[39m
        [36m</div>[39m
        [36m<div[39m
          [33mclass[39m=[32m"_subtotal_6a550e"[39m
        [36m>[39m
          [36m<span[39m
            [33mclass[39m=[32m"_subtotalLabel_6a550e"[39m
          [36m>[39m
            [0mTotal COGS:[0m
          [36m</span>[39m
          [36m<span[39m
            [33mclass[39m=[32m"_subtotalValue_6a550e"[39m
          [36m>[39m
            [0m$[0m
            [0m400.000000[0m
          [36m</span>[39m
        [36m</div>[39m
        [36m<div[39m
          [33mclass[39m=[32m"_grossProfit_6a550e"[39m
        [36m>[39m
          [36m<span[39m
            [33mclass[39m=[32m"_grossProfitLabel_6a550e"[39m
          [36m>[39m
            [0mGross Profit:[0m
          [36m</span>[39m
          [36m<span[39m
            [33mclass[39m=[32m"_grossProfitValue_6a550e"[39m
          [36m>[39m
            [0m$[0m
            [0m600.000000[0m
          [36m</span>[39m
        [36m</div>[39m
      [36m</section>[39m
      [36m<section[39m
        [33mclass[39m=[32m"_section_6a550e"[39m
      [36m>[39m
        [36m<div[39m
          [33mclass[39m=[32m"_sectionHeader_6a550e"[39m
        [36m>[39m
          [36m<h3[39m
            [33mclass[39m=[32m"_sectionTitle_6a550e"[39m
          [36m>[39m
            [0mExpenses[0m
          [36m</h3>[39m
        [36m</div>[39m
        [36m<div[39m
          [33mclass[39m=[32m"_lineItems_6a550e"[39m
        [36m>[39m
          [36m<div[39m
            [33mclass[39m=[32m"_greenBox_6a550e"[39m
          [36m>[39m
            [36m<div[39m
              [33mclass[39m=[32m"_lineItem_6a550e"[39m
            [36m>[39m
              [36m<div[39m
                [33mclass[39m=[32m"_lineItemFields_6a550e"[39m
              [36m>[39m
                [36m<div[39m
                  [33mclass[39m=[32m"_inputWrapper_c35f6e _descriptionInput_6a550e"[39m
                [36m>[39m
                  [36m<label[39m
                    [33mclass[39m=[32m"_label_c35f6e"[39m
                    [33mfor[39m=[32m":r3j:"[39m
                  [36m>[39m
                    [0mDescription[0m
                  [36m</label>[39m
                  [36m<div[39m
                    [33mclass[39m=[32m"_inputContainer_c35f6e"[39m
                  [36m>[39m
                    [36m<input[39m
                      [33maria-invalid[39m=[32m"false"[39m
                      [33mclass[39m=[32m"_input_c35f6e"[39m
                      [33mid[39m=[32m":r3j:"[39m
                      [33mplaceholder[39m=[32m"e.g., Rent, utilities"[39m
                      [33mvalue[39m=[32m""[39m
                    [36m/>[39m
                  [36m</div>[39m
                [36m</div>[39m
                [36m<div[39m
                  [33mclass[39m=[32m"_inputWrapper_c35f6e _amountInput_6a550e"[39m
                [36m>[39m
                  [36m<label[39m
                    [33mclass[39m=[32m"_label_c35f6e"[39m
                    [33mfor[39m=[32m":r3k:"[39m
                  [36m>[39m
                    [0mAmount[0m
                  [36m</label>[39m
                  [36m<div[39m
                    [33mclass[39m=[32m"_inputContainer_c35f6e"[39m
                  [36m>[39m
                    [36m<input[39m
                      [33maria-invalid[39m=[32m"false"[39m
                      [33mclass[39m=[32m"_input_c35f6e"[39m
                      [33mid[39m=[32m":r3k:"[39m
                      [33mmin[39m=[32m"0"[39m
                      [33mplaceholder[39m=[32m"0.00"[39m
                      [33mstep[39m=[32m"0.01"[39m
                      [33mtype[39m=[32m"number"[39m
                      [33mvalue[39m=[32m""[39m
                    [36m/>[39m
                  [36m</div>[39m
                [36m</div>[39m
              [36m</div>[39m
            [36m</div>[39m
            [36m<button[39m
              [33maria-busy[39m=[32m"false"[39m
              [33maria-disabled[39m=[32m"false"[39m
              [33mclass[39m=[32m"_button_c9c6cf _secondary_c9c6cf _sm_c9c6cf _addButton_6a550e"[39m
              [33mtype[39m=[32m"button"[39m
            [36m>[39m
              [36m<span[39m
                [33mclass[39m=[32m"_content_c9c6cf"[39m
              [36m>[39m
                [0m+ Add Line[0m
              [36m</span>[39m
            [36m</button>[39m
          [36m</div>[39m
        [36m</div>[39m
        [36m<div[39m
          [33mclass[39m=[32m"_subtotal_6a550e"[39m
        [36m>[39m
          [36m<span[39m
            [33mclass[39m=[32m"_subtotalLabel_6a550e"[39m
          [36m>[39m
            [0mTotal Expenses:[0m
          [36m</span>[39m
          [36m<span[39m
            [33mclass[39m=[32m"_subtotalValue_6a550e"[39m
          [36m>[39m
            [0m$[0m
            [0m0.000000[0m
          [36m</span>[39m
        [36m</div>[39m
      [36m</section>[39m
      [36m<section[39m
        [33mclass[39m=[32m"_netIncomeSection_6a550e"[39m
      [36m>[39m
        [36m<div[39m
          [33mclass[39m=[32m"_netIncome_6a550e"[39m
        [36m>[39m
          [36m<span[39m
            [33mclass[39m=[32m"_netIncomeLabel_6a550e"[39m
          [36m>[39m
            [0mNet Income (Profit):[0m
          [36m</span>[39m
          [36m<span[39m
            [33mclass[39m=[32m"_netIncomeValue_6a550e _positive_6a550e"[39m
          [36m>[39m
            [0m$[0m
            [0m600.000000[0m
          [36m</span>[39m
        [36m</div>[39m
        [36m<p[39m
          [33mclass[39m=[32m"_netIncomeHelp_6a550e"[39m
        [36m>[39m
          [0mGreat! Your business is profitable this period.[0m
        [36m</p>[39m
      [36m</section>[39m
      [36m<div[39m
        [33mclass[39m=[32m"_actions_6a550e"[39m
      [36m>[39m
        [36m<div[39m
          [33mclass[39m=[32m"_actionButtons_6a550e"[39m
        [36m>[39m
          [36m<button[39m
            [33maria-busy[39m=[32m"false"[39m
            [33maria-disabled[39m=[32m"false"[39m
            [33mclass[39m=[32m"_button_c9c6cf _primary_c9c6cf _md_c9c6cf"[39m
            [33mtype[39m=[32m"button"[39m
          [36m>[39m
            [36m<span[39m
              [33mclass[39m=[32m"_content_c9c6cf"[39m
            [36m>[39m
              [0mSave P&L Statement[0m
            [36m</span>[39m
          [36m</button>[39m
        [36m</div>[39m
      [36m</div>[39m
    [36m</div>[39m
  [36m</div>[39m
[36m</body>[39m

Ignored nodes: comments, script, style
[36m<html>[39m
  [36m<head />[39m
  [36m<body>[39m
    [36m<div>[39m
      [36m<div[39m
        [33mclass[39m=[32m"_form_6a550e"[39m
      [36m>[39m
        [36m<section[39m
          [33mclass[39m=[32m"_section_6a550e"[39m
        [36m>[39m
          [36m<div[39m
            [33mclass[39m=[32m"_sectionHeader_6a550e"[39m
          [36m>[39m
            [36m<h3[39m
              [33mclass[39m=[32m"_sectionTitle_6a550e"[39m
            [36m>[39m
              [0mStatement Period[0m
            [36m</h3>[39m
          [36m</div>[39m
          [36m<div[39m
            [33mclass[39m=[32m"_periodGrid_6a550e"[39m
          [36m>[39m
            [36m<div[39m
              [33mclass[39m=[32m"_selectWrapper_f93aca"[39m
            [36m>[39m
              [36m<label[39m
                [33mclass[39m=[32m"_label_f93aca"[39m
                [33mfor[39m=[32m":r3c:"[39m
              [36m>[39m
                [0mPeriod Type[0m
              [36m</label>[39m
              [36m<div[39m
                [33mclass[39m=[32m"_selectContainer_f93aca _md_f93aca"[39m
              [36m>[39m
                [36m<select[39m
                  [33maria-invalid[39m=[32m"false"[39m
                  [33mclass[39m=[32m"_select_f93aca"[39m
                  [33mid[39m=[32m":r3c:"[39m
                [36m>[39m
                  [36m<option[39m
                    [33mvalue[39m=[32m"monthly"[39m
                  [36m>[39m
                    [0mMonthly[0m
                  [36m</option>[39m
                  [36m<option[39m
                    [33mvalue[39m=[32m"quarterly"[39m
                  [36m>[39m
                    [0mQuarterly[0m
                  [36m</option>[39m
                  [36m<option[39m
                    [33mvalue[39m=[32m"annual"[39m
                  [36m>[39m
                    [0mAnnual[0m
                  [36m</option>[39m
                  [36m<option[39m
                    [33mvalue[39m=[32m"custom"[39m
                  [36m>[39m
                    [0mCustom Period[0m
                  [36m</option>[39m
                [36m</select>[39m
                [36m<span[39m
                  [33maria-hidden[39m=[32m"true"[39m
                  [33mclass[39m=[32m"_chevron_f93aca"[39m
                [36m>[39m
                  [0m▼[0m
                [36m</span>[39m
              [36m</div>[39m
            [36m</div>[39m
            [36m<div[39m
              [33mclass[39m=[32m"_inputWrapper_c35f6e"[39m
            [36m>[39m
              [36m<label[39m
                [33mclass[39m=[32m"_label_c35f6e"[39m
                [33mfor[39m=[32m":r3d:"[39m
              [36m>[39m
                [0mStart Date[0m
              [36m</label>[39m
              [36m<div[39m
                [33mclass[39m=[32m"_inputContainer_c35f6e"[39m
              [36m>[39m
                [36m<input[39m
                  [33maria-invalid[39m=[32m"false"[39m
                  [33mclass[39m=[32m"_input_c35f6e"[39m
                  [33mid[39m=[32m":r3d:"[39m
                  [33mtype[39m=[32m"date"[39m
                  [33mvalue[39m=[32m"2026-04-01"[39m
                [36m/>[39m
              [36m</div>[39m
            [36m</div>[39m
            [36m<div[39m
              [33mclass[39m=[32m"_inputWrapper_c35f6e"[39m
            [36m>[39m
              [36m<label[39m
                [33mclass[39m=[32m"_label_c35f6e"[39m
                [33mfor[39m=[32m":r3e:"[39m
              [36m>[39m
                [0mEnd Date[0m
              [36m</label>[39m
              [36m<div[39m
                [33mclass[39m=[32m"_inputContainer_c35f6e"[39m
              [36m>[39m
                [36m<input[39m
                  [33maria-invalid[39m=[32m"false"[39m
                  [33mclass[39m=[32m"_input_c35f6e"[39m
                  [33mid[39m=[32m":r3e:"[39m
                  [33mtype[39m=[32m"date"[39m
                  [33mvalue[39m=[32m"2026-04-30"[39m
                [36m/>[39m
              [36m</div>[39m
            [36m</div>[39m
          [36m</div>[39m
        [36m</section>[39m
        [36m<section[39m
          [33mclass[39m=[32m"_section_6a550e"[39m
        [36m>[39m
          [36m<div[39m
            [33mclass[39m=[32m"_sectionHeader_6a550e"[39m
          [36m>[39m
            [36m<h3[39m
              [33mclass[39m=[32m"_sectionTitle_6a550e"[39m
            [36m>[39m
              [0mRevenue[0m
            [36m</h3>[39m
          [36m</div>[39m
          [36m<div[39m
            [33mclass[39m=[32m"_lineItems_6a550e"[39m
          [36m>[39m
            [36m<div[39m
              [33mclass[39m=[32m"_greenBox_6a550e"[39m
            [36m>[39m
              [36m<div[39m
                [33mclass[39m=[32m"_lineItem_6a550e"[39m
              [36m>[39m
                [36m<div[39m
                  [33mclass[39m=[32m"_lineItemFields_6a550e"[39m
                [36m>[39m
                  [36m<div[39m
                    [33mclass[39m=[32m"_inputWrapper_c35f6e _descriptionInput_6a550e"[39m
                  [36m>[39m
                    [36m<label[39m
                      [33mclass[39m=[32m"_label_c35f6e"[39m
                      [33mfor[39m=[32m":r3f:"[39m
                    [36m>[39m
                      [0mDescription[0m
                    [36m</label>[39m
                    [36m<div[39m
                      [33mclass[39m=[32m"_inputContainer_c35f6e"[39m
                    [36m>[39m
                      [36m<input[39m
                        [33maria-invalid[39m=[32m"false"[39m
                        [33mclass[39m=[32m"_input_c35f6e"[39m
                        [33mid[39m=[32m":r3f:"[39m
                        [33mplaceholder[39m=[32m"e.g., Product sales"[39m
                        [33mvalue[39m=[32m""[39m
                      [36m/>[39m
                    [36m</div>[39m
                  [36m</div>[39m
                  [36m<div[39m
                    [33mclass[39m=[32m"_inputWrapper_c35f6e _amountInput_6a550e"[39m
                  [36m>[39m
                    [36m<label[39m
                      [33mclass[39m=[32m"_label_c35f6e"[39m
                      [33mfor[39m=[32m":r3g:"[39m
                    [36m>[39m
                      [0mAmount[0m
                    [36m</label>[39m
                    [36m<div[39m
                      [33mclass[39m=[32m"_inputContainer_c35f6e"[39m
                    [36m>[39m
                      [36m<input[39m
                        [33maria-invalid[39m=[32m"false"[39m
                        [33mclass[39m=[32m"_input_c35f6e"[39m
                        [33mid[39m=[32m":r3g:"[39m
               ...
 ❯ waitForWrapper node_modules/@testing-library/react/node_modules/@testing-library/dom/dist/wait-for.js:163:27
 ❯ src/components/cpg/PLEntryForm.test.tsx:210:13
    208|       fireEvent.change(amountInputs[1], { target: { value: '400' } });
    209|
    210|       await waitFor(() => {
       |             ^
    211|         expect(screen.getByText(/Gross Profit:/i)).toBeInTheDocument();
    212|         expect(screen.getByText('$600.00')).toBeInTheDocument();

⎯⎯⎯⎯⎯⎯⎯⎯⎯⎯⎯⎯⎯⎯⎯⎯⎯⎯⎯⎯[237/824]⎯

 FAIL  src/components/cpg/PLEntryForm.test.tsx > PLEntryForm > Calculations > calculates net income
TestingLibraryElementError: Unable to find an element with the text: $400.00. This could be because the text is broken up by multiple elements. In this case, you can provide a function for your text matcher to make your matcher more flexible.

Ignored nodes: comments, script, style
[36m<body>[39m
  [36m<div>[39m
    [36m<div[39m
      [33mclass[39m=[32m"_form_6a550e"[39m
    [36m>[39m
      [36m<section[39m
        [33mclass[39m=[32m"_section_6a550e"[39m
      [36m>[39m
        [36m<div[39m
          [33mclass[39m=[32m"_sectionHeader_6a550e"[39m
        [36m>[39m
          [36m<h3[39m
            [33mclass[39m=[32m"_sectionTitle_6a550e"[39m
          [36m>[39m
            [0mStatement Period[0m
          [36m</h3>[39m
        [36m</div>[39m
        [36m<div[39m
          [33mclass[39m=[32m"_periodGrid_6a550e"[39m
        [36m>[39m
          [36m<div[39m
            [33mclass[39m=[32m"_selectWrapper_f93aca"[39m
          [36m>[39m
            [36m<label[39m
              [33mclass[39m=[32m"_label_f93aca"[39m
              [33mfor[39m=[32m":r3l:"[39m
            [36m>[39m
              [0mPeriod Type[0m
            [36m</label>[39m
            [36m<div[39m
              [33mclass[39m=[32m"_selectContainer_f93aca _md_f93aca"[39m
            [36m>[39m
              [36m<select[39m
                [33maria-invalid[39m=[32m"false"[39m
                [33mclass[39m=[32m"_select_f93aca"[39m
                [33mid[39m=[32m":r3l:"[39m
              [36m>[39m
                [36m<option[39m
                  [33mvalue[39m=[32m"monthly"[39m
                [36m>[39m
                  [0mMonthly[0m
                [36m</option>[39m
                [36m<option[39m
                  [33mvalue[39m=[32m"quarterly"[39m
                [36m>[39m
                  [0mQuarterly[0m
                [36m</option>[39m
                [36m<option[39m
                  [33mvalue[39m=[32m"annual"[39m
                [36m>[39m
                  [0mAnnual[0m
                [36m</option>[39m
                [36m<option[39m
                  [33mvalue[39m=[32m"custom"[39m
                [36m>[39m
                  [0mCustom Period[0m
                [36m</option>[39m
              [36m</select>[39m
              [36m<span[39m
                [33maria-hidden[39m=[32m"true"[39m
                [33mclass[39m=[32m"_chevron_f93aca"[39m
              [36m>[39m
                [0m▼[0m
              [36m</span>[39m
            [36m</div>[39m
          [36m</div>[39m
          [36m<div[39m
            [33mclass[39m=[32m"_inputWrapper_c35f6e"[39m
          [36m>[39m
            [36m<label[39m
              [33mclass[39m=[32m"_label_c35f6e"[39m
              [33mfor[39m=[32m":r3m:"[39m
            [36m>[39m
              [0mStart Date[0m
            [36m</label>[39m
            [36m<div[39m
              [33mclass[39m=[32m"_inputContainer_c35f6e"[39m
            [36m>[39m
              [36m<input[39m
                [33maria-invalid[39m=[32m"false"[39m
                [33mclass[39m=[32m"_input_c35f6e"[39m
                [33mid[39m=[32m":r3m:"[39m
                [33mtype[39m=[32m"date"[39m
                [33mvalue[39m=[32m"2026-04-01"[39m
              [36m/>[39m
            [36m</div>[39m
          [36m</div>[39m
          [36m<div[39m
            [33mclass[39m=[32m"_inputWrapper_c35f6e"[39m
          [36m>[39m
            [36m<label[39m
              [33mclass[39m=[32m"_label_c35f6e"[39m
              [33mfor[39m=[32m":r3n:"[39m
            [36m>[39m
              [0mEnd Date[0m
            [36m</label>[39m
            [36m<div[39m
              [33mclass[39m=[32m"_inputContainer_c35f6e"[39m
            [36m>[39m
              [36m<input[39m
                [33maria-invalid[39m=[32m"false"[39m
                [33mclass[39m=[32m"_input_c35f6e"[39m
                [33mid[39m=[32m":r3n:"[39m
                [33mtype[39m=[32m"date"[39m
                [33mvalue[39m=[32m"2026-04-30"[39m
              [36m/>[39m
            [36m</div>[39m
          [36m</div>[39m
        [36m</div>[39m
      [36m</section>[39m
      [36m<section[39m
        [33mclass[39m=[32m"_section_6a550e"[39m
      [36m>[39m
        [36m<div[39m
          [33mclass[39m=[32m"_sectionHeader_6a550e"[39m
        [36m>[39m
          [36m<h3[39m
            [33mclass[39m=[32m"_sectionTitle_6a550e"[39m
          [36m>[39m
            [0mRevenue[0m
          [36m</h3>[39m
        [36m</div>[39m
        [36m<div[39m
          [33mclass[39m=[32m"_lineItems_6a550e"[39m
        [36m>[39m
          [36m<div[39m
            [33mclass[39m=[32m"_greenBox_6a550e"[39m
          [36m>[39m
            [36m<div[39m
              [33mclass[39m=[32m"_lineItem_6a550e"[39m
            [36m>[39m
              [36m<div[39m
                [33mclass[39m=[32m"_lineItemFields_6a550e"[39m
              [36m>[39m
                [36m<div[39m
                  [33mclass[39m=[32m"_inputWrapper_c35f6e _descriptionInput_6a550e"[39m
                [36m>[39m
                  [36m<label[39m
                    [33mclass[39m=[32m"_label_c35f6e"[39m
                    [33mfor[39m=[32m":r3o:"[39m
                  [36m>[39m
                    [0mDescription[0m
                  [36m</label>[39m
                  [36m<div[39m
                    [33mclass[39m=[32m"_inputContainer_c35f6e"[39m
                  [36m>[39m
                    [36m<input[39m
                      [33maria-invalid[39m=[32m"false"[39m
                      [33mclass[39m=[32m"_input_c35f6e"[39m
                      [33mid[39m=[32m":r3o:"[39m
                      [33mplaceholder[39m=[32m"e.g., Product sales"[39m
                      [33mvalue[39m=[32m""[39m
                    [36m/>[39m
                  [36m</div>[39m
                [36m</div>[39m
                [36m<div[39m
                  [33mclass[39m=[32m"_inputWrapper_c35f6e _amountInput_6a550e"[39m
                [36m>[39m
                  [36m<label[39m
                    [33mclass[39m=[32m"_label_c35f6e"[39m
                    [33mfor[39m=[32m":r3p:"[39m
                  [36m>[39m
                    [0mAmount[0m
                  [36m</label>[39m
                  [36m<div[39m
                    [33mclass[39m=[32m"_inputContainer_c35f6e"[39m
                  [36m>[39m
                    [36m<input[39m
                      [33maria-invalid[39m=[32m"false"[39m
                      [33mclass[39m=[32m"_input_c35f6e"[39m
                      [33mid[39m=[32m":r3p:"[39m
                      [33mmin[39m=[32m"0"[39m
                      [33mplaceholder[39m=[32m"0.00"[39m
                      [33mstep[39m=[32m"0.01"[39m
                      [33mtype[39m=[32m"number"[39m
                      [33mvalue[39m=[32m"1000"[39m
                    [36m/>[39m
                  [36m</div>[39m
                [36m</div>[39m
              [36m</div>[39m
            [36m</div>[39m
            [36m<button[39m
              [33maria-busy[39m=[32m"false"[39m
              [33maria-disabled[39m=[32m"false"[39m
              [33mclass[39m=[32m"_button_c9c6cf _secondary_c9c6cf _sm_c9c6cf _addButton_6a550e"[39m
              [33mtype[39m=[32m"button"[39m
            [36m>[39m
              [36m<span[39m
                [33mclass[39m=[32m"_content_c9c6cf"[39m
              [36m>[39m
                [0m+ Add Line[0m
              [36m</span>[39m
            [36m</button>[39m
          [36m</div>[39m
        [36m</div>[39m
        [36m<div[39m
          [33mclass[39m=[32m"_subtotal_6a550e"[39m
        [36m>[39m
          [36m<span[39m
            [33mclass[39m=[32m"_subtotalLabel_6a550e"[39m
          [36m>[39m
            [0mTotal Revenue:[0m
          [36m</span>[39m
          [36m<span[39m
            [33mclass[39m=[32m"_subtotalValue_6a550e"[39m
          [36m>[39m
            [0m$[0m
            [0m1000.000000[0m
          [36m</span>[39m
        [36m</div>[39m
      [36m</section>[39m
      [36m<section[39m
        [33mclass[39m=[32m"_section_6a550e"[39m
      [36m>[39m
        [36m<div[39m
          [33mclass[39m=[32m"_sectionHeader_6a550e"[39m
        [36m>[39m
          [36m<h3[39m
            [33mclass[39m=[32m"_sectionTitle_6a550e"[39m
          [36m>[39m
            [0mCost of Goods Sold (COGS)[0m
          [36m</h3>[39m
        [36m</div>[39m
        [36m<div[39m
          [33mclass[39m=[32m"_lineItems_6a550e"[39m
        [36m>[39m
          [36m<div[39m
            [33mclass[39m=[32m"_greenBox_6a550e"[39m
          [36m>[39m
            [36m<div[39m
              [33mclass[39m=[32m"_lineItem_6a550e"[39m
            [36m>[39m
              [36m<div[39m
                [33mclass[39m=[32m"_lineItemFields_6a550e"[39m
              [36m>[39m
                [36m<div[39m
                  [33mclass[39m=[32m"_inputWrapper_c35f6e _descriptionInput_6a550e"[39m
                [36m>[39m
                  [36m<label[39m
                    [33mclass[39m=[32m"_label_c35f6e"[39m
                    [33mfor[39m=[32m":r3q:"[39m
                  [36m>[39m
                    [0mDescription[0m
                  [36m</label>[39m
                  [36m<div[39m
                    [33mclass[39m=[32m"_inputContainer_c35f6e"[39m
                  [36m>[39m
                    [36m<input[39m
                      [33maria-invalid[39m=[32m"false"[39m
                      [33mclass[39m=[32m"_input_c35f6e"[39m
                      [33mid[39m=[32m":r3q:"[39m
                      [33mplaceholder[39m=[32m"e.g., Raw materials"[39m
                      [33mvalue[39m=[32m""[39m
                    [36m/>[39m
                  [36m</div>[39m
                [36m</div>[39m
                [36m<div[39m
                  [33mclass[39m=[32m"_inputWrapper_c35f6e _amountInput_6a550e"[39m
                [36m>[39m
                  [36m<label[39m
                    [33mclass[39m=[32m"_label_c35f6e"[39m
                    [33mfor[39m=[32m":r3r:"[39m
                  [36m>[39m
                    [0mAmount[0m
                  [36m</label>[39m
                  [36m<div[39m
                    [33mclass[39m=[32m"_inputContainer_c35f6e"[39m
                  [36m>[39m
                    [36m<input[39m
                      [33maria-invalid[39m=[32m"false"[39m
                      [33mclass[39m=[32m"_input_c35f6e"[39m
                      [33mid[39m=[32m":r3r:"[39m
                      [33mmin[39m=[32m"0"[39m
                      [33mplaceholder[39m=[32m"0.00"[39m
                      [33mstep[39m=[32m"0.01"[39m
                      [33mtype[39m=[32m"number"[39m
                      [33mvalue[39m=[32m"400"[39m
                    [36m/>[39m
                  [36m</div>[39m
                [36m</div>[39m
              [36m</div>[39m
            [36m</div>[39m
            [36m<button[39m
              [33maria-busy[39m=[32m"false"[39m
              [33maria-disabled[39m=[32m"false"[39m
              [33mclass[39m=[32m"_button_c9c6cf _secondary_c9c6cf _sm_c9c6cf _addButton_6a550e"[39m
              [33mtype[39m=[32m"button"[39m
            [36m>[39m
              [36m<span[39m
                [33mclass[39m=[32m"_content_c9c6cf"[39m
              [36m>[39m
                [0m+ Add Line[0m
              [36m</span>[39m
            [36m</button>[39m
          [36m</div>[39m
        [36m</div>[39m
        [36m<div[39m
          [33mclass[39m=[32m"_subtotal_6a550e"[39m
        [36m>[39m
          [36m<span[39m
            [33mclass[39m=[32m"_subtotalLabel_6a550e"[39m
          [36m>[39m
            [0mTotal COGS:[0m
          [36m</span>[39m
          [36m<span[39m
            [33mclass[39m=[32m"_subtotalValue_6a550e"[39m
          [36m>[39m
            [0m$[0m
            [0m400.000000[0m
          [36m</span>[39m
        [36m</div>[39m
        [36m<div[39m
          [33mclass[39m=[32m"_grossProfit_6a550e"[39m
        [36m>[39m
          [36m<span[39m
            [33mclass[39m=[32m"_grossProfitLabel_6a550e"[39m
          [36m>[39m
            [0mGross Profit:[0m
          [36m</span>[39m
          [36m<span[39m
            [33mclass[39m=[32m"_grossProfitValue_6a550e"[39m
          [36m>[39m
            [0m$[0m
            [0m600.000000[0m
          [36m</span>[39m
        [36m</div>[39m
      [36m</section>[39m
      [36m<section[39m
        [33mclass[39m=[32m"_section_6a550e"[39m
      [36m>[39m
        [36m<div[39m
          [33mclass[39m=[32m"_sectionHeader_6a550e"[39m
        [36m>[39m
          [36m<h3[39m
            [33mclass[39m=[32m"_sectionTitle_6a550e"[39m
          [36m>[39m
            [0mExpenses[0m
          [36m</h3>[39m
        [36m</div>[39m
        [36m<div[39m
          [33mclass[39m=[32m"_lineItems_6a550e"[39m
        [36m>[39m
          [36m<div[39m
            [33mclass[39m=[32m"_greenBox_6a550e"[39m
          [36m>[39m
            [36m<div[39m
              [33mclass[39m=[32m"_lineItem_6a550e"[39m
            [36m>[39m
              [36m<div[39m
                [33mclass[39m=[32m"_lineItemFields_6a550e"[39m
              [36m>[39m
                [36m<div[39m
                  [33mclass[39m=[32m"_inputWrapper_c35f6e _descriptionInput_6a550e"[39m
                [36m>[39m
                  [36m<label[39m
                    [33mclass[39m=[32m"_label_c35f6e"[39m
                    [33mfor[39m=[32m":r3s:"[39m
                  [36m>[39m
                    [0mDescription[0m
                  [36m</label>[39m
                  [36m<div[39m
                    [33mclass[39m=[32m"_inputContainer_c35f6e"[39m
                  [36m>[39m
                    [36m<input[39m
                      [33maria-invalid[39m=[32m"false"[39m
                      [33mclass[39m=[32m"_input_c35f6e"[39m
                      [33mid[39m=[32m":r3s:"[39m
                      [33mplaceholder[39m=[32m"e.g., Rent, utilities"[39m
                      [33mvalue[39m=[32m""[39m
                    [36m/>[39m
                  [36m</div>[39m
                [36m</div>[39m
                [36m<div[39m
                  [33mclass[39m=[32m"_inputWrapper_c35f6e _amountInput_6a550e"[39m
                [36m>[39m
                  [36m<label[39m
                    [33mclass[39m=[32m"_label_c35f6e"[39m
                    [33mfor[39m=[32m":r3t:"[39m
                  [36m>[39m
                    [0mAmount[0m
                  [36m</label>[39m
                  [36m<div[39m
                    [33mclass[39m=[32m"_inputContainer_c35f6e"[39m
                  [36m>[39m
                    [36m<input[39m
                      [33maria-invalid[39m=[32m"false"[39m
                      [33mclass[39m=[32m"_input_c35f6e"[39m
                      [33mid[39m=[32m":r3t:"[39m
                      [33mmin[39m=[32m"0"[39m
                      [33mplaceholder[39m=[32m"0.00"[39m
                      [33mstep[39m=[32m"0.01"[39m
                      [33mtype[39m=[32m"number"[39m
                      [33mvalue[39m=[32m"200"[39m
                    [36m/>[39m
                  [36m</div>[39m
                [36m</div>[39m
              [36m</div>[39m
            [36m</div>[39m
            [36m<button[39m
              [33maria-busy[39m=[32m"false"[39m
              [33maria-disabled[39m=[32m"false"[39m
              [33mclass[39m=[32m"_button_c9c6cf _secondary_c9c6cf _sm_c9c6cf _addButton_6a550e"[39m
              [33mtype[39m=[32m"button"[39m
            [36m>[39m
              [36m<span[39m
                [33mclass[39m=[32m"_content_c9c6cf"[39m
              [36m>[39m
                [0m+ Add Line[0m
              [36m</span>[39m
            [36m</button>[39m
          [36m</div>[39m
        [36m</div>[39m
        [36m<div[39m
          [33mclass[39m=[32m"_subtotal_6a550e"[39m
        [36m>[39m
          [36m<span[39m
            [33mclass[39m=[32m"_subtotalLabel_6a550e"[39m
          [36m>[39m
            [0mTotal Expenses:[0m
          [36m</span>[39m
          [36m<span[39m
            [33mclass[39m=[32m"_subtotalValue_6a550e"[39m
          [36m>[39m
            [0m$[0m
            [0m200.000000[0m
          [36m</span>[39m
        [36m</div>[39m
      [36m</section>[39m
      [36m<section[39m
        [33mclass[39m=[32m"_netIncomeSection_6a550e"[39m
      [36m>[39m
        [36m<div[39m
          [33mclass[39m=[32m"_netIncome_6a550e"[39m
        [36m>[39m
          [36m<span[39m
            [33mclass[39m=[32m"_netIncomeLabel_6a550e"[39m
          [36m>[39m
            [0mNet Income (Profit):[0m
          [36m</span>[39m
          [36m<span[39m
            [33mclass[39m=[32m"_netIncomeValue_6a550e _positive_6a550e"[39m
          [36m>[39m
            [0m$[0m
            [0m400.000000[0m
          [36m</span>[39m
        [36m</div>[39m
        [36m<p[39m
          [33mclass[39m=[32m"_netIncomeHelp_6a550e"[39m
        [36m>[39m
          [0mGreat! Your business is profitable this period.[0m
        [36m</p>[39m
      [36m</section>[39m
      [36m<div[39m
        [33mclass[39m=[32m"_actions_6a550e"[39m
      [36m>[39m
        [36m<div[39m
          [33mclass[39m=[32m"_actionButtons_6a550e"[39m
        [36m>[39m
          [36m<button[39m
            [33maria-busy[39m=[32m"false"[39m
            [33maria-disabled[39m=[32m"false"[39m
            [33mclass[39m=[32m"_button_c9c6cf _primary_c9c6cf _md_c9c6cf"[39m
            [33mtype[39m=[32m"button"[39m
          [36m>[39m
            [36m<span[39m
              [33mclass[39m=[32m"_content_c9c6cf"[39m
            [36m>[39m
              [0mSave P&L Statement[0m
            [36m</span>[39m
          [36m</button>[39m
        [36m</div>[39m
      [36m</div>[39m
    [36m</div>[39m
  [36m</div>[39m
[36m</body>[39m

Ignored nodes: comments, script, style
[36m<html>[39m
  [36m<head />[39m
  [36m<body>[39m
    [36m<div>[39m
      [36m<div[39m
        [33mclass[39m=[32m"_form_6a550e"[39m
      [36m>[39m
        [36m<section[39m
          [33mclass[39m=[32m"_section_6a550e"[39m
        [36m>[39m
          [36m<div[39m
            [33mclass[39m=[32m"_sectionHeader_6a550e"[39m
          [36m>[39m
            [36m<h3[39m
              [33mclass[39m=[32m"_sectionTitle_6a550e"[39m
            [36m>[39m
              [0mStatement Period[0m
            [36m</h3>[39m
          [36m</div>[39m
          [36m<div[39m
            [33mclass[39m=[32m"_periodGrid_6a550e"[39m
          [36m>[39m
            [36m<div[39m
              [33mclass[39m=[32m"_selectWrapper_f93aca"[39m
            [36m>[39m
              [36m<label[39m
                [33mclass[39m=[32m"_label_f93aca"[39m
                [33mfor[39m=[32m":r3l:"[39m
              [36m>[39m
                [0mPeriod Type[0m
              [36m</label>[39m
              [36m<div[39m
                [33mclass[39m=[32m"_selectContainer_f93aca _md_f93aca"[39m
              [36m>[39m
                [36m<select[39m
                  [33maria-invalid[39m=[32m"false"[39m
                  [33mclass[39m=[32m"_select_f93aca"[39m
                  [33mid[39m=[32m":r3l:"[39m
                [36m>[39m
                  [36m<option[39m
                    [33mvalue[39m=[32m"monthly"[39m
                  [36m>[39m
                    [0mMonthly[0m
                  [36m</option>[39m
                  [36m<option[39m
                    [33mvalue[39m=[32m"quarterly"[39m
                  [36m>[39m
                    [0mQuarterly[0m
                  [36m</option>[39m
                  [36m<option[39m
                    [33mvalue[39m=[32m"annual"[39m
                  [36m>[39m
                    [0mAnnual[0m
                  [36m</option>[39m
                  [36m<option[39m
                    [33mvalue[39m=[32m"custom"[39m
                  [36m>[39m
                    [0mCustom Period[0m
                  [36m</option>[39m
                [36m</select>[39m
                [36m<span[39m
                  [33maria-hidden[39m=[32m"true"[39m
                  [33mclass[39m=[32m"_chevron_f93aca"[39m
                [36m>[39m
                  [0m▼[0m
                [36m</span>[39m
              [36m</div>[39m
            [36m</div>[39m
            [36m<div[39m
              [33mclass[39m=[32m"_inputWrapper_c35f6e"[39m
            [36m>[39m
              [36m<label[39m
                [33mclass[39m=[32m"_label_c35f6e"[39m
                [33mfor[39m=[32m":r3m:"[39m
              [36m>[39m
                [0mStart Date[0m
              [36m</label>[39m
              [36m<div[39m
                [33mclass[39m=[32m"_inputContainer_c35f6e"[39m
              [36m>[39m
                [36m<input[39m
                  [33maria-invalid[39m=[32m"false"[39m
                  [33mclass[39m=[32m"_input_c35f6e"[39m
                  [33mid[39m=[32m":r3m:"[39m
                  [33mtype[39m=[32m"date"[39m
                  [33mvalue[39m=[32m"2026-04-01"[39m
                [36m/>[39m
              [36m</div>[39m
            [36m</div>[39m
            [36m<div[39m
              [33mclass[39m=[32m"_inputWrapper_c35f6e"[39m
            [36m>[39m
              [36m<label[39m
                [33mclass[39m=[32m"_label_c35f6e"[39m
                [33mfor[39m=[32m":r3n:"[39m
              [36m>[39m
                [0mEnd Date[0m
              [36m</label>[39m
              [36m<div[39m
                [33mclass[39m=[32m"_inputContainer_c35f6e"[39m
              [36m>[39m
                [36m<input[39m
                  [33maria-invalid[39m=[32m"false"[39m
                  [33mclass[39m=[32m"_input_c35f6e"[39m
                  [33mid[39m=[32m":r3n:"[39m
                  [33mtype[39m=[32m"date"[39m
                  [33mvalue[39m=[32m"2026-04-30"[39m
                [36m/>[39m
              [36m</div>[39m
            [36m</div>[39m
          [36m</div>[39m
        [36m</section>[39m
        [36m<section[39m
          [33mclass[39m=[32m"_section_6a550e"[39m
        [36m>[39m
          [36m<div[39m
            [33mclass[39m=[32m"_sectionHeader_6a550e"[39m
          [36m>[39m
            [36m<h3[39m
              [33mclass[39m=[32m"_sectionTitle_6a550e"[39m
            [36m>[39m
              [0mRevenue[0m
            [36m</h3>[39m
          [36m</div>[39m
          [36m<div[39m
            [33mclass[39m=[32m"_lineItems_6a550e"[39m
          [36m>[39m
            [36m<div[39m
              [33mclass[39m=[32m"_greenBox_6a550e"[39m
            [36m>[39m
              [36m<div[39m
                [33mclass[39m=[32m"_lineItem_6a550e"[39m
              [36m>[39m
                [36m<div[39m
                  [33mclass[39m=[32m"_lineItemFields_6a550e"[39m
                [36m>[39m
                  [36m<div[39m
                    [33mclass[39m=[32m"_inputWrapper_c35f6e _descriptionInput_6a550e"[39m
                  [36m>[39m
                    [36m<label[39m
                      [33mclass[39m=[32m"_label_c35f6e"[39m
                      [33mfor[39m=[32m":r3o:"[39m
                    [36m>[39m
                      [0mDescription[0m
                    [36m</label>[39m
                    [36m<div[39m
                      [33mclass[39m=[32m"_inputContainer_c35f6e"[39m
                    [36m>[39m
                      [36m<input[39m
                        [33maria-invalid[39m=[32m"false"[39m
                        [33mclass[39m=[32m"_input_c35f6e"[39m
                        [33mid[39m=[32m":r3o:"[39m
                        [33mplaceholder[39m=[32m"e.g., Product sales"[39m
                        [33mvalue[39m=[32m""[39m
                      [36m/>[39m
                    [36m</div>[39m
                  [36m</div>[39m
                  [36m<div[39m
                    [33mclass[39m=[32m"_inputWrapper_c35f6e _amountInput_6a550e"[39m
                  [36m>[39m
                    [36m<label[39m
                      [33mclass[39m=[32m"_label_c35f6e"[39m
                      [33mfor[39m=[32m":r3p:"[39m
                    [36m>[39m
                      [0mAmount[0m
                    [36m</label>[39m
                    [36m<div[39m
                      [33mclass[39m=[32m"_inputContainer_c35f6e"[39m
                    [36m>[39m
                      [36m<input[39m
                        [33maria-invalid[39m=[32m"false"[39m
                        [33mclass[39m=[32m"_input_c35f6e"[39m
                        [33mid[39m=[32m":r3p:"[39m
               ...
 ❯ waitForWrapper node_modules/@testing-library/react/node_modules/@testing-library/dom/dist/wait-for.js:163:27
 ❯ src/components/cpg/PLEntryForm.test.tsx:232:13
    230|       fireEvent.change(amountInputs[2], { target: { value: '200' } });
    231|
    232|       await waitFor(() => {
       |             ^
    233|         expect(screen.getByText(/Net Income \(Profit\):/i)).toBeInTheD…
    234|         expect(screen.getByText('$400.00')).toBeInTheDocument();

⎯⎯⎯⎯⎯⎯⎯⎯⎯⎯⎯⎯⎯⎯⎯⎯⎯⎯⎯⎯[238/824]⎯

 FAIL  src/components/cpg/ProductLinkingManager.test.tsx > ProductLinkingManager > should create product link successfully
TestingLibraryElementError: Found multiple elements with the role "button" and name `/Create Link/i`

Here are the matching elements:

Ignored nodes: comments, script, style
[36m<button[39m
  [33maria-busy[39m=[32m"false"[39m
  [33maria-disabled[39m=[32m"false"[39m
  [33mclass[39m=[32m"_button_c9c6cf _primary_c9c6cf _md_c9c6cf"[39m
  [33mtype[39m=[32m"button"[39m
[36m>[39m
  [36m<span[39m
    [33mclass[39m=[32m"_content_c9c6cf"[39m
  [36m>[39m
    [0m+ Create Link[0m
  [36m</span>[39m
[36m</button>[39m

Ignored nodes: comments, script, style
[36m<button[39m
  [33maria-busy[39m=[32m"true"[39m
  [33maria-disabled[39m=[32m"true"[39m
  [33mclass[39m=[32m"_button_c9c6cf _primary_c9c6cf _md_c9c6cf _loading_c9c6cf"[39m
  [33mdisabled[39m=[32m""[39m
  [33mtype[39m=[32m"button"[39m
[36m>[39m
  [36m<span[39m
    [33maria-hidden[39m=[32m"true"[39m
    [33mclass[39m=[32m"_spinner_c9c6cf"[39m
  [36m>[39m
    [36m<span[39m
      [33mclass[39m=[32m"_spinnerCircle_c9c6cf"[39m
    [36m/>[39m
  [36m</span>[39m
  [36m<span[39m
    [33mclass[39m=[32m"_content_c9c6cf"[39m
  [36m>[39m
    [0mCreate Link[0m
  [36m</span>[39m
[36m</button>[39m

(If this is intentional, then use the `*AllBy*` variant of the query (like `queryAllByText`, `getAllByText`, or `findAllByText`)).

Ignored nodes: comments, script, style
[36m<body[39m
  [33mstyle[39m=[32m"overflow: hidden;"[39m
[36m>[39m
  [36m<div>[39m
    [36m<div[39m
      [33mclass[39m=[32m"_container_5e1972"[39m
    [36m>[39m
      [36m<div[39m
        [33mclass[39m=[32m"_header_5e1972"[39m
      [36m>[39m
        [36m<div>[39m
          [36m<h2[39m
            [33mclass[39m=[32m"_title_5e1972"[39m
          [36m>[39m
            [0mProduct Linking Manager[0m
            [36m<div[39m
              [33mclass[39m=[32m"relative inline-flex items-center"[39m
            [36m>[39m
              [36m<button[39m
                [33maria-label[39m=[32m"Help"[39m
                [33mclass[39m=[32m"inline-flex items-center justify-center w-4 h-4 ml-1 text-xs text-gray-400 hover:text-gray-600 rounded-full border border-gray-300 hover:border-gray-400 transition-colors"[39m
                [33mdata-testid[39m=[32m"help-tooltip-trigger"[39m
                [33mtype[39m=[32m"button"[39m
              [36m>[39m
                [0m?[0m
              [36m</button>[39m
            [36m</div>[39m
          [36m</h2>[39m
          [36m<p[39m
            [33mclass[39m=[32m"_subtitle_5e1972"[39m
          [36m>[39m
            [0mMap CPG categories to products and accounts for integrated mode[0m
          [36m</p>[39m
        [36m</div>[39m
        [36m<button[39m
          [33maria-busy[39m=[32m"false"[39m
          [33maria-disabled[39m=[32m"false"[39m
          [33mclass[39m=[32m"_button_c9c6cf _primary_c9c6cf _md_c9c6cf"[39m
          [33mtype[39m=[32m"button"[39m
        [36m>[39m
          [36m<span[39m
            [33mclass[39m=[32m"_content_c9c6cf"[39m
          [36m>[39m
            [0m+ Create Link[0m
          [36m</span>[39m
        [36m</button>[39m
      [36m</div>[39m
      [36m<div[39m
        [33mclass[39m=[32m"_loading_5e1972"[39m
      [36m>[39m
        [0mLoading...[0m
      [36m</div>[39m
    [36m</div>[39m
  [36m</div>[39m
  [36m<div[39m
    [33mclass[39m=[32m"_modalBackdrop_a5c4df"[39m
  [36m>[39m
    [36m<div[39m
      [33maria-labelledby[39m=[32m"modal-title"[39m
      [33maria-modal[39m=[32m"true"[39m
      [33mclass[39m=[32m"_modal_a5c4df _md_a5c4df"[39m
      [33mrole[39m=[32m"dialog"[39m
      [33mtabindex[39m=[32m"-1"[39m
    [36m>[39m
      [36m<div[39m
        [33mclass[39m=[32m"_modalHeader_a5c4df"[39m
      [36m>[39m
        [36m<h2[39m
          [33mclass[39m=[32m"_modalTitle_a5c4df"[39m
          [33mid[39m=[32m"modal-title"[39m
        [36m>[39m
          [0mCreate Product Link[0m
        [36m</h2>[39m
        [36m<button[39m
          [33maria-label[39m=[32m"Close modal"[39m
          [33mclass[39m=[32m"_closeButton_a5c4df"[39m
          [33mtype[39m=[32m"button"[39m
        [36m>[39m
          [0m✕[0m
        [36m</button>[39m
      [36m</div>[39m
      [36m<div[39m
        [33mclass[39m=[32m"_modalBody_a5c4df"[39m
      [36m>[39m
        [36m<div[39m
          [33mclass[39m=[32m"_modalContent_5e1972"[39m
        [36m>[39m
          [36m<div[39m
            [33mclass[39m=[32m"_formGroup_5e1972"[39m
          [36m>[39m
            [36m<div[39m
              [33mclass[39m=[32m"_selectWrapper_f93aca _fullWidth_f93aca"[39m
            [36m>[39m
              [36m<label[39m
                [33mclass[39m=[32m"_label_f93aca"[39m
                [33mfor[39m=[32m":rd:"[39m
              [36m>[39m
                [0mCPG Category[0m
                [36m<span[39m
                  [33maria-label[39m=[32m"required"[39m
                  [33mclass[39m=[32m"_required_f93aca"[39m
                [36m>[39m
                  [0m [0m
                  [0m*[0m
                [36m</span>[39m
              [36m</label>[39m
              [36m<div[39m
                [33mclass[39m=[32m"_selectContainer_f93aca _md_f93aca"[39m
              [36m>[39m
                [36m<select[39m
                  [33maria-invalid[39m=[32m"false"[39m
                  [33maria-required[39m=[32m"true"[39m
                  [33mclass[39m=[32m"_select_f93aca"[39m
                  [33mid[39m=[32m":rd:"[39m
                  [33mrequired[39m=[32m""[39m
                [36m>[39m
                  [36m<option[39m
                    [33mvalue[39m=[32m""[39m
                  [36m>[39m
                    [0mSelect category[0m
                  [36m</option>[39m
                  [36m<option[39m
                    [33mvalue[39m=[32m"cat-oil"[39m
                  [36m>[39m
                    [0mOil[0m
                  [36m</option>[39m
                  [36m<option[39m
                    [33mvalue[39m=[32m"cat-bottle"[39m
                  [36m>[39m
                    [0mBottle[0m
                  [36m</option>[39m
                [36m</select>[39m
                [36m<span[39m
                  [33maria-hidden[39m=[32m"true"[39m
                  [33mclass[39m=[32m"_chevron_f93aca"[39m
                [36m>[39m
                  [0m▼[0m
                [36m</span>[39m
              [36m</div>[39m
            [36m</div>[39m
          [36m</div>[39m
          [36m<div[39m
            [33mclass[39m=[32m"_formGroup_5e1972"[39m
          [36m>[39m
            [36m<div[39m
              [33mclass[39m=[32m"_selectWrapper_f93aca _fullWidth_f93aca"[39m
            [36m>[39m
              [36m<label[39m
                [33mclass[39m=[32m"_label_f93aca"[39m
                [33mfor[39m=[32m":rh:"[39m
              [36m>[39m
                [0mVariant[0m
              [36m</label>[39m
              [36m<div[39m
                [33mclass[39m=[32m"_selectContainer_f93aca _md_f93aca"[39m
              [36m>[39m
                [36m<select[39m
                  [33maria-invalid[39m=[32m"false"[39m
                  [33mclass[39m=[32m"_select_f93aca"[39m
                  [33mid[39m=[32m":rh:"[39m
                [36m>[39m
                  [36m<option[39m
                    [33mvalue[39m=[32m""[39m
                  [36m>[39m
                    [0mNo variant[0m
                  [36m</option>[39m
                  [36m<option[39m
                    [33mvalue[39m=[32m"8oz"[39m
                  [36m>[39m
                    [0m8oz[0m
                  [36m</option>[39m
                  [36m<option[39m
                    [33mvalue[39m=[32m"16oz"[39m
                  [36m>[39m
                    [0m16oz[0m
                  [36m</option>[39m
                [36m</select>[39m
                [36m<span[39m
                  [33maria-hidden[39m=[32m"true"[39m
                  [33mclass[39m=[32m"_chevron_f93aca"[39m
                [36m>[39m
                  [0m▼[0m
                [36m</span>[39m
              [36m</div>[39m
            [36m</div>[39m
          [36m</div>[39m
          [36m<div[39m
            [33mclass[39m=[32m"_formGroup_5e1972"[39m
          [36m>[39m
            [36m<div[39m
              [33mclass[39m=[32m"_selectWrapper_f93aca _fullWidth_f93aca"[39m
            [36m>[39m
              [36m<label[39m
                [33mclass[39m=[32m"_label_f93aca"[39m
                [33mfor[39m=[32m":re:"[39m
              [36m>[39m
                [0mProduct / SKU[0m
                [36m<span[39m
                  [33maria-label[39m=[32m"required"[39m
                  [33mclass[39m=[32m"_required_f93aca"[39m
                [36m>[39m
                  [0m [0m
                  [0m*[0m
                [36m</span>[39m
              [36m</label>[39m
              [36m<div[39m
                [33mclass[39m=[32m"_selectContainer_f93aca _md_f93aca"[39m
              [36m>[39m
                [36m<select[39m
                  [33maria-invalid[39m=[32m"false"[39m
                  [33maria-required[39m=[32m"true"[39m
                  [33mclass[39m=[32m"_select_f93aca"[39m
                  [33mid[39m=[32m":re:"[39m
                  [33mrequired[39m=[32m""[39m
                [36m>[39m
                  [36m<option[39m
                    [33mvalue[39m=[32m""[39m
                  [36m>[39m
                    [0mSelect product[0m
                  [36m</option>[39m
                [36m</select>[39m
                [36m<span[39m
                  [33maria-hidden[39m=[32m"true"[39m
                  [33mclass[39m=[32m"_chevron_f93aca"[39m
                [36m>[39m
                  [0m▼[0m
                [36m</span>[39m
              [36m</div>[39m
            [36m</div>[39m
            [36m<p[39m
              [33mclass[39m=[32m"_helperText_5e1972"[39m
            [36m>[39m
              [0mNo products found. Please create products in your accounting system first.[0m
            [36m</p>[39m
          [36m</div>[39m
          [36m<div[39m
            [33mclass[39m=[32m"_formGroup_5e1972"[39m
          [36m>[39m
            [36m<div[39m
              [33mclass[39m=[32m"_selectWrapper_f93aca _fullWidth_f93aca"[39m
            [36m>[39m
              [36m<label[39m
                [33mclass[39m=[32m"_label_f93aca"[39m
                [33mfor[39m=[32m":rf:"[39m
              [36m>[39m
                [0mCOGS Account[0m
                [36m<span[39m
                  [33maria-label[39m=[32m"required"[39m
                  [33mclass[39m=[32m"_required_f93aca"[39m
                [36m>[39m
                  [0m [0m
                  [0m*[0m
                [36m</span>[39m
              [36m</label>[39m
              [36m<div[39m
                [33mclass[39m=[32m"_selectContainer_f93aca _md_f93aca"[39m
              [36m>[39m
                [36m<select[39m
                  [33maria-invalid[39m=[32m"false"[39m
                  [33maria-required[39m=[32m"true"[39m
                  [33mclass[39m=[32m"_select_f93aca"[39m
                  [33mid[39m=[32m":rf:"[39m
                  [33mrequired[39m=[32m""[39m
                [36m>[39m
                  [36m<option[39m
                    [33mvalue[39m=[32m""[39m
                  [36m>[39m
                    [0mSelect COGS account[0m
                  [36m</option>[39m
                [36m</select>[39m
                [36m<span[39m
                  [33maria-hidden[39m=[32m"true"[39m
                  [33mclass[39m=[32m"_chevron_f93aca"[39m
                [36m>[39m
                  [0m▼[0m
                [36m</span>[39m
              [36m</div>[39m
            [36m</div>[39m
            [36m<p[39m
              [33mclass[39m=[32m"_helperText_5e1972"[39m
            [36m>[39m
              [0mNo COGS accounts found. Please create a Cost of Goods Sold account first.[0m
            [36m</p>[39m
          [36m</div>[39m
          [36m<div[39m
            [33mclass[39m=[32m"_formGroup_5e1972"[39m
          [36m>[39m
            [36m<div[39m
              [33mclass[39m=[32m"_selectWrapper_f93aca _fullWidth_f93aca"[39m
            [36m>[39m
              [36m<label[39m
                [33mclass[39m=[32m"_label_f93aca"[39m
                [33mfor[39m=[32m":rg:"[39m
              [36m>[39m
                [0mInventory Account[0m
                [36m<span[39m
                  [33maria-label[39m=[32m"required"[39m
                  [33mclass[39m=[32m"_required_f93aca"[39m
                [36m>[39m
                  [0m [0m
                  [0m*[0m
                [36m</span>[39m
              [36m</label>[39m
              [36m<div[39m
                [33mclass[39m=[32m"_selectContainer_f93aca _md_f93aca"[39m
              [36m>[39m
                [36m<select[39m
                  [33maria-invalid[39m=[32m"false"[39m
                  [33maria-required[39m=[32m"true"[39m
                  [33mclass[39m=[32m"_select_f93aca"[39m
                  [33mid[39m=[32m":rg:"[39m
                  [33mrequired[39m=[32m""[39m
                [36m>[39m
                  [36m<option[39m
                    [33mvalue[39m=[32m""[39m
                  [36m>[39m
                    [0mSelect inventory account[0m
                  [36m</option>[39m
                [36m</select>[39m
                [36m<span[39m
                  [33maria-hidden[39m=[32m"true"[39m
                  [33mclass[39m=[32m"_chevron_f93aca"[39m
                [36m>[39m
                  [0m▼[0m
                [36m</span>[39m
              [36m</div>[39m
            [36m</div>[39m
            [36m<p[39m
              [33mclass[39m=[32m"_helperText_5e1972"[39m
            [36m>[39m
              [0mNo asset accounts found. Please create an Inventory account first.[0m
            [36m</p>[39m
          [36m</div>[39m
          [36m<div[39m
            [33mclass[39m=[32m"_modalActions_5e1972"[39m
          [36m>[39m
            [36m<button[39m
              [33maria-busy[39m=[32m"false"[39m
              [33maria-disabled[39m=[32m"true"[39m
              [33mclass[39m=[32m"_button_c9c6cf _outline_c9c6cf _md_c9c6cf"[39m
              [33mdisabled[39m=[32m""[39m
              [33mtype[39m=[32m"button"[39m
            [36m>[39m
              [36m<span[39m
                [33mclass[39m=[32m"_content_c9c6cf"[39m
              [36m>[39m
                [0mCancel[0m
              [36m</span>[39m
            [36m</button>[39m
            [36m<button[39m
              [33maria-busy[39m=[32m"true"[39m
              [33maria-disabled[39m=[32m"true"[39m
              [33mclass[39m=[32m"_button_c9c6cf _primary_c9c6cf _md_c9c6cf _loading_c9c6cf"[39m
              [33mdisabled[39m=[32m""[39m
              [33mtype[39m=[32m"button"[39m
            [36m>[39m
              [36m<span[39m
                [33maria-hidden[39m=[32m"true"[39m
                [33mclass[39m=[32m"_spinner_c9c6cf"[39m
              [36m>[39m
                [36m<span[39m
                  [33mclass[39m=[32m"_spinnerCircle_c9c6cf"[39m
                [36m/>[39m
              [36m</span>[39m
              [36m<span[39m
                [33mclass[39m=[32m"_content_c9c6cf"[39m
              [36m>[39m
                [0mCreate Link[0m
              [36m</span>[39m
            [36m</button>[39m
          [36m</div>[39m
        [36m</div>[39m
      [36m</div>[39m
    [36m</div>[39m
  [36m</div>[39m
[36m</body>[39m
 ❯ Object.getElementError node_modules/@testing-library/react/node_modules/@testing-library/dom/dist/config.js:37:19
 ❯ getElementError node_modules/@testing-library/react/node_modules/@testing-library/dom/dist/query-helpers.js:20:35
 ❯ getMultipleElementsFoundError node_modules/@testing-library/react/node_modules/@testing-library/dom/dist/query-helpers.js:23:10
 ❯ node_modules/@testing-library/react/node_modules/@testing-library/dom/dist/query-helpers.js:55:13
 ❯ node_modules/@testing-library/react/node_modules/@testing-library/dom/dist/query-helpers.js:95:19
 ❯ src/components/cpg/ProductLinkingManager.test.tsx:241:33
    239|
    240|     // Submit
    241|     const submitButton = screen.getByRole('button', { name: /Create Li…
       |                                 ^
    242|     fireEvent.click(submitButton);
    243|

⎯⎯⎯⎯⎯⎯⎯⎯⎯⎯⎯⎯⎯⎯⎯⎯⎯⎯⎯⎯[239/824]⎯

 FAIL  src/components/cpg/ProductLinkingManager.test.tsx > ProductLinkingManager > should validate required fields
TestingLibraryElementError: Found multiple elements with the role "button" and name `/Create Link/i`

Here are the matching elements:

Ignored nodes: comments, script, style
[36m<button[39m
  [33maria-busy[39m=[32m"false"[39m
  [33maria-disabled[39m=[32m"false"[39m
  [33mclass[39m=[32m"_button_c9c6cf _primary_c9c6cf _md_c9c6cf"[39m
  [33mtype[39m=[32m"button"[39m
[36m>[39m
  [36m<span[39m
    [33mclass[39m=[32m"_content_c9c6cf"[39m
  [36m>[39m
    [0m+ Create Link[0m
  [36m</span>[39m
[36m</button>[39m

Ignored nodes: comments, script, style
[36m<button[39m
  [33maria-busy[39m=[32m"true"[39m
  [33maria-disabled[39m=[32m"true"[39m
  [33mclass[39m=[32m"_button_c9c6cf _primary_c9c6cf _md_c9c6cf _loading_c9c6cf"[39m
  [33mdisabled[39m=[32m""[39m
  [33mtype[39m=[32m"button"[39m
[36m>[39m
  [36m<span[39m
    [33maria-hidden[39m=[32m"true"[39m
    [33mclass[39m=[32m"_spinner_c9c6cf"[39m
  [36m>[39m
    [36m<span[39m
      [33mclass[39m=[32m"_spinnerCircle_c9c6cf"[39m
    [36m/>[39m
  [36m</span>[39m
  [36m<span[39m
    [33mclass[39m=[32m"_content_c9c6cf"[39m
  [36m>[39m
    [0mCreate Link[0m
  [36m</span>[39m
[36m</button>[39m

(If this is intentional, then use the `*AllBy*` variant of the query (like `queryAllByText`, `getAllByText`, or `findAllByText`)).

Ignored nodes: comments, script, style
[36m<body[39m
  [33mstyle[39m=[32m"overflow: hidden;"[39m
[36m>[39m
  [36m<div>[39m
    [36m<div[39m
      [33mclass[39m=[32m"_container_5e1972"[39m
    [36m>[39m
      [36m<div[39m
        [33mclass[39m=[32m"_header_5e1972"[39m
      [36m>[39m
        [36m<div>[39m
          [36m<h2[39m
            [33mclass[39m=[32m"_title_5e1972"[39m
          [36m>[39m
            [0mProduct Linking Manager[0m
            [36m<div[39m
              [33mclass[39m=[32m"relative inline-flex items-center"[39m
            [36m>[39m
              [36m<button[39m
                [33maria-label[39m=[32m"Help"[39m
                [33mclass[39m=[32m"inline-flex items-center justify-center w-4 h-4 ml-1 text-xs text-gray-400 hover:text-gray-600 rounded-full border border-gray-300 hover:border-gray-400 transition-colors"[39m
                [33mdata-testid[39m=[32m"help-tooltip-trigger"[39m
                [33mtype[39m=[32m"button"[39m
              [36m>[39m
                [0m?[0m
              [36m</button>[39m
            [36m</div>[39m
          [36m</h2>[39m
          [36m<p[39m
            [33mclass[39m=[32m"_subtitle_5e1972"[39m
          [36m>[39m
            [0mMap CPG categories to products and accounts for integrated mode[0m
          [36m</p>[39m
        [36m</div>[39m
        [36m<button[39m
          [33maria-busy[39m=[32m"false"[39m
          [33maria-disabled[39m=[32m"false"[39m
          [33mclass[39m=[32m"_button_c9c6cf _primary_c9c6cf _md_c9c6cf"[39m
          [33mtype[39m=[32m"button"[39m
        [36m>[39m
          [36m<span[39m
            [33mclass[39m=[32m"_content_c9c6cf"[39m
          [36m>[39m
            [0m+ Create Link[0m
          [36m</span>[39m
        [36m</button>[39m
      [36m</div>[39m
      [36m<div[39m
        [33mclass[39m=[32m"_loading_5e1972"[39m
      [36m>[39m
        [0mLoading...[0m
      [36m</div>[39m
    [36m</div>[39m
  [36m</div>[39m
  [36m<div[39m
    [33mclass[39m=[32m"_modalBackdrop_a5c4df"[39m
  [36m>[39m
    [36m<div[39m
      [33maria-labelledby[39m=[32m"modal-title"[39m
      [33maria-modal[39m=[32m"true"[39m
      [33mclass[39m=[32m"_modal_a5c4df _md_a5c4df"[39m
      [33mrole[39m=[32m"dialog"[39m
      [33mtabindex[39m=[32m"-1"[39m
    [36m>[39m
      [36m<div[39m
        [33mclass[39m=[32m"_modalHeader_a5c4df"[39m
      [36m>[39m
        [36m<h2[39m
          [33mclass[39m=[32m"_modalTitle_a5c4df"[39m
          [33mid[39m=[32m"modal-title"[39m
        [36m>[39m
          [0mCreate Product Link[0m
        [36m</h2>[39m
        [36m<button[39m
          [33maria-label[39m=[32m"Close modal"[39m
          [33mclass[39m=[32m"_closeButton_a5c4df"[39m
          [33mtype[39m=[32m"button"[39m
        [36m>[39m
          [0m✕[0m
        [36m</button>[39m
      [36m</div>[39m
      [36m<div[39m
        [33mclass[39m=[32m"_modalBody_a5c4df"[39m
      [36m>[39m
        [36m<div[39m
          [33mclass[39m=[32m"_modalContent_5e1972"[39m
        [36m>[39m
          [36m<div[39m
            [33mclass[39m=[32m"_formGroup_5e1972"[39m
          [36m>[39m
            [36m<div[39m
              [33mclass[39m=[32m"_selectWrapper_f93aca _fullWidth_f93aca"[39m
            [36m>[39m
              [36m<label[39m
                [33mclass[39m=[32m"_label_f93aca"[39m
                [33mfor[39m=[32m":ri:"[39m
              [36m>[39m
                [0mCPG Category[0m
                [36m<span[39m
                  [33maria-label[39m=[32m"required"[39m
                  [33mclass[39m=[32m"_required_f93aca"[39m
                [36m>[39m
                  [0m [0m
                  [0m*[0m
                [36m</span>[39m
              [36m</label>[39m
              [36m<div[39m
                [33mclass[39m=[32m"_selectContainer_f93aca _md_f93aca"[39m
              [36m>[39m
                [36m<select[39m
                  [33maria-invalid[39m=[32m"false"[39m
                  [33maria-required[39m=[32m"true"[39m
                  [33mclass[39m=[32m"_select_f93aca"[39m
                  [33mid[39m=[32m":ri:"[39m
                  [33mrequired[39m=[32m""[39m
                [36m>[39m
                  [36m<option[39m
                    [33mvalue[39m=[32m""[39m
                  [36m>[39m
                    [0mSelect category[0m
                  [36m</option>[39m
                  [36m<option[39m
                    [33mvalue[39m=[32m"cat-oil"[39m
                  [36m>[39m
                    [0mOil[0m
                  [36m</option>[39m
                  [36m<option[39m
                    [33mvalue[39m=[32m"cat-bottle"[39m
                  [36m>[39m
                    [0mBottle[0m
                  [36m</option>[39m
                [36m</select>[39m
                [36m<span[39m
                  [33maria-hidden[39m=[32m"true"[39m
                  [33mclass[39m=[32m"_chevron_f93aca"[39m
                [36m>[39m
                  [0m▼[0m
                [36m</span>[39m
              [36m</div>[39m
            [36m</div>[39m
          [36m</div>[39m
          [36m<div[39m
            [33mclass[39m=[32m"_formGroup_5e1972"[39m
          [36m>[39m
            [36m<div[39m
              [33mclass[39m=[32m"_selectWrapper_f93aca _fullWidth_f93aca"[39m
            [36m>[39m
              [36m<label[39m
                [33mclass[39m=[32m"_label_f93aca"[39m
                [33mfor[39m=[32m":rj:"[39m
              [36m>[39m
                [0mProduct / SKU[0m
                [36m<span[39m
                  [33maria-label[39m=[32m"required"[39m
                  [33mclass[39m=[32m"_required_f93aca"[39m
                [36m>[39m
                  [0m [0m
                  [0m*[0m
                [36m</span>[39m
              [36m</label>[39m
              [36m<div[39m
                [33mclass[39m=[32m"_selectContainer_f93aca _md_f93aca"[39m
              [36m>[39m
                [36m<select[39m
                  [33maria-invalid[39m=[32m"false"[39m
                  [33maria-required[39m=[32m"true"[39m
                  [33mclass[39m=[32m"_select_f93aca"[39m
                  [33mid[39m=[32m":rj:"[39m
                  [33mrequired[39m=[32m""[39m
                [36m>[39m
                  [36m<option[39m
                    [33mvalue[39m=[32m""[39m
                  [36m>[39m
                    [0mSelect product[0m
                  [36m</option>[39m
                [36m</select>[39m
                [36m<span[39m
                  [33maria-hidden[39m=[32m"true"[39m
                  [33mclass[39m=[32m"_chevron_f93aca"[39m
                [36m>[39m
                  [0m▼[0m
                [36m</span>[39m
              [36m</div>[39m
            [36m</div>[39m
            [36m<p[39m
              [33mclass[39m=[32m"_helperText_5e1972"[39m
            [36m>[39m
              [0mNo products found. Please create products in your accounting system first.[0m
            [36m</p>[39m
          [36m</div>[39m
          [36m<div[39m
            [33mclass[39m=[32m"_formGroup_5e1972"[39m
          [36m>[39m
            [36m<div[39m
              [33mclass[39m=[32m"_selectWrapper_f93aca _fullWidth_f93aca"[39m
            [36m>[39m
              [36m<label[39m
                [33mclass[39m=[32m"_label_f93aca"[39m
                [33mfor[39m=[32m":rk:"[39m
              [36m>[39m
                [0mCOGS Account[0m
                [36m<span[39m
                  [33maria-label[39m=[32m"required"[39m
                  [33mclass[39m=[32m"_required_f93aca"[39m
                [36m>[39m
                  [0m [0m
                  [0m*[0m
                [36m</span>[39m
              [36m</label>[39m
              [36m<div[39m
                [33mclass[39m=[32m"_selectContainer_f93aca _md_f93aca"[39m
              [36m>[39m
                [36m<select[39m
                  [33maria-invalid[39m=[32m"false"[39m
                  [33maria-required[39m=[32m"true"[39m
                  [33mclass[39m=[32m"_select_f93aca"[39m
                  [33mid[39m=[32m":rk:"[39m
                  [33mrequired[39m=[32m""[39m
                [36m>[39m
                  [36m<option[39m
                    [33mvalue[39m=[32m""[39m
                  [36m>[39m
                    [0mSelect COGS account[0m
                  [36m</option>[39m
                [36m</select>[39m
                [36m<span[39m
                  [33maria-hidden[39m=[32m"true"[39m
                  [33mclass[39m=[32m"_chevron_f93aca"[39m
                [36m>[39m
                  [0m▼[0m
                [36m</span>[39m
              [36m</div>[39m
            [36m</div>[39m
            [36m<p[39m
              [33mclass[39m=[32m"_helperText_5e1972"[39m
            [36m>[39m
              [0mNo COGS accounts found. Please create a Cost of Goods Sold account first.[0m
            [36m</p>[39m
          [36m</div>[39m
          [36m<div[39m
            [33mclass[39m=[32m"_formGroup_5e1972"[39m
          [36m>[39m
            [36m<div[39m
              [33mclass[39m=[32m"_selectWrapper_f93aca _fullWidth_f93aca"[39m
            [36m>[39m
              [36m<label[39m
                [33mclass[39m=[32m"_label_f93aca"[39m
                [33mfor[39m=[32m":rl:"[39m
              [36m>[39m
                [0mInventory Account[0m
                [36m<span[39m
                  [33maria-label[39m=[32m"required"[39m
                  [33mclass[39m=[32m"_required_f93aca"[39m
                [36m>[39m
                  [0m [0m
                  [0m*[0m
                [36m</span>[39m
              [36m</label>[39m
              [36m<div[39m
                [33mclass[39m=[32m"_selectContainer_f93aca _md_f93aca"[39m
              [36m>[39m
                [36m<select[39m
                  [33maria-invalid[39m=[32m"false"[39m
                  [33maria-required[39m=[32m"true"[39m
                  [33mclass[39m=[32m"_select_f93aca"[39m
                  [33mid[39m=[32m":rl:"[39m
                  [33mrequired[39m=[32m""[39m
                [36m>[39m
                  [36m<option[39m
                    [33mvalue[39m=[32m""[39m
                  [36m>[39m
                    [0mSelect inventory account[0m
                  [36m</option>[39m
                [36m</select>[39m
                [36m<span[39m
                  [33maria-hidden[39m=[32m"true"[39m
                  [33mclass[39m=[32m"_chevron_f93aca"[39m
                [36m>[39m
                  [0m▼[0m
                [36m</span>[39m
              [36m</div>[39m
            [36m</div>[39m
            [36m<p[39m
              [33mclass[39m=[32m"_helperText_5e1972"[39m
            [36m>[39m
              [0mNo asset accounts found. Please create an Inventory account first.[0m
            [36m</p>[39m
          [36m</div>[39m
          [36m<div[39m
            [33mclass[39m=[32m"_modalActions_5e1972"[39m
          [36m>[39m
            [36m<button[39m
              [33maria-busy[39m=[32m"false"[39m
              [33maria-disabled[39m=[32m"true"[39m
              [33mclass[39m=[32m"_button_c9c6cf _outline_c9c6cf _md_c9c6cf"[39m
              [33mdisabled[39m=[32m""[39m
              [33mtype[39m=[32m"button"[39m
            [36m>[39m
              [36m<span[39m
                [33mclass[39m=[32m"_content_c9c6cf"[39m
              [36m>[39m
                [0mCancel[0m
              [36m</span>[39m
            [36m</button>[39m
            [36m<button[39m
              [33maria-busy[39m=[32m"true"[39m
              [33maria-disabled[39m=[32m"true"[39m
              [33mclass[39m=[32m"_button_c9c6cf _primary_c9c6cf _md_c9c6cf _loading_c9c6cf"[39m
              [33mdisabled[39m=[32m""[39m
              [33mtype[39m=[32m"button"[39m
            [36m>[39m
              [36m<span[39m
                [33maria-hidden[39m=[32m"true"[39m
                [33mclass[39m=[32m"_spinner_c9c6cf"[39m
              [36m>[39m
                [36m<span[39m
                  [33mclass[39m=[32m"_spinnerCircle_c9c6cf"[39m
                [36m/>[39m
              [36m</span>[39m
              [36m<span[39m
                [33mclass[39m=[32m"_content_c9c6cf"[39m
              [36m>[39m
                [0mCreate Link[0m
              [36m</span>[39m
            [36m</button>[39m
          [36m</div>[39m
        [36m</div>[39m
      [36m</div>[39m
    [36m</div>[39m
  [36m</div>[39m
[36m</body>[39m
 ❯ Object.getElementError node_modules/@testing-library/react/node_modules/@testing-library/dom/dist/config.js:37:19
 ❯ getElementError node_modules/@testing-library/react/node_modules/@testing-library/dom/dist/query-helpers.js:20:35
 ❯ getMultipleElementsFoundError node_modules/@testing-library/react/node_modules/@testing-library/dom/dist/query-helpers.js:23:10
 ❯ node_modules/@testing-library/react/node_modules/@testing-library/dom/dist/query-helpers.js:55:13
 ❯ node_modules/@testing-library/react/node_modules/@testing-library/dom/dist/query-helpers.js:95:19
 ❯ src/components/cpg/ProductLinkingManager.test.tsx:338:33
    336|
    337|     // Try to submit without filling fields
    338|     const submitButton = screen.getByRole('button', { name: /Create Li…
       |                                 ^
    339|     fireEvent.click(submitButton);
    340|

⎯⎯⎯⎯⎯⎯⎯⎯⎯⎯⎯⎯⎯⎯⎯⎯⎯⎯⎯⎯[240/824]⎯

 FAIL  src/components/cpg/ProductLinkingManager.test.tsx > ProductLinkingManager > should prevent duplicate links
TestingLibraryElementError: Found multiple elements with the role "button" and name `/Create Link/i`

Here are the matching elements:

Ignored nodes: comments, script, style
[36m<button[39m
  [33maria-busy[39m=[32m"false"[39m
  [33maria-disabled[39m=[32m"false"[39m
  [33mclass[39m=[32m"_button_c9c6cf _primary_c9c6cf _md_c9c6cf"[39m
  [33mtype[39m=[32m"button"[39m
[36m>[39m
  [36m<span[39m
    [33mclass[39m=[32m"_content_c9c6cf"[39m
  [36m>[39m
    [0m+ Create Link[0m
  [36m</span>[39m
[36m</button>[39m

Ignored nodes: comments, script, style
[36m<button[39m
  [33maria-busy[39m=[32m"true"[39m
  [33maria-disabled[39m=[32m"true"[39m
  [33mclass[39m=[32m"_button_c9c6cf _primary_c9c6cf _md_c9c6cf _loading_c9c6cf"[39m
  [33mdisabled[39m=[32m""[39m
  [33mtype[39m=[32m"button"[39m
[36m>[39m
  [36m<span[39m
    [33maria-hidden[39m=[32m"true"[39m
    [33mclass[39m=[32m"_spinner_c9c6cf"[39m
  [36m>[39m
    [36m<span[39m
      [33mclass[39m=[32m"_spinnerCircle_c9c6cf"[39m
    [36m/>[39m
  [36m</span>[39m
  [36m<span[39m
    [33mclass[39m=[32m"_content_c9c6cf"[39m
  [36m>[39m
    [0mCreate Link[0m
  [36m</span>[39m
[36m</button>[39m

(If this is intentional, then use the `*AllBy*` variant of the query (like `queryAllByText`, `getAllByText`, or `findAllByText`)).

Ignored nodes: comments, script, style
[36m<body[39m
  [33mstyle[39m=[32m"overflow: hidden;"[39m
[36m>[39m
  [36m<div>[39m
    [36m<div[39m
      [33mclass[39m=[32m"_container_5e1972"[39m
    [36m>[39m
      [36m<div[39m
        [33mclass[39m=[32m"_header_5e1972"[39m
      [36m>[39m
        [36m<div>[39m
          [36m<h2[39m
            [33mclass[39m=[32m"_title_5e1972"[39m
          [36m>[39m
            [0mProduct Linking Manager[0m
            [36m<div[39m
              [33mclass[39m=[32m"relative inline-flex items-center"[39m
            [36m>[39m
              [36m<button[39m
                [33maria-label[39m=[32m"Help"[39m
                [33mclass[39m=[32m"inline-flex items-center justify-center w-4 h-4 ml-1 text-xs text-gray-400 hover:text-gray-600 rounded-full border border-gray-300 hover:border-gray-400 transition-colors"[39m
                [33mdata-testid[39m=[32m"help-tooltip-trigger"[39m
                [33mtype[39m=[32m"button"[39m
              [36m>[39m
                [0m?[0m
              [36m</button>[39m
            [36m</div>[39m
          [36m</h2>[39m
          [36m<p[39m
            [33mclass[39m=[32m"_subtitle_5e1972"[39m
          [36m>[39m
            [0mMap CPG categories to products and accounts for integrated mode[0m
          [36m</p>[39m
        [36m</div>[39m
        [36m<button[39m
          [33maria-busy[39m=[32m"false"[39m
          [33maria-disabled[39m=[32m"false"[39m
          [33mclass[39m=[32m"_button_c9c6cf _primary_c9c6cf _md_c9c6cf"[39m
          [33mtype[39m=[32m"button"[39m
        [36m>[39m
          [36m<span[39m
            [33mclass[39m=[32m"_content_c9c6cf"[39m
          [36m>[39m
            [0m+ Create Link[0m
          [36m</span>[39m
        [36m</button>[39m
      [36m</div>[39m
      [36m<div[39m
        [33mclass[39m=[32m"_loading_5e1972"[39m
      [36m>[39m
        [0mLoading...[0m
      [36m</div>[39m
    [36m</div>[39m
  [36m</div>[39m
  [36m<div[39m
    [33mclass[39m=[32m"_modalBackdrop_a5c4df"[39m
  [36m>[39m
    [36m<div[39m
      [33maria-labelledby[39m=[32m"modal-title"[39m
      [33maria-modal[39m=[32m"true"[39m
      [33mclass[39m=[32m"_modal_a5c4df _md_a5c4df"[39m
      [33mrole[39m=[32m"dialog"[39m
      [33mtabindex[39m=[32m"-1"[39m
    [36m>[39m
      [36m<div[39m
        [33mclass[39m=[32m"_modalHeader_a5c4df"[39m
      [36m>[39m
        [36m<h2[39m
          [33mclass[39m=[32m"_modalTitle_a5c4df"[39m
          [33mid[39m=[32m"modal-title"[39m
        [36m>[39m
          [0mCreate Product Link[0m
        [36m</h2>[39m
        [36m<button[39m
          [33maria-label[39m=[32m"Close modal"[39m
          [33mclass[39m=[32m"_closeButton_a5c4df"[39m
          [33mtype[39m=[32m"button"[39m
        [36m>[39m
          [0m✕[0m
        [36m</button>[39m
      [36m</div>[39m
      [36m<div[39m
        [33mclass[39m=[32m"_modalBody_a5c4df"[39m
      [36m>[39m
        [36m<div[39m
          [33mclass[39m=[32m"_modalContent_5e1972"[39m
        [36m>[39m
          [36m<div[39m
            [33mclass[39m=[32m"_formGroup_5e1972"[39m
          [36m>[39m
            [36m<div[39m
              [33mclass[39m=[32m"_selectWrapper_f93aca _fullWidth_f93aca"[39m
            [36m>[39m
              [36m<label[39m
                [33mclass[39m=[32m"_label_f93aca"[39m
                [33mfor[39m=[32m":rm:"[39m
              [36m>[39m
                [0mCPG Category[0m
                [36m<span[39m
                  [33maria-label[39m=[32m"required"[39m
                  [33mclass[39m=[32m"_required_f93aca"[39m
                [36m>[39m
                  [0m [0m
                  [0m*[0m
                [36m</span>[39m
              [36m</label>[39m
              [36m<div[39m
                [33mclass[39m=[32m"_selectContainer_f93aca _md_f93aca"[39m
              [36m>[39m
                [36m<select[39m
                  [33maria-invalid[39m=[32m"false"[39m
                  [33maria-required[39m=[32m"true"[39m
                  [33mclass[39m=[32m"_select_f93aca"[39m
                  [33mid[39m=[32m":rm:"[39m
                  [33mrequired[39m=[32m""[39m
                [36m>[39m
                  [36m<option[39m
                    [33mvalue[39m=[32m""[39m
                  [36m>[39m
                    [0mSelect category[0m
                  [36m</option>[39m
                  [36m<option[39m
                    [33mvalue[39m=[32m"cat-oil"[39m
                  [36m>[39m
                    [0mOil[0m
                  [36m</option>[39m
                  [36m<option[39m
                    [33mvalue[39m=[32m"cat-bottle"[39m
                  [36m>[39m
                    [0mBottle[0m
                  [36m</option>[39m
                [36m</select>[39m
                [36m<span[39m
                  [33maria-hidden[39m=[32m"true"[39m
                  [33mclass[39m=[32m"_chevron_f93aca"[39m
                [36m>[39m
                  [0m▼[0m
                [36m</span>[39m
              [36m</div>[39m
            [36m</div>[39m
          [36m</div>[39m
          [36m<div[39m
            [33mclass[39m=[32m"_formGroup_5e1972"[39m
          [36m>[39m
            [36m<div[39m
              [33mclass[39m=[32m"_selectWrapper_f93aca _fullWidth_f93aca"[39m
            [36m>[39m
              [36m<label[39m
                [33mclass[39m=[32m"_label_f93aca"[39m
                [33mfor[39m=[32m":rq:"[39m
              [36m>[39m
                [0mVariant[0m
              [36m</label>[39m
              [36m<div[39m
                [33mclass[39m=[32m"_selectContainer_f93aca _md_f93aca"[39m
              [36m>[39m
                [36m<select[39m
                  [33maria-invalid[39m=[32m"false"[39m
                  [33mclass[39m=[32m"_select_f93aca"[39m
                  [33mid[39m=[32m":rq:"[39m
                [36m>[39m
                  [36m<option[39m
                    [33mvalue[39m=[32m""[39m
                  [36m>[39m
                    [0mNo variant[0m
                  [36m</option>[39m
                  [36m<option[39m
                    [33mvalue[39m=[32m"8oz"[39m
                  [36m>[39m
                    [0m8oz[0m
                  [36m</option>[39m
                  [36m<option[39m
                    [33mvalue[39m=[32m"16oz"[39m
                  [36m>[39m
                    [0m16oz[0m
                  [36m</option>[39m
                [36m</select>[39m
                [36m<span[39m
                  [33maria-hidden[39m=[32m"true"[39m
                  [33mclass[39m=[32m"_chevron_f93aca"[39m
                [36m>[39m
                  [0m▼[0m
                [36m</span>[39m
              [36m</div>[39m
            [36m</div>[39m
          [36m</div>[39m
          [36m<div[39m
            [33mclass[39m=[32m"_formGroup_5e1972"[39m
          [36m>[39m
            [36m<div[39m
              [33mclass[39m=[32m"_selectWrapper_f93aca _fullWidth_f93aca"[39m
            [36m>[39m
              [36m<label[39m
                [33mclass[39m=[32m"_label_f93aca"[39m
                [33mfor[39m=[32m":rn:"[39m
              [36m>[39m
                [0mProduct / SKU[0m
                [36m<span[39m
                  [33maria-label[39m=[32m"required"[39m
                  [33mclass[39m=[32m"_required_f93aca"[39m
                [36m>[39m
                  [0m [0m
                  [0m*[0m
                [36m</span>[39m
              [36m</label>[39m
              [36m<div[39m
                [33mclass[39m=[32m"_selectContainer_f93aca _md_f93aca"[39m
              [36m>[39m
                [36m<select[39m
                  [33maria-invalid[39m=[32m"false"[39m
                  [33maria-required[39m=[32m"true"[39m
                  [33mclass[39m=[32m"_select_f93aca"[39m
                  [33mid[39m=[32m":rn:"[39m
                  [33mrequired[39m=[32m""[39m
                [36m>[39m
                  [36m<option[39m
                    [33mvalue[39m=[32m""[39m
                  [36m>[39m
                    [0mSelect product[0m
                  [36m</option>[39m
                [36m</select>[39m
                [36m<span[39m
                  [33maria-hidden[39m=[32m"true"[39m
                  [33mclass[39m=[32m"_chevron_f93aca"[39m
                [36m>[39m
                  [0m▼[0m
                [36m</span>[39m
              [36m</div>[39m
            [36m</div>[39m
            [36m<p[39m
              [33mclass[39m=[32m"_helperText_5e1972"[39m
            [36m>[39m
              [0mNo products found. Please create products in your accounting system first.[0m
            [36m</p>[39m
          [36m</div>[39m
          [36m<div[39m
            [33mclass[39m=[32m"_formGroup_5e1972"[39m
          [36m>[39m
            [36m<div[39m
              [33mclass[39m=[32m"_selectWrapper_f93aca _fullWidth_f93aca"[39m
            [36m>[39m
              [36m<label[39m
                [33mclass[39m=[32m"_label_f93aca"[39m
                [33mfor[39m=[32m":ro:"[39m
              [36m>[39m
                [0mCOGS Account[0m
                [36m<span[39m
                  [33maria-label[39m=[32m"required"[39m
                  [33mclass[39m=[32m"_required_f93aca"[39m
                [36m>[39m
                  [0m [0m
                  [0m*[0m
                [36m</span>[39m
              [36m</label>[39m
              [36m<div[39m
                [33mclass[39m=[32m"_selectContainer_f93aca _md_f93aca"[39m
              [36m>[39m
                [36m<select[39m
                  [33maria-invalid[39m=[32m"false"[39m
                  [33maria-required[39m=[32m"true"[39m
                  [33mclass[39m=[32m"_select_f93aca"[39m
                  [33mid[39m=[32m":ro:"[39m
                  [33mrequired[39m=[32m""[39m
                [36m>[39m
                  [36m<option[39m
                    [33mvalue[39m=[32m""[39m
                  [36m>[39m
                    [0mSelect COGS account[0m
                  [36m</option>[39m
                [36m</select>[39m
                [36m<span[39m
                  [33maria-hidden[39m=[32m"true"[39m
                  [33mclass[39m=[32m"_chevron_f93aca"[39m
                [36m>[39m
                  [0m▼[0m
                [36m</span>[39m
              [36m</div>[39m
            [36m</div>[39m
            [36m<p[39m
              [33mclass[39m=[32m"_helperText_5e1972"[39m
            [36m>[39m
              [0mNo COGS accounts found. Please create a Cost of Goods Sold account first.[0m
            [36m</p>[39m
          [36m</div>[39m
          [36m<div[39m
            [33mclass[39m=[32m"_formGroup_5e1972"[39m
          [36m>[39m
            [36m<div[39m
              [33mclass[39m=[32m"_selectWrapper_f93aca _fullWidth_f93aca"[39m
            [36m>[39m
              [36m<label[39m
                [33mclass[39m=[32m"_label_f93aca"[39m
                [33mfor[39m=[32m":rp:"[39m
              [36m>[39m
                [0mInventory Account[0m
                [36m<span[39m
                  [33maria-label[39m=[32m"required"[39m
                  [33mclass[39m=[32m"_required_f93aca"[39m
                [36m>[39m
                  [0m [0m
                  [0m*[0m
                [36m</span>[39m
              [36m</label>[39m
              [36m<div[39m
                [33mclass[39m=[32m"_selectContainer_f93aca _md_f93aca"[39m
              [36m>[39m
                [36m<select[39m
                  [33maria-invalid[39m=[32m"false"[39m
                  [33maria-required[39m=[32m"true"[39m
                  [33mclass[39m=[32m"_select_f93aca"[39m
                  [33mid[39m=[32m":rp:"[39m
                  [33mrequired[39m=[32m""[39m
                [36m>[39m
                  [36m<option[39m
                    [33mvalue[39m=[32m""[39m
                  [36m>[39m
                    [0mSelect inventory account[0m
                  [36m</option>[39m
                [36m</select>[39m
                [36m<span[39m
                  [33maria-hidden[39m=[32m"true"[39m
                  [33mclass[39m=[32m"_chevron_f93aca"[39m
                [36m>[39m
                  [0m▼[0m
                [36m</span>[39m
              [36m</div>[39m
            [36m</div>[39m
            [36m<p[39m
              [33mclass[39m=[32m"_helperText_5e1972"[39m
            [36m>[39m
              [0mNo asset accounts found. Please create an Inventory account first.[0m
            [36m</p>[39m
          [36m</div>[39m
          [36m<div[39m
            [33mclass[39m=[32m"_modalActions_5e1972"[39m
          [36m>[39m
            [36m<button[39m
              [33maria-busy[39m=[32m"false"[39m
              [33maria-disabled[39m=[32m"true"[39m
              [33mclass[39m=[32m"_button_c9c6cf _outline_c9c6cf _md_c9c6cf"[39m
              [33mdisabled[39m=[32m""[39m
              [33mtype[39m=[32m"button"[39m
            [36m>[39m
              [36m<span[39m
                [33mclass[39m=[32m"_content_c9c6cf"[39m
              [36m>[39m
                [0mCancel[0m
              [36m</span>[39m
            [36m</button>[39m
            [36m<button[39m
              [33maria-busy[39m=[32m"true"[39m
              [33maria-disabled[39m=[32m"true"[39m
              [33mclass[39m=[32m"_button_c9c6cf _primary_c9c6cf _md_c9c6cf _loading_c9c6cf"[39m
              [33mdisabled[39m=[32m""[39m
              [33mtype[39m=[32m"button"[39m
            [36m>[39m
              [36m<span[39m
                [33maria-hidden[39m=[32m"true"[39m
                [33mclass[39m=[32m"_spinner_c9c6cf"[39m
              [36m>[39m
                [36m<span[39m
                  [33mclass[39m=[32m"_spinnerCircle_c9c6cf"[39m
                [36m/>[39m
              [36m</span>[39m
              [36m<span[39m
                [33mclass[39m=[32m"_content_c9c6cf"[39m
              [36m>[39m
                [0mCreate Link[0m
              [36m</span>[39m
            [36m</button>[39m
          [36m</div>[39m
        [36m</div>[39m
      [36m</div>[39m
    [36m</div>[39m
  [36m</div>[39m
[36m</body>[39m
 ❯ Object.getElementError node_modules/@testing-library/react/node_modules/@testing-library/dom/dist/config.js:37:19
 ❯ getElementError node_modules/@testing-library/react/node_modules/@testing-library/dom/dist/query-helpers.js:20:35
 ❯ getMultipleElementsFoundError node_modules/@testing-library/react/node_modules/@testing-library/dom/dist/query-helpers.js:23:10
 ❯ node_modules/@testing-library/react/node_modules/@testing-library/dom/dist/query-helpers.js:55:13
 ❯ node_modules/@testing-library/react/node_modules/@testing-library/dom/dist/query-helpers.js:95:19
 ❯ src/components/cpg/ProductLinkingManager.test.tsx:389:33
    387|     fireEvent.change(inventorySelect, { target: { value: 'acc-inventor…
    388|
    389|     const submitButton = screen.getByRole('button', { name: /Create Li…
       |                                 ^
    390|     fireEvent.click(submitButton);
    391|

⎯⎯⎯⎯⎯⎯⎯⎯⎯⎯⎯⎯⎯⎯⎯⎯⎯⎯⎯⎯[241/824]⎯

 FAIL  src/components/cpg/PromoComparison.test.tsx > PromoComparison > Rendering > renders title
 FAIL  src/components/cpg/PromoComparison.test.tsx > PromoComparison > Rendering > renders all variant sections
 FAIL  src/components/cpg/PromoComparison.test.tsx > PromoComparison > Rendering > renders WITHOUT Promo column header
 FAIL  src/components/cpg/PromoComparison.test.tsx > PromoComparison > Rendering > renders WITH Promo column header
 FAIL  src/components/cpg/PromoComparison.test.tsx > PromoComparison > WITHOUT Promo Column > displays CPU value
 FAIL  src/components/cpg/PromoComparison.test.tsx > PromoComparison > WITHOUT Promo Column > displays margin percentage
 FAIL  src/components/cpg/PromoComparison.test.tsx > PromoComparison > WITHOUT Promo Column > displays margin quality label
 FAIL  src/components/cpg/PromoComparison.test.tsx > PromoComparison > WITH Promo Column > displays CPU w/ Promo value
 FAIL  src/components/cpg/PromoComparison.test.tsx > PromoComparison > WITH Promo Column > displays Sales Promo Cost/Unit
 FAIL  src/components/cpg/PromoComparison.test.tsx > PromoComparison > WITH Promo Column > displays margin w/ promo percentage
 FAIL  src/components/cpg/PromoComparison.test.tsx > PromoComparison > WITH Promo Column > displays margin quality label for promo
 FAIL  src/components/cpg/PromoComparison.test.tsx > PromoComparison > Margin Difference Indicator > displays margin impact label
 FAIL  src/components/cpg/PromoComparison.test.tsx > PromoComparison > Margin Difference Indicator > displays negative margin difference with minus sign
 FAIL  src/components/cpg/PromoComparison.test.tsx > PromoComparison > Margin Difference Indicator > displays positive margin difference with plus sign
 FAIL  src/components/cpg/PromoComparison.test.tsx > PromoComparison > Color Coding > applies correct color class for poor margin
 FAIL  src/components/cpg/PromoComparison.test.tsx > PromoComparison > Color Coding > applies correct color class for best margin
 FAIL  src/components/cpg/PromoComparison.test.tsx > PromoComparison > Color Coding > uses icons as visual indicators (not just color)
 FAIL  src/components/cpg/PromoComparison.test.tsx > PromoComparison > Multiple Variants > renders comparison for multiple variants
 FAIL  src/components/cpg/PromoComparison.test.tsx > PromoComparison > Multiple Variants > displays separate margin differences for each variant
 FAIL  src/components/cpg/PromoComparison.test.tsx > PromoComparison > Margin Quality Icons > displays correct icon for poor margin
 FAIL  src/components/cpg/PromoComparison.test.tsx > PromoComparison > Margin Quality Icons > displays correct icon for best margin
 FAIL  src/components/cpg/PromoComparison.test.tsx > PromoComparison > Custom className > applies custom className to container
 FAIL  src/components/cpg/PromoComparison.test.tsx > PromoComparison > Accessibility > uses semantic HTML structure
 FAIL  src/components/cpg/PromoComparison.test.tsx > PromoComparison > Accessibility > includes descriptive labels for metrics
Error: useCPGSettingsContext must be used within a CPGSettingsProvider
 ❯ useCPGSettingsContext src/contexts/CPGSettingsContext.tsx:166:11
    164|   const context = useContext(CPGSettingsContext);
    165|   if (context === undefined) {
    166|     throw new Error('useCPGSettingsContext must be used within a CPGSe…
       |           ^
    167|   }
    168|   return context;
 ❯ useCPGSettings src/hooks/useCPGSettings.ts:12:10
 ❯ PromoComparison src/components/cpg/PromoComparison.tsx:72:48
 ❯ renderWithHooks node_modules/react-dom/cjs/react-dom.development.js:15486:18
 ❯ mountIndeterminateComponent node_modules/react-dom/cjs/react-dom.development.js:20103:13
 ❯ beginWork node_modules/react-dom/cjs/react-dom.development.js:21626:16
 ❯ beginWork$1 node_modules/react-dom/cjs/react-dom.development.js:27465:14
 ❯ performUnitOfWork node_modules/react-dom/cjs/react-dom.development.js:26599:12
 ❯ workLoopSync node_modules/react-dom/cjs/react-dom.development.js:26505:5
 ❯ renderRootSync node_modules/react-dom/cjs/react-dom.development.js:26473:7

⎯⎯⎯⎯⎯⎯⎯⎯⎯⎯⎯⎯⎯⎯⎯⎯⎯⎯⎯⎯[242/824]⎯

 FAIL  src/components/cpg/PromoDetailsForm.test.tsx > PromoDetailsForm > Rendering > renders variant cards for all variants
TestingLibraryElementError: Unable to find an element with the text: 8oz. This could be because the text is broken up by multiple elements. In this case, you can provide a function for your text matcher to make your matcher more flexible.

Ignored nodes: comments, script, style
[36m<body>[39m
  [36m<div>[39m
    [36m<form[39m
      [33mclass[39m=[32m"_form_090064"[39m
      [33mnovalidate[39m=[32m""[39m
    [36m>[39m
      [36m<div[39m
        [33mclass[39m=[32m"_section_090064"[39m
      [36m>[39m
        [36m<div[39m
          [33mclass[39m=[32m"_sectionHeader_090064"[39m
        [36m>[39m
          [36m<h3[39m
            [33mclass[39m=[32m"_sectionTitle_090064"[39m
          [36m>[39m
            [0mPromo Details[0m
          [36m</h3>[39m
          [36m<button[39m
            [33maria-busy[39m=[32m"false"[39m
            [33maria-disabled[39m=[32m"false"[39m
            [33mclass[39m=[32m"_button_c9c6cf _secondary_c9c6cf _sm_c9c6cf _clearButton_090064"[39m
            [33mtype[39m=[32m"button"[39m
          [36m>[39m
            [36m<span[39m
              [33mclass[39m=[32m"_content_c9c6cf"[39m
            [36m>[39m
              [0mClear Data[0m
            [36m</span>[39m
          [36m</button>[39m
        [36m</div>[39m
        [36m<div[39m
          [33mclass[39m=[32m"_row_090064"[39m
        [36m>[39m
          [36m<div[39m
            [33mclass[39m=[32m"_inputWrapper_c35f6e _fullWidth_c35f6e"[39m
          [36m>[39m
            [36m<label[39m
              [33mclass[39m=[32m"_label_c35f6e"[39m
              [33mfor[39m=[32m":r6:"[39m
            [36m>[39m
              [0mPromo Name[0m
              [36m<span[39m
                [33maria-label[39m=[32m"required"[39m
                [33mclass[39m=[32m"_required_c35f6e"[39m
              [36m>[39m
                [0m [0m
                [0m*[0m
              [36m</span>[39m
            [36m</label>[39m
            [36m<div[39m
              [33mclass[39m=[32m"_inputContainer_c35f6e"[39m
            [36m>[39m
              [36m<input[39m
                [33maria-describedby[39m=[32m":r6:-helper"[39m
                [33maria-invalid[39m=[32m"false"[39m
                [33maria-required[39m=[32m"true"[39m
                [33mclass[39m=[32m"_input_c35f6e"[39m
                [33mid[39m=[32m":r6:"[39m
                [33mrequired[39m=[32m""[39m
                [33mtype[39m=[32m"text"[39m
                [33mvalue[39m=[32m""[39m
              [36m/>[39m
            [36m</div>[39m
            [36m<p[39m
              [33mclass[39m=[32m"_helperText_c35f6e"[39m
              [33mid[39m=[32m":r6:-helper"[39m
            [36m>[39m
              [0mGive this promo a memorable name[0m
            [36m</p>[39m
          [36m</div>[39m
          [36m<div[39m
            [33mclass[39m=[32m"_inputWrapper_c35f6e _fullWidth_c35f6e"[39m
          [36m>[39m
            [36m<label[39m
              [33mclass[39m=[32m"_label_c35f6e"[39m
              [33mfor[39m=[32m":r7:"[39m
            [36m>[39m
              [0mRetailer Name[0m
              [36m<span[39m
                [33maria-label[39m=[32m"required"[39m
                [33mclass[39m=[32m"_required_c35f6e"[39m
              [36m>[39m
                [0m [0m
                [0m*[0m
              [36m</span>[39m
            [36m</label>[39m
            [36m<div[39m
              [33mclass[39m=[32m"_inputContainer_c35f6e"[39m
            [36m>[39m
              [36m<input[39m
                [33maria-describedby[39m=[32m":r7:-helper"[39m
                [33maria-invalid[39m=[32m"false"[39m
                [33maria-required[39m=[32m"true"[39m
                [33mclass[39m=[32m"_input_c35f6e"[39m
                [33mid[39m=[32m":r7:"[39m
                [33mrequired[39m=[32m""[39m
                [33mtype[39m=[32m"text"[39m
                [33mvalue[39m=[32m""[39m
              [36m/>[39m
            [36m</div>[39m
            [36m<p[39m
              [33mclass[39m=[32m"_helperText_c35f6e"[39m
              [33mid[39m=[32m":r7:-helper"[39m
            [36m>[39m
              [0mWhich retailer is running this?[0m
            [36m</p>[39m
          [36m</div>[39m
          [36m<div[39m
            [33mclass[39m=[32m"_inputWrapper_c35f6e _fullWidth_c35f6e"[39m
          [36m>[39m
            [36m<label[39m
              [33mclass[39m=[32m"_label_c35f6e"[39m
              [33mfor[39m=[32m":r8:"[39m
            [36m>[39m
              [0mPromo Start Date[0m
              [36m<span[39m
                [33maria-label[39m=[32m"required"[39m
                [33mclass[39m=[32m"_required_c35f6e"[39m
              [36m>[39m
                [0m [0m
                [0m*[0m
              [36m</span>[39m
            [36m</label>[39m
            [36m<div[39m
              [33mclass[39m=[32m"_inputContainer_c35f6e"[39m
            [36m>[39m
              [36m<input[39m
                [33maria-invalid[39m=[32m"false"[39m
                [33maria-required[39m=[32m"true"[39m
                [33mclass[39m=[32m"_input_c35f6e"[39m
                [33mid[39m=[32m":r8:"[39m
                [33mrequired[39m=[32m""[39m
                [33mtype[39m=[32m"date"[39m
                [33mvalue[39m=[32m""[39m
              [36m/>[39m
            [36m</div>[39m
          [36m</div>[39m
          [36m<div[39m
            [33mclass[39m=[32m"_inputWrapper_c35f6e _fullWidth_c35f6e"[39m
          [36m>[39m
            [36m<label[39m
              [33mclass[39m=[32m"_label_c35f6e"[39m
              [33mfor[39m=[32m":r9:"[39m
            [36m>[39m
              [0mPromo End Date[0m
              [36m<span[39m
                [33maria-label[39m=[32m"required"[39m
                [33mclass[39m=[32m"_required_c35f6e"[39m
              [36m>[39m
                [0m [0m
                [0m*[0m
              [36m</span>[39m
            [36m</label>[39m
            [36m<div[39m
              [33mclass[39m=[32m"_inputContainer_c35f6e"[39m
            [36m>[39m
              [36m<input[39m
                [33maria-invalid[39m=[32m"false"[39m
                [33maria-required[39m=[32m"true"[39m
                [33mclass[39m=[32m"_input_c35f6e"[39m
                [33mid[39m=[32m":r9:"[39m
                [33mrequired[39m=[32m""[39m
                [33mtype[39m=[32m"date"[39m
                [33mvalue[39m=[32m""[39m
              [36m/>[39m
            [36m</div>[39m
          [36m</div>[39m
        [36m</div>[39m
        [36m<div[39m
          [33mclass[39m=[32m"_row_090064"[39m
        [36m>[39m
          [36m<div[39m
            [33mclass[39m=[32m"_inputWrapper_c35f6e _fullWidth_c35f6e"[39m
          [36m>[39m
            [36m<label[39m
              [33mclass[39m=[32m"_label_c35f6e"[39m
              [33mfor[39m=[32m":ra:"[39m
            [36m>[39m
              [0mStore Sale %[0m
              [36m<span[39m
                [33maria-label[39m=[32m"required"[39m
                [33mclass[39m=[32m"_required_c35f6e"[39m
              [36m>[39m
                [0m [0m
                [0m*[0m
              [36m</span>[39m
            [36m</label>[39m
            [36m<div[39m
              [33mclass[39m=[32m"_inputContainer_c35f6e"[39m
            [36m>[39m
              [36m<input[39m
                [33maria-describedby[39m=[32m":ra:-helper"[39m
                [33maria-invalid[39m=[32m"false"[39m
                [33maria-required[39m=[32m"true"[39m
                [33mclass[39m=[32m"_input_c35f6e"[39m
                [33mid[39m=[32m":ra:"[39m
                [33mmax[39m=[32m"100"[39m
                [33mmin[39m=[32m"0"[39m
                [33mrequired[39m=[32m""[39m
                [33mstep[39m=[32m"0.01"[39m
                [33mtype[39m=[32m"number"[39m
                [33mvalue[39m=[32m""[39m
              [36m/>[39m
            [36m</div>[39m
            [36m<p[39m
              [33mclass[39m=[32m"_helperText_c35f6e"[39m
              [33mid[39m=[32m":ra:-helper"[39m
            [36m>[39m
              [0mHow much discount are customers getting? (e.g., 20 for 20% off)[0m
            [36m</p>[39m
          [36m</div>[39m
          [36m<div[39m
            [33mclass[39m=[32m"_inputWrapper_c35f6e _fullWidth_c35f6e"[39m
          [36m>[39m
            [36m<label[39m
              [33mclass[39m=[32m"_label_c35f6e"[39m
              [33mfor[39m=[32m":rb:"[39m
            [36m>[39m
              [0mProducer Payback %[0m
              [36m<span[39m
                [33maria-label[39m=[32m"required"[39m
                [33mclass[39m=[32m"_required_c35f6e"[39m
              [36m>[39m
                [0m [0m
                [0m*[0m
              [36m</span>[39m
            [36m</label>[39m
            [36m<div[39m
              [33mclass[39m=[32m"_inputContainer_c35f6e"[39m
            [36m>[39m
              [36m<input[39m
                [33maria-describedby[39m=[32m":rb:-helper"[39m
                [33maria-invalid[39m=[32m"false"[39m
                [33maria-required[39m=[32m"true"[39m
                [33mclass[39m=[32m"_input_c35f6e"[39m
                [33mid[39m=[32m":rb:"[39m
                [33mmax[39m=[32m"100"[39m
                [33mmin[39m=[32m"0"[39m
                [33mrequired[39m=[32m""[39m
                [33mstep[39m=[32m"0.01"[39m
                [33mtype[39m=[32m"number"[39m
                [33mvalue[39m=[32m""[39m
              [36m/>[39m
            [36m</div>[39m
            [36m<p[39m
              [33mclass[39m=[32m"_helperText_c35f6e"[39m
              [33mid[39m=[32m":rb:-helper"[39m
            [36m>[39m
              [0mWhat % of the retail price are you covering? (e.g., 10 for 10% cost-share)[0m
            [36m</p>[39m
          [36m</div>[39m
        [36m</div>[39m
        [36m<div[39m
          [33mclass[39m=[32m"_demoHoursSection_090064"[39m
        [36m>[39m
          [36m<h4[39m
            [33mclass[39m=[32m"_demoHoursTitle_090064"[39m
          [36m>[39m
            [0mDemo Labor (Optional)[0m
          [36m</h4>[39m
          [36m<p[39m
            [33mclass[39m=[32m"_demoHoursDescription_090064"[39m
          [36m>[39m
            [0mTrack labor for demos. Add multiple entries if you and employees will be doing demos.[0m
            [36m<br />[39m
            [36m<span[39m
              [33mclass[39m=[32m"_tipText_090064"[39m
            [36m>[39m
              [0m💡 Tip: You can type math like "5*4" in the hours field and press Enter to calculate.[0m
            [36m</span>[39m
          [36m</p>[39m
          [36m<button[39m
            [33maria-busy[39m=[32m"false"[39m
            [33maria-disabled[39m=[32m"false"[39m
            [33mclass[39m=[32m"_button_c9c6cf _secondary_c9c6cf _md_c9c6cf _addDemoButton_090064"[39m
            [33mtype[39m=[32m"button"[39m
          [36m>[39m
            [36m<span[39m
              [33mclass[39m=[32m"_content_c9c6cf"[39m
            [36m>[39m
              [0m✨ Add Demo Warrior[0m
            [36m</span>[39m
          [36m</button>[39m
        [36m</div>[39m
      [36m</div>[39m
      [36m<div[39m
        [33mclass[39m=[32m"_section_090064"[39m
      [36m>[39m
        [36m<h3[39m
          [33mclass[39m=[32m"_sectionTitle_090064"[39m
        [36m>[39m
          [0mSelect Products Included in this Promotion[0m
        [36m</h3>[39m
        [36m<div[39m
          [33mclass[39m=[32m"_productSelector_090064"[39m
        [36m>[39m
          [36m<button[39m
            [33maria-expanded[39m=[32m"false"[39m
            [33maria-haspopup[39m=[32m"menu"[39m
            [33mclass[39m=[32m"_productDropdown_090064"[39m
            [33mtype[39m=[32m"button"[39m
          [36m>[39m
            [36m<span>[39m
              [0mNo Products Selected[0m
            [36m</span>[39m
            [36m<span[39m
              [33maria-hidden[39m=[32m"true"[39m
            [36m>[39m
              [0m▼[0m
            [36m</span>[39m
          [36m</button>[39m
        [36m</div>[39m
      [36m</div>[39m
      [36m<div[39m
        [33mclass[39m=[32m"_section_090064"[39m
      [36m>[39m
        [36m<h3[39m
          [33mclass[39m=[32m"_sectionTitle_090064"[39m
        [36m>[39m
          [0mProduct Details[0m
        [36m</h3>[39m
        [36m<p[39m
          [33mclass[39m=[32m"_sectionDescription_090064"[39m
        [36m>[39m
          [0mEnter pricing and availability for selected products. Base CPUs (materials) and Production CPUs (labor) are pre-filled from your latest data.[0m
        [36m</p>[39m
      [36m</div>[39m
      [36m<div[39m
        [33mclass[39m=[32m"_actions_090064"[39m
      [36m>[39m
        [36m<button[39m
          [33maria-busy[39m=[32m"false"[39m
          [33maria-disabled[39m=[32m"false"[39m
          [33mclass[39m=[32m"_button_c9c6cf _primary_c9c6cf _lg_c9c6cf _analyzeButton_090064"[39m
          [33mtype[39m=[32m"submit"[39m
        [36m>[39m
          [36m<span[39m
            [33mclass[39m=[32m"_content_c9c6cf"[39m
          [36m>[39m
            [0mAnalyze Promo[0m
          [36m</span>[39m
        [36m</button>[39m
      [36m</div>[39m
    [36m</form>[39m
  [36m</div>[39m
[36m</body>[39m
 ❯ Object.getElementError node_modules/@testing-library/react/node_modules/@testing-library/dom/dist/config.js:37:19
 ❯ node_modules/@testing-library/react/node_modules/@testing-library/dom/dist/query-helpers.js:76:38
 ❯ node_modules/@testing-library/react/node_modules/@testing-library/dom/dist/query-helpers.js:52:17
 ❯ node_modules/@testing-library/react/node_modules/@testing-library/dom/dist/query-helpers.js:95:19
 ❯ src/components/cpg/PromoDetailsForm.test.tsx:42:21
     40|       );
     41|
     42|       expect(screen.getByText('8oz')).toBeInTheDocument();
       |                     ^
     43|       expect(screen.getByText('16oz')).toBeInTheDocument();
     44|       expect(screen.getByText('32oz')).toBeInTheDocument();

⎯⎯⎯⎯⎯⎯⎯⎯⎯⎯⎯⎯⎯⎯⎯⎯⎯⎯⎯⎯[243/824]⎯

 FAIL  src/components/cpg/PromoDetailsForm.test.tsx > PromoDetailsForm > Rendering > auto-populates base CPUs from latestCPUs prop
TestingLibraryElementError: Unable to find a label with the text of: /Base CPU/i

Ignored nodes: comments, script, style
[36m<body>[39m
  [36m<div>[39m
    [36m<form[39m
      [33mclass[39m=[32m"_form_090064"[39m
      [33mnovalidate[39m=[32m""[39m
    [36m>[39m
      [36m<div[39m
        [33mclass[39m=[32m"_section_090064"[39m
      [36m>[39m
        [36m<div[39m
          [33mclass[39m=[32m"_sectionHeader_090064"[39m
        [36m>[39m
          [36m<h3[39m
            [33mclass[39m=[32m"_sectionTitle_090064"[39m
          [36m>[39m
            [0mPromo Details[0m
          [36m</h3>[39m
          [36m<button[39m
            [33maria-busy[39m=[32m"false"[39m
            [33maria-disabled[39m=[32m"false"[39m
            [33mclass[39m=[32m"_button_c9c6cf _secondary_c9c6cf _sm_c9c6cf _clearButton_090064"[39m
            [33mtype[39m=[32m"button"[39m
          [36m>[39m
            [36m<span[39m
              [33mclass[39m=[32m"_content_c9c6cf"[39m
            [36m>[39m
              [0mClear Data[0m
            [36m</span>[39m
          [36m</button>[39m
        [36m</div>[39m
        [36m<div[39m
          [33mclass[39m=[32m"_row_090064"[39m
        [36m>[39m
          [36m<div[39m
            [33mclass[39m=[32m"_inputWrapper_c35f6e _fullWidth_c35f6e"[39m
          [36m>[39m
            [36m<label[39m
              [33mclass[39m=[32m"_label_c35f6e"[39m
              [33mfor[39m=[32m":rc:"[39m
            [36m>[39m
              [0mPromo Name[0m
              [36m<span[39m
                [33maria-label[39m=[32m"required"[39m
                [33mclass[39m=[32m"_required_c35f6e"[39m
              [36m>[39m
                [0m [0m
                [0m*[0m
              [36m</span>[39m
            [36m</label>[39m
            [36m<div[39m
              [33mclass[39m=[32m"_inputContainer_c35f6e"[39m
            [36m>[39m
              [36m<input[39m
                [33maria-describedby[39m=[32m":rc:-helper"[39m
                [33maria-invalid[39m=[32m"false"[39m
                [33maria-required[39m=[32m"true"[39m
                [33mclass[39m=[32m"_input_c35f6e"[39m
                [33mid[39m=[32m":rc:"[39m
                [33mrequired[39m=[32m""[39m
                [33mtype[39m=[32m"text"[39m
                [33mvalue[39m=[32m""[39m
              [36m/>[39m
            [36m</div>[39m
            [36m<p[39m
              [33mclass[39m=[32m"_helperText_c35f6e"[39m
              [33mid[39m=[32m":rc:-helper"[39m
            [36m>[39m
              [0mGive this promo a memorable name[0m
            [36m</p>[39m
          [36m</div>[39m
          [36m<div[39m
            [33mclass[39m=[32m"_inputWrapper_c35f6e _fullWidth_c35f6e"[39m
          [36m>[39m
            [36m<label[39m
              [33mclass[39m=[32m"_label_c35f6e"[39m
              [33mfor[39m=[32m":rd:"[39m
            [36m>[39m
              [0mRetailer Name[0m
              [36m<span[39m
                [33maria-label[39m=[32m"required"[39m
                [33mclass[39m=[32m"_required_c35f6e"[39m
              [36m>[39m
                [0m [0m
                [0m*[0m
              [36m</span>[39m
            [36m</label>[39m
            [36m<div[39m
              [33mclass[39m=[32m"_inputContainer_c35f6e"[39m
            [36m>[39m
              [36m<input[39m
                [33maria-describedby[39m=[32m":rd:-helper"[39m
                [33maria-invalid[39m=[32m"false"[39m
                [33maria-required[39m=[32m"true"[39m
                [33mclass[39m=[32m"_input_c35f6e"[39m
                [33mid[39m=[32m":rd:"[39m
                [33mrequired[39m=[32m""[39m
                [33mtype[39m=[32m"text"[39m
                [33mvalue[39m=[32m""[39m
              [36m/>[39m
            [36m</div>[39m
            [36m<p[39m
              [33mclass[39m=[32m"_helperText_c35f6e"[39m
              [33mid[39m=[32m":rd:-helper"[39m
            [36m>[39m
              [0mWhich retailer is running this?[0m
            [36m</p>[39m
          [36m</div>[39m
          [36m<div[39m
            [33mclass[39m=[32m"_inputWrapper_c35f6e _fullWidth_c35f6e"[39m
          [36m>[39m
            [36m<label[39m
              [33mclass[39m=[32m"_label_c35f6e"[39m
              [33mfor[39m=[32m":re:"[39m
            [36m>[39m
              [0mPromo Start Date[0m
              [36m<span[39m
                [33maria-label[39m=[32m"required"[39m
                [33mclass[39m=[32m"_required_c35f6e"[39m
              [36m>[39m
                [0m [0m
                [0m*[0m
              [36m</span>[39m
            [36m</label>[39m
            [36m<div[39m
              [33mclass[39m=[32m"_inputContainer_c35f6e"[39m
            [36m>[39m
              [36m<input[39m
                [33maria-invalid[39m=[32m"false"[39m
                [33maria-required[39m=[32m"true"[39m
                [33mclass[39m=[32m"_input_c35f6e"[39m
                [33mid[39m=[32m":re:"[39m
                [33mrequired[39m=[32m""[39m
                [33mtype[39m=[32m"date"[39m
                [33mvalue[39m=[32m""[39m
              [36m/>[39m
            [36m</div>[39m
          [36m</div>[39m
          [36m<div[39m
            [33mclass[39m=[32m"_inputWrapper_c35f6e _fullWidth_c35f6e"[39m
          [36m>[39m
            [36m<label[39m
              [33mclass[39m=[32m"_label_c35f6e"[39m
              [33mfor[39m=[32m":rf:"[39m
            [36m>[39m
              [0mPromo End Date[0m
              [36m<span[39m
                [33maria-label[39m=[32m"required"[39m
                [33mclass[39m=[32m"_required_c35f6e"[39m
              [36m>[39m
                [0m [0m
                [0m*[0m
              [36m</span>[39m
            [36m</label>[39m
            [36m<div[39m
              [33mclass[39m=[32m"_inputContainer_c35f6e"[39m
            [36m>[39m
              [36m<input[39m
                [33maria-invalid[39m=[32m"false"[39m
                [33maria-required[39m=[32m"true"[39m
                [33mclass[39m=[32m"_input_c35f6e"[39m
                [33mid[39m=[32m":rf:"[39m
                [33mrequired[39m=[32m""[39m
                [33mtype[39m=[32m"date"[39m
                [33mvalue[39m=[32m""[39m
              [36m/>[39m
            [36m</div>[39m
          [36m</div>[39m
        [36m</div>[39m
        [36m<div[39m
          [33mclass[39m=[32m"_row_090064"[39m
        [36m>[39m
          [36m<div[39m
            [33mclass[39m=[32m"_inputWrapper_c35f6e _fullWidth_c35f6e"[39m
          [36m>[39m
            [36m<label[39m
              [33mclass[39m=[32m"_label_c35f6e"[39m
              [33mfor[39m=[32m":rg:"[39m
            [36m>[39m
              [0mStore Sale %[0m
              [36m<span[39m
                [33maria-label[39m=[32m"required"[39m
                [33mclass[39m=[32m"_required_c35f6e"[39m
              [36m>[39m
                [0m [0m
                [0m*[0m
              [36m</span>[39m
            [36m</label>[39m
            [36m<div[39m
              [33mclass[39m=[32m"_inputContainer_c35f6e"[39m
            [36m>[39m
              [36m<input[39m
                [33maria-describedby[39m=[32m":rg:-helper"[39m
                [33maria-invalid[39m=[32m"false"[39m
                [33maria-required[39m=[32m"true"[39m
                [33mclass[39m=[32m"_input_c35f6e"[39m
                [33mid[39m=[32m":rg:"[39m
                [33mmax[39m=[32m"100"[39m
                [33mmin[39m=[32m"0"[39m
                [33mrequired[39m=[32m""[39m
                [33mstep[39m=[32m"0.01"[39m
                [33mtype[39m=[32m"number"[39m
                [33mvalue[39m=[32m""[39m
              [36m/>[39m
            [36m</div>[39m
            [36m<p[39m
              [33mclass[39m=[32m"_helperText_c35f6e"[39m
              [33mid[39m=[32m":rg:-helper"[39m
            [36m>[39m
              [0mHow much discount are customers getting? (e.g., 20 for 20% off)[0m
            [36m</p>[39m
          [36m</div>[39m
          [36m<div[39m
            [33mclass[39m=[32m"_inputWrapper_c35f6e _fullWidth_c35f6e"[39m
          [36m>[39m
            [36m<label[39m
              [33mclass[39m=[32m"_label_c35f6e"[39m
              [33mfor[39m=[32m":rh:"[39m
            [36m>[39m
              [0mProducer Payback %[0m
              [36m<span[39m
                [33maria-label[39m=[32m"required"[39m
                [33mclass[39m=[32m"_required_c35f6e"[39m
              [36m>[39m
                [0m [0m
                [0m*[0m
              [36m</span>[39m
            [36m</label>[39m
            [36m<div[39m
              [33mclass[39m=[32m"_inputContainer_c35f6e"[39m
            [36m>[39m
              [36m<input[39m
                [33maria-describedby[39m=[32m":rh:-helper"[39m
                [33maria-invalid[39m=[32m"false"[39m
                [33maria-required[39m=[32m"true"[39m
                [33mclass[39m=[32m"_input_c35f6e"[39m
                [33mid[39m=[32m":rh:"[39m
                [33mmax[39m=[32m"100"[39m
                [33mmin[39m=[32m"0"[39m
                [33mrequired[39m=[32m""[39m
                [33mstep[39m=[32m"0.01"[39m
                [33mtype[39m=[32m"number"[39m
                [33mvalue[39m=[32m""[39m
              [36m/>[39m
            [36m</div>[39m
            [36m<p[39m
              [33mclass[39m=[32m"_helperText_c35f6e"[39m
              [33mid[39m=[32m":rh:-helper"[39m
            [36m>[39m
              [0mWhat % of the retail price are you covering? (e.g., 10 for 10% cost-share)[0m
            [36m</p>[39m
          [36m</div>[39m
        [36m</div>[39m
        [36m<div[39m
          [33mclass[39m=[32m"_demoHoursSection_090064"[39m
        [36m>[39m
          [36m<h4[39m
            [33mclass[39m=[32m"_demoHoursTitle_090064"[39m
          [36m>[39m
            [0mDemo Labor (Optional)[0m
          [36m</h4>[39m
          [36m<p[39m
            [33mclass[39m=[32m"_demoHoursDescription_090064"[39m
          [36m>[39m
            [0mTrack labor for demos. Add multiple entries if you and employees will be doing demos.[0m
            [36m<br />[39m
            [36m<span[39m
              [33mclass[39m=[32m"_tipText_090064"[39m
            [36m>[39m
              [0m💡 Tip: You can type math like "5*4" in the hours field and press Enter to calculate.[0m
            [36m</span>[39m
          [36m</p>[39m
          [36m<button[39m
            [33maria-busy[39m=[32m"false"[39m
            [33maria-disabled[39m=[32m"false"[39m
            [33mclass[39m=[32m"_button_c9c6cf _secondary_c9c6cf _md_c9c6cf _addDemoButton_090064"[39m
            [33mtype[39m=[32m"button"[39m
          [36m>[39m
            [36m<span[39m
              [33mclass[39m=[32m"_content_c9c6cf"[39m
            [36m>[39m
              [0m✨ Add Demo Warrior[0m
            [36m</span>[39m
          [36m</button>[39m
        [36m</div>[39m
      [36m</div>[39m
      [36m<div[39m
        [33mclass[39m=[32m"_section_090064"[39m
      [36m>[39m
        [36m<h3[39m
          [33mclass[39m=[32m"_sectionTitle_090064"[39m
        [36m>[39m
          [0mSelect Products Included in this Promotion[0m
        [36m</h3>[39m
        [36m<div[39m
          [33mclass[39m=[32m"_productSelector_090064"[39m
        [36m>[39m
          [36m<button[39m
            [33maria-expanded[39m=[32m"false"[39m
            [33maria-haspopup[39m=[32m"menu"[39m
            [33mclass[39m=[32m"_productDropdown_090064"[39m
            [33mtype[39m=[32m"button"[39m
          [36m>[39m
            [36m<span>[39m
              [0mNo Products Selected[0m
            [36m</span>[39m
            [36m<span[39m
              [33maria-hidden[39m=[32m"true"[39m
            [36m>[39m
              [0m▼[0m
            [36m</span>[39m
          [36m</button>[39m
        [36m</div>[39m
      [36m</div>[39m
      [36m<div[39m
        [33mclass[39m=[32m"_section_090064"[39m
      [36m>[39m
        [36m<h3[39m
          [33mclass[39m=[32m"_sectionTitle_090064"[39m
        [36m>[39m
          [0mProduct Details[0m
        [36m</h3>[39m
        [36m<p[39m
          [33mclass[39m=[32m"_sectionDescription_090064"[39m
        [36m>[39m
          [0mEnter pricing and availability for selected products. Base CPUs (materials) and Production CPUs (labor) are pre-filled from your latest data.[0m
        [36m</p>[39m
      [36m</div>[39m
      [36m<div[39m
        [33mclass[39m=[32m"_actions_090064"[39m
      [36m>[39m
        [36m<button[39m
          [33maria-busy[39m=[32m"false"[39m
          [33maria-disabled[39m=[32m"false"[39m
          [33mclass[39m=[32m"_button_c9c6cf _primary_c9c6cf _lg_c9c6cf _analyzeButton_090064"[39m
          [33mtype[39m=[32m"submit"[39m
        [36m>[39m
          [36m<span[39m
            [33mclass[39m=[32m"_content_c9c6cf"[39m
          [36m>[39m
            [0mAnalyze Promo[0m
          [36m</span>[39m
        [36m</button>[39m
      [36m</div>[39m
    [36m</form>[39m
  [36m</div>[39m
[36m</body>[39m
 ❯ Object.getElementError node_modules/@testing-library/react/node_modules/@testing-library/dom/dist/config.js:37:19
 ❯ getAllByLabelText node_modules/@testing-library/react/node_modules/@testing-library/dom/dist/queries/label-text.js:111:38
 ❯ node_modules/@testing-library/react/node_modules/@testing-library/dom/dist/query-helpers.js:109:15
 ❯ src/components/cpg/PromoDetailsForm.test.tsx:56:36
     54|       );
     55|
     56|       const baseCPUInputs = screen.getAllByLabelText(/Base CPU/i);
       |                                    ^
     57|       expect(baseCPUInputs[0]).toHaveValue(2.15);
     58|       expect(baseCPUInputs[1]).toHaveValue(3.20);

⎯⎯⎯⎯⎯⎯⎯⎯⎯⎯⎯⎯⎯⎯⎯⎯⎯⎯⎯⎯[244/824]⎯

 FAIL  src/components/cpg/PromoDetailsForm.test.tsx > PromoDetailsForm > Form Validation > validates retail price must be greater than 0
TestingLibraryElementError: Unable to find a label with the text of: /Retail Price/i

Ignored nodes: comments, script, style
[36m<body>[39m
  [36m<div>[39m
    [36m<form[39m
      [33mclass[39m=[32m"_form_090064"[39m
      [33mnovalidate[39m=[32m""[39m
    [36m>[39m
      [36m<div[39m
        [33mclass[39m=[32m"_section_090064"[39m
      [36m>[39m
        [36m<div[39m
          [33mclass[39m=[32m"_sectionHeader_090064"[39m
        [36m>[39m
          [36m<h3[39m
            [33mclass[39m=[32m"_sectionTitle_090064"[39m
          [36m>[39m
            [0mPromo Details[0m
          [36m</h3>[39m
          [36m<button[39m
            [33maria-busy[39m=[32m"false"[39m
            [33maria-disabled[39m=[32m"false"[39m
            [33mclass[39m=[32m"_button_c9c6cf _secondary_c9c6cf _sm_c9c6cf _clearButton_090064"[39m
            [33mtype[39m=[32m"button"[39m
          [36m>[39m
            [36m<span[39m
              [33mclass[39m=[32m"_content_c9c6cf"[39m
            [36m>[39m
              [0mClear Data[0m
            [36m</span>[39m
          [36m</button>[39m
        [36m</div>[39m
        [36m<div[39m
          [33mclass[39m=[32m"_row_090064"[39m
        [36m>[39m
          [36m<div[39m
            [33mclass[39m=[32m"_inputWrapper_c35f6e _fullWidth_c35f6e"[39m
          [36m>[39m
            [36m<label[39m
              [33mclass[39m=[32m"_label_c35f6e"[39m
              [33mfor[39m=[32m":r1g:"[39m
            [36m>[39m
              [0mPromo Name[0m
              [36m<span[39m
                [33maria-label[39m=[32m"required"[39m
                [33mclass[39m=[32m"_required_c35f6e"[39m
              [36m>[39m
                [0m [0m
                [0m*[0m
              [36m</span>[39m
            [36m</label>[39m
            [36m<div[39m
              [33mclass[39m=[32m"_inputContainer_c35f6e"[39m
            [36m>[39m
              [36m<input[39m
                [33maria-describedby[39m=[32m":r1g:-helper"[39m
                [33maria-invalid[39m=[32m"false"[39m
                [33maria-required[39m=[32m"true"[39m
                [33mclass[39m=[32m"_input_c35f6e"[39m
                [33mid[39m=[32m":r1g:"[39m
                [33mrequired[39m=[32m""[39m
                [33mtype[39m=[32m"text"[39m
                [33mvalue[39m=[32m""[39m
              [36m/>[39m
            [36m</div>[39m
            [36m<p[39m
              [33mclass[39m=[32m"_helperText_c35f6e"[39m
              [33mid[39m=[32m":r1g:-helper"[39m
            [36m>[39m
              [0mGive this promo a memorable name[0m
            [36m</p>[39m
          [36m</div>[39m
          [36m<div[39m
            [33mclass[39m=[32m"_inputWrapper_c35f6e _fullWidth_c35f6e"[39m
          [36m>[39m
            [36m<label[39m
              [33mclass[39m=[32m"_label_c35f6e"[39m
              [33mfor[39m=[32m":r1h:"[39m
            [36m>[39m
              [0mRetailer Name[0m
              [36m<span[39m
                [33maria-label[39m=[32m"required"[39m
                [33mclass[39m=[32m"_required_c35f6e"[39m
              [36m>[39m
                [0m [0m
                [0m*[0m
              [36m</span>[39m
            [36m</label>[39m
            [36m<div[39m
              [33mclass[39m=[32m"_inputContainer_c35f6e"[39m
            [36m>[39m
              [36m<input[39m
                [33maria-describedby[39m=[32m":r1h:-helper"[39m
                [33maria-invalid[39m=[32m"false"[39m
                [33maria-required[39m=[32m"true"[39m
                [33mclass[39m=[32m"_input_c35f6e"[39m
                [33mid[39m=[32m":r1h:"[39m
                [33mrequired[39m=[32m""[39m
                [33mtype[39m=[32m"text"[39m
                [33mvalue[39m=[32m""[39m
              [36m/>[39m
            [36m</div>[39m
            [36m<p[39m
              [33mclass[39m=[32m"_helperText_c35f6e"[39m
              [33mid[39m=[32m":r1h:-helper"[39m
            [36m>[39m
              [0mWhich retailer is running this?[0m
            [36m</p>[39m
          [36m</div>[39m
          [36m<div[39m
            [33mclass[39m=[32m"_inputWrapper_c35f6e _fullWidth_c35f6e"[39m
          [36m>[39m
            [36m<label[39m
              [33mclass[39m=[32m"_label_c35f6e"[39m
              [33mfor[39m=[32m":r1i:"[39m
            [36m>[39m
              [0mPromo Start Date[0m
              [36m<span[39m
                [33maria-label[39m=[32m"required"[39m
                [33mclass[39m=[32m"_required_c35f6e"[39m
              [36m>[39m
                [0m [0m
                [0m*[0m
              [36m</span>[39m
            [36m</label>[39m
            [36m<div[39m
              [33mclass[39m=[32m"_inputContainer_c35f6e"[39m
            [36m>[39m
              [36m<input[39m
                [33maria-invalid[39m=[32m"false"[39m
                [33maria-required[39m=[32m"true"[39m
                [33mclass[39m=[32m"_input_c35f6e"[39m
                [33mid[39m=[32m":r1i:"[39m
                [33mrequired[39m=[32m""[39m
                [33mtype[39m=[32m"date"[39m
                [33mvalue[39m=[32m""[39m
              [36m/>[39m
            [36m</div>[39m
          [36m</div>[39m
          [36m<div[39m
            [33mclass[39m=[32m"_inputWrapper_c35f6e _fullWidth_c35f6e"[39m
          [36m>[39m
            [36m<label[39m
              [33mclass[39m=[32m"_label_c35f6e"[39m
              [33mfor[39m=[32m":r1j:"[39m
            [36m>[39m
              [0mPromo End Date[0m
              [36m<span[39m
                [33maria-label[39m=[32m"required"[39m
                [33mclass[39m=[32m"_required_c35f6e"[39m
              [36m>[39m
                [0m [0m
                [0m*[0m
              [36m</span>[39m
            [36m</label>[39m
            [36m<div[39m
              [33mclass[39m=[32m"_inputContainer_c35f6e"[39m
            [36m>[39m
              [36m<input[39m
                [33maria-invalid[39m=[32m"false"[39m
                [33maria-required[39m=[32m"true"[39m
                [33mclass[39m=[32m"_input_c35f6e"[39m
                [33mid[39m=[32m":r1j:"[39m
                [33mrequired[39m=[32m""[39m
                [33mtype[39m=[32m"date"[39m
                [33mvalue[39m=[32m""[39m
              [36m/>[39m
            [36m</div>[39m
          [36m</div>[39m
        [36m</div>[39m
        [36m<div[39m
          [33mclass[39m=[32m"_row_090064"[39m
        [36m>[39m
          [36m<div[39m
            [33mclass[39m=[32m"_inputWrapper_c35f6e _fullWidth_c35f6e"[39m
          [36m>[39m
            [36m<label[39m
              [33mclass[39m=[32m"_label_c35f6e"[39m
              [33mfor[39m=[32m":r1k:"[39m
            [36m>[39m
              [0mStore Sale %[0m
              [36m<span[39m
                [33maria-label[39m=[32m"required"[39m
                [33mclass[39m=[32m"_required_c35f6e"[39m
              [36m>[39m
                [0m [0m
                [0m*[0m
              [36m</span>[39m
            [36m</label>[39m
            [36m<div[39m
              [33mclass[39m=[32m"_inputContainer_c35f6e"[39m
            [36m>[39m
              [36m<input[39m
                [33maria-describedby[39m=[32m":r1k:-helper"[39m
                [33maria-invalid[39m=[32m"false"[39m
                [33maria-required[39m=[32m"true"[39m
                [33mclass[39m=[32m"_input_c35f6e"[39m
                [33mid[39m=[32m":r1k:"[39m
                [33mmax[39m=[32m"100"[39m
                [33mmin[39m=[32m"0"[39m
                [33mrequired[39m=[32m""[39m
                [33mstep[39m=[32m"0.01"[39m
                [33mtype[39m=[32m"number"[39m
                [33mvalue[39m=[32m""[39m
              [36m/>[39m
            [36m</div>[39m
            [36m<p[39m
              [33mclass[39m=[32m"_helperText_c35f6e"[39m
              [33mid[39m=[32m":r1k:-helper"[39m
            [36m>[39m
              [0mHow much discount are customers getting? (e.g., 20 for 20% off)[0m
            [36m</p>[39m
          [36m</div>[39m
          [36m<div[39m
            [33mclass[39m=[32m"_inputWrapper_c35f6e _fullWidth_c35f6e"[39m
          [36m>[39m
            [36m<label[39m
              [33mclass[39m=[32m"_label_c35f6e"[39m
              [33mfor[39m=[32m":r1l:"[39m
            [36m>[39m
              [0mProducer Payback %[0m
              [36m<span[39m
                [33maria-label[39m=[32m"required"[39m
                [33mclass[39m=[32m"_required_c35f6e"[39m
              [36m>[39m
                [0m [0m
                [0m*[0m
              [36m</span>[39m
            [36m</label>[39m
            [36m<div[39m
              [33mclass[39m=[32m"_inputContainer_c35f6e"[39m
            [36m>[39m
              [36m<input[39m
                [33maria-describedby[39m=[32m":r1l:-helper"[39m
                [33maria-invalid[39m=[32m"false"[39m
                [33maria-required[39m=[32m"true"[39m
                [33mclass[39m=[32m"_input_c35f6e"[39m
                [33mid[39m=[32m":r1l:"[39m
                [33mmax[39m=[32m"100"[39m
                [33mmin[39m=[32m"0"[39m
                [33mrequired[39m=[32m""[39m
                [33mstep[39m=[32m"0.01"[39m
                [33mtype[39m=[32m"number"[39m
                [33mvalue[39m=[32m""[39m
              [36m/>[39m
            [36m</div>[39m
            [36m<p[39m
              [33mclass[39m=[32m"_helperText_c35f6e"[39m
              [33mid[39m=[32m":r1l:-helper"[39m
            [36m>[39m
              [0mWhat % of the retail price are you covering? (e.g., 10 for 10% cost-share)[0m
            [36m</p>[39m
          [36m</div>[39m
        [36m</div>[39m
        [36m<div[39m
          [33mclass[39m=[32m"_demoHoursSection_090064"[39m
        [36m>[39m
          [36m<h4[39m
            [33mclass[39m=[32m"_demoHoursTitle_090064"[39m
          [36m>[39m
            [0mDemo Labor (Optional)[0m
          [36m</h4>[39m
          [36m<p[39m
            [33mclass[39m=[32m"_demoHoursDescription_090064"[39m
          [36m>[39m
            [0mTrack labor for demos. Add multiple entries if you and employees will be doing demos.[0m
            [36m<br />[39m
            [36m<span[39m
              [33mclass[39m=[32m"_tipText_090064"[39m
            [36m>[39m
              [0m💡 Tip: You can type math like "5*4" in the hours field and press Enter to calculate.[0m
            [36m</span>[39m
          [36m</p>[39m
          [36m<button[39m
            [33maria-busy[39m=[32m"false"[39m
            [33maria-disabled[39m=[32m"false"[39m
            [33mclass[39m=[32m"_button_c9c6cf _secondary_c9c6cf _md_c9c6cf _addDemoButton_090064"[39m
            [33mtype[39m=[32m"button"[39m
          [36m>[39m
            [36m<span[39m
              [33mclass[39m=[32m"_content_c9c6cf"[39m
            [36m>[39m
              [0m✨ Add Demo Warrior[0m
            [36m</span>[39m
          [36m</button>[39m
        [36m</div>[39m
      [36m</div>[39m
      [36m<div[39m
        [33mclass[39m=[32m"_section_090064"[39m
      [36m>[39m
        [36m<h3[39m
          [33mclass[39m=[32m"_sectionTitle_090064"[39m
        [36m>[39m
          [0mSelect Products Included in this Promotion[0m
        [36m</h3>[39m
        [36m<div[39m
          [33mclass[39m=[32m"_productSelector_090064"[39m
        [36m>[39m
          [36m<button[39m
            [33maria-expanded[39m=[32m"false"[39m
            [33maria-haspopup[39m=[32m"menu"[39m
            [33mclass[39m=[32m"_productDropdown_090064"[39m
            [33mtype[39m=[32m"button"[39m
          [36m>[39m
            [36m<span>[39m
              [0mNo Products Selected[0m
            [36m</span>[39m
            [36m<span[39m
              [33maria-hidden[39m=[32m"true"[39m
            [36m>[39m
              [0m▼[0m
            [36m</span>[39m
          [36m</button>[39m
        [36m</div>[39m
      [36m</div>[39m
      [36m<div[39m
        [33mclass[39m=[32m"_section_090064"[39m
      [36m>[39m
        [36m<h3[39m
          [33mclass[39m=[32m"_sectionTitle_090064"[39m
        [36m>[39m
          [0mProduct Details[0m
        [36m</h3>[39m
        [36m<p[39m
          [33mclass[39m=[32m"_sectionDescription_090064"[39m
        [36m>[39m
          [0mEnter pricing and availability for selected products. Base CPUs (materials) and Production CPUs (labor) are pre-filled from your latest data.[0m
        [36m</p>[39m
      [36m</div>[39m
      [36m<div[39m
        [33mclass[39m=[32m"_actions_090064"[39m
      [36m>[39m
        [36m<button[39m
          [33maria-busy[39m=[32m"false"[39m
          [33maria-disabled[39m=[32m"false"[39m
          [33mclass[39m=[32m"_button_c9c6cf _primary_c9c6cf _lg_c9c6cf _analyzeButton_090064"[39m
          [33mtype[39m=[32m"submit"[39m
        [36m>[39m
          [36m<span[39m
            [33mclass[39m=[32m"_content_c9c6cf"[39m
          [36m>[39m
            [0mAnalyze Promo[0m
          [36m</span>[39m
        [36m</button>[39m
      [36m</div>[39m
    [36m</form>[39m
  [36m</div>[39m
[36m</body>[39m
 ❯ Object.getElementError node_modules/@testing-library/react/node_modules/@testing-library/dom/dist/config.js:37:19
 ❯ getAllByLabelText node_modules/@testing-library/react/node_modules/@testing-library/dom/dist/queries/label-text.js:111:38
 ❯ node_modules/@testing-library/react/node_modules/@testing-library/dom/dist/query-helpers.js:109:15
 ❯ src/components/cpg/PromoDetailsForm.test.tsx:166:39
    164|       );
    165|
    166|       const retailPriceInput = screen.getAllByLabelText(/Retail Price/…
       |                                       ^
    167|       await user.type(retailPriceInput, '0');
    168|

⎯⎯⎯⎯⎯⎯⎯⎯⎯⎯⎯⎯⎯⎯⎯⎯⎯⎯⎯⎯[245/824]⎯

 FAIL  src/components/cpg/PromoDetailsForm.test.tsx > PromoDetailsForm > Form Validation > validates units available must be greater than 0
TestingLibraryElementError: Unable to find a label with the text of: /Units Available/i

Ignored nodes: comments, script, style
[36m<body>[39m
  [36m<div>[39m
    [36m<form[39m
      [33mclass[39m=[32m"_form_090064"[39m
      [33mnovalidate[39m=[32m""[39m
    [36m>[39m
      [36m<div[39m
        [33mclass[39m=[32m"_section_090064"[39m
      [36m>[39m
        [36m<div[39m
          [33mclass[39m=[32m"_sectionHeader_090064"[39m
        [36m>[39m
          [36m<h3[39m
            [33mclass[39m=[32m"_sectionTitle_090064"[39m
          [36m>[39m
            [0mPromo Details[0m
          [36m</h3>[39m
          [36m<button[39m
            [33maria-busy[39m=[32m"false"[39m
            [33maria-disabled[39m=[32m"false"[39m
            [33mclass[39m=[32m"_button_c9c6cf _secondary_c9c6cf _sm_c9c6cf _clearButton_090064"[39m
            [33mtype[39m=[32m"button"[39m
          [36m>[39m
            [36m<span[39m
              [33mclass[39m=[32m"_content_c9c6cf"[39m
            [36m>[39m
              [0mClear Data[0m
            [36m</span>[39m
          [36m</button>[39m
        [36m</div>[39m
        [36m<div[39m
          [33mclass[39m=[32m"_row_090064"[39m
        [36m>[39m
          [36m<div[39m
            [33mclass[39m=[32m"_inputWrapper_c35f6e _fullWidth_c35f6e"[39m
          [36m>[39m
            [36m<label[39m
              [33mclass[39m=[32m"_label_c35f6e"[39m
              [33mfor[39m=[32m":r1m:"[39m
            [36m>[39m
              [0mPromo Name[0m
              [36m<span[39m
                [33maria-label[39m=[32m"required"[39m
                [33mclass[39m=[32m"_required_c35f6e"[39m
              [36m>[39m
                [0m [0m
                [0m*[0m
              [36m</span>[39m
            [36m</label>[39m
            [36m<div[39m
              [33mclass[39m=[32m"_inputContainer_c35f6e"[39m
            [36m>[39m
              [36m<input[39m
                [33maria-describedby[39m=[32m":r1m:-helper"[39m
                [33maria-invalid[39m=[32m"false"[39m
                [33maria-required[39m=[32m"true"[39m
                [33mclass[39m=[32m"_input_c35f6e"[39m
                [33mid[39m=[32m":r1m:"[39m
                [33mrequired[39m=[32m""[39m
                [33mtype[39m=[32m"text"[39m
                [33mvalue[39m=[32m""[39m
              [36m/>[39m
            [36m</div>[39m
            [36m<p[39m
              [33mclass[39m=[32m"_helperText_c35f6e"[39m
              [33mid[39m=[32m":r1m:-helper"[39m
            [36m>[39m
              [0mGive this promo a memorable name[0m
            [36m</p>[39m
          [36m</div>[39m
          [36m<div[39m
            [33mclass[39m=[32m"_inputWrapper_c35f6e _fullWidth_c35f6e"[39m
          [36m>[39m
            [36m<label[39m
              [33mclass[39m=[32m"_label_c35f6e"[39m
              [33mfor[39m=[32m":r1n:"[39m
            [36m>[39m
              [0mRetailer Name[0m
              [36m<span[39m
                [33maria-label[39m=[32m"required"[39m
                [33mclass[39m=[32m"_required_c35f6e"[39m
              [36m>[39m
                [0m [0m
                [0m*[0m
              [36m</span>[39m
            [36m</label>[39m
            [36m<div[39m
              [33mclass[39m=[32m"_inputContainer_c35f6e"[39m
            [36m>[39m
              [36m<input[39m
                [33maria-describedby[39m=[32m":r1n:-helper"[39m
                [33maria-invalid[39m=[32m"false"[39m
                [33maria-required[39m=[32m"true"[39m
                [33mclass[39m=[32m"_input_c35f6e"[39m
                [33mid[39m=[32m":r1n:"[39m
                [33mrequired[39m=[32m""[39m
                [33mtype[39m=[32m"text"[39m
                [33mvalue[39m=[32m""[39m
              [36m/>[39m
            [36m</div>[39m
            [36m<p[39m
              [33mclass[39m=[32m"_helperText_c35f6e"[39m
              [33mid[39m=[32m":r1n:-helper"[39m
            [36m>[39m
              [0mWhich retailer is running this?[0m
            [36m</p>[39m
          [36m</div>[39m
          [36m<div[39m
            [33mclass[39m=[32m"_inputWrapper_c35f6e _fullWidth_c35f6e"[39m
          [36m>[39m
            [36m<label[39m
              [33mclass[39m=[32m"_label_c35f6e"[39m
              [33mfor[39m=[32m":r1o:"[39m
            [36m>[39m
              [0mPromo Start Date[0m
              [36m<span[39m
                [33maria-label[39m=[32m"required"[39m
                [33mclass[39m=[32m"_required_c35f6e"[39m
              [36m>[39m
                [0m [0m
                [0m*[0m
              [36m</span>[39m
            [36m</label>[39m
            [36m<div[39m
              [33mclass[39m=[32m"_inputContainer_c35f6e"[39m
            [36m>[39m
              [36m<input[39m
                [33maria-invalid[39m=[32m"false"[39m
                [33maria-required[39m=[32m"true"[39m
                [33mclass[39m=[32m"_input_c35f6e"[39m
                [33mid[39m=[32m":r1o:"[39m
                [33mrequired[39m=[32m""[39m
                [33mtype[39m=[32m"date"[39m
                [33mvalue[39m=[32m""[39m
              [36m/>[39m
            [36m</div>[39m
          [36m</div>[39m
          [36m<div[39m
            [33mclass[39m=[32m"_inputWrapper_c35f6e _fullWidth_c35f6e"[39m
          [36m>[39m
            [36m<label[39m
              [33mclass[39m=[32m"_label_c35f6e"[39m
              [33mfor[39m=[32m":r1p:"[39m
            [36m>[39m
              [0mPromo End Date[0m
              [36m<span[39m
                [33maria-label[39m=[32m"required"[39m
                [33mclass[39m=[32m"_required_c35f6e"[39m
              [36m>[39m
                [0m [0m
                [0m*[0m
              [36m</span>[39m
            [36m</label>[39m
            [36m<div[39m
              [33mclass[39m=[32m"_inputContainer_c35f6e"[39m
            [36m>[39m
              [36m<input[39m
                [33maria-invalid[39m=[32m"false"[39m
                [33maria-required[39m=[32m"true"[39m
                [33mclass[39m=[32m"_input_c35f6e"[39m
                [33mid[39m=[32m":r1p:"[39m
                [33mrequired[39m=[32m""[39m
                [33mtype[39m=[32m"date"[39m
                [33mvalue[39m=[32m""[39m
              [36m/>[39m
            [36m</div>[39m
          [36m</div>[39m
        [36m</div>[39m
        [36m<div[39m
          [33mclass[39m=[32m"_row_090064"[39m
        [36m>[39m
          [36m<div[39m
            [33mclass[39m=[32m"_inputWrapper_c35f6e _fullWidth_c35f6e"[39m
          [36m>[39m
            [36m<label[39m
              [33mclass[39m=[32m"_label_c35f6e"[39m
              [33mfor[39m=[32m":r1q:"[39m
            [36m>[39m
              [0mStore Sale %[0m
              [36m<span[39m
                [33maria-label[39m=[32m"required"[39m
                [33mclass[39m=[32m"_required_c35f6e"[39m
              [36m>[39m
                [0m [0m
                [0m*[0m
              [36m</span>[39m
            [36m</label>[39m
            [36m<div[39m
              [33mclass[39m=[32m"_inputContainer_c35f6e"[39m
            [36m>[39m
              [36m<input[39m
                [33maria-describedby[39m=[32m":r1q:-helper"[39m
                [33maria-invalid[39m=[32m"false"[39m
                [33maria-required[39m=[32m"true"[39m
                [33mclass[39m=[32m"_input_c35f6e"[39m
                [33mid[39m=[32m":r1q:"[39m
                [33mmax[39m=[32m"100"[39m
                [33mmin[39m=[32m"0"[39m
                [33mrequired[39m=[32m""[39m
                [33mstep[39m=[32m"0.01"[39m
                [33mtype[39m=[32m"number"[39m
                [33mvalue[39m=[32m""[39m
              [36m/>[39m
            [36m</div>[39m
            [36m<p[39m
              [33mclass[39m=[32m"_helperText_c35f6e"[39m
              [33mid[39m=[32m":r1q:-helper"[39m
            [36m>[39m
              [0mHow much discount are customers getting? (e.g., 20 for 20% off)[0m
            [36m</p>[39m
          [36m</div>[39m
          [36m<div[39m
            [33mclass[39m=[32m"_inputWrapper_c35f6e _fullWidth_c35f6e"[39m
          [36m>[39m
            [36m<label[39m
              [33mclass[39m=[32m"_label_c35f6e"[39m
              [33mfor[39m=[32m":r1r:"[39m
            [36m>[39m
              [0mProducer Payback %[0m
              [36m<span[39m
                [33maria-label[39m=[32m"required"[39m
                [33mclass[39m=[32m"_required_c35f6e"[39m
              [36m>[39m
                [0m [0m
                [0m*[0m
              [36m</span>[39m
            [36m</label>[39m
            [36m<div[39m
              [33mclass[39m=[32m"_inputContainer_c35f6e"[39m
            [36m>[39m
              [36m<input[39m
                [33maria-describedby[39m=[32m":r1r:-helper"[39m
                [33maria-invalid[39m=[32m"false"[39m
                [33maria-required[39m=[32m"true"[39m
                [33mclass[39m=[32m"_input_c35f6e"[39m
                [33mid[39m=[32m":r1r:"[39m
                [33mmax[39m=[32m"100"[39m
                [33mmin[39m=[32m"0"[39m
                [33mrequired[39m=[32m""[39m
                [33mstep[39m=[32m"0.01"[39m
                [33mtype[39m=[32m"number"[39m
                [33mvalue[39m=[32m""[39m
              [36m/>[39m
            [36m</div>[39m
            [36m<p[39m
              [33mclass[39m=[32m"_helperText_c35f6e"[39m
              [33mid[39m=[32m":r1r:-helper"[39m
            [36m>[39m
              [0mWhat % of the retail price are you covering? (e.g., 10 for 10% cost-share)[0m
            [36m</p>[39m
          [36m</div>[39m
        [36m</div>[39m
        [36m<div[39m
          [33mclass[39m=[32m"_demoHoursSection_090064"[39m
        [36m>[39m
          [36m<h4[39m
            [33mclass[39m=[32m"_demoHoursTitle_090064"[39m
          [36m>[39m
            [0mDemo Labor (Optional)[0m
          [36m</h4>[39m
          [36m<p[39m
            [33mclass[39m=[32m"_demoHoursDescription_090064"[39m
          [36m>[39m
            [0mTrack labor for demos. Add multiple entries if you and employees will be doing demos.[0m
            [36m<br />[39m
            [36m<span[39m
              [33mclass[39m=[32m"_tipText_090064"[39m
            [36m>[39m
              [0m💡 Tip: You can type math like "5*4" in the hours field and press Enter to calculate.[0m
            [36m</span>[39m
          [36m</p>[39m
          [36m<button[39m
            [33maria-busy[39m=[32m"false"[39m
            [33maria-disabled[39m=[32m"false"[39m
            [33mclass[39m=[32m"_button_c9c6cf _secondary_c9c6cf _md_c9c6cf _addDemoButton_090064"[39m
            [33mtype[39m=[32m"button"[39m
          [36m>[39m
            [36m<span[39m
              [33mclass[39m=[32m"_content_c9c6cf"[39m
            [36m>[39m
              [0m✨ Add Demo Warrior[0m
            [36m</span>[39m
          [36m</button>[39m
        [36m</div>[39m
      [36m</div>[39m
      [36m<div[39m
        [33mclass[39m=[32m"_section_090064"[39m
      [36m>[39m
        [36m<h3[39m
          [33mclass[39m=[32m"_sectionTitle_090064"[39m
        [36m>[39m
          [0mSelect Products Included in this Promotion[0m
        [36m</h3>[39m
        [36m<div[39m
          [33mclass[39m=[32m"_productSelector_090064"[39m
        [36m>[39m
          [36m<button[39m
            [33maria-expanded[39m=[32m"false"[39m
            [33maria-haspopup[39m=[32m"menu"[39m
            [33mclass[39m=[32m"_productDropdown_090064"[39m
            [33mtype[39m=[32m"button"[39m
          [36m>[39m
            [36m<span>[39m
              [0mNo Products Selected[0m
            [36m</span>[39m
            [36m<span[39m
              [33maria-hidden[39m=[32m"true"[39m
            [36m>[39m
              [0m▼[0m
            [36m</span>[39m
          [36m</button>[39m
        [36m</div>[39m
      [36m</div>[39m
      [36m<div[39m
        [33mclass[39m=[32m"_section_090064"[39m
      [36m>[39m
        [36m<h3[39m
          [33mclass[39m=[32m"_sectionTitle_090064"[39m
        [36m>[39m
          [0mProduct Details[0m
        [36m</h3>[39m
        [36m<p[39m
          [33mclass[39m=[32m"_sectionDescription_090064"[39m
        [36m>[39m
          [0mEnter pricing and availability for selected products. Base CPUs (materials) and Production CPUs (labor) are pre-filled from your latest data.[0m
        [36m</p>[39m
      [36m</div>[39m
      [36m<div[39m
        [33mclass[39m=[32m"_actions_090064"[39m
      [36m>[39m
        [36m<button[39m
          [33maria-busy[39m=[32m"false"[39m
          [33maria-disabled[39m=[32m"false"[39m
          [33mclass[39m=[32m"_button_c9c6cf _primary_c9c6cf _lg_c9c6cf _analyzeButton_090064"[39m
          [33mtype[39m=[32m"submit"[39m
        [36m>[39m
          [36m<span[39m
            [33mclass[39m=[32m"_content_c9c6cf"[39m
          [36m>[39m
            [0mAnalyze Promo[0m
          [36m</span>[39m
        [36m</button>[39m
      [36m</div>[39m
    [36m</form>[39m
  [36m</div>[39m
[36m</body>[39m
 ❯ Object.getElementError node_modules/@testing-library/react/node_modules/@testing-library/dom/dist/config.js:37:19
 ❯ getAllByLabelText node_modules/@testing-library/react/node_modules/@testing-library/dom/dist/queries/label-text.js:111:38
 ❯ node_modules/@testing-library/react/node_modules/@testing-library/dom/dist/query-helpers.js:109:15
 ❯ src/components/cpg/PromoDetailsForm.test.tsx:188:33
    186|       );
    187|
    188|       const unitsInput = screen.getAllByLabelText(/Units Available/i)[…
       |                                 ^
    189|       await user.type(unitsInput, '-5');
    190|

⎯⎯⎯⎯⎯⎯⎯⎯⎯⎯⎯⎯⎯⎯⎯⎯⎯⎯⎯⎯[246/824]⎯

 FAIL  src/components/cpg/PromoDetailsForm.test.tsx > PromoDetailsForm > Form Submission > submits valid form data
TestingLibraryElementError: Unable to find a label with the text of: /Retail Price/i

Ignored nodes: comments, script, style
[36m<body>[39m
  [36m<div>[39m
    [36m<form[39m
      [33mclass[39m=[32m"_form_090064"[39m
      [33mnovalidate[39m=[32m""[39m
    [36m>[39m
      [36m<div[39m
        [33mclass[39m=[32m"_section_090064"[39m
      [36m>[39m
        [36m<div[39m
          [33mclass[39m=[32m"_sectionHeader_090064"[39m
        [36m>[39m
          [36m<h3[39m
            [33mclass[39m=[32m"_sectionTitle_090064"[39m
          [36m>[39m
            [0mPromo Details[0m
          [36m</h3>[39m
          [36m<button[39m
            [33maria-busy[39m=[32m"false"[39m
            [33maria-disabled[39m=[32m"false"[39m
            [33mclass[39m=[32m"_button_c9c6cf _secondary_c9c6cf _sm_c9c6cf _clearButton_090064"[39m
            [33mtype[39m=[32m"button"[39m
          [36m>[39m
            [36m<span[39m
              [33mclass[39m=[32m"_content_c9c6cf"[39m
            [36m>[39m
              [0mClear Data[0m
            [36m</span>[39m
          [36m</button>[39m
        [36m</div>[39m
        [36m<div[39m
          [33mclass[39m=[32m"_row_090064"[39m
        [36m>[39m
          [36m<div[39m
            [33mclass[39m=[32m"_inputWrapper_c35f6e _fullWidth_c35f6e"[39m
          [36m>[39m
            [36m<label[39m
              [33mclass[39m=[32m"_label_c35f6e"[39m
              [33mfor[39m=[32m":r1s:"[39m
            [36m>[39m
              [0mPromo Name[0m
              [36m<span[39m
                [33maria-label[39m=[32m"required"[39m
                [33mclass[39m=[32m"_required_c35f6e"[39m
              [36m>[39m
                [0m [0m
                [0m*[0m
              [36m</span>[39m
            [36m</label>[39m
            [36m<div[39m
              [33mclass[39m=[32m"_inputContainer_c35f6e"[39m
            [36m>[39m
              [36m<input[39m
                [33maria-describedby[39m=[32m":r1s:-helper"[39m
                [33maria-invalid[39m=[32m"false"[39m
                [33maria-required[39m=[32m"true"[39m
                [33mclass[39m=[32m"_input_c35f6e"[39m
                [33mid[39m=[32m":r1s:"[39m
                [33mrequired[39m=[32m""[39m
                [33mtype[39m=[32m"text"[39m
                [33mvalue[39m=[32m"Summer Sale 2026"[39m
              [36m/>[39m
            [36m</div>[39m
            [36m<p[39m
              [33mclass[39m=[32m"_helperText_c35f6e"[39m
              [33mid[39m=[32m":r1s:-helper"[39m
            [36m>[39m
              [0mGive this promo a memorable name[0m
            [36m</p>[39m
          [36m</div>[39m
          [36m<div[39m
            [33mclass[39m=[32m"_inputWrapper_c35f6e _fullWidth_c35f6e"[39m
          [36m>[39m
            [36m<label[39m
              [33mclass[39m=[32m"_label_c35f6e"[39m
              [33mfor[39m=[32m":r1t:"[39m
            [36m>[39m
              [0mRetailer Name[0m
              [36m<span[39m
                [33maria-label[39m=[32m"required"[39m
                [33mclass[39m=[32m"_required_c35f6e"[39m
              [36m>[39m
                [0m [0m
                [0m*[0m
              [36m</span>[39m
            [36m</label>[39m
            [36m<div[39m
              [33mclass[39m=[32m"_inputContainer_c35f6e"[39m
            [36m>[39m
              [36m<input[39m
                [33maria-describedby[39m=[32m":r1t:-helper"[39m
                [33maria-invalid[39m=[32m"false"[39m
                [33maria-required[39m=[32m"true"[39m
                [33mclass[39m=[32m"_input_c35f6e"[39m
                [33mid[39m=[32m":r1t:"[39m
                [33mrequired[39m=[32m""[39m
                [33mtype[39m=[32m"text"[39m
                [33mvalue[39m=[32m"Whole Foods"[39m
              [36m/>[39m
            [36m</div>[39m
            [36m<p[39m
              [33mclass[39m=[32m"_helperText_c35f6e"[39m
              [33mid[39m=[32m":r1t:-helper"[39m
            [36m>[39m
              [0mWhich retailer is running this?[0m
            [36m</p>[39m
          [36m</div>[39m
          [36m<div[39m
            [33mclass[39m=[32m"_inputWrapper_c35f6e _fullWidth_c35f6e"[39m
          [36m>[39m
            [36m<label[39m
              [33mclass[39m=[32m"_label_c35f6e"[39m
              [33mfor[39m=[32m":r1u:"[39m
            [36m>[39m
              [0mPromo Start Date[0m
              [36m<span[39m
                [33maria-label[39m=[32m"required"[39m
                [33mclass[39m=[32m"_required_c35f6e"[39m
              [36m>[39m
                [0m [0m
                [0m*[0m
              [36m</span>[39m
            [36m</label>[39m
            [36m<div[39m
              [33mclass[39m=[32m"_inputContainer_c35f6e"[39m
            [36m>[39m
              [36m<input[39m
                [33maria-invalid[39m=[32m"false"[39m
                [33maria-required[39m=[32m"true"[39m
                [33mclass[39m=[32m"_input_c35f6e"[39m
                [33mid[39m=[32m":r1u:"[39m
                [33mrequired[39m=[32m""[39m
                [33mtype[39m=[32m"date"[39m
                [33mvalue[39m=[32m""[39m
              [36m/>[39m
            [36m</div>[39m
          [36m</div>[39m
          [36m<div[39m
            [33mclass[39m=[32m"_inputWrapper_c35f6e _fullWidth_c35f6e"[39m
          [36m>[39m
            [36m<label[39m
              [33mclass[39m=[32m"_label_c35f6e"[39m
              [33mfor[39m=[32m":r1v:"[39m
            [36m>[39m
              [0mPromo End Date[0m
              [36m<span[39m
                [33maria-label[39m=[32m"required"[39m
                [33mclass[39m=[32m"_required_c35f6e"[39m
              [36m>[39m
                [0m [0m
                [0m*[0m
              [36m</span>[39m
            [36m</label>[39m
            [36m<div[39m
              [33mclass[39m=[32m"_inputContainer_c35f6e"[39m
            [36m>[39m
              [36m<input[39m
                [33maria-invalid[39m=[32m"false"[39m
                [33maria-required[39m=[32m"true"[39m
                [33mclass[39m=[32m"_input_c35f6e"[39m
                [33mid[39m=[32m":r1v:"[39m
                [33mrequired[39m=[32m""[39m
                [33mtype[39m=[32m"date"[39m
                [33mvalue[39m=[32m""[39m
              [36m/>[39m
            [36m</div>[39m
          [36m</div>[39m
        [36m</div>[39m
        [36m<div[39m
          [33mclass[39m=[32m"_row_090064"[39m
        [36m>[39m
          [36m<div[39m
            [33mclass[39m=[32m"_inputWrapper_c35f6e _fullWidth_c35f6e"[39m
          [36m>[39m
            [36m<label[39m
              [33mclass[39m=[32m"_label_c35f6e"[39m
              [33mfor[39m=[32m":r20:"[39m
            [36m>[39m
              [0mStore Sale %[0m
              [36m<span[39m
                [33maria-label[39m=[32m"required"[39m
                [33mclass[39m=[32m"_required_c35f6e"[39m
              [36m>[39m
                [0m [0m
                [0m*[0m
              [36m</span>[39m
            [36m</label>[39m
            [36m<div[39m
              [33mclass[39m=[32m"_inputContainer_c35f6e"[39m
            [36m>[39m
              [36m<input[39m
                [33maria-describedby[39m=[32m":r20:-helper"[39m
                [33maria-invalid[39m=[32m"false"[39m
                [33maria-required[39m=[32m"true"[39m
                [33mclass[39m=[32m"_input_c35f6e"[39m
                [33mid[39m=[32m":r20:"[39m
                [33mmax[39m=[32m"100"[39m
                [33mmin[39m=[32m"0"[39m
                [33mrequired[39m=[32m""[39m
                [33mstep[39m=[32m"0.01"[39m
                [33mtype[39m=[32m"number"[39m
                [33mvalue[39m=[32m"20"[39m
              [36m/>[39m
            [36m</div>[39m
            [36m<p[39m
              [33mclass[39m=[32m"_helperText_c35f6e"[39m
              [33mid[39m=[32m":r20:-helper"[39m
            [36m>[39m
              [0mHow much discount are customers getting? (e.g., 20 for 20% off)[0m
            [36m</p>[39m
          [36m</div>[39m
          [36m<div[39m
            [33mclass[39m=[32m"_inputWrapper_c35f6e _fullWidth_c35f6e"[39m
          [36m>[39m
            [36m<label[39m
              [33mclass[39m=[32m"_label_c35f6e"[39m
              [33mfor[39m=[32m":r21:"[39m
            [36m>[39m
              [0mProducer Payback %[0m
              [36m<span[39m
                [33maria-label[39m=[32m"required"[39m
                [33mclass[39m=[32m"_required_c35f6e"[39m
              [36m>[39m
                [0m [0m
                [0m*[0m
              [36m</span>[39m
            [36m</label>[39m
            [36m<div[39m
              [33mclass[39m=[32m"_inputContainer_c35f6e"[39m
            [36m>[39m
              [36m<input[39m
                [33maria-describedby[39m=[32m":r21:-helper"[39m
                [33maria-invalid[39m=[32m"false"[39m
                [33maria-required[39m=[32m"true"[39m
                [33mclass[39m=[32m"_input_c35f6e"[39m
                [33mid[39m=[32m":r21:"[39m
                [33mmax[39m=[32m"100"[39m
                [33mmin[39m=[32m"0"[39m
                [33mrequired[39m=[32m""[39m
                [33mstep[39m=[32m"0.01"[39m
                [33mtype[39m=[32m"number"[39m
                [33mvalue[39m=[32m""[39m
              [36m/>[39m
            [36m</div>[39m
            [36m<p[39m
              [33mclass[39m=[32m"_helperText_c35f6e"[39m
              [33mid[39m=[32m":r21:-helper"[39m
            [36m>[39m
              [0mWhat % of the retail price are you covering? (e.g., 10 for 10% cost-share)[0m
            [36m</p>[39m
          [36m</div>[39m
        [36m</div>[39m
        [36m<div[39m
          [33mclass[39m=[32m"_demoHoursSection_090064"[39m
        [36m>[39m
          [36m<h4[39m
            [33mclass[39m=[32m"_demoHoursTitle_090064"[39m
          [36m>[39m
            [0mDemo Labor (Optional)[0m
          [36m</h4>[39m
          [36m<p[39m
            [33mclass[39m=[32m"_demoHoursDescription_090064"[39m
          [36m>[39m
            [0mTrack labor for demos. Add multiple entries if you and employees will be doing demos.[0m
            [36m<br />[39m
            [36m<span[39m
              [33mclass[39m=[32m"_tipText_090064"[39m
            [36m>[39m
              [0m💡 Tip: You can type math like "5*4" in the hours field and press Enter to calculate.[0m
            [36m</span>[39m
          [36m</p>[39m
          [36m<button[39m
            [33maria-busy[39m=[32m"false"[39m
            [33maria-disabled[39m=[32m"false"[39m
            [33mclass[39m=[32m"_button_c9c6cf _secondary_c9c6cf _md_c9c6cf _addDemoButton_090064"[39m
            [33mtype[39m=[32m"button"[39m
          [36m>[39m
            [36m<span[39m
              [33mclass[39m=[32m"_content_c9c6cf"[39m
            [36m>[39m
              [0m✨ Add Demo Warrior[0m
            [36m</span>[39m
          [36m</button>[39m
        [36m</div>[39m
      [36m</div>[39m
      [36m<div[39m
        [33mclass[39m=[32m"_section_090064"[39m
      [36m>[39m
        [36m<h3[39m
          [33mclass[39m=[32m"_sectionTitle_090064"[39m
        [36m>[39m
          [0mSelect Products Included in this Promotion[0m
        [36m</h3>[39m
        [36m<div[39m
          [33mclass[39m=[32m"_productSelector_090064"[39m
        [36m>[39m
          [36m<button[39m
            [33maria-expanded[39m=[32m"false"[39m
            [33maria-haspopup[39m=[32m"menu"[39m
            [33mclass[39m=[32m"_productDropdown_090064"[39m
            [33mtype[39m=[32m"button"[39m
          [36m>[39m
            [36m<span>[39m
              [0mNo Products Selected[0m
            [36m</span>[39m
            [36m<span[39m
              [33maria-hidden[39m=[32m"true"[39m
            [36m>[39m
              [0m▼[0m
            [36m</span>[39m
          [36m</button>[39m
        [36m</div>[39m
      [36m</div>[39m
      [36m<div[39m
        [33mclass[39m=[32m"_section_090064"[39m
      [36m>[39m
        [36m<h3[39m
          [33mclass[39m=[32m"_sectionTitle_090064"[39m
        [36m>[39m
          [0mProduct Details[0m
        [36m</h3>[39m
        [36m<p[39m
          [33mclass[39m=[32m"_sectionDescription_090064"[39m
        [36m>[39m
          [0mEnter pricing and availability for selected products. Base CPUs (materials) and Production CPUs (labor) are pre-filled from your latest data.[0m
        [36m</p>[39m
      [36m</div>[39m
      [36m<div[39m
        [33mclass[39m=[32m"_actions_090064"[39m
      [36m>[39m
        [36m<button[39m
          [33maria-busy[39m=[32m"false"[39m
          [33maria-disabled[39m=[32m"false"[39m
          [33mclass[39m=[32m"_button_c9c6cf _primary_c9c6cf _lg_c9c6cf _analyzeButton_090064"[39m
          [33mtype[39m=[32m"submit"[39m
        [36m>[39m
          [36m<span[39m
            [33mclass[39m=[32m"_content_c9c6cf"[39m
          [36m>[39m
            [0mAnalyze Promo[0m
          [36m</span>[39m
        [36m</button>[39m
      [36m</div>[39m
    [36m</form>[39m
  [36m</div>[39m
[36m</body>[39m
 ❯ Object.getElementError node_modules/@testing-library/react/node_modules/@testing-library/dom/dist/config.js:37:19
 ❯ getAllByLabelText node_modules/@testing-library/react/node_modules/@testing-library/dom/dist/queries/label-text.js:111:38
 ❯ node_modules/@testing-library/react/node_modules/@testing-library/dom/dist/query-helpers.js:109:15
 ❯ src/components/cpg/PromoDetailsForm.test.tsx:216:30
    214|       await user.type(screen.getByLabelText(/Store Sale %/i), '20');
    215|       await user.type(screen.getByLabelText(/Producer Payback %/i), '1…
    216|       await user.type(screen.getAllByLabelText(/Retail Price/i)[0], '1…
       |                              ^
    217|       await user.type(screen.getAllByLabelText(/Units Available/i)[0],…
    218|

⎯⎯⎯⎯⎯⎯⎯⎯⎯⎯⎯⎯⎯⎯⎯⎯⎯⎯⎯⎯[247/824]⎯

 FAIL  src/components/cpg/PromoImpactSummary.test.tsx > PromoImpactSummary > Rendering > renders title
 FAIL  src/components/cpg/PromoImpactSummary.test.tsx > PromoImpactSummary > Rendering > renders all metric cards
 FAIL  src/components/cpg/PromoImpactSummary.test.tsx > PromoImpactSummary > Margin Difference Display > displays negative margin difference with down arrow
 FAIL  src/components/cpg/PromoImpactSummary.test.tsx > PromoImpactSummary > Margin Difference Display > displays positive margin difference with up arrow
 FAIL  src/components/cpg/PromoImpactSummary.test.tsx > PromoImpactSummary > Margin Difference Display > shows appropriate description for negative impact
 FAIL  src/components/cpg/PromoImpactSummary.test.tsx > PromoImpactSummary > Margin Difference Display > shows appropriate description for positive impact
 FAIL  src/components/cpg/PromoImpactSummary.test.tsx > PromoImpactSummary > Margin Difference Display > shows appropriate description for zero impact
 FAIL  src/components/cpg/PromoImpactSummary.test.tsx > PromoImpactSummary > Total Promo Cost Display > displays total promo cost with currency formatting
 FAIL  src/components/cpg/PromoImpactSummary.test.tsx > PromoImpactSummary > Total Promo Cost Display > displays total promo cost description
 FAIL  src/components/cpg/PromoImpactSummary.test.tsx > PromoImpactSummary > Total Promo Cost Display > formats large numbers with commas
 FAIL  src/components/cpg/PromoImpactSummary.test.tsx > PromoImpactSummary > Total Units Display > displays total units
 FAIL  src/components/cpg/PromoImpactSummary.test.tsx > PromoImpactSummary > Total Units Display > displays total units description
 FAIL  src/components/cpg/PromoImpactSummary.test.tsx > PromoImpactSummary > Total Units Display > formats large unit numbers with commas
 FAIL  src/components/cpg/PromoImpactSummary.test.tsx > PromoImpactSummary > Interpretation Message > displays interpretation icon
 FAIL  src/components/cpg/PromoImpactSummary.test.tsx > PromoImpactSummary > Interpretation Message > shows significant impact message for large negative difference
 FAIL  src/components/cpg/PromoImpactSummary.test.tsx > PromoImpactSummary > Interpretation Message > shows moderate impact message for small negative difference
 FAIL  src/components/cpg/PromoImpactSummary.test.tsx > PromoImpactSummary > Interpretation Message > shows excellent opportunity message for positive difference
 FAIL  src/components/cpg/PromoImpactSummary.test.tsx > PromoImpactSummary > Interpretation Message > shows maintained margins message for zero difference
 FAIL  src/components/cpg/PromoImpactSummary.test.tsx > PromoImpactSummary > Styling and Visual Indicators > applies prominent styling to total cost card
 FAIL  src/components/cpg/PromoImpactSummary.test.tsx > PromoImpactSummary > Styling and Visual Indicators > applies positive styling to positive margin difference
 FAIL  src/components/cpg/PromoImpactSummary.test.tsx > PromoImpactSummary > Styling and Visual Indicators > applies negative styling to negative margin difference
 FAIL  src/components/cpg/PromoImpactSummary.test.tsx > PromoImpactSummary > Custom className > applies custom className to container
 FAIL  src/components/cpg/PromoImpactSummary.test.tsx > PromoImpactSummary > Accessibility > uses semantic HTML structure
 FAIL  src/components/cpg/PromoImpactSummary.test.tsx > PromoImpactSummary > Accessibility > includes descriptive metric labels
 FAIL  src/components/cpg/PromoImpactSummary.test.tsx > PromoImpactSummary > Accessibility > hides decorative icons from screen readers
Error: useCPGSettingsContext must be used within a CPGSettingsProvider
 ❯ useCPGSettingsContext src/contexts/CPGSettingsContext.tsx:166:11
    164|   const context = useContext(CPGSettingsContext);
    165|   if (context === undefined) {
    166|     throw new Error('useCPGSettingsContext must be used within a CPGSe…
       |           ^
    167|   }
    168|   return context;
 ❯ useCPGSettings src/hooks/useCPGSettings.ts:12:10
 ❯ PromoImpactSummary src/components/cpg/PromoImpactSummary.tsx:104:48
 ❯ renderWithHooks node_modules/react-dom/cjs/react-dom.development.js:15486:18
 ❯ mountIndeterminateComponent node_modules/react-dom/cjs/react-dom.development.js:20103:13
 ❯ beginWork node_modules/react-dom/cjs/react-dom.development.js:21626:16
 ❯ beginWork$1 node_modules/react-dom/cjs/react-dom.development.js:27465:14
 ❯ performUnitOfWork node_modules/react-dom/cjs/react-dom.development.js:26599:12
 ❯ workLoopSync node_modules/react-dom/cjs/react-dom.development.js:26505:5
 ❯ renderRootSync node_modules/react-dom/cjs/react-dom.development.js:26473:7

⎯⎯⎯⎯⎯⎯⎯⎯⎯⎯⎯⎯⎯⎯⎯⎯⎯⎯⎯⎯[248/824]⎯

 FAIL  src/components/cpg/SKUTracker.test.tsx > SKUTracker > SKU Count Display > renders with zero SKUs
TestingLibraryElementError: Found multiple elements with the text: 0

Here are the matching elements:

Ignored nodes: comments, script, style
[36m<span[39m
  [33mclass[39m=[32m"_countNumber_14afe0"[39m
[36m>[39m
  [0m0[0m
[36m</span>[39m

Ignored nodes: comments, script, style
[36m<span[39m
  [33mclass[39m=[32m"_breakdownValue_14afe0"[39m
[36m>[39m
  [0m0[0m
[36m</span>[39m

(If this is intentional, then use the `*AllBy*` variant of the query (like `queryAllByText`, `getAllByText`, or `findAllByText`)).

Ignored nodes: comments, script, style
[36m<body>[39m
  [36m<div>[39m
    [36m<div[39m
      [33mclass[39m=[32m"_tracker_14afe0"[39m
    [36m>[39m
      [36m<div[39m
        [33mclass[39m=[32m"_header_14afe0"[39m
      [36m>[39m
        [36m<h3[39m
          [33mclass[39m=[32m"_title_14afe0"[39m
        [36m>[39m
          [0mYour Pricing[0m
        [36m</h3>[39m
      [36m</div>[39m
      [36m<div[39m
        [33mclass[39m=[32m"_content_14afe0"[39m
      [36m>[39m
        [36m<div[39m
          [33mclass[39m=[32m"_skuCount_14afe0"[39m
        [36m>[39m
          [36m<div[39m
            [33mclass[39m=[32m"_countCircle_14afe0"[39m
          [36m>[39m
            [36m<span[39m
              [33mclass[39m=[32m"_countNumber_14afe0"[39m
            [36m>[39m
              [0m0[0m
            [36m</span>[39m
            [36m<span[39m
              [33mclass[39m=[32m"_countLabel_14afe0"[39m
            [36m>[39m
              [0mSINGLE SKU[0m
              [0ms[0m
            [36m</span>[39m
          [36m</div>[39m
        [36m</div>[39m
        [36m<div[39m
          [33mclass[39m=[32m"_pricingBreakdown_14afe0"[39m
        [36m>[39m
          [36m<div[39m
            [33mclass[39m=[32m"_breakdownRow_14afe0"[39m
          [36m>[39m
            [36m<span[39m
              [33mclass[39m=[32m"_breakdownLabel_14afe0"[39m
            [36m>[39m
              [0mSKU Count:[0m
            [36m</span>[39m
            [36m<span[39m
              [33mclass[39m=[32m"_breakdownValue_14afe0"[39m
            [36m>[39m
              [0m0[0m
            [36m</span>[39m
          [36m</div>[39m
          [36m<div[39m
            [33mclass[39m=[32m"_breakdownRow_14afe0"[39m
          [36m>[39m
            [36m<span[39m
              [33mclass[39m=[32m"_breakdownLabel_14afe0"[39m
            [36m>[39m
              [0mRate per SKU:[0m
            [36m</span>[39m
            [36m<span[39m
              [33mclass[39m=[32m"_breakdownValue_14afe0"[39m
            [36m>[39m
              [0m$5.00[0m
            [36m</span>[39m
          [36m</div>[39m
          [36m<div[39m
            [33mclass[39m=[32m"_breakdownRow_14afe0"[39m
          [36m>[39m
            [36m<span[39m
              [33mclass[39m=[32m"_breakdownLabel_14afe0"[39m
            [36m>[39m
              [0mBase Cost:[0m
            [36m</span>[39m
            [36m<span[39m
              [33mclass[39m=[32m"_breakdownValue_14afe0"[39m
            [36m>[39m
              [0m$[0m
              [0m0.00[0m
            [36m</span>[39m
          [36m</div>[39m
          [36m<div[39m
            [33mclass[39m=[32m"_breakdownDivider_14afe0"[39m
          [36m/>[39m
          [36m<div[39m
            [33mclass[39m=[32m"_breakdownRow_14afe0 _total_14afe0"[39m
          [36m>[39m
            [36m<span[39m
              [33mclass[39m=[32m"_breakdownLabel_14afe0"[39m
            [36m>[39m
              [0mYour Monthly Cost:[0m
            [36m</span>[39m
            [36m<span[39m
              [33mclass[39m=[32m"_breakdownValue_14afe0"[39m
            [36m>[39m
              [0m$[0m
              [0m0.000000[0m
            [36m</span>[39m
          [36m</div>[39m
        [36m</div>[39m
        [36m<div[39m
          [33mclass[39m=[32m"_messaging_14afe0"[39m
        [36m>[39m
          [36m<div[39m
            [33mclass[39m=[32m"_messageCard_14afe0 _info_14afe0"[39m
          [36m>[39m
            [36m<p[39m
              [33mclass[39m=[32m"_messageText_14afe0"[39m
            [36m>[39m
              [0mGet started by adding your first product. We'll help you track costs and analyze profitability![0m
            [36m</p>[39m
          [36m</div>[39m
        [36m</div>[39m
        [36m<div[39m
          [33mclass[39m=[32m"_pricingInfo_14afe0"[39m
        [36m>[39m
          [36m<h4[39m
            [33mclass[39m=[32m"_infoTitle_14afe0"[39m
          [36m>[39m
            [0mHow Pricing Works[0m
          [36m</h4>[39m
          [36m<ul[39m
            [33mclass[39m=[32m"_infoList_14afe0"[39m
          [36m>[39m
            [36m<li[39m
              [33mclass[39m=[32m"_infoItem_14afe0"[39m
            [36m>[39m
              [36m<strong>[39m
                [0m$5 per SKU[0m
              [36m</strong>[39m
              [0m - Pay only for individual products (bundles not counted)[0m
            [36m</li>[39m
            [36m<li[39m
              [33mclass[39m=[32m"_infoItem_14afe0"[39m
            [36m>[39m
              [36m<strong>[39m
                [0m$50 monthly cap[0m
              [36m</strong>[39m
              [0m - Never pay more than $50/month, no matter how many SKUs[0m
            [36m</li>[39m
            [36m<li[39m
              [33mclass[39m=[32m"_infoItem_14afe0"[39m
            [36m>[39m
              [36m<strong>[39m
                [0mNo hidden fees[0m
              [36m</strong>[39m
              [0m - What you see is what you pay[0m
            [36m</li>[39m
          [36m</ul>[39m
        [36m</div>[39m
        [36m<div[39m
          [33mclass[39m=[32m"_upgradeCard_14afe0"[39m
        [36m>[39m
          [36m<h4[39m
            [33mclass[39m=[32m"_upgradeTitle_14afe0"[39m
          [36m>[39m
            [0mFull Accounting Platform Coming Soon[0m
          [36m</h4>[39m
          [36m<p[39m
            [33mclass[39m=[32m"_upgradeText_14afe0"[39m
          [36m>[39m
            [0mWe're building a complete accounting platform with all CPG features plus bookkeeping, invoicing, and financial reporting. Join the waitlist to be notified when it launches![0m
          [36m</p>[39m
          [36m<button[39m
            [33maria-busy[39m=[32m"false"[39m
            [33maria-disabled[39m=[32m"false"[39m
            [33mclass[39m=[32m"_button_c9c6cf _secondary_c9c6cf _sm_c9c6cf"[39m
            [33mtype[39m=[32m"button"[39m
          [36m>[39m
            [36m<span[39m
              [33mclass[39m=[32m"_content_c9c6cf"[39m
            [36m>[39m
              [0mJoin the Waitlist[0m
            [36m</span>[39m
          [36m</button>[39m
        [36m</div>[39m
      [36m</div>[39m
    [36m</div>[39m
  [36m</div>[39m
[36m</body>[39m
 ❯ Object.getElementError node_modules/@testing-library/react/node_modules/@testing-library/dom/dist/config.js:37:19
 ❯ getElementError node_modules/@testing-library/react/node_modules/@testing-library/dom/dist/query-helpers.js:20:35
 ❯ getMultipleElementsFoundError node_modules/@testing-library/react/node_modules/@testing-library/dom/dist/query-helpers.js:23:10
 ❯ node_modules/@testing-library/react/node_modules/@testing-library/dom/dist/query-helpers.js:55:13
 ❯ node_modules/@testing-library/react/node_modules/@testing-library/dom/dist/query-helpers.js:95:19
 ❯ src/components/cpg/SKUTracker.test.tsx:18:21
     16|       render(<SKUTracker companyId={mockCompanyId} skuCount={0} />);
     17|
     18|       expect(screen.getByText('0')).toBeInTheDocument();
       |                     ^
     19|       expect(screen.getByText("You haven't added any products yet.")).…
     20|     });

⎯⎯⎯⎯⎯⎯⎯⎯⎯⎯⎯⎯⎯⎯⎯⎯⎯⎯⎯⎯[249/824]⎯

 FAIL  src/components/cpg/SKUTracker.test.tsx > SKUTracker > SKU Count Display > renders with one SKU (singular)
TestingLibraryElementError: Found multiple elements with the text: 1

Here are the matching elements:

Ignored nodes: comments, script, style
[36m<span[39m
  [33mclass[39m=[32m"_countNumber_14afe0"[39m
[36m>[39m
  [0m1[0m
[36m</span>[39m

Ignored nodes: comments, script, style
[36m<span[39m
  [33mclass[39m=[32m"_breakdownValue_14afe0"[39m
[36m>[39m
  [0m1[0m
[36m</span>[39m

(If this is intentional, then use the `*AllBy*` variant of the query (like `queryAllByText`, `getAllByText`, or `findAllByText`)).

Ignored nodes: comments, script, style
[36m<body>[39m
  [36m<div>[39m
    [36m<div[39m
      [33mclass[39m=[32m"_tracker_14afe0"[39m
    [36m>[39m
      [36m<div[39m
        [33mclass[39m=[32m"_header_14afe0"[39m
      [36m>[39m
        [36m<h3[39m
          [33mclass[39m=[32m"_title_14afe0"[39m
        [36m>[39m
          [0mYour Pricing[0m
        [36m</h3>[39m
      [36m</div>[39m
      [36m<div[39m
        [33mclass[39m=[32m"_content_14afe0"[39m
      [36m>[39m
        [36m<div[39m
          [33mclass[39m=[32m"_skuCount_14afe0"[39m
        [36m>[39m
          [36m<div[39m
            [33mclass[39m=[32m"_countCircle_14afe0"[39m
          [36m>[39m
            [36m<span[39m
              [33mclass[39m=[32m"_countNumber_14afe0"[39m
            [36m>[39m
              [0m1[0m
            [36m</span>[39m
            [36m<span[39m
              [33mclass[39m=[32m"_countLabel_14afe0"[39m
            [36m>[39m
              [0mSINGLE SKU[0m
            [36m</span>[39m
          [36m</div>[39m
        [36m</div>[39m
        [36m<div[39m
          [33mclass[39m=[32m"_pricingBreakdown_14afe0"[39m
        [36m>[39m
          [36m<div[39m
            [33mclass[39m=[32m"_breakdownRow_14afe0"[39m
          [36m>[39m
            [36m<span[39m
              [33mclass[39m=[32m"_breakdownLabel_14afe0"[39m
            [36m>[39m
              [0mSKU Count:[0m
            [36m</span>[39m
            [36m<span[39m
              [33mclass[39m=[32m"_breakdownValue_14afe0"[39m
            [36m>[39m
              [0m1[0m
            [36m</span>[39m
          [36m</div>[39m
          [36m<div[39m
            [33mclass[39m=[32m"_breakdownRow_14afe0"[39m
          [36m>[39m
            [36m<span[39m
              [33mclass[39m=[32m"_breakdownLabel_14afe0"[39m
            [36m>[39m
              [0mRate per SKU:[0m
            [36m</span>[39m
            [36m<span[39m
              [33mclass[39m=[32m"_breakdownValue_14afe0"[39m
            [36m>[39m
              [0m$5.00[0m
            [36m</span>[39m
          [36m</div>[39m
          [36m<div[39m
            [33mclass[39m=[32m"_breakdownRow_14afe0"[39m
          [36m>[39m
            [36m<span[39m
              [33mclass[39m=[32m"_breakdownLabel_14afe0"[39m
            [36m>[39m
              [0mBase Cost:[0m
            [36m</span>[39m
            [36m<span[39m
              [33mclass[39m=[32m"_breakdownValue_14afe0"[39m
            [36m>[39m
              [0m$[0m
              [0m5.00[0m
            [36m</span>[39m
          [36m</div>[39m
          [36m<div[39m
            [33mclass[39m=[32m"_breakdownDivider_14afe0"[39m
          [36m/>[39m
          [36m<div[39m
            [33mclass[39m=[32m"_breakdownRow_14afe0 _total_14afe0"[39m
          [36m>[39m
            [36m<span[39m
              [33mclass[39m=[32m"_breakdownLabel_14afe0"[39m
            [36m>[39m
              [0mYour Monthly Cost:[0m
            [36m</span>[39m
            [36m<span[39m
              [33mclass[39m=[32m"_breakdownValue_14afe0"[39m
            [36m>[39m
              [0m$[0m
              [0m5.000000[0m
            [36m</span>[39m
          [36m</div>[39m
        [36m</div>[39m
        [36m<div[39m
          [33mclass[39m=[32m"_messaging_14afe0"[39m
        [36m/>[39m
        [36m<div[39m
          [33mclass[39m=[32m"_pricingInfo_14afe0"[39m
        [36m>[39m
          [36m<h4[39m
            [33mclass[39m=[32m"_infoTitle_14afe0"[39m
          [36m>[39m
            [0mHow Pricing Works[0m
          [36m</h4>[39m
          [36m<ul[39m
            [33mclass[39m=[32m"_infoList_14afe0"[39m
          [36m>[39m
            [36m<li[39m
              [33mclass[39m=[32m"_infoItem_14afe0"[39m
            [36m>[39m
              [36m<strong>[39m
                [0m$5 per SKU[0m
              [36m</strong>[39m
              [0m - Pay only for individual products (bundles not counted)[0m
            [36m</li>[39m
            [36m<li[39m
              [33mclass[39m=[32m"_infoItem_14afe0"[39m
            [36m>[39m
              [36m<strong>[39m
                [0m$50 monthly cap[0m
              [36m</strong>[39m
              [0m - Never pay more than $50/month, no matter how many SKUs[0m
            [36m</li>[39m
            [36m<li[39m
              [33mclass[39m=[32m"_infoItem_14afe0"[39m
            [36m>[39m
              [36m<strong>[39m
                [0mNo hidden fees[0m
              [36m</strong>[39m
              [0m - What you see is what you pay[0m
            [36m</li>[39m
          [36m</ul>[39m
        [36m</div>[39m
        [36m<div[39m
          [33mclass[39m=[32m"_upgradeCard_14afe0"[39m
        [36m>[39m
          [36m<h4[39m
            [33mclass[39m=[32m"_upgradeTitle_14afe0"[39m
          [36m>[39m
            [0mFull Accounting Platform Coming Soon[0m
          [36m</h4>[39m
          [36m<p[39m
            [33mclass[39m=[32m"_upgradeText_14afe0"[39m
          [36m>[39m
            [0mWe're building a complete accounting platform with all CPG features plus bookkeeping, invoicing, and financial reporting. Join the waitlist to be notified when it launches![0m
          [36m</p>[39m
          [36m<button[39m
            [33maria-busy[39m=[32m"false"[39m
            [33maria-disabled[39m=[32m"false"[39m
            [33mclass[39m=[32m"_button_c9c6cf _secondary_c9c6cf _sm_c9c6cf"[39m
            [33mtype[39m=[32m"button"[39m
          [36m>[39m
            [36m<span[39m
              [33mclass[39m=[32m"_content_c9c6cf"[39m
            [36m>[39m
              [0mJoin the Waitlist[0m
            [36m</span>[39m
          [36m</button>[39m
        [36m</div>[39m
      [36m</div>[39m
    [36m</div>[39m
  [36m</div>[39m
[36m</body>[39m
 ❯ Object.getElementError node_modules/@testing-library/react/node_modules/@testing-library/dom/dist/config.js:37:19
 ❯ getElementError node_modules/@testing-library/react/node_modules/@testing-library/dom/dist/query-helpers.js:20:35
 ❯ getMultipleElementsFoundError node_modules/@testing-library/react/node_modules/@testing-library/dom/dist/query-helpers.js:23:10
 ❯ node_modules/@testing-library/react/node_modules/@testing-library/dom/dist/query-helpers.js:55:13
 ❯ node_modules/@testing-library/react/node_modules/@testing-library/dom/dist/query-helpers.js:95:19
 ❯ src/components/cpg/SKUTracker.test.tsx:25:21
     23|       render(<SKUTracker companyId={mockCompanyId} skuCount={1} />);
     24|
     25|       expect(screen.getByText('1')).toBeInTheDocument();
       |                     ^
     26|       expect(screen.getByText('SKU')).toBeInTheDocument();
     27|       expect(screen.getByText('You have 1 product SKU.')).toBeInTheDoc…

⎯⎯⎯⎯⎯⎯⎯⎯⎯⎯⎯⎯⎯⎯⎯⎯⎯⎯⎯⎯[250/824]⎯

 FAIL  src/components/cpg/SKUTracker.test.tsx > SKUTracker > SKU Count Display > renders with multiple SKUs (plural)
TestingLibraryElementError: Found multiple elements with the text: 5

Here are the matching elements:

Ignored nodes: comments, script, style
[36m<span[39m
  [33mclass[39m=[32m"_countNumber_14afe0"[39m
[36m>[39m
  [0m5[0m
[36m</span>[39m

Ignored nodes: comments, script, style
[36m<span[39m
  [33mclass[39m=[32m"_breakdownValue_14afe0"[39m
[36m>[39m
  [0m5[0m
[36m</span>[39m

(If this is intentional, then use the `*AllBy*` variant of the query (like `queryAllByText`, `getAllByText`, or `findAllByText`)).

Ignored nodes: comments, script, style
[36m<body>[39m
  [36m<div>[39m
    [36m<div[39m
      [33mclass[39m=[32m"_tracker_14afe0"[39m
    [36m>[39m
      [36m<div[39m
        [33mclass[39m=[32m"_header_14afe0"[39m
      [36m>[39m
        [36m<h3[39m
          [33mclass[39m=[32m"_title_14afe0"[39m
        [36m>[39m
          [0mYour Pricing[0m
        [36m</h3>[39m
      [36m</div>[39m
      [36m<div[39m
        [33mclass[39m=[32m"_content_14afe0"[39m
      [36m>[39m
        [36m<div[39m
          [33mclass[39m=[32m"_skuCount_14afe0"[39m
        [36m>[39m
          [36m<div[39m
            [33mclass[39m=[32m"_countCircle_14afe0"[39m
          [36m>[39m
            [36m<span[39m
              [33mclass[39m=[32m"_countNumber_14afe0"[39m
            [36m>[39m
              [0m5[0m
            [36m</span>[39m
            [36m<span[39m
              [33mclass[39m=[32m"_countLabel_14afe0"[39m
            [36m>[39m
              [0mSINGLE SKU[0m
              [0ms[0m
            [36m</span>[39m
          [36m</div>[39m
        [36m</div>[39m
        [36m<div[39m
          [33mclass[39m=[32m"_pricingBreakdown_14afe0"[39m
        [36m>[39m
          [36m<div[39m
            [33mclass[39m=[32m"_breakdownRow_14afe0"[39m
          [36m>[39m
            [36m<span[39m
              [33mclass[39m=[32m"_breakdownLabel_14afe0"[39m
            [36m>[39m
              [0mSKU Count:[0m
            [36m</span>[39m
            [36m<span[39m
              [33mclass[39m=[32m"_breakdownValue_14afe0"[39m
            [36m>[39m
              [0m5[0m
            [36m</span>[39m
          [36m</div>[39m
          [36m<div[39m
            [33mclass[39m=[32m"_breakdownRow_14afe0"[39m
          [36m>[39m
            [36m<span[39m
              [33mclass[39m=[32m"_breakdownLabel_14afe0"[39m
            [36m>[39m
              [0mRate per SKU:[0m
            [36m</span>[39m
            [36m<span[39m
              [33mclass[39m=[32m"_breakdownValue_14afe0"[39m
            [36m>[39m
              [0m$5.00[0m
            [36m</span>[39m
          [36m</div>[39m
          [36m<div[39m
            [33mclass[39m=[32m"_breakdownRow_14afe0"[39m
          [36m>[39m
            [36m<span[39m
              [33mclass[39m=[32m"_breakdownLabel_14afe0"[39m
            [36m>[39m
              [0mBase Cost:[0m
            [36m</span>[39m
            [36m<span[39m
              [33mclass[39m=[32m"_breakdownValue_14afe0"[39m
            [36m>[39m
              [0m$[0m
              [0m25.00[0m
            [36m</span>[39m
          [36m</div>[39m
          [36m<div[39m
            [33mclass[39m=[32m"_breakdownDivider_14afe0"[39m
          [36m/>[39m
          [36m<div[39m
            [33mclass[39m=[32m"_breakdownRow_14afe0 _total_14afe0"[39m
          [36m>[39m
            [36m<span[39m
              [33mclass[39m=[32m"_breakdownLabel_14afe0"[39m
            [36m>[39m
              [0mYour Monthly Cost:[0m
            [36m</span>[39m
            [36m<span[39m
              [33mclass[39m=[32m"_breakdownValue_14afe0"[39m
            [36m>[39m
              [0m$[0m
              [0m25.000000[0m
            [36m</span>[39m
          [36m</div>[39m
        [36m</div>[39m
        [36m<div[39m
          [33mclass[39m=[32m"_messaging_14afe0"[39m
        [36m/>[39m
        [36m<div[39m
          [33mclass[39m=[32m"_pricingInfo_14afe0"[39m
        [36m>[39m
          [36m<h4[39m
            [33mclass[39m=[32m"_infoTitle_14afe0"[39m
          [36m>[39m
            [0mHow Pricing Works[0m
          [36m</h4>[39m
          [36m<ul[39m
            [33mclass[39m=[32m"_infoList_14afe0"[39m
          [36m>[39m
            [36m<li[39m
              [33mclass[39m=[32m"_infoItem_14afe0"[39m
            [36m>[39m
              [36m<strong>[39m
                [0m$5 per SKU[0m
              [36m</strong>[39m
              [0m - Pay only for individual products (bundles not counted)[0m
            [36m</li>[39m
            [36m<li[39m
              [33mclass[39m=[32m"_infoItem_14afe0"[39m
            [36m>[39m
              [36m<strong>[39m
                [0m$50 monthly cap[0m
              [36m</strong>[39m
              [0m - Never pay more than $50/month, no matter how many SKUs[0m
            [36m</li>[39m
            [36m<li[39m
              [33mclass[39m=[32m"_infoItem_14afe0"[39m
            [36m>[39m
              [36m<strong>[39m
                [0mNo hidden fees[0m
              [36m</strong>[39m
              [0m - What you see is what you pay[0m
            [36m</li>[39m
          [36m</ul>[39m
        [36m</div>[39m
        [36m<div[39m
          [33mclass[39m=[32m"_upgradeCard_14afe0"[39m
        [36m>[39m
          [36m<h4[39m
            [33mclass[39m=[32m"_upgradeTitle_14afe0"[39m
          [36m>[39m
            [0mFull Accounting Platform Coming Soon[0m
          [36m</h4>[39m
          [36m<p[39m
            [33mclass[39m=[32m"_upgradeText_14afe0"[39m
          [36m>[39m
            [0mWe're building a complete accounting platform with all CPG features plus bookkeeping, invoicing, and financial reporting. Join the waitlist to be notified when it launches![0m
          [36m</p>[39m
          [36m<button[39m
            [33maria-busy[39m=[32m"false"[39m
            [33maria-disabled[39m=[32m"false"[39m
            [33mclass[39m=[32m"_button_c9c6cf _secondary_c9c6cf _sm_c9c6cf"[39m
            [33mtype[39m=[32m"button"[39m
          [36m>[39m
            [36m<span[39m
              [33mclass[39m=[32m"_content_c9c6cf"[39m
            [36m>[39m
              [0mJoin the Waitlist[0m
            [36m</span>[39m
          [36m</button>[39m
        [36m</div>[39m
      [36m</div>[39m
    [36m</div>[39m
  [36m</div>[39m
[36m</body>[39m
 ❯ Object.getElementError node_modules/@testing-library/react/node_modules/@testing-library/dom/dist/config.js:37:19
 ❯ getElementError node_modules/@testing-library/react/node_modules/@testing-library/dom/dist/query-helpers.js:20:35
 ❯ getMultipleElementsFoundError node_modules/@testing-library/react/node_modules/@testing-library/dom/dist/query-helpers.js:23:10
 ❯ node_modules/@testing-library/react/node_modules/@testing-library/dom/dist/query-helpers.js:55:13
 ❯ node_modules/@testing-library/react/node_modules/@testing-library/dom/dist/query-helpers.js:95:19
 ❯ src/components/cpg/SKUTracker.test.tsx:33:21
     31|       render(<SKUTracker companyId={mockCompanyId} skuCount={5} />);
     32|
     33|       expect(screen.getByText('5')).toBeInTheDocument();
       |                     ^
     34|       expect(screen.getByText('SKUs')).toBeInTheDocument();
     35|       expect(screen.getByText('You have 5 product SKUs.')).toBeInTheDo…

⎯⎯⎯⎯⎯⎯⎯⎯⎯⎯⎯⎯⎯⎯⎯⎯⎯⎯⎯⎯[251/824]⎯

 FAIL  src/components/cpg/SKUTracker.test.tsx > SKUTracker > Pricing Calculation > calculates correct cost for 1 SKU
TestingLibraryElementError: Found multiple elements with the text: $5.00

Here are the matching elements:

Ignored nodes: comments, script, style
[36m<span[39m
  [33mclass[39m=[32m"_breakdownValue_14afe0"[39m
[36m>[39m
  [0m$5.00[0m
[36m</span>[39m

Ignored nodes: comments, script, style
[36m<span[39m
  [33mclass[39m=[32m"_breakdownValue_14afe0"[39m
[36m>[39m
  [0m$[0m
  [0m5.00[0m
[36m</span>[39m

(If this is intentional, then use the `*AllBy*` variant of the query (like `queryAllByText`, `getAllByText`, or `findAllByText`)).

Ignored nodes: comments, script, style
[36m<body>[39m
  [36m<div>[39m
    [36m<div[39m
      [33mclass[39m=[32m"_tracker_14afe0"[39m
    [36m>[39m
      [36m<div[39m
        [33mclass[39m=[32m"_header_14afe0"[39m
      [36m>[39m
        [36m<h3[39m
          [33mclass[39m=[32m"_title_14afe0"[39m
        [36m>[39m
          [0mYour Pricing[0m
        [36m</h3>[39m
      [36m</div>[39m
      [36m<div[39m
        [33mclass[39m=[32m"_content_14afe0"[39m
      [36m>[39m
        [36m<div[39m
          [33mclass[39m=[32m"_skuCount_14afe0"[39m
        [36m>[39m
          [36m<div[39m
            [33mclass[39m=[32m"_countCircle_14afe0"[39m
          [36m>[39m
            [36m<span[39m
              [33mclass[39m=[32m"_countNumber_14afe0"[39m
            [36m>[39m
              [0m1[0m
            [36m</span>[39m
            [36m<span[39m
              [33mclass[39m=[32m"_countLabel_14afe0"[39m
            [36m>[39m
              [0mSINGLE SKU[0m
            [36m</span>[39m
          [36m</div>[39m
        [36m</div>[39m
        [36m<div[39m
          [33mclass[39m=[32m"_pricingBreakdown_14afe0"[39m
        [36m>[39m
          [36m<div[39m
            [33mclass[39m=[32m"_breakdownRow_14afe0"[39m
          [36m>[39m
            [36m<span[39m
              [33mclass[39m=[32m"_breakdownLabel_14afe0"[39m
            [36m>[39m
              [0mSKU Count:[0m
            [36m</span>[39m
            [36m<span[39m
              [33mclass[39m=[32m"_breakdownValue_14afe0"[39m
            [36m>[39m
              [0m1[0m
            [36m</span>[39m
          [36m</div>[39m
          [36m<div[39m
            [33mclass[39m=[32m"_breakdownRow_14afe0"[39m
          [36m>[39m
            [36m<span[39m
              [33mclass[39m=[32m"_breakdownLabel_14afe0"[39m
            [36m>[39m
              [0mRate per SKU:[0m
            [36m</span>[39m
            [36m<span[39m
              [33mclass[39m=[32m"_breakdownValue_14afe0"[39m
            [36m>[39m
              [0m$5.00[0m
            [36m</span>[39m
          [36m</div>[39m
          [36m<div[39m
            [33mclass[39m=[32m"_breakdownRow_14afe0"[39m
          [36m>[39m
            [36m<span[39m
              [33mclass[39m=[32m"_breakdownLabel_14afe0"[39m
            [36m>[39m
              [0mBase Cost:[0m
            [36m</span>[39m
            [36m<span[39m
              [33mclass[39m=[32m"_breakdownValue_14afe0"[39m
            [36m>[39m
              [0m$[0m
              [0m5.00[0m
            [36m</span>[39m
          [36m</div>[39m
          [36m<div[39m
            [33mclass[39m=[32m"_breakdownDivider_14afe0"[39m
          [36m/>[39m
          [36m<div[39m
            [33mclass[39m=[32m"_breakdownRow_14afe0 _total_14afe0"[39m
          [36m>[39m
            [36m<span[39m
              [33mclass[39m=[32m"_breakdownLabel_14afe0"[39m
            [36m>[39m
              [0mYour Monthly Cost:[0m
            [36m</span>[39m
            [36m<span[39m
              [33mclass[39m=[32m"_breakdownValue_14afe0"[39m
            [36m>[39m
              [0m$[0m
              [0m5.000000[0m
            [36m</span>[39m
          [36m</div>[39m
        [36m</div>[39m
        [36m<div[39m
          [33mclass[39m=[32m"_messaging_14afe0"[39m
        [36m/>[39m
        [36m<div[39m
          [33mclass[39m=[32m"_pricingInfo_14afe0"[39m
        [36m>[39m
          [36m<h4[39m
            [33mclass[39m=[32m"_infoTitle_14afe0"[39m
          [36m>[39m
            [0mHow Pricing Works[0m
          [36m</h4>[39m
          [36m<ul[39m
            [33mclass[39m=[32m"_infoList_14afe0"[39m
          [36m>[39m
            [36m<li[39m
              [33mclass[39m=[32m"_infoItem_14afe0"[39m
            [36m>[39m
              [36m<strong>[39m
                [0m$5 per SKU[0m
              [36m</strong>[39m
              [0m - Pay only for individual products (bundles not counted)[0m
            [36m</li>[39m
            [36m<li[39m
              [33mclass[39m=[32m"_infoItem_14afe0"[39m
            [36m>[39m
              [36m<strong>[39m
                [0m$50 monthly cap[0m
              [36m</strong>[39m
              [0m - Never pay more than $50/month, no matter how many SKUs[0m
            [36m</li>[39m
            [36m<li[39m
              [33mclass[39m=[32m"_infoItem_14afe0"[39m
            [36m>[39m
              [36m<strong>[39m
                [0mNo hidden fees[0m
              [36m</strong>[39m
              [0m - What you see is what you pay[0m
            [36m</li>[39m
          [36m</ul>[39m
        [36m</div>[39m
        [36m<div[39m
          [33mclass[39m=[32m"_upgradeCard_14afe0"[39m
        [36m>[39m
          [36m<h4[39m
            [33mclass[39m=[32m"_upgradeTitle_14afe0"[39m
          [36m>[39m
            [0mFull Accounting Platform Coming Soon[0m
          [36m</h4>[39m
          [36m<p[39m
            [33mclass[39m=[32m"_upgradeText_14afe0"[39m
          [36m>[39m
            [0mWe're building a complete accounting platform with all CPG features plus bookkeeping, invoicing, and financial reporting. Join the waitlist to be notified when it launches![0m
          [36m</p>[39m
          [36m<button[39m
            [33maria-busy[39m=[32m"false"[39m
            [33maria-disabled[39m=[32m"false"[39m
            [33mclass[39m=[32m"_button_c9c6cf _secondary_c9c6cf _sm_c9c6cf"[39m
            [33mtype[39m=[32m"button"[39m
          [36m>[39m
            [36m<span[39m
              [33mclass[39m=[32m"_content_c9c6cf"[39m
            [36m>[39m
              [0mJoin the Waitlist[0m
            [36m</span>[39m
          [36m</button>[39m
        [36m</div>[39m
      [36m</div>[39m
    [36m</div>[39m
  [36m</div>[39m
[36m</body>[39m
 ❯ Object.getElementError node_modules/@testing-library/react/node_modules/@testing-library/dom/dist/config.js:37:19
 ❯ getElementError node_modules/@testing-library/react/node_modules/@testing-library/dom/dist/query-helpers.js:20:35
 ❯ getMultipleElementsFoundError node_modules/@testing-library/react/node_modules/@testing-library/dom/dist/query-helpers.js:23:10
 ❯ node_modules/@testing-library/react/node_modules/@testing-library/dom/dist/query-helpers.js:55:13
 ❯ node_modules/@testing-library/react/node_modules/@testing-library/dom/dist/query-helpers.js:95:19
 ❯ src/components/cpg/SKUTracker.test.tsx:43:21
     41|       render(<SKUTracker companyId={mockCompanyId} skuCount={1} />);
     42|
     43|       expect(screen.getByText('$5.00')).toBeInTheDocument(); // Base c…
       |                     ^
     44|     });
     45|

⎯⎯⎯⎯⎯⎯⎯⎯⎯⎯⎯⎯⎯⎯⎯⎯⎯⎯⎯⎯[252/824]⎯

 FAIL  src/components/cpg/SKUTracker.test.tsx > SKUTracker > Pricing Calculation > calculates correct cost for 10 SKUs (at cap)
TestingLibraryElementError: Found multiple elements with the text: $50.00

Here are the matching elements:

Ignored nodes: comments, script, style
[36m<span[39m
  [33mclass[39m=[32m"_breakdownValue_14afe0"[39m
[36m>[39m
  [0m$[0m
  [0m50.00[0m
[36m</span>[39m

Ignored nodes: comments, script, style
[36m<span[39m
  [33mclass[39m=[32m"_breakdownValue_14afe0"[39m
[36m>[39m
  [0m$50.00[0m
[36m</span>[39m

(If this is intentional, then use the `*AllBy*` variant of the query (like `queryAllByText`, `getAllByText`, or `findAllByText`)).

Ignored nodes: comments, script, style
[36m<body>[39m
  [36m<div>[39m
    [36m<div[39m
      [33mclass[39m=[32m"_tracker_14afe0"[39m
    [36m>[39m
      [36m<div[39m
        [33mclass[39m=[32m"_header_14afe0"[39m
      [36m>[39m
        [36m<h3[39m
          [33mclass[39m=[32m"_title_14afe0"[39m
        [36m>[39m
          [0mYour Pricing[0m
        [36m</h3>[39m
      [36m</div>[39m
      [36m<div[39m
        [33mclass[39m=[32m"_content_14afe0"[39m
      [36m>[39m
        [36m<div[39m
          [33mclass[39m=[32m"_skuCount_14afe0"[39m
        [36m>[39m
          [36m<div[39m
            [33mclass[39m=[32m"_countCircle_14afe0"[39m
          [36m>[39m
            [36m<span[39m
              [33mclass[39m=[32m"_countNumber_14afe0"[39m
            [36m>[39m
              [0m10[0m
            [36m</span>[39m
            [36m<span[39m
              [33mclass[39m=[32m"_countLabel_14afe0"[39m
            [36m>[39m
              [0mSINGLE SKU[0m
              [0ms[0m
            [36m</span>[39m
          [36m</div>[39m
        [36m</div>[39m
        [36m<div[39m
          [33mclass[39m=[32m"_pricingBreakdown_14afe0"[39m
        [36m>[39m
          [36m<div[39m
            [33mclass[39m=[32m"_breakdownRow_14afe0"[39m
          [36m>[39m
            [36m<span[39m
              [33mclass[39m=[32m"_breakdownLabel_14afe0"[39m
            [36m>[39m
              [0mSKU Count:[0m
            [36m</span>[39m
            [36m<span[39m
              [33mclass[39m=[32m"_breakdownValue_14afe0"[39m
            [36m>[39m
              [0m10[0m
            [36m</span>[39m
          [36m</div>[39m
          [36m<div[39m
            [33mclass[39m=[32m"_breakdownRow_14afe0"[39m
          [36m>[39m
            [36m<span[39m
              [33mclass[39m=[32m"_breakdownLabel_14afe0"[39m
            [36m>[39m
              [0mRate per SKU:[0m
            [36m</span>[39m
            [36m<span[39m
              [33mclass[39m=[32m"_breakdownValue_14afe0"[39m
            [36m>[39m
              [0m$5.00[0m
            [36m</span>[39m
          [36m</div>[39m
          [36m<div[39m
            [33mclass[39m=[32m"_breakdownRow_14afe0"[39m
          [36m>[39m
            [36m<span[39m
              [33mclass[39m=[32m"_breakdownLabel_14afe0"[39m
            [36m>[39m
              [0mBase Cost:[0m
            [36m</span>[39m
            [36m<span[39m
              [33mclass[39m=[32m"_breakdownValue_14afe0"[39m
            [36m>[39m
              [0m$[0m
              [0m50.00[0m
            [36m</span>[39m
          [36m</div>[39m
          [36m<div[39m
            [33mclass[39m=[32m"_breakdownRow_14afe0"[39m
          [36m>[39m
            [36m<span[39m
              [33mclass[39m=[32m"_breakdownLabel_14afe0"[39m
            [36m>[39m
              [0mMonthly Cap:[0m
            [36m</span>[39m
            [36m<span[39m
              [33mclass[39m=[32m"_breakdownValue_14afe0"[39m
            [36m>[39m
              [0m$50.00[0m
            [36m</span>[39m
          [36m</div>[39m
          [36m<div[39m
            [33mclass[39m=[32m"_breakdownRow_14afe0 _savings_14afe0"[39m
          [36m>[39m
            [36m<span[39m
              [33mclass[39m=[32m"_breakdownLabel_14afe0"[39m
            [36m>[39m
              [0mYou Save:[0m
            [36m</span>[39m
            [36m<span[39m
              [33mclass[39m=[32m"_breakdownValue_14afe0"[39m
            [36m>[39m
              [0m-$[0m
              [0m0.00[0m
            [36m</span>[39m
          [36m</div>[39m
          [36m<div[39m
            [33mclass[39m=[32m"_breakdownDivider_14afe0"[39m
          [36m/>[39m
          [36m<div[39m
            [33mclass[39m=[32m"_breakdownRow_14afe0 _total_14afe0"[39m
          [36m>[39m
            [36m<span[39m
              [33mclass[39m=[32m"_breakdownLabel_14afe0"[39m
            [36m>[39m
              [0mYour Monthly Cost:[0m
            [36m</span>[39m
            [36m<span[39m
              [33mclass[39m=[32m"_breakdownValue_14afe0"[39m
            [36m>[39m
              [0m$[0m
              [0m50.000000[0m
            [36m</span>[39m
          [36m</div>[39m
        [36m</div>[39m
        [36m<div[39m
          [33mclass[39m=[32m"_messaging_14afe0"[39m
        [36m>[39m
          [36m<div[39m
            [33mclass[39m=[32m"_messageCard_14afe0 _success_14afe0"[39m
          [36m>[39m
            [36m<p[39m
              [33mclass[39m=[32m"_messageText_14afe0"[39m
            [36m>[39m
              [36m<strong>[39m
                [0mGreat news![0m
              [36m</strong>[39m
              [0m You've reached the monthly cap. Add as many products as you need at no extra cost![0m
            [36m</p>[39m
          [36m</div>[39m
        [36m</div>[39m
        [36m<div[39m
          [33mclass[39m=[32m"_pricingInfo_14afe0"[39m
        [36m>[39m
          [36m<h4[39m
            [33mclass[39m=[32m"_infoTitle_14afe0"[39m
          [36m>[39m
            [0mHow Pricing Works[0m
          [36m</h4>[39m
          [36m<ul[39m
            [33mclass[39m=[32m"_infoList_14afe0"[39m
          [36m>[39m
            [36m<li[39m
              [33mclass[39m=[32m"_infoItem_14afe0"[39m
            [36m>[39m
              [36m<strong>[39m
                [0m$5 per SKU[0m
              [36m</strong>[39m
              [0m - Pay only for individual products (bundles not counted)[0m
            [36m</li>[39m
            [36m<li[39m
              [33mclass[39m=[32m"_infoItem_14afe0"[39m
            [36m>[39m
              [36m<strong>[39m
                [0m$50 monthly cap[0m
              [36m</strong>[39m
              [0m - Never pay more than $50/month, no matter how many SKUs[0m
            [36m</li>[39m
            [36m<li[39m
              [33mclass[39m=[32m"_infoItem_14afe0"[39m
            [36m>[39m
              [36m<strong>[39m
                [0mNo hidden fees[0m
              [36m</strong>[39m
              [0m - What you see is what you pay[0m
            [36m</li>[39m
          [36m</ul>[39m
        [36m</div>[39m
        [36m<div[39m
          [33mclass[39m=[32m"_upgradeCard_14afe0"[39m
        [36m>[39m
          [36m<h4[39m
            [33mclass[39m=[32m"_upgradeTitle_14afe0"[39m
          [36m>[39m
            [0mFull Accounting Platform Coming Soon[0m
          [36m</h4>[39m
          [36m<p[39m
            [33mclass[39m=[32m"_upgradeText_14afe0"[39m
          [36m>[39m
            [0mWe're building a complete accounting platform with all CPG features plus bookkeeping, invoicing, and financial reporting. Join the waitlist to be notified when it launches![0m
          [36m</p>[39m
          [36m<button[39m
            [33maria-busy[39m=[32m"false"[39m
            [33maria-disabled[39m=[32m"false"[39m
            [33mclass[39m=[32m"_button_c9c6cf _secondary_c9c6cf _sm_c9c6cf"[39m
            [33mtype[39m=[32m"button"[39m
          [36m>[39m
            [36m<span[39m
              [33mclass[39m=[32m"_content_c9c6cf"[39m
            [36m>[39m
              [0mJoin the Waitlist[0m
            [36m</span>[39m
          [36m</button>[39m
        [36m</div>[39m
      [36m</div>[39m
    [36m</div>[39m
  [36m</div>[39m
[36m</body>[39m
 ❯ Object.getElementError node_modules/@testing-library/react/node_modules/@testing-library/dom/dist/config.js:37:19
 ❯ getElementError node_modules/@testing-library/react/node_modules/@testing-library/dom/dist/query-helpers.js:20:35
 ❯ getMultipleElementsFoundError node_modules/@testing-library/react/node_modules/@testing-library/dom/dist/query-helpers.js:23:10
 ❯ node_modules/@testing-library/react/node_modules/@testing-library/dom/dist/query-helpers.js:55:13
 ❯ node_modules/@testing-library/react/node_modules/@testing-library/dom/dist/query-helpers.js:95:19
 ❯ src/components/cpg/SKUTracker.test.tsx:55:21
     53|       render(<SKUTracker companyId={mockCompanyId} skuCount={10} />);
     54|
     55|       expect(screen.getByText('$50.00')).toBeInTheDocument(); // Month…
       |                     ^
     56|     });
     57|

⎯⎯⎯⎯⎯⎯⎯⎯⎯⎯⎯⎯⎯⎯⎯⎯⎯⎯⎯⎯[253/824]⎯

 FAIL  src/components/cpg/SKUTracker.test.tsx > SKUTracker > Messaging > shows pricing info for SKUs below cap
TestingLibraryElementError: Unable to find an element with the text: /Your cost is \$25.00\/month for 5 SKUs/i. This could be because the text is broken up by multiple elements. In this case, you can provide a function for your text matcher to make your matcher more flexible.

Ignored nodes: comments, script, style
[36m<body>[39m
  [36m<div>[39m
    [36m<div[39m
      [33mclass[39m=[32m"_tracker_14afe0"[39m
    [36m>[39m
      [36m<div[39m
        [33mclass[39m=[32m"_header_14afe0"[39m
      [36m>[39m
        [36m<h3[39m
          [33mclass[39m=[32m"_title_14afe0"[39m
        [36m>[39m
          [0mYour Pricing[0m
        [36m</h3>[39m
      [36m</div>[39m
      [36m<div[39m
        [33mclass[39m=[32m"_content_14afe0"[39m
      [36m>[39m
        [36m<div[39m
          [33mclass[39m=[32m"_skuCount_14afe0"[39m
        [36m>[39m
          [36m<div[39m
            [33mclass[39m=[32m"_countCircle_14afe0"[39m
          [36m>[39m
            [36m<span[39m
              [33mclass[39m=[32m"_countNumber_14afe0"[39m
            [36m>[39m
              [0m5[0m
            [36m</span>[39m
            [36m<span[39m
              [33mclass[39m=[32m"_countLabel_14afe0"[39m
            [36m>[39m
              [0mSINGLE SKU[0m
              [0ms[0m
            [36m</span>[39m
          [36m</div>[39m
        [36m</div>[39m
        [36m<div[39m
          [33mclass[39m=[32m"_pricingBreakdown_14afe0"[39m
        [36m>[39m
          [36m<div[39m
            [33mclass[39m=[32m"_breakdownRow_14afe0"[39m
          [36m>[39m
            [36m<span[39m
              [33mclass[39m=[32m"_breakdownLabel_14afe0"[39m
            [36m>[39m
              [0mSKU Count:[0m
            [36m</span>[39m
            [36m<span[39m
              [33mclass[39m=[32m"_breakdownValue_14afe0"[39m
            [36m>[39m
              [0m5[0m
            [36m</span>[39m
          [36m</div>[39m
          [36m<div[39m
            [33mclass[39m=[32m"_breakdownRow_14afe0"[39m
          [36m>[39m
            [36m<span[39m
              [33mclass[39m=[32m"_breakdownLabel_14afe0"[39m
            [36m>[39m
              [0mRate per SKU:[0m
            [36m</span>[39m
            [36m<span[39m
              [33mclass[39m=[32m"_breakdownValue_14afe0"[39m
            [36m>[39m
              [0m$5.00[0m
            [36m</span>[39m
          [36m</div>[39m
          [36m<div[39m
            [33mclass[39m=[32m"_breakdownRow_14afe0"[39m
          [36m>[39m
            [36m<span[39m
              [33mclass[39m=[32m"_breakdownLabel_14afe0"[39m
            [36m>[39m
              [0mBase Cost:[0m
            [36m</span>[39m
            [36m<span[39m
              [33mclass[39m=[32m"_breakdownValue_14afe0"[39m
            [36m>[39m
              [0m$[0m
              [0m25.00[0m
            [36m</span>[39m
          [36m</div>[39m
          [36m<div[39m
            [33mclass[39m=[32m"_breakdownDivider_14afe0"[39m
          [36m/>[39m
          [36m<div[39m
            [33mclass[39m=[32m"_breakdownRow_14afe0 _total_14afe0"[39m
          [36m>[39m
            [36m<span[39m
              [33mclass[39m=[32m"_breakdownLabel_14afe0"[39m
            [36m>[39m
              [0mYour Monthly Cost:[0m
            [36m</span>[39m
            [36m<span[39m
              [33mclass[39m=[32m"_breakdownValue_14afe0"[39m
            [36m>[39m
              [0m$[0m
              [0m25.000000[0m
            [36m</span>[39m
          [36m</div>[39m
        [36m</div>[39m
        [36m<div[39m
          [33mclass[39m=[32m"_messaging_14afe0"[39m
        [36m/>[39m
        [36m<div[39m
          [33mclass[39m=[32m"_pricingInfo_14afe0"[39m
        [36m>[39m
          [36m<h4[39m
            [33mclass[39m=[32m"_infoTitle_14afe0"[39m
          [36m>[39m
            [0mHow Pricing Works[0m
          [36m</h4>[39m
          [36m<ul[39m
            [33mclass[39m=[32m"_infoList_14afe0"[39m
          [36m>[39m
            [36m<li[39m
              [33mclass[39m=[32m"_infoItem_14afe0"[39m
            [36m>[39m
              [36m<strong>[39m
                [0m$5 per SKU[0m
              [36m</strong>[39m
              [0m - Pay only for individual products (bundles not counted)[0m
            [36m</li>[39m
            [36m<li[39m
              [33mclass[39m=[32m"_infoItem_14afe0"[39m
            [36m>[39m
              [36m<strong>[39m
                [0m$50 monthly cap[0m
              [36m</strong>[39m
              [0m - Never pay more than $50/month, no matter how many SKUs[0m
            [36m</li>[39m
            [36m<li[39m
              [33mclass[39m=[32m"_infoItem_14afe0"[39m
            [36m>[39m
              [36m<strong>[39m
                [0mNo hidden fees[0m
              [36m</strong>[39m
              [0m - What you see is what you pay[0m
            [36m</li>[39m
          [36m</ul>[39m
        [36m</div>[39m
        [36m<div[39m
          [33mclass[39m=[32m"_upgradeCard_14afe0"[39m
        [36m>[39m
          [36m<h4[39m
            [33mclass[39m=[32m"_upgradeTitle_14afe0"[39m
          [36m>[39m
            [0mFull Accounting Platform Coming Soon[0m
          [36m</h4>[39m
          [36m<p[39m
            [33mclass[39m=[32m"_upgradeText_14afe0"[39m
          [36m>[39m
            [0mWe're building a complete accounting platform with all CPG features plus bookkeeping, invoicing, and financial reporting. Join the waitlist to be notified when it launches![0m
          [36m</p>[39m
          [36m<button[39m
            [33maria-busy[39m=[32m"false"[39m
            [33maria-disabled[39m=[32m"false"[39m
            [33mclass[39m=[32m"_button_c9c6cf _secondary_c9c6cf _sm_c9c6cf"[39m
            [33mtype[39m=[32m"button"[39m
          [36m>[39m
            [36m<span[39m
              [33mclass[39m=[32m"_content_c9c6cf"[39m
            [36m>[39m
              [0mJoin the Waitlist[0m
            [36m</span>[39m
          [36m</button>[39m
        [36m</div>[39m
      [36m</div>[39m
    [36m</div>[39m
  [36m</div>[39m
[36m</body>[39m
 ❯ Object.getElementError node_modules/@testing-library/react/node_modules/@testing-library/dom/dist/config.js:37:19
 ❯ node_modules/@testing-library/react/node_modules/@testing-library/dom/dist/query-helpers.js:76:38
 ❯ node_modules/@testing-library/react/node_modules/@testing-library/dom/dist/query-helpers.js:52:17
 ❯ node_modules/@testing-library/react/node_modules/@testing-library/dom/dist/query-helpers.js:95:19
 ❯ src/components/cpg/SKUTracker.test.tsx:90:16
     88|
     89|       expect(
     90|         screen.getByText(/Your cost is \$25.00\/month for 5 SKUs/i)
       |                ^
     91|       ).toBeInTheDocument();
     92|     });

⎯⎯⎯⎯⎯⎯⎯⎯⎯⎯⎯⎯⎯⎯⎯⎯⎯⎯⎯⎯[254/824]⎯

 FAIL  src/components/cpg/SKUTracker.test.tsx > SKUTracker > Messaging > shows cap reached message for 10+ SKUs
TestingLibraryElementError: Unable to find an element with the text: /Great news! You've reached the monthly cap/i. This could be because the text is broken up by multiple elements. In this case, you can provide a function for your text matcher to make your matcher more flexible.

Ignored nodes: comments, script, style
[36m<body>[39m
  [36m<div>[39m
    [36m<div[39m
      [33mclass[39m=[32m"_tracker_14afe0"[39m
    [36m>[39m
      [36m<div[39m
        [33mclass[39m=[32m"_header_14afe0"[39m
      [36m>[39m
        [36m<h3[39m
          [33mclass[39m=[32m"_title_14afe0"[39m
        [36m>[39m
          [0mYour Pricing[0m
        [36m</h3>[39m
      [36m</div>[39m
      [36m<div[39m
        [33mclass[39m=[32m"_content_14afe0"[39m
      [36m>[39m
        [36m<div[39m
          [33mclass[39m=[32m"_skuCount_14afe0"[39m
        [36m>[39m
          [36m<div[39m
            [33mclass[39m=[32m"_countCircle_14afe0"[39m
          [36m>[39m
            [36m<span[39m
              [33mclass[39m=[32m"_countNumber_14afe0"[39m
            [36m>[39m
              [0m15[0m
            [36m</span>[39m
            [36m<span[39m
              [33mclass[39m=[32m"_countLabel_14afe0"[39m
            [36m>[39m
              [0mSINGLE SKU[0m
              [0ms[0m
            [36m</span>[39m
          [36m</div>[39m
        [36m</div>[39m
        [36m<div[39m
          [33mclass[39m=[32m"_pricingBreakdown_14afe0"[39m
        [36m>[39m
          [36m<div[39m
            [33mclass[39m=[32m"_breakdownRow_14afe0"[39m
          [36m>[39m
            [36m<span[39m
              [33mclass[39m=[32m"_breakdownLabel_14afe0"[39m
            [36m>[39m
              [0mSKU Count:[0m
            [36m</span>[39m
            [36m<span[39m
              [33mclass[39m=[32m"_breakdownValue_14afe0"[39m
            [36m>[39m
              [0m15[0m
            [36m</span>[39m
          [36m</div>[39m
          [36m<div[39m
            [33mclass[39m=[32m"_breakdownRow_14afe0"[39m
          [36m>[39m
            [36m<span[39m
              [33mclass[39m=[32m"_breakdownLabel_14afe0"[39m
            [36m>[39m
              [0mRate per SKU:[0m
            [36m</span>[39m
            [36m<span[39m
              [33mclass[39m=[32m"_breakdownValue_14afe0"[39m
            [36m>[39m
              [0m$5.00[0m
            [36m</span>[39m
          [36m</div>[39m
          [36m<div[39m
            [33mclass[39m=[32m"_breakdownRow_14afe0"[39m
          [36m>[39m
            [36m<span[39m
              [33mclass[39m=[32m"_breakdownLabel_14afe0"[39m
            [36m>[39m
              [0mBase Cost:[0m
            [36m</span>[39m
            [36m<span[39m
              [33mclass[39m=[32m"_breakdownValue_14afe0"[39m
            [36m>[39m
              [0m$[0m
              [0m75.00[0m
            [36m</span>[39m
          [36m</div>[39m
          [36m<div[39m
            [33mclass[39m=[32m"_breakdownRow_14afe0"[39m
          [36m>[39m
            [36m<span[39m
              [33mclass[39m=[32m"_breakdownLabel_14afe0"[39m
            [36m>[39m
              [0mMonthly Cap:[0m
            [36m</span>[39m
            [36m<span[39m
              [33mclass[39m=[32m"_breakdownValue_14afe0"[39m
            [36m>[39m
              [0m$50.00[0m
            [36m</span>[39m
          [36m</div>[39m
          [36m<div[39m
            [33mclass[39m=[32m"_breakdownRow_14afe0 _savings_14afe0"[39m
          [36m>[39m
            [36m<span[39m
              [33mclass[39m=[32m"_breakdownLabel_14afe0"[39m
            [36m>[39m
              [0mYou Save:[0m
            [36m</span>[39m
            [36m<span[39m
              [33mclass[39m=[32m"_breakdownValue_14afe0"[39m
            [36m>[39m
              [0m-$[0m
              [0m25.00[0m
            [36m</span>[39m
          [36m</div>[39m
          [36m<div[39m
            [33mclass[39m=[32m"_breakdownDivider_14afe0"[39m
          [36m/>[39m
          [36m<div[39m
            [33mclass[39m=[32m"_breakdownRow_14afe0 _total_14afe0"[39m
          [36m>[39m
            [36m<span[39m
              [33mclass[39m=[32m"_breakdownLabel_14afe0"[39m
            [36m>[39m
              [0mYour Monthly Cost:[0m
            [36m</span>[39m
            [36m<span[39m
              [33mclass[39m=[32m"_breakdownValue_14afe0"[39m
            [36m>[39m
              [0m$[0m
              [0m50.000000[0m
            [36m</span>[39m
          [36m</div>[39m
        [36m</div>[39m
        [36m<div[39m
          [33mclass[39m=[32m"_messaging_14afe0"[39m
        [36m>[39m
          [36m<div[39m
            [33mclass[39m=[32m"_messageCard_14afe0 _success_14afe0"[39m
          [36m>[39m
            [36m<p[39m
              [33mclass[39m=[32m"_messageText_14afe0"[39m
            [36m>[39m
              [36m<strong>[39m
                [0mGreat news![0m
              [36m</strong>[39m
              [0m You've reached the monthly cap. Add as many products as you need at no extra cost![0m
            [36m</p>[39m
          [36m</div>[39m
        [36m</div>[39m
        [36m<div[39m
          [33mclass[39m=[32m"_pricingInfo_14afe0"[39m
        [36m>[39m
          [36m<h4[39m
            [33mclass[39m=[32m"_infoTitle_14afe0"[39m
          [36m>[39m
            [0mHow Pricing Works[0m
          [36m</h4>[39m
          [36m<ul[39m
            [33mclass[39m=[32m"_infoList_14afe0"[39m
          [36m>[39m
            [36m<li[39m
              [33mclass[39m=[32m"_infoItem_14afe0"[39m
            [36m>[39m
              [36m<strong>[39m
                [0m$5 per SKU[0m
              [36m</strong>[39m
              [0m - Pay only for individual products (bundles not counted)[0m
            [36m</li>[39m
            [36m<li[39m
              [33mclass[39m=[32m"_infoItem_14afe0"[39m
            [36m>[39m
              [36m<strong>[39m
                [0m$50 monthly cap[0m
              [36m</strong>[39m
              [0m - Never pay more than $50/month, no matter how many SKUs[0m
            [36m</li>[39m
            [36m<li[39m
              [33mclass[39m=[32m"_infoItem_14afe0"[39m
            [36m>[39m
              [36m<strong>[39m
                [0mNo hidden fees[0m
              [36m</strong>[39m
              [0m - What you see is what you pay[0m
            [36m</li>[39m
          [36m</ul>[39m
        [36m</div>[39m
        [36m<div[39m
          [33mclass[39m=[32m"_upgradeCard_14afe0"[39m
        [36m>[39m
          [36m<h4[39m
            [33mclass[39m=[32m"_upgradeTitle_14afe0"[39m
          [36m>[39m
            [0mFull Accounting Platform Coming Soon[0m
          [36m</h4>[39m
          [36m<p[39m
            [33mclass[39m=[32m"_upgradeText_14afe0"[39m
          [36m>[39m
            [0mWe're building a complete accounting platform with all CPG features plus bookkeeping, invoicing, and financial reporting. Join the waitlist to be notified when it launches![0m
          [36m</p>[39m
          [36m<button[39m
            [33maria-busy[39m=[32m"false"[39m
            [33maria-disabled[39m=[32m"false"[39m
            [33mclass[39m=[32m"_button_c9c6cf _secondary_c9c6cf _sm_c9c6cf"[39m
            [33mtype[39m=[32m"button"[39m
          [36m>[39m
            [36m<span[39m
              [33mclass[39m=[32m"_content_c9c6cf"[39m
            [36m>[39m
              [0mJoin the Waitlist[0m
            [36m</span>[39m
          [36m</button>[39m
        [36m</div>[39m
      [36m</div>[39m
    [36m</div>[39m
  [36m</div>[39m
[36m</body>[39m
 ❯ Object.getElementError node_modules/@testing-library/react/node_modules/@testing-library/dom/dist/config.js:37:19
 ❯ node_modules/@testing-library/react/node_modules/@testing-library/dom/dist/query-helpers.js:76:38
 ❯ node_modules/@testing-library/react/node_modules/@testing-library/dom/dist/query-helpers.js:52:17
 ❯ node_modules/@testing-library/react/node_modules/@testing-library/dom/dist/query-helpers.js:95:19
 ❯ src/components/cpg/SKUTracker.test.tsx:98:16
     96|
     97|       expect(
     98|         screen.getByText(/Great news! You've reached the monthly cap/i)
       |                ^
     99|       ).toBeInTheDocument();
    100|     });

⎯⎯⎯⎯⎯⎯⎯⎯⎯⎯⎯⎯⎯⎯⎯⎯⎯⎯⎯⎯[255/824]⎯

 FAIL  src/components/cpg/SKUTracker.test.tsx > SKUTracker > Accessibility > has proper heading structure
TestingLibraryElementError: Unable to find an accessible element with the role "heading" and name `/Your CPG Pricing/i`

Here are the accessible roles:

  heading:

  Name "Your Pricing":
  [36m<h3[39m
    [33mclass[39m=[32m"_title_14afe0"[39m
  [36m/>[39m

  Name "How Pricing Works":
  [36m<h4[39m
    [33mclass[39m=[32m"_infoTitle_14afe0"[39m
  [36m/>[39m

  Name "Full Accounting Platform Coming Soon":
  [36m<h4[39m
    [33mclass[39m=[32m"_upgradeTitle_14afe0"[39m
  [36m/>[39m

  --------------------------------------------------
  list:

  Name "":
  [36m<ul[39m
    [33mclass[39m=[32m"_infoList_14afe0"[39m
  [36m/>[39m

  --------------------------------------------------
  listitem:

  Name "":
  [36m<li[39m
    [33mclass[39m=[32m"_infoItem_14afe0"[39m
  [36m/>[39m

  Name "":
  [36m<li[39m
    [33mclass[39m=[32m"_infoItem_14afe0"[39m
  [36m/>[39m

  Name "":
  [36m<li[39m
    [33mclass[39m=[32m"_infoItem_14afe0"[39m
  [36m/>[39m

  --------------------------------------------------
  button:

  Name "Join the Waitlist":
  [36m<button[39m
    [33maria-busy[39m=[32m"false"[39m
    [33maria-disabled[39m=[32m"false"[39m
    [33mclass[39m=[32m"_button_c9c6cf _secondary_c9c6cf _sm_c9c6cf"[39m
    [33mtype[39m=[32m"button"[39m
  [36m/>[39m

  --------------------------------------------------

Ignored nodes: comments, script, style
[36m<body>[39m
  [36m<div>[39m
    [36m<div[39m
      [33mclass[39m=[32m"_tracker_14afe0"[39m
    [36m>[39m
      [36m<div[39m
        [33mclass[39m=[32m"_header_14afe0"[39m
      [36m>[39m
        [36m<h3[39m
          [33mclass[39m=[32m"_title_14afe0"[39m
        [36m>[39m
          [0mYour Pricing[0m
        [36m</h3>[39m
      [36m</div>[39m
      [36m<div[39m
        [33mclass[39m=[32m"_content_14afe0"[39m
      [36m>[39m
        [36m<div[39m
          [33mclass[39m=[32m"_skuCount_14afe0"[39m
        [36m>[39m
          [36m<div[39m
            [33mclass[39m=[32m"_countCircle_14afe0"[39m
          [36m>[39m
            [36m<span[39m
              [33mclass[39m=[32m"_countNumber_14afe0"[39m
            [36m>[39m
              [0m5[0m
            [36m</span>[39m
            [36m<span[39m
              [33mclass[39m=[32m"_countLabel_14afe0"[39m
            [36m>[39m
              [0mSINGLE SKU[0m
              [0ms[0m
            [36m</span>[39m
          [36m</div>[39m
        [36m</div>[39m
        [36m<div[39m
          [33mclass[39m=[32m"_pricingBreakdown_14afe0"[39m
        [36m>[39m
          [36m<div[39m
            [33mclass[39m=[32m"_breakdownRow_14afe0"[39m
          [36m>[39m
            [36m<span[39m
              [33mclass[39m=[32m"_breakdownLabel_14afe0"[39m
            [36m>[39m
              [0mSKU Count:[0m
            [36m</span>[39m
            [36m<span[39m
              [33mclass[39m=[32m"_breakdownValue_14afe0"[39m
            [36m>[39m
              [0m5[0m
            [36m</span>[39m
          [36m</div>[39m
          [36m<div[39m
            [33mclass[39m=[32m"_breakdownRow_14afe0"[39m
          [36m>[39m
            [36m<span[39m
              [33mclass[39m=[32m"_breakdownLabel_14afe0"[39m
            [36m>[39m
              [0mRate per SKU:[0m
            [36m</span>[39m
            [36m<span[39m
              [33mclass[39m=[32m"_breakdownValue_14afe0"[39m
            [36m>[39m
              [0m$5.00[0m
            [36m</span>[39m
          [36m</div>[39m
          [36m<div[39m
            [33mclass[39m=[32m"_breakdownRow_14afe0"[39m
          [36m>[39m
            [36m<span[39m
              [33mclass[39m=[32m"_breakdownLabel_14afe0"[39m
            [36m>[39m
              [0mBase Cost:[0m
            [36m</span>[39m
            [36m<span[39m
              [33mclass[39m=[32m"_breakdownValue_14afe0"[39m
            [36m>[39m
              [0m$[0m
              [0m25.00[0m
            [36m</span>[39m
          [36m</div>[39m
          [36m<div[39m
            [33mclass[39m=[32m"_breakdownDivider_14afe0"[39m
          [36m/>[39m
          [36m<div[39m
            [33mclass[39m=[32m"_breakdownRow_14afe0 _total_14afe0"[39m
          [36m>[39m
            [36m<span[39m
              [33mclass[39m=[32m"_breakdownLabel_14afe0"[39m
            [36m>[39m
              [0mYour Monthly Cost:[0m
            [36m</span>[39m
            [36m<span[39m
              [33mclass[39m=[32m"_breakdownValue_14afe0"[39m
            [36m>[39m
              [0m$[0m
              [0m25.000000[0m
            [36m</span>[39m
          [36m</div>[39m
        [36m</div>[39m
        [36m<div[39m
          [33mclass[39m=[32m"_messaging_14afe0"[39m
        [36m/>[39m
        [36m<div[39m
          [33mclass[39m=[32m"_pricingInfo_14afe0"[39m
        [36m>[39m
          [36m<h4[39m
            [33mclass[39m=[32m"_infoTitle_14afe0"[39m
          [36m>[39m
            [0mHow Pricing Works[0m
          [36m</h4>[39m
          [36m<ul[39m
            [33mclass[39m=[32m"_infoList_14afe0"[39m
          [36m>[39m
            [36m<li[39m
              [33mclass[39m=[32m"_infoItem_14afe0"[39m
            [36m>[39m
              [36m<strong>[39m
                [0m$5 per SKU[0m
              [36m</strong>[39m
              [0m - Pay only for individual products (bundles not counted)[0m
            [36m</li>[39m
            [36m<li[39m
              [33mclass[39m=[32m"_infoItem_14afe0"[39m
            [36m>[39m
              [36m<strong>[39m
                [0m$50 monthly cap[0m
              [36m</strong>[39m
              [0m - Never pay more than $50/month, no matter how many SKUs[0m
            [36m</li>[39m
            [36m<li[39m
              [33mclass[39m=[32m"_infoItem_14afe0"[39m
            [36m>[39m
              [36m<strong>[39m
                [0mNo hidden fees[0m
              [36m</strong>[39m
              [0m - What you see is what you pay[0m
            [36m</li>[39m
          [36m</ul>[39m
        [36m</div>[39m
        [36m<div[39m
          [33mclass[39m=[32m"_upgradeCard_14afe0"[39m
        [36m>[39m
          [36m<h4[39m
            [33mclass[39m=[32m"_upgradeTitle_14afe0"[39m
          [36m>[39m
            [0mFull Accounting Platform Coming Soon[0m
          [36m</h4>[39m
          [36m<p[39m
            [33mclass[39m=[32m"_upgradeText_14afe0"[39m
          [36m>[39m
            [0mWe're building a complete accounting platform with all CPG features plus bookkeeping, invoicing, and financial reporting. Join the waitlist to be notified when it launches![0m
          [36m</p>[39m
          [36m<button[39m
            [33maria-busy[39m=[32m"false"[39m
            [33maria-disabled[39m=[32m"false"[39m
            [33mclass[39m=[32m"_button_c9c6cf _secondary_c9c6cf _sm_c9c6cf"[39m
            [33mtype[39m=[32m"button"[39m
          [36m>[39m
            [36m<span[39m
              [33mclass[39m=[32m"_content_c9c6cf"[39m
            [36m>[39m
              [0mJoin the Waitlist[0m
            [36m</span>[39m
          [36m</button>[39m
        [36m</div>[39m
      [36m</div>[39m
    [36m</div>[39m
  [36m</div>[39m
[36m</body>[39m
 ❯ Object.getElementError node_modules/@testing-library/react/node_modules/@testing-library/dom/dist/config.js:37:19
 ❯ node_modules/@testing-library/react/node_modules/@testing-library/dom/dist/query-helpers.js:76:38
 ❯ node_modules/@testing-library/react/node_modules/@testing-library/dom/dist/query-helpers.js:52:17
 ❯ node_modules/@testing-library/react/node_modules/@testing-library/dom/dist/query-helpers.js:95:19
 ❯ src/components/cpg/SKUTracker.test.tsx:157:21
    155|       render(<SKUTracker companyId={mockCompanyId} skuCount={5} />);
    156|
    157|       expect(screen.getByRole('heading', { level: 3, name: /Your CPG P…
       |                     ^
    158|       expect(screen.getByRole('heading', { level: 4, name: /How Pricin…
    159|     });

⎯⎯⎯⎯⎯⎯⎯⎯⎯⎯⎯⎯⎯⎯⎯⎯⎯⎯⎯⎯[256/824]⎯

 FAIL  src/components/cpg/SKUTracker.test.tsx > SKUTracker > Accessibility > has readable contrast for SKU count
Error: [2mexpect([22m[31mreceived[39m[2m).toBeInTheDocument()[22m

[31mreceived[39m value must be an HTMLElement or an SVGElement.
Received has type:  Null
Received has value: [31mnull[39m
 ❯ src/components/cpg/SKUTracker.test.tsx:165:27
    163|
    164|       const countCircle = container.querySelector('.countCircle');
    165|       expect(countCircle).toBeInTheDocument();
       |                           ^
    166|     });
    167|   });

⎯⎯⎯⎯⎯⎯⎯⎯⎯⎯⎯⎯⎯⎯⎯⎯⎯⎯⎯⎯[257/824]⎯

 FAIL  src/components/cpg/SKUTracker.test.tsx > SKUTracker > Edge Cases > handles exactly 10 SKUs (boundary case)
TestingLibraryElementError: Found multiple elements with the text: $50.00

Here are the matching elements:

Ignored nodes: comments, script, style
[36m<span[39m
  [33mclass[39m=[32m"_breakdownValue_14afe0"[39m
[36m>[39m
  [0m$[0m
  [0m50.00[0m
[36m</span>[39m

Ignored nodes: comments, script, style
[36m<span[39m
  [33mclass[39m=[32m"_breakdownValue_14afe0"[39m
[36m>[39m
  [0m$50.00[0m
[36m</span>[39m

(If this is intentional, then use the `*AllBy*` variant of the query (like `queryAllByText`, `getAllByText`, or `findAllByText`)).

Ignored nodes: comments, script, style
[36m<body>[39m
  [36m<div>[39m
    [36m<div[39m
      [33mclass[39m=[32m"_tracker_14afe0"[39m
    [36m>[39m
      [36m<div[39m
        [33mclass[39m=[32m"_header_14afe0"[39m
      [36m>[39m
        [36m<h3[39m
          [33mclass[39m=[32m"_title_14afe0"[39m
        [36m>[39m
          [0mYour Pricing[0m
        [36m</h3>[39m
      [36m</div>[39m
      [36m<div[39m
        [33mclass[39m=[32m"_content_14afe0"[39m
      [36m>[39m
        [36m<div[39m
          [33mclass[39m=[32m"_skuCount_14afe0"[39m
        [36m>[39m
          [36m<div[39m
            [33mclass[39m=[32m"_countCircle_14afe0"[39m
          [36m>[39m
            [36m<span[39m
              [33mclass[39m=[32m"_countNumber_14afe0"[39m
            [36m>[39m
              [0m10[0m
            [36m</span>[39m
            [36m<span[39m
              [33mclass[39m=[32m"_countLabel_14afe0"[39m
            [36m>[39m
              [0mSINGLE SKU[0m
              [0ms[0m
            [36m</span>[39m
          [36m</div>[39m
        [36m</div>[39m
        [36m<div[39m
          [33mclass[39m=[32m"_pricingBreakdown_14afe0"[39m
        [36m>[39m
          [36m<div[39m
            [33mclass[39m=[32m"_breakdownRow_14afe0"[39m
          [36m>[39m
            [36m<span[39m
              [33mclass[39m=[32m"_breakdownLabel_14afe0"[39m
            [36m>[39m
              [0mSKU Count:[0m
            [36m</span>[39m
            [36m<span[39m
              [33mclass[39m=[32m"_breakdownValue_14afe0"[39m
            [36m>[39m
              [0m10[0m
            [36m</span>[39m
          [36m</div>[39m
          [36m<div[39m
            [33mclass[39m=[32m"_breakdownRow_14afe0"[39m
          [36m>[39m
            [36m<span[39m
              [33mclass[39m=[32m"_breakdownLabel_14afe0"[39m
            [36m>[39m
              [0mRate per SKU:[0m
            [36m</span>[39m
            [36m<span[39m
              [33mclass[39m=[32m"_breakdownValue_14afe0"[39m
            [36m>[39m
              [0m$5.00[0m
            [36m</span>[39m
          [36m</div>[39m
          [36m<div[39m
            [33mclass[39m=[32m"_breakdownRow_14afe0"[39m
          [36m>[39m
            [36m<span[39m
              [33mclass[39m=[32m"_breakdownLabel_14afe0"[39m
            [36m>[39m
              [0mBase Cost:[0m
            [36m</span>[39m
            [36m<span[39m
              [33mclass[39m=[32m"_breakdownValue_14afe0"[39m
            [36m>[39m
              [0m$[0m
              [0m50.00[0m
            [36m</span>[39m
          [36m</div>[39m
          [36m<div[39m
            [33mclass[39m=[32m"_breakdownRow_14afe0"[39m
          [36m>[39m
            [36m<span[39m
              [33mclass[39m=[32m"_breakdownLabel_14afe0"[39m
            [36m>[39m
              [0mMonthly Cap:[0m
            [36m</span>[39m
            [36m<span[39m
              [33mclass[39m=[32m"_breakdownValue_14afe0"[39m
            [36m>[39m
              [0m$50.00[0m
            [36m</span>[39m
          [36m</div>[39m
          [36m<div[39m
            [33mclass[39m=[32m"_breakdownRow_14afe0 _savings_14afe0"[39m
          [36m>[39m
            [36m<span[39m
              [33mclass[39m=[32m"_breakdownLabel_14afe0"[39m
            [36m>[39m
              [0mYou Save:[0m
            [36m</span>[39m
            [36m<span[39m
              [33mclass[39m=[32m"_breakdownValue_14afe0"[39m
            [36m>[39m
              [0m-$[0m
              [0m0.00[0m
            [36m</span>[39m
          [36m</div>[39m
          [36m<div[39m
            [33mclass[39m=[32m"_breakdownDivider_14afe0"[39m
          [36m/>[39m
          [36m<div[39m
            [33mclass[39m=[32m"_breakdownRow_14afe0 _total_14afe0"[39m
          [36m>[39m
            [36m<span[39m
              [33mclass[39m=[32m"_breakdownLabel_14afe0"[39m
            [36m>[39m
              [0mYour Monthly Cost:[0m
            [36m</span>[39m
            [36m<span[39m
              [33mclass[39m=[32m"_breakdownValue_14afe0"[39m
            [36m>[39m
              [0m$[0m
              [0m50.000000[0m
            [36m</span>[39m
          [36m</div>[39m
        [36m</div>[39m
        [36m<div[39m
          [33mclass[39m=[32m"_messaging_14afe0"[39m
        [36m>[39m
          [36m<div[39m
            [33mclass[39m=[32m"_messageCard_14afe0 _success_14afe0"[39m
          [36m>[39m
            [36m<p[39m
              [33mclass[39m=[32m"_messageText_14afe0"[39m
            [36m>[39m
              [36m<strong>[39m
                [0mGreat news![0m
              [36m</strong>[39m
              [0m You've reached the monthly cap. Add as many products as you need at no extra cost![0m
            [36m</p>[39m
          [36m</div>[39m
        [36m</div>[39m
        [36m<div[39m
          [33mclass[39m=[32m"_pricingInfo_14afe0"[39m
        [36m>[39m
          [36m<h4[39m
            [33mclass[39m=[32m"_infoTitle_14afe0"[39m
          [36m>[39m
            [0mHow Pricing Works[0m
          [36m</h4>[39m
          [36m<ul[39m
            [33mclass[39m=[32m"_infoList_14afe0"[39m
          [36m>[39m
            [36m<li[39m
              [33mclass[39m=[32m"_infoItem_14afe0"[39m
            [36m>[39m
              [36m<strong>[39m
                [0m$5 per SKU[0m
              [36m</strong>[39m
              [0m - Pay only for individual products (bundles not counted)[0m
            [36m</li>[39m
            [36m<li[39m
              [33mclass[39m=[32m"_infoItem_14afe0"[39m
            [36m>[39m
              [36m<strong>[39m
                [0m$50 monthly cap[0m
              [36m</strong>[39m
              [0m - Never pay more than $50/month, no matter how many SKUs[0m
            [36m</li>[39m
            [36m<li[39m
              [33mclass[39m=[32m"_infoItem_14afe0"[39m
            [36m>[39m
              [36m<strong>[39m
                [0mNo hidden fees[0m
              [36m</strong>[39m
              [0m - What you see is what you pay[0m
            [36m</li>[39m
          [36m</ul>[39m
        [36m</div>[39m
        [36m<div[39m
          [33mclass[39m=[32m"_upgradeCard_14afe0"[39m
        [36m>[39m
          [36m<h4[39m
            [33mclass[39m=[32m"_upgradeTitle_14afe0"[39m
          [36m>[39m
            [0mFull Accounting Platform Coming Soon[0m
          [36m</h4>[39m
          [36m<p[39m
            [33mclass[39m=[32m"_upgradeText_14afe0"[39m
          [36m>[39m
            [0mWe're building a complete accounting platform with all CPG features plus bookkeeping, invoicing, and financial reporting. Join the waitlist to be notified when it launches![0m
          [36m</p>[39m
          [36m<button[39m
            [33maria-busy[39m=[32m"false"[39m
            [33maria-disabled[39m=[32m"false"[39m
            [33mclass[39m=[32m"_button_c9c6cf _secondary_c9c6cf _sm_c9c6cf"[39m
            [33mtype[39m=[32m"button"[39m
          [36m>[39m
            [36m<span[39m
              [33mclass[39m=[32m"_content_c9c6cf"[39m
            [36m>[39m
              [0mJoin the Waitlist[0m
            [36m</span>[39m
          [36m</button>[39m
        [36m</div>[39m
      [36m</div>[39m
    [36m</div>[39m
  [36m</div>[39m
[36m</body>[39m
 ❯ Object.getElementError node_modules/@testing-library/react/node_modules/@testing-library/dom/dist/config.js:37:19
 ❯ getElementError node_modules/@testing-library/react/node_modules/@testing-library/dom/dist/query-helpers.js:20:35
 ❯ getMultipleElementsFoundError node_modules/@testing-library/react/node_modules/@testing-library/dom/dist/query-helpers.js:23:10
 ❯ node_modules/@testing-library/react/node_modules/@testing-library/dom/dist/query-helpers.js:55:13
 ❯ node_modules/@testing-library/react/node_modules/@testing-library/dom/dist/query-helpers.js:95:19
 ❯ src/components/cpg/SKUTracker.test.tsx:173:21
    171|       render(<SKUTracker companyId={mockCompanyId} skuCount={10} />);
    172|
    173|       expect(screen.getByText('$50.00')).toBeInTheDocument();
       |                     ^
    174|       expect(screen.getByText(/Great news! You've reached the monthly …
    175|     });

⎯⎯⎯⎯⎯⎯⎯⎯⎯⎯⎯⎯⎯⎯⎯⎯⎯⎯⎯⎯[258/824]⎯

 FAIL  src/components/dashboard/CashPositionWidget.test.tsx > CashPositionWidget > trend visualization > should handle empty trend data
Error: [2mexpect([22m[31mreceived[39m[2m).toBeInTheDocument()[22m

[31mreceived[39m value must be an HTMLElement or an SVGElement.
Received has type:  Null
Received has value: [31mnull[39m
 ❯ src/components/dashboard/CashPositionWidget.test.tsx:221:21
    219|       // Chart should still render but with no data
    220|       const chart = container.querySelector('.recharts-wrapper');
    221|       expect(chart).toBeInTheDocument();
       |                     ^
    222|     });
    223|

⎯⎯⎯⎯⎯⎯⎯⎯⎯⎯⎯⎯⎯⎯⎯⎯⎯⎯⎯⎯[259/824]⎯

 FAIL  src/components/dashboard/CashPositionWidget.test.tsx > CashPositionWidget > edge cases > should handle very small monthly expenses
TestingLibraryElementError: Found multiple elements with the text: /months/i

Here are the matching elements:

Ignored nodes: comments, script, style
[36m<span[39m
  [33mclass[39m=[32m"_metricLabel_efa559"[39m
[36m>[39m
  [0mMonths Covered[0m
[36m</span>[39m

Ignored nodes: comments, script, style
[36m<span[39m
  [33mclass[39m=[32m"_metricValue_efa559"[39m
  [33mdata-testid[39m=[32m"months-covered"[39m
[36m>[39m
  [0m100000.0[0m
  [0m months[0m
[36m</span>[39m

(If this is intentional, then use the `*AllBy*` variant of the query (like `queryAllByText`, `getAllByText`, or `findAllByText`)).

Ignored nodes: comments, script, style
[36m<body>[39m
  [36m<div>[39m
    [36m<div[39m
      [33maria-label[39m=[32m"Cash Position Widget"[39m
      [33mclass[39m=[32m"_widget_efa559 "[39m
    [36m>[39m
      [36m<div[39m
        [33mclass[39m=[32m"_header_efa559"[39m
      [36m>[39m
        [36m<h2[39m
          [33mclass[39m=[32m"_title_efa559"[39m
        [36m>[39m
          [0mCash Position[0m
        [36m</h2>[39m
        [36m<span[39m
          [33maria-hidden[39m=[32m"true"[39m
          [33maria-label[39m=[32m"Trend: flat"[39m
          [33mclass[39m=[32m"_trendIndicator_efa559 _flat_efa559"[39m
        [36m>[39m
          [0m➡️[0m
        [36m</span>[39m
      [36m</div>[39m
      [36m<div[39m
        [33mclass[39m=[32m"_content_efa559"[39m
      [36m>[39m
        [36m<div[39m
          [33mclass[39m=[32m"_balanceSection_efa559"[39m
        [36m>[39m
          [36m<p[39m
            [33maria-label[39m=[32m"Current cash balance"[39m
            [33mclass[39m=[32m"_balanceLabel_efa559"[39m
          [36m>[39m
            [0mCurrent Balance[0m
          [36m</p>[39m
          [36m<p[39m
            [33maria-label[39m=[32m"Current balance: $1,000.00"[39m
            [33mclass[39m=[32m"_balance_efa559"[39m
          [36m>[39m
            [0m$1,000.00[0m
          [36m</p>[39m
        [36m</div>[39m
        [36m<div[39m
          [33mclass[39m=[32m"_metricsSection_efa559"[39m
        [36m>[39m
          [36m<div[39m
            [33mclass[39m=[32m"_metric_efa559"[39m
          [36m>[39m
            [36m<span[39m
              [33mclass[39m=[32m"_metricLabel_efa559"[39m
            [36m>[39m
              [0mMonthly Expenses[0m
            [36m</span>[39m
            [36m<span[39m
              [33mclass[39m=[32m"_metricValue_efa559"[39m
            [36m>[39m
              [0m$0.01[0m
            [36m</span>[39m
          [36m</div>[39m
          [36m<div[39m
            [33mclass[39m=[32m"_metric_efa559"[39m
          [36m>[39m
            [36m<span[39m
              [33mclass[39m=[32m"_metricLabel_efa559"[39m
            [36m>[39m
              [0mMonths Covered[0m
            [36m</span>[39m
            [36m<span[39m
              [33mclass[39m=[32m"_metricValue_efa559"[39m
              [33mdata-testid[39m=[32m"months-covered"[39m
            [36m>[39m
              [0m100000.0[0m
              [0m months[0m
            [36m</span>[39m
          [36m</div>[39m
        [36m</div>[39m
        [36m<p[39m
          [33maria-label[39m=[32m"Encouragement message"[39m
          [33mclass[39m=[32m"_encouragement_efa559"[39m
          [33mrole[39m=[32m"status"[39m
        [36m>[39m
          [0mexcellent position[0m
        [36m</p>[39m
      [36m</div>[39m
    [36m</div>[39m
  [36m</div>[39m
[36m</body>[39m
 ❯ Object.getElementError node_modules/@testing-library/react/node_modules/@testing-library/dom/dist/config.js:37:19
 ❯ getElementError node_modules/@testing-library/react/node_modules/@testing-library/dom/dist/query-helpers.js:20:35
 ❯ getMultipleElementsFoundError node_modules/@testing-library/react/node_modules/@testing-library/dom/dist/query-helpers.js:23:10
 ❯ node_modules/@testing-library/react/node_modules/@testing-library/dom/dist/query-helpers.js:55:13
 ❯ node_modules/@testing-library/react/node_modules/@testing-library/dom/dist/query-helpers.js:95:19
 ❯ src/components/dashboard/CashPositionWidget.test.tsx:290:21
    288|
    289|       // Should show a very large number of months
    290|       expect(screen.getByText(/months/i)).toBeInTheDocument();
       |                     ^
    291|     });
    292|

⎯⎯⎯⎯⎯⎯⎯⎯⎯⎯⎯⎯⎯⎯⎯⎯⎯⎯⎯⎯[260/824]⎯

 FAIL  src/components/onboarding/BackupLocationSetup.test.tsx > BackupLocationSetup > Folder Selection Flow > should render initial state with proper messaging
TestingLibraryElementError: Unable to find an element with the text: /Why do I need this?/i. This could be because the text is broken up by multiple elements. In this case, you can provide a function for your text matcher to make your matcher more flexible.

Ignored nodes: comments, script, style
[36m<body>[39m
  [36m<div>[39m
    [36m<div[39m
      [33mclass[39m=[32m"_card_652a3f _bordered_652a3f _padding-md_652a3f _container_93db59"[39m
    [36m>[39m
      [36m<div[39m
        [33mclass[39m=[32m"_body_652a3f"[39m
      [36m>[39m
        [36m<div[39m
          [33mclass[39m=[32m"_content_93db59"[39m
        [36m>[39m
          [36m<div[39m
            [33maria-hidden[39m=[32m"true"[39m
            [33mclass[39m=[32m"_icon_93db59"[39m
          [36m>[39m
            [0m🔐[0m
          [36m</div>[39m
          [36m<h2[39m
            [33mclass[39m=[32m"_title_93db59"[39m
          [36m>[39m
            [0mLet's Keep Your Data Safe[0m
          [36m</h2>[39m
          [36m<p[39m
            [33mclass[39m=[32m"_description_93db59"[39m
          [36m>[39m
            [0mChoose where you'd like us to save automatic backups on your computer. This happens behind the scenes - you won't have to think about it again.[0m
          [36m</p>[39m
          [36m<div[39m
            [33mclass[39m=[32m"_features_93db59"[39m
          [36m>[39m
            [36m<div[39m
              [33mclass[39m=[32m"_feature_93db59"[39m
            [36m>[39m
              [36m<span[39m
                [33maria-hidden[39m=[32m"true"[39m
                [33mclass[39m=[32m"_featureIcon_93db59"[39m
              [36m>[39m
                [0m🔒[0m
              [36m</span>[39m
              [36m<span[39m
                [33mclass[39m=[32m"_featureText_93db59"[39m
              [36m>[39m
                [0mZero-knowledge encryption (we can never see your data)[0m
              [36m</span>[39m
            [36m</div>[39m
            [36m<div[39m
              [33mclass[39m=[32m"_feature_93db59"[39m
            [36m>[39m
              [36m<span[39m
                [33maria-hidden[39m=[32m"true"[39m
                [33mclass[39m=[32m"_featureIcon_93db59"[39m
              [36m>[39m
                [0m⚡[0m
              [36m</span>[39m
              [36m<span[39m
                [33mclass[39m=[32m"_featureText_93db59"[39m
              [36m>[39m
                [0mAutomatic and invisible[0m
              [36m</span>[39m
            [36m</div>[39m
            [36m<div[39m
              [33mclass[39m=[32m"_feature_93db59"[39m
            [36m>[39m
              [36m<span[39m
                [33maria-hidden[39m=[32m"true"[39m
                [33mclass[39m=[32m"_featureIcon_93db59"[39m
              [36m>[39m
                [0m👀[0m
              [36m</span>[39m
              [36m<span[39m
                [33mclass[39m=[32m"_featureText_93db59"[39m
              [36m>[39m
                [0mYou're always in control[0m
              [36m</span>[39m
            [36m</div>[39m
          [36m</div>[39m
          [36m<div[39m
            [33mclass[39m=[32m"_tipBox_93db59"[39m
          [36m>[39m
            [36m<div[39m
              [33mclass[39m=[32m"_tipHeader_93db59"[39m
            [36m>[39m
              [36m<span[39m
                [33maria-hidden[39m=[32m"true"[39m
                [33mclass[39m=[32m"_tipIcon_93db59"[39m
              [36m>[39m
                [0m💡[0m
              [36m</span>[39m
              [36m<strong>[39m
                [0mPro Tip:[0m
              [36m</strong>[39m
            [36m</div>[39m
            [36m<p[39m
              [33mclass[39m=[32m"_tipText_93db59"[39m
            [36m>[39m
              [0mCreate a NEW FOLDER specifically for backups. The folder picker will ask you to create one. Name it something like "Audacious Backups" and save it somewhere easy to find (like your Documents folder).[0m
            [36m</p>[39m
            [36m<p[39m
              [33mclass[39m=[32m"_tipWarning_93db59"[39m
            [36m>[39m
              [0m⚠️ [0m
              [36m<strong>[39m
                [0mAvoid:[0m
              [36m</strong>[39m
              [0m Desktop, Downloads, or system folders - these can cause permission errors.[0m
            [36m</p>[39m
          [36m</div>[39m
        [36m</div>[39m
      [36m</div>[39m
      [36m<div[39m
        [33mclass[39m=[32m"_footer_652a3f"[39m
      [36m>[39m
        [36m<div[39m
          [33mclass[39m=[32m"_actions_93db59"[39m
        [36m>[39m
          [36m<button[39m
            [33maria-busy[39m=[32m"false"[39m
            [33maria-disabled[39m=[32m"false"[39m
            [33mclass[39m=[32m"_button_c9c6cf _ghost_c9c6cf _md_c9c6cf"[39m
            [33mtype[39m=[32m"button"[39m
          [36m>[39m
            [36m<span[39m
              [33mclass[39m=[32m"_content_c9c6cf"[39m
            [36m>[39m
              [0mI'll do this later[0m
            [36m</span>[39m
          [36m</button>[39m
          [36m<button[39m
            [33maria-busy[39m=[32m"false"[39m
            [33maria-disabled[39m=[32m"false"[39m
            [33mclass[39m=[32m"_button_c9c6cf _primary_c9c6cf _md_c9c6cf"[39m
            [33mstyle[39m=[32m"background-color: rgb(124, 58, 237); border-color: rgb(124, 58, 237);"[39m
            [33mtype[39m=[32m"button"[39m
          [36m>[39m
            [36m<span[39m
              [33mclass[39m=[32m"_content_c9c6cf"[39m
            [36m>[39m
              [0mChoose Backup Location[0m
            [36m</span>[39m
          [36m</button>[39m
        [36m</div>[39m
      [36m</div>[39m
    [36m</div>[39m
  [36m</div>[39m
[36m</body>[39m
 ❯ Object.getElementError node_modules/@testing-library/react/node_modules/@testing-library/dom/dist/config.js:37:19
 ❯ node_modules/@testing-library/react/node_modules/@testing-library/dom/dist/query-helpers.js:76:38
 ❯ node_modules/@testing-library/react/node_modules/@testing-library/dom/dist/query-helpers.js:52:17
 ❯ node_modules/@testing-library/react/node_modules/@testing-library/dom/dist/query-helpers.js:95:19
 ❯ src/components/onboarding/BackupLocationSetup.test.tsx:88:21
     86|
     87|       // Check for "Why do I need this?" educational content
     88|       expect(screen.getByText(/Why do I need this?/i)).toBeInTheDocume…
       |                     ^
     89|
     90|       // Check for features display

⎯⎯⎯⎯⎯⎯⎯⎯⎯⎯⎯⎯⎯⎯⎯⎯⎯⎯⎯⎯[261/824]⎯

 FAIL  src/components/onboarding/BackupLocationSetup.test.tsx > BackupLocationSetup > Folder Selection Flow > should call onComplete with directory path when folder is chosen
AssertionError: expected "vi.fn()" to be called with arguments: [ 'AudaciousBackups' ]

Number of calls: 0


Ignored nodes: comments, script, style
[36m<html>[39m
  [36m<head />[39m
  [36m<body>[39m
    [36m<div>[39m
      [36m<div[39m
        [33mclass[39m=[32m"_card_652a3f _bordered_652a3f _padding-md_652a3f _container_93db59"[39m
      [36m>[39m
        [36m<div[39m
          [33mclass[39m=[32m"_body_652a3f"[39m
        [36m>[39m
          [36m<div[39m
            [33mclass[39m=[32m"_content_93db59"[39m
          [36m>[39m
            [36m<div[39m
              [33maria-hidden[39m=[32m"true"[39m
              [33mclass[39m=[32m"_icon_93db59"[39m
            [36m>[39m
              [0m🔐[0m
            [36m</div>[39m
            [36m<h2[39m
              [33mclass[39m=[32m"_title_93db59"[39m
            [36m>[39m
              [0mLet's Keep Your Data Safe[0m
            [36m</h2>[39m
            [36m<p[39m
              [33mclass[39m=[32m"_description_93db59"[39m
            [36m>[39m
              [0mChoose where you'd like us to save automatic backups on your computer. This happens behind the scenes - you won't have to think about it again.[0m
            [36m</p>[39m
            [36m<div[39m
              [33mclass[39m=[32m"_features_93db59"[39m
            [36m>[39m
              [36m<div[39m
                [33mclass[39m=[32m"_feature_93db59"[39m
              [36m>[39m
                [36m<span[39m
                  [33maria-hidden[39m=[32m"true"[39m
                  [33mclass[39m=[32m"_featureIcon_93db59"[39m
                [36m>[39m
                  [0m🔒[0m
                [36m</span>[39m
                [36m<span[39m
                  [33mclass[39m=[32m"_featureText_93db59"[39m
                [36m>[39m
                  [0mZero-knowledge encryption (we can never see your data)[0m
                [36m</span>[39m
              [36m</div>[39m
              [36m<div[39m
                [33mclass[39m=[32m"_feature_93db59"[39m
              [36m>[39m
                [36m<span[39m
                  [33maria-hidden[39m=[32m"true"[39m
                  [33mclass[39m=[32m"_featureIcon_93db59"[39m
                [36m>[39m
                  [0m⚡[0m
                [36m</span>[39m
                [36m<span[39m
                  [33mclass[39m=[32m"_featureText_93db59"[39m
                [36m>[39m
                  [0mAutomatic and invisible[0m
                [36m</span>[39m
              [36m</div>[39m
              [36m<div[39m
                [33mclass[39m=[32m"_feature_93db59"[39m
              [36m>[39m
                [36m<span[39m
                  [33maria-hidden[39m=[32m"true"[39m
                  [33mclass[39m=[32m"_featureIcon_93db59"[39m
                [36m>[39m
                  [0m👀[0m
                [36m</span>[39m
                [36m<span[39m
                  [33mclass[39m=[32m"_featureText_93db59"[39m
                [36m>[39m
                  [0mYou're always in control[0m
                [36m</span>[39m
              [36m</div>[39m
            [36m</div>[39m
            [36m<div[39m
              [33mclass[39m=[32m"_tipBox_93db59"[39m
            [36m>[39m
              [36m<div[39m
                [33mclass[39m=[32m"_tipHeader_93db59"[39m
              [36m>[39m
                [36m<span[39m
                  [33maria-hidden[39m=[32m"true"[39m
                  [33mclass[39m=[32m"_tipIcon_93db59"[39m
                [36m>[39m
                  [0m💡[0m
                [36m</span>[39m
                [36m<strong>[39m
                  [0mPro Tip:[0m
                [36m</strong>[39m
              [36m</div>[39m
              [36m<p[39m
                [33mclass[39m=[32m"_tipText_93db59"[39m
              [36m>[39m
                [0mCreate a NEW FOLDER specifically for backups. The folder picker will ask you to create one. Name it something like "Audacious Backups" and save it somewhere easy to find (like your Documents folder).[0m
              [36m</p>[39m
              [36m<p[39m
                [33mclass[39m=[32m"_tipWarning_93db59"[39m
              [36m>[39m
                [0m⚠️ [0m
                [36m<strong>[39m
                  [0mAvoid:[0m
                [36m</strong>[39m
                [0m Desktop, Downloads, or system folders - these can cause permission errors.[0m
              [36m</p>[39m
            [36m</div>[39m
            [36m<div[39m
              [33maria-live[39m=[32m"polite"[39m
              [33mclass[39m=[32m"_errorBox_93db59"[39m
              [33mrole[39m=[32m"alert"[39m
            [36m>[39m
              [36m<p[39m
                [33mclass[39m=[32m"_errorText_93db59"[39m
                [33mstyle[39m=[32m"white-space: pre-line;"[39m
              [36m>[39m
                [0m⚠️ Can't use this folder - it contains system files.

Please create a NEW FOLDER specifically for backups:
1. Click 'Choose Location' again
2. Right-click → 'New Folder'
3. Name it something like 'Audacious Backups'
4. Select that new folder[0m
              [36m</p>[39m
            [36m</div>[39m
          [36m</div>[39m
        [36m</div>[39m
        [36m<div[39m
          [33mclass[39m=[32m"_footer_652a3f"[39m
        [36m>[39m
          [36m<div[39m
            [33mclass[39m=[32m"_actions_93db59"[39m
          [36m>[39m
            [36m<button[39m
              [33maria-busy[39m=[32m"false"[39m
              [33maria-disabled[39m=[32m"false"[39m
              [33mclass[39m=[32m"_button_c9c6cf _ghost_c9c6cf _md_c9c6cf"[39m
              [33mtype[39m=[32m"button"[39m
            [36m>[39m
              [36m<span[39m
                [33mclass[39m=[32m"_content_c9c6cf"[39m
              [36m>[39m
                [0mI'll do this later[0m
              [36m</span>[39m
            [36m</button>[39m
            [36m<button[39m
              [33maria-busy[39m=[32m"false"[39m
              [33maria-disabled[39m=[32m"false"[39m
              [33mclass[39m=[32m"_button_c9c6cf _primary_c9c6cf _md_c9c6cf"[39m
              [33mstyle[39m=[32m"background-color: rgb(124, 58, 237); border-color: rgb(124, 58, 237);"[39m
              [33mtype[39m=[32m"button"[39m
            [36m>[39m
              [36m<span[39m
                [33mclass[39m=[32m"_content_c9c6cf"[39m
              [36m>[39m
                [0mChoose Backup Location[0m
              [36m</span>[39m
            [36m</button>[39m
          [36m</div>[39m
        [36m</div>[39m
      [36m</div>[39m
    [36m</div>[39m
  [36m</body>[39m
[36m</html>[39m...
 ❯ src/components/onboarding/BackupLocationSetup.test.tsx:110:28
    108|
    109|       await waitFor(() => {
    110|         expect(onComplete).toHaveBeenCalledWith('AudaciousBackups')
       |                            ^
    111|       })
    112|     })
 ❯ runWithExpensiveErrorDiagnosticsDisabled node_modules/@testing-library/react/node_modules/@testing-library/dom/dist/config.js:47:12
 ❯ checkCallback node_modules/@testing-library/react/node_modules/@testing-library/dom/dist/wait-for.js:124:77
 ❯ Timeout.checkRealTimersCallback node_modules/@testing-library/react/node_modules/@testing-library/dom/dist/wait-for.js:118:16

⎯⎯⎯⎯⎯⎯⎯⎯⎯⎯⎯⎯⎯⎯⎯⎯⎯⎯⎯⎯[262/824]⎯

 FAIL  src/components/onboarding/BackupLocationSetup.test.tsx > BackupLocationSetup > Folder Selection Flow > should show success state after folder is selected
TestingLibraryElementError: Unable to find an element with the text: /All Set!/i. This could be because the text is broken up by multiple elements. In this case, you can provide a function for your text matcher to make your matcher more flexible.

Ignored nodes: comments, script, style
[36m<body>[39m
  [36m<div>[39m
    [36m<div[39m
      [33mclass[39m=[32m"_card_652a3f _bordered_652a3f _padding-md_652a3f _container_93db59"[39m
    [36m>[39m
      [36m<div[39m
        [33mclass[39m=[32m"_body_652a3f"[39m
      [36m>[39m
        [36m<div[39m
          [33mclass[39m=[32m"_content_93db59"[39m
        [36m>[39m
          [36m<div[39m
            [33maria-hidden[39m=[32m"true"[39m
            [33mclass[39m=[32m"_icon_93db59"[39m
          [36m>[39m
            [0m🔐[0m
          [36m</div>[39m
          [36m<h2[39m
            [33mclass[39m=[32m"_title_93db59"[39m
          [36m>[39m
            [0mLet's Keep Your Data Safe[0m
          [36m</h2>[39m
          [36m<p[39m
            [33mclass[39m=[32m"_description_93db59"[39m
          [36m>[39m
            [0mChoose where you'd like us to save automatic backups on your computer. This happens behind the scenes - you won't have to think about it again.[0m
          [36m</p>[39m
          [36m<div[39m
            [33mclass[39m=[32m"_features_93db59"[39m
          [36m>[39m
            [36m<div[39m
              [33mclass[39m=[32m"_feature_93db59"[39m
            [36m>[39m
              [36m<span[39m
                [33maria-hidden[39m=[32m"true"[39m
                [33mclass[39m=[32m"_featureIcon_93db59"[39m
              [36m>[39m
                [0m🔒[0m
              [36m</span>[39m
              [36m<span[39m
                [33mclass[39m=[32m"_featureText_93db59"[39m
              [36m>[39m
                [0mZero-knowledge encryption (we can never see your data)[0m
              [36m</span>[39m
            [36m</div>[39m
            [36m<div[39m
              [33mclass[39m=[32m"_feature_93db59"[39m
            [36m>[39m
              [36m<span[39m
                [33maria-hidden[39m=[32m"true"[39m
                [33mclass[39m=[32m"_featureIcon_93db59"[39m
              [36m>[39m
                [0m⚡[0m
              [36m</span>[39m
              [36m<span[39m
                [33mclass[39m=[32m"_featureText_93db59"[39m
              [36m>[39m
                [0mAutomatic and invisible[0m
              [36m</span>[39m
            [36m</div>[39m
            [36m<div[39m
              [33mclass[39m=[32m"_feature_93db59"[39m
            [36m>[39m
              [36m<span[39m
                [33maria-hidden[39m=[32m"true"[39m
                [33mclass[39m=[32m"_featureIcon_93db59"[39m
              [36m>[39m
                [0m👀[0m
              [36m</span>[39m
              [36m<span[39m
                [33mclass[39m=[32m"_featureText_93db59"[39m
              [36m>[39m
                [0mYou're always in control[0m
              [36m</span>[39m
            [36m</div>[39m
          [36m</div>[39m
          [36m<div[39m
            [33mclass[39m=[32m"_tipBox_93db59"[39m
          [36m>[39m
            [36m<div[39m
              [33mclass[39m=[32m"_tipHeader_93db59"[39m
            [36m>[39m
              [36m<span[39m
                [33maria-hidden[39m=[32m"true"[39m
                [33mclass[39m=[32m"_tipIcon_93db59"[39m
              [36m>[39m
                [0m💡[0m
              [36m</span>[39m
              [36m<strong>[39m
                [0mPro Tip:[0m
              [36m</strong>[39m
            [36m</div>[39m
            [36m<p[39m
              [33mclass[39m=[32m"_tipText_93db59"[39m
            [36m>[39m
              [0mCreate a NEW FOLDER specifically for backups. The folder picker will ask you to create one. Name it something like "Audacious Backups" and save it somewhere easy to find (like your Documents folder).[0m
            [36m</p>[39m
            [36m<p[39m
              [33mclass[39m=[32m"_tipWarning_93db59"[39m
            [36m>[39m
              [0m⚠️ [0m
              [36m<strong>[39m
                [0mAvoid:[0m
              [36m</strong>[39m
              [0m Desktop, Downloads, or system folders - these can cause permission errors.[0m
            [36m</p>[39m
          [36m</div>[39m
          [36m<div[39m
            [33maria-live[39m=[32m"polite"[39m
            [33mclass[39m=[32m"_errorBox_93db59"[39m
            [33mrole[39m=[32m"alert"[39m
          [36m>[39m
            [36m<p[39m
              [33mclass[39m=[32m"_errorText_93db59"[39m
              [33mstyle[39m=[32m"white-space: pre-line;"[39m
            [36m>[39m
              [0m⚠️ Can't use this folder - it contains system files.

Please create a NEW FOLDER specifically for backups:
1. Click 'Choose Location' again
2. Right-click → 'New Folder'
3. Name it something like 'Audacious Backups'
4. Select that new folder[0m
            [36m</p>[39m
          [36m</div>[39m
        [36m</div>[39m
      [36m</div>[39m
      [36m<div[39m
        [33mclass[39m=[32m"_footer_652a3f"[39m
      [36m>[39m
        [36m<div[39m
          [33mclass[39m=[32m"_actions_93db59"[39m
        [36m>[39m
          [36m<button[39m
            [33maria-busy[39m=[32m"false"[39m
            [33maria-disabled[39m=[32m"false"[39m
            [33mclass[39m=[32m"_button_c9c6cf _ghost_c9c6cf _md_c9c6cf"[39m
            [33mtype[39m=[32m"button"[39m
          [36m>[39m
            [36m<span[39m
              [33mclass[39m=[32m"_content_c9c6cf"[39m
            [36m>[39m
              [0mI'll do this later[0m
            [36m</span>[39m
          [36m</button>[39m
          [36m<button[39m
            [33maria-busy[39m=[32m"false"[39m
            [33maria-disabled[39m=[32m"false"[39m
            [33mclass[39m=[32m"_button_c9c6cf _primary_c9c6cf _md_c9c6cf"[39m
            [33mstyle[39m=[32m"background-color: rgb(124, 58, 237); border-color: rgb(124, 58, 237);"[39m
            [33mtype[39m=[32m"button"[39m
          [36m>[39m
            [36m<span[39m
              [33mclass[39m=[32m"_content_c9c6cf"[39m
            [36m>[39m
              [0mChoose Backup Location[0m
            [36m</span>[39m
          [36m</button>[39m
        [36m</div>[39m
      [36m</div>[39m
    [36m</div>[39m
  [36m</div>[39m
[36m</body>[39m

Ignored nodes: comments, script, style
[36m<html>[39m
  [36m<head />[39m
  [36m<body>[39m
    [36m<div>[39m
      [36m<div[39m
        [33mclass[39m=[32m"_card_652a3f _bordered_652a3f _padding-md_652a3f _container_93db59"[39m
      [36m>[39m
        [36m<div[39m
          [33mclass[39m=[32m"_body_652a3f"[39m
        [36m>[39m
          [36m<div[39m
            [33mclass[39m=[32m"_content_93db59"[39m
          [36m>[39m
            [36m<div[39m
              [33maria-hidden[39m=[32m"true"[39m
              [33mclass[39m=[32m"_icon_93db59"[39m
            [36m>[39m
              [0m🔐[0m
            [36m</div>[39m
            [36m<h2[39m
              [33mclass[39m=[32m"_title_93db59"[39m
            [36m>[39m
              [0mLet's Keep Your Data Safe[0m
            [36m</h2>[39m
            [36m<p[39m
              [33mclass[39m=[32m"_description_93db59"[39m
            [36m>[39m
              [0mChoose where you'd like us to save automatic backups on your computer. This happens behind the scenes - you won't have to think about it again.[0m
            [36m</p>[39m
            [36m<div[39m
              [33mclass[39m=[32m"_features_93db59"[39m
            [36m>[39m
              [36m<div[39m
                [33mclass[39m=[32m"_feature_93db59"[39m
              [36m>[39m
                [36m<span[39m
                  [33maria-hidden[39m=[32m"true"[39m
                  [33mclass[39m=[32m"_featureIcon_93db59"[39m
                [36m>[39m
                  [0m🔒[0m
                [36m</span>[39m
                [36m<span[39m
                  [33mclass[39m=[32m"_featureText_93db59"[39m
                [36m>[39m
                  [0mZero-knowledge encryption (we can never see your data)[0m
                [36m</span>[39m
              [36m</div>[39m
              [36m<div[39m
                [33mclass[39m=[32m"_feature_93db59"[39m
              [36m>[39m
                [36m<span[39m
                  [33maria-hidden[39m=[32m"true"[39m
                  [33mclass[39m=[32m"_featureIcon_93db59"[39m
                [36m>[39m
                  [0m⚡[0m
                [36m</span>[39m
                [36m<span[39m
                  [33mclass[39m=[32m"_featureText_93db59"[39m
                [36m>[39m
                  [0mAutomatic and invisible[0m
                [36m</span>[39m
              [36m</div>[39m
              [36m<div[39m
                [33mclass[39m=[32m"_feature_93db59"[39m
              [36m>[39m
                [36m<span[39m
                  [33maria-hidden[39m=[32m"true"[39m
                  [33mclass[39m=[32m"_featureIcon_93db59"[39m
                [36m>[39m
                  [0m👀[0m
                [36m</span>[39m
                [36m<span[39m
                  [33mclass[39m=[32m"_featureText_93db59"[39m
                [36m>[39m
                  [0mYou're always in control[0m
                [36m</span>[39m
              [36m</div>[39m
            [36m</div>[39m
            [36m<div[39m
              [33mclass[39m=[32m"_tipBox_93db59"[39m
            [36m>[39m
              [36m<div[39m
                [33mclass[39m=[32m"_tipHeader_93db59"[39m
              [36m>[39m
                [36m<span[39m
                  [33maria-hidden[39m=[32m"true"[39m
                  [33mclass[39m=[32m"_tipIcon_93db59"[39m
                [36m>[39m
                  [0m💡[0m
                [36m</span>[39m
                [36m<strong>[39m
                  [0mPro Tip:[0m
                [36m</strong>[39m
              [36m</div>[39m
              [36m<p[39m
                [33mclass[39m=[32m"_tipText_93db59"[39m
              [36m>[39m
                [0mCreate a NEW FOLDER specifically for backups. The folder picker will ask you to create one. Name it something like "Audacious Backups" and save it somewhere easy to find (like your Documents folder).[0m
              [36m</p>[39m
              [36m<p[39m
                [33mclass[39m=[32m"_tipWarning_93db59"[39m
              [36m>[39m
                [0m⚠️ [0m
                [36m<strong>[39m
                  [0mAvoid:[0m
                [36m</strong>[39m
                [0m Desktop, Downloads, or system folders - these can cause permission errors.[0m
              [36m</p>[39m
            [36m</div>[39m
            [36m<div[39m
              [33maria-live[39m=[32m"polite"[39m
              [33mclass[39m=[32m"_errorBox_93db59"[39m
              [33mrole[39m=[32m"alert"[39m
            [36m>[39m
              [36m<p[39m
                [33mclass[39m=[32m"_errorText_93db59"[39m
                [33mstyle[39m=[32m"white-space: pre-line;"[39m
              [36m>[39m
                [0m⚠️ Can't use this folder - it contains system files.

Please create a NEW FOLDER specifically for backups:
1. Click 'Choose Location' again
2. Right-click → 'New Folder'
3. Name it something like 'Audacious Backups'
4. Select that new folder[0m
              [36m</p>[39m
            [36m</div>[39m
          [36m</div>[39m
        [36m</div>[39m
        [36m<div[39m
          [33mclass[39m=[32m"_footer_652a3f"[39m
        [36m>[39m
          [36m<div[39m
            [33mclass[39m=[32m"_actions_93db59"[39m
          [36m>[39m
            [36m<button[39m
              [33maria-busy[39m=[32m"false"[39m
              [33maria-disabled[39m=[32m"false"[39m
              [33mclass[39m=[32m"_button_c9c6cf _ghost_c9c6cf _md_c9c6cf"[39m
              [33mtype[39m=[32m"button"[39m
            [36m>[39m
              [36m<span[39m
                [33mclass[39m=[32m"_content_c9c6cf"[39m
              [36m>[39m
                [0mI'll do this later[0m
              [36m</span>[39m
            [36m</button>[39m
            [36m<button[39m
              [33maria-busy[39m=[32m"false"[39m
              [33maria-disabled[39m=[32m"false"[39m
              [33mclass[39m=[32m"_button_c9c6cf _primary_c9c6cf _md_c9c6cf"[39m
              [33mstyle[39m=[32m"background-color: rgb(124, 58, 237); border-color: rgb(124, 58, 237);"[39m
              [33mtype[39m=[32m"button"[39m
            [36m>[39m
              [36m<span[39m
                [33mclass[39m=[32m"_content_c9c6cf"[39m
              [36m>[39m
                [0mChoose Backup Location[0m
              [36m</span>[39m
            [36m</button>[39m
          [36m</div>[39m
        [36m</div>[39m
      [36m</div>[39m
    [36m</div>[39m
  [36m</body>[39m
[36m</html>[39m...
 ❯ waitForWrapper node_modules/@testing-library/react/node_modules/@testing-library/dom/dist/wait-for.js:163:27
 ❯ src/components/onboarding/BackupLocationSetup.test.tsx:125:13
    123|       await user.click(chooseButton)
    124|
    125|       await waitFor(() => {
       |             ^
    126|         expect(screen.getByText(/All Set!/i)).toBeInTheDocument()
    127|         expect(screen.getByText(/Backups saving to:/i)).toBeInTheDocum…

⎯⎯⎯⎯⎯⎯⎯⎯⎯⎯⎯⎯⎯⎯⎯⎯⎯⎯⎯⎯[263/824]⎯

 FAIL  src/components/onboarding/BackupLocationSetup.test.tsx > BackupLocationSetup > Success State > should show continue button in onboarding mode
TestingLibraryElementError: Unable to find role="button" and name `/Continue/i`

Ignored nodes: comments, script, style
[36m<body>[39m
  [36m<div>[39m
    [36m<div[39m
      [33mclass[39m=[32m"_card_652a3f _bordered_652a3f _padding-md_652a3f _container_93db59"[39m
    [36m>[39m
      [36m<div[39m
        [33mclass[39m=[32m"_body_652a3f"[39m
      [36m>[39m
        [36m<div[39m
          [33mclass[39m=[32m"_content_93db59"[39m
        [36m>[39m
          [36m<div[39m
            [33maria-hidden[39m=[32m"true"[39m
            [33mclass[39m=[32m"_icon_93db59"[39m
          [36m>[39m
            [0m🔐[0m
          [36m</div>[39m
          [36m<h2[39m
            [33mclass[39m=[32m"_title_93db59"[39m
          [36m>[39m
            [0mLet's Keep Your Data Safe[0m
          [36m</h2>[39m
          [36m<p[39m
            [33mclass[39m=[32m"_description_93db59"[39m
          [36m>[39m
            [0mChoose where you'd like us to save automatic backups on your computer. This happens behind the scenes - you won't have to think about it again.[0m
          [36m</p>[39m
          [36m<div[39m
            [33mclass[39m=[32m"_features_93db59"[39m
          [36m>[39m
            [36m<div[39m
              [33mclass[39m=[32m"_feature_93db59"[39m
            [36m>[39m
              [36m<span[39m
                [33maria-hidden[39m=[32m"true"[39m
                [33mclass[39m=[32m"_featureIcon_93db59"[39m
              [36m>[39m
                [0m🔒[0m
              [36m</span>[39m
              [36m<span[39m
                [33mclass[39m=[32m"_featureText_93db59"[39m
              [36m>[39m
                [0mZero-knowledge encryption (we can never see your data)[0m
              [36m</span>[39m
            [36m</div>[39m
            [36m<div[39m
              [33mclass[39m=[32m"_feature_93db59"[39m
            [36m>[39m
              [36m<span[39m
                [33maria-hidden[39m=[32m"true"[39m
                [33mclass[39m=[32m"_featureIcon_93db59"[39m
              [36m>[39m
                [0m⚡[0m
              [36m</span>[39m
              [36m<span[39m
                [33mclass[39m=[32m"_featureText_93db59"[39m
              [36m>[39m
                [0mAutomatic and invisible[0m
              [36m</span>[39m
            [36m</div>[39m
            [36m<div[39m
              [33mclass[39m=[32m"_feature_93db59"[39m
            [36m>[39m
              [36m<span[39m
                [33maria-hidden[39m=[32m"true"[39m
                [33mclass[39m=[32m"_featureIcon_93db59"[39m
              [36m>[39m
                [0m👀[0m
              [36m</span>[39m
              [36m<span[39m
                [33mclass[39m=[32m"_featureText_93db59"[39m
              [36m>[39m
                [0mYou're always in control[0m
              [36m</span>[39m
            [36m</div>[39m
          [36m</div>[39m
          [36m<div[39m
            [33mclass[39m=[32m"_tipBox_93db59"[39m
          [36m>[39m
            [36m<div[39m
              [33mclass[39m=[32m"_tipHeader_93db59"[39m
            [36m>[39m
              [36m<span[39m
                [33maria-hidden[39m=[32m"true"[39m
                [33mclass[39m=[32m"_tipIcon_93db59"[39m
              [36m>[39m
                [0m💡[0m
              [36m</span>[39m
              [36m<strong>[39m
                [0mPro Tip:[0m
              [36m</strong>[39m
            [36m</div>[39m
            [36m<p[39m
              [33mclass[39m=[32m"_tipText_93db59"[39m
            [36m>[39m
              [0mCreate a NEW FOLDER specifically for backups. The folder picker will ask you to create one. Name it something like "Audacious Backups" and save it somewhere easy to find (like your Documents folder).[0m
            [36m</p>[39m
            [36m<p[39m
              [33mclass[39m=[32m"_tipWarning_93db59"[39m
            [36m>[39m
              [0m⚠️ [0m
              [36m<strong>[39m
                [0mAvoid:[0m
              [36m</strong>[39m
              [0m Desktop, Downloads, or system folders - these can cause permission errors.[0m
            [36m</p>[39m
          [36m</div>[39m
          [36m<div[39m
            [33maria-live[39m=[32m"polite"[39m
            [33mclass[39m=[32m"_errorBox_93db59"[39m
            [33mrole[39m=[32m"alert"[39m
          [36m>[39m
            [36m<p[39m
              [33mclass[39m=[32m"_errorText_93db59"[39m
              [33mstyle[39m=[32m"white-space: pre-line;"[39m
            [36m>[39m
              [0m⚠️ Can't use this folder - it contains system files.

Please create a NEW FOLDER specifically for backups:
1. Click 'Choose Location' again
2. Right-click → 'New Folder'
3. Name it something like 'Audacious Backups'
4. Select that new folder[0m
            [36m</p>[39m
          [36m</div>[39m
        [36m</div>[39m
      [36m</div>[39m
      [36m<div[39m
        [33mclass[39m=[32m"_footer_652a3f"[39m
      [36m>[39m
        [36m<div[39m
          [33mclass[39m=[32m"_actions_93db59"[39m
        [36m>[39m
          [36m<button[39m
            [33maria-busy[39m=[32m"false"[39m
            [33maria-disabled[39m=[32m"false"[39m
            [33mclass[39m=[32m"_button_c9c6cf _ghost_c9c6cf _md_c9c6cf"[39m
            [33mtype[39m=[32m"button"[39m
          [36m>[39m
            [36m<span[39m
              [33mclass[39m=[32m"_content_c9c6cf"[39m
            [36m>[39m
              [0mI'll do this later[0m
            [36m</span>[39m
          [36m</button>[39m
          [36m<button[39m
            [33maria-busy[39m=[32m"false"[39m
            [33maria-disabled[39m=[32m"false"[39m
            [33mclass[39m=[32m"_button_c9c6cf _primary_c9c6cf _md_c9c6cf"[39m
            [33mstyle[39m=[32m"background-color: rgb(124, 58, 237); border-color: rgb(124, 58, 237);"[39m
            [33mtype[39m=[32m"button"[39m
          [36m>[39m
            [36m<span[39m
              [33mclass[39m=[32m"_content_c9c6cf"[39m
            [36m>[39m
              [0mChoose Backup Location[0m
            [36m</span>[39m
          [36m</button>[39m
        [36m</div>[39m
      [36m</div>[39m
    [36m</div>[39m
  [36m</div>[39m
[36m</body>[39m

Ignored nodes: comments, script, style
[36m<html>[39m
  [36m<head />[39m
  [36m<body>[39m
    [36m<div>[39m
      [36m<div[39m
        [33mclass[39m=[32m"_card_652a3f _bordered_652a3f _padding-md_652a3f _container_93db59"[39m
      [36m>[39m
        [36m<div[39m
          [33mclass[39m=[32m"_body_652a3f"[39m
        [36m>[39m
          [36m<div[39m
            [33mclass[39m=[32m"_content_93db59"[39m
          [36m>[39m
            [36m<div[39m
              [33maria-hidden[39m=[32m"true"[39m
              [33mclass[39m=[32m"_icon_93db59"[39m
            [36m>[39m
              [0m🔐[0m
            [36m</div>[39m
            [36m<h2[39m
              [33mclass[39m=[32m"_title_93db59"[39m
            [36m>[39m
              [0mLet's Keep Your Data Safe[0m
            [36m</h2>[39m
            [36m<p[39m
              [33mclass[39m=[32m"_description_93db59"[39m
            [36m>[39m
              [0mChoose where you'd like us to save automatic backups on your computer. This happens behind the scenes - you won't have to think about it again.[0m
            [36m</p>[39m
            [36m<div[39m
              [33mclass[39m=[32m"_features_93db59"[39m
            [36m>[39m
              [36m<div[39m
                [33mclass[39m=[32m"_feature_93db59"[39m
              [36m>[39m
                [36m<span[39m
                  [33maria-hidden[39m=[32m"true"[39m
                  [33mclass[39m=[32m"_featureIcon_93db59"[39m
                [36m>[39m
                  [0m🔒[0m
                [36m</span>[39m
                [36m<span[39m
                  [33mclass[39m=[32m"_featureText_93db59"[39m
                [36m>[39m
                  [0mZero-knowledge encryption (we can never see your data)[0m
                [36m</span>[39m
              [36m</div>[39m
              [36m<div[39m
                [33mclass[39m=[32m"_feature_93db59"[39m
              [36m>[39m
                [36m<span[39m
                  [33maria-hidden[39m=[32m"true"[39m
                  [33mclass[39m=[32m"_featureIcon_93db59"[39m
                [36m>[39m
                  [0m⚡[0m
                [36m</span>[39m
                [36m<span[39m
                  [33mclass[39m=[32m"_featureText_93db59"[39m
                [36m>[39m
                  [0mAutomatic and invisible[0m
                [36m</span>[39m
              [36m</div>[39m
              [36m<div[39m
                [33mclass[39m=[32m"_feature_93db59"[39m
              [36m>[39m
                [36m<span[39m
                  [33maria-hidden[39m=[32m"true"[39m
                  [33mclass[39m=[32m"_featureIcon_93db59"[39m
                [36m>[39m
                  [0m👀[0m
                [36m</span>[39m
                [36m<span[39m
                  [33mclass[39m=[32m"_featureText_93db59"[39m
                [36m>[39m
                  [0mYou're always in control[0m
                [36m</span>[39m
              [36m</div>[39m
            [36m</div>[39m
            [36m<div[39m
              [33mclass[39m=[32m"_tipBox_93db59"[39m
            [36m>[39m
              [36m<div[39m
                [33mclass[39m=[32m"_tipHeader_93db59"[39m
              [36m>[39m
                [36m<span[39m
                  [33maria-hidden[39m=[32m"true"[39m
                  [33mclass[39m=[32m"_tipIcon_93db59"[39m
                [36m>[39m
                  [0m💡[0m
                [36m</span>[39m
                [36m<strong>[39m
                  [0mPro Tip:[0m
                [36m</strong>[39m
              [36m</div>[39m
              [36m<p[39m
                [33mclass[39m=[32m"_tipText_93db59"[39m
              [36m>[39m
                [0mCreate a NEW FOLDER specifically for backups. The folder picker will ask you to create one. Name it something like "Audacious Backups" and save it somewhere easy to find (like your Documents folder).[0m
              [36m</p>[39m
              [36m<p[39m
                [33mclass[39m=[32m"_tipWarning_93db59"[39m
              [36m>[39m
                [0m⚠️ [0m
                [36m<strong>[39m
                  [0mAvoid:[0m
                [36m</strong>[39m
                [0m Desktop, Downloads, or system folders - these can cause permission errors.[0m
              [36m</p>[39m
            [36m</div>[39m
            [36m<div[39m
              [33maria-live[39m=[32m"polite"[39m
              [33mclass[39m=[32m"_errorBox_93db59"[39m
              [33mrole[39m=[32m"alert"[39m
            [36m>[39m
              [36m<p[39m
                [33mclass[39m=[32m"_errorText_93db59"[39m
                [33mstyle[39m=[32m"white-space: pre-line;"[39m
              [36m>[39m
                [0m⚠️ Can't use this folder - it contains system files.

Please create a NEW FOLDER specifically for backups:
1. Click 'Choose Location' again
2. Right-click → 'New Folder'
3. Name it something like 'Audacious Backups'
4. Select that new folder[0m
              [36m</p>[39m
            [36m</div>[39m
          [36m</div>[39m
        [36m</div>[39m
        [36m<div[39m
          [33mclass[39m=[32m"_footer_652a3f"[39m
        [36m>[39m
          [36m<div[39m
            [33mclass[39m=[32m"_actions_93db59"[39m
          [36m>[39m
            [36m<button[39m
              [33maria-busy[39m=[32m"false"[39m
              [33maria-disabled[39m=[32m"false"[39m
              [33mclass[39m=[32m"_button_c9c6cf _ghost_c9c6cf _md_c9c6cf"[39m
              [33mtype[39m=[32m"button"[39m
            [36m>[39m
              [36m<span[39m
                [33mclass[39m=[32m"_content_c9c6cf"[39m
              [36m>[39m
                [0mI'll do this later[0m
              [36m</span>[39m
            [36m</button>[39m
            [36m<button[39m
              [33maria-busy[39m=[32m"false"[39m
              [33maria-disabled[39m=[32m"false"[39m
              [33mclass[39m=[32m"_button_c9c6cf _primary_c9c6cf _md_c9c6cf"[39m
              [33mstyle[39m=[32m"background-color: rgb(124, 58, 237); border-color: rgb(124, 58, 237);"[39m
              [33mtype[39m=[32m"button"[39m
            [36m>[39m
              [36m<span[39m
                [33mclass[39m=[32m"_content_c9c6cf"[39m
              [36m>[39m
                [0mChoose Backup Location[0m
              [36m</span>[39m
            [36m</button>[39m
          [36m</div>[39m
        [36m</div>[39m
      [36m</div>[39m
    [36m</div>[39m
  [36m</body>[39m
[36m</html>[39m...
 ❯ waitForWrapper node_modules/@testing-library/react/node_modules/@testing-library/dom/dist/wait-for.js:163:27
 ❯ src/components/onboarding/BackupLocationSetup.test.tsx:301:13
    299|       await user.click(chooseButton)
    300|
    301|       await waitFor(() => {
       |             ^
    302|         expect(screen.getByRole('button', { name: /Continue/i })).toBe…
    303|       })

⎯⎯⎯⎯⎯⎯⎯⎯⎯⎯⎯⎯⎯⎯⎯⎯⎯⎯⎯⎯[264/824]⎯

 FAIL  src/components/onboarding/BackupLocationSetup.test.tsx > BackupLocationSetup > Success State > should not show continue button when not in onboarding mode
TestingLibraryElementError: Unable to find an element with the text: /All Set!/i. This could be because the text is broken up by multiple elements. In this case, you can provide a function for your text matcher to make your matcher more flexible.

Ignored nodes: comments, script, style
[36m<body>[39m
  [36m<div>[39m
    [36m<div[39m
      [33mclass[39m=[32m"_card_652a3f _bordered_652a3f _padding-md_652a3f _container_93db59"[39m
    [36m>[39m
      [36m<div[39m
        [33mclass[39m=[32m"_body_652a3f"[39m
      [36m>[39m
        [36m<div[39m
          [33mclass[39m=[32m"_content_93db59"[39m
        [36m>[39m
          [36m<div[39m
            [33maria-hidden[39m=[32m"true"[39m
            [33mclass[39m=[32m"_icon_93db59"[39m
          [36m>[39m
            [0m🔐[0m
          [36m</div>[39m
          [36m<h2[39m
            [33mclass[39m=[32m"_title_93db59"[39m
          [36m>[39m
            [0mChoose Backup Location[0m
          [36m</h2>[39m
          [36m<p[39m
            [33mclass[39m=[32m"_description_93db59"[39m
          [36m>[39m
            [0mChoose where you'd like us to save automatic backups on your computer. This happens behind the scenes - you won't have to think about it again.[0m
          [36m</p>[39m
          [36m<div[39m
            [33mclass[39m=[32m"_features_93db59"[39m
          [36m>[39m
            [36m<div[39m
              [33mclass[39m=[32m"_feature_93db59"[39m
            [36m>[39m
              [36m<span[39m
                [33maria-hidden[39m=[32m"true"[39m
                [33mclass[39m=[32m"_featureIcon_93db59"[39m
              [36m>[39m
                [0m🔒[0m
              [36m</span>[39m
              [36m<span[39m
                [33mclass[39m=[32m"_featureText_93db59"[39m
              [36m>[39m
                [0mZero-knowledge encryption (we can never see your data)[0m
              [36m</span>[39m
            [36m</div>[39m
            [36m<div[39m
              [33mclass[39m=[32m"_feature_93db59"[39m
            [36m>[39m
              [36m<span[39m
                [33maria-hidden[39m=[32m"true"[39m
                [33mclass[39m=[32m"_featureIcon_93db59"[39m
              [36m>[39m
                [0m⚡[0m
              [36m</span>[39m
              [36m<span[39m
                [33mclass[39m=[32m"_featureText_93db59"[39m
              [36m>[39m
                [0mAutomatic and invisible[0m
              [36m</span>[39m
            [36m</div>[39m
            [36m<div[39m
              [33mclass[39m=[32m"_feature_93db59"[39m
            [36m>[39m
              [36m<span[39m
                [33maria-hidden[39m=[32m"true"[39m
                [33mclass[39m=[32m"_featureIcon_93db59"[39m
              [36m>[39m
                [0m👀[0m
              [36m</span>[39m
              [36m<span[39m
                [33mclass[39m=[32m"_featureText_93db59"[39m
              [36m>[39m
                [0mYou're always in control[0m
              [36m</span>[39m
            [36m</div>[39m
          [36m</div>[39m
          [36m<div[39m
            [33mclass[39m=[32m"_tipBox_93db59"[39m
          [36m>[39m
            [36m<div[39m
              [33mclass[39m=[32m"_tipHeader_93db59"[39m
            [36m>[39m
              [36m<span[39m
                [33maria-hidden[39m=[32m"true"[39m
                [33mclass[39m=[32m"_tipIcon_93db59"[39m
              [36m>[39m
                [0m💡[0m
              [36m</span>[39m
              [36m<strong>[39m
                [0mPro Tip:[0m
              [36m</strong>[39m
            [36m</div>[39m
            [36m<p[39m
              [33mclass[39m=[32m"_tipText_93db59"[39m
            [36m>[39m
              [0mCreate a NEW FOLDER specifically for backups. The folder picker will ask you to create one. Name it something like "Audacious Backups" and save it somewhere easy to find (like your Documents folder).[0m
            [36m</p>[39m
            [36m<p[39m
              [33mclass[39m=[32m"_tipWarning_93db59"[39m
            [36m>[39m
              [0m⚠️ [0m
              [36m<strong>[39m
                [0mAvoid:[0m
              [36m</strong>[39m
              [0m Desktop, Downloads, or system folders - these can cause permission errors.[0m
            [36m</p>[39m
          [36m</div>[39m
          [36m<div[39m
            [33maria-live[39m=[32m"polite"[39m
            [33mclass[39m=[32m"_errorBox_93db59"[39m
            [33mrole[39m=[32m"alert"[39m
          [36m>[39m
            [36m<p[39m
              [33mclass[39m=[32m"_errorText_93db59"[39m
              [33mstyle[39m=[32m"white-space: pre-line;"[39m
            [36m>[39m
              [0m⚠️ Can't use this folder - it contains system files.

Please create a NEW FOLDER specifically for backups:
1. Click 'Choose Location' again
2. Right-click → 'New Folder'
3. Name it something like 'Audacious Backups'
4. Select that new folder[0m
            [36m</p>[39m
          [36m</div>[39m
        [36m</div>[39m
      [36m</div>[39m
      [36m<div[39m
        [33mclass[39m=[32m"_footer_652a3f"[39m
      [36m>[39m
        [36m<div[39m
          [33mclass[39m=[32m"_actions_93db59"[39m
        [36m>[39m
          [36m<button[39m
            [33maria-busy[39m=[32m"false"[39m
            [33maria-disabled[39m=[32m"false"[39m
            [33mclass[39m=[32m"_button_c9c6cf _primary_c9c6cf _md_c9c6cf"[39m
            [33mstyle[39m=[32m"background-color: rgb(124, 58, 237); border-color: rgb(124, 58, 237);"[39m
            [33mtype[39m=[32m"button"[39m
          [36m>[39m
            [36m<span[39m
              [33mclass[39m=[32m"_content_c9c6cf"[39m
            [36m>[39m
              [0mChoose Backup Location[0m
            [36m</span>[39m
          [36m</button>[39m
        [36m</div>[39m
      [36m</div>[39m
    [36m</div>[39m
  [36m</div>[39m
[36m</body>[39m

Ignored nodes: comments, script, style
[36m<html>[39m
  [36m<head />[39m
  [36m<body>[39m
    [36m<div>[39m
      [36m<div[39m
        [33mclass[39m=[32m"_card_652a3f _bordered_652a3f _padding-md_652a3f _container_93db59"[39m
      [36m>[39m
        [36m<div[39m
          [33mclass[39m=[32m"_body_652a3f"[39m
        [36m>[39m
          [36m<div[39m
            [33mclass[39m=[32m"_content_93db59"[39m
          [36m>[39m
            [36m<div[39m
              [33maria-hidden[39m=[32m"true"[39m
              [33mclass[39m=[32m"_icon_93db59"[39m
            [36m>[39m
              [0m🔐[0m
            [36m</div>[39m
            [36m<h2[39m
              [33mclass[39m=[32m"_title_93db59"[39m
            [36m>[39m
              [0mChoose Backup Location[0m
            [36m</h2>[39m
            [36m<p[39m
              [33mclass[39m=[32m"_description_93db59"[39m
            [36m>[39m
              [0mChoose where you'd like us to save automatic backups on your computer. This happens behind the scenes - you won't have to think about it again.[0m
            [36m</p>[39m
            [36m<div[39m
              [33mclass[39m=[32m"_features_93db59"[39m
            [36m>[39m
              [36m<div[39m
                [33mclass[39m=[32m"_feature_93db59"[39m
              [36m>[39m
                [36m<span[39m
                  [33maria-hidden[39m=[32m"true"[39m
                  [33mclass[39m=[32m"_featureIcon_93db59"[39m
                [36m>[39m
                  [0m🔒[0m
                [36m</span>[39m
                [36m<span[39m
                  [33mclass[39m=[32m"_featureText_93db59"[39m
                [36m>[39m
                  [0mZero-knowledge encryption (we can never see your data)[0m
                [36m</span>[39m
              [36m</div>[39m
              [36m<div[39m
                [33mclass[39m=[32m"_feature_93db59"[39m
              [36m>[39m
                [36m<span[39m
                  [33maria-hidden[39m=[32m"true"[39m
                  [33mclass[39m=[32m"_featureIcon_93db59"[39m
                [36m>[39m
                  [0m⚡[0m
                [36m</span>[39m
                [36m<span[39m
                  [33mclass[39m=[32m"_featureText_93db59"[39m
                [36m>[39m
                  [0mAutomatic and invisible[0m
                [36m</span>[39m
              [36m</div>[39m
              [36m<div[39m
                [33mclass[39m=[32m"_feature_93db59"[39m
              [36m>[39m
                [36m<span[39m
                  [33maria-hidden[39m=[32m"true"[39m
                  [33mclass[39m=[32m"_featureIcon_93db59"[39m
                [36m>[39m
                  [0m👀[0m
                [36m</span>[39m
                [36m<span[39m
                  [33mclass[39m=[32m"_featureText_93db59"[39m
                [36m>[39m
                  [0mYou're always in control[0m
                [36m</span>[39m
              [36m</div>[39m
            [36m</div>[39m
            [36m<div[39m
              [33mclass[39m=[32m"_tipBox_93db59"[39m
            [36m>[39m
              [36m<div[39m
                [33mclass[39m=[32m"_tipHeader_93db59"[39m
              [36m>[39m
                [36m<span[39m
                  [33maria-hidden[39m=[32m"true"[39m
                  [33mclass[39m=[32m"_tipIcon_93db59"[39m
                [36m>[39m
                  [0m💡[0m
                [36m</span>[39m
                [36m<strong>[39m
                  [0mPro Tip:[0m
                [36m</strong>[39m
              [36m</div>[39m
              [36m<p[39m
                [33mclass[39m=[32m"_tipText_93db59"[39m
              [36m>[39m
                [0mCreate a NEW FOLDER specifically for backups. The folder picker will ask you to create one. Name it something like "Audacious Backups" and save it somewhere easy to find (like your Documents folder).[0m
              [36m</p>[39m
              [36m<p[39m
                [33mclass[39m=[32m"_tipWarning_93db59"[39m
              [36m>[39m
                [0m⚠️ [0m
                [36m<strong>[39m
                  [0mAvoid:[0m
                [36m</strong>[39m
                [0m Desktop, Downloads, or system folders - these can cause permission errors.[0m
              [36m</p>[39m
            [36m</div>[39m
            [36m<div[39m
              [33maria-live[39m=[32m"polite"[39m
              [33mclass[39m=[32m"_errorBox_93db59"[39m
              [33mrole[39m=[32m"alert"[39m
            [36m>[39m
              [36m<p[39m
                [33mclass[39m=[32m"_errorText_93db59"[39m
                [33mstyle[39m=[32m"white-space: pre-line;"[39m
              [36m>[39m
                [0m⚠️ Can't use this folder - it contains system files.

Please create a NEW FOLDER specifically for backups:
1. Click 'Choose Location' again
2. Right-click → 'New Folder'
3. Name it something like 'Audacious Backups'
4. Select that new folder[0m
              [36m</p>[39m
            [36m</div>[39m
          [36m</div>[39m
        [36m</div>[39m
        [36m<div[39m
          [33mclass[39m=[32m"_footer_652a3f"[39m
        [36m>[39m
          [36m<div[39m
            [33mclass[39m=[32m"_actions_93db59"[39m
          [36m>[39m
            [36m<button[39m
              [33maria-busy[39m=[32m"false"[39m
              [33maria-disabled[39m=[32m"false"[39m
              [33mclass[39m=[32m"_button_c9c6cf _primary_c9c6cf _md_c9c6cf"[39m
              [33mstyle[39m=[32m"background-color: rgb(124, 58, 237); border-color: rgb(124, 58, 237);"[39m
              [33mtype[39m=[32m"button"[39m
            [36m>[39m
              [36m<span[39m
                [33mclass[39m=[32m"_content_c9c6cf"[39m
              [36m>[39m
                [0mChoose Backup Location[0m
              [36m</span>[39m
            [36m</button>[39m
          [36m</div>[39m
        [36m</div>[39m
      [36m</div>[39m
    [36m</div>[39m
  [36m</body>[39m
[36m</html>[39m...
 ❯ waitForWrapper node_modules/@testing-library/react/node_modules/@testing-library/dom/dist/wait-for.js:163:27
 ❯ src/components/onboarding/BackupLocationSetup.test.tsx:317:13
    315|       await user.click(chooseButton)
    316|
    317|       await waitFor(() => {
       |             ^
    318|         expect(screen.getByText(/All Set!/i)).toBeInTheDocument()
    319|         expect(screen.queryByRole('button', { name: /Continue/i })).no…

⎯⎯⎯⎯⎯⎯⎯⎯⎯⎯⎯⎯⎯⎯⎯⎯⎯⎯⎯⎯[265/824]⎯

 FAIL  src/components/onboarding/BackupLocationSetup.test.tsx > BackupLocationSetup > Accessibility > should have proper ARIA labels for icons
TestingLibraryElementError: Unable to find a label with the text of: 

Ignored nodes: comments, script, style
[36m<body>[39m
  [36m<div>[39m
    [36m<div[39m
      [33mclass[39m=[32m"_card_652a3f _bordered_652a3f _padding-md_652a3f _container_93db59"[39m
    [36m>[39m
      [36m<div[39m
        [33mclass[39m=[32m"_body_652a3f"[39m
      [36m>[39m
        [36m<div[39m
          [33mclass[39m=[32m"_content_93db59"[39m
        [36m>[39m
          [36m<div[39m
            [33maria-hidden[39m=[32m"true"[39m
            [33mclass[39m=[32m"_icon_93db59"[39m
          [36m>[39m
            [0m🔐[0m
          [36m</div>[39m
          [36m<h2[39m
            [33mclass[39m=[32m"_title_93db59"[39m
          [36m>[39m
            [0mLet's Keep Your Data Safe[0m
          [36m</h2>[39m
          [36m<p[39m
            [33mclass[39m=[32m"_description_93db59"[39m
          [36m>[39m
            [0mChoose where you'd like us to save automatic backups on your computer. This happens behind the scenes - you won't have to think about it again.[0m
          [36m</p>[39m
          [36m<div[39m
            [33mclass[39m=[32m"_features_93db59"[39m
          [36m>[39m
            [36m<div[39m
              [33mclass[39m=[32m"_feature_93db59"[39m
            [36m>[39m
              [36m<span[39m
                [33maria-hidden[39m=[32m"true"[39m
                [33mclass[39m=[32m"_featureIcon_93db59"[39m
              [36m>[39m
                [0m🔒[0m
              [36m</span>[39m
              [36m<span[39m
                [33mclass[39m=[32m"_featureText_93db59"[39m
              [36m>[39m
                [0mZero-knowledge encryption (we can never see your data)[0m
              [36m</span>[39m
            [36m</div>[39m
            [36m<div[39m
              [33mclass[39m=[32m"_feature_93db59"[39m
            [36m>[39m
              [36m<span[39m
                [33maria-hidden[39m=[32m"true"[39m
                [33mclass[39m=[32m"_featureIcon_93db59"[39m
              [36m>[39m
                [0m⚡[0m
              [36m</span>[39m
              [36m<span[39m
                [33mclass[39m=[32m"_featureText_93db59"[39m
              [36m>[39m
                [0mAutomatic and invisible[0m
              [36m</span>[39m
            [36m</div>[39m
            [36m<div[39m
              [33mclass[39m=[32m"_feature_93db59"[39m
            [36m>[39m
              [36m<span[39m
                [33maria-hidden[39m=[32m"true"[39m
                [33mclass[39m=[32m"_featureIcon_93db59"[39m
              [36m>[39m
                [0m👀[0m
              [36m</span>[39m
              [36m<span[39m
                [33mclass[39m=[32m"_featureText_93db59"[39m
              [36m>[39m
                [0mYou're always in control[0m
              [36m</span>[39m
            [36m</div>[39m
          [36m</div>[39m
          [36m<div[39m
            [33mclass[39m=[32m"_tipBox_93db59"[39m
          [36m>[39m
            [36m<div[39m
              [33mclass[39m=[32m"_tipHeader_93db59"[39m
            [36m>[39m
              [36m<span[39m
                [33maria-hidden[39m=[32m"true"[39m
                [33mclass[39m=[32m"_tipIcon_93db59"[39m
              [36m>[39m
                [0m💡[0m
              [36m</span>[39m
              [36m<strong>[39m
                [0mPro Tip:[0m
              [36m</strong>[39m
            [36m</div>[39m
            [36m<p[39m
              [33mclass[39m=[32m"_tipText_93db59"[39m
            [36m>[39m
              [0mCreate a NEW FOLDER specifically for backups. The folder picker will ask you to create one. Name it something like "Audacious Backups" and save it somewhere easy to find (like your Documents folder).[0m
            [36m</p>[39m
            [36m<p[39m
              [33mclass[39m=[32m"_tipWarning_93db59"[39m
            [36m>[39m
              [0m⚠️ [0m
              [36m<strong>[39m
                [0mAvoid:[0m
              [36m</strong>[39m
              [0m Desktop, Downloads, or system folders - these can cause permission errors.[0m
            [36m</p>[39m
          [36m</div>[39m
        [36m</div>[39m
      [36m</div>[39m
      [36m<div[39m
        [33mclass[39m=[32m"_footer_652a3f"[39m
      [36m>[39m
        [36m<div[39m
          [33mclass[39m=[32m"_actions_93db59"[39m
        [36m>[39m
          [36m<button[39m
            [33maria-busy[39m=[32m"false"[39m
            [33maria-disabled[39m=[32m"false"[39m
            [33mclass[39m=[32m"_button_c9c6cf _ghost_c9c6cf _md_c9c6cf"[39m
            [33mtype[39m=[32m"button"[39m
          [36m>[39m
            [36m<span[39m
              [33mclass[39m=[32m"_content_c9c6cf"[39m
            [36m>[39m
              [0mI'll do this later[0m
            [36m</span>[39m
          [36m</button>[39m
          [36m<button[39m
            [33maria-busy[39m=[32m"false"[39m
            [33maria-disabled[39m=[32m"false"[39m
            [33mclass[39m=[32m"_button_c9c6cf _primary_c9c6cf _md_c9c6cf"[39m
            [33mstyle[39m=[32m"background-color: rgb(124, 58, 237); border-color: rgb(124, 58, 237);"[39m
            [33mtype[39m=[32m"button"[39m
          [36m>[39m
            [36m<span[39m
              [33mclass[39m=[32m"_content_c9c6cf"[39m
            [36m>[39m
              [0mChoose Backup Location[0m
            [36m</span>[39m
          [36m</button>[39m
        [36m</div>[39m
      [36m</div>[39m
    [36m</div>[39m
  [36m</div>[39m
[36m</body>[39m
 ❯ Object.getElementError node_modules/@testing-library/react/node_modules/@testing-library/dom/dist/config.js:37:19
 ❯ getAllByLabelText node_modules/@testing-library/react/node_modules/@testing-library/dom/dist/queries/label-text.js:111:38
 ❯ node_modules/@testing-library/react/node_modules/@testing-library/dom/dist/query-helpers.js:109:15
 ❯ src/components/onboarding/BackupLocationSetup.test.tsx:332:28
    330|       render(<BackupLocationSetup isOnboarding={true} />)
    331|
    332|       const icons = screen.getAllByLabelText('', { hidden: true })
       |                            ^
    333|       icons.forEach(icon => {
    334|         expect(icon).toHaveAttribute('aria-hidden', 'true')

⎯⎯⎯⎯⎯⎯⎯⎯⎯⎯⎯⎯⎯⎯⎯⎯⎯⎯⎯⎯[266/824]⎯

 FAIL  src/components/onboarding/BackupLocationSetup.test.tsx > BackupLocationSetup > Accessibility > should have role="status" for success path display
TestingLibraryElementError: Unable to find role="status"

Ignored nodes: comments, script, style
[36m<body>[39m
  [36m<div>[39m
    [36m<div[39m
      [33mclass[39m=[32m"_card_652a3f _bordered_652a3f _padding-md_652a3f _container_93db59"[39m
    [36m>[39m
      [36m<div[39m
        [33mclass[39m=[32m"_body_652a3f"[39m
      [36m>[39m
        [36m<div[39m
          [33mclass[39m=[32m"_content_93db59"[39m
        [36m>[39m
          [36m<div[39m
            [33maria-hidden[39m=[32m"true"[39m
            [33mclass[39m=[32m"_icon_93db59"[39m
          [36m>[39m
            [0m🔐[0m
          [36m</div>[39m
          [36m<h2[39m
            [33mclass[39m=[32m"_title_93db59"[39m
          [36m>[39m
            [0mLet's Keep Your Data Safe[0m
          [36m</h2>[39m
          [36m<p[39m
            [33mclass[39m=[32m"_description_93db59"[39m
          [36m>[39m
            [0mChoose where you'd like us to save automatic backups on your computer. This happens behind the scenes - you won't have to think about it again.[0m
          [36m</p>[39m
          [36m<div[39m
            [33mclass[39m=[32m"_features_93db59"[39m
          [36m>[39m
            [36m<div[39m
              [33mclass[39m=[32m"_feature_93db59"[39m
            [36m>[39m
              [36m<span[39m
                [33maria-hidden[39m=[32m"true"[39m
                [33mclass[39m=[32m"_featureIcon_93db59"[39m
              [36m>[39m
                [0m🔒[0m
              [36m</span>[39m
              [36m<span[39m
                [33mclass[39m=[32m"_featureText_93db59"[39m
              [36m>[39m
                [0mZero-knowledge encryption (we can never see your data)[0m
              [36m</span>[39m
            [36m</div>[39m
            [36m<div[39m
              [33mclass[39m=[32m"_feature_93db59"[39m
            [36m>[39m
              [36m<span[39m
                [33maria-hidden[39m=[32m"true"[39m
                [33mclass[39m=[32m"_featureIcon_93db59"[39m
              [36m>[39m
                [0m⚡[0m
              [36m</span>[39m
              [36m<span[39m
                [33mclass[39m=[32m"_featureText_93db59"[39m
              [36m>[39m
                [0mAutomatic and invisible[0m
              [36m</span>[39m
            [36m</div>[39m
            [36m<div[39m
              [33mclass[39m=[32m"_feature_93db59"[39m
            [36m>[39m
              [36m<span[39m
                [33maria-hidden[39m=[32m"true"[39m
                [33mclass[39m=[32m"_featureIcon_93db59"[39m
              [36m>[39m
                [0m👀[0m
              [36m</span>[39m
              [36m<span[39m
                [33mclass[39m=[32m"_featureText_93db59"[39m
              [36m>[39m
                [0mYou're always in control[0m
              [36m</span>[39m
            [36m</div>[39m
          [36m</div>[39m
          [36m<div[39m
            [33mclass[39m=[32m"_tipBox_93db59"[39m
          [36m>[39m
            [36m<div[39m
              [33mclass[39m=[32m"_tipHeader_93db59"[39m
            [36m>[39m
              [36m<span[39m
                [33maria-hidden[39m=[32m"true"[39m
                [33mclass[39m=[32m"_tipIcon_93db59"[39m
              [36m>[39m
                [0m💡[0m
              [36m</span>[39m
              [36m<strong>[39m
                [0mPro Tip:[0m
              [36m</strong>[39m
            [36m</div>[39m
            [36m<p[39m
              [33mclass[39m=[32m"_tipText_93db59"[39m
            [36m>[39m
              [0mCreate a NEW FOLDER specifically for backups. The folder picker will ask you to create one. Name it something like "Audacious Backups" and save it somewhere easy to find (like your Documents folder).[0m
            [36m</p>[39m
            [36m<p[39m
              [33mclass[39m=[32m"_tipWarning_93db59"[39m
            [36m>[39m
              [0m⚠️ [0m
              [36m<strong>[39m
                [0mAvoid:[0m
              [36m</strong>[39m
              [0m Desktop, Downloads, or system folders - these can cause permission errors.[0m
            [36m</p>[39m
          [36m</div>[39m
          [36m<div[39m
            [33maria-live[39m=[32m"polite"[39m
            [33mclass[39m=[32m"_errorBox_93db59"[39m
            [33mrole[39m=[32m"alert"[39m
          [36m>[39m
            [36m<p[39m
              [33mclass[39m=[32m"_errorText_93db59"[39m
              [33mstyle[39m=[32m"white-space: pre-line;"[39m
            [36m>[39m
              [0m⚠️ Can't use this folder - it contains system files.

Please create a NEW FOLDER specifically for backups:
1. Click 'Choose Location' again
2. Right-click → 'New Folder'
3. Name it something like 'Audacious Backups'
4. Select that new folder[0m
            [36m</p>[39m
          [36m</div>[39m
        [36m</div>[39m
      [36m</div>[39m
      [36m<div[39m
        [33mclass[39m=[32m"_footer_652a3f"[39m
      [36m>[39m
        [36m<div[39m
          [33mclass[39m=[32m"_actions_93db59"[39m
        [36m>[39m
          [36m<button[39m
            [33maria-busy[39m=[32m"false"[39m
            [33maria-disabled[39m=[32m"false"[39m
            [33mclass[39m=[32m"_button_c9c6cf _ghost_c9c6cf _md_c9c6cf"[39m
            [33mtype[39m=[32m"button"[39m
          [36m>[39m
            [36m<span[39m
              [33mclass[39m=[32m"_content_c9c6cf"[39m
            [36m>[39m
              [0mI'll do this later[0m
            [36m</span>[39m
          [36m</button>[39m
          [36m<button[39m
            [33maria-busy[39m=[32m"false"[39m
            [33maria-disabled[39m=[32m"false"[39m
            [33mclass[39m=[32m"_button_c9c6cf _primary_c9c6cf _md_c9c6cf"[39m
            [33mstyle[39m=[32m"background-color: rgb(124, 58, 237); border-color: rgb(124, 58, 237);"[39m
            [33mtype[39m=[32m"button"[39m
          [36m>[39m
            [36m<span[39m
              [33mclass[39m=[32m"_content_c9c6cf"[39m
            [36m>[39m
              [0mChoose Backup Location[0m
            [36m</span>[39m
          [36m</button>[39m
        [36m</div>[39m
      [36m</div>[39m
    [36m</div>[39m
  [36m</div>[39m
[36m</body>[39m

Ignored nodes: comments, script, style
[36m<html>[39m
  [36m<head />[39m
  [36m<body>[39m
    [36m<div>[39m
      [36m<div[39m
        [33mclass[39m=[32m"_card_652a3f _bordered_652a3f _padding-md_652a3f _container_93db59"[39m
      [36m>[39m
        [36m<div[39m
          [33mclass[39m=[32m"_body_652a3f"[39m
        [36m>[39m
          [36m<div[39m
            [33mclass[39m=[32m"_content_93db59"[39m
          [36m>[39m
            [36m<div[39m
              [33maria-hidden[39m=[32m"true"[39m
              [33mclass[39m=[32m"_icon_93db59"[39m
            [36m>[39m
              [0m🔐[0m
            [36m</div>[39m
            [36m<h2[39m
              [33mclass[39m=[32m"_title_93db59"[39m
            [36m>[39m
              [0mLet's Keep Your Data Safe[0m
            [36m</h2>[39m
            [36m<p[39m
              [33mclass[39m=[32m"_description_93db59"[39m
            [36m>[39m
              [0mChoose where you'd like us to save automatic backups on your computer. This happens behind the scenes - you won't have to think about it again.[0m
            [36m</p>[39m
            [36m<div[39m
              [33mclass[39m=[32m"_features_93db59"[39m
            [36m>[39m
              [36m<div[39m
                [33mclass[39m=[32m"_feature_93db59"[39m
              [36m>[39m
                [36m<span[39m
                  [33maria-hidden[39m=[32m"true"[39m
                  [33mclass[39m=[32m"_featureIcon_93db59"[39m
                [36m>[39m
                  [0m🔒[0m
                [36m</span>[39m
                [36m<span[39m
                  [33mclass[39m=[32m"_featureText_93db59"[39m
                [36m>[39m
                  [0mZero-knowledge encryption (we can never see your data)[0m
                [36m</span>[39m
              [36m</div>[39m
              [36m<div[39m
                [33mclass[39m=[32m"_feature_93db59"[39m
              [36m>[39m
                [36m<span[39m
                  [33maria-hidden[39m=[32m"true"[39m
                  [33mclass[39m=[32m"_featureIcon_93db59"[39m
                [36m>[39m
                  [0m⚡[0m
                [36m</span>[39m
                [36m<span[39m
                  [33mclass[39m=[32m"_featureText_93db59"[39m
                [36m>[39m
                  [0mAutomatic and invisible[0m
                [36m</span>[39m
              [36m</div>[39m
              [36m<div[39m
                [33mclass[39m=[32m"_feature_93db59"[39m
              [36m>[39m
                [36m<span[39m
                  [33maria-hidden[39m=[32m"true"[39m
                  [33mclass[39m=[32m"_featureIcon_93db59"[39m
                [36m>[39m
                  [0m👀[0m
                [36m</span>[39m
                [36m<span[39m
                  [33mclass[39m=[32m"_featureText_93db59"[39m
                [36m>[39m
                  [0mYou're always in control[0m
                [36m</span>[39m
              [36m</div>[39m
            [36m</div>[39m
            [36m<div[39m
              [33mclass[39m=[32m"_tipBox_93db59"[39m
            [36m>[39m
              [36m<div[39m
                [33mclass[39m=[32m"_tipHeader_93db59"[39m
              [36m>[39m
                [36m<span[39m
                  [33maria-hidden[39m=[32m"true"[39m
                  [33mclass[39m=[32m"_tipIcon_93db59"[39m
                [36m>[39m
                  [0m💡[0m
                [36m</span>[39m
                [36m<strong>[39m
                  [0mPro Tip:[0m
                [36m</strong>[39m
              [36m</div>[39m
              [36m<p[39m
                [33mclass[39m=[32m"_tipText_93db59"[39m
              [36m>[39m
                [0mCreate a NEW FOLDER specifically for backups. The folder picker will ask you to create one. Name it something like "Audacious Backups" and save it somewhere easy to find (like your Documents folder).[0m
              [36m</p>[39m
              [36m<p[39m
                [33mclass[39m=[32m"_tipWarning_93db59"[39m
              [36m>[39m
                [0m⚠️ [0m
                [36m<strong>[39m
                  [0mAvoid:[0m
                [36m</strong>[39m
                [0m Desktop, Downloads, or system folders - these can cause permission errors.[0m
              [36m</p>[39m
            [36m</div>[39m
            [36m<div[39m
              [33maria-live[39m=[32m"polite"[39m
              [33mclass[39m=[32m"_errorBox_93db59"[39m
              [33mrole[39m=[32m"alert"[39m
            [36m>[39m
              [36m<p[39m
                [33mclass[39m=[32m"_errorText_93db59"[39m
                [33mstyle[39m=[32m"white-space: pre-line;"[39m
              [36m>[39m
                [0m⚠️ Can't use this folder - it contains system files.

Please create a NEW FOLDER specifically for backups:
1. Click 'Choose Location' again
2. Right-click → 'New Folder'
3. Name it something like 'Audacious Backups'
4. Select that new folder[0m
              [36m</p>[39m
            [36m</div>[39m
          [36m</div>[39m
        [36m</div>[39m
        [36m<div[39m
          [33mclass[39m=[32m"_footer_652a3f"[39m
        [36m>[39m
          [36m<div[39m
            [33mclass[39m=[32m"_actions_93db59"[39m
          [36m>[39m
            [36m<button[39m
              [33maria-busy[39m=[32m"false"[39m
              [33maria-disabled[39m=[32m"false"[39m
              [33mclass[39m=[32m"_button_c9c6cf _ghost_c9c6cf _md_c9c6cf"[39m
              [33mtype[39m=[32m"button"[39m
            [36m>[39m
              [36m<span[39m
                [33mclass[39m=[32m"_content_c9c6cf"[39m
              [36m>[39m
                [0mI'll do this later[0m
              [36m</span>[39m
            [36m</button>[39m
            [36m<button[39m
              [33maria-busy[39m=[32m"false"[39m
              [33maria-disabled[39m=[32m"false"[39m
              [33mclass[39m=[32m"_button_c9c6cf _primary_c9c6cf _md_c9c6cf"[39m
              [33mstyle[39m=[32m"background-color: rgb(124, 58, 237); border-color: rgb(124, 58, 237);"[39m
              [33mtype[39m=[32m"button"[39m
            [36m>[39m
              [36m<span[39m
                [33mclass[39m=[32m"_content_c9c6cf"[39m
              [36m>[39m
                [0mChoose Backup Location[0m
              [36m</span>[39m
            [36m</button>[39m
          [36m</div>[39m
        [36m</div>[39m
      [36m</div>[39m
    [36m</div>[39m
  [36m</body>[39m
[36m</html>[39m...
 ❯ waitForWrapper node_modules/@testing-library/react/node_modules/@testing-library/dom/dist/wait-for.js:163:27
 ❯ src/components/onboarding/BackupLocationSetup.test.tsx:367:13
    365|       await user.click(chooseButton)
    366|
    367|       await waitFor(() => {
       |             ^
    368|         const pathDisplay = screen.getByRole('status')
    369|         expect(pathDisplay).toHaveAttribute('aria-live', 'polite')

⎯⎯⎯⎯⎯⎯⎯⎯⎯⎯⎯⎯⎯⎯⎯⎯⎯⎯⎯⎯[267/824]⎯

 FAIL  src/components/onboarding/BackupLocationSetup.test.tsx > BackupLocationSetup > Messaging (Steadiness Style) > should use patient, supportive language
TestingLibraryElementError: Unable to find an element with the text: /Take your time/i. This could be because the text is broken up by multiple elements. In this case, you can provide a function for your text matcher to make your matcher more flexible.

Ignored nodes: comments, script, style
[36m<body>[39m
  [36m<div>[39m
    [36m<div[39m
      [33mclass[39m=[32m"_card_652a3f _bordered_652a3f _padding-md_652a3f _container_93db59"[39m
    [36m>[39m
      [36m<div[39m
        [33mclass[39m=[32m"_body_652a3f"[39m
      [36m>[39m
        [36m<div[39m
          [33mclass[39m=[32m"_content_93db59"[39m
        [36m>[39m
          [36m<div[39m
            [33maria-hidden[39m=[32m"true"[39m
            [33mclass[39m=[32m"_icon_93db59"[39m
          [36m>[39m
            [0m🔐[0m
          [36m</div>[39m
          [36m<h2[39m
            [33mclass[39m=[32m"_title_93db59"[39m
          [36m>[39m
            [0mLet's Keep Your Data Safe[0m
          [36m</h2>[39m
          [36m<p[39m
            [33mclass[39m=[32m"_description_93db59"[39m
          [36m>[39m
            [0mChoose where you'd like us to save automatic backups on your computer. This happens behind the scenes - you won't have to think about it again.[0m
          [36m</p>[39m
          [36m<div[39m
            [33mclass[39m=[32m"_features_93db59"[39m
          [36m>[39m
            [36m<div[39m
              [33mclass[39m=[32m"_feature_93db59"[39m
            [36m>[39m
              [36m<span[39m
                [33maria-hidden[39m=[32m"true"[39m
                [33mclass[39m=[32m"_featureIcon_93db59"[39m
              [36m>[39m
                [0m🔒[0m
              [36m</span>[39m
              [36m<span[39m
                [33mclass[39m=[32m"_featureText_93db59"[39m
              [36m>[39m
                [0mZero-knowledge encryption (we can never see your data)[0m
              [36m</span>[39m
            [36m</div>[39m
            [36m<div[39m
              [33mclass[39m=[32m"_feature_93db59"[39m
            [36m>[39m
              [36m<span[39m
                [33maria-hidden[39m=[32m"true"[39m
                [33mclass[39m=[32m"_featureIcon_93db59"[39m
              [36m>[39m
                [0m⚡[0m
              [36m</span>[39m
              [36m<span[39m
                [33mclass[39m=[32m"_featureText_93db59"[39m
              [36m>[39m
                [0mAutomatic and invisible[0m
              [36m</span>[39m
            [36m</div>[39m
            [36m<div[39m
              [33mclass[39m=[32m"_feature_93db59"[39m
            [36m>[39m
              [36m<span[39m
                [33maria-hidden[39m=[32m"true"[39m
                [33mclass[39m=[32m"_featureIcon_93db59"[39m
              [36m>[39m
                [0m👀[0m
              [36m</span>[39m
              [36m<span[39m
                [33mclass[39m=[32m"_featureText_93db59"[39m
              [36m>[39m
                [0mYou're always in control[0m
              [36m</span>[39m
            [36m</div>[39m
          [36m</div>[39m
          [36m<div[39m
            [33mclass[39m=[32m"_tipBox_93db59"[39m
          [36m>[39m
            [36m<div[39m
              [33mclass[39m=[32m"_tipHeader_93db59"[39m
            [36m>[39m
              [36m<span[39m
                [33maria-hidden[39m=[32m"true"[39m
                [33mclass[39m=[32m"_tipIcon_93db59"[39m
              [36m>[39m
                [0m💡[0m
              [36m</span>[39m
              [36m<strong>[39m
                [0mPro Tip:[0m
              [36m</strong>[39m
            [36m</div>[39m
            [36m<p[39m
              [33mclass[39m=[32m"_tipText_93db59"[39m
            [36m>[39m
              [0mCreate a NEW FOLDER specifically for backups. The folder picker will ask you to create one. Name it something like "Audacious Backups" and save it somewhere easy to find (like your Documents folder).[0m
            [36m</p>[39m
            [36m<p[39m
              [33mclass[39m=[32m"_tipWarning_93db59"[39m
            [36m>[39m
              [0m⚠️ [0m
              [36m<strong>[39m
                [0mAvoid:[0m
              [36m</strong>[39m
              [0m Desktop, Downloads, or system folders - these can cause permission errors.[0m
            [36m</p>[39m
          [36m</div>[39m
        [36m</div>[39m
      [36m</div>[39m
      [36m<div[39m
        [33mclass[39m=[32m"_footer_652a3f"[39m
      [36m>[39m
        [36m<div[39m
          [33mclass[39m=[32m"_actions_93db59"[39m
        [36m>[39m
          [36m<button[39m
            [33maria-busy[39m=[32m"false"[39m
            [33maria-disabled[39m=[32m"false"[39m
            [33mclass[39m=[32m"_button_c9c6cf _ghost_c9c6cf _md_c9c6cf"[39m
            [33mtype[39m=[32m"button"[39m
          [36m>[39m
            [36m<span[39m
              [33mclass[39m=[32m"_content_c9c6cf"[39m
            [36m>[39m
              [0mI'll do this later[0m
            [36m</span>[39m
          [36m</button>[39m
          [36m<button[39m
            [33maria-busy[39m=[32m"false"[39m
            [33maria-disabled[39m=[32m"false"[39m
            [33mclass[39m=[32m"_button_c9c6cf _primary_c9c6cf _md_c9c6cf"[39m
            [33mstyle[39m=[32m"background-color: rgb(124, 58, 237); border-color: rgb(124, 58, 237);"[39m
            [33mtype[39m=[32m"button"[39m
          [36m>[39m
            [36m<span[39m
              [33mclass[39m=[32m"_content_c9c6cf"[39m
            [36m>[39m
              [0mChoose Backup Location[0m
            [36m</span>[39m
          [36m</button>[39m
        [36m</div>[39m
      [36m</div>[39m
    [36m</div>[39m
  [36m</div>[39m
[36m</body>[39m
 ❯ Object.getElementError node_modules/@testing-library/react/node_modules/@testing-library/dom/dist/config.js:37:19
 ❯ node_modules/@testing-library/react/node_modules/@testing-library/dom/dist/query-helpers.js:76:38
 ❯ node_modules/@testing-library/react/node_modules/@testing-library/dom/dist/query-helpers.js:52:17
 ❯ node_modules/@testing-library/react/node_modules/@testing-library/dom/dist/query-helpers.js:95:19
 ❯ src/components/onboarding/BackupLocationSetup.test.tsx:404:21
    402|
    403|       // Patient messaging
    404|       expect(screen.getByText(/Take your time/i, { exact: false })).to…
       |                     ^
    405|       expect(screen.getByText(/won't have to think about it again/i)).…
    406|

⎯⎯⎯⎯⎯⎯⎯⎯⎯⎯⎯⎯⎯⎯⎯⎯⎯⎯⎯⎯[268/824]⎯

 FAIL  src/components/onboarding/BackupLocationSetup.test.tsx > BackupLocationSetup > Messaging (Steadiness Style) > should emphasize user control and data sovereignty
TestingLibraryElementError: Unable to find an element with the text: /your data, your control/i. This could be because the text is broken up by multiple elements. In this case, you can provide a function for your text matcher to make your matcher more flexible.

Ignored nodes: comments, script, style
[36m<body>[39m
  [36m<div>[39m
    [36m<div[39m
      [33mclass[39m=[32m"_card_652a3f _bordered_652a3f _padding-md_652a3f _container_93db59"[39m
    [36m>[39m
      [36m<div[39m
        [33mclass[39m=[32m"_body_652a3f"[39m
      [36m>[39m
        [36m<div[39m
          [33mclass[39m=[32m"_content_93db59"[39m
        [36m>[39m
          [36m<div[39m
            [33maria-hidden[39m=[32m"true"[39m
            [33mclass[39m=[32m"_icon_93db59"[39m
          [36m>[39m
            [0m🔐[0m
          [36m</div>[39m
          [36m<h2[39m
            [33mclass[39m=[32m"_title_93db59"[39m
          [36m>[39m
            [0mLet's Keep Your Data Safe[0m
          [36m</h2>[39m
          [36m<p[39m
            [33mclass[39m=[32m"_description_93db59"[39m
          [36m>[39m
            [0mChoose where you'd like us to save automatic backups on your computer. This happens behind the scenes - you won't have to think about it again.[0m
          [36m</p>[39m
          [36m<div[39m
            [33mclass[39m=[32m"_features_93db59"[39m
          [36m>[39m
            [36m<div[39m
              [33mclass[39m=[32m"_feature_93db59"[39m
            [36m>[39m
              [36m<span[39m
                [33maria-hidden[39m=[32m"true"[39m
                [33mclass[39m=[32m"_featureIcon_93db59"[39m
              [36m>[39m
                [0m🔒[0m
              [36m</span>[39m
              [36m<span[39m
                [33mclass[39m=[32m"_featureText_93db59"[39m
              [36m>[39m
                [0mZero-knowledge encryption (we can never see your data)[0m
              [36m</span>[39m
            [36m</div>[39m
            [36m<div[39m
              [33mclass[39m=[32m"_feature_93db59"[39m
            [36m>[39m
              [36m<span[39m
                [33maria-hidden[39m=[32m"true"[39m
                [33mclass[39m=[32m"_featureIcon_93db59"[39m
              [36m>[39m
                [0m⚡[0m
              [36m</span>[39m
              [36m<span[39m
                [33mclass[39m=[32m"_featureText_93db59"[39m
              [36m>[39m
                [0mAutomatic and invisible[0m
              [36m</span>[39m
            [36m</div>[39m
            [36m<div[39m
              [33mclass[39m=[32m"_feature_93db59"[39m
            [36m>[39m
              [36m<span[39m
                [33maria-hidden[39m=[32m"true"[39m
                [33mclass[39m=[32m"_featureIcon_93db59"[39m
              [36m>[39m
                [0m👀[0m
              [36m</span>[39m
              [36m<span[39m
                [33mclass[39m=[32m"_featureText_93db59"[39m
              [36m>[39m
                [0mYou're always in control[0m
              [36m</span>[39m
            [36m</div>[39m
          [36m</div>[39m
          [36m<div[39m
            [33mclass[39m=[32m"_tipBox_93db59"[39m
          [36m>[39m
            [36m<div[39m
              [33mclass[39m=[32m"_tipHeader_93db59"[39m
            [36m>[39m
              [36m<span[39m
                [33maria-hidden[39m=[32m"true"[39m
                [33mclass[39m=[32m"_tipIcon_93db59"[39m
              [36m>[39m
                [0m💡[0m
              [36m</span>[39m
              [36m<strong>[39m
                [0mPro Tip:[0m
              [36m</strong>[39m
            [36m</div>[39m
            [36m<p[39m
              [33mclass[39m=[32m"_tipText_93db59"[39m
            [36m>[39m
              [0mCreate a NEW FOLDER specifically for backups. The folder picker will ask you to create one. Name it something like "Audacious Backups" and save it somewhere easy to find (like your Documents folder).[0m
            [36m</p>[39m
            [36m<p[39m
              [33mclass[39m=[32m"_tipWarning_93db59"[39m
            [36m>[39m
              [0m⚠️ [0m
              [36m<strong>[39m
                [0mAvoid:[0m
              [36m</strong>[39m
              [0m Desktop, Downloads, or system folders - these can cause permission errors.[0m
            [36m</p>[39m
          [36m</div>[39m
        [36m</div>[39m
      [36m</div>[39m
      [36m<div[39m
        [33mclass[39m=[32m"_footer_652a3f"[39m
      [36m>[39m
        [36m<div[39m
          [33mclass[39m=[32m"_actions_93db59"[39m
        [36m>[39m
          [36m<button[39m
            [33maria-busy[39m=[32m"false"[39m
            [33maria-disabled[39m=[32m"false"[39m
            [33mclass[39m=[32m"_button_c9c6cf _ghost_c9c6cf _md_c9c6cf"[39m
            [33mtype[39m=[32m"button"[39m
          [36m>[39m
            [36m<span[39m
              [33mclass[39m=[32m"_content_c9c6cf"[39m
            [36m>[39m
              [0mI'll do this later[0m
            [36m</span>[39m
          [36m</button>[39m
          [36m<button[39m
            [33maria-busy[39m=[32m"false"[39m
            [33maria-disabled[39m=[32m"false"[39m
            [33mclass[39m=[32m"_button_c9c6cf _primary_c9c6cf _md_c9c6cf"[39m
            [33mstyle[39m=[32m"background-color: rgb(124, 58, 237); border-color: rgb(124, 58, 237);"[39m
            [33mtype[39m=[32m"button"[39m
          [36m>[39m
            [36m<span[39m
              [33mclass[39m=[32m"_content_c9c6cf"[39m
            [36m>[39m
              [0mChoose Backup Location[0m
            [36m</span>[39m
          [36m</button>[39m
        [36m</div>[39m
      [36m</div>[39m
    [36m</div>[39m
  [36m</div>[39m
[36m</body>[39m
 ❯ Object.getElementError node_modules/@testing-library/react/node_modules/@testing-library/dom/dist/config.js:37:19
 ❯ node_modules/@testing-library/react/node_modules/@testing-library/dom/dist/query-helpers.js:76:38
 ❯ node_modules/@testing-library/react/node_modules/@testing-library/dom/dist/query-helpers.js:52:17
 ❯ node_modules/@testing-library/react/node_modules/@testing-library/dom/dist/query-helpers.js:95:19
 ❯ src/components/onboarding/BackupLocationSetup.test.tsx:435:21
    433|       render(<BackupLocationSetup isOnboarding={true} />)
    434|
    435|       expect(screen.getByText(/your data, your control/i, { exact: fal…
       |                     ^
    436|       expect(screen.getByText(/you can see the backup files right on y…
    437|         exact: false

⎯⎯⎯⎯⎯⎯⎯⎯⎯⎯⎯⎯⎯⎯⎯⎯⎯⎯⎯⎯[269/824]⎯

 FAIL  src/components/modals/ExportWarningModal.test.tsx > ExportWarningModal > Warning Acknowledgment > should disable export button initially
TestingLibraryElementError: Unable to find an accessible element with the role "button" and name `/export data/i`

Here are the accessible roles:

  dialog:

  Name "Export Data - Security Notice":
  [36m<div[39m
    [33maria-labelledby[39m=[32m"modal-title"[39m
    [33maria-modal[39m=[32m"true"[39m
    [33mclass[39m=[32m"_modal_a5c4df _md_a5c4df"[39m
    [33mrole[39m=[32m"dialog"[39m
    [33mtabindex[39m=[32m"-1"[39m
  [36m/>[39m

  --------------------------------------------------
  heading:

  Name "Export Data - Security Notice":
  [36m<h2[39m
    [33mclass[39m=[32m"_modalTitle_a5c4df"[39m
    [33mid[39m=[32m"modal-title"[39m
  [36m/>[39m

  Name "Important: Exported data is not encrypted":
  [36m<h3[39m
    [33mclass[39m=[32m"_warningTitle_39262a"[39m
  [36m/>[39m

  --------------------------------------------------
  button:

  Name "Close modal":
  [36m<button[39m
    [33maria-label[39m=[32m"Close modal"[39m
    [33mclass[39m=[32m"_closeButton_a5c4df"[39m
    [33mtype[39m=[32m"button"[39m
  [36m/>[39m

  Name "Cancel export":
  [36m<button[39m
    [33maria-busy[39m=[32m"false"[39m
    [33maria-disabled[39m=[32m"false"[39m
    [33maria-label[39m=[32m"Cancel export"[39m
    [33mclass[39m=[32m"_button_c9c6cf _secondary_c9c6cf _md_c9c6cf"[39m
    [33mtype[39m=[32m"button"[39m
  [36m/>[39m

  Name "Acknowledge warning to enable export":
  [36m<button[39m
    [33maria-busy[39m=[32m"false"[39m
    [33maria-disabled[39m=[32m"true"[39m
    [33maria-label[39m=[32m"Acknowledge warning to enable export"[39m
    [33mclass[39m=[32m"_button_c9c6cf _primary_c9c6cf _md_c9c6cf"[39m
    [33mdisabled[39m=[32m""[39m
    [33mtype[39m=[32m"button"[39m
  [36m/>[39m

  --------------------------------------------------
  alert:

  Name "":
  [36m<div[39m
    [33maria-live[39m=[32m"polite"[39m
    [33mclass[39m=[32m"_warningBox_39262a"[39m
    [33mrole[39m=[32m"alert"[39m
  [36m/>[39m

  --------------------------------------------------
  list:

  Name "":
  [36m<ul[39m
    [33mclass[39m=[32m"_warningList_39262a"[39m
  [36m/>[39m

  --------------------------------------------------
  listitem:

  Name "":
  [36m<li />[39m

  Name "":
  [36m<li />[39m

  Name "":
  [36m<li />[39m

  Name "":
  [36m<li />[39m

  --------------------------------------------------
  checkbox:

  Name "I understand that the exported file is not encrypted and I will handle it securely":
  [36m<input[39m
    [33maria-describedby[39m=[32m"export-warning-description"[39m
    [33mclass[39m=[32m"_checkbox_39262a"[39m
    [33mtype[39m=[32m"checkbox"[39m
  [36m/>[39m

  --------------------------------------------------

Ignored nodes: comments, script, style
[36m<body[39m
  [33mstyle[39m=[32m"overflow: hidden;"[39m
[36m>[39m
  [36m<div />[39m
  [36m<div[39m
    [33mclass[39m=[32m"_modalBackdrop_a5c4df"[39m
  [36m>[39m
    [36m<div[39m
      [33maria-labelledby[39m=[32m"modal-title"[39m
      [33maria-modal[39m=[32m"true"[39m
      [33mclass[39m=[32m"_modal_a5c4df _md_a5c4df"[39m
      [33mrole[39m=[32m"dialog"[39m
      [33mtabindex[39m=[32m"-1"[39m
    [36m>[39m
      [36m<div[39m
        [33mclass[39m=[32m"_modalHeader_a5c4df"[39m
      [36m>[39m
        [36m<h2[39m
          [33mclass[39m=[32m"_modalTitle_a5c4df"[39m
          [33mid[39m=[32m"modal-title"[39m
        [36m>[39m
          [0mExport Data - Security Notice[0m
        [36m</h2>[39m
        [36m<button[39m
          [33maria-label[39m=[32m"Close modal"[39m
          [33mclass[39m=[32m"_closeButton_a5c4df"[39m
          [33mtype[39m=[32m"button"[39m
        [36m>[39m
          [0m✕[0m
        [36m</button>[39m
      [36m</div>[39m
      [36m<div[39m
        [33mclass[39m=[32m"_modalBody_a5c4df"[39m
      [36m>[39m
        [36m<div[39m
          [33mclass[39m=[32m"_content_39262a"[39m
        [36m>[39m
          [36m<div[39m
            [33mclass[39m=[32m"_summary_39262a"[39m
          [36m>[39m
            [36m<p[39m
              [33mclass[39m=[32m"_summaryText_39262a"[39m
            [36m>[39m
              [0mYou're about to export [0m
              [36m<strong>[39m
                [0mTransactions[0m
              [36m</strong>[39m
              [0m [0m
              [0m([0m
              [0m150[0m
              [0m record[0m
              [0ms[0m
              [0m)[0m
              [0m.[0m
            [36m</p>[39m
          [36m</div>[39m
          [36m<div[39m
            [33maria-live[39m=[32m"polite"[39m
            [33mclass[39m=[32m"_warningBox_39262a"[39m
            [33mrole[39m=[32m"alert"[39m
          [36m>[39m
            [36m<div[39m
              [33maria-hidden[39m=[32m"true"[39m
              [33mclass[39m=[32m"_warningIcon_39262a"[39m
            [36m>[39m
              [36m<svg[39m
                [33mfill[39m=[32m"none"[39m
                [33mheight[39m=[32m"24"[39m
                [33mstroke[39m=[32m"currentColor"[39m
                [33mviewBox[39m=[32m"0 0 24 24"[39m
                [33mwidth[39m=[32m"24"[39m
              [36m>[39m
                [36m<path[39m
                  [33md[39m=[32m"M12 9v2m0 4h.01m-6.938 4h13.856c1.54 0 2.502-1.667 1.732-3L13.732 4c-.77-1.333-2.694-1.333-3.464 0L3.34 16c-.77 1.333.192 3 1.732 3z"[39m
                  [33mstroke-linecap[39m=[32m"round"[39m
                  [33mstroke-linejoin[39m=[32m"round"[39m
                  [33mstroke-width[39m=[32m"2"[39m
                [36m/>[39m
              [36m</svg>[39m
            [36m</div>[39m
            [36m<div[39m
              [33mclass[39m=[32m"_warningContent_39262a"[39m
            [36m>[39m
              [36m<h3[39m
                [33mclass[39m=[32m"_warningTitle_39262a"[39m
              [36m>[39m
                [0mImportant: Exported data is not encrypted[0m
              [36m</h3>[39m
              [36m<p[39m
                [33mclass[39m=[32m"_warningText_39262a"[39m
              [36m>[39m
                [0mOnce you download this file, it will contain your financial data in plain text. For your security, please:[0m
              [36m</p>[39m
              [36m<ul[39m
                [33mclass[39m=[32m"_warningList_39262a"[39m
              [36m>[39m
                [36m<li>[39m
                  [0mStore the file in a secure location on your device[0m
                [36m</li>[39m
                [36m<li>[39m
                  [0mDelete the file when you no longer need it[0m
                [36m</li>[39m
                [36m<li>[39m
                  [0mNever share the file over unsecured channels (email, messaging apps)[0m
                [36m</li>[39m
                [36m<li>[39m
                  [0mConsider encrypting the file yourself if storing long-term[0m
                [36m</li>[39m
              [36m</ul>[39m
            [36m</div>[39m
          [36m</div>[39m
          [36m<div[39m
            [33mclass[39m=[32m"_acknowledgment_39262a"[39m
          [36m>[39m
            [36m<label[39m
              [33mclass[39m=[32m"_checkboxLabel_39262a"[39m
            [36m>[39m
              [36m<input[39m
                [33maria-describedby[39m=[32m"export-warning-description"[39m
                [33mclass[39m=[32m"_checkbox_39262a"[39m
                [33mtype[39m=[32m"checkbox"[39m
              [36m/>[39m
              [36m<span[39m
                [33mclass[39m=[32m"_checkboxText_39262a"[39m
              [36m>[39m
                [0mI understand that the exported file is not encrypted and I will handle it securely[0m
              [36m</span>[39m
            [36m</label>[39m
          [36m</div>[39m
          [36m<div[39m
            [33mclass[39m=[32m"_srOnly_39262a"[39m
            [33mid[39m=[32m"export-warning-description"[39m
          [36m>[39m
            [0mCheck this box to confirm you understand the security implications of exporting unencrypted data and agree to handle the file securely.[0m
          [36m</div>[39m
        [36m</div>[39m
      [36m</div>[39m
      [36m<div[39m
        [33mclass[39m=[32m"_modalFooter_a5c4df"[39m
      [36m>[39m
        [36m<div[39m
          [33mclass[39m=[32m"_footer_39262a"[39m
        [36m>[39m
          [36m<button[39m
            [33maria-busy[39m=[32m"false"[39m
            [33maria-disabled[39m=[32m"false"[39m
            [33maria-label[39m=[32m"Cancel export"[39m
            [33mclass[39m=[32m"_button_c9c6cf _secondary_c9c6cf _md_c9c6cf"[39m
            [33mtype[39m=[32m"button"[39m
          [36m>[39m
            [36m<span[39m
              [33mclass[39m=[32m"_content_c9c6cf"[39m
            [36m>[39m
              [0mCancel[0m
            [36m</span>[39m
          [36m</button>[39m
          [36m<button[39m
            [33maria-busy[39m=[32m"false"[39m
            [33maria-disabled[39m=[32m"true"[39m
            [33maria-label[39m=[32m"Acknowledge warning to enable export"[39m
            [33mclass[39m=[32m"_button_c9c6cf _primary_c9c6cf _md_c9c6cf"[39m
            [33mdisabled[39m=[32m""[39m
            [33mtype[39m=[32m"button"[39m
          [36m>[39m
            [36m<span[39m
              [33mclass[39m=[32m"_content_c9c6cf"[39m
            [36m>[39m
              [0mExport Data[0m
            [36m</span>[39m
          [36m</button>[39m
        [36m</div>[39m
      [36m</div>[39m
    [36m</div>[39m
  [36m</div>[39m
[36m</body>[39m
 ❯ Object.getElementError node_modules/@testing-library/react/node_modules/@testing-library/dom/dist/config.js:37:19
 ❯ node_modules/@testing-library/react/node_modules/@testing-library/dom/dist/query-helpers.js:76:38
 ❯ node_modules/@testing-library/react/node_modules/@testing-library/dom/dist/query-helpers.js:52:17
 ❯ node_modules/@testing-library/react/node_modules/@testing-library/dom/dist/query-helpers.js:95:19
 ❯ src/components/modals/ExportWarningModal.test.tsx:71:35
     69|       render(<ExportWarningModal {...defaultProps} />)
     70|
     71|       const exportButton = screen.getByRole('button', { name: /export …
       |                                   ^
     72|       expect(exportButton).toBeDisabled()
     73|     })

⎯⎯⎯⎯⎯⎯⎯⎯⎯⎯⎯⎯⎯⎯⎯⎯⎯⎯⎯⎯[270/824]⎯

 FAIL  src/components/modals/ExportWarningModal.test.tsx > ExportWarningModal > Warning Acknowledgment > should enable export button when checkbox is checked
TestingLibraryElementError: Unable to find an accessible element with the role "button" and name `/export data/i`

Here are the accessible roles:

  dialog:

  Name "Export Data - Security Notice":
  [36m<div[39m
    [33maria-labelledby[39m=[32m"modal-title"[39m
    [33maria-modal[39m=[32m"true"[39m
    [33mclass[39m=[32m"_modal_a5c4df _md_a5c4df"[39m
    [33mrole[39m=[32m"dialog"[39m
    [33mtabindex[39m=[32m"-1"[39m
  [36m/>[39m

  --------------------------------------------------
  heading:

  Name "Export Data - Security Notice":
  [36m<h2[39m
    [33mclass[39m=[32m"_modalTitle_a5c4df"[39m
    [33mid[39m=[32m"modal-title"[39m
  [36m/>[39m

  Name "Important: Exported data is not encrypted":
  [36m<h3[39m
    [33mclass[39m=[32m"_warningTitle_39262a"[39m
  [36m/>[39m

  --------------------------------------------------
  button:

  Name "Close modal":
  [36m<button[39m
    [33maria-label[39m=[32m"Close modal"[39m
    [33mclass[39m=[32m"_closeButton_a5c4df"[39m
    [33mtype[39m=[32m"button"[39m
  [36m/>[39m

  Name "Cancel export":
  [36m<button[39m
    [33maria-busy[39m=[32m"false"[39m
    [33maria-disabled[39m=[32m"false"[39m
    [33maria-label[39m=[32m"Cancel export"[39m
    [33mclass[39m=[32m"_button_c9c6cf _secondary_c9c6cf _md_c9c6cf"[39m
    [33mtype[39m=[32m"button"[39m
  [36m/>[39m

  Name "Acknowledge warning to enable export":
  [36m<button[39m
    [33maria-busy[39m=[32m"false"[39m
    [33maria-disabled[39m=[32m"true"[39m
    [33maria-label[39m=[32m"Acknowledge warning to enable export"[39m
    [33mclass[39m=[32m"_button_c9c6cf _primary_c9c6cf _md_c9c6cf"[39m
    [33mdisabled[39m=[32m""[39m
    [33mtype[39m=[32m"button"[39m
  [36m/>[39m

  --------------------------------------------------
  alert:

  Name "":
  [36m<div[39m
    [33maria-live[39m=[32m"polite"[39m
    [33mclass[39m=[32m"_warningBox_39262a"[39m
    [33mrole[39m=[32m"alert"[39m
  [36m/>[39m

  --------------------------------------------------
  list:

  Name "":
  [36m<ul[39m
    [33mclass[39m=[32m"_warningList_39262a"[39m
  [36m/>[39m

  --------------------------------------------------
  listitem:

  Name "":
  [36m<li />[39m

  Name "":
  [36m<li />[39m

  Name "":
  [36m<li />[39m

  Name "":
  [36m<li />[39m

  --------------------------------------------------
  checkbox:

  Name "I understand that the exported file is not encrypted and I will handle it securely":
  [36m<input[39m
    [33maria-describedby[39m=[32m"export-warning-description"[39m
    [33mclass[39m=[32m"_checkbox_39262a"[39m
    [33mtype[39m=[32m"checkbox"[39m
  [36m/>[39m

  --------------------------------------------------

Ignored nodes: comments, script, style
[36m<body[39m
  [33mstyle[39m=[32m"overflow: hidden;"[39m
[36m>[39m
  [36m<div />[39m
  [36m<div[39m
    [33mclass[39m=[32m"_modalBackdrop_a5c4df"[39m
  [36m>[39m
    [36m<div[39m
      [33maria-labelledby[39m=[32m"modal-title"[39m
      [33maria-modal[39m=[32m"true"[39m
      [33mclass[39m=[32m"_modal_a5c4df _md_a5c4df"[39m
      [33mrole[39m=[32m"dialog"[39m
      [33mtabindex[39m=[32m"-1"[39m
    [36m>[39m
      [36m<div[39m
        [33mclass[39m=[32m"_modalHeader_a5c4df"[39m
      [36m>[39m
        [36m<h2[39m
          [33mclass[39m=[32m"_modalTitle_a5c4df"[39m
          [33mid[39m=[32m"modal-title"[39m
        [36m>[39m
          [0mExport Data - Security Notice[0m
        [36m</h2>[39m
        [36m<button[39m
          [33maria-label[39m=[32m"Close modal"[39m
          [33mclass[39m=[32m"_closeButton_a5c4df"[39m
          [33mtype[39m=[32m"button"[39m
        [36m>[39m
          [0m✕[0m
        [36m</button>[39m
      [36m</div>[39m
      [36m<div[39m
        [33mclass[39m=[32m"_modalBody_a5c4df"[39m
      [36m>[39m
        [36m<div[39m
          [33mclass[39m=[32m"_content_39262a"[39m
        [36m>[39m
          [36m<div[39m
            [33mclass[39m=[32m"_summary_39262a"[39m
          [36m>[39m
            [36m<p[39m
              [33mclass[39m=[32m"_summaryText_39262a"[39m
            [36m>[39m
              [0mYou're about to export [0m
              [36m<strong>[39m
                [0mTransactions[0m
              [36m</strong>[39m
              [0m [0m
              [0m([0m
              [0m150[0m
              [0m record[0m
              [0ms[0m
              [0m)[0m
              [0m.[0m
            [36m</p>[39m
          [36m</div>[39m
          [36m<div[39m
            [33maria-live[39m=[32m"polite"[39m
            [33mclass[39m=[32m"_warningBox_39262a"[39m
            [33mrole[39m=[32m"alert"[39m
          [36m>[39m
            [36m<div[39m
              [33maria-hidden[39m=[32m"true"[39m
              [33mclass[39m=[32m"_warningIcon_39262a"[39m
            [36m>[39m
              [36m<svg[39m
                [33mfill[39m=[32m"none"[39m
                [33mheight[39m=[32m"24"[39m
                [33mstroke[39m=[32m"currentColor"[39m
                [33mviewBox[39m=[32m"0 0 24 24"[39m
                [33mwidth[39m=[32m"24"[39m
              [36m>[39m
                [36m<path[39m
                  [33md[39m=[32m"M12 9v2m0 4h.01m-6.938 4h13.856c1.54 0 2.502-1.667 1.732-3L13.732 4c-.77-1.333-2.694-1.333-3.464 0L3.34 16c-.77 1.333.192 3 1.732 3z"[39m
                  [33mstroke-linecap[39m=[32m"round"[39m
                  [33mstroke-linejoin[39m=[32m"round"[39m
                  [33mstroke-width[39m=[32m"2"[39m
                [36m/>[39m
              [36m</svg>[39m
            [36m</div>[39m
            [36m<div[39m
              [33mclass[39m=[32m"_warningContent_39262a"[39m
            [36m>[39m
              [36m<h3[39m
                [33mclass[39m=[32m"_warningTitle_39262a"[39m
              [36m>[39m
                [0mImportant: Exported data is not encrypted[0m
              [36m</h3>[39m
              [36m<p[39m
                [33mclass[39m=[32m"_warningText_39262a"[39m
              [36m>[39m
                [0mOnce you download this file, it will contain your financial data in plain text. For your security, please:[0m
              [36m</p>[39m
              [36m<ul[39m
                [33mclass[39m=[32m"_warningList_39262a"[39m
              [36m>[39m
                [36m<li>[39m
                  [0mStore the file in a secure location on your device[0m
                [36m</li>[39m
                [36m<li>[39m
                  [0mDelete the file when you no longer need it[0m
                [36m</li>[39m
                [36m<li>[39m
                  [0mNever share the file over unsecured channels (email, messaging apps)[0m
                [36m</li>[39m
                [36m<li>[39m
                  [0mConsider encrypting the file yourself if storing long-term[0m
                [36m</li>[39m
              [36m</ul>[39m
            [36m</div>[39m
          [36m</div>[39m
          [36m<div[39m
            [33mclass[39m=[32m"_acknowledgment_39262a"[39m
          [36m>[39m
            [36m<label[39m
              [33mclass[39m=[32m"_checkboxLabel_39262a"[39m
            [36m>[39m
              [36m<input[39m
                [33maria-describedby[39m=[32m"export-warning-description"[39m
                [33mclass[39m=[32m"_checkbox_39262a"[39m
                [33mtype[39m=[32m"checkbox"[39m
              [36m/>[39m
              [36m<span[39m
                [33mclass[39m=[32m"_checkboxText_39262a"[39m
              [36m>[39m
                [0mI understand that the exported file is not encrypted and I will handle it securely[0m
              [36m</span>[39m
            [36m</label>[39m
          [36m</div>[39m
          [36m<div[39m
            [33mclass[39m=[32m"_srOnly_39262a"[39m
            [33mid[39m=[32m"export-warning-description"[39m
          [36m>[39m
            [0mCheck this box to confirm you understand the security implications of exporting unencrypted data and agree to handle the file securely.[0m
          [36m</div>[39m
        [36m</div>[39m
      [36m</div>[39m
      [36m<div[39m
        [33mclass[39m=[32m"_modalFooter_a5c4df"[39m
      [36m>[39m
        [36m<div[39m
          [33mclass[39m=[32m"_footer_39262a"[39m
        [36m>[39m
          [36m<button[39m
            [33maria-busy[39m=[32m"false"[39m
            [33maria-disabled[39m=[32m"false"[39m
            [33maria-label[39m=[32m"Cancel export"[39m
            [33mclass[39m=[32m"_button_c9c6cf _secondary_c9c6cf _md_c9c6cf"[39m
            [33mtype[39m=[32m"button"[39m
          [36m>[39m
            [36m<span[39m
              [33mclass[39m=[32m"_content_c9c6cf"[39m
            [36m>[39m
              [0mCancel[0m
            [36m</span>[39m
          [36m</button>[39m
          [36m<button[39m
            [33maria-busy[39m=[32m"false"[39m
            [33maria-disabled[39m=[32m"true"[39m
            [33maria-label[39m=[32m"Acknowledge warning to enable export"[39m
            [33mclass[39m=[32m"_button_c9c6cf _primary_c9c6cf _md_c9c6cf"[39m
            [33mdisabled[39m=[32m""[39m
            [33mtype[39m=[32m"button"[39m
          [36m>[39m
            [36m<span[39m
              [33mclass[39m=[32m"_content_c9c6cf"[39m
            [36m>[39m
              [0mExport Data[0m
            [36m</span>[39m
          [36m</button>[39m
        [36m</div>[39m
      [36m</div>[39m
    [36m</div>[39m
  [36m</div>[39m
[36m</body>[39m
 ❯ Object.getElementError node_modules/@testing-library/react/node_modules/@testing-library/dom/dist/config.js:37:19
 ❯ node_modules/@testing-library/react/node_modules/@testing-library/dom/dist/query-helpers.js:76:38
 ❯ node_modules/@testing-library/react/node_modules/@testing-library/dom/dist/query-helpers.js:52:17
 ❯ node_modules/@testing-library/react/node_modules/@testing-library/dom/dist/query-helpers.js:95:19
 ❯ src/components/modals/ExportWarningModal.test.tsx:79:35
     77|
     78|       const checkbox = screen.getByRole('checkbox')
     79|       const exportButton = screen.getByRole('button', { name: /export …
       |                                   ^
     80|
     81|       expect(exportButton).toBeDisabled()

⎯⎯⎯⎯⎯⎯⎯⎯⎯⎯⎯⎯⎯⎯⎯⎯⎯⎯⎯⎯[271/824]⎯

 FAIL  src/components/modals/ExportWarningModal.test.tsx > ExportWarningModal > Warning Acknowledgment > should disable export button when checkbox is unchecked
TestingLibraryElementError: Unable to find an accessible element with the role "button" and name `/export data/i`

Here are the accessible roles:

  dialog:

  Name "Export Data - Security Notice":
  [36m<div[39m
    [33maria-labelledby[39m=[32m"modal-title"[39m
    [33maria-modal[39m=[32m"true"[39m
    [33mclass[39m=[32m"_modal_a5c4df _md_a5c4df"[39m
    [33mrole[39m=[32m"dialog"[39m
    [33mtabindex[39m=[32m"-1"[39m
  [36m/>[39m

  --------------------------------------------------
  heading:

  Name "Export Data - Security Notice":
  [36m<h2[39m
    [33mclass[39m=[32m"_modalTitle_a5c4df"[39m
    [33mid[39m=[32m"modal-title"[39m
  [36m/>[39m

  Name "Important: Exported data is not encrypted":
  [36m<h3[39m
    [33mclass[39m=[32m"_warningTitle_39262a"[39m
  [36m/>[39m

  --------------------------------------------------
  button:

  Name "Close modal":
  [36m<button[39m
    [33maria-label[39m=[32m"Close modal"[39m
    [33mclass[39m=[32m"_closeButton_a5c4df"[39m
    [33mtype[39m=[32m"button"[39m
  [36m/>[39m

  Name "Cancel export":
  [36m<button[39m
    [33maria-busy[39m=[32m"false"[39m
    [33maria-disabled[39m=[32m"false"[39m
    [33maria-label[39m=[32m"Cancel export"[39m
    [33mclass[39m=[32m"_button_c9c6cf _secondary_c9c6cf _md_c9c6cf"[39m
    [33mtype[39m=[32m"button"[39m
  [36m/>[39m

  Name "Acknowledge warning to enable export":
  [36m<button[39m
    [33maria-busy[39m=[32m"false"[39m
    [33maria-disabled[39m=[32m"true"[39m
    [33maria-label[39m=[32m"Acknowledge warning to enable export"[39m
    [33mclass[39m=[32m"_button_c9c6cf _primary_c9c6cf _md_c9c6cf"[39m
    [33mdisabled[39m=[32m""[39m
    [33mtype[39m=[32m"button"[39m
  [36m/>[39m

  --------------------------------------------------
  alert:

  Name "":
  [36m<div[39m
    [33maria-live[39m=[32m"polite"[39m
    [33mclass[39m=[32m"_warningBox_39262a"[39m
    [33mrole[39m=[32m"alert"[39m
  [36m/>[39m

  --------------------------------------------------
  list:

  Name "":
  [36m<ul[39m
    [33mclass[39m=[32m"_warningList_39262a"[39m
  [36m/>[39m

  --------------------------------------------------
  listitem:

  Name "":
  [36m<li />[39m

  Name "":
  [36m<li />[39m

  Name "":
  [36m<li />[39m

  Name "":
  [36m<li />[39m

  --------------------------------------------------
  checkbox:

  Name "I understand that the exported file is not encrypted and I will handle it securely":
  [36m<input[39m
    [33maria-describedby[39m=[32m"export-warning-description"[39m
    [33mclass[39m=[32m"_checkbox_39262a"[39m
    [33mtype[39m=[32m"checkbox"[39m
  [36m/>[39m

  --------------------------------------------------

Ignored nodes: comments, script, style
[36m<body[39m
  [33mstyle[39m=[32m"overflow: hidden;"[39m
[36m>[39m
  [36m<div />[39m
  [36m<div[39m
    [33mclass[39m=[32m"_modalBackdrop_a5c4df"[39m
  [36m>[39m
    [36m<div[39m
      [33maria-labelledby[39m=[32m"modal-title"[39m
      [33maria-modal[39m=[32m"true"[39m
      [33mclass[39m=[32m"_modal_a5c4df _md_a5c4df"[39m
      [33mrole[39m=[32m"dialog"[39m
      [33mtabindex[39m=[32m"-1"[39m
    [36m>[39m
      [36m<div[39m
        [33mclass[39m=[32m"_modalHeader_a5c4df"[39m
      [36m>[39m
        [36m<h2[39m
          [33mclass[39m=[32m"_modalTitle_a5c4df"[39m
          [33mid[39m=[32m"modal-title"[39m
        [36m>[39m
          [0mExport Data - Security Notice[0m
        [36m</h2>[39m
        [36m<button[39m
          [33maria-label[39m=[32m"Close modal"[39m
          [33mclass[39m=[32m"_closeButton_a5c4df"[39m
          [33mtype[39m=[32m"button"[39m
        [36m>[39m
          [0m✕[0m
        [36m</button>[39m
      [36m</div>[39m
      [36m<div[39m
        [33mclass[39m=[32m"_modalBody_a5c4df"[39m
      [36m>[39m
        [36m<div[39m
          [33mclass[39m=[32m"_content_39262a"[39m
        [36m>[39m
          [36m<div[39m
            [33mclass[39m=[32m"_summary_39262a"[39m
          [36m>[39m
            [36m<p[39m
              [33mclass[39m=[32m"_summaryText_39262a"[39m
            [36m>[39m
              [0mYou're about to export [0m
              [36m<strong>[39m
                [0mTransactions[0m
              [36m</strong>[39m
              [0m [0m
              [0m([0m
              [0m150[0m
              [0m record[0m
              [0ms[0m
              [0m)[0m
              [0m.[0m
            [36m</p>[39m
          [36m</div>[39m
          [36m<div[39m
            [33maria-live[39m=[32m"polite"[39m
            [33mclass[39m=[32m"_warningBox_39262a"[39m
            [33mrole[39m=[32m"alert"[39m
          [36m>[39m
            [36m<div[39m
              [33maria-hidden[39m=[32m"true"[39m
              [33mclass[39m=[32m"_warningIcon_39262a"[39m
            [36m>[39m
              [36m<svg[39m
                [33mfill[39m=[32m"none"[39m
                [33mheight[39m=[32m"24"[39m
                [33mstroke[39m=[32m"currentColor"[39m
                [33mviewBox[39m=[32m"0 0 24 24"[39m
                [33mwidth[39m=[32m"24"[39m
              [36m>[39m
                [36m<path[39m
                  [33md[39m=[32m"M12 9v2m0 4h.01m-6.938 4h13.856c1.54 0 2.502-1.667 1.732-3L13.732 4c-.77-1.333-2.694-1.333-3.464 0L3.34 16c-.77 1.333.192 3 1.732 3z"[39m
                  [33mstroke-linecap[39m=[32m"round"[39m
                  [33mstroke-linejoin[39m=[32m"round"[39m
                  [33mstroke-width[39m=[32m"2"[39m
                [36m/>[39m
              [36m</svg>[39m
            [36m</div>[39m
            [36m<div[39m
              [33mclass[39m=[32m"_warningContent_39262a"[39m
            [36m>[39m
              [36m<h3[39m
                [33mclass[39m=[32m"_warningTitle_39262a"[39m
              [36m>[39m
                [0mImportant: Exported data is not encrypted[0m
              [36m</h3>[39m
              [36m<p[39m
                [33mclass[39m=[32m"_warningText_39262a"[39m
              [36m>[39m
                [0mOnce you download this file, it will contain your financial data in plain text. For your security, please:[0m
              [36m</p>[39m
              [36m<ul[39m
                [33mclass[39m=[32m"_warningList_39262a"[39m
              [36m>[39m
                [36m<li>[39m
                  [0mStore the file in a secure location on your device[0m
                [36m</li>[39m
                [36m<li>[39m
                  [0mDelete the file when you no longer need it[0m
                [36m</li>[39m
                [36m<li>[39m
                  [0mNever share the file over unsecured channels (email, messaging apps)[0m
                [36m</li>[39m
                [36m<li>[39m
                  [0mConsider encrypting the file yourself if storing long-term[0m
                [36m</li>[39m
              [36m</ul>[39m
            [36m</div>[39m
          [36m</div>[39m
          [36m<div[39m
            [33mclass[39m=[32m"_acknowledgment_39262a"[39m
          [36m>[39m
            [36m<label[39m
              [33mclass[39m=[32m"_checkboxLabel_39262a"[39m
            [36m>[39m
              [36m<input[39m
                [33maria-describedby[39m=[32m"export-warning-description"[39m
                [33mclass[39m=[32m"_checkbox_39262a"[39m
                [33mtype[39m=[32m"checkbox"[39m
              [36m/>[39m
              [36m<span[39m
                [33mclass[39m=[32m"_checkboxText_39262a"[39m
              [36m>[39m
                [0mI understand that the exported file is not encrypted and I will handle it securely[0m
              [36m</span>[39m
            [36m</label>[39m
          [36m</div>[39m
          [36m<div[39m
            [33mclass[39m=[32m"_srOnly_39262a"[39m
            [33mid[39m=[32m"export-warning-description"[39m
          [36m>[39m
            [0mCheck this box to confirm you understand the security implications of exporting unencrypted data and agree to handle the file securely.[0m
          [36m</div>[39m
        [36m</div>[39m
      [36m</div>[39m
      [36m<div[39m
        [33mclass[39m=[32m"_modalFooter_a5c4df"[39m
      [36m>[39m
        [36m<div[39m
          [33mclass[39m=[32m"_footer_39262a"[39m
        [36m>[39m
          [36m<button[39m
            [33maria-busy[39m=[32m"false"[39m
            [33maria-disabled[39m=[32m"false"[39m
            [33maria-label[39m=[32m"Cancel export"[39m
            [33mclass[39m=[32m"_button_c9c6cf _secondary_c9c6cf _md_c9c6cf"[39m
            [33mtype[39m=[32m"button"[39m
          [36m>[39m
            [36m<span[39m
              [33mclass[39m=[32m"_content_c9c6cf"[39m
            [36m>[39m
              [0mCancel[0m
            [36m</span>[39m
          [36m</button>[39m
          [36m<button[39m
            [33maria-busy[39m=[32m"false"[39m
            [33maria-disabled[39m=[32m"true"[39m
            [33maria-label[39m=[32m"Acknowledge warning to enable export"[39m
            [33mclass[39m=[32m"_button_c9c6cf _primary_c9c6cf _md_c9c6cf"[39m
            [33mdisabled[39m=[32m""[39m
            [33mtype[39m=[32m"button"[39m
          [36m>[39m
            [36m<span[39m
              [33mclass[39m=[32m"_content_c9c6cf"[39m
            [36m>[39m
              [0mExport Data[0m
            [36m</span>[39m
          [36m</button>[39m
        [36m</div>[39m
      [36m</div>[39m
    [36m</div>[39m
  [36m</div>[39m
[36m</body>[39m
 ❯ Object.getElementError node_modules/@testing-library/react/node_modules/@testing-library/dom/dist/config.js:37:19
 ❯ node_modules/@testing-library/react/node_modules/@testing-library/dom/dist/query-helpers.js:76:38
 ❯ node_modules/@testing-library/react/node_modules/@testing-library/dom/dist/query-helpers.js:52:17
 ❯ node_modules/@testing-library/react/node_modules/@testing-library/dom/dist/query-helpers.js:95:19
 ❯ src/components/modals/ExportWarningModal.test.tsx:94:35
     92|
     93|       const checkbox = screen.getByRole('checkbox')
     94|       const exportButton = screen.getByRole('button', { name: /export …
       |                                   ^
     95|
     96|       // Check the box

⎯⎯⎯⎯⎯⎯⎯⎯⎯⎯⎯⎯⎯⎯⎯⎯⎯⎯⎯⎯[272/824]⎯

 FAIL  src/components/modals/ExportWarningModal.test.tsx > ExportWarningModal > Warning Acknowledgment > should call onConfirm when export button clicked with acknowledgment
TestingLibraryElementError: Unable to find an accessible element with the role "button" and name `/export data/i`

Here are the accessible roles:

  dialog:

  Name "Export Data - Security Notice":
  [36m<div[39m
    [33maria-labelledby[39m=[32m"modal-title"[39m
    [33maria-modal[39m=[32m"true"[39m
    [33mclass[39m=[32m"_modal_a5c4df _md_a5c4df"[39m
    [33mrole[39m=[32m"dialog"[39m
    [33mtabindex[39m=[32m"-1"[39m
  [36m/>[39m

  --------------------------------------------------
  heading:

  Name "Export Data - Security Notice":
  [36m<h2[39m
    [33mclass[39m=[32m"_modalTitle_a5c4df"[39m
    [33mid[39m=[32m"modal-title"[39m
  [36m/>[39m

  Name "Important: Exported data is not encrypted":
  [36m<h3[39m
    [33mclass[39m=[32m"_warningTitle_39262a"[39m
  [36m/>[39m

  --------------------------------------------------
  button:

  Name "Close modal":
  [36m<button[39m
    [33maria-label[39m=[32m"Close modal"[39m
    [33mclass[39m=[32m"_closeButton_a5c4df"[39m
    [33mtype[39m=[32m"button"[39m
  [36m/>[39m

  Name "Cancel export":
  [36m<button[39m
    [33maria-busy[39m=[32m"false"[39m
    [33maria-disabled[39m=[32m"false"[39m
    [33maria-label[39m=[32m"Cancel export"[39m
    [33mclass[39m=[32m"_button_c9c6cf _secondary_c9c6cf _md_c9c6cf"[39m
    [33mtype[39m=[32m"button"[39m
  [36m/>[39m

  Name "Acknowledge warning to enable export":
  [36m<button[39m
    [33maria-busy[39m=[32m"false"[39m
    [33maria-disabled[39m=[32m"true"[39m
    [33maria-label[39m=[32m"Acknowledge warning to enable export"[39m
    [33mclass[39m=[32m"_button_c9c6cf _primary_c9c6cf _md_c9c6cf"[39m
    [33mdisabled[39m=[32m""[39m
    [33mtype[39m=[32m"button"[39m
  [36m/>[39m

  --------------------------------------------------
  alert:

  Name "":
  [36m<div[39m
    [33maria-live[39m=[32m"polite"[39m
    [33mclass[39m=[32m"_warningBox_39262a"[39m
    [33mrole[39m=[32m"alert"[39m
  [36m/>[39m

  --------------------------------------------------
  list:

  Name "":
  [36m<ul[39m
    [33mclass[39m=[32m"_warningList_39262a"[39m
  [36m/>[39m

  --------------------------------------------------
  listitem:

  Name "":
  [36m<li />[39m

  Name "":
  [36m<li />[39m

  Name "":
  [36m<li />[39m

  Name "":
  [36m<li />[39m

  --------------------------------------------------
  checkbox:

  Name "I understand that the exported file is not encrypted and I will handle it securely":
  [36m<input[39m
    [33maria-describedby[39m=[32m"export-warning-description"[39m
    [33mclass[39m=[32m"_checkbox_39262a"[39m
    [33mtype[39m=[32m"checkbox"[39m
  [36m/>[39m

  --------------------------------------------------

Ignored nodes: comments, script, style
[36m<body[39m
  [33mstyle[39m=[32m"overflow: hidden;"[39m
[36m>[39m
  [36m<div />[39m
  [36m<div[39m
    [33mclass[39m=[32m"_modalBackdrop_a5c4df"[39m
  [36m>[39m
    [36m<div[39m
      [33maria-labelledby[39m=[32m"modal-title"[39m
      [33maria-modal[39m=[32m"true"[39m
      [33mclass[39m=[32m"_modal_a5c4df _md_a5c4df"[39m
      [33mrole[39m=[32m"dialog"[39m
      [33mtabindex[39m=[32m"-1"[39m
    [36m>[39m
      [36m<div[39m
        [33mclass[39m=[32m"_modalHeader_a5c4df"[39m
      [36m>[39m
        [36m<h2[39m
          [33mclass[39m=[32m"_modalTitle_a5c4df"[39m
          [33mid[39m=[32m"modal-title"[39m
        [36m>[39m
          [0mExport Data - Security Notice[0m
        [36m</h2>[39m
        [36m<button[39m
          [33maria-label[39m=[32m"Close modal"[39m
          [33mclass[39m=[32m"_closeButton_a5c4df"[39m
          [33mtype[39m=[32m"button"[39m
        [36m>[39m
          [0m✕[0m
        [36m</button>[39m
      [36m</div>[39m
      [36m<div[39m
        [33mclass[39m=[32m"_modalBody_a5c4df"[39m
      [36m>[39m
        [36m<div[39m
          [33mclass[39m=[32m"_content_39262a"[39m
        [36m>[39m
          [36m<div[39m
            [33mclass[39m=[32m"_summary_39262a"[39m
          [36m>[39m
            [36m<p[39m
              [33mclass[39m=[32m"_summaryText_39262a"[39m
            [36m>[39m
              [0mYou're about to export [0m
              [36m<strong>[39m
                [0mTransactions[0m
              [36m</strong>[39m
              [0m [0m
              [0m([0m
              [0m150[0m
              [0m record[0m
              [0ms[0m
              [0m)[0m
              [0m.[0m
            [36m</p>[39m
          [36m</div>[39m
          [36m<div[39m
            [33maria-live[39m=[32m"polite"[39m
            [33mclass[39m=[32m"_warningBox_39262a"[39m
            [33mrole[39m=[32m"alert"[39m
          [36m>[39m
            [36m<div[39m
              [33maria-hidden[39m=[32m"true"[39m
              [33mclass[39m=[32m"_warningIcon_39262a"[39m
            [36m>[39m
              [36m<svg[39m
                [33mfill[39m=[32m"none"[39m
                [33mheight[39m=[32m"24"[39m
                [33mstroke[39m=[32m"currentColor"[39m
                [33mviewBox[39m=[32m"0 0 24 24"[39m
                [33mwidth[39m=[32m"24"[39m
              [36m>[39m
                [36m<path[39m
                  [33md[39m=[32m"M12 9v2m0 4h.01m-6.938 4h13.856c1.54 0 2.502-1.667 1.732-3L13.732 4c-.77-1.333-2.694-1.333-3.464 0L3.34 16c-.77 1.333.192 3 1.732 3z"[39m
                  [33mstroke-linecap[39m=[32m"round"[39m
                  [33mstroke-linejoin[39m=[32m"round"[39m
                  [33mstroke-width[39m=[32m"2"[39m
                [36m/>[39m
              [36m</svg>[39m
            [36m</div>[39m
            [36m<div[39m
              [33mclass[39m=[32m"_warningContent_39262a"[39m
            [36m>[39m
              [36m<h3[39m
                [33mclass[39m=[32m"_warningTitle_39262a"[39m
              [36m>[39m
                [0mImportant: Exported data is not encrypted[0m
              [36m</h3>[39m
              [36m<p[39m
                [33mclass[39m=[32m"_warningText_39262a"[39m
              [36m>[39m
                [0mOnce you download this file, it will contain your financial data in plain text. For your security, please:[0m
              [36m</p>[39m
              [36m<ul[39m
                [33mclass[39m=[32m"_warningList_39262a"[39m
              [36m>[39m
                [36m<li>[39m
                  [0mStore the file in a secure location on your device[0m
                [36m</li>[39m
                [36m<li>[39m
                  [0mDelete the file when you no longer need it[0m
                [36m</li>[39m
                [36m<li>[39m
                  [0mNever share the file over unsecured channels (email, messaging apps)[0m
                [36m</li>[39m
                [36m<li>[39m
                  [0mConsider encrypting the file yourself if storing long-term[0m
                [36m</li>[39m
              [36m</ul>[39m
            [36m</div>[39m
          [36m</div>[39m
          [36m<div[39m
            [33mclass[39m=[32m"_acknowledgment_39262a"[39m
          [36m>[39m
            [36m<label[39m
              [33mclass[39m=[32m"_checkboxLabel_39262a"[39m
            [36m>[39m
              [36m<input[39m
                [33maria-describedby[39m=[32m"export-warning-description"[39m
                [33mclass[39m=[32m"_checkbox_39262a"[39m
                [33mtype[39m=[32m"checkbox"[39m
              [36m/>[39m
              [36m<span[39m
                [33mclass[39m=[32m"_checkboxText_39262a"[39m
              [36m>[39m
                [0mI understand that the exported file is not encrypted and I will handle it securely[0m
              [36m</span>[39m
            [36m</label>[39m
          [36m</div>[39m
          [36m<div[39m
            [33mclass[39m=[32m"_srOnly_39262a"[39m
            [33mid[39m=[32m"export-warning-description"[39m
          [36m>[39m
            [0mCheck this box to confirm you understand the security implications of exporting unencrypted data and agree to handle the file securely.[0m
          [36m</div>[39m
        [36m</div>[39m
      [36m</div>[39m
      [36m<div[39m
        [33mclass[39m=[32m"_modalFooter_a5c4df"[39m
      [36m>[39m
        [36m<div[39m
          [33mclass[39m=[32m"_footer_39262a"[39m
        [36m>[39m
          [36m<button[39m
            [33maria-busy[39m=[32m"false"[39m
            [33maria-disabled[39m=[32m"false"[39m
            [33maria-label[39m=[32m"Cancel export"[39m
            [33mclass[39m=[32m"_button_c9c6cf _secondary_c9c6cf _md_c9c6cf"[39m
            [33mtype[39m=[32m"button"[39m
          [36m>[39m
            [36m<span[39m
              [33mclass[39m=[32m"_content_c9c6cf"[39m
            [36m>[39m
              [0mCancel[0m
            [36m</span>[39m
          [36m</button>[39m
          [36m<button[39m
            [33maria-busy[39m=[32m"false"[39m
            [33maria-disabled[39m=[32m"true"[39m
            [33maria-label[39m=[32m"Acknowledge warning to enable export"[39m
            [33mclass[39m=[32m"_button_c9c6cf _primary_c9c6cf _md_c9c6cf"[39m
            [33mdisabled[39m=[32m""[39m
            [33mtype[39m=[32m"button"[39m
          [36m>[39m
            [36m<span[39m
              [33mclass[39m=[32m"_content_c9c6cf"[39m
            [36m>[39m
              [0mExport Data[0m
            [36m</span>[39m
          [36m</button>[39m
        [36m</div>[39m
      [36m</div>[39m
    [36m</div>[39m
  [36m</div>[39m
[36m</body>[39m
 ❯ Object.getElementError node_modules/@testing-library/react/node_modules/@testing-library/dom/dist/config.js:37:19
 ❯ node_modules/@testing-library/react/node_modules/@testing-library/dom/dist/query-helpers.js:76:38
 ❯ node_modules/@testing-library/react/node_modules/@testing-library/dom/dist/query-helpers.js:52:17
 ❯ node_modules/@testing-library/react/node_modules/@testing-library/dom/dist/query-helpers.js:95:19
 ❯ src/components/modals/ExportWarningModal.test.tsx:109:35
    107|
    108|       const checkbox = screen.getByRole('checkbox')
    109|       const exportButton = screen.getByRole('button', { name: /export …
       |                                   ^
    110|
    111|       fireEvent.click(checkbox)

⎯⎯⎯⎯⎯⎯⎯⎯⎯⎯⎯⎯⎯⎯⎯⎯⎯⎯⎯⎯[273/824]⎯

 FAIL  src/components/modals/ExportWarningModal.test.tsx > ExportWarningModal > Warning Acknowledgment > should not call onConfirm without acknowledgment
TestingLibraryElementError: Unable to find an accessible element with the role "button" and name `/export data/i`

Here are the accessible roles:

  dialog:

  Name "Export Data - Security Notice":
  [36m<div[39m
    [33maria-labelledby[39m=[32m"modal-title"[39m
    [33maria-modal[39m=[32m"true"[39m
    [33mclass[39m=[32m"_modal_a5c4df _md_a5c4df"[39m
    [33mrole[39m=[32m"dialog"[39m
    [33mtabindex[39m=[32m"-1"[39m
  [36m/>[39m

  --------------------------------------------------
  heading:

  Name "Export Data - Security Notice":
  [36m<h2[39m
    [33mclass[39m=[32m"_modalTitle_a5c4df"[39m
    [33mid[39m=[32m"modal-title"[39m
  [36m/>[39m

  Name "Important: Exported data is not encrypted":
  [36m<h3[39m
    [33mclass[39m=[32m"_warningTitle_39262a"[39m
  [36m/>[39m

  --------------------------------------------------
  button:

  Name "Close modal":
  [36m<button[39m
    [33maria-label[39m=[32m"Close modal"[39m
    [33mclass[39m=[32m"_closeButton_a5c4df"[39m
    [33mtype[39m=[32m"button"[39m
  [36m/>[39m

  Name "Cancel export":
  [36m<button[39m
    [33maria-busy[39m=[32m"false"[39m
    [33maria-disabled[39m=[32m"false"[39m
    [33maria-label[39m=[32m"Cancel export"[39m
    [33mclass[39m=[32m"_button_c9c6cf _secondary_c9c6cf _md_c9c6cf"[39m
    [33mtype[39m=[32m"button"[39m
  [36m/>[39m

  Name "Acknowledge warning to enable export":
  [36m<button[39m
    [33maria-busy[39m=[32m"false"[39m
    [33maria-disabled[39m=[32m"true"[39m
    [33maria-label[39m=[32m"Acknowledge warning to enable export"[39m
    [33mclass[39m=[32m"_button_c9c6cf _primary_c9c6cf _md_c9c6cf"[39m
    [33mdisabled[39m=[32m""[39m
    [33mtype[39m=[32m"button"[39m
  [36m/>[39m

  --------------------------------------------------
  alert:

  Name "":
  [36m<div[39m
    [33maria-live[39m=[32m"polite"[39m
    [33mclass[39m=[32m"_warningBox_39262a"[39m
    [33mrole[39m=[32m"alert"[39m
  [36m/>[39m

  --------------------------------------------------
  list:

  Name "":
  [36m<ul[39m
    [33mclass[39m=[32m"_warningList_39262a"[39m
  [36m/>[39m

  --------------------------------------------------
  listitem:

  Name "":
  [36m<li />[39m

  Name "":
  [36m<li />[39m

  Name "":
  [36m<li />[39m

  Name "":
  [36m<li />[39m

  --------------------------------------------------
  checkbox:

  Name "I understand that the exported file is not encrypted and I will handle it securely":
  [36m<input[39m
    [33maria-describedby[39m=[32m"export-warning-description"[39m
    [33mclass[39m=[32m"_checkbox_39262a"[39m
    [33mtype[39m=[32m"checkbox"[39m
  [36m/>[39m

  --------------------------------------------------

Ignored nodes: comments, script, style
[36m<body[39m
  [33mstyle[39m=[32m"overflow: hidden;"[39m
[36m>[39m
  [36m<div />[39m
  [36m<div[39m
    [33mclass[39m=[32m"_modalBackdrop_a5c4df"[39m
  [36m>[39m
    [36m<div[39m
      [33maria-labelledby[39m=[32m"modal-title"[39m
      [33maria-modal[39m=[32m"true"[39m
      [33mclass[39m=[32m"_modal_a5c4df _md_a5c4df"[39m
      [33mrole[39m=[32m"dialog"[39m
      [33mtabindex[39m=[32m"-1"[39m
    [36m>[39m
      [36m<div[39m
        [33mclass[39m=[32m"_modalHeader_a5c4df"[39m
      [36m>[39m
        [36m<h2[39m
          [33mclass[39m=[32m"_modalTitle_a5c4df"[39m
          [33mid[39m=[32m"modal-title"[39m
        [36m>[39m
          [0mExport Data - Security Notice[0m
        [36m</h2>[39m
        [36m<button[39m
          [33maria-label[39m=[32m"Close modal"[39m
          [33mclass[39m=[32m"_closeButton_a5c4df"[39m
          [33mtype[39m=[32m"button"[39m
        [36m>[39m
          [0m✕[0m
        [36m</button>[39m
      [36m</div>[39m
      [36m<div[39m
        [33mclass[39m=[32m"_modalBody_a5c4df"[39m
      [36m>[39m
        [36m<div[39m
          [33mclass[39m=[32m"_content_39262a"[39m
        [36m>[39m
          [36m<div[39m
            [33mclass[39m=[32m"_summary_39262a"[39m
          [36m>[39m
            [36m<p[39m
              [33mclass[39m=[32m"_summaryText_39262a"[39m
            [36m>[39m
              [0mYou're about to export [0m
              [36m<strong>[39m
                [0mTransactions[0m
              [36m</strong>[39m
              [0m [0m
              [0m([0m
              [0m150[0m
              [0m record[0m
              [0ms[0m
              [0m)[0m
              [0m.[0m
            [36m</p>[39m
          [36m</div>[39m
          [36m<div[39m
            [33maria-live[39m=[32m"polite"[39m
            [33mclass[39m=[32m"_warningBox_39262a"[39m
            [33mrole[39m=[32m"alert"[39m
          [36m>[39m
            [36m<div[39m
              [33maria-hidden[39m=[32m"true"[39m
              [33mclass[39m=[32m"_warningIcon_39262a"[39m
            [36m>[39m
              [36m<svg[39m
                [33mfill[39m=[32m"none"[39m
                [33mheight[39m=[32m"24"[39m
                [33mstroke[39m=[32m"currentColor"[39m
                [33mviewBox[39m=[32m"0 0 24 24"[39m
                [33mwidth[39m=[32m"24"[39m
              [36m>[39m
                [36m<path[39m
                  [33md[39m=[32m"M12 9v2m0 4h.01m-6.938 4h13.856c1.54 0 2.502-1.667 1.732-3L13.732 4c-.77-1.333-2.694-1.333-3.464 0L3.34 16c-.77 1.333.192 3 1.732 3z"[39m
                  [33mstroke-linecap[39m=[32m"round"[39m
                  [33mstroke-linejoin[39m=[32m"round"[39m
                  [33mstroke-width[39m=[32m"2"[39m
                [36m/>[39m
              [36m</svg>[39m
            [36m</div>[39m
            [36m<div[39m
              [33mclass[39m=[32m"_warningContent_39262a"[39m
            [36m>[39m
              [36m<h3[39m
                [33mclass[39m=[32m"_warningTitle_39262a"[39m
              [36m>[39m
                [0mImportant: Exported data is not encrypted[0m
              [36m</h3>[39m
              [36m<p[39m
                [33mclass[39m=[32m"_warningText_39262a"[39m
              [36m>[39m
                [0mOnce you download this file, it will contain your financial data in plain text. For your security, please:[0m
              [36m</p>[39m
              [36m<ul[39m
                [33mclass[39m=[32m"_warningList_39262a"[39m
              [36m>[39m
                [36m<li>[39m
                  [0mStore the file in a secure location on your device[0m
                [36m</li>[39m
                [36m<li>[39m
                  [0mDelete the file when you no longer need it[0m
                [36m</li>[39m
                [36m<li>[39m
                  [0mNever share the file over unsecured channels (email, messaging apps)[0m
                [36m</li>[39m
                [36m<li>[39m
                  [0mConsider encrypting the file yourself if storing long-term[0m
                [36m</li>[39m
              [36m</ul>[39m
            [36m</div>[39m
          [36m</div>[39m
          [36m<div[39m
            [33mclass[39m=[32m"_acknowledgment_39262a"[39m
          [36m>[39m
            [36m<label[39m
              [33mclass[39m=[32m"_checkboxLabel_39262a"[39m
            [36m>[39m
              [36m<input[39m
                [33maria-describedby[39m=[32m"export-warning-description"[39m
                [33mclass[39m=[32m"_checkbox_39262a"[39m
                [33mtype[39m=[32m"checkbox"[39m
              [36m/>[39m
              [36m<span[39m
                [33mclass[39m=[32m"_checkboxText_39262a"[39m
              [36m>[39m
                [0mI understand that the exported file is not encrypted and I will handle it securely[0m
              [36m</span>[39m
            [36m</label>[39m
          [36m</div>[39m
          [36m<div[39m
            [33mclass[39m=[32m"_srOnly_39262a"[39m
            [33mid[39m=[32m"export-warning-description"[39m
          [36m>[39m
            [0mCheck this box to confirm you understand the security implications of exporting unencrypted data and agree to handle the file securely.[0m
          [36m</div>[39m
        [36m</div>[39m
      [36m</div>[39m
      [36m<div[39m
        [33mclass[39m=[32m"_modalFooter_a5c4df"[39m
      [36m>[39m
        [36m<div[39m
          [33mclass[39m=[32m"_footer_39262a"[39m
        [36m>[39m
          [36m<button[39m
            [33maria-busy[39m=[32m"false"[39m
            [33maria-disabled[39m=[32m"false"[39m
            [33maria-label[39m=[32m"Cancel export"[39m
            [33mclass[39m=[32m"_button_c9c6cf _secondary_c9c6cf _md_c9c6cf"[39m
            [33mtype[39m=[32m"button"[39m
          [36m>[39m
            [36m<span[39m
              [33mclass[39m=[32m"_content_c9c6cf"[39m
            [36m>[39m
              [0mCancel[0m
            [36m</span>[39m
          [36m</button>[39m
          [36m<button[39m
            [33maria-busy[39m=[32m"false"[39m
            [33maria-disabled[39m=[32m"true"[39m
            [33maria-label[39m=[32m"Acknowledge warning to enable export"[39m
            [33mclass[39m=[32m"_button_c9c6cf _primary_c9c6cf _md_c9c6cf"[39m
            [33mdisabled[39m=[32m""[39m
            [33mtype[39m=[32m"button"[39m
          [36m>[39m
            [36m<span[39m
              [33mclass[39m=[32m"_content_c9c6cf"[39m
            [36m>[39m
              [0mExport Data[0m
            [36m</span>[39m
          [36m</button>[39m
        [36m</div>[39m
      [36m</div>[39m
    [36m</div>[39m
  [36m</div>[39m
[36m</body>[39m
 ❯ Object.getElementError node_modules/@testing-library/react/node_modules/@testing-library/dom/dist/config.js:37:19
 ❯ node_modules/@testing-library/react/node_modules/@testing-library/dom/dist/query-helpers.js:76:38
 ❯ node_modules/@testing-library/react/node_modules/@testing-library/dom/dist/query-helpers.js:52:17
 ❯ node_modules/@testing-library/react/node_modules/@testing-library/dom/dist/query-helpers.js:95:19
 ❯ src/components/modals/ExportWarningModal.test.tsx:122:35
    120|       render(<ExportWarningModal {...defaultProps} />)
    121|
    122|       const exportButton = screen.getByRole('button', { name: /export …
       |                                   ^
    123|
    124|       // Try to click disabled button

⎯⎯⎯⎯⎯⎯⎯⎯⎯⎯⎯⎯⎯⎯⎯⎯⎯⎯⎯⎯[274/824]⎯

 FAIL  src/components/modals/ExportWarningModal.test.tsx > ExportWarningModal > Rate Limit Display > should display rate limit information
TestingLibraryElementError: Unable to find an element with the text: /5 exports remaining/i. This could be because the text is broken up by multiple elements. In this case, you can provide a function for your text matcher to make your matcher more flexible.

Ignored nodes: comments, script, style
[36m<body[39m
  [33mstyle[39m=[32m"overflow: hidden;"[39m
[36m>[39m
  [36m<div />[39m
  [36m<div[39m
    [33mclass[39m=[32m"_modalBackdrop_a5c4df"[39m
  [36m>[39m
    [36m<div[39m
      [33maria-labelledby[39m=[32m"modal-title"[39m
      [33maria-modal[39m=[32m"true"[39m
      [33mclass[39m=[32m"_modal_a5c4df _md_a5c4df"[39m
      [33mrole[39m=[32m"dialog"[39m
      [33mtabindex[39m=[32m"-1"[39m
    [36m>[39m
      [36m<div[39m
        [33mclass[39m=[32m"_modalHeader_a5c4df"[39m
      [36m>[39m
        [36m<h2[39m
          [33mclass[39m=[32m"_modalTitle_a5c4df"[39m
          [33mid[39m=[32m"modal-title"[39m
        [36m>[39m
          [0mExport Data - Security Notice[0m
        [36m</h2>[39m
        [36m<button[39m
          [33maria-label[39m=[32m"Close modal"[39m
          [33mclass[39m=[32m"_closeButton_a5c4df"[39m
          [33mtype[39m=[32m"button"[39m
        [36m>[39m
          [0m✕[0m
        [36m</button>[39m
      [36m</div>[39m
      [36m<div[39m
        [33mclass[39m=[32m"_modalBody_a5c4df"[39m
      [36m>[39m
        [36m<div[39m
          [33mclass[39m=[32m"_content_39262a"[39m
        [36m>[39m
          [36m<div[39m
            [33mclass[39m=[32m"_summary_39262a"[39m
          [36m>[39m
            [36m<p[39m
              [33mclass[39m=[32m"_summaryText_39262a"[39m
            [36m>[39m
              [0mYou're about to export [0m
              [36m<strong>[39m
                [0mTransactions[0m
              [36m</strong>[39m
              [0m [0m
              [0m([0m
              [0m150[0m
              [0m record[0m
              [0ms[0m
              [0m)[0m
              [0m.[0m
            [36m</p>[39m
          [36m</div>[39m
          [36m<div[39m
            [33maria-live[39m=[32m"polite"[39m
            [33mclass[39m=[32m"_warningBox_39262a"[39m
            [33mrole[39m=[32m"alert"[39m
          [36m>[39m
            [36m<div[39m
              [33maria-hidden[39m=[32m"true"[39m
              [33mclass[39m=[32m"_warningIcon_39262a"[39m
            [36m>[39m
              [36m<svg[39m
                [33mfill[39m=[32m"none"[39m
                [33mheight[39m=[32m"24"[39m
                [33mstroke[39m=[32m"currentColor"[39m
                [33mviewBox[39m=[32m"0 0 24 24"[39m
                [33mwidth[39m=[32m"24"[39m
              [36m>[39m
                [36m<path[39m
                  [33md[39m=[32m"M12 9v2m0 4h.01m-6.938 4h13.856c1.54 0 2.502-1.667 1.732-3L13.732 4c-.77-1.333-2.694-1.333-3.464 0L3.34 16c-.77 1.333.192 3 1.732 3z"[39m
                  [33mstroke-linecap[39m=[32m"round"[39m
                  [33mstroke-linejoin[39m=[32m"round"[39m
                  [33mstroke-width[39m=[32m"2"[39m
                [36m/>[39m
              [36m</svg>[39m
            [36m</div>[39m
            [36m<div[39m
              [33mclass[39m=[32m"_warningContent_39262a"[39m
            [36m>[39m
              [36m<h3[39m
                [33mclass[39m=[32m"_warningTitle_39262a"[39m
              [36m>[39m
                [0mImportant: Exported data is not encrypted[0m
              [36m</h3>[39m
              [36m<p[39m
                [33mclass[39m=[32m"_warningText_39262a"[39m
              [36m>[39m
                [0mOnce you download this file, it will contain your financial data in plain text. For your security, please:[0m
              [36m</p>[39m
              [36m<ul[39m
                [33mclass[39m=[32m"_warningList_39262a"[39m
              [36m>[39m
                [36m<li>[39m
                  [0mStore the file in a secure location on your device[0m
                [36m</li>[39m
                [36m<li>[39m
                  [0mDelete the file when you no longer need it[0m
                [36m</li>[39m
                [36m<li>[39m
                  [0mNever share the file over unsecured channels (email, messaging apps)[0m
                [36m</li>[39m
                [36m<li>[39m
                  [0mConsider encrypting the file yourself if storing long-term[0m
                [36m</li>[39m
              [36m</ul>[39m
            [36m</div>[39m
          [36m</div>[39m
          [36m<div[39m
            [33mclass[39m=[32m"_rateLimitInfo_39262a"[39m
          [36m>[39m
            [36m<p[39m
              [33mclass[39m=[32m"_rateLimitText_39262a"[39m
            [36m>[39m
              [0mYou have [0m
              [36m<strong>[39m
                [0m5[0m
              [36m</strong>[39m
              [0m export[0m
              [0ms[0m
              [0m remaining.[0m
            [36m</p>[39m
          [36m</div>[39m
          [36m<div[39m
            [33mclass[39m=[32m"_acknowledgment_39262a"[39m
          [36m>[39m
            [36m<label[39m
              [33mclass[39m=[32m"_checkboxLabel_39262a"[39m
            [36m>[39m
              [36m<input[39m
                [33maria-describedby[39m=[32m"export-warning-description"[39m
                [33mclass[39m=[32m"_checkbox_39262a"[39m
                [33mtype[39m=[32m"checkbox"[39m
              [36m/>[39m
              [36m<span[39m
                [33mclass[39m=[32m"_checkboxText_39262a"[39m
              [36m>[39m
                [0mI understand that the exported file is not encrypted and I will handle it securely[0m
              [36m</span>[39m
            [36m</label>[39m
          [36m</div>[39m
          [36m<div[39m
            [33mclass[39m=[32m"_srOnly_39262a"[39m
            [33mid[39m=[32m"export-warning-description"[39m
          [36m>[39m
            [0mCheck this box to confirm you understand the security implications of exporting unencrypted data and agree to handle the file securely.[0m
          [36m</div>[39m
        [36m</div>[39m
      [36m</div>[39m
      [36m<div[39m
        [33mclass[39m=[32m"_modalFooter_a5c4df"[39m
      [36m>[39m
        [36m<div[39m
          [33mclass[39m=[32m"_footer_39262a"[39m
        [36m>[39m
          [36m<button[39m
            [33maria-busy[39m=[32m"false"[39m
            [33maria-disabled[39m=[32m"false"[39m
            [33maria-label[39m=[32m"Cancel export"[39m
            [33mclass[39m=[32m"_button_c9c6cf _secondary_c9c6cf _md_c9c6cf"[39m
            [33mtype[39m=[32m"button"[39m
          [36m>[39m
            [36m<span[39m
              [33mclass[39m=[32m"_content_c9c6cf"[39m
            [36m>[39m
              [0mCancel[0m
            [36m</span>[39m
          [36m</button>[39m
          [36m<button[39m
            [33maria-busy[39m=[32m"false"[39m
            [33maria-disabled[39m=[32m"true"[39m
            [33maria-label[39m=[32m"Acknowledge warning to enable export"[39m
            [33mclass[39m=[32m"_button_c9c6cf _primary_c9c6cf _md_c9c6cf"[39m
            [33mdisabled[39m=[32m""[39m
            [33mtype[39m=[32m"button"[39m
          [36m>[39m
            [36m<span[39m
              [33mclass[39m=[32m"_content_c9c6cf"[39m
            [36m>[39m
              [0mExport Data[0m
            [36m</span>[39m
          [36m</button>[39m
        [36m</div>[39m
      [36m</div>[39m
    [36m</div>[39m
  [36m</div>[39m
[36m</body>[39m
 ❯ Object.getElementError node_modules/@testing-library/react/node_modules/@testing-library/dom/dist/config.js:37:19
 ❯ node_modules/@testing-library/react/node_modules/@testing-library/dom/dist/query-helpers.js:76:38
 ❯ node_modules/@testing-library/react/node_modules/@testing-library/dom/dist/query-helpers.js:52:17
 ❯ node_modules/@testing-library/react/node_modules/@testing-library/dom/dist/query-helpers.js:95:19
 ❯ src/components/modals/ExportWarningModal.test.tsx:140:21
    138|       render(<ExportWarningModal {...defaultProps} rateLimit={rateLimi…
    139|
    140|       expect(screen.getByText(/5 exports remaining/i)).toBeInTheDocume…
       |                     ^
    141|     })
    142|

⎯⎯⎯⎯⎯⎯⎯⎯⎯⎯⎯⎯⎯⎯⎯⎯⎯⎯⎯⎯[275/824]⎯

 FAIL  src/components/modals/ExportWarningModal.test.tsx > ExportWarningModal > Rate Limit Display > should handle zero remaining exports
TestingLibraryElementError: Unable to find an element with the text: /0 exports remaining/i. This could be because the text is broken up by multiple elements. In this case, you can provide a function for your text matcher to make your matcher more flexible.

Ignored nodes: comments, script, style
[36m<body[39m
  [33mstyle[39m=[32m"overflow: hidden;"[39m
[36m>[39m
  [36m<div />[39m
  [36m<div[39m
    [33mclass[39m=[32m"_modalBackdrop_a5c4df"[39m
  [36m>[39m
    [36m<div[39m
      [33maria-labelledby[39m=[32m"modal-title"[39m
      [33maria-modal[39m=[32m"true"[39m
      [33mclass[39m=[32m"_modal_a5c4df _md_a5c4df"[39m
      [33mrole[39m=[32m"dialog"[39m
      [33mtabindex[39m=[32m"-1"[39m
    [36m>[39m
      [36m<div[39m
        [33mclass[39m=[32m"_modalHeader_a5c4df"[39m
      [36m>[39m
        [36m<h2[39m
          [33mclass[39m=[32m"_modalTitle_a5c4df"[39m
          [33mid[39m=[32m"modal-title"[39m
        [36m>[39m
          [0mExport Data - Security Notice[0m
        [36m</h2>[39m
        [36m<button[39m
          [33maria-label[39m=[32m"Close modal"[39m
          [33mclass[39m=[32m"_closeButton_a5c4df"[39m
          [33mtype[39m=[32m"button"[39m
        [36m>[39m
          [0m✕[0m
        [36m</button>[39m
      [36m</div>[39m
      [36m<div[39m
        [33mclass[39m=[32m"_modalBody_a5c4df"[39m
      [36m>[39m
        [36m<div[39m
          [33mclass[39m=[32m"_content_39262a"[39m
        [36m>[39m
          [36m<div[39m
            [33mclass[39m=[32m"_summary_39262a"[39m
          [36m>[39m
            [36m<p[39m
              [33mclass[39m=[32m"_summaryText_39262a"[39m
            [36m>[39m
              [0mYou're about to export [0m
              [36m<strong>[39m
                [0mTransactions[0m
              [36m</strong>[39m
              [0m [0m
              [0m([0m
              [0m150[0m
              [0m record[0m
              [0ms[0m
              [0m)[0m
              [0m.[0m
            [36m</p>[39m
          [36m</div>[39m
          [36m<div[39m
            [33maria-live[39m=[32m"polite"[39m
            [33mclass[39m=[32m"_warningBox_39262a"[39m
            [33mrole[39m=[32m"alert"[39m
          [36m>[39m
            [36m<div[39m
              [33maria-hidden[39m=[32m"true"[39m
              [33mclass[39m=[32m"_warningIcon_39262a"[39m
            [36m>[39m
              [36m<svg[39m
                [33mfill[39m=[32m"none"[39m
                [33mheight[39m=[32m"24"[39m
                [33mstroke[39m=[32m"currentColor"[39m
                [33mviewBox[39m=[32m"0 0 24 24"[39m
                [33mwidth[39m=[32m"24"[39m
              [36m>[39m
                [36m<path[39m
                  [33md[39m=[32m"M12 9v2m0 4h.01m-6.938 4h13.856c1.54 0 2.502-1.667 1.732-3L13.732 4c-.77-1.333-2.694-1.333-3.464 0L3.34 16c-.77 1.333.192 3 1.732 3z"[39m
                  [33mstroke-linecap[39m=[32m"round"[39m
                  [33mstroke-linejoin[39m=[32m"round"[39m
                  [33mstroke-width[39m=[32m"2"[39m
                [36m/>[39m
              [36m</svg>[39m
            [36m</div>[39m
            [36m<div[39m
              [33mclass[39m=[32m"_warningContent_39262a"[39m
            [36m>[39m
              [36m<h3[39m
                [33mclass[39m=[32m"_warningTitle_39262a"[39m
              [36m>[39m
                [0mImportant: Exported data is not encrypted[0m
              [36m</h3>[39m
              [36m<p[39m
                [33mclass[39m=[32m"_warningText_39262a"[39m
              [36m>[39m
                [0mOnce you download this file, it will contain your financial data in plain text. For your security, please:[0m
              [36m</p>[39m
              [36m<ul[39m
                [33mclass[39m=[32m"_warningList_39262a"[39m
              [36m>[39m
                [36m<li>[39m
                  [0mStore the file in a secure location on your device[0m
                [36m</li>[39m
                [36m<li>[39m
                  [0mDelete the file when you no longer need it[0m
                [36m</li>[39m
                [36m<li>[39m
                  [0mNever share the file over unsecured channels (email, messaging apps)[0m
                [36m</li>[39m
                [36m<li>[39m
                  [0mConsider encrypting the file yourself if storing long-term[0m
                [36m</li>[39m
              [36m</ul>[39m
            [36m</div>[39m
          [36m</div>[39m
          [36m<div[39m
            [33mclass[39m=[32m"_rateLimitInfo_39262a"[39m
          [36m>[39m
            [36m<p[39m
              [33mclass[39m=[32m"_rateLimitText_39262a"[39m
            [36m>[39m
              [0mYou have [0m
              [36m<strong>[39m
                [0m0[0m
              [36m</strong>[39m
              [0m export[0m
              [0ms[0m
              [0m remaining.[0m
              [0m [0m
              [0mYour export quota will reset [0m
              [0min 30 minutes[0m
              [0m.[0m
            [36m</p>[39m
          [36m</div>[39m
          [36m<div[39m
            [33mclass[39m=[32m"_acknowledgment_39262a"[39m
          [36m>[39m
            [36m<label[39m
              [33mclass[39m=[32m"_checkboxLabel_39262a"[39m
            [36m>[39m
              [36m<input[39m
                [33maria-describedby[39m=[32m"export-warning-description"[39m
                [33mclass[39m=[32m"_checkbox_39262a"[39m
                [33mtype[39m=[32m"checkbox"[39m
              [36m/>[39m
              [36m<span[39m
                [33mclass[39m=[32m"_checkboxText_39262a"[39m
              [36m>[39m
                [0mI understand that the exported file is not encrypted and I will handle it securely[0m
              [36m</span>[39m
            [36m</label>[39m
          [36m</div>[39m
          [36m<div[39m
            [33mclass[39m=[32m"_srOnly_39262a"[39m
            [33mid[39m=[32m"export-warning-description"[39m
          [36m>[39m
            [0mCheck this box to confirm you understand the security implications of exporting unencrypted data and agree to handle the file securely.[0m
          [36m</div>[39m
        [36m</div>[39m
      [36m</div>[39m
      [36m<div[39m
        [33mclass[39m=[32m"_modalFooter_a5c4df"[39m
      [36m>[39m
        [36m<div[39m
          [33mclass[39m=[32m"_footer_39262a"[39m
        [36m>[39m
          [36m<button[39m
            [33maria-busy[39m=[32m"false"[39m
            [33maria-disabled[39m=[32m"false"[39m
            [33maria-label[39m=[32m"Cancel export"[39m
            [33mclass[39m=[32m"_button_c9c6cf _secondary_c9c6cf _md_c9c6cf"[39m
            [33mtype[39m=[32m"button"[39m
          [36m>[39m
            [36m<span[39m
              [33mclass[39m=[32m"_content_c9c6cf"[39m
            [36m>[39m
              [0mCancel[0m
            [36m</span>[39m
          [36m</button>[39m
          [36m<button[39m
            [33maria-busy[39m=[32m"false"[39m
            [33maria-disabled[39m=[32m"true"[39m
            [33maria-label[39m=[32m"Acknowledge warning to enable export"[39m
            [33mclass[39m=[32m"_button_c9c6cf _primary_c9c6cf _md_c9c6cf"[39m
            [33mdisabled[39m=[32m""[39m
            [33mtype[39m=[32m"button"[39m
          [36m>[39m
            [36m<span[39m
              [33mclass[39m=[32m"_content_c9c6cf"[39m
            [36m>[39m
              [0mExport Data[0m
            [36m</span>[39m
          [36m</button>[39m
        [36m</div>[39m
      [36m</div>[39m
    [36m</div>[39m
  [36m</div>[39m
[36m</body>[39m
 ❯ Object.getElementError node_modules/@testing-library/react/node_modules/@testing-library/dom/dist/config.js:37:19
 ❯ node_modules/@testing-library/react/node_modules/@testing-library/dom/dist/query-helpers.js:76:38
 ❯ node_modules/@testing-library/react/node_modules/@testing-library/dom/dist/query-helpers.js:52:17
 ❯ node_modules/@testing-library/react/node_modules/@testing-library/dom/dist/query-helpers.js:95:19
 ❯ src/components/modals/ExportWarningModal.test.tsx:151:21
    149|       render(<ExportWarningModal {...defaultProps} rateLimit={rateLimi…
    150|
    151|       expect(screen.getByText(/0 exports remaining/i)).toBeInTheDocume…
       |                     ^
    152|       expect(screen.getByText(/quota will reset/i)).toBeInTheDocument()
    153|     })

⎯⎯⎯⎯⎯⎯⎯⎯⎯⎯⎯⎯⎯⎯⎯⎯⎯⎯⎯⎯[276/824]⎯

 FAIL  src/components/modals/ExportWarningModal.test.tsx > ExportWarningModal > Rate Limit Display > should handle singular export remaining
TestingLibraryElementError: Unable to find an element with the text: /1 export remaining/i. This could be because the text is broken up by multiple elements. In this case, you can provide a function for your text matcher to make your matcher more flexible.

Ignored nodes: comments, script, style
[36m<body[39m
  [33mstyle[39m=[32m"overflow: hidden;"[39m
[36m>[39m
  [36m<div />[39m
  [36m<div[39m
    [33mclass[39m=[32m"_modalBackdrop_a5c4df"[39m
  [36m>[39m
    [36m<div[39m
      [33maria-labelledby[39m=[32m"modal-title"[39m
      [33maria-modal[39m=[32m"true"[39m
      [33mclass[39m=[32m"_modal_a5c4df _md_a5c4df"[39m
      [33mrole[39m=[32m"dialog"[39m
      [33mtabindex[39m=[32m"-1"[39m
    [36m>[39m
      [36m<div[39m
        [33mclass[39m=[32m"_modalHeader_a5c4df"[39m
      [36m>[39m
        [36m<h2[39m
          [33mclass[39m=[32m"_modalTitle_a5c4df"[39m
          [33mid[39m=[32m"modal-title"[39m
        [36m>[39m
          [0mExport Data - Security Notice[0m
        [36m</h2>[39m
        [36m<button[39m
          [33maria-label[39m=[32m"Close modal"[39m
          [33mclass[39m=[32m"_closeButton_a5c4df"[39m
          [33mtype[39m=[32m"button"[39m
        [36m>[39m
          [0m✕[0m
        [36m</button>[39m
      [36m</div>[39m
      [36m<div[39m
        [33mclass[39m=[32m"_modalBody_a5c4df"[39m
      [36m>[39m
        [36m<div[39m
          [33mclass[39m=[32m"_content_39262a"[39m
        [36m>[39m
          [36m<div[39m
            [33mclass[39m=[32m"_summary_39262a"[39m
          [36m>[39m
            [36m<p[39m
              [33mclass[39m=[32m"_summaryText_39262a"[39m
            [36m>[39m
              [0mYou're about to export [0m
              [36m<strong>[39m
                [0mTransactions[0m
              [36m</strong>[39m
              [0m [0m
              [0m([0m
              [0m150[0m
              [0m record[0m
              [0ms[0m
              [0m)[0m
              [0m.[0m
            [36m</p>[39m
          [36m</div>[39m
          [36m<div[39m
            [33maria-live[39m=[32m"polite"[39m
            [33mclass[39m=[32m"_warningBox_39262a"[39m
            [33mrole[39m=[32m"alert"[39m
          [36m>[39m
            [36m<div[39m
              [33maria-hidden[39m=[32m"true"[39m
              [33mclass[39m=[32m"_warningIcon_39262a"[39m
            [36m>[39m
              [36m<svg[39m
                [33mfill[39m=[32m"none"[39m
                [33mheight[39m=[32m"24"[39m
                [33mstroke[39m=[32m"currentColor"[39m
                [33mviewBox[39m=[32m"0 0 24 24"[39m
                [33mwidth[39m=[32m"24"[39m
              [36m>[39m
                [36m<path[39m
                  [33md[39m=[32m"M12 9v2m0 4h.01m-6.938 4h13.856c1.54 0 2.502-1.667 1.732-3L13.732 4c-.77-1.333-2.694-1.333-3.464 0L3.34 16c-.77 1.333.192 3 1.732 3z"[39m
                  [33mstroke-linecap[39m=[32m"round"[39m
                  [33mstroke-linejoin[39m=[32m"round"[39m
                  [33mstroke-width[39m=[32m"2"[39m
                [36m/>[39m
              [36m</svg>[39m
            [36m</div>[39m
            [36m<div[39m
              [33mclass[39m=[32m"_warningContent_39262a"[39m
            [36m>[39m
              [36m<h3[39m
                [33mclass[39m=[32m"_warningTitle_39262a"[39m
              [36m>[39m
                [0mImportant: Exported data is not encrypted[0m
              [36m</h3>[39m
              [36m<p[39m
                [33mclass[39m=[32m"_warningText_39262a"[39m
              [36m>[39m
                [0mOnce you download this file, it will contain your financial data in plain text. For your security, please:[0m
              [36m</p>[39m
              [36m<ul[39m
                [33mclass[39m=[32m"_warningList_39262a"[39m
              [36m>[39m
                [36m<li>[39m
                  [0mStore the file in a secure location on your device[0m
                [36m</li>[39m
                [36m<li>[39m
                  [0mDelete the file when you no longer need it[0m
                [36m</li>[39m
                [36m<li>[39m
                  [0mNever share the file over unsecured channels (email, messaging apps)[0m
                [36m</li>[39m
                [36m<li>[39m
                  [0mConsider encrypting the file yourself if storing long-term[0m
                [36m</li>[39m
              [36m</ul>[39m
            [36m</div>[39m
          [36m</div>[39m
          [36m<div[39m
            [33mclass[39m=[32m"_rateLimitInfo_39262a"[39m
          [36m>[39m
            [36m<p[39m
              [33mclass[39m=[32m"_rateLimitText_39262a"[39m
            [36m>[39m
              [0mYou have [0m
              [36m<strong>[39m
                [0m1[0m
              [36m</strong>[39m
              [0m export[0m
              [0m remaining.[0m
            [36m</p>[39m
          [36m</div>[39m
          [36m<div[39m
            [33mclass[39m=[32m"_acknowledgment_39262a"[39m
          [36m>[39m
            [36m<label[39m
              [33mclass[39m=[32m"_checkboxLabel_39262a"[39m
            [36m>[39m
              [36m<input[39m
                [33maria-describedby[39m=[32m"export-warning-description"[39m
                [33mclass[39m=[32m"_checkbox_39262a"[39m
                [33mtype[39m=[32m"checkbox"[39m
              [36m/>[39m
              [36m<span[39m
                [33mclass[39m=[32m"_checkboxText_39262a"[39m
              [36m>[39m
                [0mI understand that the exported file is not encrypted and I will handle it securely[0m
              [36m</span>[39m
            [36m</label>[39m
          [36m</div>[39m
          [36m<div[39m
            [33mclass[39m=[32m"_srOnly_39262a"[39m
            [33mid[39m=[32m"export-warning-description"[39m
          [36m>[39m
            [0mCheck this box to confirm you understand the security implications of exporting unencrypted data and agree to handle the file securely.[0m
          [36m</div>[39m
        [36m</div>[39m
      [36m</div>[39m
      [36m<div[39m
        [33mclass[39m=[32m"_modalFooter_a5c4df"[39m
      [36m>[39m
        [36m<div[39m
          [33mclass[39m=[32m"_footer_39262a"[39m
        [36m>[39m
          [36m<button[39m
            [33maria-busy[39m=[32m"false"[39m
            [33maria-disabled[39m=[32m"false"[39m
            [33maria-label[39m=[32m"Cancel export"[39m
            [33mclass[39m=[32m"_button_c9c6cf _secondary_c9c6cf _md_c9c6cf"[39m
            [33mtype[39m=[32m"button"[39m
          [36m>[39m
            [36m<span[39m
              [33mclass[39m=[32m"_content_c9c6cf"[39m
            [36m>[39m
              [0mCancel[0m
            [36m</span>[39m
          [36m</button>[39m
          [36m<button[39m
            [33maria-busy[39m=[32m"false"[39m
            [33maria-disabled[39m=[32m"true"[39m
            [33maria-label[39m=[32m"Acknowledge warning to enable export"[39m
            [33mclass[39m=[32m"_button_c9c6cf _primary_c9c6cf _md_c9c6cf"[39m
            [33mdisabled[39m=[32m""[39m
            [33mtype[39m=[32m"button"[39m
          [36m>[39m
            [36m<span[39m
              [33mclass[39m=[32m"_content_c9c6cf"[39m
            [36m>[39m
              [0mExport Data[0m
            [36m</span>[39m
          [36m</button>[39m
        [36m</div>[39m
      [36m</div>[39m
    [36m</div>[39m
  [36m</div>[39m
[36m</body>[39m
 ❯ Object.getElementError node_modules/@testing-library/react/node_modules/@testing-library/dom/dist/config.js:37:19
 ❯ node_modules/@testing-library/react/node_modules/@testing-library/dom/dist/query-helpers.js:76:38
 ❯ node_modules/@testing-library/react/node_modules/@testing-library/dom/dist/query-helpers.js:52:17
 ❯ node_modules/@testing-library/react/node_modules/@testing-library/dom/dist/query-helpers.js:95:19
 ❯ src/components/modals/ExportWarningModal.test.tsx:163:21
    161|       render(<ExportWarningModal {...defaultProps} rateLimit={rateLimi…
    162|
    163|       expect(screen.getByText(/1 export remaining/i)).toBeInTheDocumen…
       |                     ^
    164|     })
    165|

⎯⎯⎯⎯⎯⎯⎯⎯⎯⎯⎯⎯⎯⎯⎯⎯⎯⎯⎯⎯[277/824]⎯

 FAIL  src/components/modals/ExportWarningModal.test.tsx > ExportWarningModal > Exporting State > should disable all buttons when exporting
TestingLibraryElementError: Unable to find an accessible element with the role "button" and name `/exporting/i`

Here are the accessible roles:

  dialog:

  Name "Export Data - Security Notice":
  [36m<div[39m
    [33maria-labelledby[39m=[32m"modal-title"[39m
    [33maria-modal[39m=[32m"true"[39m
    [33mclass[39m=[32m"_modal_a5c4df _md_a5c4df"[39m
    [33mrole[39m=[32m"dialog"[39m
    [33mtabindex[39m=[32m"-1"[39m
  [36m/>[39m

  --------------------------------------------------
  heading:

  Name "Export Data - Security Notice":
  [36m<h2[39m
    [33mclass[39m=[32m"_modalTitle_a5c4df"[39m
    [33mid[39m=[32m"modal-title"[39m
  [36m/>[39m

  Name "Important: Exported data is not encrypted":
  [36m<h3[39m
    [33mclass[39m=[32m"_warningTitle_39262a"[39m
  [36m/>[39m

  --------------------------------------------------
  button:

  Name "Close modal":
  [36m<button[39m
    [33maria-label[39m=[32m"Close modal"[39m
    [33mclass[39m=[32m"_closeButton_a5c4df"[39m
    [33mtype[39m=[32m"button"[39m
  [36m/>[39m

  Name "Cancel export":
  [36m<button[39m
    [33maria-busy[39m=[32m"false"[39m
    [33maria-disabled[39m=[32m"true"[39m
    [33maria-label[39m=[32m"Cancel export"[39m
    [33mclass[39m=[32m"_button_c9c6cf _secondary_c9c6cf _md_c9c6cf"[39m
    [33mdisabled[39m=[32m""[39m
    [33mtype[39m=[32m"button"[39m
  [36m/>[39m

  Name "Acknowledge warning to enable export":
  [36m<button[39m
    [33maria-busy[39m=[32m"false"[39m
    [33maria-disabled[39m=[32m"true"[39m
    [33maria-label[39m=[32m"Acknowledge warning to enable export"[39m
    [33mclass[39m=[32m"_button_c9c6cf _primary_c9c6cf _md_c9c6cf"[39m
    [33mdisabled[39m=[32m""[39m
    [33mtype[39m=[32m"button"[39m
  [36m/>[39m

  --------------------------------------------------
  alert:

  Name "":
  [36m<div[39m
    [33maria-live[39m=[32m"polite"[39m
    [33mclass[39m=[32m"_warningBox_39262a"[39m
    [33mrole[39m=[32m"alert"[39m
  [36m/>[39m

  --------------------------------------------------
  list:

  Name "":
  [36m<ul[39m
    [33mclass[39m=[32m"_warningList_39262a"[39m
  [36m/>[39m

  --------------------------------------------------
  listitem:

  Name "":
  [36m<li />[39m

  Name "":
  [36m<li />[39m

  Name "":
  [36m<li />[39m

  Name "":
  [36m<li />[39m

  --------------------------------------------------
  checkbox:

  Name "I understand that the exported file is not encrypted and I will handle it securely":
  [36m<input[39m
    [33maria-describedby[39m=[32m"export-warning-description"[39m
    [33mclass[39m=[32m"_checkbox_39262a"[39m
    [33mdisabled[39m=[32m""[39m
    [33mtype[39m=[32m"checkbox"[39m
  [36m/>[39m

  --------------------------------------------------

Ignored nodes: comments, script, style
[36m<body[39m
  [33mstyle[39m=[32m"overflow: hidden;"[39m
[36m>[39m
  [36m<div />[39m
  [36m<div[39m
    [33mclass[39m=[32m"_modalBackdrop_a5c4df"[39m
  [36m>[39m
    [36m<div[39m
      [33maria-labelledby[39m=[32m"modal-title"[39m
      [33maria-modal[39m=[32m"true"[39m
      [33mclass[39m=[32m"_modal_a5c4df _md_a5c4df"[39m
      [33mrole[39m=[32m"dialog"[39m
      [33mtabindex[39m=[32m"-1"[39m
    [36m>[39m
      [36m<div[39m
        [33mclass[39m=[32m"_modalHeader_a5c4df"[39m
      [36m>[39m
        [36m<h2[39m
          [33mclass[39m=[32m"_modalTitle_a5c4df"[39m
          [33mid[39m=[32m"modal-title"[39m
        [36m>[39m
          [0mExport Data - Security Notice[0m
        [36m</h2>[39m
        [36m<button[39m
          [33maria-label[39m=[32m"Close modal"[39m
          [33mclass[39m=[32m"_closeButton_a5c4df"[39m
          [33mtype[39m=[32m"button"[39m
        [36m>[39m
          [0m✕[0m
        [36m</button>[39m
      [36m</div>[39m
      [36m<div[39m
        [33mclass[39m=[32m"_modalBody_a5c4df"[39m
      [36m>[39m
        [36m<div[39m
          [33mclass[39m=[32m"_content_39262a"[39m
        [36m>[39m
          [36m<div[39m
            [33mclass[39m=[32m"_summary_39262a"[39m
          [36m>[39m
            [36m<p[39m
              [33mclass[39m=[32m"_summaryText_39262a"[39m
            [36m>[39m
              [0mYou're about to export [0m
              [36m<strong>[39m
                [0mTransactions[0m
              [36m</strong>[39m
              [0m [0m
              [0m([0m
              [0m150[0m
              [0m record[0m
              [0ms[0m
              [0m)[0m
              [0m.[0m
            [36m</p>[39m
          [36m</div>[39m
          [36m<div[39m
            [33maria-live[39m=[32m"polite"[39m
            [33mclass[39m=[32m"_warningBox_39262a"[39m
            [33mrole[39m=[32m"alert"[39m
          [36m>[39m
            [36m<div[39m
              [33maria-hidden[39m=[32m"true"[39m
              [33mclass[39m=[32m"_warningIcon_39262a"[39m
            [36m>[39m
              [36m<svg[39m
                [33mfill[39m=[32m"none"[39m
                [33mheight[39m=[32m"24"[39m
                [33mstroke[39m=[32m"currentColor"[39m
                [33mviewBox[39m=[32m"0 0 24 24"[39m
                [33mwidth[39m=[32m"24"[39m
              [36m>[39m
                [36m<path[39m
                  [33md[39m=[32m"M12 9v2m0 4h.01m-6.938 4h13.856c1.54 0 2.502-1.667 1.732-3L13.732 4c-.77-1.333-2.694-1.333-3.464 0L3.34 16c-.77 1.333.192 3 1.732 3z"[39m
                  [33mstroke-linecap[39m=[32m"round"[39m
                  [33mstroke-linejoin[39m=[32m"round"[39m
                  [33mstroke-width[39m=[32m"2"[39m
                [36m/>[39m
              [36m</svg>[39m
            [36m</div>[39m
            [36m<div[39m
              [33mclass[39m=[32m"_warningContent_39262a"[39m
            [36m>[39m
              [36m<h3[39m
                [33mclass[39m=[32m"_warningTitle_39262a"[39m
              [36m>[39m
                [0mImportant: Exported data is not encrypted[0m
              [36m</h3>[39m
              [36m<p[39m
                [33mclass[39m=[32m"_warningText_39262a"[39m
              [36m>[39m
                [0mOnce you download this file, it will contain your financial data in plain text. For your security, please:[0m
              [36m</p>[39m
              [36m<ul[39m
                [33mclass[39m=[32m"_warningList_39262a"[39m
              [36m>[39m
                [36m<li>[39m
                  [0mStore the file in a secure location on your device[0m
                [36m</li>[39m
                [36m<li>[39m
                  [0mDelete the file when you no longer need it[0m
                [36m</li>[39m
                [36m<li>[39m
                  [0mNever share the file over unsecured channels (email, messaging apps)[0m
                [36m</li>[39m
                [36m<li>[39m
                  [0mConsider encrypting the file yourself if storing long-term[0m
                [36m</li>[39m
              [36m</ul>[39m
            [36m</div>[39m
          [36m</div>[39m
          [36m<div[39m
            [33mclass[39m=[32m"_acknowledgment_39262a"[39m
          [36m>[39m
            [36m<label[39m
              [33mclass[39m=[32m"_checkboxLabel_39262a"[39m
            [36m>[39m
              [36m<input[39m
                [33maria-describedby[39m=[32m"export-warning-description"[39m
                [33mclass[39m=[32m"_checkbox_39262a"[39m
                [33mdisabled[39m=[32m""[39m
                [33mtype[39m=[32m"checkbox"[39m
              [36m/>[39m
              [36m<span[39m
                [33mclass[39m=[32m"_checkboxText_39262a"[39m
              [36m>[39m
                [0mI understand that the exported file is not encrypted and I will handle it securely[0m
              [36m</span>[39m
            [36m</label>[39m
          [36m</div>[39m
          [36m<div[39m
            [33mclass[39m=[32m"_srOnly_39262a"[39m
            [33mid[39m=[32m"export-warning-description"[39m
          [36m>[39m
            [0mCheck this box to confirm you understand the security implications of exporting unencrypted data and agree to handle the file securely.[0m
          [36m</div>[39m
        [36m</div>[39m
      [36m</div>[39m
      [36m<div[39m
        [33mclass[39m=[32m"_modalFooter_a5c4df"[39m
      [36m>[39m
        [36m<div[39m
          [33mclass[39m=[32m"_footer_39262a"[39m
        [36m>[39m
          [36m<button[39m
            [33maria-busy[39m=[32m"false"[39m
            [33maria-disabled[39m=[32m"true"[39m
            [33maria-label[39m=[32m"Cancel export"[39m
            [33mclass[39m=[32m"_button_c9c6cf _secondary_c9c6cf _md_c9c6cf"[39m
            [33mdisabled[39m=[32m""[39m
            [33mtype[39m=[32m"button"[39m
          [36m>[39m
            [36m<span[39m
              [33mclass[39m=[32m"_content_c9c6cf"[39m
            [36m>[39m
              [0mCancel[0m
            [36m</span>[39m
          [36m</button>[39m
          [36m<button[39m
            [33maria-busy[39m=[32m"false"[39m
            [33maria-disabled[39m=[32m"true"[39m
            [33maria-label[39m=[32m"Acknowledge warning to enable export"[39m
            [33mclass[39m=[32m"_button_c9c6cf _primary_c9c6cf _md_c9c6cf"[39m
            [33mdisabled[39m=[32m""[39m
            [33mtype[39m=[32m"button"[39m
          [36m>[39m
            [36m<span[39m
              [33mclass[39m=[32m"_content_c9c6cf"[39m
            [36m>[39m
              [0mExporting...[0m
            [36m</span>[39m
          [36m</button>[39m
        [36m</div>[39m
      [36m</div>[39m
    [36m</div>[39m
  [36m</div>[39m
[36m</body>[39m
 ❯ Object.getElementError node_modules/@testing-library/react/node_modules/@testing-library/dom/dist/config.js:37:19
 ❯ node_modules/@testing-library/react/node_modules/@testing-library/dom/dist/query-helpers.js:76:38
 ❯ node_modules/@testing-library/react/node_modules/@testing-library/dom/dist/query-helpers.js:52:17
 ❯ node_modules/@testing-library/react/node_modules/@testing-library/dom/dist/query-helpers.js:95:19
 ❯ src/components/modals/ExportWarningModal.test.tsx:184:35
    182|
    183|       const cancelButton = screen.getByRole('button', { name: /cancel/…
    184|       const exportButton = screen.getByRole('button', { name: /exporti…
       |                                   ^
    185|
    186|       expect(cancelButton).toBeDisabled()

⎯⎯⎯⎯⎯⎯⎯⎯⎯⎯⎯⎯⎯⎯⎯⎯⎯⎯⎯⎯[278/824]⎯

 FAIL  src/components/modals/ExportWarningModal.test.tsx > ExportWarningModal > Exporting State > should not call onConfirm when exporting
TestingLibraryElementError: Unable to find an accessible element with the role "button" and name `/exporting/i`

Here are the accessible roles:

  dialog:

  Name "Export Data - Security Notice":
  [36m<div[39m
    [33maria-labelledby[39m=[32m"modal-title"[39m
    [33maria-modal[39m=[32m"true"[39m
    [33mclass[39m=[32m"_modal_a5c4df _md_a5c4df"[39m
    [33mrole[39m=[32m"dialog"[39m
    [33mtabindex[39m=[32m"-1"[39m
  [36m/>[39m

  --------------------------------------------------
  heading:

  Name "Export Data - Security Notice":
  [36m<h2[39m
    [33mclass[39m=[32m"_modalTitle_a5c4df"[39m
    [33mid[39m=[32m"modal-title"[39m
  [36m/>[39m

  Name "Important: Exported data is not encrypted":
  [36m<h3[39m
    [33mclass[39m=[32m"_warningTitle_39262a"[39m
  [36m/>[39m

  --------------------------------------------------
  button:

  Name "Close modal":
  [36m<button[39m
    [33maria-label[39m=[32m"Close modal"[39m
    [33mclass[39m=[32m"_closeButton_a5c4df"[39m
    [33mtype[39m=[32m"button"[39m
  [36m/>[39m

  Name "Cancel export":
  [36m<button[39m
    [33maria-busy[39m=[32m"false"[39m
    [33maria-disabled[39m=[32m"true"[39m
    [33maria-label[39m=[32m"Cancel export"[39m
    [33mclass[39m=[32m"_button_c9c6cf _secondary_c9c6cf _md_c9c6cf"[39m
    [33mdisabled[39m=[32m""[39m
    [33mtype[39m=[32m"button"[39m
  [36m/>[39m

  Name "Proceed with export":
  [36m<button[39m
    [33maria-busy[39m=[32m"false"[39m
    [33maria-disabled[39m=[32m"true"[39m
    [33maria-label[39m=[32m"Proceed with export"[39m
    [33mclass[39m=[32m"_button_c9c6cf _primary_c9c6cf _md_c9c6cf"[39m
    [33mdisabled[39m=[32m""[39m
    [33mtype[39m=[32m"button"[39m
  [36m/>[39m

  --------------------------------------------------
  alert:

  Name "":
  [36m<div[39m
    [33maria-live[39m=[32m"polite"[39m
    [33mclass[39m=[32m"_warningBox_39262a"[39m
    [33mrole[39m=[32m"alert"[39m
  [36m/>[39m

  --------------------------------------------------
  list:

  Name "":
  [36m<ul[39m
    [33mclass[39m=[32m"_warningList_39262a"[39m
  [36m/>[39m

  --------------------------------------------------
  listitem:

  Name "":
  [36m<li />[39m

  Name "":
  [36m<li />[39m

  Name "":
  [36m<li />[39m

  Name "":
  [36m<li />[39m

  --------------------------------------------------
  checkbox:

  Name "I understand that the exported file is not encrypted and I will handle it securely":
  [36m<input[39m
    [33maria-describedby[39m=[32m"export-warning-description"[39m
    [33mclass[39m=[32m"_checkbox_39262a"[39m
    [33mdisabled[39m=[32m""[39m
    [33mtype[39m=[32m"checkbox"[39m
  [36m/>[39m

  --------------------------------------------------

Ignored nodes: comments, script, style
[36m<body[39m
  [33mstyle[39m=[32m"overflow: hidden;"[39m
[36m>[39m
  [36m<div />[39m
  [36m<div[39m
    [33mclass[39m=[32m"_modalBackdrop_a5c4df"[39m
  [36m>[39m
    [36m<div[39m
      [33maria-labelledby[39m=[32m"modal-title"[39m
      [33maria-modal[39m=[32m"true"[39m
      [33mclass[39m=[32m"_modal_a5c4df _md_a5c4df"[39m
      [33mrole[39m=[32m"dialog"[39m
      [33mtabindex[39m=[32m"-1"[39m
    [36m>[39m
      [36m<div[39m
        [33mclass[39m=[32m"_modalHeader_a5c4df"[39m
      [36m>[39m
        [36m<h2[39m
          [33mclass[39m=[32m"_modalTitle_a5c4df"[39m
          [33mid[39m=[32m"modal-title"[39m
        [36m>[39m
          [0mExport Data - Security Notice[0m
        [36m</h2>[39m
        [36m<button[39m
          [33maria-label[39m=[32m"Close modal"[39m
          [33mclass[39m=[32m"_closeButton_a5c4df"[39m
          [33mtype[39m=[32m"button"[39m
        [36m>[39m
          [0m✕[0m
        [36m</button>[39m
      [36m</div>[39m
      [36m<div[39m
        [33mclass[39m=[32m"_modalBody_a5c4df"[39m
      [36m>[39m
        [36m<div[39m
          [33mclass[39m=[32m"_content_39262a"[39m
        [36m>[39m
          [36m<div[39m
            [33mclass[39m=[32m"_summary_39262a"[39m
          [36m>[39m
            [36m<p[39m
              [33mclass[39m=[32m"_summaryText_39262a"[39m
            [36m>[39m
              [0mYou're about to export [0m
              [36m<strong>[39m
                [0mTransactions[0m
              [36m</strong>[39m
              [0m [0m
              [0m([0m
              [0m150[0m
              [0m record[0m
              [0ms[0m
              [0m)[0m
              [0m.[0m
            [36m</p>[39m
          [36m</div>[39m
          [36m<div[39m
            [33maria-live[39m=[32m"polite"[39m
            [33mclass[39m=[32m"_warningBox_39262a"[39m
            [33mrole[39m=[32m"alert"[39m
          [36m>[39m
            [36m<div[39m
              [33maria-hidden[39m=[32m"true"[39m
              [33mclass[39m=[32m"_warningIcon_39262a"[39m
            [36m>[39m
              [36m<svg[39m
                [33mfill[39m=[32m"none"[39m
                [33mheight[39m=[32m"24"[39m
                [33mstroke[39m=[32m"currentColor"[39m
                [33mviewBox[39m=[32m"0 0 24 24"[39m
                [33mwidth[39m=[32m"24"[39m
              [36m>[39m
                [36m<path[39m
                  [33md[39m=[32m"M12 9v2m0 4h.01m-6.938 4h13.856c1.54 0 2.502-1.667 1.732-3L13.732 4c-.77-1.333-2.694-1.333-3.464 0L3.34 16c-.77 1.333.192 3 1.732 3z"[39m
                  [33mstroke-linecap[39m=[32m"round"[39m
                  [33mstroke-linejoin[39m=[32m"round"[39m
                  [33mstroke-width[39m=[32m"2"[39m
                [36m/>[39m
              [36m</svg>[39m
            [36m</div>[39m
            [36m<div[39m
              [33mclass[39m=[32m"_warningContent_39262a"[39m
            [36m>[39m
              [36m<h3[39m
                [33mclass[39m=[32m"_warningTitle_39262a"[39m
              [36m>[39m
                [0mImportant: Exported data is not encrypted[0m
              [36m</h3>[39m
              [36m<p[39m
                [33mclass[39m=[32m"_warningText_39262a"[39m
              [36m>[39m
                [0mOnce you download this file, it will contain your financial data in plain text. For your security, please:[0m
              [36m</p>[39m
              [36m<ul[39m
                [33mclass[39m=[32m"_warningList_39262a"[39m
              [36m>[39m
                [36m<li>[39m
                  [0mStore the file in a secure location on your device[0m
                [36m</li>[39m
                [36m<li>[39m
                  [0mDelete the file when you no longer need it[0m
                [36m</li>[39m
                [36m<li>[39m
                  [0mNever share the file over unsecured channels (email, messaging apps)[0m
                [36m</li>[39m
                [36m<li>[39m
                  [0mConsider encrypting the file yourself if storing long-term[0m
                [36m</li>[39m
              [36m</ul>[39m
            [36m</div>[39m
          [36m</div>[39m
          [36m<div[39m
            [33mclass[39m=[32m"_acknowledgment_39262a"[39m
          [36m>[39m
            [36m<label[39m
              [33mclass[39m=[32m"_checkboxLabel_39262a"[39m
            [36m>[39m
              [36m<input[39m
                [33maria-describedby[39m=[32m"export-warning-description"[39m
                [33mclass[39m=[32m"_checkbox_39262a"[39m
                [33mdisabled[39m=[32m""[39m
                [33mtype[39m=[32m"checkbox"[39m
              [36m/>[39m
              [36m<span[39m
                [33mclass[39m=[32m"_checkboxText_39262a"[39m
              [36m>[39m
                [0mI understand that the exported file is not encrypted and I will handle it securely[0m
              [36m</span>[39m
            [36m</label>[39m
          [36m</div>[39m
          [36m<div[39m
            [33mclass[39m=[32m"_srOnly_39262a"[39m
            [33mid[39m=[32m"export-warning-description"[39m
          [36m>[39m
            [0mCheck this box to confirm you understand the security implications of exporting unencrypted data and agree to handle the file securely.[0m
          [36m</div>[39m
        [36m</div>[39m
      [36m</div>[39m
      [36m<div[39m
        [33mclass[39m=[32m"_modalFooter_a5c4df"[39m
      [36m>[39m
        [36m<div[39m
          [33mclass[39m=[32m"_footer_39262a"[39m
        [36m>[39m
          [36m<button[39m
            [33maria-busy[39m=[32m"false"[39m
            [33maria-disabled[39m=[32m"true"[39m
            [33maria-label[39m=[32m"Cancel export"[39m
            [33mclass[39m=[32m"_button_c9c6cf _secondary_c9c6cf _md_c9c6cf"[39m
            [33mdisabled[39m=[32m""[39m
            [33mtype[39m=[32m"button"[39m
          [36m>[39m
            [36m<span[39m
              [33mclass[39m=[32m"_content_c9c6cf"[39m
            [36m>[39m
              [0mCancel[0m
            [36m</span>[39m
          [36m</button>[39m
          [36m<button[39m
            [33maria-busy[39m=[32m"false"[39m
            [33maria-disabled[39m=[32m"true"[39m
            [33maria-label[39m=[32m"Proceed with export"[39m
            [33mclass[39m=[32m"_button_c9c6cf _primary_c9c6cf _md_c9c6cf"[39m
            [33mdisabled[39m=[32m""[39m
            [33mtype[39m=[32m"button"[39m
          [36m>[39m
            [36m<span[39m
              [33mclass[39m=[32m"_content_c9c6cf"[39m
            [36m>[39m
              [0mExporting...[0m
            [36m</span>[39m
          [36m</button>[39m
        [36m</div>[39m
      [36m</div>[39m
    [36m</div>[39m
  [36m</div>[39m
[36m</body>[39m
 ❯ Object.getElementError node_modules/@testing-library/react/node_modules/@testing-library/dom/dist/config.js:37:19
 ❯ node_modules/@testing-library/react/node_modules/@testing-library/dom/dist/query-helpers.js:76:38
 ❯ node_modules/@testing-library/react/node_modules/@testing-library/dom/dist/query-helpers.js:52:17
 ❯ node_modules/@testing-library/react/node_modules/@testing-library/dom/dist/query-helpers.js:95:19
 ❯ src/components/modals/ExportWarningModal.test.tsx:203:35
    201|       fireEvent.click(checkbox)
    202|
    203|       const exportButton = screen.getByRole('button', { name: /exporti…
       |                                   ^
    204|       fireEvent.click(exportButton)
    205|

⎯⎯⎯⎯⎯⎯⎯⎯⎯⎯⎯⎯⎯⎯⎯⎯⎯⎯⎯⎯[279/824]⎯

 FAIL  src/components/modals/ExportWarningModal.test.tsx > ExportWarningModal > Cancel Behavior > should reset acknowledgment when modal closes
Error: [2mexpect([22m[31melement[39m[2m).not.toBeChecked()[22m

Received element is checked:
  [31m<input
  aria-describedby="export-warning-description"
  checked=""
  class="_checkbox_39262a"
  type="checkbox"
/>[39m
 ❯ src/components/modals/ExportWarningModal.test.tsx:235:31
    233|
    234|       const newCheckbox = screen.getByRole('checkbox')
    235|       expect(newCheckbox).not.toBeChecked()
       |                               ^
    236|     })
    237|   })

⎯⎯⎯⎯⎯⎯⎯⎯⎯⎯⎯⎯⎯⎯⎯⎯⎯⎯⎯⎯[280/824]⎯

 FAIL  src/components/settings/DataSafetyPanel.test.tsx > DataSafetyPanel > Security Information Section > should display security information
TestingLibraryElementError: Unable to find an element with the text: /Bank-level encryption/. This could be because the text is broken up by multiple elements. In this case, you can provide a function for your text matcher to make your matcher more flexible.

Ignored nodes: comments, script, style
[36m<body>[39m
  [36m<div>[39m
    [36m<div[39m
      [33mclass[39m=[32m"_container_c22eb1"[39m
    [36m>[39m
      [36m<div[39m
        [33mclass[39m=[32m"_card_652a3f _elevated_652a3f _padding-md_652a3f"[39m
      [36m>[39m
        [36m<div[39m
          [33mclass[39m=[32m"_header_652a3f"[39m
        [36m>[39m
          [36m<div[39m
            [33mclass[39m=[32m"_header_c22eb1"[39m
          [36m>[39m
            [36m<div>[39m
              [36m<h2[39m
                [33mclass[39m=[32m"_title_c22eb1"[39m
              [36m>[39m
                [0mData Safety[0m
              [36m</h2>[39m
              [36m<p[39m
                [33mclass[39m=[32m"_subtitle_c22eb1"[39m
              [36m>[39m
                [0mPeace of mind in one glance[0m
              [36m</p>[39m
            [36m</div>[39m
            [36m<div[39m
              [33mclass[39m=[32m"_statusBadge_c22eb1"[39m
            [36m>[39m
              [36m<span[39m
                [33mclass[39m=[32m"_statusOff_c22eb1"[39m
              [36m>[39m
                [36m<span[39m
                  [33maria-hidden[39m=[32m"true"[39m
                  [33mclass[39m=[32m"_statusDot_c22eb1"[39m
                [36m/>[39m
                [0mManual Backups Only[0m
              [36m</span>[39m
            [36m</div>[39m
          [36m</div>[39m
        [36m</div>[39m
      [36m</div>[39m
      [36m<div[39m
        [33mclass[39m=[32m"_card_652a3f _default_652a3f _padding-md_652a3f"[39m
      [36m>[39m
        [36m<div[39m
          [33mclass[39m=[32m"_header_652a3f"[39m
        [36m>[39m
          [36m<h3[39m
            [33mclass[39m=[32m"_sectionTitle_c22eb1"[39m
          [36m>[39m
            [0mBackup Status[0m
          [36m</h3>[39m
        [36m</div>[39m
        [36m<div[39m
          [33mclass[39m=[32m"_body_652a3f"[39m
        [36m>[39m
          [36m<div[39m
            [33mclass[39m=[32m"_statusGrid_c22eb1"[39m
          [36m>[39m
            [36m<div[39m
              [33mclass[39m=[32m"_statusItem_c22eb1"[39m
            [36m>[39m
              [36m<span[39m
                [33mclass[39m=[32m"_statusLabel_c22eb1"[39m
              [36m>[39m
                [0mBackup Location:[0m
              [36m</span>[39m
              [36m<span[39m
                [33mclass[39m=[32m"_statusValue_c22eb1"[39m
              [36m>[39m
                [0mNot configured[0m
              [36m</span>[39m
            [36m</div>[39m
            [36m<div[39m
              [33mclass[39m=[32m"_statusItem_c22eb1"[39m
            [36m>[39m
              [36m<span[39m
                [33mclass[39m=[32m"_statusLabel_c22eb1"[39m
              [36m>[39m
                [0mLast Backup:[0m
              [36m</span>[39m
              [36m<span[39m
                [33mclass[39m=[32m"_statusValue_c22eb1"[39m
              [36m>[39m
                [0mNever[0m
              [36m</span>[39m
            [36m</div>[39m
          [36m</div>[39m
          [36m<div[39m
            [33mclass[39m=[32m"_actions_c22eb1"[39m
          [36m>[39m
            [36m<button[39m
              [33maria-busy[39m=[32m"false"[39m
              [33maria-disabled[39m=[32m"false"[39m
              [33maria-label[39m=[32m"Change backup location"[39m
              [33mclass[39m=[32m"_button_c9c6cf _secondary_c9c6cf _md_c9c6cf"[39m
              [33mtype[39m=[32m"button"[39m
            [36m>[39m
              [36m<span[39m
                [33maria-hidden[39m=[32m"true"[39m
                [33mclass[39m=[32m"_iconBefore_c9c6cf"[39m
              [36m>[39m
                [0m📁[0m
              [36m</span>[39m
              [36m<span[39m
                [33mclass[39m=[32m"_content_c9c6cf"[39m
              [36m>[39m
                [0mSet Up Automatic Backups[0m
              [36m</span>[39m
            [36m</button>[39m
            [36m<button[39m
              [33maria-busy[39m=[32m"false"[39m
              [33maria-disabled[39m=[32m"false"[39m
              [33maria-label[39m=[32m"Create backup now"[39m
              [33mclass[39m=[32m"_button_c9c6cf _primary_c9c6cf _md_c9c6cf"[39m
              [33mtype[39m=[32m"button"[39m
            [36m>[39m
              [36m<span[39m
                [33maria-hidden[39m=[32m"true"[39m
                [33mclass[39m=[32m"_iconBefore_c9c6cf"[39m
              [36m>[39m
                [0m💾[0m
              [36m</span>[39m
              [36m<span[39m
                [33mclass[39m=[32m"_content_c9c6cf"[39m
              [36m>[39m
                [0mBackup Now[0m
              [36m</span>[39m
            [36m</button>[39m
          [36m</div>[39m
          [36m<div[39m
            [33mclass[39m=[32m"_infoBox_c22eb1"[39m
          [36m>[39m
            [36m<p[39m
              [33mclass[39m=[32m"_infoText_c22eb1"[39m
            [36m>[39m
              [36m<strong>[39m
                [0mWant automatic backups?[0m
              [36m</strong>[39m
              [0m Set up a backup location to have your data automatically saved to your computer. Your backups are encrypted and only you can access them.[0m
            [36m</p>[39m
          [36m</div>[39m
        [36m</div>[39m
      [36m</div>[39m
      [36m<div[39m
        [33mclass[39m=[32m"_card_652a3f _default_652a3f _padding-md_652a3f"[39m
      [36m>[39m
        [36m<div[39m
          [33mclass[39m=[32m"_header_652a3f"[39m
        [36m>[39m
          [36m<h3[39m
            [33mclass[39m=[32m"_sectionTitle_c22eb1"[39m
          [36m>[39m
            [0mBackup History[0m
          [36m</h3>[39m
          [36m<p[39m
            [33mclass[39m=[32m"_sectionSubtitle_c22eb1"[39m
          [36m>[39m
            [0mYour 10 most recent backups[0m
          [36m</p>[39m
        [36m</div>[39m
        [36m<div[39m
          [33mclass[39m=[32m"_body_652a3f"[39m
        [36m>[39m
          [36m<div[39m
            [33mclass[39m=[32m"_emptyState_c22eb1"[39m
          [36m>[39m
            [36m<p[39m
              [33maria-hidden[39m=[32m"true"[39m
              [33mclass[39m=[32m"_emptyStateIcon_c22eb1"[39m
            [36m>[39m
              [0m📦[0m
            [36m</p>[39m
            [36m<p[39m
              [33mclass[39m=[32m"_emptyStateTitle_c22eb1"[39m
            [36m>[39m
              [0mNo backups yet[0m
            [36m</p>[39m
            [36m<p[39m
              [33mclass[39m=[32m"_emptyStateText_c22eb1"[39m
            [36m>[39m
              [0mYour first backup will appear here. Click "Backup Now" to create one![0m
            [36m</p>[39m
          [36m</div>[39m
        [36m</div>[39m
      [36m</div>[39m
      [36m<div[39m
        [33mclass[39m=[32m"_card_652a3f _bordered_652a3f _padding-md_652a3f"[39m
      [36m>[39m
        [36m<div[39m
          [33mclass[39m=[32m"_body_652a3f"[39m
        [36m>[39m
          [36m<div[39m
            [33mclass[39m=[32m"_securityInfo_c22eb1"[39m
          [36m>[39m
            [36m<h4[39m
              [33mclass[39m=[32m"_securityTitle_c22eb1"[39m
            [36m>[39m
              [0mHow your backups are protected[0m
            [36m</h4>[39m
            [36m<ul[39m
              [33mclass[39m=[32m"_securityList_c22eb1"[39m
            [36m>[39m
              [36m<li>[39m
                [36m<strong>[39m
                  [0mZero-knowledge encryption:[0m
                [36m</strong>[39m
                [0m Your backup files are encrypted before leaving your device. We can never see your data - only you have the key.[0m
              [36m</li>[39m
              [36m<li>[39m
                [36m<strong>[39m
                  [0mMultiple safety nets:[0m
                [36m</strong>[39m
                [0m Keep backups on your computer, in your email, and synced across devices for maximum protection.[0m
              [36m</li>[39m
              [36m<li>[39m
                [36m<strong>[39m
                  [0mSmart retention:[0m
                [36m</strong>[39m
                [0m We keep your last 10 backups plus one daily snapshot for 30 days, so you always have a recent copy without cluttering your storage.[0m
              [36m</li>[39m
            [36m</ul>[39m
          [36m</div>[39m
        [36m</div>[39m
      [36m</div>[39m
    [36m</div>[39m
  [36m</div>[39m
[36m</body>[39m

Ignored nodes: comments, script, style
[36m<html>[39m
  [36m<head />[39m
  [36m<body>[39m
    [36m<div>[39m
      [36m<div[39m
        [33mclass[39m=[32m"_container_c22eb1"[39m
      [36m>[39m
        [36m<div[39m
          [33mclass[39m=[32m"_card_652a3f _elevated_652a3f _padding-md_652a3f"[39m
        [36m>[39m
          [36m<div[39m
            [33mclass[39m=[32m"_header_652a3f"[39m
          [36m>[39m
            [36m<div[39m
              [33mclass[39m=[32m"_header_c22eb1"[39m
            [36m>[39m
              [36m<div>[39m
                [36m<h2[39m
                  [33mclass[39m=[32m"_title_c22eb1"[39m
                [36m>[39m
                  [0mData Safety[0m
                [36m</h2>[39m
                [36m<p[39m
                  [33mclass[39m=[32m"_subtitle_c22eb1"[39m
                [36m>[39m
                  [0mPeace of mind in one glance[0m
                [36m</p>[39m
              [36m</div>[39m
              [36m<div[39m
                [33mclass[39m=[32m"_statusBadge_c22eb1"[39m
              [36m>[39m
                [36m<span[39m
                  [33mclass[39m=[32m"_statusOff_c22eb1"[39m
                [36m>[39m
                  [36m<span[39m
                    [33maria-hidden[39m=[32m"true"[39m
                    [33mclass[39m=[32m"_statusDot_c22eb1"[39m
                  [36m/>[39m
                  [0mManual Backups Only[0m
                [36m</span>[39m
              [36m</div>[39m
            [36m</div>[39m
          [36m</div>[39m
        [36m</div>[39m
        [36m<div[39m
          [33mclass[39m=[32m"_card_652a3f _default_652a3f _padding-md_652a3f"[39m
        [36m>[39m
          [36m<div[39m
            [33mclass[39m=[32m"_header_652a3f"[39m
          [36m>[39m
            [36m<h3[39m
              [33mclass[39m=[32m"_sectionTitle_c22eb1"[39m
            [36m>[39m
              [0mBackup Status[0m
            [36m</h3>[39m
          [36m</div>[39m
          [36m<div[39m
            [33mclass[39m=[32m"_body_652a3f"[39m
          [36m>[39m
            [36m<div[39m
              [33mclass[39m=[32m"_statusGrid_c22eb1"[39m
            [36m>[39m
              [36m<div[39m
                [33mclass[39m=[32m"_statusItem_c22eb1"[39m
              [36m>[39m
                [36m<span[39m
                  [33mclass[39m=[32m"_statusLabel_c22eb1"[39m
                [36m>[39m
                  [0mBackup Location:[0m
                [36m</span>[39m
                [36m<span[39m
                  [33mclass[39m=[32m"_statusValue_c22eb1"[39m
                [36m>[39m
                  [0mNot configured[0m
                [36m</span>[39m
              [36m</div>[39m
              [36m<div[39m
                [33mclass[39m=[32m"_statusItem_c22eb1"[39m
              [36m>[39m
                [36m<span[39m
                  [33mclass[39m=[32m"_statusLabel_c22eb1"[39m
                [36m>[39m
                  [0mLast Backup:[0m
                [36m</span>[39m
                [36m<span[39m
                  [33mclass[39m=[32m"_statusValue_c22eb1"[39m
                [36m>[39m
                  [0mNever[0m
                [36m</span>[39m
              [36m</div>[39m
            [36m</div>[39m
            [36m<div[39m
              [33mclass[39m=[32m"_actions_c22eb1"[39m
            [36m>[39m
              [36m<button[39m
                [33maria-busy[39m=[32m"false"[39m
                [33maria-disabled[39m=[32m"false"[39m
                [33maria-label[39m=[32m"Change backup location"[39m
                [33mclass[39m=[32m"_button_c9c6cf _secondary_c9c6cf _md_c9c6cf"[39m
                [33mtype[39m=[32m"button"[39m
              [36m>[39m
                [36m<span[39m
                  [33maria-hidden[39m=[32m"true"[39m
                  [33mclass[39m=[32m"_iconBefore_c9c6cf"[39m
                [36m>[39m
                  [0m📁[0m
                [36m</span>[39m
                [36m<span[39m
                  [33mclass[39m=[32m"_content_c9c6cf"[39m
                [36m>[39m
                  [0mSet Up Automatic Backups[0m
                [36m</span>[39m
              [36m</button>[39m
              [36m<button[39m
                [33maria-busy[39m=[32m"false"[39m
                [33maria-disabled[39m=[32m"false"[39m
                [33maria-label[39m=[32m"Create backup now"[39m
                [33mclass[39m=[32m"_button_c9c6cf _primary_c9c6cf _md_c9c6cf"[39m
                [33mtype[39m=[32m"button"[39m
              [36m>[39m
                [36m<span[39m
                  [33maria-hidden[39m=[32m"true"[39m
                  [33mclass[39m=[32m"_iconBefore_c9c6cf"[39m
                [36m>[39m
                  [0m💾[0m
                [36m</span>[39m
                [36m<span[39m
                  [33mclass[39m=[32m"_content_c9c6cf"[39m
                [36m>[39m
                  [0mBackup Now[0m
                [36m</span>[39m
              [36m</button>[39m
            [36m</div>[39m
            [36m<div[39m
              [33mclass[39m=[32m"_infoBox_c22eb1"[39m
            [36m>[39m
              [36m<p[39m
                [33mclass[39m=[32m"_infoText_c22eb1"[39m
              [36m>[39m
                [36m<strong>[39m
                  [0mWant automatic backups?[0m
                [36m</strong>[39m
                [0m Set up a backup location to have your data automatically saved to your computer. Your backups are encrypted and only you can access them.[0m
              [36m</p>[39m
            [36m</div>[39m
          [36m</div>[39m
        [36m</div>[39m
        [36m<div[39m
          [33mclass[39m=[32m"_card_652a3f _default_652a3f _padding-md_652a3f"[39m
        [36m>[39m
          [36m<div[39m
            [33mclass[39m=[32m"_header_652a3f"[39m
          [36m>[39m
            [36m<h3[39m
              [33mclass[39m=[32m"_sectionTitle_c22eb1"[39m
            [36m>[39m
              [0mBackup History[0m
            [36m</h3>[39m
            [36m<p[39m
              [33mclass[39m=[32m"_sectionSubtitle_c22eb1"[39m
            [36m>[39m
              [0mYour 10 most recent backups[0m
            [36m</p>[39m
          [36m</div>[39m
          [36m<div[39m
            [33mclass[39m=[32m"_body_652a3f"[39m
          [36m>[39m
            [36m<div[39m
              [33mclass[39m=[32m"_emptyState_c22eb1"[39m
            [36m>[39m
              [36m<p[39m
                [33maria-hidden[39m=[32m"true"[39m
                [33mclass[39m=[32m"_emptyStateIcon_c22eb1"[39m
              [36m>[39m
                [0m📦[0m
              [36m</p>[39m
              [36m<p[39m
                [33mclass[39m=[32m"_emptyStateTitle_c22eb1"[39m
          ...
 ❯ Proxy.waitForWrapper node_modules/@testing-library/react/node_modules/@testing-library/dom/dist/wait-for.js:163:27
 ❯ src/components/settings/DataSafetyPanel.test.tsx:150:13
    148|       render(<DataSafetyPanel />)
    149|
    150|       await waitFor(() => {
       |             ^
    151|         expect(screen.getByText('How your backups are protected')).toB…
    152|         expect(screen.getByText(/Bank-level encryption/)).toBeInTheDoc…

⎯⎯⎯⎯⎯⎯⎯⎯⎯⎯⎯⎯⎯⎯⎯⎯⎯⎯⎯⎯[281/824]⎯

 FAIL  src/components/settings/DataSafetyPanel.test.tsx > DataSafetyPanel > Accessibility > should be keyboard navigable
AssertionError: expected 'SPAN' to be 'BUTTON' // Object.is equality

Expected: "BUTTON"
Received: "SPAN"

 ❯ src/components/settings/DataSafetyPanel.test.tsx:403:35
    401|       // Both buttons should be in the document and be button elements
    402|       expect(firstButton).toBeInTheDocument()
    403|       expect(firstButton.tagName).toBe('BUTTON')
       |                                   ^
    404|       expect(secondButton).toBeInTheDocument()
    405|       expect(secondButton.tagName).toBe('BUTTON')

⎯⎯⎯⎯⎯⎯⎯⎯⎯⎯⎯⎯⎯⎯⎯⎯⎯⎯⎯⎯[282/824]⎯

 FAIL  src/components/settings/DataSafetyPanel.test.tsx > DataSafetyPanel > Steadiness Communication Style > should not blame user in error messages
TestingLibraryElementError: Unable to find an element with the text: /Oops! Something unexpected happened/. This could be because the text is broken up by multiple elements. In this case, you can provide a function for your text matcher to make your matcher more flexible.

Ignored nodes: comments, script, style
[36m<body>[39m
  [36m<div>[39m
    [36m<div[39m
      [33mclass[39m=[32m"_container_c22eb1"[39m
    [36m>[39m
      [36m<div[39m
        [33mclass[39m=[32m"_card_652a3f _elevated_652a3f _padding-md_652a3f"[39m
      [36m>[39m
        [36m<div[39m
          [33mclass[39m=[32m"_header_652a3f"[39m
        [36m>[39m
          [36m<div[39m
            [33mclass[39m=[32m"_header_c22eb1"[39m
          [36m>[39m
            [36m<div>[39m
              [36m<h2[39m
                [33mclass[39m=[32m"_title_c22eb1"[39m
              [36m>[39m
                [0mData Safety[0m
              [36m</h2>[39m
              [36m<p[39m
                [33mclass[39m=[32m"_subtitle_c22eb1"[39m
              [36m>[39m
                [0mPeace of mind in one glance[0m
              [36m</p>[39m
            [36m</div>[39m
            [36m<div[39m
              [33mclass[39m=[32m"_statusBadge_c22eb1"[39m
            [36m>[39m
              [36m<span[39m
                [33mclass[39m=[32m"_statusOff_c22eb1"[39m
              [36m>[39m
                [36m<span[39m
                  [33maria-hidden[39m=[32m"true"[39m
                  [33mclass[39m=[32m"_statusDot_c22eb1"[39m
                [36m/>[39m
                [0mManual Backups Only[0m
              [36m</span>[39m
            [36m</div>[39m
          [36m</div>[39m
        [36m</div>[39m
      [36m</div>[39m
      [36m<div[39m
        [33maria-live[39m=[32m"polite"[39m
        [33mclass[39m=[32m"_alert_8fba7a _warning_8fba7a"[39m
        [33mrole[39m=[32m"status"[39m
      [36m>[39m
        [36m<span[39m
          [33maria-hidden[39m=[32m"true"[39m
          [33mclass[39m=[32m"_alertIcon_8fba7a"[39m
        [36m>[39m
          [0m⚡[0m
        [36m</span>[39m
        [36m<div[39m
          [33mclass[39m=[32m"_alertContent_8fba7a"[39m
        [36m>[39m
          [0mNetwork error[0m
        [36m</div>[39m
      [36m</div>[39m
      [36m<div[39m
        [33mclass[39m=[32m"_card_652a3f _default_652a3f _padding-md_652a3f"[39m
      [36m>[39m
        [36m<div[39m
          [33mclass[39m=[32m"_header_652a3f"[39m
        [36m>[39m
          [36m<h3[39m
            [33mclass[39m=[32m"_sectionTitle_c22eb1"[39m
          [36m>[39m
            [0mBackup Status[0m
          [36m</h3>[39m
        [36m</div>[39m
        [36m<div[39m
          [33mclass[39m=[32m"_body_652a3f"[39m
        [36m>[39m
          [36m<div[39m
            [33mclass[39m=[32m"_statusGrid_c22eb1"[39m
          [36m>[39m
            [36m<div[39m
              [33mclass[39m=[32m"_statusItem_c22eb1"[39m
            [36m>[39m
              [36m<span[39m
                [33mclass[39m=[32m"_statusLabel_c22eb1"[39m
              [36m>[39m
                [0mBackup Location:[0m
              [36m</span>[39m
              [36m<span[39m
                [33mclass[39m=[32m"_statusValue_c22eb1"[39m
              [36m>[39m
                [0mNot configured[0m
              [36m</span>[39m
            [36m</div>[39m
            [36m<div[39m
              [33mclass[39m=[32m"_statusItem_c22eb1"[39m
            [36m>[39m
              [36m<span[39m
                [33mclass[39m=[32m"_statusLabel_c22eb1"[39m
              [36m>[39m
                [0mLast Backup:[0m
              [36m</span>[39m
              [36m<span[39m
                [33mclass[39m=[32m"_statusValue_c22eb1"[39m
              [36m>[39m
                [0mNever[0m
              [36m</span>[39m
            [36m</div>[39m
          [36m</div>[39m
          [36m<div[39m
            [33mclass[39m=[32m"_actions_c22eb1"[39m
          [36m>[39m
            [36m<button[39m
              [33maria-busy[39m=[32m"false"[39m
              [33maria-disabled[39m=[32m"false"[39m
              [33maria-label[39m=[32m"Change backup location"[39m
              [33mclass[39m=[32m"_button_c9c6cf _secondary_c9c6cf _md_c9c6cf"[39m
              [33mtype[39m=[32m"button"[39m
            [36m>[39m
              [36m<span[39m
                [33maria-hidden[39m=[32m"true"[39m
                [33mclass[39m=[32m"_iconBefore_c9c6cf"[39m
              [36m>[39m
                [0m📁[0m
              [36m</span>[39m
              [36m<span[39m
                [33mclass[39m=[32m"_content_c9c6cf"[39m
              [36m>[39m
                [0mSet Up Automatic Backups[0m
              [36m</span>[39m
            [36m</button>[39m
            [36m<button[39m
              [33maria-busy[39m=[32m"false"[39m
              [33maria-disabled[39m=[32m"false"[39m
              [33maria-label[39m=[32m"Create backup now"[39m
              [33mclass[39m=[32m"_button_c9c6cf _primary_c9c6cf _md_c9c6cf"[39m
              [33mtype[39m=[32m"button"[39m
            [36m>[39m
              [36m<span[39m
                [33maria-hidden[39m=[32m"true"[39m
                [33mclass[39m=[32m"_iconBefore_c9c6cf"[39m
              [36m>[39m
                [0m💾[0m
              [36m</span>[39m
              [36m<span[39m
                [33mclass[39m=[32m"_content_c9c6cf"[39m
              [36m>[39m
                [0mBackup Now[0m
              [36m</span>[39m
            [36m</button>[39m
          [36m</div>[39m
          [36m<div[39m
            [33mclass[39m=[32m"_infoBox_c22eb1"[39m
          [36m>[39m
            [36m<p[39m
              [33mclass[39m=[32m"_infoText_c22eb1"[39m
            [36m>[39m
              [36m<strong>[39m
                [0mWant automatic backups?[0m
              [36m</strong>[39m
              [0m Set up a backup location to have your data automatically saved to your computer. Your backups are encrypted and only you can access them.[0m
            [36m</p>[39m
          [36m</div>[39m
        [36m</div>[39m
      [36m</div>[39m
      [36m<div[39m
        [33mclass[39m=[32m"_card_652a3f _default_652a3f _padding-md_652a3f"[39m
      [36m>[39m
        [36m<div[39m
          [33mclass[39m=[32m"_header_652a3f"[39m
        [36m>[39m
          [36m<h3[39m
            [33mclass[39m=[32m"_sectionTitle_c22eb1"[39m
          [36m>[39m
            [0mBackup History[0m
          [36m</h3>[39m
          [36m<p[39m
            [33mclass[39m=[32m"_sectionSubtitle_c22eb1"[39m
          [36m>[39m
            [0mYour 10 most recent backups[0m
          [36m</p>[39m
        [36m</div>[39m
        [36m<div[39m
          [33mclass[39m=[32m"_body_652a3f"[39m
        [36m>[39m
          [36m<div[39m
            [33mclass[39m=[32m"_historyList_c22eb1"[39m
          [36m>[39m
            [36m<div[39m
              [33mclass[39m=[32m"_historyItem_c22eb1"[39m
            [36m>[39m
              [36m<div[39m
                [33maria-hidden[39m=[32m"true"[39m
                [33mclass[39m=[32m"_historyIcon_c22eb1"[39m
              [36m>[39m
                [0m✓[0m
              [36m</div>[39m
              [36m<div[39m
                [33mclass[39m=[32m"_historyDetails_c22eb1"[39m
              [36m>[39m
                [36m<p[39m
                  [33mclass[39m=[32m"_historyFilename_c22eb1"[39m
                [36m>[39m
                  [0mtest-backup.gbbackup[0m
                [36m</p>[39m
                [36m<p[39m
                  [33mclass[39m=[32m"_historyMeta_c22eb1"[39m
                [36m>[39m
                  [0mJust now[0m
                  [0m · [0m
                  [0m4 B[0m
                [36m</p>[39m
              [36m</div>[39m
              [36m<button[39m
                [33maria-busy[39m=[32m"false"[39m
                [33maria-disabled[39m=[32m"false"[39m
                [33maria-label[39m=[32m"Download backup test-backup.gbbackup"[39m
                [33mclass[39m=[32m"_button_c9c6cf _ghost_c9c6cf _sm_c9c6cf"[39m
                [33mtype[39m=[32m"button"[39m
              [36m>[39m
                [36m<span[39m
                  [33mclass[39m=[32m"_content_c9c6cf"[39m
                [36m>[39m
                  [0mDownload[0m
                [36m</span>[39m
              [36m</button>[39m
            [36m</div>[39m
            [36m<div[39m
              [33mclass[39m=[32m"_historyItem_c22eb1"[39m
            [36m>[39m
              [36m<div[39m
                [33maria-hidden[39m=[32m"true"[39m
                [33mclass[39m=[32m"_historyIcon_c22eb1"[39m
              [36m>[39m
                [0m✓[0m
              [36m</div>[39m
              [36m<div[39m
                [33mclass[39m=[32m"_historyDetails_c22eb1"[39m
              [36m>[39m
                [36m<p[39m
                  [33mclass[39m=[32m"_historyFilename_c22eb1"[39m
                [36m>[39m
                  [0mtest-backup.gbbackup[0m
                [36m</p>[39m
                [36m<p[39m
                  [33mclass[39m=[32m"_historyMeta_c22eb1"[39m
                [36m>[39m
                  [0mJust now[0m
                  [0m · [0m
                  [0m4 B[0m
                [36m</p>[39m
              [36m</div>[39m
              [36m<button[39m
                [33maria-busy[39m=[32m"false"[39m
                [33maria-disabled[39m=[32m"false"[39m
                [33maria-label[39m=[32m"Download backup test-backup.gbbackup"[39m
                [33mclass[39m=[32m"_button_c9c6cf _ghost_c9c6cf _sm_c9c6cf"[39m
                [33mtype[39m=[32m"button"[39m
              [36m>[39m
                [36m<span[39m
                  [33mclass[39m=[32m"_content_c9c6cf"[39m
                [36m>[39m
                  [0mDownload[0m
                [36m</span>[39m
              [36m</button>[39m
            [36m</div>[39m
            [36m<div[39m
              [33mclass[39m=[32m"_historyItem_c22eb1"[39m
            [36m>[39m
              [36m<div[39m
                [33maria-hidden[39m=[32m"true"[39m
                [33mclass[39m=[32m"_historyIcon_c22eb1"[39m
              [36m>[39m
                [0m✓[0m
              [36m</div>[39m
              [36m<div[39m
                [33mclass[39m=[32m"_historyDetails_c22eb1"[39m
              [36m>[39m
                [36m<p[39m
                  [33mclass[39m=[32m"_historyFilename_c22eb1"[39m
                [36m>[39m
                  [0mtest-backup.gbbackup[0m
                [36m</p>[39m
                [36m<p[39m
                  [33mclass[39m=[32m"_historyMeta_c22eb1"[39m
                [36m>[39m
                  [0mJust now[0m
                  [0m · [0m
                  [0m4 B[0m
                [36m</p>[39m
              [36m</div>[39m
              [36m<button[39m
                [33maria-busy[39m=[32m"false"[39m
                [33maria-disabled[39m=[32m"false"[39m
                [33maria-label[39m=[32m"Download backup test-backup.gbbackup"[39m
                [33mclass[39m=[32m"_button_c9c6cf _ghost_c9c6cf _sm_c9c6cf"[39m
                [33mtype[39m=[32m"button"[39m
              [36m>[39m
                [36m<span[39m
                  [33mclass[39m=[32m"_content_c9c6cf"[39m
                [36m>[39m
                  [0mDownload[0m
                [36m</span>[39m
              [36m</button>[39m
            [36m</div>[39m
            [36m<div[39m
              [33mclass[39m=[32m"_historyItem_c22eb1"[39m
            [36m>[39m
              [36m<div[39m
                [33maria-hidden[39m=[32m"true"[39m
                [33mclass[39m=[32m"_historyIcon_c22eb1"[39m
              [36m>[39m
                [0m✓[0m
              [36m</div>[39m
              [36m<div[39m
                [33mclass[39m=[32m"_historyDetails_c22eb1"[39m
              [36m>[39m
                [36m<p[39m
                  [33mclass[39m=[32m"_historyFilename_c22eb1"[39m
                [36m>[39m
                  [0mtest-backup.gbbackup[0m
                [36m</p>[39m
                [36m<p[39m
                  [33mclass[39m=[32m"_historyMeta_c22eb1"[39m
                [36m>[39m
                  [0mJust now[0m
                  [0m · [0m
                  [0m4 B[0m
                [36m</p>[39m
              [36m</div>[39m
              [36m<button[39m
                [33maria-busy[39m=[32m"false"[39m
                [33maria-disabled[39m=[32m"false"[39m
                [33maria-label[39m=[32m"Download backup test-backup.gbbackup"[39m
                [33mclass[39m=[32m"_button_c9c6cf _ghost_c9c6cf _sm_c9c6cf"[39m
                [33mtype[39m=[32m"button"[39m
              [36m>[39m
                [36m<span[39m
                  [33mclass[39m=[32m"_content_c9c6cf"[39m
                [36m>[39m
                  [0mDownload[0m
                [36m</span>[39m
              [36m</button>[39m
            [36m</div>[39m
            [36m<div[39m
              [33mclass[39m=[32m"_historyItem_c22eb1"[39m
            [36m>[39m
              [36m<div[39m
                [33maria-hidden[39m=[32m"true"[39m
                [33mclass[39m=[32m"_historyIcon_c22eb1"[39m
              [36m>[39m
                [0m✓[0m
              [36m</div>[39m
              [36m<div[39m
                [33mclass[39m=[32m"_historyDetails_c22eb1"[39m
              [36m>[39m
                [36m<p[39m
                  [33mclass[39m=[32m"_historyFilename_c22eb1"[39m
                [36m>[39m
                  [0mtest-backup.gbbackup[0m
                [36m</p>[39m
                [36m<p[39m
                  [33mclass[39m=[32m"_historyMeta_c22eb1"[39m
                [36m>[39m
                  [0mJust now[0m
                  [0m · [0m
                  [0m4 B[0m
                [36m</p>[39m
              [36m</div>[39m
              [36m<button[39m
                [33maria-busy[39m=[32m"false"[39m
                [33maria-disabled[39m=[32m"false"[39m
                [33maria-label[39m=[32m"Download backup test-backup.gbbackup"[39m
                [33mclass[39m=[32m"_button_c9c6cf _ghost_c9c6cf _sm_c9c6cf"[39m
                [33mtype[39m=[32m"button"[39m
              [36m>[39m
                [36m<span[39m
                  [33mclass[39m=[32m"_content_c9c6cf"[39m
                [36m>[39m
                  [0mDownload[0m
                [36m</span>[39m
              [36m</button>[39m
            [36m</div>[39m
          [36m</div>[39m
        [36m</div>[39m
      [36m</div>[39m
      [36m<div[39m
        [33mclass[39m=[32m"_card_652a3f _bordered_652a3f _padding-md_652a3f"[39m
      [36m>[39m
        [36m<div[39m
          [33mclass[39m=[32m"_body_652a3f"[39m
        [36m>[39m
          [36m<div[39m
            [33mclass[39m=[32m"_securityInfo_c22eb1"[39m
          [36m>[39m
            [36m<h4[39m
              [33mclass[39m=[32m"_securityTitle_c22eb1"[39m
            [36m>[39m
              [0mHow your backups are protected[0m
            [36m</h4>[39m
            [36m<ul[39m
              [33mclass[39m=[32m"_securityList_c22eb1"[39m
            [36m>[39m
              [36m<li>[39m
                [36m<strong>[39m
                  [0mZero-knowledge encryption:[0m
                [36m</strong>[39m
                [0m Your backup files are encrypted before leaving your device. We can never see your data - only you have the key.[0m
              [36m</li>[39m
              [36m<li>[39m
                [36m<strong>[39m
                  [0mMultiple safety nets:[0m
                [36m</strong>[39m
                [0m Keep backups on your computer, in your email, and synced across devices for maximum protection.[0m
              [36m</li>[39m
              [36m<li>[39m
                [36m<strong>[39m
                  [0mSmart retention:[0m
                [36m</strong>[39m
                [0m We keep your last 10 backups plus one daily snapshot for 30 days, so you always have a recent copy without cluttering your storage.[0m
              [36m</li>[39m
            [36m</ul>[39m
          [36m</div>[39m
        [36m</div>[39m
      [36m</div>[39m
    [36m</div>[39m
  [36m</div>[39m
[36m</body>[39m

Ignored nodes: comments, script, style
[36m<body>[39m
  [36m<div>[39m
    [36m<div[39m
      [33mclass[39m=[32m"_container_c22eb1"[39m
    [36m>[39m
      [36m<div[39m
        [33mclass[39m=[32m"_card_652a3f _elevated_652a3f _padding-md_652a3f"[39m
      [36m>[39m
        [36m<div[39m
          [33mclass[39m=[32m"_header_652a3f"[39m
        [36m>[39m
          [36m<div[39m
            [33mclass[39m=[32m"_header_c22eb1"[39m
          [36m>[39m
            [36m<div>[39m
              [36m<h2[39m
                [33mclass[39m=[32m"_title_c22eb1"[39m
              [36m>[39m
                [0mData Safety[0m
              [36m</h2>[39m
              [36m<p[39m
                [33mclass[39m=[32m"_subtitle_c22eb1"[39m
              [36m>[39m
                [0mPeace of mind in one glance[0m
              [36m</p>[39m
            [36m</div>[39m
            [36m<div[39m
              [33mclass[39m=[32m"_statusBadge_c22eb1"[39m
            [36m>[39m
              [36m<span[39m
                [33mclass[39m=[32m"_statusOff_c22eb1"[39m
              [36m>[39m
                [36m<span[39m
                  [33maria-hidden[39m=[32m"true"[39m
                  [33mclass[39m=[32m"_statusDot_c22eb1"[39m
                [36m/>[39m
                [0mManual Backups Only[0m
              [36m</span>[39m
            [36m</div>[39m
          [36m</div>[39m
        [36m</div>[39m
      [36m</div>[39m
      [36m<div[39m
        [33maria-live[39m=[32m"polite"[39m
        [33mclass[39m=[32m"_alert_8fba7a _warning_8fba7a"[39m
        [33mrole[39m=[32m"status"[39m
      [36m>[39m
        [36m<span[39m
          [33maria-hidden[39m=[32m"true"[39m
          [33mclass[39m=[32m"_alertIcon_8fba7a"[39m
        [36m>[39m
          [0m⚡[0m
        [36m</span>[39m
        [36m<div[39m
          [33mclass[39m=[32m"_alertContent_8fba7a"[39m
        [36m>[39m
          [0mNetwork error[0m
        [36m</div>[39m
      [36m</div>[39m
      [36m<div[39m
        [33mclass[39m=[32m"_card_652a3f _default_652a3f _padding-md_652a3f"[39m
      [36m>[39m
        [36m<div[39m
          [33mclass[39m=[32m"_header_652a3f"[39m
        [36m>[39m
          [36m<h3[39m
            [33mclass[39m=[32m"_sectionTitle_c22eb1"[39m
          [36m>[39m
            [0mBackup Status[0m
          [36m</h3>[39m
        [36m</div>[39m
        [36m<div[39m
          [33mclass[39m=[32m"_body_652a3f"[39m
        [36m>[39m
          [36m<div[39m
            [33mclass[39m=[32m"_statusGrid_c22eb1"[39m
          [36m>[39m
            [36m<div[39m
              [33mclass[39m=[32m"_statusItem_c22eb1"[39m
            [36m>[39m
              [36m<span[39m
                [33mclass[39m=[32m"_statusLabel_c22eb1"[39m
              [36m>[39m
                [0mBackup Location:[0m
              [36m</span>[39m
              [36m<span[39m
                [33mclass[39m=[32m"_statusValue_c22eb1"[39m
              [36m>[39m
                [0mNot configured[0m
              [36m</span>[39m
            [36m</div>[39m
            [36m<div[39m
              [33mclass[39m=[32m"_statusItem_c22eb1"[39m
            [36m>[39m
              [36m<span[39m
                [33mclass[39m=[32m"_statusLabel_c22eb1"[39m
              [36m>[39m
                [0mLast Backup:[0m
              [36m</span>[39m
              [36m<span[39m
                [33mclass[39m=[32m"_statusValue_c22eb1"[39m
              [36m>[39m
                [0mNever[0m
              [36m</span>[39m
            [36m</div>[39m
          [36m</div>[39m
          [36m<div[39m
            [33mclass[39m=[32m"_actions_c22eb1"[39m
          [36m>[39m
            [36m<button[39m
              [33maria-busy[39m=[32m"false"[39m
              [33maria-disabled[39m=[32m"false"[39m
              [33maria-label[39m=[32m"Change backup location"[39m
              [33mclass[39m=[32m"_button_c9c6cf _secondary_c9c6cf _md_c9c6cf"[39m
              [33mtype[39m=[32m"button"[39m
            [36m>[39m
              [36m<span[39m
                [33maria-hidden[39m=[32m"true"[39m
                [33mclass[39m=[32m"_iconBefore_c9c6cf"[39m
              [36m>[39m
                [0m📁[0m
              [36m</span>[39m
              [36m<span[39m
                [33mclass[39m=[32m"_content_c9c6cf"[39m
              [36m>[39m
                [0mSet Up Automatic Backups[0m
              [36m</span>[39m
            [36m</button>[39m
            [36m<button[39m
              [33maria-busy[39m=[32m"false"[39m
              [33maria-disabled[39m=[32m"false"[39m
              [33maria-label[39m=[32m"Create backup now"[39m
              [33mclass[39m=[32m"_button_c9c6cf _primary_c9c6cf _md_c9c6cf"[39m
              [33mtype[39m=[32m"button"[39m
            [36m>[39m
              [36m<span[39m
                [33maria-hidden[39m=[32m"true"[39m
                [33mclass[39m=[32m"_iconBefore_c9c6cf"[39m
              [36m>[39m
                [0m💾[0m
              [36m</span>[39m
              [36m<span[39m
                [33mclass[39m=[32m"_content_c9c6cf"[39m
              [36m>[39m
                [0mBackup Now[0m
              [36m</span>[39m
            [36m</button>[39m
          [36m</div>[39m
          [36m<div[39m
            [33mclass[39m=[32m"_infoBox_c22eb1"[39m
          [36m>[39m
            [36m<p[39m
              [33mclass[39m=[32m"_infoText_c22eb1"[39m
            [36m>[39m
              [36m<strong>[39m
                [0mWant automatic backups?[0m
              [36m</strong>[39m
              [0m Set up a backup location to have your data automatically saved to your computer. Your backups are encrypted and only you can access them.[0m
            [36m</p>[39m
          [36m</div>[39m
        [36m</div>[39m
      [36m</div>[39m
      [36m<div[39m
        [33mclass[39m=[32m"_card_652a3f _default_652a3f _padding-md_652a3f"[39m
      [36m>[39m
        [36m<div[39m
          [33mclass[39m=[32m"_header_652a3f"[39m
        [36m>[39m
          [36m<h3[39m
            [33mclass[39m=[32m"_sectionTitle_c22eb1"[39m
          [36m>[39m
            [0mBackup History[0m
          [36m</h3>[39m
          [36m<p[39m
            [33mclass[39m=[32m"_sectionSubtitle_c22eb1"[39m
          [36m>[39m
            [0mYour 10 most recent backups[0m
          [36m</p>[39m
        [36m</div>[39m
        [36m<div[39m
          [33mclass[39m=[32m"_body_652a3f"[39m
        [36m>[39m
          [36m<div[39m
            [33mclass[39m=[32m"_historyList_c22eb1"[39m
          [36m>[39m
            [36m<div[39m
              [33mclass[39m=[32m"_historyItem_c22eb1"[39m
            [36m>[39m
              [36m<div[39m
                [33maria-hidden[39m=[32m"true"[39m
                [33mclass[39m=[32m"_historyIcon_c22eb1"[39m
              [36m>[39m
                [0m✓[0m
              [36m</div>[39m
              [36m<div[39m
                [33mclass[39m=[32m"_historyDetails_c22eb1"[39m
              [36m>[39m
                [36m<p[39m
                  [33mclass[39m=[32m"_historyFilename_c22eb1"[39m
                [36m>[39m
                  [0mtest-backup.gbbackup[0m
                [36m</p>[39m
                [36m<p[39m
                  [33mclass[39m=[32m"_historyMeta_c22eb1"[39m
                [36m>[39m
                  [0mJust now[0m
                  [0m · [0m
                  [0m4 B[0m
                [36m</p>[39m
              [36m</div>[39m
              [36m<button[39m
                [33maria-busy[39m=[32m"false"[39m
                [33maria-disabled[39m=[32m"false"[39m
                [33maria-label[39m=[32m"Download backup test-backup.gbbackup"[39m
                [33mclass[39m=[32m"_button_c9c6cf _ghost_c9c6cf _sm_c9c6cf"[39m
                [33mtype[39m=[32m"button"[39m
              [36m>[39m
                [36m<span[39m
                  [33mclass[39m=[32m"_content_c9c6cf"[39m
                [36m>[39m
                  [0mDownload[0m
                [36m</span>[39m
              [36m</button>[39m
            [36m</div>[39m
            [36m<div[39m
              [33mclass[39m=[32m"_historyItem_c22eb1"[39m
            [36m>[39m
              [36m<div[39m
                [33maria-hidden[39m=[32m"true"[39m
                [33mclass[39m=[32m"_historyIcon_c22eb1"[39m
              [36m>[39m
                [0m✓[0m
              [36m</div>[39m
              [36m<div[39m
                [33mclass[39m=[32m"_historyDetails_c22eb1"[39m
              [36m>[39m
                [36m<p[39m
                  [33mclass[39m=[32m"_historyFilename_c22eb1"[39m
                [36m>[39m
                  [0mtest-backup.gbbackup[0m
                [36m</p>[39m
                [36m<p[39m
                  [33mclass[39m=[32m"_historyMeta_c22eb1"[39m
                [36m>[39m
                  [0mJust now[0m
                  [0m · [0m
                  [0m4 B[0m
                [36m</p>[39m
              [36m</div>[39m
              [36m<button[39m
                [33maria-busy[39m=[32m"false"[39m
                [33maria-disabled[39m=[32m"false"[39m
                [33maria-label[39m=[32m"Download backup test-backup.gbbackup"[39m
                [33mclass[39m=[32m"_button_c9c6cf _ghost_c9c6cf _sm_c9c6cf"[39m
                [33mtype[39m=[32m"button"[39m
              [36m>[39m
                [36m<span[39m
                  [33mclass[39m=[32m"_content_c9c6cf"[39m
                [36m>[39m
                  [0mDownload[0m
                [36m</span>[39m
              [36m</button>[39m
            [36m</div>[39m
            [36m<div[39m
              [33mclass[39m=[32m"_historyItem_c22eb1"[39m
            [36m>[39m
              [36m<div[39m
                [33maria-hidden[39m=[32m"true"[39m
                [33mclass[39m=[32m"_historyIcon_c22eb1"[39m
              [36m>[39m
                [0m✓[0m
              [36m</div>[39m
              [36m<div[39m
                [33mclass[39m=[32m"_historyDetails_c22eb1"[39m
              [36m>[39m
                [36m<p[39m
                  [33mclass[39m=[32m"_historyFilename_c22eb1"[39m
                [36m>[39m
                  [0mtest-backup.gbbackup[0m
                [36m</p>[39m
                [36m<p[39m
                  [33mclass[39m=[32m"_historyMeta_c22eb1"[39m
                [36m>[39m
                  [0mJust now[0m
                  [0m · [0m
                  [0m4 B[0m
                [36m</p>[39m
              [36m</div>[39m
              [36m<button[39m
                [33maria-busy[39m=[32m"false"[39m
                [33maria-disabled[39m=[32m"false"[39m
                [33maria-label[39m=[32m"Download backup test-backup.gbbackup"[39m
                [33mclass[39m=[32m"_button_c9c6cf _ghost_c9c6cf _sm_c9c6cf"[39m
                [33mtype[39m=[32m"button"[39m
              [36m>[39m
                [36m<span[39m
                  [33mclass[39m=[32m"_content_c9c6cf"[39m
                [36m>[39m
                  [0mDownload[0m
                [36m</span>[39m
              [36m</button>[39m
            [36m</div>[39m
            [36m<div[39m
              [33mclass[39m=[32m"_historyItem_c22eb1"[39m
            [36m>[39m
              [36m<div[39m
                [33maria-hidden[39m=[32m"true"[39m
                [33mclass[39m=[32m"_historyIcon_c22eb1"[39m
              [36m>[39m
                [0m✓[0m
              [36m</div>[39m
              [36m<div[39m
                [33mclass[39m=[32m"_historyDetails_c22eb1"[39m
              [36m>[39m
                [36m<p[39m
                  [33mclass[39m=[32m"_historyFilename_c22eb1"[39m
                [36m>[39m
                  [0mtest-backup.gbbackup[0m
                [36m</p>[39m
                [36m<p[39m
                  [33mclass[39m=[32m"_historyMeta_c22eb1"[39m
                [36m>[39m
                  [0mJust now[0m
                  [0m · [0m
                  [0m4 B[0m
                [36m</p>[39m
              [36m</div>[39m
              [36m<button[39m
                [33maria-busy[39m=[32m"false"[39m
                [33maria-disabled[39m=[32m"false"[39m
                [33maria-label[39m=[32m"Download backup test-backup.gbbackup"[39m
                [33mclass[39m=[32m"_button_c9c6cf _ghost_c9c6cf _sm_c9c6cf"[39m
                [33mtype[39m=[32m"button"[39m
              [36m>[39m
                [36m<span[39m
                  [33mclass[39m=[32m"_content_c9c6cf"[39m
                [36m>[39m
                  [0mDownload[0m
                [36m</span>[39m
              [36m</button>[39m
            [36m</div>[39m
            [36m<div[39m
              [33mclass[39m=[32m"_historyItem_c22eb1"[39m
            [36m>[39m
              [36m<div[39m
                [33maria-hidden[39m=[32m"true"[39m
                [33mclass[39m=[32m"_historyIcon_c22eb1"[39m
              [36m>[39m
                [0m✓[0m
              [36m</div>[39m
              [36m<div[39m
                [33mclass[39m=[32m"_historyDetails_c22eb1"[39m
              [36m>[39m
                [36m<p[39m
                  [33mclass[39m=[32m"_historyFilename_c22eb1"[39m
                [36m>[39m
                  [0mtest-backup.gbbackup[0m
                [36m</p>[39m
                [36m<p[39m
                  [33mclass[39m=[32m"_historyMeta_c22eb1"[39m
                [36m>[39m
                  [0mJust now[0m
                  [0m · [0m
                  [0m4 B[0m
                [36m</p>[39m
              [36m</div>[39m
              [36m<button[39m
                [33maria-busy[39m=[32m"false"[39m
                [33maria-disabled[39m=[32m"false"[39m
                [33maria-label[39m=[32m"Download backup test-backup.gbbackup"[39m
                [33mclass[39m=[32m"_button_c9c6cf _ghost_c9c6cf _sm_c9c6cf"[39m
                [33mtype[39m=[32m"button"[39m
              [36m>[39m
                [36m<span[39m
                  [33mclass[39m=[32m"_content_c9c6cf"[39m
                [36m>[39m
                  [0mDownload[0m
                [36m</span>[39m
              [36m</button>[39m
            [36m</div>[39m
          [36m</div>[39m
        [36m</div>[39m
      [36m</div>[39m
      [36m<div[39m
        [33mclass[39m=[32m"_card_652a3f _bordered_652a3f _padding-md_652a3f"[39m
      [36m>[39m
        [36m<div[39m
          [33mclass[39m=[32m"_body_652a3f"[39m
        [36m>[39m
          [36m<div[39m
            [33mclass[39m=[32m"_securityInfo_c22eb1"[39m
          [36m>[39m
            [36m<h4[39m
              [33mclass[39m=[32m"_securityTitle_c22eb1"[39m
            [36m>[39m
              [0mHow your backups are protected[0m
            [36m</h4>[39m
            [36m<ul[39m
              [33mclass[39m=[32m"_securityList_c22eb1"[39m
            [36m>[39m
              [36m<li>[39m
                [36m<strong>[39m
                  [0mZero-knowledge encryption:[0m
                [36m</strong>[39m
                [0m Your backup files are encrypted before leaving your device. We can never see your data - only you have the key.[0m
              [36m</li>[39m
              [36m<li>[39m
                [36m<strong>[39m
                  [0mMultiple safety nets:[0m
                [36m</strong>[39m
                [0m Keep backups on your computer, in your email, and synced across devices for maximum protection.[0m
              [36m</li>[39m
              [36m<li>[39m
                [36m<strong>[39m
                  [0mSmart retention:[0m
                [36m</strong>[39m
                [0m We keep your last 10 backups plus one daily snapshot for 30 days, so you always have a recent copy without cluttering your storage.[0m
              [36m</li>[39m
            [36m</ul>[39m
          [36m</div>[39m
        [36m</div>[39m
      [36m</div>[39m
    [36m</div>[39m
  [36m</div>[39m
[36m</body>[39m
 ❯ waitForWrapper node_modules/@testing-library/react/node_modules/@testing-library/dom/dist/wait-for.js:163:27
 ❯ node_modules/@testing-library/react/node_modules/@testing-library/dom/dist/query-helpers.js:86:33
 ❯ src/components/settings/DataSafetyPanel.test.tsx:471:41
    469|
    470|       // Wait for error to appear
    471|       const errorMessage = await screen.findByText(
       |                                         ^
    472|         /Oops! Something unexpected happened/,
    473|         {},

⎯⎯⎯⎯⎯⎯⎯⎯⎯⎯⎯⎯⎯⎯⎯⎯⎯⎯⎯⎯[283/824]⎯

 FAIL  src/components/restore/EmailLinkRestore.test.tsx > EmailLinkRestore > Link Input Step > should show error for invalid link format
TestingLibraryElementError: Unable to find role="alert"

Ignored nodes: comments, script, style
[36m<body>[39m
  [36m<div>[39m
    [36m<div[39m
      [33mclass[39m=[32m"_container_8073f6"[39m
    [36m>[39m
      [36m<div[39m
        [33mclass[39m=[32m"_card_652a3f _elevated_652a3f _padding-lg_652a3f _card_8073f6"[39m
      [36m>[39m
        [36m<div[39m
          [33mclass[39m=[32m"_header_652a3f"[39m
        [36m>[39m
          [36m<h2[39m
            [33mclass[39m=[32m"_title_8073f6"[39m
          [36m>[39m
            [0mPaste Your Restoration Link 📧[0m
          [36m</h2>[39m
          [36m<p[39m
            [33mclass[39m=[32m"_subtitle_8073f6"[39m
          [36m>[39m
            [0mFind the restoration link in your weekly backup email and paste it below.[0m
          [36m</p>[39m
        [36m</div>[39m
        [36m<div[39m
          [33mclass[39m=[32m"_body_652a3f"[39m
        [36m>[39m
          [36m<form>[39m
            [36m<div[39m
              [33mclass[39m=[32m"_formGroup_8073f6"[39m
            [36m>[39m
              [36m<label[39m
                [33mclass[39m=[32m"_label_8073f6"[39m
                [33mfor[39m=[32m"restoration-link"[39m
              [36m>[39m
                [0mRestoration Link[0m
              [36m</label>[39m
              [36m<input[39m
                [33maria-invalid[39m=[32m"false"[39m
                [33mclass[39m=[32m"_input_8073f6"[39m
                [33mid[39m=[32m"restoration-link"[39m
                [33mplaceholder[39m=[32m"https://app.gracefulbooks.com/restore?token=..."[39m
                [33mrequired[39m=[32m""[39m
                [33mtype[39m=[32m"url"[39m
                [33mvalue[39m=[32m"not-a-valid-url"[39m
              [36m/>[39m
              [36m<p[39m
                [33mclass[39m=[32m"_hint_8073f6"[39m
              [36m>[39m
                [0mThe link starts with https:// and includes a unique token[0m
              [36m</p>[39m
            [36m</div>[39m
            [36m<div[39m
              [33mclass[39m=[32m"_actions_8073f6"[39m
            [36m>[39m
              [36m<button[39m
                [33maria-busy[39m=[32m"false"[39m
                [33maria-disabled[39m=[32m"false"[39m
                [33mclass[39m=[32m"_button_c9c6cf _ghost_c9c6cf _md_c9c6cf"[39m
                [33mtype[39m=[32m"button"[39m
              [36m>[39m
                [36m<span[39m
                  [33mclass[39m=[32m"_content_c9c6cf"[39m
                [36m>[39m
                  [0mBack[0m
                [36m</span>[39m
              [36m</button>[39m
              [36m<button[39m
                [33maria-busy[39m=[32m"false"[39m
                [33maria-disabled[39m=[32m"false"[39m
                [33mclass[39m=[32m"_button_c9c6cf _primary_c9c6cf _md_c9c6cf"[39m
                [33mtype[39m=[32m"submit"[39m
              [36m>[39m
                [36m<span[39m
                  [33mclass[39m=[32m"_content_c9c6cf"[39m
                [36m>[39m
                  [0mContinue[0m
                [36m</span>[39m
              [36m</button>[39m
            [36m</div>[39m
          [36m</form>[39m
        [36m</div>[39m
      [36m</div>[39m
    [36m</div>[39m
  [36m</div>[39m
[36m</body>[39m

Ignored nodes: comments, script, style
[36m<body>[39m
  [36m<div>[39m
    [36m<div[39m
      [33mclass[39m=[32m"_container_8073f6"[39m
    [36m>[39m
      [36m<div[39m
        [33mclass[39m=[32m"_card_652a3f _elevated_652a3f _padding-lg_652a3f _card_8073f6"[39m
      [36m>[39m
        [36m<div[39m
          [33mclass[39m=[32m"_header_652a3f"[39m
        [36m>[39m
          [36m<h2[39m
            [33mclass[39m=[32m"_title_8073f6"[39m
          [36m>[39m
            [0mPaste Your Restoration Link 📧[0m
          [36m</h2>[39m
          [36m<p[39m
            [33mclass[39m=[32m"_subtitle_8073f6"[39m
          [36m>[39m
            [0mFind the restoration link in your weekly backup email and paste it below.[0m
          [36m</p>[39m
        [36m</div>[39m
        [36m<div[39m
          [33mclass[39m=[32m"_body_652a3f"[39m
        [36m>[39m
          [36m<form>[39m
            [36m<div[39m
              [33mclass[39m=[32m"_formGroup_8073f6"[39m
            [36m>[39m
              [36m<label[39m
                [33mclass[39m=[32m"_label_8073f6"[39m
                [33mfor[39m=[32m"restoration-link"[39m
              [36m>[39m
                [0mRestoration Link[0m
              [36m</label>[39m
              [36m<input[39m
                [33maria-invalid[39m=[32m"false"[39m
                [33mclass[39m=[32m"_input_8073f6"[39m
                [33mid[39m=[32m"restoration-link"[39m
                [33mplaceholder[39m=[32m"https://app.gracefulbooks.com/restore?token=..."[39m
                [33mrequired[39m=[32m""[39m
                [33mtype[39m=[32m"url"[39m
                [33mvalue[39m=[32m"not-a-valid-url"[39m
              [36m/>[39m
              [36m<p[39m
                [33mclass[39m=[32m"_hint_8073f6"[39m
              [36m>[39m
                [0mThe link starts with https:// and includes a unique token[0m
              [36m</p>[39m
            [36m</div>[39m
            [36m<div[39m
              [33mclass[39m=[32m"_actions_8073f6"[39m
            [36m>[39m
              [36m<button[39m
                [33maria-busy[39m=[32m"false"[39m
                [33maria-disabled[39m=[32m"false"[39m
                [33mclass[39m=[32m"_button_c9c6cf _ghost_c9c6cf _md_c9c6cf"[39m
                [33mtype[39m=[32m"button"[39m
              [36m>[39m
                [36m<span[39m
                  [33mclass[39m=[32m"_content_c9c6cf"[39m
                [36m>[39m
                  [0mBack[0m
                [36m</span>[39m
              [36m</button>[39m
              [36m<button[39m
                [33maria-busy[39m=[32m"false"[39m
                [33maria-disabled[39m=[32m"false"[39m
                [33mclass[39m=[32m"_button_c9c6cf _primary_c9c6cf _md_c9c6cf"[39m
                [33mtype[39m=[32m"submit"[39m
              [36m>[39m
                [36m<span[39m
                  [33mclass[39m=[32m"_content_c9c6cf"[39m
                [36m>[39m
                  [0mContinue[0m
                [36m</span>[39m
              [36m</button>[39m
            [36m</div>[39m
          [36m</form>[39m
        [36m</div>[39m
      [36m</div>[39m
    [36m</div>[39m
  [36m</div>[39m
[36m</body>[39m
 ❯ waitForWrapper node_modules/@testing-library/react/node_modules/@testing-library/dom/dist/wait-for.js:163:27
 ❯ node_modules/@testing-library/react/node_modules/@testing-library/dom/dist/query-helpers.js:86:33
 ❯ src/components/restore/EmailLinkRestore.test.tsx:136:27
    134|       await user.click(continueButton)
    135|
    136|       expect(await screen.findByRole('alert')).toHaveTextContent(/inva…
       |                           ^
    137|     })
    138|

⎯⎯⎯⎯⎯⎯⎯⎯⎯⎯⎯⎯⎯⎯⎯⎯⎯⎯⎯⎯[284/824]⎯

 FAIL  src/components/restore/EmailLinkRestore.test.tsx > EmailLinkRestore > Password Input Step > should show success after successful restoration
Error: Test timed out in 30000ms.
If this is a long-running test, pass a timeout value as the last argument or configure it globally with "testTimeout".
 ❯ src/components/restore/EmailLinkRestore.test.tsx:350:5
    348|     })
    349|
    350|     it('should show success after successful restoration', async () =>…
       |     ^
    351|       const user = userEvent.setup()
    352|       vi.useFakeTimers()

⎯⎯⎯⎯⎯⎯⎯⎯⎯⎯⎯⎯⎯⎯⎯⎯⎯⎯⎯⎯[285/824]⎯

 FAIL  src/components/restore/EmailLinkRestore.test.tsx > EmailLinkRestore > Password Input Step > should call onSuccess after success celebration
 FAIL  src/components/restore/EmailLinkRestore.test.tsx > EmailLinkRestore > Password Input Step > should show error on restoration failure
Error: Hook timed out in 30000ms.
If this is a long-running hook, pass a timeout value as the last argument or configure it globally with "hookTimeout".
 ❯ src/components/restore/EmailLinkRestore.test.tsx:251:5
    249|
    250|   describe('Password Input Step', () => {
    251|     beforeEach(async () => {
       |     ^
    252|       // Fast-forward to password step
    253|       const user = userEvent.setup()

⎯⎯⎯⎯⎯⎯⎯⎯⎯⎯⎯⎯⎯⎯⎯⎯⎯⎯⎯⎯[286/824]⎯

 FAIL  src/components/restore/EmailLinkRestore.test.tsx > EmailLinkRestore > Error State > should allow retry after error
Error: Test timed out in 30000ms.
If this is a long-running test, pass a timeout value as the last argument or configure it globally with "testTimeout".
 ❯ src/components/restore/EmailLinkRestore.test.tsx:412:5
    410|
    411|   describe('Error State', () => {
    412|     it('should allow retry after error', async () => {
       |     ^
    413|       const user = userEvent.setup()
    414|

⎯⎯⎯⎯⎯⎯⎯⎯⎯⎯⎯⎯⎯⎯⎯⎯⎯⎯⎯⎯[287/824]⎯

 FAIL  src/components/restore/EmailLinkRestore.test.tsx > EmailLinkRestore > Error State > should allow going back to select another method
Error: Test timed out in 30000ms.
If this is a long-running test, pass a timeout value as the last argument or configure it globally with "testTimeout".
 ❯ src/components/restore/EmailLinkRestore.test.tsx:458:5
    456|     })
    457|
    458|     it('should allow going back to select another method', async () =>…
       |     ^
    459|       const user = userEvent.setup()
    460|

⎯⎯⎯⎯⎯⎯⎯⎯⎯⎯⎯⎯⎯⎯⎯⎯⎯⎯⎯⎯[288/824]⎯

 FAIL  src/components/restore/EmailLinkRestore.test.tsx > EmailLinkRestore > Accessibility > should mark invalid input with aria-invalid
Error: Test timed out in 30000ms.
If this is a long-running test, pass a timeout value as the last argument or configure it globally with "testTimeout".
 ❯ src/components/restore/EmailLinkRestore.test.tsx:512:5
    510|     })
    511|
    512|     it('should mark invalid input with aria-invalid', async () => {
       |     ^
    513|       const user = userEvent.setup()
    514|

⎯⎯⎯⎯⎯⎯⎯⎯⎯⎯⎯⎯⎯⎯⎯⎯⎯⎯⎯⎯[289/824]⎯

 FAIL  src/components/restore/EmailLinkRestore.test.tsx > EmailLinkRestore > Accessibility > should associate error with input via aria-describedby
Error: Test timed out in 30000ms.
If this is a long-running test, pass a timeout value as the last argument or configure it globally with "testTimeout".
 ❯ src/components/restore/EmailLinkRestore.test.tsx:532:5
    530|     })
    531|
    532|     it('should associate error with input via aria-describedby', async…
       |     ^
    533|       const user = userEvent.setup()
    534|

⎯⎯⎯⎯⎯⎯⎯⎯⎯⎯⎯⎯⎯⎯⎯⎯⎯⎯⎯⎯[290/824]⎯

 FAIL  src/components/restore/EmailLinkRestore.test.tsx > EmailLinkRestore > Accessibility > should focus first input on mount
Error: [2mexpect([22m[31melement[39m[2m).toHaveAttribute([22m[32m[32m"autoFocus"[32m[39m[2m) // element.hasAttribute("autoFocus")[22m

Expected the element to have attribute:
[32m  autoFocus[39m
Received:
[31m  null[39m
 ❯ src/components/restore/EmailLinkRestore.test.tsx:563:21
    561|
    562|       const input = screen.getByLabelText(/restoration link/i)
    563|       expect(input).toHaveAttribute('autoFocus')
       |                     ^
    564|     })
    565|   })

⎯⎯⎯⎯⎯⎯⎯⎯⎯⎯⎯⎯⎯⎯⎯⎯⎯⎯⎯⎯[291/824]⎯

 FAIL  src/components/visualization/FinancialFlowWidget.test.tsx > FinancialFlowWidget > should return focus to expand button after closing
Error: [2mexpect([22m[31melement[39m[2m).toHaveFocus()[22m

Expected element with focus:
  [32m<button
  aria-expanded="false"
  aria-label="Expand financial flow visualization to full screen"
  class="financial-flow-widget-expand-btn"
  type="button"
>
  <svg
    fill="currentColor"
    height="16"
    viewBox="0 0 16 16"
    width="16"
  >
    <path
      d="M0 0h6v2H2v4H0V0zm16 0v6h-2V2h-4V0h6zM0 16v-6h2v4h4v2H0zm16 0h-6v-2h4v-4h2v6z"
    />
  </svg>
</button>[39m
Received element with focus:
  [31m<body>
  <div>
    <div
      aria-label="Financial flow widget"
      class="financial-flow-widget-compact"
      role="region"
    >
      <div
        class="financial-flow-widget-header"
      >
        <h3
          class="financial-flow-widget-title"
        >
          Financial Flow
        </h3>
        <button
          aria-expanded="false"
          aria-label="Expand financial flow visualization to full screen"
          class="financial-flow-widget-expand-btn"
          type="button"
        >
          <svg … />
        </button>
      </div>
      <svg
        aria-label="Financial flow visualization showing money movement through your business"
        class="financial-flow-canvas"
        height="150"
        role="img"
        width="200"
      >
        <title>
          Financial Flow Visualization
        </title>
        <desc>
          Interactive visualization showing how money flows through your business. Six primary nodes represent Assets, Liabilities, Equity, Revenue, Cost of Goods Sold, and Expenses. Node size represents balance amount. Animated flows show transaction movement.
        </desc>
        <rect
          fill="#fafafa"
          height="150"
          width="200"
        />
        <g
          class="grid-lines"
          opacity="0.1"
        >
          <line … />
          <line … />
          <line … />
          <line … />
          <line … />
          <line … />
          <line … />
          <line … />
          <line … />
          <line … />
        </g>
        <g
          class="connection-guides"
          opacity="0.15"
        >
          <line … />
          <line … />
          <line … />
        </g>
        <g
          class="flow-animation-queue"
        >
          <g … />
        </g>
        <g
          aria-expanded="false"
          aria-label="Assets: $50,000. Health status: caution. 1 sub-accounts. Press Enter to view details."
          class="flow-node"
          role="button"
          tabindex="0"
          transform="translate(100, 35)"
        >
          <circle … />
          <circle … />
          <text … />
          <text … />
          <circle … />
        </g>
        <g
          aria-expanded="false"
          aria-label="Liabilities: $0. Health status: healthy. 0 sub-accounts. Press Enter to view details."
          class="flow-node"
          role="button"
          tabindex="0"
          transform="translate(100, 15)"
        >
          <circle … />
          <circle … />
          <text … />
          <text … />
          <circle … />
        </g>
        <g
          aria-expanded="false"
          aria-label="Equity: $0. Health status: caution. 0 sub-accounts. Press Enter to view details."
          class="flow-node"
          role="button"
          tabindex="0"
          transform="translate(100, 95)"
        >
          <circle … />
          <circle … />
          <text … />
          <text … />
          <circle … />
        </g>
        <g
          aria-expanded="false"
          aria-label="Revenue: $100,000. Health status: healthy. 1 sub-accounts. Press Enter to view details."
          class="flow-node"
          role="button"
          tabindex="0"
          transform="translate(40, 90)"
        >
          <circle … />
          <circle … />
          <text … />
          <text … />
          <circle … />
        </g>
        <g
          aria-expanded="false"
          aria-label="Cost of Goods Sold: $0. Health status: healthy. 0 sub-accounts. Press Enter to view details."
          class="flow-node"
          role="button"
          tabindex="0"
          transform="translate(100, 90)"
        >
          <circle … />
          <circle … />
          <text … />
          <text … />
          <circle … />
        </g>
        <g
          aria-expanded="false"
          aria-label="Expenses: $0. Health status: healthy. 0 sub-accounts. Press Enter to view details."
          class="flow-node"
          role="button"
          tabindex="0"
          transform="translate(160, 90)"
        >
          <circle … />
          <circle … />
          <text … />
          <text … />
          <circle … />
        </g>
      </svg>
    </div>
  </div>
</body>[39m
 ❯ src/components/visualization/FinancialFlowWidget.test.tsx:163:26
    161|     await user.keyboard('{Escape}')
    162|
    163|     expect(expandButton).toHaveFocus()
       |                          ^
    164|   })
    165|

⎯⎯⎯⎯⎯⎯⎯⎯⎯⎯⎯⎯⎯⎯⎯⎯⎯⎯⎯⎯[292/824]⎯

 FAIL  src/components/visualization/FlowNode.test.tsx > FlowNode > should be keyboard accessible with Tab
Error: [2mexpect([22m[31melement[39m[2m).toHaveAttribute([22m[32m[32m"tabIndex"[32m[39m[2m, [22m[32m[32m"0"[32m[39m[2m) // element.getAttribute("tabIndex") === "0"[22m

Expected the element to have attribute:
[32m  tabIndex="0"[39m
Received:
[31m  null[39m
 ❯ src/components/visualization/FlowNode.test.tsx:75:18
     73|
     74|     const node = screen.getByRole('button')
     75|     expect(node).toHaveAttribute('tabIndex', '0')
       |                  ^
     76|   })
     77|

⎯⎯⎯⎯⎯⎯⎯⎯⎯⎯⎯⎯⎯⎯⎯⎯⎯⎯⎯⎯[293/824]⎯

 FAIL  src/components/visualization/FlowNode.test.tsx > FlowNode > should call onSubAccountClick when sub-account clicked
AssertionError: expected "vi.fn()" to be called with arguments: [ 'acc1' ]

Number of calls: 0

 ❯ src/components/visualization/FlowNode.test.tsx:177:31
    175|     await user.click(subAccountButton!)
    176|
    177|     expect(onSubAccountClick).toHaveBeenCalledWith('acc1')
       |                               ^
    178|   })
    179|

⎯⎯⎯⎯⎯⎯⎯⎯⎯⎯⎯⎯⎯⎯⎯⎯⎯⎯⎯⎯[294/824]⎯

 FAIL  src/components/visualization/FlowNode.test.tsx > FlowNode > should navigate sub-accounts with arrow keys
Error: [2mexpect([22m[31melement[39m[2m).toHaveClass([22m[32m[32m"focused"[32m[39m[2m)[22m

Expected the element to have class:
[32m  focused[39m
Received:
[31m  flow-node-popover-item[39m
 ❯ src/components/visualization/FlowNode.test.tsx:197:22
    195|     const items = within(popover).getAllByRole('listitem')
    196|
    197|     expect(items[0]).toHaveClass('focused')
       |                      ^
    198|
    199|     // Arrow down again should focus second sub-account

⎯⎯⎯⎯⎯⎯⎯⎯⎯⎯⎯⎯⎯⎯⎯⎯⎯⎯⎯⎯[295/824]⎯

 FAIL  src/db/schema/restorationTokens.schema.test.ts > RestorationToken Schema > calculateTokenStatistics > should calculate statistics for empty array
TypeError: Date._now is not a function
 ❯ calculateTokenStatistics src/db/schema/restorationTokens.schema.ts:319:21
    317|   tokens: RestorationToken[]
    318| ): TokenStatistics {
    319|   const _now = Date._now()
       |                     ^
    320|
    321|   const totalCreated = tokens.length
 ❯ src/db/schema/restorationTokens.schema.test.ts:396:21

⎯⎯⎯⎯⎯⎯⎯⎯⎯⎯⎯⎯⎯⎯⎯⎯⎯⎯⎯⎯[296/824]⎯

 FAIL  src/db/schema/restorationTokens.schema.test.ts > RestorationToken Schema > calculateTokenStatistics > should calculate statistics correctly
TypeError: Date._now is not a function
 ❯ calculateTokenStatistics src/db/schema/restorationTokens.schema.ts:319:21
    317|   tokens: RestorationToken[]
    318| ): TokenStatistics {
    319|   const _now = Date._now()
       |                     ^
    320|
    321|   const totalCreated = tokens.length
 ❯ src/db/schema/restorationTokens.schema.test.ts:436:21

⎯⎯⎯⎯⎯⎯⎯⎯⎯⎯⎯⎯⎯⎯⎯⎯⎯⎯⎯⎯[297/824]⎯

 FAIL  src/db/schema/restorationTokens.schema.test.ts > RestorationToken Schema > calculateTokenStatistics > should calculate average usage time correctly
TypeError: Date._now is not a function
 ❯ calculateTokenStatistics src/db/schema/restorationTokens.schema.ts:319:21
    317|   tokens: RestorationToken[]
    318| ): TokenStatistics {
    319|   const _now = Date._now()
       |                     ^
    320|
    321|   const totalCreated = tokens.length
 ❯ src/db/schema/restorationTokens.schema.test.ts:467:21

⎯⎯⎯⎯⎯⎯⎯⎯⎯⎯⎯⎯⎯⎯⎯⎯⎯⎯⎯⎯[298/824]⎯

 FAIL  src/pages/auth/Signup.test.tsx > Signup Page with Charity Selection > credentials step > should show validation error when passwords do not match
AssertionError: expected "bound " to be called with arguments: [ 'Passwords do not match' ]

Number of calls: 0

 ❯ src/pages/auth/Signup.test.tsx:84:24
     82|       await user.click(screen.getByRole('button', { name: /continue/i …
     83|
     84|       expect(alertSpy).toHaveBeenCalledWith('Passwords do not match');
       |                        ^
     85|       alertSpy.mockRestore();
     86|     });

⎯⎯⎯⎯⎯⎯⎯⎯⎯⎯⎯⎯⎯⎯⎯⎯⎯⎯⎯⎯[299/824]⎯

 FAIL  src/pages/auth/Signup.test.tsx > Signup Page with Charity Selection > credentials step > should proceed to charity selection when passwords match
TestingLibraryElementError: Unable to find an element with the text: /choose a charity to support/i. This could be because the text is broken up by multiple elements. In this case, you can provide a function for your text matcher to make your matcher more flexible.

Ignored nodes: comments, script, style
[36m<body>[39m
  [36m<div>[39m
    [36m<div[39m
      [33mclass[39m=[32m"_container_41223b"[39m
    [36m>[39m
      [36m<div[39m
        [33mclass[39m=[32m"_card_41223b"[39m
      [36m>[39m
        [36m<div[39m
          [33mclass[39m=[32m"_logoContainer_41223b"[39m
        [36m>[39m
          [36m<img[39m
            [33malt[39m=[32m"Audacious Money"[39m
            [33mclass[39m=[32m"_logo_41223b"[39m
            [33msrc[39m=[32m"/assets/audacious-logo.png"[39m
          [36m/>[39m
        [36m</div>[39m
        [36m<div[39m
          [33mclass[39m=[32m"_header_41223b"[39m
        [36m>[39m
          [36m<h1[39m
            [33mclass[39m=[32m"_title_41223b"[39m
          [36m>[39m
            [0mCreate Your Account[0m
          [36m</h1>[39m
          [36m<p[39m
            [33mclass[39m=[32m"_subtitle_41223b"[39m
          [36m>[39m
            [0mStart your journey with Audacious Money[0m
          [36m</p>[39m
        [36m</div>[39m
        [36m<form[39m
          [33mclass[39m=[32m"_form_41223b"[39m
        [36m>[39m
          [36m<div[39m
            [33mclass[39m=[32m"_nameRow_41223b"[39m
          [36m>[39m
            [36m<div[39m
              [33mclass[39m=[32m"_formGroup_41223b"[39m
            [36m>[39m
              [36m<label[39m
                [33mclass[39m=[32m"_label_41223b"[39m
                [33mfor[39m=[32m"firstName"[39m
              [36m>[39m
                [0mFirst Name[0m
              [36m</label>[39m
              [36m<input[39m
                [33mclass[39m=[32m"_input_41223b"[39m
                [33mid[39m=[32m"firstName"[39m
                [33mrequired[39m=[32m""[39m
                [33mtype[39m=[32m"text"[39m
                [33mvalue[39m=[32m""[39m
              [36m/>[39m
            [36m</div>[39m
            [36m<div[39m
              [33mclass[39m=[32m"_formGroup_41223b"[39m
            [36m>[39m
              [36m<label[39m
                [33mclass[39m=[32m"_label_41223b"[39m
                [33mfor[39m=[32m"lastName"[39m
              [36m>[39m
                [0mLast Name[0m
              [36m</label>[39m
              [36m<input[39m
                [33mclass[39m=[32m"_input_41223b"[39m
                [33mid[39m=[32m"lastName"[39m
                [33mrequired[39m=[32m""[39m
                [33mtype[39m=[32m"text"[39m
                [33mvalue[39m=[32m""[39m
              [36m/>[39m
            [36m</div>[39m
          [36m</div>[39m
          [36m<div[39m
            [33mclass[39m=[32m"_formGroup_41223b"[39m
          [36m>[39m
            [36m<label[39m
              [33mclass[39m=[32m"_label_41223b"[39m
              [33mfor[39m=[32m"email"[39m
            [36m>[39m
              [0mEmail[0m
            [36m</label>[39m
            [36m<input[39m
              [33mclass[39m=[32m"_input_41223b"[39m
              [33mid[39m=[32m"email"[39m
              [33mrequired[39m=[32m""[39m
              [33mtype[39m=[32m"email"[39m
              [33mvalue[39m=[32m"test@example.com"[39m
            [36m/>[39m
          [36m</div>[39m
          [36m<div[39m
            [33mclass[39m=[32m"_formGroup_41223b"[39m
          [36m>[39m
            [36m<label[39m
              [33mclass[39m=[32m"_label_41223b"[39m
              [33mfor[39m=[32m"companyName"[39m
            [36m>[39m
              [0mCompany Name[0m
            [36m</label>[39m
            [36m<input[39m
              [33mclass[39m=[32m"_input_41223b"[39m
              [33mid[39m=[32m"companyName"[39m
              [33mrequired[39m=[32m""[39m
              [33mtype[39m=[32m"text"[39m
              [33mvalue[39m=[32m""[39m
            [36m/>[39m
          [36m</div>[39m
          [36m<div[39m
            [33mclass[39m=[32m"_formGroup_41223b"[39m
          [36m>[39m
            [36m<label[39m
              [33mclass[39m=[32m"_label_41223b"[39m
              [33mfor[39m=[32m"password"[39m
            [36m>[39m
              [0mPassword[0m
            [36m</label>[39m
            [36m<div[39m
              [33mclass[39m=[32m"_passwordGroup_41223b"[39m
            [36m>[39m
              [36m<input[39m
                [33mclass[39m=[32m"_passwordInput_41223b"[39m
                [33mid[39m=[32m"password"[39m
                [33mrequired[39m=[32m""[39m
                [33mtype[39m=[32m"password"[39m
                [33mvalue[39m=[32m"password123"[39m
              [36m/>[39m
              [36m<button[39m
                [33maria-label[39m=[32m"Show password"[39m
                [33mclass[39m=[32m"_togglePassword_41223b "[39m
                [33mtype[39m=[32m"button"[39m
              [36m>[39m
                [0m👁️‍🗨️[0m
              [36m</button>[39m
            [36m</div>[39m
            [36m<p[39m
              [33mclass[39m=[32m"_passwordHint_41223b"[39m
            [36m>[39m
              [0mMust be 8+ characters with uppercase, lowercase, number, and special character (!@#$%^&*)[0m
            [36m</p>[39m
          [36m</div>[39m
          [36m<div[39m
            [33mclass[39m=[32m"_formGroup_41223b"[39m
          [36m>[39m
            [36m<label[39m
              [33mclass[39m=[32m"_label_41223b"[39m
              [33mfor[39m=[32m"confirmPassword"[39m
            [36m>[39m
              [0mConfirm Password[0m
            [36m</label>[39m
            [36m<div[39m
              [33mclass[39m=[32m"_passwordGroup_41223b"[39m
            [36m>[39m
              [36m<input[39m
                [33mclass[39m=[32m"_passwordInput_41223b"[39m
                [33mid[39m=[32m"confirmPassword"[39m
                [33mrequired[39m=[32m""[39m
                [33mtype[39m=[32m"password"[39m
                [33mvalue[39m=[32m"password123"[39m
              [36m/>[39m
              [36m<button[39m
                [33maria-label[39m=[32m"Show password"[39m
                [33mclass[39m=[32m"_togglePassword_41223b "[39m
                [33mtype[39m=[32m"button"[39m
              [36m>[39m
                [0m👁️‍🗨️[0m
              [36m</button>[39m
            [36m</div>[39m
          [36m</div>[39m
          [36m<button[39m
            [33mclass[39m=[32m"_submitButton_41223b"[39m
            [33mtype[39m=[32m"submit"[39m
          [36m>[39m
            [0mContinue[0m
          [36m</button>[39m
        [36m</form>[39m
        [36m<div[39m
          [33mclass[39m=[32m"_footer_41223b"[39m
        [36m>[39m
          [36m<span[39m
            [33mclass[39m=[32m"_footerText_41223b"[39m
          [36m>[39m
            [0mAlready have an account?[0m
            [0m [0m
          [36m</span>[39m
          [36m<a[39m
            [33mclass[39m=[32m"_footerLink_41223b"[39m
            [33mhref[39m=[32m"/login"[39m
          [36m>[39m
            [0mSign in[0m
          [36m</a>[39m
        [36m</div>[39m
      [36m</div>[39m
    [36m</div>[39m
  [36m</div>[39m
[36m</body>[39m

Ignored nodes: comments, script, style
[36m<html>[39m
  [36m<head />[39m
  [36m<body>[39m
    [36m<div>[39m
      [36m<div[39m
        [33mclass[39m=[32m"_container_41223b"[39m
      [36m>[39m
        [36m<div[39m
          [33mclass[39m=[32m"_card_41223b"[39m
        [36m>[39m
          [36m<div[39m
            [33mclass[39m=[32m"_logoContainer_41223b"[39m
          [36m>[39m
            [36m<img[39m
              [33malt[39m=[32m"Audacious Money"[39m
              [33mclass[39m=[32m"_logo_41223b"[39m
              [33msrc[39m=[32m"/assets/audacious-logo.png"[39m
            [36m/>[39m
          [36m</div>[39m
          [36m<div[39m
            [33mclass[39m=[32m"_header_41223b"[39m
          [36m>[39m
            [36m<h1[39m
              [33mclass[39m=[32m"_title_41223b"[39m
            [36m>[39m
              [0mCreate Your Account[0m
            [36m</h1>[39m
            [36m<p[39m
              [33mclass[39m=[32m"_subtitle_41223b"[39m
            [36m>[39m
              [0mStart your journey with Audacious Money[0m
            [36m</p>[39m
          [36m</div>[39m
          [36m<form[39m
            [33mclass[39m=[32m"_form_41223b"[39m
          [36m>[39m
            [36m<div[39m
              [33mclass[39m=[32m"_nameRow_41223b"[39m
            [36m>[39m
              [36m<div[39m
                [33mclass[39m=[32m"_formGroup_41223b"[39m
              [36m>[39m
                [36m<label[39m
                  [33mclass[39m=[32m"_label_41223b"[39m
                  [33mfor[39m=[32m"firstName"[39m
                [36m>[39m
                  [0mFirst Name[0m
                [36m</label>[39m
                [36m<input[39m
                  [33mclass[39m=[32m"_input_41223b"[39m
                  [33mid[39m=[32m"firstName"[39m
                  [33mrequired[39m=[32m""[39m
                  [33mtype[39m=[32m"text"[39m
                  [33mvalue[39m=[32m""[39m
                [36m/>[39m
              [36m</div>[39m
              [36m<div[39m
                [33mclass[39m=[32m"_formGroup_41223b"[39m
              [36m>[39m
                [36m<label[39m
                  [33mclass[39m=[32m"_label_41223b"[39m
                  [33mfor[39m=[32m"lastName"[39m
                [36m>[39m
                  [0mLast Name[0m
                [36m</label>[39m
                [36m<input[39m
                  [33mclass[39m=[32m"_input_41223b"[39m
                  [33mid[39m=[32m"lastName"[39m
                  [33mrequired[39m=[32m""[39m
                  [33mtype[39m=[32m"text"[39m
                  [33mvalue[39m=[32m""[39m
                [36m/>[39m
              [36m</div>[39m
            [36m</div>[39m
            [36m<div[39m
              [33mclass[39m=[32m"_formGroup_41223b"[39m
            [36m>[39m
              [36m<label[39m
                [33mclass[39m=[32m"_label_41223b"[39m
                [33mfor[39m=[32m"email"[39m
              [36m>[39m
                [0mEmail[0m
              [36m</label>[39m
              [36m<input[39m
                [33mclass[39m=[32m"_input_41223b"[39m
                [33mid[39m=[32m"email"[39m
                [33mrequired[39m=[32m""[39m
                [33mtype[39m=[32m"email"[39m
                [33mvalue[39m=[32m"test@example.com"[39m
              [36m/>[39m
            [36m</div>[39m
            [36m<div[39m
              [33mclass[39m=[32m"_formGroup_41223b"[39m
            [36m>[39m
              [36m<label[39m
                [33mclass[39m=[32m"_label_41223b"[39m
                [33mfor[39m=[32m"companyName"[39m
              [36m>[39m
                [0mCompany Name[0m
              [36m</label>[39m
              [36m<input[39m
                [33mclass[39m=[32m"_input_41223b"[39m
                [33mid[39m=[32m"companyName"[39m
                [33mrequired[39m=[32m""[39m
                [33mtype[39m=[32m"text"[39m
                [33mvalue[39m=[32m""[39m
              [36m/>[39m
            [36m</div>[39m
            [36m<div[39m
              [33mclass[39m=[32m"_formGroup_41223b"[39m
            [36m>[39m
              [36m<label[39m
                [33mclass[39m=[32m"_label_41223b"[39m
                [33mfor[39m=[32m"password"[39m
              [36m>[39m
                [0mPassword[0m
              [36m</label>[39m
              [36m<div[39m
                [33mclass[39m=[32m"_passwordGroup_41223b"[39m
              [36m>[39m
                [36m<input[39m
                  [33mclass[39m=[32m"_passwordInput_41223b"[39m
                  [33mid[39m=[32m"password"[39m
                  [33mrequired[39m=[32m""[39m
                  [33mtype[39m=[32m"password"[39m
                  [33mvalue[39m=[32m"password123"[39m
                [36m/>[39m
                [36m<button[39m
                  [33maria-label[39m=[32m"Show password"[39m
                  [33mclass[39m=[32m"_togglePassword_41223b "[39m
                  [33mtype[39m=[32m"button"[39m
                [36m>[39m
                  [0m👁️‍🗨️[0m
                [36m</button>[39m
              [36m</div>[39m
              [36m<p[39m
                [33mclass[39m=[32m"_passwordHint_41223b"[39m
              [36m>[39m
                [0mMust be 8+ characters with uppercase, lowercase, number, and special character (!@#$%^&*)[0m
              [36m</p>[39m
            [36m</div>[39m
            [36m<div[39m
              [33mclass[39m=[32m"_formGroup_41223b"[39m
            [36m>[39m
              [36m<label[39m
                [33mclass[39m=[32m"_label_41223b"[39m
                [33mfor[39m=[32m"confirmPassword"[39m
              [36m>[39m
                [0mConfirm Password[0m
              [36m</label>[39m
              [36m<div[39m
                [33mclass[39m=[32m"_passwordGroup_41223b"[39m
              [36m>[39m
                [36m<input[39m
                  [33mclass[39m=[32m"_passwordInput_41223b"[39m
                  [33mid[39m=[32m"confirmPassword"[39m
                  [33mrequired[39m=[32m""[39m
                  [33mtype[39m=[32m"password"[39m
                  [33mvalue[39m=[32m"password123"[39m
                [36m/>[39m
                [36m<button[39m
                  [33maria-label[39m=[32m"Show password"[39m
                  [33mclass[39m=[32m"_togglePassword_41223b "[39m
                  [33mtype[39m=[32m"button"[39m
                [36m>[39m
                  [0m👁️‍🗨️[0m
                [36m</button>[39m
              [36m</div>[39m
            [36m</div>[39m
            [36m<button[39m
              [33mclass[39m=[32m"_submitButton_41223b"[39m
              [33mtype[39m=[32m"submit"[39m
            [36m>[39m
...
 ❯ Proxy.waitForWrapper node_modules/@testing-library/react/node_modules/@testing-library/dom/dist/wait-for.js:163:27
 ❯ src/pages/auth/Signup.test.tsx:97:13
     95|       await user.click(screen.getByRole('button', { name: /continue/i …
     96|
     97|       await waitFor(() => {
       |             ^
     98|         expect(screen.getByText(/choose a charity to support/i)).toBeI…
     99|       });

⎯⎯⎯⎯⎯⎯⎯⎯⎯⎯⎯⎯⎯⎯⎯⎯⎯⎯⎯⎯[300/824]⎯

 FAIL  src/pages/auth/Signup.test.tsx > Signup Page with Charity Selection > charity selection step > should show charity selector after credentials step
TestingLibraryElementError: Unable to find an element with the text: /choose a charity to support/i. This could be because the text is broken up by multiple elements. In this case, you can provide a function for your text matcher to make your matcher more flexible.

Ignored nodes: comments, script, style
[36m<body>[39m
  [36m<div>[39m
    [36m<div[39m
      [33mclass[39m=[32m"_container_41223b"[39m
    [36m>[39m
      [36m<div[39m
        [33mclass[39m=[32m"_card_41223b"[39m
      [36m>[39m
        [36m<div[39m
          [33mclass[39m=[32m"_logoContainer_41223b"[39m
        [36m>[39m
          [36m<img[39m
            [33malt[39m=[32m"Audacious Money"[39m
            [33mclass[39m=[32m"_logo_41223b"[39m
            [33msrc[39m=[32m"/assets/audacious-logo.png"[39m
          [36m/>[39m
        [36m</div>[39m
        [36m<div[39m
          [33mclass[39m=[32m"_header_41223b"[39m
        [36m>[39m
          [36m<h1[39m
            [33mclass[39m=[32m"_title_41223b"[39m
          [36m>[39m
            [0mCreate Your Account[0m
          [36m</h1>[39m
          [36m<p[39m
            [33mclass[39m=[32m"_subtitle_41223b"[39m
          [36m>[39m
            [0mStart your journey with Audacious Money[0m
          [36m</p>[39m
        [36m</div>[39m
        [36m<form[39m
          [33mclass[39m=[32m"_form_41223b"[39m
        [36m>[39m
          [36m<div[39m
            [33mclass[39m=[32m"_nameRow_41223b"[39m
          [36m>[39m
            [36m<div[39m
              [33mclass[39m=[32m"_formGroup_41223b"[39m
            [36m>[39m
              [36m<label[39m
                [33mclass[39m=[32m"_label_41223b"[39m
                [33mfor[39m=[32m"firstName"[39m
              [36m>[39m
                [0mFirst Name[0m
              [36m</label>[39m
              [36m<input[39m
                [33mclass[39m=[32m"_input_41223b"[39m
                [33mid[39m=[32m"firstName"[39m
                [33mrequired[39m=[32m""[39m
                [33mtype[39m=[32m"text"[39m
                [33mvalue[39m=[32m""[39m
              [36m/>[39m
            [36m</div>[39m
            [36m<div[39m
              [33mclass[39m=[32m"_formGroup_41223b"[39m
            [36m>[39m
              [36m<label[39m
                [33mclass[39m=[32m"_label_41223b"[39m
                [33mfor[39m=[32m"lastName"[39m
              [36m>[39m
                [0mLast Name[0m
              [36m</label>[39m
              [36m<input[39m
                [33mclass[39m=[32m"_input_41223b"[39m
                [33mid[39m=[32m"lastName"[39m
                [33mrequired[39m=[32m""[39m
                [33mtype[39m=[32m"text"[39m
                [33mvalue[39m=[32m""[39m
              [36m/>[39m
            [36m</div>[39m
          [36m</div>[39m
          [36m<div[39m
            [33mclass[39m=[32m"_formGroup_41223b"[39m
          [36m>[39m
            [36m<label[39m
              [33mclass[39m=[32m"_label_41223b"[39m
              [33mfor[39m=[32m"email"[39m
            [36m>[39m
              [0mEmail[0m
            [36m</label>[39m
            [36m<input[39m
              [33mclass[39m=[32m"_input_41223b"[39m
              [33mid[39m=[32m"email"[39m
              [33mrequired[39m=[32m""[39m
              [33mtype[39m=[32m"email"[39m
              [33mvalue[39m=[32m"test@example.com"[39m
            [36m/>[39m
          [36m</div>[39m
          [36m<div[39m
            [33mclass[39m=[32m"_formGroup_41223b"[39m
          [36m>[39m
            [36m<label[39m
              [33mclass[39m=[32m"_label_41223b"[39m
              [33mfor[39m=[32m"companyName"[39m
            [36m>[39m
              [0mCompany Name[0m
            [36m</label>[39m
            [36m<input[39m
              [33mclass[39m=[32m"_input_41223b"[39m
              [33mid[39m=[32m"companyName"[39m
              [33mrequired[39m=[32m""[39m
              [33mtype[39m=[32m"text"[39m
              [33mvalue[39m=[32m""[39m
            [36m/>[39m
          [36m</div>[39m
          [36m<div[39m
            [33mclass[39m=[32m"_formGroup_41223b"[39m
          [36m>[39m
            [36m<label[39m
              [33mclass[39m=[32m"_label_41223b"[39m
              [33mfor[39m=[32m"password"[39m
            [36m>[39m
              [0mPassword[0m
            [36m</label>[39m
            [36m<div[39m
              [33mclass[39m=[32m"_passwordGroup_41223b"[39m
            [36m>[39m
              [36m<input[39m
                [33mclass[39m=[32m"_passwordInput_41223b"[39m
                [33mid[39m=[32m"password"[39m
                [33mrequired[39m=[32m""[39m
                [33mtype[39m=[32m"password"[39m
                [33mvalue[39m=[32m"password123"[39m
              [36m/>[39m
              [36m<button[39m
                [33maria-label[39m=[32m"Show password"[39m
                [33mclass[39m=[32m"_togglePassword_41223b "[39m
                [33mtype[39m=[32m"button"[39m
              [36m>[39m
                [0m👁️‍🗨️[0m
              [36m</button>[39m
            [36m</div>[39m
            [36m<p[39m
              [33mclass[39m=[32m"_passwordHint_41223b"[39m
            [36m>[39m
              [0mMust be 8+ characters with uppercase, lowercase, number, and special character (!@#$%^&*)[0m
            [36m</p>[39m
          [36m</div>[39m
          [36m<div[39m
            [33mclass[39m=[32m"_formGroup_41223b"[39m
          [36m>[39m
            [36m<label[39m
              [33mclass[39m=[32m"_label_41223b"[39m
              [33mfor[39m=[32m"confirmPassword"[39m
            [36m>[39m
              [0mConfirm Password[0m
            [36m</label>[39m
            [36m<div[39m
              [33mclass[39m=[32m"_passwordGroup_41223b"[39m
            [36m>[39m
              [36m<input[39m
                [33mclass[39m=[32m"_passwordInput_41223b"[39m
                [33mid[39m=[32m"confirmPassword"[39m
                [33mrequired[39m=[32m""[39m
                [33mtype[39m=[32m"password"[39m
                [33mvalue[39m=[32m"password123"[39m
              [36m/>[39m
              [36m<button[39m
                [33maria-label[39m=[32m"Show password"[39m
                [33mclass[39m=[32m"_togglePassword_41223b "[39m
                [33mtype[39m=[32m"button"[39m
              [36m>[39m
                [0m👁️‍🗨️[0m
              [36m</button>[39m
            [36m</div>[39m
          [36m</div>[39m
          [36m<button[39m
            [33mclass[39m=[32m"_submitButton_41223b"[39m
            [33mtype[39m=[32m"submit"[39m
          [36m>[39m
            [0mContinue[0m
          [36m</button>[39m
        [36m</form>[39m
        [36m<div[39m
          [33mclass[39m=[32m"_footer_41223b"[39m
        [36m>[39m
          [36m<span[39m
            [33mclass[39m=[32m"_footerText_41223b"[39m
          [36m>[39m
            [0mAlready have an account?[0m
            [0m [0m
          [36m</span>[39m
          [36m<a[39m
            [33mclass[39m=[32m"_footerLink_41223b"[39m
            [33mhref[39m=[32m"/login"[39m
          [36m>[39m
            [0mSign in[0m
          [36m</a>[39m
        [36m</div>[39m
      [36m</div>[39m
    [36m</div>[39m
  [36m</div>[39m
[36m</body>[39m

Ignored nodes: comments, script, style
[36m<html>[39m
  [36m<head />[39m
  [36m<body>[39m
    [36m<div>[39m
      [36m<div[39m
        [33mclass[39m=[32m"_container_41223b"[39m
      [36m>[39m
        [36m<div[39m
          [33mclass[39m=[32m"_card_41223b"[39m
        [36m>[39m
          [36m<div[39m
            [33mclass[39m=[32m"_logoContainer_41223b"[39m
          [36m>[39m
            [36m<img[39m
              [33malt[39m=[32m"Audacious Money"[39m
              [33mclass[39m=[32m"_logo_41223b"[39m
              [33msrc[39m=[32m"/assets/audacious-logo.png"[39m
            [36m/>[39m
          [36m</div>[39m
          [36m<div[39m
            [33mclass[39m=[32m"_header_41223b"[39m
          [36m>[39m
            [36m<h1[39m
              [33mclass[39m=[32m"_title_41223b"[39m
            [36m>[39m
              [0mCreate Your Account[0m
            [36m</h1>[39m
            [36m<p[39m
              [33mclass[39m=[32m"_subtitle_41223b"[39m
            [36m>[39m
              [0mStart your journey with Audacious Money[0m
            [36m</p>[39m
          [36m</div>[39m
          [36m<form[39m
            [33mclass[39m=[32m"_form_41223b"[39m
          [36m>[39m
            [36m<div[39m
              [33mclass[39m=[32m"_nameRow_41223b"[39m
            [36m>[39m
              [36m<div[39m
                [33mclass[39m=[32m"_formGroup_41223b"[39m
              [36m>[39m
                [36m<label[39m
                  [33mclass[39m=[32m"_label_41223b"[39m
                  [33mfor[39m=[32m"firstName"[39m
                [36m>[39m
                  [0mFirst Name[0m
                [36m</label>[39m
                [36m<input[39m
                  [33mclass[39m=[32m"_input_41223b"[39m
                  [33mid[39m=[32m"firstName"[39m
                  [33mrequired[39m=[32m""[39m
                  [33mtype[39m=[32m"text"[39m
                  [33mvalue[39m=[32m""[39m
                [36m/>[39m
              [36m</div>[39m
              [36m<div[39m
                [33mclass[39m=[32m"_formGroup_41223b"[39m
              [36m>[39m
                [36m<label[39m
                  [33mclass[39m=[32m"_label_41223b"[39m
                  [33mfor[39m=[32m"lastName"[39m
                [36m>[39m
                  [0mLast Name[0m
                [36m</label>[39m
                [36m<input[39m
                  [33mclass[39m=[32m"_input_41223b"[39m
                  [33mid[39m=[32m"lastName"[39m
                  [33mrequired[39m=[32m""[39m
                  [33mtype[39m=[32m"text"[39m
                  [33mvalue[39m=[32m""[39m
                [36m/>[39m
              [36m</div>[39m
            [36m</div>[39m
            [36m<div[39m
              [33mclass[39m=[32m"_formGroup_41223b"[39m
            [36m>[39m
              [36m<label[39m
                [33mclass[39m=[32m"_label_41223b"[39m
                [33mfor[39m=[32m"email"[39m
              [36m>[39m
                [0mEmail[0m
              [36m</label>[39m
              [36m<input[39m
                [33mclass[39m=[32m"_input_41223b"[39m
                [33mid[39m=[32m"email"[39m
                [33mrequired[39m=[32m""[39m
                [33mtype[39m=[32m"email"[39m
                [33mvalue[39m=[32m"test@example.com"[39m
              [36m/>[39m
            [36m</div>[39m
            [36m<div[39m
              [33mclass[39m=[32m"_formGroup_41223b"[39m
            [36m>[39m
              [36m<label[39m
                [33mclass[39m=[32m"_label_41223b"[39m
                [33mfor[39m=[32m"companyName"[39m
              [36m>[39m
                [0mCompany Name[0m
              [36m</label>[39m
              [36m<input[39m
                [33mclass[39m=[32m"_input_41223b"[39m
                [33mid[39m=[32m"companyName"[39m
                [33mrequired[39m=[32m""[39m
                [33mtype[39m=[32m"text"[39m
                [33mvalue[39m=[32m""[39m
              [36m/>[39m
            [36m</div>[39m
            [36m<div[39m
              [33mclass[39m=[32m"_formGroup_41223b"[39m
            [36m>[39m
              [36m<label[39m
                [33mclass[39m=[32m"_label_41223b"[39m
                [33mfor[39m=[32m"password"[39m
              [36m>[39m
                [0mPassword[0m
              [36m</label>[39m
              [36m<div[39m
                [33mclass[39m=[32m"_passwordGroup_41223b"[39m
              [36m>[39m
                [36m<input[39m
                  [33mclass[39m=[32m"_passwordInput_41223b"[39m
                  [33mid[39m=[32m"password"[39m
                  [33mrequired[39m=[32m""[39m
                  [33mtype[39m=[32m"password"[39m
                  [33mvalue[39m=[32m"password123"[39m
                [36m/>[39m
                [36m<button[39m
                  [33maria-label[39m=[32m"Show password"[39m
                  [33mclass[39m=[32m"_togglePassword_41223b "[39m
                  [33mtype[39m=[32m"button"[39m
                [36m>[39m
                  [0m👁️‍🗨️[0m
                [36m</button>[39m
              [36m</div>[39m
              [36m<p[39m
                [33mclass[39m=[32m"_passwordHint_41223b"[39m
              [36m>[39m
                [0mMust be 8+ characters with uppercase, lowercase, number, and special character (!@#$%^&*)[0m
              [36m</p>[39m
            [36m</div>[39m
            [36m<div[39m
              [33mclass[39m=[32m"_formGroup_41223b"[39m
            [36m>[39m
              [36m<label[39m
                [33mclass[39m=[32m"_label_41223b"[39m
                [33mfor[39m=[32m"confirmPassword"[39m
              [36m>[39m
                [0mConfirm Password[0m
              [36m</label>[39m
              [36m<div[39m
                [33mclass[39m=[32m"_passwordGroup_41223b"[39m
              [36m>[39m
                [36m<input[39m
                  [33mclass[39m=[32m"_passwordInput_41223b"[39m
                  [33mid[39m=[32m"confirmPassword"[39m
                  [33mrequired[39m=[32m""[39m
                  [33mtype[39m=[32m"password"[39m
                  [33mvalue[39m=[32m"password123"[39m
                [36m/>[39m
                [36m<button[39m
                  [33maria-label[39m=[32m"Show password"[39m
                  [33mclass[39m=[32m"_togglePassword_41223b "[39m
                  [33mtype[39m=[32m"button"[39m
                [36m>[39m
                  [0m👁️‍🗨️[0m
                [36m</button>[39m
              [36m</div>[39m
            [36m</div>[39m
            [36m<button[39m
              [33mclass[39m=[32m"_submitButton_41223b"[39m
              [33mtype[39m=[32m"submit"[39m
            [36m>[39m
...
 ❯ Proxy.waitForWrapper node_modules/@testing-library/react/node_modules/@testing-library/dom/dist/wait-for.js:163:27
 ❯ goToCharityStep src/pages/auth/Signup.test.tsx:122:13
    120|       await user.click(screen.getByRole('button', { name: /continue/i …
    121|
    122|       await waitFor(() => {
       |             ^
    123|         expect(screen.getByText(/choose a charity to support/i)).toBeI…
    124|       });
 ❯ src/pages/auth/Signup.test.tsx:131:7

⎯⎯⎯⎯⎯⎯⎯⎯⎯⎯⎯⎯⎯⎯⎯⎯⎯⎯⎯⎯[301/824]⎯

 FAIL  src/pages/auth/Signup.test.tsx > Signup Page with Charity Selection > charity selection step > should display charities from the store
TestingLibraryElementError: Unable to find an element with the text: /choose a charity to support/i. This could be because the text is broken up by multiple elements. In this case, you can provide a function for your text matcher to make your matcher more flexible.

Ignored nodes: comments, script, style
[36m<body>[39m
  [36m<div>[39m
    [36m<div[39m
      [33mclass[39m=[32m"_container_41223b"[39m
    [36m>[39m
      [36m<div[39m
        [33mclass[39m=[32m"_card_41223b"[39m
      [36m>[39m
        [36m<div[39m
          [33mclass[39m=[32m"_logoContainer_41223b"[39m
        [36m>[39m
          [36m<img[39m
            [33malt[39m=[32m"Audacious Money"[39m
            [33mclass[39m=[32m"_logo_41223b"[39m
            [33msrc[39m=[32m"/assets/audacious-logo.png"[39m
          [36m/>[39m
        [36m</div>[39m
        [36m<div[39m
          [33mclass[39m=[32m"_header_41223b"[39m
        [36m>[39m
          [36m<h1[39m
            [33mclass[39m=[32m"_title_41223b"[39m
          [36m>[39m
            [0mCreate Your Account[0m
          [36m</h1>[39m
          [36m<p[39m
            [33mclass[39m=[32m"_subtitle_41223b"[39m
          [36m>[39m
            [0mStart your journey with Audacious Money[0m
          [36m</p>[39m
        [36m</div>[39m
        [36m<form[39m
          [33mclass[39m=[32m"_form_41223b"[39m
        [36m>[39m
          [36m<div[39m
            [33mclass[39m=[32m"_nameRow_41223b"[39m
          [36m>[39m
            [36m<div[39m
              [33mclass[39m=[32m"_formGroup_41223b"[39m
            [36m>[39m
              [36m<label[39m
                [33mclass[39m=[32m"_label_41223b"[39m
                [33mfor[39m=[32m"firstName"[39m
              [36m>[39m
                [0mFirst Name[0m
              [36m</label>[39m
              [36m<input[39m
                [33mclass[39m=[32m"_input_41223b"[39m
                [33mid[39m=[32m"firstName"[39m
                [33mrequired[39m=[32m""[39m
                [33mtype[39m=[32m"text"[39m
                [33mvalue[39m=[32m""[39m
              [36m/>[39m
            [36m</div>[39m
            [36m<div[39m
              [33mclass[39m=[32m"_formGroup_41223b"[39m
            [36m>[39m
              [36m<label[39m
                [33mclass[39m=[32m"_label_41223b"[39m
                [33mfor[39m=[32m"lastName"[39m
              [36m>[39m
                [0mLast Name[0m
              [36m</label>[39m
              [36m<input[39m
                [33mclass[39m=[32m"_input_41223b"[39m
                [33mid[39m=[32m"lastName"[39m
                [33mrequired[39m=[32m""[39m
                [33mtype[39m=[32m"text"[39m
                [33mvalue[39m=[32m""[39m
              [36m/>[39m
            [36m</div>[39m
          [36m</div>[39m
          [36m<div[39m
            [33mclass[39m=[32m"_formGroup_41223b"[39m
          [36m>[39m
            [36m<label[39m
              [33mclass[39m=[32m"_label_41223b"[39m
              [33mfor[39m=[32m"email"[39m
            [36m>[39m
              [0mEmail[0m
            [36m</label>[39m
            [36m<input[39m
              [33mclass[39m=[32m"_input_41223b"[39m
              [33mid[39m=[32m"email"[39m
              [33mrequired[39m=[32m""[39m
              [33mtype[39m=[32m"email"[39m
              [33mvalue[39m=[32m"test@example.com"[39m
            [36m/>[39m
          [36m</div>[39m
          [36m<div[39m
            [33mclass[39m=[32m"_formGroup_41223b"[39m
          [36m>[39m
            [36m<label[39m
              [33mclass[39m=[32m"_label_41223b"[39m
              [33mfor[39m=[32m"companyName"[39m
            [36m>[39m
              [0mCompany Name[0m
            [36m</label>[39m
            [36m<input[39m
              [33mclass[39m=[32m"_input_41223b"[39m
              [33mid[39m=[32m"companyName"[39m
              [33mrequired[39m=[32m""[39m
              [33mtype[39m=[32m"text"[39m
              [33mvalue[39m=[32m""[39m
            [36m/>[39m
          [36m</div>[39m
          [36m<div[39m
            [33mclass[39m=[32m"_formGroup_41223b"[39m
          [36m>[39m
            [36m<label[39m
              [33mclass[39m=[32m"_label_41223b"[39m
              [33mfor[39m=[32m"password"[39m
            [36m>[39m
              [0mPassword[0m
            [36m</label>[39m
            [36m<div[39m
              [33mclass[39m=[32m"_passwordGroup_41223b"[39m
            [36m>[39m
              [36m<input[39m
                [33mclass[39m=[32m"_passwordInput_41223b"[39m
                [33mid[39m=[32m"password"[39m
                [33mrequired[39m=[32m""[39m
                [33mtype[39m=[32m"password"[39m
                [33mvalue[39m=[32m"password123"[39m
              [36m/>[39m
              [36m<button[39m
                [33maria-label[39m=[32m"Show password"[39m
                [33mclass[39m=[32m"_togglePassword_41223b "[39m
                [33mtype[39m=[32m"button"[39m
              [36m>[39m
                [0m👁️‍🗨️[0m
              [36m</button>[39m
            [36m</div>[39m
            [36m<p[39m
              [33mclass[39m=[32m"_passwordHint_41223b"[39m
            [36m>[39m
              [0mMust be 8+ characters with uppercase, lowercase, number, and special character (!@#$%^&*)[0m
            [36m</p>[39m
          [36m</div>[39m
          [36m<div[39m
            [33mclass[39m=[32m"_formGroup_41223b"[39m
          [36m>[39m
            [36m<label[39m
              [33mclass[39m=[32m"_label_41223b"[39m
              [33mfor[39m=[32m"confirmPassword"[39m
            [36m>[39m
              [0mConfirm Password[0m
            [36m</label>[39m
            [36m<div[39m
              [33mclass[39m=[32m"_passwordGroup_41223b"[39m
            [36m>[39m
              [36m<input[39m
                [33mclass[39m=[32m"_passwordInput_41223b"[39m
                [33mid[39m=[32m"confirmPassword"[39m
                [33mrequired[39m=[32m""[39m
                [33mtype[39m=[32m"password"[39m
                [33mvalue[39m=[32m"password123"[39m
              [36m/>[39m
              [36m<button[39m
                [33maria-label[39m=[32m"Show password"[39m
                [33mclass[39m=[32m"_togglePassword_41223b "[39m
                [33mtype[39m=[32m"button"[39m
              [36m>[39m
                [0m👁️‍🗨️[0m
              [36m</button>[39m
            [36m</div>[39m
          [36m</div>[39m
          [36m<button[39m
            [33mclass[39m=[32m"_submitButton_41223b"[39m
            [33mtype[39m=[32m"submit"[39m
          [36m>[39m
            [0mContinue[0m
          [36m</button>[39m
        [36m</form>[39m
        [36m<div[39m
          [33mclass[39m=[32m"_footer_41223b"[39m
        [36m>[39m
          [36m<span[39m
            [33mclass[39m=[32m"_footerText_41223b"[39m
          [36m>[39m
            [0mAlready have an account?[0m
            [0m [0m
          [36m</span>[39m
          [36m<a[39m
            [33mclass[39m=[32m"_footerLink_41223b"[39m
            [33mhref[39m=[32m"/login"[39m
          [36m>[39m
            [0mSign in[0m
          [36m</a>[39m
        [36m</div>[39m
      [36m</div>[39m
    [36m</div>[39m
  [36m</div>[39m
[36m</body>[39m

Ignored nodes: comments, script, style
[36m<html>[39m
  [36m<head />[39m
  [36m<body>[39m
    [36m<div>[39m
      [36m<div[39m
        [33mclass[39m=[32m"_container_41223b"[39m
      [36m>[39m
        [36m<div[39m
          [33mclass[39m=[32m"_card_41223b"[39m
        [36m>[39m
          [36m<div[39m
            [33mclass[39m=[32m"_logoContainer_41223b"[39m
          [36m>[39m
            [36m<img[39m
              [33malt[39m=[32m"Audacious Money"[39m
              [33mclass[39m=[32m"_logo_41223b"[39m
              [33msrc[39m=[32m"/assets/audacious-logo.png"[39m
            [36m/>[39m
          [36m</div>[39m
          [36m<div[39m
            [33mclass[39m=[32m"_header_41223b"[39m
          [36m>[39m
            [36m<h1[39m
              [33mclass[39m=[32m"_title_41223b"[39m
            [36m>[39m
              [0mCreate Your Account[0m
            [36m</h1>[39m
            [36m<p[39m
              [33mclass[39m=[32m"_subtitle_41223b"[39m
            [36m>[39m
              [0mStart your journey with Audacious Money[0m
            [36m</p>[39m
          [36m</div>[39m
          [36m<form[39m
            [33mclass[39m=[32m"_form_41223b"[39m
          [36m>[39m
            [36m<div[39m
              [33mclass[39m=[32m"_nameRow_41223b"[39m
            [36m>[39m
              [36m<div[39m
                [33mclass[39m=[32m"_formGroup_41223b"[39m
              [36m>[39m
                [36m<label[39m
                  [33mclass[39m=[32m"_label_41223b"[39m
                  [33mfor[39m=[32m"firstName"[39m
                [36m>[39m
                  [0mFirst Name[0m
                [36m</label>[39m
                [36m<input[39m
                  [33mclass[39m=[32m"_input_41223b"[39m
                  [33mid[39m=[32m"firstName"[39m
                  [33mrequired[39m=[32m""[39m
                  [33mtype[39m=[32m"text"[39m
                  [33mvalue[39m=[32m""[39m
                [36m/>[39m
              [36m</div>[39m
              [36m<div[39m
                [33mclass[39m=[32m"_formGroup_41223b"[39m
              [36m>[39m
                [36m<label[39m
                  [33mclass[39m=[32m"_label_41223b"[39m
                  [33mfor[39m=[32m"lastName"[39m
                [36m>[39m
                  [0mLast Name[0m
                [36m</label>[39m
                [36m<input[39m
                  [33mclass[39m=[32m"_input_41223b"[39m
                  [33mid[39m=[32m"lastName"[39m
                  [33mrequired[39m=[32m""[39m
                  [33mtype[39m=[32m"text"[39m
                  [33mvalue[39m=[32m""[39m
                [36m/>[39m
              [36m</div>[39m
            [36m</div>[39m
            [36m<div[39m
              [33mclass[39m=[32m"_formGroup_41223b"[39m
            [36m>[39m
              [36m<label[39m
                [33mclass[39m=[32m"_label_41223b"[39m
                [33mfor[39m=[32m"email"[39m
              [36m>[39m
                [0mEmail[0m
              [36m</label>[39m
              [36m<input[39m
                [33mclass[39m=[32m"_input_41223b"[39m
                [33mid[39m=[32m"email"[39m
                [33mrequired[39m=[32m""[39m
                [33mtype[39m=[32m"email"[39m
                [33mvalue[39m=[32m"test@example.com"[39m
              [36m/>[39m
            [36m</div>[39m
            [36m<div[39m
              [33mclass[39m=[32m"_formGroup_41223b"[39m
            [36m>[39m
              [36m<label[39m
                [33mclass[39m=[32m"_label_41223b"[39m
                [33mfor[39m=[32m"companyName"[39m
              [36m>[39m
                [0mCompany Name[0m
              [36m</label>[39m
              [36m<input[39m
                [33mclass[39m=[32m"_input_41223b"[39m
                [33mid[39m=[32m"companyName"[39m
                [33mrequired[39m=[32m""[39m
                [33mtype[39m=[32m"text"[39m
                [33mvalue[39m=[32m""[39m
              [36m/>[39m
            [36m</div>[39m
            [36m<div[39m
              [33mclass[39m=[32m"_formGroup_41223b"[39m
            [36m>[39m
              [36m<label[39m
                [33mclass[39m=[32m"_label_41223b"[39m
                [33mfor[39m=[32m"password"[39m
              [36m>[39m
                [0mPassword[0m
              [36m</label>[39m
              [36m<div[39m
                [33mclass[39m=[32m"_passwordGroup_41223b"[39m
              [36m>[39m
                [36m<input[39m
                  [33mclass[39m=[32m"_passwordInput_41223b"[39m
                  [33mid[39m=[32m"password"[39m
                  [33mrequired[39m=[32m""[39m
                  [33mtype[39m=[32m"password"[39m
                  [33mvalue[39m=[32m"password123"[39m
                [36m/>[39m
                [36m<button[39m
                  [33maria-label[39m=[32m"Show password"[39m
                  [33mclass[39m=[32m"_togglePassword_41223b "[39m
                  [33mtype[39m=[32m"button"[39m
                [36m>[39m
                  [0m👁️‍🗨️[0m
                [36m</button>[39m
              [36m</div>[39m
              [36m<p[39m
                [33mclass[39m=[32m"_passwordHint_41223b"[39m
              [36m>[39m
                [0mMust be 8+ characters with uppercase, lowercase, number, and special character (!@#$%^&*)[0m
              [36m</p>[39m
            [36m</div>[39m
            [36m<div[39m
              [33mclass[39m=[32m"_formGroup_41223b"[39m
            [36m>[39m
              [36m<label[39m
                [33mclass[39m=[32m"_label_41223b"[39m
                [33mfor[39m=[32m"confirmPassword"[39m
              [36m>[39m
                [0mConfirm Password[0m
              [36m</label>[39m
              [36m<div[39m
                [33mclass[39m=[32m"_passwordGroup_41223b"[39m
              [36m>[39m
                [36m<input[39m
                  [33mclass[39m=[32m"_passwordInput_41223b"[39m
                  [33mid[39m=[32m"confirmPassword"[39m
                  [33mrequired[39m=[32m""[39m
                  [33mtype[39m=[32m"password"[39m
                  [33mvalue[39m=[32m"password123"[39m
                [36m/>[39m
                [36m<button[39m
                  [33maria-label[39m=[32m"Show password"[39m
                  [33mclass[39m=[32m"_togglePassword_41223b "[39m
                  [33mtype[39m=[32m"button"[39m
                [36m>[39m
                  [0m👁️‍🗨️[0m
                [36m</button>[39m
              [36m</div>[39m
            [36m</div>[39m
            [36m<button[39m
              [33mclass[39m=[32m"_submitButton_41223b"[39m
              [33mtype[39m=[32m"submit"[39m
            [36m>[39m
...
 ❯ Proxy.waitForWrapper node_modules/@testing-library/react/node_modules/@testing-library/dom/dist/wait-for.js:163:27
 ❯ goToCharityStep src/pages/auth/Signup.test.tsx:122:13
    120|       await user.click(screen.getByRole('button', { name: /continue/i …
    121|
    122|       await waitFor(() => {
       |             ^
    123|         expect(screen.getByText(/choose a charity to support/i)).toBeI…
    124|       });
 ❯ src/pages/auth/Signup.test.tsx:142:7

⎯⎯⎯⎯⎯⎯⎯⎯⎯⎯⎯⎯⎯⎯⎯⎯⎯⎯⎯⎯[302/824]⎯

 FAIL  src/pages/auth/Signup.test.tsx > Signup Page with Charity Selection > charity selection step > should allow selecting a charity
TestingLibraryElementError: Unable to find an element with the text: /choose a charity to support/i. This could be because the text is broken up by multiple elements. In this case, you can provide a function for your text matcher to make your matcher more flexible.

Ignored nodes: comments, script, style
[36m<body>[39m
  [36m<div>[39m
    [36m<div[39m
      [33mclass[39m=[32m"_container_41223b"[39m
    [36m>[39m
      [36m<div[39m
        [33mclass[39m=[32m"_card_41223b"[39m
      [36m>[39m
        [36m<div[39m
          [33mclass[39m=[32m"_logoContainer_41223b"[39m
        [36m>[39m
          [36m<img[39m
            [33malt[39m=[32m"Audacious Money"[39m
            [33mclass[39m=[32m"_logo_41223b"[39m
            [33msrc[39m=[32m"/assets/audacious-logo.png"[39m
          [36m/>[39m
        [36m</div>[39m
        [36m<div[39m
          [33mclass[39m=[32m"_header_41223b"[39m
        [36m>[39m
          [36m<h1[39m
            [33mclass[39m=[32m"_title_41223b"[39m
          [36m>[39m
            [0mCreate Your Account[0m
          [36m</h1>[39m
          [36m<p[39m
            [33mclass[39m=[32m"_subtitle_41223b"[39m
          [36m>[39m
            [0mStart your journey with Audacious Money[0m
          [36m</p>[39m
        [36m</div>[39m
        [36m<form[39m
          [33mclass[39m=[32m"_form_41223b"[39m
        [36m>[39m
          [36m<div[39m
            [33mclass[39m=[32m"_nameRow_41223b"[39m
          [36m>[39m
            [36m<div[39m
              [33mclass[39m=[32m"_formGroup_41223b"[39m
            [36m>[39m
              [36m<label[39m
                [33mclass[39m=[32m"_label_41223b"[39m
                [33mfor[39m=[32m"firstName"[39m
              [36m>[39m
                [0mFirst Name[0m
              [36m</label>[39m
              [36m<input[39m
                [33mclass[39m=[32m"_input_41223b"[39m
                [33mid[39m=[32m"firstName"[39m
                [33mrequired[39m=[32m""[39m
                [33mtype[39m=[32m"text"[39m
                [33mvalue[39m=[32m""[39m
              [36m/>[39m
            [36m</div>[39m
            [36m<div[39m
              [33mclass[39m=[32m"_formGroup_41223b"[39m
            [36m>[39m
              [36m<label[39m
                [33mclass[39m=[32m"_label_41223b"[39m
                [33mfor[39m=[32m"lastName"[39m
              [36m>[39m
                [0mLast Name[0m
              [36m</label>[39m
              [36m<input[39m
                [33mclass[39m=[32m"_input_41223b"[39m
                [33mid[39m=[32m"lastName"[39m
                [33mrequired[39m=[32m""[39m
                [33mtype[39m=[32m"text"[39m
                [33mvalue[39m=[32m""[39m
              [36m/>[39m
            [36m</div>[39m
          [36m</div>[39m
          [36m<div[39m
            [33mclass[39m=[32m"_formGroup_41223b"[39m
          [36m>[39m
            [36m<label[39m
              [33mclass[39m=[32m"_label_41223b"[39m
              [33mfor[39m=[32m"email"[39m
            [36m>[39m
              [0mEmail[0m
            [36m</label>[39m
            [36m<input[39m
              [33mclass[39m=[32m"_input_41223b"[39m
              [33mid[39m=[32m"email"[39m
              [33mrequired[39m=[32m""[39m
              [33mtype[39m=[32m"email"[39m
              [33mvalue[39m=[32m"test@example.com"[39m
            [36m/>[39m
          [36m</div>[39m
          [36m<div[39m
            [33mclass[39m=[32m"_formGroup_41223b"[39m
          [36m>[39m
            [36m<label[39m
              [33mclass[39m=[32m"_label_41223b"[39m
              [33mfor[39m=[32m"companyName"[39m
            [36m>[39m
              [0mCompany Name[0m
            [36m</label>[39m
            [36m<input[39m
              [33mclass[39m=[32m"_input_41223b"[39m
              [33mid[39m=[32m"companyName"[39m
              [33mrequired[39m=[32m""[39m
              [33mtype[39m=[32m"text"[39m
              [33mvalue[39m=[32m""[39m
            [36m/>[39m
          [36m</div>[39m
          [36m<div[39m
            [33mclass[39m=[32m"_formGroup_41223b"[39m
          [36m>[39m
            [36m<label[39m
              [33mclass[39m=[32m"_label_41223b"[39m
              [33mfor[39m=[32m"password"[39m
            [36m>[39m
              [0mPassword[0m
            [36m</label>[39m
            [36m<div[39m
              [33mclass[39m=[32m"_passwordGroup_41223b"[39m
            [36m>[39m
              [36m<input[39m
                [33mclass[39m=[32m"_passwordInput_41223b"[39m
                [33mid[39m=[32m"password"[39m
                [33mrequired[39m=[32m""[39m
                [33mtype[39m=[32m"password"[39m
                [33mvalue[39m=[32m"password123"[39m
              [36m/>[39m
              [36m<button[39m
                [33maria-label[39m=[32m"Show password"[39m
                [33mclass[39m=[32m"_togglePassword_41223b "[39m
                [33mtype[39m=[32m"button"[39m
              [36m>[39m
                [0m👁️‍🗨️[0m
              [36m</button>[39m
            [36m</div>[39m
            [36m<p[39m
              [33mclass[39m=[32m"_passwordHint_41223b"[39m
            [36m>[39m
              [0mMust be 8+ characters with uppercase, lowercase, number, and special character (!@#$%^&*)[0m
            [36m</p>[39m
          [36m</div>[39m
          [36m<div[39m
            [33mclass[39m=[32m"_formGroup_41223b"[39m
          [36m>[39m
            [36m<label[39m
              [33mclass[39m=[32m"_label_41223b"[39m
              [33mfor[39m=[32m"confirmPassword"[39m
            [36m>[39m
              [0mConfirm Password[0m
            [36m</label>[39m
            [36m<div[39m
              [33mclass[39m=[32m"_passwordGroup_41223b"[39m
            [36m>[39m
              [36m<input[39m
                [33mclass[39m=[32m"_passwordInput_41223b"[39m
                [33mid[39m=[32m"confirmPassword"[39m
                [33mrequired[39m=[32m""[39m
                [33mtype[39m=[32m"password"[39m
                [33mvalue[39m=[32m"password123"[39m
              [36m/>[39m
              [36m<button[39m
                [33maria-label[39m=[32m"Show password"[39m
                [33mclass[39m=[32m"_togglePassword_41223b "[39m
                [33mtype[39m=[32m"button"[39m
              [36m>[39m
                [0m👁️‍🗨️[0m
              [36m</button>[39m
            [36m</div>[39m
          [36m</div>[39m
          [36m<button[39m
            [33mclass[39m=[32m"_submitButton_41223b"[39m
            [33mtype[39m=[32m"submit"[39m
          [36m>[39m
            [0mContinue[0m
          [36m</button>[39m
        [36m</form>[39m
        [36m<div[39m
          [33mclass[39m=[32m"_footer_41223b"[39m
        [36m>[39m
          [36m<span[39m
            [33mclass[39m=[32m"_footerText_41223b"[39m
          [36m>[39m
            [0mAlready have an account?[0m
            [0m [0m
          [36m</span>[39m
          [36m<a[39m
            [33mclass[39m=[32m"_footerLink_41223b"[39m
            [33mhref[39m=[32m"/login"[39m
          [36m>[39m
            [0mSign in[0m
          [36m</a>[39m
        [36m</div>[39m
      [36m</div>[39m
    [36m</div>[39m
  [36m</div>[39m
[36m</body>[39m

Ignored nodes: comments, script, style
[36m<html>[39m
  [36m<head />[39m
  [36m<body>[39m
    [36m<div>[39m
      [36m<div[39m
        [33mclass[39m=[32m"_container_41223b"[39m
      [36m>[39m
        [36m<div[39m
          [33mclass[39m=[32m"_card_41223b"[39m
        [36m>[39m
          [36m<div[39m
            [33mclass[39m=[32m"_logoContainer_41223b"[39m
          [36m>[39m
            [36m<img[39m
              [33malt[39m=[32m"Audacious Money"[39m
              [33mclass[39m=[32m"_logo_41223b"[39m
              [33msrc[39m=[32m"/assets/audacious-logo.png"[39m
            [36m/>[39m
          [36m</div>[39m
          [36m<div[39m
            [33mclass[39m=[32m"_header_41223b"[39m
          [36m>[39m
            [36m<h1[39m
              [33mclass[39m=[32m"_title_41223b"[39m
            [36m>[39m
              [0mCreate Your Account[0m
            [36m</h1>[39m
            [36m<p[39m
              [33mclass[39m=[32m"_subtitle_41223b"[39m
            [36m>[39m
              [0mStart your journey with Audacious Money[0m
            [36m</p>[39m
          [36m</div>[39m
          [36m<form[39m
            [33mclass[39m=[32m"_form_41223b"[39m
          [36m>[39m
            [36m<div[39m
              [33mclass[39m=[32m"_nameRow_41223b"[39m
            [36m>[39m
              [36m<div[39m
                [33mclass[39m=[32m"_formGroup_41223b"[39m
              [36m>[39m
                [36m<label[39m
                  [33mclass[39m=[32m"_label_41223b"[39m
                  [33mfor[39m=[32m"firstName"[39m
                [36m>[39m
                  [0mFirst Name[0m
                [36m</label>[39m
                [36m<input[39m
                  [33mclass[39m=[32m"_input_41223b"[39m
                  [33mid[39m=[32m"firstName"[39m
                  [33mrequired[39m=[32m""[39m
                  [33mtype[39m=[32m"text"[39m
                  [33mvalue[39m=[32m""[39m
                [36m/>[39m
              [36m</div>[39m
              [36m<div[39m
                [33mclass[39m=[32m"_formGroup_41223b"[39m
              [36m>[39m
                [36m<label[39m
                  [33mclass[39m=[32m"_label_41223b"[39m
                  [33mfor[39m=[32m"lastName"[39m
                [36m>[39m
                  [0mLast Name[0m
                [36m</label>[39m
                [36m<input[39m
                  [33mclass[39m=[32m"_input_41223b"[39m
                  [33mid[39m=[32m"lastName"[39m
                  [33mrequired[39m=[32m""[39m
                  [33mtype[39m=[32m"text"[39m
                  [33mvalue[39m=[32m""[39m
                [36m/>[39m
              [36m</div>[39m
            [36m</div>[39m
            [36m<div[39m
              [33mclass[39m=[32m"_formGroup_41223b"[39m
            [36m>[39m
              [36m<label[39m
                [33mclass[39m=[32m"_label_41223b"[39m
                [33mfor[39m=[32m"email"[39m
              [36m>[39m
                [0mEmail[0m
              [36m</label>[39m
              [36m<input[39m
                [33mclass[39m=[32m"_input_41223b"[39m
                [33mid[39m=[32m"email"[39m
                [33mrequired[39m=[32m""[39m
                [33mtype[39m=[32m"email"[39m
                [33mvalue[39m=[32m"test@example.com"[39m
              [36m/>[39m
            [36m</div>[39m
            [36m<div[39m
              [33mclass[39m=[32m"_formGroup_41223b"[39m
            [36m>[39m
              [36m<label[39m
                [33mclass[39m=[32m"_label_41223b"[39m
                [33mfor[39m=[32m"companyName"[39m
              [36m>[39m
                [0mCompany Name[0m
              [36m</label>[39m
              [36m<input[39m
                [33mclass[39m=[32m"_input_41223b"[39m
                [33mid[39m=[32m"companyName"[39m
                [33mrequired[39m=[32m""[39m
                [33mtype[39m=[32m"text"[39m
                [33mvalue[39m=[32m""[39m
              [36m/>[39m
            [36m</div>[39m
            [36m<div[39m
              [33mclass[39m=[32m"_formGroup_41223b"[39m
            [36m>[39m
              [36m<label[39m
                [33mclass[39m=[32m"_label_41223b"[39m
                [33mfor[39m=[32m"password"[39m
              [36m>[39m
                [0mPassword[0m
              [36m</label>[39m
              [36m<div[39m
                [33mclass[39m=[32m"_passwordGroup_41223b"[39m
              [36m>[39m
                [36m<input[39m
                  [33mclass[39m=[32m"_passwordInput_41223b"[39m
                  [33mid[39m=[32m"password"[39m
                  [33mrequired[39m=[32m""[39m
                  [33mtype[39m=[32m"password"[39m
                  [33mvalue[39m=[32m"password123"[39m
                [36m/>[39m
                [36m<button[39m
                  [33maria-label[39m=[32m"Show password"[39m
                  [33mclass[39m=[32m"_togglePassword_41223b "[39m
                  [33mtype[39m=[32m"button"[39m
                [36m>[39m
                  [0m👁️‍🗨️[0m
                [36m</button>[39m
              [36m</div>[39m
              [36m<p[39m
                [33mclass[39m=[32m"_passwordHint_41223b"[39m
              [36m>[39m
                [0mMust be 8+ characters with uppercase, lowercase, number, and special character (!@#$%^&*)[0m
              [36m</p>[39m
            [36m</div>[39m
            [36m<div[39m
              [33mclass[39m=[32m"_formGroup_41223b"[39m
            [36m>[39m
              [36m<label[39m
                [33mclass[39m=[32m"_label_41223b"[39m
                [33mfor[39m=[32m"confirmPassword"[39m
              [36m>[39m
                [0mConfirm Password[0m
              [36m</label>[39m
              [36m<div[39m
                [33mclass[39m=[32m"_passwordGroup_41223b"[39m
              [36m>[39m
                [36m<input[39m
                  [33mclass[39m=[32m"_passwordInput_41223b"[39m
                  [33mid[39m=[32m"confirmPassword"[39m
                  [33mrequired[39m=[32m""[39m
                  [33mtype[39m=[32m"password"[39m
                  [33mvalue[39m=[32m"password123"[39m
                [36m/>[39m
                [36m<button[39m
                  [33maria-label[39m=[32m"Show password"[39m
                  [33mclass[39m=[32m"_togglePassword_41223b "[39m
                  [33mtype[39m=[32m"button"[39m
                [36m>[39m
                  [0m👁️‍🗨️[0m
                [36m</button>[39m
              [36m</div>[39m
            [36m</div>[39m
            [36m<button[39m
              [33mclass[39m=[32m"_submitButton_41223b"[39m
              [33mtype[39m=[32m"submit"[39m
            [36m>[39m
...
 ❯ Proxy.waitForWrapper node_modules/@testing-library/react/node_modules/@testing-library/dom/dist/wait-for.js:163:27
 ❯ goToCharityStep src/pages/auth/Signup.test.tsx:122:13
    120|       await user.click(screen.getByRole('button', { name: /continue/i …
    121|
    122|       await waitFor(() => {
       |             ^
    123|         expect(screen.getByText(/choose a charity to support/i)).toBeI…
    124|       });
 ❯ src/pages/auth/Signup.test.tsx:155:7

⎯⎯⎯⎯⎯⎯⎯⎯⎯⎯⎯⎯⎯⎯⎯⎯⎯⎯⎯⎯[303/824]⎯

 FAIL  src/pages/auth/Signup.test.tsx > Signup Page with Charity Selection > charity selection step > should have disabled Create Account button when no charity selected
TestingLibraryElementError: Unable to find an element with the text: /choose a charity to support/i. This could be because the text is broken up by multiple elements. In this case, you can provide a function for your text matcher to make your matcher more flexible.

Ignored nodes: comments, script, style
[36m<body>[39m
  [36m<div>[39m
    [36m<div[39m
      [33mclass[39m=[32m"_container_41223b"[39m
    [36m>[39m
      [36m<div[39m
        [33mclass[39m=[32m"_card_41223b"[39m
      [36m>[39m
        [36m<div[39m
          [33mclass[39m=[32m"_logoContainer_41223b"[39m
        [36m>[39m
          [36m<img[39m
            [33malt[39m=[32m"Audacious Money"[39m
            [33mclass[39m=[32m"_logo_41223b"[39m
            [33msrc[39m=[32m"/assets/audacious-logo.png"[39m
          [36m/>[39m
        [36m</div>[39m
        [36m<div[39m
          [33mclass[39m=[32m"_header_41223b"[39m
        [36m>[39m
          [36m<h1[39m
            [33mclass[39m=[32m"_title_41223b"[39m
          [36m>[39m
            [0mCreate Your Account[0m
          [36m</h1>[39m
          [36m<p[39m
            [33mclass[39m=[32m"_subtitle_41223b"[39m
          [36m>[39m
            [0mStart your journey with Audacious Money[0m
          [36m</p>[39m
        [36m</div>[39m
        [36m<form[39m
          [33mclass[39m=[32m"_form_41223b"[39m
        [36m>[39m
          [36m<div[39m
            [33mclass[39m=[32m"_nameRow_41223b"[39m
          [36m>[39m
            [36m<div[39m
              [33mclass[39m=[32m"_formGroup_41223b"[39m
            [36m>[39m
              [36m<label[39m
                [33mclass[39m=[32m"_label_41223b"[39m
                [33mfor[39m=[32m"firstName"[39m
              [36m>[39m
                [0mFirst Name[0m
              [36m</label>[39m
              [36m<input[39m
                [33mclass[39m=[32m"_input_41223b"[39m
                [33mid[39m=[32m"firstName"[39m
                [33mrequired[39m=[32m""[39m
                [33mtype[39m=[32m"text"[39m
                [33mvalue[39m=[32m""[39m
              [36m/>[39m
            [36m</div>[39m
            [36m<div[39m
              [33mclass[39m=[32m"_formGroup_41223b"[39m
            [36m>[39m
              [36m<label[39m
                [33mclass[39m=[32m"_label_41223b"[39m
                [33mfor[39m=[32m"lastName"[39m
              [36m>[39m
                [0mLast Name[0m
              [36m</label>[39m
              [36m<input[39m
                [33mclass[39m=[32m"_input_41223b"[39m
                [33mid[39m=[32m"lastName"[39m
                [33mrequired[39m=[32m""[39m
                [33mtype[39m=[32m"text"[39m
                [33mvalue[39m=[32m""[39m
              [36m/>[39m
            [36m</div>[39m
          [36m</div>[39m
          [36m<div[39m
            [33mclass[39m=[32m"_formGroup_41223b"[39m
          [36m>[39m
            [36m<label[39m
              [33mclass[39m=[32m"_label_41223b"[39m
              [33mfor[39m=[32m"email"[39m
            [36m>[39m
              [0mEmail[0m
            [36m</label>[39m
            [36m<input[39m
              [33mclass[39m=[32m"_input_41223b"[39m
              [33mid[39m=[32m"email"[39m
              [33mrequired[39m=[32m""[39m
              [33mtype[39m=[32m"email"[39m
              [33mvalue[39m=[32m"test@example.com"[39m
            [36m/>[39m
          [36m</div>[39m
          [36m<div[39m
            [33mclass[39m=[32m"_formGroup_41223b"[39m
          [36m>[39m
            [36m<label[39m
              [33mclass[39m=[32m"_label_41223b"[39m
              [33mfor[39m=[32m"companyName"[39m
            [36m>[39m
              [0mCompany Name[0m
            [36m</label>[39m
            [36m<input[39m
              [33mclass[39m=[32m"_input_41223b"[39m
              [33mid[39m=[32m"companyName"[39m
              [33mrequired[39m=[32m""[39m
              [33mtype[39m=[32m"text"[39m
              [33mvalue[39m=[32m""[39m
            [36m/>[39m
          [36m</div>[39m
          [36m<div[39m
            [33mclass[39m=[32m"_formGroup_41223b"[39m
          [36m>[39m
            [36m<label[39m
              [33mclass[39m=[32m"_label_41223b"[39m
              [33mfor[39m=[32m"password"[39m
            [36m>[39m
              [0mPassword[0m
            [36m</label>[39m
            [36m<div[39m
              [33mclass[39m=[32m"_passwordGroup_41223b"[39m
            [36m>[39m
              [36m<input[39m
                [33mclass[39m=[32m"_passwordInput_41223b"[39m
                [33mid[39m=[32m"password"[39m
                [33mrequired[39m=[32m""[39m
                [33mtype[39m=[32m"password"[39m
                [33mvalue[39m=[32m"password123"[39m
              [36m/>[39m
              [36m<button[39m
                [33maria-label[39m=[32m"Show password"[39m
                [33mclass[39m=[32m"_togglePassword_41223b "[39m
                [33mtype[39m=[32m"button"[39m
              [36m>[39m
                [0m👁️‍🗨️[0m
              [36m</button>[39m
            [36m</div>[39m
            [36m<p[39m
              [33mclass[39m=[32m"_passwordHint_41223b"[39m
            [36m>[39m
              [0mMust be 8+ characters with uppercase, lowercase, number, and special character (!@#$%^&*)[0m
            [36m</p>[39m
          [36m</div>[39m
          [36m<div[39m
            [33mclass[39m=[32m"_formGroup_41223b"[39m
          [36m>[39m
            [36m<label[39m
              [33mclass[39m=[32m"_label_41223b"[39m
              [33mfor[39m=[32m"confirmPassword"[39m
            [36m>[39m
              [0mConfirm Password[0m
            [36m</label>[39m
            [36m<div[39m
              [33mclass[39m=[32m"_passwordGroup_41223b"[39m
            [36m>[39m
              [36m<input[39m
                [33mclass[39m=[32m"_passwordInput_41223b"[39m
                [33mid[39m=[32m"confirmPassword"[39m
                [33mrequired[39m=[32m""[39m
                [33mtype[39m=[32m"password"[39m
                [33mvalue[39m=[32m"password123"[39m
              [36m/>[39m
              [36m<button[39m
                [33maria-label[39m=[32m"Show password"[39m
                [33mclass[39m=[32m"_togglePassword_41223b "[39m
                [33mtype[39m=[32m"button"[39m
              [36m>[39m
                [0m👁️‍🗨️[0m
              [36m</button>[39m
            [36m</div>[39m
          [36m</div>[39m
          [36m<button[39m
            [33mclass[39m=[32m"_submitButton_41223b"[39m
            [33mtype[39m=[32m"submit"[39m
          [36m>[39m
            [0mContinue[0m
          [36m</button>[39m
        [36m</form>[39m
        [36m<div[39m
          [33mclass[39m=[32m"_footer_41223b"[39m
        [36m>[39m
          [36m<span[39m
            [33mclass[39m=[32m"_footerText_41223b"[39m
          [36m>[39m
            [0mAlready have an account?[0m
            [0m [0m
          [36m</span>[39m
          [36m<a[39m
            [33mclass[39m=[32m"_footerLink_41223b"[39m
            [33mhref[39m=[32m"/login"[39m
          [36m>[39m
            [0mSign in[0m
          [36m</a>[39m
        [36m</div>[39m
      [36m</div>[39m
    [36m</div>[39m
  [36m</div>[39m
[36m</body>[39m

Ignored nodes: comments, script, style
[36m<html>[39m
  [36m<head />[39m
  [36m<body>[39m
    [36m<div>[39m
      [36m<div[39m
        [33mclass[39m=[32m"_container_41223b"[39m
      [36m>[39m
        [36m<div[39m
          [33mclass[39m=[32m"_card_41223b"[39m
        [36m>[39m
          [36m<div[39m
            [33mclass[39m=[32m"_logoContainer_41223b"[39m
          [36m>[39m
            [36m<img[39m
              [33malt[39m=[32m"Audacious Money"[39m
              [33mclass[39m=[32m"_logo_41223b"[39m
              [33msrc[39m=[32m"/assets/audacious-logo.png"[39m
            [36m/>[39m
          [36m</div>[39m
          [36m<div[39m
            [33mclass[39m=[32m"_header_41223b"[39m
          [36m>[39m
            [36m<h1[39m
              [33mclass[39m=[32m"_title_41223b"[39m
            [36m>[39m
              [0mCreate Your Account[0m
            [36m</h1>[39m
            [36m<p[39m
              [33mclass[39m=[32m"_subtitle_41223b"[39m
            [36m>[39m
              [0mStart your journey with Audacious Money[0m
            [36m</p>[39m
          [36m</div>[39m
          [36m<form[39m
            [33mclass[39m=[32m"_form_41223b"[39m
          [36m>[39m
            [36m<div[39m
              [33mclass[39m=[32m"_nameRow_41223b"[39m
            [36m>[39m
              [36m<div[39m
                [33mclass[39m=[32m"_formGroup_41223b"[39m
              [36m>[39m
                [36m<label[39m
                  [33mclass[39m=[32m"_label_41223b"[39m
                  [33mfor[39m=[32m"firstName"[39m
                [36m>[39m
                  [0mFirst Name[0m
                [36m</label>[39m
                [36m<input[39m
                  [33mclass[39m=[32m"_input_41223b"[39m
                  [33mid[39m=[32m"firstName"[39m
                  [33mrequired[39m=[32m""[39m
                  [33mtype[39m=[32m"text"[39m
                  [33mvalue[39m=[32m""[39m
                [36m/>[39m
              [36m</div>[39m
              [36m<div[39m
                [33mclass[39m=[32m"_formGroup_41223b"[39m
              [36m>[39m
                [36m<label[39m
                  [33mclass[39m=[32m"_label_41223b"[39m
                  [33mfor[39m=[32m"lastName"[39m
                [36m>[39m
                  [0mLast Name[0m
                [36m</label>[39m
                [36m<input[39m
                  [33mclass[39m=[32m"_input_41223b"[39m
                  [33mid[39m=[32m"lastName"[39m
                  [33mrequired[39m=[32m""[39m
                  [33mtype[39m=[32m"text"[39m
                  [33mvalue[39m=[32m""[39m
                [36m/>[39m
              [36m</div>[39m
            [36m</div>[39m
            [36m<div[39m
              [33mclass[39m=[32m"_formGroup_41223b"[39m
            [36m>[39m
              [36m<label[39m
                [33mclass[39m=[32m"_label_41223b"[39m
                [33mfor[39m=[32m"email"[39m
              [36m>[39m
                [0mEmail[0m
              [36m</label>[39m
              [36m<input[39m
                [33mclass[39m=[32m"_input_41223b"[39m
                [33mid[39m=[32m"email"[39m
                [33mrequired[39m=[32m""[39m
                [33mtype[39m=[32m"email"[39m
                [33mvalue[39m=[32m"test@example.com"[39m
              [36m/>[39m
            [36m</div>[39m
            [36m<div[39m
              [33mclass[39m=[32m"_formGroup_41223b"[39m
            [36m>[39m
              [36m<label[39m
                [33mclass[39m=[32m"_label_41223b"[39m
                [33mfor[39m=[32m"companyName"[39m
              [36m>[39m
                [0mCompany Name[0m
              [36m</label>[39m
              [36m<input[39m
                [33mclass[39m=[32m"_input_41223b"[39m
                [33mid[39m=[32m"companyName"[39m
                [33mrequired[39m=[32m""[39m
                [33mtype[39m=[32m"text"[39m
                [33mvalue[39m=[32m""[39m
              [36m/>[39m
            [36m</div>[39m
            [36m<div[39m
              [33mclass[39m=[32m"_formGroup_41223b"[39m
            [36m>[39m
              [36m<label[39m
                [33mclass[39m=[32m"_label_41223b"[39m
                [33mfor[39m=[32m"password"[39m
              [36m>[39m
                [0mPassword[0m
              [36m</label>[39m
              [36m<div[39m
                [33mclass[39m=[32m"_passwordGroup_41223b"[39m
              [36m>[39m
                [36m<input[39m
                  [33mclass[39m=[32m"_passwordInput_41223b"[39m
                  [33mid[39m=[32m"password"[39m
                  [33mrequired[39m=[32m""[39m
                  [33mtype[39m=[32m"password"[39m
                  [33mvalue[39m=[32m"password123"[39m
                [36m/>[39m
                [36m<button[39m
                  [33maria-label[39m=[32m"Show password"[39m
                  [33mclass[39m=[32m"_togglePassword_41223b "[39m
                  [33mtype[39m=[32m"button"[39m
                [36m>[39m
                  [0m👁️‍🗨️[0m
                [36m</button>[39m
              [36m</div>[39m
              [36m<p[39m
                [33mclass[39m=[32m"_passwordHint_41223b"[39m
              [36m>[39m
                [0mMust be 8+ characters with uppercase, lowercase, number, and special character (!@#$%^&*)[0m
              [36m</p>[39m
            [36m</div>[39m
            [36m<div[39m
              [33mclass[39m=[32m"_formGroup_41223b"[39m
            [36m>[39m
              [36m<label[39m
                [33mclass[39m=[32m"_label_41223b"[39m
                [33mfor[39m=[32m"confirmPassword"[39m
              [36m>[39m
                [0mConfirm Password[0m
              [36m</label>[39m
              [36m<div[39m
                [33mclass[39m=[32m"_passwordGroup_41223b"[39m
              [36m>[39m
                [36m<input[39m
                  [33mclass[39m=[32m"_passwordInput_41223b"[39m
                  [33mid[39m=[32m"confirmPassword"[39m
                  [33mrequired[39m=[32m""[39m
                  [33mtype[39m=[32m"password"[39m
                  [33mvalue[39m=[32m"password123"[39m
                [36m/>[39m
                [36m<button[39m
                  [33maria-label[39m=[32m"Show password"[39m
                  [33mclass[39m=[32m"_togglePassword_41223b "[39m
                  [33mtype[39m=[32m"button"[39m
                [36m>[39m
                  [0m👁️‍🗨️[0m
                [36m</button>[39m
              [36m</div>[39m
            [36m</div>[39m
            [36m<button[39m
              [33mclass[39m=[32m"_submitButton_41223b"[39m
              [33mtype[39m=[32m"submit"[39m
            [36m>[39m
...
 ❯ Proxy.waitForWrapper node_modules/@testing-library/react/node_modules/@testing-library/dom/dist/wait-for.js:163:27
 ❯ goToCharityStep src/pages/auth/Signup.test.tsx:122:13
    120|       await user.click(screen.getByRole('button', { name: /continue/i …
    121|
    122|       await waitFor(() => {
       |             ^
    123|         expect(screen.getByText(/choose a charity to support/i)).toBeI…
    124|       });
 ❯ src/pages/auth/Signup.test.tsx:175:7

⎯⎯⎯⎯⎯⎯⎯⎯⎯⎯⎯⎯⎯⎯⎯⎯⎯⎯⎯⎯[304/824]⎯

 FAIL  src/pages/auth/Signup.test.tsx > Signup Page with Charity Selection > charity selection step > should enable Create Account button when charity is selected
TestingLibraryElementError: Unable to find an element with the text: /choose a charity to support/i. This could be because the text is broken up by multiple elements. In this case, you can provide a function for your text matcher to make your matcher more flexible.

Ignored nodes: comments, script, style
[36m<body>[39m
  [36m<div>[39m
    [36m<div[39m
      [33mclass[39m=[32m"_container_41223b"[39m
    [36m>[39m
      [36m<div[39m
        [33mclass[39m=[32m"_card_41223b"[39m
      [36m>[39m
        [36m<div[39m
          [33mclass[39m=[32m"_logoContainer_41223b"[39m
        [36m>[39m
          [36m<img[39m
            [33malt[39m=[32m"Audacious Money"[39m
            [33mclass[39m=[32m"_logo_41223b"[39m
            [33msrc[39m=[32m"/assets/audacious-logo.png"[39m
          [36m/>[39m
        [36m</div>[39m
        [36m<div[39m
          [33mclass[39m=[32m"_header_41223b"[39m
        [36m>[39m
          [36m<h1[39m
            [33mclass[39m=[32m"_title_41223b"[39m
          [36m>[39m
            [0mCreate Your Account[0m
          [36m</h1>[39m
          [36m<p[39m
            [33mclass[39m=[32m"_subtitle_41223b"[39m
          [36m>[39m
            [0mStart your journey with Audacious Money[0m
          [36m</p>[39m
        [36m</div>[39m
        [36m<form[39m
          [33mclass[39m=[32m"_form_41223b"[39m
        [36m>[39m
          [36m<div[39m
            [33mclass[39m=[32m"_nameRow_41223b"[39m
          [36m>[39m
            [36m<div[39m
              [33mclass[39m=[32m"_formGroup_41223b"[39m
            [36m>[39m
              [36m<label[39m
                [33mclass[39m=[32m"_label_41223b"[39m
                [33mfor[39m=[32m"firstName"[39m
              [36m>[39m
                [0mFirst Name[0m
              [36m</label>[39m
              [36m<input[39m
                [33mclass[39m=[32m"_input_41223b"[39m
                [33mid[39m=[32m"firstName"[39m
                [33mrequired[39m=[32m""[39m
                [33mtype[39m=[32m"text"[39m
                [33mvalue[39m=[32m""[39m
              [36m/>[39m
            [36m</div>[39m
            [36m<div[39m
              [33mclass[39m=[32m"_formGroup_41223b"[39m
            [36m>[39m
              [36m<label[39m
                [33mclass[39m=[32m"_label_41223b"[39m
                [33mfor[39m=[32m"lastName"[39m
              [36m>[39m
                [0mLast Name[0m
              [36m</label>[39m
              [36m<input[39m
                [33mclass[39m=[32m"_input_41223b"[39m
                [33mid[39m=[32m"lastName"[39m
                [33mrequired[39m=[32m""[39m
                [33mtype[39m=[32m"text"[39m
                [33mvalue[39m=[32m""[39m
              [36m/>[39m
            [36m</div>[39m
          [36m</div>[39m
          [36m<div[39m
            [33mclass[39m=[32m"_formGroup_41223b"[39m
          [36m>[39m
            [36m<label[39m
              [33mclass[39m=[32m"_label_41223b"[39m
              [33mfor[39m=[32m"email"[39m
            [36m>[39m
              [0mEmail[0m
            [36m</label>[39m
            [36m<input[39m
              [33mclass[39m=[32m"_input_41223b"[39m
              [33mid[39m=[32m"email"[39m
              [33mrequired[39m=[32m""[39m
              [33mtype[39m=[32m"email"[39m
              [33mvalue[39m=[32m"test@example.com"[39m
            [36m/>[39m
          [36m</div>[39m
          [36m<div[39m
            [33mclass[39m=[32m"_formGroup_41223b"[39m
          [36m>[39m
            [36m<label[39m
              [33mclass[39m=[32m"_label_41223b"[39m
              [33mfor[39m=[32m"companyName"[39m
            [36m>[39m
              [0mCompany Name[0m
            [36m</label>[39m
            [36m<input[39m
              [33mclass[39m=[32m"_input_41223b"[39m
              [33mid[39m=[32m"companyName"[39m
              [33mrequired[39m=[32m""[39m
              [33mtype[39m=[32m"text"[39m
              [33mvalue[39m=[32m""[39m
            [36m/>[39m
          [36m</div>[39m
          [36m<div[39m
            [33mclass[39m=[32m"_formGroup_41223b"[39m
          [36m>[39m
            [36m<label[39m
              [33mclass[39m=[32m"_label_41223b"[39m
              [33mfor[39m=[32m"password"[39m
            [36m>[39m
              [0mPassword[0m
            [36m</label>[39m
            [36m<div[39m
              [33mclass[39m=[32m"_passwordGroup_41223b"[39m
            [36m>[39m
              [36m<input[39m
                [33mclass[39m=[32m"_passwordInput_41223b"[39m
                [33mid[39m=[32m"password"[39m
                [33mrequired[39m=[32m""[39m
                [33mtype[39m=[32m"password"[39m
                [33mvalue[39m=[32m"password123"[39m
              [36m/>[39m
              [36m<button[39m
                [33maria-label[39m=[32m"Show password"[39m
                [33mclass[39m=[32m"_togglePassword_41223b "[39m
                [33mtype[39m=[32m"button"[39m
              [36m>[39m
                [0m👁️‍🗨️[0m
              [36m</button>[39m
            [36m</div>[39m
            [36m<p[39m
              [33mclass[39m=[32m"_passwordHint_41223b"[39m
            [36m>[39m
              [0mMust be 8+ characters with uppercase, lowercase, number, and special character (!@#$%^&*)[0m
            [36m</p>[39m
          [36m</div>[39m
          [36m<div[39m
            [33mclass[39m=[32m"_formGroup_41223b"[39m
          [36m>[39m
            [36m<label[39m
              [33mclass[39m=[32m"_label_41223b"[39m
              [33mfor[39m=[32m"confirmPassword"[39m
            [36m>[39m
              [0mConfirm Password[0m
            [36m</label>[39m
            [36m<div[39m
              [33mclass[39m=[32m"_passwordGroup_41223b"[39m
            [36m>[39m
              [36m<input[39m
                [33mclass[39m=[32m"_passwordInput_41223b"[39m
                [33mid[39m=[32m"confirmPassword"[39m
                [33mrequired[39m=[32m""[39m
                [33mtype[39m=[32m"password"[39m
                [33mvalue[39m=[32m"password123"[39m
              [36m/>[39m
              [36m<button[39m
                [33maria-label[39m=[32m"Show password"[39m
                [33mclass[39m=[32m"_togglePassword_41223b "[39m
                [33mtype[39m=[32m"button"[39m
              [36m>[39m
                [0m👁️‍🗨️[0m
              [36m</button>[39m
            [36m</div>[39m
          [36m</div>[39m
          [36m<button[39m
            [33mclass[39m=[32m"_submitButton_41223b"[39m
            [33mtype[39m=[32m"submit"[39m
          [36m>[39m
            [0mContinue[0m
          [36m</button>[39m
        [36m</form>[39m
        [36m<div[39m
          [33mclass[39m=[32m"_footer_41223b"[39m
        [36m>[39m
          [36m<span[39m
            [33mclass[39m=[32m"_footerText_41223b"[39m
          [36m>[39m
            [0mAlready have an account?[0m
            [0m [0m
          [36m</span>[39m
          [36m<a[39m
            [33mclass[39m=[32m"_footerLink_41223b"[39m
            [33mhref[39m=[32m"/login"[39m
          [36m>[39m
            [0mSign in[0m
          [36m</a>[39m
        [36m</div>[39m
      [36m</div>[39m
    [36m</div>[39m
  [36m</div>[39m
[36m</body>[39m

Ignored nodes: comments, script, style
[36m<html>[39m
  [36m<head />[39m
  [36m<body>[39m
    [36m<div>[39m
      [36m<div[39m
        [33mclass[39m=[32m"_container_41223b"[39m
      [36m>[39m
        [36m<div[39m
          [33mclass[39m=[32m"_card_41223b"[39m
        [36m>[39m
          [36m<div[39m
            [33mclass[39m=[32m"_logoContainer_41223b"[39m
          [36m>[39m
            [36m<img[39m
              [33malt[39m=[32m"Audacious Money"[39m
              [33mclass[39m=[32m"_logo_41223b"[39m
              [33msrc[39m=[32m"/assets/audacious-logo.png"[39m
            [36m/>[39m
          [36m</div>[39m
          [36m<div[39m
            [33mclass[39m=[32m"_header_41223b"[39m
          [36m>[39m
            [36m<h1[39m
              [33mclass[39m=[32m"_title_41223b"[39m
            [36m>[39m
              [0mCreate Your Account[0m
            [36m</h1>[39m
            [36m<p[39m
              [33mclass[39m=[32m"_subtitle_41223b"[39m
            [36m>[39m
              [0mStart your journey with Audacious Money[0m
            [36m</p>[39m
          [36m</div>[39m
          [36m<form[39m
            [33mclass[39m=[32m"_form_41223b"[39m
          [36m>[39m
            [36m<div[39m
              [33mclass[39m=[32m"_nameRow_41223b"[39m
            [36m>[39m
              [36m<div[39m
                [33mclass[39m=[32m"_formGroup_41223b"[39m
              [36m>[39m
                [36m<label[39m
                  [33mclass[39m=[32m"_label_41223b"[39m
                  [33mfor[39m=[32m"firstName"[39m
                [36m>[39m
                  [0mFirst Name[0m
                [36m</label>[39m
                [36m<input[39m
                  [33mclass[39m=[32m"_input_41223b"[39m
                  [33mid[39m=[32m"firstName"[39m
                  [33mrequired[39m=[32m""[39m
                  [33mtype[39m=[32m"text"[39m
                  [33mvalue[39m=[32m""[39m
                [36m/>[39m
              [36m</div>[39m
              [36m<div[39m
                [33mclass[39m=[32m"_formGroup_41223b"[39m
              [36m>[39m
                [36m<label[39m
                  [33mclass[39m=[32m"_label_41223b"[39m
                  [33mfor[39m=[32m"lastName"[39m
                [36m>[39m
                  [0mLast Name[0m
                [36m</label>[39m
                [36m<input[39m
                  [33mclass[39m=[32m"_input_41223b"[39m
                  [33mid[39m=[32m"lastName"[39m
                  [33mrequired[39m=[32m""[39m
                  [33mtype[39m=[32m"text"[39m
                  [33mvalue[39m=[32m""[39m
                [36m/>[39m
              [36m</div>[39m
            [36m</div>[39m
            [36m<div[39m
              [33mclass[39m=[32m"_formGroup_41223b"[39m
            [36m>[39m
              [36m<label[39m
                [33mclass[39m=[32m"_label_41223b"[39m
                [33mfor[39m=[32m"email"[39m
              [36m>[39m
                [0mEmail[0m
              [36m</label>[39m
              [36m<input[39m
                [33mclass[39m=[32m"_input_41223b"[39m
                [33mid[39m=[32m"email"[39m
                [33mrequired[39m=[32m""[39m
                [33mtype[39m=[32m"email"[39m
                [33mvalue[39m=[32m"test@example.com"[39m
              [36m/>[39m
            [36m</div>[39m
            [36m<div[39m
              [33mclass[39m=[32m"_formGroup_41223b"[39m
            [36m>[39m
              [36m<label[39m
                [33mclass[39m=[32m"_label_41223b"[39m
                [33mfor[39m=[32m"companyName"[39m
              [36m>[39m
                [0mCompany Name[0m
              [36m</label>[39m
              [36m<input[39m
                [33mclass[39m=[32m"_input_41223b"[39m
                [33mid[39m=[32m"companyName"[39m
                [33mrequired[39m=[32m""[39m
                [33mtype[39m=[32m"text"[39m
                [33mvalue[39m=[32m""[39m
              [36m/>[39m
            [36m</div>[39m
            [36m<div[39m
              [33mclass[39m=[32m"_formGroup_41223b"[39m
            [36m>[39m
              [36m<label[39m
                [33mclass[39m=[32m"_label_41223b"[39m
                [33mfor[39m=[32m"password"[39m
              [36m>[39m
                [0mPassword[0m
              [36m</label>[39m
              [36m<div[39m
                [33mclass[39m=[32m"_passwordGroup_41223b"[39m
              [36m>[39m
                [36m<input[39m
                  [33mclass[39m=[32m"_passwordInput_41223b"[39m
                  [33mid[39m=[32m"password"[39m
                  [33mrequired[39m=[32m""[39m
                  [33mtype[39m=[32m"password"[39m
                  [33mvalue[39m=[32m"password123"[39m
                [36m/>[39m
                [36m<button[39m
                  [33maria-label[39m=[32m"Show password"[39m
                  [33mclass[39m=[32m"_togglePassword_41223b "[39m
                  [33mtype[39m=[32m"button"[39m
                [36m>[39m
                  [0m👁️‍🗨️[0m
                [36m</button>[39m
              [36m</div>[39m
              [36m<p[39m
                [33mclass[39m=[32m"_passwordHint_41223b"[39m
              [36m>[39m
                [0mMust be 8+ characters with uppercase, lowercase, number, and special character (!@#$%^&*)[0m
              [36m</p>[39m
            [36m</div>[39m
            [36m<div[39m
              [33mclass[39m=[32m"_formGroup_41223b"[39m
            [36m>[39m
              [36m<label[39m
                [33mclass[39m=[32m"_label_41223b"[39m
                [33mfor[39m=[32m"confirmPassword"[39m
              [36m>[39m
                [0mConfirm Password[0m
              [36m</label>[39m
              [36m<div[39m
                [33mclass[39m=[32m"_passwordGroup_41223b"[39m
              [36m>[39m
                [36m<input[39m
                  [33mclass[39m=[32m"_passwordInput_41223b"[39m
                  [33mid[39m=[32m"confirmPassword"[39m
                  [33mrequired[39m=[32m""[39m
                  [33mtype[39m=[32m"password"[39m
                  [33mvalue[39m=[32m"password123"[39m
                [36m/>[39m
                [36m<button[39m
                  [33maria-label[39m=[32m"Show password"[39m
                  [33mclass[39m=[32m"_togglePassword_41223b "[39m
                  [33mtype[39m=[32m"button"[39m
                [36m>[39m
                  [0m👁️‍🗨️[0m
                [36m</button>[39m
              [36m</div>[39m
            [36m</div>[39m
            [36m<button[39m
              [33mclass[39m=[32m"_submitButton_41223b"[39m
              [33mtype[39m=[32m"submit"[39m
            [36m>[39m
...
 ❯ Proxy.waitForWrapper node_modules/@testing-library/react/node_modules/@testing-library/dom/dist/wait-for.js:163:27
 ❯ goToCharityStep src/pages/auth/Signup.test.tsx:122:13
    120|       await user.click(screen.getByRole('button', { name: /continue/i …
    121|
    122|       await waitFor(() => {
       |             ^
    123|         expect(screen.getByText(/choose a charity to support/i)).toBeI…
    124|       });
 ❯ src/pages/auth/Signup.test.tsx:187:7

⎯⎯⎯⎯⎯⎯⎯⎯⎯⎯⎯⎯⎯⎯⎯⎯⎯⎯⎯⎯[305/824]⎯

 FAIL  src/pages/auth/Signup.test.tsx > Signup Page with Charity Selection > charity selection step > should go back to credentials step when Back is clicked
TestingLibraryElementError: Unable to find an element with the text: /choose a charity to support/i. This could be because the text is broken up by multiple elements. In this case, you can provide a function for your text matcher to make your matcher more flexible.

Ignored nodes: comments, script, style
[36m<body>[39m
  [36m<div>[39m
    [36m<div[39m
      [33mclass[39m=[32m"_container_41223b"[39m
    [36m>[39m
      [36m<div[39m
        [33mclass[39m=[32m"_card_41223b"[39m
      [36m>[39m
        [36m<div[39m
          [33mclass[39m=[32m"_logoContainer_41223b"[39m
        [36m>[39m
          [36m<img[39m
            [33malt[39m=[32m"Audacious Money"[39m
            [33mclass[39m=[32m"_logo_41223b"[39m
            [33msrc[39m=[32m"/assets/audacious-logo.png"[39m
          [36m/>[39m
        [36m</div>[39m
        [36m<div[39m
          [33mclass[39m=[32m"_header_41223b"[39m
        [36m>[39m
          [36m<h1[39m
            [33mclass[39m=[32m"_title_41223b"[39m
          [36m>[39m
            [0mCreate Your Account[0m
          [36m</h1>[39m
          [36m<p[39m
            [33mclass[39m=[32m"_subtitle_41223b"[39m
          [36m>[39m
            [0mStart your journey with Audacious Money[0m
          [36m</p>[39m
        [36m</div>[39m
        [36m<form[39m
          [33mclass[39m=[32m"_form_41223b"[39m
        [36m>[39m
          [36m<div[39m
            [33mclass[39m=[32m"_nameRow_41223b"[39m
          [36m>[39m
            [36m<div[39m
              [33mclass[39m=[32m"_formGroup_41223b"[39m
            [36m>[39m
              [36m<label[39m
                [33mclass[39m=[32m"_label_41223b"[39m
                [33mfor[39m=[32m"firstName"[39m
              [36m>[39m
                [0mFirst Name[0m
              [36m</label>[39m
              [36m<input[39m
                [33mclass[39m=[32m"_input_41223b"[39m
                [33mid[39m=[32m"firstName"[39m
                [33mrequired[39m=[32m""[39m
                [33mtype[39m=[32m"text"[39m
                [33mvalue[39m=[32m""[39m
              [36m/>[39m
            [36m</div>[39m
            [36m<div[39m
              [33mclass[39m=[32m"_formGroup_41223b"[39m
            [36m>[39m
              [36m<label[39m
                [33mclass[39m=[32m"_label_41223b"[39m
                [33mfor[39m=[32m"lastName"[39m
              [36m>[39m
                [0mLast Name[0m
              [36m</label>[39m
              [36m<input[39m
                [33mclass[39m=[32m"_input_41223b"[39m
                [33mid[39m=[32m"lastName"[39m
                [33mrequired[39m=[32m""[39m
                [33mtype[39m=[32m"text"[39m
                [33mvalue[39m=[32m""[39m
              [36m/>[39m
            [36m</div>[39m
          [36m</div>[39m
          [36m<div[39m
            [33mclass[39m=[32m"_formGroup_41223b"[39m
          [36m>[39m
            [36m<label[39m
              [33mclass[39m=[32m"_label_41223b"[39m
              [33mfor[39m=[32m"email"[39m
            [36m>[39m
              [0mEmail[0m
            [36m</label>[39m
            [36m<input[39m
              [33mclass[39m=[32m"_input_41223b"[39m
              [33mid[39m=[32m"email"[39m
              [33mrequired[39m=[32m""[39m
              [33mtype[39m=[32m"email"[39m
              [33mvalue[39m=[32m"test@example.com"[39m
            [36m/>[39m
          [36m</div>[39m
          [36m<div[39m
            [33mclass[39m=[32m"_formGroup_41223b"[39m
          [36m>[39m
            [36m<label[39m
              [33mclass[39m=[32m"_label_41223b"[39m
              [33mfor[39m=[32m"companyName"[39m
            [36m>[39m
              [0mCompany Name[0m
            [36m</label>[39m
            [36m<input[39m
              [33mclass[39m=[32m"_input_41223b"[39m
              [33mid[39m=[32m"companyName"[39m
              [33mrequired[39m=[32m""[39m
              [33mtype[39m=[32m"text"[39m
              [33mvalue[39m=[32m""[39m
            [36m/>[39m
          [36m</div>[39m
          [36m<div[39m
            [33mclass[39m=[32m"_formGroup_41223b"[39m
          [36m>[39m
            [36m<label[39m
              [33mclass[39m=[32m"_label_41223b"[39m
              [33mfor[39m=[32m"password"[39m
            [36m>[39m
              [0mPassword[0m
            [36m</label>[39m
            [36m<div[39m
              [33mclass[39m=[32m"_passwordGroup_41223b"[39m
            [36m>[39m
              [36m<input[39m
                [33mclass[39m=[32m"_passwordInput_41223b"[39m
                [33mid[39m=[32m"password"[39m
                [33mrequired[39m=[32m""[39m
                [33mtype[39m=[32m"password"[39m
                [33mvalue[39m=[32m"password123"[39m
              [36m/>[39m
              [36m<button[39m
                [33maria-label[39m=[32m"Show password"[39m
                [33mclass[39m=[32m"_togglePassword_41223b "[39m
                [33mtype[39m=[32m"button"[39m
              [36m>[39m
                [0m👁️‍🗨️[0m
              [36m</button>[39m
            [36m</div>[39m
            [36m<p[39m
              [33mclass[39m=[32m"_passwordHint_41223b"[39m
            [36m>[39m
              [0mMust be 8+ characters with uppercase, lowercase, number, and special character (!@#$%^&*)[0m
            [36m</p>[39m
          [36m</div>[39m
          [36m<div[39m
            [33mclass[39m=[32m"_formGroup_41223b"[39m
          [36m>[39m
            [36m<label[39m
              [33mclass[39m=[32m"_label_41223b"[39m
              [33mfor[39m=[32m"confirmPassword"[39m
            [36m>[39m
              [0mConfirm Password[0m
            [36m</label>[39m
            [36m<div[39m
              [33mclass[39m=[32m"_passwordGroup_41223b"[39m
            [36m>[39m
              [36m<input[39m
                [33mclass[39m=[32m"_passwordInput_41223b"[39m
                [33mid[39m=[32m"confirmPassword"[39m
                [33mrequired[39m=[32m""[39m
                [33mtype[39m=[32m"password"[39m
                [33mvalue[39m=[32m"password123"[39m
              [36m/>[39m
              [36m<button[39m
                [33maria-label[39m=[32m"Show password"[39m
                [33mclass[39m=[32m"_togglePassword_41223b "[39m
                [33mtype[39m=[32m"button"[39m
              [36m>[39m
                [0m👁️‍🗨️[0m
              [36m</button>[39m
            [36m</div>[39m
          [36m</div>[39m
          [36m<button[39m
            [33mclass[39m=[32m"_submitButton_41223b"[39m
            [33mtype[39m=[32m"submit"[39m
          [36m>[39m
            [0mContinue[0m
          [36m</button>[39m
        [36m</form>[39m
        [36m<div[39m
          [33mclass[39m=[32m"_footer_41223b"[39m
        [36m>[39m
          [36m<span[39m
            [33mclass[39m=[32m"_footerText_41223b"[39m
          [36m>[39m
            [0mAlready have an account?[0m
            [0m [0m
          [36m</span>[39m
          [36m<a[39m
            [33mclass[39m=[32m"_footerLink_41223b"[39m
            [33mhref[39m=[32m"/login"[39m
          [36m>[39m
            [0mSign in[0m
          [36m</a>[39m
        [36m</div>[39m
      [36m</div>[39m
    [36m</div>[39m
  [36m</div>[39m
[36m</body>[39m

Ignored nodes: comments, script, style
[36m<html>[39m
  [36m<head />[39m
  [36m<body>[39m
    [36m<div>[39m
      [36m<div[39m
        [33mclass[39m=[32m"_container_41223b"[39m
      [36m>[39m
        [36m<div[39m
          [33mclass[39m=[32m"_card_41223b"[39m
        [36m>[39m
          [36m<div[39m
            [33mclass[39m=[32m"_logoContainer_41223b"[39m
          [36m>[39m
            [36m<img[39m
              [33malt[39m=[32m"Audacious Money"[39m
              [33mclass[39m=[32m"_logo_41223b"[39m
              [33msrc[39m=[32m"/assets/audacious-logo.png"[39m
            [36m/>[39m
          [36m</div>[39m
          [36m<div[39m
            [33mclass[39m=[32m"_header_41223b"[39m
          [36m>[39m
            [36m<h1[39m
              [33mclass[39m=[32m"_title_41223b"[39m
            [36m>[39m
              [0mCreate Your Account[0m
            [36m</h1>[39m
            [36m<p[39m
              [33mclass[39m=[32m"_subtitle_41223b"[39m
            [36m>[39m
              [0mStart your journey with Audacious Money[0m
            [36m</p>[39m
          [36m</div>[39m
          [36m<form[39m
            [33mclass[39m=[32m"_form_41223b"[39m
          [36m>[39m
            [36m<div[39m
              [33mclass[39m=[32m"_nameRow_41223b"[39m
            [36m>[39m
              [36m<div[39m
                [33mclass[39m=[32m"_formGroup_41223b"[39m
              [36m>[39m
                [36m<label[39m
                  [33mclass[39m=[32m"_label_41223b"[39m
                  [33mfor[39m=[32m"firstName"[39m
                [36m>[39m
                  [0mFirst Name[0m
                [36m</label>[39m
                [36m<input[39m
                  [33mclass[39m=[32m"_input_41223b"[39m
                  [33mid[39m=[32m"firstName"[39m
                  [33mrequired[39m=[32m""[39m
                  [33mtype[39m=[32m"text"[39m
                  [33mvalue[39m=[32m""[39m
                [36m/>[39m
              [36m</div>[39m
              [36m<div[39m
                [33mclass[39m=[32m"_formGroup_41223b"[39m
              [36m>[39m
                [36m<label[39m
                  [33mclass[39m=[32m"_label_41223b"[39m
                  [33mfor[39m=[32m"lastName"[39m
                [36m>[39m
                  [0mLast Name[0m
                [36m</label>[39m
                [36m<input[39m
                  [33mclass[39m=[32m"_input_41223b"[39m
                  [33mid[39m=[32m"lastName"[39m
                  [33mrequired[39m=[32m""[39m
                  [33mtype[39m=[32m"text"[39m
                  [33mvalue[39m=[32m""[39m
                [36m/>[39m
              [36m</div>[39m
            [36m</div>[39m
            [36m<div[39m
              [33mclass[39m=[32m"_formGroup_41223b"[39m
            [36m>[39m
              [36m<label[39m
                [33mclass[39m=[32m"_label_41223b"[39m
                [33mfor[39m=[32m"email"[39m
              [36m>[39m
                [0mEmail[0m
              [36m</label>[39m
              [36m<input[39m
                [33mclass[39m=[32m"_input_41223b"[39m
                [33mid[39m=[32m"email"[39m
                [33mrequired[39m=[32m""[39m
                [33mtype[39m=[32m"email"[39m
                [33mvalue[39m=[32m"test@example.com"[39m
              [36m/>[39m
            [36m</div>[39m
            [36m<div[39m
              [33mclass[39m=[32m"_formGroup_41223b"[39m
            [36m>[39m
              [36m<label[39m
                [33mclass[39m=[32m"_label_41223b"[39m
                [33mfor[39m=[32m"companyName"[39m
              [36m>[39m
                [0mCompany Name[0m
              [36m</label>[39m
              [36m<input[39m
                [33mclass[39m=[32m"_input_41223b"[39m
                [33mid[39m=[32m"companyName"[39m
                [33mrequired[39m=[32m""[39m
                [33mtype[39m=[32m"text"[39m
                [33mvalue[39m=[32m""[39m
              [36m/>[39m
            [36m</div>[39m
            [36m<div[39m
              [33mclass[39m=[32m"_formGroup_41223b"[39m
            [36m>[39m
              [36m<label[39m
                [33mclass[39m=[32m"_label_41223b"[39m
                [33mfor[39m=[32m"password"[39m
              [36m>[39m
                [0mPassword[0m
              [36m</label>[39m
              [36m<div[39m
                [33mclass[39m=[32m"_passwordGroup_41223b"[39m
              [36m>[39m
                [36m<input[39m
                  [33mclass[39m=[32m"_passwordInput_41223b"[39m
                  [33mid[39m=[32m"password"[39m
                  [33mrequired[39m=[32m""[39m
                  [33mtype[39m=[32m"password"[39m
                  [33mvalue[39m=[32m"password123"[39m
                [36m/>[39m
                [36m<button[39m
                  [33maria-label[39m=[32m"Show password"[39m
                  [33mclass[39m=[32m"_togglePassword_41223b "[39m
                  [33mtype[39m=[32m"button"[39m
                [36m>[39m
                  [0m👁️‍🗨️[0m
                [36m</button>[39m
              [36m</div>[39m
              [36m<p[39m
                [33mclass[39m=[32m"_passwordHint_41223b"[39m
              [36m>[39m
                [0mMust be 8+ characters with uppercase, lowercase, number, and special character (!@#$%^&*)[0m
              [36m</p>[39m
            [36m</div>[39m
            [36m<div[39m
              [33mclass[39m=[32m"_formGroup_41223b"[39m
            [36m>[39m
              [36m<label[39m
                [33mclass[39m=[32m"_label_41223b"[39m
                [33mfor[39m=[32m"confirmPassword"[39m
              [36m>[39m
                [0mConfirm Password[0m
              [36m</label>[39m
              [36m<div[39m
                [33mclass[39m=[32m"_passwordGroup_41223b"[39m
              [36m>[39m
                [36m<input[39m
                  [33mclass[39m=[32m"_passwordInput_41223b"[39m
                  [33mid[39m=[32m"confirmPassword"[39m
                  [33mrequired[39m=[32m""[39m
                  [33mtype[39m=[32m"password"[39m
                  [33mvalue[39m=[32m"password123"[39m
                [36m/>[39m
                [36m<button[39m
                  [33maria-label[39m=[32m"Show password"[39m
                  [33mclass[39m=[32m"_togglePassword_41223b "[39m
                  [33mtype[39m=[32m"button"[39m
                [36m>[39m
                  [0m👁️‍🗨️[0m
                [36m</button>[39m
              [36m</div>[39m
            [36m</div>[39m
            [36m<button[39m
              [33mclass[39m=[32m"_submitButton_41223b"[39m
              [33mtype[39m=[32m"submit"[39m
            [36m>[39m
...
 ❯ Proxy.waitForWrapper node_modules/@testing-library/react/node_modules/@testing-library/dom/dist/wait-for.js:163:27
 ❯ goToCharityStep src/pages/auth/Signup.test.tsx:122:13
    120|       await user.click(screen.getByRole('button', { name: /continue/i …
    121|
    122|       await waitFor(() => {
       |             ^
    123|         expect(screen.getByText(/choose a charity to support/i)).toBeI…
    124|       });
 ❯ src/pages/auth/Signup.test.tsx:208:7

⎯⎯⎯⎯⎯⎯⎯⎯⎯⎯⎯⎯⎯⎯⎯⎯⎯⎯⎯⎯[306/824]⎯

 FAIL  src/pages/auth/Signup.test.tsx > Signup Page with Charity Selection > charity selection step > should preserve credentials when going back and forward
TestingLibraryElementError: Unable to find an element with the text: /choose a charity to support/i. This could be because the text is broken up by multiple elements. In this case, you can provide a function for your text matcher to make your matcher more flexible.

Ignored nodes: comments, script, style
[36m<body>[39m
  [36m<div>[39m
    [36m<div[39m
      [33mclass[39m=[32m"_container_41223b"[39m
    [36m>[39m
      [36m<div[39m
        [33mclass[39m=[32m"_card_41223b"[39m
      [36m>[39m
        [36m<div[39m
          [33mclass[39m=[32m"_logoContainer_41223b"[39m
        [36m>[39m
          [36m<img[39m
            [33malt[39m=[32m"Audacious Money"[39m
            [33mclass[39m=[32m"_logo_41223b"[39m
            [33msrc[39m=[32m"/assets/audacious-logo.png"[39m
          [36m/>[39m
        [36m</div>[39m
        [36m<div[39m
          [33mclass[39m=[32m"_header_41223b"[39m
        [36m>[39m
          [36m<h1[39m
            [33mclass[39m=[32m"_title_41223b"[39m
          [36m>[39m
            [0mCreate Your Account[0m
          [36m</h1>[39m
          [36m<p[39m
            [33mclass[39m=[32m"_subtitle_41223b"[39m
          [36m>[39m
            [0mStart your journey with Audacious Money[0m
          [36m</p>[39m
        [36m</div>[39m
        [36m<form[39m
          [33mclass[39m=[32m"_form_41223b"[39m
        [36m>[39m
          [36m<div[39m
            [33mclass[39m=[32m"_nameRow_41223b"[39m
          [36m>[39m
            [36m<div[39m
              [33mclass[39m=[32m"_formGroup_41223b"[39m
            [36m>[39m
              [36m<label[39m
                [33mclass[39m=[32m"_label_41223b"[39m
                [33mfor[39m=[32m"firstName"[39m
              [36m>[39m
                [0mFirst Name[0m
              [36m</label>[39m
              [36m<input[39m
                [33mclass[39m=[32m"_input_41223b"[39m
                [33mid[39m=[32m"firstName"[39m
                [33mrequired[39m=[32m""[39m
                [33mtype[39m=[32m"text"[39m
                [33mvalue[39m=[32m""[39m
              [36m/>[39m
            [36m</div>[39m
            [36m<div[39m
              [33mclass[39m=[32m"_formGroup_41223b"[39m
            [36m>[39m
              [36m<label[39m
                [33mclass[39m=[32m"_label_41223b"[39m
                [33mfor[39m=[32m"lastName"[39m
              [36m>[39m
                [0mLast Name[0m
              [36m</label>[39m
              [36m<input[39m
                [33mclass[39m=[32m"_input_41223b"[39m
                [33mid[39m=[32m"lastName"[39m
                [33mrequired[39m=[32m""[39m
                [33mtype[39m=[32m"text"[39m
                [33mvalue[39m=[32m""[39m
              [36m/>[39m
            [36m</div>[39m
          [36m</div>[39m
          [36m<div[39m
            [33mclass[39m=[32m"_formGroup_41223b"[39m
          [36m>[39m
            [36m<label[39m
              [33mclass[39m=[32m"_label_41223b"[39m
              [33mfor[39m=[32m"email"[39m
            [36m>[39m
              [0mEmail[0m
            [36m</label>[39m
            [36m<input[39m
              [33mclass[39m=[32m"_input_41223b"[39m
              [33mid[39m=[32m"email"[39m
              [33mrequired[39m=[32m""[39m
              [33mtype[39m=[32m"email"[39m
              [33mvalue[39m=[32m"test@example.com"[39m
            [36m/>[39m
          [36m</div>[39m
          [36m<div[39m
            [33mclass[39m=[32m"_formGroup_41223b"[39m
          [36m>[39m
            [36m<label[39m
              [33mclass[39m=[32m"_label_41223b"[39m
              [33mfor[39m=[32m"companyName"[39m
            [36m>[39m
              [0mCompany Name[0m
            [36m</label>[39m
            [36m<input[39m
              [33mclass[39m=[32m"_input_41223b"[39m
              [33mid[39m=[32m"companyName"[39m
              [33mrequired[39m=[32m""[39m
              [33mtype[39m=[32m"text"[39m
              [33mvalue[39m=[32m""[39m
            [36m/>[39m
          [36m</div>[39m
          [36m<div[39m
            [33mclass[39m=[32m"_formGroup_41223b"[39m
          [36m>[39m
            [36m<label[39m
              [33mclass[39m=[32m"_label_41223b"[39m
              [33mfor[39m=[32m"password"[39m
            [36m>[39m
              [0mPassword[0m
            [36m</label>[39m
            [36m<div[39m
              [33mclass[39m=[32m"_passwordGroup_41223b"[39m
            [36m>[39m
              [36m<input[39m
                [33mclass[39m=[32m"_passwordInput_41223b"[39m
                [33mid[39m=[32m"password"[39m
                [33mrequired[39m=[32m""[39m
                [33mtype[39m=[32m"password"[39m
                [33mvalue[39m=[32m"password123"[39m
              [36m/>[39m
              [36m<button[39m
                [33maria-label[39m=[32m"Show password"[39m
                [33mclass[39m=[32m"_togglePassword_41223b "[39m
                [33mtype[39m=[32m"button"[39m
              [36m>[39m
                [0m👁️‍🗨️[0m
              [36m</button>[39m
            [36m</div>[39m
            [36m<p[39m
              [33mclass[39m=[32m"_passwordHint_41223b"[39m
            [36m>[39m
              [0mMust be 8+ characters with uppercase, lowercase, number, and special character (!@#$%^&*)[0m
            [36m</p>[39m
          [36m</div>[39m
          [36m<div[39m
            [33mclass[39m=[32m"_formGroup_41223b"[39m
          [36m>[39m
            [36m<label[39m
              [33mclass[39m=[32m"_label_41223b"[39m
              [33mfor[39m=[32m"confirmPassword"[39m
            [36m>[39m
              [0mConfirm Password[0m
            [36m</label>[39m
            [36m<div[39m
              [33mclass[39m=[32m"_passwordGroup_41223b"[39m
            [36m>[39m
              [36m<input[39m
                [33mclass[39m=[32m"_passwordInput_41223b"[39m
                [33mid[39m=[32m"confirmPassword"[39m
                [33mrequired[39m=[32m""[39m
                [33mtype[39m=[32m"password"[39m
                [33mvalue[39m=[32m"password123"[39m
              [36m/>[39m
              [36m<button[39m
                [33maria-label[39m=[32m"Show password"[39m
                [33mclass[39m=[32m"_togglePassword_41223b "[39m
                [33mtype[39m=[32m"button"[39m
              [36m>[39m
                [0m👁️‍🗨️[0m
              [36m</button>[39m
            [36m</div>[39m
          [36m</div>[39m
          [36m<button[39m
            [33mclass[39m=[32m"_submitButton_41223b"[39m
            [33mtype[39m=[32m"submit"[39m
          [36m>[39m
            [0mContinue[0m
          [36m</button>[39m
        [36m</form>[39m
        [36m<div[39m
          [33mclass[39m=[32m"_footer_41223b"[39m
        [36m>[39m
          [36m<span[39m
            [33mclass[39m=[32m"_footerText_41223b"[39m
          [36m>[39m
            [0mAlready have an account?[0m
            [0m [0m
          [36m</span>[39m
          [36m<a[39m
            [33mclass[39m=[32m"_footerLink_41223b"[39m
            [33mhref[39m=[32m"/login"[39m
          [36m>[39m
            [0mSign in[0m
          [36m</a>[39m
        [36m</div>[39m
      [36m</div>[39m
    [36m</div>[39m
  [36m</div>[39m
[36m</body>[39m

Ignored nodes: comments, script, style
[36m<html>[39m
  [36m<head />[39m
  [36m<body>[39m
    [36m<div>[39m
      [36m<div[39m
        [33mclass[39m=[32m"_container_41223b"[39m
      [36m>[39m
        [36m<div[39m
          [33mclass[39m=[32m"_card_41223b"[39m
        [36m>[39m
          [36m<div[39m
            [33mclass[39m=[32m"_logoContainer_41223b"[39m
          [36m>[39m
            [36m<img[39m
              [33malt[39m=[32m"Audacious Money"[39m
              [33mclass[39m=[32m"_logo_41223b"[39m
              [33msrc[39m=[32m"/assets/audacious-logo.png"[39m
            [36m/>[39m
          [36m</div>[39m
          [36m<div[39m
            [33mclass[39m=[32m"_header_41223b"[39m
          [36m>[39m
            [36m<h1[39m
              [33mclass[39m=[32m"_title_41223b"[39m
            [36m>[39m
              [0mCreate Your Account[0m
            [36m</h1>[39m
            [36m<p[39m
              [33mclass[39m=[32m"_subtitle_41223b"[39m
            [36m>[39m
              [0mStart your journey with Audacious Money[0m
            [36m</p>[39m
          [36m</div>[39m
          [36m<form[39m
            [33mclass[39m=[32m"_form_41223b"[39m
          [36m>[39m
            [36m<div[39m
              [33mclass[39m=[32m"_nameRow_41223b"[39m
            [36m>[39m
              [36m<div[39m
                [33mclass[39m=[32m"_formGroup_41223b"[39m
              [36m>[39m
                [36m<label[39m
                  [33mclass[39m=[32m"_label_41223b"[39m
                  [33mfor[39m=[32m"firstName"[39m
                [36m>[39m
                  [0mFirst Name[0m
                [36m</label>[39m
                [36m<input[39m
                  [33mclass[39m=[32m"_input_41223b"[39m
                  [33mid[39m=[32m"firstName"[39m
                  [33mrequired[39m=[32m""[39m
                  [33mtype[39m=[32m"text"[39m
                  [33mvalue[39m=[32m""[39m
                [36m/>[39m
              [36m</div>[39m
              [36m<div[39m
                [33mclass[39m=[32m"_formGroup_41223b"[39m
              [36m>[39m
                [36m<label[39m
                  [33mclass[39m=[32m"_label_41223b"[39m
                  [33mfor[39m=[32m"lastName"[39m
                [36m>[39m
                  [0mLast Name[0m
                [36m</label>[39m
                [36m<input[39m
                  [33mclass[39m=[32m"_input_41223b"[39m
                  [33mid[39m=[32m"lastName"[39m
                  [33mrequired[39m=[32m""[39m
                  [33mtype[39m=[32m"text"[39m
                  [33mvalue[39m=[32m""[39m
                [36m/>[39m
              [36m</div>[39m
            [36m</div>[39m
            [36m<div[39m
              [33mclass[39m=[32m"_formGroup_41223b"[39m
            [36m>[39m
              [36m<label[39m
                [33mclass[39m=[32m"_label_41223b"[39m
                [33mfor[39m=[32m"email"[39m
              [36m>[39m
                [0mEmail[0m
              [36m</label>[39m
              [36m<input[39m
                [33mclass[39m=[32m"_input_41223b"[39m
                [33mid[39m=[32m"email"[39m
                [33mrequired[39m=[32m""[39m
                [33mtype[39m=[32m"email"[39m
                [33mvalue[39m=[32m"test@example.com"[39m
              [36m/>[39m
            [36m</div>[39m
            [36m<div[39m
              [33mclass[39m=[32m"_formGroup_41223b"[39m
            [36m>[39m
              [36m<label[39m
                [33mclass[39m=[32m"_label_41223b"[39m
                [33mfor[39m=[32m"companyName"[39m
              [36m>[39m
                [0mCompany Name[0m
              [36m</label>[39m
              [36m<input[39m
                [33mclass[39m=[32m"_input_41223b"[39m
                [33mid[39m=[32m"companyName"[39m
                [33mrequired[39m=[32m""[39m
                [33mtype[39m=[32m"text"[39m
                [33mvalue[39m=[32m""[39m
              [36m/>[39m
            [36m</div>[39m
            [36m<div[39m
              [33mclass[39m=[32m"_formGroup_41223b"[39m
            [36m>[39m
              [36m<label[39m
                [33mclass[39m=[32m"_label_41223b"[39m
                [33mfor[39m=[32m"password"[39m
              [36m>[39m
                [0mPassword[0m
              [36m</label>[39m
              [36m<div[39m
                [33mclass[39m=[32m"_passwordGroup_41223b"[39m
              [36m>[39m
                [36m<input[39m
                  [33mclass[39m=[32m"_passwordInput_41223b"[39m
                  [33mid[39m=[32m"password"[39m
                  [33mrequired[39m=[32m""[39m
                  [33mtype[39m=[32m"password"[39m
                  [33mvalue[39m=[32m"password123"[39m
                [36m/>[39m
                [36m<button[39m
                  [33maria-label[39m=[32m"Show password"[39m
                  [33mclass[39m=[32m"_togglePassword_41223b "[39m
                  [33mtype[39m=[32m"button"[39m
                [36m>[39m
                  [0m👁️‍🗨️[0m
                [36m</button>[39m
              [36m</div>[39m
              [36m<p[39m
                [33mclass[39m=[32m"_passwordHint_41223b"[39m
              [36m>[39m
                [0mMust be 8+ characters with uppercase, lowercase, number, and special character (!@#$%^&*)[0m
              [36m</p>[39m
            [36m</div>[39m
            [36m<div[39m
              [33mclass[39m=[32m"_formGroup_41223b"[39m
            [36m>[39m
              [36m<label[39m
                [33mclass[39m=[32m"_label_41223b"[39m
                [33mfor[39m=[32m"confirmPassword"[39m
              [36m>[39m
                [0mConfirm Password[0m
              [36m</label>[39m
              [36m<div[39m
                [33mclass[39m=[32m"_passwordGroup_41223b"[39m
              [36m>[39m
                [36m<input[39m
                  [33mclass[39m=[32m"_passwordInput_41223b"[39m
                  [33mid[39m=[32m"confirmPassword"[39m
                  [33mrequired[39m=[32m""[39m
                  [33mtype[39m=[32m"password"[39m
                  [33mvalue[39m=[32m"password123"[39m
                [36m/>[39m
                [36m<button[39m
                  [33maria-label[39m=[32m"Show password"[39m
                  [33mclass[39m=[32m"_togglePassword_41223b "[39m
                  [33mtype[39m=[32m"button"[39m
                [36m>[39m
                  [0m👁️‍🗨️[0m
                [36m</button>[39m
              [36m</div>[39m
            [36m</div>[39m
            [36m<button[39m
              [33mclass[39m=[32m"_submitButton_41223b"[39m
              [33mtype[39m=[32m"submit"[39m
            [36m>[39m
...
 ❯ Proxy.waitForWrapper node_modules/@testing-library/react/node_modules/@testing-library/dom/dist/wait-for.js:163:27
 ❯ src/pages/auth/Signup.test.tsx:227:13
    225|       await user.click(screen.getByRole('button', { name: /continue/i …
    226|
    227|       await waitFor(() => {
       |             ^
    228|         expect(screen.getByText(/choose a charity to support/i)).toBeI…
    229|       });

⎯⎯⎯⎯⎯⎯⎯⎯⎯⎯⎯⎯⎯⎯⎯⎯⎯⎯⎯⎯[307/824]⎯

 FAIL  src/pages/auth/Signup.test.tsx > Signup Page with Charity Selection > account creation > should save user data to localStorage on signup
TestingLibraryElementError: Unable to find an element with the text: Test Charity 1. This could be because the text is broken up by multiple elements. In this case, you can provide a function for your text matcher to make your matcher more flexible.

Ignored nodes: comments, script, style
[36m<body>[39m
  [36m<div>[39m
    [36m<div[39m
      [33mclass[39m=[32m"_container_41223b"[39m
    [36m>[39m
      [36m<div[39m
        [33mclass[39m=[32m"_card_41223b"[39m
      [36m>[39m
        [36m<div[39m
          [33mclass[39m=[32m"_logoContainer_41223b"[39m
        [36m>[39m
          [36m<img[39m
            [33malt[39m=[32m"Audacious Money"[39m
            [33mclass[39m=[32m"_logo_41223b"[39m
            [33msrc[39m=[32m"/assets/audacious-logo.png"[39m
          [36m/>[39m
        [36m</div>[39m
        [36m<div[39m
          [33mclass[39m=[32m"_header_41223b"[39m
        [36m>[39m
          [36m<h1[39m
            [33mclass[39m=[32m"_title_41223b"[39m
          [36m>[39m
            [0mCreate Your Account[0m
          [36m</h1>[39m
          [36m<p[39m
            [33mclass[39m=[32m"_subtitle_41223b"[39m
          [36m>[39m
            [0mStart your journey with Audacious Money[0m
          [36m</p>[39m
        [36m</div>[39m
        [36m<form[39m
          [33mclass[39m=[32m"_form_41223b"[39m
        [36m>[39m
          [36m<div[39m
            [33mclass[39m=[32m"_nameRow_41223b"[39m
          [36m>[39m
            [36m<div[39m
              [33mclass[39m=[32m"_formGroup_41223b"[39m
            [36m>[39m
              [36m<label[39m
                [33mclass[39m=[32m"_label_41223b"[39m
                [33mfor[39m=[32m"firstName"[39m
              [36m>[39m
                [0mFirst Name[0m
              [36m</label>[39m
              [36m<input[39m
                [33mclass[39m=[32m"_input_41223b"[39m
                [33mid[39m=[32m"firstName"[39m
                [33mrequired[39m=[32m""[39m
                [33mtype[39m=[32m"text"[39m
                [33mvalue[39m=[32m""[39m
              [36m/>[39m
            [36m</div>[39m
            [36m<div[39m
              [33mclass[39m=[32m"_formGroup_41223b"[39m
            [36m>[39m
              [36m<label[39m
                [33mclass[39m=[32m"_label_41223b"[39m
                [33mfor[39m=[32m"lastName"[39m
              [36m>[39m
                [0mLast Name[0m
              [36m</label>[39m
              [36m<input[39m
                [33mclass[39m=[32m"_input_41223b"[39m
                [33mid[39m=[32m"lastName"[39m
                [33mrequired[39m=[32m""[39m
                [33mtype[39m=[32m"text"[39m
                [33mvalue[39m=[32m""[39m
              [36m/>[39m
            [36m</div>[39m
          [36m</div>[39m
          [36m<div[39m
            [33mclass[39m=[32m"_formGroup_41223b"[39m
          [36m>[39m
            [36m<label[39m
              [33mclass[39m=[32m"_label_41223b"[39m
              [33mfor[39m=[32m"email"[39m
            [36m>[39m
              [0mEmail[0m
            [36m</label>[39m
            [36m<input[39m
              [33mclass[39m=[32m"_input_41223b"[39m
              [33mid[39m=[32m"email"[39m
              [33mrequired[39m=[32m""[39m
              [33mtype[39m=[32m"email"[39m
              [33mvalue[39m=[32m"test@example.com"[39m
            [36m/>[39m
          [36m</div>[39m
          [36m<div[39m
            [33mclass[39m=[32m"_formGroup_41223b"[39m
          [36m>[39m
            [36m<label[39m
              [33mclass[39m=[32m"_label_41223b"[39m
              [33mfor[39m=[32m"companyName"[39m
            [36m>[39m
              [0mCompany Name[0m
            [36m</label>[39m
            [36m<input[39m
              [33mclass[39m=[32m"_input_41223b"[39m
              [33mid[39m=[32m"companyName"[39m
              [33mrequired[39m=[32m""[39m
              [33mtype[39m=[32m"text"[39m
              [33mvalue[39m=[32m""[39m
            [36m/>[39m
          [36m</div>[39m
          [36m<div[39m
            [33mclass[39m=[32m"_formGroup_41223b"[39m
          [36m>[39m
            [36m<label[39m
              [33mclass[39m=[32m"_label_41223b"[39m
              [33mfor[39m=[32m"password"[39m
            [36m>[39m
              [0mPassword[0m
            [36m</label>[39m
            [36m<div[39m
              [33mclass[39m=[32m"_passwordGroup_41223b"[39m
            [36m>[39m
              [36m<input[39m
                [33mclass[39m=[32m"_passwordInput_41223b"[39m
                [33mid[39m=[32m"password"[39m
                [33mrequired[39m=[32m""[39m
                [33mtype[39m=[32m"password"[39m
                [33mvalue[39m=[32m"password123"[39m
              [36m/>[39m
              [36m<button[39m
                [33maria-label[39m=[32m"Show password"[39m
                [33mclass[39m=[32m"_togglePassword_41223b "[39m
                [33mtype[39m=[32m"button"[39m
              [36m>[39m
                [0m👁️‍🗨️[0m
              [36m</button>[39m
            [36m</div>[39m
            [36m<p[39m
              [33mclass[39m=[32m"_passwordHint_41223b"[39m
            [36m>[39m
              [0mMust be 8+ characters with uppercase, lowercase, number, and special character (!@#$%^&*)[0m
            [36m</p>[39m
          [36m</div>[39m
          [36m<div[39m
            [33mclass[39m=[32m"_formGroup_41223b"[39m
          [36m>[39m
            [36m<label[39m
              [33mclass[39m=[32m"_label_41223b"[39m
              [33mfor[39m=[32m"confirmPassword"[39m
            [36m>[39m
              [0mConfirm Password[0m
            [36m</label>[39m
            [36m<div[39m
              [33mclass[39m=[32m"_passwordGroup_41223b"[39m
            [36m>[39m
              [36m<input[39m
                [33mclass[39m=[32m"_passwordInput_41223b"[39m
                [33mid[39m=[32m"confirmPassword"[39m
                [33mrequired[39m=[32m""[39m
                [33mtype[39m=[32m"password"[39m
                [33mvalue[39m=[32m"password123"[39m
              [36m/>[39m
              [36m<button[39m
                [33maria-label[39m=[32m"Show password"[39m
                [33mclass[39m=[32m"_togglePassword_41223b "[39m
                [33mtype[39m=[32m"button"[39m
              [36m>[39m
                [0m👁️‍🗨️[0m
              [36m</button>[39m
            [36m</div>[39m
          [36m</div>[39m
          [36m<button[39m
            [33mclass[39m=[32m"_submitButton_41223b"[39m
            [33mtype[39m=[32m"submit"[39m
          [36m>[39m
            [0mContinue[0m
          [36m</button>[39m
        [36m</form>[39m
        [36m<div[39m
          [33mclass[39m=[32m"_footer_41223b"[39m
        [36m>[39m
          [36m<span[39m
            [33mclass[39m=[32m"_footerText_41223b"[39m
          [36m>[39m
            [0mAlready have an account?[0m
            [0m [0m
          [36m</span>[39m
          [36m<a[39m
            [33mclass[39m=[32m"_footerLink_41223b"[39m
            [33mhref[39m=[32m"/login"[39m
          [36m>[39m
            [0mSign in[0m
          [36m</a>[39m
        [36m</div>[39m
      [36m</div>[39m
    [36m</div>[39m
  [36m</div>[39m
[36m</body>[39m

Ignored nodes: comments, script, style
[36m<html>[39m
  [36m<head />[39m
  [36m<body>[39m
    [36m<div>[39m
      [36m<div[39m
        [33mclass[39m=[32m"_container_41223b"[39m
      [36m>[39m
        [36m<div[39m
          [33mclass[39m=[32m"_card_41223b"[39m
        [36m>[39m
          [36m<div[39m
            [33mclass[39m=[32m"_logoContainer_41223b"[39m
          [36m>[39m
            [36m<img[39m
              [33malt[39m=[32m"Audacious Money"[39m
              [33mclass[39m=[32m"_logo_41223b"[39m
              [33msrc[39m=[32m"/assets/audacious-logo.png"[39m
            [36m/>[39m
          [36m</div>[39m
          [36m<div[39m
            [33mclass[39m=[32m"_header_41223b"[39m
          [36m>[39m
            [36m<h1[39m
              [33mclass[39m=[32m"_title_41223b"[39m
            [36m>[39m
              [0mCreate Your Account[0m
            [36m</h1>[39m
            [36m<p[39m
              [33mclass[39m=[32m"_subtitle_41223b"[39m
            [36m>[39m
              [0mStart your journey with Audacious Money[0m
            [36m</p>[39m
          [36m</div>[39m
          [36m<form[39m
            [33mclass[39m=[32m"_form_41223b"[39m
          [36m>[39m
            [36m<div[39m
              [33mclass[39m=[32m"_nameRow_41223b"[39m
            [36m>[39m
              [36m<div[39m
                [33mclass[39m=[32m"_formGroup_41223b"[39m
              [36m>[39m
                [36m<label[39m
                  [33mclass[39m=[32m"_label_41223b"[39m
                  [33mfor[39m=[32m"firstName"[39m
                [36m>[39m
                  [0mFirst Name[0m
                [36m</label>[39m
                [36m<input[39m
                  [33mclass[39m=[32m"_input_41223b"[39m
                  [33mid[39m=[32m"firstName"[39m
                  [33mrequired[39m=[32m""[39m
                  [33mtype[39m=[32m"text"[39m
                  [33mvalue[39m=[32m""[39m
                [36m/>[39m
              [36m</div>[39m
              [36m<div[39m
                [33mclass[39m=[32m"_formGroup_41223b"[39m
              [36m>[39m
                [36m<label[39m
                  [33mclass[39m=[32m"_label_41223b"[39m
                  [33mfor[39m=[32m"lastName"[39m
                [36m>[39m
                  [0mLast Name[0m
                [36m</label>[39m
                [36m<input[39m
                  [33mclass[39m=[32m"_input_41223b"[39m
                  [33mid[39m=[32m"lastName"[39m
                  [33mrequired[39m=[32m""[39m
                  [33mtype[39m=[32m"text"[39m
                  [33mvalue[39m=[32m""[39m
                [36m/>[39m
              [36m</div>[39m
            [36m</div>[39m
            [36m<div[39m
              [33mclass[39m=[32m"_formGroup_41223b"[39m
            [36m>[39m
              [36m<label[39m
                [33mclass[39m=[32m"_label_41223b"[39m
                [33mfor[39m=[32m"email"[39m
              [36m>[39m
                [0mEmail[0m
              [36m</label>[39m
              [36m<input[39m
                [33mclass[39m=[32m"_input_41223b"[39m
                [33mid[39m=[32m"email"[39m
                [33mrequired[39m=[32m""[39m
                [33mtype[39m=[32m"email"[39m
                [33mvalue[39m=[32m"test@example.com"[39m
              [36m/>[39m
            [36m</div>[39m
            [36m<div[39m
              [33mclass[39m=[32m"_formGroup_41223b"[39m
            [36m>[39m
              [36m<label[39m
                [33mclass[39m=[32m"_label_41223b"[39m
                [33mfor[39m=[32m"companyName"[39m
              [36m>[39m
                [0mCompany Name[0m
              [36m</label>[39m
              [36m<input[39m
                [33mclass[39m=[32m"_input_41223b"[39m
                [33mid[39m=[32m"companyName"[39m
                [33mrequired[39m=[32m""[39m
                [33mtype[39m=[32m"text"[39m
                [33mvalue[39m=[32m""[39m
              [36m/>[39m
            [36m</div>[39m
            [36m<div[39m
              [33mclass[39m=[32m"_formGroup_41223b"[39m
            [36m>[39m
              [36m<label[39m
                [33mclass[39m=[32m"_label_41223b"[39m
                [33mfor[39m=[32m"password"[39m
              [36m>[39m
                [0mPassword[0m
              [36m</label>[39m
              [36m<div[39m
                [33mclass[39m=[32m"_passwordGroup_41223b"[39m
              [36m>[39m
                [36m<input[39m
                  [33mclass[39m=[32m"_passwordInput_41223b"[39m
                  [33mid[39m=[32m"password"[39m
                  [33mrequired[39m=[32m""[39m
                  [33mtype[39m=[32m"password"[39m
                  [33mvalue[39m=[32m"password123"[39m
                [36m/>[39m
                [36m<button[39m
                  [33maria-label[39m=[32m"Show password"[39m
                  [33mclass[39m=[32m"_togglePassword_41223b "[39m
                  [33mtype[39m=[32m"button"[39m
                [36m>[39m
                  [0m👁️‍🗨️[0m
                [36m</button>[39m
              [36m</div>[39m
              [36m<p[39m
                [33mclass[39m=[32m"_passwordHint_41223b"[39m
              [36m>[39m
                [0mMust be 8+ characters with uppercase, lowercase, number, and special character (!@#$%^&*)[0m
              [36m</p>[39m
            [36m</div>[39m
            [36m<div[39m
              [33mclass[39m=[32m"_formGroup_41223b"[39m
            [36m>[39m
              [36m<label[39m
                [33mclass[39m=[32m"_label_41223b"[39m
                [33mfor[39m=[32m"confirmPassword"[39m
              [36m>[39m
                [0mConfirm Password[0m
              [36m</label>[39m
              [36m<div[39m
                [33mclass[39m=[32m"_passwordGroup_41223b"[39m
              [36m>[39m
                [36m<input[39m
                  [33mclass[39m=[32m"_passwordInput_41223b"[39m
                  [33mid[39m=[32m"confirmPassword"[39m
                  [33mrequired[39m=[32m""[39m
                  [33mtype[39m=[32m"password"[39m
                  [33mvalue[39m=[32m"password123"[39m
                [36m/>[39m
                [36m<button[39m
                  [33maria-label[39m=[32m"Show password"[39m
                  [33mclass[39m=[32m"_togglePassword_41223b "[39m
                  [33mtype[39m=[32m"button"[39m
                [36m>[39m
                  [0m👁️‍🗨️[0m
                [36m</button>[39m
              [36m</div>[39m
            [36m</div>[39m
            [36m<button[39m
              [33mclass[39m=[32m"_submitButton_41223b"[39m
              [33mtype[39m=[32m"submit"[39m
            [36m>[39m
...
 ❯ Proxy.waitForWrapper node_modules/@testing-library/react/node_modules/@testing-library/dom/dist/wait-for.js:163:27
 ❯ completeSignup src/pages/auth/Signup.test.tsx:247:13
    245|       await user.click(screen.getByRole('button', { name: /continue/i …
    246|
    247|       await waitFor(() => {
       |             ^
    248|         expect(screen.getByText('Test Charity 1')).toBeInTheDocument();
    249|       });
 ❯ src/pages/auth/Signup.test.tsx:268:7

⎯⎯⎯⎯⎯⎯⎯⎯⎯⎯⎯⎯⎯⎯⎯⎯⎯⎯⎯⎯[308/824]⎯

 FAIL  src/pages/auth/Signup.test.tsx > Signup Page with Charity Selection > account creation > should navigate to onboarding after signup
TestingLibraryElementError: Unable to find an element with the text: Test Charity 1. This could be because the text is broken up by multiple elements. In this case, you can provide a function for your text matcher to make your matcher more flexible.

Ignored nodes: comments, script, style
[36m<body>[39m
  [36m<div>[39m
    [36m<div[39m
      [33mclass[39m=[32m"_container_41223b"[39m
    [36m>[39m
      [36m<div[39m
        [33mclass[39m=[32m"_card_41223b"[39m
      [36m>[39m
        [36m<div[39m
          [33mclass[39m=[32m"_logoContainer_41223b"[39m
        [36m>[39m
          [36m<img[39m
            [33malt[39m=[32m"Audacious Money"[39m
            [33mclass[39m=[32m"_logo_41223b"[39m
            [33msrc[39m=[32m"/assets/audacious-logo.png"[39m
          [36m/>[39m
        [36m</div>[39m
        [36m<div[39m
          [33mclass[39m=[32m"_header_41223b"[39m
        [36m>[39m
          [36m<h1[39m
            [33mclass[39m=[32m"_title_41223b"[39m
          [36m>[39m
            [0mCreate Your Account[0m
          [36m</h1>[39m
          [36m<p[39m
            [33mclass[39m=[32m"_subtitle_41223b"[39m
          [36m>[39m
            [0mStart your journey with Audacious Money[0m
          [36m</p>[39m
        [36m</div>[39m
        [36m<form[39m
          [33mclass[39m=[32m"_form_41223b"[39m
        [36m>[39m
          [36m<div[39m
            [33mclass[39m=[32m"_nameRow_41223b"[39m
          [36m>[39m
            [36m<div[39m
              [33mclass[39m=[32m"_formGroup_41223b"[39m
            [36m>[39m
              [36m<label[39m
                [33mclass[39m=[32m"_label_41223b"[39m
                [33mfor[39m=[32m"firstName"[39m
              [36m>[39m
                [0mFirst Name[0m
              [36m</label>[39m
              [36m<input[39m
                [33mclass[39m=[32m"_input_41223b"[39m
                [33mid[39m=[32m"firstName"[39m
                [33mrequired[39m=[32m""[39m
                [33mtype[39m=[32m"text"[39m
                [33mvalue[39m=[32m""[39m
              [36m/>[39m
            [36m</div>[39m
            [36m<div[39m
              [33mclass[39m=[32m"_formGroup_41223b"[39m
            [36m>[39m
              [36m<label[39m
                [33mclass[39m=[32m"_label_41223b"[39m
                [33mfor[39m=[32m"lastName"[39m
              [36m>[39m
                [0mLast Name[0m
              [36m</label>[39m
              [36m<input[39m
                [33mclass[39m=[32m"_input_41223b"[39m
                [33mid[39m=[32m"lastName"[39m
                [33mrequired[39m=[32m""[39m
                [33mtype[39m=[32m"text"[39m
                [33mvalue[39m=[32m""[39m
              [36m/>[39m
            [36m</div>[39m
          [36m</div>[39m
          [36m<div[39m
            [33mclass[39m=[32m"_formGroup_41223b"[39m
          [36m>[39m
            [36m<label[39m
              [33mclass[39m=[32m"_label_41223b"[39m
              [33mfor[39m=[32m"email"[39m
            [36m>[39m
              [0mEmail[0m
            [36m</label>[39m
            [36m<input[39m
              [33mclass[39m=[32m"_input_41223b"[39m
              [33mid[39m=[32m"email"[39m
              [33mrequired[39m=[32m""[39m
              [33mtype[39m=[32m"email"[39m
              [33mvalue[39m=[32m"test@example.com"[39m
            [36m/>[39m
          [36m</div>[39m
          [36m<div[39m
            [33mclass[39m=[32m"_formGroup_41223b"[39m
          [36m>[39m
            [36m<label[39m
              [33mclass[39m=[32m"_label_41223b"[39m
              [33mfor[39m=[32m"companyName"[39m
            [36m>[39m
              [0mCompany Name[0m
            [36m</label>[39m
            [36m<input[39m
              [33mclass[39m=[32m"_input_41223b"[39m
              [33mid[39m=[32m"companyName"[39m
              [33mrequired[39m=[32m""[39m
              [33mtype[39m=[32m"text"[39m
              [33mvalue[39m=[32m""[39m
            [36m/>[39m
          [36m</div>[39m
          [36m<div[39m
            [33mclass[39m=[32m"_formGroup_41223b"[39m
          [36m>[39m
            [36m<label[39m
              [33mclass[39m=[32m"_label_41223b"[39m
              [33mfor[39m=[32m"password"[39m
            [36m>[39m
              [0mPassword[0m
            [36m</label>[39m
            [36m<div[39m
              [33mclass[39m=[32m"_passwordGroup_41223b"[39m
            [36m>[39m
              [36m<input[39m
                [33mclass[39m=[32m"_passwordInput_41223b"[39m
                [33mid[39m=[32m"password"[39m
                [33mrequired[39m=[32m""[39m
                [33mtype[39m=[32m"password"[39m
                [33mvalue[39m=[32m"password123"[39m
              [36m/>[39m
              [36m<button[39m
                [33maria-label[39m=[32m"Show password"[39m
                [33mclass[39m=[32m"_togglePassword_41223b "[39m
                [33mtype[39m=[32m"button"[39m
              [36m>[39m
                [0m👁️‍🗨️[0m
              [36m</button>[39m
            [36m</div>[39m
            [36m<p[39m
              [33mclass[39m=[32m"_passwordHint_41223b"[39m
            [36m>[39m
              [0mMust be 8+ characters with uppercase, lowercase, number, and special character (!@#$%^&*)[0m
            [36m</p>[39m
          [36m</div>[39m
          [36m<div[39m
            [33mclass[39m=[32m"_formGroup_41223b"[39m
          [36m>[39m
            [36m<label[39m
              [33mclass[39m=[32m"_label_41223b"[39m
              [33mfor[39m=[32m"confirmPassword"[39m
            [36m>[39m
              [0mConfirm Password[0m
            [36m</label>[39m
            [36m<div[39m
              [33mclass[39m=[32m"_passwordGroup_41223b"[39m
            [36m>[39m
              [36m<input[39m
                [33mclass[39m=[32m"_passwordInput_41223b"[39m
                [33mid[39m=[32m"confirmPassword"[39m
                [33mrequired[39m=[32m""[39m
                [33mtype[39m=[32m"password"[39m
                [33mvalue[39m=[32m"password123"[39m
              [36m/>[39m
              [36m<button[39m
                [33maria-label[39m=[32m"Show password"[39m
                [33mclass[39m=[32m"_togglePassword_41223b "[39m
                [33mtype[39m=[32m"button"[39m
              [36m>[39m
                [0m👁️‍🗨️[0m
              [36m</button>[39m
            [36m</div>[39m
          [36m</div>[39m
          [36m<button[39m
            [33mclass[39m=[32m"_submitButton_41223b"[39m
            [33mtype[39m=[32m"submit"[39m
          [36m>[39m
            [0mContinue[0m
          [36m</button>[39m
        [36m</form>[39m
        [36m<div[39m
          [33mclass[39m=[32m"_footer_41223b"[39m
        [36m>[39m
          [36m<span[39m
            [33mclass[39m=[32m"_footerText_41223b"[39m
          [36m>[39m
            [0mAlready have an account?[0m
            [0m [0m
          [36m</span>[39m
          [36m<a[39m
            [33mclass[39m=[32m"_footerLink_41223b"[39m
            [33mhref[39m=[32m"/login"[39m
          [36m>[39m
            [0mSign in[0m
          [36m</a>[39m
        [36m</div>[39m
      [36m</div>[39m
    [36m</div>[39m
  [36m</div>[39m
[36m</body>[39m

Ignored nodes: comments, script, style
[36m<html>[39m
  [36m<head />[39m
  [36m<body>[39m
    [36m<div>[39m
      [36m<div[39m
        [33mclass[39m=[32m"_container_41223b"[39m
      [36m>[39m
        [36m<div[39m
          [33mclass[39m=[32m"_card_41223b"[39m
        [36m>[39m
          [36m<div[39m
            [33mclass[39m=[32m"_logoContainer_41223b"[39m
          [36m>[39m
            [36m<img[39m
              [33malt[39m=[32m"Audacious Money"[39m
              [33mclass[39m=[32m"_logo_41223b"[39m
              [33msrc[39m=[32m"/assets/audacious-logo.png"[39m
            [36m/>[39m
          [36m</div>[39m
          [36m<div[39m
            [33mclass[39m=[32m"_header_41223b"[39m
          [36m>[39m
            [36m<h1[39m
              [33mclass[39m=[32m"_title_41223b"[39m
            [36m>[39m
              [0mCreate Your Account[0m
            [36m</h1>[39m
            [36m<p[39m
              [33mclass[39m=[32m"_subtitle_41223b"[39m
            [36m>[39m
              [0mStart your journey with Audacious Money[0m
            [36m</p>[39m
          [36m</div>[39m
          [36m<form[39m
            [33mclass[39m=[32m"_form_41223b"[39m
          [36m>[39m
            [36m<div[39m
              [33mclass[39m=[32m"_nameRow_41223b"[39m
            [36m>[39m
              [36m<div[39m
                [33mclass[39m=[32m"_formGroup_41223b"[39m
              [36m>[39m
                [36m<label[39m
                  [33mclass[39m=[32m"_label_41223b"[39m
                  [33mfor[39m=[32m"firstName"[39m
                [36m>[39m
                  [0mFirst Name[0m
                [36m</label>[39m
                [36m<input[39m
                  [33mclass[39m=[32m"_input_41223b"[39m
                  [33mid[39m=[32m"firstName"[39m
                  [33mrequired[39m=[32m""[39m
                  [33mtype[39m=[32m"text"[39m
                  [33mvalue[39m=[32m""[39m
                [36m/>[39m
              [36m</div>[39m
              [36m<div[39m
                [33mclass[39m=[32m"_formGroup_41223b"[39m
              [36m>[39m
                [36m<label[39m
                  [33mclass[39m=[32m"_label_41223b"[39m
                  [33mfor[39m=[32m"lastName"[39m
                [36m>[39m
                  [0mLast Name[0m
                [36m</label>[39m
                [36m<input[39m
                  [33mclass[39m=[32m"_input_41223b"[39m
                  [33mid[39m=[32m"lastName"[39m
                  [33mrequired[39m=[32m""[39m
                  [33mtype[39m=[32m"text"[39m
                  [33mvalue[39m=[32m""[39m
                [36m/>[39m
              [36m</div>[39m
            [36m</div>[39m
            [36m<div[39m
              [33mclass[39m=[32m"_formGroup_41223b"[39m
            [36m>[39m
              [36m<label[39m
                [33mclass[39m=[32m"_label_41223b"[39m
                [33mfor[39m=[32m"email"[39m
              [36m>[39m
                [0mEmail[0m
              [36m</label>[39m
              [36m<input[39m
                [33mclass[39m=[32m"_input_41223b"[39m
                [33mid[39m=[32m"email"[39m
                [33mrequired[39m=[32m""[39m
                [33mtype[39m=[32m"email"[39m
                [33mvalue[39m=[32m"test@example.com"[39m
              [36m/>[39m
            [36m</div>[39m
            [36m<div[39m
              [33mclass[39m=[32m"_formGroup_41223b"[39m
            [36m>[39m
              [36m<label[39m
                [33mclass[39m=[32m"_label_41223b"[39m
                [33mfor[39m=[32m"companyName"[39m
              [36m>[39m
                [0mCompany Name[0m
              [36m</label>[39m
              [36m<input[39m
                [33mclass[39m=[32m"_input_41223b"[39m
                [33mid[39m=[32m"companyName"[39m
                [33mrequired[39m=[32m""[39m
                [33mtype[39m=[32m"text"[39m
                [33mvalue[39m=[32m""[39m
              [36m/>[39m
            [36m</div>[39m
            [36m<div[39m
              [33mclass[39m=[32m"_formGroup_41223b"[39m
            [36m>[39m
              [36m<label[39m
                [33mclass[39m=[32m"_label_41223b"[39m
                [33mfor[39m=[32m"password"[39m
              [36m>[39m
                [0mPassword[0m
              [36m</label>[39m
              [36m<div[39m
                [33mclass[39m=[32m"_passwordGroup_41223b"[39m
              [36m>[39m
                [36m<input[39m
                  [33mclass[39m=[32m"_passwordInput_41223b"[39m
                  [33mid[39m=[32m"password"[39m
                  [33mrequired[39m=[32m""[39m
                  [33mtype[39m=[32m"password"[39m
                  [33mvalue[39m=[32m"password123"[39m
                [36m/>[39m
                [36m<button[39m
                  [33maria-label[39m=[32m"Show password"[39m
                  [33mclass[39m=[32m"_togglePassword_41223b "[39m
                  [33mtype[39m=[32m"button"[39m
                [36m>[39m
                  [0m👁️‍🗨️[0m
                [36m</button>[39m
              [36m</div>[39m
              [36m<p[39m
                [33mclass[39m=[32m"_passwordHint_41223b"[39m
              [36m>[39m
                [0mMust be 8+ characters with uppercase, lowercase, number, and special character (!@#$%^&*)[0m
              [36m</p>[39m
            [36m</div>[39m
            [36m<div[39m
              [33mclass[39m=[32m"_formGroup_41223b"[39m
            [36m>[39m
              [36m<label[39m
                [33mclass[39m=[32m"_label_41223b"[39m
                [33mfor[39m=[32m"confirmPassword"[39m
              [36m>[39m
                [0mConfirm Password[0m
              [36m</label>[39m
              [36m<div[39m
                [33mclass[39m=[32m"_passwordGroup_41223b"[39m
              [36m>[39m
                [36m<input[39m
                  [33mclass[39m=[32m"_passwordInput_41223b"[39m
                  [33mid[39m=[32m"confirmPassword"[39m
                  [33mrequired[39m=[32m""[39m
                  [33mtype[39m=[32m"password"[39m
                  [33mvalue[39m=[32m"password123"[39m
                [36m/>[39m
                [36m<button[39m
                  [33maria-label[39m=[32m"Show password"[39m
                  [33mclass[39m=[32m"_togglePassword_41223b "[39m
                  [33mtype[39m=[32m"button"[39m
                [36m>[39m
                  [0m👁️‍🗨️[0m
                [36m</button>[39m
              [36m</div>[39m
            [36m</div>[39m
            [36m<button[39m
              [33mclass[39m=[32m"_submitButton_41223b"[39m
              [33mtype[39m=[32m"submit"[39m
            [36m>[39m
...
 ❯ Proxy.waitForWrapper node_modules/@testing-library/react/node_modules/@testing-library/dom/dist/wait-for.js:163:27
 ❯ completeSignup src/pages/auth/Signup.test.tsx:247:13
    245|       await user.click(screen.getByRole('button', { name: /continue/i …
    246|
    247|       await waitFor(() => {
       |             ^
    248|         expect(screen.getByText('Test Charity 1')).toBeInTheDocument();
    249|       });
 ❯ src/pages/auth/Signup.test.tsx:283:7

⎯⎯⎯⎯⎯⎯⎯⎯⎯⎯⎯⎯⎯⎯⎯⎯⎯⎯⎯⎯[309/824]⎯

 FAIL  src/pages/auth/Signup.test.tsx > Signup Page with Charity Selection > account creation > should show alert if trying to create account without selecting charity
TestingLibraryElementError: Unable to find an element with the text: /choose a charity to support/i. This could be because the text is broken up by multiple elements. In this case, you can provide a function for your text matcher to make your matcher more flexible.

Ignored nodes: comments, script, style
[36m<body>[39m
  [36m<div>[39m
    [36m<div[39m
      [33mclass[39m=[32m"_container_41223b"[39m
    [36m>[39m
      [36m<div[39m
        [33mclass[39m=[32m"_card_41223b"[39m
      [36m>[39m
        [36m<div[39m
          [33mclass[39m=[32m"_logoContainer_41223b"[39m
        [36m>[39m
          [36m<img[39m
            [33malt[39m=[32m"Audacious Money"[39m
            [33mclass[39m=[32m"_logo_41223b"[39m
            [33msrc[39m=[32m"/assets/audacious-logo.png"[39m
          [36m/>[39m
        [36m</div>[39m
        [36m<div[39m
          [33mclass[39m=[32m"_header_41223b"[39m
        [36m>[39m
          [36m<h1[39m
            [33mclass[39m=[32m"_title_41223b"[39m
          [36m>[39m
            [0mCreate Your Account[0m
          [36m</h1>[39m
          [36m<p[39m
            [33mclass[39m=[32m"_subtitle_41223b"[39m
          [36m>[39m
            [0mStart your journey with Audacious Money[0m
          [36m</p>[39m
        [36m</div>[39m
        [36m<form[39m
          [33mclass[39m=[32m"_form_41223b"[39m
        [36m>[39m
          [36m<div[39m
            [33mclass[39m=[32m"_nameRow_41223b"[39m
          [36m>[39m
            [36m<div[39m
              [33mclass[39m=[32m"_formGroup_41223b"[39m
            [36m>[39m
              [36m<label[39m
                [33mclass[39m=[32m"_label_41223b"[39m
                [33mfor[39m=[32m"firstName"[39m
              [36m>[39m
                [0mFirst Name[0m
              [36m</label>[39m
              [36m<input[39m
                [33mclass[39m=[32m"_input_41223b"[39m
                [33mid[39m=[32m"firstName"[39m
                [33mrequired[39m=[32m""[39m
                [33mtype[39m=[32m"text"[39m
                [33mvalue[39m=[32m""[39m
              [36m/>[39m
            [36m</div>[39m
            [36m<div[39m
              [33mclass[39m=[32m"_formGroup_41223b"[39m
            [36m>[39m
              [36m<label[39m
                [33mclass[39m=[32m"_label_41223b"[39m
                [33mfor[39m=[32m"lastName"[39m
              [36m>[39m
                [0mLast Name[0m
              [36m</label>[39m
              [36m<input[39m
                [33mclass[39m=[32m"_input_41223b"[39m
                [33mid[39m=[32m"lastName"[39m
                [33mrequired[39m=[32m""[39m
                [33mtype[39m=[32m"text"[39m
                [33mvalue[39m=[32m""[39m
              [36m/>[39m
            [36m</div>[39m
          [36m</div>[39m
          [36m<div[39m
            [33mclass[39m=[32m"_formGroup_41223b"[39m
          [36m>[39m
            [36m<label[39m
              [33mclass[39m=[32m"_label_41223b"[39m
              [33mfor[39m=[32m"email"[39m
            [36m>[39m
              [0mEmail[0m
            [36m</label>[39m
            [36m<input[39m
              [33mclass[39m=[32m"_input_41223b"[39m
              [33mid[39m=[32m"email"[39m
              [33mrequired[39m=[32m""[39m
              [33mtype[39m=[32m"email"[39m
              [33mvalue[39m=[32m"test@example.com"[39m
            [36m/>[39m
          [36m</div>[39m
          [36m<div[39m
            [33mclass[39m=[32m"_formGroup_41223b"[39m
          [36m>[39m
            [36m<label[39m
              [33mclass[39m=[32m"_label_41223b"[39m
              [33mfor[39m=[32m"companyName"[39m
            [36m>[39m
              [0mCompany Name[0m
            [36m</label>[39m
            [36m<input[39m
              [33mclass[39m=[32m"_input_41223b"[39m
              [33mid[39m=[32m"companyName"[39m
              [33mrequired[39m=[32m""[39m
              [33mtype[39m=[32m"text"[39m
              [33mvalue[39m=[32m""[39m
            [36m/>[39m
          [36m</div>[39m
          [36m<div[39m
            [33mclass[39m=[32m"_formGroup_41223b"[39m
          [36m>[39m
            [36m<label[39m
              [33mclass[39m=[32m"_label_41223b"[39m
              [33mfor[39m=[32m"password"[39m
            [36m>[39m
              [0mPassword[0m
            [36m</label>[39m
            [36m<div[39m
              [33mclass[39m=[32m"_passwordGroup_41223b"[39m
            [36m>[39m
              [36m<input[39m
                [33mclass[39m=[32m"_passwordInput_41223b"[39m
                [33mid[39m=[32m"password"[39m
                [33mrequired[39m=[32m""[39m
                [33mtype[39m=[32m"password"[39m
                [33mvalue[39m=[32m"password123"[39m
              [36m/>[39m
              [36m<button[39m
                [33maria-label[39m=[32m"Show password"[39m
                [33mclass[39m=[32m"_togglePassword_41223b "[39m
                [33mtype[39m=[32m"button"[39m
              [36m>[39m
                [0m👁️‍🗨️[0m
              [36m</button>[39m
            [36m</div>[39m
            [36m<p[39m
              [33mclass[39m=[32m"_passwordHint_41223b"[39m
            [36m>[39m
              [0mMust be 8+ characters with uppercase, lowercase, number, and special character (!@#$%^&*)[0m
            [36m</p>[39m
          [36m</div>[39m
          [36m<div[39m
            [33mclass[39m=[32m"_formGroup_41223b"[39m
          [36m>[39m
            [36m<label[39m
              [33mclass[39m=[32m"_label_41223b"[39m
              [33mfor[39m=[32m"confirmPassword"[39m
            [36m>[39m
              [0mConfirm Password[0m
            [36m</label>[39m
            [36m<div[39m
              [33mclass[39m=[32m"_passwordGroup_41223b"[39m
            [36m>[39m
              [36m<input[39m
                [33mclass[39m=[32m"_passwordInput_41223b"[39m
                [33mid[39m=[32m"confirmPassword"[39m
                [33mrequired[39m=[32m""[39m
                [33mtype[39m=[32m"password"[39m
                [33mvalue[39m=[32m"password123"[39m
              [36m/>[39m
              [36m<button[39m
                [33maria-label[39m=[32m"Show password"[39m
                [33mclass[39m=[32m"_togglePassword_41223b "[39m
                [33mtype[39m=[32m"button"[39m
              [36m>[39m
                [0m👁️‍🗨️[0m
              [36m</button>[39m
            [36m</div>[39m
          [36m</div>[39m
          [36m<button[39m
            [33mclass[39m=[32m"_submitButton_41223b"[39m
            [33mtype[39m=[32m"submit"[39m
          [36m>[39m
            [0mContinue[0m
          [36m</button>[39m
        [36m</form>[39m
        [36m<div[39m
          [33mclass[39m=[32m"_footer_41223b"[39m
        [36m>[39m
          [36m<span[39m
            [33mclass[39m=[32m"_footerText_41223b"[39m
          [36m>[39m
            [0mAlready have an account?[0m
            [0m [0m
          [36m</span>[39m
          [36m<a[39m
            [33mclass[39m=[32m"_footerLink_41223b"[39m
            [33mhref[39m=[32m"/login"[39m
          [36m>[39m
            [0mSign in[0m
          [36m</a>[39m
        [36m</div>[39m
      [36m</div>[39m
    [36m</div>[39m
  [36m</div>[39m
[36m</body>[39m

Ignored nodes: comments, script, style
[36m<html>[39m
  [36m<head />[39m
  [36m<body>[39m
    [36m<div>[39m
      [36m<div[39m
        [33mclass[39m=[32m"_container_41223b"[39m
      [36m>[39m
        [36m<div[39m
          [33mclass[39m=[32m"_card_41223b"[39m
        [36m>[39m
          [36m<div[39m
            [33mclass[39m=[32m"_logoContainer_41223b"[39m
          [36m>[39m
            [36m<img[39m
              [33malt[39m=[32m"Audacious Money"[39m
              [33mclass[39m=[32m"_logo_41223b"[39m
              [33msrc[39m=[32m"/assets/audacious-logo.png"[39m
            [36m/>[39m
          [36m</div>[39m
          [36m<div[39m
            [33mclass[39m=[32m"_header_41223b"[39m
          [36m>[39m
            [36m<h1[39m
              [33mclass[39m=[32m"_title_41223b"[39m
            [36m>[39m
              [0mCreate Your Account[0m
            [36m</h1>[39m
            [36m<p[39m
              [33mclass[39m=[32m"_subtitle_41223b"[39m
            [36m>[39m
              [0mStart your journey with Audacious Money[0m
            [36m</p>[39m
          [36m</div>[39m
          [36m<form[39m
            [33mclass[39m=[32m"_form_41223b"[39m
          [36m>[39m
            [36m<div[39m
              [33mclass[39m=[32m"_nameRow_41223b"[39m
            [36m>[39m
              [36m<div[39m
                [33mclass[39m=[32m"_formGroup_41223b"[39m
              [36m>[39m
                [36m<label[39m
                  [33mclass[39m=[32m"_label_41223b"[39m
                  [33mfor[39m=[32m"firstName"[39m
                [36m>[39m
                  [0mFirst Name[0m
                [36m</label>[39m
                [36m<input[39m
                  [33mclass[39m=[32m"_input_41223b"[39m
                  [33mid[39m=[32m"firstName"[39m
                  [33mrequired[39m=[32m""[39m
                  [33mtype[39m=[32m"text"[39m
                  [33mvalue[39m=[32m""[39m
                [36m/>[39m
              [36m</div>[39m
              [36m<div[39m
                [33mclass[39m=[32m"_formGroup_41223b"[39m
              [36m>[39m
                [36m<label[39m
                  [33mclass[39m=[32m"_label_41223b"[39m
                  [33mfor[39m=[32m"lastName"[39m
                [36m>[39m
                  [0mLast Name[0m
                [36m</label>[39m
                [36m<input[39m
                  [33mclass[39m=[32m"_input_41223b"[39m
                  [33mid[39m=[32m"lastName"[39m
                  [33mrequired[39m=[32m""[39m
                  [33mtype[39m=[32m"text"[39m
                  [33mvalue[39m=[32m""[39m
                [36m/>[39m
              [36m</div>[39m
            [36m</div>[39m
            [36m<div[39m
              [33mclass[39m=[32m"_formGroup_41223b"[39m
            [36m>[39m
              [36m<label[39m
                [33mclass[39m=[32m"_label_41223b"[39m
                [33mfor[39m=[32m"email"[39m
              [36m>[39m
                [0mEmail[0m
              [36m</label>[39m
              [36m<input[39m
                [33mclass[39m=[32m"_input_41223b"[39m
                [33mid[39m=[32m"email"[39m
                [33mrequired[39m=[32m""[39m
                [33mtype[39m=[32m"email"[39m
                [33mvalue[39m=[32m"test@example.com"[39m
              [36m/>[39m
            [36m</div>[39m
            [36m<div[39m
              [33mclass[39m=[32m"_formGroup_41223b"[39m
            [36m>[39m
              [36m<label[39m
                [33mclass[39m=[32m"_label_41223b"[39m
                [33mfor[39m=[32m"companyName"[39m
              [36m>[39m
                [0mCompany Name[0m
              [36m</label>[39m
              [36m<input[39m
                [33mclass[39m=[32m"_input_41223b"[39m
                [33mid[39m=[32m"companyName"[39m
                [33mrequired[39m=[32m""[39m
                [33mtype[39m=[32m"text"[39m
                [33mvalue[39m=[32m""[39m
              [36m/>[39m
            [36m</div>[39m
            [36m<div[39m
              [33mclass[39m=[32m"_formGroup_41223b"[39m
            [36m>[39m
              [36m<label[39m
                [33mclass[39m=[32m"_label_41223b"[39m
                [33mfor[39m=[32m"password"[39m
              [36m>[39m
                [0mPassword[0m
              [36m</label>[39m
              [36m<div[39m
                [33mclass[39m=[32m"_passwordGroup_41223b"[39m
              [36m>[39m
                [36m<input[39m
                  [33mclass[39m=[32m"_passwordInput_41223b"[39m
                  [33mid[39m=[32m"password"[39m
                  [33mrequired[39m=[32m""[39m
                  [33mtype[39m=[32m"password"[39m
                  [33mvalue[39m=[32m"password123"[39m
                [36m/>[39m
                [36m<button[39m
                  [33maria-label[39m=[32m"Show password"[39m
                  [33mclass[39m=[32m"_togglePassword_41223b "[39m
                  [33mtype[39m=[32m"button"[39m
                [36m>[39m
                  [0m👁️‍🗨️[0m
                [36m</button>[39m
              [36m</div>[39m
              [36m<p[39m
                [33mclass[39m=[32m"_passwordHint_41223b"[39m
              [36m>[39m
                [0mMust be 8+ characters with uppercase, lowercase, number, and special character (!@#$%^&*)[0m
              [36m</p>[39m
            [36m</div>[39m
            [36m<div[39m
              [33mclass[39m=[32m"_formGroup_41223b"[39m
            [36m>[39m
              [36m<label[39m
                [33mclass[39m=[32m"_label_41223b"[39m
                [33mfor[39m=[32m"confirmPassword"[39m
              [36m>[39m
                [0mConfirm Password[0m
              [36m</label>[39m
              [36m<div[39m
                [33mclass[39m=[32m"_passwordGroup_41223b"[39m
              [36m>[39m
                [36m<input[39m
                  [33mclass[39m=[32m"_passwordInput_41223b"[39m
                  [33mid[39m=[32m"confirmPassword"[39m
                  [33mrequired[39m=[32m""[39m
                  [33mtype[39m=[32m"password"[39m
                  [33mvalue[39m=[32m"password123"[39m
                [36m/>[39m
                [36m<button[39m
                  [33maria-label[39m=[32m"Show password"[39m
                  [33mclass[39m=[32m"_togglePassword_41223b "[39m
                  [33mtype[39m=[32m"button"[39m
                [36m>[39m
                  [0m👁️‍🗨️[0m
                [36m</button>[39m
              [36m</div>[39m
            [36m</div>[39m
            [36m<button[39m
              [33mclass[39m=[32m"_submitButton_41223b"[39m
              [33mtype[39m=[32m"submit"[39m
            [36m>[39m
...
 ❯ Proxy.waitForWrapper node_modules/@testing-library/react/node_modules/@testing-library/dom/dist/wait-for.js:163:27
 ❯ src/pages/auth/Signup.test.tsx:301:13
    299|       await user.click(screen.getByRole('button', { name: /continue/i …
    300|
    301|       await waitFor(() => {
       |             ^
    302|         expect(screen.getByText(/choose a charity to support/i)).toBeI…
    303|       });

⎯⎯⎯⎯⎯⎯⎯⎯⎯⎯⎯⎯⎯⎯⎯⎯⎯⎯⎯⎯[310/824]⎯

 FAIL  src/pages/cpg/CPUTracker.integration.test.tsx > CPUTracker Integration Tests > Tab Navigation > renders all three main tabs
 FAIL  src/pages/cpg/CPUTracker.integration.test.tsx > CPUTracker Integration Tests > Tab Navigation > switches between tabs without errors
 FAIL  src/pages/cpg/CPUTracker.integration.test.tsx > CPUTracker Integration Tests > Tab Navigation > maintains active tab state when switching
 FAIL  src/pages/cpg/CPUTracker.integration.test.tsx > CPUTracker Integration Tests > Products Tab Integration > renders ProductsTab component correctly
 FAIL  src/pages/cpg/CPUTracker.integration.test.tsx > CPUTracker Integration Tests > Products Tab Integration > passes correct props to ProductsTab
 FAIL  src/pages/cpg/CPUTracker.integration.test.tsx > CPUTracker Integration Tests > Raw Materials Tab Integration > renders RawMaterialsTab component correctly
 FAIL  src/pages/cpg/CPUTracker.integration.test.tsx > CPUTracker Integration Tests > Raw Materials Tab Integration > passes callback functions to RawMaterialsTab
 FAIL  src/pages/cpg/CPUTracker.integration.test.tsx > CPUTracker Integration Tests > Cost Intelligence Tab Integration > renders CostIntelligenceTab component correctly
 FAIL  src/pages/cpg/CPUTracker.integration.test.tsx > CPUTracker Integration Tests > Cost Intelligence Tab Integration > renders all four Cost Intelligence sub-tabs
 FAIL  src/pages/cpg/CPUTracker.integration.test.tsx > CPUTracker Integration Tests > Cost Intelligence Tab Integration > switches between Cost Intelligence sub-tabs
 FAIL  src/pages/cpg/CPUTracker.integration.test.tsx > CPUTracker Integration Tests > Data Flow and Event Handling > listens for cpg-data-updated events
 FAIL  src/pages/cpg/CPUTracker.integration.test.tsx > CPUTracker Integration Tests > Data Flow and Event Handling > refreshes data when cpg-invoice-added event fires
 FAIL  src/pages/cpg/CPUTracker.integration.test.tsx > CPUTracker Integration Tests > Data Flow and Event Handling > refreshes data when cpg-category-added event fires
 FAIL  src/pages/cpg/CPUTracker.integration.test.tsx > CPUTracker Integration Tests > Modal Integration > can open modals from Raw Materials tab
 FAIL  src/pages/cpg/CPUTracker.integration.test.tsx > CPUTracker Integration Tests > Modal Integration > can open modals from Cost Intelligence tab
 FAIL  src/pages/cpg/CPUTracker.integration.test.tsx > CPUTracker Integration Tests > Accessibility > has proper ARIA roles and labels on all tabs
 FAIL  src/pages/cpg/CPUTracker.integration.test.tsx > CPUTracker Integration Tests > Accessibility > maintains keyboard navigation between tabs
 FAIL  src/pages/cpg/CPUTracker.integration.test.tsx > CPUTracker Integration Tests > Performance > does not cause memory leaks when switching tabs repeatedly
 FAIL  src/pages/cpg/CPUTracker.integration.test.tsx > CPUTracker Integration Tests > Refactoring Verification > maintains all original functionality after extraction
 FAIL  src/pages/cpg/CPUTracker.integration.test.tsx > CPUTracker Integration Tests > Refactoring Verification > preserves all tab-specific features after extraction
Error: useLocation() may be used only in the context of a <Router> component.
 ❯ Object.invariant [as UNSAFE_invariant] node_modules/@remix-run/router/history.ts:494:10
 ❯ invariant node_modules/react-router/lib/hooks.tsx:105:2
 ❯ useLocation node_modules/react-router-dom/index.tsx:1494:17
 ❯ CPUTracker src/pages/cpg/CPUTracker.tsx:49:43
     47| export default function CPUTracker() {
     48|   const { companyId } = useAuth();
     49|   const [searchParams, setSearchParams] = useSearchParams();
       |                                           ^
     50|   const navigate = useNavigate();
     51|
 ❯ renderWithHooks node_modules/react-dom/cjs/react-dom.development.js:15486:18
 ❯ mountIndeterminateComponent node_modules/react-dom/cjs/react-dom.development.js:20103:13
 ❯ beginWork node_modules/react-dom/cjs/react-dom.development.js:21626:16
 ❯ beginWork$1 node_modules/react-dom/cjs/react-dom.development.js:27465:14
 ❯ performUnitOfWork node_modules/react-dom/cjs/react-dom.development.js:26599:12
 ❯ workLoopSync node_modules/react-dom/cjs/react-dom.development.js:26505:5

⎯⎯⎯⎯⎯⎯⎯⎯⎯⎯⎯⎯⎯⎯⎯⎯⎯⎯⎯⎯[311/824]⎯

 FAIL  src/services/admin/GDPRService.test.ts > GDPRService > processGDPRErasureRequest > should delete eligible records
AssertionError: expected false to be true // Object.is equality

- Expected
+ Received

- true
+ false

 ❯ src/services/admin/GDPRService.test.ts:223:30
    221|       const result = await processGDPRErasureRequest(request)
    222|
    223|       expect(result.success).toBe(true)
       |                              ^
    224|       expect(result.recordsDeleted).toBeGreaterThan(0)
    225|       expect(RetentionService.purgeRecord).toHaveBeenCalled()

⎯⎯⎯⎯⎯⎯⎯⎯⎯⎯⎯⎯⎯⎯⎯⎯⎯⎯⎯⎯[312/824]⎯

 FAIL  src/services/admin/GDPRService.test.ts > GDPRService > processGDPRErasureRequest > should anonymize protected records when requested
AssertionError: expected false to be true // Object.is equality

- Expected
+ Received

- true
+ false

 ❯ src/services/admin/GDPRService.test.ts:263:30
    261|       const result = await processGDPRErasureRequest(request)
    262|
    263|       expect(result.success).toBe(true)
       |                              ^
    264|       expect(result.recordsProtected).toBeGreaterThan(0)
    265|       expect(result.warnings?.some((w) => w.includes('7-year retention…

⎯⎯⎯⎯⎯⎯⎯⎯⎯⎯⎯⎯⎯⎯⎯⎯⎯⎯⎯⎯[313/824]⎯

 FAIL  src/services/admin/GDPRService.test.ts > GDPRService > processGDPRErasureRequest > should create audit log for erasure request
AssertionError: expected "vi.fn()" to be called with arguments: [ ObjectContaining{…} ]

Number of calls: 0

 ❯ src/services/admin/GDPRService.test.ts:279:62
    277|       await processGDPRErasureRequest(request)
    278|
    279|       expect(UserRevocationService.createRevocationAuditLog).toHaveBee…
       |                                                              ^
    280|         expect.objectContaining({
    281|           companyId: 'company-1',

⎯⎯⎯⎯⎯⎯⎯⎯⎯⎯⎯⎯⎯⎯⎯⎯⎯⎯⎯⎯[314/824]⎯

 FAIL  src/services/admin/HistoricalExport.test.ts > HistoricalExport > generateHistoricalExport > should successfully generate export for user
AssertionError: expected false to be true // Object.is equality

- Expected
+ Received

- true
+ false

 ❯ src/services/admin/HistoricalExport.test.ts:176:30
    174|       })
    175|
    176|       expect(result.success).toBe(true)
       |                              ^
    177|       expect(result.data).toBeDefined()
    178|       expect(result.json).toBeDefined()

⎯⎯⎯⎯⎯⎯⎯⎯⎯⎯⎯⎯⎯⎯⎯⎯⎯⎯⎯⎯[315/824]⎯

 FAIL  src/services/admin/HistoricalExport.test.ts > HistoricalExport > generateHistoricalExport > should include correct metadata
AssertionError: expected false to be true // Object.is equality

- Expected
+ Received

- true
+ false

 ❯ src/services/admin/HistoricalExport.test.ts:190:30
    188|       })
    189|
    190|       expect(result.success).toBe(true)
       |                              ^
    191|       expect(result.data!.metadata).toBeDefined()
    192|       expect(result.data!.metadata.userId).toBe('revoked-user')

⎯⎯⎯⎯⎯⎯⎯⎯⎯⎯⎯⎯⎯⎯⎯⎯⎯⎯⎯⎯[316/824]⎯

 FAIL  src/services/admin/HistoricalExport.test.ts > HistoricalExport > generateHistoricalExport > should include company and user data
AssertionError: expected false to be true // Object.is equality

- Expected
+ Received

- true
+ false

 ❯ src/services/admin/HistoricalExport.test.ts:207:30
    205|       })
    206|
    207|       expect(result.success).toBe(true)
       |                              ^
    208|       expect(result.data!.company).toEqual(mockCompany)
    209|       expect(result.data!.user).toEqual(mockRevokedUser)

⎯⎯⎯⎯⎯⎯⎯⎯⎯⎯⎯⎯⎯⎯⎯⎯⎯⎯⎯⎯[317/824]⎯

 FAIL  src/services/admin/HistoricalExport.test.ts > HistoricalExport > generateHistoricalExport > should filter transactions to user contributions only
AssertionError: expected false to be true // Object.is equality

- Expected
+ Received

- true
+ false

 ❯ src/services/admin/HistoricalExport.test.ts:219:30
    217|       })
    218|
    219|       expect(result.success).toBe(true)
       |                              ^
    220|       expect(result.data!.transactions.length).toBe(2) // txn-1 (creat…
    221|

⎯⎯⎯⎯⎯⎯⎯⎯⎯⎯⎯⎯⎯⎯⎯⎯⎯⎯⎯⎯[318/824]⎯

 FAIL  src/services/admin/HistoricalExport.test.ts > HistoricalExport > generateHistoricalExport > should include all accounts for context
AssertionError: expected false to be true // Object.is equality

- Expected
+ Received

- true
+ false

 ❯ src/services/admin/HistoricalExport.test.ts:234:30
    232|       })
    233|
    234|       expect(result.success).toBe(true)
       |                              ^
    235|       expect(result.data!.accounts.length).toBe(mockAccounts.length)
    236|     })

⎯⎯⎯⎯⎯⎯⎯⎯⎯⎯⎯⎯⎯⎯⎯⎯⎯⎯⎯⎯[319/824]⎯

 FAIL  src/services/admin/HistoricalExport.test.ts > HistoricalExport > generateHistoricalExport > should filter contacts to user contributions
AssertionError: expected false to be true // Object.is equality

- Expected
+ Received

- true
+ false

 ❯ src/services/admin/HistoricalExport.test.ts:245:30
    243|       })
    244|
    245|       expect(result.success).toBe(true)
       |                              ^
    246|       expect(result.data!.contacts.length).toBe(1)
    247|       expect(result.data!.contacts[0].createdBy).toBe('revoked-user')

⎯⎯⎯⎯⎯⎯⎯⎯⎯⎯⎯⎯⎯⎯⎯⎯⎯⎯⎯⎯[320/824]⎯

 FAIL  src/services/admin/HistoricalExport.test.ts > HistoricalExport > generateHistoricalExport > should include all data when includeAllData is true
AssertionError: expected false to be true // Object.is equality

- Expected
+ Received

- true
+ false

 ❯ src/services/admin/HistoricalExport.test.ts:257:30
    255|       })
    256|
    257|       expect(result.success).toBe(true)
       |                              ^
    258|       expect(result.data!.transactions.length).toBe(mockTransactions.l…
    259|       expect(result.data!.contacts.length).toBe(mockContacts.length)

⎯⎯⎯⎯⎯⎯⎯⎯⎯⎯⎯⎯⎯⎯⎯⎯⎯⎯⎯⎯[321/824]⎯

 FAIL  src/services/admin/HistoricalExport.test.ts > HistoricalExport > generateHistoricalExport > should filter by date range
AssertionError: expected false to be true // Object.is equality

- Expected
+ Received

- true
+ false

 ❯ src/services/admin/HistoricalExport.test.ts:273:30
    271|       })
    272|
    273|       expect(result.success).toBe(true)
       |                              ^
    274|       // Should only include txn-1 and txn-2 (within range)
    275|       expect(result.data!.transactions.length).toBe(2)

⎯⎯⎯⎯⎯⎯⎯⎯⎯⎯⎯⎯⎯⎯⎯⎯⎯⎯⎯⎯[322/824]⎯

 FAIL  src/services/admin/HistoricalExport.test.ts > HistoricalExport > generateHistoricalExport > should generate valid JSON string
AssertionError: expected false to be true // Object.is equality

- Expected
+ Received

- true
+ false

 ❯ src/services/admin/HistoricalExport.test.ts:289:30
    287|       })
    288|
    289|       expect(result.success).toBe(true)
       |                              ^
    290|       expect(result.json).toBeDefined()
    291|

⎯⎯⎯⎯⎯⎯⎯⎯⎯⎯⎯⎯⎯⎯⎯⎯⎯⎯⎯⎯[323/824]⎯

 FAIL  src/services/admin/HistoricalExport.test.ts > HistoricalExport > generateHistoricalExport > should generate downloadable blob
AssertionError: expected false to be true // Object.is equality

- Expected
+ Received

- true
+ false

 ❯ src/services/admin/HistoricalExport.test.ts:305:30
    303|       })
    304|
    305|       expect(result.success).toBe(true)
       |                              ^
    306|       expect(result.blob).toBeDefined()
    307|       expect(result.blob!.type).toBe('application/json')

⎯⎯⎯⎯⎯⎯⎯⎯⎯⎯⎯⎯⎯⎯⎯⎯⎯⎯⎯⎯[324/824]⎯

 FAIL  src/services/admin/HistoricalExport.test.ts > HistoricalExport > generateHistoricalExport > should generate descriptive file name
AssertionError: expected false to be true // Object.is equality

- Expected
+ Received

- true
+ false

 ❯ src/services/admin/HistoricalExport.test.ts:317:30
    315|       })
    316|
    317|       expect(result.success).toBe(true)
       |                              ^
    318|       expect(result.fileName).toBeDefined()
    319|       expect(result.fileName).toContain('graceful-books-export')

⎯⎯⎯⎯⎯⎯⎯⎯⎯⎯⎯⎯⎯⎯⎯⎯⎯⎯⎯⎯[325/824]⎯

 FAIL  src/services/admin/HistoricalExport.test.ts > HistoricalExport > generateHistoricalExport > should include record counts in metadata
AssertionError: expected false to be true // Object.is equality

- Expected
+ Received

- true
+ false

 ❯ src/services/admin/HistoricalExport.test.ts:331:30
    329|       })
    330|
    331|       expect(result.success).toBe(true)
       |                              ^
    332|       expect(result.data!.metadata.recordCounts).toBeDefined()
    333|       expect(result.data!.metadata.recordCounts.transactions).toBe(2)

⎯⎯⎯⎯⎯⎯⎯⎯⎯⎯⎯⎯⎯⎯⎯⎯⎯⎯⎯⎯[326/824]⎯

 FAIL  src/services/admin/HistoricalExport.test.ts > HistoricalExport > generateHistoricalExport > should include warning if no transactions found
AssertionError: expected false to be true // Object.is equality

- Expected
+ Received

- true
+ false

 ❯ src/services/admin/HistoricalExport.test.ts:394:30
    392|       })
    393|
    394|       expect(result.success).toBe(true)
       |                              ^
    395|       expect(result.warnings).toBeDefined()
    396|       expect(result.warnings![0]).toContain('No transactions found')

⎯⎯⎯⎯⎯⎯⎯⎯⎯⎯⎯⎯⎯⎯⎯⎯⎯⎯⎯⎯[327/824]⎯

 FAIL  src/services/admin/HistoricalExport.test.ts > HistoricalExport > validateHistoricalExport > should validate correct export data
AssertionError: expected false to be true // Object.is equality

- Expected
+ Received

- true
+ false

 ❯ src/services/admin/HistoricalExport.test.ts:409:32
    407|       const validation = validateHistoricalExport(result.data!)
    408|
    409|       expect(validation.valid).toBe(true)
       |                                ^
    410|       expect(validation.errors.length).toBe(0)
    411|     })

⎯⎯⎯⎯⎯⎯⎯⎯⎯⎯⎯⎯⎯⎯⎯⎯⎯⎯⎯⎯[328/824]⎯

 FAIL  src/services/admin/HistoricalExport.test.ts > HistoricalExport > formatExportSummary > should format export summary with all details
TypeError: Cannot read properties of undefined (reading 'metadata')
 ❯ src/services/admin/HistoricalExport.test.ts:554:56
    552|       })
    553|
    554|       const summary = formatExportSummary(result.data!.metadata)
       |                                                        ^
    555|
    556|       expect(summary).toContain('Data snapshot for Revoked User')

⎯⎯⎯⎯⎯⎯⎯⎯⎯⎯⎯⎯⎯⎯⎯⎯⎯⎯⎯⎯[329/824]⎯

 FAIL  src/services/admin/HistoricalExport.test.ts > HistoricalExport > formatExportSummary > should format summary without reason if not provided
TypeError: Cannot read properties of undefined (reading 'metadata')
 ❯ src/services/admin/HistoricalExport.test.ts:573:56
    571|       })
    572|
    573|       const summary = formatExportSummary(result.data!.metadata)
       |                                                        ^
    574|
    575|       expect(summary).not.toContain('Reason:')

⎯⎯⎯⎯⎯⎯⎯⎯⎯⎯⎯⎯⎯⎯⎯⎯⎯⎯⎯⎯[330/824]⎯

 FAIL  src/services/admin/HistoricalExport.test.ts > HistoricalExport > formatExportSummary > should show record counts
TypeError: Cannot read properties of undefined (reading 'metadata')
 ❯ src/services/admin/HistoricalExport.test.ts:586:56
    584|       })
    585|
    586|       const summary = formatExportSummary(result.data!.metadata)
       |                                                        ^
    587|
    588|       expect(summary).toContain('2 transactions') // User created 2

⎯⎯⎯⎯⎯⎯⎯⎯⎯⎯⎯⎯⎯⎯⎯⎯⎯⎯⎯⎯[331/824]⎯

 FAIL  src/services/admin/Phase6Integration.test.ts > Phase 6 Integration Tests > Complete Revocation Flow > should execute full revocation workflow
AssertionError: expected false to be true // Object.is equality

- Expected
+ Received

- true
+ false

 ❯ src/services/admin/Phase6Integration.test.ts:190:40
    188|       })
    189|
    190|       expect(revocationResult.success).toBe(true)
       |                                        ^
    191|       expect(revocationResult.newEpoch).toBe(6)
    192|

⎯⎯⎯⎯⎯⎯⎯⎯⎯⎯⎯⎯⎯⎯⎯⎯⎯⎯⎯⎯[332/824]⎯

 FAIL  src/services/admin/Phase6Integration.test.ts > Phase 6 Integration Tests > Complete Revocation Flow > should generate historical export for revoked user
AssertionError: expected false to be true // Object.is equality

- Expected
+ Received

- true
+ false

 ❯ src/services/admin/Phase6Integration.test.ts:249:36
    247|       })
    248|
    249|       expect(exportResult.success).toBe(true)
       |                                    ^
    250|       expect(exportResult.fileName).toContain('historical-export')
    251|       expect(exportResult.fileName).toContain('user-revoked')

⎯⎯⎯⎯⎯⎯⎯⎯⎯⎯⎯⎯⎯⎯⎯⎯⎯⎯⎯⎯[333/824]⎯

 FAIL  src/services/admin/Phase6Integration.test.ts > Phase 6 Integration Tests > Error Handling > should handle revocation errors gracefully
AssertionError: expected undefined to be defined
 ❯ src/services/admin/Phase6Integration.test.ts:427:28
    425|
    426|       expect(result.success).toBe(false)
    427|       expect(result.error).toBeDefined()
       |                            ^
    428|     })
    429|

⎯⎯⎯⎯⎯⎯⎯⎯⎯⎯⎯⎯⎯⎯⎯⎯⎯⎯⎯⎯[334/824]⎯

 FAIL  src/services/admin/Phase6Integration.test.ts > Phase 6 Integration Tests > Error Handling > should handle notification failures without blocking revocation
AssertionError: expected false to be true // Object.is equality

- Expected
+ Received

- true
+ false

 ❯ src/services/admin/Phase6Integration.test.ts:440:30
    438|
    439|       // Revocation itself should succeed
    440|       expect(result.success).toBe(true)
       |                              ^
    441|     })
    442|   })

⎯⎯⎯⎯⎯⎯⎯⎯⎯⎯⎯⎯⎯⎯⎯⎯⎯⎯⎯⎯[335/824]⎯

 FAIL  src/services/admin/UserRevocationService.test.ts > UserRevocationService > revokeUserAccess > should successfully revoke user access
AssertionError: expected false to be true // Object.is equality

- Expected
+ Received

- true
+ false

 ❯ src/services/admin/UserRevocationService.test.ts:123:30
    121|       })
    122|
    123|       expect(result.success).toBe(true)
       |                              ^
    124|       expect(result.userId).toBe('user-to-revoke')
    125|       expect(result.newEpoch).toBe(1)

⎯⎯⎯⎯⎯⎯⎯⎯⎯⎯⎯⎯⎯⎯⎯⎯⎯⎯⎯⎯[336/824]⎯

 FAIL  src/services/admin/UserRevocationService.test.ts > UserRevocationService > revokeUserAccess > should create audit log entry
AssertionError: expected +0 to be 1 // Object.is equality

- Expected
+ Received

- 1
+ 0

 ❯ src/services/admin/UserRevocationService.test.ts:177:32
    175|
    176|       const auditLogs = await db.auditLogs.toArray()
    177|       expect(auditLogs.length).toBe(1)
       |                                ^
    178|
    179|       const log = auditLogs[0]

⎯⎯⎯⎯⎯⎯⎯⎯⎯⎯⎯⎯⎯⎯⎯⎯⎯⎯⎯⎯[337/824]⎯

 FAIL  src/services/admin/UserRevocationService.test.ts > UserRevocationService > revokeUserAccess > should count records for re-encryption
AssertionError: expected 0 to be greater than or equal to 2
 ❯ src/services/admin/UserRevocationService.test.ts:295:41
    293|       })
    294|
    295|       expect(result.reencryptedRecords).toBeGreaterThanOrEqual(2)
       |                                         ^
    296|     })
    297|

⎯⎯⎯⎯⎯⎯⎯⎯⎯⎯⎯⎯⎯⎯⎯⎯⎯⎯⎯⎯[338/824]⎯

 FAIL  src/services/admin/UserRevocationService.test.ts > UserRevocationService > revokeUserAccess > should include revocation reason in audit log
TypeError: Cannot read properties of undefined (reading 'afterValues')
 ❯ src/services/admin/UserRevocationService.test.ts:313:42
    311|       const auditLogs = await db.auditLogs.toArray()
    312|       const log = auditLogs[0]
    313|       const afterValues = JSON.parse(log.afterValues!)
       |                                          ^
    314|       expect(afterValues.reason).toBe('Security concern')
    315|     })

⎯⎯⎯⎯⎯⎯⎯⎯⎯⎯⎯⎯⎯⎯⎯⎯⎯⎯⎯⎯[339/824]⎯

 FAIL  src/services/admin/UserRevocationService.test.ts > UserRevocationService > revokeUserAccess > should track export generation request
TypeError: Cannot read properties of undefined (reading 'afterValues')
 ❯ src/services/admin/UserRevocationService.test.ts:332:42
    330|       const auditLogs = await db.auditLogs.toArray()
    331|       const log = auditLogs[0]
    332|       const afterValues = JSON.parse(log.afterValues!)
       |                                          ^
    333|       expect(afterValues.exportGenerated).toBe(true)
    334|     })

⎯⎯⎯⎯⎯⎯⎯⎯⎯⎯⎯⎯⎯⎯⎯⎯⎯⎯⎯⎯[340/824]⎯

 FAIL  src/services/admin/UserRevocationService.test.ts > UserRevocationService > getRevocationHistory > should return all revocation events for company
AssertionError: expected +0 to be 2 // Object.is equality

- Expected
+ Received

- 2
+ 0

 ❯ src/services/admin/UserRevocationService.test.ts:420:30
    418|       const history = await getRevocationHistory('company-1')
    419|
    420|       expect(history.length).toBe(2)
       |                              ^
    421|       expect(history[0].action).toBe('USER_REVOKED')
    422|       expect(history[1].action).toBe('USER_REVOKED')

⎯⎯⎯⎯⎯⎯⎯⎯⎯⎯⎯⎯⎯⎯⎯⎯⎯⎯⎯⎯[341/824]⎯

 FAIL  src/services/admin/UserRevocationService.test.ts > UserRevocationService > getRevocationHistory > should return revocations in reverse chronological order
AssertionError: expected +0 to be 2 // Object.is equality

- Expected
+ Received

- 2
+ 0

 ❯ src/services/admin/UserRevocationService.test.ts:476:30
    474|       const history = await getRevocationHistory('company-1')
    475|
    476|       expect(history.length).toBe(2)
       |                              ^
    477|       // Most recent first
    478|       expect(history[0].entityId).toBe('another-user')

⎯⎯⎯⎯⎯⎯⎯⎯⎯⎯⎯⎯⎯⎯⎯⎯⎯⎯⎯⎯[342/824]⎯

 FAIL  src/services/admin/UserRevocationService.test.ts > UserRevocationService > getRevocationHistory > should only return USER_REVOKED events
AssertionError: expected +0 to be 1 // Object.is equality

- Expected
+ Received

- 1
+ 0

 ❯ src/services/admin/UserRevocationService.test.ts:510:30
    508|       const history = await getRevocationHistory('company-1')
    509|
    510|       expect(history.length).toBe(1)
       |                              ^
    511|       expect(history[0].action).toBe('USER_REVOKED')
    512|     })

⎯⎯⎯⎯⎯⎯⎯⎯⎯⎯⎯⎯⎯⎯⎯⎯⎯⎯⎯⎯[343/824]⎯

 FAIL  src/services/backup/AutomatedBackupTesting.test.ts > AutomatedBackupTesting > runAutomatedBackupTest > should complete all phases successfully
AssertionError: expected false to be true // Object.is equality

- Expected
+ Received

- true
+ false

 ❯ src/services/backup/AutomatedBackupTesting.test.ts:133:30
    131|       const result = await runAutomatedBackupTest(config)
    132|
    133|       expect(result.success).toBe(true)
       |                              ^
    134|       expect(result.phase).toBe('complete')
    135|       expect(result.errors).toHaveLength(0)

⎯⎯⎯⎯⎯⎯⎯⎯⎯⎯⎯⎯⎯⎯⎯⎯⎯⎯⎯⎯[344/824]⎯

 FAIL  src/services/backup/AutomatedBackupTesting.test.ts > AutomatedBackupTesting > runAutomatedBackupTest > should log results to audit trail
AssertionError: expected "vi.fn()" to be called with arguments: [ ObjectContaining{…} ]

Number of calls: 0

 ❯ src/services/backup/AutomatedBackupTesting.test.ts:193:62
    191|       await runAutomatedBackupTest(config)
    192|
    193|       expect(UserRevocationService.createRevocationAuditLog).toHaveBee…
       |                                                              ^
    194|         expect.objectContaining({
    195|           companyId: 'company-1',

⎯⎯⎯⎯⎯⎯⎯⎯⎯⎯⎯⎯⎯⎯⎯⎯⎯⎯⎯⎯[345/824]⎯

 FAIL  src/services/backup/AutomatedBackupTesting.test.ts > AutomatedBackupTesting > runAutomatedBackupTest > should handle validation failure
AssertionError: expected true to be false // Object.is equality

- Expected
+ Received

- false
+ true

 ❯ src/services/backup/AutomatedBackupTesting.test.ts:285:46
    283|
    284|       expect(result.success).toBe(false)
    285|       expect(result.validationResult?.valid).toBe(false)
       |                                              ^
    286|       expect(result.validationResult?.discrepancies).toBeDefined()
    287|     })

⎯⎯⎯⎯⎯⎯⎯⎯⎯⎯⎯⎯⎯⎯⎯⎯⎯⎯⎯⎯[346/824]⎯

 FAIL  src/services/backup/AutomatedBackupTesting.test.ts > AutomatedBackupTesting > runAutomatedBackupTest > should not notify admins on success by default
AssertionError: expected "vi.fn()" to not be called at all, but actually been called 1 times

Received:

  1st vi.fn() call:

    Array [
      Object {
        "companyId": "company-1",
        "companyName": "Test Company",
        "durationMs": 1,
        "errors": Array [
          "__vite_ssr_import_0__.db.auditLogs.add is not a function",
        ],
        "phase": "complete",
        "recordsTested": 100,
        "success": false,
        "testId": "backup-test-company-1-1777754667717",
        "testedAt": 2026-05-02T20:44:27.717Z,
      },
    ]


Number of calls: 1

 ❯ src/services/backup/AutomatedBackupTesting.test.ts:319:72
    317|       await runAutomatedBackupTest(config)
    318|
    319|       expect(BackupTestNotificationService.notifyBackupTestResult).not…
       |                                                                        ^
    320|     })
    321|

⎯⎯⎯⎯⎯⎯⎯⎯⎯⎯⎯⎯⎯⎯⎯⎯⎯⎯⎯⎯[347/824]⎯

 FAIL  src/services/backup/AutomatedBackupTesting.test.ts > AutomatedBackupTesting > runAutomatedBackupTest > should clean up test artifacts if configured
AssertionError: expected false to be true // Object.is equality

- Expected
+ Received

- true
+ false

 ❯ src/services/backup/AutomatedBackupTesting.test.ts:384:30
    382|       const result = await runAutomatedBackupTest(config)
    383|
    384|       expect(result.success).toBe(true)
       |                              ^
    385|       expect(result.log.some((log) => log.includes('Cleaning up test a…
    386|         true

⎯⎯⎯⎯⎯⎯⎯⎯⎯⎯⎯⎯⎯⎯⎯⎯⎯⎯⎯⎯[348/824]⎯

 FAIL  src/services/backup/BackupFallback.test.ts > BackupFallback > validateBackupFile > should handle file read errors
AssertionError: expected 'This file doesn\'t appear to be a val…' to contain 'couldn\'t read'

Expected: "couldn't read"
Received: "This file doesn't appear to be a valid backup. Please check that you selected the correct file."

 ❯ src/services/backup/BackupFallback.test.ts:613:28
    611|
    612|       expect(result.valid).toBe(false);
    613|       expect(result.error).toContain('couldn\'t read');
       |                            ^
    614|     });
    615|   });

⎯⎯⎯⎯⎯⎯⎯⎯⎯⎯⎯⎯⎯⎯⎯⎯⎯⎯⎯⎯[349/824]⎯

 FAIL  src/services/backup/BackupScheduler.test.ts > BackupScheduler > Edge Cases and Error Handling > should handle backup in progress state correctly
Error: Test timed out in 30000ms.
If this is a long-running test, pass a timeout value as the last argument or configure it globally with "testTimeout".
 ❯ src/services/backup/BackupScheduler.test.ts:691:5
    689|     });
    690|
    691|     it('should handle backup in progress state correctly', async () =>…
       |     ^
    692|       // Create a slow backup
    693|       mockOnBackup = vi.fn().mockImplementation(

⎯⎯⎯⎯⎯⎯⎯⎯⎯⎯⎯⎯⎯⎯⎯⎯⎯⎯⎯⎯[350/824]⎯

 FAIL  src/services/backup/BackupScheduler.test.ts > BackupScheduler > Edge Cases and Error Handling > should handle large debounce time
AssertionError: expected "vi.fn()" to not be called at all, but actually been called 1 times

Received:

  1st vi.fn() call:

    Array []


Number of calls: 1

 ❯ src/services/backup/BackupScheduler.test.ts:788:32
    786|       // Should not trigger after 30 minutes
    787|       await vi.advanceTimersByTimeAsync(1800000);
    788|       expect(mockOnBackup).not.toHaveBeenCalled();
       |                                ^
    789|
    790|       // Should trigger after 1 hour

⎯⎯⎯⎯⎯⎯⎯⎯⎯⎯⎯⎯⎯⎯⎯⎯⎯⎯⎯⎯[351/824]⎯

 FAIL  src/services/backup/backupService.test.ts > BackupService > createBackup > should create valid JSON blob
TypeError: result.blob.text is not a function
 ❯ src/services/backup/backupService.test.ts:155:39
    153|
    154|       // Read and parse blob
    155|       const text = await result.blob!.text();
       |                                       ^
    156|       const parsed = JSON.parse(text);
    157|

⎯⎯⎯⎯⎯⎯⎯⎯⎯⎯⎯⎯⎯⎯⎯⎯⎯⎯⎯⎯[352/824]⎯

 FAIL  src/services/backup/backupService.test.ts > BackupService > validateBackup > should validate correct backup file
 FAIL  src/services/backup/backupService.test.ts > BackupService > validateBackup > should validate and test decryption with correct passphrase
 FAIL  src/services/backup/backupService.test.ts > BackupService > validateBackup > should detect incorrect passphrase
 FAIL  src/services/backup/backupService.test.ts > BackupService > validateBackup > should reject invalid JSON
 FAIL  src/services/backup/backupService.test.ts > BackupService > validateBackup > should reject backup with missing fields
 FAIL  src/services/backup/backupService.test.ts > BackupService > validateBackup > should reject unsupported backup version
TypeError: backupResult.blob.text is not a function
 ❯ src/services/backup/backupService.test.ts:181:51
    179|       // Create a valid backup for testing
    180|       const backupResult = await BackupService.createBackup(testPassph…
    181|       const backupText = await backupResult.blob!.text();
       |                                                   ^
    182|       mockBackupFile = new File([backupText], 'test-backup.gbbackup', {
    183|         type: 'application/json',

⎯⎯⎯⎯⎯⎯⎯⎯⎯⎯⎯⎯⎯⎯⎯⎯⎯⎯⎯⎯[353/824]⎯

 FAIL  src/services/backup/backupService.test.ts > BackupService > restoreBackup > should restore backup successfully
 FAIL  src/services/backup/backupService.test.ts > BackupService > restoreBackup > should fail with empty passphrase
 FAIL  src/services/backup/backupService.test.ts > BackupService > restoreBackup > should fail with incorrect passphrase
 FAIL  src/services/backup/backupService.test.ts > BackupService > restoreBackup > should call database import with correct data
 FAIL  src/services/backup/backupService.test.ts > BackupService > restoreBackup > should handle decryption errors gracefully
 FAIL  src/services/backup/backupService.test.ts > BackupService > restoreBackup > should handle database import errors gracefully
TypeError: backupResult.blob.text is not a function
 ❯ src/services/backup/backupService.test.ts:284:51
    282|       // Create a valid backup for testing
    283|       const backupResult = await BackupService.createBackup(testPassph…
    284|       const backupText = await backupResult.blob!.text();
       |                                                   ^
    285|       mockBackupFile = new File([backupText], 'test-backup.gbbackup', {
    286|         type: 'application/json',

⎯⎯⎯⎯⎯⎯⎯⎯⎯⎯⎯⎯⎯⎯⎯⎯⎯⎯⎯⎯[354/824]⎯

 FAIL  src/services/backup/backupService.test.ts > BackupService > downloadBackup > should trigger download
AppError: Failed to download backup file. Please try again.
 ❯ BackupService.downloadBackup src/services/backup/backupService.ts:570:13
    568|     } catch (error) {
    569|       backupLogger.error('Failed to trigger backup download', error);
    570|       throw new AppError(
       |             ^
    571|         ErrorCode.UNKNOWN_ERROR,
    572|         'Failed to download backup file. Please try again.'
 ❯ src/services/backup/backupService.test.ts:385:21

⎯⎯⎯⎯⎯⎯⎯⎯⎯⎯⎯⎯⎯⎯⎯⎯⎯⎯⎯⎯[355/824]⎯

 FAIL  src/services/backup/backupService.test.ts > BackupService > encryption security > should not decrypt with different passphrase
TypeError: backupResult.blob.text is not a function
 ❯ src/services/backup/backupService.test.ts:428:51
    426|     it('should not decrypt with different passphrase', async () => {
    427|       const backupResult = await BackupService.createBackup(testPassph…
    428|       const backupText = await backupResult.blob!.text();
       |                                                   ^
    429|       const backupFile = new File([backupText], 'test.gbbackup', {
    430|         type: 'application/json',

⎯⎯⎯⎯⎯⎯⎯⎯⎯⎯⎯⎯⎯⎯⎯⎯⎯⎯⎯⎯[356/824]⎯

 FAIL  src/services/backup/backupService.test.ts > BackupService > data integrity > should preserve all data through backup and restore cycle
TypeError: backupResult.blob.text is not a function
 ❯ src/services/backup/backupService.test.ts:449:51
    447|
    448|       // Create file from backup
    449|       const backupText = await backupResult.blob!.text();
       |                                                   ^
    450|       const backupFile = new File([backupText], 'test.gbbackup', {
    451|         type: 'application/json',

⎯⎯⎯⎯⎯⎯⎯⎯⎯⎯⎯⎯⎯⎯⎯⎯⎯⎯⎯⎯[357/824]⎯

 FAIL  src/services/backup/backupService.test.ts > BackupService > data integrity > should maintain record count accuracy
TypeError: backupResult.blob.text is not a function
 ❯ src/services/backup/backupService.test.ts:472:51
    470|     it('should maintain record count accuracy', async () => {
    471|       const backupResult = await BackupService.createBackup(testPassph…
    472|       const backupText = await backupResult.blob!.text();
       |                                                   ^
    473|       const backupFile = new File([backupText], 'test.gbbackup', {
    474|         type: 'application/json',

⎯⎯⎯⎯⎯⎯⎯⎯⎯⎯⎯⎯⎯⎯⎯⎯⎯⎯⎯⎯[358/824]⎯

 FAIL  src/services/backup/BackupVersioning.test.ts > BackupVersioning > analyzeBackupRetention > should delete backups beyond rolling window
AssertionError: expected 11 to be 10 // Object.is equality

- Expected
+ Received

- 10
+ 11

 ❯ src/services/backup/BackupVersioning.test.ts:373:36
    371|
    372|       expect(result.totalBackups).toBe(15);
    373|       expect(result.retainedCount).toBe(10); // Rolling window
       |                                    ^
    374|       expect(result.deletedCount).toBe(5);
    375|       expect(result.filesToDelete.length).toBe(5);

⎯⎯⎯⎯⎯⎯⎯⎯⎯⎯⎯⎯⎯⎯⎯⎯⎯⎯⎯⎯[359/824]⎯

 FAIL  src/services/backup/FileSystemBackup.test.ts > FileSystemBackup - Directory Handle Storage > should store directory handle successfully
AssertionError: expected false to be true // Object.is equality

- Expected
+ Received

- true
+ false

 ❯ src/services/backup/FileSystemBackup.test.ts:377:28
    375|     const result = await storeDirectoryHandle(mockHandle as unknown as…
    376|
    377|     expect(result.success).toBe(true);
       |                            ^
    378|   });
    379|

⎯⎯⎯⎯⎯⎯⎯⎯⎯⎯⎯⎯⎯⎯⎯⎯⎯⎯⎯⎯[360/824]⎯

 FAIL  src/services/backup/FileSystemBackup.test.ts > FileSystemBackup - Directory Handle Clearing > should clear directory handle successfully
AssertionError: expected false to be true // Object.is equality

- Expected
+ Received

- true
+ false

 ❯ src/services/backup/FileSystemBackup.test.ts:543:28
    541|     const result = await clearDirectoryHandle();
    542|
    543|     expect(result.success).toBe(true);
       |                            ^
    544|   });
    545|

⎯⎯⎯⎯⎯⎯⎯⎯⎯⎯⎯⎯⎯⎯⎯⎯⎯⎯⎯⎯[361/824]⎯

 FAIL  src/services/backup/FileSystemBackup.test.ts > FileSystemBackup - Integration Tests > should complete full permission flow
AssertionError: expected false to be true // Object.is equality

- Expected
+ Received

- true
+ false

 ❯ src/services/backup/FileSystemBackup.test.ts:687:35
    685|     if (permissionResult.handle) {
    686|       const storeResult = await storeDirectoryHandle(permissionResult.…
    687|       expect(storeResult.success).toBe(true);
       |                                   ^
    688|     }
    689|

⎯⎯⎯⎯⎯⎯⎯⎯⎯⎯⎯⎯⎯⎯⎯⎯⎯⎯⎯⎯[362/824]⎯

 FAIL  src/services/backup/FileSystemBackup.test.ts > FileSystemBackup - writeBackupToFile (Task 2.5) > should write backup successfully with progress tracking
AssertionError: expected false to be true // Object.is equality

- Expected
+ Received

- true
+ false

 ❯ src/services/backup/FileSystemBackup.test.ts:875:28
    873|     });
    874|
    875|     expect(result.success).toBe(true);
       |                            ^
    876|     expect(result.fileName).toBe(fileName);
    877|     expect(result.filePath).toBe('BackupFolder');

⎯⎯⎯⎯⎯⎯⎯⎯⎯⎯⎯⎯⎯⎯⎯⎯⎯⎯⎯⎯[363/824]⎯

 FAIL  src/services/backup/FileSystemBackup.test.ts > FileSystemBackup - writeBackupToFile (Task 2.5) > should fail when permission is revoked
AssertionError: expected 'VALIDATION_ERROR' to be 'PERMISSION_DENIED' // Object.is equality

Expected: "PERMISSION_DENIED"
Received: "VALIDATION_ERROR"

 ❯ src/services/backup/FileSystemBackup.test.ts:912:30
    910|
    911|     expect(result.success).toBe(false);
    912|     expect(result.errorCode).toBe('PERMISSION_DENIED');
       |                              ^
    913|     expect(result.error).toContain('permission');
    914|   });

⎯⎯⎯⎯⎯⎯⎯⎯⎯⎯⎯⎯⎯⎯⎯⎯⎯⎯⎯⎯[364/824]⎯

 FAIL  src/services/backup/FileSystemBackup.test.ts > FileSystemBackup - writeBackupToFile (Task 2.5) > should handle disk space errors (QuotaExceededError)
AssertionError: expected 'VALIDATION_ERROR' to be 'CONSTRAINT_VIOLATION' // Object.is equality

Expected: "CONSTRAINT_VIOLATION"
Received: "VALIDATION_ERROR"

 ❯ src/services/backup/FileSystemBackup.test.ts:935:30
    933|
    934|     expect(result.success).toBe(false);
    935|     expect(result.errorCode).toBe('CONSTRAINT_VIOLATION');
       |                              ^
    936|     expect(result.error).toContain('disk space');
    937|   });

⎯⎯⎯⎯⎯⎯⎯⎯⎯⎯⎯⎯⎯⎯⎯⎯⎯⎯⎯⎯[365/824]⎯

 FAIL  src/services/backup/FileSystemBackup.test.ts > FileSystemBackup - writeBackupToFile (Task 2.5) > should handle serialization errors
AssertionError: expected 'VALIDATION_ERROR' to be 'ENCRYPTION_ERROR' // Object.is equality

Expected: "ENCRYPTION_ERROR"
Received: "VALIDATION_ERROR"

 ❯ src/services/backup/FileSystemBackup.test.ts:953:30
    951|
    952|     expect(result.success).toBe(false);
    953|     expect(result.errorCode).toBe('ENCRYPTION_ERROR');
       |                              ^
    954|     expect(result.error).toContain('prepare your backup');
    955|   });

⎯⎯⎯⎯⎯⎯⎯⎯⎯⎯⎯⎯⎯⎯⎯⎯⎯⎯⎯⎯[366/824]⎯

 FAIL  src/services/backup/FileSystemBackup.test.ts > FileSystemBackup - writeBackupToFile (Task 2.5) > should handle write errors and abort stream
AssertionError: expected "vi.fn()" to be called at least once
 ❯ src/services/backup/FileSystemBackup.test.ts:979:32
    977|
    978|     expect(result.success).toBe(false);
    979|     expect(mockWritable.abort).toHaveBeenCalled();
       |                                ^
    980|   });
    981|

⎯⎯⎯⎯⎯⎯⎯⎯⎯⎯⎯⎯⎯⎯⎯⎯⎯⎯⎯⎯[367/824]⎯

 FAIL  src/services/backup/FileSystemBackup.test.ts > FileSystemBackup - writeBackupToFile (Task 2.5) > should handle file creation errors
AssertionError: expected 'VALIDATION_ERROR' to be 'PERMISSION_DENIED' // Object.is equality

Expected: "PERMISSION_DENIED"
Received: "VALIDATION_ERROR"

 ❯ src/services/backup/FileSystemBackup.test.ts:998:30
    996|
    997|     expect(result.success).toBe(false);
    998|     expect(result.errorCode).toBe('PERMISSION_DENIED');
       |                              ^
    999|   });
    1000|

⎯⎯⎯⎯⎯⎯⎯⎯⎯⎯⎯⎯⎯⎯⎯⎯⎯⎯⎯⎯[368/824]⎯

 FAIL  src/services/backup/FileSystemBackup.test.ts > FileSystemBackup - writeBackupToFile (Task 2.5) > should serialize bundle with pretty printing
AssertionError: expected '' to contain '\n'

- Expected
+ Received

-
-

 ❯ src/services/backup/FileSystemBackup.test.ts:1040:28
    1038|     });
    1039|
    1040|     expect(writtenContent).toContain('\n'); // Pretty printed with new…
       |                            ^
    1041|     expect(writtenContent).toContain('"version": "1.0"');
    1042|   });

⎯⎯⎯⎯⎯⎯⎯⎯⎯⎯⎯⎯⎯⎯⎯⎯⎯⎯⎯⎯[369/824]⎯

 FAIL  src/services/backup/FileSystemBackup.test.ts > FileSystemBackup - writeBackupToFile (Task 2.5) > should track all progress phases in order
AssertionError: expected [ 'preparing' ] to include 'serializing'
 ❯ src/services/backup/FileSystemBackup.test.ts:1063:20
    1061|     // Verify phase order
    1062|     expect(phases).toContain('preparing');
    1063|     expect(phases).toContain('serializing');
       |                    ^
    1064|     expect(phases).toContain('writing');
    1065|     expect(phases).toContain('verifying');

⎯⎯⎯⎯⎯⎯⎯⎯⎯⎯⎯⎯⎯⎯⎯⎯⎯⎯⎯⎯[370/824]⎯

 FAIL  src/services/backup/FileSystemBackup.test.ts > FileSystemBackup - writeBackupToFile (Task 2.5) > should include total bytes in progress updates
AssertionError: expected undefined to be defined
 ❯ src/services/backup/FileSystemBackup.test.ts:1094:24
    1092|     });
    1093|
    1094|     expect(totalBytes).toBeDefined();
       |                        ^
    1095|     expect(totalBytes!).toBeGreaterThan(0);
    1096|   });

⎯⎯⎯⎯⎯⎯⎯⎯⎯⎯⎯⎯⎯⎯⎯⎯⎯⎯⎯⎯[371/824]⎯

 FAIL  src/services/backup/FileSystemBackup.test.ts > FileSystemBackup - writeBackupToFile (Task 2.5) > should handle large backup bundles
AssertionError: expected false to be true // Object.is equality

- Expected
+ Received

- true
+ false

 ❯ src/services/backup/FileSystemBackup.test.ts:1111:28
    1109|     });
    1110|
    1111|     expect(result.success).toBe(true);
       |                            ^
    1112|     expect(result.fileSize!).toBeGreaterThan(1000000);
    1113|   });

⎯⎯⎯⎯⎯⎯⎯⎯⎯⎯⎯⎯⎯⎯⎯⎯⎯⎯⎯⎯[372/824]⎯

 FAIL  src/services/backup/FileSystemBackup.test.ts > FileSystemBackup - writeBackupToFile (Task 2.5) > should handle permission prompt state
AssertionError: expected 'VALIDATION_ERROR' to be 'PERMISSION_DENIED' // Object.is equality

Expected: "PERMISSION_DENIED"
Received: "VALIDATION_ERROR"

 ❯ src/services/backup/FileSystemBackup.test.ts:1127:30
    1125|
    1126|     expect(result.success).toBe(false);
    1127|     expect(result.errorCode).toBe('PERMISSION_DENIED');
       |                              ^
    1128|     expect(result.error).toContain('re-select your backup folder');
    1129|   });

⎯⎯⎯⎯⎯⎯⎯⎯⎯⎯⎯⎯⎯⎯⎯⎯⎯⎯⎯⎯[373/824]⎯

 FAIL  src/services/backup/FileSystemBackup.test.ts > FileSystemBackup - Integration: Full Backup Flow with Write > should complete full backup flow from permission request to file write
AssertionError: expected false to be true // Object.is equality

- Expected
+ Received

- true
+ false

 ❯ src/services/backup/FileSystemBackup.test.ts:1179:35
    1177|     if (permissionResult.handle) {
    1178|       const storeResult = await storeDirectoryHandle(permissionResult.…
    1179|       expect(storeResult.success).toBe(true);
       |                                   ^
    1180|     }
    1181|

⎯⎯⎯⎯⎯⎯⎯⎯⎯⎯⎯⎯⎯⎯⎯⎯⎯⎯⎯⎯[374/824]⎯

 FAIL  src/services/backup/FileSystemBackup.test.ts > FileSystemBackup - Integration: Full Backup Flow with Write > should handle permission revocation during backup flow
AssertionError: expected 'VALIDATION_ERROR' to be 'PERMISSION_DENIED' // Object.is equality

Expected: "PERMISSION_DENIED"
Received: "VALIDATION_ERROR"

 ❯ src/services/backup/FileSystemBackup.test.ts:1217:35
    1215|
    1216|     expect(writeResult.success).toBe(false);
    1217|     expect(writeResult.errorCode).toBe('PERMISSION_DENIED');
       |                                   ^
    1218|   });
    1219| });

⎯⎯⎯⎯⎯⎯⎯⎯⎯⎯⎯⎯⎯⎯⎯⎯⎯⎯⎯⎯[375/824]⎯

 FAIL  src/services/cpg/cpgIntegration.service.test.ts > CPGIntegrationService > createIntegratedInvoice > should create both CPG invoice and accounting transaction
AssertionError: expected '700.000000' to be '700.00' // Object.is equality

Expected: "700.00"
Received: "700.000000"

 ❯ src/services/cpg/cpgIntegration.service.test.ts:371:37
    369|       expect(cpgInvoice.company_id).toBe(testCompanyId);
    370|       expect(cpgInvoice.vendor_name).toBe('Oil Supplier Inc.');
    371|       expect(cpgInvoice.total_paid).toBe('700.00'); // (100*5) + (100*…
       |                                     ^
    372|
    373|       // Verify CPUs calculated

⎯⎯⎯⎯⎯⎯⎯⎯⎯⎯⎯⎯⎯⎯⎯⎯⎯⎯⎯⎯[376/824]⎯

 FAIL  src/services/cpg/cpgIntegration.service.test.ts > CPGIntegrationService > createIntegratedInvoice > should calculate CPUs with additional costs allocated proportionally
AssertionError: expected '990.000000' to be '990.00' // Object.is equality

Expected: "990.00"
Received: "990.000000"

 ❯ src/services/cpg/cpgIntegration.service.test.ts:436:37
    434|
    435|       const cpgInvoice = result.data!.cpgInvoice;
    436|       expect(cpgInvoice.total_paid).toBe('990.00'); // (100*5) + (50*8…
       |                                     ^
    437|
    438|       // Verify proportional allocation

⎯⎯⎯⎯⎯⎯⎯⎯⎯⎯⎯⎯⎯⎯⎯⎯⎯⎯⎯⎯[377/824]⎯

 FAIL  src/services/cpg/cpgIntegration.service.test.ts > CPGIntegrationService > getFinancialDataForCPG > should return financial data
AssertionError: expected '10000.000000' to be '10000.00' // Object.is equality

Expected: "10000.00"
Received: "10000.000000"

 ❯ src/services/cpg/cpgIntegration.service.test.ts:629:36
    627|       expect(result.success).toBe(true);
    628|       expect(result.data).toBeDefined();
    629|       expect(result.data!.revenue).toBe('10000.00');
       |                                    ^
    630|       expect(result.data!.cogs).toBe('3000.00');
    631|       expect(result.data!.grossProfit).toBe('7000.00');

⎯⎯⎯⎯⎯⎯⎯⎯⎯⎯⎯⎯⎯⎯⎯⎯⎯⎯⎯⎯[378/824]⎯

 FAIL  src/services/cpg/cpgIntegration.service.test.ts > CPGIntegrationService > getFinancialDataForCPG > should handle zero revenue
AssertionError: expected '0.000000' to be '0.00' // Object.is equality

Expected: "0.00"
Received: "0.000000"

 ❯ src/services/cpg/cpgIntegration.service.test.ts:645:36
    643|
    644|       expect(result.success).toBe(true);
    645|       expect(result.data!.revenue).toBe('0.00');
       |                                    ^
    646|       expect(result.data!.grossMargin).toBe('0.00'); // Avoid division…
    647|     });

⎯⎯⎯⎯⎯⎯⎯⎯⎯⎯⎯⎯⎯⎯⎯⎯⎯⎯⎯⎯[379/824]⎯

 FAIL  src/services/cpg/cpgIntegration.service.test.ts > CPGIntegrationService > syncCOGS > should calculate COGS for units sold
AssertionError: expected '50.000000' to be '50.00' // Object.is equality

Expected: "50.00"
Received: "50.000000"

 ❯ src/services/cpg/cpgIntegration.service.test.ts:683:42
    681|
    682|       // COGS should be CPU * quantity = 5.00 * 10 = 50.00
    683|       expect(syncResult.data!.totalCOGS).toBe('50.00');
       |                                          ^
    684|       expect(syncResult.data!.inventoryAdjustment).toBe('50.00');
    685|     });

⎯⎯⎯⎯⎯⎯⎯⎯⎯⎯⎯⎯⎯⎯⎯⎯⎯⎯⎯⎯[380/824]⎯

 FAIL  src/services/cpg/cpgReporting.service.test.ts > CPG Reporting Service > compareDistributors > should compare distributors and identify most cost-effective
AppError: Failed to compare distributors
 ❯ compareDistributors src/services/cpg/cpgReporting.service.ts:564:11
    562|   } catch (error) {
    563|     reportLogger.error('Failed to compare distributors', { error, comp…
    564|     throw new AppError(
       |           ^
    565|       ErrorCode.UNKNOWN_ERROR,
    566|       'Failed to compare distributors',
 ❯ src/services/cpg/cpgReporting.service.test.ts:353:26

⎯⎯⎯⎯⎯⎯⎯⎯⎯⎯⎯⎯⎯⎯⎯⎯⎯⎯⎯⎯[381/824]⎯

 FAIL  src/services/cpg/cpuCalculator.service.test.ts > CPUCalculatorService > createInvoice > should create invoice with single category, no variants
AssertionError: expected '50.000000' to be '50.00' // Object.is equality

Expected: "50.00"
Received: "50.000000"

 ❯ src/services/cpg/cpuCalculator.service.test.ts:97:34
     95|       expect(invoice.id).toBeDefined();
     96|       expect(invoice.company_id).toBe(testCompanyId);
     97|       expect(invoice.total_paid).toBe('50.00'); // 100 × 0.50
       |                                  ^
     98|       expect(invoice.calculated_cpus).toBeDefined();
     99|       expect(invoice.calculated_cpus!.none).toBe('0.50'); // 50.00 / 1…

⎯⎯⎯⎯⎯⎯⎯⎯⎯⎯⎯⎯⎯⎯⎯⎯⎯⎯⎯⎯[382/824]⎯

 FAIL  src/services/cpg/cpuCalculator.service.test.ts > CPUCalculatorService > createInvoice > should create invoice with single category and 2 variants
AssertionError: expected '450.000000' to be '450.00' // Object.is equality

Expected: "450.00"
Received: "450.000000"

 ❯ src/services/cpg/cpuCalculator.service.test.ts:129:34
    127|
    128|       expect(invoice).toBeDefined();
    129|       expect(invoice.total_paid).toBe('450.00'); // (100 × 2.50) + (50…
       |                                  ^
    130|       expect(invoice.calculated_cpus!['8oz']).toBe('2.50');
    131|       expect(invoice.calculated_cpus!['16oz']).toBe('4.00');

⎯⎯⎯⎯⎯⎯⎯⎯⎯⎯⎯⎯⎯⎯⎯⎯⎯⎯⎯⎯[383/824]⎯

 FAIL  src/services/cpg/cpuCalculator.service.test.ts > CPUCalculatorService > createInvoice > should create invoice with 5+ variants
AssertionError: expected undefined to be '1.25' // Object.is equality

- Expected:
"1.25"

+ Received:
undefined

 ❯ src/services/cpg/cpuCalculator.service.test.ts:183:47
    181|       expect(invoice).toBeDefined();
    182|       expect(Object.keys(invoice.calculated_cpus!).length).toBe(5);
    183|       expect(invoice.calculated_cpus!['4oz']).toBe('1.25');
       |                                               ^
    184|       expect(invoice.calculated_cpus!['8oz']).toBe('2.50');
    185|       expect(invoice.calculated_cpus!['16oz']).toBe('4.00');

⎯⎯⎯⎯⎯⎯⎯⎯⎯⎯⎯⎯⎯⎯⎯⎯⎯⎯⎯⎯[384/824]⎯

 FAIL  src/services/cpg/cpuCalculator.service.test.ts > CPUCalculatorService > createInvoice > should allocate additional costs proportionally
AssertionError: expected '600.000000' to be '600.00' // Object.is equality

Expected: "600.00"
Received: "600.000000"

 ❯ src/services/cpg/cpuCalculator.service.test.ts:227:34
    225|       // 16oz CPU: (300 + 60) / 100 = 3.60
    226|
    227|       expect(invoice.total_paid).toBe('600.00');
       |                                  ^
    228|       expect(invoice.calculated_cpus!['8oz']).toBe('2.40');
    229|       expect(invoice.calculated_cpus!['16oz']).toBe('3.60');

⎯⎯⎯⎯⎯⎯⎯⎯⎯⎯⎯⎯⎯⎯⎯⎯⎯⎯⎯⎯[385/824]⎯

 FAIL  src/services/cpg/cpuCalculator.service.test.ts > CPUCalculatorService > createInvoice > should handle reconciliation (units purchased ≠ units received)
AssertionError: expected '250.000000' to be '250.00' // Object.is equality

Expected: "250.00"
Received: "250.000000"

 ❯ src/services/cpg/cpuCalculator.service.test.ts:255:34
    253|       // CPU: 250 / 98 = 2.5510... ≈ 2.55
    254|
    255|       expect(invoice.total_paid).toBe('250.00');
       |                                  ^
    256|       expect(invoice.calculated_cpus!['8oz']).toBe('2.55');
    257|     });

⎯⎯⎯⎯⎯⎯⎯⎯⎯⎯⎯⎯⎯⎯⎯⎯⎯⎯⎯⎯[386/824]⎯

 FAIL  src/services/cpg/cpuCalculator.service.test.ts > CPUCalculatorService > createInvoice > should handle multiple additional costs
AssertionError: expected '300.000000' to be '300.00' // Object.is equality

Expected: "300.00"
Received: "300.000000"

 ❯ src/services/cpg/cpuCalculator.service.test.ts:288:34
    286|       // CPU: 300 / 100 = 3.00
    287|
    288|       expect(invoice.total_paid).toBe('300.00');
       |                                  ^
    289|       expect(invoice.calculated_cpus!['8oz']).toBe('3.00');
    290|     });

⎯⎯⎯⎯⎯⎯⎯⎯⎯⎯⎯⎯⎯⎯⎯⎯⎯⎯⎯⎯[387/824]⎯

 FAIL  src/services/cpg/cpuCalculator.service.test.ts > CPUCalculatorService > createInvoice > should handle zero additional costs
AssertionError: expected '250.000000' to be '250.00' // Object.is equality

Expected: "250.00"
Received: "250.000000"

 ❯ src/services/cpg/cpuCalculator.service.test.ts:312:34
    310|       });
    311|
    312|       expect(invoice.total_paid).toBe('250.00');
       |                                  ^
    313|       expect(invoice.calculated_cpus!['8oz']).toBe('2.50');
    314|     });

⎯⎯⎯⎯⎯⎯⎯⎯⎯⎯⎯⎯⎯⎯⎯⎯⎯⎯⎯⎯[388/824]⎯

 FAIL  src/services/cpg/cpuCalculator.service.test.ts > CPUCalculatorService > createInvoice > should handle fractional units
AssertionError: expected '251.250000' to be '251.25' // Object.is equality

Expected: "251.25"
Received: "251.250000"

 ❯ src/services/cpg/cpuCalculator.service.test.ts:338:34
    336|       // CPU: 251.25 / 100.5 = 2.50
    337|
    338|       expect(invoice.total_paid).toBe('251.25');
       |                                  ^
    339|       expect(invoice.calculated_cpus!['8oz']).toBe('2.50');
    340|     });

⎯⎯⎯⎯⎯⎯⎯⎯⎯⎯⎯⎯⎯⎯⎯⎯⎯⎯⎯⎯[389/824]⎯

 FAIL  src/services/cpg/cpuCalculator.service.test.ts > CPUCalculatorService > createInvoice > should handle very large numbers without rounding errors
AssertionError: expected '2500000.000000' to be '2500000.00' // Object.is equality

Expected: "2500000.00"
Received: "2500000.000000"

 ❯ src/services/cpg/cpuCalculator.service.test.ts:361:34
    359|       });
    360|
    361|       expect(invoice.total_paid).toBe('2500000.00');
       |                                  ^
    362|       expect(invoice.calculated_cpus!['8oz']).toBe('2.50');
    363|     });

⎯⎯⎯⎯⎯⎯⎯⎯⎯⎯⎯⎯⎯⎯⎯⎯⎯⎯⎯⎯[390/824]⎯

 FAIL  src/services/cpg/cpuCalculator.service.test.ts > CPUCalculatorService > createInvoice > should handle very small unit costs
AssertionError: expected '1.000000' to be '1.00' // Object.is equality

Expected: "1.00"
Received: "1.000000"

 ❯ src/services/cpg/cpuCalculator.service.test.ts:384:34
    382|       });
    383|
    384|       expect(invoice.total_paid).toBe('1.00');
       |                                  ^
    385|       expect(invoice.calculated_cpus!['8oz']).toBe('0.01');
    386|     });

⎯⎯⎯⎯⎯⎯⎯⎯⎯⎯⎯⎯⎯⎯⎯⎯⎯⎯⎯⎯[391/824]⎯

 FAIL  src/services/cpg/cpuCalculator.service.test.ts > CPUCalculatorService > createInvoice > should default units_received to units_purchased if not provided
AssertionError: expected '250.000000' to be '250.00' // Object.is equality

Expected: "250.00"
Received: "250.000000"

 ❯ src/services/cpg/cpuCalculator.service.test.ts:407:34
    405|       });
    406|
    407|       expect(invoice.total_paid).toBe('250.00');
       |                                  ^
    408|       expect(invoice.calculated_cpus!['8oz']).toBe('2.50');
    409|     });

⎯⎯⎯⎯⎯⎯⎯⎯⎯⎯⎯⎯⎯⎯⎯⎯⎯⎯⎯⎯[392/824]⎯

 FAIL  src/services/cpg/cpuCalculator.service.test.ts > CPUCalculatorService > createInvoice > should throw error if company_id is missing
AssertionError: expected [Function] to throw error including 'company_id is required' but got 'Validation failed: company_id: Compan…'

Expected: "company_id is required"
Received: "Validation failed: company_id: Company ID is required; cost_attribution: At least one cost attribution entry is required"

 ❯ src/services/cpg/cpuCalculator.service.test.ts:419:7
    417|           device_id: testDeviceId,
    418|         })
    419|       ).rejects.toThrow('company_id is required');
       |       ^
    420|     });
    421|

⎯⎯⎯⎯⎯⎯⎯⎯⎯⎯⎯⎯⎯⎯⎯⎯⎯⎯⎯⎯[393/824]⎯

 FAIL  src/services/cpg/cpuCalculator.service.test.ts > CPUCalculatorService > createInvoice > should throw error if invoice_date is missing
AssertionError: expected [Function] to throw error including 'invoice_date is required' but got 'Validation failed: invoice_date: Too …'

Expected: "invoice_date is required"
Received: "Validation failed: invoice_date: Too small: expected number to be >0; cost_attribution: At least one cost attribution entry is required"

 ❯ src/services/cpg/cpuCalculator.service.test.ts:430:7
    428|           device_id: testDeviceId,
    429|         })
    430|       ).rejects.toThrow('invoice_date is required');
       |       ^
    431|     });
    432|

⎯⎯⎯⎯⎯⎯⎯⎯⎯⎯⎯⎯⎯⎯⎯⎯⎯⎯⎯⎯[394/824]⎯

 FAIL  src/services/cpg/cpuCalculator.service.test.ts > CPUCalculatorService > createInvoice > should throw error if cost_attribution is empty
AssertionError: expected [Function] to throw error including 'cost_attribution is required and must…' but got 'Validation failed: cost_attribution: …'

Expected: "cost_attribution is required and must have at least one entry"
Received: "Validation failed: cost_attribution: At least one cost attribution entry is required"

 ❯ src/services/cpg/cpuCalculator.service.test.ts:441:7
    439|           device_id: testDeviceId,
    440|         })
    441|       ).rejects.toThrow('cost_attribution is required and must have at…
       |       ^
    442|     });
    443|   });

⎯⎯⎯⎯⎯⎯⎯⎯⎯⎯⎯⎯⎯⎯⎯⎯⎯⎯⎯⎯[395/824]⎯

 FAIL  src/services/cpg/cpuCalculator.service.test.ts > CPUCalculatorService > updateInvoice > should update invoice and recalculate CPUs
AssertionError: expected '300.000000' to be '300.00' // Object.is equality

Expected: "300.00"
Received: "300.000000"

 ❯ src/services/cpg/cpuCalculator.service.test.ts:486:34
    484|       });
    485|
    486|       expect(updated.total_paid).toBe('300.00');
       |                                  ^
    487|       expect(updated.calculated_cpus!['8oz']).toBe('3.00');
    488|     });

⎯⎯⎯⎯⎯⎯⎯⎯⎯⎯⎯⎯⎯⎯⎯⎯⎯⎯⎯⎯[396/824]⎯

 FAIL  src/services/cpg/cpuCalculator.service.test.ts > CPUCalculatorService > updateInvoice > should update additional costs and recalculate
AssertionError: expected '300.000000' to be '300.00' // Object.is equality

Expected: "300.00"
Received: "300.000000"

 ❯ src/services/cpg/cpuCalculator.service.test.ts:525:34
    523|       // Direct: 200, Additional: 100, Total: 300
    524|       // CPU: 300 / 100 = 3.00
    525|       expect(updated.total_paid).toBe('300.00');
       |                                  ^
    526|       expect(updated.calculated_cpus!['8oz']).toBe('3.00');
    527|     });

⎯⎯⎯⎯⎯⎯⎯⎯⎯⎯⎯⎯⎯⎯⎯⎯⎯⎯⎯⎯[397/824]⎯

 FAIL  src/services/cpg/cpuCalculator.service.test.ts > CPUCalculatorService > calculateCPU > should return detailed CPU calculation breakdown
AssertionError: expected '300.000000' to be '300.00' // Object.is equality

Expected: "300.00"
Received: "300.000000"

 ❯ src/services/cpg/cpuCalculator.service.test.ts:660:33
    658|
    659|       expect(result.invoice_id).toBe(invoice.id);
    660|       expect(result.total_paid).toBe('300.00');
       |                                 ^
    661|       expect(result.categories).toHaveLength(1);
    662|       expect(result.categories[0].category_name).toBe('Oil');

⎯⎯⎯⎯⎯⎯⎯⎯⎯⎯⎯⎯⎯⎯⎯⎯⎯⎯⎯⎯[398/824]⎯

 FAIL  src/services/cpg/cpuCalculator.service.test.ts > CPUCalculatorService > calculateCPU > should handle multiple categories with proportional allocation
AssertionError: expected '60.000000' to be '60.00' // Object.is equality

Expected: "60.00"
Received: "60.000000"

 ❯ src/services/cpg/cpuCalculator.service.test.ts:708:56
    706|
    707|       const oilBreakdown = result.categories.find((c) => c.category_na…
    708|       expect(oilBreakdown?.allocated_additional_costs).toBe('60.00');
       |                                                        ^
    709|       expect(oilBreakdown?.cpu).toBe('2.60'); // (200 + 60) / 100
    710|

⎯⎯⎯⎯⎯⎯⎯⎯⎯⎯⎯⎯⎯⎯⎯⎯⎯⎯⎯⎯[399/824]⎯

 FAIL  src/services/cpg/cpuCalculator.service.test.ts > CPUCalculatorService > getCPUHistory > should filter history by category
AssertionError: expected false to be true // Object.is equality

- Expected
+ Received

- true
+ false

 ❯ src/services/cpg/cpuCalculator.service.test.ts:800:60
    798|
    799|       expect(oilHistory.length).toBeGreaterThanOrEqual(1);
    800|       expect(oilHistory.every((h) => h.variant === '8oz')).toBe(true);
       |                                                            ^
    801|     });
    802|   });

⎯⎯⎯⎯⎯⎯⎯⎯⎯⎯⎯⎯⎯⎯⎯⎯⎯⎯⎯⎯[400/824]⎯

 FAIL  src/services/cpg/cpuCalculator.service.test.ts > CPUCalculatorService > getCPUTrend > should calculate CPU trend over time
AssertionError: expected +0 to be 4 // Object.is equality

- Expected
+ Received

- 4
+ 0

 ❯ src/services/cpg/cpuCalculator.service.test.ts:877:40
    875|       );
    876|
    877|       expect(trend.data_points.length).toBe(4);
       |                                        ^
    878|       expect(trend.trend_direction).toBe('increasing');
    879|       expect(parseFloat(trend.min_cpu)).toBe(2.00);

⎯⎯⎯⎯⎯⎯⎯⎯⎯⎯⎯⎯⎯⎯⎯⎯⎯⎯⎯⎯[401/824]⎯

 FAIL  src/services/cpg/cpuCalculator.service.test.ts > CPUCalculatorService > getCPUTrend > should detect decreasing trend
AssertionError: expected 'stable' to be 'decreasing' // Object.is equality

Expected: "decreasing"
Received: "stable"

 ❯ src/services/cpg/cpuCalculator.service.test.ts:955:37
    953|       );
    954|
    955|       expect(trend.trend_direction).toBe('decreasing');
       |                                     ^
    956|     });
    957|   });

⎯⎯⎯⎯⎯⎯⎯⎯⎯⎯⎯⎯⎯⎯⎯⎯⎯⎯⎯⎯[402/824]⎯

 FAIL  src/services/cpg/cpuCalculator.service.test.ts > CPUCalculatorService > recalculateAllCPUs > should return snapshot of all current CPUs
AssertionError: expected undefined to be '2.50' // Object.is equality

- Expected:
"2.50"

+ Received:
undefined

 ❯ src/services/cpg/cpuCalculator.service.test.ts:1004:47
    1002|
    1003|       expect(snapshot.total_invoices_processed).toBe(2);
    1004|       expect(snapshot.cpus_by_variant['8oz']).toBe('2.50'); // Latest
       |                                               ^
    1005|       expect(snapshot.cpus_by_variant['16oz']).toBe('4.00');
    1006|     });

⎯⎯⎯⎯⎯⎯⎯⎯⎯⎯⎯⎯⎯⎯⎯⎯⎯⎯⎯⎯[403/824]⎯

 FAIL  src/services/cpg/cpuCalculator.service.test.ts > CPUCalculatorService > Decimal.js precision > should not have floating-point rounding errors
AssertionError: expected '0.300000' to be '0.30' // Object.is equality

Expected: "0.30"
Received: "0.300000"

 ❯ src/services/cpg/cpuCalculator.service.test.ts:1035:34
    1033|       // Native JS: 0.1 * 3 = 0.30000000000000004
    1034|       // Decimal.js: 0.1 * 3 = 0.30
    1035|       expect(invoice.total_paid).toBe('0.30');
       |                                  ^
    1036|       expect(invoice.calculated_cpus!['8oz']).toBe('0.10');
    1037|     });

⎯⎯⎯⎯⎯⎯⎯⎯⎯⎯⎯⎯⎯⎯⎯⎯⎯⎯⎯⎯[404/824]⎯

 FAIL  src/services/cpg/cpuCalculator.service.test.ts > CPUCalculatorService > Decimal.js precision > should handle complex proportional allocation without errors
AssertionError: expected '1.400000' to be '1.40' // Object.is equality

Expected: "1.40"
Received: "1.400000"

 ❯ src/services/cpg/cpuCalculator.service.test.ts:1068:34
    1066|
    1067|       // All calculations should be precise with Decimal.js
    1068|       expect(invoice.total_paid).toBe('1.40'); // 0.7 + 0.6 + 0.1
       |                                  ^
    1069|       expect(invoice.calculated_cpus!['8oz']).toBeDefined();
    1070|       expect(invoice.calculated_cpus!['16oz']).toBeDefined();

⎯⎯⎯⎯⎯⎯⎯⎯⎯⎯⎯⎯⎯⎯⎯⎯⎯⎯⎯⎯[405/824]⎯

 FAIL  src/services/cpg/distributionCostCalculator.service.test.ts > DistributionCostCalculatorService > Fee Calculations > should calculate with all fees unchecked (should = 0)
Error: Validation failed: pallet_data: Invalid input: expected array, received undefined; variantData.8oz.quantity: Invalid input: expected number, received undefined; selectedFees: Invalid input: expected array, received undefined
 ❯ DistributionCostCalculatorService.calculateDistributionCost src/services/cpg/distributionCostCalculator.service.ts:267:13
    265|         params,
    266|       });
    267|       throw new Error(`Validation failed: ${errorMessage}`);
       |             ^
    268|     }
    269|
 ❯ src/services/cpg/distributionCostCalculator.service.test.ts:147:36

⎯⎯⎯⎯⎯⎯⎯⎯⎯⎯⎯⎯⎯⎯⎯⎯⎯⎯⎯⎯[406/824]⎯

 FAIL  src/services/cpg/distributionCostCalculator.service.test.ts > DistributionCostCalculatorService > Fee Calculations > should calculate with single fee checked
Error: Validation failed: pallet_data: Invalid input: expected array, received undefined; variantData.8oz.quantity: Invalid input: expected number, received undefined; selectedFees: Invalid input: expected array, received undefined
 ❯ DistributionCostCalculatorService.calculateDistributionCost src/services/cpg/distributionCostCalculator.service.ts:267:13
    265|         params,
    266|       });
    267|       throw new Error(`Validation failed: ${errorMessage}`);
       |             ^
    268|     }
    269|
 ❯ src/services/cpg/distributionCostCalculator.service.test.ts:172:36

⎯⎯⎯⎯⎯⎯⎯⎯⎯⎯⎯⎯⎯⎯⎯⎯⎯⎯⎯⎯[407/824]⎯

 FAIL  src/services/cpg/distributionCostCalculator.service.test.ts > DistributionCostCalculatorService > Fee Calculations > should calculate with multiple fees checked
Error: Validation failed: pallet_data: Invalid input: expected array, received undefined; variantData.8oz.quantity: Invalid input: expected number, received undefined; selectedFees: Invalid input: expected array, received undefined
 ❯ DistributionCostCalculatorService.calculateDistributionCost src/services/cpg/distributionCostCalculator.service.ts:267:13
    265|         params,
    266|       });
    267|       throw new Error(`Validation failed: ${errorMessage}`);
       |             ^
    268|     }
    269|
 ❯ src/services/cpg/distributionCostCalculator.service.test.ts:202:36

⎯⎯⎯⎯⎯⎯⎯⎯⎯⎯⎯⎯⎯⎯⎯⎯⎯⎯⎯⎯[408/824]⎯

 FAIL  src/services/cpg/distributionCostCalculator.service.test.ts > DistributionCostCalculatorService > Floor Space Calculations > should calculate floor space - full day
Error: Validation failed: pallet_data: Invalid input: expected array, received undefined; variantData.8oz.quantity: Invalid input: expected number, received undefined; selectedFees: Invalid input: expected array, received undefined
 ❯ DistributionCostCalculatorService.calculateDistributionCost src/services/cpg/distributionCostCalculator.service.ts:267:13
    265|         params,
    266|       });
    267|       throw new Error(`Validation failed: ${errorMessage}`);
       |             ^
    268|     }
    269|
 ❯ src/services/cpg/distributionCostCalculator.service.test.ts:229:36

⎯⎯⎯⎯⎯⎯⎯⎯⎯⎯⎯⎯⎯⎯⎯⎯⎯⎯⎯⎯[409/824]⎯

 FAIL  src/services/cpg/distributionCostCalculator.service.test.ts > DistributionCostCalculatorService > Floor Space Calculations > should calculate floor space - half day
Error: Validation failed: pallet_data: Invalid input: expected array, received undefined; variantData.8oz.quantity: Invalid input: expected number, received undefined; selectedFees: Invalid input: expected array, received undefined
 ❯ DistributionCostCalculatorService.calculateDistributionCost src/services/cpg/distributionCostCalculator.service.ts:267:13
    265|         params,
    266|       });
    267|       throw new Error(`Validation failed: ${errorMessage}`);
       |             ^
    268|     }
    269|
 ❯ src/services/cpg/distributionCostCalculator.service.test.ts:254:36

⎯⎯⎯⎯⎯⎯⎯⎯⎯⎯⎯⎯⎯⎯⎯⎯⎯⎯⎯⎯[410/824]⎯

 FAIL  src/services/cpg/distributionCostCalculator.service.test.ts > DistributionCostCalculatorService > Floor Space Calculations > should calculate floor space - multiple days (full)
Error: Validation failed: pallet_data: Invalid input: expected array, received undefined; variantData.8oz.quantity: Invalid input: expected number, received undefined; selectedFees: Invalid input: expected array, received undefined
 ❯ DistributionCostCalculatorService.calculateDistributionCost src/services/cpg/distributionCostCalculator.service.ts:267:13
    265|         params,
    266|       });
    267|       throw new Error(`Validation failed: ${errorMessage}`);
       |             ^
    268|     }
    269|
 ❯ src/services/cpg/distributionCostCalculator.service.test.ts:278:36

⎯⎯⎯⎯⎯⎯⎯⎯⎯⎯⎯⎯⎯⎯⎯⎯⎯⎯⎯⎯[411/824]⎯

 FAIL  src/services/cpg/distributionCostCalculator.service.test.ts > DistributionCostCalculatorService > Floor Space Calculations > should calculate floor space - multiple days (half)
Error: Validation failed: pallet_data: Invalid input: expected array, received undefined; variantData.8oz.quantity: Invalid input: expected number, received undefined; selectedFees: Invalid input: expected array, received undefined
 ❯ DistributionCostCalculatorService.calculateDistributionCost src/services/cpg/distributionCostCalculator.service.ts:267:13
    265|         params,
    266|       });
    267|       throw new Error(`Validation failed: ${errorMessage}`);
       |             ^
    268|     }
    269|
 ❯ src/services/cpg/distributionCostCalculator.service.test.ts:303:36

⎯⎯⎯⎯⎯⎯⎯⎯⎯⎯⎯⎯⎯⎯⎯⎯⎯⎯⎯⎯[412/824]⎯

 FAIL  src/services/cpg/distributionCostCalculator.service.test.ts > DistributionCostCalculatorService > Zone-Based Pricing > should calculate truck transfer - zone 1
Error: Validation failed: pallet_data: Invalid input: expected array, received undefined; variantData.8oz.quantity: Invalid input: expected number, received undefined; selectedFees: Invalid input: expected array, received undefined
 ❯ DistributionCostCalculatorService.calculateDistributionCost src/services/cpg/distributionCostCalculator.service.ts:267:13
    265|         params,
    266|       });
    267|       throw new Error(`Validation failed: ${errorMessage}`);
       |             ^
    268|     }
    269|
 ❯ src/services/cpg/distributionCostCalculator.service.test.ts:329:36

⎯⎯⎯⎯⎯⎯⎯⎯⎯⎯⎯⎯⎯⎯⎯⎯⎯⎯⎯⎯[413/824]⎯

 FAIL  src/services/cpg/distributionCostCalculator.service.test.ts > DistributionCostCalculatorService > Zone-Based Pricing > should calculate truck transfer - zone 2
Error: Validation failed: pallet_data: Invalid input: expected array, received undefined; variantData.8oz.quantity: Invalid input: expected number, received undefined; selectedFees: Invalid input: expected array, received undefined
 ❯ DistributionCostCalculatorService.calculateDistributionCost src/services/cpg/distributionCostCalculator.service.ts:267:13
    265|         params,
    266|       });
    267|       throw new Error(`Validation failed: ${errorMessage}`);
       |             ^
    268|     }
    269|
 ❯ src/services/cpg/distributionCostCalculator.service.test.ts:352:36

⎯⎯⎯⎯⎯⎯⎯⎯⎯⎯⎯⎯⎯⎯⎯⎯⎯⎯⎯⎯[414/824]⎯

 FAIL  src/services/cpg/distributionCostCalculator.service.test.ts > DistributionCostCalculatorService > Custom Fees > should calculate with single custom fee
Error: Validation failed: pallet_data: Invalid input: expected array, received undefined; variantData.8oz.quantity: Invalid input: expected number, received undefined; selectedFees: Invalid input: expected array, received undefined
 ❯ DistributionCostCalculatorService.calculateDistributionCost src/services/cpg/distributionCostCalculator.service.ts:267:13
    265|         params,
    266|       });
    267|       throw new Error(`Validation failed: ${errorMessage}`);
       |             ^
    268|     }
    269|
 ❯ src/services/cpg/distributionCostCalculator.service.test.ts:378:36

⎯⎯⎯⎯⎯⎯⎯⎯⎯⎯⎯⎯⎯⎯⎯⎯⎯⎯⎯⎯[415/824]⎯

 FAIL  src/services/cpg/distributionCostCalculator.service.test.ts > DistributionCostCalculatorService > Custom Fees > should calculate with multiple custom fees
Error: Validation failed: pallet_data: Invalid input: expected array, received undefined; variantData.8oz.quantity: Invalid input: expected number, received undefined; selectedFees: Invalid input: expected array, received undefined
 ❯ DistributionCostCalculatorService.calculateDistributionCost src/services/cpg/distributionCostCalculator.service.ts:267:13
    265|         params,
    266|       });
    267|       throw new Error(`Validation failed: ${errorMessage}`);
       |             ^
    268|     }
    269|
 ❯ src/services/cpg/distributionCostCalculator.service.test.ts:403:36

⎯⎯⎯⎯⎯⎯⎯⎯⎯⎯⎯⎯⎯⎯⎯⎯⎯⎯⎯⎯[416/824]⎯

 FAIL  src/services/cpg/distributionCostCalculator.service.test.ts > DistributionCostCalculatorService > Pallet Multiplier > should calculate with 0.5 pallets
Error: Validation failed: pallet_data: Invalid input: expected array, received undefined; variantData.8oz.quantity: Invalid input: expected number, received undefined; selectedFees: Invalid input: expected array, received undefined
 ❯ DistributionCostCalculatorService.calculateDistributionCost src/services/cpg/distributionCostCalculator.service.ts:267:13
    265|         params,
    266|       });
    267|       throw new Error(`Validation failed: ${errorMessage}`);
       |             ^
    268|     }
    269|
 ❯ src/services/cpg/distributionCostCalculator.service.test.ts:429:36

⎯⎯⎯⎯⎯⎯⎯⎯⎯⎯⎯⎯⎯⎯⎯⎯⎯⎯⎯⎯[417/824]⎯

 FAIL  src/services/cpg/distributionCostCalculator.service.test.ts > DistributionCostCalculatorService > Pallet Multiplier > should calculate with 1 pallet
Error: Validation failed: pallet_data: Invalid input: expected array, received undefined; variantData.8oz.quantity: Invalid input: expected number, received undefined; selectedFees: Invalid input: expected array, received undefined
 ❯ DistributionCostCalculatorService.calculateDistributionCost src/services/cpg/distributionCostCalculator.service.ts:267:13
    265|         params,
    266|       });
    267|       throw new Error(`Validation failed: ${errorMessage}`);
       |             ^
    268|     }
    269|
 ❯ src/services/cpg/distributionCostCalculator.service.test.ts:454:36

⎯⎯⎯⎯⎯⎯⎯⎯⎯⎯⎯⎯⎯⎯⎯⎯⎯⎯⎯⎯[418/824]⎯

 FAIL  src/services/cpg/distributionCostCalculator.service.test.ts > DistributionCostCalculatorService > Pallet Multiplier > should calculate with 10 pallets
Error: Validation failed: pallet_data: Invalid input: expected array, received undefined; variantData.8oz.quantity: Invalid input: expected number, received undefined; selectedFees: Invalid input: expected array, received undefined
 ❯ DistributionCostCalculatorService.calculateDistributionCost src/services/cpg/distributionCostCalculator.service.ts:267:13
    265|         params,
    266|       });
    267|       throw new Error(`Validation failed: ${errorMessage}`);
       |             ^
    268|     }
    269|
 ❯ src/services/cpg/distributionCostCalculator.service.test.ts:477:36

⎯⎯⎯⎯⎯⎯⎯⎯⎯⎯⎯⎯⎯⎯⎯⎯⎯⎯⎯⎯[419/824]⎯

 FAIL  src/services/cpg/distributionCostCalculator.service.test.ts > DistributionCostCalculatorService > Margin Quality Assignment > should assign "poor" quality for margin < 50%
Error: Validation failed: pallet_data: Invalid input: expected array, received undefined; variantData.8oz.quantity: Invalid input: expected number, received undefined; selectedFees: Invalid input: expected array, received undefined
 ❯ DistributionCostCalculatorService.calculateDistributionCost src/services/cpg/distributionCostCalculator.service.ts:267:13
    265|         params,
    266|       });
    267|       throw new Error(`Validation failed: ${errorMessage}`);
       |             ^
    268|     }
    269|
 ❯ src/services/cpg/distributionCostCalculator.service.test.ts:504:36

⎯⎯⎯⎯⎯⎯⎯⎯⎯⎯⎯⎯⎯⎯⎯⎯⎯⎯⎯⎯[420/824]⎯

 FAIL  src/services/cpg/distributionCostCalculator.service.test.ts > DistributionCostCalculatorService > Margin Quality Assignment > should assign "good" quality for margin 50-60%
Error: Validation failed: pallet_data: Invalid input: expected array, received undefined; variantData.8oz.quantity: Invalid input: expected number, received undefined; selectedFees: Invalid input: expected array, received undefined
 ❯ DistributionCostCalculatorService.calculateDistributionCost src/services/cpg/distributionCostCalculator.service.ts:267:13
    265|         params,
    266|       });
    267|       throw new Error(`Validation failed: ${errorMessage}`);
       |             ^
    268|     }
    269|
 ❯ src/services/cpg/distributionCostCalculator.service.test.ts:528:37

⎯⎯⎯⎯⎯⎯⎯⎯⎯⎯⎯⎯⎯⎯⎯⎯⎯⎯⎯⎯[421/824]⎯

 FAIL  src/services/cpg/distributionCostCalculator.service.test.ts > DistributionCostCalculatorService > Margin Quality Assignment > should assign "better" quality for margin 60-70%
Error: Validation failed: pallet_data: Invalid input: expected array, received undefined; variantData.8oz.quantity: Invalid input: expected number, received undefined; selectedFees: Invalid input: expected array, received undefined
 ❯ DistributionCostCalculatorService.calculateDistributionCost src/services/cpg/distributionCostCalculator.service.ts:267:13
    265|         params,
    266|       });
    267|       throw new Error(`Validation failed: ${errorMessage}`);
       |             ^
    268|     }
    269|
 ❯ src/services/cpg/distributionCostCalculator.service.test.ts:574:36

⎯⎯⎯⎯⎯⎯⎯⎯⎯⎯⎯⎯⎯⎯⎯⎯⎯⎯⎯⎯[422/824]⎯

 FAIL  src/services/cpg/distributionCostCalculator.service.test.ts > DistributionCostCalculatorService > Margin Quality Assignment > should assign "best" quality for margin >= 70%
Error: Validation failed: pallet_data: Invalid input: expected array, received undefined; variantData.8oz.quantity: Invalid input: expected number, received undefined; selectedFees: Invalid input: expected array, received undefined
 ❯ DistributionCostCalculatorService.calculateDistributionCost src/services/cpg/distributionCostCalculator.service.ts:267:13
    265|         params,
    266|       });
    267|       throw new Error(`Validation failed: ${errorMessage}`);
       |             ^
    268|     }
    269|
 ❯ src/services/cpg/distributionCostCalculator.service.test.ts:598:36

⎯⎯⎯⎯⎯⎯⎯⎯⎯⎯⎯⎯⎯⎯⎯⎯⎯⎯⎯⎯[423/824]⎯

 FAIL  src/services/cpg/distributionCostCalculator.service.test.ts > DistributionCostCalculatorService > Margin Quality Assignment > should use custom thresholds for margin quality
Error: Validation failed: pallet_data: Invalid input: expected array, received undefined; variantData.8oz.quantity: Invalid input: expected number, received undefined; selectedFees: Invalid input: expected array, received undefined
 ❯ DistributionCostCalculatorService.calculateDistributionCost src/services/cpg/distributionCostCalculator.service.ts:267:13
    265|         params,
    266|       });
    267|       throw new Error(`Validation failed: ${errorMessage}`);
       |             ^
    268|     }
    269|
 ❯ src/services/cpg/distributionCostCalculator.service.test.ts:629:36

⎯⎯⎯⎯⎯⎯⎯⎯⎯⎯⎯⎯⎯⎯⎯⎯⎯⎯⎯⎯[424/824]⎯

 FAIL  src/services/cpg/distributionCostCalculator.service.test.ts > DistributionCostCalculatorService > MSRP Calculation > should calculate MSRP with markup percentage
Error: Validation failed: pallet_data: Invalid input: expected array, received undefined; variantData.8oz.quantity: Invalid input: expected number, received undefined; selectedFees: Invalid input: expected array, received undefined
 ❯ DistributionCostCalculatorService.calculateDistributionCost src/services/cpg/distributionCostCalculator.service.ts:267:13
    265|         params,
    266|       });
    267|       throw new Error(`Validation failed: ${errorMessage}`);
       |             ^
    268|     }
    269|
 ❯ src/services/cpg/distributionCostCalculator.service.test.ts:657:36

⎯⎯⎯⎯⎯⎯⎯⎯⎯⎯⎯⎯⎯⎯⎯⎯⎯⎯⎯⎯[425/824]⎯

 FAIL  src/services/cpg/distributionCostCalculator.service.test.ts > DistributionCostCalculatorService > MSRP Calculation > should calculate MSRP with 100% markup
Error: Validation failed: pallet_data: Invalid input: expected array, received undefined; variantData.8oz.quantity: Invalid input: expected number, received undefined; selectedFees: Invalid input: expected array, received undefined
 ❯ DistributionCostCalculatorService.calculateDistributionCost src/services/cpg/distributionCostCalculator.service.ts:267:13
    265|         params,
    266|       });
    267|       throw new Error(`Validation failed: ${errorMessage}`);
       |             ^
    268|     }
    269|
 ❯ src/services/cpg/distributionCostCalculator.service.test.ts:681:36

⎯⎯⎯⎯⎯⎯⎯⎯⎯⎯⎯⎯⎯⎯⎯⎯⎯⎯⎯⎯[426/824]⎯

 FAIL  src/services/cpg/distributionCostCalculator.service.test.ts > DistributionCostCalculatorService > MSRP Calculation > should return null MSRP when markup not provided
Error: Validation failed: pallet_data: Invalid input: expected array, received undefined; variantData.8oz.quantity: Invalid input: expected number, received undefined; selectedFees: Invalid input: expected array, received undefined
 ❯ DistributionCostCalculatorService.calculateDistributionCost src/services/cpg/distributionCostCalculator.service.ts:267:13
    265|         params,
    266|       });
    267|       throw new Error(`Validation failed: ${errorMessage}`);
       |             ^
    268|     }
    269|
 ❯ src/services/cpg/distributionCostCalculator.service.test.ts:704:36

⎯⎯⎯⎯⎯⎯⎯⎯⎯⎯⎯⎯⎯⎯⎯⎯⎯⎯⎯⎯[427/824]⎯

 FAIL  src/services/cpg/distributionCostCalculator.service.test.ts > DistributionCostCalculatorService > Multiple Variants > should calculate for multiple variants (2 variants)
Error: Validation failed: pallet_data: Invalid input: expected array, received undefined; variantData.Small.quantity: Invalid input: expected number, received undefined; variantData.Large.quantity: Invalid input: expected number, received undefined; selectedFees: Invalid input: expected array, received undefined
 ❯ DistributionCostCalculatorService.calculateDistributionCost src/services/cpg/distributionCostCalculator.service.ts:267:13
    265|         params,
    266|       });
    267|       throw new Error(`Validation failed: ${errorMessage}`);
       |             ^
    268|     }
    269|
 ❯ src/services/cpg/distributionCostCalculator.service.test.ts:729:36

⎯⎯⎯⎯⎯⎯⎯⎯⎯⎯⎯⎯⎯⎯⎯⎯⎯⎯⎯⎯[428/824]⎯

 FAIL  src/services/cpg/distributionCostCalculator.service.test.ts > DistributionCostCalculatorService > Multiple Variants > should calculate for multiple variants with custom names
Error: Validation failed: pallet_data: Invalid input: expected array, received undefined; variantData.8oz.quantity: Invalid input: expected number, received undefined; variantData.16oz.quantity: Invalid input: expected number, received undefined; variantData.32oz.quantity: Invalid input: expected number, received undefined; selectedFees: Invalid input: expected array, received undefined
 ❯ DistributionCostCalculatorService.calculateDistributionCost src/services/cpg/distributionCostCalculator.service.ts:267:13
    265|         params,
    266|       });
    267|       throw new Error(`Validation failed: ${errorMessage}`);
       |             ^
    268|     }
    269|
 ❯ src/services/cpg/distributionCostCalculator.service.test.ts:766:36

⎯⎯⎯⎯⎯⎯⎯⎯⎯⎯⎯⎯⎯⎯⎯⎯⎯⎯⎯⎯[429/824]⎯

 FAIL  src/services/cpg/distributionCostCalculator.service.test.ts > DistributionCostCalculatorService > Scenario Saving > should save calculation as scenario
Error: Validation failed: pallet_data: Invalid input: expected array, received undefined; variantData.8oz.quantity: Invalid input: expected number, received undefined; selectedFees: Invalid input: expected array, received undefined
 ❯ DistributionCostCalculatorService.calculateDistributionCost src/services/cpg/distributionCostCalculator.service.ts:267:13
    265|         params,
    266|       });
    267|       throw new Error(`Validation failed: ${errorMessage}`);
       |             ^
    268|     }
    269|
 ❯ src/services/cpg/distributionCostCalculator.service.test.ts:795:36

⎯⎯⎯⎯⎯⎯⎯⎯⎯⎯⎯⎯⎯⎯⎯⎯⎯⎯⎯⎯[430/824]⎯

 FAIL  src/services/cpg/distributionCostCalculator.service.test.ts > DistributionCostCalculatorService > Scenario Saving > should retrieve saved calculations
Error: Validation failed: pallet_data: Invalid input: expected array, received undefined; variantData.8oz.quantity: Invalid input: expected number, received undefined; selectedFees: Invalid input: expected array, received undefined
 ❯ DistributionCostCalculatorService.calculateDistributionCost src/services/cpg/distributionCostCalculator.service.ts:267:13
    265|         params,
    266|       });
    267|       throw new Error(`Validation failed: ${errorMessage}`);
       |             ^
    268|     }
    269|
 ❯ src/services/cpg/distributionCostCalculator.service.test.ts:831:36

⎯⎯⎯⎯⎯⎯⎯⎯⎯⎯⎯⎯⎯⎯⎯⎯⎯⎯⎯⎯[431/824]⎯

 FAIL  src/services/cpg/distributionCostCalculator.service.test.ts > DistributionCostCalculatorService > Scenario Saving > should filter saved calculations by distributor
Error: Validation failed: pallet_data: Invalid input: expected array, received undefined; variantData.8oz.quantity: Invalid input: expected number, received undefined; selectedFees: Invalid input: expected array, received undefined
 ❯ DistributionCostCalculatorService.calculateDistributionCost src/services/cpg/distributionCostCalculator.service.ts:267:13
    265|         params,
    266|       });
    267|       throw new Error(`Validation failed: ${errorMessage}`);
       |             ^
    268|     }
    269|
 ❯ src/services/cpg/distributionCostCalculator.service.test.ts:884:37

⎯⎯⎯⎯⎯⎯⎯⎯⎯⎯⎯⎯⎯⎯⎯⎯⎯⎯⎯⎯[432/824]⎯

 FAIL  src/services/cpg/distributionCostCalculator.service.test.ts > DistributionCostCalculatorService > Validation > should validate distributor ID
AssertionError: expected [Function] to throw error including 'Distributor ID is required' but got 'Validation failed: distributorId: ID …'

Expected: "Distributor ID is required"
Received: "Validation failed: distributorId: ID is required; pallet_data: Invalid input: expected array, received undefined; variantData.8oz.quantity: Invalid input: expected number, received undefined; selectedFees: Invalid input: expected array, received undefined"

 ❯ src/services/cpg/distributionCostCalculator.service.test.ts:921:61
    919|       };
    920|
    921|       await expect(service.calculateDistributionCost(params)).rejects.…
       |                                                             ^
    922|         'Distributor ID is required'
    923|       );

⎯⎯⎯⎯⎯⎯⎯⎯⎯⎯⎯⎯⎯⎯⎯⎯⎯⎯⎯⎯[433/824]⎯

 FAIL  src/services/cpg/distributionCostCalculator.service.test.ts > DistributionCostCalculatorService > Validation > should validate num pallets > 0
AssertionError: expected [Function] to throw error including 'Number of pallets must be greater tha…' but got 'Validation failed: numPallets: Must b…'

Expected: "Number of pallets must be greater than 0"
Received: "Validation failed: numPallets: Must be greater than 0; pallet_data: Invalid input: expected array, received undefined; variantData.8oz.quantity: Invalid input: expected number, received undefined; selectedFees: Invalid input: expected array, received undefined"

 ❯ src/services/cpg/distributionCostCalculator.service.test.ts:943:61
    941|       };
    942|
    943|       await expect(service.calculateDistributionCost(params)).rejects.…
       |                                                             ^
    944|         'Number of pallets must be greater than 0'
    945|       );

⎯⎯⎯⎯⎯⎯⎯⎯⎯⎯⎯⎯⎯⎯⎯⎯⎯⎯⎯⎯[434/824]⎯

 FAIL  src/services/cpg/distributionCostCalculator.service.test.ts > DistributionCostCalculatorService > Validation > should validate units per pallet > 0
AssertionError: expected [Function] to throw error including 'Units per pallet must be greater than…' but got 'Validation failed: unitsPerPallet: Mu…'

Expected: "Units per pallet must be greater than 0"
Received: "Validation failed: unitsPerPallet: Must be greater than 0; pallet_data: Invalid input: expected array, received undefined; variantData.8oz.quantity: Invalid input: expected number, received undefined; selectedFees: Invalid input: expected array, received undefined"

 ❯ src/services/cpg/distributionCostCalculator.service.test.ts:965:61
    963|       };
    964|
    965|       await expect(service.calculateDistributionCost(params)).rejects.…
       |                                                             ^
    966|         'Units per pallet must be greater than 0'
    967|       );

⎯⎯⎯⎯⎯⎯⎯⎯⎯⎯⎯⎯⎯⎯⎯⎯⎯⎯⎯⎯[435/824]⎯

 FAIL  src/services/cpg/distributionCostCalculator.service.test.ts > DistributionCostCalculatorService > Validation > should validate variant data exists
AssertionError: expected [Function] to throw error including 'At least one variant with pricing dat…' but got 'Validation failed: pallet_data: Inval…'

Expected: "At least one variant with pricing data is required"
Received: "Validation failed: pallet_data: Invalid input: expected array, received undefined; variantData: At least one variant is required; selectedFees: Invalid input: expected array, received undefined"

 ❯ src/services/cpg/distributionCostCalculator.service.test.ts:985:61
    983|       };
    984|
    985|       await expect(service.calculateDistributionCost(params)).rejects.…
       |                                                             ^
    986|         'At least one variant with pricing data is required'
    987|       );

⎯⎯⎯⎯⎯⎯⎯⎯⎯⎯⎯⎯⎯⎯⎯⎯⎯⎯⎯⎯[436/824]⎯

 FAIL  src/services/cpg/distributionCostCalculator.service.test.ts > DistributionCostCalculatorService > Validation > should validate negative price
AssertionError: expected [Function] to throw error including 'Price per unit cannot be negative for…' but got 'Validation failed: pallet_data: Inval…'

Expected: "Price per unit cannot be negative for variant: 8oz"
Received: "Validation failed: pallet_data: Invalid input: expected array, received undefined; variantData.8oz.price_per_unit: Must be a positive number with up to 6 decimal places; variantData.8oz.price_per_unit: Must be greater than 0; variantData.8oz.quantity: Invalid input: expected number, received undefined; selectedFees: Invalid input: expected array, received undefined"

 ❯ src/services/cpg/distributionCostCalculator.service.test.ts:1007:61
    1005|       };
    1006|
    1007|       await expect(service.calculateDistributionCost(params)).rejects.…
       |                                                             ^
    1008|         'Price per unit cannot be negative for variant: 8oz'
    1009|       );

⎯⎯⎯⎯⎯⎯⎯⎯⎯⎯⎯⎯⎯⎯⎯⎯⎯⎯⎯⎯[437/824]⎯

 FAIL  src/services/cpg/distributionCostCalculator.service.test.ts > DistributionCostCalculatorService > Validation > should validate negative base CPU
AssertionError: expected [Function] to throw error including 'Base CPU cannot be negative for varia…' but got 'Validation failed: pallet_data: Inval…'

Expected: "Base CPU cannot be negative for variant: 8oz"
Received: "Validation failed: pallet_data: Invalid input: expected array, received undefined; variantData.8oz.base_cpu: Must be a non-negative number with up to 6 decimal places; variantData.8oz.base_cpu: Cannot be negative; variantData.8oz.quantity: Invalid input: expected number, received undefined; selectedFees: Invalid input: expected array, received undefined"

 ❯ src/services/cpg/distributionCostCalculator.service.test.ts:1029:61
    1027|       };
    1028|
    1029|       await expect(service.calculateDistributionCost(params)).rejects.…
       |                                                             ^
    1030|         'Base CPU cannot be negative for variant: 8oz'
    1031|       );

⎯⎯⎯⎯⎯⎯⎯⎯⎯⎯⎯⎯⎯⎯⎯⎯⎯⎯⎯⎯[438/824]⎯

 FAIL  src/services/cpg/distributionCostCalculator.service.test.ts > DistributionCostCalculatorService > Validation > should validate floor space days > 0
AssertionError: expected [Function] to throw error including 'Floor space days must be greater than…' but got 'Validation failed: pallet_data: Inval…'

Expected: "Floor space days must be greater than 0"
Received: "Validation failed: pallet_data: Invalid input: expected array, received undefined; variantData.8oz.quantity: Invalid input: expected number, received undefined; selectedFees: Invalid input: expected array, received undefined"

 ❯ src/services/cpg/distributionCostCalculator.service.test.ts:1052:61
    1050|       };
    1051|
    1052|       await expect(service.calculateDistributionCost(params)).rejects.…
       |                                                             ^
    1053|         'Floor space days must be greater than 0'
    1054|       );

⎯⎯⎯⎯⎯⎯⎯⎯⎯⎯⎯⎯⎯⎯⎯⎯⎯⎯⎯⎯[439/824]⎯

 FAIL  src/services/cpg/distributionCostCalculator.service.test.ts > DistributionCostCalculatorService > Validation > should validate negative MSRP markup
AssertionError: expected [Function] to throw error including 'MSRP markup percentage cannot be nega…' but got 'Validation failed: pallet_data: Inval…'

Expected: "MSRP markup percentage cannot be negative"
Received: "Validation failed: pallet_data: Invalid input: expected array, received undefined; variantData.8oz.quantity: Invalid input: expected number, received undefined; selectedFees: Invalid input: expected array, received undefined; msrpMarkupPercentage: Must be a number with up to 2 decimal places; msrpMarkupPercentage: Markup percentage must be between 0 and 10,000"

 ❯ src/services/cpg/distributionCostCalculator.service.test.ts:1075:61
    1073|       };
    1074|
    1075|       await expect(service.calculateDistributionCost(params)).rejects.…
       |                                                             ^
    1076|         'MSRP markup percentage cannot be negative'
    1077|       );

⎯⎯⎯⎯⎯⎯⎯⎯⎯⎯⎯⎯⎯⎯⎯⎯⎯⎯⎯⎯[440/824]⎯

 FAIL  src/services/cpg/distributionCostCalculator.service.test.ts > DistributionCostCalculatorService > Complex Scenarios > should calculate realistic scenario with all fees
Error: Validation failed: pallet_data: Invalid input: expected array, received undefined; variantData.8oz.quantity: Invalid input: expected number, received undefined; selectedFees: Invalid input: expected array, received undefined
 ❯ DistributionCostCalculatorService.calculateDistributionCost src/services/cpg/distributionCostCalculator.service.ts:267:13
    265|         params,
    266|       });
    267|       throw new Error(`Validation failed: ${errorMessage}`);
       |             ^
    268|     }
    269|
 ❯ src/services/cpg/distributionCostCalculator.service.test.ts:1100:36

⎯⎯⎯⎯⎯⎯⎯⎯⎯⎯⎯⎯⎯⎯⎯⎯⎯⎯⎯⎯[441/824]⎯

 FAIL  src/services/cpg/historicalAnalytics.service.test.ts > HistoricalAnalyticsService > getCPUTrend > should calculate CPU trend with statistics for 1 year
TypeError: this.db.cpgInvoices.where(...).equals is not a function
 ❯ HistoricalAnalyticsService.getCPUTrend src/services/cpg/historicalAnalytics.service.ts:198:10
    196|       let invoices = await this.db.cpgInvoices
    197|         .where('company_id')
    198|         .equals(companyId).and((inv) => inv.invoice_date >= startDate …
       |          ^
    199|         .and((inv) => inv.deleted_at === null && inv.active)
    200|         .sortBy('invoice_date');
 ❯ src/services/cpg/historicalAnalytics.service.test.ts:207:36

⎯⎯⎯⎯⎯⎯⎯⎯⎯⎯⎯⎯⎯⎯⎯⎯⎯⎯⎯⎯[442/824]⎯

 FAIL  src/services/cpg/historicalAnalytics.service.test.ts > HistoricalAnalyticsService > getCPUTrend > should handle no variant (variant = null)
TypeError: this.db.cpgInvoices.where(...).equals is not a function
 ❯ HistoricalAnalyticsService.getCPUTrend src/services/cpg/historicalAnalytics.service.ts:198:10
    196|       let invoices = await this.db.cpgInvoices
    197|         .where('company_id')
    198|         .equals(companyId).and((inv) => inv.invoice_date >= startDate …
       |          ^
    199|         .and((inv) => inv.deleted_at === null && inv.active)
    200|         .sortBy('invoice_date');
 ❯ src/services/cpg/historicalAnalytics.service.test.ts:229:36

⎯⎯⎯⎯⎯⎯⎯⎯⎯⎯⎯⎯⎯⎯⎯⎯⎯⎯⎯⎯[443/824]⎯

 FAIL  src/services/cpg/historicalAnalytics.service.test.ts > HistoricalAnalyticsService > getCPUTrend > should calculate rolling averages (3-month and 6-month)
TypeError: this.db.cpgInvoices.where(...).equals is not a function
 ❯ HistoricalAnalyticsService.getCPUTrend src/services/cpg/historicalAnalytics.service.ts:198:10
    196|       let invoices = await this.db.cpgInvoices
    197|         .where('company_id')
    198|         .equals(companyId).and((inv) => inv.invoice_date >= startDate …
       |          ^
    199|         .and((inv) => inv.deleted_at === null && inv.active)
    200|         .sortBy('invoice_date');
 ❯ src/services/cpg/historicalAnalytics.service.test.ts:249:36

⎯⎯⎯⎯⎯⎯⎯⎯⎯⎯⎯⎯⎯⎯⎯⎯⎯⎯⎯⎯[444/824]⎯

 FAIL  src/services/cpg/historicalAnalytics.service.test.ts > HistoricalAnalyticsService > getCPUTrend > should handle decreasing trend
TypeError: this.db.cpgInvoices.where(...).equals is not a function
 ❯ HistoricalAnalyticsService.getCPUTrend src/services/cpg/historicalAnalytics.service.ts:198:10
    196|       let invoices = await this.db.cpgInvoices
    197|         .where('company_id')
    198|         .equals(companyId).and((inv) => inv.invoice_date >= startDate …
       |          ^
    199|         .and((inv) => inv.deleted_at === null && inv.active)
    200|         .sortBy('invoice_date');
 ❯ src/services/cpg/historicalAnalytics.service.test.ts:267:36

⎯⎯⎯⎯⎯⎯⎯⎯⎯⎯⎯⎯⎯⎯⎯⎯⎯⎯⎯⎯[445/824]⎯

 FAIL  src/services/cpg/historicalAnalytics.service.test.ts > HistoricalAnalyticsService > getCPUTrend > should handle stable trend
TypeError: this.db.cpgInvoices.where(...).equals is not a function
 ❯ HistoricalAnalyticsService.getCPUTrend src/services/cpg/historicalAnalytics.service.ts:198:10
    196|       let invoices = await this.db.cpgInvoices
    197|         .where('company_id')
    198|         .equals(companyId).and((inv) => inv.invoice_date >= startDate …
       |          ^
    199|         .and((inv) => inv.deleted_at === null && inv.active)
    200|         .sortBy('invoice_date');
 ❯ src/services/cpg/historicalAnalytics.service.test.ts:285:36

⎯⎯⎯⎯⎯⎯⎯⎯⎯⎯⎯⎯⎯⎯⎯⎯⎯⎯⎯⎯[446/824]⎯

 FAIL  src/services/cpg/historicalAnalytics.service.test.ts > HistoricalAnalyticsService > getCPUTrend > should handle empty data
TypeError: this.db.cpgInvoices.where(...).equals is not a function
 ❯ HistoricalAnalyticsService.getCPUTrend src/services/cpg/historicalAnalytics.service.ts:198:10
    196|       let invoices = await this.db.cpgInvoices
    197|         .where('company_id')
    198|         .equals(companyId).and((inv) => inv.invoice_date >= startDate …
       |          ^
    199|         .and((inv) => inv.deleted_at === null && inv.active)
    200|         .sortBy('invoice_date');
 ❯ src/services/cpg/historicalAnalytics.service.test.ts:295:36

⎯⎯⎯⎯⎯⎯⎯⎯⎯⎯⎯⎯⎯⎯⎯⎯⎯⎯⎯⎯[447/824]⎯

 FAIL  src/services/cpg/historicalAnalytics.service.test.ts > HistoricalAnalyticsService > getCPUTrend > should handle single data point
TypeError: this.db.cpgInvoices.where(...).equals is not a function
 ❯ HistoricalAnalyticsService.getCPUTrend src/services/cpg/historicalAnalytics.service.ts:198:10
    196|       let invoices = await this.db.cpgInvoices
    197|         .where('company_id')
    198|         .equals(companyId).and((inv) => inv.invoice_date >= startDate …
       |          ^
    199|         .and((inv) => inv.deleted_at === null && inv.active)
    200|         .sortBy('invoice_date');
 ❯ src/services/cpg/historicalAnalytics.service.test.ts:312:36

⎯⎯⎯⎯⎯⎯⎯⎯⎯⎯⎯⎯⎯⎯⎯⎯⎯⎯⎯⎯[448/824]⎯

 FAIL  src/services/cpg/historicalAnalytics.service.test.ts > HistoricalAnalyticsService > getCPUTrend > should filter by category if provided
TypeError: this.db.cpgInvoices.where(...).equals is not a function
 ❯ HistoricalAnalyticsService.getCPUTrend src/services/cpg/historicalAnalytics.service.ts:198:10
    196|       let invoices = await this.db.cpgInvoices
    197|         .where('company_id')
    198|         .equals(companyId).and((inv) => inv.invoice_date >= startDate …
       |          ^
    199|         .and((inv) => inv.deleted_at === null && inv.active)
    200|         .sortBy('invoice_date');
 ❯ src/services/cpg/historicalAnalytics.service.test.ts:355:36

⎯⎯⎯⎯⎯⎯⎯⎯⎯⎯⎯⎯⎯⎯⎯⎯⎯⎯⎯⎯[449/824]⎯

 FAIL  src/services/cpg/historicalAnalytics.service.test.ts > HistoricalAnalyticsService > detectSeasonalPatterns > should detect seasonal patterns with 2+ years of data
TypeError: this.db.cpgInvoices.where(...).equals is not a function
 ❯ HistoricalAnalyticsService.getCPUTrend src/services/cpg/historicalAnalytics.service.ts:198:10
    196|       let invoices = await this.db.cpgInvoices
    197|         .where('company_id')
    198|         .equals(companyId).and((inv) => inv.invoice_date >= startDate …
       |          ^
    199|         .and((inv) => inv.deleted_at === null && inv.active)
    200|         .sortBy('invoice_date');
 ❯ HistoricalAnalyticsService.detectSeasonalPatterns src/services/cpg/historicalAnalytics.service.ts:277:38
 ❯ src/services/cpg/historicalAnalytics.service.test.ts:383:36

⎯⎯⎯⎯⎯⎯⎯⎯⎯⎯⎯⎯⎯⎯⎯⎯⎯⎯⎯⎯[450/824]⎯

 FAIL  src/services/cpg/historicalAnalytics.service.test.ts > HistoricalAnalyticsService > detectSeasonalPatterns > should throw error if insufficient data (< 2 years)
AssertionError: expected [Function] to throw error including 'Insufficient data for seasonal analys…' but got 'this.db.cpgInvoices.where(...).equals…'

Expected: "Insufficient data for seasonal analysis"
Received: "this.db.cpgInvoices.where(...).equals is not a function"

 ❯ src/services/cpg/historicalAnalytics.service.test.ts:400:68
    398|       vi.mocked(mockDb.cpgInvoices.sortBy).mockResolvedValue(mockInvoi…
    399|
    400|       await expect(service.detectSeasonalPatterns(companyId, '8oz')).r…
       |                                                                    ^
    401|         'Insufficient data for seasonal analysis'
    402|       );

⎯⎯⎯⎯⎯⎯⎯⎯⎯⎯⎯⎯⎯⎯⎯⎯⎯⎯⎯⎯[451/824]⎯

 FAIL  src/services/cpg/historicalAnalytics.service.test.ts > HistoricalAnalyticsService > detectSeasonalPatterns > should throw error if no data available
AssertionError: expected [Function] to throw error including 'No data available for seasonal analys…' but got 'this.db.cpgInvoices.where(...).equals…'

Expected: "No data available for seasonal analysis"
Received: "this.db.cpgInvoices.where(...).equals is not a function"

 ❯ src/services/cpg/historicalAnalytics.service.test.ts:410:68
    408|       vi.mocked(mockDb.cpgInvoices.sortBy).mockResolvedValue([]);
    409|
    410|       await expect(service.detectSeasonalPatterns(companyId, '8oz')).r…
       |                                                                    ^
    411|         'No data available for seasonal analysis'
    412|       );

⎯⎯⎯⎯⎯⎯⎯⎯⎯⎯⎯⎯⎯⎯⎯⎯⎯⎯⎯⎯[452/824]⎯

 FAIL  src/services/cpg/historicalAnalytics.service.test.ts > HistoricalAnalyticsService > detectSeasonalPatterns > should identify high cost months correctly
TypeError: this.db.cpgInvoices.where(...).equals is not a function
 ❯ HistoricalAnalyticsService.getCPUTrend src/services/cpg/historicalAnalytics.service.ts:198:10
    196|       let invoices = await this.db.cpgInvoices
    197|         .where('company_id')
    198|         .equals(companyId).and((inv) => inv.invoice_date >= startDate …
       |          ^
    199|         .and((inv) => inv.deleted_at === null && inv.active)
    200|         .sortBy('invoice_date');
 ❯ HistoricalAnalyticsService.detectSeasonalPatterns src/services/cpg/historicalAnalytics.service.ts:277:38
 ❯ src/services/cpg/historicalAnalytics.service.test.ts:432:36

⎯⎯⎯⎯⎯⎯⎯⎯⎯⎯⎯⎯⎯⎯⎯⎯⎯⎯⎯⎯[453/824]⎯

 FAIL  src/services/cpg/historicalAnalytics.service.test.ts > HistoricalAnalyticsService > detectSeasonalPatterns > should identify low cost months correctly
TypeError: this.db.cpgInvoices.where(...).equals is not a function
 ❯ HistoricalAnalyticsService.getCPUTrend src/services/cpg/historicalAnalytics.service.ts:198:10
    196|       let invoices = await this.db.cpgInvoices
    197|         .where('company_id')
    198|         .equals(companyId).and((inv) => inv.invoice_date >= startDate …
       |          ^
    199|         .and((inv) => inv.deleted_at === null && inv.active)
    200|         .sortBy('invoice_date');
 ❯ HistoricalAnalyticsService.detectSeasonalPatterns src/services/cpg/historicalAnalytics.service.ts:277:38
 ❯ src/services/cpg/historicalAnalytics.service.test.ts:454:36

⎯⎯⎯⎯⎯⎯⎯⎯⎯⎯⎯⎯⎯⎯⎯⎯⎯⎯⎯⎯[454/824]⎯

 FAIL  src/services/cpg/historicalAnalytics.service.test.ts > HistoricalAnalyticsService > detectSeasonalPatterns > should handle no significant seasonal patterns
TypeError: this.db.cpgInvoices.where(...).equals is not a function
 ❯ HistoricalAnalyticsService.getCPUTrend src/services/cpg/historicalAnalytics.service.ts:198:10
    196|       let invoices = await this.db.cpgInvoices
    197|         .where('company_id')
    198|         .equals(companyId).and((inv) => inv.invoice_date >= startDate …
       |          ^
    199|         .and((inv) => inv.deleted_at === null && inv.active)
    200|         .sortBy('invoice_date');
 ❯ HistoricalAnalyticsService.detectSeasonalPatterns src/services/cpg/historicalAnalytics.service.ts:277:38
 ❯ src/services/cpg/historicalAnalytics.service.test.ts:473:36

⎯⎯⎯⎯⎯⎯⎯⎯⎯⎯⎯⎯⎯⎯⎯⎯⎯⎯⎯⎯[455/824]⎯

 FAIL  src/services/cpg/historicalAnalytics.service.test.ts > HistoricalAnalyticsService > getDistributorCostTrend > should calculate distributor cost trend
AssertionError: expected '110.333333' to be '110.33' // Object.is equality

Expected: "110.33"
Received: "110.333333"

 ❯ src/services/cpg/historicalAnalytics.service.test.ts:500:52
    498|       expect(result.distributor_name).toBe('Test Distributor');
    499|       expect(result.data_points).toHaveLength(3);
    500|       expect(result.statistics.average_total_cost).toBe('110.33');
       |                                                    ^
    501|       expect(result.statistics.min_cost).toBe('106.00');
    502|       expect(result.statistics.max_cost).toBe('115.00');

⎯⎯⎯⎯⎯⎯⎯⎯⎯⎯⎯⎯⎯⎯⎯⎯⎯⎯⎯⎯[456/824]⎯

 FAIL  src/services/cpg/historicalAnalytics.service.test.ts > HistoricalAnalyticsService > analyzeTradeSpendROI > should analyze trade spend ROI
AssertionError: expected '1000.000000' to be '1000.00' // Object.is equality

Expected: "1000.00"
Received: "1000.000000"

 ❯ src/services/cpg/historicalAnalytics.service.test.ts:571:39
    569|
    570|       expect(result.total_promos_analyzed).toBe(3);
    571|       expect(result.total_promo_cost).toBe('1000.00');
       |                                       ^
    572|       expect(result.participated_count).toBe(1);
    573|       expect(result.declined_count).toBe(1);

⎯⎯⎯⎯⎯⎯⎯⎯⎯⎯⎯⎯⎯⎯⎯⎯⎯⎯⎯⎯[457/824]⎯

 FAIL  src/services/cpg/historicalAnalytics.service.test.ts > HistoricalAnalyticsService > analyzeTradeSpendROI > should calculate margin impact correctly
AssertionError: expected '-10.000000' to be '-10.00' // Object.is equality

Expected: "-10.00"
Received: "-10.000000"

 ❯ src/services/cpg/historicalAnalytics.service.test.ts:586:46
    584|       const result = await service.analyzeTradeSpendROI(companyId, '1y…
    585|
    586|       expect(result.promos[0].margin_impact).toBe('-10.00'); // 68.50 …
       |                                              ^
    587|       expect(result.average_margin_impact).toBe('-10.00');
    588|     });

⎯⎯⎯⎯⎯⎯⎯⎯⎯⎯⎯⎯⎯⎯⎯⎯⎯⎯⎯⎯[458/824]⎯

 FAIL  src/services/cpg/historicalAnalytics.service.test.ts > HistoricalAnalyticsService > analyzeTradeSpendROI > should handle no promos
AssertionError: expected '0.000000' to be '0.00' // Object.is equality

Expected: "0.00"
Received: "0.000000"

 ❯ src/services/cpg/historicalAnalytics.service.test.ts:598:39
    596|
    597|       expect(result.total_promos_analyzed).toBe(0);
    598|       expect(result.total_promo_cost).toBe('0.00');
       |                                       ^
    599|       expect(result.participated_count).toBe(0);
    600|       expect(result.declined_count).toBe(0);

⎯⎯⎯⎯⎯⎯⎯⎯⎯⎯⎯⎯⎯⎯⎯⎯⎯⎯⎯⎯[459/824]⎯

 FAIL  src/services/cpg/historicalAnalytics.service.test.ts > HistoricalAnalyticsService > Edge Cases > should handle gaps in timeline
TypeError: this.db.cpgInvoices.where(...).equals is not a function
 ❯ HistoricalAnalyticsService.getCPUTrend src/services/cpg/historicalAnalytics.service.ts:198:10
    196|       let invoices = await this.db.cpgInvoices
    197|         .where('company_id')
    198|         .equals(companyId).and((inv) => inv.invoice_date >= startDate …
       |          ^
    199|         .and((inv) => inv.deleted_at === null && inv.active)
    200|         .sortBy('invoice_date');
 ❯ src/services/cpg/historicalAnalytics.service.test.ts:636:36

⎯⎯⎯⎯⎯⎯⎯⎯⎯⎯⎯⎯⎯⎯⎯⎯⎯⎯⎯⎯[460/824]⎯

 FAIL  src/services/cpg/historicalAnalytics.service.test.ts > HistoricalAnalyticsService > Edge Cases > should handle very large CPU values
TypeError: this.db.cpgInvoices.where(...).equals is not a function
 ❯ HistoricalAnalyticsService.getCPUTrend src/services/cpg/historicalAnalytics.service.ts:198:10
    196|       let invoices = await this.db.cpgInvoices
    197|         .where('company_id')
    198|         .equals(companyId).and((inv) => inv.invoice_date >= startDate …
       |          ^
    199|         .and((inv) => inv.deleted_at === null && inv.active)
    200|         .sortBy('invoice_date');
 ❯ src/services/cpg/historicalAnalytics.service.test.ts:652:36

⎯⎯⎯⎯⎯⎯⎯⎯⎯⎯⎯⎯⎯⎯⎯⎯⎯⎯⎯⎯[461/824]⎯

 FAIL  src/services/cpg/historicalAnalytics.service.test.ts > HistoricalAnalyticsService > Edge Cases > should handle very small CPU values
TypeError: this.db.cpgInvoices.where(...).equals is not a function
 ❯ HistoricalAnalyticsService.getCPUTrend src/services/cpg/historicalAnalytics.service.ts:198:10
    196|       let invoices = await this.db.cpgInvoices
    197|         .where('company_id')
    198|         .equals(companyId).and((inv) => inv.invoice_date >= startDate …
       |          ^
    199|         .and((inv) => inv.deleted_at === null && inv.active)
    200|         .sortBy('invoice_date');
 ❯ src/services/cpg/historicalAnalytics.service.test.ts:665:36

⎯⎯⎯⎯⎯⎯⎯⎯⎯⎯⎯⎯⎯⎯⎯⎯⎯⎯⎯⎯[462/824]⎯

 FAIL  src/services/cpg/historicalAnalytics.service.test.ts > HistoricalAnalyticsService > Edge Cases > should handle multiple variants in same invoice
TypeError: this.db.cpgInvoices.where(...).equals is not a function
 ❯ HistoricalAnalyticsService.getCPUTrend src/services/cpg/historicalAnalytics.service.ts:198:10
    196|       let invoices = await this.db.cpgInvoices
    197|         .where('company_id')
    198|         .equals(companyId).and((inv) => inv.invoice_date >= startDate …
       |          ^
    199|         .and((inv) => inv.deleted_at === null && inv.active)
    200|         .sortBy('invoice_date');
 ❯ src/services/cpg/historicalAnalytics.service.test.ts:684:39

⎯⎯⎯⎯⎯⎯⎯⎯⎯⎯⎯⎯⎯⎯⎯⎯⎯⎯⎯⎯[463/824]⎯

 FAIL  src/services/cpg/salesPromoAnalyzer.service.test.ts > SalesPromoAnalyzerService > createPromo > should throw error if promo name is missing
AssertionError: expected [Function] to throw error including 'promo_name is required' but got 'Validation failed: promoName: Too sma…'

Expected: "promo_name is required"
Received: "Validation failed: promoName: Too small: expected string to have >=1 characters"

 ❯ src/services/cpg/salesPromoAnalyzer.service.test.ts:130:7
    128|           deviceId
    129|         )
    130|       ).rejects.toThrow('promo_name is required');
       |       ^
    131|     });
    132|

⎯⎯⎯⎯⎯⎯⎯⎯⎯⎯⎯⎯⎯⎯⎯⎯⎯⎯⎯⎯[464/824]⎯

 FAIL  src/services/cpg/salesPromoAnalyzer.service.test.ts > SalesPromoAnalyzerService > createPromo > should throw error if company ID is missing
AssertionError: expected [Function] to throw error including 'company_id is required' but got 'Validation failed: companyId: Company…'

Expected: "company_id is required"
Received: "Validation failed: companyId: Company ID is required"

 ❯ src/services/cpg/salesPromoAnalyzer.service.test.ts:144:7
    142|           deviceId
    143|         )
    144|       ).rejects.toThrow('company_id is required');
       |       ^
    145|     });
    146|   });

⎯⎯⎯⎯⎯⎯⎯⎯⎯⎯⎯⎯⎯⎯⎯⎯⎯⎯⎯⎯[465/824]⎯

 FAIL  src/services/cpg/salesPromoAnalyzer.service.test.ts > SalesPromoAnalyzerService > analyzePromo - Basic Calculations > should calculate sales promo cost per unit correctly
TypeError: Cannot read properties of undefined (reading 'where')
 ❯ SalesPromoAnalyzerService.analyzePromo src/services/cpg/salesPromoAnalyzer.service.ts:320:8
    318|     // Get CPG settings for margin quality thresholds
    319|     let settings = await this.db.cpgSettings
    320|       .where('company_id')
       |        ^
    321|       .equals(promo.company_id)
    322|       .and((s) => s.active && !s.deleted_at)
 ❯ src/services/cpg/salesPromoAnalyzer.service.test.ts:244:22

⎯⎯⎯⎯⎯⎯⎯⎯⎯⎯⎯⎯⎯⎯⎯⎯⎯⎯⎯⎯[466/824]⎯

 FAIL  src/services/cpg/salesPromoAnalyzer.service.test.ts > SalesPromoAnalyzerService > analyzePromo - Basic Calculations > should calculate CPU with promo correctly
TypeError: Cannot read properties of undefined (reading 'where')
 ❯ SalesPromoAnalyzerService.analyzePromo src/services/cpg/salesPromoAnalyzer.service.ts:320:8
    318|     // Get CPG settings for margin quality thresholds
    319|     let settings = await this.db.cpgSettings
    320|       .where('company_id')
       |        ^
    321|       .equals(promo.company_id)
    322|       .and((s) => s.active && !s.deleted_at)
 ❯ src/services/cpg/salesPromoAnalyzer.service.test.ts:273:22

⎯⎯⎯⎯⎯⎯⎯⎯⎯⎯⎯⎯⎯⎯⎯⎯⎯⎯⎯⎯[467/824]⎯

 FAIL  src/services/cpg/salesPromoAnalyzer.service.test.ts > SalesPromoAnalyzerService > analyzePromo - Basic Calculations > should calculate profit margins correctly
TypeError: Cannot read properties of undefined (reading 'where')
 ❯ SalesPromoAnalyzerService.analyzePromo src/services/cpg/salesPromoAnalyzer.service.ts:320:8
    318|     // Get CPG settings for margin quality thresholds
    319|     let settings = await this.db.cpgSettings
    320|       .where('company_id')
       |        ^
    321|       .equals(promo.company_id)
    322|       .and((s) => s.active && !s.deleted_at)
 ❯ src/services/cpg/salesPromoAnalyzer.service.test.ts:302:22

⎯⎯⎯⎯⎯⎯⎯⎯⎯⎯⎯⎯⎯⎯⎯⎯⎯⎯⎯⎯[468/824]⎯

 FAIL  src/services/cpg/salesPromoAnalyzer.service.test.ts > SalesPromoAnalyzerService > analyzePromo - Basic Calculations > should calculate total promo cost across all variants
TypeError: Cannot read properties of undefined (reading 'where')
 ❯ SalesPromoAnalyzerService.analyzePromo src/services/cpg/salesPromoAnalyzer.service.ts:320:8
    318|     // Get CPG settings for margin quality thresholds
    319|     let settings = await this.db.cpgSettings
    320|       .where('company_id')
       |        ^
    321|       .equals(promo.company_id)
    322|       .and((s) => s.active && !s.deleted_at)
 ❯ src/services/cpg/salesPromoAnalyzer.service.test.ts:337:22

⎯⎯⎯⎯⎯⎯⎯⎯⎯⎯⎯⎯⎯⎯⎯⎯⎯⎯⎯⎯[469/824]⎯

 FAIL  src/services/cpg/salesPromoAnalyzer.service.test.ts > SalesPromoAnalyzerService > analyzePromo - Edge Cases > should handle 0% producer payback (no promo cost)
TypeError: Cannot read properties of undefined (reading 'where')
 ❯ SalesPromoAnalyzerService.analyzePromo src/services/cpg/salesPromoAnalyzer.service.ts:320:8
    318|     // Get CPG settings for margin quality thresholds
    319|     let settings = await this.db.cpgSettings
    320|       .where('company_id')
       |        ^
    321|       .equals(promo.company_id)
    322|       .and((s) => s.active && !s.deleted_at)
 ❯ src/services/cpg/salesPromoAnalyzer.service.test.ts:373:22

⎯⎯⎯⎯⎯⎯⎯⎯⎯⎯⎯⎯⎯⎯⎯⎯⎯⎯⎯⎯[470/824]⎯

 FAIL  src/services/cpg/salesPromoAnalyzer.service.test.ts > SalesPromoAnalyzerService > analyzePromo - Edge Cases > should handle 100% producer payback (full discount)
TypeError: Cannot read properties of undefined (reading 'where')
 ❯ SalesPromoAnalyzerService.analyzePromo src/services/cpg/salesPromoAnalyzer.service.ts:320:8
    318|     // Get CPG settings for margin quality thresholds
    319|     let settings = await this.db.cpgSettings
    320|       .where('company_id')
       |        ^
    321|       .equals(promo.company_id)
    322|       .and((s) => s.active && !s.deleted_at)
 ❯ src/services/cpg/salesPromoAnalyzer.service.test.ts:410:22

⎯⎯⎯⎯⎯⎯⎯⎯⎯⎯⎯⎯⎯⎯⎯⎯⎯⎯⎯⎯[471/824]⎯

 FAIL  src/services/cpg/salesPromoAnalyzer.service.test.ts > SalesPromoAnalyzerService > analyzePromo - Edge Cases > should handle various producer payback percentages
TypeError: Cannot read properties of undefined (reading 'where')
 ❯ SalesPromoAnalyzerService.analyzePromo src/services/cpg/salesPromoAnalyzer.service.ts:320:8
    318|     // Get CPG settings for margin quality thresholds
    319|     let settings = await this.db.cpgSettings
    320|       .where('company_id')
       |        ^
    321|       .equals(promo.company_id)
    322|       .and((s) => s.active && !s.deleted_at)
 ❯ src/services/cpg/salesPromoAnalyzer.service.test.ts:453:24

⎯⎯⎯⎯⎯⎯⎯⎯⎯⎯⎯⎯⎯⎯⎯⎯⎯⎯⎯⎯[472/824]⎯

 FAIL  src/services/cpg/salesPromoAnalyzer.service.test.ts > SalesPromoAnalyzerService > analyzePromo - Edge Cases > should handle various store sale percentages
TypeError: Cannot read properties of undefined (reading 'where')
 ❯ SalesPromoAnalyzerService.analyzePromo src/services/cpg/salesPromoAnalyzer.service.ts:320:8
    318|     // Get CPG settings for margin quality thresholds
    319|     let settings = await this.db.cpgSettings
    320|       .where('company_id')
       |        ^
    321|       .equals(promo.company_id)
    322|       .and((s) => s.active && !s.deleted_at)
 ❯ src/services/cpg/salesPromoAnalyzer.service.test.ts:490:24

⎯⎯⎯⎯⎯⎯⎯⎯⎯⎯⎯⎯⎯⎯⎯⎯⎯⎯⎯⎯[473/824]⎯

 FAIL  src/services/cpg/salesPromoAnalyzer.service.test.ts > SalesPromoAnalyzerService > analyzePromo - Edge Cases > should handle fractional retail prices
TypeError: Cannot read properties of undefined (reading 'where')
 ❯ SalesPromoAnalyzerService.analyzePromo src/services/cpg/salesPromoAnalyzer.service.ts:320:8
    318|     // Get CPG settings for margin quality thresholds
    319|     let settings = await this.db.cpgSettings
    320|       .where('company_id')
       |        ^
    321|       .equals(promo.company_id)
    322|       .and((s) => s.active && !s.deleted_at)
 ❯ src/services/cpg/salesPromoAnalyzer.service.test.ts:521:22

⎯⎯⎯⎯⎯⎯⎯⎯⎯⎯⎯⎯⎯⎯⎯⎯⎯⎯⎯⎯[474/824]⎯

 FAIL  src/services/cpg/salesPromoAnalyzer.service.test.ts > SalesPromoAnalyzerService > analyzePromo - Edge Cases > should handle zero retail price gracefully
Error: Validation failed: variantPromoData.8oz.retailPrice: Must be greater than 0
 ❯ SalesPromoAnalyzerService.analyzePromo src/services/cpg/salesPromoAnalyzer.service.ts:309:13
    307|         params,
    308|       });
    309|       throw new Error(`Validation failed: ${errorMessage}`);
       |             ^
    310|     }
    311|
 ❯ src/services/cpg/salesPromoAnalyzer.service.test.ts:550:36

⎯⎯⎯⎯⎯⎯⎯⎯⎯⎯⎯⎯⎯⎯⎯⎯⎯⎯⎯⎯[475/824]⎯

 FAIL  src/services/cpg/salesPromoAnalyzer.service.test.ts > SalesPromoAnalyzerService > analyzePromo - Recommendation Logic > should recommend PARTICIPATE when margin >= 50%
TypeError: Cannot read properties of undefined (reading 'where')
 ❯ SalesPromoAnalyzerService.analyzePromo src/services/cpg/salesPromoAnalyzer.service.ts:320:8
    318|     // Get CPG settings for margin quality thresholds
    319|     let settings = await this.db.cpgSettings
    320|       .where('company_id')
       |        ^
    321|       .equals(promo.company_id)
    322|       .and((s) => s.active && !s.deleted_at)
 ❯ src/services/cpg/salesPromoAnalyzer.service.test.ts:585:22

⎯⎯⎯⎯⎯⎯⎯⎯⎯⎯⎯⎯⎯⎯⎯⎯⎯⎯⎯⎯[476/824]⎯

 FAIL  src/services/cpg/salesPromoAnalyzer.service.test.ts > SalesPromoAnalyzerService > analyzePromo - Recommendation Logic > should recommend DECLINE when margin < 40%
TypeError: Cannot read properties of undefined (reading 'where')
 ❯ SalesPromoAnalyzerService.analyzePromo src/services/cpg/salesPromoAnalyzer.service.ts:320:8
    318|     // Get CPG settings for margin quality thresholds
    319|     let settings = await this.db.cpgSettings
    320|       .where('company_id')
       |        ^
    321|       .equals(promo.company_id)
    322|       .and((s) => s.active && !s.deleted_at)
 ❯ src/services/cpg/salesPromoAnalyzer.service.test.ts:615:22

⎯⎯⎯⎯⎯⎯⎯⎯⎯⎯⎯⎯⎯⎯⎯⎯⎯⎯⎯⎯[477/824]⎯

 FAIL  src/services/cpg/salesPromoAnalyzer.service.test.ts > SalesPromoAnalyzerService > analyzePromo - Recommendation Logic > should recommend NEUTRAL when margin is 40-50%
TypeError: Cannot read properties of undefined (reading 'where')
 ❯ SalesPromoAnalyzerService.analyzePromo src/services/cpg/salesPromoAnalyzer.service.ts:320:8
    318|     // Get CPG settings for margin quality thresholds
    319|     let settings = await this.db.cpgSettings
    320|       .where('company_id')
       |        ^
    321|       .equals(promo.company_id)
    322|       .and((s) => s.active && !s.deleted_at)
 ❯ src/services/cpg/salesPromoAnalyzer.service.test.ts:645:22

⎯⎯⎯⎯⎯⎯⎯⎯⎯⎯⎯⎯⎯⎯⎯⎯⎯⎯⎯⎯[478/824]⎯

 FAIL  src/services/cpg/salesPromoAnalyzer.service.test.ts > SalesPromoAnalyzerService > analyzePromo - Recommendation Logic > should recommend DECLINE if ANY variant has margin < 40%
TypeError: Cannot read properties of undefined (reading 'where')
 ❯ SalesPromoAnalyzerService.analyzePromo src/services/cpg/salesPromoAnalyzer.service.ts:320:8
    318|     // Get CPG settings for margin quality thresholds
    319|     let settings = await this.db.cpgSettings
    320|       .where('company_id')
       |        ^
    321|       .equals(promo.company_id)
    322|       .and((s) => s.active && !s.deleted_at)
 ❯ src/services/cpg/salesPromoAnalyzer.service.test.ts:675:22

⎯⎯⎯⎯⎯⎯⎯⎯⎯⎯⎯⎯⎯⎯⎯⎯⎯⎯⎯⎯[479/824]⎯

 FAIL  src/services/cpg/salesPromoAnalyzer.service.test.ts > SalesPromoAnalyzerService > analyzePromo - Recommendation Logic > should recommend PARTICIPATE if ALL variants have margin >= 50%
TypeError: Cannot read properties of undefined (reading 'where')
 ❯ SalesPromoAnalyzerService.analyzePromo src/services/cpg/salesPromoAnalyzer.service.ts:320:8
    318|     // Get CPG settings for margin quality thresholds
    319|     let settings = await this.db.cpgSettings
    320|       .where('company_id')
       |        ^
    321|       .equals(promo.company_id)
    322|       .and((s) => s.active && !s.deleted_at)
 ❯ src/services/cpg/salesPromoAnalyzer.service.test.ts:709:22

⎯⎯⎯⎯⎯⎯⎯⎯⎯⎯⎯⎯⎯⎯⎯⎯⎯⎯⎯⎯[480/824]⎯

 FAIL  src/services/cpg/salesPromoAnalyzer.service.test.ts > SalesPromoAnalyzerService > analyzePromo - Margin Quality > should assign margin quality: poor (< 50%)
TypeError: Cannot read properties of undefined (reading 'where')
 ❯ SalesPromoAnalyzerService.analyzePromo src/services/cpg/salesPromoAnalyzer.service.ts:320:8
    318|     // Get CPG settings for margin quality thresholds
    319|     let settings = await this.db.cpgSettings
    320|       .where('company_id')
       |        ^
    321|       .equals(promo.company_id)
    322|       .and((s) => s.active && !s.deleted_at)
 ❯ src/services/cpg/salesPromoAnalyzer.service.test.ts:745:22

⎯⎯⎯⎯⎯⎯⎯⎯⎯⎯⎯⎯⎯⎯⎯⎯⎯⎯⎯⎯[481/824]⎯

 FAIL  src/services/cpg/salesPromoAnalyzer.service.test.ts > SalesPromoAnalyzerService > analyzePromo - Margin Quality > should assign margin quality: good (50-60%)
TypeError: Cannot read properties of undefined (reading 'where')
 ❯ SalesPromoAnalyzerService.analyzePromo src/services/cpg/salesPromoAnalyzer.service.ts:320:8
    318|     // Get CPG settings for margin quality thresholds
    319|     let settings = await this.db.cpgSettings
    320|       .where('company_id')
       |        ^
    321|       .equals(promo.company_id)
    322|       .and((s) => s.active && !s.deleted_at)
 ❯ src/services/cpg/salesPromoAnalyzer.service.test.ts:773:22

⎯⎯⎯⎯⎯⎯⎯⎯⎯⎯⎯⎯⎯⎯⎯⎯⎯⎯⎯⎯[482/824]⎯

 FAIL  src/services/cpg/salesPromoAnalyzer.service.test.ts > SalesPromoAnalyzerService > analyzePromo - Margin Quality > should assign margin quality: better (60-70%)
TypeError: Cannot read properties of undefined (reading 'where')
 ❯ SalesPromoAnalyzerService.analyzePromo src/services/cpg/salesPromoAnalyzer.service.ts:320:8
    318|     // Get CPG settings for margin quality thresholds
    319|     let settings = await this.db.cpgSettings
    320|       .where('company_id')
       |        ^
    321|       .equals(promo.company_id)
    322|       .and((s) => s.active && !s.deleted_at)
 ❯ src/services/cpg/salesPromoAnalyzer.service.test.ts:801:22

⎯⎯⎯⎯⎯⎯⎯⎯⎯⎯⎯⎯⎯⎯⎯⎯⎯⎯⎯⎯[483/824]⎯

 FAIL  src/services/cpg/salesPromoAnalyzer.service.test.ts > SalesPromoAnalyzerService > analyzePromo - Margin Quality > should assign margin quality: best (>= 70%)
TypeError: Cannot read properties of undefined (reading 'where')
 ❯ SalesPromoAnalyzerService.analyzePromo src/services/cpg/salesPromoAnalyzer.service.ts:320:8
    318|     // Get CPG settings for margin quality thresholds
    319|     let settings = await this.db.cpgSettings
    320|       .where('company_id')
       |        ^
    321|       .equals(promo.company_id)
    322|       .and((s) => s.active && !s.deleted_at)
 ❯ src/services/cpg/salesPromoAnalyzer.service.test.ts:829:22

⎯⎯⎯⎯⎯⎯⎯⎯⎯⎯⎯⎯⎯⎯⎯⎯⎯⎯⎯⎯[484/824]⎯

 FAIL  src/services/cpg/salesPromoAnalyzer.service.test.ts > SalesPromoAnalyzerService > comparePromoVsNoPromo > should compare with/without promo scenarios
TypeError: Cannot read properties of undefined (reading 'where')
 ❯ SalesPromoAnalyzerService.analyzePromo src/services/cpg/salesPromoAnalyzer.service.ts:320:8
    318|     // Get CPG settings for margin quality thresholds
    319|     let settings = await this.db.cpgSettings
    320|       .where('company_id')
       |        ^
    321|       .equals(promo.company_id)
    322|       .and((s) => s.active && !s.deleted_at)
 ❯ src/services/cpg/salesPromoAnalyzer.service.test.ts:860:7

⎯⎯⎯⎯⎯⎯⎯⎯⎯⎯⎯⎯⎯⎯⎯⎯⎯⎯⎯⎯[485/824]⎯

 FAIL  src/services/cpg/salesPromoAnalyzer.service.test.ts > SalesPromoAnalyzerService > comparePromoVsNoPromo > should calculate min/max margins correctly
TypeError: Cannot read properties of undefined (reading 'where')
 ❯ SalesPromoAnalyzerService.analyzePromo src/services/cpg/salesPromoAnalyzer.service.ts:320:8
    318|     // Get CPG settings for margin quality thresholds
    319|     let settings = await this.db.cpgSettings
    320|       .where('company_id')
       |        ^
    321|       .equals(promo.company_id)
    322|       .and((s) => s.active && !s.deleted_at)
 ❯ src/services/cpg/salesPromoAnalyzer.service.test.ts:896:7

⎯⎯⎯⎯⎯⎯⎯⎯⎯⎯⎯⎯⎯⎯⎯⎯⎯⎯⎯⎯[486/824]⎯

 FAIL  src/services/cpg/salesPromoAnalyzer.service.test.ts > SalesPromoAnalyzerService > getRecommendation > should return recommendation for analyzed promo
TypeError: Cannot read properties of undefined (reading 'where')
 ❯ SalesPromoAnalyzerService.analyzePromo src/services/cpg/salesPromoAnalyzer.service.ts:320:8
    318|     // Get CPG settings for margin quality thresholds
    319|     let settings = await this.db.cpgSettings
    320|       .where('company_id')
       |        ^
    321|       .equals(promo.company_id)
    322|       .and((s) => s.active && !s.deleted_at)
 ❯ src/services/cpg/salesPromoAnalyzer.service.test.ts:961:7

⎯⎯⎯⎯⎯⎯⎯⎯⎯⎯⎯⎯⎯⎯⎯⎯⎯⎯⎯⎯[487/824]⎯

 FAIL  src/services/cpg/salesPromoAnalyzer.service.test.ts > SalesPromoAnalyzerService > analyzePromo - Variant Flexibility > should support user-defined variant names
TypeError: Cannot read properties of undefined (reading 'where')
 ❯ SalesPromoAnalyzerService.analyzePromo src/services/cpg/salesPromoAnalyzer.service.ts:320:8
    318|     // Get CPG settings for margin quality thresholds
    319|     let settings = await this.db.cpgSettings
    320|       .where('company_id')
       |        ^
    321|       .equals(promo.company_id)
    322|       .and((s) => s.active && !s.deleted_at)
 ❯ src/services/cpg/salesPromoAnalyzer.service.test.ts:1122:22

⎯⎯⎯⎯⎯⎯⎯⎯⎯⎯⎯⎯⎯⎯⎯⎯⎯⎯⎯⎯[488/824]⎯

 FAIL  src/services/cpg/salesPromoAnalyzer.service.test.ts > SalesPromoAnalyzerService > analyzePromo - Variant Flexibility > should support numeric variant names
TypeError: Cannot read properties of undefined (reading 'where')
 ❯ SalesPromoAnalyzerService.analyzePromo src/services/cpg/salesPromoAnalyzer.service.ts:320:8
    318|     // Get CPG settings for margin quality thresholds
    319|     let settings = await this.db.cpgSettings
    320|       .where('company_id')
       |        ^
    321|       .equals(promo.company_id)
    322|       .and((s) => s.active && !s.deleted_at)
 ❯ src/services/cpg/salesPromoAnalyzer.service.test.ts:1158:22

⎯⎯⎯⎯⎯⎯⎯⎯⎯⎯⎯⎯⎯⎯⎯⎯⎯⎯⎯⎯[489/824]⎯

 FAIL  src/services/cpg/salesPromoAnalyzer.service.test.ts > SalesPromoAnalyzerService > analyzePromo - Variant Flexibility > should support special characters in variant names
TypeError: Cannot read properties of undefined (reading 'where')
 ❯ SalesPromoAnalyzerService.analyzePromo src/services/cpg/salesPromoAnalyzer.service.ts:320:8
    318|     // Get CPG settings for margin quality thresholds
    319|     let settings = await this.db.cpgSettings
    320|       .where('company_id')
       |        ^
    321|       .equals(promo.company_id)
    322|       .and((s) => s.active && !s.deleted_at)
 ❯ src/services/cpg/salesPromoAnalyzer.service.test.ts:1198:22

⎯⎯⎯⎯⎯⎯⎯⎯⎯⎯⎯⎯⎯⎯⎯⎯⎯⎯⎯⎯[490/824]⎯

 FAIL  src/services/cpg/salesPromoAnalyzer.service.test.ts > SalesPromoAnalyzerService > analyzePromo - Variant Flexibility > should support 5+ variants
TypeError: Cannot read properties of undefined (reading 'where')
 ❯ SalesPromoAnalyzerService.analyzePromo src/services/cpg/salesPromoAnalyzer.service.ts:320:8
    318|     // Get CPG settings for margin quality thresholds
    319|     let settings = await this.db.cpgSettings
    320|       .where('company_id')
       |        ^
    321|       .equals(promo.company_id)
    322|       .and((s) => s.active && !s.deleted_at)
 ❯ src/services/cpg/salesPromoAnalyzer.service.test.ts:1232:22

⎯⎯⎯⎯⎯⎯⎯⎯⎯⎯⎯⎯⎯⎯⎯⎯⎯⎯⎯⎯[491/824]⎯

 FAIL  src/services/cpg/scenarioPlanning.service.test.ts > ScenarioPlanningService > compareDistributors > should compare 2 distributors side-by-side
TypeError: Cannot read properties of undefined (reading 'length')
 ❯ ScenarioPlanningService.compareDistributors src/services/cpg/scenarioPlanning.service.ts:317:38
    315|             percentage_basis: fee.percentage_basis as any,
    316|           }));
    317|       } else if (params.selectedFees.length > 0) {
       |                                      ^
    318|         // Use common selectedFees
    319|         selectedFees = params.selectedFees;
 ❯ src/services/cpg/scenarioPlanning.service.test.ts:131:22

⎯⎯⎯⎯⎯⎯⎯⎯⎯⎯⎯⎯⎯⎯⎯⎯⎯⎯⎯⎯[492/824]⎯

 FAIL  src/services/cpg/scenarioPlanning.service.test.ts > ScenarioPlanningService > compareDistributors > should rank distributors by recommendation score
TypeError: Cannot read properties of undefined (reading 'length')
 ❯ ScenarioPlanningService.compareDistributors src/services/cpg/scenarioPlanning.service.ts:317:38
    315|             percentage_basis: fee.percentage_basis as any,
    316|           }));
    317|       } else if (params.selectedFees.length > 0) {
       |                                      ^
    318|         // Use common selectedFees
    319|         selectedFees = params.selectedFees;
 ❯ src/services/cpg/scenarioPlanning.service.test.ts:274:22

⎯⎯⎯⎯⎯⎯⎯⎯⎯⎯⎯⎯⎯⎯⎯⎯⎯⎯⎯⎯[493/824]⎯

 FAIL  src/services/cpg/scenarioPlanning.service.test.ts > ScenarioPlanningService > calculateWhatIfPricing > should calculate margin impact of price changes
Error: Validation failed: pallet_data: Invalid input: expected array, received undefined; variantData.8oz.quantity: Invalid input: expected number, received undefined; variantData.16oz.quantity: Invalid input: expected number, received undefined; selectedFees: Invalid input: expected array, received undefined
 ❯ DistributionCostCalculatorService.calculateDistributionCost src/services/cpg/distributionCostCalculator.service.ts:267:13
    265|         params,
    266|       });
    267|       throw new Error(`Validation failed: ${errorMessage}`);
       |             ^
    268|     }
    269|
 ❯ ScenarioPlanningService.calculateWhatIfPricing src/services/cpg/scenarioPlanning.service.ts:433:58
 ❯ src/services/cpg/scenarioPlanning.service.test.ts:339:22

⎯⎯⎯⎯⎯⎯⎯⎯⎯⎯⎯⎯⎯⎯⎯⎯⎯⎯⎯⎯[494/824]⎯

 FAIL  src/services/cpg/scenarioPlanning.service.test.ts > ScenarioPlanningService > calculateWhatIfPricing > should show positive margin impact when price increases
Error: Validation failed: pallet_data: Invalid input: expected array, received undefined; variantData.8oz.quantity: Invalid input: expected number, received undefined; selectedFees: Invalid input: expected array, received undefined
 ❯ DistributionCostCalculatorService.calculateDistributionCost src/services/cpg/distributionCostCalculator.service.ts:267:13
    265|         params,
    266|       });
    267|       throw new Error(`Validation failed: ${errorMessage}`);
       |             ^
    268|     }
    269|
 ❯ ScenarioPlanningService.calculateWhatIfPricing src/services/cpg/scenarioPlanning.service.ts:433:58
 ❯ src/services/cpg/scenarioPlanning.service.test.ts:403:22

⎯⎯⎯⎯⎯⎯⎯⎯⎯⎯⎯⎯⎯⎯⎯⎯⎯⎯⎯⎯[495/824]⎯

 FAIL  src/services/cpg/scenarioPlanning.service.test.ts > ScenarioPlanningService > calculateBreakEven > should calculate break-even units correctly
Error: Validation failed: pallet_data: Invalid input: expected array, received undefined; variantData.8oz.quantity: Invalid input: expected number, received undefined; selectedFees: Invalid input: expected array, received undefined
 ❯ DistributionCostCalculatorService.calculateDistributionCost src/services/cpg/distributionCostCalculator.service.ts:267:13
    265|         params,
    266|       });
    267|       throw new Error(`Validation failed: ${errorMessage}`);
       |             ^
    268|     }
    269|
 ❯ ScenarioPlanningService.calculateBreakEven src/services/cpg/scenarioPlanning.service.ts:577:55
 ❯ src/services/cpg/scenarioPlanning.service.test.ts:490:22

⎯⎯⎯⎯⎯⎯⎯⎯⎯⎯⎯⎯⎯⎯⎯⎯⎯⎯⎯⎯[496/824]⎯

 FAIL  src/services/cpg/scenarioPlanning.service.test.ts > ScenarioPlanningService > calculateBreakEven > should calculate break-even correctly with simple example
Error: Validation failed: pallet_data: Invalid input: expected array, received undefined; variantData.test.quantity: Invalid input: expected number, received undefined; selectedFees: Invalid input: expected array, received undefined
 ❯ DistributionCostCalculatorService.calculateDistributionCost src/services/cpg/distributionCostCalculator.service.ts:267:13
    265|         params,
    266|       });
    267|       throw new Error(`Validation failed: ${errorMessage}`);
       |             ^
    268|     }
    269|
 ❯ ScenarioPlanningService.calculateBreakEven src/services/cpg/scenarioPlanning.service.ts:577:55
 ❯ src/services/cpg/scenarioPlanning.service.test.ts:549:22

⎯⎯⎯⎯⎯⎯⎯⎯⎯⎯⎯⎯⎯⎯⎯⎯⎯⎯⎯⎯[497/824]⎯

 FAIL  src/services/multiUser/audit.service.test.ts > MultiUserAuditService > queryLogs > should query logs with company filter
AssertionError: expected [] to have a length of 2 but got +0

- Expected
+ Received

- 2
+ 0

 ❯ src/services/multiUser/audit.service.test.ts:400:29
    398|       const result = await service.queryLogs(filters);
    399|
    400|       expect(result.events).toHaveLength(2);
       |                             ^
    401|       expect(result.total).toBe(2);
    402|       expect(result.hasMore).toBe(false);

⎯⎯⎯⎯⎯⎯⎯⎯⎯⎯⎯⎯⎯⎯⎯⎯⎯⎯⎯⎯[498/824]⎯

 FAIL  src/services/multiUser/audit.service.test.ts > MultiUserAuditService > queryLogs > should query logs with user filter
AssertionError: expected [] to have a length of 2 but got +0

- Expected
+ Received

- 2
+ 0

 ❯ src/services/multiUser/audit.service.test.ts:412:29
    410|       const result = await service.queryLogs(filters);
    411|
    412|       expect(result.events).toHaveLength(2);
       |                             ^
    413|     });
    414|

⎯⎯⎯⎯⎯⎯⎯⎯⎯⎯⎯⎯⎯⎯⎯⎯⎯⎯⎯⎯[499/824]⎯

 FAIL  src/services/multiUser/audit.service.test.ts > MultiUserAuditService > getStatistics > should generate statistics for a period
AssertionError: expected +0 to be 2 // Object.is equality

- Expected
+ Received

- 2
+ 0

 ❯ src/services/multiUser/audit.service.test.ts:541:33
    539|
    540|       expect(stats.totalEvents).toBe(3);
    541|       expect(stats.uniqueUsers).toBe(2);
       |                                 ^
    542|       expect(stats.uniqueSessions).toBe(2);
    543|     });

⎯⎯⎯⎯⎯⎯⎯⎯⎯⎯⎯⎯⎯⎯⎯⎯⎯⎯⎯⎯[500/824]⎯

 FAIL  src/services/multiUser/audit.service.test.ts > MultiUserAuditService > exportForCompliance > should export logs as CSV
AssertionError: expected 'Timestamp,Event Type,User ID,Entity T…' to contain 'user-456'

- Expected
+ Received

- user-456
+ Timestamp,Event Type,User ID,Entity Type,Entity ID,Action,IP Address,Device ID
+ "2026-05-02T20:29:37.311Z","USER_INVITED","undefined","undefined","undefined","USER_INVITED","",""

 ❯ src/services/multiUser/audit.service.test.ts:656:19
    654|       expect(csv).toContain('Event Type');
    655|       expect(csv).toContain('USER_INVITED');
    656|       expect(csv).toContain('user-456');
       |                   ^
    657|     });
    658|

⎯⎯⎯⎯⎯⎯⎯⎯⎯⎯⎯⎯⎯⎯⎯⎯⎯⎯⎯⎯[501/824]⎯

 FAIL  src/services/reports/arAgingReport.service.test.ts > A/R Aging Report Service > generateARAgingReport > should exclude voided invoices by default
AssertionError: expected 7 to be 6 // Object.is equality

- Expected
+ Received

- 6
+ 7

 ❯ src/services/reports/arAgingReport.service.test.ts:389:40
    387|
    388|       // Should not include voided invoice
    389|       expect(report.totalInvoiceCount).toBe(6)
       |                                        ^
    390|       expect(report.totalOutstanding).not.toContain(999)
    391|     })

⎯⎯⎯⎯⎯⎯⎯⎯⎯⎯⎯⎯⎯⎯⎯⎯⎯⎯⎯⎯[502/824]⎯

 FAIL  src/services/reports/balanceSheet.test.ts > Balance Sheet Calculation Service > calculateAccountBalance > should calculate correct balance for asset account with debits and credits
AssertionError: expected +0 to be 1000 // Object.is equality

- Expected
+ Received

- 1000
+ 0

 ❯ src/services/reports/balanceSheet.test.ts:80:34
     78|       )
     79|
     80|       expect(balance.toNumber()).toBe(1000)
       |                                  ^
     81|     })
     82|

⎯⎯⎯⎯⎯⎯⎯⎯⎯⎯⎯⎯⎯⎯⎯⎯⎯⎯⎯⎯[503/824]⎯

 FAIL  src/services/reports/balanceSheet.test.ts > Balance Sheet Calculation Service > calculateAccountBalance > should calculate correct balance for liability account
AssertionError: expected +0 to be 5000 // Object.is equality

- Expected
+ Received

- 5000
+ 0

 ❯ src/services/reports/balanceSheet.test.ts:124:38
    122|       )
    123|
    124|       expect(loanBalance.toNumber()).toBe(5000)
       |                                      ^
    125|     })
    126|

⎯⎯⎯⎯⎯⎯⎯⎯⎯⎯⎯⎯⎯⎯⎯⎯⎯⎯⎯⎯[504/824]⎯

 FAIL  src/services/reports/balanceSheet.test.ts > Balance Sheet Calculation Service > calculateAccountBalance > should only include transactions up to as-of date
AssertionError: expected +0 to be 1000 // Object.is equality

- Expected
+ Received

- 1000
+ 0

 ❯ src/services/reports/balanceSheet.test.ts:192:37
    190|       )
    191|
    192|       expect(balanceJan.toNumber()).toBe(1000)
       |                                     ^
    193|
    194|       // Check balance as of February 28

⎯⎯⎯⎯⎯⎯⎯⎯⎯⎯⎯⎯⎯⎯⎯⎯⎯⎯⎯⎯[505/824]⎯

 FAIL  src/services/reports/balanceSheet.test.ts > Balance Sheet Calculation Service > generateBalanceSheet > should generate empty balance sheet with no accounts
AssertionError: expected false to be true // Object.is equality

- Expected
+ Received

- true
+ false

 ❯ src/services/reports/balanceSheet.test.ts:216:30
    214|       }
    215|
    216|       expect(result.success).toBe(true)
       |                              ^
    217|       expect((result as any).data).toBeDefined()
    218|       expect((result as any).data.assets.lines).toHaveLength(0)

⎯⎯⎯⎯⎯⎯⎯⎯⎯⎯⎯⎯⎯⎯⎯⎯⎯⎯⎯⎯[506/824]⎯

 FAIL  src/services/reports/balanceSheet.test.ts > Balance Sheet Calculation Service > generateBalanceSheet > should generate balanced balance sheet with transactions
AssertionError: expected false to be true // Object.is equality

- Expected
+ Received

- true
+ false

 ❯ src/services/reports/balanceSheet.test.ts:296:30
    294|       })
    295|
    296|       expect(result.success).toBe(true)
       |                              ^
    297|       expect((result as any).data).toBeDefined()
    298|

⎯⎯⎯⎯⎯⎯⎯⎯⎯⎯⎯⎯⎯⎯⎯⎯⎯⎯⎯⎯[507/824]⎯

 FAIL  src/services/reports/balanceSheet.test.ts > Balance Sheet Calculation Service > generateBalanceSheet > should exclude zero-balance accounts when requested
AssertionError: expected false to be true // Object.is equality

- Expected
+ Received

- true
+ false

 ❯ src/services/reports/balanceSheet.test.ts:349:30
    347|       })
    348|
    349|       expect(result.success).toBe(true)
       |                              ^
    350|
    351|       // AR should not be included

⎯⎯⎯⎯⎯⎯⎯⎯⎯⎯⎯⎯⎯⎯⎯⎯⎯⎯⎯⎯[508/824]⎯

 FAIL  src/services/reports/balanceSheet.test.ts > Balance Sheet Calculation Service > generateBalanceSheet > should include zero-balance accounts when requested
AssertionError: expected false to be true // Object.is equality

- Expected
+ Received

- true
+ false

 ❯ src/services/reports/balanceSheet.test.ts:398:30
    396|       })
    397|
    398|       expect(result.success).toBe(true)
       |                              ^
    399|
    400|       // AR should be included even with zero balance

⎯⎯⎯⎯⎯⎯⎯⎯⎯⎯⎯⎯⎯⎯⎯⎯⎯⎯⎯⎯[509/824]⎯

 FAIL  src/services/reports/balanceSheet.test.ts > Balance Sheet Calculation Service > generateBalanceSheet > should handle hierarchical accounts correctly
AssertionError: expected false to be true // Object.is equality

- Expected
+ Received

- true
+ false

 ❯ src/services/reports/balanceSheet.test.ts:450:30
    448|       })
    449|
    450|       expect(result.success).toBe(true)
       |                              ^
    451|
    452|       // Should have parent and sub-accounts

⎯⎯⎯⎯⎯⎯⎯⎯⎯⎯⎯⎯⎯⎯⎯⎯⎯⎯⎯⎯[510/824]⎯

 FAIL  src/services/runway/runwayCalculator.service.test.ts > Runway Calculator Service > calculateAvailableCash > should sum cash and current assets
AssertionError: expected +0 to be 15000 // Object.is equality

- Expected
+ Received

- 15000
+ 0

 ❯ src/services/runway/runwayCalculator.service.test.ts:130:22
    128|
    129|       const result = await calculateAvailableCash(mockCompanyId)
    130|       expect(result).toBe(15000)
       |                      ^
    131|     })
    132|

⎯⎯⎯⎯⎯⎯⎯⎯⎯⎯⎯⎯⎯⎯⎯⎯⎯⎯⎯⎯[511/824]⎯

 FAIL  src/services/runway/runwayCalculator.service.test.ts > Runway Calculator Service > calculateAvailableCash > should subtract current liabilities from available cash
AssertionError: expected +0 to be 17000 // Object.is equality

- Expected
+ Received

- 17000
+ 0

 ❯ src/services/runway/runwayCalculator.service.test.ts:162:22
    160|
    161|       const result = await calculateAvailableCash(mockCompanyId)
    162|       expect(result).toBe(17000)
       |                      ^
    163|     })
    164|   })

⎯⎯⎯⎯⎯⎯⎯⎯⎯⎯⎯⎯⎯⎯⎯⎯⎯⎯⎯⎯[512/824]⎯

 FAIL  src/services/runway/runwayCalculator.service.test.ts > Runway Calculator Service > calculateRunway > should return null runway for positive cash flow
AssertionError: expected +0 to be 50000 // Object.is equality

- Expected
+ Received

- 50000
+ 0

 ❯ src/services/runway/runwayCalculator.service.test.ts:234:34
    232|       const result = await calculateRunway(mockCompanyId, 'simple', da…
    233|
    234|       expect(result.currentCash).toBe(50000)
       |                                  ^
    235|       expect(result.method).toBe('simple')
    236|       expect(result.calculatedAt).toBeInstanceOf(Date)

⎯⎯⎯⎯⎯⎯⎯⎯⎯⎯⎯⎯⎯⎯⎯⎯⎯⎯⎯⎯[513/824]⎯

 FAIL  src/__tests__/infrastructure/dependencies.test.ts > Dependabot Configuration > Configuration File > should consolidate multiple dependabot PRs
AssertionError: expected 'version: 2\nupdates:\n  # npm depende…' to contain 'consolidate-multiple-dependabot-prs: …'

- Expected
+ Received

- consolidate-multiple-dependabot-prs: true
+ version: 2
+ updates:
+   # npm dependencies - Production
+   - package-ecosystem: "npm"
+     directory: "/"
+     schedule:
+       interval: "weekly"
+       day: "monday"
+       time: "03:00"
+     open-pull-requests-limit: 10
+     reviewers:
+       - "dependabot"
+     assignees:
+       - "infrastructure-team"
+     labels:
+       - "dependencies"
+       - "automation"
+     commit-message:
+       prefix: "chore(deps)"
+       prefix-major: "chore(deps)!"
+       prefix-minor: "chore(deps)"
+       prefix-patch: "chore(deps)"
+       include: "scope"
+     allow:
+       - dependency-type: "production"
+       - dependency-type: "development"
+     ignore:
+       # Ignore major version updates for now (manual review)
+       - dependency-name: "*"
+         update-types:
+           - "version-update:semver-major"
+     pull-request-branch-name:
+       separator: "/"
+     rebase-strategy: "auto"
+     # Group security updates together for faster review
+     groups:
+       security-updates:
+         applies-to: security-updates
+         patterns:
+           - "*"
+       production-dependencies:
+         applies-to: version-updates
+         dependency-type: "production"
+         update-types:
+           - "minor"
+           - "patch"
+       development-dependencies:
+         applies-to: version-updates
+         dependency-type: "development"
+         update-types:
+           - "minor"
+           - "patch"
+
+   # npm dependencies - Security-only updates (daily check)
+   - package-ecosystem: "npm"
+     directory: "/"
+     schedule:
+       interval: "daily"
+       time: "06:00"
+     open-pull-requests-limit: 5
+     labels:
+       - "security"
+       - "dependencies"
+       - "critical"
+     commit-message:
+       prefix: "security(deps)"
+       include: "scope"
+     # Only security updates in this configuration
+     target-branch: "main"
+     pull-request-branch-name:
+       separator: "/security/"
+
+   # GitHub Actions
+   - package-ecosystem: "github-actions"
+     directory: "/"
+     schedule:
+       interval: "weekly"
+       day: "monday"
+       time: "04:00"
+     open-pull-requests-limit: 5
+     reviewers:
+       - "dependabot"
+     labels:
+       - "github-actions"
+       - "automation"
+     commit-message:
+       prefix: "ci(actions)"
+       include: "scope"
+     auto-merge:
+       auto-merge-strategy: "squash"
+       auto-merge-threshold: "all"
+     pull-request-branch-name:
+       separator: "/"
+     rebase-strategy: "auto"
+

 ❯ src/__tests__/infrastructure/dependencies.test.ts:130:23
    128|       const content = fs.readFileSync(dependabotPath, 'utf-8');
    129|
    130|       expect(content).toContain('consolidate-multiple-dependabot-prs: …
       |                       ^
    131|     });
    132|

⎯⎯⎯⎯⎯⎯⎯⎯⎯⎯⎯⎯⎯⎯⎯⎯⎯⎯⎯⎯[514/824]⎯

 FAIL  src/__tests__/integration/groupD.integration.test.ts > Group D Integration Tests > D1 → Transactions → D6/D7: COA Wizard to Financial Reports > should create accounts from wizard, record transactions, and generate accurate reports
AssertionError: expected false to be true // Object.is equality

- Expected
+ Received

- true
+ false

 ❯ src/__tests__/integration/groupD.integration.test.ts:185:36
    183|       // Create accounts from wizard
    184|       const createResult = await createAccountsFromWizard(testCompanyI…
    185|       expect(createResult.success).toBe(true)
       |                                    ^
    186|       expect(createResult.accountsCreated).toBeGreaterThan(0)
    187|       expect(createResult.createdAccounts).toBeDefined()

⎯⎯⎯⎯⎯⎯⎯⎯⎯⎯⎯⎯⎯⎯⎯⎯⎯⎯⎯⎯[515/824]⎯

 FAIL  src/__tests__/integration/groupD.integration.test.ts > Group D Integration Tests > D1 → Transactions → D6/D7: COA Wizard to Financial Reports > should handle customizations in COA wizard correctly
AssertionError: expected false to be true // Object.is equality

- Expected
+ Received

- true
+ false

 ❯ src/__tests__/integration/groupD.integration.test.ts:330:30
    328|       // Create accounts
    329|       const result = await createAccountsFromWizard(testCompanyId, wiz…
    330|       expect(result.success).toBe(true)
       |                              ^
    331|
    332|       // Verify customization was applied

⎯⎯⎯⎯⎯⎯⎯⎯⎯⎯⎯⎯⎯⎯⎯⎯⎯⎯⎯⎯[516/824]⎯

 FAIL  src/__tests__/integration/groupD.integration.test.ts > Group D Integration Tests > D2: Bank Reconciliation with Transactions > should reconcile bank statement with existing transactions
AssertionError: expected 247500 to be less than 100
 ❯ src/__tests__/integration/groupD.integration.test.ts:479:37
    477|       )
    478|       expect(discrepancy).toBeDefined()
    479|       expect(Math.abs(discrepancy)).toBeLessThan(100) // Should be clo…
       |                                     ^
    480|
    481|       // STEP 8: Get reconciliation summary

⎯⎯⎯⎯⎯⎯⎯⎯⎯⎯⎯⎯⎯⎯⎯⎯⎯⎯⎯⎯[517/824]⎯

 FAIL  src/__tests__/integration/groupD.integration.test.ts > Group D Integration Tests > End-to-End Group D Feature Flow > should complete full workflow: Setup → Record → Reconcile → Report
AssertionError: expected false to be true // Object.is equality

- Expected
+ Received

- true
+ false

 ❯ src/__tests__/integration/groupD.integration.test.ts:1158:33
    1156|       const wizardData = createTestWizardData(testCompanyId, 'general')
    1157|       const coaResult = await createAccountsFromWizard(testCompanyId, …
    1158|       expect(coaResult.success).toBe(true)
       |                                 ^
    1159|
    1160|       const accountsResult = await queryAccounts(testCompanyId)

⎯⎯⎯⎯⎯⎯⎯⎯⎯⎯⎯⎯⎯⎯⎯⎯⎯⎯⎯⎯[518/824]⎯

 FAIL  src/__tests__/integration/groupD.offline.integration.test.ts > Group D Offline Integration Tests > Basic Offline Data Persistence > should persist transaction data to IndexedDB
AssertionError: expected false to be true // Object.is equality

- Expected
+ Received

- true
+ false

 ❯ src/__tests__/integration/groupD.offline.integration.test.ts:121:35
    119|       // Query transactions to verify persistence
    120|       const queryResult = await queryTransactions({ companyId: testCom…
    121|       expect(queryResult.success).toBe(true)
       |                                   ^
    122|       if (!queryResult.success) return
    123|

⎯⎯⎯⎯⎯⎯⎯⎯⎯⎯⎯⎯⎯⎯⎯⎯⎯⎯⎯⎯[519/824]⎯

 FAIL  src/__tests__/integration/groupD.offline.integration.test.ts > Group D Offline Integration Tests > Data Isolation > should isolate data by company ID
AssertionError: expected false to be true // Object.is equality

- Expected
+ Received

- true
+ false

 ❯ src/__tests__/integration/groupD.offline.integration.test.ts:192:38
    190|       const company2Result = await queryAccounts({ companyId: company2…
    191|
    192|       expect(company1Result.success).toBe(true)
       |                                      ^
    193|       expect(company2Result.success).toBe(true)
    194|

⎯⎯⎯⎯⎯⎯⎯⎯⎯⎯⎯⎯⎯⎯⎯⎯⎯⎯⎯⎯[520/824]⎯

 FAIL  src/__tests__/integration/reconciliation.e2e.test.ts > Reconciliation E2E Integration Tests > Reconciliation Streak Tracking > should track streaks and award milestones
AssertionError: expected 0 to be greater than or equal to 3
 ❯ src/__tests__/integration/reconciliation.e2e.test.ts:706:39
    704|
    705|         // Should have current streak of 4
    706|         expect(streak.current_streak).toBeGreaterThanOrEqual(3);
       |                                       ^
    707|         expect(streak.best_streak).toBeGreaterThanOrEqual(3);
    708|

⎯⎯⎯⎯⎯⎯⎯⎯⎯⎯⎯⎯⎯⎯⎯⎯⎯⎯⎯⎯[521/824]⎯

 FAIL  src/__tests__/integration/reconciliation.e2e.test.ts > Reconciliation E2E Integration Tests > Unreconciled Transaction Flagging > should flag old unreconciled transactions
AssertionError: expected 0 to be greater than 0
 ❯ src/__tests__/integration/reconciliation.e2e.test.ts:799:39
    797|         const dashboard = dashboardResult.data;
    798|
    799|         expect(dashboard.total_count).toBeGreaterThan(0);
       |                                       ^
    800|         expect(dashboard.by_flag.warning).toBeGreaterThan(0);
    801|         expect(dashboard.by_flag.attention).toBeGreaterThan(0);

⎯⎯⎯⎯⎯⎯⎯⎯⎯⎯⎯⎯⎯⎯⎯⎯⎯⎯⎯⎯[522/824]⎯

 FAIL  src/__tests__/security/idor.test.ts > IDOR Prevention Security Tests > Accounts - IDOR Prevention > should prevent Company A from getting Company B account
 FAIL  src/__tests__/security/idor.test.ts > IDOR Prevention Security Tests > Accounts - IDOR Prevention > should prevent Company A from updating Company B account
 FAIL  src/__tests__/security/idor.test.ts > IDOR Prevention Security Tests > Accounts - IDOR Prevention > should prevent Company A from deleting Company B account
 FAIL  src/__tests__/security/idor.test.ts > IDOR Prevention Security Tests > Accounts - IDOR Prevention > should allow Company A to access its own account
 FAIL  src/__tests__/security/idor.test.ts > IDOR Prevention Security Tests > Accounts - IDOR Prevention > should return only Company A accounts in batch query
 FAIL  src/__tests__/security/idor.test.ts > IDOR Prevention Security Tests > Accounts - IDOR Prevention > should return validation error for empty companyId
 FAIL  src/__tests__/security/idor.test.ts > IDOR Prevention Security Tests > Transactions - IDOR Prevention > should prevent Company A from getting Company B transaction
 FAIL  src/__tests__/security/idor.test.ts > IDOR Prevention Security Tests > Transactions - IDOR Prevention > should prevent Company A from updating Company B transaction
 FAIL  src/__tests__/security/idor.test.ts > IDOR Prevention Security Tests > Transactions - IDOR Prevention > should prevent Company A from posting Company B transaction
 FAIL  src/__tests__/security/idor.test.ts > IDOR Prevention Security Tests > Transactions - IDOR Prevention > should prevent Company A from voiding Company B transaction
 FAIL  src/__tests__/security/idor.test.ts > IDOR Prevention Security Tests > Transactions - IDOR Prevention > should prevent Company A from deleting Company B transaction
 FAIL  src/__tests__/security/idor.test.ts > IDOR Prevention Security Tests > Transactions - IDOR Prevention > should allow Company A to access its own transaction
 FAIL  src/__tests__/security/idor.test.ts > IDOR Prevention Security Tests > Transactions - IDOR Prevention > should return only Company A transactions in batch query
 FAIL  src/__tests__/security/idor.test.ts > IDOR Prevention Security Tests > Transactions - IDOR Prevention > should test all transaction statuses with IDOR protection
 FAIL  src/__tests__/security/idor.test.ts > IDOR Prevention Security Tests > Contacts - IDOR Prevention > should prevent Company A from getting Company B contact
 FAIL  src/__tests__/security/idor.test.ts > IDOR Prevention Security Tests > Contacts - IDOR Prevention > should prevent Company A from updating Company B contact
 FAIL  src/__tests__/security/idor.test.ts > IDOR Prevention Security Tests > Contacts - IDOR Prevention > should prevent Company A from deleting Company B contact
 FAIL  src/__tests__/security/idor.test.ts > IDOR Prevention Security Tests > Contacts - IDOR Prevention > should allow Company A to access its own contact
 FAIL  src/__tests__/security/idor.test.ts > IDOR Prevention Security Tests > Contacts - IDOR Prevention > should return only Company A contacts in batch query
 FAIL  src/__tests__/security/idor.test.ts > IDOR Prevention Security Tests > Contacts - IDOR Prevention > should test both customer and vendor contact types
 FAIL  src/__tests__/security/idor.test.ts > IDOR Prevention Security Tests > Products - IDOR Prevention > should prevent Company A from getting Company B product
 FAIL  src/__tests__/security/idor.test.ts > IDOR Prevention Security Tests > Products - IDOR Prevention > should prevent Company A from updating Company B product
 FAIL  src/__tests__/security/idor.test.ts > IDOR Prevention Security Tests > Products - IDOR Prevention > should prevent Company A from deleting Company B product
 FAIL  src/__tests__/security/idor.test.ts > IDOR Prevention Security Tests > Products - IDOR Prevention > should allow Company A to access its own product
 FAIL  src/__tests__/security/idor.test.ts > IDOR Prevention Security Tests > Products - IDOR Prevention > should return only Company A products in batch query
 FAIL  src/__tests__/security/idor.test.ts > IDOR Prevention Security Tests > Products - IDOR Prevention > should test both product and service types
 FAIL  src/__tests__/security/idor.test.ts > IDOR Prevention Security Tests > Batch Operations - IDOR Prevention > should filter batch account query by companyId
 FAIL  src/__tests__/security/idor.test.ts > IDOR Prevention Security Tests > Batch Operations - IDOR Prevention > should filter batch transaction query by companyId
 FAIL  src/__tests__/security/idor.test.ts > IDOR Prevention Security Tests > Batch Operations - IDOR Prevention > should filter batch contact query by companyId
 FAIL  src/__tests__/security/idor.test.ts > IDOR Prevention Security Tests > Batch Operations - IDOR Prevention > should filter batch product query by companyId
 FAIL  src/__tests__/security/idor.test.ts > IDOR Prevention Security Tests > CompanyId Validation > should return validation error for empty companyId in account operations
 FAIL  src/__tests__/security/idor.test.ts > IDOR Prevention Security Tests > CompanyId Validation > should return validation error for empty companyId in transaction operations
 FAIL  src/__tests__/security/idor.test.ts > IDOR Prevention Security Tests > CompanyId Validation > should return validation error for empty companyId in contact operations
 FAIL  src/__tests__/security/idor.test.ts > IDOR Prevention Security Tests > CompanyId Validation > should return validation error for empty companyId in product operations
 FAIL  src/__tests__/security/idor.test.ts > IDOR Prevention Security Tests > CompanyId Validation > should return validation error for empty companyId in invoice operations
 FAIL  src/__tests__/security/idor.test.ts > IDOR Prevention Security Tests > CompanyId Validation > should return validation error for empty companyId in batch queries
 FAIL  src/__tests__/security/idor.test.ts > IDOR Prevention Security Tests > Information Leakage Prevention > should not reveal existence of Company B resources to Company A
 FAIL  src/__tests__/security/idor.test.ts > IDOR Prevention Security Tests > Information Leakage Prevention > should return identical error messages for non-existent vs unauthorized resources
ReferenceError: db is not defined
 ❯ src/__tests__/security/idor.test.ts:95:5
     93|   beforeEach(async () => {
     94|     // Clear all data
     95|     await db.clearAllData()
       |     ^
     96|
     97|     // Create account for Company A

⎯⎯⎯⎯⎯⎯⎯⎯⎯⎯⎯⎯⎯⎯⎯⎯⎯⎯⎯⎯[523/824]⎯

 FAIL  src/__tests__/security/idor.test.ts > IDOR Prevention Security Tests > Accounts - IDOR Prevention > should prevent Company A from getting Company B account
 FAIL  src/__tests__/security/idor.test.ts > IDOR Prevention Security Tests > Accounts - IDOR Prevention > should prevent Company A from updating Company B account
 FAIL  src/__tests__/security/idor.test.ts > IDOR Prevention Security Tests > Accounts - IDOR Prevention > should prevent Company A from deleting Company B account
 FAIL  src/__tests__/security/idor.test.ts > IDOR Prevention Security Tests > Accounts - IDOR Prevention > should allow Company A to access its own account
 FAIL  src/__tests__/security/idor.test.ts > IDOR Prevention Security Tests > Accounts - IDOR Prevention > should return only Company A accounts in batch query
 FAIL  src/__tests__/security/idor.test.ts > IDOR Prevention Security Tests > Accounts - IDOR Prevention > should return validation error for empty companyId
 FAIL  src/__tests__/security/idor.test.ts > IDOR Prevention Security Tests > Transactions - IDOR Prevention > should prevent Company A from getting Company B transaction
 FAIL  src/__tests__/security/idor.test.ts > IDOR Prevention Security Tests > Transactions - IDOR Prevention > should prevent Company A from updating Company B transaction
 FAIL  src/__tests__/security/idor.test.ts > IDOR Prevention Security Tests > Transactions - IDOR Prevention > should prevent Company A from posting Company B transaction
 FAIL  src/__tests__/security/idor.test.ts > IDOR Prevention Security Tests > Transactions - IDOR Prevention > should prevent Company A from voiding Company B transaction
 FAIL  src/__tests__/security/idor.test.ts > IDOR Prevention Security Tests > Transactions - IDOR Prevention > should prevent Company A from deleting Company B transaction
 FAIL  src/__tests__/security/idor.test.ts > IDOR Prevention Security Tests > Transactions - IDOR Prevention > should allow Company A to access its own transaction
 FAIL  src/__tests__/security/idor.test.ts > IDOR Prevention Security Tests > Transactions - IDOR Prevention > should return only Company A transactions in batch query
 FAIL  src/__tests__/security/idor.test.ts > IDOR Prevention Security Tests > Transactions - IDOR Prevention > should test all transaction statuses with IDOR protection
 FAIL  src/__tests__/security/idor.test.ts > IDOR Prevention Security Tests > Contacts - IDOR Prevention > should prevent Company A from getting Company B contact
 FAIL  src/__tests__/security/idor.test.ts > IDOR Prevention Security Tests > Contacts - IDOR Prevention > should prevent Company A from updating Company B contact
 FAIL  src/__tests__/security/idor.test.ts > IDOR Prevention Security Tests > Contacts - IDOR Prevention > should prevent Company A from deleting Company B contact
 FAIL  src/__tests__/security/idor.test.ts > IDOR Prevention Security Tests > Contacts - IDOR Prevention > should allow Company A to access its own contact
 FAIL  src/__tests__/security/idor.test.ts > IDOR Prevention Security Tests > Contacts - IDOR Prevention > should return only Company A contacts in batch query
 FAIL  src/__tests__/security/idor.test.ts > IDOR Prevention Security Tests > Contacts - IDOR Prevention > should test both customer and vendor contact types
 FAIL  src/__tests__/security/idor.test.ts > IDOR Prevention Security Tests > Products - IDOR Prevention > should prevent Company A from getting Company B product
 FAIL  src/__tests__/security/idor.test.ts > IDOR Prevention Security Tests > Products - IDOR Prevention > should prevent Company A from updating Company B product
 FAIL  src/__tests__/security/idor.test.ts > IDOR Prevention Security Tests > Products - IDOR Prevention > should prevent Company A from deleting Company B product
 FAIL  src/__tests__/security/idor.test.ts > IDOR Prevention Security Tests > Products - IDOR Prevention > should allow Company A to access its own product
 FAIL  src/__tests__/security/idor.test.ts > IDOR Prevention Security Tests > Products - IDOR Prevention > should return only Company A products in batch query
 FAIL  src/__tests__/security/idor.test.ts > IDOR Prevention Security Tests > Products - IDOR Prevention > should test both product and service types
 FAIL  src/__tests__/security/idor.test.ts > IDOR Prevention Security Tests > Batch Operations - IDOR Prevention > should filter batch account query by companyId
 FAIL  src/__tests__/security/idor.test.ts > IDOR Prevention Security Tests > Batch Operations - IDOR Prevention > should filter batch transaction query by companyId
 FAIL  src/__tests__/security/idor.test.ts > IDOR Prevention Security Tests > Batch Operations - IDOR Prevention > should filter batch contact query by companyId
 FAIL  src/__tests__/security/idor.test.ts > IDOR Prevention Security Tests > Batch Operations - IDOR Prevention > should filter batch product query by companyId
 FAIL  src/__tests__/security/idor.test.ts > IDOR Prevention Security Tests > CompanyId Validation > should return validation error for empty companyId in account operations
 FAIL  src/__tests__/security/idor.test.ts > IDOR Prevention Security Tests > CompanyId Validation > should return validation error for empty companyId in transaction operations
 FAIL  src/__tests__/security/idor.test.ts > IDOR Prevention Security Tests > CompanyId Validation > should return validation error for empty companyId in contact operations
 FAIL  src/__tests__/security/idor.test.ts > IDOR Prevention Security Tests > CompanyId Validation > should return validation error for empty companyId in product operations
 FAIL  src/__tests__/security/idor.test.ts > IDOR Prevention Security Tests > CompanyId Validation > should return validation error for empty companyId in invoice operations
 FAIL  src/__tests__/security/idor.test.ts > IDOR Prevention Security Tests > CompanyId Validation > should return validation error for empty companyId in batch queries
 FAIL  src/__tests__/security/idor.test.ts > IDOR Prevention Security Tests > Information Leakage Prevention > should not reveal existence of Company B resources to Company A
 FAIL  src/__tests__/security/idor.test.ts > IDOR Prevention Security Tests > Information Leakage Prevention > should return identical error messages for non-existent vs unauthorized resources
ReferenceError: db is not defined
 ❯ src/__tests__/security/idor.test.ts:261:5
    259|    */
    260|   afterEach(async () => {
    261|     await db.clearAllData()
       |     ^
    262|   })
    263|

⎯⎯⎯⎯⎯⎯⎯⎯⎯⎯⎯⎯⎯⎯⎯⎯⎯⎯⎯⎯[524/824]⎯

 FAIL  src/components/wizards/steps/TemplateSelectionStep.test.tsx > TemplateSelectionStep > should show account count for each template
TestingLibraryElementError: Unable to find an element with the text: 21 accounts. This could be because the text is broken up by multiple elements. In this case, you can provide a function for your text matcher to make your matcher more flexible.

Ignored nodes: comments, script, style
[36m<body>[39m
  [36m<div>[39m
    [36m<div[39m
      [33mclass[39m=[32m"_templateStep_808d0c"[39m
    [36m>[39m
      [36m<div[39m
        [33mclass[39m=[32m"_intro_808d0c"[39m
      [36m>[39m
        [36m<p[39m
          [33mclass[39m=[32m"_introText_808d0c"[39m
        [36m>[39m
          [0mChoose the option that best describes your business. We'll suggest accounts that work well for businesses like yours.[0m
        [36m</p>[39m
        [36m<p[39m
          [33mclass[39m=[32m"_reassurance_808d0c"[39m
        [36m>[39m
          [36m<em>[39m
            [0mDon't stress about picking the "perfect" one - you can customize everything in the next step.[0m
          [36m</em>[39m
        [36m</p>[39m
      [36m</div>[39m
      [36m<div[39m
        [33mclass[39m=[32m"_templateGrid_808d0c"[39m
      [36m>[39m
        [36m<button[39m
          [33maria-pressed[39m=[32m"false"[39m
          [33mclass[39m=[32m"_templateCard_808d0c  "[39m
          [33mtype[39m=[32m"button"[39m
        [36m>[39m
          [36m<div[39m
            [33mclass[39m=[32m"_templateHeader_808d0c"[39m
          [36m>[39m
            [36m<h4[39m
              [33mclass[39m=[32m"_templateName_808d0c"[39m
            [36m>[39m
              [0mThe Freelancer's Friend[0m
            [36m</h4>[39m
          [36m</div>[39m
          [36m<p[39m
            [33mclass[39m=[32m"_templateDescription_808d0c"[39m
          [36m>[39m
            [0mPerfect for consultants, designers, writers, and independent professionals who sell their time and expertise.[0m
          [36m</p>[39m
        [36m</button>[39m
        [36m<button[39m
          [33maria-pressed[39m=[32m"false"[39m
          [33mclass[39m=[32m"_templateCard_808d0c  "[39m
          [33mtype[39m=[32m"button"[39m
        [36m>[39m
          [36m<div[39m
            [33mclass[39m=[32m"_templateHeader_808d0c"[39m
          [36m>[39m
            [36m<h4[39m
              [33mclass[39m=[32m"_templateName_808d0c"[39m
            [36m>[39m
              [0mThe Creative's Canvas[0m
            [36m</h4>[39m
          [36m</div>[39m
          [36m<p[39m
            [33mclass[39m=[32m"_templateDescription_808d0c"[39m
          [36m>[39m
            [0mPerfect for designers, artists, photographers, and other creative professionals.[0m
          [36m</p>[39m
        [36m</button>[39m
        [36m<button[39m
          [33maria-pressed[39m=[32m"false"[39m
          [33mclass[39m=[32m"_templateCard_808d0c  "[39m
          [33mtype[39m=[32m"button"[39m
        [36m>[39m
          [36m<div[39m
            [33mclass[39m=[32m"_templateHeader_808d0c"[39m
          [36m>[39m
            [36m<h4[39m
              [33mclass[39m=[32m"_templateName_808d0c"[39m
            [36m>[39m
              [0mThe Service Pro[0m
            [36m</h4>[39m
          [36m</div>[39m
          [36m<p[39m
            [33mclass[39m=[32m"_templateDescription_808d0c"[39m
          [36m>[39m
            [0mFor service businesses like cleaning, landscaping, repair, and maintenance.[0m
          [36m</p>[39m
        [36m</button>[39m
      [36m</div>[39m
      [36m<div[39m
        [33mclass[39m=[32m"_actions_808d0c"[39m
      [36m>[39m
        [36m<button[39m
          [33maria-busy[39m=[32m"false"[39m
          [33maria-disabled[39m=[32m"false"[39m
          [33mclass[39m=[32m"_button_c9c6cf _outline_c9c6cf _md_c9c6cf"[39m
          [33mtype[39m=[32m"button"[39m
        [36m>[39m
          [36m<span[39m
            [33mclass[39m=[32m"_content_c9c6cf"[39m
          [36m>[39m
            [0mBack[0m
          [36m</span>[39m
        [36m</button>[39m
        [36m<button[39m
          [33maria-busy[39m=[32m"false"[39m
          [33maria-disabled[39m=[32m"true"[39m
          [33mclass[39m=[32m"_button_c9c6cf _primary_c9c6cf _md_c9c6cf"[39m
          [33mdisabled[39m=[32m""[39m
          [33mtype[39m=[32m"button"[39m
        [36m>[39m
          [36m<span[39m
            [33mclass[39m=[32m"_content_c9c6cf"[39m
          [36m>[39m
            [0mContinue with this template[0m
          [36m</span>[39m
        [36m</button>[39m
      [36m</div>[39m
    [36m</div>[39m
  [36m</div>[39m
[36m</body>[39m
 ❯ Object.getElementError node_modules/@testing-library/react/node_modules/@testing-library/dom/dist/config.js:37:19
 ❯ node_modules/@testing-library/react/node_modules/@testing-library/dom/dist/query-helpers.js:76:38
 ❯ node_modules/@testing-library/react/node_modules/@testing-library/dom/dist/query-helpers.js:109:15
 ❯ src/components/wizards/steps/TemplateSelectionStep.test.tsx:46:36
     44|     // Multiple templates may have the same account count, so use getA…
     45|     mockTemplates.forEach((template) => {
     46|       const accountCounts = screen.getAllByText(`${template.accounts.l…
       |                                    ^
     47|       expect(accountCounts.length).toBeGreaterThan(0)
     48|     })
 ❯ src/components/wizards/steps/TemplateSelectionStep.test.tsx:45:19

⎯⎯⎯⎯⎯⎯⎯⎯⎯⎯⎯⎯⎯⎯⎯⎯⎯⎯⎯⎯[525/824]⎯

 FAIL  src/components/wizards/steps/TemplateSelectionStep.test.tsx > TemplateSelectionStep > should show preview when template is selected
TestingLibraryElementError: Unable to find an element with the text: /What's included/i. This could be because the text is broken up by multiple elements. In this case, you can provide a function for your text matcher to make your matcher more flexible.

Ignored nodes: comments, script, style
[36m<body>[39m
  [36m<div>[39m
    [36m<div[39m
      [33mclass[39m=[32m"_templateStep_808d0c"[39m
    [36m>[39m
      [36m<div[39m
        [33mclass[39m=[32m"_intro_808d0c"[39m
      [36m>[39m
        [36m<p[39m
          [33mclass[39m=[32m"_introText_808d0c"[39m
        [36m>[39m
          [0mChoose the option that best describes your business. We'll suggest accounts that work well for businesses like yours.[0m
        [36m</p>[39m
        [36m<p[39m
          [33mclass[39m=[32m"_reassurance_808d0c"[39m
        [36m>[39m
          [36m<em>[39m
            [0mDon't stress about picking the "perfect" one - you can customize everything in the next step.[0m
          [36m</em>[39m
        [36m</p>[39m
      [36m</div>[39m
      [36m<div[39m
        [33mclass[39m=[32m"_templateGrid_808d0c"[39m
      [36m>[39m
        [36m<button[39m
          [33maria-pressed[39m=[32m"true"[39m
          [33mclass[39m=[32m"_templateCard_808d0c _selected_808d0c _hovered_808d0c"[39m
          [33mtype[39m=[32m"button"[39m
        [36m>[39m
          [36m<div[39m
            [33mclass[39m=[32m"_templateHeader_808d0c"[39m
          [36m>[39m
            [36m<h4[39m
              [33mclass[39m=[32m"_templateName_808d0c"[39m
            [36m>[39m
              [0mThe Freelancer's Friend[0m
            [36m</h4>[39m
            [36m<span[39m
              [33maria-label[39m=[32m"Selected"[39m
              [33mclass[39m=[32m"_selectedBadge_808d0c"[39m
            [36m>[39m
              [0m✓[0m
            [36m</span>[39m
          [36m</div>[39m
          [36m<p[39m
            [33mclass[39m=[32m"_templateDescription_808d0c"[39m
          [36m>[39m
            [0mPerfect for consultants, designers, writers, and independent professionals who sell their time and expertise.[0m
          [36m</p>[39m
        [36m</button>[39m
        [36m<button[39m
          [33maria-pressed[39m=[32m"false"[39m
          [33mclass[39m=[32m"_templateCard_808d0c  "[39m
          [33mtype[39m=[32m"button"[39m
        [36m>[39m
          [36m<div[39m
            [33mclass[39m=[32m"_templateHeader_808d0c"[39m
          [36m>[39m
            [36m<h4[39m
              [33mclass[39m=[32m"_templateName_808d0c"[39m
            [36m>[39m
              [0mThe Creative's Canvas[0m
            [36m</h4>[39m
          [36m</div>[39m
          [36m<p[39m
            [33mclass[39m=[32m"_templateDescription_808d0c"[39m
          [36m>[39m
            [0mPerfect for designers, artists, photographers, and other creative professionals.[0m
          [36m</p>[39m
        [36m</button>[39m
        [36m<button[39m
          [33maria-pressed[39m=[32m"false"[39m
          [33mclass[39m=[32m"_templateCard_808d0c  "[39m
          [33mtype[39m=[32m"button"[39m
        [36m>[39m
          [36m<div[39m
            [33mclass[39m=[32m"_templateHeader_808d0c"[39m
          [36m>[39m
            [36m<h4[39m
              [33mclass[39m=[32m"_templateName_808d0c"[39m
            [36m>[39m
              [0mThe Service Pro[0m
            [36m</h4>[39m
          [36m</div>[39m
          [36m<p[39m
            [33mclass[39m=[32m"_templateDescription_808d0c"[39m
          [36m>[39m
            [0mFor service businesses like cleaning, landscaping, repair, and maintenance.[0m
          [36m</p>[39m
        [36m</button>[39m
      [36m</div>[39m
      [36m<div[39m
        [33mclass[39m=[32m"_actions_808d0c"[39m
      [36m>[39m
        [36m<button[39m
          [33maria-busy[39m=[32m"false"[39m
          [33maria-disabled[39m=[32m"false"[39m
          [33mclass[39m=[32m"_button_c9c6cf _outline_c9c6cf _md_c9c6cf"[39m
          [33mtype[39m=[32m"button"[39m
        [36m>[39m
          [36m<span[39m
            [33mclass[39m=[32m"_content_c9c6cf"[39m
          [36m>[39m
            [0mBack[0m
          [36m</span>[39m
        [36m</button>[39m
        [36m<button[39m
          [33maria-busy[39m=[32m"false"[39m
          [33maria-disabled[39m=[32m"false"[39m
          [33mclass[39m=[32m"_button_c9c6cf _primary_c9c6cf _md_c9c6cf"[39m
          [33mtype[39m=[32m"button"[39m
        [36m>[39m
          [36m<span[39m
            [33mclass[39m=[32m"_content_c9c6cf"[39m
          [36m>[39m
            [0mContinue with this template[0m
          [36m</span>[39m
        [36m</button>[39m
      [36m</div>[39m
    [36m</div>[39m
  [36m</div>[39m
[36m</body>[39m
 ❯ Object.getElementError node_modules/@testing-library/react/node_modules/@testing-library/dom/dist/config.js:37:19
 ❯ node_modules/@testing-library/react/node_modules/@testing-library/dom/dist/query-helpers.js:76:38
 ❯ node_modules/@testing-library/react/node_modules/@testing-library/dom/dist/query-helpers.js:52:17
 ❯ node_modules/@testing-library/react/node_modules/@testing-library/dom/dist/query-helpers.js:95:19
 ❯ src/components/wizards/steps/TemplateSelectionStep.test.tsx:90:19
     88|
     89|     // Preview should show template details
     90|     expect(screen.getByText(/What's included/i)).toBeInTheDocument()
       |                   ^
     91|
     92|     // Should show some default accounts

⎯⎯⎯⎯⎯⎯⎯⎯⎯⎯⎯⎯⎯⎯⎯⎯⎯⎯⎯⎯[526/824]⎯

 FAIL  src/components/wizards/steps/WelcomeStep.test.tsx > WelcomeStep > should render welcome content with judgment-free language
TestingLibraryElementError: Unable to find an element with the text: /Let's set up your chart of accounts together/i. This could be because the text is broken up by multiple elements. In this case, you can provide a function for your text matcher to make your matcher more flexible.

Ignored nodes: comments, script, style
[36m<body>[39m
  [36m<div>[39m
    [36m<div[39m
      [33mclass[39m=[32m"_welcomeStep_ef5452"[39m
    [36m>[39m
      [36m<div[39m
        [33mclass[39m=[32m"_content_ef5452"[39m
      [36m>[39m
        [36m<div[39m
          [33mclass[39m=[32m"_section_ef5452"[39m
        [36m>[39m
          [36m<h4[39m
            [33mclass[39m=[32m"_sectionTitle_ef5452"[39m
          [36m>[39m
            [0mWhat is a chart of accounts?[0m
          [36m</h4>[39m
          [36m<p[39m
            [33mclass[39m=[32m"_sectionText_ef5452"[39m
          [36m>[39m
            [0mThink of it as the organizing system for your business money. It's like having labeled folders for different types of income and expenses. This helps you see where money comes from and where it goes.[0m
          [36m</p>[39m
        [36m</div>[39m
        [36m<div[39m
          [33mclass[39m=[32m"_section_ef5452"[39m
        [36m>[39m
          [36m<h4[39m
            [33mclass[39m=[32m"_sectionTitle_ef5452"[39m
          [36m>[39m
            [0mWhat we'll do:[0m
          [36m</h4>[39m
          [36m<ul[39m
            [33mclass[39m=[32m"_stepList_ef5452"[39m
          [36m>[39m
            [36m<li>[39m
              [36m<strong>[39m
                [0mPick a starting point[0m
              [36m</strong>[39m
              [0m - We'll suggest accounts based on your type of business[0m
            [36m</li>[39m
            [36m<li>[39m
              [36m<strong>[39m
                [0mCustomize it[0m
              [36m</strong>[39m
              [0m - Add, remove, or rename accounts to fit your needs[0m
            [36m</li>[39m
            [36m<li>[39m
              [36m<strong>[39m
                [0mReview together[0m
              [36m</strong>[39m
              [0m - Make sure everything looks right before we're done[0m
            [36m</li>[39m
          [36m</ul>[39m
        [36m</div>[39m
        [36m<div[39m
          [33mclass[39m=[32m"_section_ef5452"[39m
        [36m>[39m
          [36m<h4[39m
            [33mclass[39m=[32m"_sectionTitle_ef5452"[39m
          [36m>[39m
            [0mHow long will this take?[0m
          [36m</h4>[39m
          [36m<p[39m
            [33mclass[39m=[32m"_sectionText_ef5452"[39m
          [36m>[39m
            [0mMost people finish in about 5-10 minutes. You can save your progress and come back anytime - there's no rush.[0m
          [36m</p>[39m
        [36m</div>[39m
        [36m<div[39m
          [33mclass[39m=[32m"_reassurance_ef5452"[39m
        [36m>[39m
          [36m<p>[39m
            [36m<strong>[39m
              [0mDon't worry about getting it perfect.[0m
            [36m</strong>[39m
            [0m You can add, edit, or remove accounts whenever you need to. This is just a starting point to help you get organized.[0m
          [36m</p>[39m
        [36m</div>[39m
      [36m</div>[39m
      [36m<div[39m
        [33mclass[39m=[32m"_actions_ef5452"[39m
      [36m>[39m
        [36m<button[39m
          [33maria-busy[39m=[32m"false"[39m
          [33maria-disabled[39m=[32m"false"[39m
          [33mclass[39m=[32m"_button_c9c6cf _primary_c9c6cf _lg_c9c6cf _fullWidth_c9c6cf"[39m
          [33mtype[39m=[32m"button"[39m
        [36m>[39m
          [36m<span[39m
            [33mclass[39m=[32m"_content_c9c6cf"[39m
          [36m>[39m
            [0mLet's get started[0m
          [36m</span>[39m
        [36m</button>[39m
      [36m</div>[39m
    [36m</div>[39m
  [36m</div>[39m
[36m</body>[39m
 ❯ Object.getElementError node_modules/@testing-library/react/node_modules/@testing-library/dom/dist/config.js:37:19
 ❯ node_modules/@testing-library/react/node_modules/@testing-library/dom/dist/query-helpers.js:76:38
 ❯ node_modules/@testing-library/react/node_modules/@testing-library/dom/dist/query-helpers.js:52:17
 ❯ node_modules/@testing-library/react/node_modules/@testing-library/dom/dist/query-helpers.js:95:19
 ❯ src/components/wizards/steps/WelcomeStep.test.tsx:16:19
     14|
     15|     // Check for encouraging, Steadiness-style messaging
     16|     expect(screen.getByText(/Let's set up your chart of accounts toget…
       |                   ^
     17|     expect(screen.getByText(/No accounting degree required/i)).toBeInT…
     18|     expect(screen.getByText(/Don't worry about getting it perfect/i)).…

⎯⎯⎯⎯⎯⎯⎯⎯⎯⎯⎯⎯⎯⎯⎯⎯⎯⎯⎯⎯[527/824]⎯

 FAIL  src/pages/cpg/tabs/ProductsTab.test.tsx > ProductsTab > Rendering > renders the Products tab heading
 FAIL  src/pages/cpg/tabs/ProductsTab.test.tsx > ProductsTab > Rendering > renders with empty products list
 FAIL  src/pages/cpg/tabs/ProductsTab.test.tsx > ProductsTab > Rendering > renders with products
 FAIL  src/pages/cpg/tabs/ProductsTab.test.tsx > ProductsTab > Rendering > passes loading state to CPUDisplay
 FAIL  src/pages/cpg/tabs/ProductsTab.test.tsx > ProductsTab > Product Selection > shows "All Products" when no selection
 FAIL  src/pages/cpg/tabs/ProductsTab.test.tsx > ProductsTab > Product Selection > opens dropdown when selector clicked
 FAIL  src/pages/cpg/tabs/ProductsTab.test.tsx > ProductsTab > Product Selection > displays all products in dropdown
 FAIL  src/pages/cpg/tabs/ProductsTab.test.tsx > ProductsTab > Product Selection > selects individual product
 FAIL  src/pages/cpg/tabs/ProductsTab.test.tsx > ProductsTab > Product Selection > selects multiple products
 FAIL  src/pages/cpg/tabs/ProductsTab.test.tsx > ProductsTab > Product Selection > deselects product
 FAIL  src/pages/cpg/tabs/ProductsTab.test.tsx > ProductsTab > Product Selection > selects all products
 FAIL  src/pages/cpg/tabs/ProductsTab.test.tsx > ProductsTab > Product Selection > clears all selections
 FAIL  src/pages/cpg/tabs/ProductsTab.test.tsx > ProductsTab > Status Filtering > renders status filter dropdown
 FAIL  src/pages/cpg/tabs/ProductsTab.test.tsx > ProductsTab > Status Filtering > changes status filter to complete
 FAIL  src/pages/cpg/tabs/ProductsTab.test.tsx > ProductsTab > Status Filtering > changes status filter to incomplete
 FAIL  src/pages/cpg/tabs/ProductsTab.test.tsx > ProductsTab > Status Filtering > resets status filter to all
 FAIL  src/pages/cpg/tabs/ProductsTab.test.tsx > ProductsTab > Sorting > renders sort dropdown
 FAIL  src/pages/cpg/tabs/ProductsTab.test.tsx > ProductsTab > Sorting > changes sort to CPU ascending
 FAIL  src/pages/cpg/tabs/ProductsTab.test.tsx > ProductsTab > Sorting > changes sort to CPU descending
 FAIL  src/pages/cpg/tabs/ProductsTab.test.tsx > ProductsTab > Sorting > changes sort to missing components
 FAIL  src/pages/cpg/tabs/ProductsTab.test.tsx > ProductsTab > CPUDisplay Integration > renders CPUDisplay component
 FAIL  src/pages/cpg/tabs/ProductsTab.test.tsx > ProductsTab > CPUDisplay Integration > passes correct props to CPUDisplay
 FAIL  src/pages/cpg/tabs/ProductsTab.test.tsx > ProductsTab > CPUDisplay Integration > updates CPUDisplay when filters change
 FAIL  src/pages/cpg/tabs/ProductsTab.test.tsx > ProductsTab > Accessibility > has proper ARIA labels on product selector
 FAIL  src/pages/cpg/tabs/ProductsTab.test.tsx > ProductsTab > Accessibility > updates aria-expanded when dropdown opens
 FAIL  src/pages/cpg/tabs/ProductsTab.test.tsx > ProductsTab > Accessibility > has ARIA labels on all controls
 FAIL  src/pages/cpg/tabs/ProductsTab.test.tsx > ProductsTab > Accessibility > has proper heading hierarchy
 FAIL  src/pages/cpg/tabs/ProductsTab.test.tsx > ProductsTab > Accessibility > has proper tab panel role
Error: useNavigate() may be used only in the context of a <Router> component.
 ❯ Object.invariant [as UNSAFE_invariant] node_modules/@remix-run/router/history.ts:494:10
 ❯ invariant node_modules/react-router/lib/hooks.tsx:189:2
 ❯ useNavigateUnstable node_modules/react-router/lib/hooks.tsx:185:45
 ❯ ProductsTab src/pages/cpg/tabs/ProductsTab.tsx:33:20
     31|   isLoading,
     32| }: ProductsTabProps) {
     33|   const navigate = useNavigate();
       |                    ^
     34|
     35|   // Tab-specific state
 ❯ renderWithHooks node_modules/react-dom/cjs/react-dom.development.js:15486:18
 ❯ mountIndeterminateComponent node_modules/react-dom/cjs/react-dom.development.js:20103:13
 ❯ beginWork node_modules/react-dom/cjs/react-dom.development.js:21626:16
 ❯ beginWork$1 node_modules/react-dom/cjs/react-dom.development.js:27465:14
 ❯ performUnitOfWork node_modules/react-dom/cjs/react-dom.development.js:26599:12
 ❯ workLoopSync node_modules/react-dom/cjs/react-dom.development.js:26505:5

⎯⎯⎯⎯⎯⎯⎯⎯⎯⎯⎯⎯⎯⎯⎯⎯⎯⎯⎯⎯[528/824]⎯

 FAIL  src/pages/cpg/tabs/RawMaterialsTab.test.tsx > RawMaterialsTab > Rendering > renders the raw materials panel
TestingLibraryElementError: Unable to find an accessible element with the role "tabpanel" and name `/raw-materials-tab/i`

Here are the accessible roles:

  tabpanel:

  Name "":
  [36m<div[39m
    [33maria-labelledby[39m=[32m"raw-materials-tab"[39m
    [33mid[39m=[32m"raw-materials-panel"[39m
    [33mrole[39m=[32m"tabpanel"[39m
  [36m/>[39m

  --------------------------------------------------
  button:

  Name "Export raw materials data":
  [36m<button[39m
    [33maria-expanded[39m=[32m"false"[39m
    [33maria-haspopup[39m=[32m"menu"[39m
    [33maria-label[39m=[32m"Export raw materials data"[39m
    [33mstyle[39m=[32m"padding: 0.5rem 1rem; background: rgb(212, 175, 55); border-radius: 6px; color: rgb(26, 26, 26); font-weight: 600; cursor: pointer; font-size: 0.875rem; display: flex; align-items: center; gap: 0.5rem; transition: all 150ms;"[39m
  [36m/>[39m

  Name "Clear All Filters":
  [36m<button[39m
    [33mstyle[39m=[32m"padding: 0.5rem 1rem; background: rgb(75, 0, 110); color: white; border-radius: 6px; font-size: 0.875rem; font-weight: 500; cursor: pointer;"[39m
  [36m/>[39m

  --------------------------------------------------
  combobox:

  Name "Select date range preset":
  [36m<select[39m
    [33maria-label[39m=[32m"Select date range preset"[39m
    [33mstyle[39m=[32m"padding: 0.5rem; border: 2px solid rgb(212, 175, 55); border-radius: 6px; font-size: 0.8125rem; background-color: rgb(229, 246, 223); outline: none; min-width: 140px;"[39m
  [36m/>[39m

  Name "Filter by category":
  [36m<select[39m
    [33maria-label[39m=[32m"Filter by category"[39m
    [33mstyle[39m=[32m"padding: 0.5rem; border: 2px solid rgb(212, 175, 55); border-radius: 6px; font-size: 0.8125rem; background-color: rgb(229, 246, 223); outline: none; min-width: 140px;"[39m
  [36m/>[39m

  Name "Filter by variant":
  [36m<select[39m
    [33maria-label[39m=[32m"Filter by variant"[39m
    [33mstyle[39m=[32m"padding: 0.5rem; border: 2px solid rgb(212, 175, 55); border-radius: 6px; font-size: 0.8125rem; background-color: rgb(229, 246, 223); outline: none; min-width: 120px;"[39m
  [36m/>[39m

  Name "Filter by vendor":
  [36m<input[39m
    [33maria-label[39m=[32m"Filter by vendor"[39m
    [33mlist[39m=[32m"vendor-suggestions"[39m
    [33mplaceholder[39m=[32m"Search..."[39m
    [33mstyle[39m=[32m"padding: 0.5rem; border: 2px solid rgb(212, 175, 55); border-radius: 6px; font-size: 0.8125rem; background-color: rgb(229, 246, 223); outline: none; min-width: 140px;"[39m
    [33mtype[39m=[32m"search"[39m
    [33mvalue[39m=[32m""[39m
  [36m/>[39m

  Name "Sort invoices":
  [36m<select[39m
    [33maria-label[39m=[32m"Sort invoices"[39m
    [33mstyle[39m=[32m"padding: 0.5rem; border: 2px solid rgb(212, 175, 55); border-radius: 6px; font-size: 0.8125rem; background-color: rgb(229, 246, 223); outline: none; min-width: 100px;"[39m
  [36m/>[39m

  --------------------------------------------------
  option:

  Name "3 Months":
  [36m<option[39m
    [33mvalue[39m=[32m"3mo"[39m
  [36m/>[39m

  Name "6 Months":
  [36m<option[39m
    [33mvalue[39m=[32m"6mo"[39m
  [36m/>[39m

  Name "12 Months":
  [36m<option[39m
    [33mvalue[39m=[32m"12mo"[39m
  [36m/>[39m

  Name "Last Year":
  [36m<option[39m
    [33mvalue[39m=[32m"last-calendar-year"[39m
  [36m/>[39m

  Name "This Year":
  [36m<option[39m
    [33mvalue[39m=[32m"this-calendar-year"[39m
  [36m/>[39m

  Name "Custom...":
  [36m<option[39m
    [33mvalue[39m=[32m"custom"[39m
  [36m/>[39m

  Name "All Time":
  [36m<option[39m
    [33mvalue[39m=[32m"all"[39m
  [36m/>[39m

  Name "All":
  [36m<option[39m
    [33mvalue[39m=[32m""[39m
  [36m/>[39m

  Name "Bottles":
  [36m<option[39m
    [33mvalue[39m=[32m"cat-2"[39m
  [36m/>[39m

  Name "Labels":
  [36m<option[39m
    [33mvalue[39m=[32m"cat-3"[39m
  [36m/>[39m

  Name "Oils":
  [36m<option[39m
    [33mvalue[39m=[32m"cat-1"[39m
  [36m/>[39m

  Name "All":
  [36m<option[39m
    [33mvalue[39m=[32m""[39m
  [36m/>[39m

  Name "1oz":
  [36m<option[39m
    [33mvalue[39m=[32m"1oz"[39m
  [36m/>[39m

  Name "Bulk":
  [36m<option[39m
    [33mvalue[39m=[32m"Bulk"[39m
  [36m/>[39m

  Name "Date ↓":
  [36m<option[39m
    [33mvalue[39m=[32m"date-desc"[39m
  [36m/>[39m

  Name "Date ↑":
  [36m<option[39m
    [33mvalue[39m=[32m"date-asc"[39m
  [36m/>[39m

  Name "Vendor":
  [36m<option[39m
    [33mvalue[39m=[32m"vendor"[39m
  [36m/>[39m

  Name "Total ↓":
  [36m<option[39m
    [33mvalue[39m=[32m"total-desc"[39m
  [36m/>[39m

  Name "Total ↑":
  [36m<option[39m
    [33mvalue[39m=[32m"total-asc"[39m
  [36m/>[39m

  --------------------------------------------------

Ignored nodes: comments, script, style
[36m<body>[39m
  [36m<div>[39m
    [36m<div[39m
      [33maria-labelledby[39m=[32m"raw-materials-tab"[39m
      [33mid[39m=[32m"raw-materials-panel"[39m
      [33mrole[39m=[32m"tabpanel"[39m
    [36m>[39m
      [36m<div[39m
        [33mstyle[39m=[32m"background: rgb(255, 255, 255); border-left: 4px solid rgb(212, 175, 55); border-right: 4px solid rgb(212, 175, 55); border-bottom: 4px solid rgb(212, 175, 55); border-radius: 8px; overflow: hidden; box-shadow: 0 2px 8px rgba(184, 134, 11, 0.15); margin-bottom: 1.5rem;"[39m
      [36m>[39m
        [36m<div[39m
          [33mstyle[39m=[32m"background: rgb(75, 0, 110); color: white; padding: 1.25rem 1.5rem; font-size: 1.5rem; font-weight: 600; display: flex; justify-content: space-between; align-items: center;"[39m
        [36m>[39m
          [36m<span>[39m
            [0mSummary[0m
          [36m</span>[39m
          [36m<div[39m
            [33mstyle[39m=[32m"position: relative;"[39m
          [36m>[39m
            [36m<button[39m
              [33maria-expanded[39m=[32m"false"[39m
              [33maria-haspopup[39m=[32m"menu"[39m
              [33maria-label[39m=[32m"Export raw materials data"[39m
              [33mstyle[39m=[32m"padding: 0.5rem 1rem; background: rgb(212, 175, 55); border-radius: 6px; color: rgb(26, 26, 26); font-weight: 600; cursor: pointer; font-size: 0.875rem; display: flex; align-items: center; gap: 0.5rem; transition: all 150ms;"[39m
            [36m>[39m
              [36m<span>[39m
                [0m📊[0m
              [36m</span>[39m
              [36m<span>[39m
                [0mExport[0m
              [36m</span>[39m
              [36m<span[39m
                [33maria-hidden[39m=[32m"true"[39m
              [36m>[39m
                [0m▼[0m
              [36m</span>[39m
            [36m</button>[39m
          [36m</div>[39m
        [36m</div>[39m
        [36m<div[39m
          [33mstyle[39m=[32m"padding: 1.5rem; display: grid; grid-template-columns: repeat(3, 1fr); gap: 1.25rem;"[39m
        [36m>[39m
          [36m<div[39m
            [33mstyle[39m=[32m"background: linear-gradient(135deg, #4b006e 0%, #6b21a8 100%); border-radius: 12px; padding: 1.25rem; color: white;"[39m
          [36m>[39m
            [36m<div[39m
              [33mstyle[39m=[32m"font-size: 0.75rem; opacity: 0.9; font-weight: 600; margin-bottom: 0.5rem; text-transform: uppercase; letter-spacing: 0.05em;"[39m
            [36m>[39m
              [0mTotal Spent[0m
            [36m</div>[39m
            [36m<div[39m
              [33mstyle[39m=[32m"font-size: 2rem; font-weight: 700; line-height: 1;"[39m
            [36m>[39m
              [0m$[0m
              [0m0.00[0m
            [36m</div>[39m
            [36m<div[39m
              [33mstyle[39m=[32m"font-size: 0.75rem; opacity: 0.9; margin-top: 0.5rem;"[39m
            [36m>[39m
              [0m0[0m
              [0m [0m
              [0minvoices[0m
            [36m</div>[39m
          [36m</div>[39m
          [36m<div[39m
            [33mstyle[39m=[32m"background: linear-gradient(135deg, #E8D4A0 0%, #D4AF37 100%); border-radius: 12px; padding: 1.25rem;"[39m
          [36m>[39m
            [36m<div[39m
              [33mstyle[39m=[32m"font-size: 0.75rem; color: rgb(75, 0, 110); font-weight: 600; margin-bottom: 0.5rem; text-transform: uppercase; letter-spacing: 0.05em;"[39m
            [36m>[39m
              [0mAverage Invoice[0m
            [36m</div>[39m
            [36m<div[39m
              [33mstyle[39m=[32m"font-size: 2rem; font-weight: 700; color: rgb(75, 0, 110); line-height: 1;"[39m
            [36m>[39m
              [0m$0.00[0m
            [36m</div>[39m
            [36m<div[39m
              [33mstyle[39m=[32m"font-size: 0.75rem; color: rgb(75, 0, 110); margin-top: 0.5rem;"[39m
            [36m>[39m
              [0mper invoice[0m
            [36m</div>[39m
          [36m</div>[39m
          [36m<div[39m
            [33mstyle[39m=[32m"background: linear-gradient(135deg, #D8E5D8 0%, #A8D5A8 100%); border-radius: 12px; padding: 1.25rem;"[39m
          [36m>[39m
            [36m<div[39m
              [33mstyle[39m=[32m"font-size: 0.75rem; color: rgb(21, 128, 61); font-weight: 600; margin-bottom: 0.5rem; text-transform: uppercase; letter-spacing: 0.05em;"[39m
            [36m>[39m
              [0mTop Vendor[0m
            [36m</div>[39m
            [36m<div[39m
              [33mstyle[39m=[32m"font-size: 2rem; font-weight: 700; color: rgb(22, 101, 52); line-height: 1;"[39m
            [36m>[39m
              [0m$0.00[0m
            [36m</div>[39m
            [36m<div[39m
              [33mstyle[39m=[32m"font-size: 0.75rem; color: rgb(21, 128, 61); margin-top: 0.5rem;"[39m
            [36m>[39m
              [0mNo data[0m
            [36m</div>[39m
          [36m</div>[39m
        [36m</div>[39m
      [36m</div>[39m
      [36m<div[39m
        [33mstyle[39m=[32m"background: rgb(255, 255, 255); border-left: 4px solid rgb(212, 175, 55); border-right: 4px solid rgb(212, 175, 55); border-bottom: 4px solid rgb(212, 175, 55); border-radius: 8px; overflow: visible; box-shadow: 0 2px 8px rgba(184, 134, 11, 0.15); margin-bottom: 2rem;"[39m
      [36m>[39m
        [36m<div[39m
          [33mstyle[39m=[32m"background: rgb(75, 0, 110); color: white; padding: 1rem 1.5rem; font-size: 1.5rem; font-weight: 600;"[39m
        [36m>[39m
          [0mFilters[0m
        [36m</div>[39m
        [36m<div[39m
          [33mstyle[39m=[32m"padding: 1.25rem; display: flex; gap: 1rem; flex-wrap: wrap; align-items: flex-end;"[39m
        [36m>[39m
          [36m<div[39m
            [33mstyle[39m=[32m"display: flex; align-items: center; gap: 0.5rem;"[39m
          [36m>[39m
            [36m<label[39m
              [33mstyle[39m=[32m"font-size: 0.8125rem; font-weight: 600; color: rgb(75, 0, 110); white-space: nowrap;"[39m
            [36m>[39m
              [0mDate:[0m
            [36m</label>[39m
            [36m<select[39m
              [33maria-label[39m=[32m"Select date range preset"[39m
              [33mstyle[39m=[32m"padding: 0.5rem; border: 2px solid rgb(212, 175, 55); border-radius: 6px; font-size: 0.8125rem; background-color: rgb(229, 246, 223); outline: none; min-width: 140px;"[39m
            [36m>[39m
              [36m<option[39m
                [33mvalue[39m=[32m"3mo"[39m
              [36m>[39m
                [0m3 Months[0m
              [36m</option>[39m
              [36m<option[39m
                [33mvalue[39m=[32m"6mo"[39m
              [36m>[39m
                [0m6 Months[0m
              [36m</option>[39m
              [36m<option[39m
                [33mvalue[39m=[32m"12mo"[39m
              [36m>[39m
                [0m12 Months[0m
              [36m</option>[39m
              [36m<option[39m
                [33mvalue[39m=[32m"last-calendar-year"[39m
              [36m>[39m
                [0mLast Year[0m
              [36m</option>[39m
              [36m<option[39m
                [33mvalue[39m=[32m"this-calendar-year"[39m
              [36m>[39m
                [0mThis Year[0m
              [36m</option>[39m
              [36m<option[39m
                [33mvalue[39m=[32m"custom"[39m
              [36m>[39m
                [0mCustom...[0m
              [36m</option>[39m
              [36m<option[39m
                [33mvalue[39m=[32m"all"[39m
              [36m>[39m
                [0mAll Time[0m
              [36m</option>[39m
            [36m</select>[39m
          [36m</div>[39m
          [36m<div[39m
            [33mstyle[39m=[32m"display: flex; align-items: center; gap: 0.5rem;"[39m
          [36m>[39m
            [36m<label[39m
              [33mstyle[39m=[32m"font-size: 0.8125rem; font-weight: 600; color: rgb(75, 0, 110); white-space: nowrap;"[39m
            [36m>[39m
              [0mCategory:[0m
            [36m</label>[39m
            [36m<select[39m
              [33maria-label[39m=[32m"Filter by category"[39m
              [33mstyle[39m=[32m"padding: 0.5rem; border: 2px solid rgb(212, 175, 55); border-radius: 6px; font-size: 0.8125rem; background-color: rgb(229, 246, 223); outline: none; min-width: 140px;"[39m
            [36m>[39m
              [36m<option[39m
                [33mvalue[39m=[32m""[39m
              [36m>[39m
                [0mAll[0m
              [36m</option>[39m
              [36m<option[39m
                [33mvalue[39m=[32m"cat-2"[39m
              [36m>[39m
                [0mBottles[0m
              [36m</option>[39m
              [36m<option[39m
                [33mvalue[39m=[32m"cat-3"[39m
              [36m>[39m
                [0mLabels[0m
              [36m</option>[39m
              [36m<option[39m
                [33mvalue[39m=[32m"cat-1"[39m
              [36m>[39m
                [0mOils[0m
              [36m</option>[39m
            [36m</select>[39m
          [36m</div>[39m
          [36m<div[39m
            [33mstyle[39m=[32m"display: flex; align-items: center; gap: 0.5rem;"[39m
          [36m>[39m
            [36m<label[39m
              [33mstyle[39m=[32m"font-size: 0.8125rem; font-weight: 600; color: rgb(75, 0, 110); white-space: nowrap;"[39m
            [36m>[39m
              [0mVariant:[0m
            [36m</label>[39m
            [36m<select[39m
              [33maria-label[39m=[32m"Filter by variant"[39m
              [33mstyle[39m=[32m"padding: 0.5rem; border: 2px solid rgb(212, 175, 55); border-radius: 6px; font-size: 0.8125rem; background-color: rgb(229, 246, 223); outline: none; min-width: 120px;"[39m
            [36m>[39m
              [36m<option[39m
                [33mvalue[39m=[32m""[39m
              [36m>[39m
                [0mAll[0m
              [36m</option>[39m
              [36m<option[39m
                [33mvalue[39m=[32m"1oz"[39m
              [36m>[39m
                [0m1oz[0m
              [36m</option>[39m
              [36m<option[39m
                [33mvalue[39m=[32m"Bulk"[39m
              [36m>[39m
                [0mBulk[0m
              [36m</option>[39m
            [36m</select>[39m
          [36m</div>[39m
          [36m<div[39m
            [33mstyle[39m=[32m"display: flex; align-items: center; gap: 0.5rem;"[39m
          [36m>[39m
            [36m<label[39m
              [33mstyle[39m=[32m"font-size: 0.8125rem; font-weight: 600; color: rgb(75, 0, 110); white-space: nowrap;"[39m
            [36m>[39m
              [0mVendor:[0m
            [36m</label>[39m
            [36m<input[39m
              [33maria-label[39m=[32m"Filter by vendor"[39m
              [33mlist[39m=[32m"vendor-suggestions"[39m
              [33mplaceholder[39m=[32m"Search..."[39m
              [33mstyle[39m=[32m"padding: 0.5rem; border: 2px solid rgb(212, 175, 55); border-radius: 6px; font-size: 0.8125rem; background-color: rgb(229, 246, 223); outline: none; min-width: 140px;"[39m
              [33mtype[39m=[32m"search"[39m
              [33mvalue[39m=[32m""[39m
            [36m/>[39m
            [36m<datalist[39m
              [33mid[39m=[32m"vendor-suggestions"[39m
            [36m>[39m
              [36m<option[39m
                [33mvalue[39m=[32m"Vendor A"[39m
              [36m/>[39m
              [36m<option[39m
                [33mvalue[39m=[32m"Vendor B"[39m
              [36m/>[39m
            [36m</datalist>[39m
          [36m</div>[39m
          [36m<div[39m
            [33mstyle[39m=[32m"display: flex; align-items: center; gap: 0.5rem;"[39m
          [36m>[39m
            [36m<label[39m
              [33mstyle[39m=[32m"font-size: 0.8125rem; font-weight: 600; color: rgb(75, 0, 110); white-space: nowrap;"[39m
            [36m>[39m
              [0mSort:[0m
            [36m</label>[39m
            [36m<select[39m
              [33maria-label[39m=[32m"Sort invoices"[39m
              [33mstyle[39m=[32m"padding: 0.5rem; border: 2px solid rgb(212, 175, 55); border-radius: 6px; font-size: 0.8125rem; background-color: rgb(229, 246, 223); outline: none; min-width: 100px;"[39m
            [36m>[39m
              [36m<option[39m
                [33mvalue[39m=[32m"date-desc"[39m
              [36m>[39m
                [0mDate ↓[0m
              [36m</option>[39m
              [36m<option[39m
                [33mvalue[39m=[32m"date-asc"[39m
              [36m>[39m
                [0mDate ↑[0m
              [36m</option>[39m
              [36m<option[39m
                [33mvalue[39m=[32m"vendor"[39m
              [36m>[39m
                [0mVendor[0m
              [36m</option>[39m
              [36m<option[39m
                [33mvalue[39m=[32m"total-desc"[39m
              [36m>[39m
                [0mTotal ↓[0m
              [36m</option>[39m
              [36m<option[39m
                [33mvalue[39m=[32m"total-asc"[39m
              [36m>[39m
                [0mTotal ↑[0m
              [36m</option>[39m
            [36m</select>[39m
          [36m</div>[39m
        [36m</div>[39m
      [36m</div>[39m
      [36m<div[39m
        [33mstyle[39m=[32m"background: white; border-radius: 8px; border: 1px solid rgb(229, 231, 235); overflow: hidden;"[39m
      [36m>[39m
        [36m<div[39m
          [33mstyle[39m=[32m"text-align: center; padding: 3rem 2rem; background: rgb(249, 250, 251);"[39m
        [36m>[39m
          [36m<span[39m
            [33mstyle[39m=[32m"font-size: 2.5rem; display: block; margin-bottom: 1rem;"[39m
          [36m>[39m
            [0m🔍[0m
          [36m</span>[39m
          [36m<span[39m
            [33mstyle[39m=[32m"color: rgb(100, 116, 139); font-size: 1.125rem; display: block; margin-bottom: 0.5rem;"[39m
          [36m>[39m
            [0mNo invoices match your filters[0m
          [36m</span>[39m
          [36m<p[39m
            [33mstyle[39m=[32m"margin: 0px 0px 1.5rem 0px; font-size: 0.875rem; color: rgb(148, 163, 184);"[39m
          [36m>[39m
            [0mTry adjusting your date range, vendor, category, or variant filters.[0m
          [36m</p>[39m
          [36m<button[39m
            [33mstyle[39m=[32m"padding: 0.5rem 1rem; background: rgb(75, 0, 110); color: white; border-radius: 6px; font-size: 0.875rem; font-weight: 500; cursor: pointer;"[39m
          [36m>[39m
            [0mClear All Filters[0m
          [36m</button>[39m
        [36m</div>[39m
      [36m</div>[39m
    [36m</div>[39m
  [36m</div>[39m
[36m</body>[39m
 ❯ Object.getElementError node_modules/@testing-library/react/node_modules/@testing-library/dom/dist/config.js:37:19
 ❯ node_modules/@testing-library/react/node_modules/@testing-library/dom/dist/query-helpers.js:76:38
 ❯ node_modules/@testing-library/react/node_modules/@testing-library/dom/dist/query-helpers.js:52:17
 ❯ node_modules/@testing-library/react/node_modules/@testing-library/dom/dist/query-helpers.js:95:19
 ❯ src/pages/cpg/tabs/RawMaterialsTab.test.tsx:122:21
    120|       render(<RawMaterialsTab {...defaultProps} />);
    121|
    122|       expect(screen.getByRole('tabpanel', { name: /raw-materials-tab/i…
       |                     ^
    123|     });
    124|

⎯⎯⎯⎯⎯⎯⎯⎯⎯⎯⎯⎯⎯⎯⎯⎯⎯⎯⎯⎯[529/824]⎯

 FAIL  src/pages/cpg/tabs/RawMaterialsTab.test.tsx > RawMaterialsTab > Rendering > renders "no matches" state when filters exclude all invoices
TestingLibraryElementError: Found multiple elements with the role "button" and name `/clear all filters/i`

Here are the matching elements:

Ignored nodes: comments, script, style
[36m<button[39m
  [33maria-label[39m=[32m"Clear all filters"[39m
  [33mstyle[39m=[32m"margin-left: auto; padding: 0.25rem 0.75rem; background: transparent; border: 2px solid rgb(212, 175, 55); border-radius: 4px; color: rgb(75, 0, 110); font-size: 0.75rem; font-weight: 600; cursor: pointer;"[39m
[36m>[39m
  [0mClear Filters[0m
[36m</button>[39m

Ignored nodes: comments, script, style
[36m<button[39m
  [33mstyle[39m=[32m"padding: 0.5rem 1rem; background: rgb(75, 0, 110); color: white; border-radius: 6px; font-size: 0.875rem; font-weight: 500; cursor: pointer;"[39m
[36m>[39m
  [0mClear All Filters[0m
[36m</button>[39m

(If this is intentional, then use the `*AllBy*` variant of the query (like `queryAllByText`, `getAllByText`, or `findAllByText`)).

Ignored nodes: comments, script, style
[36m<body>[39m
  [36m<div>[39m
    [36m<div[39m
      [33maria-labelledby[39m=[32m"raw-materials-tab"[39m
      [33mid[39m=[32m"raw-materials-panel"[39m
      [33mrole[39m=[32m"tabpanel"[39m
    [36m>[39m
      [36m<div[39m
        [33mstyle[39m=[32m"background: rgb(255, 255, 255); border-left: 4px solid rgb(212, 175, 55); border-right: 4px solid rgb(212, 175, 55); border-bottom: 4px solid rgb(212, 175, 55); border-radius: 8px; overflow: hidden; box-shadow: 0 2px 8px rgba(184, 134, 11, 0.15); margin-bottom: 1.5rem;"[39m
      [36m>[39m
        [36m<div[39m
          [33mstyle[39m=[32m"background: rgb(75, 0, 110); color: white; padding: 1.25rem 1.5rem; font-size: 1.5rem; font-weight: 600; display: flex; justify-content: space-between; align-items: center;"[39m
        [36m>[39m
          [36m<span>[39m
            [0mSummary[0m
          [36m</span>[39m
          [36m<div[39m
            [33mstyle[39m=[32m"position: relative;"[39m
          [36m>[39m
            [36m<button[39m
              [33maria-expanded[39m=[32m"false"[39m
              [33maria-haspopup[39m=[32m"menu"[39m
              [33maria-label[39m=[32m"Export raw materials data"[39m
              [33mstyle[39m=[32m"padding: 0.5rem 1rem; background: rgb(212, 175, 55); border-radius: 6px; color: rgb(26, 26, 26); font-weight: 600; cursor: pointer; font-size: 0.875rem; display: flex; align-items: center; gap: 0.5rem; transition: all 150ms;"[39m
            [36m>[39m
              [36m<span>[39m
                [0m📊[0m
              [36m</span>[39m
              [36m<span>[39m
                [0mExport[0m
              [36m</span>[39m
              [36m<span[39m
                [33maria-hidden[39m=[32m"true"[39m
              [36m>[39m
                [0m▼[0m
              [36m</span>[39m
            [36m</button>[39m
          [36m</div>[39m
        [36m</div>[39m
        [36m<div[39m
          [33mstyle[39m=[32m"padding: 1.5rem; display: grid; grid-template-columns: repeat(3, 1fr); gap: 1.25rem;"[39m
        [36m>[39m
          [36m<div[39m
            [33mstyle[39m=[32m"background: linear-gradient(135deg, #4b006e 0%, #6b21a8 100%); border-radius: 12px; padding: 1.25rem; color: white;"[39m
          [36m>[39m
            [36m<div[39m
              [33mstyle[39m=[32m"font-size: 0.75rem; opacity: 0.9; font-weight: 600; margin-bottom: 0.5rem; text-transform: uppercase; letter-spacing: 0.05em;"[39m
            [36m>[39m
              [0mTotal Spent[0m
            [36m</div>[39m
            [36m<div[39m
              [33mstyle[39m=[32m"font-size: 2rem; font-weight: 700; line-height: 1;"[39m
            [36m>[39m
              [0m$[0m
              [0m0.00[0m
            [36m</div>[39m
            [36m<div[39m
              [33mstyle[39m=[32m"font-size: 0.75rem; opacity: 0.9; margin-top: 0.5rem;"[39m
            [36m>[39m
              [0m0[0m
              [0m [0m
              [0minvoices[0m
            [36m</div>[39m
          [36m</div>[39m
          [36m<div[39m
            [33mstyle[39m=[32m"background: linear-gradient(135deg, #E8D4A0 0%, #D4AF37 100%); border-radius: 12px; padding: 1.25rem;"[39m
          [36m>[39m
            [36m<div[39m
              [33mstyle[39m=[32m"font-size: 0.75rem; color: rgb(75, 0, 110); font-weight: 600; margin-bottom: 0.5rem; text-transform: uppercase; letter-spacing: 0.05em;"[39m
            [36m>[39m
              [0mAverage Invoice[0m
            [36m</div>[39m
            [36m<div[39m
              [33mstyle[39m=[32m"font-size: 2rem; font-weight: 700; color: rgb(75, 0, 110); line-height: 1;"[39m
            [36m>[39m
              [0m$0.00[0m
            [36m</div>[39m
            [36m<div[39m
              [33mstyle[39m=[32m"font-size: 0.75rem; color: rgb(75, 0, 110); margin-top: 0.5rem;"[39m
            [36m>[39m
              [0mper invoice[0m
            [36m</div>[39m
          [36m</div>[39m
          [36m<div[39m
            [33mstyle[39m=[32m"background: linear-gradient(135deg, #D8E5D8 0%, #A8D5A8 100%); border-radius: 12px; padding: 1.25rem;"[39m
          [36m>[39m
            [36m<div[39m
              [33mstyle[39m=[32m"font-size: 0.75rem; color: rgb(21, 128, 61); font-weight: 600; margin-bottom: 0.5rem; text-transform: uppercase; letter-spacing: 0.05em;"[39m
            [36m>[39m
              [0mTop Vendor[0m
            [36m</div>[39m
            [36m<div[39m
              [33mstyle[39m=[32m"font-size: 2rem; font-weight: 700; color: rgb(22, 101, 52); line-height: 1;"[39m
            [36m>[39m
              [0m$0.00[0m
            [36m</div>[39m
            [36m<div[39m
              [33mstyle[39m=[32m"font-size: 0.75rem; color: rgb(21, 128, 61); margin-top: 0.5rem;"[39m
            [36m>[39m
              [0mNo data[0m
            [36m</div>[39m
          [36m</div>[39m
        [36m</div>[39m
      [36m</div>[39m
      [36m<div[39m
        [33mstyle[39m=[32m"background: rgb(255, 255, 255); border-left: 4px solid rgb(212, 175, 55); border-right: 4px solid rgb(212, 175, 55); border-bottom: 4px solid rgb(212, 175, 55); border-radius: 8px; overflow: visible; box-shadow: 0 2px 8px rgba(184, 134, 11, 0.15); margin-bottom: 2rem;"[39m
      [36m>[39m
        [36m<div[39m
          [33mstyle[39m=[32m"background: rgb(75, 0, 110); color: white; padding: 1rem 1.5rem; font-size: 1.5rem; font-weight: 600;"[39m
        [36m>[39m
          [0mFilters[0m
        [36m</div>[39m
        [36m<div[39m
          [33mstyle[39m=[32m"padding: 1.25rem; display: flex; gap: 1rem; flex-wrap: wrap; align-items: flex-end;"[39m
        [36m>[39m
          [36m<div[39m
            [33mstyle[39m=[32m"display: flex; align-items: center; gap: 0.5rem;"[39m
          [36m>[39m
            [36m<label[39m
              [33mstyle[39m=[32m"font-size: 0.8125rem; font-weight: 600; color: rgb(75, 0, 110); white-space: nowrap;"[39m
            [36m>[39m
              [0mDate:[0m
            [36m</label>[39m
            [36m<select[39m
              [33maria-label[39m=[32m"Select date range preset"[39m
              [33mstyle[39m=[32m"padding: 0.5rem; border: 2px solid rgb(212, 175, 55); border-radius: 6px; font-size: 0.8125rem; background-color: rgb(229, 246, 223); outline: none; min-width: 140px;"[39m
            [36m>[39m
              [36m<option[39m
                [33mvalue[39m=[32m"3mo"[39m
              [36m>[39m
                [0m3 Months[0m
              [36m</option>[39m
              [36m<option[39m
                [33mvalue[39m=[32m"6mo"[39m
              [36m>[39m
                [0m6 Months[0m
              [36m</option>[39m
              [36m<option[39m
                [33mvalue[39m=[32m"12mo"[39m
              [36m>[39m
                [0m12 Mo...
 ❯ Object.getElementError node_modules/@testing-library/react/node_modules/@testing-library/dom/dist/config.js:37:19
 ❯ getElementError node_modules/@testing-library/react/node_modules/@testing-library/dom/dist/query-helpers.js:20:35
 ❯ getMultipleElementsFoundError node_modules/@testing-library/react/node_modules/@testing-library/dom/dist/query-helpers.js:23:10
 ❯ node_modules/@testing-library/react/node_modules/@testing-library/dom/dist/query-helpers.js:55:13
 ❯ node_modules/@testing-library/react/node_modules/@testing-library/dom/dist/query-helpers.js:95:19
 ❯ src/pages/cpg/tabs/RawMaterialsTab.test.tsx:141:21
    139|
    140|       expect(screen.getByText(/no invoices match your filters/i)).toBe…
    141|       expect(screen.getByRole('button', { name: /clear all filters/i }…
       |                     ^
    142|     });
    143|

⎯⎯⎯⎯⎯⎯⎯⎯⎯⎯⎯⎯⎯⎯⎯⎯⎯⎯⎯⎯[530/824]⎯

 FAIL  src/pages/cpg/tabs/RawMaterialsTab.test.tsx > RawMaterialsTab > Rendering > renders invoice table with data
TestingLibraryElementError: Unable to find an accessible element with the role "table" and name `/raw material invoice history/i`

Here are the accessible roles:

  tabpanel:

  Name "":
  [36m<div[39m
    [33maria-labelledby[39m=[32m"raw-materials-tab"[39m
    [33mid[39m=[32m"raw-materials-panel"[39m
    [33mrole[39m=[32m"tabpanel"[39m
  [36m/>[39m

  --------------------------------------------------
  button:

  Name "Export raw materials data":
  [36m<button[39m
    [33maria-expanded[39m=[32m"false"[39m
    [33maria-haspopup[39m=[32m"menu"[39m
    [33maria-label[39m=[32m"Export raw materials data"[39m
    [33mstyle[39m=[32m"padding: 0.5rem 1rem; background: rgb(212, 175, 55); border-radius: 6px; color: rgb(26, 26, 26); font-weight: 600; cursor: pointer; font-size: 0.875rem; display: flex; align-items: center; gap: 0.5rem; transition: all 150ms;"[39m
  [36m/>[39m

  Name "Clear All Filters":
  [36m<button[39m
    [33mstyle[39m=[32m"padding: 0.5rem 1rem; background: rgb(75, 0, 110); color: white; border-radius: 6px; font-size: 0.875rem; font-weight: 500; cursor: pointer;"[39m
  [36m/>[39m

  --------------------------------------------------
  combobox:

  Name "Select date range preset":
  [36m<select[39m
    [33maria-label[39m=[32m"Select date range preset"[39m
    [33mstyle[39m=[32m"padding: 0.5rem; border: 2px solid rgb(212, 175, 55); border-radius: 6px; font-size: 0.8125rem; background-color: rgb(229, 246, 223); outline: none; min-width: 140px;"[39m
  [36m/>[39m

  Name "Filter by category":
  [36m<select[39m
    [33maria-label[39m=[32m"Filter by category"[39m
    [33mstyle[39m=[32m"padding: 0.5rem; border: 2px solid rgb(212, 175, 55); border-radius: 6px; font-size: 0.8125rem; background-color: rgb(229, 246, 223); outline: none; min-width: 140px;"[39m
  [36m/>[39m

  Name "Filter by variant":
  [36m<select[39m
    [33maria-label[39m=[32m"Filter by variant"[39m
    [33mstyle[39m=[32m"padding: 0.5rem; border: 2px solid rgb(212, 175, 55); border-radius: 6px; font-size: 0.8125rem; background-color: rgb(229, 246, 223); outline: none; min-width: 120px;"[39m
  [36m/>[39m

  Name "Filter by vendor":
  [36m<input[39m
    [33maria-label[39m=[32m"Filter by vendor"[39m
    [33mlist[39m=[32m"vendor-suggestions"[39m
    [33mplaceholder[39m=[32m"Search..."[39m
    [33mstyle[39m=[32m"padding: 0.5rem; border: 2px solid rgb(212, 175, 55); border-radius: 6px; font-size: 0.8125rem; background-color: rgb(229, 246, 223); outline: none; min-width: 140px;"[39m
    [33mtype[39m=[32m"search"[39m
    [33mvalue[39m=[32m""[39m
  [36m/>[39m

  Name "Sort invoices":
  [36m<select[39m
    [33maria-label[39m=[32m"Sort invoices"[39m
    [33mstyle[39m=[32m"padding: 0.5rem; border: 2px solid rgb(212, 175, 55); border-radius: 6px; font-size: 0.8125rem; background-color: rgb(229, 246, 223); outline: none; min-width: 100px;"[39m
  [36m/>[39m

  --------------------------------------------------
  option:

  Name "3 Months":
  [36m<option[39m
    [33mvalue[39m=[32m"3mo"[39m
  [36m/>[39m

  Name "6 Months":
  [36m<option[39m
    [33mvalue[39m=[32m"6mo"[39m
  [36m/>[39m

  Name "12 Months":
  [36m<option[39m
    [33mvalue[39m=[32m"12mo"[39m
  [36m/>[39m

  Name "Last Year":
  [36m<option[39m
    [33mvalue[39m=[32m"last-calendar-year"[39m
  [36m/>[39m

  Name "This Year":
  [36m<option[39m
    [33mvalue[39m=[32m"this-calendar-year"[39m
  [36m/>[39m

  Name "Custom...":
  [36m<option[39m
    [33mvalue[39m=[32m"custom"[39m
  [36m/>[39m

  Name "All Time":
  [36m<option[39m
    [33mvalue[39m=[32m"all"[39m
  [36m/>[39m

  Name "All":
  [36m<option[39m
    [33mvalue[39m=[32m""[39m
  [36m/>[39m

  Name "Bottles":
  [36m<option[39m
    [33mvalue[39m=[32m"cat-2"[39m
  [36m/>[39m

  Name "Labels":
  [36m<option[39m
    [33mvalue[39m=[32m"cat-3"[39m
  [36m/>[39m

  Name "Oils":
  [36m<option[39m
    [33mvalue[39m=[32m"cat-1"[39m
  [36m/>[39m

  Name "All":
  [36m<option[39m
    [33mvalue[39m=[32m""[39m
  [36m/>[39m

  Name "1oz":
  [36m<option[39m
    [33mvalue[39m=[32m"1oz"[39m
  [36m/>[39m

  Name "Bulk":
  [36m<option[39m
    [33mvalue[39m=[32m"Bulk"[39m
  [36m/>[39m

  Name "Date ↓":
  [36m<option[39m
    [33mvalue[39m=[32m"date-desc"[39m
  [36m/>[39m

  Name "Date ↑":
  [36m<option[39m
    [33mvalue[39m=[32m"date-asc"[39m
  [36m/>[39m

  Name "Vendor":
  [36m<option[39m
    [33mvalue[39m=[32m"vendor"[39m
  [36m/>[39m

  Name "Total ↓":
  [36m<option[39m
    [33mvalue[39m=[32m"total-desc"[39m
  [36m/>[39m

  Name "Total ↑":
  [36m<option[39m
    [33mvalue[39m=[32m"total-asc"[39m
  [36m/>[39m

  --------------------------------------------------

Ignored nodes: comments, script, style
[36m<body>[39m
  [36m<div>[39m
    [36m<div[39m
      [33maria-labelledby[39m=[32m"raw-materials-tab"[39m
      [33mid[39m=[32m"raw-materials-panel"[39m
      [33mrole[39m=[32m"tabpanel"[39m
    [36m>[39m
      [36m<div[39m
        [33mstyle[39m=[32m"background: rgb(255, 255, 255); border-left: 4px solid rgb(212, 175, 55); border-right: 4px solid rgb(212, 175, 55); border-bottom: 4px solid rgb(212, 175, 55); border-radius: 8px; overflow: hidden; box-shadow: 0 2px 8px rgba(184, 134, 11, 0.15); margin-bottom: 1.5rem;"[39m
      [36m>[39m
        [36m<div[39m
          [33mstyle[39m=[32m"background: rgb(75, 0, 110); color: white; padding: 1.25rem 1.5rem; font-size: 1.5rem; font-weight: 600; display: flex; justify-content: space-between; align-items: center;"[39m
        [36m>[39m
          [36m<span>[39m
            [0mSummary[0m
          [36m</span>[39m
          [36m<div[39m
            [33mstyle[39m=[32m"position: relative;"[39m
          [36m>[39m
            [36m<button[39m
              [33maria-expanded[39m=[32m"false"[39m
              [33maria-haspopup[39m=[32m"menu"[39m
              [33maria-label[39m=[32m"Export raw materials data"[39m
              [33mstyle[39m=[32m"padding: 0.5rem 1rem; background: rgb(212, 175, 55); border-radius: 6px; color: rgb(26, 26, 26); font-weight: 600; cursor: pointer; font-size: 0.875rem; display: flex; align-items: center; gap: 0.5rem; transition: all 150ms;"[39m
            [36m>[39m
              [36m<span>[39m
                [0m📊[0m
              [36m</span>[39m
              [36m<span>[39m
                [0mExport[0m
              [36m</span>[39m
              [36m<span[39m
                [33maria-hidden[39m=[32m"true"[39m
              [36m>[39m
                [0m▼[0m
              [36m</span>[39m
            [36m</button>[39m
          [36m</div>[39m
        [36m</div>[39m
        [36m<div[39m
          [33mstyle[39m=[32m"padding: 1.5rem; display: grid; grid-template-columns: repeat(3, 1fr); gap: 1.25rem;"[39m
        [36m>[39m
          [36m<div[39m
            [33mstyle[39m=[32m"background: linear-gradient(135deg, #4b006e 0%, #6b21a8 100%); border-radius: 12px; padding: 1.25rem; color: white;"[39m
          [36m>[39m
            [36m<div[39m
              [33mstyle[39m=[32m"font-size: 0.75rem; opacity: 0.9; font-weight: 600; margin-bottom: 0.5rem; text-transform: uppercase; letter-spacing: 0.05em;"[39m
            [36m>[39m
              [0mTotal Spent[0m
            [36m</div>[39m
            [36m<div[39m
              [33mstyle[39m=[32m"font-size: 2rem; font-weight: 700; line-height: 1;"[39m
            [36m>[39m
              [0m$[0m
              [0m0.00[0m
            [36m</div>[39m
            [36m<div[39m
              [33mstyle[39m=[32m"font-size: 0.75rem; opacity: 0.9; margin-top: 0.5rem;"[39m
            [36m>[39m
              [0m0[0m
              [0m [0m
              [0minvoices[0m
            [36m</div>[39m
          [36m</div>[39m
          [36m<div[39m
            [33mstyle[39m=[32m"background: linear-gradient(135deg, #E8D4A0 0%, #D4AF37 100%); border-radius: 12px; padding: 1.25rem;"[39m
          [36m>[39m
            [36m<div[39m
              [33mstyle[39m=[32m"font-size: 0.75rem; color: rgb(75, 0, 110); font-weight: 600; margin-bottom: 0.5rem; text-transform: uppercase; letter-spacing: 0.05em;"[39m
            [36m>[39m
              [0mAverage Invoice[0m
            [36m</div>[39m
            [36m<div[39m
              [33mstyle[39m=[32m"font-size: 2rem; font-weight: 700; color: rgb(75, 0, 110); line-height: 1;"[39m
            [36m>[39m
              [0m$0.00[0m
            [36m</div>[39m
            [36m<div[39m
              [33mstyle[39m=[32m"font-size: 0.75rem; color: rgb(75, 0, 110); margin-top: 0.5rem;"[39m
            [36m>[39m
              [0mper invoice[0m
            [36m</div>[39m
          [36m</div>[39m
          [36m<div[39m
            [33mstyle[39m=[32m"background: linear-gradient(135deg, #D8E5D8 0%, #A8D5A8 100%); border-radius: 12px; padding: 1.25rem;"[39m
          [36m>[39m
            [36m<div[39m
              [33mstyle[39m=[32m"font-size: 0.75rem; color: rgb(21, 128, 61); font-weight: 600; margin-bottom: 0.5rem; text-transform: uppercase; letter-spacing: 0.05em;"[39m
            [36m>[39m
              [0mTop Vendor[0m
            [36m</div>[39m
            [36m<div[39m
              [33mstyle[39m=[32m"font-size: 2rem; font-weight: 700; color: rgb(22, 101, 52); line-height: 1;"[39m
            [36m>[39m
              [0m$0.00[0m
            [36m</div>[39m
            [36m<div[39m
              [33mstyle[39m=[32m"font-size: 0.75rem; color: rgb(21, 128, 61); margin-top: 0.5rem;"[39m
            [36m>[39m
              [0mNo data[0m
            [36m</div>[39m
          [36m</div>[39m
        [36m</div>[39m
      [36m</div>[39m
      [36m<div[39m
        [33mstyle[39m=[32m"background: rgb(255, 255, 255); border-left: 4px solid rgb(212, 175, 55); border-right: 4px solid rgb(212, 175, 55); border-bottom: 4px solid rgb(212, 175, 55); border-radius: 8px; overflow: visible; box-shadow: 0 2px 8px rgba(184, 134, 11, 0.15); margin-bottom: 2rem;"[39m
      [36m>[39m
        [36m<div[39m
          [33mstyle[39m=[32m"background: rgb(75, 0, 110); color: white; padding: 1rem 1.5rem; font-size: 1.5rem; font-weight: 600;"[39m
        [36m>[39m
          [0mFilters[0m
        [36m</div>[39m
        [36m<div[39m
          [33mstyle[39m=[32m"padding: 1.25rem; display: flex; gap: 1rem; flex-wrap: wrap; align-items: flex-end;"[39m
        [36m>[39m
          [36m<div[39m
            [33mstyle[39m=[32m"display: flex; align-items: center; gap: 0.5rem;"[39m
          [36m>[39m
            [36m<label[39m
              [33mstyle[39m=[32m"font-size: 0.8125rem; font-weight: 600; color: rgb(75, 0, 110); white-space: nowrap;"[39m
            [36m>[39m
              [0mDate:[0m
            [36m</label>[39m
            [36m<select[39m
              [33maria-label[39m=[32m"Select date range preset"[39m
              [33mstyle[39m=[32m"padding: 0.5rem; border: 2px solid rgb(212, 175, 55); border-radius: 6px; font-size: 0.8125rem; background-color: rgb(229, 246, 223); outline: none; min-width: 140px;"[39m
            [36m>[39m
              [36m<option[39m
                [33mvalue[39m=[32m"3mo"[39m
              [36m>[39m
                [0m3 Months[0m
              [36m</option>[39m
              [36m<option[39m
                [33mvalue[39m=[32m"6mo"[39m
              [36m>[39m
                [0m6 Months[0m
              [36m</option>[39m
              [36m<option[39m
                [33mvalue[39m=[32m"12mo"[39m
              [36m>[39m
                [0m12 Months[0m
              [36m</option>[39m
              [36m<option[39m
                [33mvalue[39m=[32m"last-calendar-year"[39m
              [36m>[39m
                [0mLast Year[0m
              [36m</option>[39m
              [36m<option[39m
                [33mvalue[39m=[32m"this-calendar-year"[39m
              [36m>[39m
                [0mThis Year[0m
              [36m</option>[39m
              [36m<option[39m
                [33mvalue[39m=[32m"custom"[39m
              [36m>[39m
                [0mCustom...[0m
              [36m</option>[39m
              [36m<option[39m
                [33mvalue[39m=[32m"all"[39m
              [36m>[39m
                [0mAll Time[0m
              [36m</option>[39m
            [36m</select>[39m
          [36m</div>[39m
          [36m<div[39m
            [33mstyle[39m=[32m"display: flex; align-items: center; gap: 0.5rem;"[39m
          [36m>[39m
            [36m<label[39m
              [33mstyle[39m=[32m"font-size: 0.8125rem; font-weight: 600; color: rgb(75, 0, 110); white-space: nowrap;"[39m
            [36m>[39m
              [0mCategory:[0m
            [36m</label>[39m
            [36m<select[39m
              [33maria-label[39m=[32m"Filter by category"[39m
              [33mstyle[39m=[32m"padding: 0.5rem; border: 2px solid rgb(212, 175, 55); border-radius: 6px; font-size: 0.8125rem; background-color: rgb(229, 246, 223); outline: none; min-width: 140px;"[39m
            [36m>[39m
              [36m<option[39m
                [33mvalue[39m=[32m""[39m
              [36m>[39m
                [0mAll[0m
              [36m</option>[39m
              [36m<option[39m
                [33mvalue[39m=[32m"cat-2"[39m
              [36m>[39m
                [0mBottles[0m
              [36m</option>[39m
              [36m<option[39m
                [33mvalue[39m=[32m"cat-3"[39m
              [36m>[39m
                [0mLabels[0m
              [36m</option>[39m
              [36m<option[39m
                [33mvalue[39m=[32m"cat-1"[39m
              [36m>[39m
                [0mOils[0m
              [36m</option>[39m
            [36m</select>[39m
          [36m</div>[39m
          [36m<div[39m
            [33mstyle[39m=[32m"display: flex; align-items: center; gap: 0.5rem;"[39m
          [36m>[39m
            [36m<label[39m
              [33mstyle[39m=[32m"font-size: 0.8125rem; font-weight: 600; color: rgb(75, 0, 110); white-space: nowrap;"[39m
            [36m>[39m
              [0mVariant:[0m
            [36m</label>[39m
            [36m<select[39m
              [33maria-label[39m=[32m"Filter by variant"[39m
              [33mstyle[39m=[32m"padding: 0.5rem; border: 2px solid rgb(212, 175, 55); border-radius: 6px; font-size: 0.8125rem; background-color: rgb(229, 246, 223); outline: none; min-width: 120px;"[39m
            [36m>[39m
              [36m<option[39m
                [33mvalue[39m=[32m""[39m
              [36m>[39m
                [0mAll[0m
              [36m</option>[39m
              [36m<option[39m
                [33mvalue[39m=[32m"1oz"[39m
              [36m>[39m
                [0m1oz[0m
              [36m</option>[39m
              [36m<option[39m
                [33mvalue[39m=[32m"Bulk"[39m
              [36m>[39m
                [0mBulk[0m
              [36m</option>[39m
            [36m</select>[39m
          [36m</div>[39m
          [36m<div[39m
            [33mstyle[39m=[32m"display: flex; align-items: center; gap: 0.5rem;"[39m
          [36m>[39m
            [36m<label[39m
              [33mstyle[39m=[32m"font-size: 0.8125rem; font-weight: 600; color: rgb(75, 0, 110); white-space: nowrap;"[39m
            [36m>[39m
              [0mVendor:[0m
            [36m</label>[39m
            [36m<input[39m
              [33maria-label[39m=[32m"Filter by vendor"[39m
              [33mlist[39m=[32m"vendor-suggestions"[39m
              [33mplaceholder[39m=[32m"Search..."[39m
              [33mstyle[39m=[32m"padding: 0.5rem; border: 2px solid rgb(212, 175, 55); border-radius: 6px; font-size: 0.8125rem; background-color: rgb(229, 246, 223); outline: none; min-width: 140px;"[39m
              [33mtype[39m=[32m"search"[39m
              [33mvalue[39m=[32m""[39m
            [36m/>[39m
            [36m<datalist[39m
              [33mid[39m=[32m"vendor-suggestions"[39m
            [36m>[39m
              [36m<option[39m
                [33mvalue[39m=[32m"Vendor A"[39m
              [36m/>[39m
              [36m<option[39m
                [33mvalue[39m=[32m"Vendor B"[39m
              [36m/>[39m
            [36m</datalist>[39m
          [36m</div>[39m
          [36m<div[39m
            [33mstyle[39m=[32m"display: flex; align-items: center; gap: 0.5rem;"[39m
          [36m>[39m
            [36m<label[39m
              [33mstyle[39m=[32m"font-size: 0.8125rem; font-weight: 600; color: rgb(75, 0, 110); white-space: nowrap;"[39m
            [36m>[39m
              [0mSort:[0m
            [36m</label>[39m
            [36m<select[39m
              [33maria-label[39m=[32m"Sort invoices"[39m
              [33mstyle[39m=[32m"padding: 0.5rem; border: 2px solid rgb(212, 175, 55); border-radius: 6px; font-size: 0.8125rem; background-color: rgb(229, 246, 223); outline: none; min-width: 100px;"[39m
            [36m>[39m
              [36m<option[39m
                [33mvalue[39m=[32m"date-desc"[39m
              [36m>[39m
                [0mDate ↓[0m
              [36m</option>[39m
              [36m<option[39m
                [33mvalue[39m=[32m"date-asc"[39m
              [36m>[39m
                [0mDate ↑[0m
              [36m</option>[39m
              [36m<option[39m
                [33mvalue[39m=[32m"vendor"[39m
              [36m>[39m
                [0mVendor[0m
              [36m</option>[39m
              [36m<option[39m
                [33mvalue[39m=[32m"total-desc"[39m
              [36m>[39m
                [0mTotal ↓[0m
              [36m</option>[39m
              [36m<option[39m
                [33mvalue[39m=[32m"total-asc"[39m
              [36m>[39m
                [0mTotal ↑[0m
              [36m</option>[39m
            [36m</select>[39m
          [36m</div>[39m
        [36m</div>[39m
      [36m</div>[39m
      [36m<div[39m
        [33mstyle[39m=[32m"background: white; border-radius: 8px; border: 1px solid rgb(229, 231, 235); overflow: hidden;"[39m
      [36m>[39m
        [36m<div[39m
          [33mstyle[39m=[32m"text-align: center; padding: 3rem 2rem; background: rgb(249, 250, 251);"[39m
        [36m>[39m
          [36m<span[39m
            [33mstyle[39m=[32m"font-size: 2.5rem; display: block; margin-bottom: 1rem;"[39m
          [36m>[39m
            [0m🔍[0m
          [36m</span>[39m
          [36m<span[39m
            [33mstyle[39m=[32m"color: rgb(100, 116, 139); font-size: 1.125rem; display: block; margin-bottom: 0.5rem;"[39m
          [36m>[39m
            [0mNo invoices match your filters[0m
          [36m</span>[39m
          [36m<p[39m
            [33mstyle[39m=[32m"margin: 0px 0px 1.5rem 0px; font-size: 0.875rem; color: rgb(148, 163, 184);"[39m
          [36m>[39m
            [0mTry adjusting your date range, vendor, category, or variant filters.[0m
          [36m</p>[39m
          [36m<button[39m
            [33mstyle[39m=[32m"padding: 0.5rem 1rem; background: rgb(75, 0, 110); color: white; border-radius: 6px; font-size: 0.875rem; font-weight: 500; cursor: pointer;"[39m
          [36m>[39m
            [0mClear All Filters[0m
          [36m</button>[39m
        [36m</div>[39m
      [36m</div>[39m
    [36m</div>[39m
  [36m</div>[39m
[36m</body>[39m
 ❯ Object.getElementError node_modules/@testing-library/react/node_modules/@testing-library/dom/dist/config.js:37:19
 ❯ node_modules/@testing-library/react/node_modules/@testing-library/dom/dist/query-helpers.js:76:38
 ❯ node_modules/@testing-library/react/node_modules/@testing-library/dom/dist/query-helpers.js:52:17
 ❯ node_modules/@testing-library/react/node_modules/@testing-library/dom/dist/query-helpers.js:95:19
 ❯ src/pages/cpg/tabs/RawMaterialsTab.test.tsx:147:28
    145|       render(<RawMaterialsTab {...defaultProps} />);
    146|
    147|       const table = screen.getByRole('table', { name: /raw material in…
       |                            ^
    148|       expect(table).toBeInTheDocument();
    149|

⎯⎯⎯⎯⎯⎯⎯⎯⎯⎯⎯⎯⎯⎯⎯⎯⎯⎯⎯⎯[531/824]⎯

 FAIL  src/pages/cpg/tabs/RawMaterialsTab.test.tsx > RawMaterialsTab > Rendering > renders statistics dashboard
TestingLibraryElementError: Unable to find an element with the text: /average invoice amount/i. This could be because the text is broken up by multiple elements. In this case, you can provide a function for your text matcher to make your matcher more flexible.

Ignored nodes: comments, script, style
[36m<body>[39m
  [36m<div>[39m
    [36m<div[39m
      [33maria-labelledby[39m=[32m"raw-materials-tab"[39m
      [33mid[39m=[32m"raw-materials-panel"[39m
      [33mrole[39m=[32m"tabpanel"[39m
    [36m>[39m
      [36m<div[39m
        [33mstyle[39m=[32m"background: rgb(255, 255, 255); border-left: 4px solid rgb(212, 175, 55); border-right: 4px solid rgb(212, 175, 55); border-bottom: 4px solid rgb(212, 175, 55); border-radius: 8px; overflow: hidden; box-shadow: 0 2px 8px rgba(184, 134, 11, 0.15); margin-bottom: 1.5rem;"[39m
      [36m>[39m
        [36m<div[39m
          [33mstyle[39m=[32m"background: rgb(75, 0, 110); color: white; padding: 1.25rem 1.5rem; font-size: 1.5rem; font-weight: 600; display: flex; justify-content: space-between; align-items: center;"[39m
        [36m>[39m
          [36m<span>[39m
            [0mSummary[0m
          [36m</span>[39m
          [36m<div[39m
            [33mstyle[39m=[32m"position: relative;"[39m
          [36m>[39m
            [36m<button[39m
              [33maria-expanded[39m=[32m"false"[39m
              [33maria-haspopup[39m=[32m"menu"[39m
              [33maria-label[39m=[32m"Export raw materials data"[39m
              [33mstyle[39m=[32m"padding: 0.5rem 1rem; background: rgb(212, 175, 55); border-radius: 6px; color: rgb(26, 26, 26); font-weight: 600; cursor: pointer; font-size: 0.875rem; display: flex; align-items: center; gap: 0.5rem; transition: all 150ms;"[39m
            [36m>[39m
              [36m<span>[39m
                [0m📊[0m
              [36m</span>[39m
              [36m<span>[39m
                [0mExport[0m
              [36m</span>[39m
              [36m<span[39m
                [33maria-hidden[39m=[32m"true"[39m
              [36m>[39m
                [0m▼[0m
              [36m</span>[39m
            [36m</button>[39m
          [36m</div>[39m
        [36m</div>[39m
        [36m<div[39m
          [33mstyle[39m=[32m"padding: 1.5rem; display: grid; grid-template-columns: repeat(3, 1fr); gap: 1.25rem;"[39m
        [36m>[39m
          [36m<div[39m
            [33mstyle[39m=[32m"background: linear-gradient(135deg, #4b006e 0%, #6b21a8 100%); border-radius: 12px; padding: 1.25rem; color: white;"[39m
          [36m>[39m
            [36m<div[39m
              [33mstyle[39m=[32m"font-size: 0.75rem; opacity: 0.9; font-weight: 600; margin-bottom: 0.5rem; text-transform: uppercase; letter-spacing: 0.05em;"[39m
            [36m>[39m
              [0mTotal Spent[0m
            [36m</div>[39m
            [36m<div[39m
              [33mstyle[39m=[32m"font-size: 2rem; font-weight: 700; line-height: 1;"[39m
            [36m>[39m
              [0m$[0m
              [0m0.00[0m
            [36m</div>[39m
            [36m<div[39m
              [33mstyle[39m=[32m"font-size: 0.75rem; opacity: 0.9; margin-top: 0.5rem;"[39m
            [36m>[39m
              [0m0[0m
              [0m [0m
              [0minvoices[0m
            [36m</div>[39m
          [36m</div>[39m
          [36m<div[39m
            [33mstyle[39m=[32m"background: linear-gradient(135deg, #E8D4A0 0%, #D4AF37 100%); border-radius: 12px; padding: 1.25rem;"[39m
          [36m>[39m
            [36m<div[39m
              [33mstyle[39m=[32m"font-size: 0.75rem; color: rgb(75, 0, 110); font-weight: 600; margin-bottom: 0.5rem; text-transform: uppercase; letter-spacing: 0.05em;"[39m
            [36m>[39m
              [0mAverage Invoice[0m
            [36m</div>[39m
            [36m<div[39m
              [33mstyle[39m=[32m"font-size: 2rem; font-weight: 700; color: rgb(75, 0, 110); line-height: 1;"[39m
            [36m>[39m
              [0m$0.00[0m
            [36m</div>[39m
            [36m<div[39m
              [33mstyle[39m=[32m"font-size: 0.75rem; color: rgb(75, 0, 110); margin-top: 0.5rem;"[39m
            [36m>[39m
              [0mper invoice[0m
            [36m</div>[39m
          [36m</div>[39m
          [36m<div[39m
            [33mstyle[39m=[32m"background: linear-gradient(135deg, #D8E5D8 0%, #A8D5A8 100%); border-radius: 12px; padding: 1.25rem;"[39m
          [36m>[39m
            [36m<div[39m
              [33mstyle[39m=[32m"font-size: 0.75rem; color: rgb(21, 128, 61); font-weight: 600; margin-bottom: 0.5rem; text-transform: uppercase; letter-spacing: 0.05em;"[39m
            [36m>[39m
              [0mTop Vendor[0m
            [36m</div>[39m
            [36m<div[39m
              [33mstyle[39m=[32m"font-size: 2rem; font-weight: 700; color: rgb(22, 101, 52); line-height: 1;"[39m
            [36m>[39m
              [0m$0.00[0m
            [36m</div>[39m
            [36m<div[39m
              [33mstyle[39m=[32m"font-size: 0.75rem; color: rgb(21, 128, 61); margin-top: 0.5rem;"[39m
            [36m>[39m
              [0mNo data[0m
            [36m</div>[39m
          [36m</div>[39m
        [36m</div>[39m
      [36m</div>[39m
      [36m<div[39m
        [33mstyle[39m=[32m"background: rgb(255, 255, 255); border-left: 4px solid rgb(212, 175, 55); border-right: 4px solid rgb(212, 175, 55); border-bottom: 4px solid rgb(212, 175, 55); border-radius: 8px; overflow: visible; box-shadow: 0 2px 8px rgba(184, 134, 11, 0.15); margin-bottom: 2rem;"[39m
      [36m>[39m
        [36m<div[39m
          [33mstyle[39m=[32m"background: rgb(75, 0, 110); color: white; padding: 1rem 1.5rem; font-size: 1.5rem; font-weight: 600;"[39m
        [36m>[39m
          [0mFilters[0m
        [36m</div>[39m
        [36m<div[39m
          [33mstyle[39m=[32m"padding: 1.25rem; display: flex; gap: 1rem; flex-wrap: wrap; align-items: flex-end;"[39m
        [36m>[39m
          [36m<div[39m
            [33mstyle[39m=[32m"display: flex; align-items: center; gap: 0.5rem;"[39m
          [36m>[39m
            [36m<label[39m
              [33mstyle[39m=[32m"font-size: 0.8125rem; font-weight: 600; color: rgb(75, 0, 110); white-space: nowrap;"[39m
            [36m>[39m
              [0mDate:[0m
            [36m</label>[39m
            [36m<select[39m
              [33maria-label[39m=[32m"Select date range preset"[39m
              [33mstyle[39m=[32m"padding: 0.5rem; border: 2px solid rgb(212, 175, 55); border-radius: 6px; font-size: 0.8125rem; background-color: rgb(229, 246, 223); outline: none; min-width: 140px;"[39m
            [36m>[39m
              [36m<option[39m
                [33mvalue[39m=[32m"3mo"[39m
              [36m>[39m
                [0m3 Months[0m
              [36m</option>[39m
              [36m<option[39m
                [33mvalue[39m=[32m"6mo"[39m
              [36m>[39m
                [0m6 Months[0m
              [36m</option>[39m
              [36m<option[39m
                [33mvalue[39m=[32m"12mo"[39m
              [36m>[39m
                [0m12 Months[0m
              [36m</option>[39m
              [36m<option[39m
                [33mvalue[39m=[32m"last-calendar-year"[39m
              [36m>[39m
                [0mLast Year[0m
              [36m</option>[39m
              [36m<option[39m
                [33mvalue[39m=[32m"this-calendar-year"[39m
              [36m>[39m
                [0mThis Year[0m
              [36m</option>[39m
              [36m<option[39m
                [33mvalue[39m=[32m"custom"[39m
              [36m>[39m
                [0mCustom...[0m
              [36m</option>[39m
              [36m<option[39m
                [33mvalue[39m=[32m"all"[39m
              [36m>[39m
                [0mAll Time[0m
              [36m</option>[39m
            [36m</select>[39m
          [36m</div>[39m
          [36m<div[39m
            [33mstyle[39m=[32m"display: flex; align-items: center; gap: 0.5rem;"[39m
          [36m>[39m
            [36m<label[39m
              [33mstyle[39m=[32m"font-size: 0.8125rem; font-weight: 600; color: rgb(75, 0, 110); white-space: nowrap;"[39m
            [36m>[39m
              [0mCategory:[0m
            [36m</label>[39m
            [36m<select[39m
              [33maria-label[39m=[32m"Filter by category"[39m
              [33mstyle[39m=[32m"padding: 0.5rem; border: 2px solid rgb(212, 175, 55); border-radius: 6px; font-size: 0.8125rem; background-color: rgb(229, 246, 223); outline: none; min-width: 140px;"[39m
            [36m>[39m
              [36m<option[39m
                [33mvalue[39m=[32m""[39m
              [36m>[39m
                [0mAll[0m
              [36m</option>[39m
              [36m<option[39m
                [33mvalue[39m=[32m"cat-2"[39m
              [36m>[39m
                [0mBottles[0m
              [36m</option>[39m
              [36m<option[39m
                [33mvalue[39m=[32m"cat-3"[39m
              [36m>[39m
                [0mLabels[0m
              [36m</option>[39m
              [36m<option[39m
                [33mvalue[39m=[32m"cat-1"[39m
              [36m>[39m
                [0mOils[0m
              [36m</option>[39m
            [36m</select>[39m
          [36m</div>[39m
          [36m<div[39m
            [33mstyle[39m=[32m"display: flex; align-items: center; gap: 0.5rem;"[39m
          [36m>[39m
            [36m<label[39m
              [33mstyle[39m=[32m"font-size: 0.8125rem; font-weight: 600; color: rgb(75, 0, 110); white-space: nowrap;"[39m
            [36m>[39m
              [0mVariant:[0m
            [36m</label>[39m
            [36m<select[39m
              [33maria-label[39m=[32m"Filter by variant"[39m
              [33mstyle[39m=[32m"padding: 0.5rem; border: 2px solid rgb(212, 175, 55); border-radius: 6px; font-size: 0.8125rem; background-color: rgb(229, 246, 223); outline: none; min-width: 120px;"[39m
            [36m>[39m
              [36m<option[39m
                [33mvalue[39m=[32m""[39m
              [36m>[39m
                [0mAll[0m
              [36m</option>[39m
              [36m<option[39m
                [33mvalue[39m=[32m"1oz"[39m
              [36m>[39m
                [0m1oz[0m
              [36m</option>[39m
              [36m<option[39m
                [33mvalue[39m=[32m"Bulk"[39m
              [36m>[39m
                [0mBulk[0m
              [36m</option>[39m
            [36m</select>[39m
          [36m</div>[39m
          [36m<div[39m
            [33mstyle[39m=[32m"display: flex; align-items: center; gap: 0.5rem;"[39m
          [36m>[39m
            [36m<label[39m
              [33mstyle[39m=[32m"font-size: 0.8125rem; font-weight: 600; color: rgb(75, 0, 110); white-space: nowrap;"[39m
            [36m>[39m
              [0mVendor:[0m
            [36m</label>[39m
            [36m<input[39m
              [33maria-label[39m=[32m"Filter by vendor"[39m
              [33mlist[39m=[32m"vendor-suggestions"[39m
              [33mplaceholder[39m=[32m"Search..."[39m
              [33mstyle[39m=[32m"padding: 0.5rem; border: 2px solid rgb(212, 175, 55); border-radius: 6px; font-size: 0.8125rem; background-color: rgb(229, 246, 223); outline: none; min-width: 140px;"[39m
              [33mtype[39m=[32m"search"[39m
              [33mvalue[39m=[32m""[39m
            [36m/>[39m
            [36m<datalist[39m
              [33mid[39m=[32m"vendor-suggestions"[39m
            [36m>[39m
              [36m<option[39m
                [33mvalue[39m=[32m"Vendor A"[39m
              [36m/>[39m
              [36m<option[39m
                [33mvalue[39m=[32m"Vendor B"[39m
              [36m/>[39m
            [36m</datalist>[39m
          [36m</div>[39m
          [36m<div[39m
            [33mstyle[39m=[32m"display: flex; align-items: center; gap: 0.5rem;"[39m
          [36m>[39m
            [36m<label[39m
              [33mstyle[39m=[32m"font-size: 0.8125rem; font-weight: 600; color: rgb(75, 0, 110); white-space: nowrap;"[39m
            [36m>[39m
              [0mSort:[0m
            [36m</label>[39m
            [36m<select[39m
              [33maria-label[39m=[32m"Sort invoices"[39m
              [33mstyle[39m=[32m"padding: 0.5rem; border: 2px solid rgb(212, 175, 55); border-radius: 6px; font-size: 0.8125rem; background-color: rgb(229, 246, 223); outline: none; min-width: 100px;"[39m
            [36m>[39m
              [36m<option[39m
                [33mvalue[39m=[32m"date-desc"[39m
              [36m>[39m
                [0mDate ↓[0m
              [36m</option>[39m
              [36m<option[39m
                [33mvalue[39m=[32m"date-asc"[39m
              [36m>[39m
                [0mDate ↑[0m
              [36m</option>[39m
              [36m<option[39m
                [33mvalue[39m=[32m"vendor"[39m
              [36m>[39m
                [0mVendor[0m
              [36m</option>[39m
              [36m<option[39m
                [33mvalue[39m=[32m"total-desc"[39m
              [36m>[39m
                [0mTotal ↓[0m
              [36m</option>[39m
              [36m<option[39m
                [33mvalue[39m=[32m"total-asc"[39m
              [36m>[39m
                [0mTotal ↑[0m
              [36m</option>[39m
            [36m</select>[39m
          [36m</div>[39m
        [36m</div>[39m
      [36m</div>[39m
      [36m<div[39m
        [33mstyle[39m=[32m"background: white; border-radius: 8px; border: 1px solid rgb(229, 231, 235); overflow: hidden;"[39m
      [36m>[39m
        [36m<div[39m
          [33mstyle[39m=[32m"text-align: center; padding: 3rem 2rem; background: rgb(249, 250, 251);"[39m
        [36m>[39m
          [36m<span[39m
            [33mstyle[39m=[32m"font-size: 2.5rem; display: block; margin-bottom: 1rem;"[39m
          [36m>[39m
            [0m🔍[0m
          [36m</span>[39m
          [36m<span[39m
            [33mstyle[39m=[32m"color: rgb(100, 116, 139); font-size: 1.125rem; display: block; margin-bottom: 0.5rem;"[39m
          [36m>[39m
            [0mNo invoices match your filters[0m
          [36m</span>[39m
          [36m<p[39m
            [33mstyle[39m=[32m"margin: 0px 0px 1.5rem 0px; font-size: 0.875rem; color: rgb(148, 163, 184);"[39m
          [36m>[39m
            [0mTry adjusting your date range, vendor, category, or variant filters.[0m
          [36m</p>[39m
          [36m<button[39m
            [33mstyle[39m=[32m"padding: 0.5rem 1rem; background: rgb(75, 0, 110); color: white; border-radius: 6px; font-size: 0.875rem; font-weight: 500; cursor: pointer;"[39m
          [36m>[39m
            [0mClear All Filters[0m
          [36m</button>[39m
        [36m</div>[39m
      [36m</div>[39m
    [36m</div>[39m
  [36m</div>[39m
[36m</body>[39m
 ❯ Object.getElementError node_modules/@testing-library/react/node_modules/@testing-library/dom/dist/config.js:37:19
 ❯ node_modules/@testing-library/react/node_modules/@testing-library/dom/dist/query-helpers.js:76:38
 ❯ node_modules/@testing-library/react/node_modules/@testing-library/dom/dist/query-helpers.js:52:17
 ❯ node_modules/@testing-library/react/node_modules/@testing-library/dom/dist/query-helpers.js:95:19
 ❯ src/pages/cpg/tabs/RawMaterialsTab.test.tsx:159:21
    157|
    158|       expect(screen.getByText(/total spent/i)).toBeInTheDocument();
    159|       expect(screen.getByText(/average invoice amount/i)).toBeInTheDoc…
       |                     ^
    160|     });
    161|   });

⎯⎯⎯⎯⎯⎯⎯⎯⎯⎯⎯⎯⎯⎯⎯⎯⎯⎯⎯⎯[532/824]⎯

 FAIL  src/pages/cpg/tabs/RawMaterialsTab.test.tsx > RawMaterialsTab > Date Range Filtering > has default preset of 3 months
Error: [2mexpect([22m[31melement[39m[2m).toHaveValue([22m[32m3mo[39m[2m)[22m

Expected the element to have value:
[32m  3mo[39m
Received:
[31m  12mo[39m
 ❯ src/pages/cpg/tabs/RawMaterialsTab.test.tsx:168:28
    166|
    167|       const presetSelect = screen.getByLabelText(/select date range pr…
    168|       expect(presetSelect).toHaveValue('3mo');
       |                            ^
    169|     });
    170|

⎯⎯⎯⎯⎯⎯⎯⎯⎯⎯⎯⎯⎯⎯⎯⎯⎯⎯⎯⎯[533/824]⎯

 FAIL  src/pages/cpg/tabs/RawMaterialsTab.test.tsx > RawMaterialsTab > Date Range Filtering > shows custom date inputs when custom selected
TestingLibraryElementError: Unable to find a label with the text of: /start date for raw materials filter/i

Ignored nodes: comments, script, style
[36m<body>[39m
  [36m<div>[39m
    [36m<div[39m
      [33maria-labelledby[39m=[32m"raw-materials-tab"[39m
      [33mid[39m=[32m"raw-materials-panel"[39m
      [33mrole[39m=[32m"tabpanel"[39m
    [36m>[39m
      [36m<div[39m
        [33mstyle[39m=[32m"background: rgb(255, 255, 255); border-left: 4px solid rgb(212, 175, 55); border-right: 4px solid rgb(212, 175, 55); border-bottom: 4px solid rgb(212, 175, 55); border-radius: 8px; overflow: hidden; box-shadow: 0 2px 8px rgba(184, 134, 11, 0.15); margin-bottom: 1.5rem;"[39m
      [36m>[39m
        [36m<div[39m
          [33mstyle[39m=[32m"background: rgb(75, 0, 110); color: white; padding: 1.25rem 1.5rem; font-size: 1.5rem; font-weight: 600; display: flex; justify-content: space-between; align-items: center;"[39m
        [36m>[39m
          [36m<span>[39m
            [0mSummary[0m
          [36m</span>[39m
          [36m<div[39m
            [33mstyle[39m=[32m"position: relative;"[39m
          [36m>[39m
            [36m<button[39m
              [33maria-expanded[39m=[32m"false"[39m
              [33maria-haspopup[39m=[32m"menu"[39m
              [33maria-label[39m=[32m"Export raw materials data"[39m
              [33mstyle[39m=[32m"padding: 0.5rem 1rem; background: rgb(212, 175, 55); border-radius: 6px; color: rgb(26, 26, 26); font-weight: 600; cursor: pointer; font-size: 0.875rem; display: flex; align-items: center; gap: 0.5rem; transition: all 150ms;"[39m
            [36m>[39m
              [36m<span>[39m
                [0m📊[0m
              [36m</span>[39m
              [36m<span>[39m
                [0mExport[0m
              [36m</span>[39m
              [36m<span[39m
                [33maria-hidden[39m=[32m"true"[39m
              [36m>[39m
                [0m▼[0m
              [36m</span>[39m
            [36m</button>[39m
          [36m</div>[39m
        [36m</div>[39m
        [36m<div[39m
          [33mstyle[39m=[32m"padding: 1.5rem; display: grid; grid-template-columns: repeat(3, 1fr); gap: 1.25rem;"[39m
        [36m>[39m
          [36m<div[39m
            [33mstyle[39m=[32m"background: linear-gradient(135deg, #4b006e 0%, #6b21a8 100%); border-radius: 12px; padding: 1.25rem; color: white;"[39m
          [36m>[39m
            [36m<div[39m
              [33mstyle[39m=[32m"font-size: 0.75rem; opacity: 0.9; font-weight: 600; margin-bottom: 0.5rem; text-transform: uppercase; letter-spacing: 0.05em;"[39m
            [36m>[39m
              [0mTotal Spent[0m
            [36m</div>[39m
            [36m<div[39m
              [33mstyle[39m=[32m"font-size: 2rem; font-weight: 700; line-height: 1;"[39m
            [36m>[39m
              [0m$[0m
              [0m0.00[0m
            [36m</div>[39m
            [36m<div[39m
              [33mstyle[39m=[32m"font-size: 0.75rem; opacity: 0.9; margin-top: 0.5rem;"[39m
            [36m>[39m
              [0m0[0m
              [0m [0m
              [0minvoices[0m
            [36m</div>[39m
          [36m</div>[39m
          [36m<div[39m
            [33mstyle[39m=[32m"background: linear-gradient(135deg, #E8D4A0 0%, #D4AF37 100%); border-radius: 12px; padding: 1.25rem;"[39m
          [36m>[39m
            [36m<div[39m
              [33mstyle[39m=[32m"font-size: 0.75rem; color: rgb(75, 0, 110); font-weight: 600; margin-bottom: 0.5rem; text-transform: uppercase; letter-spacing: 0.05em;"[39m
            [36m>[39m
              [0mAverage Invoice[0m
            [36m</div>[39m
            [36m<div[39m
              [33mstyle[39m=[32m"font-size: 2rem; font-weight: 700; color: rgb(75, 0, 110); line-height: 1;"[39m
            [36m>[39m
              [0m$0.00[0m
            [36m</div>[39m
            [36m<div[39m
              [33mstyle[39m=[32m"font-size: 0.75rem; color: rgb(75, 0, 110); margin-top: 0.5rem;"[39m
            [36m>[39m
              [0mper invoice[0m
            [36m</div>[39m
          [36m</div>[39m
          [36m<div[39m
            [33mstyle[39m=[32m"background: linear-gradient(135deg, #D8E5D8 0%, #A8D5A8 100%); border-radius: 12px; padding: 1.25rem;"[39m
          [36m>[39m
            [36m<div[39m
              [33mstyle[39m=[32m"font-size: 0.75rem; color: rgb(21, 128, 61); font-weight: 600; margin-bottom: 0.5rem; text-transform: uppercase; letter-spacing: 0.05em;"[39m
            [36m>[39m
              [0mTop Vendor[0m
            [36m</div>[39m
            [36m<div[39m
              [33mstyle[39m=[32m"font-size: 2rem; font-weight: 700; color: rgb(22, 101, 52); line-height: 1;"[39m
            [36m>[39m
              [0m$0.00[0m
            [36m</div>[39m
            [36m<div[39m
              [33mstyle[39m=[32m"font-size: 0.75rem; color: rgb(21, 128, 61); margin-top: 0.5rem;"[39m
            [36m>[39m
              [0mNo data[0m
            [36m</div>[39m
          [36m</div>[39m
        [36m</div>[39m
      [36m</div>[39m
      [36m<div[39m
        [33mstyle[39m=[32m"background: rgb(255, 255, 255); border-left: 4px solid rgb(212, 175, 55); border-right: 4px solid rgb(212, 175, 55); border-bottom: 4px solid rgb(212, 175, 55); border-radius: 8px; overflow: visible; box-shadow: 0 2px 8px rgba(184, 134, 11, 0.15); margin-bottom: 2rem;"[39m
      [36m>[39m
        [36m<div[39m
          [33mstyle[39m=[32m"background: rgb(75, 0, 110); color: white; padding: 1rem 1.5rem; font-size: 1.5rem; font-weight: 600;"[39m
        [36m>[39m
          [0mFilters[0m
        [36m</div>[39m
        [36m<div[39m
          [33mstyle[39m=[32m"padding: 1.25rem; display: flex; gap: 1rem; flex-wrap: wrap; align-items: flex-end;"[39m
        [36m>[39m
          [36m<div[39m
            [33mstyle[39m=[32m"display: flex; align-items: center; gap: 0.5rem;"[39m
          [36m>[39m
            [36m<label[39m
              [33mstyle[39m=[32m"font-size: 0.8125rem; font-weight: 600; color: rgb(75, 0, 110); white-space: nowrap;"[39m
            [36m>[39m
              [0mDate:[0m
            [36m</label>[39m
            [36m<select[39m
              [33maria-label[39m=[32m"Select date range preset"[39m
              [33mstyle[39m=[32m"padding: 0.5rem; border: 2px solid rgb(212, 175, 55); border-radius: 6px; font-size: 0.8125rem; background-color: rgb(229, 246, 223); outline: none; min-width: 140px;"[39m
            [36m>[39m
              [36m<option[39m
                [33mvalue[39m=[32m"3mo"[39m
              [36m>[39m
                [0m3 Months[0m
              [36m</option>[39m
              [36m<option[39m
                [33mvalue[39m=[32m"6mo"[39m
              [36m>[39m
                [0m6 Months[0m
              [36m</option>[39m
              [36m<option[39m
                [33mvalue[39m=[32m"12mo"[39m
              [36m>[39m
                [0m12 Mo...
 ❯ Object.getElementError node_modules/@testing-library/react/node_modules/@testing-library/dom/dist/config.js:37:19
 ❯ getAllByLabelText node_modules/@testing-library/react/node_modules/@testing-library/dom/dist/queries/label-text.js:111:38
 ❯ node_modules/@testing-library/react/node_modules/@testing-library/dom/dist/query-helpers.js:52:17
 ❯ node_modules/@testing-library/react/node_modules/@testing-library/dom/dist/query-helpers.js:95:19
 ❯ src/pages/cpg/tabs/RawMaterialsTab.test.tsx:188:21
    186|       await user.selectOptions(presetSelect, 'custom');
    187|
    188|       expect(screen.getByLabelText(/start date for raw materials filte…
       |                     ^
    189|       expect(screen.getByLabelText(/end date for raw materials filter/…
    190|     });

⎯⎯⎯⎯⎯⎯⎯⎯⎯⎯⎯⎯⎯⎯⎯⎯⎯⎯⎯⎯[534/824]⎯

 FAIL  src/pages/cpg/tabs/RawMaterialsTab.test.tsx > RawMaterialsTab > Sorting > defaults to date descending sort
TestingLibraryElementError: Unable to find an accessible element with the role "table"

Here are the accessible roles:

  tabpanel:

  Name "":
  [36m<div[39m
    [33maria-labelledby[39m=[32m"raw-materials-tab"[39m
    [33mid[39m=[32m"raw-materials-panel"[39m
    [33mrole[39m=[32m"tabpanel"[39m
  [36m/>[39m

  --------------------------------------------------
  button:

  Name "Export raw materials data":
  [36m<button[39m
    [33maria-expanded[39m=[32m"false"[39m
    [33maria-haspopup[39m=[32m"menu"[39m
    [33maria-label[39m=[32m"Export raw materials data"[39m
    [33mstyle[39m=[32m"padding: 0.5rem 1rem; background: rgb(212, 175, 55); border-radius: 6px; color: rgb(26, 26, 26); font-weight: 600; cursor: pointer; font-size: 0.875rem; display: flex; align-items: center; gap: 0.5rem; transition: all 150ms;"[39m
  [36m/>[39m

  Name "Clear All Filters":
  [36m<button[39m
    [33mstyle[39m=[32m"padding: 0.5rem 1rem; background: rgb(75, 0, 110); color: white; border-radius: 6px; font-size: 0.875rem; font-weight: 500; cursor: pointer;"[39m
  [36m/>[39m

  --------------------------------------------------
  combobox:

  Name "Select date range preset":
  [36m<select[39m
    [33maria-label[39m=[32m"Select date range preset"[39m
    [33mstyle[39m=[32m"padding: 0.5rem; border: 2px solid rgb(212, 175, 55); border-radius: 6px; font-size: 0.8125rem; background-color: rgb(229, 246, 223); outline: none; min-width: 140px;"[39m
  [36m/>[39m

  Name "Filter by category":
  [36m<select[39m
    [33maria-label[39m=[32m"Filter by category"[39m
    [33mstyle[39m=[32m"padding: 0.5rem; border: 2px solid rgb(212, 175, 55); border-radius: 6px; font-size: 0.8125rem; background-color: rgb(229, 246, 223); outline: none; min-width: 140px;"[39m
  [36m/>[39m

  Name "Filter by variant":
  [36m<select[39m
    [33maria-label[39m=[32m"Filter by variant"[39m
    [33mstyle[39m=[32m"padding: 0.5rem; border: 2px solid rgb(212, 175, 55); border-radius: 6px; font-size: 0.8125rem; background-color: rgb(229, 246, 223); outline: none; min-width: 120px;"[39m
  [36m/>[39m

  Name "Filter by vendor":
  [36m<input[39m
    [33maria-label[39m=[32m"Filter by vendor"[39m
    [33mlist[39m=[32m"vendor-suggestions"[39m
    [33mplaceholder[39m=[32m"Search..."[39m
    [33mstyle[39m=[32m"padding: 0.5rem; border: 2px solid rgb(212, 175, 55); border-radius: 6px; font-size: 0.8125rem; background-color: rgb(229, 246, 223); outline: none; min-width: 140px;"[39m
    [33mtype[39m=[32m"search"[39m
    [33mvalue[39m=[32m""[39m
  [36m/>[39m

  Name "Sort invoices":
  [36m<select[39m
    [33maria-label[39m=[32m"Sort invoices"[39m
    [33mstyle[39m=[32m"padding: 0.5rem; border: 2px solid rgb(212, 175, 55); border-radius: 6px; font-size: 0.8125rem; background-color: rgb(229, 246, 223); outline: none; min-width: 100px;"[39m
  [36m/>[39m

  --------------------------------------------------
  option:

  Name "3 Months":
  [36m<option[39m
    [33mvalue[39m=[32m"3mo"[39m
  [36m/>[39m

  Name "6 Months":
  [36m<option[39m
    [33mvalue[39m=[32m"6mo"[39m
  [36m/>[39m

  Name "12 Months":
  [36m<option[39m
    [33mvalue[39m=[32m"12mo"[39m
  [36m/>[39m

  Name "Last Year":
  [36m<option[39m
    [33mvalue[39m=[32m"last-calendar-year"[39m
  [36m/>[39m

  Name "This Year":
  [36m<option[39m
    [33mvalue[39m=[32m"this-calendar-year"[39m
  [36m/>[39m

  Name "Custom...":
  [36m<option[39m
    [33mvalue[39m=[32m"custom"[39m
  [36m/>[39m

  Name "All Time":
  [36m<option[39m
    [33mvalue[39m=[32m"all"[39m
  [36m/>[39m

  Name "All":
  [36m<option[39m
    [33mvalue[39m=[32m""[39m
  [36m/>[39m

  Name "Bottles":
  [36m<option[39m
    [33mvalue[39m=[32m"cat-2"[39m
  [36m/>[39m

  Name "Labels":
  [36m<option[39m
    [33mvalue[39m=[32m"cat-3"[39m
  [36m/>[39m

  Name "Oils":
  [36m<option[39m
    [33mvalue[39m=[32m"cat-1"[39m
  [36m/>[39m

  Name "All":
  [36m<option[39m
    [33mvalue[39m=[32m""[39m
  [36m/>[39m

  Name "1oz":
  [36m<option[39m
    [33mvalue[39m=[32m"1oz"[39m
  [36m/>[39m

  Name "Bulk":
  [36m<option[39m
    [33mvalue[39m=[32m"Bulk"[39m
  [36m/>[39m

  Name "Date ↓":
  [36m<option[39m
    [33mvalue[39m=[32m"date-desc"[39m
  [36m/>[39m

  Name "Date ↑":
  [36m<option[39m
    [33mvalue[39m=[32m"date-asc"[39m
  [36m/>[39m

  Name "Vendor":
  [36m<option[39m
    [33mvalue[39m=[32m"vendor"[39m
  [36m/>[39m

  Name "Total ↓":
  [36m<option[39m
    [33mvalue[39m=[32m"total-desc"[39m
  [36m/>[39m

  Name "Total ↑":
  [36m<option[39m
    [33mvalue[39m=[32m"total-asc"[39m
  [36m/>[39m

  --------------------------------------------------

Ignored nodes: comments, script, style
[36m<body>[39m
  [36m<div>[39m
    [36m<div[39m
      [33maria-labelledby[39m=[32m"raw-materials-tab"[39m
      [33mid[39m=[32m"raw-materials-panel"[39m
      [33mrole[39m=[32m"tabpanel"[39m
    [36m>[39m
      [36m<div[39m
        [33mstyle[39m=[32m"background: rgb(255, 255, 255); border-left: 4px solid rgb(212, 175, 55); border-right: 4px solid rgb(212, 175, 55); border-bottom: 4px solid rgb(212, 175, 55); border-radius: 8px; overflow: hidden; box-shadow: 0 2px 8px rgba(184, 134, 11, 0.15); margin-bottom: 1.5rem;"[39m
      [36m>[39m
        [36m<div[39m
          [33mstyle[39m=[32m"background: rgb(75, 0, 110); color: white; padding: 1.25rem 1.5rem; font-size: 1.5rem; font-weight: 600; display: flex; justify-content: space-between; align-items: center;"[39m
        [36m>[39m
          [36m<span>[39m
            [0mSummary[0m
          [36m</span>[39m
          [36m<div[39m
            [33mstyle[39m=[32m"position: relative;"[39m
          [36m>[39m
            [36m<button[39m
              [33maria-expanded[39m=[32m"false"[39m
              [33maria-haspopup[39m=[32m"menu"[39m
              [33maria-label[39m=[32m"Export raw materials data"[39m
              [33mstyle[39m=[32m"padding: 0.5rem 1rem; background: rgb(212, 175, 55); border-radius: 6px; color: rgb(26, 26, 26); font-weight: 600; cursor: pointer; font-size: 0.875rem; display: flex; align-items: center; gap: 0.5rem; transition: all 150ms;"[39m
            [36m>[39m
              [36m<span>[39m
                [0m📊[0m
              [36m</span>[39m
              [36m<span>[39m
                [0mExport[0m
              [36m</span>[39m
              [36m<span[39m
                [33maria-hidden[39m=[32m"true"[39m
              [36m>[39m
                [0m▼[0m
              [36m</span>[39m
            [36m</button>[39m
          [36m</div>[39m
        [36m</div>[39m
        [36m<div[39m
          [33mstyle[39m=[32m"padding: 1.5rem; display: grid; grid-template-columns: repeat(3, 1fr); gap: 1.25rem;"[39m
        [36m>[39m
          [36m<div[39m
            [33mstyle[39m=[32m"background: linear-gradient(135deg, #4b006e 0%, #6b21a8 100%); border-radius: 12px; padding: 1.25rem; color: white;"[39m
          [36m>[39m
            [36m<div[39m
              [33mstyle[39m=[32m"font-size: 0.75rem; opacity: 0.9; font-weight: 600; margin-bottom: 0.5rem; text-transform: uppercase; letter-spacing: 0.05em;"[39m
            [36m>[39m
              [0mTotal Spent[0m
            [36m</div>[39m
            [36m<div[39m
              [33mstyle[39m=[32m"font-size: 2rem; font-weight: 700; line-height: 1;"[39m
            [36m>[39m
              [0m$[0m
              [0m0.00[0m
            [36m</div>[39m
            [36m<div[39m
              [33mstyle[39m=[32m"font-size: 0.75rem; opacity: 0.9; margin-top: 0.5rem;"[39m
            [36m>[39m
              [0m0[0m
              [0m [0m
              [0minvoices[0m
            [36m</div>[39m
          [36m</div>[39m
          [36m<div[39m
            [33mstyle[39m=[32m"background: linear-gradient(135deg, #E8D4A0 0%, #D4AF37 100%); border-radius: 12px; padding: 1.25rem;"[39m
          [36m>[39m
            [36m<div[39m
              [33mstyle[39m=[32m"font-size: 0.75rem; color: rgb(75, 0, 110); font-weight: 600; margin-bottom: 0.5rem; text-transform: uppercase; letter-spacing: 0.05em;"[39m
            [36m>[39m
              [0mAverage Invoice[0m
            [36m</div>[39m
            [36m<div[39m
              [33mstyle[39m=[32m"font-size: 2rem; font-weight: 700; color: rgb(75, 0, 110); line-height: 1;"[39m
            [36m>[39m
              [0m$0.00[0m
            [36m</div>[39m
            [36m<div[39m
              [33mstyle[39m=[32m"font-size: 0.75rem; color: rgb(75, 0, 110); margin-top: 0.5rem;"[39m
            [36m>[39m
              [0mper invoice[0m
            [36m</div>[39m
          [36m</div>[39m
          [36m<div[39m
            [33mstyle[39m=[32m"background: linear-gradient(135deg, #D8E5D8 0%, #A8D5A8 100%); border-radius: 12px; padding: 1.25rem;"[39m
          [36m>[39m
            [36m<div[39m
              [33mstyle[39m=[32m"font-size: 0.75rem; color: rgb(21, 128, 61); font-weight: 600; margin-bottom: 0.5rem; text-transform: uppercase; letter-spacing: 0.05em;"[39m
            [36m>[39m
              [0mTop Vendor[0m
            [36m</div>[39m
            [36m<div[39m
              [33mstyle[39m=[32m"font-size: 2rem; font-weight: 700; color: rgb(22, 101, 52); line-height: 1;"[39m
            [36m>[39m
              [0m$0.00[0m
            [36m</div>[39m
            [36m<div[39m
              [33mstyle[39m=[32m"font-size: 0.75rem; color: rgb(21, 128, 61); margin-top: 0.5rem;"[39m
            [36m>[39m
              [0mNo data[0m
            [36m</div>[39m
          [36m</div>[39m
        [36m</div>[39m
      [36m</div>[39m
      [36m<div[39m
        [33mstyle[39m=[32m"background: rgb(255, 255, 255); border-left: 4px solid rgb(212, 175, 55); border-right: 4px solid rgb(212, 175, 55); border-bottom: 4px solid rgb(212, 175, 55); border-radius: 8px; overflow: visible; box-shadow: 0 2px 8px rgba(184, 134, 11, 0.15); margin-bottom: 2rem;"[39m
      [36m>[39m
        [36m<div[39m
          [33mstyle[39m=[32m"background: rgb(75, 0, 110); color: white; padding: 1rem 1.5rem; font-size: 1.5rem; font-weight: 600;"[39m
        [36m>[39m
          [0mFilters[0m
        [36m</div>[39m
        [36m<div[39m
          [33mstyle[39m=[32m"padding: 1.25rem; display: flex; gap: 1rem; flex-wrap: wrap; align-items: flex-end;"[39m
        [36m>[39m
          [36m<div[39m
            [33mstyle[39m=[32m"display: flex; align-items: center; gap: 0.5rem;"[39m
          [36m>[39m
            [36m<label[39m
              [33mstyle[39m=[32m"font-size: 0.8125rem; font-weight: 600; color: rgb(75, 0, 110); white-space: nowrap;"[39m
            [36m>[39m
              [0mDate:[0m
            [36m</label>[39m
            [36m<select[39m
              [33maria-label[39m=[32m"Select date range preset"[39m
              [33mstyle[39m=[32m"padding: 0.5rem; border: 2px solid rgb(212, 175, 55); border-radius: 6px; font-size: 0.8125rem; background-color: rgb(229, 246, 223); outline: none; min-width: 140px;"[39m
            [36m>[39m
              [36m<option[39m
                [33mvalue[39m=[32m"3mo"[39m
              [36m>[39m
                [0m3 Months[0m
              [36m</option>[39m
              [36m<option[39m
                [33mvalue[39m=[32m"6mo"[39m
              [36m>[39m
                [0m6 Months[0m
              [36m</option>[39m
              [36m<option[39m
                [33mvalue[39m=[32m"12mo"[39m
              [36m>[39m
                [0m12 Months[0m
              [36m</option>[39m
              [36m<option[39m
                [33mvalue[39m=[32m"last-calendar-year"[39m
              [36m>[39m
                [0mLast Year[0m
              [36m</option>[39m
              [36m<option[39m
                [33mvalue[39m=[32m"this-calendar-year"[39m
              [36m>[39m
                [0mThis Year[0m
              [36m</option>[39m
              [36m<option[39m
                [33mvalue[39m=[32m"custom"[39m
              [36m>[39m
                [0mCustom...[0m
              [36m</option>[39m
              [36m<option[39m
                [33mvalue[39m=[32m"all"[39m
              [36m>[39m
                [0mAll Time[0m
              [36m</option>[39m
            [36m</select>[39m
          [36m</div>[39m
          [36m<div[39m
            [33mstyle[39m=[32m"display: flex; align-items: center; gap: 0.5rem;"[39m
          [36m>[39m
            [36m<label[39m
              [33mstyle[39m=[32m"font-size: 0.8125rem; font-weight: 600; color: rgb(75, 0, 110); white-space: nowrap;"[39m
            [36m>[39m
              [0mCategory:[0m
            [36m</label>[39m
            [36m<select[39m
              [33maria-label[39m=[32m"Filter by category"[39m
              [33mstyle[39m=[32m"padding: 0.5rem; border: 2px solid rgb(212, 175, 55); border-radius: 6px; font-size: 0.8125rem; background-color: rgb(229, 246, 223); outline: none; min-width: 140px;"[39m
            [36m>[39m
              [36m<option[39m
                [33mvalue[39m=[32m""[39m
              [36m>[39m
                [0mAll[0m
              [36m</option>[39m
              [36m<option[39m
                [33mvalue[39m=[32m"cat-2"[39m
              [36m>[39m
                [0mBottles[0m
              [36m</option>[39m
              [36m<option[39m
                [33mvalue[39m=[32m"cat-3"[39m
              [36m>[39m
                [0mLabels[0m
              [36m</option>[39m
              [36m<option[39m
                [33mvalue[39m=[32m"cat-1"[39m
              [36m>[39m
                [0mOils[0m
              [36m</option>[39m
            [36m</select>[39m
          [36m</div>[39m
          [36m<div[39m
            [33mstyle[39m=[32m"display: flex; align-items: center; gap: 0.5rem;"[39m
          [36m>[39m
            [36m<label[39m
              [33mstyle[39m=[32m"font-size: 0.8125rem; font-weight: 600; color: rgb(75, 0, 110); white-space: nowrap;"[39m
            [36m>[39m
              [0mVariant:[0m
            [36m</label>[39m
            [36m<select[39m
              [33maria-label[39m=[32m"Filter by variant"[39m
              [33mstyle[39m=[32m"padding: 0.5rem; border: 2px solid rgb(212, 175, 55); border-radius: 6px; font-size: 0.8125rem; background-color: rgb(229, 246, 223); outline: none; min-width: 120px;"[39m
            [36m>[39m
              [36m<option[39m
                [33mvalue[39m=[32m""[39m
              [36m>[39m
                [0mAll[0m
              [36m</option>[39m
              [36m<option[39m
                [33mvalue[39m=[32m"1oz"[39m
              [36m>[39m
                [0m1oz[0m
              [36m</option>[39m
              [36m<option[39m
                [33mvalue[39m=[32m"Bulk"[39m
              [36m>[39m
                [0mBulk[0m
              [36m</option>[39m
            [36m</select>[39m
          [36m</div>[39m
          [36m<div[39m
            [33mstyle[39m=[32m"display: flex; align-items: center; gap: 0.5rem;"[39m
          [36m>[39m
            [36m<label[39m
              [33mstyle[39m=[32m"font-size: 0.8125rem; font-weight: 600; color: rgb(75, 0, 110); white-space: nowrap;"[39m
            [36m>[39m
              [0mVendor:[0m
            [36m</label>[39m
            [36m<input[39m
              [33maria-label[39m=[32m"Filter by vendor"[39m
              [33mlist[39m=[32m"vendor-suggestions"[39m
              [33mplaceholder[39m=[32m"Search..."[39m
              [33mstyle[39m=[32m"padding: 0.5rem; border: 2px solid rgb(212, 175, 55); border-radius: 6px; font-size: 0.8125rem; background-color: rgb(229, 246, 223); outline: none; min-width: 140px;"[39m
              [33mtype[39m=[32m"search"[39m
              [33mvalue[39m=[32m""[39m
            [36m/>[39m
            [36m<datalist[39m
              [33mid[39m=[32m"vendor-suggestions"[39m
            [36m>[39m
              [36m<option[39m
                [33mvalue[39m=[32m"Vendor A"[39m
              [36m/>[39m
              [36m<option[39m
                [33mvalue[39m=[32m"Vendor B"[39m
              [36m/>[39m
            [36m</datalist>[39m
          [36m</div>[39m
          [36m<div[39m
            [33mstyle[39m=[32m"display: flex; align-items: center; gap: 0.5rem;"[39m
          [36m>[39m
            [36m<label[39m
              [33mstyle[39m=[32m"font-size: 0.8125rem; font-weight: 600; color: rgb(75, 0, 110); white-space: nowrap;"[39m
            [36m>[39m
              [0mSort:[0m
            [36m</label>[39m
            [36m<select[39m
              [33maria-label[39m=[32m"Sort invoices"[39m
              [33mstyle[39m=[32m"padding: 0.5rem; border: 2px solid rgb(212, 175, 55); border-radius: 6px; font-size: 0.8125rem; background-color: rgb(229, 246, 223); outline: none; min-width: 100px;"[39m
            [36m>[39m
              [36m<option[39m
                [33mvalue[39m=[32m"date-desc"[39m
              [36m>[39m
                [0mDate ↓[0m
              [36m</option>[39m
              [36m<option[39m
                [33mvalue[39m=[32m"date-asc"[39m
              [36m>[39m
                [0mDate ↑[0m
              [36m</option>[39m
              [36m<option[39m
                [33mvalue[39m=[32m"vendor"[39m
              [36m>[39m
                [0mVendor[0m
              [36m</option>[39m
              [36m<option[39m
                [33mvalue[39m=[32m"total-desc"[39m
              [36m>[39m
                [0mTotal ↓[0m
              [36m</option>[39m
              [36m<option[39m
                [33mvalue[39m=[32m"total-asc"[39m
              [36m>[39m
                [0mTotal ↑[0m
              [36m</option>[39m
            [36m</select>[39m
          [36m</div>[39m
        [36m</div>[39m
      [36m</div>[39m
      [36m<div[39m
        [33mstyle[39m=[32m"background: white; border-radius: 8px; border: 1px solid rgb(229, 231, 235); overflow: hidden;"[39m
      [36m>[39m
        [36m<div[39m
          [33mstyle[39m=[32m"text-align: center; padding: 3rem 2rem; background: rgb(249, 250, 251);"[39m
        [36m>[39m
          [36m<span[39m
            [33mstyle[39m=[32m"font-size: 2.5rem; display: block; margin-bottom: 1rem;"[39m
          [36m>[39m
            [0m🔍[0m
          [36m</span>[39m
          [36m<span[39m
            [33mstyle[39m=[32m"color: rgb(100, 116, 139); font-size: 1.125rem; display: block; margin-bottom: 0.5rem;"[39m
          [36m>[39m
            [0mNo invoices match your filters[0m
          [36m</span>[39m
          [36m<p[39m
            [33mstyle[39m=[32m"margin: 0px 0px 1.5rem 0px; font-size: 0.875rem; color: rgb(148, 163, 184);"[39m
          [36m>[39m
            [0mTry adjusting your date range, vendor, category, or variant filters.[0m
          [36m</p>[39m
          [36m<button[39m
            [33mstyle[39m=[32m"padding: 0.5rem 1rem; background: rgb(75, 0, 110); color: white; border-radius: 6px; font-size: 0.875rem; font-weight: 500; cursor: pointer;"[39m
          [36m>[39m
            [0mClear All Filters[0m
          [36m</button>[39m
        [36m</div>[39m
      [36m</div>[39m
    [36m</div>[39m
  [36m</div>[39m
[36m</body>[39m
 ❯ Object.getElementError node_modules/@testing-library/react/node_modules/@testing-library/dom/dist/config.js:37:19
 ❯ node_modules/@testing-library/react/node_modules/@testing-library/dom/dist/query-helpers.js:76:38
 ❯ node_modules/@testing-library/react/node_modules/@testing-library/dom/dist/query-helpers.js:52:17
 ❯ node_modules/@testing-library/react/node_modules/@testing-library/dom/dist/query-helpers.js:95:19
 ❯ src/pages/cpg/tabs/RawMaterialsTab.test.tsx:278:28
    276|       render(<RawMaterialsTab {...defaultProps} />);
    277|
    278|       const table = screen.getByRole('table');
       |                            ^
    279|       const rows = within(table).getAllByRole('row');
    280|

⎯⎯⎯⎯⎯⎯⎯⎯⎯⎯⎯⎯⎯⎯⎯⎯⎯⎯⎯⎯[535/824]⎯

 FAIL  src/pages/cpg/tabs/RawMaterialsTab.test.tsx > RawMaterialsTab > Sorting > sorts by date ascending when date header clicked
TestingLibraryElementError: Unable to find an accessible element with the role "columnheader" and name `/date/i`

Here are the accessible roles:

  tabpanel:

  Name "":
  [36m<div[39m
    [33maria-labelledby[39m=[32m"raw-materials-tab"[39m
    [33mid[39m=[32m"raw-materials-panel"[39m
    [33mrole[39m=[32m"tabpanel"[39m
  [36m/>[39m

  --------------------------------------------------
  button:

  Name "Export raw materials data":
  [36m<button[39m
    [33maria-expanded[39m=[32m"false"[39m
    [33maria-haspopup[39m=[32m"menu"[39m
    [33maria-label[39m=[32m"Export raw materials data"[39m
    [33mstyle[39m=[32m"padding: 0.5rem 1rem; background: rgb(212, 175, 55); border-radius: 6px; color: rgb(26, 26, 26); font-weight: 600; cursor: pointer; font-size: 0.875rem; display: flex; align-items: center; gap: 0.5rem; transition: all 150ms;"[39m
  [36m/>[39m

  Name "Clear All Filters":
  [36m<button[39m
    [33mstyle[39m=[32m"padding: 0.5rem 1rem; background: rgb(75, 0, 110); color: white; border-radius: 6px; font-size: 0.875rem; font-weight: 500; cursor: pointer;"[39m
  [36m/>[39m

  --------------------------------------------------
  combobox:

  Name "Select date range preset":
  [36m<select[39m
    [33maria-label[39m=[32m"Select date range preset"[39m
    [33mstyle[39m=[32m"padding: 0.5rem; border: 2px solid rgb(212, 175, 55); border-radius: 6px; font-size: 0.8125rem; background-color: rgb(229, 246, 223); outline: none; min-width: 140px;"[39m
  [36m/>[39m

  Name "Filter by category":
  [36m<select[39m
    [33maria-label[39m=[32m"Filter by category"[39m
    [33mstyle[39m=[32m"padding: 0.5rem; border: 2px solid rgb(212, 175, 55); border-radius: 6px; font-size: 0.8125rem; background-color: rgb(229, 246, 223); outline: none; min-width: 140px;"[39m
  [36m/>[39m

  Name "Filter by variant":
  [36m<select[39m
    [33maria-label[39m=[32m"Filter by variant"[39m
    [33mstyle[39m=[32m"padding: 0.5rem; border: 2px solid rgb(212, 175, 55); border-radius: 6px; font-size: 0.8125rem; background-color: rgb(229, 246, 223); outline: none; min-width: 120px;"[39m
  [36m/>[39m

  Name "Filter by vendor":
  [36m<input[39m
    [33maria-label[39m=[32m"Filter by vendor"[39m
    [33mlist[39m=[32m"vendor-suggestions"[39m
    [33mplaceholder[39m=[32m"Search..."[39m
    [33mstyle[39m=[32m"padding: 0.5rem; border: 2px solid rgb(212, 175, 55); border-radius: 6px; font-size: 0.8125rem; background-color: rgb(229, 246, 223); outline: none; min-width: 140px;"[39m
    [33mtype[39m=[32m"search"[39m
    [33mvalue[39m=[32m""[39m
  [36m/>[39m

  Name "Sort invoices":
  [36m<select[39m
    [33maria-label[39m=[32m"Sort invoices"[39m
    [33mstyle[39m=[32m"padding: 0.5rem; border: 2px solid rgb(212, 175, 55); border-radius: 6px; font-size: 0.8125rem; background-color: rgb(229, 246, 223); outline: none; min-width: 100px;"[39m
  [36m/>[39m

  --------------------------------------------------
  option:

  Name "3 Months":
  [36m<option[39m
    [33mvalue[39m=[32m"3mo"[39m
  [36m/>[39m

  Name "6 Months":
  [36m<option[39m
    [33mvalue[39m=[32m"6mo"[39m
  [36m/>[39m

  Name "12 Months":
  [36m<option[39m
    [33mvalue[39m=[32m"12mo"[39m
  [36m/>[39m

  Name "Last Year":
  [36m<option[39m
    [33mvalue[39m=[32m"last-calendar-year"[39m
  [36m/>[39m

  Name "This Year":
  [36m<option[39m
    [33mvalue[39m=[32m"this-calendar-year"[39m
  [36m/>[39m

  Name "Custom...":
  [36m<option[39m
    [33mvalue[39m=[32m"custom"[39m
  [36m/>[39m

  Name "All Time":
  [36m<option[39m
    [33mvalue[39m=[32m"all"[39m
  [36m/>[39m

  Name "All":
  [36m<option[39m
    [33mvalue[39m=[32m""[39m
  [36m/>[39m

  Name "Bottles":
  [36m<option[39m
    [33mvalue[39m=[32m"cat-2"[39m
  [36m/>[39m

  Name "Labels":
  [36m<option[39m
    [33mvalue[39m=[32m"cat-3"[39m
  [36m/>[39m

  Name "Oils":
  [36m<option[39m
    [33mvalue[39m=[32m"cat-1"[39m
  [36m/>[39m

  Name "All":
  [36m<option[39m
    [33mvalue[39m=[32m""[39m
  [36m/>[39m

  Name "1oz":
  [36m<option[39m
    [33mvalue[39m=[32m"1oz"[39m
  [36m/>[39m

  Name "Bulk":
  [36m<option[39m
    [33mvalue[39m=[32m"Bulk"[39m
  [36m/>[39m

  Name "Date ↓":
  [36m<option[39m
    [33mvalue[39m=[32m"date-desc"[39m
  [36m/>[39m

  Name "Date ↑":
  [36m<option[39m
    [33mvalue[39m=[32m"date-asc"[39m
  [36m/>[39m

  Name "Vendor":
  [36m<option[39m
    [33mvalue[39m=[32m"vendor"[39m
  [36m/>[39m

  Name "Total ↓":
  [36m<option[39m
    [33mvalue[39m=[32m"total-desc"[39m
  [36m/>[39m

  Name "Total ↑":
  [36m<option[39m
    [33mvalue[39m=[32m"total-asc"[39m
  [36m/>[39m

  --------------------------------------------------

Ignored nodes: comments, script, style
[36m<body>[39m
  [36m<div>[39m
    [36m<div[39m
      [33maria-labelledby[39m=[32m"raw-materials-tab"[39m
      [33mid[39m=[32m"raw-materials-panel"[39m
      [33mrole[39m=[32m"tabpanel"[39m
    [36m>[39m
      [36m<div[39m
        [33mstyle[39m=[32m"background: rgb(255, 255, 255); border-left: 4px solid rgb(212, 175, 55); border-right: 4px solid rgb(212, 175, 55); border-bottom: 4px solid rgb(212, 175, 55); border-radius: 8px; overflow: hidden; box-shadow: 0 2px 8px rgba(184, 134, 11, 0.15); margin-bottom: 1.5rem;"[39m
      [36m>[39m
        [36m<div[39m
          [33mstyle[39m=[32m"background: rgb(75, 0, 110); color: white; padding: 1.25rem 1.5rem; font-size: 1.5rem; font-weight: 600; display: flex; justify-content: space-between; align-items: center;"[39m
        [36m>[39m
          [36m<span>[39m
            [0mSummary[0m
          [36m</span>[39m
          [36m<div[39m
            [33mstyle[39m=[32m"position: relative;"[39m
          [36m>[39m
            [36m<button[39m
              [33maria-expanded[39m=[32m"false"[39m
              [33maria-haspopup[39m=[32m"menu"[39m
              [33maria-label[39m=[32m"Export raw materials data"[39m
              [33mstyle[39m=[32m"padding: 0.5rem 1rem; background: rgb(212, 175, 55); border-radius: 6px; color: rgb(26, 26, 26); font-weight: 600; cursor: pointer; font-size: 0.875rem; display: flex; align-items: center; gap: 0.5rem; transition: all 150ms;"[39m
            [36m>[39m
              [36m<span>[39m
                [0m📊[0m
              [36m</span>[39m
              [36m<span>[39m
                [0mExport[0m
              [36m</span>[39m
              [36m<span[39m
                [33maria-hidden[39m=[32m"true"[39m
              [36m>[39m
                [0m▼[0m
              [36m</span>[39m
            [36m</button>[39m
          [36m</div>[39m
        [36m</div>[39m
        [36m<div[39m
          [33mstyle[39m=[32m"padding: 1.5rem; display: grid; grid-template-columns: repeat(3, 1fr); gap: 1.25rem;"[39m
        [36m>[39m
          [36m<div[39m
            [33mstyle[39m=[32m"background: linear-gradient(135deg, #4b006e 0%, #6b21a8 100%); border-radius: 12px; padding: 1.25rem; color: white;"[39m
          [36m>[39m
            [36m<div[39m
              [33mstyle[39m=[32m"font-size: 0.75rem; opacity: 0.9; font-weight: 600; margin-bottom: 0.5rem; text-transform: uppercase; letter-spacing: 0.05em;"[39m
            [36m>[39m
              [0mTotal Spent[0m
            [36m</div>[39m
            [36m<div[39m
              [33mstyle[39m=[32m"font-size: 2rem; font-weight: 700; line-height: 1;"[39m
            [36m>[39m
              [0m$[0m
              [0m0.00[0m
            [36m</div>[39m
            [36m<div[39m
              [33mstyle[39m=[32m"font-size: 0.75rem; opacity: 0.9; margin-top: 0.5rem;"[39m
            [36m>[39m
              [0m0[0m
              [0m [0m
              [0minvoices[0m
            [36m</div>[39m
          [36m</div>[39m
          [36m<div[39m
            [33mstyle[39m=[32m"background: linear-gradient(135deg, #E8D4A0 0%, #D4AF37 100%); border-radius: 12px; padding: 1.25rem;"[39m
          [36m>[39m
            [36m<div[39m
              [33mstyle[39m=[32m"font-size: 0.75rem; color: rgb(75, 0, 110); font-weight: 600; margin-bottom: 0.5rem; text-transform: uppercase; letter-spacing: 0.05em;"[39m
            [36m>[39m
              [0mAverage Invoice[0m
            [36m</div>[39m
            [36m<div[39m
              [33mstyle[39m=[32m"font-size: 2rem; font-weight: 700; color: rgb(75, 0, 110); line-height: 1;"[39m
            [36m>[39m
              [0m$0.00[0m
            [36m</div>[39m
            [36m<div[39m
              [33mstyle[39m=[32m"font-size: 0.75rem; color: rgb(75, 0, 110); margin-top: 0.5rem;"[39m
            [36m>[39m
              [0mper invoice[0m
            [36m</div>[39m
          [36m</div>[39m
          [36m<div[39m
            [33mstyle[39m=[32m"background: linear-gradient(135deg, #D8E5D8 0%, #A8D5A8 100%); border-radius: 12px; padding: 1.25rem;"[39m
          [36m>[39m
            [36m<div[39m
              [33mstyle[39m=[32m"font-size: 0.75rem; color: rgb(21, 128, 61); font-weight: 600; margin-bottom: 0.5rem; text-transform: uppercase; letter-spacing: 0.05em;"[39m
            [36m>[39m
              [0mTop Vendor[0m
            [36m</div>[39m
            [36m<div[39m
              [33mstyle[39m=[32m"font-size: 2rem; font-weight: 700; color: rgb(22, 101, 52); line-height: 1;"[39m
            [36m>[39m
              [0m$0.00[0m
            [36m</div>[39m
            [36m<div[39m
              [33mstyle[39m=[32m"font-size: 0.75rem; color: rgb(21, 128, 61); margin-top: 0.5rem;"[39m
            [36m>[39m
              [0mNo data[0m
            [36m</div>[39m
          [36m</div>[39m
        [36m</div>[39m
      [36m</div>[39m
      [36m<div[39m
        [33mstyle[39m=[32m"background: rgb(255, 255, 255); border-left: 4px solid rgb(212, 175, 55); border-right: 4px solid rgb(212, 175, 55); border-bottom: 4px solid rgb(212, 175, 55); border-radius: 8px; overflow: visible; box-shadow: 0 2px 8px rgba(184, 134, 11, 0.15); margin-bottom: 2rem;"[39m
      [36m>[39m
        [36m<div[39m
          [33mstyle[39m=[32m"background: rgb(75, 0, 110); color: white; padding: 1rem 1.5rem; font-size: 1.5rem; font-weight: 600;"[39m
        [36m>[39m
          [0mFilters[0m
        [36m</div>[39m
        [36m<div[39m
          [33mstyle[39m=[32m"padding: 1.25rem; display: flex; gap: 1rem; flex-wrap: wrap; align-items: flex-end;"[39m
        [36m>[39m
          [36m<div[39m
            [33mstyle[39m=[32m"display: flex; align-items: center; gap: 0.5rem;"[39m
          [36m>[39m
            [36m<label[39m
              [33mstyle[39m=[32m"font-size: 0.8125rem; font-weight: 600; color: rgb(75, 0, 110); white-space: nowrap;"[39m
            [36m>[39m
              [0mDate:[0m
            [36m</label>[39m
            [36m<select[39m
              [33maria-label[39m=[32m"Select date range preset"[39m
              [33mstyle[39m=[32m"padding: 0.5rem; border: 2px solid rgb(212, 175, 55); border-radius: 6px; font-size: 0.8125rem; background-color: rgb(229, 246, 223); outline: none; min-width: 140px;"[39m
            [36m>[39m
              [36m<option[39m
                [33mvalue[39m=[32m"3mo"[39m
              [36m>[39m
                [0m3 Months[0m
              [36m</option>[39m
              [36m<option[39m
                [33mvalue[39m=[32m"6mo"[39m
              [36m>[39m
                [0m6 Months[0m
              [36m</option>[39m
              [36m<option[39m
                [33mvalue[39m=[32m"12mo"[39m
              [36m>[39m
                [0m12 Months[0m
              [36m</option>[39m
              [36m<option[39m
                [33mvalue[39m=[32m"last-calendar-year"[39m
              [36m>[39m
                [0mLast Year[0m
              [36m</option>[39m
              [36m<option[39m
                [33mvalue[39m=[32m"this-calendar-year"[39m
              [36m>[39m
                [0mThis Year[0m
              [36m</option>[39m
              [36m<option[39m
                [33mvalue[39m=[32m"custom"[39m
              [36m>[39m
                [0mCustom...[0m
              [36m</option>[39m
              [36m<option[39m
                [33mvalue[39m=[32m"all"[39m
              [36m>[39m
                [0mAll Time[0m
              [36m</option>[39m
            [36m</select>[39m
          [36m</div>[39m
          [36m<div[39m
            [33mstyle[39m=[32m"display: flex; align-items: center; gap: 0.5rem;"[39m
          [36m>[39m
            [36m<label[39m
              [33mstyle[39m=[32m"font-size: 0.8125rem; font-weight: 600; color: rgb(75, 0, 110); white-space: nowrap;"[39m
            [36m>[39m
              [0mCategory:[0m
            [36m</label>[39m
            [36m<select[39m
              [33maria-label[39m=[32m"Filter by category"[39m
              [33mstyle[39m=[32m"padding: 0.5rem; border: 2px solid rgb(212, 175, 55); border-radius: 6px; font-size: 0.8125rem; background-color: rgb(229, 246, 223); outline: none; min-width: 140px;"[39m
            [36m>[39m
              [36m<option[39m
                [33mvalue[39m=[32m""[39m
              [36m>[39m
                [0mAll[0m
              [36m</option>[39m
              [36m<option[39m
                [33mvalue[39m=[32m"cat-2"[39m
              [36m>[39m
                [0mBottles[0m
              [36m</option>[39m
              [36m<option[39m
                [33mvalue[39m=[32m"cat-3"[39m
              [36m>[39m
                [0mLabels[0m
              [36m</option>[39m
              [36m<option[39m
                [33mvalue[39m=[32m"cat-1"[39m
              [36m>[39m
                [0mOils[0m
              [36m</option>[39m
            [36m</select>[39m
          [36m</div>[39m
          [36m<div[39m
            [33mstyle[39m=[32m"display: flex; align-items: center; gap: 0.5rem;"[39m
          [36m>[39m
            [36m<label[39m
              [33mstyle[39m=[32m"font-size: 0.8125rem; font-weight: 600; color: rgb(75, 0, 110); white-space: nowrap;"[39m
            [36m>[39m
              [0mVariant:[0m
            [36m</label>[39m
            [36m<select[39m
              [33maria-label[39m=[32m"Filter by variant"[39m
              [33mstyle[39m=[32m"padding: 0.5rem; border: 2px solid rgb(212, 175, 55); border-radius: 6px; font-size: 0.8125rem; background-color: rgb(229, 246, 223); outline: none; min-width: 120px;"[39m
            [36m>[39m
              [36m<option[39m
                [33mvalue[39m=[32m""[39m
              [36m>[39m
                [0mAll[0m
              [36m</option>[39m
              [36m<option[39m
                [33mvalue[39m=[32m"1oz"[39m
              [36m>[39m
                [0m1oz[0m
              [36m</option>[39m
              [36m<option[39m
                [33mvalue[39m=[32m"Bulk"[39m
              [36m>[39m
                [0mBulk[0m
              [36m</option>[39m
            [36m</select>[39m
          [36m</div>[39m
          [36m<div[39m
            [33mstyle[39m=[32m"display: flex; align-items: center; gap: 0.5rem;"[39m
          [36m>[39m
            [36m<label[39m
              [33mstyle[39m=[32m"font-size: 0.8125rem; font-weight: 600; color: rgb(75, 0, 110); white-space: nowrap;"[39m
            [36m>[39m
              [0mVendor:[0m
            [36m</label>[39m
            [36m<input[39m
              [33maria-label[39m=[32m"Filter by vendor"[39m
              [33mlist[39m=[32m"vendor-suggestions"[39m
              [33mplaceholder[39m=[32m"Search..."[39m
              [33mstyle[39m=[32m"padding: 0.5rem; border: 2px solid rgb(212, 175, 55); border-radius: 6px; font-size: 0.8125rem; background-color: rgb(229, 246, 223); outline: none; min-width: 140px;"[39m
              [33mtype[39m=[32m"search"[39m
              [33mvalue[39m=[32m""[39m
            [36m/>[39m
            [36m<datalist[39m
              [33mid[39m=[32m"vendor-suggestions"[39m
            [36m>[39m
              [36m<option[39m
                [33mvalue[39m=[32m"Vendor A"[39m
              [36m/>[39m
              [36m<option[39m
                [33mvalue[39m=[32m"Vendor B"[39m
              [36m/>[39m
            [36m</datalist>[39m
          [36m</div>[39m
          [36m<div[39m
            [33mstyle[39m=[32m"display: flex; align-items: center; gap: 0.5rem;"[39m
          [36m>[39m
            [36m<label[39m
              [33mstyle[39m=[32m"font-size: 0.8125rem; font-weight: 600; color: rgb(75, 0, 110); white-space: nowrap;"[39m
            [36m>[39m
              [0mSort:[0m
            [36m</label>[39m
            [36m<select[39m
              [33maria-label[39m=[32m"Sort invoices"[39m
              [33mstyle[39m=[32m"padding: 0.5rem; border: 2px solid rgb(212, 175, 55); border-radius: 6px; font-size: 0.8125rem; background-color: rgb(229, 246, 223); outline: none; min-width: 100px;"[39m
            [36m>[39m
              [36m<option[39m
                [33mvalue[39m=[32m"date-desc"[39m
              [36m>[39m
                [0mDate ↓[0m
              [36m</option>[39m
              [36m<option[39m
                [33mvalue[39m=[32m"date-asc"[39m
              [36m>[39m
                [0mDate ↑[0m
              [36m</option>[39m
              [36m<option[39m
                [33mvalue[39m=[32m"vendor"[39m
              [36m>[39m
                [0mVendor[0m
              [36m</option>[39m
              [36m<option[39m
                [33mvalue[39m=[32m"total-desc"[39m
              [36m>[39m
                [0mTotal ↓[0m
              [36m</option>[39m
              [36m<option[39m
                [33mvalue[39m=[32m"total-asc"[39m
              [36m>[39m
                [0mTotal ↑[0m
              [36m</option>[39m
            [36m</select>[39m
          [36m</div>[39m
        [36m</div>[39m
      [36m</div>[39m
      [36m<div[39m
        [33mstyle[39m=[32m"background: white; border-radius: 8px; border: 1px solid rgb(229, 231, 235); overflow: hidden;"[39m
      [36m>[39m
        [36m<div[39m
          [33mstyle[39m=[32m"text-align: center; padding: 3rem 2rem; background: rgb(249, 250, 251);"[39m
        [36m>[39m
          [36m<span[39m
            [33mstyle[39m=[32m"font-size: 2.5rem; display: block; margin-bottom: 1rem;"[39m
          [36m>[39m
            [0m🔍[0m
          [36m</span>[39m
          [36m<span[39m
            [33mstyle[39m=[32m"color: rgb(100, 116, 139); font-size: 1.125rem; display: block; margin-bottom: 0.5rem;"[39m
          [36m>[39m
            [0mNo invoices match your filters[0m
          [36m</span>[39m
          [36m<p[39m
            [33mstyle[39m=[32m"margin: 0px 0px 1.5rem 0px; font-size: 0.875rem; color: rgb(148, 163, 184);"[39m
          [36m>[39m
            [0mTry adjusting your date range, vendor, category, or variant filters.[0m
          [36m</p>[39m
          [36m<button[39m
            [33mstyle[39m=[32m"padding: 0.5rem 1rem; background: rgb(75, 0, 110); color: white; border-radius: 6px; font-size: 0.875rem; font-weight: 500; cursor: pointer;"[39m
          [36m>[39m
            [0mClear All Filters[0m
          [36m</button>[39m
        [36m</div>[39m
      [36m</div>[39m
    [36m</div>[39m
  [36m</div>[39m
[36m</body>[39m
 ❯ Object.getElementError node_modules/@testing-library/react/node_modules/@testing-library/dom/dist/config.js:37:19
 ❯ node_modules/@testing-library/react/node_modules/@testing-library/dom/dist/query-helpers.js:76:38
 ❯ node_modules/@testing-library/react/node_modules/@testing-library/dom/dist/query-helpers.js:52:17
 ❯ node_modules/@testing-library/react/node_modules/@testing-library/dom/dist/query-helpers.js:95:19
 ❯ src/pages/cpg/tabs/RawMaterialsTab.test.tsx:289:33
    287|       render(<RawMaterialsTab {...defaultProps} />);
    288|
    289|       const dateHeader = screen.getByRole('columnheader', { name: /dat…
       |                                 ^
    290|       await user.click(dateHeader);
    291|

⎯⎯⎯⎯⎯⎯⎯⎯⎯⎯⎯⎯⎯⎯⎯⎯⎯⎯⎯⎯[536/824]⎯

 FAIL  src/pages/cpg/tabs/RawMaterialsTab.test.tsx > RawMaterialsTab > Sorting > sorts by vendor when vendor header clicked
TestingLibraryElementError: Unable to find an accessible element with the role "columnheader" and name `/vendor/i`

Here are the accessible roles:

  tabpanel:

  Name "":
  [36m<div[39m
    [33maria-labelledby[39m=[32m"raw-materials-tab"[39m
    [33mid[39m=[32m"raw-materials-panel"[39m
    [33mrole[39m=[32m"tabpanel"[39m
  [36m/>[39m

  --------------------------------------------------
  button:

  Name "Export raw materials data":
  [36m<button[39m
    [33maria-expanded[39m=[32m"false"[39m
    [33maria-haspopup[39m=[32m"menu"[39m
    [33maria-label[39m=[32m"Export raw materials data"[39m
    [33mstyle[39m=[32m"padding: 0.5rem 1rem; background: rgb(212, 175, 55); border-radius: 6px; color: rgb(26, 26, 26); font-weight: 600; cursor: pointer; font-size: 0.875rem; display: flex; align-items: center; gap: 0.5rem; transition: all 150ms;"[39m
  [36m/>[39m

  Name "Clear All Filters":
  [36m<button[39m
    [33mstyle[39m=[32m"padding: 0.5rem 1rem; background: rgb(75, 0, 110); color: white; border-radius: 6px; font-size: 0.875rem; font-weight: 500; cursor: pointer;"[39m
  [36m/>[39m

  --------------------------------------------------
  combobox:

  Name "Select date range preset":
  [36m<select[39m
    [33maria-label[39m=[32m"Select date range preset"[39m
    [33mstyle[39m=[32m"padding: 0.5rem; border: 2px solid rgb(212, 175, 55); border-radius: 6px; font-size: 0.8125rem; background-color: rgb(229, 246, 223); outline: none; min-width: 140px;"[39m
  [36m/>[39m

  Name "Filter by category":
  [36m<select[39m
    [33maria-label[39m=[32m"Filter by category"[39m
    [33mstyle[39m=[32m"padding: 0.5rem; border: 2px solid rgb(212, 175, 55); border-radius: 6px; font-size: 0.8125rem; background-color: rgb(229, 246, 223); outline: none; min-width: 140px;"[39m
  [36m/>[39m

  Name "Filter by variant":
  [36m<select[39m
    [33maria-label[39m=[32m"Filter by variant"[39m
    [33mstyle[39m=[32m"padding: 0.5rem; border: 2px solid rgb(212, 175, 55); border-radius: 6px; font-size: 0.8125rem; background-color: rgb(229, 246, 223); outline: none; min-width: 120px;"[39m
  [36m/>[39m

  Name "Filter by vendor":
  [36m<input[39m
    [33maria-label[39m=[32m"Filter by vendor"[39m
    [33mlist[39m=[32m"vendor-suggestions"[39m
    [33mplaceholder[39m=[32m"Search..."[39m
    [33mstyle[39m=[32m"padding: 0.5rem; border: 2px solid rgb(212, 175, 55); border-radius: 6px; font-size: 0.8125rem; background-color: rgb(229, 246, 223); outline: none; min-width: 140px;"[39m
    [33mtype[39m=[32m"search"[39m
    [33mvalue[39m=[32m""[39m
  [36m/>[39m

  Name "Sort invoices":
  [36m<select[39m
    [33maria-label[39m=[32m"Sort invoices"[39m
    [33mstyle[39m=[32m"padding: 0.5rem; border: 2px solid rgb(212, 175, 55); border-radius: 6px; font-size: 0.8125rem; background-color: rgb(229, 246, 223); outline: none; min-width: 100px;"[39m
  [36m/>[39m

  --------------------------------------------------
  option:

  Name "3 Months":
  [36m<option[39m
    [33mvalue[39m=[32m"3mo"[39m
  [36m/>[39m

  Name "6 Months":
  [36m<option[39m
    [33mvalue[39m=[32m"6mo"[39m
  [36m/>[39m

  Name "12 Months":
  [36m<option[39m
    [33mvalue[39m=[32m"12mo"[39m
  [36m/>[39m

  Name "Last Year":
  [36m<option[39m
    [33mvalue[39m=[32m"last-calendar-year"[39m
  [36m/>[39m

  Name "This Year":
  [36m<option[39m
    [33mvalue[39m=[32m"this-calendar-year"[39m
  [36m/>[39m

  Name "Custom...":
  [36m<option[39m
    [33mvalue[39m=[32m"custom"[39m
  [36m/>[39m

  Name "All Time":
  [36m<option[39m
    [33mvalue[39m=[32m"all"[39m
  [36m/>[39m

  Name "All":
  [36m<option[39m
    [33mvalue[39m=[32m""[39m
  [36m/>[39m

  Name "Bottles":
  [36m<option[39m
    [33mvalue[39m=[32m"cat-2"[39m
  [36m/>[39m

  Name "Labels":
  [36m<option[39m
    [33mvalue[39m=[32m"cat-3"[39m
  [36m/>[39m

  Name "Oils":
  [36m<option[39m
    [33mvalue[39m=[32m"cat-1"[39m
  [36m/>[39m

  Name "All":
  [36m<option[39m
    [33mvalue[39m=[32m""[39m
  [36m/>[39m

  Name "1oz":
  [36m<option[39m
    [33mvalue[39m=[32m"1oz"[39m
  [36m/>[39m

  Name "Bulk":
  [36m<option[39m
    [33mvalue[39m=[32m"Bulk"[39m
  [36m/>[39m

  Name "Date ↓":
  [36m<option[39m
    [33mvalue[39m=[32m"date-desc"[39m
  [36m/>[39m

  Name "Date ↑":
  [36m<option[39m
    [33mvalue[39m=[32m"date-asc"[39m
  [36m/>[39m

  Name "Vendor":
  [36m<option[39m
    [33mvalue[39m=[32m"vendor"[39m
  [36m/>[39m

  Name "Total ↓":
  [36m<option[39m
    [33mvalue[39m=[32m"total-desc"[39m
  [36m/>[39m

  Name "Total ↑":
  [36m<option[39m
    [33mvalue[39m=[32m"total-asc"[39m
  [36m/>[39m

  --------------------------------------------------

Ignored nodes: comments, script, style
[36m<body>[39m
  [36m<div>[39m
    [36m<div[39m
      [33maria-labelledby[39m=[32m"raw-materials-tab"[39m
      [33mid[39m=[32m"raw-materials-panel"[39m
      [33mrole[39m=[32m"tabpanel"[39m
    [36m>[39m
      [36m<div[39m
        [33mstyle[39m=[32m"background: rgb(255, 255, 255); border-left: 4px solid rgb(212, 175, 55); border-right: 4px solid rgb(212, 175, 55); border-bottom: 4px solid rgb(212, 175, 55); border-radius: 8px; overflow: hidden; box-shadow: 0 2px 8px rgba(184, 134, 11, 0.15); margin-bottom: 1.5rem;"[39m
      [36m>[39m
        [36m<div[39m
          [33mstyle[39m=[32m"background: rgb(75, 0, 110); color: white; padding: 1.25rem 1.5rem; font-size: 1.5rem; font-weight: 600; display: flex; justify-content: space-between; align-items: center;"[39m
        [36m>[39m
          [36m<span>[39m
            [0mSummary[0m
          [36m</span>[39m
          [36m<div[39m
            [33mstyle[39m=[32m"position: relative;"[39m
          [36m>[39m
            [36m<button[39m
              [33maria-expanded[39m=[32m"false"[39m
              [33maria-haspopup[39m=[32m"menu"[39m
              [33maria-label[39m=[32m"Export raw materials data"[39m
              [33mstyle[39m=[32m"padding: 0.5rem 1rem; background: rgb(212, 175, 55); border-radius: 6px; color: rgb(26, 26, 26); font-weight: 600; cursor: pointer; font-size: 0.875rem; display: flex; align-items: center; gap: 0.5rem; transition: all 150ms;"[39m
            [36m>[39m
              [36m<span>[39m
                [0m📊[0m
              [36m</span>[39m
              [36m<span>[39m
                [0mExport[0m
              [36m</span>[39m
              [36m<span[39m
                [33maria-hidden[39m=[32m"true"[39m
              [36m>[39m
                [0m▼[0m
              [36m</span>[39m
            [36m</button>[39m
          [36m</div>[39m
        [36m</div>[39m
        [36m<div[39m
          [33mstyle[39m=[32m"padding: 1.5rem; display: grid; grid-template-columns: repeat(3, 1fr); gap: 1.25rem;"[39m
        [36m>[39m
          [36m<div[39m
            [33mstyle[39m=[32m"background: linear-gradient(135deg, #4b006e 0%, #6b21a8 100%); border-radius: 12px; padding: 1.25rem; color: white;"[39m
          [36m>[39m
            [36m<div[39m
              [33mstyle[39m=[32m"font-size: 0.75rem; opacity: 0.9; font-weight: 600; margin-bottom: 0.5rem; text-transform: uppercase; letter-spacing: 0.05em;"[39m
            [36m>[39m
              [0mTotal Spent[0m
            [36m</div>[39m
            [36m<div[39m
              [33mstyle[39m=[32m"font-size: 2rem; font-weight: 700; line-height: 1;"[39m
            [36m>[39m
              [0m$[0m
              [0m0.00[0m
            [36m</div>[39m
            [36m<div[39m
              [33mstyle[39m=[32m"font-size: 0.75rem; opacity: 0.9; margin-top: 0.5rem;"[39m
            [36m>[39m
              [0m0[0m
              [0m [0m
              [0minvoices[0m
            [36m</div>[39m
          [36m</div>[39m
          [36m<div[39m
            [33mstyle[39m=[32m"background: linear-gradient(135deg, #E8D4A0 0%, #D4AF37 100%); border-radius: 12px; padding: 1.25rem;"[39m
          [36m>[39m
            [36m<div[39m
              [33mstyle[39m=[32m"font-size: 0.75rem; color: rgb(75, 0, 110); font-weight: 600; margin-bottom: 0.5rem; text-transform: uppercase; letter-spacing: 0.05em;"[39m
            [36m>[39m
              [0mAverage Invoice[0m
            [36m</div>[39m
            [36m<div[39m
              [33mstyle[39m=[32m"font-size: 2rem; font-weight: 700; color: rgb(75, 0, 110); line-height: 1;"[39m
            [36m>[39m
              [0m$0.00[0m
            [36m</div>[39m
            [36m<div[39m
              [33mstyle[39m=[32m"font-size: 0.75rem; color: rgb(75, 0, 110); margin-top: 0.5rem;"[39m
            [36m>[39m
              [0mper invoice[0m
            [36m</div>[39m
          [36m</div>[39m
          [36m<div[39m
            [33mstyle[39m=[32m"background: linear-gradient(135deg, #D8E5D8 0%, #A8D5A8 100%); border-radius: 12px; padding: 1.25rem;"[39m
          [36m>[39m
            [36m<div[39m
              [33mstyle[39m=[32m"font-size: 0.75rem; color: rgb(21, 128, 61); font-weight: 600; margin-bottom: 0.5rem; text-transform: uppercase; letter-spacing: 0.05em;"[39m
            [36m>[39m
              [0mTop Vendor[0m
            [36m</div>[39m
            [36m<div[39m
              [33mstyle[39m=[32m"font-size: 2rem; font-weight: 700; color: rgb(22, 101, 52); line-height: 1;"[39m
            [36m>[39m
              [0m$0.00[0m
            [36m</div>[39m
            [36m<div[39m
              [33mstyle[39m=[32m"font-size: 0.75rem; color: rgb(21, 128, 61); margin-top: 0.5rem;"[39m
            [36m>[39m
              [0mNo data[0m
            [36m</div>[39m
          [36m</div>[39m
        [36m</div>[39m
      [36m</div>[39m
      [36m<div[39m
        [33mstyle[39m=[32m"background: rgb(255, 255, 255); border-left: 4px solid rgb(212, 175, 55); border-right: 4px solid rgb(212, 175, 55); border-bottom: 4px solid rgb(212, 175, 55); border-radius: 8px; overflow: visible; box-shadow: 0 2px 8px rgba(184, 134, 11, 0.15); margin-bottom: 2rem;"[39m
      [36m>[39m
        [36m<div[39m
          [33mstyle[39m=[32m"background: rgb(75, 0, 110); color: white; padding: 1rem 1.5rem; font-size: 1.5rem; font-weight: 600;"[39m
        [36m>[39m
          [0mFilters[0m
        [36m</div>[39m
        [36m<div[39m
          [33mstyle[39m=[32m"padding: 1.25rem; display: flex; gap: 1rem; flex-wrap: wrap; align-items: flex-end;"[39m
        [36m>[39m
          [36m<div[39m
            [33mstyle[39m=[32m"display: flex; align-items: center; gap: 0.5rem;"[39m
          [36m>[39m
            [36m<label[39m
              [33mstyle[39m=[32m"font-size: 0.8125rem; font-weight: 600; color: rgb(75, 0, 110); white-space: nowrap;"[39m
            [36m>[39m
              [0mDate:[0m
            [36m</label>[39m
            [36m<select[39m
              [33maria-label[39m=[32m"Select date range preset"[39m
              [33mstyle[39m=[32m"padding: 0.5rem; border: 2px solid rgb(212, 175, 55); border-radius: 6px; font-size: 0.8125rem; background-color: rgb(229, 246, 223); outline: none; min-width: 140px;"[39m
            [36m>[39m
              [36m<option[39m
                [33mvalue[39m=[32m"3mo"[39m
              [36m>[39m
                [0m3 Months[0m
              [36m</option>[39m
              [36m<option[39m
                [33mvalue[39m=[32m"6mo"[39m
              [36m>[39m
                [0m6 Months[0m
              [36m</option>[39m
              [36m<option[39m
                [33mvalue[39m=[32m"12mo"[39m
              [36m>[39m
                [0m12 Months[0m
              [36m</option>[39m
              [36m<option[39m
                [33mvalue[39m=[32m"last-calendar-year"[39m
              [36m>[39m
                [0mLast Year[0m
              [36m</option>[39m
              [36m<option[39m
                [33mvalue[39m=[32m"this-calendar-year"[39m
              [36m>[39m
                [0mThis Year[0m
              [36m</option>[39m
              [36m<option[39m
                [33mvalue[39m=[32m"custom"[39m
              [36m>[39m
                [0mCustom...[0m
              [36m</option>[39m
              [36m<option[39m
                [33mvalue[39m=[32m"all"[39m
              [36m>[39m
                [0mAll Time[0m
              [36m</option>[39m
            [36m</select>[39m
          [36m</div>[39m
          [36m<div[39m
            [33mstyle[39m=[32m"display: flex; align-items: center; gap: 0.5rem;"[39m
          [36m>[39m
            [36m<label[39m
              [33mstyle[39m=[32m"font-size: 0.8125rem; font-weight: 600; color: rgb(75, 0, 110); white-space: nowrap;"[39m
            [36m>[39m
              [0mCategory:[0m
            [36m</label>[39m
            [36m<select[39m
              [33maria-label[39m=[32m"Filter by category"[39m
              [33mstyle[39m=[32m"padding: 0.5rem; border: 2px solid rgb(212, 175, 55); border-radius: 6px; font-size: 0.8125rem; background-color: rgb(229, 246, 223); outline: none; min-width: 140px;"[39m
            [36m>[39m
              [36m<option[39m
                [33mvalue[39m=[32m""[39m
              [36m>[39m
                [0mAll[0m
              [36m</option>[39m
              [36m<option[39m
                [33mvalue[39m=[32m"cat-2"[39m
              [36m>[39m
                [0mBottles[0m
              [36m</option>[39m
              [36m<option[39m
                [33mvalue[39m=[32m"cat-3"[39m
              [36m>[39m
                [0mLabels[0m
              [36m</option>[39m
              [36m<option[39m
                [33mvalue[39m=[32m"cat-1"[39m
              [36m>[39m
                [0mOils[0m
              [36m</option>[39m
            [36m</select>[39m
          [36m</div>[39m
          [36m<div[39m
            [33mstyle[39m=[32m"display: flex; align-items: center; gap: 0.5rem;"[39m
          [36m>[39m
            [36m<label[39m
              [33mstyle[39m=[32m"font-size: 0.8125rem; font-weight: 600; color: rgb(75, 0, 110); white-space: nowrap;"[39m
            [36m>[39m
              [0mVariant:[0m
            [36m</label>[39m
            [36m<select[39m
              [33maria-label[39m=[32m"Filter by variant"[39m
              [33mstyle[39m=[32m"padding: 0.5rem; border: 2px solid rgb(212, 175, 55); border-radius: 6px; font-size: 0.8125rem; background-color: rgb(229, 246, 223); outline: none; min-width: 120px;"[39m
            [36m>[39m
              [36m<option[39m
                [33mvalue[39m=[32m""[39m
              [36m>[39m
                [0mAll[0m
              [36m</option>[39m
              [36m<option[39m
                [33mvalue[39m=[32m"1oz"[39m
              [36m>[39m
                [0m1oz[0m
              [36m</option>[39m
              [36m<option[39m
                [33mvalue[39m=[32m"Bulk"[39m
              [36m>[39m
                [0mBulk[0m
              [36m</option>[39m
            [36m</select>[39m
          [36m</div>[39m
          [36m<div[39m
            [33mstyle[39m=[32m"display: flex; align-items: center; gap: 0.5rem;"[39m
          [36m>[39m
            [36m<label[39m
              [33mstyle[39m=[32m"font-size: 0.8125rem; font-weight: 600; color: rgb(75, 0, 110); white-space: nowrap;"[39m
            [36m>[39m
              [0mVendor:[0m
            [36m</label>[39m
            [36m<input[39m
              [33maria-label[39m=[32m"Filter by vendor"[39m
              [33mlist[39m=[32m"vendor-suggestions"[39m
              [33mplaceholder[39m=[32m"Search..."[39m
              [33mstyle[39m=[32m"padding: 0.5rem; border: 2px solid rgb(212, 175, 55); border-radius: 6px; font-size: 0.8125rem; background-color: rgb(229, 246, 223); outline: none; min-width: 140px;"[39m
              [33mtype[39m=[32m"search"[39m
              [33mvalue[39m=[32m""[39m
            [36m/>[39m
            [36m<datalist[39m
              [33mid[39m=[32m"vendor-suggestions"[39m
            [36m>[39m
              [36m<option[39m
                [33mvalue[39m=[32m"Vendor A"[39m
              [36m/>[39m
              [36m<option[39m
                [33mvalue[39m=[32m"Vendor B"[39m
              [36m/>[39m
            [36m</datalist>[39m
          [36m</div>[39m
          [36m<div[39m
            [33mstyle[39m=[32m"display: flex; align-items: center; gap: 0.5rem;"[39m
          [36m>[39m
            [36m<label[39m
              [33mstyle[39m=[32m"font-size: 0.8125rem; font-weight: 600; color: rgb(75, 0, 110); white-space: nowrap;"[39m
            [36m>[39m
              [0mSort:[0m
            [36m</label>[39m
            [36m<select[39m
              [33maria-label[39m=[32m"Sort invoices"[39m
              [33mstyle[39m=[32m"padding: 0.5rem; border: 2px solid rgb(212, 175, 55); border-radius: 6px; font-size: 0.8125rem; background-color: rgb(229, 246, 223); outline: none; min-width: 100px;"[39m
            [36m>[39m
              [36m<option[39m
                [33mvalue[39m=[32m"date-desc"[39m
              [36m>[39m
                [0mDate ↓[0m
              [36m</option>[39m
              [36m<option[39m
                [33mvalue[39m=[32m"date-asc"[39m
              [36m>[39m
                [0mDate ↑[0m
              [36m</option>[39m
              [36m<option[39m
                [33mvalue[39m=[32m"vendor"[39m
              [36m>[39m
                [0mVendor[0m
              [36m</option>[39m
              [36m<option[39m
                [33mvalue[39m=[32m"total-desc"[39m
              [36m>[39m
                [0mTotal ↓[0m
              [36m</option>[39m
              [36m<option[39m
                [33mvalue[39m=[32m"total-asc"[39m
              [36m>[39m
                [0mTotal ↑[0m
              [36m</option>[39m
            [36m</select>[39m
          [36m</div>[39m
        [36m</div>[39m
      [36m</div>[39m
      [36m<div[39m
        [33mstyle[39m=[32m"background: white; border-radius: 8px; border: 1px solid rgb(229, 231, 235); overflow: hidden;"[39m
      [36m>[39m
        [36m<div[39m
          [33mstyle[39m=[32m"text-align: center; padding: 3rem 2rem; background: rgb(249, 250, 251);"[39m
        [36m>[39m
          [36m<span[39m
            [33mstyle[39m=[32m"font-size: 2.5rem; display: block; margin-bottom: 1rem;"[39m
          [36m>[39m
            [0m🔍[0m
          [36m</span>[39m
          [36m<span[39m
            [33mstyle[39m=[32m"color: rgb(100, 116, 139); font-size: 1.125rem; display: block; margin-bottom: 0.5rem;"[39m
          [36m>[39m
            [0mNo invoices match your filters[0m
          [36m</span>[39m
          [36m<p[39m
            [33mstyle[39m=[32m"margin: 0px 0px 1.5rem 0px; font-size: 0.875rem; color: rgb(148, 163, 184);"[39m
          [36m>[39m
            [0mTry adjusting your date range, vendor, category, or variant filters.[0m
          [36m</p>[39m
          [36m<button[39m
            [33mstyle[39m=[32m"padding: 0.5rem 1rem; background: rgb(75, 0, 110); color: white; border-radius: 6px; font-size: 0.875rem; font-weight: 500; cursor: pointer;"[39m
          [36m>[39m
            [0mClear All Filters[0m
          [36m</button>[39m
        [36m</div>[39m
      [36m</div>[39m
    [36m</div>[39m
  [36m</div>[39m
[36m</body>[39m
 ❯ Object.getElementError node_modules/@testing-library/react/node_modules/@testing-library/dom/dist/config.js:37:19
 ❯ node_modules/@testing-library/react/node_modules/@testing-library/dom/dist/query-helpers.js:76:38
 ❯ node_modules/@testing-library/react/node_modules/@testing-library/dom/dist/query-helpers.js:52:17
 ❯ node_modules/@testing-library/react/node_modules/@testing-library/dom/dist/query-helpers.js:95:19
 ❯ src/pages/cpg/tabs/RawMaterialsTab.test.tsx:299:35
    297|       render(<RawMaterialsTab {...defaultProps} />);
    298|
    299|       const vendorHeader = screen.getByRole('columnheader', { name: /v…
       |                                   ^
    300|       await user.click(vendorHeader);
    301|

⎯⎯⎯⎯⎯⎯⎯⎯⎯⎯⎯⎯⎯⎯⎯⎯⎯⎯⎯⎯[537/824]⎯

 FAIL  src/pages/cpg/tabs/RawMaterialsTab.test.tsx > RawMaterialsTab > Sorting > sorts by total ascending/descending when total header clicked
TestingLibraryElementError: Unable to find an accessible element with the role "columnheader" and name `/total paid/i`

Here are the accessible roles:

  tabpanel:

  Name "":
  [36m<div[39m
    [33maria-labelledby[39m=[32m"raw-materials-tab"[39m
    [33mid[39m=[32m"raw-materials-panel"[39m
    [33mrole[39m=[32m"tabpanel"[39m
  [36m/>[39m

  --------------------------------------------------
  button:

  Name "Export raw materials data":
  [36m<button[39m
    [33maria-expanded[39m=[32m"false"[39m
    [33maria-haspopup[39m=[32m"menu"[39m
    [33maria-label[39m=[32m"Export raw materials data"[39m
    [33mstyle[39m=[32m"padding: 0.5rem 1rem; background: rgb(212, 175, 55); border-radius: 6px; color: rgb(26, 26, 26); font-weight: 600; cursor: pointer; font-size: 0.875rem; display: flex; align-items: center; gap: 0.5rem; transition: all 150ms;"[39m
  [36m/>[39m

  Name "Clear All Filters":
  [36m<button[39m
    [33mstyle[39m=[32m"padding: 0.5rem 1rem; background: rgb(75, 0, 110); color: white; border-radius: 6px; font-size: 0.875rem; font-weight: 500; cursor: pointer;"[39m
  [36m/>[39m

  --------------------------------------------------
  combobox:

  Name "Select date range preset":
  [36m<select[39m
    [33maria-label[39m=[32m"Select date range preset"[39m
    [33mstyle[39m=[32m"padding: 0.5rem; border: 2px solid rgb(212, 175, 55); border-radius: 6px; font-size: 0.8125rem; background-color: rgb(229, 246, 223); outline: none; min-width: 140px;"[39m
  [36m/>[39m

  Name "Filter by category":
  [36m<select[39m
    [33maria-label[39m=[32m"Filter by category"[39m
    [33mstyle[39m=[32m"padding: 0.5rem; border: 2px solid rgb(212, 175, 55); border-radius: 6px; font-size: 0.8125rem; background-color: rgb(229, 246, 223); outline: none; min-width: 140px;"[39m
  [36m/>[39m

  Name "Filter by variant":
  [36m<select[39m
    [33maria-label[39m=[32m"Filter by variant"[39m
    [33mstyle[39m=[32m"padding: 0.5rem; border: 2px solid rgb(212, 175, 55); border-radius: 6px; font-size: 0.8125rem; background-color: rgb(229, 246, 223); outline: none; min-width: 120px;"[39m
  [36m/>[39m

  Name "Filter by vendor":
  [36m<input[39m
    [33maria-label[39m=[32m"Filter by vendor"[39m
    [33mlist[39m=[32m"vendor-suggestions"[39m
    [33mplaceholder[39m=[32m"Search..."[39m
    [33mstyle[39m=[32m"padding: 0.5rem; border: 2px solid rgb(212, 175, 55); border-radius: 6px; font-size: 0.8125rem; background-color: rgb(229, 246, 223); outline: none; min-width: 140px;"[39m
    [33mtype[39m=[32m"search"[39m
    [33mvalue[39m=[32m""[39m
  [36m/>[39m

  Name "Sort invoices":
  [36m<select[39m
    [33maria-label[39m=[32m"Sort invoices"[39m
    [33mstyle[39m=[32m"padding: 0.5rem; border: 2px solid rgb(212, 175, 55); border-radius: 6px; font-size: 0.8125rem; background-color: rgb(229, 246, 223); outline: none; min-width: 100px;"[39m
  [36m/>[39m

  --------------------------------------------------
  option:

  Name "3 Months":
  [36m<option[39m
    [33mvalue[39m=[32m"3mo"[39m
  [36m/>[39m

  Name "6 Months":
  [36m<option[39m
    [33mvalue[39m=[32m"6mo"[39m
  [36m/>[39m

  Name "12 Months":
  [36m<option[39m
    [33mvalue[39m=[32m"12mo"[39m
  [36m/>[39m

  Name "Last Year":
  [36m<option[39m
    [33mvalue[39m=[32m"last-calendar-year"[39m
  [36m/>[39m

  Name "This Year":
  [36m<option[39m
    [33mvalue[39m=[32m"this-calendar-year"[39m
  [36m/>[39m

  Name "Custom...":
  [36m<option[39m
    [33mvalue[39m=[32m"custom"[39m
  [36m/>[39m

  Name "All Time":
  [36m<option[39m
    [33mvalue[39m=[32m"all"[39m
  [36m/>[39m

  Name "All":
  [36m<option[39m
    [33mvalue[39m=[32m""[39m
  [36m/>[39m

  Name "Bottles":
  [36m<option[39m
    [33mvalue[39m=[32m"cat-2"[39m
  [36m/>[39m

  Name "Labels":
  [36m<option[39m
    [33mvalue[39m=[32m"cat-3"[39m
  [36m/>[39m

  Name "Oils":
  [36m<option[39m
    [33mvalue[39m=[32m"cat-1"[39m
  [36m/>[39m

  Name "All":
  [36m<option[39m
    [33mvalue[39m=[32m""[39m
  [36m/>[39m

  Name "1oz":
  [36m<option[39m
    [33mvalue[39m=[32m"1oz"[39m
  [36m/>[39m

  Name "Bulk":
  [36m<option[39m
    [33mvalue[39m=[32m"Bulk"[39m
  [36m/>[39m

  Name "Date ↓":
  [36m<option[39m
    [33mvalue[39m=[32m"date-desc"[39m
  [36m/>[39m

  Name "Date ↑":
  [36m<option[39m
    [33mvalue[39m=[32m"date-asc"[39m
  [36m/>[39m

  Name "Vendor":
  [36m<option[39m
    [33mvalue[39m=[32m"vendor"[39m
  [36m/>[39m

  Name "Total ↓":
  [36m<option[39m
    [33mvalue[39m=[32m"total-desc"[39m
  [36m/>[39m

  Name "Total ↑":
  [36m<option[39m
    [33mvalue[39m=[32m"total-asc"[39m
  [36m/>[39m

  --------------------------------------------------

Ignored nodes: comments, script, style
[36m<body>[39m
  [36m<div>[39m
    [36m<div[39m
      [33maria-labelledby[39m=[32m"raw-materials-tab"[39m
      [33mid[39m=[32m"raw-materials-panel"[39m
      [33mrole[39m=[32m"tabpanel"[39m
    [36m>[39m
      [36m<div[39m
        [33mstyle[39m=[32m"background: rgb(255, 255, 255); border-left: 4px solid rgb(212, 175, 55); border-right: 4px solid rgb(212, 175, 55); border-bottom: 4px solid rgb(212, 175, 55); border-radius: 8px; overflow: hidden; box-shadow: 0 2px 8px rgba(184, 134, 11, 0.15); margin-bottom: 1.5rem;"[39m
      [36m>[39m
        [36m<div[39m
          [33mstyle[39m=[32m"background: rgb(75, 0, 110); color: white; padding: 1.25rem 1.5rem; font-size: 1.5rem; font-weight: 600; display: flex; justify-content: space-between; align-items: center;"[39m
        [36m>[39m
          [36m<span>[39m
            [0mSummary[0m
          [36m</span>[39m
          [36m<div[39m
            [33mstyle[39m=[32m"position: relative;"[39m
          [36m>[39m
            [36m<button[39m
              [33maria-expanded[39m=[32m"false"[39m
              [33maria-haspopup[39m=[32m"menu"[39m
              [33maria-label[39m=[32m"Export raw materials data"[39m
              [33mstyle[39m=[32m"padding: 0.5rem 1rem; background: rgb(212, 175, 55); border-radius: 6px; color: rgb(26, 26, 26); font-weight: 600; cursor: pointer; font-size: 0.875rem; display: flex; align-items: center; gap: 0.5rem; transition: all 150ms;"[39m
            [36m>[39m
              [36m<span>[39m
                [0m📊[0m
              [36m</span>[39m
              [36m<span>[39m
                [0mExport[0m
              [36m</span>[39m
              [36m<span[39m
                [33maria-hidden[39m=[32m"true"[39m
              [36m>[39m
                [0m▼[0m
              [36m</span>[39m
            [36m</button>[39m
          [36m</div>[39m
        [36m</div>[39m
        [36m<div[39m
          [33mstyle[39m=[32m"padding: 1.5rem; display: grid; grid-template-columns: repeat(3, 1fr); gap: 1.25rem;"[39m
        [36m>[39m
          [36m<div[39m
            [33mstyle[39m=[32m"background: linear-gradient(135deg, #4b006e 0%, #6b21a8 100%); border-radius: 12px; padding: 1.25rem; color: white;"[39m
          [36m>[39m
            [36m<div[39m
              [33mstyle[39m=[32m"font-size: 0.75rem; opacity: 0.9; font-weight: 600; margin-bottom: 0.5rem; text-transform: uppercase; letter-spacing: 0.05em;"[39m
            [36m>[39m
              [0mTotal Spent[0m
            [36m</div>[39m
            [36m<div[39m
              [33mstyle[39m=[32m"font-size: 2rem; font-weight: 700; line-height: 1;"[39m
            [36m>[39m
              [0m$[0m
              [0m0.00[0m
            [36m</div>[39m
            [36m<div[39m
              [33mstyle[39m=[32m"font-size: 0.75rem; opacity: 0.9; margin-top: 0.5rem;"[39m
            [36m>[39m
              [0m0[0m
              [0m [0m
              [0minvoices[0m
            [36m</div>[39m
          [36m</div>[39m
          [36m<div[39m
            [33mstyle[39m=[32m"background: linear-gradient(135deg, #E8D4A0 0%, #D4AF37 100%); border-radius: 12px; padding: 1.25rem;"[39m
          [36m>[39m
            [36m<div[39m
              [33mstyle[39m=[32m"font-size: 0.75rem; color: rgb(75, 0, 110); font-weight: 600; margin-bottom: 0.5rem; text-transform: uppercase; letter-spacing: 0.05em;"[39m
            [36m>[39m
              [0mAverage Invoice[0m
            [36m</div>[39m
            [36m<div[39m
              [33mstyle[39m=[32m"font-size: 2rem; font-weight: 700; color: rgb(75, 0, 110); line-height: 1;"[39m
            [36m>[39m
              [0m$0.00[0m
            [36m</div>[39m
            [36m<div[39m
              [33mstyle[39m=[32m"font-size: 0.75rem; color: rgb(75, 0, 110); margin-top: 0.5rem;"[39m
            [36m>[39m
              [0mper invoice[0m
            [36m</div>[39m
          [36m</div>[39m
          [36m<div[39m
            [33mstyle[39m=[32m"background: linear-gradient(135deg, #D8E5D8 0%, #A8D5A8 100%); border-radius: 12px; padding: 1.25rem;"[39m
          [36m>[39m
            [36m<div[39m
              [33mstyle[39m=[32m"font-size: 0.75rem; color: rgb(21, 128, 61); font-weight: 600; margin-bottom: 0.5rem; text-transform: uppercase; letter-spacing: 0.05em;"[39m
            [36m>[39m
              [0mTop Vendor[0m
            [36m</div>[39m
            [36m<div[39m
              [33mstyle[39m=[32m"font-size: 2rem; font-weight: 700; color: rgb(22, 101, 52); line-height: 1;"[39m
            [36m>[39m
              [0m$0.00[0m
            [36m</div>[39m
            [36m<div[39m
              [33mstyle[39m=[32m"font-size: 0.75rem; color: rgb(21, 128, 61); margin-top: 0.5rem;"[39m
            [36m>[39m
              [0mNo data[0m
            [36m</div>[39m
          [36m</div>[39m
        [36m</div>[39m
      [36m</div>[39m
      [36m<div[39m
        [33mstyle[39m=[32m"background: rgb(255, 255, 255); border-left: 4px solid rgb(212, 175, 55); border-right: 4px solid rgb(212, 175, 55); border-bottom: 4px solid rgb(212, 175, 55); border-radius: 8px; overflow: visible; box-shadow: 0 2px 8px rgba(184, 134, 11, 0.15); margin-bottom: 2rem;"[39m
      [36m>[39m
        [36m<div[39m
          [33mstyle[39m=[32m"background: rgb(75, 0, 110); color: white; padding: 1rem 1.5rem; font-size: 1.5rem; font-weight: 600;"[39m
        [36m>[39m
          [0mFilters[0m
        [36m</div>[39m
        [36m<div[39m
          [33mstyle[39m=[32m"padding: 1.25rem; display: flex; gap: 1rem; flex-wrap: wrap; align-items: flex-end;"[39m
        [36m>[39m
          [36m<div[39m
            [33mstyle[39m=[32m"display: flex; align-items: center; gap: 0.5rem;"[39m
          [36m>[39m
            [36m<label[39m
              [33mstyle[39m=[32m"font-size: 0.8125rem; font-weight: 600; color: rgb(75, 0, 110); white-space: nowrap;"[39m
            [36m>[39m
              [0mDate:[0m
            [36m</label>[39m
            [36m<select[39m
              [33maria-label[39m=[32m"Select date range preset"[39m
              [33mstyle[39m=[32m"padding: 0.5rem; border: 2px solid rgb(212, 175, 55); border-radius: 6px; font-size: 0.8125rem; background-color: rgb(229, 246, 223); outline: none; min-width: 140px;"[39m
            [36m>[39m
              [36m<option[39m
                [33mvalue[39m=[32m"3mo"[39m
              [36m>[39m
                [0m3 Months[0m
              [36m</option>[39m
              [36m<option[39m
                [33mvalue[39m=[32m"6mo"[39m
              [36m>[39m
                [0m6 Months[0m
              [36m</option>[39m
              [36m<option[39m
                [33mvalue[39m=[32m"12mo"[39m
              [36m>[39m
                [0m12 Months[0m
              [36m</option>[39m
              [36m<option[39m
                [33mvalue[39m=[32m"last-calendar-year"[39m
              [36m>[39m
                [0mLast Year[0m
              [36m</option>[39m
              [36m<option[39m
                [33mvalue[39m=[32m"this-calendar-year"[39m
              [36m>[39m
                [0mThis Year[0m
              [36m</option>[39m
              [36m<option[39m
                [33mvalue[39m=[32m"custom"[39m
              [36m>[39m
                [0mCustom...[0m
              [36m</option>[39m
              [36m<option[39m
                [33mvalue[39m=[32m"all"[39m
              [36m>[39m
                [0mAll Time[0m
              [36m</option>[39m
            [36m</select>[39m
          [36m</div>[39m
          [36m<div[39m
            [33mstyle[39m=[32m"display: flex; align-items: center; gap: 0.5rem;"[39m
          [36m>[39m
            [36m<label[39m
              [33mstyle[39m=[32m"font-size: 0.8125rem; font-weight: 600; color: rgb(75, 0, 110); white-space: nowrap;"[39m
            [36m>[39m
              [0mCategory:[0m
            [36m</label>[39m
            [36m<select[39m
              [33maria-label[39m=[32m"Filter by category"[39m
              [33mstyle[39m=[32m"padding: 0.5rem; border: 2px solid rgb(212, 175, 55); border-radius: 6px; font-size: 0.8125rem; background-color: rgb(229, 246, 223); outline: none; min-width: 140px;"[39m
            [36m>[39m
              [36m<option[39m
                [33mvalue[39m=[32m""[39m
              [36m>[39m
                [0mAll[0m
              [36m</option>[39m
              [36m<option[39m
                [33mvalue[39m=[32m"cat-2"[39m
              [36m>[39m
                [0mBottles[0m
              [36m</option>[39m
              [36m<option[39m
                [33mvalue[39m=[32m"cat-3"[39m
              [36m>[39m
                [0mLabels[0m
              [36m</option>[39m
              [36m<option[39m
                [33mvalue[39m=[32m"cat-1"[39m
              [36m>[39m
                [0mOils[0m
              [36m</option>[39m
            [36m</select>[39m
          [36m</div>[39m
          [36m<div[39m
            [33mstyle[39m=[32m"display: flex; align-items: center; gap: 0.5rem;"[39m
          [36m>[39m
            [36m<label[39m
              [33mstyle[39m=[32m"font-size: 0.8125rem; font-weight: 600; color: rgb(75, 0, 110); white-space: nowrap;"[39m
            [36m>[39m
              [0mVariant:[0m
            [36m</label>[39m
            [36m<select[39m
              [33maria-label[39m=[32m"Filter by variant"[39m
              [33mstyle[39m=[32m"padding: 0.5rem; border: 2px solid rgb(212, 175, 55); border-radius: 6px; font-size: 0.8125rem; background-color: rgb(229, 246, 223); outline: none; min-width: 120px;"[39m
            [36m>[39m
              [36m<option[39m
                [33mvalue[39m=[32m""[39m
              [36m>[39m
                [0mAll[0m
              [36m</option>[39m
              [36m<option[39m
                [33mvalue[39m=[32m"1oz"[39m
              [36m>[39m
                [0m1oz[0m
              [36m</option>[39m
              [36m<option[39m
                [33mvalue[39m=[32m"Bulk"[39m
              [36m>[39m
                [0mBulk[0m
              [36m</option>[39m
            [36m</select>[39m
          [36m</div>[39m
          [36m<div[39m
            [33mstyle[39m=[32m"display: flex; align-items: center; gap: 0.5rem;"[39m
          [36m>[39m
            [36m<label[39m
              [33mstyle[39m=[32m"font-size: 0.8125rem; font-weight: 600; color: rgb(75, 0, 110); white-space: nowrap;"[39m
            [36m>[39m
              [0mVendor:[0m
            [36m</label>[39m
            [36m<input[39m
              [33maria-label[39m=[32m"Filter by vendor"[39m
              [33mlist[39m=[32m"vendor-suggestions"[39m
              [33mplaceholder[39m=[32m"Search..."[39m
              [33mstyle[39m=[32m"padding: 0.5rem; border: 2px solid rgb(212, 175, 55); border-radius: 6px; font-size: 0.8125rem; background-color: rgb(229, 246, 223); outline: none; min-width: 140px;"[39m
              [33mtype[39m=[32m"search"[39m
              [33mvalue[39m=[32m""[39m
            [36m/>[39m
            [36m<datalist[39m
              [33mid[39m=[32m"vendor-suggestions"[39m
            [36m>[39m
              [36m<option[39m
                [33mvalue[39m=[32m"Vendor A"[39m
              [36m/>[39m
              [36m<option[39m
                [33mvalue[39m=[32m"Vendor B"[39m
              [36m/>[39m
            [36m</datalist>[39m
          [36m</div>[39m
          [36m<div[39m
            [33mstyle[39m=[32m"display: flex; align-items: center; gap: 0.5rem;"[39m
          [36m>[39m
            [36m<label[39m
              [33mstyle[39m=[32m"font-size: 0.8125rem; font-weight: 600; color: rgb(75, 0, 110); white-space: nowrap;"[39m
            [36m>[39m
              [0mSort:[0m
            [36m</label>[39m
            [36m<select[39m
              [33maria-label[39m=[32m"Sort invoices"[39m
              [33mstyle[39m=[32m"padding: 0.5rem; border: 2px solid rgb(212, 175, 55); border-radius: 6px; font-size: 0.8125rem; background-color: rgb(229, 246, 223); outline: none; min-width: 100px;"[39m
            [36m>[39m
              [36m<option[39m
                [33mvalue[39m=[32m"date-desc"[39m
              [36m>[39m
                [0mDate ↓[0m
              [36m</option>[39m
              [36m<option[39m
                [33mvalue[39m=[32m"date-asc"[39m
              [36m>[39m
                [0mDate ↑[0m
              [36m</option>[39m
              [36m<option[39m
                [33mvalue[39m=[32m"vendor"[39m
              [36m>[39m
                [0mVendor[0m
              [36m</option>[39m
              [36m<option[39m
                [33mvalue[39m=[32m"total-desc"[39m
              [36m>[39m
                [0mTotal ↓[0m
              [36m</option>[39m
              [36m<option[39m
                [33mvalue[39m=[32m"total-asc"[39m
              [36m>[39m
                [0mTotal ↑[0m
              [36m</option>[39m
            [36m</select>[39m
          [36m</div>[39m
        [36m</div>[39m
      [36m</div>[39m
      [36m<div[39m
        [33mstyle[39m=[32m"background: white; border-radius: 8px; border: 1px solid rgb(229, 231, 235); overflow: hidden;"[39m
      [36m>[39m
        [36m<div[39m
          [33mstyle[39m=[32m"text-align: center; padding: 3rem 2rem; background: rgb(249, 250, 251);"[39m
        [36m>[39m
          [36m<span[39m
            [33mstyle[39m=[32m"font-size: 2.5rem; display: block; margin-bottom: 1rem;"[39m
          [36m>[39m
            [0m🔍[0m
          [36m</span>[39m
          [36m<span[39m
            [33mstyle[39m=[32m"color: rgb(100, 116, 139); font-size: 1.125rem; display: block; margin-bottom: 0.5rem;"[39m
          [36m>[39m
            [0mNo invoices match your filters[0m
          [36m</span>[39m
          [36m<p[39m
            [33mstyle[39m=[32m"margin: 0px 0px 1.5rem 0px; font-size: 0.875rem; color: rgb(148, 163, 184);"[39m
          [36m>[39m
            [0mTry adjusting your date range, vendor, category, or variant filters.[0m
          [36m</p>[39m
          [36m<button[39m
            [33mstyle[39m=[32m"padding: 0.5rem 1rem; background: rgb(75, 0, 110); color: white; border-radius: 6px; font-size: 0.875rem; font-weight: 500; cursor: pointer;"[39m
          [36m>[39m
            [0mClear All Filters[0m
          [36m</button>[39m
        [36m</div>[39m
      [36m</div>[39m
    [36m</div>[39m
  [36m</div>[39m
[36m</body>[39m
 ❯ Object.getElementError node_modules/@testing-library/react/node_modules/@testing-library/dom/dist/config.js:37:19
 ❯ node_modules/@testing-library/react/node_modules/@testing-library/dom/dist/query-helpers.js:76:38
 ❯ node_modules/@testing-library/react/node_modules/@testing-library/dom/dist/query-helpers.js:52:17
 ❯ node_modules/@testing-library/react/node_modules/@testing-library/dom/dist/query-helpers.js:95:19
 ❯ src/pages/cpg/tabs/RawMaterialsTab.test.tsx:309:34
    307|       render(<RawMaterialsTab {...defaultProps} />);
    308|
    309|       const totalHeader = screen.getByRole('columnheader', { name: /to…
       |                                  ^
    310|       await user.click(totalHeader);
    311|

⎯⎯⎯⎯⎯⎯⎯⎯⎯⎯⎯⎯⎯⎯⎯⎯⎯⎯⎯⎯[538/824]⎯

 FAIL  src/pages/cpg/tabs/RawMaterialsTab.test.tsx > RawMaterialsTab > Statistics Calculations > calculates total spent correctly
TestingLibraryElementError: Unable to find an element with the text: /\$2,250\.00/. This could be because the text is broken up by multiple elements. In this case, you can provide a function for your text matcher to make your matcher more flexible.

Ignored nodes: comments, script, style
[36m<body>[39m
  [36m<div>[39m
    [36m<div[39m
      [33maria-labelledby[39m=[32m"raw-materials-tab"[39m
      [33mid[39m=[32m"raw-materials-panel"[39m
      [33mrole[39m=[32m"tabpanel"[39m
    [36m>[39m
      [36m<div[39m
        [33mstyle[39m=[32m"background: rgb(255, 255, 255); border-left: 4px solid rgb(212, 175, 55); border-right: 4px solid rgb(212, 175, 55); border-bottom: 4px solid rgb(212, 175, 55); border-radius: 8px; overflow: hidden; box-shadow: 0 2px 8px rgba(184, 134, 11, 0.15); margin-bottom: 1.5rem;"[39m
      [36m>[39m
        [36m<div[39m
          [33mstyle[39m=[32m"background: rgb(75, 0, 110); color: white; padding: 1.25rem 1.5rem; font-size: 1.5rem; font-weight: 600; display: flex; justify-content: space-between; align-items: center;"[39m
        [36m>[39m
          [36m<span>[39m
            [0mSummary[0m
          [36m</span>[39m
          [36m<div[39m
            [33mstyle[39m=[32m"position: relative;"[39m
          [36m>[39m
            [36m<button[39m
              [33maria-expanded[39m=[32m"false"[39m
              [33maria-haspopup[39m=[32m"menu"[39m
              [33maria-label[39m=[32m"Export raw materials data"[39m
              [33mstyle[39m=[32m"padding: 0.5rem 1rem; background: rgb(212, 175, 55); border-radius: 6px; color: rgb(26, 26, 26); font-weight: 600; cursor: pointer; font-size: 0.875rem; display: flex; align-items: center; gap: 0.5rem; transition: all 150ms;"[39m
            [36m>[39m
              [36m<span>[39m
                [0m📊[0m
              [36m</span>[39m
              [36m<span>[39m
                [0mExport[0m
              [36m</span>[39m
              [36m<span[39m
                [33maria-hidden[39m=[32m"true"[39m
              [36m>[39m
                [0m▼[0m
              [36m</span>[39m
            [36m</button>[39m
          [36m</div>[39m
        [36m</div>[39m
        [36m<div[39m
          [33mstyle[39m=[32m"padding: 1.5rem; display: grid; grid-template-columns: repeat(3, 1fr); gap: 1.25rem;"[39m
        [36m>[39m
          [36m<div[39m
            [33mstyle[39m=[32m"background: linear-gradient(135deg, #4b006e 0%, #6b21a8 100%); border-radius: 12px; padding: 1.25rem; color: white;"[39m
          [36m>[39m
            [36m<div[39m
              [33mstyle[39m=[32m"font-size: 0.75rem; opacity: 0.9; font-weight: 600; margin-bottom: 0.5rem; text-transform: uppercase; letter-spacing: 0.05em;"[39m
            [36m>[39m
              [0mTotal Spent[0m
            [36m</div>[39m
            [36m<div[39m
              [33mstyle[39m=[32m"font-size: 2rem; font-weight: 700; line-height: 1;"[39m
            [36m>[39m
              [0m$[0m
              [0m0.00[0m
            [36m</div>[39m
            [36m<div[39m
              [33mstyle[39m=[32m"font-size: 0.75rem; opacity: 0.9; margin-top: 0.5rem;"[39m
            [36m>[39m
              [0m0[0m
              [0m [0m
              [0minvoices[0m
            [36m</div>[39m
          [36m</div>[39m
          [36m<div[39m
            [33mstyle[39m=[32m"background: linear-gradient(135deg, #E8D4A0 0%, #D4AF37 100%); border-radius: 12px; padding: 1.25rem;"[39m
          [36m>[39m
            [36m<div[39m
              [33mstyle[39m=[32m"font-size: 0.75rem; color: rgb(75, 0, 110); font-weight: 600; margin-bottom: 0.5rem; text-transform: uppercase; letter-spacing: 0.05em;"[39m
            [36m>[39m
              [0mAverage Invoice[0m
            [36m</div>[39m
            [36m<div[39m
              [33mstyle[39m=[32m"font-size: 2rem; font-weight: 700; color: rgb(75, 0, 110); line-height: 1;"[39m
            [36m>[39m
              [0m$0.00[0m
            [36m</div>[39m
            [36m<div[39m
              [33mstyle[39m=[32m"font-size: 0.75rem; color: rgb(75, 0, 110); margin-top: 0.5rem;"[39m
            [36m>[39m
              [0mper invoice[0m
            [36m</div>[39m
          [36m</div>[39m
          [36m<div[39m
            [33mstyle[39m=[32m"background: linear-gradient(135deg, #D8E5D8 0%, #A8D5A8 100%); border-radius: 12px; padding: 1.25rem;"[39m
          [36m>[39m
            [36m<div[39m
              [33mstyle[39m=[32m"font-size: 0.75rem; color: rgb(21, 128, 61); font-weight: 600; margin-bottom: 0.5rem; text-transform: uppercase; letter-spacing: 0.05em;"[39m
            [36m>[39m
              [0mTop Vendor[0m
            [36m</div>[39m
            [36m<div[39m
              [33mstyle[39m=[32m"font-size: 2rem; font-weight: 700; color: rgb(22, 101, 52); line-height: 1;"[39m
            [36m>[39m
              [0m$0.00[0m
            [36m</div>[39m
            [36m<div[39m
              [33mstyle[39m=[32m"font-size: 0.75rem; color: rgb(21, 128, 61); margin-top: 0.5rem;"[39m
            [36m>[39m
              [0mNo data[0m
            [36m</div>[39m
          [36m</div>[39m
        [36m</div>[39m
      [36m</div>[39m
      [36m<div[39m
        [33mstyle[39m=[32m"background: rgb(255, 255, 255); border-left: 4px solid rgb(212, 175, 55); border-right: 4px solid rgb(212, 175, 55); border-bottom: 4px solid rgb(212, 175, 55); border-radius: 8px; overflow: visible; box-shadow: 0 2px 8px rgba(184, 134, 11, 0.15); margin-bottom: 2rem;"[39m
      [36m>[39m
        [36m<div[39m
          [33mstyle[39m=[32m"background: rgb(75, 0, 110); color: white; padding: 1rem 1.5rem; font-size: 1.5rem; font-weight: 600;"[39m
        [36m>[39m
          [0mFilters[0m
        [36m</div>[39m
        [36m<div[39m
          [33mstyle[39m=[32m"padding: 1.25rem; display: flex; gap: 1rem; flex-wrap: wrap; align-items: flex-end;"[39m
        [36m>[39m
          [36m<div[39m
            [33mstyle[39m=[32m"display: flex; align-items: center; gap: 0.5rem;"[39m
          [36m>[39m
            [36m<label[39m
              [33mstyle[39m=[32m"font-size: 0.8125rem; font-weight: 600; color: rgb(75, 0, 110); white-space: nowrap;"[39m
            [36m>[39m
              [0mDate:[0m
            [36m</label>[39m
            [36m<select[39m
              [33maria-label[39m=[32m"Select date range preset"[39m
              [33mstyle[39m=[32m"padding: 0.5rem; border: 2px solid rgb(212, 175, 55); border-radius: 6px; font-size: 0.8125rem; background-color: rgb(229, 246, 223); outline: none; min-width: 140px;"[39m
            [36m>[39m
              [36m<option[39m
                [33mvalue[39m=[32m"3mo"[39m
              [36m>[39m
                [0m3 Months[0m
              [36m</option>[39m
              [36m<option[39m
                [33mvalue[39m=[32m"6mo"[39m
              [36m>[39m
                [0m6 Months[0m
              [36m</option>[39m
              [36m<option[39m
                [33mvalue[39m=[32m"12mo"[39m
              [36m>[39m
                [0m12 Months[0m
              [36m</option>[39m
              [36m<option[39m
                [33mvalue[39m=[32m"last-calendar-year"[39m
              [36m>[39m
                [0mLast Year[0m
              [36m</option>[39m
              [36m<option[39m
                [33mvalue[39m=[32m"this-calendar-year"[39m
              [36m>[39m
                [0mThis Year[0m
              [36m</option>[39m
              [36m<option[39m
                [33mvalue[39m=[32m"custom"[39m
              [36m>[39m
                [0mCustom...[0m
              [36m</option>[39m
              [36m<option[39m
                [33mvalue[39m=[32m"all"[39m
              [36m>[39m
                [0mAll Time[0m
              [36m</option>[39m
            [36m</select>[39m
          [36m</div>[39m
          [36m<div[39m
            [33mstyle[39m=[32m"display: flex; align-items: center; gap: 0.5rem;"[39m
          [36m>[39m
            [36m<label[39m
              [33mstyle[39m=[32m"font-size: 0.8125rem; font-weight: 600; color: rgb(75, 0, 110); white-space: nowrap;"[39m
            [36m>[39m
              [0mCategory:[0m
            [36m</label>[39m
            [36m<select[39m
              [33maria-label[39m=[32m"Filter by category"[39m
              [33mstyle[39m=[32m"padding: 0.5rem; border: 2px solid rgb(212, 175, 55); border-radius: 6px; font-size: 0.8125rem; background-color: rgb(229, 246, 223); outline: none; min-width: 140px;"[39m
            [36m>[39m
              [36m<option[39m
                [33mvalue[39m=[32m""[39m
              [36m>[39m
                [0mAll[0m
              [36m</option>[39m
              [36m<option[39m
                [33mvalue[39m=[32m"cat-2"[39m
              [36m>[39m
                [0mBottles[0m
              [36m</option>[39m
              [36m<option[39m
                [33mvalue[39m=[32m"cat-3"[39m
              [36m>[39m
                [0mLabels[0m
              [36m</option>[39m
              [36m<option[39m
                [33mvalue[39m=[32m"cat-1"[39m
              [36m>[39m
                [0mOils[0m
              [36m</option>[39m
            [36m</select>[39m
          [36m</div>[39m
          [36m<div[39m
            [33mstyle[39m=[32m"display: flex; align-items: center; gap: 0.5rem;"[39m
          [36m>[39m
            [36m<label[39m
              [33mstyle[39m=[32m"font-size: 0.8125rem; font-weight: 600; color: rgb(75, 0, 110); white-space: nowrap;"[39m
            [36m>[39m
              [0mVariant:[0m
            [36m</label>[39m
            [36m<select[39m
              [33maria-label[39m=[32m"Filter by variant"[39m
              [33mstyle[39m=[32m"padding: 0.5rem; border: 2px solid rgb(212, 175, 55); border-radius: 6px; font-size: 0.8125rem; background-color: rgb(229, 246, 223); outline: none; min-width: 120px;"[39m
            [36m>[39m
              [36m<option[39m
                [33mvalue[39m=[32m""[39m
              [36m>[39m
                [0mAll[0m
              [36m</option>[39m
              [36m<option[39m
                [33mvalue[39m=[32m"1oz"[39m
              [36m>[39m
                [0m1oz[0m
              [36m</option>[39m
              [36m<option[39m
                [33mvalue[39m=[32m"Bulk"[39m
              [36m>[39m
                [0mBulk[0m
              [36m</option>[39m
            [36m</select>[39m
          [36m</div>[39m
          [36m<div[39m
            [33mstyle[39m=[32m"display: flex; align-items: center; gap: 0.5rem;"[39m
          [36m>[39m
            [36m<label[39m
              [33mstyle[39m=[32m"font-size: 0.8125rem; font-weight: 600; color: rgb(75, 0, 110); white-space: nowrap;"[39m
            [36m>[39m
              [0mVendor:[0m
            [36m</label>[39m
            [36m<input[39m
              [33maria-label[39m=[32m"Filter by vendor"[39m
              [33mlist[39m=[32m"vendor-suggestions"[39m
              [33mplaceholder[39m=[32m"Search..."[39m
              [33mstyle[39m=[32m"padding: 0.5rem; border: 2px solid rgb(212, 175, 55); border-radius: 6px; font-size: 0.8125rem; background-color: rgb(229, 246, 223); outline: none; min-width: 140px;"[39m
              [33mtype[39m=[32m"search"[39m
              [33mvalue[39m=[32m""[39m
            [36m/>[39m
            [36m<datalist[39m
              [33mid[39m=[32m"vendor-suggestions"[39m
            [36m>[39m
              [36m<option[39m
                [33mvalue[39m=[32m"Vendor A"[39m
              [36m/>[39m
              [36m<option[39m
                [33mvalue[39m=[32m"Vendor B"[39m
              [36m/>[39m
            [36m</datalist>[39m
          [36m</div>[39m
          [36m<div[39m
            [33mstyle[39m=[32m"display: flex; align-items: center; gap: 0.5rem;"[39m
          [36m>[39m
            [36m<label[39m
              [33mstyle[39m=[32m"font-size: 0.8125rem; font-weight: 600; color: rgb(75, 0, 110); white-space: nowrap;"[39m
            [36m>[39m
              [0mSort:[0m
            [36m</label>[39m
            [36m<select[39m
              [33maria-label[39m=[32m"Sort invoices"[39m
              [33mstyle[39m=[32m"padding: 0.5rem; border: 2px solid rgb(212, 175, 55); border-radius: 6px; font-size: 0.8125rem; background-color: rgb(229, 246, 223); outline: none; min-width: 100px;"[39m
            [36m>[39m
              [36m<option[39m
                [33mvalue[39m=[32m"date-desc"[39m
              [36m>[39m
                [0mDate ↓[0m
              [36m</option>[39m
              [36m<option[39m
                [33mvalue[39m=[32m"date-asc"[39m
              [36m>[39m
                [0mDate ↑[0m
              [36m</option>[39m
              [36m<option[39m
                [33mvalue[39m=[32m"vendor"[39m
              [36m>[39m
                [0mVendor[0m
              [36m</option>[39m
              [36m<option[39m
                [33mvalue[39m=[32m"total-desc"[39m
              [36m>[39m
                [0mTotal ↓[0m
              [36m</option>[39m
              [36m<option[39m
                [33mvalue[39m=[32m"total-asc"[39m
              [36m>[39m
                [0mTotal ↑[0m
              [36m</option>[39m
            [36m</select>[39m
          [36m</div>[39m
        [36m</div>[39m
      [36m</div>[39m
      [36m<div[39m
        [33mstyle[39m=[32m"background: white; border-radius: 8px; border: 1px solid rgb(229, 231, 235); overflow: hidden;"[39m
      [36m>[39m
        [36m<div[39m
          [33mstyle[39m=[32m"text-align: center; padding: 3rem 2rem; background: rgb(249, 250, 251);"[39m
        [36m>[39m
          [36m<span[39m
            [33mstyle[39m=[32m"font-size: 2.5rem; display: block; margin-bottom: 1rem;"[39m
          [36m>[39m
            [0m🔍[0m
          [36m</span>[39m
          [36m<span[39m
            [33mstyle[39m=[32m"color: rgb(100, 116, 139); font-size: 1.125rem; display: block; margin-bottom: 0.5rem;"[39m
          [36m>[39m
            [0mNo invoices match your filters[0m
          [36m</span>[39m
          [36m<p[39m
            [33mstyle[39m=[32m"margin: 0px 0px 1.5rem 0px; font-size: 0.875rem; color: rgb(148, 163, 184);"[39m
          [36m>[39m
            [0mTry adjusting your date range, vendor, category, or variant filters.[0m
          [36m</p>[39m
          [36m<button[39m
            [33mstyle[39m=[32m"padding: 0.5rem 1rem; background: rgb(75, 0, 110); color: white; border-radius: 6px; font-size: 0.875rem; font-weight: 500; cursor: pointer;"[39m
          [36m>[39m
            [0mClear All Filters[0m
          [36m</button>[39m
        [36m</div>[39m
      [36m</div>[39m
    [36m</div>[39m
  [36m</div>[39m
[36m</body>[39m
 ❯ Object.getElementError node_modules/@testing-library/react/node_modules/@testing-library/dom/dist/config.js:37:19
 ❯ node_modules/@testing-library/react/node_modules/@testing-library/dom/dist/query-helpers.js:76:38
 ❯ node_modules/@testing-library/react/node_modules/@testing-library/dom/dist/query-helpers.js:52:17
 ❯ node_modules/@testing-library/react/node_modules/@testing-library/dom/dist/query-helpers.js:95:19
 ❯ src/pages/cpg/tabs/RawMaterialsTab.test.tsx:324:21
    322|
    323|       // 1000 + 500 + 750 = 2250
    324|       expect(screen.getByText(/\$2,250\.00/)).toBeInTheDocument();
       |                     ^
    325|     });
    326|

⎯⎯⎯⎯⎯⎯⎯⎯⎯⎯⎯⎯⎯⎯⎯⎯⎯⎯⎯⎯[539/824]⎯

 FAIL  src/pages/cpg/tabs/RawMaterialsTab.test.tsx > RawMaterialsTab > Statistics Calculations > calculates average invoice amount
TestingLibraryElementError: Unable to find an element with the text: /average invoice amount/i. This could be because the text is broken up by multiple elements. In this case, you can provide a function for your text matcher to make your matcher more flexible.

Ignored nodes: comments, script, style
[36m<body>[39m
  [36m<div>[39m
    [36m<div[39m
      [33maria-labelledby[39m=[32m"raw-materials-tab"[39m
      [33mid[39m=[32m"raw-materials-panel"[39m
      [33mrole[39m=[32m"tabpanel"[39m
    [36m>[39m
      [36m<div[39m
        [33mstyle[39m=[32m"background: rgb(255, 255, 255); border-left: 4px solid rgb(212, 175, 55); border-right: 4px solid rgb(212, 175, 55); border-bottom: 4px solid rgb(212, 175, 55); border-radius: 8px; overflow: hidden; box-shadow: 0 2px 8px rgba(184, 134, 11, 0.15); margin-bottom: 1.5rem;"[39m
      [36m>[39m
        [36m<div[39m
          [33mstyle[39m=[32m"background: rgb(75, 0, 110); color: white; padding: 1.25rem 1.5rem; font-size: 1.5rem; font-weight: 600; display: flex; justify-content: space-between; align-items: center;"[39m
        [36m>[39m
          [36m<span>[39m
            [0mSummary[0m
          [36m</span>[39m
          [36m<div[39m
            [33mstyle[39m=[32m"position: relative;"[39m
          [36m>[39m
            [36m<button[39m
              [33maria-expanded[39m=[32m"false"[39m
              [33maria-haspopup[39m=[32m"menu"[39m
              [33maria-label[39m=[32m"Export raw materials data"[39m
              [33mstyle[39m=[32m"padding: 0.5rem 1rem; background: rgb(212, 175, 55); border-radius: 6px; color: rgb(26, 26, 26); font-weight: 600; cursor: pointer; font-size: 0.875rem; display: flex; align-items: center; gap: 0.5rem; transition: all 150ms;"[39m
            [36m>[39m
              [36m<span>[39m
                [0m📊[0m
              [36m</span>[39m
              [36m<span>[39m
                [0mExport[0m
              [36m</span>[39m
              [36m<span[39m
                [33maria-hidden[39m=[32m"true"[39m
              [36m>[39m
                [0m▼[0m
              [36m</span>[39m
            [36m</button>[39m
          [36m</div>[39m
        [36m</div>[39m
        [36m<div[39m
          [33mstyle[39m=[32m"padding: 1.5rem; display: grid; grid-template-columns: repeat(3, 1fr); gap: 1.25rem;"[39m
        [36m>[39m
          [36m<div[39m
            [33mstyle[39m=[32m"background: linear-gradient(135deg, #4b006e 0%, #6b21a8 100%); border-radius: 12px; padding: 1.25rem; color: white;"[39m
          [36m>[39m
            [36m<div[39m
              [33mstyle[39m=[32m"font-size: 0.75rem; opacity: 0.9; font-weight: 600; margin-bottom: 0.5rem; text-transform: uppercase; letter-spacing: 0.05em;"[39m
            [36m>[39m
              [0mTotal Spent[0m
            [36m</div>[39m
            [36m<div[39m
              [33mstyle[39m=[32m"font-size: 2rem; font-weight: 700; line-height: 1;"[39m
            [36m>[39m
              [0m$[0m
              [0m0.00[0m
            [36m</div>[39m
            [36m<div[39m
              [33mstyle[39m=[32m"font-size: 0.75rem; opacity: 0.9; margin-top: 0.5rem;"[39m
            [36m>[39m
              [0m0[0m
              [0m [0m
              [0minvoices[0m
            [36m</div>[39m
          [36m</div>[39m
          [36m<div[39m
            [33mstyle[39m=[32m"background: linear-gradient(135deg, #E8D4A0 0%, #D4AF37 100%); border-radius: 12px; padding: 1.25rem;"[39m
          [36m>[39m
            [36m<div[39m
              [33mstyle[39m=[32m"font-size: 0.75rem; color: rgb(75, 0, 110); font-weight: 600; margin-bottom: 0.5rem; text-transform: uppercase; letter-spacing: 0.05em;"[39m
            [36m>[39m
              [0mAverage Invoice[0m
            [36m</div>[39m
            [36m<div[39m
              [33mstyle[39m=[32m"font-size: 2rem; font-weight: 700; color: rgb(75, 0, 110); line-height: 1;"[39m
            [36m>[39m
              [0m$0.00[0m
            [36m</div>[39m
            [36m<div[39m
              [33mstyle[39m=[32m"font-size: 0.75rem; color: rgb(75, 0, 110); margin-top: 0.5rem;"[39m
            [36m>[39m
              [0mper invoice[0m
            [36m</div>[39m
          [36m</div>[39m
          [36m<div[39m
            [33mstyle[39m=[32m"background: linear-gradient(135deg, #D8E5D8 0%, #A8D5A8 100%); border-radius: 12px; padding: 1.25rem;"[39m
          [36m>[39m
            [36m<div[39m
              [33mstyle[39m=[32m"font-size: 0.75rem; color: rgb(21, 128, 61); font-weight: 600; margin-bottom: 0.5rem; text-transform: uppercase; letter-spacing: 0.05em;"[39m
            [36m>[39m
              [0mTop Vendor[0m
            [36m</div>[39m
            [36m<div[39m
              [33mstyle[39m=[32m"font-size: 2rem; font-weight: 700; color: rgb(22, 101, 52); line-height: 1;"[39m
            [36m>[39m
              [0m$0.00[0m
            [36m</div>[39m
            [36m<div[39m
              [33mstyle[39m=[32m"font-size: 0.75rem; color: rgb(21, 128, 61); margin-top: 0.5rem;"[39m
            [36m>[39m
              [0mNo data[0m
            [36m</div>[39m
          [36m</div>[39m
        [36m</div>[39m
      [36m</div>[39m
      [36m<div[39m
        [33mstyle[39m=[32m"background: rgb(255, 255, 255); border-left: 4px solid rgb(212, 175, 55); border-right: 4px solid rgb(212, 175, 55); border-bottom: 4px solid rgb(212, 175, 55); border-radius: 8px; overflow: visible; box-shadow: 0 2px 8px rgba(184, 134, 11, 0.15); margin-bottom: 2rem;"[39m
      [36m>[39m
        [36m<div[39m
          [33mstyle[39m=[32m"background: rgb(75, 0, 110); color: white; padding: 1rem 1.5rem; font-size: 1.5rem; font-weight: 600;"[39m
        [36m>[39m
          [0mFilters[0m
        [36m</div>[39m
        [36m<div[39m
          [33mstyle[39m=[32m"padding: 1.25rem; display: flex; gap: 1rem; flex-wrap: wrap; align-items: flex-end;"[39m
        [36m>[39m
          [36m<div[39m
            [33mstyle[39m=[32m"display: flex; align-items: center; gap: 0.5rem;"[39m
          [36m>[39m
            [36m<label[39m
              [33mstyle[39m=[32m"font-size: 0.8125rem; font-weight: 600; color: rgb(75, 0, 110); white-space: nowrap;"[39m
            [36m>[39m
              [0mDate:[0m
            [36m</label>[39m
            [36m<select[39m
              [33maria-label[39m=[32m"Select date range preset"[39m
              [33mstyle[39m=[32m"padding: 0.5rem; border: 2px solid rgb(212, 175, 55); border-radius: 6px; font-size: 0.8125rem; background-color: rgb(229, 246, 223); outline: none; min-width: 140px;"[39m
            [36m>[39m
              [36m<option[39m
                [33mvalue[39m=[32m"3mo"[39m
              [36m>[39m
                [0m3 Months[0m
              [36m</option>[39m
              [36m<option[39m
                [33mvalue[39m=[32m"6mo"[39m
              [36m>[39m
                [0m6 Months[0m
              [36m</option>[39m
              [36m<option[39m
                [33mvalue[39m=[32m"12mo"[39m
              [36m>[39m
                [0m12 Months[0m
              [36m</option>[39m
              [36m<option[39m
                [33mvalue[39m=[32m"last-calendar-year"[39m
              [36m>[39m
                [0mLast Year[0m
              [36m</option>[39m
              [36m<option[39m
                [33mvalue[39m=[32m"this-calendar-year"[39m
              [36m>[39m
                [0mThis Year[0m
              [36m</option>[39m
              [36m<option[39m
                [33mvalue[39m=[32m"custom"[39m
              [36m>[39m
                [0mCustom...[0m
              [36m</option>[39m
              [36m<option[39m
                [33mvalue[39m=[32m"all"[39m
              [36m>[39m
                [0mAll Time[0m
              [36m</option>[39m
            [36m</select>[39m
          [36m</div>[39m
          [36m<div[39m
            [33mstyle[39m=[32m"display: flex; align-items: center; gap: 0.5rem;"[39m
          [36m>[39m
            [36m<label[39m
              [33mstyle[39m=[32m"font-size: 0.8125rem; font-weight: 600; color: rgb(75, 0, 110); white-space: nowrap;"[39m
            [36m>[39m
              [0mCategory:[0m
            [36m</label>[39m
            [36m<select[39m
              [33maria-label[39m=[32m"Filter by category"[39m
              [33mstyle[39m=[32m"padding: 0.5rem; border: 2px solid rgb(212, 175, 55); border-radius: 6px; font-size: 0.8125rem; background-color: rgb(229, 246, 223); outline: none; min-width: 140px;"[39m
            [36m>[39m
              [36m<option[39m
                [33mvalue[39m=[32m""[39m
              [36m>[39m
                [0mAll[0m
              [36m</option>[39m
              [36m<option[39m
                [33mvalue[39m=[32m"cat-2"[39m
              [36m>[39m
                [0mBottles[0m
              [36m</option>[39m
              [36m<option[39m
                [33mvalue[39m=[32m"cat-3"[39m
              [36m>[39m
                [0mLabels[0m
              [36m</option>[39m
              [36m<option[39m
                [33mvalue[39m=[32m"cat-1"[39m
              [36m>[39m
                [0mOils[0m
              [36m</option>[39m
            [36m</select>[39m
          [36m</div>[39m
          [36m<div[39m
            [33mstyle[39m=[32m"display: flex; align-items: center; gap: 0.5rem;"[39m
          [36m>[39m
            [36m<label[39m
              [33mstyle[39m=[32m"font-size: 0.8125rem; font-weight: 600; color: rgb(75, 0, 110); white-space: nowrap;"[39m
            [36m>[39m
              [0mVariant:[0m
            [36m</label>[39m
            [36m<select[39m
              [33maria-label[39m=[32m"Filter by variant"[39m
              [33mstyle[39m=[32m"padding: 0.5rem; border: 2px solid rgb(212, 175, 55); border-radius: 6px; font-size: 0.8125rem; background-color: rgb(229, 246, 223); outline: none; min-width: 120px;"[39m
            [36m>[39m
              [36m<option[39m
                [33mvalue[39m=[32m""[39m
              [36m>[39m
                [0mAll[0m
              [36m</option>[39m
              [36m<option[39m
                [33mvalue[39m=[32m"1oz"[39m
              [36m>[39m
                [0m1oz[0m
              [36m</option>[39m
              [36m<option[39m
                [33mvalue[39m=[32m"Bulk"[39m
              [36m>[39m
                [0mBulk[0m
              [36m</option>[39m
            [36m</select>[39m
          [36m</div>[39m
          [36m<div[39m
            [33mstyle[39m=[32m"display: flex; align-items: center; gap: 0.5rem;"[39m
          [36m>[39m
            [36m<label[39m
              [33mstyle[39m=[32m"font-size: 0.8125rem; font-weight: 600; color: rgb(75, 0, 110); white-space: nowrap;"[39m
            [36m>[39m
              [0mVendor:[0m
            [36m</label>[39m
            [36m<input[39m
              [33maria-label[39m=[32m"Filter by vendor"[39m
              [33mlist[39m=[32m"vendor-suggestions"[39m
              [33mplaceholder[39m=[32m"Search..."[39m
              [33mstyle[39m=[32m"padding: 0.5rem; border: 2px solid rgb(212, 175, 55); border-radius: 6px; font-size: 0.8125rem; background-color: rgb(229, 246, 223); outline: none; min-width: 140px;"[39m
              [33mtype[39m=[32m"search"[39m
              [33mvalue[39m=[32m""[39m
            [36m/>[39m
            [36m<datalist[39m
              [33mid[39m=[32m"vendor-suggestions"[39m
            [36m>[39m
              [36m<option[39m
                [33mvalue[39m=[32m"Vendor A"[39m
              [36m/>[39m
              [36m<option[39m
                [33mvalue[39m=[32m"Vendor B"[39m
              [36m/>[39m
            [36m</datalist>[39m
          [36m</div>[39m
          [36m<div[39m
            [33mstyle[39m=[32m"display: flex; align-items: center; gap: 0.5rem;"[39m
          [36m>[39m
            [36m<label[39m
              [33mstyle[39m=[32m"font-size: 0.8125rem; font-weight: 600; color: rgb(75, 0, 110); white-space: nowrap;"[39m
            [36m>[39m
              [0mSort:[0m
            [36m</label>[39m
            [36m<select[39m
              [33maria-label[39m=[32m"Sort invoices"[39m
              [33mstyle[39m=[32m"padding: 0.5rem; border: 2px solid rgb(212, 175, 55); border-radius: 6px; font-size: 0.8125rem; background-color: rgb(229, 246, 223); outline: none; min-width: 100px;"[39m
            [36m>[39m
              [36m<option[39m
                [33mvalue[39m=[32m"date-desc"[39m
              [36m>[39m
                [0mDate ↓[0m
              [36m</option>[39m
              [36m<option[39m
                [33mvalue[39m=[32m"date-asc"[39m
              [36m>[39m
                [0mDate ↑[0m
              [36m</option>[39m
              [36m<option[39m
                [33mvalue[39m=[32m"vendor"[39m
              [36m>[39m
                [0mVendor[0m
              [36m</option>[39m
              [36m<option[39m
                [33mvalue[39m=[32m"total-desc"[39m
              [36m>[39m
                [0mTotal ↓[0m
              [36m</option>[39m
              [36m<option[39m
                [33mvalue[39m=[32m"total-asc"[39m
              [36m>[39m
                [0mTotal ↑[0m
              [36m</option>[39m
            [36m</select>[39m
          [36m</div>[39m
        [36m</div>[39m
      [36m</div>[39m
      [36m<div[39m
        [33mstyle[39m=[32m"background: white; border-radius: 8px; border: 1px solid rgb(229, 231, 235); overflow: hidden;"[39m
      [36m>[39m
        [36m<div[39m
          [33mstyle[39m=[32m"text-align: center; padding: 3rem 2rem; background: rgb(249, 250, 251);"[39m
        [36m>[39m
          [36m<span[39m
            [33mstyle[39m=[32m"font-size: 2.5rem; display: block; margin-bottom: 1rem;"[39m
          [36m>[39m
            [0m🔍[0m
          [36m</span>[39m
          [36m<span[39m
            [33mstyle[39m=[32m"color: rgb(100, 116, 139); font-size: 1.125rem; display: block; margin-bottom: 0.5rem;"[39m
          [36m>[39m
            [0mNo invoices match your filters[0m
          [36m</span>[39m
          [36m<p[39m
            [33mstyle[39m=[32m"margin: 0px 0px 1.5rem 0px; font-size: 0.875rem; color: rgb(148, 163, 184);"[39m
          [36m>[39m
            [0mTry adjusting your date range, vendor, category, or variant filters.[0m
          [36m</p>[39m
          [36m<button[39m
            [33mstyle[39m=[32m"padding: 0.5rem 1rem; background: rgb(75, 0, 110); color: white; border-radius: 6px; font-size: 0.875rem; font-weight: 500; cursor: pointer;"[39m
          [36m>[39m
            [0mClear All Filters[0m
          [36m</button>[39m
        [36m</div>[39m
      [36m</div>[39m
    [36m</div>[39m
  [36m</div>[39m
[36m</body>[39m
 ❯ Object.getElementError node_modules/@testing-library/react/node_modules/@testing-library/dom/dist/config.js:37:19
 ❯ node_modules/@testing-library/react/node_modules/@testing-library/dom/dist/query-helpers.js:76:38
 ❯ node_modules/@testing-library/react/node_modules/@testing-library/dom/dist/query-helpers.js:52:17
 ❯ node_modules/@testing-library/react/node_modules/@testing-library/dom/dist/query-helpers.js:95:19
 ❯ src/pages/cpg/tabs/RawMaterialsTab.test.tsx:331:21
    329|
    330|       // 2250 / 3 = 750
    331|       expect(screen.getByText(/average invoice amount/i)).toBeInTheDoc…
       |                     ^
    332|       expect(screen.getByText(/\$750\.00/)).toBeInTheDocument();
    333|     });

⎯⎯⎯⎯⎯⎯⎯⎯⎯⎯⎯⎯⎯⎯⎯⎯⎯⎯⎯⎯[540/824]⎯

 FAIL  src/pages/cpg/tabs/RawMaterialsTab.test.tsx > RawMaterialsTab > Statistics Calculations > shows invoice count
TestingLibraryElementError: Unable to find an element with the text: /3 invoices/i. This could be because the text is broken up by multiple elements. In this case, you can provide a function for your text matcher to make your matcher more flexible.

Ignored nodes: comments, script, style
[36m<body>[39m
  [36m<div>[39m
    [36m<div[39m
      [33maria-labelledby[39m=[32m"raw-materials-tab"[39m
      [33mid[39m=[32m"raw-materials-panel"[39m
      [33mrole[39m=[32m"tabpanel"[39m
    [36m>[39m
      [36m<div[39m
        [33mstyle[39m=[32m"background: rgb(255, 255, 255); border-left: 4px solid rgb(212, 175, 55); border-right: 4px solid rgb(212, 175, 55); border-bottom: 4px solid rgb(212, 175, 55); border-radius: 8px; overflow: hidden; box-shadow: 0 2px 8px rgba(184, 134, 11, 0.15); margin-bottom: 1.5rem;"[39m
      [36m>[39m
        [36m<div[39m
          [33mstyle[39m=[32m"background: rgb(75, 0, 110); color: white; padding: 1.25rem 1.5rem; font-size: 1.5rem; font-weight: 600; display: flex; justify-content: space-between; align-items: center;"[39m
        [36m>[39m
          [36m<span>[39m
            [0mSummary[0m
          [36m</span>[39m
          [36m<div[39m
            [33mstyle[39m=[32m"position: relative;"[39m
          [36m>[39m
            [36m<button[39m
              [33maria-expanded[39m=[32m"false"[39m
              [33maria-haspopup[39m=[32m"menu"[39m
              [33maria-label[39m=[32m"Export raw materials data"[39m
              [33mstyle[39m=[32m"padding: 0.5rem 1rem; background: rgb(212, 175, 55); border-radius: 6px; color: rgb(26, 26, 26); font-weight: 600; cursor: pointer; font-size: 0.875rem; display: flex; align-items: center; gap: 0.5rem; transition: all 150ms;"[39m
            [36m>[39m
              [36m<span>[39m
                [0m📊[0m
              [36m</span>[39m
              [36m<span>[39m
                [0mExport[0m
              [36m</span>[39m
              [36m<span[39m
                [33maria-hidden[39m=[32m"true"[39m
              [36m>[39m
                [0m▼[0m
              [36m</span>[39m
            [36m</button>[39m
          [36m</div>[39m
        [36m</div>[39m
        [36m<div[39m
          [33mstyle[39m=[32m"padding: 1.5rem; display: grid; grid-template-columns: repeat(3, 1fr); gap: 1.25rem;"[39m
        [36m>[39m
          [36m<div[39m
            [33mstyle[39m=[32m"background: linear-gradient(135deg, #4b006e 0%, #6b21a8 100%); border-radius: 12px; padding: 1.25rem; color: white;"[39m
          [36m>[39m
            [36m<div[39m
              [33mstyle[39m=[32m"font-size: 0.75rem; opacity: 0.9; font-weight: 600; margin-bottom: 0.5rem; text-transform: uppercase; letter-spacing: 0.05em;"[39m
            [36m>[39m
              [0mTotal Spent[0m
            [36m</div>[39m
            [36m<div[39m
              [33mstyle[39m=[32m"font-size: 2rem; font-weight: 700; line-height: 1;"[39m
            [36m>[39m
              [0m$[0m
              [0m0.00[0m
            [36m</div>[39m
            [36m<div[39m
              [33mstyle[39m=[32m"font-size: 0.75rem; opacity: 0.9; margin-top: 0.5rem;"[39m
            [36m>[39m
              [0m0[0m
              [0m [0m
              [0minvoices[0m
            [36m</div>[39m
          [36m</div>[39m
          [36m<div[39m
            [33mstyle[39m=[32m"background: linear-gradient(135deg, #E8D4A0 0%, #D4AF37 100%); border-radius: 12px; padding: 1.25rem;"[39m
          [36m>[39m
            [36m<div[39m
              [33mstyle[39m=[32m"font-size: 0.75rem; color: rgb(75, 0, 110); font-weight: 600; margin-bottom: 0.5rem; text-transform: uppercase; letter-spacing: 0.05em;"[39m
            [36m>[39m
              [0mAverage Invoice[0m
            [36m</div>[39m
            [36m<div[39m
              [33mstyle[39m=[32m"font-size: 2rem; font-weight: 700; color: rgb(75, 0, 110); line-height: 1;"[39m
            [36m>[39m
              [0m$0.00[0m
            [36m</div>[39m
            [36m<div[39m
              [33mstyle[39m=[32m"font-size: 0.75rem; color: rgb(75, 0, 110); margin-top: 0.5rem;"[39m
            [36m>[39m
              [0mper invoice[0m
            [36m</div>[39m
          [36m</div>[39m
          [36m<div[39m
            [33mstyle[39m=[32m"background: linear-gradient(135deg, #D8E5D8 0%, #A8D5A8 100%); border-radius: 12px; padding: 1.25rem;"[39m
          [36m>[39m
            [36m<div[39m
              [33mstyle[39m=[32m"font-size: 0.75rem; color: rgb(21, 128, 61); font-weight: 600; margin-bottom: 0.5rem; text-transform: uppercase; letter-spacing: 0.05em;"[39m
            [36m>[39m
              [0mTop Vendor[0m
            [36m</div>[39m
            [36m<div[39m
              [33mstyle[39m=[32m"font-size: 2rem; font-weight: 700; color: rgb(22, 101, 52); line-height: 1;"[39m
            [36m>[39m
              [0m$0.00[0m
            [36m</div>[39m
            [36m<div[39m
              [33mstyle[39m=[32m"font-size: 0.75rem; color: rgb(21, 128, 61); margin-top: 0.5rem;"[39m
            [36m>[39m
              [0mNo data[0m
            [36m</div>[39m
          [36m</div>[39m
        [36m</div>[39m
      [36m</div>[39m
      [36m<div[39m
        [33mstyle[39m=[32m"background: rgb(255, 255, 255); border-left: 4px solid rgb(212, 175, 55); border-right: 4px solid rgb(212, 175, 55); border-bottom: 4px solid rgb(212, 175, 55); border-radius: 8px; overflow: visible; box-shadow: 0 2px 8px rgba(184, 134, 11, 0.15); margin-bottom: 2rem;"[39m
      [36m>[39m
        [36m<div[39m
          [33mstyle[39m=[32m"background: rgb(75, 0, 110); color: white; padding: 1rem 1.5rem; font-size: 1.5rem; font-weight: 600;"[39m
        [36m>[39m
          [0mFilters[0m
        [36m</div>[39m
        [36m<div[39m
          [33mstyle[39m=[32m"padding: 1.25rem; display: flex; gap: 1rem; flex-wrap: wrap; align-items: flex-end;"[39m
        [36m>[39m
          [36m<div[39m
            [33mstyle[39m=[32m"display: flex; align-items: center; gap: 0.5rem;"[39m
          [36m>[39m
            [36m<label[39m
              [33mstyle[39m=[32m"font-size: 0.8125rem; font-weight: 600; color: rgb(75, 0, 110); white-space: nowrap;"[39m
            [36m>[39m
              [0mDate:[0m
            [36m</label>[39m
            [36m<select[39m
              [33maria-label[39m=[32m"Select date range preset"[39m
              [33mstyle[39m=[32m"padding: 0.5rem; border: 2px solid rgb(212, 175, 55); border-radius: 6px; font-size: 0.8125rem; background-color: rgb(229, 246, 223); outline: none; min-width: 140px;"[39m
            [36m>[39m
              [36m<option[39m
                [33mvalue[39m=[32m"3mo"[39m
              [36m>[39m
                [0m3 Months[0m
              [36m</option>[39m
              [36m<option[39m
                [33mvalue[39m=[32m"6mo"[39m
              [36m>[39m
                [0m6 Months[0m
              [36m</option>[39m
              [36m<option[39m
                [33mvalue[39m=[32m"12mo"[39m
              [36m>[39m
                [0m12 Months[0m
              [36m</option>[39m
              [36m<option[39m
                [33mvalue[39m=[32m"last-calendar-year"[39m
              [36m>[39m
                [0mLast Year[0m
              [36m</option>[39m
              [36m<option[39m
                [33mvalue[39m=[32m"this-calendar-year"[39m
              [36m>[39m
                [0mThis Year[0m
              [36m</option>[39m
              [36m<option[39m
                [33mvalue[39m=[32m"custom"[39m
              [36m>[39m
                [0mCustom...[0m
              [36m</option>[39m
              [36m<option[39m
                [33mvalue[39m=[32m"all"[39m
              [36m>[39m
                [0mAll Time[0m
              [36m</option>[39m
            [36m</select>[39m
          [36m</div>[39m
          [36m<div[39m
            [33mstyle[39m=[32m"display: flex; align-items: center; gap: 0.5rem;"[39m
          [36m>[39m
            [36m<label[39m
              [33mstyle[39m=[32m"font-size: 0.8125rem; font-weight: 600; color: rgb(75, 0, 110); white-space: nowrap;"[39m
            [36m>[39m
              [0mCategory:[0m
            [36m</label>[39m
            [36m<select[39m
              [33maria-label[39m=[32m"Filter by category"[39m
              [33mstyle[39m=[32m"padding: 0.5rem; border: 2px solid rgb(212, 175, 55); border-radius: 6px; font-size: 0.8125rem; background-color: rgb(229, 246, 223); outline: none; min-width: 140px;"[39m
            [36m>[39m
              [36m<option[39m
                [33mvalue[39m=[32m""[39m
              [36m>[39m
                [0mAll[0m
              [36m</option>[39m
              [36m<option[39m
                [33mvalue[39m=[32m"cat-2"[39m
              [36m>[39m
                [0mBottles[0m
              [36m</option>[39m
              [36m<option[39m
                [33mvalue[39m=[32m"cat-3"[39m
              [36m>[39m
                [0mLabels[0m
              [36m</option>[39m
              [36m<option[39m
                [33mvalue[39m=[32m"cat-1"[39m
              [36m>[39m
                [0mOils[0m
              [36m</option>[39m
            [36m</select>[39m
          [36m</div>[39m
          [36m<div[39m
            [33mstyle[39m=[32m"display: flex; align-items: center; gap: 0.5rem;"[39m
          [36m>[39m
            [36m<label[39m
              [33mstyle[39m=[32m"font-size: 0.8125rem; font-weight: 600; color: rgb(75, 0, 110); white-space: nowrap;"[39m
            [36m>[39m
              [0mVariant:[0m
            [36m</label>[39m
            [36m<select[39m
              [33maria-label[39m=[32m"Filter by variant"[39m
              [33mstyle[39m=[32m"padding: 0.5rem; border: 2px solid rgb(212, 175, 55); border-radius: 6px; font-size: 0.8125rem; background-color: rgb(229, 246, 223); outline: none; min-width: 120px;"[39m
            [36m>[39m
              [36m<option[39m
                [33mvalue[39m=[32m""[39m
              [36m>[39m
                [0mAll[0m
              [36m</option>[39m
              [36m<option[39m
                [33mvalue[39m=[32m"1oz"[39m
              [36m>[39m
                [0m1oz[0m
              [36m</option>[39m
              [36m<option[39m
                [33mvalue[39m=[32m"Bulk"[39m
              [36m>[39m
                [0mBulk[0m
              [36m</option>[39m
            [36m</select>[39m
          [36m</div>[39m
          [36m<div[39m
            [33mstyle[39m=[32m"display: flex; align-items: center; gap: 0.5rem;"[39m
          [36m>[39m
            [36m<label[39m
              [33mstyle[39m=[32m"font-size: 0.8125rem; font-weight: 600; color: rgb(75, 0, 110); white-space: nowrap;"[39m
            [36m>[39m
              [0mVendor:[0m
            [36m</label>[39m
            [36m<input[39m
              [33maria-label[39m=[32m"Filter by vendor"[39m
              [33mlist[39m=[32m"vendor-suggestions"[39m
              [33mplaceholder[39m=[32m"Search..."[39m
              [33mstyle[39m=[32m"padding: 0.5rem; border: 2px solid rgb(212, 175, 55); border-radius: 6px; font-size: 0.8125rem; background-color: rgb(229, 246, 223); outline: none; min-width: 140px;"[39m
              [33mtype[39m=[32m"search"[39m
              [33mvalue[39m=[32m""[39m
            [36m/>[39m
            [36m<datalist[39m
              [33mid[39m=[32m"vendor-suggestions"[39m
            [36m>[39m
              [36m<option[39m
                [33mvalue[39m=[32m"Vendor A"[39m
              [36m/>[39m
              [36m<option[39m
                [33mvalue[39m=[32m"Vendor B"[39m
              [36m/>[39m
            [36m</datalist>[39m
          [36m</div>[39m
          [36m<div[39m
            [33mstyle[39m=[32m"display: flex; align-items: center; gap: 0.5rem;"[39m
          [36m>[39m
            [36m<label[39m
              [33mstyle[39m=[32m"font-size: 0.8125rem; font-weight: 600; color: rgb(75, 0, 110); white-space: nowrap;"[39m
            [36m>[39m
              [0mSort:[0m
            [36m</label>[39m
            [36m<select[39m
              [33maria-label[39m=[32m"Sort invoices"[39m
              [33mstyle[39m=[32m"padding: 0.5rem; border: 2px solid rgb(212, 175, 55); border-radius: 6px; font-size: 0.8125rem; background-color: rgb(229, 246, 223); outline: none; min-width: 100px;"[39m
            [36m>[39m
              [36m<option[39m
                [33mvalue[39m=[32m"date-desc"[39m
              [36m>[39m
                [0mDate ↓[0m
              [36m</option>[39m
              [36m<option[39m
                [33mvalue[39m=[32m"date-asc"[39m
              [36m>[39m
                [0mDate ↑[0m
              [36m</option>[39m
              [36m<option[39m
                [33mvalue[39m=[32m"vendor"[39m
              [36m>[39m
                [0mVendor[0m
              [36m</option>[39m
              [36m<option[39m
                [33mvalue[39m=[32m"total-desc"[39m
              [36m>[39m
                [0mTotal ↓[0m
              [36m</option>[39m
              [36m<option[39m
                [33mvalue[39m=[32m"total-asc"[39m
              [36m>[39m
                [0mTotal ↑[0m
              [36m</option>[39m
            [36m</select>[39m
          [36m</div>[39m
        [36m</div>[39m
      [36m</div>[39m
      [36m<div[39m
        [33mstyle[39m=[32m"background: white; border-radius: 8px; border: 1px solid rgb(229, 231, 235); overflow: hidden;"[39m
      [36m>[39m
        [36m<div[39m
          [33mstyle[39m=[32m"text-align: center; padding: 3rem 2rem; background: rgb(249, 250, 251);"[39m
        [36m>[39m
          [36m<span[39m
            [33mstyle[39m=[32m"font-size: 2.5rem; display: block; margin-bottom: 1rem;"[39m
          [36m>[39m
            [0m🔍[0m
          [36m</span>[39m
          [36m<span[39m
            [33mstyle[39m=[32m"color: rgb(100, 116, 139); font-size: 1.125rem; display: block; margin-bottom: 0.5rem;"[39m
          [36m>[39m
            [0mNo invoices match your filters[0m
          [36m</span>[39m
          [36m<p[39m
            [33mstyle[39m=[32m"margin: 0px 0px 1.5rem 0px; font-size: 0.875rem; color: rgb(148, 163, 184);"[39m
          [36m>[39m
            [0mTry adjusting your date range, vendor, category, or variant filters.[0m
          [36m</p>[39m
          [36m<button[39m
            [33mstyle[39m=[32m"padding: 0.5rem 1rem; background: rgb(75, 0, 110); color: white; border-radius: 6px; font-size: 0.875rem; font-weight: 500; cursor: pointer;"[39m
          [36m>[39m
            [0mClear All Filters[0m
          [36m</button>[39m
        [36m</div>[39m
      [36m</div>[39m
    [36m</div>[39m
  [36m</div>[39m
[36m</body>[39m
 ❯ Object.getElementError node_modules/@testing-library/react/node_modules/@testing-library/dom/dist/config.js:37:19
 ❯ node_modules/@testing-library/react/node_modules/@testing-library/dom/dist/query-helpers.js:76:38
 ❯ node_modules/@testing-library/react/node_modules/@testing-library/dom/dist/query-helpers.js:52:17
 ❯ node_modules/@testing-library/react/node_modules/@testing-library/dom/dist/query-helpers.js:95:19
 ❯ src/pages/cpg/tabs/RawMaterialsTab.test.tsx:338:21
    336|       render(<RawMaterialsTab {...defaultProps} />);
    337|
    338|       expect(screen.getByText(/3 invoices/i)).toBeInTheDocument();
       |                     ^
    339|     });
    340|   });

⎯⎯⎯⎯⎯⎯⎯⎯⎯⎯⎯⎯⎯⎯⎯⎯⎯⎯⎯⎯[541/824]⎯

 FAIL  src/pages/cpg/tabs/RawMaterialsTab.test.tsx > RawMaterialsTab > Action Callbacks > calls onViewInvoice when view button clicked
TestingLibraryElementError: Unable to find an accessible element with the role "button" and name `/view invoice/i`

Here are the accessible roles:

  tabpanel:

  Name "":
  [36m<div[39m
    [33maria-labelledby[39m=[32m"raw-materials-tab"[39m
    [33mid[39m=[32m"raw-materials-panel"[39m
    [33mrole[39m=[32m"tabpanel"[39m
  [36m/>[39m

  --------------------------------------------------
  button:

  Name "Export raw materials data":
  [36m<button[39m
    [33maria-expanded[39m=[32m"false"[39m
    [33maria-haspopup[39m=[32m"menu"[39m
    [33maria-label[39m=[32m"Export raw materials data"[39m
    [33mstyle[39m=[32m"padding: 0.5rem 1rem; background: rgb(212, 175, 55); border-radius: 6px; color: rgb(26, 26, 26); font-weight: 600; cursor: pointer; font-size: 0.875rem; display: flex; align-items: center; gap: 0.5rem; transition: all 150ms;"[39m
  [36m/>[39m

  Name "Clear All Filters":
  [36m<button[39m
    [33mstyle[39m=[32m"padding: 0.5rem 1rem; background: rgb(75, 0, 110); color: white; border-radius: 6px; font-size: 0.875rem; font-weight: 500; cursor: pointer;"[39m
  [36m/>[39m

  --------------------------------------------------
  combobox:

  Name "Select date range preset":
  [36m<select[39m
    [33maria-label[39m=[32m"Select date range preset"[39m
    [33mstyle[39m=[32m"padding: 0.5rem; border: 2px solid rgb(212, 175, 55); border-radius: 6px; font-size: 0.8125rem; background-color: rgb(229, 246, 223); outline: none; min-width: 140px;"[39m
  [36m/>[39m

  Name "Filter by category":
  [36m<select[39m
    [33maria-label[39m=[32m"Filter by category"[39m
    [33mstyle[39m=[32m"padding: 0.5rem; border: 2px solid rgb(212, 175, 55); border-radius: 6px; font-size: 0.8125rem; background-color: rgb(229, 246, 223); outline: none; min-width: 140px;"[39m
  [36m/>[39m

  Name "Filter by variant":
  [36m<select[39m
    [33maria-label[39m=[32m"Filter by variant"[39m
    [33mstyle[39m=[32m"padding: 0.5rem; border: 2px solid rgb(212, 175, 55); border-radius: 6px; font-size: 0.8125rem; background-color: rgb(229, 246, 223); outline: none; min-width: 120px;"[39m
  [36m/>[39m

  Name "Filter by vendor":
  [36m<input[39m
    [33maria-label[39m=[32m"Filter by vendor"[39m
    [33mlist[39m=[32m"vendor-suggestions"[39m
    [33mplaceholder[39m=[32m"Search..."[39m
    [33mstyle[39m=[32m"padding: 0.5rem; border: 2px solid rgb(212, 175, 55); border-radius: 6px; font-size: 0.8125rem; background-color: rgb(229, 246, 223); outline: none; min-width: 140px;"[39m
    [33mtype[39m=[32m"search"[39m
    [33mvalue[39m=[32m""[39m
  [36m/>[39m

  Name "Sort invoices":
  [36m<select[39m
    [33maria-label[39m=[32m"Sort invoices"[39m
    [33mstyle[39m=[32m"padding: 0.5rem; border: 2px solid rgb(212, 175, 55); border-radius: 6px; font-size: 0.8125rem; background-color: rgb(229, 246, 223); outline: none; min-width: 100px;"[39m
  [36m/>[39m

  --------------------------------------------------
  option:

  Name "3 Months":
  [36m<option[39m
    [33mvalue[39m=[32m"3mo"[39m
  [36m/>[39m

  Name "6 Months":
  [36m<option[39m
    [33mvalue[39m=[32m"6mo"[39m
  [36m/>[39m

  Name "12 Months":
  [36m<option[39m
    [33mvalue[39m=[32m"12mo"[39m
  [36m/>[39m

  Name "Last Year":
  [36m<option[39m
    [33mvalue[39m=[32m"last-calendar-year"[39m
  [36m/>[39m

  Name "This Year":
  [36m<option[39m
    [33mvalue[39m=[32m"this-calendar-year"[39m
  [36m/>[39m

  Name "Custom...":
  [36m<option[39m
    [33mvalue[39m=[32m"custom"[39m
  [36m/>[39m

  Name "All Time":
  [36m<option[39m
    [33mvalue[39m=[32m"all"[39m
  [36m/>[39m

  Name "All":
  [36m<option[39m
    [33mvalue[39m=[32m""[39m
  [36m/>[39m

  Name "Bottles":
  [36m<option[39m
    [33mvalue[39m=[32m"cat-2"[39m
  [36m/>[39m

  Name "Labels":
  [36m<option[39m
    [33mvalue[39m=[32m"cat-3"[39m
  [36m/>[39m

  Name "Oils":
  [36m<option[39m
    [33mvalue[39m=[32m"cat-1"[39m
  [36m/>[39m

  Name "All":
  [36m<option[39m
    [33mvalue[39m=[32m""[39m
  [36m/>[39m

  Name "1oz":
  [36m<option[39m
    [33mvalue[39m=[32m"1oz"[39m
  [36m/>[39m

  Name "Bulk":
  [36m<option[39m
    [33mvalue[39m=[32m"Bulk"[39m
  [36m/>[39m

  Name "Date ↓":
  [36m<option[39m
    [33mvalue[39m=[32m"date-desc"[39m
  [36m/>[39m

  Name "Date ↑":
  [36m<option[39m
    [33mvalue[39m=[32m"date-asc"[39m
  [36m/>[39m

  Name "Vendor":
  [36m<option[39m
    [33mvalue[39m=[32m"vendor"[39m
  [36m/>[39m

  Name "Total ↓":
  [36m<option[39m
    [33mvalue[39m=[32m"total-desc"[39m
  [36m/>[39m

  Name "Total ↑":
  [36m<option[39m
    [33mvalue[39m=[32m"total-asc"[39m
  [36m/>[39m

  --------------------------------------------------

Ignored nodes: comments, script, style
[36m<body>[39m
  [36m<div>[39m
    [36m<div[39m
      [33maria-labelledby[39m=[32m"raw-materials-tab"[39m
      [33mid[39m=[32m"raw-materials-panel"[39m
      [33mrole[39m=[32m"tabpanel"[39m
    [36m>[39m
      [36m<div[39m
        [33mstyle[39m=[32m"background: rgb(255, 255, 255); border-left: 4px solid rgb(212, 175, 55); border-right: 4px solid rgb(212, 175, 55); border-bottom: 4px solid rgb(212, 175, 55); border-radius: 8px; overflow: hidden; box-shadow: 0 2px 8px rgba(184, 134, 11, 0.15); margin-bottom: 1.5rem;"[39m
      [36m>[39m
        [36m<div[39m
          [33mstyle[39m=[32m"background: rgb(75, 0, 110); color: white; padding: 1.25rem 1.5rem; font-size: 1.5rem; font-weight: 600; display: flex; justify-content: space-between; align-items: center;"[39m
        [36m>[39m
          [36m<span>[39m
            [0mSummary[0m
          [36m</span>[39m
          [36m<div[39m
            [33mstyle[39m=[32m"position: relative;"[39m
          [36m>[39m
            [36m<button[39m
              [33maria-expanded[39m=[32m"false"[39m
              [33maria-haspopup[39m=[32m"menu"[39m
              [33maria-label[39m=[32m"Export raw materials data"[39m
              [33mstyle[39m=[32m"padding: 0.5rem 1rem; background: rgb(212, 175, 55); border-radius: 6px; color: rgb(26, 26, 26); font-weight: 600; cursor: pointer; font-size: 0.875rem; display: flex; align-items: center; gap: 0.5rem; transition: all 150ms;"[39m
            [36m>[39m
              [36m<span>[39m
                [0m📊[0m
              [36m</span>[39m
              [36m<span>[39m
                [0mExport[0m
              [36m</span>[39m
              [36m<span[39m
                [33maria-hidden[39m=[32m"true"[39m
              [36m>[39m
                [0m▼[0m
              [36m</span>[39m
            [36m</button>[39m
          [36m</div>[39m
        [36m</div>[39m
        [36m<div[39m
          [33mstyle[39m=[32m"padding: 1.5rem; display: grid; grid-template-columns: repeat(3, 1fr); gap: 1.25rem;"[39m
        [36m>[39m
          [36m<div[39m
            [33mstyle[39m=[32m"background: linear-gradient(135deg, #4b006e 0%, #6b21a8 100%); border-radius: 12px; padding: 1.25rem; color: white;"[39m
          [36m>[39m
            [36m<div[39m
              [33mstyle[39m=[32m"font-size: 0.75rem; opacity: 0.9; font-weight: 600; margin-bottom: 0.5rem; text-transform: uppercase; letter-spacing: 0.05em;"[39m
            [36m>[39m
              [0mTotal Spent[0m
            [36m</div>[39m
            [36m<div[39m
              [33mstyle[39m=[32m"font-size: 2rem; font-weight: 700; line-height: 1;"[39m
            [36m>[39m
              [0m$[0m
              [0m0.00[0m
            [36m</div>[39m
            [36m<div[39m
              [33mstyle[39m=[32m"font-size: 0.75rem; opacity: 0.9; margin-top: 0.5rem;"[39m
            [36m>[39m
              [0m0[0m
              [0m [0m
              [0minvoices[0m
            [36m</div>[39m
          [36m</div>[39m
          [36m<div[39m
            [33mstyle[39m=[32m"background: linear-gradient(135deg, #E8D4A0 0%, #D4AF37 100%); border-radius: 12px; padding: 1.25rem;"[39m
          [36m>[39m
            [36m<div[39m
              [33mstyle[39m=[32m"font-size: 0.75rem; color: rgb(75, 0, 110); font-weight: 600; margin-bottom: 0.5rem; text-transform: uppercase; letter-spacing: 0.05em;"[39m
            [36m>[39m
              [0mAverage Invoice[0m
            [36m</div>[39m
            [36m<div[39m
              [33mstyle[39m=[32m"font-size: 2rem; font-weight: 700; color: rgb(75, 0, 110); line-height: 1;"[39m
            [36m>[39m
              [0m$0.00[0m
            [36m</div>[39m
            [36m<div[39m
              [33mstyle[39m=[32m"font-size: 0.75rem; color: rgb(75, 0, 110); margin-top: 0.5rem;"[39m
            [36m>[39m
              [0mper invoice[0m
            [36m</div>[39m
          [36m</div>[39m
          [36m<div[39m
            [33mstyle[39m=[32m"background: linear-gradient(135deg, #D8E5D8 0%, #A8D5A8 100%); border-radius: 12px; padding: 1.25rem;"[39m
          [36m>[39m
            [36m<div[39m
              [33mstyle[39m=[32m"font-size: 0.75rem; color: rgb(21, 128, 61); font-weight: 600; margin-bottom: 0.5rem; text-transform: uppercase; letter-spacing: 0.05em;"[39m
            [36m>[39m
              [0mTop Vendor[0m
            [36m</div>[39m
            [36m<div[39m
              [33mstyle[39m=[32m"font-size: 2rem; font-weight: 700; color: rgb(22, 101, 52); line-height: 1;"[39m
            [36m>[39m
              [0m$0.00[0m
            [36m</div>[39m
            [36m<div[39m
              [33mstyle[39m=[32m"font-size: 0.75rem; color: rgb(21, 128, 61); margin-top: 0.5rem;"[39m
            [36m>[39m
              [0mNo data[0m
            [36m</div>[39m
          [36m</div>[39m
        [36m</div>[39m
      [36m</div>[39m
      [36m<div[39m
        [33mstyle[39m=[32m"background: rgb(255, 255, 255); border-left: 4px solid rgb(212, 175, 55); border-right: 4px solid rgb(212, 175, 55); border-bottom: 4px solid rgb(212, 175, 55); border-radius: 8px; overflow: visible; box-shadow: 0 2px 8px rgba(184, 134, 11, 0.15); margin-bottom: 2rem;"[39m
      [36m>[39m
        [36m<div[39m
          [33mstyle[39m=[32m"background: rgb(75, 0, 110); color: white; padding: 1rem 1.5rem; font-size: 1.5rem; font-weight: 600;"[39m
        [36m>[39m
          [0mFilters[0m
        [36m</div>[39m
        [36m<div[39m
          [33mstyle[39m=[32m"padding: 1.25rem; display: flex; gap: 1rem; flex-wrap: wrap; align-items: flex-end;"[39m
        [36m>[39m
          [36m<div[39m
            [33mstyle[39m=[32m"display: flex; align-items: center; gap: 0.5rem;"[39m
          [36m>[39m
            [36m<label[39m
              [33mstyle[39m=[32m"font-size: 0.8125rem; font-weight: 600; color: rgb(75, 0, 110); white-space: nowrap;"[39m
            [36m>[39m
              [0mDate:[0m
            [36m</label>[39m
            [36m<select[39m
              [33maria-label[39m=[32m"Select date range preset"[39m
              [33mstyle[39m=[32m"padding: 0.5rem; border: 2px solid rgb(212, 175, 55); border-radius: 6px; font-size: 0.8125rem; background-color: rgb(229, 246, 223); outline: none; min-width: 140px;"[39m
            [36m>[39m
              [36m<option[39m
                [33mvalue[39m=[32m"3mo"[39m
              [36m>[39m
                [0m3 Months[0m
              [36m</option>[39m
              [36m<option[39m
                [33mvalue[39m=[32m"6mo"[39m
              [36m>[39m
                [0m6 Months[0m
              [36m</option>[39m
              [36m<option[39m
                [33mvalue[39m=[32m"12mo"[39m
              [36m>[39m
                [0m12 Months[0m
              [36m</option>[39m
              [36m<option[39m
                [33mvalue[39m=[32m"last-calendar-year"[39m
              [36m>[39m
                [0mLast Year[0m
              [36m</option>[39m
              [36m<option[39m
                [33mvalue[39m=[32m"this-calendar-year"[39m
              [36m>[39m
                [0mThis Year[0m
              [36m</option>[39m
              [36m<option[39m
                [33mvalue[39m=[32m"custom"[39m
              [36m>[39m
                [0mCustom...[0m
              [36m</option>[39m
              [36m<option[39m
                [33mvalue[39m=[32m"all"[39m
              [36m>[39m
                [0mAll Time[0m
              [36m</option>[39m
            [36m</select>[39m
          [36m</div>[39m
          [36m<div[39m
            [33mstyle[39m=[32m"display: flex; align-items: center; gap: 0.5rem;"[39m
          [36m>[39m
            [36m<label[39m
              [33mstyle[39m=[32m"font-size: 0.8125rem; font-weight: 600; color: rgb(75, 0, 110); white-space: nowrap;"[39m
            [36m>[39m
              [0mCategory:[0m
            [36m</label>[39m
            [36m<select[39m
              [33maria-label[39m=[32m"Filter by category"[39m
              [33mstyle[39m=[32m"padding: 0.5rem; border: 2px solid rgb(212, 175, 55); border-radius: 6px; font-size: 0.8125rem; background-color: rgb(229, 246, 223); outline: none; min-width: 140px;"[39m
            [36m>[39m
              [36m<option[39m
                [33mvalue[39m=[32m""[39m
              [36m>[39m
                [0mAll[0m
              [36m</option>[39m
              [36m<option[39m
                [33mvalue[39m=[32m"cat-2"[39m
              [36m>[39m
                [0mBottles[0m
              [36m</option>[39m
              [36m<option[39m
                [33mvalue[39m=[32m"cat-3"[39m
              [36m>[39m
                [0mLabels[0m
              [36m</option>[39m
              [36m<option[39m
                [33mvalue[39m=[32m"cat-1"[39m
              [36m>[39m
                [0mOils[0m
              [36m</option>[39m
            [36m</select>[39m
          [36m</div>[39m
          [36m<div[39m
            [33mstyle[39m=[32m"display: flex; align-items: center; gap: 0.5rem;"[39m
          [36m>[39m
            [36m<label[39m
              [33mstyle[39m=[32m"font-size: 0.8125rem; font-weight: 600; color: rgb(75, 0, 110); white-space: nowrap;"[39m
            [36m>[39m
              [0mVariant:[0m
            [36m</label>[39m
            [36m<select[39m
              [33maria-label[39m=[32m"Filter by variant"[39m
              [33mstyle[39m=[32m"padding: 0.5rem; border: 2px solid rgb(212, 175, 55); border-radius: 6px; font-size: 0.8125rem; background-color: rgb(229, 246, 223); outline: none; min-width: 120px;"[39m
            [36m>[39m
              [36m<option[39m
                [33mvalue[39m=[32m""[39m
              [36m>[39m
                [0mAll[0m
              [36m</option>[39m
              [36m<option[39m
                [33mvalue[39m=[32m"1oz"[39m
              [36m>[39m
                [0m1oz[0m
              [36m</option>[39m
              [36m<option[39m
                [33mvalue[39m=[32m"Bulk"[39m
              [36m>[39m
                [0mBulk[0m
              [36m</option>[39m
            [36m</select>[39m
          [36m</div>[39m
          [36m<div[39m
            [33mstyle[39m=[32m"display: flex; align-items: center; gap: 0.5rem;"[39m
          [36m>[39m
            [36m<label[39m
              [33mstyle[39m=[32m"font-size: 0.8125rem; font-weight: 600; color: rgb(75, 0, 110); white-space: nowrap;"[39m
            [36m>[39m
              [0mVendor:[0m
            [36m</label>[39m
            [36m<input[39m
              [33maria-label[39m=[32m"Filter by vendor"[39m
              [33mlist[39m=[32m"vendor-suggestions"[39m
              [33mplaceholder[39m=[32m"Search..."[39m
              [33mstyle[39m=[32m"padding: 0.5rem; border: 2px solid rgb(212, 175, 55); border-radius: 6px; font-size: 0.8125rem; background-color: rgb(229, 246, 223); outline: none; min-width: 140px;"[39m
              [33mtype[39m=[32m"search"[39m
              [33mvalue[39m=[32m""[39m
            [36m/>[39m
            [36m<datalist[39m
              [33mid[39m=[32m"vendor-suggestions"[39m
            [36m>[39m
              [36m<option[39m
                [33mvalue[39m=[32m"Vendor A"[39m
              [36m/>[39m
              [36m<option[39m
                [33mvalue[39m=[32m"Vendor B"[39m
              [36m/>[39m
            [36m</datalist>[39m
          [36m</div>[39m
          [36m<div[39m
            [33mstyle[39m=[32m"display: flex; align-items: center; gap: 0.5rem;"[39m
          [36m>[39m
            [36m<label[39m
              [33mstyle[39m=[32m"font-size: 0.8125rem; font-weight: 600; color: rgb(75, 0, 110); white-space: nowrap;"[39m
            [36m>[39m
              [0mSort:[0m
            [36m</label>[39m
            [36m<select[39m
              [33maria-label[39m=[32m"Sort invoices"[39m
              [33mstyle[39m=[32m"padding: 0.5rem; border: 2px solid rgb(212, 175, 55); border-radius: 6px; font-size: 0.8125rem; background-color: rgb(229, 246, 223); outline: none; min-width: 100px;"[39m
            [36m>[39m
              [36m<option[39m
                [33mvalue[39m=[32m"date-desc"[39m
              [36m>[39m
                [0mDate ↓[0m
              [36m</option>[39m
              [36m<option[39m
                [33mvalue[39m=[32m"date-asc"[39m
              [36m>[39m
                [0mDate ↑[0m
              [36m</option>[39m
              [36m<option[39m
                [33mvalue[39m=[32m"vendor"[39m
              [36m>[39m
                [0mVendor[0m
              [36m</option>[39m
              [36m<option[39m
                [33mvalue[39m=[32m"total-desc"[39m
              [36m>[39m
                [0mTotal ↓[0m
              [36m</option>[39m
              [36m<option[39m
                [33mvalue[39m=[32m"total-asc"[39m
              [36m>[39m
                [0mTotal ↑[0m
              [36m</option>[39m
            [36m</select>[39m
          [36m</div>[39m
        [36m</div>[39m
      [36m</div>[39m
      [36m<div[39m
        [33mstyle[39m=[32m"background: white; border-radius: 8px; border: 1px solid rgb(229, 231, 235); overflow: hidden;"[39m
      [36m>[39m
        [36m<div[39m
          [33mstyle[39m=[32m"text-align: center; padding: 3rem 2rem; background: rgb(249, 250, 251);"[39m
        [36m>[39m
          [36m<span[39m
            [33mstyle[39m=[32m"font-size: 2.5rem; display: block; margin-bottom: 1rem;"[39m
          [36m>[39m
            [0m🔍[0m
          [36m</span>[39m
          [36m<span[39m
            [33mstyle[39m=[32m"color: rgb(100, 116, 139); font-size: 1.125rem; display: block; margin-bottom: 0.5rem;"[39m
          [36m>[39m
            [0mNo invoices match your filters[0m
          [36m</span>[39m
          [36m<p[39m
            [33mstyle[39m=[32m"margin: 0px 0px 1.5rem 0px; font-size: 0.875rem; color: rgb(148, 163, 184);"[39m
          [36m>[39m
            [0mTry adjusting your date range, vendor, category, or variant filters.[0m
          [36m</p>[39m
          [36m<button[39m
            [33mstyle[39m=[32m"padding: 0.5rem 1rem; background: rgb(75, 0, 110); color: white; border-radius: 6px; font-size: 0.875rem; font-weight: 500; cursor: pointer;"[39m
          [36m>[39m
            [0mClear All Filters[0m
          [36m</button>[39m
        [36m</div>[39m
      [36m</div>[39m
    [36m</div>[39m
  [36m</div>[39m
[36m</body>[39m
 ❯ Object.getElementError node_modules/@testing-library/react/node_modules/@testing-library/dom/dist/config.js:37:19
 ❯ node_modules/@testing-library/react/node_modules/@testing-library/dom/dist/query-helpers.js:76:38
 ❯ node_modules/@testing-library/react/node_modules/@testing-library/dom/dist/query-helpers.js:109:15
 ❯ src/pages/cpg/tabs/RawMaterialsTab.test.tsx:369:34
    367|       render(<RawMaterialsTab {...defaultProps} />);
    368|
    369|       const viewButtons = screen.getAllByRole('button', { name: /view …
       |                                  ^
    370|       await user.click(viewButtons[0]);
    371|

⎯⎯⎯⎯⎯⎯⎯⎯⎯⎯⎯⎯⎯⎯⎯⎯⎯⎯⎯⎯[542/824]⎯

 FAIL  src/pages/cpg/tabs/RawMaterialsTab.test.tsx > RawMaterialsTab > Action Callbacks > calls onEditInvoice when edit button clicked
TestingLibraryElementError: Unable to find an accessible element with the role "button" and name `/edit invoice/i`

Here are the accessible roles:

  tabpanel:

  Name "":
  [36m<div[39m
    [33maria-labelledby[39m=[32m"raw-materials-tab"[39m
    [33mid[39m=[32m"raw-materials-panel"[39m
    [33mrole[39m=[32m"tabpanel"[39m
  [36m/>[39m

  --------------------------------------------------
  button:

  Name "Export raw materials data":
  [36m<button[39m
    [33maria-expanded[39m=[32m"false"[39m
    [33maria-haspopup[39m=[32m"menu"[39m
    [33maria-label[39m=[32m"Export raw materials data"[39m
    [33mstyle[39m=[32m"padding: 0.5rem 1rem; background: rgb(212, 175, 55); border-radius: 6px; color: rgb(26, 26, 26); font-weight: 600; cursor: pointer; font-size: 0.875rem; display: flex; align-items: center; gap: 0.5rem; transition: all 150ms;"[39m
  [36m/>[39m

  Name "Clear All Filters":
  [36m<button[39m
    [33mstyle[39m=[32m"padding: 0.5rem 1rem; background: rgb(75, 0, 110); color: white; border-radius: 6px; font-size: 0.875rem; font-weight: 500; cursor: pointer;"[39m
  [36m/>[39m

  --------------------------------------------------
  combobox:

  Name "Select date range preset":
  [36m<select[39m
    [33maria-label[39m=[32m"Select date range preset"[39m
    [33mstyle[39m=[32m"padding: 0.5rem; border: 2px solid rgb(212, 175, 55); border-radius: 6px; font-size: 0.8125rem; background-color: rgb(229, 246, 223); outline: none; min-width: 140px;"[39m
  [36m/>[39m

  Name "Filter by category":
  [36m<select[39m
    [33maria-label[39m=[32m"Filter by category"[39m
    [33mstyle[39m=[32m"padding: 0.5rem; border: 2px solid rgb(212, 175, 55); border-radius: 6px; font-size: 0.8125rem; background-color: rgb(229, 246, 223); outline: none; min-width: 140px;"[39m
  [36m/>[39m

  Name "Filter by variant":
  [36m<select[39m
    [33maria-label[39m=[32m"Filter by variant"[39m
    [33mstyle[39m=[32m"padding: 0.5rem; border: 2px solid rgb(212, 175, 55); border-radius: 6px; font-size: 0.8125rem; background-color: rgb(229, 246, 223); outline: none; min-width: 120px;"[39m
  [36m/>[39m

  Name "Filter by vendor":
  [36m<input[39m
    [33maria-label[39m=[32m"Filter by vendor"[39m
    [33mlist[39m=[32m"vendor-suggestions"[39m
    [33mplaceholder[39m=[32m"Search..."[39m
    [33mstyle[39m=[32m"padding: 0.5rem; border: 2px solid rgb(212, 175, 55); border-radius: 6px; font-size: 0.8125rem; background-color: rgb(229, 246, 223); outline: none; min-width: 140px;"[39m
    [33mtype[39m=[32m"search"[39m
    [33mvalue[39m=[32m""[39m
  [36m/>[39m

  Name "Sort invoices":
  [36m<select[39m
    [33maria-label[39m=[32m"Sort invoices"[39m
    [33mstyle[39m=[32m"padding: 0.5rem; border: 2px solid rgb(212, 175, 55); border-radius: 6px; font-size: 0.8125rem; background-color: rgb(229, 246, 223); outline: none; min-width: 100px;"[39m
  [36m/>[39m

  --------------------------------------------------
  option:

  Name "3 Months":
  [36m<option[39m
    [33mvalue[39m=[32m"3mo"[39m
  [36m/>[39m

  Name "6 Months":
  [36m<option[39m
    [33mvalue[39m=[32m"6mo"[39m
  [36m/>[39m

  Name "12 Months":
  [36m<option[39m
    [33mvalue[39m=[32m"12mo"[39m
  [36m/>[39m

  Name "Last Year":
  [36m<option[39m
    [33mvalue[39m=[32m"last-calendar-year"[39m
  [36m/>[39m

  Name "This Year":
  [36m<option[39m
    [33mvalue[39m=[32m"this-calendar-year"[39m
  [36m/>[39m

  Name "Custom...":
  [36m<option[39m
    [33mvalue[39m=[32m"custom"[39m
  [36m/>[39m

  Name "All Time":
  [36m<option[39m
    [33mvalue[39m=[32m"all"[39m
  [36m/>[39m

  Name "All":
  [36m<option[39m
    [33mvalue[39m=[32m""[39m
  [36m/>[39m

  Name "Bottles":
  [36m<option[39m
    [33mvalue[39m=[32m"cat-2"[39m
  [36m/>[39m

  Name "Labels":
  [36m<option[39m
    [33mvalue[39m=[32m"cat-3"[39m
  [36m/>[39m

  Name "Oils":
  [36m<option[39m
    [33mvalue[39m=[32m"cat-1"[39m
  [36m/>[39m

  Name "All":
  [36m<option[39m
    [33mvalue[39m=[32m""[39m
  [36m/>[39m

  Name "1oz":
  [36m<option[39m
    [33mvalue[39m=[32m"1oz"[39m
  [36m/>[39m

  Name "Bulk":
  [36m<option[39m
    [33mvalue[39m=[32m"Bulk"[39m
  [36m/>[39m

  Name "Date ↓":
  [36m<option[39m
    [33mvalue[39m=[32m"date-desc"[39m
  [36m/>[39m

  Name "Date ↑":
  [36m<option[39m
    [33mvalue[39m=[32m"date-asc"[39m
  [36m/>[39m

  Name "Vendor":
  [36m<option[39m
    [33mvalue[39m=[32m"vendor"[39m
  [36m/>[39m

  Name "Total ↓":
  [36m<option[39m
    [33mvalue[39m=[32m"total-desc"[39m
  [36m/>[39m

  Name "Total ↑":
  [36m<option[39m
    [33mvalue[39m=[32m"total-asc"[39m
  [36m/>[39m

  --------------------------------------------------

Ignored nodes: comments, script, style
[36m<body>[39m
  [36m<div>[39m
    [36m<div[39m
      [33maria-labelledby[39m=[32m"raw-materials-tab"[39m
      [33mid[39m=[32m"raw-materials-panel"[39m
      [33mrole[39m=[32m"tabpanel"[39m
    [36m>[39m
      [36m<div[39m
        [33mstyle[39m=[32m"background: rgb(255, 255, 255); border-left: 4px solid rgb(212, 175, 55); border-right: 4px solid rgb(212, 175, 55); border-bottom: 4px solid rgb(212, 175, 55); border-radius: 8px; overflow: hidden; box-shadow: 0 2px 8px rgba(184, 134, 11, 0.15); margin-bottom: 1.5rem;"[39m
      [36m>[39m
        [36m<div[39m
          [33mstyle[39m=[32m"background: rgb(75, 0, 110); color: white; padding: 1.25rem 1.5rem; font-size: 1.5rem; font-weight: 600; display: flex; justify-content: space-between; align-items: center;"[39m
        [36m>[39m
          [36m<span>[39m
            [0mSummary[0m
          [36m</span>[39m
          [36m<div[39m
            [33mstyle[39m=[32m"position: relative;"[39m
          [36m>[39m
            [36m<button[39m
              [33maria-expanded[39m=[32m"false"[39m
              [33maria-haspopup[39m=[32m"menu"[39m
              [33maria-label[39m=[32m"Export raw materials data"[39m
              [33mstyle[39m=[32m"padding: 0.5rem 1rem; background: rgb(212, 175, 55); border-radius: 6px; color: rgb(26, 26, 26); font-weight: 600; cursor: pointer; font-size: 0.875rem; display: flex; align-items: center; gap: 0.5rem; transition: all 150ms;"[39m
            [36m>[39m
              [36m<span>[39m
                [0m📊[0m
              [36m</span>[39m
              [36m<span>[39m
                [0mExport[0m
              [36m</span>[39m
              [36m<span[39m
                [33maria-hidden[39m=[32m"true"[39m
              [36m>[39m
                [0m▼[0m
              [36m</span>[39m
            [36m</button>[39m
          [36m</div>[39m
        [36m</div>[39m
        [36m<div[39m
          [33mstyle[39m=[32m"padding: 1.5rem; display: grid; grid-template-columns: repeat(3, 1fr); gap: 1.25rem;"[39m
        [36m>[39m
          [36m<div[39m
            [33mstyle[39m=[32m"background: linear-gradient(135deg, #4b006e 0%, #6b21a8 100%); border-radius: 12px; padding: 1.25rem; color: white;"[39m
          [36m>[39m
            [36m<div[39m
              [33mstyle[39m=[32m"font-size: 0.75rem; opacity: 0.9; font-weight: 600; margin-bottom: 0.5rem; text-transform: uppercase; letter-spacing: 0.05em;"[39m
            [36m>[39m
              [0mTotal Spent[0m
            [36m</div>[39m
            [36m<div[39m
              [33mstyle[39m=[32m"font-size: 2rem; font-weight: 700; line-height: 1;"[39m
            [36m>[39m
              [0m$[0m
              [0m0.00[0m
            [36m</div>[39m
            [36m<div[39m
              [33mstyle[39m=[32m"font-size: 0.75rem; opacity: 0.9; margin-top: 0.5rem;"[39m
            [36m>[39m
              [0m0[0m
              [0m [0m
              [0minvoices[0m
            [36m</div>[39m
          [36m</div>[39m
          [36m<div[39m
            [33mstyle[39m=[32m"background: linear-gradient(135deg, #E8D4A0 0%, #D4AF37 100%); border-radius: 12px; padding: 1.25rem;"[39m
          [36m>[39m
            [36m<div[39m
              [33mstyle[39m=[32m"font-size: 0.75rem; color: rgb(75, 0, 110); font-weight: 600; margin-bottom: 0.5rem; text-transform: uppercase; letter-spacing: 0.05em;"[39m
            [36m>[39m
              [0mAverage Invoice[0m
            [36m</div>[39m
            [36m<div[39m
              [33mstyle[39m=[32m"font-size: 2rem; font-weight: 700; color: rgb(75, 0, 110); line-height: 1;"[39m
            [36m>[39m
              [0m$0.00[0m
            [36m</div>[39m
            [36m<div[39m
              [33mstyle[39m=[32m"font-size: 0.75rem; color: rgb(75, 0, 110); margin-top: 0.5rem;"[39m
            [36m>[39m
              [0mper invoice[0m
            [36m</div>[39m
          [36m</div>[39m
          [36m<div[39m
            [33mstyle[39m=[32m"background: linear-gradient(135deg, #D8E5D8 0%, #A8D5A8 100%); border-radius: 12px; padding: 1.25rem;"[39m
          [36m>[39m
            [36m<div[39m
              [33mstyle[39m=[32m"font-size: 0.75rem; color: rgb(21, 128, 61); font-weight: 600; margin-bottom: 0.5rem; text-transform: uppercase; letter-spacing: 0.05em;"[39m
            [36m>[39m
              [0mTop Vendor[0m
            [36m</div>[39m
            [36m<div[39m
              [33mstyle[39m=[32m"font-size: 2rem; font-weight: 700; color: rgb(22, 101, 52); line-height: 1;"[39m
            [36m>[39m
              [0m$0.00[0m
            [36m</div>[39m
            [36m<div[39m
              [33mstyle[39m=[32m"font-size: 0.75rem; color: rgb(21, 128, 61); margin-top: 0.5rem;"[39m
            [36m>[39m
              [0mNo data[0m
            [36m</div>[39m
          [36m</div>[39m
        [36m</div>[39m
      [36m</div>[39m
      [36m<div[39m
        [33mstyle[39m=[32m"background: rgb(255, 255, 255); border-left: 4px solid rgb(212, 175, 55); border-right: 4px solid rgb(212, 175, 55); border-bottom: 4px solid rgb(212, 175, 55); border-radius: 8px; overflow: visible; box-shadow: 0 2px 8px rgba(184, 134, 11, 0.15); margin-bottom: 2rem;"[39m
      [36m>[39m
        [36m<div[39m
          [33mstyle[39m=[32m"background: rgb(75, 0, 110); color: white; padding: 1rem 1.5rem; font-size: 1.5rem; font-weight: 600;"[39m
        [36m>[39m
          [0mFilters[0m
        [36m</div>[39m
        [36m<div[39m
          [33mstyle[39m=[32m"padding: 1.25rem; display: flex; gap: 1rem; flex-wrap: wrap; align-items: flex-end;"[39m
        [36m>[39m
          [36m<div[39m
            [33mstyle[39m=[32m"display: flex; align-items: center; gap: 0.5rem;"[39m
          [36m>[39m
            [36m<label[39m
              [33mstyle[39m=[32m"font-size: 0.8125rem; font-weight: 600; color: rgb(75, 0, 110); white-space: nowrap;"[39m
            [36m>[39m
              [0mDate:[0m
            [36m</label>[39m
            [36m<select[39m
              [33maria-label[39m=[32m"Select date range preset"[39m
              [33mstyle[39m=[32m"padding: 0.5rem; border: 2px solid rgb(212, 175, 55); border-radius: 6px; font-size: 0.8125rem; background-color: rgb(229, 246, 223); outline: none; min-width: 140px;"[39m
            [36m>[39m
              [36m<option[39m
                [33mvalue[39m=[32m"3mo"[39m
              [36m>[39m
                [0m3 Months[0m
              [36m</option>[39m
              [36m<option[39m
                [33mvalue[39m=[32m"6mo"[39m
              [36m>[39m
                [0m6 Months[0m
              [36m</option>[39m
              [36m<option[39m
                [33mvalue[39m=[32m"12mo"[39m
              [36m>[39m
                [0m12 Months[0m
              [36m</option>[39m
              [36m<option[39m
                [33mvalue[39m=[32m"last-calendar-year"[39m
              [36m>[39m
                [0mLast Year[0m
              [36m</option>[39m
              [36m<option[39m
                [33mvalue[39m=[32m"this-calendar-year"[39m
              [36m>[39m
                [0mThis Year[0m
              [36m</option>[39m
              [36m<option[39m
                [33mvalue[39m=[32m"custom"[39m
              [36m>[39m
                [0mCustom...[0m
              [36m</option>[39m
              [36m<option[39m
                [33mvalue[39m=[32m"all"[39m
              [36m>[39m
                [0mAll Time[0m
              [36m</option>[39m
            [36m</select>[39m
          [36m</div>[39m
          [36m<div[39m
            [33mstyle[39m=[32m"display: flex; align-items: center; gap: 0.5rem;"[39m
          [36m>[39m
            [36m<label[39m
              [33mstyle[39m=[32m"font-size: 0.8125rem; font-weight: 600; color: rgb(75, 0, 110); white-space: nowrap;"[39m
            [36m>[39m
              [0mCategory:[0m
            [36m</label>[39m
            [36m<select[39m
              [33maria-label[39m=[32m"Filter by category"[39m
              [33mstyle[39m=[32m"padding: 0.5rem; border: 2px solid rgb(212, 175, 55); border-radius: 6px; font-size: 0.8125rem; background-color: rgb(229, 246, 223); outline: none; min-width: 140px;"[39m
            [36m>[39m
              [36m<option[39m
                [33mvalue[39m=[32m""[39m
              [36m>[39m
                [0mAll[0m
              [36m</option>[39m
              [36m<option[39m
                [33mvalue[39m=[32m"cat-2"[39m
              [36m>[39m
                [0mBottles[0m
              [36m</option>[39m
              [36m<option[39m
                [33mvalue[39m=[32m"cat-3"[39m
              [36m>[39m
                [0mLabels[0m
              [36m</option>[39m
              [36m<option[39m
                [33mvalue[39m=[32m"cat-1"[39m
              [36m>[39m
                [0mOils[0m
              [36m</option>[39m
            [36m</select>[39m
          [36m</div>[39m
          [36m<div[39m
            [33mstyle[39m=[32m"display: flex; align-items: center; gap: 0.5rem;"[39m
          [36m>[39m
            [36m<label[39m
              [33mstyle[39m=[32m"font-size: 0.8125rem; font-weight: 600; color: rgb(75, 0, 110); white-space: nowrap;"[39m
            [36m>[39m
              [0mVariant:[0m
            [36m</label>[39m
            [36m<select[39m
              [33maria-label[39m=[32m"Filter by variant"[39m
              [33mstyle[39m=[32m"padding: 0.5rem; border: 2px solid rgb(212, 175, 55); border-radius: 6px; font-size: 0.8125rem; background-color: rgb(229, 246, 223); outline: none; min-width: 120px;"[39m
            [36m>[39m
              [36m<option[39m
                [33mvalue[39m=[32m""[39m
              [36m>[39m
                [0mAll[0m
              [36m</option>[39m
              [36m<option[39m
                [33mvalue[39m=[32m"1oz"[39m
              [36m>[39m
                [0m1oz[0m
              [36m</option>[39m
              [36m<option[39m
                [33mvalue[39m=[32m"Bulk"[39m
              [36m>[39m
                [0mBulk[0m
              [36m</option>[39m
            [36m</select>[39m
          [36m</div>[39m
          [36m<div[39m
            [33mstyle[39m=[32m"display: flex; align-items: center; gap: 0.5rem;"[39m
          [36m>[39m
            [36m<label[39m
              [33mstyle[39m=[32m"font-size: 0.8125rem; font-weight: 600; color: rgb(75, 0, 110); white-space: nowrap;"[39m
            [36m>[39m
              [0mVendor:[0m
            [36m</label>[39m
            [36m<input[39m
              [33maria-label[39m=[32m"Filter by vendor"[39m
              [33mlist[39m=[32m"vendor-suggestions"[39m
              [33mplaceholder[39m=[32m"Search..."[39m
              [33mstyle[39m=[32m"padding: 0.5rem; border: 2px solid rgb(212, 175, 55); border-radius: 6px; font-size: 0.8125rem; background-color: rgb(229, 246, 223); outline: none; min-width: 140px;"[39m
              [33mtype[39m=[32m"search"[39m
              [33mvalue[39m=[32m""[39m
            [36m/>[39m
            [36m<datalist[39m
              [33mid[39m=[32m"vendor-suggestions"[39m
            [36m>[39m
              [36m<option[39m
                [33mvalue[39m=[32m"Vendor A"[39m
              [36m/>[39m
              [36m<option[39m
                [33mvalue[39m=[32m"Vendor B"[39m
              [36m/>[39m
            [36m</datalist>[39m
          [36m</div>[39m
          [36m<div[39m
            [33mstyle[39m=[32m"display: flex; align-items: center; gap: 0.5rem;"[39m
          [36m>[39m
            [36m<label[39m
              [33mstyle[39m=[32m"font-size: 0.8125rem; font-weight: 600; color: rgb(75, 0, 110); white-space: nowrap;"[39m
            [36m>[39m
              [0mSort:[0m
            [36m</label>[39m
            [36m<select[39m
              [33maria-label[39m=[32m"Sort invoices"[39m
              [33mstyle[39m=[32m"padding: 0.5rem; border: 2px solid rgb(212, 175, 55); border-radius: 6px; font-size: 0.8125rem; background-color: rgb(229, 246, 223); outline: none; min-width: 100px;"[39m
            [36m>[39m
              [36m<option[39m
                [33mvalue[39m=[32m"date-desc"[39m
              [36m>[39m
                [0mDate ↓[0m
              [36m</option>[39m
              [36m<option[39m
                [33mvalue[39m=[32m"date-asc"[39m
              [36m>[39m
                [0mDate ↑[0m
              [36m</option>[39m
              [36m<option[39m
                [33mvalue[39m=[32m"vendor"[39m
              [36m>[39m
                [0mVendor[0m
              [36m</option>[39m
              [36m<option[39m
                [33mvalue[39m=[32m"total-desc"[39m
              [36m>[39m
                [0mTotal ↓[0m
              [36m</option>[39m
              [36m<option[39m
                [33mvalue[39m=[32m"total-asc"[39m
              [36m>[39m
                [0mTotal ↑[0m
              [36m</option>[39m
            [36m</select>[39m
          [36m</div>[39m
        [36m</div>[39m
      [36m</div>[39m
      [36m<div[39m
        [33mstyle[39m=[32m"background: white; border-radius: 8px; border: 1px solid rgb(229, 231, 235); overflow: hidden;"[39m
      [36m>[39m
        [36m<div[39m
          [33mstyle[39m=[32m"text-align: center; padding: 3rem 2rem; background: rgb(249, 250, 251);"[39m
        [36m>[39m
          [36m<span[39m
            [33mstyle[39m=[32m"font-size: 2.5rem; display: block; margin-bottom: 1rem;"[39m
          [36m>[39m
            [0m🔍[0m
          [36m</span>[39m
          [36m<span[39m
            [33mstyle[39m=[32m"color: rgb(100, 116, 139); font-size: 1.125rem; display: block; margin-bottom: 0.5rem;"[39m
          [36m>[39m
            [0mNo invoices match your filters[0m
          [36m</span>[39m
          [36m<p[39m
            [33mstyle[39m=[32m"margin: 0px 0px 1.5rem 0px; font-size: 0.875rem; color: rgb(148, 163, 184);"[39m
          [36m>[39m
            [0mTry adjusting your date range, vendor, category, or variant filters.[0m
          [36m</p>[39m
          [36m<button[39m
            [33mstyle[39m=[32m"padding: 0.5rem 1rem; background: rgb(75, 0, 110); color: white; border-radius: 6px; font-size: 0.875rem; font-weight: 500; cursor: pointer;"[39m
          [36m>[39m
            [0mClear All Filters[0m
          [36m</button>[39m
        [36m</div>[39m
      [36m</div>[39m
    [36m</div>[39m
  [36m</div>[39m
[36m</body>[39m
 ❯ Object.getElementError node_modules/@testing-library/react/node_modules/@testing-library/dom/dist/config.js:37:19
 ❯ node_modules/@testing-library/react/node_modules/@testing-library/dom/dist/query-helpers.js:76:38
 ❯ node_modules/@testing-library/react/node_modules/@testing-library/dom/dist/query-helpers.js:109:15
 ❯ src/pages/cpg/tabs/RawMaterialsTab.test.tsx:379:34
    377|       render(<RawMaterialsTab {...defaultProps} />);
    378|
    379|       const editButtons = screen.getAllByRole('button', { name: /edit …
       |                                  ^
    380|       await user.click(editButtons[0]);
    381|

⎯⎯⎯⎯⎯⎯⎯⎯⎯⎯⎯⎯⎯⎯⎯⎯⎯⎯⎯⎯[543/824]⎯

 FAIL  src/pages/cpg/tabs/RawMaterialsTab.test.tsx > RawMaterialsTab > Action Callbacks > calls onDuplicateInvoice when duplicate button clicked
TestingLibraryElementError: Unable to find an accessible element with the role "button" and name `/duplicate invoice/i`

Here are the accessible roles:

  tabpanel:

  Name "":
  [36m<div[39m
    [33maria-labelledby[39m=[32m"raw-materials-tab"[39m
    [33mid[39m=[32m"raw-materials-panel"[39m
    [33mrole[39m=[32m"tabpanel"[39m
  [36m/>[39m

  --------------------------------------------------
  button:

  Name "Export raw materials data":
  [36m<button[39m
    [33maria-expanded[39m=[32m"false"[39m
    [33maria-haspopup[39m=[32m"menu"[39m
    [33maria-label[39m=[32m"Export raw materials data"[39m
    [33mstyle[39m=[32m"padding: 0.5rem 1rem; background: rgb(212, 175, 55); border-radius: 6px; color: rgb(26, 26, 26); font-weight: 600; cursor: pointer; font-size: 0.875rem; display: flex; align-items: center; gap: 0.5rem; transition: all 150ms;"[39m
  [36m/>[39m

  Name "Clear All Filters":
  [36m<button[39m
    [33mstyle[39m=[32m"padding: 0.5rem 1rem; background: rgb(75, 0, 110); color: white; border-radius: 6px; font-size: 0.875rem; font-weight: 500; cursor: pointer;"[39m
  [36m/>[39m

  --------------------------------------------------
  combobox:

  Name "Select date range preset":
  [36m<select[39m
    [33maria-label[39m=[32m"Select date range preset"[39m
    [33mstyle[39m=[32m"padding: 0.5rem; border: 2px solid rgb(212, 175, 55); border-radius: 6px; font-size: 0.8125rem; background-color: rgb(229, 246, 223); outline: none; min-width: 140px;"[39m
  [36m/>[39m

  Name "Filter by category":
  [36m<select[39m
    [33maria-label[39m=[32m"Filter by category"[39m
    [33mstyle[39m=[32m"padding: 0.5rem; border: 2px solid rgb(212, 175, 55); border-radius: 6px; font-size: 0.8125rem; background-color: rgb(229, 246, 223); outline: none; min-width: 140px;"[39m
  [36m/>[39m

  Name "Filter by variant":
  [36m<select[39m
    [33maria-label[39m=[32m"Filter by variant"[39m
    [33mstyle[39m=[32m"padding: 0.5rem; border: 2px solid rgb(212, 175, 55); border-radius: 6px; font-size: 0.8125rem; background-color: rgb(229, 246, 223); outline: none; min-width: 120px;"[39m
  [36m/>[39m

  Name "Filter by vendor":
  [36m<input[39m
    [33maria-label[39m=[32m"Filter by vendor"[39m
    [33mlist[39m=[32m"vendor-suggestions"[39m
    [33mplaceholder[39m=[32m"Search..."[39m
    [33mstyle[39m=[32m"padding: 0.5rem; border: 2px solid rgb(212, 175, 55); border-radius: 6px; font-size: 0.8125rem; background-color: rgb(229, 246, 223); outline: none; min-width: 140px;"[39m
    [33mtype[39m=[32m"search"[39m
    [33mvalue[39m=[32m""[39m
  [36m/>[39m

  Name "Sort invoices":
  [36m<select[39m
    [33maria-label[39m=[32m"Sort invoices"[39m
    [33mstyle[39m=[32m"padding: 0.5rem; border: 2px solid rgb(212, 175, 55); border-radius: 6px; font-size: 0.8125rem; background-color: rgb(229, 246, 223); outline: none; min-width: 100px;"[39m
  [36m/>[39m

  --------------------------------------------------
  option:

  Name "3 Months":
  [36m<option[39m
    [33mvalue[39m=[32m"3mo"[39m
  [36m/>[39m

  Name "6 Months":
  [36m<option[39m
    [33mvalue[39m=[32m"6mo"[39m
  [36m/>[39m

  Name "12 Months":
  [36m<option[39m
    [33mvalue[39m=[32m"12mo"[39m
  [36m/>[39m

  Name "Last Year":
  [36m<option[39m
    [33mvalue[39m=[32m"last-calendar-year"[39m
  [36m/>[39m

  Name "This Year":
  [36m<option[39m
    [33mvalue[39m=[32m"this-calendar-year"[39m
  [36m/>[39m

  Name "Custom...":
  [36m<option[39m
    [33mvalue[39m=[32m"custom"[39m
  [36m/>[39m

  Name "All Time":
  [36m<option[39m
    [33mvalue[39m=[32m"all"[39m
  [36m/>[39m

  Name "All":
  [36m<option[39m
    [33mvalue[39m=[32m""[39m
  [36m/>[39m

  Name "Bottles":
  [36m<option[39m
    [33mvalue[39m=[32m"cat-2"[39m
  [36m/>[39m

  Name "Labels":
  [36m<option[39m
    [33mvalue[39m=[32m"cat-3"[39m
  [36m/>[39m

  Name "Oils":
  [36m<option[39m
    [33mvalue[39m=[32m"cat-1"[39m
  [36m/>[39m

  Name "All":
  [36m<option[39m
    [33mvalue[39m=[32m""[39m
  [36m/>[39m

  Name "1oz":
  [36m<option[39m
    [33mvalue[39m=[32m"1oz"[39m
  [36m/>[39m

  Name "Bulk":
  [36m<option[39m
    [33mvalue[39m=[32m"Bulk"[39m
  [36m/>[39m

  Name "Date ↓":
  [36m<option[39m
    [33mvalue[39m=[32m"date-desc"[39m
  [36m/>[39m

  Name "Date ↑":
  [36m<option[39m
    [33mvalue[39m=[32m"date-asc"[39m
  [36m/>[39m

  Name "Vendor":
  [36m<option[39m
    [33mvalue[39m=[32m"vendor"[39m
  [36m/>[39m

  Name "Total ↓":
  [36m<option[39m
    [33mvalue[39m=[32m"total-desc"[39m
  [36m/>[39m

  Name "Total ↑":
  [36m<option[39m
    [33mvalue[39m=[32m"total-asc"[39m
  [36m/>[39m

  --------------------------------------------------

Ignored nodes: comments, script, style
[36m<body>[39m
  [36m<div>[39m
    [36m<div[39m
      [33maria-labelledby[39m=[32m"raw-materials-tab"[39m
      [33mid[39m=[32m"raw-materials-panel"[39m
      [33mrole[39m=[32m"tabpanel"[39m
    [36m>[39m
      [36m<div[39m
        [33mstyle[39m=[32m"background: rgb(255, 255, 255); border-left: 4px solid rgb(212, 175, 55); border-right: 4px solid rgb(212, 175, 55); border-bottom: 4px solid rgb(212, 175, 55); border-radius: 8px; overflow: hidden; box-shadow: 0 2px 8px rgba(184, 134, 11, 0.15); margin-bottom: 1.5rem;"[39m
      [36m>[39m
        [36m<div[39m
          [33mstyle[39m=[32m"background: rgb(75, 0, 110); color: white; padding: 1.25rem 1.5rem; font-size: 1.5rem; font-weight: 600; display: flex; justify-content: space-between; align-items: center;"[39m
        [36m>[39m
          [36m<span>[39m
            [0mSummary[0m
          [36m</span>[39m
          [36m<div[39m
            [33mstyle[39m=[32m"position: relative;"[39m
          [36m>[39m
            [36m<button[39m
              [33maria-expanded[39m=[32m"false"[39m
              [33maria-haspopup[39m=[32m"menu"[39m
              [33maria-label[39m=[32m"Export raw materials data"[39m
              [33mstyle[39m=[32m"padding: 0.5rem 1rem; background: rgb(212, 175, 55); border-radius: 6px; color: rgb(26, 26, 26); font-weight: 600; cursor: pointer; font-size: 0.875rem; display: flex; align-items: center; gap: 0.5rem; transition: all 150ms;"[39m
            [36m>[39m
              [36m<span>[39m
                [0m📊[0m
              [36m</span>[39m
              [36m<span>[39m
                [0mExport[0m
              [36m</span>[39m
              [36m<span[39m
                [33maria-hidden[39m=[32m"true"[39m
              [36m>[39m
                [0m▼[0m
              [36m</span>[39m
            [36m</button>[39m
          [36m</div>[39m
        [36m</div>[39m
        [36m<div[39m
          [33mstyle[39m=[32m"padding: 1.5rem; display: grid; grid-template-columns: repeat(3, 1fr); gap: 1.25rem;"[39m
        [36m>[39m
          [36m<div[39m
            [33mstyle[39m=[32m"background: linear-gradient(135deg, #4b006e 0%, #6b21a8 100%); border-radius: 12px; padding: 1.25rem; color: white;"[39m
          [36m>[39m
            [36m<div[39m
              [33mstyle[39m=[32m"font-size: 0.75rem; opacity: 0.9; font-weight: 600; margin-bottom: 0.5rem; text-transform: uppercase; letter-spacing: 0.05em;"[39m
            [36m>[39m
              [0mTotal Spent[0m
            [36m</div>[39m
            [36m<div[39m
              [33mstyle[39m=[32m"font-size: 2rem; font-weight: 700; line-height: 1;"[39m
            [36m>[39m
              [0m$[0m
              [0m0.00[0m
            [36m</div>[39m
            [36m<div[39m
              [33mstyle[39m=[32m"font-size: 0.75rem; opacity: 0.9; margin-top: 0.5rem;"[39m
            [36m>[39m
              [0m0[0m
              [0m [0m
              [0minvoices[0m
            [36m</div>[39m
          [36m</div>[39m
          [36m<div[39m
            [33mstyle[39m=[32m"background: linear-gradient(135deg, #E8D4A0 0%, #D4AF37 100%); border-radius: 12px; padding: 1.25rem;"[39m
          [36m>[39m
            [36m<div[39m
              [33mstyle[39m=[32m"font-size: 0.75rem; color: rgb(75, 0, 110); font-weight: 600; margin-bottom: 0.5rem; text-transform: uppercase; letter-spacing: 0.05em;"[39m
            [36m>[39m
              [0mAverage Invoice[0m
            [36m</div>[39m
            [36m<div[39m
              [33mstyle[39m=[32m"font-size: 2rem; font-weight: 700; color: rgb(75, 0, 110); line-height: 1;"[39m
            [36m>[39m
              [0m$0.00[0m
            [36m</div>[39m
            [36m<div[39m
              [33mstyle[39m=[32m"font-size: 0.75rem; color: rgb(75, 0, 110); margin-top: 0.5rem;"[39m
            [36m>[39m
              [0mper invoice[0m
            [36m</div>[39m
          [36m</div>[39m
          [36m<div[39m
            [33mstyle[39m=[32m"background: linear-gradient(135deg, #D8E5D8 0%, #A8D5A8 100%); border-radius: 12px; padding: 1.25rem;"[39m
          [36m>[39m
            [36m<div[39m
              [33mstyle[39m=[32m"font-size: 0.75rem; color: rgb(21, 128, 61); font-weight: 600; margin-bottom: 0.5rem; text-transform: uppercase; letter-spacing: 0.05em;"[39m
            [36m>[39m
              [0mTop Vendor[0m
            [36m</div>[39m
            [36m<div[39m
              [33mstyle[39m=[32m"font-size: 2rem; font-weight: 700; color: rgb(22, 101, 52); line-height: 1;"[39m
            [36m>[39m
              [0m$0.00[0m
            [36m</div>[39m
            [36m<div[39m
              [33mstyle[39m=[32m"font-size: 0.75rem; color: rgb(21, 128, 61); margin-top: 0.5rem;"[39m
            [36m>[39m
              [0mNo data[0m
            [36m</div>[39m
          [36m</div>[39m
        [36m</div>[39m
      [36m</div>[39m
      [36m<div[39m
        [33mstyle[39m=[32m"background: rgb(255, 255, 255); border-left: 4px solid rgb(212, 175, 55); border-right: 4px solid rgb(212, 175, 55); border-bottom: 4px solid rgb(212, 175, 55); border-radius: 8px; overflow: visible; box-shadow: 0 2px 8px rgba(184, 134, 11, 0.15); margin-bottom: 2rem;"[39m
      [36m>[39m
        [36m<div[39m
          [33mstyle[39m=[32m"background: rgb(75, 0, 110); color: white; padding: 1rem 1.5rem; font-size: 1.5rem; font-weight: 600;"[39m
        [36m>[39m
          [0mFilters[0m
        [36m</div>[39m
        [36m<div[39m
          [33mstyle[39m=[32m"padding: 1.25rem; display: flex; gap: 1rem; flex-wrap: wrap; align-items: flex-end;"[39m
        [36m>[39m
          [36m<div[39m
            [33mstyle[39m=[32m"display: flex; align-items: center; gap: 0.5rem;"[39m
          [36m>[39m
            [36m<label[39m
              [33mstyle[39m=[32m"font-size: 0.8125rem; font-weight: 600; color: rgb(75, 0, 110); white-space: nowrap;"[39m
            [36m>[39m
              [0mDate:[0m
            [36m</label>[39m
            [36m<select[39m
              [33maria-label[39m=[32m"Select date range preset"[39m
              [33mstyle[39m=[32m"padding: 0.5rem; border: 2px solid rgb(212, 175, 55); border-radius: 6px; font-size: 0.8125rem; background-color: rgb(229, 246, 223); outline: none; min-width: 140px;"[39m
            [36m>[39m
              [36m<option[39m
                [33mvalue[39m=[32m"3mo"[39m
              [36m>[39m
                [0m3 Months[0m
              [36m</option>[39m
              [36m<option[39m
                [33mvalue[39m=[32m"6mo"[39m
              [36m>[39m
                [0m6 Months[0m
              [36m</option>[39m
              [36m<option[39m
                [33mvalue[39m=[32m"12mo"[39m
              [36m>[39m
                [0m12 Months[0m
              [36m</option>[39m
              [36m<option[39m
                [33mvalue[39m=[32m"last-calendar-year"[39m
              [36m>[39m
                [0mLast Year[0m
              [36m</option>[39m
              [36m<option[39m
                [33mvalue[39m=[32m"this-calendar-year"[39m
              [36m>[39m
                [0mThis Year[0m
              [36m</option>[39m
              [36m<option[39m
                [33mvalue[39m=[32m"custom"[39m
              [36m>[39m
                [0mCustom...[0m
              [36m</option>[39m
              [36m<option[39m
                [33mvalue[39m=[32m"all"[39m
              [36m>[39m
                [0mAll Time[0m
              [36m</option>[39m
            [36m</select>[39m
          [36m</div>[39m
          [36m<div[39m
            [33mstyle[39m=[32m"display: flex; align-items: center; gap: 0.5rem;"[39m
          [36m>[39m
            [36m<label[39m
              [33mstyle[39m=[32m"font-size: 0.8125rem; font-weight: 600; color: rgb(75, 0, 110); white-space: nowrap;"[39m
            [36m>[39m
              [0mCategory:[0m
            [36m</label>[39m
            [36m<select[39m
              [33maria-label[39m=[32m"Filter by category"[39m
              [33mstyle[39m=[32m"padding: 0.5rem; border: 2px solid rgb(212, 175, 55); border-radius: 6px; font-size: 0.8125rem; background-color: rgb(229, 246, 223); outline: none; min-width: 140px;"[39m
            [36m>[39m
              [36m<option[39m
                [33mvalue[39m=[32m""[39m
              [36m>[39m
                [0mAll[0m
              [36m</option>[39m
              [36m<option[39m
                [33mvalue[39m=[32m"cat-2"[39m
              [36m>[39m
                [0mBottles[0m
              [36m</option>[39m
              [36m<option[39m
                [33mvalue[39m=[32m"cat-3"[39m
              [36m>[39m
                [0mLabels[0m
              [36m</option>[39m
              [36m<option[39m
                [33mvalue[39m=[32m"cat-1"[39m
              [36m>[39m
                [0mOils[0m
              [36m</option>[39m
            [36m</select>[39m
          [36m</div>[39m
          [36m<div[39m
            [33mstyle[39m=[32m"display: flex; align-items: center; gap: 0.5rem;"[39m
          [36m>[39m
            [36m<label[39m
              [33mstyle[39m=[32m"font-size: 0.8125rem; font-weight: 600; color: rgb(75, 0, 110); white-space: nowrap;"[39m
            [36m>[39m
              [0mVariant:[0m
            [36m</label>[39m
            [36m<select[39m
              [33maria-label[39m=[32m"Filter by variant"[39m
              [33mstyle[39m=[32m"padding: 0.5rem; border: 2px solid rgb(212, 175, 55); border-radius: 6px; font-size: 0.8125rem; background-color: rgb(229, 246, 223); outline: none; min-width: 120px;"[39m
            [36m>[39m
              [36m<option[39m
                [33mvalue[39m=[32m""[39m
              [36m>[39m
                [0mAll[0m
              [36m</option>[39m
              [36m<option[39m
                [33mvalue[39m=[32m"1oz"[39m
              [36m>[39m
                [0m1oz[0m
              [36m</option>[39m
              [36m<option[39m
                [33mvalue[39m=[32m"Bulk"[39m
              [36m>[39m
                [0mBulk[0m
              [36m</option>[39m
            [36m</select>[39m
          [36m</div>[39m
          [36m<div[39m
            [33mstyle[39m=[32m"display: flex; align-items: center; gap: 0.5rem;"[39m
          [36m>[39m
            [36m<label[39m
              [33mstyle[39m=[32m"font-size: 0.8125rem; font-weight: 600; color: rgb(75, 0, 110); white-space: nowrap;"[39m
            [36m>[39m
              [0mVendor:[0m
            [36m</label>[39m
            [36m<input[39m
              [33maria-label[39m=[32m"Filter by vendor"[39m
              [33mlist[39m=[32m"vendor-suggestions"[39m
              [33mplaceholder[39m=[32m"Search..."[39m
              [33mstyle[39m=[32m"padding: 0.5rem; border: 2px solid rgb(212, 175, 55); border-radius: 6px; font-size: 0.8125rem; background-color: rgb(229, 246, 223); outline: none; min-width: 140px;"[39m
              [33mtype[39m=[32m"search"[39m
              [33mvalue[39m=[32m""[39m
            [36m/>[39m
            [36m<datalist[39m
              [33mid[39m=[32m"vendor-suggestions"[39m
            [36m>[39m
              [36m<option[39m
                [33mvalue[39m=[32m"Vendor A"[39m
              [36m/>[39m
              [36m<option[39m
                [33mvalue[39m=[32m"Vendor B"[39m
              [36m/>[39m
            [36m</datalist>[39m
          [36m</div>[39m
          [36m<div[39m
            [33mstyle[39m=[32m"display: flex; align-items: center; gap: 0.5rem;"[39m
          [36m>[39m
            [36m<label[39m
              [33mstyle[39m=[32m"font-size: 0.8125rem; font-weight: 600; color: rgb(75, 0, 110); white-space: nowrap;"[39m
            [36m>[39m
              [0mSort:[0m
            [36m</label>[39m
            [36m<select[39m
              [33maria-label[39m=[32m"Sort invoices"[39m
              [33mstyle[39m=[32m"padding: 0.5rem; border: 2px solid rgb(212, 175, 55); border-radius: 6px; font-size: 0.8125rem; background-color: rgb(229, 246, 223); outline: none; min-width: 100px;"[39m
            [36m>[39m
              [36m<option[39m
                [33mvalue[39m=[32m"date-desc"[39m
              [36m>[39m
                [0mDate ↓[0m
              [36m</option>[39m
              [36m<option[39m
                [33mvalue[39m=[32m"date-asc"[39m
              [36m>[39m
                [0mDate ↑[0m
              [36m</option>[39m
              [36m<option[39m
                [33mvalue[39m=[32m"vendor"[39m
              [36m>[39m
                [0mVendor[0m
              [36m</option>[39m
              [36m<option[39m
                [33mvalue[39m=[32m"total-desc"[39m
              [36m>[39m
                [0mTotal ↓[0m
              [36m</option>[39m
              [36m<option[39m
                [33mvalue[39m=[32m"total-asc"[39m
              [36m>[39m
                [0mTotal ↑[0m
              [36m</option>[39m
            [36m</select>[39m
          [36m</div>[39m
        [36m</div>[39m
      [36m</div>[39m
      [36m<div[39m
        [33mstyle[39m=[32m"background: white; border-radius: 8px; border: 1px solid rgb(229, 231, 235); overflow: hidden;"[39m
      [36m>[39m
        [36m<div[39m
          [33mstyle[39m=[32m"text-align: center; padding: 3rem 2rem; background: rgb(249, 250, 251);"[39m
        [36m>[39m
          [36m<span[39m
            [33mstyle[39m=[32m"font-size: 2.5rem; display: block; margin-bottom: 1rem;"[39m
          [36m>[39m
            [0m🔍[0m
          [36m</span>[39m
          [36m<span[39m
            [33mstyle[39m=[32m"color: rgb(100, 116, 139); font-size: 1.125rem; display: block; margin-bottom: 0.5rem;"[39m
          [36m>[39m
            [0mNo invoices match your filters[0m
          [36m</span>[39m
          [36m<p[39m
            [33mstyle[39m=[32m"margin: 0px 0px 1.5rem 0px; font-size: 0.875rem; color: rgb(148, 163, 184);"[39m
          [36m>[39m
            [0mTry adjusting your date range, vendor, category, or variant filters.[0m
          [36m</p>[39m
          [36m<button[39m
            [33mstyle[39m=[32m"padding: 0.5rem 1rem; background: rgb(75, 0, 110); color: white; border-radius: 6px; font-size: 0.875rem; font-weight: 500; cursor: pointer;"[39m
          [36m>[39m
            [0mClear All Filters[0m
          [36m</button>[39m
        [36m</div>[39m
      [36m</div>[39m
    [36m</div>[39m
  [36m</div>[39m
[36m</body>[39m
 ❯ Object.getElementError node_modules/@testing-library/react/node_modules/@testing-library/dom/dist/config.js:37:19
 ❯ node_modules/@testing-library/react/node_modules/@testing-library/dom/dist/query-helpers.js:76:38
 ❯ node_modules/@testing-library/react/node_modules/@testing-library/dom/dist/query-helpers.js:109:15
 ❯ src/pages/cpg/tabs/RawMaterialsTab.test.tsx:389:39
    387|       render(<RawMaterialsTab {...defaultProps} />);
    388|
    389|       const duplicateButtons = screen.getAllByRole('button', { name: /…
       |                                       ^
    390|       await user.click(duplicateButtons[0]);
    391|

⎯⎯⎯⎯⎯⎯⎯⎯⎯⎯⎯⎯⎯⎯⎯⎯⎯⎯⎯⎯[544/824]⎯

 FAIL  src/pages/cpg/tabs/RawMaterialsTab.test.tsx > RawMaterialsTab > Accessibility > has proper table semantics
TestingLibraryElementError: Unable to find an accessible element with the role "table" and name `/raw material invoice history/i`

Here are the accessible roles:

  tabpanel:

  Name "":
  [36m<div[39m
    [33maria-labelledby[39m=[32m"raw-materials-tab"[39m
    [33mid[39m=[32m"raw-materials-panel"[39m
    [33mrole[39m=[32m"tabpanel"[39m
  [36m/>[39m

  --------------------------------------------------
  button:

  Name "Export raw materials data":
  [36m<button[39m
    [33maria-expanded[39m=[32m"false"[39m
    [33maria-haspopup[39m=[32m"menu"[39m
    [33maria-label[39m=[32m"Export raw materials data"[39m
    [33mstyle[39m=[32m"padding: 0.5rem 1rem; background: rgb(212, 175, 55); border-radius: 6px; color: rgb(26, 26, 26); font-weight: 600; cursor: pointer; font-size: 0.875rem; display: flex; align-items: center; gap: 0.5rem; transition: all 150ms;"[39m
  [36m/>[39m

  Name "Clear All Filters":
  [36m<button[39m
    [33mstyle[39m=[32m"padding: 0.5rem 1rem; background: rgb(75, 0, 110); color: white; border-radius: 6px; font-size: 0.875rem; font-weight: 500; cursor: pointer;"[39m
  [36m/>[39m

  --------------------------------------------------
  combobox:

  Name "Select date range preset":
  [36m<select[39m
    [33maria-label[39m=[32m"Select date range preset"[39m
    [33mstyle[39m=[32m"padding: 0.5rem; border: 2px solid rgb(212, 175, 55); border-radius: 6px; font-size: 0.8125rem; background-color: rgb(229, 246, 223); outline: none; min-width: 140px;"[39m
  [36m/>[39m

  Name "Filter by category":
  [36m<select[39m
    [33maria-label[39m=[32m"Filter by category"[39m
    [33mstyle[39m=[32m"padding: 0.5rem; border: 2px solid rgb(212, 175, 55); border-radius: 6px; font-size: 0.8125rem; background-color: rgb(229, 246, 223); outline: none; min-width: 140px;"[39m
  [36m/>[39m

  Name "Filter by variant":
  [36m<select[39m
    [33maria-label[39m=[32m"Filter by variant"[39m
    [33mstyle[39m=[32m"padding: 0.5rem; border: 2px solid rgb(212, 175, 55); border-radius: 6px; font-size: 0.8125rem; background-color: rgb(229, 246, 223); outline: none; min-width: 120px;"[39m
  [36m/>[39m

  Name "Filter by vendor":
  [36m<input[39m
    [33maria-label[39m=[32m"Filter by vendor"[39m
    [33mlist[39m=[32m"vendor-suggestions"[39m
    [33mplaceholder[39m=[32m"Search..."[39m
    [33mstyle[39m=[32m"padding: 0.5rem; border: 2px solid rgb(212, 175, 55); border-radius: 6px; font-size: 0.8125rem; background-color: rgb(229, 246, 223); outline: none; min-width: 140px;"[39m
    [33mtype[39m=[32m"search"[39m
    [33mvalue[39m=[32m""[39m
  [36m/>[39m

  Name "Sort invoices":
  [36m<select[39m
    [33maria-label[39m=[32m"Sort invoices"[39m
    [33mstyle[39m=[32m"padding: 0.5rem; border: 2px solid rgb(212, 175, 55); border-radius: 6px; font-size: 0.8125rem; background-color: rgb(229, 246, 223); outline: none; min-width: 100px;"[39m
  [36m/>[39m

  --------------------------------------------------
  option:

  Name "3 Months":
  [36m<option[39m
    [33mvalue[39m=[32m"3mo"[39m
  [36m/>[39m

  Name "6 Months":
  [36m<option[39m
    [33mvalue[39m=[32m"6mo"[39m
  [36m/>[39m

  Name "12 Months":
  [36m<option[39m
    [33mvalue[39m=[32m"12mo"[39m
  [36m/>[39m

  Name "Last Year":
  [36m<option[39m
    [33mvalue[39m=[32m"last-calendar-year"[39m
  [36m/>[39m

  Name "This Year":
  [36m<option[39m
    [33mvalue[39m=[32m"this-calendar-year"[39m
  [36m/>[39m

  Name "Custom...":
  [36m<option[39m
    [33mvalue[39m=[32m"custom"[39m
  [36m/>[39m

  Name "All Time":
  [36m<option[39m
    [33mvalue[39m=[32m"all"[39m
  [36m/>[39m

  Name "All":
  [36m<option[39m
    [33mvalue[39m=[32m""[39m
  [36m/>[39m

  Name "Bottles":
  [36m<option[39m
    [33mvalue[39m=[32m"cat-2"[39m
  [36m/>[39m

  Name "Labels":
  [36m<option[39m
    [33mvalue[39m=[32m"cat-3"[39m
  [36m/>[39m

  Name "Oils":
  [36m<option[39m
    [33mvalue[39m=[32m"cat-1"[39m
  [36m/>[39m

  Name "All":
  [36m<option[39m
    [33mvalue[39m=[32m""[39m
  [36m/>[39m

  Name "1oz":
  [36m<option[39m
    [33mvalue[39m=[32m"1oz"[39m
  [36m/>[39m

  Name "Bulk":
  [36m<option[39m
    [33mvalue[39m=[32m"Bulk"[39m
  [36m/>[39m

  Name "Date ↓":
  [36m<option[39m
    [33mvalue[39m=[32m"date-desc"[39m
  [36m/>[39m

  Name "Date ↑":
  [36m<option[39m
    [33mvalue[39m=[32m"date-asc"[39m
  [36m/>[39m

  Name "Vendor":
  [36m<option[39m
    [33mvalue[39m=[32m"vendor"[39m
  [36m/>[39m

  Name "Total ↓":
  [36m<option[39m
    [33mvalue[39m=[32m"total-desc"[39m
  [36m/>[39m

  Name "Total ↑":
  [36m<option[39m
    [33mvalue[39m=[32m"total-asc"[39m
  [36m/>[39m

  --------------------------------------------------

Ignored nodes: comments, script, style
[36m<body>[39m
  [36m<div>[39m
    [36m<div[39m
      [33maria-labelledby[39m=[32m"raw-materials-tab"[39m
      [33mid[39m=[32m"raw-materials-panel"[39m
      [33mrole[39m=[32m"tabpanel"[39m
    [36m>[39m
      [36m<div[39m
        [33mstyle[39m=[32m"background: rgb(255, 255, 255); border-left: 4px solid rgb(212, 175, 55); border-right: 4px solid rgb(212, 175, 55); border-bottom: 4px solid rgb(212, 175, 55); border-radius: 8px; overflow: hidden; box-shadow: 0 2px 8px rgba(184, 134, 11, 0.15); margin-bottom: 1.5rem;"[39m
      [36m>[39m
        [36m<div[39m
          [33mstyle[39m=[32m"background: rgb(75, 0, 110); color: white; padding: 1.25rem 1.5rem; font-size: 1.5rem; font-weight: 600; display: flex; justify-content: space-between; align-items: center;"[39m
        [36m>[39m
          [36m<span>[39m
            [0mSummary[0m
          [36m</span>[39m
          [36m<div[39m
            [33mstyle[39m=[32m"position: relative;"[39m
          [36m>[39m
            [36m<button[39m
              [33maria-expanded[39m=[32m"false"[39m
              [33maria-haspopup[39m=[32m"menu"[39m
              [33maria-label[39m=[32m"Export raw materials data"[39m
              [33mstyle[39m=[32m"padding: 0.5rem 1rem; background: rgb(212, 175, 55); border-radius: 6px; color: rgb(26, 26, 26); font-weight: 600; cursor: pointer; font-size: 0.875rem; display: flex; align-items: center; gap: 0.5rem; transition: all 150ms;"[39m
            [36m>[39m
              [36m<span>[39m
                [0m📊[0m
              [36m</span>[39m
              [36m<span>[39m
                [0mExport[0m
              [36m</span>[39m
              [36m<span[39m
                [33maria-hidden[39m=[32m"true"[39m
              [36m>[39m
                [0m▼[0m
              [36m</span>[39m
            [36m</button>[39m
          [36m</div>[39m
        [36m</div>[39m
        [36m<div[39m
          [33mstyle[39m=[32m"padding: 1.5rem; display: grid; grid-template-columns: repeat(3, 1fr); gap: 1.25rem;"[39m
        [36m>[39m
          [36m<div[39m
            [33mstyle[39m=[32m"background: linear-gradient(135deg, #4b006e 0%, #6b21a8 100%); border-radius: 12px; padding: 1.25rem; color: white;"[39m
          [36m>[39m
            [36m<div[39m
              [33mstyle[39m=[32m"font-size: 0.75rem; opacity: 0.9; font-weight: 600; margin-bottom: 0.5rem; text-transform: uppercase; letter-spacing: 0.05em;"[39m
            [36m>[39m
              [0mTotal Spent[0m
            [36m</div>[39m
            [36m<div[39m
              [33mstyle[39m=[32m"font-size: 2rem; font-weight: 700; line-height: 1;"[39m
            [36m>[39m
              [0m$[0m
              [0m0.00[0m
            [36m</div>[39m
            [36m<div[39m
              [33mstyle[39m=[32m"font-size: 0.75rem; opacity: 0.9; margin-top: 0.5rem;"[39m
            [36m>[39m
              [0m0[0m
              [0m [0m
              [0minvoices[0m
            [36m</div>[39m
          [36m</div>[39m
          [36m<div[39m
            [33mstyle[39m=[32m"background: linear-gradient(135deg, #E8D4A0 0%, #D4AF37 100%); border-radius: 12px; padding: 1.25rem;"[39m
          [36m>[39m
            [36m<div[39m
              [33mstyle[39m=[32m"font-size: 0.75rem; color: rgb(75, 0, 110); font-weight: 600; margin-bottom: 0.5rem; text-transform: uppercase; letter-spacing: 0.05em;"[39m
            [36m>[39m
              [0mAverage Invoice[0m
            [36m</div>[39m
            [36m<div[39m
              [33mstyle[39m=[32m"font-size: 2rem; font-weight: 700; color: rgb(75, 0, 110); line-height: 1;"[39m
            [36m>[39m
              [0m$0.00[0m
            [36m</div>[39m
            [36m<div[39m
              [33mstyle[39m=[32m"font-size: 0.75rem; color: rgb(75, 0, 110); margin-top: 0.5rem;"[39m
            [36m>[39m
              [0mper invoice[0m
            [36m</div>[39m
          [36m</div>[39m
          [36m<div[39m
            [33mstyle[39m=[32m"background: linear-gradient(135deg, #D8E5D8 0%, #A8D5A8 100%); border-radius: 12px; padding: 1.25rem;"[39m
          [36m>[39m
            [36m<div[39m
              [33mstyle[39m=[32m"font-size: 0.75rem; color: rgb(21, 128, 61); font-weight: 600; margin-bottom: 0.5rem; text-transform: uppercase; letter-spacing: 0.05em;"[39m
            [36m>[39m
              [0mTop Vendor[0m
            [36m</div>[39m
            [36m<div[39m
              [33mstyle[39m=[32m"font-size: 2rem; font-weight: 700; color: rgb(22, 101, 52); line-height: 1;"[39m
            [36m>[39m
              [0m$0.00[0m
            [36m</div>[39m
            [36m<div[39m
              [33mstyle[39m=[32m"font-size: 0.75rem; color: rgb(21, 128, 61); margin-top: 0.5rem;"[39m
            [36m>[39m
              [0mNo data[0m
            [36m</div>[39m
          [36m</div>[39m
        [36m</div>[39m
      [36m</div>[39m
      [36m<div[39m
        [33mstyle[39m=[32m"background: rgb(255, 255, 255); border-left: 4px solid rgb(212, 175, 55); border-right: 4px solid rgb(212, 175, 55); border-bottom: 4px solid rgb(212, 175, 55); border-radius: 8px; overflow: visible; box-shadow: 0 2px 8px rgba(184, 134, 11, 0.15); margin-bottom: 2rem;"[39m
      [36m>[39m
        [36m<div[39m
          [33mstyle[39m=[32m"background: rgb(75, 0, 110); color: white; padding: 1rem 1.5rem; font-size: 1.5rem; font-weight: 600;"[39m
        [36m>[39m
          [0mFilters[0m
        [36m</div>[39m
        [36m<div[39m
          [33mstyle[39m=[32m"padding: 1.25rem; display: flex; gap: 1rem; flex-wrap: wrap; align-items: flex-end;"[39m
        [36m>[39m
          [36m<div[39m
            [33mstyle[39m=[32m"display: flex; align-items: center; gap: 0.5rem;"[39m
          [36m>[39m
            [36m<label[39m
              [33mstyle[39m=[32m"font-size: 0.8125rem; font-weight: 600; color: rgb(75, 0, 110); white-space: nowrap;"[39m
            [36m>[39m
              [0mDate:[0m
            [36m</label>[39m
            [36m<select[39m
              [33maria-label[39m=[32m"Select date range preset"[39m
              [33mstyle[39m=[32m"padding: 0.5rem; border: 2px solid rgb(212, 175, 55); border-radius: 6px; font-size: 0.8125rem; background-color: rgb(229, 246, 223); outline: none; min-width: 140px;"[39m
            [36m>[39m
              [36m<option[39m
                [33mvalue[39m=[32m"3mo"[39m
              [36m>[39m
                [0m3 Months[0m
              [36m</option>[39m
              [36m<option[39m
                [33mvalue[39m=[32m"6mo"[39m
              [36m>[39m
                [0m6 Months[0m
              [36m</option>[39m
              [36m<option[39m
                [33mvalue[39m=[32m"12mo"[39m
              [36m>[39m
                [0m12 Months[0m
              [36m</option>[39m
              [36m<option[39m
                [33mvalue[39m=[32m"last-calendar-year"[39m
              [36m>[39m
                [0mLast Year[0m
              [36m</option>[39m
              [36m<option[39m
                [33mvalue[39m=[32m"this-calendar-year"[39m
              [36m>[39m
                [0mThis Year[0m
              [36m</option>[39m
              [36m<option[39m
                [33mvalue[39m=[32m"custom"[39m
              [36m>[39m
                [0mCustom...[0m
              [36m</option>[39m
              [36m<option[39m
                [33mvalue[39m=[32m"all"[39m
              [36m>[39m
                [0mAll Time[0m
              [36m</option>[39m
            [36m</select>[39m
          [36m</div>[39m
          [36m<div[39m
            [33mstyle[39m=[32m"display: flex; align-items: center; gap: 0.5rem;"[39m
          [36m>[39m
            [36m<label[39m
              [33mstyle[39m=[32m"font-size: 0.8125rem; font-weight: 600; color: rgb(75, 0, 110); white-space: nowrap;"[39m
            [36m>[39m
              [0mCategory:[0m
            [36m</label>[39m
            [36m<select[39m
              [33maria-label[39m=[32m"Filter by category"[39m
              [33mstyle[39m=[32m"padding: 0.5rem; border: 2px solid rgb(212, 175, 55); border-radius: 6px; font-size: 0.8125rem; background-color: rgb(229, 246, 223); outline: none; min-width: 140px;"[39m
            [36m>[39m
              [36m<option[39m
                [33mvalue[39m=[32m""[39m
              [36m>[39m
                [0mAll[0m
              [36m</option>[39m
              [36m<option[39m
                [33mvalue[39m=[32m"cat-2"[39m
              [36m>[39m
                [0mBottles[0m
              [36m</option>[39m
              [36m<option[39m
                [33mvalue[39m=[32m"cat-3"[39m
              [36m>[39m
                [0mLabels[0m
              [36m</option>[39m
              [36m<option[39m
                [33mvalue[39m=[32m"cat-1"[39m
              [36m>[39m
                [0mOils[0m
              [36m</option>[39m
            [36m</select>[39m
          [36m</div>[39m
          [36m<div[39m
            [33mstyle[39m=[32m"display: flex; align-items: center; gap: 0.5rem;"[39m
          [36m>[39m
            [36m<label[39m
              [33mstyle[39m=[32m"font-size: 0.8125rem; font-weight: 600; color: rgb(75, 0, 110); white-space: nowrap;"[39m
            [36m>[39m
              [0mVariant:[0m
            [36m</label>[39m
            [36m<select[39m
              [33maria-label[39m=[32m"Filter by variant"[39m
              [33mstyle[39m=[32m"padding: 0.5rem; border: 2px solid rgb(212, 175, 55); border-radius: 6px; font-size: 0.8125rem; background-color: rgb(229, 246, 223); outline: none; min-width: 120px;"[39m
            [36m>[39m
              [36m<option[39m
                [33mvalue[39m=[32m""[39m
              [36m>[39m
                [0mAll[0m
              [36m</option>[39m
              [36m<option[39m
                [33mvalue[39m=[32m"1oz"[39m
              [36m>[39m
                [0m1oz[0m
              [36m</option>[39m
              [36m<option[39m
                [33mvalue[39m=[32m"Bulk"[39m
              [36m>[39m
                [0mBulk[0m
              [36m</option>[39m
            [36m</select>[39m
          [36m</div>[39m
          [36m<div[39m
            [33mstyle[39m=[32m"display: flex; align-items: center; gap: 0.5rem;"[39m
          [36m>[39m
            [36m<label[39m
              [33mstyle[39m=[32m"font-size: 0.8125rem; font-weight: 600; color: rgb(75, 0, 110); white-space: nowrap;"[39m
            [36m>[39m
              [0mVendor:[0m
            [36m</label>[39m
            [36m<input[39m
              [33maria-label[39m=[32m"Filter by vendor"[39m
              [33mlist[39m=[32m"vendor-suggestions"[39m
              [33mplaceholder[39m=[32m"Search..."[39m
              [33mstyle[39m=[32m"padding: 0.5rem; border: 2px solid rgb(212, 175, 55); border-radius: 6px; font-size: 0.8125rem; background-color: rgb(229, 246, 223); outline: none; min-width: 140px;"[39m
              [33mtype[39m=[32m"search"[39m
              [33mvalue[39m=[32m""[39m
            [36m/>[39m
            [36m<datalist[39m
              [33mid[39m=[32m"vendor-suggestions"[39m
            [36m>[39m
              [36m<option[39m
                [33mvalue[39m=[32m"Vendor A"[39m
              [36m/>[39m
              [36m<option[39m
                [33mvalue[39m=[32m"Vendor B"[39m
              [36m/>[39m
            [36m</datalist>[39m
          [36m</div>[39m
          [36m<div[39m
            [33mstyle[39m=[32m"display: flex; align-items: center; gap: 0.5rem;"[39m
          [36m>[39m
            [36m<label[39m
              [33mstyle[39m=[32m"font-size: 0.8125rem; font-weight: 600; color: rgb(75, 0, 110); white-space: nowrap;"[39m
            [36m>[39m
              [0mSort:[0m
            [36m</label>[39m
            [36m<select[39m
              [33maria-label[39m=[32m"Sort invoices"[39m
              [33mstyle[39m=[32m"padding: 0.5rem; border: 2px solid rgb(212, 175, 55); border-radius: 6px; font-size: 0.8125rem; background-color: rgb(229, 246, 223); outline: none; min-width: 100px;"[39m
            [36m>[39m
              [36m<option[39m
                [33mvalue[39m=[32m"date-desc"[39m
              [36m>[39m
                [0mDate ↓[0m
              [36m</option>[39m
              [36m<option[39m
                [33mvalue[39m=[32m"date-asc"[39m
              [36m>[39m
                [0mDate ↑[0m
              [36m</option>[39m
              [36m<option[39m
                [33mvalue[39m=[32m"vendor"[39m
              [36m>[39m
                [0mVendor[0m
              [36m</option>[39m
              [36m<option[39m
                [33mvalue[39m=[32m"total-desc"[39m
              [36m>[39m
                [0mTotal ↓[0m
              [36m</option>[39m
              [36m<option[39m
                [33mvalue[39m=[32m"total-asc"[39m
              [36m>[39m
                [0mTotal ↑[0m
              [36m</option>[39m
            [36m</select>[39m
          [36m</div>[39m
        [36m</div>[39m
      [36m</div>[39m
      [36m<div[39m
        [33mstyle[39m=[32m"background: white; border-radius: 8px; border: 1px solid rgb(229, 231, 235); overflow: hidden;"[39m
      [36m>[39m
        [36m<div[39m
          [33mstyle[39m=[32m"text-align: center; padding: 3rem 2rem; background: rgb(249, 250, 251);"[39m
        [36m>[39m
          [36m<span[39m
            [33mstyle[39m=[32m"font-size: 2.5rem; display: block; margin-bottom: 1rem;"[39m
          [36m>[39m
            [0m🔍[0m
          [36m</span>[39m
          [36m<span[39m
            [33mstyle[39m=[32m"color: rgb(100, 116, 139); font-size: 1.125rem; display: block; margin-bottom: 0.5rem;"[39m
          [36m>[39m
            [0mNo invoices match your filters[0m
          [36m</span>[39m
          [36m<p[39m
            [33mstyle[39m=[32m"margin: 0px 0px 1.5rem 0px; font-size: 0.875rem; color: rgb(148, 163, 184);"[39m
          [36m>[39m
            [0mTry adjusting your date range, vendor, category, or variant filters.[0m
          [36m</p>[39m
          [36m<button[39m
            [33mstyle[39m=[32m"padding: 0.5rem 1rem; background: rgb(75, 0, 110); color: white; border-radius: 6px; font-size: 0.875rem; font-weight: 500; cursor: pointer;"[39m
          [36m>[39m
            [0mClear All Filters[0m
          [36m</button>[39m
        [36m</div>[39m
      [36m</div>[39m
    [36m</div>[39m
  [36m</div>[39m
[36m</body>[39m
 ❯ Object.getElementError node_modules/@testing-library/react/node_modules/@testing-library/dom/dist/config.js:37:19
 ❯ node_modules/@testing-library/react/node_modules/@testing-library/dom/dist/query-helpers.js:76:38
 ❯ node_modules/@testing-library/react/node_modules/@testing-library/dom/dist/query-helpers.js:52:17
 ❯ node_modules/@testing-library/react/node_modules/@testing-library/dom/dist/query-helpers.js:95:19
 ❯ src/pages/cpg/tabs/RawMaterialsTab.test.tsx:409:28
    407|       render(<RawMaterialsTab {...defaultProps} />);
    408|
    409|       const table = screen.getByRole('table', { name: /raw material in…
       |                            ^
    410|       expect(table).toBeInTheDocument();
    411|

⎯⎯⎯⎯⎯⎯⎯⎯⎯⎯⎯⎯⎯⎯⎯⎯⎯⎯⎯⎯[545/824]⎯

 FAIL  src/pages/cpg/tabs/RawMaterialsTab.test.tsx > RawMaterialsTab > Accessibility > has sortable column headers with aria-sort
TestingLibraryElementError: Unable to find an accessible element with the role "columnheader" and name `/date/i`

Here are the accessible roles:

  tabpanel:

  Name "":
  [36m<div[39m
    [33maria-labelledby[39m=[32m"raw-materials-tab"[39m
    [33mid[39m=[32m"raw-materials-panel"[39m
    [33mrole[39m=[32m"tabpanel"[39m
  [36m/>[39m

  --------------------------------------------------
  button:

  Name "Export raw materials data":
  [36m<button[39m
    [33maria-expanded[39m=[32m"false"[39m
    [33maria-haspopup[39m=[32m"menu"[39m
    [33maria-label[39m=[32m"Export raw materials data"[39m
    [33mstyle[39m=[32m"padding: 0.5rem 1rem; background: rgb(212, 175, 55); border-radius: 6px; color: rgb(26, 26, 26); font-weight: 600; cursor: pointer; font-size: 0.875rem; display: flex; align-items: center; gap: 0.5rem; transition: all 150ms;"[39m
  [36m/>[39m

  Name "Clear All Filters":
  [36m<button[39m
    [33mstyle[39m=[32m"padding: 0.5rem 1rem; background: rgb(75, 0, 110); color: white; border-radius: 6px; font-size: 0.875rem; font-weight: 500; cursor: pointer;"[39m
  [36m/>[39m

  --------------------------------------------------
  combobox:

  Name "Select date range preset":
  [36m<select[39m
    [33maria-label[39m=[32m"Select date range preset"[39m
    [33mstyle[39m=[32m"padding: 0.5rem; border: 2px solid rgb(212, 175, 55); border-radius: 6px; font-size: 0.8125rem; background-color: rgb(229, 246, 223); outline: none; min-width: 140px;"[39m
  [36m/>[39m

  Name "Filter by category":
  [36m<select[39m
    [33maria-label[39m=[32m"Filter by category"[39m
    [33mstyle[39m=[32m"padding: 0.5rem; border: 2px solid rgb(212, 175, 55); border-radius: 6px; font-size: 0.8125rem; background-color: rgb(229, 246, 223); outline: none; min-width: 140px;"[39m
  [36m/>[39m

  Name "Filter by variant":
  [36m<select[39m
    [33maria-label[39m=[32m"Filter by variant"[39m
    [33mstyle[39m=[32m"padding: 0.5rem; border: 2px solid rgb(212, 175, 55); border-radius: 6px; font-size: 0.8125rem; background-color: rgb(229, 246, 223); outline: none; min-width: 120px;"[39m
  [36m/>[39m

  Name "Filter by vendor":
  [36m<input[39m
    [33maria-label[39m=[32m"Filter by vendor"[39m
    [33mlist[39m=[32m"vendor-suggestions"[39m
    [33mplaceholder[39m=[32m"Search..."[39m
    [33mstyle[39m=[32m"padding: 0.5rem; border: 2px solid rgb(212, 175, 55); border-radius: 6px; font-size: 0.8125rem; background-color: rgb(229, 246, 223); outline: none; min-width: 140px;"[39m
    [33mtype[39m=[32m"search"[39m
    [33mvalue[39m=[32m""[39m
  [36m/>[39m

  Name "Sort invoices":
  [36m<select[39m
    [33maria-label[39m=[32m"Sort invoices"[39m
    [33mstyle[39m=[32m"padding: 0.5rem; border: 2px solid rgb(212, 175, 55); border-radius: 6px; font-size: 0.8125rem; background-color: rgb(229, 246, 223); outline: none; min-width: 100px;"[39m
  [36m/>[39m

  --------------------------------------------------
  option:

  Name "3 Months":
  [36m<option[39m
    [33mvalue[39m=[32m"3mo"[39m
  [36m/>[39m

  Name "6 Months":
  [36m<option[39m
    [33mvalue[39m=[32m"6mo"[39m
  [36m/>[39m

  Name "12 Months":
  [36m<option[39m
    [33mvalue[39m=[32m"12mo"[39m
  [36m/>[39m

  Name "Last Year":
  [36m<option[39m
    [33mvalue[39m=[32m"last-calendar-year"[39m
  [36m/>[39m

  Name "This Year":
  [36m<option[39m
    [33mvalue[39m=[32m"this-calendar-year"[39m
  [36m/>[39m

  Name "Custom...":
  [36m<option[39m
    [33mvalue[39m=[32m"custom"[39m
  [36m/>[39m

  Name "All Time":
  [36m<option[39m
    [33mvalue[39m=[32m"all"[39m
  [36m/>[39m

  Name "All":
  [36m<option[39m
    [33mvalue[39m=[32m""[39m
  [36m/>[39m

  Name "Bottles":
  [36m<option[39m
    [33mvalue[39m=[32m"cat-2"[39m
  [36m/>[39m

  Name "Labels":
  [36m<option[39m
    [33mvalue[39m=[32m"cat-3"[39m
  [36m/>[39m

  Name "Oils":
  [36m<option[39m
    [33mvalue[39m=[32m"cat-1"[39m
  [36m/>[39m

  Name "All":
  [36m<option[39m
    [33mvalue[39m=[32m""[39m
  [36m/>[39m

  Name "1oz":
  [36m<option[39m
    [33mvalue[39m=[32m"1oz"[39m
  [36m/>[39m

  Name "Bulk":
  [36m<option[39m
    [33mvalue[39m=[32m"Bulk"[39m
  [36m/>[39m

  Name "Date ↓":
  [36m<option[39m
    [33mvalue[39m=[32m"date-desc"[39m
  [36m/>[39m

  Name "Date ↑":
  [36m<option[39m
    [33mvalue[39m=[32m"date-asc"[39m
  [36m/>[39m

  Name "Vendor":
  [36m<option[39m
    [33mvalue[39m=[32m"vendor"[39m
  [36m/>[39m

  Name "Total ↓":
  [36m<option[39m
    [33mvalue[39m=[32m"total-desc"[39m
  [36m/>[39m

  Name "Total ↑":
  [36m<option[39m
    [33mvalue[39m=[32m"total-asc"[39m
  [36m/>[39m

  --------------------------------------------------

Ignored nodes: comments, script, style
[36m<body>[39m
  [36m<div>[39m
    [36m<div[39m
      [33maria-labelledby[39m=[32m"raw-materials-tab"[39m
      [33mid[39m=[32m"raw-materials-panel"[39m
      [33mrole[39m=[32m"tabpanel"[39m
    [36m>[39m
      [36m<div[39m
        [33mstyle[39m=[32m"background: rgb(255, 255, 255); border-left: 4px solid rgb(212, 175, 55); border-right: 4px solid rgb(212, 175, 55); border-bottom: 4px solid rgb(212, 175, 55); border-radius: 8px; overflow: hidden; box-shadow: 0 2px 8px rgba(184, 134, 11, 0.15); margin-bottom: 1.5rem;"[39m
      [36m>[39m
        [36m<div[39m
          [33mstyle[39m=[32m"background: rgb(75, 0, 110); color: white; padding: 1.25rem 1.5rem; font-size: 1.5rem; font-weight: 600; display: flex; justify-content: space-between; align-items: center;"[39m
        [36m>[39m
          [36m<span>[39m
            [0mSummary[0m
          [36m</span>[39m
          [36m<div[39m
            [33mstyle[39m=[32m"position: relative;"[39m
          [36m>[39m
            [36m<button[39m
              [33maria-expanded[39m=[32m"false"[39m
              [33maria-haspopup[39m=[32m"menu"[39m
              [33maria-label[39m=[32m"Export raw materials data"[39m
              [33mstyle[39m=[32m"padding: 0.5rem 1rem; background: rgb(212, 175, 55); border-radius: 6px; color: rgb(26, 26, 26); font-weight: 600; cursor: pointer; font-size: 0.875rem; display: flex; align-items: center; gap: 0.5rem; transition: all 150ms;"[39m
            [36m>[39m
              [36m<span>[39m
                [0m📊[0m
              [36m</span>[39m
              [36m<span>[39m
                [0mExport[0m
              [36m</span>[39m
              [36m<span[39m
                [33maria-hidden[39m=[32m"true"[39m
              [36m>[39m
                [0m▼[0m
              [36m</span>[39m
            [36m</button>[39m
          [36m</div>[39m
        [36m</div>[39m
        [36m<div[39m
          [33mstyle[39m=[32m"padding: 1.5rem; display: grid; grid-template-columns: repeat(3, 1fr); gap: 1.25rem;"[39m
        [36m>[39m
          [36m<div[39m
            [33mstyle[39m=[32m"background: linear-gradient(135deg, #4b006e 0%, #6b21a8 100%); border-radius: 12px; padding: 1.25rem; color: white;"[39m
          [36m>[39m
            [36m<div[39m
              [33mstyle[39m=[32m"font-size: 0.75rem; opacity: 0.9; font-weight: 600; margin-bottom: 0.5rem; text-transform: uppercase; letter-spacing: 0.05em;"[39m
            [36m>[39m
              [0mTotal Spent[0m
            [36m</div>[39m
            [36m<div[39m
              [33mstyle[39m=[32m"font-size: 2rem; font-weight: 700; line-height: 1;"[39m
            [36m>[39m
              [0m$[0m
              [0m0.00[0m
            [36m</div>[39m
            [36m<div[39m
              [33mstyle[39m=[32m"font-size: 0.75rem; opacity: 0.9; margin-top: 0.5rem;"[39m
            [36m>[39m
              [0m0[0m
              [0m [0m
              [0minvoices[0m
            [36m</div>[39m
          [36m</div>[39m
          [36m<div[39m
            [33mstyle[39m=[32m"background: linear-gradient(135deg, #E8D4A0 0%, #D4AF37 100%); border-radius: 12px; padding: 1.25rem;"[39m
          [36m>[39m
            [36m<div[39m
              [33mstyle[39m=[32m"font-size: 0.75rem; color: rgb(75, 0, 110); font-weight: 600; margin-bottom: 0.5rem; text-transform: uppercase; letter-spacing: 0.05em;"[39m
            [36m>[39m
              [0mAverage Invoice[0m
            [36m</div>[39m
            [36m<div[39m
              [33mstyle[39m=[32m"font-size: 2rem; font-weight: 700; color: rgb(75, 0, 110); line-height: 1;"[39m
            [36m>[39m
              [0m$0.00[0m
            [36m</div>[39m
            [36m<div[39m
              [33mstyle[39m=[32m"font-size: 0.75rem; color: rgb(75, 0, 110); margin-top: 0.5rem;"[39m
            [36m>[39m
              [0mper invoice[0m
            [36m</div>[39m
          [36m</div>[39m
          [36m<div[39m
            [33mstyle[39m=[32m"background: linear-gradient(135deg, #D8E5D8 0%, #A8D5A8 100%); border-radius: 12px; padding: 1.25rem;"[39m
          [36m>[39m
            [36m<div[39m
              [33mstyle[39m=[32m"font-size: 0.75rem; color: rgb(21, 128, 61); font-weight: 600; margin-bottom: 0.5rem; text-transform: uppercase; letter-spacing: 0.05em;"[39m
            [36m>[39m
              [0mTop Vendor[0m
            [36m</div>[39m
            [36m<div[39m
              [33mstyle[39m=[32m"font-size: 2rem; font-weight: 700; color: rgb(22, 101, 52); line-height: 1;"[39m
            [36m>[39m
              [0m$0.00[0m
            [36m</div>[39m
            [36m<div[39m
              [33mstyle[39m=[32m"font-size: 0.75rem; color: rgb(21, 128, 61); margin-top: 0.5rem;"[39m
            [36m>[39m
              [0mNo data[0m
            [36m</div>[39m
          [36m</div>[39m
        [36m</div>[39m
      [36m</div>[39m
      [36m<div[39m
        [33mstyle[39m=[32m"background: rgb(255, 255, 255); border-left: 4px solid rgb(212, 175, 55); border-right: 4px solid rgb(212, 175, 55); border-bottom: 4px solid rgb(212, 175, 55); border-radius: 8px; overflow: visible; box-shadow: 0 2px 8px rgba(184, 134, 11, 0.15); margin-bottom: 2rem;"[39m
      [36m>[39m
        [36m<div[39m
          [33mstyle[39m=[32m"background: rgb(75, 0, 110); color: white; padding: 1rem 1.5rem; font-size: 1.5rem; font-weight: 600;"[39m
        [36m>[39m
          [0mFilters[0m
        [36m</div>[39m
        [36m<div[39m
          [33mstyle[39m=[32m"padding: 1.25rem; display: flex; gap: 1rem; flex-wrap: wrap; align-items: flex-end;"[39m
        [36m>[39m
          [36m<div[39m
            [33mstyle[39m=[32m"display: flex; align-items: center; gap: 0.5rem;"[39m
          [36m>[39m
            [36m<label[39m
              [33mstyle[39m=[32m"font-size: 0.8125rem; font-weight: 600; color: rgb(75, 0, 110); white-space: nowrap;"[39m
            [36m>[39m
              [0mDate:[0m
            [36m</label>[39m
            [36m<select[39m
              [33maria-label[39m=[32m"Select date range preset"[39m
              [33mstyle[39m=[32m"padding: 0.5rem; border: 2px solid rgb(212, 175, 55); border-radius: 6px; font-size: 0.8125rem; background-color: rgb(229, 246, 223); outline: none; min-width: 140px;"[39m
            [36m>[39m
              [36m<option[39m
                [33mvalue[39m=[32m"3mo"[39m
              [36m>[39m
                [0m3 Months[0m
              [36m</option>[39m
              [36m<option[39m
                [33mvalue[39m=[32m"6mo"[39m
              [36m>[39m
                [0m6 Months[0m
              [36m</option>[39m
              [36m<option[39m
                [33mvalue[39m=[32m"12mo"[39m
              [36m>[39m
                [0m12 Months[0m
              [36m</option>[39m
              [36m<option[39m
                [33mvalue[39m=[32m"last-calendar-year"[39m
              [36m>[39m
                [0mLast Year[0m
              [36m</option>[39m
              [36m<option[39m
                [33mvalue[39m=[32m"this-calendar-year"[39m
              [36m>[39m
                [0mThis Year[0m
              [36m</option>[39m
              [36m<option[39m
                [33mvalue[39m=[32m"custom"[39m
              [36m>[39m
                [0mCustom...[0m
              [36m</option>[39m
              [36m<option[39m
                [33mvalue[39m=[32m"all"[39m
              [36m>[39m
                [0mAll Time[0m
              [36m</option>[39m
            [36m</select>[39m
          [36m</div>[39m
          [36m<div[39m
            [33mstyle[39m=[32m"display: flex; align-items: center; gap: 0.5rem;"[39m
          [36m>[39m
            [36m<label[39m
              [33mstyle[39m=[32m"font-size: 0.8125rem; font-weight: 600; color: rgb(75, 0, 110); white-space: nowrap;"[39m
            [36m>[39m
              [0mCategory:[0m
            [36m</label>[39m
            [36m<select[39m
              [33maria-label[39m=[32m"Filter by category"[39m
              [33mstyle[39m=[32m"padding: 0.5rem; border: 2px solid rgb(212, 175, 55); border-radius: 6px; font-size: 0.8125rem; background-color: rgb(229, 246, 223); outline: none; min-width: 140px;"[39m
            [36m>[39m
              [36m<option[39m
                [33mvalue[39m=[32m""[39m
              [36m>[39m
                [0mAll[0m
              [36m</option>[39m
              [36m<option[39m
                [33mvalue[39m=[32m"cat-2"[39m
              [36m>[39m
                [0mBottles[0m
              [36m</option>[39m
              [36m<option[39m
                [33mvalue[39m=[32m"cat-3"[39m
              [36m>[39m
                [0mLabels[0m
              [36m</option>[39m
              [36m<option[39m
                [33mvalue[39m=[32m"cat-1"[39m
              [36m>[39m
                [0mOils[0m
              [36m</option>[39m
            [36m</select>[39m
          [36m</div>[39m
          [36m<div[39m
            [33mstyle[39m=[32m"display: flex; align-items: center; gap: 0.5rem;"[39m
          [36m>[39m
            [36m<label[39m
              [33mstyle[39m=[32m"font-size: 0.8125rem; font-weight: 600; color: rgb(75, 0, 110); white-space: nowrap;"[39m
            [36m>[39m
              [0mVariant:[0m
            [36m</label>[39m
            [36m<select[39m
              [33maria-label[39m=[32m"Filter by variant"[39m
              [33mstyle[39m=[32m"padding: 0.5rem; border: 2px solid rgb(212, 175, 55); border-radius: 6px; font-size: 0.8125rem; background-color: rgb(229, 246, 223); outline: none; min-width: 120px;"[39m
            [36m>[39m
              [36m<option[39m
                [33mvalue[39m=[32m""[39m
              [36m>[39m
                [0mAll[0m
              [36m</option>[39m
              [36m<option[39m
                [33mvalue[39m=[32m"1oz"[39m
              [36m>[39m
                [0m1oz[0m
              [36m</option>[39m
              [36m<option[39m
                [33mvalue[39m=[32m"Bulk"[39m
              [36m>[39m
                [0mBulk[0m
              [36m</option>[39m
            [36m</select>[39m
          [36m</div>[39m
          [36m<div[39m
            [33mstyle[39m=[32m"display: flex; align-items: center; gap: 0.5rem;"[39m
          [36m>[39m
            [36m<label[39m
              [33mstyle[39m=[32m"font-size: 0.8125rem; font-weight: 600; color: rgb(75, 0, 110); white-space: nowrap;"[39m
            [36m>[39m
              [0mVendor:[0m
            [36m</label>[39m
            [36m<input[39m
              [33maria-label[39m=[32m"Filter by vendor"[39m
              [33mlist[39m=[32m"vendor-suggestions"[39m
              [33mplaceholder[39m=[32m"Search..."[39m
              [33mstyle[39m=[32m"padding: 0.5rem; border: 2px solid rgb(212, 175, 55); border-radius: 6px; font-size: 0.8125rem; background-color: rgb(229, 246, 223); outline: none; min-width: 140px;"[39m
              [33mtype[39m=[32m"search"[39m
              [33mvalue[39m=[32m""[39m
            [36m/>[39m
            [36m<datalist[39m
              [33mid[39m=[32m"vendor-suggestions"[39m
            [36m>[39m
              [36m<option[39m
                [33mvalue[39m=[32m"Vendor A"[39m
              [36m/>[39m
              [36m<option[39m
                [33mvalue[39m=[32m"Vendor B"[39m
              [36m/>[39m
            [36m</datalist>[39m
          [36m</div>[39m
          [36m<div[39m
            [33mstyle[39m=[32m"display: flex; align-items: center; gap: 0.5rem;"[39m
          [36m>[39m
            [36m<label[39m
              [33mstyle[39m=[32m"font-size: 0.8125rem; font-weight: 600; color: rgb(75, 0, 110); white-space: nowrap;"[39m
            [36m>[39m
              [0mSort:[0m
            [36m</label>[39m
            [36m<select[39m
              [33maria-label[39m=[32m"Sort invoices"[39m
              [33mstyle[39m=[32m"padding: 0.5rem; border: 2px solid rgb(212, 175, 55); border-radius: 6px; font-size: 0.8125rem; background-color: rgb(229, 246, 223); outline: none; min-width: 100px;"[39m
            [36m>[39m
              [36m<option[39m
                [33mvalue[39m=[32m"date-desc"[39m
              [36m>[39m
                [0mDate ↓[0m
              [36m</option>[39m
              [36m<option[39m
                [33mvalue[39m=[32m"date-asc"[39m
              [36m>[39m
                [0mDate ↑[0m
              [36m</option>[39m
              [36m<option[39m
                [33mvalue[39m=[32m"vendor"[39m
              [36m>[39m
                [0mVendor[0m
              [36m</option>[39m
              [36m<option[39m
                [33mvalue[39m=[32m"total-desc"[39m
              [36m>[39m
                [0mTotal ↓[0m
              [36m</option>[39m
              [36m<option[39m
                [33mvalue[39m=[32m"total-asc"[39m
              [36m>[39m
                [0mTotal ↑[0m
              [36m</option>[39m
            [36m</select>[39m
          [36m</div>[39m
        [36m</div>[39m
      [36m</div>[39m
      [36m<div[39m
        [33mstyle[39m=[32m"background: white; border-radius: 8px; border: 1px solid rgb(229, 231, 235); overflow: hidden;"[39m
      [36m>[39m
        [36m<div[39m
          [33mstyle[39m=[32m"text-align: center; padding: 3rem 2rem; background: rgb(249, 250, 251);"[39m
        [36m>[39m
          [36m<span[39m
            [33mstyle[39m=[32m"font-size: 2.5rem; display: block; margin-bottom: 1rem;"[39m
          [36m>[39m
            [0m🔍[0m
          [36m</span>[39m
          [36m<span[39m
            [33mstyle[39m=[32m"color: rgb(100, 116, 139); font-size: 1.125rem; display: block; margin-bottom: 0.5rem;"[39m
          [36m>[39m
            [0mNo invoices match your filters[0m
          [36m</span>[39m
          [36m<p[39m
            [33mstyle[39m=[32m"margin: 0px 0px 1.5rem 0px; font-size: 0.875rem; color: rgb(148, 163, 184);"[39m
          [36m>[39m
            [0mTry adjusting your date range, vendor, category, or variant filters.[0m
          [36m</p>[39m
          [36m<button[39m
            [33mstyle[39m=[32m"padding: 0.5rem 1rem; background: rgb(75, 0, 110); color: white; border-radius: 6px; font-size: 0.875rem; font-weight: 500; cursor: pointer;"[39m
          [36m>[39m
            [0mClear All Filters[0m
          [36m</button>[39m
        [36m</div>[39m
      [36m</div>[39m
    [36m</div>[39m
  [36m</div>[39m
[36m</body>[39m
 ❯ Object.getElementError node_modules/@testing-library/react/node_modules/@testing-library/dom/dist/config.js:37:19
 ❯ node_modules/@testing-library/react/node_modules/@testing-library/dom/dist/query-helpers.js:76:38
 ❯ node_modules/@testing-library/react/node_modules/@testing-library/dom/dist/query-helpers.js:52:17
 ❯ node_modules/@testing-library/react/node_modules/@testing-library/dom/dist/query-helpers.js:95:19
 ❯ src/pages/cpg/tabs/RawMaterialsTab.test.tsx:436:33
    434|       render(<RawMaterialsTab {...defaultProps} />);
    435|
    436|       const dateHeader = screen.getByRole('columnheader', { name: /dat…
       |                                 ^
    437|       expect(dateHeader).toHaveAttribute('aria-sort');
    438|     });

⎯⎯⎯⎯⎯⎯⎯⎯⎯⎯⎯⎯⎯⎯⎯⎯⎯⎯⎯⎯[546/824]⎯

 FAIL  src/pages/cpg/tabs/RawMaterialsTab.test.tsx > RawMaterialsTab > Clear Filters > clears all active filters when Clear Filters clicked
TestingLibraryElementError: Unable to find an accessible element with the role "button" and name `/clear filters/i`

Here are the accessible roles:

  tabpanel:

  Name "":
  [36m<div[39m
    [33maria-labelledby[39m=[32m"raw-materials-tab"[39m
    [33mid[39m=[32m"raw-materials-panel"[39m
    [33mrole[39m=[32m"tabpanel"[39m
  [36m/>[39m

  --------------------------------------------------
  button:

  Name "Export raw materials data":
  [36m<button[39m
    [33maria-expanded[39m=[32m"false"[39m
    [33maria-haspopup[39m=[32m"menu"[39m
    [33maria-label[39m=[32m"Export raw materials data"[39m
    [33mstyle[39m=[32m"padding: 0.5rem 1rem; background: rgb(212, 175, 55); border-radius: 6px; color: rgb(26, 26, 26); font-weight: 600; cursor: pointer; font-size: 0.875rem; display: flex; align-items: center; gap: 0.5rem; transition: all 150ms;"[39m
  [36m/>[39m

  Name "Clear all filters":
  [36m<button[39m
    [33maria-label[39m=[32m"Clear all filters"[39m
    [33mstyle[39m=[32m"margin-left: auto; padding: 0.25rem 0.75rem; background: transparent; border: 2px solid rgb(212, 175, 55); border-radius: 4px; color: rgb(75, 0, 110); font-size: 0.75rem; font-weight: 600; cursor: pointer;"[39m
  [36m/>[39m

  Name "Clear All Filters":
  [36m<button[39m
    [33mstyle[39m=[32m"padding: 0.5rem 1rem; background: rgb(75, 0, 110); color: white; border-radius: 6px; font-size: 0.875rem; font-weight: 500; cursor: pointer;"[39m
  [36m/>[39m

  --------------------------------------------------
  combobox:

  Name "Select date range preset":
  [36m<select[39m
    [33maria-label[39m=[32m"Select date range preset"[39m
    [33mstyle[39m=[32m"padding: 0.5rem; border: 2px solid rgb(212, 175, 55); border-radius: 6px; font-size: 0.8125rem; background-color: rgb(229, 246, 223); outline: none; min-width: 140px;"[39m
  [36m/>[39m

  Name "Filter by category":
  [36m<select[39m
    [33maria-label[39m=[32m"Filter by category"[39m
    [33mstyle[39m=[32m"padding: 0.5rem; border: 2px solid rgb(212, 175, 55); border-radius: 6px; font-size: 0.8125rem; background-color: rgb(229, 246, 223); outline: none; min-width: 140px;"[39m
  [36m/>[39m

  Name "Filter by variant":
  [36m<select[39m
    [33maria-label[39m=[32m"Filter by variant"[39m
    [33mstyle[39m=[32m"padding: 0.5rem; border: 2px solid rgb(212, 175, 55); border-radius: 6px; font-size: 0.8125rem; background-color: rgb(229, 246, 223); outline: none; min-width: 120px;"[39m
  [36m/>[39m

  Name "Filter by vendor":
  [36m<input[39m
    [33maria-label[39m=[32m"Filter by vendor"[39m
    [33mlist[39m=[32m"vendor-suggestions"[39m
    [33mplaceholder[39m=[32m"Search..."[39m
    [33mstyle[39m=[32m"padding: 0.5rem; border: 2px solid rgb(212, 175, 55); border-radius: 6px; font-size: 0.8125rem; background-color: rgb(229, 246, 223); outline: none; min-width: 140px;"[39m
    [33mtype[39m=[32m"search"[39m
    [33mvalue[39m=[32m"Vendor A"[39m
  [36m/>[39m

  Name "Sort invoices":
  [36m<select[39m
    [33maria-label[39m=[32m"Sort invoices"[39m
    [33mstyle[39m=[32m"padding: 0.5rem; border: 2px solid rgb(212, 175, 55); border-radius: 6px; font-size: 0.8125rem; background-color: rgb(229, 246, 223); outline: none; min-width: 100px;"[39m
  [36m/>[39m

  --------------------------------------------------
  option:

  Name "3 Months":
  [36m<option[39m
    [33mvalue[39m=[32m"3mo"[39m
  [36m/>[39m

  Name "6 Months":
  [36m<option[39m
    [33mvalue[39m=[32m"6mo"[39m
  [36m/>[39m

  Name "12 Months":
  [36m<option[39m
    [33mvalue[39m=[32m"12mo"[39m
  [36m/>[39m

  Name "Last Year":
  [36m<option[39m
    [33mvalue[39m=[32m"last-calendar-year"[39m
  [36m/>[39m

  Name "This Year":
  [36m<option[39m
    [33mvalue[39m=[32m"this-calendar-year"[39m
  [36m/>[39m

  Name "Custom...":
  [36m<option[39m
    [33mvalue[39m=[32m"custom"[39m
  [36m/>[39m

  Name "All Time":
  [36m<option[39m
    [33mvalue[39m=[32m"all"[39m
  [36m/>[39m

  Name "All":
  [36m<option[39m
    [33mvalue[39m=[32m""[39m
  [36m/>[39m

  Name "Bottles":
  [36m<option[39m
    [33mvalue[39m=[32m"cat-2"[39m
  [36m/>[39m

  Name "Labels":
  [36m<option[39m
    [33mvalue[39m=[32m"cat-3"[39m
  [36m/>[39m

  Name "Oils":
  [36m<option[39m
    [33mvalue[39m=[32m"cat-1"[39m
  [36m/>[39m

  Name "All":
  [36m<option[39m
    [33mvalue[39m=[32m""[39m
  [36m/>[39m

  Name "1oz":
  [36m<option[39m
    [33mvalue[39m=[32m"1oz"[39m
  [36m/>[39m

  Name "Bulk":
  [36m<option[39m
    [33mvalue[39m=[32m"Bulk"[39m
  [36m/>[39m

  Name "Date ↓":
  [36m<option[39m
    [33mvalue[39m=[32m"date-desc"[39m
  [36m/>[39m

  Name "Date ↑":
  [36m<option[39m
    [33mvalue[39m=[32m"date-asc"[39m
  [36m/>[39m

  Name "Vendor":
  [36m<option[39m
    [33mvalue[39m=[32m"vendor"[39m
  [36m/>[39m

  Name "Total ↓":
  [36m<option[39m
    [33mvalue[39m=[32m"total-desc"[39m
  [36m/>[39m

  Name "Total ↑":
  [36m<option[39m
    [33mvalue[39m=[32m"total-asc"[39m
  [36m/>[39m

  --------------------------------------------------

Ignored nodes: comments, script, style
[36m<body>[39m
  [36m<div>[39m
    [36m<div[39m
      [33maria-labelledby[39m=[32m"raw-materials-tab"[39m
      [33mid[39m=[32m"raw-materials-panel"[39m
      [33mrole[39m=[32m"tabpanel"[39m
    [36m>[39m
      [36m<div[39m
        [33mstyle[39m=[32m"background: rgb(255, 255, 255); border-left: 4px solid rgb(212, 175, 55); border-right: 4px solid rgb(212, 175, 55); border-bottom: 4px solid rgb(212, 175, 55); border-radius: 8px; overflow: hidden; box-shadow: 0 2px 8px rgba(184, 134, 11, 0.15); margin-bottom: 1.5rem;"[39m
      [36m>[39m
        [36m<div[39m
          [33mstyle[39m=[32m"background: rgb(75, 0, 110); color: white; padding: 1.25rem 1.5rem; font-size: 1.5rem; font-weight: 600; display: flex; justify-content: space-between; align-items: center;"[39m
        [36m>[39m
          [36m<span>[39m
            [0mSummary[0m
          [36m</span>[39m
          [36m<div[39m
            [33mstyle[39m=[32m"position: relative;"[39m
          [36m>[39m
            [36m<button[39m
              [33maria-expanded[39m=[32m"false"[39m
              [33maria-haspopup[39m=[32m"menu"[39m
              [33maria-label[39m=[32m"Export raw materials data"[39m
              [33mstyle[39m=[32m"padding: 0.5rem 1rem; background: rgb(212, 175, 55); border-radius: 6px; color: rgb(26, 26, 26); font-weight: 600; cursor: pointer; font-size: 0.875rem; display: flex; align-items: center; gap: 0.5rem; transition: all 150ms;"[39m
            [36m>[39m
              [36m<span>[39m
                [0m📊[0m
              [36m</span>[39m
              [36m<span>[39m
                [0mExport[0m
              [36m</span>[39m
              [36m<span[39m
                [33maria-hidden[39m=[32m"true"[39m
              [36m>[39m
                [0m▼[0m
              [36m</span>[39m
            [36m</button>[39m
          [36m</div>[39m
        [36m</div>[39m
        [36m<div[39m
          [33mstyle[39m=[32m"padding: 1.5rem; display: grid; grid-template-columns: repeat(3, 1fr); gap: 1.25rem;"[39m
        [36m>[39m
          [36m<div[39m
            [33mstyle[39m=[32m"background: linear-gradient(135deg, #4b006e 0%, #6b21a8 100%); border-radius: 12px; padding: 1.25rem; color: white;"[39m
          [36m>[39m
            [36m<div[39m
              [33mstyle[39m=[32m"font-size: 0.75rem; opacity: 0.9; font-weight: 600; margin-bottom: 0.5rem; text-transform: uppercase; letter-spacing: 0.05em;"[39m
            [36m>[39m
              [0mTotal Spent[0m
            [36m</div>[39m
            [36m<div[39m
              [33mstyle[39m=[32m"font-size: 2rem; font-weight: 700; line-height: 1;"[39m
            [36m>[39m
              [0m$[0m
              [0m0.00[0m
            [36m</div>[39m
            [36m<div[39m
              [33mstyle[39m=[32m"font-size: 0.75rem; opacity: 0.9; margin-top: 0.5rem;"[39m
            [36m>[39m
              [0m0[0m
              [0m [0m
              [0minvoices[0m
            [36m</div>[39m
          [36m</div>[39m
          [36m<div[39m
            [33mstyle[39m=[32m"background: linear-gradient(135deg, #E8D4A0 0%, #D4AF37 100%); border-radius: 12px; padding: 1.25rem;"[39m
          [36m>[39m
            [36m<div[39m
              [33mstyle[39m=[32m"font-size: 0.75rem; color: rgb(75, 0, 110); font-weight: 600; margin-bottom: 0.5rem; text-transform: uppercase; letter-spacing: 0.05em;"[39m
            [36m>[39m
              [0mAverage Invoice[0m
            [36m</div>[39m
            [36m<div[39m
              [33mstyle[39m=[32m"font-size: 2rem; font-weight: 700; color: rgb(75, 0, 110); line-height: 1;"[39m
            [36m>[39m
              [0m$0.00[0m
            [36m</div>[39m
            [36m<div[39m
              [33mstyle[39m=[32m"font-size: 0.75rem; color: rgb(75, 0, 110); margin-top: 0.5rem;"[39m
            [36m>[39m
              [0mper invoice[0m
            [36m</div>[39m
          [36m</div>[39m
          [36m<div[39m
            [33mstyle[39m=[32m"background: linear-gradient(135deg, #D8E5D8 0%, #A8D5A8 100%); border-radius: 12px; padding: 1.25rem;"[39m
          [36m>[39m
            [36m<div[39m
              [33mstyle[39m=[32m"font-size: 0.75rem; color: rgb(21, 128, 61); font-weight: 600; margin-bottom: 0.5rem; text-transform: uppercase; letter-spacing: 0.05em;"[39m
            [36m>[39m
              [0mTop Vendor[0m
            [36m</div>[39m
            [36m<div[39m
              [33mstyle[39m=[32m"font-size: 2rem; font-weight: 700; color: rgb(22, 101, 52); line-height: 1;"[39m
            [36m>[39m
              [0m$0.00[0m
            [36m</div>[39m
            [36m<div[39m
              [33mstyle[39m=[32m"font-size: 0.75rem; color: rgb(21, 128, 61); margin-top: 0.5rem;"[39m
            [36m>[39m
              [0mNo data[0m
            [36m</div>[39m
          [36m</div>[39m
        [36m</div>[39m
      [36m</div>[39m
      [36m<div[39m
        [33mstyle[39m=[32m"background: rgb(255, 255, 255); border-left: 4px solid rgb(212, 175, 55); border-right: 4px solid rgb(212, 175, 55); border-bottom: 4px solid rgb(212, 175, 55); border-radius: 8px; overflow: visible; box-shadow: 0 2px 8px rgba(184, 134, 11, 0.15); margin-bottom: 2rem;"[39m
      [36m>[39m
        [36m<div[39m
          [33mstyle[39m=[32m"background: rgb(75, 0, 110); color: white; padding: 1rem 1.5rem; font-size: 1.5rem; font-weight: 600;"[39m
        [36m>[39m
          [0mFilters[0m
        [36m</div>[39m
        [36m<div[39m
          [33mstyle[39m=[32m"padding: 1.25rem; display: flex; gap: 1rem; flex-wrap: wrap; align-items: flex-end;"[39m
        [36m>[39m
          [36m<div[39m
            [33mstyle[39m=[32m"display: flex; align-items: center; gap: 0.5rem;"[39m
          [36m>[39m
            [36m<label[39m
              [33mstyle[39m=[32m"font-size: 0.8125rem; font-weight: 600; color: rgb(75, 0, 110); white-space: nowrap;"[39m
            [36m>[39m
              [0mDate:[0m
            [36m</label>[39m
            [36m<select[39m
              [33maria-label[39m=[32m"Select date range preset"[39m
              [33mstyle[39m=[32m"padding: 0.5rem; border: 2px solid rgb(212, 175, 55); border-radius: 6px; font-size: 0.8125rem; background-color: rgb(229, 246, 223); outline: none; min-width: 140px;"[39m
            [36m>[39m
              [36m<option[39m
                [33mvalue[39m=[32m"3mo"[39m
              [36m>[39m
                [0m3 Months[0m
              [36m</option>[39m
              [36m<option[39m
                [33mvalue[39m=[32m"6mo"[39m
              [36m>[39m
                [0m6 Months[0m
              [36m</option>[39m
              [36m<option[39m
                [33mvalue[39m=[32m"12mo"[39m
              [36m>[39m
                [0m12 Mo...
 ❯ Object.getElementError node_modules/@testing-library/react/node_modules/@testing-library/dom/dist/config.js:37:19
 ❯ node_modules/@testing-library/react/node_modules/@testing-library/dom/dist/query-helpers.js:76:38
 ❯ node_modules/@testing-library/react/node_modules/@testing-library/dom/dist/query-helpers.js:52:17
 ❯ node_modules/@testing-library/react/node_modules/@testing-library/dom/dist/query-helpers.js:95:19
 ❯ src/pages/cpg/tabs/RawMaterialsTab.test.tsx:454:31
    452|
    453|       // Clear all filters
    454|       const clearBtn = screen.getByRole('button', { name: /clear filte…
       |                               ^
    455|       await user.click(clearBtn);
    456|

⎯⎯⎯⎯⎯⎯⎯⎯⎯⎯⎯⎯⎯⎯⎯⎯⎯⎯⎯⎯[547/824]⎯

⎯⎯⎯⎯⎯⎯ Unhandled Errors ⎯⎯⎯⎯⎯⎯

Vitest caught 2 unhandled errors during the test run.
This might cause false positive tests. Resolve unhandled errors to make sure your tests are not affected.

⎯⎯⎯⎯ Unhandled Rejection ⎯⎯⎯⎯⎯
Unknown Error: Connection timeout
⎯⎯⎯⎯⎯⎯⎯⎯⎯⎯⎯⎯⎯⎯⎯⎯⎯⎯⎯⎯⎯⎯⎯⎯⎯⎯⎯⎯⎯⎯
Serialized Error: { code: 'CONNECTION_FAILED', timestamp: 1777755166102, recoverable: false }
This error originated in "src/services/sync/SyncClient.test.ts" test file. It doesn't mean the error was thrown inside the file itself, but while it was running.
The latest test that might've caused the error is "should timeout if connection takes too long". It might mean one of the following:
- The error was thrown, while Vitest was running this test.
- If the error occurred after the test had been completed, this was the last documented test before it was thrown.

⎯⎯⎯⎯⎯⎯ Unhandled Error ⎯⎯⎯⎯⎯⎯⎯
Error: [vitest-pool]: Worker forks emitted error.
 ❯ EventEmitter.<anonymous> node_modules/vitest/dist/chunks/cli-api.Cjt90eJu.js:3445:22
 ❯ EventEmitter.emit node:events:508:28
 ❯ ChildProcess.emitUnexpectedExit node_modules/vitest/dist/chunks/cli-api.Cjt90eJu.js:3012:22
 ❯ ChildProcess.emit node:events:508:28
 ❯ Process.ChildProcess._handle.onexit node:internal/child_process:294:12

Caused by: Error: Worker exited unexpectedly
 ❯ ChildProcess.emitUnexpectedExit node_modules/vitest/dist/chunks/cli-api.Cjt90eJu.js:3011:33
 ❯ ChildProcess.emit node:events:508:28
 ❯ Process.ChildProcess._handle.onexit node:internal/child_process:294:12

⎯⎯⎯⎯⎯⎯⎯⎯⎯⎯⎯⎯⎯⎯⎯⎯⎯⎯⎯⎯⎯⎯⎯⎯⎯⎯⎯⎯⎯⎯


 Test Files  85 failed | 202 passed | 2 skipped (290)
      Tests  783 failed | 6470 passed | 32 skipped (7287)
     Errors  2 errors
   Start at  13:09:02
   Duration  27233.98s (transform 131.57s, setup 2904.46s, import 501.70s, tests 1493.24s, environment 4174.70s)

