
> graceful-books@0.1.0 test
> vitest


[1m[46m RUN [49m[22m [36mv4.0.17 [39m[90mC:/Users/Admin/graceful_books[39m

[90mstdout[2m | src/services/auditLogExtended.perf.test.ts[2m > [22m[2mExtended Audit Log Performance Tests
[22m[39mSetting up large dataset for performance tests...

[90mstdout[2m | src/services/auditLogExtended.perf.test.ts[2m > [22m[2mExtended Audit Log Performance Tests
[22m[39mSeeding 100000 audit log entries...

[90mstdout[2m | src/services/auditLogExtended.test.ts[2m > [22m[2mExtended Audit Log Service[2m > [22m[2msearchAuditLogs[2m > [22m[2mshould return all logs when no filters applied
[22m[39m[AuditLogExtended] Starting audit log search { companyId: [32m'test-company'[39m }

[90mstdout[2m | src/services/auditLogExtended.test.ts[2m > [22m[2mExtended Audit Log Service[2m > [22m[2msearchAuditLogs[2m > [22m[2mshould return all logs when no filters applied
[22m[39m[AuditLogExtended] Audit log search completed { total: [33m50[39m, returned: [33m50[39m, executionTimeMs: [33m14.721700000000055[39m }

[90mstdout[2m | src/services/auditLogExtended.test.ts[2m > [22m[2mExtended Audit Log Service[2m > [22m[2msearchAuditLogs[2m > [22m[2mshould perform full-text search across fields
[22m[39m[AuditLogExtended] Starting audit log search { companyId: [32m'test-company'[39m, searchQuery: [32m'special'[39m }

[90mstdout[2m | src/services/auditLogExtended.test.ts[2m > [22m[2mExtended Audit Log Service[2m > [22m[2msearchAuditLogs[2m > [22m[2mshould perform full-text search across fields
[22m[39m[AuditLogExtended] Audit log search completed { total: [33m1[39m, returned: [33m1[39m, executionTimeMs: [33m2.8469999999997526[39m }

[90mstdout[2m | src/services/auditLogExtended.test.ts[2m > [22m[2mExtended Audit Log Service[2m > [22m[2msearchAuditLogs[2m > [22m[2mshould filter by date range
[22m[39m[AuditLogExtended] Starting audit log search {
  companyId: [32m'test-company'[39m,
  dateFrom: [35m2026-01-16T02:42:19.733Z[39m,
  dateTo: [35m2026-01-19T02:42:19.733Z[39m
}

[90mstdout[2m | src/services/auditLogExtended.test.ts[2m > [22m[2mExtended Audit Log Service[2m > [22m[2msearchAuditLogs[2m > [22m[2mshould filter by date range
[22m[39m[AuditLogExtended] Audit log search completed { total: [33m2[39m, returned: [33m2[39m, executionTimeMs: [33m3.3135999999994965[39m }

[90mstdout[2m | src/services/auditLogExtended.test.ts[2m > [22m[2mExtended Audit Log Service[2m > [22m[2msearchAuditLogs[2m > [22m[2mshould filter by user IDs
[22m[39m[AuditLogExtended] Starting audit log search { companyId: [32m'test-company'[39m, userIds: [ [32m'user-1'[39m, [32m'user-2'[39m ] }

[90mstdout[2m | src/services/auditLogExtended.test.ts[2m > [22m[2mExtended Audit Log Service[2m > [22m[2msearchAuditLogs[2m > [22m[2mshould filter by user IDs
[22m[39m[AuditLogExtended] Audit log search completed { total: [33m0[39m, returned: [33m0[39m, executionTimeMs: [33m3.2620000000006257[39m }

[90mstdout[2m | src/services/auditLogExtended.test.ts[2m > [22m[2mExtended Audit Log Service[2m > [22m[2msearchAuditLogs[2m > [22m[2mshould filter by entity types
[22m[39m[AuditLogExtended] Starting audit log search {
  companyId: [32m'test-company'[39m,
  entityTypes: [ [32m'TRANSACTION'[39m, [32m'ACCOUNT'[39m ]
}

[90mstdout[2m | src/services/auditLogExtended.test.ts[2m > [22m[2mExtended Audit Log Service[2m > [22m[2msearchAuditLogs[2m > [22m[2mshould filter by entity types
[22m[39m[AuditLogExtended] Audit log search completed { total: [33m0[39m, returned: [33m0[39m, executionTimeMs: [33m3.486799999998766[39m }

[90mstdout[2m | src/services/auditLogExtended.test.ts[2m > [22m[2mExtended Audit Log Service[2m > [22m[2msearchAuditLogs[2m > [22m[2mshould filter by actions
[22m[39m[AuditLogExtended] Starting audit log search { companyId: [32m'test-company'[39m, actions: [ [32m'CREATE'[39m, [32m'UPDATE'[39m ] }

[90mstdout[2m | src/services/auditLogExtended.test.ts[2m > [22m[2mExtended Audit Log Service[2m > [22m[2msearchAuditLogs[2m > [22m[2mshould filter by actions
[22m[39m[AuditLogExtended] Audit log search completed { total: [33m18[39m, returned: [33m18[39m, executionTimeMs: [33m2.96349999999984[39m }

[90mstdout[2m | src/services/auditLogExtended.test.ts[2m > [22m[2mExtended Audit Log Service[2m > [22m[2msearchAuditLogs[2m > [22m[2mshould combine multiple filters
[22m[39m[AuditLogExtended] Starting audit log search {
  companyId: [32m'test-company'[39m,
  dateFrom: [35m2026-01-12T02:42:19.951Z[39m,
  dateTo: [35m2026-01-19T02:42:19.951Z[39m,
  userIds: [ [32m'user-1'[39m ],
  entityTypes: [ [32m'TRANSACTION'[39m ],
  actions: [ [32m'CREATE'[39m ]
}

[90mstdout[2m | src/services/auditLogExtended.test.ts[2m > [22m[2mExtended Audit Log Service[2m > [22m[2msearchAuditLogs[2m > [22m[2mshould combine multiple filters
[22m[39m[AuditLogExtended] Audit log search completed { total: [33m0[39m, returned: [33m0[39m, executionTimeMs: [33m3.678299999999581[39m }

[90mstdout[2m | src/services/auditLogExtended.test.ts[2m > [22m[2mExtended Audit Log Service[2m > [22m[2msearchAuditLogs[2m > [22m[2mshould paginate results correctly
[22m[39m[AuditLogExtended] Starting audit log search { companyId: [32m'test-company'[39m, limit: [33m50[39m, offset: [33m0[39m }

[90mstdout[2m | src/services/auditLogExtended.test.ts[2m > [22m[2mExtended Audit Log Service[2m > [22m[2msearchAuditLogs[2m > [22m[2mshould paginate results correctly
[22m[39m[AuditLogExtended] Audit log search completed { total: [33m150[39m, returned: [33m50[39m, executionTimeMs: [33m7.9262999999991735[39m }

[90mstdout[2m | src/services/auditLogExtended.test.ts[2m > [22m[2mExtended Audit Log Service[2m > [22m[2msearchAuditLogs[2m > [22m[2mshould paginate results correctly
[22m[39m[AuditLogExtended] Starting audit log search { companyId: [32m'test-company'[39m, limit: [33m50[39m, offset: [33m50[39m }

[90mstdout[2m | src/services/auditLogExtended.test.ts[2m > [22m[2mExtended Audit Log Service[2m > [22m[2msearchAuditLogs[2m > [22m[2mshould paginate results correctly
[22m[39m[AuditLogExtended] Audit log search completed { total: [33m150[39m, returned: [33m50[39m, executionTimeMs: [33m11.865900000000693[39m }

[90mstdout[2m | src/services/auditLogExtended.test.ts[2m > [22m[2mExtended Audit Log Service[2m > [22m[2msearchAuditLogs[2m > [22m[2mshould sort results correctly
[22m[39m[AuditLogExtended] Starting audit log search { companyId: [32m'test-company'[39m, sortBy: [32m'timestamp'[39m, sortOrder: [32m'desc'[39m }

[90mstdout[2m | src/services/auditLogExtended.test.ts[2m > [22m[2mExtended Audit Log Service[2m > [22m[2msearchAuditLogs[2m > [22m[2mshould sort results correctly
[22m[39m[AuditLogExtended] Audit log search completed { total: [33m50[39m, returned: [33m50[39m, executionTimeMs: [33m2.085799999998926[39m }

[90mstdout[2m | src/services/auditLogExtended.test.ts[2m > [22m[2mExtended Audit Log Service[2m > [22m[2msearchAuditLogs[2m > [22m[2mshould sort results correctly
[22m[39m[AuditLogExtended] Starting audit log search { companyId: [32m'test-company'[39m, sortBy: [32m'timestamp'[39m, sortOrder: [32m'asc'[39m }

[90mstdout[2m | src/services/auditLogExtended.test.ts[2m > [22m[2mExtended Audit Log Service[2m > [22m[2msearchAuditLogs[2m > [22m[2mshould sort results correctly
[22m[39m[AuditLogExtended] Audit log search completed { total: [33m50[39m, returned: [33m50[39m, executionTimeMs: [33m1.8354999999992287[39m }

[90mstdout[2m | src/services/auditLogExtended.test.ts[2m > [22m[2mExtended Audit Log Service[2m > [22m[2mgetAuditLogsByDateRange[2m > [22m[2mshould return logs within date range
[22m[39m[AuditLogExtended] Starting audit log search {
  companyId: [32m'test-company'[39m,
  dateFrom: [35m2026-01-12T02:42:20.360Z[39m,
  dateTo: [35m2026-01-19T02:42:20.360Z[39m,
  limit: [90mundefined[39m,
  sortBy: [32m'timestamp'[39m,
  sortOrder: [32m'desc'[39m
}

[90mstdout[2m | src/services/auditLogExtended.test.ts[2m > [22m[2mExtended Audit Log Service[2m > [22m[2mgetAuditLogsByDateRange[2m > [22m[2mshould return logs within date range
[22m[39m[AuditLogExtended] Audit log search completed { total: [33m29[39m, returned: [33m29[39m, executionTimeMs: [33m3.05580000000009[39m }

[90mstdout[2m | src/services/auditLogExtended.test.ts[2m > [22m[2mExtended Audit Log Service[2m > [22m[2mgetAuditLogsByUsers[2m > [22m[2mshould return logs for specific users
[22m[39m[AuditLogExtended] Starting audit log search {
  companyId: [32m'test-company'[39m,
  userIds: [ [32m'user-1'[39m ],
  dateFrom: [90mundefined[39m,
  dateTo: [90mundefined[39m,
  sortBy: [32m'timestamp'[39m,
  sortOrder: [32m'desc'[39m
}

[90mstdout[2m | src/services/auditLogExtended.test.ts[2m > [22m[2mExtended Audit Log Service[2m > [22m[2mgetAuditLogsByUsers[2m > [22m[2mshould return logs for specific users
[22m[39m[AuditLogExtended] Audit log search completed { total: [33m0[39m, returned: [33m0[39m, executionTimeMs: [33m4.422099999999773[39m }

[90mstdout[2m | src/services/auditLogExtended.test.ts[2m > [22m[2mExtended Audit Log Service[2m > [22m[2mgetAuditLogsByEntityType[2m > [22m[2mshould return logs for specific entity types
[22m[39m[AuditLogExtended] Starting audit log search {
  companyId: [32m'test-company'[39m,
  entityTypes: [ [32m'TRANSACTION'[39m ],
  dateFrom: [90mundefined[39m,
  dateTo: [90mundefined[39m,
  sortBy: [32m'timestamp'[39m,
  sortOrder: [32m'desc'[39m
}

[90mstdout[2m | src/services/auditLogExtended.test.ts[2m > [22m[2mExtended Audit Log Service[2m > [22m[2mgetAuditLogsByEntityType[2m > [22m[2mshould return logs for specific entity types
[22m[39m[AuditLogExtended] Audit log search completed { total: [33m0[39m, returned: [33m0[39m, executionTimeMs: [33m4.076700000001438[39m }

[90mstdout[2m | src/services/auditLogExtended.test.ts[2m > [22m[2mExtended Audit Log Service[2m > [22m[2mgenerateAuditLogTimeline[2m > [22m[2mshould group logs by day
[22m[39m[AuditLogExtended] Generating audit log timeline {
  companyId: [32m'test-company'[39m,
  dateFrom: [35m2025-12-20T02:42:20.612Z[39m,
  dateTo: [35m2026-01-19T02:42:20.612Z[39m,
  groupBy: [32m'day'[39m
}
[AuditLogExtended] Starting audit log search {
  companyId: [32m'test-company'[39m,
  dateFrom: [35m2025-12-20T02:42:20.612Z[39m,
  dateTo: [35m2026-01-19T02:42:20.612Z[39m,
  limit: [90mundefined[39m,
  sortBy: [32m'timestamp'[39m,
  sortOrder: [32m'desc'[39m
}

[90mstdout[2m | src/services/auditLogExtended.test.ts[2m > [22m[2mExtended Audit Log Service[2m > [22m[2mgenerateAuditLogTimeline[2m > [22m[2mshould group logs by day
[22m[39m[AuditLogExtended] Audit log search completed { total: [33m100[39m, returned: [33m100[39m, executionTimeMs: [33m8.445300000001225[39m }

[90mstdout[2m | src/services/auditLogExtended.test.ts[2m > [22m[2mExtended Audit Log Service[2m > [22m[2mgenerateAuditLogTimeline[2m > [22m[2mshould group logs by day
[22m[39m[AuditLogExtended] Timeline generation completed { entryCount: [33m31[39m, totalLogs: [33m100[39m, executionTimeMs: [33m11.661400000000867[39m }

[90mstdout[2m | src/services/auditLogExtended.test.ts[2m > [22m[2mExtended Audit Log Service[2m > [22m[2mgenerateAuditLogTimeline[2m > [22m[2mshould group logs by hour
[22m[39m[AuditLogExtended] Generating audit log timeline {
  companyId: [32m'test-company'[39m,
  dateFrom: [35m2026-01-18T08:00:00.000Z[39m,
  dateTo: [35m2026-01-19T07:59:59.999Z[39m,
  groupBy: [32m'hour'[39m
}
[AuditLogExtended] Starting audit log search {
  companyId: [32m'test-company'[39m,
  dateFrom: [35m2026-01-18T08:00:00.000Z[39m,
  dateTo: [35m2026-01-19T07:59:59.999Z[39m,
  limit: [90mundefined[39m,
  sortBy: [32m'timestamp'[39m,
  sortOrder: [32m'desc'[39m
}

[90mstdout[2m | src/services/auditLogExtended.test.ts[2m > [22m[2mExtended Audit Log Service[2m > [22m[2mgenerateAuditLogTimeline[2m > [22m[2mshould group logs by hour
[22m[39m[AuditLogExtended] Audit log search completed { total: [33m24[39m, returned: [33m24[39m, executionTimeMs: [33m2.4989999999997963[39m }

[90mstdout[2m | src/services/auditLogExtended.test.ts[2m > [22m[2mExtended Audit Log Service[2m > [22m[2mgenerateAuditLogTimeline[2m > [22m[2mshould group logs by hour
[22m[39m[AuditLogExtended] Timeline generation completed { entryCount: [33m24[39m, totalLogs: [33m24[39m, executionTimeMs: [33m3.595899999998437[39m }

[90mstdout[2m | src/services/auditLogExtended.test.ts[2m > [22m[2mExtended Audit Log Service[2m > [22m[2mgenerateAuditLogTimeline[2m > [22m[2mshould include action and entity type counts
[22m[39m[AuditLogExtended] Generating audit log timeline {
  companyId: [32m'test-company'[39m,
  dateFrom: [35m2026-01-12T02:42:20.698Z[39m,
  dateTo: [35m2026-01-19T02:42:20.698Z[39m,
  groupBy: [32m'day'[39m
}
[AuditLogExtended] Starting audit log search {
  companyId: [32m'test-company'[39m,
  dateFrom: [35m2026-01-12T02:42:20.698Z[39m,
  dateTo: [35m2026-01-19T02:42:20.698Z[39m,
  limit: [90mundefined[39m,
  sortBy: [32m'timestamp'[39m,
  sortOrder: [32m'desc'[39m
}

[90mstdout[2m | src/services/auditLogExtended.test.ts[2m > [22m[2mExtended Audit Log Service[2m > [22m[2mgenerateAuditLogTimeline[2m > [22m[2mshould include action and entity type counts
[22m[39m[AuditLogExtended] Audit log search completed { total: [33m9[39m, returned: [33m9[39m, executionTimeMs: [33m1.7096999999994296[39m }

[90mstdout[2m | src/services/auditLogExtended.test.ts[2m > [22m[2mExtended Audit Log Service[2m > [22m[2mgenerateAuditLogTimeline[2m > [22m[2mshould include action and entity type counts
[22m[39m[AuditLogExtended] Timeline generation completed { entryCount: [33m6[39m, totalLogs: [33m9[39m, executionTimeMs: [33m2.4827000000004773[39m }

[90mstdout[2m | src/services/auditLogExtended.test.ts[2m > [22m[2mExtended Audit Log Service[2m > [22m[2mexportAuditLogsToCSV[2m > [22m[2mshould export logs to CSV format
[22m[39m[AuditLogExtended] Starting CSV export { companyId: [32m'test-company'[39m }
[AuditLogExtended] Starting audit log search { companyId: [32m'test-company'[39m, limit: [90mundefined[39m, offset: [90mundefined[39m }

[90mstdout[2m | src/services/auditLogExtended.test.ts[2m > [22m[2mExtended Audit Log Service[2m > [22m[2mexportAuditLogsToCSV[2m > [22m[2mshould export logs to CSV format
[22m[39m[AuditLogExtended] Audit log search completed { total: [33m50[39m, returned: [33m50[39m, executionTimeMs: [33m2.8515000000006694[39m }

[90mstdout[2m | src/__tests__/integration/reconciliation.e2e.test.ts[2m > [22m[2mReconciliation E2E Integration Tests[2m > [22m[2mComplete Reconciliation Workflow[2m > [22m[2mshould complete full reconciliation from upload to completion
[22m[39m[EnhancedMatching] Enhanced matching completed {
  totalStatement: [33m12[39m,
  matched: [33m12[39m,
  accuracy: [32m'100.0%'[39m,
  singleMatches: [33m12[39m,
  multiMatches: [33m0[39m
}

[90mstdout[2m | src/services/auditLogExtended.test.ts[2m > [22m[2mExtended Audit Log Service[2m > [22m[2mexportAuditLogsToCSV[2m > [22m[2mshould export logs to CSV format
[22m[39m[AuditLogExtended] CSV export completed { recordCount: [33m50[39m, executionTimeMs: [33m4.469900000000052[39m }

[90mstdout[2m | src/services/auditLogExtended.test.ts[2m > [22m[2mExtended Audit Log Service[2m > [22m[2mexportAuditLogsToCSV[2m > [22m[2mshould handle empty results
[22m[39m[AuditLogExtended] Starting CSV export { companyId: [32m'nonexistent-company'[39m }
[AuditLogExtended] Starting audit log search {
  companyId: [32m'nonexistent-company'[39m,
  limit: [90mundefined[39m,
  offset: [90mundefined[39m
}

[90mstdout[2m | src/services/auditLogExtended.test.ts[2m > [22m[2mExtended Audit Log Service[2m > [22m[2mexportAuditLogsToCSV[2m > [22m[2mshould handle empty results
[22m[39m[AuditLogExtended] Audit log search completed { total: [33m0[39m, returned: [33m0[39m, executionTimeMs: [33m0.769800000000032[39m }

[90mstdout[2m | src/services/auditLogExtended.test.ts[2m > [22m[2mExtended Audit Log Service[2m > [22m[2mexportAuditLogsToCSV[2m > [22m[2mshould handle empty results
[22m[39m[AuditLogExtended] CSV export completed { recordCount: [33m0[39m, executionTimeMs: [33m1.374100000000908[39m }

[90mstdout[2m | src/services/auditLogExtended.test.ts[2m > [22m[2mExtended Audit Log Service[2m > [22m[2mexportAuditLogsToCSV[2m > [22m[2mshould properly escape CSV values
[22m[39m[AuditLogExtended] Starting CSV export { companyId: [32m'test-company'[39m }
[AuditLogExtended] Starting audit log search { companyId: [32m'test-company'[39m, limit: [90mundefined[39m, offset: [90mundefined[39m }

[90mstdout[2m | src/services/auditLogExtended.test.ts[2m > [22m[2mExtended Audit Log Service[2m > [22m[2mexportAuditLogsToCSV[2m > [22m[2mshould properly escape CSV values
[22m[39m[AuditLogExtended] Audit log search completed { total: [33m1[39m, returned: [33m1[39m, executionTimeMs: [33m0.8024999999997817[39m }

[90mstdout[2m | src/services/auditLogExtended.test.ts[2m > [22m[2mExtended Audit Log Service[2m > [22m[2mexportAuditLogsToCSV[2m > [22m[2mshould properly escape CSV values
[22m[39m[AuditLogExtended] CSV export completed { recordCount: [33m1[39m, executionTimeMs: [33m1.3826000000008207[39m }

[90mstdout[2m | src/services/auditLogExtended.test.ts[2m > [22m[2mExtended Audit Log Service[2m > [22m[2mexportAuditLogsToPDF[2m > [22m[2mshould export logs to PDF format
[22m[39m[AuditLogExtended] Starting PDF export { companyId: [32m'test-company'[39m }
[AuditLogExtended] Starting audit log search { companyId: [32m'test-company'[39m, limit: [90mundefined[39m, offset: [90mundefined[39m }

[90mstdout[2m | src/services/auditLogExtended.test.ts[2m > [22m[2mExtended Audit Log Service[2m > [22m[2mexportAuditLogsToPDF[2m > [22m[2mshould export logs to PDF format
[22m[39m[AuditLogExtended] Audit log search completed { total: [33m50[39m, returned: [33m50[39m, executionTimeMs: [33m2.860099999999875[39m }

[90mstdout[2m | src/__tests__/integration/reconciliation.e2e.test.ts[2m > [22m[2mReconciliation E2E Integration Tests[2m > [22m[2mComplete Reconciliation Workflow[2m > [22m[2mshould handle manual matching for unmatched transactions
[22m[39m[EnhancedMatching] Enhanced matching completed {
  totalStatement: [33m12[39m,
  matched: [33m12[39m,
  accuracy: [32m'100.0%'[39m,
  singleMatches: [33m12[39m,
  multiMatches: [33m0[39m
}

[90mstdout[2m | src/services/auditLogExtended.test.ts[2m > [22m[2mExtended Audit Log Service[2m > [22m[2mexportAuditLogsToPDF[2m > [22m[2mshould export logs to PDF format
[22m[39m[AuditLogExtended] PDF export data prepared { recordCount: [33m50[39m, executionTimeMs: [33m102.7456000000002[39m }

[90mstdout[2m | src/services/auditLogExtended.perf.test.ts[2m > [22m[2mExtended Audit Log Performance Tests
[22m[39m  Seeded 1000/100000 entries...

[90mstdout[2m | src/__tests__/integration/reconciliation.e2e.test.ts[2m > [22m[2mReconciliation E2E Integration Tests[2m > [22m[2mComplete Reconciliation Workflow[2m > [22m[2mshould allow removing and re-matching transactions
[22m[39m[EnhancedMatching] Enhanced matching completed {
  totalStatement: [33m12[39m,
  matched: [33m12[39m,
  accuracy: [32m'100.0%'[39m,
  singleMatches: [33m12[39m,
  multiMatches: [33m0[39m
}

[90mstdout[2m | src/__tests__/integration/reconciliation.e2e.test.ts[2m > [22m[2mReconciliation E2E Integration Tests[2m > [22m[2mPattern Learning and Accuracy Improvement[2m > [22m[2mshould achieve >85% auto-match rate after 3 reconciliations
[22m[39m[EnhancedMatching] Enhanced matching completed {
  totalStatement: [33m12[39m,
  matched: [33m12[39m,
  accuracy: [32m'100.0%'[39m,
  singleMatches: [33m12[39m,
  multiMatches: [33m0[39m
}

[90mstdout[2m | src/services/auditLogExtended.test.ts[2m > [22m[2mExtended Audit Log Service[2m > [22m[2mgetAuditLogStatistics[2m > [22m[2mshould generate comprehensive statistics
[22m[39m[AuditLogExtended] Generating audit log statistics { companyId: [32m'test-company'[39m, dateFrom: [90mundefined[39m, dateTo: [90mundefined[39m }
[AuditLogExtended] Starting audit log search {
  companyId: [32m'test-company'[39m,
  dateFrom: [90mundefined[39m,
  dateTo: [90mundefined[39m,
  limit: [90mundefined[39m
}

[90mstdout[2m | src/services/auditLogExtended.test.ts[2m > [22m[2mExtended Audit Log Service[2m > [22m[2mgetAuditLogStatistics[2m > [22m[2mshould generate comprehensive statistics
[22m[39m[AuditLogExtended] Audit log search completed { total: [33m100[39m, returned: [33m100[39m, executionTimeMs: [33m3.98450000000048[39m }

[90mstdout[2m | src/__tests__/integration/reconciliation.e2e.test.ts[2m > [22m[2mReconciliation E2E Integration Tests[2m > [22m[2mPattern Learning and Accuracy Improvement[2m > [22m[2mshould achieve >85% auto-match rate after 3 reconciliations
[22m[39m[ReconciliationHistory] Created reconciliation pattern { patternId: [32m'Z-_mNzM1W_eh2HNztKJM8'[39m, vendorName: [32m'acme'[39m }

[90mstdout[2m | src/services/auditLogExtended.test.ts[2m > [22m[2mExtended Audit Log Service[2m > [22m[2mgetAuditLogStatistics[2m > [22m[2mshould generate comprehensive statistics
[22m[39m[AuditLogExtended] Statistics generation completed { totalLogs: [33m100[39m, executionTimeMs: [33m9.061099999998987[39m }

[90mstdout[2m | src/__tests__/integration/reconciliation.e2e.test.ts[2m > [22m[2mReconciliation E2E Integration Tests[2m > [22m[2mPattern Learning and Accuracy Improvement[2m > [22m[2mshould achieve >85% auto-match rate after 3 reconciliations
[22m[39m[ReconciliationHistory] Updated reconciliation pattern {
  patternId: [32m'Z-_mNzM1W_eh2HNztKJM8'[39m,
  changedFields: [
    [32m'description_patterns'[39m,
    [32m'typical_amount_range'[39m,
    [32m'typical_day_of_month'[39m,
    [32m'confidence'[39m,
    [32m'last_matched_at'[39m,
    [32m'match_count'[39m
  ]
}

[90mstdout[2m | src/__tests__/integration/reconciliation.e2e.test.ts[2m > [22m[2mReconciliation E2E Integration Tests[2m > [22m[2mPattern Learning and Accuracy Improvement[2m > [22m[2mshould achieve >85% auto-match rate after 3 reconciliations
[22m[39m[ReconciliationHistory] Created reconciliation pattern {
  patternId: [32m'YeeWuL4WvsafSwEDa8-HG'[39m,
  vendorName: [32m'office supplies inc purchase'[39m
}

[90mstdout[2m | src/__tests__/integration/reconciliation.e2e.test.ts[2m > [22m[2mReconciliation E2E Integration Tests[2m > [22m[2mPattern Learning and Accuracy Improvement[2m > [22m[2mshould achieve >85% auto-match rate after 3 reconciliations
[22m[39m[ReconciliationHistory] Updated reconciliation pattern {
  patternId: [32m'YeeWuL4WvsafSwEDa8-HG'[39m,
  changedFields: [
    [32m'description_patterns'[39m,
    [32m'typical_amount_range'[39m,
    [32m'typical_day_of_month'[39m,
    [32m'confidence'[39m,
    [32m'last_matched_at'[39m,
    [32m'match_count'[39m
  ]
}

[90mstdout[2m | src/__tests__/integration/reconciliation.e2e.test.ts[2m > [22m[2mReconciliation E2E Integration Tests[2m > [22m[2mPattern Learning and Accuracy Improvement[2m > [22m[2mshould achieve >85% auto-match rate after 3 reconciliations
[22m[39m[ReconciliationHistory] Created reconciliation pattern {
  patternId: [32m'aum3ZZQBIMvobKMqqmaKK'[39m,
  vendorName: [32m'widget co invoice payment'[39m
}

[90mstdout[2m | src/__tests__/integration/reconciliation.e2e.test.ts[2m > [22m[2mReconciliation E2E Integration Tests[2m > [22m[2mPattern Learning and Accuracy Improvement[2m > [22m[2mshould achieve >85% auto-match rate after 3 reconciliations
[22m[39m[ReconciliationHistory] Updated reconciliation pattern {
  patternId: [32m'aum3ZZQBIMvobKMqqmaKK'[39m,
  changedFields: [
    [32m'description_patterns'[39m,
    [32m'typical_amount_range'[39m,
    [32m'typical_day_of_month'[39m,
    [32m'confidence'[39m,
    [32m'last_matched_at'[39m,
    [32m'match_count'[39m
  ]
}

[90mstdout[2m | src/__tests__/integration/reconciliation.e2e.test.ts[2m > [22m[2mReconciliation E2E Integration Tests[2m > [22m[2mPattern Learning and Accuracy Improvement[2m > [22m[2mshould achieve >85% auto-match rate after 3 reconciliations
[22m[39m[ReconciliationHistory] Created reconciliation pattern {
  patternId: [32m'DJESIRwD1evcxw_aOk8vu'[39m,
  vendorName: [32m'cloud services monthly fee'[39m
}

[90mstdout[2m | src/__tests__/integration/reconciliation.e2e.test.ts[2m > [22m[2mReconciliation E2E Integration Tests[2m > [22m[2mPattern Learning and Accuracy Improvement[2m > [22m[2mshould achieve >85% auto-match rate after 3 reconciliations
[22m[39m[ReconciliationHistory] Updated reconciliation pattern {
  patternId: [32m'DJESIRwD1evcxw_aOk8vu'[39m,
  changedFields: [
    [32m'description_patterns'[39m,
    [32m'typical_amount_range'[39m,
    [32m'typical_day_of_month'[39m,
    [32m'confidence'[39m,
    [32m'last_matched_at'[39m,
    [32m'match_count'[39m
  ]
}

[90mstdout[2m | src/__tests__/integration/reconciliation.e2e.test.ts[2m > [22m[2mReconciliation E2E Integration Tests[2m > [22m[2mPattern Learning and Accuracy Improvement[2m > [22m[2mshould achieve >85% auto-match rate after 3 reconciliations
[22m[39m[ReconciliationHistory] Created reconciliation pattern {
  patternId: [32m'KGQFxPceA5ZWCYRjVJaxC'[39m,
  vendorName: [32m'consulting services'[39m
}

[90mstdout[2m | src/__tests__/integration/reconciliation.e2e.test.ts[2m > [22m[2mReconciliation E2E Integration Tests[2m > [22m[2mPattern Learning and Accuracy Improvement[2m > [22m[2mshould achieve >85% auto-match rate after 3 reconciliations
[22m[39m[ReconciliationHistory] Updated reconciliation pattern {
  patternId: [32m'KGQFxPceA5ZWCYRjVJaxC'[39m,
  changedFields: [
    [32m'description_patterns'[39m,
    [32m'typical_amount_range'[39m,
    [32m'typical_day_of_month'[39m,
    [32m'confidence'[39m,
    [32m'last_matched_at'[39m,
    [32m'match_count'[39m
  ]
}

[90mstdout[2m | src/__tests__/integration/reconciliation.e2e.test.ts[2m > [22m[2mReconciliation E2E Integration Tests[2m > [22m[2mPattern Learning and Accuracy Improvement[2m > [22m[2mshould achieve >85% auto-match rate after 3 reconciliations
[22m[39m[ReconciliationHistory] Created reconciliation pattern { patternId: [32m'uhmzzaajAXUN1AlBbevtY'[39m, vendorName: [32m'rent payment'[39m }

[90mstdout[2m | src/__tests__/integration/reconciliation.e2e.test.ts[2m > [22m[2mReconciliation E2E Integration Tests[2m > [22m[2mPattern Learning and Accuracy Improvement[2m > [22m[2mshould achieve >85% auto-match rate after 3 reconciliations
[22m[39m[ReconciliationHistory] Updated reconciliation pattern {
  patternId: [32m'uhmzzaajAXUN1AlBbevtY'[39m,
  changedFields: [
    [32m'description_patterns'[39m,
    [32m'typical_amount_range'[39m,
    [32m'typical_day_of_month'[39m,
    [32m'confidence'[39m,
    [32m'last_matched_at'[39m,
    [32m'match_count'[39m
  ]
}

[90mstdout[2m | src/__tests__/integration/reconciliation.e2e.test.ts[2m > [22m[2mReconciliation E2E Integration Tests[2m > [22m[2mPattern Learning and Accuracy Improvement[2m > [22m[2mshould achieve >85% auto-match rate after 3 reconciliations
[22m[39m[ReconciliationHistory] Created reconciliation pattern {
  patternId: [32m'4n-tVZgUegKns5_-u-Asi'[39m,
  vendorName: [32m'software license sale'[39m
}

[90mstdout[2m | src/__tests__/integration/reconciliation.e2e.test.ts[2m > [22m[2mReconciliation E2E Integration Tests[2m > [22m[2mPattern Learning and Accuracy Improvement[2m > [22m[2mshould achieve >85% auto-match rate after 3 reconciliations
[22m[39m[ReconciliationHistory] Updated reconciliation pattern {
  patternId: [32m'4n-tVZgUegKns5_-u-Asi'[39m,
  changedFields: [
    [32m'description_patterns'[39m,
    [32m'typical_amount_range'[39m,
    [32m'typical_day_of_month'[39m,
    [32m'confidence'[39m,
    [32m'last_matched_at'[39m,
    [32m'match_count'[39m
  ]
}

[90mstdout[2m | src/__tests__/integration/reconciliation.e2e.test.ts[2m > [22m[2mReconciliation E2E Integration Tests[2m > [22m[2mPattern Learning and Accuracy Improvement[2m > [22m[2mshould achieve >85% auto-match rate after 3 reconciliations
[22m[39m[ReconciliationHistory] Updated reconciliation pattern {
  patternId: [32m'YeeWuL4WvsafSwEDa8-HG'[39m,
  changedFields: [
    [32m'description_patterns'[39m,
    [32m'typical_amount_range'[39m,
    [32m'typical_day_of_month'[39m,
    [32m'confidence'[39m,
    [32m'last_matched_at'[39m,
    [32m'match_count'[39m
  ]
}

[90mstdout[2m | src/__tests__/integration/reconciliation.e2e.test.ts[2m > [22m[2mReconciliation E2E Integration Tests[2m > [22m[2mPattern Learning and Accuracy Improvement[2m > [22m[2mshould achieve >85% auto-match rate after 3 reconciliations
[22m[39m[ReconciliationHistory] Created reconciliation pattern { patternId: [32m'QqPEnUgxaLOVTk2kEhRSq'[39m, vendorName: [32m'beta'[39m }

[90mstdout[2m | src/__tests__/integration/reconciliation.e2e.test.ts[2m > [22m[2mReconciliation E2E Integration Tests[2m > [22m[2mPattern Learning and Accuracy Improvement[2m > [22m[2mshould achieve >85% auto-match rate after 3 reconciliations
[22m[39m[ReconciliationHistory] Updated reconciliation pattern {
  patternId: [32m'QqPEnUgxaLOVTk2kEhRSq'[39m,
  changedFields: [
    [32m'description_patterns'[39m,
    [32m'typical_amount_range'[39m,
    [32m'typical_day_of_month'[39m,
    [32m'confidence'[39m,
    [32m'last_matched_at'[39m,
    [32m'match_count'[39m
  ]
}

[90mstdout[2m | src/__tests__/integration/reconciliation.e2e.test.ts[2m > [22m[2mReconciliation E2E Integration Tests[2m > [22m[2mPattern Learning and Accuracy Improvement[2m > [22m[2mshould achieve >85% auto-match rate after 3 reconciliations
[22m[39m[ReconciliationHistory] Created reconciliation pattern { patternId: [32m'AzmY62n7Muu77XIOA9Ans'[39m, vendorName: [32m'bank service fee'[39m }

[90mstdout[2m | src/__tests__/integration/reconciliation.e2e.test.ts[2m > [22m[2mReconciliation E2E Integration Tests[2m > [22m[2mPattern Learning and Accuracy Improvement[2m > [22m[2mshould achieve >85% auto-match rate after 3 reconciliations
[22m[39m[ReconciliationHistory] Updated reconciliation pattern {
  patternId: [32m'AzmY62n7Muu77XIOA9Ans'[39m,
  changedFields: [
    [32m'description_patterns'[39m,
    [32m'typical_amount_range'[39m,
    [32m'typical_day_of_month'[39m,
    [32m'confidence'[39m,
    [32m'last_matched_at'[39m,
    [32m'match_count'[39m
  ]
}

[90mstdout[2m | src/__tests__/integration/reconciliation.e2e.test.ts[2m > [22m[2mReconciliation E2E Integration Tests[2m > [22m[2mPattern Learning and Accuracy Improvement[2m > [22m[2mshould achieve >85% auto-match rate after 3 reconciliations
[22m[39m[ReconciliationHistory] Created reconciliation pattern {
  patternId: [32m'X-rbDVKQBZmh8PJkQ2dcD'[39m,
  vendorName: [32m'acme corp monthly retainer'[39m
}

[90mstdout[2m | src/__tests__/integration/reconciliation.e2e.test.ts[2m > [22m[2mReconciliation E2E Integration Tests[2m > [22m[2mPattern Learning and Accuracy Improvement[2m > [22m[2mshould achieve >85% auto-match rate after 3 reconciliations
[22m[39m[ReconciliationHistory] Updated reconciliation pattern {
  patternId: [32m'X-rbDVKQBZmh8PJkQ2dcD'[39m,
  changedFields: [
    [32m'description_patterns'[39m,
    [32m'typical_amount_range'[39m,
    [32m'typical_day_of_month'[39m,
    [32m'confidence'[39m,
    [32m'last_matched_at'[39m,
    [32m'match_count'[39m
  ]
}

[90mstdout[2m | src/__tests__/integration/reconciliation.e2e.test.ts[2m > [22m[2mReconciliation E2E Integration Tests[2m > [22m[2mPattern Learning and Accuracy Improvement[2m > [22m[2mshould achieve >85% auto-match rate after 3 reconciliations
[22m[39m[ReconciliationHistory] Created reconciliation pattern { patternId: [32m'8lJsLpmasidbxe5FyWyYc'[39m, vendorName: [32m'utilities payment'[39m }

[90mstdout[2m | src/__tests__/integration/reconciliation.e2e.test.ts[2m > [22m[2mReconciliation E2E Integration Tests[2m > [22m[2mPattern Learning and Accuracy Improvement[2m > [22m[2mshould achieve >85% auto-match rate after 3 reconciliations
[22m[39m[ReconciliationHistory] Updated reconciliation pattern {
  patternId: [32m'8lJsLpmasidbxe5FyWyYc'[39m,
  changedFields: [
    [32m'description_patterns'[39m,
    [32m'typical_amount_range'[39m,
    [32m'typical_day_of_month'[39m,
    [32m'confidence'[39m,
    [32m'last_matched_at'[39m,
    [32m'match_count'[39m
  ]
}

[90mstdout[2m | src/__tests__/integration/reconciliation.e2e.test.ts[2m > [22m[2mReconciliation E2E Integration Tests[2m > [22m[2mPattern Learning and Accuracy Improvement[2m > [22m[2mshould achieve >85% auto-match rate after 3 reconciliations
[22m[39m[ReconciliationHistory] Saved reconciliation record {
  recordId: [32m'p4hXYw77J4l19XKmGhk7F'[39m,
  accountId: [32m'aU9UA4CnzO6gDyxtHv5By'[39m,
  status: [32m'balanced'[39m
}

[90mstdout[2m | src/services/auditLogExtended.test.ts[2m > [22m[2mExtended Audit Log Service[2m > [22m[2mgetAuditLogStatistics[2m > [22m[2mshould limit recent activity to 50 entries
[22m[39m[AuditLogExtended] Generating audit log statistics { companyId: [32m'test-company'[39m, dateFrom: [90mundefined[39m, dateTo: [90mundefined[39m }
[AuditLogExtended] Starting audit log search {
  companyId: [32m'test-company'[39m,
  dateFrom: [90mundefined[39m,
  dateTo: [90mundefined[39m,
  limit: [90mundefined[39m
}

[90mstdout[2m | src/services/auditLogExtended.test.ts[2m > [22m[2mExtended Audit Log Service[2m > [22m[2mgetAuditLogStatistics[2m > [22m[2mshould limit recent activity to 50 entries
[22m[39m[AuditLogExtended] Audit log search completed { total: [33m200[39m, returned: [33m200[39m, executionTimeMs: [33m7.660399999998845[39m }

[90mstdout[2m | src/services/auditLogExtended.test.ts[2m > [22m[2mExtended Audit Log Service[2m > [22m[2mgetAuditLogStatistics[2m > [22m[2mshould limit recent activity to 50 entries
[22m[39m[AuditLogExtended] Statistics generation completed { totalLogs: [33m200[39m, executionTimeMs: [33m8.866400000000795[39m }

[90mstdout[2m | src/__tests__/integration/reconciliation.e2e.test.ts[2m > [22m[2mReconciliation E2E Integration Tests[2m > [22m[2mPattern Learning and Accuracy Improvement[2m > [22m[2mshould achieve >85% auto-match rate after 3 reconciliations
[22m[39m[EnhancedMatching] Enhanced matching completed {
  totalStatement: [33m12[39m,
  matched: [33m12[39m,
  accuracy: [32m'100.0%'[39m,
  singleMatches: [33m12[39m,
  multiMatches: [33m0[39m
}

[90mstdout[2m | src/__tests__/integration/reconciliation.e2e.test.ts[2m > [22m[2mReconciliation E2E Integration Tests[2m > [22m[2mPattern Learning and Accuracy Improvement[2m > [22m[2mshould achieve >85% auto-match rate after 3 reconciliations
[22m[39m[ReconciliationHistory] Updated reconciliation pattern {
  patternId: [32m'Z-_mNzM1W_eh2HNztKJM8'[39m,
  changedFields: [
    [32m'description_patterns'[39m,
    [32m'typical_amount_range'[39m,
    [32m'typical_day_of_month'[39m,
    [32m'confidence'[39m,
    [32m'last_matched_at'[39m,
    [32m'match_count'[39m
  ]
}

[90mstdout[2m | src/__tests__/integration/reconciliation.e2e.test.ts[2m > [22m[2mReconciliation E2E Integration Tests[2m > [22m[2mPattern Learning and Accuracy Improvement[2m > [22m[2mshould achieve >85% auto-match rate after 3 reconciliations
[22m[39m[ReconciliationHistory] Updated reconciliation pattern {
  patternId: [32m'YeeWuL4WvsafSwEDa8-HG'[39m,
  changedFields: [
    [32m'description_patterns'[39m,
    [32m'typical_amount_range'[39m,
    [32m'typical_day_of_month'[39m,
    [32m'confidence'[39m,
    [32m'last_matched_at'[39m,
    [32m'match_count'[39m
  ]
}

[90mstdout[2m | src/__tests__/integration/reconciliation.e2e.test.ts[2m > [22m[2mReconciliation E2E Integration Tests[2m > [22m[2mPattern Learning and Accuracy Improvement[2m > [22m[2mshould achieve >85% auto-match rate after 3 reconciliations
[22m[39m[ReconciliationHistory] Updated reconciliation pattern {
  patternId: [32m'aum3ZZQBIMvobKMqqmaKK'[39m,
  changedFields: [
    [32m'description_patterns'[39m,
    [32m'typical_amount_range'[39m,
    [32m'typical_day_of_month'[39m,
    [32m'confidence'[39m,
    [32m'last_matched_at'[39m,
    [32m'match_count'[39m
  ]
}

[90mstdout[2m | src/__tests__/integration/reconciliation.e2e.test.ts[2m > [22m[2mReconciliation E2E Integration Tests[2m > [22m[2mPattern Learning and Accuracy Improvement[2m > [22m[2mshould achieve >85% auto-match rate after 3 reconciliations
[22m[39m[ReconciliationHistory] Updated reconciliation pattern {
  patternId: [32m'DJESIRwD1evcxw_aOk8vu'[39m,
  changedFields: [
    [32m'description_patterns'[39m,
    [32m'typical_amount_range'[39m,
    [32m'typical_day_of_month'[39m,
    [32m'confidence'[39m,
    [32m'last_matched_at'[39m,
    [32m'match_count'[39m
  ]
}

[90mstdout[2m | src/__tests__/integration/reconciliation.e2e.test.ts[2m > [22m[2mReconciliation E2E Integration Tests[2m > [22m[2mPattern Learning and Accuracy Improvement[2m > [22m[2mshould achieve >85% auto-match rate after 3 reconciliations
[22m[39m[ReconciliationHistory] Updated reconciliation pattern {
  patternId: [32m'KGQFxPceA5ZWCYRjVJaxC'[39m,
  changedFields: [
    [32m'description_patterns'[39m,
    [32m'typical_amount_range'[39m,
    [32m'typical_day_of_month'[39m,
    [32m'confidence'[39m,
    [32m'last_matched_at'[39m,
    [32m'match_count'[39m
  ]
}

[90mstdout[2m | src/__tests__/integration/reconciliation.e2e.test.ts[2m > [22m[2mReconciliation E2E Integration Tests[2m > [22m[2mPattern Learning and Accuracy Improvement[2m > [22m[2mshould achieve >85% auto-match rate after 3 reconciliations
[22m[39m[ReconciliationHistory] Updated reconciliation pattern {
  patternId: [32m'uhmzzaajAXUN1AlBbevtY'[39m,
  changedFields: [
    [32m'description_patterns'[39m,
    [32m'typical_amount_range'[39m,
    [32m'typical_day_of_month'[39m,
    [32m'confidence'[39m,
    [32m'last_matched_at'[39m,
    [32m'match_count'[39m
  ]
}

[90mstdout[2m | src/__tests__/integration/reconciliation.e2e.test.ts[2m > [22m[2mReconciliation E2E Integration Tests[2m > [22m[2mPattern Learning and Accuracy Improvement[2m > [22m[2mshould achieve >85% auto-match rate after 3 reconciliations
[22m[39m[ReconciliationHistory] Updated reconciliation pattern {
  patternId: [32m'4n-tVZgUegKns5_-u-Asi'[39m,
  changedFields: [
    [32m'description_patterns'[39m,
    [32m'typical_amount_range'[39m,
    [32m'typical_day_of_month'[39m,
    [32m'confidence'[39m,
    [32m'last_matched_at'[39m,
    [32m'match_count'[39m
  ]
}

[90mstdout[2m | src/__tests__/integration/reconciliation.e2e.test.ts[2m > [22m[2mReconciliation E2E Integration Tests[2m > [22m[2mPattern Learning and Accuracy Improvement[2m > [22m[2mshould achieve >85% auto-match rate after 3 reconciliations
[22m[39m[ReconciliationHistory] Updated reconciliation pattern {
  patternId: [32m'YeeWuL4WvsafSwEDa8-HG'[39m,
  changedFields: [
    [32m'description_patterns'[39m,
    [32m'typical_amount_range'[39m,
    [32m'typical_day_of_month'[39m,
    [32m'confidence'[39m,
    [32m'last_matched_at'[39m,
    [32m'match_count'[39m
  ]
}

[90mstdout[2m | src/services/auditLogExtended.test.ts[2m > [22m[2mExtended Audit Log Service[2m > [22m[2mgetAuditLogStatistics[2m > [22m[2mshould filter statistics by date range
[22m[39m[AuditLogExtended] Generating audit log statistics {
  companyId: [32m'test-company'[39m,
  dateFrom: [35m2026-01-12T02:42:21.264Z[39m,
  dateTo: [35m2026-01-19T02:42:21.264Z[39m
}
[AuditLogExtended] Starting audit log search {
  companyId: [32m'test-company'[39m,
  dateFrom: [35m2026-01-12T02:42:21.264Z[39m,
  dateTo: [35m2026-01-19T02:42:21.264Z[39m,
  limit: [90mundefined[39m
}

[90mstdout[2m | src/services/auditLogExtended.test.ts[2m > [22m[2mExtended Audit Log Service[2m > [22m[2mgetAuditLogStatistics[2m > [22m[2mshould filter statistics by date range
[22m[39m[AuditLogExtended] Audit log search completed { total: [33m25[39m, returned: [33m25[39m, executionTimeMs: [33m3.6057999999993626[39m }

[90mstdout[2m | src/__tests__/integration/reconciliation.e2e.test.ts[2m > [22m[2mReconciliation E2E Integration Tests[2m > [22m[2mPattern Learning and Accuracy Improvement[2m > [22m[2mshould achieve >85% auto-match rate after 3 reconciliations
[22m[39m[ReconciliationHistory] Updated reconciliation pattern {
  patternId: [32m'QqPEnUgxaLOVTk2kEhRSq'[39m,
  changedFields: [
    [32m'description_patterns'[39m,
    [32m'typical_amount_range'[39m,
    [32m'typical_day_of_month'[39m,
    [32m'confidence'[39m,
    [32m'last_matched_at'[39m,
    [32m'match_count'[39m
  ]
}

[90mstdout[2m | src/services/auditLogExtended.test.ts[2m > [22m[2mExtended Audit Log Service[2m > [22m[2mgetAuditLogStatistics[2m > [22m[2mshould filter statistics by date range
[22m[39m[AuditLogExtended] Statistics generation completed { totalLogs: [33m25[39m, executionTimeMs: [33m5.046500000000378[39m }

[90mstdout[2m | src/__tests__/integration/reconciliation.e2e.test.ts[2m > [22m[2mReconciliation E2E Integration Tests[2m > [22m[2mPattern Learning and Accuracy Improvement[2m > [22m[2mshould achieve >85% auto-match rate after 3 reconciliations
[22m[39m[ReconciliationHistory] Updated reconciliation pattern {
  patternId: [32m'AzmY62n7Muu77XIOA9Ans'[39m,
  changedFields: [
    [32m'description_patterns'[39m,
    [32m'typical_amount_range'[39m,
    [32m'typical_day_of_month'[39m,
    [32m'confidence'[39m,
    [32m'last_matched_at'[39m,
    [32m'match_count'[39m
  ]
}

[90mstderr[2m | src/services/auditLogExtended.test.ts[2m > [22m[2mExtended Audit Log Service[2m > [22m[2mdeleteOldAuditLogs[2m > [22m[2mshould delete logs older than retention period
[22m[39m[AuditLogExtended] Deleting old audit logs {
  companyId: [32m'test-company'[39m,
  cutoffDate: [35m2025-12-20T02:42:21.282Z[39m,
  retentionDays: [33m30[39m
}

[90mstdout[2m | src/__tests__/integration/reconciliation.e2e.test.ts[2m > [22m[2mReconciliation E2E Integration Tests[2m > [22m[2mPattern Learning and Accuracy Improvement[2m > [22m[2mshould achieve >85% auto-match rate after 3 reconciliations
[22m[39m[ReconciliationHistory] Updated reconciliation pattern {
  patternId: [32m'X-rbDVKQBZmh8PJkQ2dcD'[39m,
  changedFields: [
    [32m'description_patterns'[39m,
    [32m'typical_amount_range'[39m,
    [32m'typical_day_of_month'[39m,
    [32m'confidence'[39m,
    [32m'last_matched_at'[39m,
    [32m'match_count'[39m
  ]
}

[90mstderr[2m | src/services/auditLogExtended.test.ts[2m > [22m[2mExtended Audit Log Service[2m > [22m[2mdeleteOldAuditLogs[2m > [22m[2mshould delete logs older than retention period
[22m[39m[AuditLogExtended] Old audit logs deleted { deletedCount: [33m2[39m, executionTimeMs: [33m40.14810000000034[39m }

[90mstdout[2m | src/__tests__/integration/reconciliation.e2e.test.ts[2m > [22m[2mReconciliation E2E Integration Tests[2m > [22m[2mPattern Learning and Accuracy Improvement[2m > [22m[2mshould achieve >85% auto-match rate after 3 reconciliations
[22m[39m[ReconciliationHistory] Updated reconciliation pattern {
  patternId: [32m'8lJsLpmasidbxe5FyWyYc'[39m,
  changedFields: [
    [32m'description_patterns'[39m,
    [32m'typical_amount_range'[39m,
    [32m'typical_day_of_month'[39m,
    [32m'confidence'[39m,
    [32m'last_matched_at'[39m,
    [32m'match_count'[39m
  ]
}

[90mstdout[2m | src/__tests__/integration/reconciliation.e2e.test.ts[2m > [22m[2mReconciliation E2E Integration Tests[2m > [22m[2mPattern Learning and Accuracy Improvement[2m > [22m[2mshould achieve >85% auto-match rate after 3 reconciliations
[22m[39m[ReconciliationHistory] Saved reconciliation record {
  recordId: [32m'v8cG1iw7hlh-Pnwc8ACm6'[39m,
  accountId: [32m'aU9UA4CnzO6gDyxtHv5By'[39m,
  status: [32m'balanced'[39m
}

[90mstderr[2m | src/services/auditLogExtended.test.ts[2m > [22m[2mExtended Audit Log Service[2m > [22m[2mdeleteOldAuditLogs[2m > [22m[2mshould not delete logs within retention period
[22m[39m[AuditLogExtended] Deleting old audit logs {
  companyId: [32m'test-company'[39m,
  cutoffDate: [35m2025-10-21T01:42:21.387Z[39m,
  retentionDays: [33m90[39m
}

[90mstderr[2m | src/services/auditLogExtended.test.ts[2m > [22m[2mExtended Audit Log Service[2m > [22m[2mdeleteOldAuditLogs[2m > [22m[2mshould not delete logs within retention period
[22m[39m[AuditLogExtended] Old audit logs deleted { deletedCount: [33m0[39m, executionTimeMs: [33m1.0839999999989232[39m }

[90mstdout[2m | src/__tests__/integration/reconciliation.e2e.test.ts[2m > [22m[2mReconciliation E2E Integration Tests[2m > [22m[2mPattern Learning and Accuracy Improvement[2m > [22m[2mshould achieve >85% auto-match rate after 3 reconciliations
[22m[39m[EnhancedMatching] Enhanced matching completed {
  totalStatement: [33m12[39m,
  matched: [33m12[39m,
  accuracy: [32m'100.0%'[39m,
  singleMatches: [33m12[39m,
  multiMatches: [33m0[39m
}

[90mstdout[2m | src/__tests__/integration/reconciliation.e2e.test.ts[2m > [22m[2mReconciliation E2E Integration Tests[2m > [22m[2mPattern Learning and Accuracy Improvement[2m > [22m[2mshould achieve >85% auto-match rate after 3 reconciliations
[22m[39m[ReconciliationHistory] Updated reconciliation pattern {
  patternId: [32m'Z-_mNzM1W_eh2HNztKJM8'[39m,
  changedFields: [
    [32m'description_patterns'[39m,
    [32m'typical_amount_range'[39m,
    [32m'typical_day_of_month'[39m,
    [32m'confidence'[39m,
    [32m'last_matched_at'[39m,
    [32m'match_count'[39m
  ]
}

[90mstdout[2m | src/__tests__/integration/reconciliation.e2e.test.ts[2m > [22m[2mReconciliation E2E Integration Tests[2m > [22m[2mPattern Learning and Accuracy Improvement[2m > [22m[2mshould achieve >85% auto-match rate after 3 reconciliations
[22m[39m[ReconciliationHistory] Updated reconciliation pattern {
  patternId: [32m'YeeWuL4WvsafSwEDa8-HG'[39m,
  changedFields: [
    [32m'description_patterns'[39m,
    [32m'typical_amount_range'[39m,
    [32m'typical_day_of_month'[39m,
    [32m'confidence'[39m,
    [32m'last_matched_at'[39m,
    [32m'match_count'[39m
  ]
}

[90mstdout[2m | src/__tests__/integration/reconciliation.e2e.test.ts[2m > [22m[2mReconciliation E2E Integration Tests[2m > [22m[2mPattern Learning and Accuracy Improvement[2m > [22m[2mshould achieve >85% auto-match rate after 3 reconciliations
[22m[39m[ReconciliationHistory] Updated reconciliation pattern {
  patternId: [32m'aum3ZZQBIMvobKMqqmaKK'[39m,
  changedFields: [
    [32m'description_patterns'[39m,
    [32m'typical_amount_range'[39m,
    [32m'typical_day_of_month'[39m,
    [32m'confidence'[39m,
    [32m'last_matched_at'[39m,
    [32m'match_count'[39m
  ]
}

[90mstdout[2m | src/__tests__/integration/reconciliation.e2e.test.ts[2m > [22m[2mReconciliation E2E Integration Tests[2m > [22m[2mPattern Learning and Accuracy Improvement[2m > [22m[2mshould achieve >85% auto-match rate after 3 reconciliations
[22m[39m[ReconciliationHistory] Updated reconciliation pattern {
  patternId: [32m'DJESIRwD1evcxw_aOk8vu'[39m,
  changedFields: [
    [32m'description_patterns'[39m,
    [32m'typical_amount_range'[39m,
    [32m'typical_day_of_month'[39m,
    [32m'confidence'[39m,
    [32m'last_matched_at'[39m,
    [32m'match_count'[39m
  ]
}

[90mstdout[2m | src/__tests__/integration/reconciliation.e2e.test.ts[2m > [22m[2mReconciliation E2E Integration Tests[2m > [22m[2mPattern Learning and Accuracy Improvement[2m > [22m[2mshould achieve >85% auto-match rate after 3 reconciliations
[22m[39m[ReconciliationHistory] Updated reconciliation pattern {
  patternId: [32m'KGQFxPceA5ZWCYRjVJaxC'[39m,
  changedFields: [
    [32m'description_patterns'[39m,
    [32m'typical_amount_range'[39m,
    [32m'typical_day_of_month'[39m,
    [32m'confidence'[39m,
    [32m'last_matched_at'[39m,
    [32m'match_count'[39m
  ]
}

[90mstdout[2m | src/__tests__/integration/reconciliation.e2e.test.ts[2m > [22m[2mReconciliation E2E Integration Tests[2m > [22m[2mPattern Learning and Accuracy Improvement[2m > [22m[2mshould achieve >85% auto-match rate after 3 reconciliations
[22m[39m[ReconciliationHistory] Updated reconciliation pattern {
  patternId: [32m'uhmzzaajAXUN1AlBbevtY'[39m,
  changedFields: [
    [32m'description_patterns'[39m,
    [32m'typical_amount_range'[39m,
    [32m'typical_day_of_month'[39m,
    [32m'confidence'[39m,
    [32m'last_matched_at'[39m,
    [32m'match_count'[39m
  ]
}

[90mstdout[2m | src/__tests__/integration/reconciliation.e2e.test.ts[2m > [22m[2mReconciliation E2E Integration Tests[2m > [22m[2mPattern Learning and Accuracy Improvement[2m > [22m[2mshould achieve >85% auto-match rate after 3 reconciliations
[22m[39m[ReconciliationHistory] Updated reconciliation pattern {
  patternId: [32m'4n-tVZgUegKns5_-u-Asi'[39m,
  changedFields: [
    [32m'description_patterns'[39m,
    [32m'typical_amount_range'[39m,
    [32m'typical_day_of_month'[39m,
    [32m'confidence'[39m,
    [32m'last_matched_at'[39m,
    [32m'match_count'[39m
  ]
}

[90mstdout[2m | src/__tests__/integration/reconciliation.e2e.test.ts[2m > [22m[2mReconciliation E2E Integration Tests[2m > [22m[2mPattern Learning and Accuracy Improvement[2m > [22m[2mshould achieve >85% auto-match rate after 3 reconciliations
[22m[39m[ReconciliationHistory] Updated reconciliation pattern {
  patternId: [32m'YeeWuL4WvsafSwEDa8-HG'[39m,
  changedFields: [
    [32m'description_patterns'[39m,
    [32m'typical_amount_range'[39m,
    [32m'typical_day_of_month'[39m,
    [32m'confidence'[39m,
    [32m'last_matched_at'[39m,
    [32m'match_count'[39m
  ]
}

[90mstdout[2m | src/__tests__/integration/reconciliation.e2e.test.ts[2m > [22m[2mReconciliation E2E Integration Tests[2m > [22m[2mPattern Learning and Accuracy Improvement[2m > [22m[2mshould achieve >85% auto-match rate after 3 reconciliations
[22m[39m[ReconciliationHistory] Updated reconciliation pattern {
  patternId: [32m'QqPEnUgxaLOVTk2kEhRSq'[39m,
  changedFields: [
    [32m'description_patterns'[39m,
    [32m'typical_amount_range'[39m,
    [32m'typical_day_of_month'[39m,
    [32m'confidence'[39m,
    [32m'last_matched_at'[39m,
    [32m'match_count'[39m
  ]
}

[90mstdout[2m | src/__tests__/integration/reconciliation.e2e.test.ts[2m > [22m[2mReconciliation E2E Integration Tests[2m > [22m[2mPattern Learning and Accuracy Improvement[2m > [22m[2mshould achieve >85% auto-match rate after 3 reconciliations
[22m[39m[ReconciliationHistory] Updated reconciliation pattern {
  patternId: [32m'AzmY62n7Muu77XIOA9Ans'[39m,
  changedFields: [
    [32m'description_patterns'[39m,
    [32m'typical_amount_range'[39m,
    [32m'typical_day_of_month'[39m,
    [32m'confidence'[39m,
    [32m'last_matched_at'[39m,
    [32m'match_count'[39m
  ]
}

[90mstdout[2m | src/__tests__/integration/reconciliation.e2e.test.ts[2m > [22m[2mReconciliation E2E Integration Tests[2m > [22m[2mPattern Learning and Accuracy Improvement[2m > [22m[2mshould achieve >85% auto-match rate after 3 reconciliations
[22m[39m[ReconciliationHistory] Updated reconciliation pattern {
  patternId: [32m'X-rbDVKQBZmh8PJkQ2dcD'[39m,
  changedFields: [
    [32m'description_patterns'[39m,
    [32m'typical_amount_range'[39m,
    [32m'typical_day_of_month'[39m,
    [32m'confidence'[39m,
    [32m'last_matched_at'[39m,
    [32m'match_count'[39m
  ]
}

[90mstdout[2m | src/__tests__/integration/reconciliation.e2e.test.ts[2m > [22m[2mReconciliation E2E Integration Tests[2m > [22m[2mPattern Learning and Accuracy Improvement[2m > [22m[2mshould achieve >85% auto-match rate after 3 reconciliations
[22m[39m[ReconciliationHistory] Updated reconciliation pattern {
  patternId: [32m'8lJsLpmasidbxe5FyWyYc'[39m,
  changedFields: [
    [32m'description_patterns'[39m,
    [32m'typical_amount_range'[39m,
    [32m'typical_day_of_month'[39m,
    [32m'confidence'[39m,
    [32m'last_matched_at'[39m,
    [32m'match_count'[39m
  ]
}

[90mstdout[2m | src/__tests__/integration/reconciliation.e2e.test.ts[2m > [22m[2mReconciliation E2E Integration Tests[2m > [22m[2mPattern Learning and Accuracy Improvement[2m > [22m[2mshould achieve >85% auto-match rate after 3 reconciliations
[22m[39m[ReconciliationHistory] Saved reconciliation record {
  recordId: [32m'ubUHw4aB5NrwC1ozl9wHM'[39m,
  accountId: [32m'aU9UA4CnzO6gDyxtHv5By'[39m,
  status: [32m'balanced'[39m
}

[90mstdout[2m | src/__tests__/integration/reconciliation.e2e.test.ts[2m > [22m[2mReconciliation E2E Integration Tests[2m > [22m[2mReconciliation Streak Tracking[2m > [22m[2mshould track streaks and award milestones
[22m[39m[EnhancedMatching] Enhanced matching completed {
  totalStatement: [33m12[39m,
  matched: [33m12[39m,
  accuracy: [32m'100.0%'[39m,
  singleMatches: [33m12[39m,
  multiMatches: [33m0[39m
}

[90mstdout[2m | src/__tests__/integration/reconciliation.e2e.test.ts[2m > [22m[2mReconciliation E2E Integration Tests[2m > [22m[2mReconciliation Streak Tracking[2m > [22m[2mshould track streaks and award milestones
[22m[39m[ReconciliationHistory] Saved reconciliation record {
  recordId: [32m'9JuRruBTUm3hkhP7BK5YA'[39m,
  accountId: [32m'G18oQyEW49rSfIBcwJVSS'[39m,
  status: [32m'balanced'[39m
}

[90mstdout[2m | src/__tests__/integration/reconciliation.e2e.test.ts[2m > [22m[2mReconciliation E2E Integration Tests[2m > [22m[2mReconciliation Streak Tracking[2m > [22m[2mshould track streaks and award milestones
[22m[39m[EnhancedMatching] Enhanced matching completed {
  totalStatement: [33m12[39m,
  matched: [33m12[39m,
  accuracy: [32m'100.0%'[39m,
  singleMatches: [33m12[39m,
  multiMatches: [33m0[39m
}

[90mstdout[2m | src/__tests__/integration/reconciliation.e2e.test.ts[2m > [22m[2mReconciliation E2E Integration Tests[2m > [22m[2mReconciliation Streak Tracking[2m > [22m[2mshould track streaks and award milestones
[22m[39m[ReconciliationHistory] Saved reconciliation record {
  recordId: [32m'K3F9MGRiGXn_Sb04-cSU_'[39m,
  accountId: [32m'G18oQyEW49rSfIBcwJVSS'[39m,
  status: [32m'balanced'[39m
}

[90mstdout[2m | src/__tests__/integration/reconciliation.e2e.test.ts[2m > [22m[2mReconciliation E2E Integration Tests[2m > [22m[2mReconciliation Streak Tracking[2m > [22m[2mshould track streaks and award milestones
[22m[39m[EnhancedMatching] Enhanced matching completed {
  totalStatement: [33m12[39m,
  matched: [33m12[39m,
  accuracy: [32m'100.0%'[39m,
  singleMatches: [33m12[39m,
  multiMatches: [33m0[39m
}

[90mstdout[2m | src/__tests__/integration/reconciliation.e2e.test.ts[2m > [22m[2mReconciliation E2E Integration Tests[2m > [22m[2mReconciliation Streak Tracking[2m > [22m[2mshould track streaks and award milestones
[22m[39m[ReconciliationHistory] Saved reconciliation record {
  recordId: [32m'nd28OizbnFZWTLBMOOQvI'[39m,
  accountId: [32m'G18oQyEW49rSfIBcwJVSS'[39m,
  status: [32m'balanced'[39m
}

[90mstdout[2m | src/__tests__/integration/reconciliation.e2e.test.ts[2m > [22m[2mReconciliation E2E Integration Tests[2m > [22m[2mReconciliation Streak Tracking[2m > [22m[2mshould track streaks and award milestones
[22m[39m[EnhancedMatching] Enhanced matching completed {
  totalStatement: [33m12[39m,
  matched: [33m12[39m,
  accuracy: [32m'100.0%'[39m,
  singleMatches: [33m12[39m,
  multiMatches: [33m0[39m
}

[90mstdout[2m | src/__tests__/integration/reconciliation.e2e.test.ts[2m > [22m[2mReconciliation E2E Integration Tests[2m > [22m[2mReconciliation Streak Tracking[2m > [22m[2mshould track streaks and award milestones
[22m[39m[ReconciliationHistory] Saved reconciliation record {
  recordId: [32m'S1m_v9M8pihX9SIIgVQu3'[39m,
  accountId: [32m'G18oQyEW49rSfIBcwJVSS'[39m,
  status: [32m'balanced'[39m
}

[90mstdout[2m | src/__tests__/integration/reconciliation.e2e.test.ts[2m > [22m[2mReconciliation E2E Integration Tests[2m > [22m[2mUnreconciled Transaction Flagging[2m > [22m[2mshould flag old unreconciled transactions
[22m[39m[ReconciliationHistory] Retrieved unreconciled transactions { accountId: [32m'Ba2DwoJ-LMzJIDJJnVU1j'[39m, count: [33m3[39m }

[90mstdout[2m | src/__tests__/integration/reconciliation.e2e.test.ts[2m > [22m[2mReconciliation E2E Integration Tests[2m > [22m[2mUnreconciled Transaction Flagging[2m > [22m[2mshould flag old unreconciled transactions
[22m[39m[ReconciliationHistory] Generated unreconciled dashboard { totalCount: [33m0[39m }

[90mstdout[2m | src/__tests__/integration/reconciliation.e2e.test.ts[2m > [22m[2mReconciliation E2E Integration Tests[2m > [22m[2mDiscrepancy Resolution[2m > [22m[2mshould suggest resolutions for common discrepancies
[22m[39m[EnhancedMatching] Enhanced matching completed {
  totalStatement: [33m14[39m,
  matched: [33m12[39m,
  accuracy: [32m'85.7%'[39m,
  singleMatches: [33m12[39m,
  multiMatches: [33m0[39m
}

[90mstdout[2m | src/__tests__/integration/reconciliation.e2e.test.ts[2m > [22m[2mReconciliation E2E Integration Tests[2m > [22m[2mDiscrepancy Resolution[2m > [22m[2mshould suggest resolutions for common discrepancies
[22m[39m[ReconciliationHistory] Generated discrepancy suggestions { accountId: [32m'V8sQk68sdgfd-sIqX2Pyk'[39m, suggestionCount: [33m2[39m }

[90mstdout[2m | src/__tests__/integration/reconciliation.e2e.test.ts[2m > [22m[2mReconciliation E2E Integration Tests[2m > [22m[2mReconciliation History[2m > [22m[2mshould retrieve and display reconciliation history
[22m[39m[EnhancedMatching] Enhanced matching completed {
  totalStatement: [33m12[39m,
  matched: [33m12[39m,
  accuracy: [32m'100.0%'[39m,
  singleMatches: [33m12[39m,
  multiMatches: [33m0[39m
}

[90mstdout[2m | src/__tests__/integration/reconciliation.e2e.test.ts[2m > [22m[2mReconciliation E2E Integration Tests[2m > [22m[2mReconciliation History[2m > [22m[2mshould retrieve and display reconciliation history
[22m[39m[ReconciliationHistory] Saved reconciliation record {
  recordId: [32m'gx8-ugx-DvvE0ejMV6C4A'[39m,
  accountId: [32m'recfuv_X9sgma07D9Amec'[39m,
  status: [32m'balanced'[39m
}

[90mstdout[2m | src/__tests__/integration/reconciliation.e2e.test.ts[2m > [22m[2mReconciliation E2E Integration Tests[2m > [22m[2mReconciliation History[2m > [22m[2mshould retrieve and display reconciliation history
[22m[39m[EnhancedMatching] Enhanced matching completed {
  totalStatement: [33m12[39m,
  matched: [33m12[39m,
  accuracy: [32m'100.0%'[39m,
  singleMatches: [33m12[39m,
  multiMatches: [33m0[39m
}

[90mstdout[2m | src/__tests__/integration/reconciliation.e2e.test.ts[2m > [22m[2mReconciliation E2E Integration Tests[2m > [22m[2mReconciliation History[2m > [22m[2mshould retrieve and display reconciliation history
[22m[39m[ReconciliationHistory] Saved reconciliation record {
  recordId: [32m'rHN-JIfW7E_nNYnkU8nCt'[39m,
  accountId: [32m'recfuv_X9sgma07D9Amec'[39m,
  status: [32m'balanced'[39m
}

[90mstdout[2m | src/__tests__/integration/reconciliation.e2e.test.ts[2m > [22m[2mReconciliation E2E Integration Tests[2m > [22m[2mReconciliation History[2m > [22m[2mshould retrieve and display reconciliation history
[22m[39m[EnhancedMatching] Enhanced matching completed {
  totalStatement: [33m12[39m,
  matched: [33m12[39m,
  accuracy: [32m'100.0%'[39m,
  singleMatches: [33m12[39m,
  multiMatches: [33m0[39m
}

[90mstdout[2m | src/__tests__/integration/reconciliation.e2e.test.ts[2m > [22m[2mReconciliation E2E Integration Tests[2m > [22m[2mReconciliation History[2m > [22m[2mshould retrieve and display reconciliation history
[22m[39m[ReconciliationHistory] Saved reconciliation record {
  recordId: [32m'A415KdTUry_jk-Nzlnc1P'[39m,
  accountId: [32m'recfuv_X9sgma07D9Amec'[39m,
  status: [32m'balanced'[39m
}

[90mstdout[2m | src/services/auditLogExtended.test.ts[2m > [22m[2mExtended Audit Log Service[2m > [22m[2mPerformance Tests[2m > [22m[2mshould handle 1,000 entries efficiently
[22m[39m[AuditLogExtended] Starting audit log search { companyId: [32m'test-company'[39m }

[90mstdout[2m | src/services/auditLogExtended.test.ts[2m > [22m[2mExtended Audit Log Service[2m > [22m[2mPerformance Tests[2m > [22m[2mshould handle 1,000 entries efficiently
[22m[39m[AuditLogExtended] Audit log search completed { total: [33m1000[39m, returned: [33m1000[39m, executionTimeMs: [33m48.40689999999995[39m }

[90mstdout[2m | src/__tests__/integration/reconciliation.e2e.test.ts[2m > [22m[2mReconciliation E2E Integration Tests[2m > [22m[2mPerformance[2m > [22m[2mshould process 500 transactions in under 5 seconds
[22m[39m[EnhancedMatching] Enhanced matching completed {
  totalStatement: [33m500[39m,
  matched: [33m495[39m,
  accuracy: [32m'99.0%'[39m,
  singleMatches: [33m495[39m,
  multiMatches: [33m0[39m
}

[90mstdout[2m | src/__tests__/integration/reconciliation.e2e.test.ts[2m > [22m[2mReconciliation E2E Integration Tests[2m > [22m[2mMulti-Transaction Matching[2m > [22m[2mshould match split deposits correctly
[22m[39m[EnhancedMatching] Enhanced matching completed {
  totalStatement: [33m1[39m,
  matched: [33m1[39m,
  accuracy: [32m'100.0%'[39m,
  singleMatches: [33m0[39m,
  multiMatches: [33m1[39m
}

 [31m❯[39m src/__tests__/integration/reconciliation.e2e.test.ts [2m([22m[2m10 tests[22m[2m | [22m[31m5 failed[39m[2m)[22m[33m 3906[2mms[22m[39m
[31m       [31m×[31m should complete full reconciliation from upload to completion[39m[32m 225[2mms[22m[39m
[31m       [31m×[31m should handle manual matching for unmatched transactions[39m[32m 83[2mms[22m[39m
[31m       [31m×[31m should allow removing and re-matching transactions[39m[32m 50[2mms[22m[39m
       [33m[2m✓[22m[39m should achieve >85% auto-match rate after 3 reconciliations [33m 601[2mms[22m[39m
[31m       [31m×[31m should track streaks and award milestones[39m[32m 194[2mms[22m[39m
[31m       [31m×[31m should flag old unreconciled transactions[39m[32m 45[2mms[22m[39m
       [32m✓[39m should suggest resolutions for common discrepancies[32m 72[2mms[22m[39m
       [32m✓[39m should retrieve and display reconciliation history[32m 173[2mms[22m[39m
       [33m[2m✓[22m[39m should process 500 transactions in under 5 seconds [33m 2428[2mms[22m[39m
       [32m✓[39m should match split deposits correctly[32m 28[2mms[22m[39m
[90mstdout[2m | src/services/auditLogExtended.perf.test.ts[2m > [22m[2mExtended Audit Log Performance Tests
[22m[39m  Seeded 11000/100000 entries...

[90mstdout[2m | src/services/auditLogExtended.test.ts[2m > [22m[2mExtended Audit Log Service[2m > [22m[2mPerformance Tests[2m > [22m[2mshould handle 10,000 entries efficiently
[22m[39m[AuditLogExtended] Starting audit log search { companyId: [32m'test-company'[39m, limit: [33m100[39m }

[90mstdout[2m | src/services/auditLogExtended.test.ts[2m > [22m[2mExtended Audit Log Service[2m > [22m[2mPerformance Tests[2m > [22m[2mshould handle 10,000 entries efficiently
[22m[39m[AuditLogExtended] Audit log search completed { total: [33m10000[39m, returned: [33m100[39m, executionTimeMs: [33m378.2960000000021[39m }

[90mstderr[2m | src/components/interestSplit/InterestSplitPrompt.test.tsx[2m > [22m[2mInterestSplitPrompt[2m > [22m[2mrendering[2m > [22m[2mshould render when open
[22m[39mWarning: Received `true` for a non-boolean attribute `jsx`.

If you want to write it to the DOM, pass a string instead: jsx="true" or jsx={value.toString()}.
    at style
    at div
    at div
    at div
    at C:/Users/Admin/graceful_books/src/components/modals/Modal.tsx:9:5
    at InterestSplitPrompt (C:/Users/Admin/graceful_books/src/components/interestSplit/InterestSplitPrompt.tsx:12:3)

[90mstderr[2m | src/components/interestSplit/InterestSplitPrompt.test.tsx[2m > [22m[2mInterestSplitPrompt[2m > [22m[2muser interactions[2m > [22m[2mshould allow manual amount adjustment
[22m[39mWarning: An update to InterestSplitPrompt inside a test was not wrapped in act(...).

When testing, code that causes React state updates should be wrapped into act(...):

act(() => {
  /* fire events that update state */
});
/* assert on the output */

This ensures that you're testing the behavior the user would see in the browser. Learn more at https://reactjs.org/link/wrap-tests-with-act
    at InterestSplitPrompt (C:/Users/Admin/graceful_books/src/components/interestSplit/InterestSplitPrompt.tsx:12:3)

[90mstderr[2m | src/components/interestSplit/InterestSplitPrompt.test.tsx[2m > [22m[2mInterestSplitPrompt[2m > [22m[2muser interactions[2m > [22m[2mshould allow manual amount adjustment
[22m[39mWarning: An update to InterestSplitPrompt inside a test was not wrapped in act(...).

When testing, code that causes React state updates should be wrapped into act(...):

act(() => {
  /* fire events that update state */
});
/* assert on the output */

This ensures that you're testing the behavior the user would see in the browser. Learn more at https://reactjs.org/link/wrap-tests-with-act
    at InterestSplitPrompt (C:/Users/Admin/graceful_books/src/components/interestSplit/InterestSplitPrompt.tsx:12:3)

[90mstderr[2m | src/components/interestSplit/InterestSplitPrompt.test.tsx[2m > [22m[2mInterestSplitPrompt[2m > [22m[2muser interactions[2m > [22m[2mshould allow manual amount adjustment
[22m[39mWarning: An update to InterestSplitPrompt inside a test was not wrapped in act(...).

When testing, code that causes React state updates should be wrapped into act(...):

act(() => {
  /* fire events that update state */
});
/* assert on the output */

This ensures that you're testing the behavior the user would see in the browser. Learn more at https://reactjs.org/link/wrap-tests-with-act
    at InterestSplitPrompt (C:/Users/Admin/graceful_books/src/components/interestSplit/InterestSplitPrompt.tsx:12:3)
Warning: An update to InterestSplitPrompt inside a test was not wrapped in act(...).

When testing, code that causes React state updates should be wrapped into act(...):

act(() => {
  /* fire events that update state */
});
/* assert on the output */

This ensures that you're testing the behavior the user would see in the browser. Learn more at https://reactjs.org/link/wrap-tests-with-act
    at InterestSplitPrompt (C:/Users/Admin/graceful_books/src/components/interestSplit/InterestSplitPrompt.tsx:12:3)

[90mstderr[2m | src/components/interestSplit/InterestSplitPrompt.test.tsx[2m > [22m[2mInterestSplitPrompt[2m > [22m[2muser interactions[2m > [22m[2mshould allow manual amount adjustment
[22m[39mWarning: An update to InterestSplitPrompt inside a test was not wrapped in act(...).

When testing, code that causes React state updates should be wrapped into act(...):

act(() => {
  /* fire events that update state */
});
/* assert on the output */

This ensures that you're testing the behavior the user would see in the browser. Learn more at https://reactjs.org/link/wrap-tests-with-act
    at InterestSplitPrompt (C:/Users/Admin/graceful_books/src/components/interestSplit/InterestSplitPrompt.tsx:12:3)
Warning: An update to InterestSplitPrompt inside a test was not wrapped in act(...).

When testing, code that causes React state updates should be wrapped into act(...):

act(() => {
  /* fire events that update state */
});
/* assert on the output */

This ensures that you're testing the behavior the user would see in the browser. Learn more at https://reactjs.org/link/wrap-tests-with-act
    at InterestSplitPrompt (C:/Users/Admin/graceful_books/src/components/interestSplit/InterestSplitPrompt.tsx:12:3)

[90mstderr[2m | src/components/interestSplit/InterestSplitPrompt.test.tsx[2m > [22m[2mInterestSplitPrompt[2m > [22m[2muser interactions[2m > [22m[2mshould allow manual amount adjustment
[22m[39mWarning: An update to InterestSplitPrompt inside a test was not wrapped in act(...).

When testing, code that causes React state updates should be wrapped into act(...):

act(() => {
  /* fire events that update state */
});
/* assert on the output */

This ensures that you're testing the behavior the user would see in the browser. Learn more at https://reactjs.org/link/wrap-tests-with-act
    at InterestSplitPrompt (C:/Users/Admin/graceful_books/src/components/interestSplit/InterestSplitPrompt.tsx:12:3)
Warning: An update to InterestSplitPrompt inside a test was not wrapped in act(...).

When testing, code that causes React state updates should be wrapped into act(...):

act(() => {
  /* fire events that update state */
});
/* assert on the output */

This ensures that you're testing the behavior the user would see in the browser. Learn more at https://reactjs.org/link/wrap-tests-with-act
    at InterestSplitPrompt (C:/Users/Admin/graceful_books/src/components/interestSplit/InterestSplitPrompt.tsx:12:3)

[90mstderr[2m | src/components/interestSplit/InterestSplitPrompt.test.tsx[2m > [22m[2mInterestSplitPrompt[2m > [22m[2muser interactions[2m > [22m[2mshould allow manual amount adjustment
[22m[39mWarning: An update to InterestSplitPrompt inside a test was not wrapped in act(...).

When testing, code that causes React state updates should be wrapped into act(...):

act(() => {
  /* fire events that update state */
});
/* assert on the output */

This ensures that you're testing the behavior the user would see in the browser. Learn more at https://reactjs.org/link/wrap-tests-with-act
    at InterestSplitPrompt (C:/Users/Admin/graceful_books/src/components/interestSplit/InterestSplitPrompt.tsx:12:3)
Warning: An update to InterestSplitPrompt inside a test was not wrapped in act(...).

When testing, code that causes React state updates should be wrapped into act(...):

act(() => {
  /* fire events that update state */
});
/* assert on the output */

This ensures that you're testing the behavior the user would see in the browser. Learn more at https://reactjs.org/link/wrap-tests-with-act
    at InterestSplitPrompt (C:/Users/Admin/graceful_books/src/components/interestSplit/InterestSplitPrompt.tsx:12:3)

[90mstderr[2m | src/components/interestSplit/InterestSplitPrompt.test.tsx[2m > [22m[2mInterestSplitPrompt[2m > [22m[2muser interactions[2m > [22m[2mshould allow manual amount adjustment
[22m[39mWarning: An update to InterestSplitPrompt inside a test was not wrapped in act(...).

When testing, code that causes React state updates should be wrapped into act(...):

act(() => {
  /* fire events that update state */
});
/* assert on the output */

This ensures that you're testing the behavior the user would see in the browser. Learn more at https://reactjs.org/link/wrap-tests-with-act
    at InterestSplitPrompt (C:/Users/Admin/graceful_books/src/components/interestSplit/InterestSplitPrompt.tsx:12:3)
Warning: An update to InterestSplitPrompt inside a test was not wrapped in act(...).

When testing, code that causes React state updates should be wrapped into act(...):

act(() => {
  /* fire events that update state */
});
/* assert on the output */

This ensures that you're testing the behavior the user would see in the browser. Learn more at https://reactjs.org/link/wrap-tests-with-act
    at InterestSplitPrompt (C:/Users/Admin/graceful_books/src/components/interestSplit/InterestSplitPrompt.tsx:12:3)

[90mstderr[2m | src/components/interestSplit/InterestSplitPrompt.test.tsx[2m > [22m[2mInterestSplitPrompt[2m > [22m[2muser interactions[2m > [22m[2mshould allow manual amount adjustment
[22m[39mWarning: An update to InterestSplitPrompt inside a test was not wrapped in act(...).

When testing, code that causes React state updates should be wrapped into act(...):

act(() => {
  /* fire events that update state */
});
/* assert on the output */

This ensures that you're testing the behavior the user would see in the browser. Learn more at https://reactjs.org/link/wrap-tests-with-act
    at InterestSplitPrompt (C:/Users/Admin/graceful_books/src/components/interestSplit/InterestSplitPrompt.tsx:12:3)
Warning: An update to InterestSplitPrompt inside a test was not wrapped in act(...).

When testing, code that causes React state updates should be wrapped into act(...):

act(() => {
  /* fire events that update state */
});
/* assert on the output */

This ensures that you're testing the behavior the user would see in the browser. Learn more at https://reactjs.org/link/wrap-tests-with-act
    at InterestSplitPrompt (C:/Users/Admin/graceful_books/src/components/interestSplit/InterestSplitPrompt.tsx:12:3)

[90mstderr[2m | src/components/interestSplit/InterestSplitPrompt.test.tsx[2m > [22m[2mInterestSplitPrompt[2m > [22m[2muser interactions[2m > [22m[2mshould allow manual amount adjustment
[22m[39mWarning: An update to InterestSplitPrompt inside a test was not wrapped in act(...).

When testing, code that causes React state updates should be wrapped into act(...):

act(() => {
  /* fire events that update state */
});
/* assert on the output */

This ensures that you're testing the behavior the user would see in the browser. Learn more at https://reactjs.org/link/wrap-tests-with-act
    at InterestSplitPrompt (C:/Users/Admin/graceful_books/src/components/interestSplit/InterestSplitPrompt.tsx:12:3)
Warning: An update to InterestSplitPrompt inside a test was not wrapped in act(...).

When testing, code that causes React state updates should be wrapped into act(...):

act(() => {
  /* fire events that update state */
});
/* assert on the output */

This ensures that you're testing the behavior the user would see in the browser. Learn more at https://reactjs.org/link/wrap-tests-with-act
    at InterestSplitPrompt (C:/Users/Admin/graceful_books/src/components/interestSplit/InterestSplitPrompt.tsx:12:3)

[90mstderr[2m | src/components/interestSplit/InterestSplitPrompt.test.tsx[2m > [22m[2mInterestSplitPrompt[2m > [22m[2muser interactions[2m > [22m[2mshould allow manual amount adjustment
[22m[39mWarning: An update to InterestSplitPrompt inside a test was not wrapped in act(...).

When testing, code that causes React state updates should be wrapped into act(...):

act(() => {
  /* fire events that update state */
});
/* assert on the output */

This ensures that you're testing the behavior the user would see in the browser. Learn more at https://reactjs.org/link/wrap-tests-with-act
    at InterestSplitPrompt (C:/Users/Admin/graceful_books/src/components/interestSplit/InterestSplitPrompt.tsx:12:3)
Warning: An update to InterestSplitPrompt inside a test was not wrapped in act(...).

When testing, code that causes React state updates should be wrapped into act(...):

act(() => {
  /* fire events that update state */
});
/* assert on the output */

This ensures that you're testing the behavior the user would see in the browser. Learn more at https://reactjs.org/link/wrap-tests-with-act
    at InterestSplitPrompt (C:/Users/Admin/graceful_books/src/components/interestSplit/InterestSplitPrompt.tsx:12:3)

[90mstderr[2m | src/components/interestSplit/InterestSplitPrompt.test.tsx[2m > [22m[2mInterestSplitPrompt[2m > [22m[2muser interactions[2m > [22m[2mshould validate manual amounts before submission
[22m[39mWarning: An update to InterestSplitPrompt inside a test was not wrapped in act(...).

When testing, code that causes React state updates should be wrapped into act(...):

act(() => {
  /* fire events that update state */
});
/* assert on the output */

This ensures that you're testing the behavior the user would see in the browser. Learn more at https://reactjs.org/link/wrap-tests-with-act
    at InterestSplitPrompt (C:/Users/Admin/graceful_books/src/components/interestSplit/InterestSplitPrompt.tsx:12:3)

[90mstderr[2m | src/components/interestSplit/InterestSplitPrompt.test.tsx[2m > [22m[2mInterestSplitPrompt[2m > [22m[2muser interactions[2m > [22m[2mshould validate manual amounts before submission
[22m[39mWarning: An update to InterestSplitPrompt inside a test was not wrapped in act(...).

When testing, code that causes React state updates should be wrapped into act(...):

act(() => {
  /* fire events that update state */
});
/* assert on the output */

This ensures that you're testing the behavior the user would see in the browser. Learn more at https://reactjs.org/link/wrap-tests-with-act
    at InterestSplitPrompt (C:/Users/Admin/graceful_books/src/components/interestSplit/InterestSplitPrompt.tsx:12:3)

[90mstderr[2m | src/components/interestSplit/InterestSplitPrompt.test.tsx[2m > [22m[2mInterestSplitPrompt[2m > [22m[2muser interactions[2m > [22m[2mshould validate manual amounts before submission
[22m[39mWarning: An update to InterestSplitPrompt inside a test was not wrapped in act(...).

When testing, code that causes React state updates should be wrapped into act(...):

act(() => {
  /* fire events that update state */
});
/* assert on the output */

This ensures that you're testing the behavior the user would see in the browser. Learn more at https://reactjs.org/link/wrap-tests-with-act
    at InterestSplitPrompt (C:/Users/Admin/graceful_books/src/components/interestSplit/InterestSplitPrompt.tsx:12:3)
Warning: An update to InterestSplitPrompt inside a test was not wrapped in act(...).

When testing, code that causes React state updates should be wrapped into act(...):

act(() => {
  /* fire events that update state */
});
/* assert on the output */

This ensures that you're testing the behavior the user would see in the browser. Learn more at https://reactjs.org/link/wrap-tests-with-act
    at InterestSplitPrompt (C:/Users/Admin/graceful_books/src/components/interestSplit/InterestSplitPrompt.tsx:12:3)

[90mstderr[2m | src/components/interestSplit/InterestSplitPrompt.test.tsx[2m > [22m[2mInterestSplitPrompt[2m > [22m[2muser interactions[2m > [22m[2mshould validate manual amounts before submission
[22m[39mWarning: An update to InterestSplitPrompt inside a test was not wrapped in act(...).

When testing, code that causes React state updates should be wrapped into act(...):

act(() => {
  /* fire events that update state */
});
/* assert on the output */

This ensures that you're testing the behavior the user would see in the browser. Learn more at https://reactjs.org/link/wrap-tests-with-act
    at InterestSplitPrompt (C:/Users/Admin/graceful_books/src/components/interestSplit/InterestSplitPrompt.tsx:12:3)
Warning: An update to InterestSplitPrompt inside a test was not wrapped in act(...).

When testing, code that causes React state updates should be wrapped into act(...):

act(() => {
  /* fire events that update state */
});
/* assert on the output */

This ensures that you're testing the behavior the user would see in the browser. Learn more at https://reactjs.org/link/wrap-tests-with-act
    at InterestSplitPrompt (C:/Users/Admin/graceful_books/src/components/interestSplit/InterestSplitPrompt.tsx:12:3)

[90mstderr[2m | src/components/interestSplit/InterestSplitPrompt.test.tsx[2m > [22m[2mInterestSplitPrompt[2m > [22m[2muser interactions[2m > [22m[2mshould validate manual amounts before submission
[22m[39mWarning: An update to InterestSplitPrompt inside a test was not wrapped in act(...).

When testing, code that causes React state updates should be wrapped into act(...):

act(() => {
  /* fire events that update state */
});
/* assert on the output */

This ensures that you're testing the behavior the user would see in the browser. Learn more at https://reactjs.org/link/wrap-tests-with-act
    at InterestSplitPrompt (C:/Users/Admin/graceful_books/src/components/interestSplit/InterestSplitPrompt.tsx:12:3)
Warning: An update to InterestSplitPrompt inside a test was not wrapped in act(...).

When testing, code that causes React state updates should be wrapped into act(...):

act(() => {
  /* fire events that update state */
});
/* assert on the output */

This ensures that you're testing the behavior the user would see in the browser. Learn more at https://reactjs.org/link/wrap-tests-with-act
    at InterestSplitPrompt (C:/Users/Admin/graceful_books/src/components/interestSplit/InterestSplitPrompt.tsx:12:3)

[90mstderr[2m | src/components/interestSplit/InterestSplitPrompt.test.tsx[2m > [22m[2mInterestSplitPrompt[2m > [22m[2muser interactions[2m > [22m[2mshould validate manual amounts before submission
[22m[39mWarning: An update to InterestSplitPrompt inside a test was not wrapped in act(...).

When testing, code that causes React state updates should be wrapped into act(...):

act(() => {
  /* fire events that update state */
});
/* assert on the output */

This ensures that you're testing the behavior the user would see in the browser. Learn more at https://reactjs.org/link/wrap-tests-with-act
    at InterestSplitPrompt (C:/Users/Admin/graceful_books/src/components/interestSplit/InterestSplitPrompt.tsx:12:3)
Warning: An update to InterestSplitPrompt inside a test was not wrapped in act(...).

When testing, code that causes React state updates should be wrapped into act(...):

act(() => {
  /* fire events that update state */
});
/* assert on the output */

This ensures that you're testing the behavior the user would see in the browser. Learn more at https://reactjs.org/link/wrap-tests-with-act
    at InterestSplitPrompt (C:/Users/Admin/graceful_books/src/components/interestSplit/InterestSplitPrompt.tsx:12:3)

 [31m❯[39m src/components/interestSplit/InterestSplitPrompt.test.tsx [2m([22m[2m18 tests[22m[2m | [22m[31m6 failed[39m[2m)[22m[33m 3321[2mms[22m[39m
       [33m[2m✓[22m[39m should render when open [33m 396[2mms[22m[39m
       [32m✓[39m should not render when closed[32m 7[2mms[22m[39m
[31m       [31m×[31m should display suggested principal and interest amounts[39m[32m 74[2mms[22m[39m
       [32m✓[39m should display confidence level[32m 34[2mms[22m[39m
       [32m✓[39m should display tax benefit note[32m 73[2mms[22m[39m
       [32m✓[39m should show Dominance-style messaging[32m 30[2mms[22m[39m
[31m       [31m×[31m should show Influence-style messaging[39m[32m 36[2mms[22m[39m
[31m       [31m×[31m should show Steadiness-style messaging[39m[32m 32[2mms[22m[39m
       [32m✓[39m should show Conscientiousness-style messaging with details[32m 54[2mms[22m[39m
       [32m✓[39m should call onDecision with SPLIT_NOW when split button clicked[32m 259[2mms[22m[39m
       [32m✓[39m should call onDecision with DEFER_TO_CHECKLIST when defer button clicked[32m 113[2mms[22m[39m
       [32m✓[39m should call onDecision with SKIP when skip button clicked[32m 115[2mms[22m[39m
[31m       [31m×[31m should allow manual amount adjustment[39m[33m 900[2mms[22m[39m
       [33m[2m✓[22m[39m should validate manual amounts before submission [33m 425[2mms[22m[39m
       [32m✓[39m should have proper ARIA labels[32m 47[2mms[22m[39m
[31m       [31m×[31m should support keyboard navigation[39m[32m 133[2mms[22m[39m
[31m       [31m×[31m should disable all buttons when loading[39m[33m 558[2mms[22m[39m
       [32m✓[39m should display error message when provided[32m 27[2mms[22m[39m
[90mstdout[2m | src/services/auditLogExtended.test.ts[2m > [22m[2mExtended Audit Log Service[2m > [22m[2mPerformance Tests[2m > [22m[2mshould handle complex queries efficiently
[22m[39m[AuditLogExtended] Starting audit log search {
  companyId: [32m'test-company'[39m,
  searchQuery: [32m'transaction'[39m,
  dateFrom: [35m2026-01-12T02:42:45.696Z[39m,
  dateTo: [35m2026-01-19T02:42:45.696Z[39m,
  userIds: [ [32m'user-1'[39m, [32m'user-2'[39m ],
  entityTypes: [ [32m'TRANSACTION'[39m, [32m'ACCOUNT'[39m ],
  actions: [ [32m'CREATE'[39m, [32m'UPDATE'[39m ]
}

[90mstdout[2m | src/services/auditLogExtended.test.ts[2m > [22m[2mExtended Audit Log Service[2m > [22m[2mPerformance Tests[2m > [22m[2mshould handle complex queries efficiently
[22m[39m[AuditLogExtended] Audit log search completed { total: [33m0[39m, returned: [33m0[39m, executionTimeMs: [33m124.77009999999427[39m }

[90mstdout[2m | src/services/auditLogExtended.test.ts[2m > [22m[2mExtended Audit Log Service[2m > [22m[2mPerformance Tests[2m > [22m[2mshould handle timeline generation with large datasets
[22m[39m[AuditLogExtended] Generating audit log timeline {
  companyId: [32m'test-company'[39m,
  dateFrom: [35m2025-12-20T02:42:53.240Z[39m,
  dateTo: [35m2026-01-19T02:42:53.240Z[39m,
  groupBy: [32m'day'[39m
}
[AuditLogExtended] Starting audit log search {
  companyId: [32m'test-company'[39m,
  dateFrom: [35m2025-12-20T02:42:53.240Z[39m,
  dateTo: [35m2026-01-19T02:42:53.240Z[39m,
  limit: [90mundefined[39m,
  sortBy: [32m'timestamp'[39m,
  sortOrder: [32m'desc'[39m
}

[90mstdout[2m | src/services/auditLogExtended.test.ts[2m > [22m[2mExtended Audit Log Service[2m > [22m[2mPerformance Tests[2m > [22m[2mshould handle timeline generation with large datasets
[22m[39m[AuditLogExtended] Audit log search completed { total: [33m5000[39m, returned: [33m5000[39m, executionTimeMs: [33m417.7766999999949[39m }

[90mstdout[2m | src/services/auditLogExtended.test.ts[2m > [22m[2mExtended Audit Log Service[2m > [22m[2mPerformance Tests[2m > [22m[2mshould handle timeline generation with large datasets
[22m[39m[AuditLogExtended] Timeline generation completed {
  entryCount: [33m31[39m,
  totalLogs: [33m5000[39m,
  executionTimeMs: [33m436.42290000000503[39m
}

[90mstdout[2m | src/services/auditLogExtended.perf.test.ts[2m > [22m[2mExtended Audit Log Performance Tests
[22m[39m  Seeded 21000/100000 entries...

[90mstderr[2m | src/crypto/keyDerivation.test.ts[2m > [22m[2mKey Derivation Module[2m > [22m[2mderiveMasterKey[2m > [22m[2mshould derive a master key from passphrase
[22m[39mArgon2 not available, falling back to PBKDF2 (less secure)

[90mstderr[2m | src/crypto/keyDerivation.test.ts[2m > [22m[2mKey Derivation Module[2m > [22m[2mderiveMasterKey[2m > [22m[2mshould include derivation params in result
[22m[39mArgon2 not available, falling back to PBKDF2 (less secure)

[90mstderr[2m | src/crypto/keyDerivation.test.ts[2m > [22m[2mKey Derivation Module[2m > [22m[2mderiveMasterKey[2m > [22m[2mshould use provided salt
[22m[39mArgon2 not available, falling back to PBKDF2 (less secure)

[90mstderr[2m | src/crypto/keyDerivation.test.ts[2m > [22m[2mKey Derivation Module[2m > [22m[2mderiveMasterKey[2m > [22m[2mshould accept custom derivation params
[22m[39mArgon2 not available, falling back to PBKDF2 (less secure)

 [31m❯[39m src/crypto/keyDerivation.test.ts [2m([22m[2m38 tests[22m[2m | [22m[31m23 failed[39m[2m)[22m[33m 2193[2mms[22m[39m
       [32m✓[39m should generate salt of default length[32m 7[2mms[22m[39m
       [32m✓[39m should generate salt of custom length[32m 1[2mms[22m[39m
       [32m✓[39m should generate different salts[32m 2[2mms[22m[39m
       [32m✓[39m should generate cryptographically random salt[32m 1[2mms[22m[39m
       [33m[2m✓[22m[39m should derive a master key from passphrase [33m 546[2mms[22m[39m
       [33m[2m✓[22m[39m should include derivation params in result [33m 558[2mms[22m[39m
       [32m✓[39m should fail with empty passphrase[32m 1[2mms[22m[39m
       [33m[2m✓[22m[39m should use provided salt [33m 478[2mms[22m[39m
       [33m[2m✓[22m[39m should accept custom derivation params [33m 519[2mms[22m[39m
[31m       [31m×[31m should fail with insufficient memory cost[39m[32m 20[2mms[22m[39m
[31m       [31m×[31m should fail with insufficient time cost[39m[32m 2[2mms[22m[39m
[31m       [31m×[31m should fail with wrong key length[39m[32m 3[2mms[22m[39m
[31m       [31m×[31m should generate deterministic key with same passphrase and salt[39m[32m 5[2mms[22m[39m
[31m       [31m×[31m should generate different keys with different salts[39m[32m 4[2mms[22m[39m
[31m       [31m×[31m should generate different keys with different passphrases[39m[32m 2[2mms[22m[39m
[31m       [31m×[31m should handle Unicode passphrases[39m[32m 1[2mms[22m[39m
[31m       [31m×[31m should handle very long passphrases[39m[32m 1[2mms[22m[39m
[31m       [31m×[31m should rederive the same key with same params[39m[32m 2[2mms[22m[39m
[31m       [31m×[31m should fail with wrong passphrase[39m[32m 2[2mms[22m[39m
[31m       [31m×[31m should verify correct passphrase[39m[32m 1[2mms[22m[39m
[31m       [31m×[31m should reject incorrect passphrase[39m[32m 3[2mms[22m[39m
[31m       [31m×[31m should handle verification errors gracefully[39m[32m 1[2mms[22m[39m
[31m       [31m×[31m should use constant-time comparison[39m[32m 1[2mms[22m[39m
       [32m✓[39m should return valid parameters[32m 1[2mms[22m[39m
       [32m✓[39m should respect target time[32m 1[2mms[22m[39m
       [32m✓[39m should handle benchmark failures gracefully[32m 4[2mms[22m[39m
       [32m✓[39m should overwrite data with zeros[32m 1[2mms[22m[39m
       [32m✓[39m should handle empty arrays[32m 2[2mms[22m[39m
       [32m✓[39m should handle large arrays[32m 3[2mms[22m[39m
[31m       [31m×[31m should clear all sensitive data from master key[39m[32m 2[2mms[22m[39m
[31m       [31m×[31m should produce keys with high entropy[39m[32m 1[2mms[22m[39m
[31m       [31m×[31m should resist rainbow table attacks (unique salt per key)[39m[32m 1[2mms[22m[39m
[31m       [31m×[31m should meet minimum security requirements[39m[32m 1[2mms[22m[39m
[31m       [31m×[31m should handle passphrases with special characters[39m[32m 1[2mms[22m[39m
[31m       [31m×[31m should handle passphrases with whitespace[39m[32m 1[2mms[22m[39m
[31m       [31m×[31m should handle passphrases with newlines and tabs[39m[32m 1[2mms[22m[39m
[31m       [31m×[31m should handle numeric passphrases[39m[32m 1[2mms[22m[39m
[31m       [31m×[31m should treat similar passphrases as different[39m[32m 1[2mms[22m[39m
[90mstdout[2m | src/services/auditLogExtended.test.ts[2m > [22m[2mExtended Audit Log Service[2m > [22m[2mPerformance Tests[2m > [22m[2mshould handle CSV export with large datasets
[22m[39m[AuditLogExtended] Starting CSV export { companyId: [32m'test-company'[39m }
[AuditLogExtended] Starting audit log search { companyId: [32m'test-company'[39m, limit: [90mundefined[39m, offset: [90mundefined[39m }

[90mstdout[2m | src/services/auditLogExtended.test.ts[2m > [22m[2mExtended Audit Log Service[2m > [22m[2mPerformance Tests[2m > [22m[2mshould handle CSV export with large datasets
[22m[39m[AuditLogExtended] Audit log search completed { total: [33m5000[39m, returned: [33m5000[39m, executionTimeMs: [33m201.67719999999827[39m }

[90mstdout[2m | src/services/auditLogExtended.test.ts[2m > [22m[2mExtended Audit Log Service[2m > [22m[2mPerformance Tests[2m > [22m[2mshould handle CSV export with large datasets
[22m[39m[AuditLogExtended] CSV export completed { recordCount: [33m5000[39m, executionTimeMs: [33m335.3266999999978[39m }

[90mstdout[2m | src/services/auditLogExtended.test.ts[2m > [22m[2mExtended Audit Log Service[2m > [22m[2mSecurity and Data Integrity[2m > [22m[2mshould not allow modification of audit logs
[22m[39m[AuditLogExtended] Starting audit log search { companyId: [32m'test-company'[39m }

[90mstdout[2m | src/services/auditLogExtended.test.ts[2m > [22m[2mExtended Audit Log Service[2m > [22m[2mSecurity and Data Integrity[2m > [22m[2mshould not allow modification of audit logs
[22m[39m[AuditLogExtended] Audit log search completed { total: [33m1[39m, returned: [33m1[39m, executionTimeMs: [33m0.8457000000053085[39m }

[90mstdout[2m | src/services/auditLogExtended.test.ts[2m > [22m[2mExtended Audit Log Service[2m > [22m[2mSecurity and Data Integrity[2m > [22m[2mshould maintain data integrity across operations
[22m[39m[AuditLogExtended] Starting audit log search { companyId: [32m'test-company'[39m }

[90mstdout[2m | src/services/auditLogExtended.test.ts[2m > [22m[2mExtended Audit Log Service[2m > [22m[2mSecurity and Data Integrity[2m > [22m[2mshould maintain data integrity across operations
[22m[39m[AuditLogExtended] Audit log search completed { total: [33m100[39m, returned: [33m100[39m, executionTimeMs: [33m3.8902999999991152[39m }

[90mstdout[2m | src/services/auditLogExtended.test.ts[2m > [22m[2mExtended Audit Log Service[2m > [22m[2mSecurity and Data Integrity[2m > [22m[2mshould maintain data integrity across operations
[22m[39m[AuditLogExtended] Generating audit log timeline {
  companyId: [32m'test-company'[39m,
  dateFrom: [35m2025-12-20T02:43:01.062Z[39m,
  dateTo: [35m2026-01-19T02:43:01.062Z[39m,
  groupBy: [32m'day'[39m
}
[AuditLogExtended] Starting audit log search {
  companyId: [32m'test-company'[39m,
  dateFrom: [35m2025-12-20T02:43:01.062Z[39m,
  dateTo: [35m2026-01-19T02:43:01.062Z[39m,
  limit: [90mundefined[39m,
  sortBy: [32m'timestamp'[39m,
  sortOrder: [32m'desc'[39m
}

[90mstdout[2m | src/services/auditLogExtended.test.ts[2m > [22m[2mExtended Audit Log Service[2m > [22m[2mSecurity and Data Integrity[2m > [22m[2mshould maintain data integrity across operations
[22m[39m[AuditLogExtended] Audit log search completed { total: [33m100[39m, returned: [33m100[39m, executionTimeMs: [33m7.5777000000016415[39m }

[90mstdout[2m | src/services/auditLogExtended.test.ts[2m > [22m[2mExtended Audit Log Service[2m > [22m[2mSecurity and Data Integrity[2m > [22m[2mshould maintain data integrity across operations
[22m[39m[AuditLogExtended] Timeline generation completed { entryCount: [33m30[39m, totalLogs: [33m100[39m, executionTimeMs: [33m8.661099999997532[39m }

[90mstdout[2m | src/services/auditLogExtended.test.ts[2m > [22m[2mExtended Audit Log Service[2m > [22m[2mSecurity and Data Integrity[2m > [22m[2mshould maintain data integrity across operations
[22m[39m[AuditLogExtended] Starting CSV export { companyId: [32m'test-company'[39m }
[AuditLogExtended] Starting audit log search { companyId: [32m'test-company'[39m, limit: [90mundefined[39m, offset: [90mundefined[39m }

[90mstdout[2m | src/services/auditLogExtended.test.ts[2m > [22m[2mExtended Audit Log Service[2m > [22m[2mSecurity and Data Integrity[2m > [22m[2mshould maintain data integrity across operations
[22m[39m[AuditLogExtended] Audit log search completed { total: [33m100[39m, returned: [33m100[39m, executionTimeMs: [33m3.1499000000039814[39m }

[90mstdout[2m | src/services/auditLogExtended.test.ts[2m > [22m[2mExtended Audit Log Service[2m > [22m[2mSecurity and Data Integrity[2m > [22m[2mshould maintain data integrity across operations
[22m[39m[AuditLogExtended] CSV export completed { recordCount: [33m100[39m, executionTimeMs: [33m4.286599999999453[39m }

[90mstdout[2m | src/services/auditLogExtended.test.ts[2m > [22m[2mExtended Audit Log Service[2m > [22m[2mSecurity and Data Integrity[2m > [22m[2mshould isolate data by company
[22m[39m[AuditLogExtended] Starting audit log search { companyId: [32m'company-1'[39m }

[90mstdout[2m | src/services/auditLogExtended.test.ts[2m > [22m[2mExtended Audit Log Service[2m > [22m[2mSecurity and Data Integrity[2m > [22m[2mshould isolate data by company
[22m[39m[AuditLogExtended] Audit log search completed { total: [33m50[39m, returned: [33m50[39m, executionTimeMs: [33m4.078800000002957[39m }

[90mstdout[2m | src/services/auditLogExtended.test.ts[2m > [22m[2mExtended Audit Log Service[2m > [22m[2mSecurity and Data Integrity[2m > [22m[2mshould isolate data by company
[22m[39m[AuditLogExtended] Starting audit log search { companyId: [32m'company-2'[39m }

[90mstdout[2m | src/services/auditLogExtended.test.ts[2m > [22m[2mExtended Audit Log Service[2m > [22m[2mSecurity and Data Integrity[2m > [22m[2mshould isolate data by company
[22m[39m[AuditLogExtended] Audit log search completed { total: [33m30[39m, returned: [33m30[39m, executionTimeMs: [33m3.707699999999022[39m }

 [31m❯[39m src/services/auditLogExtended.test.ts [2m([22m[2m32 tests[22m[2m | [22m[31m2 failed[39m[2m)[22m[33m 41662[2mms[22m[39m
       [32m✓[39m should return all logs when no filters applied[32m 188[2mms[22m[39m
       [32m✓[39m should perform full-text search across fields[32m 38[2mms[22m[39m
       [32m✓[39m should filter by date range[32m 48[2mms[22m[39m
       [32m✓[39m should filter by user IDs[32m 44[2mms[22m[39m
       [32m✓[39m should filter by entity types[32m 52[2mms[22m[39m
       [32m✓[39m should filter by actions[32m 75[2mms[22m[39m
       [32m✓[39m should combine multiple filters[32m 111[2mms[22m[39m
       [32m✓[39m should paginate results correctly[32m 171[2mms[22m[39m
       [32m✓[39m should sort results correctly[32m 61[2mms[22m[39m
       [32m✓[39m should return logs within date range[32m 77[2mms[22m[39m
       [32m✓[39m should return logs for specific users[32m 78[2mms[22m[39m
       [32m✓[39m should return logs for specific entity types[32m 79[2mms[22m[39m
       [32m✓[39m should group logs by day[32m 103[2mms[22m[39m
       [32m✓[39m should group logs by hour[32m 34[2mms[22m[39m
       [32m✓[39m should include action and entity type counts[32m 39[2mms[22m[39m
       [32m✓[39m should export logs to CSV format[32m 44[2mms[22m[39m
       [32m✓[39m should handle empty results[32m 5[2mms[22m[39m
       [32m✓[39m should properly escape CSV values[32m 6[2mms[22m[39m
       [32m✓[39m should export logs to PDF format[32m 142[2mms[22m[39m
       [32m✓[39m should generate comprehensive statistics[32m 96[2mms[22m[39m
       [32m✓[39m should limit recent activity to 50 entries[32m 178[2mms[22m[39m
       [32m✓[39m should filter statistics by date range[32m 98[2mms[22m[39m
       [32m✓[39m should delete logs older than retention period[32m 54[2mms[22m[39m
       [32m✓[39m should not delete logs within retention period[32m 65[2mms[22m[39m
       [33m[2m✓[22m[39m should handle 1,000 entries efficiently [33m 1324[2mms[22m[39m
       [33m[2m✓[22m[39m should handle 10,000 entries efficiently [33m 14859[2mms[22m[39m
       [33m[2m✓[22m[39m should handle complex queries efficiently [33m 8393[2mms[22m[39m
       [33m[2m✓[22m[39m should handle timeline generation with large datasets [33m 7871[2mms[22m[39m
       [33m[2m✓[22m[39m should handle CSV export with large datasets [33m 7124[2mms[22m[39m
[31m       [31m×[31m should not allow modification of audit logs[39m[32m 27[2mms[22m[39m
       [32m✓[39m should maintain data integrity across operations[32m 91[2mms[22m[39m
[31m       [31m×[31m should isolate data by company[39m[32m 80[2mms[22m[39m
[90mstdout[2m | src/services/portalService.test.ts[2m > [22m[2mPortalService[2m > [22m[2mcreatePortalToken[2m > [22m[2mshould create a portal token with 64-character token
[22m[39m[PortalService] Created portal token {
  tokenId: [32m'_kLo7UE4ytx7cqG4FncfA'[39m,
  invoiceId: [32m'MRomaL-_Ena2yO6eiMM7a'[39m,
  email: [32m'customer@example.com'[39m
}

[90mstdout[2m | src/services/portalService.test.ts[2m > [22m[2mPortalService[2m > [22m[2mcreatePortalToken[2m > [22m[2mshould set expiration to 90 days from creation
[22m[39m[PortalService] Created portal token {
  tokenId: [32m'rFWWGaA_tWtCluQCGKfvm'[39m,
  invoiceId: [32m'MRomaL-_Ena2yO6eiMM7a'[39m,
  email: [32m'customer@example.com'[39m
}

[90mstdout[2m | src/services/portalService.test.ts[2m > [22m[2mPortalService[2m > [22m[2mcreatePortalToken[2m > [22m[2mshould reuse existing valid token for same invoice and email
[22m[39m[PortalService] Created portal token {
  tokenId: [32m'vOZkF6KPVjRyitQJBOPu9'[39m,
  invoiceId: [32m'MRomaL-_Ena2yO6eiMM7a'[39m,
  email: [32m'customer@example.com'[39m
}

[90mstdout[2m | src/services/portalService.test.ts[2m > [22m[2mPortalService[2m > [22m[2mcreatePortalToken[2m > [22m[2mshould reuse existing valid token for same invoice and email
[22m[39m[PortalService] Reusing existing valid portal token {
  tokenId: [32m'vOZkF6KPVjRyitQJBOPu9'[39m,
  invoiceId: [32m'MRomaL-_Ena2yO6eiMM7a'[39m
}

[90mstdout[2m | src/services/portalService.test.ts[2m > [22m[2mPortalService[2m > [22m[2mvalidateToken[2m > [22m[2mshould validate a valid token
[22m[39m[PortalService] Created portal token {
  tokenId: [32m'lNEw_5lkwgvOchFp-RC8-'[39m,
  invoiceId: [32m'MRomaL-_Ena2yO6eiMM7a'[39m,
  email: [32m'customer@example.com'[39m
}

[90mstdout[2m | src/services/portalService.test.ts[2m > [22m[2mPortalService[2m > [22m[2mvalidateToken[2m > [22m[2mshould validate a valid token
[22m[39m[PortalService] Token validated successfully {
  tokenId: [32m'lNEw_5lkwgvOchFp-RC8-'[39m,
  invoiceId: [32m'MRomaL-_Ena2yO6eiMM7a'[39m,
  accessCount: [33m1[39m
}

[90mstdout[2m | src/services/portalService.test.ts[2m > [22m[2mPortalService[2m > [22m[2mvalidateToken[2m > [22m[2mshould increment access count on validation
[22m[39m[PortalService] Created portal token {
  tokenId: [32m'hFC1ngGieq-NnexmNdwmv'[39m,
  invoiceId: [32m'MRomaL-_Ena2yO6eiMM7a'[39m,
  email: [32m'customer@example.com'[39m
}

[90mstdout[2m | src/services/portalService.test.ts[2m > [22m[2mPortalService[2m > [22m[2mvalidateToken[2m > [22m[2mshould increment access count on validation
[22m[39m[PortalService] Token validated successfully {
  tokenId: [32m'hFC1ngGieq-NnexmNdwmv'[39m,
  invoiceId: [32m'MRomaL-_Ena2yO6eiMM7a'[39m,
  accessCount: [33m1[39m
}

[90mstdout[2m | src/services/portalService.test.ts[2m > [22m[2mPortalService[2m > [22m[2mvalidateToken[2m > [22m[2mshould increment access count on validation
[22m[39m[PortalService] Token validated successfully {
  tokenId: [32m'hFC1ngGieq-NnexmNdwmv'[39m,
  invoiceId: [32m'MRomaL-_Ena2yO6eiMM7a'[39m,
  accessCount: [33m2[39m
}

[90mstdout[2m | src/services/portalService.test.ts[2m > [22m[2mPortalService[2m > [22m[2mvalidateToken[2m > [22m[2mshould update last_accessed_at timestamp
[22m[39m[PortalService] Created portal token {
  tokenId: [32m'S9onF0xxvRAPQzJSF-jIo'[39m,
  invoiceId: [32m'MRomaL-_Ena2yO6eiMM7a'[39m,
  email: [32m'customer@example.com'[39m
}

[90mstdout[2m | src/services/portalService.test.ts[2m > [22m[2mPortalService[2m > [22m[2mvalidateToken[2m > [22m[2mshould update last_accessed_at timestamp
[22m[39m[PortalService] Token validated successfully {
  tokenId: [32m'S9onF0xxvRAPQzJSF-jIo'[39m,
  invoiceId: [32m'MRomaL-_Ena2yO6eiMM7a'[39m,
  accessCount: [33m1[39m
}

[90mstderr[2m | src/services/portalService.test.ts[2m > [22m[2mPortalService[2m > [22m[2mvalidateToken[2m > [22m[2mshould fail for non-existent token
[22m[39m[PortalService] Token not found { token: [32m'non-exis...'[39m }

[90mstdout[2m | src/services/portalService.test.ts[2m > [22m[2mPortalService[2m > [22m[2mvalidateToken[2m > [22m[2mshould fail for expired token
[22m[39m[PortalService] Created portal token {
  tokenId: [32m'r-nbcWeOJGNsS2T1n5_xk'[39m,
  invoiceId: [32m'MRomaL-_Ena2yO6eiMM7a'[39m,
  email: [32m'customer@example.com'[39m
}

[90mstderr[2m | src/services/portalService.test.ts[2m > [22m[2mPortalService[2m > [22m[2mvalidateToken[2m > [22m[2mshould fail for expired token
[22m[39m[PortalService] Token is invalid {
  tokenId: [32m'r-nbcWeOJGNsS2T1n5_xk'[39m,
  expired: [33mtrue[39m,
  revoked: [33mfalse[39m,
  deleted: [33mfalse[39m
}

[90mstdout[2m | src/services/portalService.test.ts[2m > [22m[2mPortalService[2m > [22m[2mvalidateToken[2m > [22m[2mshould fail for revoked token
[22m[39m[PortalService] Created portal token {
  tokenId: [32m'Q3bgFyrioVkZ9wM784d2C'[39m,
  invoiceId: [32m'MRomaL-_Ena2yO6eiMM7a'[39m,
  email: [32m'customer@example.com'[39m
}

[90mstdout[2m | src/services/portalService.test.ts[2m > [22m[2mPortalService[2m > [22m[2mvalidateToken[2m > [22m[2mshould fail for revoked token
[22m[39m[PortalService] Revoked portal token { tokenId: [32m'Q3bgFyrioVkZ9wM784d2C'[39m }

[90mstderr[2m | src/services/portalService.test.ts[2m > [22m[2mPortalService[2m > [22m[2mvalidateToken[2m > [22m[2mshould fail for revoked token
[22m[39m[PortalService] Token is invalid {
  tokenId: [32m'Q3bgFyrioVkZ9wM784d2C'[39m,
  expired: [33mfalse[39m,
  revoked: [33mtrue[39m,
  deleted: [33mfalse[39m
}

[90mstdout[2m | src/services/portalService.test.ts[2m > [22m[2mPortalService[2m > [22m[2mvalidateToken[2m > [22m[2mshould enforce rate limiting at 100 requests/hour
[22m[39m[PortalService] Created portal token {
  tokenId: [32m'g_3Qm0zvsrplP45yI3HUI'[39m,
  invoiceId: [32m'MRomaL-_Ena2yO6eiMM7a'[39m,
  email: [32m'customer@example.com'[39m
}

[90mstdout[2m | src/services/portalService.test.ts[2m > [22m[2mPortalService[2m > [22m[2mvalidateToken[2m > [22m[2mshould enforce rate limiting at 100 requests/hour
[22m[39m[PortalService] Token validated successfully {
  tokenId: [32m'g_3Qm0zvsrplP45yI3HUI'[39m,
  invoiceId: [32m'MRomaL-_Ena2yO6eiMM7a'[39m,
  accessCount: [33m1[39m
}

[90mstdout[2m | src/services/portalService.test.ts[2m > [22m[2mPortalService[2m > [22m[2mvalidateToken[2m > [22m[2mshould enforce rate limiting at 100 requests/hour
[22m[39m[PortalService] Token validated successfully {
  tokenId: [32m'g_3Qm0zvsrplP45yI3HUI'[39m,
  invoiceId: [32m'MRomaL-_Ena2yO6eiMM7a'[39m,
  accessCount: [33m2[39m
}

[90mstdout[2m | src/services/portalService.test.ts[2m > [22m[2mPortalService[2m > [22m[2mvalidateToken[2m > [22m[2mshould enforce rate limiting at 100 requests/hour
[22m[39m[PortalService] Token validated successfully {
  tokenId: [32m'g_3Qm0zvsrplP45yI3HUI'[39m,
  invoiceId: [32m'MRomaL-_Ena2yO6eiMM7a'[39m,
  accessCount: [33m3[39m
}

[90mstdout[2m | src/services/portalService.test.ts[2m > [22m[2mPortalService[2m > [22m[2mvalidateToken[2m > [22m[2mshould enforce rate limiting at 100 requests/hour
[22m[39m[PortalService] Token validated successfully {
  tokenId: [32m'g_3Qm0zvsrplP45yI3HUI'[39m,
  invoiceId: [32m'MRomaL-_Ena2yO6eiMM7a'[39m,
  accessCount: [33m4[39m
}

[90mstdout[2m | src/services/portalService.test.ts[2m > [22m[2mPortalService[2m > [22m[2mvalidateToken[2m > [22m[2mshould enforce rate limiting at 100 requests/hour
[22m[39m[PortalService] Token validated successfully {
  tokenId: [32m'g_3Qm0zvsrplP45yI3HUI'[39m,
  invoiceId: [32m'MRomaL-_Ena2yO6eiMM7a'[39m,
  accessCount: [33m5[39m
}

[90mstdout[2m | src/services/portalService.test.ts[2m > [22m[2mPortalService[2m > [22m[2mvalidateToken[2m > [22m[2mshould enforce rate limiting at 100 requests/hour
[22m[39m[PortalService] Token validated successfully {
  tokenId: [32m'g_3Qm0zvsrplP45yI3HUI'[39m,
  invoiceId: [32m'MRomaL-_Ena2yO6eiMM7a'[39m,
  accessCount: [33m6[39m
}

[90mstdout[2m | src/services/portalService.test.ts[2m > [22m[2mPortalService[2m > [22m[2mvalidateToken[2m > [22m[2mshould enforce rate limiting at 100 requests/hour
[22m[39m[PortalService] Token validated successfully {
  tokenId: [32m'g_3Qm0zvsrplP45yI3HUI'[39m,
  invoiceId: [32m'MRomaL-_Ena2yO6eiMM7a'[39m,
  accessCount: [33m7[39m
}

[90mstdout[2m | src/services/portalService.test.ts[2m > [22m[2mPortalService[2m > [22m[2mvalidateToken[2m > [22m[2mshould enforce rate limiting at 100 requests/hour
[22m[39m[PortalService] Token validated successfully {
  tokenId: [32m'g_3Qm0zvsrplP45yI3HUI'[39m,
  invoiceId: [32m'MRomaL-_Ena2yO6eiMM7a'[39m,
  accessCount: [33m8[39m
}

[90mstdout[2m | src/services/portalService.test.ts[2m > [22m[2mPortalService[2m > [22m[2mvalidateToken[2m > [22m[2mshould enforce rate limiting at 100 requests/hour
[22m[39m[PortalService] Token validated successfully {
  tokenId: [32m'g_3Qm0zvsrplP45yI3HUI'[39m,
  invoiceId: [32m'MRomaL-_Ena2yO6eiMM7a'[39m,
  accessCount: [33m9[39m
}

[90mstdout[2m | src/services/portalService.test.ts[2m > [22m[2mPortalService[2m > [22m[2mvalidateToken[2m > [22m[2mshould enforce rate limiting at 100 requests/hour
[22m[39m[PortalService] Token validated successfully {
  tokenId: [32m'g_3Qm0zvsrplP45yI3HUI'[39m,
  invoiceId: [32m'MRomaL-_Ena2yO6eiMM7a'[39m,
  accessCount: [33m10[39m
}

[90mstdout[2m | src/services/portalService.test.ts[2m > [22m[2mPortalService[2m > [22m[2mvalidateToken[2m > [22m[2mshould enforce rate limiting at 100 requests/hour
[22m[39m[PortalService] Token validated successfully {
  tokenId: [32m'g_3Qm0zvsrplP45yI3HUI'[39m,
  invoiceId: [32m'MRomaL-_Ena2yO6eiMM7a'[39m,
  accessCount: [33m11[39m
}

[90mstdout[2m | src/services/portalService.test.ts[2m > [22m[2mPortalService[2m > [22m[2mvalidateToken[2m > [22m[2mshould enforce rate limiting at 100 requests/hour
[22m[39m[PortalService] Token validated successfully {
  tokenId: [32m'g_3Qm0zvsrplP45yI3HUI'[39m,
  invoiceId: [32m'MRomaL-_Ena2yO6eiMM7a'[39m,
  accessCount: [33m12[39m
}

[90mstdout[2m | src/services/portalService.test.ts[2m > [22m[2mPortalService[2m > [22m[2mvalidateToken[2m > [22m[2mshould enforce rate limiting at 100 requests/hour
[22m[39m[PortalService] Token validated successfully {
  tokenId: [32m'g_3Qm0zvsrplP45yI3HUI'[39m,
  invoiceId: [32m'MRomaL-_Ena2yO6eiMM7a'[39m,
  accessCount: [33m13[39m
}

[90mstdout[2m | src/services/portalService.test.ts[2m > [22m[2mPortalService[2m > [22m[2mvalidateToken[2m > [22m[2mshould enforce rate limiting at 100 requests/hour
[22m[39m[PortalService] Token validated successfully {
  tokenId: [32m'g_3Qm0zvsrplP45yI3HUI'[39m,
  invoiceId: [32m'MRomaL-_Ena2yO6eiMM7a'[39m,
  accessCount: [33m14[39m
}

[90mstdout[2m | src/services/portalService.test.ts[2m > [22m[2mPortalService[2m > [22m[2mvalidateToken[2m > [22m[2mshould enforce rate limiting at 100 requests/hour
[22m[39m[PortalService] Token validated successfully {
  tokenId: [32m'g_3Qm0zvsrplP45yI3HUI'[39m,
  invoiceId: [32m'MRomaL-_Ena2yO6eiMM7a'[39m,
  accessCount: [33m15[39m
}

[90mstdout[2m | src/services/portalService.test.ts[2m > [22m[2mPortalService[2m > [22m[2mvalidateToken[2m > [22m[2mshould enforce rate limiting at 100 requests/hour
[22m[39m[PortalService] Token validated successfully {
  tokenId: [32m'g_3Qm0zvsrplP45yI3HUI'[39m,
  invoiceId: [32m'MRomaL-_Ena2yO6eiMM7a'[39m,
  accessCount: [33m16[39m
}

[90mstdout[2m | src/services/portalService.test.ts[2m > [22m[2mPortalService[2m > [22m[2mvalidateToken[2m > [22m[2mshould enforce rate limiting at 100 requests/hour
[22m[39m[PortalService] Token validated successfully {
  tokenId: [32m'g_3Qm0zvsrplP45yI3HUI'[39m,
  invoiceId: [32m'MRomaL-_Ena2yO6eiMM7a'[39m,
  accessCount: [33m17[39m
}

[90mstdout[2m | src/services/portalService.test.ts[2m > [22m[2mPortalService[2m > [22m[2mvalidateToken[2m > [22m[2mshould enforce rate limiting at 100 requests/hour
[22m[39m[PortalService] Token validated successfully {
  tokenId: [32m'g_3Qm0zvsrplP45yI3HUI'[39m,
  invoiceId: [32m'MRomaL-_Ena2yO6eiMM7a'[39m,
  accessCount: [33m18[39m
}

[90mstdout[2m | src/services/portalService.test.ts[2m > [22m[2mPortalService[2m > [22m[2mvalidateToken[2m > [22m[2mshould enforce rate limiting at 100 requests/hour
[22m[39m[PortalService] Token validated successfully {
  tokenId: [32m'g_3Qm0zvsrplP45yI3HUI'[39m,
  invoiceId: [32m'MRomaL-_Ena2yO6eiMM7a'[39m,
  accessCount: [33m19[39m
}

[90mstdout[2m | src/services/portalService.test.ts[2m > [22m[2mPortalService[2m > [22m[2mvalidateToken[2m > [22m[2mshould enforce rate limiting at 100 requests/hour
[22m[39m[PortalService] Token validated successfully {
  tokenId: [32m'g_3Qm0zvsrplP45yI3HUI'[39m,
  invoiceId: [32m'MRomaL-_Ena2yO6eiMM7a'[39m,
  accessCount: [33m20[39m
}

[90mstdout[2m | src/services/portalService.test.ts[2m > [22m[2mPortalService[2m > [22m[2mvalidateToken[2m > [22m[2mshould enforce rate limiting at 100 requests/hour
[22m[39m[PortalService] Token validated successfully {
  tokenId: [32m'g_3Qm0zvsrplP45yI3HUI'[39m,
  invoiceId: [32m'MRomaL-_Ena2yO6eiMM7a'[39m,
  accessCount: [33m21[39m
}

[90mstdout[2m | src/services/portalService.test.ts[2m > [22m[2mPortalService[2m > [22m[2mvalidateToken[2m > [22m[2mshould enforce rate limiting at 100 requests/hour
[22m[39m[PortalService] Token validated successfully {
  tokenId: [32m'g_3Qm0zvsrplP45yI3HUI'[39m,
  invoiceId: [32m'MRomaL-_Ena2yO6eiMM7a'[39m,
  accessCount: [33m22[39m
}

[90mstdout[2m | src/services/portalService.test.ts[2m > [22m[2mPortalService[2m > [22m[2mvalidateToken[2m > [22m[2mshould enforce rate limiting at 100 requests/hour
[22m[39m[PortalService] Token validated successfully {
  tokenId: [32m'g_3Qm0zvsrplP45yI3HUI'[39m,
  invoiceId: [32m'MRomaL-_Ena2yO6eiMM7a'[39m,
  accessCount: [33m23[39m
}

[90mstdout[2m | src/services/portalService.test.ts[2m > [22m[2mPortalService[2m > [22m[2mvalidateToken[2m > [22m[2mshould enforce rate limiting at 100 requests/hour
[22m[39m[PortalService] Token validated successfully {
  tokenId: [32m'g_3Qm0zvsrplP45yI3HUI'[39m,
  invoiceId: [32m'MRomaL-_Ena2yO6eiMM7a'[39m,
  accessCount: [33m24[39m
}

[90mstdout[2m | src/services/portalService.test.ts[2m > [22m[2mPortalService[2m > [22m[2mvalidateToken[2m > [22m[2mshould enforce rate limiting at 100 requests/hour
[22m[39m[PortalService] Token validated successfully {
  tokenId: [32m'g_3Qm0zvsrplP45yI3HUI'[39m,
  invoiceId: [32m'MRomaL-_Ena2yO6eiMM7a'[39m,
  accessCount: [33m25[39m
}

[90mstdout[2m | src/services/portalService.test.ts[2m > [22m[2mPortalService[2m > [22m[2mvalidateToken[2m > [22m[2mshould enforce rate limiting at 100 requests/hour
[22m[39m[PortalService] Token validated successfully {
  tokenId: [32m'g_3Qm0zvsrplP45yI3HUI'[39m,
  invoiceId: [32m'MRomaL-_Ena2yO6eiMM7a'[39m,
  accessCount: [33m26[39m
}

[90mstdout[2m | src/services/portalService.test.ts[2m > [22m[2mPortalService[2m > [22m[2mvalidateToken[2m > [22m[2mshould enforce rate limiting at 100 requests/hour
[22m[39m[PortalService] Token validated successfully {
  tokenId: [32m'g_3Qm0zvsrplP45yI3HUI'[39m,
  invoiceId: [32m'MRomaL-_Ena2yO6eiMM7a'[39m,
  accessCount: [33m27[39m
}

[90mstdout[2m | src/services/portalService.test.ts[2m > [22m[2mPortalService[2m > [22m[2mvalidateToken[2m > [22m[2mshould enforce rate limiting at 100 requests/hour
[22m[39m[PortalService] Token validated successfully {
  tokenId: [32m'g_3Qm0zvsrplP45yI3HUI'[39m,
  invoiceId: [32m'MRomaL-_Ena2yO6eiMM7a'[39m,
  accessCount: [33m28[39m
}

[90mstdout[2m | src/services/portalService.test.ts[2m > [22m[2mPortalService[2m > [22m[2mvalidateToken[2m > [22m[2mshould enforce rate limiting at 100 requests/hour
[22m[39m[PortalService] Token validated successfully {
  tokenId: [32m'g_3Qm0zvsrplP45yI3HUI'[39m,
  invoiceId: [32m'MRomaL-_Ena2yO6eiMM7a'[39m,
  accessCount: [33m29[39m
}

[90mstdout[2m | src/services/portalService.test.ts[2m > [22m[2mPortalService[2m > [22m[2mvalidateToken[2m > [22m[2mshould enforce rate limiting at 100 requests/hour
[22m[39m[PortalService] Token validated successfully {
  tokenId: [32m'g_3Qm0zvsrplP45yI3HUI'[39m,
  invoiceId: [32m'MRomaL-_Ena2yO6eiMM7a'[39m,
  accessCount: [33m30[39m
}

[90mstdout[2m | src/services/portalService.test.ts[2m > [22m[2mPortalService[2m > [22m[2mvalidateToken[2m > [22m[2mshould enforce rate limiting at 100 requests/hour
[22m[39m[PortalService] Token validated successfully {
  tokenId: [32m'g_3Qm0zvsrplP45yI3HUI'[39m,
  invoiceId: [32m'MRomaL-_Ena2yO6eiMM7a'[39m,
  accessCount: [33m31[39m
}

[90mstdout[2m | src/services/portalService.test.ts[2m > [22m[2mPortalService[2m > [22m[2mvalidateToken[2m > [22m[2mshould enforce rate limiting at 100 requests/hour
[22m[39m[PortalService] Token validated successfully {
  tokenId: [32m'g_3Qm0zvsrplP45yI3HUI'[39m,
  invoiceId: [32m'MRomaL-_Ena2yO6eiMM7a'[39m,
  accessCount: [33m32[39m
}

[90mstdout[2m | src/services/portalService.test.ts[2m > [22m[2mPortalService[2m > [22m[2mvalidateToken[2m > [22m[2mshould enforce rate limiting at 100 requests/hour
[22m[39m[PortalService] Token validated successfully {
  tokenId: [32m'g_3Qm0zvsrplP45yI3HUI'[39m,
  invoiceId: [32m'MRomaL-_Ena2yO6eiMM7a'[39m,
  accessCount: [33m33[39m
}

[90mstdout[2m | src/services/portalService.test.ts[2m > [22m[2mPortalService[2m > [22m[2mvalidateToken[2m > [22m[2mshould enforce rate limiting at 100 requests/hour
[22m[39m[PortalService] Token validated successfully {
  tokenId: [32m'g_3Qm0zvsrplP45yI3HUI'[39m,
  invoiceId: [32m'MRomaL-_Ena2yO6eiMM7a'[39m,
  accessCount: [33m34[39m
}

[90mstdout[2m | src/services/portalService.test.ts[2m > [22m[2mPortalService[2m > [22m[2mvalidateToken[2m > [22m[2mshould enforce rate limiting at 100 requests/hour
[22m[39m[PortalService] Token validated successfully {
  tokenId: [32m'g_3Qm0zvsrplP45yI3HUI'[39m,
  invoiceId: [32m'MRomaL-_Ena2yO6eiMM7a'[39m,
  accessCount: [33m35[39m
}

[90mstdout[2m | src/services/portalService.test.ts[2m > [22m[2mPortalService[2m > [22m[2mvalidateToken[2m > [22m[2mshould enforce rate limiting at 100 requests/hour
[22m[39m[PortalService] Token validated successfully {
  tokenId: [32m'g_3Qm0zvsrplP45yI3HUI'[39m,
  invoiceId: [32m'MRomaL-_Ena2yO6eiMM7a'[39m,
  accessCount: [33m36[39m
}

[90mstdout[2m | src/services/portalService.test.ts[2m > [22m[2mPortalService[2m > [22m[2mvalidateToken[2m > [22m[2mshould enforce rate limiting at 100 requests/hour
[22m[39m[PortalService] Token validated successfully {
  tokenId: [32m'g_3Qm0zvsrplP45yI3HUI'[39m,
  invoiceId: [32m'MRomaL-_Ena2yO6eiMM7a'[39m,
  accessCount: [33m37[39m
}

[90mstdout[2m | src/services/portalService.test.ts[2m > [22m[2mPortalService[2m > [22m[2mvalidateToken[2m > [22m[2mshould enforce rate limiting at 100 requests/hour
[22m[39m[PortalService] Token validated successfully {
  tokenId: [32m'g_3Qm0zvsrplP45yI3HUI'[39m,
  invoiceId: [32m'MRomaL-_Ena2yO6eiMM7a'[39m,
  accessCount: [33m38[39m
}

[90mstdout[2m | src/services/portalService.test.ts[2m > [22m[2mPortalService[2m > [22m[2mvalidateToken[2m > [22m[2mshould enforce rate limiting at 100 requests/hour
[22m[39m[PortalService] Token validated successfully {
  tokenId: [32m'g_3Qm0zvsrplP45yI3HUI'[39m,
  invoiceId: [32m'MRomaL-_Ena2yO6eiMM7a'[39m,
  accessCount: [33m39[39m
}

[90mstdout[2m | src/services/portalService.test.ts[2m > [22m[2mPortalService[2m > [22m[2mvalidateToken[2m > [22m[2mshould enforce rate limiting at 100 requests/hour
[22m[39m[PortalService] Token validated successfully {
  tokenId: [32m'g_3Qm0zvsrplP45yI3HUI'[39m,
  invoiceId: [32m'MRomaL-_Ena2yO6eiMM7a'[39m,
  accessCount: [33m40[39m
}

[90mstdout[2m | src/services/portalService.test.ts[2m > [22m[2mPortalService[2m > [22m[2mvalidateToken[2m > [22m[2mshould enforce rate limiting at 100 requests/hour
[22m[39m[PortalService] Token validated successfully {
  tokenId: [32m'g_3Qm0zvsrplP45yI3HUI'[39m,
  invoiceId: [32m'MRomaL-_Ena2yO6eiMM7a'[39m,
  accessCount: [33m41[39m
}

[90mstdout[2m | src/services/portalService.test.ts[2m > [22m[2mPortalService[2m > [22m[2mvalidateToken[2m > [22m[2mshould enforce rate limiting at 100 requests/hour
[22m[39m[PortalService] Token validated successfully {
  tokenId: [32m'g_3Qm0zvsrplP45yI3HUI'[39m,
  invoiceId: [32m'MRomaL-_Ena2yO6eiMM7a'[39m,
  accessCount: [33m42[39m
}

[90mstdout[2m | src/services/portalService.test.ts[2m > [22m[2mPortalService[2m > [22m[2mvalidateToken[2m > [22m[2mshould enforce rate limiting at 100 requests/hour
[22m[39m[PortalService] Token validated successfully {
  tokenId: [32m'g_3Qm0zvsrplP45yI3HUI'[39m,
  invoiceId: [32m'MRomaL-_Ena2yO6eiMM7a'[39m,
  accessCount: [33m43[39m
}

[90mstdout[2m | src/services/portalService.test.ts[2m > [22m[2mPortalService[2m > [22m[2mvalidateToken[2m > [22m[2mshould enforce rate limiting at 100 requests/hour
[22m[39m[PortalService] Token validated successfully {
  tokenId: [32m'g_3Qm0zvsrplP45yI3HUI'[39m,
  invoiceId: [32m'MRomaL-_Ena2yO6eiMM7a'[39m,
  accessCount: [33m44[39m
}

[90mstdout[2m | src/services/portalService.test.ts[2m > [22m[2mPortalService[2m > [22m[2mvalidateToken[2m > [22m[2mshould enforce rate limiting at 100 requests/hour
[22m[39m[PortalService] Token validated successfully {
  tokenId: [32m'g_3Qm0zvsrplP45yI3HUI'[39m,
  invoiceId: [32m'MRomaL-_Ena2yO6eiMM7a'[39m,
  accessCount: [33m45[39m
}

[90mstdout[2m | src/services/portalService.test.ts[2m > [22m[2mPortalService[2m > [22m[2mvalidateToken[2m > [22m[2mshould enforce rate limiting at 100 requests/hour
[22m[39m[PortalService] Token validated successfully {
  tokenId: [32m'g_3Qm0zvsrplP45yI3HUI'[39m,
  invoiceId: [32m'MRomaL-_Ena2yO6eiMM7a'[39m,
  accessCount: [33m46[39m
}

[90mstdout[2m | src/services/portalService.test.ts[2m > [22m[2mPortalService[2m > [22m[2mvalidateToken[2m > [22m[2mshould enforce rate limiting at 100 requests/hour
[22m[39m[PortalService] Token validated successfully {
  tokenId: [32m'g_3Qm0zvsrplP45yI3HUI'[39m,
  invoiceId: [32m'MRomaL-_Ena2yO6eiMM7a'[39m,
  accessCount: [33m47[39m
}

[90mstdout[2m | src/services/portalService.test.ts[2m > [22m[2mPortalService[2m > [22m[2mvalidateToken[2m > [22m[2mshould enforce rate limiting at 100 requests/hour
[22m[39m[PortalService] Token validated successfully {
  tokenId: [32m'g_3Qm0zvsrplP45yI3HUI'[39m,
  invoiceId: [32m'MRomaL-_Ena2yO6eiMM7a'[39m,
  accessCount: [33m48[39m
}

[90mstdout[2m | src/services/portalService.test.ts[2m > [22m[2mPortalService[2m > [22m[2mvalidateToken[2m > [22m[2mshould enforce rate limiting at 100 requests/hour
[22m[39m[PortalService] Token validated successfully {
  tokenId: [32m'g_3Qm0zvsrplP45yI3HUI'[39m,
  invoiceId: [32m'MRomaL-_Ena2yO6eiMM7a'[39m,
  accessCount: [33m49[39m
}

[90mstdout[2m | src/services/portalService.test.ts[2m > [22m[2mPortalService[2m > [22m[2mvalidateToken[2m > [22m[2mshould enforce rate limiting at 100 requests/hour
[22m[39m[PortalService] Token validated successfully {
  tokenId: [32m'g_3Qm0zvsrplP45yI3HUI'[39m,
  invoiceId: [32m'MRomaL-_Ena2yO6eiMM7a'[39m,
  accessCount: [33m50[39m
}

[90mstderr[2m | src/services/portalService.test.ts[2m > [22m[2mPortalService[2m > [22m[2mvalidateToken[2m > [22m[2mshould enforce rate limiting at 100 requests/hour
[22m[39m[PortalService] Rate limit exceeded { ip: [32m'10.0.0.1'[39m, requests: [33m100[39m }

[90mstdout[2m | src/services/portalService.test.ts[2m > [22m[2mPortalService[2m > [22m[2mrevokeToken[2m > [22m[2mshould revoke a token
[22m[39m[PortalService] Created portal token {
  tokenId: [32m'lOVSyEvRbL_or97CcVdkE'[39m,
  invoiceId: [32m'MRomaL-_Ena2yO6eiMM7a'[39m,
  email: [32m'customer@example.com'[39m
}

[90mstdout[2m | src/services/portalService.test.ts[2m > [22m[2mPortalService[2m > [22m[2mrevokeToken[2m > [22m[2mshould revoke a token
[22m[39m[PortalService] Revoked portal token { tokenId: [32m'lOVSyEvRbL_or97CcVdkE'[39m }

[90mstdout[2m | src/services/portalService.test.ts[2m > [22m[2mPortalService[2m > [22m[2mrevokeToken[2m > [22m[2mshould be idempotent (revoking twice is safe)
[22m[39m[PortalService] Created portal token {
  tokenId: [32m'swg5DxZc8t-4dmdZl0_TQ'[39m,
  invoiceId: [32m'MRomaL-_Ena2yO6eiMM7a'[39m,
  email: [32m'customer@example.com'[39m
}

[90mstdout[2m | src/services/portalService.test.ts[2m > [22m[2mPortalService[2m > [22m[2mrevokeToken[2m > [22m[2mshould be idempotent (revoking twice is safe)
[22m[39m[PortalService] Revoked portal token { tokenId: [32m'swg5DxZc8t-4dmdZl0_TQ'[39m }

[90mstdout[2m | src/services/portalService.test.ts[2m > [22m[2mPortalService[2m > [22m[2mgetInvoicePortalTokens[2m > [22m[2mshould get all tokens for an invoice
[22m[39m[PortalService] Created portal token {
  tokenId: [32m'3oo9Okf6b_zUYM-wUoFOJ'[39m,
  invoiceId: [32m'MRomaL-_Ena2yO6eiMM7a'[39m,
  email: [32m'customer1@example.com'[39m
}

[90mstdout[2m | src/services/portalService.test.ts[2m > [22m[2mPortalService[2m > [22m[2mgetInvoicePortalTokens[2m > [22m[2mshould get all tokens for an invoice
[22m[39m[PortalService] Created portal token {
  tokenId: [32m'j4ky3Tb5waM1aMcvJ23NI'[39m,
  invoiceId: [32m'MRomaL-_Ena2yO6eiMM7a'[39m,
  email: [32m'customer2@example.com'[39m
}

[90mstdout[2m | src/services/portalService.test.ts[2m > [22m[2mPortalService[2m > [22m[2mgetInvoicePortalTokens[2m > [22m[2mshould not return deleted tokens
[22m[39m[PortalService] Created portal token {
  tokenId: [32m'8BPtc55o80htK_SZl-wzD'[39m,
  invoiceId: [32m'MRomaL-_Ena2yO6eiMM7a'[39m,
  email: [32m'customer@example.com'[39m
}

[90mstdout[2m | src/services/portalService.test.ts[2m > [22m[2mPortalService[2m > [22m[2mcleanupExpiredTokens[2m > [22m[2mshould delete expired tokens
[22m[39m[PortalService] Created portal token {
  tokenId: [32m'-DP1z_y2nZUwZnEdToZXq'[39m,
  invoiceId: [32m'MRomaL-_Ena2yO6eiMM7a'[39m,
  email: [32m'customer@example.com'[39m
}

[90mstdout[2m | src/services/portalService.test.ts[2m > [22m[2mPortalService[2m > [22m[2mcleanupExpiredTokens[2m > [22m[2mshould delete expired tokens
[22m[39m[PortalService] Cleaned up expired tokens { count: [33m1[39m }

[90mstdout[2m | src/services/portalService.test.ts[2m > [22m[2mPortalService[2m > [22m[2mcleanupExpiredTokens[2m > [22m[2mshould not delete valid tokens
[22m[39m[PortalService] Created portal token {
  tokenId: [32m'SQvya0hncLTJlBuHhcZFu'[39m,
  invoiceId: [32m'MRomaL-_Ena2yO6eiMM7a'[39m,
  email: [32m'customer@example.com'[39m
}

[90mstdout[2m | src/services/portalService.test.ts[2m > [22m[2mPortalService[2m > [22m[2mcleanupExpiredTokens[2m > [22m[2mshould not delete valid tokens
[22m[39m[PortalService] Cleaned up expired tokens { count: [33m0[39m }

[90mstdout[2m | src/services/portalService.test.ts[2m > [22m[2mPortalService[2m > [22m[2mgetRateLimitStatus[2m > [22m[2mshould track remaining requests
[22m[39m[PortalService] Created portal token {
  tokenId: [32m'rL77f7fltxnbMsPa6IQK0'[39m,
  invoiceId: [32m'MRomaL-_Ena2yO6eiMM7a'[39m,
  email: [32m'customer@example.com'[39m
}

[90mstdout[2m | src/services/portalService.test.ts[2m > [22m[2mPortalService[2m > [22m[2mgetRateLimitStatus[2m > [22m[2mshould track remaining requests
[22m[39m[PortalService] Token validated successfully {
  tokenId: [32m'rL77f7fltxnbMsPa6IQK0'[39m,
  invoiceId: [32m'MRomaL-_Ena2yO6eiMM7a'[39m,
  accessCount: [33m1[39m
}

[90mstdout[2m | src/services/portalService.test.ts[2m > [22m[2mPortalService[2m > [22m[2mgetRateLimitStatus[2m > [22m[2mshould track remaining requests
[22m[39m[PortalService] Token validated successfully {
  tokenId: [32m'rL77f7fltxnbMsPa6IQK0'[39m,
  invoiceId: [32m'MRomaL-_Ena2yO6eiMM7a'[39m,
  accessCount: [33m2[39m
}

[90mstdout[2m | src/services/portalService.test.ts[2m > [22m[2mPortalService[2m > [22m[2mgetRateLimitStatus[2m > [22m[2mshould track remaining requests
[22m[39m[PortalService] Token validated successfully {
  tokenId: [32m'rL77f7fltxnbMsPa6IQK0'[39m,
  invoiceId: [32m'MRomaL-_Ena2yO6eiMM7a'[39m,
  accessCount: [33m3[39m
}

[90mstdout[2m | src/services/portalService.test.ts[2m > [22m[2mPortalService[2m > [22m[2mgetRateLimitStatus[2m > [22m[2mshould track remaining requests
[22m[39m[PortalService] Token validated successfully {
  tokenId: [32m'rL77f7fltxnbMsPa6IQK0'[39m,
  invoiceId: [32m'MRomaL-_Ena2yO6eiMM7a'[39m,
  accessCount: [33m4[39m
}

[90mstdout[2m | src/services/portalService.test.ts[2m > [22m[2mPortalService[2m > [22m[2mgetRateLimitStatus[2m > [22m[2mshould track remaining requests
[22m[39m[PortalService] Token validated successfully {
  tokenId: [32m'rL77f7fltxnbMsPa6IQK0'[39m,
  invoiceId: [32m'MRomaL-_Ena2yO6eiMM7a'[39m,
  accessCount: [33m5[39m
}

[90mstdout[2m | src/services/portalService.test.ts[2m > [22m[2mPortalService[2m > [22m[2mgetRateLimitStatus[2m > [22m[2mshould track remaining requests
[22m[39m[PortalService] Token validated successfully {
  tokenId: [32m'rL77f7fltxnbMsPa6IQK0'[39m,
  invoiceId: [32m'MRomaL-_Ena2yO6eiMM7a'[39m,
  accessCount: [33m6[39m
}

[90mstdout[2m | src/services/portalService.test.ts[2m > [22m[2mPortalService[2m > [22m[2mgetRateLimitStatus[2m > [22m[2mshould track remaining requests
[22m[39m[PortalService] Token validated successfully {
  tokenId: [32m'rL77f7fltxnbMsPa6IQK0'[39m,
  invoiceId: [32m'MRomaL-_Ena2yO6eiMM7a'[39m,
  accessCount: [33m7[39m
}

[90mstdout[2m | src/services/portalService.test.ts[2m > [22m[2mPortalService[2m > [22m[2mgetRateLimitStatus[2m > [22m[2mshould track remaining requests
[22m[39m[PortalService] Token validated successfully {
  tokenId: [32m'rL77f7fltxnbMsPa6IQK0'[39m,
  invoiceId: [32m'MRomaL-_Ena2yO6eiMM7a'[39m,
  accessCount: [33m8[39m
}

[90mstdout[2m | src/services/portalService.test.ts[2m > [22m[2mPortalService[2m > [22m[2mgetRateLimitStatus[2m > [22m[2mshould track remaining requests
[22m[39m[PortalService] Token validated successfully {
  tokenId: [32m'rL77f7fltxnbMsPa6IQK0'[39m,
  invoiceId: [32m'MRomaL-_Ena2yO6eiMM7a'[39m,
  accessCount: [33m9[39m
}

[90mstdout[2m | src/services/portalService.test.ts[2m > [22m[2mPortalService[2m > [22m[2mgetRateLimitStatus[2m > [22m[2mshould track remaining requests
[22m[39m[PortalService] Token validated successfully {
  tokenId: [32m'rL77f7fltxnbMsPa6IQK0'[39m,
  invoiceId: [32m'MRomaL-_Ena2yO6eiMM7a'[39m,
  accessCount: [33m10[39m
}

[90mstdout[2m | src/services/portalService.test.ts[2m > [22m[2mPortalService[2m > [22m[2mgetRateLimitStatus[2m > [22m[2mshould show not allowed when limit reached
[22m[39m[PortalService] Created portal token {
  tokenId: [32m'4FT9giiEVrQGtu6oVSzQI'[39m,
  invoiceId: [32m'MRomaL-_Ena2yO6eiMM7a'[39m,
  email: [32m'customer@example.com'[39m
}

[90mstdout[2m | src/services/portalService.test.ts[2m > [22m[2mPortalService[2m > [22m[2mgetRateLimitStatus[2m > [22m[2mshould show not allowed when limit reached
[22m[39m[PortalService] Token validated successfully {
  tokenId: [32m'4FT9giiEVrQGtu6oVSzQI'[39m,
  invoiceId: [32m'MRomaL-_Ena2yO6eiMM7a'[39m,
  accessCount: [33m1[39m
}

[90mstdout[2m | src/services/portalService.test.ts[2m > [22m[2mPortalService[2m > [22m[2mgetRateLimitStatus[2m > [22m[2mshould show not allowed when limit reached
[22m[39m[PortalService] Token validated successfully {
  tokenId: [32m'4FT9giiEVrQGtu6oVSzQI'[39m,
  invoiceId: [32m'MRomaL-_Ena2yO6eiMM7a'[39m,
  accessCount: [33m2[39m
}

[90mstdout[2m | src/services/portalService.test.ts[2m > [22m[2mPortalService[2m > [22m[2mgetRateLimitStatus[2m > [22m[2mshould show not allowed when limit reached
[22m[39m[PortalService] Token validated successfully {
  tokenId: [32m'4FT9giiEVrQGtu6oVSzQI'[39m,
  invoiceId: [32m'MRomaL-_Ena2yO6eiMM7a'[39m,
  accessCount: [33m3[39m
}

[90mstdout[2m | src/services/portalService.test.ts[2m > [22m[2mPortalService[2m > [22m[2mgetRateLimitStatus[2m > [22m[2mshould show not allowed when limit reached
[22m[39m[PortalService] Token validated successfully {
  tokenId: [32m'4FT9giiEVrQGtu6oVSzQI'[39m,
  invoiceId: [32m'MRomaL-_Ena2yO6eiMM7a'[39m,
  accessCount: [33m4[39m
}

[90mstdout[2m | src/services/portalService.test.ts[2m > [22m[2mPortalService[2m > [22m[2mgetRateLimitStatus[2m > [22m[2mshould show not allowed when limit reached
[22m[39m[PortalService] Token validated successfully {
  tokenId: [32m'4FT9giiEVrQGtu6oVSzQI'[39m,
  invoiceId: [32m'MRomaL-_Ena2yO6eiMM7a'[39m,
  accessCount: [33m5[39m
}

[90mstdout[2m | src/services/portalService.test.ts[2m > [22m[2mPortalService[2m > [22m[2mgetRateLimitStatus[2m > [22m[2mshould show not allowed when limit reached
[22m[39m[PortalService] Token validated successfully {
  tokenId: [32m'4FT9giiEVrQGtu6oVSzQI'[39m,
  invoiceId: [32m'MRomaL-_Ena2yO6eiMM7a'[39m,
  accessCount: [33m6[39m
}

[90mstdout[2m | src/services/portalService.test.ts[2m > [22m[2mPortalService[2m > [22m[2mgetRateLimitStatus[2m > [22m[2mshould show not allowed when limit reached
[22m[39m[PortalService] Token validated successfully {
  tokenId: [32m'4FT9giiEVrQGtu6oVSzQI'[39m,
  invoiceId: [32m'MRomaL-_Ena2yO6eiMM7a'[39m,
  accessCount: [33m7[39m
}

[90mstdout[2m | src/services/portalService.test.ts[2m > [22m[2mPortalService[2m > [22m[2mgetRateLimitStatus[2m > [22m[2mshould show not allowed when limit reached
[22m[39m[PortalService] Token validated successfully {
  tokenId: [32m'4FT9giiEVrQGtu6oVSzQI'[39m,
  invoiceId: [32m'MRomaL-_Ena2yO6eiMM7a'[39m,
  accessCount: [33m8[39m
}

[90mstdout[2m | src/services/portalService.test.ts[2m > [22m[2mPortalService[2m > [22m[2mgetRateLimitStatus[2m > [22m[2mshould show not allowed when limit reached
[22m[39m[PortalService] Token validated successfully {
  tokenId: [32m'4FT9giiEVrQGtu6oVSzQI'[39m,
  invoiceId: [32m'MRomaL-_Ena2yO6eiMM7a'[39m,
  accessCount: [33m9[39m
}

[90mstdout[2m | src/services/portalService.test.ts[2m > [22m[2mPortalService[2m > [22m[2mgetRateLimitStatus[2m > [22m[2mshould show not allowed when limit reached
[22m[39m[PortalService] Token validated successfully {
  tokenId: [32m'4FT9giiEVrQGtu6oVSzQI'[39m,
  invoiceId: [32m'MRomaL-_Ena2yO6eiMM7a'[39m,
  accessCount: [33m10[39m
}

[90mstdout[2m | src/services/portalService.test.ts[2m > [22m[2mPortalService[2m > [22m[2mgetRateLimitStatus[2m > [22m[2mshould show not allowed when limit reached
[22m[39m[PortalService] Token validated successfully {
  tokenId: [32m'4FT9giiEVrQGtu6oVSzQI'[39m,
  invoiceId: [32m'MRomaL-_Ena2yO6eiMM7a'[39m,
  accessCount: [33m11[39m
}

[90mstdout[2m | src/services/portalService.test.ts[2m > [22m[2mPortalService[2m > [22m[2mgetRateLimitStatus[2m > [22m[2mshould show not allowed when limit reached
[22m[39m[PortalService] Token validated successfully {
  tokenId: [32m'4FT9giiEVrQGtu6oVSzQI'[39m,
  invoiceId: [32m'MRomaL-_Ena2yO6eiMM7a'[39m,
  accessCount: [33m12[39m
}

[90mstdout[2m | src/services/portalService.test.ts[2m > [22m[2mPortalService[2m > [22m[2mgetRateLimitStatus[2m > [22m[2mshould show not allowed when limit reached
[22m[39m[PortalService] Token validated successfully {
  tokenId: [32m'4FT9giiEVrQGtu6oVSzQI'[39m,
  invoiceId: [32m'MRomaL-_Ena2yO6eiMM7a'[39m,
  accessCount: [33m13[39m
}

[90mstdout[2m | src/services/portalService.test.ts[2m > [22m[2mPortalService[2m > [22m[2mgetRateLimitStatus[2m > [22m[2mshould show not allowed when limit reached
[22m[39m[PortalService] Token validated successfully {
  tokenId: [32m'4FT9giiEVrQGtu6oVSzQI'[39m,
  invoiceId: [32m'MRomaL-_Ena2yO6eiMM7a'[39m,
  accessCount: [33m14[39m
}

[90mstdout[2m | src/services/portalService.test.ts[2m > [22m[2mPortalService[2m > [22m[2mgetRateLimitStatus[2m > [22m[2mshould show not allowed when limit reached
[22m[39m[PortalService] Token validated successfully {
  tokenId: [32m'4FT9giiEVrQGtu6oVSzQI'[39m,
  invoiceId: [32m'MRomaL-_Ena2yO6eiMM7a'[39m,
  accessCount: [33m15[39m
}

[90mstdout[2m | src/services/portalService.test.ts[2m > [22m[2mPortalService[2m > [22m[2mgetRateLimitStatus[2m > [22m[2mshould show not allowed when limit reached
[22m[39m[PortalService] Token validated successfully {
  tokenId: [32m'4FT9giiEVrQGtu6oVSzQI'[39m,
  invoiceId: [32m'MRomaL-_Ena2yO6eiMM7a'[39m,
  accessCount: [33m16[39m
}

[90mstdout[2m | src/services/portalService.test.ts[2m > [22m[2mPortalService[2m > [22m[2mgetRateLimitStatus[2m > [22m[2mshould show not allowed when limit reached
[22m[39m[PortalService] Token validated successfully {
  tokenId: [32m'4FT9giiEVrQGtu6oVSzQI'[39m,
  invoiceId: [32m'MRomaL-_Ena2yO6eiMM7a'[39m,
  accessCount: [33m17[39m
}

[90mstdout[2m | src/services/portalService.test.ts[2m > [22m[2mPortalService[2m > [22m[2mgetRateLimitStatus[2m > [22m[2mshould show not allowed when limit reached
[22m[39m[PortalService] Token validated successfully {
  tokenId: [32m'4FT9giiEVrQGtu6oVSzQI'[39m,
  invoiceId: [32m'MRomaL-_Ena2yO6eiMM7a'[39m,
  accessCount: [33m18[39m
}

[90mstdout[2m | src/services/portalService.test.ts[2m > [22m[2mPortalService[2m > [22m[2mgetRateLimitStatus[2m > [22m[2mshould show not allowed when limit reached
[22m[39m[PortalService] Token validated successfully {
  tokenId: [32m'4FT9giiEVrQGtu6oVSzQI'[39m,
  invoiceId: [32m'MRomaL-_Ena2yO6eiMM7a'[39m,
  accessCount: [33m19[39m
}

[90mstdout[2m | src/services/portalService.test.ts[2m > [22m[2mPortalService[2m > [22m[2mgetRateLimitStatus[2m > [22m[2mshould show not allowed when limit reached
[22m[39m[PortalService] Token validated successfully {
  tokenId: [32m'4FT9giiEVrQGtu6oVSzQI'[39m,
  invoiceId: [32m'MRomaL-_Ena2yO6eiMM7a'[39m,
  accessCount: [33m20[39m
}

[90mstdout[2m | src/services/portalService.test.ts[2m > [22m[2mPortalService[2m > [22m[2mgetRateLimitStatus[2m > [22m[2mshould show not allowed when limit reached
[22m[39m[PortalService] Token validated successfully {
  tokenId: [32m'4FT9giiEVrQGtu6oVSzQI'[39m,
  invoiceId: [32m'MRomaL-_Ena2yO6eiMM7a'[39m,
  accessCount: [33m21[39m
}

[90mstdout[2m | src/services/portalService.test.ts[2m > [22m[2mPortalService[2m > [22m[2mgetRateLimitStatus[2m > [22m[2mshould show not allowed when limit reached
[22m[39m[PortalService] Token validated successfully {
  tokenId: [32m'4FT9giiEVrQGtu6oVSzQI'[39m,
  invoiceId: [32m'MRomaL-_Ena2yO6eiMM7a'[39m,
  accessCount: [33m22[39m
}

[90mstdout[2m | src/services/portalService.test.ts[2m > [22m[2mPortalService[2m > [22m[2mgetRateLimitStatus[2m > [22m[2mshould show not allowed when limit reached
[22m[39m[PortalService] Token validated successfully {
  tokenId: [32m'4FT9giiEVrQGtu6oVSzQI'[39m,
  invoiceId: [32m'MRomaL-_Ena2yO6eiMM7a'[39m,
  accessCount: [33m23[39m
}

[90mstdout[2m | src/services/portalService.test.ts[2m > [22m[2mPortalService[2m > [22m[2mgetRateLimitStatus[2m > [22m[2mshould show not allowed when limit reached
[22m[39m[PortalService] Token validated successfully {
  tokenId: [32m'4FT9giiEVrQGtu6oVSzQI'[39m,
  invoiceId: [32m'MRomaL-_Ena2yO6eiMM7a'[39m,
  accessCount: [33m24[39m
}

[90mstdout[2m | src/services/portalService.test.ts[2m > [22m[2mPortalService[2m > [22m[2mgetRateLimitStatus[2m > [22m[2mshould show not allowed when limit reached
[22m[39m[PortalService] Token validated successfully {
  tokenId: [32m'4FT9giiEVrQGtu6oVSzQI'[39m,
  invoiceId: [32m'MRomaL-_Ena2yO6eiMM7a'[39m,
  accessCount: [33m25[39m
}

[90mstdout[2m | src/services/portalService.test.ts[2m > [22m[2mPortalService[2m > [22m[2mgetRateLimitStatus[2m > [22m[2mshould show not allowed when limit reached
[22m[39m[PortalService] Token validated successfully {
  tokenId: [32m'4FT9giiEVrQGtu6oVSzQI'[39m,
  invoiceId: [32m'MRomaL-_Ena2yO6eiMM7a'[39m,
  accessCount: [33m26[39m
}

[90mstdout[2m | src/services/portalService.test.ts[2m > [22m[2mPortalService[2m > [22m[2mgetRateLimitStatus[2m > [22m[2mshould show not allowed when limit reached
[22m[39m[PortalService] Token validated successfully {
  tokenId: [32m'4FT9giiEVrQGtu6oVSzQI'[39m,
  invoiceId: [32m'MRomaL-_Ena2yO6eiMM7a'[39m,
  accessCount: [33m27[39m
}

[90mstdout[2m | src/services/portalService.test.ts[2m > [22m[2mPortalService[2m > [22m[2mgetRateLimitStatus[2m > [22m[2mshould show not allowed when limit reached
[22m[39m[PortalService] Token validated successfully {
  tokenId: [32m'4FT9giiEVrQGtu6oVSzQI'[39m,
  invoiceId: [32m'MRomaL-_Ena2yO6eiMM7a'[39m,
  accessCount: [33m28[39m
}

[90mstdout[2m | src/services/portalService.test.ts[2m > [22m[2mPortalService[2m > [22m[2mgetRateLimitStatus[2m > [22m[2mshould show not allowed when limit reached
[22m[39m[PortalService] Token validated successfully {
  tokenId: [32m'4FT9giiEVrQGtu6oVSzQI'[39m,
  invoiceId: [32m'MRomaL-_Ena2yO6eiMM7a'[39m,
  accessCount: [33m29[39m
}

[90mstdout[2m | src/services/portalService.test.ts[2m > [22m[2mPortalService[2m > [22m[2mgetRateLimitStatus[2m > [22m[2mshould show not allowed when limit reached
[22m[39m[PortalService] Token validated successfully {
  tokenId: [32m'4FT9giiEVrQGtu6oVSzQI'[39m,
  invoiceId: [32m'MRomaL-_Ena2yO6eiMM7a'[39m,
  accessCount: [33m30[39m
}

[90mstdout[2m | src/services/portalService.test.ts[2m > [22m[2mPortalService[2m > [22m[2mgetRateLimitStatus[2m > [22m[2mshould show not allowed when limit reached
[22m[39m[PortalService] Token validated successfully {
  tokenId: [32m'4FT9giiEVrQGtu6oVSzQI'[39m,
  invoiceId: [32m'MRomaL-_Ena2yO6eiMM7a'[39m,
  accessCount: [33m31[39m
}

[90mstdout[2m | src/services/portalService.test.ts[2m > [22m[2mPortalService[2m > [22m[2mgetRateLimitStatus[2m > [22m[2mshould show not allowed when limit reached
[22m[39m[PortalService] Token validated successfully {
  tokenId: [32m'4FT9giiEVrQGtu6oVSzQI'[39m,
  invoiceId: [32m'MRomaL-_Ena2yO6eiMM7a'[39m,
  accessCount: [33m32[39m
}

[90mstdout[2m | src/services/portalService.test.ts[2m > [22m[2mPortalService[2m > [22m[2mgetRateLimitStatus[2m > [22m[2mshould show not allowed when limit reached
[22m[39m[PortalService] Token validated successfully {
  tokenId: [32m'4FT9giiEVrQGtu6oVSzQI'[39m,
  invoiceId: [32m'MRomaL-_Ena2yO6eiMM7a'[39m,
  accessCount: [33m33[39m
}

[90mstdout[2m | src/services/portalService.test.ts[2m > [22m[2mPortalService[2m > [22m[2mgetRateLimitStatus[2m > [22m[2mshould show not allowed when limit reached
[22m[39m[PortalService] Token validated successfully {
  tokenId: [32m'4FT9giiEVrQGtu6oVSzQI'[39m,
  invoiceId: [32m'MRomaL-_Ena2yO6eiMM7a'[39m,
  accessCount: [33m34[39m
}

[90mstdout[2m | src/services/portalService.test.ts[2m > [22m[2mPortalService[2m > [22m[2mgetRateLimitStatus[2m > [22m[2mshould show not allowed when limit reached
[22m[39m[PortalService] Token validated successfully {
  tokenId: [32m'4FT9giiEVrQGtu6oVSzQI'[39m,
  invoiceId: [32m'MRomaL-_Ena2yO6eiMM7a'[39m,
  accessCount: [33m35[39m
}

[90mstdout[2m | src/services/portalService.test.ts[2m > [22m[2mPortalService[2m > [22m[2mgetRateLimitStatus[2m > [22m[2mshould show not allowed when limit reached
[22m[39m[PortalService] Token validated successfully {
  tokenId: [32m'4FT9giiEVrQGtu6oVSzQI'[39m,
  invoiceId: [32m'MRomaL-_Ena2yO6eiMM7a'[39m,
  accessCount: [33m36[39m
}

[90mstdout[2m | src/services/portalService.test.ts[2m > [22m[2mPortalService[2m > [22m[2mgetRateLimitStatus[2m > [22m[2mshould show not allowed when limit reached
[22m[39m[PortalService] Token validated successfully {
  tokenId: [32m'4FT9giiEVrQGtu6oVSzQI'[39m,
  invoiceId: [32m'MRomaL-_Ena2yO6eiMM7a'[39m,
  accessCount: [33m37[39m
}

[90mstdout[2m | src/services/portalService.test.ts[2m > [22m[2mPortalService[2m > [22m[2mgetRateLimitStatus[2m > [22m[2mshould show not allowed when limit reached
[22m[39m[PortalService] Token validated successfully {
  tokenId: [32m'4FT9giiEVrQGtu6oVSzQI'[39m,
  invoiceId: [32m'MRomaL-_Ena2yO6eiMM7a'[39m,
  accessCount: [33m38[39m
}

[90mstdout[2m | src/services/portalService.test.ts[2m > [22m[2mPortalService[2m > [22m[2mgetRateLimitStatus[2m > [22m[2mshould show not allowed when limit reached
[22m[39m[PortalService] Token validated successfully {
  tokenId: [32m'4FT9giiEVrQGtu6oVSzQI'[39m,
  invoiceId: [32m'MRomaL-_Ena2yO6eiMM7a'[39m,
  accessCount: [33m39[39m
}

[90mstdout[2m | src/services/portalService.test.ts[2m > [22m[2mPortalService[2m > [22m[2mgetRateLimitStatus[2m > [22m[2mshould show not allowed when limit reached
[22m[39m[PortalService] Token validated successfully {
  tokenId: [32m'4FT9giiEVrQGtu6oVSzQI'[39m,
  invoiceId: [32m'MRomaL-_Ena2yO6eiMM7a'[39m,
  accessCount: [33m40[39m
}

[90mstdout[2m | src/services/portalService.test.ts[2m > [22m[2mPortalService[2m > [22m[2mgetRateLimitStatus[2m > [22m[2mshould show not allowed when limit reached
[22m[39m[PortalService] Token validated successfully {
  tokenId: [32m'4FT9giiEVrQGtu6oVSzQI'[39m,
  invoiceId: [32m'MRomaL-_Ena2yO6eiMM7a'[39m,
  accessCount: [33m41[39m
}

[90mstdout[2m | src/services/portalService.test.ts[2m > [22m[2mPortalService[2m > [22m[2mgetRateLimitStatus[2m > [22m[2mshould show not allowed when limit reached
[22m[39m[PortalService] Token validated successfully {
  tokenId: [32m'4FT9giiEVrQGtu6oVSzQI'[39m,
  invoiceId: [32m'MRomaL-_Ena2yO6eiMM7a'[39m,
  accessCount: [33m42[39m
}

[90mstdout[2m | src/services/portalService.test.ts[2m > [22m[2mPortalService[2m > [22m[2mgetRateLimitStatus[2m > [22m[2mshould show not allowed when limit reached
[22m[39m[PortalService] Token validated successfully {
  tokenId: [32m'4FT9giiEVrQGtu6oVSzQI'[39m,
  invoiceId: [32m'MRomaL-_Ena2yO6eiMM7a'[39m,
  accessCount: [33m43[39m
}

[90mstdout[2m | src/services/portalService.test.ts[2m > [22m[2mPortalService[2m > [22m[2mgetRateLimitStatus[2m > [22m[2mshould show not allowed when limit reached
[22m[39m[PortalService] Token validated successfully {
  tokenId: [32m'4FT9giiEVrQGtu6oVSzQI'[39m,
  invoiceId: [32m'MRomaL-_Ena2yO6eiMM7a'[39m,
  accessCount: [33m44[39m
}

[90mstdout[2m | src/services/portalService.test.ts[2m > [22m[2mPortalService[2m > [22m[2mgetRateLimitStatus[2m > [22m[2mshould show not allowed when limit reached
[22m[39m[PortalService] Token validated successfully {
  tokenId: [32m'4FT9giiEVrQGtu6oVSzQI'[39m,
  invoiceId: [32m'MRomaL-_Ena2yO6eiMM7a'[39m,
  accessCount: [33m45[39m
}

[90mstdout[2m | src/services/portalService.test.ts[2m > [22m[2mPortalService[2m > [22m[2mgetRateLimitStatus[2m > [22m[2mshould show not allowed when limit reached
[22m[39m[PortalService] Token validated successfully {
  tokenId: [32m'4FT9giiEVrQGtu6oVSzQI'[39m,
  invoiceId: [32m'MRomaL-_Ena2yO6eiMM7a'[39m,
  accessCount: [33m46[39m
}

[90mstdout[2m | src/services/portalService.test.ts[2m > [22m[2mPortalService[2m > [22m[2mgetRateLimitStatus[2m > [22m[2mshould show not allowed when limit reached
[22m[39m[PortalService] Token validated successfully {
  tokenId: [32m'4FT9giiEVrQGtu6oVSzQI'[39m,
  invoiceId: [32m'MRomaL-_Ena2yO6eiMM7a'[39m,
  accessCount: [33m47[39m
}

[90mstdout[2m | src/services/portalService.test.ts[2m > [22m[2mPortalService[2m > [22m[2mgetRateLimitStatus[2m > [22m[2mshould show not allowed when limit reached
[22m[39m[PortalService] Token validated successfully {
  tokenId: [32m'4FT9giiEVrQGtu6oVSzQI'[39m,
  invoiceId: [32m'MRomaL-_Ena2yO6eiMM7a'[39m,
  accessCount: [33m48[39m
}

[90mstdout[2m | src/services/portalService.test.ts[2m > [22m[2mPortalService[2m > [22m[2mgetRateLimitStatus[2m > [22m[2mshould show not allowed when limit reached
[22m[39m[PortalService] Token validated successfully {
  tokenId: [32m'4FT9giiEVrQGtu6oVSzQI'[39m,
  invoiceId: [32m'MRomaL-_Ena2yO6eiMM7a'[39m,
  accessCount: [33m49[39m
}

[90mstdout[2m | src/services/portalService.test.ts[2m > [22m[2mPortalService[2m > [22m[2mgetRateLimitStatus[2m > [22m[2mshould show not allowed when limit reached
[22m[39m[PortalService] Token validated successfully {
  tokenId: [32m'4FT9giiEVrQGtu6oVSzQI'[39m,
  invoiceId: [32m'MRomaL-_Ena2yO6eiMM7a'[39m,
  accessCount: [33m50[39m
}

[90mstderr[2m | src/services/portalService.test.ts[2m > [22m[2mPortalService[2m > [22m[2mgetRateLimitStatus[2m > [22m[2mshould show not allowed when limit reached
[22m[39m[PortalService] Rate limit exceeded { ip: [32m'10.0.0.4'[39m, requests: [33m100[39m }

[90mstderr[2m | src/services/portalService.test.ts[2m > [22m[2mPortalService[2m > [22m[2mgetRateLimitStatus[2m > [22m[2mshould show not allowed when limit reached
[22m[39m[PortalService] Rate limit exceeded { ip: [32m'10.0.0.4'[39m, requests: [33m100[39m }

[90mstderr[2m | src/services/portalService.test.ts[2m > [22m[2mPortalService[2m > [22m[2mgetRateLimitStatus[2m > [22m[2mshould show not allowed when limit reached
[22m[39m[PortalService] Rate limit exceeded { ip: [32m'10.0.0.4'[39m, requests: [33m100[39m }

[90mstderr[2m | src/services/portalService.test.ts[2m > [22m[2mPortalService[2m > [22m[2mgetRateLimitStatus[2m > [22m[2mshould show not allowed when limit reached
[22m[39m[PortalService] Rate limit exceeded { ip: [32m'10.0.0.4'[39m, requests: [33m100[39m }

[90mstderr[2m | src/services/portalService.test.ts[2m > [22m[2mPortalService[2m > [22m[2mgetRateLimitStatus[2m > [22m[2mshould show not allowed when limit reached
[22m[39m[PortalService] Rate limit exceeded { ip: [32m'10.0.0.4'[39m, requests: [33m100[39m }

[90mstderr[2m | src/services/portalService.test.ts[2m > [22m[2mPortalService[2m > [22m[2mgetRateLimitStatus[2m > [22m[2mshould show not allowed when limit reached
[22m[39m[PortalService] Rate limit exceeded { ip: [32m'10.0.0.4'[39m, requests: [33m100[39m }

[90mstderr[2m | src/services/portalService.test.ts[2m > [22m[2mPortalService[2m > [22m[2mgetRateLimitStatus[2m > [22m[2mshould show not allowed when limit reached
[22m[39m[PortalService] Rate limit exceeded { ip: [32m'10.0.0.4'[39m, requests: [33m100[39m }

[90mstderr[2m | src/services/portalService.test.ts[2m > [22m[2mPortalService[2m > [22m[2mgetRateLimitStatus[2m > [22m[2mshould show not allowed when limit reached
[22m[39m[PortalService] Rate limit exceeded { ip: [32m'10.0.0.4'[39m, requests: [33m100[39m }

[90mstderr[2m | src/services/portalService.test.ts[2m > [22m[2mPortalService[2m > [22m[2mgetRateLimitStatus[2m > [22m[2mshould show not allowed when limit reached
[22m[39m[PortalService] Rate limit exceeded { ip: [32m'10.0.0.4'[39m, requests: [33m100[39m }

[90mstderr[2m | src/services/portalService.test.ts[2m > [22m[2mPortalService[2m > [22m[2mgetRateLimitStatus[2m > [22m[2mshould show not allowed when limit reached
[22m[39m[PortalService] Rate limit exceeded { ip: [32m'10.0.0.4'[39m, requests: [33m100[39m }

[90mstderr[2m | src/services/portalService.test.ts[2m > [22m[2mPortalService[2m > [22m[2mgetRateLimitStatus[2m > [22m[2mshould show not allowed when limit reached
[22m[39m[PortalService] Rate limit exceeded { ip: [32m'10.0.0.4'[39m, requests: [33m100[39m }

[90mstderr[2m | src/services/portalService.test.ts[2m > [22m[2mPortalService[2m > [22m[2mgetRateLimitStatus[2m > [22m[2mshould show not allowed when limit reached
[22m[39m[PortalService] Rate limit exceeded { ip: [32m'10.0.0.4'[39m, requests: [33m100[39m }

[90mstderr[2m | src/services/portalService.test.ts[2m > [22m[2mPortalService[2m > [22m[2mgetRateLimitStatus[2m > [22m[2mshould show not allowed when limit reached
[22m[39m[PortalService] Rate limit exceeded { ip: [32m'10.0.0.4'[39m, requests: [33m100[39m }

[90mstderr[2m | src/services/portalService.test.ts[2m > [22m[2mPortalService[2m > [22m[2mgetRateLimitStatus[2m > [22m[2mshould show not allowed when limit reached
[22m[39m[PortalService] Rate limit exceeded { ip: [32m'10.0.0.4'[39m, requests: [33m100[39m }

[90mstderr[2m | src/services/portalService.test.ts[2m > [22m[2mPortalService[2m > [22m[2mgetRateLimitStatus[2m > [22m[2mshould show not allowed when limit reached
[22m[39m[PortalService] Rate limit exceeded { ip: [32m'10.0.0.4'[39m, requests: [33m100[39m }

[90mstderr[2m | src/services/portalService.test.ts[2m > [22m[2mPortalService[2m > [22m[2mgetRateLimitStatus[2m > [22m[2mshould show not allowed when limit reached
[22m[39m[PortalService] Rate limit exceeded { ip: [32m'10.0.0.4'[39m, requests: [33m100[39m }

[90mstderr[2m | src/services/portalService.test.ts[2m > [22m[2mPortalService[2m > [22m[2mgetRateLimitStatus[2m > [22m[2mshould show not allowed when limit reached
[22m[39m[PortalService] Rate limit exceeded { ip: [32m'10.0.0.4'[39m, requests: [33m100[39m }

[90mstderr[2m | src/services/portalService.test.ts[2m > [22m[2mPortalService[2m > [22m[2mgetRateLimitStatus[2m > [22m[2mshould show not allowed when limit reached
[22m[39m[PortalService] Rate limit exceeded { ip: [32m'10.0.0.4'[39m, requests: [33m100[39m }

[90mstderr[2m | src/services/portalService.test.ts[2m > [22m[2mPortalService[2m > [22m[2mgetRateLimitStatus[2m > [22m[2mshould show not allowed when limit reached
[22m[39m[PortalService] Rate limit exceeded { ip: [32m'10.0.0.4'[39m, requests: [33m100[39m }

[90mstderr[2m | src/services/portalService.test.ts[2m > [22m[2mPortalService[2m > [22m[2mgetRateLimitStatus[2m > [22m[2mshould show not allowed when limit reached
[22m[39m[PortalService] Rate limit exceeded { ip: [32m'10.0.0.4'[39m, requests: [33m100[39m }

[90mstderr[2m | src/services/portalService.test.ts[2m > [22m[2mPortalService[2m > [22m[2mgetRateLimitStatus[2m > [22m[2mshould show not allowed when limit reached
[22m[39m[PortalService] Rate limit exceeded { ip: [32m'10.0.0.4'[39m, requests: [33m100[39m }

[90mstderr[2m | src/services/portalService.test.ts[2m > [22m[2mPortalService[2m > [22m[2mgetRateLimitStatus[2m > [22m[2mshould show not allowed when limit reached
[22m[39m[PortalService] Rate limit exceeded { ip: [32m'10.0.0.4'[39m, requests: [33m100[39m }

[90mstderr[2m | src/services/portalService.test.ts[2m > [22m[2mPortalService[2m > [22m[2mgetRateLimitStatus[2m > [22m[2mshould show not allowed when limit reached
[22m[39m[PortalService] Rate limit exceeded { ip: [32m'10.0.0.4'[39m, requests: [33m100[39m }

[90mstderr[2m | src/services/portalService.test.ts[2m > [22m[2mPortalService[2m > [22m[2mgetRateLimitStatus[2m > [22m[2mshould show not allowed when limit reached
[22m[39m[PortalService] Rate limit exceeded { ip: [32m'10.0.0.4'[39m, requests: [33m100[39m }

[90mstderr[2m | src/services/portalService.test.ts[2m > [22m[2mPortalService[2m > [22m[2mgetRateLimitStatus[2m > [22m[2mshould show not allowed when limit reached
[22m[39m[PortalService] Rate limit exceeded { ip: [32m'10.0.0.4'[39m, requests: [33m100[39m }

[90mstderr[2m | src/services/portalService.test.ts[2m > [22m[2mPortalService[2m > [22m[2mgetRateLimitStatus[2m > [22m[2mshould show not allowed when limit reached
[22m[39m[PortalService] Rate limit exceeded { ip: [32m'10.0.0.4'[39m, requests: [33m100[39m }

[90mstderr[2m | src/services/portalService.test.ts[2m > [22m[2mPortalService[2m > [22m[2mgetRateLimitStatus[2m > [22m[2mshould show not allowed when limit reached
[22m[39m[PortalService] Rate limit exceeded { ip: [32m'10.0.0.4'[39m, requests: [33m100[39m }

[90mstderr[2m | src/services/portalService.test.ts[2m > [22m[2mPortalService[2m > [22m[2mgetRateLimitStatus[2m > [22m[2mshould show not allowed when limit reached
[22m[39m[PortalService] Rate limit exceeded { ip: [32m'10.0.0.4'[39m, requests: [33m100[39m }

[90mstderr[2m | src/services/portalService.test.ts[2m > [22m[2mPortalService[2m > [22m[2mgetRateLimitStatus[2m > [22m[2mshould show not allowed when limit reached
[22m[39m[PortalService] Rate limit exceeded { ip: [32m'10.0.0.4'[39m, requests: [33m100[39m }

[90mstderr[2m | src/services/portalService.test.ts[2m > [22m[2mPortalService[2m > [22m[2mgetRateLimitStatus[2m > [22m[2mshould show not allowed when limit reached
[22m[39m[PortalService] Rate limit exceeded { ip: [32m'10.0.0.4'[39m, requests: [33m100[39m }

[90mstderr[2m | src/services/portalService.test.ts[2m > [22m[2mPortalService[2m > [22m[2mgetRateLimitStatus[2m > [22m[2mshould show not allowed when limit reached
[22m[39m[PortalService] Rate limit exceeded { ip: [32m'10.0.0.4'[39m, requests: [33m100[39m }

[90mstderr[2m | src/services/portalService.test.ts[2m > [22m[2mPortalService[2m > [22m[2mgetRateLimitStatus[2m > [22m[2mshould show not allowed when limit reached
[22m[39m[PortalService] Rate limit exceeded { ip: [32m'10.0.0.4'[39m, requests: [33m100[39m }

[90mstderr[2m | src/services/portalService.test.ts[2m > [22m[2mPortalService[2m > [22m[2mgetRateLimitStatus[2m > [22m[2mshould show not allowed when limit reached
[22m[39m[PortalService] Rate limit exceeded { ip: [32m'10.0.0.4'[39m, requests: [33m100[39m }

[90mstderr[2m | src/services/portalService.test.ts[2m > [22m[2mPortalService[2m > [22m[2mgetRateLimitStatus[2m > [22m[2mshould show not allowed when limit reached
[22m[39m[PortalService] Rate limit exceeded { ip: [32m'10.0.0.4'[39m, requests: [33m100[39m }

[90mstderr[2m | src/services/portalService.test.ts[2m > [22m[2mPortalService[2m > [22m[2mgetRateLimitStatus[2m > [22m[2mshould show not allowed when limit reached
[22m[39m[PortalService] Rate limit exceeded { ip: [32m'10.0.0.4'[39m, requests: [33m100[39m }

[90mstderr[2m | src/services/portalService.test.ts[2m > [22m[2mPortalService[2m > [22m[2mgetRateLimitStatus[2m > [22m[2mshould show not allowed when limit reached
[22m[39m[PortalService] Rate limit exceeded { ip: [32m'10.0.0.4'[39m, requests: [33m100[39m }

[90mstderr[2m | src/services/portalService.test.ts[2m > [22m[2mPortalService[2m > [22m[2mgetRateLimitStatus[2m > [22m[2mshould show not allowed when limit reached
[22m[39m[PortalService] Rate limit exceeded { ip: [32m'10.0.0.4'[39m, requests: [33m100[39m }

[90mstderr[2m | src/services/portalService.test.ts[2m > [22m[2mPortalService[2m > [22m[2mgetRateLimitStatus[2m > [22m[2mshould show not allowed when limit reached
[22m[39m[PortalService] Rate limit exceeded { ip: [32m'10.0.0.4'[39m, requests: [33m100[39m }

[90mstderr[2m | src/services/portalService.test.ts[2m > [22m[2mPortalService[2m > [22m[2mgetRateLimitStatus[2m > [22m[2mshould show not allowed when limit reached
[22m[39m[PortalService] Rate limit exceeded { ip: [32m'10.0.0.4'[39m, requests: [33m100[39m }

[90mstderr[2m | src/services/portalService.test.ts[2m > [22m[2mPortalService[2m > [22m[2mgetRateLimitStatus[2m > [22m[2mshould show not allowed when limit reached
[22m[39m[PortalService] Rate limit exceeded { ip: [32m'10.0.0.4'[39m, requests: [33m100[39m }

[90mstderr[2m | src/services/portalService.test.ts[2m > [22m[2mPortalService[2m > [22m[2mgetRateLimitStatus[2m > [22m[2mshould show not allowed when limit reached
[22m[39m[PortalService] Rate limit exceeded { ip: [32m'10.0.0.4'[39m, requests: [33m100[39m }

[90mstderr[2m | src/services/portalService.test.ts[2m > [22m[2mPortalService[2m > [22m[2mgetRateLimitStatus[2m > [22m[2mshould show not allowed when limit reached
[22m[39m[PortalService] Rate limit exceeded { ip: [32m'10.0.0.4'[39m, requests: [33m100[39m }

[90mstderr[2m | src/services/portalService.test.ts[2m > [22m[2mPortalService[2m > [22m[2mgetRateLimitStatus[2m > [22m[2mshould show not allowed when limit reached
[22m[39m[PortalService] Rate limit exceeded { ip: [32m'10.0.0.4'[39m, requests: [33m100[39m }

[90mstderr[2m | src/services/portalService.test.ts[2m > [22m[2mPortalService[2m > [22m[2mgetRateLimitStatus[2m > [22m[2mshould show not allowed when limit reached
[22m[39m[PortalService] Rate limit exceeded { ip: [32m'10.0.0.4'[39m, requests: [33m100[39m }

[90mstderr[2m | src/services/portalService.test.ts[2m > [22m[2mPortalService[2m > [22m[2mgetRateLimitStatus[2m > [22m[2mshould show not allowed when limit reached
[22m[39m[PortalService] Rate limit exceeded { ip: [32m'10.0.0.4'[39m, requests: [33m100[39m }

[90mstderr[2m | src/services/portalService.test.ts[2m > [22m[2mPortalService[2m > [22m[2mgetRateLimitStatus[2m > [22m[2mshould show not allowed when limit reached
[22m[39m[PortalService] Rate limit exceeded { ip: [32m'10.0.0.4'[39m, requests: [33m100[39m }

[90mstderr[2m | src/services/portalService.test.ts[2m > [22m[2mPortalService[2m > [22m[2mgetRateLimitStatus[2m > [22m[2mshould show not allowed when limit reached
[22m[39m[PortalService] Rate limit exceeded { ip: [32m'10.0.0.4'[39m, requests: [33m100[39m }

[90mstderr[2m | src/services/portalService.test.ts[2m > [22m[2mPortalService[2m > [22m[2mgetRateLimitStatus[2m > [22m[2mshould show not allowed when limit reached
[22m[39m[PortalService] Rate limit exceeded { ip: [32m'10.0.0.4'[39m, requests: [33m100[39m }

[90mstderr[2m | src/services/portalService.test.ts[2m > [22m[2mPortalService[2m > [22m[2mgetRateLimitStatus[2m > [22m[2mshould show not allowed when limit reached
[22m[39m[PortalService] Rate limit exceeded { ip: [32m'10.0.0.4'[39m, requests: [33m100[39m }

[90mstderr[2m | src/services/portalService.test.ts[2m > [22m[2mPortalService[2m > [22m[2mgetRateLimitStatus[2m > [22m[2mshould show not allowed when limit reached
[22m[39m[PortalService] Rate limit exceeded { ip: [32m'10.0.0.4'[39m, requests: [33m100[39m }

 [31m❯[39m src/services/portalService.test.ts [2m([22m[2m24 tests[22m[2m | [22m[31m2 failed[39m[2m)[22m[33m 1403[2mms[22m[39m
       [32m✓[39m should create a portal token with 64-character token[32m 99[2mms[22m[39m
       [32m✓[39m should set expiration to 90 days from creation[32m 40[2mms[22m[39m
       [32m✓[39m should reuse existing valid token for same invoice and email[32m 39[2mms[22m[39m
       [32m✓[39m should fail for non-existent invoice[32m 39[2mms[22m[39m
       [32m✓[39m should fail if invoice belongs to different company[32m 20[2mms[22m[39m
       [32m✓[39m should validate a valid token[32m 50[2mms[22m[39m
       [32m✓[39m should increment access count on validation[32m 58[2mms[22m[39m
       [32m✓[39m should update last_accessed_at timestamp[32m 40[2mms[22m[39m
       [32m✓[39m should fail for non-existent token[32m 22[2mms[22m[39m
       [32m✓[39m should fail for expired token[32m 63[2mms[22m[39m
       [32m✓[39m should fail for revoked token[32m 30[2mms[22m[39m
[31m       [31m×[31m should enforce rate limiting at 100 requests/hour[39m[32m 284[2mms[22m[39m
       [32m✓[39m should revoke a token[32m 23[2mms[22m[39m
       [32m✓[39m should be idempotent (revoking twice is safe)[32m 25[2mms[22m[39m
       [32m✓[39m should fail for non-existent token[32m 23[2mms[22m[39m
       [32m✓[39m should get all tokens for an invoice[32m 26[2mms[22m[39m
       [32m✓[39m should not return deleted tokens[32m 29[2mms[22m[39m
       [32m✓[39m should delete expired tokens[32m 30[2mms[22m[39m
       [32m✓[39m should not delete valid tokens[32m 22[2mms[22m[39m
       [32m✓[39m should generate a valid URL[32m 16[2mms[22m[39m
       [32m✓[39m should use window.location.origin by default[32m 33[2mms[22m[39m
       [32m✓[39m should return correct status for new IP[32m 31[2mms[22m[39m
[31m       [31m×[31m should track remaining requests[39m[32m 77[2mms[22m[39m
       [32m✓[39m should show not allowed when limit reached[32m 277[2mms[22m[39m
[90mstdout[2m | src/services/auditLogExtended.perf.test.ts[2m > [22m[2mExtended Audit Log Performance Tests
[22m[39m  Seeded 31000/100000 entries...

 [31m❯[39m src/components/dashboard/RevenueExpensesChart.test.tsx [2m([22m[2m42 tests[22m[2m | [22m[31m21 failed[39m[2m)[22m[33m 985[2mms[22m[39m
       [32m✓[39m should render chart title[32m 165[2mms[22m[39m
[31m       [31m×[31m should render bar chart[39m[32m 44[2mms[22m[39m
[31m       [31m×[31m should render legend for revenue and expenses[39m[32m 30[2mms[22m[39m
       [32m✓[39m should show custom period if provided[32m 16[2mms[22m[39m
       [32m✓[39m should show default period if not provided[32m 21[2mms[22m[39m
       [32m✓[39m should show loading skeleton when loading[32m 167[2mms[22m[39m
       [32m✓[39m should not show chart when loading[32m 8[2mms[22m[39m
       [32m✓[39m should have aria-live region when loading[32m 20[2mms[22m[39m
       [32m✓[39m should show empty state when no data[32m 7[2mms[22m[39m
       [32m✓[39m should render chart container even with empty data[32m 7[2mms[22m[39m
[31m       [31m×[31m should display bars for revenue[39m[32m 17[2mms[22m[39m
[31m       [31m×[31m should display bars for expenses[39m[32m 16[2mms[22m[39m
[31m       [31m×[31m should handle single data point[39m[32m 22[2mms[22m[39m
[31m       [31m×[31m should handle varying data ranges[39m[32m 14[2mms[22m[39m
[31m       [31m×[31m should render tooltip on hover[39m[32m 14[2mms[22m[39m
[31m       [31m×[31m should format tooltip values as currency[39m[32m 15[2mms[22m[39m
[31m       [31m×[31m should handle large numbers[39m[32m 13[2mms[22m[39m
[31m       [31m×[31m should handle zero values[39m[32m 14[2mms[22m[39m
[31m       [31m×[31m should handle decimal values[39m[32m 14[2mms[22m[39m
[31m       [31m×[31m should format dates on x-axis[39m[32m 13[2mms[22m[39m
[31m       [31m×[31m should format currency on y-axis[39m[32m 18[2mms[22m[39m
       [32m✓[39m should show profit indicator when revenue > expenses[32m 12[2mms[22m[39m
       [32m✓[39m should show loss indicator when expenses > revenue[32m 12[2mms[22m[39m
[31m       [31m×[31m should calculate net profit/loss for period[39m[32m 33[2mms[22m[39m
       [32m✓[39m should render responsive container[32m 12[2mms[22m[39m
[31m       [31m×[31m should maintain aspect ratio[39m[32m 13[2mms[22m[39m
       [32m✓[39m should have accessible heading[32m 49[2mms[22m[39m
       [32m✓[39m should have aria-label for chart[32m 11[2mms[22m[39m
       [32m✓[39m should provide text alternative for chart data[32m 16[2mms[22m[39m
[31m       [31m×[31m should hide decorative elements from screen readers[39m[32m 11[2mms[22m[39m
[31m       [31m×[31m should use distinct colors for revenue and expenses[39m[32m 13[2mms[22m[39m
[31m       [31m×[31m should maintain color consistency in legend[39m[32m 13[2mms[22m[39m
       [32m✓[39m should handle all zero data[32m 5[2mms[22m[39m
[31m       [31m×[31m should handle very long time periods[39m[32m 11[2mms[22m[39m
[31m       [31m×[31m should handle negative values gracefully[39m[32m 9[2mms[22m[39m
[31m       [31m×[31m should handle mixed date formats[39m[32m 11[2mms[22m[39m
       [32m✓[39m should accept custom className[32m 9[2mms[22m[39m
       [32m✓[39m should render complete chart with all features[32m 16[2mms[22m[39m
       [32m✓[39m should handle transition from loading to loaded[32m 22[2mms[22m[39m
       [32m✓[39m should update when data changes[32m 18[2mms[22m[39m
       [32m✓[39m should show upward trend indicator when revenue increasing[32m 11[2mms[22m[39m
       [32m✓[39m should show downward trend indicator when revenue decreasing[32m 15[2mms[22m[39m
[90mstdout[2m | src/services/portalPaymentIntegration.test.ts[2m > [22m[2mPortal and Payment Integration[2m > [22m[2mComplete Payment Flow[2m > [22m[2mshould complete full payment flow from portal link to payment
[22m[39m[PortalService] Created portal token {
  tokenId: [32m'HSx0dIMDxQVR14KZ92L7P'[39m,
  invoiceId: [32m'hMLx5ukfaxdMXPXzECL3l'[39m,
  email: [32m'customer@example.com'[39m
}

[90mstdout[2m | src/services/portalPaymentIntegration.test.ts[2m > [22m[2mPortal and Payment Integration[2m > [22m[2mComplete Payment Flow[2m > [22m[2mshould complete full payment flow from portal link to payment
[22m[39m[PortalService] Token validated successfully {
  tokenId: [32m'HSx0dIMDxQVR14KZ92L7P'[39m,
  invoiceId: [32m'hMLx5ukfaxdMXPXzECL3l'[39m,
  accessCount: [33m1[39m
}

[90mstdout[2m | src/services/portalPaymentIntegration.test.ts[2m > [22m[2mPortal and Payment Integration[2m > [22m[2mComplete Payment Flow[2m > [22m[2mshould complete full payment flow from portal link to payment
[22m[39m[PaymentGateway] Created Stripe payment intent (mock) {
  paymentId: [32m'uzr4Uy68FbuhQ2UYqJ76M'[39m,
  amount: [32m'110.00'[39m,
  currency: [32m'USD'[39m
}

[90mstdout[2m | src/services/portalPaymentIntegration.test.ts[2m > [22m[2mPortal and Payment Integration[2m > [22m[2mComplete Payment Flow[2m > [22m[2mshould complete full payment flow from portal link to payment
[22m[39m[PaymentGateway] Payment confirmed successfully {
  paymentId: [32m'uzr4Uy68FbuhQ2UYqJ76M'[39m,
  invoiceId: [32m'hMLx5ukfaxdMXPXzECL3l'[39m,
  amount: [32m'110.00'[39m
}

[90mstdout[2m | src/services/portalPaymentIntegration.test.ts[2m > [22m[2mPortal and Payment Integration[2m > [22m[2mComplete Payment Flow[2m > [22m[2mshould handle failed payment without marking invoice as paid
[22m[39m[PortalService] Created portal token {
  tokenId: [32m'yLUqXgwQBwuU-Q10riw8l'[39m,
  invoiceId: [32m'xwqSLFj8u5re971cqXdVD'[39m,
  email: [32m'customer@example.com'[39m
}

[90mstdout[2m | src/services/portalPaymentIntegration.test.ts[2m > [22m[2mPortal and Payment Integration[2m > [22m[2mComplete Payment Flow[2m > [22m[2mshould handle failed payment without marking invoice as paid
[22m[39m[PortalService] Token validated successfully {
  tokenId: [32m'yLUqXgwQBwuU-Q10riw8l'[39m,
  invoiceId: [32m'xwqSLFj8u5re971cqXdVD'[39m,
  accessCount: [33m1[39m
}

[90mstdout[2m | src/services/portalPaymentIntegration.test.ts[2m > [22m[2mPortal and Payment Integration[2m > [22m[2mComplete Payment Flow[2m > [22m[2mshould handle failed payment without marking invoice as paid
[22m[39m[PaymentGateway] Created Stripe payment intent (mock) {
  paymentId: [32m'YaT_gXtMlb2B4sSBoavAo'[39m,
  amount: [32m'110.00'[39m,
  currency: [32m'USD'[39m
}

[90mstdout[2m | src/services/portalPaymentIntegration.test.ts[2m > [22m[2mPortal and Payment Integration[2m > [22m[2mComplete Payment Flow[2m > [22m[2mshould allow multiple payment attempts for same invoice
[22m[39m[PortalService] Created portal token {
  tokenId: [32m'4z3cwaN9BpAV_f-vgUFB0'[39m,
  invoiceId: [32m'DNy_PtqI_agp1tJLi_041'[39m,
  email: [32m'customer@example.com'[39m
}

[90mstdout[2m | src/services/portalPaymentIntegration.test.ts[2m > [22m[2mPortal and Payment Integration[2m > [22m[2mComplete Payment Flow[2m > [22m[2mshould allow multiple payment attempts for same invoice
[22m[39m[PaymentGateway] Created Stripe payment intent (mock) {
  paymentId: [32m'm0qX-xbadjS_FVV7EUxZz'[39m,
  amount: [32m'110.00'[39m,
  currency: [32m'USD'[39m
}

[90mstdout[2m | src/services/portalPaymentIntegration.test.ts[2m > [22m[2mPortal and Payment Integration[2m > [22m[2mComplete Payment Flow[2m > [22m[2mshould allow multiple payment attempts for same invoice
[22m[39m[PaymentGateway] Created Stripe payment intent (mock) {
  paymentId: [32m'-oEzKja0suhDFjFb9Iy8x'[39m,
  amount: [32m'110.00'[39m,
  currency: [32m'USD'[39m
}

[90mstdout[2m | src/services/portalPaymentIntegration.test.ts[2m > [22m[2mPortal and Payment Integration[2m > [22m[2mComplete Payment Flow[2m > [22m[2mshould allow multiple payment attempts for same invoice
[22m[39m[PaymentGateway] Payment confirmed successfully {
  paymentId: [32m'-oEzKja0suhDFjFb9Iy8x'[39m,
  invoiceId: [32m'DNy_PtqI_agp1tJLi_041'[39m,
  amount: [32m'110.00'[39m
}

[90mstdout[2m | src/services/portalPaymentIntegration.test.ts[2m > [22m[2mPortal and Payment Integration[2m > [22m[2mComplete Payment Flow[2m > [22m[2mshould track portal token access during payment flow
[22m[39m[PortalService] Created portal token {
  tokenId: [32m'i-lMD1oiuubBcro5aLA7T'[39m,
  invoiceId: [32m'IDne2cmaiH54DXp0UzMHc'[39m,
  email: [32m'customer@example.com'[39m
}

[90mstdout[2m | src/services/portalPaymentIntegration.test.ts[2m > [22m[2mPortal and Payment Integration[2m > [22m[2mComplete Payment Flow[2m > [22m[2mshould track portal token access during payment flow
[22m[39m[PortalService] Token validated successfully {
  tokenId: [32m'i-lMD1oiuubBcro5aLA7T'[39m,
  invoiceId: [32m'IDne2cmaiH54DXp0UzMHc'[39m,
  accessCount: [33m1[39m
}

[90mstdout[2m | src/services/portalPaymentIntegration.test.ts[2m > [22m[2mPortal and Payment Integration[2m > [22m[2mComplete Payment Flow[2m > [22m[2mshould track portal token access during payment flow
[22m[39m[PortalService] Token validated successfully {
  tokenId: [32m'i-lMD1oiuubBcro5aLA7T'[39m,
  invoiceId: [32m'IDne2cmaiH54DXp0UzMHc'[39m,
  accessCount: [33m2[39m
}

[90mstdout[2m | src/services/portalPaymentIntegration.test.ts[2m > [22m[2mPortal and Payment Integration[2m > [22m[2mComplete Payment Flow[2m > [22m[2mshould track portal token access during payment flow
[22m[39m[PortalService] Token validated successfully {
  tokenId: [32m'i-lMD1oiuubBcro5aLA7T'[39m,
  invoiceId: [32m'IDne2cmaiH54DXp0UzMHc'[39m,
  accessCount: [33m3[39m
}

[90mstdout[2m | src/services/portalPaymentIntegration.test.ts[2m > [22m[2mPortal and Payment Integration[2m > [22m[2mComplete Payment Flow[2m > [22m[2mshould track portal token access during payment flow
[22m[39m[PaymentGateway] Created Stripe payment intent (mock) {
  paymentId: [32m'GhBYtSVgeGts1ilMT8SD3'[39m,
  amount: [32m'110.00'[39m,
  currency: [32m'USD'[39m
}

[90mstdout[2m | src/services/portalPaymentIntegration.test.ts[2m > [22m[2mPortal and Payment Integration[2m > [22m[2mComplete Payment Flow[2m > [22m[2mshould track portal token access during payment flow
[22m[39m[PaymentGateway] Payment confirmed successfully {
  paymentId: [32m'GhBYtSVgeGts1ilMT8SD3'[39m,
  invoiceId: [32m'IDne2cmaiH54DXp0UzMHc'[39m,
  amount: [32m'110.00'[39m
}

[90mstdout[2m | src/services/portalPaymentIntegration.test.ts[2m > [22m[2mPortal and Payment Integration[2m > [22m[2mComplete Payment Flow[2m > [22m[2mshould prevent payment with expired portal token
[22m[39m[PortalService] Created portal token {
  tokenId: [32m'hpo2JBAx1QHQpou-lZsOY'[39m,
  invoiceId: [32m'dk6E7vPR-DYjLee0GSKio'[39m,
  email: [32m'customer@example.com'[39m
}

[90mstderr[2m | src/services/portalPaymentIntegration.test.ts[2m > [22m[2mPortal and Payment Integration[2m > [22m[2mComplete Payment Flow[2m > [22m[2mshould prevent payment with expired portal token
[22m[39m[PortalService] Token is invalid {
  tokenId: [32m'hpo2JBAx1QHQpou-lZsOY'[39m,
  expired: [33mtrue[39m,
  revoked: [33mfalse[39m,
  deleted: [33mfalse[39m
}

[90mstdout[2m | src/services/portalPaymentIntegration.test.ts[2m > [22m[2mPortal and Payment Integration[2m > [22m[2mComplete Payment Flow[2m > [22m[2mshould prevent payment with revoked portal token
[22m[39m[PortalService] Created portal token {
  tokenId: [32m'YvFlRNYy-LSSEvq2sYZQ-'[39m,
  invoiceId: [32m'dN_EvjlkdCXnhVwzlnGDF'[39m,
  email: [32m'customer@example.com'[39m
}

[90mstderr[2m | src/services/portalPaymentIntegration.test.ts[2m > [22m[2mPortal and Payment Integration[2m > [22m[2mComplete Payment Flow[2m > [22m[2mshould prevent payment with revoked portal token
[22m[39m[PortalService] Token is invalid {
  tokenId: [32m'YvFlRNYy-LSSEvq2sYZQ-'[39m,
  expired: [33mfalse[39m,
  revoked: [33mtrue[39m,
  deleted: [33mfalse[39m
}

[90mstdout[2m | src/services/portalPaymentIntegration.test.ts[2m > [22m[2mPortal and Payment Integration[2m > [22m[2mComplete Payment Flow[2m > [22m[2mshould handle payment for already paid invoice gracefully
[22m[39m[PortalService] Created portal token {
  tokenId: [32m'8f3XHlT1na48nm3xckSDW'[39m,
  invoiceId: [32m'Jwi7tZf43jZ0uAUQOLT8l'[39m,
  email: [32m'customer@example.com'[39m
}

[90mstdout[2m | src/services/portalPaymentIntegration.test.ts[2m > [22m[2mPortal and Payment Integration[2m > [22m[2mComplete Payment Flow[2m > [22m[2mshould handle payment for already paid invoice gracefully
[22m[39m[PaymentGateway] Created Stripe payment intent (mock) {
  paymentId: [32m'gvbi_meu2t4K5eAsu_Iju'[39m,
  amount: [32m'110.00'[39m,
  currency: [32m'USD'[39m
}

[90mstdout[2m | src/services/portalPaymentIntegration.test.ts[2m > [22m[2mPortal and Payment Integration[2m > [22m[2mComplete Payment Flow[2m > [22m[2mshould handle payment for already paid invoice gracefully
[22m[39m[PaymentGateway] Payment confirmed successfully {
  paymentId: [32m'gvbi_meu2t4K5eAsu_Iju'[39m,
  invoiceId: [32m'Jwi7tZf43jZ0uAUQOLT8l'[39m,
  amount: [32m'110.00'[39m
}

[90mstdout[2m | src/services/portalPaymentIntegration.test.ts[2m > [22m[2mPortal and Payment Integration[2m > [22m[2mRate Limiting Integration[2m > [22m[2mshould rate limit excessive portal access attempts
[22m[39m[PortalService] Created portal token {
  tokenId: [32m'0XdjmASEtEchr0CnL2Moj'[39m,
  invoiceId: [32m'4j3vtZC3HzvfxP9o9A-FW'[39m,
  email: [32m'customer@example.com'[39m
}

[90mstdout[2m | src/services/portalPaymentIntegration.test.ts[2m > [22m[2mPortal and Payment Integration[2m > [22m[2mRate Limiting Integration[2m > [22m[2mshould rate limit excessive portal access attempts
[22m[39m[PortalService] Token validated successfully {
  tokenId: [32m'0XdjmASEtEchr0CnL2Moj'[39m,
  invoiceId: [32m'4j3vtZC3HzvfxP9o9A-FW'[39m,
  accessCount: [33m1[39m
}

[90mstdout[2m | src/services/portalPaymentIntegration.test.ts[2m > [22m[2mPortal and Payment Integration[2m > [22m[2mRate Limiting Integration[2m > [22m[2mshould rate limit excessive portal access attempts
[22m[39m[PortalService] Token validated successfully {
  tokenId: [32m'0XdjmASEtEchr0CnL2Moj'[39m,
  invoiceId: [32m'4j3vtZC3HzvfxP9o9A-FW'[39m,
  accessCount: [33m2[39m
}

[90mstdout[2m | src/services/portalPaymentIntegration.test.ts[2m > [22m[2mPortal and Payment Integration[2m > [22m[2mRate Limiting Integration[2m > [22m[2mshould rate limit excessive portal access attempts
[22m[39m[PortalService] Token validated successfully {
  tokenId: [32m'0XdjmASEtEchr0CnL2Moj'[39m,
  invoiceId: [32m'4j3vtZC3HzvfxP9o9A-FW'[39m,
  accessCount: [33m3[39m
}

[90mstdout[2m | src/services/portalPaymentIntegration.test.ts[2m > [22m[2mPortal and Payment Integration[2m > [22m[2mRate Limiting Integration[2m > [22m[2mshould rate limit excessive portal access attempts
[22m[39m[PortalService] Token validated successfully {
  tokenId: [32m'0XdjmASEtEchr0CnL2Moj'[39m,
  invoiceId: [32m'4j3vtZC3HzvfxP9o9A-FW'[39m,
  accessCount: [33m4[39m
}

[90mstdout[2m | src/services/portalPaymentIntegration.test.ts[2m > [22m[2mPortal and Payment Integration[2m > [22m[2mRate Limiting Integration[2m > [22m[2mshould rate limit excessive portal access attempts
[22m[39m[PortalService] Token validated successfully {
  tokenId: [32m'0XdjmASEtEchr0CnL2Moj'[39m,
  invoiceId: [32m'4j3vtZC3HzvfxP9o9A-FW'[39m,
  accessCount: [33m5[39m
}

[90mstdout[2m | src/services/portalPaymentIntegration.test.ts[2m > [22m[2mPortal and Payment Integration[2m > [22m[2mRate Limiting Integration[2m > [22m[2mshould rate limit excessive portal access attempts
[22m[39m[PortalService] Token validated successfully {
  tokenId: [32m'0XdjmASEtEchr0CnL2Moj'[39m,
  invoiceId: [32m'4j3vtZC3HzvfxP9o9A-FW'[39m,
  accessCount: [33m6[39m
}

[90mstdout[2m | src/services/portalPaymentIntegration.test.ts[2m > [22m[2mPortal and Payment Integration[2m > [22m[2mRate Limiting Integration[2m > [22m[2mshould rate limit excessive portal access attempts
[22m[39m[PortalService] Token validated successfully {
  tokenId: [32m'0XdjmASEtEchr0CnL2Moj'[39m,
  invoiceId: [32m'4j3vtZC3HzvfxP9o9A-FW'[39m,
  accessCount: [33m7[39m
}

[90mstdout[2m | src/services/portalPaymentIntegration.test.ts[2m > [22m[2mPortal and Payment Integration[2m > [22m[2mRate Limiting Integration[2m > [22m[2mshould rate limit excessive portal access attempts
[22m[39m[PortalService] Token validated successfully {
  tokenId: [32m'0XdjmASEtEchr0CnL2Moj'[39m,
  invoiceId: [32m'4j3vtZC3HzvfxP9o9A-FW'[39m,
  accessCount: [33m8[39m
}

[90mstdout[2m | src/services/portalPaymentIntegration.test.ts[2m > [22m[2mPortal and Payment Integration[2m > [22m[2mRate Limiting Integration[2m > [22m[2mshould rate limit excessive portal access attempts
[22m[39m[PortalService] Token validated successfully {
  tokenId: [32m'0XdjmASEtEchr0CnL2Moj'[39m,
  invoiceId: [32m'4j3vtZC3HzvfxP9o9A-FW'[39m,
  accessCount: [33m9[39m
}

[90mstdout[2m | src/services/portalPaymentIntegration.test.ts[2m > [22m[2mPortal and Payment Integration[2m > [22m[2mRate Limiting Integration[2m > [22m[2mshould rate limit excessive portal access attempts
[22m[39m[PortalService] Token validated successfully {
  tokenId: [32m'0XdjmASEtEchr0CnL2Moj'[39m,
  invoiceId: [32m'4j3vtZC3HzvfxP9o9A-FW'[39m,
  accessCount: [33m10[39m
}

[90mstdout[2m | src/services/portalPaymentIntegration.test.ts[2m > [22m[2mPortal and Payment Integration[2m > [22m[2mRate Limiting Integration[2m > [22m[2mshould rate limit excessive portal access attempts
[22m[39m[PortalService] Token validated successfully {
  tokenId: [32m'0XdjmASEtEchr0CnL2Moj'[39m,
  invoiceId: [32m'4j3vtZC3HzvfxP9o9A-FW'[39m,
  accessCount: [33m11[39m
}

[90mstdout[2m | src/services/portalPaymentIntegration.test.ts[2m > [22m[2mPortal and Payment Integration[2m > [22m[2mRate Limiting Integration[2m > [22m[2mshould rate limit excessive portal access attempts
[22m[39m[PortalService] Token validated successfully {
  tokenId: [32m'0XdjmASEtEchr0CnL2Moj'[39m,
  invoiceId: [32m'4j3vtZC3HzvfxP9o9A-FW'[39m,
  accessCount: [33m12[39m
}

[90mstdout[2m | src/services/portalPaymentIntegration.test.ts[2m > [22m[2mPortal and Payment Integration[2m > [22m[2mRate Limiting Integration[2m > [22m[2mshould rate limit excessive portal access attempts
[22m[39m[PortalService] Token validated successfully {
  tokenId: [32m'0XdjmASEtEchr0CnL2Moj'[39m,
  invoiceId: [32m'4j3vtZC3HzvfxP9o9A-FW'[39m,
  accessCount: [33m13[39m
}

[90mstdout[2m | src/services/portalPaymentIntegration.test.ts[2m > [22m[2mPortal and Payment Integration[2m > [22m[2mRate Limiting Integration[2m > [22m[2mshould rate limit excessive portal access attempts
[22m[39m[PortalService] Token validated successfully {
  tokenId: [32m'0XdjmASEtEchr0CnL2Moj'[39m,
  invoiceId: [32m'4j3vtZC3HzvfxP9o9A-FW'[39m,
  accessCount: [33m14[39m
}

[90mstdout[2m | src/services/portalPaymentIntegration.test.ts[2m > [22m[2mPortal and Payment Integration[2m > [22m[2mRate Limiting Integration[2m > [22m[2mshould rate limit excessive portal access attempts
[22m[39m[PortalService] Token validated successfully {
  tokenId: [32m'0XdjmASEtEchr0CnL2Moj'[39m,
  invoiceId: [32m'4j3vtZC3HzvfxP9o9A-FW'[39m,
  accessCount: [33m15[39m
}

[90mstdout[2m | src/services/portalPaymentIntegration.test.ts[2m > [22m[2mPortal and Payment Integration[2m > [22m[2mRate Limiting Integration[2m > [22m[2mshould rate limit excessive portal access attempts
[22m[39m[PortalService] Token validated successfully {
  tokenId: [32m'0XdjmASEtEchr0CnL2Moj'[39m,
  invoiceId: [32m'4j3vtZC3HzvfxP9o9A-FW'[39m,
  accessCount: [33m16[39m
}

[90mstdout[2m | src/services/portalPaymentIntegration.test.ts[2m > [22m[2mPortal and Payment Integration[2m > [22m[2mRate Limiting Integration[2m > [22m[2mshould rate limit excessive portal access attempts
[22m[39m[PortalService] Token validated successfully {
  tokenId: [32m'0XdjmASEtEchr0CnL2Moj'[39m,
  invoiceId: [32m'4j3vtZC3HzvfxP9o9A-FW'[39m,
  accessCount: [33m17[39m
}

[90mstdout[2m | src/services/portalPaymentIntegration.test.ts[2m > [22m[2mPortal and Payment Integration[2m > [22m[2mRate Limiting Integration[2m > [22m[2mshould rate limit excessive portal access attempts
[22m[39m[PortalService] Token validated successfully {
  tokenId: [32m'0XdjmASEtEchr0CnL2Moj'[39m,
  invoiceId: [32m'4j3vtZC3HzvfxP9o9A-FW'[39m,
  accessCount: [33m18[39m
}

[90mstdout[2m | src/services/portalPaymentIntegration.test.ts[2m > [22m[2mPortal and Payment Integration[2m > [22m[2mRate Limiting Integration[2m > [22m[2mshould rate limit excessive portal access attempts
[22m[39m[PortalService] Token validated successfully {
  tokenId: [32m'0XdjmASEtEchr0CnL2Moj'[39m,
  invoiceId: [32m'4j3vtZC3HzvfxP9o9A-FW'[39m,
  accessCount: [33m19[39m
}

[90mstdout[2m | src/services/portalPaymentIntegration.test.ts[2m > [22m[2mPortal and Payment Integration[2m > [22m[2mRate Limiting Integration[2m > [22m[2mshould rate limit excessive portal access attempts
[22m[39m[PortalService] Token validated successfully {
  tokenId: [32m'0XdjmASEtEchr0CnL2Moj'[39m,
  invoiceId: [32m'4j3vtZC3HzvfxP9o9A-FW'[39m,
  accessCount: [33m20[39m
}

[90mstdout[2m | src/services/portalPaymentIntegration.test.ts[2m > [22m[2mPortal and Payment Integration[2m > [22m[2mRate Limiting Integration[2m > [22m[2mshould rate limit excessive portal access attempts
[22m[39m[PortalService] Token validated successfully {
  tokenId: [32m'0XdjmASEtEchr0CnL2Moj'[39m,
  invoiceId: [32m'4j3vtZC3HzvfxP9o9A-FW'[39m,
  accessCount: [33m21[39m
}

[90mstdout[2m | src/services/portalPaymentIntegration.test.ts[2m > [22m[2mPortal and Payment Integration[2m > [22m[2mRate Limiting Integration[2m > [22m[2mshould rate limit excessive portal access attempts
[22m[39m[PortalService] Token validated successfully {
  tokenId: [32m'0XdjmASEtEchr0CnL2Moj'[39m,
  invoiceId: [32m'4j3vtZC3HzvfxP9o9A-FW'[39m,
  accessCount: [33m22[39m
}

[90mstdout[2m | src/services/portalPaymentIntegration.test.ts[2m > [22m[2mPortal and Payment Integration[2m > [22m[2mRate Limiting Integration[2m > [22m[2mshould rate limit excessive portal access attempts
[22m[39m[PortalService] Token validated successfully {
  tokenId: [32m'0XdjmASEtEchr0CnL2Moj'[39m,
  invoiceId: [32m'4j3vtZC3HzvfxP9o9A-FW'[39m,
  accessCount: [33m23[39m
}

[90mstdout[2m | src/services/portalPaymentIntegration.test.ts[2m > [22m[2mPortal and Payment Integration[2m > [22m[2mRate Limiting Integration[2m > [22m[2mshould rate limit excessive portal access attempts
[22m[39m[PortalService] Token validated successfully {
  tokenId: [32m'0XdjmASEtEchr0CnL2Moj'[39m,
  invoiceId: [32m'4j3vtZC3HzvfxP9o9A-FW'[39m,
  accessCount: [33m24[39m
}

[90mstdout[2m | src/services/portalPaymentIntegration.test.ts[2m > [22m[2mPortal and Payment Integration[2m > [22m[2mRate Limiting Integration[2m > [22m[2mshould rate limit excessive portal access attempts
[22m[39m[PortalService] Token validated successfully {
  tokenId: [32m'0XdjmASEtEchr0CnL2Moj'[39m,
  invoiceId: [32m'4j3vtZC3HzvfxP9o9A-FW'[39m,
  accessCount: [33m25[39m
}

[90mstdout[2m | src/services/portalPaymentIntegration.test.ts[2m > [22m[2mPortal and Payment Integration[2m > [22m[2mRate Limiting Integration[2m > [22m[2mshould rate limit excessive portal access attempts
[22m[39m[PortalService] Token validated successfully {
  tokenId: [32m'0XdjmASEtEchr0CnL2Moj'[39m,
  invoiceId: [32m'4j3vtZC3HzvfxP9o9A-FW'[39m,
  accessCount: [33m26[39m
}

[90mstdout[2m | src/services/portalPaymentIntegration.test.ts[2m > [22m[2mPortal and Payment Integration[2m > [22m[2mRate Limiting Integration[2m > [22m[2mshould rate limit excessive portal access attempts
[22m[39m[PortalService] Token validated successfully {
  tokenId: [32m'0XdjmASEtEchr0CnL2Moj'[39m,
  invoiceId: [32m'4j3vtZC3HzvfxP9o9A-FW'[39m,
  accessCount: [33m27[39m
}

[90mstdout[2m | src/services/portalPaymentIntegration.test.ts[2m > [22m[2mPortal and Payment Integration[2m > [22m[2mRate Limiting Integration[2m > [22m[2mshould rate limit excessive portal access attempts
[22m[39m[PortalService] Token validated successfully {
  tokenId: [32m'0XdjmASEtEchr0CnL2Moj'[39m,
  invoiceId: [32m'4j3vtZC3HzvfxP9o9A-FW'[39m,
  accessCount: [33m28[39m
}

[90mstdout[2m | src/services/portalPaymentIntegration.test.ts[2m > [22m[2mPortal and Payment Integration[2m > [22m[2mRate Limiting Integration[2m > [22m[2mshould rate limit excessive portal access attempts
[22m[39m[PortalService] Token validated successfully {
  tokenId: [32m'0XdjmASEtEchr0CnL2Moj'[39m,
  invoiceId: [32m'4j3vtZC3HzvfxP9o9A-FW'[39m,
  accessCount: [33m29[39m
}

[90mstdout[2m | src/services/portalPaymentIntegration.test.ts[2m > [22m[2mPortal and Payment Integration[2m > [22m[2mRate Limiting Integration[2m > [22m[2mshould rate limit excessive portal access attempts
[22m[39m[PortalService] Token validated successfully {
  tokenId: [32m'0XdjmASEtEchr0CnL2Moj'[39m,
  invoiceId: [32m'4j3vtZC3HzvfxP9o9A-FW'[39m,
  accessCount: [33m30[39m
}

[90mstdout[2m | src/services/portalPaymentIntegration.test.ts[2m > [22m[2mPortal and Payment Integration[2m > [22m[2mRate Limiting Integration[2m > [22m[2mshould rate limit excessive portal access attempts
[22m[39m[PortalService] Token validated successfully {
  tokenId: [32m'0XdjmASEtEchr0CnL2Moj'[39m,
  invoiceId: [32m'4j3vtZC3HzvfxP9o9A-FW'[39m,
  accessCount: [33m31[39m
}

[90mstdout[2m | src/services/portalPaymentIntegration.test.ts[2m > [22m[2mPortal and Payment Integration[2m > [22m[2mRate Limiting Integration[2m > [22m[2mshould rate limit excessive portal access attempts
[22m[39m[PortalService] Token validated successfully {
  tokenId: [32m'0XdjmASEtEchr0CnL2Moj'[39m,
  invoiceId: [32m'4j3vtZC3HzvfxP9o9A-FW'[39m,
  accessCount: [33m32[39m
}

[90mstdout[2m | src/services/portalPaymentIntegration.test.ts[2m > [22m[2mPortal and Payment Integration[2m > [22m[2mRate Limiting Integration[2m > [22m[2mshould rate limit excessive portal access attempts
[22m[39m[PortalService] Token validated successfully {
  tokenId: [32m'0XdjmASEtEchr0CnL2Moj'[39m,
  invoiceId: [32m'4j3vtZC3HzvfxP9o9A-FW'[39m,
  accessCount: [33m33[39m
}

[90mstdout[2m | src/services/portalPaymentIntegration.test.ts[2m > [22m[2mPortal and Payment Integration[2m > [22m[2mRate Limiting Integration[2m > [22m[2mshould rate limit excessive portal access attempts
[22m[39m[PortalService] Token validated successfully {
  tokenId: [32m'0XdjmASEtEchr0CnL2Moj'[39m,
  invoiceId: [32m'4j3vtZC3HzvfxP9o9A-FW'[39m,
  accessCount: [33m34[39m
}

[90mstdout[2m | src/services/portalPaymentIntegration.test.ts[2m > [22m[2mPortal and Payment Integration[2m > [22m[2mRate Limiting Integration[2m > [22m[2mshould rate limit excessive portal access attempts
[22m[39m[PortalService] Token validated successfully {
  tokenId: [32m'0XdjmASEtEchr0CnL2Moj'[39m,
  invoiceId: [32m'4j3vtZC3HzvfxP9o9A-FW'[39m,
  accessCount: [33m35[39m
}

[90mstdout[2m | src/services/portalPaymentIntegration.test.ts[2m > [22m[2mPortal and Payment Integration[2m > [22m[2mRate Limiting Integration[2m > [22m[2mshould rate limit excessive portal access attempts
[22m[39m[PortalService] Token validated successfully {
  tokenId: [32m'0XdjmASEtEchr0CnL2Moj'[39m,
  invoiceId: [32m'4j3vtZC3HzvfxP9o9A-FW'[39m,
  accessCount: [33m36[39m
}

[90mstdout[2m | src/services/portalPaymentIntegration.test.ts[2m > [22m[2mPortal and Payment Integration[2m > [22m[2mRate Limiting Integration[2m > [22m[2mshould rate limit excessive portal access attempts
[22m[39m[PortalService] Token validated successfully {
  tokenId: [32m'0XdjmASEtEchr0CnL2Moj'[39m,
  invoiceId: [32m'4j3vtZC3HzvfxP9o9A-FW'[39m,
  accessCount: [33m37[39m
}

[90mstdout[2m | src/services/portalPaymentIntegration.test.ts[2m > [22m[2mPortal and Payment Integration[2m > [22m[2mRate Limiting Integration[2m > [22m[2mshould rate limit excessive portal access attempts
[22m[39m[PortalService] Token validated successfully {
  tokenId: [32m'0XdjmASEtEchr0CnL2Moj'[39m,
  invoiceId: [32m'4j3vtZC3HzvfxP9o9A-FW'[39m,
  accessCount: [33m38[39m
}

[90mstdout[2m | src/services/portalPaymentIntegration.test.ts[2m > [22m[2mPortal and Payment Integration[2m > [22m[2mRate Limiting Integration[2m > [22m[2mshould rate limit excessive portal access attempts
[22m[39m[PortalService] Token validated successfully {
  tokenId: [32m'0XdjmASEtEchr0CnL2Moj'[39m,
  invoiceId: [32m'4j3vtZC3HzvfxP9o9A-FW'[39m,
  accessCount: [33m39[39m
}

[90mstdout[2m | src/services/portalPaymentIntegration.test.ts[2m > [22m[2mPortal and Payment Integration[2m > [22m[2mRate Limiting Integration[2m > [22m[2mshould rate limit excessive portal access attempts
[22m[39m[PortalService] Token validated successfully {
  tokenId: [32m'0XdjmASEtEchr0CnL2Moj'[39m,
  invoiceId: [32m'4j3vtZC3HzvfxP9o9A-FW'[39m,
  accessCount: [33m40[39m
}

[90mstdout[2m | src/services/portalPaymentIntegration.test.ts[2m > [22m[2mPortal and Payment Integration[2m > [22m[2mRate Limiting Integration[2m > [22m[2mshould rate limit excessive portal access attempts
[22m[39m[PortalService] Token validated successfully {
  tokenId: [32m'0XdjmASEtEchr0CnL2Moj'[39m,
  invoiceId: [32m'4j3vtZC3HzvfxP9o9A-FW'[39m,
  accessCount: [33m41[39m
}

[90mstdout[2m | src/services/portalPaymentIntegration.test.ts[2m > [22m[2mPortal and Payment Integration[2m > [22m[2mRate Limiting Integration[2m > [22m[2mshould rate limit excessive portal access attempts
[22m[39m[PortalService] Token validated successfully {
  tokenId: [32m'0XdjmASEtEchr0CnL2Moj'[39m,
  invoiceId: [32m'4j3vtZC3HzvfxP9o9A-FW'[39m,
  accessCount: [33m42[39m
}

[90mstdout[2m | src/services/portalPaymentIntegration.test.ts[2m > [22m[2mPortal and Payment Integration[2m > [22m[2mRate Limiting Integration[2m > [22m[2mshould rate limit excessive portal access attempts
[22m[39m[PortalService] Token validated successfully {
  tokenId: [32m'0XdjmASEtEchr0CnL2Moj'[39m,
  invoiceId: [32m'4j3vtZC3HzvfxP9o9A-FW'[39m,
  accessCount: [33m43[39m
}

[90mstdout[2m | src/services/portalPaymentIntegration.test.ts[2m > [22m[2mPortal and Payment Integration[2m > [22m[2mRate Limiting Integration[2m > [22m[2mshould rate limit excessive portal access attempts
[22m[39m[PortalService] Token validated successfully {
  tokenId: [32m'0XdjmASEtEchr0CnL2Moj'[39m,
  invoiceId: [32m'4j3vtZC3HzvfxP9o9A-FW'[39m,
  accessCount: [33m44[39m
}

[90mstdout[2m | src/services/portalPaymentIntegration.test.ts[2m > [22m[2mPortal and Payment Integration[2m > [22m[2mRate Limiting Integration[2m > [22m[2mshould rate limit excessive portal access attempts
[22m[39m[PortalService] Token validated successfully {
  tokenId: [32m'0XdjmASEtEchr0CnL2Moj'[39m,
  invoiceId: [32m'4j3vtZC3HzvfxP9o9A-FW'[39m,
  accessCount: [33m45[39m
}

[90mstdout[2m | src/services/portalPaymentIntegration.test.ts[2m > [22m[2mPortal and Payment Integration[2m > [22m[2mRate Limiting Integration[2m > [22m[2mshould rate limit excessive portal access attempts
[22m[39m[PortalService] Token validated successfully {
  tokenId: [32m'0XdjmASEtEchr0CnL2Moj'[39m,
  invoiceId: [32m'4j3vtZC3HzvfxP9o9A-FW'[39m,
  accessCount: [33m46[39m
}

[90mstdout[2m | src/services/portalPaymentIntegration.test.ts[2m > [22m[2mPortal and Payment Integration[2m > [22m[2mRate Limiting Integration[2m > [22m[2mshould rate limit excessive portal access attempts
[22m[39m[PortalService] Token validated successfully {
  tokenId: [32m'0XdjmASEtEchr0CnL2Moj'[39m,
  invoiceId: [32m'4j3vtZC3HzvfxP9o9A-FW'[39m,
  accessCount: [33m47[39m
}

[90mstdout[2m | src/services/portalPaymentIntegration.test.ts[2m > [22m[2mPortal and Payment Integration[2m > [22m[2mRate Limiting Integration[2m > [22m[2mshould rate limit excessive portal access attempts
[22m[39m[PortalService] Token validated successfully {
  tokenId: [32m'0XdjmASEtEchr0CnL2Moj'[39m,
  invoiceId: [32m'4j3vtZC3HzvfxP9o9A-FW'[39m,
  accessCount: [33m48[39m
}

[90mstdout[2m | src/services/portalPaymentIntegration.test.ts[2m > [22m[2mPortal and Payment Integration[2m > [22m[2mRate Limiting Integration[2m > [22m[2mshould rate limit excessive portal access attempts
[22m[39m[PortalService] Token validated successfully {
  tokenId: [32m'0XdjmASEtEchr0CnL2Moj'[39m,
  invoiceId: [32m'4j3vtZC3HzvfxP9o9A-FW'[39m,
  accessCount: [33m49[39m
}

[90mstdout[2m | src/services/portalPaymentIntegration.test.ts[2m > [22m[2mPortal and Payment Integration[2m > [22m[2mRate Limiting Integration[2m > [22m[2mshould rate limit excessive portal access attempts
[22m[39m[PortalService] Token validated successfully {
  tokenId: [32m'0XdjmASEtEchr0CnL2Moj'[39m,
  invoiceId: [32m'4j3vtZC3HzvfxP9o9A-FW'[39m,
  accessCount: [33m50[39m
}

[90mstderr[2m | src/services/portalPaymentIntegration.test.ts[2m > [22m[2mPortal and Payment Integration[2m > [22m[2mRate Limiting Integration[2m > [22m[2mshould rate limit excessive portal access attempts
[22m[39m[PortalService] Rate limit exceeded { ip: [32m'10.0.0.100'[39m, requests: [33m100[39m }

[90mstdout[2m | src/services/portalPaymentIntegration.test.ts[2m > [22m[2mPortal and Payment Integration[2m > [22m[2mRate Limiting Integration[2m > [22m[2mshould allow payment creation even after multiple portal views
[22m[39m[PortalService] Created portal token {
  tokenId: [32m'saz3pBZfffbNtl_YN0hWT'[39m,
  invoiceId: [32m'3753GvGDjpIDRFwzBca-j'[39m,
  email: [32m'customer@example.com'[39m
}

[90mstdout[2m | src/services/portalPaymentIntegration.test.ts[2m > [22m[2mPortal and Payment Integration[2m > [22m[2mRate Limiting Integration[2m > [22m[2mshould allow payment creation even after multiple portal views
[22m[39m[PortalService] Token validated successfully {
  tokenId: [32m'saz3pBZfffbNtl_YN0hWT'[39m,
  invoiceId: [32m'3753GvGDjpIDRFwzBca-j'[39m,
  accessCount: [33m1[39m
}

[90mstdout[2m | src/services/portalPaymentIntegration.test.ts[2m > [22m[2mPortal and Payment Integration[2m > [22m[2mRate Limiting Integration[2m > [22m[2mshould allow payment creation even after multiple portal views
[22m[39m[PortalService] Token validated successfully {
  tokenId: [32m'saz3pBZfffbNtl_YN0hWT'[39m,
  invoiceId: [32m'3753GvGDjpIDRFwzBca-j'[39m,
  accessCount: [33m2[39m
}

[90mstdout[2m | src/services/portalPaymentIntegration.test.ts[2m > [22m[2mPortal and Payment Integration[2m > [22m[2mRate Limiting Integration[2m > [22m[2mshould allow payment creation even after multiple portal views
[22m[39m[PortalService] Token validated successfully {
  tokenId: [32m'saz3pBZfffbNtl_YN0hWT'[39m,
  invoiceId: [32m'3753GvGDjpIDRFwzBca-j'[39m,
  accessCount: [33m3[39m
}

[90mstdout[2m | src/services/portalPaymentIntegration.test.ts[2m > [22m[2mPortal and Payment Integration[2m > [22m[2mRate Limiting Integration[2m > [22m[2mshould allow payment creation even after multiple portal views
[22m[39m[PortalService] Token validated successfully {
  tokenId: [32m'saz3pBZfffbNtl_YN0hWT'[39m,
  invoiceId: [32m'3753GvGDjpIDRFwzBca-j'[39m,
  accessCount: [33m4[39m
}

[90mstdout[2m | src/services/portalPaymentIntegration.test.ts[2m > [22m[2mPortal and Payment Integration[2m > [22m[2mRate Limiting Integration[2m > [22m[2mshould allow payment creation even after multiple portal views
[22m[39m[PortalService] Token validated successfully {
  tokenId: [32m'saz3pBZfffbNtl_YN0hWT'[39m,
  invoiceId: [32m'3753GvGDjpIDRFwzBca-j'[39m,
  accessCount: [33m5[39m
}

[90mstdout[2m | src/services/portalPaymentIntegration.test.ts[2m > [22m[2mPortal and Payment Integration[2m > [22m[2mRate Limiting Integration[2m > [22m[2mshould allow payment creation even after multiple portal views
[22m[39m[PortalService] Token validated successfully {
  tokenId: [32m'saz3pBZfffbNtl_YN0hWT'[39m,
  invoiceId: [32m'3753GvGDjpIDRFwzBca-j'[39m,
  accessCount: [33m6[39m
}

[90mstdout[2m | src/services/portalPaymentIntegration.test.ts[2m > [22m[2mPortal and Payment Integration[2m > [22m[2mRate Limiting Integration[2m > [22m[2mshould allow payment creation even after multiple portal views
[22m[39m[PortalService] Token validated successfully {
  tokenId: [32m'saz3pBZfffbNtl_YN0hWT'[39m,
  invoiceId: [32m'3753GvGDjpIDRFwzBca-j'[39m,
  accessCount: [33m7[39m
}

[90mstdout[2m | src/services/portalPaymentIntegration.test.ts[2m > [22m[2mPortal and Payment Integration[2m > [22m[2mRate Limiting Integration[2m > [22m[2mshould allow payment creation even after multiple portal views
[22m[39m[PortalService] Token validated successfully {
  tokenId: [32m'saz3pBZfffbNtl_YN0hWT'[39m,
  invoiceId: [32m'3753GvGDjpIDRFwzBca-j'[39m,
  accessCount: [33m8[39m
}

[90mstdout[2m | src/services/portalPaymentIntegration.test.ts[2m > [22m[2mPortal and Payment Integration[2m > [22m[2mRate Limiting Integration[2m > [22m[2mshould allow payment creation even after multiple portal views
[22m[39m[PortalService] Token validated successfully {
  tokenId: [32m'saz3pBZfffbNtl_YN0hWT'[39m,
  invoiceId: [32m'3753GvGDjpIDRFwzBca-j'[39m,
  accessCount: [33m9[39m
}

[90mstdout[2m | src/services/portalPaymentIntegration.test.ts[2m > [22m[2mPortal and Payment Integration[2m > [22m[2mRate Limiting Integration[2m > [22m[2mshould allow payment creation even after multiple portal views
[22m[39m[PortalService] Token validated successfully {
  tokenId: [32m'saz3pBZfffbNtl_YN0hWT'[39m,
  invoiceId: [32m'3753GvGDjpIDRFwzBca-j'[39m,
  accessCount: [33m10[39m
}

[90mstdout[2m | src/services/portalPaymentIntegration.test.ts[2m > [22m[2mPortal and Payment Integration[2m > [22m[2mRate Limiting Integration[2m > [22m[2mshould allow payment creation even after multiple portal views
[22m[39m[PortalService] Token validated successfully {
  tokenId: [32m'saz3pBZfffbNtl_YN0hWT'[39m,
  invoiceId: [32m'3753GvGDjpIDRFwzBca-j'[39m,
  accessCount: [33m11[39m
}

[90mstdout[2m | src/services/portalPaymentIntegration.test.ts[2m > [22m[2mPortal and Payment Integration[2m > [22m[2mRate Limiting Integration[2m > [22m[2mshould allow payment creation even after multiple portal views
[22m[39m[PortalService] Token validated successfully {
  tokenId: [32m'saz3pBZfffbNtl_YN0hWT'[39m,
  invoiceId: [32m'3753GvGDjpIDRFwzBca-j'[39m,
  accessCount: [33m12[39m
}

[90mstdout[2m | src/services/portalPaymentIntegration.test.ts[2m > [22m[2mPortal and Payment Integration[2m > [22m[2mRate Limiting Integration[2m > [22m[2mshould allow payment creation even after multiple portal views
[22m[39m[PortalService] Token validated successfully {
  tokenId: [32m'saz3pBZfffbNtl_YN0hWT'[39m,
  invoiceId: [32m'3753GvGDjpIDRFwzBca-j'[39m,
  accessCount: [33m13[39m
}

[90mstdout[2m | src/services/portalPaymentIntegration.test.ts[2m > [22m[2mPortal and Payment Integration[2m > [22m[2mRate Limiting Integration[2m > [22m[2mshould allow payment creation even after multiple portal views
[22m[39m[PortalService] Token validated successfully {
  tokenId: [32m'saz3pBZfffbNtl_YN0hWT'[39m,
  invoiceId: [32m'3753GvGDjpIDRFwzBca-j'[39m,
  accessCount: [33m14[39m
}

[90mstdout[2m | src/services/portalPaymentIntegration.test.ts[2m > [22m[2mPortal and Payment Integration[2m > [22m[2mRate Limiting Integration[2m > [22m[2mshould allow payment creation even after multiple portal views
[22m[39m[PortalService] Token validated successfully {
  tokenId: [32m'saz3pBZfffbNtl_YN0hWT'[39m,
  invoiceId: [32m'3753GvGDjpIDRFwzBca-j'[39m,
  accessCount: [33m15[39m
}

[90mstdout[2m | src/services/portalPaymentIntegration.test.ts[2m > [22m[2mPortal and Payment Integration[2m > [22m[2mRate Limiting Integration[2m > [22m[2mshould allow payment creation even after multiple portal views
[22m[39m[PortalService] Token validated successfully {
  tokenId: [32m'saz3pBZfffbNtl_YN0hWT'[39m,
  invoiceId: [32m'3753GvGDjpIDRFwzBca-j'[39m,
  accessCount: [33m16[39m
}

[90mstdout[2m | src/services/portalPaymentIntegration.test.ts[2m > [22m[2mPortal and Payment Integration[2m > [22m[2mRate Limiting Integration[2m > [22m[2mshould allow payment creation even after multiple portal views
[22m[39m[PortalService] Token validated successfully {
  tokenId: [32m'saz3pBZfffbNtl_YN0hWT'[39m,
  invoiceId: [32m'3753GvGDjpIDRFwzBca-j'[39m,
  accessCount: [33m17[39m
}

[90mstdout[2m | src/services/portalPaymentIntegration.test.ts[2m > [22m[2mPortal and Payment Integration[2m > [22m[2mRate Limiting Integration[2m > [22m[2mshould allow payment creation even after multiple portal views
[22m[39m[PortalService] Token validated successfully {
  tokenId: [32m'saz3pBZfffbNtl_YN0hWT'[39m,
  invoiceId: [32m'3753GvGDjpIDRFwzBca-j'[39m,
  accessCount: [33m18[39m
}

[90mstdout[2m | src/services/portalPaymentIntegration.test.ts[2m > [22m[2mPortal and Payment Integration[2m > [22m[2mRate Limiting Integration[2m > [22m[2mshould allow payment creation even after multiple portal views
[22m[39m[PortalService] Token validated successfully {
  tokenId: [32m'saz3pBZfffbNtl_YN0hWT'[39m,
  invoiceId: [32m'3753GvGDjpIDRFwzBca-j'[39m,
  accessCount: [33m19[39m
}

[90mstdout[2m | src/services/portalPaymentIntegration.test.ts[2m > [22m[2mPortal and Payment Integration[2m > [22m[2mRate Limiting Integration[2m > [22m[2mshould allow payment creation even after multiple portal views
[22m[39m[PortalService] Token validated successfully {
  tokenId: [32m'saz3pBZfffbNtl_YN0hWT'[39m,
  invoiceId: [32m'3753GvGDjpIDRFwzBca-j'[39m,
  accessCount: [33m20[39m
}

[90mstdout[2m | src/services/portalPaymentIntegration.test.ts[2m > [22m[2mPortal and Payment Integration[2m > [22m[2mRate Limiting Integration[2m > [22m[2mshould allow payment creation even after multiple portal views
[22m[39m[PortalService] Token validated successfully {
  tokenId: [32m'saz3pBZfffbNtl_YN0hWT'[39m,
  invoiceId: [32m'3753GvGDjpIDRFwzBca-j'[39m,
  accessCount: [33m21[39m
}

[90mstdout[2m | src/services/portalPaymentIntegration.test.ts[2m > [22m[2mPortal and Payment Integration[2m > [22m[2mRate Limiting Integration[2m > [22m[2mshould allow payment creation even after multiple portal views
[22m[39m[PortalService] Token validated successfully {
  tokenId: [32m'saz3pBZfffbNtl_YN0hWT'[39m,
  invoiceId: [32m'3753GvGDjpIDRFwzBca-j'[39m,
  accessCount: [33m22[39m
}

[90mstdout[2m | src/services/portalPaymentIntegration.test.ts[2m > [22m[2mPortal and Payment Integration[2m > [22m[2mRate Limiting Integration[2m > [22m[2mshould allow payment creation even after multiple portal views
[22m[39m[PortalService] Token validated successfully {
  tokenId: [32m'saz3pBZfffbNtl_YN0hWT'[39m,
  invoiceId: [32m'3753GvGDjpIDRFwzBca-j'[39m,
  accessCount: [33m23[39m
}

[90mstdout[2m | src/services/portalPaymentIntegration.test.ts[2m > [22m[2mPortal and Payment Integration[2m > [22m[2mRate Limiting Integration[2m > [22m[2mshould allow payment creation even after multiple portal views
[22m[39m[PortalService] Token validated successfully {
  tokenId: [32m'saz3pBZfffbNtl_YN0hWT'[39m,
  invoiceId: [32m'3753GvGDjpIDRFwzBca-j'[39m,
  accessCount: [33m24[39m
}

[90mstdout[2m | src/services/portalPaymentIntegration.test.ts[2m > [22m[2mPortal and Payment Integration[2m > [22m[2mRate Limiting Integration[2m > [22m[2mshould allow payment creation even after multiple portal views
[22m[39m[PortalService] Token validated successfully {
  tokenId: [32m'saz3pBZfffbNtl_YN0hWT'[39m,
  invoiceId: [32m'3753GvGDjpIDRFwzBca-j'[39m,
  accessCount: [33m25[39m
}

[90mstdout[2m | src/services/portalPaymentIntegration.test.ts[2m > [22m[2mPortal and Payment Integration[2m > [22m[2mRate Limiting Integration[2m > [22m[2mshould allow payment creation even after multiple portal views
[22m[39m[PortalService] Token validated successfully {
  tokenId: [32m'saz3pBZfffbNtl_YN0hWT'[39m,
  invoiceId: [32m'3753GvGDjpIDRFwzBca-j'[39m,
  accessCount: [33m26[39m
}

[90mstdout[2m | src/services/portalPaymentIntegration.test.ts[2m > [22m[2mPortal and Payment Integration[2m > [22m[2mRate Limiting Integration[2m > [22m[2mshould allow payment creation even after multiple portal views
[22m[39m[PortalService] Token validated successfully {
  tokenId: [32m'saz3pBZfffbNtl_YN0hWT'[39m,
  invoiceId: [32m'3753GvGDjpIDRFwzBca-j'[39m,
  accessCount: [33m27[39m
}

[90mstdout[2m | src/services/portalPaymentIntegration.test.ts[2m > [22m[2mPortal and Payment Integration[2m > [22m[2mRate Limiting Integration[2m > [22m[2mshould allow payment creation even after multiple portal views
[22m[39m[PortalService] Token validated successfully {
  tokenId: [32m'saz3pBZfffbNtl_YN0hWT'[39m,
  invoiceId: [32m'3753GvGDjpIDRFwzBca-j'[39m,
  accessCount: [33m28[39m
}

[90mstdout[2m | src/services/portalPaymentIntegration.test.ts[2m > [22m[2mPortal and Payment Integration[2m > [22m[2mRate Limiting Integration[2m > [22m[2mshould allow payment creation even after multiple portal views
[22m[39m[PortalService] Token validated successfully {
  tokenId: [32m'saz3pBZfffbNtl_YN0hWT'[39m,
  invoiceId: [32m'3753GvGDjpIDRFwzBca-j'[39m,
  accessCount: [33m29[39m
}

[90mstdout[2m | src/services/portalPaymentIntegration.test.ts[2m > [22m[2mPortal and Payment Integration[2m > [22m[2mRate Limiting Integration[2m > [22m[2mshould allow payment creation even after multiple portal views
[22m[39m[PortalService] Token validated successfully {
  tokenId: [32m'saz3pBZfffbNtl_YN0hWT'[39m,
  invoiceId: [32m'3753GvGDjpIDRFwzBca-j'[39m,
  accessCount: [33m30[39m
}

[90mstdout[2m | src/services/portalPaymentIntegration.test.ts[2m > [22m[2mPortal and Payment Integration[2m > [22m[2mRate Limiting Integration[2m > [22m[2mshould allow payment creation even after multiple portal views
[22m[39m[PortalService] Token validated successfully {
  tokenId: [32m'saz3pBZfffbNtl_YN0hWT'[39m,
  invoiceId: [32m'3753GvGDjpIDRFwzBca-j'[39m,
  accessCount: [33m31[39m
}

[90mstdout[2m | src/services/portalPaymentIntegration.test.ts[2m > [22m[2mPortal and Payment Integration[2m > [22m[2mRate Limiting Integration[2m > [22m[2mshould allow payment creation even after multiple portal views
[22m[39m[PortalService] Token validated successfully {
  tokenId: [32m'saz3pBZfffbNtl_YN0hWT'[39m,
  invoiceId: [32m'3753GvGDjpIDRFwzBca-j'[39m,
  accessCount: [33m32[39m
}

[90mstdout[2m | src/services/portalPaymentIntegration.test.ts[2m > [22m[2mPortal and Payment Integration[2m > [22m[2mRate Limiting Integration[2m > [22m[2mshould allow payment creation even after multiple portal views
[22m[39m[PortalService] Token validated successfully {
  tokenId: [32m'saz3pBZfffbNtl_YN0hWT'[39m,
  invoiceId: [32m'3753GvGDjpIDRFwzBca-j'[39m,
  accessCount: [33m33[39m
}

[90mstdout[2m | src/services/portalPaymentIntegration.test.ts[2m > [22m[2mPortal and Payment Integration[2m > [22m[2mRate Limiting Integration[2m > [22m[2mshould allow payment creation even after multiple portal views
[22m[39m[PortalService] Token validated successfully {
  tokenId: [32m'saz3pBZfffbNtl_YN0hWT'[39m,
  invoiceId: [32m'3753GvGDjpIDRFwzBca-j'[39m,
  accessCount: [33m34[39m
}

[90mstdout[2m | src/services/portalPaymentIntegration.test.ts[2m > [22m[2mPortal and Payment Integration[2m > [22m[2mRate Limiting Integration[2m > [22m[2mshould allow payment creation even after multiple portal views
[22m[39m[PortalService] Token validated successfully {
  tokenId: [32m'saz3pBZfffbNtl_YN0hWT'[39m,
  invoiceId: [32m'3753GvGDjpIDRFwzBca-j'[39m,
  accessCount: [33m35[39m
}

[90mstdout[2m | src/services/portalPaymentIntegration.test.ts[2m > [22m[2mPortal and Payment Integration[2m > [22m[2mRate Limiting Integration[2m > [22m[2mshould allow payment creation even after multiple portal views
[22m[39m[PortalService] Token validated successfully {
  tokenId: [32m'saz3pBZfffbNtl_YN0hWT'[39m,
  invoiceId: [32m'3753GvGDjpIDRFwzBca-j'[39m,
  accessCount: [33m36[39m
}

[90mstdout[2m | src/services/portalPaymentIntegration.test.ts[2m > [22m[2mPortal and Payment Integration[2m > [22m[2mRate Limiting Integration[2m > [22m[2mshould allow payment creation even after multiple portal views
[22m[39m[PortalService] Token validated successfully {
  tokenId: [32m'saz3pBZfffbNtl_YN0hWT'[39m,
  invoiceId: [32m'3753GvGDjpIDRFwzBca-j'[39m,
  accessCount: [33m37[39m
}

[90mstdout[2m | src/services/portalPaymentIntegration.test.ts[2m > [22m[2mPortal and Payment Integration[2m > [22m[2mRate Limiting Integration[2m > [22m[2mshould allow payment creation even after multiple portal views
[22m[39m[PortalService] Token validated successfully {
  tokenId: [32m'saz3pBZfffbNtl_YN0hWT'[39m,
  invoiceId: [32m'3753GvGDjpIDRFwzBca-j'[39m,
  accessCount: [33m38[39m
}

[90mstdout[2m | src/services/portalPaymentIntegration.test.ts[2m > [22m[2mPortal and Payment Integration[2m > [22m[2mRate Limiting Integration[2m > [22m[2mshould allow payment creation even after multiple portal views
[22m[39m[PortalService] Token validated successfully {
  tokenId: [32m'saz3pBZfffbNtl_YN0hWT'[39m,
  invoiceId: [32m'3753GvGDjpIDRFwzBca-j'[39m,
  accessCount: [33m39[39m
}

[90mstdout[2m | src/services/portalPaymentIntegration.test.ts[2m > [22m[2mPortal and Payment Integration[2m > [22m[2mRate Limiting Integration[2m > [22m[2mshould allow payment creation even after multiple portal views
[22m[39m[PortalService] Token validated successfully {
  tokenId: [32m'saz3pBZfffbNtl_YN0hWT'[39m,
  invoiceId: [32m'3753GvGDjpIDRFwzBca-j'[39m,
  accessCount: [33m40[39m
}

[90mstdout[2m | src/services/portalPaymentIntegration.test.ts[2m > [22m[2mPortal and Payment Integration[2m > [22m[2mRate Limiting Integration[2m > [22m[2mshould allow payment creation even after multiple portal views
[22m[39m[PortalService] Token validated successfully {
  tokenId: [32m'saz3pBZfffbNtl_YN0hWT'[39m,
  invoiceId: [32m'3753GvGDjpIDRFwzBca-j'[39m,
  accessCount: [33m41[39m
}

[90mstdout[2m | src/services/portalPaymentIntegration.test.ts[2m > [22m[2mPortal and Payment Integration[2m > [22m[2mRate Limiting Integration[2m > [22m[2mshould allow payment creation even after multiple portal views
[22m[39m[PortalService] Token validated successfully {
  tokenId: [32m'saz3pBZfffbNtl_YN0hWT'[39m,
  invoiceId: [32m'3753GvGDjpIDRFwzBca-j'[39m,
  accessCount: [33m42[39m
}

[90mstdout[2m | src/services/portalPaymentIntegration.test.ts[2m > [22m[2mPortal and Payment Integration[2m > [22m[2mRate Limiting Integration[2m > [22m[2mshould allow payment creation even after multiple portal views
[22m[39m[PortalService] Token validated successfully {
  tokenId: [32m'saz3pBZfffbNtl_YN0hWT'[39m,
  invoiceId: [32m'3753GvGDjpIDRFwzBca-j'[39m,
  accessCount: [33m43[39m
}

[90mstdout[2m | src/services/portalPaymentIntegration.test.ts[2m > [22m[2mPortal and Payment Integration[2m > [22m[2mRate Limiting Integration[2m > [22m[2mshould allow payment creation even after multiple portal views
[22m[39m[PortalService] Token validated successfully {
  tokenId: [32m'saz3pBZfffbNtl_YN0hWT'[39m,
  invoiceId: [32m'3753GvGDjpIDRFwzBca-j'[39m,
  accessCount: [33m44[39m
}

[90mstderr[2m | src/services/portalPaymentIntegration.test.ts[2m > [22m[2mPortal and Payment Integration[2m > [22m[2mRate Limiting Integration[2m > [22m[2mshould allow payment creation even after multiple portal views
[22m[39m[PortalService] Rate limit exceeded { ip: [32m'192.168.1.100'[39m, requests: [33m100[39m }

[90mstderr[2m | src/services/portalPaymentIntegration.test.ts[2m > [22m[2mPortal and Payment Integration[2m > [22m[2mRate Limiting Integration[2m > [22m[2mshould allow payment creation even after multiple portal views
[22m[39m[PortalService] Rate limit exceeded { ip: [32m'192.168.1.100'[39m, requests: [33m100[39m }

[90mstderr[2m | src/services/portalPaymentIntegration.test.ts[2m > [22m[2mPortal and Payment Integration[2m > [22m[2mRate Limiting Integration[2m > [22m[2mshould allow payment creation even after multiple portal views
[22m[39m[PortalService] Rate limit exceeded { ip: [32m'192.168.1.100'[39m, requests: [33m100[39m }

[90mstderr[2m | src/services/portalPaymentIntegration.test.ts[2m > [22m[2mPortal and Payment Integration[2m > [22m[2mRate Limiting Integration[2m > [22m[2mshould allow payment creation even after multiple portal views
[22m[39m[PortalService] Rate limit exceeded { ip: [32m'192.168.1.100'[39m, requests: [33m100[39m }

[90mstderr[2m | src/services/portalPaymentIntegration.test.ts[2m > [22m[2mPortal and Payment Integration[2m > [22m[2mRate Limiting Integration[2m > [22m[2mshould allow payment creation even after multiple portal views
[22m[39m[PortalService] Rate limit exceeded { ip: [32m'192.168.1.100'[39m, requests: [33m100[39m }

[90mstderr[2m | src/services/portalPaymentIntegration.test.ts[2m > [22m[2mPortal and Payment Integration[2m > [22m[2mRate Limiting Integration[2m > [22m[2mshould allow payment creation even after multiple portal views
[22m[39m[PortalService] Rate limit exceeded { ip: [32m'192.168.1.100'[39m, requests: [33m100[39m }

[90mstdout[2m | src/services/portalPaymentIntegration.test.ts[2m > [22m[2mPortal and Payment Integration[2m > [22m[2mRate Limiting Integration[2m > [22m[2mshould allow payment creation even after multiple portal views
[22m[39m[PaymentGateway] Created Stripe payment intent (mock) {
  paymentId: [32m'td3-Ct_Egeno_JZa2UL7d'[39m,
  amount: [32m'110.00'[39m,
  currency: [32m'USD'[39m
}

 [31m❯[39m src/services/portalPaymentIntegration.test.ts [2m([22m[2m9 tests[22m[2m | [22m[31m5 failed[39m[2m)[22m[33m 899[2mms[22m[39m
[31m       [31m×[31m should complete full payment flow from portal link to payment[39m[32m 188[2mms[22m[39m
[31m       [31m×[31m should handle failed payment without marking invoice as paid[39m[32m 52[2mms[22m[39m
[31m       [31m×[31m should allow multiple payment attempts for same invoice[39m[32m 54[2mms[22m[39m
       [32m✓[39m should track portal token access during payment flow[32m 59[2mms[22m[39m
       [32m✓[39m should prevent payment with expired portal token[32m 29[2mms[22m[39m
       [32m✓[39m should prevent payment with revoked portal token[32m 33[2mms[22m[39m
[31m       [31m×[31m should handle payment for already paid invoice gracefully[39m[32m 53[2mms[22m[39m
[31m       [31m×[31m should rate limit excessive portal access attempts[39m[32m 237[2mms[22m[39m
       [32m✓[39m should allow payment creation even after multiple portal views[32m 187[2mms[22m[39m
[90mstdout[2m | src/services/auditLogExtended.perf.test.ts[2m > [22m[2mExtended Audit Log Performance Tests
[22m[39m  Seeded 41000/100000 entries...

 [31m❯[39m src/components/dashboard/CashPositionWidget.test.tsx [2m([22m[2m30 tests[22m[2m | [22m[31m6 failed[39m[2m)[22m[33m 799[2mms[22m[39m
       [32m✓[39m should render cash position data[32m 170[2mms[22m[39m
       [32m✓[39m should display months covered calculation[32m 22[2mms[22m[39m
       [32m✓[39m should show encouraging message for good cash position[32m 18[2mms[22m[39m
[31m       [31m×[31m should render trend chart[39m[32m 32[2mms[22m[39m
       [32m✓[39m should show loading skeleton when loading[32m 152[2mms[22m[39m
       [32m✓[39m should not show content when loading[32m 11[2mms[22m[39m
       [32m✓[39m should have aria-live region when loading[32m 15[2mms[22m[39m
       [32m✓[39m should show encouraging message for zero balance[32m 13[2mms[22m[39m
       [32m✓[39m should show message for less than 1 month[32m 13[2mms[22m[39m
       [32m✓[39m should show message for 1-2 months[32m 11[2mms[22m[39m
       [32m✓[39m should show message for 2-3 months[32m 12[2mms[22m[39m
       [32m✓[39m should show message for 3+ months[32m 16[2mms[22m[39m
       [32m✓[39m should handle zero monthly expenses[32m 20[2mms[22m[39m
       [32m✓[39m should format large balances with commas[32m 16[2mms[22m[39m
       [32m✓[39m should format months covered to one decimal place[32m 13[2mms[22m[39m
       [32m✓[39m should handle negative balance[32m 15[2mms[22m[39m
       [32m✓[39m should format small amounts correctly[32m 11[2mms[22m[39m
[31m       [31m×[31m should display all trend data points[39m[32m 18[2mms[22m[39m
[31m       [31m×[31m should handle empty trend data[39m[32m 9[2mms[22m[39m
[31m       [31m×[31m should handle single data point in trend[39m[32m 13[2mms[22m[39m
       [32m✓[39m should have accessible labels[32m 18[2mms[22m[39m
       [32m✓[39m should have semantic heading[32m 47[2mms[22m[39m
       [32m✓[39m should hide decorative icons from screen readers[32m 11[2mms[22m[39m
       [32m✓[39m should have status role for messages[32m 20[2mms[22m[39m
       [32m✓[39m should handle very large balances[32m 10[2mms[22m[39m
[31m       [31m×[31m should handle very small monthly expenses[39m[32m 27[2mms[22m[39m
[31m       [31m×[31m should handle trend with varying balances[39m[32m 12[2mms[22m[39m
       [32m✓[39m should accept custom className[32m 8[2mms[22m[39m
       [32m✓[39m should render complete widget with all features[32m 15[2mms[22m[39m
       [32m✓[39m should handle transition from loading to loaded[32m 23[2mms[22m[39m
[90mstdout[2m | src/services/paymentGateway.test.ts[2m > [22m[2mPaymentGateway[2m > [22m[2minitializeGateway[2m > [22m[2mshould initialize Stripe gateway
[22m[39m[PaymentGateway] Stripe gateway initialized (mock) { testMode: [33mtrue[39m }

[90mstdout[2m | src/services/paymentGateway.test.ts[2m > [22m[2mPaymentGateway[2m > [22m[2minitializeGateway[2m > [22m[2mshould initialize Square gateway
[22m[39m[PaymentGateway] Square gateway initialized (mock) { testMode: [33mtrue[39m }

[90mstdout[2m | src/services/paymentGateway.test.ts[2m > [22m[2mPaymentGateway[2m > [22m[2mcreatePaymentIntent[2m > [22m[2mshould create a Stripe payment intent
[22m[39m[PaymentGateway] Created Stripe payment intent (mock) {
  paymentId: [32m'o8fX27B6nQ6Lz6rue2nYD'[39m,
  amount: [32m'110.00'[39m,
  currency: [32m'USD'[39m
}

[90mstdout[2m | src/services/paymentGateway.test.ts[2m > [22m[2mPaymentGateway[2m > [22m[2mcreatePaymentIntent[2m > [22m[2mshould create a Square payment intent
[22m[39m[PaymentGateway] Created Square payment (mock) {
  paymentId: [32m'lG0Arep5grXvGU2UwnJCP'[39m,
  amount: [32m'110.00'[39m,
  currency: [32m'USD'[39m
}

[90mstdout[2m | src/services/paymentGateway.test.ts[2m > [22m[2mPaymentGateway[2m > [22m[2mcreatePaymentIntent[2m > [22m[2mshould create a manual payment record
[22m[39m[PaymentGateway] Created manual payment record {
  paymentId: [32m'qf6jcjRMXtbR-47XwKhM-'[39m,
  amount: [32m'110.00'[39m,
  currency: [32m'USD'[39m
}

[90mstdout[2m | src/services/paymentGateway.test.ts[2m > [22m[2mPaymentGateway[2m > [22m[2mcreatePaymentIntent[2m > [22m[2mshould store payment in database with PROCESSING status
[22m[39m[PaymentGateway] Created Stripe payment intent (mock) {
  paymentId: [32m'J2P6yQzgkTC923VshRbxo'[39m,
  amount: [32m'110.00'[39m,
  currency: [32m'USD'[39m
}

[90mstdout[2m | src/services/paymentGateway.test.ts[2m > [22m[2mPaymentGateway[2m > [22m[2mconfirmPayment[2m > [22m[2mshould confirm payment and mark invoice as paid
[22m[39m[PaymentGateway] Created Stripe payment intent (mock) {
  paymentId: [32m'Bsn2GEUHDk_JfnVUfXiEs'[39m,
  amount: [32m'110.00'[39m,
  currency: [32m'USD'[39m
}

[90mstdout[2m | src/services/paymentGateway.test.ts[2m > [22m[2mPaymentGateway[2m > [22m[2mconfirmPayment[2m > [22m[2mshould confirm payment and mark invoice as paid
[22m[39m[PaymentGateway] Payment confirmed successfully {
  paymentId: [32m'Bsn2GEUHDk_JfnVUfXiEs'[39m,
  invoiceId: [32m'NcTC0DswqpdmyXYHtZjV-'[39m,
  amount: [32m'110.00'[39m
}

[90mstdout[2m | src/services/paymentGateway.test.ts[2m > [22m[2mPaymentGateway[2m > [22m[2mconfirmPayment[2m > [22m[2mshould be idempotent (confirming twice is safe)
[22m[39m[PaymentGateway] Created Stripe payment intent (mock) {
  paymentId: [32m'mESZ8mldGhlCPGGZpBqCq'[39m,
  amount: [32m'110.00'[39m,
  currency: [32m'USD'[39m
}

[90mstdout[2m | src/services/paymentGateway.test.ts[2m > [22m[2mPaymentGateway[2m > [22m[2mconfirmPayment[2m > [22m[2mshould be idempotent (confirming twice is safe)
[22m[39m[PaymentGateway] Payment confirmed successfully {
  paymentId: [32m'mESZ8mldGhlCPGGZpBqCq'[39m,
  invoiceId: [32m'NcTC0DswqpdmyXYHtZjV-'[39m,
  amount: [32m'110.00'[39m
}

[90mstdout[2m | src/services/paymentGateway.test.ts[2m > [22m[2mPaymentGateway[2m > [22m[2mfailPayment[2m > [22m[2mshould mark payment as failed with error message
[22m[39m[PaymentGateway] Created Stripe payment intent (mock) {
  paymentId: [32m'vwqhhbLtxNxi-y9NjK_GO'[39m,
  amount: [32m'110.00'[39m,
  currency: [32m'USD'[39m
}

[90mstderr[2m | src/services/paymentGateway.test.ts[2m > [22m[2mPaymentGateway[2m > [22m[2mfailPayment[2m > [22m[2mshould mark payment as failed with error message
[22m[39m[PaymentGateway] Payment failed {
  paymentId: [32m'vwqhhbLtxNxi-y9NjK_GO'[39m,
  invoiceId: [32m'NcTC0DswqpdmyXYHtZjV-'[39m,
  error: [32m'Card declined'[39m
}

[90mstdout[2m | src/services/paymentGateway.test.ts[2m > [22m[2mPaymentGateway[2m > [22m[2mfailPayment[2m > [22m[2mshould not mark invoice as paid
[22m[39m[PaymentGateway] Created Stripe payment intent (mock) {
  paymentId: [32m'fWK4oJytM6cdFqc_JODrq'[39m,
  amount: [32m'110.00'[39m,
  currency: [32m'USD'[39m
}

[90mstderr[2m | src/services/paymentGateway.test.ts[2m > [22m[2mPaymentGateway[2m > [22m[2mfailPayment[2m > [22m[2mshould not mark invoice as paid
[22m[39m[PaymentGateway] Payment failed {
  paymentId: [32m'fWK4oJytM6cdFqc_JODrq'[39m,
  invoiceId: [32m'NcTC0DswqpdmyXYHtZjV-'[39m,
  error: [32m'Card declined'[39m
}

[90mstdout[2m | src/services/paymentGateway.test.ts[2m > [22m[2mPaymentGateway[2m > [22m[2mrefundPayment[2m > [22m[2mshould refund a successful payment
[22m[39m[PaymentGateway] Created Stripe payment intent (mock) {
  paymentId: [32m'TI1nsxDTL4eyqaZgkB1os'[39m,
  amount: [32m'110.00'[39m,
  currency: [32m'USD'[39m
}

[90mstdout[2m | src/services/paymentGateway.test.ts[2m > [22m[2mPaymentGateway[2m > [22m[2mrefundPayment[2m > [22m[2mshould refund a successful payment
[22m[39m[PaymentGateway] Payment confirmed successfully {
  paymentId: [32m'TI1nsxDTL4eyqaZgkB1os'[39m,
  invoiceId: [32m'NcTC0DswqpdmyXYHtZjV-'[39m,
  amount: [32m'110.00'[39m
}

[90mstdout[2m | src/services/paymentGateway.test.ts[2m > [22m[2mPaymentGateway[2m > [22m[2mrefundPayment[2m > [22m[2mshould refund a successful payment
[22m[39m[PaymentGateway] Processed Stripe refund (mock) { paymentId: [32m'TI1nsxDTL4eyqaZgkB1os'[39m, amount: [32m'110.00'[39m }

[90mstdout[2m | src/services/paymentGateway.test.ts[2m > [22m[2mPaymentGateway[2m > [22m[2mrefundPayment[2m > [22m[2mshould refund a successful payment
[22m[39m[PaymentGateway] Payment refunded {
  paymentId: [32m'TI1nsxDTL4eyqaZgkB1os'[39m,
  invoiceId: [32m'NcTC0DswqpdmyXYHtZjV-'[39m,
  amount: [32m'110.00'[39m
}

[90mstdout[2m | src/services/paymentGateway.test.ts[2m > [22m[2mPaymentGateway[2m > [22m[2mrefundPayment[2m > [22m[2mshould support partial refunds
[22m[39m[PaymentGateway] Created Stripe payment intent (mock) {
  paymentId: [32m'kCTd_Dx7fSzLnoPrjBh1b'[39m,
  amount: [32m'110.00'[39m,
  currency: [32m'USD'[39m
}

[90mstdout[2m | src/services/paymentGateway.test.ts[2m > [22m[2mPaymentGateway[2m > [22m[2mrefundPayment[2m > [22m[2mshould support partial refunds
[22m[39m[PaymentGateway] Payment confirmed successfully {
  paymentId: [32m'kCTd_Dx7fSzLnoPrjBh1b'[39m,
  invoiceId: [32m'NcTC0DswqpdmyXYHtZjV-'[39m,
  amount: [32m'110.00'[39m
}

[90mstdout[2m | src/services/paymentGateway.test.ts[2m > [22m[2mPaymentGateway[2m > [22m[2mrefundPayment[2m > [22m[2mshould support partial refunds
[22m[39m[PaymentGateway] Processed Stripe refund (mock) { paymentId: [32m'kCTd_Dx7fSzLnoPrjBh1b'[39m, amount: [32m'50.00'[39m }

[90mstdout[2m | src/services/paymentGateway.test.ts[2m > [22m[2mPaymentGateway[2m > [22m[2mrefundPayment[2m > [22m[2mshould support partial refunds
[22m[39m[PaymentGateway] Payment refunded {
  paymentId: [32m'kCTd_Dx7fSzLnoPrjBh1b'[39m,
  invoiceId: [32m'NcTC0DswqpdmyXYHtZjV-'[39m,
  amount: [32m'50.00'[39m
}

[90mstdout[2m | src/services/paymentGateway.test.ts[2m > [22m[2mPaymentGateway[2m > [22m[2mrefundPayment[2m > [22m[2mshould fail to refund non-successful payment
[22m[39m[PaymentGateway] Created Stripe payment intent (mock) {
  paymentId: [32m'C-GZOoPET3lF4S1uiaVjG'[39m,
  amount: [32m'110.00'[39m,
  currency: [32m'USD'[39m
}

[90mstdout[2m | src/services/paymentGateway.test.ts[2m > [22m[2mPaymentGateway[2m > [22m[2mgetInvoicePayments[2m > [22m[2mshould get all payments for an invoice
[22m[39m[PaymentGateway] Created Stripe payment intent (mock) {
  paymentId: [32m'R0xoEAJR3I6WtfmgHhb8m'[39m,
  amount: [32m'110.00'[39m,
  currency: [32m'USD'[39m
}

[90mstdout[2m | src/services/paymentGateway.test.ts[2m > [22m[2mPaymentGateway[2m > [22m[2mgetInvoicePayments[2m > [22m[2mshould get all payments for an invoice
[22m[39m[PaymentGateway] Created Square payment (mock) {
  paymentId: [32m'tCLT-H3FUcuQSu9lpQtMp'[39m,
  amount: [32m'110.00'[39m,
  currency: [32m'USD'[39m
}

[90mstdout[2m | src/services/paymentGateway.test.ts[2m > [22m[2mPaymentGateway[2m > [22m[2mgetInvoicePayments[2m > [22m[2mshould not return deleted payments
[22m[39m[PaymentGateway] Created Stripe payment intent (mock) {
  paymentId: [32m'4HC_6zdwf-S2YIt4kmKKJ'[39m,
  amount: [32m'110.00'[39m,
  currency: [32m'USD'[39m
}

[90mstdout[2m | src/services/paymentGateway.test.ts[2m > [22m[2mPaymentGateway[2m > [22m[2mgetPayment[2m > [22m[2mshould get a payment by ID
[22m[39m[PaymentGateway] Created Stripe payment intent (mock) {
  paymentId: [32m'k0PFUUxK4Zf8uSgajdMIJ'[39m,
  amount: [32m'110.00'[39m,
  currency: [32m'USD'[39m
}

[90mstdout[2m | src/services/paymentGateway.test.ts[2m > [22m[2mPaymentGateway[2m > [22m[2mgetPayment[2m > [22m[2mshould not return deleted payment
[22m[39m[PaymentGateway] Created Stripe payment intent (mock) {
  paymentId: [32m'ADynhSNXueznKvXZF2E2Q'[39m,
  amount: [32m'110.00'[39m,
  currency: [32m'USD'[39m
}

 [31m❯[39m src/services/paymentGateway.test.ts [2m([22m[2m21 tests[22m[2m | [22m[31m1 failed[39m[2m)[22m[33m 911[2mms[22m[39m
       [32m✓[39m should initialize Stripe gateway[32m 126[2mms[22m[39m
       [32m✓[39m should initialize Square gateway[32m 40[2mms[22m[39m
       [32m✓[39m should create a Stripe payment intent[32m 58[2mms[22m[39m
       [32m✓[39m should create a Square payment intent[32m 33[2mms[22m[39m
       [32m✓[39m should create a manual payment record[32m 37[2mms[22m[39m
       [32m✓[39m should store payment in database with PROCESSING status[32m 41[2mms[22m[39m
       [32m✓[39m should fail for non-existent invoice[32m 32[2mms[22m[39m
       [32m✓[39m should validate payment amount[32m 20[2mms[22m[39m
[31m       [31m×[31m should confirm payment and mark invoice as paid[39m[32m 75[2mms[22m[39m
       [32m✓[39m should be idempotent (confirming twice is safe)[32m 36[2mms[22m[39m
       [32m✓[39m should fail for non-existent payment[32m 18[2mms[22m[39m
       [32m✓[39m should mark payment as failed with error message[32m 31[2mms[22m[39m
       [32m✓[39m should not mark invoice as paid[32m 77[2mms[22m[39m
       [32m✓[39m should refund a successful payment[32m 54[2mms[22m[39m
       [32m✓[39m should support partial refunds[32m 32[2mms[22m[39m
       [32m✓[39m should fail to refund non-successful payment[32m 23[2mms[22m[39m
       [32m✓[39m should get all payments for an invoice[32m 36[2mms[22m[39m
       [32m✓[39m should not return deleted payments[32m 32[2mms[22m[39m
       [32m✓[39m should get a payment by ID[32m 25[2mms[22m[39m
       [32m✓[39m should fail for non-existent payment[32m 44[2mms[22m[39m
       [32m✓[39m should not return deleted payment[32m 31[2mms[22m[39m
 [31m❯[39m src/__tests__/integration/groupE.integration.test.ts [2m([22m[2m6 tests[22m[2m | [22m[31m6 failed[39m[2m)[22m[32m 264[2mms[22m[39m
[31m       [31m×[31m should log audit entries when learning from reconciliation matches[39m[32m 113[2mms[22m[39m
[31m       [31m×[31m should track reconciliation streaks and log milestones[39m[32m 34[2mms[22m[39m
[31m       [31m×[31m should create recurring transactions and auto-categorize them[39m[32m 47[2mms[22m[39m
[31m       [31m×[31m should create invoice templates, generate recurring invoices, and log all actions[39m[32m 21[2mms[22m[39m
[31m       [31m×[31m should create bills, categorize them, and audit all changes[39m[32m 22[2mms[22m[39m
[31m       [31m×[31m should handle a complete accounting workflow using all Group E features[39m[32m 21[2mms[22m[39m
[90mstdout[2m | src/__tests__/integration/groupD.integration.test.ts[2m > [22m[2mGroup D Integration Tests[2m > [22m[2mD1 → Transactions → D6/D7: COA Wizard to Financial Reports[2m > [22m[2mshould create accounts from wizard, record transactions, and generate accurate reports
[22m[39mCreating accounts from wizard {
  companyId: [32m'test-company-RTksUhj_fk'[39m,
  templateId: [32m'general'[39m,
  accountCount: [33m9[39m
}

[90mstdout[2m | src/__tests__/integration/groupD.integration.test.ts[2m > [22m[2mGroup D Integration Tests[2m > [22m[2mD1 → Transactions → D6/D7: COA Wizard to Financial Reports[2m > [22m[2mshould handle customizations in COA wizard correctly
[22m[39mCreating accounts from wizard {
  companyId: [32m'test-company-lxVttP_DBb'[39m,
  templateId: [32m'general'[39m,
  accountCount: [33m10[39m
}

[90mstdout[2m | src/__tests__/integration/groupD.integration.test.ts[2m > [22m[2mGroup D Integration Tests[2m > [22m[2mD2: Bank Reconciliation with Transactions[2m > [22m[2mshould reconcile bank statement with existing transactions
[22m[39mAuto-matching complete {
  totalStatementTxns: [33m3[39m,
  totalSystemTxns: [33m3[39m,
  matchesFound: [33m3[39m,
  matchRate: [32m'100%'[39m
}

[90mstdout[2m | src/__tests__/integration/groupD.integration.test.ts[2m > [22m[2mGroup D Integration Tests[2m > [22m[2mD2: Bank Reconciliation with Transactions[2m > [22m[2mshould handle unmatched transactions in reconciliation
[22m[39mAuto-matching complete {
  totalStatementTxns: [33m3[39m,
  totalSystemTxns: [33m1[39m,
  matchesFound: [33m1[39m,
  matchRate: [32m'33%'[39m
}

[90mstdout[2m | src/__tests__/integration/groupD.integration.test.ts[2m > [22m[2mGroup D Integration Tests[2m > [22m[2mEnd-to-End Group D Feature Flow[2m > [22m[2mshould complete full workflow: Setup → Record → Reconcile → Report
[22m[39mCreating accounts from wizard {
  companyId: [32m'test-company-shzbM70XnQ'[39m,
  templateId: [32m'general'[39m,
  accountCount: [33m9[39m
}

[90mstdout[2m | src/__tests__/integration/groupD.integration.test.ts[2m > [22m[2mGroup D Integration Tests[2m > [22m[2mEnd-to-End Group D Feature Flow[2m > [22m[2mshould complete full workflow: Setup → Record → Reconcile → Report
[22m[39mAuto-matching complete {
  totalStatementTxns: [33m2[39m,
  totalSystemTxns: [33m2[39m,
  matchesFound: [33m2[39m,
  matchRate: [32m'100%'[39m
}

 [31m❯[39m src/__tests__/integration/groupD.integration.test.ts [2m([22m[2m11 tests[22m[2m | [22m[31m5 failed[39m[2m)[22m[33m 759[2mms[22m[39m
[31m       [31m×[31m should create accounts from wizard, record transactions, and generate accurate reports[39m[32m 239[2mms[22m[39m
       [32m✓[39m should handle customizations in COA wizard correctly[32m 58[2mms[22m[39m
       [32m✓[39m should reconcile bank statement with existing transactions[32m 53[2mms[22m[39m
[31m       [31m×[31m should handle unmatched transactions in reconciliation[39m[32m 39[2mms[22m[39m
       [32m✓[39m should create vendors and link them to expense transactions[32m 48[2mms[22m[39m
[31m       [31m×[31m should generate DISC-adapted email content from checklist data[39m[32m 40[2mms[22m[39m
       [32m✓[39m should track tutorial progress through feature usage[32m 69[2mms[22m[39m
       [32m✓[39m should persist accounts, transactions, and retrieve them correctly[32m 55[2mms[22m[39m
       [32m✓[39m should handle database statistics correctly[32m 56[2mms[22m[39m
[31m       [31m×[31m should create audit logs for account and transaction operations[39m[32m 33[2mms[22m[39m
[31m       [31m×[31m should complete full workflow: Setup → Record → Reconcile → Report[39m[32m 59[2mms[22m[39m
[90mstdout[2m | src/services/auditLogExtended.perf.test.ts[2m > [22m[2mExtended Audit Log Performance Tests
[22m[39m  Seeded 51000/100000 entries...

 [31m❯[39m src/services/reports/arAgingReport.service.test.ts [2m([22m[2m16 tests[22m[2m | [22m[31m12 failed[39m[2m)[22m[32m 172[2mms[22m[39m
[31m       [31m×[31m should generate a complete A/R aging report[39m[32m 20[2mms[22m[39m
[31m       [31m×[31m should correctly categorize invoices into aging buckets[39m[32m 3[2mms[22m[39m
[31m       [31m×[31m should calculate total outstanding correctly[39m[32m 3[2mms[22m[39m
[31m       [31m×[31m should calculate total overdue correctly[39m[32m 2[2mms[22m[39m
[31m       [31m×[31m should group invoices by customer correctly[39m[32m 2[2mms[22m[39m
[31m       [31m×[31m should sort customers by name in ascending order by default[39m[32m 2[2mms[22m[39m
[31m       [31m×[31m should sort customers by amount in descending order[39m[32m 2[2mms[22m[39m
[31m       [31m×[31m should generate follow-up recommendations for overdue invoices[39m[32m 2[2mms[22m[39m
[31m       [31m×[31m should generate health message for healthy A/R[39m[32m 2[2mms[22m[39m
[31m       [31m×[31m should exclude voided invoices by default[39m[32m 3[2mms[22m[39m
[31m       [31m×[31m should filter by specific customer when customerId is provided[39m[32m 2[2mms[22m[39m
[31m       [31m×[31m should set urgency levels correctly based on days overdue and amount[39m[32m 2[2mms[22m[39m
       [32m✓[39m should export report to CSV format[32m 101[2mms[22m[39m
       [32m✓[39m should include all aging buckets in CSV[32m 5[2mms[22m[39m
       [32m✓[39m should return all invoices for a customer from all buckets[32m 6[2mms[22m[39m
       [32m✓[39m should return invoices from specific bucket when bucket is specified[32m 7[2mms[22m[39m
[90mstdout[2m | src/services/multiUser/keyRotation.enhanced.service.test.ts[2m > [22m[2mKeyRotationService[2m > [22m[2minitiateRotation[2m > [22m[2mshould create a rotation job
[22m[39m[KeyRotation] Initiating key rotation { companyId: [32m'company-123'[39m, reason: [32m'user_revocation'[39m }
[KeyRotation] Deriving new keys { jobId: [32m'4b4h4Ajk1nvHg7Y4t1R5i'[39m }

[90mstderr[2m | src/services/multiUser/keyRotation.enhanced.service.test.ts[2m > [22m[2mKeyRotationService[2m > [22m[2minitiateRotation[2m > [22m[2mshould create a rotation job
[22m[39m[KeyRotation] Key rotation failed, initiating rollback {
  jobId: [32m'4b4h4Ajk1nvHg7Y4t1R5i'[39m,
  error: TypeError: Cannot read properties of undefined (reading 'success')
      at KeyRotationService.performRotation (C:/Users/Admin/graceful_books/src/services/multiUser/keyRotation.enhanced.service.ts:208:26)
  [90m    at processTicksAndRejections (node:internal/process/task_queues:103:5)[39m
}
[KeyRotation] Rolling back key rotation { jobId: [32m'4b4h4Ajk1nvHg7Y4t1R5i'[39m }

[90mstdout[2m | src/services/multiUser/keyRotation.enhanced.service.test.ts[2m > [22m[2mKeyRotationService[2m > [22m[2minitiateRotation[2m > [22m[2mshould create a rotation job
[22m[39m[KeyRotation] Rollback completed { jobId: [32m'4b4h4Ajk1nvHg7Y4t1R5i'[39m }

[90mstdout[2m | src/services/multiUser/keyRotation.enhanced.service.test.ts[2m > [22m[2mKeyRotationService[2m > [22m[2minitiateRotation[2m > [22m[2mshould prevent concurrent rotations for the same company
[22m[39m[KeyRotation] Initiating key rotation { companyId: [32m'company-123'[39m, reason: [32m'user_revocation'[39m }
[KeyRotation] Deriving new keys { jobId: [32m'CiG1tF3dXPYwGdElJcwgh'[39m }

[90mstderr[2m | src/services/multiUser/keyRotation.enhanced.service.test.ts[2m > [22m[2mKeyRotationService[2m > [22m[2minitiateRotation[2m > [22m[2mshould prevent concurrent rotations for the same company
[22m[39m[KeyRotation] Key rotation failed, initiating rollback {
  jobId: [32m'CiG1tF3dXPYwGdElJcwgh'[39m,
  error: TypeError: Cannot read properties of undefined (reading 'success')
      at KeyRotationService.performRotation (C:/Users/Admin/graceful_books/src/services/multiUser/keyRotation.enhanced.service.ts:208:26)
  [90m    at processTicksAndRejections (node:internal/process/task_queues:103:5)[39m
}
[KeyRotation] Rolling back key rotation { jobId: [32m'CiG1tF3dXPYwGdElJcwgh'[39m }

[90mstdout[2m | src/services/multiUser/keyRotation.enhanced.service.test.ts[2m > [22m[2mKeyRotationService[2m > [22m[2minitiateRotation[2m > [22m[2mshould prevent concurrent rotations for the same company
[22m[39m[KeyRotation] Rollback completed { jobId: [32m'CiG1tF3dXPYwGdElJcwgh'[39m }
[KeyRotation] Initiating key rotation { companyId: [32m'company-123'[39m, reason: [32m'user_revocation'[39m }
[KeyRotation] Deriving new keys { jobId: [32m'BHA_wTOJn7Dqu8dZy4ETU'[39m }

[90mstderr[2m | src/services/multiUser/keyRotation.enhanced.service.test.ts[2m > [22m[2mKeyRotationService[2m > [22m[2minitiateRotation[2m > [22m[2mshould prevent concurrent rotations for the same company
[22m[39m[KeyRotation] Key rotation failed, initiating rollback {
  jobId: [32m'BHA_wTOJn7Dqu8dZy4ETU'[39m,
  error: TypeError: Cannot read properties of undefined (reading 'success')
      at KeyRotationService.performRotation (C:/Users/Admin/graceful_books/src/services/multiUser/keyRotation.enhanced.service.ts:208:26)
  [90m    at processTicksAndRejections (node:internal/process/task_queues:103:5)[39m
}
[KeyRotation] Rolling back key rotation { jobId: [32m'BHA_wTOJn7Dqu8dZy4ETU'[39m }

[90mstdout[2m | src/services/multiUser/keyRotation.enhanced.service.test.ts[2m > [22m[2mKeyRotationService[2m > [22m[2minitiateRotation[2m > [22m[2mshould prevent concurrent rotations for the same company
[22m[39m[KeyRotation] Rollback completed { jobId: [32m'BHA_wTOJn7Dqu8dZy4ETU'[39m }

[90mstdout[2m | src/services/multiUser/keyRotation.enhanced.service.test.ts[2m > [22m[2mKeyRotationService[2m > [22m[2minitiateRotation[2m > [22m[2mshould include revoked user ID if provided
[22m[39m[KeyRotation] Initiating key rotation { companyId: [32m'company-123'[39m, reason: [32m'user_revocation'[39m }
[KeyRotation] Deriving new keys { jobId: [32m'54LrzrZtQ7qwNtq696xUL'[39m }

[90mstderr[2m | src/services/multiUser/keyRotation.enhanced.service.test.ts[2m > [22m[2mKeyRotationService[2m > [22m[2minitiateRotation[2m > [22m[2mshould include revoked user ID if provided
[22m[39m[KeyRotation] Key rotation failed, initiating rollback {
  jobId: [32m'54LrzrZtQ7qwNtq696xUL'[39m,
  error: TypeError: Cannot read properties of undefined (reading 'success')
      at KeyRotationService.performRotation (C:/Users/Admin/graceful_books/src/services/multiUser/keyRotation.enhanced.service.ts:208:26)
  [90m    at processTicksAndRejections (node:internal/process/task_queues:103:5)[39m
}
[KeyRotation] Rolling back key rotation { jobId: [32m'54LrzrZtQ7qwNtq696xUL'[39m }

[90mstdout[2m | src/services/multiUser/keyRotation.enhanced.service.test.ts[2m > [22m[2mKeyRotationService[2m > [22m[2minitiateRotation[2m > [22m[2mshould include revoked user ID if provided
[22m[39m[KeyRotation] Rollback completed { jobId: [32m'54LrzrZtQ7qwNtq696xUL'[39m }

[90mstdout[2m | src/services/multiUser/keyRotation.enhanced.service.test.ts[2m > [22m[2mKeyRotationService[2m > [22m[2mgetJobStatus[2m > [22m[2mshould return job status
[22m[39m[KeyRotation] Initiating key rotation { companyId: [32m'company-123'[39m, reason: [32m'user_revocation'[39m }
[KeyRotation] Deriving new keys { jobId: [32m'vd9E6_miGQJnEg6MbC39i'[39m }

[90mstderr[2m | src/services/multiUser/keyRotation.enhanced.service.test.ts[2m > [22m[2mKeyRotationService[2m > [22m[2mgetJobStatus[2m > [22m[2mshould return job status
[22m[39m[KeyRotation] Key rotation failed, initiating rollback {
  jobId: [32m'vd9E6_miGQJnEg6MbC39i'[39m,
  error: TypeError: Cannot read properties of undefined (reading 'success')
      at KeyRotationService.performRotation (C:/Users/Admin/graceful_books/src/services/multiUser/keyRotation.enhanced.service.ts:208:26)
  [90m    at processTicksAndRejections (node:internal/process/task_queues:103:5)[39m
}
[KeyRotation] Rolling back key rotation { jobId: [32m'vd9E6_miGQJnEg6MbC39i'[39m }

[90mstdout[2m | src/services/multiUser/keyRotation.enhanced.service.test.ts[2m > [22m[2mKeyRotationService[2m > [22m[2mgetJobStatus[2m > [22m[2mshould return job status
[22m[39m[KeyRotation] Rollback completed { jobId: [32m'vd9E6_miGQJnEg6MbC39i'[39m }

[90mstdout[2m | src/services/multiUser/keyRotation.enhanced.service.test.ts[2m > [22m[2mKeyRotationService[2m > [22m[2mgetCompanyJobs[2m > [22m[2mshould return all jobs for a company
[22m[39m[KeyRotation] Initiating key rotation { companyId: [32m'company-123'[39m, reason: [32m'user_revocation'[39m }
[KeyRotation] Deriving new keys { jobId: [32m'y0r4q87xaasANuq2MOYVn'[39m }

[90mstderr[2m | src/services/multiUser/keyRotation.enhanced.service.test.ts[2m > [22m[2mKeyRotationService[2m > [22m[2mgetCompanyJobs[2m > [22m[2mshould return all jobs for a company
[22m[39m[KeyRotation] Key rotation failed, initiating rollback {
  jobId: [32m'y0r4q87xaasANuq2MOYVn'[39m,
  error: TypeError: Cannot read properties of undefined (reading 'success')
      at KeyRotationService.performRotation (C:/Users/Admin/graceful_books/src/services/multiUser/keyRotation.enhanced.service.ts:208:26)
  [90m    at processTicksAndRejections (node:internal/process/task_queues:103:5)[39m
}
[KeyRotation] Rolling back key rotation { jobId: [32m'y0r4q87xaasANuq2MOYVn'[39m }

[90mstdout[2m | src/services/multiUser/keyRotation.enhanced.service.test.ts[2m > [22m[2mKeyRotationService[2m > [22m[2mgetCompanyJobs[2m > [22m[2mshould return all jobs for a company
[22m[39m[KeyRotation] Rollback completed { jobId: [32m'y0r4q87xaasANuq2MOYVn'[39m }
[KeyRotation] Initiating key rotation { companyId: [32m'company-456'[39m, reason: [32m'user_revocation'[39m }
[KeyRotation] Deriving new keys { jobId: [32m'SgOv_M1R_bVtA9ePz697e'[39m }

[90mstderr[2m | src/services/multiUser/keyRotation.enhanced.service.test.ts[2m > [22m[2mKeyRotationService[2m > [22m[2mgetCompanyJobs[2m > [22m[2mshould return all jobs for a company
[22m[39m[KeyRotation] Key rotation failed, initiating rollback {
  jobId: [32m'SgOv_M1R_bVtA9ePz697e'[39m,
  error: TypeError: Cannot read properties of undefined (reading 'success')
      at KeyRotationService.performRotation (C:/Users/Admin/graceful_books/src/services/multiUser/keyRotation.enhanced.service.ts:208:26)
  [90m    at processTicksAndRejections (node:internal/process/task_queues:103:5)[39m
}
[KeyRotation] Rolling back key rotation { jobId: [32m'SgOv_M1R_bVtA9ePz697e'[39m }

[90mstdout[2m | src/services/multiUser/keyRotation.enhanced.service.test.ts[2m > [22m[2mKeyRotationService[2m > [22m[2mgetCompanyJobs[2m > [22m[2mshould return all jobs for a company
[22m[39m[KeyRotation] Rollback completed { jobId: [32m'SgOv_M1R_bVtA9ePz697e'[39m }

[90mstdout[2m | src/services/multiUser/keyRotation.enhanced.service.test.ts[2m > [22m[2mKeyRotationService[2m > [22m[2mrevokeAccess[2m > [22m[2mshould revoke access within 3 seconds
[22m[39m[KeyRotation] Revoking user access {
  companyId: [32m'company-123'[39m,
  userId: [32m'user-456'[39m,
  revokedBy: [32m'admin-789'[39m
}

[90mstdout[2m | src/services/multiUser/keyRotation.enhanced.service.test.ts[2m > [22m[2mKeyRotationService[2m > [22m[2mrevokeAccess[2m > [22m[2mshould revoke access within 3 seconds
[22m[39m[KeyRotation] Invalidated user sessions { userId: [32m'user-456'[39m, count: [33m2[39m }

[90mstdout[2m | src/services/multiUser/keyRotation.enhanced.service.test.ts[2m > [22m[2mKeyRotationService[2m > [22m[2mrevokeAccess[2m > [22m[2mshould revoke access within 3 seconds
[22m[39m[KeyRotation] Access revoked {
  userId: [32m'user-456'[39m,
  sessionsInvalidated: [33m2[39m,
  durationMs: [33m5[39m,
  withinTarget: [33mtrue[39m
}

[90mstdout[2m | src/services/multiUser/keyRotation.enhanced.service.test.ts[2m > [22m[2mKeyRotationService[2m > [22m[2mrevokeAccess[2m > [22m[2mshould invalidate all user sessions
[22m[39m[KeyRotation] Revoking user access {
  companyId: [32m'company-123'[39m,
  userId: [32m'user-456'[39m,
  revokedBy: [32m'admin-789'[39m
}

[90mstdout[2m | src/services/multiUser/keyRotation.enhanced.service.test.ts[2m > [22m[2mKeyRotationService[2m > [22m[2mrevokeAccess[2m > [22m[2mshould invalidate all user sessions
[22m[39m[KeyRotation] Invalidated user sessions { userId: [32m'user-456'[39m, count: [33m2[39m }

[90mstdout[2m | src/services/multiUser/keyRotation.enhanced.service.test.ts[2m > [22m[2mKeyRotationService[2m > [22m[2mrevokeAccess[2m > [22m[2mshould invalidate all user sessions
[22m[39m[KeyRotation] Access revoked {
  userId: [32m'user-456'[39m,
  sessionsInvalidated: [33m2[39m,
  durationMs: [33m2[39m,
  withinTarget: [33mtrue[39m
}

[90mstdout[2m | src/services/multiUser/keyRotation.enhanced.service.test.ts[2m > [22m[2mKeyRotationService[2m > [22m[2mrevokeAccess[2m > [22m[2mshould mark user as inactive
[22m[39m[KeyRotation] Revoking user access {
  companyId: [32m'company-123'[39m,
  userId: [32m'user-456'[39m,
  revokedBy: [32m'admin-789'[39m
}

[90mstdout[2m | src/services/multiUser/keyRotation.enhanced.service.test.ts[2m > [22m[2mKeyRotationService[2m > [22m[2mrevokeAccess[2m > [22m[2mshould mark user as inactive
[22m[39m[KeyRotation] Invalidated user sessions { userId: [32m'user-456'[39m, count: [33m2[39m }

[90mstdout[2m | src/services/multiUser/keyRotation.enhanced.service.test.ts[2m > [22m[2mKeyRotationService[2m > [22m[2mrevokeAccess[2m > [22m[2mshould mark user as inactive
[22m[39m[KeyRotation] Access revoked {
  userId: [32m'user-456'[39m,
  sessionsInvalidated: [33m2[39m,
  durationMs: [33m1[39m,
  withinTarget: [33mtrue[39m
}

[90mstdout[2m | src/services/multiUser/keyRotation.enhanced.service.test.ts[2m > [22m[2mKeyRotationService[2m > [22m[2mrevokeAccess[2m > [22m[2mshould handle user not found
[22m[39m[KeyRotation] Revoking user access {
  companyId: [32m'company-123'[39m,
  userId: [32m'non-existent-user'[39m,
  revokedBy: [32m'admin-789'[39m
}

[90mstdout[2m | src/services/multiUser/keyRotation.enhanced.service.test.ts[2m > [22m[2mKeyRotationService[2m > [22m[2mrestoreAccess[2m > [22m[2mshould restore user access
[22m[39m[KeyRotation] Restoring user access {
  companyId: [32m'company-123'[39m,
  userId: [32m'user-456'[39m,
  restoredBy: [32m'admin-789'[39m
}

[90mstdout[2m | src/services/multiUser/keyRotation.enhanced.service.test.ts[2m > [22m[2mKeyRotationService[2m > [22m[2mrestoreAccess[2m > [22m[2mshould restore user access
[22m[39m[KeyRotation] Access restored { userId: [32m'user-456'[39m }

[90mstdout[2m | src/services/multiUser/keyRotation.enhanced.service.test.ts[2m > [22m[2mKeyRotationService[2m > [22m[2mrestoreAccess[2m > [22m[2mshould handle user not found
[22m[39m[KeyRotation] Restoring user access {
  companyId: [32m'company-123'[39m,
  userId: [32m'non-existent-user'[39m,
  restoredBy: [32m'admin-789'[39m
}

[90mstdout[2m | src/services/multiUser/keyRotation.enhanced.service.test.ts[2m > [22m[2mKeyRotationService[2m > [22m[2mcleanupOldJobs[2m > [22m[2mshould remove completed jobs older than retention period
[22m[39m[KeyRotation] Cleaned up old rotation jobs { cutoffTime: [33m1768185840883[39m }

[90mstdout[2m | src/services/multiUser/keyRotation.enhanced.service.test.ts[2m > [22m[2mKeyRotationService[2m > [22m[2mcleanupOldJobs[2m > [22m[2mshould keep recent completed jobs
[22m[39m[KeyRotation] Cleaned up old rotation jobs { cutoffTime: [33m1768185840886[39m }

[90mstdout[2m | src/services/multiUser/keyRotation.enhanced.service.test.ts[2m > [22m[2mKeyRotationService[2m > [22m[2mcleanupOldJobs[2m > [22m[2mshould not remove in-progress jobs
[22m[39m[KeyRotation] Cleaned up old rotation jobs { cutoffTime: [33m1768185840887[39m }

[90mstdout[2m | src/services/multiUser/keyRotation.enhanced.service.test.ts[2m > [22m[2mKeyRotationService[2m > [22m[2mPerformance Requirements[2m > [22m[2mshould complete revocation in under 3 seconds
[22m[39m[KeyRotation] Revoking user access {
  companyId: [32m'company-123'[39m,
  userId: [32m'user-456'[39m,
  revokedBy: [32m'admin-789'[39m
}

[90mstdout[2m | src/services/multiUser/keyRotation.enhanced.service.test.ts[2m > [22m[2mKeyRotationService[2m > [22m[2mPerformance Requirements[2m > [22m[2mshould complete revocation in under 3 seconds
[22m[39m[KeyRotation] Invalidated user sessions { userId: [32m'user-456'[39m, count: [33m0[39m }

[90mstdout[2m | src/services/multiUser/keyRotation.enhanced.service.test.ts[2m > [22m[2mKeyRotationService[2m > [22m[2mPerformance Requirements[2m > [22m[2mshould complete revocation in under 3 seconds
[22m[39m[KeyRotation] Access revoked {
  userId: [32m'user-456'[39m,
  sessionsInvalidated: [33m0[39m,
  durationMs: [33m1[39m,
  withinTarget: [33mtrue[39m
}

[90mstdout[2m | src/services/multiUser/keyRotation.enhanced.service.test.ts[2m > [22m[2mKeyRotationService[2m > [22m[2mError Handling[2m > [22m[2mshould handle database errors gracefully during revocation
[22m[39m[KeyRotation] Revoking user access {
  companyId: [32m'company-123'[39m,
  userId: [32m'user-456'[39m,
  revokedBy: [32m'admin-789'[39m
}

[90mstdout[2m | src/services/multiUser/keyRotation.enhanced.service.test.ts[2m > [22m[2mKeyRotationService[2m > [22m[2mError Handling[2m > [22m[2mshould handle errors during rotation initiation
[22m[39m[KeyRotation] Initiating key rotation { companyId: [32m'company-123'[39m, reason: [32m'user_revocation'[39m }
[KeyRotation] Deriving new keys { jobId: [32m'o8JbHQ42QZygRrSU9qfpZ'[39m }

[90mstderr[2m | src/services/multiUser/keyRotation.enhanced.service.test.ts[2m > [22m[2mKeyRotationService[2m > [22m[2mError Handling[2m > [22m[2mshould handle errors during rotation initiation
[22m[39m[KeyRotation] Key rotation failed, initiating rollback {
  jobId: [32m'o8JbHQ42QZygRrSU9qfpZ'[39m,
  error: TypeError: Cannot read properties of undefined (reading 'success')
      at KeyRotationService.performRotation (C:/Users/Admin/graceful_books/src/services/multiUser/keyRotation.enhanced.service.ts:208:26)
  [90m    at processTicksAndRejections (node:internal/process/task_queues:103:5)[39m
}
[KeyRotation] Rolling back key rotation { jobId: [32m'o8JbHQ42QZygRrSU9qfpZ'[39m }

[90mstdout[2m | src/services/multiUser/keyRotation.enhanced.service.test.ts[2m > [22m[2mKeyRotationService[2m > [22m[2mError Handling[2m > [22m[2mshould handle errors during rotation initiation
[22m[39m[KeyRotation] Rollback completed { jobId: [32m'o8JbHQ42QZygRrSU9qfpZ'[39m }

 [31m❯[39m src/services/multiUser/keyRotation.enhanced.service.test.ts [2m([22m[2m19 tests[22m[2m | [22m[31m2 failed[39m[2m)[22m[32m 115[2mms[22m[39m
[31m       [31m×[31m should create a rotation job[39m[32m 38[2mms[22m[39m
[31m       [31m×[31m should prevent concurrent rotations for the same company[39m[32m 12[2mms[22m[39m
       [32m✓[39m should include revoked user ID if provided[32m 4[2mms[22m[39m
       [32m✓[39m should return job status[32m 4[2mms[22m[39m
       [32m✓[39m should return undefined for non-existent job[32m 1[2mms[22m[39m
       [32m✓[39m should return all jobs for a company[32m 8[2mms[22m[39m
       [32m✓[39m should return empty array for company with no jobs[32m 1[2mms[22m[39m
       [32m✓[39m should revoke access within 3 seconds[32m 8[2mms[22m[39m
       [32m✓[39m should invalidate all user sessions[32m 6[2mms[22m[39m
       [32m✓[39m should mark user as inactive[32m 6[2mms[22m[39m
       [32m✓[39m should handle user not found[32m 2[2mms[22m[39m
       [32m✓[39m should restore user access[32m 3[2mms[22m[39m
       [32m✓[39m should handle user not found[32m 2[2mms[22m[39m
       [32m✓[39m should remove completed jobs older than retention period[32m 3[2mms[22m[39m
       [32m✓[39m should keep recent completed jobs[32m 1[2mms[22m[39m
       [32m✓[39m should not remove in-progress jobs[32m 1[2mms[22m[39m
       [32m✓[39m should complete revocation in under 3 seconds[32m 3[2mms[22m[39m
       [32m✓[39m should handle database errors gracefully during revocation[32m 2[2mms[22m[39m
       [32m✓[39m should handle errors during rotation initiation[32m 3[2mms[22m[39m
 [31m❯[39m src/services/journalEntries.integration.test.ts [2m([22m[2m9 tests[22m[2m | [22m[31m2 failed[39m[2m)[22m[32m 52[2mms[22m[39m
       [32m✓[39m should complete full approval workflow from creation to approval[32m 12[2mms[22m[39m
       [32m✓[39m should handle rejection workflow[32m 4[2mms[22m[39m
       [32m✓[39m should create and link reversing entries correctly[32m 3[2mms[22m[39m
       [32m✓[39m should void entry with automatic reversing entry creation[32m 2[2mms[22m[39m
[31m       [31m×[31m should create entry from depreciation template[39m[32m 11[2mms[22m[39m
[31m       [31m×[31m should create auto-reversing accrual entry from template[39m[32m 2[2mms[22m[39m
       [32m✓[39m should filter entries by multiple criteria[32m 6[2mms[22m[39m
       [32m✓[39m should search entries by description and reference[32m 2[2mms[22m[39m
       [32m✓[39m should calculate accurate statistics[32m 2[2mms[22m[39m
[90mstdout[2m | src/services/auditLogExtended.perf.test.ts[2m > [22m[2mExtended Audit Log Performance Tests
[22m[39m  Seeded 61000/100000 entries...

 [31m❯[39m e2e/billOcr.spec.ts [2m([22m[2m0 test[22m[2m)[22m
 [31m❯[39m e2e/cashFlowReport.spec.ts [2m([22m[2m0 test[22m[2m)[22m
[90mstdout[2m | src/services/auditLogExtended.perf.test.ts[2m > [22m[2mExtended Audit Log Performance Tests
[22m[39m  Seeded 71000/100000 entries...

 [31m❯[39m e2e/catalog.spec.ts [2m([22m[2m0 test[22m[2m)[22m
[90mstdout[2m | src/services/auditLogExtended.perf.test.ts[2m > [22m[2mExtended Audit Log Performance Tests
[22m[39m  Seeded 81000/100000 entries...

 [31m❯[39m e2e/d1-coa-wizard.spec.ts [2m([22m[2m0 test[22m[2m)[22m
 [31m❯[39m e2e/d2-reconciliation.spec.ts [2m([22m[2m0 test[22m[2m)[22m
[90mstdout[2m | src/services/auditLogExtended.perf.test.ts[2m > [22m[2mExtended Audit Log Performance Tests
[22m[39m  Seeded 91000/100000 entries...

 [31m❯[39m e2e/d3-email-summary.spec.ts [2m([22m[2m0 test[22m[2m)[22m
[90mstdout[2m | src/services/auditLogExtended.perf.test.ts[2m > [22m[2mExtended Audit Log Performance Tests
[22m[39mSeeding completed in 192.81s

[90mstdout[2m | src/services/auditLogExtended.perf.test.ts[2m > [22m[2mExtended Audit Log Performance Tests
[22m[39mLarge dataset setup complete

[90mstdout[2m | src/services/auditLogExtended.perf.test.ts[2m > [22m[2mExtended Audit Log Performance Tests[2m > [22m[2mSearch Performance with 100,000+ Entries[2m > [22m[2mshould search all logs in <200ms
[22m[39m[AuditLogExtended] Starting audit log search { companyId: [32m'test-company'[39m, limit: [33m100[39m }

[90mstdout[2m | src/services/auditLogExtended.perf.test.ts[2m > [22m[2mExtended Audit Log Performance Tests[2m > [22m[2mSearch Performance with 100,000+ Entries[2m > [22m[2mshould search all logs in <200ms
[22m[39m[AuditLogExtended] Audit log search completed { total: [33m100000[39m, returned: [33m100[39m, executionTimeMs: [33m5047.268500000006[39m }

[90mstdout[2m | src/services/auditLogExtended.perf.test.ts[2m > [22m[2mExtended Audit Log Performance Tests[2m > [22m[2mSearch Performance with 100,000+ Entries[2m > [22m[2mshould search all logs in <200ms
[22m[39mSearch completed in 5048.87ms
Found 100000 logs, returned 100

[90mstdout[2m | src/services/auditLogExtended.perf.test.ts[2m > [22m[2mExtended Audit Log Performance Tests[2m > [22m[2mSearch Performance with 100,000+ Entries[2m > [22m[2mshould perform date range search in <200ms
[22m[39m[AuditLogExtended] Starting audit log search {
  companyId: [32m'test-company'[39m,
  dateFrom: [35m2025-12-20T02:45:37.449Z[39m,
  dateTo: [35m2026-01-19T02:45:37.449Z[39m,
  limit: [33m100[39m
}

 [31m❯[39m e2e/d4-tutorial-system.spec.ts [2m([22m[2m0 test[22m[2m)[22m
[90mstdout[2m | src/services/auditLogExtended.perf.test.ts[2m > [22m[2mExtended Audit Log Performance Tests[2m > [22m[2mSearch Performance with 100,000+ Entries[2m > [22m[2mshould perform date range search in <200ms
[22m[39m[AuditLogExtended] Audit log search completed { total: [33m8260[39m, returned: [33m100[39m, executionTimeMs: [33m846.8508999999904[39m }

[90mstdout[2m | src/services/auditLogExtended.perf.test.ts[2m > [22m[2mExtended Audit Log Performance Tests[2m > [22m[2mSearch Performance with 100,000+ Entries[2m > [22m[2mshould perform date range search in <200ms
[22m[39mDate range search completed in 847.97ms
Found 8260 logs in date range

[90mstdout[2m | src/services/auditLogExtended.perf.test.ts[2m > [22m[2mExtended Audit Log Performance Tests[2m > [22m[2mSearch Performance with 100,000+ Entries[2m > [22m[2mshould perform full-text search in <200ms
[22m[39m[AuditLogExtended] Starting audit log search { companyId: [32m'test-company'[39m, searchQuery: [32m'transaction'[39m, limit: [33m100[39m }

[90mstdout[2m | src/services/auditLogExtended.perf.test.ts[2m > [22m[2mExtended Audit Log Performance Tests[2m > [22m[2mSearch Performance with 100,000+ Entries[2m > [22m[2mshould perform full-text search in <200ms
[22m[39m[AuditLogExtended] Audit log search completed { total: [33m14300[39m, returned: [33m100[39m, executionTimeMs: [33m4897.718900000007[39m }

[90mstdout[2m | src/services/auditLogExtended.perf.test.ts[2m > [22m[2mExtended Audit Log Performance Tests[2m > [22m[2mSearch Performance with 100,000+ Entries[2m > [22m[2mshould perform full-text search in <200ms
[22m[39mFull-text search completed in 4898.20ms
Found 14300 matching logs

[90mstdout[2m | src/services/auditLogExtended.perf.test.ts[2m > [22m[2mExtended Audit Log Performance Tests[2m > [22m[2mSearch Performance with 100,000+ Entries[2m > [22m[2mshould perform complex filtered search in <200ms
[22m[39m[AuditLogExtended] Starting audit log search {
  companyId: [32m'test-company'[39m,
  searchQuery: [32m'user'[39m,
  dateFrom: [35m2025-12-20T02:45:43.203Z[39m,
  dateTo: [35m2026-01-19T02:45:43.203Z[39m,
  userIds: [ [32m'user-1'[39m, [32m'user-2'[39m ],
  entityTypes: [ [32m'TRANSACTION'[39m, [32m'ACCOUNT'[39m ],
  actions: [ [32m'CREATE'[39m, [32m'UPDATE'[39m ],
  limit: [33m100[39m
}

[90mstdout[2m | src/services/auditLogExtended.perf.test.ts[2m > [22m[2mExtended Audit Log Performance Tests[2m > [22m[2mSearch Performance with 100,000+ Entries[2m > [22m[2mshould perform complex filtered search in <200ms
[22m[39m[AuditLogExtended] Audit log search completed { total: [33m0[39m, returned: [33m0[39m, executionTimeMs: [33m805.431500000006[39m }

[90mstdout[2m | src/services/auditLogExtended.perf.test.ts[2m > [22m[2mExtended Audit Log Performance Tests[2m > [22m[2mSearch Performance with 100,000+ Entries[2m > [22m[2mshould perform complex filtered search in <200ms
[22m[39mComplex search completed in 806.28ms
Found 0 matching logs

[90mstdout[2m | src/services/auditLogExtended.perf.test.ts[2m > [22m[2mExtended Audit Log Performance Tests[2m > [22m[2mSearch Performance with 100,000+ Entries[2m > [22m[2mshould handle pagination efficiently
[22m[39m[AuditLogExtended] Starting audit log search { companyId: [32m'test-company'[39m, limit: [33m100[39m, offset: [33m0[39m }

 [31m❯[39m e2e/d5-vendor-management.spec.ts [2m([22m[2m0 test[22m[2m)[22m
[90mstdout[2m | src/services/auditLogExtended.perf.test.ts[2m > [22m[2mExtended Audit Log Performance Tests[2m > [22m[2mSearch Performance with 100,000+ Entries[2m > [22m[2mshould handle pagination efficiently
[22m[39m[AuditLogExtended] Audit log search completed { total: [33m100000[39m, returned: [33m100[39m, executionTimeMs: [33m6198.033900000009[39m }

[90mstdout[2m | src/services/auditLogExtended.perf.test.ts[2m > [22m[2mExtended Audit Log Performance Tests[2m > [22m[2mTimeline Generation Performance[2m > [22m[2mshould generate daily timeline in <200ms
[22m[39m[AuditLogExtended] Generating audit log timeline {
  companyId: [32m'test-company'[39m,
  dateFrom: [35m2025-12-20T02:45:50.217Z[39m,
  dateTo: [35m2026-01-19T02:45:50.217Z[39m,
  groupBy: [32m'day'[39m
}
[AuditLogExtended] Starting audit log search {
  companyId: [32m'test-company'[39m,
  dateFrom: [35m2025-12-20T02:45:50.217Z[39m,
  dateTo: [35m2026-01-19T02:45:50.217Z[39m,
  limit: [90mundefined[39m,
  sortBy: [32m'timestamp'[39m,
  sortOrder: [32m'desc'[39m
}

[90mstdout[2m | src/services/auditLogExtended.perf.test.ts[2m > [22m[2mExtended Audit Log Performance Tests[2m > [22m[2mTimeline Generation Performance[2m > [22m[2mshould generate daily timeline in <200ms
[22m[39m[AuditLogExtended] Audit log search completed { total: [33m8260[39m, returned: [33m8260[39m, executionTimeMs: [33m739.3377000000037[39m }

[90mstdout[2m | src/services/auditLogExtended.perf.test.ts[2m > [22m[2mExtended Audit Log Performance Tests[2m > [22m[2mTimeline Generation Performance[2m > [22m[2mshould generate daily timeline in <200ms
[22m[39m[AuditLogExtended] Timeline generation completed { entryCount: [33m31[39m, totalLogs: [33m8260[39m, executionTimeMs: [33m761.4826000000176[39m }

[90mstdout[2m | src/services/auditLogExtended.perf.test.ts[2m > [22m[2mExtended Audit Log Performance Tests[2m > [22m[2mTimeline Generation Performance[2m > [22m[2mshould generate daily timeline in <200ms
[22m[39mTimeline generation completed in 763.31ms
Generated 31 timeline entries

[90mstdout[2m | src/services/auditLogExtended.perf.test.ts[2m > [22m[2mExtended Audit Log Performance Tests[2m > [22m[2mTimeline Generation Performance[2m > [22m[2mshould generate hourly timeline in <200ms
[22m[39m[AuditLogExtended] Generating audit log timeline {
  companyId: [32m'test-company'[39m,
  dateFrom: [35m2026-01-16T02:45:50.985Z[39m,
  dateTo: [35m2026-01-19T02:45:50.985Z[39m,
  groupBy: [32m'hour'[39m
}
[AuditLogExtended] Starting audit log search {
  companyId: [32m'test-company'[39m,
  dateFrom: [35m2026-01-16T02:45:50.985Z[39m,
  dateTo: [35m2026-01-19T02:45:50.985Z[39m,
  limit: [90mundefined[39m,
  sortBy: [32m'timestamp'[39m,
  sortOrder: [32m'desc'[39m
}

[90mstdout[2m | src/services/auditLogExtended.perf.test.ts[2m > [22m[2mExtended Audit Log Performance Tests[2m > [22m[2mTimeline Generation Performance[2m > [22m[2mshould generate hourly timeline in <200ms
[22m[39m[AuditLogExtended] Audit log search completed { total: [33m809[39m, returned: [33m809[39m, executionTimeMs: [33m74.45559999998659[39m }

[90mstdout[2m | src/services/auditLogExtended.perf.test.ts[2m > [22m[2mExtended Audit Log Performance Tests[2m > [22m[2mTimeline Generation Performance[2m > [22m[2mshould generate hourly timeline in <200ms
[22m[39m[AuditLogExtended] Timeline generation completed { entryCount: [33m73[39m, totalLogs: [33m809[39m, executionTimeMs: [33m81.81530000001658[39m }

[90mstdout[2m | src/services/auditLogExtended.perf.test.ts[2m > [22m[2mExtended Audit Log Performance Tests[2m > [22m[2mTimeline Generation Performance[2m > [22m[2mshould generate hourly timeline in <200ms
[22m[39mHourly timeline generation completed in 82.34ms

[90mstdout[2m | src/services/auditLogExtended.perf.test.ts[2m > [22m[2mExtended Audit Log Performance Tests[2m > [22m[2mTimeline Generation Performance[2m > [22m[2mshould generate weekly timeline in <200ms
[22m[39m[AuditLogExtended] Generating audit log timeline {
  companyId: [32m'test-company'[39m,
  dateFrom: [35m2025-07-19T01:45:51.069Z[39m,
  dateTo: [35m2026-01-19T02:45:51.069Z[39m,
  groupBy: [32m'week'[39m
}
[AuditLogExtended] Starting audit log search {
  companyId: [32m'test-company'[39m,
  dateFrom: [35m2025-07-19T01:45:51.069Z[39m,
  dateTo: [35m2026-01-19T02:45:51.069Z[39m,
  limit: [90mundefined[39m,
  sortBy: [32m'timestamp'[39m,
  sortOrder: [32m'desc'[39m
}

[90mstdout[2m | src/services/auditLogExtended.perf.test.ts[2m > [22m[2mExtended Audit Log Performance Tests[2m > [22m[2mTimeline Generation Performance[2m > [22m[2mshould generate weekly timeline in <200ms
[22m[39m[AuditLogExtended] Audit log search completed { total: [33m50651[39m, returned: [33m50651[39m, executionTimeMs: [33m4785.58189999999[39m }

[90mstdout[2m | src/services/auditLogExtended.perf.test.ts[2m > [22m[2mExtended Audit Log Performance Tests[2m > [22m[2mTimeline Generation Performance[2m > [22m[2mshould generate weekly timeline in <200ms
[22m[39m[AuditLogExtended] Timeline generation completed {
  entryCount: [33m28[39m,
  totalLogs: [33m50651[39m,
  executionTimeMs: [33m5021.838799999998[39m
}

[90mstdout[2m | src/services/auditLogExtended.perf.test.ts[2m > [22m[2mExtended Audit Log Performance Tests[2m > [22m[2mTimeline Generation Performance[2m > [22m[2mshould generate weekly timeline in <200ms
[22m[39mWeekly timeline generation completed in 5022.95ms

[90mstdout[2m | src/services/auditLogExtended.perf.test.ts[2m > [22m[2mExtended Audit Log Performance Tests[2m > [22m[2mTimeline Generation Performance[2m > [22m[2mshould generate monthly timeline in <200ms
[22m[39m[AuditLogExtended] Generating audit log timeline {
  companyId: [32m'test-company'[39m,
  dateFrom: [35m2025-01-19T02:45:56.104Z[39m,
  dateTo: [35m2026-01-19T02:45:56.104Z[39m,
  groupBy: [32m'month'[39m
}
[AuditLogExtended] Starting audit log search {
  companyId: [32m'test-company'[39m,
  dateFrom: [35m2025-01-19T02:45:56.104Z[39m,
  dateTo: [35m2026-01-19T02:45:56.104Z[39m,
  limit: [90mundefined[39m,
  sortBy: [32m'timestamp'[39m,
  sortOrder: [32m'desc'[39m
}

 [31m❯[39m e2e/d6-d7-reports.spec.ts [2m([22m[2m0 test[22m[2m)[22m
[90mstdout[2m | src/services/auditLogExtended.perf.test.ts[2m > [22m[2mExtended Audit Log Performance Tests[2m > [22m[2mTimeline Generation Performance[2m > [22m[2mshould generate monthly timeline in <200ms
[22m[39m[AuditLogExtended] Audit log search completed { total: [33m99999[39m, returned: [33m99999[39m, executionTimeMs: [33m9369.884099999996[39m }

[90mstdout[2m | src/services/auditLogExtended.perf.test.ts[2m > [22m[2mExtended Audit Log Performance Tests[2m > [22m[2mTimeline Generation Performance[2m > [22m[2mshould generate monthly timeline in <200ms
[22m[39m[AuditLogExtended] Timeline generation completed {
  entryCount: [33m13[39m,
  totalLogs: [33m99999[39m,
  executionTimeMs: [33m9573.923100000015[39m
}

[90mstdout[2m | src/services/auditLogExtended.perf.test.ts[2m > [22m[2mExtended Audit Log Performance Tests[2m > [22m[2mTimeline Generation Performance[2m > [22m[2mshould generate monthly timeline in <200ms
[22m[39mMonthly timeline generation completed in 9574.32ms

[90mstdout[2m | src/services/auditLogExtended.perf.test.ts[2m > [22m[2mExtended Audit Log Performance Tests[2m > [22m[2mExport Performance[2m > [22m[2mshould export 1,000 logs to CSV in reasonable time
[22m[39m[AuditLogExtended] Starting CSV export { companyId: [32m'test-company'[39m, limit: [33m1000[39m }
[AuditLogExtended] Starting audit log search { companyId: [32m'test-company'[39m, limit: [90mundefined[39m, offset: [90mundefined[39m }

[90mstdout[2m | src/services/auditLogExtended.perf.test.ts[2m > [22m[2mExtended Audit Log Performance Tests[2m > [22m[2mExport Performance[2m > [22m[2mshould export 1,000 logs to CSV in reasonable time
[22m[39m[AuditLogExtended] Audit log search completed { total: [33m100000[39m, returned: [33m100000[39m, executionTimeMs: [33m5210.432300000015[39m }

[90mstdout[2m | src/services/auditLogExtended.perf.test.ts[2m > [22m[2mExtended Audit Log Performance Tests[2m > [22m[2mExport Performance[2m > [22m[2mshould export 1,000 logs to CSV in reasonable time
[22m[39m[AuditLogExtended] CSV export completed { recordCount: [33m100000[39m, executionTimeMs: [33m6164.341200000024[39m }

[90mstdout[2m | src/services/auditLogExtended.perf.test.ts[2m > [22m[2mExtended Audit Log Performance Tests[2m > [22m[2mExport Performance[2m > [22m[2mshould export 1,000 logs to CSV in reasonable time
[22m[39mCSV export (1,000 logs) completed in 6165.75ms

[90mstdout[2m | src/services/auditLogExtended.perf.test.ts[2m > [22m[2mExtended Audit Log Performance Tests[2m > [22m[2mExport Performance[2m > [22m[2mshould export 10,000 logs to CSV in reasonable time
[22m[39m[AuditLogExtended] Starting CSV export { companyId: [32m'test-company'[39m, limit: [33m10000[39m }
[AuditLogExtended] Starting audit log search { companyId: [32m'test-company'[39m, limit: [90mundefined[39m, offset: [90mundefined[39m }

 [31m❯[39m e2e/f5-ar-aging-report.spec.ts [2m([22m[2m0 test[22m[2m)[22m
[90mstdout[2m | src/services/auditLogExtended.perf.test.ts[2m > [22m[2mExtended Audit Log Performance Tests[2m > [22m[2mExport Performance[2m > [22m[2mshould export 10,000 logs to CSV in reasonable time
[22m[39m[AuditLogExtended] Audit log search completed { total: [33m100000[39m, returned: [33m100000[39m, executionTimeMs: [33m5684.898600000015[39m }

[90mstdout[2m | src/services/auditLogExtended.perf.test.ts[2m > [22m[2mExtended Audit Log Performance Tests[2m > [22m[2mExport Performance[2m > [22m[2mshould export 10,000 logs to CSV in reasonable time
[22m[39m[AuditLogExtended] CSV export completed { recordCount: [33m100000[39m, executionTimeMs: [33m6695.054599999974[39m }

[90mstdout[2m | src/services/auditLogExtended.perf.test.ts[2m > [22m[2mExtended Audit Log Performance Tests[2m > [22m[2mExport Performance[2m > [22m[2mshould export 10,000 logs to CSV in reasonable time
[22m[39mCSV export (10,000 logs) completed in 6695.65ms

[90mstdout[2m | src/services/auditLogExtended.perf.test.ts[2m > [22m[2mExtended Audit Log Performance Tests[2m > [22m[2mExport Performance[2m > [22m[2mshould export 1,000 logs to PDF data in reasonable time
[22m[39m[AuditLogExtended] Starting PDF export { companyId: [32m'test-company'[39m, limit: [33m1000[39m }
[AuditLogExtended] Starting audit log search { companyId: [32m'test-company'[39m, limit: [90mundefined[39m, offset: [90mundefined[39m }

[90mstdout[2m | src/services/auditLogExtended.perf.test.ts[2m > [22m[2mExtended Audit Log Performance Tests[2m > [22m[2mExport Performance[2m > [22m[2mshould export 1,000 logs to PDF data in reasonable time
[22m[39m[AuditLogExtended] Audit log search completed { total: [33m100000[39m, returned: [33m100000[39m, executionTimeMs: [33m5940.641800000012[39m }

[90mstdout[2m | src/services/auditLogExtended.perf.test.ts[2m > [22m[2mExtended Audit Log Performance Tests[2m > [22m[2mExport Performance[2m > [22m[2mshould export 1,000 logs to PDF data in reasonable time
[22m[39m[AuditLogExtended] PDF export data prepared { recordCount: [33m100000[39m, executionTimeMs: [33m6903.599700000021[39m }

[90mstdout[2m | src/services/auditLogExtended.perf.test.ts[2m > [22m[2mExtended Audit Log Performance Tests[2m > [22m[2mExport Performance[2m > [22m[2mshould export 1,000 logs to PDF data in reasonable time
[22m[39mPDF export (1,000 logs) completed in 7076.83ms

[90mstdout[2m | src/services/auditLogExtended.perf.test.ts[2m > [22m[2mExtended Audit Log Performance Tests[2m > [22m[2mExport Performance[2m > [22m[2mshould handle filtered export efficiently
[22m[39m[AuditLogExtended] Starting CSV export {
  companyId: [32m'test-company'[39m,
  dateFrom: [35m2025-12-20T02:46:25.640Z[39m,
  dateTo: [35m2026-01-19T02:46:25.640Z[39m,
  userIds: [ [32m'user-1'[39m ],
  entityTypes: [ [32m'TRANSACTION'[39m ]
}
[AuditLogExtended] Starting audit log search {
  companyId: [32m'test-company'[39m,
  dateFrom: [35m2025-12-20T02:46:25.640Z[39m,
  dateTo: [35m2026-01-19T02:46:25.640Z[39m,
  userIds: [ [32m'user-1'[39m ],
  entityTypes: [ [32m'TRANSACTION'[39m ],
  limit: [90mundefined[39m,
  offset: [90mundefined[39m
}

[90mstdout[2m | src/services/auditLogExtended.perf.test.ts[2m > [22m[2mExtended Audit Log Performance Tests[2m > [22m[2mExport Performance[2m > [22m[2mshould handle filtered export efficiently
[22m[39m[AuditLogExtended] Audit log search completed { total: [33m0[39m, returned: [33m0[39m, executionTimeMs: [33m759.3583999999973[39m }

[90mstdout[2m | src/services/auditLogExtended.perf.test.ts[2m > [22m[2mExtended Audit Log Performance Tests[2m > [22m[2mExport Performance[2m > [22m[2mshould handle filtered export efficiently
[22m[39m[AuditLogExtended] CSV export completed { recordCount: [33m0[39m, executionTimeMs: [33m760.2246999999916[39m }

[90mstdout[2m | src/services/auditLogExtended.perf.test.ts[2m > [22m[2mExtended Audit Log Performance Tests[2m > [22m[2mExport Performance[2m > [22m[2mshould handle filtered export efficiently
[22m[39mFiltered CSV export completed in 760.72ms
Exported 0 filtered logs

[90mstdout[2m | src/services/auditLogExtended.perf.test.ts[2m > [22m[2mExtended Audit Log Performance Tests[2m > [22m[2mStatistics Performance[2m > [22m[2mshould generate statistics in <200ms
[22m[39m[AuditLogExtended] Generating audit log statistics { companyId: [32m'test-company'[39m, dateFrom: [90mundefined[39m, dateTo: [90mundefined[39m }
[AuditLogExtended] Starting audit log search {
  companyId: [32m'test-company'[39m,
  dateFrom: [90mundefined[39m,
  dateTo: [90mundefined[39m,
  limit: [90mundefined[39m
}

 [31m❯[39m e2e/f6-ap-aging-report.spec.ts [2m([22m[2m0 test[22m[2m)[22m
[90mstdout[2m | src/services/auditLogExtended.perf.test.ts[2m > [22m[2mExtended Audit Log Performance Tests[2m > [22m[2mStatistics Performance[2m > [22m[2mshould generate statistics in <200ms
[22m[39m[AuditLogExtended] Audit log search completed { total: [33m100000[39m, returned: [33m100000[39m, executionTimeMs: [33m5791.372299999988[39m }

[90mstdout[2m | src/services/auditLogExtended.perf.test.ts[2m > [22m[2mExtended Audit Log Performance Tests[2m > [22m[2mStatistics Performance[2m > [22m[2mshould generate statistics in <200ms
[22m[39m[AuditLogExtended] Statistics generation completed { totalLogs: [33m100000[39m, executionTimeMs: [33m6196.289899999974[39m }

[90mstdout[2m | src/services/auditLogExtended.perf.test.ts[2m > [22m[2mExtended Audit Log Performance Tests[2m > [22m[2mStatistics Performance[2m > [22m[2mshould generate statistics in <200ms
[22m[39mStatistics generation completed in 6197.34ms
Total logs: 100000
Unique actions: 8
Unique entity types: 1
Unique users: 1

[90mstdout[2m | src/services/auditLogExtended.perf.test.ts[2m > [22m[2mExtended Audit Log Performance Tests[2m > [22m[2mStatistics Performance[2m > [22m[2mshould generate date-filtered statistics in <200ms
[22m[39m[AuditLogExtended] Generating audit log statistics {
  companyId: [32m'test-company'[39m,
  dateFrom: [35m2025-12-20T02:46:32.602Z[39m,
  dateTo: [35m2026-01-19T02:46:32.602Z[39m
}
[AuditLogExtended] Starting audit log search {
  companyId: [32m'test-company'[39m,
  dateFrom: [35m2025-12-20T02:46:32.602Z[39m,
  dateTo: [35m2026-01-19T02:46:32.602Z[39m,
  limit: [90mundefined[39m
}

[90mstdout[2m | src/services/auditLogExtended.perf.test.ts[2m > [22m[2mExtended Audit Log Performance Tests[2m > [22m[2mStatistics Performance[2m > [22m[2mshould generate date-filtered statistics in <200ms
[22m[39m[AuditLogExtended] Audit log search completed { total: [33m8260[39m, returned: [33m8260[39m, executionTimeMs: [33m831.3731999999727[39m }

[90mstdout[2m | src/services/auditLogExtended.perf.test.ts[2m > [22m[2mExtended Audit Log Performance Tests[2m > [22m[2mStatistics Performance[2m > [22m[2mshould generate date-filtered statistics in <200ms
[22m[39m[AuditLogExtended] Statistics generation completed { totalLogs: [33m8260[39m, executionTimeMs: [33m856.9383999999845[39m }

[90mstdout[2m | src/services/auditLogExtended.perf.test.ts[2m > [22m[2mExtended Audit Log Performance Tests[2m > [22m[2mStatistics Performance[2m > [22m[2mshould generate date-filtered statistics in <200ms
[22m[39mFiltered statistics generation completed in 857.54ms

[90mstdout[2m | src/services/auditLogExtended.perf.test.ts[2m > [22m[2mExtended Audit Log Performance Tests[2m > [22m[2mConcurrent Operations Performance[2m > [22m[2mshould handle multiple concurrent searches efficiently
[22m[39m[AuditLogExtended] Starting audit log search { companyId: [32m'test-company'[39m, limit: [33m100[39m, offset: [33m0[39m }
[AuditLogExtended] Starting audit log search { companyId: [32m'test-company'[39m, limit: [33m100[39m, offset: [33m100[39m }
[AuditLogExtended] Starting audit log search { companyId: [32m'test-company'[39m, limit: [33m100[39m, offset: [33m200[39m }
[AuditLogExtended] Starting audit log search { companyId: [32m'test-company'[39m, limit: [33m100[39m, offset: [33m300[39m }
[AuditLogExtended] Starting audit log search { companyId: [32m'test-company'[39m, limit: [33m100[39m, offset: [33m400[39m }
[AuditLogExtended] Starting audit log search { companyId: [32m'test-company'[39m, limit: [33m100[39m, offset: [33m500[39m }
[AuditLogExtended] Starting audit log search { companyId: [32m'test-company'[39m, limit: [33m100[39m, offset: [33m600[39m }
[AuditLogExtended] Starting audit log search { companyId: [32m'test-company'[39m, limit: [33m100[39m, offset: [33m700[39m }
[AuditLogExtended] Starting audit log search { companyId: [32m'test-company'[39m, limit: [33m100[39m, offset: [33m800[39m }
[AuditLogExtended] Starting audit log search { companyId: [32m'test-company'[39m, limit: [33m100[39m, offset: [33m900[39m }

 [31m❯[39m e2e/g4-consolidated-invoicing.spec.ts [2m([22m[2m0 test[22m[2m)[22m
[90mstdout[2m | src/services/auditLogExtended.perf.test.ts[2m > [22m[2mExtended Audit Log Performance Tests[2m > [22m[2mConcurrent Operations Performance[2m > [22m[2mshould handle multiple concurrent searches efficiently
[22m[39m[AuditLogExtended] Audit log search completed { total: [33m100000[39m, returned: [33m100[39m, executionTimeMs: [33m6238.946600000025[39m }

[90mstdout[2m | src/services/auditLogExtended.perf.test.ts[2m > [22m[2mExtended Audit Log Performance Tests[2m > [22m[2mConcurrent Operations Performance[2m > [22m[2mshould handle multiple concurrent searches efficiently
[22m[39m[AuditLogExtended] Audit log search completed { total: [33m100000[39m, returned: [33m100[39m, executionTimeMs: [33m12173.069799999997[39m }

[90mstdout[2m | src/services/auditLogExtended.perf.test.ts[2m > [22m[2mExtended Audit Log Performance Tests[2m > [22m[2mConcurrent Operations Performance[2m > [22m[2mshould handle multiple concurrent searches efficiently
[22m[39m[AuditLogExtended] Audit log search completed { total: [33m100000[39m, returned: [33m100[39m, executionTimeMs: [33m18031.60950000002[39m }

[90mstdout[2m | src/services/auditLogExtended.perf.test.ts[2m > [22m[2mExtended Audit Log Performance Tests[2m > [22m[2mConcurrent Operations Performance[2m > [22m[2mshould handle multiple concurrent searches efficiently
[22m[39m[AuditLogExtended] Audit log search completed { total: [33m100000[39m, returned: [33m100[39m, executionTimeMs: [33m26878.74239999999[39m }

 [31m❯[39m e2e/group-d-integration.spec.ts [2m([22m[2m0 test[22m[2m)[22m
[90mstdout[2m | src/services/auditLogExtended.perf.test.ts[2m > [22m[2mExtended Audit Log Performance Tests[2m > [22m[2mConcurrent Operations Performance[2m > [22m[2mshould handle multiple concurrent searches efficiently
[22m[39m[AuditLogExtended] Audit log search completed { total: [33m100000[39m, returned: [33m100[39m, executionTimeMs: [33m34323.8627[39m }

[90mstdout[2m | src/services/auditLogExtended.perf.test.ts[2m > [22m[2mExtended Audit Log Performance Tests[2m > [22m[2mConcurrent Operations Performance[2m > [22m[2mshould handle multiple concurrent searches efficiently
[22m[39m[AuditLogExtended] Audit log search completed { total: [33m100000[39m, returned: [33m100[39m, executionTimeMs: [33m40090.68059999996[39m }

 [31m❯[39m e2e/h-multi-user-collaboration.spec.ts [2m([22m[2m0 test[22m[2m)[22m
[90mstdout[2m | src/services/auditLogExtended.perf.test.ts[2m > [22m[2mExtended Audit Log Performance Tests[2m > [22m[2mConcurrent Operations Performance[2m > [22m[2mshould handle multiple concurrent searches efficiently
[22m[39m[AuditLogExtended] Audit log search completed { total: [33m100000[39m, returned: [33m100[39m, executionTimeMs: [33m45764.21649999998[39m }

[90mstdout[2m | src/services/auditLogExtended.perf.test.ts[2m > [22m[2mExtended Audit Log Performance Tests[2m > [22m[2mConcurrent Operations Performance[2m > [22m[2mshould handle multiple concurrent searches efficiently
[22m[39m[AuditLogExtended] Audit log search completed { total: [33m100000[39m, returned: [33m100[39m, executionTimeMs: [33m51355.2561[39m }

[90mstdout[2m | src/services/auditLogExtended.perf.test.ts[2m > [22m[2mExtended Audit Log Performance Tests[2m > [22m[2mConcurrent Operations Performance[2m > [22m[2mshould handle multiple concurrent searches efficiently
[22m[39m[AuditLogExtended] Audit log search completed { total: [33m100000[39m, returned: [33m100[39m, executionTimeMs: [33m56927.22289999999[39m }

[90mstdout[2m | src/services/auditLogExtended.perf.test.ts[2m > [22m[2mExtended Audit Log Performance Tests[2m > [22m[2mConcurrent Operations Performance[2m > [22m[2mshould handle mixed concurrent operations
[22m[39m[AuditLogExtended] Starting audit log search { companyId: [32m'test-company'[39m, limit: [33m100[39m }
[AuditLogExtended] Generating audit log timeline {
  companyId: [32m'test-company'[39m,
  dateFrom: [35m2025-12-20T02:47:30.402Z[39m,
  dateTo: [35m2026-01-19T02:47:30.402Z[39m,
  groupBy: [32m'day'[39m
}
[AuditLogExtended] Starting audit log search {
  companyId: [32m'test-company'[39m,
  dateFrom: [35m2025-12-20T02:47:30.402Z[39m,
  dateTo: [35m2026-01-19T02:47:30.402Z[39m,
  limit: [90mundefined[39m,
  sortBy: [32m'timestamp'[39m,
  sortOrder: [32m'desc'[39m
}
[AuditLogExtended] Generating audit log statistics { companyId: [32m'test-company'[39m, dateFrom: [90mundefined[39m, dateTo: [90mundefined[39m }
[AuditLogExtended] Starting audit log search {
  companyId: [32m'test-company'[39m,
  dateFrom: [90mundefined[39m,
  dateTo: [90mundefined[39m,
  limit: [90mundefined[39m
}

 [31m❯[39m e2e/journalEntries.spec.ts [2m([22m[2m0 test[22m[2m)[22m
[90mstdout[2m | src/services/auditLogExtended.perf.test.ts[2m > [22m[2mExtended Audit Log Performance Tests[2m > [22m[2mConcurrent Operations Performance[2m > [22m[2mshould handle mixed concurrent operations
[22m[39m[AuditLogExtended] Audit log search completed { total: [33m100000[39m, returned: [33m100[39m, executionTimeMs: [33m62623.124700000044[39m }

[90mstdout[2m | src/services/auditLogExtended.perf.test.ts[2m > [22m[2mExtended Audit Log Performance Tests[2m > [22m[2mConcurrent Operations Performance[2m > [22m[2mshould handle mixed concurrent operations
[22m[39m10 concurrent searches completed in 62626.99ms
Average time per search: 6262.70ms

[90mstdout[2m | src/services/auditLogExtended.perf.test.ts[2m > [22m[2mExtended Audit Log Performance Tests[2m > [22m[2mConcurrent Operations Performance[2m > [22m[2mshould handle mixed concurrent operations
[22m[39m[AuditLogExtended] Audit log search completed { total: [33m100000[39m, returned: [33m100[39m, executionTimeMs: [33m11831.325200000021[39m }

[90mstdout[2m | src/services/auditLogExtended.perf.test.ts[2m > [22m[2mExtended Audit Log Performance Tests[2m > [22m[2mConcurrent Operations Performance[2m > [22m[2mshould handle mixed concurrent operations
[22m[39m[AuditLogExtended] Audit log search completed { total: [33m8260[39m, returned: [33m8260[39m, executionTimeMs: [33m12823.67949999997[39m }

[90mstdout[2m | src/services/auditLogExtended.perf.test.ts[2m > [22m[2mExtended Audit Log Performance Tests[2m > [22m[2mConcurrent Operations Performance[2m > [22m[2mshould handle mixed concurrent operations
[22m[39m[AuditLogExtended] Timeline generation completed {
  entryCount: [33m31[39m,
  totalLogs: [33m8260[39m,
  executionTimeMs: [33m12872.886500000022[39m
}

 [31m❯[39m e2e/reportBuilder.spec.ts [2m([22m[2m0 test[22m[2m)[22m
[90mstdout[2m | src/services/auditLogExtended.perf.test.ts[2m > [22m[2mExtended Audit Log Performance Tests[2m > [22m[2mConcurrent Operations Performance[2m > [22m[2mshould handle mixed concurrent operations
[22m[39m[AuditLogExtended] Audit log search completed {
  total: [33m100000[39m,
  returned: [33m100000[39m,
  executionTimeMs: [33m18599.806899999967[39m
}

[90mstdout[2m | src/services/auditLogExtended.perf.test.ts[2m > [22m[2mExtended Audit Log Performance Tests[2m > [22m[2mConcurrent Operations Performance[2m > [22m[2mshould handle mixed concurrent operations
[22m[39m[AuditLogExtended] Statistics generation completed { totalLogs: [33m100000[39m, executionTimeMs: [33m18943.29720000003[39m }

[90mstdout[2m | src/services/auditLogExtended.perf.test.ts[2m > [22m[2mExtended Audit Log Performance Tests[2m > [22m[2mConcurrent Operations Performance[2m > [22m[2mshould handle mixed concurrent operations
[22m[39mMixed concurrent operations completed in 18945.51ms

[90mstdout[2m | src/services/auditLogExtended.perf.test.ts[2m > [22m[2mExtended Audit Log Performance Tests[2m > [22m[2mMemory and Resource Management[2m > [22m[2mshould not leak memory during repeated operations
[22m[39m[AuditLogExtended] Starting audit log search { companyId: [32m'test-company'[39m, limit: [33m100[39m, offset: [33m0[39m }

[90mstdout[2m | src/services/auditLogExtended.perf.test.ts[2m > [22m[2mExtended Audit Log Performance Tests[2m > [22m[2mMemory and Resource Management[2m > [22m[2mshould not leak memory during repeated operations
[22m[39m[AuditLogExtended] Audit log search completed { total: [33m100000[39m, returned: [33m100[39m, executionTimeMs: [33m5527.761300000013[39m }

[90mstdout[2m | src/services/auditLogExtended.perf.test.ts[2m > [22m[2mExtended Audit Log Performance Tests[2m > [22m[2mMemory and Resource Management[2m > [22m[2mshould not leak memory during repeated operations
[22m[39mCompleted 1/100 iterations
[AuditLogExtended] Starting audit log search { companyId: [32m'test-company'[39m, limit: [33m100[39m, offset: [33m100[39m }

[90mstdout[2m | src/services/auditLogExtended.perf.test.ts[2m > [22m[2mExtended Audit Log Performance Tests[2m > [22m[2mMemory and Resource Management[2m > [22m[2mshould not leak memory during repeated operations
[22m[39m[AuditLogExtended] Audit log search completed { total: [33m100000[39m, returned: [33m100[39m, executionTimeMs: [33m6057.849500000011[39m }

[90mstdout[2m | src/services/auditLogExtended.perf.test.ts[2m > [22m[2mExtended Audit Log Performance Tests[2m > [22m[2mMemory and Resource Management[2m > [22m[2mshould not leak memory during repeated operations
[22m[39m[AuditLogExtended] Starting audit log search { companyId: [32m'test-company'[39m, limit: [33m100[39m, offset: [33m200[39m }

 [31m❯[39m tests/e2e/clientPortal.spec.ts [2m([22m[2m0 test[22m[2m)[22m
[90mstdout[2m | src/services/auditLogExtended.perf.test.ts[2m > [22m[2mExtended Audit Log Performance Tests[2m > [22m[2mMemory and Resource Management[2m > [22m[2mshould not leak memory during repeated operations
[22m[39m[AuditLogExtended] Audit log search completed { total: [33m100000[39m, returned: [33m100[39m, executionTimeMs: [33m7785.405700000003[39m }

[90mstdout[2m | src/services/auditLogExtended.perf.test.ts[2m > [22m[2mExtended Audit Log Performance Tests[2m > [22m[2mMemory and Resource Management[2m > [22m[2mshould not leak memory during repeated operations
[22m[39m[AuditLogExtended] Starting audit log search { companyId: [32m'test-company'[39m, limit: [33m100[39m, offset: [33m300[39m }

[90mstdout[2m | src/services/auditLogExtended.perf.test.ts[2m > [22m[2mExtended Audit Log Performance Tests[2m > [22m[2mMemory and Resource Management[2m > [22m[2mshould not leak memory during repeated operations
[22m[39m[AuditLogExtended] Audit log search completed { total: [33m100000[39m, returned: [33m100[39m, executionTimeMs: [33m7596.793400000024[39m }

[90mstdout[2m | src/services/auditLogExtended.perf.test.ts[2m > [22m[2mExtended Audit Log Performance Tests[2m > [22m[2mMemory and Resource Management[2m > [22m[2mshould not leak memory during repeated operations
[22m[39m[AuditLogExtended] Starting audit log search { companyId: [32m'test-company'[39m, limit: [33m100[39m, offset: [33m400[39m }

 [31m❯[39m src/__tests__/e2e/groupE.e2e.test.ts [2m([22m[2m0 test[22m[2m)[22m
[90mstdout[2m | src/services/auditLogExtended.perf.test.ts[2m > [22m[2mExtended Audit Log Performance Tests[2m > [22m[2mMemory and Resource Management[2m > [22m[2mshould not leak memory during repeated operations
[22m[39m[AuditLogExtended] Audit log search completed { total: [33m100000[39m, returned: [33m100[39m, executionTimeMs: [33m7221.791099999973[39m }

[90mstdout[2m | src/services/auditLogExtended.perf.test.ts[2m > [22m[2mExtended Audit Log Performance Tests[2m > [22m[2mMemory and Resource Management[2m > [22m[2mshould not leak memory during repeated operations
[22m[39m[AuditLogExtended] Starting audit log search { companyId: [32m'test-company'[39m, limit: [33m100[39m, offset: [33m500[39m }

[90mstderr[2m | src/pages/auth/Signup.test.tsx[2m > [22m[2mSignup Page with Charity Selection[2m > [22m[2mcredentials step[2m > [22m[2mshould render credentials form initially
[22m[39m⚠️ React Router Future Flag Warning: React Router will begin wrapping state updates in `React.startTransition` in v7. You can use the `v7_startTransition` future flag to opt-in early. For more information, see https://reactrouter.com/v6/upgrading/future#v7_starttransition.
⚠️ React Router Future Flag Warning: Relative route resolution within Splat routes is changing in v7. You can use the `v7_relativeSplatPath` future flag to opt-in early. For more information, see https://reactrouter.com/v6/upgrading/future#v7_relativesplatpath.

[90mstderr[2m | src/pages/auth/Signup.test.tsx[2m > [22m[2mSignup Page with Charity Selection[2m > [22m[2mcredentials step[2m > [22m[2mshould show validation error when passwords do not match
[22m[39mWarning: An update to Signup inside a test was not wrapped in act(...).

When testing, code that causes React state updates should be wrapped into act(...):

act(() => {
  /* fire events that update state */
});
/* assert on the output */

This ensures that you're testing the behavior the user would see in the browser. Learn more at https://reactjs.org/link/wrap-tests-with-act
    at Signup (C:/Users/Admin/graceful_books/src/pages/auth/Signup.tsx:8:61)
    at Router (C:\Users\Admin\graceful_books\node_modules\react-router\dist\umd\react-router.development.js:1207:17)
    at BrowserRouter (C:\Users\Admin\graceful_books\node_modules\react-router-dom\dist\umd\react-router-dom.development.js:695:7)

[90mstderr[2m | src/pages/auth/Signup.test.tsx[2m > [22m[2mSignup Page with Charity Selection[2m > [22m[2mcredentials step[2m > [22m[2mshould show validation error when passwords do not match
[22m[39mWarning: An update to Signup inside a test was not wrapped in act(...).

When testing, code that causes React state updates should be wrapped into act(...):

act(() => {
  /* fire events that update state */
});
/* assert on the output */

This ensures that you're testing the behavior the user would see in the browser. Learn more at https://reactjs.org/link/wrap-tests-with-act
    at Signup (C:/Users/Admin/graceful_books/src/pages/auth/Signup.tsx:8:61)
    at Router (C:\Users\Admin\graceful_books\node_modules\react-router\dist\umd\react-router.development.js:1207:17)
    at BrowserRouter (C:\Users\Admin\graceful_books\node_modules\react-router-dom\dist\umd\react-router-dom.development.js:695:7)

[90mstderr[2m | src/pages/auth/Signup.test.tsx[2m > [22m[2mSignup Page with Charity Selection[2m > [22m[2mcredentials step[2m > [22m[2mshould show validation error when passwords do not match
[22m[39mWarning: An update to Signup inside a test was not wrapped in act(...).

When testing, code that causes React state updates should be wrapped into act(...):

act(() => {
  /* fire events that update state */
});
/* assert on the output */

This ensures that you're testing the behavior the user would see in the browser. Learn more at https://reactjs.org/link/wrap-tests-with-act
    at Signup (C:/Users/Admin/graceful_books/src/pages/auth/Signup.tsx:8:61)
    at Router (C:\Users\Admin\graceful_books\node_modules\react-router\dist\umd\react-router.development.js:1207:17)
    at BrowserRouter (C:\Users\Admin\graceful_books\node_modules\react-router-dom\dist\umd\react-router-dom.development.js:695:7)

[90mstderr[2m | src/pages/auth/Signup.test.tsx[2m > [22m[2mSignup Page with Charity Selection[2m > [22m[2mcredentials step[2m > [22m[2mshould show validation error when passwords do not match
[22m[39mWarning: An update to Signup inside a test was not wrapped in act(...).

When testing, code that causes React state updates should be wrapped into act(...):

act(() => {
  /* fire events that update state */
});
/* assert on the output */

This ensures that you're testing the behavior the user would see in the browser. Learn more at https://reactjs.org/link/wrap-tests-with-act
    at Signup (C:/Users/Admin/graceful_books/src/pages/auth/Signup.tsx:8:61)
    at Router (C:\Users\Admin\graceful_books\node_modules\react-router\dist\umd\react-router.development.js:1207:17)
    at BrowserRouter (C:\Users\Admin\graceful_books\node_modules\react-router-dom\dist\umd\react-router-dom.development.js:695:7)

[90mstderr[2m | src/pages/auth/Signup.test.tsx[2m > [22m[2mSignup Page with Charity Selection[2m > [22m[2mcredentials step[2m > [22m[2mshould show validation error when passwords do not match
[22m[39mWarning: An update to Signup inside a test was not wrapped in act(...).

When testing, code that causes React state updates should be wrapped into act(...):

act(() => {
  /* fire events that update state */
});
/* assert on the output */

This ensures that you're testing the behavior the user would see in the browser. Learn more at https://reactjs.org/link/wrap-tests-with-act
    at Signup (C:/Users/Admin/graceful_books/src/pages/auth/Signup.tsx:8:61)
    at Router (C:\Users\Admin\graceful_books\node_modules\react-router\dist\umd\react-router.development.js:1207:17)
    at BrowserRouter (C:\Users\Admin\graceful_books\node_modules\react-router-dom\dist\umd\react-router-dom.development.js:695:7)

[90mstderr[2m | src/pages/auth/Signup.test.tsx[2m > [22m[2mSignup Page with Charity Selection[2m > [22m[2mcredentials step[2m > [22m[2mshould show validation error when passwords do not match
[22m[39mWarning: An update to Signup inside a test was not wrapped in act(...).

When testing, code that causes React state updates should be wrapped into act(...):

act(() => {
  /* fire events that update state */
});
/* assert on the output */

This ensures that you're testing the behavior the user would see in the browser. Learn more at https://reactjs.org/link/wrap-tests-with-act
    at Signup (C:/Users/Admin/graceful_books/src/pages/auth/Signup.tsx:8:61)
    at Router (C:\Users\Admin\graceful_books\node_modules\react-router\dist\umd\react-router.development.js:1207:17)
    at BrowserRouter (C:\Users\Admin\graceful_books\node_modules\react-router-dom\dist\umd\react-router-dom.development.js:695:7)

[90mstderr[2m | src/pages/auth/Signup.test.tsx[2m > [22m[2mSignup Page with Charity Selection[2m > [22m[2mcredentials step[2m > [22m[2mshould show validation error when passwords do not match
[22m[39mWarning: An update to Signup inside a test was not wrapped in act(...).

When testing, code that causes React state updates should be wrapped into act(...):

act(() => {
  /* fire events that update state */
});
/* assert on the output */

This ensures that you're testing the behavior the user would see in the browser. Learn more at https://reactjs.org/link/wrap-tests-with-act
    at Signup (C:/Users/Admin/graceful_books/src/pages/auth/Signup.tsx:8:61)
    at Router (C:\Users\Admin\graceful_books\node_modules\react-router\dist\umd\react-router.development.js:1207:17)
    at BrowserRouter (C:\Users\Admin\graceful_books\node_modules\react-router-dom\dist\umd\react-router-dom.development.js:695:7)

[90mstderr[2m | src/pages/auth/Signup.test.tsx[2m > [22m[2mSignup Page with Charity Selection[2m > [22m[2mcredentials step[2m > [22m[2mshould show validation error when passwords do not match
[22m[39mWarning: An update to Signup inside a test was not wrapped in act(...).

When testing, code that causes React state updates should be wrapped into act(...):

act(() => {
  /* fire events that update state */
});
/* assert on the output */

This ensures that you're testing the behavior the user would see in the browser. Learn more at https://reactjs.org/link/wrap-tests-with-act
    at Signup (C:/Users/Admin/graceful_books/src/pages/auth/Signup.tsx:8:61)
    at Router (C:\Users\Admin\graceful_books\node_modules\react-router\dist\umd\react-router.development.js:1207:17)
    at BrowserRouter (C:\Users\Admin\graceful_books\node_modules\react-router-dom\dist\umd\react-router-dom.development.js:695:7)

[90mstderr[2m | src/pages/auth/Signup.test.tsx[2m > [22m[2mSignup Page with Charity Selection[2m > [22m[2mcredentials step[2m > [22m[2mshould show validation error when passwords do not match
[22m[39mWarning: An update to Signup inside a test was not wrapped in act(...).

When testing, code that causes React state updates should be wrapped into act(...):

act(() => {
  /* fire events that update state */
});
/* assert on the output */

This ensures that you're testing the behavior the user would see in the browser. Learn more at https://reactjs.org/link/wrap-tests-with-act
    at Signup (C:/Users/Admin/graceful_books/src/pages/auth/Signup.tsx:8:61)
    at Router (C:\Users\Admin\graceful_books\node_modules\react-router\dist\umd\react-router.development.js:1207:17)
    at BrowserRouter (C:\Users\Admin\graceful_books\node_modules\react-router-dom\dist\umd\react-router-dom.development.js:695:7)

[90mstderr[2m | src/pages/auth/Signup.test.tsx[2m > [22m[2mSignup Page with Charity Selection[2m > [22m[2mcredentials step[2m > [22m[2mshould show validation error when passwords do not match
[22m[39mWarning: An update to Signup inside a test was not wrapped in act(...).

When testing, code that causes React state updates should be wrapped into act(...):

act(() => {
  /* fire events that update state */
});
/* assert on the output */

This ensures that you're testing the behavior the user would see in the browser. Learn more at https://reactjs.org/link/wrap-tests-with-act
    at Signup (C:/Users/Admin/graceful_books/src/pages/auth/Signup.tsx:8:61)
    at Router (C:\Users\Admin\graceful_books\node_modules\react-router\dist\umd\react-router.development.js:1207:17)
    at BrowserRouter (C:\Users\Admin\graceful_books\node_modules\react-router-dom\dist\umd\react-router-dom.development.js:695:7)

[90mstderr[2m | src/pages/auth/Signup.test.tsx[2m > [22m[2mSignup Page with Charity Selection[2m > [22m[2mcredentials step[2m > [22m[2mshould show validation error when passwords do not match
[22m[39mWarning: An update to Signup inside a test was not wrapped in act(...).

When testing, code that causes React state updates should be wrapped into act(...):

act(() => {
  /* fire events that update state */
});
/* assert on the output */

This ensures that you're testing the behavior the user would see in the browser. Learn more at https://reactjs.org/link/wrap-tests-with-act
    at Signup (C:/Users/Admin/graceful_books/src/pages/auth/Signup.tsx:8:61)
    at Router (C:\Users\Admin\graceful_books\node_modules\react-router\dist\umd\react-router.development.js:1207:17)
    at BrowserRouter (C:\Users\Admin\graceful_books\node_modules\react-router-dom\dist\umd\react-router-dom.development.js:695:7)

[90mstderr[2m | src/pages/auth/Signup.test.tsx[2m > [22m[2mSignup Page with Charity Selection[2m > [22m[2mcredentials step[2m > [22m[2mshould show validation error when passwords do not match
[22m[39mWarning: An update to Signup inside a test was not wrapped in act(...).

When testing, code that causes React state updates should be wrapped into act(...):

act(() => {
  /* fire events that update state */
});
/* assert on the output */

This ensures that you're testing the behavior the user would see in the browser. Learn more at https://reactjs.org/link/wrap-tests-with-act
    at Signup (C:/Users/Admin/graceful_books/src/pages/auth/Signup.tsx:8:61)
    at Router (C:\Users\Admin\graceful_books\node_modules\react-router\dist\umd\react-router.development.js:1207:17)
    at BrowserRouter (C:\Users\Admin\graceful_books\node_modules\react-router-dom\dist\umd\react-router-dom.development.js:695:7)

[90mstderr[2m | src/pages/auth/Signup.test.tsx[2m > [22m[2mSignup Page with Charity Selection[2m > [22m[2mcredentials step[2m > [22m[2mshould show validation error when passwords do not match
[22m[39mWarning: An update to Signup inside a test was not wrapped in act(...).

When testing, code that causes React state updates should be wrapped into act(...):

act(() => {
  /* fire events that update state */
});
/* assert on the output */

This ensures that you're testing the behavior the user would see in the browser. Learn more at https://reactjs.org/link/wrap-tests-with-act
    at Signup (C:/Users/Admin/graceful_books/src/pages/auth/Signup.tsx:8:61)
    at Router (C:\Users\Admin\graceful_books\node_modules\react-router\dist\umd\react-router.development.js:1207:17)
    at BrowserRouter (C:\Users\Admin\graceful_books\node_modules\react-router-dom\dist\umd\react-router-dom.development.js:695:7)

[90mstderr[2m | src/pages/auth/Signup.test.tsx[2m > [22m[2mSignup Page with Charity Selection[2m > [22m[2mcredentials step[2m > [22m[2mshould show validation error when passwords do not match
[22m[39mWarning: An update to Signup inside a test was not wrapped in act(...).

When testing, code that causes React state updates should be wrapped into act(...):

act(() => {
  /* fire events that update state */
});
/* assert on the output */

This ensures that you're testing the behavior the user would see in the browser. Learn more at https://reactjs.org/link/wrap-tests-with-act
    at Signup (C:/Users/Admin/graceful_books/src/pages/auth/Signup.tsx:8:61)
    at Router (C:\Users\Admin\graceful_books\node_modules\react-router\dist\umd\react-router.development.js:1207:17)
    at BrowserRouter (C:\Users\Admin\graceful_books\node_modules\react-router-dom\dist\umd\react-router-dom.development.js:695:7)

[90mstderr[2m | src/pages/auth/Signup.test.tsx[2m > [22m[2mSignup Page with Charity Selection[2m > [22m[2mcredentials step[2m > [22m[2mshould show validation error when passwords do not match
[22m[39mWarning: An update to Signup inside a test was not wrapped in act(...).

When testing, code that causes React state updates should be wrapped into act(...):

act(() => {
  /* fire events that update state */
});
/* assert on the output */

This ensures that you're testing the behavior the user would see in the browser. Learn more at https://reactjs.org/link/wrap-tests-with-act
    at Signup (C:/Users/Admin/graceful_books/src/pages/auth/Signup.tsx:8:61)
    at Router (C:\Users\Admin\graceful_books\node_modules\react-router\dist\umd\react-router.development.js:1207:17)
    at BrowserRouter (C:\Users\Admin\graceful_books\node_modules\react-router-dom\dist\umd\react-router-dom.development.js:695:7)

[90mstderr[2m | src/pages/auth/Signup.test.tsx[2m > [22m[2mSignup Page with Charity Selection[2m > [22m[2mcredentials step[2m > [22m[2mshould show validation error when passwords do not match
[22m[39mWarning: An update to Signup inside a test was not wrapped in act(...).

When testing, code that causes React state updates should be wrapped into act(...):

act(() => {
  /* fire events that update state */
});
/* assert on the output */

This ensures that you're testing the behavior the user would see in the browser. Learn more at https://reactjs.org/link/wrap-tests-with-act
    at Signup (C:/Users/Admin/graceful_books/src/pages/auth/Signup.tsx:8:61)
    at Router (C:\Users\Admin\graceful_books\node_modules\react-router\dist\umd\react-router.development.js:1207:17)
    at BrowserRouter (C:\Users\Admin\graceful_books\node_modules\react-router-dom\dist\umd\react-router-dom.development.js:695:7)

[90mstderr[2m | src/pages/auth/Signup.test.tsx[2m > [22m[2mSignup Page with Charity Selection[2m > [22m[2mcredentials step[2m > [22m[2mshould show validation error when passwords do not match
[22m[39mWarning: An update to Signup inside a test was not wrapped in act(...).

When testing, code that causes React state updates should be wrapped into act(...):

act(() => {
  /* fire events that update state */
});
/* assert on the output */

This ensures that you're testing the behavior the user would see in the browser. Learn more at https://reactjs.org/link/wrap-tests-with-act
    at Signup (C:/Users/Admin/graceful_books/src/pages/auth/Signup.tsx:8:61)
    at Router (C:\Users\Admin\graceful_books\node_modules\react-router\dist\umd\react-router.development.js:1207:17)
    at BrowserRouter (C:\Users\Admin\graceful_books\node_modules\react-router-dom\dist\umd\react-router-dom.development.js:695:7)

[90mstderr[2m | src/pages/auth/Signup.test.tsx[2m > [22m[2mSignup Page with Charity Selection[2m > [22m[2mcredentials step[2m > [22m[2mshould show validation error when passwords do not match
[22m[39mWarning: An update to Signup inside a test was not wrapped in act(...).

When testing, code that causes React state updates should be wrapped into act(...):

act(() => {
  /* fire events that update state */
});
/* assert on the output */

This ensures that you're testing the behavior the user would see in the browser. Learn more at https://reactjs.org/link/wrap-tests-with-act
    at Signup (C:/Users/Admin/graceful_books/src/pages/auth/Signup.tsx:8:61)
    at Router (C:\Users\Admin\graceful_books\node_modules\react-router\dist\umd\react-router.development.js:1207:17)
    at BrowserRouter (C:\Users\Admin\graceful_books\node_modules\react-router-dom\dist\umd\react-router-dom.development.js:695:7)

[90mstderr[2m | src/pages/auth/Signup.test.tsx[2m > [22m[2mSignup Page with Charity Selection[2m > [22m[2mcredentials step[2m > [22m[2mshould show validation error when passwords do not match
[22m[39mWarning: An update to Signup inside a test was not wrapped in act(...).

When testing, code that causes React state updates should be wrapped into act(...):

act(() => {
  /* fire events that update state */
});
/* assert on the output */

This ensures that you're testing the behavior the user would see in the browser. Learn more at https://reactjs.org/link/wrap-tests-with-act
    at Signup (C:/Users/Admin/graceful_books/src/pages/auth/Signup.tsx:8:61)
    at Router (C:\Users\Admin\graceful_books\node_modules\react-router\dist\umd\react-router.development.js:1207:17)
    at BrowserRouter (C:\Users\Admin\graceful_books\node_modules\react-router-dom\dist\umd\react-router-dom.development.js:695:7)

[90mstderr[2m | src/pages/auth/Signup.test.tsx[2m > [22m[2mSignup Page with Charity Selection[2m > [22m[2mcredentials step[2m > [22m[2mshould show validation error when passwords do not match
[22m[39mWarning: An update to Signup inside a test was not wrapped in act(...).

When testing, code that causes React state updates should be wrapped into act(...):

act(() => {
  /* fire events that update state */
});
/* assert on the output */

This ensures that you're testing the behavior the user would see in the browser. Learn more at https://reactjs.org/link/wrap-tests-with-act
    at Signup (C:/Users/Admin/graceful_books/src/pages/auth/Signup.tsx:8:61)
    at Router (C:\Users\Admin\graceful_books\node_modules\react-router\dist\umd\react-router.development.js:1207:17)
    at BrowserRouter (C:\Users\Admin\graceful_books\node_modules\react-router-dom\dist\umd\react-router-dom.development.js:695:7)

[90mstderr[2m | src/pages/auth/Signup.test.tsx[2m > [22m[2mSignup Page with Charity Selection[2m > [22m[2mcredentials step[2m > [22m[2mshould show validation error when passwords do not match
[22m[39mWarning: An update to Signup inside a test was not wrapped in act(...).

When testing, code that causes React state updates should be wrapped into act(...):

act(() => {
  /* fire events that update state */
});
/* assert on the output */

This ensures that you're testing the behavior the user would see in the browser. Learn more at https://reactjs.org/link/wrap-tests-with-act
    at Signup (C:/Users/Admin/graceful_books/src/pages/auth/Signup.tsx:8:61)
    at Router (C:\Users\Admin\graceful_books\node_modules\react-router\dist\umd\react-router.development.js:1207:17)
    at BrowserRouter (C:\Users\Admin\graceful_books\node_modules\react-router-dom\dist\umd\react-router-dom.development.js:695:7)

[90mstderr[2m | src/pages/auth/Signup.test.tsx[2m > [22m[2mSignup Page with Charity Selection[2m > [22m[2mcredentials step[2m > [22m[2mshould show validation error when passwords do not match
[22m[39mWarning: An update to Signup inside a test was not wrapped in act(...).

When testing, code that causes React state updates should be wrapped into act(...):

act(() => {
  /* fire events that update state */
});
/* assert on the output */

This ensures that you're testing the behavior the user would see in the browser. Learn more at https://reactjs.org/link/wrap-tests-with-act
    at Signup (C:/Users/Admin/graceful_books/src/pages/auth/Signup.tsx:8:61)
    at Router (C:\Users\Admin\graceful_books\node_modules\react-router\dist\umd\react-router.development.js:1207:17)
    at BrowserRouter (C:\Users\Admin\graceful_books\node_modules\react-router-dom\dist\umd\react-router-dom.development.js:695:7)

[90mstderr[2m | src/pages/auth/Signup.test.tsx[2m > [22m[2mSignup Page with Charity Selection[2m > [22m[2mcredentials step[2m > [22m[2mshould show validation error when passwords do not match
[22m[39mWarning: An update to Signup inside a test was not wrapped in act(...).

When testing, code that causes React state updates should be wrapped into act(...):

act(() => {
  /* fire events that update state */
});
/* assert on the output */

This ensures that you're testing the behavior the user would see in the browser. Learn more at https://reactjs.org/link/wrap-tests-with-act
    at Signup (C:/Users/Admin/graceful_books/src/pages/auth/Signup.tsx:8:61)
    at Router (C:\Users\Admin\graceful_books\node_modules\react-router\dist\umd\react-router.development.js:1207:17)
    at BrowserRouter (C:\Users\Admin\graceful_books\node_modules\react-router-dom\dist\umd\react-router-dom.development.js:695:7)

[90mstderr[2m | src/pages/auth/Signup.test.tsx[2m > [22m[2mSignup Page with Charity Selection[2m > [22m[2mcredentials step[2m > [22m[2mshould show validation error when passwords do not match
[22m[39mWarning: An update to Signup inside a test was not wrapped in act(...).

When testing, code that causes React state updates should be wrapped into act(...):

act(() => {
  /* fire events that update state */
});
/* assert on the output */

This ensures that you're testing the behavior the user would see in the browser. Learn more at https://reactjs.org/link/wrap-tests-with-act
    at Signup (C:/Users/Admin/graceful_books/src/pages/auth/Signup.tsx:8:61)
    at Router (C:\Users\Admin\graceful_books\node_modules\react-router\dist\umd\react-router.development.js:1207:17)
    at BrowserRouter (C:\Users\Admin\graceful_books\node_modules\react-router-dom\dist\umd\react-router-dom.development.js:695:7)

[90mstderr[2m | src/pages/auth/Signup.test.tsx[2m > [22m[2mSignup Page with Charity Selection[2m > [22m[2mcredentials step[2m > [22m[2mshould show validation error when passwords do not match
[22m[39mWarning: An update to Signup inside a test was not wrapped in act(...).

When testing, code that causes React state updates should be wrapped into act(...):

act(() => {
  /* fire events that update state */
});
/* assert on the output */

This ensures that you're testing the behavior the user would see in the browser. Learn more at https://reactjs.org/link/wrap-tests-with-act
    at Signup (C:/Users/Admin/graceful_books/src/pages/auth/Signup.tsx:8:61)
    at Router (C:\Users\Admin\graceful_books\node_modules\react-router\dist\umd\react-router.development.js:1207:17)
    at BrowserRouter (C:\Users\Admin\graceful_books\node_modules\react-router-dom\dist\umd\react-router-dom.development.js:695:7)

[90mstderr[2m | src/pages/auth/Signup.test.tsx[2m > [22m[2mSignup Page with Charity Selection[2m > [22m[2mcredentials step[2m > [22m[2mshould show validation error when passwords do not match
[22m[39mWarning: An update to Signup inside a test was not wrapped in act(...).

When testing, code that causes React state updates should be wrapped into act(...):

act(() => {
  /* fire events that update state */
});
/* assert on the output */

This ensures that you're testing the behavior the user would see in the browser. Learn more at https://reactjs.org/link/wrap-tests-with-act
    at Signup (C:/Users/Admin/graceful_books/src/pages/auth/Signup.tsx:8:61)
    at Router (C:\Users\Admin\graceful_books\node_modules\react-router\dist\umd\react-router.development.js:1207:17)
    at BrowserRouter (C:\Users\Admin\graceful_books\node_modules\react-router-dom\dist\umd\react-router-dom.development.js:695:7)

[90mstderr[2m | src/pages/auth/Signup.test.tsx[2m > [22m[2mSignup Page with Charity Selection[2m > [22m[2mcredentials step[2m > [22m[2mshould show validation error when passwords do not match
[22m[39mWarning: An update to Signup inside a test was not wrapped in act(...).

When testing, code that causes React state updates should be wrapped into act(...):

act(() => {
  /* fire events that update state */
});
/* assert on the output */

This ensures that you're testing the behavior the user would see in the browser. Learn more at https://reactjs.org/link/wrap-tests-with-act
    at Signup (C:/Users/Admin/graceful_books/src/pages/auth/Signup.tsx:8:61)
    at Router (C:\Users\Admin\graceful_books\node_modules\react-router\dist\umd\react-router.development.js:1207:17)
    at BrowserRouter (C:\Users\Admin\graceful_books\node_modules\react-router-dom\dist\umd\react-router-dom.development.js:695:7)

[90mstderr[2m | src/pages/auth/Signup.test.tsx[2m > [22m[2mSignup Page with Charity Selection[2m > [22m[2mcredentials step[2m > [22m[2mshould show validation error when passwords do not match
[22m[39mWarning: An update to Signup inside a test was not wrapped in act(...).

When testing, code that causes React state updates should be wrapped into act(...):

act(() => {
  /* fire events that update state */
});
/* assert on the output */

This ensures that you're testing the behavior the user would see in the browser. Learn more at https://reactjs.org/link/wrap-tests-with-act
    at Signup (C:/Users/Admin/graceful_books/src/pages/auth/Signup.tsx:8:61)
    at Router (C:\Users\Admin\graceful_books\node_modules\react-router\dist\umd\react-router.development.js:1207:17)
    at BrowserRouter (C:\Users\Admin\graceful_books\node_modules\react-router-dom\dist\umd\react-router-dom.development.js:695:7)

[90mstderr[2m | src/pages/auth/Signup.test.tsx[2m > [22m[2mSignup Page with Charity Selection[2m > [22m[2mcredentials step[2m > [22m[2mshould show validation error when passwords do not match
[22m[39mWarning: An update to Signup inside a test was not wrapped in act(...).

When testing, code that causes React state updates should be wrapped into act(...):

act(() => {
  /* fire events that update state */
});
/* assert on the output */

This ensures that you're testing the behavior the user would see in the browser. Learn more at https://reactjs.org/link/wrap-tests-with-act
    at Signup (C:/Users/Admin/graceful_books/src/pages/auth/Signup.tsx:8:61)
    at Router (C:\Users\Admin\graceful_books\node_modules\react-router\dist\umd\react-router.development.js:1207:17)
    at BrowserRouter (C:\Users\Admin\graceful_books\node_modules\react-router-dom\dist\umd\react-router-dom.development.js:695:7)

[90mstderr[2m | src/pages/auth/Signup.test.tsx[2m > [22m[2mSignup Page with Charity Selection[2m > [22m[2mcredentials step[2m > [22m[2mshould show validation error when passwords do not match
[22m[39mWarning: An update to Signup inside a test was not wrapped in act(...).

When testing, code that causes React state updates should be wrapped into act(...):

act(() => {
  /* fire events that update state */
});
/* assert on the output */

This ensures that you're testing the behavior the user would see in the browser. Learn more at https://reactjs.org/link/wrap-tests-with-act
    at Signup (C:/Users/Admin/graceful_books/src/pages/auth/Signup.tsx:8:61)
    at Router (C:\Users\Admin\graceful_books\node_modules\react-router\dist\umd\react-router.development.js:1207:17)
    at BrowserRouter (C:\Users\Admin\graceful_books\node_modules\react-router-dom\dist\umd\react-router-dom.development.js:695:7)

[90mstderr[2m | src/pages/auth/Signup.test.tsx[2m > [22m[2mSignup Page with Charity Selection[2m > [22m[2mcredentials step[2m > [22m[2mshould show validation error when passwords do not match
[22m[39mWarning: An update to Signup inside a test was not wrapped in act(...).

When testing, code that causes React state updates should be wrapped into act(...):

act(() => {
  /* fire events that update state */
});
/* assert on the output */

This ensures that you're testing the behavior the user would see in the browser. Learn more at https://reactjs.org/link/wrap-tests-with-act
    at Signup (C:/Users/Admin/graceful_books/src/pages/auth/Signup.tsx:8:61)
    at Router (C:\Users\Admin\graceful_books\node_modules\react-router\dist\umd\react-router.development.js:1207:17)
    at BrowserRouter (C:\Users\Admin\graceful_books\node_modules\react-router-dom\dist\umd\react-router-dom.development.js:695:7)

[90mstderr[2m | src/pages/auth/Signup.test.tsx[2m > [22m[2mSignup Page with Charity Selection[2m > [22m[2mcredentials step[2m > [22m[2mshould show validation error when passwords do not match
[22m[39mWarning: An update to Signup inside a test was not wrapped in act(...).

When testing, code that causes React state updates should be wrapped into act(...):

act(() => {
  /* fire events that update state */
});
/* assert on the output */

This ensures that you're testing the behavior the user would see in the browser. Learn more at https://reactjs.org/link/wrap-tests-with-act
    at Signup (C:/Users/Admin/graceful_books/src/pages/auth/Signup.tsx:8:61)
    at Router (C:\Users\Admin\graceful_books\node_modules\react-router\dist\umd\react-router.development.js:1207:17)
    at BrowserRouter (C:\Users\Admin\graceful_books\node_modules\react-router-dom\dist\umd\react-router-dom.development.js:695:7)

[90mstderr[2m | src/pages/auth/Signup.test.tsx[2m > [22m[2mSignup Page with Charity Selection[2m > [22m[2mcredentials step[2m > [22m[2mshould show validation error when passwords do not match
[22m[39mWarning: An update to Signup inside a test was not wrapped in act(...).

When testing, code that causes React state updates should be wrapped into act(...):

act(() => {
  /* fire events that update state */
});
/* assert on the output */

This ensures that you're testing the behavior the user would see in the browser. Learn more at https://reactjs.org/link/wrap-tests-with-act
    at Signup (C:/Users/Admin/graceful_books/src/pages/auth/Signup.tsx:8:61)
    at Router (C:\Users\Admin\graceful_books\node_modules\react-router\dist\umd\react-router.development.js:1207:17)
    at BrowserRouter (C:\Users\Admin\graceful_books\node_modules\react-router-dom\dist\umd\react-router-dom.development.js:695:7)

[90mstderr[2m | src/pages/auth/Signup.test.tsx[2m > [22m[2mSignup Page with Charity Selection[2m > [22m[2mcredentials step[2m > [22m[2mshould show validation error when passwords do not match
[22m[39mWarning: An update to Signup inside a test was not wrapped in act(...).

When testing, code that causes React state updates should be wrapped into act(...):

act(() => {
  /* fire events that update state */
});
/* assert on the output */

This ensures that you're testing the behavior the user would see in the browser. Learn more at https://reactjs.org/link/wrap-tests-with-act
    at Signup (C:/Users/Admin/graceful_books/src/pages/auth/Signup.tsx:8:61)
    at Router (C:\Users\Admin\graceful_books\node_modules\react-router\dist\umd\react-router.development.js:1207:17)
    at BrowserRouter (C:\Users\Admin\graceful_books\node_modules\react-router-dom\dist\umd\react-router-dom.development.js:695:7)

[90mstderr[2m | src/pages/auth/Signup.test.tsx[2m > [22m[2mSignup Page with Charity Selection[2m > [22m[2mcredentials step[2m > [22m[2mshould show validation error when passwords do not match
[22m[39mWarning: An update to Signup inside a test was not wrapped in act(...).

When testing, code that causes React state updates should be wrapped into act(...):

act(() => {
  /* fire events that update state */
});
/* assert on the output */

This ensures that you're testing the behavior the user would see in the browser. Learn more at https://reactjs.org/link/wrap-tests-with-act
    at Signup (C:/Users/Admin/graceful_books/src/pages/auth/Signup.tsx:8:61)
    at Router (C:\Users\Admin\graceful_books\node_modules\react-router\dist\umd\react-router.development.js:1207:17)
    at BrowserRouter (C:\Users\Admin\graceful_books\node_modules\react-router-dom\dist\umd\react-router-dom.development.js:695:7)

[90mstderr[2m | src/pages/auth/Signup.test.tsx[2m > [22m[2mSignup Page with Charity Selection[2m > [22m[2mcredentials step[2m > [22m[2mshould show validation error when passwords do not match
[22m[39mWarning: An update to Signup inside a test was not wrapped in act(...).

When testing, code that causes React state updates should be wrapped into act(...):

act(() => {
  /* fire events that update state */
});
/* assert on the output */

This ensures that you're testing the behavior the user would see in the browser. Learn more at https://reactjs.org/link/wrap-tests-with-act
    at Signup (C:/Users/Admin/graceful_books/src/pages/auth/Signup.tsx:8:61)
    at Router (C:\Users\Admin\graceful_books\node_modules\react-router\dist\umd\react-router.development.js:1207:17)
    at BrowserRouter (C:\Users\Admin\graceful_books\node_modules\react-router-dom\dist\umd\react-router-dom.development.js:695:7)

[90mstderr[2m | src/pages/auth/Signup.test.tsx[2m > [22m[2mSignup Page with Charity Selection[2m > [22m[2mcredentials step[2m > [22m[2mshould proceed to charity selection when passwords match
[22m[39mWarning: An update to Signup inside a test was not wrapped in act(...).

When testing, code that causes React state updates should be wrapped into act(...):

act(() => {
  /* fire events that update state */
});
/* assert on the output */

This ensures that you're testing the behavior the user would see in the browser. Learn more at https://reactjs.org/link/wrap-tests-with-act
    at Signup (C:/Users/Admin/graceful_books/src/pages/auth/Signup.tsx:8:61)
    at Router (C:\Users\Admin\graceful_books\node_modules\react-router\dist\umd\react-router.development.js:1207:17)
    at BrowserRouter (C:\Users\Admin\graceful_books\node_modules\react-router-dom\dist\umd\react-router-dom.development.js:695:7)

[90mstderr[2m | src/pages/auth/Signup.test.tsx[2m > [22m[2mSignup Page with Charity Selection[2m > [22m[2mcredentials step[2m > [22m[2mshould proceed to charity selection when passwords match
[22m[39mWarning: An update to Signup inside a test was not wrapped in act(...).

When testing, code that causes React state updates should be wrapped into act(...):

act(() => {
  /* fire events that update state */
});
/* assert on the output */

This ensures that you're testing the behavior the user would see in the browser. Learn more at https://reactjs.org/link/wrap-tests-with-act
    at Signup (C:/Users/Admin/graceful_books/src/pages/auth/Signup.tsx:8:61)
    at Router (C:\Users\Admin\graceful_books\node_modules\react-router\dist\umd\react-router.development.js:1207:17)
    at BrowserRouter (C:\Users\Admin\graceful_books\node_modules\react-router-dom\dist\umd\react-router-dom.development.js:695:7)

[90mstderr[2m | src/pages/auth/Signup.test.tsx[2m > [22m[2mSignup Page with Charity Selection[2m > [22m[2mcredentials step[2m > [22m[2mshould proceed to charity selection when passwords match
[22m[39mWarning: An update to Signup inside a test was not wrapped in act(...).

When testing, code that causes React state updates should be wrapped into act(...):

act(() => {
  /* fire events that update state */
});
/* assert on the output */

This ensures that you're testing the behavior the user would see in the browser. Learn more at https://reactjs.org/link/wrap-tests-with-act
    at Signup (C:/Users/Admin/graceful_books/src/pages/auth/Signup.tsx:8:61)
    at Router (C:\Users\Admin\graceful_books\node_modules\react-router\dist\umd\react-router.development.js:1207:17)
    at BrowserRouter (C:\Users\Admin\graceful_books\node_modules\react-router-dom\dist\umd\react-router-dom.development.js:695:7)

[90mstderr[2m | src/pages/auth/Signup.test.tsx[2m > [22m[2mSignup Page with Charity Selection[2m > [22m[2mcredentials step[2m > [22m[2mshould proceed to charity selection when passwords match
[22m[39mWarning: An update to Signup inside a test was not wrapped in act(...).

When testing, code that causes React state updates should be wrapped into act(...):

act(() => {
  /* fire events that update state */
});
/* assert on the output */

This ensures that you're testing the behavior the user would see in the browser. Learn more at https://reactjs.org/link/wrap-tests-with-act
    at Signup (C:/Users/Admin/graceful_books/src/pages/auth/Signup.tsx:8:61)
    at Router (C:\Users\Admin\graceful_books\node_modules\react-router\dist\umd\react-router.development.js:1207:17)
    at BrowserRouter (C:\Users\Admin\graceful_books\node_modules\react-router-dom\dist\umd\react-router-dom.development.js:695:7)

[90mstderr[2m | src/pages/auth/Signup.test.tsx[2m > [22m[2mSignup Page with Charity Selection[2m > [22m[2mcredentials step[2m > [22m[2mshould proceed to charity selection when passwords match
[22m[39mWarning: An update to Signup inside a test was not wrapped in act(...).

When testing, code that causes React state updates should be wrapped into act(...):

act(() => {
  /* fire events that update state */
});
/* assert on the output */

This ensures that you're testing the behavior the user would see in the browser. Learn more at https://reactjs.org/link/wrap-tests-with-act
    at Signup (C:/Users/Admin/graceful_books/src/pages/auth/Signup.tsx:8:61)
    at Router (C:\Users\Admin\graceful_books\node_modules\react-router\dist\umd\react-router.development.js:1207:17)
    at BrowserRouter (C:\Users\Admin\graceful_books\node_modules\react-router-dom\dist\umd\react-router-dom.development.js:695:7)

[90mstderr[2m | src/pages/auth/Signup.test.tsx[2m > [22m[2mSignup Page with Charity Selection[2m > [22m[2mcredentials step[2m > [22m[2mshould proceed to charity selection when passwords match
[22m[39mWarning: An update to Signup inside a test was not wrapped in act(...).

When testing, code that causes React state updates should be wrapped into act(...):

act(() => {
  /* fire events that update state */
});
/* assert on the output */

This ensures that you're testing the behavior the user would see in the browser. Learn more at https://reactjs.org/link/wrap-tests-with-act
    at Signup (C:/Users/Admin/graceful_books/src/pages/auth/Signup.tsx:8:61)
    at Router (C:\Users\Admin\graceful_books\node_modules\react-router\dist\umd\react-router.development.js:1207:17)
    at BrowserRouter (C:\Users\Admin\graceful_books\node_modules\react-router-dom\dist\umd\react-router-dom.development.js:695:7)

[90mstderr[2m | src/pages/auth/Signup.test.tsx[2m > [22m[2mSignup Page with Charity Selection[2m > [22m[2mcredentials step[2m > [22m[2mshould proceed to charity selection when passwords match
[22m[39mWarning: An update to Signup inside a test was not wrapped in act(...).

When testing, code that causes React state updates should be wrapped into act(...):

act(() => {
  /* fire events that update state */
});
/* assert on the output */

This ensures that you're testing the behavior the user would see in the browser. Learn more at https://reactjs.org/link/wrap-tests-with-act
    at Signup (C:/Users/Admin/graceful_books/src/pages/auth/Signup.tsx:8:61)
    at Router (C:\Users\Admin\graceful_books\node_modules\react-router\dist\umd\react-router.development.js:1207:17)
    at BrowserRouter (C:\Users\Admin\graceful_books\node_modules\react-router-dom\dist\umd\react-router-dom.development.js:695:7)

[90mstderr[2m | src/pages/auth/Signup.test.tsx[2m > [22m[2mSignup Page with Charity Selection[2m > [22m[2mcredentials step[2m > [22m[2mshould proceed to charity selection when passwords match
[22m[39mWarning: An update to Signup inside a test was not wrapped in act(...).

When testing, code that causes React state updates should be wrapped into act(...):

act(() => {
  /* fire events that update state */
});
/* assert on the output */

This ensures that you're testing the behavior the user would see in the browser. Learn more at https://reactjs.org/link/wrap-tests-with-act
    at Signup (C:/Users/Admin/graceful_books/src/pages/auth/Signup.tsx:8:61)
    at Router (C:\Users\Admin\graceful_books\node_modules\react-router\dist\umd\react-router.development.js:1207:17)
    at BrowserRouter (C:\Users\Admin\graceful_books\node_modules\react-router-dom\dist\umd\react-router-dom.development.js:695:7)

[90mstderr[2m | src/pages/auth/Signup.test.tsx[2m > [22m[2mSignup Page with Charity Selection[2m > [22m[2mcredentials step[2m > [22m[2mshould proceed to charity selection when passwords match
[22m[39mWarning: An update to Signup inside a test was not wrapped in act(...).

When testing, code that causes React state updates should be wrapped into act(...):

act(() => {
  /* fire events that update state */
});
/* assert on the output */

This ensures that you're testing the behavior the user would see in the browser. Learn more at https://reactjs.org/link/wrap-tests-with-act
    at Signup (C:/Users/Admin/graceful_books/src/pages/auth/Signup.tsx:8:61)
    at Router (C:\Users\Admin\graceful_books\node_modules\react-router\dist\umd\react-router.development.js:1207:17)
    at BrowserRouter (C:\Users\Admin\graceful_books\node_modules\react-router-dom\dist\umd\react-router-dom.development.js:695:7)

[90mstderr[2m | src/pages/auth/Signup.test.tsx[2m > [22m[2mSignup Page with Charity Selection[2m > [22m[2mcredentials step[2m > [22m[2mshould proceed to charity selection when passwords match
[22m[39mWarning: An update to Signup inside a test was not wrapped in act(...).

When testing, code that causes React state updates should be wrapped into act(...):

act(() => {
  /* fire events that update state */
});
/* assert on the output */

This ensures that you're testing the behavior the user would see in the browser. Learn more at https://reactjs.org/link/wrap-tests-with-act
    at Signup (C:/Users/Admin/graceful_books/src/pages/auth/Signup.tsx:8:61)
    at Router (C:\Users\Admin\graceful_books\node_modules\react-router\dist\umd\react-router.development.js:1207:17)
    at BrowserRouter (C:\Users\Admin\graceful_books\node_modules\react-router-dom\dist\umd\react-router-dom.development.js:695:7)

[90mstderr[2m | src/pages/auth/Signup.test.tsx[2m > [22m[2mSignup Page with Charity Selection[2m > [22m[2mcredentials step[2m > [22m[2mshould proceed to charity selection when passwords match
[22m[39mWarning: An update to Signup inside a test was not wrapped in act(...).

When testing, code that causes React state updates should be wrapped into act(...):

act(() => {
  /* fire events that update state */
});
/* assert on the output */

This ensures that you're testing the behavior the user would see in the browser. Learn more at https://reactjs.org/link/wrap-tests-with-act
    at Signup (C:/Users/Admin/graceful_books/src/pages/auth/Signup.tsx:8:61)
    at Router (C:\Users\Admin\graceful_books\node_modules\react-router\dist\umd\react-router.development.js:1207:17)
    at BrowserRouter (C:\Users\Admin\graceful_books\node_modules\react-router-dom\dist\umd\react-router-dom.development.js:695:7)

[90mstderr[2m | src/pages/auth/Signup.test.tsx[2m > [22m[2mSignup Page with Charity Selection[2m > [22m[2mcredentials step[2m > [22m[2mshould proceed to charity selection when passwords match
[22m[39mWarning: An update to Signup inside a test was not wrapped in act(...).

When testing, code that causes React state updates should be wrapped into act(...):

act(() => {
  /* fire events that update state */
});
/* assert on the output */

This ensures that you're testing the behavior the user would see in the browser. Learn more at https://reactjs.org/link/wrap-tests-with-act
    at Signup (C:/Users/Admin/graceful_books/src/pages/auth/Signup.tsx:8:61)
    at Router (C:\Users\Admin\graceful_books\node_modules\react-router\dist\umd\react-router.development.js:1207:17)
    at BrowserRouter (C:\Users\Admin\graceful_books\node_modules\react-router-dom\dist\umd\react-router-dom.development.js:695:7)

[90mstderr[2m | src/pages/auth/Signup.test.tsx[2m > [22m[2mSignup Page with Charity Selection[2m > [22m[2mcredentials step[2m > [22m[2mshould proceed to charity selection when passwords match
[22m[39mWarning: An update to Signup inside a test was not wrapped in act(...).

When testing, code that causes React state updates should be wrapped into act(...):

act(() => {
  /* fire events that update state */
});
/* assert on the output */

This ensures that you're testing the behavior the user would see in the browser. Learn more at https://reactjs.org/link/wrap-tests-with-act
    at Signup (C:/Users/Admin/graceful_books/src/pages/auth/Signup.tsx:8:61)
    at Router (C:\Users\Admin\graceful_books\node_modules\react-router\dist\umd\react-router.development.js:1207:17)
    at BrowserRouter (C:\Users\Admin\graceful_books\node_modules\react-router-dom\dist\umd\react-router-dom.development.js:695:7)

[90mstderr[2m | src/pages/auth/Signup.test.tsx[2m > [22m[2mSignup Page with Charity Selection[2m > [22m[2mcredentials step[2m > [22m[2mshould proceed to charity selection when passwords match
[22m[39mWarning: An update to Signup inside a test was not wrapped in act(...).

When testing, code that causes React state updates should be wrapped into act(...):

act(() => {
  /* fire events that update state */
});
/* assert on the output */

This ensures that you're testing the behavior the user would see in the browser. Learn more at https://reactjs.org/link/wrap-tests-with-act
    at Signup (C:/Users/Admin/graceful_books/src/pages/auth/Signup.tsx:8:61)
    at Router (C:\Users\Admin\graceful_books\node_modules\react-router\dist\umd\react-router.development.js:1207:17)
    at BrowserRouter (C:\Users\Admin\graceful_books\node_modules\react-router-dom\dist\umd\react-router-dom.development.js:695:7)

[90mstderr[2m | src/pages/auth/Signup.test.tsx[2m > [22m[2mSignup Page with Charity Selection[2m > [22m[2mcredentials step[2m > [22m[2mshould proceed to charity selection when passwords match
[22m[39mWarning: An update to Signup inside a test was not wrapped in act(...).

When testing, code that causes React state updates should be wrapped into act(...):

act(() => {
  /* fire events that update state */
});
/* assert on the output */

This ensures that you're testing the behavior the user would see in the browser. Learn more at https://reactjs.org/link/wrap-tests-with-act
    at Signup (C:/Users/Admin/graceful_books/src/pages/auth/Signup.tsx:8:61)
    at Router (C:\Users\Admin\graceful_books\node_modules\react-router\dist\umd\react-router.development.js:1207:17)
    at BrowserRouter (C:\Users\Admin\graceful_books\node_modules\react-router-dom\dist\umd\react-router-dom.development.js:695:7)

[90mstderr[2m | src/pages/auth/Signup.test.tsx[2m > [22m[2mSignup Page with Charity Selection[2m > [22m[2mcredentials step[2m > [22m[2mshould proceed to charity selection when passwords match
[22m[39mWarning: An update to Signup inside a test was not wrapped in act(...).

When testing, code that causes React state updates should be wrapped into act(...):

act(() => {
  /* fire events that update state */
});
/* assert on the output */

This ensures that you're testing the behavior the user would see in the browser. Learn more at https://reactjs.org/link/wrap-tests-with-act
    at Signup (C:/Users/Admin/graceful_books/src/pages/auth/Signup.tsx:8:61)
    at Router (C:\Users\Admin\graceful_books\node_modules\react-router\dist\umd\react-router.development.js:1207:17)
    at BrowserRouter (C:\Users\Admin\graceful_books\node_modules\react-router-dom\dist\umd\react-router-dom.development.js:695:7)

[90mstderr[2m | src/pages/auth/Signup.test.tsx[2m > [22m[2mSignup Page with Charity Selection[2m > [22m[2mcredentials step[2m > [22m[2mshould proceed to charity selection when passwords match
[22m[39mWarning: An update to Signup inside a test was not wrapped in act(...).

When testing, code that causes React state updates should be wrapped into act(...):

act(() => {
  /* fire events that update state */
});
/* assert on the output */

This ensures that you're testing the behavior the user would see in the browser. Learn more at https://reactjs.org/link/wrap-tests-with-act
    at Signup (C:/Users/Admin/graceful_books/src/pages/auth/Signup.tsx:8:61)
    at Router (C:\Users\Admin\graceful_books\node_modules\react-router\dist\umd\react-router.development.js:1207:17)
    at BrowserRouter (C:\Users\Admin\graceful_books\node_modules\react-router-dom\dist\umd\react-router-dom.development.js:695:7)

[90mstderr[2m | src/pages/auth/Signup.test.tsx[2m > [22m[2mSignup Page with Charity Selection[2m > [22m[2mcredentials step[2m > [22m[2mshould proceed to charity selection when passwords match
[22m[39mWarning: An update to Signup inside a test was not wrapped in act(...).

When testing, code that causes React state updates should be wrapped into act(...):

act(() => {
  /* fire events that update state */
});
/* assert on the output */

This ensures that you're testing the behavior the user would see in the browser. Learn more at https://reactjs.org/link/wrap-tests-with-act
    at Signup (C:/Users/Admin/graceful_books/src/pages/auth/Signup.tsx:8:61)
    at Router (C:\Users\Admin\graceful_books\node_modules\react-router\dist\umd\react-router.development.js:1207:17)
    at BrowserRouter (C:\Users\Admin\graceful_books\node_modules\react-router-dom\dist\umd\react-router-dom.development.js:695:7)

[90mstderr[2m | src/pages/auth/Signup.test.tsx[2m > [22m[2mSignup Page with Charity Selection[2m > [22m[2mcredentials step[2m > [22m[2mshould proceed to charity selection when passwords match
[22m[39mWarning: An update to Signup inside a test was not wrapped in act(...).

When testing, code that causes React state updates should be wrapped into act(...):

act(() => {
  /* fire events that update state */
});
/* assert on the output */

This ensures that you're testing the behavior the user would see in the browser. Learn more at https://reactjs.org/link/wrap-tests-with-act
    at Signup (C:/Users/Admin/graceful_books/src/pages/auth/Signup.tsx:8:61)
    at Router (C:\Users\Admin\graceful_books\node_modules\react-router\dist\umd\react-router.development.js:1207:17)
    at BrowserRouter (C:\Users\Admin\graceful_books\node_modules\react-router-dom\dist\umd\react-router-dom.development.js:695:7)

[90mstderr[2m | src/pages/auth/Signup.test.tsx[2m > [22m[2mSignup Page with Charity Selection[2m > [22m[2mcredentials step[2m > [22m[2mshould proceed to charity selection when passwords match
[22m[39mWarning: An update to Signup inside a test was not wrapped in act(...).

When testing, code that causes React state updates should be wrapped into act(...):

act(() => {
  /* fire events that update state */
});
/* assert on the output */

This ensures that you're testing the behavior the user would see in the browser. Learn more at https://reactjs.org/link/wrap-tests-with-act
    at Signup (C:/Users/Admin/graceful_books/src/pages/auth/Signup.tsx:8:61)
    at Router (C:\Users\Admin\graceful_books\node_modules\react-router\dist\umd\react-router.development.js:1207:17)
    at BrowserRouter (C:\Users\Admin\graceful_books\node_modules\react-router-dom\dist\umd\react-router-dom.development.js:695:7)

[90mstderr[2m | src/pages/auth/Signup.test.tsx[2m > [22m[2mSignup Page with Charity Selection[2m > [22m[2mcredentials step[2m > [22m[2mshould proceed to charity selection when passwords match
[22m[39mWarning: An update to Signup inside a test was not wrapped in act(...).

When testing, code that causes React state updates should be wrapped into act(...):

act(() => {
  /* fire events that update state */
});
/* assert on the output */

This ensures that you're testing the behavior the user would see in the browser. Learn more at https://reactjs.org/link/wrap-tests-with-act
    at Signup (C:/Users/Admin/graceful_books/src/pages/auth/Signup.tsx:8:61)
    at Router (C:\Users\Admin\graceful_books\node_modules\react-router\dist\umd\react-router.development.js:1207:17)
    at BrowserRouter (C:\Users\Admin\graceful_books\node_modules\react-router-dom\dist\umd\react-router-dom.development.js:695:7)

[90mstderr[2m | src/pages/auth/Signup.test.tsx[2m > [22m[2mSignup Page with Charity Selection[2m > [22m[2mcredentials step[2m > [22m[2mshould proceed to charity selection when passwords match
[22m[39mWarning: An update to Signup inside a test was not wrapped in act(...).

When testing, code that causes React state updates should be wrapped into act(...):

act(() => {
  /* fire events that update state */
});
/* assert on the output */

This ensures that you're testing the behavior the user would see in the browser. Learn more at https://reactjs.org/link/wrap-tests-with-act
    at Signup (C:/Users/Admin/graceful_books/src/pages/auth/Signup.tsx:8:61)
    at Router (C:\Users\Admin\graceful_books\node_modules\react-router\dist\umd\react-router.development.js:1207:17)
    at BrowserRouter (C:\Users\Admin\graceful_books\node_modules\react-router-dom\dist\umd\react-router-dom.development.js:695:7)

[90mstderr[2m | src/pages/auth/Signup.test.tsx[2m > [22m[2mSignup Page with Charity Selection[2m > [22m[2mcredentials step[2m > [22m[2mshould proceed to charity selection when passwords match
[22m[39mWarning: An update to Signup inside a test was not wrapped in act(...).

When testing, code that causes React state updates should be wrapped into act(...):

act(() => {
  /* fire events that update state */
});
/* assert on the output */

This ensures that you're testing the behavior the user would see in the browser. Learn more at https://reactjs.org/link/wrap-tests-with-act
    at Signup (C:/Users/Admin/graceful_books/src/pages/auth/Signup.tsx:8:61)
    at Router (C:\Users\Admin\graceful_books\node_modules\react-router\dist\umd\react-router.development.js:1207:17)
    at BrowserRouter (C:\Users\Admin\graceful_books\node_modules\react-router-dom\dist\umd\react-router-dom.development.js:695:7)

[90mstderr[2m | src/pages/auth/Signup.test.tsx[2m > [22m[2mSignup Page with Charity Selection[2m > [22m[2mcredentials step[2m > [22m[2mshould proceed to charity selection when passwords match
[22m[39mWarning: An update to Signup inside a test was not wrapped in act(...).

When testing, code that causes React state updates should be wrapped into act(...):

act(() => {
  /* fire events that update state */
});
/* assert on the output */

This ensures that you're testing the behavior the user would see in the browser. Learn more at https://reactjs.org/link/wrap-tests-with-act
    at Signup (C:/Users/Admin/graceful_books/src/pages/auth/Signup.tsx:8:61)
    at Router (C:\Users\Admin\graceful_books\node_modules\react-router\dist\umd\react-router.development.js:1207:17)
    at BrowserRouter (C:\Users\Admin\graceful_books\node_modules\react-router-dom\dist\umd\react-router-dom.development.js:695:7)

[90mstderr[2m | src/pages/auth/Signup.test.tsx[2m > [22m[2mSignup Page with Charity Selection[2m > [22m[2mcredentials step[2m > [22m[2mshould proceed to charity selection when passwords match
[22m[39mWarning: An update to Signup inside a test was not wrapped in act(...).

When testing, code that causes React state updates should be wrapped into act(...):

act(() => {
  /* fire events that update state */
});
/* assert on the output */

This ensures that you're testing the behavior the user would see in the browser. Learn more at https://reactjs.org/link/wrap-tests-with-act
    at Signup (C:/Users/Admin/graceful_books/src/pages/auth/Signup.tsx:8:61)
    at Router (C:\Users\Admin\graceful_books\node_modules\react-router\dist\umd\react-router.development.js:1207:17)
    at BrowserRouter (C:\Users\Admin\graceful_books\node_modules\react-router-dom\dist\umd\react-router-dom.development.js:695:7)

[90mstderr[2m | src/pages/auth/Signup.test.tsx[2m > [22m[2mSignup Page with Charity Selection[2m > [22m[2mcredentials step[2m > [22m[2mshould proceed to charity selection when passwords match
[22m[39mWarning: An update to Signup inside a test was not wrapped in act(...).

When testing, code that causes React state updates should be wrapped into act(...):

act(() => {
  /* fire events that update state */
});
/* assert on the output */

This ensures that you're testing the behavior the user would see in the browser. Learn more at https://reactjs.org/link/wrap-tests-with-act
    at Signup (C:/Users/Admin/graceful_books/src/pages/auth/Signup.tsx:8:61)
    at Router (C:\Users\Admin\graceful_books\node_modules\react-router\dist\umd\react-router.development.js:1207:17)
    at BrowserRouter (C:\Users\Admin\graceful_books\node_modules\react-router-dom\dist\umd\react-router-dom.development.js:695:7)

[90mstderr[2m | src/pages/auth/Signup.test.tsx[2m > [22m[2mSignup Page with Charity Selection[2m > [22m[2mcredentials step[2m > [22m[2mshould proceed to charity selection when passwords match
[22m[39mWarning: An update to Signup inside a test was not wrapped in act(...).

When testing, code that causes React state updates should be wrapped into act(...):

act(() => {
  /* fire events that update state */
});
/* assert on the output */

This ensures that you're testing the behavior the user would see in the browser. Learn more at https://reactjs.org/link/wrap-tests-with-act
    at Signup (C:/Users/Admin/graceful_books/src/pages/auth/Signup.tsx:8:61)
    at Router (C:\Users\Admin\graceful_books\node_modules\react-router\dist\umd\react-router.development.js:1207:17)
    at BrowserRouter (C:\Users\Admin\graceful_books\node_modules\react-router-dom\dist\umd\react-router-dom.development.js:695:7)

[90mstderr[2m | src/pages/auth/Signup.test.tsx[2m > [22m[2mSignup Page with Charity Selection[2m > [22m[2mcredentials step[2m > [22m[2mshould proceed to charity selection when passwords match
[22m[39mWarning: An update to Signup inside a test was not wrapped in act(...).

When testing, code that causes React state updates should be wrapped into act(...):

act(() => {
  /* fire events that update state */
});
/* assert on the output */

This ensures that you're testing the behavior the user would see in the browser. Learn more at https://reactjs.org/link/wrap-tests-with-act
    at Signup (C:/Users/Admin/graceful_books/src/pages/auth/Signup.tsx:8:61)
    at Router (C:\Users\Admin\graceful_books\node_modules\react-router\dist\umd\react-router.development.js:1207:17)
    at BrowserRouter (C:\Users\Admin\graceful_books\node_modules\react-router-dom\dist\umd\react-router-dom.development.js:695:7)

[90mstderr[2m | src/pages/auth/Signup.test.tsx[2m > [22m[2mSignup Page with Charity Selection[2m > [22m[2mcredentials step[2m > [22m[2mshould proceed to charity selection when passwords match
[22m[39mWarning: An update to Signup inside a test was not wrapped in act(...).

When testing, code that causes React state updates should be wrapped into act(...):

act(() => {
  /* fire events that update state */
});
/* assert on the output */

This ensures that you're testing the behavior the user would see in the browser. Learn more at https://reactjs.org/link/wrap-tests-with-act
    at Signup (C:/Users/Admin/graceful_books/src/pages/auth/Signup.tsx:8:61)
    at Router (C:\Users\Admin\graceful_books\node_modules\react-router\dist\umd\react-router.development.js:1207:17)
    at BrowserRouter (C:\Users\Admin\graceful_books\node_modules\react-router-dom\dist\umd\react-router-dom.development.js:695:7)

[90mstderr[2m | src/pages/auth/Signup.test.tsx[2m > [22m[2mSignup Page with Charity Selection[2m > [22m[2mcredentials step[2m > [22m[2mshould proceed to charity selection when passwords match
[22m[39mWarning: An update to Signup inside a test was not wrapped in act(...).

When testing, code that causes React state updates should be wrapped into act(...):

act(() => {
  /* fire events that update state */
});
/* assert on the output */

This ensures that you're testing the behavior the user would see in the browser. Learn more at https://reactjs.org/link/wrap-tests-with-act
    at Signup (C:/Users/Admin/graceful_books/src/pages/auth/Signup.tsx:8:61)
    at Router (C:\Users\Admin\graceful_books\node_modules\react-router\dist\umd\react-router.development.js:1207:17)
    at BrowserRouter (C:\Users\Admin\graceful_books\node_modules\react-router-dom\dist\umd\react-router-dom.development.js:695:7)

[90mstderr[2m | src/pages/auth/Signup.test.tsx[2m > [22m[2mSignup Page with Charity Selection[2m > [22m[2mcredentials step[2m > [22m[2mshould proceed to charity selection when passwords match
[22m[39mWarning: An update to Signup inside a test was not wrapped in act(...).

When testing, code that causes React state updates should be wrapped into act(...):

act(() => {
  /* fire events that update state */
});
/* assert on the output */

This ensures that you're testing the behavior the user would see in the browser. Learn more at https://reactjs.org/link/wrap-tests-with-act
    at Signup (C:/Users/Admin/graceful_books/src/pages/auth/Signup.tsx:8:61)
    at Router (C:\Users\Admin\graceful_books\node_modules\react-router\dist\umd\react-router.development.js:1207:17)
    at BrowserRouter (C:\Users\Admin\graceful_books\node_modules\react-router-dom\dist\umd\react-router-dom.development.js:695:7)

[90mstderr[2m | src/pages/auth/Signup.test.tsx[2m > [22m[2mSignup Page with Charity Selection[2m > [22m[2mcredentials step[2m > [22m[2mshould proceed to charity selection when passwords match
[22m[39mWarning: An update to Signup inside a test was not wrapped in act(...).

When testing, code that causes React state updates should be wrapped into act(...):

act(() => {
  /* fire events that update state */
});
/* assert on the output */

This ensures that you're testing the behavior the user would see in the browser. Learn more at https://reactjs.org/link/wrap-tests-with-act
    at Signup (C:/Users/Admin/graceful_books/src/pages/auth/Signup.tsx:8:61)
    at Router (C:\Users\Admin\graceful_books\node_modules\react-router\dist\umd\react-router.development.js:1207:17)
    at BrowserRouter (C:\Users\Admin\graceful_books\node_modules\react-router-dom\dist\umd\react-router-dom.development.js:695:7)

[90mstderr[2m | src/pages/auth/Signup.test.tsx[2m > [22m[2mSignup Page with Charity Selection[2m > [22m[2mcredentials step[2m > [22m[2mshould proceed to charity selection when passwords match
[22m[39mWarning: An update to Signup inside a test was not wrapped in act(...).

When testing, code that causes React state updates should be wrapped into act(...):

act(() => {
  /* fire events that update state */
});
/* assert on the output */

This ensures that you're testing the behavior the user would see in the browser. Learn more at https://reactjs.org/link/wrap-tests-with-act
    at Signup (C:/Users/Admin/graceful_books/src/pages/auth/Signup.tsx:8:61)
    at Router (C:\Users\Admin\graceful_books\node_modules\react-router\dist\umd\react-router.development.js:1207:17)
    at BrowserRouter (C:\Users\Admin\graceful_books\node_modules\react-router-dom\dist\umd\react-router-dom.development.js:695:7)

[90mstderr[2m | src/pages/auth/Signup.test.tsx[2m > [22m[2mSignup Page with Charity Selection[2m > [22m[2mcredentials step[2m > [22m[2mshould proceed to charity selection when passwords match
[22m[39mWarning: An update to Signup inside a test was not wrapped in act(...).

When testing, code that causes React state updates should be wrapped into act(...):

act(() => {
  /* fire events that update state */
});
/* assert on the output */

This ensures that you're testing the behavior the user would see in the browser. Learn more at https://reactjs.org/link/wrap-tests-with-act
    at Signup (C:/Users/Admin/graceful_books/src/pages/auth/Signup.tsx:8:61)
    at Router (C:\Users\Admin\graceful_books\node_modules\react-router\dist\umd\react-router.development.js:1207:17)
    at BrowserRouter (C:\Users\Admin\graceful_books\node_modules\react-router-dom\dist\umd\react-router-dom.development.js:695:7)

[90mstderr[2m | src/pages/auth/Signup.test.tsx[2m > [22m[2mSignup Page with Charity Selection[2m > [22m[2mcredentials step[2m > [22m[2mshould proceed to charity selection when passwords match
[22m[39mWarning: An update to Signup inside a test was not wrapped in act(...).

When testing, code that causes React state updates should be wrapped into act(...):

act(() => {
  /* fire events that update state */
});
/* assert on the output */

This ensures that you're testing the behavior the user would see in the browser. Learn more at https://reactjs.org/link/wrap-tests-with-act
    at Signup (C:/Users/Admin/graceful_books/src/pages/auth/Signup.tsx:8:61)
    at Router (C:\Users\Admin\graceful_books\node_modules\react-router\dist\umd\react-router.development.js:1207:17)
    at BrowserRouter (C:\Users\Admin\graceful_books\node_modules\react-router-dom\dist\umd\react-router-dom.development.js:695:7)

[90mstderr[2m | src/pages/auth/Signup.test.tsx[2m > [22m[2mSignup Page with Charity Selection[2m > [22m[2mcredentials step[2m > [22m[2mshould proceed to charity selection when passwords match
[22m[39mWarning: An update to Signup inside a test was not wrapped in act(...).

When testing, code that causes React state updates should be wrapped into act(...):

act(() => {
  /* fire events that update state */
});
/* assert on the output */

This ensures that you're testing the behavior the user would see in the browser. Learn more at https://reactjs.org/link/wrap-tests-with-act
    at Signup (C:/Users/Admin/graceful_books/src/pages/auth/Signup.tsx:8:61)
    at Router (C:\Users\Admin\graceful_books\node_modules\react-router\dist\umd\react-router.development.js:1207:17)
    at BrowserRouter (C:\Users\Admin\graceful_books\node_modules\react-router-dom\dist\umd\react-router-dom.development.js:695:7)

[90mstderr[2m | src/pages/auth/Signup.test.tsx[2m > [22m[2mSignup Page with Charity Selection[2m > [22m[2mcredentials step[2m > [22m[2mshould proceed to charity selection when passwords match
[22m[39mWarning: An update to Signup inside a test was not wrapped in act(...).

When testing, code that causes React state updates should be wrapped into act(...):

act(() => {
  /* fire events that update state */
});
/* assert on the output */

This ensures that you're testing the behavior the user would see in the browser. Learn more at https://reactjs.org/link/wrap-tests-with-act
    at Signup (C:/Users/Admin/graceful_books/src/pages/auth/Signup.tsx:8:61)
    at Router (C:\Users\Admin\graceful_books\node_modules\react-router\dist\umd\react-router.development.js:1207:17)
    at BrowserRouter (C:\Users\Admin\graceful_books\node_modules\react-router-dom\dist\umd\react-router-dom.development.js:695:7)

[90mstderr[2m | src/pages/auth/Signup.test.tsx[2m > [22m[2mSignup Page with Charity Selection[2m > [22m[2mcredentials step[2m > [22m[2mshould proceed to charity selection when passwords match
[22m[39mWarning: An update to Signup inside a test was not wrapped in act(...).

When testing, code that causes React state updates should be wrapped into act(...):

act(() => {
  /* fire events that update state */
});
/* assert on the output */

This ensures that you're testing the behavior the user would see in the browser. Learn more at https://reactjs.org/link/wrap-tests-with-act
    at Signup (C:/Users/Admin/graceful_books/src/pages/auth/Signup.tsx:8:61)
    at Router (C:\Users\Admin\graceful_books\node_modules\react-router\dist\umd\react-router.development.js:1207:17)
    at BrowserRouter (C:\Users\Admin\graceful_books\node_modules\react-router-dom\dist\umd\react-router-dom.development.js:695:7)

[90mstderr[2m | src/pages/auth/Signup.test.tsx[2m > [22m[2mSignup Page with Charity Selection[2m > [22m[2mcredentials step[2m > [22m[2mshould proceed to charity selection when passwords match
[22m[39mWarning: An update to Signup inside a test was not wrapped in act(...).

When testing, code that causes React state updates should be wrapped into act(...):

act(() => {
  /* fire events that update state */
});
/* assert on the output */

This ensures that you're testing the behavior the user would see in the browser. Learn more at https://reactjs.org/link/wrap-tests-with-act
    at Signup (C:/Users/Admin/graceful_books/src/pages/auth/Signup.tsx:8:61)
    at Router (C:\Users\Admin\graceful_books\node_modules\react-router\dist\umd\react-router.development.js:1207:17)
    at BrowserRouter (C:\Users\Admin\graceful_books\node_modules\react-router-dom\dist\umd\react-router-dom.development.js:695:7)

[90mstderr[2m | src/pages/auth/Signup.test.tsx[2m > [22m[2mSignup Page with Charity Selection[2m > [22m[2mcredentials step[2m > [22m[2mshould proceed to charity selection when passwords match
[22m[39mWarning: An update to CharitySelector inside a test was not wrapped in act(...).

When testing, code that causes React state updates should be wrapped into act(...):

act(() => {
  /* fire events that update state */
});
/* assert on the output */

This ensures that you're testing the behavior the user would see in the browser. Learn more at https://reactjs.org/link/wrap-tests-with-act
    at CharitySelector (C:/Users/Admin/graceful_books/src/components/charity/CharitySelector.tsx:9:3)
    at div
    at div
    at Signup (C:/Users/Admin/graceful_books/src/pages/auth/Signup.tsx:8:61)
    at Router (C:\Users\Admin\graceful_books\node_modules\react-router\dist\umd\react-router.development.js:1207:17)
    at BrowserRouter (C:\Users\Admin\graceful_books\node_modules\react-router-dom\dist\umd\react-router-dom.development.js:695:7)
Warning: An update to CharitySelector inside a test was not wrapped in act(...).

When testing, code that causes React state updates should be wrapped into act(...):

act(() => {
  /* fire events that update state */
});
/* assert on the output */

This ensures that you're testing the behavior the user would see in the browser. Learn more at https://reactjs.org/link/wrap-tests-with-act
    at CharitySelector (C:/Users/Admin/graceful_books/src/components/charity/CharitySelector.tsx:9:3)
    at div
    at div
    at Signup (C:/Users/Admin/graceful_books/src/pages/auth/Signup.tsx:8:61)
    at Router (C:\Users\Admin\graceful_books\node_modules\react-router\dist\umd\react-router.development.js:1207:17)
    at BrowserRouter (C:\Users\Admin\graceful_books\node_modules\react-router-dom\dist\umd\react-router-dom.development.js:695:7)

[90mstderr[2m | src/pages/auth/Signup.test.tsx[2m > [22m[2mSignup Page with Charity Selection[2m > [22m[2mcharity selection step[2m > [22m[2mshould show charity selector after credentials step
[22m[39mWarning: An update to Signup inside a test was not wrapped in act(...).

When testing, code that causes React state updates should be wrapped into act(...):

act(() => {
  /* fire events that update state */
});
/* assert on the output */

This ensures that you're testing the behavior the user would see in the browser. Learn more at https://reactjs.org/link/wrap-tests-with-act
    at Signup (C:/Users/Admin/graceful_books/src/pages/auth/Signup.tsx:8:61)
    at Router (C:\Users\Admin\graceful_books\node_modules\react-router\dist\umd\react-router.development.js:1207:17)
    at BrowserRouter (C:\Users\Admin\graceful_books\node_modules\react-router-dom\dist\umd\react-router-dom.development.js:695:7)

[90mstderr[2m | src/pages/auth/Signup.test.tsx[2m > [22m[2mSignup Page with Charity Selection[2m > [22m[2mcharity selection step[2m > [22m[2mshould show charity selector after credentials step
[22m[39mWarning: An update to Signup inside a test was not wrapped in act(...).

When testing, code that causes React state updates should be wrapped into act(...):

act(() => {
  /* fire events that update state */
});
/* assert on the output */

This ensures that you're testing the behavior the user would see in the browser. Learn more at https://reactjs.org/link/wrap-tests-with-act
    at Signup (C:/Users/Admin/graceful_books/src/pages/auth/Signup.tsx:8:61)
    at Router (C:\Users\Admin\graceful_books\node_modules\react-router\dist\umd\react-router.development.js:1207:17)
    at BrowserRouter (C:\Users\Admin\graceful_books\node_modules\react-router-dom\dist\umd\react-router-dom.development.js:695:7)

[90mstderr[2m | src/pages/auth/Signup.test.tsx[2m > [22m[2mSignup Page with Charity Selection[2m > [22m[2mcharity selection step[2m > [22m[2mshould show charity selector after credentials step
[22m[39mWarning: An update to Signup inside a test was not wrapped in act(...).

When testing, code that causes React state updates should be wrapped into act(...):

act(() => {
  /* fire events that update state */
});
/* assert on the output */

This ensures that you're testing the behavior the user would see in the browser. Learn more at https://reactjs.org/link/wrap-tests-with-act
    at Signup (C:/Users/Admin/graceful_books/src/pages/auth/Signup.tsx:8:61)
    at Router (C:\Users\Admin\graceful_books\node_modules\react-router\dist\umd\react-router.development.js:1207:17)
    at BrowserRouter (C:\Users\Admin\graceful_books\node_modules\react-router-dom\dist\umd\react-router-dom.development.js:695:7)

[90mstderr[2m | src/pages/auth/Signup.test.tsx[2m > [22m[2mSignup Page with Charity Selection[2m > [22m[2mcharity selection step[2m > [22m[2mshould show charity selector after credentials step
[22m[39mWarning: An update to Signup inside a test was not wrapped in act(...).

When testing, code that causes React state updates should be wrapped into act(...):

act(() => {
  /* fire events that update state */
});
/* assert on the output */

This ensures that you're testing the behavior the user would see in the browser. Learn more at https://reactjs.org/link/wrap-tests-with-act
    at Signup (C:/Users/Admin/graceful_books/src/pages/auth/Signup.tsx:8:61)
    at Router (C:\Users\Admin\graceful_books\node_modules\react-router\dist\umd\react-router.development.js:1207:17)
    at BrowserRouter (C:\Users\Admin\graceful_books\node_modules\react-router-dom\dist\umd\react-router-dom.development.js:695:7)

[90mstderr[2m | src/pages/auth/Signup.test.tsx[2m > [22m[2mSignup Page with Charity Selection[2m > [22m[2mcharity selection step[2m > [22m[2mshould show charity selector after credentials step
[22m[39mWarning: An update to Signup inside a test was not wrapped in act(...).

When testing, code that causes React state updates should be wrapped into act(...):

act(() => {
  /* fire events that update state */
});
/* assert on the output */

This ensures that you're testing the behavior the user would see in the browser. Learn more at https://reactjs.org/link/wrap-tests-with-act
    at Signup (C:/Users/Admin/graceful_books/src/pages/auth/Signup.tsx:8:61)
    at Router (C:\Users\Admin\graceful_books\node_modules\react-router\dist\umd\react-router.development.js:1207:17)
    at BrowserRouter (C:\Users\Admin\graceful_books\node_modules\react-router-dom\dist\umd\react-router-dom.development.js:695:7)

[90mstderr[2m | src/pages/auth/Signup.test.tsx[2m > [22m[2mSignup Page with Charity Selection[2m > [22m[2mcharity selection step[2m > [22m[2mshould show charity selector after credentials step
[22m[39mWarning: An update to Signup inside a test was not wrapped in act(...).

When testing, code that causes React state updates should be wrapped into act(...):

act(() => {
  /* fire events that update state */
});
/* assert on the output */

This ensures that you're testing the behavior the user would see in the browser. Learn more at https://reactjs.org/link/wrap-tests-with-act
    at Signup (C:/Users/Admin/graceful_books/src/pages/auth/Signup.tsx:8:61)
    at Router (C:\Users\Admin\graceful_books\node_modules\react-router\dist\umd\react-router.development.js:1207:17)
    at BrowserRouter (C:\Users\Admin\graceful_books\node_modules\react-router-dom\dist\umd\react-router-dom.development.js:695:7)

[90mstderr[2m | src/pages/auth/Signup.test.tsx[2m > [22m[2mSignup Page with Charity Selection[2m > [22m[2mcharity selection step[2m > [22m[2mshould show charity selector after credentials step
[22m[39mWarning: An update to Signup inside a test was not wrapped in act(...).

When testing, code that causes React state updates should be wrapped into act(...):

act(() => {
  /* fire events that update state */
});
/* assert on the output */

This ensures that you're testing the behavior the user would see in the browser. Learn more at https://reactjs.org/link/wrap-tests-with-act
    at Signup (C:/Users/Admin/graceful_books/src/pages/auth/Signup.tsx:8:61)
    at Router (C:\Users\Admin\graceful_books\node_modules\react-router\dist\umd\react-router.development.js:1207:17)
    at BrowserRouter (C:\Users\Admin\graceful_books\node_modules\react-router-dom\dist\umd\react-router-dom.development.js:695:7)

[90mstderr[2m | src/pages/auth/Signup.test.tsx[2m > [22m[2mSignup Page with Charity Selection[2m > [22m[2mcharity selection step[2m > [22m[2mshould show charity selector after credentials step
[22m[39mWarning: An update to Signup inside a test was not wrapped in act(...).

When testing, code that causes React state updates should be wrapped into act(...):

act(() => {
  /* fire events that update state */
});
/* assert on the output */

This ensures that you're testing the behavior the user would see in the browser. Learn more at https://reactjs.org/link/wrap-tests-with-act
    at Signup (C:/Users/Admin/graceful_books/src/pages/auth/Signup.tsx:8:61)
    at Router (C:\Users\Admin\graceful_books\node_modules\react-router\dist\umd\react-router.development.js:1207:17)
    at BrowserRouter (C:\Users\Admin\graceful_books\node_modules\react-router-dom\dist\umd\react-router-dom.development.js:695:7)

[90mstderr[2m | src/pages/auth/Signup.test.tsx[2m > [22m[2mSignup Page with Charity Selection[2m > [22m[2mcharity selection step[2m > [22m[2mshould show charity selector after credentials step
[22m[39mWarning: An update to Signup inside a test was not wrapped in act(...).

When testing, code that causes React state updates should be wrapped into act(...):

act(() => {
  /* fire events that update state */
});
/* assert on the output */

This ensures that you're testing the behavior the user would see in the browser. Learn more at https://reactjs.org/link/wrap-tests-with-act
    at Signup (C:/Users/Admin/graceful_books/src/pages/auth/Signup.tsx:8:61)
    at Router (C:\Users\Admin\graceful_books\node_modules\react-router\dist\umd\react-router.development.js:1207:17)
    at BrowserRouter (C:\Users\Admin\graceful_books\node_modules\react-router-dom\dist\umd\react-router-dom.development.js:695:7)

[90mstderr[2m | src/pages/auth/Signup.test.tsx[2m > [22m[2mSignup Page with Charity Selection[2m > [22m[2mcharity selection step[2m > [22m[2mshould show charity selector after credentials step
[22m[39mWarning: An update to Signup inside a test was not wrapped in act(...).

When testing, code that causes React state updates should be wrapped into act(...):

act(() => {
  /* fire events that update state */
});
/* assert on the output */

This ensures that you're testing the behavior the user would see in the browser. Learn more at https://reactjs.org/link/wrap-tests-with-act
    at Signup (C:/Users/Admin/graceful_books/src/pages/auth/Signup.tsx:8:61)
    at Router (C:\Users\Admin\graceful_books\node_modules\react-router\dist\umd\react-router.development.js:1207:17)
    at BrowserRouter (C:\Users\Admin\graceful_books\node_modules\react-router-dom\dist\umd\react-router-dom.development.js:695:7)

[90mstderr[2m | src/pages/auth/Signup.test.tsx[2m > [22m[2mSignup Page with Charity Selection[2m > [22m[2mcharity selection step[2m > [22m[2mshould show charity selector after credentials step
[22m[39mWarning: An update to Signup inside a test was not wrapped in act(...).

When testing, code that causes React state updates should be wrapped into act(...):

act(() => {
  /* fire events that update state */
});
/* assert on the output */

This ensures that you're testing the behavior the user would see in the browser. Learn more at https://reactjs.org/link/wrap-tests-with-act
    at Signup (C:/Users/Admin/graceful_books/src/pages/auth/Signup.tsx:8:61)
    at Router (C:\Users\Admin\graceful_books\node_modules\react-router\dist\umd\react-router.development.js:1207:17)
    at BrowserRouter (C:\Users\Admin\graceful_books\node_modules\react-router-dom\dist\umd\react-router-dom.development.js:695:7)

[90mstderr[2m | src/pages/auth/Signup.test.tsx[2m > [22m[2mSignup Page with Charity Selection[2m > [22m[2mcharity selection step[2m > [22m[2mshould show charity selector after credentials step
[22m[39mWarning: An update to Signup inside a test was not wrapped in act(...).

When testing, code that causes React state updates should be wrapped into act(...):

act(() => {
  /* fire events that update state */
});
/* assert on the output */

This ensures that you're testing the behavior the user would see in the browser. Learn more at https://reactjs.org/link/wrap-tests-with-act
    at Signup (C:/Users/Admin/graceful_books/src/pages/auth/Signup.tsx:8:61)
    at Router (C:\Users\Admin\graceful_books\node_modules\react-router\dist\umd\react-router.development.js:1207:17)
    at BrowserRouter (C:\Users\Admin\graceful_books\node_modules\react-router-dom\dist\umd\react-router-dom.development.js:695:7)

[90mstderr[2m | src/pages/auth/Signup.test.tsx[2m > [22m[2mSignup Page with Charity Selection[2m > [22m[2mcharity selection step[2m > [22m[2mshould show charity selector after credentials step
[22m[39mWarning: An update to Signup inside a test was not wrapped in act(...).

When testing, code that causes React state updates should be wrapped into act(...):

act(() => {
  /* fire events that update state */
});
/* assert on the output */

This ensures that you're testing the behavior the user would see in the browser. Learn more at https://reactjs.org/link/wrap-tests-with-act
    at Signup (C:/Users/Admin/graceful_books/src/pages/auth/Signup.tsx:8:61)
    at Router (C:\Users\Admin\graceful_books\node_modules\react-router\dist\umd\react-router.development.js:1207:17)
    at BrowserRouter (C:\Users\Admin\graceful_books\node_modules\react-router-dom\dist\umd\react-router-dom.development.js:695:7)

[90mstderr[2m | src/pages/auth/Signup.test.tsx[2m > [22m[2mSignup Page with Charity Selection[2m > [22m[2mcharity selection step[2m > [22m[2mshould show charity selector after credentials step
[22m[39mWarning: An update to Signup inside a test was not wrapped in act(...).

When testing, code that causes React state updates should be wrapped into act(...):

act(() => {
  /* fire events that update state */
});
/* assert on the output */

This ensures that you're testing the behavior the user would see in the browser. Learn more at https://reactjs.org/link/wrap-tests-with-act
    at Signup (C:/Users/Admin/graceful_books/src/pages/auth/Signup.tsx:8:61)
    at Router (C:\Users\Admin\graceful_books\node_modules\react-router\dist\umd\react-router.development.js:1207:17)
    at BrowserRouter (C:\Users\Admin\graceful_books\node_modules\react-router-dom\dist\umd\react-router-dom.development.js:695:7)

[90mstderr[2m | src/pages/auth/Signup.test.tsx[2m > [22m[2mSignup Page with Charity Selection[2m > [22m[2mcharity selection step[2m > [22m[2mshould show charity selector after credentials step
[22m[39mWarning: An update to Signup inside a test was not wrapped in act(...).

When testing, code that causes React state updates should be wrapped into act(...):

act(() => {
  /* fire events that update state */
});
/* assert on the output */

This ensures that you're testing the behavior the user would see in the browser. Learn more at https://reactjs.org/link/wrap-tests-with-act
    at Signup (C:/Users/Admin/graceful_books/src/pages/auth/Signup.tsx:8:61)
    at Router (C:\Users\Admin\graceful_books\node_modules\react-router\dist\umd\react-router.development.js:1207:17)
    at BrowserRouter (C:\Users\Admin\graceful_books\node_modules\react-router-dom\dist\umd\react-router-dom.development.js:695:7)

[90mstderr[2m | src/pages/auth/Signup.test.tsx[2m > [22m[2mSignup Page with Charity Selection[2m > [22m[2mcharity selection step[2m > [22m[2mshould show charity selector after credentials step
[22m[39mWarning: An update to Signup inside a test was not wrapped in act(...).

When testing, code that causes React state updates should be wrapped into act(...):

act(() => {
  /* fire events that update state */
});
/* assert on the output */

This ensures that you're testing the behavior the user would see in the browser. Learn more at https://reactjs.org/link/wrap-tests-with-act
    at Signup (C:/Users/Admin/graceful_books/src/pages/auth/Signup.tsx:8:61)
    at Router (C:\Users\Admin\graceful_books\node_modules\react-router\dist\umd\react-router.development.js:1207:17)
    at BrowserRouter (C:\Users\Admin\graceful_books\node_modules\react-router-dom\dist\umd\react-router-dom.development.js:695:7)

[90mstderr[2m | src/pages/auth/Signup.test.tsx[2m > [22m[2mSignup Page with Charity Selection[2m > [22m[2mcharity selection step[2m > [22m[2mshould show charity selector after credentials step
[22m[39mWarning: An update to Signup inside a test was not wrapped in act(...).

When testing, code that causes React state updates should be wrapped into act(...):

act(() => {
  /* fire events that update state */
});
/* assert on the output */

This ensures that you're testing the behavior the user would see in the browser. Learn more at https://reactjs.org/link/wrap-tests-with-act
    at Signup (C:/Users/Admin/graceful_books/src/pages/auth/Signup.tsx:8:61)
    at Router (C:\Users\Admin\graceful_books\node_modules\react-router\dist\umd\react-router.development.js:1207:17)
    at BrowserRouter (C:\Users\Admin\graceful_books\node_modules\react-router-dom\dist\umd\react-router-dom.development.js:695:7)

[90mstderr[2m | src/pages/auth/Signup.test.tsx[2m > [22m[2mSignup Page with Charity Selection[2m > [22m[2mcharity selection step[2m > [22m[2mshould show charity selector after credentials step
[22m[39mWarning: An update to Signup inside a test was not wrapped in act(...).

When testing, code that causes React state updates should be wrapped into act(...):

act(() => {
  /* fire events that update state */
});
/* assert on the output */

This ensures that you're testing the behavior the user would see in the browser. Learn more at https://reactjs.org/link/wrap-tests-with-act
    at Signup (C:/Users/Admin/graceful_books/src/pages/auth/Signup.tsx:8:61)
    at Router (C:\Users\Admin\graceful_books\node_modules\react-router\dist\umd\react-router.development.js:1207:17)
    at BrowserRouter (C:\Users\Admin\graceful_books\node_modules\react-router-dom\dist\umd\react-router-dom.development.js:695:7)

[90mstderr[2m | src/pages/auth/Signup.test.tsx[2m > [22m[2mSignup Page with Charity Selection[2m > [22m[2mcharity selection step[2m > [22m[2mshould show charity selector after credentials step
[22m[39mWarning: An update to Signup inside a test was not wrapped in act(...).

When testing, code that causes React state updates should be wrapped into act(...):

act(() => {
  /* fire events that update state */
});
/* assert on the output */

This ensures that you're testing the behavior the user would see in the browser. Learn more at https://reactjs.org/link/wrap-tests-with-act
    at Signup (C:/Users/Admin/graceful_books/src/pages/auth/Signup.tsx:8:61)
    at Router (C:\Users\Admin\graceful_books\node_modules\react-router\dist\umd\react-router.development.js:1207:17)
    at BrowserRouter (C:\Users\Admin\graceful_books\node_modules\react-router-dom\dist\umd\react-router-dom.development.js:695:7)

[90mstderr[2m | src/pages/auth/Signup.test.tsx[2m > [22m[2mSignup Page with Charity Selection[2m > [22m[2mcharity selection step[2m > [22m[2mshould show charity selector after credentials step
[22m[39mWarning: An update to Signup inside a test was not wrapped in act(...).

When testing, code that causes React state updates should be wrapped into act(...):

act(() => {
  /* fire events that update state */
});
/* assert on the output */

This ensures that you're testing the behavior the user would see in the browser. Learn more at https://reactjs.org/link/wrap-tests-with-act
    at Signup (C:/Users/Admin/graceful_books/src/pages/auth/Signup.tsx:8:61)
    at Router (C:\Users\Admin\graceful_books\node_modules\react-router\dist\umd\react-router.development.js:1207:17)
    at BrowserRouter (C:\Users\Admin\graceful_books\node_modules\react-router-dom\dist\umd\react-router-dom.development.js:695:7)

[90mstderr[2m | src/pages/auth/Signup.test.tsx[2m > [22m[2mSignup Page with Charity Selection[2m > [22m[2mcharity selection step[2m > [22m[2mshould show charity selector after credentials step
[22m[39mWarning: An update to Signup inside a test was not wrapped in act(...).

When testing, code that causes React state updates should be wrapped into act(...):

act(() => {
  /* fire events that update state */
});
/* assert on the output */

This ensures that you're testing the behavior the user would see in the browser. Learn more at https://reactjs.org/link/wrap-tests-with-act
    at Signup (C:/Users/Admin/graceful_books/src/pages/auth/Signup.tsx:8:61)
    at Router (C:\Users\Admin\graceful_books\node_modules\react-router\dist\umd\react-router.development.js:1207:17)
    at BrowserRouter (C:\Users\Admin\graceful_books\node_modules\react-router-dom\dist\umd\react-router-dom.development.js:695:7)

[90mstderr[2m | src/pages/auth/Signup.test.tsx[2m > [22m[2mSignup Page with Charity Selection[2m > [22m[2mcharity selection step[2m > [22m[2mshould show charity selector after credentials step
[22m[39mWarning: An update to Signup inside a test was not wrapped in act(...).

When testing, code that causes React state updates should be wrapped into act(...):

act(() => {
  /* fire events that update state */
});
/* assert on the output */

This ensures that you're testing the behavior the user would see in the browser. Learn more at https://reactjs.org/link/wrap-tests-with-act
    at Signup (C:/Users/Admin/graceful_books/src/pages/auth/Signup.tsx:8:61)
    at Router (C:\Users\Admin\graceful_books\node_modules\react-router\dist\umd\react-router.development.js:1207:17)
    at BrowserRouter (C:\Users\Admin\graceful_books\node_modules\react-router-dom\dist\umd\react-router-dom.development.js:695:7)

[90mstderr[2m | src/pages/auth/Signup.test.tsx[2m > [22m[2mSignup Page with Charity Selection[2m > [22m[2mcharity selection step[2m > [22m[2mshould show charity selector after credentials step
[22m[39mWarning: An update to Signup inside a test was not wrapped in act(...).

When testing, code that causes React state updates should be wrapped into act(...):

act(() => {
  /* fire events that update state */
});
/* assert on the output */

This ensures that you're testing the behavior the user would see in the browser. Learn more at https://reactjs.org/link/wrap-tests-with-act
    at Signup (C:/Users/Admin/graceful_books/src/pages/auth/Signup.tsx:8:61)
    at Router (C:\Users\Admin\graceful_books\node_modules\react-router\dist\umd\react-router.development.js:1207:17)
    at BrowserRouter (C:\Users\Admin\graceful_books\node_modules\react-router-dom\dist\umd\react-router-dom.development.js:695:7)

[90mstderr[2m | src/pages/auth/Signup.test.tsx[2m > [22m[2mSignup Page with Charity Selection[2m > [22m[2mcharity selection step[2m > [22m[2mshould show charity selector after credentials step
[22m[39mWarning: An update to Signup inside a test was not wrapped in act(...).

When testing, code that causes React state updates should be wrapped into act(...):

act(() => {
  /* fire events that update state */
});
/* assert on the output */

This ensures that you're testing the behavior the user would see in the browser. Learn more at https://reactjs.org/link/wrap-tests-with-act
    at Signup (C:/Users/Admin/graceful_books/src/pages/auth/Signup.tsx:8:61)
    at Router (C:\Users\Admin\graceful_books\node_modules\react-router\dist\umd\react-router.development.js:1207:17)
    at BrowserRouter (C:\Users\Admin\graceful_books\node_modules\react-router-dom\dist\umd\react-router-dom.development.js:695:7)

[90mstderr[2m | src/pages/auth/Signup.test.tsx[2m > [22m[2mSignup Page with Charity Selection[2m > [22m[2mcharity selection step[2m > [22m[2mshould show charity selector after credentials step
[22m[39mWarning: An update to Signup inside a test was not wrapped in act(...).

When testing, code that causes React state updates should be wrapped into act(...):

act(() => {
  /* fire events that update state */
});
/* assert on the output */

This ensures that you're testing the behavior the user would see in the browser. Learn more at https://reactjs.org/link/wrap-tests-with-act
    at Signup (C:/Users/Admin/graceful_books/src/pages/auth/Signup.tsx:8:61)
    at Router (C:\Users\Admin\graceful_books\node_modules\react-router\dist\umd\react-router.development.js:1207:17)
    at BrowserRouter (C:\Users\Admin\graceful_books\node_modules\react-router-dom\dist\umd\react-router-dom.development.js:695:7)

[90mstderr[2m | src/pages/auth/Signup.test.tsx[2m > [22m[2mSignup Page with Charity Selection[2m > [22m[2mcharity selection step[2m > [22m[2mshould show charity selector after credentials step
[22m[39mWarning: An update to Signup inside a test was not wrapped in act(...).

When testing, code that causes React state updates should be wrapped into act(...):

act(() => {
  /* fire events that update state */
});
/* assert on the output */

This ensures that you're testing the behavior the user would see in the browser. Learn more at https://reactjs.org/link/wrap-tests-with-act
    at Signup (C:/Users/Admin/graceful_books/src/pages/auth/Signup.tsx:8:61)
    at Router (C:\Users\Admin\graceful_books\node_modules\react-router\dist\umd\react-router.development.js:1207:17)
    at BrowserRouter (C:\Users\Admin\graceful_books\node_modules\react-router-dom\dist\umd\react-router-dom.development.js:695:7)

[90mstderr[2m | src/pages/auth/Signup.test.tsx[2m > [22m[2mSignup Page with Charity Selection[2m > [22m[2mcharity selection step[2m > [22m[2mshould show charity selector after credentials step
[22m[39mWarning: An update to Signup inside a test was not wrapped in act(...).

When testing, code that causes React state updates should be wrapped into act(...):

act(() => {
  /* fire events that update state */
});
/* assert on the output */

This ensures that you're testing the behavior the user would see in the browser. Learn more at https://reactjs.org/link/wrap-tests-with-act
    at Signup (C:/Users/Admin/graceful_books/src/pages/auth/Signup.tsx:8:61)
    at Router (C:\Users\Admin\graceful_books\node_modules\react-router\dist\umd\react-router.development.js:1207:17)
    at BrowserRouter (C:\Users\Admin\graceful_books\node_modules\react-router-dom\dist\umd\react-router-dom.development.js:695:7)

[90mstderr[2m | src/pages/auth/Signup.test.tsx[2m > [22m[2mSignup Page with Charity Selection[2m > [22m[2mcharity selection step[2m > [22m[2mshould show charity selector after credentials step
[22m[39mWarning: An update to Signup inside a test was not wrapped in act(...).

When testing, code that causes React state updates should be wrapped into act(...):

act(() => {
  /* fire events that update state */
});
/* assert on the output */

This ensures that you're testing the behavior the user would see in the browser. Learn more at https://reactjs.org/link/wrap-tests-with-act
    at Signup (C:/Users/Admin/graceful_books/src/pages/auth/Signup.tsx:8:61)
    at Router (C:\Users\Admin\graceful_books\node_modules\react-router\dist\umd\react-router.development.js:1207:17)
    at BrowserRouter (C:\Users\Admin\graceful_books\node_modules\react-router-dom\dist\umd\react-router-dom.development.js:695:7)

[90mstderr[2m | src/pages/auth/Signup.test.tsx[2m > [22m[2mSignup Page with Charity Selection[2m > [22m[2mcharity selection step[2m > [22m[2mshould show charity selector after credentials step
[22m[39mWarning: An update to Signup inside a test was not wrapped in act(...).

When testing, code that causes React state updates should be wrapped into act(...):

act(() => {
  /* fire events that update state */
});
/* assert on the output */

This ensures that you're testing the behavior the user would see in the browser. Learn more at https://reactjs.org/link/wrap-tests-with-act
    at Signup (C:/Users/Admin/graceful_books/src/pages/auth/Signup.tsx:8:61)
    at Router (C:\Users\Admin\graceful_books\node_modules\react-router\dist\umd\react-router.development.js:1207:17)
    at BrowserRouter (C:\Users\Admin\graceful_books\node_modules\react-router-dom\dist\umd\react-router-dom.development.js:695:7)

[90mstderr[2m | src/pages/auth/Signup.test.tsx[2m > [22m[2mSignup Page with Charity Selection[2m > [22m[2mcharity selection step[2m > [22m[2mshould show charity selector after credentials step
[22m[39mWarning: An update to Signup inside a test was not wrapped in act(...).

When testing, code that causes React state updates should be wrapped into act(...):

act(() => {
  /* fire events that update state */
});
/* assert on the output */

This ensures that you're testing the behavior the user would see in the browser. Learn more at https://reactjs.org/link/wrap-tests-with-act
    at Signup (C:/Users/Admin/graceful_books/src/pages/auth/Signup.tsx:8:61)
    at Router (C:\Users\Admin\graceful_books\node_modules\react-router\dist\umd\react-router.development.js:1207:17)
    at BrowserRouter (C:\Users\Admin\graceful_books\node_modules\react-router-dom\dist\umd\react-router-dom.development.js:695:7)

[90mstderr[2m | src/pages/auth/Signup.test.tsx[2m > [22m[2mSignup Page with Charity Selection[2m > [22m[2mcharity selection step[2m > [22m[2mshould show charity selector after credentials step
[22m[39mWarning: An update to Signup inside a test was not wrapped in act(...).

When testing, code that causes React state updates should be wrapped into act(...):

act(() => {
  /* fire events that update state */
});
/* assert on the output */

This ensures that you're testing the behavior the user would see in the browser. Learn more at https://reactjs.org/link/wrap-tests-with-act
    at Signup (C:/Users/Admin/graceful_books/src/pages/auth/Signup.tsx:8:61)
    at Router (C:\Users\Admin\graceful_books\node_modules\react-router\dist\umd\react-router.development.js:1207:17)
    at BrowserRouter (C:\Users\Admin\graceful_books\node_modules\react-router-dom\dist\umd\react-router-dom.development.js:695:7)

[90mstderr[2m | src/pages/auth/Signup.test.tsx[2m > [22m[2mSignup Page with Charity Selection[2m > [22m[2mcharity selection step[2m > [22m[2mshould show charity selector after credentials step
[22m[39mWarning: An update to Signup inside a test was not wrapped in act(...).

When testing, code that causes React state updates should be wrapped into act(...):

act(() => {
  /* fire events that update state */
});
/* assert on the output */

This ensures that you're testing the behavior the user would see in the browser. Learn more at https://reactjs.org/link/wrap-tests-with-act
    at Signup (C:/Users/Admin/graceful_books/src/pages/auth/Signup.tsx:8:61)
    at Router (C:\Users\Admin\graceful_books\node_modules\react-router\dist\umd\react-router.development.js:1207:17)
    at BrowserRouter (C:\Users\Admin\graceful_books\node_modules\react-router-dom\dist\umd\react-router-dom.development.js:695:7)

[90mstderr[2m | src/pages/auth/Signup.test.tsx[2m > [22m[2mSignup Page with Charity Selection[2m > [22m[2mcharity selection step[2m > [22m[2mshould show charity selector after credentials step
[22m[39mWarning: An update to Signup inside a test was not wrapped in act(...).

When testing, code that causes React state updates should be wrapped into act(...):

act(() => {
  /* fire events that update state */
});
/* assert on the output */

This ensures that you're testing the behavior the user would see in the browser. Learn more at https://reactjs.org/link/wrap-tests-with-act
    at Signup (C:/Users/Admin/graceful_books/src/pages/auth/Signup.tsx:8:61)
    at Router (C:\Users\Admin\graceful_books\node_modules\react-router\dist\umd\react-router.development.js:1207:17)
    at BrowserRouter (C:\Users\Admin\graceful_books\node_modules\react-router-dom\dist\umd\react-router-dom.development.js:695:7)

[90mstderr[2m | src/pages/auth/Signup.test.tsx[2m > [22m[2mSignup Page with Charity Selection[2m > [22m[2mcharity selection step[2m > [22m[2mshould show charity selector after credentials step
[22m[39mWarning: An update to Signup inside a test was not wrapped in act(...).

When testing, code that causes React state updates should be wrapped into act(...):

act(() => {
  /* fire events that update state */
});
/* assert on the output */

This ensures that you're testing the behavior the user would see in the browser. Learn more at https://reactjs.org/link/wrap-tests-with-act
    at Signup (C:/Users/Admin/graceful_books/src/pages/auth/Signup.tsx:8:61)
    at Router (C:\Users\Admin\graceful_books\node_modules\react-router\dist\umd\react-router.development.js:1207:17)
    at BrowserRouter (C:\Users\Admin\graceful_books\node_modules\react-router-dom\dist\umd\react-router-dom.development.js:695:7)

[90mstderr[2m | src/pages/auth/Signup.test.tsx[2m > [22m[2mSignup Page with Charity Selection[2m > [22m[2mcharity selection step[2m > [22m[2mshould show charity selector after credentials step
[22m[39mWarning: An update to Signup inside a test was not wrapped in act(...).

When testing, code that causes React state updates should be wrapped into act(...):

act(() => {
  /* fire events that update state */
});
/* assert on the output */

This ensures that you're testing the behavior the user would see in the browser. Learn more at https://reactjs.org/link/wrap-tests-with-act
    at Signup (C:/Users/Admin/graceful_books/src/pages/auth/Signup.tsx:8:61)
    at Router (C:\Users\Admin\graceful_books\node_modules\react-router\dist\umd\react-router.development.js:1207:17)
    at BrowserRouter (C:\Users\Admin\graceful_books\node_modules\react-router-dom\dist\umd\react-router-dom.development.js:695:7)

[90mstderr[2m | src/pages/auth/Signup.test.tsx[2m > [22m[2mSignup Page with Charity Selection[2m > [22m[2mcharity selection step[2m > [22m[2mshould show charity selector after credentials step
[22m[39mWarning: An update to Signup inside a test was not wrapped in act(...).

When testing, code that causes React state updates should be wrapped into act(...):

act(() => {
  /* fire events that update state */
});
/* assert on the output */

This ensures that you're testing the behavior the user would see in the browser. Learn more at https://reactjs.org/link/wrap-tests-with-act
    at Signup (C:/Users/Admin/graceful_books/src/pages/auth/Signup.tsx:8:61)
    at Router (C:\Users\Admin\graceful_books\node_modules\react-router\dist\umd\react-router.development.js:1207:17)
    at BrowserRouter (C:\Users\Admin\graceful_books\node_modules\react-router-dom\dist\umd\react-router-dom.development.js:695:7)

[90mstderr[2m | src/pages/auth/Signup.test.tsx[2m > [22m[2mSignup Page with Charity Selection[2m > [22m[2mcharity selection step[2m > [22m[2mshould show charity selector after credentials step
[22m[39mWarning: An update to Signup inside a test was not wrapped in act(...).

When testing, code that causes React state updates should be wrapped into act(...):

act(() => {
  /* fire events that update state */
});
/* assert on the output */

This ensures that you're testing the behavior the user would see in the browser. Learn more at https://reactjs.org/link/wrap-tests-with-act
    at Signup (C:/Users/Admin/graceful_books/src/pages/auth/Signup.tsx:8:61)
    at Router (C:\Users\Admin\graceful_books\node_modules\react-router\dist\umd\react-router.development.js:1207:17)
    at BrowserRouter (C:\Users\Admin\graceful_books\node_modules\react-router-dom\dist\umd\react-router-dom.development.js:695:7)

[90mstderr[2m | src/pages/auth/Signup.test.tsx[2m > [22m[2mSignup Page with Charity Selection[2m > [22m[2mcharity selection step[2m > [22m[2mshould show charity selector after credentials step
[22m[39mWarning: An update to Signup inside a test was not wrapped in act(...).

When testing, code that causes React state updates should be wrapped into act(...):

act(() => {
  /* fire events that update state */
});
/* assert on the output */

This ensures that you're testing the behavior the user would see in the browser. Learn more at https://reactjs.org/link/wrap-tests-with-act
    at Signup (C:/Users/Admin/graceful_books/src/pages/auth/Signup.tsx:8:61)
    at Router (C:\Users\Admin\graceful_books\node_modules\react-router\dist\umd\react-router.development.js:1207:17)
    at BrowserRouter (C:\Users\Admin\graceful_books\node_modules\react-router-dom\dist\umd\react-router-dom.development.js:695:7)

[90mstderr[2m | src/pages/auth/Signup.test.tsx[2m > [22m[2mSignup Page with Charity Selection[2m > [22m[2mcharity selection step[2m > [22m[2mshould show charity selector after credentials step
[22m[39mWarning: An update to Signup inside a test was not wrapped in act(...).

When testing, code that causes React state updates should be wrapped into act(...):

act(() => {
  /* fire events that update state */
});
/* assert on the output */

This ensures that you're testing the behavior the user would see in the browser. Learn more at https://reactjs.org/link/wrap-tests-with-act
    at Signup (C:/Users/Admin/graceful_books/src/pages/auth/Signup.tsx:8:61)
    at Router (C:\Users\Admin\graceful_books\node_modules\react-router\dist\umd\react-router.development.js:1207:17)
    at BrowserRouter (C:\Users\Admin\graceful_books\node_modules\react-router-dom\dist\umd\react-router-dom.development.js:695:7)

[90mstderr[2m | src/pages/auth/Signup.test.tsx[2m > [22m[2mSignup Page with Charity Selection[2m > [22m[2mcharity selection step[2m > [22m[2mshould show charity selector after credentials step
[22m[39mWarning: An update to CharitySelector inside a test was not wrapped in act(...).

When testing, code that causes React state updates should be wrapped into act(...):

act(() => {
  /* fire events that update state */
});
/* assert on the output */

This ensures that you're testing the behavior the user would see in the browser. Learn more at https://reactjs.org/link/wrap-tests-with-act
    at CharitySelector (C:/Users/Admin/graceful_books/src/components/charity/CharitySelector.tsx:9:3)
    at div
    at div
    at Signup (C:/Users/Admin/graceful_books/src/pages/auth/Signup.tsx:8:61)
    at Router (C:\Users\Admin\graceful_books\node_modules\react-router\dist\umd\react-router.development.js:1207:17)
    at BrowserRouter (C:\Users\Admin\graceful_books\node_modules\react-router-dom\dist\umd\react-router-dom.development.js:695:7)
Warning: An update to CharitySelector inside a test was not wrapped in act(...).

When testing, code that causes React state updates should be wrapped into act(...):

act(() => {
  /* fire events that update state */
});
/* assert on the output */

This ensures that you're testing the behavior the user would see in the browser. Learn more at https://reactjs.org/link/wrap-tests-with-act
    at CharitySelector (C:/Users/Admin/graceful_books/src/components/charity/CharitySelector.tsx:9:3)
    at div
    at div
    at Signup (C:/Users/Admin/graceful_books/src/pages/auth/Signup.tsx:8:61)
    at Router (C:\Users\Admin\graceful_books\node_modules\react-router\dist\umd\react-router.development.js:1207:17)
    at BrowserRouter (C:\Users\Admin\graceful_books\node_modules\react-router-dom\dist\umd\react-router-dom.development.js:695:7)

[90mstderr[2m | src/pages/auth/Signup.test.tsx[2m > [22m[2mSignup Page with Charity Selection[2m > [22m[2mcharity selection step[2m > [22m[2mshould display charities from the store
[22m[39mWarning: An update to Signup inside a test was not wrapped in act(...).

When testing, code that causes React state updates should be wrapped into act(...):

act(() => {
  /* fire events that update state */
});
/* assert on the output */

This ensures that you're testing the behavior the user would see in the browser. Learn more at https://reactjs.org/link/wrap-tests-with-act
    at Signup (C:/Users/Admin/graceful_books/src/pages/auth/Signup.tsx:8:61)
    at Router (C:\Users\Admin\graceful_books\node_modules\react-router\dist\umd\react-router.development.js:1207:17)
    at BrowserRouter (C:\Users\Admin\graceful_books\node_modules\react-router-dom\dist\umd\react-router-dom.development.js:695:7)

[90mstderr[2m | src/pages/auth/Signup.test.tsx[2m > [22m[2mSignup Page with Charity Selection[2m > [22m[2mcharity selection step[2m > [22m[2mshould display charities from the store
[22m[39mWarning: An update to Signup inside a test was not wrapped in act(...).

When testing, code that causes React state updates should be wrapped into act(...):

act(() => {
  /* fire events that update state */
});
/* assert on the output */

This ensures that you're testing the behavior the user would see in the browser. Learn more at https://reactjs.org/link/wrap-tests-with-act
    at Signup (C:/Users/Admin/graceful_books/src/pages/auth/Signup.tsx:8:61)
    at Router (C:\Users\Admin\graceful_books\node_modules\react-router\dist\umd\react-router.development.js:1207:17)
    at BrowserRouter (C:\Users\Admin\graceful_books\node_modules\react-router-dom\dist\umd\react-router-dom.development.js:695:7)

[90mstderr[2m | src/pages/auth/Signup.test.tsx[2m > [22m[2mSignup Page with Charity Selection[2m > [22m[2mcharity selection step[2m > [22m[2mshould display charities from the store
[22m[39mWarning: An update to Signup inside a test was not wrapped in act(...).

When testing, code that causes React state updates should be wrapped into act(...):

act(() => {
  /* fire events that update state */
});
/* assert on the output */

This ensures that you're testing the behavior the user would see in the browser. Learn more at https://reactjs.org/link/wrap-tests-with-act
    at Signup (C:/Users/Admin/graceful_books/src/pages/auth/Signup.tsx:8:61)
    at Router (C:\Users\Admin\graceful_books\node_modules\react-router\dist\umd\react-router.development.js:1207:17)
    at BrowserRouter (C:\Users\Admin\graceful_books\node_modules\react-router-dom\dist\umd\react-router-dom.development.js:695:7)

[90mstderr[2m | src/pages/auth/Signup.test.tsx[2m > [22m[2mSignup Page with Charity Selection[2m > [22m[2mcharity selection step[2m > [22m[2mshould display charities from the store
[22m[39mWarning: An update to Signup inside a test was not wrapped in act(...).

When testing, code that causes React state updates should be wrapped into act(...):

act(() => {
  /* fire events that update state */
});
/* assert on the output */

This ensures that you're testing the behavior the user would see in the browser. Learn more at https://reactjs.org/link/wrap-tests-with-act
    at Signup (C:/Users/Admin/graceful_books/src/pages/auth/Signup.tsx:8:61)
    at Router (C:\Users\Admin\graceful_books\node_modules\react-router\dist\umd\react-router.development.js:1207:17)
    at BrowserRouter (C:\Users\Admin\graceful_books\node_modules\react-router-dom\dist\umd\react-router-dom.development.js:695:7)

[90mstderr[2m | src/pages/auth/Signup.test.tsx[2m > [22m[2mSignup Page with Charity Selection[2m > [22m[2mcharity selection step[2m > [22m[2mshould display charities from the store
[22m[39mWarning: An update to Signup inside a test was not wrapped in act(...).

When testing, code that causes React state updates should be wrapped into act(...):

act(() => {
  /* fire events that update state */
});
/* assert on the output */

This ensures that you're testing the behavior the user would see in the browser. Learn more at https://reactjs.org/link/wrap-tests-with-act
    at Signup (C:/Users/Admin/graceful_books/src/pages/auth/Signup.tsx:8:61)
    at Router (C:\Users\Admin\graceful_books\node_modules\react-router\dist\umd\react-router.development.js:1207:17)
    at BrowserRouter (C:\Users\Admin\graceful_books\node_modules\react-router-dom\dist\umd\react-router-dom.development.js:695:7)

[90mstderr[2m | src/pages/auth/Signup.test.tsx[2m > [22m[2mSignup Page with Charity Selection[2m > [22m[2mcharity selection step[2m > [22m[2mshould display charities from the store
[22m[39mWarning: An update to Signup inside a test was not wrapped in act(...).

When testing, code that causes React state updates should be wrapped into act(...):

act(() => {
  /* fire events that update state */
});
/* assert on the output */

This ensures that you're testing the behavior the user would see in the browser. Learn more at https://reactjs.org/link/wrap-tests-with-act
    at Signup (C:/Users/Admin/graceful_books/src/pages/auth/Signup.tsx:8:61)
    at Router (C:\Users\Admin\graceful_books\node_modules\react-router\dist\umd\react-router.development.js:1207:17)
    at BrowserRouter (C:\Users\Admin\graceful_books\node_modules\react-router-dom\dist\umd\react-router-dom.development.js:695:7)

[90mstderr[2m | src/pages/auth/Signup.test.tsx[2m > [22m[2mSignup Page with Charity Selection[2m > [22m[2mcharity selection step[2m > [22m[2mshould display charities from the store
[22m[39mWarning: An update to Signup inside a test was not wrapped in act(...).

When testing, code that causes React state updates should be wrapped into act(...):

act(() => {
  /* fire events that update state */
});
/* assert on the output */

This ensures that you're testing the behavior the user would see in the browser. Learn more at https://reactjs.org/link/wrap-tests-with-act
    at Signup (C:/Users/Admin/graceful_books/src/pages/auth/Signup.tsx:8:61)
    at Router (C:\Users\Admin\graceful_books\node_modules\react-router\dist\umd\react-router.development.js:1207:17)
    at BrowserRouter (C:\Users\Admin\graceful_books\node_modules\react-router-dom\dist\umd\react-router-dom.development.js:695:7)

[90mstderr[2m | src/pages/auth/Signup.test.tsx[2m > [22m[2mSignup Page with Charity Selection[2m > [22m[2mcharity selection step[2m > [22m[2mshould display charities from the store
[22m[39mWarning: An update to Signup inside a test was not wrapped in act(...).

When testing, code that causes React state updates should be wrapped into act(...):

act(() => {
  /* fire events that update state */
});
/* assert on the output */

This ensures that you're testing the behavior the user would see in the browser. Learn more at https://reactjs.org/link/wrap-tests-with-act
    at Signup (C:/Users/Admin/graceful_books/src/pages/auth/Signup.tsx:8:61)
    at Router (C:\Users\Admin\graceful_books\node_modules\react-router\dist\umd\react-router.development.js:1207:17)
    at BrowserRouter (C:\Users\Admin\graceful_books\node_modules\react-router-dom\dist\umd\react-router-dom.development.js:695:7)

[90mstderr[2m | src/pages/auth/Signup.test.tsx[2m > [22m[2mSignup Page with Charity Selection[2m > [22m[2mcharity selection step[2m > [22m[2mshould display charities from the store
[22m[39mWarning: An update to Signup inside a test was not wrapped in act(...).

When testing, code that causes React state updates should be wrapped into act(...):

act(() => {
  /* fire events that update state */
});
/* assert on the output */

This ensures that you're testing the behavior the user would see in the browser. Learn more at https://reactjs.org/link/wrap-tests-with-act
    at Signup (C:/Users/Admin/graceful_books/src/pages/auth/Signup.tsx:8:61)
    at Router (C:\Users\Admin\graceful_books\node_modules\react-router\dist\umd\react-router.development.js:1207:17)
    at BrowserRouter (C:\Users\Admin\graceful_books\node_modules\react-router-dom\dist\umd\react-router-dom.development.js:695:7)

[90mstderr[2m | src/pages/auth/Signup.test.tsx[2m > [22m[2mSignup Page with Charity Selection[2m > [22m[2mcharity selection step[2m > [22m[2mshould display charities from the store
[22m[39mWarning: An update to Signup inside a test was not wrapped in act(...).

When testing, code that causes React state updates should be wrapped into act(...):

act(() => {
  /* fire events that update state */
});
/* assert on the output */

This ensures that you're testing the behavior the user would see in the browser. Learn more at https://reactjs.org/link/wrap-tests-with-act
    at Signup (C:/Users/Admin/graceful_books/src/pages/auth/Signup.tsx:8:61)
    at Router (C:\Users\Admin\graceful_books\node_modules\react-router\dist\umd\react-router.development.js:1207:17)
    at BrowserRouter (C:\Users\Admin\graceful_books\node_modules\react-router-dom\dist\umd\react-router-dom.development.js:695:7)

[90mstderr[2m | src/pages/auth/Signup.test.tsx[2m > [22m[2mSignup Page with Charity Selection[2m > [22m[2mcharity selection step[2m > [22m[2mshould display charities from the store
[22m[39mWarning: An update to Signup inside a test was not wrapped in act(...).

When testing, code that causes React state updates should be wrapped into act(...):

act(() => {
  /* fire events that update state */
});
/* assert on the output */

This ensures that you're testing the behavior the user would see in the browser. Learn more at https://reactjs.org/link/wrap-tests-with-act
    at Signup (C:/Users/Admin/graceful_books/src/pages/auth/Signup.tsx:8:61)
    at Router (C:\Users\Admin\graceful_books\node_modules\react-router\dist\umd\react-router.development.js:1207:17)
    at BrowserRouter (C:\Users\Admin\graceful_books\node_modules\react-router-dom\dist\umd\react-router-dom.development.js:695:7)

[90mstderr[2m | src/pages/auth/Signup.test.tsx[2m > [22m[2mSignup Page with Charity Selection[2m > [22m[2mcharity selection step[2m > [22m[2mshould display charities from the store
[22m[39mWarning: An update to Signup inside a test was not wrapped in act(...).

When testing, code that causes React state updates should be wrapped into act(...):

act(() => {
  /* fire events that update state */
});
/* assert on the output */

This ensures that you're testing the behavior the user would see in the browser. Learn more at https://reactjs.org/link/wrap-tests-with-act
    at Signup (C:/Users/Admin/graceful_books/src/pages/auth/Signup.tsx:8:61)
    at Router (C:\Users\Admin\graceful_books\node_modules\react-router\dist\umd\react-router.development.js:1207:17)
    at BrowserRouter (C:\Users\Admin\graceful_books\node_modules\react-router-dom\dist\umd\react-router-dom.development.js:695:7)

[90mstderr[2m | src/pages/auth/Signup.test.tsx[2m > [22m[2mSignup Page with Charity Selection[2m > [22m[2mcharity selection step[2m > [22m[2mshould display charities from the store
[22m[39mWarning: An update to Signup inside a test was not wrapped in act(...).

When testing, code that causes React state updates should be wrapped into act(...):

act(() => {
  /* fire events that update state */
});
/* assert on the output */

This ensures that you're testing the behavior the user would see in the browser. Learn more at https://reactjs.org/link/wrap-tests-with-act
    at Signup (C:/Users/Admin/graceful_books/src/pages/auth/Signup.tsx:8:61)
    at Router (C:\Users\Admin\graceful_books\node_modules\react-router\dist\umd\react-router.development.js:1207:17)
    at BrowserRouter (C:\Users\Admin\graceful_books\node_modules\react-router-dom\dist\umd\react-router-dom.development.js:695:7)

[90mstderr[2m | src/pages/auth/Signup.test.tsx[2m > [22m[2mSignup Page with Charity Selection[2m > [22m[2mcharity selection step[2m > [22m[2mshould display charities from the store
[22m[39mWarning: An update to Signup inside a test was not wrapped in act(...).

When testing, code that causes React state updates should be wrapped into act(...):

act(() => {
  /* fire events that update state */
});
/* assert on the output */

This ensures that you're testing the behavior the user would see in the browser. Learn more at https://reactjs.org/link/wrap-tests-with-act
    at Signup (C:/Users/Admin/graceful_books/src/pages/auth/Signup.tsx:8:61)
    at Router (C:\Users\Admin\graceful_books\node_modules\react-router\dist\umd\react-router.development.js:1207:17)
    at BrowserRouter (C:\Users\Admin\graceful_books\node_modules\react-router-dom\dist\umd\react-router-dom.development.js:695:7)

[90mstderr[2m | src/pages/auth/Signup.test.tsx[2m > [22m[2mSignup Page with Charity Selection[2m > [22m[2mcharity selection step[2m > [22m[2mshould display charities from the store
[22m[39mWarning: An update to Signup inside a test was not wrapped in act(...).

When testing, code that causes React state updates should be wrapped into act(...):

act(() => {
  /* fire events that update state */
});
/* assert on the output */

This ensures that you're testing the behavior the user would see in the browser. Learn more at https://reactjs.org/link/wrap-tests-with-act
    at Signup (C:/Users/Admin/graceful_books/src/pages/auth/Signup.tsx:8:61)
    at Router (C:\Users\Admin\graceful_books\node_modules\react-router\dist\umd\react-router.development.js:1207:17)
    at BrowserRouter (C:\Users\Admin\graceful_books\node_modules\react-router-dom\dist\umd\react-router-dom.development.js:695:7)

[90mstderr[2m | src/pages/auth/Signup.test.tsx[2m > [22m[2mSignup Page with Charity Selection[2m > [22m[2mcharity selection step[2m > [22m[2mshould display charities from the store
[22m[39mWarning: An update to Signup inside a test was not wrapped in act(...).

When testing, code that causes React state updates should be wrapped into act(...):

act(() => {
  /* fire events that update state */
});
/* assert on the output */

This ensures that you're testing the behavior the user would see in the browser. Learn more at https://reactjs.org/link/wrap-tests-with-act
    at Signup (C:/Users/Admin/graceful_books/src/pages/auth/Signup.tsx:8:61)
    at Router (C:\Users\Admin\graceful_books\node_modules\react-router\dist\umd\react-router.development.js:1207:17)
    at BrowserRouter (C:\Users\Admin\graceful_books\node_modules\react-router-dom\dist\umd\react-router-dom.development.js:695:7)

[90mstderr[2m | src/pages/auth/Signup.test.tsx[2m > [22m[2mSignup Page with Charity Selection[2m > [22m[2mcharity selection step[2m > [22m[2mshould display charities from the store
[22m[39mWarning: An update to Signup inside a test was not wrapped in act(...).

When testing, code that causes React state updates should be wrapped into act(...):

act(() => {
  /* fire events that update state */
});
/* assert on the output */

This ensures that you're testing the behavior the user would see in the browser. Learn more at https://reactjs.org/link/wrap-tests-with-act
    at Signup (C:/Users/Admin/graceful_books/src/pages/auth/Signup.tsx:8:61)
    at Router (C:\Users\Admin\graceful_books\node_modules\react-router\dist\umd\react-router.development.js:1207:17)
    at BrowserRouter (C:\Users\Admin\graceful_books\node_modules\react-router-dom\dist\umd\react-router-dom.development.js:695:7)

[90mstderr[2m | src/pages/auth/Signup.test.tsx[2m > [22m[2mSignup Page with Charity Selection[2m > [22m[2mcharity selection step[2m > [22m[2mshould display charities from the store
[22m[39mWarning: An update to Signup inside a test was not wrapped in act(...).

When testing, code that causes React state updates should be wrapped into act(...):

act(() => {
  /* fire events that update state */
});
/* assert on the output */

This ensures that you're testing the behavior the user would see in the browser. Learn more at https://reactjs.org/link/wrap-tests-with-act
    at Signup (C:/Users/Admin/graceful_books/src/pages/auth/Signup.tsx:8:61)
    at Router (C:\Users\Admin\graceful_books\node_modules\react-router\dist\umd\react-router.development.js:1207:17)
    at BrowserRouter (C:\Users\Admin\graceful_books\node_modules\react-router-dom\dist\umd\react-router-dom.development.js:695:7)

[90mstderr[2m | src/pages/auth/Signup.test.tsx[2m > [22m[2mSignup Page with Charity Selection[2m > [22m[2mcharity selection step[2m > [22m[2mshould display charities from the store
[22m[39mWarning: An update to Signup inside a test was not wrapped in act(...).

When testing, code that causes React state updates should be wrapped into act(...):

act(() => {
  /* fire events that update state */
});
/* assert on the output */

This ensures that you're testing the behavior the user would see in the browser. Learn more at https://reactjs.org/link/wrap-tests-with-act
    at Signup (C:/Users/Admin/graceful_books/src/pages/auth/Signup.tsx:8:61)
    at Router (C:\Users\Admin\graceful_books\node_modules\react-router\dist\umd\react-router.development.js:1207:17)
    at BrowserRouter (C:\Users\Admin\graceful_books\node_modules\react-router-dom\dist\umd\react-router-dom.development.js:695:7)

[90mstderr[2m | src/pages/auth/Signup.test.tsx[2m > [22m[2mSignup Page with Charity Selection[2m > [22m[2mcharity selection step[2m > [22m[2mshould display charities from the store
[22m[39mWarning: An update to Signup inside a test was not wrapped in act(...).

When testing, code that causes React state updates should be wrapped into act(...):

act(() => {
  /* fire events that update state */
});
/* assert on the output */

This ensures that you're testing the behavior the user would see in the browser. Learn more at https://reactjs.org/link/wrap-tests-with-act
    at Signup (C:/Users/Admin/graceful_books/src/pages/auth/Signup.tsx:8:61)
    at Router (C:\Users\Admin\graceful_books\node_modules\react-router\dist\umd\react-router.development.js:1207:17)
    at BrowserRouter (C:\Users\Admin\graceful_books\node_modules\react-router-dom\dist\umd\react-router-dom.development.js:695:7)

[90mstderr[2m | src/pages/auth/Signup.test.tsx[2m > [22m[2mSignup Page with Charity Selection[2m > [22m[2mcharity selection step[2m > [22m[2mshould display charities from the store
[22m[39mWarning: An update to Signup inside a test was not wrapped in act(...).

When testing, code that causes React state updates should be wrapped into act(...):

act(() => {
  /* fire events that update state */
});
/* assert on the output */

This ensures that you're testing the behavior the user would see in the browser. Learn more at https://reactjs.org/link/wrap-tests-with-act
    at Signup (C:/Users/Admin/graceful_books/src/pages/auth/Signup.tsx:8:61)
    at Router (C:\Users\Admin\graceful_books\node_modules\react-router\dist\umd\react-router.development.js:1207:17)
    at BrowserRouter (C:\Users\Admin\graceful_books\node_modules\react-router-dom\dist\umd\react-router-dom.development.js:695:7)

[90mstderr[2m | src/pages/auth/Signup.test.tsx[2m > [22m[2mSignup Page with Charity Selection[2m > [22m[2mcharity selection step[2m > [22m[2mshould display charities from the store
[22m[39mWarning: An update to Signup inside a test was not wrapped in act(...).

When testing, code that causes React state updates should be wrapped into act(...):

act(() => {
  /* fire events that update state */
});
/* assert on the output */

This ensures that you're testing the behavior the user would see in the browser. Learn more at https://reactjs.org/link/wrap-tests-with-act
    at Signup (C:/Users/Admin/graceful_books/src/pages/auth/Signup.tsx:8:61)
    at Router (C:\Users\Admin\graceful_books\node_modules\react-router\dist\umd\react-router.development.js:1207:17)
    at BrowserRouter (C:\Users\Admin\graceful_books\node_modules\react-router-dom\dist\umd\react-router-dom.development.js:695:7)

[90mstderr[2m | src/pages/auth/Signup.test.tsx[2m > [22m[2mSignup Page with Charity Selection[2m > [22m[2mcharity selection step[2m > [22m[2mshould display charities from the store
[22m[39mWarning: An update to Signup inside a test was not wrapped in act(...).

When testing, code that causes React state updates should be wrapped into act(...):

act(() => {
  /* fire events that update state */
});
/* assert on the output */

This ensures that you're testing the behavior the user would see in the browser. Learn more at https://reactjs.org/link/wrap-tests-with-act
    at Signup (C:/Users/Admin/graceful_books/src/pages/auth/Signup.tsx:8:61)
    at Router (C:\Users\Admin\graceful_books\node_modules\react-router\dist\umd\react-router.development.js:1207:17)
    at BrowserRouter (C:\Users\Admin\graceful_books\node_modules\react-router-dom\dist\umd\react-router-dom.development.js:695:7)

[90mstderr[2m | src/pages/auth/Signup.test.tsx[2m > [22m[2mSignup Page with Charity Selection[2m > [22m[2mcharity selection step[2m > [22m[2mshould display charities from the store
[22m[39mWarning: An update to Signup inside a test was not wrapped in act(...).

When testing, code that causes React state updates should be wrapped into act(...):

act(() => {
  /* fire events that update state */
});
/* assert on the output */

This ensures that you're testing the behavior the user would see in the browser. Learn more at https://reactjs.org/link/wrap-tests-with-act
    at Signup (C:/Users/Admin/graceful_books/src/pages/auth/Signup.tsx:8:61)
    at Router (C:\Users\Admin\graceful_books\node_modules\react-router\dist\umd\react-router.development.js:1207:17)
    at BrowserRouter (C:\Users\Admin\graceful_books\node_modules\react-router-dom\dist\umd\react-router-dom.development.js:695:7)

[90mstderr[2m | src/pages/auth/Signup.test.tsx[2m > [22m[2mSignup Page with Charity Selection[2m > [22m[2mcharity selection step[2m > [22m[2mshould display charities from the store
[22m[39mWarning: An update to Signup inside a test was not wrapped in act(...).

When testing, code that causes React state updates should be wrapped into act(...):

act(() => {
  /* fire events that update state */
});
/* assert on the output */

This ensures that you're testing the behavior the user would see in the browser. Learn more at https://reactjs.org/link/wrap-tests-with-act
    at Signup (C:/Users/Admin/graceful_books/src/pages/auth/Signup.tsx:8:61)
    at Router (C:\Users\Admin\graceful_books\node_modules\react-router\dist\umd\react-router.development.js:1207:17)
    at BrowserRouter (C:\Users\Admin\graceful_books\node_modules\react-router-dom\dist\umd\react-router-dom.development.js:695:7)

[90mstderr[2m | src/pages/auth/Signup.test.tsx[2m > [22m[2mSignup Page with Charity Selection[2m > [22m[2mcharity selection step[2m > [22m[2mshould display charities from the store
[22m[39mWarning: An update to Signup inside a test was not wrapped in act(...).

When testing, code that causes React state updates should be wrapped into act(...):

act(() => {
  /* fire events that update state */
});
/* assert on the output */

This ensures that you're testing the behavior the user would see in the browser. Learn more at https://reactjs.org/link/wrap-tests-with-act
    at Signup (C:/Users/Admin/graceful_books/src/pages/auth/Signup.tsx:8:61)
    at Router (C:\Users\Admin\graceful_books\node_modules\react-router\dist\umd\react-router.development.js:1207:17)
    at BrowserRouter (C:\Users\Admin\graceful_books\node_modules\react-router-dom\dist\umd\react-router-dom.development.js:695:7)

[90mstderr[2m | src/pages/auth/Signup.test.tsx[2m > [22m[2mSignup Page with Charity Selection[2m > [22m[2mcharity selection step[2m > [22m[2mshould display charities from the store
[22m[39mWarning: An update to Signup inside a test was not wrapped in act(...).

When testing, code that causes React state updates should be wrapped into act(...):

act(() => {
  /* fire events that update state */
});
/* assert on the output */

This ensures that you're testing the behavior the user would see in the browser. Learn more at https://reactjs.org/link/wrap-tests-with-act
    at Signup (C:/Users/Admin/graceful_books/src/pages/auth/Signup.tsx:8:61)
    at Router (C:\Users\Admin\graceful_books\node_modules\react-router\dist\umd\react-router.development.js:1207:17)
    at BrowserRouter (C:\Users\Admin\graceful_books\node_modules\react-router-dom\dist\umd\react-router-dom.development.js:695:7)

[90mstderr[2m | src/pages/auth/Signup.test.tsx[2m > [22m[2mSignup Page with Charity Selection[2m > [22m[2mcharity selection step[2m > [22m[2mshould display charities from the store
[22m[39mWarning: An update to Signup inside a test was not wrapped in act(...).

When testing, code that causes React state updates should be wrapped into act(...):

act(() => {
  /* fire events that update state */
});
/* assert on the output */

This ensures that you're testing the behavior the user would see in the browser. Learn more at https://reactjs.org/link/wrap-tests-with-act
    at Signup (C:/Users/Admin/graceful_books/src/pages/auth/Signup.tsx:8:61)
    at Router (C:\Users\Admin\graceful_books\node_modules\react-router\dist\umd\react-router.development.js:1207:17)
    at BrowserRouter (C:\Users\Admin\graceful_books\node_modules\react-router-dom\dist\umd\react-router-dom.development.js:695:7)

[90mstderr[2m | src/pages/auth/Signup.test.tsx[2m > [22m[2mSignup Page with Charity Selection[2m > [22m[2mcharity selection step[2m > [22m[2mshould display charities from the store
[22m[39mWarning: An update to Signup inside a test was not wrapped in act(...).

When testing, code that causes React state updates should be wrapped into act(...):

act(() => {
  /* fire events that update state */
});
/* assert on the output */

This ensures that you're testing the behavior the user would see in the browser. Learn more at https://reactjs.org/link/wrap-tests-with-act
    at Signup (C:/Users/Admin/graceful_books/src/pages/auth/Signup.tsx:8:61)
    at Router (C:\Users\Admin\graceful_books\node_modules\react-router\dist\umd\react-router.development.js:1207:17)
    at BrowserRouter (C:\Users\Admin\graceful_books\node_modules\react-router-dom\dist\umd\react-router-dom.development.js:695:7)

[90mstderr[2m | src/pages/auth/Signup.test.tsx[2m > [22m[2mSignup Page with Charity Selection[2m > [22m[2mcharity selection step[2m > [22m[2mshould display charities from the store
[22m[39mWarning: An update to Signup inside a test was not wrapped in act(...).

When testing, code that causes React state updates should be wrapped into act(...):

act(() => {
  /* fire events that update state */
});
/* assert on the output */

This ensures that you're testing the behavior the user would see in the browser. Learn more at https://reactjs.org/link/wrap-tests-with-act
    at Signup (C:/Users/Admin/graceful_books/src/pages/auth/Signup.tsx:8:61)
    at Router (C:\Users\Admin\graceful_books\node_modules\react-router\dist\umd\react-router.development.js:1207:17)
    at BrowserRouter (C:\Users\Admin\graceful_books\node_modules\react-router-dom\dist\umd\react-router-dom.development.js:695:7)

[90mstderr[2m | src/pages/auth/Signup.test.tsx[2m > [22m[2mSignup Page with Charity Selection[2m > [22m[2mcharity selection step[2m > [22m[2mshould display charities from the store
[22m[39mWarning: An update to Signup inside a test was not wrapped in act(...).

When testing, code that causes React state updates should be wrapped into act(...):

act(() => {
  /* fire events that update state */
});
/* assert on the output */

This ensures that you're testing the behavior the user would see in the browser. Learn more at https://reactjs.org/link/wrap-tests-with-act
    at Signup (C:/Users/Admin/graceful_books/src/pages/auth/Signup.tsx:8:61)
    at Router (C:\Users\Admin\graceful_books\node_modules\react-router\dist\umd\react-router.development.js:1207:17)
    at BrowserRouter (C:\Users\Admin\graceful_books\node_modules\react-router-dom\dist\umd\react-router-dom.development.js:695:7)

[90mstderr[2m | src/pages/auth/Signup.test.tsx[2m > [22m[2mSignup Page with Charity Selection[2m > [22m[2mcharity selection step[2m > [22m[2mshould display charities from the store
[22m[39mWarning: An update to Signup inside a test was not wrapped in act(...).

When testing, code that causes React state updates should be wrapped into act(...):

act(() => {
  /* fire events that update state */
});
/* assert on the output */

This ensures that you're testing the behavior the user would see in the browser. Learn more at https://reactjs.org/link/wrap-tests-with-act
    at Signup (C:/Users/Admin/graceful_books/src/pages/auth/Signup.tsx:8:61)
    at Router (C:\Users\Admin\graceful_books\node_modules\react-router\dist\umd\react-router.development.js:1207:17)
    at BrowserRouter (C:\Users\Admin\graceful_books\node_modules\react-router-dom\dist\umd\react-router-dom.development.js:695:7)

[90mstderr[2m | src/pages/auth/Signup.test.tsx[2m > [22m[2mSignup Page with Charity Selection[2m > [22m[2mcharity selection step[2m > [22m[2mshould display charities from the store
[22m[39mWarning: An update to Signup inside a test was not wrapped in act(...).

When testing, code that causes React state updates should be wrapped into act(...):

act(() => {
  /* fire events that update state */
});
/* assert on the output */

This ensures that you're testing the behavior the user would see in the browser. Learn more at https://reactjs.org/link/wrap-tests-with-act
    at Signup (C:/Users/Admin/graceful_books/src/pages/auth/Signup.tsx:8:61)
    at Router (C:\Users\Admin\graceful_books\node_modules\react-router\dist\umd\react-router.development.js:1207:17)
    at BrowserRouter (C:\Users\Admin\graceful_books\node_modules\react-router-dom\dist\umd\react-router-dom.development.js:695:7)

[90mstderr[2m | src/pages/auth/Signup.test.tsx[2m > [22m[2mSignup Page with Charity Selection[2m > [22m[2mcharity selection step[2m > [22m[2mshould display charities from the store
[22m[39mWarning: An update to Signup inside a test was not wrapped in act(...).

When testing, code that causes React state updates should be wrapped into act(...):

act(() => {
  /* fire events that update state */
});
/* assert on the output */

This ensures that you're testing the behavior the user would see in the browser. Learn more at https://reactjs.org/link/wrap-tests-with-act
    at Signup (C:/Users/Admin/graceful_books/src/pages/auth/Signup.tsx:8:61)
    at Router (C:\Users\Admin\graceful_books\node_modules\react-router\dist\umd\react-router.development.js:1207:17)
    at BrowserRouter (C:\Users\Admin\graceful_books\node_modules\react-router-dom\dist\umd\react-router-dom.development.js:695:7)

[90mstderr[2m | src/pages/auth/Signup.test.tsx[2m > [22m[2mSignup Page with Charity Selection[2m > [22m[2mcharity selection step[2m > [22m[2mshould display charities from the store
[22m[39mWarning: An update to Signup inside a test was not wrapped in act(...).

When testing, code that causes React state updates should be wrapped into act(...):

act(() => {
  /* fire events that update state */
});
/* assert on the output */

This ensures that you're testing the behavior the user would see in the browser. Learn more at https://reactjs.org/link/wrap-tests-with-act
    at Signup (C:/Users/Admin/graceful_books/src/pages/auth/Signup.tsx:8:61)
    at Router (C:\Users\Admin\graceful_books\node_modules\react-router\dist\umd\react-router.development.js:1207:17)
    at BrowserRouter (C:\Users\Admin\graceful_books\node_modules\react-router-dom\dist\umd\react-router-dom.development.js:695:7)

[90mstderr[2m | src/pages/auth/Signup.test.tsx[2m > [22m[2mSignup Page with Charity Selection[2m > [22m[2mcharity selection step[2m > [22m[2mshould display charities from the store
[22m[39mWarning: An update to Signup inside a test was not wrapped in act(...).

When testing, code that causes React state updates should be wrapped into act(...):

act(() => {
  /* fire events that update state */
});
/* assert on the output */

This ensures that you're testing the behavior the user would see in the browser. Learn more at https://reactjs.org/link/wrap-tests-with-act
    at Signup (C:/Users/Admin/graceful_books/src/pages/auth/Signup.tsx:8:61)
    at Router (C:\Users\Admin\graceful_books\node_modules\react-router\dist\umd\react-router.development.js:1207:17)
    at BrowserRouter (C:\Users\Admin\graceful_books\node_modules\react-router-dom\dist\umd\react-router-dom.development.js:695:7)

[90mstderr[2m | src/pages/auth/Signup.test.tsx[2m > [22m[2mSignup Page with Charity Selection[2m > [22m[2mcharity selection step[2m > [22m[2mshould display charities from the store
[22m[39mWarning: An update to Signup inside a test was not wrapped in act(...).

When testing, code that causes React state updates should be wrapped into act(...):

act(() => {
  /* fire events that update state */
});
/* assert on the output */

This ensures that you're testing the behavior the user would see in the browser. Learn more at https://reactjs.org/link/wrap-tests-with-act
    at Signup (C:/Users/Admin/graceful_books/src/pages/auth/Signup.tsx:8:61)
    at Router (C:\Users\Admin\graceful_books\node_modules\react-router\dist\umd\react-router.development.js:1207:17)
    at BrowserRouter (C:\Users\Admin\graceful_books\node_modules\react-router-dom\dist\umd\react-router-dom.development.js:695:7)

[90mstderr[2m | src/pages/auth/Signup.test.tsx[2m > [22m[2mSignup Page with Charity Selection[2m > [22m[2mcharity selection step[2m > [22m[2mshould display charities from the store
[22m[39mWarning: An update to Signup inside a test was not wrapped in act(...).

When testing, code that causes React state updates should be wrapped into act(...):

act(() => {
  /* fire events that update state */
});
/* assert on the output */

This ensures that you're testing the behavior the user would see in the browser. Learn more at https://reactjs.org/link/wrap-tests-with-act
    at Signup (C:/Users/Admin/graceful_books/src/pages/auth/Signup.tsx:8:61)
    at Router (C:\Users\Admin\graceful_books\node_modules\react-router\dist\umd\react-router.development.js:1207:17)
    at BrowserRouter (C:\Users\Admin\graceful_books\node_modules\react-router-dom\dist\umd\react-router-dom.development.js:695:7)

[90mstderr[2m | src/pages/auth/Signup.test.tsx[2m > [22m[2mSignup Page with Charity Selection[2m > [22m[2mcharity selection step[2m > [22m[2mshould display charities from the store
[22m[39mWarning: An update to Signup inside a test was not wrapped in act(...).

When testing, code that causes React state updates should be wrapped into act(...):

act(() => {
  /* fire events that update state */
});
/* assert on the output */

This ensures that you're testing the behavior the user would see in the browser. Learn more at https://reactjs.org/link/wrap-tests-with-act
    at Signup (C:/Users/Admin/graceful_books/src/pages/auth/Signup.tsx:8:61)
    at Router (C:\Users\Admin\graceful_books\node_modules\react-router\dist\umd\react-router.development.js:1207:17)
    at BrowserRouter (C:\Users\Admin\graceful_books\node_modules\react-router-dom\dist\umd\react-router-dom.development.js:695:7)

[90mstderr[2m | src/pages/auth/Signup.test.tsx[2m > [22m[2mSignup Page with Charity Selection[2m > [22m[2mcharity selection step[2m > [22m[2mshould display charities from the store
[22m[39mWarning: An update to CharitySelector inside a test was not wrapped in act(...).

When testing, code that causes React state updates should be wrapped into act(...):

act(() => {
  /* fire events that update state */
});
/* assert on the output */

This ensures that you're testing the behavior the user would see in the browser. Learn more at https://reactjs.org/link/wrap-tests-with-act
    at CharitySelector (C:/Users/Admin/graceful_books/src/components/charity/CharitySelector.tsx:9:3)
    at div
    at div
    at Signup (C:/Users/Admin/graceful_books/src/pages/auth/Signup.tsx:8:61)
    at Router (C:\Users\Admin\graceful_books\node_modules\react-router\dist\umd\react-router.development.js:1207:17)
    at BrowserRouter (C:\Users\Admin\graceful_books\node_modules\react-router-dom\dist\umd\react-router-dom.development.js:695:7)
Warning: An update to CharitySelector inside a test was not wrapped in act(...).

When testing, code that causes React state updates should be wrapped into act(...):

act(() => {
  /* fire events that update state */
});
/* assert on the output */

This ensures that you're testing the behavior the user would see in the browser. Learn more at https://reactjs.org/link/wrap-tests-with-act
    at CharitySelector (C:/Users/Admin/graceful_books/src/components/charity/CharitySelector.tsx:9:3)
    at div
    at div
    at Signup (C:/Users/Admin/graceful_books/src/pages/auth/Signup.tsx:8:61)
    at Router (C:\Users\Admin\graceful_books\node_modules\react-router\dist\umd\react-router.development.js:1207:17)
    at BrowserRouter (C:\Users\Admin\graceful_books\node_modules\react-router-dom\dist\umd\react-router-dom.development.js:695:7)

[90mstderr[2m | src/pages/auth/Signup.test.tsx[2m > [22m[2mSignup Page with Charity Selection[2m > [22m[2mcharity selection step[2m > [22m[2mshould allow selecting a charity
[22m[39mWarning: An update to Signup inside a test was not wrapped in act(...).

When testing, code that causes React state updates should be wrapped into act(...):

act(() => {
  /* fire events that update state */
});
/* assert on the output */

This ensures that you're testing the behavior the user would see in the browser. Learn more at https://reactjs.org/link/wrap-tests-with-act
    at Signup (C:/Users/Admin/graceful_books/src/pages/auth/Signup.tsx:8:61)
    at Router (C:\Users\Admin\graceful_books\node_modules\react-router\dist\umd\react-router.development.js:1207:17)
    at BrowserRouter (C:\Users\Admin\graceful_books\node_modules\react-router-dom\dist\umd\react-router-dom.development.js:695:7)

[90mstderr[2m | src/pages/auth/Signup.test.tsx[2m > [22m[2mSignup Page with Charity Selection[2m > [22m[2mcharity selection step[2m > [22m[2mshould allow selecting a charity
[22m[39mWarning: An update to Signup inside a test was not wrapped in act(...).

When testing, code that causes React state updates should be wrapped into act(...):

act(() => {
  /* fire events that update state */
});
/* assert on the output */

This ensures that you're testing the behavior the user would see in the browser. Learn more at https://reactjs.org/link/wrap-tests-with-act
    at Signup (C:/Users/Admin/graceful_books/src/pages/auth/Signup.tsx:8:61)
    at Router (C:\Users\Admin\graceful_books\node_modules\react-router\dist\umd\react-router.development.js:1207:17)
    at BrowserRouter (C:\Users\Admin\graceful_books\node_modules\react-router-dom\dist\umd\react-router-dom.development.js:695:7)

[90mstderr[2m | src/pages/auth/Signup.test.tsx[2m > [22m[2mSignup Page with Charity Selection[2m > [22m[2mcharity selection step[2m > [22m[2mshould allow selecting a charity
[22m[39mWarning: An update to Signup inside a test was not wrapped in act(...).

When testing, code that causes React state updates should be wrapped into act(...):

act(() => {
  /* fire events that update state */
});
/* assert on the output */

This ensures that you're testing the behavior the user would see in the browser. Learn more at https://reactjs.org/link/wrap-tests-with-act
    at Signup (C:/Users/Admin/graceful_books/src/pages/auth/Signup.tsx:8:61)
    at Router (C:\Users\Admin\graceful_books\node_modules\react-router\dist\umd\react-router.development.js:1207:17)
    at BrowserRouter (C:\Users\Admin\graceful_books\node_modules\react-router-dom\dist\umd\react-router-dom.development.js:695:7)

[90mstderr[2m | src/pages/auth/Signup.test.tsx[2m > [22m[2mSignup Page with Charity Selection[2m > [22m[2mcharity selection step[2m > [22m[2mshould allow selecting a charity
[22m[39mWarning: An update to Signup inside a test was not wrapped in act(...).

When testing, code that causes React state updates should be wrapped into act(...):

act(() => {
  /* fire events that update state */
});
/* assert on the output */

This ensures that you're testing the behavior the user would see in the browser. Learn more at https://reactjs.org/link/wrap-tests-with-act
    at Signup (C:/Users/Admin/graceful_books/src/pages/auth/Signup.tsx:8:61)
    at Router (C:\Users\Admin\graceful_books\node_modules\react-router\dist\umd\react-router.development.js:1207:17)
    at BrowserRouter (C:\Users\Admin\graceful_books\node_modules\react-router-dom\dist\umd\react-router-dom.development.js:695:7)

[90mstderr[2m | src/pages/auth/Signup.test.tsx[2m > [22m[2mSignup Page with Charity Selection[2m > [22m[2mcharity selection step[2m > [22m[2mshould allow selecting a charity
[22m[39mWarning: An update to Signup inside a test was not wrapped in act(...).

When testing, code that causes React state updates should be wrapped into act(...):

act(() => {
  /* fire events that update state */
});
/* assert on the output */

This ensures that you're testing the behavior the user would see in the browser. Learn more at https://reactjs.org/link/wrap-tests-with-act
    at Signup (C:/Users/Admin/graceful_books/src/pages/auth/Signup.tsx:8:61)
    at Router (C:\Users\Admin\graceful_books\node_modules\react-router\dist\umd\react-router.development.js:1207:17)
    at BrowserRouter (C:\Users\Admin\graceful_books\node_modules\react-router-dom\dist\umd\react-router-dom.development.js:695:7)

[90mstderr[2m | src/pages/auth/Signup.test.tsx[2m > [22m[2mSignup Page with Charity Selection[2m > [22m[2mcharity selection step[2m > [22m[2mshould allow selecting a charity
[22m[39mWarning: An update to Signup inside a test was not wrapped in act(...).

When testing, code that causes React state updates should be wrapped into act(...):

act(() => {
  /* fire events that update state */
});
/* assert on the output */

This ensures that you're testing the behavior the user would see in the browser. Learn more at https://reactjs.org/link/wrap-tests-with-act
    at Signup (C:/Users/Admin/graceful_books/src/pages/auth/Signup.tsx:8:61)
    at Router (C:\Users\Admin\graceful_books\node_modules\react-router\dist\umd\react-router.development.js:1207:17)
    at BrowserRouter (C:\Users\Admin\graceful_books\node_modules\react-router-dom\dist\umd\react-router-dom.development.js:695:7)

[90mstderr[2m | src/pages/auth/Signup.test.tsx[2m > [22m[2mSignup Page with Charity Selection[2m > [22m[2mcharity selection step[2m > [22m[2mshould allow selecting a charity
[22m[39mWarning: An update to Signup inside a test was not wrapped in act(...).

When testing, code that causes React state updates should be wrapped into act(...):

act(() => {
  /* fire events that update state */
});
/* assert on the output */

This ensures that you're testing the behavior the user would see in the browser. Learn more at https://reactjs.org/link/wrap-tests-with-act
    at Signup (C:/Users/Admin/graceful_books/src/pages/auth/Signup.tsx:8:61)
    at Router (C:\Users\Admin\graceful_books\node_modules\react-router\dist\umd\react-router.development.js:1207:17)
    at BrowserRouter (C:\Users\Admin\graceful_books\node_modules\react-router-dom\dist\umd\react-router-dom.development.js:695:7)

[90mstderr[2m | src/pages/auth/Signup.test.tsx[2m > [22m[2mSignup Page with Charity Selection[2m > [22m[2mcharity selection step[2m > [22m[2mshould allow selecting a charity
[22m[39mWarning: An update to Signup inside a test was not wrapped in act(...).

When testing, code that causes React state updates should be wrapped into act(...):

act(() => {
  /* fire events that update state */
});
/* assert on the output */

This ensures that you're testing the behavior the user would see in the browser. Learn more at https://reactjs.org/link/wrap-tests-with-act
    at Signup (C:/Users/Admin/graceful_books/src/pages/auth/Signup.tsx:8:61)
    at Router (C:\Users\Admin\graceful_books\node_modules\react-router\dist\umd\react-router.development.js:1207:17)
    at BrowserRouter (C:\Users\Admin\graceful_books\node_modules\react-router-dom\dist\umd\react-router-dom.development.js:695:7)

[90mstderr[2m | src/pages/auth/Signup.test.tsx[2m > [22m[2mSignup Page with Charity Selection[2m > [22m[2mcharity selection step[2m > [22m[2mshould allow selecting a charity
[22m[39mWarning: An update to Signup inside a test was not wrapped in act(...).

When testing, code that causes React state updates should be wrapped into act(...):

act(() => {
  /* fire events that update state */
});
/* assert on the output */

This ensures that you're testing the behavior the user would see in the browser. Learn more at https://reactjs.org/link/wrap-tests-with-act
    at Signup (C:/Users/Admin/graceful_books/src/pages/auth/Signup.tsx:8:61)
    at Router (C:\Users\Admin\graceful_books\node_modules\react-router\dist\umd\react-router.development.js:1207:17)
    at BrowserRouter (C:\Users\Admin\graceful_books\node_modules\react-router-dom\dist\umd\react-router-dom.development.js:695:7)

[90mstderr[2m | src/pages/auth/Signup.test.tsx[2m > [22m[2mSignup Page with Charity Selection[2m > [22m[2mcharity selection step[2m > [22m[2mshould allow selecting a charity
[22m[39mWarning: An update to Signup inside a test was not wrapped in act(...).

When testing, code that causes React state updates should be wrapped into act(...):

act(() => {
  /* fire events that update state */
});
/* assert on the output */

This ensures that you're testing the behavior the user would see in the browser. Learn more at https://reactjs.org/link/wrap-tests-with-act
    at Signup (C:/Users/Admin/graceful_books/src/pages/auth/Signup.tsx:8:61)
    at Router (C:\Users\Admin\graceful_books\node_modules\react-router\dist\umd\react-router.development.js:1207:17)
    at BrowserRouter (C:\Users\Admin\graceful_books\node_modules\react-router-dom\dist\umd\react-router-dom.development.js:695:7)

[90mstderr[2m | src/pages/auth/Signup.test.tsx[2m > [22m[2mSignup Page with Charity Selection[2m > [22m[2mcharity selection step[2m > [22m[2mshould allow selecting a charity
[22m[39mWarning: An update to Signup inside a test was not wrapped in act(...).

When testing, code that causes React state updates should be wrapped into act(...):

act(() => {
  /* fire events that update state */
});
/* assert on the output */

This ensures that you're testing the behavior the user would see in the browser. Learn more at https://reactjs.org/link/wrap-tests-with-act
    at Signup (C:/Users/Admin/graceful_books/src/pages/auth/Signup.tsx:8:61)
    at Router (C:\Users\Admin\graceful_books\node_modules\react-router\dist\umd\react-router.development.js:1207:17)
    at BrowserRouter (C:\Users\Admin\graceful_books\node_modules\react-router-dom\dist\umd\react-router-dom.development.js:695:7)

[90mstderr[2m | src/pages/auth/Signup.test.tsx[2m > [22m[2mSignup Page with Charity Selection[2m > [22m[2mcharity selection step[2m > [22m[2mshould allow selecting a charity
[22m[39mWarning: An update to Signup inside a test was not wrapped in act(...).

When testing, code that causes React state updates should be wrapped into act(...):

act(() => {
  /* fire events that update state */
});
/* assert on the output */

This ensures that you're testing the behavior the user would see in the browser. Learn more at https://reactjs.org/link/wrap-tests-with-act
    at Signup (C:/Users/Admin/graceful_books/src/pages/auth/Signup.tsx:8:61)
    at Router (C:\Users\Admin\graceful_books\node_modules\react-router\dist\umd\react-router.development.js:1207:17)
    at BrowserRouter (C:\Users\Admin\graceful_books\node_modules\react-router-dom\dist\umd\react-router-dom.development.js:695:7)

[90mstderr[2m | src/pages/auth/Signup.test.tsx[2m > [22m[2mSignup Page with Charity Selection[2m > [22m[2mcharity selection step[2m > [22m[2mshould allow selecting a charity
[22m[39mWarning: An update to Signup inside a test was not wrapped in act(...).

When testing, code that causes React state updates should be wrapped into act(...):

act(() => {
  /* fire events that update state */
});
/* assert on the output */

This ensures that you're testing the behavior the user would see in the browser. Learn more at https://reactjs.org/link/wrap-tests-with-act
    at Signup (C:/Users/Admin/graceful_books/src/pages/auth/Signup.tsx:8:61)
    at Router (C:\Users\Admin\graceful_books\node_modules\react-router\dist\umd\react-router.development.js:1207:17)
    at BrowserRouter (C:\Users\Admin\graceful_books\node_modules\react-router-dom\dist\umd\react-router-dom.development.js:695:7)

[90mstderr[2m | src/pages/auth/Signup.test.tsx[2m > [22m[2mSignup Page with Charity Selection[2m > [22m[2mcharity selection step[2m > [22m[2mshould allow selecting a charity
[22m[39mWarning: An update to Signup inside a test was not wrapped in act(...).

When testing, code that causes React state updates should be wrapped into act(...):

act(() => {
  /* fire events that update state */
});
/* assert on the output */

This ensures that you're testing the behavior the user would see in the browser. Learn more at https://reactjs.org/link/wrap-tests-with-act
    at Signup (C:/Users/Admin/graceful_books/src/pages/auth/Signup.tsx:8:61)
    at Router (C:\Users\Admin\graceful_books\node_modules\react-router\dist\umd\react-router.development.js:1207:17)
    at BrowserRouter (C:\Users\Admin\graceful_books\node_modules\react-router-dom\dist\umd\react-router-dom.development.js:695:7)

[90mstderr[2m | src/pages/auth/Signup.test.tsx[2m > [22m[2mSignup Page with Charity Selection[2m > [22m[2mcharity selection step[2m > [22m[2mshould allow selecting a charity
[22m[39mWarning: An update to Signup inside a test was not wrapped in act(...).

When testing, code that causes React state updates should be wrapped into act(...):

act(() => {
  /* fire events that update state */
});
/* assert on the output */

This ensures that you're testing the behavior the user would see in the browser. Learn more at https://reactjs.org/link/wrap-tests-with-act
    at Signup (C:/Users/Admin/graceful_books/src/pages/auth/Signup.tsx:8:61)
    at Router (C:\Users\Admin\graceful_books\node_modules\react-router\dist\umd\react-router.development.js:1207:17)
    at BrowserRouter (C:\Users\Admin\graceful_books\node_modules\react-router-dom\dist\umd\react-router-dom.development.js:695:7)

[90mstderr[2m | src/pages/auth/Signup.test.tsx[2m > [22m[2mSignup Page with Charity Selection[2m > [22m[2mcharity selection step[2m > [22m[2mshould allow selecting a charity
[22m[39mWarning: An update to Signup inside a test was not wrapped in act(...).

When testing, code that causes React state updates should be wrapped into act(...):

act(() => {
  /* fire events that update state */
});
/* assert on the output */

This ensures that you're testing the behavior the user would see in the browser. Learn more at https://reactjs.org/link/wrap-tests-with-act
    at Signup (C:/Users/Admin/graceful_books/src/pages/auth/Signup.tsx:8:61)
    at Router (C:\Users\Admin\graceful_books\node_modules\react-router\dist\umd\react-router.development.js:1207:17)
    at BrowserRouter (C:\Users\Admin\graceful_books\node_modules\react-router-dom\dist\umd\react-router-dom.development.js:695:7)

[90mstderr[2m | src/pages/auth/Signup.test.tsx[2m > [22m[2mSignup Page with Charity Selection[2m > [22m[2mcharity selection step[2m > [22m[2mshould allow selecting a charity
[22m[39mWarning: An update to Signup inside a test was not wrapped in act(...).

When testing, code that causes React state updates should be wrapped into act(...):

act(() => {
  /* fire events that update state */
});
/* assert on the output */

This ensures that you're testing the behavior the user would see in the browser. Learn more at https://reactjs.org/link/wrap-tests-with-act
    at Signup (C:/Users/Admin/graceful_books/src/pages/auth/Signup.tsx:8:61)
    at Router (C:\Users\Admin\graceful_books\node_modules\react-router\dist\umd\react-router.development.js:1207:17)
    at BrowserRouter (C:\Users\Admin\graceful_books\node_modules\react-router-dom\dist\umd\react-router-dom.development.js:695:7)

[90mstderr[2m | src/pages/auth/Signup.test.tsx[2m > [22m[2mSignup Page with Charity Selection[2m > [22m[2mcharity selection step[2m > [22m[2mshould allow selecting a charity
[22m[39mWarning: An update to Signup inside a test was not wrapped in act(...).

When testing, code that causes React state updates should be wrapped into act(...):

act(() => {
  /* fire events that update state */
});
/* assert on the output */

This ensures that you're testing the behavior the user would see in the browser. Learn more at https://reactjs.org/link/wrap-tests-with-act
    at Signup (C:/Users/Admin/graceful_books/src/pages/auth/Signup.tsx:8:61)
    at Router (C:\Users\Admin\graceful_books\node_modules\react-router\dist\umd\react-router.development.js:1207:17)
    at BrowserRouter (C:\Users\Admin\graceful_books\node_modules\react-router-dom\dist\umd\react-router-dom.development.js:695:7)

[90mstderr[2m | src/pages/auth/Signup.test.tsx[2m > [22m[2mSignup Page with Charity Selection[2m > [22m[2mcharity selection step[2m > [22m[2mshould allow selecting a charity
[22m[39mWarning: An update to Signup inside a test was not wrapped in act(...).

When testing, code that causes React state updates should be wrapped into act(...):

act(() => {
  /* fire events that update state */
});
/* assert on the output */

This ensures that you're testing the behavior the user would see in the browser. Learn more at https://reactjs.org/link/wrap-tests-with-act
    at Signup (C:/Users/Admin/graceful_books/src/pages/auth/Signup.tsx:8:61)
    at Router (C:\Users\Admin\graceful_books\node_modules\react-router\dist\umd\react-router.development.js:1207:17)
    at BrowserRouter (C:\Users\Admin\graceful_books\node_modules\react-router-dom\dist\umd\react-router-dom.development.js:695:7)

[90mstderr[2m | src/pages/auth/Signup.test.tsx[2m > [22m[2mSignup Page with Charity Selection[2m > [22m[2mcharity selection step[2m > [22m[2mshould allow selecting a charity
[22m[39mWarning: An update to Signup inside a test was not wrapped in act(...).

When testing, code that causes React state updates should be wrapped into act(...):

act(() => {
  /* fire events that update state */
});
/* assert on the output */

This ensures that you're testing the behavior the user would see in the browser. Learn more at https://reactjs.org/link/wrap-tests-with-act
    at Signup (C:/Users/Admin/graceful_books/src/pages/auth/Signup.tsx:8:61)
    at Router (C:\Users\Admin\graceful_books\node_modules\react-router\dist\umd\react-router.development.js:1207:17)
    at BrowserRouter (C:\Users\Admin\graceful_books\node_modules\react-router-dom\dist\umd\react-router-dom.development.js:695:7)

[90mstderr[2m | src/pages/auth/Signup.test.tsx[2m > [22m[2mSignup Page with Charity Selection[2m > [22m[2mcharity selection step[2m > [22m[2mshould allow selecting a charity
[22m[39mWarning: An update to Signup inside a test was not wrapped in act(...).

When testing, code that causes React state updates should be wrapped into act(...):

act(() => {
  /* fire events that update state */
});
/* assert on the output */

This ensures that you're testing the behavior the user would see in the browser. Learn more at https://reactjs.org/link/wrap-tests-with-act
    at Signup (C:/Users/Admin/graceful_books/src/pages/auth/Signup.tsx:8:61)
    at Router (C:\Users\Admin\graceful_books\node_modules\react-router\dist\umd\react-router.development.js:1207:17)
    at BrowserRouter (C:\Users\Admin\graceful_books\node_modules\react-router-dom\dist\umd\react-router-dom.development.js:695:7)

[90mstderr[2m | src/pages/auth/Signup.test.tsx[2m > [22m[2mSignup Page with Charity Selection[2m > [22m[2mcharity selection step[2m > [22m[2mshould allow selecting a charity
[22m[39mWarning: An update to Signup inside a test was not wrapped in act(...).

When testing, code that causes React state updates should be wrapped into act(...):

act(() => {
  /* fire events that update state */
});
/* assert on the output */

This ensures that you're testing the behavior the user would see in the browser. Learn more at https://reactjs.org/link/wrap-tests-with-act
    at Signup (C:/Users/Admin/graceful_books/src/pages/auth/Signup.tsx:8:61)
    at Router (C:\Users\Admin\graceful_books\node_modules\react-router\dist\umd\react-router.development.js:1207:17)
    at BrowserRouter (C:\Users\Admin\graceful_books\node_modules\react-router-dom\dist\umd\react-router-dom.development.js:695:7)

[90mstderr[2m | src/pages/auth/Signup.test.tsx[2m > [22m[2mSignup Page with Charity Selection[2m > [22m[2mcharity selection step[2m > [22m[2mshould allow selecting a charity
[22m[39mWarning: An update to Signup inside a test was not wrapped in act(...).

When testing, code that causes React state updates should be wrapped into act(...):

act(() => {
  /* fire events that update state */
});
/* assert on the output */

This ensures that you're testing the behavior the user would see in the browser. Learn more at https://reactjs.org/link/wrap-tests-with-act
    at Signup (C:/Users/Admin/graceful_books/src/pages/auth/Signup.tsx:8:61)
    at Router (C:\Users\Admin\graceful_books\node_modules\react-router\dist\umd\react-router.development.js:1207:17)
    at BrowserRouter (C:\Users\Admin\graceful_books\node_modules\react-router-dom\dist\umd\react-router-dom.development.js:695:7)

[90mstderr[2m | src/pages/auth/Signup.test.tsx[2m > [22m[2mSignup Page with Charity Selection[2m > [22m[2mcharity selection step[2m > [22m[2mshould allow selecting a charity
[22m[39mWarning: An update to Signup inside a test was not wrapped in act(...).

When testing, code that causes React state updates should be wrapped into act(...):

act(() => {
  /* fire events that update state */
});
/* assert on the output */

This ensures that you're testing the behavior the user would see in the browser. Learn more at https://reactjs.org/link/wrap-tests-with-act
    at Signup (C:/Users/Admin/graceful_books/src/pages/auth/Signup.tsx:8:61)
    at Router (C:\Users\Admin\graceful_books\node_modules\react-router\dist\umd\react-router.development.js:1207:17)
    at BrowserRouter (C:\Users\Admin\graceful_books\node_modules\react-router-dom\dist\umd\react-router-dom.development.js:695:7)

[90mstderr[2m | src/pages/auth/Signup.test.tsx[2m > [22m[2mSignup Page with Charity Selection[2m > [22m[2mcharity selection step[2m > [22m[2mshould allow selecting a charity
[22m[39mWarning: An update to Signup inside a test was not wrapped in act(...).

When testing, code that causes React state updates should be wrapped into act(...):

act(() => {
  /* fire events that update state */
});
/* assert on the output */

This ensures that you're testing the behavior the user would see in the browser. Learn more at https://reactjs.org/link/wrap-tests-with-act
    at Signup (C:/Users/Admin/graceful_books/src/pages/auth/Signup.tsx:8:61)
    at Router (C:\Users\Admin\graceful_books\node_modules\react-router\dist\umd\react-router.development.js:1207:17)
    at BrowserRouter (C:\Users\Admin\graceful_books\node_modules\react-router-dom\dist\umd\react-router-dom.development.js:695:7)

[90mstderr[2m | src/pages/auth/Signup.test.tsx[2m > [22m[2mSignup Page with Charity Selection[2m > [22m[2mcharity selection step[2m > [22m[2mshould allow selecting a charity
[22m[39mWarning: An update to Signup inside a test was not wrapped in act(...).

When testing, code that causes React state updates should be wrapped into act(...):

act(() => {
  /* fire events that update state */
});
/* assert on the output */

This ensures that you're testing the behavior the user would see in the browser. Learn more at https://reactjs.org/link/wrap-tests-with-act
    at Signup (C:/Users/Admin/graceful_books/src/pages/auth/Signup.tsx:8:61)
    at Router (C:\Users\Admin\graceful_books\node_modules\react-router\dist\umd\react-router.development.js:1207:17)
    at BrowserRouter (C:\Users\Admin\graceful_books\node_modules\react-router-dom\dist\umd\react-router-dom.development.js:695:7)

[90mstderr[2m | src/pages/auth/Signup.test.tsx[2m > [22m[2mSignup Page with Charity Selection[2m > [22m[2mcharity selection step[2m > [22m[2mshould allow selecting a charity
[22m[39mWarning: An update to Signup inside a test was not wrapped in act(...).

When testing, code that causes React state updates should be wrapped into act(...):

act(() => {
  /* fire events that update state */
});
/* assert on the output */

This ensures that you're testing the behavior the user would see in the browser. Learn more at https://reactjs.org/link/wrap-tests-with-act
    at Signup (C:/Users/Admin/graceful_books/src/pages/auth/Signup.tsx:8:61)
    at Router (C:\Users\Admin\graceful_books\node_modules\react-router\dist\umd\react-router.development.js:1207:17)
    at BrowserRouter (C:\Users\Admin\graceful_books\node_modules\react-router-dom\dist\umd\react-router-dom.development.js:695:7)

[90mstderr[2m | src/pages/auth/Signup.test.tsx[2m > [22m[2mSignup Page with Charity Selection[2m > [22m[2mcharity selection step[2m > [22m[2mshould allow selecting a charity
[22m[39mWarning: An update to Signup inside a test was not wrapped in act(...).

When testing, code that causes React state updates should be wrapped into act(...):

act(() => {
  /* fire events that update state */
});
/* assert on the output */

This ensures that you're testing the behavior the user would see in the browser. Learn more at https://reactjs.org/link/wrap-tests-with-act
    at Signup (C:/Users/Admin/graceful_books/src/pages/auth/Signup.tsx:8:61)
    at Router (C:\Users\Admin\graceful_books\node_modules\react-router\dist\umd\react-router.development.js:1207:17)
    at BrowserRouter (C:\Users\Admin\graceful_books\node_modules\react-router-dom\dist\umd\react-router-dom.development.js:695:7)

[90mstderr[2m | src/pages/auth/Signup.test.tsx[2m > [22m[2mSignup Page with Charity Selection[2m > [22m[2mcharity selection step[2m > [22m[2mshould allow selecting a charity
[22m[39mWarning: An update to Signup inside a test was not wrapped in act(...).

When testing, code that causes React state updates should be wrapped into act(...):

act(() => {
  /* fire events that update state */
});
/* assert on the output */

This ensures that you're testing the behavior the user would see in the browser. Learn more at https://reactjs.org/link/wrap-tests-with-act
    at Signup (C:/Users/Admin/graceful_books/src/pages/auth/Signup.tsx:8:61)
    at Router (C:\Users\Admin\graceful_books\node_modules\react-router\dist\umd\react-router.development.js:1207:17)
    at BrowserRouter (C:\Users\Admin\graceful_books\node_modules\react-router-dom\dist\umd\react-router-dom.development.js:695:7)

[90mstderr[2m | src/pages/auth/Signup.test.tsx[2m > [22m[2mSignup Page with Charity Selection[2m > [22m[2mcharity selection step[2m > [22m[2mshould allow selecting a charity
[22m[39mWarning: An update to Signup inside a test was not wrapped in act(...).

When testing, code that causes React state updates should be wrapped into act(...):

act(() => {
  /* fire events that update state */
});
/* assert on the output */

This ensures that you're testing the behavior the user would see in the browser. Learn more at https://reactjs.org/link/wrap-tests-with-act
    at Signup (C:/Users/Admin/graceful_books/src/pages/auth/Signup.tsx:8:61)
    at Router (C:\Users\Admin\graceful_books\node_modules\react-router\dist\umd\react-router.development.js:1207:17)
    at BrowserRouter (C:\Users\Admin\graceful_books\node_modules\react-router-dom\dist\umd\react-router-dom.development.js:695:7)

[90mstderr[2m | src/pages/auth/Signup.test.tsx[2m > [22m[2mSignup Page with Charity Selection[2m > [22m[2mcharity selection step[2m > [22m[2mshould allow selecting a charity
[22m[39mWarning: An update to Signup inside a test was not wrapped in act(...).

When testing, code that causes React state updates should be wrapped into act(...):

act(() => {
  /* fire events that update state */
});
/* assert on the output */

This ensures that you're testing the behavior the user would see in the browser. Learn more at https://reactjs.org/link/wrap-tests-with-act
    at Signup (C:/Users/Admin/graceful_books/src/pages/auth/Signup.tsx:8:61)
    at Router (C:\Users\Admin\graceful_books\node_modules\react-router\dist\umd\react-router.development.js:1207:17)
    at BrowserRouter (C:\Users\Admin\graceful_books\node_modules\react-router-dom\dist\umd\react-router-dom.development.js:695:7)

[90mstderr[2m | src/pages/auth/Signup.test.tsx[2m > [22m[2mSignup Page with Charity Selection[2m > [22m[2mcharity selection step[2m > [22m[2mshould allow selecting a charity
[22m[39mWarning: An update to Signup inside a test was not wrapped in act(...).

When testing, code that causes React state updates should be wrapped into act(...):

act(() => {
  /* fire events that update state */
});
/* assert on the output */

This ensures that you're testing the behavior the user would see in the browser. Learn more at https://reactjs.org/link/wrap-tests-with-act
    at Signup (C:/Users/Admin/graceful_books/src/pages/auth/Signup.tsx:8:61)
    at Router (C:\Users\Admin\graceful_books\node_modules\react-router\dist\umd\react-router.development.js:1207:17)
    at BrowserRouter (C:\Users\Admin\graceful_books\node_modules\react-router-dom\dist\umd\react-router-dom.development.js:695:7)

[90mstderr[2m | src/pages/auth/Signup.test.tsx[2m > [22m[2mSignup Page with Charity Selection[2m > [22m[2mcharity selection step[2m > [22m[2mshould allow selecting a charity
[22m[39mWarning: An update to Signup inside a test was not wrapped in act(...).

When testing, code that causes React state updates should be wrapped into act(...):

act(() => {
  /* fire events that update state */
});
/* assert on the output */

This ensures that you're testing the behavior the user would see in the browser. Learn more at https://reactjs.org/link/wrap-tests-with-act
    at Signup (C:/Users/Admin/graceful_books/src/pages/auth/Signup.tsx:8:61)
    at Router (C:\Users\Admin\graceful_books\node_modules\react-router\dist\umd\react-router.development.js:1207:17)
    at BrowserRouter (C:\Users\Admin\graceful_books\node_modules\react-router-dom\dist\umd\react-router-dom.development.js:695:7)

[90mstderr[2m | src/pages/auth/Signup.test.tsx[2m > [22m[2mSignup Page with Charity Selection[2m > [22m[2mcharity selection step[2m > [22m[2mshould allow selecting a charity
[22m[39mWarning: An update to Signup inside a test was not wrapped in act(...).

When testing, code that causes React state updates should be wrapped into act(...):

act(() => {
  /* fire events that update state */
});
/* assert on the output */

This ensures that you're testing the behavior the user would see in the browser. Learn more at https://reactjs.org/link/wrap-tests-with-act
    at Signup (C:/Users/Admin/graceful_books/src/pages/auth/Signup.tsx:8:61)
    at Router (C:\Users\Admin\graceful_books\node_modules\react-router\dist\umd\react-router.development.js:1207:17)
    at BrowserRouter (C:\Users\Admin\graceful_books\node_modules\react-router-dom\dist\umd\react-router-dom.development.js:695:7)

[90mstderr[2m | src/pages/auth/Signup.test.tsx[2m > [22m[2mSignup Page with Charity Selection[2m > [22m[2mcharity selection step[2m > [22m[2mshould allow selecting a charity
[22m[39mWarning: An update to Signup inside a test was not wrapped in act(...).

When testing, code that causes React state updates should be wrapped into act(...):

act(() => {
  /* fire events that update state */
});
/* assert on the output */

This ensures that you're testing the behavior the user would see in the browser. Learn more at https://reactjs.org/link/wrap-tests-with-act
    at Signup (C:/Users/Admin/graceful_books/src/pages/auth/Signup.tsx:8:61)
    at Router (C:\Users\Admin\graceful_books\node_modules\react-router\dist\umd\react-router.development.js:1207:17)
    at BrowserRouter (C:\Users\Admin\graceful_books\node_modules\react-router-dom\dist\umd\react-router-dom.development.js:695:7)

[90mstderr[2m | src/pages/auth/Signup.test.tsx[2m > [22m[2mSignup Page with Charity Selection[2m > [22m[2mcharity selection step[2m > [22m[2mshould allow selecting a charity
[22m[39mWarning: An update to Signup inside a test was not wrapped in act(...).

When testing, code that causes React state updates should be wrapped into act(...):

act(() => {
  /* fire events that update state */
});
/* assert on the output */

This ensures that you're testing the behavior the user would see in the browser. Learn more at https://reactjs.org/link/wrap-tests-with-act
    at Signup (C:/Users/Admin/graceful_books/src/pages/auth/Signup.tsx:8:61)
    at Router (C:\Users\Admin\graceful_books\node_modules\react-router\dist\umd\react-router.development.js:1207:17)
    at BrowserRouter (C:\Users\Admin\graceful_books\node_modules\react-router-dom\dist\umd\react-router-dom.development.js:695:7)

[90mstderr[2m | src/pages/auth/Signup.test.tsx[2m > [22m[2mSignup Page with Charity Selection[2m > [22m[2mcharity selection step[2m > [22m[2mshould allow selecting a charity
[22m[39mWarning: An update to Signup inside a test was not wrapped in act(...).

When testing, code that causes React state updates should be wrapped into act(...):

act(() => {
  /* fire events that update state */
});
/* assert on the output */

This ensures that you're testing the behavior the user would see in the browser. Learn more at https://reactjs.org/link/wrap-tests-with-act
    at Signup (C:/Users/Admin/graceful_books/src/pages/auth/Signup.tsx:8:61)
    at Router (C:\Users\Admin\graceful_books\node_modules\react-router\dist\umd\react-router.development.js:1207:17)
    at BrowserRouter (C:\Users\Admin\graceful_books\node_modules\react-router-dom\dist\umd\react-router-dom.development.js:695:7)

[90mstderr[2m | src/pages/auth/Signup.test.tsx[2m > [22m[2mSignup Page with Charity Selection[2m > [22m[2mcharity selection step[2m > [22m[2mshould allow selecting a charity
[22m[39mWarning: An update to Signup inside a test was not wrapped in act(...).

When testing, code that causes React state updates should be wrapped into act(...):

act(() => {
  /* fire events that update state */
});
/* assert on the output */

This ensures that you're testing the behavior the user would see in the browser. Learn more at https://reactjs.org/link/wrap-tests-with-act
    at Signup (C:/Users/Admin/graceful_books/src/pages/auth/Signup.tsx:8:61)
    at Router (C:\Users\Admin\graceful_books\node_modules\react-router\dist\umd\react-router.development.js:1207:17)
    at BrowserRouter (C:\Users\Admin\graceful_books\node_modules\react-router-dom\dist\umd\react-router-dom.development.js:695:7)

[90mstderr[2m | src/pages/auth/Signup.test.tsx[2m > [22m[2mSignup Page with Charity Selection[2m > [22m[2mcharity selection step[2m > [22m[2mshould allow selecting a charity
[22m[39mWarning: An update to Signup inside a test was not wrapped in act(...).

When testing, code that causes React state updates should be wrapped into act(...):

act(() => {
  /* fire events that update state */
});
/* assert on the output */

This ensures that you're testing the behavior the user would see in the browser. Learn more at https://reactjs.org/link/wrap-tests-with-act
    at Signup (C:/Users/Admin/graceful_books/src/pages/auth/Signup.tsx:8:61)
    at Router (C:\Users\Admin\graceful_books\node_modules\react-router\dist\umd\react-router.development.js:1207:17)
    at BrowserRouter (C:\Users\Admin\graceful_books\node_modules\react-router-dom\dist\umd\react-router-dom.development.js:695:7)

[90mstderr[2m | src/pages/auth/Signup.test.tsx[2m > [22m[2mSignup Page with Charity Selection[2m > [22m[2mcharity selection step[2m > [22m[2mshould allow selecting a charity
[22m[39mWarning: An update to CharitySelector inside a test was not wrapped in act(...).

When testing, code that causes React state updates should be wrapped into act(...):

act(() => {
  /* fire events that update state */
});
/* assert on the output */

This ensures that you're testing the behavior the user would see in the browser. Learn more at https://reactjs.org/link/wrap-tests-with-act
    at CharitySelector (C:/Users/Admin/graceful_books/src/components/charity/CharitySelector.tsx:9:3)
    at div
    at div
    at Signup (C:/Users/Admin/graceful_books/src/pages/auth/Signup.tsx:8:61)
    at Router (C:\Users\Admin\graceful_books\node_modules\react-router\dist\umd\react-router.development.js:1207:17)
    at BrowserRouter (C:\Users\Admin\graceful_books\node_modules\react-router-dom\dist\umd\react-router-dom.development.js:695:7)
Warning: An update to CharitySelector inside a test was not wrapped in act(...).

When testing, code that causes React state updates should be wrapped into act(...):

act(() => {
  /* fire events that update state */
});
/* assert on the output */

This ensures that you're testing the behavior the user would see in the browser. Learn more at https://reactjs.org/link/wrap-tests-with-act
    at CharitySelector (C:/Users/Admin/graceful_books/src/components/charity/CharitySelector.tsx:9:3)
    at div
    at div
    at Signup (C:/Users/Admin/graceful_books/src/pages/auth/Signup.tsx:8:61)
    at Router (C:\Users\Admin\graceful_books\node_modules\react-router\dist\umd\react-router.development.js:1207:17)
    at BrowserRouter (C:\Users\Admin\graceful_books\node_modules\react-router-dom\dist\umd\react-router-dom.development.js:695:7)

[90mstderr[2m | src/pages/auth/Signup.test.tsx[2m > [22m[2mSignup Page with Charity Selection[2m > [22m[2mcharity selection step[2m > [22m[2mshould allow selecting a charity
[22m[39mWarning: An update to Signup inside a test was not wrapped in act(...).

When testing, code that causes React state updates should be wrapped into act(...):

act(() => {
  /* fire events that update state */
});
/* assert on the output */

This ensures that you're testing the behavior the user would see in the browser. Learn more at https://reactjs.org/link/wrap-tests-with-act
    at Signup (C:/Users/Admin/graceful_books/src/pages/auth/Signup.tsx:8:61)
    at Router (C:\Users\Admin\graceful_books\node_modules\react-router\dist\umd\react-router.development.js:1207:17)
    at BrowserRouter (C:\Users\Admin\graceful_books\node_modules\react-router-dom\dist\umd\react-router-dom.development.js:695:7)

[90mstdout[2m | src/services/auditLogExtended.perf.test.ts[2m > [22m[2mExtended Audit Log Performance Tests[2m > [22m[2mMemory and Resource Management[2m > [22m[2mshould not leak memory during repeated operations
[22m[39m[AuditLogExtended] Audit log search completed { total: [33m100000[39m, returned: [33m100[39m, executionTimeMs: [33m5837.414899999974[39m }

[90mstdout[2m | src/services/auditLogExtended.perf.test.ts[2m > [22m[2mExtended Audit Log Performance Tests[2m > [22m[2mMemory and Resource Management[2m > [22m[2mshould not leak memory during repeated operations
[22m[39m[AuditLogExtended] Starting audit log search { companyId: [32m'test-company'[39m, limit: [33m100[39m, offset: [33m600[39m }

[90mstderr[2m | src/pages/auth/Signup.test.tsx[2m > [22m[2mSignup Page with Charity Selection[2m > [22m[2mcharity selection step[2m > [22m[2mshould have disabled Create Account button when no charity selected
[22m[39mWarning: An update to Signup inside a test was not wrapped in act(...).

When testing, code that causes React state updates should be wrapped into act(...):

act(() => {
  /* fire events that update state */
});
/* assert on the output */

This ensures that you're testing the behavior the user would see in the browser. Learn more at https://reactjs.org/link/wrap-tests-with-act
    at Signup (C:/Users/Admin/graceful_books/src/pages/auth/Signup.tsx:8:61)
    at Router (C:\Users\Admin\graceful_books\node_modules\react-router\dist\umd\react-router.development.js:1207:17)
    at BrowserRouter (C:\Users\Admin\graceful_books\node_modules\react-router-dom\dist\umd\react-router-dom.development.js:695:7)

[90mstderr[2m | src/pages/auth/Signup.test.tsx[2m > [22m[2mSignup Page with Charity Selection[2m > [22m[2mcharity selection step[2m > [22m[2mshould have disabled Create Account button when no charity selected
[22m[39mWarning: An update to Signup inside a test was not wrapped in act(...).

When testing, code that causes React state updates should be wrapped into act(...):

act(() => {
  /* fire events that update state */
});
/* assert on the output */

This ensures that you're testing the behavior the user would see in the browser. Learn more at https://reactjs.org/link/wrap-tests-with-act
    at Signup (C:/Users/Admin/graceful_books/src/pages/auth/Signup.tsx:8:61)
    at Router (C:\Users\Admin\graceful_books\node_modules\react-router\dist\umd\react-router.development.js:1207:17)
    at BrowserRouter (C:\Users\Admin\graceful_books\node_modules\react-router-dom\dist\umd\react-router-dom.development.js:695:7)

[90mstderr[2m | src/pages/auth/Signup.test.tsx[2m > [22m[2mSignup Page with Charity Selection[2m > [22m[2mcharity selection step[2m > [22m[2mshould have disabled Create Account button when no charity selected
[22m[39mWarning: An update to Signup inside a test was not wrapped in act(...).

When testing, code that causes React state updates should be wrapped into act(...):

act(() => {
  /* fire events that update state */
});
/* assert on the output */

This ensures that you're testing the behavior the user would see in the browser. Learn more at https://reactjs.org/link/wrap-tests-with-act
    at Signup (C:/Users/Admin/graceful_books/src/pages/auth/Signup.tsx:8:61)
    at Router (C:\Users\Admin\graceful_books\node_modules\react-router\dist\umd\react-router.development.js:1207:17)
    at BrowserRouter (C:\Users\Admin\graceful_books\node_modules\react-router-dom\dist\umd\react-router-dom.development.js:695:7)

[90mstderr[2m | src/pages/auth/Signup.test.tsx[2m > [22m[2mSignup Page with Charity Selection[2m > [22m[2mcharity selection step[2m > [22m[2mshould have disabled Create Account button when no charity selected
[22m[39mWarning: An update to Signup inside a test was not wrapped in act(...).

When testing, code that causes React state updates should be wrapped into act(...):

act(() => {
  /* fire events that update state */
});
/* assert on the output */

This ensures that you're testing the behavior the user would see in the browser. Learn more at https://reactjs.org/link/wrap-tests-with-act
    at Signup (C:/Users/Admin/graceful_books/src/pages/auth/Signup.tsx:8:61)
    at Router (C:\Users\Admin\graceful_books\node_modules\react-router\dist\umd\react-router.development.js:1207:17)
    at BrowserRouter (C:\Users\Admin\graceful_books\node_modules\react-router-dom\dist\umd\react-router-dom.development.js:695:7)

[90mstderr[2m | src/pages/auth/Signup.test.tsx[2m > [22m[2mSignup Page with Charity Selection[2m > [22m[2mcharity selection step[2m > [22m[2mshould have disabled Create Account button when no charity selected
[22m[39mWarning: An update to Signup inside a test was not wrapped in act(...).

When testing, code that causes React state updates should be wrapped into act(...):

act(() => {
  /* fire events that update state */
});
/* assert on the output */

This ensures that you're testing the behavior the user would see in the browser. Learn more at https://reactjs.org/link/wrap-tests-with-act
    at Signup (C:/Users/Admin/graceful_books/src/pages/auth/Signup.tsx:8:61)
    at Router (C:\Users\Admin\graceful_books\node_modules\react-router\dist\umd\react-router.development.js:1207:17)
    at BrowserRouter (C:\Users\Admin\graceful_books\node_modules\react-router-dom\dist\umd\react-router-dom.development.js:695:7)

[90mstderr[2m | src/pages/auth/Signup.test.tsx[2m > [22m[2mSignup Page with Charity Selection[2m > [22m[2mcharity selection step[2m > [22m[2mshould have disabled Create Account button when no charity selected
[22m[39mWarning: An update to Signup inside a test was not wrapped in act(...).

When testing, code that causes React state updates should be wrapped into act(...):

act(() => {
  /* fire events that update state */
});
/* assert on the output */

This ensures that you're testing the behavior the user would see in the browser. Learn more at https://reactjs.org/link/wrap-tests-with-act
    at Signup (C:/Users/Admin/graceful_books/src/pages/auth/Signup.tsx:8:61)
    at Router (C:\Users\Admin\graceful_books\node_modules\react-router\dist\umd\react-router.development.js:1207:17)
    at BrowserRouter (C:\Users\Admin\graceful_books\node_modules\react-router-dom\dist\umd\react-router-dom.development.js:695:7)

[90mstderr[2m | src/pages/auth/Signup.test.tsx[2m > [22m[2mSignup Page with Charity Selection[2m > [22m[2mcharity selection step[2m > [22m[2mshould have disabled Create Account button when no charity selected
[22m[39mWarning: An update to Signup inside a test was not wrapped in act(...).

When testing, code that causes React state updates should be wrapped into act(...):

act(() => {
  /* fire events that update state */
});
/* assert on the output */

This ensures that you're testing the behavior the user would see in the browser. Learn more at https://reactjs.org/link/wrap-tests-with-act
    at Signup (C:/Users/Admin/graceful_books/src/pages/auth/Signup.tsx:8:61)
    at Router (C:\Users\Admin\graceful_books\node_modules\react-router\dist\umd\react-router.development.js:1207:17)
    at BrowserRouter (C:\Users\Admin\graceful_books\node_modules\react-router-dom\dist\umd\react-router-dom.development.js:695:7)

[90mstderr[2m | src/pages/auth/Signup.test.tsx[2m > [22m[2mSignup Page with Charity Selection[2m > [22m[2mcharity selection step[2m > [22m[2mshould have disabled Create Account button when no charity selected
[22m[39mWarning: An update to Signup inside a test was not wrapped in act(...).

When testing, code that causes React state updates should be wrapped into act(...):

act(() => {
  /* fire events that update state */
});
/* assert on the output */

This ensures that you're testing the behavior the user would see in the browser. Learn more at https://reactjs.org/link/wrap-tests-with-act
    at Signup (C:/Users/Admin/graceful_books/src/pages/auth/Signup.tsx:8:61)
    at Router (C:\Users\Admin\graceful_books\node_modules\react-router\dist\umd\react-router.development.js:1207:17)
    at BrowserRouter (C:\Users\Admin\graceful_books\node_modules\react-router-dom\dist\umd\react-router-dom.development.js:695:7)

[90mstderr[2m | src/pages/auth/Signup.test.tsx[2m > [22m[2mSignup Page with Charity Selection[2m > [22m[2mcharity selection step[2m > [22m[2mshould have disabled Create Account button when no charity selected
[22m[39mWarning: An update to Signup inside a test was not wrapped in act(...).

When testing, code that causes React state updates should be wrapped into act(...):

act(() => {
  /* fire events that update state */
});
/* assert on the output */

This ensures that you're testing the behavior the user would see in the browser. Learn more at https://reactjs.org/link/wrap-tests-with-act
    at Signup (C:/Users/Admin/graceful_books/src/pages/auth/Signup.tsx:8:61)
    at Router (C:\Users\Admin\graceful_books\node_modules\react-router\dist\umd\react-router.development.js:1207:17)
    at BrowserRouter (C:\Users\Admin\graceful_books\node_modules\react-router-dom\dist\umd\react-router-dom.development.js:695:7)

[90mstderr[2m | src/pages/auth/Signup.test.tsx[2m > [22m[2mSignup Page with Charity Selection[2m > [22m[2mcharity selection step[2m > [22m[2mshould have disabled Create Account button when no charity selected
[22m[39mWarning: An update to Signup inside a test was not wrapped in act(...).

When testing, code that causes React state updates should be wrapped into act(...):

act(() => {
  /* fire events that update state */
});
/* assert on the output */

This ensures that you're testing the behavior the user would see in the browser. Learn more at https://reactjs.org/link/wrap-tests-with-act
    at Signup (C:/Users/Admin/graceful_books/src/pages/auth/Signup.tsx:8:61)
    at Router (C:\Users\Admin\graceful_books\node_modules\react-router\dist\umd\react-router.development.js:1207:17)
    at BrowserRouter (C:\Users\Admin\graceful_books\node_modules\react-router-dom\dist\umd\react-router-dom.development.js:695:7)

[90mstderr[2m | src/pages/auth/Signup.test.tsx[2m > [22m[2mSignup Page with Charity Selection[2m > [22m[2mcharity selection step[2m > [22m[2mshould have disabled Create Account button when no charity selected
[22m[39mWarning: An update to Signup inside a test was not wrapped in act(...).

When testing, code that causes React state updates should be wrapped into act(...):

act(() => {
  /* fire events that update state */
});
/* assert on the output */

This ensures that you're testing the behavior the user would see in the browser. Learn more at https://reactjs.org/link/wrap-tests-with-act
    at Signup (C:/Users/Admin/graceful_books/src/pages/auth/Signup.tsx:8:61)
    at Router (C:\Users\Admin\graceful_books\node_modules\react-router\dist\umd\react-router.development.js:1207:17)
    at BrowserRouter (C:\Users\Admin\graceful_books\node_modules\react-router-dom\dist\umd\react-router-dom.development.js:695:7)

[90mstderr[2m | src/pages/auth/Signup.test.tsx[2m > [22m[2mSignup Page with Charity Selection[2m > [22m[2mcharity selection step[2m > [22m[2mshould have disabled Create Account button when no charity selected
[22m[39mWarning: An update to Signup inside a test was not wrapped in act(...).

When testing, code that causes React state updates should be wrapped into act(...):

act(() => {
  /* fire events that update state */
});
/* assert on the output */

This ensures that you're testing the behavior the user would see in the browser. Learn more at https://reactjs.org/link/wrap-tests-with-act
    at Signup (C:/Users/Admin/graceful_books/src/pages/auth/Signup.tsx:8:61)
    at Router (C:\Users\Admin\graceful_books\node_modules\react-router\dist\umd\react-router.development.js:1207:17)
    at BrowserRouter (C:\Users\Admin\graceful_books\node_modules\react-router-dom\dist\umd\react-router-dom.development.js:695:7)

[90mstderr[2m | src/pages/auth/Signup.test.tsx[2m > [22m[2mSignup Page with Charity Selection[2m > [22m[2mcharity selection step[2m > [22m[2mshould have disabled Create Account button when no charity selected
[22m[39mWarning: An update to Signup inside a test was not wrapped in act(...).

When testing, code that causes React state updates should be wrapped into act(...):

act(() => {
  /* fire events that update state */
});
/* assert on the output */

This ensures that you're testing the behavior the user would see in the browser. Learn more at https://reactjs.org/link/wrap-tests-with-act
    at Signup (C:/Users/Admin/graceful_books/src/pages/auth/Signup.tsx:8:61)
    at Router (C:\Users\Admin\graceful_books\node_modules\react-router\dist\umd\react-router.development.js:1207:17)
    at BrowserRouter (C:\Users\Admin\graceful_books\node_modules\react-router-dom\dist\umd\react-router-dom.development.js:695:7)

[90mstderr[2m | src/pages/auth/Signup.test.tsx[2m > [22m[2mSignup Page with Charity Selection[2m > [22m[2mcharity selection step[2m > [22m[2mshould have disabled Create Account button when no charity selected
[22m[39mWarning: An update to Signup inside a test was not wrapped in act(...).

When testing, code that causes React state updates should be wrapped into act(...):

act(() => {
  /* fire events that update state */
});
/* assert on the output */

This ensures that you're testing the behavior the user would see in the browser. Learn more at https://reactjs.org/link/wrap-tests-with-act
    at Signup (C:/Users/Admin/graceful_books/src/pages/auth/Signup.tsx:8:61)
    at Router (C:\Users\Admin\graceful_books\node_modules\react-router\dist\umd\react-router.development.js:1207:17)
    at BrowserRouter (C:\Users\Admin\graceful_books\node_modules\react-router-dom\dist\umd\react-router-dom.development.js:695:7)

[90mstderr[2m | src/pages/auth/Signup.test.tsx[2m > [22m[2mSignup Page with Charity Selection[2m > [22m[2mcharity selection step[2m > [22m[2mshould have disabled Create Account button when no charity selected
[22m[39mWarning: An update to Signup inside a test was not wrapped in act(...).

When testing, code that causes React state updates should be wrapped into act(...):

act(() => {
  /* fire events that update state */
});
/* assert on the output */

This ensures that you're testing the behavior the user would see in the browser. Learn more at https://reactjs.org/link/wrap-tests-with-act
    at Signup (C:/Users/Admin/graceful_books/src/pages/auth/Signup.tsx:8:61)
    at Router (C:\Users\Admin\graceful_books\node_modules\react-router\dist\umd\react-router.development.js:1207:17)
    at BrowserRouter (C:\Users\Admin\graceful_books\node_modules\react-router-dom\dist\umd\react-router-dom.development.js:695:7)

[90mstderr[2m | src/pages/auth/Signup.test.tsx[2m > [22m[2mSignup Page with Charity Selection[2m > [22m[2mcharity selection step[2m > [22m[2mshould have disabled Create Account button when no charity selected
[22m[39mWarning: An update to Signup inside a test was not wrapped in act(...).

When testing, code that causes React state updates should be wrapped into act(...):

act(() => {
  /* fire events that update state */
});
/* assert on the output */

This ensures that you're testing the behavior the user would see in the browser. Learn more at https://reactjs.org/link/wrap-tests-with-act
    at Signup (C:/Users/Admin/graceful_books/src/pages/auth/Signup.tsx:8:61)
    at Router (C:\Users\Admin\graceful_books\node_modules\react-router\dist\umd\react-router.development.js:1207:17)
    at BrowserRouter (C:\Users\Admin\graceful_books\node_modules\react-router-dom\dist\umd\react-router-dom.development.js:695:7)

[90mstderr[2m | src/pages/auth/Signup.test.tsx[2m > [22m[2mSignup Page with Charity Selection[2m > [22m[2mcharity selection step[2m > [22m[2mshould have disabled Create Account button when no charity selected
[22m[39mWarning: An update to Signup inside a test was not wrapped in act(...).

When testing, code that causes React state updates should be wrapped into act(...):

act(() => {
  /* fire events that update state */
});
/* assert on the output */

This ensures that you're testing the behavior the user would see in the browser. Learn more at https://reactjs.org/link/wrap-tests-with-act
    at Signup (C:/Users/Admin/graceful_books/src/pages/auth/Signup.tsx:8:61)
    at Router (C:\Users\Admin\graceful_books\node_modules\react-router\dist\umd\react-router.development.js:1207:17)
    at BrowserRouter (C:\Users\Admin\graceful_books\node_modules\react-router-dom\dist\umd\react-router-dom.development.js:695:7)

[90mstderr[2m | src/pages/auth/Signup.test.tsx[2m > [22m[2mSignup Page with Charity Selection[2m > [22m[2mcharity selection step[2m > [22m[2mshould have disabled Create Account button when no charity selected
[22m[39mWarning: An update to Signup inside a test was not wrapped in act(...).

When testing, code that causes React state updates should be wrapped into act(...):

act(() => {
  /* fire events that update state */
});
/* assert on the output */

This ensures that you're testing the behavior the user would see in the browser. Learn more at https://reactjs.org/link/wrap-tests-with-act
    at Signup (C:/Users/Admin/graceful_books/src/pages/auth/Signup.tsx:8:61)
    at Router (C:\Users\Admin\graceful_books\node_modules\react-router\dist\umd\react-router.development.js:1207:17)
    at BrowserRouter (C:\Users\Admin\graceful_books\node_modules\react-router-dom\dist\umd\react-router-dom.development.js:695:7)

[90mstderr[2m | src/pages/auth/Signup.test.tsx[2m > [22m[2mSignup Page with Charity Selection[2m > [22m[2mcharity selection step[2m > [22m[2mshould have disabled Create Account button when no charity selected
[22m[39mWarning: An update to Signup inside a test was not wrapped in act(...).

When testing, code that causes React state updates should be wrapped into act(...):

act(() => {
  /* fire events that update state */
});
/* assert on the output */

This ensures that you're testing the behavior the user would see in the browser. Learn more at https://reactjs.org/link/wrap-tests-with-act
    at Signup (C:/Users/Admin/graceful_books/src/pages/auth/Signup.tsx:8:61)
    at Router (C:\Users\Admin\graceful_books\node_modules\react-router\dist\umd\react-router.development.js:1207:17)
    at BrowserRouter (C:\Users\Admin\graceful_books\node_modules\react-router-dom\dist\umd\react-router-dom.development.js:695:7)

[90mstderr[2m | src/pages/auth/Signup.test.tsx[2m > [22m[2mSignup Page with Charity Selection[2m > [22m[2mcharity selection step[2m > [22m[2mshould have disabled Create Account button when no charity selected
[22m[39mWarning: An update to Signup inside a test was not wrapped in act(...).

When testing, code that causes React state updates should be wrapped into act(...):

act(() => {
  /* fire events that update state */
});
/* assert on the output */

This ensures that you're testing the behavior the user would see in the browser. Learn more at https://reactjs.org/link/wrap-tests-with-act
    at Signup (C:/Users/Admin/graceful_books/src/pages/auth/Signup.tsx:8:61)
    at Router (C:\Users\Admin\graceful_books\node_modules\react-router\dist\umd\react-router.development.js:1207:17)
    at BrowserRouter (C:\Users\Admin\graceful_books\node_modules\react-router-dom\dist\umd\react-router-dom.development.js:695:7)

[90mstderr[2m | src/pages/auth/Signup.test.tsx[2m > [22m[2mSignup Page with Charity Selection[2m > [22m[2mcharity selection step[2m > [22m[2mshould have disabled Create Account button when no charity selected
[22m[39mWarning: An update to Signup inside a test was not wrapped in act(...).

When testing, code that causes React state updates should be wrapped into act(...):

act(() => {
  /* fire events that update state */
});
/* assert on the output */

This ensures that you're testing the behavior the user would see in the browser. Learn more at https://reactjs.org/link/wrap-tests-with-act
    at Signup (C:/Users/Admin/graceful_books/src/pages/auth/Signup.tsx:8:61)
    at Router (C:\Users\Admin\graceful_books\node_modules\react-router\dist\umd\react-router.development.js:1207:17)
    at BrowserRouter (C:\Users\Admin\graceful_books\node_modules\react-router-dom\dist\umd\react-router-dom.development.js:695:7)

[90mstderr[2m | src/pages/auth/Signup.test.tsx[2m > [22m[2mSignup Page with Charity Selection[2m > [22m[2mcharity selection step[2m > [22m[2mshould have disabled Create Account button when no charity selected
[22m[39mWarning: An update to Signup inside a test was not wrapped in act(...).

When testing, code that causes React state updates should be wrapped into act(...):

act(() => {
  /* fire events that update state */
});
/* assert on the output */

This ensures that you're testing the behavior the user would see in the browser. Learn more at https://reactjs.org/link/wrap-tests-with-act
    at Signup (C:/Users/Admin/graceful_books/src/pages/auth/Signup.tsx:8:61)
    at Router (C:\Users\Admin\graceful_books\node_modules\react-router\dist\umd\react-router.development.js:1207:17)
    at BrowserRouter (C:\Users\Admin\graceful_books\node_modules\react-router-dom\dist\umd\react-router-dom.development.js:695:7)

[90mstderr[2m | src/pages/auth/Signup.test.tsx[2m > [22m[2mSignup Page with Charity Selection[2m > [22m[2mcharity selection step[2m > [22m[2mshould have disabled Create Account button when no charity selected
[22m[39mWarning: An update to Signup inside a test was not wrapped in act(...).

When testing, code that causes React state updates should be wrapped into act(...):

act(() => {
  /* fire events that update state */
});
/* assert on the output */

This ensures that you're testing the behavior the user would see in the browser. Learn more at https://reactjs.org/link/wrap-tests-with-act
    at Signup (C:/Users/Admin/graceful_books/src/pages/auth/Signup.tsx:8:61)
    at Router (C:\Users\Admin\graceful_books\node_modules\react-router\dist\umd\react-router.development.js:1207:17)
    at BrowserRouter (C:\Users\Admin\graceful_books\node_modules\react-router-dom\dist\umd\react-router-dom.development.js:695:7)

[90mstderr[2m | src/pages/auth/Signup.test.tsx[2m > [22m[2mSignup Page with Charity Selection[2m > [22m[2mcharity selection step[2m > [22m[2mshould have disabled Create Account button when no charity selected
[22m[39mWarning: An update to Signup inside a test was not wrapped in act(...).

When testing, code that causes React state updates should be wrapped into act(...):

act(() => {
  /* fire events that update state */
});
/* assert on the output */

This ensures that you're testing the behavior the user would see in the browser. Learn more at https://reactjs.org/link/wrap-tests-with-act
    at Signup (C:/Users/Admin/graceful_books/src/pages/auth/Signup.tsx:8:61)
    at Router (C:\Users\Admin\graceful_books\node_modules\react-router\dist\umd\react-router.development.js:1207:17)
    at BrowserRouter (C:\Users\Admin\graceful_books\node_modules\react-router-dom\dist\umd\react-router-dom.development.js:695:7)

[90mstderr[2m | src/pages/auth/Signup.test.tsx[2m > [22m[2mSignup Page with Charity Selection[2m > [22m[2mcharity selection step[2m > [22m[2mshould have disabled Create Account button when no charity selected
[22m[39mWarning: An update to Signup inside a test was not wrapped in act(...).

When testing, code that causes React state updates should be wrapped into act(...):

act(() => {
  /* fire events that update state */
});
/* assert on the output */

This ensures that you're testing the behavior the user would see in the browser. Learn more at https://reactjs.org/link/wrap-tests-with-act
    at Signup (C:/Users/Admin/graceful_books/src/pages/auth/Signup.tsx:8:61)
    at Router (C:\Users\Admin\graceful_books\node_modules\react-router\dist\umd\react-router.development.js:1207:17)
    at BrowserRouter (C:\Users\Admin\graceful_books\node_modules\react-router-dom\dist\umd\react-router-dom.development.js:695:7)

[90mstderr[2m | src/pages/auth/Signup.test.tsx[2m > [22m[2mSignup Page with Charity Selection[2m > [22m[2mcharity selection step[2m > [22m[2mshould have disabled Create Account button when no charity selected
[22m[39mWarning: An update to Signup inside a test was not wrapped in act(...).

When testing, code that causes React state updates should be wrapped into act(...):

act(() => {
  /* fire events that update state */
});
/* assert on the output */

This ensures that you're testing the behavior the user would see in the browser. Learn more at https://reactjs.org/link/wrap-tests-with-act
    at Signup (C:/Users/Admin/graceful_books/src/pages/auth/Signup.tsx:8:61)
    at Router (C:\Users\Admin\graceful_books\node_modules\react-router\dist\umd\react-router.development.js:1207:17)
    at BrowserRouter (C:\Users\Admin\graceful_books\node_modules\react-router-dom\dist\umd\react-router-dom.development.js:695:7)

[90mstderr[2m | src/pages/auth/Signup.test.tsx[2m > [22m[2mSignup Page with Charity Selection[2m > [22m[2mcharity selection step[2m > [22m[2mshould have disabled Create Account button when no charity selected
[22m[39mWarning: An update to Signup inside a test was not wrapped in act(...).

When testing, code that causes React state updates should be wrapped into act(...):

act(() => {
  /* fire events that update state */
});
/* assert on the output */

This ensures that you're testing the behavior the user would see in the browser. Learn more at https://reactjs.org/link/wrap-tests-with-act
    at Signup (C:/Users/Admin/graceful_books/src/pages/auth/Signup.tsx:8:61)
    at Router (C:\Users\Admin\graceful_books\node_modules\react-router\dist\umd\react-router.development.js:1207:17)
    at BrowserRouter (C:\Users\Admin\graceful_books\node_modules\react-router-dom\dist\umd\react-router-dom.development.js:695:7)

[90mstderr[2m | src/pages/auth/Signup.test.tsx[2m > [22m[2mSignup Page with Charity Selection[2m > [22m[2mcharity selection step[2m > [22m[2mshould have disabled Create Account button when no charity selected
[22m[39mWarning: An update to Signup inside a test was not wrapped in act(...).

When testing, code that causes React state updates should be wrapped into act(...):

act(() => {
  /* fire events that update state */
});
/* assert on the output */

This ensures that you're testing the behavior the user would see in the browser. Learn more at https://reactjs.org/link/wrap-tests-with-act
    at Signup (C:/Users/Admin/graceful_books/src/pages/auth/Signup.tsx:8:61)
    at Router (C:\Users\Admin\graceful_books\node_modules\react-router\dist\umd\react-router.development.js:1207:17)
    at BrowserRouter (C:\Users\Admin\graceful_books\node_modules\react-router-dom\dist\umd\react-router-dom.development.js:695:7)

[90mstderr[2m | src/pages/auth/Signup.test.tsx[2m > [22m[2mSignup Page with Charity Selection[2m > [22m[2mcharity selection step[2m > [22m[2mshould have disabled Create Account button when no charity selected
[22m[39mWarning: An update to Signup inside a test was not wrapped in act(...).

When testing, code that causes React state updates should be wrapped into act(...):

act(() => {
  /* fire events that update state */
});
/* assert on the output */

This ensures that you're testing the behavior the user would see in the browser. Learn more at https://reactjs.org/link/wrap-tests-with-act
    at Signup (C:/Users/Admin/graceful_books/src/pages/auth/Signup.tsx:8:61)
    at Router (C:\Users\Admin\graceful_books\node_modules\react-router\dist\umd\react-router.development.js:1207:17)
    at BrowserRouter (C:\Users\Admin\graceful_books\node_modules\react-router-dom\dist\umd\react-router-dom.development.js:695:7)

[90mstderr[2m | src/pages/auth/Signup.test.tsx[2m > [22m[2mSignup Page with Charity Selection[2m > [22m[2mcharity selection step[2m > [22m[2mshould have disabled Create Account button when no charity selected
[22m[39mWarning: An update to Signup inside a test was not wrapped in act(...).

When testing, code that causes React state updates should be wrapped into act(...):

act(() => {
  /* fire events that update state */
});
/* assert on the output */

This ensures that you're testing the behavior the user would see in the browser. Learn more at https://reactjs.org/link/wrap-tests-with-act
    at Signup (C:/Users/Admin/graceful_books/src/pages/auth/Signup.tsx:8:61)
    at Router (C:\Users\Admin\graceful_books\node_modules\react-router\dist\umd\react-router.development.js:1207:17)
    at BrowserRouter (C:\Users\Admin\graceful_books\node_modules\react-router-dom\dist\umd\react-router-dom.development.js:695:7)

[90mstderr[2m | src/pages/auth/Signup.test.tsx[2m > [22m[2mSignup Page with Charity Selection[2m > [22m[2mcharity selection step[2m > [22m[2mshould have disabled Create Account button when no charity selected
[22m[39mWarning: An update to Signup inside a test was not wrapped in act(...).

When testing, code that causes React state updates should be wrapped into act(...):

act(() => {
  /* fire events that update state */
});
/* assert on the output */

This ensures that you're testing the behavior the user would see in the browser. Learn more at https://reactjs.org/link/wrap-tests-with-act
    at Signup (C:/Users/Admin/graceful_books/src/pages/auth/Signup.tsx:8:61)
    at Router (C:\Users\Admin\graceful_books\node_modules\react-router\dist\umd\react-router.development.js:1207:17)
    at BrowserRouter (C:\Users\Admin\graceful_books\node_modules\react-router-dom\dist\umd\react-router-dom.development.js:695:7)

[90mstderr[2m | src/pages/auth/Signup.test.tsx[2m > [22m[2mSignup Page with Charity Selection[2m > [22m[2mcharity selection step[2m > [22m[2mshould have disabled Create Account button when no charity selected
[22m[39mWarning: An update to Signup inside a test was not wrapped in act(...).

When testing, code that causes React state updates should be wrapped into act(...):

act(() => {
  /* fire events that update state */
});
/* assert on the output */

This ensures that you're testing the behavior the user would see in the browser. Learn more at https://reactjs.org/link/wrap-tests-with-act
    at Signup (C:/Users/Admin/graceful_books/src/pages/auth/Signup.tsx:8:61)
    at Router (C:\Users\Admin\graceful_books\node_modules\react-router\dist\umd\react-router.development.js:1207:17)
    at BrowserRouter (C:\Users\Admin\graceful_books\node_modules\react-router-dom\dist\umd\react-router-dom.development.js:695:7)

[90mstderr[2m | src/pages/auth/Signup.test.tsx[2m > [22m[2mSignup Page with Charity Selection[2m > [22m[2mcharity selection step[2m > [22m[2mshould have disabled Create Account button when no charity selected
[22m[39mWarning: An update to Signup inside a test was not wrapped in act(...).

When testing, code that causes React state updates should be wrapped into act(...):

act(() => {
  /* fire events that update state */
});
/* assert on the output */

This ensures that you're testing the behavior the user would see in the browser. Learn more at https://reactjs.org/link/wrap-tests-with-act
    at Signup (C:/Users/Admin/graceful_books/src/pages/auth/Signup.tsx:8:61)
    at Router (C:\Users\Admin\graceful_books\node_modules\react-router\dist\umd\react-router.development.js:1207:17)
    at BrowserRouter (C:\Users\Admin\graceful_books\node_modules\react-router-dom\dist\umd\react-router-dom.development.js:695:7)

[90mstderr[2m | src/pages/auth/Signup.test.tsx[2m > [22m[2mSignup Page with Charity Selection[2m > [22m[2mcharity selection step[2m > [22m[2mshould have disabled Create Account button when no charity selected
[22m[39mWarning: An update to Signup inside a test was not wrapped in act(...).

When testing, code that causes React state updates should be wrapped into act(...):

act(() => {
  /* fire events that update state */
});
/* assert on the output */

This ensures that you're testing the behavior the user would see in the browser. Learn more at https://reactjs.org/link/wrap-tests-with-act
    at Signup (C:/Users/Admin/graceful_books/src/pages/auth/Signup.tsx:8:61)
    at Router (C:\Users\Admin\graceful_books\node_modules\react-router\dist\umd\react-router.development.js:1207:17)
    at BrowserRouter (C:\Users\Admin\graceful_books\node_modules\react-router-dom\dist\umd\react-router-dom.development.js:695:7)

[90mstderr[2m | src/pages/auth/Signup.test.tsx[2m > [22m[2mSignup Page with Charity Selection[2m > [22m[2mcharity selection step[2m > [22m[2mshould have disabled Create Account button when no charity selected
[22m[39mWarning: An update to Signup inside a test was not wrapped in act(...).

When testing, code that causes React state updates should be wrapped into act(...):

act(() => {
  /* fire events that update state */
});
/* assert on the output */

This ensures that you're testing the behavior the user would see in the browser. Learn more at https://reactjs.org/link/wrap-tests-with-act
    at Signup (C:/Users/Admin/graceful_books/src/pages/auth/Signup.tsx:8:61)
    at Router (C:\Users\Admin\graceful_books\node_modules\react-router\dist\umd\react-router.development.js:1207:17)
    at BrowserRouter (C:\Users\Admin\graceful_books\node_modules\react-router-dom\dist\umd\react-router-dom.development.js:695:7)

[90mstderr[2m | src/pages/auth/Signup.test.tsx[2m > [22m[2mSignup Page with Charity Selection[2m > [22m[2mcharity selection step[2m > [22m[2mshould have disabled Create Account button when no charity selected
[22m[39mWarning: An update to Signup inside a test was not wrapped in act(...).

When testing, code that causes React state updates should be wrapped into act(...):

act(() => {
  /* fire events that update state */
});
/* assert on the output */

This ensures that you're testing the behavior the user would see in the browser. Learn more at https://reactjs.org/link/wrap-tests-with-act
    at Signup (C:/Users/Admin/graceful_books/src/pages/auth/Signup.tsx:8:61)
    at Router (C:\Users\Admin\graceful_books\node_modules\react-router\dist\umd\react-router.development.js:1207:17)
    at BrowserRouter (C:\Users\Admin\graceful_books\node_modules\react-router-dom\dist\umd\react-router-dom.development.js:695:7)

[90mstderr[2m | src/pages/auth/Signup.test.tsx[2m > [22m[2mSignup Page with Charity Selection[2m > [22m[2mcharity selection step[2m > [22m[2mshould have disabled Create Account button when no charity selected
[22m[39mWarning: An update to Signup inside a test was not wrapped in act(...).

When testing, code that causes React state updates should be wrapped into act(...):

act(() => {
  /* fire events that update state */
});
/* assert on the output */

This ensures that you're testing the behavior the user would see in the browser. Learn more at https://reactjs.org/link/wrap-tests-with-act
    at Signup (C:/Users/Admin/graceful_books/src/pages/auth/Signup.tsx:8:61)
    at Router (C:\Users\Admin\graceful_books\node_modules\react-router\dist\umd\react-router.development.js:1207:17)
    at BrowserRouter (C:\Users\Admin\graceful_books\node_modules\react-router-dom\dist\umd\react-router-dom.development.js:695:7)

[90mstderr[2m | src/pages/auth/Signup.test.tsx[2m > [22m[2mSignup Page with Charity Selection[2m > [22m[2mcharity selection step[2m > [22m[2mshould have disabled Create Account button when no charity selected
[22m[39mWarning: An update to Signup inside a test was not wrapped in act(...).

When testing, code that causes React state updates should be wrapped into act(...):

act(() => {
  /* fire events that update state */
});
/* assert on the output */

This ensures that you're testing the behavior the user would see in the browser. Learn more at https://reactjs.org/link/wrap-tests-with-act
    at Signup (C:/Users/Admin/graceful_books/src/pages/auth/Signup.tsx:8:61)
    at Router (C:\Users\Admin\graceful_books\node_modules\react-router\dist\umd\react-router.development.js:1207:17)
    at BrowserRouter (C:\Users\Admin\graceful_books\node_modules\react-router-dom\dist\umd\react-router-dom.development.js:695:7)

[90mstderr[2m | src/pages/auth/Signup.test.tsx[2m > [22m[2mSignup Page with Charity Selection[2m > [22m[2mcharity selection step[2m > [22m[2mshould have disabled Create Account button when no charity selected
[22m[39mWarning: An update to Signup inside a test was not wrapped in act(...).

When testing, code that causes React state updates should be wrapped into act(...):

act(() => {
  /* fire events that update state */
});
/* assert on the output */

This ensures that you're testing the behavior the user would see in the browser. Learn more at https://reactjs.org/link/wrap-tests-with-act
    at Signup (C:/Users/Admin/graceful_books/src/pages/auth/Signup.tsx:8:61)
    at Router (C:\Users\Admin\graceful_books\node_modules\react-router\dist\umd\react-router.development.js:1207:17)
    at BrowserRouter (C:\Users\Admin\graceful_books\node_modules\react-router-dom\dist\umd\react-router-dom.development.js:695:7)

[90mstderr[2m | src/pages/auth/Signup.test.tsx[2m > [22m[2mSignup Page with Charity Selection[2m > [22m[2mcharity selection step[2m > [22m[2mshould have disabled Create Account button when no charity selected
[22m[39mWarning: An update to CharitySelector inside a test was not wrapped in act(...).

When testing, code that causes React state updates should be wrapped into act(...):

act(() => {
  /* fire events that update state */
});
/* assert on the output */

This ensures that you're testing the behavior the user would see in the browser. Learn more at https://reactjs.org/link/wrap-tests-with-act
    at CharitySelector (C:/Users/Admin/graceful_books/src/components/charity/CharitySelector.tsx:9:3)
    at div
    at div
    at Signup (C:/Users/Admin/graceful_books/src/pages/auth/Signup.tsx:8:61)
    at Router (C:\Users\Admin\graceful_books\node_modules\react-router\dist\umd\react-router.development.js:1207:17)
    at BrowserRouter (C:\Users\Admin\graceful_books\node_modules\react-router-dom\dist\umd\react-router-dom.development.js:695:7)
Warning: An update to CharitySelector inside a test was not wrapped in act(...).

When testing, code that causes React state updates should be wrapped into act(...):

act(() => {
  /* fire events that update state */
});
/* assert on the output */

This ensures that you're testing the behavior the user would see in the browser. Learn more at https://reactjs.org/link/wrap-tests-with-act
    at CharitySelector (C:/Users/Admin/graceful_books/src/components/charity/CharitySelector.tsx:9:3)
    at div
    at div
    at Signup (C:/Users/Admin/graceful_books/src/pages/auth/Signup.tsx:8:61)
    at Router (C:\Users\Admin\graceful_books\node_modules\react-router\dist\umd\react-router.development.js:1207:17)
    at BrowserRouter (C:\Users\Admin\graceful_books\node_modules\react-router-dom\dist\umd\react-router-dom.development.js:695:7)

[90mstderr[2m | src/pages/auth/Signup.test.tsx[2m > [22m[2mSignup Page with Charity Selection[2m > [22m[2mcharity selection step[2m > [22m[2mshould enable Create Account button when charity is selected
[22m[39mWarning: An update to Signup inside a test was not wrapped in act(...).

When testing, code that causes React state updates should be wrapped into act(...):

act(() => {
  /* fire events that update state */
});
/* assert on the output */

This ensures that you're testing the behavior the user would see in the browser. Learn more at https://reactjs.org/link/wrap-tests-with-act
    at Signup (C:/Users/Admin/graceful_books/src/pages/auth/Signup.tsx:8:61)
    at Router (C:\Users\Admin\graceful_books\node_modules\react-router\dist\umd\react-router.development.js:1207:17)
    at BrowserRouter (C:\Users\Admin\graceful_books\node_modules\react-router-dom\dist\umd\react-router-dom.development.js:695:7)

[90mstderr[2m | src/pages/auth/Signup.test.tsx[2m > [22m[2mSignup Page with Charity Selection[2m > [22m[2mcharity selection step[2m > [22m[2mshould enable Create Account button when charity is selected
[22m[39mWarning: An update to Signup inside a test was not wrapped in act(...).

When testing, code that causes React state updates should be wrapped into act(...):

act(() => {
  /* fire events that update state */
});
/* assert on the output */

This ensures that you're testing the behavior the user would see in the browser. Learn more at https://reactjs.org/link/wrap-tests-with-act
    at Signup (C:/Users/Admin/graceful_books/src/pages/auth/Signup.tsx:8:61)
    at Router (C:\Users\Admin\graceful_books\node_modules\react-router\dist\umd\react-router.development.js:1207:17)
    at BrowserRouter (C:\Users\Admin\graceful_books\node_modules\react-router-dom\dist\umd\react-router-dom.development.js:695:7)

[90mstderr[2m | src/pages/auth/Signup.test.tsx[2m > [22m[2mSignup Page with Charity Selection[2m > [22m[2mcharity selection step[2m > [22m[2mshould enable Create Account button when charity is selected
[22m[39mWarning: An update to Signup inside a test was not wrapped in act(...).

When testing, code that causes React state updates should be wrapped into act(...):

act(() => {
  /* fire events that update state */
});
/* assert on the output */

This ensures that you're testing the behavior the user would see in the browser. Learn more at https://reactjs.org/link/wrap-tests-with-act
    at Signup (C:/Users/Admin/graceful_books/src/pages/auth/Signup.tsx:8:61)
    at Router (C:\Users\Admin\graceful_books\node_modules\react-router\dist\umd\react-router.development.js:1207:17)
    at BrowserRouter (C:\Users\Admin\graceful_books\node_modules\react-router-dom\dist\umd\react-router-dom.development.js:695:7)

[90mstderr[2m | src/pages/auth/Signup.test.tsx[2m > [22m[2mSignup Page with Charity Selection[2m > [22m[2mcharity selection step[2m > [22m[2mshould enable Create Account button when charity is selected
[22m[39mWarning: An update to Signup inside a test was not wrapped in act(...).

When testing, code that causes React state updates should be wrapped into act(...):

act(() => {
  /* fire events that update state */
});
/* assert on the output */

This ensures that you're testing the behavior the user would see in the browser. Learn more at https://reactjs.org/link/wrap-tests-with-act
    at Signup (C:/Users/Admin/graceful_books/src/pages/auth/Signup.tsx:8:61)
    at Router (C:\Users\Admin\graceful_books\node_modules\react-router\dist\umd\react-router.development.js:1207:17)
    at BrowserRouter (C:\Users\Admin\graceful_books\node_modules\react-router-dom\dist\umd\react-router-dom.development.js:695:7)

[90mstderr[2m | src/pages/auth/Signup.test.tsx[2m > [22m[2mSignup Page with Charity Selection[2m > [22m[2mcharity selection step[2m > [22m[2mshould enable Create Account button when charity is selected
[22m[39mWarning: An update to Signup inside a test was not wrapped in act(...).

When testing, code that causes React state updates should be wrapped into act(...):

act(() => {
  /* fire events that update state */
});
/* assert on the output */

This ensures that you're testing the behavior the user would see in the browser. Learn more at https://reactjs.org/link/wrap-tests-with-act
    at Signup (C:/Users/Admin/graceful_books/src/pages/auth/Signup.tsx:8:61)
    at Router (C:\Users\Admin\graceful_books\node_modules\react-router\dist\umd\react-router.development.js:1207:17)
    at BrowserRouter (C:\Users\Admin\graceful_books\node_modules\react-router-dom\dist\umd\react-router-dom.development.js:695:7)

[90mstderr[2m | src/pages/auth/Signup.test.tsx[2m > [22m[2mSignup Page with Charity Selection[2m > [22m[2mcharity selection step[2m > [22m[2mshould enable Create Account button when charity is selected
[22m[39mWarning: An update to Signup inside a test was not wrapped in act(...).

When testing, code that causes React state updates should be wrapped into act(...):

act(() => {
  /* fire events that update state */
});
/* assert on the output */

This ensures that you're testing the behavior the user would see in the browser. Learn more at https://reactjs.org/link/wrap-tests-with-act
    at Signup (C:/Users/Admin/graceful_books/src/pages/auth/Signup.tsx:8:61)
    at Router (C:\Users\Admin\graceful_books\node_modules\react-router\dist\umd\react-router.development.js:1207:17)
    at BrowserRouter (C:\Users\Admin\graceful_books\node_modules\react-router-dom\dist\umd\react-router-dom.development.js:695:7)

[90mstderr[2m | src/pages/auth/Signup.test.tsx[2m > [22m[2mSignup Page with Charity Selection[2m > [22m[2mcharity selection step[2m > [22m[2mshould enable Create Account button when charity is selected
[22m[39mWarning: An update to Signup inside a test was not wrapped in act(...).

When testing, code that causes React state updates should be wrapped into act(...):

act(() => {
  /* fire events that update state */
});
/* assert on the output */

This ensures that you're testing the behavior the user would see in the browser. Learn more at https://reactjs.org/link/wrap-tests-with-act
    at Signup (C:/Users/Admin/graceful_books/src/pages/auth/Signup.tsx:8:61)
    at Router (C:\Users\Admin\graceful_books\node_modules\react-router\dist\umd\react-router.development.js:1207:17)
    at BrowserRouter (C:\Users\Admin\graceful_books\node_modules\react-router-dom\dist\umd\react-router-dom.development.js:695:7)

[90mstderr[2m | src/pages/auth/Signup.test.tsx[2m > [22m[2mSignup Page with Charity Selection[2m > [22m[2mcharity selection step[2m > [22m[2mshould enable Create Account button when charity is selected
[22m[39mWarning: An update to Signup inside a test was not wrapped in act(...).

When testing, code that causes React state updates should be wrapped into act(...):

act(() => {
  /* fire events that update state */
});
/* assert on the output */

This ensures that you're testing the behavior the user would see in the browser. Learn more at https://reactjs.org/link/wrap-tests-with-act
    at Signup (C:/Users/Admin/graceful_books/src/pages/auth/Signup.tsx:8:61)
    at Router (C:\Users\Admin\graceful_books\node_modules\react-router\dist\umd\react-router.development.js:1207:17)
    at BrowserRouter (C:\Users\Admin\graceful_books\node_modules\react-router-dom\dist\umd\react-router-dom.development.js:695:7)

[90mstderr[2m | src/pages/auth/Signup.test.tsx[2m > [22m[2mSignup Page with Charity Selection[2m > [22m[2mcharity selection step[2m > [22m[2mshould enable Create Account button when charity is selected
[22m[39mWarning: An update to Signup inside a test was not wrapped in act(...).

When testing, code that causes React state updates should be wrapped into act(...):

act(() => {
  /* fire events that update state */
});
/* assert on the output */

This ensures that you're testing the behavior the user would see in the browser. Learn more at https://reactjs.org/link/wrap-tests-with-act
    at Signup (C:/Users/Admin/graceful_books/src/pages/auth/Signup.tsx:8:61)
    at Router (C:\Users\Admin\graceful_books\node_modules\react-router\dist\umd\react-router.development.js:1207:17)
    at BrowserRouter (C:\Users\Admin\graceful_books\node_modules\react-router-dom\dist\umd\react-router-dom.development.js:695:7)

[90mstderr[2m | src/pages/auth/Signup.test.tsx[2m > [22m[2mSignup Page with Charity Selection[2m > [22m[2mcharity selection step[2m > [22m[2mshould enable Create Account button when charity is selected
[22m[39mWarning: An update to Signup inside a test was not wrapped in act(...).

When testing, code that causes React state updates should be wrapped into act(...):

act(() => {
  /* fire events that update state */
});
/* assert on the output */

This ensures that you're testing the behavior the user would see in the browser. Learn more at https://reactjs.org/link/wrap-tests-with-act
    at Signup (C:/Users/Admin/graceful_books/src/pages/auth/Signup.tsx:8:61)
    at Router (C:\Users\Admin\graceful_books\node_modules\react-router\dist\umd\react-router.development.js:1207:17)
    at BrowserRouter (C:\Users\Admin\graceful_books\node_modules\react-router-dom\dist\umd\react-router-dom.development.js:695:7)

[90mstderr[2m | src/pages/auth/Signup.test.tsx[2m > [22m[2mSignup Page with Charity Selection[2m > [22m[2mcharity selection step[2m > [22m[2mshould enable Create Account button when charity is selected
[22m[39mWarning: An update to Signup inside a test was not wrapped in act(...).

When testing, code that causes React state updates should be wrapped into act(...):

act(() => {
  /* fire events that update state */
});
/* assert on the output */

This ensures that you're testing the behavior the user would see in the browser. Learn more at https://reactjs.org/link/wrap-tests-with-act
    at Signup (C:/Users/Admin/graceful_books/src/pages/auth/Signup.tsx:8:61)
    at Router (C:\Users\Admin\graceful_books\node_modules\react-router\dist\umd\react-router.development.js:1207:17)
    at BrowserRouter (C:\Users\Admin\graceful_books\node_modules\react-router-dom\dist\umd\react-router-dom.development.js:695:7)

[90mstderr[2m | src/pages/auth/Signup.test.tsx[2m > [22m[2mSignup Page with Charity Selection[2m > [22m[2mcharity selection step[2m > [22m[2mshould enable Create Account button when charity is selected
[22m[39mWarning: An update to Signup inside a test was not wrapped in act(...).

When testing, code that causes React state updates should be wrapped into act(...):

act(() => {
  /* fire events that update state */
});
/* assert on the output */

This ensures that you're testing the behavior the user would see in the browser. Learn more at https://reactjs.org/link/wrap-tests-with-act
    at Signup (C:/Users/Admin/graceful_books/src/pages/auth/Signup.tsx:8:61)
    at Router (C:\Users\Admin\graceful_books\node_modules\react-router\dist\umd\react-router.development.js:1207:17)
    at BrowserRouter (C:\Users\Admin\graceful_books\node_modules\react-router-dom\dist\umd\react-router-dom.development.js:695:7)

[90mstderr[2m | src/pages/auth/Signup.test.tsx[2m > [22m[2mSignup Page with Charity Selection[2m > [22m[2mcharity selection step[2m > [22m[2mshould enable Create Account button when charity is selected
[22m[39mWarning: An update to Signup inside a test was not wrapped in act(...).

When testing, code that causes React state updates should be wrapped into act(...):

act(() => {
  /* fire events that update state */
});
/* assert on the output */

This ensures that you're testing the behavior the user would see in the browser. Learn more at https://reactjs.org/link/wrap-tests-with-act
    at Signup (C:/Users/Admin/graceful_books/src/pages/auth/Signup.tsx:8:61)
    at Router (C:\Users\Admin\graceful_books\node_modules\react-router\dist\umd\react-router.development.js:1207:17)
    at BrowserRouter (C:\Users\Admin\graceful_books\node_modules\react-router-dom\dist\umd\react-router-dom.development.js:695:7)

[90mstderr[2m | src/pages/auth/Signup.test.tsx[2m > [22m[2mSignup Page with Charity Selection[2m > [22m[2mcharity selection step[2m > [22m[2mshould enable Create Account button when charity is selected
[22m[39mWarning: An update to Signup inside a test was not wrapped in act(...).

When testing, code that causes React state updates should be wrapped into act(...):

act(() => {
  /* fire events that update state */
});
/* assert on the output */

This ensures that you're testing the behavior the user would see in the browser. Learn more at https://reactjs.org/link/wrap-tests-with-act
    at Signup (C:/Users/Admin/graceful_books/src/pages/auth/Signup.tsx:8:61)
    at Router (C:\Users\Admin\graceful_books\node_modules\react-router\dist\umd\react-router.development.js:1207:17)
    at BrowserRouter (C:\Users\Admin\graceful_books\node_modules\react-router-dom\dist\umd\react-router-dom.development.js:695:7)

[90mstderr[2m | src/pages/auth/Signup.test.tsx[2m > [22m[2mSignup Page with Charity Selection[2m > [22m[2mcharity selection step[2m > [22m[2mshould enable Create Account button when charity is selected
[22m[39mWarning: An update to Signup inside a test was not wrapped in act(...).

When testing, code that causes React state updates should be wrapped into act(...):

act(() => {
  /* fire events that update state */
});
/* assert on the output */

This ensures that you're testing the behavior the user would see in the browser. Learn more at https://reactjs.org/link/wrap-tests-with-act
    at Signup (C:/Users/Admin/graceful_books/src/pages/auth/Signup.tsx:8:61)
    at Router (C:\Users\Admin\graceful_books\node_modules\react-router\dist\umd\react-router.development.js:1207:17)
    at BrowserRouter (C:\Users\Admin\graceful_books\node_modules\react-router-dom\dist\umd\react-router-dom.development.js:695:7)

[90mstderr[2m | src/pages/auth/Signup.test.tsx[2m > [22m[2mSignup Page with Charity Selection[2m > [22m[2mcharity selection step[2m > [22m[2mshould enable Create Account button when charity is selected
[22m[39mWarning: An update to Signup inside a test was not wrapped in act(...).

When testing, code that causes React state updates should be wrapped into act(...):

act(() => {
  /* fire events that update state */
});
/* assert on the output */

This ensures that you're testing the behavior the user would see in the browser. Learn more at https://reactjs.org/link/wrap-tests-with-act
    at Signup (C:/Users/Admin/graceful_books/src/pages/auth/Signup.tsx:8:61)
    at Router (C:\Users\Admin\graceful_books\node_modules\react-router\dist\umd\react-router.development.js:1207:17)
    at BrowserRouter (C:\Users\Admin\graceful_books\node_modules\react-router-dom\dist\umd\react-router-dom.development.js:695:7)

[90mstderr[2m | src/pages/auth/Signup.test.tsx[2m > [22m[2mSignup Page with Charity Selection[2m > [22m[2mcharity selection step[2m > [22m[2mshould enable Create Account button when charity is selected
[22m[39mWarning: An update to Signup inside a test was not wrapped in act(...).

When testing, code that causes React state updates should be wrapped into act(...):

act(() => {
  /* fire events that update state */
});
/* assert on the output */

This ensures that you're testing the behavior the user would see in the browser. Learn more at https://reactjs.org/link/wrap-tests-with-act
    at Signup (C:/Users/Admin/graceful_books/src/pages/auth/Signup.tsx:8:61)
    at Router (C:\Users\Admin\graceful_books\node_modules\react-router\dist\umd\react-router.development.js:1207:17)
    at BrowserRouter (C:\Users\Admin\graceful_books\node_modules\react-router-dom\dist\umd\react-router-dom.development.js:695:7)

[90mstderr[2m | src/pages/auth/Signup.test.tsx[2m > [22m[2mSignup Page with Charity Selection[2m > [22m[2mcharity selection step[2m > [22m[2mshould enable Create Account button when charity is selected
[22m[39mWarning: An update to Signup inside a test was not wrapped in act(...).

When testing, code that causes React state updates should be wrapped into act(...):

act(() => {
  /* fire events that update state */
});
/* assert on the output */

This ensures that you're testing the behavior the user would see in the browser. Learn more at https://reactjs.org/link/wrap-tests-with-act
    at Signup (C:/Users/Admin/graceful_books/src/pages/auth/Signup.tsx:8:61)
    at Router (C:\Users\Admin\graceful_books\node_modules\react-router\dist\umd\react-router.development.js:1207:17)
    at BrowserRouter (C:\Users\Admin\graceful_books\node_modules\react-router-dom\dist\umd\react-router-dom.development.js:695:7)

[90mstderr[2m | src/pages/auth/Signup.test.tsx[2m > [22m[2mSignup Page with Charity Selection[2m > [22m[2mcharity selection step[2m > [22m[2mshould enable Create Account button when charity is selected
[22m[39mWarning: An update to Signup inside a test was not wrapped in act(...).

When testing, code that causes React state updates should be wrapped into act(...):

act(() => {
  /* fire events that update state */
});
/* assert on the output */

This ensures that you're testing the behavior the user would see in the browser. Learn more at https://reactjs.org/link/wrap-tests-with-act
    at Signup (C:/Users/Admin/graceful_books/src/pages/auth/Signup.tsx:8:61)
    at Router (C:\Users\Admin\graceful_books\node_modules\react-router\dist\umd\react-router.development.js:1207:17)
    at BrowserRouter (C:\Users\Admin\graceful_books\node_modules\react-router-dom\dist\umd\react-router-dom.development.js:695:7)

[90mstderr[2m | src/pages/auth/Signup.test.tsx[2m > [22m[2mSignup Page with Charity Selection[2m > [22m[2mcharity selection step[2m > [22m[2mshould enable Create Account button when charity is selected
[22m[39mWarning: An update to Signup inside a test was not wrapped in act(...).

When testing, code that causes React state updates should be wrapped into act(...):

act(() => {
  /* fire events that update state */
});
/* assert on the output */

This ensures that you're testing the behavior the user would see in the browser. Learn more at https://reactjs.org/link/wrap-tests-with-act
    at Signup (C:/Users/Admin/graceful_books/src/pages/auth/Signup.tsx:8:61)
    at Router (C:\Users\Admin\graceful_books\node_modules\react-router\dist\umd\react-router.development.js:1207:17)
    at BrowserRouter (C:\Users\Admin\graceful_books\node_modules\react-router-dom\dist\umd\react-router-dom.development.js:695:7)

[90mstderr[2m | src/pages/auth/Signup.test.tsx[2m > [22m[2mSignup Page with Charity Selection[2m > [22m[2mcharity selection step[2m > [22m[2mshould enable Create Account button when charity is selected
[22m[39mWarning: An update to Signup inside a test was not wrapped in act(...).

When testing, code that causes React state updates should be wrapped into act(...):

act(() => {
  /* fire events that update state */
});
/* assert on the output */

This ensures that you're testing the behavior the user would see in the browser. Learn more at https://reactjs.org/link/wrap-tests-with-act
    at Signup (C:/Users/Admin/graceful_books/src/pages/auth/Signup.tsx:8:61)
    at Router (C:\Users\Admin\graceful_books\node_modules\react-router\dist\umd\react-router.development.js:1207:17)
    at BrowserRouter (C:\Users\Admin\graceful_books\node_modules\react-router-dom\dist\umd\react-router-dom.development.js:695:7)

[90mstderr[2m | src/pages/auth/Signup.test.tsx[2m > [22m[2mSignup Page with Charity Selection[2m > [22m[2mcharity selection step[2m > [22m[2mshould enable Create Account button when charity is selected
[22m[39mWarning: An update to Signup inside a test was not wrapped in act(...).

When testing, code that causes React state updates should be wrapped into act(...):

act(() => {
  /* fire events that update state */
});
/* assert on the output */

This ensures that you're testing the behavior the user would see in the browser. Learn more at https://reactjs.org/link/wrap-tests-with-act
    at Signup (C:/Users/Admin/graceful_books/src/pages/auth/Signup.tsx:8:61)
    at Router (C:\Users\Admin\graceful_books\node_modules\react-router\dist\umd\react-router.development.js:1207:17)
    at BrowserRouter (C:\Users\Admin\graceful_books\node_modules\react-router-dom\dist\umd\react-router-dom.development.js:695:7)

[90mstderr[2m | src/pages/auth/Signup.test.tsx[2m > [22m[2mSignup Page with Charity Selection[2m > [22m[2mcharity selection step[2m > [22m[2mshould enable Create Account button when charity is selected
[22m[39mWarning: An update to Signup inside a test was not wrapped in act(...).

When testing, code that causes React state updates should be wrapped into act(...):

act(() => {
  /* fire events that update state */
});
/* assert on the output */

This ensures that you're testing the behavior the user would see in the browser. Learn more at https://reactjs.org/link/wrap-tests-with-act
    at Signup (C:/Users/Admin/graceful_books/src/pages/auth/Signup.tsx:8:61)
    at Router (C:\Users\Admin\graceful_books\node_modules\react-router\dist\umd\react-router.development.js:1207:17)
    at BrowserRouter (C:\Users\Admin\graceful_books\node_modules\react-router-dom\dist\umd\react-router-dom.development.js:695:7)

[90mstderr[2m | src/pages/auth/Signup.test.tsx[2m > [22m[2mSignup Page with Charity Selection[2m > [22m[2mcharity selection step[2m > [22m[2mshould enable Create Account button when charity is selected
[22m[39mWarning: An update to Signup inside a test was not wrapped in act(...).

When testing, code that causes React state updates should be wrapped into act(...):

act(() => {
  /* fire events that update state */
});
/* assert on the output */

This ensures that you're testing the behavior the user would see in the browser. Learn more at https://reactjs.org/link/wrap-tests-with-act
    at Signup (C:/Users/Admin/graceful_books/src/pages/auth/Signup.tsx:8:61)
    at Router (C:\Users\Admin\graceful_books\node_modules\react-router\dist\umd\react-router.development.js:1207:17)
    at BrowserRouter (C:\Users\Admin\graceful_books\node_modules\react-router-dom\dist\umd\react-router-dom.development.js:695:7)

[90mstderr[2m | src/pages/auth/Signup.test.tsx[2m > [22m[2mSignup Page with Charity Selection[2m > [22m[2mcharity selection step[2m > [22m[2mshould enable Create Account button when charity is selected
[22m[39mWarning: An update to Signup inside a test was not wrapped in act(...).

When testing, code that causes React state updates should be wrapped into act(...):

act(() => {
  /* fire events that update state */
});
/* assert on the output */

This ensures that you're testing the behavior the user would see in the browser. Learn more at https://reactjs.org/link/wrap-tests-with-act
    at Signup (C:/Users/Admin/graceful_books/src/pages/auth/Signup.tsx:8:61)
    at Router (C:\Users\Admin\graceful_books\node_modules\react-router\dist\umd\react-router.development.js:1207:17)
    at BrowserRouter (C:\Users\Admin\graceful_books\node_modules\react-router-dom\dist\umd\react-router-dom.development.js:695:7)

[90mstderr[2m | src/pages/auth/Signup.test.tsx[2m > [22m[2mSignup Page with Charity Selection[2m > [22m[2mcharity selection step[2m > [22m[2mshould enable Create Account button when charity is selected
[22m[39mWarning: An update to Signup inside a test was not wrapped in act(...).

When testing, code that causes React state updates should be wrapped into act(...):

act(() => {
  /* fire events that update state */
});
/* assert on the output */

This ensures that you're testing the behavior the user would see in the browser. Learn more at https://reactjs.org/link/wrap-tests-with-act
    at Signup (C:/Users/Admin/graceful_books/src/pages/auth/Signup.tsx:8:61)
    at Router (C:\Users\Admin\graceful_books\node_modules\react-router\dist\umd\react-router.development.js:1207:17)
    at BrowserRouter (C:\Users\Admin\graceful_books\node_modules\react-router-dom\dist\umd\react-router-dom.development.js:695:7)

[90mstderr[2m | src/pages/auth/Signup.test.tsx[2m > [22m[2mSignup Page with Charity Selection[2m > [22m[2mcharity selection step[2m > [22m[2mshould enable Create Account button when charity is selected
[22m[39mWarning: An update to Signup inside a test was not wrapped in act(...).

When testing, code that causes React state updates should be wrapped into act(...):

act(() => {
  /* fire events that update state */
});
/* assert on the output */

This ensures that you're testing the behavior the user would see in the browser. Learn more at https://reactjs.org/link/wrap-tests-with-act
    at Signup (C:/Users/Admin/graceful_books/src/pages/auth/Signup.tsx:8:61)
    at Router (C:\Users\Admin\graceful_books\node_modules\react-router\dist\umd\react-router.development.js:1207:17)
    at BrowserRouter (C:\Users\Admin\graceful_books\node_modules\react-router-dom\dist\umd\react-router-dom.development.js:695:7)

[90mstderr[2m | src/pages/auth/Signup.test.tsx[2m > [22m[2mSignup Page with Charity Selection[2m > [22m[2mcharity selection step[2m > [22m[2mshould enable Create Account button when charity is selected
[22m[39mWarning: An update to Signup inside a test was not wrapped in act(...).

When testing, code that causes React state updates should be wrapped into act(...):

act(() => {
  /* fire events that update state */
});
/* assert on the output */

This ensures that you're testing the behavior the user would see in the browser. Learn more at https://reactjs.org/link/wrap-tests-with-act
    at Signup (C:/Users/Admin/graceful_books/src/pages/auth/Signup.tsx:8:61)
    at Router (C:\Users\Admin\graceful_books\node_modules\react-router\dist\umd\react-router.development.js:1207:17)
    at BrowserRouter (C:\Users\Admin\graceful_books\node_modules\react-router-dom\dist\umd\react-router-dom.development.js:695:7)

[90mstderr[2m | src/pages/auth/Signup.test.tsx[2m > [22m[2mSignup Page with Charity Selection[2m > [22m[2mcharity selection step[2m > [22m[2mshould enable Create Account button when charity is selected
[22m[39mWarning: An update to Signup inside a test was not wrapped in act(...).

When testing, code that causes React state updates should be wrapped into act(...):

act(() => {
  /* fire events that update state */
});
/* assert on the output */

This ensures that you're testing the behavior the user would see in the browser. Learn more at https://reactjs.org/link/wrap-tests-with-act
    at Signup (C:/Users/Admin/graceful_books/src/pages/auth/Signup.tsx:8:61)
    at Router (C:\Users\Admin\graceful_books\node_modules\react-router\dist\umd\react-router.development.js:1207:17)
    at BrowserRouter (C:\Users\Admin\graceful_books\node_modules\react-router-dom\dist\umd\react-router-dom.development.js:695:7)

[90mstderr[2m | src/pages/auth/Signup.test.tsx[2m > [22m[2mSignup Page with Charity Selection[2m > [22m[2mcharity selection step[2m > [22m[2mshould enable Create Account button when charity is selected
[22m[39mWarning: An update to Signup inside a test was not wrapped in act(...).

When testing, code that causes React state updates should be wrapped into act(...):

act(() => {
  /* fire events that update state */
});
/* assert on the output */

This ensures that you're testing the behavior the user would see in the browser. Learn more at https://reactjs.org/link/wrap-tests-with-act
    at Signup (C:/Users/Admin/graceful_books/src/pages/auth/Signup.tsx:8:61)
    at Router (C:\Users\Admin\graceful_books\node_modules\react-router\dist\umd\react-router.development.js:1207:17)
    at BrowserRouter (C:\Users\Admin\graceful_books\node_modules\react-router-dom\dist\umd\react-router-dom.development.js:695:7)

[90mstderr[2m | src/pages/auth/Signup.test.tsx[2m > [22m[2mSignup Page with Charity Selection[2m > [22m[2mcharity selection step[2m > [22m[2mshould enable Create Account button when charity is selected
[22m[39mWarning: An update to Signup inside a test was not wrapped in act(...).

When testing, code that causes React state updates should be wrapped into act(...):

act(() => {
  /* fire events that update state */
});
/* assert on the output */

This ensures that you're testing the behavior the user would see in the browser. Learn more at https://reactjs.org/link/wrap-tests-with-act
    at Signup (C:/Users/Admin/graceful_books/src/pages/auth/Signup.tsx:8:61)
    at Router (C:\Users\Admin\graceful_books\node_modules\react-router\dist\umd\react-router.development.js:1207:17)
    at BrowserRouter (C:\Users\Admin\graceful_books\node_modules\react-router-dom\dist\umd\react-router-dom.development.js:695:7)

[90mstderr[2m | src/pages/auth/Signup.test.tsx[2m > [22m[2mSignup Page with Charity Selection[2m > [22m[2mcharity selection step[2m > [22m[2mshould enable Create Account button when charity is selected
[22m[39mWarning: An update to Signup inside a test was not wrapped in act(...).

When testing, code that causes React state updates should be wrapped into act(...):

act(() => {
  /* fire events that update state */
});
/* assert on the output */

This ensures that you're testing the behavior the user would see in the browser. Learn more at https://reactjs.org/link/wrap-tests-with-act
    at Signup (C:/Users/Admin/graceful_books/src/pages/auth/Signup.tsx:8:61)
    at Router (C:\Users\Admin\graceful_books\node_modules\react-router\dist\umd\react-router.development.js:1207:17)
    at BrowserRouter (C:\Users\Admin\graceful_books\node_modules\react-router-dom\dist\umd\react-router-dom.development.js:695:7)

[90mstderr[2m | src/pages/auth/Signup.test.tsx[2m > [22m[2mSignup Page with Charity Selection[2m > [22m[2mcharity selection step[2m > [22m[2mshould enable Create Account button when charity is selected
[22m[39mWarning: An update to Signup inside a test was not wrapped in act(...).

When testing, code that causes React state updates should be wrapped into act(...):

act(() => {
  /* fire events that update state */
});
/* assert on the output */

This ensures that you're testing the behavior the user would see in the browser. Learn more at https://reactjs.org/link/wrap-tests-with-act
    at Signup (C:/Users/Admin/graceful_books/src/pages/auth/Signup.tsx:8:61)
    at Router (C:\Users\Admin\graceful_books\node_modules\react-router\dist\umd\react-router.development.js:1207:17)
    at BrowserRouter (C:\Users\Admin\graceful_books\node_modules\react-router-dom\dist\umd\react-router-dom.development.js:695:7)

[90mstderr[2m | src/pages/auth/Signup.test.tsx[2m > [22m[2mSignup Page with Charity Selection[2m > [22m[2mcharity selection step[2m > [22m[2mshould enable Create Account button when charity is selected
[22m[39mWarning: An update to Signup inside a test was not wrapped in act(...).

When testing, code that causes React state updates should be wrapped into act(...):

act(() => {
  /* fire events that update state */
});
/* assert on the output */

This ensures that you're testing the behavior the user would see in the browser. Learn more at https://reactjs.org/link/wrap-tests-with-act
    at Signup (C:/Users/Admin/graceful_books/src/pages/auth/Signup.tsx:8:61)
    at Router (C:\Users\Admin\graceful_books\node_modules\react-router\dist\umd\react-router.development.js:1207:17)
    at BrowserRouter (C:\Users\Admin\graceful_books\node_modules\react-router-dom\dist\umd\react-router-dom.development.js:695:7)

[90mstderr[2m | src/pages/auth/Signup.test.tsx[2m > [22m[2mSignup Page with Charity Selection[2m > [22m[2mcharity selection step[2m > [22m[2mshould enable Create Account button when charity is selected
[22m[39mWarning: An update to Signup inside a test was not wrapped in act(...).

When testing, code that causes React state updates should be wrapped into act(...):

act(() => {
  /* fire events that update state */
});
/* assert on the output */

This ensures that you're testing the behavior the user would see in the browser. Learn more at https://reactjs.org/link/wrap-tests-with-act
    at Signup (C:/Users/Admin/graceful_books/src/pages/auth/Signup.tsx:8:61)
    at Router (C:\Users\Admin\graceful_books\node_modules\react-router\dist\umd\react-router.development.js:1207:17)
    at BrowserRouter (C:\Users\Admin\graceful_books\node_modules\react-router-dom\dist\umd\react-router-dom.development.js:695:7)

[90mstderr[2m | src/pages/auth/Signup.test.tsx[2m > [22m[2mSignup Page with Charity Selection[2m > [22m[2mcharity selection step[2m > [22m[2mshould enable Create Account button when charity is selected
[22m[39mWarning: An update to Signup inside a test was not wrapped in act(...).

When testing, code that causes React state updates should be wrapped into act(...):

act(() => {
  /* fire events that update state */
});
/* assert on the output */

This ensures that you're testing the behavior the user would see in the browser. Learn more at https://reactjs.org/link/wrap-tests-with-act
    at Signup (C:/Users/Admin/graceful_books/src/pages/auth/Signup.tsx:8:61)
    at Router (C:\Users\Admin\graceful_books\node_modules\react-router\dist\umd\react-router.development.js:1207:17)
    at BrowserRouter (C:\Users\Admin\graceful_books\node_modules\react-router-dom\dist\umd\react-router-dom.development.js:695:7)

[90mstderr[2m | src/pages/auth/Signup.test.tsx[2m > [22m[2mSignup Page with Charity Selection[2m > [22m[2mcharity selection step[2m > [22m[2mshould enable Create Account button when charity is selected
[22m[39mWarning: An update to Signup inside a test was not wrapped in act(...).

When testing, code that causes React state updates should be wrapped into act(...):

act(() => {
  /* fire events that update state */
});
/* assert on the output */

This ensures that you're testing the behavior the user would see in the browser. Learn more at https://reactjs.org/link/wrap-tests-with-act
    at Signup (C:/Users/Admin/graceful_books/src/pages/auth/Signup.tsx:8:61)
    at Router (C:\Users\Admin\graceful_books\node_modules\react-router\dist\umd\react-router.development.js:1207:17)
    at BrowserRouter (C:\Users\Admin\graceful_books\node_modules\react-router-dom\dist\umd\react-router-dom.development.js:695:7)

[90mstderr[2m | src/pages/auth/Signup.test.tsx[2m > [22m[2mSignup Page with Charity Selection[2m > [22m[2mcharity selection step[2m > [22m[2mshould enable Create Account button when charity is selected
[22m[39mWarning: An update to Signup inside a test was not wrapped in act(...).

When testing, code that causes React state updates should be wrapped into act(...):

act(() => {
  /* fire events that update state */
});
/* assert on the output */

This ensures that you're testing the behavior the user would see in the browser. Learn more at https://reactjs.org/link/wrap-tests-with-act
    at Signup (C:/Users/Admin/graceful_books/src/pages/auth/Signup.tsx:8:61)
    at Router (C:\Users\Admin\graceful_books\node_modules\react-router\dist\umd\react-router.development.js:1207:17)
    at BrowserRouter (C:\Users\Admin\graceful_books\node_modules\react-router-dom\dist\umd\react-router-dom.development.js:695:7)

[90mstderr[2m | src/pages/auth/Signup.test.tsx[2m > [22m[2mSignup Page with Charity Selection[2m > [22m[2mcharity selection step[2m > [22m[2mshould enable Create Account button when charity is selected
[22m[39mWarning: An update to Signup inside a test was not wrapped in act(...).

When testing, code that causes React state updates should be wrapped into act(...):

act(() => {
  /* fire events that update state */
});
/* assert on the output */

This ensures that you're testing the behavior the user would see in the browser. Learn more at https://reactjs.org/link/wrap-tests-with-act
    at Signup (C:/Users/Admin/graceful_books/src/pages/auth/Signup.tsx:8:61)
    at Router (C:\Users\Admin\graceful_books\node_modules\react-router\dist\umd\react-router.development.js:1207:17)
    at BrowserRouter (C:\Users\Admin\graceful_books\node_modules\react-router-dom\dist\umd\react-router-dom.development.js:695:7)

[90mstderr[2m | src/pages/auth/Signup.test.tsx[2m > [22m[2mSignup Page with Charity Selection[2m > [22m[2mcharity selection step[2m > [22m[2mshould enable Create Account button when charity is selected
[22m[39mWarning: An update to CharitySelector inside a test was not wrapped in act(...).

When testing, code that causes React state updates should be wrapped into act(...):

act(() => {
  /* fire events that update state */
});
/* assert on the output */

This ensures that you're testing the behavior the user would see in the browser. Learn more at https://reactjs.org/link/wrap-tests-with-act
    at CharitySelector (C:/Users/Admin/graceful_books/src/components/charity/CharitySelector.tsx:9:3)
    at div
    at div
    at Signup (C:/Users/Admin/graceful_books/src/pages/auth/Signup.tsx:8:61)
    at Router (C:\Users\Admin\graceful_books\node_modules\react-router\dist\umd\react-router.development.js:1207:17)
    at BrowserRouter (C:\Users\Admin\graceful_books\node_modules\react-router-dom\dist\umd\react-router-dom.development.js:695:7)
Warning: An update to CharitySelector inside a test was not wrapped in act(...).

When testing, code that causes React state updates should be wrapped into act(...):

act(() => {
  /* fire events that update state */
});
/* assert on the output */

This ensures that you're testing the behavior the user would see in the browser. Learn more at https://reactjs.org/link/wrap-tests-with-act
    at CharitySelector (C:/Users/Admin/graceful_books/src/components/charity/CharitySelector.tsx:9:3)
    at div
    at div
    at Signup (C:/Users/Admin/graceful_books/src/pages/auth/Signup.tsx:8:61)
    at Router (C:\Users\Admin\graceful_books\node_modules\react-router\dist\umd\react-router.development.js:1207:17)
    at BrowserRouter (C:\Users\Admin\graceful_books\node_modules\react-router-dom\dist\umd\react-router-dom.development.js:695:7)

[90mstderr[2m | src/pages/auth/Signup.test.tsx[2m > [22m[2mSignup Page with Charity Selection[2m > [22m[2mcharity selection step[2m > [22m[2mshould enable Create Account button when charity is selected
[22m[39mWarning: An update to Signup inside a test was not wrapped in act(...).

When testing, code that causes React state updates should be wrapped into act(...):

act(() => {
  /* fire events that update state */
});
/* assert on the output */

This ensures that you're testing the behavior the user would see in the browser. Learn more at https://reactjs.org/link/wrap-tests-with-act
    at Signup (C:/Users/Admin/graceful_books/src/pages/auth/Signup.tsx:8:61)
    at Router (C:\Users\Admin\graceful_books\node_modules\react-router\dist\umd\react-router.development.js:1207:17)
    at BrowserRouter (C:\Users\Admin\graceful_books\node_modules\react-router-dom\dist\umd\react-router-dom.development.js:695:7)

[90mstderr[2m | src/pages/auth/Signup.test.tsx[2m > [22m[2mSignup Page with Charity Selection[2m > [22m[2mcharity selection step[2m > [22m[2mshould go back to credentials step when Back is clicked
[22m[39mWarning: An update to Signup inside a test was not wrapped in act(...).

When testing, code that causes React state updates should be wrapped into act(...):

act(() => {
  /* fire events that update state */
});
/* assert on the output */

This ensures that you're testing the behavior the user would see in the browser. Learn more at https://reactjs.org/link/wrap-tests-with-act
    at Signup (C:/Users/Admin/graceful_books/src/pages/auth/Signup.tsx:8:61)
    at Router (C:\Users\Admin\graceful_books\node_modules\react-router\dist\umd\react-router.development.js:1207:17)
    at BrowserRouter (C:\Users\Admin\graceful_books\node_modules\react-router-dom\dist\umd\react-router-dom.development.js:695:7)

[90mstderr[2m | src/pages/auth/Signup.test.tsx[2m > [22m[2mSignup Page with Charity Selection[2m > [22m[2mcharity selection step[2m > [22m[2mshould go back to credentials step when Back is clicked
[22m[39mWarning: An update to Signup inside a test was not wrapped in act(...).

When testing, code that causes React state updates should be wrapped into act(...):

act(() => {
  /* fire events that update state */
});
/* assert on the output */

This ensures that you're testing the behavior the user would see in the browser. Learn more at https://reactjs.org/link/wrap-tests-with-act
    at Signup (C:/Users/Admin/graceful_books/src/pages/auth/Signup.tsx:8:61)
    at Router (C:\Users\Admin\graceful_books\node_modules\react-router\dist\umd\react-router.development.js:1207:17)
    at BrowserRouter (C:\Users\Admin\graceful_books\node_modules\react-router-dom\dist\umd\react-router-dom.development.js:695:7)

[90mstderr[2m | src/pages/auth/Signup.test.tsx[2m > [22m[2mSignup Page with Charity Selection[2m > [22m[2mcharity selection step[2m > [22m[2mshould go back to credentials step when Back is clicked
[22m[39mWarning: An update to Signup inside a test was not wrapped in act(...).

When testing, code that causes React state updates should be wrapped into act(...):

act(() => {
  /* fire events that update state */
});
/* assert on the output */

This ensures that you're testing the behavior the user would see in the browser. Learn more at https://reactjs.org/link/wrap-tests-with-act
    at Signup (C:/Users/Admin/graceful_books/src/pages/auth/Signup.tsx:8:61)
    at Router (C:\Users\Admin\graceful_books\node_modules\react-router\dist\umd\react-router.development.js:1207:17)
    at BrowserRouter (C:\Users\Admin\graceful_books\node_modules\react-router-dom\dist\umd\react-router-dom.development.js:695:7)

[90mstderr[2m | src/pages/auth/Signup.test.tsx[2m > [22m[2mSignup Page with Charity Selection[2m > [22m[2mcharity selection step[2m > [22m[2mshould go back to credentials step when Back is clicked
[22m[39mWarning: An update to Signup inside a test was not wrapped in act(...).

When testing, code that causes React state updates should be wrapped into act(...):

act(() => {
  /* fire events that update state */
});
/* assert on the output */

This ensures that you're testing the behavior the user would see in the browser. Learn more at https://reactjs.org/link/wrap-tests-with-act
    at Signup (C:/Users/Admin/graceful_books/src/pages/auth/Signup.tsx:8:61)
    at Router (C:\Users\Admin\graceful_books\node_modules\react-router\dist\umd\react-router.development.js:1207:17)
    at BrowserRouter (C:\Users\Admin\graceful_books\node_modules\react-router-dom\dist\umd\react-router-dom.development.js:695:7)

[90mstderr[2m | src/pages/auth/Signup.test.tsx[2m > [22m[2mSignup Page with Charity Selection[2m > [22m[2mcharity selection step[2m > [22m[2mshould go back to credentials step when Back is clicked
[22m[39mWarning: An update to Signup inside a test was not wrapped in act(...).

When testing, code that causes React state updates should be wrapped into act(...):

act(() => {
  /* fire events that update state */
});
/* assert on the output */

This ensures that you're testing the behavior the user would see in the browser. Learn more at https://reactjs.org/link/wrap-tests-with-act
    at Signup (C:/Users/Admin/graceful_books/src/pages/auth/Signup.tsx:8:61)
    at Router (C:\Users\Admin\graceful_books\node_modules\react-router\dist\umd\react-router.development.js:1207:17)
    at BrowserRouter (C:\Users\Admin\graceful_books\node_modules\react-router-dom\dist\umd\react-router-dom.development.js:695:7)

[90mstderr[2m | src/pages/auth/Signup.test.tsx[2m > [22m[2mSignup Page with Charity Selection[2m > [22m[2mcharity selection step[2m > [22m[2mshould go back to credentials step when Back is clicked
[22m[39mWarning: An update to Signup inside a test was not wrapped in act(...).

When testing, code that causes React state updates should be wrapped into act(...):

act(() => {
  /* fire events that update state */
});
/* assert on the output */

This ensures that you're testing the behavior the user would see in the browser. Learn more at https://reactjs.org/link/wrap-tests-with-act
    at Signup (C:/Users/Admin/graceful_books/src/pages/auth/Signup.tsx:8:61)
    at Router (C:\Users\Admin\graceful_books\node_modules\react-router\dist\umd\react-router.development.js:1207:17)
    at BrowserRouter (C:\Users\Admin\graceful_books\node_modules\react-router-dom\dist\umd\react-router-dom.development.js:695:7)

[90mstderr[2m | src/pages/auth/Signup.test.tsx[2m > [22m[2mSignup Page with Charity Selection[2m > [22m[2mcharity selection step[2m > [22m[2mshould go back to credentials step when Back is clicked
[22m[39mWarning: An update to Signup inside a test was not wrapped in act(...).

When testing, code that causes React state updates should be wrapped into act(...):

act(() => {
  /* fire events that update state */
});
/* assert on the output */

This ensures that you're testing the behavior the user would see in the browser. Learn more at https://reactjs.org/link/wrap-tests-with-act
    at Signup (C:/Users/Admin/graceful_books/src/pages/auth/Signup.tsx:8:61)
    at Router (C:\Users\Admin\graceful_books\node_modules\react-router\dist\umd\react-router.development.js:1207:17)
    at BrowserRouter (C:\Users\Admin\graceful_books\node_modules\react-router-dom\dist\umd\react-router-dom.development.js:695:7)

[90mstderr[2m | src/pages/auth/Signup.test.tsx[2m > [22m[2mSignup Page with Charity Selection[2m > [22m[2mcharity selection step[2m > [22m[2mshould go back to credentials step when Back is clicked
[22m[39mWarning: An update to Signup inside a test was not wrapped in act(...).

When testing, code that causes React state updates should be wrapped into act(...):

act(() => {
  /* fire events that update state */
});
/* assert on the output */

This ensures that you're testing the behavior the user would see in the browser. Learn more at https://reactjs.org/link/wrap-tests-with-act
    at Signup (C:/Users/Admin/graceful_books/src/pages/auth/Signup.tsx:8:61)
    at Router (C:\Users\Admin\graceful_books\node_modules\react-router\dist\umd\react-router.development.js:1207:17)
    at BrowserRouter (C:\Users\Admin\graceful_books\node_modules\react-router-dom\dist\umd\react-router-dom.development.js:695:7)

[90mstderr[2m | src/pages/auth/Signup.test.tsx[2m > [22m[2mSignup Page with Charity Selection[2m > [22m[2mcharity selection step[2m > [22m[2mshould go back to credentials step when Back is clicked
[22m[39mWarning: An update to Signup inside a test was not wrapped in act(...).

When testing, code that causes React state updates should be wrapped into act(...):

act(() => {
  /* fire events that update state */
});
/* assert on the output */

This ensures that you're testing the behavior the user would see in the browser. Learn more at https://reactjs.org/link/wrap-tests-with-act
    at Signup (C:/Users/Admin/graceful_books/src/pages/auth/Signup.tsx:8:61)
    at Router (C:\Users\Admin\graceful_books\node_modules\react-router\dist\umd\react-router.development.js:1207:17)
    at BrowserRouter (C:\Users\Admin\graceful_books\node_modules\react-router-dom\dist\umd\react-router-dom.development.js:695:7)

[90mstderr[2m | src/pages/auth/Signup.test.tsx[2m > [22m[2mSignup Page with Charity Selection[2m > [22m[2mcharity selection step[2m > [22m[2mshould go back to credentials step when Back is clicked
[22m[39mWarning: An update to Signup inside a test was not wrapped in act(...).

When testing, code that causes React state updates should be wrapped into act(...):

act(() => {
  /* fire events that update state */
});
/* assert on the output */

This ensures that you're testing the behavior the user would see in the browser. Learn more at https://reactjs.org/link/wrap-tests-with-act
    at Signup (C:/Users/Admin/graceful_books/src/pages/auth/Signup.tsx:8:61)
    at Router (C:\Users\Admin\graceful_books\node_modules\react-router\dist\umd\react-router.development.js:1207:17)
    at BrowserRouter (C:\Users\Admin\graceful_books\node_modules\react-router-dom\dist\umd\react-router-dom.development.js:695:7)

[90mstderr[2m | src/pages/auth/Signup.test.tsx[2m > [22m[2mSignup Page with Charity Selection[2m > [22m[2mcharity selection step[2m > [22m[2mshould go back to credentials step when Back is clicked
[22m[39mWarning: An update to Signup inside a test was not wrapped in act(...).

When testing, code that causes React state updates should be wrapped into act(...):

act(() => {
  /* fire events that update state */
});
/* assert on the output */

This ensures that you're testing the behavior the user would see in the browser. Learn more at https://reactjs.org/link/wrap-tests-with-act
    at Signup (C:/Users/Admin/graceful_books/src/pages/auth/Signup.tsx:8:61)
    at Router (C:\Users\Admin\graceful_books\node_modules\react-router\dist\umd\react-router.development.js:1207:17)
    at BrowserRouter (C:\Users\Admin\graceful_books\node_modules\react-router-dom\dist\umd\react-router-dom.development.js:695:7)

[90mstderr[2m | src/pages/auth/Signup.test.tsx[2m > [22m[2mSignup Page with Charity Selection[2m > [22m[2mcharity selection step[2m > [22m[2mshould go back to credentials step when Back is clicked
[22m[39mWarning: An update to Signup inside a test was not wrapped in act(...).

When testing, code that causes React state updates should be wrapped into act(...):

act(() => {
  /* fire events that update state */
});
/* assert on the output */

This ensures that you're testing the behavior the user would see in the browser. Learn more at https://reactjs.org/link/wrap-tests-with-act
    at Signup (C:/Users/Admin/graceful_books/src/pages/auth/Signup.tsx:8:61)
    at Router (C:\Users\Admin\graceful_books\node_modules\react-router\dist\umd\react-router.development.js:1207:17)
    at BrowserRouter (C:\Users\Admin\graceful_books\node_modules\react-router-dom\dist\umd\react-router-dom.development.js:695:7)

[90mstderr[2m | src/pages/auth/Signup.test.tsx[2m > [22m[2mSignup Page with Charity Selection[2m > [22m[2mcharity selection step[2m > [22m[2mshould go back to credentials step when Back is clicked
[22m[39mWarning: An update to Signup inside a test was not wrapped in act(...).

When testing, code that causes React state updates should be wrapped into act(...):

act(() => {
  /* fire events that update state */
});
/* assert on the output */

This ensures that you're testing the behavior the user would see in the browser. Learn more at https://reactjs.org/link/wrap-tests-with-act
    at Signup (C:/Users/Admin/graceful_books/src/pages/auth/Signup.tsx:8:61)
    at Router (C:\Users\Admin\graceful_books\node_modules\react-router\dist\umd\react-router.development.js:1207:17)
    at BrowserRouter (C:\Users\Admin\graceful_books\node_modules\react-router-dom\dist\umd\react-router-dom.development.js:695:7)

[90mstderr[2m | src/pages/auth/Signup.test.tsx[2m > [22m[2mSignup Page with Charity Selection[2m > [22m[2mcharity selection step[2m > [22m[2mshould go back to credentials step when Back is clicked
[22m[39mWarning: An update to Signup inside a test was not wrapped in act(...).

When testing, code that causes React state updates should be wrapped into act(...):

act(() => {
  /* fire events that update state */
});
/* assert on the output */

This ensures that you're testing the behavior the user would see in the browser. Learn more at https://reactjs.org/link/wrap-tests-with-act
    at Signup (C:/Users/Admin/graceful_books/src/pages/auth/Signup.tsx:8:61)
    at Router (C:\Users\Admin\graceful_books\node_modules\react-router\dist\umd\react-router.development.js:1207:17)
    at BrowserRouter (C:\Users\Admin\graceful_books\node_modules\react-router-dom\dist\umd\react-router-dom.development.js:695:7)

[90mstderr[2m | src/pages/auth/Signup.test.tsx[2m > [22m[2mSignup Page with Charity Selection[2m > [22m[2mcharity selection step[2m > [22m[2mshould go back to credentials step when Back is clicked
[22m[39mWarning: An update to Signup inside a test was not wrapped in act(...).

When testing, code that causes React state updates should be wrapped into act(...):

act(() => {
  /* fire events that update state */
});
/* assert on the output */

This ensures that you're testing the behavior the user would see in the browser. Learn more at https://reactjs.org/link/wrap-tests-with-act
    at Signup (C:/Users/Admin/graceful_books/src/pages/auth/Signup.tsx:8:61)
    at Router (C:\Users\Admin\graceful_books\node_modules\react-router\dist\umd\react-router.development.js:1207:17)
    at BrowserRouter (C:\Users\Admin\graceful_books\node_modules\react-router-dom\dist\umd\react-router-dom.development.js:695:7)

[90mstderr[2m | src/pages/auth/Signup.test.tsx[2m > [22m[2mSignup Page with Charity Selection[2m > [22m[2mcharity selection step[2m > [22m[2mshould go back to credentials step when Back is clicked
[22m[39mWarning: An update to Signup inside a test was not wrapped in act(...).

When testing, code that causes React state updates should be wrapped into act(...):

act(() => {
  /* fire events that update state */
});
/* assert on the output */

This ensures that you're testing the behavior the user would see in the browser. Learn more at https://reactjs.org/link/wrap-tests-with-act
    at Signup (C:/Users/Admin/graceful_books/src/pages/auth/Signup.tsx:8:61)
    at Router (C:\Users\Admin\graceful_books\node_modules\react-router\dist\umd\react-router.development.js:1207:17)
    at BrowserRouter (C:\Users\Admin\graceful_books\node_modules\react-router-dom\dist\umd\react-router-dom.development.js:695:7)

[90mstderr[2m | src/pages/auth/Signup.test.tsx[2m > [22m[2mSignup Page with Charity Selection[2m > [22m[2mcharity selection step[2m > [22m[2mshould go back to credentials step when Back is clicked
[22m[39mWarning: An update to Signup inside a test was not wrapped in act(...).

When testing, code that causes React state updates should be wrapped into act(...):

act(() => {
  /* fire events that update state */
});
/* assert on the output */

This ensures that you're testing the behavior the user would see in the browser. Learn more at https://reactjs.org/link/wrap-tests-with-act
    at Signup (C:/Users/Admin/graceful_books/src/pages/auth/Signup.tsx:8:61)
    at Router (C:\Users\Admin\graceful_books\node_modules\react-router\dist\umd\react-router.development.js:1207:17)
    at BrowserRouter (C:\Users\Admin\graceful_books\node_modules\react-router-dom\dist\umd\react-router-dom.development.js:695:7)

[90mstderr[2m | src/pages/auth/Signup.test.tsx[2m > [22m[2mSignup Page with Charity Selection[2m > [22m[2mcharity selection step[2m > [22m[2mshould go back to credentials step when Back is clicked
[22m[39mWarning: An update to Signup inside a test was not wrapped in act(...).

When testing, code that causes React state updates should be wrapped into act(...):

act(() => {
  /* fire events that update state */
});
/* assert on the output */

This ensures that you're testing the behavior the user would see in the browser. Learn more at https://reactjs.org/link/wrap-tests-with-act
    at Signup (C:/Users/Admin/graceful_books/src/pages/auth/Signup.tsx:8:61)
    at Router (C:\Users\Admin\graceful_books\node_modules\react-router\dist\umd\react-router.development.js:1207:17)
    at BrowserRouter (C:\Users\Admin\graceful_books\node_modules\react-router-dom\dist\umd\react-router-dom.development.js:695:7)

[90mstderr[2m | src/pages/auth/Signup.test.tsx[2m > [22m[2mSignup Page with Charity Selection[2m > [22m[2mcharity selection step[2m > [22m[2mshould go back to credentials step when Back is clicked
[22m[39mWarning: An update to Signup inside a test was not wrapped in act(...).

When testing, code that causes React state updates should be wrapped into act(...):

act(() => {
  /* fire events that update state */
});
/* assert on the output */

This ensures that you're testing the behavior the user would see in the browser. Learn more at https://reactjs.org/link/wrap-tests-with-act
    at Signup (C:/Users/Admin/graceful_books/src/pages/auth/Signup.tsx:8:61)
    at Router (C:\Users\Admin\graceful_books\node_modules\react-router\dist\umd\react-router.development.js:1207:17)
    at BrowserRouter (C:\Users\Admin\graceful_books\node_modules\react-router-dom\dist\umd\react-router-dom.development.js:695:7)

[90mstderr[2m | src/pages/auth/Signup.test.tsx[2m > [22m[2mSignup Page with Charity Selection[2m > [22m[2mcharity selection step[2m > [22m[2mshould go back to credentials step when Back is clicked
[22m[39mWarning: An update to Signup inside a test was not wrapped in act(...).

When testing, code that causes React state updates should be wrapped into act(...):

act(() => {
  /* fire events that update state */
});
/* assert on the output */

This ensures that you're testing the behavior the user would see in the browser. Learn more at https://reactjs.org/link/wrap-tests-with-act
    at Signup (C:/Users/Admin/graceful_books/src/pages/auth/Signup.tsx:8:61)
    at Router (C:\Users\Admin\graceful_books\node_modules\react-router\dist\umd\react-router.development.js:1207:17)
    at BrowserRouter (C:\Users\Admin\graceful_books\node_modules\react-router-dom\dist\umd\react-router-dom.development.js:695:7)

[90mstderr[2m | src/pages/auth/Signup.test.tsx[2m > [22m[2mSignup Page with Charity Selection[2m > [22m[2mcharity selection step[2m > [22m[2mshould go back to credentials step when Back is clicked
[22m[39mWarning: An update to Signup inside a test was not wrapped in act(...).

When testing, code that causes React state updates should be wrapped into act(...):

act(() => {
  /* fire events that update state */
});
/* assert on the output */

This ensures that you're testing the behavior the user would see in the browser. Learn more at https://reactjs.org/link/wrap-tests-with-act
    at Signup (C:/Users/Admin/graceful_books/src/pages/auth/Signup.tsx:8:61)
    at Router (C:\Users\Admin\graceful_books\node_modules\react-router\dist\umd\react-router.development.js:1207:17)
    at BrowserRouter (C:\Users\Admin\graceful_books\node_modules\react-router-dom\dist\umd\react-router-dom.development.js:695:7)

[90mstderr[2m | src/pages/auth/Signup.test.tsx[2m > [22m[2mSignup Page with Charity Selection[2m > [22m[2mcharity selection step[2m > [22m[2mshould go back to credentials step when Back is clicked
[22m[39mWarning: An update to Signup inside a test was not wrapped in act(...).

When testing, code that causes React state updates should be wrapped into act(...):

act(() => {
  /* fire events that update state */
});
/* assert on the output */

This ensures that you're testing the behavior the user would see in the browser. Learn more at https://reactjs.org/link/wrap-tests-with-act
    at Signup (C:/Users/Admin/graceful_books/src/pages/auth/Signup.tsx:8:61)
    at Router (C:\Users\Admin\graceful_books\node_modules\react-router\dist\umd\react-router.development.js:1207:17)
    at BrowserRouter (C:\Users\Admin\graceful_books\node_modules\react-router-dom\dist\umd\react-router-dom.development.js:695:7)

[90mstderr[2m | src/pages/auth/Signup.test.tsx[2m > [22m[2mSignup Page with Charity Selection[2m > [22m[2mcharity selection step[2m > [22m[2mshould go back to credentials step when Back is clicked
[22m[39mWarning: An update to Signup inside a test was not wrapped in act(...).

When testing, code that causes React state updates should be wrapped into act(...):

act(() => {
  /* fire events that update state */
});
/* assert on the output */

This ensures that you're testing the behavior the user would see in the browser. Learn more at https://reactjs.org/link/wrap-tests-with-act
    at Signup (C:/Users/Admin/graceful_books/src/pages/auth/Signup.tsx:8:61)
    at Router (C:\Users\Admin\graceful_books\node_modules\react-router\dist\umd\react-router.development.js:1207:17)
    at BrowserRouter (C:\Users\Admin\graceful_books\node_modules\react-router-dom\dist\umd\react-router-dom.development.js:695:7)

[90mstderr[2m | src/pages/auth/Signup.test.tsx[2m > [22m[2mSignup Page with Charity Selection[2m > [22m[2mcharity selection step[2m > [22m[2mshould go back to credentials step when Back is clicked
[22m[39mWarning: An update to Signup inside a test was not wrapped in act(...).

When testing, code that causes React state updates should be wrapped into act(...):

act(() => {
  /* fire events that update state */
});
/* assert on the output */

This ensures that you're testing the behavior the user would see in the browser. Learn more at https://reactjs.org/link/wrap-tests-with-act
    at Signup (C:/Users/Admin/graceful_books/src/pages/auth/Signup.tsx:8:61)
    at Router (C:\Users\Admin\graceful_books\node_modules\react-router\dist\umd\react-router.development.js:1207:17)
    at BrowserRouter (C:\Users\Admin\graceful_books\node_modules\react-router-dom\dist\umd\react-router-dom.development.js:695:7)

[90mstderr[2m | src/pages/auth/Signup.test.tsx[2m > [22m[2mSignup Page with Charity Selection[2m > [22m[2mcharity selection step[2m > [22m[2mshould go back to credentials step when Back is clicked
[22m[39mWarning: An update to Signup inside a test was not wrapped in act(...).

When testing, code that causes React state updates should be wrapped into act(...):

act(() => {
  /* fire events that update state */
});
/* assert on the output */

This ensures that you're testing the behavior the user would see in the browser. Learn more at https://reactjs.org/link/wrap-tests-with-act
    at Signup (C:/Users/Admin/graceful_books/src/pages/auth/Signup.tsx:8:61)
    at Router (C:\Users\Admin\graceful_books\node_modules\react-router\dist\umd\react-router.development.js:1207:17)
    at BrowserRouter (C:\Users\Admin\graceful_books\node_modules\react-router-dom\dist\umd\react-router-dom.development.js:695:7)

[90mstderr[2m | src/pages/auth/Signup.test.tsx[2m > [22m[2mSignup Page with Charity Selection[2m > [22m[2mcharity selection step[2m > [22m[2mshould go back to credentials step when Back is clicked
[22m[39mWarning: An update to Signup inside a test was not wrapped in act(...).

When testing, code that causes React state updates should be wrapped into act(...):

act(() => {
  /* fire events that update state */
});
/* assert on the output */

This ensures that you're testing the behavior the user would see in the browser. Learn more at https://reactjs.org/link/wrap-tests-with-act
    at Signup (C:/Users/Admin/graceful_books/src/pages/auth/Signup.tsx:8:61)
    at Router (C:\Users\Admin\graceful_books\node_modules\react-router\dist\umd\react-router.development.js:1207:17)
    at BrowserRouter (C:\Users\Admin\graceful_books\node_modules\react-router-dom\dist\umd\react-router-dom.development.js:695:7)

[90mstderr[2m | src/pages/auth/Signup.test.tsx[2m > [22m[2mSignup Page with Charity Selection[2m > [22m[2mcharity selection step[2m > [22m[2mshould go back to credentials step when Back is clicked
[22m[39mWarning: An update to Signup inside a test was not wrapped in act(...).

When testing, code that causes React state updates should be wrapped into act(...):

act(() => {
  /* fire events that update state */
});
/* assert on the output */

This ensures that you're testing the behavior the user would see in the browser. Learn more at https://reactjs.org/link/wrap-tests-with-act
    at Signup (C:/Users/Admin/graceful_books/src/pages/auth/Signup.tsx:8:61)
    at Router (C:\Users\Admin\graceful_books\node_modules\react-router\dist\umd\react-router.development.js:1207:17)
    at BrowserRouter (C:\Users\Admin\graceful_books\node_modules\react-router-dom\dist\umd\react-router-dom.development.js:695:7)

[90mstderr[2m | src/pages/auth/Signup.test.tsx[2m > [22m[2mSignup Page with Charity Selection[2m > [22m[2mcharity selection step[2m > [22m[2mshould go back to credentials step when Back is clicked
[22m[39mWarning: An update to Signup inside a test was not wrapped in act(...).

When testing, code that causes React state updates should be wrapped into act(...):

act(() => {
  /* fire events that update state */
});
/* assert on the output */

This ensures that you're testing the behavior the user would see in the browser. Learn more at https://reactjs.org/link/wrap-tests-with-act
    at Signup (C:/Users/Admin/graceful_books/src/pages/auth/Signup.tsx:8:61)
    at Router (C:\Users\Admin\graceful_books\node_modules\react-router\dist\umd\react-router.development.js:1207:17)
    at BrowserRouter (C:\Users\Admin\graceful_books\node_modules\react-router-dom\dist\umd\react-router-dom.development.js:695:7)

[90mstderr[2m | src/pages/auth/Signup.test.tsx[2m > [22m[2mSignup Page with Charity Selection[2m > [22m[2mcharity selection step[2m > [22m[2mshould go back to credentials step when Back is clicked
[22m[39mWarning: An update to Signup inside a test was not wrapped in act(...).

When testing, code that causes React state updates should be wrapped into act(...):

act(() => {
  /* fire events that update state */
});
/* assert on the output */

This ensures that you're testing the behavior the user would see in the browser. Learn more at https://reactjs.org/link/wrap-tests-with-act
    at Signup (C:/Users/Admin/graceful_books/src/pages/auth/Signup.tsx:8:61)
    at Router (C:\Users\Admin\graceful_books\node_modules\react-router\dist\umd\react-router.development.js:1207:17)
    at BrowserRouter (C:\Users\Admin\graceful_books\node_modules\react-router-dom\dist\umd\react-router-dom.development.js:695:7)

[90mstderr[2m | src/pages/auth/Signup.test.tsx[2m > [22m[2mSignup Page with Charity Selection[2m > [22m[2mcharity selection step[2m > [22m[2mshould go back to credentials step when Back is clicked
[22m[39mWarning: An update to Signup inside a test was not wrapped in act(...).

When testing, code that causes React state updates should be wrapped into act(...):

act(() => {
  /* fire events that update state */
});
/* assert on the output */

This ensures that you're testing the behavior the user would see in the browser. Learn more at https://reactjs.org/link/wrap-tests-with-act
    at Signup (C:/Users/Admin/graceful_books/src/pages/auth/Signup.tsx:8:61)
    at Router (C:\Users\Admin\graceful_books\node_modules\react-router\dist\umd\react-router.development.js:1207:17)
    at BrowserRouter (C:\Users\Admin\graceful_books\node_modules\react-router-dom\dist\umd\react-router-dom.development.js:695:7)

[90mstderr[2m | src/pages/auth/Signup.test.tsx[2m > [22m[2mSignup Page with Charity Selection[2m > [22m[2mcharity selection step[2m > [22m[2mshould go back to credentials step when Back is clicked
[22m[39mWarning: An update to Signup inside a test was not wrapped in act(...).

When testing, code that causes React state updates should be wrapped into act(...):

act(() => {
  /* fire events that update state */
});
/* assert on the output */

This ensures that you're testing the behavior the user would see in the browser. Learn more at https://reactjs.org/link/wrap-tests-with-act
    at Signup (C:/Users/Admin/graceful_books/src/pages/auth/Signup.tsx:8:61)
    at Router (C:\Users\Admin\graceful_books\node_modules\react-router\dist\umd\react-router.development.js:1207:17)
    at BrowserRouter (C:\Users\Admin\graceful_books\node_modules\react-router-dom\dist\umd\react-router-dom.development.js:695:7)

[90mstderr[2m | src/pages/auth/Signup.test.tsx[2m > [22m[2mSignup Page with Charity Selection[2m > [22m[2mcharity selection step[2m > [22m[2mshould go back to credentials step when Back is clicked
[22m[39mWarning: An update to Signup inside a test was not wrapped in act(...).

When testing, code that causes React state updates should be wrapped into act(...):

act(() => {
  /* fire events that update state */
});
/* assert on the output */

This ensures that you're testing the behavior the user would see in the browser. Learn more at https://reactjs.org/link/wrap-tests-with-act
    at Signup (C:/Users/Admin/graceful_books/src/pages/auth/Signup.tsx:8:61)
    at Router (C:\Users\Admin\graceful_books\node_modules\react-router\dist\umd\react-router.development.js:1207:17)
    at BrowserRouter (C:\Users\Admin\graceful_books\node_modules\react-router-dom\dist\umd\react-router-dom.development.js:695:7)

[90mstderr[2m | src/pages/auth/Signup.test.tsx[2m > [22m[2mSignup Page with Charity Selection[2m > [22m[2mcharity selection step[2m > [22m[2mshould go back to credentials step when Back is clicked
[22m[39mWarning: An update to Signup inside a test was not wrapped in act(...).

When testing, code that causes React state updates should be wrapped into act(...):

act(() => {
  /* fire events that update state */
});
/* assert on the output */

This ensures that you're testing the behavior the user would see in the browser. Learn more at https://reactjs.org/link/wrap-tests-with-act
    at Signup (C:/Users/Admin/graceful_books/src/pages/auth/Signup.tsx:8:61)
    at Router (C:\Users\Admin\graceful_books\node_modules\react-router\dist\umd\react-router.development.js:1207:17)
    at BrowserRouter (C:\Users\Admin\graceful_books\node_modules\react-router-dom\dist\umd\react-router-dom.development.js:695:7)

[90mstderr[2m | src/pages/auth/Signup.test.tsx[2m > [22m[2mSignup Page with Charity Selection[2m > [22m[2mcharity selection step[2m > [22m[2mshould go back to credentials step when Back is clicked
[22m[39mWarning: An update to Signup inside a test was not wrapped in act(...).

When testing, code that causes React state updates should be wrapped into act(...):

act(() => {
  /* fire events that update state */
});
/* assert on the output */

This ensures that you're testing the behavior the user would see in the browser. Learn more at https://reactjs.org/link/wrap-tests-with-act
    at Signup (C:/Users/Admin/graceful_books/src/pages/auth/Signup.tsx:8:61)
    at Router (C:\Users\Admin\graceful_books\node_modules\react-router\dist\umd\react-router.development.js:1207:17)
    at BrowserRouter (C:\Users\Admin\graceful_books\node_modules\react-router-dom\dist\umd\react-router-dom.development.js:695:7)

[90mstderr[2m | src/pages/auth/Signup.test.tsx[2m > [22m[2mSignup Page with Charity Selection[2m > [22m[2mcharity selection step[2m > [22m[2mshould go back to credentials step when Back is clicked
[22m[39mWarning: An update to Signup inside a test was not wrapped in act(...).

When testing, code that causes React state updates should be wrapped into act(...):

act(() => {
  /* fire events that update state */
});
/* assert on the output */

This ensures that you're testing the behavior the user would see in the browser. Learn more at https://reactjs.org/link/wrap-tests-with-act
    at Signup (C:/Users/Admin/graceful_books/src/pages/auth/Signup.tsx:8:61)
    at Router (C:\Users\Admin\graceful_books\node_modules\react-router\dist\umd\react-router.development.js:1207:17)
    at BrowserRouter (C:\Users\Admin\graceful_books\node_modules\react-router-dom\dist\umd\react-router-dom.development.js:695:7)

[90mstderr[2m | src/pages/auth/Signup.test.tsx[2m > [22m[2mSignup Page with Charity Selection[2m > [22m[2mcharity selection step[2m > [22m[2mshould go back to credentials step when Back is clicked
[22m[39mWarning: An update to Signup inside a test was not wrapped in act(...).

When testing, code that causes React state updates should be wrapped into act(...):

act(() => {
  /* fire events that update state */
});
/* assert on the output */

This ensures that you're testing the behavior the user would see in the browser. Learn more at https://reactjs.org/link/wrap-tests-with-act
    at Signup (C:/Users/Admin/graceful_books/src/pages/auth/Signup.tsx:8:61)
    at Router (C:\Users\Admin\graceful_books\node_modules\react-router\dist\umd\react-router.development.js:1207:17)
    at BrowserRouter (C:\Users\Admin\graceful_books\node_modules\react-router-dom\dist\umd\react-router-dom.development.js:695:7)

[90mstderr[2m | src/pages/auth/Signup.test.tsx[2m > [22m[2mSignup Page with Charity Selection[2m > [22m[2mcharity selection step[2m > [22m[2mshould go back to credentials step when Back is clicked
[22m[39mWarning: An update to Signup inside a test was not wrapped in act(...).

When testing, code that causes React state updates should be wrapped into act(...):

act(() => {
  /* fire events that update state */
});
/* assert on the output */

This ensures that you're testing the behavior the user would see in the browser. Learn more at https://reactjs.org/link/wrap-tests-with-act
    at Signup (C:/Users/Admin/graceful_books/src/pages/auth/Signup.tsx:8:61)
    at Router (C:\Users\Admin\graceful_books\node_modules\react-router\dist\umd\react-router.development.js:1207:17)
    at BrowserRouter (C:\Users\Admin\graceful_books\node_modules\react-router-dom\dist\umd\react-router-dom.development.js:695:7)

[90mstderr[2m | src/pages/auth/Signup.test.tsx[2m > [22m[2mSignup Page with Charity Selection[2m > [22m[2mcharity selection step[2m > [22m[2mshould go back to credentials step when Back is clicked
[22m[39mWarning: An update to Signup inside a test was not wrapped in act(...).

When testing, code that causes React state updates should be wrapped into act(...):

act(() => {
  /* fire events that update state */
});
/* assert on the output */

This ensures that you're testing the behavior the user would see in the browser. Learn more at https://reactjs.org/link/wrap-tests-with-act
    at Signup (C:/Users/Admin/graceful_books/src/pages/auth/Signup.tsx:8:61)
    at Router (C:\Users\Admin\graceful_books\node_modules\react-router\dist\umd\react-router.development.js:1207:17)
    at BrowserRouter (C:\Users\Admin\graceful_books\node_modules\react-router-dom\dist\umd\react-router-dom.development.js:695:7)

[90mstderr[2m | src/pages/auth/Signup.test.tsx[2m > [22m[2mSignup Page with Charity Selection[2m > [22m[2mcharity selection step[2m > [22m[2mshould go back to credentials step when Back is clicked
[22m[39mWarning: An update to Signup inside a test was not wrapped in act(...).

When testing, code that causes React state updates should be wrapped into act(...):

act(() => {
  /* fire events that update state */
});
/* assert on the output */

This ensures that you're testing the behavior the user would see in the browser. Learn more at https://reactjs.org/link/wrap-tests-with-act
    at Signup (C:/Users/Admin/graceful_books/src/pages/auth/Signup.tsx:8:61)
    at Router (C:\Users\Admin\graceful_books\node_modules\react-router\dist\umd\react-router.development.js:1207:17)
    at BrowserRouter (C:\Users\Admin\graceful_books\node_modules\react-router-dom\dist\umd\react-router-dom.development.js:695:7)

[90mstderr[2m | src/pages/auth/Signup.test.tsx[2m > [22m[2mSignup Page with Charity Selection[2m > [22m[2mcharity selection step[2m > [22m[2mshould go back to credentials step when Back is clicked
[22m[39mWarning: An update to CharitySelector inside a test was not wrapped in act(...).

When testing, code that causes React state updates should be wrapped into act(...):

act(() => {
  /* fire events that update state */
});
/* assert on the output */

This ensures that you're testing the behavior the user would see in the browser. Learn more at https://reactjs.org/link/wrap-tests-with-act
    at CharitySelector (C:/Users/Admin/graceful_books/src/components/charity/CharitySelector.tsx:9:3)
    at div
    at div
    at Signup (C:/Users/Admin/graceful_books/src/pages/auth/Signup.tsx:8:61)
    at Router (C:\Users\Admin\graceful_books\node_modules\react-router\dist\umd\react-router.development.js:1207:17)
    at BrowserRouter (C:\Users\Admin\graceful_books\node_modules\react-router-dom\dist\umd\react-router-dom.development.js:695:7)
Warning: An update to CharitySelector inside a test was not wrapped in act(...).

When testing, code that causes React state updates should be wrapped into act(...):

act(() => {
  /* fire events that update state */
});
/* assert on the output */

This ensures that you're testing the behavior the user would see in the browser. Learn more at https://reactjs.org/link/wrap-tests-with-act
    at CharitySelector (C:/Users/Admin/graceful_books/src/components/charity/CharitySelector.tsx:9:3)
    at div
    at div
    at Signup (C:/Users/Admin/graceful_books/src/pages/auth/Signup.tsx:8:61)
    at Router (C:\Users\Admin\graceful_books\node_modules\react-router\dist\umd\react-router.development.js:1207:17)
    at BrowserRouter (C:\Users\Admin\graceful_books\node_modules\react-router-dom\dist\umd\react-router-dom.development.js:695:7)

[90mstderr[2m | src/pages/auth/Signup.test.tsx[2m > [22m[2mSignup Page with Charity Selection[2m > [22m[2mcharity selection step[2m > [22m[2mshould go back to credentials step when Back is clicked
[22m[39mWarning: An update to Signup inside a test was not wrapped in act(...).

When testing, code that causes React state updates should be wrapped into act(...):

act(() => {
  /* fire events that update state */
});
/* assert on the output */

This ensures that you're testing the behavior the user would see in the browser. Learn more at https://reactjs.org/link/wrap-tests-with-act
    at Signup (C:/Users/Admin/graceful_books/src/pages/auth/Signup.tsx:8:61)
    at Router (C:\Users\Admin\graceful_books\node_modules\react-router\dist\umd\react-router.development.js:1207:17)
    at BrowserRouter (C:\Users\Admin\graceful_books\node_modules\react-router-dom\dist\umd\react-router-dom.development.js:695:7)

[90mstderr[2m | src/pages/auth/Signup.test.tsx[2m > [22m[2mSignup Page with Charity Selection[2m > [22m[2mcharity selection step[2m > [22m[2mshould preserve credentials when going back and forward
[22m[39mWarning: An update to Signup inside a test was not wrapped in act(...).

When testing, code that causes React state updates should be wrapped into act(...):

act(() => {
  /* fire events that update state */
});
/* assert on the output */

This ensures that you're testing the behavior the user would see in the browser. Learn more at https://reactjs.org/link/wrap-tests-with-act
    at Signup (C:/Users/Admin/graceful_books/src/pages/auth/Signup.tsx:8:61)
    at Router (C:\Users\Admin\graceful_books\node_modules\react-router\dist\umd\react-router.development.js:1207:17)
    at BrowserRouter (C:\Users\Admin\graceful_books\node_modules\react-router-dom\dist\umd\react-router-dom.development.js:695:7)

[90mstderr[2m | src/pages/auth/Signup.test.tsx[2m > [22m[2mSignup Page with Charity Selection[2m > [22m[2mcharity selection step[2m > [22m[2mshould preserve credentials when going back and forward
[22m[39mWarning: An update to Signup inside a test was not wrapped in act(...).

When testing, code that causes React state updates should be wrapped into act(...):

act(() => {
  /* fire events that update state */
});
/* assert on the output */

This ensures that you're testing the behavior the user would see in the browser. Learn more at https://reactjs.org/link/wrap-tests-with-act
    at Signup (C:/Users/Admin/graceful_books/src/pages/auth/Signup.tsx:8:61)
    at Router (C:\Users\Admin\graceful_books\node_modules\react-router\dist\umd\react-router.development.js:1207:17)
    at BrowserRouter (C:\Users\Admin\graceful_books\node_modules\react-router-dom\dist\umd\react-router-dom.development.js:695:7)

[90mstderr[2m | src/pages/auth/Signup.test.tsx[2m > [22m[2mSignup Page with Charity Selection[2m > [22m[2mcharity selection step[2m > [22m[2mshould preserve credentials when going back and forward
[22m[39mWarning: An update to Signup inside a test was not wrapped in act(...).

When testing, code that causes React state updates should be wrapped into act(...):

act(() => {
  /* fire events that update state */
});
/* assert on the output */

This ensures that you're testing the behavior the user would see in the browser. Learn more at https://reactjs.org/link/wrap-tests-with-act
    at Signup (C:/Users/Admin/graceful_books/src/pages/auth/Signup.tsx:8:61)
    at Router (C:\Users\Admin\graceful_books\node_modules\react-router\dist\umd\react-router.development.js:1207:17)
    at BrowserRouter (C:\Users\Admin\graceful_books\node_modules\react-router-dom\dist\umd\react-router-dom.development.js:695:7)

[90mstderr[2m | src/pages/auth/Signup.test.tsx[2m > [22m[2mSignup Page with Charity Selection[2m > [22m[2mcharity selection step[2m > [22m[2mshould preserve credentials when going back and forward
[22m[39mWarning: An update to Signup inside a test was not wrapped in act(...).

When testing, code that causes React state updates should be wrapped into act(...):

act(() => {
  /* fire events that update state */
});
/* assert on the output */

This ensures that you're testing the behavior the user would see in the browser. Learn more at https://reactjs.org/link/wrap-tests-with-act
    at Signup (C:/Users/Admin/graceful_books/src/pages/auth/Signup.tsx:8:61)
    at Router (C:\Users\Admin\graceful_books\node_modules\react-router\dist\umd\react-router.development.js:1207:17)
    at BrowserRouter (C:\Users\Admin\graceful_books\node_modules\react-router-dom\dist\umd\react-router-dom.development.js:695:7)

[90mstderr[2m | src/pages/auth/Signup.test.tsx[2m > [22m[2mSignup Page with Charity Selection[2m > [22m[2mcharity selection step[2m > [22m[2mshould preserve credentials when going back and forward
[22m[39mWarning: An update to Signup inside a test was not wrapped in act(...).

When testing, code that causes React state updates should be wrapped into act(...):

act(() => {
  /* fire events that update state */
});
/* assert on the output */

This ensures that you're testing the behavior the user would see in the browser. Learn more at https://reactjs.org/link/wrap-tests-with-act
    at Signup (C:/Users/Admin/graceful_books/src/pages/auth/Signup.tsx:8:61)
    at Router (C:\Users\Admin\graceful_books\node_modules\react-router\dist\umd\react-router.development.js:1207:17)
    at BrowserRouter (C:\Users\Admin\graceful_books\node_modules\react-router-dom\dist\umd\react-router-dom.development.js:695:7)

[90mstderr[2m | src/pages/auth/Signup.test.tsx[2m > [22m[2mSignup Page with Charity Selection[2m > [22m[2mcharity selection step[2m > [22m[2mshould preserve credentials when going back and forward
[22m[39mWarning: An update to Signup inside a test was not wrapped in act(...).

When testing, code that causes React state updates should be wrapped into act(...):

act(() => {
  /* fire events that update state */
});
/* assert on the output */

This ensures that you're testing the behavior the user would see in the browser. Learn more at https://reactjs.org/link/wrap-tests-with-act
    at Signup (C:/Users/Admin/graceful_books/src/pages/auth/Signup.tsx:8:61)
    at Router (C:\Users\Admin\graceful_books\node_modules\react-router\dist\umd\react-router.development.js:1207:17)
    at BrowserRouter (C:\Users\Admin\graceful_books\node_modules\react-router-dom\dist\umd\react-router-dom.development.js:695:7)

[90mstderr[2m | src/pages/auth/Signup.test.tsx[2m > [22m[2mSignup Page with Charity Selection[2m > [22m[2mcharity selection step[2m > [22m[2mshould preserve credentials when going back and forward
[22m[39mWarning: An update to Signup inside a test was not wrapped in act(...).

When testing, code that causes React state updates should be wrapped into act(...):

act(() => {
  /* fire events that update state */
});
/* assert on the output */

This ensures that you're testing the behavior the user would see in the browser. Learn more at https://reactjs.org/link/wrap-tests-with-act
    at Signup (C:/Users/Admin/graceful_books/src/pages/auth/Signup.tsx:8:61)
    at Router (C:\Users\Admin\graceful_books\node_modules\react-router\dist\umd\react-router.development.js:1207:17)
    at BrowserRouter (C:\Users\Admin\graceful_books\node_modules\react-router-dom\dist\umd\react-router-dom.development.js:695:7)

[90mstderr[2m | src/pages/auth/Signup.test.tsx[2m > [22m[2mSignup Page with Charity Selection[2m > [22m[2mcharity selection step[2m > [22m[2mshould preserve credentials when going back and forward
[22m[39mWarning: An update to Signup inside a test was not wrapped in act(...).

When testing, code that causes React state updates should be wrapped into act(...):

act(() => {
  /* fire events that update state */
});
/* assert on the output */

This ensures that you're testing the behavior the user would see in the browser. Learn more at https://reactjs.org/link/wrap-tests-with-act
    at Signup (C:/Users/Admin/graceful_books/src/pages/auth/Signup.tsx:8:61)
    at Router (C:\Users\Admin\graceful_books\node_modules\react-router\dist\umd\react-router.development.js:1207:17)
    at BrowserRouter (C:\Users\Admin\graceful_books\node_modules\react-router-dom\dist\umd\react-router-dom.development.js:695:7)

[90mstderr[2m | src/pages/auth/Signup.test.tsx[2m > [22m[2mSignup Page with Charity Selection[2m > [22m[2mcharity selection step[2m > [22m[2mshould preserve credentials when going back and forward
[22m[39mWarning: An update to Signup inside a test was not wrapped in act(...).

When testing, code that causes React state updates should be wrapped into act(...):

act(() => {
  /* fire events that update state */
});
/* assert on the output */

This ensures that you're testing the behavior the user would see in the browser. Learn more at https://reactjs.org/link/wrap-tests-with-act
    at Signup (C:/Users/Admin/graceful_books/src/pages/auth/Signup.tsx:8:61)
    at Router (C:\Users\Admin\graceful_books\node_modules\react-router\dist\umd\react-router.development.js:1207:17)
    at BrowserRouter (C:\Users\Admin\graceful_books\node_modules\react-router-dom\dist\umd\react-router-dom.development.js:695:7)

[90mstderr[2m | src/pages/auth/Signup.test.tsx[2m > [22m[2mSignup Page with Charity Selection[2m > [22m[2mcharity selection step[2m > [22m[2mshould preserve credentials when going back and forward
[22m[39mWarning: An update to Signup inside a test was not wrapped in act(...).

When testing, code that causes React state updates should be wrapped into act(...):

act(() => {
  /* fire events that update state */
});
/* assert on the output */

This ensures that you're testing the behavior the user would see in the browser. Learn more at https://reactjs.org/link/wrap-tests-with-act
    at Signup (C:/Users/Admin/graceful_books/src/pages/auth/Signup.tsx:8:61)
    at Router (C:\Users\Admin\graceful_books\node_modules\react-router\dist\umd\react-router.development.js:1207:17)
    at BrowserRouter (C:\Users\Admin\graceful_books\node_modules\react-router-dom\dist\umd\react-router-dom.development.js:695:7)

[90mstderr[2m | src/pages/auth/Signup.test.tsx[2m > [22m[2mSignup Page with Charity Selection[2m > [22m[2mcharity selection step[2m > [22m[2mshould preserve credentials when going back and forward
[22m[39mWarning: An update to Signup inside a test was not wrapped in act(...).

When testing, code that causes React state updates should be wrapped into act(...):

act(() => {
  /* fire events that update state */
});
/* assert on the output */

This ensures that you're testing the behavior the user would see in the browser. Learn more at https://reactjs.org/link/wrap-tests-with-act
    at Signup (C:/Users/Admin/graceful_books/src/pages/auth/Signup.tsx:8:61)
    at Router (C:\Users\Admin\graceful_books\node_modules\react-router\dist\umd\react-router.development.js:1207:17)
    at BrowserRouter (C:\Users\Admin\graceful_books\node_modules\react-router-dom\dist\umd\react-router-dom.development.js:695:7)

[90mstderr[2m | src/pages/auth/Signup.test.tsx[2m > [22m[2mSignup Page with Charity Selection[2m > [22m[2mcharity selection step[2m > [22m[2mshould preserve credentials when going back and forward
[22m[39mWarning: An update to Signup inside a test was not wrapped in act(...).

When testing, code that causes React state updates should be wrapped into act(...):

act(() => {
  /* fire events that update state */
});
/* assert on the output */

This ensures that you're testing the behavior the user would see in the browser. Learn more at https://reactjs.org/link/wrap-tests-with-act
    at Signup (C:/Users/Admin/graceful_books/src/pages/auth/Signup.tsx:8:61)
    at Router (C:\Users\Admin\graceful_books\node_modules\react-router\dist\umd\react-router.development.js:1207:17)
    at BrowserRouter (C:\Users\Admin\graceful_books\node_modules\react-router-dom\dist\umd\react-router-dom.development.js:695:7)

[90mstderr[2m | src/pages/auth/Signup.test.tsx[2m > [22m[2mSignup Page with Charity Selection[2m > [22m[2mcharity selection step[2m > [22m[2mshould preserve credentials when going back and forward
[22m[39mWarning: An update to Signup inside a test was not wrapped in act(...).

When testing, code that causes React state updates should be wrapped into act(...):

act(() => {
  /* fire events that update state */
});
/* assert on the output */

This ensures that you're testing the behavior the user would see in the browser. Learn more at https://reactjs.org/link/wrap-tests-with-act
    at Signup (C:/Users/Admin/graceful_books/src/pages/auth/Signup.tsx:8:61)
    at Router (C:\Users\Admin\graceful_books\node_modules\react-router\dist\umd\react-router.development.js:1207:17)
    at BrowserRouter (C:\Users\Admin\graceful_books\node_modules\react-router-dom\dist\umd\react-router-dom.development.js:695:7)

[90mstderr[2m | src/pages/auth/Signup.test.tsx[2m > [22m[2mSignup Page with Charity Selection[2m > [22m[2mcharity selection step[2m > [22m[2mshould preserve credentials when going back and forward
[22m[39mWarning: An update to Signup inside a test was not wrapped in act(...).

When testing, code that causes React state updates should be wrapped into act(...):

act(() => {
  /* fire events that update state */
});
/* assert on the output */

This ensures that you're testing the behavior the user would see in the browser. Learn more at https://reactjs.org/link/wrap-tests-with-act
    at Signup (C:/Users/Admin/graceful_books/src/pages/auth/Signup.tsx:8:61)
    at Router (C:\Users\Admin\graceful_books\node_modules\react-router\dist\umd\react-router.development.js:1207:17)
    at BrowserRouter (C:\Users\Admin\graceful_books\node_modules\react-router-dom\dist\umd\react-router-dom.development.js:695:7)

[90mstderr[2m | src/pages/auth/Signup.test.tsx[2m > [22m[2mSignup Page with Charity Selection[2m > [22m[2mcharity selection step[2m > [22m[2mshould preserve credentials when going back and forward
[22m[39mWarning: An update to Signup inside a test was not wrapped in act(...).

When testing, code that causes React state updates should be wrapped into act(...):

act(() => {
  /* fire events that update state */
});
/* assert on the output */

This ensures that you're testing the behavior the user would see in the browser. Learn more at https://reactjs.org/link/wrap-tests-with-act
    at Signup (C:/Users/Admin/graceful_books/src/pages/auth/Signup.tsx:8:61)
    at Router (C:\Users\Admin\graceful_books\node_modules\react-router\dist\umd\react-router.development.js:1207:17)
    at BrowserRouter (C:\Users\Admin\graceful_books\node_modules\react-router-dom\dist\umd\react-router-dom.development.js:695:7)

[90mstderr[2m | src/pages/auth/Signup.test.tsx[2m > [22m[2mSignup Page with Charity Selection[2m > [22m[2mcharity selection step[2m > [22m[2mshould preserve credentials when going back and forward
[22m[39mWarning: An update to Signup inside a test was not wrapped in act(...).

When testing, code that causes React state updates should be wrapped into act(...):

act(() => {
  /* fire events that update state */
});
/* assert on the output */

This ensures that you're testing the behavior the user would see in the browser. Learn more at https://reactjs.org/link/wrap-tests-with-act
    at Signup (C:/Users/Admin/graceful_books/src/pages/auth/Signup.tsx:8:61)
    at Router (C:\Users\Admin\graceful_books\node_modules\react-router\dist\umd\react-router.development.js:1207:17)
    at BrowserRouter (C:\Users\Admin\graceful_books\node_modules\react-router-dom\dist\umd\react-router-dom.development.js:695:7)

[90mstderr[2m | src/pages/auth/Signup.test.tsx[2m > [22m[2mSignup Page with Charity Selection[2m > [22m[2mcharity selection step[2m > [22m[2mshould preserve credentials when going back and forward
[22m[39mWarning: An update to Signup inside a test was not wrapped in act(...).

When testing, code that causes React state updates should be wrapped into act(...):

act(() => {
  /* fire events that update state */
});
/* assert on the output */

This ensures that you're testing the behavior the user would see in the browser. Learn more at https://reactjs.org/link/wrap-tests-with-act
    at Signup (C:/Users/Admin/graceful_books/src/pages/auth/Signup.tsx:8:61)
    at Router (C:\Users\Admin\graceful_books\node_modules\react-router\dist\umd\react-router.development.js:1207:17)
    at BrowserRouter (C:\Users\Admin\graceful_books\node_modules\react-router-dom\dist\umd\react-router-dom.development.js:695:7)

[90mstderr[2m | src/pages/auth/Signup.test.tsx[2m > [22m[2mSignup Page with Charity Selection[2m > [22m[2mcharity selection step[2m > [22m[2mshould preserve credentials when going back and forward
[22m[39mWarning: An update to Signup inside a test was not wrapped in act(...).

When testing, code that causes React state updates should be wrapped into act(...):

act(() => {
  /* fire events that update state */
});
/* assert on the output */

This ensures that you're testing the behavior the user would see in the browser. Learn more at https://reactjs.org/link/wrap-tests-with-act
    at Signup (C:/Users/Admin/graceful_books/src/pages/auth/Signup.tsx:8:61)
    at Router (C:\Users\Admin\graceful_books\node_modules\react-router\dist\umd\react-router.development.js:1207:17)
    at BrowserRouter (C:\Users\Admin\graceful_books\node_modules\react-router-dom\dist\umd\react-router-dom.development.js:695:7)

[90mstderr[2m | src/pages/auth/Signup.test.tsx[2m > [22m[2mSignup Page with Charity Selection[2m > [22m[2mcharity selection step[2m > [22m[2mshould preserve credentials when going back and forward
[22m[39mWarning: An update to Signup inside a test was not wrapped in act(...).

When testing, code that causes React state updates should be wrapped into act(...):

act(() => {
  /* fire events that update state */
});
/* assert on the output */

This ensures that you're testing the behavior the user would see in the browser. Learn more at https://reactjs.org/link/wrap-tests-with-act
    at Signup (C:/Users/Admin/graceful_books/src/pages/auth/Signup.tsx:8:61)
    at Router (C:\Users\Admin\graceful_books\node_modules\react-router\dist\umd\react-router.development.js:1207:17)
    at BrowserRouter (C:\Users\Admin\graceful_books\node_modules\react-router-dom\dist\umd\react-router-dom.development.js:695:7)

[90mstderr[2m | src/pages/auth/Signup.test.tsx[2m > [22m[2mSignup Page with Charity Selection[2m > [22m[2mcharity selection step[2m > [22m[2mshould preserve credentials when going back and forward
[22m[39mWarning: An update to Signup inside a test was not wrapped in act(...).

When testing, code that causes React state updates should be wrapped into act(...):

act(() => {
  /* fire events that update state */
});
/* assert on the output */

This ensures that you're testing the behavior the user would see in the browser. Learn more at https://reactjs.org/link/wrap-tests-with-act
    at Signup (C:/Users/Admin/graceful_books/src/pages/auth/Signup.tsx:8:61)
    at Router (C:\Users\Admin\graceful_books\node_modules\react-router\dist\umd\react-router.development.js:1207:17)
    at BrowserRouter (C:\Users\Admin\graceful_books\node_modules\react-router-dom\dist\umd\react-router-dom.development.js:695:7)

[90mstderr[2m | src/pages/auth/Signup.test.tsx[2m > [22m[2mSignup Page with Charity Selection[2m > [22m[2mcharity selection step[2m > [22m[2mshould preserve credentials when going back and forward
[22m[39mWarning: An update to Signup inside a test was not wrapped in act(...).

When testing, code that causes React state updates should be wrapped into act(...):

act(() => {
  /* fire events that update state */
});
/* assert on the output */

This ensures that you're testing the behavior the user would see in the browser. Learn more at https://reactjs.org/link/wrap-tests-with-act
    at Signup (C:/Users/Admin/graceful_books/src/pages/auth/Signup.tsx:8:61)
    at Router (C:\Users\Admin\graceful_books\node_modules\react-router\dist\umd\react-router.development.js:1207:17)
    at BrowserRouter (C:\Users\Admin\graceful_books\node_modules\react-router-dom\dist\umd\react-router-dom.development.js:695:7)

[90mstderr[2m | src/pages/auth/Signup.test.tsx[2m > [22m[2mSignup Page with Charity Selection[2m > [22m[2mcharity selection step[2m > [22m[2mshould preserve credentials when going back and forward
[22m[39mWarning: An update to Signup inside a test was not wrapped in act(...).

When testing, code that causes React state updates should be wrapped into act(...):

act(() => {
  /* fire events that update state */
});
/* assert on the output */

This ensures that you're testing the behavior the user would see in the browser. Learn more at https://reactjs.org/link/wrap-tests-with-act
    at Signup (C:/Users/Admin/graceful_books/src/pages/auth/Signup.tsx:8:61)
    at Router (C:\Users\Admin\graceful_books\node_modules\react-router\dist\umd\react-router.development.js:1207:17)
    at BrowserRouter (C:\Users\Admin\graceful_books\node_modules\react-router-dom\dist\umd\react-router-dom.development.js:695:7)

[90mstderr[2m | src/pages/auth/Signup.test.tsx[2m > [22m[2mSignup Page with Charity Selection[2m > [22m[2mcharity selection step[2m > [22m[2mshould preserve credentials when going back and forward
[22m[39mWarning: An update to Signup inside a test was not wrapped in act(...).

When testing, code that causes React state updates should be wrapped into act(...):

act(() => {
  /* fire events that update state */
});
/* assert on the output */

This ensures that you're testing the behavior the user would see in the browser. Learn more at https://reactjs.org/link/wrap-tests-with-act
    at Signup (C:/Users/Admin/graceful_books/src/pages/auth/Signup.tsx:8:61)
    at Router (C:\Users\Admin\graceful_books\node_modules\react-router\dist\umd\react-router.development.js:1207:17)
    at BrowserRouter (C:\Users\Admin\graceful_books\node_modules\react-router-dom\dist\umd\react-router-dom.development.js:695:7)

[90mstderr[2m | src/pages/auth/Signup.test.tsx[2m > [22m[2mSignup Page with Charity Selection[2m > [22m[2mcharity selection step[2m > [22m[2mshould preserve credentials when going back and forward
[22m[39mWarning: An update to Signup inside a test was not wrapped in act(...).

When testing, code that causes React state updates should be wrapped into act(...):

act(() => {
  /* fire events that update state */
});
/* assert on the output */

This ensures that you're testing the behavior the user would see in the browser. Learn more at https://reactjs.org/link/wrap-tests-with-act
    at Signup (C:/Users/Admin/graceful_books/src/pages/auth/Signup.tsx:8:61)
    at Router (C:\Users\Admin\graceful_books\node_modules\react-router\dist\umd\react-router.development.js:1207:17)
    at BrowserRouter (C:\Users\Admin\graceful_books\node_modules\react-router-dom\dist\umd\react-router-dom.development.js:695:7)

[90mstderr[2m | src/pages/auth/Signup.test.tsx[2m > [22m[2mSignup Page with Charity Selection[2m > [22m[2mcharity selection step[2m > [22m[2mshould preserve credentials when going back and forward
[22m[39mWarning: An update to Signup inside a test was not wrapped in act(...).

When testing, code that causes React state updates should be wrapped into act(...):

act(() => {
  /* fire events that update state */
});
/* assert on the output */

This ensures that you're testing the behavior the user would see in the browser. Learn more at https://reactjs.org/link/wrap-tests-with-act
    at Signup (C:/Users/Admin/graceful_books/src/pages/auth/Signup.tsx:8:61)
    at Router (C:\Users\Admin\graceful_books\node_modules\react-router\dist\umd\react-router.development.js:1207:17)
    at BrowserRouter (C:\Users\Admin\graceful_books\node_modules\react-router-dom\dist\umd\react-router-dom.development.js:695:7)

[90mstderr[2m | src/pages/auth/Signup.test.tsx[2m > [22m[2mSignup Page with Charity Selection[2m > [22m[2mcharity selection step[2m > [22m[2mshould preserve credentials when going back and forward
[22m[39mWarning: An update to Signup inside a test was not wrapped in act(...).

When testing, code that causes React state updates should be wrapped into act(...):

act(() => {
  /* fire events that update state */
});
/* assert on the output */

This ensures that you're testing the behavior the user would see in the browser. Learn more at https://reactjs.org/link/wrap-tests-with-act
    at Signup (C:/Users/Admin/graceful_books/src/pages/auth/Signup.tsx:8:61)
    at Router (C:\Users\Admin\graceful_books\node_modules\react-router\dist\umd\react-router.development.js:1207:17)
    at BrowserRouter (C:\Users\Admin\graceful_books\node_modules\react-router-dom\dist\umd\react-router-dom.development.js:695:7)

[90mstderr[2m | src/pages/auth/Signup.test.tsx[2m > [22m[2mSignup Page with Charity Selection[2m > [22m[2mcharity selection step[2m > [22m[2mshould preserve credentials when going back and forward
[22m[39mWarning: An update to Signup inside a test was not wrapped in act(...).

When testing, code that causes React state updates should be wrapped into act(...):

act(() => {
  /* fire events that update state */
});
/* assert on the output */

This ensures that you're testing the behavior the user would see in the browser. Learn more at https://reactjs.org/link/wrap-tests-with-act
    at Signup (C:/Users/Admin/graceful_books/src/pages/auth/Signup.tsx:8:61)
    at Router (C:\Users\Admin\graceful_books\node_modules\react-router\dist\umd\react-router.development.js:1207:17)
    at BrowserRouter (C:\Users\Admin\graceful_books\node_modules\react-router-dom\dist\umd\react-router-dom.development.js:695:7)

[90mstderr[2m | src/pages/auth/Signup.test.tsx[2m > [22m[2mSignup Page with Charity Selection[2m > [22m[2mcharity selection step[2m > [22m[2mshould preserve credentials when going back and forward
[22m[39mWarning: An update to Signup inside a test was not wrapped in act(...).

When testing, code that causes React state updates should be wrapped into act(...):

act(() => {
  /* fire events that update state */
});
/* assert on the output */

This ensures that you're testing the behavior the user would see in the browser. Learn more at https://reactjs.org/link/wrap-tests-with-act
    at Signup (C:/Users/Admin/graceful_books/src/pages/auth/Signup.tsx:8:61)
    at Router (C:\Users\Admin\graceful_books\node_modules\react-router\dist\umd\react-router.development.js:1207:17)
    at BrowserRouter (C:\Users\Admin\graceful_books\node_modules\react-router-dom\dist\umd\react-router-dom.development.js:695:7)

[90mstderr[2m | src/pages/auth/Signup.test.tsx[2m > [22m[2mSignup Page with Charity Selection[2m > [22m[2mcharity selection step[2m > [22m[2mshould preserve credentials when going back and forward
[22m[39mWarning: An update to Signup inside a test was not wrapped in act(...).

When testing, code that causes React state updates should be wrapped into act(...):

act(() => {
  /* fire events that update state */
});
/* assert on the output */

This ensures that you're testing the behavior the user would see in the browser. Learn more at https://reactjs.org/link/wrap-tests-with-act
    at Signup (C:/Users/Admin/graceful_books/src/pages/auth/Signup.tsx:8:61)
    at Router (C:\Users\Admin\graceful_books\node_modules\react-router\dist\umd\react-router.development.js:1207:17)
    at BrowserRouter (C:\Users\Admin\graceful_books\node_modules\react-router-dom\dist\umd\react-router-dom.development.js:695:7)

[90mstderr[2m | src/pages/auth/Signup.test.tsx[2m > [22m[2mSignup Page with Charity Selection[2m > [22m[2mcharity selection step[2m > [22m[2mshould preserve credentials when going back and forward
[22m[39mWarning: An update to Signup inside a test was not wrapped in act(...).

When testing, code that causes React state updates should be wrapped into act(...):

act(() => {
  /* fire events that update state */
});
/* assert on the output */

This ensures that you're testing the behavior the user would see in the browser. Learn more at https://reactjs.org/link/wrap-tests-with-act
    at Signup (C:/Users/Admin/graceful_books/src/pages/auth/Signup.tsx:8:61)
    at Router (C:\Users\Admin\graceful_books\node_modules\react-router\dist\umd\react-router.development.js:1207:17)
    at BrowserRouter (C:\Users\Admin\graceful_books\node_modules\react-router-dom\dist\umd\react-router-dom.development.js:695:7)

[90mstderr[2m | src/pages/auth/Signup.test.tsx[2m > [22m[2mSignup Page with Charity Selection[2m > [22m[2mcharity selection step[2m > [22m[2mshould preserve credentials when going back and forward
[22m[39mWarning: An update to Signup inside a test was not wrapped in act(...).

When testing, code that causes React state updates should be wrapped into act(...):

act(() => {
  /* fire events that update state */
});
/* assert on the output */

This ensures that you're testing the behavior the user would see in the browser. Learn more at https://reactjs.org/link/wrap-tests-with-act
    at Signup (C:/Users/Admin/graceful_books/src/pages/auth/Signup.tsx:8:61)
    at Router (C:\Users\Admin\graceful_books\node_modules\react-router\dist\umd\react-router.development.js:1207:17)
    at BrowserRouter (C:\Users\Admin\graceful_books\node_modules\react-router-dom\dist\umd\react-router-dom.development.js:695:7)

[90mstderr[2m | src/pages/auth/Signup.test.tsx[2m > [22m[2mSignup Page with Charity Selection[2m > [22m[2mcharity selection step[2m > [22m[2mshould preserve credentials when going back and forward
[22m[39mWarning: An update to Signup inside a test was not wrapped in act(...).

When testing, code that causes React state updates should be wrapped into act(...):

act(() => {
  /* fire events that update state */
});
/* assert on the output */

This ensures that you're testing the behavior the user would see in the browser. Learn more at https://reactjs.org/link/wrap-tests-with-act
    at Signup (C:/Users/Admin/graceful_books/src/pages/auth/Signup.tsx:8:61)
    at Router (C:\Users\Admin\graceful_books\node_modules\react-router\dist\umd\react-router.development.js:1207:17)
    at BrowserRouter (C:\Users\Admin\graceful_books\node_modules\react-router-dom\dist\umd\react-router-dom.development.js:695:7)

[90mstderr[2m | src/pages/auth/Signup.test.tsx[2m > [22m[2mSignup Page with Charity Selection[2m > [22m[2mcharity selection step[2m > [22m[2mshould preserve credentials when going back and forward
[22m[39mWarning: An update to Signup inside a test was not wrapped in act(...).

When testing, code that causes React state updates should be wrapped into act(...):

act(() => {
  /* fire events that update state */
});
/* assert on the output */

This ensures that you're testing the behavior the user would see in the browser. Learn more at https://reactjs.org/link/wrap-tests-with-act
    at Signup (C:/Users/Admin/graceful_books/src/pages/auth/Signup.tsx:8:61)
    at Router (C:\Users\Admin\graceful_books\node_modules\react-router\dist\umd\react-router.development.js:1207:17)
    at BrowserRouter (C:\Users\Admin\graceful_books\node_modules\react-router-dom\dist\umd\react-router-dom.development.js:695:7)

[90mstderr[2m | src/pages/auth/Signup.test.tsx[2m > [22m[2mSignup Page with Charity Selection[2m > [22m[2mcharity selection step[2m > [22m[2mshould preserve credentials when going back and forward
[22m[39mWarning: An update to Signup inside a test was not wrapped in act(...).

When testing, code that causes React state updates should be wrapped into act(...):

act(() => {
  /* fire events that update state */
});
/* assert on the output */

This ensures that you're testing the behavior the user would see in the browser. Learn more at https://reactjs.org/link/wrap-tests-with-act
    at Signup (C:/Users/Admin/graceful_books/src/pages/auth/Signup.tsx:8:61)
    at Router (C:\Users\Admin\graceful_books\node_modules\react-router\dist\umd\react-router.development.js:1207:17)
    at BrowserRouter (C:\Users\Admin\graceful_books\node_modules\react-router-dom\dist\umd\react-router-dom.development.js:695:7)

[90mstderr[2m | src/pages/auth/Signup.test.tsx[2m > [22m[2mSignup Page with Charity Selection[2m > [22m[2mcharity selection step[2m > [22m[2mshould preserve credentials when going back and forward
[22m[39mWarning: An update to Signup inside a test was not wrapped in act(...).

When testing, code that causes React state updates should be wrapped into act(...):

act(() => {
  /* fire events that update state */
});
/* assert on the output */

This ensures that you're testing the behavior the user would see in the browser. Learn more at https://reactjs.org/link/wrap-tests-with-act
    at Signup (C:/Users/Admin/graceful_books/src/pages/auth/Signup.tsx:8:61)
    at Router (C:\Users\Admin\graceful_books\node_modules\react-router\dist\umd\react-router.development.js:1207:17)
    at BrowserRouter (C:\Users\Admin\graceful_books\node_modules\react-router-dom\dist\umd\react-router-dom.development.js:695:7)

[90mstderr[2m | src/pages/auth/Signup.test.tsx[2m > [22m[2mSignup Page with Charity Selection[2m > [22m[2mcharity selection step[2m > [22m[2mshould preserve credentials when going back and forward
[22m[39mWarning: An update to Signup inside a test was not wrapped in act(...).

When testing, code that causes React state updates should be wrapped into act(...):

act(() => {
  /* fire events that update state */
});
/* assert on the output */

This ensures that you're testing the behavior the user would see in the browser. Learn more at https://reactjs.org/link/wrap-tests-with-act
    at Signup (C:/Users/Admin/graceful_books/src/pages/auth/Signup.tsx:8:61)
    at Router (C:\Users\Admin\graceful_books\node_modules\react-router\dist\umd\react-router.development.js:1207:17)
    at BrowserRouter (C:\Users\Admin\graceful_books\node_modules\react-router-dom\dist\umd\react-router-dom.development.js:695:7)

[90mstderr[2m | src/pages/auth/Signup.test.tsx[2m > [22m[2mSignup Page with Charity Selection[2m > [22m[2mcharity selection step[2m > [22m[2mshould preserve credentials when going back and forward
[22m[39mWarning: An update to Signup inside a test was not wrapped in act(...).

When testing, code that causes React state updates should be wrapped into act(...):

act(() => {
  /* fire events that update state */
});
/* assert on the output */

This ensures that you're testing the behavior the user would see in the browser. Learn more at https://reactjs.org/link/wrap-tests-with-act
    at Signup (C:/Users/Admin/graceful_books/src/pages/auth/Signup.tsx:8:61)
    at Router (C:\Users\Admin\graceful_books\node_modules\react-router\dist\umd\react-router.development.js:1207:17)
    at BrowserRouter (C:\Users\Admin\graceful_books\node_modules\react-router-dom\dist\umd\react-router-dom.development.js:695:7)

[90mstderr[2m | src/pages/auth/Signup.test.tsx[2m > [22m[2mSignup Page with Charity Selection[2m > [22m[2mcharity selection step[2m > [22m[2mshould preserve credentials when going back and forward
[22m[39mWarning: An update to Signup inside a test was not wrapped in act(...).

When testing, code that causes React state updates should be wrapped into act(...):

act(() => {
  /* fire events that update state */
});
/* assert on the output */

This ensures that you're testing the behavior the user would see in the browser. Learn more at https://reactjs.org/link/wrap-tests-with-act
    at Signup (C:/Users/Admin/graceful_books/src/pages/auth/Signup.tsx:8:61)
    at Router (C:\Users\Admin\graceful_books\node_modules\react-router\dist\umd\react-router.development.js:1207:17)
    at BrowserRouter (C:\Users\Admin\graceful_books\node_modules\react-router-dom\dist\umd\react-router-dom.development.js:695:7)

[90mstderr[2m | src/pages/auth/Signup.test.tsx[2m > [22m[2mSignup Page with Charity Selection[2m > [22m[2mcharity selection step[2m > [22m[2mshould preserve credentials when going back and forward
[22m[39mWarning: An update to Signup inside a test was not wrapped in act(...).

When testing, code that causes React state updates should be wrapped into act(...):

act(() => {
  /* fire events that update state */
});
/* assert on the output */

This ensures that you're testing the behavior the user would see in the browser. Learn more at https://reactjs.org/link/wrap-tests-with-act
    at Signup (C:/Users/Admin/graceful_books/src/pages/auth/Signup.tsx:8:61)
    at Router (C:\Users\Admin\graceful_books\node_modules\react-router\dist\umd\react-router.development.js:1207:17)
    at BrowserRouter (C:\Users\Admin\graceful_books\node_modules\react-router-dom\dist\umd\react-router-dom.development.js:695:7)

[90mstderr[2m | src/pages/auth/Signup.test.tsx[2m > [22m[2mSignup Page with Charity Selection[2m > [22m[2mcharity selection step[2m > [22m[2mshould preserve credentials when going back and forward
[22m[39mWarning: An update to CharitySelector inside a test was not wrapped in act(...).

When testing, code that causes React state updates should be wrapped into act(...):

act(() => {
  /* fire events that update state */
});
/* assert on the output */

This ensures that you're testing the behavior the user would see in the browser. Learn more at https://reactjs.org/link/wrap-tests-with-act
    at CharitySelector (C:/Users/Admin/graceful_books/src/components/charity/CharitySelector.tsx:9:3)
    at div
    at div
    at Signup (C:/Users/Admin/graceful_books/src/pages/auth/Signup.tsx:8:61)
    at Router (C:\Users\Admin\graceful_books\node_modules\react-router\dist\umd\react-router.development.js:1207:17)
    at BrowserRouter (C:\Users\Admin\graceful_books\node_modules\react-router-dom\dist\umd\react-router-dom.development.js:695:7)
Warning: An update to CharitySelector inside a test was not wrapped in act(...).

When testing, code that causes React state updates should be wrapped into act(...):

act(() => {
  /* fire events that update state */
});
/* assert on the output */

This ensures that you're testing the behavior the user would see in the browser. Learn more at https://reactjs.org/link/wrap-tests-with-act
    at CharitySelector (C:/Users/Admin/graceful_books/src/components/charity/CharitySelector.tsx:9:3)
    at div
    at div
    at Signup (C:/Users/Admin/graceful_books/src/pages/auth/Signup.tsx:8:61)
    at Router (C:\Users\Admin\graceful_books\node_modules\react-router\dist\umd\react-router.development.js:1207:17)
    at BrowserRouter (C:\Users\Admin\graceful_books\node_modules\react-router-dom\dist\umd\react-router-dom.development.js:695:7)

[90mstderr[2m | src/pages/auth/Signup.test.tsx[2m > [22m[2mSignup Page with Charity Selection[2m > [22m[2mcharity selection step[2m > [22m[2mshould preserve credentials when going back and forward
[22m[39mWarning: An update to Signup inside a test was not wrapped in act(...).

When testing, code that causes React state updates should be wrapped into act(...):

act(() => {
  /* fire events that update state */
});
/* assert on the output */

This ensures that you're testing the behavior the user would see in the browser. Learn more at https://reactjs.org/link/wrap-tests-with-act
    at Signup (C:/Users/Admin/graceful_books/src/pages/auth/Signup.tsx:8:61)
    at Router (C:\Users\Admin\graceful_books\node_modules\react-router\dist\umd\react-router.development.js:1207:17)
    at BrowserRouter (C:\Users\Admin\graceful_books\node_modules\react-router-dom\dist\umd\react-router-dom.development.js:695:7)

[90mstderr[2m | src/pages/auth/Signup.test.tsx[2m > [22m[2mSignup Page with Charity Selection[2m > [22m[2maccount creation[2m > [22m[2mshould save user data to localStorage on signup
[22m[39mWarning: An update to Signup inside a test was not wrapped in act(...).

When testing, code that causes React state updates should be wrapped into act(...):

act(() => {
  /* fire events that update state */
});
/* assert on the output */

This ensures that you're testing the behavior the user would see in the browser. Learn more at https://reactjs.org/link/wrap-tests-with-act
    at Signup (C:/Users/Admin/graceful_books/src/pages/auth/Signup.tsx:8:61)
    at Router (C:\Users\Admin\graceful_books\node_modules\react-router\dist\umd\react-router.development.js:1207:17)
    at BrowserRouter (C:\Users\Admin\graceful_books\node_modules\react-router-dom\dist\umd\react-router-dom.development.js:695:7)

[90mstderr[2m | src/pages/auth/Signup.test.tsx[2m > [22m[2mSignup Page with Charity Selection[2m > [22m[2maccount creation[2m > [22m[2mshould save user data to localStorage on signup
[22m[39mWarning: An update to Signup inside a test was not wrapped in act(...).

When testing, code that causes React state updates should be wrapped into act(...):

act(() => {
  /* fire events that update state */
});
/* assert on the output */

This ensures that you're testing the behavior the user would see in the browser. Learn more at https://reactjs.org/link/wrap-tests-with-act
    at Signup (C:/Users/Admin/graceful_books/src/pages/auth/Signup.tsx:8:61)
    at Router (C:\Users\Admin\graceful_books\node_modules\react-router\dist\umd\react-router.development.js:1207:17)
    at BrowserRouter (C:\Users\Admin\graceful_books\node_modules\react-router-dom\dist\umd\react-router-dom.development.js:695:7)

[90mstderr[2m | src/pages/auth/Signup.test.tsx[2m > [22m[2mSignup Page with Charity Selection[2m > [22m[2maccount creation[2m > [22m[2mshould save user data to localStorage on signup
[22m[39mWarning: An update to Signup inside a test was not wrapped in act(...).

When testing, code that causes React state updates should be wrapped into act(...):

act(() => {
  /* fire events that update state */
});
/* assert on the output */

This ensures that you're testing the behavior the user would see in the browser. Learn more at https://reactjs.org/link/wrap-tests-with-act
    at Signup (C:/Users/Admin/graceful_books/src/pages/auth/Signup.tsx:8:61)
    at Router (C:\Users\Admin\graceful_books\node_modules\react-router\dist\umd\react-router.development.js:1207:17)
    at BrowserRouter (C:\Users\Admin\graceful_books\node_modules\react-router-dom\dist\umd\react-router-dom.development.js:695:7)

[90mstderr[2m | src/pages/auth/Signup.test.tsx[2m > [22m[2mSignup Page with Charity Selection[2m > [22m[2maccount creation[2m > [22m[2mshould save user data to localStorage on signup
[22m[39mWarning: An update to Signup inside a test was not wrapped in act(...).

When testing, code that causes React state updates should be wrapped into act(...):

act(() => {
  /* fire events that update state */
});
/* assert on the output */

This ensures that you're testing the behavior the user would see in the browser. Learn more at https://reactjs.org/link/wrap-tests-with-act
    at Signup (C:/Users/Admin/graceful_books/src/pages/auth/Signup.tsx:8:61)
    at Router (C:\Users\Admin\graceful_books\node_modules\react-router\dist\umd\react-router.development.js:1207:17)
    at BrowserRouter (C:\Users\Admin\graceful_books\node_modules\react-router-dom\dist\umd\react-router-dom.development.js:695:7)

[90mstderr[2m | src/pages/auth/Signup.test.tsx[2m > [22m[2mSignup Page with Charity Selection[2m > [22m[2maccount creation[2m > [22m[2mshould save user data to localStorage on signup
[22m[39mWarning: An update to Signup inside a test was not wrapped in act(...).

When testing, code that causes React state updates should be wrapped into act(...):

act(() => {
  /* fire events that update state */
});
/* assert on the output */

This ensures that you're testing the behavior the user would see in the browser. Learn more at https://reactjs.org/link/wrap-tests-with-act
    at Signup (C:/Users/Admin/graceful_books/src/pages/auth/Signup.tsx:8:61)
    at Router (C:\Users\Admin\graceful_books\node_modules\react-router\dist\umd\react-router.development.js:1207:17)
    at BrowserRouter (C:\Users\Admin\graceful_books\node_modules\react-router-dom\dist\umd\react-router-dom.development.js:695:7)

[90mstderr[2m | src/pages/auth/Signup.test.tsx[2m > [22m[2mSignup Page with Charity Selection[2m > [22m[2maccount creation[2m > [22m[2mshould save user data to localStorage on signup
[22m[39mWarning: An update to Signup inside a test was not wrapped in act(...).

When testing, code that causes React state updates should be wrapped into act(...):

act(() => {
  /* fire events that update state */
});
/* assert on the output */

This ensures that you're testing the behavior the user would see in the browser. Learn more at https://reactjs.org/link/wrap-tests-with-act
    at Signup (C:/Users/Admin/graceful_books/src/pages/auth/Signup.tsx:8:61)
    at Router (C:\Users\Admin\graceful_books\node_modules\react-router\dist\umd\react-router.development.js:1207:17)
    at BrowserRouter (C:\Users\Admin\graceful_books\node_modules\react-router-dom\dist\umd\react-router-dom.development.js:695:7)

[90mstderr[2m | src/pages/auth/Signup.test.tsx[2m > [22m[2mSignup Page with Charity Selection[2m > [22m[2maccount creation[2m > [22m[2mshould save user data to localStorage on signup
[22m[39mWarning: An update to Signup inside a test was not wrapped in act(...).

When testing, code that causes React state updates should be wrapped into act(...):

act(() => {
  /* fire events that update state */
});
/* assert on the output */

This ensures that you're testing the behavior the user would see in the browser. Learn more at https://reactjs.org/link/wrap-tests-with-act
    at Signup (C:/Users/Admin/graceful_books/src/pages/auth/Signup.tsx:8:61)
    at Router (C:\Users\Admin\graceful_books\node_modules\react-router\dist\umd\react-router.development.js:1207:17)
    at BrowserRouter (C:\Users\Admin\graceful_books\node_modules\react-router-dom\dist\umd\react-router-dom.development.js:695:7)

[90mstderr[2m | src/pages/auth/Signup.test.tsx[2m > [22m[2mSignup Page with Charity Selection[2m > [22m[2maccount creation[2m > [22m[2mshould save user data to localStorage on signup
[22m[39mWarning: An update to Signup inside a test was not wrapped in act(...).

When testing, code that causes React state updates should be wrapped into act(...):

act(() => {
  /* fire events that update state */
});
/* assert on the output */

This ensures that you're testing the behavior the user would see in the browser. Learn more at https://reactjs.org/link/wrap-tests-with-act
    at Signup (C:/Users/Admin/graceful_books/src/pages/auth/Signup.tsx:8:61)
    at Router (C:\Users\Admin\graceful_books\node_modules\react-router\dist\umd\react-router.development.js:1207:17)
    at BrowserRouter (C:\Users\Admin\graceful_books\node_modules\react-router-dom\dist\umd\react-router-dom.development.js:695:7)

[90mstderr[2m | src/pages/auth/Signup.test.tsx[2m > [22m[2mSignup Page with Charity Selection[2m > [22m[2maccount creation[2m > [22m[2mshould save user data to localStorage on signup
[22m[39mWarning: An update to Signup inside a test was not wrapped in act(...).

When testing, code that causes React state updates should be wrapped into act(...):

act(() => {
  /* fire events that update state */
});
/* assert on the output */

This ensures that you're testing the behavior the user would see in the browser. Learn more at https://reactjs.org/link/wrap-tests-with-act
    at Signup (C:/Users/Admin/graceful_books/src/pages/auth/Signup.tsx:8:61)
    at Router (C:\Users\Admin\graceful_books\node_modules\react-router\dist\umd\react-router.development.js:1207:17)
    at BrowserRouter (C:\Users\Admin\graceful_books\node_modules\react-router-dom\dist\umd\react-router-dom.development.js:695:7)

[90mstderr[2m | src/pages/auth/Signup.test.tsx[2m > [22m[2mSignup Page with Charity Selection[2m > [22m[2maccount creation[2m > [22m[2mshould save user data to localStorage on signup
[22m[39mWarning: An update to Signup inside a test was not wrapped in act(...).

When testing, code that causes React state updates should be wrapped into act(...):

act(() => {
  /* fire events that update state */
});
/* assert on the output */

This ensures that you're testing the behavior the user would see in the browser. Learn more at https://reactjs.org/link/wrap-tests-with-act
    at Signup (C:/Users/Admin/graceful_books/src/pages/auth/Signup.tsx:8:61)
    at Router (C:\Users\Admin\graceful_books\node_modules\react-router\dist\umd\react-router.development.js:1207:17)
    at BrowserRouter (C:\Users\Admin\graceful_books\node_modules\react-router-dom\dist\umd\react-router-dom.development.js:695:7)

[90mstderr[2m | src/pages/auth/Signup.test.tsx[2m > [22m[2mSignup Page with Charity Selection[2m > [22m[2maccount creation[2m > [22m[2mshould save user data to localStorage on signup
[22m[39mWarning: An update to Signup inside a test was not wrapped in act(...).

When testing, code that causes React state updates should be wrapped into act(...):

act(() => {
  /* fire events that update state */
});
/* assert on the output */

This ensures that you're testing the behavior the user would see in the browser. Learn more at https://reactjs.org/link/wrap-tests-with-act
    at Signup (C:/Users/Admin/graceful_books/src/pages/auth/Signup.tsx:8:61)
    at Router (C:\Users\Admin\graceful_books\node_modules\react-router\dist\umd\react-router.development.js:1207:17)
    at BrowserRouter (C:\Users\Admin\graceful_books\node_modules\react-router-dom\dist\umd\react-router-dom.development.js:695:7)

[90mstderr[2m | src/pages/auth/Signup.test.tsx[2m > [22m[2mSignup Page with Charity Selection[2m > [22m[2maccount creation[2m > [22m[2mshould save user data to localStorage on signup
[22m[39mWarning: An update to Signup inside a test was not wrapped in act(...).

When testing, code that causes React state updates should be wrapped into act(...):

act(() => {
  /* fire events that update state */
});
/* assert on the output */

This ensures that you're testing the behavior the user would see in the browser. Learn more at https://reactjs.org/link/wrap-tests-with-act
    at Signup (C:/Users/Admin/graceful_books/src/pages/auth/Signup.tsx:8:61)
    at Router (C:\Users\Admin\graceful_books\node_modules\react-router\dist\umd\react-router.development.js:1207:17)
    at BrowserRouter (C:\Users\Admin\graceful_books\node_modules\react-router-dom\dist\umd\react-router-dom.development.js:695:7)

[90mstderr[2m | src/pages/auth/Signup.test.tsx[2m > [22m[2mSignup Page with Charity Selection[2m > [22m[2maccount creation[2m > [22m[2mshould save user data to localStorage on signup
[22m[39mWarning: An update to Signup inside a test was not wrapped in act(...).

When testing, code that causes React state updates should be wrapped into act(...):

act(() => {
  /* fire events that update state */
});
/* assert on the output */

This ensures that you're testing the behavior the user would see in the browser. Learn more at https://reactjs.org/link/wrap-tests-with-act
    at Signup (C:/Users/Admin/graceful_books/src/pages/auth/Signup.tsx:8:61)
    at Router (C:\Users\Admin\graceful_books\node_modules\react-router\dist\umd\react-router.development.js:1207:17)
    at BrowserRouter (C:\Users\Admin\graceful_books\node_modules\react-router-dom\dist\umd\react-router-dom.development.js:695:7)

[90mstderr[2m | src/pages/auth/Signup.test.tsx[2m > [22m[2mSignup Page with Charity Selection[2m > [22m[2maccount creation[2m > [22m[2mshould save user data to localStorage on signup
[22m[39mWarning: An update to Signup inside a test was not wrapped in act(...).

When testing, code that causes React state updates should be wrapped into act(...):

act(() => {
  /* fire events that update state */
});
/* assert on the output */

This ensures that you're testing the behavior the user would see in the browser. Learn more at https://reactjs.org/link/wrap-tests-with-act
    at Signup (C:/Users/Admin/graceful_books/src/pages/auth/Signup.tsx:8:61)
    at Router (C:\Users\Admin\graceful_books\node_modules\react-router\dist\umd\react-router.development.js:1207:17)
    at BrowserRouter (C:\Users\Admin\graceful_books\node_modules\react-router-dom\dist\umd\react-router-dom.development.js:695:7)

[90mstderr[2m | src/pages/auth/Signup.test.tsx[2m > [22m[2mSignup Page with Charity Selection[2m > [22m[2maccount creation[2m > [22m[2mshould save user data to localStorage on signup
[22m[39mWarning: An update to Signup inside a test was not wrapped in act(...).

When testing, code that causes React state updates should be wrapped into act(...):

act(() => {
  /* fire events that update state */
});
/* assert on the output */

This ensures that you're testing the behavior the user would see in the browser. Learn more at https://reactjs.org/link/wrap-tests-with-act
    at Signup (C:/Users/Admin/graceful_books/src/pages/auth/Signup.tsx:8:61)
    at Router (C:\Users\Admin\graceful_books\node_modules\react-router\dist\umd\react-router.development.js:1207:17)
    at BrowserRouter (C:\Users\Admin\graceful_books\node_modules\react-router-dom\dist\umd\react-router-dom.development.js:695:7)

[90mstderr[2m | src/pages/auth/Signup.test.tsx[2m > [22m[2mSignup Page with Charity Selection[2m > [22m[2maccount creation[2m > [22m[2mshould save user data to localStorage on signup
[22m[39mWarning: An update to Signup inside a test was not wrapped in act(...).

When testing, code that causes React state updates should be wrapped into act(...):

act(() => {
  /* fire events that update state */
});
/* assert on the output */

This ensures that you're testing the behavior the user would see in the browser. Learn more at https://reactjs.org/link/wrap-tests-with-act
    at Signup (C:/Users/Admin/graceful_books/src/pages/auth/Signup.tsx:8:61)
    at Router (C:\Users\Admin\graceful_books\node_modules\react-router\dist\umd\react-router.development.js:1207:17)
    at BrowserRouter (C:\Users\Admin\graceful_books\node_modules\react-router-dom\dist\umd\react-router-dom.development.js:695:7)

[90mstderr[2m | src/pages/auth/Signup.test.tsx[2m > [22m[2mSignup Page with Charity Selection[2m > [22m[2maccount creation[2m > [22m[2mshould save user data to localStorage on signup
[22m[39mWarning: An update to Signup inside a test was not wrapped in act(...).

When testing, code that causes React state updates should be wrapped into act(...):

act(() => {
  /* fire events that update state */
});
/* assert on the output */

This ensures that you're testing the behavior the user would see in the browser. Learn more at https://reactjs.org/link/wrap-tests-with-act
    at Signup (C:/Users/Admin/graceful_books/src/pages/auth/Signup.tsx:8:61)
    at Router (C:\Users\Admin\graceful_books\node_modules\react-router\dist\umd\react-router.development.js:1207:17)
    at BrowserRouter (C:\Users\Admin\graceful_books\node_modules\react-router-dom\dist\umd\react-router-dom.development.js:695:7)

[90mstderr[2m | src/pages/auth/Signup.test.tsx[2m > [22m[2mSignup Page with Charity Selection[2m > [22m[2maccount creation[2m > [22m[2mshould save user data to localStorage on signup
[22m[39mWarning: An update to Signup inside a test was not wrapped in act(...).

When testing, code that causes React state updates should be wrapped into act(...):

act(() => {
  /* fire events that update state */
});
/* assert on the output */

This ensures that you're testing the behavior the user would see in the browser. Learn more at https://reactjs.org/link/wrap-tests-with-act
    at Signup (C:/Users/Admin/graceful_books/src/pages/auth/Signup.tsx:8:61)
    at Router (C:\Users\Admin\graceful_books\node_modules\react-router\dist\umd\react-router.development.js:1207:17)
    at BrowserRouter (C:\Users\Admin\graceful_books\node_modules\react-router-dom\dist\umd\react-router-dom.development.js:695:7)

[90mstderr[2m | src/pages/auth/Signup.test.tsx[2m > [22m[2mSignup Page with Charity Selection[2m > [22m[2maccount creation[2m > [22m[2mshould save user data to localStorage on signup
[22m[39mWarning: An update to Signup inside a test was not wrapped in act(...).

When testing, code that causes React state updates should be wrapped into act(...):

act(() => {
  /* fire events that update state */
});
/* assert on the output */

This ensures that you're testing the behavior the user would see in the browser. Learn more at https://reactjs.org/link/wrap-tests-with-act
    at Signup (C:/Users/Admin/graceful_books/src/pages/auth/Signup.tsx:8:61)
    at Router (C:\Users\Admin\graceful_books\node_modules\react-router\dist\umd\react-router.development.js:1207:17)
    at BrowserRouter (C:\Users\Admin\graceful_books\node_modules\react-router-dom\dist\umd\react-router-dom.development.js:695:7)

[90mstderr[2m | src/pages/auth/Signup.test.tsx[2m > [22m[2mSignup Page with Charity Selection[2m > [22m[2maccount creation[2m > [22m[2mshould save user data to localStorage on signup
[22m[39mWarning: An update to Signup inside a test was not wrapped in act(...).

When testing, code that causes React state updates should be wrapped into act(...):

act(() => {
  /* fire events that update state */
});
/* assert on the output */

This ensures that you're testing the behavior the user would see in the browser. Learn more at https://reactjs.org/link/wrap-tests-with-act
    at Signup (C:/Users/Admin/graceful_books/src/pages/auth/Signup.tsx:8:61)
    at Router (C:\Users\Admin\graceful_books\node_modules\react-router\dist\umd\react-router.development.js:1207:17)
    at BrowserRouter (C:\Users\Admin\graceful_books\node_modules\react-router-dom\dist\umd\react-router-dom.development.js:695:7)

[90mstderr[2m | src/pages/auth/Signup.test.tsx[2m > [22m[2mSignup Page with Charity Selection[2m > [22m[2maccount creation[2m > [22m[2mshould save user data to localStorage on signup
[22m[39mWarning: An update to Signup inside a test was not wrapped in act(...).

When testing, code that causes React state updates should be wrapped into act(...):

act(() => {
  /* fire events that update state */
});
/* assert on the output */

This ensures that you're testing the behavior the user would see in the browser. Learn more at https://reactjs.org/link/wrap-tests-with-act
    at Signup (C:/Users/Admin/graceful_books/src/pages/auth/Signup.tsx:8:61)
    at Router (C:\Users\Admin\graceful_books\node_modules\react-router\dist\umd\react-router.development.js:1207:17)
    at BrowserRouter (C:\Users\Admin\graceful_books\node_modules\react-router-dom\dist\umd\react-router-dom.development.js:695:7)

[90mstderr[2m | src/pages/auth/Signup.test.tsx[2m > [22m[2mSignup Page with Charity Selection[2m > [22m[2maccount creation[2m > [22m[2mshould save user data to localStorage on signup
[22m[39mWarning: An update to Signup inside a test was not wrapped in act(...).

When testing, code that causes React state updates should be wrapped into act(...):

act(() => {
  /* fire events that update state */
});
/* assert on the output */

This ensures that you're testing the behavior the user would see in the browser. Learn more at https://reactjs.org/link/wrap-tests-with-act
    at Signup (C:/Users/Admin/graceful_books/src/pages/auth/Signup.tsx:8:61)
    at Router (C:\Users\Admin\graceful_books\node_modules\react-router\dist\umd\react-router.development.js:1207:17)
    at BrowserRouter (C:\Users\Admin\graceful_books\node_modules\react-router-dom\dist\umd\react-router-dom.development.js:695:7)

[90mstderr[2m | src/pages/auth/Signup.test.tsx[2m > [22m[2mSignup Page with Charity Selection[2m > [22m[2maccount creation[2m > [22m[2mshould save user data to localStorage on signup
[22m[39mWarning: An update to Signup inside a test was not wrapped in act(...).

When testing, code that causes React state updates should be wrapped into act(...):

act(() => {
  /* fire events that update state */
});
/* assert on the output */

This ensures that you're testing the behavior the user would see in the browser. Learn more at https://reactjs.org/link/wrap-tests-with-act
    at Signup (C:/Users/Admin/graceful_books/src/pages/auth/Signup.tsx:8:61)
    at Router (C:\Users\Admin\graceful_books\node_modules\react-router\dist\umd\react-router.development.js:1207:17)
    at BrowserRouter (C:\Users\Admin\graceful_books\node_modules\react-router-dom\dist\umd\react-router-dom.development.js:695:7)

[90mstderr[2m | src/pages/auth/Signup.test.tsx[2m > [22m[2mSignup Page with Charity Selection[2m > [22m[2maccount creation[2m > [22m[2mshould save user data to localStorage on signup
[22m[39mWarning: An update to Signup inside a test was not wrapped in act(...).

When testing, code that causes React state updates should be wrapped into act(...):

act(() => {
  /* fire events that update state */
});
/* assert on the output */

This ensures that you're testing the behavior the user would see in the browser. Learn more at https://reactjs.org/link/wrap-tests-with-act
    at Signup (C:/Users/Admin/graceful_books/src/pages/auth/Signup.tsx:8:61)
    at Router (C:\Users\Admin\graceful_books\node_modules\react-router\dist\umd\react-router.development.js:1207:17)
    at BrowserRouter (C:\Users\Admin\graceful_books\node_modules\react-router-dom\dist\umd\react-router-dom.development.js:695:7)

[90mstderr[2m | src/pages/auth/Signup.test.tsx[2m > [22m[2mSignup Page with Charity Selection[2m > [22m[2maccount creation[2m > [22m[2mshould save user data to localStorage on signup
[22m[39mWarning: An update to Signup inside a test was not wrapped in act(...).

When testing, code that causes React state updates should be wrapped into act(...):

act(() => {
  /* fire events that update state */
});
/* assert on the output */

This ensures that you're testing the behavior the user would see in the browser. Learn more at https://reactjs.org/link/wrap-tests-with-act
    at Signup (C:/Users/Admin/graceful_books/src/pages/auth/Signup.tsx:8:61)
    at Router (C:\Users\Admin\graceful_books\node_modules\react-router\dist\umd\react-router.development.js:1207:17)
    at BrowserRouter (C:\Users\Admin\graceful_books\node_modules\react-router-dom\dist\umd\react-router-dom.development.js:695:7)

[90mstderr[2m | src/pages/auth/Signup.test.tsx[2m > [22m[2mSignup Page with Charity Selection[2m > [22m[2maccount creation[2m > [22m[2mshould save user data to localStorage on signup
[22m[39mWarning: An update to Signup inside a test was not wrapped in act(...).

When testing, code that causes React state updates should be wrapped into act(...):

act(() => {
  /* fire events that update state */
});
/* assert on the output */

This ensures that you're testing the behavior the user would see in the browser. Learn more at https://reactjs.org/link/wrap-tests-with-act
    at Signup (C:/Users/Admin/graceful_books/src/pages/auth/Signup.tsx:8:61)
    at Router (C:\Users\Admin\graceful_books\node_modules\react-router\dist\umd\react-router.development.js:1207:17)
    at BrowserRouter (C:\Users\Admin\graceful_books\node_modules\react-router-dom\dist\umd\react-router-dom.development.js:695:7)

[90mstderr[2m | src/pages/auth/Signup.test.tsx[2m > [22m[2mSignup Page with Charity Selection[2m > [22m[2maccount creation[2m > [22m[2mshould save user data to localStorage on signup
[22m[39mWarning: An update to Signup inside a test was not wrapped in act(...).

When testing, code that causes React state updates should be wrapped into act(...):

act(() => {
  /* fire events that update state */
});
/* assert on the output */

This ensures that you're testing the behavior the user would see in the browser. Learn more at https://reactjs.org/link/wrap-tests-with-act
    at Signup (C:/Users/Admin/graceful_books/src/pages/auth/Signup.tsx:8:61)
    at Router (C:\Users\Admin\graceful_books\node_modules\react-router\dist\umd\react-router.development.js:1207:17)
    at BrowserRouter (C:\Users\Admin\graceful_books\node_modules\react-router-dom\dist\umd\react-router-dom.development.js:695:7)

[90mstderr[2m | src/pages/auth/Signup.test.tsx[2m > [22m[2mSignup Page with Charity Selection[2m > [22m[2maccount creation[2m > [22m[2mshould save user data to localStorage on signup
[22m[39mWarning: An update to Signup inside a test was not wrapped in act(...).

When testing, code that causes React state updates should be wrapped into act(...):

act(() => {
  /* fire events that update state */
});
/* assert on the output */

This ensures that you're testing the behavior the user would see in the browser. Learn more at https://reactjs.org/link/wrap-tests-with-act
    at Signup (C:/Users/Admin/graceful_books/src/pages/auth/Signup.tsx:8:61)
    at Router (C:\Users\Admin\graceful_books\node_modules\react-router\dist\umd\react-router.development.js:1207:17)
    at BrowserRouter (C:\Users\Admin\graceful_books\node_modules\react-router-dom\dist\umd\react-router-dom.development.js:695:7)

[90mstderr[2m | src/pages/auth/Signup.test.tsx[2m > [22m[2mSignup Page with Charity Selection[2m > [22m[2maccount creation[2m > [22m[2mshould save user data to localStorage on signup
[22m[39mWarning: An update to Signup inside a test was not wrapped in act(...).

When testing, code that causes React state updates should be wrapped into act(...):

act(() => {
  /* fire events that update state */
});
/* assert on the output */

This ensures that you're testing the behavior the user would see in the browser. Learn more at https://reactjs.org/link/wrap-tests-with-act
    at Signup (C:/Users/Admin/graceful_books/src/pages/auth/Signup.tsx:8:61)
    at Router (C:\Users\Admin\graceful_books\node_modules\react-router\dist\umd\react-router.development.js:1207:17)
    at BrowserRouter (C:\Users\Admin\graceful_books\node_modules\react-router-dom\dist\umd\react-router-dom.development.js:695:7)

[90mstderr[2m | src/pages/auth/Signup.test.tsx[2m > [22m[2mSignup Page with Charity Selection[2m > [22m[2maccount creation[2m > [22m[2mshould save user data to localStorage on signup
[22m[39mWarning: An update to Signup inside a test was not wrapped in act(...).

When testing, code that causes React state updates should be wrapped into act(...):

act(() => {
  /* fire events that update state */
});
/* assert on the output */

This ensures that you're testing the behavior the user would see in the browser. Learn more at https://reactjs.org/link/wrap-tests-with-act
    at Signup (C:/Users/Admin/graceful_books/src/pages/auth/Signup.tsx:8:61)
    at Router (C:\Users\Admin\graceful_books\node_modules\react-router\dist\umd\react-router.development.js:1207:17)
    at BrowserRouter (C:\Users\Admin\graceful_books\node_modules\react-router-dom\dist\umd\react-router-dom.development.js:695:7)

[90mstderr[2m | src/pages/auth/Signup.test.tsx[2m > [22m[2mSignup Page with Charity Selection[2m > [22m[2maccount creation[2m > [22m[2mshould save user data to localStorage on signup
[22m[39mWarning: An update to Signup inside a test was not wrapped in act(...).

When testing, code that causes React state updates should be wrapped into act(...):

act(() => {
  /* fire events that update state */
});
/* assert on the output */

This ensures that you're testing the behavior the user would see in the browser. Learn more at https://reactjs.org/link/wrap-tests-with-act
    at Signup (C:/Users/Admin/graceful_books/src/pages/auth/Signup.tsx:8:61)
    at Router (C:\Users\Admin\graceful_books\node_modules\react-router\dist\umd\react-router.development.js:1207:17)
    at BrowserRouter (C:\Users\Admin\graceful_books\node_modules\react-router-dom\dist\umd\react-router-dom.development.js:695:7)

[90mstderr[2m | src/pages/auth/Signup.test.tsx[2m > [22m[2mSignup Page with Charity Selection[2m > [22m[2maccount creation[2m > [22m[2mshould save user data to localStorage on signup
[22m[39mWarning: An update to Signup inside a test was not wrapped in act(...).

When testing, code that causes React state updates should be wrapped into act(...):

act(() => {
  /* fire events that update state */
});
/* assert on the output */

This ensures that you're testing the behavior the user would see in the browser. Learn more at https://reactjs.org/link/wrap-tests-with-act
    at Signup (C:/Users/Admin/graceful_books/src/pages/auth/Signup.tsx:8:61)
    at Router (C:\Users\Admin\graceful_books\node_modules\react-router\dist\umd\react-router.development.js:1207:17)
    at BrowserRouter (C:\Users\Admin\graceful_books\node_modules\react-router-dom\dist\umd\react-router-dom.development.js:695:7)

[90mstderr[2m | src/pages/auth/Signup.test.tsx[2m > [22m[2mSignup Page with Charity Selection[2m > [22m[2maccount creation[2m > [22m[2mshould save user data to localStorage on signup
[22m[39mWarning: An update to Signup inside a test was not wrapped in act(...).

When testing, code that causes React state updates should be wrapped into act(...):

act(() => {
  /* fire events that update state */
});
/* assert on the output */

This ensures that you're testing the behavior the user would see in the browser. Learn more at https://reactjs.org/link/wrap-tests-with-act
    at Signup (C:/Users/Admin/graceful_books/src/pages/auth/Signup.tsx:8:61)
    at Router (C:\Users\Admin\graceful_books\node_modules\react-router\dist\umd\react-router.development.js:1207:17)
    at BrowserRouter (C:\Users\Admin\graceful_books\node_modules\react-router-dom\dist\umd\react-router-dom.development.js:695:7)

[90mstderr[2m | src/pages/auth/Signup.test.tsx[2m > [22m[2mSignup Page with Charity Selection[2m > [22m[2maccount creation[2m > [22m[2mshould save user data to localStorage on signup
[22m[39mWarning: An update to Signup inside a test was not wrapped in act(...).

When testing, code that causes React state updates should be wrapped into act(...):

act(() => {
  /* fire events that update state */
});
/* assert on the output */

This ensures that you're testing the behavior the user would see in the browser. Learn more at https://reactjs.org/link/wrap-tests-with-act
    at Signup (C:/Users/Admin/graceful_books/src/pages/auth/Signup.tsx:8:61)
    at Router (C:\Users\Admin\graceful_books\node_modules\react-router\dist\umd\react-router.development.js:1207:17)
    at BrowserRouter (C:\Users\Admin\graceful_books\node_modules\react-router-dom\dist\umd\react-router-dom.development.js:695:7)

[90mstderr[2m | src/pages/auth/Signup.test.tsx[2m > [22m[2mSignup Page with Charity Selection[2m > [22m[2maccount creation[2m > [22m[2mshould save user data to localStorage on signup
[22m[39mWarning: An update to Signup inside a test was not wrapped in act(...).

When testing, code that causes React state updates should be wrapped into act(...):

act(() => {
  /* fire events that update state */
});
/* assert on the output */

This ensures that you're testing the behavior the user would see in the browser. Learn more at https://reactjs.org/link/wrap-tests-with-act
    at Signup (C:/Users/Admin/graceful_books/src/pages/auth/Signup.tsx:8:61)
    at Router (C:\Users\Admin\graceful_books\node_modules\react-router\dist\umd\react-router.development.js:1207:17)
    at BrowserRouter (C:\Users\Admin\graceful_books\node_modules\react-router-dom\dist\umd\react-router-dom.development.js:695:7)

[90mstderr[2m | src/pages/auth/Signup.test.tsx[2m > [22m[2mSignup Page with Charity Selection[2m > [22m[2maccount creation[2m > [22m[2mshould save user data to localStorage on signup
[22m[39mWarning: An update to Signup inside a test was not wrapped in act(...).

When testing, code that causes React state updates should be wrapped into act(...):

act(() => {
  /* fire events that update state */
});
/* assert on the output */

This ensures that you're testing the behavior the user would see in the browser. Learn more at https://reactjs.org/link/wrap-tests-with-act
    at Signup (C:/Users/Admin/graceful_books/src/pages/auth/Signup.tsx:8:61)
    at Router (C:\Users\Admin\graceful_books\node_modules\react-router\dist\umd\react-router.development.js:1207:17)
    at BrowserRouter (C:\Users\Admin\graceful_books\node_modules\react-router-dom\dist\umd\react-router-dom.development.js:695:7)

[90mstderr[2m | src/pages/auth/Signup.test.tsx[2m > [22m[2mSignup Page with Charity Selection[2m > [22m[2maccount creation[2m > [22m[2mshould save user data to localStorage on signup
[22m[39mWarning: An update to Signup inside a test was not wrapped in act(...).

When testing, code that causes React state updates should be wrapped into act(...):

act(() => {
  /* fire events that update state */
});
/* assert on the output */

This ensures that you're testing the behavior the user would see in the browser. Learn more at https://reactjs.org/link/wrap-tests-with-act
    at Signup (C:/Users/Admin/graceful_books/src/pages/auth/Signup.tsx:8:61)
    at Router (C:\Users\Admin\graceful_books\node_modules\react-router\dist\umd\react-router.development.js:1207:17)
    at BrowserRouter (C:\Users\Admin\graceful_books\node_modules\react-router-dom\dist\umd\react-router-dom.development.js:695:7)

[90mstderr[2m | src/pages/auth/Signup.test.tsx[2m > [22m[2mSignup Page with Charity Selection[2m > [22m[2maccount creation[2m > [22m[2mshould save user data to localStorage on signup
[22m[39mWarning: An update to Signup inside a test was not wrapped in act(...).

When testing, code that causes React state updates should be wrapped into act(...):

act(() => {
  /* fire events that update state */
});
/* assert on the output */

This ensures that you're testing the behavior the user would see in the browser. Learn more at https://reactjs.org/link/wrap-tests-with-act
    at Signup (C:/Users/Admin/graceful_books/src/pages/auth/Signup.tsx:8:61)
    at Router (C:\Users\Admin\graceful_books\node_modules\react-router\dist\umd\react-router.development.js:1207:17)
    at BrowserRouter (C:\Users\Admin\graceful_books\node_modules\react-router-dom\dist\umd\react-router-dom.development.js:695:7)

[90mstderr[2m | src/pages/auth/Signup.test.tsx[2m > [22m[2mSignup Page with Charity Selection[2m > [22m[2maccount creation[2m > [22m[2mshould save user data to localStorage on signup
[22m[39mWarning: An update to Signup inside a test was not wrapped in act(...).

When testing, code that causes React state updates should be wrapped into act(...):

act(() => {
  /* fire events that update state */
});
/* assert on the output */

This ensures that you're testing the behavior the user would see in the browser. Learn more at https://reactjs.org/link/wrap-tests-with-act
    at Signup (C:/Users/Admin/graceful_books/src/pages/auth/Signup.tsx:8:61)
    at Router (C:\Users\Admin\graceful_books\node_modules\react-router\dist\umd\react-router.development.js:1207:17)
    at BrowserRouter (C:\Users\Admin\graceful_books\node_modules\react-router-dom\dist\umd\react-router-dom.development.js:695:7)

[90mstderr[2m | src/pages/auth/Signup.test.tsx[2m > [22m[2mSignup Page with Charity Selection[2m > [22m[2maccount creation[2m > [22m[2mshould save user data to localStorage on signup
[22m[39mWarning: An update to CharitySelector inside a test was not wrapped in act(...).

When testing, code that causes React state updates should be wrapped into act(...):

act(() => {
  /* fire events that update state */
});
/* assert on the output */

This ensures that you're testing the behavior the user would see in the browser. Learn more at https://reactjs.org/link/wrap-tests-with-act
    at CharitySelector (C:/Users/Admin/graceful_books/src/components/charity/CharitySelector.tsx:9:3)
    at div
    at div
    at Signup (C:/Users/Admin/graceful_books/src/pages/auth/Signup.tsx:8:61)
    at Router (C:\Users\Admin\graceful_books\node_modules\react-router\dist\umd\react-router.development.js:1207:17)
    at BrowserRouter (C:\Users\Admin\graceful_books\node_modules\react-router-dom\dist\umd\react-router-dom.development.js:695:7)
Warning: An update to CharitySelector inside a test was not wrapped in act(...).

When testing, code that causes React state updates should be wrapped into act(...):

act(() => {
  /* fire events that update state */
});
/* assert on the output */

This ensures that you're testing the behavior the user would see in the browser. Learn more at https://reactjs.org/link/wrap-tests-with-act
    at CharitySelector (C:/Users/Admin/graceful_books/src/components/charity/CharitySelector.tsx:9:3)
    at div
    at div
    at Signup (C:/Users/Admin/graceful_books/src/pages/auth/Signup.tsx:8:61)
    at Router (C:\Users\Admin\graceful_books\node_modules\react-router\dist\umd\react-router.development.js:1207:17)
    at BrowserRouter (C:\Users\Admin\graceful_books\node_modules\react-router-dom\dist\umd\react-router-dom.development.js:695:7)

[90mstderr[2m | src/pages/auth/Signup.test.tsx[2m > [22m[2mSignup Page with Charity Selection[2m > [22m[2maccount creation[2m > [22m[2mshould save user data to localStorage on signup
[22m[39mWarning: An update to Signup inside a test was not wrapped in act(...).

When testing, code that causes React state updates should be wrapped into act(...):

act(() => {
  /* fire events that update state */
});
/* assert on the output */

This ensures that you're testing the behavior the user would see in the browser. Learn more at https://reactjs.org/link/wrap-tests-with-act
    at Signup (C:/Users/Admin/graceful_books/src/pages/auth/Signup.tsx:8:61)
    at Router (C:\Users\Admin\graceful_books\node_modules\react-router\dist\umd\react-router.development.js:1207:17)
    at BrowserRouter (C:\Users\Admin\graceful_books\node_modules\react-router-dom\dist\umd\react-router-dom.development.js:695:7)

[90mstderr[2m | src/pages/auth/Signup.test.tsx[2m > [22m[2mSignup Page with Charity Selection[2m > [22m[2maccount creation[2m > [22m[2mshould navigate to onboarding after signup
[22m[39mWarning: An update to Signup inside a test was not wrapped in act(...).

When testing, code that causes React state updates should be wrapped into act(...):

act(() => {
  /* fire events that update state */
});
/* assert on the output */

This ensures that you're testing the behavior the user would see in the browser. Learn more at https://reactjs.org/link/wrap-tests-with-act
    at Signup (C:/Users/Admin/graceful_books/src/pages/auth/Signup.tsx:8:61)
    at Router (C:\Users\Admin\graceful_books\node_modules\react-router\dist\umd\react-router.development.js:1207:17)
    at BrowserRouter (C:\Users\Admin\graceful_books\node_modules\react-router-dom\dist\umd\react-router-dom.development.js:695:7)

[90mstderr[2m | src/pages/auth/Signup.test.tsx[2m > [22m[2mSignup Page with Charity Selection[2m > [22m[2maccount creation[2m > [22m[2mshould navigate to onboarding after signup
[22m[39mWarning: An update to Signup inside a test was not wrapped in act(...).

When testing, code that causes React state updates should be wrapped into act(...):

act(() => {
  /* fire events that update state */
});
/* assert on the output */

This ensures that you're testing the behavior the user would see in the browser. Learn more at https://reactjs.org/link/wrap-tests-with-act
    at Signup (C:/Users/Admin/graceful_books/src/pages/auth/Signup.tsx:8:61)
    at Router (C:\Users\Admin\graceful_books\node_modules\react-router\dist\umd\react-router.development.js:1207:17)
    at BrowserRouter (C:\Users\Admin\graceful_books\node_modules\react-router-dom\dist\umd\react-router-dom.development.js:695:7)

[90mstderr[2m | src/pages/auth/Signup.test.tsx[2m > [22m[2mSignup Page with Charity Selection[2m > [22m[2maccount creation[2m > [22m[2mshould navigate to onboarding after signup
[22m[39mWarning: An update to Signup inside a test was not wrapped in act(...).

When testing, code that causes React state updates should be wrapped into act(...):

act(() => {
  /* fire events that update state */
});
/* assert on the output */

This ensures that you're testing the behavior the user would see in the browser. Learn more at https://reactjs.org/link/wrap-tests-with-act
    at Signup (C:/Users/Admin/graceful_books/src/pages/auth/Signup.tsx:8:61)
    at Router (C:\Users\Admin\graceful_books\node_modules\react-router\dist\umd\react-router.development.js:1207:17)
    at BrowserRouter (C:\Users\Admin\graceful_books\node_modules\react-router-dom\dist\umd\react-router-dom.development.js:695:7)

[90mstderr[2m | src/pages/auth/Signup.test.tsx[2m > [22m[2mSignup Page with Charity Selection[2m > [22m[2maccount creation[2m > [22m[2mshould navigate to onboarding after signup
[22m[39mWarning: An update to Signup inside a test was not wrapped in act(...).

When testing, code that causes React state updates should be wrapped into act(...):

act(() => {
  /* fire events that update state */
});
/* assert on the output */

This ensures that you're testing the behavior the user would see in the browser. Learn more at https://reactjs.org/link/wrap-tests-with-act
    at Signup (C:/Users/Admin/graceful_books/src/pages/auth/Signup.tsx:8:61)
    at Router (C:\Users\Admin\graceful_books\node_modules\react-router\dist\umd\react-router.development.js:1207:17)
    at BrowserRouter (C:\Users\Admin\graceful_books\node_modules\react-router-dom\dist\umd\react-router-dom.development.js:695:7)

[90mstderr[2m | src/pages/auth/Signup.test.tsx[2m > [22m[2mSignup Page with Charity Selection[2m > [22m[2maccount creation[2m > [22m[2mshould navigate to onboarding after signup
[22m[39mWarning: An update to Signup inside a test was not wrapped in act(...).

When testing, code that causes React state updates should be wrapped into act(...):

act(() => {
  /* fire events that update state */
});
/* assert on the output */

This ensures that you're testing the behavior the user would see in the browser. Learn more at https://reactjs.org/link/wrap-tests-with-act
    at Signup (C:/Users/Admin/graceful_books/src/pages/auth/Signup.tsx:8:61)
    at Router (C:\Users\Admin\graceful_books\node_modules\react-router\dist\umd\react-router.development.js:1207:17)
    at BrowserRouter (C:\Users\Admin\graceful_books\node_modules\react-router-dom\dist\umd\react-router-dom.development.js:695:7)

[90mstderr[2m | src/pages/auth/Signup.test.tsx[2m > [22m[2mSignup Page with Charity Selection[2m > [22m[2maccount creation[2m > [22m[2mshould navigate to onboarding after signup
[22m[39mWarning: An update to Signup inside a test was not wrapped in act(...).

When testing, code that causes React state updates should be wrapped into act(...):

act(() => {
  /* fire events that update state */
});
/* assert on the output */

This ensures that you're testing the behavior the user would see in the browser. Learn more at https://reactjs.org/link/wrap-tests-with-act
    at Signup (C:/Users/Admin/graceful_books/src/pages/auth/Signup.tsx:8:61)
    at Router (C:\Users\Admin\graceful_books\node_modules\react-router\dist\umd\react-router.development.js:1207:17)
    at BrowserRouter (C:\Users\Admin\graceful_books\node_modules\react-router-dom\dist\umd\react-router-dom.development.js:695:7)

[90mstderr[2m | src/pages/auth/Signup.test.tsx[2m > [22m[2mSignup Page with Charity Selection[2m > [22m[2maccount creation[2m > [22m[2mshould navigate to onboarding after signup
[22m[39mWarning: An update to Signup inside a test was not wrapped in act(...).

When testing, code that causes React state updates should be wrapped into act(...):

act(() => {
  /* fire events that update state */
});
/* assert on the output */

This ensures that you're testing the behavior the user would see in the browser. Learn more at https://reactjs.org/link/wrap-tests-with-act
    at Signup (C:/Users/Admin/graceful_books/src/pages/auth/Signup.tsx:8:61)
    at Router (C:\Users\Admin\graceful_books\node_modules\react-router\dist\umd\react-router.development.js:1207:17)
    at BrowserRouter (C:\Users\Admin\graceful_books\node_modules\react-router-dom\dist\umd\react-router-dom.development.js:695:7)

[90mstderr[2m | src/pages/auth/Signup.test.tsx[2m > [22m[2mSignup Page with Charity Selection[2m > [22m[2maccount creation[2m > [22m[2mshould navigate to onboarding after signup
[22m[39mWarning: An update to Signup inside a test was not wrapped in act(...).

When testing, code that causes React state updates should be wrapped into act(...):

act(() => {
  /* fire events that update state */
});
/* assert on the output */

This ensures that you're testing the behavior the user would see in the browser. Learn more at https://reactjs.org/link/wrap-tests-with-act
    at Signup (C:/Users/Admin/graceful_books/src/pages/auth/Signup.tsx:8:61)
    at Router (C:\Users\Admin\graceful_books\node_modules\react-router\dist\umd\react-router.development.js:1207:17)
    at BrowserRouter (C:\Users\Admin\graceful_books\node_modules\react-router-dom\dist\umd\react-router-dom.development.js:695:7)

[90mstderr[2m | src/pages/auth/Signup.test.tsx[2m > [22m[2mSignup Page with Charity Selection[2m > [22m[2maccount creation[2m > [22m[2mshould navigate to onboarding after signup
[22m[39mWarning: An update to Signup inside a test was not wrapped in act(...).

When testing, code that causes React state updates should be wrapped into act(...):

act(() => {
  /* fire events that update state */
});
/* assert on the output */

This ensures that you're testing the behavior the user would see in the browser. Learn more at https://reactjs.org/link/wrap-tests-with-act
    at Signup (C:/Users/Admin/graceful_books/src/pages/auth/Signup.tsx:8:61)
    at Router (C:\Users\Admin\graceful_books\node_modules\react-router\dist\umd\react-router.development.js:1207:17)
    at BrowserRouter (C:\Users\Admin\graceful_books\node_modules\react-router-dom\dist\umd\react-router-dom.development.js:695:7)

[90mstderr[2m | src/pages/auth/Signup.test.tsx[2m > [22m[2mSignup Page with Charity Selection[2m > [22m[2maccount creation[2m > [22m[2mshould navigate to onboarding after signup
[22m[39mWarning: An update to Signup inside a test was not wrapped in act(...).

When testing, code that causes React state updates should be wrapped into act(...):

act(() => {
  /* fire events that update state */
});
/* assert on the output */

This ensures that you're testing the behavior the user would see in the browser. Learn more at https://reactjs.org/link/wrap-tests-with-act
    at Signup (C:/Users/Admin/graceful_books/src/pages/auth/Signup.tsx:8:61)
    at Router (C:\Users\Admin\graceful_books\node_modules\react-router\dist\umd\react-router.development.js:1207:17)
    at BrowserRouter (C:\Users\Admin\graceful_books\node_modules\react-router-dom\dist\umd\react-router-dom.development.js:695:7)

[90mstderr[2m | src/pages/auth/Signup.test.tsx[2m > [22m[2mSignup Page with Charity Selection[2m > [22m[2maccount creation[2m > [22m[2mshould navigate to onboarding after signup
[22m[39mWarning: An update to Signup inside a test was not wrapped in act(...).

When testing, code that causes React state updates should be wrapped into act(...):

act(() => {
  /* fire events that update state */
});
/* assert on the output */

This ensures that you're testing the behavior the user would see in the browser. Learn more at https://reactjs.org/link/wrap-tests-with-act
    at Signup (C:/Users/Admin/graceful_books/src/pages/auth/Signup.tsx:8:61)
    at Router (C:\Users\Admin\graceful_books\node_modules\react-router\dist\umd\react-router.development.js:1207:17)
    at BrowserRouter (C:\Users\Admin\graceful_books\node_modules\react-router-dom\dist\umd\react-router-dom.development.js:695:7)

[90mstderr[2m | src/pages/auth/Signup.test.tsx[2m > [22m[2mSignup Page with Charity Selection[2m > [22m[2maccount creation[2m > [22m[2mshould navigate to onboarding after signup
[22m[39mWarning: An update to Signup inside a test was not wrapped in act(...).

When testing, code that causes React state updates should be wrapped into act(...):

act(() => {
  /* fire events that update state */
});
/* assert on the output */

This ensures that you're testing the behavior the user would see in the browser. Learn more at https://reactjs.org/link/wrap-tests-with-act
    at Signup (C:/Users/Admin/graceful_books/src/pages/auth/Signup.tsx:8:61)
    at Router (C:\Users\Admin\graceful_books\node_modules\react-router\dist\umd\react-router.development.js:1207:17)
    at BrowserRouter (C:\Users\Admin\graceful_books\node_modules\react-router-dom\dist\umd\react-router-dom.development.js:695:7)

[90mstderr[2m | src/pages/auth/Signup.test.tsx[2m > [22m[2mSignup Page with Charity Selection[2m > [22m[2maccount creation[2m > [22m[2mshould navigate to onboarding after signup
[22m[39mWarning: An update to Signup inside a test was not wrapped in act(...).

When testing, code that causes React state updates should be wrapped into act(...):

act(() => {
  /* fire events that update state */
});
/* assert on the output */

This ensures that you're testing the behavior the user would see in the browser. Learn more at https://reactjs.org/link/wrap-tests-with-act
    at Signup (C:/Users/Admin/graceful_books/src/pages/auth/Signup.tsx:8:61)
    at Router (C:\Users\Admin\graceful_books\node_modules\react-router\dist\umd\react-router.development.js:1207:17)
    at BrowserRouter (C:\Users\Admin\graceful_books\node_modules\react-router-dom\dist\umd\react-router-dom.development.js:695:7)

[90mstderr[2m | src/pages/auth/Signup.test.tsx[2m > [22m[2mSignup Page with Charity Selection[2m > [22m[2maccount creation[2m > [22m[2mshould navigate to onboarding after signup
[22m[39mWarning: An update to Signup inside a test was not wrapped in act(...).

When testing, code that causes React state updates should be wrapped into act(...):

act(() => {
  /* fire events that update state */
});
/* assert on the output */

This ensures that you're testing the behavior the user would see in the browser. Learn more at https://reactjs.org/link/wrap-tests-with-act
    at Signup (C:/Users/Admin/graceful_books/src/pages/auth/Signup.tsx:8:61)
    at Router (C:\Users\Admin\graceful_books\node_modules\react-router\dist\umd\react-router.development.js:1207:17)
    at BrowserRouter (C:\Users\Admin\graceful_books\node_modules\react-router-dom\dist\umd\react-router-dom.development.js:695:7)

[90mstderr[2m | src/pages/auth/Signup.test.tsx[2m > [22m[2mSignup Page with Charity Selection[2m > [22m[2maccount creation[2m > [22m[2mshould navigate to onboarding after signup
[22m[39mWarning: An update to Signup inside a test was not wrapped in act(...).

When testing, code that causes React state updates should be wrapped into act(...):

act(() => {
  /* fire events that update state */
});
/* assert on the output */

This ensures that you're testing the behavior the user would see in the browser. Learn more at https://reactjs.org/link/wrap-tests-with-act
    at Signup (C:/Users/Admin/graceful_books/src/pages/auth/Signup.tsx:8:61)
    at Router (C:\Users\Admin\graceful_books\node_modules\react-router\dist\umd\react-router.development.js:1207:17)
    at BrowserRouter (C:\Users\Admin\graceful_books\node_modules\react-router-dom\dist\umd\react-router-dom.development.js:695:7)

[90mstderr[2m | src/pages/auth/Signup.test.tsx[2m > [22m[2mSignup Page with Charity Selection[2m > [22m[2maccount creation[2m > [22m[2mshould navigate to onboarding after signup
[22m[39mWarning: An update to Signup inside a test was not wrapped in act(...).

When testing, code that causes React state updates should be wrapped into act(...):

act(() => {
  /* fire events that update state */
});
/* assert on the output */

This ensures that you're testing the behavior the user would see in the browser. Learn more at https://reactjs.org/link/wrap-tests-with-act
    at Signup (C:/Users/Admin/graceful_books/src/pages/auth/Signup.tsx:8:61)
    at Router (C:\Users\Admin\graceful_books\node_modules\react-router\dist\umd\react-router.development.js:1207:17)
    at BrowserRouter (C:\Users\Admin\graceful_books\node_modules\react-router-dom\dist\umd\react-router-dom.development.js:695:7)

[90mstderr[2m | src/pages/auth/Signup.test.tsx[2m > [22m[2mSignup Page with Charity Selection[2m > [22m[2maccount creation[2m > [22m[2mshould navigate to onboarding after signup
[22m[39mWarning: An update to Signup inside a test was not wrapped in act(...).

When testing, code that causes React state updates should be wrapped into act(...):

act(() => {
  /* fire events that update state */
});
/* assert on the output */

This ensures that you're testing the behavior the user would see in the browser. Learn more at https://reactjs.org/link/wrap-tests-with-act
    at Signup (C:/Users/Admin/graceful_books/src/pages/auth/Signup.tsx:8:61)
    at Router (C:\Users\Admin\graceful_books\node_modules\react-router\dist\umd\react-router.development.js:1207:17)
    at BrowserRouter (C:\Users\Admin\graceful_books\node_modules\react-router-dom\dist\umd\react-router-dom.development.js:695:7)

[90mstderr[2m | src/pages/auth/Signup.test.tsx[2m > [22m[2mSignup Page with Charity Selection[2m > [22m[2maccount creation[2m > [22m[2mshould navigate to onboarding after signup
[22m[39mWarning: An update to Signup inside a test was not wrapped in act(...).

When testing, code that causes React state updates should be wrapped into act(...):

act(() => {
  /* fire events that update state */
});
/* assert on the output */

This ensures that you're testing the behavior the user would see in the browser. Learn more at https://reactjs.org/link/wrap-tests-with-act
    at Signup (C:/Users/Admin/graceful_books/src/pages/auth/Signup.tsx:8:61)
    at Router (C:\Users\Admin\graceful_books\node_modules\react-router\dist\umd\react-router.development.js:1207:17)
    at BrowserRouter (C:\Users\Admin\graceful_books\node_modules\react-router-dom\dist\umd\react-router-dom.development.js:695:7)

[90mstderr[2m | src/pages/auth/Signup.test.tsx[2m > [22m[2mSignup Page with Charity Selection[2m > [22m[2maccount creation[2m > [22m[2mshould navigate to onboarding after signup
[22m[39mWarning: An update to Signup inside a test was not wrapped in act(...).

When testing, code that causes React state updates should be wrapped into act(...):

act(() => {
  /* fire events that update state */
});
/* assert on the output */

This ensures that you're testing the behavior the user would see in the browser. Learn more at https://reactjs.org/link/wrap-tests-with-act
    at Signup (C:/Users/Admin/graceful_books/src/pages/auth/Signup.tsx:8:61)
    at Router (C:\Users\Admin\graceful_books\node_modules\react-router\dist\umd\react-router.development.js:1207:17)
    at BrowserRouter (C:\Users\Admin\graceful_books\node_modules\react-router-dom\dist\umd\react-router-dom.development.js:695:7)

[90mstderr[2m | src/pages/auth/Signup.test.tsx[2m > [22m[2mSignup Page with Charity Selection[2m > [22m[2maccount creation[2m > [22m[2mshould navigate to onboarding after signup
[22m[39mWarning: An update to Signup inside a test was not wrapped in act(...).

When testing, code that causes React state updates should be wrapped into act(...):

act(() => {
  /* fire events that update state */
});
/* assert on the output */

This ensures that you're testing the behavior the user would see in the browser. Learn more at https://reactjs.org/link/wrap-tests-with-act
    at Signup (C:/Users/Admin/graceful_books/src/pages/auth/Signup.tsx:8:61)
    at Router (C:\Users\Admin\graceful_books\node_modules\react-router\dist\umd\react-router.development.js:1207:17)
    at BrowserRouter (C:\Users\Admin\graceful_books\node_modules\react-router-dom\dist\umd\react-router-dom.development.js:695:7)

[90mstderr[2m | src/pages/auth/Signup.test.tsx[2m > [22m[2mSignup Page with Charity Selection[2m > [22m[2maccount creation[2m > [22m[2mshould navigate to onboarding after signup
[22m[39mWarning: An update to Signup inside a test was not wrapped in act(...).

When testing, code that causes React state updates should be wrapped into act(...):

act(() => {
  /* fire events that update state */
});
/* assert on the output */

This ensures that you're testing the behavior the user would see in the browser. Learn more at https://reactjs.org/link/wrap-tests-with-act
    at Signup (C:/Users/Admin/graceful_books/src/pages/auth/Signup.tsx:8:61)
    at Router (C:\Users\Admin\graceful_books\node_modules\react-router\dist\umd\react-router.development.js:1207:17)
    at BrowserRouter (C:\Users\Admin\graceful_books\node_modules\react-router-dom\dist\umd\react-router-dom.development.js:695:7)

[90mstderr[2m | src/pages/auth/Signup.test.tsx[2m > [22m[2mSignup Page with Charity Selection[2m > [22m[2maccount creation[2m > [22m[2mshould navigate to onboarding after signup
[22m[39mWarning: An update to Signup inside a test was not wrapped in act(...).

When testing, code that causes React state updates should be wrapped into act(...):

act(() => {
  /* fire events that update state */
});
/* assert on the output */

This ensures that you're testing the behavior the user would see in the browser. Learn more at https://reactjs.org/link/wrap-tests-with-act
    at Signup (C:/Users/Admin/graceful_books/src/pages/auth/Signup.tsx:8:61)
    at Router (C:\Users\Admin\graceful_books\node_modules\react-router\dist\umd\react-router.development.js:1207:17)
    at BrowserRouter (C:\Users\Admin\graceful_books\node_modules\react-router-dom\dist\umd\react-router-dom.development.js:695:7)

[90mstderr[2m | src/pages/auth/Signup.test.tsx[2m > [22m[2mSignup Page with Charity Selection[2m > [22m[2maccount creation[2m > [22m[2mshould navigate to onboarding after signup
[22m[39mWarning: An update to Signup inside a test was not wrapped in act(...).

When testing, code that causes React state updates should be wrapped into act(...):

act(() => {
  /* fire events that update state */
});
/* assert on the output */

This ensures that you're testing the behavior the user would see in the browser. Learn more at https://reactjs.org/link/wrap-tests-with-act
    at Signup (C:/Users/Admin/graceful_books/src/pages/auth/Signup.tsx:8:61)
    at Router (C:\Users\Admin\graceful_books\node_modules\react-router\dist\umd\react-router.development.js:1207:17)
    at BrowserRouter (C:\Users\Admin\graceful_books\node_modules\react-router-dom\dist\umd\react-router-dom.development.js:695:7)

[90mstderr[2m | src/pages/auth/Signup.test.tsx[2m > [22m[2mSignup Page with Charity Selection[2m > [22m[2maccount creation[2m > [22m[2mshould navigate to onboarding after signup
[22m[39mWarning: An update to Signup inside a test was not wrapped in act(...).

When testing, code that causes React state updates should be wrapped into act(...):

act(() => {
  /* fire events that update state */
});
/* assert on the output */

This ensures that you're testing the behavior the user would see in the browser. Learn more at https://reactjs.org/link/wrap-tests-with-act
    at Signup (C:/Users/Admin/graceful_books/src/pages/auth/Signup.tsx:8:61)
    at Router (C:\Users\Admin\graceful_books\node_modules\react-router\dist\umd\react-router.development.js:1207:17)
    at BrowserRouter (C:\Users\Admin\graceful_books\node_modules\react-router-dom\dist\umd\react-router-dom.development.js:695:7)

[90mstderr[2m | src/pages/auth/Signup.test.tsx[2m > [22m[2mSignup Page with Charity Selection[2m > [22m[2maccount creation[2m > [22m[2mshould navigate to onboarding after signup
[22m[39mWarning: An update to Signup inside a test was not wrapped in act(...).

When testing, code that causes React state updates should be wrapped into act(...):

act(() => {
  /* fire events that update state */
});
/* assert on the output */

This ensures that you're testing the behavior the user would see in the browser. Learn more at https://reactjs.org/link/wrap-tests-with-act
    at Signup (C:/Users/Admin/graceful_books/src/pages/auth/Signup.tsx:8:61)
    at Router (C:\Users\Admin\graceful_books\node_modules\react-router\dist\umd\react-router.development.js:1207:17)
    at BrowserRouter (C:\Users\Admin\graceful_books\node_modules\react-router-dom\dist\umd\react-router-dom.development.js:695:7)

[90mstderr[2m | src/pages/auth/Signup.test.tsx[2m > [22m[2mSignup Page with Charity Selection[2m > [22m[2maccount creation[2m > [22m[2mshould navigate to onboarding after signup
[22m[39mWarning: An update to Signup inside a test was not wrapped in act(...).

When testing, code that causes React state updates should be wrapped into act(...):

act(() => {
  /* fire events that update state */
});
/* assert on the output */

This ensures that you're testing the behavior the user would see in the browser. Learn more at https://reactjs.org/link/wrap-tests-with-act
    at Signup (C:/Users/Admin/graceful_books/src/pages/auth/Signup.tsx:8:61)
    at Router (C:\Users\Admin\graceful_books\node_modules\react-router\dist\umd\react-router.development.js:1207:17)
    at BrowserRouter (C:\Users\Admin\graceful_books\node_modules\react-router-dom\dist\umd\react-router-dom.development.js:695:7)

[90mstderr[2m | src/pages/auth/Signup.test.tsx[2m > [22m[2mSignup Page with Charity Selection[2m > [22m[2maccount creation[2m > [22m[2mshould navigate to onboarding after signup
[22m[39mWarning: An update to Signup inside a test was not wrapped in act(...).

When testing, code that causes React state updates should be wrapped into act(...):

act(() => {
  /* fire events that update state */
});
/* assert on the output */

This ensures that you're testing the behavior the user would see in the browser. Learn more at https://reactjs.org/link/wrap-tests-with-act
    at Signup (C:/Users/Admin/graceful_books/src/pages/auth/Signup.tsx:8:61)
    at Router (C:\Users\Admin\graceful_books\node_modules\react-router\dist\umd\react-router.development.js:1207:17)
    at BrowserRouter (C:\Users\Admin\graceful_books\node_modules\react-router-dom\dist\umd\react-router-dom.development.js:695:7)

[90mstderr[2m | src/pages/auth/Signup.test.tsx[2m > [22m[2mSignup Page with Charity Selection[2m > [22m[2maccount creation[2m > [22m[2mshould navigate to onboarding after signup
[22m[39mWarning: An update to Signup inside a test was not wrapped in act(...).

When testing, code that causes React state updates should be wrapped into act(...):

act(() => {
  /* fire events that update state */
});
/* assert on the output */

This ensures that you're testing the behavior the user would see in the browser. Learn more at https://reactjs.org/link/wrap-tests-with-act
    at Signup (C:/Users/Admin/graceful_books/src/pages/auth/Signup.tsx:8:61)
    at Router (C:\Users\Admin\graceful_books\node_modules\react-router\dist\umd\react-router.development.js:1207:17)
    at BrowserRouter (C:\Users\Admin\graceful_books\node_modules\react-router-dom\dist\umd\react-router-dom.development.js:695:7)

[90mstderr[2m | src/pages/auth/Signup.test.tsx[2m > [22m[2mSignup Page with Charity Selection[2m > [22m[2maccount creation[2m > [22m[2mshould navigate to onboarding after signup
[22m[39mWarning: An update to Signup inside a test was not wrapped in act(...).

When testing, code that causes React state updates should be wrapped into act(...):

act(() => {
  /* fire events that update state */
});
/* assert on the output */

This ensures that you're testing the behavior the user would see in the browser. Learn more at https://reactjs.org/link/wrap-tests-with-act
    at Signup (C:/Users/Admin/graceful_books/src/pages/auth/Signup.tsx:8:61)
    at Router (C:\Users\Admin\graceful_books\node_modules\react-router\dist\umd\react-router.development.js:1207:17)
    at BrowserRouter (C:\Users\Admin\graceful_books\node_modules\react-router-dom\dist\umd\react-router-dom.development.js:695:7)

[90mstderr[2m | src/pages/auth/Signup.test.tsx[2m > [22m[2mSignup Page with Charity Selection[2m > [22m[2maccount creation[2m > [22m[2mshould navigate to onboarding after signup
[22m[39mWarning: An update to Signup inside a test was not wrapped in act(...).

When testing, code that causes React state updates should be wrapped into act(...):

act(() => {
  /* fire events that update state */
});
/* assert on the output */

This ensures that you're testing the behavior the user would see in the browser. Learn more at https://reactjs.org/link/wrap-tests-with-act
    at Signup (C:/Users/Admin/graceful_books/src/pages/auth/Signup.tsx:8:61)
    at Router (C:\Users\Admin\graceful_books\node_modules\react-router\dist\umd\react-router.development.js:1207:17)
    at BrowserRouter (C:\Users\Admin\graceful_books\node_modules\react-router-dom\dist\umd\react-router-dom.development.js:695:7)

[90mstderr[2m | src/pages/auth/Signup.test.tsx[2m > [22m[2mSignup Page with Charity Selection[2m > [22m[2maccount creation[2m > [22m[2mshould navigate to onboarding after signup
[22m[39mWarning: An update to Signup inside a test was not wrapped in act(...).

When testing, code that causes React state updates should be wrapped into act(...):

act(() => {
  /* fire events that update state */
});
/* assert on the output */

This ensures that you're testing the behavior the user would see in the browser. Learn more at https://reactjs.org/link/wrap-tests-with-act
    at Signup (C:/Users/Admin/graceful_books/src/pages/auth/Signup.tsx:8:61)
    at Router (C:\Users\Admin\graceful_books\node_modules\react-router\dist\umd\react-router.development.js:1207:17)
    at BrowserRouter (C:\Users\Admin\graceful_books\node_modules\react-router-dom\dist\umd\react-router-dom.development.js:695:7)

[90mstderr[2m | src/pages/auth/Signup.test.tsx[2m > [22m[2mSignup Page with Charity Selection[2m > [22m[2maccount creation[2m > [22m[2mshould navigate to onboarding after signup
[22m[39mWarning: An update to Signup inside a test was not wrapped in act(...).

When testing, code that causes React state updates should be wrapped into act(...):

act(() => {
  /* fire events that update state */
});
/* assert on the output */

This ensures that you're testing the behavior the user would see in the browser. Learn more at https://reactjs.org/link/wrap-tests-with-act
    at Signup (C:/Users/Admin/graceful_books/src/pages/auth/Signup.tsx:8:61)
    at Router (C:\Users\Admin\graceful_books\node_modules\react-router\dist\umd\react-router.development.js:1207:17)
    at BrowserRouter (C:\Users\Admin\graceful_books\node_modules\react-router-dom\dist\umd\react-router-dom.development.js:695:7)

[90mstderr[2m | src/pages/auth/Signup.test.tsx[2m > [22m[2mSignup Page with Charity Selection[2m > [22m[2maccount creation[2m > [22m[2mshould navigate to onboarding after signup
[22m[39mWarning: An update to Signup inside a test was not wrapped in act(...).

When testing, code that causes React state updates should be wrapped into act(...):

act(() => {
  /* fire events that update state */
});
/* assert on the output */

This ensures that you're testing the behavior the user would see in the browser. Learn more at https://reactjs.org/link/wrap-tests-with-act
    at Signup (C:/Users/Admin/graceful_books/src/pages/auth/Signup.tsx:8:61)
    at Router (C:\Users\Admin\graceful_books\node_modules\react-router\dist\umd\react-router.development.js:1207:17)
    at BrowserRouter (C:\Users\Admin\graceful_books\node_modules\react-router-dom\dist\umd\react-router-dom.development.js:695:7)

[90mstderr[2m | src/pages/auth/Signup.test.tsx[2m > [22m[2mSignup Page with Charity Selection[2m > [22m[2maccount creation[2m > [22m[2mshould navigate to onboarding after signup
[22m[39mWarning: An update to Signup inside a test was not wrapped in act(...).

When testing, code that causes React state updates should be wrapped into act(...):

act(() => {
  /* fire events that update state */
});
/* assert on the output */

This ensures that you're testing the behavior the user would see in the browser. Learn more at https://reactjs.org/link/wrap-tests-with-act
    at Signup (C:/Users/Admin/graceful_books/src/pages/auth/Signup.tsx:8:61)
    at Router (C:\Users\Admin\graceful_books\node_modules\react-router\dist\umd\react-router.development.js:1207:17)
    at BrowserRouter (C:\Users\Admin\graceful_books\node_modules\react-router-dom\dist\umd\react-router-dom.development.js:695:7)

[90mstderr[2m | src/pages/auth/Signup.test.tsx[2m > [22m[2mSignup Page with Charity Selection[2m > [22m[2maccount creation[2m > [22m[2mshould navigate to onboarding after signup
[22m[39mWarning: An update to Signup inside a test was not wrapped in act(...).

When testing, code that causes React state updates should be wrapped into act(...):

act(() => {
  /* fire events that update state */
});
/* assert on the output */

This ensures that you're testing the behavior the user would see in the browser. Learn more at https://reactjs.org/link/wrap-tests-with-act
    at Signup (C:/Users/Admin/graceful_books/src/pages/auth/Signup.tsx:8:61)
    at Router (C:\Users\Admin\graceful_books\node_modules\react-router\dist\umd\react-router.development.js:1207:17)
    at BrowserRouter (C:\Users\Admin\graceful_books\node_modules\react-router-dom\dist\umd\react-router-dom.development.js:695:7)

[90mstderr[2m | src/pages/auth/Signup.test.tsx[2m > [22m[2mSignup Page with Charity Selection[2m > [22m[2maccount creation[2m > [22m[2mshould navigate to onboarding after signup
[22m[39mWarning: An update to Signup inside a test was not wrapped in act(...).

When testing, code that causes React state updates should be wrapped into act(...):

act(() => {
  /* fire events that update state */
});
/* assert on the output */

This ensures that you're testing the behavior the user would see in the browser. Learn more at https://reactjs.org/link/wrap-tests-with-act
    at Signup (C:/Users/Admin/graceful_books/src/pages/auth/Signup.tsx:8:61)
    at Router (C:\Users\Admin\graceful_books\node_modules\react-router\dist\umd\react-router.development.js:1207:17)
    at BrowserRouter (C:\Users\Admin\graceful_books\node_modules\react-router-dom\dist\umd\react-router-dom.development.js:695:7)

[90mstderr[2m | src/pages/auth/Signup.test.tsx[2m > [22m[2mSignup Page with Charity Selection[2m > [22m[2maccount creation[2m > [22m[2mshould navigate to onboarding after signup
[22m[39mWarning: An update to Signup inside a test was not wrapped in act(...).

When testing, code that causes React state updates should be wrapped into act(...):

act(() => {
  /* fire events that update state */
});
/* assert on the output */

This ensures that you're testing the behavior the user would see in the browser. Learn more at https://reactjs.org/link/wrap-tests-with-act
    at Signup (C:/Users/Admin/graceful_books/src/pages/auth/Signup.tsx:8:61)
    at Router (C:\Users\Admin\graceful_books\node_modules\react-router\dist\umd\react-router.development.js:1207:17)
    at BrowserRouter (C:\Users\Admin\graceful_books\node_modules\react-router-dom\dist\umd\react-router-dom.development.js:695:7)

[90mstderr[2m | src/pages/auth/Signup.test.tsx[2m > [22m[2mSignup Page with Charity Selection[2m > [22m[2maccount creation[2m > [22m[2mshould navigate to onboarding after signup
[22m[39mWarning: An update to Signup inside a test was not wrapped in act(...).

When testing, code that causes React state updates should be wrapped into act(...):

act(() => {
  /* fire events that update state */
});
/* assert on the output */

This ensures that you're testing the behavior the user would see in the browser. Learn more at https://reactjs.org/link/wrap-tests-with-act
    at Signup (C:/Users/Admin/graceful_books/src/pages/auth/Signup.tsx:8:61)
    at Router (C:\Users\Admin\graceful_books\node_modules\react-router\dist\umd\react-router.development.js:1207:17)
    at BrowserRouter (C:\Users\Admin\graceful_books\node_modules\react-router-dom\dist\umd\react-router-dom.development.js:695:7)

[90mstderr[2m | src/pages/auth/Signup.test.tsx[2m > [22m[2mSignup Page with Charity Selection[2m > [22m[2maccount creation[2m > [22m[2mshould navigate to onboarding after signup
[22m[39mWarning: An update to Signup inside a test was not wrapped in act(...).

When testing, code that causes React state updates should be wrapped into act(...):

act(() => {
  /* fire events that update state */
});
/* assert on the output */

This ensures that you're testing the behavior the user would see in the browser. Learn more at https://reactjs.org/link/wrap-tests-with-act
    at Signup (C:/Users/Admin/graceful_books/src/pages/auth/Signup.tsx:8:61)
    at Router (C:\Users\Admin\graceful_books\node_modules\react-router\dist\umd\react-router.development.js:1207:17)
    at BrowserRouter (C:\Users\Admin\graceful_books\node_modules\react-router-dom\dist\umd\react-router-dom.development.js:695:7)

[90mstderr[2m | src/pages/auth/Signup.test.tsx[2m > [22m[2mSignup Page with Charity Selection[2m > [22m[2maccount creation[2m > [22m[2mshould navigate to onboarding after signup
[22m[39mWarning: An update to CharitySelector inside a test was not wrapped in act(...).

When testing, code that causes React state updates should be wrapped into act(...):

act(() => {
  /* fire events that update state */
});
/* assert on the output */

This ensures that you're testing the behavior the user would see in the browser. Learn more at https://reactjs.org/link/wrap-tests-with-act
    at CharitySelector (C:/Users/Admin/graceful_books/src/components/charity/CharitySelector.tsx:9:3)
    at div
    at div
    at Signup (C:/Users/Admin/graceful_books/src/pages/auth/Signup.tsx:8:61)
    at Router (C:\Users\Admin\graceful_books\node_modules\react-router\dist\umd\react-router.development.js:1207:17)
    at BrowserRouter (C:\Users\Admin\graceful_books\node_modules\react-router-dom\dist\umd\react-router-dom.development.js:695:7)
Warning: An update to CharitySelector inside a test was not wrapped in act(...).

When testing, code that causes React state updates should be wrapped into act(...):

act(() => {
  /* fire events that update state */
});
/* assert on the output */

This ensures that you're testing the behavior the user would see in the browser. Learn more at https://reactjs.org/link/wrap-tests-with-act
    at CharitySelector (C:/Users/Admin/graceful_books/src/components/charity/CharitySelector.tsx:9:3)
    at div
    at div
    at Signup (C:/Users/Admin/graceful_books/src/pages/auth/Signup.tsx:8:61)
    at Router (C:\Users\Admin\graceful_books\node_modules\react-router\dist\umd\react-router.development.js:1207:17)
    at BrowserRouter (C:\Users\Admin\graceful_books\node_modules\react-router-dom\dist\umd\react-router-dom.development.js:695:7)

[90mstdout[2m | src/services/auditLogExtended.perf.test.ts[2m > [22m[2mExtended Audit Log Performance Tests[2m > [22m[2mMemory and Resource Management[2m > [22m[2mshould not leak memory during repeated operations
[22m[39m[AuditLogExtended] Audit log search completed { total: [33m100000[39m, returned: [33m100[39m, executionTimeMs: [33m6033.703299999994[39m }

[90mstdout[2m | src/services/auditLogExtended.perf.test.ts[2m > [22m[2mExtended Audit Log Performance Tests[2m > [22m[2mMemory and Resource Management[2m > [22m[2mshould not leak memory during repeated operations
[22m[39m[AuditLogExtended] Starting audit log search { companyId: [32m'test-company'[39m, limit: [33m100[39m, offset: [33m700[39m }

[90mstderr[2m | src/pages/auth/Signup.test.tsx[2m > [22m[2mSignup Page with Charity Selection[2m > [22m[2maccount creation[2m > [22m[2mshould navigate to onboarding after signup
[22m[39mWarning: An update to Signup inside a test was not wrapped in act(...).

When testing, code that causes React state updates should be wrapped into act(...):

act(() => {
  /* fire events that update state */
});
/* assert on the output */

This ensures that you're testing the behavior the user would see in the browser. Learn more at https://reactjs.org/link/wrap-tests-with-act
    at Signup (C:/Users/Admin/graceful_books/src/pages/auth/Signup.tsx:8:61)
    at Router (C:\Users\Admin\graceful_books\node_modules\react-router\dist\umd\react-router.development.js:1207:17)
    at BrowserRouter (C:\Users\Admin\graceful_books\node_modules\react-router-dom\dist\umd\react-router-dom.development.js:695:7)

[90mstderr[2m | src/pages/auth/Signup.test.tsx[2m > [22m[2mSignup Page with Charity Selection[2m > [22m[2maccount creation[2m > [22m[2mshould show alert if trying to create account without selecting charity
[22m[39mWarning: An update to Signup inside a test was not wrapped in act(...).

When testing, code that causes React state updates should be wrapped into act(...):

act(() => {
  /* fire events that update state */
});
/* assert on the output */

This ensures that you're testing the behavior the user would see in the browser. Learn more at https://reactjs.org/link/wrap-tests-with-act
    at Signup (C:/Users/Admin/graceful_books/src/pages/auth/Signup.tsx:8:61)
    at Router (C:\Users\Admin\graceful_books\node_modules\react-router\dist\umd\react-router.development.js:1207:17)
    at BrowserRouter (C:\Users\Admin\graceful_books\node_modules\react-router-dom\dist\umd\react-router-dom.development.js:695:7)

[90mstderr[2m | src/pages/auth/Signup.test.tsx[2m > [22m[2mSignup Page with Charity Selection[2m > [22m[2maccount creation[2m > [22m[2mshould show alert if trying to create account without selecting charity
[22m[39mWarning: An update to Signup inside a test was not wrapped in act(...).

When testing, code that causes React state updates should be wrapped into act(...):

act(() => {
  /* fire events that update state */
});
/* assert on the output */

This ensures that you're testing the behavior the user would see in the browser. Learn more at https://reactjs.org/link/wrap-tests-with-act
    at Signup (C:/Users/Admin/graceful_books/src/pages/auth/Signup.tsx:8:61)
    at Router (C:\Users\Admin\graceful_books\node_modules\react-router\dist\umd\react-router.development.js:1207:17)
    at BrowserRouter (C:\Users\Admin\graceful_books\node_modules\react-router-dom\dist\umd\react-router-dom.development.js:695:7)

[90mstderr[2m | src/pages/auth/Signup.test.tsx[2m > [22m[2mSignup Page with Charity Selection[2m > [22m[2maccount creation[2m > [22m[2mshould show alert if trying to create account without selecting charity
[22m[39mWarning: An update to Signup inside a test was not wrapped in act(...).

When testing, code that causes React state updates should be wrapped into act(...):

act(() => {
  /* fire events that update state */
});
/* assert on the output */

This ensures that you're testing the behavior the user would see in the browser. Learn more at https://reactjs.org/link/wrap-tests-with-act
    at Signup (C:/Users/Admin/graceful_books/src/pages/auth/Signup.tsx:8:61)
    at Router (C:\Users\Admin\graceful_books\node_modules\react-router\dist\umd\react-router.development.js:1207:17)
    at BrowserRouter (C:\Users\Admin\graceful_books\node_modules\react-router-dom\dist\umd\react-router-dom.development.js:695:7)

[90mstderr[2m | src/pages/auth/Signup.test.tsx[2m > [22m[2mSignup Page with Charity Selection[2m > [22m[2maccount creation[2m > [22m[2mshould show alert if trying to create account without selecting charity
[22m[39mWarning: An update to Signup inside a test was not wrapped in act(...).

When testing, code that causes React state updates should be wrapped into act(...):

act(() => {
  /* fire events that update state */
});
/* assert on the output */

This ensures that you're testing the behavior the user would see in the browser. Learn more at https://reactjs.org/link/wrap-tests-with-act
    at Signup (C:/Users/Admin/graceful_books/src/pages/auth/Signup.tsx:8:61)
    at Router (C:\Users\Admin\graceful_books\node_modules\react-router\dist\umd\react-router.development.js:1207:17)
    at BrowserRouter (C:\Users\Admin\graceful_books\node_modules\react-router-dom\dist\umd\react-router-dom.development.js:695:7)

[90mstderr[2m | src/pages/auth/Signup.test.tsx[2m > [22m[2mSignup Page with Charity Selection[2m > [22m[2maccount creation[2m > [22m[2mshould show alert if trying to create account without selecting charity
[22m[39mWarning: An update to Signup inside a test was not wrapped in act(...).

When testing, code that causes React state updates should be wrapped into act(...):

act(() => {
  /* fire events that update state */
});
/* assert on the output */

This ensures that you're testing the behavior the user would see in the browser. Learn more at https://reactjs.org/link/wrap-tests-with-act
    at Signup (C:/Users/Admin/graceful_books/src/pages/auth/Signup.tsx:8:61)
    at Router (C:\Users\Admin\graceful_books\node_modules\react-router\dist\umd\react-router.development.js:1207:17)
    at BrowserRouter (C:\Users\Admin\graceful_books\node_modules\react-router-dom\dist\umd\react-router-dom.development.js:695:7)

[90mstderr[2m | src/pages/auth/Signup.test.tsx[2m > [22m[2mSignup Page with Charity Selection[2m > [22m[2maccount creation[2m > [22m[2mshould show alert if trying to create account without selecting charity
[22m[39mWarning: An update to Signup inside a test was not wrapped in act(...).

When testing, code that causes React state updates should be wrapped into act(...):

act(() => {
  /* fire events that update state */
});
/* assert on the output */

This ensures that you're testing the behavior the user would see in the browser. Learn more at https://reactjs.org/link/wrap-tests-with-act
    at Signup (C:/Users/Admin/graceful_books/src/pages/auth/Signup.tsx:8:61)
    at Router (C:\Users\Admin\graceful_books\node_modules\react-router\dist\umd\react-router.development.js:1207:17)
    at BrowserRouter (C:\Users\Admin\graceful_books\node_modules\react-router-dom\dist\umd\react-router-dom.development.js:695:7)

[90mstderr[2m | src/pages/auth/Signup.test.tsx[2m > [22m[2mSignup Page with Charity Selection[2m > [22m[2maccount creation[2m > [22m[2mshould show alert if trying to create account without selecting charity
[22m[39mWarning: An update to Signup inside a test was not wrapped in act(...).

When testing, code that causes React state updates should be wrapped into act(...):

act(() => {
  /* fire events that update state */
});
/* assert on the output */

This ensures that you're testing the behavior the user would see in the browser. Learn more at https://reactjs.org/link/wrap-tests-with-act
    at Signup (C:/Users/Admin/graceful_books/src/pages/auth/Signup.tsx:8:61)
    at Router (C:\Users\Admin\graceful_books\node_modules\react-router\dist\umd\react-router.development.js:1207:17)
    at BrowserRouter (C:\Users\Admin\graceful_books\node_modules\react-router-dom\dist\umd\react-router-dom.development.js:695:7)

[90mstderr[2m | src/pages/auth/Signup.test.tsx[2m > [22m[2mSignup Page with Charity Selection[2m > [22m[2maccount creation[2m > [22m[2mshould show alert if trying to create account without selecting charity
[22m[39mWarning: An update to Signup inside a test was not wrapped in act(...).

When testing, code that causes React state updates should be wrapped into act(...):

act(() => {
  /* fire events that update state */
});
/* assert on the output */

This ensures that you're testing the behavior the user would see in the browser. Learn more at https://reactjs.org/link/wrap-tests-with-act
    at Signup (C:/Users/Admin/graceful_books/src/pages/auth/Signup.tsx:8:61)
    at Router (C:\Users\Admin\graceful_books\node_modules\react-router\dist\umd\react-router.development.js:1207:17)
    at BrowserRouter (C:\Users\Admin\graceful_books\node_modules\react-router-dom\dist\umd\react-router-dom.development.js:695:7)

[90mstderr[2m | src/pages/auth/Signup.test.tsx[2m > [22m[2mSignup Page with Charity Selection[2m > [22m[2maccount creation[2m > [22m[2mshould show alert if trying to create account without selecting charity
[22m[39mWarning: An update to Signup inside a test was not wrapped in act(...).

When testing, code that causes React state updates should be wrapped into act(...):

act(() => {
  /* fire events that update state */
});
/* assert on the output */

This ensures that you're testing the behavior the user would see in the browser. Learn more at https://reactjs.org/link/wrap-tests-with-act
    at Signup (C:/Users/Admin/graceful_books/src/pages/auth/Signup.tsx:8:61)
    at Router (C:\Users\Admin\graceful_books\node_modules\react-router\dist\umd\react-router.development.js:1207:17)
    at BrowserRouter (C:\Users\Admin\graceful_books\node_modules\react-router-dom\dist\umd\react-router-dom.development.js:695:7)

[90mstderr[2m | src/pages/auth/Signup.test.tsx[2m > [22m[2mSignup Page with Charity Selection[2m > [22m[2maccount creation[2m > [22m[2mshould show alert if trying to create account without selecting charity
[22m[39mWarning: An update to Signup inside a test was not wrapped in act(...).

When testing, code that causes React state updates should be wrapped into act(...):

act(() => {
  /* fire events that update state */
});
/* assert on the output */

This ensures that you're testing the behavior the user would see in the browser. Learn more at https://reactjs.org/link/wrap-tests-with-act
    at Signup (C:/Users/Admin/graceful_books/src/pages/auth/Signup.tsx:8:61)
    at Router (C:\Users\Admin\graceful_books\node_modules\react-router\dist\umd\react-router.development.js:1207:17)
    at BrowserRouter (C:\Users\Admin\graceful_books\node_modules\react-router-dom\dist\umd\react-router-dom.development.js:695:7)

[90mstderr[2m | src/pages/auth/Signup.test.tsx[2m > [22m[2mSignup Page with Charity Selection[2m > [22m[2maccount creation[2m > [22m[2mshould show alert if trying to create account without selecting charity
[22m[39mWarning: An update to Signup inside a test was not wrapped in act(...).

When testing, code that causes React state updates should be wrapped into act(...):

act(() => {
  /* fire events that update state */
});
/* assert on the output */

This ensures that you're testing the behavior the user would see in the browser. Learn more at https://reactjs.org/link/wrap-tests-with-act
    at Signup (C:/Users/Admin/graceful_books/src/pages/auth/Signup.tsx:8:61)
    at Router (C:\Users\Admin\graceful_books\node_modules\react-router\dist\umd\react-router.development.js:1207:17)
    at BrowserRouter (C:\Users\Admin\graceful_books\node_modules\react-router-dom\dist\umd\react-router-dom.development.js:695:7)

[90mstderr[2m | src/pages/auth/Signup.test.tsx[2m > [22m[2mSignup Page with Charity Selection[2m > [22m[2maccount creation[2m > [22m[2mshould show alert if trying to create account without selecting charity
[22m[39mWarning: An update to Signup inside a test was not wrapped in act(...).

When testing, code that causes React state updates should be wrapped into act(...):

act(() => {
  /* fire events that update state */
});
/* assert on the output */

This ensures that you're testing the behavior the user would see in the browser. Learn more at https://reactjs.org/link/wrap-tests-with-act
    at Signup (C:/Users/Admin/graceful_books/src/pages/auth/Signup.tsx:8:61)
    at Router (C:\Users\Admin\graceful_books\node_modules\react-router\dist\umd\react-router.development.js:1207:17)
    at BrowserRouter (C:\Users\Admin\graceful_books\node_modules\react-router-dom\dist\umd\react-router-dom.development.js:695:7)

[90mstderr[2m | src/pages/auth/Signup.test.tsx[2m > [22m[2mSignup Page with Charity Selection[2m > [22m[2maccount creation[2m > [22m[2mshould show alert if trying to create account without selecting charity
[22m[39mWarning: An update to Signup inside a test was not wrapped in act(...).

When testing, code that causes React state updates should be wrapped into act(...):

act(() => {
  /* fire events that update state */
});
/* assert on the output */

This ensures that you're testing the behavior the user would see in the browser. Learn more at https://reactjs.org/link/wrap-tests-with-act
    at Signup (C:/Users/Admin/graceful_books/src/pages/auth/Signup.tsx:8:61)
    at Router (C:\Users\Admin\graceful_books\node_modules\react-router\dist\umd\react-router.development.js:1207:17)
    at BrowserRouter (C:\Users\Admin\graceful_books\node_modules\react-router-dom\dist\umd\react-router-dom.development.js:695:7)

[90mstderr[2m | src/pages/auth/Signup.test.tsx[2m > [22m[2mSignup Page with Charity Selection[2m > [22m[2maccount creation[2m > [22m[2mshould show alert if trying to create account without selecting charity
[22m[39mWarning: An update to Signup inside a test was not wrapped in act(...).

When testing, code that causes React state updates should be wrapped into act(...):

act(() => {
  /* fire events that update state */
});
/* assert on the output */

This ensures that you're testing the behavior the user would see in the browser. Learn more at https://reactjs.org/link/wrap-tests-with-act
    at Signup (C:/Users/Admin/graceful_books/src/pages/auth/Signup.tsx:8:61)
    at Router (C:\Users\Admin\graceful_books\node_modules\react-router\dist\umd\react-router.development.js:1207:17)
    at BrowserRouter (C:\Users\Admin\graceful_books\node_modules\react-router-dom\dist\umd\react-router-dom.development.js:695:7)

[90mstderr[2m | src/pages/auth/Signup.test.tsx[2m > [22m[2mSignup Page with Charity Selection[2m > [22m[2maccount creation[2m > [22m[2mshould show alert if trying to create account without selecting charity
[22m[39mWarning: An update to Signup inside a test was not wrapped in act(...).

When testing, code that causes React state updates should be wrapped into act(...):

act(() => {
  /* fire events that update state */
});
/* assert on the output */

This ensures that you're testing the behavior the user would see in the browser. Learn more at https://reactjs.org/link/wrap-tests-with-act
    at Signup (C:/Users/Admin/graceful_books/src/pages/auth/Signup.tsx:8:61)
    at Router (C:\Users\Admin\graceful_books\node_modules\react-router\dist\umd\react-router.development.js:1207:17)
    at BrowserRouter (C:\Users\Admin\graceful_books\node_modules\react-router-dom\dist\umd\react-router-dom.development.js:695:7)

[90mstderr[2m | src/pages/auth/Signup.test.tsx[2m > [22m[2mSignup Page with Charity Selection[2m > [22m[2maccount creation[2m > [22m[2mshould show alert if trying to create account without selecting charity
[22m[39mWarning: An update to Signup inside a test was not wrapped in act(...).

When testing, code that causes React state updates should be wrapped into act(...):

act(() => {
  /* fire events that update state */
});
/* assert on the output */

This ensures that you're testing the behavior the user would see in the browser. Learn more at https://reactjs.org/link/wrap-tests-with-act
    at Signup (C:/Users/Admin/graceful_books/src/pages/auth/Signup.tsx:8:61)
    at Router (C:\Users\Admin\graceful_books\node_modules\react-router\dist\umd\react-router.development.js:1207:17)
    at BrowserRouter (C:\Users\Admin\graceful_books\node_modules\react-router-dom\dist\umd\react-router-dom.development.js:695:7)

[90mstderr[2m | src/pages/auth/Signup.test.tsx[2m > [22m[2mSignup Page with Charity Selection[2m > [22m[2maccount creation[2m > [22m[2mshould show alert if trying to create account without selecting charity
[22m[39mWarning: An update to Signup inside a test was not wrapped in act(...).

When testing, code that causes React state updates should be wrapped into act(...):

act(() => {
  /* fire events that update state */
});
/* assert on the output */

This ensures that you're testing the behavior the user would see in the browser. Learn more at https://reactjs.org/link/wrap-tests-with-act
    at Signup (C:/Users/Admin/graceful_books/src/pages/auth/Signup.tsx:8:61)
    at Router (C:\Users\Admin\graceful_books\node_modules\react-router\dist\umd\react-router.development.js:1207:17)
    at BrowserRouter (C:\Users\Admin\graceful_books\node_modules\react-router-dom\dist\umd\react-router-dom.development.js:695:7)

[90mstderr[2m | src/pages/auth/Signup.test.tsx[2m > [22m[2mSignup Page with Charity Selection[2m > [22m[2maccount creation[2m > [22m[2mshould show alert if trying to create account without selecting charity
[22m[39mWarning: An update to Signup inside a test was not wrapped in act(...).

When testing, code that causes React state updates should be wrapped into act(...):

act(() => {
  /* fire events that update state */
});
/* assert on the output */

This ensures that you're testing the behavior the user would see in the browser. Learn more at https://reactjs.org/link/wrap-tests-with-act
    at Signup (C:/Users/Admin/graceful_books/src/pages/auth/Signup.tsx:8:61)
    at Router (C:\Users\Admin\graceful_books\node_modules\react-router\dist\umd\react-router.development.js:1207:17)
    at BrowserRouter (C:\Users\Admin\graceful_books\node_modules\react-router-dom\dist\umd\react-router-dom.development.js:695:7)

[90mstderr[2m | src/pages/auth/Signup.test.tsx[2m > [22m[2mSignup Page with Charity Selection[2m > [22m[2maccount creation[2m > [22m[2mshould show alert if trying to create account without selecting charity
[22m[39mWarning: An update to Signup inside a test was not wrapped in act(...).

When testing, code that causes React state updates should be wrapped into act(...):

act(() => {
  /* fire events that update state */
});
/* assert on the output */

This ensures that you're testing the behavior the user would see in the browser. Learn more at https://reactjs.org/link/wrap-tests-with-act
    at Signup (C:/Users/Admin/graceful_books/src/pages/auth/Signup.tsx:8:61)
    at Router (C:\Users\Admin\graceful_books\node_modules\react-router\dist\umd\react-router.development.js:1207:17)
    at BrowserRouter (C:\Users\Admin\graceful_books\node_modules\react-router-dom\dist\umd\react-router-dom.development.js:695:7)

[90mstderr[2m | src/pages/auth/Signup.test.tsx[2m > [22m[2mSignup Page with Charity Selection[2m > [22m[2maccount creation[2m > [22m[2mshould show alert if trying to create account without selecting charity
[22m[39mWarning: An update to Signup inside a test was not wrapped in act(...).

When testing, code that causes React state updates should be wrapped into act(...):

act(() => {
  /* fire events that update state */
});
/* assert on the output */

This ensures that you're testing the behavior the user would see in the browser. Learn more at https://reactjs.org/link/wrap-tests-with-act
    at Signup (C:/Users/Admin/graceful_books/src/pages/auth/Signup.tsx:8:61)
    at Router (C:\Users\Admin\graceful_books\node_modules\react-router\dist\umd\react-router.development.js:1207:17)
    at BrowserRouter (C:\Users\Admin\graceful_books\node_modules\react-router-dom\dist\umd\react-router-dom.development.js:695:7)

[90mstderr[2m | src/pages/auth/Signup.test.tsx[2m > [22m[2mSignup Page with Charity Selection[2m > [22m[2maccount creation[2m > [22m[2mshould show alert if trying to create account without selecting charity
[22m[39mWarning: An update to Signup inside a test was not wrapped in act(...).

When testing, code that causes React state updates should be wrapped into act(...):

act(() => {
  /* fire events that update state */
});
/* assert on the output */

This ensures that you're testing the behavior the user would see in the browser. Learn more at https://reactjs.org/link/wrap-tests-with-act
    at Signup (C:/Users/Admin/graceful_books/src/pages/auth/Signup.tsx:8:61)
    at Router (C:\Users\Admin\graceful_books\node_modules\react-router\dist\umd\react-router.development.js:1207:17)
    at BrowserRouter (C:\Users\Admin\graceful_books\node_modules\react-router-dom\dist\umd\react-router-dom.development.js:695:7)

[90mstderr[2m | src/pages/auth/Signup.test.tsx[2m > [22m[2mSignup Page with Charity Selection[2m > [22m[2maccount creation[2m > [22m[2mshould show alert if trying to create account without selecting charity
[22m[39mWarning: An update to Signup inside a test was not wrapped in act(...).

When testing, code that causes React state updates should be wrapped into act(...):

act(() => {
  /* fire events that update state */
});
/* assert on the output */

This ensures that you're testing the behavior the user would see in the browser. Learn more at https://reactjs.org/link/wrap-tests-with-act
    at Signup (C:/Users/Admin/graceful_books/src/pages/auth/Signup.tsx:8:61)
    at Router (C:\Users\Admin\graceful_books\node_modules\react-router\dist\umd\react-router.development.js:1207:17)
    at BrowserRouter (C:\Users\Admin\graceful_books\node_modules\react-router-dom\dist\umd\react-router-dom.development.js:695:7)

[90mstderr[2m | src/pages/auth/Signup.test.tsx[2m > [22m[2mSignup Page with Charity Selection[2m > [22m[2maccount creation[2m > [22m[2mshould show alert if trying to create account without selecting charity
[22m[39mWarning: An update to Signup inside a test was not wrapped in act(...).

When testing, code that causes React state updates should be wrapped into act(...):

act(() => {
  /* fire events that update state */
});
/* assert on the output */

This ensures that you're testing the behavior the user would see in the browser. Learn more at https://reactjs.org/link/wrap-tests-with-act
    at Signup (C:/Users/Admin/graceful_books/src/pages/auth/Signup.tsx:8:61)
    at Router (C:\Users\Admin\graceful_books\node_modules\react-router\dist\umd\react-router.development.js:1207:17)
    at BrowserRouter (C:\Users\Admin\graceful_books\node_modules\react-router-dom\dist\umd\react-router-dom.development.js:695:7)

[90mstderr[2m | src/pages/auth/Signup.test.tsx[2m > [22m[2mSignup Page with Charity Selection[2m > [22m[2maccount creation[2m > [22m[2mshould show alert if trying to create account without selecting charity
[22m[39mWarning: An update to Signup inside a test was not wrapped in act(...).

When testing, code that causes React state updates should be wrapped into act(...):

act(() => {
  /* fire events that update state */
});
/* assert on the output */

This ensures that you're testing the behavior the user would see in the browser. Learn more at https://reactjs.org/link/wrap-tests-with-act
    at Signup (C:/Users/Admin/graceful_books/src/pages/auth/Signup.tsx:8:61)
    at Router (C:\Users\Admin\graceful_books\node_modules\react-router\dist\umd\react-router.development.js:1207:17)
    at BrowserRouter (C:\Users\Admin\graceful_books\node_modules\react-router-dom\dist\umd\react-router-dom.development.js:695:7)

[90mstderr[2m | src/pages/auth/Signup.test.tsx[2m > [22m[2mSignup Page with Charity Selection[2m > [22m[2maccount creation[2m > [22m[2mshould show alert if trying to create account without selecting charity
[22m[39mWarning: An update to Signup inside a test was not wrapped in act(...).

When testing, code that causes React state updates should be wrapped into act(...):

act(() => {
  /* fire events that update state */
});
/* assert on the output */

This ensures that you're testing the behavior the user would see in the browser. Learn more at https://reactjs.org/link/wrap-tests-with-act
    at Signup (C:/Users/Admin/graceful_books/src/pages/auth/Signup.tsx:8:61)
    at Router (C:\Users\Admin\graceful_books\node_modules\react-router\dist\umd\react-router.development.js:1207:17)
    at BrowserRouter (C:\Users\Admin\graceful_books\node_modules\react-router-dom\dist\umd\react-router-dom.development.js:695:7)

[90mstderr[2m | src/pages/auth/Signup.test.tsx[2m > [22m[2mSignup Page with Charity Selection[2m > [22m[2maccount creation[2m > [22m[2mshould show alert if trying to create account without selecting charity
[22m[39mWarning: An update to Signup inside a test was not wrapped in act(...).

When testing, code that causes React state updates should be wrapped into act(...):

act(() => {
  /* fire events that update state */
});
/* assert on the output */

This ensures that you're testing the behavior the user would see in the browser. Learn more at https://reactjs.org/link/wrap-tests-with-act
    at Signup (C:/Users/Admin/graceful_books/src/pages/auth/Signup.tsx:8:61)
    at Router (C:\Users\Admin\graceful_books\node_modules\react-router\dist\umd\react-router.development.js:1207:17)
    at BrowserRouter (C:\Users\Admin\graceful_books\node_modules\react-router-dom\dist\umd\react-router-dom.development.js:695:7)

[90mstderr[2m | src/pages/auth/Signup.test.tsx[2m > [22m[2mSignup Page with Charity Selection[2m > [22m[2maccount creation[2m > [22m[2mshould show alert if trying to create account without selecting charity
[22m[39mWarning: An update to Signup inside a test was not wrapped in act(...).

When testing, code that causes React state updates should be wrapped into act(...):

act(() => {
  /* fire events that update state */
});
/* assert on the output */

This ensures that you're testing the behavior the user would see in the browser. Learn more at https://reactjs.org/link/wrap-tests-with-act
    at Signup (C:/Users/Admin/graceful_books/src/pages/auth/Signup.tsx:8:61)
    at Router (C:\Users\Admin\graceful_books\node_modules\react-router\dist\umd\react-router.development.js:1207:17)
    at BrowserRouter (C:\Users\Admin\graceful_books\node_modules\react-router-dom\dist\umd\react-router-dom.development.js:695:7)

[90mstderr[2m | src/pages/auth/Signup.test.tsx[2m > [22m[2mSignup Page with Charity Selection[2m > [22m[2maccount creation[2m > [22m[2mshould show alert if trying to create account without selecting charity
[22m[39mWarning: An update to Signup inside a test was not wrapped in act(...).

When testing, code that causes React state updates should be wrapped into act(...):

act(() => {
  /* fire events that update state */
});
/* assert on the output */

This ensures that you're testing the behavior the user would see in the browser. Learn more at https://reactjs.org/link/wrap-tests-with-act
    at Signup (C:/Users/Admin/graceful_books/src/pages/auth/Signup.tsx:8:61)
    at Router (C:\Users\Admin\graceful_books\node_modules\react-router\dist\umd\react-router.development.js:1207:17)
    at BrowserRouter (C:\Users\Admin\graceful_books\node_modules\react-router-dom\dist\umd\react-router-dom.development.js:695:7)

[90mstderr[2m | src/pages/auth/Signup.test.tsx[2m > [22m[2mSignup Page with Charity Selection[2m > [22m[2maccount creation[2m > [22m[2mshould show alert if trying to create account without selecting charity
[22m[39mWarning: An update to Signup inside a test was not wrapped in act(...).

When testing, code that causes React state updates should be wrapped into act(...):

act(() => {
  /* fire events that update state */
});
/* assert on the output */

This ensures that you're testing the behavior the user would see in the browser. Learn more at https://reactjs.org/link/wrap-tests-with-act
    at Signup (C:/Users/Admin/graceful_books/src/pages/auth/Signup.tsx:8:61)
    at Router (C:\Users\Admin\graceful_books\node_modules\react-router\dist\umd\react-router.development.js:1207:17)
    at BrowserRouter (C:\Users\Admin\graceful_books\node_modules\react-router-dom\dist\umd\react-router-dom.development.js:695:7)

[90mstderr[2m | src/pages/auth/Signup.test.tsx[2m > [22m[2mSignup Page with Charity Selection[2m > [22m[2maccount creation[2m > [22m[2mshould show alert if trying to create account without selecting charity
[22m[39mWarning: An update to Signup inside a test was not wrapped in act(...).

When testing, code that causes React state updates should be wrapped into act(...):

act(() => {
  /* fire events that update state */
});
/* assert on the output */

This ensures that you're testing the behavior the user would see in the browser. Learn more at https://reactjs.org/link/wrap-tests-with-act
    at Signup (C:/Users/Admin/graceful_books/src/pages/auth/Signup.tsx:8:61)
    at Router (C:\Users\Admin\graceful_books\node_modules\react-router\dist\umd\react-router.development.js:1207:17)
    at BrowserRouter (C:\Users\Admin\graceful_books\node_modules\react-router-dom\dist\umd\react-router-dom.development.js:695:7)

[90mstderr[2m | src/pages/auth/Signup.test.tsx[2m > [22m[2mSignup Page with Charity Selection[2m > [22m[2maccount creation[2m > [22m[2mshould show alert if trying to create account without selecting charity
[22m[39mWarning: An update to Signup inside a test was not wrapped in act(...).

When testing, code that causes React state updates should be wrapped into act(...):

act(() => {
  /* fire events that update state */
});
/* assert on the output */

This ensures that you're testing the behavior the user would see in the browser. Learn more at https://reactjs.org/link/wrap-tests-with-act
    at Signup (C:/Users/Admin/graceful_books/src/pages/auth/Signup.tsx:8:61)
    at Router (C:\Users\Admin\graceful_books\node_modules\react-router\dist\umd\react-router.development.js:1207:17)
    at BrowserRouter (C:\Users\Admin\graceful_books\node_modules\react-router-dom\dist\umd\react-router-dom.development.js:695:7)

[90mstderr[2m | src/pages/auth/Signup.test.tsx[2m > [22m[2mSignup Page with Charity Selection[2m > [22m[2maccount creation[2m > [22m[2mshould show alert if trying to create account without selecting charity
[22m[39mWarning: An update to Signup inside a test was not wrapped in act(...).

When testing, code that causes React state updates should be wrapped into act(...):

act(() => {
  /* fire events that update state */
});
/* assert on the output */

This ensures that you're testing the behavior the user would see in the browser. Learn more at https://reactjs.org/link/wrap-tests-with-act
    at Signup (C:/Users/Admin/graceful_books/src/pages/auth/Signup.tsx:8:61)
    at Router (C:\Users\Admin\graceful_books\node_modules\react-router\dist\umd\react-router.development.js:1207:17)
    at BrowserRouter (C:\Users\Admin\graceful_books\node_modules\react-router-dom\dist\umd\react-router-dom.development.js:695:7)

[90mstderr[2m | src/pages/auth/Signup.test.tsx[2m > [22m[2mSignup Page with Charity Selection[2m > [22m[2maccount creation[2m > [22m[2mshould show alert if trying to create account without selecting charity
[22m[39mWarning: An update to Signup inside a test was not wrapped in act(...).

When testing, code that causes React state updates should be wrapped into act(...):

act(() => {
  /* fire events that update state */
});
/* assert on the output */

This ensures that you're testing the behavior the user would see in the browser. Learn more at https://reactjs.org/link/wrap-tests-with-act
    at Signup (C:/Users/Admin/graceful_books/src/pages/auth/Signup.tsx:8:61)
    at Router (C:\Users\Admin\graceful_books\node_modules\react-router\dist\umd\react-router.development.js:1207:17)
    at BrowserRouter (C:\Users\Admin\graceful_books\node_modules\react-router-dom\dist\umd\react-router-dom.development.js:695:7)

[90mstderr[2m | src/pages/auth/Signup.test.tsx[2m > [22m[2mSignup Page with Charity Selection[2m > [22m[2maccount creation[2m > [22m[2mshould show alert if trying to create account without selecting charity
[22m[39mWarning: An update to Signup inside a test was not wrapped in act(...).

When testing, code that causes React state updates should be wrapped into act(...):

act(() => {
  /* fire events that update state */
});
/* assert on the output */

This ensures that you're testing the behavior the user would see in the browser. Learn more at https://reactjs.org/link/wrap-tests-with-act
    at Signup (C:/Users/Admin/graceful_books/src/pages/auth/Signup.tsx:8:61)
    at Router (C:\Users\Admin\graceful_books\node_modules\react-router\dist\umd\react-router.development.js:1207:17)
    at BrowserRouter (C:\Users\Admin\graceful_books\node_modules\react-router-dom\dist\umd\react-router-dom.development.js:695:7)

[90mstderr[2m | src/pages/auth/Signup.test.tsx[2m > [22m[2mSignup Page with Charity Selection[2m > [22m[2maccount creation[2m > [22m[2mshould show alert if trying to create account without selecting charity
[22m[39mWarning: An update to Signup inside a test was not wrapped in act(...).

When testing, code that causes React state updates should be wrapped into act(...):

act(() => {
  /* fire events that update state */
});
/* assert on the output */

This ensures that you're testing the behavior the user would see in the browser. Learn more at https://reactjs.org/link/wrap-tests-with-act
    at Signup (C:/Users/Admin/graceful_books/src/pages/auth/Signup.tsx:8:61)
    at Router (C:\Users\Admin\graceful_books\node_modules\react-router\dist\umd\react-router.development.js:1207:17)
    at BrowserRouter (C:\Users\Admin\graceful_books\node_modules\react-router-dom\dist\umd\react-router-dom.development.js:695:7)

[90mstderr[2m | src/pages/auth/Signup.test.tsx[2m > [22m[2mSignup Page with Charity Selection[2m > [22m[2maccount creation[2m > [22m[2mshould show alert if trying to create account without selecting charity
[22m[39mWarning: An update to Signup inside a test was not wrapped in act(...).

When testing, code that causes React state updates should be wrapped into act(...):

act(() => {
  /* fire events that update state */
});
/* assert on the output */

This ensures that you're testing the behavior the user would see in the browser. Learn more at https://reactjs.org/link/wrap-tests-with-act
    at Signup (C:/Users/Admin/graceful_books/src/pages/auth/Signup.tsx:8:61)
    at Router (C:\Users\Admin\graceful_books\node_modules\react-router\dist\umd\react-router.development.js:1207:17)
    at BrowserRouter (C:\Users\Admin\graceful_books\node_modules\react-router-dom\dist\umd\react-router-dom.development.js:695:7)

[90mstderr[2m | src/pages/auth/Signup.test.tsx[2m > [22m[2mSignup Page with Charity Selection[2m > [22m[2maccount creation[2m > [22m[2mshould show alert if trying to create account without selecting charity
[22m[39mWarning: An update to Signup inside a test was not wrapped in act(...).

When testing, code that causes React state updates should be wrapped into act(...):

act(() => {
  /* fire events that update state */
});
/* assert on the output */

This ensures that you're testing the behavior the user would see in the browser. Learn more at https://reactjs.org/link/wrap-tests-with-act
    at Signup (C:/Users/Admin/graceful_books/src/pages/auth/Signup.tsx:8:61)
    at Router (C:\Users\Admin\graceful_books\node_modules\react-router\dist\umd\react-router.development.js:1207:17)
    at BrowserRouter (C:\Users\Admin\graceful_books\node_modules\react-router-dom\dist\umd\react-router-dom.development.js:695:7)

[90mstderr[2m | src/pages/auth/Signup.test.tsx[2m > [22m[2mSignup Page with Charity Selection[2m > [22m[2maccount creation[2m > [22m[2mshould show alert if trying to create account without selecting charity
[22m[39mWarning: An update to Signup inside a test was not wrapped in act(...).

When testing, code that causes React state updates should be wrapped into act(...):

act(() => {
  /* fire events that update state */
});
/* assert on the output */

This ensures that you're testing the behavior the user would see in the browser. Learn more at https://reactjs.org/link/wrap-tests-with-act
    at Signup (C:/Users/Admin/graceful_books/src/pages/auth/Signup.tsx:8:61)
    at Router (C:\Users\Admin\graceful_books\node_modules\react-router\dist\umd\react-router.development.js:1207:17)
    at BrowserRouter (C:\Users\Admin\graceful_books\node_modules\react-router-dom\dist\umd\react-router-dom.development.js:695:7)

[90mstderr[2m | src/pages/auth/Signup.test.tsx[2m > [22m[2mSignup Page with Charity Selection[2m > [22m[2maccount creation[2m > [22m[2mshould show alert if trying to create account without selecting charity
[22m[39mWarning: An update to Signup inside a test was not wrapped in act(...).

When testing, code that causes React state updates should be wrapped into act(...):

act(() => {
  /* fire events that update state */
});
/* assert on the output */

This ensures that you're testing the behavior the user would see in the browser. Learn more at https://reactjs.org/link/wrap-tests-with-act
    at Signup (C:/Users/Admin/graceful_books/src/pages/auth/Signup.tsx:8:61)
    at Router (C:\Users\Admin\graceful_books\node_modules\react-router\dist\umd\react-router.development.js:1207:17)
    at BrowserRouter (C:\Users\Admin\graceful_books\node_modules\react-router-dom\dist\umd\react-router-dom.development.js:695:7)

[90mstderr[2m | src/pages/auth/Signup.test.tsx[2m > [22m[2mSignup Page with Charity Selection[2m > [22m[2maccount creation[2m > [22m[2mshould show alert if trying to create account without selecting charity
[22m[39mWarning: An update to CharitySelector inside a test was not wrapped in act(...).

When testing, code that causes React state updates should be wrapped into act(...):

act(() => {
  /* fire events that update state */
});
/* assert on the output */

This ensures that you're testing the behavior the user would see in the browser. Learn more at https://reactjs.org/link/wrap-tests-with-act
    at CharitySelector (C:/Users/Admin/graceful_books/src/components/charity/CharitySelector.tsx:9:3)
    at div
    at div
    at Signup (C:/Users/Admin/graceful_books/src/pages/auth/Signup.tsx:8:61)
    at Router (C:\Users\Admin\graceful_books\node_modules\react-router\dist\umd\react-router.development.js:1207:17)
    at BrowserRouter (C:\Users\Admin\graceful_books\node_modules\react-router-dom\dist\umd\react-router-dom.development.js:695:7)
Warning: An update to CharitySelector inside a test was not wrapped in act(...).

When testing, code that causes React state updates should be wrapped into act(...):

act(() => {
  /* fire events that update state */
});
/* assert on the output */

This ensures that you're testing the behavior the user would see in the browser. Learn more at https://reactjs.org/link/wrap-tests-with-act
    at CharitySelector (C:/Users/Admin/graceful_books/src/components/charity/CharitySelector.tsx:9:3)
    at div
    at div
    at Signup (C:/Users/Admin/graceful_books/src/pages/auth/Signup.tsx:8:61)
    at Router (C:\Users\Admin\graceful_books\node_modules\react-router\dist\umd\react-router.development.js:1207:17)
    at BrowserRouter (C:\Users\Admin\graceful_books\node_modules\react-router-dom\dist\umd\react-router-dom.development.js:695:7)

 [32m✓[39m src/pages/auth/Signup.test.tsx [2m([22m[2m17 tests[22m[2m)[22m[33m 12546[2mms[22m[39m
       [33m[2m✓[22m[39m should render credentials form initially [33m 394[2mms[22m[39m
       [33m[2m✓[22m[39m should show validation error when passwords do not match [33m 957[2mms[22m[39m
       [33m[2m✓[22m[39m should proceed to charity selection when passwords match [33m 866[2mms[22m[39m
       [33m[2m✓[22m[39m should show charity selector after credentials step [33m 1328[2mms[22m[39m
       [33m[2m✓[22m[39m should display charities from the store [33m 950[2mms[22m[39m
       [33m[2m✓[22m[39m should allow selecting a charity [33m 915[2mms[22m[39m
       [33m[2m✓[22m[39m should have disabled Create Account button when no charity selected [33m 1383[2mms[22m[39m
       [33m[2m✓[22m[39m should enable Create Account button when charity is selected [33m 919[2mms[22m[39m
       [33m[2m✓[22m[39m should go back to credentials step when Back is clicked [33m 869[2mms[22m[39m
       [33m[2m✓[22m[39m should preserve credentials when going back and forward [33m 997[2mms[22m[39m
       [33m[2m✓[22m[39m should save user data to localStorage on signup [33m 903[2mms[22m[39m
       [33m[2m✓[22m[39m should navigate to onboarding after signup [33m 1115[2mms[22m[39m
       [33m[2m✓[22m[39m should show alert if trying to create account without selecting charity [33m 803[2mms[22m[39m
[90mstderr[2m | src/components/customers/CustomerForm.test.tsx[2m > [22m[2mCustomerForm Component[2m > [22m[2mvalidation[2m > [22m[2mshould require customer name
[22m[39mWarning: An update to CustomerForm inside a test was not wrapped in act(...).

When testing, code that causes React state updates should be wrapped into act(...):

act(() => {
  /* fire events that update state */
});
/* assert on the output */

This ensures that you're testing the behavior the user would see in the browser. Learn more at https://reactjs.org/link/wrap-tests-with-act
    at CustomerForm (C:/Users/Admin/graceful_books/src/components/customers/CustomerForm.tsx:57:3)
Warning: An update to CustomerForm inside a test was not wrapped in act(...).

When testing, code that causes React state updates should be wrapped into act(...):

act(() => {
  /* fire events that update state */
});
/* assert on the output */

This ensures that you're testing the behavior the user would see in the browser. Learn more at https://reactjs.org/link/wrap-tests-with-act
    at CustomerForm (C:/Users/Admin/graceful_books/src/components/customers/CustomerForm.tsx:57:3)
Warning: An update to CustomerForm inside a test was not wrapped in act(...).

When testing, code that causes React state updates should be wrapped into act(...):

act(() => {
  /* fire events that update state */
});
/* assert on the output */

This ensures that you're testing the behavior the user would see in the browser. Learn more at https://reactjs.org/link/wrap-tests-with-act
    at CustomerForm (C:/Users/Admin/graceful_books/src/components/customers/CustomerForm.tsx:57:3)

[90mstderr[2m | src/components/customers/CustomerForm.test.tsx[2m > [22m[2mCustomerForm Component[2m > [22m[2mvalidation[2m > [22m[2mshould validate email format
[22m[39mWarning: An update to CustomerForm inside a test was not wrapped in act(...).

When testing, code that causes React state updates should be wrapped into act(...):

act(() => {
  /* fire events that update state */
});
/* assert on the output */

This ensures that you're testing the behavior the user would see in the browser. Learn more at https://reactjs.org/link/wrap-tests-with-act
    at CustomerForm (C:/Users/Admin/graceful_books/src/components/customers/CustomerForm.tsx:57:3)
Warning: An update to CustomerForm inside a test was not wrapped in act(...).

When testing, code that causes React state updates should be wrapped into act(...):

act(() => {
  /* fire events that update state */
});
/* assert on the output */

This ensures that you're testing the behavior the user would see in the browser. Learn more at https://reactjs.org/link/wrap-tests-with-act
    at CustomerForm (C:/Users/Admin/graceful_books/src/components/customers/CustomerForm.tsx:57:3)
Warning: An update to CustomerForm inside a test was not wrapped in act(...).

When testing, code that causes React state updates should be wrapped into act(...):

act(() => {
  /* fire events that update state */
});
/* assert on the output */

This ensures that you're testing the behavior the user would see in the browser. Learn more at https://reactjs.org/link/wrap-tests-with-act
    at CustomerForm (C:/Users/Admin/graceful_books/src/components/customers/CustomerForm.tsx:57:3)

[90mstderr[2m | src/components/customers/CustomerForm.test.tsx[2m > [22m[2mCustomerForm Component[2m > [22m[2mvalidation[2m > [22m[2mshould validate email format
[22m[39mWarning: An update to CustomerForm inside a test was not wrapped in act(...).

When testing, code that causes React state updates should be wrapped into act(...):

act(() => {
  /* fire events that update state */
});
/* assert on the output */

This ensures that you're testing the behavior the user would see in the browser. Learn more at https://reactjs.org/link/wrap-tests-with-act
    at CustomerForm (C:/Users/Admin/graceful_books/src/components/customers/CustomerForm.tsx:57:3)
Warning: An update to CustomerForm inside a test was not wrapped in act(...).

When testing, code that causes React state updates should be wrapped into act(...):

act(() => {
  /* fire events that update state */
});
/* assert on the output */

This ensures that you're testing the behavior the user would see in the browser. Learn more at https://reactjs.org/link/wrap-tests-with-act
    at CustomerForm (C:/Users/Admin/graceful_books/src/components/customers/CustomerForm.tsx:57:3)
Warning: An update to CustomerForm inside a test was not wrapped in act(...).

When testing, code that causes React state updates should be wrapped into act(...):

act(() => {
  /* fire events that update state */
});
/* assert on the output */

This ensures that you're testing the behavior the user would see in the browser. Learn more at https://reactjs.org/link/wrap-tests-with-act
    at CustomerForm (C:/Users/Admin/graceful_books/src/components/customers/CustomerForm.tsx:57:3)

[90mstderr[2m | src/components/customers/CustomerForm.test.tsx[2m > [22m[2mCustomerForm Component[2m > [22m[2mvalidation[2m > [22m[2mshould validate email format
[22m[39mWarning: An update to CustomerForm inside a test was not wrapped in act(...).

When testing, code that causes React state updates should be wrapped into act(...):

act(() => {
  /* fire events that update state */
});
/* assert on the output */

This ensures that you're testing the behavior the user would see in the browser. Learn more at https://reactjs.org/link/wrap-tests-with-act
    at CustomerForm (C:/Users/Admin/graceful_books/src/components/customers/CustomerForm.tsx:57:3)
Warning: An update to CustomerForm inside a test was not wrapped in act(...).

When testing, code that causes React state updates should be wrapped into act(...):

act(() => {
  /* fire events that update state */
});
/* assert on the output */

This ensures that you're testing the behavior the user would see in the browser. Learn more at https://reactjs.org/link/wrap-tests-with-act
    at CustomerForm (C:/Users/Admin/graceful_books/src/components/customers/CustomerForm.tsx:57:3)
Warning: An update to CustomerForm inside a test was not wrapped in act(...).

When testing, code that causes React state updates should be wrapped into act(...):

act(() => {
  /* fire events that update state */
});
/* assert on the output */

This ensures that you're testing the behavior the user would see in the browser. Learn more at https://reactjs.org/link/wrap-tests-with-act
    at CustomerForm (C:/Users/Admin/graceful_books/src/components/customers/CustomerForm.tsx:57:3)

[90mstderr[2m | src/components/customers/CustomerForm.test.tsx[2m > [22m[2mCustomerForm Component[2m > [22m[2mvalidation[2m > [22m[2mshould validate email format
[22m[39mWarning: An update to CustomerForm inside a test was not wrapped in act(...).

When testing, code that causes React state updates should be wrapped into act(...):

act(() => {
  /* fire events that update state */
});
/* assert on the output */

This ensures that you're testing the behavior the user would see in the browser. Learn more at https://reactjs.org/link/wrap-tests-with-act
    at CustomerForm (C:/Users/Admin/graceful_books/src/components/customers/CustomerForm.tsx:57:3)
Warning: An update to CustomerForm inside a test was not wrapped in act(...).

When testing, code that causes React state updates should be wrapped into act(...):

act(() => {
  /* fire events that update state */
});
/* assert on the output */

This ensures that you're testing the behavior the user would see in the browser. Learn more at https://reactjs.org/link/wrap-tests-with-act
    at CustomerForm (C:/Users/Admin/graceful_books/src/components/customers/CustomerForm.tsx:57:3)
Warning: An update to CustomerForm inside a test was not wrapped in act(...).

When testing, code that causes React state updates should be wrapped into act(...):

act(() => {
  /* fire events that update state */
});
/* assert on the output */

This ensures that you're testing the behavior the user would see in the browser. Learn more at https://reactjs.org/link/wrap-tests-with-act
    at CustomerForm (C:/Users/Admin/graceful_books/src/components/customers/CustomerForm.tsx:57:3)

[90mstderr[2m | src/components/customers/CustomerForm.test.tsx[2m > [22m[2mCustomerForm Component[2m > [22m[2mvalidation[2m > [22m[2mshould validate email format
[22m[39mWarning: An update to CustomerForm inside a test was not wrapped in act(...).

When testing, code that causes React state updates should be wrapped into act(...):

act(() => {
  /* fire events that update state */
});
/* assert on the output */

This ensures that you're testing the behavior the user would see in the browser. Learn more at https://reactjs.org/link/wrap-tests-with-act
    at CustomerForm (C:/Users/Admin/graceful_books/src/components/customers/CustomerForm.tsx:57:3)
Warning: An update to CustomerForm inside a test was not wrapped in act(...).

When testing, code that causes React state updates should be wrapped into act(...):

act(() => {
  /* fire events that update state */
});
/* assert on the output */

This ensures that you're testing the behavior the user would see in the browser. Learn more at https://reactjs.org/link/wrap-tests-with-act
    at CustomerForm (C:/Users/Admin/graceful_books/src/components/customers/CustomerForm.tsx:57:3)
Warning: An update to CustomerForm inside a test was not wrapped in act(...).

When testing, code that causes React state updates should be wrapped into act(...):

act(() => {
  /* fire events that update state */
});
/* assert on the output */

This ensures that you're testing the behavior the user would see in the browser. Learn more at https://reactjs.org/link/wrap-tests-with-act
    at CustomerForm (C:/Users/Admin/graceful_books/src/components/customers/CustomerForm.tsx:57:3)

[90mstderr[2m | src/components/customers/CustomerForm.test.tsx[2m > [22m[2mCustomerForm Component[2m > [22m[2mvalidation[2m > [22m[2mshould validate email format
[22m[39mWarning: An update to CustomerForm inside a test was not wrapped in act(...).

When testing, code that causes React state updates should be wrapped into act(...):

act(() => {
  /* fire events that update state */
});
/* assert on the output */

This ensures that you're testing the behavior the user would see in the browser. Learn more at https://reactjs.org/link/wrap-tests-with-act
    at CustomerForm (C:/Users/Admin/graceful_books/src/components/customers/CustomerForm.tsx:57:3)
Warning: An update to CustomerForm inside a test was not wrapped in act(...).

When testing, code that causes React state updates should be wrapped into act(...):

act(() => {
  /* fire events that update state */
});
/* assert on the output */

This ensures that you're testing the behavior the user would see in the browser. Learn more at https://reactjs.org/link/wrap-tests-with-act
    at CustomerForm (C:/Users/Admin/graceful_books/src/components/customers/CustomerForm.tsx:57:3)
Warning: An update to CustomerForm inside a test was not wrapped in act(...).

When testing, code that causes React state updates should be wrapped into act(...):

act(() => {
  /* fire events that update state */
});
/* assert on the output */

This ensures that you're testing the behavior the user would see in the browser. Learn more at https://reactjs.org/link/wrap-tests-with-act
    at CustomerForm (C:/Users/Admin/graceful_books/src/components/customers/CustomerForm.tsx:57:3)

[90mstderr[2m | src/components/customers/CustomerForm.test.tsx[2m > [22m[2mCustomerForm Component[2m > [22m[2mvalidation[2m > [22m[2mshould validate email format
[22m[39mWarning: An update to CustomerForm inside a test was not wrapped in act(...).

When testing, code that causes React state updates should be wrapped into act(...):

act(() => {
  /* fire events that update state */
});
/* assert on the output */

This ensures that you're testing the behavior the user would see in the browser. Learn more at https://reactjs.org/link/wrap-tests-with-act
    at CustomerForm (C:/Users/Admin/graceful_books/src/components/customers/CustomerForm.tsx:57:3)
Warning: An update to CustomerForm inside a test was not wrapped in act(...).

When testing, code that causes React state updates should be wrapped into act(...):

act(() => {
  /* fire events that update state */
});
/* assert on the output */

This ensures that you're testing the behavior the user would see in the browser. Learn more at https://reactjs.org/link/wrap-tests-with-act
    at CustomerForm (C:/Users/Admin/graceful_books/src/components/customers/CustomerForm.tsx:57:3)
Warning: An update to CustomerForm inside a test was not wrapped in act(...).

When testing, code that causes React state updates should be wrapped into act(...):

act(() => {
  /* fire events that update state */
});
/* assert on the output */

This ensures that you're testing the behavior the user would see in the browser. Learn more at https://reactjs.org/link/wrap-tests-with-act
    at CustomerForm (C:/Users/Admin/graceful_books/src/components/customers/CustomerForm.tsx:57:3)

[90mstderr[2m | src/components/customers/CustomerForm.test.tsx[2m > [22m[2mCustomerForm Component[2m > [22m[2mvalidation[2m > [22m[2mshould validate email format
[22m[39mWarning: An update to CustomerForm inside a test was not wrapped in act(...).

When testing, code that causes React state updates should be wrapped into act(...):

act(() => {
  /* fire events that update state */
});
/* assert on the output */

This ensures that you're testing the behavior the user would see in the browser. Learn more at https://reactjs.org/link/wrap-tests-with-act
    at CustomerForm (C:/Users/Admin/graceful_books/src/components/customers/CustomerForm.tsx:57:3)
Warning: An update to CustomerForm inside a test was not wrapped in act(...).

When testing, code that causes React state updates should be wrapped into act(...):

act(() => {
  /* fire events that update state */
});
/* assert on the output */

This ensures that you're testing the behavior the user would see in the browser. Learn more at https://reactjs.org/link/wrap-tests-with-act
    at CustomerForm (C:/Users/Admin/graceful_books/src/components/customers/CustomerForm.tsx:57:3)
Warning: An update to CustomerForm inside a test was not wrapped in act(...).

When testing, code that causes React state updates should be wrapped into act(...):

act(() => {
  /* fire events that update state */
});
/* assert on the output */

This ensures that you're testing the behavior the user would see in the browser. Learn more at https://reactjs.org/link/wrap-tests-with-act
    at CustomerForm (C:/Users/Admin/graceful_books/src/components/customers/CustomerForm.tsx:57:3)

[90mstderr[2m | src/components/customers/CustomerForm.test.tsx[2m > [22m[2mCustomerForm Component[2m > [22m[2mvalidation[2m > [22m[2mshould validate email format
[22m[39mWarning: An update to CustomerForm inside a test was not wrapped in act(...).

When testing, code that causes React state updates should be wrapped into act(...):

act(() => {
  /* fire events that update state */
});
/* assert on the output */

This ensures that you're testing the behavior the user would see in the browser. Learn more at https://reactjs.org/link/wrap-tests-with-act
    at CustomerForm (C:/Users/Admin/graceful_books/src/components/customers/CustomerForm.tsx:57:3)
Warning: An update to CustomerForm inside a test was not wrapped in act(...).

When testing, code that causes React state updates should be wrapped into act(...):

act(() => {
  /* fire events that update state */
});
/* assert on the output */

This ensures that you're testing the behavior the user would see in the browser. Learn more at https://reactjs.org/link/wrap-tests-with-act
    at CustomerForm (C:/Users/Admin/graceful_books/src/components/customers/CustomerForm.tsx:57:3)
Warning: An update to CustomerForm inside a test was not wrapped in act(...).

When testing, code that causes React state updates should be wrapped into act(...):

act(() => {
  /* fire events that update state */
});
/* assert on the output */

This ensures that you're testing the behavior the user would see in the browser. Learn more at https://reactjs.org/link/wrap-tests-with-act
    at CustomerForm (C:/Users/Admin/graceful_books/src/components/customers/CustomerForm.tsx:57:3)

[90mstderr[2m | src/components/customers/CustomerForm.test.tsx[2m > [22m[2mCustomerForm Component[2m > [22m[2mvalidation[2m > [22m[2mshould validate email format
[22m[39mWarning: An update to CustomerForm inside a test was not wrapped in act(...).

When testing, code that causes React state updates should be wrapped into act(...):

act(() => {
  /* fire events that update state */
});
/* assert on the output */

This ensures that you're testing the behavior the user would see in the browser. Learn more at https://reactjs.org/link/wrap-tests-with-act
    at CustomerForm (C:/Users/Admin/graceful_books/src/components/customers/CustomerForm.tsx:57:3)
Warning: An update to CustomerForm inside a test was not wrapped in act(...).

When testing, code that causes React state updates should be wrapped into act(...):

act(() => {
  /* fire events that update state */
});
/* assert on the output */

This ensures that you're testing the behavior the user would see in the browser. Learn more at https://reactjs.org/link/wrap-tests-with-act
    at CustomerForm (C:/Users/Admin/graceful_books/src/components/customers/CustomerForm.tsx:57:3)
Warning: An update to CustomerForm inside a test was not wrapped in act(...).

When testing, code that causes React state updates should be wrapped into act(...):

act(() => {
  /* fire events that update state */
});
/* assert on the output */

This ensures that you're testing the behavior the user would see in the browser. Learn more at https://reactjs.org/link/wrap-tests-with-act
    at CustomerForm (C:/Users/Admin/graceful_books/src/components/customers/CustomerForm.tsx:57:3)

[90mstderr[2m | src/components/customers/CustomerForm.test.tsx[2m > [22m[2mCustomerForm Component[2m > [22m[2mvalidation[2m > [22m[2mshould validate email format
[22m[39mWarning: An update to CustomerForm inside a test was not wrapped in act(...).

When testing, code that causes React state updates should be wrapped into act(...):

act(() => {
  /* fire events that update state */
});
/* assert on the output */

This ensures that you're testing the behavior the user would see in the browser. Learn more at https://reactjs.org/link/wrap-tests-with-act
    at CustomerForm (C:/Users/Admin/graceful_books/src/components/customers/CustomerForm.tsx:57:3)
Warning: An update to CustomerForm inside a test was not wrapped in act(...).

When testing, code that causes React state updates should be wrapped into act(...):

act(() => {
  /* fire events that update state */
});
/* assert on the output */

This ensures that you're testing the behavior the user would see in the browser. Learn more at https://reactjs.org/link/wrap-tests-with-act
    at CustomerForm (C:/Users/Admin/graceful_books/src/components/customers/CustomerForm.tsx:57:3)
Warning: An update to CustomerForm inside a test was not wrapped in act(...).

When testing, code that causes React state updates should be wrapped into act(...):

act(() => {
  /* fire events that update state */
});
/* assert on the output */

This ensures that you're testing the behavior the user would see in the browser. Learn more at https://reactjs.org/link/wrap-tests-with-act
    at CustomerForm (C:/Users/Admin/graceful_books/src/components/customers/CustomerForm.tsx:57:3)

[90mstderr[2m | src/components/customers/CustomerForm.test.tsx[2m > [22m[2mCustomerForm Component[2m > [22m[2mvalidation[2m > [22m[2mshould validate email format
[22m[39mWarning: An update to CustomerForm inside a test was not wrapped in act(...).

When testing, code that causes React state updates should be wrapped into act(...):

act(() => {
  /* fire events that update state */
});
/* assert on the output */

This ensures that you're testing the behavior the user would see in the browser. Learn more at https://reactjs.org/link/wrap-tests-with-act
    at CustomerForm (C:/Users/Admin/graceful_books/src/components/customers/CustomerForm.tsx:57:3)
Warning: An update to CustomerForm inside a test was not wrapped in act(...).

When testing, code that causes React state updates should be wrapped into act(...):

act(() => {
  /* fire events that update state */
});
/* assert on the output */

This ensures that you're testing the behavior the user would see in the browser. Learn more at https://reactjs.org/link/wrap-tests-with-act
    at CustomerForm (C:/Users/Admin/graceful_books/src/components/customers/CustomerForm.tsx:57:3)
Warning: An update to CustomerForm inside a test was not wrapped in act(...).

When testing, code that causes React state updates should be wrapped into act(...):

act(() => {
  /* fire events that update state */
});
/* assert on the output */

This ensures that you're testing the behavior the user would see in the browser. Learn more at https://reactjs.org/link/wrap-tests-with-act
    at CustomerForm (C:/Users/Admin/graceful_books/src/components/customers/CustomerForm.tsx:57:3)

[90mstderr[2m | src/components/customers/CustomerForm.test.tsx[2m > [22m[2mCustomerForm Component[2m > [22m[2mvalidation[2m > [22m[2mshould validate email format
[22m[39mWarning: An update to CustomerForm inside a test was not wrapped in act(...).

When testing, code that causes React state updates should be wrapped into act(...):

act(() => {
  /* fire events that update state */
});
/* assert on the output */

This ensures that you're testing the behavior the user would see in the browser. Learn more at https://reactjs.org/link/wrap-tests-with-act
    at CustomerForm (C:/Users/Admin/graceful_books/src/components/customers/CustomerForm.tsx:57:3)
Warning: An update to CustomerForm inside a test was not wrapped in act(...).

When testing, code that causes React state updates should be wrapped into act(...):

act(() => {
  /* fire events that update state */
});
/* assert on the output */

This ensures that you're testing the behavior the user would see in the browser. Learn more at https://reactjs.org/link/wrap-tests-with-act
    at CustomerForm (C:/Users/Admin/graceful_books/src/components/customers/CustomerForm.tsx:57:3)
Warning: An update to CustomerForm inside a test was not wrapped in act(...).

When testing, code that causes React state updates should be wrapped into act(...):

act(() => {
  /* fire events that update state */
});
/* assert on the output */

This ensures that you're testing the behavior the user would see in the browser. Learn more at https://reactjs.org/link/wrap-tests-with-act
    at CustomerForm (C:/Users/Admin/graceful_books/src/components/customers/CustomerForm.tsx:57:3)

[90mstderr[2m | src/components/customers/CustomerForm.test.tsx[2m > [22m[2mCustomerForm Component[2m > [22m[2mvalidation[2m > [22m[2mshould validate email format
[22m[39mWarning: An update to CustomerForm inside a test was not wrapped in act(...).

When testing, code that causes React state updates should be wrapped into act(...):

act(() => {
  /* fire events that update state */
});
/* assert on the output */

This ensures that you're testing the behavior the user would see in the browser. Learn more at https://reactjs.org/link/wrap-tests-with-act
    at CustomerForm (C:/Users/Admin/graceful_books/src/components/customers/CustomerForm.tsx:57:3)
Warning: An update to CustomerForm inside a test was not wrapped in act(...).

When testing, code that causes React state updates should be wrapped into act(...):

act(() => {
  /* fire events that update state */
});
/* assert on the output */

This ensures that you're testing the behavior the user would see in the browser. Learn more at https://reactjs.org/link/wrap-tests-with-act
    at CustomerForm (C:/Users/Admin/graceful_books/src/components/customers/CustomerForm.tsx:57:3)
Warning: An update to CustomerForm inside a test was not wrapped in act(...).

When testing, code that causes React state updates should be wrapped into act(...):

act(() => {
  /* fire events that update state */
});
/* assert on the output */

This ensures that you're testing the behavior the user would see in the browser. Learn more at https://reactjs.org/link/wrap-tests-with-act
    at CustomerForm (C:/Users/Admin/graceful_books/src/components/customers/CustomerForm.tsx:57:3)

[90mstderr[2m | src/components/customers/CustomerForm.test.tsx[2m > [22m[2mCustomerForm Component[2m > [22m[2mvalidation[2m > [22m[2mshould validate email format
[22m[39mWarning: An update to CustomerForm inside a test was not wrapped in act(...).

When testing, code that causes React state updates should be wrapped into act(...):

act(() => {
  /* fire events that update state */
});
/* assert on the output */

This ensures that you're testing the behavior the user would see in the browser. Learn more at https://reactjs.org/link/wrap-tests-with-act
    at CustomerForm (C:/Users/Admin/graceful_books/src/components/customers/CustomerForm.tsx:57:3)
Warning: An update to CustomerForm inside a test was not wrapped in act(...).

When testing, code that causes React state updates should be wrapped into act(...):

act(() => {
  /* fire events that update state */
});
/* assert on the output */

This ensures that you're testing the behavior the user would see in the browser. Learn more at https://reactjs.org/link/wrap-tests-with-act
    at CustomerForm (C:/Users/Admin/graceful_books/src/components/customers/CustomerForm.tsx:57:3)
Warning: An update to CustomerForm inside a test was not wrapped in act(...).

When testing, code that causes React state updates should be wrapped into act(...):

act(() => {
  /* fire events that update state */
});
/* assert on the output */

This ensures that you're testing the behavior the user would see in the browser. Learn more at https://reactjs.org/link/wrap-tests-with-act
    at CustomerForm (C:/Users/Admin/graceful_books/src/components/customers/CustomerForm.tsx:57:3)

[90mstderr[2m | src/components/customers/CustomerForm.test.tsx[2m > [22m[2mCustomerForm Component[2m > [22m[2mvalidation[2m > [22m[2mshould validate email format
[22m[39mWarning: An update to CustomerForm inside a test was not wrapped in act(...).

When testing, code that causes React state updates should be wrapped into act(...):

act(() => {
  /* fire events that update state */
});
/* assert on the output */

This ensures that you're testing the behavior the user would see in the browser. Learn more at https://reactjs.org/link/wrap-tests-with-act
    at CustomerForm (C:/Users/Admin/graceful_books/src/components/customers/CustomerForm.tsx:57:3)
Warning: An update to CustomerForm inside a test was not wrapped in act(...).

When testing, code that causes React state updates should be wrapped into act(...):

act(() => {
  /* fire events that update state */
});
/* assert on the output */

This ensures that you're testing the behavior the user would see in the browser. Learn more at https://reactjs.org/link/wrap-tests-with-act
    at CustomerForm (C:/Users/Admin/graceful_books/src/components/customers/CustomerForm.tsx:57:3)
Warning: An update to CustomerForm inside a test was not wrapped in act(...).

When testing, code that causes React state updates should be wrapped into act(...):

act(() => {
  /* fire events that update state */
});
/* assert on the output */

This ensures that you're testing the behavior the user would see in the browser. Learn more at https://reactjs.org/link/wrap-tests-with-act
    at CustomerForm (C:/Users/Admin/graceful_books/src/components/customers/CustomerForm.tsx:57:3)

[90mstderr[2m | src/components/customers/CustomerForm.test.tsx[2m > [22m[2mCustomerForm Component[2m > [22m[2mvalidation[2m > [22m[2mshould validate email format
[22m[39mWarning: An update to CustomerForm inside a test was not wrapped in act(...).

When testing, code that causes React state updates should be wrapped into act(...):

act(() => {
  /* fire events that update state */
});
/* assert on the output */

This ensures that you're testing the behavior the user would see in the browser. Learn more at https://reactjs.org/link/wrap-tests-with-act
    at CustomerForm (C:/Users/Admin/graceful_books/src/components/customers/CustomerForm.tsx:57:3)
Warning: An update to CustomerForm inside a test was not wrapped in act(...).

When testing, code that causes React state updates should be wrapped into act(...):

act(() => {
  /* fire events that update state */
});
/* assert on the output */

This ensures that you're testing the behavior the user would see in the browser. Learn more at https://reactjs.org/link/wrap-tests-with-act
    at CustomerForm (C:/Users/Admin/graceful_books/src/components/customers/CustomerForm.tsx:57:3)
Warning: An update to CustomerForm inside a test was not wrapped in act(...).

When testing, code that causes React state updates should be wrapped into act(...):

act(() => {
  /* fire events that update state */
});
/* assert on the output */

This ensures that you're testing the behavior the user would see in the browser. Learn more at https://reactjs.org/link/wrap-tests-with-act
    at CustomerForm (C:/Users/Admin/graceful_books/src/components/customers/CustomerForm.tsx:57:3)

[90mstderr[2m | src/components/customers/CustomerForm.test.tsx[2m > [22m[2mCustomerForm Component[2m > [22m[2mvalidation[2m > [22m[2mshould validate email format
[22m[39mWarning: An update to CustomerForm inside a test was not wrapped in act(...).

When testing, code that causes React state updates should be wrapped into act(...):

act(() => {
  /* fire events that update state */
});
/* assert on the output */

This ensures that you're testing the behavior the user would see in the browser. Learn more at https://reactjs.org/link/wrap-tests-with-act
    at CustomerForm (C:/Users/Admin/graceful_books/src/components/customers/CustomerForm.tsx:57:3)
Warning: An update to CustomerForm inside a test was not wrapped in act(...).

When testing, code that causes React state updates should be wrapped into act(...):

act(() => {
  /* fire events that update state */
});
/* assert on the output */

This ensures that you're testing the behavior the user would see in the browser. Learn more at https://reactjs.org/link/wrap-tests-with-act
    at CustomerForm (C:/Users/Admin/graceful_books/src/components/customers/CustomerForm.tsx:57:3)
Warning: An update to CustomerForm inside a test was not wrapped in act(...).

When testing, code that causes React state updates should be wrapped into act(...):

act(() => {
  /* fire events that update state */
});
/* assert on the output */

This ensures that you're testing the behavior the user would see in the browser. Learn more at https://reactjs.org/link/wrap-tests-with-act
    at CustomerForm (C:/Users/Admin/graceful_books/src/components/customers/CustomerForm.tsx:57:3)

[90mstderr[2m | src/components/customers/CustomerForm.test.tsx[2m > [22m[2mCustomerForm Component[2m > [22m[2mvalidation[2m > [22m[2mshould validate email format
[22m[39mWarning: An update to CustomerForm inside a test was not wrapped in act(...).

When testing, code that causes React state updates should be wrapped into act(...):

act(() => {
  /* fire events that update state */
});
/* assert on the output */

This ensures that you're testing the behavior the user would see in the browser. Learn more at https://reactjs.org/link/wrap-tests-with-act
    at CustomerForm (C:/Users/Admin/graceful_books/src/components/customers/CustomerForm.tsx:57:3)
Warning: An update to CustomerForm inside a test was not wrapped in act(...).

When testing, code that causes React state updates should be wrapped into act(...):

act(() => {
  /* fire events that update state */
});
/* assert on the output */

This ensures that you're testing the behavior the user would see in the browser. Learn more at https://reactjs.org/link/wrap-tests-with-act
    at CustomerForm (C:/Users/Admin/graceful_books/src/components/customers/CustomerForm.tsx:57:3)
Warning: An update to CustomerForm inside a test was not wrapped in act(...).

When testing, code that causes React state updates should be wrapped into act(...):

act(() => {
  /* fire events that update state */
});
/* assert on the output */

This ensures that you're testing the behavior the user would see in the browser. Learn more at https://reactjs.org/link/wrap-tests-with-act
    at CustomerForm (C:/Users/Admin/graceful_books/src/components/customers/CustomerForm.tsx:57:3)

[90mstderr[2m | src/components/customers/CustomerForm.test.tsx[2m > [22m[2mCustomerForm Component[2m > [22m[2mvalidation[2m > [22m[2mshould validate email format
[22m[39mWarning: An update to CustomerForm inside a test was not wrapped in act(...).

When testing, code that causes React state updates should be wrapped into act(...):

act(() => {
  /* fire events that update state */
});
/* assert on the output */

This ensures that you're testing the behavior the user would see in the browser. Learn more at https://reactjs.org/link/wrap-tests-with-act
    at CustomerForm (C:/Users/Admin/graceful_books/src/components/customers/CustomerForm.tsx:57:3)
Warning: An update to CustomerForm inside a test was not wrapped in act(...).

When testing, code that causes React state updates should be wrapped into act(...):

act(() => {
  /* fire events that update state */
});
/* assert on the output */

This ensures that you're testing the behavior the user would see in the browser. Learn more at https://reactjs.org/link/wrap-tests-with-act
    at CustomerForm (C:/Users/Admin/graceful_books/src/components/customers/CustomerForm.tsx:57:3)
Warning: An update to CustomerForm inside a test was not wrapped in act(...).

When testing, code that causes React state updates should be wrapped into act(...):

act(() => {
  /* fire events that update state */
});
/* assert on the output */

This ensures that you're testing the behavior the user would see in the browser. Learn more at https://reactjs.org/link/wrap-tests-with-act
    at CustomerForm (C:/Users/Admin/graceful_books/src/components/customers/CustomerForm.tsx:57:3)

[90mstderr[2m | src/components/customers/CustomerForm.test.tsx[2m > [22m[2mCustomerForm Component[2m > [22m[2mvalidation[2m > [22m[2mshould validate email format
[22m[39mWarning: An update to CustomerForm inside a test was not wrapped in act(...).

When testing, code that causes React state updates should be wrapped into act(...):

act(() => {
  /* fire events that update state */
});
/* assert on the output */

This ensures that you're testing the behavior the user would see in the browser. Learn more at https://reactjs.org/link/wrap-tests-with-act
    at CustomerForm (C:/Users/Admin/graceful_books/src/components/customers/CustomerForm.tsx:57:3)
Warning: An update to CustomerForm inside a test was not wrapped in act(...).

When testing, code that causes React state updates should be wrapped into act(...):

act(() => {
  /* fire events that update state */
});
/* assert on the output */

This ensures that you're testing the behavior the user would see in the browser. Learn more at https://reactjs.org/link/wrap-tests-with-act
    at CustomerForm (C:/Users/Admin/graceful_books/src/components/customers/CustomerForm.tsx:57:3)
Warning: An update to CustomerForm inside a test was not wrapped in act(...).

When testing, code that causes React state updates should be wrapped into act(...):

act(() => {
  /* fire events that update state */
});
/* assert on the output */

This ensures that you're testing the behavior the user would see in the browser. Learn more at https://reactjs.org/link/wrap-tests-with-act
    at CustomerForm (C:/Users/Admin/graceful_books/src/components/customers/CustomerForm.tsx:57:3)

[90mstderr[2m | src/components/customers/CustomerForm.test.tsx[2m > [22m[2mCustomerForm Component[2m > [22m[2mvalidation[2m > [22m[2mshould validate email format
[22m[39mWarning: An update to CustomerForm inside a test was not wrapped in act(...).

When testing, code that causes React state updates should be wrapped into act(...):

act(() => {
  /* fire events that update state */
});
/* assert on the output */

This ensures that you're testing the behavior the user would see in the browser. Learn more at https://reactjs.org/link/wrap-tests-with-act
    at CustomerForm (C:/Users/Admin/graceful_books/src/components/customers/CustomerForm.tsx:57:3)
Warning: An update to CustomerForm inside a test was not wrapped in act(...).

When testing, code that causes React state updates should be wrapped into act(...):

act(() => {
  /* fire events that update state */
});
/* assert on the output */

This ensures that you're testing the behavior the user would see in the browser. Learn more at https://reactjs.org/link/wrap-tests-with-act
    at CustomerForm (C:/Users/Admin/graceful_books/src/components/customers/CustomerForm.tsx:57:3)
Warning: An update to CustomerForm inside a test was not wrapped in act(...).

When testing, code that causes React state updates should be wrapped into act(...):

act(() => {
  /* fire events that update state */
});
/* assert on the output */

This ensures that you're testing the behavior the user would see in the browser. Learn more at https://reactjs.org/link/wrap-tests-with-act
    at CustomerForm (C:/Users/Admin/graceful_books/src/components/customers/CustomerForm.tsx:57:3)

[90mstderr[2m | src/components/customers/CustomerForm.test.tsx[2m > [22m[2mCustomerForm Component[2m > [22m[2mvalidation[2m > [22m[2mshould validate email format
[22m[39mWarning: An update to CustomerForm inside a test was not wrapped in act(...).

When testing, code that causes React state updates should be wrapped into act(...):

act(() => {
  /* fire events that update state */
});
/* assert on the output */

This ensures that you're testing the behavior the user would see in the browser. Learn more at https://reactjs.org/link/wrap-tests-with-act
    at CustomerForm (C:/Users/Admin/graceful_books/src/components/customers/CustomerForm.tsx:57:3)
Warning: An update to CustomerForm inside a test was not wrapped in act(...).

When testing, code that causes React state updates should be wrapped into act(...):

act(() => {
  /* fire events that update state */
});
/* assert on the output */

This ensures that you're testing the behavior the user would see in the browser. Learn more at https://reactjs.org/link/wrap-tests-with-act
    at CustomerForm (C:/Users/Admin/graceful_books/src/components/customers/CustomerForm.tsx:57:3)
Warning: An update to CustomerForm inside a test was not wrapped in act(...).

When testing, code that causes React state updates should be wrapped into act(...):

act(() => {
  /* fire events that update state */
});
/* assert on the output */

This ensures that you're testing the behavior the user would see in the browser. Learn more at https://reactjs.org/link/wrap-tests-with-act
    at CustomerForm (C:/Users/Admin/graceful_books/src/components/customers/CustomerForm.tsx:57:3)

[90mstderr[2m | src/components/customers/CustomerForm.test.tsx[2m > [22m[2mCustomerForm Component[2m > [22m[2mvalidation[2m > [22m[2mshould validate email format
[22m[39mWarning: An update to CustomerForm inside a test was not wrapped in act(...).

When testing, code that causes React state updates should be wrapped into act(...):

act(() => {
  /* fire events that update state */
});
/* assert on the output */

This ensures that you're testing the behavior the user would see in the browser. Learn more at https://reactjs.org/link/wrap-tests-with-act
    at CustomerForm (C:/Users/Admin/graceful_books/src/components/customers/CustomerForm.tsx:57:3)
Warning: An update to CustomerForm inside a test was not wrapped in act(...).

When testing, code that causes React state updates should be wrapped into act(...):

act(() => {
  /* fire events that update state */
});
/* assert on the output */

This ensures that you're testing the behavior the user would see in the browser. Learn more at https://reactjs.org/link/wrap-tests-with-act
    at CustomerForm (C:/Users/Admin/graceful_books/src/components/customers/CustomerForm.tsx:57:3)
Warning: An update to CustomerForm inside a test was not wrapped in act(...).

When testing, code that causes React state updates should be wrapped into act(...):

act(() => {
  /* fire events that update state */
});
/* assert on the output */

This ensures that you're testing the behavior the user would see in the browser. Learn more at https://reactjs.org/link/wrap-tests-with-act
    at CustomerForm (C:/Users/Admin/graceful_books/src/components/customers/CustomerForm.tsx:57:3)

[90mstderr[2m | src/components/customers/CustomerForm.test.tsx[2m > [22m[2mCustomerForm Component[2m > [22m[2mvalidation[2m > [22m[2mshould validate email format
[22m[39mWarning: An update to CustomerForm inside a test was not wrapped in act(...).

When testing, code that causes React state updates should be wrapped into act(...):

act(() => {
  /* fire events that update state */
});
/* assert on the output */

This ensures that you're testing the behavior the user would see in the browser. Learn more at https://reactjs.org/link/wrap-tests-with-act
    at CustomerForm (C:/Users/Admin/graceful_books/src/components/customers/CustomerForm.tsx:57:3)
Warning: An update to CustomerForm inside a test was not wrapped in act(...).

When testing, code that causes React state updates should be wrapped into act(...):

act(() => {
  /* fire events that update state */
});
/* assert on the output */

This ensures that you're testing the behavior the user would see in the browser. Learn more at https://reactjs.org/link/wrap-tests-with-act
    at CustomerForm (C:/Users/Admin/graceful_books/src/components/customers/CustomerForm.tsx:57:3)
Warning: An update to CustomerForm inside a test was not wrapped in act(...).

When testing, code that causes React state updates should be wrapped into act(...):

act(() => {
  /* fire events that update state */
});
/* assert on the output */

This ensures that you're testing the behavior the user would see in the browser. Learn more at https://reactjs.org/link/wrap-tests-with-act
    at CustomerForm (C:/Users/Admin/graceful_books/src/components/customers/CustomerForm.tsx:57:3)

[90mstderr[2m | src/components/customers/CustomerForm.test.tsx[2m > [22m[2mCustomerForm Component[2m > [22m[2mvalidation[2m > [22m[2mshould validate email format
[22m[39mWarning: An update to CustomerForm inside a test was not wrapped in act(...).

When testing, code that causes React state updates should be wrapped into act(...):

act(() => {
  /* fire events that update state */
});
/* assert on the output */

This ensures that you're testing the behavior the user would see in the browser. Learn more at https://reactjs.org/link/wrap-tests-with-act
    at CustomerForm (C:/Users/Admin/graceful_books/src/components/customers/CustomerForm.tsx:57:3)
Warning: An update to CustomerForm inside a test was not wrapped in act(...).

When testing, code that causes React state updates should be wrapped into act(...):

act(() => {
  /* fire events that update state */
});
/* assert on the output */

This ensures that you're testing the behavior the user would see in the browser. Learn more at https://reactjs.org/link/wrap-tests-with-act
    at CustomerForm (C:/Users/Admin/graceful_books/src/components/customers/CustomerForm.tsx:57:3)
Warning: An update to CustomerForm inside a test was not wrapped in act(...).

When testing, code that causes React state updates should be wrapped into act(...):

act(() => {
  /* fire events that update state */
});
/* assert on the output */

This ensures that you're testing the behavior the user would see in the browser. Learn more at https://reactjs.org/link/wrap-tests-with-act
    at CustomerForm (C:/Users/Admin/graceful_books/src/components/customers/CustomerForm.tsx:57:3)

[90mstderr[2m | src/components/customers/CustomerForm.test.tsx[2m > [22m[2mCustomerForm Component[2m > [22m[2mvalidation[2m > [22m[2mshould validate email format
[22m[39mWarning: An update to CustomerForm inside a test was not wrapped in act(...).

When testing, code that causes React state updates should be wrapped into act(...):

act(() => {
  /* fire events that update state */
});
/* assert on the output */

This ensures that you're testing the behavior the user would see in the browser. Learn more at https://reactjs.org/link/wrap-tests-with-act
    at CustomerForm (C:/Users/Admin/graceful_books/src/components/customers/CustomerForm.tsx:57:3)
Warning: An update to CustomerForm inside a test was not wrapped in act(...).

When testing, code that causes React state updates should be wrapped into act(...):

act(() => {
  /* fire events that update state */
});
/* assert on the output */

This ensures that you're testing the behavior the user would see in the browser. Learn more at https://reactjs.org/link/wrap-tests-with-act
    at CustomerForm (C:/Users/Admin/graceful_books/src/components/customers/CustomerForm.tsx:57:3)
Warning: An update to CustomerForm inside a test was not wrapped in act(...).

When testing, code that causes React state updates should be wrapped into act(...):

act(() => {
  /* fire events that update state */
});
/* assert on the output */

This ensures that you're testing the behavior the user would see in the browser. Learn more at https://reactjs.org/link/wrap-tests-with-act
    at CustomerForm (C:/Users/Admin/graceful_books/src/components/customers/CustomerForm.tsx:57:3)

[90mstderr[2m | src/components/customers/CustomerForm.test.tsx[2m > [22m[2mCustomerForm Component[2m > [22m[2mvalidation[2m > [22m[2mshould accept valid email format
[22m[39mWarning: An update to CustomerForm inside a test was not wrapped in act(...).

When testing, code that causes React state updates should be wrapped into act(...):

act(() => {
  /* fire events that update state */
});
/* assert on the output */

This ensures that you're testing the behavior the user would see in the browser. Learn more at https://reactjs.org/link/wrap-tests-with-act
    at CustomerForm (C:/Users/Admin/graceful_books/src/components/customers/CustomerForm.tsx:57:3)
Warning: An update to CustomerForm inside a test was not wrapped in act(...).

When testing, code that causes React state updates should be wrapped into act(...):

act(() => {
  /* fire events that update state */
});
/* assert on the output */

This ensures that you're testing the behavior the user would see in the browser. Learn more at https://reactjs.org/link/wrap-tests-with-act
    at CustomerForm (C:/Users/Admin/graceful_books/src/components/customers/CustomerForm.tsx:57:3)
Warning: An update to CustomerForm inside a test was not wrapped in act(...).

When testing, code that causes React state updates should be wrapped into act(...):

act(() => {
  /* fire events that update state */
});
/* assert on the output */

This ensures that you're testing the behavior the user would see in the browser. Learn more at https://reactjs.org/link/wrap-tests-with-act
    at CustomerForm (C:/Users/Admin/graceful_books/src/components/customers/CustomerForm.tsx:57:3)

[90mstderr[2m | src/components/customers/CustomerForm.test.tsx[2m > [22m[2mCustomerForm Component[2m > [22m[2mvalidation[2m > [22m[2mshould accept valid email format
[22m[39mWarning: An update to CustomerForm inside a test was not wrapped in act(...).

When testing, code that causes React state updates should be wrapped into act(...):

act(() => {
  /* fire events that update state */
});
/* assert on the output */

This ensures that you're testing the behavior the user would see in the browser. Learn more at https://reactjs.org/link/wrap-tests-with-act
    at CustomerForm (C:/Users/Admin/graceful_books/src/components/customers/CustomerForm.tsx:57:3)
Warning: An update to CustomerForm inside a test was not wrapped in act(...).

When testing, code that causes React state updates should be wrapped into act(...):

act(() => {
  /* fire events that update state */
});
/* assert on the output */

This ensures that you're testing the behavior the user would see in the browser. Learn more at https://reactjs.org/link/wrap-tests-with-act
    at CustomerForm (C:/Users/Admin/graceful_books/src/components/customers/CustomerForm.tsx:57:3)
Warning: An update to CustomerForm inside a test was not wrapped in act(...).

When testing, code that causes React state updates should be wrapped into act(...):

act(() => {
  /* fire events that update state */
});
/* assert on the output */

This ensures that you're testing the behavior the user would see in the browser. Learn more at https://reactjs.org/link/wrap-tests-with-act
    at CustomerForm (C:/Users/Admin/graceful_books/src/components/customers/CustomerForm.tsx:57:3)

[90mstderr[2m | src/components/customers/CustomerForm.test.tsx[2m > [22m[2mCustomerForm Component[2m > [22m[2mvalidation[2m > [22m[2mshould accept valid email format
[22m[39mWarning: An update to CustomerForm inside a test was not wrapped in act(...).

When testing, code that causes React state updates should be wrapped into act(...):

act(() => {
  /* fire events that update state */
});
/* assert on the output */

This ensures that you're testing the behavior the user would see in the browser. Learn more at https://reactjs.org/link/wrap-tests-with-act
    at CustomerForm (C:/Users/Admin/graceful_books/src/components/customers/CustomerForm.tsx:57:3)
Warning: An update to CustomerForm inside a test was not wrapped in act(...).

When testing, code that causes React state updates should be wrapped into act(...):

act(() => {
  /* fire events that update state */
});
/* assert on the output */

This ensures that you're testing the behavior the user would see in the browser. Learn more at https://reactjs.org/link/wrap-tests-with-act
    at CustomerForm (C:/Users/Admin/graceful_books/src/components/customers/CustomerForm.tsx:57:3)
Warning: An update to CustomerForm inside a test was not wrapped in act(...).

When testing, code that causes React state updates should be wrapped into act(...):

act(() => {
  /* fire events that update state */
});
/* assert on the output */

This ensures that you're testing the behavior the user would see in the browser. Learn more at https://reactjs.org/link/wrap-tests-with-act
    at CustomerForm (C:/Users/Admin/graceful_books/src/components/customers/CustomerForm.tsx:57:3)

[90mstderr[2m | src/components/customers/CustomerForm.test.tsx[2m > [22m[2mCustomerForm Component[2m > [22m[2mvalidation[2m > [22m[2mshould accept valid email format
[22m[39mWarning: An update to CustomerForm inside a test was not wrapped in act(...).

When testing, code that causes React state updates should be wrapped into act(...):

act(() => {
  /* fire events that update state */
});
/* assert on the output */

This ensures that you're testing the behavior the user would see in the browser. Learn more at https://reactjs.org/link/wrap-tests-with-act
    at CustomerForm (C:/Users/Admin/graceful_books/src/components/customers/CustomerForm.tsx:57:3)
Warning: An update to CustomerForm inside a test was not wrapped in act(...).

When testing, code that causes React state updates should be wrapped into act(...):

act(() => {
  /* fire events that update state */
});
/* assert on the output */

This ensures that you're testing the behavior the user would see in the browser. Learn more at https://reactjs.org/link/wrap-tests-with-act
    at CustomerForm (C:/Users/Admin/graceful_books/src/components/customers/CustomerForm.tsx:57:3)
Warning: An update to CustomerForm inside a test was not wrapped in act(...).

When testing, code that causes React state updates should be wrapped into act(...):

act(() => {
  /* fire events that update state */
});
/* assert on the output */

This ensures that you're testing the behavior the user would see in the browser. Learn more at https://reactjs.org/link/wrap-tests-with-act
    at CustomerForm (C:/Users/Admin/graceful_books/src/components/customers/CustomerForm.tsx:57:3)

[90mstderr[2m | src/components/customers/CustomerForm.test.tsx[2m > [22m[2mCustomerForm Component[2m > [22m[2mvalidation[2m > [22m[2mshould accept valid email format
[22m[39mWarning: An update to CustomerForm inside a test was not wrapped in act(...).

When testing, code that causes React state updates should be wrapped into act(...):

act(() => {
  /* fire events that update state */
});
/* assert on the output */

This ensures that you're testing the behavior the user would see in the browser. Learn more at https://reactjs.org/link/wrap-tests-with-act
    at CustomerForm (C:/Users/Admin/graceful_books/src/components/customers/CustomerForm.tsx:57:3)
Warning: An update to CustomerForm inside a test was not wrapped in act(...).

When testing, code that causes React state updates should be wrapped into act(...):

act(() => {
  /* fire events that update state */
});
/* assert on the output */

This ensures that you're testing the behavior the user would see in the browser. Learn more at https://reactjs.org/link/wrap-tests-with-act
    at CustomerForm (C:/Users/Admin/graceful_books/src/components/customers/CustomerForm.tsx:57:3)
Warning: An update to CustomerForm inside a test was not wrapped in act(...).

When testing, code that causes React state updates should be wrapped into act(...):

act(() => {
  /* fire events that update state */
});
/* assert on the output */

This ensures that you're testing the behavior the user would see in the browser. Learn more at https://reactjs.org/link/wrap-tests-with-act
    at CustomerForm (C:/Users/Admin/graceful_books/src/components/customers/CustomerForm.tsx:57:3)

[90mstderr[2m | src/components/customers/CustomerForm.test.tsx[2m > [22m[2mCustomerForm Component[2m > [22m[2mvalidation[2m > [22m[2mshould accept valid email format
[22m[39mWarning: An update to CustomerForm inside a test was not wrapped in act(...).

When testing, code that causes React state updates should be wrapped into act(...):

act(() => {
  /* fire events that update state */
});
/* assert on the output */

This ensures that you're testing the behavior the user would see in the browser. Learn more at https://reactjs.org/link/wrap-tests-with-act
    at CustomerForm (C:/Users/Admin/graceful_books/src/components/customers/CustomerForm.tsx:57:3)
Warning: An update to CustomerForm inside a test was not wrapped in act(...).

When testing, code that causes React state updates should be wrapped into act(...):

act(() => {
  /* fire events that update state */
});
/* assert on the output */

This ensures that you're testing the behavior the user would see in the browser. Learn more at https://reactjs.org/link/wrap-tests-with-act
    at CustomerForm (C:/Users/Admin/graceful_books/src/components/customers/CustomerForm.tsx:57:3)
Warning: An update to CustomerForm inside a test was not wrapped in act(...).

When testing, code that causes React state updates should be wrapped into act(...):

act(() => {
  /* fire events that update state */
});
/* assert on the output */

This ensures that you're testing the behavior the user would see in the browser. Learn more at https://reactjs.org/link/wrap-tests-with-act
    at CustomerForm (C:/Users/Admin/graceful_books/src/components/customers/CustomerForm.tsx:57:3)

[90mstderr[2m | src/components/customers/CustomerForm.test.tsx[2m > [22m[2mCustomerForm Component[2m > [22m[2mvalidation[2m > [22m[2mshould accept valid email format
[22m[39mWarning: An update to CustomerForm inside a test was not wrapped in act(...).

When testing, code that causes React state updates should be wrapped into act(...):

act(() => {
  /* fire events that update state */
});
/* assert on the output */

This ensures that you're testing the behavior the user would see in the browser. Learn more at https://reactjs.org/link/wrap-tests-with-act
    at CustomerForm (C:/Users/Admin/graceful_books/src/components/customers/CustomerForm.tsx:57:3)
Warning: An update to CustomerForm inside a test was not wrapped in act(...).

When testing, code that causes React state updates should be wrapped into act(...):

act(() => {
  /* fire events that update state */
});
/* assert on the output */

This ensures that you're testing the behavior the user would see in the browser. Learn more at https://reactjs.org/link/wrap-tests-with-act
    at CustomerForm (C:/Users/Admin/graceful_books/src/components/customers/CustomerForm.tsx:57:3)
Warning: An update to CustomerForm inside a test was not wrapped in act(...).

When testing, code that causes React state updates should be wrapped into act(...):

act(() => {
  /* fire events that update state */
});
/* assert on the output */

This ensures that you're testing the behavior the user would see in the browser. Learn more at https://reactjs.org/link/wrap-tests-with-act
    at CustomerForm (C:/Users/Admin/graceful_books/src/components/customers/CustomerForm.tsx:57:3)

[90mstderr[2m | src/components/customers/CustomerForm.test.tsx[2m > [22m[2mCustomerForm Component[2m > [22m[2mvalidation[2m > [22m[2mshould accept valid email format
[22m[39mWarning: An update to CustomerForm inside a test was not wrapped in act(...).

When testing, code that causes React state updates should be wrapped into act(...):

act(() => {
  /* fire events that update state */
});
/* assert on the output */

This ensures that you're testing the behavior the user would see in the browser. Learn more at https://reactjs.org/link/wrap-tests-with-act
    at CustomerForm (C:/Users/Admin/graceful_books/src/components/customers/CustomerForm.tsx:57:3)
Warning: An update to CustomerForm inside a test was not wrapped in act(...).

When testing, code that causes React state updates should be wrapped into act(...):

act(() => {
  /* fire events that update state */
});
/* assert on the output */

This ensures that you're testing the behavior the user would see in the browser. Learn more at https://reactjs.org/link/wrap-tests-with-act
    at CustomerForm (C:/Users/Admin/graceful_books/src/components/customers/CustomerForm.tsx:57:3)
Warning: An update to CustomerForm inside a test was not wrapped in act(...).

When testing, code that causes React state updates should be wrapped into act(...):

act(() => {
  /* fire events that update state */
});
/* assert on the output */

This ensures that you're testing the behavior the user would see in the browser. Learn more at https://reactjs.org/link/wrap-tests-with-act
    at CustomerForm (C:/Users/Admin/graceful_books/src/components/customers/CustomerForm.tsx:57:3)

[90mstderr[2m | src/components/customers/CustomerForm.test.tsx[2m > [22m[2mCustomerForm Component[2m > [22m[2mvalidation[2m > [22m[2mshould accept valid email format
[22m[39mWarning: An update to CustomerForm inside a test was not wrapped in act(...).

When testing, code that causes React state updates should be wrapped into act(...):

act(() => {
  /* fire events that update state */
});
/* assert on the output */

This ensures that you're testing the behavior the user would see in the browser. Learn more at https://reactjs.org/link/wrap-tests-with-act
    at CustomerForm (C:/Users/Admin/graceful_books/src/components/customers/CustomerForm.tsx:57:3)
Warning: An update to CustomerForm inside a test was not wrapped in act(...).

When testing, code that causes React state updates should be wrapped into act(...):

act(() => {
  /* fire events that update state */
});
/* assert on the output */

This ensures that you're testing the behavior the user would see in the browser. Learn more at https://reactjs.org/link/wrap-tests-with-act
    at CustomerForm (C:/Users/Admin/graceful_books/src/components/customers/CustomerForm.tsx:57:3)
Warning: An update to CustomerForm inside a test was not wrapped in act(...).

When testing, code that causes React state updates should be wrapped into act(...):

act(() => {
  /* fire events that update state */
});
/* assert on the output */

This ensures that you're testing the behavior the user would see in the browser. Learn more at https://reactjs.org/link/wrap-tests-with-act
    at CustomerForm (C:/Users/Admin/graceful_books/src/components/customers/CustomerForm.tsx:57:3)

[90mstderr[2m | src/components/customers/CustomerForm.test.tsx[2m > [22m[2mCustomerForm Component[2m > [22m[2mvalidation[2m > [22m[2mshould accept valid email format
[22m[39mWarning: An update to CustomerForm inside a test was not wrapped in act(...).

When testing, code that causes React state updates should be wrapped into act(...):

act(() => {
  /* fire events that update state */
});
/* assert on the output */

This ensures that you're testing the behavior the user would see in the browser. Learn more at https://reactjs.org/link/wrap-tests-with-act
    at CustomerForm (C:/Users/Admin/graceful_books/src/components/customers/CustomerForm.tsx:57:3)
Warning: An update to CustomerForm inside a test was not wrapped in act(...).

When testing, code that causes React state updates should be wrapped into act(...):

act(() => {
  /* fire events that update state */
});
/* assert on the output */

This ensures that you're testing the behavior the user would see in the browser. Learn more at https://reactjs.org/link/wrap-tests-with-act
    at CustomerForm (C:/Users/Admin/graceful_books/src/components/customers/CustomerForm.tsx:57:3)
Warning: An update to CustomerForm inside a test was not wrapped in act(...).

When testing, code that causes React state updates should be wrapped into act(...):

act(() => {
  /* fire events that update state */
});
/* assert on the output */

This ensures that you're testing the behavior the user would see in the browser. Learn more at https://reactjs.org/link/wrap-tests-with-act
    at CustomerForm (C:/Users/Admin/graceful_books/src/components/customers/CustomerForm.tsx:57:3)

[90mstderr[2m | src/components/customers/CustomerForm.test.tsx[2m > [22m[2mCustomerForm Component[2m > [22m[2mvalidation[2m > [22m[2mshould accept valid email format
[22m[39mWarning: An update to CustomerForm inside a test was not wrapped in act(...).

When testing, code that causes React state updates should be wrapped into act(...):

act(() => {
  /* fire events that update state */
});
/* assert on the output */

This ensures that you're testing the behavior the user would see in the browser. Learn more at https://reactjs.org/link/wrap-tests-with-act
    at CustomerForm (C:/Users/Admin/graceful_books/src/components/customers/CustomerForm.tsx:57:3)
Warning: An update to CustomerForm inside a test was not wrapped in act(...).

When testing, code that causes React state updates should be wrapped into act(...):

act(() => {
  /* fire events that update state */
});
/* assert on the output */

This ensures that you're testing the behavior the user would see in the browser. Learn more at https://reactjs.org/link/wrap-tests-with-act
    at CustomerForm (C:/Users/Admin/graceful_books/src/components/customers/CustomerForm.tsx:57:3)
Warning: An update to CustomerForm inside a test was not wrapped in act(...).

When testing, code that causes React state updates should be wrapped into act(...):

act(() => {
  /* fire events that update state */
});
/* assert on the output */

This ensures that you're testing the behavior the user would see in the browser. Learn more at https://reactjs.org/link/wrap-tests-with-act
    at CustomerForm (C:/Users/Admin/graceful_books/src/components/customers/CustomerForm.tsx:57:3)

[90mstderr[2m | src/components/customers/CustomerForm.test.tsx[2m > [22m[2mCustomerForm Component[2m > [22m[2mvalidation[2m > [22m[2mshould accept valid email format
[22m[39mWarning: An update to CustomerForm inside a test was not wrapped in act(...).

When testing, code that causes React state updates should be wrapped into act(...):

act(() => {
  /* fire events that update state */
});
/* assert on the output */

This ensures that you're testing the behavior the user would see in the browser. Learn more at https://reactjs.org/link/wrap-tests-with-act
    at CustomerForm (C:/Users/Admin/graceful_books/src/components/customers/CustomerForm.tsx:57:3)
Warning: An update to CustomerForm inside a test was not wrapped in act(...).

When testing, code that causes React state updates should be wrapped into act(...):

act(() => {
  /* fire events that update state */
});
/* assert on the output */

This ensures that you're testing the behavior the user would see in the browser. Learn more at https://reactjs.org/link/wrap-tests-with-act
    at CustomerForm (C:/Users/Admin/graceful_books/src/components/customers/CustomerForm.tsx:57:3)
Warning: An update to CustomerForm inside a test was not wrapped in act(...).

When testing, code that causes React state updates should be wrapped into act(...):

act(() => {
  /* fire events that update state */
});
/* assert on the output */

This ensures that you're testing the behavior the user would see in the browser. Learn more at https://reactjs.org/link/wrap-tests-with-act
    at CustomerForm (C:/Users/Admin/graceful_books/src/components/customers/CustomerForm.tsx:57:3)

[90mstderr[2m | src/components/customers/CustomerForm.test.tsx[2m > [22m[2mCustomerForm Component[2m > [22m[2mvalidation[2m > [22m[2mshould accept valid email format
[22m[39mWarning: An update to CustomerForm inside a test was not wrapped in act(...).

When testing, code that causes React state updates should be wrapped into act(...):

act(() => {
  /* fire events that update state */
});
/* assert on the output */

This ensures that you're testing the behavior the user would see in the browser. Learn more at https://reactjs.org/link/wrap-tests-with-act
    at CustomerForm (C:/Users/Admin/graceful_books/src/components/customers/CustomerForm.tsx:57:3)
Warning: An update to CustomerForm inside a test was not wrapped in act(...).

When testing, code that causes React state updates should be wrapped into act(...):

act(() => {
  /* fire events that update state */
});
/* assert on the output */

This ensures that you're testing the behavior the user would see in the browser. Learn more at https://reactjs.org/link/wrap-tests-with-act
    at CustomerForm (C:/Users/Admin/graceful_books/src/components/customers/CustomerForm.tsx:57:3)
Warning: An update to CustomerForm inside a test was not wrapped in act(...).

When testing, code that causes React state updates should be wrapped into act(...):

act(() => {
  /* fire events that update state */
});
/* assert on the output */

This ensures that you're testing the behavior the user would see in the browser. Learn more at https://reactjs.org/link/wrap-tests-with-act
    at CustomerForm (C:/Users/Admin/graceful_books/src/components/customers/CustomerForm.tsx:57:3)

[90mstderr[2m | src/components/customers/CustomerForm.test.tsx[2m > [22m[2mCustomerForm Component[2m > [22m[2mvalidation[2m > [22m[2mshould accept valid email format
[22m[39mWarning: An update to CustomerForm inside a test was not wrapped in act(...).

When testing, code that causes React state updates should be wrapped into act(...):

act(() => {
  /* fire events that update state */
});
/* assert on the output */

This ensures that you're testing the behavior the user would see in the browser. Learn more at https://reactjs.org/link/wrap-tests-with-act
    at CustomerForm (C:/Users/Admin/graceful_books/src/components/customers/CustomerForm.tsx:57:3)
Warning: An update to CustomerForm inside a test was not wrapped in act(...).

When testing, code that causes React state updates should be wrapped into act(...):

act(() => {
  /* fire events that update state */
});
/* assert on the output */

This ensures that you're testing the behavior the user would see in the browser. Learn more at https://reactjs.org/link/wrap-tests-with-act
    at CustomerForm (C:/Users/Admin/graceful_books/src/components/customers/CustomerForm.tsx:57:3)
Warning: An update to CustomerForm inside a test was not wrapped in act(...).

When testing, code that causes React state updates should be wrapped into act(...):

act(() => {
  /* fire events that update state */
});
/* assert on the output */

This ensures that you're testing the behavior the user would see in the browser. Learn more at https://reactjs.org/link/wrap-tests-with-act
    at CustomerForm (C:/Users/Admin/graceful_books/src/components/customers/CustomerForm.tsx:57:3)

[90mstderr[2m | src/components/customers/CustomerForm.test.tsx[2m > [22m[2mCustomerForm Component[2m > [22m[2mvalidation[2m > [22m[2mshould accept valid email format
[22m[39mWarning: An update to CustomerForm inside a test was not wrapped in act(...).

When testing, code that causes React state updates should be wrapped into act(...):

act(() => {
  /* fire events that update state */
});
/* assert on the output */

This ensures that you're testing the behavior the user would see in the browser. Learn more at https://reactjs.org/link/wrap-tests-with-act
    at CustomerForm (C:/Users/Admin/graceful_books/src/components/customers/CustomerForm.tsx:57:3)
Warning: An update to CustomerForm inside a test was not wrapped in act(...).

When testing, code that causes React state updates should be wrapped into act(...):

act(() => {
  /* fire events that update state */
});
/* assert on the output */

This ensures that you're testing the behavior the user would see in the browser. Learn more at https://reactjs.org/link/wrap-tests-with-act
    at CustomerForm (C:/Users/Admin/graceful_books/src/components/customers/CustomerForm.tsx:57:3)
Warning: An update to CustomerForm inside a test was not wrapped in act(...).

When testing, code that causes React state updates should be wrapped into act(...):

act(() => {
  /* fire events that update state */
});
/* assert on the output */

This ensures that you're testing the behavior the user would see in the browser. Learn more at https://reactjs.org/link/wrap-tests-with-act
    at CustomerForm (C:/Users/Admin/graceful_books/src/components/customers/CustomerForm.tsx:57:3)

[90mstderr[2m | src/components/customers/CustomerForm.test.tsx[2m > [22m[2mCustomerForm Component[2m > [22m[2mvalidation[2m > [22m[2mshould accept valid email format
[22m[39mWarning: An update to CustomerForm inside a test was not wrapped in act(...).

When testing, code that causes React state updates should be wrapped into act(...):

act(() => {
  /* fire events that update state */
});
/* assert on the output */

This ensures that you're testing the behavior the user would see in the browser. Learn more at https://reactjs.org/link/wrap-tests-with-act
    at CustomerForm (C:/Users/Admin/graceful_books/src/components/customers/CustomerForm.tsx:57:3)
Warning: An update to CustomerForm inside a test was not wrapped in act(...).

When testing, code that causes React state updates should be wrapped into act(...):

act(() => {
  /* fire events that update state */
});
/* assert on the output */

This ensures that you're testing the behavior the user would see in the browser. Learn more at https://reactjs.org/link/wrap-tests-with-act
    at CustomerForm (C:/Users/Admin/graceful_books/src/components/customers/CustomerForm.tsx:57:3)
Warning: An update to CustomerForm inside a test was not wrapped in act(...).

When testing, code that causes React state updates should be wrapped into act(...):

act(() => {
  /* fire events that update state */
});
/* assert on the output */

This ensures that you're testing the behavior the user would see in the browser. Learn more at https://reactjs.org/link/wrap-tests-with-act
    at CustomerForm (C:/Users/Admin/graceful_books/src/components/customers/CustomerForm.tsx:57:3)

[90mstderr[2m | src/components/customers/CustomerForm.test.tsx[2m > [22m[2mCustomerForm Component[2m > [22m[2mvalidation[2m > [22m[2mshould accept valid email format
[22m[39mWarning: An update to CustomerForm inside a test was not wrapped in act(...).

When testing, code that causes React state updates should be wrapped into act(...):

act(() => {
  /* fire events that update state */
});
/* assert on the output */

This ensures that you're testing the behavior the user would see in the browser. Learn more at https://reactjs.org/link/wrap-tests-with-act
    at CustomerForm (C:/Users/Admin/graceful_books/src/components/customers/CustomerForm.tsx:57:3)
Warning: An update to CustomerForm inside a test was not wrapped in act(...).

When testing, code that causes React state updates should be wrapped into act(...):

act(() => {
  /* fire events that update state */
});
/* assert on the output */

This ensures that you're testing the behavior the user would see in the browser. Learn more at https://reactjs.org/link/wrap-tests-with-act
    at CustomerForm (C:/Users/Admin/graceful_books/src/components/customers/CustomerForm.tsx:57:3)
Warning: An update to CustomerForm inside a test was not wrapped in act(...).

When testing, code that causes React state updates should be wrapped into act(...):

act(() => {
  /* fire events that update state */
});
/* assert on the output */

This ensures that you're testing the behavior the user would see in the browser. Learn more at https://reactjs.org/link/wrap-tests-with-act
    at CustomerForm (C:/Users/Admin/graceful_books/src/components/customers/CustomerForm.tsx:57:3)

[90mstderr[2m | src/components/customers/CustomerForm.test.tsx[2m > [22m[2mCustomerForm Component[2m > [22m[2mvalidation[2m > [22m[2mshould accept valid email format
[22m[39mWarning: An update to CustomerForm inside a test was not wrapped in act(...).

When testing, code that causes React state updates should be wrapped into act(...):

act(() => {
  /* fire events that update state */
});
/* assert on the output */

This ensures that you're testing the behavior the user would see in the browser. Learn more at https://reactjs.org/link/wrap-tests-with-act
    at CustomerForm (C:/Users/Admin/graceful_books/src/components/customers/CustomerForm.tsx:57:3)
Warning: An update to CustomerForm inside a test was not wrapped in act(...).

When testing, code that causes React state updates should be wrapped into act(...):

act(() => {
  /* fire events that update state */
});
/* assert on the output */

This ensures that you're testing the behavior the user would see in the browser. Learn more at https://reactjs.org/link/wrap-tests-with-act
    at CustomerForm (C:/Users/Admin/graceful_books/src/components/customers/CustomerForm.tsx:57:3)
Warning: An update to CustomerForm inside a test was not wrapped in act(...).

When testing, code that causes React state updates should be wrapped into act(...):

act(() => {
  /* fire events that update state */
});
/* assert on the output */

This ensures that you're testing the behavior the user would see in the browser. Learn more at https://reactjs.org/link/wrap-tests-with-act
    at CustomerForm (C:/Users/Admin/graceful_books/src/components/customers/CustomerForm.tsx:57:3)

[90mstderr[2m | src/components/customers/CustomerForm.test.tsx[2m > [22m[2mCustomerForm Component[2m > [22m[2mvalidation[2m > [22m[2mshould accept valid email format
[22m[39mWarning: An update to CustomerForm inside a test was not wrapped in act(...).

When testing, code that causes React state updates should be wrapped into act(...):

act(() => {
  /* fire events that update state */
});
/* assert on the output */

This ensures that you're testing the behavior the user would see in the browser. Learn more at https://reactjs.org/link/wrap-tests-with-act
    at CustomerForm (C:/Users/Admin/graceful_books/src/components/customers/CustomerForm.tsx:57:3)
Warning: An update to CustomerForm inside a test was not wrapped in act(...).

When testing, code that causes React state updates should be wrapped into act(...):

act(() => {
  /* fire events that update state */
});
/* assert on the output */

This ensures that you're testing the behavior the user would see in the browser. Learn more at https://reactjs.org/link/wrap-tests-with-act
    at CustomerForm (C:/Users/Admin/graceful_books/src/components/customers/CustomerForm.tsx:57:3)
Warning: An update to CustomerForm inside a test was not wrapped in act(...).

When testing, code that causes React state updates should be wrapped into act(...):

act(() => {
  /* fire events that update state */
});
/* assert on the output */

This ensures that you're testing the behavior the user would see in the browser. Learn more at https://reactjs.org/link/wrap-tests-with-act
    at CustomerForm (C:/Users/Admin/graceful_books/src/components/customers/CustomerForm.tsx:57:3)

[90mstderr[2m | src/components/customers/CustomerForm.test.tsx[2m > [22m[2mCustomerForm Component[2m > [22m[2mvalidation[2m > [22m[2mshould accept valid email format
[22m[39mWarning: An update to CustomerForm inside a test was not wrapped in act(...).

When testing, code that causes React state updates should be wrapped into act(...):

act(() => {
  /* fire events that update state */
});
/* assert on the output */

This ensures that you're testing the behavior the user would see in the browser. Learn more at https://reactjs.org/link/wrap-tests-with-act
    at CustomerForm (C:/Users/Admin/graceful_books/src/components/customers/CustomerForm.tsx:57:3)
Warning: An update to CustomerForm inside a test was not wrapped in act(...).

When testing, code that causes React state updates should be wrapped into act(...):

act(() => {
  /* fire events that update state */
});
/* assert on the output */

This ensures that you're testing the behavior the user would see in the browser. Learn more at https://reactjs.org/link/wrap-tests-with-act
    at CustomerForm (C:/Users/Admin/graceful_books/src/components/customers/CustomerForm.tsx:57:3)
Warning: An update to CustomerForm inside a test was not wrapped in act(...).

When testing, code that causes React state updates should be wrapped into act(...):

act(() => {
  /* fire events that update state */
});
/* assert on the output */

This ensures that you're testing the behavior the user would see in the browser. Learn more at https://reactjs.org/link/wrap-tests-with-act
    at CustomerForm (C:/Users/Admin/graceful_books/src/components/customers/CustomerForm.tsx:57:3)

[90mstderr[2m | src/components/customers/CustomerForm.test.tsx[2m > [22m[2mCustomerForm Component[2m > [22m[2mvalidation[2m > [22m[2mshould accept valid email format
[22m[39mWarning: An update to CustomerForm inside a test was not wrapped in act(...).

When testing, code that causes React state updates should be wrapped into act(...):

act(() => {
  /* fire events that update state */
});
/* assert on the output */

This ensures that you're testing the behavior the user would see in the browser. Learn more at https://reactjs.org/link/wrap-tests-with-act
    at CustomerForm (C:/Users/Admin/graceful_books/src/components/customers/CustomerForm.tsx:57:3)
Warning: An update to CustomerForm inside a test was not wrapped in act(...).

When testing, code that causes React state updates should be wrapped into act(...):

act(() => {
  /* fire events that update state */
});
/* assert on the output */

This ensures that you're testing the behavior the user would see in the browser. Learn more at https://reactjs.org/link/wrap-tests-with-act
    at CustomerForm (C:/Users/Admin/graceful_books/src/components/customers/CustomerForm.tsx:57:3)
Warning: An update to CustomerForm inside a test was not wrapped in act(...).

When testing, code that causes React state updates should be wrapped into act(...):

act(() => {
  /* fire events that update state */
});
/* assert on the output */

This ensures that you're testing the behavior the user would see in the browser. Learn more at https://reactjs.org/link/wrap-tests-with-act
    at CustomerForm (C:/Users/Admin/graceful_books/src/components/customers/CustomerForm.tsx:57:3)

[90mstderr[2m | src/components/customers/CustomerForm.test.tsx[2m > [22m[2mCustomerForm Component[2m > [22m[2mvalidation[2m > [22m[2mshould accept valid email format
[22m[39mWarning: An update to CustomerForm inside a test was not wrapped in act(...).

When testing, code that causes React state updates should be wrapped into act(...):

act(() => {
  /* fire events that update state */
});
/* assert on the output */

This ensures that you're testing the behavior the user would see in the browser. Learn more at https://reactjs.org/link/wrap-tests-with-act
    at CustomerForm (C:/Users/Admin/graceful_books/src/components/customers/CustomerForm.tsx:57:3)
Warning: An update to CustomerForm inside a test was not wrapped in act(...).

When testing, code that causes React state updates should be wrapped into act(...):

act(() => {
  /* fire events that update state */
});
/* assert on the output */

This ensures that you're testing the behavior the user would see in the browser. Learn more at https://reactjs.org/link/wrap-tests-with-act
    at CustomerForm (C:/Users/Admin/graceful_books/src/components/customers/CustomerForm.tsx:57:3)
Warning: An update to CustomerForm inside a test was not wrapped in act(...).

When testing, code that causes React state updates should be wrapped into act(...):

act(() => {
  /* fire events that update state */
});
/* assert on the output */

This ensures that you're testing the behavior the user would see in the browser. Learn more at https://reactjs.org/link/wrap-tests-with-act
    at CustomerForm (C:/Users/Admin/graceful_books/src/components/customers/CustomerForm.tsx:57:3)

[90mstderr[2m | src/components/customers/CustomerForm.test.tsx[2m > [22m[2mCustomerForm Component[2m > [22m[2mvalidation[2m > [22m[2mshould accept valid email format
[22m[39mWarning: An update to CustomerForm inside a test was not wrapped in act(...).

When testing, code that causes React state updates should be wrapped into act(...):

act(() => {
  /* fire events that update state */
});
/* assert on the output */

This ensures that you're testing the behavior the user would see in the browser. Learn more at https://reactjs.org/link/wrap-tests-with-act
    at CustomerForm (C:/Users/Admin/graceful_books/src/components/customers/CustomerForm.tsx:57:3)
Warning: An update to CustomerForm inside a test was not wrapped in act(...).

When testing, code that causes React state updates should be wrapped into act(...):

act(() => {
  /* fire events that update state */
});
/* assert on the output */

This ensures that you're testing the behavior the user would see in the browser. Learn more at https://reactjs.org/link/wrap-tests-with-act
    at CustomerForm (C:/Users/Admin/graceful_books/src/components/customers/CustomerForm.tsx:57:3)
Warning: An update to CustomerForm inside a test was not wrapped in act(...).

When testing, code that causes React state updates should be wrapped into act(...):

act(() => {
  /* fire events that update state */
});
/* assert on the output */

This ensures that you're testing the behavior the user would see in the browser. Learn more at https://reactjs.org/link/wrap-tests-with-act
    at CustomerForm (C:/Users/Admin/graceful_books/src/components/customers/CustomerForm.tsx:57:3)

[90mstderr[2m | src/components/customers/CustomerForm.test.tsx[2m > [22m[2mCustomerForm Component[2m > [22m[2mvalidation[2m > [22m[2mshould accept valid email format
[22m[39mWarning: An update to CustomerForm inside a test was not wrapped in act(...).

When testing, code that causes React state updates should be wrapped into act(...):

act(() => {
  /* fire events that update state */
});
/* assert on the output */

This ensures that you're testing the behavior the user would see in the browser. Learn more at https://reactjs.org/link/wrap-tests-with-act
    at CustomerForm (C:/Users/Admin/graceful_books/src/components/customers/CustomerForm.tsx:57:3)
Warning: An update to CustomerForm inside a test was not wrapped in act(...).

When testing, code that causes React state updates should be wrapped into act(...):

act(() => {
  /* fire events that update state */
});
/* assert on the output */

This ensures that you're testing the behavior the user would see in the browser. Learn more at https://reactjs.org/link/wrap-tests-with-act
    at CustomerForm (C:/Users/Admin/graceful_books/src/components/customers/CustomerForm.tsx:57:3)
Warning: An update to CustomerForm inside a test was not wrapped in act(...).

When testing, code that causes React state updates should be wrapped into act(...):

act(() => {
  /* fire events that update state */
});
/* assert on the output */

This ensures that you're testing the behavior the user would see in the browser. Learn more at https://reactjs.org/link/wrap-tests-with-act
    at CustomerForm (C:/Users/Admin/graceful_books/src/components/customers/CustomerForm.tsx:57:3)

[90mstderr[2m | src/components/customers/CustomerForm.test.tsx[2m > [22m[2mCustomerForm Component[2m > [22m[2mvalidation[2m > [22m[2mshould accept valid email format
[22m[39mWarning: An update to CustomerForm inside a test was not wrapped in act(...).

When testing, code that causes React state updates should be wrapped into act(...):

act(() => {
  /* fire events that update state */
});
/* assert on the output */

This ensures that you're testing the behavior the user would see in the browser. Learn more at https://reactjs.org/link/wrap-tests-with-act
    at CustomerForm (C:/Users/Admin/graceful_books/src/components/customers/CustomerForm.tsx:57:3)
Warning: An update to CustomerForm inside a test was not wrapped in act(...).

When testing, code that causes React state updates should be wrapped into act(...):

act(() => {
  /* fire events that update state */
});
/* assert on the output */

This ensures that you're testing the behavior the user would see in the browser. Learn more at https://reactjs.org/link/wrap-tests-with-act
    at CustomerForm (C:/Users/Admin/graceful_books/src/components/customers/CustomerForm.tsx:57:3)
Warning: An update to CustomerForm inside a test was not wrapped in act(...).

When testing, code that causes React state updates should be wrapped into act(...):

act(() => {
  /* fire events that update state */
});
/* assert on the output */

This ensures that you're testing the behavior the user would see in the browser. Learn more at https://reactjs.org/link/wrap-tests-with-act
    at CustomerForm (C:/Users/Admin/graceful_books/src/components/customers/CustomerForm.tsx:57:3)

[90mstderr[2m | src/components/customers/CustomerForm.test.tsx[2m > [22m[2mCustomerForm Component[2m > [22m[2mvalidation[2m > [22m[2mshould accept valid email format
[22m[39mWarning: An update to CustomerForm inside a test was not wrapped in act(...).

When testing, code that causes React state updates should be wrapped into act(...):

act(() => {
  /* fire events that update state */
});
/* assert on the output */

This ensures that you're testing the behavior the user would see in the browser. Learn more at https://reactjs.org/link/wrap-tests-with-act
    at CustomerForm (C:/Users/Admin/graceful_books/src/components/customers/CustomerForm.tsx:57:3)
Warning: An update to CustomerForm inside a test was not wrapped in act(...).

When testing, code that causes React state updates should be wrapped into act(...):

act(() => {
  /* fire events that update state */
});
/* assert on the output */

This ensures that you're testing the behavior the user would see in the browser. Learn more at https://reactjs.org/link/wrap-tests-with-act
    at CustomerForm (C:/Users/Admin/graceful_books/src/components/customers/CustomerForm.tsx:57:3)
Warning: An update to CustomerForm inside a test was not wrapped in act(...).

When testing, code that causes React state updates should be wrapped into act(...):

act(() => {
  /* fire events that update state */
});
/* assert on the output */

This ensures that you're testing the behavior the user would see in the browser. Learn more at https://reactjs.org/link/wrap-tests-with-act
    at CustomerForm (C:/Users/Admin/graceful_books/src/components/customers/CustomerForm.tsx:57:3)

[90mstderr[2m | src/components/customers/CustomerForm.test.tsx[2m > [22m[2mCustomerForm Component[2m > [22m[2mvalidation[2m > [22m[2mshould accept valid email format
[22m[39mWarning: An update to CustomerForm inside a test was not wrapped in act(...).

When testing, code that causes React state updates should be wrapped into act(...):

act(() => {
  /* fire events that update state */
});
/* assert on the output */

This ensures that you're testing the behavior the user would see in the browser. Learn more at https://reactjs.org/link/wrap-tests-with-act
    at CustomerForm (C:/Users/Admin/graceful_books/src/components/customers/CustomerForm.tsx:57:3)
Warning: An update to CustomerForm inside a test was not wrapped in act(...).

When testing, code that causes React state updates should be wrapped into act(...):

act(() => {
  /* fire events that update state */
});
/* assert on the output */

This ensures that you're testing the behavior the user would see in the browser. Learn more at https://reactjs.org/link/wrap-tests-with-act
    at CustomerForm (C:/Users/Admin/graceful_books/src/components/customers/CustomerForm.tsx:57:3)
Warning: An update to CustomerForm inside a test was not wrapped in act(...).

When testing, code that causes React state updates should be wrapped into act(...):

act(() => {
  /* fire events that update state */
});
/* assert on the output */

This ensures that you're testing the behavior the user would see in the browser. Learn more at https://reactjs.org/link/wrap-tests-with-act
    at CustomerForm (C:/Users/Admin/graceful_books/src/components/customers/CustomerForm.tsx:57:3)

[90mstderr[2m | src/components/customers/CustomerForm.test.tsx[2m > [22m[2mCustomerForm Component[2m > [22m[2mvalidation[2m > [22m[2mshould accept valid email format
[22m[39mWarning: An update to CustomerForm inside a test was not wrapped in act(...).

When testing, code that causes React state updates should be wrapped into act(...):

act(() => {
  /* fire events that update state */
});
/* assert on the output */

This ensures that you're testing the behavior the user would see in the browser. Learn more at https://reactjs.org/link/wrap-tests-with-act
    at CustomerForm (C:/Users/Admin/graceful_books/src/components/customers/CustomerForm.tsx:57:3)
Warning: An update to CustomerForm inside a test was not wrapped in act(...).

When testing, code that causes React state updates should be wrapped into act(...):

act(() => {
  /* fire events that update state */
});
/* assert on the output */

This ensures that you're testing the behavior the user would see in the browser. Learn more at https://reactjs.org/link/wrap-tests-with-act
    at CustomerForm (C:/Users/Admin/graceful_books/src/components/customers/CustomerForm.tsx:57:3)
Warning: An update to CustomerForm inside a test was not wrapped in act(...).

When testing, code that causes React state updates should be wrapped into act(...):

act(() => {
  /* fire events that update state */
});
/* assert on the output */

This ensures that you're testing the behavior the user would see in the browser. Learn more at https://reactjs.org/link/wrap-tests-with-act
    at CustomerForm (C:/Users/Admin/graceful_books/src/components/customers/CustomerForm.tsx:57:3)

[90mstderr[2m | src/components/customers/CustomerForm.test.tsx[2m > [22m[2mCustomerForm Component[2m > [22m[2mvalidation[2m > [22m[2mshould accept valid email format
[22m[39mWarning: An update to CustomerForm inside a test was not wrapped in act(...).

When testing, code that causes React state updates should be wrapped into act(...):

act(() => {
  /* fire events that update state */
});
/* assert on the output */

This ensures that you're testing the behavior the user would see in the browser. Learn more at https://reactjs.org/link/wrap-tests-with-act
    at CustomerForm (C:/Users/Admin/graceful_books/src/components/customers/CustomerForm.tsx:57:3)
Warning: An update to CustomerForm inside a test was not wrapped in act(...).

When testing, code that causes React state updates should be wrapped into act(...):

act(() => {
  /* fire events that update state */
});
/* assert on the output */

This ensures that you're testing the behavior the user would see in the browser. Learn more at https://reactjs.org/link/wrap-tests-with-act
    at CustomerForm (C:/Users/Admin/graceful_books/src/components/customers/CustomerForm.tsx:57:3)
Warning: An update to CustomerForm inside a test was not wrapped in act(...).

When testing, code that causes React state updates should be wrapped into act(...):

act(() => {
  /* fire events that update state */
});
/* assert on the output */

This ensures that you're testing the behavior the user would see in the browser. Learn more at https://reactjs.org/link/wrap-tests-with-act
    at CustomerForm (C:/Users/Admin/graceful_books/src/components/customers/CustomerForm.tsx:57:3)

[90mstderr[2m | src/components/customers/CustomerForm.test.tsx[2m > [22m[2mCustomerForm Component[2m > [22m[2mvalidation[2m > [22m[2mshould accept valid email format
[22m[39mWarning: An update to CustomerForm inside a test was not wrapped in act(...).

When testing, code that causes React state updates should be wrapped into act(...):

act(() => {
  /* fire events that update state */
});
/* assert on the output */

This ensures that you're testing the behavior the user would see in the browser. Learn more at https://reactjs.org/link/wrap-tests-with-act
    at CustomerForm (C:/Users/Admin/graceful_books/src/components/customers/CustomerForm.tsx:57:3)
Warning: An update to CustomerForm inside a test was not wrapped in act(...).

When testing, code that causes React state updates should be wrapped into act(...):

act(() => {
  /* fire events that update state */
});
/* assert on the output */

This ensures that you're testing the behavior the user would see in the browser. Learn more at https://reactjs.org/link/wrap-tests-with-act
    at CustomerForm (C:/Users/Admin/graceful_books/src/components/customers/CustomerForm.tsx:57:3)
Warning: An update to CustomerForm inside a test was not wrapped in act(...).

When testing, code that causes React state updates should be wrapped into act(...):

act(() => {
  /* fire events that update state */
});
/* assert on the output */

This ensures that you're testing the behavior the user would see in the browser. Learn more at https://reactjs.org/link/wrap-tests-with-act
    at CustomerForm (C:/Users/Admin/graceful_books/src/components/customers/CustomerForm.tsx:57:3)

[90mstderr[2m | src/components/customers/CustomerForm.test.tsx[2m > [22m[2mCustomerForm Component[2m > [22m[2mvalidation[2m > [22m[2mshould accept valid email format
[22m[39mWarning: An update to CustomerForm inside a test was not wrapped in act(...).

When testing, code that causes React state updates should be wrapped into act(...):

act(() => {
  /* fire events that update state */
});
/* assert on the output */

This ensures that you're testing the behavior the user would see in the browser. Learn more at https://reactjs.org/link/wrap-tests-with-act
    at CustomerForm (C:/Users/Admin/graceful_books/src/components/customers/CustomerForm.tsx:57:3)
Warning: An update to CustomerForm inside a test was not wrapped in act(...).

When testing, code that causes React state updates should be wrapped into act(...):

act(() => {
  /* fire events that update state */
});
/* assert on the output */

This ensures that you're testing the behavior the user would see in the browser. Learn more at https://reactjs.org/link/wrap-tests-with-act
    at CustomerForm (C:/Users/Admin/graceful_books/src/components/customers/CustomerForm.tsx:57:3)
Warning: An update to CustomerForm inside a test was not wrapped in act(...).

When testing, code that causes React state updates should be wrapped into act(...):

act(() => {
  /* fire events that update state */
});
/* assert on the output */

This ensures that you're testing the behavior the user would see in the browser. Learn more at https://reactjs.org/link/wrap-tests-with-act
    at CustomerForm (C:/Users/Admin/graceful_books/src/components/customers/CustomerForm.tsx:57:3)

[90mstderr[2m | src/components/customers/CustomerForm.test.tsx[2m > [22m[2mCustomerForm Component[2m > [22m[2mvalidation[2m > [22m[2mshould validate phone format
[22m[39mWarning: An update to CustomerForm inside a test was not wrapped in act(...).

When testing, code that causes React state updates should be wrapped into act(...):

act(() => {
  /* fire events that update state */
});
/* assert on the output */

This ensures that you're testing the behavior the user would see in the browser. Learn more at https://reactjs.org/link/wrap-tests-with-act
    at CustomerForm (C:/Users/Admin/graceful_books/src/components/customers/CustomerForm.tsx:57:3)
Warning: An update to CustomerForm inside a test was not wrapped in act(...).

When testing, code that causes React state updates should be wrapped into act(...):

act(() => {
  /* fire events that update state */
});
/* assert on the output */

This ensures that you're testing the behavior the user would see in the browser. Learn more at https://reactjs.org/link/wrap-tests-with-act
    at CustomerForm (C:/Users/Admin/graceful_books/src/components/customers/CustomerForm.tsx:57:3)
Warning: An update to CustomerForm inside a test was not wrapped in act(...).

When testing, code that causes React state updates should be wrapped into act(...):

act(() => {
  /* fire events that update state */
});
/* assert on the output */

This ensures that you're testing the behavior the user would see in the browser. Learn more at https://reactjs.org/link/wrap-tests-with-act
    at CustomerForm (C:/Users/Admin/graceful_books/src/components/customers/CustomerForm.tsx:57:3)

[90mstderr[2m | src/components/customers/CustomerForm.test.tsx[2m > [22m[2mCustomerForm Component[2m > [22m[2mvalidation[2m > [22m[2mshould validate phone format
[22m[39mWarning: An update to CustomerForm inside a test was not wrapped in act(...).

When testing, code that causes React state updates should be wrapped into act(...):

act(() => {
  /* fire events that update state */
});
/* assert on the output */

This ensures that you're testing the behavior the user would see in the browser. Learn more at https://reactjs.org/link/wrap-tests-with-act
    at CustomerForm (C:/Users/Admin/graceful_books/src/components/customers/CustomerForm.tsx:57:3)
Warning: An update to CustomerForm inside a test was not wrapped in act(...).

When testing, code that causes React state updates should be wrapped into act(...):

act(() => {
  /* fire events that update state */
});
/* assert on the output */

This ensures that you're testing the behavior the user would see in the browser. Learn more at https://reactjs.org/link/wrap-tests-with-act
    at CustomerForm (C:/Users/Admin/graceful_books/src/components/customers/CustomerForm.tsx:57:3)
Warning: An update to CustomerForm inside a test was not wrapped in act(...).

When testing, code that causes React state updates should be wrapped into act(...):

act(() => {
  /* fire events that update state */
});
/* assert on the output */

This ensures that you're testing the behavior the user would see in the browser. Learn more at https://reactjs.org/link/wrap-tests-with-act
    at CustomerForm (C:/Users/Admin/graceful_books/src/components/customers/CustomerForm.tsx:57:3)

[90mstderr[2m | src/components/customers/CustomerForm.test.tsx[2m > [22m[2mCustomerForm Component[2m > [22m[2mvalidation[2m > [22m[2mshould validate phone format
[22m[39mWarning: An update to CustomerForm inside a test was not wrapped in act(...).

When testing, code that causes React state updates should be wrapped into act(...):

act(() => {
  /* fire events that update state */
});
/* assert on the output */

This ensures that you're testing the behavior the user would see in the browser. Learn more at https://reactjs.org/link/wrap-tests-with-act
    at CustomerForm (C:/Users/Admin/graceful_books/src/components/customers/CustomerForm.tsx:57:3)
Warning: An update to CustomerForm inside a test was not wrapped in act(...).

When testing, code that causes React state updates should be wrapped into act(...):

act(() => {
  /* fire events that update state */
});
/* assert on the output */

This ensures that you're testing the behavior the user would see in the browser. Learn more at https://reactjs.org/link/wrap-tests-with-act
    at CustomerForm (C:/Users/Admin/graceful_books/src/components/customers/CustomerForm.tsx:57:3)
Warning: An update to CustomerForm inside a test was not wrapped in act(...).

When testing, code that causes React state updates should be wrapped into act(...):

act(() => {
  /* fire events that update state */
});
/* assert on the output */

This ensures that you're testing the behavior the user would see in the browser. Learn more at https://reactjs.org/link/wrap-tests-with-act
    at CustomerForm (C:/Users/Admin/graceful_books/src/components/customers/CustomerForm.tsx:57:3)

[90mstderr[2m | src/components/customers/CustomerForm.test.tsx[2m > [22m[2mCustomerForm Component[2m > [22m[2mvalidation[2m > [22m[2mshould validate phone format
[22m[39mWarning: An update to CustomerForm inside a test was not wrapped in act(...).

When testing, code that causes React state updates should be wrapped into act(...):

act(() => {
  /* fire events that update state */
});
/* assert on the output */

This ensures that you're testing the behavior the user would see in the browser. Learn more at https://reactjs.org/link/wrap-tests-with-act
    at CustomerForm (C:/Users/Admin/graceful_books/src/components/customers/CustomerForm.tsx:57:3)
Warning: An update to CustomerForm inside a test was not wrapped in act(...).

When testing, code that causes React state updates should be wrapped into act(...):

act(() => {
  /* fire events that update state */
});
/* assert on the output */

This ensures that you're testing the behavior the user would see in the browser. Learn more at https://reactjs.org/link/wrap-tests-with-act
    at CustomerForm (C:/Users/Admin/graceful_books/src/components/customers/CustomerForm.tsx:57:3)
Warning: An update to CustomerForm inside a test was not wrapped in act(...).

When testing, code that causes React state updates should be wrapped into act(...):

act(() => {
  /* fire events that update state */
});
/* assert on the output */

This ensures that you're testing the behavior the user would see in the browser. Learn more at https://reactjs.org/link/wrap-tests-with-act
    at CustomerForm (C:/Users/Admin/graceful_books/src/components/customers/CustomerForm.tsx:57:3)

[90mstderr[2m | src/components/customers/CustomerForm.test.tsx[2m > [22m[2mCustomerForm Component[2m > [22m[2mvalidation[2m > [22m[2mshould validate phone format
[22m[39mWarning: An update to CustomerForm inside a test was not wrapped in act(...).

When testing, code that causes React state updates should be wrapped into act(...):

act(() => {
  /* fire events that update state */
});
/* assert on the output */

This ensures that you're testing the behavior the user would see in the browser. Learn more at https://reactjs.org/link/wrap-tests-with-act
    at CustomerForm (C:/Users/Admin/graceful_books/src/components/customers/CustomerForm.tsx:57:3)
Warning: An update to CustomerForm inside a test was not wrapped in act(...).

When testing, code that causes React state updates should be wrapped into act(...):

act(() => {
  /* fire events that update state */
});
/* assert on the output */

This ensures that you're testing the behavior the user would see in the browser. Learn more at https://reactjs.org/link/wrap-tests-with-act
    at CustomerForm (C:/Users/Admin/graceful_books/src/components/customers/CustomerForm.tsx:57:3)
Warning: An update to CustomerForm inside a test was not wrapped in act(...).

When testing, code that causes React state updates should be wrapped into act(...):

act(() => {
  /* fire events that update state */
});
/* assert on the output */

This ensures that you're testing the behavior the user would see in the browser. Learn more at https://reactjs.org/link/wrap-tests-with-act
    at CustomerForm (C:/Users/Admin/graceful_books/src/components/customers/CustomerForm.tsx:57:3)

[90mstderr[2m | src/components/customers/CustomerForm.test.tsx[2m > [22m[2mCustomerForm Component[2m > [22m[2mvalidation[2m > [22m[2mshould validate phone format
[22m[39mWarning: An update to CustomerForm inside a test was not wrapped in act(...).

When testing, code that causes React state updates should be wrapped into act(...):

act(() => {
  /* fire events that update state */
});
/* assert on the output */

This ensures that you're testing the behavior the user would see in the browser. Learn more at https://reactjs.org/link/wrap-tests-with-act
    at CustomerForm (C:/Users/Admin/graceful_books/src/components/customers/CustomerForm.tsx:57:3)
Warning: An update to CustomerForm inside a test was not wrapped in act(...).

When testing, code that causes React state updates should be wrapped into act(...):

act(() => {
  /* fire events that update state */
});
/* assert on the output */

This ensures that you're testing the behavior the user would see in the browser. Learn more at https://reactjs.org/link/wrap-tests-with-act
    at CustomerForm (C:/Users/Admin/graceful_books/src/components/customers/CustomerForm.tsx:57:3)
Warning: An update to CustomerForm inside a test was not wrapped in act(...).

When testing, code that causes React state updates should be wrapped into act(...):

act(() => {
  /* fire events that update state */
});
/* assert on the output */

This ensures that you're testing the behavior the user would see in the browser. Learn more at https://reactjs.org/link/wrap-tests-with-act
    at CustomerForm (C:/Users/Admin/graceful_books/src/components/customers/CustomerForm.tsx:57:3)

[90mstderr[2m | src/components/customers/CustomerForm.test.tsx[2m > [22m[2mCustomerForm Component[2m > [22m[2mvalidation[2m > [22m[2mshould validate phone format
[22m[39mWarning: An update to CustomerForm inside a test was not wrapped in act(...).

When testing, code that causes React state updates should be wrapped into act(...):

act(() => {
  /* fire events that update state */
});
/* assert on the output */

This ensures that you're testing the behavior the user would see in the browser. Learn more at https://reactjs.org/link/wrap-tests-with-act
    at CustomerForm (C:/Users/Admin/graceful_books/src/components/customers/CustomerForm.tsx:57:3)
Warning: An update to CustomerForm inside a test was not wrapped in act(...).

When testing, code that causes React state updates should be wrapped into act(...):

act(() => {
  /* fire events that update state */
});
/* assert on the output */

This ensures that you're testing the behavior the user would see in the browser. Learn more at https://reactjs.org/link/wrap-tests-with-act
    at CustomerForm (C:/Users/Admin/graceful_books/src/components/customers/CustomerForm.tsx:57:3)
Warning: An update to CustomerForm inside a test was not wrapped in act(...).

When testing, code that causes React state updates should be wrapped into act(...):

act(() => {
  /* fire events that update state */
});
/* assert on the output */

This ensures that you're testing the behavior the user would see in the browser. Learn more at https://reactjs.org/link/wrap-tests-with-act
    at CustomerForm (C:/Users/Admin/graceful_books/src/components/customers/CustomerForm.tsx:57:3)

[90mstderr[2m | src/components/customers/CustomerForm.test.tsx[2m > [22m[2mCustomerForm Component[2m > [22m[2mvalidation[2m > [22m[2mshould validate phone format
[22m[39mWarning: An update to CustomerForm inside a test was not wrapped in act(...).

When testing, code that causes React state updates should be wrapped into act(...):

act(() => {
  /* fire events that update state */
});
/* assert on the output */

This ensures that you're testing the behavior the user would see in the browser. Learn more at https://reactjs.org/link/wrap-tests-with-act
    at CustomerForm (C:/Users/Admin/graceful_books/src/components/customers/CustomerForm.tsx:57:3)
Warning: An update to CustomerForm inside a test was not wrapped in act(...).

When testing, code that causes React state updates should be wrapped into act(...):

act(() => {
  /* fire events that update state */
});
/* assert on the output */

This ensures that you're testing the behavior the user would see in the browser. Learn more at https://reactjs.org/link/wrap-tests-with-act
    at CustomerForm (C:/Users/Admin/graceful_books/src/components/customers/CustomerForm.tsx:57:3)
Warning: An update to CustomerForm inside a test was not wrapped in act(...).

When testing, code that causes React state updates should be wrapped into act(...):

act(() => {
  /* fire events that update state */
});
/* assert on the output */

This ensures that you're testing the behavior the user would see in the browser. Learn more at https://reactjs.org/link/wrap-tests-with-act
    at CustomerForm (C:/Users/Admin/graceful_books/src/components/customers/CustomerForm.tsx:57:3)

[90mstderr[2m | src/components/customers/CustomerForm.test.tsx[2m > [22m[2mCustomerForm Component[2m > [22m[2mvalidation[2m > [22m[2mshould validate phone format
[22m[39mWarning: An update to CustomerForm inside a test was not wrapped in act(...).

When testing, code that causes React state updates should be wrapped into act(...):

act(() => {
  /* fire events that update state */
});
/* assert on the output */

This ensures that you're testing the behavior the user would see in the browser. Learn more at https://reactjs.org/link/wrap-tests-with-act
    at CustomerForm (C:/Users/Admin/graceful_books/src/components/customers/CustomerForm.tsx:57:3)
Warning: An update to CustomerForm inside a test was not wrapped in act(...).

When testing, code that causes React state updates should be wrapped into act(...):

act(() => {
  /* fire events that update state */
});
/* assert on the output */

This ensures that you're testing the behavior the user would see in the browser. Learn more at https://reactjs.org/link/wrap-tests-with-act
    at CustomerForm (C:/Users/Admin/graceful_books/src/components/customers/CustomerForm.tsx:57:3)
Warning: An update to CustomerForm inside a test was not wrapped in act(...).

When testing, code that causes React state updates should be wrapped into act(...):

act(() => {
  /* fire events that update state */
});
/* assert on the output */

This ensures that you're testing the behavior the user would see in the browser. Learn more at https://reactjs.org/link/wrap-tests-with-act
    at CustomerForm (C:/Users/Admin/graceful_books/src/components/customers/CustomerForm.tsx:57:3)

[90mstderr[2m | src/components/customers/CustomerForm.test.tsx[2m > [22m[2mCustomerForm Component[2m > [22m[2mvalidation[2m > [22m[2mshould validate phone format
[22m[39mWarning: An update to CustomerForm inside a test was not wrapped in act(...).

When testing, code that causes React state updates should be wrapped into act(...):

act(() => {
  /* fire events that update state */
});
/* assert on the output */

This ensures that you're testing the behavior the user would see in the browser. Learn more at https://reactjs.org/link/wrap-tests-with-act
    at CustomerForm (C:/Users/Admin/graceful_books/src/components/customers/CustomerForm.tsx:57:3)
Warning: An update to CustomerForm inside a test was not wrapped in act(...).

When testing, code that causes React state updates should be wrapped into act(...):

act(() => {
  /* fire events that update state */
});
/* assert on the output */

This ensures that you're testing the behavior the user would see in the browser. Learn more at https://reactjs.org/link/wrap-tests-with-act
    at CustomerForm (C:/Users/Admin/graceful_books/src/components/customers/CustomerForm.tsx:57:3)
Warning: An update to CustomerForm inside a test was not wrapped in act(...).

When testing, code that causes React state updates should be wrapped into act(...):

act(() => {
  /* fire events that update state */
});
/* assert on the output */

This ensures that you're testing the behavior the user would see in the browser. Learn more at https://reactjs.org/link/wrap-tests-with-act
    at CustomerForm (C:/Users/Admin/graceful_books/src/components/customers/CustomerForm.tsx:57:3)

[90mstderr[2m | src/components/customers/CustomerForm.test.tsx[2m > [22m[2mCustomerForm Component[2m > [22m[2mvalidation[2m > [22m[2mshould validate phone format
[22m[39mWarning: An update to CustomerForm inside a test was not wrapped in act(...).

When testing, code that causes React state updates should be wrapped into act(...):

act(() => {
  /* fire events that update state */
});
/* assert on the output */

This ensures that you're testing the behavior the user would see in the browser. Learn more at https://reactjs.org/link/wrap-tests-with-act
    at CustomerForm (C:/Users/Admin/graceful_books/src/components/customers/CustomerForm.tsx:57:3)
Warning: An update to CustomerForm inside a test was not wrapped in act(...).

When testing, code that causes React state updates should be wrapped into act(...):

act(() => {
  /* fire events that update state */
});
/* assert on the output */

This ensures that you're testing the behavior the user would see in the browser. Learn more at https://reactjs.org/link/wrap-tests-with-act
    at CustomerForm (C:/Users/Admin/graceful_books/src/components/customers/CustomerForm.tsx:57:3)
Warning: An update to CustomerForm inside a test was not wrapped in act(...).

When testing, code that causes React state updates should be wrapped into act(...):

act(() => {
  /* fire events that update state */
});
/* assert on the output */

This ensures that you're testing the behavior the user would see in the browser. Learn more at https://reactjs.org/link/wrap-tests-with-act
    at CustomerForm (C:/Users/Admin/graceful_books/src/components/customers/CustomerForm.tsx:57:3)

[90mstderr[2m | src/components/customers/CustomerForm.test.tsx[2m > [22m[2mCustomerForm Component[2m > [22m[2mvalidation[2m > [22m[2mshould validate phone format
[22m[39mWarning: An update to CustomerForm inside a test was not wrapped in act(...).

When testing, code that causes React state updates should be wrapped into act(...):

act(() => {
  /* fire events that update state */
});
/* assert on the output */

This ensures that you're testing the behavior the user would see in the browser. Learn more at https://reactjs.org/link/wrap-tests-with-act
    at CustomerForm (C:/Users/Admin/graceful_books/src/components/customers/CustomerForm.tsx:57:3)
Warning: An update to CustomerForm inside a test was not wrapped in act(...).

When testing, code that causes React state updates should be wrapped into act(...):

act(() => {
  /* fire events that update state */
});
/* assert on the output */

This ensures that you're testing the behavior the user would see in the browser. Learn more at https://reactjs.org/link/wrap-tests-with-act
    at CustomerForm (C:/Users/Admin/graceful_books/src/components/customers/CustomerForm.tsx:57:3)
Warning: An update to CustomerForm inside a test was not wrapped in act(...).

When testing, code that causes React state updates should be wrapped into act(...):

act(() => {
  /* fire events that update state */
});
/* assert on the output */

This ensures that you're testing the behavior the user would see in the browser. Learn more at https://reactjs.org/link/wrap-tests-with-act
    at CustomerForm (C:/Users/Admin/graceful_books/src/components/customers/CustomerForm.tsx:57:3)

[90mstderr[2m | src/components/customers/CustomerForm.test.tsx[2m > [22m[2mCustomerForm Component[2m > [22m[2mvalidation[2m > [22m[2mshould validate phone format
[22m[39mWarning: An update to CustomerForm inside a test was not wrapped in act(...).

When testing, code that causes React state updates should be wrapped into act(...):

act(() => {
  /* fire events that update state */
});
/* assert on the output */

This ensures that you're testing the behavior the user would see in the browser. Learn more at https://reactjs.org/link/wrap-tests-with-act
    at CustomerForm (C:/Users/Admin/graceful_books/src/components/customers/CustomerForm.tsx:57:3)
Warning: An update to CustomerForm inside a test was not wrapped in act(...).

When testing, code that causes React state updates should be wrapped into act(...):

act(() => {
  /* fire events that update state */
});
/* assert on the output */

This ensures that you're testing the behavior the user would see in the browser. Learn more at https://reactjs.org/link/wrap-tests-with-act
    at CustomerForm (C:/Users/Admin/graceful_books/src/components/customers/CustomerForm.tsx:57:3)
Warning: An update to CustomerForm inside a test was not wrapped in act(...).

When testing, code that causes React state updates should be wrapped into act(...):

act(() => {
  /* fire events that update state */
});
/* assert on the output */

This ensures that you're testing the behavior the user would see in the browser. Learn more at https://reactjs.org/link/wrap-tests-with-act
    at CustomerForm (C:/Users/Admin/graceful_books/src/components/customers/CustomerForm.tsx:57:3)

[90mstderr[2m | src/components/customers/CustomerForm.test.tsx[2m > [22m[2mCustomerForm Component[2m > [22m[2mvalidation[2m > [22m[2mshould validate phone format
[22m[39mWarning: An update to CustomerForm inside a test was not wrapped in act(...).

When testing, code that causes React state updates should be wrapped into act(...):

act(() => {
  /* fire events that update state */
});
/* assert on the output */

This ensures that you're testing the behavior the user would see in the browser. Learn more at https://reactjs.org/link/wrap-tests-with-act
    at CustomerForm (C:/Users/Admin/graceful_books/src/components/customers/CustomerForm.tsx:57:3)

[90mstderr[2m | src/components/customers/CustomerForm.test.tsx[2m > [22m[2mCustomerForm Component[2m > [22m[2mvalidation[2m > [22m[2mshould validate phone format
[22m[39mWarning: An update to CustomerForm inside a test was not wrapped in act(...).

When testing, code that causes React state updates should be wrapped into act(...):

act(() => {
  /* fire events that update state */
});
/* assert on the output */

This ensures that you're testing the behavior the user would see in the browser. Learn more at https://reactjs.org/link/wrap-tests-with-act
    at CustomerForm (C:/Users/Admin/graceful_books/src/components/customers/CustomerForm.tsx:57:3)
Warning: An update to CustomerForm inside a test was not wrapped in act(...).

When testing, code that causes React state updates should be wrapped into act(...):

act(() => {
  /* fire events that update state */
});
/* assert on the output */

This ensures that you're testing the behavior the user would see in the browser. Learn more at https://reactjs.org/link/wrap-tests-with-act
    at CustomerForm (C:/Users/Admin/graceful_books/src/components/customers/CustomerForm.tsx:57:3)
Warning: An update to CustomerForm inside a test was not wrapped in act(...).

When testing, code that causes React state updates should be wrapped into act(...):

act(() => {
  /* fire events that update state */
});
/* assert on the output */

This ensures that you're testing the behavior the user would see in the browser. Learn more at https://reactjs.org/link/wrap-tests-with-act
    at CustomerForm (C:/Users/Admin/graceful_books/src/components/customers/CustomerForm.tsx:57:3)

[90mstderr[2m | src/components/customers/CustomerForm.test.tsx[2m > [22m[2mCustomerForm Component[2m > [22m[2mvalidation[2m > [22m[2mshould validate phone format
[22m[39mWarning: An update to CustomerForm inside a test was not wrapped in act(...).

When testing, code that causes React state updates should be wrapped into act(...):

act(() => {
  /* fire events that update state */
});
/* assert on the output */

This ensures that you're testing the behavior the user would see in the browser. Learn more at https://reactjs.org/link/wrap-tests-with-act
    at CustomerForm (C:/Users/Admin/graceful_books/src/components/customers/CustomerForm.tsx:57:3)
Warning: An update to CustomerForm inside a test was not wrapped in act(...).

When testing, code that causes React state updates should be wrapped into act(...):

act(() => {
  /* fire events that update state */
});
/* assert on the output */

This ensures that you're testing the behavior the user would see in the browser. Learn more at https://reactjs.org/link/wrap-tests-with-act
    at CustomerForm (C:/Users/Admin/graceful_books/src/components/customers/CustomerForm.tsx:57:3)
Warning: An update to CustomerForm inside a test was not wrapped in act(...).

When testing, code that causes React state updates should be wrapped into act(...):

act(() => {
  /* fire events that update state */
});
/* assert on the output */

This ensures that you're testing the behavior the user would see in the browser. Learn more at https://reactjs.org/link/wrap-tests-with-act
    at CustomerForm (C:/Users/Admin/graceful_books/src/components/customers/CustomerForm.tsx:57:3)

[90mstderr[2m | src/components/customers/CustomerForm.test.tsx[2m > [22m[2mCustomerForm Component[2m > [22m[2mvalidation[2m > [22m[2mshould validate phone format
[22m[39mWarning: An update to CustomerForm inside a test was not wrapped in act(...).

When testing, code that causes React state updates should be wrapped into act(...):

act(() => {
  /* fire events that update state */
});
/* assert on the output */

This ensures that you're testing the behavior the user would see in the browser. Learn more at https://reactjs.org/link/wrap-tests-with-act
    at CustomerForm (C:/Users/Admin/graceful_books/src/components/customers/CustomerForm.tsx:57:3)
Warning: An update to CustomerForm inside a test was not wrapped in act(...).

When testing, code that causes React state updates should be wrapped into act(...):

act(() => {
  /* fire events that update state */
});
/* assert on the output */

This ensures that you're testing the behavior the user would see in the browser. Learn more at https://reactjs.org/link/wrap-tests-with-act
    at CustomerForm (C:/Users/Admin/graceful_books/src/components/customers/CustomerForm.tsx:57:3)
Warning: An update to CustomerForm inside a test was not wrapped in act(...).

When testing, code that causes React state updates should be wrapped into act(...):

act(() => {
  /* fire events that update state */
});
/* assert on the output */

This ensures that you're testing the behavior the user would see in the browser. Learn more at https://reactjs.org/link/wrap-tests-with-act
    at CustomerForm (C:/Users/Admin/graceful_books/src/components/customers/CustomerForm.tsx:57:3)

[90mstderr[2m | src/components/customers/CustomerForm.test.tsx[2m > [22m[2mCustomerForm Component[2m > [22m[2mvalidation[2m > [22m[2mshould validate phone format
[22m[39mWarning: An update to CustomerForm inside a test was not wrapped in act(...).

When testing, code that causes React state updates should be wrapped into act(...):

act(() => {
  /* fire events that update state */
});
/* assert on the output */

This ensures that you're testing the behavior the user would see in the browser. Learn more at https://reactjs.org/link/wrap-tests-with-act
    at CustomerForm (C:/Users/Admin/graceful_books/src/components/customers/CustomerForm.tsx:57:3)
Warning: An update to CustomerForm inside a test was not wrapped in act(...).

When testing, code that causes React state updates should be wrapped into act(...):

act(() => {
  /* fire events that update state */
});
/* assert on the output */

This ensures that you're testing the behavior the user would see in the browser. Learn more at https://reactjs.org/link/wrap-tests-with-act
    at CustomerForm (C:/Users/Admin/graceful_books/src/components/customers/CustomerForm.tsx:57:3)
Warning: An update to CustomerForm inside a test was not wrapped in act(...).

When testing, code that causes React state updates should be wrapped into act(...):

act(() => {
  /* fire events that update state */
});
/* assert on the output */

This ensures that you're testing the behavior the user would see in the browser. Learn more at https://reactjs.org/link/wrap-tests-with-act
    at CustomerForm (C:/Users/Admin/graceful_books/src/components/customers/CustomerForm.tsx:57:3)

[90mstderr[2m | src/components/customers/CustomerForm.test.tsx[2m > [22m[2mCustomerForm Component[2m > [22m[2mvalidation[2m > [22m[2mshould accept valid phone format
[22m[39mWarning: An update to CustomerForm inside a test was not wrapped in act(...).

When testing, code that causes React state updates should be wrapped into act(...):

act(() => {
  /* fire events that update state */
});
/* assert on the output */

This ensures that you're testing the behavior the user would see in the browser. Learn more at https://reactjs.org/link/wrap-tests-with-act
    at CustomerForm (C:/Users/Admin/graceful_books/src/components/customers/CustomerForm.tsx:57:3)
Warning: An update to CustomerForm inside a test was not wrapped in act(...).

When testing, code that causes React state updates should be wrapped into act(...):

act(() => {
  /* fire events that update state */
});
/* assert on the output */

This ensures that you're testing the behavior the user would see in the browser. Learn more at https://reactjs.org/link/wrap-tests-with-act
    at CustomerForm (C:/Users/Admin/graceful_books/src/components/customers/CustomerForm.tsx:57:3)
Warning: An update to CustomerForm inside a test was not wrapped in act(...).

When testing, code that causes React state updates should be wrapped into act(...):

act(() => {
  /* fire events that update state */
});
/* assert on the output */

This ensures that you're testing the behavior the user would see in the browser. Learn more at https://reactjs.org/link/wrap-tests-with-act
    at CustomerForm (C:/Users/Admin/graceful_books/src/components/customers/CustomerForm.tsx:57:3)

[90mstderr[2m | src/components/customers/CustomerForm.test.tsx[2m > [22m[2mCustomerForm Component[2m > [22m[2mvalidation[2m > [22m[2mshould accept valid phone format
[22m[39mWarning: An update to CustomerForm inside a test was not wrapped in act(...).

When testing, code that causes React state updates should be wrapped into act(...):

act(() => {
  /* fire events that update state */
});
/* assert on the output */

This ensures that you're testing the behavior the user would see in the browser. Learn more at https://reactjs.org/link/wrap-tests-with-act
    at CustomerForm (C:/Users/Admin/graceful_books/src/components/customers/CustomerForm.tsx:57:3)
Warning: An update to CustomerForm inside a test was not wrapped in act(...).

When testing, code that causes React state updates should be wrapped into act(...):

act(() => {
  /* fire events that update state */
});
/* assert on the output */

This ensures that you're testing the behavior the user would see in the browser. Learn more at https://reactjs.org/link/wrap-tests-with-act
    at CustomerForm (C:/Users/Admin/graceful_books/src/components/customers/CustomerForm.tsx:57:3)
Warning: An update to CustomerForm inside a test was not wrapped in act(...).

When testing, code that causes React state updates should be wrapped into act(...):

act(() => {
  /* fire events that update state */
});
/* assert on the output */

This ensures that you're testing the behavior the user would see in the browser. Learn more at https://reactjs.org/link/wrap-tests-with-act
    at CustomerForm (C:/Users/Admin/graceful_books/src/components/customers/CustomerForm.tsx:57:3)

[90mstderr[2m | src/components/customers/CustomerForm.test.tsx[2m > [22m[2mCustomerForm Component[2m > [22m[2mvalidation[2m > [22m[2mshould accept valid phone format
[22m[39mWarning: An update to CustomerForm inside a test was not wrapped in act(...).

When testing, code that causes React state updates should be wrapped into act(...):

act(() => {
  /* fire events that update state */
});
/* assert on the output */

This ensures that you're testing the behavior the user would see in the browser. Learn more at https://reactjs.org/link/wrap-tests-with-act
    at CustomerForm (C:/Users/Admin/graceful_books/src/components/customers/CustomerForm.tsx:57:3)
Warning: An update to CustomerForm inside a test was not wrapped in act(...).

When testing, code that causes React state updates should be wrapped into act(...):

act(() => {
  /* fire events that update state */
});
/* assert on the output */

This ensures that you're testing the behavior the user would see in the browser. Learn more at https://reactjs.org/link/wrap-tests-with-act
    at CustomerForm (C:/Users/Admin/graceful_books/src/components/customers/CustomerForm.tsx:57:3)
Warning: An update to CustomerForm inside a test was not wrapped in act(...).

When testing, code that causes React state updates should be wrapped into act(...):

act(() => {
  /* fire events that update state */
});
/* assert on the output */

This ensures that you're testing the behavior the user would see in the browser. Learn more at https://reactjs.org/link/wrap-tests-with-act
    at CustomerForm (C:/Users/Admin/graceful_books/src/components/customers/CustomerForm.tsx:57:3)

[90mstderr[2m | src/components/customers/CustomerForm.test.tsx[2m > [22m[2mCustomerForm Component[2m > [22m[2mvalidation[2m > [22m[2mshould accept valid phone format
[22m[39mWarning: An update to CustomerForm inside a test was not wrapped in act(...).

When testing, code that causes React state updates should be wrapped into act(...):

act(() => {
  /* fire events that update state */
});
/* assert on the output */

This ensures that you're testing the behavior the user would see in the browser. Learn more at https://reactjs.org/link/wrap-tests-with-act
    at CustomerForm (C:/Users/Admin/graceful_books/src/components/customers/CustomerForm.tsx:57:3)
Warning: An update to CustomerForm inside a test was not wrapped in act(...).

When testing, code that causes React state updates should be wrapped into act(...):

act(() => {
  /* fire events that update state */
});
/* assert on the output */

This ensures that you're testing the behavior the user would see in the browser. Learn more at https://reactjs.org/link/wrap-tests-with-act
    at CustomerForm (C:/Users/Admin/graceful_books/src/components/customers/CustomerForm.tsx:57:3)
Warning: An update to CustomerForm inside a test was not wrapped in act(...).

When testing, code that causes React state updates should be wrapped into act(...):

act(() => {
  /* fire events that update state */
});
/* assert on the output */

This ensures that you're testing the behavior the user would see in the browser. Learn more at https://reactjs.org/link/wrap-tests-with-act
    at CustomerForm (C:/Users/Admin/graceful_books/src/components/customers/CustomerForm.tsx:57:3)

[90mstderr[2m | src/components/customers/CustomerForm.test.tsx[2m > [22m[2mCustomerForm Component[2m > [22m[2mvalidation[2m > [22m[2mshould accept valid phone format
[22m[39mWarning: An update to CustomerForm inside a test was not wrapped in act(...).

When testing, code that causes React state updates should be wrapped into act(...):

act(() => {
  /* fire events that update state */
});
/* assert on the output */

This ensures that you're testing the behavior the user would see in the browser. Learn more at https://reactjs.org/link/wrap-tests-with-act
    at CustomerForm (C:/Users/Admin/graceful_books/src/components/customers/CustomerForm.tsx:57:3)
Warning: An update to CustomerForm inside a test was not wrapped in act(...).

When testing, code that causes React state updates should be wrapped into act(...):

act(() => {
  /* fire events that update state */
});
/* assert on the output */

This ensures that you're testing the behavior the user would see in the browser. Learn more at https://reactjs.org/link/wrap-tests-with-act
    at CustomerForm (C:/Users/Admin/graceful_books/src/components/customers/CustomerForm.tsx:57:3)
Warning: An update to CustomerForm inside a test was not wrapped in act(...).

When testing, code that causes React state updates should be wrapped into act(...):

act(() => {
  /* fire events that update state */
});
/* assert on the output */

This ensures that you're testing the behavior the user would see in the browser. Learn more at https://reactjs.org/link/wrap-tests-with-act
    at CustomerForm (C:/Users/Admin/graceful_books/src/components/customers/CustomerForm.tsx:57:3)

[90mstderr[2m | src/components/customers/CustomerForm.test.tsx[2m > [22m[2mCustomerForm Component[2m > [22m[2mvalidation[2m > [22m[2mshould accept valid phone format
[22m[39mWarning: An update to CustomerForm inside a test was not wrapped in act(...).

When testing, code that causes React state updates should be wrapped into act(...):

act(() => {
  /* fire events that update state */
});
/* assert on the output */

This ensures that you're testing the behavior the user would see in the browser. Learn more at https://reactjs.org/link/wrap-tests-with-act
    at CustomerForm (C:/Users/Admin/graceful_books/src/components/customers/CustomerForm.tsx:57:3)
Warning: An update to CustomerForm inside a test was not wrapped in act(...).

When testing, code that causes React state updates should be wrapped into act(...):

act(() => {
  /* fire events that update state */
});
/* assert on the output */

This ensures that you're testing the behavior the user would see in the browser. Learn more at https://reactjs.org/link/wrap-tests-with-act
    at CustomerForm (C:/Users/Admin/graceful_books/src/components/customers/CustomerForm.tsx:57:3)
Warning: An update to CustomerForm inside a test was not wrapped in act(...).

When testing, code that causes React state updates should be wrapped into act(...):

act(() => {
  /* fire events that update state */
});
/* assert on the output */

This ensures that you're testing the behavior the user would see in the browser. Learn more at https://reactjs.org/link/wrap-tests-with-act
    at CustomerForm (C:/Users/Admin/graceful_books/src/components/customers/CustomerForm.tsx:57:3)

[90mstderr[2m | src/components/customers/CustomerForm.test.tsx[2m > [22m[2mCustomerForm Component[2m > [22m[2mvalidation[2m > [22m[2mshould accept valid phone format
[22m[39mWarning: An update to CustomerForm inside a test was not wrapped in act(...).

When testing, code that causes React state updates should be wrapped into act(...):

act(() => {
  /* fire events that update state */
});
/* assert on the output */

This ensures that you're testing the behavior the user would see in the browser. Learn more at https://reactjs.org/link/wrap-tests-with-act
    at CustomerForm (C:/Users/Admin/graceful_books/src/components/customers/CustomerForm.tsx:57:3)
Warning: An update to CustomerForm inside a test was not wrapped in act(...).

When testing, code that causes React state updates should be wrapped into act(...):

act(() => {
  /* fire events that update state */
});
/* assert on the output */

This ensures that you're testing the behavior the user would see in the browser. Learn more at https://reactjs.org/link/wrap-tests-with-act
    at CustomerForm (C:/Users/Admin/graceful_books/src/components/customers/CustomerForm.tsx:57:3)
Warning: An update to CustomerForm inside a test was not wrapped in act(...).

When testing, code that causes React state updates should be wrapped into act(...):

act(() => {
  /* fire events that update state */
});
/* assert on the output */

This ensures that you're testing the behavior the user would see in the browser. Learn more at https://reactjs.org/link/wrap-tests-with-act
    at CustomerForm (C:/Users/Admin/graceful_books/src/components/customers/CustomerForm.tsx:57:3)

[90mstderr[2m | src/components/customers/CustomerForm.test.tsx[2m > [22m[2mCustomerForm Component[2m > [22m[2mvalidation[2m > [22m[2mshould accept valid phone format
[22m[39mWarning: An update to CustomerForm inside a test was not wrapped in act(...).

When testing, code that causes React state updates should be wrapped into act(...):

act(() => {
  /* fire events that update state */
});
/* assert on the output */

This ensures that you're testing the behavior the user would see in the browser. Learn more at https://reactjs.org/link/wrap-tests-with-act
    at CustomerForm (C:/Users/Admin/graceful_books/src/components/customers/CustomerForm.tsx:57:3)
Warning: An update to CustomerForm inside a test was not wrapped in act(...).

When testing, code that causes React state updates should be wrapped into act(...):

act(() => {
  /* fire events that update state */
});
/* assert on the output */

This ensures that you're testing the behavior the user would see in the browser. Learn more at https://reactjs.org/link/wrap-tests-with-act
    at CustomerForm (C:/Users/Admin/graceful_books/src/components/customers/CustomerForm.tsx:57:3)
Warning: An update to CustomerForm inside a test was not wrapped in act(...).

When testing, code that causes React state updates should be wrapped into act(...):

act(() => {
  /* fire events that update state */
});
/* assert on the output */

This ensures that you're testing the behavior the user would see in the browser. Learn more at https://reactjs.org/link/wrap-tests-with-act
    at CustomerForm (C:/Users/Admin/graceful_books/src/components/customers/CustomerForm.tsx:57:3)

[90mstderr[2m | src/components/customers/CustomerForm.test.tsx[2m > [22m[2mCustomerForm Component[2m > [22m[2mvalidation[2m > [22m[2mshould accept valid phone format
[22m[39mWarning: An update to CustomerForm inside a test was not wrapped in act(...).

When testing, code that causes React state updates should be wrapped into act(...):

act(() => {
  /* fire events that update state */
});
/* assert on the output */

This ensures that you're testing the behavior the user would see in the browser. Learn more at https://reactjs.org/link/wrap-tests-with-act
    at CustomerForm (C:/Users/Admin/graceful_books/src/components/customers/CustomerForm.tsx:57:3)
Warning: An update to CustomerForm inside a test was not wrapped in act(...).

When testing, code that causes React state updates should be wrapped into act(...):

act(() => {
  /* fire events that update state */
});
/* assert on the output */

This ensures that you're testing the behavior the user would see in the browser. Learn more at https://reactjs.org/link/wrap-tests-with-act
    at CustomerForm (C:/Users/Admin/graceful_books/src/components/customers/CustomerForm.tsx:57:3)
Warning: An update to CustomerForm inside a test was not wrapped in act(...).

When testing, code that causes React state updates should be wrapped into act(...):

act(() => {
  /* fire events that update state */
});
/* assert on the output */

This ensures that you're testing the behavior the user would see in the browser. Learn more at https://reactjs.org/link/wrap-tests-with-act
    at CustomerForm (C:/Users/Admin/graceful_books/src/components/customers/CustomerForm.tsx:57:3)

[90mstderr[2m | src/components/customers/CustomerForm.test.tsx[2m > [22m[2mCustomerForm Component[2m > [22m[2mvalidation[2m > [22m[2mshould accept valid phone format
[22m[39mWarning: An update to CustomerForm inside a test was not wrapped in act(...).

When testing, code that causes React state updates should be wrapped into act(...):

act(() => {
  /* fire events that update state */
});
/* assert on the output */

This ensures that you're testing the behavior the user would see in the browser. Learn more at https://reactjs.org/link/wrap-tests-with-act
    at CustomerForm (C:/Users/Admin/graceful_books/src/components/customers/CustomerForm.tsx:57:3)
Warning: An update to CustomerForm inside a test was not wrapped in act(...).

When testing, code that causes React state updates should be wrapped into act(...):

act(() => {
  /* fire events that update state */
});
/* assert on the output */

This ensures that you're testing the behavior the user would see in the browser. Learn more at https://reactjs.org/link/wrap-tests-with-act
    at CustomerForm (C:/Users/Admin/graceful_books/src/components/customers/CustomerForm.tsx:57:3)
Warning: An update to CustomerForm inside a test was not wrapped in act(...).

When testing, code that causes React state updates should be wrapped into act(...):

act(() => {
  /* fire events that update state */
});
/* assert on the output */

This ensures that you're testing the behavior the user would see in the browser. Learn more at https://reactjs.org/link/wrap-tests-with-act
    at CustomerForm (C:/Users/Admin/graceful_books/src/components/customers/CustomerForm.tsx:57:3)

[90mstderr[2m | src/components/customers/CustomerForm.test.tsx[2m > [22m[2mCustomerForm Component[2m > [22m[2mvalidation[2m > [22m[2mshould accept valid phone format
[22m[39mWarning: An update to CustomerForm inside a test was not wrapped in act(...).

When testing, code that causes React state updates should be wrapped into act(...):

act(() => {
  /* fire events that update state */
});
/* assert on the output */

This ensures that you're testing the behavior the user would see in the browser. Learn more at https://reactjs.org/link/wrap-tests-with-act
    at CustomerForm (C:/Users/Admin/graceful_books/src/components/customers/CustomerForm.tsx:57:3)
Warning: An update to CustomerForm inside a test was not wrapped in act(...).

When testing, code that causes React state updates should be wrapped into act(...):

act(() => {
  /* fire events that update state */
});
/* assert on the output */

This ensures that you're testing the behavior the user would see in the browser. Learn more at https://reactjs.org/link/wrap-tests-with-act
    at CustomerForm (C:/Users/Admin/graceful_books/src/components/customers/CustomerForm.tsx:57:3)
Warning: An update to CustomerForm inside a test was not wrapped in act(...).

When testing, code that causes React state updates should be wrapped into act(...):

act(() => {
  /* fire events that update state */
});
/* assert on the output */

This ensures that you're testing the behavior the user would see in the browser. Learn more at https://reactjs.org/link/wrap-tests-with-act
    at CustomerForm (C:/Users/Admin/graceful_books/src/components/customers/CustomerForm.tsx:57:3)

[90mstderr[2m | src/components/customers/CustomerForm.test.tsx[2m > [22m[2mCustomerForm Component[2m > [22m[2mvalidation[2m > [22m[2mshould accept valid phone format
[22m[39mWarning: An update to CustomerForm inside a test was not wrapped in act(...).

When testing, code that causes React state updates should be wrapped into act(...):

act(() => {
  /* fire events that update state */
});
/* assert on the output */

This ensures that you're testing the behavior the user would see in the browser. Learn more at https://reactjs.org/link/wrap-tests-with-act
    at CustomerForm (C:/Users/Admin/graceful_books/src/components/customers/CustomerForm.tsx:57:3)
Warning: An update to CustomerForm inside a test was not wrapped in act(...).

When testing, code that causes React state updates should be wrapped into act(...):

act(() => {
  /* fire events that update state */
});
/* assert on the output */

This ensures that you're testing the behavior the user would see in the browser. Learn more at https://reactjs.org/link/wrap-tests-with-act
    at CustomerForm (C:/Users/Admin/graceful_books/src/components/customers/CustomerForm.tsx:57:3)
Warning: An update to CustomerForm inside a test was not wrapped in act(...).

When testing, code that causes React state updates should be wrapped into act(...):

act(() => {
  /* fire events that update state */
});
/* assert on the output */

This ensures that you're testing the behavior the user would see in the browser. Learn more at https://reactjs.org/link/wrap-tests-with-act
    at CustomerForm (C:/Users/Admin/graceful_books/src/components/customers/CustomerForm.tsx:57:3)

[90mstderr[2m | src/components/customers/CustomerForm.test.tsx[2m > [22m[2mCustomerForm Component[2m > [22m[2mvalidation[2m > [22m[2mshould accept valid phone format
[22m[39mWarning: An update to CustomerForm inside a test was not wrapped in act(...).

When testing, code that causes React state updates should be wrapped into act(...):

act(() => {
  /* fire events that update state */
});
/* assert on the output */

This ensures that you're testing the behavior the user would see in the browser. Learn more at https://reactjs.org/link/wrap-tests-with-act
    at CustomerForm (C:/Users/Admin/graceful_books/src/components/customers/CustomerForm.tsx:57:3)
Warning: An update to CustomerForm inside a test was not wrapped in act(...).

When testing, code that causes React state updates should be wrapped into act(...):

act(() => {
  /* fire events that update state */
});
/* assert on the output */

This ensures that you're testing the behavior the user would see in the browser. Learn more at https://reactjs.org/link/wrap-tests-with-act
    at CustomerForm (C:/Users/Admin/graceful_books/src/components/customers/CustomerForm.tsx:57:3)
Warning: An update to CustomerForm inside a test was not wrapped in act(...).

When testing, code that causes React state updates should be wrapped into act(...):

act(() => {
  /* fire events that update state */
});
/* assert on the output */

This ensures that you're testing the behavior the user would see in the browser. Learn more at https://reactjs.org/link/wrap-tests-with-act
    at CustomerForm (C:/Users/Admin/graceful_books/src/components/customers/CustomerForm.tsx:57:3)

[90mstderr[2m | src/components/customers/CustomerForm.test.tsx[2m > [22m[2mCustomerForm Component[2m > [22m[2mvalidation[2m > [22m[2mshould accept valid phone format
[22m[39mWarning: An update to CustomerForm inside a test was not wrapped in act(...).

When testing, code that causes React state updates should be wrapped into act(...):

act(() => {
  /* fire events that update state */
});
/* assert on the output */

This ensures that you're testing the behavior the user would see in the browser. Learn more at https://reactjs.org/link/wrap-tests-with-act
    at CustomerForm (C:/Users/Admin/graceful_books/src/components/customers/CustomerForm.tsx:57:3)
Warning: An update to CustomerForm inside a test was not wrapped in act(...).

When testing, code that causes React state updates should be wrapped into act(...):

act(() => {
  /* fire events that update state */
});
/* assert on the output */

This ensures that you're testing the behavior the user would see in the browser. Learn more at https://reactjs.org/link/wrap-tests-with-act
    at CustomerForm (C:/Users/Admin/graceful_books/src/components/customers/CustomerForm.tsx:57:3)
Warning: An update to CustomerForm inside a test was not wrapped in act(...).

When testing, code that causes React state updates should be wrapped into act(...):

act(() => {
  /* fire events that update state */
});
/* assert on the output */

This ensures that you're testing the behavior the user would see in the browser. Learn more at https://reactjs.org/link/wrap-tests-with-act
    at CustomerForm (C:/Users/Admin/graceful_books/src/components/customers/CustomerForm.tsx:57:3)

[90mstderr[2m | src/components/customers/CustomerForm.test.tsx[2m > [22m[2mCustomerForm Component[2m > [22m[2mvalidation[2m > [22m[2mshould accept valid phone format
[22m[39mWarning: An update to CustomerForm inside a test was not wrapped in act(...).

When testing, code that causes React state updates should be wrapped into act(...):

act(() => {
  /* fire events that update state */
});
/* assert on the output */

This ensures that you're testing the behavior the user would see in the browser. Learn more at https://reactjs.org/link/wrap-tests-with-act
    at CustomerForm (C:/Users/Admin/graceful_books/src/components/customers/CustomerForm.tsx:57:3)
Warning: An update to CustomerForm inside a test was not wrapped in act(...).

When testing, code that causes React state updates should be wrapped into act(...):

act(() => {
  /* fire events that update state */
});
/* assert on the output */

This ensures that you're testing the behavior the user would see in the browser. Learn more at https://reactjs.org/link/wrap-tests-with-act
    at CustomerForm (C:/Users/Admin/graceful_books/src/components/customers/CustomerForm.tsx:57:3)
Warning: An update to CustomerForm inside a test was not wrapped in act(...).

When testing, code that causes React state updates should be wrapped into act(...):

act(() => {
  /* fire events that update state */
});
/* assert on the output */

This ensures that you're testing the behavior the user would see in the browser. Learn more at https://reactjs.org/link/wrap-tests-with-act
    at CustomerForm (C:/Users/Admin/graceful_books/src/components/customers/CustomerForm.tsx:57:3)

[90mstderr[2m | src/components/customers/CustomerForm.test.tsx[2m > [22m[2mCustomerForm Component[2m > [22m[2mvalidation[2m > [22m[2mshould accept valid phone format
[22m[39mWarning: An update to CustomerForm inside a test was not wrapped in act(...).

When testing, code that causes React state updates should be wrapped into act(...):

act(() => {
  /* fire events that update state */
});
/* assert on the output */

This ensures that you're testing the behavior the user would see in the browser. Learn more at https://reactjs.org/link/wrap-tests-with-act
    at CustomerForm (C:/Users/Admin/graceful_books/src/components/customers/CustomerForm.tsx:57:3)
Warning: An update to CustomerForm inside a test was not wrapped in act(...).

When testing, code that causes React state updates should be wrapped into act(...):

act(() => {
  /* fire events that update state */
});
/* assert on the output */

This ensures that you're testing the behavior the user would see in the browser. Learn more at https://reactjs.org/link/wrap-tests-with-act
    at CustomerForm (C:/Users/Admin/graceful_books/src/components/customers/CustomerForm.tsx:57:3)
Warning: An update to CustomerForm inside a test was not wrapped in act(...).

When testing, code that causes React state updates should be wrapped into act(...):

act(() => {
  /* fire events that update state */
});
/* assert on the output */

This ensures that you're testing the behavior the user would see in the browser. Learn more at https://reactjs.org/link/wrap-tests-with-act
    at CustomerForm (C:/Users/Admin/graceful_books/src/components/customers/CustomerForm.tsx:57:3)

[90mstderr[2m | src/components/customers/CustomerForm.test.tsx[2m > [22m[2mCustomerForm Component[2m > [22m[2mvalidation[2m > [22m[2mshould accept valid phone format
[22m[39mWarning: An update to CustomerForm inside a test was not wrapped in act(...).

When testing, code that causes React state updates should be wrapped into act(...):

act(() => {
  /* fire events that update state */
});
/* assert on the output */

This ensures that you're testing the behavior the user would see in the browser. Learn more at https://reactjs.org/link/wrap-tests-with-act
    at CustomerForm (C:/Users/Admin/graceful_books/src/components/customers/CustomerForm.tsx:57:3)
Warning: An update to CustomerForm inside a test was not wrapped in act(...).

When testing, code that causes React state updates should be wrapped into act(...):

act(() => {
  /* fire events that update state */
});
/* assert on the output */

This ensures that you're testing the behavior the user would see in the browser. Learn more at https://reactjs.org/link/wrap-tests-with-act
    at CustomerForm (C:/Users/Admin/graceful_books/src/components/customers/CustomerForm.tsx:57:3)
Warning: An update to CustomerForm inside a test was not wrapped in act(...).

When testing, code that causes React state updates should be wrapped into act(...):

act(() => {
  /* fire events that update state */
});
/* assert on the output */

This ensures that you're testing the behavior the user would see in the browser. Learn more at https://reactjs.org/link/wrap-tests-with-act
    at CustomerForm (C:/Users/Admin/graceful_books/src/components/customers/CustomerForm.tsx:57:3)

[90mstderr[2m | src/components/customers/CustomerForm.test.tsx[2m > [22m[2mCustomerForm Component[2m > [22m[2mvalidation[2m > [22m[2mshould accept valid phone format
[22m[39mWarning: An update to CustomerForm inside a test was not wrapped in act(...).

When testing, code that causes React state updates should be wrapped into act(...):

act(() => {
  /* fire events that update state */
});
/* assert on the output */

This ensures that you're testing the behavior the user would see in the browser. Learn more at https://reactjs.org/link/wrap-tests-with-act
    at CustomerForm (C:/Users/Admin/graceful_books/src/components/customers/CustomerForm.tsx:57:3)
Warning: An update to CustomerForm inside a test was not wrapped in act(...).

When testing, code that causes React state updates should be wrapped into act(...):

act(() => {
  /* fire events that update state */
});
/* assert on the output */

This ensures that you're testing the behavior the user would see in the browser. Learn more at https://reactjs.org/link/wrap-tests-with-act
    at CustomerForm (C:/Users/Admin/graceful_books/src/components/customers/CustomerForm.tsx:57:3)
Warning: An update to CustomerForm inside a test was not wrapped in act(...).

When testing, code that causes React state updates should be wrapped into act(...):

act(() => {
  /* fire events that update state */
});
/* assert on the output */

This ensures that you're testing the behavior the user would see in the browser. Learn more at https://reactjs.org/link/wrap-tests-with-act
    at CustomerForm (C:/Users/Admin/graceful_books/src/components/customers/CustomerForm.tsx:57:3)

[90mstderr[2m | src/components/customers/CustomerForm.test.tsx[2m > [22m[2mCustomerForm Component[2m > [22m[2mvalidation[2m > [22m[2mshould accept valid phone format
[22m[39mWarning: An update to CustomerForm inside a test was not wrapped in act(...).

When testing, code that causes React state updates should be wrapped into act(...):

act(() => {
  /* fire events that update state */
});
/* assert on the output */

This ensures that you're testing the behavior the user would see in the browser. Learn more at https://reactjs.org/link/wrap-tests-with-act
    at CustomerForm (C:/Users/Admin/graceful_books/src/components/customers/CustomerForm.tsx:57:3)
Warning: An update to CustomerForm inside a test was not wrapped in act(...).

When testing, code that causes React state updates should be wrapped into act(...):

act(() => {
  /* fire events that update state */
});
/* assert on the output */

This ensures that you're testing the behavior the user would see in the browser. Learn more at https://reactjs.org/link/wrap-tests-with-act
    at CustomerForm (C:/Users/Admin/graceful_books/src/components/customers/CustomerForm.tsx:57:3)
Warning: An update to CustomerForm inside a test was not wrapped in act(...).

When testing, code that causes React state updates should be wrapped into act(...):

act(() => {
  /* fire events that update state */
});
/* assert on the output */

This ensures that you're testing the behavior the user would see in the browser. Learn more at https://reactjs.org/link/wrap-tests-with-act
    at CustomerForm (C:/Users/Admin/graceful_books/src/components/customers/CustomerForm.tsx:57:3)

[90mstderr[2m | src/components/customers/CustomerForm.test.tsx[2m > [22m[2mCustomerForm Component[2m > [22m[2mvalidation[2m > [22m[2mshould accept valid phone format
[22m[39mWarning: An update to CustomerForm inside a test was not wrapped in act(...).

When testing, code that causes React state updates should be wrapped into act(...):

act(() => {
  /* fire events that update state */
});
/* assert on the output */

This ensures that you're testing the behavior the user would see in the browser. Learn more at https://reactjs.org/link/wrap-tests-with-act
    at CustomerForm (C:/Users/Admin/graceful_books/src/components/customers/CustomerForm.tsx:57:3)
Warning: An update to CustomerForm inside a test was not wrapped in act(...).

When testing, code that causes React state updates should be wrapped into act(...):

act(() => {
  /* fire events that update state */
});
/* assert on the output */

This ensures that you're testing the behavior the user would see in the browser. Learn more at https://reactjs.org/link/wrap-tests-with-act
    at CustomerForm (C:/Users/Admin/graceful_books/src/components/customers/CustomerForm.tsx:57:3)
Warning: An update to CustomerForm inside a test was not wrapped in act(...).

When testing, code that causes React state updates should be wrapped into act(...):

act(() => {
  /* fire events that update state */
});
/* assert on the output */

This ensures that you're testing the behavior the user would see in the browser. Learn more at https://reactjs.org/link/wrap-tests-with-act
    at CustomerForm (C:/Users/Admin/graceful_books/src/components/customers/CustomerForm.tsx:57:3)

[90mstderr[2m | src/components/customers/CustomerForm.test.tsx[2m > [22m[2mCustomerForm Component[2m > [22m[2mvalidation[2m > [22m[2mshould accept valid phone format
[22m[39mWarning: An update to CustomerForm inside a test was not wrapped in act(...).

When testing, code that causes React state updates should be wrapped into act(...):

act(() => {
  /* fire events that update state */
});
/* assert on the output */

This ensures that you're testing the behavior the user would see in the browser. Learn more at https://reactjs.org/link/wrap-tests-with-act
    at CustomerForm (C:/Users/Admin/graceful_books/src/components/customers/CustomerForm.tsx:57:3)
Warning: An update to CustomerForm inside a test was not wrapped in act(...).

When testing, code that causes React state updates should be wrapped into act(...):

act(() => {
  /* fire events that update state */
});
/* assert on the output */

This ensures that you're testing the behavior the user would see in the browser. Learn more at https://reactjs.org/link/wrap-tests-with-act
    at CustomerForm (C:/Users/Admin/graceful_books/src/components/customers/CustomerForm.tsx:57:3)
Warning: An update to CustomerForm inside a test was not wrapped in act(...).

When testing, code that causes React state updates should be wrapped into act(...):

act(() => {
  /* fire events that update state */
});
/* assert on the output */

This ensures that you're testing the behavior the user would see in the browser. Learn more at https://reactjs.org/link/wrap-tests-with-act
    at CustomerForm (C:/Users/Admin/graceful_books/src/components/customers/CustomerForm.tsx:57:3)

[90mstderr[2m | src/components/customers/CustomerForm.test.tsx[2m > [22m[2mCustomerForm Component[2m > [22m[2mvalidation[2m > [22m[2mshould accept valid phone format
[22m[39mWarning: An update to CustomerForm inside a test was not wrapped in act(...).

When testing, code that causes React state updates should be wrapped into act(...):

act(() => {
  /* fire events that update state */
});
/* assert on the output */

This ensures that you're testing the behavior the user would see in the browser. Learn more at https://reactjs.org/link/wrap-tests-with-act
    at CustomerForm (C:/Users/Admin/graceful_books/src/components/customers/CustomerForm.tsx:57:3)
Warning: An update to CustomerForm inside a test was not wrapped in act(...).

When testing, code that causes React state updates should be wrapped into act(...):

act(() => {
  /* fire events that update state */
});
/* assert on the output */

This ensures that you're testing the behavior the user would see in the browser. Learn more at https://reactjs.org/link/wrap-tests-with-act
    at CustomerForm (C:/Users/Admin/graceful_books/src/components/customers/CustomerForm.tsx:57:3)
Warning: An update to CustomerForm inside a test was not wrapped in act(...).

When testing, code that causes React state updates should be wrapped into act(...):

act(() => {
  /* fire events that update state */
});
/* assert on the output */

This ensures that you're testing the behavior the user would see in the browser. Learn more at https://reactjs.org/link/wrap-tests-with-act
    at CustomerForm (C:/Users/Admin/graceful_books/src/components/customers/CustomerForm.tsx:57:3)

[90mstderr[2m | src/components/customers/CustomerForm.test.tsx[2m > [22m[2mCustomerForm Component[2m > [22m[2mvalidation[2m > [22m[2mshould accept valid phone format
[22m[39mWarning: An update to CustomerForm inside a test was not wrapped in act(...).

When testing, code that causes React state updates should be wrapped into act(...):

act(() => {
  /* fire events that update state */
});
/* assert on the output */

This ensures that you're testing the behavior the user would see in the browser. Learn more at https://reactjs.org/link/wrap-tests-with-act
    at CustomerForm (C:/Users/Admin/graceful_books/src/components/customers/CustomerForm.tsx:57:3)
Warning: An update to CustomerForm inside a test was not wrapped in act(...).

When testing, code that causes React state updates should be wrapped into act(...):

act(() => {
  /* fire events that update state */
});
/* assert on the output */

This ensures that you're testing the behavior the user would see in the browser. Learn more at https://reactjs.org/link/wrap-tests-with-act
    at CustomerForm (C:/Users/Admin/graceful_books/src/components/customers/CustomerForm.tsx:57:3)
Warning: An update to CustomerForm inside a test was not wrapped in act(...).

When testing, code that causes React state updates should be wrapped into act(...):

act(() => {
  /* fire events that update state */
});
/* assert on the output */

This ensures that you're testing the behavior the user would see in the browser. Learn more at https://reactjs.org/link/wrap-tests-with-act
    at CustomerForm (C:/Users/Admin/graceful_books/src/components/customers/CustomerForm.tsx:57:3)

[90mstderr[2m | src/components/customers/CustomerForm.test.tsx[2m > [22m[2mCustomerForm Component[2m > [22m[2mvalidation[2m > [22m[2mshould accept valid phone format
[22m[39mWarning: An update to CustomerForm inside a test was not wrapped in act(...).

When testing, code that causes React state updates should be wrapped into act(...):

act(() => {
  /* fire events that update state */
});
/* assert on the output */

This ensures that you're testing the behavior the user would see in the browser. Learn more at https://reactjs.org/link/wrap-tests-with-act
    at CustomerForm (C:/Users/Admin/graceful_books/src/components/customers/CustomerForm.tsx:57:3)
Warning: An update to CustomerForm inside a test was not wrapped in act(...).

When testing, code that causes React state updates should be wrapped into act(...):

act(() => {
  /* fire events that update state */
});
/* assert on the output */

This ensures that you're testing the behavior the user would see in the browser. Learn more at https://reactjs.org/link/wrap-tests-with-act
    at CustomerForm (C:/Users/Admin/graceful_books/src/components/customers/CustomerForm.tsx:57:3)
Warning: An update to CustomerForm inside a test was not wrapped in act(...).

When testing, code that causes React state updates should be wrapped into act(...):

act(() => {
  /* fire events that update state */
});
/* assert on the output */

This ensures that you're testing the behavior the user would see in the browser. Learn more at https://reactjs.org/link/wrap-tests-with-act
    at CustomerForm (C:/Users/Admin/graceful_books/src/components/customers/CustomerForm.tsx:57:3)

[90mstderr[2m | src/components/customers/CustomerForm.test.tsx[2m > [22m[2mCustomerForm Component[2m > [22m[2mvalidation[2m > [22m[2mshould accept valid phone format
[22m[39mWarning: An update to CustomerForm inside a test was not wrapped in act(...).

When testing, code that causes React state updates should be wrapped into act(...):

act(() => {
  /* fire events that update state */
});
/* assert on the output */

This ensures that you're testing the behavior the user would see in the browser. Learn more at https://reactjs.org/link/wrap-tests-with-act
    at CustomerForm (C:/Users/Admin/graceful_books/src/components/customers/CustomerForm.tsx:57:3)
Warning: An update to CustomerForm inside a test was not wrapped in act(...).

When testing, code that causes React state updates should be wrapped into act(...):

act(() => {
  /* fire events that update state */
});
/* assert on the output */

This ensures that you're testing the behavior the user would see in the browser. Learn more at https://reactjs.org/link/wrap-tests-with-act
    at CustomerForm (C:/Users/Admin/graceful_books/src/components/customers/CustomerForm.tsx:57:3)
Warning: An update to CustomerForm inside a test was not wrapped in act(...).

When testing, code that causes React state updates should be wrapped into act(...):

act(() => {
  /* fire events that update state */
});
/* assert on the output */

This ensures that you're testing the behavior the user would see in the browser. Learn more at https://reactjs.org/link/wrap-tests-with-act
    at CustomerForm (C:/Users/Admin/graceful_books/src/components/customers/CustomerForm.tsx:57:3)

[90mstderr[2m | src/components/customers/CustomerForm.test.tsx[2m > [22m[2mCustomerForm Component[2m > [22m[2mvalidation[2m > [22m[2mshould accept valid phone format
[22m[39mWarning: An update to CustomerForm inside a test was not wrapped in act(...).

When testing, code that causes React state updates should be wrapped into act(...):

act(() => {
  /* fire events that update state */
});
/* assert on the output */

This ensures that you're testing the behavior the user would see in the browser. Learn more at https://reactjs.org/link/wrap-tests-with-act
    at CustomerForm (C:/Users/Admin/graceful_books/src/components/customers/CustomerForm.tsx:57:3)
Warning: An update to CustomerForm inside a test was not wrapped in act(...).

When testing, code that causes React state updates should be wrapped into act(...):

act(() => {
  /* fire events that update state */
});
/* assert on the output */

This ensures that you're testing the behavior the user would see in the browser. Learn more at https://reactjs.org/link/wrap-tests-with-act
    at CustomerForm (C:/Users/Admin/graceful_books/src/components/customers/CustomerForm.tsx:57:3)
Warning: An update to CustomerForm inside a test was not wrapped in act(...).

When testing, code that causes React state updates should be wrapped into act(...):

act(() => {
  /* fire events that update state */
});
/* assert on the output */

This ensures that you're testing the behavior the user would see in the browser. Learn more at https://reactjs.org/link/wrap-tests-with-act
    at CustomerForm (C:/Users/Admin/graceful_books/src/components/customers/CustomerForm.tsx:57:3)

[90mstderr[2m | src/components/customers/CustomerForm.test.tsx[2m > [22m[2mCustomerForm Component[2m > [22m[2mvalidation[2m > [22m[2mshould accept valid phone format
[22m[39mWarning: An update to CustomerForm inside a test was not wrapped in act(...).

When testing, code that causes React state updates should be wrapped into act(...):

act(() => {
  /* fire events that update state */
});
/* assert on the output */

This ensures that you're testing the behavior the user would see in the browser. Learn more at https://reactjs.org/link/wrap-tests-with-act
    at CustomerForm (C:/Users/Admin/graceful_books/src/components/customers/CustomerForm.tsx:57:3)
Warning: An update to CustomerForm inside a test was not wrapped in act(...).

When testing, code that causes React state updates should be wrapped into act(...):

act(() => {
  /* fire events that update state */
});
/* assert on the output */

This ensures that you're testing the behavior the user would see in the browser. Learn more at https://reactjs.org/link/wrap-tests-with-act
    at CustomerForm (C:/Users/Admin/graceful_books/src/components/customers/CustomerForm.tsx:57:3)
Warning: An update to CustomerForm inside a test was not wrapped in act(...).

When testing, code that causes React state updates should be wrapped into act(...):

act(() => {
  /* fire events that update state */
});
/* assert on the output */

This ensures that you're testing the behavior the user would see in the browser. Learn more at https://reactjs.org/link/wrap-tests-with-act
    at CustomerForm (C:/Users/Admin/graceful_books/src/components/customers/CustomerForm.tsx:57:3)

[90mstderr[2m | src/components/customers/CustomerForm.test.tsx[2m > [22m[2mCustomerForm Component[2m > [22m[2mvalidation[2m > [22m[2mshould accept valid phone format
[22m[39mWarning: An update to CustomerForm inside a test was not wrapped in act(...).

When testing, code that causes React state updates should be wrapped into act(...):

act(() => {
  /* fire events that update state */
});
/* assert on the output */

This ensures that you're testing the behavior the user would see in the browser. Learn more at https://reactjs.org/link/wrap-tests-with-act
    at CustomerForm (C:/Users/Admin/graceful_books/src/components/customers/CustomerForm.tsx:57:3)
Warning: An update to CustomerForm inside a test was not wrapped in act(...).

When testing, code that causes React state updates should be wrapped into act(...):

act(() => {
  /* fire events that update state */
});
/* assert on the output */

This ensures that you're testing the behavior the user would see in the browser. Learn more at https://reactjs.org/link/wrap-tests-with-act
    at CustomerForm (C:/Users/Admin/graceful_books/src/components/customers/CustomerForm.tsx:57:3)
Warning: An update to CustomerForm inside a test was not wrapped in act(...).

When testing, code that causes React state updates should be wrapped into act(...):

act(() => {
  /* fire events that update state */
});
/* assert on the output */

This ensures that you're testing the behavior the user would see in the browser. Learn more at https://reactjs.org/link/wrap-tests-with-act
    at CustomerForm (C:/Users/Admin/graceful_books/src/components/customers/CustomerForm.tsx:57:3)

[90mstderr[2m | src/components/customers/CustomerForm.test.tsx[2m > [22m[2mCustomerForm Component[2m > [22m[2maddress section[2m > [22m[2mshould show address fields when checkbox is checked
[22m[39mWarning: An update to CustomerForm inside a test was not wrapped in act(...).

When testing, code that causes React state updates should be wrapped into act(...):

act(() => {
  /* fire events that update state */
});
/* assert on the output */

This ensures that you're testing the behavior the user would see in the browser. Learn more at https://reactjs.org/link/wrap-tests-with-act
    at CustomerForm (C:/Users/Admin/graceful_books/src/components/customers/CustomerForm.tsx:57:3)

[90mstderr[2m | src/components/customers/CustomerForm.test.tsx[2m > [22m[2mCustomerForm Component[2m > [22m[2maddress section[2m > [22m[2mshould hide address fields when checkbox is unchecked
[22m[39mWarning: An update to CustomerForm inside a test was not wrapped in act(...).

When testing, code that causes React state updates should be wrapped into act(...):

act(() => {
  /* fire events that update state */
});
/* assert on the output */

This ensures that you're testing the behavior the user would see in the browser. Learn more at https://reactjs.org/link/wrap-tests-with-act
    at CustomerForm (C:/Users/Admin/graceful_books/src/components/customers/CustomerForm.tsx:57:3)

[90mstdout[2m | src/services/auditLogExtended.perf.test.ts[2m > [22m[2mExtended Audit Log Performance Tests[2m > [22m[2mMemory and Resource Management[2m > [22m[2mshould not leak memory during repeated operations
[22m[39m[AuditLogExtended] Audit log search completed { total: [33m100000[39m, returned: [33m100[39m, executionTimeMs: [33m5441.9609000000055[39m }

[90mstdout[2m | src/services/auditLogExtended.perf.test.ts[2m > [22m[2mExtended Audit Log Performance Tests[2m > [22m[2mMemory and Resource Management[2m > [22m[2mshould not leak memory during repeated operations
[22m[39m[AuditLogExtended] Starting audit log search { companyId: [32m'test-company'[39m, limit: [33m100[39m, offset: [33m800[39m }

[90mstderr[2m | src/components/customers/CustomerForm.test.tsx[2m > [22m[2mCustomerForm Component[2m > [22m[2mform submission[2m > [22m[2mshould submit valid form data
[22m[39mWarning: An update to CustomerForm inside a test was not wrapped in act(...).

When testing, code that causes React state updates should be wrapped into act(...):

act(() => {
  /* fire events that update state */
});
/* assert on the output */

This ensures that you're testing the behavior the user would see in the browser. Learn more at https://reactjs.org/link/wrap-tests-with-act
    at CustomerForm (C:/Users/Admin/graceful_books/src/components/customers/CustomerForm.tsx:57:3)
Warning: An update to CustomerForm inside a test was not wrapped in act(...).

When testing, code that causes React state updates should be wrapped into act(...):

act(() => {
  /* fire events that update state */
});
/* assert on the output */

This ensures that you're testing the behavior the user would see in the browser. Learn more at https://reactjs.org/link/wrap-tests-with-act
    at CustomerForm (C:/Users/Admin/graceful_books/src/components/customers/CustomerForm.tsx:57:3)
Warning: An update to CustomerForm inside a test was not wrapped in act(...).

When testing, code that causes React state updates should be wrapped into act(...):

act(() => {
  /* fire events that update state */
});
/* assert on the output */

This ensures that you're testing the behavior the user would see in the browser. Learn more at https://reactjs.org/link/wrap-tests-with-act
    at CustomerForm (C:/Users/Admin/graceful_books/src/components/customers/CustomerForm.tsx:57:3)

[90mstderr[2m | src/components/customers/CustomerForm.test.tsx[2m > [22m[2mCustomerForm Component[2m > [22m[2mform submission[2m > [22m[2mshould submit valid form data
[22m[39mWarning: An update to CustomerForm inside a test was not wrapped in act(...).

When testing, code that causes React state updates should be wrapped into act(...):

act(() => {
  /* fire events that update state */
});
/* assert on the output */

This ensures that you're testing the behavior the user would see in the browser. Learn more at https://reactjs.org/link/wrap-tests-with-act
    at CustomerForm (C:/Users/Admin/graceful_books/src/components/customers/CustomerForm.tsx:57:3)
Warning: An update to CustomerForm inside a test was not wrapped in act(...).

When testing, code that causes React state updates should be wrapped into act(...):

act(() => {
  /* fire events that update state */
});
/* assert on the output */

This ensures that you're testing the behavior the user would see in the browser. Learn more at https://reactjs.org/link/wrap-tests-with-act
    at CustomerForm (C:/Users/Admin/graceful_books/src/components/customers/CustomerForm.tsx:57:3)
Warning: An update to CustomerForm inside a test was not wrapped in act(...).

When testing, code that causes React state updates should be wrapped into act(...):

act(() => {
  /* fire events that update state */
});
/* assert on the output */

This ensures that you're testing the behavior the user would see in the browser. Learn more at https://reactjs.org/link/wrap-tests-with-act
    at CustomerForm (C:/Users/Admin/graceful_books/src/components/customers/CustomerForm.tsx:57:3)

[90mstderr[2m | src/components/customers/CustomerForm.test.tsx[2m > [22m[2mCustomerForm Component[2m > [22m[2mform submission[2m > [22m[2mshould submit valid form data
[22m[39mWarning: An update to CustomerForm inside a test was not wrapped in act(...).

When testing, code that causes React state updates should be wrapped into act(...):

act(() => {
  /* fire events that update state */
});
/* assert on the output */

This ensures that you're testing the behavior the user would see in the browser. Learn more at https://reactjs.org/link/wrap-tests-with-act
    at CustomerForm (C:/Users/Admin/graceful_books/src/components/customers/CustomerForm.tsx:57:3)
Warning: An update to CustomerForm inside a test was not wrapped in act(...).

When testing, code that causes React state updates should be wrapped into act(...):

act(() => {
  /* fire events that update state */
});
/* assert on the output */

This ensures that you're testing the behavior the user would see in the browser. Learn more at https://reactjs.org/link/wrap-tests-with-act
    at CustomerForm (C:/Users/Admin/graceful_books/src/components/customers/CustomerForm.tsx:57:3)
Warning: An update to CustomerForm inside a test was not wrapped in act(...).

When testing, code that causes React state updates should be wrapped into act(...):

act(() => {
  /* fire events that update state */
});
/* assert on the output */

This ensures that you're testing the behavior the user would see in the browser. Learn more at https://reactjs.org/link/wrap-tests-with-act
    at CustomerForm (C:/Users/Admin/graceful_books/src/components/customers/CustomerForm.tsx:57:3)

[90mstderr[2m | src/components/customers/CustomerForm.test.tsx[2m > [22m[2mCustomerForm Component[2m > [22m[2mform submission[2m > [22m[2mshould submit valid form data
[22m[39mWarning: An update to CustomerForm inside a test was not wrapped in act(...).

When testing, code that causes React state updates should be wrapped into act(...):

act(() => {
  /* fire events that update state */
});
/* assert on the output */

This ensures that you're testing the behavior the user would see in the browser. Learn more at https://reactjs.org/link/wrap-tests-with-act
    at CustomerForm (C:/Users/Admin/graceful_books/src/components/customers/CustomerForm.tsx:57:3)
Warning: An update to CustomerForm inside a test was not wrapped in act(...).

When testing, code that causes React state updates should be wrapped into act(...):

act(() => {
  /* fire events that update state */
});
/* assert on the output */

This ensures that you're testing the behavior the user would see in the browser. Learn more at https://reactjs.org/link/wrap-tests-with-act
    at CustomerForm (C:/Users/Admin/graceful_books/src/components/customers/CustomerForm.tsx:57:3)
Warning: An update to CustomerForm inside a test was not wrapped in act(...).

When testing, code that causes React state updates should be wrapped into act(...):

act(() => {
  /* fire events that update state */
});
/* assert on the output */

This ensures that you're testing the behavior the user would see in the browser. Learn more at https://reactjs.org/link/wrap-tests-with-act
    at CustomerForm (C:/Users/Admin/graceful_books/src/components/customers/CustomerForm.tsx:57:3)

[90mstderr[2m | src/components/customers/CustomerForm.test.tsx[2m > [22m[2mCustomerForm Component[2m > [22m[2mform submission[2m > [22m[2mshould submit valid form data
[22m[39mWarning: An update to CustomerForm inside a test was not wrapped in act(...).

When testing, code that causes React state updates should be wrapped into act(...):

act(() => {
  /* fire events that update state */
});
/* assert on the output */

This ensures that you're testing the behavior the user would see in the browser. Learn more at https://reactjs.org/link/wrap-tests-with-act
    at CustomerForm (C:/Users/Admin/graceful_books/src/components/customers/CustomerForm.tsx:57:3)
Warning: An update to CustomerForm inside a test was not wrapped in act(...).

When testing, code that causes React state updates should be wrapped into act(...):

act(() => {
  /* fire events that update state */
});
/* assert on the output */

This ensures that you're testing the behavior the user would see in the browser. Learn more at https://reactjs.org/link/wrap-tests-with-act
    at CustomerForm (C:/Users/Admin/graceful_books/src/components/customers/CustomerForm.tsx:57:3)
Warning: An update to CustomerForm inside a test was not wrapped in act(...).

When testing, code that causes React state updates should be wrapped into act(...):

act(() => {
  /* fire events that update state */
});
/* assert on the output */

This ensures that you're testing the behavior the user would see in the browser. Learn more at https://reactjs.org/link/wrap-tests-with-act
    at CustomerForm (C:/Users/Admin/graceful_books/src/components/customers/CustomerForm.tsx:57:3)

[90mstderr[2m | src/components/customers/CustomerForm.test.tsx[2m > [22m[2mCustomerForm Component[2m > [22m[2mform submission[2m > [22m[2mshould submit valid form data
[22m[39mWarning: An update to CustomerForm inside a test was not wrapped in act(...).

When testing, code that causes React state updates should be wrapped into act(...):

act(() => {
  /* fire events that update state */
});
/* assert on the output */

This ensures that you're testing the behavior the user would see in the browser. Learn more at https://reactjs.org/link/wrap-tests-with-act
    at CustomerForm (C:/Users/Admin/graceful_books/src/components/customers/CustomerForm.tsx:57:3)
Warning: An update to CustomerForm inside a test was not wrapped in act(...).

When testing, code that causes React state updates should be wrapped into act(...):

act(() => {
  /* fire events that update state */
});
/* assert on the output */

This ensures that you're testing the behavior the user would see in the browser. Learn more at https://reactjs.org/link/wrap-tests-with-act
    at CustomerForm (C:/Users/Admin/graceful_books/src/components/customers/CustomerForm.tsx:57:3)
Warning: An update to CustomerForm inside a test was not wrapped in act(...).

When testing, code that causes React state updates should be wrapped into act(...):

act(() => {
  /* fire events that update state */
});
/* assert on the output */

This ensures that you're testing the behavior the user would see in the browser. Learn more at https://reactjs.org/link/wrap-tests-with-act
    at CustomerForm (C:/Users/Admin/graceful_books/src/components/customers/CustomerForm.tsx:57:3)

[90mstderr[2m | src/components/customers/CustomerForm.test.tsx[2m > [22m[2mCustomerForm Component[2m > [22m[2mform submission[2m > [22m[2mshould submit valid form data
[22m[39mWarning: An update to CustomerForm inside a test was not wrapped in act(...).

When testing, code that causes React state updates should be wrapped into act(...):

act(() => {
  /* fire events that update state */
});
/* assert on the output */

This ensures that you're testing the behavior the user would see in the browser. Learn more at https://reactjs.org/link/wrap-tests-with-act
    at CustomerForm (C:/Users/Admin/graceful_books/src/components/customers/CustomerForm.tsx:57:3)
Warning: An update to CustomerForm inside a test was not wrapped in act(...).

When testing, code that causes React state updates should be wrapped into act(...):

act(() => {
  /* fire events that update state */
});
/* assert on the output */

This ensures that you're testing the behavior the user would see in the browser. Learn more at https://reactjs.org/link/wrap-tests-with-act
    at CustomerForm (C:/Users/Admin/graceful_books/src/components/customers/CustomerForm.tsx:57:3)
Warning: An update to CustomerForm inside a test was not wrapped in act(...).

When testing, code that causes React state updates should be wrapped into act(...):

act(() => {
  /* fire events that update state */
});
/* assert on the output */

This ensures that you're testing the behavior the user would see in the browser. Learn more at https://reactjs.org/link/wrap-tests-with-act
    at CustomerForm (C:/Users/Admin/graceful_books/src/components/customers/CustomerForm.tsx:57:3)

[90mstderr[2m | src/components/customers/CustomerForm.test.tsx[2m > [22m[2mCustomerForm Component[2m > [22m[2mform submission[2m > [22m[2mshould submit valid form data
[22m[39mWarning: An update to CustomerForm inside a test was not wrapped in act(...).

When testing, code that causes React state updates should be wrapped into act(...):

act(() => {
  /* fire events that update state */
});
/* assert on the output */

This ensures that you're testing the behavior the user would see in the browser. Learn more at https://reactjs.org/link/wrap-tests-with-act
    at CustomerForm (C:/Users/Admin/graceful_books/src/components/customers/CustomerForm.tsx:57:3)
Warning: An update to CustomerForm inside a test was not wrapped in act(...).

When testing, code that causes React state updates should be wrapped into act(...):

act(() => {
  /* fire events that update state */
});
/* assert on the output */

This ensures that you're testing the behavior the user would see in the browser. Learn more at https://reactjs.org/link/wrap-tests-with-act
    at CustomerForm (C:/Users/Admin/graceful_books/src/components/customers/CustomerForm.tsx:57:3)
Warning: An update to CustomerForm inside a test was not wrapped in act(...).

When testing, code that causes React state updates should be wrapped into act(...):

act(() => {
  /* fire events that update state */
});
/* assert on the output */

This ensures that you're testing the behavior the user would see in the browser. Learn more at https://reactjs.org/link/wrap-tests-with-act
    at CustomerForm (C:/Users/Admin/graceful_books/src/components/customers/CustomerForm.tsx:57:3)

[90mstderr[2m | src/components/customers/CustomerForm.test.tsx[2m > [22m[2mCustomerForm Component[2m > [22m[2mform submission[2m > [22m[2mshould submit valid form data
[22m[39mWarning: An update to CustomerForm inside a test was not wrapped in act(...).

When testing, code that causes React state updates should be wrapped into act(...):

act(() => {
  /* fire events that update state */
});
/* assert on the output */

This ensures that you're testing the behavior the user would see in the browser. Learn more at https://reactjs.org/link/wrap-tests-with-act
    at CustomerForm (C:/Users/Admin/graceful_books/src/components/customers/CustomerForm.tsx:57:3)
Warning: An update to CustomerForm inside a test was not wrapped in act(...).

When testing, code that causes React state updates should be wrapped into act(...):

act(() => {
  /* fire events that update state */
});
/* assert on the output */

This ensures that you're testing the behavior the user would see in the browser. Learn more at https://reactjs.org/link/wrap-tests-with-act
    at CustomerForm (C:/Users/Admin/graceful_books/src/components/customers/CustomerForm.tsx:57:3)
Warning: An update to CustomerForm inside a test was not wrapped in act(...).

When testing, code that causes React state updates should be wrapped into act(...):

act(() => {
  /* fire events that update state */
});
/* assert on the output */

This ensures that you're testing the behavior the user would see in the browser. Learn more at https://reactjs.org/link/wrap-tests-with-act
    at CustomerForm (C:/Users/Admin/graceful_books/src/components/customers/CustomerForm.tsx:57:3)

[90mstderr[2m | src/components/customers/CustomerForm.test.tsx[2m > [22m[2mCustomerForm Component[2m > [22m[2mform submission[2m > [22m[2mshould submit valid form data
[22m[39mWarning: An update to CustomerForm inside a test was not wrapped in act(...).

When testing, code that causes React state updates should be wrapped into act(...):

act(() => {
  /* fire events that update state */
});
/* assert on the output */

This ensures that you're testing the behavior the user would see in the browser. Learn more at https://reactjs.org/link/wrap-tests-with-act
    at CustomerForm (C:/Users/Admin/graceful_books/src/components/customers/CustomerForm.tsx:57:3)
Warning: An update to CustomerForm inside a test was not wrapped in act(...).

When testing, code that causes React state updates should be wrapped into act(...):

act(() => {
  /* fire events that update state */
});
/* assert on the output */

This ensures that you're testing the behavior the user would see in the browser. Learn more at https://reactjs.org/link/wrap-tests-with-act
    at CustomerForm (C:/Users/Admin/graceful_books/src/components/customers/CustomerForm.tsx:57:3)
Warning: An update to CustomerForm inside a test was not wrapped in act(...).

When testing, code that causes React state updates should be wrapped into act(...):

act(() => {
  /* fire events that update state */
});
/* assert on the output */

This ensures that you're testing the behavior the user would see in the browser. Learn more at https://reactjs.org/link/wrap-tests-with-act
    at CustomerForm (C:/Users/Admin/graceful_books/src/components/customers/CustomerForm.tsx:57:3)

[90mstderr[2m | src/components/customers/CustomerForm.test.tsx[2m > [22m[2mCustomerForm Component[2m > [22m[2mform submission[2m > [22m[2mshould submit valid form data
[22m[39mWarning: An update to CustomerForm inside a test was not wrapped in act(...).

When testing, code that causes React state updates should be wrapped into act(...):

act(() => {
  /* fire events that update state */
});
/* assert on the output */

This ensures that you're testing the behavior the user would see in the browser. Learn more at https://reactjs.org/link/wrap-tests-with-act
    at CustomerForm (C:/Users/Admin/graceful_books/src/components/customers/CustomerForm.tsx:57:3)
Warning: An update to CustomerForm inside a test was not wrapped in act(...).

When testing, code that causes React state updates should be wrapped into act(...):

act(() => {
  /* fire events that update state */
});
/* assert on the output */

This ensures that you're testing the behavior the user would see in the browser. Learn more at https://reactjs.org/link/wrap-tests-with-act
    at CustomerForm (C:/Users/Admin/graceful_books/src/components/customers/CustomerForm.tsx:57:3)
Warning: An update to CustomerForm inside a test was not wrapped in act(...).

When testing, code that causes React state updates should be wrapped into act(...):

act(() => {
  /* fire events that update state */
});
/* assert on the output */

This ensures that you're testing the behavior the user would see in the browser. Learn more at https://reactjs.org/link/wrap-tests-with-act
    at CustomerForm (C:/Users/Admin/graceful_books/src/components/customers/CustomerForm.tsx:57:3)

[90mstderr[2m | src/components/customers/CustomerForm.test.tsx[2m > [22m[2mCustomerForm Component[2m > [22m[2mform submission[2m > [22m[2mshould submit valid form data
[22m[39mWarning: An update to CustomerForm inside a test was not wrapped in act(...).

When testing, code that causes React state updates should be wrapped into act(...):

act(() => {
  /* fire events that update state */
});
/* assert on the output */

This ensures that you're testing the behavior the user would see in the browser. Learn more at https://reactjs.org/link/wrap-tests-with-act
    at CustomerForm (C:/Users/Admin/graceful_books/src/components/customers/CustomerForm.tsx:57:3)
Warning: An update to CustomerForm inside a test was not wrapped in act(...).

When testing, code that causes React state updates should be wrapped into act(...):

act(() => {
  /* fire events that update state */
});
/* assert on the output */

This ensures that you're testing the behavior the user would see in the browser. Learn more at https://reactjs.org/link/wrap-tests-with-act
    at CustomerForm (C:/Users/Admin/graceful_books/src/components/customers/CustomerForm.tsx:57:3)
Warning: An update to CustomerForm inside a test was not wrapped in act(...).

When testing, code that causes React state updates should be wrapped into act(...):

act(() => {
  /* fire events that update state */
});
/* assert on the output */

This ensures that you're testing the behavior the user would see in the browser. Learn more at https://reactjs.org/link/wrap-tests-with-act
    at CustomerForm (C:/Users/Admin/graceful_books/src/components/customers/CustomerForm.tsx:57:3)

[90mstderr[2m | src/components/customers/CustomerForm.test.tsx[2m > [22m[2mCustomerForm Component[2m > [22m[2mform submission[2m > [22m[2mshould submit valid form data
[22m[39mWarning: An update to CustomerForm inside a test was not wrapped in act(...).

When testing, code that causes React state updates should be wrapped into act(...):

act(() => {
  /* fire events that update state */
});
/* assert on the output */

This ensures that you're testing the behavior the user would see in the browser. Learn more at https://reactjs.org/link/wrap-tests-with-act
    at CustomerForm (C:/Users/Admin/graceful_books/src/components/customers/CustomerForm.tsx:57:3)
Warning: An update to CustomerForm inside a test was not wrapped in act(...).

When testing, code that causes React state updates should be wrapped into act(...):

act(() => {
  /* fire events that update state */
});
/* assert on the output */

This ensures that you're testing the behavior the user would see in the browser. Learn more at https://reactjs.org/link/wrap-tests-with-act
    at CustomerForm (C:/Users/Admin/graceful_books/src/components/customers/CustomerForm.tsx:57:3)
Warning: An update to CustomerForm inside a test was not wrapped in act(...).

When testing, code that causes React state updates should be wrapped into act(...):

act(() => {
  /* fire events that update state */
});
/* assert on the output */

This ensures that you're testing the behavior the user would see in the browser. Learn more at https://reactjs.org/link/wrap-tests-with-act
    at CustomerForm (C:/Users/Admin/graceful_books/src/components/customers/CustomerForm.tsx:57:3)

[90mstderr[2m | src/components/customers/CustomerForm.test.tsx[2m > [22m[2mCustomerForm Component[2m > [22m[2mform submission[2m > [22m[2mshould submit valid form data
[22m[39mWarning: An update to CustomerForm inside a test was not wrapped in act(...).

When testing, code that causes React state updates should be wrapped into act(...):

act(() => {
  /* fire events that update state */
});
/* assert on the output */

This ensures that you're testing the behavior the user would see in the browser. Learn more at https://reactjs.org/link/wrap-tests-with-act
    at CustomerForm (C:/Users/Admin/graceful_books/src/components/customers/CustomerForm.tsx:57:3)
Warning: An update to CustomerForm inside a test was not wrapped in act(...).

When testing, code that causes React state updates should be wrapped into act(...):

act(() => {
  /* fire events that update state */
});
/* assert on the output */

This ensures that you're testing the behavior the user would see in the browser. Learn more at https://reactjs.org/link/wrap-tests-with-act
    at CustomerForm (C:/Users/Admin/graceful_books/src/components/customers/CustomerForm.tsx:57:3)
Warning: An update to CustomerForm inside a test was not wrapped in act(...).

When testing, code that causes React state updates should be wrapped into act(...):

act(() => {
  /* fire events that update state */
});
/* assert on the output */

This ensures that you're testing the behavior the user would see in the browser. Learn more at https://reactjs.org/link/wrap-tests-with-act
    at CustomerForm (C:/Users/Admin/graceful_books/src/components/customers/CustomerForm.tsx:57:3)

[90mstderr[2m | src/components/customers/CustomerForm.test.tsx[2m > [22m[2mCustomerForm Component[2m > [22m[2mform submission[2m > [22m[2mshould submit valid form data
[22m[39mWarning: An update to CustomerForm inside a test was not wrapped in act(...).

When testing, code that causes React state updates should be wrapped into act(...):

act(() => {
  /* fire events that update state */
});
/* assert on the output */

This ensures that you're testing the behavior the user would see in the browser. Learn more at https://reactjs.org/link/wrap-tests-with-act
    at CustomerForm (C:/Users/Admin/graceful_books/src/components/customers/CustomerForm.tsx:57:3)
Warning: An update to CustomerForm inside a test was not wrapped in act(...).

When testing, code that causes React state updates should be wrapped into act(...):

act(() => {
  /* fire events that update state */
});
/* assert on the output */

This ensures that you're testing the behavior the user would see in the browser. Learn more at https://reactjs.org/link/wrap-tests-with-act
    at CustomerForm (C:/Users/Admin/graceful_books/src/components/customers/CustomerForm.tsx:57:3)
Warning: An update to CustomerForm inside a test was not wrapped in act(...).

When testing, code that causes React state updates should be wrapped into act(...):

act(() => {
  /* fire events that update state */
});
/* assert on the output */

This ensures that you're testing the behavior the user would see in the browser. Learn more at https://reactjs.org/link/wrap-tests-with-act
    at CustomerForm (C:/Users/Admin/graceful_books/src/components/customers/CustomerForm.tsx:57:3)

[90mstderr[2m | src/components/customers/CustomerForm.test.tsx[2m > [22m[2mCustomerForm Component[2m > [22m[2mform submission[2m > [22m[2mshould submit valid form data
[22m[39mWarning: An update to CustomerForm inside a test was not wrapped in act(...).

When testing, code that causes React state updates should be wrapped into act(...):

act(() => {
  /* fire events that update state */
});
/* assert on the output */

This ensures that you're testing the behavior the user would see in the browser. Learn more at https://reactjs.org/link/wrap-tests-with-act
    at CustomerForm (C:/Users/Admin/graceful_books/src/components/customers/CustomerForm.tsx:57:3)
Warning: An update to CustomerForm inside a test was not wrapped in act(...).

When testing, code that causes React state updates should be wrapped into act(...):

act(() => {
  /* fire events that update state */
});
/* assert on the output */

This ensures that you're testing the behavior the user would see in the browser. Learn more at https://reactjs.org/link/wrap-tests-with-act
    at CustomerForm (C:/Users/Admin/graceful_books/src/components/customers/CustomerForm.tsx:57:3)
Warning: An update to CustomerForm inside a test was not wrapped in act(...).

When testing, code that causes React state updates should be wrapped into act(...):

act(() => {
  /* fire events that update state */
});
/* assert on the output */

This ensures that you're testing the behavior the user would see in the browser. Learn more at https://reactjs.org/link/wrap-tests-with-act
    at CustomerForm (C:/Users/Admin/graceful_books/src/components/customers/CustomerForm.tsx:57:3)

[90mstderr[2m | src/components/customers/CustomerForm.test.tsx[2m > [22m[2mCustomerForm Component[2m > [22m[2mform submission[2m > [22m[2mshould submit valid form data
[22m[39mWarning: An update to CustomerForm inside a test was not wrapped in act(...).

When testing, code that causes React state updates should be wrapped into act(...):

act(() => {
  /* fire events that update state */
});
/* assert on the output */

This ensures that you're testing the behavior the user would see in the browser. Learn more at https://reactjs.org/link/wrap-tests-with-act
    at CustomerForm (C:/Users/Admin/graceful_books/src/components/customers/CustomerForm.tsx:57:3)
Warning: An update to CustomerForm inside a test was not wrapped in act(...).

When testing, code that causes React state updates should be wrapped into act(...):

act(() => {
  /* fire events that update state */
});
/* assert on the output */

This ensures that you're testing the behavior the user would see in the browser. Learn more at https://reactjs.org/link/wrap-tests-with-act
    at CustomerForm (C:/Users/Admin/graceful_books/src/components/customers/CustomerForm.tsx:57:3)
Warning: An update to CustomerForm inside a test was not wrapped in act(...).

When testing, code that causes React state updates should be wrapped into act(...):

act(() => {
  /* fire events that update state */
});
/* assert on the output */

This ensures that you're testing the behavior the user would see in the browser. Learn more at https://reactjs.org/link/wrap-tests-with-act
    at CustomerForm (C:/Users/Admin/graceful_books/src/components/customers/CustomerForm.tsx:57:3)

[90mstderr[2m | src/components/customers/CustomerForm.test.tsx[2m > [22m[2mCustomerForm Component[2m > [22m[2mform submission[2m > [22m[2mshould submit valid form data
[22m[39mWarning: An update to CustomerForm inside a test was not wrapped in act(...).

When testing, code that causes React state updates should be wrapped into act(...):

act(() => {
  /* fire events that update state */
});
/* assert on the output */

This ensures that you're testing the behavior the user would see in the browser. Learn more at https://reactjs.org/link/wrap-tests-with-act
    at CustomerForm (C:/Users/Admin/graceful_books/src/components/customers/CustomerForm.tsx:57:3)
Warning: An update to CustomerForm inside a test was not wrapped in act(...).

When testing, code that causes React state updates should be wrapped into act(...):

act(() => {
  /* fire events that update state */
});
/* assert on the output */

This ensures that you're testing the behavior the user would see in the browser. Learn more at https://reactjs.org/link/wrap-tests-with-act
    at CustomerForm (C:/Users/Admin/graceful_books/src/components/customers/CustomerForm.tsx:57:3)
Warning: An update to CustomerForm inside a test was not wrapped in act(...).

When testing, code that causes React state updates should be wrapped into act(...):

act(() => {
  /* fire events that update state */
});
/* assert on the output */

This ensures that you're testing the behavior the user would see in the browser. Learn more at https://reactjs.org/link/wrap-tests-with-act
    at CustomerForm (C:/Users/Admin/graceful_books/src/components/customers/CustomerForm.tsx:57:3)

[90mstderr[2m | src/components/customers/CustomerForm.test.tsx[2m > [22m[2mCustomerForm Component[2m > [22m[2mform submission[2m > [22m[2mshould submit valid form data
[22m[39mWarning: An update to CustomerForm inside a test was not wrapped in act(...).

When testing, code that causes React state updates should be wrapped into act(...):

act(() => {
  /* fire events that update state */
});
/* assert on the output */

This ensures that you're testing the behavior the user would see in the browser. Learn more at https://reactjs.org/link/wrap-tests-with-act
    at CustomerForm (C:/Users/Admin/graceful_books/src/components/customers/CustomerForm.tsx:57:3)
Warning: An update to CustomerForm inside a test was not wrapped in act(...).

When testing, code that causes React state updates should be wrapped into act(...):

act(() => {
  /* fire events that update state */
});
/* assert on the output */

This ensures that you're testing the behavior the user would see in the browser. Learn more at https://reactjs.org/link/wrap-tests-with-act
    at CustomerForm (C:/Users/Admin/graceful_books/src/components/customers/CustomerForm.tsx:57:3)
Warning: An update to CustomerForm inside a test was not wrapped in act(...).

When testing, code that causes React state updates should be wrapped into act(...):

act(() => {
  /* fire events that update state */
});
/* assert on the output */

This ensures that you're testing the behavior the user would see in the browser. Learn more at https://reactjs.org/link/wrap-tests-with-act
    at CustomerForm (C:/Users/Admin/graceful_books/src/components/customers/CustomerForm.tsx:57:3)

[90mstderr[2m | src/components/customers/CustomerForm.test.tsx[2m > [22m[2mCustomerForm Component[2m > [22m[2mform submission[2m > [22m[2mshould submit valid form data
[22m[39mWarning: An update to CustomerForm inside a test was not wrapped in act(...).

When testing, code that causes React state updates should be wrapped into act(...):

act(() => {
  /* fire events that update state */
});
/* assert on the output */

This ensures that you're testing the behavior the user would see in the browser. Learn more at https://reactjs.org/link/wrap-tests-with-act
    at CustomerForm (C:/Users/Admin/graceful_books/src/components/customers/CustomerForm.tsx:57:3)
Warning: An update to CustomerForm inside a test was not wrapped in act(...).

When testing, code that causes React state updates should be wrapped into act(...):

act(() => {
  /* fire events that update state */
});
/* assert on the output */

This ensures that you're testing the behavior the user would see in the browser. Learn more at https://reactjs.org/link/wrap-tests-with-act
    at CustomerForm (C:/Users/Admin/graceful_books/src/components/customers/CustomerForm.tsx:57:3)
Warning: An update to CustomerForm inside a test was not wrapped in act(...).

When testing, code that causes React state updates should be wrapped into act(...):

act(() => {
  /* fire events that update state */
});
/* assert on the output */

This ensures that you're testing the behavior the user would see in the browser. Learn more at https://reactjs.org/link/wrap-tests-with-act
    at CustomerForm (C:/Users/Admin/graceful_books/src/components/customers/CustomerForm.tsx:57:3)

[90mstderr[2m | src/components/customers/CustomerForm.test.tsx[2m > [22m[2mCustomerForm Component[2m > [22m[2mform submission[2m > [22m[2mshould submit valid form data
[22m[39mWarning: An update to CustomerForm inside a test was not wrapped in act(...).

When testing, code that causes React state updates should be wrapped into act(...):

act(() => {
  /* fire events that update state */
});
/* assert on the output */

This ensures that you're testing the behavior the user would see in the browser. Learn more at https://reactjs.org/link/wrap-tests-with-act
    at CustomerForm (C:/Users/Admin/graceful_books/src/components/customers/CustomerForm.tsx:57:3)
Warning: An update to CustomerForm inside a test was not wrapped in act(...).

When testing, code that causes React state updates should be wrapped into act(...):

act(() => {
  /* fire events that update state */
});
/* assert on the output */

This ensures that you're testing the behavior the user would see in the browser. Learn more at https://reactjs.org/link/wrap-tests-with-act
    at CustomerForm (C:/Users/Admin/graceful_books/src/components/customers/CustomerForm.tsx:57:3)
Warning: An update to CustomerForm inside a test was not wrapped in act(...).

When testing, code that causes React state updates should be wrapped into act(...):

act(() => {
  /* fire events that update state */
});
/* assert on the output */

This ensures that you're testing the behavior the user would see in the browser. Learn more at https://reactjs.org/link/wrap-tests-with-act
    at CustomerForm (C:/Users/Admin/graceful_books/src/components/customers/CustomerForm.tsx:57:3)

[90mstderr[2m | src/components/customers/CustomerForm.test.tsx[2m > [22m[2mCustomerForm Component[2m > [22m[2mform submission[2m > [22m[2mshould submit valid form data
[22m[39mWarning: An update to CustomerForm inside a test was not wrapped in act(...).

When testing, code that causes React state updates should be wrapped into act(...):

act(() => {
  /* fire events that update state */
});
/* assert on the output */

This ensures that you're testing the behavior the user would see in the browser. Learn more at https://reactjs.org/link/wrap-tests-with-act
    at CustomerForm (C:/Users/Admin/graceful_books/src/components/customers/CustomerForm.tsx:57:3)
Warning: An update to CustomerForm inside a test was not wrapped in act(...).

When testing, code that causes React state updates should be wrapped into act(...):

act(() => {
  /* fire events that update state */
});
/* assert on the output */

This ensures that you're testing the behavior the user would see in the browser. Learn more at https://reactjs.org/link/wrap-tests-with-act
    at CustomerForm (C:/Users/Admin/graceful_books/src/components/customers/CustomerForm.tsx:57:3)
Warning: An update to CustomerForm inside a test was not wrapped in act(...).

When testing, code that causes React state updates should be wrapped into act(...):

act(() => {
  /* fire events that update state */
});
/* assert on the output */

This ensures that you're testing the behavior the user would see in the browser. Learn more at https://reactjs.org/link/wrap-tests-with-act
    at CustomerForm (C:/Users/Admin/graceful_books/src/components/customers/CustomerForm.tsx:57:3)

[90mstderr[2m | src/components/customers/CustomerForm.test.tsx[2m > [22m[2mCustomerForm Component[2m > [22m[2mform submission[2m > [22m[2mshould submit valid form data
[22m[39mWarning: An update to CustomerForm inside a test was not wrapped in act(...).

When testing, code that causes React state updates should be wrapped into act(...):

act(() => {
  /* fire events that update state */
});
/* assert on the output */

This ensures that you're testing the behavior the user would see in the browser. Learn more at https://reactjs.org/link/wrap-tests-with-act
    at CustomerForm (C:/Users/Admin/graceful_books/src/components/customers/CustomerForm.tsx:57:3)
Warning: An update to CustomerForm inside a test was not wrapped in act(...).

When testing, code that causes React state updates should be wrapped into act(...):

act(() => {
  /* fire events that update state */
});
/* assert on the output */

This ensures that you're testing the behavior the user would see in the browser. Learn more at https://reactjs.org/link/wrap-tests-with-act
    at CustomerForm (C:/Users/Admin/graceful_books/src/components/customers/CustomerForm.tsx:57:3)
Warning: An update to CustomerForm inside a test was not wrapped in act(...).

When testing, code that causes React state updates should be wrapped into act(...):

act(() => {
  /* fire events that update state */
});
/* assert on the output */

This ensures that you're testing the behavior the user would see in the browser. Learn more at https://reactjs.org/link/wrap-tests-with-act
    at CustomerForm (C:/Users/Admin/graceful_books/src/components/customers/CustomerForm.tsx:57:3)

[90mstderr[2m | src/components/customers/CustomerForm.test.tsx[2m > [22m[2mCustomerForm Component[2m > [22m[2mform submission[2m > [22m[2mshould submit valid form data
[22m[39mWarning: An update to CustomerForm inside a test was not wrapped in act(...).

When testing, code that causes React state updates should be wrapped into act(...):

act(() => {
  /* fire events that update state */
});
/* assert on the output */

This ensures that you're testing the behavior the user would see in the browser. Learn more at https://reactjs.org/link/wrap-tests-with-act
    at CustomerForm (C:/Users/Admin/graceful_books/src/components/customers/CustomerForm.tsx:57:3)
Warning: An update to CustomerForm inside a test was not wrapped in act(...).

When testing, code that causes React state updates should be wrapped into act(...):

act(() => {
  /* fire events that update state */
});
/* assert on the output */

This ensures that you're testing the behavior the user would see in the browser. Learn more at https://reactjs.org/link/wrap-tests-with-act
    at CustomerForm (C:/Users/Admin/graceful_books/src/components/customers/CustomerForm.tsx:57:3)
Warning: An update to CustomerForm inside a test was not wrapped in act(...).

When testing, code that causes React state updates should be wrapped into act(...):

act(() => {
  /* fire events that update state */
});
/* assert on the output */

This ensures that you're testing the behavior the user would see in the browser. Learn more at https://reactjs.org/link/wrap-tests-with-act
    at CustomerForm (C:/Users/Admin/graceful_books/src/components/customers/CustomerForm.tsx:57:3)

[90mstderr[2m | src/components/customers/CustomerForm.test.tsx[2m > [22m[2mCustomerForm Component[2m > [22m[2mform submission[2m > [22m[2mshould submit valid form data
[22m[39mWarning: An update to CustomerForm inside a test was not wrapped in act(...).

When testing, code that causes React state updates should be wrapped into act(...):

act(() => {
  /* fire events that update state */
});
/* assert on the output */

This ensures that you're testing the behavior the user would see in the browser. Learn more at https://reactjs.org/link/wrap-tests-with-act
    at CustomerForm (C:/Users/Admin/graceful_books/src/components/customers/CustomerForm.tsx:57:3)
Warning: An update to CustomerForm inside a test was not wrapped in act(...).

When testing, code that causes React state updates should be wrapped into act(...):

act(() => {
  /* fire events that update state */
});
/* assert on the output */

This ensures that you're testing the behavior the user would see in the browser. Learn more at https://reactjs.org/link/wrap-tests-with-act
    at CustomerForm (C:/Users/Admin/graceful_books/src/components/customers/CustomerForm.tsx:57:3)
Warning: An update to CustomerForm inside a test was not wrapped in act(...).

When testing, code that causes React state updates should be wrapped into act(...):

act(() => {
  /* fire events that update state */
});
/* assert on the output */

This ensures that you're testing the behavior the user would see in the browser. Learn more at https://reactjs.org/link/wrap-tests-with-act
    at CustomerForm (C:/Users/Admin/graceful_books/src/components/customers/CustomerForm.tsx:57:3)

[90mstderr[2m | src/components/customers/CustomerForm.test.tsx[2m > [22m[2mCustomerForm Component[2m > [22m[2mform submission[2m > [22m[2mshould submit valid form data
[22m[39mWarning: An update to CustomerForm inside a test was not wrapped in act(...).

When testing, code that causes React state updates should be wrapped into act(...):

act(() => {
  /* fire events that update state */
});
/* assert on the output */

This ensures that you're testing the behavior the user would see in the browser. Learn more at https://reactjs.org/link/wrap-tests-with-act
    at CustomerForm (C:/Users/Admin/graceful_books/src/components/customers/CustomerForm.tsx:57:3)
Warning: An update to CustomerForm inside a test was not wrapped in act(...).

When testing, code that causes React state updates should be wrapped into act(...):

act(() => {
  /* fire events that update state */
});
/* assert on the output */

This ensures that you're testing the behavior the user would see in the browser. Learn more at https://reactjs.org/link/wrap-tests-with-act
    at CustomerForm (C:/Users/Admin/graceful_books/src/components/customers/CustomerForm.tsx:57:3)
Warning: An update to CustomerForm inside a test was not wrapped in act(...).

When testing, code that causes React state updates should be wrapped into act(...):

act(() => {
  /* fire events that update state */
});
/* assert on the output */

This ensures that you're testing the behavior the user would see in the browser. Learn more at https://reactjs.org/link/wrap-tests-with-act
    at CustomerForm (C:/Users/Admin/graceful_books/src/components/customers/CustomerForm.tsx:57:3)

[90mstderr[2m | src/components/customers/CustomerForm.test.tsx[2m > [22m[2mCustomerForm Component[2m > [22m[2mform submission[2m > [22m[2mshould submit valid form data
[22m[39mWarning: An update to CustomerForm inside a test was not wrapped in act(...).

When testing, code that causes React state updates should be wrapped into act(...):

act(() => {
  /* fire events that update state */
});
/* assert on the output */

This ensures that you're testing the behavior the user would see in the browser. Learn more at https://reactjs.org/link/wrap-tests-with-act
    at CustomerForm (C:/Users/Admin/graceful_books/src/components/customers/CustomerForm.tsx:57:3)
Warning: An update to CustomerForm inside a test was not wrapped in act(...).

When testing, code that causes React state updates should be wrapped into act(...):

act(() => {
  /* fire events that update state */
});
/* assert on the output */

This ensures that you're testing the behavior the user would see in the browser. Learn more at https://reactjs.org/link/wrap-tests-with-act
    at CustomerForm (C:/Users/Admin/graceful_books/src/components/customers/CustomerForm.tsx:57:3)
Warning: An update to CustomerForm inside a test was not wrapped in act(...).

When testing, code that causes React state updates should be wrapped into act(...):

act(() => {
  /* fire events that update state */
});
/* assert on the output */

This ensures that you're testing the behavior the user would see in the browser. Learn more at https://reactjs.org/link/wrap-tests-with-act
    at CustomerForm (C:/Users/Admin/graceful_books/src/components/customers/CustomerForm.tsx:57:3)

[90mstderr[2m | src/components/customers/CustomerForm.test.tsx[2m > [22m[2mCustomerForm Component[2m > [22m[2mform submission[2m > [22m[2mshould submit valid form data
[22m[39mWarning: An update to CustomerForm inside a test was not wrapped in act(...).

When testing, code that causes React state updates should be wrapped into act(...):

act(() => {
  /* fire events that update state */
});
/* assert on the output */

This ensures that you're testing the behavior the user would see in the browser. Learn more at https://reactjs.org/link/wrap-tests-with-act
    at CustomerForm (C:/Users/Admin/graceful_books/src/components/customers/CustomerForm.tsx:57:3)
Warning: An update to CustomerForm inside a test was not wrapped in act(...).

When testing, code that causes React state updates should be wrapped into act(...):

act(() => {
  /* fire events that update state */
});
/* assert on the output */

This ensures that you're testing the behavior the user would see in the browser. Learn more at https://reactjs.org/link/wrap-tests-with-act
    at CustomerForm (C:/Users/Admin/graceful_books/src/components/customers/CustomerForm.tsx:57:3)
Warning: An update to CustomerForm inside a test was not wrapped in act(...).

When testing, code that causes React state updates should be wrapped into act(...):

act(() => {
  /* fire events that update state */
});
/* assert on the output */

This ensures that you're testing the behavior the user would see in the browser. Learn more at https://reactjs.org/link/wrap-tests-with-act
    at CustomerForm (C:/Users/Admin/graceful_books/src/components/customers/CustomerForm.tsx:57:3)

[90mstderr[2m | src/components/customers/CustomerForm.test.tsx[2m > [22m[2mCustomerForm Component[2m > [22m[2mform submission[2m > [22m[2mshould submit valid form data
[22m[39mWarning: An update to CustomerForm inside a test was not wrapped in act(...).

When testing, code that causes React state updates should be wrapped into act(...):

act(() => {
  /* fire events that update state */
});
/* assert on the output */

This ensures that you're testing the behavior the user would see in the browser. Learn more at https://reactjs.org/link/wrap-tests-with-act
    at CustomerForm (C:/Users/Admin/graceful_books/src/components/customers/CustomerForm.tsx:57:3)
Warning: An update to CustomerForm inside a test was not wrapped in act(...).

When testing, code that causes React state updates should be wrapped into act(...):

act(() => {
  /* fire events that update state */
});
/* assert on the output */

This ensures that you're testing the behavior the user would see in the browser. Learn more at https://reactjs.org/link/wrap-tests-with-act
    at CustomerForm (C:/Users/Admin/graceful_books/src/components/customers/CustomerForm.tsx:57:3)
Warning: An update to CustomerForm inside a test was not wrapped in act(...).

When testing, code that causes React state updates should be wrapped into act(...):

act(() => {
  /* fire events that update state */
});
/* assert on the output */

This ensures that you're testing the behavior the user would see in the browser. Learn more at https://reactjs.org/link/wrap-tests-with-act
    at CustomerForm (C:/Users/Admin/graceful_books/src/components/customers/CustomerForm.tsx:57:3)

[90mstderr[2m | src/components/customers/CustomerForm.test.tsx[2m > [22m[2mCustomerForm Component[2m > [22m[2mform submission[2m > [22m[2mshould submit valid form data
[22m[39mWarning: An update to CustomerForm inside a test was not wrapped in act(...).

When testing, code that causes React state updates should be wrapped into act(...):

act(() => {
  /* fire events that update state */
});
/* assert on the output */

This ensures that you're testing the behavior the user would see in the browser. Learn more at https://reactjs.org/link/wrap-tests-with-act
    at CustomerForm (C:/Users/Admin/graceful_books/src/components/customers/CustomerForm.tsx:57:3)
Warning: An update to CustomerForm inside a test was not wrapped in act(...).

When testing, code that causes React state updates should be wrapped into act(...):

act(() => {
  /* fire events that update state */
});
/* assert on the output */

This ensures that you're testing the behavior the user would see in the browser. Learn more at https://reactjs.org/link/wrap-tests-with-act
    at CustomerForm (C:/Users/Admin/graceful_books/src/components/customers/CustomerForm.tsx:57:3)
Warning: An update to CustomerForm inside a test was not wrapped in act(...).

When testing, code that causes React state updates should be wrapped into act(...):

act(() => {
  /* fire events that update state */
});
/* assert on the output */

This ensures that you're testing the behavior the user would see in the browser. Learn more at https://reactjs.org/link/wrap-tests-with-act
    at CustomerForm (C:/Users/Admin/graceful_books/src/components/customers/CustomerForm.tsx:57:3)

[90mstderr[2m | src/components/customers/CustomerForm.test.tsx[2m > [22m[2mCustomerForm Component[2m > [22m[2mform submission[2m > [22m[2mshould submit valid form data
[22m[39mWarning: An update to CustomerForm inside a test was not wrapped in act(...).

When testing, code that causes React state updates should be wrapped into act(...):

act(() => {
  /* fire events that update state */
});
/* assert on the output */

This ensures that you're testing the behavior the user would see in the browser. Learn more at https://reactjs.org/link/wrap-tests-with-act
    at CustomerForm (C:/Users/Admin/graceful_books/src/components/customers/CustomerForm.tsx:57:3)
Warning: An update to CustomerForm inside a test was not wrapped in act(...).

When testing, code that causes React state updates should be wrapped into act(...):

act(() => {
  /* fire events that update state */
});
/* assert on the output */

This ensures that you're testing the behavior the user would see in the browser. Learn more at https://reactjs.org/link/wrap-tests-with-act
    at CustomerForm (C:/Users/Admin/graceful_books/src/components/customers/CustomerForm.tsx:57:3)
Warning: An update to CustomerForm inside a test was not wrapped in act(...).

When testing, code that causes React state updates should be wrapped into act(...):

act(() => {
  /* fire events that update state */
});
/* assert on the output */

This ensures that you're testing the behavior the user would see in the browser. Learn more at https://reactjs.org/link/wrap-tests-with-act
    at CustomerForm (C:/Users/Admin/graceful_books/src/components/customers/CustomerForm.tsx:57:3)

[90mstderr[2m | src/components/customers/CustomerForm.test.tsx[2m > [22m[2mCustomerForm Component[2m > [22m[2mform submission[2m > [22m[2mshould submit valid form data
[22m[39mWarning: An update to CustomerForm inside a test was not wrapped in act(...).

When testing, code that causes React state updates should be wrapped into act(...):

act(() => {
  /* fire events that update state */
});
/* assert on the output */

This ensures that you're testing the behavior the user would see in the browser. Learn more at https://reactjs.org/link/wrap-tests-with-act
    at CustomerForm (C:/Users/Admin/graceful_books/src/components/customers/CustomerForm.tsx:57:3)
Warning: An update to CustomerForm inside a test was not wrapped in act(...).

When testing, code that causes React state updates should be wrapped into act(...):

act(() => {
  /* fire events that update state */
});
/* assert on the output */

This ensures that you're testing the behavior the user would see in the browser. Learn more at https://reactjs.org/link/wrap-tests-with-act
    at CustomerForm (C:/Users/Admin/graceful_books/src/components/customers/CustomerForm.tsx:57:3)
Warning: An update to CustomerForm inside a test was not wrapped in act(...).

When testing, code that causes React state updates should be wrapped into act(...):

act(() => {
  /* fire events that update state */
});
/* assert on the output */

This ensures that you're testing the behavior the user would see in the browser. Learn more at https://reactjs.org/link/wrap-tests-with-act
    at CustomerForm (C:/Users/Admin/graceful_books/src/components/customers/CustomerForm.tsx:57:3)

[90mstderr[2m | src/components/customers/CustomerForm.test.tsx[2m > [22m[2mCustomerForm Component[2m > [22m[2mform submission[2m > [22m[2mshould submit valid form data
[22m[39mWarning: An update to CustomerForm inside a test was not wrapped in act(...).

When testing, code that causes React state updates should be wrapped into act(...):

act(() => {
  /* fire events that update state */
});
/* assert on the output */

This ensures that you're testing the behavior the user would see in the browser. Learn more at https://reactjs.org/link/wrap-tests-with-act
    at CustomerForm (C:/Users/Admin/graceful_books/src/components/customers/CustomerForm.tsx:57:3)
Warning: An update to CustomerForm inside a test was not wrapped in act(...).

When testing, code that causes React state updates should be wrapped into act(...):

act(() => {
  /* fire events that update state */
});
/* assert on the output */

This ensures that you're testing the behavior the user would see in the browser. Learn more at https://reactjs.org/link/wrap-tests-with-act
    at CustomerForm (C:/Users/Admin/graceful_books/src/components/customers/CustomerForm.tsx:57:3)
Warning: An update to CustomerForm inside a test was not wrapped in act(...).

When testing, code that causes React state updates should be wrapped into act(...):

act(() => {
  /* fire events that update state */
});
/* assert on the output */

This ensures that you're testing the behavior the user would see in the browser. Learn more at https://reactjs.org/link/wrap-tests-with-act
    at CustomerForm (C:/Users/Admin/graceful_books/src/components/customers/CustomerForm.tsx:57:3)

[90mstderr[2m | src/components/customers/CustomerForm.test.tsx[2m > [22m[2mCustomerForm Component[2m > [22m[2mform submission[2m > [22m[2mshould submit valid form data
[22m[39mWarning: An update to CustomerForm inside a test was not wrapped in act(...).

When testing, code that causes React state updates should be wrapped into act(...):

act(() => {
  /* fire events that update state */
});
/* assert on the output */

This ensures that you're testing the behavior the user would see in the browser. Learn more at https://reactjs.org/link/wrap-tests-with-act
    at CustomerForm (C:/Users/Admin/graceful_books/src/components/customers/CustomerForm.tsx:57:3)
Warning: An update to CustomerForm inside a test was not wrapped in act(...).

When testing, code that causes React state updates should be wrapped into act(...):

act(() => {
  /* fire events that update state */
});
/* assert on the output */

This ensures that you're testing the behavior the user would see in the browser. Learn more at https://reactjs.org/link/wrap-tests-with-act
    at CustomerForm (C:/Users/Admin/graceful_books/src/components/customers/CustomerForm.tsx:57:3)
Warning: An update to CustomerForm inside a test was not wrapped in act(...).

When testing, code that causes React state updates should be wrapped into act(...):

act(() => {
  /* fire events that update state */
});
/* assert on the output */

This ensures that you're testing the behavior the user would see in the browser. Learn more at https://reactjs.org/link/wrap-tests-with-act
    at CustomerForm (C:/Users/Admin/graceful_books/src/components/customers/CustomerForm.tsx:57:3)

[90mstderr[2m | src/components/customers/CustomerForm.test.tsx[2m > [22m[2mCustomerForm Component[2m > [22m[2mform submission[2m > [22m[2mshould submit valid form data
[22m[39mWarning: An update to CustomerForm inside a test was not wrapped in act(...).

When testing, code that causes React state updates should be wrapped into act(...):

act(() => {
  /* fire events that update state */
});
/* assert on the output */

This ensures that you're testing the behavior the user would see in the browser. Learn more at https://reactjs.org/link/wrap-tests-with-act
    at CustomerForm (C:/Users/Admin/graceful_books/src/components/customers/CustomerForm.tsx:57:3)
Warning: An update to CustomerForm inside a test was not wrapped in act(...).

When testing, code that causes React state updates should be wrapped into act(...):

act(() => {
  /* fire events that update state */
});
/* assert on the output */

This ensures that you're testing the behavior the user would see in the browser. Learn more at https://reactjs.org/link/wrap-tests-with-act
    at CustomerForm (C:/Users/Admin/graceful_books/src/components/customers/CustomerForm.tsx:57:3)
Warning: An update to CustomerForm inside a test was not wrapped in act(...).

When testing, code that causes React state updates should be wrapped into act(...):

act(() => {
  /* fire events that update state */
});
/* assert on the output */

This ensures that you're testing the behavior the user would see in the browser. Learn more at https://reactjs.org/link/wrap-tests-with-act
    at CustomerForm (C:/Users/Admin/graceful_books/src/components/customers/CustomerForm.tsx:57:3)

[90mstderr[2m | src/components/customers/CustomerForm.test.tsx[2m > [22m[2mCustomerForm Component[2m > [22m[2mform submission[2m > [22m[2mshould submit valid form data
[22m[39mWarning: An update to CustomerForm inside a test was not wrapped in act(...).

When testing, code that causes React state updates should be wrapped into act(...):

act(() => {
  /* fire events that update state */
});
/* assert on the output */

This ensures that you're testing the behavior the user would see in the browser. Learn more at https://reactjs.org/link/wrap-tests-with-act
    at CustomerForm (C:/Users/Admin/graceful_books/src/components/customers/CustomerForm.tsx:57:3)
Warning: An update to CustomerForm inside a test was not wrapped in act(...).

When testing, code that causes React state updates should be wrapped into act(...):

act(() => {
  /* fire events that update state */
});
/* assert on the output */

This ensures that you're testing the behavior the user would see in the browser. Learn more at https://reactjs.org/link/wrap-tests-with-act
    at CustomerForm (C:/Users/Admin/graceful_books/src/components/customers/CustomerForm.tsx:57:3)
Warning: An update to CustomerForm inside a test was not wrapped in act(...).

When testing, code that causes React state updates should be wrapped into act(...):

act(() => {
  /* fire events that update state */
});
/* assert on the output */

This ensures that you're testing the behavior the user would see in the browser. Learn more at https://reactjs.org/link/wrap-tests-with-act
    at CustomerForm (C:/Users/Admin/graceful_books/src/components/customers/CustomerForm.tsx:57:3)

[90mstderr[2m | src/components/customers/CustomerForm.test.tsx[2m > [22m[2mCustomerForm Component[2m > [22m[2mform submission[2m > [22m[2mshould submit valid form data
[22m[39mWarning: An update to CustomerForm inside a test was not wrapped in act(...).

When testing, code that causes React state updates should be wrapped into act(...):

act(() => {
  /* fire events that update state */
});
/* assert on the output */

This ensures that you're testing the behavior the user would see in the browser. Learn more at https://reactjs.org/link/wrap-tests-with-act
    at CustomerForm (C:/Users/Admin/graceful_books/src/components/customers/CustomerForm.tsx:57:3)
Warning: An update to CustomerForm inside a test was not wrapped in act(...).

When testing, code that causes React state updates should be wrapped into act(...):

act(() => {
  /* fire events that update state */
});
/* assert on the output */

This ensures that you're testing the behavior the user would see in the browser. Learn more at https://reactjs.org/link/wrap-tests-with-act
    at CustomerForm (C:/Users/Admin/graceful_books/src/components/customers/CustomerForm.tsx:57:3)
Warning: An update to CustomerForm inside a test was not wrapped in act(...).

When testing, code that causes React state updates should be wrapped into act(...):

act(() => {
  /* fire events that update state */
});
/* assert on the output */

This ensures that you're testing the behavior the user would see in the browser. Learn more at https://reactjs.org/link/wrap-tests-with-act
    at CustomerForm (C:/Users/Admin/graceful_books/src/components/customers/CustomerForm.tsx:57:3)

[90mstderr[2m | src/components/customers/CustomerForm.test.tsx[2m > [22m[2mCustomerForm Component[2m > [22m[2mform submission[2m > [22m[2mshould submit valid form data
[22m[39mWarning: An update to Input inside a test was not wrapped in act(...).

When testing, code that causes React state updates should be wrapped into act(...):

act(() => {
  /* fire events that update state */
});
/* assert on the output */

This ensures that you're testing the behavior the user would see in the browser. Learn more at https://reactjs.org/link/wrap-tests-with-act
    at C:/Users/Admin/graceful_books/src/components/forms/Input.tsx:8:5
    at div
    at form
    at CustomerForm (C:/Users/Admin/graceful_books/src/components/customers/CustomerForm.tsx:57:3)
Warning: An update to CustomerForm inside a test was not wrapped in act(...).

When testing, code that causes React state updates should be wrapped into act(...):

act(() => {
  /* fire events that update state */
});
/* assert on the output */

This ensures that you're testing the behavior the user would see in the browser. Learn more at https://reactjs.org/link/wrap-tests-with-act
    at CustomerForm (C:/Users/Admin/graceful_books/src/components/customers/CustomerForm.tsx:57:3)
Warning: An update to CustomerForm inside a test was not wrapped in act(...).

When testing, code that causes React state updates should be wrapped into act(...):

act(() => {
  /* fire events that update state */
});
/* assert on the output */

This ensures that you're testing the behavior the user would see in the browser. Learn more at https://reactjs.org/link/wrap-tests-with-act
    at CustomerForm (C:/Users/Admin/graceful_books/src/components/customers/CustomerForm.tsx:57:3)
Warning: An update to CustomerForm inside a test was not wrapped in act(...).

When testing, code that causes React state updates should be wrapped into act(...):

act(() => {
  /* fire events that update state */
});
/* assert on the output */

This ensures that you're testing the behavior the user would see in the browser. Learn more at https://reactjs.org/link/wrap-tests-with-act
    at CustomerForm (C:/Users/Admin/graceful_books/src/components/customers/CustomerForm.tsx:57:3)

[90mstderr[2m | src/components/customers/CustomerForm.test.tsx[2m > [22m[2mCustomerForm Component[2m > [22m[2mform submission[2m > [22m[2mshould submit valid form data
[22m[39mWarning: An update to Input inside a test was not wrapped in act(...).

When testing, code that causes React state updates should be wrapped into act(...):

act(() => {
  /* fire events that update state */
});
/* assert on the output */

This ensures that you're testing the behavior the user would see in the browser. Learn more at https://reactjs.org/link/wrap-tests-with-act
    at C:/Users/Admin/graceful_books/src/components/forms/Input.tsx:8:5
    at div
    at form
    at CustomerForm (C:/Users/Admin/graceful_books/src/components/customers/CustomerForm.tsx:57:3)
Warning: An update to CustomerForm inside a test was not wrapped in act(...).

When testing, code that causes React state updates should be wrapped into act(...):

act(() => {
  /* fire events that update state */
});
/* assert on the output */

This ensures that you're testing the behavior the user would see in the browser. Learn more at https://reactjs.org/link/wrap-tests-with-act
    at CustomerForm (C:/Users/Admin/graceful_books/src/components/customers/CustomerForm.tsx:57:3)
Warning: An update to CustomerForm inside a test was not wrapped in act(...).

When testing, code that causes React state updates should be wrapped into act(...):

act(() => {
  /* fire events that update state */
});
/* assert on the output */

This ensures that you're testing the behavior the user would see in the browser. Learn more at https://reactjs.org/link/wrap-tests-with-act
    at CustomerForm (C:/Users/Admin/graceful_books/src/components/customers/CustomerForm.tsx:57:3)
Warning: An update to CustomerForm inside a test was not wrapped in act(...).

When testing, code that causes React state updates should be wrapped into act(...):

act(() => {
  /* fire events that update state */
});
/* assert on the output */

This ensures that you're testing the behavior the user would see in the browser. Learn more at https://reactjs.org/link/wrap-tests-with-act
    at CustomerForm (C:/Users/Admin/graceful_books/src/components/customers/CustomerForm.tsx:57:3)

[90mstderr[2m | src/components/customers/CustomerForm.test.tsx[2m > [22m[2mCustomerForm Component[2m > [22m[2mform submission[2m > [22m[2mshould submit valid form data
[22m[39mWarning: An update to Input inside a test was not wrapped in act(...).

When testing, code that causes React state updates should be wrapped into act(...):

act(() => {
  /* fire events that update state */
});
/* assert on the output */

This ensures that you're testing the behavior the user would see in the browser. Learn more at https://reactjs.org/link/wrap-tests-with-act
    at C:/Users/Admin/graceful_books/src/components/forms/Input.tsx:8:5
    at div
    at form
    at CustomerForm (C:/Users/Admin/graceful_books/src/components/customers/CustomerForm.tsx:57:3)
Warning: An update to CustomerForm inside a test was not wrapped in act(...).

When testing, code that causes React state updates should be wrapped into act(...):

act(() => {
  /* fire events that update state */
});
/* assert on the output */

This ensures that you're testing the behavior the user would see in the browser. Learn more at https://reactjs.org/link/wrap-tests-with-act
    at CustomerForm (C:/Users/Admin/graceful_books/src/components/customers/CustomerForm.tsx:57:3)
Warning: An update to CustomerForm inside a test was not wrapped in act(...).

When testing, code that causes React state updates should be wrapped into act(...):

act(() => {
  /* fire events that update state */
});
/* assert on the output */

This ensures that you're testing the behavior the user would see in the browser. Learn more at https://reactjs.org/link/wrap-tests-with-act
    at CustomerForm (C:/Users/Admin/graceful_books/src/components/customers/CustomerForm.tsx:57:3)
Warning: An update to CustomerForm inside a test was not wrapped in act(...).

When testing, code that causes React state updates should be wrapped into act(...):

act(() => {
  /* fire events that update state */
});
/* assert on the output */

This ensures that you're testing the behavior the user would see in the browser. Learn more at https://reactjs.org/link/wrap-tests-with-act
    at CustomerForm (C:/Users/Admin/graceful_books/src/components/customers/CustomerForm.tsx:57:3)

[90mstderr[2m | src/components/customers/CustomerForm.test.tsx[2m > [22m[2mCustomerForm Component[2m > [22m[2mform submission[2m > [22m[2mshould submit valid form data
[22m[39mWarning: An update to Input inside a test was not wrapped in act(...).

When testing, code that causes React state updates should be wrapped into act(...):

act(() => {
  /* fire events that update state */
});
/* assert on the output */

This ensures that you're testing the behavior the user would see in the browser. Learn more at https://reactjs.org/link/wrap-tests-with-act
    at C:/Users/Admin/graceful_books/src/components/forms/Input.tsx:8:5
    at div
    at form
    at CustomerForm (C:/Users/Admin/graceful_books/src/components/customers/CustomerForm.tsx:57:3)
Warning: An update to CustomerForm inside a test was not wrapped in act(...).

When testing, code that causes React state updates should be wrapped into act(...):

act(() => {
  /* fire events that update state */
});
/* assert on the output */

This ensures that you're testing the behavior the user would see in the browser. Learn more at https://reactjs.org/link/wrap-tests-with-act
    at CustomerForm (C:/Users/Admin/graceful_books/src/components/customers/CustomerForm.tsx:57:3)
Warning: An update to CustomerForm inside a test was not wrapped in act(...).

When testing, code that causes React state updates should be wrapped into act(...):

act(() => {
  /* fire events that update state */
});
/* assert on the output */

This ensures that you're testing the behavior the user would see in the browser. Learn more at https://reactjs.org/link/wrap-tests-with-act
    at CustomerForm (C:/Users/Admin/graceful_books/src/components/customers/CustomerForm.tsx:57:3)
Warning: An update to CustomerForm inside a test was not wrapped in act(...).

When testing, code that causes React state updates should be wrapped into act(...):

act(() => {
  /* fire events that update state */
});
/* assert on the output */

This ensures that you're testing the behavior the user would see in the browser. Learn more at https://reactjs.org/link/wrap-tests-with-act
    at CustomerForm (C:/Users/Admin/graceful_books/src/components/customers/CustomerForm.tsx:57:3)

[90mstderr[2m | src/components/customers/CustomerForm.test.tsx[2m > [22m[2mCustomerForm Component[2m > [22m[2mform submission[2m > [22m[2mshould submit valid form data
[22m[39mWarning: An update to Input inside a test was not wrapped in act(...).

When testing, code that causes React state updates should be wrapped into act(...):

act(() => {
  /* fire events that update state */
});
/* assert on the output */

This ensures that you're testing the behavior the user would see in the browser. Learn more at https://reactjs.org/link/wrap-tests-with-act
    at C:/Users/Admin/graceful_books/src/components/forms/Input.tsx:8:5
    at div
    at form
    at CustomerForm (C:/Users/Admin/graceful_books/src/components/customers/CustomerForm.tsx:57:3)
Warning: An update to CustomerForm inside a test was not wrapped in act(...).

When testing, code that causes React state updates should be wrapped into act(...):

act(() => {
  /* fire events that update state */
});
/* assert on the output */

This ensures that you're testing the behavior the user would see in the browser. Learn more at https://reactjs.org/link/wrap-tests-with-act
    at CustomerForm (C:/Users/Admin/graceful_books/src/components/customers/CustomerForm.tsx:57:3)
Warning: An update to CustomerForm inside a test was not wrapped in act(...).

When testing, code that causes React state updates should be wrapped into act(...):

act(() => {
  /* fire events that update state */
});
/* assert on the output */

This ensures that you're testing the behavior the user would see in the browser. Learn more at https://reactjs.org/link/wrap-tests-with-act
    at CustomerForm (C:/Users/Admin/graceful_books/src/components/customers/CustomerForm.tsx:57:3)
Warning: An update to CustomerForm inside a test was not wrapped in act(...).

When testing, code that causes React state updates should be wrapped into act(...):

act(() => {
  /* fire events that update state */
});
/* assert on the output */

This ensures that you're testing the behavior the user would see in the browser. Learn more at https://reactjs.org/link/wrap-tests-with-act
    at CustomerForm (C:/Users/Admin/graceful_books/src/components/customers/CustomerForm.tsx:57:3)

[90mstderr[2m | src/components/customers/CustomerForm.test.tsx[2m > [22m[2mCustomerForm Component[2m > [22m[2mform submission[2m > [22m[2mshould submit valid form data
[22m[39mWarning: An update to Input inside a test was not wrapped in act(...).

When testing, code that causes React state updates should be wrapped into act(...):

act(() => {
  /* fire events that update state */
});
/* assert on the output */

This ensures that you're testing the behavior the user would see in the browser. Learn more at https://reactjs.org/link/wrap-tests-with-act
    at C:/Users/Admin/graceful_books/src/components/forms/Input.tsx:8:5
    at div
    at form
    at CustomerForm (C:/Users/Admin/graceful_books/src/components/customers/CustomerForm.tsx:57:3)
Warning: An update to CustomerForm inside a test was not wrapped in act(...).

When testing, code that causes React state updates should be wrapped into act(...):

act(() => {
  /* fire events that update state */
});
/* assert on the output */

This ensures that you're testing the behavior the user would see in the browser. Learn more at https://reactjs.org/link/wrap-tests-with-act
    at CustomerForm (C:/Users/Admin/graceful_books/src/components/customers/CustomerForm.tsx:57:3)
Warning: An update to CustomerForm inside a test was not wrapped in act(...).

When testing, code that causes React state updates should be wrapped into act(...):

act(() => {
  /* fire events that update state */
});
/* assert on the output */

This ensures that you're testing the behavior the user would see in the browser. Learn more at https://reactjs.org/link/wrap-tests-with-act
    at CustomerForm (C:/Users/Admin/graceful_books/src/components/customers/CustomerForm.tsx:57:3)
Warning: An update to CustomerForm inside a test was not wrapped in act(...).

When testing, code that causes React state updates should be wrapped into act(...):

act(() => {
  /* fire events that update state */
});
/* assert on the output */

This ensures that you're testing the behavior the user would see in the browser. Learn more at https://reactjs.org/link/wrap-tests-with-act
    at CustomerForm (C:/Users/Admin/graceful_books/src/components/customers/CustomerForm.tsx:57:3)

[90mstderr[2m | src/components/customers/CustomerForm.test.tsx[2m > [22m[2mCustomerForm Component[2m > [22m[2mform submission[2m > [22m[2mshould submit valid form data
[22m[39mWarning: An update to Input inside a test was not wrapped in act(...).

When testing, code that causes React state updates should be wrapped into act(...):

act(() => {
  /* fire events that update state */
});
/* assert on the output */

This ensures that you're testing the behavior the user would see in the browser. Learn more at https://reactjs.org/link/wrap-tests-with-act
    at C:/Users/Admin/graceful_books/src/components/forms/Input.tsx:8:5
    at div
    at form
    at CustomerForm (C:/Users/Admin/graceful_books/src/components/customers/CustomerForm.tsx:57:3)
Warning: An update to CustomerForm inside a test was not wrapped in act(...).

When testing, code that causes React state updates should be wrapped into act(...):

act(() => {
  /* fire events that update state */
});
/* assert on the output */

This ensures that you're testing the behavior the user would see in the browser. Learn more at https://reactjs.org/link/wrap-tests-with-act
    at CustomerForm (C:/Users/Admin/graceful_books/src/components/customers/CustomerForm.tsx:57:3)
Warning: An update to CustomerForm inside a test was not wrapped in act(...).

When testing, code that causes React state updates should be wrapped into act(...):

act(() => {
  /* fire events that update state */
});
/* assert on the output */

This ensures that you're testing the behavior the user would see in the browser. Learn more at https://reactjs.org/link/wrap-tests-with-act
    at CustomerForm (C:/Users/Admin/graceful_books/src/components/customers/CustomerForm.tsx:57:3)
Warning: An update to CustomerForm inside a test was not wrapped in act(...).

When testing, code that causes React state updates should be wrapped into act(...):

act(() => {
  /* fire events that update state */
});
/* assert on the output */

This ensures that you're testing the behavior the user would see in the browser. Learn more at https://reactjs.org/link/wrap-tests-with-act
    at CustomerForm (C:/Users/Admin/graceful_books/src/components/customers/CustomerForm.tsx:57:3)

[90mstderr[2m | src/components/customers/CustomerForm.test.tsx[2m > [22m[2mCustomerForm Component[2m > [22m[2mform submission[2m > [22m[2mshould submit valid form data
[22m[39mWarning: An update to Input inside a test was not wrapped in act(...).

When testing, code that causes React state updates should be wrapped into act(...):

act(() => {
  /* fire events that update state */
});
/* assert on the output */

This ensures that you're testing the behavior the user would see in the browser. Learn more at https://reactjs.org/link/wrap-tests-with-act
    at C:/Users/Admin/graceful_books/src/components/forms/Input.tsx:8:5
    at div
    at form
    at CustomerForm (C:/Users/Admin/graceful_books/src/components/customers/CustomerForm.tsx:57:3)
Warning: An update to CustomerForm inside a test was not wrapped in act(...).

When testing, code that causes React state updates should be wrapped into act(...):

act(() => {
  /* fire events that update state */
});
/* assert on the output */

This ensures that you're testing the behavior the user would see in the browser. Learn more at https://reactjs.org/link/wrap-tests-with-act
    at CustomerForm (C:/Users/Admin/graceful_books/src/components/customers/CustomerForm.tsx:57:3)
Warning: An update to CustomerForm inside a test was not wrapped in act(...).

When testing, code that causes React state updates should be wrapped into act(...):

act(() => {
  /* fire events that update state */
});
/* assert on the output */

This ensures that you're testing the behavior the user would see in the browser. Learn more at https://reactjs.org/link/wrap-tests-with-act
    at CustomerForm (C:/Users/Admin/graceful_books/src/components/customers/CustomerForm.tsx:57:3)
Warning: An update to CustomerForm inside a test was not wrapped in act(...).

When testing, code that causes React state updates should be wrapped into act(...):

act(() => {
  /* fire events that update state */
});
/* assert on the output */

This ensures that you're testing the behavior the user would see in the browser. Learn more at https://reactjs.org/link/wrap-tests-with-act
    at CustomerForm (C:/Users/Admin/graceful_books/src/components/customers/CustomerForm.tsx:57:3)

[90mstderr[2m | src/components/customers/CustomerForm.test.tsx[2m > [22m[2mCustomerForm Component[2m > [22m[2mform submission[2m > [22m[2mshould submit valid form data
[22m[39mWarning: An update to Input inside a test was not wrapped in act(...).

When testing, code that causes React state updates should be wrapped into act(...):

act(() => {
  /* fire events that update state */
});
/* assert on the output */

This ensures that you're testing the behavior the user would see in the browser. Learn more at https://reactjs.org/link/wrap-tests-with-act
    at C:/Users/Admin/graceful_books/src/components/forms/Input.tsx:8:5
    at div
    at form
    at CustomerForm (C:/Users/Admin/graceful_books/src/components/customers/CustomerForm.tsx:57:3)
Warning: An update to CustomerForm inside a test was not wrapped in act(...).

When testing, code that causes React state updates should be wrapped into act(...):

act(() => {
  /* fire events that update state */
});
/* assert on the output */

This ensures that you're testing the behavior the user would see in the browser. Learn more at https://reactjs.org/link/wrap-tests-with-act
    at CustomerForm (C:/Users/Admin/graceful_books/src/components/customers/CustomerForm.tsx:57:3)
Warning: An update to CustomerForm inside a test was not wrapped in act(...).

When testing, code that causes React state updates should be wrapped into act(...):

act(() => {
  /* fire events that update state */
});
/* assert on the output */

This ensures that you're testing the behavior the user would see in the browser. Learn more at https://reactjs.org/link/wrap-tests-with-act
    at CustomerForm (C:/Users/Admin/graceful_books/src/components/customers/CustomerForm.tsx:57:3)
Warning: An update to CustomerForm inside a test was not wrapped in act(...).

When testing, code that causes React state updates should be wrapped into act(...):

act(() => {
  /* fire events that update state */
});
/* assert on the output */

This ensures that you're testing the behavior the user would see in the browser. Learn more at https://reactjs.org/link/wrap-tests-with-act
    at CustomerForm (C:/Users/Admin/graceful_books/src/components/customers/CustomerForm.tsx:57:3)

[90mstderr[2m | src/components/customers/CustomerForm.test.tsx[2m > [22m[2mCustomerForm Component[2m > [22m[2mform submission[2m > [22m[2mshould submit valid form data
[22m[39mWarning: An update to Input inside a test was not wrapped in act(...).

When testing, code that causes React state updates should be wrapped into act(...):

act(() => {
  /* fire events that update state */
});
/* assert on the output */

This ensures that you're testing the behavior the user would see in the browser. Learn more at https://reactjs.org/link/wrap-tests-with-act
    at C:/Users/Admin/graceful_books/src/components/forms/Input.tsx:8:5
    at div
    at form
    at CustomerForm (C:/Users/Admin/graceful_books/src/components/customers/CustomerForm.tsx:57:3)
Warning: An update to CustomerForm inside a test was not wrapped in act(...).

When testing, code that causes React state updates should be wrapped into act(...):

act(() => {
  /* fire events that update state */
});
/* assert on the output */

This ensures that you're testing the behavior the user would see in the browser. Learn more at https://reactjs.org/link/wrap-tests-with-act
    at CustomerForm (C:/Users/Admin/graceful_books/src/components/customers/CustomerForm.tsx:57:3)
Warning: An update to CustomerForm inside a test was not wrapped in act(...).

When testing, code that causes React state updates should be wrapped into act(...):

act(() => {
  /* fire events that update state */
});
/* assert on the output */

This ensures that you're testing the behavior the user would see in the browser. Learn more at https://reactjs.org/link/wrap-tests-with-act
    at CustomerForm (C:/Users/Admin/graceful_books/src/components/customers/CustomerForm.tsx:57:3)
Warning: An update to CustomerForm inside a test was not wrapped in act(...).

When testing, code that causes React state updates should be wrapped into act(...):

act(() => {
  /* fire events that update state */
});
/* assert on the output */

This ensures that you're testing the behavior the user would see in the browser. Learn more at https://reactjs.org/link/wrap-tests-with-act
    at CustomerForm (C:/Users/Admin/graceful_books/src/components/customers/CustomerForm.tsx:57:3)

[90mstderr[2m | src/components/customers/CustomerForm.test.tsx[2m > [22m[2mCustomerForm Component[2m > [22m[2mform submission[2m > [22m[2mshould submit valid form data
[22m[39mWarning: An update to CustomerForm inside a test was not wrapped in act(...).

When testing, code that causes React state updates should be wrapped into act(...):

act(() => {
  /* fire events that update state */
});
/* assert on the output */

This ensures that you're testing the behavior the user would see in the browser. Learn more at https://reactjs.org/link/wrap-tests-with-act
    at CustomerForm (C:/Users/Admin/graceful_books/src/components/customers/CustomerForm.tsx:57:3)
Warning: An update to CustomerForm inside a test was not wrapped in act(...).

When testing, code that causes React state updates should be wrapped into act(...):

act(() => {
  /* fire events that update state */
});
/* assert on the output */

This ensures that you're testing the behavior the user would see in the browser. Learn more at https://reactjs.org/link/wrap-tests-with-act
    at CustomerForm (C:/Users/Admin/graceful_books/src/components/customers/CustomerForm.tsx:57:3)
Warning: An update to CustomerForm inside a test was not wrapped in act(...).

When testing, code that causes React state updates should be wrapped into act(...):

act(() => {
  /* fire events that update state */
});
/* assert on the output */

This ensures that you're testing the behavior the user would see in the browser. Learn more at https://reactjs.org/link/wrap-tests-with-act
    at CustomerForm (C:/Users/Admin/graceful_books/src/components/customers/CustomerForm.tsx:57:3)

[90mstderr[2m | src/components/customers/CustomerForm.test.tsx[2m > [22m[2mCustomerForm Component[2m > [22m[2mform submission[2m > [22m[2mshould submit with address data
[22m[39mWarning: An update to CustomerForm inside a test was not wrapped in act(...).

When testing, code that causes React state updates should be wrapped into act(...):

act(() => {
  /* fire events that update state */
});
/* assert on the output */

This ensures that you're testing the behavior the user would see in the browser. Learn more at https://reactjs.org/link/wrap-tests-with-act
    at CustomerForm (C:/Users/Admin/graceful_books/src/components/customers/CustomerForm.tsx:57:3)
Warning: An update to CustomerForm inside a test was not wrapped in act(...).

When testing, code that causes React state updates should be wrapped into act(...):

act(() => {
  /* fire events that update state */
});
/* assert on the output */

This ensures that you're testing the behavior the user would see in the browser. Learn more at https://reactjs.org/link/wrap-tests-with-act
    at CustomerForm (C:/Users/Admin/graceful_books/src/components/customers/CustomerForm.tsx:57:3)
Warning: An update to CustomerForm inside a test was not wrapped in act(...).

When testing, code that causes React state updates should be wrapped into act(...):

act(() => {
  /* fire events that update state */
});
/* assert on the output */

This ensures that you're testing the behavior the user would see in the browser. Learn more at https://reactjs.org/link/wrap-tests-with-act
    at CustomerForm (C:/Users/Admin/graceful_books/src/components/customers/CustomerForm.tsx:57:3)

[90mstderr[2m | src/components/customers/CustomerForm.test.tsx[2m > [22m[2mCustomerForm Component[2m > [22m[2mform submission[2m > [22m[2mshould submit with address data
[22m[39mWarning: An update to CustomerForm inside a test was not wrapped in act(...).

When testing, code that causes React state updates should be wrapped into act(...):

act(() => {
  /* fire events that update state */
});
/* assert on the output */

This ensures that you're testing the behavior the user would see in the browser. Learn more at https://reactjs.org/link/wrap-tests-with-act
    at CustomerForm (C:/Users/Admin/graceful_books/src/components/customers/CustomerForm.tsx:57:3)
Warning: An update to CustomerForm inside a test was not wrapped in act(...).

When testing, code that causes React state updates should be wrapped into act(...):

act(() => {
  /* fire events that update state */
});
/* assert on the output */

This ensures that you're testing the behavior the user would see in the browser. Learn more at https://reactjs.org/link/wrap-tests-with-act
    at CustomerForm (C:/Users/Admin/graceful_books/src/components/customers/CustomerForm.tsx:57:3)
Warning: An update to CustomerForm inside a test was not wrapped in act(...).

When testing, code that causes React state updates should be wrapped into act(...):

act(() => {
  /* fire events that update state */
});
/* assert on the output */

This ensures that you're testing the behavior the user would see in the browser. Learn more at https://reactjs.org/link/wrap-tests-with-act
    at CustomerForm (C:/Users/Admin/graceful_books/src/components/customers/CustomerForm.tsx:57:3)

[90mstderr[2m | src/components/customers/CustomerForm.test.tsx[2m > [22m[2mCustomerForm Component[2m > [22m[2mform submission[2m > [22m[2mshould submit with address data
[22m[39mWarning: An update to CustomerForm inside a test was not wrapped in act(...).

When testing, code that causes React state updates should be wrapped into act(...):

act(() => {
  /* fire events that update state */
});
/* assert on the output */

This ensures that you're testing the behavior the user would see in the browser. Learn more at https://reactjs.org/link/wrap-tests-with-act
    at CustomerForm (C:/Users/Admin/graceful_books/src/components/customers/CustomerForm.tsx:57:3)
Warning: An update to CustomerForm inside a test was not wrapped in act(...).

When testing, code that causes React state updates should be wrapped into act(...):

act(() => {
  /* fire events that update state */
});
/* assert on the output */

This ensures that you're testing the behavior the user would see in the browser. Learn more at https://reactjs.org/link/wrap-tests-with-act
    at CustomerForm (C:/Users/Admin/graceful_books/src/components/customers/CustomerForm.tsx:57:3)
Warning: An update to CustomerForm inside a test was not wrapped in act(...).

When testing, code that causes React state updates should be wrapped into act(...):

act(() => {
  /* fire events that update state */
});
/* assert on the output */

This ensures that you're testing the behavior the user would see in the browser. Learn more at https://reactjs.org/link/wrap-tests-with-act
    at CustomerForm (C:/Users/Admin/graceful_books/src/components/customers/CustomerForm.tsx:57:3)

[90mstderr[2m | src/components/customers/CustomerForm.test.tsx[2m > [22m[2mCustomerForm Component[2m > [22m[2mform submission[2m > [22m[2mshould submit with address data
[22m[39mWarning: An update to CustomerForm inside a test was not wrapped in act(...).

When testing, code that causes React state updates should be wrapped into act(...):

act(() => {
  /* fire events that update state */
});
/* assert on the output */

This ensures that you're testing the behavior the user would see in the browser. Learn more at https://reactjs.org/link/wrap-tests-with-act
    at CustomerForm (C:/Users/Admin/graceful_books/src/components/customers/CustomerForm.tsx:57:3)
Warning: An update to CustomerForm inside a test was not wrapped in act(...).

When testing, code that causes React state updates should be wrapped into act(...):

act(() => {
  /* fire events that update state */
});
/* assert on the output */

This ensures that you're testing the behavior the user would see in the browser. Learn more at https://reactjs.org/link/wrap-tests-with-act
    at CustomerForm (C:/Users/Admin/graceful_books/src/components/customers/CustomerForm.tsx:57:3)
Warning: An update to CustomerForm inside a test was not wrapped in act(...).

When testing, code that causes React state updates should be wrapped into act(...):

act(() => {
  /* fire events that update state */
});
/* assert on the output */

This ensures that you're testing the behavior the user would see in the browser. Learn more at https://reactjs.org/link/wrap-tests-with-act
    at CustomerForm (C:/Users/Admin/graceful_books/src/components/customers/CustomerForm.tsx:57:3)

[90mstderr[2m | src/components/customers/CustomerForm.test.tsx[2m > [22m[2mCustomerForm Component[2m > [22m[2mform submission[2m > [22m[2mshould submit with address data
[22m[39mWarning: An update to CustomerForm inside a test was not wrapped in act(...).

When testing, code that causes React state updates should be wrapped into act(...):

act(() => {
  /* fire events that update state */
});
/* assert on the output */

This ensures that you're testing the behavior the user would see in the browser. Learn more at https://reactjs.org/link/wrap-tests-with-act
    at CustomerForm (C:/Users/Admin/graceful_books/src/components/customers/CustomerForm.tsx:57:3)
Warning: An update to CustomerForm inside a test was not wrapped in act(...).

When testing, code that causes React state updates should be wrapped into act(...):

act(() => {
  /* fire events that update state */
});
/* assert on the output */

This ensures that you're testing the behavior the user would see in the browser. Learn more at https://reactjs.org/link/wrap-tests-with-act
    at CustomerForm (C:/Users/Admin/graceful_books/src/components/customers/CustomerForm.tsx:57:3)
Warning: An update to CustomerForm inside a test was not wrapped in act(...).

When testing, code that causes React state updates should be wrapped into act(...):

act(() => {
  /* fire events that update state */
});
/* assert on the output */

This ensures that you're testing the behavior the user would see in the browser. Learn more at https://reactjs.org/link/wrap-tests-with-act
    at CustomerForm (C:/Users/Admin/graceful_books/src/components/customers/CustomerForm.tsx:57:3)

[90mstderr[2m | src/components/customers/CustomerForm.test.tsx[2m > [22m[2mCustomerForm Component[2m > [22m[2mform submission[2m > [22m[2mshould submit with address data
[22m[39mWarning: An update to CustomerForm inside a test was not wrapped in act(...).

When testing, code that causes React state updates should be wrapped into act(...):

act(() => {
  /* fire events that update state */
});
/* assert on the output */

This ensures that you're testing the behavior the user would see in the browser. Learn more at https://reactjs.org/link/wrap-tests-with-act
    at CustomerForm (C:/Users/Admin/graceful_books/src/components/customers/CustomerForm.tsx:57:3)
Warning: An update to CustomerForm inside a test was not wrapped in act(...).

When testing, code that causes React state updates should be wrapped into act(...):

act(() => {
  /* fire events that update state */
});
/* assert on the output */

This ensures that you're testing the behavior the user would see in the browser. Learn more at https://reactjs.org/link/wrap-tests-with-act
    at CustomerForm (C:/Users/Admin/graceful_books/src/components/customers/CustomerForm.tsx:57:3)
Warning: An update to CustomerForm inside a test was not wrapped in act(...).

When testing, code that causes React state updates should be wrapped into act(...):

act(() => {
  /* fire events that update state */
});
/* assert on the output */

This ensures that you're testing the behavior the user would see in the browser. Learn more at https://reactjs.org/link/wrap-tests-with-act
    at CustomerForm (C:/Users/Admin/graceful_books/src/components/customers/CustomerForm.tsx:57:3)

[90mstderr[2m | src/components/customers/CustomerForm.test.tsx[2m > [22m[2mCustomerForm Component[2m > [22m[2mform submission[2m > [22m[2mshould submit with address data
[22m[39mWarning: An update to CustomerForm inside a test was not wrapped in act(...).

When testing, code that causes React state updates should be wrapped into act(...):

act(() => {
  /* fire events that update state */
});
/* assert on the output */

This ensures that you're testing the behavior the user would see in the browser. Learn more at https://reactjs.org/link/wrap-tests-with-act
    at CustomerForm (C:/Users/Admin/graceful_books/src/components/customers/CustomerForm.tsx:57:3)
Warning: An update to CustomerForm inside a test was not wrapped in act(...).

When testing, code that causes React state updates should be wrapped into act(...):

act(() => {
  /* fire events that update state */
});
/* assert on the output */

This ensures that you're testing the behavior the user would see in the browser. Learn more at https://reactjs.org/link/wrap-tests-with-act
    at CustomerForm (C:/Users/Admin/graceful_books/src/components/customers/CustomerForm.tsx:57:3)
Warning: An update to CustomerForm inside a test was not wrapped in act(...).

When testing, code that causes React state updates should be wrapped into act(...):

act(() => {
  /* fire events that update state */
});
/* assert on the output */

This ensures that you're testing the behavior the user would see in the browser. Learn more at https://reactjs.org/link/wrap-tests-with-act
    at CustomerForm (C:/Users/Admin/graceful_books/src/components/customers/CustomerForm.tsx:57:3)

[90mstderr[2m | src/components/customers/CustomerForm.test.tsx[2m > [22m[2mCustomerForm Component[2m > [22m[2mform submission[2m > [22m[2mshould submit with address data
[22m[39mWarning: An update to CustomerForm inside a test was not wrapped in act(...).

When testing, code that causes React state updates should be wrapped into act(...):

act(() => {
  /* fire events that update state */
});
/* assert on the output */

This ensures that you're testing the behavior the user would see in the browser. Learn more at https://reactjs.org/link/wrap-tests-with-act
    at CustomerForm (C:/Users/Admin/graceful_books/src/components/customers/CustomerForm.tsx:57:3)
Warning: An update to CustomerForm inside a test was not wrapped in act(...).

When testing, code that causes React state updates should be wrapped into act(...):

act(() => {
  /* fire events that update state */
});
/* assert on the output */

This ensures that you're testing the behavior the user would see in the browser. Learn more at https://reactjs.org/link/wrap-tests-with-act
    at CustomerForm (C:/Users/Admin/graceful_books/src/components/customers/CustomerForm.tsx:57:3)
Warning: An update to CustomerForm inside a test was not wrapped in act(...).

When testing, code that causes React state updates should be wrapped into act(...):

act(() => {
  /* fire events that update state */
});
/* assert on the output */

This ensures that you're testing the behavior the user would see in the browser. Learn more at https://reactjs.org/link/wrap-tests-with-act
    at CustomerForm (C:/Users/Admin/graceful_books/src/components/customers/CustomerForm.tsx:57:3)

[90mstderr[2m | src/components/customers/CustomerForm.test.tsx[2m > [22m[2mCustomerForm Component[2m > [22m[2mform submission[2m > [22m[2mshould submit with address data
[22m[39mWarning: An update to CustomerForm inside a test was not wrapped in act(...).

When testing, code that causes React state updates should be wrapped into act(...):

act(() => {
  /* fire events that update state */
});
/* assert on the output */

This ensures that you're testing the behavior the user would see in the browser. Learn more at https://reactjs.org/link/wrap-tests-with-act
    at CustomerForm (C:/Users/Admin/graceful_books/src/components/customers/CustomerForm.tsx:57:3)
Warning: An update to CustomerForm inside a test was not wrapped in act(...).

When testing, code that causes React state updates should be wrapped into act(...):

act(() => {
  /* fire events that update state */
});
/* assert on the output */

This ensures that you're testing the behavior the user would see in the browser. Learn more at https://reactjs.org/link/wrap-tests-with-act
    at CustomerForm (C:/Users/Admin/graceful_books/src/components/customers/CustomerForm.tsx:57:3)
Warning: An update to CustomerForm inside a test was not wrapped in act(...).

When testing, code that causes React state updates should be wrapped into act(...):

act(() => {
  /* fire events that update state */
});
/* assert on the output */

This ensures that you're testing the behavior the user would see in the browser. Learn more at https://reactjs.org/link/wrap-tests-with-act
    at CustomerForm (C:/Users/Admin/graceful_books/src/components/customers/CustomerForm.tsx:57:3)

[90mstderr[2m | src/components/customers/CustomerForm.test.tsx[2m > [22m[2mCustomerForm Component[2m > [22m[2mform submission[2m > [22m[2mshould submit with address data
[22m[39mWarning: An update to CustomerForm inside a test was not wrapped in act(...).

When testing, code that causes React state updates should be wrapped into act(...):

act(() => {
  /* fire events that update state */
});
/* assert on the output */

This ensures that you're testing the behavior the user would see in the browser. Learn more at https://reactjs.org/link/wrap-tests-with-act
    at CustomerForm (C:/Users/Admin/graceful_books/src/components/customers/CustomerForm.tsx:57:3)
Warning: An update to CustomerForm inside a test was not wrapped in act(...).

When testing, code that causes React state updates should be wrapped into act(...):

act(() => {
  /* fire events that update state */
});
/* assert on the output */

This ensures that you're testing the behavior the user would see in the browser. Learn more at https://reactjs.org/link/wrap-tests-with-act
    at CustomerForm (C:/Users/Admin/graceful_books/src/components/customers/CustomerForm.tsx:57:3)
Warning: An update to CustomerForm inside a test was not wrapped in act(...).

When testing, code that causes React state updates should be wrapped into act(...):

act(() => {
  /* fire events that update state */
});
/* assert on the output */

This ensures that you're testing the behavior the user would see in the browser. Learn more at https://reactjs.org/link/wrap-tests-with-act
    at CustomerForm (C:/Users/Admin/graceful_books/src/components/customers/CustomerForm.tsx:57:3)

[90mstderr[2m | src/components/customers/CustomerForm.test.tsx[2m > [22m[2mCustomerForm Component[2m > [22m[2mform submission[2m > [22m[2mshould submit with address data
[22m[39mWarning: An update to CustomerForm inside a test was not wrapped in act(...).

When testing, code that causes React state updates should be wrapped into act(...):

act(() => {
  /* fire events that update state */
});
/* assert on the output */

This ensures that you're testing the behavior the user would see in the browser. Learn more at https://reactjs.org/link/wrap-tests-with-act
    at CustomerForm (C:/Users/Admin/graceful_books/src/components/customers/CustomerForm.tsx:57:3)
Warning: An update to CustomerForm inside a test was not wrapped in act(...).

When testing, code that causes React state updates should be wrapped into act(...):

act(() => {
  /* fire events that update state */
});
/* assert on the output */

This ensures that you're testing the behavior the user would see in the browser. Learn more at https://reactjs.org/link/wrap-tests-with-act
    at CustomerForm (C:/Users/Admin/graceful_books/src/components/customers/CustomerForm.tsx:57:3)
Warning: An update to CustomerForm inside a test was not wrapped in act(...).

When testing, code that causes React state updates should be wrapped into act(...):

act(() => {
  /* fire events that update state */
});
/* assert on the output */

This ensures that you're testing the behavior the user would see in the browser. Learn more at https://reactjs.org/link/wrap-tests-with-act
    at CustomerForm (C:/Users/Admin/graceful_books/src/components/customers/CustomerForm.tsx:57:3)

[90mstderr[2m | src/components/customers/CustomerForm.test.tsx[2m > [22m[2mCustomerForm Component[2m > [22m[2mform submission[2m > [22m[2mshould submit with address data
[22m[39mWarning: An update to CustomerForm inside a test was not wrapped in act(...).

When testing, code that causes React state updates should be wrapped into act(...):

act(() => {
  /* fire events that update state */
});
/* assert on the output */

This ensures that you're testing the behavior the user would see in the browser. Learn more at https://reactjs.org/link/wrap-tests-with-act
    at CustomerForm (C:/Users/Admin/graceful_books/src/components/customers/CustomerForm.tsx:57:3)
Warning: An update to CustomerForm inside a test was not wrapped in act(...).

When testing, code that causes React state updates should be wrapped into act(...):

act(() => {
  /* fire events that update state */
});
/* assert on the output */

This ensures that you're testing the behavior the user would see in the browser. Learn more at https://reactjs.org/link/wrap-tests-with-act
    at CustomerForm (C:/Users/Admin/graceful_books/src/components/customers/CustomerForm.tsx:57:3)
Warning: An update to CustomerForm inside a test was not wrapped in act(...).

When testing, code that causes React state updates should be wrapped into act(...):

act(() => {
  /* fire events that update state */
});
/* assert on the output */

This ensures that you're testing the behavior the user would see in the browser. Learn more at https://reactjs.org/link/wrap-tests-with-act
    at CustomerForm (C:/Users/Admin/graceful_books/src/components/customers/CustomerForm.tsx:57:3)

[90mstderr[2m | src/components/customers/CustomerForm.test.tsx[2m > [22m[2mCustomerForm Component[2m > [22m[2mform submission[2m > [22m[2mshould submit with address data
[22m[39mWarning: An update to CustomerForm inside a test was not wrapped in act(...).

When testing, code that causes React state updates should be wrapped into act(...):

act(() => {
  /* fire events that update state */
});
/* assert on the output */

This ensures that you're testing the behavior the user would see in the browser. Learn more at https://reactjs.org/link/wrap-tests-with-act
    at CustomerForm (C:/Users/Admin/graceful_books/src/components/customers/CustomerForm.tsx:57:3)

[90mstderr[2m | src/components/customers/CustomerForm.test.tsx[2m > [22m[2mCustomerForm Component[2m > [22m[2mform submission[2m > [22m[2mshould submit with address data
[22m[39mWarning: An update to CustomerForm inside a test was not wrapped in act(...).

When testing, code that causes React state updates should be wrapped into act(...):

act(() => {
  /* fire events that update state */
});
/* assert on the output */

This ensures that you're testing the behavior the user would see in the browser. Learn more at https://reactjs.org/link/wrap-tests-with-act
    at CustomerForm (C:/Users/Admin/graceful_books/src/components/customers/CustomerForm.tsx:57:3)
Warning: An update to CustomerForm inside a test was not wrapped in act(...).

When testing, code that causes React state updates should be wrapped into act(...):

act(() => {
  /* fire events that update state */
});
/* assert on the output */

This ensures that you're testing the behavior the user would see in the browser. Learn more at https://reactjs.org/link/wrap-tests-with-act
    at CustomerForm (C:/Users/Admin/graceful_books/src/components/customers/CustomerForm.tsx:57:3)
Warning: A component is changing an uncontrolled input to be controlled. This is likely caused by the value changing from undefined to a defined value, which should not happen. Decide between using a controlled or uncontrolled input element for the lifetime of the component. More info: https://reactjs.org/link/controlled-components
    at input
    at div
    at div
    at C:/Users/Admin/graceful_books/src/components/forms/Input.tsx:8:5
    at div
    at div
    at div
    at form
    at CustomerForm (C:/Users/Admin/graceful_books/src/components/customers/CustomerForm.tsx:57:3)
Warning: An update to CustomerForm inside a test was not wrapped in act(...).

When testing, code that causes React state updates should be wrapped into act(...):

act(() => {
  /* fire events that update state */
});
/* assert on the output */

This ensures that you're testing the behavior the user would see in the browser. Learn more at https://reactjs.org/link/wrap-tests-with-act
    at CustomerForm (C:/Users/Admin/graceful_books/src/components/customers/CustomerForm.tsx:57:3)

[90mstderr[2m | src/components/customers/CustomerForm.test.tsx[2m > [22m[2mCustomerForm Component[2m > [22m[2mform submission[2m > [22m[2mshould submit with address data
[22m[39mWarning: An update to CustomerForm inside a test was not wrapped in act(...).

When testing, code that causes React state updates should be wrapped into act(...):

act(() => {
  /* fire events that update state */
});
/* assert on the output */

This ensures that you're testing the behavior the user would see in the browser. Learn more at https://reactjs.org/link/wrap-tests-with-act
    at CustomerForm (C:/Users/Admin/graceful_books/src/components/customers/CustomerForm.tsx:57:3)
Warning: An update to CustomerForm inside a test was not wrapped in act(...).

When testing, code that causes React state updates should be wrapped into act(...):

act(() => {
  /* fire events that update state */
});
/* assert on the output */

This ensures that you're testing the behavior the user would see in the browser. Learn more at https://reactjs.org/link/wrap-tests-with-act
    at CustomerForm (C:/Users/Admin/graceful_books/src/components/customers/CustomerForm.tsx:57:3)
Warning: An update to CustomerForm inside a test was not wrapped in act(...).

When testing, code that causes React state updates should be wrapped into act(...):

act(() => {
  /* fire events that update state */
});
/* assert on the output */

This ensures that you're testing the behavior the user would see in the browser. Learn more at https://reactjs.org/link/wrap-tests-with-act
    at CustomerForm (C:/Users/Admin/graceful_books/src/components/customers/CustomerForm.tsx:57:3)

[90mstderr[2m | src/components/customers/CustomerForm.test.tsx[2m > [22m[2mCustomerForm Component[2m > [22m[2mform submission[2m > [22m[2mshould submit with address data
[22m[39mWarning: An update to CustomerForm inside a test was not wrapped in act(...).

When testing, code that causes React state updates should be wrapped into act(...):

act(() => {
  /* fire events that update state */
});
/* assert on the output */

This ensures that you're testing the behavior the user would see in the browser. Learn more at https://reactjs.org/link/wrap-tests-with-act
    at CustomerForm (C:/Users/Admin/graceful_books/src/components/customers/CustomerForm.tsx:57:3)
Warning: An update to CustomerForm inside a test was not wrapped in act(...).

When testing, code that causes React state updates should be wrapped into act(...):

act(() => {
  /* fire events that update state */
});
/* assert on the output */

This ensures that you're testing the behavior the user would see in the browser. Learn more at https://reactjs.org/link/wrap-tests-with-act
    at CustomerForm (C:/Users/Admin/graceful_books/src/components/customers/CustomerForm.tsx:57:3)
Warning: An update to CustomerForm inside a test was not wrapped in act(...).

When testing, code that causes React state updates should be wrapped into act(...):

act(() => {
  /* fire events that update state */
});
/* assert on the output */

This ensures that you're testing the behavior the user would see in the browser. Learn more at https://reactjs.org/link/wrap-tests-with-act
    at CustomerForm (C:/Users/Admin/graceful_books/src/components/customers/CustomerForm.tsx:57:3)

[90mstderr[2m | src/components/customers/CustomerForm.test.tsx[2m > [22m[2mCustomerForm Component[2m > [22m[2mform submission[2m > [22m[2mshould submit with address data
[22m[39mWarning: An update to CustomerForm inside a test was not wrapped in act(...).

When testing, code that causes React state updates should be wrapped into act(...):

act(() => {
  /* fire events that update state */
});
/* assert on the output */

This ensures that you're testing the behavior the user would see in the browser. Learn more at https://reactjs.org/link/wrap-tests-with-act
    at CustomerForm (C:/Users/Admin/graceful_books/src/components/customers/CustomerForm.tsx:57:3)
Warning: An update to CustomerForm inside a test was not wrapped in act(...).

When testing, code that causes React state updates should be wrapped into act(...):

act(() => {
  /* fire events that update state */
});
/* assert on the output */

This ensures that you're testing the behavior the user would see in the browser. Learn more at https://reactjs.org/link/wrap-tests-with-act
    at CustomerForm (C:/Users/Admin/graceful_books/src/components/customers/CustomerForm.tsx:57:3)
Warning: An update to CustomerForm inside a test was not wrapped in act(...).

When testing, code that causes React state updates should be wrapped into act(...):

act(() => {
  /* fire events that update state */
});
/* assert on the output */

This ensures that you're testing the behavior the user would see in the browser. Learn more at https://reactjs.org/link/wrap-tests-with-act
    at CustomerForm (C:/Users/Admin/graceful_books/src/components/customers/CustomerForm.tsx:57:3)

[90mstderr[2m | src/components/customers/CustomerForm.test.tsx[2m > [22m[2mCustomerForm Component[2m > [22m[2mform submission[2m > [22m[2mshould submit with address data
[22m[39mWarning: An update to CustomerForm inside a test was not wrapped in act(...).

When testing, code that causes React state updates should be wrapped into act(...):

act(() => {
  /* fire events that update state */
});
/* assert on the output */

This ensures that you're testing the behavior the user would see in the browser. Learn more at https://reactjs.org/link/wrap-tests-with-act
    at CustomerForm (C:/Users/Admin/graceful_books/src/components/customers/CustomerForm.tsx:57:3)
Warning: An update to CustomerForm inside a test was not wrapped in act(...).

When testing, code that causes React state updates should be wrapped into act(...):

act(() => {
  /* fire events that update state */
});
/* assert on the output */

This ensures that you're testing the behavior the user would see in the browser. Learn more at https://reactjs.org/link/wrap-tests-with-act
    at CustomerForm (C:/Users/Admin/graceful_books/src/components/customers/CustomerForm.tsx:57:3)
Warning: An update to CustomerForm inside a test was not wrapped in act(...).

When testing, code that causes React state updates should be wrapped into act(...):

act(() => {
  /* fire events that update state */
});
/* assert on the output */

This ensures that you're testing the behavior the user would see in the browser. Learn more at https://reactjs.org/link/wrap-tests-with-act
    at CustomerForm (C:/Users/Admin/graceful_books/src/components/customers/CustomerForm.tsx:57:3)

[90mstderr[2m | src/components/customers/CustomerForm.test.tsx[2m > [22m[2mCustomerForm Component[2m > [22m[2mform submission[2m > [22m[2mshould submit with address data
[22m[39mWarning: An update to CustomerForm inside a test was not wrapped in act(...).

When testing, code that causes React state updates should be wrapped into act(...):

act(() => {
  /* fire events that update state */
});
/* assert on the output */

This ensures that you're testing the behavior the user would see in the browser. Learn more at https://reactjs.org/link/wrap-tests-with-act
    at CustomerForm (C:/Users/Admin/graceful_books/src/components/customers/CustomerForm.tsx:57:3)
Warning: An update to CustomerForm inside a test was not wrapped in act(...).

When testing, code that causes React state updates should be wrapped into act(...):

act(() => {
  /* fire events that update state */
});
/* assert on the output */

This ensures that you're testing the behavior the user would see in the browser. Learn more at https://reactjs.org/link/wrap-tests-with-act
    at CustomerForm (C:/Users/Admin/graceful_books/src/components/customers/CustomerForm.tsx:57:3)
Warning: An update to CustomerForm inside a test was not wrapped in act(...).

When testing, code that causes React state updates should be wrapped into act(...):

act(() => {
  /* fire events that update state */
});
/* assert on the output */

This ensures that you're testing the behavior the user would see in the browser. Learn more at https://reactjs.org/link/wrap-tests-with-act
    at CustomerForm (C:/Users/Admin/graceful_books/src/components/customers/CustomerForm.tsx:57:3)

[90mstderr[2m | src/components/customers/CustomerForm.test.tsx[2m > [22m[2mCustomerForm Component[2m > [22m[2mform submission[2m > [22m[2mshould submit with address data
[22m[39mWarning: An update to CustomerForm inside a test was not wrapped in act(...).

When testing, code that causes React state updates should be wrapped into act(...):

act(() => {
  /* fire events that update state */
});
/* assert on the output */

This ensures that you're testing the behavior the user would see in the browser. Learn more at https://reactjs.org/link/wrap-tests-with-act
    at CustomerForm (C:/Users/Admin/graceful_books/src/components/customers/CustomerForm.tsx:57:3)
Warning: An update to CustomerForm inside a test was not wrapped in act(...).

When testing, code that causes React state updates should be wrapped into act(...):

act(() => {
  /* fire events that update state */
});
/* assert on the output */

This ensures that you're testing the behavior the user would see in the browser. Learn more at https://reactjs.org/link/wrap-tests-with-act
    at CustomerForm (C:/Users/Admin/graceful_books/src/components/customers/CustomerForm.tsx:57:3)
Warning: An update to CustomerForm inside a test was not wrapped in act(...).

When testing, code that causes React state updates should be wrapped into act(...):

act(() => {
  /* fire events that update state */
});
/* assert on the output */

This ensures that you're testing the behavior the user would see in the browser. Learn more at https://reactjs.org/link/wrap-tests-with-act
    at CustomerForm (C:/Users/Admin/graceful_books/src/components/customers/CustomerForm.tsx:57:3)

[90mstderr[2m | src/components/customers/CustomerForm.test.tsx[2m > [22m[2mCustomerForm Component[2m > [22m[2mform submission[2m > [22m[2mshould submit with address data
[22m[39mWarning: An update to CustomerForm inside a test was not wrapped in act(...).

When testing, code that causes React state updates should be wrapped into act(...):

act(() => {
  /* fire events that update state */
});
/* assert on the output */

This ensures that you're testing the behavior the user would see in the browser. Learn more at https://reactjs.org/link/wrap-tests-with-act
    at CustomerForm (C:/Users/Admin/graceful_books/src/components/customers/CustomerForm.tsx:57:3)
Warning: An update to CustomerForm inside a test was not wrapped in act(...).

When testing, code that causes React state updates should be wrapped into act(...):

act(() => {
  /* fire events that update state */
});
/* assert on the output */

This ensures that you're testing the behavior the user would see in the browser. Learn more at https://reactjs.org/link/wrap-tests-with-act
    at CustomerForm (C:/Users/Admin/graceful_books/src/components/customers/CustomerForm.tsx:57:3)
Warning: An update to CustomerForm inside a test was not wrapped in act(...).

When testing, code that causes React state updates should be wrapped into act(...):

act(() => {
  /* fire events that update state */
});
/* assert on the output */

This ensures that you're testing the behavior the user would see in the browser. Learn more at https://reactjs.org/link/wrap-tests-with-act
    at CustomerForm (C:/Users/Admin/graceful_books/src/components/customers/CustomerForm.tsx:57:3)

[90mstderr[2m | src/components/customers/CustomerForm.test.tsx[2m > [22m[2mCustomerForm Component[2m > [22m[2mform submission[2m > [22m[2mshould submit with address data
[22m[39mWarning: An update to CustomerForm inside a test was not wrapped in act(...).

When testing, code that causes React state updates should be wrapped into act(...):

act(() => {
  /* fire events that update state */
});
/* assert on the output */

This ensures that you're testing the behavior the user would see in the browser. Learn more at https://reactjs.org/link/wrap-tests-with-act
    at CustomerForm (C:/Users/Admin/graceful_books/src/components/customers/CustomerForm.tsx:57:3)
Warning: An update to CustomerForm inside a test was not wrapped in act(...).

When testing, code that causes React state updates should be wrapped into act(...):

act(() => {
  /* fire events that update state */
});
/* assert on the output */

This ensures that you're testing the behavior the user would see in the browser. Learn more at https://reactjs.org/link/wrap-tests-with-act
    at CustomerForm (C:/Users/Admin/graceful_books/src/components/customers/CustomerForm.tsx:57:3)
Warning: An update to CustomerForm inside a test was not wrapped in act(...).

When testing, code that causes React state updates should be wrapped into act(...):

act(() => {
  /* fire events that update state */
});
/* assert on the output */

This ensures that you're testing the behavior the user would see in the browser. Learn more at https://reactjs.org/link/wrap-tests-with-act
    at CustomerForm (C:/Users/Admin/graceful_books/src/components/customers/CustomerForm.tsx:57:3)

[90mstderr[2m | src/components/customers/CustomerForm.test.tsx[2m > [22m[2mCustomerForm Component[2m > [22m[2mform submission[2m > [22m[2mshould submit with address data
[22m[39mWarning: An update to CustomerForm inside a test was not wrapped in act(...).

When testing, code that causes React state updates should be wrapped into act(...):

act(() => {
  /* fire events that update state */
});
/* assert on the output */

This ensures that you're testing the behavior the user would see in the browser. Learn more at https://reactjs.org/link/wrap-tests-with-act
    at CustomerForm (C:/Users/Admin/graceful_books/src/components/customers/CustomerForm.tsx:57:3)
Warning: An update to CustomerForm inside a test was not wrapped in act(...).

When testing, code that causes React state updates should be wrapped into act(...):

act(() => {
  /* fire events that update state */
});
/* assert on the output */

This ensures that you're testing the behavior the user would see in the browser. Learn more at https://reactjs.org/link/wrap-tests-with-act
    at CustomerForm (C:/Users/Admin/graceful_books/src/components/customers/CustomerForm.tsx:57:3)
Warning: An update to CustomerForm inside a test was not wrapped in act(...).

When testing, code that causes React state updates should be wrapped into act(...):

act(() => {
  /* fire events that update state */
});
/* assert on the output */

This ensures that you're testing the behavior the user would see in the browser. Learn more at https://reactjs.org/link/wrap-tests-with-act
    at CustomerForm (C:/Users/Admin/graceful_books/src/components/customers/CustomerForm.tsx:57:3)

[90mstderr[2m | src/components/customers/CustomerForm.test.tsx[2m > [22m[2mCustomerForm Component[2m > [22m[2mform submission[2m > [22m[2mshould submit with address data
[22m[39mWarning: An update to CustomerForm inside a test was not wrapped in act(...).

When testing, code that causes React state updates should be wrapped into act(...):

act(() => {
  /* fire events that update state */
});
/* assert on the output */

This ensures that you're testing the behavior the user would see in the browser. Learn more at https://reactjs.org/link/wrap-tests-with-act
    at CustomerForm (C:/Users/Admin/graceful_books/src/components/customers/CustomerForm.tsx:57:3)
Warning: An update to CustomerForm inside a test was not wrapped in act(...).

When testing, code that causes React state updates should be wrapped into act(...):

act(() => {
  /* fire events that update state */
});
/* assert on the output */

This ensures that you're testing the behavior the user would see in the browser. Learn more at https://reactjs.org/link/wrap-tests-with-act
    at CustomerForm (C:/Users/Admin/graceful_books/src/components/customers/CustomerForm.tsx:57:3)
Warning: An update to CustomerForm inside a test was not wrapped in act(...).

When testing, code that causes React state updates should be wrapped into act(...):

act(() => {
  /* fire events that update state */
});
/* assert on the output */

This ensures that you're testing the behavior the user would see in the browser. Learn more at https://reactjs.org/link/wrap-tests-with-act
    at CustomerForm (C:/Users/Admin/graceful_books/src/components/customers/CustomerForm.tsx:57:3)

[90mstderr[2m | src/components/customers/CustomerForm.test.tsx[2m > [22m[2mCustomerForm Component[2m > [22m[2mform submission[2m > [22m[2mshould submit with address data
[22m[39mWarning: An update to CustomerForm inside a test was not wrapped in act(...).

When testing, code that causes React state updates should be wrapped into act(...):

act(() => {
  /* fire events that update state */
});
/* assert on the output */

This ensures that you're testing the behavior the user would see in the browser. Learn more at https://reactjs.org/link/wrap-tests-with-act
    at CustomerForm (C:/Users/Admin/graceful_books/src/components/customers/CustomerForm.tsx:57:3)
Warning: An update to CustomerForm inside a test was not wrapped in act(...).

When testing, code that causes React state updates should be wrapped into act(...):

act(() => {
  /* fire events that update state */
});
/* assert on the output */

This ensures that you're testing the behavior the user would see in the browser. Learn more at https://reactjs.org/link/wrap-tests-with-act
    at CustomerForm (C:/Users/Admin/graceful_books/src/components/customers/CustomerForm.tsx:57:3)
Warning: An update to CustomerForm inside a test was not wrapped in act(...).

When testing, code that causes React state updates should be wrapped into act(...):

act(() => {
  /* fire events that update state */
});
/* assert on the output */

This ensures that you're testing the behavior the user would see in the browser. Learn more at https://reactjs.org/link/wrap-tests-with-act
    at CustomerForm (C:/Users/Admin/graceful_books/src/components/customers/CustomerForm.tsx:57:3)

[90mstderr[2m | src/components/customers/CustomerForm.test.tsx[2m > [22m[2mCustomerForm Component[2m > [22m[2mform submission[2m > [22m[2mshould submit with address data
[22m[39mWarning: An update to CustomerForm inside a test was not wrapped in act(...).

When testing, code that causes React state updates should be wrapped into act(...):

act(() => {
  /* fire events that update state */
});
/* assert on the output */

This ensures that you're testing the behavior the user would see in the browser. Learn more at https://reactjs.org/link/wrap-tests-with-act
    at CustomerForm (C:/Users/Admin/graceful_books/src/components/customers/CustomerForm.tsx:57:3)
Warning: An update to CustomerForm inside a test was not wrapped in act(...).

When testing, code that causes React state updates should be wrapped into act(...):

act(() => {
  /* fire events that update state */
});
/* assert on the output */

This ensures that you're testing the behavior the user would see in the browser. Learn more at https://reactjs.org/link/wrap-tests-with-act
    at CustomerForm (C:/Users/Admin/graceful_books/src/components/customers/CustomerForm.tsx:57:3)
Warning: An update to CustomerForm inside a test was not wrapped in act(...).

When testing, code that causes React state updates should be wrapped into act(...):

act(() => {
  /* fire events that update state */
});
/* assert on the output */

This ensures that you're testing the behavior the user would see in the browser. Learn more at https://reactjs.org/link/wrap-tests-with-act
    at CustomerForm (C:/Users/Admin/graceful_books/src/components/customers/CustomerForm.tsx:57:3)

[90mstderr[2m | src/components/customers/CustomerForm.test.tsx[2m > [22m[2mCustomerForm Component[2m > [22m[2mform submission[2m > [22m[2mshould submit with address data
[22m[39mWarning: An update to CustomerForm inside a test was not wrapped in act(...).

When testing, code that causes React state updates should be wrapped into act(...):

act(() => {
  /* fire events that update state */
});
/* assert on the output */

This ensures that you're testing the behavior the user would see in the browser. Learn more at https://reactjs.org/link/wrap-tests-with-act
    at CustomerForm (C:/Users/Admin/graceful_books/src/components/customers/CustomerForm.tsx:57:3)
Warning: An update to CustomerForm inside a test was not wrapped in act(...).

When testing, code that causes React state updates should be wrapped into act(...):

act(() => {
  /* fire events that update state */
});
/* assert on the output */

This ensures that you're testing the behavior the user would see in the browser. Learn more at https://reactjs.org/link/wrap-tests-with-act
    at CustomerForm (C:/Users/Admin/graceful_books/src/components/customers/CustomerForm.tsx:57:3)
Warning: An update to CustomerForm inside a test was not wrapped in act(...).

When testing, code that causes React state updates should be wrapped into act(...):

act(() => {
  /* fire events that update state */
});
/* assert on the output */

This ensures that you're testing the behavior the user would see in the browser. Learn more at https://reactjs.org/link/wrap-tests-with-act
    at CustomerForm (C:/Users/Admin/graceful_books/src/components/customers/CustomerForm.tsx:57:3)

[90mstderr[2m | src/components/customers/CustomerForm.test.tsx[2m > [22m[2mCustomerForm Component[2m > [22m[2mform submission[2m > [22m[2mshould submit with address data
[22m[39mWarning: An update to CustomerForm inside a test was not wrapped in act(...).

When testing, code that causes React state updates should be wrapped into act(...):

act(() => {
  /* fire events that update state */
});
/* assert on the output */

This ensures that you're testing the behavior the user would see in the browser. Learn more at https://reactjs.org/link/wrap-tests-with-act
    at CustomerForm (C:/Users/Admin/graceful_books/src/components/customers/CustomerForm.tsx:57:3)
Warning: An update to CustomerForm inside a test was not wrapped in act(...).

When testing, code that causes React state updates should be wrapped into act(...):

act(() => {
  /* fire events that update state */
});
/* assert on the output */

This ensures that you're testing the behavior the user would see in the browser. Learn more at https://reactjs.org/link/wrap-tests-with-act
    at CustomerForm (C:/Users/Admin/graceful_books/src/components/customers/CustomerForm.tsx:57:3)
Warning: An update to CustomerForm inside a test was not wrapped in act(...).

When testing, code that causes React state updates should be wrapped into act(...):

act(() => {
  /* fire events that update state */
});
/* assert on the output */

This ensures that you're testing the behavior the user would see in the browser. Learn more at https://reactjs.org/link/wrap-tests-with-act
    at CustomerForm (C:/Users/Admin/graceful_books/src/components/customers/CustomerForm.tsx:57:3)

[90mstderr[2m | src/components/customers/CustomerForm.test.tsx[2m > [22m[2mCustomerForm Component[2m > [22m[2mform submission[2m > [22m[2mshould submit with address data
[22m[39mWarning: An update to CustomerForm inside a test was not wrapped in act(...).

When testing, code that causes React state updates should be wrapped into act(...):

act(() => {
  /* fire events that update state */
});
/* assert on the output */

This ensures that you're testing the behavior the user would see in the browser. Learn more at https://reactjs.org/link/wrap-tests-with-act
    at CustomerForm (C:/Users/Admin/graceful_books/src/components/customers/CustomerForm.tsx:57:3)
Warning: An update to CustomerForm inside a test was not wrapped in act(...).

When testing, code that causes React state updates should be wrapped into act(...):

act(() => {
  /* fire events that update state */
});
/* assert on the output */

This ensures that you're testing the behavior the user would see in the browser. Learn more at https://reactjs.org/link/wrap-tests-with-act
    at CustomerForm (C:/Users/Admin/graceful_books/src/components/customers/CustomerForm.tsx:57:3)
Warning: An update to CustomerForm inside a test was not wrapped in act(...).

When testing, code that causes React state updates should be wrapped into act(...):

act(() => {
  /* fire events that update state */
});
/* assert on the output */

This ensures that you're testing the behavior the user would see in the browser. Learn more at https://reactjs.org/link/wrap-tests-with-act
    at CustomerForm (C:/Users/Admin/graceful_books/src/components/customers/CustomerForm.tsx:57:3)

[90mstderr[2m | src/components/customers/CustomerForm.test.tsx[2m > [22m[2mCustomerForm Component[2m > [22m[2mform submission[2m > [22m[2mshould submit with address data
[22m[39mWarning: An update to CustomerForm inside a test was not wrapped in act(...).

When testing, code that causes React state updates should be wrapped into act(...):

act(() => {
  /* fire events that update state */
});
/* assert on the output */

This ensures that you're testing the behavior the user would see in the browser. Learn more at https://reactjs.org/link/wrap-tests-with-act
    at CustomerForm (C:/Users/Admin/graceful_books/src/components/customers/CustomerForm.tsx:57:3)
Warning: An update to CustomerForm inside a test was not wrapped in act(...).

When testing, code that causes React state updates should be wrapped into act(...):

act(() => {
  /* fire events that update state */
});
/* assert on the output */

This ensures that you're testing the behavior the user would see in the browser. Learn more at https://reactjs.org/link/wrap-tests-with-act
    at CustomerForm (C:/Users/Admin/graceful_books/src/components/customers/CustomerForm.tsx:57:3)
Warning: An update to CustomerForm inside a test was not wrapped in act(...).

When testing, code that causes React state updates should be wrapped into act(...):

act(() => {
  /* fire events that update state */
});
/* assert on the output */

This ensures that you're testing the behavior the user would see in the browser. Learn more at https://reactjs.org/link/wrap-tests-with-act
    at CustomerForm (C:/Users/Admin/graceful_books/src/components/customers/CustomerForm.tsx:57:3)

[90mstderr[2m | src/components/customers/CustomerForm.test.tsx[2m > [22m[2mCustomerForm Component[2m > [22m[2mform submission[2m > [22m[2mshould submit with address data
[22m[39mWarning: An update to CustomerForm inside a test was not wrapped in act(...).

When testing, code that causes React state updates should be wrapped into act(...):

act(() => {
  /* fire events that update state */
});
/* assert on the output */

This ensures that you're testing the behavior the user would see in the browser. Learn more at https://reactjs.org/link/wrap-tests-with-act
    at CustomerForm (C:/Users/Admin/graceful_books/src/components/customers/CustomerForm.tsx:57:3)
Warning: An update to CustomerForm inside a test was not wrapped in act(...).

When testing, code that causes React state updates should be wrapped into act(...):

act(() => {
  /* fire events that update state */
});
/* assert on the output */

This ensures that you're testing the behavior the user would see in the browser. Learn more at https://reactjs.org/link/wrap-tests-with-act
    at CustomerForm (C:/Users/Admin/graceful_books/src/components/customers/CustomerForm.tsx:57:3)
Warning: An update to CustomerForm inside a test was not wrapped in act(...).

When testing, code that causes React state updates should be wrapped into act(...):

act(() => {
  /* fire events that update state */
});
/* assert on the output */

This ensures that you're testing the behavior the user would see in the browser. Learn more at https://reactjs.org/link/wrap-tests-with-act
    at CustomerForm (C:/Users/Admin/graceful_books/src/components/customers/CustomerForm.tsx:57:3)

[90mstderr[2m | src/components/customers/CustomerForm.test.tsx[2m > [22m[2mCustomerForm Component[2m > [22m[2mform submission[2m > [22m[2mshould submit with address data
[22m[39mWarning: An update to CustomerForm inside a test was not wrapped in act(...).

When testing, code that causes React state updates should be wrapped into act(...):

act(() => {
  /* fire events that update state */
});
/* assert on the output */

This ensures that you're testing the behavior the user would see in the browser. Learn more at https://reactjs.org/link/wrap-tests-with-act
    at CustomerForm (C:/Users/Admin/graceful_books/src/components/customers/CustomerForm.tsx:57:3)
Warning: An update to CustomerForm inside a test was not wrapped in act(...).

When testing, code that causes React state updates should be wrapped into act(...):

act(() => {
  /* fire events that update state */
});
/* assert on the output */

This ensures that you're testing the behavior the user would see in the browser. Learn more at https://reactjs.org/link/wrap-tests-with-act
    at CustomerForm (C:/Users/Admin/graceful_books/src/components/customers/CustomerForm.tsx:57:3)
Warning: An update to CustomerForm inside a test was not wrapped in act(...).

When testing, code that causes React state updates should be wrapped into act(...):

act(() => {
  /* fire events that update state */
});
/* assert on the output */

This ensures that you're testing the behavior the user would see in the browser. Learn more at https://reactjs.org/link/wrap-tests-with-act
    at CustomerForm (C:/Users/Admin/graceful_books/src/components/customers/CustomerForm.tsx:57:3)

[90mstderr[2m | src/components/customers/CustomerForm.test.tsx[2m > [22m[2mCustomerForm Component[2m > [22m[2mform submission[2m > [22m[2mshould submit with address data
[22m[39mWarning: An update to CustomerForm inside a test was not wrapped in act(...).

When testing, code that causes React state updates should be wrapped into act(...):

act(() => {
  /* fire events that update state */
});
/* assert on the output */

This ensures that you're testing the behavior the user would see in the browser. Learn more at https://reactjs.org/link/wrap-tests-with-act
    at CustomerForm (C:/Users/Admin/graceful_books/src/components/customers/CustomerForm.tsx:57:3)
Warning: An update to CustomerForm inside a test was not wrapped in act(...).

When testing, code that causes React state updates should be wrapped into act(...):

act(() => {
  /* fire events that update state */
});
/* assert on the output */

This ensures that you're testing the behavior the user would see in the browser. Learn more at https://reactjs.org/link/wrap-tests-with-act
    at CustomerForm (C:/Users/Admin/graceful_books/src/components/customers/CustomerForm.tsx:57:3)
Warning: An update to CustomerForm inside a test was not wrapped in act(...).

When testing, code that causes React state updates should be wrapped into act(...):

act(() => {
  /* fire events that update state */
});
/* assert on the output */

This ensures that you're testing the behavior the user would see in the browser. Learn more at https://reactjs.org/link/wrap-tests-with-act
    at CustomerForm (C:/Users/Admin/graceful_books/src/components/customers/CustomerForm.tsx:57:3)

[90mstderr[2m | src/components/customers/CustomerForm.test.tsx[2m > [22m[2mCustomerForm Component[2m > [22m[2mform submission[2m > [22m[2mshould submit with address data
[22m[39mWarning: An update to CustomerForm inside a test was not wrapped in act(...).

When testing, code that causes React state updates should be wrapped into act(...):

act(() => {
  /* fire events that update state */
});
/* assert on the output */

This ensures that you're testing the behavior the user would see in the browser. Learn more at https://reactjs.org/link/wrap-tests-with-act
    at CustomerForm (C:/Users/Admin/graceful_books/src/components/customers/CustomerForm.tsx:57:3)
Warning: An update to CustomerForm inside a test was not wrapped in act(...).

When testing, code that causes React state updates should be wrapped into act(...):

act(() => {
  /* fire events that update state */
});
/* assert on the output */

This ensures that you're testing the behavior the user would see in the browser. Learn more at https://reactjs.org/link/wrap-tests-with-act
    at CustomerForm (C:/Users/Admin/graceful_books/src/components/customers/CustomerForm.tsx:57:3)
Warning: An update to CustomerForm inside a test was not wrapped in act(...).

When testing, code that causes React state updates should be wrapped into act(...):

act(() => {
  /* fire events that update state */
});
/* assert on the output */

This ensures that you're testing the behavior the user would see in the browser. Learn more at https://reactjs.org/link/wrap-tests-with-act
    at CustomerForm (C:/Users/Admin/graceful_books/src/components/customers/CustomerForm.tsx:57:3)

[90mstderr[2m | src/components/customers/CustomerForm.test.tsx[2m > [22m[2mCustomerForm Component[2m > [22m[2mform submission[2m > [22m[2mshould submit with address data
[22m[39mWarning: An update to CustomerForm inside a test was not wrapped in act(...).

When testing, code that causes React state updates should be wrapped into act(...):

act(() => {
  /* fire events that update state */
});
/* assert on the output */

This ensures that you're testing the behavior the user would see in the browser. Learn more at https://reactjs.org/link/wrap-tests-with-act
    at CustomerForm (C:/Users/Admin/graceful_books/src/components/customers/CustomerForm.tsx:57:3)
Warning: An update to CustomerForm inside a test was not wrapped in act(...).

When testing, code that causes React state updates should be wrapped into act(...):

act(() => {
  /* fire events that update state */
});
/* assert on the output */

This ensures that you're testing the behavior the user would see in the browser. Learn more at https://reactjs.org/link/wrap-tests-with-act
    at CustomerForm (C:/Users/Admin/graceful_books/src/components/customers/CustomerForm.tsx:57:3)
Warning: An update to CustomerForm inside a test was not wrapped in act(...).

When testing, code that causes React state updates should be wrapped into act(...):

act(() => {
  /* fire events that update state */
});
/* assert on the output */

This ensures that you're testing the behavior the user would see in the browser. Learn more at https://reactjs.org/link/wrap-tests-with-act
    at CustomerForm (C:/Users/Admin/graceful_books/src/components/customers/CustomerForm.tsx:57:3)

[90mstderr[2m | src/components/customers/CustomerForm.test.tsx[2m > [22m[2mCustomerForm Component[2m > [22m[2mform submission[2m > [22m[2mshould submit with address data
[22m[39mWarning: An update to CustomerForm inside a test was not wrapped in act(...).

When testing, code that causes React state updates should be wrapped into act(...):

act(() => {
  /* fire events that update state */
});
/* assert on the output */

This ensures that you're testing the behavior the user would see in the browser. Learn more at https://reactjs.org/link/wrap-tests-with-act
    at CustomerForm (C:/Users/Admin/graceful_books/src/components/customers/CustomerForm.tsx:57:3)
Warning: An update to CustomerForm inside a test was not wrapped in act(...).

When testing, code that causes React state updates should be wrapped into act(...):

act(() => {
  /* fire events that update state */
});
/* assert on the output */

This ensures that you're testing the behavior the user would see in the browser. Learn more at https://reactjs.org/link/wrap-tests-with-act
    at CustomerForm (C:/Users/Admin/graceful_books/src/components/customers/CustomerForm.tsx:57:3)
Warning: An update to CustomerForm inside a test was not wrapped in act(...).

When testing, code that causes React state updates should be wrapped into act(...):

act(() => {
  /* fire events that update state */
});
/* assert on the output */

This ensures that you're testing the behavior the user would see in the browser. Learn more at https://reactjs.org/link/wrap-tests-with-act
    at CustomerForm (C:/Users/Admin/graceful_books/src/components/customers/CustomerForm.tsx:57:3)

[90mstderr[2m | src/components/customers/CustomerForm.test.tsx[2m > [22m[2mCustomerForm Component[2m > [22m[2mform submission[2m > [22m[2mshould submit with address data
[22m[39mWarning: An update to CustomerForm inside a test was not wrapped in act(...).

When testing, code that causes React state updates should be wrapped into act(...):

act(() => {
  /* fire events that update state */
});
/* assert on the output */

This ensures that you're testing the behavior the user would see in the browser. Learn more at https://reactjs.org/link/wrap-tests-with-act
    at CustomerForm (C:/Users/Admin/graceful_books/src/components/customers/CustomerForm.tsx:57:3)
Warning: An update to CustomerForm inside a test was not wrapped in act(...).

When testing, code that causes React state updates should be wrapped into act(...):

act(() => {
  /* fire events that update state */
});
/* assert on the output */

This ensures that you're testing the behavior the user would see in the browser. Learn more at https://reactjs.org/link/wrap-tests-with-act
    at CustomerForm (C:/Users/Admin/graceful_books/src/components/customers/CustomerForm.tsx:57:3)
Warning: An update to CustomerForm inside a test was not wrapped in act(...).

When testing, code that causes React state updates should be wrapped into act(...):

act(() => {
  /* fire events that update state */
});
/* assert on the output */

This ensures that you're testing the behavior the user would see in the browser. Learn more at https://reactjs.org/link/wrap-tests-with-act
    at CustomerForm (C:/Users/Admin/graceful_books/src/components/customers/CustomerForm.tsx:57:3)

[90mstderr[2m | src/components/customers/CustomerForm.test.tsx[2m > [22m[2mCustomerForm Component[2m > [22m[2mform submission[2m > [22m[2mshould submit with address data
[22m[39mWarning: An update to CustomerForm inside a test was not wrapped in act(...).

When testing, code that causes React state updates should be wrapped into act(...):

act(() => {
  /* fire events that update state */
});
/* assert on the output */

This ensures that you're testing the behavior the user would see in the browser. Learn more at https://reactjs.org/link/wrap-tests-with-act
    at CustomerForm (C:/Users/Admin/graceful_books/src/components/customers/CustomerForm.tsx:57:3)
Warning: An update to CustomerForm inside a test was not wrapped in act(...).

When testing, code that causes React state updates should be wrapped into act(...):

act(() => {
  /* fire events that update state */
});
/* assert on the output */

This ensures that you're testing the behavior the user would see in the browser. Learn more at https://reactjs.org/link/wrap-tests-with-act
    at CustomerForm (C:/Users/Admin/graceful_books/src/components/customers/CustomerForm.tsx:57:3)
Warning: An update to CustomerForm inside a test was not wrapped in act(...).

When testing, code that causes React state updates should be wrapped into act(...):

act(() => {
  /* fire events that update state */
});
/* assert on the output */

This ensures that you're testing the behavior the user would see in the browser. Learn more at https://reactjs.org/link/wrap-tests-with-act
    at CustomerForm (C:/Users/Admin/graceful_books/src/components/customers/CustomerForm.tsx:57:3)

[90mstderr[2m | src/components/customers/CustomerForm.test.tsx[2m > [22m[2mCustomerForm Component[2m > [22m[2mform submission[2m > [22m[2mshould submit with address data
[22m[39mWarning: An update to CustomerForm inside a test was not wrapped in act(...).

When testing, code that causes React state updates should be wrapped into act(...):

act(() => {
  /* fire events that update state */
});
/* assert on the output */

This ensures that you're testing the behavior the user would see in the browser. Learn more at https://reactjs.org/link/wrap-tests-with-act
    at CustomerForm (C:/Users/Admin/graceful_books/src/components/customers/CustomerForm.tsx:57:3)
Warning: An update to CustomerForm inside a test was not wrapped in act(...).

When testing, code that causes React state updates should be wrapped into act(...):

act(() => {
  /* fire events that update state */
});
/* assert on the output */

This ensures that you're testing the behavior the user would see in the browser. Learn more at https://reactjs.org/link/wrap-tests-with-act
    at CustomerForm (C:/Users/Admin/graceful_books/src/components/customers/CustomerForm.tsx:57:3)
Warning: An update to CustomerForm inside a test was not wrapped in act(...).

When testing, code that causes React state updates should be wrapped into act(...):

act(() => {
  /* fire events that update state */
});
/* assert on the output */

This ensures that you're testing the behavior the user would see in the browser. Learn more at https://reactjs.org/link/wrap-tests-with-act
    at CustomerForm (C:/Users/Admin/graceful_books/src/components/customers/CustomerForm.tsx:57:3)

[90mstderr[2m | src/components/customers/CustomerForm.test.tsx[2m > [22m[2mCustomerForm Component[2m > [22m[2mform submission[2m > [22m[2mshould submit with address data
[22m[39mWarning: An update to CustomerForm inside a test was not wrapped in act(...).

When testing, code that causes React state updates should be wrapped into act(...):

act(() => {
  /* fire events that update state */
});
/* assert on the output */

This ensures that you're testing the behavior the user would see in the browser. Learn more at https://reactjs.org/link/wrap-tests-with-act
    at CustomerForm (C:/Users/Admin/graceful_books/src/components/customers/CustomerForm.tsx:57:3)
Warning: An update to CustomerForm inside a test was not wrapped in act(...).

When testing, code that causes React state updates should be wrapped into act(...):

act(() => {
  /* fire events that update state */
});
/* assert on the output */

This ensures that you're testing the behavior the user would see in the browser. Learn more at https://reactjs.org/link/wrap-tests-with-act
    at CustomerForm (C:/Users/Admin/graceful_books/src/components/customers/CustomerForm.tsx:57:3)
Warning: An update to CustomerForm inside a test was not wrapped in act(...).

When testing, code that causes React state updates should be wrapped into act(...):

act(() => {
  /* fire events that update state */
});
/* assert on the output */

This ensures that you're testing the behavior the user would see in the browser. Learn more at https://reactjs.org/link/wrap-tests-with-act
    at CustomerForm (C:/Users/Admin/graceful_books/src/components/customers/CustomerForm.tsx:57:3)

[90mstderr[2m | src/components/customers/CustomerForm.test.tsx[2m > [22m[2mCustomerForm Component[2m > [22m[2mform submission[2m > [22m[2mshould submit with address data
[22m[39mWarning: An update to CustomerForm inside a test was not wrapped in act(...).

When testing, code that causes React state updates should be wrapped into act(...):

act(() => {
  /* fire events that update state */
});
/* assert on the output */

This ensures that you're testing the behavior the user would see in the browser. Learn more at https://reactjs.org/link/wrap-tests-with-act
    at CustomerForm (C:/Users/Admin/graceful_books/src/components/customers/CustomerForm.tsx:57:3)
Warning: An update to CustomerForm inside a test was not wrapped in act(...).

When testing, code that causes React state updates should be wrapped into act(...):

act(() => {
  /* fire events that update state */
});
/* assert on the output */

This ensures that you're testing the behavior the user would see in the browser. Learn more at https://reactjs.org/link/wrap-tests-with-act
    at CustomerForm (C:/Users/Admin/graceful_books/src/components/customers/CustomerForm.tsx:57:3)
Warning: An update to CustomerForm inside a test was not wrapped in act(...).

When testing, code that causes React state updates should be wrapped into act(...):

act(() => {
  /* fire events that update state */
});
/* assert on the output */

This ensures that you're testing the behavior the user would see in the browser. Learn more at https://reactjs.org/link/wrap-tests-with-act
    at CustomerForm (C:/Users/Admin/graceful_books/src/components/customers/CustomerForm.tsx:57:3)

 [32m✓[39m src/components/customers/CustomerForm.test.tsx [2m([22m[2m20 tests[22m[2m)[22m[33m 5654[2mms[22m[39m
       [33m[2m✓[22m[39m should render create mode by default [33m 421[2mms[22m[39m
       [33m[2m✓[22m[39m should validate email format [33m 510[2mms[22m[39m
       [33m[2m✓[22m[39m should accept valid email format [33m 456[2mms[22m[39m
       [33m[2m✓[22m[39m should validate phone format [33m 427[2mms[22m[39m
       [33m[2m✓[22m[39m should accept valid phone format [33m 449[2mms[22m[39m
       [33m[2m✓[22m[39m should submit valid form data [33m 724[2mms[22m[39m
       [33m[2m✓[22m[39m should submit with address data [33m 987[2mms[22m[39m
       [33m[2m✓[22m[39m should have no accessibility violations in create mode [33m 395[2mms[22m[39m
       [33m[2m✓[22m[39m should have no accessibility violations in edit mode [33m 403[2mms[22m[39m
[90mstdout[2m | src/services/auditLogExtended.perf.test.ts[2m > [22m[2mExtended Audit Log Performance Tests[2m > [22m[2mMemory and Resource Management[2m > [22m[2mshould not leak memory during repeated operations
[22m[39m[AuditLogExtended] Audit log search completed { total: [33m100000[39m, returned: [33m100[39m, executionTimeMs: [33m5369.269700000004[39m }

[90mstdout[2m | src/services/auditLogExtended.perf.test.ts[2m > [22m[2mExtended Audit Log Performance Tests[2m > [22m[2mMemory and Resource Management[2m > [22m[2mshould not leak memory during repeated operations
[22m[39m[AuditLogExtended] Starting audit log search { companyId: [32m'test-company'[39m, limit: [33m100[39m, offset: [33m900[39m }

[90mstderr[2m | src/components/vendors/VendorForm.test.tsx[2m > [22m[2mVendorForm[2m > [22m[2mCreate Mode[2m > [22m[2mshould submit valid vendor data
[22m[39mWarning: An update to VendorForm inside a test was not wrapped in act(...).

When testing, code that causes React state updates should be wrapped into act(...):

act(() => {
  /* fire events that update state */
});
/* assert on the output */

This ensures that you're testing the behavior the user would see in the browser. Learn more at https://reactjs.org/link/wrap-tests-with-act
    at VendorForm (C:/Users/Admin/graceful_books/src/components/vendors/VendorForm.tsx:57:3)
Warning: An update to VendorForm inside a test was not wrapped in act(...).

When testing, code that causes React state updates should be wrapped into act(...):

act(() => {
  /* fire events that update state */
});
/* assert on the output */

This ensures that you're testing the behavior the user would see in the browser. Learn more at https://reactjs.org/link/wrap-tests-with-act
    at VendorForm (C:/Users/Admin/graceful_books/src/components/vendors/VendorForm.tsx:57:3)
Warning: An update to VendorForm inside a test was not wrapped in act(...).

When testing, code that causes React state updates should be wrapped into act(...):

act(() => {
  /* fire events that update state */
});
/* assert on the output */

This ensures that you're testing the behavior the user would see in the browser. Learn more at https://reactjs.org/link/wrap-tests-with-act
    at VendorForm (C:/Users/Admin/graceful_books/src/components/vendors/VendorForm.tsx:57:3)

[90mstderr[2m | src/components/vendors/VendorForm.test.tsx[2m > [22m[2mVendorForm[2m > [22m[2mCreate Mode[2m > [22m[2mshould submit valid vendor data
[22m[39mWarning: An update to VendorForm inside a test was not wrapped in act(...).

When testing, code that causes React state updates should be wrapped into act(...):

act(() => {
  /* fire events that update state */
});
/* assert on the output */

This ensures that you're testing the behavior the user would see in the browser. Learn more at https://reactjs.org/link/wrap-tests-with-act
    at VendorForm (C:/Users/Admin/graceful_books/src/components/vendors/VendorForm.tsx:57:3)
Warning: An update to VendorForm inside a test was not wrapped in act(...).

When testing, code that causes React state updates should be wrapped into act(...):

act(() => {
  /* fire events that update state */
});
/* assert on the output */

This ensures that you're testing the behavior the user would see in the browser. Learn more at https://reactjs.org/link/wrap-tests-with-act
    at VendorForm (C:/Users/Admin/graceful_books/src/components/vendors/VendorForm.tsx:57:3)
Warning: An update to VendorForm inside a test was not wrapped in act(...).

When testing, code that causes React state updates should be wrapped into act(...):

act(() => {
  /* fire events that update state */
});
/* assert on the output */

This ensures that you're testing the behavior the user would see in the browser. Learn more at https://reactjs.org/link/wrap-tests-with-act
    at VendorForm (C:/Users/Admin/graceful_books/src/components/vendors/VendorForm.tsx:57:3)

[90mstderr[2m | src/components/vendors/VendorForm.test.tsx[2m > [22m[2mVendorForm[2m > [22m[2mCreate Mode[2m > [22m[2mshould submit valid vendor data
[22m[39mWarning: An update to VendorForm inside a test was not wrapped in act(...).

When testing, code that causes React state updates should be wrapped into act(...):

act(() => {
  /* fire events that update state */
});
/* assert on the output */

This ensures that you're testing the behavior the user would see in the browser. Learn more at https://reactjs.org/link/wrap-tests-with-act
    at VendorForm (C:/Users/Admin/graceful_books/src/components/vendors/VendorForm.tsx:57:3)
Warning: An update to VendorForm inside a test was not wrapped in act(...).

When testing, code that causes React state updates should be wrapped into act(...):

act(() => {
  /* fire events that update state */
});
/* assert on the output */

This ensures that you're testing the behavior the user would see in the browser. Learn more at https://reactjs.org/link/wrap-tests-with-act
    at VendorForm (C:/Users/Admin/graceful_books/src/components/vendors/VendorForm.tsx:57:3)
Warning: An update to VendorForm inside a test was not wrapped in act(...).

When testing, code that causes React state updates should be wrapped into act(...):

act(() => {
  /* fire events that update state */
});
/* assert on the output */

This ensures that you're testing the behavior the user would see in the browser. Learn more at https://reactjs.org/link/wrap-tests-with-act
    at VendorForm (C:/Users/Admin/graceful_books/src/components/vendors/VendorForm.tsx:57:3)

[90mstderr[2m | src/components/vendors/VendorForm.test.tsx[2m > [22m[2mVendorForm[2m > [22m[2mCreate Mode[2m > [22m[2mshould submit valid vendor data
[22m[39mWarning: An update to VendorForm inside a test was not wrapped in act(...).

When testing, code that causes React state updates should be wrapped into act(...):

act(() => {
  /* fire events that update state */
});
/* assert on the output */

This ensures that you're testing the behavior the user would see in the browser. Learn more at https://reactjs.org/link/wrap-tests-with-act
    at VendorForm (C:/Users/Admin/graceful_books/src/components/vendors/VendorForm.tsx:57:3)
Warning: An update to VendorForm inside a test was not wrapped in act(...).

When testing, code that causes React state updates should be wrapped into act(...):

act(() => {
  /* fire events that update state */
});
/* assert on the output */

This ensures that you're testing the behavior the user would see in the browser. Learn more at https://reactjs.org/link/wrap-tests-with-act
    at VendorForm (C:/Users/Admin/graceful_books/src/components/vendors/VendorForm.tsx:57:3)
Warning: An update to VendorForm inside a test was not wrapped in act(...).

When testing, code that causes React state updates should be wrapped into act(...):

act(() => {
  /* fire events that update state */
});
/* assert on the output */

This ensures that you're testing the behavior the user would see in the browser. Learn more at https://reactjs.org/link/wrap-tests-with-act
    at VendorForm (C:/Users/Admin/graceful_books/src/components/vendors/VendorForm.tsx:57:3)

[90mstderr[2m | src/components/vendors/VendorForm.test.tsx[2m > [22m[2mVendorForm[2m > [22m[2mCreate Mode[2m > [22m[2mshould submit valid vendor data
[22m[39mWarning: An update to VendorForm inside a test was not wrapped in act(...).

When testing, code that causes React state updates should be wrapped into act(...):

act(() => {
  /* fire events that update state */
});
/* assert on the output */

This ensures that you're testing the behavior the user would see in the browser. Learn more at https://reactjs.org/link/wrap-tests-with-act
    at VendorForm (C:/Users/Admin/graceful_books/src/components/vendors/VendorForm.tsx:57:3)
Warning: An update to VendorForm inside a test was not wrapped in act(...).

When testing, code that causes React state updates should be wrapped into act(...):

act(() => {
  /* fire events that update state */
});
/* assert on the output */

This ensures that you're testing the behavior the user would see in the browser. Learn more at https://reactjs.org/link/wrap-tests-with-act
    at VendorForm (C:/Users/Admin/graceful_books/src/components/vendors/VendorForm.tsx:57:3)
Warning: An update to VendorForm inside a test was not wrapped in act(...).

When testing, code that causes React state updates should be wrapped into act(...):

act(() => {
  /* fire events that update state */
});
/* assert on the output */

This ensures that you're testing the behavior the user would see in the browser. Learn more at https://reactjs.org/link/wrap-tests-with-act
    at VendorForm (C:/Users/Admin/graceful_books/src/components/vendors/VendorForm.tsx:57:3)

[90mstderr[2m | src/components/vendors/VendorForm.test.tsx[2m > [22m[2mVendorForm[2m > [22m[2mCreate Mode[2m > [22m[2mshould submit valid vendor data
[22m[39mWarning: An update to VendorForm inside a test was not wrapped in act(...).

When testing, code that causes React state updates should be wrapped into act(...):

act(() => {
  /* fire events that update state */
});
/* assert on the output */

This ensures that you're testing the behavior the user would see in the browser. Learn more at https://reactjs.org/link/wrap-tests-with-act
    at VendorForm (C:/Users/Admin/graceful_books/src/components/vendors/VendorForm.tsx:57:3)
Warning: An update to VendorForm inside a test was not wrapped in act(...).

When testing, code that causes React state updates should be wrapped into act(...):

act(() => {
  /* fire events that update state */
});
/* assert on the output */

This ensures that you're testing the behavior the user would see in the browser. Learn more at https://reactjs.org/link/wrap-tests-with-act
    at VendorForm (C:/Users/Admin/graceful_books/src/components/vendors/VendorForm.tsx:57:3)
Warning: An update to VendorForm inside a test was not wrapped in act(...).

When testing, code that causes React state updates should be wrapped into act(...):

act(() => {
  /* fire events that update state */
});
/* assert on the output */

This ensures that you're testing the behavior the user would see in the browser. Learn more at https://reactjs.org/link/wrap-tests-with-act
    at VendorForm (C:/Users/Admin/graceful_books/src/components/vendors/VendorForm.tsx:57:3)

[90mstderr[2m | src/components/vendors/VendorForm.test.tsx[2m > [22m[2mVendorForm[2m > [22m[2mCreate Mode[2m > [22m[2mshould submit valid vendor data
[22m[39mWarning: An update to VendorForm inside a test was not wrapped in act(...).

When testing, code that causes React state updates should be wrapped into act(...):

act(() => {
  /* fire events that update state */
});
/* assert on the output */

This ensures that you're testing the behavior the user would see in the browser. Learn more at https://reactjs.org/link/wrap-tests-with-act
    at VendorForm (C:/Users/Admin/graceful_books/src/components/vendors/VendorForm.tsx:57:3)
Warning: An update to VendorForm inside a test was not wrapped in act(...).

When testing, code that causes React state updates should be wrapped into act(...):

act(() => {
  /* fire events that update state */
});
/* assert on the output */

This ensures that you're testing the behavior the user would see in the browser. Learn more at https://reactjs.org/link/wrap-tests-with-act
    at VendorForm (C:/Users/Admin/graceful_books/src/components/vendors/VendorForm.tsx:57:3)
Warning: An update to VendorForm inside a test was not wrapped in act(...).

When testing, code that causes React state updates should be wrapped into act(...):

act(() => {
  /* fire events that update state */
});
/* assert on the output */

This ensures that you're testing the behavior the user would see in the browser. Learn more at https://reactjs.org/link/wrap-tests-with-act
    at VendorForm (C:/Users/Admin/graceful_books/src/components/vendors/VendorForm.tsx:57:3)

[90mstderr[2m | src/components/vendors/VendorForm.test.tsx[2m > [22m[2mVendorForm[2m > [22m[2mCreate Mode[2m > [22m[2mshould submit valid vendor data
[22m[39mWarning: An update to VendorForm inside a test was not wrapped in act(...).

When testing, code that causes React state updates should be wrapped into act(...):

act(() => {
  /* fire events that update state */
});
/* assert on the output */

This ensures that you're testing the behavior the user would see in the browser. Learn more at https://reactjs.org/link/wrap-tests-with-act
    at VendorForm (C:/Users/Admin/graceful_books/src/components/vendors/VendorForm.tsx:57:3)
Warning: An update to VendorForm inside a test was not wrapped in act(...).

When testing, code that causes React state updates should be wrapped into act(...):

act(() => {
  /* fire events that update state */
});
/* assert on the output */

This ensures that you're testing the behavior the user would see in the browser. Learn more at https://reactjs.org/link/wrap-tests-with-act
    at VendorForm (C:/Users/Admin/graceful_books/src/components/vendors/VendorForm.tsx:57:3)
Warning: An update to VendorForm inside a test was not wrapped in act(...).

When testing, code that causes React state updates should be wrapped into act(...):

act(() => {
  /* fire events that update state */
});
/* assert on the output */

This ensures that you're testing the behavior the user would see in the browser. Learn more at https://reactjs.org/link/wrap-tests-with-act
    at VendorForm (C:/Users/Admin/graceful_books/src/components/vendors/VendorForm.tsx:57:3)

[90mstderr[2m | src/components/vendors/VendorForm.test.tsx[2m > [22m[2mVendorForm[2m > [22m[2mCreate Mode[2m > [22m[2mshould submit valid vendor data
[22m[39mWarning: An update to VendorForm inside a test was not wrapped in act(...).

When testing, code that causes React state updates should be wrapped into act(...):

act(() => {
  /* fire events that update state */
});
/* assert on the output */

This ensures that you're testing the behavior the user would see in the browser. Learn more at https://reactjs.org/link/wrap-tests-with-act
    at VendorForm (C:/Users/Admin/graceful_books/src/components/vendors/VendorForm.tsx:57:3)
Warning: An update to VendorForm inside a test was not wrapped in act(...).

When testing, code that causes React state updates should be wrapped into act(...):

act(() => {
  /* fire events that update state */
});
/* assert on the output */

This ensures that you're testing the behavior the user would see in the browser. Learn more at https://reactjs.org/link/wrap-tests-with-act
    at VendorForm (C:/Users/Admin/graceful_books/src/components/vendors/VendorForm.tsx:57:3)
Warning: An update to VendorForm inside a test was not wrapped in act(...).

When testing, code that causes React state updates should be wrapped into act(...):

act(() => {
  /* fire events that update state */
});
/* assert on the output */

This ensures that you're testing the behavior the user would see in the browser. Learn more at https://reactjs.org/link/wrap-tests-with-act
    at VendorForm (C:/Users/Admin/graceful_books/src/components/vendors/VendorForm.tsx:57:3)

[90mstderr[2m | src/components/vendors/VendorForm.test.tsx[2m > [22m[2mVendorForm[2m > [22m[2mCreate Mode[2m > [22m[2mshould submit valid vendor data
[22m[39mWarning: An update to VendorForm inside a test was not wrapped in act(...).

When testing, code that causes React state updates should be wrapped into act(...):

act(() => {
  /* fire events that update state */
});
/* assert on the output */

This ensures that you're testing the behavior the user would see in the browser. Learn more at https://reactjs.org/link/wrap-tests-with-act
    at VendorForm (C:/Users/Admin/graceful_books/src/components/vendors/VendorForm.tsx:57:3)
Warning: An update to VendorForm inside a test was not wrapped in act(...).

When testing, code that causes React state updates should be wrapped into act(...):

act(() => {
  /* fire events that update state */
});
/* assert on the output */

This ensures that you're testing the behavior the user would see in the browser. Learn more at https://reactjs.org/link/wrap-tests-with-act
    at VendorForm (C:/Users/Admin/graceful_books/src/components/vendors/VendorForm.tsx:57:3)
Warning: An update to VendorForm inside a test was not wrapped in act(...).

When testing, code that causes React state updates should be wrapped into act(...):

act(() => {
  /* fire events that update state */
});
/* assert on the output */

This ensures that you're testing the behavior the user would see in the browser. Learn more at https://reactjs.org/link/wrap-tests-with-act
    at VendorForm (C:/Users/Admin/graceful_books/src/components/vendors/VendorForm.tsx:57:3)

[90mstderr[2m | src/components/vendors/VendorForm.test.tsx[2m > [22m[2mVendorForm[2m > [22m[2mCreate Mode[2m > [22m[2mshould submit valid vendor data
[22m[39mWarning: An update to VendorForm inside a test was not wrapped in act(...).

When testing, code that causes React state updates should be wrapped into act(...):

act(() => {
  /* fire events that update state */
});
/* assert on the output */

This ensures that you're testing the behavior the user would see in the browser. Learn more at https://reactjs.org/link/wrap-tests-with-act
    at VendorForm (C:/Users/Admin/graceful_books/src/components/vendors/VendorForm.tsx:57:3)
Warning: An update to VendorForm inside a test was not wrapped in act(...).

When testing, code that causes React state updates should be wrapped into act(...):

act(() => {
  /* fire events that update state */
});
/* assert on the output */

This ensures that you're testing the behavior the user would see in the browser. Learn more at https://reactjs.org/link/wrap-tests-with-act
    at VendorForm (C:/Users/Admin/graceful_books/src/components/vendors/VendorForm.tsx:57:3)
Warning: An update to VendorForm inside a test was not wrapped in act(...).

When testing, code that causes React state updates should be wrapped into act(...):

act(() => {
  /* fire events that update state */
});
/* assert on the output */

This ensures that you're testing the behavior the user would see in the browser. Learn more at https://reactjs.org/link/wrap-tests-with-act
    at VendorForm (C:/Users/Admin/graceful_books/src/components/vendors/VendorForm.tsx:57:3)

[90mstderr[2m | src/components/vendors/VendorForm.test.tsx[2m > [22m[2mVendorForm[2m > [22m[2mCreate Mode[2m > [22m[2mshould validate required name field
[22m[39mWarning: An update to VendorForm inside a test was not wrapped in act(...).

When testing, code that causes React state updates should be wrapped into act(...):

act(() => {
  /* fire events that update state */
});
/* assert on the output */

This ensures that you're testing the behavior the user would see in the browser. Learn more at https://reactjs.org/link/wrap-tests-with-act
    at VendorForm (C:/Users/Admin/graceful_books/src/components/vendors/VendorForm.tsx:57:3)
Warning: An update to VendorForm inside a test was not wrapped in act(...).

When testing, code that causes React state updates should be wrapped into act(...):

act(() => {
  /* fire events that update state */
});
/* assert on the output */

This ensures that you're testing the behavior the user would see in the browser. Learn more at https://reactjs.org/link/wrap-tests-with-act
    at VendorForm (C:/Users/Admin/graceful_books/src/components/vendors/VendorForm.tsx:57:3)
Warning: An update to VendorForm inside a test was not wrapped in act(...).

When testing, code that causes React state updates should be wrapped into act(...):

act(() => {
  /* fire events that update state */
});
/* assert on the output */

This ensures that you're testing the behavior the user would see in the browser. Learn more at https://reactjs.org/link/wrap-tests-with-act
    at VendorForm (C:/Users/Admin/graceful_books/src/components/vendors/VendorForm.tsx:57:3)

[90mstderr[2m | src/components/vendors/VendorForm.test.tsx[2m > [22m[2mVendorForm[2m > [22m[2mCreate Mode[2m > [22m[2mshould validate email format
[22m[39mWarning: An update to VendorForm inside a test was not wrapped in act(...).

When testing, code that causes React state updates should be wrapped into act(...):

act(() => {
  /* fire events that update state */
});
/* assert on the output */

This ensures that you're testing the behavior the user would see in the browser. Learn more at https://reactjs.org/link/wrap-tests-with-act
    at VendorForm (C:/Users/Admin/graceful_books/src/components/vendors/VendorForm.tsx:57:3)
Warning: An update to VendorForm inside a test was not wrapped in act(...).

When testing, code that causes React state updates should be wrapped into act(...):

act(() => {
  /* fire events that update state */
});
/* assert on the output */

This ensures that you're testing the behavior the user would see in the browser. Learn more at https://reactjs.org/link/wrap-tests-with-act
    at VendorForm (C:/Users/Admin/graceful_books/src/components/vendors/VendorForm.tsx:57:3)
Warning: An update to VendorForm inside a test was not wrapped in act(...).

When testing, code that causes React state updates should be wrapped into act(...):

act(() => {
  /* fire events that update state */
});
/* assert on the output */

This ensures that you're testing the behavior the user would see in the browser. Learn more at https://reactjs.org/link/wrap-tests-with-act
    at VendorForm (C:/Users/Admin/graceful_books/src/components/vendors/VendorForm.tsx:57:3)

[90mstderr[2m | src/components/vendors/VendorForm.test.tsx[2m > [22m[2mVendorForm[2m > [22m[2mCreate Mode[2m > [22m[2mshould validate email format
[22m[39mWarning: An update to VendorForm inside a test was not wrapped in act(...).

When testing, code that causes React state updates should be wrapped into act(...):

act(() => {
  /* fire events that update state */
});
/* assert on the output */

This ensures that you're testing the behavior the user would see in the browser. Learn more at https://reactjs.org/link/wrap-tests-with-act
    at VendorForm (C:/Users/Admin/graceful_books/src/components/vendors/VendorForm.tsx:57:3)
Warning: An update to VendorForm inside a test was not wrapped in act(...).

When testing, code that causes React state updates should be wrapped into act(...):

act(() => {
  /* fire events that update state */
});
/* assert on the output */

This ensures that you're testing the behavior the user would see in the browser. Learn more at https://reactjs.org/link/wrap-tests-with-act
    at VendorForm (C:/Users/Admin/graceful_books/src/components/vendors/VendorForm.tsx:57:3)
Warning: An update to VendorForm inside a test was not wrapped in act(...).

When testing, code that causes React state updates should be wrapped into act(...):

act(() => {
  /* fire events that update state */
});
/* assert on the output */

This ensures that you're testing the behavior the user would see in the browser. Learn more at https://reactjs.org/link/wrap-tests-with-act
    at VendorForm (C:/Users/Admin/graceful_books/src/components/vendors/VendorForm.tsx:57:3)

[90mstderr[2m | src/components/vendors/VendorForm.test.tsx[2m > [22m[2mVendorForm[2m > [22m[2mCreate Mode[2m > [22m[2mshould validate email format
[22m[39mWarning: An update to VendorForm inside a test was not wrapped in act(...).

When testing, code that causes React state updates should be wrapped into act(...):

act(() => {
  /* fire events that update state */
});
/* assert on the output */

This ensures that you're testing the behavior the user would see in the browser. Learn more at https://reactjs.org/link/wrap-tests-with-act
    at VendorForm (C:/Users/Admin/graceful_books/src/components/vendors/VendorForm.tsx:57:3)
Warning: An update to VendorForm inside a test was not wrapped in act(...).

When testing, code that causes React state updates should be wrapped into act(...):

act(() => {
  /* fire events that update state */
});
/* assert on the output */

This ensures that you're testing the behavior the user would see in the browser. Learn more at https://reactjs.org/link/wrap-tests-with-act
    at VendorForm (C:/Users/Admin/graceful_books/src/components/vendors/VendorForm.tsx:57:3)
Warning: An update to VendorForm inside a test was not wrapped in act(...).

When testing, code that causes React state updates should be wrapped into act(...):

act(() => {
  /* fire events that update state */
});
/* assert on the output */

This ensures that you're testing the behavior the user would see in the browser. Learn more at https://reactjs.org/link/wrap-tests-with-act
    at VendorForm (C:/Users/Admin/graceful_books/src/components/vendors/VendorForm.tsx:57:3)

[90mstderr[2m | src/components/vendors/VendorForm.test.tsx[2m > [22m[2mVendorForm[2m > [22m[2mCreate Mode[2m > [22m[2mshould validate email format
[22m[39mWarning: An update to VendorForm inside a test was not wrapped in act(...).

When testing, code that causes React state updates should be wrapped into act(...):

act(() => {
  /* fire events that update state */
});
/* assert on the output */

This ensures that you're testing the behavior the user would see in the browser. Learn more at https://reactjs.org/link/wrap-tests-with-act
    at VendorForm (C:/Users/Admin/graceful_books/src/components/vendors/VendorForm.tsx:57:3)
Warning: An update to VendorForm inside a test was not wrapped in act(...).

When testing, code that causes React state updates should be wrapped into act(...):

act(() => {
  /* fire events that update state */
});
/* assert on the output */

This ensures that you're testing the behavior the user would see in the browser. Learn more at https://reactjs.org/link/wrap-tests-with-act
    at VendorForm (C:/Users/Admin/graceful_books/src/components/vendors/VendorForm.tsx:57:3)
Warning: An update to VendorForm inside a test was not wrapped in act(...).

When testing, code that causes React state updates should be wrapped into act(...):

act(() => {
  /* fire events that update state */
});
/* assert on the output */

This ensures that you're testing the behavior the user would see in the browser. Learn more at https://reactjs.org/link/wrap-tests-with-act
    at VendorForm (C:/Users/Admin/graceful_books/src/components/vendors/VendorForm.tsx:57:3)

[90mstderr[2m | src/components/vendors/VendorForm.test.tsx[2m > [22m[2mVendorForm[2m > [22m[2mCreate Mode[2m > [22m[2mshould validate email format
[22m[39mWarning: An update to VendorForm inside a test was not wrapped in act(...).

When testing, code that causes React state updates should be wrapped into act(...):

act(() => {
  /* fire events that update state */
});
/* assert on the output */

This ensures that you're testing the behavior the user would see in the browser. Learn more at https://reactjs.org/link/wrap-tests-with-act
    at VendorForm (C:/Users/Admin/graceful_books/src/components/vendors/VendorForm.tsx:57:3)
Warning: An update to VendorForm inside a test was not wrapped in act(...).

When testing, code that causes React state updates should be wrapped into act(...):

act(() => {
  /* fire events that update state */
});
/* assert on the output */

This ensures that you're testing the behavior the user would see in the browser. Learn more at https://reactjs.org/link/wrap-tests-with-act
    at VendorForm (C:/Users/Admin/graceful_books/src/components/vendors/VendorForm.tsx:57:3)
Warning: An update to VendorForm inside a test was not wrapped in act(...).

When testing, code that causes React state updates should be wrapped into act(...):

act(() => {
  /* fire events that update state */
});
/* assert on the output */

This ensures that you're testing the behavior the user would see in the browser. Learn more at https://reactjs.org/link/wrap-tests-with-act
    at VendorForm (C:/Users/Admin/graceful_books/src/components/vendors/VendorForm.tsx:57:3)

[90mstderr[2m | src/components/vendors/VendorForm.test.tsx[2m > [22m[2mVendorForm[2m > [22m[2mCreate Mode[2m > [22m[2mshould validate email format
[22m[39mWarning: An update to VendorForm inside a test was not wrapped in act(...).

When testing, code that causes React state updates should be wrapped into act(...):

act(() => {
  /* fire events that update state */
});
/* assert on the output */

This ensures that you're testing the behavior the user would see in the browser. Learn more at https://reactjs.org/link/wrap-tests-with-act
    at VendorForm (C:/Users/Admin/graceful_books/src/components/vendors/VendorForm.tsx:57:3)
Warning: An update to VendorForm inside a test was not wrapped in act(...).

When testing, code that causes React state updates should be wrapped into act(...):

act(() => {
  /* fire events that update state */
});
/* assert on the output */

This ensures that you're testing the behavior the user would see in the browser. Learn more at https://reactjs.org/link/wrap-tests-with-act
    at VendorForm (C:/Users/Admin/graceful_books/src/components/vendors/VendorForm.tsx:57:3)
Warning: An update to VendorForm inside a test was not wrapped in act(...).

When testing, code that causes React state updates should be wrapped into act(...):

act(() => {
  /* fire events that update state */
});
/* assert on the output */

This ensures that you're testing the behavior the user would see in the browser. Learn more at https://reactjs.org/link/wrap-tests-with-act
    at VendorForm (C:/Users/Admin/graceful_books/src/components/vendors/VendorForm.tsx:57:3)

[90mstderr[2m | src/components/vendors/VendorForm.test.tsx[2m > [22m[2mVendorForm[2m > [22m[2mCreate Mode[2m > [22m[2mshould validate email format
[22m[39mWarning: An update to VendorForm inside a test was not wrapped in act(...).

When testing, code that causes React state updates should be wrapped into act(...):

act(() => {
  /* fire events that update state */
});
/* assert on the output */

This ensures that you're testing the behavior the user would see in the browser. Learn more at https://reactjs.org/link/wrap-tests-with-act
    at VendorForm (C:/Users/Admin/graceful_books/src/components/vendors/VendorForm.tsx:57:3)
Warning: An update to VendorForm inside a test was not wrapped in act(...).

When testing, code that causes React state updates should be wrapped into act(...):

act(() => {
  /* fire events that update state */
});
/* assert on the output */

This ensures that you're testing the behavior the user would see in the browser. Learn more at https://reactjs.org/link/wrap-tests-with-act
    at VendorForm (C:/Users/Admin/graceful_books/src/components/vendors/VendorForm.tsx:57:3)
Warning: An update to VendorForm inside a test was not wrapped in act(...).

When testing, code that causes React state updates should be wrapped into act(...):

act(() => {
  /* fire events that update state */
});
/* assert on the output */

This ensures that you're testing the behavior the user would see in the browser. Learn more at https://reactjs.org/link/wrap-tests-with-act
    at VendorForm (C:/Users/Admin/graceful_books/src/components/vendors/VendorForm.tsx:57:3)

[90mstderr[2m | src/components/vendors/VendorForm.test.tsx[2m > [22m[2mVendorForm[2m > [22m[2mCreate Mode[2m > [22m[2mshould validate email format
[22m[39mWarning: An update to VendorForm inside a test was not wrapped in act(...).

When testing, code that causes React state updates should be wrapped into act(...):

act(() => {
  /* fire events that update state */
});
/* assert on the output */

This ensures that you're testing the behavior the user would see in the browser. Learn more at https://reactjs.org/link/wrap-tests-with-act
    at VendorForm (C:/Users/Admin/graceful_books/src/components/vendors/VendorForm.tsx:57:3)
Warning: An update to VendorForm inside a test was not wrapped in act(...).

When testing, code that causes React state updates should be wrapped into act(...):

act(() => {
  /* fire events that update state */
});
/* assert on the output */

This ensures that you're testing the behavior the user would see in the browser. Learn more at https://reactjs.org/link/wrap-tests-with-act
    at VendorForm (C:/Users/Admin/graceful_books/src/components/vendors/VendorForm.tsx:57:3)
Warning: An update to VendorForm inside a test was not wrapped in act(...).

When testing, code that causes React state updates should be wrapped into act(...):

act(() => {
  /* fire events that update state */
});
/* assert on the output */

This ensures that you're testing the behavior the user would see in the browser. Learn more at https://reactjs.org/link/wrap-tests-with-act
    at VendorForm (C:/Users/Admin/graceful_books/src/components/vendors/VendorForm.tsx:57:3)

[90mstderr[2m | src/components/vendors/VendorForm.test.tsx[2m > [22m[2mVendorForm[2m > [22m[2mCreate Mode[2m > [22m[2mshould validate email format
[22m[39mWarning: An update to VendorForm inside a test was not wrapped in act(...).

When testing, code that causes React state updates should be wrapped into act(...):

act(() => {
  /* fire events that update state */
});
/* assert on the output */

This ensures that you're testing the behavior the user would see in the browser. Learn more at https://reactjs.org/link/wrap-tests-with-act
    at VendorForm (C:/Users/Admin/graceful_books/src/components/vendors/VendorForm.tsx:57:3)
Warning: An update to VendorForm inside a test was not wrapped in act(...).

When testing, code that causes React state updates should be wrapped into act(...):

act(() => {
  /* fire events that update state */
});
/* assert on the output */

This ensures that you're testing the behavior the user would see in the browser. Learn more at https://reactjs.org/link/wrap-tests-with-act
    at VendorForm (C:/Users/Admin/graceful_books/src/components/vendors/VendorForm.tsx:57:3)
Warning: An update to VendorForm inside a test was not wrapped in act(...).

When testing, code that causes React state updates should be wrapped into act(...):

act(() => {
  /* fire events that update state */
});
/* assert on the output */

This ensures that you're testing the behavior the user would see in the browser. Learn more at https://reactjs.org/link/wrap-tests-with-act
    at VendorForm (C:/Users/Admin/graceful_books/src/components/vendors/VendorForm.tsx:57:3)

[90mstderr[2m | src/components/vendors/VendorForm.test.tsx[2m > [22m[2mVendorForm[2m > [22m[2mCreate Mode[2m > [22m[2mshould validate email format
[22m[39mWarning: An update to VendorForm inside a test was not wrapped in act(...).

When testing, code that causes React state updates should be wrapped into act(...):

act(() => {
  /* fire events that update state */
});
/* assert on the output */

This ensures that you're testing the behavior the user would see in the browser. Learn more at https://reactjs.org/link/wrap-tests-with-act
    at VendorForm (C:/Users/Admin/graceful_books/src/components/vendors/VendorForm.tsx:57:3)
Warning: An update to VendorForm inside a test was not wrapped in act(...).

When testing, code that causes React state updates should be wrapped into act(...):

act(() => {
  /* fire events that update state */
});
/* assert on the output */

This ensures that you're testing the behavior the user would see in the browser. Learn more at https://reactjs.org/link/wrap-tests-with-act
    at VendorForm (C:/Users/Admin/graceful_books/src/components/vendors/VendorForm.tsx:57:3)
Warning: An update to VendorForm inside a test was not wrapped in act(...).

When testing, code that causes React state updates should be wrapped into act(...):

act(() => {
  /* fire events that update state */
});
/* assert on the output */

This ensures that you're testing the behavior the user would see in the browser. Learn more at https://reactjs.org/link/wrap-tests-with-act
    at VendorForm (C:/Users/Admin/graceful_books/src/components/vendors/VendorForm.tsx:57:3)

[90mstderr[2m | src/components/vendors/VendorForm.test.tsx[2m > [22m[2mVendorForm[2m > [22m[2mCreate Mode[2m > [22m[2mshould validate email format
[22m[39mWarning: An update to VendorForm inside a test was not wrapped in act(...).

When testing, code that causes React state updates should be wrapped into act(...):

act(() => {
  /* fire events that update state */
});
/* assert on the output */

This ensures that you're testing the behavior the user would see in the browser. Learn more at https://reactjs.org/link/wrap-tests-with-act
    at VendorForm (C:/Users/Admin/graceful_books/src/components/vendors/VendorForm.tsx:57:3)
Warning: An update to VendorForm inside a test was not wrapped in act(...).

When testing, code that causes React state updates should be wrapped into act(...):

act(() => {
  /* fire events that update state */
});
/* assert on the output */

This ensures that you're testing the behavior the user would see in the browser. Learn more at https://reactjs.org/link/wrap-tests-with-act
    at VendorForm (C:/Users/Admin/graceful_books/src/components/vendors/VendorForm.tsx:57:3)
Warning: An update to VendorForm inside a test was not wrapped in act(...).

When testing, code that causes React state updates should be wrapped into act(...):

act(() => {
  /* fire events that update state */
});
/* assert on the output */

This ensures that you're testing the behavior the user would see in the browser. Learn more at https://reactjs.org/link/wrap-tests-with-act
    at VendorForm (C:/Users/Admin/graceful_books/src/components/vendors/VendorForm.tsx:57:3)

[90mstderr[2m | src/components/vendors/VendorForm.test.tsx[2m > [22m[2mVendorForm[2m > [22m[2mCreate Mode[2m > [22m[2mshould validate email format
[22m[39mWarning: An update to VendorForm inside a test was not wrapped in act(...).

When testing, code that causes React state updates should be wrapped into act(...):

act(() => {
  /* fire events that update state */
});
/* assert on the output */

This ensures that you're testing the behavior the user would see in the browser. Learn more at https://reactjs.org/link/wrap-tests-with-act
    at VendorForm (C:/Users/Admin/graceful_books/src/components/vendors/VendorForm.tsx:57:3)
Warning: An update to VendorForm inside a test was not wrapped in act(...).

When testing, code that causes React state updates should be wrapped into act(...):

act(() => {
  /* fire events that update state */
});
/* assert on the output */

This ensures that you're testing the behavior the user would see in the browser. Learn more at https://reactjs.org/link/wrap-tests-with-act
    at VendorForm (C:/Users/Admin/graceful_books/src/components/vendors/VendorForm.tsx:57:3)
Warning: An update to VendorForm inside a test was not wrapped in act(...).

When testing, code that causes React state updates should be wrapped into act(...):

act(() => {
  /* fire events that update state */
});
/* assert on the output */

This ensures that you're testing the behavior the user would see in the browser. Learn more at https://reactjs.org/link/wrap-tests-with-act
    at VendorForm (C:/Users/Admin/graceful_books/src/components/vendors/VendorForm.tsx:57:3)

[90mstderr[2m | src/components/vendors/VendorForm.test.tsx[2m > [22m[2mVendorForm[2m > [22m[2mCreate Mode[2m > [22m[2mshould validate email format
[22m[39mWarning: An update to VendorForm inside a test was not wrapped in act(...).

When testing, code that causes React state updates should be wrapped into act(...):

act(() => {
  /* fire events that update state */
});
/* assert on the output */

This ensures that you're testing the behavior the user would see in the browser. Learn more at https://reactjs.org/link/wrap-tests-with-act
    at VendorForm (C:/Users/Admin/graceful_books/src/components/vendors/VendorForm.tsx:57:3)
Warning: An update to VendorForm inside a test was not wrapped in act(...).

When testing, code that causes React state updates should be wrapped into act(...):

act(() => {
  /* fire events that update state */
});
/* assert on the output */

This ensures that you're testing the behavior the user would see in the browser. Learn more at https://reactjs.org/link/wrap-tests-with-act
    at VendorForm (C:/Users/Admin/graceful_books/src/components/vendors/VendorForm.tsx:57:3)
Warning: An update to VendorForm inside a test was not wrapped in act(...).

When testing, code that causes React state updates should be wrapped into act(...):

act(() => {
  /* fire events that update state */
});
/* assert on the output */

This ensures that you're testing the behavior the user would see in the browser. Learn more at https://reactjs.org/link/wrap-tests-with-act
    at VendorForm (C:/Users/Admin/graceful_books/src/components/vendors/VendorForm.tsx:57:3)

[90mstderr[2m | src/components/vendors/VendorForm.test.tsx[2m > [22m[2mVendorForm[2m > [22m[2mCreate Mode[2m > [22m[2mshould validate email format
[22m[39mWarning: An update to VendorForm inside a test was not wrapped in act(...).

When testing, code that causes React state updates should be wrapped into act(...):

act(() => {
  /* fire events that update state */
});
/* assert on the output */

This ensures that you're testing the behavior the user would see in the browser. Learn more at https://reactjs.org/link/wrap-tests-with-act
    at VendorForm (C:/Users/Admin/graceful_books/src/components/vendors/VendorForm.tsx:57:3)
Warning: An update to VendorForm inside a test was not wrapped in act(...).

When testing, code that causes React state updates should be wrapped into act(...):

act(() => {
  /* fire events that update state */
});
/* assert on the output */

This ensures that you're testing the behavior the user would see in the browser. Learn more at https://reactjs.org/link/wrap-tests-with-act
    at VendorForm (C:/Users/Admin/graceful_books/src/components/vendors/VendorForm.tsx:57:3)
Warning: An update to VendorForm inside a test was not wrapped in act(...).

When testing, code that causes React state updates should be wrapped into act(...):

act(() => {
  /* fire events that update state */
});
/* assert on the output */

This ensures that you're testing the behavior the user would see in the browser. Learn more at https://reactjs.org/link/wrap-tests-with-act
    at VendorForm (C:/Users/Admin/graceful_books/src/components/vendors/VendorForm.tsx:57:3)

[90mstdout[2m | src/services/auditLogExtended.perf.test.ts[2m > [22m[2mExtended Audit Log Performance Tests[2m > [22m[2mMemory and Resource Management[2m > [22m[2mshould not leak memory during repeated operations
[22m[39m[AuditLogExtended] Audit log search completed { total: [33m100000[39m, returned: [33m100[39m, executionTimeMs: [33m5483.717300000018[39m }

[90mstdout[2m | src/services/auditLogExtended.perf.test.ts[2m > [22m[2mExtended Audit Log Performance Tests[2m > [22m[2mMemory and Resource Management[2m > [22m[2mshould not leak memory during repeated operations
[22m[39m[AuditLogExtended] Starting audit log search { companyId: [32m'test-company'[39m, limit: [33m100[39m, offset: [33m1000[39m }

[90mstderr[2m | src/components/vendors/VendorForm.test.tsx[2m > [22m[2mVendorForm[2m > [22m[2mCreate Mode[2m > [22m[2mshould validate email format
[22m[39mWarning: An update to VendorForm inside a test was not wrapped in act(...).

When testing, code that causes React state updates should be wrapped into act(...):

act(() => {
  /* fire events that update state */
});
/* assert on the output */

This ensures that you're testing the behavior the user would see in the browser. Learn more at https://reactjs.org/link/wrap-tests-with-act
    at VendorForm (C:/Users/Admin/graceful_books/src/components/vendors/VendorForm.tsx:57:3)
Warning: An update to VendorForm inside a test was not wrapped in act(...).

When testing, code that causes React state updates should be wrapped into act(...):

act(() => {
  /* fire events that update state */
});
/* assert on the output */

This ensures that you're testing the behavior the user would see in the browser. Learn more at https://reactjs.org/link/wrap-tests-with-act
    at VendorForm (C:/Users/Admin/graceful_books/src/components/vendors/VendorForm.tsx:57:3)
Warning: An update to VendorForm inside a test was not wrapped in act(...).

When testing, code that causes React state updates should be wrapped into act(...):

act(() => {
  /* fire events that update state */
});
/* assert on the output */

This ensures that you're testing the behavior the user would see in the browser. Learn more at https://reactjs.org/link/wrap-tests-with-act
    at VendorForm (C:/Users/Admin/graceful_books/src/components/vendors/VendorForm.tsx:57:3)

[90mstderr[2m | src/components/vendors/VendorForm.test.tsx[2m > [22m[2mVendorForm[2m > [22m[2mCreate Mode[2m > [22m[2mshould validate email format
[22m[39mWarning: An update to VendorForm inside a test was not wrapped in act(...).

When testing, code that causes React state updates should be wrapped into act(...):

act(() => {
  /* fire events that update state */
});
/* assert on the output */

This ensures that you're testing the behavior the user would see in the browser. Learn more at https://reactjs.org/link/wrap-tests-with-act
    at VendorForm (C:/Users/Admin/graceful_books/src/components/vendors/VendorForm.tsx:57:3)
Warning: An update to VendorForm inside a test was not wrapped in act(...).

When testing, code that causes React state updates should be wrapped into act(...):

act(() => {
  /* fire events that update state */
});
/* assert on the output */

This ensures that you're testing the behavior the user would see in the browser. Learn more at https://reactjs.org/link/wrap-tests-with-act
    at VendorForm (C:/Users/Admin/graceful_books/src/components/vendors/VendorForm.tsx:57:3)
Warning: An update to VendorForm inside a test was not wrapped in act(...).

When testing, code that causes React state updates should be wrapped into act(...):

act(() => {
  /* fire events that update state */
});
/* assert on the output */

This ensures that you're testing the behavior the user would see in the browser. Learn more at https://reactjs.org/link/wrap-tests-with-act
    at VendorForm (C:/Users/Admin/graceful_books/src/components/vendors/VendorForm.tsx:57:3)

[90mstderr[2m | src/components/vendors/VendorForm.test.tsx[2m > [22m[2mVendorForm[2m > [22m[2mCreate Mode[2m > [22m[2mshould validate email format
[22m[39mWarning: An update to VendorForm inside a test was not wrapped in act(...).

When testing, code that causes React state updates should be wrapped into act(...):

act(() => {
  /* fire events that update state */
});
/* assert on the output */

This ensures that you're testing the behavior the user would see in the browser. Learn more at https://reactjs.org/link/wrap-tests-with-act
    at VendorForm (C:/Users/Admin/graceful_books/src/components/vendors/VendorForm.tsx:57:3)
Warning: An update to VendorForm inside a test was not wrapped in act(...).

When testing, code that causes React state updates should be wrapped into act(...):

act(() => {
  /* fire events that update state */
});
/* assert on the output */

This ensures that you're testing the behavior the user would see in the browser. Learn more at https://reactjs.org/link/wrap-tests-with-act
    at VendorForm (C:/Users/Admin/graceful_books/src/components/vendors/VendorForm.tsx:57:3)
Warning: An update to VendorForm inside a test was not wrapped in act(...).

When testing, code that causes React state updates should be wrapped into act(...):

act(() => {
  /* fire events that update state */
});
/* assert on the output */

This ensures that you're testing the behavior the user would see in the browser. Learn more at https://reactjs.org/link/wrap-tests-with-act
    at VendorForm (C:/Users/Admin/graceful_books/src/components/vendors/VendorForm.tsx:57:3)

[90mstderr[2m | src/components/vendors/VendorForm.test.tsx[2m > [22m[2mVendorForm[2m > [22m[2mCreate Mode[2m > [22m[2mshould validate email format
[22m[39mWarning: An update to VendorForm inside a test was not wrapped in act(...).

When testing, code that causes React state updates should be wrapped into act(...):

act(() => {
  /* fire events that update state */
});
/* assert on the output */

This ensures that you're testing the behavior the user would see in the browser. Learn more at https://reactjs.org/link/wrap-tests-with-act
    at VendorForm (C:/Users/Admin/graceful_books/src/components/vendors/VendorForm.tsx:57:3)
Warning: An update to VendorForm inside a test was not wrapped in act(...).

When testing, code that causes React state updates should be wrapped into act(...):

act(() => {
  /* fire events that update state */
});
/* assert on the output */

This ensures that you're testing the behavior the user would see in the browser. Learn more at https://reactjs.org/link/wrap-tests-with-act
    at VendorForm (C:/Users/Admin/graceful_books/src/components/vendors/VendorForm.tsx:57:3)
Warning: An update to VendorForm inside a test was not wrapped in act(...).

When testing, code that causes React state updates should be wrapped into act(...):

act(() => {
  /* fire events that update state */
});
/* assert on the output */

This ensures that you're testing the behavior the user would see in the browser. Learn more at https://reactjs.org/link/wrap-tests-with-act
    at VendorForm (C:/Users/Admin/graceful_books/src/components/vendors/VendorForm.tsx:57:3)

[90mstderr[2m | src/components/vendors/VendorForm.test.tsx[2m > [22m[2mVendorForm[2m > [22m[2mCreate Mode[2m > [22m[2mshould validate email format
[22m[39mWarning: An update to VendorForm inside a test was not wrapped in act(...).

When testing, code that causes React state updates should be wrapped into act(...):

act(() => {
  /* fire events that update state */
});
/* assert on the output */

This ensures that you're testing the behavior the user would see in the browser. Learn more at https://reactjs.org/link/wrap-tests-with-act
    at VendorForm (C:/Users/Admin/graceful_books/src/components/vendors/VendorForm.tsx:57:3)
Warning: An update to VendorForm inside a test was not wrapped in act(...).

When testing, code that causes React state updates should be wrapped into act(...):

act(() => {
  /* fire events that update state */
});
/* assert on the output */

This ensures that you're testing the behavior the user would see in the browser. Learn more at https://reactjs.org/link/wrap-tests-with-act
    at VendorForm (C:/Users/Admin/graceful_books/src/components/vendors/VendorForm.tsx:57:3)
Warning: An update to VendorForm inside a test was not wrapped in act(...).

When testing, code that causes React state updates should be wrapped into act(...):

act(() => {
  /* fire events that update state */
});
/* assert on the output */

This ensures that you're testing the behavior the user would see in the browser. Learn more at https://reactjs.org/link/wrap-tests-with-act
    at VendorForm (C:/Users/Admin/graceful_books/src/components/vendors/VendorForm.tsx:57:3)

[90mstderr[2m | src/components/vendors/VendorForm.test.tsx[2m > [22m[2mVendorForm[2m > [22m[2mCreate Mode[2m > [22m[2mshould validate email format
[22m[39mWarning: An update to VendorForm inside a test was not wrapped in act(...).

When testing, code that causes React state updates should be wrapped into act(...):

act(() => {
  /* fire events that update state */
});
/* assert on the output */

This ensures that you're testing the behavior the user would see in the browser. Learn more at https://reactjs.org/link/wrap-tests-with-act
    at VendorForm (C:/Users/Admin/graceful_books/src/components/vendors/VendorForm.tsx:57:3)
Warning: An update to VendorForm inside a test was not wrapped in act(...).

When testing, code that causes React state updates should be wrapped into act(...):

act(() => {
  /* fire events that update state */
});
/* assert on the output */

This ensures that you're testing the behavior the user would see in the browser. Learn more at https://reactjs.org/link/wrap-tests-with-act
    at VendorForm (C:/Users/Admin/graceful_books/src/components/vendors/VendorForm.tsx:57:3)
Warning: An update to VendorForm inside a test was not wrapped in act(...).

When testing, code that causes React state updates should be wrapped into act(...):

act(() => {
  /* fire events that update state */
});
/* assert on the output */

This ensures that you're testing the behavior the user would see in the browser. Learn more at https://reactjs.org/link/wrap-tests-with-act
    at VendorForm (C:/Users/Admin/graceful_books/src/components/vendors/VendorForm.tsx:57:3)

[90mstderr[2m | src/components/vendors/VendorForm.test.tsx[2m > [22m[2mVendorForm[2m > [22m[2mCreate Mode[2m > [22m[2mshould validate email format
[22m[39mWarning: An update to VendorForm inside a test was not wrapped in act(...).

When testing, code that causes React state updates should be wrapped into act(...):

act(() => {
  /* fire events that update state */
});
/* assert on the output */

This ensures that you're testing the behavior the user would see in the browser. Learn more at https://reactjs.org/link/wrap-tests-with-act
    at VendorForm (C:/Users/Admin/graceful_books/src/components/vendors/VendorForm.tsx:57:3)
Warning: An update to VendorForm inside a test was not wrapped in act(...).

When testing, code that causes React state updates should be wrapped into act(...):

act(() => {
  /* fire events that update state */
});
/* assert on the output */

This ensures that you're testing the behavior the user would see in the browser. Learn more at https://reactjs.org/link/wrap-tests-with-act
    at VendorForm (C:/Users/Admin/graceful_books/src/components/vendors/VendorForm.tsx:57:3)
Warning: An update to VendorForm inside a test was not wrapped in act(...).

When testing, code that causes React state updates should be wrapped into act(...):

act(() => {
  /* fire events that update state */
});
/* assert on the output */

This ensures that you're testing the behavior the user would see in the browser. Learn more at https://reactjs.org/link/wrap-tests-with-act
    at VendorForm (C:/Users/Admin/graceful_books/src/components/vendors/VendorForm.tsx:57:3)

[90mstderr[2m | src/components/vendors/VendorForm.test.tsx[2m > [22m[2mVendorForm[2m > [22m[2mCreate Mode[2m > [22m[2mshould validate email format
[22m[39mWarning: An update to VendorForm inside a test was not wrapped in act(...).

When testing, code that causes React state updates should be wrapped into act(...):

act(() => {
  /* fire events that update state */
});
/* assert on the output */

This ensures that you're testing the behavior the user would see in the browser. Learn more at https://reactjs.org/link/wrap-tests-with-act
    at VendorForm (C:/Users/Admin/graceful_books/src/components/vendors/VendorForm.tsx:57:3)
Warning: An update to VendorForm inside a test was not wrapped in act(...).

When testing, code that causes React state updates should be wrapped into act(...):

act(() => {
  /* fire events that update state */
});
/* assert on the output */

This ensures that you're testing the behavior the user would see in the browser. Learn more at https://reactjs.org/link/wrap-tests-with-act
    at VendorForm (C:/Users/Admin/graceful_books/src/components/vendors/VendorForm.tsx:57:3)
Warning: An update to VendorForm inside a test was not wrapped in act(...).

When testing, code that causes React state updates should be wrapped into act(...):

act(() => {
  /* fire events that update state */
});
/* assert on the output */

This ensures that you're testing the behavior the user would see in the browser. Learn more at https://reactjs.org/link/wrap-tests-with-act
    at VendorForm (C:/Users/Admin/graceful_books/src/components/vendors/VendorForm.tsx:57:3)

[90mstderr[2m | src/components/vendors/VendorForm.test.tsx[2m > [22m[2mVendorForm[2m > [22m[2mCreate Mode[2m > [22m[2mshould validate email format
[22m[39mWarning: An update to VendorForm inside a test was not wrapped in act(...).

When testing, code that causes React state updates should be wrapped into act(...):

act(() => {
  /* fire events that update state */
});
/* assert on the output */

This ensures that you're testing the behavior the user would see in the browser. Learn more at https://reactjs.org/link/wrap-tests-with-act
    at VendorForm (C:/Users/Admin/graceful_books/src/components/vendors/VendorForm.tsx:57:3)
Warning: An update to VendorForm inside a test was not wrapped in act(...).

When testing, code that causes React state updates should be wrapped into act(...):

act(() => {
  /* fire events that update state */
});
/* assert on the output */

This ensures that you're testing the behavior the user would see in the browser. Learn more at https://reactjs.org/link/wrap-tests-with-act
    at VendorForm (C:/Users/Admin/graceful_books/src/components/vendors/VendorForm.tsx:57:3)
Warning: An update to VendorForm inside a test was not wrapped in act(...).

When testing, code that causes React state updates should be wrapped into act(...):

act(() => {
  /* fire events that update state */
});
/* assert on the output */

This ensures that you're testing the behavior the user would see in the browser. Learn more at https://reactjs.org/link/wrap-tests-with-act
    at VendorForm (C:/Users/Admin/graceful_books/src/components/vendors/VendorForm.tsx:57:3)

[90mstderr[2m | src/components/vendors/VendorForm.test.tsx[2m > [22m[2mVendorForm[2m > [22m[2mCreate Mode[2m > [22m[2mshould validate email format
[22m[39mWarning: An update to VendorForm inside a test was not wrapped in act(...).

When testing, code that causes React state updates should be wrapped into act(...):

act(() => {
  /* fire events that update state */
});
/* assert on the output */

This ensures that you're testing the behavior the user would see in the browser. Learn more at https://reactjs.org/link/wrap-tests-with-act
    at VendorForm (C:/Users/Admin/graceful_books/src/components/vendors/VendorForm.tsx:57:3)
Warning: An update to VendorForm inside a test was not wrapped in act(...).

When testing, code that causes React state updates should be wrapped into act(...):

act(() => {
  /* fire events that update state */
});
/* assert on the output */

This ensures that you're testing the behavior the user would see in the browser. Learn more at https://reactjs.org/link/wrap-tests-with-act
    at VendorForm (C:/Users/Admin/graceful_books/src/components/vendors/VendorForm.tsx:57:3)
Warning: An update to VendorForm inside a test was not wrapped in act(...).

When testing, code that causes React state updates should be wrapped into act(...):

act(() => {
  /* fire events that update state */
});
/* assert on the output */

This ensures that you're testing the behavior the user would see in the browser. Learn more at https://reactjs.org/link/wrap-tests-with-act
    at VendorForm (C:/Users/Admin/graceful_books/src/components/vendors/VendorForm.tsx:57:3)

[90mstderr[2m | src/components/vendors/VendorForm.test.tsx[2m > [22m[2mVendorForm[2m > [22m[2mCreate Mode[2m > [22m[2mshould validate email format
[22m[39mWarning: An update to VendorForm inside a test was not wrapped in act(...).

When testing, code that causes React state updates should be wrapped into act(...):

act(() => {
  /* fire events that update state */
});
/* assert on the output */

This ensures that you're testing the behavior the user would see in the browser. Learn more at https://reactjs.org/link/wrap-tests-with-act
    at VendorForm (C:/Users/Admin/graceful_books/src/components/vendors/VendorForm.tsx:57:3)
Warning: An update to VendorForm inside a test was not wrapped in act(...).

When testing, code that causes React state updates should be wrapped into act(...):

act(() => {
  /* fire events that update state */
});
/* assert on the output */

This ensures that you're testing the behavior the user would see in the browser. Learn more at https://reactjs.org/link/wrap-tests-with-act
    at VendorForm (C:/Users/Admin/graceful_books/src/components/vendors/VendorForm.tsx:57:3)
Warning: An update to VendorForm inside a test was not wrapped in act(...).

When testing, code that causes React state updates should be wrapped into act(...):

act(() => {
  /* fire events that update state */
});
/* assert on the output */

This ensures that you're testing the behavior the user would see in the browser. Learn more at https://reactjs.org/link/wrap-tests-with-act
    at VendorForm (C:/Users/Admin/graceful_books/src/components/vendors/VendorForm.tsx:57:3)

[90mstderr[2m | src/components/vendors/VendorForm.test.tsx[2m > [22m[2mVendorForm[2m > [22m[2mCreate Mode[2m > [22m[2mshould validate phone format
[22m[39mWarning: An update to VendorForm inside a test was not wrapped in act(...).

When testing, code that causes React state updates should be wrapped into act(...):

act(() => {
  /* fire events that update state */
});
/* assert on the output */

This ensures that you're testing the behavior the user would see in the browser. Learn more at https://reactjs.org/link/wrap-tests-with-act
    at VendorForm (C:/Users/Admin/graceful_books/src/components/vendors/VendorForm.tsx:57:3)
Warning: An update to VendorForm inside a test was not wrapped in act(...).

When testing, code that causes React state updates should be wrapped into act(...):

act(() => {
  /* fire events that update state */
});
/* assert on the output */

This ensures that you're testing the behavior the user would see in the browser. Learn more at https://reactjs.org/link/wrap-tests-with-act
    at VendorForm (C:/Users/Admin/graceful_books/src/components/vendors/VendorForm.tsx:57:3)
Warning: An update to VendorForm inside a test was not wrapped in act(...).

When testing, code that causes React state updates should be wrapped into act(...):

act(() => {
  /* fire events that update state */
});
/* assert on the output */

This ensures that you're testing the behavior the user would see in the browser. Learn more at https://reactjs.org/link/wrap-tests-with-act
    at VendorForm (C:/Users/Admin/graceful_books/src/components/vendors/VendorForm.tsx:57:3)

[90mstderr[2m | src/components/vendors/VendorForm.test.tsx[2m > [22m[2mVendorForm[2m > [22m[2mCreate Mode[2m > [22m[2mshould validate phone format
[22m[39mWarning: An update to VendorForm inside a test was not wrapped in act(...).

When testing, code that causes React state updates should be wrapped into act(...):

act(() => {
  /* fire events that update state */
});
/* assert on the output */

This ensures that you're testing the behavior the user would see in the browser. Learn more at https://reactjs.org/link/wrap-tests-with-act
    at VendorForm (C:/Users/Admin/graceful_books/src/components/vendors/VendorForm.tsx:57:3)
Warning: An update to VendorForm inside a test was not wrapped in act(...).

When testing, code that causes React state updates should be wrapped into act(...):

act(() => {
  /* fire events that update state */
});
/* assert on the output */

This ensures that you're testing the behavior the user would see in the browser. Learn more at https://reactjs.org/link/wrap-tests-with-act
    at VendorForm (C:/Users/Admin/graceful_books/src/components/vendors/VendorForm.tsx:57:3)
Warning: An update to VendorForm inside a test was not wrapped in act(...).

When testing, code that causes React state updates should be wrapped into act(...):

act(() => {
  /* fire events that update state */
});
/* assert on the output */

This ensures that you're testing the behavior the user would see in the browser. Learn more at https://reactjs.org/link/wrap-tests-with-act
    at VendorForm (C:/Users/Admin/graceful_books/src/components/vendors/VendorForm.tsx:57:3)

[90mstderr[2m | src/components/vendors/VendorForm.test.tsx[2m > [22m[2mVendorForm[2m > [22m[2mCreate Mode[2m > [22m[2mshould validate phone format
[22m[39mWarning: An update to VendorForm inside a test was not wrapped in act(...).

When testing, code that causes React state updates should be wrapped into act(...):

act(() => {
  /* fire events that update state */
});
/* assert on the output */

This ensures that you're testing the behavior the user would see in the browser. Learn more at https://reactjs.org/link/wrap-tests-with-act
    at VendorForm (C:/Users/Admin/graceful_books/src/components/vendors/VendorForm.tsx:57:3)
Warning: An update to VendorForm inside a test was not wrapped in act(...).

When testing, code that causes React state updates should be wrapped into act(...):

act(() => {
  /* fire events that update state */
});
/* assert on the output */

This ensures that you're testing the behavior the user would see in the browser. Learn more at https://reactjs.org/link/wrap-tests-with-act
    at VendorForm (C:/Users/Admin/graceful_books/src/components/vendors/VendorForm.tsx:57:3)
Warning: An update to VendorForm inside a test was not wrapped in act(...).

When testing, code that causes React state updates should be wrapped into act(...):

act(() => {
  /* fire events that update state */
});
/* assert on the output */

This ensures that you're testing the behavior the user would see in the browser. Learn more at https://reactjs.org/link/wrap-tests-with-act
    at VendorForm (C:/Users/Admin/graceful_books/src/components/vendors/VendorForm.tsx:57:3)

[90mstderr[2m | src/components/vendors/VendorForm.test.tsx[2m > [22m[2mVendorForm[2m > [22m[2mCreate Mode[2m > [22m[2mshould validate phone format
[22m[39mWarning: An update to VendorForm inside a test was not wrapped in act(...).

When testing, code that causes React state updates should be wrapped into act(...):

act(() => {
  /* fire events that update state */
});
/* assert on the output */

This ensures that you're testing the behavior the user would see in the browser. Learn more at https://reactjs.org/link/wrap-tests-with-act
    at VendorForm (C:/Users/Admin/graceful_books/src/components/vendors/VendorForm.tsx:57:3)
Warning: An update to VendorForm inside a test was not wrapped in act(...).

When testing, code that causes React state updates should be wrapped into act(...):

act(() => {
  /* fire events that update state */
});
/* assert on the output */

This ensures that you're testing the behavior the user would see in the browser. Learn more at https://reactjs.org/link/wrap-tests-with-act
    at VendorForm (C:/Users/Admin/graceful_books/src/components/vendors/VendorForm.tsx:57:3)
Warning: An update to VendorForm inside a test was not wrapped in act(...).

When testing, code that causes React state updates should be wrapped into act(...):

act(() => {
  /* fire events that update state */
});
/* assert on the output */

This ensures that you're testing the behavior the user would see in the browser. Learn more at https://reactjs.org/link/wrap-tests-with-act
    at VendorForm (C:/Users/Admin/graceful_books/src/components/vendors/VendorForm.tsx:57:3)

[90mstderr[2m | src/components/vendors/VendorForm.test.tsx[2m > [22m[2mVendorForm[2m > [22m[2mCreate Mode[2m > [22m[2mshould validate phone format
[22m[39mWarning: An update to VendorForm inside a test was not wrapped in act(...).

When testing, code that causes React state updates should be wrapped into act(...):

act(() => {
  /* fire events that update state */
});
/* assert on the output */

This ensures that you're testing the behavior the user would see in the browser. Learn more at https://reactjs.org/link/wrap-tests-with-act
    at VendorForm (C:/Users/Admin/graceful_books/src/components/vendors/VendorForm.tsx:57:3)
Warning: An update to VendorForm inside a test was not wrapped in act(...).

When testing, code that causes React state updates should be wrapped into act(...):

act(() => {
  /* fire events that update state */
});
/* assert on the output */

This ensures that you're testing the behavior the user would see in the browser. Learn more at https://reactjs.org/link/wrap-tests-with-act
    at VendorForm (C:/Users/Admin/graceful_books/src/components/vendors/VendorForm.tsx:57:3)
Warning: An update to VendorForm inside a test was not wrapped in act(...).

When testing, code that causes React state updates should be wrapped into act(...):

act(() => {
  /* fire events that update state */
});
/* assert on the output */

This ensures that you're testing the behavior the user would see in the browser. Learn more at https://reactjs.org/link/wrap-tests-with-act
    at VendorForm (C:/Users/Admin/graceful_books/src/components/vendors/VendorForm.tsx:57:3)

[90mstderr[2m | src/components/vendors/VendorForm.test.tsx[2m > [22m[2mVendorForm[2m > [22m[2mCreate Mode[2m > [22m[2mshould validate phone format
[22m[39mWarning: An update to VendorForm inside a test was not wrapped in act(...).

When testing, code that causes React state updates should be wrapped into act(...):

act(() => {
  /* fire events that update state */
});
/* assert on the output */

This ensures that you're testing the behavior the user would see in the browser. Learn more at https://reactjs.org/link/wrap-tests-with-act
    at VendorForm (C:/Users/Admin/graceful_books/src/components/vendors/VendorForm.tsx:57:3)
Warning: An update to VendorForm inside a test was not wrapped in act(...).

When testing, code that causes React state updates should be wrapped into act(...):

act(() => {
  /* fire events that update state */
});
/* assert on the output */

This ensures that you're testing the behavior the user would see in the browser. Learn more at https://reactjs.org/link/wrap-tests-with-act
    at VendorForm (C:/Users/Admin/graceful_books/src/components/vendors/VendorForm.tsx:57:3)
Warning: An update to VendorForm inside a test was not wrapped in act(...).

When testing, code that causes React state updates should be wrapped into act(...):

act(() => {
  /* fire events that update state */
});
/* assert on the output */

This ensures that you're testing the behavior the user would see in the browser. Learn more at https://reactjs.org/link/wrap-tests-with-act
    at VendorForm (C:/Users/Admin/graceful_books/src/components/vendors/VendorForm.tsx:57:3)

[90mstderr[2m | src/components/vendors/VendorForm.test.tsx[2m > [22m[2mVendorForm[2m > [22m[2mCreate Mode[2m > [22m[2mshould validate phone format
[22m[39mWarning: An update to VendorForm inside a test was not wrapped in act(...).

When testing, code that causes React state updates should be wrapped into act(...):

act(() => {
  /* fire events that update state */
});
/* assert on the output */

This ensures that you're testing the behavior the user would see in the browser. Learn more at https://reactjs.org/link/wrap-tests-with-act
    at VendorForm (C:/Users/Admin/graceful_books/src/components/vendors/VendorForm.tsx:57:3)
Warning: An update to VendorForm inside a test was not wrapped in act(...).

When testing, code that causes React state updates should be wrapped into act(...):

act(() => {
  /* fire events that update state */
});
/* assert on the output */

This ensures that you're testing the behavior the user would see in the browser. Learn more at https://reactjs.org/link/wrap-tests-with-act
    at VendorForm (C:/Users/Admin/graceful_books/src/components/vendors/VendorForm.tsx:57:3)
Warning: An update to VendorForm inside a test was not wrapped in act(...).

When testing, code that causes React state updates should be wrapped into act(...):

act(() => {
  /* fire events that update state */
});
/* assert on the output */

This ensures that you're testing the behavior the user would see in the browser. Learn more at https://reactjs.org/link/wrap-tests-with-act
    at VendorForm (C:/Users/Admin/graceful_books/src/components/vendors/VendorForm.tsx:57:3)

[90mstderr[2m | src/components/vendors/VendorForm.test.tsx[2m > [22m[2mVendorForm[2m > [22m[2mCreate Mode[2m > [22m[2mshould validate phone format
[22m[39mWarning: An update to VendorForm inside a test was not wrapped in act(...).

When testing, code that causes React state updates should be wrapped into act(...):

act(() => {
  /* fire events that update state */
});
/* assert on the output */

This ensures that you're testing the behavior the user would see in the browser. Learn more at https://reactjs.org/link/wrap-tests-with-act
    at VendorForm (C:/Users/Admin/graceful_books/src/components/vendors/VendorForm.tsx:57:3)
Warning: An update to VendorForm inside a test was not wrapped in act(...).

When testing, code that causes React state updates should be wrapped into act(...):

act(() => {
  /* fire events that update state */
});
/* assert on the output */

This ensures that you're testing the behavior the user would see in the browser. Learn more at https://reactjs.org/link/wrap-tests-with-act
    at VendorForm (C:/Users/Admin/graceful_books/src/components/vendors/VendorForm.tsx:57:3)
Warning: An update to VendorForm inside a test was not wrapped in act(...).

When testing, code that causes React state updates should be wrapped into act(...):

act(() => {
  /* fire events that update state */
});
/* assert on the output */

This ensures that you're testing the behavior the user would see in the browser. Learn more at https://reactjs.org/link/wrap-tests-with-act
    at VendorForm (C:/Users/Admin/graceful_books/src/components/vendors/VendorForm.tsx:57:3)

[90mstderr[2m | src/components/vendors/VendorForm.test.tsx[2m > [22m[2mVendorForm[2m > [22m[2mCreate Mode[2m > [22m[2mshould validate phone format
[22m[39mWarning: An update to VendorForm inside a test was not wrapped in act(...).

When testing, code that causes React state updates should be wrapped into act(...):

act(() => {
  /* fire events that update state */
});
/* assert on the output */

This ensures that you're testing the behavior the user would see in the browser. Learn more at https://reactjs.org/link/wrap-tests-with-act
    at VendorForm (C:/Users/Admin/graceful_books/src/components/vendors/VendorForm.tsx:57:3)
Warning: An update to VendorForm inside a test was not wrapped in act(...).

When testing, code that causes React state updates should be wrapped into act(...):

act(() => {
  /* fire events that update state */
});
/* assert on the output */

This ensures that you're testing the behavior the user would see in the browser. Learn more at https://reactjs.org/link/wrap-tests-with-act
    at VendorForm (C:/Users/Admin/graceful_books/src/components/vendors/VendorForm.tsx:57:3)
Warning: An update to VendorForm inside a test was not wrapped in act(...).

When testing, code that causes React state updates should be wrapped into act(...):

act(() => {
  /* fire events that update state */
});
/* assert on the output */

This ensures that you're testing the behavior the user would see in the browser. Learn more at https://reactjs.org/link/wrap-tests-with-act
    at VendorForm (C:/Users/Admin/graceful_books/src/components/vendors/VendorForm.tsx:57:3)

[90mstderr[2m | src/components/vendors/VendorForm.test.tsx[2m > [22m[2mVendorForm[2m > [22m[2mCreate Mode[2m > [22m[2mshould validate phone format
[22m[39mWarning: An update to VendorForm inside a test was not wrapped in act(...).

When testing, code that causes React state updates should be wrapped into act(...):

act(() => {
  /* fire events that update state */
});
/* assert on the output */

This ensures that you're testing the behavior the user would see in the browser. Learn more at https://reactjs.org/link/wrap-tests-with-act
    at VendorForm (C:/Users/Admin/graceful_books/src/components/vendors/VendorForm.tsx:57:3)
Warning: An update to VendorForm inside a test was not wrapped in act(...).

When testing, code that causes React state updates should be wrapped into act(...):

act(() => {
  /* fire events that update state */
});
/* assert on the output */

This ensures that you're testing the behavior the user would see in the browser. Learn more at https://reactjs.org/link/wrap-tests-with-act
    at VendorForm (C:/Users/Admin/graceful_books/src/components/vendors/VendorForm.tsx:57:3)
Warning: An update to VendorForm inside a test was not wrapped in act(...).

When testing, code that causes React state updates should be wrapped into act(...):

act(() => {
  /* fire events that update state */
});
/* assert on the output */

This ensures that you're testing the behavior the user would see in the browser. Learn more at https://reactjs.org/link/wrap-tests-with-act
    at VendorForm (C:/Users/Admin/graceful_books/src/components/vendors/VendorForm.tsx:57:3)

[90mstderr[2m | src/components/vendors/VendorForm.test.tsx[2m > [22m[2mVendorForm[2m > [22m[2mCreate Mode[2m > [22m[2mshould validate phone format
[22m[39mWarning: An update to VendorForm inside a test was not wrapped in act(...).

When testing, code that causes React state updates should be wrapped into act(...):

act(() => {
  /* fire events that update state */
});
/* assert on the output */

This ensures that you're testing the behavior the user would see in the browser. Learn more at https://reactjs.org/link/wrap-tests-with-act
    at VendorForm (C:/Users/Admin/graceful_books/src/components/vendors/VendorForm.tsx:57:3)
Warning: An update to VendorForm inside a test was not wrapped in act(...).

When testing, code that causes React state updates should be wrapped into act(...):

act(() => {
  /* fire events that update state */
});
/* assert on the output */

This ensures that you're testing the behavior the user would see in the browser. Learn more at https://reactjs.org/link/wrap-tests-with-act
    at VendorForm (C:/Users/Admin/graceful_books/src/components/vendors/VendorForm.tsx:57:3)
Warning: An update to VendorForm inside a test was not wrapped in act(...).

When testing, code that causes React state updates should be wrapped into act(...):

act(() => {
  /* fire events that update state */
});
/* assert on the output */

This ensures that you're testing the behavior the user would see in the browser. Learn more at https://reactjs.org/link/wrap-tests-with-act
    at VendorForm (C:/Users/Admin/graceful_books/src/components/vendors/VendorForm.tsx:57:3)

[90mstderr[2m | src/components/vendors/VendorForm.test.tsx[2m > [22m[2mVendorForm[2m > [22m[2mCreate Mode[2m > [22m[2mshould validate phone format
[22m[39mWarning: An update to VendorForm inside a test was not wrapped in act(...).

When testing, code that causes React state updates should be wrapped into act(...):

act(() => {
  /* fire events that update state */
});
/* assert on the output */

This ensures that you're testing the behavior the user would see in the browser. Learn more at https://reactjs.org/link/wrap-tests-with-act
    at VendorForm (C:/Users/Admin/graceful_books/src/components/vendors/VendorForm.tsx:57:3)
Warning: An update to VendorForm inside a test was not wrapped in act(...).

When testing, code that causes React state updates should be wrapped into act(...):

act(() => {
  /* fire events that update state */
});
/* assert on the output */

This ensures that you're testing the behavior the user would see in the browser. Learn more at https://reactjs.org/link/wrap-tests-with-act
    at VendorForm (C:/Users/Admin/graceful_books/src/components/vendors/VendorForm.tsx:57:3)
Warning: An update to VendorForm inside a test was not wrapped in act(...).

When testing, code that causes React state updates should be wrapped into act(...):

act(() => {
  /* fire events that update state */
});
/* assert on the output */

This ensures that you're testing the behavior the user would see in the browser. Learn more at https://reactjs.org/link/wrap-tests-with-act
    at VendorForm (C:/Users/Admin/graceful_books/src/components/vendors/VendorForm.tsx:57:3)

[90mstderr[2m | src/components/vendors/VendorForm.test.tsx[2m > [22m[2mVendorForm[2m > [22m[2mCreate Mode[2m > [22m[2mshould validate phone format
[22m[39mWarning: An update to VendorForm inside a test was not wrapped in act(...).

When testing, code that causes React state updates should be wrapped into act(...):

act(() => {
  /* fire events that update state */
});
/* assert on the output */

This ensures that you're testing the behavior the user would see in the browser. Learn more at https://reactjs.org/link/wrap-tests-with-act
    at VendorForm (C:/Users/Admin/graceful_books/src/components/vendors/VendorForm.tsx:57:3)
Warning: An update to VendorForm inside a test was not wrapped in act(...).

When testing, code that causes React state updates should be wrapped into act(...):

act(() => {
  /* fire events that update state */
});
/* assert on the output */

This ensures that you're testing the behavior the user would see in the browser. Learn more at https://reactjs.org/link/wrap-tests-with-act
    at VendorForm (C:/Users/Admin/graceful_books/src/components/vendors/VendorForm.tsx:57:3)
Warning: An update to VendorForm inside a test was not wrapped in act(...).

When testing, code that causes React state updates should be wrapped into act(...):

act(() => {
  /* fire events that update state */
});
/* assert on the output */

This ensures that you're testing the behavior the user would see in the browser. Learn more at https://reactjs.org/link/wrap-tests-with-act
    at VendorForm (C:/Users/Admin/graceful_books/src/components/vendors/VendorForm.tsx:57:3)

[90mstderr[2m | src/components/vendors/VendorForm.test.tsx[2m > [22m[2mVendorForm[2m > [22m[2mCreate Mode[2m > [22m[2mshould validate phone format
[22m[39mWarning: An update to VendorForm inside a test was not wrapped in act(...).

When testing, code that causes React state updates should be wrapped into act(...):

act(() => {
  /* fire events that update state */
});
/* assert on the output */

This ensures that you're testing the behavior the user would see in the browser. Learn more at https://reactjs.org/link/wrap-tests-with-act
    at VendorForm (C:/Users/Admin/graceful_books/src/components/vendors/VendorForm.tsx:57:3)
Warning: An update to VendorForm inside a test was not wrapped in act(...).

When testing, code that causes React state updates should be wrapped into act(...):

act(() => {
  /* fire events that update state */
});
/* assert on the output */

This ensures that you're testing the behavior the user would see in the browser. Learn more at https://reactjs.org/link/wrap-tests-with-act
    at VendorForm (C:/Users/Admin/graceful_books/src/components/vendors/VendorForm.tsx:57:3)
Warning: An update to VendorForm inside a test was not wrapped in act(...).

When testing, code that causes React state updates should be wrapped into act(...):

act(() => {
  /* fire events that update state */
});
/* assert on the output */

This ensures that you're testing the behavior the user would see in the browser. Learn more at https://reactjs.org/link/wrap-tests-with-act
    at VendorForm (C:/Users/Admin/graceful_books/src/components/vendors/VendorForm.tsx:57:3)

[90mstderr[2m | src/components/vendors/VendorForm.test.tsx[2m > [22m[2mVendorForm[2m > [22m[2mCreate Mode[2m > [22m[2mshould validate phone format
[22m[39mWarning: An update to VendorForm inside a test was not wrapped in act(...).

When testing, code that causes React state updates should be wrapped into act(...):

act(() => {
  /* fire events that update state */
});
/* assert on the output */

This ensures that you're testing the behavior the user would see in the browser. Learn more at https://reactjs.org/link/wrap-tests-with-act
    at VendorForm (C:/Users/Admin/graceful_books/src/components/vendors/VendorForm.tsx:57:3)
Warning: An update to VendorForm inside a test was not wrapped in act(...).

When testing, code that causes React state updates should be wrapped into act(...):

act(() => {
  /* fire events that update state */
});
/* assert on the output */

This ensures that you're testing the behavior the user would see in the browser. Learn more at https://reactjs.org/link/wrap-tests-with-act
    at VendorForm (C:/Users/Admin/graceful_books/src/components/vendors/VendorForm.tsx:57:3)
Warning: An update to VendorForm inside a test was not wrapped in act(...).

When testing, code that causes React state updates should be wrapped into act(...):

act(() => {
  /* fire events that update state */
});
/* assert on the output */

This ensures that you're testing the behavior the user would see in the browser. Learn more at https://reactjs.org/link/wrap-tests-with-act
    at VendorForm (C:/Users/Admin/graceful_books/src/components/vendors/VendorForm.tsx:57:3)

[90mstderr[2m | src/components/vendors/VendorForm.test.tsx[2m > [22m[2mVendorForm[2m > [22m[2mEdit Mode[2m > [22m[2mshould update vendor data on submit
[22m[39mWarning: An update to VendorForm inside a test was not wrapped in act(...).

When testing, code that causes React state updates should be wrapped into act(...):

act(() => {
  /* fire events that update state */
});
/* assert on the output */

This ensures that you're testing the behavior the user would see in the browser. Learn more at https://reactjs.org/link/wrap-tests-with-act
    at VendorForm (C:/Users/Admin/graceful_books/src/components/vendors/VendorForm.tsx:57:3)
Warning: An update to VendorForm inside a test was not wrapped in act(...).

When testing, code that causes React state updates should be wrapped into act(...):

act(() => {
  /* fire events that update state */
});
/* assert on the output */

This ensures that you're testing the behavior the user would see in the browser. Learn more at https://reactjs.org/link/wrap-tests-with-act
    at VendorForm (C:/Users/Admin/graceful_books/src/components/vendors/VendorForm.tsx:57:3)
Warning: An update to VendorForm inside a test was not wrapped in act(...).

When testing, code that causes React state updates should be wrapped into act(...):

act(() => {
  /* fire events that update state */
});
/* assert on the output */

This ensures that you're testing the behavior the user would see in the browser. Learn more at https://reactjs.org/link/wrap-tests-with-act
    at VendorForm (C:/Users/Admin/graceful_books/src/components/vendors/VendorForm.tsx:57:3)
Warning: An update to VendorForm inside a test was not wrapped in act(...).

When testing, code that causes React state updates should be wrapped into act(...):

act(() => {
  /* fire events that update state */
});
/* assert on the output */

This ensures that you're testing the behavior the user would see in the browser. Learn more at https://reactjs.org/link/wrap-tests-with-act
    at VendorForm (C:/Users/Admin/graceful_books/src/components/vendors/VendorForm.tsx:57:3)

[90mstderr[2m | src/components/vendors/VendorForm.test.tsx[2m > [22m[2mVendorForm[2m > [22m[2mEdit Mode[2m > [22m[2mshould update vendor data on submit
[22m[39mWarning: An update to VendorForm inside a test was not wrapped in act(...).

When testing, code that causes React state updates should be wrapped into act(...):

act(() => {
  /* fire events that update state */
});
/* assert on the output */

This ensures that you're testing the behavior the user would see in the browser. Learn more at https://reactjs.org/link/wrap-tests-with-act
    at VendorForm (C:/Users/Admin/graceful_books/src/components/vendors/VendorForm.tsx:57:3)
Warning: An update to VendorForm inside a test was not wrapped in act(...).

When testing, code that causes React state updates should be wrapped into act(...):

act(() => {
  /* fire events that update state */
});
/* assert on the output */

This ensures that you're testing the behavior the user would see in the browser. Learn more at https://reactjs.org/link/wrap-tests-with-act
    at VendorForm (C:/Users/Admin/graceful_books/src/components/vendors/VendorForm.tsx:57:3)
Warning: An update to VendorForm inside a test was not wrapped in act(...).

When testing, code that causes React state updates should be wrapped into act(...):

act(() => {
  /* fire events that update state */
});
/* assert on the output */

This ensures that you're testing the behavior the user would see in the browser. Learn more at https://reactjs.org/link/wrap-tests-with-act
    at VendorForm (C:/Users/Admin/graceful_books/src/components/vendors/VendorForm.tsx:57:3)

[90mstderr[2m | src/components/vendors/VendorForm.test.tsx[2m > [22m[2mVendorForm[2m > [22m[2mEdit Mode[2m > [22m[2mshould update vendor data on submit
[22m[39mWarning: An update to VendorForm inside a test was not wrapped in act(...).

When testing, code that causes React state updates should be wrapped into act(...):

act(() => {
  /* fire events that update state */
});
/* assert on the output */

This ensures that you're testing the behavior the user would see in the browser. Learn more at https://reactjs.org/link/wrap-tests-with-act
    at VendorForm (C:/Users/Admin/graceful_books/src/components/vendors/VendorForm.tsx:57:3)
Warning: An update to VendorForm inside a test was not wrapped in act(...).

When testing, code that causes React state updates should be wrapped into act(...):

act(() => {
  /* fire events that update state */
});
/* assert on the output */

This ensures that you're testing the behavior the user would see in the browser. Learn more at https://reactjs.org/link/wrap-tests-with-act
    at VendorForm (C:/Users/Admin/graceful_books/src/components/vendors/VendorForm.tsx:57:3)
Warning: An update to VendorForm inside a test was not wrapped in act(...).

When testing, code that causes React state updates should be wrapped into act(...):

act(() => {
  /* fire events that update state */
});
/* assert on the output */

This ensures that you're testing the behavior the user would see in the browser. Learn more at https://reactjs.org/link/wrap-tests-with-act
    at VendorForm (C:/Users/Admin/graceful_books/src/components/vendors/VendorForm.tsx:57:3)

[90mstderr[2m | src/components/vendors/VendorForm.test.tsx[2m > [22m[2mVendorForm[2m > [22m[2mEdit Mode[2m > [22m[2mshould update vendor data on submit
[22m[39mWarning: An update to VendorForm inside a test was not wrapped in act(...).

When testing, code that causes React state updates should be wrapped into act(...):

act(() => {
  /* fire events that update state */
});
/* assert on the output */

This ensures that you're testing the behavior the user would see in the browser. Learn more at https://reactjs.org/link/wrap-tests-with-act
    at VendorForm (C:/Users/Admin/graceful_books/src/components/vendors/VendorForm.tsx:57:3)
Warning: An update to VendorForm inside a test was not wrapped in act(...).

When testing, code that causes React state updates should be wrapped into act(...):

act(() => {
  /* fire events that update state */
});
/* assert on the output */

This ensures that you're testing the behavior the user would see in the browser. Learn more at https://reactjs.org/link/wrap-tests-with-act
    at VendorForm (C:/Users/Admin/graceful_books/src/components/vendors/VendorForm.tsx:57:3)
Warning: An update to VendorForm inside a test was not wrapped in act(...).

When testing, code that causes React state updates should be wrapped into act(...):

act(() => {
  /* fire events that update state */
});
/* assert on the output */

This ensures that you're testing the behavior the user would see in the browser. Learn more at https://reactjs.org/link/wrap-tests-with-act
    at VendorForm (C:/Users/Admin/graceful_books/src/components/vendors/VendorForm.tsx:57:3)

[90mstderr[2m | src/components/vendors/VendorForm.test.tsx[2m > [22m[2mVendorForm[2m > [22m[2mEdit Mode[2m > [22m[2mshould update vendor data on submit
[22m[39mWarning: An update to VendorForm inside a test was not wrapped in act(...).

When testing, code that causes React state updates should be wrapped into act(...):

act(() => {
  /* fire events that update state */
});
/* assert on the output */

This ensures that you're testing the behavior the user would see in the browser. Learn more at https://reactjs.org/link/wrap-tests-with-act
    at VendorForm (C:/Users/Admin/graceful_books/src/components/vendors/VendorForm.tsx:57:3)
Warning: An update to VendorForm inside a test was not wrapped in act(...).

When testing, code that causes React state updates should be wrapped into act(...):

act(() => {
  /* fire events that update state */
});
/* assert on the output */

This ensures that you're testing the behavior the user would see in the browser. Learn more at https://reactjs.org/link/wrap-tests-with-act
    at VendorForm (C:/Users/Admin/graceful_books/src/components/vendors/VendorForm.tsx:57:3)
Warning: An update to VendorForm inside a test was not wrapped in act(...).

When testing, code that causes React state updates should be wrapped into act(...):

act(() => {
  /* fire events that update state */
});
/* assert on the output */

This ensures that you're testing the behavior the user would see in the browser. Learn more at https://reactjs.org/link/wrap-tests-with-act
    at VendorForm (C:/Users/Admin/graceful_books/src/components/vendors/VendorForm.tsx:57:3)

[90mstderr[2m | src/components/vendors/VendorForm.test.tsx[2m > [22m[2mVendorForm[2m > [22m[2mEdit Mode[2m > [22m[2mshould update vendor data on submit
[22m[39mWarning: An update to VendorForm inside a test was not wrapped in act(...).

When testing, code that causes React state updates should be wrapped into act(...):

act(() => {
  /* fire events that update state */
});
/* assert on the output */

This ensures that you're testing the behavior the user would see in the browser. Learn more at https://reactjs.org/link/wrap-tests-with-act
    at VendorForm (C:/Users/Admin/graceful_books/src/components/vendors/VendorForm.tsx:57:3)
Warning: An update to VendorForm inside a test was not wrapped in act(...).

When testing, code that causes React state updates should be wrapped into act(...):

act(() => {
  /* fire events that update state */
});
/* assert on the output */

This ensures that you're testing the behavior the user would see in the browser. Learn more at https://reactjs.org/link/wrap-tests-with-act
    at VendorForm (C:/Users/Admin/graceful_books/src/components/vendors/VendorForm.tsx:57:3)
Warning: An update to VendorForm inside a test was not wrapped in act(...).

When testing, code that causes React state updates should be wrapped into act(...):

act(() => {
  /* fire events that update state */
});
/* assert on the output */

This ensures that you're testing the behavior the user would see in the browser. Learn more at https://reactjs.org/link/wrap-tests-with-act
    at VendorForm (C:/Users/Admin/graceful_books/src/components/vendors/VendorForm.tsx:57:3)

[90mstderr[2m | src/components/vendors/VendorForm.test.tsx[2m > [22m[2mVendorForm[2m > [22m[2mEdit Mode[2m > [22m[2mshould update vendor data on submit
[22m[39mWarning: An update to VendorForm inside a test was not wrapped in act(...).

When testing, code that causes React state updates should be wrapped into act(...):

act(() => {
  /* fire events that update state */
});
/* assert on the output */

This ensures that you're testing the behavior the user would see in the browser. Learn more at https://reactjs.org/link/wrap-tests-with-act
    at VendorForm (C:/Users/Admin/graceful_books/src/components/vendors/VendorForm.tsx:57:3)
Warning: An update to VendorForm inside a test was not wrapped in act(...).

When testing, code that causes React state updates should be wrapped into act(...):

act(() => {
  /* fire events that update state */
});
/* assert on the output */

This ensures that you're testing the behavior the user would see in the browser. Learn more at https://reactjs.org/link/wrap-tests-with-act
    at VendorForm (C:/Users/Admin/graceful_books/src/components/vendors/VendorForm.tsx:57:3)
Warning: An update to VendorForm inside a test was not wrapped in act(...).

When testing, code that causes React state updates should be wrapped into act(...):

act(() => {
  /* fire events that update state */
});
/* assert on the output */

This ensures that you're testing the behavior the user would see in the browser. Learn more at https://reactjs.org/link/wrap-tests-with-act
    at VendorForm (C:/Users/Admin/graceful_books/src/components/vendors/VendorForm.tsx:57:3)

[90mstderr[2m | src/components/vendors/VendorForm.test.tsx[2m > [22m[2mVendorForm[2m > [22m[2mEdit Mode[2m > [22m[2mshould update vendor data on submit
[22m[39mWarning: An update to VendorForm inside a test was not wrapped in act(...).

When testing, code that causes React state updates should be wrapped into act(...):

act(() => {
  /* fire events that update state */
});
/* assert on the output */

This ensures that you're testing the behavior the user would see in the browser. Learn more at https://reactjs.org/link/wrap-tests-with-act
    at VendorForm (C:/Users/Admin/graceful_books/src/components/vendors/VendorForm.tsx:57:3)
Warning: An update to VendorForm inside a test was not wrapped in act(...).

When testing, code that causes React state updates should be wrapped into act(...):

act(() => {
  /* fire events that update state */
});
/* assert on the output */

This ensures that you're testing the behavior the user would see in the browser. Learn more at https://reactjs.org/link/wrap-tests-with-act
    at VendorForm (C:/Users/Admin/graceful_books/src/components/vendors/VendorForm.tsx:57:3)
Warning: An update to VendorForm inside a test was not wrapped in act(...).

When testing, code that causes React state updates should be wrapped into act(...):

act(() => {
  /* fire events that update state */
});
/* assert on the output */

This ensures that you're testing the behavior the user would see in the browser. Learn more at https://reactjs.org/link/wrap-tests-with-act
    at VendorForm (C:/Users/Admin/graceful_books/src/components/vendors/VendorForm.tsx:57:3)

[90mstderr[2m | src/components/vendors/VendorForm.test.tsx[2m > [22m[2mVendorForm[2m > [22m[2mEdit Mode[2m > [22m[2mshould update vendor data on submit
[22m[39mWarning: An update to VendorForm inside a test was not wrapped in act(...).

When testing, code that causes React state updates should be wrapped into act(...):

act(() => {
  /* fire events that update state */
});
/* assert on the output */

This ensures that you're testing the behavior the user would see in the browser. Learn more at https://reactjs.org/link/wrap-tests-with-act
    at VendorForm (C:/Users/Admin/graceful_books/src/components/vendors/VendorForm.tsx:57:3)
Warning: An update to VendorForm inside a test was not wrapped in act(...).

When testing, code that causes React state updates should be wrapped into act(...):

act(() => {
  /* fire events that update state */
});
/* assert on the output */

This ensures that you're testing the behavior the user would see in the browser. Learn more at https://reactjs.org/link/wrap-tests-with-act
    at VendorForm (C:/Users/Admin/graceful_books/src/components/vendors/VendorForm.tsx:57:3)
Warning: An update to VendorForm inside a test was not wrapped in act(...).

When testing, code that causes React state updates should be wrapped into act(...):

act(() => {
  /* fire events that update state */
});
/* assert on the output */

This ensures that you're testing the behavior the user would see in the browser. Learn more at https://reactjs.org/link/wrap-tests-with-act
    at VendorForm (C:/Users/Admin/graceful_books/src/components/vendors/VendorForm.tsx:57:3)

[90mstderr[2m | src/components/vendors/VendorForm.test.tsx[2m > [22m[2mVendorForm[2m > [22m[2mEdit Mode[2m > [22m[2mshould update vendor data on submit
[22m[39mWarning: An update to VendorForm inside a test was not wrapped in act(...).

When testing, code that causes React state updates should be wrapped into act(...):

act(() => {
  /* fire events that update state */
});
/* assert on the output */

This ensures that you're testing the behavior the user would see in the browser. Learn more at https://reactjs.org/link/wrap-tests-with-act
    at VendorForm (C:/Users/Admin/graceful_books/src/components/vendors/VendorForm.tsx:57:3)
Warning: An update to VendorForm inside a test was not wrapped in act(...).

When testing, code that causes React state updates should be wrapped into act(...):

act(() => {
  /* fire events that update state */
});
/* assert on the output */

This ensures that you're testing the behavior the user would see in the browser. Learn more at https://reactjs.org/link/wrap-tests-with-act
    at VendorForm (C:/Users/Admin/graceful_books/src/components/vendors/VendorForm.tsx:57:3)
Warning: An update to VendorForm inside a test was not wrapped in act(...).

When testing, code that causes React state updates should be wrapped into act(...):

act(() => {
  /* fire events that update state */
});
/* assert on the output */

This ensures that you're testing the behavior the user would see in the browser. Learn more at https://reactjs.org/link/wrap-tests-with-act
    at VendorForm (C:/Users/Admin/graceful_books/src/components/vendors/VendorForm.tsx:57:3)

[90mstderr[2m | src/components/vendors/VendorForm.test.tsx[2m > [22m[2mVendorForm[2m > [22m[2mEdit Mode[2m > [22m[2mshould update vendor data on submit
[22m[39mWarning: An update to VendorForm inside a test was not wrapped in act(...).

When testing, code that causes React state updates should be wrapped into act(...):

act(() => {
  /* fire events that update state */
});
/* assert on the output */

This ensures that you're testing the behavior the user would see in the browser. Learn more at https://reactjs.org/link/wrap-tests-with-act
    at VendorForm (C:/Users/Admin/graceful_books/src/components/vendors/VendorForm.tsx:57:3)
Warning: An update to VendorForm inside a test was not wrapped in act(...).

When testing, code that causes React state updates should be wrapped into act(...):

act(() => {
  /* fire events that update state */
});
/* assert on the output */

This ensures that you're testing the behavior the user would see in the browser. Learn more at https://reactjs.org/link/wrap-tests-with-act
    at VendorForm (C:/Users/Admin/graceful_books/src/components/vendors/VendorForm.tsx:57:3)
Warning: An update to VendorForm inside a test was not wrapped in act(...).

When testing, code that causes React state updates should be wrapped into act(...):

act(() => {
  /* fire events that update state */
});
/* assert on the output */

This ensures that you're testing the behavior the user would see in the browser. Learn more at https://reactjs.org/link/wrap-tests-with-act
    at VendorForm (C:/Users/Admin/graceful_books/src/components/vendors/VendorForm.tsx:57:3)

[90mstderr[2m | src/components/vendors/VendorForm.test.tsx[2m > [22m[2mVendorForm[2m > [22m[2mEdit Mode[2m > [22m[2mshould update vendor data on submit
[22m[39mWarning: An update to VendorForm inside a test was not wrapped in act(...).

When testing, code that causes React state updates should be wrapped into act(...):

act(() => {
  /* fire events that update state */
});
/* assert on the output */

This ensures that you're testing the behavior the user would see in the browser. Learn more at https://reactjs.org/link/wrap-tests-with-act
    at VendorForm (C:/Users/Admin/graceful_books/src/components/vendors/VendorForm.tsx:57:3)
Warning: An update to VendorForm inside a test was not wrapped in act(...).

When testing, code that causes React state updates should be wrapped into act(...):

act(() => {
  /* fire events that update state */
});
/* assert on the output */

This ensures that you're testing the behavior the user would see in the browser. Learn more at https://reactjs.org/link/wrap-tests-with-act
    at VendorForm (C:/Users/Admin/graceful_books/src/components/vendors/VendorForm.tsx:57:3)
Warning: An update to VendorForm inside a test was not wrapped in act(...).

When testing, code that causes React state updates should be wrapped into act(...):

act(() => {
  /* fire events that update state */
});
/* assert on the output */

This ensures that you're testing the behavior the user would see in the browser. Learn more at https://reactjs.org/link/wrap-tests-with-act
    at VendorForm (C:/Users/Admin/graceful_books/src/components/vendors/VendorForm.tsx:57:3)

[90mstderr[2m | src/components/vendors/VendorForm.test.tsx[2m > [22m[2mVendorForm[2m > [22m[2mEdit Mode[2m > [22m[2mshould update vendor data on submit
[22m[39mWarning: An update to VendorForm inside a test was not wrapped in act(...).

When testing, code that causes React state updates should be wrapped into act(...):

act(() => {
  /* fire events that update state */
});
/* assert on the output */

This ensures that you're testing the behavior the user would see in the browser. Learn more at https://reactjs.org/link/wrap-tests-with-act
    at VendorForm (C:/Users/Admin/graceful_books/src/components/vendors/VendorForm.tsx:57:3)
Warning: An update to VendorForm inside a test was not wrapped in act(...).

When testing, code that causes React state updates should be wrapped into act(...):

act(() => {
  /* fire events that update state */
});
/* assert on the output */

This ensures that you're testing the behavior the user would see in the browser. Learn more at https://reactjs.org/link/wrap-tests-with-act
    at VendorForm (C:/Users/Admin/graceful_books/src/components/vendors/VendorForm.tsx:57:3)
Warning: An update to VendorForm inside a test was not wrapped in act(...).

When testing, code that causes React state updates should be wrapped into act(...):

act(() => {
  /* fire events that update state */
});
/* assert on the output */

This ensures that you're testing the behavior the user would see in the browser. Learn more at https://reactjs.org/link/wrap-tests-with-act
    at VendorForm (C:/Users/Admin/graceful_books/src/components/vendors/VendorForm.tsx:57:3)

[90mstderr[2m | src/components/vendors/VendorForm.test.tsx[2m > [22m[2mVendorForm[2m > [22m[2mEdit Mode[2m > [22m[2mshould update vendor data on submit
[22m[39mWarning: An update to VendorForm inside a test was not wrapped in act(...).

When testing, code that causes React state updates should be wrapped into act(...):

act(() => {
  /* fire events that update state */
});
/* assert on the output */

This ensures that you're testing the behavior the user would see in the browser. Learn more at https://reactjs.org/link/wrap-tests-with-act
    at VendorForm (C:/Users/Admin/graceful_books/src/components/vendors/VendorForm.tsx:57:3)
Warning: An update to VendorForm inside a test was not wrapped in act(...).

When testing, code that causes React state updates should be wrapped into act(...):

act(() => {
  /* fire events that update state */
});
/* assert on the output */

This ensures that you're testing the behavior the user would see in the browser. Learn more at https://reactjs.org/link/wrap-tests-with-act
    at VendorForm (C:/Users/Admin/graceful_books/src/components/vendors/VendorForm.tsx:57:3)
Warning: An update to VendorForm inside a test was not wrapped in act(...).

When testing, code that causes React state updates should be wrapped into act(...):

act(() => {
  /* fire events that update state */
});
/* assert on the output */

This ensures that you're testing the behavior the user would see in the browser. Learn more at https://reactjs.org/link/wrap-tests-with-act
    at VendorForm (C:/Users/Admin/graceful_books/src/components/vendors/VendorForm.tsx:57:3)

[90mstderr[2m | src/components/vendors/VendorForm.test.tsx[2m > [22m[2mVendorForm[2m > [22m[2mEdit Mode[2m > [22m[2mshould update vendor data on submit
[22m[39mWarning: An update to VendorForm inside a test was not wrapped in act(...).

When testing, code that causes React state updates should be wrapped into act(...):

act(() => {
  /* fire events that update state */
});
/* assert on the output */

This ensures that you're testing the behavior the user would see in the browser. Learn more at https://reactjs.org/link/wrap-tests-with-act
    at VendorForm (C:/Users/Admin/graceful_books/src/components/vendors/VendorForm.tsx:57:3)
Warning: An update to VendorForm inside a test was not wrapped in act(...).

When testing, code that causes React state updates should be wrapped into act(...):

act(() => {
  /* fire events that update state */
});
/* assert on the output */

This ensures that you're testing the behavior the user would see in the browser. Learn more at https://reactjs.org/link/wrap-tests-with-act
    at VendorForm (C:/Users/Admin/graceful_books/src/components/vendors/VendorForm.tsx:57:3)
Warning: An update to VendorForm inside a test was not wrapped in act(...).

When testing, code that causes React state updates should be wrapped into act(...):

act(() => {
  /* fire events that update state */
});
/* assert on the output */

This ensures that you're testing the behavior the user would see in the browser. Learn more at https://reactjs.org/link/wrap-tests-with-act
    at VendorForm (C:/Users/Admin/graceful_books/src/components/vendors/VendorForm.tsx:57:3)

[90mstderr[2m | src/components/vendors/VendorForm.test.tsx[2m > [22m[2mVendorForm[2m > [22m[2mEdit Mode[2m > [22m[2mshould update vendor data on submit
[22m[39mWarning: An update to VendorForm inside a test was not wrapped in act(...).

When testing, code that causes React state updates should be wrapped into act(...):

act(() => {
  /* fire events that update state */
});
/* assert on the output */

This ensures that you're testing the behavior the user would see in the browser. Learn more at https://reactjs.org/link/wrap-tests-with-act
    at VendorForm (C:/Users/Admin/graceful_books/src/components/vendors/VendorForm.tsx:57:3)
Warning: An update to VendorForm inside a test was not wrapped in act(...).

When testing, code that causes React state updates should be wrapped into act(...):

act(() => {
  /* fire events that update state */
});
/* assert on the output */

This ensures that you're testing the behavior the user would see in the browser. Learn more at https://reactjs.org/link/wrap-tests-with-act
    at VendorForm (C:/Users/Admin/graceful_books/src/components/vendors/VendorForm.tsx:57:3)
Warning: An update to VendorForm inside a test was not wrapped in act(...).

When testing, code that causes React state updates should be wrapped into act(...):

act(() => {
  /* fire events that update state */
});
/* assert on the output */

This ensures that you're testing the behavior the user would see in the browser. Learn more at https://reactjs.org/link/wrap-tests-with-act
    at VendorForm (C:/Users/Admin/graceful_books/src/components/vendors/VendorForm.tsx:57:3)

[90mstderr[2m | src/components/vendors/VendorForm.test.tsx[2m > [22m[2mVendorForm[2m > [22m[2mAddress Section[2m > [22m[2mshould show address fields when checkbox is checked
[22m[39mWarning: An update to VendorForm inside a test was not wrapped in act(...).

When testing, code that causes React state updates should be wrapped into act(...):

act(() => {
  /* fire events that update state */
});
/* assert on the output */

This ensures that you're testing the behavior the user would see in the browser. Learn more at https://reactjs.org/link/wrap-tests-with-act
    at VendorForm (C:/Users/Admin/graceful_books/src/components/vendors/VendorForm.tsx:57:3)

[90mstderr[2m | src/components/vendors/VendorForm.test.tsx[2m > [22m[2mVendorForm[2m > [22m[2mAddress Section[2m > [22m[2mshould validate address fields when shown
[22m[39mWarning: An update to VendorForm inside a test was not wrapped in act(...).

When testing, code that causes React state updates should be wrapped into act(...):

act(() => {
  /* fire events that update state */
});
/* assert on the output */

This ensures that you're testing the behavior the user would see in the browser. Learn more at https://reactjs.org/link/wrap-tests-with-act
    at VendorForm (C:/Users/Admin/graceful_books/src/components/vendors/VendorForm.tsx:57:3)
Warning: An update to VendorForm inside a test was not wrapped in act(...).

When testing, code that causes React state updates should be wrapped into act(...):

act(() => {
  /* fire events that update state */
});
/* assert on the output */

This ensures that you're testing the behavior the user would see in the browser. Learn more at https://reactjs.org/link/wrap-tests-with-act
    at VendorForm (C:/Users/Admin/graceful_books/src/components/vendors/VendorForm.tsx:57:3)
Warning: An update to VendorForm inside a test was not wrapped in act(...).

When testing, code that causes React state updates should be wrapped into act(...):

act(() => {
  /* fire events that update state */
});
/* assert on the output */

This ensures that you're testing the behavior the user would see in the browser. Learn more at https://reactjs.org/link/wrap-tests-with-act
    at VendorForm (C:/Users/Admin/graceful_books/src/components/vendors/VendorForm.tsx:57:3)

[90mstderr[2m | src/components/vendors/VendorForm.test.tsx[2m > [22m[2mVendorForm[2m > [22m[2mAddress Section[2m > [22m[2mshould validate address fields when shown
[22m[39mWarning: An update to VendorForm inside a test was not wrapped in act(...).

When testing, code that causes React state updates should be wrapped into act(...):

act(() => {
  /* fire events that update state */
});
/* assert on the output */

This ensures that you're testing the behavior the user would see in the browser. Learn more at https://reactjs.org/link/wrap-tests-with-act
    at VendorForm (C:/Users/Admin/graceful_books/src/components/vendors/VendorForm.tsx:57:3)
Warning: An update to VendorForm inside a test was not wrapped in act(...).

When testing, code that causes React state updates should be wrapped into act(...):

act(() => {
  /* fire events that update state */
});
/* assert on the output */

This ensures that you're testing the behavior the user would see in the browser. Learn more at https://reactjs.org/link/wrap-tests-with-act
    at VendorForm (C:/Users/Admin/graceful_books/src/components/vendors/VendorForm.tsx:57:3)
Warning: An update to VendorForm inside a test was not wrapped in act(...).

When testing, code that causes React state updates should be wrapped into act(...):

act(() => {
  /* fire events that update state */
});
/* assert on the output */

This ensures that you're testing the behavior the user would see in the browser. Learn more at https://reactjs.org/link/wrap-tests-with-act
    at VendorForm (C:/Users/Admin/graceful_books/src/components/vendors/VendorForm.tsx:57:3)

[90mstderr[2m | src/components/vendors/VendorForm.test.tsx[2m > [22m[2mVendorForm[2m > [22m[2mAddress Section[2m > [22m[2mshould validate address fields when shown
[22m[39mWarning: An update to VendorForm inside a test was not wrapped in act(...).

When testing, code that causes React state updates should be wrapped into act(...):

act(() => {
  /* fire events that update state */
});
/* assert on the output */

This ensures that you're testing the behavior the user would see in the browser. Learn more at https://reactjs.org/link/wrap-tests-with-act
    at VendorForm (C:/Users/Admin/graceful_books/src/components/vendors/VendorForm.tsx:57:3)
Warning: An update to VendorForm inside a test was not wrapped in act(...).

When testing, code that causes React state updates should be wrapped into act(...):

act(() => {
  /* fire events that update state */
});
/* assert on the output */

This ensures that you're testing the behavior the user would see in the browser. Learn more at https://reactjs.org/link/wrap-tests-with-act
    at VendorForm (C:/Users/Admin/graceful_books/src/components/vendors/VendorForm.tsx:57:3)
Warning: An update to VendorForm inside a test was not wrapped in act(...).

When testing, code that causes React state updates should be wrapped into act(...):

act(() => {
  /* fire events that update state */
});
/* assert on the output */

This ensures that you're testing the behavior the user would see in the browser. Learn more at https://reactjs.org/link/wrap-tests-with-act
    at VendorForm (C:/Users/Admin/graceful_books/src/components/vendors/VendorForm.tsx:57:3)

[90mstderr[2m | src/components/vendors/VendorForm.test.tsx[2m > [22m[2mVendorForm[2m > [22m[2mAddress Section[2m > [22m[2mshould validate address fields when shown
[22m[39mWarning: An update to VendorForm inside a test was not wrapped in act(...).

When testing, code that causes React state updates should be wrapped into act(...):

act(() => {
  /* fire events that update state */
});
/* assert on the output */

This ensures that you're testing the behavior the user would see in the browser. Learn more at https://reactjs.org/link/wrap-tests-with-act
    at VendorForm (C:/Users/Admin/graceful_books/src/components/vendors/VendorForm.tsx:57:3)
Warning: An update to VendorForm inside a test was not wrapped in act(...).

When testing, code that causes React state updates should be wrapped into act(...):

act(() => {
  /* fire events that update state */
});
/* assert on the output */

This ensures that you're testing the behavior the user would see in the browser. Learn more at https://reactjs.org/link/wrap-tests-with-act
    at VendorForm (C:/Users/Admin/graceful_books/src/components/vendors/VendorForm.tsx:57:3)
Warning: An update to VendorForm inside a test was not wrapped in act(...).

When testing, code that causes React state updates should be wrapped into act(...):

act(() => {
  /* fire events that update state */
});
/* assert on the output */

This ensures that you're testing the behavior the user would see in the browser. Learn more at https://reactjs.org/link/wrap-tests-with-act
    at VendorForm (C:/Users/Admin/graceful_books/src/components/vendors/VendorForm.tsx:57:3)

[90mstderr[2m | src/components/vendors/VendorForm.test.tsx[2m > [22m[2mVendorForm[2m > [22m[2mAddress Section[2m > [22m[2mshould validate address fields when shown
[22m[39mWarning: An update to VendorForm inside a test was not wrapped in act(...).

When testing, code that causes React state updates should be wrapped into act(...):

act(() => {
  /* fire events that update state */
});
/* assert on the output */

This ensures that you're testing the behavior the user would see in the browser. Learn more at https://reactjs.org/link/wrap-tests-with-act
    at VendorForm (C:/Users/Admin/graceful_books/src/components/vendors/VendorForm.tsx:57:3)
Warning: An update to VendorForm inside a test was not wrapped in act(...).

When testing, code that causes React state updates should be wrapped into act(...):

act(() => {
  /* fire events that update state */
});
/* assert on the output */

This ensures that you're testing the behavior the user would see in the browser. Learn more at https://reactjs.org/link/wrap-tests-with-act
    at VendorForm (C:/Users/Admin/graceful_books/src/components/vendors/VendorForm.tsx:57:3)
Warning: An update to VendorForm inside a test was not wrapped in act(...).

When testing, code that causes React state updates should be wrapped into act(...):

act(() => {
  /* fire events that update state */
});
/* assert on the output */

This ensures that you're testing the behavior the user would see in the browser. Learn more at https://reactjs.org/link/wrap-tests-with-act
    at VendorForm (C:/Users/Admin/graceful_books/src/components/vendors/VendorForm.tsx:57:3)

[90mstderr[2m | src/components/vendors/VendorForm.test.tsx[2m > [22m[2mVendorForm[2m > [22m[2mAddress Section[2m > [22m[2mshould validate address fields when shown
[22m[39mWarning: An update to VendorForm inside a test was not wrapped in act(...).

When testing, code that causes React state updates should be wrapped into act(...):

act(() => {
  /* fire events that update state */
});
/* assert on the output */

This ensures that you're testing the behavior the user would see in the browser. Learn more at https://reactjs.org/link/wrap-tests-with-act
    at VendorForm (C:/Users/Admin/graceful_books/src/components/vendors/VendorForm.tsx:57:3)
Warning: An update to VendorForm inside a test was not wrapped in act(...).

When testing, code that causes React state updates should be wrapped into act(...):

act(() => {
  /* fire events that update state */
});
/* assert on the output */

This ensures that you're testing the behavior the user would see in the browser. Learn more at https://reactjs.org/link/wrap-tests-with-act
    at VendorForm (C:/Users/Admin/graceful_books/src/components/vendors/VendorForm.tsx:57:3)
Warning: An update to VendorForm inside a test was not wrapped in act(...).

When testing, code that causes React state updates should be wrapped into act(...):

act(() => {
  /* fire events that update state */
});
/* assert on the output */

This ensures that you're testing the behavior the user would see in the browser. Learn more at https://reactjs.org/link/wrap-tests-with-act
    at VendorForm (C:/Users/Admin/graceful_books/src/components/vendors/VendorForm.tsx:57:3)

[90mstderr[2m | src/components/vendors/VendorForm.test.tsx[2m > [22m[2mVendorForm[2m > [22m[2mAddress Section[2m > [22m[2mshould validate address fields when shown
[22m[39mWarning: An update to VendorForm inside a test was not wrapped in act(...).

When testing, code that causes React state updates should be wrapped into act(...):

act(() => {
  /* fire events that update state */
});
/* assert on the output */

This ensures that you're testing the behavior the user would see in the browser. Learn more at https://reactjs.org/link/wrap-tests-with-act
    at VendorForm (C:/Users/Admin/graceful_books/src/components/vendors/VendorForm.tsx:57:3)
Warning: An update to VendorForm inside a test was not wrapped in act(...).

When testing, code that causes React state updates should be wrapped into act(...):

act(() => {
  /* fire events that update state */
});
/* assert on the output */

This ensures that you're testing the behavior the user would see in the browser. Learn more at https://reactjs.org/link/wrap-tests-with-act
    at VendorForm (C:/Users/Admin/graceful_books/src/components/vendors/VendorForm.tsx:57:3)
Warning: An update to VendorForm inside a test was not wrapped in act(...).

When testing, code that causes React state updates should be wrapped into act(...):

act(() => {
  /* fire events that update state */
});
/* assert on the output */

This ensures that you're testing the behavior the user would see in the browser. Learn more at https://reactjs.org/link/wrap-tests-with-act
    at VendorForm (C:/Users/Admin/graceful_books/src/components/vendors/VendorForm.tsx:57:3)

[90mstderr[2m | src/components/vendors/VendorForm.test.tsx[2m > [22m[2mVendorForm[2m > [22m[2mAddress Section[2m > [22m[2mshould validate address fields when shown
[22m[39mWarning: An update to VendorForm inside a test was not wrapped in act(...).

When testing, code that causes React state updates should be wrapped into act(...):

act(() => {
  /* fire events that update state */
});
/* assert on the output */

This ensures that you're testing the behavior the user would see in the browser. Learn more at https://reactjs.org/link/wrap-tests-with-act
    at VendorForm (C:/Users/Admin/graceful_books/src/components/vendors/VendorForm.tsx:57:3)
Warning: An update to VendorForm inside a test was not wrapped in act(...).

When testing, code that causes React state updates should be wrapped into act(...):

act(() => {
  /* fire events that update state */
});
/* assert on the output */

This ensures that you're testing the behavior the user would see in the browser. Learn more at https://reactjs.org/link/wrap-tests-with-act
    at VendorForm (C:/Users/Admin/graceful_books/src/components/vendors/VendorForm.tsx:57:3)
Warning: An update to VendorForm inside a test was not wrapped in act(...).

When testing, code that causes React state updates should be wrapped into act(...):

act(() => {
  /* fire events that update state */
});
/* assert on the output */

This ensures that you're testing the behavior the user would see in the browser. Learn more at https://reactjs.org/link/wrap-tests-with-act
    at VendorForm (C:/Users/Admin/graceful_books/src/components/vendors/VendorForm.tsx:57:3)

[90mstderr[2m | src/components/vendors/VendorForm.test.tsx[2m > [22m[2mVendorForm[2m > [22m[2mAddress Section[2m > [22m[2mshould validate address fields when shown
[22m[39mWarning: An update to VendorForm inside a test was not wrapped in act(...).

When testing, code that causes React state updates should be wrapped into act(...):

act(() => {
  /* fire events that update state */
});
/* assert on the output */

This ensures that you're testing the behavior the user would see in the browser. Learn more at https://reactjs.org/link/wrap-tests-with-act
    at VendorForm (C:/Users/Admin/graceful_books/src/components/vendors/VendorForm.tsx:57:3)
Warning: An update to VendorForm inside a test was not wrapped in act(...).

When testing, code that causes React state updates should be wrapped into act(...):

act(() => {
  /* fire events that update state */
});
/* assert on the output */

This ensures that you're testing the behavior the user would see in the browser. Learn more at https://reactjs.org/link/wrap-tests-with-act
    at VendorForm (C:/Users/Admin/graceful_books/src/components/vendors/VendorForm.tsx:57:3)
Warning: An update to VendorForm inside a test was not wrapped in act(...).

When testing, code that causes React state updates should be wrapped into act(...):

act(() => {
  /* fire events that update state */
});
/* assert on the output */

This ensures that you're testing the behavior the user would see in the browser. Learn more at https://reactjs.org/link/wrap-tests-with-act
    at VendorForm (C:/Users/Admin/graceful_books/src/components/vendors/VendorForm.tsx:57:3)

[90mstderr[2m | src/components/vendors/VendorForm.test.tsx[2m > [22m[2mVendorForm[2m > [22m[2mAddress Section[2m > [22m[2mshould validate address fields when shown
[22m[39mWarning: An update to VendorForm inside a test was not wrapped in act(...).

When testing, code that causes React state updates should be wrapped into act(...):

act(() => {
  /* fire events that update state */
});
/* assert on the output */

This ensures that you're testing the behavior the user would see in the browser. Learn more at https://reactjs.org/link/wrap-tests-with-act
    at VendorForm (C:/Users/Admin/graceful_books/src/components/vendors/VendorForm.tsx:57:3)
Warning: An update to VendorForm inside a test was not wrapped in act(...).

When testing, code that causes React state updates should be wrapped into act(...):

act(() => {
  /* fire events that update state */
});
/* assert on the output */

This ensures that you're testing the behavior the user would see in the browser. Learn more at https://reactjs.org/link/wrap-tests-with-act
    at VendorForm (C:/Users/Admin/graceful_books/src/components/vendors/VendorForm.tsx:57:3)
Warning: An update to VendorForm inside a test was not wrapped in act(...).

When testing, code that causes React state updates should be wrapped into act(...):

act(() => {
  /* fire events that update state */
});
/* assert on the output */

This ensures that you're testing the behavior the user would see in the browser. Learn more at https://reactjs.org/link/wrap-tests-with-act
    at VendorForm (C:/Users/Admin/graceful_books/src/components/vendors/VendorForm.tsx:57:3)

[90mstderr[2m | src/components/vendors/VendorForm.test.tsx[2m > [22m[2mVendorForm[2m > [22m[2mAddress Section[2m > [22m[2mshould validate address fields when shown
[22m[39mWarning: An update to VendorForm inside a test was not wrapped in act(...).

When testing, code that causes React state updates should be wrapped into act(...):

act(() => {
  /* fire events that update state */
});
/* assert on the output */

This ensures that you're testing the behavior the user would see in the browser. Learn more at https://reactjs.org/link/wrap-tests-with-act
    at VendorForm (C:/Users/Admin/graceful_books/src/components/vendors/VendorForm.tsx:57:3)
Warning: An update to VendorForm inside a test was not wrapped in act(...).

When testing, code that causes React state updates should be wrapped into act(...):

act(() => {
  /* fire events that update state */
});
/* assert on the output */

This ensures that you're testing the behavior the user would see in the browser. Learn more at https://reactjs.org/link/wrap-tests-with-act
    at VendorForm (C:/Users/Admin/graceful_books/src/components/vendors/VendorForm.tsx:57:3)
Warning: An update to VendorForm inside a test was not wrapped in act(...).

When testing, code that causes React state updates should be wrapped into act(...):

act(() => {
  /* fire events that update state */
});
/* assert on the output */

This ensures that you're testing the behavior the user would see in the browser. Learn more at https://reactjs.org/link/wrap-tests-with-act
    at VendorForm (C:/Users/Admin/graceful_books/src/components/vendors/VendorForm.tsx:57:3)

[90mstderr[2m | src/components/vendors/VendorForm.test.tsx[2m > [22m[2mVendorForm[2m > [22m[2mAddress Section[2m > [22m[2mshould validate address fields when shown
[22m[39mWarning: An update to VendorForm inside a test was not wrapped in act(...).

When testing, code that causes React state updates should be wrapped into act(...):

act(() => {
  /* fire events that update state */
});
/* assert on the output */

This ensures that you're testing the behavior the user would see in the browser. Learn more at https://reactjs.org/link/wrap-tests-with-act
    at VendorForm (C:/Users/Admin/graceful_books/src/components/vendors/VendorForm.tsx:57:3)

[90mstderr[2m | src/components/vendors/VendorForm.test.tsx[2m > [22m[2mVendorForm[2m > [22m[2mAddress Section[2m > [22m[2mshould validate address fields when shown
[22m[39mWarning: An update to VendorForm inside a test was not wrapped in act(...).

When testing, code that causes React state updates should be wrapped into act(...):

act(() => {
  /* fire events that update state */
});
/* assert on the output */

This ensures that you're testing the behavior the user would see in the browser. Learn more at https://reactjs.org/link/wrap-tests-with-act
    at VendorForm (C:/Users/Admin/graceful_books/src/components/vendors/VendorForm.tsx:57:3)
Warning: An update to VendorForm inside a test was not wrapped in act(...).

When testing, code that causes React state updates should be wrapped into act(...):

act(() => {
  /* fire events that update state */
});
/* assert on the output */

This ensures that you're testing the behavior the user would see in the browser. Learn more at https://reactjs.org/link/wrap-tests-with-act
    at VendorForm (C:/Users/Admin/graceful_books/src/components/vendors/VendorForm.tsx:57:3)
Warning: A component is changing an uncontrolled input to be controlled. This is likely caused by the value changing from undefined to a defined value, which should not happen. Decide between using a controlled or uncontrolled input element for the lifetime of the component. More info: https://reactjs.org/link/controlled-components
    at input
    at div
    at div
    at C:/Users/Admin/graceful_books/src/components/forms/Input.tsx:8:5
    at div
    at div
    at div
    at form
    at VendorForm (C:/Users/Admin/graceful_books/src/components/vendors/VendorForm.tsx:57:3)
Warning: An update to VendorForm inside a test was not wrapped in act(...).

When testing, code that causes React state updates should be wrapped into act(...):

act(() => {
  /* fire events that update state */
});
/* assert on the output */

This ensures that you're testing the behavior the user would see in the browser. Learn more at https://reactjs.org/link/wrap-tests-with-act
    at VendorForm (C:/Users/Admin/graceful_books/src/components/vendors/VendorForm.tsx:57:3)

[90mstderr[2m | src/components/vendors/VendorForm.test.tsx[2m > [22m[2mVendorForm[2m > [22m[2mAddress Section[2m > [22m[2mshould validate address fields when shown
[22m[39mWarning: An update to VendorForm inside a test was not wrapped in act(...).

When testing, code that causes React state updates should be wrapped into act(...):

act(() => {
  /* fire events that update state */
});
/* assert on the output */

This ensures that you're testing the behavior the user would see in the browser. Learn more at https://reactjs.org/link/wrap-tests-with-act
    at VendorForm (C:/Users/Admin/graceful_books/src/components/vendors/VendorForm.tsx:57:3)
Warning: An update to VendorForm inside a test was not wrapped in act(...).

When testing, code that causes React state updates should be wrapped into act(...):

act(() => {
  /* fire events that update state */
});
/* assert on the output */

This ensures that you're testing the behavior the user would see in the browser. Learn more at https://reactjs.org/link/wrap-tests-with-act
    at VendorForm (C:/Users/Admin/graceful_books/src/components/vendors/VendorForm.tsx:57:3)
Warning: An update to VendorForm inside a test was not wrapped in act(...).

When testing, code that causes React state updates should be wrapped into act(...):

act(() => {
  /* fire events that update state */
});
/* assert on the output */

This ensures that you're testing the behavior the user would see in the browser. Learn more at https://reactjs.org/link/wrap-tests-with-act
    at VendorForm (C:/Users/Admin/graceful_books/src/components/vendors/VendorForm.tsx:57:3)

[90mstderr[2m | src/components/vendors/VendorForm.test.tsx[2m > [22m[2mVendorForm[2m > [22m[2mAddress Section[2m > [22m[2mshould validate address fields when shown
[22m[39mWarning: An update to VendorForm inside a test was not wrapped in act(...).

When testing, code that causes React state updates should be wrapped into act(...):

act(() => {
  /* fire events that update state */
});
/* assert on the output */

This ensures that you're testing the behavior the user would see in the browser. Learn more at https://reactjs.org/link/wrap-tests-with-act
    at VendorForm (C:/Users/Admin/graceful_books/src/components/vendors/VendorForm.tsx:57:3)
Warning: An update to VendorForm inside a test was not wrapped in act(...).

When testing, code that causes React state updates should be wrapped into act(...):

act(() => {
  /* fire events that update state */
});
/* assert on the output */

This ensures that you're testing the behavior the user would see in the browser. Learn more at https://reactjs.org/link/wrap-tests-with-act
    at VendorForm (C:/Users/Admin/graceful_books/src/components/vendors/VendorForm.tsx:57:3)
Warning: An update to VendorForm inside a test was not wrapped in act(...).

When testing, code that causes React state updates should be wrapped into act(...):

act(() => {
  /* fire events that update state */
});
/* assert on the output */

This ensures that you're testing the behavior the user would see in the browser. Learn more at https://reactjs.org/link/wrap-tests-with-act
    at VendorForm (C:/Users/Admin/graceful_books/src/components/vendors/VendorForm.tsx:57:3)

[90mstderr[2m | src/components/vendors/VendorForm.test.tsx[2m > [22m[2mVendorForm[2m > [22m[2mAddress Section[2m > [22m[2mshould validate address fields when shown
[22m[39mWarning: An update to VendorForm inside a test was not wrapped in act(...).

When testing, code that causes React state updates should be wrapped into act(...):

act(() => {
  /* fire events that update state */
});
/* assert on the output */

This ensures that you're testing the behavior the user would see in the browser. Learn more at https://reactjs.org/link/wrap-tests-with-act
    at VendorForm (C:/Users/Admin/graceful_books/src/components/vendors/VendorForm.tsx:57:3)
Warning: An update to VendorForm inside a test was not wrapped in act(...).

When testing, code that causes React state updates should be wrapped into act(...):

act(() => {
  /* fire events that update state */
});
/* assert on the output */

This ensures that you're testing the behavior the user would see in the browser. Learn more at https://reactjs.org/link/wrap-tests-with-act
    at VendorForm (C:/Users/Admin/graceful_books/src/components/vendors/VendorForm.tsx:57:3)
Warning: An update to VendorForm inside a test was not wrapped in act(...).

When testing, code that causes React state updates should be wrapped into act(...):

act(() => {
  /* fire events that update state */
});
/* assert on the output */

This ensures that you're testing the behavior the user would see in the browser. Learn more at https://reactjs.org/link/wrap-tests-with-act
    at VendorForm (C:/Users/Admin/graceful_books/src/components/vendors/VendorForm.tsx:57:3)

[90mstderr[2m | src/components/vendors/VendorForm.test.tsx[2m > [22m[2mVendorForm[2m > [22m[2mAddress Section[2m > [22m[2mshould validate address fields when shown
[22m[39mWarning: An update to VendorForm inside a test was not wrapped in act(...).

When testing, code that causes React state updates should be wrapped into act(...):

act(() => {
  /* fire events that update state */
});
/* assert on the output */

This ensures that you're testing the behavior the user would see in the browser. Learn more at https://reactjs.org/link/wrap-tests-with-act
    at VendorForm (C:/Users/Admin/graceful_books/src/components/vendors/VendorForm.tsx:57:3)
Warning: An update to VendorForm inside a test was not wrapped in act(...).

When testing, code that causes React state updates should be wrapped into act(...):

act(() => {
  /* fire events that update state */
});
/* assert on the output */

This ensures that you're testing the behavior the user would see in the browser. Learn more at https://reactjs.org/link/wrap-tests-with-act
    at VendorForm (C:/Users/Admin/graceful_books/src/components/vendors/VendorForm.tsx:57:3)
Warning: An update to VendorForm inside a test was not wrapped in act(...).

When testing, code that causes React state updates should be wrapped into act(...):

act(() => {
  /* fire events that update state */
});
/* assert on the output */

This ensures that you're testing the behavior the user would see in the browser. Learn more at https://reactjs.org/link/wrap-tests-with-act
    at VendorForm (C:/Users/Admin/graceful_books/src/components/vendors/VendorForm.tsx:57:3)

[90mstderr[2m | src/components/vendors/VendorForm.test.tsx[2m > [22m[2mVendorForm[2m > [22m[2mAddress Section[2m > [22m[2mshould validate address fields when shown
[22m[39mWarning: An update to VendorForm inside a test was not wrapped in act(...).

When testing, code that causes React state updates should be wrapped into act(...):

act(() => {
  /* fire events that update state */
});
/* assert on the output */

This ensures that you're testing the behavior the user would see in the browser. Learn more at https://reactjs.org/link/wrap-tests-with-act
    at VendorForm (C:/Users/Admin/graceful_books/src/components/vendors/VendorForm.tsx:57:3)
Warning: An update to VendorForm inside a test was not wrapped in act(...).

When testing, code that causes React state updates should be wrapped into act(...):

act(() => {
  /* fire events that update state */
});
/* assert on the output */

This ensures that you're testing the behavior the user would see in the browser. Learn more at https://reactjs.org/link/wrap-tests-with-act
    at VendorForm (C:/Users/Admin/graceful_books/src/components/vendors/VendorForm.tsx:57:3)
Warning: An update to VendorForm inside a test was not wrapped in act(...).

When testing, code that causes React state updates should be wrapped into act(...):

act(() => {
  /* fire events that update state */
});
/* assert on the output */

This ensures that you're testing the behavior the user would see in the browser. Learn more at https://reactjs.org/link/wrap-tests-with-act
    at VendorForm (C:/Users/Admin/graceful_books/src/components/vendors/VendorForm.tsx:57:3)

[90mstderr[2m | src/components/vendors/VendorForm.test.tsx[2m > [22m[2mVendorForm[2m > [22m[2mAddress Section[2m > [22m[2mshould validate address fields when shown
[22m[39mWarning: An update to VendorForm inside a test was not wrapped in act(...).

When testing, code that causes React state updates should be wrapped into act(...):

act(() => {
  /* fire events that update state */
});
/* assert on the output */

This ensures that you're testing the behavior the user would see in the browser. Learn more at https://reactjs.org/link/wrap-tests-with-act
    at VendorForm (C:/Users/Admin/graceful_books/src/components/vendors/VendorForm.tsx:57:3)
Warning: An update to VendorForm inside a test was not wrapped in act(...).

When testing, code that causes React state updates should be wrapped into act(...):

act(() => {
  /* fire events that update state */
});
/* assert on the output */

This ensures that you're testing the behavior the user would see in the browser. Learn more at https://reactjs.org/link/wrap-tests-with-act
    at VendorForm (C:/Users/Admin/graceful_books/src/components/vendors/VendorForm.tsx:57:3)
Warning: An update to VendorForm inside a test was not wrapped in act(...).

When testing, code that causes React state updates should be wrapped into act(...):

act(() => {
  /* fire events that update state */
});
/* assert on the output */

This ensures that you're testing the behavior the user would see in the browser. Learn more at https://reactjs.org/link/wrap-tests-with-act
    at VendorForm (C:/Users/Admin/graceful_books/src/components/vendors/VendorForm.tsx:57:3)

[90mstderr[2m | src/components/vendors/VendorForm.test.tsx[2m > [22m[2mVendorForm[2m > [22m[2mAddress Section[2m > [22m[2mshould validate address fields when shown
[22m[39mWarning: An update to VendorForm inside a test was not wrapped in act(...).

When testing, code that causes React state updates should be wrapped into act(...):

act(() => {
  /* fire events that update state */
});
/* assert on the output */

This ensures that you're testing the behavior the user would see in the browser. Learn more at https://reactjs.org/link/wrap-tests-with-act
    at VendorForm (C:/Users/Admin/graceful_books/src/components/vendors/VendorForm.tsx:57:3)
Warning: An update to VendorForm inside a test was not wrapped in act(...).

When testing, code that causes React state updates should be wrapped into act(...):

act(() => {
  /* fire events that update state */
});
/* assert on the output */

This ensures that you're testing the behavior the user would see in the browser. Learn more at https://reactjs.org/link/wrap-tests-with-act
    at VendorForm (C:/Users/Admin/graceful_books/src/components/vendors/VendorForm.tsx:57:3)
Warning: An update to VendorForm inside a test was not wrapped in act(...).

When testing, code that causes React state updates should be wrapped into act(...):

act(() => {
  /* fire events that update state */
});
/* assert on the output */

This ensures that you're testing the behavior the user would see in the browser. Learn more at https://reactjs.org/link/wrap-tests-with-act
    at VendorForm (C:/Users/Admin/graceful_books/src/components/vendors/VendorForm.tsx:57:3)

[90mstderr[2m | src/components/vendors/VendorForm.test.tsx[2m > [22m[2mVendorForm[2m > [22m[2mAddress Section[2m > [22m[2mshould validate address fields when shown
[22m[39mWarning: An update to VendorForm inside a test was not wrapped in act(...).

When testing, code that causes React state updates should be wrapped into act(...):

act(() => {
  /* fire events that update state */
});
/* assert on the output */

This ensures that you're testing the behavior the user would see in the browser. Learn more at https://reactjs.org/link/wrap-tests-with-act
    at VendorForm (C:/Users/Admin/graceful_books/src/components/vendors/VendorForm.tsx:57:3)
Warning: An update to VendorForm inside a test was not wrapped in act(...).

When testing, code that causes React state updates should be wrapped into act(...):

act(() => {
  /* fire events that update state */
});
/* assert on the output */

This ensures that you're testing the behavior the user would see in the browser. Learn more at https://reactjs.org/link/wrap-tests-with-act
    at VendorForm (C:/Users/Admin/graceful_books/src/components/vendors/VendorForm.tsx:57:3)
Warning: An update to VendorForm inside a test was not wrapped in act(...).

When testing, code that causes React state updates should be wrapped into act(...):

act(() => {
  /* fire events that update state */
});
/* assert on the output */

This ensures that you're testing the behavior the user would see in the browser. Learn more at https://reactjs.org/link/wrap-tests-with-act
    at VendorForm (C:/Users/Admin/graceful_books/src/components/vendors/VendorForm.tsx:57:3)

[90mstderr[2m | src/components/vendors/VendorForm.test.tsx[2m > [22m[2mVendorForm[2m > [22m[2mAddress Section[2m > [22m[2mshould validate address fields when shown
[22m[39mWarning: An update to VendorForm inside a test was not wrapped in act(...).

When testing, code that causes React state updates should be wrapped into act(...):

act(() => {
  /* fire events that update state */
});
/* assert on the output */

This ensures that you're testing the behavior the user would see in the browser. Learn more at https://reactjs.org/link/wrap-tests-with-act
    at VendorForm (C:/Users/Admin/graceful_books/src/components/vendors/VendorForm.tsx:57:3)
Warning: An update to VendorForm inside a test was not wrapped in act(...).

When testing, code that causes React state updates should be wrapped into act(...):

act(() => {
  /* fire events that update state */
});
/* assert on the output */

This ensures that you're testing the behavior the user would see in the browser. Learn more at https://reactjs.org/link/wrap-tests-with-act
    at VendorForm (C:/Users/Admin/graceful_books/src/components/vendors/VendorForm.tsx:57:3)
Warning: An update to VendorForm inside a test was not wrapped in act(...).

When testing, code that causes React state updates should be wrapped into act(...):

act(() => {
  /* fire events that update state */
});
/* assert on the output */

This ensures that you're testing the behavior the user would see in the browser. Learn more at https://reactjs.org/link/wrap-tests-with-act
    at VendorForm (C:/Users/Admin/graceful_books/src/components/vendors/VendorForm.tsx:57:3)

[90mstderr[2m | src/components/vendors/VendorForm.test.tsx[2m > [22m[2mVendorForm[2m > [22m[2mAddress Section[2m > [22m[2mshould validate address fields when shown
[22m[39mWarning: An update to VendorForm inside a test was not wrapped in act(...).

When testing, code that causes React state updates should be wrapped into act(...):

act(() => {
  /* fire events that update state */
});
/* assert on the output */

This ensures that you're testing the behavior the user would see in the browser. Learn more at https://reactjs.org/link/wrap-tests-with-act
    at VendorForm (C:/Users/Admin/graceful_books/src/components/vendors/VendorForm.tsx:57:3)
Warning: An update to VendorForm inside a test was not wrapped in act(...).

When testing, code that causes React state updates should be wrapped into act(...):

act(() => {
  /* fire events that update state */
});
/* assert on the output */

This ensures that you're testing the behavior the user would see in the browser. Learn more at https://reactjs.org/link/wrap-tests-with-act
    at VendorForm (C:/Users/Admin/graceful_books/src/components/vendors/VendorForm.tsx:57:3)
Warning: An update to VendorForm inside a test was not wrapped in act(...).

When testing, code that causes React state updates should be wrapped into act(...):

act(() => {
  /* fire events that update state */
});
/* assert on the output */

This ensures that you're testing the behavior the user would see in the browser. Learn more at https://reactjs.org/link/wrap-tests-with-act
    at VendorForm (C:/Users/Admin/graceful_books/src/components/vendors/VendorForm.tsx:57:3)

[90mstderr[2m | src/components/vendors/VendorForm.test.tsx[2m > [22m[2mVendorForm[2m > [22m[2mAddress Section[2m > [22m[2mshould validate address fields when shown
[22m[39mWarning: An update to VendorForm inside a test was not wrapped in act(...).

When testing, code that causes React state updates should be wrapped into act(...):

act(() => {
  /* fire events that update state */
});
/* assert on the output */

This ensures that you're testing the behavior the user would see in the browser. Learn more at https://reactjs.org/link/wrap-tests-with-act
    at VendorForm (C:/Users/Admin/graceful_books/src/components/vendors/VendorForm.tsx:57:3)
Warning: An update to VendorForm inside a test was not wrapped in act(...).

When testing, code that causes React state updates should be wrapped into act(...):

act(() => {
  /* fire events that update state */
});
/* assert on the output */

This ensures that you're testing the behavior the user would see in the browser. Learn more at https://reactjs.org/link/wrap-tests-with-act
    at VendorForm (C:/Users/Admin/graceful_books/src/components/vendors/VendorForm.tsx:57:3)
Warning: An update to VendorForm inside a test was not wrapped in act(...).

When testing, code that causes React state updates should be wrapped into act(...):

act(() => {
  /* fire events that update state */
});
/* assert on the output */

This ensures that you're testing the behavior the user would see in the browser. Learn more at https://reactjs.org/link/wrap-tests-with-act
    at VendorForm (C:/Users/Admin/graceful_books/src/components/vendors/VendorForm.tsx:57:3)

[90mstderr[2m | src/components/vendors/VendorForm.test.tsx[2m > [22m[2mVendorForm[2m > [22m[2mAccessibility[2m > [22m[2mshould link error messages to inputs with aria-describedby
[22m[39mWarning: An update to VendorForm inside a test was not wrapped in act(...).

When testing, code that causes React state updates should be wrapped into act(...):

act(() => {
  /* fire events that update state */
});
/* assert on the output */

This ensures that you're testing the behavior the user would see in the browser. Learn more at https://reactjs.org/link/wrap-tests-with-act
    at VendorForm (C:/Users/Admin/graceful_books/src/components/vendors/VendorForm.tsx:57:3)
Warning: An update to VendorForm inside a test was not wrapped in act(...).

When testing, code that causes React state updates should be wrapped into act(...):

act(() => {
  /* fire events that update state */
});
/* assert on the output */

This ensures that you're testing the behavior the user would see in the browser. Learn more at https://reactjs.org/link/wrap-tests-with-act
    at VendorForm (C:/Users/Admin/graceful_books/src/components/vendors/VendorForm.tsx:57:3)
Warning: An update to VendorForm inside a test was not wrapped in act(...).

When testing, code that causes React state updates should be wrapped into act(...):

act(() => {
  /* fire events that update state */
});
/* assert on the output */

This ensures that you're testing the behavior the user would see in the browser. Learn more at https://reactjs.org/link/wrap-tests-with-act
    at VendorForm (C:/Users/Admin/graceful_books/src/components/vendors/VendorForm.tsx:57:3)

[90mstderr[2m | src/components/vendors/VendorForm.test.tsx[2m > [22m[2mVendorForm[2m > [22m[2mSteadiness Communication Style[2m > [22m[2mshould use patient and supportive error messages
[22m[39mWarning: An update to VendorForm inside a test was not wrapped in act(...).

When testing, code that causes React state updates should be wrapped into act(...):

act(() => {
  /* fire events that update state */
});
/* assert on the output */

This ensures that you're testing the behavior the user would see in the browser. Learn more at https://reactjs.org/link/wrap-tests-with-act
    at VendorForm (C:/Users/Admin/graceful_books/src/components/vendors/VendorForm.tsx:57:3)
Warning: An update to VendorForm inside a test was not wrapped in act(...).

When testing, code that causes React state updates should be wrapped into act(...):

act(() => {
  /* fire events that update state */
});
/* assert on the output */

This ensures that you're testing the behavior the user would see in the browser. Learn more at https://reactjs.org/link/wrap-tests-with-act
    at VendorForm (C:/Users/Admin/graceful_books/src/components/vendors/VendorForm.tsx:57:3)
Warning: An update to VendorForm inside a test was not wrapped in act(...).

When testing, code that causes React state updates should be wrapped into act(...):

act(() => {
  /* fire events that update state */
});
/* assert on the output */

This ensures that you're testing the behavior the user would see in the browser. Learn more at https://reactjs.org/link/wrap-tests-with-act
    at VendorForm (C:/Users/Admin/graceful_books/src/components/vendors/VendorForm.tsx:57:3)

 [32m✓[39m src/components/vendors/VendorForm.test.tsx [2m([22m[2m24 tests[22m[2m)[22m[33m 4109[2mms[22m[39m
       [33m[2m✓[22m[39m should render form in create mode [33m 456[2mms[22m[39m
       [33m[2m✓[22m[39m should submit valid vendor data [33m 482[2mms[22m[39m
       [33m[2m✓[22m[39m should validate email format [33m 510[2mms[22m[39m
       [33m[2m✓[22m[39m should validate phone format [33m 473[2mms[22m[39m
       [33m[2m✓[22m[39m should update vendor data on submit [33m 356[2mms[22m[39m
       [33m[2m✓[22m[39m should validate address fields when shown [33m 607[2mms[22m[39m
[90mstdout[2m | src/services/auditLogExtended.perf.test.ts[2m > [22m[2mExtended Audit Log Performance Tests[2m > [22m[2mMemory and Resource Management[2m > [22m[2mshould not leak memory during repeated operations
[22m[39m[AuditLogExtended] Audit log search completed { total: [33m100000[39m, returned: [33m100[39m, executionTimeMs: [33m5566.942299999995[39m }

[90mstdout[2m | src/services/auditLogExtended.perf.test.ts[2m > [22m[2mExtended Audit Log Performance Tests[2m > [22m[2mMemory and Resource Management[2m > [22m[2mshould not leak memory during repeated operations
[22m[39m[AuditLogExtended] Starting audit log search { companyId: [32m'test-company'[39m, limit: [33m100[39m, offset: [33m1100[39m }

[90mstderr[2m | src/components/accounts/AccountForm.test.tsx[2m > [22m[2mAccountForm Component[2m > [22m[2mvalidation[2m > [22m[2mshould require account name
[22m[39mWarning: An update to AccountForm inside a test was not wrapped in act(...).

When testing, code that causes React state updates should be wrapped into act(...):

act(() => {
  /* fire events that update state */
});
/* assert on the output */

This ensures that you're testing the behavior the user would see in the browser. Learn more at https://reactjs.org/link/wrap-tests-with-act
    at AccountForm (C:/Users/Admin/graceful_books/src/components/accounts/AccountForm.tsx:36:3)
Warning: An update to AccountForm inside a test was not wrapped in act(...).

When testing, code that causes React state updates should be wrapped into act(...):

act(() => {
  /* fire events that update state */
});
/* assert on the output */

This ensures that you're testing the behavior the user would see in the browser. Learn more at https://reactjs.org/link/wrap-tests-with-act
    at AccountForm (C:/Users/Admin/graceful_books/src/components/accounts/AccountForm.tsx:36:3)
Warning: An update to AccountForm inside a test was not wrapped in act(...).

When testing, code that causes React state updates should be wrapped into act(...):

act(() => {
  /* fire events that update state */
});
/* assert on the output */

This ensures that you're testing the behavior the user would see in the browser. Learn more at https://reactjs.org/link/wrap-tests-with-act
    at AccountForm (C:/Users/Admin/graceful_books/src/components/accounts/AccountForm.tsx:36:3)

[90mstderr[2m | src/components/accounts/AccountForm.test.tsx[2m > [22m[2mAccountForm Component[2m > [22m[2mvalidation[2m > [22m[2mshould validate account number format
[22m[39mWarning: An update to AccountForm inside a test was not wrapped in act(...).

When testing, code that causes React state updates should be wrapped into act(...):

act(() => {
  /* fire events that update state */
});
/* assert on the output */

This ensures that you're testing the behavior the user would see in the browser. Learn more at https://reactjs.org/link/wrap-tests-with-act
    at AccountForm (C:/Users/Admin/graceful_books/src/components/accounts/AccountForm.tsx:36:3)
Warning: An update to AccountForm inside a test was not wrapped in act(...).

When testing, code that causes React state updates should be wrapped into act(...):

act(() => {
  /* fire events that update state */
});
/* assert on the output */

This ensures that you're testing the behavior the user would see in the browser. Learn more at https://reactjs.org/link/wrap-tests-with-act
    at AccountForm (C:/Users/Admin/graceful_books/src/components/accounts/AccountForm.tsx:36:3)
Warning: An update to AccountForm inside a test was not wrapped in act(...).

When testing, code that causes React state updates should be wrapped into act(...):

act(() => {
  /* fire events that update state */
});
/* assert on the output */

This ensures that you're testing the behavior the user would see in the browser. Learn more at https://reactjs.org/link/wrap-tests-with-act
    at AccountForm (C:/Users/Admin/graceful_books/src/components/accounts/AccountForm.tsx:36:3)

[90mstderr[2m | src/components/accounts/AccountForm.test.tsx[2m > [22m[2mAccountForm Component[2m > [22m[2mvalidation[2m > [22m[2mshould validate account number format
[22m[39mWarning: An update to AccountForm inside a test was not wrapped in act(...).

When testing, code that causes React state updates should be wrapped into act(...):

act(() => {
  /* fire events that update state */
});
/* assert on the output */

This ensures that you're testing the behavior the user would see in the browser. Learn more at https://reactjs.org/link/wrap-tests-with-act
    at AccountForm (C:/Users/Admin/graceful_books/src/components/accounts/AccountForm.tsx:36:3)
Warning: An update to AccountForm inside a test was not wrapped in act(...).

When testing, code that causes React state updates should be wrapped into act(...):

act(() => {
  /* fire events that update state */
});
/* assert on the output */

This ensures that you're testing the behavior the user would see in the browser. Learn more at https://reactjs.org/link/wrap-tests-with-act
    at AccountForm (C:/Users/Admin/graceful_books/src/components/accounts/AccountForm.tsx:36:3)
Warning: An update to AccountForm inside a test was not wrapped in act(...).

When testing, code that causes React state updates should be wrapped into act(...):

act(() => {
  /* fire events that update state */
});
/* assert on the output */

This ensures that you're testing the behavior the user would see in the browser. Learn more at https://reactjs.org/link/wrap-tests-with-act
    at AccountForm (C:/Users/Admin/graceful_books/src/components/accounts/AccountForm.tsx:36:3)

[90mstderr[2m | src/components/accounts/AccountForm.test.tsx[2m > [22m[2mAccountForm Component[2m > [22m[2mvalidation[2m > [22m[2mshould validate account number format
[22m[39mWarning: An update to AccountForm inside a test was not wrapped in act(...).

When testing, code that causes React state updates should be wrapped into act(...):

act(() => {
  /* fire events that update state */
});
/* assert on the output */

This ensures that you're testing the behavior the user would see in the browser. Learn more at https://reactjs.org/link/wrap-tests-with-act
    at AccountForm (C:/Users/Admin/graceful_books/src/components/accounts/AccountForm.tsx:36:3)
Warning: An update to AccountForm inside a test was not wrapped in act(...).

When testing, code that causes React state updates should be wrapped into act(...):

act(() => {
  /* fire events that update state */
});
/* assert on the output */

This ensures that you're testing the behavior the user would see in the browser. Learn more at https://reactjs.org/link/wrap-tests-with-act
    at AccountForm (C:/Users/Admin/graceful_books/src/components/accounts/AccountForm.tsx:36:3)
Warning: An update to AccountForm inside a test was not wrapped in act(...).

When testing, code that causes React state updates should be wrapped into act(...):

act(() => {
  /* fire events that update state */
});
/* assert on the output */

This ensures that you're testing the behavior the user would see in the browser. Learn more at https://reactjs.org/link/wrap-tests-with-act
    at AccountForm (C:/Users/Admin/graceful_books/src/components/accounts/AccountForm.tsx:36:3)

[90mstderr[2m | src/components/accounts/AccountForm.test.tsx[2m > [22m[2mAccountForm Component[2m > [22m[2mvalidation[2m > [22m[2mshould validate account number format
[22m[39mWarning: An update to AccountForm inside a test was not wrapped in act(...).

When testing, code that causes React state updates should be wrapped into act(...):

act(() => {
  /* fire events that update state */
});
/* assert on the output */

This ensures that you're testing the behavior the user would see in the browser. Learn more at https://reactjs.org/link/wrap-tests-with-act
    at AccountForm (C:/Users/Admin/graceful_books/src/components/accounts/AccountForm.tsx:36:3)
Warning: An update to AccountForm inside a test was not wrapped in act(...).

When testing, code that causes React state updates should be wrapped into act(...):

act(() => {
  /* fire events that update state */
});
/* assert on the output */

This ensures that you're testing the behavior the user would see in the browser. Learn more at https://reactjs.org/link/wrap-tests-with-act
    at AccountForm (C:/Users/Admin/graceful_books/src/components/accounts/AccountForm.tsx:36:3)
Warning: An update to AccountForm inside a test was not wrapped in act(...).

When testing, code that causes React state updates should be wrapped into act(...):

act(() => {
  /* fire events that update state */
});
/* assert on the output */

This ensures that you're testing the behavior the user would see in the browser. Learn more at https://reactjs.org/link/wrap-tests-with-act
    at AccountForm (C:/Users/Admin/graceful_books/src/components/accounts/AccountForm.tsx:36:3)

[90mstderr[2m | src/components/accounts/AccountForm.test.tsx[2m > [22m[2mAccountForm Component[2m > [22m[2mvalidation[2m > [22m[2mshould validate account number format
[22m[39mWarning: An update to AccountForm inside a test was not wrapped in act(...).

When testing, code that causes React state updates should be wrapped into act(...):

act(() => {
  /* fire events that update state */
});
/* assert on the output */

This ensures that you're testing the behavior the user would see in the browser. Learn more at https://reactjs.org/link/wrap-tests-with-act
    at AccountForm (C:/Users/Admin/graceful_books/src/components/accounts/AccountForm.tsx:36:3)
Warning: An update to AccountForm inside a test was not wrapped in act(...).

When testing, code that causes React state updates should be wrapped into act(...):

act(() => {
  /* fire events that update state */
});
/* assert on the output */

This ensures that you're testing the behavior the user would see in the browser. Learn more at https://reactjs.org/link/wrap-tests-with-act
    at AccountForm (C:/Users/Admin/graceful_books/src/components/accounts/AccountForm.tsx:36:3)
Warning: An update to AccountForm inside a test was not wrapped in act(...).

When testing, code that causes React state updates should be wrapped into act(...):

act(() => {
  /* fire events that update state */
});
/* assert on the output */

This ensures that you're testing the behavior the user would see in the browser. Learn more at https://reactjs.org/link/wrap-tests-with-act
    at AccountForm (C:/Users/Admin/graceful_books/src/components/accounts/AccountForm.tsx:36:3)

[90mstderr[2m | src/components/accounts/AccountForm.test.tsx[2m > [22m[2mAccountForm Component[2m > [22m[2mvalidation[2m > [22m[2mshould validate account number format
[22m[39mWarning: An update to AccountForm inside a test was not wrapped in act(...).

When testing, code that causes React state updates should be wrapped into act(...):

act(() => {
  /* fire events that update state */
});
/* assert on the output */

This ensures that you're testing the behavior the user would see in the browser. Learn more at https://reactjs.org/link/wrap-tests-with-act
    at AccountForm (C:/Users/Admin/graceful_books/src/components/accounts/AccountForm.tsx:36:3)
Warning: An update to AccountForm inside a test was not wrapped in act(...).

When testing, code that causes React state updates should be wrapped into act(...):

act(() => {
  /* fire events that update state */
});
/* assert on the output */

This ensures that you're testing the behavior the user would see in the browser. Learn more at https://reactjs.org/link/wrap-tests-with-act
    at AccountForm (C:/Users/Admin/graceful_books/src/components/accounts/AccountForm.tsx:36:3)
Warning: An update to AccountForm inside a test was not wrapped in act(...).

When testing, code that causes React state updates should be wrapped into act(...):

act(() => {
  /* fire events that update state */
});
/* assert on the output */

This ensures that you're testing the behavior the user would see in the browser. Learn more at https://reactjs.org/link/wrap-tests-with-act
    at AccountForm (C:/Users/Admin/graceful_books/src/components/accounts/AccountForm.tsx:36:3)

[90mstderr[2m | src/components/accounts/AccountForm.test.tsx[2m > [22m[2mAccountForm Component[2m > [22m[2mvalidation[2m > [22m[2mshould validate account number format
[22m[39mWarning: An update to AccountForm inside a test was not wrapped in act(...).

When testing, code that causes React state updates should be wrapped into act(...):

act(() => {
  /* fire events that update state */
});
/* assert on the output */

This ensures that you're testing the behavior the user would see in the browser. Learn more at https://reactjs.org/link/wrap-tests-with-act
    at AccountForm (C:/Users/Admin/graceful_books/src/components/accounts/AccountForm.tsx:36:3)
Warning: An update to AccountForm inside a test was not wrapped in act(...).

When testing, code that causes React state updates should be wrapped into act(...):

act(() => {
  /* fire events that update state */
});
/* assert on the output */

This ensures that you're testing the behavior the user would see in the browser. Learn more at https://reactjs.org/link/wrap-tests-with-act
    at AccountForm (C:/Users/Admin/graceful_books/src/components/accounts/AccountForm.tsx:36:3)
Warning: An update to AccountForm inside a test was not wrapped in act(...).

When testing, code that causes React state updates should be wrapped into act(...):

act(() => {
  /* fire events that update state */
});
/* assert on the output */

This ensures that you're testing the behavior the user would see in the browser. Learn more at https://reactjs.org/link/wrap-tests-with-act
    at AccountForm (C:/Users/Admin/graceful_books/src/components/accounts/AccountForm.tsx:36:3)

[90mstderr[2m | src/components/accounts/AccountForm.test.tsx[2m > [22m[2mAccountForm Component[2m > [22m[2mvalidation[2m > [22m[2mshould validate account number format
[22m[39mWarning: An update to AccountForm inside a test was not wrapped in act(...).

When testing, code that causes React state updates should be wrapped into act(...):

act(() => {
  /* fire events that update state */
});
/* assert on the output */

This ensures that you're testing the behavior the user would see in the browser. Learn more at https://reactjs.org/link/wrap-tests-with-act
    at AccountForm (C:/Users/Admin/graceful_books/src/components/accounts/AccountForm.tsx:36:3)
Warning: An update to AccountForm inside a test was not wrapped in act(...).

When testing, code that causes React state updates should be wrapped into act(...):

act(() => {
  /* fire events that update state */
});
/* assert on the output */

This ensures that you're testing the behavior the user would see in the browser. Learn more at https://reactjs.org/link/wrap-tests-with-act
    at AccountForm (C:/Users/Admin/graceful_books/src/components/accounts/AccountForm.tsx:36:3)
Warning: An update to AccountForm inside a test was not wrapped in act(...).

When testing, code that causes React state updates should be wrapped into act(...):

act(() => {
  /* fire events that update state */
});
/* assert on the output */

This ensures that you're testing the behavior the user would see in the browser. Learn more at https://reactjs.org/link/wrap-tests-with-act
    at AccountForm (C:/Users/Admin/graceful_books/src/components/accounts/AccountForm.tsx:36:3)

[90mstderr[2m | src/components/accounts/AccountForm.test.tsx[2m > [22m[2mAccountForm Component[2m > [22m[2mvalidation[2m > [22m[2mshould validate account number format
[22m[39mWarning: An update to AccountForm inside a test was not wrapped in act(...).

When testing, code that causes React state updates should be wrapped into act(...):

act(() => {
  /* fire events that update state */
});
/* assert on the output */

This ensures that you're testing the behavior the user would see in the browser. Learn more at https://reactjs.org/link/wrap-tests-with-act
    at AccountForm (C:/Users/Admin/graceful_books/src/components/accounts/AccountForm.tsx:36:3)
Warning: An update to AccountForm inside a test was not wrapped in act(...).

When testing, code that causes React state updates should be wrapped into act(...):

act(() => {
  /* fire events that update state */
});
/* assert on the output */

This ensures that you're testing the behavior the user would see in the browser. Learn more at https://reactjs.org/link/wrap-tests-with-act
    at AccountForm (C:/Users/Admin/graceful_books/src/components/accounts/AccountForm.tsx:36:3)
Warning: An update to AccountForm inside a test was not wrapped in act(...).

When testing, code that causes React state updates should be wrapped into act(...):

act(() => {
  /* fire events that update state */
});
/* assert on the output */

This ensures that you're testing the behavior the user would see in the browser. Learn more at https://reactjs.org/link/wrap-tests-with-act
    at AccountForm (C:/Users/Admin/graceful_books/src/components/accounts/AccountForm.tsx:36:3)

[90mstderr[2m | src/components/accounts/AccountForm.test.tsx[2m > [22m[2mAccountForm Component[2m > [22m[2mvalidation[2m > [22m[2mshould validate account number format
[22m[39mWarning: An update to AccountForm inside a test was not wrapped in act(...).

When testing, code that causes React state updates should be wrapped into act(...):

act(() => {
  /* fire events that update state */
});
/* assert on the output */

This ensures that you're testing the behavior the user would see in the browser. Learn more at https://reactjs.org/link/wrap-tests-with-act
    at AccountForm (C:/Users/Admin/graceful_books/src/components/accounts/AccountForm.tsx:36:3)
Warning: An update to AccountForm inside a test was not wrapped in act(...).

When testing, code that causes React state updates should be wrapped into act(...):

act(() => {
  /* fire events that update state */
});
/* assert on the output */

This ensures that you're testing the behavior the user would see in the browser. Learn more at https://reactjs.org/link/wrap-tests-with-act
    at AccountForm (C:/Users/Admin/graceful_books/src/components/accounts/AccountForm.tsx:36:3)
Warning: An update to AccountForm inside a test was not wrapped in act(...).

When testing, code that causes React state updates should be wrapped into act(...):

act(() => {
  /* fire events that update state */
});
/* assert on the output */

This ensures that you're testing the behavior the user would see in the browser. Learn more at https://reactjs.org/link/wrap-tests-with-act
    at AccountForm (C:/Users/Admin/graceful_books/src/components/accounts/AccountForm.tsx:36:3)

[90mstderr[2m | src/components/accounts/AccountForm.test.tsx[2m > [22m[2mAccountForm Component[2m > [22m[2mvalidation[2m > [22m[2mshould validate account number format
[22m[39mWarning: An update to AccountForm inside a test was not wrapped in act(...).

When testing, code that causes React state updates should be wrapped into act(...):

act(() => {
  /* fire events that update state */
});
/* assert on the output */

This ensures that you're testing the behavior the user would see in the browser. Learn more at https://reactjs.org/link/wrap-tests-with-act
    at AccountForm (C:/Users/Admin/graceful_books/src/components/accounts/AccountForm.tsx:36:3)
Warning: An update to AccountForm inside a test was not wrapped in act(...).

When testing, code that causes React state updates should be wrapped into act(...):

act(() => {
  /* fire events that update state */
});
/* assert on the output */

This ensures that you're testing the behavior the user would see in the browser. Learn more at https://reactjs.org/link/wrap-tests-with-act
    at AccountForm (C:/Users/Admin/graceful_books/src/components/accounts/AccountForm.tsx:36:3)
Warning: An update to AccountForm inside a test was not wrapped in act(...).

When testing, code that causes React state updates should be wrapped into act(...):

act(() => {
  /* fire events that update state */
});
/* assert on the output */

This ensures that you're testing the behavior the user would see in the browser. Learn more at https://reactjs.org/link/wrap-tests-with-act
    at AccountForm (C:/Users/Admin/graceful_books/src/components/accounts/AccountForm.tsx:36:3)

[90mstderr[2m | src/components/accounts/AccountForm.test.tsx[2m > [22m[2mAccountForm Component[2m > [22m[2mvalidation[2m > [22m[2mshould validate account number format
[22m[39mWarning: An update to AccountForm inside a test was not wrapped in act(...).

When testing, code that causes React state updates should be wrapped into act(...):

act(() => {
  /* fire events that update state */
});
/* assert on the output */

This ensures that you're testing the behavior the user would see in the browser. Learn more at https://reactjs.org/link/wrap-tests-with-act
    at AccountForm (C:/Users/Admin/graceful_books/src/components/accounts/AccountForm.tsx:36:3)
Warning: An update to AccountForm inside a test was not wrapped in act(...).

When testing, code that causes React state updates should be wrapped into act(...):

act(() => {
  /* fire events that update state */
});
/* assert on the output */

This ensures that you're testing the behavior the user would see in the browser. Learn more at https://reactjs.org/link/wrap-tests-with-act
    at AccountForm (C:/Users/Admin/graceful_books/src/components/accounts/AccountForm.tsx:36:3)
Warning: An update to AccountForm inside a test was not wrapped in act(...).

When testing, code that causes React state updates should be wrapped into act(...):

act(() => {
  /* fire events that update state */
});
/* assert on the output */

This ensures that you're testing the behavior the user would see in the browser. Learn more at https://reactjs.org/link/wrap-tests-with-act
    at AccountForm (C:/Users/Admin/graceful_books/src/components/accounts/AccountForm.tsx:36:3)

[90mstderr[2m | src/components/accounts/AccountForm.test.tsx[2m > [22m[2mAccountForm Component[2m > [22m[2mvalidation[2m > [22m[2mshould validate account number format
[22m[39mWarning: An update to AccountForm inside a test was not wrapped in act(...).

When testing, code that causes React state updates should be wrapped into act(...):

act(() => {
  /* fire events that update state */
});
/* assert on the output */

This ensures that you're testing the behavior the user would see in the browser. Learn more at https://reactjs.org/link/wrap-tests-with-act
    at AccountForm (C:/Users/Admin/graceful_books/src/components/accounts/AccountForm.tsx:36:3)
Warning: An update to AccountForm inside a test was not wrapped in act(...).

When testing, code that causes React state updates should be wrapped into act(...):

act(() => {
  /* fire events that update state */
});
/* assert on the output */

This ensures that you're testing the behavior the user would see in the browser. Learn more at https://reactjs.org/link/wrap-tests-with-act
    at AccountForm (C:/Users/Admin/graceful_books/src/components/accounts/AccountForm.tsx:36:3)
Warning: An update to AccountForm inside a test was not wrapped in act(...).

When testing, code that causes React state updates should be wrapped into act(...):

act(() => {
  /* fire events that update state */
});
/* assert on the output */

This ensures that you're testing the behavior the user would see in the browser. Learn more at https://reactjs.org/link/wrap-tests-with-act
    at AccountForm (C:/Users/Admin/graceful_books/src/components/accounts/AccountForm.tsx:36:3)

[90mstderr[2m | src/components/accounts/AccountForm.test.tsx[2m > [22m[2mAccountForm Component[2m > [22m[2mvalidation[2m > [22m[2mshould validate account number format
[22m[39mWarning: An update to AccountForm inside a test was not wrapped in act(...).

When testing, code that causes React state updates should be wrapped into act(...):

act(() => {
  /* fire events that update state */
});
/* assert on the output */

This ensures that you're testing the behavior the user would see in the browser. Learn more at https://reactjs.org/link/wrap-tests-with-act
    at AccountForm (C:/Users/Admin/graceful_books/src/components/accounts/AccountForm.tsx:36:3)
Warning: An update to AccountForm inside a test was not wrapped in act(...).

When testing, code that causes React state updates should be wrapped into act(...):

act(() => {
  /* fire events that update state */
});
/* assert on the output */

This ensures that you're testing the behavior the user would see in the browser. Learn more at https://reactjs.org/link/wrap-tests-with-act
    at AccountForm (C:/Users/Admin/graceful_books/src/components/accounts/AccountForm.tsx:36:3)
Warning: An update to AccountForm inside a test was not wrapped in act(...).

When testing, code that causes React state updates should be wrapped into act(...):

act(() => {
  /* fire events that update state */
});
/* assert on the output */

This ensures that you're testing the behavior the user would see in the browser. Learn more at https://reactjs.org/link/wrap-tests-with-act
    at AccountForm (C:/Users/Admin/graceful_books/src/components/accounts/AccountForm.tsx:36:3)

[90mstderr[2m | src/components/accounts/AccountForm.test.tsx[2m > [22m[2mAccountForm Component[2m > [22m[2mvalidation[2m > [22m[2mshould validate account number format
[22m[39mWarning: An update to AccountForm inside a test was not wrapped in act(...).

When testing, code that causes React state updates should be wrapped into act(...):

act(() => {
  /* fire events that update state */
});
/* assert on the output */

This ensures that you're testing the behavior the user would see in the browser. Learn more at https://reactjs.org/link/wrap-tests-with-act
    at AccountForm (C:/Users/Admin/graceful_books/src/components/accounts/AccountForm.tsx:36:3)
Warning: An update to AccountForm inside a test was not wrapped in act(...).

When testing, code that causes React state updates should be wrapped into act(...):

act(() => {
  /* fire events that update state */
});
/* assert on the output */

This ensures that you're testing the behavior the user would see in the browser. Learn more at https://reactjs.org/link/wrap-tests-with-act
    at AccountForm (C:/Users/Admin/graceful_books/src/components/accounts/AccountForm.tsx:36:3)
Warning: An update to AccountForm inside a test was not wrapped in act(...).

When testing, code that causes React state updates should be wrapped into act(...):

act(() => {
  /* fire events that update state */
});
/* assert on the output */

This ensures that you're testing the behavior the user would see in the browser. Learn more at https://reactjs.org/link/wrap-tests-with-act
    at AccountForm (C:/Users/Admin/graceful_books/src/components/accounts/AccountForm.tsx:36:3)

[90mstderr[2m | src/components/accounts/AccountForm.test.tsx[2m > [22m[2mAccountForm Component[2m > [22m[2mvalidation[2m > [22m[2mshould validate account number format
[22m[39mWarning: An update to AccountForm inside a test was not wrapped in act(...).

When testing, code that causes React state updates should be wrapped into act(...):

act(() => {
  /* fire events that update state */
});
/* assert on the output */

This ensures that you're testing the behavior the user would see in the browser. Learn more at https://reactjs.org/link/wrap-tests-with-act
    at AccountForm (C:/Users/Admin/graceful_books/src/components/accounts/AccountForm.tsx:36:3)
Warning: An update to AccountForm inside a test was not wrapped in act(...).

When testing, code that causes React state updates should be wrapped into act(...):

act(() => {
  /* fire events that update state */
});
/* assert on the output */

This ensures that you're testing the behavior the user would see in the browser. Learn more at https://reactjs.org/link/wrap-tests-with-act
    at AccountForm (C:/Users/Admin/graceful_books/src/components/accounts/AccountForm.tsx:36:3)
Warning: An update to AccountForm inside a test was not wrapped in act(...).

When testing, code that causes React state updates should be wrapped into act(...):

act(() => {
  /* fire events that update state */
});
/* assert on the output */

This ensures that you're testing the behavior the user would see in the browser. Learn more at https://reactjs.org/link/wrap-tests-with-act
    at AccountForm (C:/Users/Admin/graceful_books/src/components/accounts/AccountForm.tsx:36:3)

[90mstderr[2m | src/components/accounts/AccountForm.test.tsx[2m > [22m[2mAccountForm Component[2m > [22m[2mvalidation[2m > [22m[2mshould validate account number format
[22m[39mWarning: An update to AccountForm inside a test was not wrapped in act(...).

When testing, code that causes React state updates should be wrapped into act(...):

act(() => {
  /* fire events that update state */
});
/* assert on the output */

This ensures that you're testing the behavior the user would see in the browser. Learn more at https://reactjs.org/link/wrap-tests-with-act
    at AccountForm (C:/Users/Admin/graceful_books/src/components/accounts/AccountForm.tsx:36:3)
Warning: An update to AccountForm inside a test was not wrapped in act(...).

When testing, code that causes React state updates should be wrapped into act(...):

act(() => {
  /* fire events that update state */
});
/* assert on the output */

This ensures that you're testing the behavior the user would see in the browser. Learn more at https://reactjs.org/link/wrap-tests-with-act
    at AccountForm (C:/Users/Admin/graceful_books/src/components/accounts/AccountForm.tsx:36:3)
Warning: An update to AccountForm inside a test was not wrapped in act(...).

When testing, code that causes React state updates should be wrapped into act(...):

act(() => {
  /* fire events that update state */
});
/* assert on the output */

This ensures that you're testing the behavior the user would see in the browser. Learn more at https://reactjs.org/link/wrap-tests-with-act
    at AccountForm (C:/Users/Admin/graceful_books/src/components/accounts/AccountForm.tsx:36:3)

[90mstderr[2m | src/components/accounts/AccountForm.test.tsx[2m > [22m[2mAccountForm Component[2m > [22m[2mvalidation[2m > [22m[2mshould validate account number format
[22m[39mWarning: An update to AccountForm inside a test was not wrapped in act(...).

When testing, code that causes React state updates should be wrapped into act(...):

act(() => {
  /* fire events that update state */
});
/* assert on the output */

This ensures that you're testing the behavior the user would see in the browser. Learn more at https://reactjs.org/link/wrap-tests-with-act
    at AccountForm (C:/Users/Admin/graceful_books/src/components/accounts/AccountForm.tsx:36:3)
Warning: An update to AccountForm inside a test was not wrapped in act(...).

When testing, code that causes React state updates should be wrapped into act(...):

act(() => {
  /* fire events that update state */
});
/* assert on the output */

This ensures that you're testing the behavior the user would see in the browser. Learn more at https://reactjs.org/link/wrap-tests-with-act
    at AccountForm (C:/Users/Admin/graceful_books/src/components/accounts/AccountForm.tsx:36:3)
Warning: An update to AccountForm inside a test was not wrapped in act(...).

When testing, code that causes React state updates should be wrapped into act(...):

act(() => {
  /* fire events that update state */
});
/* assert on the output */

This ensures that you're testing the behavior the user would see in the browser. Learn more at https://reactjs.org/link/wrap-tests-with-act
    at AccountForm (C:/Users/Admin/graceful_books/src/components/accounts/AccountForm.tsx:36:3)

[90mstderr[2m | src/components/accounts/AccountForm.test.tsx[2m > [22m[2mAccountForm Component[2m > [22m[2mvalidation[2m > [22m[2mshould validate account number format
[22m[39mWarning: An update to AccountForm inside a test was not wrapped in act(...).

When testing, code that causes React state updates should be wrapped into act(...):

act(() => {
  /* fire events that update state */
});
/* assert on the output */

This ensures that you're testing the behavior the user would see in the browser. Learn more at https://reactjs.org/link/wrap-tests-with-act
    at AccountForm (C:/Users/Admin/graceful_books/src/components/accounts/AccountForm.tsx:36:3)
Warning: An update to AccountForm inside a test was not wrapped in act(...).

When testing, code that causes React state updates should be wrapped into act(...):

act(() => {
  /* fire events that update state */
});
/* assert on the output */

This ensures that you're testing the behavior the user would see in the browser. Learn more at https://reactjs.org/link/wrap-tests-with-act
    at AccountForm (C:/Users/Admin/graceful_books/src/components/accounts/AccountForm.tsx:36:3)
Warning: An update to AccountForm inside a test was not wrapped in act(...).

When testing, code that causes React state updates should be wrapped into act(...):

act(() => {
  /* fire events that update state */
});
/* assert on the output */

This ensures that you're testing the behavior the user would see in the browser. Learn more at https://reactjs.org/link/wrap-tests-with-act
    at AccountForm (C:/Users/Admin/graceful_books/src/components/accounts/AccountForm.tsx:36:3)

[90mstderr[2m | src/components/accounts/AccountForm.test.tsx[2m > [22m[2mAccountForm Component[2m > [22m[2mvalidation[2m > [22m[2mshould accept valid account number
[22m[39mWarning: An update to AccountForm inside a test was not wrapped in act(...).

When testing, code that causes React state updates should be wrapped into act(...):

act(() => {
  /* fire events that update state */
});
/* assert on the output */

This ensures that you're testing the behavior the user would see in the browser. Learn more at https://reactjs.org/link/wrap-tests-with-act
    at AccountForm (C:/Users/Admin/graceful_books/src/components/accounts/AccountForm.tsx:36:3)
Warning: An update to AccountForm inside a test was not wrapped in act(...).

When testing, code that causes React state updates should be wrapped into act(...):

act(() => {
  /* fire events that update state */
});
/* assert on the output */

This ensures that you're testing the behavior the user would see in the browser. Learn more at https://reactjs.org/link/wrap-tests-with-act
    at AccountForm (C:/Users/Admin/graceful_books/src/components/accounts/AccountForm.tsx:36:3)
Warning: An update to AccountForm inside a test was not wrapped in act(...).

When testing, code that causes React state updates should be wrapped into act(...):

act(() => {
  /* fire events that update state */
});
/* assert on the output */

This ensures that you're testing the behavior the user would see in the browser. Learn more at https://reactjs.org/link/wrap-tests-with-act
    at AccountForm (C:/Users/Admin/graceful_books/src/components/accounts/AccountForm.tsx:36:3)

[90mstderr[2m | src/components/accounts/AccountForm.test.tsx[2m > [22m[2mAccountForm Component[2m > [22m[2mvalidation[2m > [22m[2mshould accept valid account number
[22m[39mWarning: An update to AccountForm inside a test was not wrapped in act(...).

When testing, code that causes React state updates should be wrapped into act(...):

act(() => {
  /* fire events that update state */
});
/* assert on the output */

This ensures that you're testing the behavior the user would see in the browser. Learn more at https://reactjs.org/link/wrap-tests-with-act
    at AccountForm (C:/Users/Admin/graceful_books/src/components/accounts/AccountForm.tsx:36:3)
Warning: An update to AccountForm inside a test was not wrapped in act(...).

When testing, code that causes React state updates should be wrapped into act(...):

act(() => {
  /* fire events that update state */
});
/* assert on the output */

This ensures that you're testing the behavior the user would see in the browser. Learn more at https://reactjs.org/link/wrap-tests-with-act
    at AccountForm (C:/Users/Admin/graceful_books/src/components/accounts/AccountForm.tsx:36:3)
Warning: An update to AccountForm inside a test was not wrapped in act(...).

When testing, code that causes React state updates should be wrapped into act(...):

act(() => {
  /* fire events that update state */
});
/* assert on the output */

This ensures that you're testing the behavior the user would see in the browser. Learn more at https://reactjs.org/link/wrap-tests-with-act
    at AccountForm (C:/Users/Admin/graceful_books/src/components/accounts/AccountForm.tsx:36:3)

[90mstderr[2m | src/components/accounts/AccountForm.test.tsx[2m > [22m[2mAccountForm Component[2m > [22m[2mvalidation[2m > [22m[2mshould accept valid account number
[22m[39mWarning: An update to AccountForm inside a test was not wrapped in act(...).

When testing, code that causes React state updates should be wrapped into act(...):

act(() => {
  /* fire events that update state */
});
/* assert on the output */

This ensures that you're testing the behavior the user would see in the browser. Learn more at https://reactjs.org/link/wrap-tests-with-act
    at AccountForm (C:/Users/Admin/graceful_books/src/components/accounts/AccountForm.tsx:36:3)
Warning: An update to AccountForm inside a test was not wrapped in act(...).

When testing, code that causes React state updates should be wrapped into act(...):

act(() => {
  /* fire events that update state */
});
/* assert on the output */

This ensures that you're testing the behavior the user would see in the browser. Learn more at https://reactjs.org/link/wrap-tests-with-act
    at AccountForm (C:/Users/Admin/graceful_books/src/components/accounts/AccountForm.tsx:36:3)
Warning: An update to AccountForm inside a test was not wrapped in act(...).

When testing, code that causes React state updates should be wrapped into act(...):

act(() => {
  /* fire events that update state */
});
/* assert on the output */

This ensures that you're testing the behavior the user would see in the browser. Learn more at https://reactjs.org/link/wrap-tests-with-act
    at AccountForm (C:/Users/Admin/graceful_books/src/components/accounts/AccountForm.tsx:36:3)

[90mstderr[2m | src/components/accounts/AccountForm.test.tsx[2m > [22m[2mAccountForm Component[2m > [22m[2mvalidation[2m > [22m[2mshould accept valid account number
[22m[39mWarning: An update to AccountForm inside a test was not wrapped in act(...).

When testing, code that causes React state updates should be wrapped into act(...):

act(() => {
  /* fire events that update state */
});
/* assert on the output */

This ensures that you're testing the behavior the user would see in the browser. Learn more at https://reactjs.org/link/wrap-tests-with-act
    at AccountForm (C:/Users/Admin/graceful_books/src/components/accounts/AccountForm.tsx:36:3)
Warning: An update to AccountForm inside a test was not wrapped in act(...).

When testing, code that causes React state updates should be wrapped into act(...):

act(() => {
  /* fire events that update state */
});
/* assert on the output */

This ensures that you're testing the behavior the user would see in the browser. Learn more at https://reactjs.org/link/wrap-tests-with-act
    at AccountForm (C:/Users/Admin/graceful_books/src/components/accounts/AccountForm.tsx:36:3)
Warning: An update to AccountForm inside a test was not wrapped in act(...).

When testing, code that causes React state updates should be wrapped into act(...):

act(() => {
  /* fire events that update state */
});
/* assert on the output */

This ensures that you're testing the behavior the user would see in the browser. Learn more at https://reactjs.org/link/wrap-tests-with-act
    at AccountForm (C:/Users/Admin/graceful_books/src/components/accounts/AccountForm.tsx:36:3)

[90mstderr[2m | src/components/accounts/AccountForm.test.tsx[2m > [22m[2mAccountForm Component[2m > [22m[2mvalidation[2m > [22m[2mshould accept valid account number
[22m[39mWarning: An update to AccountForm inside a test was not wrapped in act(...).

When testing, code that causes React state updates should be wrapped into act(...):

act(() => {
  /* fire events that update state */
});
/* assert on the output */

This ensures that you're testing the behavior the user would see in the browser. Learn more at https://reactjs.org/link/wrap-tests-with-act
    at AccountForm (C:/Users/Admin/graceful_books/src/components/accounts/AccountForm.tsx:36:3)
Warning: An update to AccountForm inside a test was not wrapped in act(...).

When testing, code that causes React state updates should be wrapped into act(...):

act(() => {
  /* fire events that update state */
});
/* assert on the output */

This ensures that you're testing the behavior the user would see in the browser. Learn more at https://reactjs.org/link/wrap-tests-with-act
    at AccountForm (C:/Users/Admin/graceful_books/src/components/accounts/AccountForm.tsx:36:3)
Warning: An update to AccountForm inside a test was not wrapped in act(...).

When testing, code that causes React state updates should be wrapped into act(...):

act(() => {
  /* fire events that update state */
});
/* assert on the output */

This ensures that you're testing the behavior the user would see in the browser. Learn more at https://reactjs.org/link/wrap-tests-with-act
    at AccountForm (C:/Users/Admin/graceful_books/src/components/accounts/AccountForm.tsx:36:3)

[90mstderr[2m | src/components/accounts/AccountForm.test.tsx[2m > [22m[2mAccountForm Component[2m > [22m[2mvalidation[2m > [22m[2mshould accept valid account number
[22m[39mWarning: An update to AccountForm inside a test was not wrapped in act(...).

When testing, code that causes React state updates should be wrapped into act(...):

act(() => {
  /* fire events that update state */
});
/* assert on the output */

This ensures that you're testing the behavior the user would see in the browser. Learn more at https://reactjs.org/link/wrap-tests-with-act
    at AccountForm (C:/Users/Admin/graceful_books/src/components/accounts/AccountForm.tsx:36:3)
Warning: An update to AccountForm inside a test was not wrapped in act(...).

When testing, code that causes React state updates should be wrapped into act(...):

act(() => {
  /* fire events that update state */
});
/* assert on the output */

This ensures that you're testing the behavior the user would see in the browser. Learn more at https://reactjs.org/link/wrap-tests-with-act
    at AccountForm (C:/Users/Admin/graceful_books/src/components/accounts/AccountForm.tsx:36:3)
Warning: An update to AccountForm inside a test was not wrapped in act(...).

When testing, code that causes React state updates should be wrapped into act(...):

act(() => {
  /* fire events that update state */
});
/* assert on the output */

This ensures that you're testing the behavior the user would see in the browser. Learn more at https://reactjs.org/link/wrap-tests-with-act
    at AccountForm (C:/Users/Admin/graceful_books/src/components/accounts/AccountForm.tsx:36:3)

[90mstderr[2m | src/components/accounts/AccountForm.test.tsx[2m > [22m[2mAccountForm Component[2m > [22m[2mvalidation[2m > [22m[2mshould accept valid account number
[22m[39mWarning: An update to AccountForm inside a test was not wrapped in act(...).

When testing, code that causes React state updates should be wrapped into act(...):

act(() => {
  /* fire events that update state */
});
/* assert on the output */

This ensures that you're testing the behavior the user would see in the browser. Learn more at https://reactjs.org/link/wrap-tests-with-act
    at AccountForm (C:/Users/Admin/graceful_books/src/components/accounts/AccountForm.tsx:36:3)
Warning: An update to AccountForm inside a test was not wrapped in act(...).

When testing, code that causes React state updates should be wrapped into act(...):

act(() => {
  /* fire events that update state */
});
/* assert on the output */

This ensures that you're testing the behavior the user would see in the browser. Learn more at https://reactjs.org/link/wrap-tests-with-act
    at AccountForm (C:/Users/Admin/graceful_books/src/components/accounts/AccountForm.tsx:36:3)
Warning: An update to AccountForm inside a test was not wrapped in act(...).

When testing, code that causes React state updates should be wrapped into act(...):

act(() => {
  /* fire events that update state */
});
/* assert on the output */

This ensures that you're testing the behavior the user would see in the browser. Learn more at https://reactjs.org/link/wrap-tests-with-act
    at AccountForm (C:/Users/Admin/graceful_books/src/components/accounts/AccountForm.tsx:36:3)

[90mstderr[2m | src/components/accounts/AccountForm.test.tsx[2m > [22m[2mAccountForm Component[2m > [22m[2mvalidation[2m > [22m[2mshould accept valid account number
[22m[39mWarning: An update to AccountForm inside a test was not wrapped in act(...).

When testing, code that causes React state updates should be wrapped into act(...):

act(() => {
  /* fire events that update state */
});
/* assert on the output */

This ensures that you're testing the behavior the user would see in the browser. Learn more at https://reactjs.org/link/wrap-tests-with-act
    at AccountForm (C:/Users/Admin/graceful_books/src/components/accounts/AccountForm.tsx:36:3)
Warning: An update to AccountForm inside a test was not wrapped in act(...).

When testing, code that causes React state updates should be wrapped into act(...):

act(() => {
  /* fire events that update state */
});
/* assert on the output */

This ensures that you're testing the behavior the user would see in the browser. Learn more at https://reactjs.org/link/wrap-tests-with-act
    at AccountForm (C:/Users/Admin/graceful_books/src/components/accounts/AccountForm.tsx:36:3)
Warning: An update to AccountForm inside a test was not wrapped in act(...).

When testing, code that causes React state updates should be wrapped into act(...):

act(() => {
  /* fire events that update state */
});
/* assert on the output */

This ensures that you're testing the behavior the user would see in the browser. Learn more at https://reactjs.org/link/wrap-tests-with-act
    at AccountForm (C:/Users/Admin/graceful_books/src/components/accounts/AccountForm.tsx:36:3)

[90mstderr[2m | src/components/accounts/AccountForm.test.tsx[2m > [22m[2mAccountForm Component[2m > [22m[2mvalidation[2m > [22m[2mshould accept valid account number
[22m[39mWarning: An update to AccountForm inside a test was not wrapped in act(...).

When testing, code that causes React state updates should be wrapped into act(...):

act(() => {
  /* fire events that update state */
});
/* assert on the output */

This ensures that you're testing the behavior the user would see in the browser. Learn more at https://reactjs.org/link/wrap-tests-with-act
    at AccountForm (C:/Users/Admin/graceful_books/src/components/accounts/AccountForm.tsx:36:3)
Warning: An update to AccountForm inside a test was not wrapped in act(...).

When testing, code that causes React state updates should be wrapped into act(...):

act(() => {
  /* fire events that update state */
});
/* assert on the output */

This ensures that you're testing the behavior the user would see in the browser. Learn more at https://reactjs.org/link/wrap-tests-with-act
    at AccountForm (C:/Users/Admin/graceful_books/src/components/accounts/AccountForm.tsx:36:3)
Warning: An update to AccountForm inside a test was not wrapped in act(...).

When testing, code that causes React state updates should be wrapped into act(...):

act(() => {
  /* fire events that update state */
});
/* assert on the output */

This ensures that you're testing the behavior the user would see in the browser. Learn more at https://reactjs.org/link/wrap-tests-with-act
    at AccountForm (C:/Users/Admin/graceful_books/src/components/accounts/AccountForm.tsx:36:3)

[90mstderr[2m | src/components/accounts/AccountForm.test.tsx[2m > [22m[2mAccountForm Component[2m > [22m[2mvalidation[2m > [22m[2mshould accept valid account number
[22m[39mWarning: An update to AccountForm inside a test was not wrapped in act(...).

When testing, code that causes React state updates should be wrapped into act(...):

act(() => {
  /* fire events that update state */
});
/* assert on the output */

This ensures that you're testing the behavior the user would see in the browser. Learn more at https://reactjs.org/link/wrap-tests-with-act
    at AccountForm (C:/Users/Admin/graceful_books/src/components/accounts/AccountForm.tsx:36:3)
Warning: An update to AccountForm inside a test was not wrapped in act(...).

When testing, code that causes React state updates should be wrapped into act(...):

act(() => {
  /* fire events that update state */
});
/* assert on the output */

This ensures that you're testing the behavior the user would see in the browser. Learn more at https://reactjs.org/link/wrap-tests-with-act
    at AccountForm (C:/Users/Admin/graceful_books/src/components/accounts/AccountForm.tsx:36:3)
Warning: An update to AccountForm inside a test was not wrapped in act(...).

When testing, code that causes React state updates should be wrapped into act(...):

act(() => {
  /* fire events that update state */
});
/* assert on the output */

This ensures that you're testing the behavior the user would see in the browser. Learn more at https://reactjs.org/link/wrap-tests-with-act
    at AccountForm (C:/Users/Admin/graceful_books/src/components/accounts/AccountForm.tsx:36:3)

[90mstderr[2m | src/components/accounts/AccountForm.test.tsx[2m > [22m[2mAccountForm Component[2m > [22m[2mvalidation[2m > [22m[2mshould accept valid account number
[22m[39mWarning: An update to AccountForm inside a test was not wrapped in act(...).

When testing, code that causes React state updates should be wrapped into act(...):

act(() => {
  /* fire events that update state */
});
/* assert on the output */

This ensures that you're testing the behavior the user would see in the browser. Learn more at https://reactjs.org/link/wrap-tests-with-act
    at AccountForm (C:/Users/Admin/graceful_books/src/components/accounts/AccountForm.tsx:36:3)
Warning: An update to AccountForm inside a test was not wrapped in act(...).

When testing, code that causes React state updates should be wrapped into act(...):

act(() => {
  /* fire events that update state */
});
/* assert on the output */

This ensures that you're testing the behavior the user would see in the browser. Learn more at https://reactjs.org/link/wrap-tests-with-act
    at AccountForm (C:/Users/Admin/graceful_books/src/components/accounts/AccountForm.tsx:36:3)
Warning: An update to AccountForm inside a test was not wrapped in act(...).

When testing, code that causes React state updates should be wrapped into act(...):

act(() => {
  /* fire events that update state */
});
/* assert on the output */

This ensures that you're testing the behavior the user would see in the browser. Learn more at https://reactjs.org/link/wrap-tests-with-act
    at AccountForm (C:/Users/Admin/graceful_books/src/components/accounts/AccountForm.tsx:36:3)

[90mstderr[2m | src/components/accounts/AccountForm.test.tsx[2m > [22m[2mAccountForm Component[2m > [22m[2mvalidation[2m > [22m[2mshould accept valid account number
[22m[39mWarning: An update to AccountForm inside a test was not wrapped in act(...).

When testing, code that causes React state updates should be wrapped into act(...):

act(() => {
  /* fire events that update state */
});
/* assert on the output */

This ensures that you're testing the behavior the user would see in the browser. Learn more at https://reactjs.org/link/wrap-tests-with-act
    at AccountForm (C:/Users/Admin/graceful_books/src/components/accounts/AccountForm.tsx:36:3)
Warning: An update to AccountForm inside a test was not wrapped in act(...).

When testing, code that causes React state updates should be wrapped into act(...):

act(() => {
  /* fire events that update state */
});
/* assert on the output */

This ensures that you're testing the behavior the user would see in the browser. Learn more at https://reactjs.org/link/wrap-tests-with-act
    at AccountForm (C:/Users/Admin/graceful_books/src/components/accounts/AccountForm.tsx:36:3)
Warning: An update to AccountForm inside a test was not wrapped in act(...).

When testing, code that causes React state updates should be wrapped into act(...):

act(() => {
  /* fire events that update state */
});
/* assert on the output */

This ensures that you're testing the behavior the user would see in the browser. Learn more at https://reactjs.org/link/wrap-tests-with-act
    at AccountForm (C:/Users/Admin/graceful_books/src/components/accounts/AccountForm.tsx:36:3)

[90mstderr[2m | src/components/accounts/AccountForm.test.tsx[2m > [22m[2mAccountForm Component[2m > [22m[2mvalidation[2m > [22m[2mshould accept valid account number
[22m[39mWarning: An update to AccountForm inside a test was not wrapped in act(...).

When testing, code that causes React state updates should be wrapped into act(...):

act(() => {
  /* fire events that update state */
});
/* assert on the output */

This ensures that you're testing the behavior the user would see in the browser. Learn more at https://reactjs.org/link/wrap-tests-with-act
    at AccountForm (C:/Users/Admin/graceful_books/src/components/accounts/AccountForm.tsx:36:3)
Warning: An update to AccountForm inside a test was not wrapped in act(...).

When testing, code that causes React state updates should be wrapped into act(...):

act(() => {
  /* fire events that update state */
});
/* assert on the output */

This ensures that you're testing the behavior the user would see in the browser. Learn more at https://reactjs.org/link/wrap-tests-with-act
    at AccountForm (C:/Users/Admin/graceful_books/src/components/accounts/AccountForm.tsx:36:3)
Warning: An update to AccountForm inside a test was not wrapped in act(...).

When testing, code that causes React state updates should be wrapped into act(...):

act(() => {
  /* fire events that update state */
});
/* assert on the output */

This ensures that you're testing the behavior the user would see in the browser. Learn more at https://reactjs.org/link/wrap-tests-with-act
    at AccountForm (C:/Users/Admin/graceful_books/src/components/accounts/AccountForm.tsx:36:3)

[90mstderr[2m | src/components/accounts/AccountForm.test.tsx[2m > [22m[2mAccountForm Component[2m > [22m[2mvalidation[2m > [22m[2mshould accept valid account number
[22m[39mWarning: An update to AccountForm inside a test was not wrapped in act(...).

When testing, code that causes React state updates should be wrapped into act(...):

act(() => {
  /* fire events that update state */
});
/* assert on the output */

This ensures that you're testing the behavior the user would see in the browser. Learn more at https://reactjs.org/link/wrap-tests-with-act
    at AccountForm (C:/Users/Admin/graceful_books/src/components/accounts/AccountForm.tsx:36:3)
Warning: An update to AccountForm inside a test was not wrapped in act(...).

When testing, code that causes React state updates should be wrapped into act(...):

act(() => {
  /* fire events that update state */
});
/* assert on the output */

This ensures that you're testing the behavior the user would see in the browser. Learn more at https://reactjs.org/link/wrap-tests-with-act
    at AccountForm (C:/Users/Admin/graceful_books/src/components/accounts/AccountForm.tsx:36:3)
Warning: An update to AccountForm inside a test was not wrapped in act(...).

When testing, code that causes React state updates should be wrapped into act(...):

act(() => {
  /* fire events that update state */
});
/* assert on the output */

This ensures that you're testing the behavior the user would see in the browser. Learn more at https://reactjs.org/link/wrap-tests-with-act
    at AccountForm (C:/Users/Admin/graceful_books/src/components/accounts/AccountForm.tsx:36:3)

[90mstderr[2m | src/components/accounts/AccountForm.test.tsx[2m > [22m[2mAccountForm Component[2m > [22m[2mvalidation[2m > [22m[2mshould accept valid account number
[22m[39mWarning: An update to AccountForm inside a test was not wrapped in act(...).

When testing, code that causes React state updates should be wrapped into act(...):

act(() => {
  /* fire events that update state */
});
/* assert on the output */

This ensures that you're testing the behavior the user would see in the browser. Learn more at https://reactjs.org/link/wrap-tests-with-act
    at AccountForm (C:/Users/Admin/graceful_books/src/components/accounts/AccountForm.tsx:36:3)
Warning: An update to AccountForm inside a test was not wrapped in act(...).

When testing, code that causes React state updates should be wrapped into act(...):

act(() => {
  /* fire events that update state */
});
/* assert on the output */

This ensures that you're testing the behavior the user would see in the browser. Learn more at https://reactjs.org/link/wrap-tests-with-act
    at AccountForm (C:/Users/Admin/graceful_books/src/components/accounts/AccountForm.tsx:36:3)
Warning: An update to AccountForm inside a test was not wrapped in act(...).

When testing, code that causes React state updates should be wrapped into act(...):

act(() => {
  /* fire events that update state */
});
/* assert on the output */

This ensures that you're testing the behavior the user would see in the browser. Learn more at https://reactjs.org/link/wrap-tests-with-act
    at AccountForm (C:/Users/Admin/graceful_books/src/components/accounts/AccountForm.tsx:36:3)

[90mstderr[2m | src/components/accounts/AccountForm.test.tsx[2m > [22m[2mAccountForm Component[2m > [22m[2mvalidation[2m > [22m[2mshould accept valid account number
[22m[39mWarning: An update to AccountForm inside a test was not wrapped in act(...).

When testing, code that causes React state updates should be wrapped into act(...):

act(() => {
  /* fire events that update state */
});
/* assert on the output */

This ensures that you're testing the behavior the user would see in the browser. Learn more at https://reactjs.org/link/wrap-tests-with-act
    at AccountForm (C:/Users/Admin/graceful_books/src/components/accounts/AccountForm.tsx:36:3)
Warning: An update to AccountForm inside a test was not wrapped in act(...).

When testing, code that causes React state updates should be wrapped into act(...):

act(() => {
  /* fire events that update state */
});
/* assert on the output */

This ensures that you're testing the behavior the user would see in the browser. Learn more at https://reactjs.org/link/wrap-tests-with-act
    at AccountForm (C:/Users/Admin/graceful_books/src/components/accounts/AccountForm.tsx:36:3)
Warning: An update to AccountForm inside a test was not wrapped in act(...).

When testing, code that causes React state updates should be wrapped into act(...):

act(() => {
  /* fire events that update state */
});
/* assert on the output */

This ensures that you're testing the behavior the user would see in the browser. Learn more at https://reactjs.org/link/wrap-tests-with-act
    at AccountForm (C:/Users/Admin/graceful_books/src/components/accounts/AccountForm.tsx:36:3)

[90mstderr[2m | src/components/accounts/AccountForm.test.tsx[2m > [22m[2mAccountForm Component[2m > [22m[2mvalidation[2m > [22m[2mshould accept valid account number
[22m[39mWarning: An update to AccountForm inside a test was not wrapped in act(...).

When testing, code that causes React state updates should be wrapped into act(...):

act(() => {
  /* fire events that update state */
});
/* assert on the output */

This ensures that you're testing the behavior the user would see in the browser. Learn more at https://reactjs.org/link/wrap-tests-with-act
    at AccountForm (C:/Users/Admin/graceful_books/src/components/accounts/AccountForm.tsx:36:3)
Warning: An update to AccountForm inside a test was not wrapped in act(...).

When testing, code that causes React state updates should be wrapped into act(...):

act(() => {
  /* fire events that update state */
});
/* assert on the output */

This ensures that you're testing the behavior the user would see in the browser. Learn more at https://reactjs.org/link/wrap-tests-with-act
    at AccountForm (C:/Users/Admin/graceful_books/src/components/accounts/AccountForm.tsx:36:3)
Warning: An update to AccountForm inside a test was not wrapped in act(...).

When testing, code that causes React state updates should be wrapped into act(...):

act(() => {
  /* fire events that update state */
});
/* assert on the output */

This ensures that you're testing the behavior the user would see in the browser. Learn more at https://reactjs.org/link/wrap-tests-with-act
    at AccountForm (C:/Users/Admin/graceful_books/src/components/accounts/AccountForm.tsx:36:3)

[90mstderr[2m | src/components/accounts/AccountForm.test.tsx[2m > [22m[2mAccountForm Component[2m > [22m[2mvalidation[2m > [22m[2mshould accept valid account number
[22m[39mWarning: An update to AccountForm inside a test was not wrapped in act(...).

When testing, code that causes React state updates should be wrapped into act(...):

act(() => {
  /* fire events that update state */
});
/* assert on the output */

This ensures that you're testing the behavior the user would see in the browser. Learn more at https://reactjs.org/link/wrap-tests-with-act
    at AccountForm (C:/Users/Admin/graceful_books/src/components/accounts/AccountForm.tsx:36:3)
Warning: An update to AccountForm inside a test was not wrapped in act(...).

When testing, code that causes React state updates should be wrapped into act(...):

act(() => {
  /* fire events that update state */
});
/* assert on the output */

This ensures that you're testing the behavior the user would see in the browser. Learn more at https://reactjs.org/link/wrap-tests-with-act
    at AccountForm (C:/Users/Admin/graceful_books/src/components/accounts/AccountForm.tsx:36:3)
Warning: An update to AccountForm inside a test was not wrapped in act(...).

When testing, code that causes React state updates should be wrapped into act(...):

act(() => {
  /* fire events that update state */
});
/* assert on the output */

This ensures that you're testing the behavior the user would see in the browser. Learn more at https://reactjs.org/link/wrap-tests-with-act
    at AccountForm (C:/Users/Admin/graceful_books/src/components/accounts/AccountForm.tsx:36:3)

[90mstderr[2m | src/components/accounts/AccountForm.test.tsx[2m > [22m[2mAccountForm Component[2m > [22m[2mvalidation[2m > [22m[2mshould accept valid account number
[22m[39mWarning: An update to AccountForm inside a test was not wrapped in act(...).

When testing, code that causes React state updates should be wrapped into act(...):

act(() => {
  /* fire events that update state */
});
/* assert on the output */

This ensures that you're testing the behavior the user would see in the browser. Learn more at https://reactjs.org/link/wrap-tests-with-act
    at AccountForm (C:/Users/Admin/graceful_books/src/components/accounts/AccountForm.tsx:36:3)
Warning: An update to AccountForm inside a test was not wrapped in act(...).

When testing, code that causes React state updates should be wrapped into act(...):

act(() => {
  /* fire events that update state */
});
/* assert on the output */

This ensures that you're testing the behavior the user would see in the browser. Learn more at https://reactjs.org/link/wrap-tests-with-act
    at AccountForm (C:/Users/Admin/graceful_books/src/components/accounts/AccountForm.tsx:36:3)
Warning: An update to AccountForm inside a test was not wrapped in act(...).

When testing, code that causes React state updates should be wrapped into act(...):

act(() => {
  /* fire events that update state */
});
/* assert on the output */

This ensures that you're testing the behavior the user would see in the browser. Learn more at https://reactjs.org/link/wrap-tests-with-act
    at AccountForm (C:/Users/Admin/graceful_books/src/components/accounts/AccountForm.tsx:36:3)

[90mstderr[2m | src/components/accounts/AccountForm.test.tsx[2m > [22m[2mAccountForm Component[2m > [22m[2mvalidation[2m > [22m[2mshould accept valid account number
[22m[39mWarning: An update to AccountForm inside a test was not wrapped in act(...).

When testing, code that causes React state updates should be wrapped into act(...):

act(() => {
  /* fire events that update state */
});
/* assert on the output */

This ensures that you're testing the behavior the user would see in the browser. Learn more at https://reactjs.org/link/wrap-tests-with-act
    at AccountForm (C:/Users/Admin/graceful_books/src/components/accounts/AccountForm.tsx:36:3)
Warning: An update to AccountForm inside a test was not wrapped in act(...).

When testing, code that causes React state updates should be wrapped into act(...):

act(() => {
  /* fire events that update state */
});
/* assert on the output */

This ensures that you're testing the behavior the user would see in the browser. Learn more at https://reactjs.org/link/wrap-tests-with-act
    at AccountForm (C:/Users/Admin/graceful_books/src/components/accounts/AccountForm.tsx:36:3)
Warning: An update to AccountForm inside a test was not wrapped in act(...).

When testing, code that causes React state updates should be wrapped into act(...):

act(() => {
  /* fire events that update state */
});
/* assert on the output */

This ensures that you're testing the behavior the user would see in the browser. Learn more at https://reactjs.org/link/wrap-tests-with-act
    at AccountForm (C:/Users/Admin/graceful_books/src/components/accounts/AccountForm.tsx:36:3)

[90mstderr[2m | src/components/accounts/AccountForm.test.tsx[2m > [22m[2mAccountForm Component[2m > [22m[2mvalidation[2m > [22m[2mshould validate parent account type matches
[22m[39mWarning: An update to AccountForm inside a test was not wrapped in act(...).

When testing, code that causes React state updates should be wrapped into act(...):

act(() => {
  /* fire events that update state */
});
/* assert on the output */

This ensures that you're testing the behavior the user would see in the browser. Learn more at https://reactjs.org/link/wrap-tests-with-act
    at AccountForm (C:/Users/Admin/graceful_books/src/components/accounts/AccountForm.tsx:36:3)
Warning: An update to AccountForm inside a test was not wrapped in act(...).

When testing, code that causes React state updates should be wrapped into act(...):

act(() => {
  /* fire events that update state */
});
/* assert on the output */

This ensures that you're testing the behavior the user would see in the browser. Learn more at https://reactjs.org/link/wrap-tests-with-act
    at AccountForm (C:/Users/Admin/graceful_books/src/components/accounts/AccountForm.tsx:36:3)
Warning: An update to AccountForm inside a test was not wrapped in act(...).

When testing, code that causes React state updates should be wrapped into act(...):

act(() => {
  /* fire events that update state */
});
/* assert on the output */

This ensures that you're testing the behavior the user would see in the browser. Learn more at https://reactjs.org/link/wrap-tests-with-act
    at AccountForm (C:/Users/Admin/graceful_books/src/components/accounts/AccountForm.tsx:36:3)

[90mstderr[2m | src/components/accounts/AccountForm.test.tsx[2m > [22m[2mAccountForm Component[2m > [22m[2mvalidation[2m > [22m[2mshould validate parent account type matches
[22m[39mWarning: An update to AccountForm inside a test was not wrapped in act(...).

When testing, code that causes React state updates should be wrapped into act(...):

act(() => {
  /* fire events that update state */
});
/* assert on the output */

This ensures that you're testing the behavior the user would see in the browser. Learn more at https://reactjs.org/link/wrap-tests-with-act
    at AccountForm (C:/Users/Admin/graceful_books/src/components/accounts/AccountForm.tsx:36:3)
Warning: An update to AccountForm inside a test was not wrapped in act(...).

When testing, code that causes React state updates should be wrapped into act(...):

act(() => {
  /* fire events that update state */
});
/* assert on the output */

This ensures that you're testing the behavior the user would see in the browser. Learn more at https://reactjs.org/link/wrap-tests-with-act
    at AccountForm (C:/Users/Admin/graceful_books/src/components/accounts/AccountForm.tsx:36:3)
Warning: An update to AccountForm inside a test was not wrapped in act(...).

When testing, code that causes React state updates should be wrapped into act(...):

act(() => {
  /* fire events that update state */
});
/* assert on the output */

This ensures that you're testing the behavior the user would see in the browser. Learn more at https://reactjs.org/link/wrap-tests-with-act
    at AccountForm (C:/Users/Admin/graceful_books/src/components/accounts/AccountForm.tsx:36:3)

[90mstderr[2m | src/components/accounts/AccountForm.test.tsx[2m > [22m[2mAccountForm Component[2m > [22m[2mform submission[2m > [22m[2mshould submit valid form data
[22m[39mWarning: An update to AccountForm inside a test was not wrapped in act(...).

When testing, code that causes React state updates should be wrapped into act(...):

act(() => {
  /* fire events that update state */
});
/* assert on the output */

This ensures that you're testing the behavior the user would see in the browser. Learn more at https://reactjs.org/link/wrap-tests-with-act
    at AccountForm (C:/Users/Admin/graceful_books/src/components/accounts/AccountForm.tsx:36:3)
Warning: An update to AccountForm inside a test was not wrapped in act(...).

When testing, code that causes React state updates should be wrapped into act(...):

act(() => {
  /* fire events that update state */
});
/* assert on the output */

This ensures that you're testing the behavior the user would see in the browser. Learn more at https://reactjs.org/link/wrap-tests-with-act
    at AccountForm (C:/Users/Admin/graceful_books/src/components/accounts/AccountForm.tsx:36:3)
Warning: An update to AccountForm inside a test was not wrapped in act(...).

When testing, code that causes React state updates should be wrapped into act(...):

act(() => {
  /* fire events that update state */
});
/* assert on the output */

This ensures that you're testing the behavior the user would see in the browser. Learn more at https://reactjs.org/link/wrap-tests-with-act
    at AccountForm (C:/Users/Admin/graceful_books/src/components/accounts/AccountForm.tsx:36:3)

[90mstderr[2m | src/components/accounts/AccountForm.test.tsx[2m > [22m[2mAccountForm Component[2m > [22m[2mform submission[2m > [22m[2mshould submit valid form data
[22m[39mWarning: An update to AccountForm inside a test was not wrapped in act(...).

When testing, code that causes React state updates should be wrapped into act(...):

act(() => {
  /* fire events that update state */
});
/* assert on the output */

This ensures that you're testing the behavior the user would see in the browser. Learn more at https://reactjs.org/link/wrap-tests-with-act
    at AccountForm (C:/Users/Admin/graceful_books/src/components/accounts/AccountForm.tsx:36:3)
Warning: An update to AccountForm inside a test was not wrapped in act(...).

When testing, code that causes React state updates should be wrapped into act(...):

act(() => {
  /* fire events that update state */
});
/* assert on the output */

This ensures that you're testing the behavior the user would see in the browser. Learn more at https://reactjs.org/link/wrap-tests-with-act
    at AccountForm (C:/Users/Admin/graceful_books/src/components/accounts/AccountForm.tsx:36:3)
Warning: An update to AccountForm inside a test was not wrapped in act(...).

When testing, code that causes React state updates should be wrapped into act(...):

act(() => {
  /* fire events that update state */
});
/* assert on the output */

This ensures that you're testing the behavior the user would see in the browser. Learn more at https://reactjs.org/link/wrap-tests-with-act
    at AccountForm (C:/Users/Admin/graceful_books/src/components/accounts/AccountForm.tsx:36:3)

[90mstderr[2m | src/components/accounts/AccountForm.test.tsx[2m > [22m[2mAccountForm Component[2m > [22m[2mform submission[2m > [22m[2mshould submit valid form data
[22m[39mWarning: An update to AccountForm inside a test was not wrapped in act(...).

When testing, code that causes React state updates should be wrapped into act(...):

act(() => {
  /* fire events that update state */
});
/* assert on the output */

This ensures that you're testing the behavior the user would see in the browser. Learn more at https://reactjs.org/link/wrap-tests-with-act
    at AccountForm (C:/Users/Admin/graceful_books/src/components/accounts/AccountForm.tsx:36:3)
Warning: An update to AccountForm inside a test was not wrapped in act(...).

When testing, code that causes React state updates should be wrapped into act(...):

act(() => {
  /* fire events that update state */
});
/* assert on the output */

This ensures that you're testing the behavior the user would see in the browser. Learn more at https://reactjs.org/link/wrap-tests-with-act
    at AccountForm (C:/Users/Admin/graceful_books/src/components/accounts/AccountForm.tsx:36:3)
Warning: An update to AccountForm inside a test was not wrapped in act(...).

When testing, code that causes React state updates should be wrapped into act(...):

act(() => {
  /* fire events that update state */
});
/* assert on the output */

This ensures that you're testing the behavior the user would see in the browser. Learn more at https://reactjs.org/link/wrap-tests-with-act
    at AccountForm (C:/Users/Admin/graceful_books/src/components/accounts/AccountForm.tsx:36:3)

[90mstderr[2m | src/components/accounts/AccountForm.test.tsx[2m > [22m[2mAccountForm Component[2m > [22m[2mform submission[2m > [22m[2mshould submit valid form data
[22m[39mWarning: An update to AccountForm inside a test was not wrapped in act(...).

When testing, code that causes React state updates should be wrapped into act(...):

act(() => {
  /* fire events that update state */
});
/* assert on the output */

This ensures that you're testing the behavior the user would see in the browser. Learn more at https://reactjs.org/link/wrap-tests-with-act
    at AccountForm (C:/Users/Admin/graceful_books/src/components/accounts/AccountForm.tsx:36:3)
Warning: An update to AccountForm inside a test was not wrapped in act(...).

When testing, code that causes React state updates should be wrapped into act(...):

act(() => {
  /* fire events that update state */
});
/* assert on the output */

This ensures that you're testing the behavior the user would see in the browser. Learn more at https://reactjs.org/link/wrap-tests-with-act
    at AccountForm (C:/Users/Admin/graceful_books/src/components/accounts/AccountForm.tsx:36:3)
Warning: An update to AccountForm inside a test was not wrapped in act(...).

When testing, code that causes React state updates should be wrapped into act(...):

act(() => {
  /* fire events that update state */
});
/* assert on the output */

This ensures that you're testing the behavior the user would see in the browser. Learn more at https://reactjs.org/link/wrap-tests-with-act
    at AccountForm (C:/Users/Admin/graceful_books/src/components/accounts/AccountForm.tsx:36:3)

[90mstderr[2m | src/components/accounts/AccountForm.test.tsx[2m > [22m[2mAccountForm Component[2m > [22m[2mform submission[2m > [22m[2mshould submit valid form data
[22m[39mWarning: An update to AccountForm inside a test was not wrapped in act(...).

When testing, code that causes React state updates should be wrapped into act(...):

act(() => {
  /* fire events that update state */
});
/* assert on the output */

This ensures that you're testing the behavior the user would see in the browser. Learn more at https://reactjs.org/link/wrap-tests-with-act
    at AccountForm (C:/Users/Admin/graceful_books/src/components/accounts/AccountForm.tsx:36:3)
Warning: An update to AccountForm inside a test was not wrapped in act(...).

When testing, code that causes React state updates should be wrapped into act(...):

act(() => {
  /* fire events that update state */
});
/* assert on the output */

This ensures that you're testing the behavior the user would see in the browser. Learn more at https://reactjs.org/link/wrap-tests-with-act
    at AccountForm (C:/Users/Admin/graceful_books/src/components/accounts/AccountForm.tsx:36:3)
Warning: An update to AccountForm inside a test was not wrapped in act(...).

When testing, code that causes React state updates should be wrapped into act(...):

act(() => {
  /* fire events that update state */
});
/* assert on the output */

This ensures that you're testing the behavior the user would see in the browser. Learn more at https://reactjs.org/link/wrap-tests-with-act
    at AccountForm (C:/Users/Admin/graceful_books/src/components/accounts/AccountForm.tsx:36:3)

[90mstderr[2m | src/components/accounts/AccountForm.test.tsx[2m > [22m[2mAccountForm Component[2m > [22m[2mform submission[2m > [22m[2mshould submit valid form data
[22m[39mWarning: An update to AccountForm inside a test was not wrapped in act(...).

When testing, code that causes React state updates should be wrapped into act(...):

act(() => {
  /* fire events that update state */
});
/* assert on the output */

This ensures that you're testing the behavior the user would see in the browser. Learn more at https://reactjs.org/link/wrap-tests-with-act
    at AccountForm (C:/Users/Admin/graceful_books/src/components/accounts/AccountForm.tsx:36:3)
Warning: An update to AccountForm inside a test was not wrapped in act(...).

When testing, code that causes React state updates should be wrapped into act(...):

act(() => {
  /* fire events that update state */
});
/* assert on the output */

This ensures that you're testing the behavior the user would see in the browser. Learn more at https://reactjs.org/link/wrap-tests-with-act
    at AccountForm (C:/Users/Admin/graceful_books/src/components/accounts/AccountForm.tsx:36:3)
Warning: An update to AccountForm inside a test was not wrapped in act(...).

When testing, code that causes React state updates should be wrapped into act(...):

act(() => {
  /* fire events that update state */
});
/* assert on the output */

This ensures that you're testing the behavior the user would see in the browser. Learn more at https://reactjs.org/link/wrap-tests-with-act
    at AccountForm (C:/Users/Admin/graceful_books/src/components/accounts/AccountForm.tsx:36:3)

[90mstderr[2m | src/components/accounts/AccountForm.test.tsx[2m > [22m[2mAccountForm Component[2m > [22m[2mform submission[2m > [22m[2mshould submit valid form data
[22m[39mWarning: An update to AccountForm inside a test was not wrapped in act(...).

When testing, code that causes React state updates should be wrapped into act(...):

act(() => {
  /* fire events that update state */
});
/* assert on the output */

This ensures that you're testing the behavior the user would see in the browser. Learn more at https://reactjs.org/link/wrap-tests-with-act
    at AccountForm (C:/Users/Admin/graceful_books/src/components/accounts/AccountForm.tsx:36:3)
Warning: An update to AccountForm inside a test was not wrapped in act(...).

When testing, code that causes React state updates should be wrapped into act(...):

act(() => {
  /* fire events that update state */
});
/* assert on the output */

This ensures that you're testing the behavior the user would see in the browser. Learn more at https://reactjs.org/link/wrap-tests-with-act
    at AccountForm (C:/Users/Admin/graceful_books/src/components/accounts/AccountForm.tsx:36:3)
Warning: An update to AccountForm inside a test was not wrapped in act(...).

When testing, code that causes React state updates should be wrapped into act(...):

act(() => {
  /* fire events that update state */
});
/* assert on the output */

This ensures that you're testing the behavior the user would see in the browser. Learn more at https://reactjs.org/link/wrap-tests-with-act
    at AccountForm (C:/Users/Admin/graceful_books/src/components/accounts/AccountForm.tsx:36:3)

[90mstderr[2m | src/components/accounts/AccountForm.test.tsx[2m > [22m[2mAccountForm Component[2m > [22m[2mform submission[2m > [22m[2mshould submit valid form data
[22m[39mWarning: An update to AccountForm inside a test was not wrapped in act(...).

When testing, code that causes React state updates should be wrapped into act(...):

act(() => {
  /* fire events that update state */
});
/* assert on the output */

This ensures that you're testing the behavior the user would see in the browser. Learn more at https://reactjs.org/link/wrap-tests-with-act
    at AccountForm (C:/Users/Admin/graceful_books/src/components/accounts/AccountForm.tsx:36:3)
Warning: An update to AccountForm inside a test was not wrapped in act(...).

When testing, code that causes React state updates should be wrapped into act(...):

act(() => {
  /* fire events that update state */
});
/* assert on the output */

This ensures that you're testing the behavior the user would see in the browser. Learn more at https://reactjs.org/link/wrap-tests-with-act
    at AccountForm (C:/Users/Admin/graceful_books/src/components/accounts/AccountForm.tsx:36:3)
Warning: An update to AccountForm inside a test was not wrapped in act(...).

When testing, code that causes React state updates should be wrapped into act(...):

act(() => {
  /* fire events that update state */
});
/* assert on the output */

This ensures that you're testing the behavior the user would see in the browser. Learn more at https://reactjs.org/link/wrap-tests-with-act
    at AccountForm (C:/Users/Admin/graceful_books/src/components/accounts/AccountForm.tsx:36:3)

[90mstderr[2m | src/components/accounts/AccountForm.test.tsx[2m > [22m[2mAccountForm Component[2m > [22m[2mform submission[2m > [22m[2mshould submit valid form data
[22m[39mWarning: An update to AccountForm inside a test was not wrapped in act(...).

When testing, code that causes React state updates should be wrapped into act(...):

act(() => {
  /* fire events that update state */
});
/* assert on the output */

This ensures that you're testing the behavior the user would see in the browser. Learn more at https://reactjs.org/link/wrap-tests-with-act
    at AccountForm (C:/Users/Admin/graceful_books/src/components/accounts/AccountForm.tsx:36:3)
Warning: An update to AccountForm inside a test was not wrapped in act(...).

When testing, code that causes React state updates should be wrapped into act(...):

act(() => {
  /* fire events that update state */
});
/* assert on the output */

This ensures that you're testing the behavior the user would see in the browser. Learn more at https://reactjs.org/link/wrap-tests-with-act
    at AccountForm (C:/Users/Admin/graceful_books/src/components/accounts/AccountForm.tsx:36:3)
Warning: An update to AccountForm inside a test was not wrapped in act(...).

When testing, code that causes React state updates should be wrapped into act(...):

act(() => {
  /* fire events that update state */
});
/* assert on the output */

This ensures that you're testing the behavior the user would see in the browser. Learn more at https://reactjs.org/link/wrap-tests-with-act
    at AccountForm (C:/Users/Admin/graceful_books/src/components/accounts/AccountForm.tsx:36:3)

[90mstderr[2m | src/components/accounts/AccountForm.test.tsx[2m > [22m[2mAccountForm Component[2m > [22m[2mform submission[2m > [22m[2mshould submit valid form data
[22m[39mWarning: An update to AccountForm inside a test was not wrapped in act(...).

When testing, code that causes React state updates should be wrapped into act(...):

act(() => {
  /* fire events that update state */
});
/* assert on the output */

This ensures that you're testing the behavior the user would see in the browser. Learn more at https://reactjs.org/link/wrap-tests-with-act
    at AccountForm (C:/Users/Admin/graceful_books/src/components/accounts/AccountForm.tsx:36:3)
Warning: An update to AccountForm inside a test was not wrapped in act(...).

When testing, code that causes React state updates should be wrapped into act(...):

act(() => {
  /* fire events that update state */
});
/* assert on the output */

This ensures that you're testing the behavior the user would see in the browser. Learn more at https://reactjs.org/link/wrap-tests-with-act
    at AccountForm (C:/Users/Admin/graceful_books/src/components/accounts/AccountForm.tsx:36:3)
Warning: An update to AccountForm inside a test was not wrapped in act(...).

When testing, code that causes React state updates should be wrapped into act(...):

act(() => {
  /* fire events that update state */
});
/* assert on the output */

This ensures that you're testing the behavior the user would see in the browser. Learn more at https://reactjs.org/link/wrap-tests-with-act
    at AccountForm (C:/Users/Admin/graceful_books/src/components/accounts/AccountForm.tsx:36:3)

[90mstderr[2m | src/components/accounts/AccountForm.test.tsx[2m > [22m[2mAccountForm Component[2m > [22m[2mform submission[2m > [22m[2mshould submit valid form data
[22m[39mWarning: An update to AccountForm inside a test was not wrapped in act(...).

When testing, code that causes React state updates should be wrapped into act(...):

act(() => {
  /* fire events that update state */
});
/* assert on the output */

This ensures that you're testing the behavior the user would see in the browser. Learn more at https://reactjs.org/link/wrap-tests-with-act
    at AccountForm (C:/Users/Admin/graceful_books/src/components/accounts/AccountForm.tsx:36:3)
Warning: An update to AccountForm inside a test was not wrapped in act(...).

When testing, code that causes React state updates should be wrapped into act(...):

act(() => {
  /* fire events that update state */
});
/* assert on the output */

This ensures that you're testing the behavior the user would see in the browser. Learn more at https://reactjs.org/link/wrap-tests-with-act
    at AccountForm (C:/Users/Admin/graceful_books/src/components/accounts/AccountForm.tsx:36:3)
Warning: An update to AccountForm inside a test was not wrapped in act(...).

When testing, code that causes React state updates should be wrapped into act(...):

act(() => {
  /* fire events that update state */
});
/* assert on the output */

This ensures that you're testing the behavior the user would see in the browser. Learn more at https://reactjs.org/link/wrap-tests-with-act
    at AccountForm (C:/Users/Admin/graceful_books/src/components/accounts/AccountForm.tsx:36:3)

[90mstderr[2m | src/components/accounts/AccountForm.test.tsx[2m > [22m[2mAccountForm Component[2m > [22m[2mform submission[2m > [22m[2mshould submit valid form data
[22m[39mWarning: An update to AccountForm inside a test was not wrapped in act(...).

When testing, code that causes React state updates should be wrapped into act(...):

act(() => {
  /* fire events that update state */
});
/* assert on the output */

This ensures that you're testing the behavior the user would see in the browser. Learn more at https://reactjs.org/link/wrap-tests-with-act
    at AccountForm (C:/Users/Admin/graceful_books/src/components/accounts/AccountForm.tsx:36:3)
Warning: An update to AccountForm inside a test was not wrapped in act(...).

When testing, code that causes React state updates should be wrapped into act(...):

act(() => {
  /* fire events that update state */
});
/* assert on the output */

This ensures that you're testing the behavior the user would see in the browser. Learn more at https://reactjs.org/link/wrap-tests-with-act
    at AccountForm (C:/Users/Admin/graceful_books/src/components/accounts/AccountForm.tsx:36:3)
Warning: An update to AccountForm inside a test was not wrapped in act(...).

When testing, code that causes React state updates should be wrapped into act(...):

act(() => {
  /* fire events that update state */
});
/* assert on the output */

This ensures that you're testing the behavior the user would see in the browser. Learn more at https://reactjs.org/link/wrap-tests-with-act
    at AccountForm (C:/Users/Admin/graceful_books/src/components/accounts/AccountForm.tsx:36:3)

[90mstderr[2m | src/components/accounts/AccountForm.test.tsx[2m > [22m[2mAccountForm Component[2m > [22m[2mform submission[2m > [22m[2mshould submit valid form data
[22m[39mWarning: An update to AccountForm inside a test was not wrapped in act(...).

When testing, code that causes React state updates should be wrapped into act(...):

act(() => {
  /* fire events that update state */
});
/* assert on the output */

This ensures that you're testing the behavior the user would see in the browser. Learn more at https://reactjs.org/link/wrap-tests-with-act
    at AccountForm (C:/Users/Admin/graceful_books/src/components/accounts/AccountForm.tsx:36:3)
Warning: An update to AccountForm inside a test was not wrapped in act(...).

When testing, code that causes React state updates should be wrapped into act(...):

act(() => {
  /* fire events that update state */
});
/* assert on the output */

This ensures that you're testing the behavior the user would see in the browser. Learn more at https://reactjs.org/link/wrap-tests-with-act
    at AccountForm (C:/Users/Admin/graceful_books/src/components/accounts/AccountForm.tsx:36:3)
Warning: An update to AccountForm inside a test was not wrapped in act(...).

When testing, code that causes React state updates should be wrapped into act(...):

act(() => {
  /* fire events that update state */
});
/* assert on the output */

This ensures that you're testing the behavior the user would see in the browser. Learn more at https://reactjs.org/link/wrap-tests-with-act
    at AccountForm (C:/Users/Admin/graceful_books/src/components/accounts/AccountForm.tsx:36:3)

[90mstderr[2m | src/components/accounts/AccountForm.test.tsx[2m > [22m[2mAccountForm Component[2m > [22m[2mform submission[2m > [22m[2mshould submit valid form data
[22m[39mWarning: An update to AccountForm inside a test was not wrapped in act(...).

When testing, code that causes React state updates should be wrapped into act(...):

act(() => {
  /* fire events that update state */
});
/* assert on the output */

This ensures that you're testing the behavior the user would see in the browser. Learn more at https://reactjs.org/link/wrap-tests-with-act
    at AccountForm (C:/Users/Admin/graceful_books/src/components/accounts/AccountForm.tsx:36:3)
Warning: An update to AccountForm inside a test was not wrapped in act(...).

When testing, code that causes React state updates should be wrapped into act(...):

act(() => {
  /* fire events that update state */
});
/* assert on the output */

This ensures that you're testing the behavior the user would see in the browser. Learn more at https://reactjs.org/link/wrap-tests-with-act
    at AccountForm (C:/Users/Admin/graceful_books/src/components/accounts/AccountForm.tsx:36:3)
Warning: An update to AccountForm inside a test was not wrapped in act(...).

When testing, code that causes React state updates should be wrapped into act(...):

act(() => {
  /* fire events that update state */
});
/* assert on the output */

This ensures that you're testing the behavior the user would see in the browser. Learn more at https://reactjs.org/link/wrap-tests-with-act
    at AccountForm (C:/Users/Admin/graceful_books/src/components/accounts/AccountForm.tsx:36:3)

[90mstderr[2m | src/components/accounts/AccountForm.test.tsx[2m > [22m[2mAccountForm Component[2m > [22m[2mform submission[2m > [22m[2mshould submit valid form data
[22m[39mWarning: An update to AccountForm inside a test was not wrapped in act(...).

When testing, code that causes React state updates should be wrapped into act(...):

act(() => {
  /* fire events that update state */
});
/* assert on the output */

This ensures that you're testing the behavior the user would see in the browser. Learn more at https://reactjs.org/link/wrap-tests-with-act
    at AccountForm (C:/Users/Admin/graceful_books/src/components/accounts/AccountForm.tsx:36:3)
Warning: An update to AccountForm inside a test was not wrapped in act(...).

When testing, code that causes React state updates should be wrapped into act(...):

act(() => {
  /* fire events that update state */
});
/* assert on the output */

This ensures that you're testing the behavior the user would see in the browser. Learn more at https://reactjs.org/link/wrap-tests-with-act
    at AccountForm (C:/Users/Admin/graceful_books/src/components/accounts/AccountForm.tsx:36:3)
Warning: An update to AccountForm inside a test was not wrapped in act(...).

When testing, code that causes React state updates should be wrapped into act(...):

act(() => {
  /* fire events that update state */
});
/* assert on the output */

This ensures that you're testing the behavior the user would see in the browser. Learn more at https://reactjs.org/link/wrap-tests-with-act
    at AccountForm (C:/Users/Admin/graceful_books/src/components/accounts/AccountForm.tsx:36:3)

[90mstderr[2m | src/components/accounts/AccountForm.test.tsx[2m > [22m[2mAccountForm Component[2m > [22m[2mform submission[2m > [22m[2mshould submit valid form data
[22m[39mWarning: An update to AccountForm inside a test was not wrapped in act(...).

When testing, code that causes React state updates should be wrapped into act(...):

act(() => {
  /* fire events that update state */
});
/* assert on the output */

This ensures that you're testing the behavior the user would see in the browser. Learn more at https://reactjs.org/link/wrap-tests-with-act
    at AccountForm (C:/Users/Admin/graceful_books/src/components/accounts/AccountForm.tsx:36:3)
Warning: An update to AccountForm inside a test was not wrapped in act(...).

When testing, code that causes React state updates should be wrapped into act(...):

act(() => {
  /* fire events that update state */
});
/* assert on the output */

This ensures that you're testing the behavior the user would see in the browser. Learn more at https://reactjs.org/link/wrap-tests-with-act
    at AccountForm (C:/Users/Admin/graceful_books/src/components/accounts/AccountForm.tsx:36:3)
Warning: An update to AccountForm inside a test was not wrapped in act(...).

When testing, code that causes React state updates should be wrapped into act(...):

act(() => {
  /* fire events that update state */
});
/* assert on the output */

This ensures that you're testing the behavior the user would see in the browser. Learn more at https://reactjs.org/link/wrap-tests-with-act
    at AccountForm (C:/Users/Admin/graceful_books/src/components/accounts/AccountForm.tsx:36:3)

[90mstderr[2m | src/components/accounts/AccountForm.test.tsx[2m > [22m[2mAccountForm Component[2m > [22m[2mform submission[2m > [22m[2mshould submit valid form data
[22m[39mWarning: An update to Input inside a test was not wrapped in act(...).

When testing, code that causes React state updates should be wrapped into act(...):

act(() => {
  /* fire events that update state */
});
/* assert on the output */

This ensures that you're testing the behavior the user would see in the browser. Learn more at https://reactjs.org/link/wrap-tests-with-act
    at C:/Users/Admin/graceful_books/src/components/forms/Input.tsx:8:5
    at div
    at form
    at AccountForm (C:/Users/Admin/graceful_books/src/components/accounts/AccountForm.tsx:36:3)
Warning: An update to AccountForm inside a test was not wrapped in act(...).

When testing, code that causes React state updates should be wrapped into act(...):

act(() => {
  /* fire events that update state */
});
/* assert on the output */

This ensures that you're testing the behavior the user would see in the browser. Learn more at https://reactjs.org/link/wrap-tests-with-act
    at AccountForm (C:/Users/Admin/graceful_books/src/components/accounts/AccountForm.tsx:36:3)
Warning: An update to AccountForm inside a test was not wrapped in act(...).

When testing, code that causes React state updates should be wrapped into act(...):

act(() => {
  /* fire events that update state */
});
/* assert on the output */

This ensures that you're testing the behavior the user would see in the browser. Learn more at https://reactjs.org/link/wrap-tests-with-act
    at AccountForm (C:/Users/Admin/graceful_books/src/components/accounts/AccountForm.tsx:36:3)
Warning: An update to AccountForm inside a test was not wrapped in act(...).

When testing, code that causes React state updates should be wrapped into act(...):

act(() => {
  /* fire events that update state */
});
/* assert on the output */

This ensures that you're testing the behavior the user would see in the browser. Learn more at https://reactjs.org/link/wrap-tests-with-act
    at AccountForm (C:/Users/Admin/graceful_books/src/components/accounts/AccountForm.tsx:36:3)

[90mstderr[2m | src/components/accounts/AccountForm.test.tsx[2m > [22m[2mAccountForm Component[2m > [22m[2mform submission[2m > [22m[2mshould submit valid form data
[22m[39mWarning: An update to Input inside a test was not wrapped in act(...).

When testing, code that causes React state updates should be wrapped into act(...):

act(() => {
  /* fire events that update state */
});
/* assert on the output */

This ensures that you're testing the behavior the user would see in the browser. Learn more at https://reactjs.org/link/wrap-tests-with-act
    at C:/Users/Admin/graceful_books/src/components/forms/Input.tsx:8:5
    at div
    at form
    at AccountForm (C:/Users/Admin/graceful_books/src/components/accounts/AccountForm.tsx:36:3)
Warning: An update to AccountForm inside a test was not wrapped in act(...).

When testing, code that causes React state updates should be wrapped into act(...):

act(() => {
  /* fire events that update state */
});
/* assert on the output */

This ensures that you're testing the behavior the user would see in the browser. Learn more at https://reactjs.org/link/wrap-tests-with-act
    at AccountForm (C:/Users/Admin/graceful_books/src/components/accounts/AccountForm.tsx:36:3)
Warning: An update to AccountForm inside a test was not wrapped in act(...).

When testing, code that causes React state updates should be wrapped into act(...):

act(() => {
  /* fire events that update state */
});
/* assert on the output */

This ensures that you're testing the behavior the user would see in the browser. Learn more at https://reactjs.org/link/wrap-tests-with-act
    at AccountForm (C:/Users/Admin/graceful_books/src/components/accounts/AccountForm.tsx:36:3)
Warning: An update to AccountForm inside a test was not wrapped in act(...).

When testing, code that causes React state updates should be wrapped into act(...):

act(() => {
  /* fire events that update state */
});
/* assert on the output */

This ensures that you're testing the behavior the user would see in the browser. Learn more at https://reactjs.org/link/wrap-tests-with-act
    at AccountForm (C:/Users/Admin/graceful_books/src/components/accounts/AccountForm.tsx:36:3)

[90mstderr[2m | src/components/accounts/AccountForm.test.tsx[2m > [22m[2mAccountForm Component[2m > [22m[2mform submission[2m > [22m[2mshould submit valid form data
[22m[39mWarning: An update to Input inside a test was not wrapped in act(...).

When testing, code that causes React state updates should be wrapped into act(...):

act(() => {
  /* fire events that update state */
});
/* assert on the output */

This ensures that you're testing the behavior the user would see in the browser. Learn more at https://reactjs.org/link/wrap-tests-with-act
    at C:/Users/Admin/graceful_books/src/components/forms/Input.tsx:8:5
    at div
    at form
    at AccountForm (C:/Users/Admin/graceful_books/src/components/accounts/AccountForm.tsx:36:3)
Warning: An update to AccountForm inside a test was not wrapped in act(...).

When testing, code that causes React state updates should be wrapped into act(...):

act(() => {
  /* fire events that update state */
});
/* assert on the output */

This ensures that you're testing the behavior the user would see in the browser. Learn more at https://reactjs.org/link/wrap-tests-with-act
    at AccountForm (C:/Users/Admin/graceful_books/src/components/accounts/AccountForm.tsx:36:3)
Warning: An update to AccountForm inside a test was not wrapped in act(...).

When testing, code that causes React state updates should be wrapped into act(...):

act(() => {
  /* fire events that update state */
});
/* assert on the output */

This ensures that you're testing the behavior the user would see in the browser. Learn more at https://reactjs.org/link/wrap-tests-with-act
    at AccountForm (C:/Users/Admin/graceful_books/src/components/accounts/AccountForm.tsx:36:3)
Warning: An update to AccountForm inside a test was not wrapped in act(...).

When testing, code that causes React state updates should be wrapped into act(...):

act(() => {
  /* fire events that update state */
});
/* assert on the output */

This ensures that you're testing the behavior the user would see in the browser. Learn more at https://reactjs.org/link/wrap-tests-with-act
    at AccountForm (C:/Users/Admin/graceful_books/src/components/accounts/AccountForm.tsx:36:3)

[90mstderr[2m | src/components/accounts/AccountForm.test.tsx[2m > [22m[2mAccountForm Component[2m > [22m[2mform submission[2m > [22m[2mshould submit valid form data
[22m[39mWarning: An update to Input inside a test was not wrapped in act(...).

When testing, code that causes React state updates should be wrapped into act(...):

act(() => {
  /* fire events that update state */
});
/* assert on the output */

This ensures that you're testing the behavior the user would see in the browser. Learn more at https://reactjs.org/link/wrap-tests-with-act
    at C:/Users/Admin/graceful_books/src/components/forms/Input.tsx:8:5
    at div
    at form
    at AccountForm (C:/Users/Admin/graceful_books/src/components/accounts/AccountForm.tsx:36:3)
Warning: An update to AccountForm inside a test was not wrapped in act(...).

When testing, code that causes React state updates should be wrapped into act(...):

act(() => {
  /* fire events that update state */
});
/* assert on the output */

This ensures that you're testing the behavior the user would see in the browser. Learn more at https://reactjs.org/link/wrap-tests-with-act
    at AccountForm (C:/Users/Admin/graceful_books/src/components/accounts/AccountForm.tsx:36:3)
Warning: An update to AccountForm inside a test was not wrapped in act(...).

When testing, code that causes React state updates should be wrapped into act(...):

act(() => {
  /* fire events that update state */
});
/* assert on the output */

This ensures that you're testing the behavior the user would see in the browser. Learn more at https://reactjs.org/link/wrap-tests-with-act
    at AccountForm (C:/Users/Admin/graceful_books/src/components/accounts/AccountForm.tsx:36:3)
Warning: An update to AccountForm inside a test was not wrapped in act(...).

When testing, code that causes React state updates should be wrapped into act(...):

act(() => {
  /* fire events that update state */
});
/* assert on the output */

This ensures that you're testing the behavior the user would see in the browser. Learn more at https://reactjs.org/link/wrap-tests-with-act
    at AccountForm (C:/Users/Admin/graceful_books/src/components/accounts/AccountForm.tsx:36:3)

[90mstderr[2m | src/components/accounts/AccountForm.test.tsx[2m > [22m[2mAccountForm Component[2m > [22m[2mform submission[2m > [22m[2mshould submit valid form data
[22m[39mWarning: An update to Input inside a test was not wrapped in act(...).

When testing, code that causes React state updates should be wrapped into act(...):

act(() => {
  /* fire events that update state */
});
/* assert on the output */

This ensures that you're testing the behavior the user would see in the browser. Learn more at https://reactjs.org/link/wrap-tests-with-act
    at C:/Users/Admin/graceful_books/src/components/forms/Input.tsx:8:5
    at div
    at form
    at AccountForm (C:/Users/Admin/graceful_books/src/components/accounts/AccountForm.tsx:36:3)
Warning: An update to AccountForm inside a test was not wrapped in act(...).

When testing, code that causes React state updates should be wrapped into act(...):

act(() => {
  /* fire events that update state */
});
/* assert on the output */

This ensures that you're testing the behavior the user would see in the browser. Learn more at https://reactjs.org/link/wrap-tests-with-act
    at AccountForm (C:/Users/Admin/graceful_books/src/components/accounts/AccountForm.tsx:36:3)
Warning: An update to AccountForm inside a test was not wrapped in act(...).

When testing, code that causes React state updates should be wrapped into act(...):

act(() => {
  /* fire events that update state */
});
/* assert on the output */

This ensures that you're testing the behavior the user would see in the browser. Learn more at https://reactjs.org/link/wrap-tests-with-act
    at AccountForm (C:/Users/Admin/graceful_books/src/components/accounts/AccountForm.tsx:36:3)
Warning: An update to AccountForm inside a test was not wrapped in act(...).

When testing, code that causes React state updates should be wrapped into act(...):

act(() => {
  /* fire events that update state */
});
/* assert on the output */

This ensures that you're testing the behavior the user would see in the browser. Learn more at https://reactjs.org/link/wrap-tests-with-act
    at AccountForm (C:/Users/Admin/graceful_books/src/components/accounts/AccountForm.tsx:36:3)

[90mstderr[2m | src/components/accounts/AccountForm.test.tsx[2m > [22m[2mAccountForm Component[2m > [22m[2mform submission[2m > [22m[2mshould submit valid form data
[22m[39mWarning: An update to Input inside a test was not wrapped in act(...).

When testing, code that causes React state updates should be wrapped into act(...):

act(() => {
  /* fire events that update state */
});
/* assert on the output */

This ensures that you're testing the behavior the user would see in the browser. Learn more at https://reactjs.org/link/wrap-tests-with-act
    at C:/Users/Admin/graceful_books/src/components/forms/Input.tsx:8:5
    at div
    at form
    at AccountForm (C:/Users/Admin/graceful_books/src/components/accounts/AccountForm.tsx:36:3)
Warning: An update to AccountForm inside a test was not wrapped in act(...).

When testing, code that causes React state updates should be wrapped into act(...):

act(() => {
  /* fire events that update state */
});
/* assert on the output */

This ensures that you're testing the behavior the user would see in the browser. Learn more at https://reactjs.org/link/wrap-tests-with-act
    at AccountForm (C:/Users/Admin/graceful_books/src/components/accounts/AccountForm.tsx:36:3)
Warning: An update to AccountForm inside a test was not wrapped in act(...).

When testing, code that causes React state updates should be wrapped into act(...):

act(() => {
  /* fire events that update state */
});
/* assert on the output */

This ensures that you're testing the behavior the user would see in the browser. Learn more at https://reactjs.org/link/wrap-tests-with-act
    at AccountForm (C:/Users/Admin/graceful_books/src/components/accounts/AccountForm.tsx:36:3)
Warning: An update to AccountForm inside a test was not wrapped in act(...).

When testing, code that causes React state updates should be wrapped into act(...):

act(() => {
  /* fire events that update state */
});
/* assert on the output */

This ensures that you're testing the behavior the user would see in the browser. Learn more at https://reactjs.org/link/wrap-tests-with-act
    at AccountForm (C:/Users/Admin/graceful_books/src/components/accounts/AccountForm.tsx:36:3)

[90mstderr[2m | src/components/accounts/AccountForm.test.tsx[2m > [22m[2mAccountForm Component[2m > [22m[2mform submission[2m > [22m[2mshould submit valid form data
[22m[39mWarning: An update to Input inside a test was not wrapped in act(...).

When testing, code that causes React state updates should be wrapped into act(...):

act(() => {
  /* fire events that update state */
});
/* assert on the output */

This ensures that you're testing the behavior the user would see in the browser. Learn more at https://reactjs.org/link/wrap-tests-with-act
    at C:/Users/Admin/graceful_books/src/components/forms/Input.tsx:8:5
    at div
    at form
    at AccountForm (C:/Users/Admin/graceful_books/src/components/accounts/AccountForm.tsx:36:3)
Warning: An update to AccountForm inside a test was not wrapped in act(...).

When testing, code that causes React state updates should be wrapped into act(...):

act(() => {
  /* fire events that update state */
});
/* assert on the output */

This ensures that you're testing the behavior the user would see in the browser. Learn more at https://reactjs.org/link/wrap-tests-with-act
    at AccountForm (C:/Users/Admin/graceful_books/src/components/accounts/AccountForm.tsx:36:3)
Warning: An update to AccountForm inside a test was not wrapped in act(...).

When testing, code that causes React state updates should be wrapped into act(...):

act(() => {
  /* fire events that update state */
});
/* assert on the output */

This ensures that you're testing the behavior the user would see in the browser. Learn more at https://reactjs.org/link/wrap-tests-with-act
    at AccountForm (C:/Users/Admin/graceful_books/src/components/accounts/AccountForm.tsx:36:3)
Warning: An update to AccountForm inside a test was not wrapped in act(...).

When testing, code that causes React state updates should be wrapped into act(...):

act(() => {
  /* fire events that update state */
});
/* assert on the output */

This ensures that you're testing the behavior the user would see in the browser. Learn more at https://reactjs.org/link/wrap-tests-with-act
    at AccountForm (C:/Users/Admin/graceful_books/src/components/accounts/AccountForm.tsx:36:3)

[90mstderr[2m | src/components/accounts/AccountForm.test.tsx[2m > [22m[2mAccountForm Component[2m > [22m[2mform submission[2m > [22m[2mshould submit valid form data
[22m[39mWarning: An update to Input inside a test was not wrapped in act(...).

When testing, code that causes React state updates should be wrapped into act(...):

act(() => {
  /* fire events that update state */
});
/* assert on the output */

This ensures that you're testing the behavior the user would see in the browser. Learn more at https://reactjs.org/link/wrap-tests-with-act
    at C:/Users/Admin/graceful_books/src/components/forms/Input.tsx:8:5
    at div
    at form
    at AccountForm (C:/Users/Admin/graceful_books/src/components/accounts/AccountForm.tsx:36:3)
Warning: An update to AccountForm inside a test was not wrapped in act(...).

When testing, code that causes React state updates should be wrapped into act(...):

act(() => {
  /* fire events that update state */
});
/* assert on the output */

This ensures that you're testing the behavior the user would see in the browser. Learn more at https://reactjs.org/link/wrap-tests-with-act
    at AccountForm (C:/Users/Admin/graceful_books/src/components/accounts/AccountForm.tsx:36:3)
Warning: An update to AccountForm inside a test was not wrapped in act(...).

When testing, code that causes React state updates should be wrapped into act(...):

act(() => {
  /* fire events that update state */
});
/* assert on the output */

This ensures that you're testing the behavior the user would see in the browser. Learn more at https://reactjs.org/link/wrap-tests-with-act
    at AccountForm (C:/Users/Admin/graceful_books/src/components/accounts/AccountForm.tsx:36:3)
Warning: An update to AccountForm inside a test was not wrapped in act(...).

When testing, code that causes React state updates should be wrapped into act(...):

act(() => {
  /* fire events that update state */
});
/* assert on the output */

This ensures that you're testing the behavior the user would see in the browser. Learn more at https://reactjs.org/link/wrap-tests-with-act
    at AccountForm (C:/Users/Admin/graceful_books/src/components/accounts/AccountForm.tsx:36:3)

[90mstderr[2m | src/components/accounts/AccountForm.test.tsx[2m > [22m[2mAccountForm Component[2m > [22m[2mform submission[2m > [22m[2mshould submit valid form data
[22m[39mWarning: An update to Input inside a test was not wrapped in act(...).

When testing, code that causes React state updates should be wrapped into act(...):

act(() => {
  /* fire events that update state */
});
/* assert on the output */

This ensures that you're testing the behavior the user would see in the browser. Learn more at https://reactjs.org/link/wrap-tests-with-act
    at C:/Users/Admin/graceful_books/src/components/forms/Input.tsx:8:5
    at div
    at form
    at AccountForm (C:/Users/Admin/graceful_books/src/components/accounts/AccountForm.tsx:36:3)
Warning: An update to AccountForm inside a test was not wrapped in act(...).

When testing, code that causes React state updates should be wrapped into act(...):

act(() => {
  /* fire events that update state */
});
/* assert on the output */

This ensures that you're testing the behavior the user would see in the browser. Learn more at https://reactjs.org/link/wrap-tests-with-act
    at AccountForm (C:/Users/Admin/graceful_books/src/components/accounts/AccountForm.tsx:36:3)
Warning: An update to AccountForm inside a test was not wrapped in act(...).

When testing, code that causes React state updates should be wrapped into act(...):

act(() => {
  /* fire events that update state */
});
/* assert on the output */

This ensures that you're testing the behavior the user would see in the browser. Learn more at https://reactjs.org/link/wrap-tests-with-act
    at AccountForm (C:/Users/Admin/graceful_books/src/components/accounts/AccountForm.tsx:36:3)
Warning: An update to AccountForm inside a test was not wrapped in act(...).

When testing, code that causes React state updates should be wrapped into act(...):

act(() => {
  /* fire events that update state */
});
/* assert on the output */

This ensures that you're testing the behavior the user would see in the browser. Learn more at https://reactjs.org/link/wrap-tests-with-act
    at AccountForm (C:/Users/Admin/graceful_books/src/components/accounts/AccountForm.tsx:36:3)

[90mstderr[2m | src/components/accounts/AccountForm.test.tsx[2m > [22m[2mAccountForm Component[2m > [22m[2mform submission[2m > [22m[2mshould submit valid form data
[22m[39mWarning: An update to Input inside a test was not wrapped in act(...).

When testing, code that causes React state updates should be wrapped into act(...):

act(() => {
  /* fire events that update state */
});
/* assert on the output */

This ensures that you're testing the behavior the user would see in the browser. Learn more at https://reactjs.org/link/wrap-tests-with-act
    at C:/Users/Admin/graceful_books/src/components/forms/Input.tsx:8:5
    at div
    at form
    at AccountForm (C:/Users/Admin/graceful_books/src/components/accounts/AccountForm.tsx:36:3)
Warning: An update to AccountForm inside a test was not wrapped in act(...).

When testing, code that causes React state updates should be wrapped into act(...):

act(() => {
  /* fire events that update state */
});
/* assert on the output */

This ensures that you're testing the behavior the user would see in the browser. Learn more at https://reactjs.org/link/wrap-tests-with-act
    at AccountForm (C:/Users/Admin/graceful_books/src/components/accounts/AccountForm.tsx:36:3)
Warning: An update to AccountForm inside a test was not wrapped in act(...).

When testing, code that causes React state updates should be wrapped into act(...):

act(() => {
  /* fire events that update state */
});
/* assert on the output */

This ensures that you're testing the behavior the user would see in the browser. Learn more at https://reactjs.org/link/wrap-tests-with-act
    at AccountForm (C:/Users/Admin/graceful_books/src/components/accounts/AccountForm.tsx:36:3)
Warning: An update to AccountForm inside a test was not wrapped in act(...).

When testing, code that causes React state updates should be wrapped into act(...):

act(() => {
  /* fire events that update state */
});
/* assert on the output */

This ensures that you're testing the behavior the user would see in the browser. Learn more at https://reactjs.org/link/wrap-tests-with-act
    at AccountForm (C:/Users/Admin/graceful_books/src/components/accounts/AccountForm.tsx:36:3)

[90mstderr[2m | src/components/accounts/AccountForm.test.tsx[2m > [22m[2mAccountForm Component[2m > [22m[2mform submission[2m > [22m[2mshould submit valid form data
[22m[39mWarning: An update to Input inside a test was not wrapped in act(...).

When testing, code that causes React state updates should be wrapped into act(...):

act(() => {
  /* fire events that update state */
});
/* assert on the output */

This ensures that you're testing the behavior the user would see in the browser. Learn more at https://reactjs.org/link/wrap-tests-with-act
    at C:/Users/Admin/graceful_books/src/components/forms/Input.tsx:8:5
    at div
    at form
    at AccountForm (C:/Users/Admin/graceful_books/src/components/accounts/AccountForm.tsx:36:3)
Warning: An update to AccountForm inside a test was not wrapped in act(...).

When testing, code that causes React state updates should be wrapped into act(...):

act(() => {
  /* fire events that update state */
});
/* assert on the output */

This ensures that you're testing the behavior the user would see in the browser. Learn more at https://reactjs.org/link/wrap-tests-with-act
    at AccountForm (C:/Users/Admin/graceful_books/src/components/accounts/AccountForm.tsx:36:3)
Warning: An update to AccountForm inside a test was not wrapped in act(...).

When testing, code that causes React state updates should be wrapped into act(...):

act(() => {
  /* fire events that update state */
});
/* assert on the output */

This ensures that you're testing the behavior the user would see in the browser. Learn more at https://reactjs.org/link/wrap-tests-with-act
    at AccountForm (C:/Users/Admin/graceful_books/src/components/accounts/AccountForm.tsx:36:3)
Warning: An update to AccountForm inside a test was not wrapped in act(...).

When testing, code that causes React state updates should be wrapped into act(...):

act(() => {
  /* fire events that update state */
});
/* assert on the output */

This ensures that you're testing the behavior the user would see in the browser. Learn more at https://reactjs.org/link/wrap-tests-with-act
    at AccountForm (C:/Users/Admin/graceful_books/src/components/accounts/AccountForm.tsx:36:3)

[90mstderr[2m | src/components/accounts/AccountForm.test.tsx[2m > [22m[2mAccountForm Component[2m > [22m[2mform submission[2m > [22m[2mshould submit valid form data
[22m[39mWarning: An update to Input inside a test was not wrapped in act(...).

When testing, code that causes React state updates should be wrapped into act(...):

act(() => {
  /* fire events that update state */
});
/* assert on the output */

This ensures that you're testing the behavior the user would see in the browser. Learn more at https://reactjs.org/link/wrap-tests-with-act
    at C:/Users/Admin/graceful_books/src/components/forms/Input.tsx:8:5
    at div
    at form
    at AccountForm (C:/Users/Admin/graceful_books/src/components/accounts/AccountForm.tsx:36:3)
Warning: An update to AccountForm inside a test was not wrapped in act(...).

When testing, code that causes React state updates should be wrapped into act(...):

act(() => {
  /* fire events that update state */
});
/* assert on the output */

This ensures that you're testing the behavior the user would see in the browser. Learn more at https://reactjs.org/link/wrap-tests-with-act
    at AccountForm (C:/Users/Admin/graceful_books/src/components/accounts/AccountForm.tsx:36:3)
Warning: An update to AccountForm inside a test was not wrapped in act(...).

When testing, code that causes React state updates should be wrapped into act(...):

act(() => {
  /* fire events that update state */
});
/* assert on the output */

This ensures that you're testing the behavior the user would see in the browser. Learn more at https://reactjs.org/link/wrap-tests-with-act
    at AccountForm (C:/Users/Admin/graceful_books/src/components/accounts/AccountForm.tsx:36:3)
Warning: An update to AccountForm inside a test was not wrapped in act(...).

When testing, code that causes React state updates should be wrapped into act(...):

act(() => {
  /* fire events that update state */
});
/* assert on the output */

This ensures that you're testing the behavior the user would see in the browser. Learn more at https://reactjs.org/link/wrap-tests-with-act
    at AccountForm (C:/Users/Admin/graceful_books/src/components/accounts/AccountForm.tsx:36:3)

[90mstderr[2m | src/components/accounts/AccountForm.test.tsx[2m > [22m[2mAccountForm Component[2m > [22m[2mform submission[2m > [22m[2mshould submit valid form data
[22m[39mWarning: An update to Input inside a test was not wrapped in act(...).

When testing, code that causes React state updates should be wrapped into act(...):

act(() => {
  /* fire events that update state */
});
/* assert on the output */

This ensures that you're testing the behavior the user would see in the browser. Learn more at https://reactjs.org/link/wrap-tests-with-act
    at C:/Users/Admin/graceful_books/src/components/forms/Input.tsx:8:5
    at div
    at form
    at AccountForm (C:/Users/Admin/graceful_books/src/components/accounts/AccountForm.tsx:36:3)
Warning: An update to AccountForm inside a test was not wrapped in act(...).

When testing, code that causes React state updates should be wrapped into act(...):

act(() => {
  /* fire events that update state */
});
/* assert on the output */

This ensures that you're testing the behavior the user would see in the browser. Learn more at https://reactjs.org/link/wrap-tests-with-act
    at AccountForm (C:/Users/Admin/graceful_books/src/components/accounts/AccountForm.tsx:36:3)
Warning: An update to AccountForm inside a test was not wrapped in act(...).

When testing, code that causes React state updates should be wrapped into act(...):

act(() => {
  /* fire events that update state */
});
/* assert on the output */

This ensures that you're testing the behavior the user would see in the browser. Learn more at https://reactjs.org/link/wrap-tests-with-act
    at AccountForm (C:/Users/Admin/graceful_books/src/components/accounts/AccountForm.tsx:36:3)
Warning: An update to AccountForm inside a test was not wrapped in act(...).

When testing, code that causes React state updates should be wrapped into act(...):

act(() => {
  /* fire events that update state */
});
/* assert on the output */

This ensures that you're testing the behavior the user would see in the browser. Learn more at https://reactjs.org/link/wrap-tests-with-act
    at AccountForm (C:/Users/Admin/graceful_books/src/components/accounts/AccountForm.tsx:36:3)

[90mstderr[2m | src/components/accounts/AccountForm.test.tsx[2m > [22m[2mAccountForm Component[2m > [22m[2mform submission[2m > [22m[2mshould submit valid form data
[22m[39mWarning: An update to Input inside a test was not wrapped in act(...).

When testing, code that causes React state updates should be wrapped into act(...):

act(() => {
  /* fire events that update state */
});
/* assert on the output */

This ensures that you're testing the behavior the user would see in the browser. Learn more at https://reactjs.org/link/wrap-tests-with-act
    at C:/Users/Admin/graceful_books/src/components/forms/Input.tsx:8:5
    at div
    at form
    at AccountForm (C:/Users/Admin/graceful_books/src/components/accounts/AccountForm.tsx:36:3)
Warning: An update to AccountForm inside a test was not wrapped in act(...).

When testing, code that causes React state updates should be wrapped into act(...):

act(() => {
  /* fire events that update state */
});
/* assert on the output */

This ensures that you're testing the behavior the user would see in the browser. Learn more at https://reactjs.org/link/wrap-tests-with-act
    at AccountForm (C:/Users/Admin/graceful_books/src/components/accounts/AccountForm.tsx:36:3)
Warning: An update to AccountForm inside a test was not wrapped in act(...).

When testing, code that causes React state updates should be wrapped into act(...):

act(() => {
  /* fire events that update state */
});
/* assert on the output */

This ensures that you're testing the behavior the user would see in the browser. Learn more at https://reactjs.org/link/wrap-tests-with-act
    at AccountForm (C:/Users/Admin/graceful_books/src/components/accounts/AccountForm.tsx:36:3)
Warning: An update to AccountForm inside a test was not wrapped in act(...).

When testing, code that causes React state updates should be wrapped into act(...):

act(() => {
  /* fire events that update state */
});
/* assert on the output */

This ensures that you're testing the behavior the user would see in the browser. Learn more at https://reactjs.org/link/wrap-tests-with-act
    at AccountForm (C:/Users/Admin/graceful_books/src/components/accounts/AccountForm.tsx:36:3)

[90mstderr[2m | src/components/accounts/AccountForm.test.tsx[2m > [22m[2mAccountForm Component[2m > [22m[2mform submission[2m > [22m[2mshould submit valid form data
[22m[39mWarning: An update to Input inside a test was not wrapped in act(...).

When testing, code that causes React state updates should be wrapped into act(...):

act(() => {
  /* fire events that update state */
});
/* assert on the output */

This ensures that you're testing the behavior the user would see in the browser. Learn more at https://reactjs.org/link/wrap-tests-with-act
    at C:/Users/Admin/graceful_books/src/components/forms/Input.tsx:8:5
    at div
    at form
    at AccountForm (C:/Users/Admin/graceful_books/src/components/accounts/AccountForm.tsx:36:3)
Warning: An update to AccountForm inside a test was not wrapped in act(...).

When testing, code that causes React state updates should be wrapped into act(...):

act(() => {
  /* fire events that update state */
});
/* assert on the output */

This ensures that you're testing the behavior the user would see in the browser. Learn more at https://reactjs.org/link/wrap-tests-with-act
    at AccountForm (C:/Users/Admin/graceful_books/src/components/accounts/AccountForm.tsx:36:3)
Warning: An update to AccountForm inside a test was not wrapped in act(...).

When testing, code that causes React state updates should be wrapped into act(...):

act(() => {
  /* fire events that update state */
});
/* assert on the output */

This ensures that you're testing the behavior the user would see in the browser. Learn more at https://reactjs.org/link/wrap-tests-with-act
    at AccountForm (C:/Users/Admin/graceful_books/src/components/accounts/AccountForm.tsx:36:3)
Warning: An update to AccountForm inside a test was not wrapped in act(...).

When testing, code that causes React state updates should be wrapped into act(...):

act(() => {
  /* fire events that update state */
});
/* assert on the output */

This ensures that you're testing the behavior the user would see in the browser. Learn more at https://reactjs.org/link/wrap-tests-with-act
    at AccountForm (C:/Users/Admin/graceful_books/src/components/accounts/AccountForm.tsx:36:3)

[90mstderr[2m | src/components/accounts/AccountForm.test.tsx[2m > [22m[2mAccountForm Component[2m > [22m[2mform submission[2m > [22m[2mshould submit valid form data
[22m[39mWarning: An update to Input inside a test was not wrapped in act(...).

When testing, code that causes React state updates should be wrapped into act(...):

act(() => {
  /* fire events that update state */
});
/* assert on the output */

This ensures that you're testing the behavior the user would see in the browser. Learn more at https://reactjs.org/link/wrap-tests-with-act
    at C:/Users/Admin/graceful_books/src/components/forms/Input.tsx:8:5
    at div
    at form
    at AccountForm (C:/Users/Admin/graceful_books/src/components/accounts/AccountForm.tsx:36:3)
Warning: An update to AccountForm inside a test was not wrapped in act(...).

When testing, code that causes React state updates should be wrapped into act(...):

act(() => {
  /* fire events that update state */
});
/* assert on the output */

This ensures that you're testing the behavior the user would see in the browser. Learn more at https://reactjs.org/link/wrap-tests-with-act
    at AccountForm (C:/Users/Admin/graceful_books/src/components/accounts/AccountForm.tsx:36:3)
Warning: An update to AccountForm inside a test was not wrapped in act(...).

When testing, code that causes React state updates should be wrapped into act(...):

act(() => {
  /* fire events that update state */
});
/* assert on the output */

This ensures that you're testing the behavior the user would see in the browser. Learn more at https://reactjs.org/link/wrap-tests-with-act
    at AccountForm (C:/Users/Admin/graceful_books/src/components/accounts/AccountForm.tsx:36:3)
Warning: An update to AccountForm inside a test was not wrapped in act(...).

When testing, code that causes React state updates should be wrapped into act(...):

act(() => {
  /* fire events that update state */
});
/* assert on the output */

This ensures that you're testing the behavior the user would see in the browser. Learn more at https://reactjs.org/link/wrap-tests-with-act
    at AccountForm (C:/Users/Admin/graceful_books/src/components/accounts/AccountForm.tsx:36:3)

[90mstderr[2m | src/components/accounts/AccountForm.test.tsx[2m > [22m[2mAccountForm Component[2m > [22m[2mform submission[2m > [22m[2mshould submit valid form data
[22m[39mWarning: An update to AccountForm inside a test was not wrapped in act(...).

When testing, code that causes React state updates should be wrapped into act(...):

act(() => {
  /* fire events that update state */
});
/* assert on the output */

This ensures that you're testing the behavior the user would see in the browser. Learn more at https://reactjs.org/link/wrap-tests-with-act
    at AccountForm (C:/Users/Admin/graceful_books/src/components/accounts/AccountForm.tsx:36:3)
Warning: An update to AccountForm inside a test was not wrapped in act(...).

When testing, code that causes React state updates should be wrapped into act(...):

act(() => {
  /* fire events that update state */
});
/* assert on the output */

This ensures that you're testing the behavior the user would see in the browser. Learn more at https://reactjs.org/link/wrap-tests-with-act
    at AccountForm (C:/Users/Admin/graceful_books/src/components/accounts/AccountForm.tsx:36:3)
Warning: An update to AccountForm inside a test was not wrapped in act(...).

When testing, code that causes React state updates should be wrapped into act(...):

act(() => {
  /* fire events that update state */
});
/* assert on the output */

This ensures that you're testing the behavior the user would see in the browser. Learn more at https://reactjs.org/link/wrap-tests-with-act
    at AccountForm (C:/Users/Admin/graceful_books/src/components/accounts/AccountForm.tsx:36:3)

[90mstderr[2m | src/components/accounts/AccountForm.test.tsx[2m > [22m[2mAccountForm Component[2m > [22m[2mform submission[2m > [22m[2mshould submit with parent account
[22m[39mWarning: An update to AccountForm inside a test was not wrapped in act(...).

When testing, code that causes React state updates should be wrapped into act(...):

act(() => {
  /* fire events that update state */
});
/* assert on the output */

This ensures that you're testing the behavior the user would see in the browser. Learn more at https://reactjs.org/link/wrap-tests-with-act
    at AccountForm (C:/Users/Admin/graceful_books/src/components/accounts/AccountForm.tsx:36:3)
Warning: An update to AccountForm inside a test was not wrapped in act(...).

When testing, code that causes React state updates should be wrapped into act(...):

act(() => {
  /* fire events that update state */
});
/* assert on the output */

This ensures that you're testing the behavior the user would see in the browser. Learn more at https://reactjs.org/link/wrap-tests-with-act
    at AccountForm (C:/Users/Admin/graceful_books/src/components/accounts/AccountForm.tsx:36:3)
Warning: An update to AccountForm inside a test was not wrapped in act(...).

When testing, code that causes React state updates should be wrapped into act(...):

act(() => {
  /* fire events that update state */
});
/* assert on the output */

This ensures that you're testing the behavior the user would see in the browser. Learn more at https://reactjs.org/link/wrap-tests-with-act
    at AccountForm (C:/Users/Admin/graceful_books/src/components/accounts/AccountForm.tsx:36:3)

[90mstderr[2m | src/components/accounts/AccountForm.test.tsx[2m > [22m[2mAccountForm Component[2m > [22m[2mform submission[2m > [22m[2mshould submit with parent account
[22m[39mWarning: An update to AccountForm inside a test was not wrapped in act(...).

When testing, code that causes React state updates should be wrapped into act(...):

act(() => {
  /* fire events that update state */
});
/* assert on the output */

This ensures that you're testing the behavior the user would see in the browser. Learn more at https://reactjs.org/link/wrap-tests-with-act
    at AccountForm (C:/Users/Admin/graceful_books/src/components/accounts/AccountForm.tsx:36:3)
Warning: An update to AccountForm inside a test was not wrapped in act(...).

When testing, code that causes React state updates should be wrapped into act(...):

act(() => {
  /* fire events that update state */
});
/* assert on the output */

This ensures that you're testing the behavior the user would see in the browser. Learn more at https://reactjs.org/link/wrap-tests-with-act
    at AccountForm (C:/Users/Admin/graceful_books/src/components/accounts/AccountForm.tsx:36:3)
Warning: An update to AccountForm inside a test was not wrapped in act(...).

When testing, code that causes React state updates should be wrapped into act(...):

act(() => {
  /* fire events that update state */
});
/* assert on the output */

This ensures that you're testing the behavior the user would see in the browser. Learn more at https://reactjs.org/link/wrap-tests-with-act
    at AccountForm (C:/Users/Admin/graceful_books/src/components/accounts/AccountForm.tsx:36:3)

[90mstderr[2m | src/components/accounts/AccountForm.test.tsx[2m > [22m[2mAccountForm Component[2m > [22m[2mform submission[2m > [22m[2mshould submit with parent account
[22m[39mWarning: An update to AccountForm inside a test was not wrapped in act(...).

When testing, code that causes React state updates should be wrapped into act(...):

act(() => {
  /* fire events that update state */
});
/* assert on the output */

This ensures that you're testing the behavior the user would see in the browser. Learn more at https://reactjs.org/link/wrap-tests-with-act
    at AccountForm (C:/Users/Admin/graceful_books/src/components/accounts/AccountForm.tsx:36:3)
Warning: An update to AccountForm inside a test was not wrapped in act(...).

When testing, code that causes React state updates should be wrapped into act(...):

act(() => {
  /* fire events that update state */
});
/* assert on the output */

This ensures that you're testing the behavior the user would see in the browser. Learn more at https://reactjs.org/link/wrap-tests-with-act
    at AccountForm (C:/Users/Admin/graceful_books/src/components/accounts/AccountForm.tsx:36:3)
Warning: An update to AccountForm inside a test was not wrapped in act(...).

When testing, code that causes React state updates should be wrapped into act(...):

act(() => {
  /* fire events that update state */
});
/* assert on the output */

This ensures that you're testing the behavior the user would see in the browser. Learn more at https://reactjs.org/link/wrap-tests-with-act
    at AccountForm (C:/Users/Admin/graceful_books/src/components/accounts/AccountForm.tsx:36:3)

[90mstderr[2m | src/components/accounts/AccountForm.test.tsx[2m > [22m[2mAccountForm Component[2m > [22m[2mform submission[2m > [22m[2mshould submit with parent account
[22m[39mWarning: An update to AccountForm inside a test was not wrapped in act(...).

When testing, code that causes React state updates should be wrapped into act(...):

act(() => {
  /* fire events that update state */
});
/* assert on the output */

This ensures that you're testing the behavior the user would see in the browser. Learn more at https://reactjs.org/link/wrap-tests-with-act
    at AccountForm (C:/Users/Admin/graceful_books/src/components/accounts/AccountForm.tsx:36:3)
Warning: An update to AccountForm inside a test was not wrapped in act(...).

When testing, code that causes React state updates should be wrapped into act(...):

act(() => {
  /* fire events that update state */
});
/* assert on the output */

This ensures that you're testing the behavior the user would see in the browser. Learn more at https://reactjs.org/link/wrap-tests-with-act
    at AccountForm (C:/Users/Admin/graceful_books/src/components/accounts/AccountForm.tsx:36:3)
Warning: An update to AccountForm inside a test was not wrapped in act(...).

When testing, code that causes React state updates should be wrapped into act(...):

act(() => {
  /* fire events that update state */
});
/* assert on the output */

This ensures that you're testing the behavior the user would see in the browser. Learn more at https://reactjs.org/link/wrap-tests-with-act
    at AccountForm (C:/Users/Admin/graceful_books/src/components/accounts/AccountForm.tsx:36:3)

[90mstderr[2m | src/components/accounts/AccountForm.test.tsx[2m > [22m[2mAccountForm Component[2m > [22m[2mform submission[2m > [22m[2mshould submit with parent account
[22m[39mWarning: An update to AccountForm inside a test was not wrapped in act(...).

When testing, code that causes React state updates should be wrapped into act(...):

act(() => {
  /* fire events that update state */
});
/* assert on the output */

This ensures that you're testing the behavior the user would see in the browser. Learn more at https://reactjs.org/link/wrap-tests-with-act
    at AccountForm (C:/Users/Admin/graceful_books/src/components/accounts/AccountForm.tsx:36:3)
Warning: An update to AccountForm inside a test was not wrapped in act(...).

When testing, code that causes React state updates should be wrapped into act(...):

act(() => {
  /* fire events that update state */
});
/* assert on the output */

This ensures that you're testing the behavior the user would see in the browser. Learn more at https://reactjs.org/link/wrap-tests-with-act
    at AccountForm (C:/Users/Admin/graceful_books/src/components/accounts/AccountForm.tsx:36:3)
Warning: An update to AccountForm inside a test was not wrapped in act(...).

When testing, code that causes React state updates should be wrapped into act(...):

act(() => {
  /* fire events that update state */
});
/* assert on the output */

This ensures that you're testing the behavior the user would see in the browser. Learn more at https://reactjs.org/link/wrap-tests-with-act
    at AccountForm (C:/Users/Admin/graceful_books/src/components/accounts/AccountForm.tsx:36:3)

[90mstderr[2m | src/components/accounts/AccountForm.test.tsx[2m > [22m[2mAccountForm Component[2m > [22m[2mform submission[2m > [22m[2mshould submit with parent account
[22m[39mWarning: An update to AccountForm inside a test was not wrapped in act(...).

When testing, code that causes React state updates should be wrapped into act(...):

act(() => {
  /* fire events that update state */
});
/* assert on the output */

This ensures that you're testing the behavior the user would see in the browser. Learn more at https://reactjs.org/link/wrap-tests-with-act
    at AccountForm (C:/Users/Admin/graceful_books/src/components/accounts/AccountForm.tsx:36:3)
Warning: An update to AccountForm inside a test was not wrapped in act(...).

When testing, code that causes React state updates should be wrapped into act(...):

act(() => {
  /* fire events that update state */
});
/* assert on the output */

This ensures that you're testing the behavior the user would see in the browser. Learn more at https://reactjs.org/link/wrap-tests-with-act
    at AccountForm (C:/Users/Admin/graceful_books/src/components/accounts/AccountForm.tsx:36:3)
Warning: An update to AccountForm inside a test was not wrapped in act(...).

When testing, code that causes React state updates should be wrapped into act(...):

act(() => {
  /* fire events that update state */
});
/* assert on the output */

This ensures that you're testing the behavior the user would see in the browser. Learn more at https://reactjs.org/link/wrap-tests-with-act
    at AccountForm (C:/Users/Admin/graceful_books/src/components/accounts/AccountForm.tsx:36:3)

[90mstderr[2m | src/components/accounts/AccountForm.test.tsx[2m > [22m[2mAccountForm Component[2m > [22m[2mform submission[2m > [22m[2mshould submit with parent account
[22m[39mWarning: An update to AccountForm inside a test was not wrapped in act(...).

When testing, code that causes React state updates should be wrapped into act(...):

act(() => {
  /* fire events that update state */
});
/* assert on the output */

This ensures that you're testing the behavior the user would see in the browser. Learn more at https://reactjs.org/link/wrap-tests-with-act
    at AccountForm (C:/Users/Admin/graceful_books/src/components/accounts/AccountForm.tsx:36:3)
Warning: An update to AccountForm inside a test was not wrapped in act(...).

When testing, code that causes React state updates should be wrapped into act(...):

act(() => {
  /* fire events that update state */
});
/* assert on the output */

This ensures that you're testing the behavior the user would see in the browser. Learn more at https://reactjs.org/link/wrap-tests-with-act
    at AccountForm (C:/Users/Admin/graceful_books/src/components/accounts/AccountForm.tsx:36:3)
Warning: An update to AccountForm inside a test was not wrapped in act(...).

When testing, code that causes React state updates should be wrapped into act(...):

act(() => {
  /* fire events that update state */
});
/* assert on the output */

This ensures that you're testing the behavior the user would see in the browser. Learn more at https://reactjs.org/link/wrap-tests-with-act
    at AccountForm (C:/Users/Admin/graceful_books/src/components/accounts/AccountForm.tsx:36:3)

[90mstderr[2m | src/components/accounts/AccountForm.test.tsx[2m > [22m[2mAccountForm Component[2m > [22m[2mform submission[2m > [22m[2mshould submit with parent account
[22m[39mWarning: An update to AccountForm inside a test was not wrapped in act(...).

When testing, code that causes React state updates should be wrapped into act(...):

act(() => {
  /* fire events that update state */
});
/* assert on the output */

This ensures that you're testing the behavior the user would see in the browser. Learn more at https://reactjs.org/link/wrap-tests-with-act
    at AccountForm (C:/Users/Admin/graceful_books/src/components/accounts/AccountForm.tsx:36:3)
Warning: An update to AccountForm inside a test was not wrapped in act(...).

When testing, code that causes React state updates should be wrapped into act(...):

act(() => {
  /* fire events that update state */
});
/* assert on the output */

This ensures that you're testing the behavior the user would see in the browser. Learn more at https://reactjs.org/link/wrap-tests-with-act
    at AccountForm (C:/Users/Admin/graceful_books/src/components/accounts/AccountForm.tsx:36:3)
Warning: An update to AccountForm inside a test was not wrapped in act(...).

When testing, code that causes React state updates should be wrapped into act(...):

act(() => {
  /* fire events that update state */
});
/* assert on the output */

This ensures that you're testing the behavior the user would see in the browser. Learn more at https://reactjs.org/link/wrap-tests-with-act
    at AccountForm (C:/Users/Admin/graceful_books/src/components/accounts/AccountForm.tsx:36:3)

[90mstderr[2m | src/components/accounts/AccountForm.test.tsx[2m > [22m[2mAccountForm Component[2m > [22m[2mform submission[2m > [22m[2mshould submit with parent account
[22m[39mWarning: An update to AccountForm inside a test was not wrapped in act(...).

When testing, code that causes React state updates should be wrapped into act(...):

act(() => {
  /* fire events that update state */
});
/* assert on the output */

This ensures that you're testing the behavior the user would see in the browser. Learn more at https://reactjs.org/link/wrap-tests-with-act
    at AccountForm (C:/Users/Admin/graceful_books/src/components/accounts/AccountForm.tsx:36:3)
Warning: An update to AccountForm inside a test was not wrapped in act(...).

When testing, code that causes React state updates should be wrapped into act(...):

act(() => {
  /* fire events that update state */
});
/* assert on the output */

This ensures that you're testing the behavior the user would see in the browser. Learn more at https://reactjs.org/link/wrap-tests-with-act
    at AccountForm (C:/Users/Admin/graceful_books/src/components/accounts/AccountForm.tsx:36:3)
Warning: An update to AccountForm inside a test was not wrapped in act(...).

When testing, code that causes React state updates should be wrapped into act(...):

act(() => {
  /* fire events that update state */
});
/* assert on the output */

This ensures that you're testing the behavior the user would see in the browser. Learn more at https://reactjs.org/link/wrap-tests-with-act
    at AccountForm (C:/Users/Admin/graceful_books/src/components/accounts/AccountForm.tsx:36:3)

[90mstderr[2m | src/components/accounts/AccountForm.test.tsx[2m > [22m[2mAccountForm Component[2m > [22m[2mform submission[2m > [22m[2mshould submit with parent account
[22m[39mWarning: An update to AccountForm inside a test was not wrapped in act(...).

When testing, code that causes React state updates should be wrapped into act(...):

act(() => {
  /* fire events that update state */
});
/* assert on the output */

This ensures that you're testing the behavior the user would see in the browser. Learn more at https://reactjs.org/link/wrap-tests-with-act
    at AccountForm (C:/Users/Admin/graceful_books/src/components/accounts/AccountForm.tsx:36:3)
Warning: An update to AccountForm inside a test was not wrapped in act(...).

When testing, code that causes React state updates should be wrapped into act(...):

act(() => {
  /* fire events that update state */
});
/* assert on the output */

This ensures that you're testing the behavior the user would see in the browser. Learn more at https://reactjs.org/link/wrap-tests-with-act
    at AccountForm (C:/Users/Admin/graceful_books/src/components/accounts/AccountForm.tsx:36:3)
Warning: An update to AccountForm inside a test was not wrapped in act(...).

When testing, code that causes React state updates should be wrapped into act(...):

act(() => {
  /* fire events that update state */
});
/* assert on the output */

This ensures that you're testing the behavior the user would see in the browser. Learn more at https://reactjs.org/link/wrap-tests-with-act
    at AccountForm (C:/Users/Admin/graceful_books/src/components/accounts/AccountForm.tsx:36:3)

[90mstderr[2m | src/components/accounts/AccountForm.test.tsx[2m > [22m[2mAccountForm Component[2m > [22m[2mform submission[2m > [22m[2mshould submit with parent account
[22m[39mWarning: An update to AccountForm inside a test was not wrapped in act(...).

When testing, code that causes React state updates should be wrapped into act(...):

act(() => {
  /* fire events that update state */
});
/* assert on the output */

This ensures that you're testing the behavior the user would see in the browser. Learn more at https://reactjs.org/link/wrap-tests-with-act
    at AccountForm (C:/Users/Admin/graceful_books/src/components/accounts/AccountForm.tsx:36:3)
Warning: An update to AccountForm inside a test was not wrapped in act(...).

When testing, code that causes React state updates should be wrapped into act(...):

act(() => {
  /* fire events that update state */
});
/* assert on the output */

This ensures that you're testing the behavior the user would see in the browser. Learn more at https://reactjs.org/link/wrap-tests-with-act
    at AccountForm (C:/Users/Admin/graceful_books/src/components/accounts/AccountForm.tsx:36:3)
Warning: An update to AccountForm inside a test was not wrapped in act(...).

When testing, code that causes React state updates should be wrapped into act(...):

act(() => {
  /* fire events that update state */
});
/* assert on the output */

This ensures that you're testing the behavior the user would see in the browser. Learn more at https://reactjs.org/link/wrap-tests-with-act
    at AccountForm (C:/Users/Admin/graceful_books/src/components/accounts/AccountForm.tsx:36:3)

[90mstderr[2m | src/components/accounts/AccountForm.test.tsx[2m > [22m[2mAccountForm Component[2m > [22m[2mform submission[2m > [22m[2mshould submit with parent account
[22m[39mWarning: An update to AccountForm inside a test was not wrapped in act(...).

When testing, code that causes React state updates should be wrapped into act(...):

act(() => {
  /* fire events that update state */
});
/* assert on the output */

This ensures that you're testing the behavior the user would see in the browser. Learn more at https://reactjs.org/link/wrap-tests-with-act
    at AccountForm (C:/Users/Admin/graceful_books/src/components/accounts/AccountForm.tsx:36:3)
Warning: An update to AccountForm inside a test was not wrapped in act(...).

When testing, code that causes React state updates should be wrapped into act(...):

act(() => {
  /* fire events that update state */
});
/* assert on the output */

This ensures that you're testing the behavior the user would see in the browser. Learn more at https://reactjs.org/link/wrap-tests-with-act
    at AccountForm (C:/Users/Admin/graceful_books/src/components/accounts/AccountForm.tsx:36:3)
Warning: An update to AccountForm inside a test was not wrapped in act(...).

When testing, code that causes React state updates should be wrapped into act(...):

act(() => {
  /* fire events that update state */
});
/* assert on the output */

This ensures that you're testing the behavior the user would see in the browser. Learn more at https://reactjs.org/link/wrap-tests-with-act
    at AccountForm (C:/Users/Admin/graceful_books/src/components/accounts/AccountForm.tsx:36:3)

[90mstderr[2m | src/components/accounts/AccountForm.test.tsx[2m > [22m[2mAccountForm Component[2m > [22m[2mform submission[2m > [22m[2mshould submit with parent account
[22m[39mWarning: An update to AccountForm inside a test was not wrapped in act(...).

When testing, code that causes React state updates should be wrapped into act(...):

act(() => {
  /* fire events that update state */
});
/* assert on the output */

This ensures that you're testing the behavior the user would see in the browser. Learn more at https://reactjs.org/link/wrap-tests-with-act
    at AccountForm (C:/Users/Admin/graceful_books/src/components/accounts/AccountForm.tsx:36:3)
Warning: An update to AccountForm inside a test was not wrapped in act(...).

When testing, code that causes React state updates should be wrapped into act(...):

act(() => {
  /* fire events that update state */
});
/* assert on the output */

This ensures that you're testing the behavior the user would see in the browser. Learn more at https://reactjs.org/link/wrap-tests-with-act
    at AccountForm (C:/Users/Admin/graceful_books/src/components/accounts/AccountForm.tsx:36:3)
Warning: An update to AccountForm inside a test was not wrapped in act(...).

When testing, code that causes React state updates should be wrapped into act(...):

act(() => {
  /* fire events that update state */
});
/* assert on the output */

This ensures that you're testing the behavior the user would see in the browser. Learn more at https://reactjs.org/link/wrap-tests-with-act
    at AccountForm (C:/Users/Admin/graceful_books/src/components/accounts/AccountForm.tsx:36:3)

[90mstderr[2m | src/components/accounts/AccountForm.test.tsx[2m > [22m[2mAccountForm Component[2m > [22m[2mform submission[2m > [22m[2mshould submit with parent account
[22m[39mWarning: An update to AccountForm inside a test was not wrapped in act(...).

When testing, code that causes React state updates should be wrapped into act(...):

act(() => {
  /* fire events that update state */
});
/* assert on the output */

This ensures that you're testing the behavior the user would see in the browser. Learn more at https://reactjs.org/link/wrap-tests-with-act
    at AccountForm (C:/Users/Admin/graceful_books/src/components/accounts/AccountForm.tsx:36:3)
Warning: An update to AccountForm inside a test was not wrapped in act(...).

When testing, code that causes React state updates should be wrapped into act(...):

act(() => {
  /* fire events that update state */
});
/* assert on the output */

This ensures that you're testing the behavior the user would see in the browser. Learn more at https://reactjs.org/link/wrap-tests-with-act
    at AccountForm (C:/Users/Admin/graceful_books/src/components/accounts/AccountForm.tsx:36:3)
Warning: An update to AccountForm inside a test was not wrapped in act(...).

When testing, code that causes React state updates should be wrapped into act(...):

act(() => {
  /* fire events that update state */
});
/* assert on the output */

This ensures that you're testing the behavior the user would see in the browser. Learn more at https://reactjs.org/link/wrap-tests-with-act
    at AccountForm (C:/Users/Admin/graceful_books/src/components/accounts/AccountForm.tsx:36:3)

[90mstderr[2m | src/components/accounts/AccountForm.test.tsx[2m > [22m[2mAccountForm Component[2m > [22m[2mform submission[2m > [22m[2mshould submit inactive account
[22m[39mWarning: An update to AccountForm inside a test was not wrapped in act(...).

When testing, code that causes React state updates should be wrapped into act(...):

act(() => {
  /* fire events that update state */
});
/* assert on the output */

This ensures that you're testing the behavior the user would see in the browser. Learn more at https://reactjs.org/link/wrap-tests-with-act
    at AccountForm (C:/Users/Admin/graceful_books/src/components/accounts/AccountForm.tsx:36:3)
Warning: An update to AccountForm inside a test was not wrapped in act(...).

When testing, code that causes React state updates should be wrapped into act(...):

act(() => {
  /* fire events that update state */
});
/* assert on the output */

This ensures that you're testing the behavior the user would see in the browser. Learn more at https://reactjs.org/link/wrap-tests-with-act
    at AccountForm (C:/Users/Admin/graceful_books/src/components/accounts/AccountForm.tsx:36:3)
Warning: An update to AccountForm inside a test was not wrapped in act(...).

When testing, code that causes React state updates should be wrapped into act(...):

act(() => {
  /* fire events that update state */
});
/* assert on the output */

This ensures that you're testing the behavior the user would see in the browser. Learn more at https://reactjs.org/link/wrap-tests-with-act
    at AccountForm (C:/Users/Admin/graceful_books/src/components/accounts/AccountForm.tsx:36:3)

[90mstderr[2m | src/components/accounts/AccountForm.test.tsx[2m > [22m[2mAccountForm Component[2m > [22m[2mform submission[2m > [22m[2mshould submit inactive account
[22m[39mWarning: An update to AccountForm inside a test was not wrapped in act(...).

When testing, code that causes React state updates should be wrapped into act(...):

act(() => {
  /* fire events that update state */
});
/* assert on the output */

This ensures that you're testing the behavior the user would see in the browser. Learn more at https://reactjs.org/link/wrap-tests-with-act
    at AccountForm (C:/Users/Admin/graceful_books/src/components/accounts/AccountForm.tsx:36:3)
Warning: An update to AccountForm inside a test was not wrapped in act(...).

When testing, code that causes React state updates should be wrapped into act(...):

act(() => {
  /* fire events that update state */
});
/* assert on the output */

This ensures that you're testing the behavior the user would see in the browser. Learn more at https://reactjs.org/link/wrap-tests-with-act
    at AccountForm (C:/Users/Admin/graceful_books/src/components/accounts/AccountForm.tsx:36:3)
Warning: An update to AccountForm inside a test was not wrapped in act(...).

When testing, code that causes React state updates should be wrapped into act(...):

act(() => {
  /* fire events that update state */
});
/* assert on the output */

This ensures that you're testing the behavior the user would see in the browser. Learn more at https://reactjs.org/link/wrap-tests-with-act
    at AccountForm (C:/Users/Admin/graceful_books/src/components/accounts/AccountForm.tsx:36:3)

[90mstderr[2m | src/components/accounts/AccountForm.test.tsx[2m > [22m[2mAccountForm Component[2m > [22m[2mform submission[2m > [22m[2mshould submit inactive account
[22m[39mWarning: An update to AccountForm inside a test was not wrapped in act(...).

When testing, code that causes React state updates should be wrapped into act(...):

act(() => {
  /* fire events that update state */
});
/* assert on the output */

This ensures that you're testing the behavior the user would see in the browser. Learn more at https://reactjs.org/link/wrap-tests-with-act
    at AccountForm (C:/Users/Admin/graceful_books/src/components/accounts/AccountForm.tsx:36:3)
Warning: An update to AccountForm inside a test was not wrapped in act(...).

When testing, code that causes React state updates should be wrapped into act(...):

act(() => {
  /* fire events that update state */
});
/* assert on the output */

This ensures that you're testing the behavior the user would see in the browser. Learn more at https://reactjs.org/link/wrap-tests-with-act
    at AccountForm (C:/Users/Admin/graceful_books/src/components/accounts/AccountForm.tsx:36:3)
Warning: An update to AccountForm inside a test was not wrapped in act(...).

When testing, code that causes React state updates should be wrapped into act(...):

act(() => {
  /* fire events that update state */
});
/* assert on the output */

This ensures that you're testing the behavior the user would see in the browser. Learn more at https://reactjs.org/link/wrap-tests-with-act
    at AccountForm (C:/Users/Admin/graceful_books/src/components/accounts/AccountForm.tsx:36:3)

[90mstderr[2m | src/components/accounts/AccountForm.test.tsx[2m > [22m[2mAccountForm Component[2m > [22m[2mform submission[2m > [22m[2mshould submit inactive account
[22m[39mWarning: An update to AccountForm inside a test was not wrapped in act(...).

When testing, code that causes React state updates should be wrapped into act(...):

act(() => {
  /* fire events that update state */
});
/* assert on the output */

This ensures that you're testing the behavior the user would see in the browser. Learn more at https://reactjs.org/link/wrap-tests-with-act
    at AccountForm (C:/Users/Admin/graceful_books/src/components/accounts/AccountForm.tsx:36:3)
Warning: An update to AccountForm inside a test was not wrapped in act(...).

When testing, code that causes React state updates should be wrapped into act(...):

act(() => {
  /* fire events that update state */
});
/* assert on the output */

This ensures that you're testing the behavior the user would see in the browser. Learn more at https://reactjs.org/link/wrap-tests-with-act
    at AccountForm (C:/Users/Admin/graceful_books/src/components/accounts/AccountForm.tsx:36:3)
Warning: An update to AccountForm inside a test was not wrapped in act(...).

When testing, code that causes React state updates should be wrapped into act(...):

act(() => {
  /* fire events that update state */
});
/* assert on the output */

This ensures that you're testing the behavior the user would see in the browser. Learn more at https://reactjs.org/link/wrap-tests-with-act
    at AccountForm (C:/Users/Admin/graceful_books/src/components/accounts/AccountForm.tsx:36:3)

[90mstderr[2m | src/components/accounts/AccountForm.test.tsx[2m > [22m[2mAccountForm Component[2m > [22m[2mform submission[2m > [22m[2mshould submit inactive account
[22m[39mWarning: An update to AccountForm inside a test was not wrapped in act(...).

When testing, code that causes React state updates should be wrapped into act(...):

act(() => {
  /* fire events that update state */
});
/* assert on the output */

This ensures that you're testing the behavior the user would see in the browser. Learn more at https://reactjs.org/link/wrap-tests-with-act
    at AccountForm (C:/Users/Admin/graceful_books/src/components/accounts/AccountForm.tsx:36:3)
Warning: An update to AccountForm inside a test was not wrapped in act(...).

When testing, code that causes React state updates should be wrapped into act(...):

act(() => {
  /* fire events that update state */
});
/* assert on the output */

This ensures that you're testing the behavior the user would see in the browser. Learn more at https://reactjs.org/link/wrap-tests-with-act
    at AccountForm (C:/Users/Admin/graceful_books/src/components/accounts/AccountForm.tsx:36:3)
Warning: An update to AccountForm inside a test was not wrapped in act(...).

When testing, code that causes React state updates should be wrapped into act(...):

act(() => {
  /* fire events that update state */
});
/* assert on the output */

This ensures that you're testing the behavior the user would see in the browser. Learn more at https://reactjs.org/link/wrap-tests-with-act
    at AccountForm (C:/Users/Admin/graceful_books/src/components/accounts/AccountForm.tsx:36:3)

[90mstderr[2m | src/components/accounts/AccountForm.test.tsx[2m > [22m[2mAccountForm Component[2m > [22m[2mform submission[2m > [22m[2mshould submit inactive account
[22m[39mWarning: An update to AccountForm inside a test was not wrapped in act(...).

When testing, code that causes React state updates should be wrapped into act(...):

act(() => {
  /* fire events that update state */
});
/* assert on the output */

This ensures that you're testing the behavior the user would see in the browser. Learn more at https://reactjs.org/link/wrap-tests-with-act
    at AccountForm (C:/Users/Admin/graceful_books/src/components/accounts/AccountForm.tsx:36:3)
Warning: An update to AccountForm inside a test was not wrapped in act(...).

When testing, code that causes React state updates should be wrapped into act(...):

act(() => {
  /* fire events that update state */
});
/* assert on the output */

This ensures that you're testing the behavior the user would see in the browser. Learn more at https://reactjs.org/link/wrap-tests-with-act
    at AccountForm (C:/Users/Admin/graceful_books/src/components/accounts/AccountForm.tsx:36:3)
Warning: An update to AccountForm inside a test was not wrapped in act(...).

When testing, code that causes React state updates should be wrapped into act(...):

act(() => {
  /* fire events that update state */
});
/* assert on the output */

This ensures that you're testing the behavior the user would see in the browser. Learn more at https://reactjs.org/link/wrap-tests-with-act
    at AccountForm (C:/Users/Admin/graceful_books/src/components/accounts/AccountForm.tsx:36:3)

[90mstderr[2m | src/components/accounts/AccountForm.test.tsx[2m > [22m[2mAccountForm Component[2m > [22m[2mform submission[2m > [22m[2mshould submit inactive account
[22m[39mWarning: An update to AccountForm inside a test was not wrapped in act(...).

When testing, code that causes React state updates should be wrapped into act(...):

act(() => {
  /* fire events that update state */
});
/* assert on the output */

This ensures that you're testing the behavior the user would see in the browser. Learn more at https://reactjs.org/link/wrap-tests-with-act
    at AccountForm (C:/Users/Admin/graceful_books/src/components/accounts/AccountForm.tsx:36:3)
Warning: An update to AccountForm inside a test was not wrapped in act(...).

When testing, code that causes React state updates should be wrapped into act(...):

act(() => {
  /* fire events that update state */
});
/* assert on the output */

This ensures that you're testing the behavior the user would see in the browser. Learn more at https://reactjs.org/link/wrap-tests-with-act
    at AccountForm (C:/Users/Admin/graceful_books/src/components/accounts/AccountForm.tsx:36:3)
Warning: An update to AccountForm inside a test was not wrapped in act(...).

When testing, code that causes React state updates should be wrapped into act(...):

act(() => {
  /* fire events that update state */
});
/* assert on the output */

This ensures that you're testing the behavior the user would see in the browser. Learn more at https://reactjs.org/link/wrap-tests-with-act
    at AccountForm (C:/Users/Admin/graceful_books/src/components/accounts/AccountForm.tsx:36:3)

[90mstderr[2m | src/components/accounts/AccountForm.test.tsx[2m > [22m[2mAccountForm Component[2m > [22m[2mform submission[2m > [22m[2mshould submit inactive account
[22m[39mWarning: An update to AccountForm inside a test was not wrapped in act(...).

When testing, code that causes React state updates should be wrapped into act(...):

act(() => {
  /* fire events that update state */
});
/* assert on the output */

This ensures that you're testing the behavior the user would see in the browser. Learn more at https://reactjs.org/link/wrap-tests-with-act
    at AccountForm (C:/Users/Admin/graceful_books/src/components/accounts/AccountForm.tsx:36:3)
Warning: An update to AccountForm inside a test was not wrapped in act(...).

When testing, code that causes React state updates should be wrapped into act(...):

act(() => {
  /* fire events that update state */
});
/* assert on the output */

This ensures that you're testing the behavior the user would see in the browser. Learn more at https://reactjs.org/link/wrap-tests-with-act
    at AccountForm (C:/Users/Admin/graceful_books/src/components/accounts/AccountForm.tsx:36:3)
Warning: An update to AccountForm inside a test was not wrapped in act(...).

When testing, code that causes React state updates should be wrapped into act(...):

act(() => {
  /* fire events that update state */
});
/* assert on the output */

This ensures that you're testing the behavior the user would see in the browser. Learn more at https://reactjs.org/link/wrap-tests-with-act
    at AccountForm (C:/Users/Admin/graceful_books/src/components/accounts/AccountForm.tsx:36:3)

[90mstderr[2m | src/components/accounts/AccountForm.test.tsx[2m > [22m[2mAccountForm Component[2m > [22m[2mform submission[2m > [22m[2mshould submit inactive account
[22m[39mWarning: An update to AccountForm inside a test was not wrapped in act(...).

When testing, code that causes React state updates should be wrapped into act(...):

act(() => {
  /* fire events that update state */
});
/* assert on the output */

This ensures that you're testing the behavior the user would see in the browser. Learn more at https://reactjs.org/link/wrap-tests-with-act
    at AccountForm (C:/Users/Admin/graceful_books/src/components/accounts/AccountForm.tsx:36:3)
Warning: An update to AccountForm inside a test was not wrapped in act(...).

When testing, code that causes React state updates should be wrapped into act(...):

act(() => {
  /* fire events that update state */
});
/* assert on the output */

This ensures that you're testing the behavior the user would see in the browser. Learn more at https://reactjs.org/link/wrap-tests-with-act
    at AccountForm (C:/Users/Admin/graceful_books/src/components/accounts/AccountForm.tsx:36:3)
Warning: An update to AccountForm inside a test was not wrapped in act(...).

When testing, code that causes React state updates should be wrapped into act(...):

act(() => {
  /* fire events that update state */
});
/* assert on the output */

This ensures that you're testing the behavior the user would see in the browser. Learn more at https://reactjs.org/link/wrap-tests-with-act
    at AccountForm (C:/Users/Admin/graceful_books/src/components/accounts/AccountForm.tsx:36:3)

[90mstderr[2m | src/components/accounts/AccountForm.test.tsx[2m > [22m[2mAccountForm Component[2m > [22m[2mform submission[2m > [22m[2mshould submit inactive account
[22m[39mWarning: An update to AccountForm inside a test was not wrapped in act(...).

When testing, code that causes React state updates should be wrapped into act(...):

act(() => {
  /* fire events that update state */
});
/* assert on the output */

This ensures that you're testing the behavior the user would see in the browser. Learn more at https://reactjs.org/link/wrap-tests-with-act
    at AccountForm (C:/Users/Admin/graceful_books/src/components/accounts/AccountForm.tsx:36:3)
Warning: An update to AccountForm inside a test was not wrapped in act(...).

When testing, code that causes React state updates should be wrapped into act(...):

act(() => {
  /* fire events that update state */
});
/* assert on the output */

This ensures that you're testing the behavior the user would see in the browser. Learn more at https://reactjs.org/link/wrap-tests-with-act
    at AccountForm (C:/Users/Admin/graceful_books/src/components/accounts/AccountForm.tsx:36:3)
Warning: An update to AccountForm inside a test was not wrapped in act(...).

When testing, code that causes React state updates should be wrapped into act(...):

act(() => {
  /* fire events that update state */
});
/* assert on the output */

This ensures that you're testing the behavior the user would see in the browser. Learn more at https://reactjs.org/link/wrap-tests-with-act
    at AccountForm (C:/Users/Admin/graceful_books/src/components/accounts/AccountForm.tsx:36:3)

[90mstderr[2m | src/components/accounts/AccountForm.test.tsx[2m > [22m[2mAccountForm Component[2m > [22m[2mform submission[2m > [22m[2mshould submit inactive account
[22m[39mWarning: An update to AccountForm inside a test was not wrapped in act(...).

When testing, code that causes React state updates should be wrapped into act(...):

act(() => {
  /* fire events that update state */
});
/* assert on the output */

This ensures that you're testing the behavior the user would see in the browser. Learn more at https://reactjs.org/link/wrap-tests-with-act
    at AccountForm (C:/Users/Admin/graceful_books/src/components/accounts/AccountForm.tsx:36:3)
Warning: An update to AccountForm inside a test was not wrapped in act(...).

When testing, code that causes React state updates should be wrapped into act(...):

act(() => {
  /* fire events that update state */
});
/* assert on the output */

This ensures that you're testing the behavior the user would see in the browser. Learn more at https://reactjs.org/link/wrap-tests-with-act
    at AccountForm (C:/Users/Admin/graceful_books/src/components/accounts/AccountForm.tsx:36:3)
Warning: An update to AccountForm inside a test was not wrapped in act(...).

When testing, code that causes React state updates should be wrapped into act(...):

act(() => {
  /* fire events that update state */
});
/* assert on the output */

This ensures that you're testing the behavior the user would see in the browser. Learn more at https://reactjs.org/link/wrap-tests-with-act
    at AccountForm (C:/Users/Admin/graceful_books/src/components/accounts/AccountForm.tsx:36:3)

[90mstderr[2m | src/components/accounts/AccountForm.test.tsx[2m > [22m[2mAccountForm Component[2m > [22m[2mform submission[2m > [22m[2mshould submit inactive account
[22m[39mWarning: An update to AccountForm inside a test was not wrapped in act(...).

When testing, code that causes React state updates should be wrapped into act(...):

act(() => {
  /* fire events that update state */
});
/* assert on the output */

This ensures that you're testing the behavior the user would see in the browser. Learn more at https://reactjs.org/link/wrap-tests-with-act
    at AccountForm (C:/Users/Admin/graceful_books/src/components/accounts/AccountForm.tsx:36:3)
Warning: An update to AccountForm inside a test was not wrapped in act(...).

When testing, code that causes React state updates should be wrapped into act(...):

act(() => {
  /* fire events that update state */
});
/* assert on the output */

This ensures that you're testing the behavior the user would see in the browser. Learn more at https://reactjs.org/link/wrap-tests-with-act
    at AccountForm (C:/Users/Admin/graceful_books/src/components/accounts/AccountForm.tsx:36:3)
Warning: An update to AccountForm inside a test was not wrapped in act(...).

When testing, code that causes React state updates should be wrapped into act(...):

act(() => {
  /* fire events that update state */
});
/* assert on the output */

This ensures that you're testing the behavior the user would see in the browser. Learn more at https://reactjs.org/link/wrap-tests-with-act
    at AccountForm (C:/Users/Admin/graceful_books/src/components/accounts/AccountForm.tsx:36:3)

[90mstderr[2m | src/components/accounts/AccountForm.test.tsx[2m > [22m[2mAccountForm Component[2m > [22m[2mform submission[2m > [22m[2mshould submit inactive account
[22m[39mWarning: An update to AccountForm inside a test was not wrapped in act(...).

When testing, code that causes React state updates should be wrapped into act(...):

act(() => {
  /* fire events that update state */
});
/* assert on the output */

This ensures that you're testing the behavior the user would see in the browser. Learn more at https://reactjs.org/link/wrap-tests-with-act
    at AccountForm (C:/Users/Admin/graceful_books/src/components/accounts/AccountForm.tsx:36:3)
Warning: An update to AccountForm inside a test was not wrapped in act(...).

When testing, code that causes React state updates should be wrapped into act(...):

act(() => {
  /* fire events that update state */
});
/* assert on the output */

This ensures that you're testing the behavior the user would see in the browser. Learn more at https://reactjs.org/link/wrap-tests-with-act
    at AccountForm (C:/Users/Admin/graceful_books/src/components/accounts/AccountForm.tsx:36:3)
Warning: An update to AccountForm inside a test was not wrapped in act(...).

When testing, code that causes React state updates should be wrapped into act(...):

act(() => {
  /* fire events that update state */
});
/* assert on the output */

This ensures that you're testing the behavior the user would see in the browser. Learn more at https://reactjs.org/link/wrap-tests-with-act
    at AccountForm (C:/Users/Admin/graceful_books/src/components/accounts/AccountForm.tsx:36:3)

[90mstderr[2m | src/components/accounts/AccountForm.test.tsx[2m > [22m[2mAccountForm Component[2m > [22m[2mform submission[2m > [22m[2mshould submit inactive account
[22m[39mWarning: An update to AccountForm inside a test was not wrapped in act(...).

When testing, code that causes React state updates should be wrapped into act(...):

act(() => {
  /* fire events that update state */
});
/* assert on the output */

This ensures that you're testing the behavior the user would see in the browser. Learn more at https://reactjs.org/link/wrap-tests-with-act
    at AccountForm (C:/Users/Admin/graceful_books/src/components/accounts/AccountForm.tsx:36:3)
Warning: An update to AccountForm inside a test was not wrapped in act(...).

When testing, code that causes React state updates should be wrapped into act(...):

act(() => {
  /* fire events that update state */
});
/* assert on the output */

This ensures that you're testing the behavior the user would see in the browser. Learn more at https://reactjs.org/link/wrap-tests-with-act
    at AccountForm (C:/Users/Admin/graceful_books/src/components/accounts/AccountForm.tsx:36:3)
Warning: An update to AccountForm inside a test was not wrapped in act(...).

When testing, code that causes React state updates should be wrapped into act(...):

act(() => {
  /* fire events that update state */
});
/* assert on the output */

This ensures that you're testing the behavior the user would see in the browser. Learn more at https://reactjs.org/link/wrap-tests-with-act
    at AccountForm (C:/Users/Admin/graceful_books/src/components/accounts/AccountForm.tsx:36:3)

[90mstderr[2m | src/components/accounts/AccountForm.test.tsx[2m > [22m[2mAccountForm Component[2m > [22m[2mform submission[2m > [22m[2mshould submit inactive account
[22m[39mWarning: An update to AccountForm inside a test was not wrapped in act(...).

When testing, code that causes React state updates should be wrapped into act(...):

act(() => {
  /* fire events that update state */
});
/* assert on the output */

This ensures that you're testing the behavior the user would see in the browser. Learn more at https://reactjs.org/link/wrap-tests-with-act
    at AccountForm (C:/Users/Admin/graceful_books/src/components/accounts/AccountForm.tsx:36:3)
Warning: An update to AccountForm inside a test was not wrapped in act(...).

When testing, code that causes React state updates should be wrapped into act(...):

act(() => {
  /* fire events that update state */
});
/* assert on the output */

This ensures that you're testing the behavior the user would see in the browser. Learn more at https://reactjs.org/link/wrap-tests-with-act
    at AccountForm (C:/Users/Admin/graceful_books/src/components/accounts/AccountForm.tsx:36:3)
Warning: An update to AccountForm inside a test was not wrapped in act(...).

When testing, code that causes React state updates should be wrapped into act(...):

act(() => {
  /* fire events that update state */
});
/* assert on the output */

This ensures that you're testing the behavior the user would see in the browser. Learn more at https://reactjs.org/link/wrap-tests-with-act
    at AccountForm (C:/Users/Admin/graceful_books/src/components/accounts/AccountForm.tsx:36:3)

[90mstderr[2m | src/components/accounts/AccountForm.test.tsx[2m > [22m[2mAccountForm Component[2m > [22m[2mform submission[2m > [22m[2mshould submit inactive account
[22m[39mWarning: An update to AccountForm inside a test was not wrapped in act(...).

When testing, code that causes React state updates should be wrapped into act(...):

act(() => {
  /* fire events that update state */
});
/* assert on the output */

This ensures that you're testing the behavior the user would see in the browser. Learn more at https://reactjs.org/link/wrap-tests-with-act
    at AccountForm (C:/Users/Admin/graceful_books/src/components/accounts/AccountForm.tsx:36:3)
Warning: An update to AccountForm inside a test was not wrapped in act(...).

When testing, code that causes React state updates should be wrapped into act(...):

act(() => {
  /* fire events that update state */
});
/* assert on the output */

This ensures that you're testing the behavior the user would see in the browser. Learn more at https://reactjs.org/link/wrap-tests-with-act
    at AccountForm (C:/Users/Admin/graceful_books/src/components/accounts/AccountForm.tsx:36:3)
Warning: An update to AccountForm inside a test was not wrapped in act(...).

When testing, code that causes React state updates should be wrapped into act(...):

act(() => {
  /* fire events that update state */
});
/* assert on the output */

This ensures that you're testing the behavior the user would see in the browser. Learn more at https://reactjs.org/link/wrap-tests-with-act
    at AccountForm (C:/Users/Admin/graceful_books/src/components/accounts/AccountForm.tsx:36:3)

[90mstderr[2m | src/components/accounts/AccountForm.test.tsx[2m > [22m[2mAccountForm Component[2m > [22m[2mform submission[2m > [22m[2mshould submit inactive account
[22m[39mWarning: An update to AccountForm inside a test was not wrapped in act(...).

When testing, code that causes React state updates should be wrapped into act(...):

act(() => {
  /* fire events that update state */
});
/* assert on the output */

This ensures that you're testing the behavior the user would see in the browser. Learn more at https://reactjs.org/link/wrap-tests-with-act
    at AccountForm (C:/Users/Admin/graceful_books/src/components/accounts/AccountForm.tsx:36:3)
Warning: An update to AccountForm inside a test was not wrapped in act(...).

When testing, code that causes React state updates should be wrapped into act(...):

act(() => {
  /* fire events that update state */
});
/* assert on the output */

This ensures that you're testing the behavior the user would see in the browser. Learn more at https://reactjs.org/link/wrap-tests-with-act
    at AccountForm (C:/Users/Admin/graceful_books/src/components/accounts/AccountForm.tsx:36:3)
Warning: An update to AccountForm inside a test was not wrapped in act(...).

When testing, code that causes React state updates should be wrapped into act(...):

act(() => {
  /* fire events that update state */
});
/* assert on the output */

This ensures that you're testing the behavior the user would see in the browser. Learn more at https://reactjs.org/link/wrap-tests-with-act
    at AccountForm (C:/Users/Admin/graceful_books/src/components/accounts/AccountForm.tsx:36:3)

[90mstderr[2m | src/components/accounts/AccountForm.test.tsx[2m > [22m[2mAccountForm Component[2m > [22m[2mform submission[2m > [22m[2mshould submit inactive account
[22m[39mWarning: An update to AccountForm inside a test was not wrapped in act(...).

When testing, code that causes React state updates should be wrapped into act(...):

act(() => {
  /* fire events that update state */
});
/* assert on the output */

This ensures that you're testing the behavior the user would see in the browser. Learn more at https://reactjs.org/link/wrap-tests-with-act
    at AccountForm (C:/Users/Admin/graceful_books/src/components/accounts/AccountForm.tsx:36:3)
Warning: An update to AccountForm inside a test was not wrapped in act(...).

When testing, code that causes React state updates should be wrapped into act(...):

act(() => {
  /* fire events that update state */
});
/* assert on the output */

This ensures that you're testing the behavior the user would see in the browser. Learn more at https://reactjs.org/link/wrap-tests-with-act
    at AccountForm (C:/Users/Admin/graceful_books/src/components/accounts/AccountForm.tsx:36:3)
Warning: An update to AccountForm inside a test was not wrapped in act(...).

When testing, code that causes React state updates should be wrapped into act(...):

act(() => {
  /* fire events that update state */
});
/* assert on the output */

This ensures that you're testing the behavior the user would see in the browser. Learn more at https://reactjs.org/link/wrap-tests-with-act
    at AccountForm (C:/Users/Admin/graceful_books/src/components/accounts/AccountForm.tsx:36:3)

[90mstderr[2m | src/components/accounts/AccountForm.test.tsx[2m > [22m[2mAccountForm Component[2m > [22m[2mparent account filtering[2m > [22m[2mshould filter parent accounts by type
[22m[39mWarning: An update to AccountForm inside a test was not wrapped in act(...).

When testing, code that causes React state updates should be wrapped into act(...):

act(() => {
  /* fire events that update state */
});
/* assert on the output */

This ensures that you're testing the behavior the user would see in the browser. Learn more at https://reactjs.org/link/wrap-tests-with-act
    at AccountForm (C:/Users/Admin/graceful_books/src/components/accounts/AccountForm.tsx:36:3)
Warning: An update to AccountForm inside a test was not wrapped in act(...).

When testing, code that causes React state updates should be wrapped into act(...):

act(() => {
  /* fire events that update state */
});
/* assert on the output */

This ensures that you're testing the behavior the user would see in the browser. Learn more at https://reactjs.org/link/wrap-tests-with-act
    at AccountForm (C:/Users/Admin/graceful_books/src/components/accounts/AccountForm.tsx:36:3)
Warning: An update to AccountForm inside a test was not wrapped in act(...).

When testing, code that causes React state updates should be wrapped into act(...):

act(() => {
  /* fire events that update state */
});
/* assert on the output */

This ensures that you're testing the behavior the user would see in the browser. Learn more at https://reactjs.org/link/wrap-tests-with-act
    at AccountForm (C:/Users/Admin/graceful_books/src/components/accounts/AccountForm.tsx:36:3)

 [32m✓[39m src/components/accounts/AccountForm.test.tsx [2m([22m[2m23 tests[22m[2m)[22m[33m 5076[2mms[22m[39m
       [33m[2m✓[22m[39m should render create mode by default [33m 380[2mms[22m[39m
       [33m[2m✓[22m[39m should validate account number format [33m 510[2mms[22m[39m
       [33m[2m✓[22m[39m should accept valid account number [33m 485[2mms[22m[39m
       [33m[2m✓[22m[39m should submit valid form data [33m 812[2mms[22m[39m
       [33m[2m✓[22m[39m should submit with parent account [33m 574[2mms[22m[39m
       [33m[2m✓[22m[39m should submit inactive account [33m 423[2mms[22m[39m
       [33m[2m✓[22m[39m should have no accessibility violations in create mode [33m 395[2mms[22m[39m
       [33m[2m✓[22m[39m should have no accessibility violations in edit mode [33m 309[2mms[22m[39m
[90mstdout[2m | src/services/auditLogExtended.perf.test.ts[2m > [22m[2mExtended Audit Log Performance Tests[2m > [22m[2mMemory and Resource Management[2m > [22m[2mshould not leak memory during repeated operations
[22m[39m[AuditLogExtended] Audit log search completed { total: [33m100000[39m, returned: [33m100[39m, executionTimeMs: [33m5303.086800000048[39m }

[90mstdout[2m | src/services/auditLogExtended.perf.test.ts[2m > [22m[2mExtended Audit Log Performance Tests[2m > [22m[2mMemory and Resource Management[2m > [22m[2mshould not leak memory during repeated operations
[22m[39m[AuditLogExtended] Starting audit log search { companyId: [32m'test-company'[39m, limit: [33m100[39m, offset: [33m1200[39m }

[90mstdout[2m | src/services/auditLogExtended.perf.test.ts[2m > [22m[2mExtended Audit Log Performance Tests[2m > [22m[2mMemory and Resource Management[2m > [22m[2mshould not leak memory during repeated operations
[22m[39m[AuditLogExtended] Audit log search completed { total: [33m100000[39m, returned: [33m100[39m, executionTimeMs: [33m5485.854400000011[39m }

[90mstdout[2m | src/services/auditLogExtended.perf.test.ts[2m > [22m[2mExtended Audit Log Performance Tests[2m > [22m[2mMemory and Resource Management[2m > [22m[2mshould not leak memory during repeated operations
[22m[39m[AuditLogExtended] Starting audit log search { companyId: [32m'test-company'[39m, limit: [33m100[39m, offset: [33m1300[39m }

 [32m✓[39m src/services/recurrence.service.test.ts [2m([22m[2m30 tests[22m[2m)[22m[33m 4090[2mms[22m[39m
       [33m[2m✓[22m[39m should generate preview of upcoming occurrences [33m 1483[2mms[22m[39m
       [33m[2m✓[22m[39m should validate a valid rule [33m 1285[2mms[22m[39m
       [33m[2m✓[22m[39m should reject rule with missing end date when ON_DATE [33m 1264[2mms[22m[39m
[90mstdout[2m | src/services/auditLogExtended.perf.test.ts[2m > [22m[2mExtended Audit Log Performance Tests[2m > [22m[2mMemory and Resource Management[2m > [22m[2mshould not leak memory during repeated operations
[22m[39m[AuditLogExtended] Audit log search completed { total: [33m100000[39m, returned: [33m100[39m, executionTimeMs: [33m5107.430500000017[39m }

[90mstdout[2m | src/services/auditLogExtended.perf.test.ts[2m > [22m[2mExtended Audit Log Performance Tests[2m > [22m[2mMemory and Resource Management[2m > [22m[2mshould not leak memory during repeated operations
[22m[39m[AuditLogExtended] Starting audit log search { companyId: [32m'test-company'[39m, limit: [33m100[39m, offset: [33m1400[39m }

[90mstderr[2m | src/components/checklist/ChecklistView.test.tsx[2m > [22m[2mChecklistView[2m > [22m[2mInteractions[2m > [22m[2mexpands category when clicked
[22m[39mWarning: An update to ChecklistView inside a test was not wrapped in act(...).

When testing, code that causes React state updates should be wrapped into act(...):

act(() => {
  /* fire events that update state */
});
/* assert on the output */

This ensures that you're testing the behavior the user would see in the browser. Learn more at https://reactjs.org/link/wrap-tests-with-act
    at ChecklistView (C:/Users/Admin/graceful_books/src/components/checklist/ChecklistView.tsx:14:3)

[90mstderr[2m | src/components/checklist/ChecklistView.test.tsx[2m > [22m[2mChecklistView[2m > [22m[2mInteractions[2m > [22m[2mcalls onCompleteItem when item is completed
[22m[39mWarning: An update to ChecklistView inside a test was not wrapped in act(...).

When testing, code that causes React state updates should be wrapped into act(...):

act(() => {
  /* fire events that update state */
});
/* assert on the output */

This ensures that you're testing the behavior the user would see in the browser. Learn more at https://reactjs.org/link/wrap-tests-with-act
    at ChecklistView (C:/Users/Admin/graceful_books/src/components/checklist/ChecklistView.tsx:14:3)

[90mstderr[2m | src/components/checklist/ChecklistView.test.tsx[2m > [22m[2mChecklistView[2m > [22m[2mInteractions[2m > [22m[2mopens snooze modal when snooze is clicked
[22m[39mWarning: An update to ChecklistView inside a test was not wrapped in act(...).

When testing, code that causes React state updates should be wrapped into act(...):

act(() => {
  /* fire events that update state */
});
/* assert on the output */

This ensures that you're testing the behavior the user would see in the browser. Learn more at https://reactjs.org/link/wrap-tests-with-act
    at ChecklistView (C:/Users/Admin/graceful_books/src/components/checklist/ChecklistView.tsx:14:3)

[90mstderr[2m | src/components/checklist/ChecklistView.test.tsx[2m > [22m[2mChecklistView[2m > [22m[2mInteractions[2m > [22m[2mopens snooze modal when snooze is clicked
[22m[39mWarning: An update to ChecklistItem inside a test was not wrapped in act(...).

When testing, code that causes React state updates should be wrapped into act(...):

act(() => {
  /* fire events that update state */
});
/* assert on the output */

This ensures that you're testing the behavior the user would see in the browser. Learn more at https://reactjs.org/link/wrap-tests-with-act
    at ChecklistItem (C:/Users/Admin/graceful_books/src/components/checklist/ChecklistItem.tsx:9:3)
    at div
    at div
    at div
    at CategorySection (C:/Users/Admin/graceful_books/src/components/checklist/ChecklistView.tsx:302:3)
    at div
    at div
    at div
    at div
    at ChecklistView (C:/Users/Admin/graceful_books/src/components/checklist/ChecklistView.tsx:14:3)

[90mstdout[2m | src/services/auditLogExtended.perf.test.ts[2m > [22m[2mExtended Audit Log Performance Tests[2m > [22m[2mMemory and Resource Management[2m > [22m[2mshould not leak memory during repeated operations
[22m[39m[AuditLogExtended] Audit log search completed { total: [33m100000[39m, returned: [33m100[39m, executionTimeMs: [33m5438.884299999976[39m }

[90mstdout[2m | src/services/auditLogExtended.perf.test.ts[2m > [22m[2mExtended Audit Log Performance Tests[2m > [22m[2mMemory and Resource Management[2m > [22m[2mshould not leak memory during repeated operations
[22m[39m[AuditLogExtended] Starting audit log search { companyId: [32m'test-company'[39m, limit: [33m100[39m, offset: [33m1500[39m }

[90mstdout[2m | src/services/auditLogExtended.perf.test.ts[2m > [22m[2mExtended Audit Log Performance Tests[2m > [22m[2mMemory and Resource Management[2m > [22m[2mshould handle large result sets without crashing
[22m[39m[AuditLogExtended] Starting audit log search { companyId: [32m'test-company'[39m, limit: [33m10000[39m }

[90mstderr[2m | src/components/checklist/ChecklistView.test.tsx[2m > [22m[2mChecklistView[2m > [22m[2mInteractions[2m > [22m[2mopens snooze modal when snooze is clicked
[22m[39mWarning: An update to ChecklistView inside a test was not wrapped in act(...).

When testing, code that causes React state updates should be wrapped into act(...):

act(() => {
  /* fire events that update state */
});
/* assert on the output */

This ensures that you're testing the behavior the user would see in the browser. Learn more at https://reactjs.org/link/wrap-tests-with-act
    at ChecklistView (C:/Users/Admin/graceful_books/src/components/checklist/ChecklistView.tsx:14:3)
Warning: An update to ChecklistView inside a test was not wrapped in act(...).

When testing, code that causes React state updates should be wrapped into act(...):

act(() => {
  /* fire events that update state */
});
/* assert on the output */

This ensures that you're testing the behavior the user would see in the browser. Learn more at https://reactjs.org/link/wrap-tests-with-act
    at ChecklistView (C:/Users/Admin/graceful_books/src/components/checklist/ChecklistView.tsx:14:3)
Warning: An update to ChecklistItem inside a test was not wrapped in act(...).

When testing, code that causes React state updates should be wrapped into act(...):

act(() => {
  /* fire events that update state */
});
/* assert on the output */

This ensures that you're testing the behavior the user would see in the browser. Learn more at https://reactjs.org/link/wrap-tests-with-act
    at ChecklistItem (C:/Users/Admin/graceful_books/src/components/checklist/ChecklistItem.tsx:9:3)
    at div
    at div
    at div
    at CategorySection (C:/Users/Admin/graceful_books/src/components/checklist/ChecklistView.tsx:302:3)
    at div
    at div
    at div
    at div
    at ChecklistView (C:/Users/Admin/graceful_books/src/components/checklist/ChecklistView.tsx:14:3)

[90mstderr[2m | src/components/checklist/ChecklistView.test.tsx[2m > [22m[2mChecklistView[2m > [22m[2mInteractions[2m > [22m[2msearches for items
[22m[39mWarning: An update to ChecklistView inside a test was not wrapped in act(...).

When testing, code that causes React state updates should be wrapped into act(...):

act(() => {
  /* fire events that update state */
});
/* assert on the output */

This ensures that you're testing the behavior the user would see in the browser. Learn more at https://reactjs.org/link/wrap-tests-with-act
    at ChecklistView (C:/Users/Admin/graceful_books/src/components/checklist/ChecklistView.tsx:14:3)

[90mstderr[2m | src/components/checklist/ChecklistView.test.tsx[2m > [22m[2mChecklistView[2m > [22m[2mInteractions[2m > [22m[2msearches for items
[22m[39mWarning: An update to ChecklistView inside a test was not wrapped in act(...).

When testing, code that causes React state updates should be wrapped into act(...):

act(() => {
  /* fire events that update state */
});
/* assert on the output */

This ensures that you're testing the behavior the user would see in the browser. Learn more at https://reactjs.org/link/wrap-tests-with-act
    at ChecklistView (C:/Users/Admin/graceful_books/src/components/checklist/ChecklistView.tsx:14:3)

[90mstderr[2m | src/components/checklist/ChecklistView.test.tsx[2m > [22m[2mChecklistView[2m > [22m[2mInteractions[2m > [22m[2msearches for items
[22m[39mWarning: An update to ChecklistView inside a test was not wrapped in act(...).

When testing, code that causes React state updates should be wrapped into act(...):

act(() => {
  /* fire events that update state */
});
/* assert on the output */

This ensures that you're testing the behavior the user would see in the browser. Learn more at https://reactjs.org/link/wrap-tests-with-act
    at ChecklistView (C:/Users/Admin/graceful_books/src/components/checklist/ChecklistView.tsx:14:3)

[90mstderr[2m | src/components/checklist/ChecklistView.test.tsx[2m > [22m[2mChecklistView[2m > [22m[2mInteractions[2m > [22m[2msearches for items
[22m[39mWarning: An update to ChecklistView inside a test was not wrapped in act(...).

When testing, code that causes React state updates should be wrapped into act(...):

act(() => {
  /* fire events that update state */
});
/* assert on the output */

This ensures that you're testing the behavior the user would see in the browser. Learn more at https://reactjs.org/link/wrap-tests-with-act
    at ChecklistView (C:/Users/Admin/graceful_books/src/components/checklist/ChecklistView.tsx:14:3)

[90mstderr[2m | src/components/checklist/ChecklistView.test.tsx[2m > [22m[2mChecklistView[2m > [22m[2mInteractions[2m > [22m[2msearches for items
[22m[39mWarning: An update to ChecklistView inside a test was not wrapped in act(...).

When testing, code that causes React state updates should be wrapped into act(...):

act(() => {
  /* fire events that update state */
});
/* assert on the output */

This ensures that you're testing the behavior the user would see in the browser. Learn more at https://reactjs.org/link/wrap-tests-with-act
    at ChecklistView (C:/Users/Admin/graceful_books/src/components/checklist/ChecklistView.tsx:14:3)

[90mstderr[2m | src/components/checklist/ChecklistView.test.tsx[2m > [22m[2mChecklistView[2m > [22m[2mInteractions[2m > [22m[2msearches for items
[22m[39mWarning: An update to ChecklistView inside a test was not wrapped in act(...).

When testing, code that causes React state updates should be wrapped into act(...):

act(() => {
  /* fire events that update state */
});
/* assert on the output */

This ensures that you're testing the behavior the user would see in the browser. Learn more at https://reactjs.org/link/wrap-tests-with-act
    at ChecklistView (C:/Users/Admin/graceful_books/src/components/checklist/ChecklistView.tsx:14:3)

[90mstderr[2m | src/components/checklist/ChecklistView.test.tsx[2m > [22m[2mChecklistView[2m > [22m[2mInteractions[2m > [22m[2msearches for items
[22m[39mWarning: An update to ChecklistView inside a test was not wrapped in act(...).

When testing, code that causes React state updates should be wrapped into act(...):

act(() => {
  /* fire events that update state */
});
/* assert on the output */

This ensures that you're testing the behavior the user would see in the browser. Learn more at https://reactjs.org/link/wrap-tests-with-act
    at ChecklistView (C:/Users/Admin/graceful_books/src/components/checklist/ChecklistView.tsx:14:3)

[90mstderr[2m | src/components/checklist/ChecklistView.test.tsx[2m > [22m[2mChecklistView[2m > [22m[2mInteractions[2m > [22m[2msearches for items
[22m[39mWarning: An update to ChecklistView inside a test was not wrapped in act(...).

When testing, code that causes React state updates should be wrapped into act(...):

act(() => {
  /* fire events that update state */
});
/* assert on the output */

This ensures that you're testing the behavior the user would see in the browser. Learn more at https://reactjs.org/link/wrap-tests-with-act
    at ChecklistView (C:/Users/Admin/graceful_books/src/components/checklist/ChecklistView.tsx:14:3)

[90mstderr[2m | src/components/checklist/ChecklistView.test.tsx[2m > [22m[2mChecklistView[2m > [22m[2mInteractions[2m > [22m[2msearches for items
[22m[39mWarning: An update to ChecklistView inside a test was not wrapped in act(...).

When testing, code that causes React state updates should be wrapped into act(...):

act(() => {
  /* fire events that update state */
});
/* assert on the output */

This ensures that you're testing the behavior the user would see in the browser. Learn more at https://reactjs.org/link/wrap-tests-with-act
    at ChecklistView (C:/Users/Admin/graceful_books/src/components/checklist/ChecklistView.tsx:14:3)

[90mstderr[2m | src/components/checklist/ChecklistView.test.tsx[2m > [22m[2mChecklistView[2m > [22m[2mInteractions[2m > [22m[2msearches for items
[22m[39mWarning: An update to ChecklistView inside a test was not wrapped in act(...).

When testing, code that causes React state updates should be wrapped into act(...):

act(() => {
  /* fire events that update state */
});
/* assert on the output */

This ensures that you're testing the behavior the user would see in the browser. Learn more at https://reactjs.org/link/wrap-tests-with-act
    at ChecklistView (C:/Users/Admin/graceful_books/src/components/checklist/ChecklistView.tsx:14:3)

[90mstderr[2m | src/components/checklist/ChecklistView.test.tsx[2m > [22m[2mChecklistView[2m > [22m[2mInteractions[2m > [22m[2msearches for items
[22m[39mWarning: An update to ChecklistView inside a test was not wrapped in act(...).

When testing, code that causes React state updates should be wrapped into act(...):

act(() => {
  /* fire events that update state */
});
/* assert on the output */

This ensures that you're testing the behavior the user would see in the browser. Learn more at https://reactjs.org/link/wrap-tests-with-act
    at ChecklistView (C:/Users/Admin/graceful_books/src/components/checklist/ChecklistView.tsx:14:3)

[90mstderr[2m | src/components/checklist/ChecklistView.test.tsx[2m > [22m[2mChecklistView[2m > [22m[2mInteractions[2m > [22m[2msearches for items
[22m[39mWarning: An update to ChecklistView inside a test was not wrapped in act(...).

When testing, code that causes React state updates should be wrapped into act(...):

act(() => {
  /* fire events that update state */
});
/* assert on the output */

This ensures that you're testing the behavior the user would see in the browser. Learn more at https://reactjs.org/link/wrap-tests-with-act
    at ChecklistView (C:/Users/Admin/graceful_books/src/components/checklist/ChecklistView.tsx:14:3)

[90mstderr[2m | src/components/checklist/ChecklistView.test.tsx[2m > [22m[2mChecklistView[2m > [22m[2mFiltering[2m > [22m[2mfilters by view mode - Active
[22m[39mWarning: An update to ChecklistView inside a test was not wrapped in act(...).

When testing, code that causes React state updates should be wrapped into act(...):

act(() => {
  /* fire events that update state */
});
/* assert on the output */

This ensures that you're testing the behavior the user would see in the browser. Learn more at https://reactjs.org/link/wrap-tests-with-act
    at ChecklistView (C:/Users/Admin/graceful_books/src/components/checklist/ChecklistView.tsx:14:3)

[90mstderr[2m | src/components/checklist/ChecklistView.test.tsx[2m > [22m[2mChecklistView[2m > [22m[2mFiltering[2m > [22m[2mfilters by view mode - Completed
[22m[39mWarning: An update to ChecklistView inside a test was not wrapped in act(...).

When testing, code that causes React state updates should be wrapped into act(...):

act(() => {
  /* fire events that update state */
});
/* assert on the output */

This ensures that you're testing the behavior the user would see in the browser. Learn more at https://reactjs.org/link/wrap-tests-with-act
    at ChecklistView (C:/Users/Admin/graceful_books/src/components/checklist/ChecklistView.tsx:14:3)

[90mstderr[2m | src/components/checklist/ChecklistView.test.tsx[2m > [22m[2mChecklistView[2m > [22m[2mFiltering[2m > [22m[2mfilters by view mode - Completed
[22m[39mWarning: An update to ChecklistView inside a test was not wrapped in act(...).

When testing, code that causes React state updates should be wrapped into act(...):

act(() => {
  /* fire events that update state */
});
/* assert on the output */

This ensures that you're testing the behavior the user would see in the browser. Learn more at https://reactjs.org/link/wrap-tests-with-act
    at ChecklistView (C:/Users/Admin/graceful_books/src/components/checklist/ChecklistView.tsx:14:3)

[90mstderr[2m | src/components/checklist/ChecklistView.test.tsx[2m > [22m[2mChecklistView[2m > [22m[2mFiltering[2m > [22m[2mshows no results message when no items match filters
[22m[39mWarning: An update to ChecklistView inside a test was not wrapped in act(...).

When testing, code that causes React state updates should be wrapped into act(...):

act(() => {
  /* fire events that update state */
});
/* assert on the output */

This ensures that you're testing the behavior the user would see in the browser. Learn more at https://reactjs.org/link/wrap-tests-with-act
    at ChecklistView (C:/Users/Admin/graceful_books/src/components/checklist/ChecklistView.tsx:14:3)

[90mstderr[2m | src/components/checklist/ChecklistView.test.tsx[2m > [22m[2mChecklistView[2m > [22m[2mFiltering[2m > [22m[2mshows no results message when no items match filters
[22m[39mWarning: An update to ChecklistView inside a test was not wrapped in act(...).

When testing, code that causes React state updates should be wrapped into act(...):

act(() => {
  /* fire events that update state */
});
/* assert on the output */

This ensures that you're testing the behavior the user would see in the browser. Learn more at https://reactjs.org/link/wrap-tests-with-act
    at ChecklistView (C:/Users/Admin/graceful_books/src/components/checklist/ChecklistView.tsx:14:3)

[90mstderr[2m | src/components/checklist/ChecklistView.test.tsx[2m > [22m[2mChecklistView[2m > [22m[2mFiltering[2m > [22m[2mshows no results message when no items match filters
[22m[39mWarning: An update to ChecklistView inside a test was not wrapped in act(...).

When testing, code that causes React state updates should be wrapped into act(...):

act(() => {
  /* fire events that update state */
});
/* assert on the output */

This ensures that you're testing the behavior the user would see in the browser. Learn more at https://reactjs.org/link/wrap-tests-with-act
    at ChecklistView (C:/Users/Admin/graceful_books/src/components/checklist/ChecklistView.tsx:14:3)

[90mstderr[2m | src/components/checklist/ChecklistView.test.tsx[2m > [22m[2mChecklistView[2m > [22m[2mFiltering[2m > [22m[2mshows no results message when no items match filters
[22m[39mWarning: An update to ChecklistView inside a test was not wrapped in act(...).

When testing, code that causes React state updates should be wrapped into act(...):

act(() => {
  /* fire events that update state */
});
/* assert on the output */

This ensures that you're testing the behavior the user would see in the browser. Learn more at https://reactjs.org/link/wrap-tests-with-act
    at ChecklistView (C:/Users/Admin/graceful_books/src/components/checklist/ChecklistView.tsx:14:3)

[90mstderr[2m | src/components/checklist/ChecklistView.test.tsx[2m > [22m[2mChecklistView[2m > [22m[2mFiltering[2m > [22m[2mshows no results message when no items match filters
[22m[39mWarning: An update to ChecklistView inside a test was not wrapped in act(...).

When testing, code that causes React state updates should be wrapped into act(...):

act(() => {
  /* fire events that update state */
});
/* assert on the output */

This ensures that you're testing the behavior the user would see in the browser. Learn more at https://reactjs.org/link/wrap-tests-with-act
    at ChecklistView (C:/Users/Admin/graceful_books/src/components/checklist/ChecklistView.tsx:14:3)

[90mstderr[2m | src/components/checklist/ChecklistView.test.tsx[2m > [22m[2mChecklistView[2m > [22m[2mFiltering[2m > [22m[2mshows no results message when no items match filters
[22m[39mWarning: An update to ChecklistView inside a test was not wrapped in act(...).

When testing, code that causes React state updates should be wrapped into act(...):

act(() => {
  /* fire events that update state */
});
/* assert on the output */

This ensures that you're testing the behavior the user would see in the browser. Learn more at https://reactjs.org/link/wrap-tests-with-act
    at ChecklistView (C:/Users/Admin/graceful_books/src/components/checklist/ChecklistView.tsx:14:3)

[90mstderr[2m | src/components/checklist/ChecklistView.test.tsx[2m > [22m[2mChecklistView[2m > [22m[2mFiltering[2m > [22m[2mshows no results message when no items match filters
[22m[39mWarning: An update to ChecklistView inside a test was not wrapped in act(...).

When testing, code that causes React state updates should be wrapped into act(...):

act(() => {
  /* fire events that update state */
});
/* assert on the output */

This ensures that you're testing the behavior the user would see in the browser. Learn more at https://reactjs.org/link/wrap-tests-with-act
    at ChecklistView (C:/Users/Admin/graceful_books/src/components/checklist/ChecklistView.tsx:14:3)

[90mstderr[2m | src/components/checklist/ChecklistView.test.tsx[2m > [22m[2mChecklistView[2m > [22m[2mFiltering[2m > [22m[2mshows no results message when no items match filters
[22m[39mWarning: An update to ChecklistView inside a test was not wrapped in act(...).

When testing, code that causes React state updates should be wrapped into act(...):

act(() => {
  /* fire events that update state */
});
/* assert on the output */

This ensures that you're testing the behavior the user would see in the browser. Learn more at https://reactjs.org/link/wrap-tests-with-act
    at ChecklistView (C:/Users/Admin/graceful_books/src/components/checklist/ChecklistView.tsx:14:3)

[90mstderr[2m | src/components/checklist/ChecklistView.test.tsx[2m > [22m[2mChecklistView[2m > [22m[2mFiltering[2m > [22m[2mshows no results message when no items match filters
[22m[39mWarning: An update to ChecklistView inside a test was not wrapped in act(...).

When testing, code that causes React state updates should be wrapped into act(...):

act(() => {
  /* fire events that update state */
});
/* assert on the output */

This ensures that you're testing the behavior the user would see in the browser. Learn more at https://reactjs.org/link/wrap-tests-with-act
    at ChecklistView (C:/Users/Admin/graceful_books/src/components/checklist/ChecklistView.tsx:14:3)

[90mstderr[2m | src/components/checklist/ChecklistView.test.tsx[2m > [22m[2mChecklistView[2m > [22m[2mFiltering[2m > [22m[2mshows no results message when no items match filters
[22m[39mWarning: An update to ChecklistView inside a test was not wrapped in act(...).

When testing, code that causes React state updates should be wrapped into act(...):

act(() => {
  /* fire events that update state */
});
/* assert on the output */

This ensures that you're testing the behavior the user would see in the browser. Learn more at https://reactjs.org/link/wrap-tests-with-act
    at ChecklistView (C:/Users/Admin/graceful_books/src/components/checklist/ChecklistView.tsx:14:3)

[90mstderr[2m | src/components/checklist/ChecklistView.test.tsx[2m > [22m[2mChecklistView[2m > [22m[2mFiltering[2m > [22m[2mshows no results message when no items match filters
[22m[39mWarning: An update to ChecklistView inside a test was not wrapped in act(...).

When testing, code that causes React state updates should be wrapped into act(...):

act(() => {
  /* fire events that update state */
});
/* assert on the output */

This ensures that you're testing the behavior the user would see in the browser. Learn more at https://reactjs.org/link/wrap-tests-with-act
    at ChecklistView (C:/Users/Admin/graceful_books/src/components/checklist/ChecklistView.tsx:14:3)

[90mstderr[2m | src/components/checklist/ChecklistView.test.tsx[2m > [22m[2mChecklistView[2m > [22m[2mFiltering[2m > [22m[2mshows no results message when no items match filters
[22m[39mWarning: An update to ChecklistView inside a test was not wrapped in act(...).

When testing, code that causes React state updates should be wrapped into act(...):

act(() => {
  /* fire events that update state */
});
/* assert on the output */

This ensures that you're testing the behavior the user would see in the browser. Learn more at https://reactjs.org/link/wrap-tests-with-act
    at ChecklistView (C:/Users/Admin/graceful_books/src/components/checklist/ChecklistView.tsx:14:3)

[90mstderr[2m | src/components/checklist/ChecklistView.test.tsx[2m > [22m[2mChecklistView[2m > [22m[2mFiltering[2m > [22m[2mshows no results message when no items match filters
[22m[39mWarning: An update to ChecklistView inside a test was not wrapped in act(...).

When testing, code that causes React state updates should be wrapped into act(...):

act(() => {
  /* fire events that update state */
});
/* assert on the output */

This ensures that you're testing the behavior the user would see in the browser. Learn more at https://reactjs.org/link/wrap-tests-with-act
    at ChecklistView (C:/Users/Admin/graceful_books/src/components/checklist/ChecklistView.tsx:14:3)

[90mstderr[2m | src/components/checklist/ChecklistView.test.tsx[2m > [22m[2mChecklistView[2m > [22m[2mFiltering[2m > [22m[2mshows no results message when no items match filters
[22m[39mWarning: An update to ChecklistView inside a test was not wrapped in act(...).

When testing, code that causes React state updates should be wrapped into act(...):

act(() => {
  /* fire events that update state */
});
/* assert on the output */

This ensures that you're testing the behavior the user would see in the browser. Learn more at https://reactjs.org/link/wrap-tests-with-act
    at ChecklistView (C:/Users/Admin/graceful_books/src/components/checklist/ChecklistView.tsx:14:3)

[90mstderr[2m | src/components/checklist/ChecklistView.test.tsx[2m > [22m[2mChecklistView[2m > [22m[2mFiltering[2m > [22m[2mshows no results message when no items match filters
[22m[39mWarning: An update to ChecklistView inside a test was not wrapped in act(...).

When testing, code that causes React state updates should be wrapped into act(...):

act(() => {
  /* fire events that update state */
});
/* assert on the output */

This ensures that you're testing the behavior the user would see in the browser. Learn more at https://reactjs.org/link/wrap-tests-with-act
    at ChecklistView (C:/Users/Admin/graceful_books/src/components/checklist/ChecklistView.tsx:14:3)

[90mstderr[2m | src/components/checklist/ChecklistView.test.tsx[2m > [22m[2mChecklistView[2m > [22m[2mFiltering[2m > [22m[2mshows no results message when no items match filters
[22m[39mWarning: An update to ChecklistView inside a test was not wrapped in act(...).

When testing, code that causes React state updates should be wrapped into act(...):

act(() => {
  /* fire events that update state */
});
/* assert on the output */

This ensures that you're testing the behavior the user would see in the browser. Learn more at https://reactjs.org/link/wrap-tests-with-act
    at ChecklistView (C:/Users/Admin/graceful_books/src/components/checklist/ChecklistView.tsx:14:3)

[90mstderr[2m | src/components/checklist/ChecklistView.test.tsx[2m > [22m[2mChecklistView[2m > [22m[2mFiltering[2m > [22m[2mshows no results message when no items match filters
[22m[39mWarning: An update to ChecklistView inside a test was not wrapped in act(...).

When testing, code that causes React state updates should be wrapped into act(...):

act(() => {
  /* fire events that update state */
});
/* assert on the output */

This ensures that you're testing the behavior the user would see in the browser. Learn more at https://reactjs.org/link/wrap-tests-with-act
    at ChecklistView (C:/Users/Admin/graceful_books/src/components/checklist/ChecklistView.tsx:14:3)

[90mstderr[2m | src/components/checklist/ChecklistView.test.tsx[2m > [22m[2mChecklistView[2m > [22m[2mFiltering[2m > [22m[2mshows no results message when no items match filters
[22m[39mWarning: An update to ChecklistView inside a test was not wrapped in act(...).

When testing, code that causes React state updates should be wrapped into act(...):

act(() => {
  /* fire events that update state */
});
/* assert on the output */

This ensures that you're testing the behavior the user would see in the browser. Learn more at https://reactjs.org/link/wrap-tests-with-act
    at ChecklistView (C:/Users/Admin/graceful_books/src/components/checklist/ChecklistView.tsx:14:3)

[90mstderr[2m | src/components/checklist/ChecklistView.test.tsx[2m > [22m[2mChecklistView[2m > [22m[2mFiltering[2m > [22m[2mshows no results message when no items match filters
[22m[39mWarning: An update to ChecklistView inside a test was not wrapped in act(...).

When testing, code that causes React state updates should be wrapped into act(...):

act(() => {
  /* fire events that update state */
});
/* assert on the output */

This ensures that you're testing the behavior the user would see in the browser. Learn more at https://reactjs.org/link/wrap-tests-with-act
    at ChecklistView (C:/Users/Admin/graceful_books/src/components/checklist/ChecklistView.tsx:14:3)

[90mstderr[2m | src/components/checklist/ChecklistView.test.tsx[2m > [22m[2mChecklistView[2m > [22m[2mFiltering[2m > [22m[2mshows no results message when no items match filters
[22m[39mWarning: An update to ChecklistView inside a test was not wrapped in act(...).

When testing, code that causes React state updates should be wrapped into act(...):

act(() => {
  /* fire events that update state */
});
/* assert on the output */

This ensures that you're testing the behavior the user would see in the browser. Learn more at https://reactjs.org/link/wrap-tests-with-act
    at ChecklistView (C:/Users/Admin/graceful_books/src/components/checklist/ChecklistView.tsx:14:3)

 [32m✓[39m src/components/checklist/ChecklistView.test.tsx [2m([22m[2m15 tests[22m[2m)[22m[33m 3364[2mms[22m[39m
       [33m[2m✓[22m[39m renders filter tabs with counts [33m 498[2mms[22m[39m
       [33m[2m✓[22m[39m expands category when clicked [33m 342[2mms[22m[39m
       [33m[2m✓[22m[39m opens snooze modal when snooze is clicked [33m 378[2mms[22m[39m
       [33m[2m✓[22m[39m searches for items [33m 394[2mms[22m[39m
       [33m[2m✓[22m[39m shows no results message when no items match filters [33m 427[2mms[22m[39m
[90mstdout[2m | src/services/auditLogExtended.perf.test.ts[2m > [22m[2mExtended Audit Log Performance Tests[2m > [22m[2mMemory and Resource Management[2m > [22m[2mshould handle large result sets without crashing
[22m[39m[AuditLogExtended] Audit log search completed { total: [33m100000[39m, returned: [33m100[39m, executionTimeMs: [33m5206.860700000019[39m }

[90mstdout[2m | src/services/auditLogExtended.perf.test.ts[2m > [22m[2mExtended Audit Log Performance Tests[2m > [22m[2mMemory and Resource Management[2m > [22m[2mshould handle large result sets without crashing
[22m[39m[AuditLogExtended] Starting audit log search { companyId: [32m'test-company'[39m, limit: [33m100[39m, offset: [33m1600[39m }

[90mstderr[2m | src/components/vendors/VendorList.test.tsx[2m > [22m[2mVendorList[2m > [22m[2mSearch Functionality[2m > [22m[2mshould filter vendors by name
[22m[39mWarning: An update to VendorList inside a test was not wrapped in act(...).

When testing, code that causes React state updates should be wrapped into act(...):

act(() => {
  /* fire events that update state */
});
/* assert on the output */

This ensures that you're testing the behavior the user would see in the browser. Learn more at https://reactjs.org/link/wrap-tests-with-act
    at VendorList (C:/Users/Admin/graceful_books/src/components/vendors/VendorList.tsx:65:3)

[90mstderr[2m | src/components/vendors/VendorList.test.tsx[2m > [22m[2mVendorList[2m > [22m[2mSearch Functionality[2m > [22m[2mshould filter vendors by name
[22m[39mWarning: An update to VendorList inside a test was not wrapped in act(...).

When testing, code that causes React state updates should be wrapped into act(...):

act(() => {
  /* fire events that update state */
});
/* assert on the output */

This ensures that you're testing the behavior the user would see in the browser. Learn more at https://reactjs.org/link/wrap-tests-with-act
    at VendorList (C:/Users/Admin/graceful_books/src/components/vendors/VendorList.tsx:65:3)

[90mstderr[2m | src/components/vendors/VendorList.test.tsx[2m > [22m[2mVendorList[2m > [22m[2mSearch Functionality[2m > [22m[2mshould filter vendors by name
[22m[39mWarning: An update to VendorList inside a test was not wrapped in act(...).

When testing, code that causes React state updates should be wrapped into act(...):

act(() => {
  /* fire events that update state */
});
/* assert on the output */

This ensures that you're testing the behavior the user would see in the browser. Learn more at https://reactjs.org/link/wrap-tests-with-act
    at VendorList (C:/Users/Admin/graceful_books/src/components/vendors/VendorList.tsx:65:3)

[90mstderr[2m | src/components/vendors/VendorList.test.tsx[2m > [22m[2mVendorList[2m > [22m[2mSearch Functionality[2m > [22m[2mshould filter vendors by name
[22m[39mWarning: An update to VendorList inside a test was not wrapped in act(...).

When testing, code that causes React state updates should be wrapped into act(...):

act(() => {
  /* fire events that update state */
});
/* assert on the output */

This ensures that you're testing the behavior the user would see in the browser. Learn more at https://reactjs.org/link/wrap-tests-with-act
    at VendorList (C:/Users/Admin/graceful_books/src/components/vendors/VendorList.tsx:65:3)

[90mstderr[2m | src/components/vendors/VendorList.test.tsx[2m > [22m[2mVendorList[2m > [22m[2mSearch Functionality[2m > [22m[2mshould filter vendors by email
[22m[39mWarning: An update to VendorList inside a test was not wrapped in act(...).

When testing, code that causes React state updates should be wrapped into act(...):

act(() => {
  /* fire events that update state */
});
/* assert on the output */

This ensures that you're testing the behavior the user would see in the browser. Learn more at https://reactjs.org/link/wrap-tests-with-act
    at VendorList (C:/Users/Admin/graceful_books/src/components/vendors/VendorList.tsx:65:3)

[90mstderr[2m | src/components/vendors/VendorList.test.tsx[2m > [22m[2mVendorList[2m > [22m[2mSearch Functionality[2m > [22m[2mshould filter vendors by email
[22m[39mWarning: An update to VendorList inside a test was not wrapped in act(...).

When testing, code that causes React state updates should be wrapped into act(...):

act(() => {
  /* fire events that update state */
});
/* assert on the output */

This ensures that you're testing the behavior the user would see in the browser. Learn more at https://reactjs.org/link/wrap-tests-with-act
    at VendorList (C:/Users/Admin/graceful_books/src/components/vendors/VendorList.tsx:65:3)

[90mstderr[2m | src/components/vendors/VendorList.test.tsx[2m > [22m[2mVendorList[2m > [22m[2mSearch Functionality[2m > [22m[2mshould filter vendors by email
[22m[39mWarning: An update to VendorList inside a test was not wrapped in act(...).

When testing, code that causes React state updates should be wrapped into act(...):

act(() => {
  /* fire events that update state */
});
/* assert on the output */

This ensures that you're testing the behavior the user would see in the browser. Learn more at https://reactjs.org/link/wrap-tests-with-act
    at VendorList (C:/Users/Admin/graceful_books/src/components/vendors/VendorList.tsx:65:3)

[90mstderr[2m | src/components/vendors/VendorList.test.tsx[2m > [22m[2mVendorList[2m > [22m[2mSearch Functionality[2m > [22m[2mshould filter vendors by email
[22m[39mWarning: An update to VendorList inside a test was not wrapped in act(...).

When testing, code that causes React state updates should be wrapped into act(...):

act(() => {
  /* fire events that update state */
});
/* assert on the output */

This ensures that you're testing the behavior the user would see in the browser. Learn more at https://reactjs.org/link/wrap-tests-with-act
    at VendorList (C:/Users/Admin/graceful_books/src/components/vendors/VendorList.tsx:65:3)

[90mstderr[2m | src/components/vendors/VendorList.test.tsx[2m > [22m[2mVendorList[2m > [22m[2mSearch Functionality[2m > [22m[2mshould filter vendors by email
[22m[39mWarning: An update to VendorList inside a test was not wrapped in act(...).

When testing, code that causes React state updates should be wrapped into act(...):

act(() => {
  /* fire events that update state */
});
/* assert on the output */

This ensures that you're testing the behavior the user would see in the browser. Learn more at https://reactjs.org/link/wrap-tests-with-act
    at VendorList (C:/Users/Admin/graceful_books/src/components/vendors/VendorList.tsx:65:3)

[90mstderr[2m | src/components/vendors/VendorList.test.tsx[2m > [22m[2mVendorList[2m > [22m[2mSearch Functionality[2m > [22m[2mshould filter vendors by email
[22m[39mWarning: An update to VendorList inside a test was not wrapped in act(...).

When testing, code that causes React state updates should be wrapped into act(...):

act(() => {
  /* fire events that update state */
});
/* assert on the output */

This ensures that you're testing the behavior the user would see in the browser. Learn more at https://reactjs.org/link/wrap-tests-with-act
    at VendorList (C:/Users/Admin/graceful_books/src/components/vendors/VendorList.tsx:65:3)

[90mstderr[2m | src/components/vendors/VendorList.test.tsx[2m > [22m[2mVendorList[2m > [22m[2mSearch Functionality[2m > [22m[2mshould filter vendors by email
[22m[39mWarning: An update to VendorList inside a test was not wrapped in act(...).

When testing, code that causes React state updates should be wrapped into act(...):

act(() => {
  /* fire events that update state */
});
/* assert on the output */

This ensures that you're testing the behavior the user would see in the browser. Learn more at https://reactjs.org/link/wrap-tests-with-act
    at VendorList (C:/Users/Admin/graceful_books/src/components/vendors/VendorList.tsx:65:3)

[90mstderr[2m | src/components/vendors/VendorList.test.tsx[2m > [22m[2mVendorList[2m > [22m[2mSearch Functionality[2m > [22m[2mshould filter vendors by email
[22m[39mWarning: An update to VendorList inside a test was not wrapped in act(...).

When testing, code that causes React state updates should be wrapped into act(...):

act(() => {
  /* fire events that update state */
});
/* assert on the output */

This ensures that you're testing the behavior the user would see in the browser. Learn more at https://reactjs.org/link/wrap-tests-with-act
    at VendorList (C:/Users/Admin/graceful_books/src/components/vendors/VendorList.tsx:65:3)

[90mstderr[2m | src/components/vendors/VendorList.test.tsx[2m > [22m[2mVendorList[2m > [22m[2mSearch Functionality[2m > [22m[2mshould filter vendors by email
[22m[39mWarning: An update to VendorList inside a test was not wrapped in act(...).

When testing, code that causes React state updates should be wrapped into act(...):

act(() => {
  /* fire events that update state */
});
/* assert on the output */

This ensures that you're testing the behavior the user would see in the browser. Learn more at https://reactjs.org/link/wrap-tests-with-act
    at VendorList (C:/Users/Admin/graceful_books/src/components/vendors/VendorList.tsx:65:3)

[90mstderr[2m | src/components/vendors/VendorList.test.tsx[2m > [22m[2mVendorList[2m > [22m[2mSearch Functionality[2m > [22m[2mshould filter vendors by email
[22m[39mWarning: An update to VendorList inside a test was not wrapped in act(...).

When testing, code that causes React state updates should be wrapped into act(...):

act(() => {
  /* fire events that update state */
});
/* assert on the output */

This ensures that you're testing the behavior the user would see in the browser. Learn more at https://reactjs.org/link/wrap-tests-with-act
    at VendorList (C:/Users/Admin/graceful_books/src/components/vendors/VendorList.tsx:65:3)

[90mstderr[2m | src/components/vendors/VendorList.test.tsx[2m > [22m[2mVendorList[2m > [22m[2mSearch Functionality[2m > [22m[2mshould filter vendors by email
[22m[39mWarning: An update to VendorList inside a test was not wrapped in act(...).

When testing, code that causes React state updates should be wrapped into act(...):

act(() => {
  /* fire events that update state */
});
/* assert on the output */

This ensures that you're testing the behavior the user would see in the browser. Learn more at https://reactjs.org/link/wrap-tests-with-act
    at VendorList (C:/Users/Admin/graceful_books/src/components/vendors/VendorList.tsx:65:3)

[90mstderr[2m | src/components/vendors/VendorList.test.tsx[2m > [22m[2mVendorList[2m > [22m[2mSearch Functionality[2m > [22m[2mshould filter vendors by email
[22m[39mWarning: An update to VendorList inside a test was not wrapped in act(...).

When testing, code that causes React state updates should be wrapped into act(...):

act(() => {
  /* fire events that update state */
});
/* assert on the output */

This ensures that you're testing the behavior the user would see in the browser. Learn more at https://reactjs.org/link/wrap-tests-with-act
    at VendorList (C:/Users/Admin/graceful_books/src/components/vendors/VendorList.tsx:65:3)

[90mstderr[2m | src/components/vendors/VendorList.test.tsx[2m > [22m[2mVendorList[2m > [22m[2mSearch Functionality[2m > [22m[2mshould filter vendors by phone
[22m[39mWarning: An update to VendorList inside a test was not wrapped in act(...).

When testing, code that causes React state updates should be wrapped into act(...):

act(() => {
  /* fire events that update state */
});
/* assert on the output */

This ensures that you're testing the behavior the user would see in the browser. Learn more at https://reactjs.org/link/wrap-tests-with-act
    at VendorList (C:/Users/Admin/graceful_books/src/components/vendors/VendorList.tsx:65:3)

[90mstderr[2m | src/components/vendors/VendorList.test.tsx[2m > [22m[2mVendorList[2m > [22m[2mSearch Functionality[2m > [22m[2mshould filter vendors by phone
[22m[39mWarning: An update to VendorList inside a test was not wrapped in act(...).

When testing, code that causes React state updates should be wrapped into act(...):

act(() => {
  /* fire events that update state */
});
/* assert on the output */

This ensures that you're testing the behavior the user would see in the browser. Learn more at https://reactjs.org/link/wrap-tests-with-act
    at VendorList (C:/Users/Admin/graceful_books/src/components/vendors/VendorList.tsx:65:3)

[90mstderr[2m | src/components/vendors/VendorList.test.tsx[2m > [22m[2mVendorList[2m > [22m[2mSearch Functionality[2m > [22m[2mshould filter vendors by phone
[22m[39mWarning: An update to VendorList inside a test was not wrapped in act(...).

When testing, code that causes React state updates should be wrapped into act(...):

act(() => {
  /* fire events that update state */
});
/* assert on the output */

This ensures that you're testing the behavior the user would see in the browser. Learn more at https://reactjs.org/link/wrap-tests-with-act
    at VendorList (C:/Users/Admin/graceful_books/src/components/vendors/VendorList.tsx:65:3)

[90mstderr[2m | src/components/vendors/VendorList.test.tsx[2m > [22m[2mVendorList[2m > [22m[2mSearch Functionality[2m > [22m[2mshould filter vendors by phone
[22m[39mWarning: An update to VendorList inside a test was not wrapped in act(...).

When testing, code that causes React state updates should be wrapped into act(...):

act(() => {
  /* fire events that update state */
});
/* assert on the output */

This ensures that you're testing the behavior the user would see in the browser. Learn more at https://reactjs.org/link/wrap-tests-with-act
    at VendorList (C:/Users/Admin/graceful_books/src/components/vendors/VendorList.tsx:65:3)

[90mstderr[2m | src/components/vendors/VendorList.test.tsx[2m > [22m[2mVendorList[2m > [22m[2mSearch Functionality[2m > [22m[2mshould filter vendors by phone
[22m[39mWarning: An update to VendorList inside a test was not wrapped in act(...).

When testing, code that causes React state updates should be wrapped into act(...):

act(() => {
  /* fire events that update state */
});
/* assert on the output */

This ensures that you're testing the behavior the user would see in the browser. Learn more at https://reactjs.org/link/wrap-tests-with-act
    at VendorList (C:/Users/Admin/graceful_books/src/components/vendors/VendorList.tsx:65:3)

[90mstderr[2m | src/components/vendors/VendorList.test.tsx[2m > [22m[2mVendorList[2m > [22m[2mSearch Functionality[2m > [22m[2mshould filter vendors by phone
[22m[39mWarning: An update to VendorList inside a test was not wrapped in act(...).

When testing, code that causes React state updates should be wrapped into act(...):

act(() => {
  /* fire events that update state */
});
/* assert on the output */

This ensures that you're testing the behavior the user would see in the browser. Learn more at https://reactjs.org/link/wrap-tests-with-act
    at VendorList (C:/Users/Admin/graceful_books/src/components/vendors/VendorList.tsx:65:3)

[90mstderr[2m | src/components/vendors/VendorList.test.tsx[2m > [22m[2mVendorList[2m > [22m[2mSearch Functionality[2m > [22m[2mshould filter vendors by phone
[22m[39mWarning: An update to VendorList inside a test was not wrapped in act(...).

When testing, code that causes React state updates should be wrapped into act(...):

act(() => {
  /* fire events that update state */
});
/* assert on the output */

This ensures that you're testing the behavior the user would see in the browser. Learn more at https://reactjs.org/link/wrap-tests-with-act
    at VendorList (C:/Users/Admin/graceful_books/src/components/vendors/VendorList.tsx:65:3)

[90mstderr[2m | src/components/vendors/VendorList.test.tsx[2m > [22m[2mVendorList[2m > [22m[2mSearch Functionality[2m > [22m[2mshould filter vendors by phone
[22m[39mWarning: An update to VendorList inside a test was not wrapped in act(...).

When testing, code that causes React state updates should be wrapped into act(...):

act(() => {
  /* fire events that update state */
});
/* assert on the output */

This ensures that you're testing the behavior the user would see in the browser. Learn more at https://reactjs.org/link/wrap-tests-with-act
    at VendorList (C:/Users/Admin/graceful_books/src/components/vendors/VendorList.tsx:65:3)

[90mstderr[2m | src/components/vendors/VendorList.test.tsx[2m > [22m[2mVendorList[2m > [22m[2mSearch Functionality[2m > [22m[2mshould show message when no search results
[22m[39mWarning: An update to VendorList inside a test was not wrapped in act(...).

When testing, code that causes React state updates should be wrapped into act(...):

act(() => {
  /* fire events that update state */
});
/* assert on the output */

This ensures that you're testing the behavior the user would see in the browser. Learn more at https://reactjs.org/link/wrap-tests-with-act
    at VendorList (C:/Users/Admin/graceful_books/src/components/vendors/VendorList.tsx:65:3)

[90mstderr[2m | src/components/vendors/VendorList.test.tsx[2m > [22m[2mVendorList[2m > [22m[2mSearch Functionality[2m > [22m[2mshould show message when no search results
[22m[39mWarning: An update to VendorList inside a test was not wrapped in act(...).

When testing, code that causes React state updates should be wrapped into act(...):

act(() => {
  /* fire events that update state */
});
/* assert on the output */

This ensures that you're testing the behavior the user would see in the browser. Learn more at https://reactjs.org/link/wrap-tests-with-act
    at VendorList (C:/Users/Admin/graceful_books/src/components/vendors/VendorList.tsx:65:3)

[90mstderr[2m | src/components/vendors/VendorList.test.tsx[2m > [22m[2mVendorList[2m > [22m[2mSearch Functionality[2m > [22m[2mshould show message when no search results
[22m[39mWarning: An update to VendorList inside a test was not wrapped in act(...).

When testing, code that causes React state updates should be wrapped into act(...):

act(() => {
  /* fire events that update state */
});
/* assert on the output */

This ensures that you're testing the behavior the user would see in the browser. Learn more at https://reactjs.org/link/wrap-tests-with-act
    at VendorList (C:/Users/Admin/graceful_books/src/components/vendors/VendorList.tsx:65:3)

[90mstderr[2m | src/components/vendors/VendorList.test.tsx[2m > [22m[2mVendorList[2m > [22m[2mSearch Functionality[2m > [22m[2mshould show message when no search results
[22m[39mWarning: An update to VendorList inside a test was not wrapped in act(...).

When testing, code that causes React state updates should be wrapped into act(...):

act(() => {
  /* fire events that update state */
});
/* assert on the output */

This ensures that you're testing the behavior the user would see in the browser. Learn more at https://reactjs.org/link/wrap-tests-with-act
    at VendorList (C:/Users/Admin/graceful_books/src/components/vendors/VendorList.tsx:65:3)

[90mstderr[2m | src/components/vendors/VendorList.test.tsx[2m > [22m[2mVendorList[2m > [22m[2mSearch Functionality[2m > [22m[2mshould show message when no search results
[22m[39mWarning: An update to VendorList inside a test was not wrapped in act(...).

When testing, code that causes React state updates should be wrapped into act(...):

act(() => {
  /* fire events that update state */
});
/* assert on the output */

This ensures that you're testing the behavior the user would see in the browser. Learn more at https://reactjs.org/link/wrap-tests-with-act
    at VendorList (C:/Users/Admin/graceful_books/src/components/vendors/VendorList.tsx:65:3)

[90mstderr[2m | src/components/vendors/VendorList.test.tsx[2m > [22m[2mVendorList[2m > [22m[2mSearch Functionality[2m > [22m[2mshould show message when no search results
[22m[39mWarning: An update to VendorList inside a test was not wrapped in act(...).

When testing, code that causes React state updates should be wrapped into act(...):

act(() => {
  /* fire events that update state */
});
/* assert on the output */

This ensures that you're testing the behavior the user would see in the browser. Learn more at https://reactjs.org/link/wrap-tests-with-act
    at VendorList (C:/Users/Admin/graceful_books/src/components/vendors/VendorList.tsx:65:3)

[90mstderr[2m | src/components/vendors/VendorList.test.tsx[2m > [22m[2mVendorList[2m > [22m[2mSearch Functionality[2m > [22m[2mshould show message when no search results
[22m[39mWarning: An update to VendorList inside a test was not wrapped in act(...).

When testing, code that causes React state updates should be wrapped into act(...):

act(() => {
  /* fire events that update state */
});
/* assert on the output */

This ensures that you're testing the behavior the user would see in the browser. Learn more at https://reactjs.org/link/wrap-tests-with-act
    at VendorList (C:/Users/Admin/graceful_books/src/components/vendors/VendorList.tsx:65:3)

[90mstderr[2m | src/components/vendors/VendorList.test.tsx[2m > [22m[2mVendorList[2m > [22m[2mSearch Functionality[2m > [22m[2mshould show message when no search results
[22m[39mWarning: An update to VendorList inside a test was not wrapped in act(...).

When testing, code that causes React state updates should be wrapped into act(...):

act(() => {
  /* fire events that update state */
});
/* assert on the output */

This ensures that you're testing the behavior the user would see in the browser. Learn more at https://reactjs.org/link/wrap-tests-with-act
    at VendorList (C:/Users/Admin/graceful_books/src/components/vendors/VendorList.tsx:65:3)

[90mstderr[2m | src/components/vendors/VendorList.test.tsx[2m > [22m[2mVendorList[2m > [22m[2mSearch Functionality[2m > [22m[2mshould show message when no search results
[22m[39mWarning: An update to VendorList inside a test was not wrapped in act(...).

When testing, code that causes React state updates should be wrapped into act(...):

act(() => {
  /* fire events that update state */
});
/* assert on the output */

This ensures that you're testing the behavior the user would see in the browser. Learn more at https://reactjs.org/link/wrap-tests-with-act
    at VendorList (C:/Users/Admin/graceful_books/src/components/vendors/VendorList.tsx:65:3)

[90mstderr[2m | src/components/vendors/VendorList.test.tsx[2m > [22m[2mVendorList[2m > [22m[2mSearch Functionality[2m > [22m[2mshould show message when no search results
[22m[39mWarning: An update to VendorList inside a test was not wrapped in act(...).

When testing, code that causes React state updates should be wrapped into act(...):

act(() => {
  /* fire events that update state */
});
/* assert on the output */

This ensures that you're testing the behavior the user would see in the browser. Learn more at https://reactjs.org/link/wrap-tests-with-act
    at VendorList (C:/Users/Admin/graceful_books/src/components/vendors/VendorList.tsx:65:3)

[90mstderr[2m | src/components/vendors/VendorList.test.tsx[2m > [22m[2mVendorList[2m > [22m[2mSearch Functionality[2m > [22m[2mshould show message when no search results
[22m[39mWarning: An update to VendorList inside a test was not wrapped in act(...).

When testing, code that causes React state updates should be wrapped into act(...):

act(() => {
  /* fire events that update state */
});
/* assert on the output */

This ensures that you're testing the behavior the user would see in the browser. Learn more at https://reactjs.org/link/wrap-tests-with-act
    at VendorList (C:/Users/Admin/graceful_books/src/components/vendors/VendorList.tsx:65:3)

[90mstderr[2m | src/components/vendors/VendorList.test.tsx[2m > [22m[2mVendorList[2m > [22m[2mSearch Functionality[2m > [22m[2mshould show message when no search results
[22m[39mWarning: An update to VendorList inside a test was not wrapped in act(...).

When testing, code that causes React state updates should be wrapped into act(...):

act(() => {
  /* fire events that update state */
});
/* assert on the output */

This ensures that you're testing the behavior the user would see in the browser. Learn more at https://reactjs.org/link/wrap-tests-with-act
    at VendorList (C:/Users/Admin/graceful_books/src/components/vendors/VendorList.tsx:65:3)

[90mstderr[2m | src/components/vendors/VendorList.test.tsx[2m > [22m[2mVendorList[2m > [22m[2mSearch Functionality[2m > [22m[2mshould show message when no search results
[22m[39mWarning: An update to VendorList inside a test was not wrapped in act(...).

When testing, code that causes React state updates should be wrapped into act(...):

act(() => {
  /* fire events that update state */
});
/* assert on the output */

This ensures that you're testing the behavior the user would see in the browser. Learn more at https://reactjs.org/link/wrap-tests-with-act
    at VendorList (C:/Users/Admin/graceful_books/src/components/vendors/VendorList.tsx:65:3)

[90mstderr[2m | src/components/vendors/VendorList.test.tsx[2m > [22m[2mVendorList[2m > [22m[2mSearch Functionality[2m > [22m[2mshould show message when no search results
[22m[39mWarning: An update to VendorList inside a test was not wrapped in act(...).

When testing, code that causes React state updates should be wrapped into act(...):

act(() => {
  /* fire events that update state */
});
/* assert on the output */

This ensures that you're testing the behavior the user would see in the browser. Learn more at https://reactjs.org/link/wrap-tests-with-act
    at VendorList (C:/Users/Admin/graceful_books/src/components/vendors/VendorList.tsx:65:3)

[90mstderr[2m | src/components/vendors/VendorList.test.tsx[2m > [22m[2mVendorList[2m > [22m[2mSearch Functionality[2m > [22m[2mshould show message when no search results
[22m[39mWarning: An update to VendorList inside a test was not wrapped in act(...).

When testing, code that causes React state updates should be wrapped into act(...):

act(() => {
  /* fire events that update state */
});
/* assert on the output */

This ensures that you're testing the behavior the user would see in the browser. Learn more at https://reactjs.org/link/wrap-tests-with-act
    at VendorList (C:/Users/Admin/graceful_books/src/components/vendors/VendorList.tsx:65:3)

[90mstderr[2m | src/components/vendors/VendorList.test.tsx[2m > [22m[2mVendorList[2m > [22m[2mSearch Functionality[2m > [22m[2mshould show message when no search results
[22m[39mWarning: An update to VendorList inside a test was not wrapped in act(...).

When testing, code that causes React state updates should be wrapped into act(...):

act(() => {
  /* fire events that update state */
});
/* assert on the output */

This ensures that you're testing the behavior the user would see in the browser. Learn more at https://reactjs.org/link/wrap-tests-with-act
    at VendorList (C:/Users/Admin/graceful_books/src/components/vendors/VendorList.tsx:65:3)

[90mstderr[2m | src/components/vendors/VendorList.test.tsx[2m > [22m[2mVendorList[2m > [22m[2mSearch Functionality[2m > [22m[2mshould show message when no search results
[22m[39mWarning: An update to VendorList inside a test was not wrapped in act(...).

When testing, code that causes React state updates should be wrapped into act(...):

act(() => {
  /* fire events that update state */
});
/* assert on the output */

This ensures that you're testing the behavior the user would see in the browser. Learn more at https://reactjs.org/link/wrap-tests-with-act
    at VendorList (C:/Users/Admin/graceful_books/src/components/vendors/VendorList.tsx:65:3)

[90mstderr[2m | src/components/vendors/VendorList.test.tsx[2m > [22m[2mVendorList[2m > [22m[2mFilter Functionality[2m > [22m[2mshould filter by inactive status
[22m[39mWarning: An update to VendorList inside a test was not wrapped in act(...).

When testing, code that causes React state updates should be wrapped into act(...):

act(() => {
  /* fire events that update state */
});
/* assert on the output */

This ensures that you're testing the behavior the user would see in the browser. Learn more at https://reactjs.org/link/wrap-tests-with-act
    at VendorList (C:/Users/Admin/graceful_books/src/components/vendors/VendorList.tsx:65:3)

[90mstderr[2m | src/components/vendors/VendorList.test.tsx[2m > [22m[2mVendorList[2m > [22m[2mFilter Functionality[2m > [22m[2mshould filter by 1099 eligibility
[22m[39mWarning: An update to VendorList inside a test was not wrapped in act(...).

When testing, code that causes React state updates should be wrapped into act(...):

act(() => {
  /* fire events that update state */
});
/* assert on the output */

This ensures that you're testing the behavior the user would see in the browser. Learn more at https://reactjs.org/link/wrap-tests-with-act
    at VendorList (C:/Users/Admin/graceful_books/src/components/vendors/VendorList.tsx:65:3)

[90mstderr[2m | src/components/vendors/VendorList.test.tsx[2m > [22m[2mVendorList[2m > [22m[2mSort Functionality[2m > [22m[2mshould sort by recently added
[22m[39mWarning: An update to VendorList inside a test was not wrapped in act(...).

When testing, code that causes React state updates should be wrapped into act(...):

act(() => {
  /* fire events that update state */
});
/* assert on the output */

This ensures that you're testing the behavior the user would see in the browser. Learn more at https://reactjs.org/link/wrap-tests-with-act
    at VendorList (C:/Users/Admin/graceful_books/src/components/vendors/VendorList.tsx:65:3)

 [32m✓[39m src/components/vendors/VendorList.test.tsx [2m([22m[2m29 tests[22m[2m)[22m[33m 2522[2mms[22m[39m
       [33m[2m✓[22m[39m should display empty state when no vendors [33m 336[2mms[22m[39m
       [33m[2m✓[22m[39m should show message when no search results [33m 375[2mms[22m[39m
[90mstdout[2m | src/services/auditLogExtended.perf.test.ts[2m > [22m[2mExtended Audit Log Performance Tests[2m > [22m[2mMemory and Resource Management[2m > [22m[2mshould handle large result sets without crashing
[22m[39m[AuditLogExtended] Audit log search completed { total: [33m100000[39m, returned: [33m10000[39m, executionTimeMs: [33m10340.314500000037[39m }

[90mstdout[2m | src/services/auditLogExtended.perf.test.ts[2m > [22m[2mExtended Audit Log Performance Tests
[22m[39mCleaning up large dataset...

[90mstderr[2m | src/components/accounts/AccountList.test.tsx[2m > [22m[2mAccountList Component[2m > [22m[2mshould filter by search term
[22m[39mWarning: An update to AccountList inside a test was not wrapped in act(...).

When testing, code that causes React state updates should be wrapped into act(...):

act(() => {
  /* fire events that update state */
});
/* assert on the output */

This ensures that you're testing the behavior the user would see in the browser. Learn more at https://reactjs.org/link/wrap-tests-with-act
    at AccountList (C:/Users/Admin/graceful_books/src/components/accounts/AccountList.tsx:11:3)

[90mstderr[2m | src/components/accounts/AccountList.test.tsx[2m > [22m[2mAccountList Component[2m > [22m[2mshould filter by search term
[22m[39mWarning: An update to AccountList inside a test was not wrapped in act(...).

When testing, code that causes React state updates should be wrapped into act(...):

act(() => {
  /* fire events that update state */
});
/* assert on the output */

This ensures that you're testing the behavior the user would see in the browser. Learn more at https://reactjs.org/link/wrap-tests-with-act
    at AccountList (C:/Users/Admin/graceful_books/src/components/accounts/AccountList.tsx:11:3)

[90mstderr[2m | src/components/accounts/AccountList.test.tsx[2m > [22m[2mAccountList Component[2m > [22m[2mshould filter by search term
[22m[39mWarning: An update to AccountList inside a test was not wrapped in act(...).

When testing, code that causes React state updates should be wrapped into act(...):

act(() => {
  /* fire events that update state */
});
/* assert on the output */

This ensures that you're testing the behavior the user would see in the browser. Learn more at https://reactjs.org/link/wrap-tests-with-act
    at AccountList (C:/Users/Admin/graceful_books/src/components/accounts/AccountList.tsx:11:3)

[90mstderr[2m | src/components/accounts/AccountList.test.tsx[2m > [22m[2mAccountList Component[2m > [22m[2mshould filter by search term
[22m[39mWarning: An update to AccountList inside a test was not wrapped in act(...).

When testing, code that causes React state updates should be wrapped into act(...):

act(() => {
  /* fire events that update state */
});
/* assert on the output */

This ensures that you're testing the behavior the user would see in the browser. Learn more at https://reactjs.org/link/wrap-tests-with-act
    at AccountList (C:/Users/Admin/graceful_books/src/components/accounts/AccountList.tsx:11:3)

[90mstderr[2m | src/components/accounts/AccountList.test.tsx[2m > [22m[2mAccountList Component[2m > [22m[2mshould filter by type
[22m[39mWarning: An update to AccountList inside a test was not wrapped in act(...).

When testing, code that causes React state updates should be wrapped into act(...):

act(() => {
  /* fire events that update state */
});
/* assert on the output */

This ensures that you're testing the behavior the user would see in the browser. Learn more at https://reactjs.org/link/wrap-tests-with-act
    at AccountList (C:/Users/Admin/graceful_books/src/components/accounts/AccountList.tsx:11:3)

[90mstderr[2m | src/components/accounts/AccountList.test.tsx[2m > [22m[2mAccountList Component[2m > [22m[2mshould filter by type
[22m[39mWarning: An update to AccountList inside a test was not wrapped in act(...).

When testing, code that causes React state updates should be wrapped into act(...):

act(() => {
  /* fire events that update state */
});
/* assert on the output */

This ensures that you're testing the behavior the user would see in the browser. Learn more at https://reactjs.org/link/wrap-tests-with-act
    at AccountList (C:/Users/Admin/graceful_books/src/components/accounts/AccountList.tsx:11:3)

[90mstderr[2m | src/components/accounts/AccountList.test.tsx[2m > [22m[2mAccountList Component[2m > [22m[2mshould filter by status
[22m[39mWarning: An update to AccountList inside a test was not wrapped in act(...).

When testing, code that causes React state updates should be wrapped into act(...):

act(() => {
  /* fire events that update state */
});
/* assert on the output */

This ensures that you're testing the behavior the user would see in the browser. Learn more at https://reactjs.org/link/wrap-tests-with-act
    at AccountList (C:/Users/Admin/graceful_books/src/components/accounts/AccountList.tsx:11:3)

[90mstderr[2m | src/components/accounts/AccountList.test.tsx[2m > [22m[2mAccountList Component[2m > [22m[2mshould toggle between card and tree views
[22m[39mWarning: An update to AccountList inside a test was not wrapped in act(...).

When testing, code that causes React state updates should be wrapped into act(...):

act(() => {
  /* fire events that update state */
});
/* assert on the output */

This ensures that you're testing the behavior the user would see in the browser. Learn more at https://reactjs.org/link/wrap-tests-with-act
    at AccountList (C:/Users/Admin/graceful_books/src/components/accounts/AccountList.tsx:11:3)

[90mstdout[2m | src/services/auditLogExtended.perf.test.ts[2m > [22m[2mExtended Audit Log Performance Tests
[22m[39m[AuditLogExtended] Audit log search completed { total: [33m100000[39m, returned: [33m100[39m, executionTimeMs: [33m10453.487800000003[39m }

[90mstdout[2m | src/services/auditLogExtended.perf.test.ts[2m > [22m[2mExtended Audit Log Performance Tests
[22m[39m[AuditLogExtended] Starting audit log search { companyId: [32m'test-company'[39m, limit: [33m100[39m, offset: [33m1700[39m }

[90mstderr[2m | src/components/accounts/AccountList.test.tsx[2m > [22m[2mAccountList Component[2m > [22m[2mshould show empty state when no accounts match filters
[22m[39mWarning: An update to AccountList inside a test was not wrapped in act(...).

When testing, code that causes React state updates should be wrapped into act(...):

act(() => {
  /* fire events that update state */
});
/* assert on the output */

This ensures that you're testing the behavior the user would see in the browser. Learn more at https://reactjs.org/link/wrap-tests-with-act
    at AccountList (C:/Users/Admin/graceful_books/src/components/accounts/AccountList.tsx:11:3)

[90mstderr[2m | src/components/accounts/AccountList.test.tsx[2m > [22m[2mAccountList Component[2m > [22m[2mshould show empty state when no accounts match filters
[22m[39mWarning: An update to AccountList inside a test was not wrapped in act(...).

When testing, code that causes React state updates should be wrapped into act(...):

act(() => {
  /* fire events that update state */
});
/* assert on the output */

This ensures that you're testing the behavior the user would see in the browser. Learn more at https://reactjs.org/link/wrap-tests-with-act
    at AccountList (C:/Users/Admin/graceful_books/src/components/accounts/AccountList.tsx:11:3)

[90mstderr[2m | src/components/accounts/AccountList.test.tsx[2m > [22m[2mAccountList Component[2m > [22m[2mshould show empty state when no accounts match filters
[22m[39mWarning: An update to AccountList inside a test was not wrapped in act(...).

When testing, code that causes React state updates should be wrapped into act(...):

act(() => {
  /* fire events that update state */
});
/* assert on the output */

This ensures that you're testing the behavior the user would see in the browser. Learn more at https://reactjs.org/link/wrap-tests-with-act
    at AccountList (C:/Users/Admin/graceful_books/src/components/accounts/AccountList.tsx:11:3)

[90mstderr[2m | src/components/accounts/AccountList.test.tsx[2m > [22m[2mAccountList Component[2m > [22m[2mshould show empty state when no accounts match filters
[22m[39mWarning: An update to AccountList inside a test was not wrapped in act(...).

When testing, code that causes React state updates should be wrapped into act(...):

act(() => {
  /* fire events that update state */
});
/* assert on the output */

This ensures that you're testing the behavior the user would see in the browser. Learn more at https://reactjs.org/link/wrap-tests-with-act
    at AccountList (C:/Users/Admin/graceful_books/src/components/accounts/AccountList.tsx:11:3)

[90mstderr[2m | src/components/accounts/AccountList.test.tsx[2m > [22m[2mAccountList Component[2m > [22m[2mshould show empty state when no accounts match filters
[22m[39mWarning: An update to AccountList inside a test was not wrapped in act(...).

When testing, code that causes React state updates should be wrapped into act(...):

act(() => {
  /* fire events that update state */
});
/* assert on the output */

This ensures that you're testing the behavior the user would see in the browser. Learn more at https://reactjs.org/link/wrap-tests-with-act
    at AccountList (C:/Users/Admin/graceful_books/src/components/accounts/AccountList.tsx:11:3)

[90mstderr[2m | src/components/accounts/AccountList.test.tsx[2m > [22m[2mAccountList Component[2m > [22m[2mshould show empty state when no accounts match filters
[22m[39mWarning: An update to AccountList inside a test was not wrapped in act(...).

When testing, code that causes React state updates should be wrapped into act(...):

act(() => {
  /* fire events that update state */
});
/* assert on the output */

This ensures that you're testing the behavior the user would see in the browser. Learn more at https://reactjs.org/link/wrap-tests-with-act
    at AccountList (C:/Users/Admin/graceful_books/src/components/accounts/AccountList.tsx:11:3)

[90mstderr[2m | src/components/accounts/AccountList.test.tsx[2m > [22m[2mAccountList Component[2m > [22m[2mshould show empty state when no accounts match filters
[22m[39mWarning: An update to AccountList inside a test was not wrapped in act(...).

When testing, code that causes React state updates should be wrapped into act(...):

act(() => {
  /* fire events that update state */
});
/* assert on the output */

This ensures that you're testing the behavior the user would see in the browser. Learn more at https://reactjs.org/link/wrap-tests-with-act
    at AccountList (C:/Users/Admin/graceful_books/src/components/accounts/AccountList.tsx:11:3)

[90mstderr[2m | src/components/accounts/AccountList.test.tsx[2m > [22m[2mAccountList Component[2m > [22m[2mshould show empty state when no accounts match filters
[22m[39mWarning: An update to AccountList inside a test was not wrapped in act(...).

When testing, code that causes React state updates should be wrapped into act(...):

act(() => {
  /* fire events that update state */
});
/* assert on the output */

This ensures that you're testing the behavior the user would see in the browser. Learn more at https://reactjs.org/link/wrap-tests-with-act
    at AccountList (C:/Users/Admin/graceful_books/src/components/accounts/AccountList.tsx:11:3)

[90mstderr[2m | src/components/accounts/AccountList.test.tsx[2m > [22m[2mAccountList Component[2m > [22m[2mshould show empty state when no accounts match filters
[22m[39mWarning: An update to AccountList inside a test was not wrapped in act(...).

When testing, code that causes React state updates should be wrapped into act(...):

act(() => {
  /* fire events that update state */
});
/* assert on the output */

This ensures that you're testing the behavior the user would see in the browser. Learn more at https://reactjs.org/link/wrap-tests-with-act
    at AccountList (C:/Users/Admin/graceful_books/src/components/accounts/AccountList.tsx:11:3)

[90mstderr[2m | src/components/accounts/AccountList.test.tsx[2m > [22m[2mAccountList Component[2m > [22m[2mshould show empty state when no accounts match filters
[22m[39mWarning: An update to AccountList inside a test was not wrapped in act(...).

When testing, code that causes React state updates should be wrapped into act(...):

act(() => {
  /* fire events that update state */
});
/* assert on the output */

This ensures that you're testing the behavior the user would see in the browser. Learn more at https://reactjs.org/link/wrap-tests-with-act
    at AccountList (C:/Users/Admin/graceful_books/src/components/accounts/AccountList.tsx:11:3)

[90mstderr[2m | src/components/accounts/AccountList.test.tsx[2m > [22m[2mAccountList Component[2m > [22m[2mshould show empty state when no accounts match filters
[22m[39mWarning: An update to AccountList inside a test was not wrapped in act(...).

When testing, code that causes React state updates should be wrapped into act(...):

act(() => {
  /* fire events that update state */
});
/* assert on the output */

This ensures that you're testing the behavior the user would see in the browser. Learn more at https://reactjs.org/link/wrap-tests-with-act
    at AccountList (C:/Users/Admin/graceful_books/src/components/accounts/AccountList.tsx:11:3)

 [32m✓[39m src/components/accounts/AccountList.test.tsx [2m([22m[2m8 tests[22m[2m)[22m[33m 2298[2mms[22m[39m
     [33m[2m✓[22m[39m should filter by search term [33m 557[2mms[22m[39m
     [33m[2m✓[22m[39m should have no accessibility violations [33m 549[2mms[22m[39m
[90mstdout[2m | src/services/auditLogExtended.perf.test.ts[2m > [22m[2mExtended Audit Log Performance Tests
[22m[39mCleanup complete

[90mstdout[2m | src/services/auditLogExtended.perf.test.ts
[22m[39m[AuditLogExtended] Audit log search completed { total: [33m0[39m, returned: [33m0[39m, executionTimeMs: [33m3868.8807999999844[39m }

[90mstdout[2m | src/services/auditLogExtended.perf.test.ts
[22m[39m[AuditLogExtended] Starting audit log search { companyId: [32m'test-company'[39m, limit: [33m100[39m, offset: [33m1800[39m }

[90mstdout[2m | src/services/auditLogExtended.perf.test.ts
[22m[39m[AuditLogExtended] Audit log search completed { total: [33m0[39m, returned: [33m0[39m, executionTimeMs: [33m1.0707999999867752[39m }

[90mstdout[2m | src/services/auditLogExtended.perf.test.ts
[22m[39m[AuditLogExtended] Starting audit log search { companyId: [32m'test-company'[39m, limit: [33m100[39m, offset: [33m1900[39m }

[90mstdout[2m | src/services/auditLogExtended.perf.test.ts
[22m[39m[AuditLogExtended] Audit log search completed { total: [33m0[39m, returned: [33m0[39m, executionTimeMs: [33m1.0305999999982305[39m }

[90mstdout[2m | src/services/auditLogExtended.perf.test.ts
[22m[39m[AuditLogExtended] Starting audit log search { companyId: [32m'test-company'[39m, limit: [33m100[39m, offset: [33m2000[39m }

[90mstdout[2m | src/services/auditLogExtended.perf.test.ts
[22m[39m[AuditLogExtended] Audit log search completed { total: [33m0[39m, returned: [33m0[39m, executionTimeMs: [33m0.696300000010524[39m }

[90mstdout[2m | src/services/auditLogExtended.perf.test.ts
[22m[39mCompleted 21/100 iterations
[AuditLogExtended] Starting audit log search { companyId: [32m'test-company'[39m, limit: [33m100[39m, offset: [33m2100[39m }

[90mstdout[2m | src/services/auditLogExtended.perf.test.ts
[22m[39m[AuditLogExtended] Audit log search completed { total: [33m0[39m, returned: [33m0[39m, executionTimeMs: [33m1.1454000000376254[39m }

[90mstdout[2m | src/services/auditLogExtended.perf.test.ts
[22m[39m[AuditLogExtended] Starting audit log search { companyId: [32m'test-company'[39m, limit: [33m100[39m, offset: [33m2200[39m }

[90mstdout[2m | src/services/auditLogExtended.perf.test.ts
[22m[39m[AuditLogExtended] Audit log search completed { total: [33m0[39m, returned: [33m0[39m, executionTimeMs: [33m0.8218999999808148[39m }

[90mstdout[2m | src/services/auditLogExtended.perf.test.ts
[22m[39m[AuditLogExtended] Starting audit log search { companyId: [32m'test-company'[39m, limit: [33m100[39m, offset: [33m2300[39m }

[90mstdout[2m | src/services/auditLogExtended.perf.test.ts
[22m[39m[AuditLogExtended] Audit log search completed { total: [33m0[39m, returned: [33m0[39m, executionTimeMs: [33m0.8820999999879859[39m }

[90mstdout[2m | src/services/auditLogExtended.perf.test.ts
[22m[39m[AuditLogExtended] Starting audit log search { companyId: [32m'test-company'[39m, limit: [33m100[39m, offset: [33m2400[39m }

[90mstdout[2m | src/services/auditLogExtended.perf.test.ts
[22m[39m[AuditLogExtended] Audit log search completed { total: [33m0[39m, returned: [33m0[39m, executionTimeMs: [33m1.116199999989476[39m }

[90mstdout[2m | src/services/auditLogExtended.perf.test.ts
[22m[39m[AuditLogExtended] Starting audit log search { companyId: [32m'test-company'[39m, limit: [33m100[39m, offset: [33m2500[39m }

[90mstdout[2m | src/services/auditLogExtended.perf.test.ts
[22m[39m[AuditLogExtended] Audit log search completed { total: [33m0[39m, returned: [33m0[39m, executionTimeMs: [33m0.8364000000292435[39m }

[90mstdout[2m | src/services/auditLogExtended.perf.test.ts
[22m[39m[AuditLogExtended] Starting audit log search { companyId: [32m'test-company'[39m, limit: [33m100[39m, offset: [33m2600[39m }

[90mstdout[2m | src/services/auditLogExtended.perf.test.ts
[22m[39m[AuditLogExtended] Audit log search completed { total: [33m0[39m, returned: [33m0[39m, executionTimeMs: [33m0.8603000000002794[39m }

[90mstdout[2m | src/services/auditLogExtended.perf.test.ts
[22m[39m[AuditLogExtended] Starting audit log search { companyId: [32m'test-company'[39m, limit: [33m100[39m, offset: [33m2700[39m }

[90mstdout[2m | src/services/auditLogExtended.perf.test.ts
[22m[39m[AuditLogExtended] Audit log search completed { total: [33m0[39m, returned: [33m0[39m, executionTimeMs: [33m0.9677000000374392[39m }

[90mstdout[2m | src/services/auditLogExtended.perf.test.ts
[22m[39m[AuditLogExtended] Starting audit log search { companyId: [32m'test-company'[39m, limit: [33m100[39m, offset: [33m2800[39m }

[90mstdout[2m | src/services/auditLogExtended.perf.test.ts
[22m[39m[AuditLogExtended] Audit log search completed { total: [33m0[39m, returned: [33m0[39m, executionTimeMs: [33m0.8477999999886379[39m }

[90mstdout[2m | src/services/auditLogExtended.perf.test.ts
[22m[39m[AuditLogExtended] Starting audit log search { companyId: [32m'test-company'[39m, limit: [33m100[39m, offset: [33m2900[39m }

[90mstdout[2m | src/services/auditLogExtended.perf.test.ts
[22m[39m[AuditLogExtended] Audit log search completed { total: [33m0[39m, returned: [33m0[39m, executionTimeMs: [33m3.5324999999720603[39m }

[90mstdout[2m | src/services/auditLogExtended.perf.test.ts
[22m[39m[AuditLogExtended] Starting audit log search { companyId: [32m'test-company'[39m, limit: [33m100[39m, offset: [33m3000[39m }

[90mstdout[2m | src/services/auditLogExtended.perf.test.ts
[22m[39m[AuditLogExtended] Audit log search completed { total: [33m0[39m, returned: [33m0[39m, executionTimeMs: [33m0.6784999999799766[39m }

[90mstdout[2m | src/services/auditLogExtended.perf.test.ts
[22m[39m[AuditLogExtended] Starting audit log search { companyId: [32m'test-company'[39m, limit: [33m100[39m, offset: [33m3100[39m }

[90mstdout[2m | src/services/auditLogExtended.perf.test.ts
[22m[39m[AuditLogExtended] Audit log search completed { total: [33m0[39m, returned: [33m0[39m, executionTimeMs: [33m0.7294000000110827[39m }

[90mstdout[2m | src/services/auditLogExtended.perf.test.ts
[22m[39m[AuditLogExtended] Starting audit log search { companyId: [32m'test-company'[39m, limit: [33m100[39m, offset: [33m3200[39m }

[90mstdout[2m | src/services/auditLogExtended.perf.test.ts
[22m[39m[AuditLogExtended] Audit log search completed { total: [33m0[39m, returned: [33m0[39m, executionTimeMs: [33m0.7962999999872409[39m }

[90mstdout[2m | src/services/auditLogExtended.perf.test.ts
[22m[39m[AuditLogExtended] Starting audit log search { companyId: [32m'test-company'[39m, limit: [33m100[39m, offset: [33m3300[39m }

[90mstdout[2m | src/services/auditLogExtended.perf.test.ts
[22m[39m[AuditLogExtended] Audit log search completed { total: [33m0[39m, returned: [33m0[39m, executionTimeMs: [33m0.7642999999807216[39m }

[90mstdout[2m | src/services/auditLogExtended.perf.test.ts
[22m[39m[AuditLogExtended] Starting audit log search { companyId: [32m'test-company'[39m, limit: [33m100[39m, offset: [33m3400[39m }

[90mstdout[2m | src/services/auditLogExtended.perf.test.ts
[22m[39m[AuditLogExtended] Audit log search completed { total: [33m0[39m, returned: [33m0[39m, executionTimeMs: [33m0.6588999999803491[39m }

[90mstdout[2m | src/services/auditLogExtended.perf.test.ts
[22m[39m[AuditLogExtended] Starting audit log search { companyId: [32m'test-company'[39m, limit: [33m100[39m, offset: [33m3500[39m }

[90mstdout[2m | src/services/auditLogExtended.perf.test.ts
[22m[39m[AuditLogExtended] Audit log search completed { total: [33m0[39m, returned: [33m0[39m, executionTimeMs: [33m0.6820999999763444[39m }

[90mstdout[2m | src/services/auditLogExtended.perf.test.ts
[22m[39m[AuditLogExtended] Starting audit log search { companyId: [32m'test-company'[39m, limit: [33m100[39m, offset: [33m3600[39m }

[90mstdout[2m | src/services/auditLogExtended.perf.test.ts
[22m[39m[AuditLogExtended] Audit log search completed { total: [33m0[39m, returned: [33m0[39m, executionTimeMs: [33m0.7978000000002794[39m }

[90mstdout[2m | src/services/auditLogExtended.perf.test.ts
[22m[39m[AuditLogExtended] Starting audit log search { companyId: [32m'test-company'[39m, limit: [33m100[39m, offset: [33m3700[39m }

[90mstdout[2m | src/services/auditLogExtended.perf.test.ts
[22m[39m[AuditLogExtended] Audit log search completed { total: [33m0[39m, returned: [33m0[39m, executionTimeMs: [33m1.1103000000002794[39m }

[90mstdout[2m | src/services/auditLogExtended.perf.test.ts
[22m[39m[AuditLogExtended] Starting audit log search { companyId: [32m'test-company'[39m, limit: [33m100[39m, offset: [33m3800[39m }

[90mstdout[2m | src/services/auditLogExtended.perf.test.ts
[22m[39m[AuditLogExtended] Audit log search completed { total: [33m0[39m, returned: [33m0[39m, executionTimeMs: [33m0.7085000000079162[39m }

[90mstdout[2m | src/services/auditLogExtended.perf.test.ts
[22m[39m[AuditLogExtended] Starting audit log search { companyId: [32m'test-company'[39m, limit: [33m100[39m, offset: [33m3900[39m }

[90mstdout[2m | src/services/auditLogExtended.perf.test.ts
[22m[39m[AuditLogExtended] Audit log search completed { total: [33m0[39m, returned: [33m0[39m, executionTimeMs: [33m0.7236000000266358[39m }

[90mstdout[2m | src/services/auditLogExtended.perf.test.ts
[22m[39m[AuditLogExtended] Starting audit log search { companyId: [32m'test-company'[39m, limit: [33m100[39m, offset: [33m4000[39m }

[90mstdout[2m | src/services/auditLogExtended.perf.test.ts
[22m[39m[AuditLogExtended] Audit log search completed { total: [33m0[39m, returned: [33m0[39m, executionTimeMs: [33m2.3831999999820255[39m }

[90mstdout[2m | src/services/auditLogExtended.perf.test.ts
[22m[39mCompleted 41/100 iterations
[AuditLogExtended] Starting audit log search { companyId: [32m'test-company'[39m, limit: [33m100[39m, offset: [33m4100[39m }

[90mstdout[2m | src/services/auditLogExtended.perf.test.ts
[22m[39m[AuditLogExtended] Audit log search completed { total: [33m0[39m, returned: [33m0[39m, executionTimeMs: [33m0.7444000000250526[39m }

[90mstdout[2m | src/services/auditLogExtended.perf.test.ts
[22m[39m[AuditLogExtended] Starting audit log search { companyId: [32m'test-company'[39m, limit: [33m100[39m, offset: [33m4200[39m }

[90mstdout[2m | src/services/auditLogExtended.perf.test.ts
[22m[39m[AuditLogExtended] Audit log search completed { total: [33m0[39m, returned: [33m0[39m, executionTimeMs: [33m0.5709999999962747[39m }

[90mstdout[2m | src/services/auditLogExtended.perf.test.ts
[22m[39m[AuditLogExtended] Starting audit log search { companyId: [32m'test-company'[39m, limit: [33m100[39m, offset: [33m4300[39m }

[90mstdout[2m | src/services/auditLogExtended.perf.test.ts
[22m[39m[AuditLogExtended] Audit log search completed { total: [33m0[39m, returned: [33m0[39m, executionTimeMs: [33m0.5263999999733642[39m }

[90mstdout[2m | src/services/auditLogExtended.perf.test.ts
[22m[39m[AuditLogExtended] Starting audit log search { companyId: [32m'test-company'[39m, limit: [33m100[39m, offset: [33m4400[39m }

[90mstdout[2m | src/services/auditLogExtended.perf.test.ts
[22m[39m[AuditLogExtended] Audit log search completed { total: [33m0[39m, returned: [33m0[39m, executionTimeMs: [33m0.5317999999970198[39m }

[90mstdout[2m | src/services/auditLogExtended.perf.test.ts
[22m[39m[AuditLogExtended] Starting audit log search { companyId: [32m'test-company'[39m, limit: [33m100[39m, offset: [33m4500[39m }

[90mstdout[2m | src/services/auditLogExtended.perf.test.ts
[22m[39m[AuditLogExtended] Audit log search completed { total: [33m0[39m, returned: [33m0[39m, executionTimeMs: [33m1.489000000001397[39m }

[90mstdout[2m | src/services/auditLogExtended.perf.test.ts
[22m[39m[AuditLogExtended] Starting audit log search { companyId: [32m'test-company'[39m, limit: [33m100[39m, offset: [33m4600[39m }

[90mstdout[2m | src/services/auditLogExtended.perf.test.ts
[22m[39m[AuditLogExtended] Audit log search completed { total: [33m0[39m, returned: [33m0[39m, executionTimeMs: [33m0.6305999999749474[39m }

[90mstdout[2m | src/services/auditLogExtended.perf.test.ts
[22m[39m[AuditLogExtended] Starting audit log search { companyId: [32m'test-company'[39m, limit: [33m100[39m, offset: [33m4700[39m }

[90mstdout[2m | src/services/auditLogExtended.perf.test.ts
[22m[39m[AuditLogExtended] Audit log search completed { total: [33m0[39m, returned: [33m0[39m, executionTimeMs: [33m0.5346000000135973[39m }

[90mstdout[2m | src/services/auditLogExtended.perf.test.ts
[22m[39m[AuditLogExtended] Starting audit log search { companyId: [32m'test-company'[39m, limit: [33m100[39m, offset: [33m4800[39m }

[90mstdout[2m | src/services/auditLogExtended.perf.test.ts
[22m[39m[AuditLogExtended] Audit log search completed { total: [33m0[39m, returned: [33m0[39m, executionTimeMs: [33m0.5155999999842606[39m }

[90mstdout[2m | src/services/auditLogExtended.perf.test.ts
[22m[39m[AuditLogExtended] Starting audit log search { companyId: [32m'test-company'[39m, limit: [33m100[39m, offset: [33m4900[39m }

[90mstdout[2m | src/services/auditLogExtended.perf.test.ts
[22m[39m[AuditLogExtended] Audit log search completed { total: [33m0[39m, returned: [33m0[39m, executionTimeMs: [33m0.8335000000079162[39m }

[90mstdout[2m | src/services/auditLogExtended.perf.test.ts
[22m[39m[AuditLogExtended] Starting audit log search { companyId: [32m'test-company'[39m, limit: [33m100[39m, offset: [33m5000[39m }

[90mstdout[2m | src/services/auditLogExtended.perf.test.ts
[22m[39m[AuditLogExtended] Audit log search completed { total: [33m0[39m, returned: [33m0[39m, executionTimeMs: [33m1.29759999999078[39m }

[90mstdout[2m | src/services/auditLogExtended.perf.test.ts
[22m[39m[AuditLogExtended] Starting audit log search { companyId: [32m'test-company'[39m, limit: [33m100[39m, offset: [33m5100[39m }

[90mstdout[2m | src/services/auditLogExtended.perf.test.ts
[22m[39m[AuditLogExtended] Audit log search completed { total: [33m0[39m, returned: [33m0[39m, executionTimeMs: [33m0.9972000000416301[39m }

[90mstdout[2m | src/services/auditLogExtended.perf.test.ts
[22m[39m[AuditLogExtended] Starting audit log search { companyId: [32m'test-company'[39m, limit: [33m100[39m, offset: [33m5200[39m }

[90mstdout[2m | src/services/auditLogExtended.perf.test.ts
[22m[39m[AuditLogExtended] Audit log search completed { total: [33m0[39m, returned: [33m0[39m, executionTimeMs: [33m0.8033000000286847[39m }

[90mstdout[2m | src/services/auditLogExtended.perf.test.ts
[22m[39m[AuditLogExtended] Starting audit log search { companyId: [32m'test-company'[39m, limit: [33m100[39m, offset: [33m5300[39m }

[90mstdout[2m | src/services/auditLogExtended.perf.test.ts
[22m[39m[AuditLogExtended] Audit log search completed { total: [33m0[39m, returned: [33m0[39m, executionTimeMs: [33m3.8378999999840744[39m }

[90mstdout[2m | src/services/auditLogExtended.perf.test.ts
[22m[39m[AuditLogExtended] Starting audit log search { companyId: [32m'test-company'[39m, limit: [33m100[39m, offset: [33m5400[39m }

[90mstdout[2m | src/services/auditLogExtended.perf.test.ts
[22m[39m[AuditLogExtended] Audit log search completed { total: [33m0[39m, returned: [33m0[39m, executionTimeMs: [33m0.9695000000065193[39m }

[90mstdout[2m | src/services/auditLogExtended.perf.test.ts
[22m[39m[AuditLogExtended] Starting audit log search { companyId: [32m'test-company'[39m, limit: [33m100[39m, offset: [33m5500[39m }

[90mstdout[2m | src/services/auditLogExtended.perf.test.ts
[22m[39m[AuditLogExtended] Audit log search completed { total: [33m0[39m, returned: [33m0[39m, executionTimeMs: [33m0.9976000000024214[39m }

[90mstdout[2m | src/services/auditLogExtended.perf.test.ts
[22m[39m[AuditLogExtended] Starting audit log search { companyId: [32m'test-company'[39m, limit: [33m100[39m, offset: [33m5600[39m }

[90mstdout[2m | src/services/auditLogExtended.perf.test.ts
[22m[39m[AuditLogExtended] Audit log search completed { total: [33m0[39m, returned: [33m0[39m, executionTimeMs: [33m1.1316000000224449[39m }

[90mstdout[2m | src/services/auditLogExtended.perf.test.ts
[22m[39m[AuditLogExtended] Starting audit log search { companyId: [32m'test-company'[39m, limit: [33m100[39m, offset: [33m5700[39m }

[90mstdout[2m | src/services/auditLogExtended.perf.test.ts
[22m[39m[AuditLogExtended] Audit log search completed { total: [33m0[39m, returned: [33m0[39m, executionTimeMs: [33m3.4873999999836087[39m }

[90mstdout[2m | src/services/auditLogExtended.perf.test.ts
[22m[39m[AuditLogExtended] Starting audit log search { companyId: [32m'test-company'[39m, limit: [33m100[39m, offset: [33m5800[39m }

[90mstdout[2m | src/services/auditLogExtended.perf.test.ts
[22m[39m[AuditLogExtended] Audit log search completed { total: [33m0[39m, returned: [33m0[39m, executionTimeMs: [33m0.79480000003241[39m }

[90mstdout[2m | src/services/auditLogExtended.perf.test.ts
[22m[39m[AuditLogExtended] Starting audit log search { companyId: [32m'test-company'[39m, limit: [33m100[39m, offset: [33m5900[39m }

[90mstdout[2m | src/services/auditLogExtended.perf.test.ts
[22m[39m[AuditLogExtended] Audit log search completed { total: [33m0[39m, returned: [33m0[39m, executionTimeMs: [33m0.6399999999557622[39m }

[90mstdout[2m | src/services/auditLogExtended.perf.test.ts
[22m[39m[AuditLogExtended] Starting audit log search { companyId: [32m'test-company'[39m, limit: [33m100[39m, offset: [33m6000[39m }

[90mstdout[2m | src/services/auditLogExtended.perf.test.ts
[22m[39m[AuditLogExtended] Audit log search completed { total: [33m0[39m, returned: [33m0[39m, executionTimeMs: [33m0.9529999999795109[39m }

[90mstdout[2m | src/services/auditLogExtended.perf.test.ts
[22m[39mCompleted 61/100 iterations
[AuditLogExtended] Starting audit log search { companyId: [32m'test-company'[39m, limit: [33m100[39m, offset: [33m6100[39m }

[90mstdout[2m | src/services/auditLogExtended.perf.test.ts
[22m[39m[AuditLogExtended] Audit log search completed { total: [33m0[39m, returned: [33m0[39m, executionTimeMs: [33m1.34509999997681[39m }

[90mstdout[2m | src/services/auditLogExtended.perf.test.ts
[22m[39m[AuditLogExtended] Starting audit log search { companyId: [32m'test-company'[39m, limit: [33m100[39m, offset: [33m6200[39m }

[90mstdout[2m | src/services/auditLogExtended.perf.test.ts
[22m[39m[AuditLogExtended] Audit log search completed { total: [33m0[39m, returned: [33m0[39m, executionTimeMs: [33m1.0596999999834225[39m }

[90mstdout[2m | src/services/auditLogExtended.perf.test.ts
[22m[39m[AuditLogExtended] Starting audit log search { companyId: [32m'test-company'[39m, limit: [33m100[39m, offset: [33m6300[39m }

[90mstdout[2m | src/services/auditLogExtended.perf.test.ts
[22m[39m[AuditLogExtended] Audit log search completed { total: [33m0[39m, returned: [33m0[39m, executionTimeMs: [33m1.2159000000101514[39m }

[90mstdout[2m | src/services/auditLogExtended.perf.test.ts
[22m[39m[AuditLogExtended] Starting audit log search { companyId: [32m'test-company'[39m, limit: [33m100[39m, offset: [33m6400[39m }

[90mstdout[2m | src/services/auditLogExtended.perf.test.ts
[22m[39m[AuditLogExtended] Audit log search completed { total: [33m0[39m, returned: [33m0[39m, executionTimeMs: [33m0.9394999999785796[39m }

[90mstdout[2m | src/services/auditLogExtended.perf.test.ts
[22m[39m[AuditLogExtended] Starting audit log search { companyId: [32m'test-company'[39m, limit: [33m100[39m, offset: [33m6500[39m }

[90mstdout[2m | src/services/auditLogExtended.perf.test.ts
[22m[39m[AuditLogExtended] Audit log search completed { total: [33m0[39m, returned: [33m0[39m, executionTimeMs: [33m1.4773999999742955[39m }

[90mstdout[2m | src/services/auditLogExtended.perf.test.ts
[22m[39m[AuditLogExtended] Starting audit log search { companyId: [32m'test-company'[39m, limit: [33m100[39m, offset: [33m6600[39m }

[90mstdout[2m | src/services/auditLogExtended.perf.test.ts
[22m[39m[AuditLogExtended] Audit log search completed { total: [33m0[39m, returned: [33m0[39m, executionTimeMs: [33m1.524199999985285[39m }

[90mstdout[2m | src/services/auditLogExtended.perf.test.ts
[22m[39m[AuditLogExtended] Starting audit log search { companyId: [32m'test-company'[39m, limit: [33m100[39m, offset: [33m6700[39m }

[90mstdout[2m | src/services/auditLogExtended.perf.test.ts
[22m[39m[AuditLogExtended] Audit log search completed { total: [33m0[39m, returned: [33m0[39m, executionTimeMs: [33m0.8624999999883585[39m }

[90mstdout[2m | src/services/auditLogExtended.perf.test.ts
[22m[39m[AuditLogExtended] Starting audit log search { companyId: [32m'test-company'[39m, limit: [33m100[39m, offset: [33m6800[39m }

[90mstdout[2m | src/services/auditLogExtended.perf.test.ts
[22m[39m[AuditLogExtended] Audit log search completed { total: [33m0[39m, returned: [33m0[39m, executionTimeMs: [33m1.6547000000136904[39m }

[90mstdout[2m | src/services/auditLogExtended.perf.test.ts
[22m[39m[AuditLogExtended] Starting audit log search { companyId: [32m'test-company'[39m, limit: [33m100[39m, offset: [33m6900[39m }

[90mstdout[2m | src/services/auditLogExtended.perf.test.ts
[22m[39m[AuditLogExtended] Audit log search completed { total: [33m0[39m, returned: [33m0[39m, executionTimeMs: [33m4.741299999994226[39m }

[90mstdout[2m | src/services/auditLogExtended.perf.test.ts
[22m[39m[AuditLogExtended] Starting audit log search { companyId: [32m'test-company'[39m, limit: [33m100[39m, offset: [33m7000[39m }

[90mstdout[2m | src/services/auditLogExtended.perf.test.ts
[22m[39m[AuditLogExtended] Audit log search completed { total: [33m0[39m, returned: [33m0[39m, executionTimeMs: [33m1.4354000000166707[39m }

[90mstdout[2m | src/services/auditLogExtended.perf.test.ts
[22m[39m[AuditLogExtended] Starting audit log search { companyId: [32m'test-company'[39m, limit: [33m100[39m, offset: [33m7100[39m }

[90mstdout[2m | src/services/auditLogExtended.perf.test.ts
[22m[39m[AuditLogExtended] Audit log search completed { total: [33m0[39m, returned: [33m0[39m, executionTimeMs: [33m1.7620999999926426[39m }

[90mstdout[2m | src/services/auditLogExtended.perf.test.ts
[22m[39m[AuditLogExtended] Starting audit log search { companyId: [32m'test-company'[39m, limit: [33m100[39m, offset: [33m7200[39m }

[90mstdout[2m | src/services/auditLogExtended.perf.test.ts
[22m[39m[AuditLogExtended] Audit log search completed { total: [33m0[39m, returned: [33m0[39m, executionTimeMs: [33m0.7525999999488704[39m }

[90mstdout[2m | src/services/auditLogExtended.perf.test.ts
[22m[39m[AuditLogExtended] Starting audit log search { companyId: [32m'test-company'[39m, limit: [33m100[39m, offset: [33m7300[39m }

[90mstdout[2m | src/services/auditLogExtended.perf.test.ts
[22m[39m[AuditLogExtended] Audit log search completed { total: [33m0[39m, returned: [33m0[39m, executionTimeMs: [33m2.2771000000066124[39m }

[90mstdout[2m | src/services/auditLogExtended.perf.test.ts
[22m[39m[AuditLogExtended] Starting audit log search { companyId: [32m'test-company'[39m, limit: [33m100[39m, offset: [33m7400[39m }

[90mstdout[2m | src/services/auditLogExtended.perf.test.ts
[22m[39m[AuditLogExtended] Audit log search completed { total: [33m0[39m, returned: [33m0[39m, executionTimeMs: [33m1.3163999999524094[39m }

[90mstdout[2m | src/services/auditLogExtended.perf.test.ts
[22m[39m[AuditLogExtended] Starting audit log search { companyId: [32m'test-company'[39m, limit: [33m100[39m, offset: [33m7500[39m }

[90mstdout[2m | src/services/auditLogExtended.perf.test.ts
[22m[39m[AuditLogExtended] Audit log search completed { total: [33m0[39m, returned: [33m0[39m, executionTimeMs: [33m0.7476000000024214[39m }

[90mstdout[2m | src/services/auditLogExtended.perf.test.ts
[22m[39m[AuditLogExtended] Starting audit log search { companyId: [32m'test-company'[39m, limit: [33m100[39m, offset: [33m7600[39m }

[90mstdout[2m | src/services/auditLogExtended.perf.test.ts
[22m[39m[AuditLogExtended] Audit log search completed { total: [33m0[39m, returned: [33m0[39m, executionTimeMs: [33m1.0196999999461696[39m }

[90mstdout[2m | src/services/auditLogExtended.perf.test.ts
[22m[39m[AuditLogExtended] Starting audit log search { companyId: [32m'test-company'[39m, limit: [33m100[39m, offset: [33m7700[39m }

[90mstdout[2m | src/services/auditLogExtended.perf.test.ts
[22m[39m[AuditLogExtended] Audit log search completed { total: [33m0[39m, returned: [33m0[39m, executionTimeMs: [33m4.511999999987893[39m }

[90mstdout[2m | src/services/auditLogExtended.perf.test.ts
[22m[39m[AuditLogExtended] Starting audit log search { companyId: [32m'test-company'[39m, limit: [33m100[39m, offset: [33m7800[39m }

[90mstdout[2m | src/services/auditLogExtended.perf.test.ts
[22m[39m[AuditLogExtended] Audit log search completed { total: [33m0[39m, returned: [33m0[39m, executionTimeMs: [33m1.311699999962002[39m }

[90mstdout[2m | src/services/auditLogExtended.perf.test.ts
[22m[39m[AuditLogExtended] Starting audit log search { companyId: [32m'test-company'[39m, limit: [33m100[39m, offset: [33m7900[39m }

[90mstdout[2m | src/services/auditLogExtended.perf.test.ts
[22m[39m[AuditLogExtended] Audit log search completed { total: [33m0[39m, returned: [33m0[39m, executionTimeMs: [33m1.3990000000339933[39m }

[90mstdout[2m | src/services/auditLogExtended.perf.test.ts
[22m[39m[AuditLogExtended] Starting audit log search { companyId: [32m'test-company'[39m, limit: [33m100[39m, offset: [33m8000[39m }

[90mstdout[2m | src/services/auditLogExtended.perf.test.ts
[22m[39m[AuditLogExtended] Audit log search completed { total: [33m0[39m, returned: [33m0[39m, executionTimeMs: [33m0.6217999999644235[39m }

[90mstdout[2m | src/services/auditLogExtended.perf.test.ts
[22m[39mCompleted 81/100 iterations
[AuditLogExtended] Starting audit log search { companyId: [32m'test-company'[39m, limit: [33m100[39m, offset: [33m8100[39m }

[90mstdout[2m | src/services/auditLogExtended.perf.test.ts
[22m[39m[AuditLogExtended] Audit log search completed { total: [33m0[39m, returned: [33m0[39m, executionTimeMs: [33m1.2560999999986961[39m }

[90mstdout[2m | src/services/auditLogExtended.perf.test.ts
[22m[39m[AuditLogExtended] Starting audit log search { companyId: [32m'test-company'[39m, limit: [33m100[39m, offset: [33m8200[39m }

[90mstdout[2m | src/services/auditLogExtended.perf.test.ts
[22m[39m[AuditLogExtended] Audit log search completed { total: [33m0[39m, returned: [33m0[39m, executionTimeMs: [33m1.0463999999919906[39m }

[90mstdout[2m | src/services/auditLogExtended.perf.test.ts
[22m[39m[AuditLogExtended] Starting audit log search { companyId: [32m'test-company'[39m, limit: [33m100[39m, offset: [33m8300[39m }

[90mstdout[2m | src/services/auditLogExtended.perf.test.ts
[22m[39m[AuditLogExtended] Audit log search completed { total: [33m0[39m, returned: [33m0[39m, executionTimeMs: [33m1.2841999999945983[39m }

[90mstdout[2m | src/services/auditLogExtended.perf.test.ts
[22m[39m[AuditLogExtended] Starting audit log search { companyId: [32m'test-company'[39m, limit: [33m100[39m, offset: [33m8400[39m }

[90mstdout[2m | src/services/auditLogExtended.perf.test.ts
[22m[39m[AuditLogExtended] Audit log search completed { total: [33m0[39m, returned: [33m0[39m, executionTimeMs: [33m1.2136999999638647[39m }

[90mstdout[2m | src/services/auditLogExtended.perf.test.ts
[22m[39m[AuditLogExtended] Starting audit log search { companyId: [32m'test-company'[39m, limit: [33m100[39m, offset: [33m8500[39m }

[90mstdout[2m | src/services/auditLogExtended.perf.test.ts
[22m[39m[AuditLogExtended] Audit log search completed { total: [33m0[39m, returned: [33m0[39m, executionTimeMs: [33m2.1871999999857508[39m }

[90mstdout[2m | src/services/auditLogExtended.perf.test.ts
[22m[39m[AuditLogExtended] Starting audit log search { companyId: [32m'test-company'[39m, limit: [33m100[39m, offset: [33m8600[39m }

[90mstdout[2m | src/services/auditLogExtended.perf.test.ts
[22m[39m[AuditLogExtended] Audit log search completed { total: [33m0[39m, returned: [33m0[39m, executionTimeMs: [33m1.1830999999656342[39m }

[90mstdout[2m | src/services/auditLogExtended.perf.test.ts
[22m[39m[AuditLogExtended] Starting audit log search { companyId: [32m'test-company'[39m, limit: [33m100[39m, offset: [33m8700[39m }

[90mstdout[2m | src/services/auditLogExtended.perf.test.ts
[22m[39m[AuditLogExtended] Audit log search completed { total: [33m0[39m, returned: [33m0[39m, executionTimeMs: [33m1.3179999999701977[39m }

[90mstdout[2m | src/services/auditLogExtended.perf.test.ts
[22m[39m[AuditLogExtended] Starting audit log search { companyId: [32m'test-company'[39m, limit: [33m100[39m, offset: [33m8800[39m }

[90mstdout[2m | src/services/auditLogExtended.perf.test.ts
[22m[39m[AuditLogExtended] Audit log search completed { total: [33m0[39m, returned: [33m0[39m, executionTimeMs: [33m1.3677000000025146[39m }

[90mstdout[2m | src/services/auditLogExtended.perf.test.ts
[22m[39m[AuditLogExtended] Starting audit log search { companyId: [32m'test-company'[39m, limit: [33m100[39m, offset: [33m8900[39m }

[90mstdout[2m | src/services/auditLogExtended.perf.test.ts
[22m[39m[AuditLogExtended] Audit log search completed { total: [33m0[39m, returned: [33m0[39m, executionTimeMs: [33m1.3188000000081956[39m }

[90mstdout[2m | src/services/auditLogExtended.perf.test.ts
[22m[39m[AuditLogExtended] Starting audit log search { companyId: [32m'test-company'[39m, limit: [33m100[39m, offset: [33m9000[39m }

[90mstdout[2m | src/services/auditLogExtended.perf.test.ts
[22m[39m[AuditLogExtended] Audit log search completed { total: [33m0[39m, returned: [33m0[39m, executionTimeMs: [33m1.183400000038091[39m }

[90mstdout[2m | src/services/auditLogExtended.perf.test.ts
[22m[39m[AuditLogExtended] Starting audit log search { companyId: [32m'test-company'[39m, limit: [33m100[39m, offset: [33m9100[39m }

[90mstdout[2m | src/services/auditLogExtended.perf.test.ts
[22m[39m[AuditLogExtended] Audit log search completed { total: [33m0[39m, returned: [33m0[39m, executionTimeMs: [33m1.4862999999895692[39m }

[90mstdout[2m | src/services/auditLogExtended.perf.test.ts
[22m[39m[AuditLogExtended] Starting audit log search { companyId: [32m'test-company'[39m, limit: [33m100[39m, offset: [33m9200[39m }

[90mstdout[2m | src/services/auditLogExtended.perf.test.ts
[22m[39m[AuditLogExtended] Audit log search completed { total: [33m0[39m, returned: [33m0[39m, executionTimeMs: [33m0.997399999992922[39m }

[90mstdout[2m | src/services/auditLogExtended.perf.test.ts
[22m[39m[AuditLogExtended] Starting audit log search { companyId: [32m'test-company'[39m, limit: [33m100[39m, offset: [33m9300[39m }

[90mstdout[2m | src/services/auditLogExtended.perf.test.ts
[22m[39m[AuditLogExtended] Audit log search completed { total: [33m0[39m, returned: [33m0[39m, executionTimeMs: [33m0.648700000019744[39m }

[90mstdout[2m | src/services/auditLogExtended.perf.test.ts
[22m[39m[AuditLogExtended] Starting audit log search { companyId: [32m'test-company'[39m, limit: [33m100[39m, offset: [33m9400[39m }

[90mstdout[2m | src/services/auditLogExtended.perf.test.ts
[22m[39m[AuditLogExtended] Audit log search completed { total: [33m0[39m, returned: [33m0[39m, executionTimeMs: [33m1.780399999988731[39m }

[90mstdout[2m | src/services/auditLogExtended.perf.test.ts
[22m[39m[AuditLogExtended] Starting audit log search { companyId: [32m'test-company'[39m, limit: [33m100[39m, offset: [33m9500[39m }

[90mstdout[2m | src/services/auditLogExtended.perf.test.ts
[22m[39m[AuditLogExtended] Audit log search completed { total: [33m0[39m, returned: [33m0[39m, executionTimeMs: [33m0.8997000000090338[39m }

[90mstdout[2m | src/services/auditLogExtended.perf.test.ts
[22m[39m[AuditLogExtended] Starting audit log search { companyId: [32m'test-company'[39m, limit: [33m100[39m, offset: [33m9600[39m }

[90mstdout[2m | src/services/auditLogExtended.perf.test.ts
[22m[39m[AuditLogExtended] Audit log search completed { total: [33m0[39m, returned: [33m0[39m, executionTimeMs: [33m0.7587999999523163[39m }

[90mstdout[2m | src/services/auditLogExtended.perf.test.ts
[22m[39m[AuditLogExtended] Starting audit log search { companyId: [32m'test-company'[39m, limit: [33m100[39m, offset: [33m9700[39m }

[90mstdout[2m | src/services/auditLogExtended.perf.test.ts
[22m[39m[AuditLogExtended] Audit log search completed { total: [33m0[39m, returned: [33m0[39m, executionTimeMs: [33m0.7273000000277534[39m }

[90mstdout[2m | src/services/auditLogExtended.perf.test.ts
[22m[39m[AuditLogExtended] Starting audit log search { companyId: [32m'test-company'[39m, limit: [33m100[39m, offset: [33m9800[39m }

[90mstdout[2m | src/services/auditLogExtended.perf.test.ts
[22m[39m[AuditLogExtended] Audit log search completed { total: [33m0[39m, returned: [33m0[39m, executionTimeMs: [33m0.7324000000371598[39m }

[90mstdout[2m | src/services/auditLogExtended.perf.test.ts
[22m[39m[AuditLogExtended] Starting audit log search { companyId: [32m'test-company'[39m, limit: [33m100[39m, offset: [33m9900[39m }

[90mstdout[2m | src/services/auditLogExtended.perf.test.ts
[22m[39m[AuditLogExtended] Audit log search completed { total: [33m0[39m, returned: [33m0[39m, executionTimeMs: [33m0.7433999999775551[39m }

 [31m❯[39m src/services/auditLogExtended.perf.test.ts [2m([22m[2m19 tests[22m[2m | [22m[31m17 failed[39m[2m)[22m[33m 438666[2mms[22m[39m
[31m       [31m×[31m should search all logs in <200ms[39m[33m 5072[2mms[22m[39m
[31m       [31m×[31m should perform date range search in <200ms[39m[33m 853[2mms[22m[39m
[31m       [31m×[31m should perform full-text search in <200ms[39m[33m 4901[2mms[22m[39m
[31m       [31m×[31m should perform complex filtered search in <200ms[39m[33m 811[2mms[22m[39m
[31m       [31m×[31m should handle pagination efficiently[39m[33m 6202[2mms[22m[39m
[31m       [31m×[31m should generate daily timeline in <200ms[39m[33m 768[2mms[22m[39m
       [32m✓[39m should generate hourly timeline in <200ms[32m 84[2mms[22m[39m
[31m       [31m×[31m should generate weekly timeline in <200ms[39m[33m 5031[2mms[22m[39m
[31m       [31m×[31m should generate monthly timeline in <200ms[39m[33m 9577[2mms[22m[39m
[31m       [31m×[31m should export 1,000 logs to CSV in reasonable time[39m[33m 6180[2mms[22m[39m
[31m       [31m×[31m should export 10,000 logs to CSV in reasonable time[39m[33m 6698[2mms[22m[39m
[31m       [31m×[31m should export 1,000 logs to PDF data in reasonable time[39m[33m 7081[2mms[22m[39m
       [33m[2m✓[22m[39m should handle filtered export efficiently [33m 762[2mms[22m[39m
[31m       [31m×[31m should generate statistics in <200ms[39m[33m 6200[2mms[22m[39m
[31m       [31m×[31m should generate date-filtered statistics in <200ms[39m[33m 862[2mms[22m[39m
[31m       [31m×[31m should handle multiple concurrent searches efficiently[39m[33m 56936[2mms[22m[39m
[31m       [31m×[31m should handle mixed concurrent operations[39m[33m 18949[2mms[22m[39m
[31m       [31m×[31m should not leak memory during repeated operations[39m[33m 89277[2mms[22m[39m
[31m       [31m×[31m should handle large result sets without crashing[39m[33m 10343[2mms[22m[39m
[90mstderr[2m | src/pages/reports/ProfitLoss.test.tsx[2m > [22m[2mProfit & Loss Report Page[2m > [22m[2mRendering[2m > [22m[2mshould render page header
[22m[39m⚠️ React Router Future Flag Warning: React Router will begin wrapping state updates in `React.startTransition` in v7. You can use the `v7_startTransition` future flag to opt-in early. For more information, see https://reactrouter.com/v6/upgrading/future#v7_starttransition.
⚠️ React Router Future Flag Warning: Relative route resolution within Splat routes is changing in v7. You can use the `v7_relativeSplatPath` future flag to opt-in early. For more information, see https://reactrouter.com/v6/upgrading/future#v7_relativesplatpath.
Warning: An update to ProfitLoss inside a test was not wrapped in act(...).

When testing, code that causes React state updates should be wrapped into act(...):

act(() => {
  /* fire events that update state */
});
/* assert on the output */

This ensures that you're testing the behavior the user would see in the browser. Learn more at https://reactjs.org/link/wrap-tests-with-act
    at ProfitLoss (C:/Users/Admin/graceful_books/src/pages/reports/ProfitLoss.tsx:19:73)
    at Router (C:\Users\Admin\graceful_books\node_modules\react-router\dist\umd\react-router.development.js:1207:17)
    at BrowserRouter (C:\Users\Admin\graceful_books\node_modules\react-router-dom\dist\umd\react-router-dom.development.js:695:7)
Warning: An update to ProfitLoss inside a test was not wrapped in act(...).

When testing, code that causes React state updates should be wrapped into act(...):

act(() => {
  /* fire events that update state */
});
/* assert on the output */

This ensures that you're testing the behavior the user would see in the browser. Learn more at https://reactjs.org/link/wrap-tests-with-act
    at ProfitLoss (C:/Users/Admin/graceful_books/src/pages/reports/ProfitLoss.tsx:19:73)
    at Router (C:\Users\Admin\graceful_books\node_modules\react-router\dist\umd\react-router.development.js:1207:17)
    at BrowserRouter (C:\Users\Admin\graceful_books\node_modules\react-router-dom\dist\umd\react-router-dom.development.js:695:7)

[90mstderr[2m | src/pages/reports/ProfitLoss.test.tsx[2m > [22m[2mProfit & Loss Report Page[2m > [22m[2mRendering[2m > [22m[2mshould render date range selector
[22m[39mWarning: An update to ProfitLoss inside a test was not wrapped in act(...).

When testing, code that causes React state updates should be wrapped into act(...):

act(() => {
  /* fire events that update state */
});
/* assert on the output */

This ensures that you're testing the behavior the user would see in the browser. Learn more at https://reactjs.org/link/wrap-tests-with-act
    at ProfitLoss (C:/Users/Admin/graceful_books/src/pages/reports/ProfitLoss.tsx:19:73)
    at Router (C:\Users\Admin\graceful_books\node_modules\react-router\dist\umd\react-router.development.js:1207:17)
    at BrowserRouter (C:\Users\Admin\graceful_books\node_modules\react-router-dom\dist\umd\react-router-dom.development.js:695:7)
Warning: An update to ProfitLoss inside a test was not wrapped in act(...).

When testing, code that causes React state updates should be wrapped into act(...):

act(() => {
  /* fire events that update state */
});
/* assert on the output */

This ensures that you're testing the behavior the user would see in the browser. Learn more at https://reactjs.org/link/wrap-tests-with-act
    at ProfitLoss (C:/Users/Admin/graceful_books/src/pages/reports/ProfitLoss.tsx:19:73)
    at Router (C:\Users\Admin\graceful_books\node_modules\react-router\dist\umd\react-router.development.js:1207:17)
    at BrowserRouter (C:\Users\Admin\graceful_books\node_modules\react-router-dom\dist\umd\react-router-dom.development.js:695:7)

[90mstderr[2m | src/pages/reports/ProfitLoss.test.tsx[2m > [22m[2mProfit & Loss Report Page[2m > [22m[2mRendering[2m > [22m[2mshould render comparison selector
[22m[39mWarning: An update to ProfitLoss inside a test was not wrapped in act(...).

When testing, code that causes React state updates should be wrapped into act(...):

act(() => {
  /* fire events that update state */
});
/* assert on the output */

This ensures that you're testing the behavior the user would see in the browser. Learn more at https://reactjs.org/link/wrap-tests-with-act
    at ProfitLoss (C:/Users/Admin/graceful_books/src/pages/reports/ProfitLoss.tsx:19:73)
    at Router (C:\Users\Admin\graceful_books\node_modules\react-router\dist\umd\react-router.development.js:1207:17)
    at BrowserRouter (C:\Users\Admin\graceful_books\node_modules\react-router-dom\dist\umd\react-router-dom.development.js:695:7)
Warning: An update to ProfitLoss inside a test was not wrapped in act(...).

When testing, code that causes React state updates should be wrapped into act(...):

act(() => {
  /* fire events that update state */
});
/* assert on the output */

This ensures that you're testing the behavior the user would see in the browser. Learn more at https://reactjs.org/link/wrap-tests-with-act
    at ProfitLoss (C:/Users/Admin/graceful_books/src/pages/reports/ProfitLoss.tsx:19:73)
    at Router (C:\Users\Admin\graceful_books\node_modules\react-router\dist\umd\react-router.development.js:1207:17)
    at BrowserRouter (C:\Users\Admin\graceful_books\node_modules\react-router-dom\dist\umd\react-router-dom.development.js:695:7)

[90mstderr[2m | src/pages/reports/ProfitLoss.test.tsx[2m > [22m[2mProfit & Loss Report Page[2m > [22m[2mRendering[2m > [22m[2mshould render educational content toggle
[22m[39mWarning: An update to ProfitLoss inside a test was not wrapped in act(...).

When testing, code that causes React state updates should be wrapped into act(...):

act(() => {
  /* fire events that update state */
});
/* assert on the output */

This ensures that you're testing the behavior the user would see in the browser. Learn more at https://reactjs.org/link/wrap-tests-with-act
    at ProfitLoss (C:/Users/Admin/graceful_books/src/pages/reports/ProfitLoss.tsx:19:73)
    at Router (C:\Users\Admin\graceful_books\node_modules\react-router\dist\umd\react-router.development.js:1207:17)
    at BrowserRouter (C:\Users\Admin\graceful_books\node_modules\react-router-dom\dist\umd\react-router-dom.development.js:695:7)
Warning: An update to ProfitLoss inside a test was not wrapped in act(...).

When testing, code that causes React state updates should be wrapped into act(...):

act(() => {
  /* fire events that update state */
});
/* assert on the output */

This ensures that you're testing the behavior the user would see in the browser. Learn more at https://reactjs.org/link/wrap-tests-with-act
    at ProfitLoss (C:/Users/Admin/graceful_books/src/pages/reports/ProfitLoss.tsx:19:73)
    at Router (C:\Users\Admin\graceful_books\node_modules\react-router\dist\umd\react-router.development.js:1207:17)
    at BrowserRouter (C:\Users\Admin\graceful_books\node_modules\react-router-dom\dist\umd\react-router-dom.development.js:695:7)

[90mstderr[2m | src/pages/reports/ProfitLoss.test.tsx[2m > [22m[2mProfit & Loss Report Page[2m > [22m[2mRendering[2m > [22m[2mshould render export button
[22m[39mWarning: An update to ProfitLoss inside a test was not wrapped in act(...).

When testing, code that causes React state updates should be wrapped into act(...):

act(() => {
  /* fire events that update state */
});
/* assert on the output */

This ensures that you're testing the behavior the user would see in the browser. Learn more at https://reactjs.org/link/wrap-tests-with-act
    at ProfitLoss (C:/Users/Admin/graceful_books/src/pages/reports/ProfitLoss.tsx:19:73)
    at Router (C:\Users\Admin\graceful_books\node_modules\react-router\dist\umd\react-router.development.js:1207:17)
    at BrowserRouter (C:\Users\Admin\graceful_books\node_modules\react-router-dom\dist\umd\react-router-dom.development.js:695:7)
Warning: An update to ProfitLoss inside a test was not wrapped in act(...).

When testing, code that causes React state updates should be wrapped into act(...):

act(() => {
  /* fire events that update state */
});
/* assert on the output */

This ensures that you're testing the behavior the user would see in the browser. Learn more at https://reactjs.org/link/wrap-tests-with-act
    at ProfitLoss (C:/Users/Admin/graceful_books/src/pages/reports/ProfitLoss.tsx:19:73)
    at Router (C:\Users\Admin\graceful_books\node_modules\react-router\dist\umd\react-router.development.js:1207:17)
    at BrowserRouter (C:\Users\Admin\graceful_books\node_modules\react-router-dom\dist\umd\react-router-dom.development.js:695:7)

[90mstderr[2m | src/pages/reports/ProfitLoss.test.tsx[2m > [22m[2mProfit & Loss Report Page[2m > [22m[2mEducational Content[2m > [22m[2mshould show educational content when toggled
[22m[39mWarning: An update to ProfitLoss inside a test was not wrapped in act(...).

When testing, code that causes React state updates should be wrapped into act(...):

act(() => {
  /* fire events that update state */
});
/* assert on the output */

This ensures that you're testing the behavior the user would see in the browser. Learn more at https://reactjs.org/link/wrap-tests-with-act
    at ProfitLoss (C:/Users/Admin/graceful_books/src/pages/reports/ProfitLoss.tsx:19:73)
    at Router (C:\Users\Admin\graceful_books\node_modules\react-router\dist\umd\react-router.development.js:1207:17)
    at BrowserRouter (C:\Users\Admin\graceful_books\node_modules\react-router-dom\dist\umd\react-router-dom.development.js:695:7)

[90mstderr[2m | src/pages/reports/ProfitLoss.test.tsx[2m > [22m[2mProfit & Loss Report Page[2m > [22m[2mPDF Export[2m > [22m[2mshould call export function when export button clicked
[22m[39mWarning: An update to ProfitLoss inside a test was not wrapped in act(...).

When testing, code that causes React state updates should be wrapped into act(...):

act(() => {
  /* fire events that update state */
});
/* assert on the output */

This ensures that you're testing the behavior the user would see in the browser. Learn more at https://reactjs.org/link/wrap-tests-with-act
    at ProfitLoss (C:/Users/Admin/graceful_books/src/pages/reports/ProfitLoss.tsx:19:73)
    at Router (C:\Users\Admin\graceful_books\node_modules\react-router\dist\umd\react-router.development.js:1207:17)
    at BrowserRouter (C:\Users\Admin\graceful_books\node_modules\react-router-dom\dist\umd\react-router-dom.development.js:695:7)

[90mstderr[2m | src/pages/reports/ProfitLoss.test.tsx[2m > [22m[2mProfit & Loss Report Page[2m > [22m[2mPDF Export[2m > [22m[2mshould call export function when export button clicked
[22m[39mWarning: An update to ProfitLoss inside a test was not wrapped in act(...).

When testing, code that causes React state updates should be wrapped into act(...):

act(() => {
  /* fire events that update state */
});
/* assert on the output */

This ensures that you're testing the behavior the user would see in the browser. Learn more at https://reactjs.org/link/wrap-tests-with-act
    at ProfitLoss (C:/Users/Admin/graceful_books/src/pages/reports/ProfitLoss.tsx:19:73)
    at Router (C:\Users\Admin\graceful_books\node_modules\react-router\dist\umd\react-router.development.js:1207:17)
    at BrowserRouter (C:\Users\Admin\graceful_books\node_modules\react-router-dom\dist\umd\react-router-dom.development.js:695:7)

[90mstderr[2m | src/pages/reports/ProfitLoss.test.tsx[2m > [22m[2mProfit & Loss Report Page[2m > [22m[2mPDF Export[2m > [22m[2mshould disable export button while exporting
[22m[39mWarning: An update to ProfitLoss inside a test was not wrapped in act(...).

When testing, code that causes React state updates should be wrapped into act(...):

act(() => {
  /* fire events that update state */
});
/* assert on the output */

This ensures that you're testing the behavior the user would see in the browser. Learn more at https://reactjs.org/link/wrap-tests-with-act
    at ProfitLoss (C:/Users/Admin/graceful_books/src/pages/reports/ProfitLoss.tsx:19:73)
    at Router (C:\Users\Admin\graceful_books\node_modules\react-router\dist\umd\react-router.development.js:1207:17)
    at BrowserRouter (C:\Users\Admin\graceful_books\node_modules\react-router-dom\dist\umd\react-router-dom.development.js:695:7)

[90mstderr[2m | src/pages/reports/ProfitLoss.test.tsx[2m > [22m[2mProfit & Loss Report Page[2m > [22m[2mDate Range Selection[2m > [22m[2mshould regenerate report when date range changes
[22m[39mWarning: An update to ProfitLoss inside a test was not wrapped in act(...).

When testing, code that causes React state updates should be wrapped into act(...):

act(() => {
  /* fire events that update state */
});
/* assert on the output */

This ensures that you're testing the behavior the user would see in the browser. Learn more at https://reactjs.org/link/wrap-tests-with-act
    at ProfitLoss (C:/Users/Admin/graceful_books/src/pages/reports/ProfitLoss.tsx:19:73)
    at Router (C:\Users\Admin\graceful_books\node_modules\react-router\dist\umd\react-router.development.js:1207:17)
    at BrowserRouter (C:\Users\Admin\graceful_books\node_modules\react-router-dom\dist\umd\react-router-dom.development.js:695:7)
Warning: An update to ProfitLoss inside a test was not wrapped in act(...).

When testing, code that causes React state updates should be wrapped into act(...):

act(() => {
  /* fire events that update state */
});
/* assert on the output */

This ensures that you're testing the behavior the user would see in the browser. Learn more at https://reactjs.org/link/wrap-tests-with-act
    at ProfitLoss (C:/Users/Admin/graceful_books/src/pages/reports/ProfitLoss.tsx:19:73)
    at Router (C:\Users\Admin\graceful_books\node_modules\react-router\dist\umd\react-router.development.js:1207:17)
    at BrowserRouter (C:\Users\Admin\graceful_books\node_modules\react-router-dom\dist\umd\react-router-dom.development.js:695:7)
Warning: An update to ProfitLoss inside a test was not wrapped in act(...).

When testing, code that causes React state updates should be wrapped into act(...):

act(() => {
  /* fire events that update state */
});
/* assert on the output */

This ensures that you're testing the behavior the user would see in the browser. Learn more at https://reactjs.org/link/wrap-tests-with-act
    at ProfitLoss (C:/Users/Admin/graceful_books/src/pages/reports/ProfitLoss.tsx:19:73)
    at Router (C:\Users\Admin\graceful_books\node_modules\react-router\dist\umd\react-router.development.js:1207:17)
    at BrowserRouter (C:\Users\Admin\graceful_books\node_modules\react-router-dom\dist\umd\react-router-dom.development.js:695:7)

[90mstderr[2m | src/pages/reports/ProfitLoss.test.tsx[2m > [22m[2mProfit & Loss Report Page[2m > [22m[2mDate Range Selection[2m > [22m[2mshould regenerate report when date range changes
[22m[39mWarning: An update to ProfitLoss inside a test was not wrapped in act(...).

When testing, code that causes React state updates should be wrapped into act(...):

act(() => {
  /* fire events that update state */
});
/* assert on the output */

This ensures that you're testing the behavior the user would see in the browser. Learn more at https://reactjs.org/link/wrap-tests-with-act
    at ProfitLoss (C:/Users/Admin/graceful_books/src/pages/reports/ProfitLoss.tsx:19:73)
    at Router (C:\Users\Admin\graceful_books\node_modules\react-router\dist\umd\react-router.development.js:1207:17)
    at BrowserRouter (C:\Users\Admin\graceful_books\node_modules\react-router-dom\dist\umd\react-router-dom.development.js:695:7)
Warning: An update to ProfitLoss inside a test was not wrapped in act(...).

When testing, code that causes React state updates should be wrapped into act(...):

act(() => {
  /* fire events that update state */
});
/* assert on the output */

This ensures that you're testing the behavior the user would see in the browser. Learn more at https://reactjs.org/link/wrap-tests-with-act
    at ProfitLoss (C:/Users/Admin/graceful_books/src/pages/reports/ProfitLoss.tsx:19:73)
    at Router (C:\Users\Admin\graceful_books\node_modules\react-router\dist\umd\react-router.development.js:1207:17)
    at BrowserRouter (C:\Users\Admin\graceful_books\node_modules\react-router-dom\dist\umd\react-router-dom.development.js:695:7)

 [32m✓[39m src/pages/reports/ProfitLoss.test.tsx [2m([22m[2m16 tests[22m[2m)[22m[33m 2088[2mms[22m[39m
[90mstderr[2m | src/components/charity/CharitySelector.test.tsx[2m > [22m[2mCharitySelector Component[2m > [22m[2mrendering[2m > [22m[2mshould render loading state initially
[22m[39mWarning: An update to CharitySelector inside a test was not wrapped in act(...).

When testing, code that causes React state updates should be wrapped into act(...):

act(() => {
  /* fire events that update state */
});
/* assert on the output */

This ensures that you're testing the behavior the user would see in the browser. Learn more at https://reactjs.org/link/wrap-tests-with-act
    at CharitySelector (C:/Users/Admin/graceful_books/src/components/charity/CharitySelector.tsx:9:3)
Warning: An update to CharitySelector inside a test was not wrapped in act(...).

When testing, code that causes React state updates should be wrapped into act(...):

act(() => {
  /* fire events that update state */
});
/* assert on the output */

This ensures that you're testing the behavior the user would see in the browser. Learn more at https://reactjs.org/link/wrap-tests-with-act
    at CharitySelector (C:/Users/Admin/graceful_books/src/components/charity/CharitySelector.tsx:9:3)

[90mstderr[2m | src/components/charity/CharitySelector.test.tsx[2m > [22m[2mCharitySelector Component[2m > [22m[2msearch functionality[2m > [22m[2mshould filter charities when searching
[22m[39mWarning: An update to CharitySelector inside a test was not wrapped in act(...).

When testing, code that causes React state updates should be wrapped into act(...):

act(() => {
  /* fire events that update state */
});
/* assert on the output */

This ensures that you're testing the behavior the user would see in the browser. Learn more at https://reactjs.org/link/wrap-tests-with-act
    at CharitySelector (C:/Users/Admin/graceful_books/src/components/charity/CharitySelector.tsx:9:3)

[90mstderr[2m | src/components/charity/CharitySelector.test.tsx[2m > [22m[2mCharitySelector Component[2m > [22m[2msearch functionality[2m > [22m[2mshould filter charities when searching
[22m[39mWarning: An update to CharitySelector inside a test was not wrapped in act(...).

When testing, code that causes React state updates should be wrapped into act(...):

act(() => {
  /* fire events that update state */
});
/* assert on the output */

This ensures that you're testing the behavior the user would see in the browser. Learn more at https://reactjs.org/link/wrap-tests-with-act
    at CharitySelector (C:/Users/Admin/graceful_books/src/components/charity/CharitySelector.tsx:9:3)

[90mstderr[2m | src/components/charity/CharitySelector.test.tsx[2m > [22m[2mCharitySelector Component[2m > [22m[2msearch functionality[2m > [22m[2mshould filter charities when searching
[22m[39mWarning: An update to CharitySelector inside a test was not wrapped in act(...).

When testing, code that causes React state updates should be wrapped into act(...):

act(() => {
  /* fire events that update state */
});
/* assert on the output */

This ensures that you're testing the behavior the user would see in the browser. Learn more at https://reactjs.org/link/wrap-tests-with-act
    at CharitySelector (C:/Users/Admin/graceful_books/src/components/charity/CharitySelector.tsx:9:3)

[90mstderr[2m | src/components/charity/CharitySelector.test.tsx[2m > [22m[2mCharitySelector Component[2m > [22m[2msearch functionality[2m > [22m[2mshould filter charities when searching
[22m[39mWarning: An update to CharitySelector inside a test was not wrapped in act(...).

When testing, code that causes React state updates should be wrapped into act(...):

act(() => {
  /* fire events that update state */
});
/* assert on the output */

This ensures that you're testing the behavior the user would see in the browser. Learn more at https://reactjs.org/link/wrap-tests-with-act
    at CharitySelector (C:/Users/Admin/graceful_books/src/components/charity/CharitySelector.tsx:9:3)

[90mstderr[2m | src/components/charity/CharitySelector.test.tsx[2m > [22m[2mCharitySelector Component[2m > [22m[2msearch functionality[2m > [22m[2mshould show empty state when no results found
[22m[39mWarning: An update to CharitySelector inside a test was not wrapped in act(...).

When testing, code that causes React state updates should be wrapped into act(...):

act(() => {
  /* fire events that update state */
});
/* assert on the output */

This ensures that you're testing the behavior the user would see in the browser. Learn more at https://reactjs.org/link/wrap-tests-with-act
    at CharitySelector (C:/Users/Admin/graceful_books/src/components/charity/CharitySelector.tsx:9:3)

[90mstderr[2m | src/components/charity/CharitySelector.test.tsx[2m > [22m[2mCharitySelector Component[2m > [22m[2msearch functionality[2m > [22m[2mshould show empty state when no results found
[22m[39mWarning: An update to CharitySelector inside a test was not wrapped in act(...).

When testing, code that causes React state updates should be wrapped into act(...):

act(() => {
  /* fire events that update state */
});
/* assert on the output */

This ensures that you're testing the behavior the user would see in the browser. Learn more at https://reactjs.org/link/wrap-tests-with-act
    at CharitySelector (C:/Users/Admin/graceful_books/src/components/charity/CharitySelector.tsx:9:3)

[90mstderr[2m | src/components/charity/CharitySelector.test.tsx[2m > [22m[2mCharitySelector Component[2m > [22m[2msearch functionality[2m > [22m[2mshould show empty state when no results found
[22m[39mWarning: An update to CharitySelector inside a test was not wrapped in act(...).

When testing, code that causes React state updates should be wrapped into act(...):

act(() => {
  /* fire events that update state */
});
/* assert on the output */

This ensures that you're testing the behavior the user would see in the browser. Learn more at https://reactjs.org/link/wrap-tests-with-act
    at CharitySelector (C:/Users/Admin/graceful_books/src/components/charity/CharitySelector.tsx:9:3)

[90mstderr[2m | src/components/charity/CharitySelector.test.tsx[2m > [22m[2mCharitySelector Component[2m > [22m[2msearch functionality[2m > [22m[2mshould show empty state when no results found
[22m[39mWarning: An update to CharitySelector inside a test was not wrapped in act(...).

When testing, code that causes React state updates should be wrapped into act(...):

act(() => {
  /* fire events that update state */
});
/* assert on the output */

This ensures that you're testing the behavior the user would see in the browser. Learn more at https://reactjs.org/link/wrap-tests-with-act
    at CharitySelector (C:/Users/Admin/graceful_books/src/components/charity/CharitySelector.tsx:9:3)

[90mstderr[2m | src/components/charity/CharitySelector.test.tsx[2m > [22m[2mCharitySelector Component[2m > [22m[2msearch functionality[2m > [22m[2mshould show empty state when no results found
[22m[39mWarning: An update to CharitySelector inside a test was not wrapped in act(...).

When testing, code that causes React state updates should be wrapped into act(...):

act(() => {
  /* fire events that update state */
});
/* assert on the output */

This ensures that you're testing the behavior the user would see in the browser. Learn more at https://reactjs.org/link/wrap-tests-with-act
    at CharitySelector (C:/Users/Admin/graceful_books/src/components/charity/CharitySelector.tsx:9:3)

[90mstderr[2m | src/components/charity/CharitySelector.test.tsx[2m > [22m[2mCharitySelector Component[2m > [22m[2msearch functionality[2m > [22m[2mshould show empty state when no results found
[22m[39mWarning: An update to CharitySelector inside a test was not wrapped in act(...).

When testing, code that causes React state updates should be wrapped into act(...):

act(() => {
  /* fire events that update state */
});
/* assert on the output */

This ensures that you're testing the behavior the user would see in the browser. Learn more at https://reactjs.org/link/wrap-tests-with-act
    at CharitySelector (C:/Users/Admin/graceful_books/src/components/charity/CharitySelector.tsx:9:3)

[90mstderr[2m | src/components/charity/CharitySelector.test.tsx[2m > [22m[2mCharitySelector Component[2m > [22m[2msearch functionality[2m > [22m[2mshould show empty state when no results found
[22m[39mWarning: An update to CharitySelector inside a test was not wrapped in act(...).

When testing, code that causes React state updates should be wrapped into act(...):

act(() => {
  /* fire events that update state */
});
/* assert on the output */

This ensures that you're testing the behavior the user would see in the browser. Learn more at https://reactjs.org/link/wrap-tests-with-act
    at CharitySelector (C:/Users/Admin/graceful_books/src/components/charity/CharitySelector.tsx:9:3)

[90mstderr[2m | src/components/charity/CharitySelector.test.tsx[2m > [22m[2mCharitySelector Component[2m > [22m[2msearch functionality[2m > [22m[2mshould show empty state when no results found
[22m[39mWarning: An update to CharitySelector inside a test was not wrapped in act(...).

When testing, code that causes React state updates should be wrapped into act(...):

act(() => {
  /* fire events that update state */
});
/* assert on the output */

This ensures that you're testing the behavior the user would see in the browser. Learn more at https://reactjs.org/link/wrap-tests-with-act
    at CharitySelector (C:/Users/Admin/graceful_books/src/components/charity/CharitySelector.tsx:9:3)

[90mstderr[2m | src/components/charity/CharitySelector.test.tsx[2m > [22m[2mCharitySelector Component[2m > [22m[2msearch functionality[2m > [22m[2mshould show empty state when no results found
[22m[39mWarning: An update to CharitySelector inside a test was not wrapped in act(...).

When testing, code that causes React state updates should be wrapped into act(...):

act(() => {
  /* fire events that update state */
});
/* assert on the output */

This ensures that you're testing the behavior the user would see in the browser. Learn more at https://reactjs.org/link/wrap-tests-with-act
    at CharitySelector (C:/Users/Admin/graceful_books/src/components/charity/CharitySelector.tsx:9:3)

[90mstderr[2m | src/components/charity/CharitySelector.test.tsx[2m > [22m[2mCharitySelector Component[2m > [22m[2msearch functionality[2m > [22m[2mshould show empty state when no results found
[22m[39mWarning: An update to CharitySelector inside a test was not wrapped in act(...).

When testing, code that causes React state updates should be wrapped into act(...):

act(() => {
  /* fire events that update state */
});
/* assert on the output */

This ensures that you're testing the behavior the user would see in the browser. Learn more at https://reactjs.org/link/wrap-tests-with-act
    at CharitySelector (C:/Users/Admin/graceful_books/src/components/charity/CharitySelector.tsx:9:3)

[90mstderr[2m | src/components/charity/CharitySelector.test.tsx[2m > [22m[2mCharitySelector Component[2m > [22m[2msearch functionality[2m > [22m[2mshould show empty state when no results found
[22m[39mWarning: An update to CharitySelector inside a test was not wrapped in act(...).

When testing, code that causes React state updates should be wrapped into act(...):

act(() => {
  /* fire events that update state */
});
/* assert on the output */

This ensures that you're testing the behavior the user would see in the browser. Learn more at https://reactjs.org/link/wrap-tests-with-act
    at CharitySelector (C:/Users/Admin/graceful_books/src/components/charity/CharitySelector.tsx:9:3)

[90mstderr[2m | src/components/charity/CharitySelector.test.tsx[2m > [22m[2mCharitySelector Component[2m > [22m[2msearch functionality[2m > [22m[2mshould show clear filters button when no results found
[22m[39mWarning: An update to CharitySelector inside a test was not wrapped in act(...).

When testing, code that causes React state updates should be wrapped into act(...):

act(() => {
  /* fire events that update state */
});
/* assert on the output */

This ensures that you're testing the behavior the user would see in the browser. Learn more at https://reactjs.org/link/wrap-tests-with-act
    at CharitySelector (C:/Users/Admin/graceful_books/src/components/charity/CharitySelector.tsx:9:3)

[90mstderr[2m | src/components/charity/CharitySelector.test.tsx[2m > [22m[2mCharitySelector Component[2m > [22m[2msearch functionality[2m > [22m[2mshould show clear filters button when no results found
[22m[39mWarning: An update to CharitySelector inside a test was not wrapped in act(...).

When testing, code that causes React state updates should be wrapped into act(...):

act(() => {
  /* fire events that update state */
});
/* assert on the output */

This ensures that you're testing the behavior the user would see in the browser. Learn more at https://reactjs.org/link/wrap-tests-with-act
    at CharitySelector (C:/Users/Admin/graceful_books/src/components/charity/CharitySelector.tsx:9:3)

[90mstderr[2m | src/components/charity/CharitySelector.test.tsx[2m > [22m[2mCharitySelector Component[2m > [22m[2msearch functionality[2m > [22m[2mshould show clear filters button when no results found
[22m[39mWarning: An update to CharitySelector inside a test was not wrapped in act(...).

When testing, code that causes React state updates should be wrapped into act(...):

act(() => {
  /* fire events that update state */
});
/* assert on the output */

This ensures that you're testing the behavior the user would see in the browser. Learn more at https://reactjs.org/link/wrap-tests-with-act
    at CharitySelector (C:/Users/Admin/graceful_books/src/components/charity/CharitySelector.tsx:9:3)

[90mstderr[2m | src/components/charity/CharitySelector.test.tsx[2m > [22m[2mCharitySelector Component[2m > [22m[2msearch functionality[2m > [22m[2mshould show clear filters button when no results found
[22m[39mWarning: An update to CharitySelector inside a test was not wrapped in act(...).

When testing, code that causes React state updates should be wrapped into act(...):

act(() => {
  /* fire events that update state */
});
/* assert on the output */

This ensures that you're testing the behavior the user would see in the browser. Learn more at https://reactjs.org/link/wrap-tests-with-act
    at CharitySelector (C:/Users/Admin/graceful_books/src/components/charity/CharitySelector.tsx:9:3)

[90mstderr[2m | src/components/charity/CharitySelector.test.tsx[2m > [22m[2mCharitySelector Component[2m > [22m[2msearch functionality[2m > [22m[2mshould show clear filters button when no results found
[22m[39mWarning: An update to CharitySelector inside a test was not wrapped in act(...).

When testing, code that causes React state updates should be wrapped into act(...):

act(() => {
  /* fire events that update state */
});
/* assert on the output */

This ensures that you're testing the behavior the user would see in the browser. Learn more at https://reactjs.org/link/wrap-tests-with-act
    at CharitySelector (C:/Users/Admin/graceful_books/src/components/charity/CharitySelector.tsx:9:3)

[90mstderr[2m | src/components/charity/CharitySelector.test.tsx[2m > [22m[2mCharitySelector Component[2m > [22m[2msearch functionality[2m > [22m[2mshould show clear filters button when no results found
[22m[39mWarning: An update to CharitySelector inside a test was not wrapped in act(...).

When testing, code that causes React state updates should be wrapped into act(...):

act(() => {
  /* fire events that update state */
});
/* assert on the output */

This ensures that you're testing the behavior the user would see in the browser. Learn more at https://reactjs.org/link/wrap-tests-with-act
    at CharitySelector (C:/Users/Admin/graceful_books/src/components/charity/CharitySelector.tsx:9:3)

[90mstderr[2m | src/components/charity/CharitySelector.test.tsx[2m > [22m[2mCharitySelector Component[2m > [22m[2mcategory filtering[2m > [22m[2mshould filter by category when category button is clicked
[22m[39mWarning: An update to CharitySelector inside a test was not wrapped in act(...).

When testing, code that causes React state updates should be wrapped into act(...):

act(() => {
  /* fire events that update state */
});
/* assert on the output */

This ensures that you're testing the behavior the user would see in the browser. Learn more at https://reactjs.org/link/wrap-tests-with-act
    at CharitySelector (C:/Users/Admin/graceful_books/src/components/charity/CharitySelector.tsx:9:3)

 [32m✓[39m src/components/charity/CharitySelector.test.tsx [2m([22m[2m20 tests[22m[2m)[22m[33m 2012[2mms[22m[39m
       [33m[2m✓[22m[39m should render category filters when showFilters is true [33m 301[2mms[22m[39m
[90mstderr[2m | src/components/accounts/AccountTree.test.tsx[2m > [22m[2mAccountTree Component[2m > [22m[2mexpand/collapse functionality[2m > [22m[2mshould collapse children when expand button is clicked
[22m[39mWarning: An update to TreeNode inside a test was not wrapped in act(...).

When testing, code that causes React state updates should be wrapped into act(...):

act(() => {
  /* fire events that update state */
});
/* assert on the output */

This ensures that you're testing the behavior the user would see in the browser. Learn more at https://reactjs.org/link/wrap-tests-with-act
    at TreeNode (C:/Users/Admin/graceful_books/src/components/accounts/AccountTree.tsx:14:21)
    at div
    at div
    at AccountTree (C:/Users/Admin/graceful_books/src/components/accounts/AccountTree.tsx:166:3)

[90mstderr[2m | src/components/accounts/AccountTree.test.tsx[2m > [22m[2mAccountTree Component[2m > [22m[2mexpand/collapse functionality[2m > [22m[2mshould expand children when expand button is clicked again
[22m[39mWarning: An update to TreeNode inside a test was not wrapped in act(...).

When testing, code that causes React state updates should be wrapped into act(...):

act(() => {
  /* fire events that update state */
});
/* assert on the output */

This ensures that you're testing the behavior the user would see in the browser. Learn more at https://reactjs.org/link/wrap-tests-with-act
    at TreeNode (C:/Users/Admin/graceful_books/src/components/accounts/AccountTree.tsx:14:21)
    at div
    at div
    at AccountTree (C:/Users/Admin/graceful_books/src/components/accounts/AccountTree.tsx:166:3)

[90mstderr[2m | src/components/accounts/AccountTree.test.tsx[2m > [22m[2mAccountTree Component[2m > [22m[2mexpand/collapse functionality[2m > [22m[2mshould expand children when expand button is clicked again
[22m[39mWarning: An update to TreeNode inside a test was not wrapped in act(...).

When testing, code that causes React state updates should be wrapped into act(...):

act(() => {
  /* fire events that update state */
});
/* assert on the output */

This ensures that you're testing the behavior the user would see in the browser. Learn more at https://reactjs.org/link/wrap-tests-with-act
    at TreeNode (C:/Users/Admin/graceful_books/src/components/accounts/AccountTree.tsx:14:21)
    at div
    at div
    at AccountTree (C:/Users/Admin/graceful_books/src/components/accounts/AccountTree.tsx:166:3)

 [32m✓[39m src/components/accounts/AccountTree.test.tsx [2m([22m[2m34 tests[22m[2m)[22m[33m 2020[2mms[22m[39m
[90mstderr[2m | src/components/contacts/ParentAccountSelector.test.tsx[2m > [22m[2mParentAccountSelector[2m > [22m[2mProgressive Disclosure[2m > [22m[2mshould expand when toggle button is clicked
[22m[39mWarning: An update to ParentAccountSelector inside a test was not wrapped in act(...).

When testing, code that causes React state updates should be wrapped into act(...):

act(() => {
  /* fire events that update state */
});
/* assert on the output */

This ensures that you're testing the behavior the user would see in the browser. Learn more at https://reactjs.org/link/wrap-tests-with-act
    at ParentAccountSelector (C:/Users/Admin/graceful_books/src/components/contacts/ParentAccountSelector.tsx:12:3)

[90mstderr[2m | src/components/contacts/ParentAccountSelector.test.tsx[2m > [22m[2mParentAccountSelector[2m > [22m[2mProgressive Disclosure[2m > [22m[2mshould collapse when toggle button is clicked again
[22m[39mWarning: An update to ParentAccountSelector inside a test was not wrapped in act(...).

When testing, code that causes React state updates should be wrapped into act(...):

act(() => {
  /* fire events that update state */
});
/* assert on the output */

This ensures that you're testing the behavior the user would see in the browser. Learn more at https://reactjs.org/link/wrap-tests-with-act
    at ParentAccountSelector (C:/Users/Admin/graceful_books/src/components/contacts/ParentAccountSelector.tsx:12:3)

[90mstderr[2m | src/components/contacts/ParentAccountSelector.test.tsx[2m > [22m[2mParentAccountSelector[2m > [22m[2mProgressive Disclosure[2m > [22m[2mshould show hint when parent is assigned
[22m[39mWarning: An update to ParentAccountSelector inside a test was not wrapped in act(...).

When testing, code that causes React state updates should be wrapped into act(...):

act(() => {
  /* fire events that update state */
});
/* assert on the output */

This ensures that you're testing the behavior the user would see in the browser. Learn more at https://reactjs.org/link/wrap-tests-with-act
    at ParentAccountSelector (C:/Users/Admin/graceful_books/src/components/contacts/ParentAccountSelector.tsx:12:3)
Warning: An update to ParentAccountSelector inside a test was not wrapped in act(...).

When testing, code that causes React state updates should be wrapped into act(...):

act(() => {
  /* fire events that update state */
});
/* assert on the output */

This ensures that you're testing the behavior the user would see in the browser. Learn more at https://reactjs.org/link/wrap-tests-with-act
    at ParentAccountSelector (C:/Users/Admin/graceful_books/src/components/contacts/ParentAccountSelector.tsx:12:3)

[90mstderr[2m | src/components/contacts/ParentAccountSelector.test.tsx[2m > [22m[2mParentAccountSelector[2m > [22m[2mParent Selection[2m > [22m[2mshould call onChange when selection changes
[22m[39mWarning: An update to ParentAccountSelector inside a test was not wrapped in act(...).

When testing, code that causes React state updates should be wrapped into act(...):

act(() => {
  /* fire events that update state */
});
/* assert on the output */

This ensures that you're testing the behavior the user would see in the browser. Learn more at https://reactjs.org/link/wrap-tests-with-act
    at ParentAccountSelector (C:/Users/Admin/graceful_books/src/components/contacts/ParentAccountSelector.tsx:12:3)

[90mstderr[2m | src/components/contacts/ParentAccountSelector.test.tsx[2m > [22m[2mParentAccountSelector[2m > [22m[2mParent Selection[2m > [22m[2mshould call onChange when selection changes
[22m[39mWarning: An update to ParentAccountSelector inside a test was not wrapped in act(...).

When testing, code that causes React state updates should be wrapped into act(...):

act(() => {
  /* fire events that update state */
});
/* assert on the output */

This ensures that you're testing the behavior the user would see in the browser. Learn more at https://reactjs.org/link/wrap-tests-with-act
    at ParentAccountSelector (C:/Users/Admin/graceful_books/src/components/contacts/ParentAccountSelector.tsx:12:3)

[90mstderr[2m | src/components/contacts/ParentAccountSelector.test.tsx[2m > [22m[2mParentAccountSelector[2m > [22m[2mParent Selection[2m > [22m[2mshould call onChange with null when "None" is selected
[22m[39mWarning: An update to ParentAccountSelector inside a test was not wrapped in act(...).

When testing, code that causes React state updates should be wrapped into act(...):

act(() => {
  /* fire events that update state */
});
/* assert on the output */

This ensures that you're testing the behavior the user would see in the browser. Learn more at https://reactjs.org/link/wrap-tests-with-act
    at ParentAccountSelector (C:/Users/Admin/graceful_books/src/components/contacts/ParentAccountSelector.tsx:12:3)

[90mstderr[2m | src/components/contacts/ParentAccountSelector.test.tsx[2m > [22m[2mParentAccountSelector[2m > [22m[2mValidation[2m > [22m[2mshould prevent invalid selection
[22m[39mWarning: An update to ParentAccountSelector inside a test was not wrapped in act(...).

When testing, code that causes React state updates should be wrapped into act(...):

act(() => {
  /* fire events that update state */
});
/* assert on the output */

This ensures that you're testing the behavior the user would see in the browser. Learn more at https://reactjs.org/link/wrap-tests-with-act
    at ParentAccountSelector (C:/Users/Admin/graceful_books/src/components/contacts/ParentAccountSelector.tsx:12:3)

[90mstderr[2m | src/components/contacts/ParentAccountSelector.test.tsx[2m > [22m[2mParentAccountSelector[2m > [22m[2mValidation[2m > [22m[2mshould prevent invalid selection
[22m[39mWarning: An update to ParentAccountSelector inside a test was not wrapped in act(...).

When testing, code that causes React state updates should be wrapped into act(...):

act(() => {
  /* fire events that update state */
});
/* assert on the output */

This ensures that you're testing the behavior the user would see in the browser. Learn more at https://reactjs.org/link/wrap-tests-with-act
    at ParentAccountSelector (C:/Users/Admin/graceful_books/src/components/contacts/ParentAccountSelector.tsx:12:3)
Warning: An update to ParentAccountSelector inside a test was not wrapped in act(...).

When testing, code that causes React state updates should be wrapped into act(...):

act(() => {
  /* fire events that update state */
});
/* assert on the output */

This ensures that you're testing the behavior the user would see in the browser. Learn more at https://reactjs.org/link/wrap-tests-with-act
    at ParentAccountSelector (C:/Users/Admin/graceful_books/src/components/contacts/ParentAccountSelector.tsx:12:3)

[90mstderr[2m | src/components/contacts/ParentAccountSelector.test.tsx[2m > [22m[2mParentAccountSelector[2m > [22m[2mValidation[2m > [22m[2mshould show validating message during validation
[22m[39mWarning: An update to ParentAccountSelector inside a test was not wrapped in act(...).

When testing, code that causes React state updates should be wrapped into act(...):

act(() => {
  /* fire events that update state */
});
/* assert on the output */

This ensures that you're testing the behavior the user would see in the browser. Learn more at https://reactjs.org/link/wrap-tests-with-act
    at ParentAccountSelector (C:/Users/Admin/graceful_books/src/components/contacts/ParentAccountSelector.tsx:12:3)

[90mstderr[2m | src/components/contacts/ParentAccountSelector.test.tsx[2m > [22m[2mParentAccountSelector[2m > [22m[2mAccessibility[2m > [22m[2mshould support keyboard navigation
[22m[39mWarning: An update to ParentAccountSelector inside a test was not wrapped in act(...).

When testing, code that causes React state updates should be wrapped into act(...):

act(() => {
  /* fire events that update state */
});
/* assert on the output */

This ensures that you're testing the behavior the user would see in the browser. Learn more at https://reactjs.org/link/wrap-tests-with-act
    at ParentAccountSelector (C:/Users/Admin/graceful_books/src/components/contacts/ParentAccountSelector.tsx:12:3)

[90mstderr[2m | src/components/contacts/ParentAccountSelector.test.tsx[2m > [22m[2mParentAccountSelector[2m > [22m[2mError Handling[2m > [22m[2mshould handle validation errors gracefully
[22m[39mValidation error: Error: Validation failed
    at C:/Users/Admin/graceful_books/src/components/contacts/ParentAccountSelector.test.tsx:566:28
    at [90mfile:///C:/Users/Admin/graceful_books/[39mnode_modules/[4m@vitest/runner[24m/dist/index.js:145:11
    at [90mfile:///C:/Users/Admin/graceful_books/[39mnode_modules/[4m@vitest/runner[24m/dist/index.js:915:26
    at [90mfile:///C:/Users/Admin/graceful_books/[39mnode_modules/[4m@vitest/runner[24m/dist/index.js:1243:20
    at new Promise (<anonymous>)
    at runWithTimeout [90m(file:///C:/Users/Admin/graceful_books/[39mnode_modules/[4m@vitest/runner[24m/dist/index.js:1209:10[90m)[39m
    at [90mfile:///C:/Users/Admin/graceful_books/[39mnode_modules/[4m@vitest/runner[24m/dist/index.js:1653:37
    at Traces.$ [90m(file:///C:/Users/Admin/graceful_books/[39mnode_modules/[4mvitest[24m/dist/chunks/traces.CCmnQaNT.js:142:27[90m)[39m
    at trace [90m(file:///C:/Users/Admin/graceful_books/[39mnode_modules/[4mvitest[24m/dist/chunks/test.B8ej_ZHS.js:239:21[90m)[39m
    at runTest [90m(file:///C:/Users/Admin/graceful_books/[39mnode_modules/[4m@vitest/runner[24m/dist/index.js:1653:12[90m)[39m

 [32m✓[39m src/components/contacts/ParentAccountSelector.test.tsx [2m([22m[2m27 tests[22m[2m)[22m[33m 2038[2mms[22m[39m
       [33m[2m✓[22m[39m should render collapsed by default [33m 315[2mms[22m[39m
[90mstderr[2m | src/pages/ChartOfAccounts.test.tsx[2m > [22m[2mChartOfAccounts Page[2m > [22m[2mshould open create modal when create button is clicked
[22m[39mWarning: An update to ChartOfAccounts inside a test was not wrapped in act(...).

When testing, code that causes React state updates should be wrapped into act(...):

act(() => {
  /* fire events that update state */
});
/* assert on the output */

This ensures that you're testing the behavior the user would see in the browser. Learn more at https://reactjs.org/link/wrap-tests-with-act
    at ChartOfAccounts (C:/Users/Admin/graceful_books/src/pages/ChartOfAccounts.tsx:10:28)

[90mstderr[2m | src/pages/ChartOfAccounts.test.tsx[2m > [22m[2mChartOfAccounts Page[2m > [22m[2mshould submit create form
[22m[39mWarning: An update to ChartOfAccounts inside a test was not wrapped in act(...).

When testing, code that causes React state updates should be wrapped into act(...):

act(() => {
  /* fire events that update state */
});
/* assert on the output */

This ensures that you're testing the behavior the user would see in the browser. Learn more at https://reactjs.org/link/wrap-tests-with-act
    at ChartOfAccounts (C:/Users/Admin/graceful_books/src/pages/ChartOfAccounts.tsx:10:28)

 [32m✓[39m src/pages/ChartOfAccounts.test.tsx [2m([22m[2m5 tests[22m[2m)[22m[33m 1817[2mms[22m[39m
     [33m[2m✓[22m[39m should render page title [33m 562[2mms[22m[39m
     [33m[2m✓[22m[39m should open create modal when create button is clicked [33m 400[2mms[22m[39m
     [33m[2m✓[22m[39m should submit create form [33m 328[2mms[22m[39m
     [33m[2m✓[22m[39m should have no accessibility violations [33m 468[2mms[22m[39m
 [32m✓[39m src/components/accounts/AccountCard.test.tsx [2m([22m[2m47 tests[22m[2m)[22m[33m 1630[2mms[22m[39m
 [32m✓[39m src/components/vendors/VendorCard.test.tsx [2m([22m[2m39 tests[22m[2m)[22m[33m 1303[2mms[22m[39m
[90mstderr[2m | src/components/dashboard/OverdueInvoicesWidget.test.tsx[2m > [22m[2mOverdueInvoicesWidget[2m > [22m[2mrendering[2m > [22m[2mshould render overdue invoices count
[22m[39m⚠️ React Router Future Flag Warning: React Router will begin wrapping state updates in `React.startTransition` in v7. You can use the `v7_startTransition` future flag to opt-in early. For more information, see https://reactrouter.com/v6/upgrading/future#v7_starttransition.
⚠️ React Router Future Flag Warning: Relative route resolution within Splat routes is changing in v7. You can use the `v7_relativeSplatPath` future flag to opt-in early. For more information, see https://reactrouter.com/v6/upgrading/future#v7_relativesplatpath.

 [32m✓[39m src/components/dashboard/OverdueInvoicesWidget.test.tsx [2m([22m[2m33 tests[22m[2m)[22m[33m 1256[2mms[22m[39m
 [32m✓[39m src/components/assessment/AssessmentResults.test.tsx [2m([22m[2m19 tests[22m[2m)[22m[33m 1412[2mms[22m[39m
[90mstderr[2m | src/components/wizards/steps/TemplateSelectionStep.test.tsx[2m > [22m[2mTemplateSelectionStep[2m > [22m[2mshould allow selecting a template
[22m[39mWarning: An update to TemplateSelectionStep inside a test was not wrapped in act(...).

When testing, code that causes React state updates should be wrapped into act(...):

act(() => {
  /* fire events that update state */
});
/* assert on the output */

This ensures that you're testing the behavior the user would see in the browser. Learn more at https://reactjs.org/link/wrap-tests-with-act
    at TemplateSelectionStep (C:/Users/Admin/graceful_books/src/components/wizards/steps/TemplateSelectionStep.tsx:7:3)

[90mstderr[2m | src/components/wizards/steps/TemplateSelectionStep.test.tsx[2m > [22m[2mTemplateSelectionStep[2m > [22m[2mshould allow selecting a template
[22m[39mWarning: An update to TemplateSelectionStep inside a test was not wrapped in act(...).

When testing, code that causes React state updates should be wrapped into act(...):

act(() => {
  /* fire events that update state */
});
/* assert on the output */

This ensures that you're testing the behavior the user would see in the browser. Learn more at https://reactjs.org/link/wrap-tests-with-act
    at TemplateSelectionStep (C:/Users/Admin/graceful_books/src/components/wizards/steps/TemplateSelectionStep.tsx:7:3)

[90mstderr[2m | src/components/wizards/steps/TemplateSelectionStep.test.tsx[2m > [22m[2mTemplateSelectionStep[2m > [22m[2mshould allow selecting a template
[22m[39mWarning: An update to TemplateSelectionStep inside a test was not wrapped in act(...).

When testing, code that causes React state updates should be wrapped into act(...):

act(() => {
  /* fire events that update state */
});
/* assert on the output */

This ensures that you're testing the behavior the user would see in the browser. Learn more at https://reactjs.org/link/wrap-tests-with-act
    at TemplateSelectionStep (C:/Users/Admin/graceful_books/src/components/wizards/steps/TemplateSelectionStep.tsx:7:3)

[90mstderr[2m | src/components/wizards/steps/TemplateSelectionStep.test.tsx[2m > [22m[2mTemplateSelectionStep[2m > [22m[2mshould show preview when template is selected
[22m[39mWarning: An update to TemplateSelectionStep inside a test was not wrapped in act(...).

When testing, code that causes React state updates should be wrapped into act(...):

act(() => {
  /* fire events that update state */
});
/* assert on the output */

This ensures that you're testing the behavior the user would see in the browser. Learn more at https://reactjs.org/link/wrap-tests-with-act
    at TemplateSelectionStep (C:/Users/Admin/graceful_books/src/components/wizards/steps/TemplateSelectionStep.tsx:7:3)

[90mstderr[2m | src/components/wizards/steps/TemplateSelectionStep.test.tsx[2m > [22m[2mTemplateSelectionStep[2m > [22m[2mshould show preview when template is selected
[22m[39mWarning: An update to TemplateSelectionStep inside a test was not wrapped in act(...).

When testing, code that causes React state updates should be wrapped into act(...):

act(() => {
  /* fire events that update state */
});
/* assert on the output */

This ensures that you're testing the behavior the user would see in the browser. Learn more at https://reactjs.org/link/wrap-tests-with-act
    at TemplateSelectionStep (C:/Users/Admin/graceful_books/src/components/wizards/steps/TemplateSelectionStep.tsx:7:3)

[90mstderr[2m | src/components/wizards/steps/TemplateSelectionStep.test.tsx[2m > [22m[2mTemplateSelectionStep[2m > [22m[2mshould show preview when template is selected
[22m[39mWarning: An update to TemplateSelectionStep inside a test was not wrapped in act(...).

When testing, code that causes React state updates should be wrapped into act(...):

act(() => {
  /* fire events that update state */
});
/* assert on the output */

This ensures that you're testing the behavior the user would see in the browser. Learn more at https://reactjs.org/link/wrap-tests-with-act
    at TemplateSelectionStep (C:/Users/Admin/graceful_books/src/components/wizards/steps/TemplateSelectionStep.tsx:7:3)

[90mstderr[2m | src/components/wizards/steps/TemplateSelectionStep.test.tsx[2m > [22m[2mTemplateSelectionStep[2m > [22m[2mshould call onSelect when continue button is clicked
[22m[39mWarning: An update to TemplateSelectionStep inside a test was not wrapped in act(...).

When testing, code that causes React state updates should be wrapped into act(...):

act(() => {
  /* fire events that update state */
});
/* assert on the output */

This ensures that you're testing the behavior the user would see in the browser. Learn more at https://reactjs.org/link/wrap-tests-with-act
    at TemplateSelectionStep (C:/Users/Admin/graceful_books/src/components/wizards/steps/TemplateSelectionStep.tsx:7:3)

[90mstderr[2m | src/components/wizards/steps/TemplateSelectionStep.test.tsx[2m > [22m[2mTemplateSelectionStep[2m > [22m[2mshould call onSelect when continue button is clicked
[22m[39mWarning: An update to TemplateSelectionStep inside a test was not wrapped in act(...).

When testing, code that causes React state updates should be wrapped into act(...):

act(() => {
  /* fire events that update state */
});
/* assert on the output */

This ensures that you're testing the behavior the user would see in the browser. Learn more at https://reactjs.org/link/wrap-tests-with-act
    at TemplateSelectionStep (C:/Users/Admin/graceful_books/src/components/wizards/steps/TemplateSelectionStep.tsx:7:3)

[90mstderr[2m | src/components/wizards/steps/TemplateSelectionStep.test.tsx[2m > [22m[2mTemplateSelectionStep[2m > [22m[2mshould call onSelect when continue button is clicked
[22m[39mWarning: An update to TemplateSelectionStep inside a test was not wrapped in act(...).

When testing, code that causes React state updates should be wrapped into act(...):

act(() => {
  /* fire events that update state */
});
/* assert on the output */

This ensures that you're testing the behavior the user would see in the browser. Learn more at https://reactjs.org/link/wrap-tests-with-act
    at TemplateSelectionStep (C:/Users/Admin/graceful_books/src/components/wizards/steps/TemplateSelectionStep.tsx:7:3)

[90mstderr[2m | src/components/wizards/steps/TemplateSelectionStep.test.tsx[2m > [22m[2mTemplateSelectionStep[2m > [22m[2mshould call onSelect when continue button is clicked
[22m[39mWarning: An update to TemplateSelectionStep inside a test was not wrapped in act(...).

When testing, code that causes React state updates should be wrapped into act(...):

act(() => {
  /* fire events that update state */
});
/* assert on the output */

This ensures that you're testing the behavior the user would see in the browser. Learn more at https://reactjs.org/link/wrap-tests-with-act
    at TemplateSelectionStep (C:/Users/Admin/graceful_books/src/components/wizards/steps/TemplateSelectionStep.tsx:7:3)

[90mstderr[2m | src/components/wizards/steps/TemplateSelectionStep.test.tsx[2m > [22m[2mTemplateSelectionStep[2m > [22m[2mshould call onSelect when continue button is clicked
[22m[39mWarning: An update to TemplateSelectionStep inside a test was not wrapped in act(...).

When testing, code that causes React state updates should be wrapped into act(...):

act(() => {
  /* fire events that update state */
});
/* assert on the output */

This ensures that you're testing the behavior the user would see in the browser. Learn more at https://reactjs.org/link/wrap-tests-with-act
    at TemplateSelectionStep (C:/Users/Admin/graceful_books/src/components/wizards/steps/TemplateSelectionStep.tsx:7:3)

[90mstderr[2m | src/components/wizards/steps/TemplateSelectionStep.test.tsx[2m > [22m[2mTemplateSelectionStep[2m > [22m[2mshould be keyboard accessible
[22m[39mWarning: An update to TemplateSelectionStep inside a test was not wrapped in act(...).

When testing, code that causes React state updates should be wrapped into act(...):

act(() => {
  /* fire events that update state */
});
/* assert on the output */

This ensures that you're testing the behavior the user would see in the browser. Learn more at https://reactjs.org/link/wrap-tests-with-act
    at TemplateSelectionStep (C:/Users/Admin/graceful_books/src/components/wizards/steps/TemplateSelectionStep.tsx:7:3)

[90mstderr[2m | src/components/wizards/steps/TemplateSelectionStep.test.tsx[2m > [22m[2mTemplateSelectionStep[2m > [22m[2mshould be keyboard accessible
[22m[39mWarning: An update to TemplateSelectionStep inside a test was not wrapped in act(...).

When testing, code that causes React state updates should be wrapped into act(...):

act(() => {
  /* fire events that update state */
});
/* assert on the output */

This ensures that you're testing the behavior the user would see in the browser. Learn more at https://reactjs.org/link/wrap-tests-with-act
    at TemplateSelectionStep (C:/Users/Admin/graceful_books/src/components/wizards/steps/TemplateSelectionStep.tsx:7:3)

 [32m✓[39m src/components/wizards/steps/TemplateSelectionStep.test.tsx [2m([22m[2m10 tests[22m[2m)[22m[33m 1270[2mms[22m[39m
     [33m[2m✓[22m[39m should allow selecting a template [33m 314[2mms[22m[39m
     [33m[2m✓[22m[39m should call onSelect when continue button is clicked [33m 307[2mms[22m[39m
[90mstderr[2m | src/pages/Dashboard.test.tsx[2m > [22m[2mDashboard Page[2m > [22m[2mrendering[2m > [22m[2mshould render dashboard page
[22m[39m⚠️ React Router Future Flag Warning: React Router will begin wrapping state updates in `React.startTransition` in v7. You can use the `v7_startTransition` future flag to opt-in early. For more information, see https://reactrouter.com/v6/upgrading/future#v7_starttransition.
⚠️ React Router Future Flag Warning: Relative route resolution within Splat routes is changing in v7. You can use the `v7_relativeSplatPath` future flag to opt-in early. For more information, see https://reactrouter.com/v6/upgrading/future#v7_relativesplatpath.

 [32m✓[39m src/pages/Dashboard.test.tsx [2m([22m[2m17 tests[22m[2m)[22m[33m 1229[2mms[22m[39m
       [33m[2m✓[22m[39m should render quick actions [33m 346[2mms[22m[39m
[90mstderr[2m | src/store/categorization.test.ts[2m > [22m[2mCategorization Store[2m > [22m[2mSystem Rules Initialization[2m > [22m[2mshould initialize system categorization rules
[22m[39m[Database] TreasureChest database deleted 

[90mstdout[2m | src/store/categorization.test.ts[2m > [22m[2mCategorization Store[2m > [22m[2mSystem Rules Initialization[2m > [22m[2mshould initialize system categorization rules
[22m[39m[Database] TreasureChest database initialized successfully 

[90mstdout[2m | src/store/categorization.test.ts[2m > [22m[2mCategorization Store[2m > [22m[2mSystem Rules Initialization[2m > [22m[2mshould initialize system categorization rules
[22m[39m[CategorizationStore] Initialized system categorization rules { companyId: [32m'test-company-123'[39m, count: [33m15[39m }

[90mstderr[2m | src/store/categorization.test.ts[2m > [22m[2mCategorization Store[2m > [22m[2mSystem Rules Initialization[2m > [22m[2mshould initialize system categorization rules
[22m[39m[Database] TreasureChest database deleted 

[90mstderr[2m | src/store/categorization.test.ts[2m > [22m[2mCategorization Store[2m > [22m[2mSystem Rules Initialization[2m > [22m[2mshould map system rules to correct categories
[22m[39m[Database] TreasureChest database deleted 

[90mstdout[2m | src/store/categorization.test.ts[2m > [22m[2mCategorization Store[2m > [22m[2mSystem Rules Initialization[2m > [22m[2mshould map system rules to correct categories
[22m[39m[Database] TreasureChest database initialized successfully 

[90mstdout[2m | src/store/categorization.test.ts[2m > [22m[2mCategorization Store[2m > [22m[2mSystem Rules Initialization[2m > [22m[2mshould map system rules to correct categories
[22m[39m[CategorizationStore] Initialized system categorization rules { companyId: [32m'test-company-123'[39m, count: [33m15[39m }

[90mstderr[2m | src/store/categorization.test.ts[2m > [22m[2mCategorization Store[2m > [22m[2mSystem Rules Initialization[2m > [22m[2mshould map system rules to correct categories
[22m[39m[Database] TreasureChest database deleted 

[90mstderr[2m | src/store/categorization.test.ts[2m > [22m[2mCategorization Store[2m > [22m[2mSystem Rules Initialization[2m > [22m[2mshould handle missing category names gracefully
[22m[39m[Database] TreasureChest database deleted 

[90mstdout[2m | src/store/categorization.test.ts[2m > [22m[2mCategorization Store[2m > [22m[2mSystem Rules Initialization[2m > [22m[2mshould handle missing category names gracefully
[22m[39m[Database] TreasureChest database initialized successfully 

[90mstdout[2m | src/store/categorization.test.ts[2m > [22m[2mCategorization Store[2m > [22m[2mSystem Rules Initialization[2m > [22m[2mshould handle missing category names gracefully
[22m[39m[CategorizationStore] Initialized system categorization rules { companyId: [32m'test-company-123'[39m, count: [33m11[39m }

[90mstderr[2m | src/store/categorization.test.ts[2m > [22m[2mCategorization Store[2m > [22m[2mSystem Rules Initialization[2m > [22m[2mshould handle missing category names gracefully
[22m[39m[Database] TreasureChest database deleted 

[90mstderr[2m | src/store/categorization.test.ts[2m > [22m[2mCategorization Store[2m > [22m[2mCustom Rule Management[2m > [22m[2mshould create a custom categorization rule
[22m[39m[Database] TreasureChest database deleted 

[90mstdout[2m | src/store/categorization.test.ts[2m > [22m[2mCategorization Store[2m > [22m[2mCustom Rule Management[2m > [22m[2mshould create a custom categorization rule
[22m[39m[Database] TreasureChest database initialized successfully 

[90mstdout[2m | src/store/categorization.test.ts[2m > [22m[2mCategorization Store[2m > [22m[2mCustom Rule Management[2m > [22m[2mshould create a custom categorization rule
[22m[39m[CategorizationStore] Created custom categorization rule { ruleId: [32m'c5bc7eb0-cfc9-47de-8f10-c5636b993e95'[39m }

[90mstderr[2m | src/store/categorization.test.ts[2m > [22m[2mCategorization Store[2m > [22m[2mCustom Rule Management[2m > [22m[2mshould create a custom categorization rule
[22m[39m[Database] TreasureChest database deleted 

[90mstderr[2m | src/store/categorization.test.ts[2m > [22m[2mCategorization Store[2m > [22m[2mCustom Rule Management[2m > [22m[2mshould validate custom rule before creation
[22m[39m[Database] TreasureChest database deleted 

[90mstdout[2m | src/store/categorization.test.ts[2m > [22m[2mCategorization Store[2m > [22m[2mCustom Rule Management[2m > [22m[2mshould validate custom rule before creation
[22m[39m[Database] TreasureChest database initialized successfully 

[90mstderr[2m | src/store/categorization.test.ts[2m > [22m[2mCategorization Store[2m > [22m[2mCustom Rule Management[2m > [22m[2mshould validate custom rule before creation
[22m[39m[Database] TreasureChest database deleted 

[90mstderr[2m | src/store/categorization.test.ts[2m > [22m[2mCategorization Store[2m > [22m[2mCustom Rule Management[2m > [22m[2mshould validate regex patterns
[22m[39m[Database] TreasureChest database deleted 

[90mstdout[2m | src/store/categorization.test.ts[2m > [22m[2mCategorization Store[2m > [22m[2mCustom Rule Management[2m > [22m[2mshould validate regex patterns
[22m[39m[Database] TreasureChest database initialized successfully 

[90mstderr[2m | src/store/categorization.test.ts[2m > [22m[2mCategorization Store[2m > [22m[2mCustom Rule Management[2m > [22m[2mshould validate regex patterns
[22m[39m[Database] TreasureChest database deleted 

[90mstderr[2m | src/store/categorization.test.ts[2m > [22m[2mCategorization Store[2m > [22m[2mCustom Rule Management[2m > [22m[2mshould update a custom rule
[22m[39m[Database] TreasureChest database deleted 

[90mstdout[2m | src/store/categorization.test.ts[2m > [22m[2mCategorization Store[2m > [22m[2mCustom Rule Management[2m > [22m[2mshould update a custom rule
[22m[39m[Database] TreasureChest database initialized successfully 

[90mstdout[2m | src/store/categorization.test.ts[2m > [22m[2mCategorization Store[2m > [22m[2mCustom Rule Management[2m > [22m[2mshould update a custom rule
[22m[39m[CategorizationStore] Created custom categorization rule { ruleId: [32m'0b6de489-4d75-4e38-8941-949d2c3d9d63'[39m }

[90mstdout[2m | src/store/categorization.test.ts[2m > [22m[2mCategorization Store[2m > [22m[2mCustom Rule Management[2m > [22m[2mshould update a custom rule
[22m[39m[CategorizationStore] Updated categorization rule { ruleId: [32m'0b6de489-4d75-4e38-8941-949d2c3d9d63'[39m }

[90mstderr[2m | src/store/categorization.test.ts[2m > [22m[2mCategorization Store[2m > [22m[2mCustom Rule Management[2m > [22m[2mshould update a custom rule
[22m[39m[Database] TreasureChest database deleted 

[90mstderr[2m | src/store/categorization.test.ts[2m > [22m[2mCategorization Store[2m > [22m[2mCustom Rule Management[2m > [22m[2mshould not allow updating system rules
[22m[39m[Database] TreasureChest database deleted 

[90mstdout[2m | src/store/categorization.test.ts[2m > [22m[2mCategorization Store[2m > [22m[2mCustom Rule Management[2m > [22m[2mshould not allow updating system rules
[22m[39m[Database] TreasureChest database initialized successfully 

[90mstdout[2m | src/store/categorization.test.ts[2m > [22m[2mCategorization Store[2m > [22m[2mCustom Rule Management[2m > [22m[2mshould not allow updating system rules
[22m[39m[CategorizationStore] Initialized system categorization rules { companyId: [32m'test-company-123'[39m, count: [33m15[39m }

[90mstderr[2m | src/store/categorization.test.ts[2m > [22m[2mCategorization Store[2m > [22m[2mCustom Rule Management[2m > [22m[2mshould not allow updating system rules
[22m[39m[Database] TreasureChest database deleted 

[90mstderr[2m | src/store/categorization.test.ts[2m > [22m[2mCategorization Store[2m > [22m[2mCustom Rule Management[2m > [22m[2mshould delete a custom rule
[22m[39m[Database] TreasureChest database deleted 

[90mstdout[2m | src/store/categorization.test.ts[2m > [22m[2mCategorization Store[2m > [22m[2mCustom Rule Management[2m > [22m[2mshould delete a custom rule
[22m[39m[Database] TreasureChest database initialized successfully 

[90mstdout[2m | src/store/categorization.test.ts[2m > [22m[2mCategorization Store[2m > [22m[2mCustom Rule Management[2m > [22m[2mshould delete a custom rule
[22m[39m[CategorizationStore] Created custom categorization rule { ruleId: [32m'0e63089a-e7c3-43da-9e2e-9c53244ebfbd'[39m }

[90mstdout[2m | src/store/categorization.test.ts[2m > [22m[2mCategorization Store[2m > [22m[2mCustom Rule Management[2m > [22m[2mshould delete a custom rule
[22m[39m[CategorizationStore] Deleted categorization rule { ruleId: [32m'0e63089a-e7c3-43da-9e2e-9c53244ebfbd'[39m }

[90mstderr[2m | src/store/categorization.test.ts[2m > [22m[2mCategorization Store[2m > [22m[2mCustom Rule Management[2m > [22m[2mshould delete a custom rule
[22m[39m[Database] TreasureChest database deleted 

[90mstderr[2m | src/store/categorization.test.ts[2m > [22m[2mCategorization Store[2m > [22m[2mCustom Rule Management[2m > [22m[2mshould not allow deleting system rules
[22m[39m[Database] TreasureChest database deleted 

[90mstdout[2m | src/store/categorization.test.ts[2m > [22m[2mCategorization Store[2m > [22m[2mCustom Rule Management[2m > [22m[2mshould not allow deleting system rules
[22m[39m[Database] TreasureChest database initialized successfully 

[90mstdout[2m | src/store/categorization.test.ts[2m > [22m[2mCategorization Store[2m > [22m[2mCustom Rule Management[2m > [22m[2mshould not allow deleting system rules
[22m[39m[CategorizationStore] Initialized system categorization rules { companyId: [32m'test-company-123'[39m, count: [33m15[39m }

[90mstderr[2m | src/store/categorization.test.ts[2m > [22m[2mCategorization Store[2m > [22m[2mCustom Rule Management[2m > [22m[2mshould not allow deleting system rules
[22m[39m[Database] TreasureChest database deleted 

[90mstderr[2m | src/store/categorization.test.ts[2m > [22m[2mCategorization Store[2m > [22m[2mCustom Rule Management[2m > [22m[2mshould get rules sorted by priority
[22m[39m[Database] TreasureChest database deleted 

[90mstdout[2m | src/store/categorization.test.ts[2m > [22m[2mCategorization Store[2m > [22m[2mCustom Rule Management[2m > [22m[2mshould get rules sorted by priority
[22m[39m[Database] TreasureChest database initialized successfully 

[90mstdout[2m | src/store/categorization.test.ts[2m > [22m[2mCategorization Store[2m > [22m[2mCustom Rule Management[2m > [22m[2mshould get rules sorted by priority
[22m[39m[CategorizationStore] Created custom categorization rule { ruleId: [32m'43d6fa7e-098d-4af8-8966-879def7df921'[39m }

[90mstdout[2m | src/store/categorization.test.ts[2m > [22m[2mCategorization Store[2m > [22m[2mCustom Rule Management[2m > [22m[2mshould get rules sorted by priority
[22m[39m[CategorizationStore] Created custom categorization rule { ruleId: [32m'4c6c137a-535f-4905-a40d-a55b955ab5a0'[39m }

[90mstderr[2m | src/store/categorization.test.ts[2m > [22m[2mCategorization Store[2m > [22m[2mCustom Rule Management[2m > [22m[2mshould get rules sorted by priority
[22m[39m[Database] TreasureChest database deleted 

[90mstderr[2m | src/store/categorization.test.ts[2m > [22m[2mCategorization Store[2m > [22m[2mCustom Rule Management[2m > [22m[2mshould filter inactive rules by default
[22m[39m[Database] TreasureChest database deleted 

[90mstdout[2m | src/store/categorization.test.ts[2m > [22m[2mCategorization Store[2m > [22m[2mCustom Rule Management[2m > [22m[2mshould filter inactive rules by default
[22m[39m[Database] TreasureChest database initialized successfully 

[90mstdout[2m | src/store/categorization.test.ts[2m > [22m[2mCategorization Store[2m > [22m[2mCustom Rule Management[2m > [22m[2mshould filter inactive rules by default
[22m[39m[CategorizationStore] Created custom categorization rule { ruleId: [32m'47abcadd-820b-4897-99e6-05fb0c6ba77b'[39m }

[90mstdout[2m | src/store/categorization.test.ts[2m > [22m[2mCategorization Store[2m > [22m[2mCustom Rule Management[2m > [22m[2mshould filter inactive rules by default
[22m[39m[CategorizationStore] Created custom categorization rule { ruleId: [32m'857894de-96ee-48a2-ad9e-7f0a58e6c2c0'[39m }

[90mstderr[2m | src/store/categorization.test.ts[2m > [22m[2mCategorization Store[2m > [22m[2mCustom Rule Management[2m > [22m[2mshould filter inactive rules by default
[22m[39m[Database] TreasureChest database deleted 

[90mstderr[2m | src/store/categorization.test.ts[2m > [22m[2mCategorization Store[2m > [22m[2mSuggestion History[2m > [22m[2mshould record a suggestion
[22m[39m[Database] TreasureChest database deleted 

[90mstdout[2m | src/store/categorization.test.ts[2m > [22m[2mCategorization Store[2m > [22m[2mSuggestion History[2m > [22m[2mshould record a suggestion
[22m[39m[Database] TreasureChest database initialized successfully 

[90mstdout[2m | src/store/categorization.test.ts[2m > [22m[2mCategorization Store[2m > [22m[2mSuggestion History[2m > [22m[2mshould record a suggestion
[22m[39m[CategorizationStore] Recorded suggestion history {
  transactionId: [32m'txn-123'[39m,
  suggestionId: [32m'3be9dea2-6098-45ef-97f5-7a3819c7cc66'[39m
}

[90mstderr[2m | src/store/categorization.test.ts[2m > [22m[2mCategorization Store[2m > [22m[2mSuggestion History[2m > [22m[2mshould record a suggestion
[22m[39m[Database] TreasureChest database deleted 

[90mstderr[2m | src/store/categorization.test.ts[2m > [22m[2mCategorization Store[2m > [22m[2mSuggestion History[2m > [22m[2mshould retrieve suggestion history for a transaction
[22m[39m[Database] TreasureChest database deleted 

[90mstdout[2m | src/store/categorization.test.ts[2m > [22m[2mCategorization Store[2m > [22m[2mSuggestion History[2m > [22m[2mshould retrieve suggestion history for a transaction
[22m[39m[Database] TreasureChest database initialized successfully 

[90mstdout[2m | src/store/categorization.test.ts[2m > [22m[2mCategorization Store[2m > [22m[2mSuggestion History[2m > [22m[2mshould retrieve suggestion history for a transaction
[22m[39m[CategorizationStore] Recorded suggestion history {
  transactionId: [32m'txn-123'[39m,
  suggestionId: [32m'200c083a-af11-49d0-b352-d40c73b0ad93'[39m
}

[90mstderr[2m | src/store/categorization.test.ts[2m > [22m[2mCategorization Store[2m > [22m[2mSuggestion History[2m > [22m[2mshould retrieve suggestion history for a transaction
[22m[39m[Database] TreasureChest database deleted 

[90mstderr[2m | src/store/categorization.test.ts[2m > [22m[2mCategorization Store[2m > [22m[2mSuggestion History[2m > [22m[2mshould return null for transaction with no history
[22m[39m[Database] TreasureChest database deleted 

[90mstdout[2m | src/store/categorization.test.ts[2m > [22m[2mCategorization Store[2m > [22m[2mSuggestion History[2m > [22m[2mshould return null for transaction with no history
[22m[39m[Database] TreasureChest database initialized successfully 

[90mstderr[2m | src/store/categorization.test.ts[2m > [22m[2mCategorization Store[2m > [22m[2mSuggestion History[2m > [22m[2mshould return null for transaction with no history
[22m[39m[Database] TreasureChest database deleted 

[90mstderr[2m | src/store/categorization.test.ts[2m > [22m[2mCategorization Store[2m > [22m[2mTraining Data Management[2m > [22m[2mshould retrieve training data for a company
[22m[39m[Database] TreasureChest database deleted 

[90mstdout[2m | src/store/categorization.test.ts[2m > [22m[2mCategorization Store[2m > [22m[2mTraining Data Management[2m > [22m[2mshould retrieve training data for a company
[22m[39m[Database] TreasureChest database initialized successfully 

[90mstderr[2m | src/store/categorization.test.ts[2m > [22m[2mCategorization Store[2m > [22m[2mTraining Data Management[2m > [22m[2mshould retrieve training data for a company
[22m[39m[Database] TreasureChest database deleted 

[90mstderr[2m | src/store/categorization.test.ts[2m > [22m[2mCategorization Store[2m > [22m[2mTraining Data Management[2m > [22m[2mshould get training data statistics by category
[22m[39m[Database] TreasureChest database deleted 

[90mstdout[2m | src/store/categorization.test.ts[2m > [22m[2mCategorization Store[2m > [22m[2mTraining Data Management[2m > [22m[2mshould get training data statistics by category
[22m[39m[Database] TreasureChest database initialized successfully 

[90mstderr[2m | src/store/categorization.test.ts[2m > [22m[2mCategorization Store[2m > [22m[2mTraining Data Management[2m > [22m[2mshould get training data statistics by category
[22m[39m[Database] TreasureChest database deleted 

[90mstderr[2m | src/store/categorization.test.ts[2m > [22m[2mCategorization Store[2m > [22m[2mTraining Data Management[2m > [22m[2mshould clear training data for a company
[22m[39m[Database] TreasureChest database deleted 

[90mstdout[2m | src/store/categorization.test.ts[2m > [22m[2mCategorization Store[2m > [22m[2mTraining Data Management[2m > [22m[2mshould clear training data for a company
[22m[39m[Database] TreasureChest database initialized successfully 

[90mstdout[2m | src/store/categorization.test.ts[2m > [22m[2mCategorization Store[2m > [22m[2mTraining Data Management[2m > [22m[2mshould clear training data for a company
[22m[39m[CategorizationStore] Cleared training data { companyId: [32m'test-company-123'[39m, count: [33m5[39m }

[90mstderr[2m | src/store/categorization.test.ts[2m > [22m[2mCategorization Store[2m > [22m[2mTraining Data Management[2m > [22m[2mshould clear training data for a company
[22m[39m[Database] TreasureChest database deleted 

[90mstderr[2m | src/store/categorization.test.ts[2m > [22m[2mCategorization Store[2m > [22m[2mError Handling[2m > [22m[2mshould handle database errors gracefully
[22m[39m[Database] TreasureChest database deleted 

[90mstdout[2m | src/store/categorization.test.ts[2m > [22m[2mCategorization Store[2m > [22m[2mError Handling[2m > [22m[2mshould handle database errors gracefully
[22m[39m[Database] TreasureChest database initialized successfully 

[90mstderr[2m | src/store/categorization.test.ts[2m > [22m[2mCategorization Store[2m > [22m[2mError Handling[2m > [22m[2mshould handle database errors gracefully
[22m[39m[Database] TreasureChest database deleted 

[90mstderr[2m | src/store/categorization.test.ts[2m > [22m[2mCategorization Store[2m > [22m[2mError Handling[2m > [22m[2mshould handle non-existent rule updates
[22m[39m[Database] TreasureChest database deleted 

[90mstdout[2m | src/store/categorization.test.ts[2m > [22m[2mCategorization Store[2m > [22m[2mError Handling[2m > [22m[2mshould handle non-existent rule updates
[22m[39m[Database] TreasureChest database initialized successfully 

[90mstderr[2m | src/store/categorization.test.ts[2m > [22m[2mCategorization Store[2m > [22m[2mError Handling[2m > [22m[2mshould handle non-existent rule updates
[22m[39m[Database] TreasureChest database deleted 

[90mstderr[2m | src/store/categorization.test.ts[2m > [22m[2mCategorization Store[2m > [22m[2mError Handling[2m > [22m[2mshould handle non-existent rule deletions
[22m[39m[Database] TreasureChest database deleted 

[90mstdout[2m | src/store/categorization.test.ts[2m > [22m[2mCategorization Store[2m > [22m[2mError Handling[2m > [22m[2mshould handle non-existent rule deletions
[22m[39m[Database] TreasureChest database initialized successfully 

[90mstderr[2m | src/store/categorization.test.ts[2m > [22m[2mCategorization Store[2m > [22m[2mError Handling[2m > [22m[2mshould handle non-existent rule deletions
[22m[39m[Database] TreasureChest database deleted 

 [32m✓[39m src/store/categorization.test.ts [2m([22m[2m21 tests[22m[2m)[22m[33m 1437[2mms[22m[39m
[90mstderr[2m | src/components/checklist/ChecklistItem.test.tsx[2m > [22m[2mChecklistItem[2m > [22m[2mInteractions[2m > [22m[2mopens actions menu when actions button is clicked
[22m[39mWarning: An update to ChecklistItem inside a test was not wrapped in act(...).

When testing, code that causes React state updates should be wrapped into act(...):

act(() => {
  /* fire events that update state */
});
/* assert on the output */

This ensures that you're testing the behavior the user would see in the browser. Learn more at https://reactjs.org/link/wrap-tests-with-act
    at ChecklistItem (C:/Users/Admin/graceful_books/src/components/checklist/ChecklistItem.tsx:9:3)

[90mstderr[2m | src/components/checklist/ChecklistItem.test.tsx[2m > [22m[2mChecklistItem[2m > [22m[2mInteractions[2m > [22m[2mcalls onSnooze when snooze menu item is clicked
[22m[39mWarning: An update to ChecklistItem inside a test was not wrapped in act(...).

When testing, code that causes React state updates should be wrapped into act(...):

act(() => {
  /* fire events that update state */
});
/* assert on the output */

This ensures that you're testing the behavior the user would see in the browser. Learn more at https://reactjs.org/link/wrap-tests-with-act
    at ChecklistItem (C:/Users/Admin/graceful_books/src/components/checklist/ChecklistItem.tsx:9:3)

[90mstderr[2m | src/components/checklist/ChecklistItem.test.tsx[2m > [22m[2mChecklistItem[2m > [22m[2mInteractions[2m > [22m[2mcalls onSnooze when snooze menu item is clicked
[22m[39mWarning: An update to ChecklistItem inside a test was not wrapped in act(...).

When testing, code that causes React state updates should be wrapped into act(...):

act(() => {
  /* fire events that update state */
});
/* assert on the output */

This ensures that you're testing the behavior the user would see in the browser. Learn more at https://reactjs.org/link/wrap-tests-with-act
    at ChecklistItem (C:/Users/Admin/graceful_books/src/components/checklist/ChecklistItem.tsx:9:3)

[90mstderr[2m | src/components/checklist/ChecklistItem.test.tsx[2m > [22m[2mChecklistItem[2m > [22m[2mInteractions[2m > [22m[2mcalls onDelete when delete menu item is clicked for custom items
[22m[39mWarning: An update to ChecklistItem inside a test was not wrapped in act(...).

When testing, code that causes React state updates should be wrapped into act(...):

act(() => {
  /* fire events that update state */
});
/* assert on the output */

This ensures that you're testing the behavior the user would see in the browser. Learn more at https://reactjs.org/link/wrap-tests-with-act
    at ChecklistItem (C:/Users/Admin/graceful_books/src/components/checklist/ChecklistItem.tsx:9:3)

[90mstderr[2m | src/components/checklist/ChecklistItem.test.tsx[2m > [22m[2mChecklistItem[2m > [22m[2mInteractions[2m > [22m[2mcalls onDelete when delete menu item is clicked for custom items
[22m[39mWarning: An update to ChecklistItem inside a test was not wrapped in act(...).

When testing, code that causes React state updates should be wrapped into act(...):

act(() => {
  /* fire events that update state */
});
/* assert on the output */

This ensures that you're testing the behavior the user would see in the browser. Learn more at https://reactjs.org/link/wrap-tests-with-act
    at ChecklistItem (C:/Users/Admin/graceful_books/src/components/checklist/ChecklistItem.tsx:9:3)

[90mstderr[2m | src/components/checklist/ChecklistItem.test.tsx[2m > [22m[2mChecklistItem[2m > [22m[2mKeyboard Navigation[2m > [22m[2mtoggles actions menu with Enter key
[22m[39mWarning: An update to ChecklistItem inside a test was not wrapped in act(...).

When testing, code that causes React state updates should be wrapped into act(...):

act(() => {
  /* fire events that update state */
});
/* assert on the output */

This ensures that you're testing the behavior the user would see in the browser. Learn more at https://reactjs.org/link/wrap-tests-with-act
    at ChecklistItem (C:/Users/Admin/graceful_books/src/components/checklist/ChecklistItem.tsx:9:3)

[90mstderr[2m | src/components/checklist/ChecklistItem.test.tsx[2m > [22m[2mChecklistItem[2m > [22m[2mAccessibility[2m > [22m[2mhas proper role for actions menu
[22m[39mWarning: An update to ChecklistItem inside a test was not wrapped in act(...).

When testing, code that causes React state updates should be wrapped into act(...):

act(() => {
  /* fire events that update state */
});
/* assert on the output */

This ensures that you're testing the behavior the user would see in the browser. Learn more at https://reactjs.org/link/wrap-tests-with-act
    at ChecklistItem (C:/Users/Admin/graceful_books/src/components/checklist/ChecklistItem.tsx:9:3)

 [32m✓[39m src/components/checklist/ChecklistItem.test.tsx [2m([22m[2m18 tests[22m[2m)[22m[33m 1288[2mms[22m[39m
 [32m✓[39m src/hooks/useTutorial.test.ts [2m([22m[2m21 tests[22m[2m)[22m[33m 797[2mms[22m[39m
 [32m✓[39m src/components/core/Button.test.tsx [2m([22m[2m32 tests[22m[2m)[22m[33m 1044[2mms[22m[39m
[90mstderr[2m | src/services/categorization.service.test.ts[2m > [22m[2mCategorizationService[2m > [22m[2mRule-Based Suggestions[2m > [22m[2mshould suggest category based on vendor name pattern
[22m[39m[Database] TreasureChest database deleted 

[90mstdout[2m | src/services/categorization.service.test.ts[2m > [22m[2mCategorizationService[2m > [22m[2mRule-Based Suggestions[2m > [22m[2mshould suggest category based on vendor name pattern
[22m[39m[Database] TreasureChest database initialized successfully 

[90mstdout[2m | src/services/categorization.service.test.ts[2m > [22m[2mCategorizationService[2m > [22m[2mRule-Based Suggestions[2m > [22m[2mshould suggest category based on vendor name pattern
[22m[39m[CategorizationService] Initializing categorization service { companyId: [32m'test-company-123'[39m }

[90mstdout[2m | src/services/categorization.service.test.ts[2m > [22m[2mCategorizationService[2m > [22m[2mRule-Based Suggestions[2m > [22m[2mshould suggest category based on vendor name pattern
[22m[39m[CategorizationService] Loaded categories into cache { count: [33m7[39m }

[90mstdout[2m | src/services/categorization.service.test.ts[2m > [22m[2mCategorizationService[2m > [22m[2mRule-Based Suggestions[2m > [22m[2mshould suggest category based on vendor name pattern
[22m[39m[CategorizationService] Loaded rules into cache { count: [33m0[39m }

[90mstdout[2m | src/services/categorization.service.test.ts[2m > [22m[2mCategorizationService[2m > [22m[2mRule-Based Suggestions[2m > [22m[2mshould suggest category based on vendor name pattern
[22m[39m[CategorizationService] No trained model found 

[90mstdout[2m | src/services/categorization.service.test.ts[2m > [22m[2mCategorizationService[2m > [22m[2mRule-Based Suggestions[2m > [22m[2mshould suggest category based on vendor name pattern
[22m[39m[CategorizationService] Categorization service initialized successfully 

[90mstdout[2m | src/services/categorization.service.test.ts[2m > [22m[2mCategorizationService[2m > [22m[2mRule-Based Suggestions[2m > [22m[2mshould suggest category based on vendor name pattern
[22m[39m[CategorizationService] Initializing categorization service { companyId: [32m'test-company-123'[39m }

[90mstdout[2m | src/services/categorization.service.test.ts[2m > [22m[2mCategorizationService[2m > [22m[2mRule-Based Suggestions[2m > [22m[2mshould suggest category based on vendor name pattern
[22m[39m[CategorizationService] Loaded categories into cache { count: [33m7[39m }

[90mstdout[2m | src/services/categorization.service.test.ts[2m > [22m[2mCategorizationService[2m > [22m[2mRule-Based Suggestions[2m > [22m[2mshould suggest category based on vendor name pattern
[22m[39m[CategorizationService] Loaded rules into cache { count: [33m1[39m }

[90mstdout[2m | src/services/categorization.service.test.ts[2m > [22m[2mCategorizationService[2m > [22m[2mRule-Based Suggestions[2m > [22m[2mshould suggest category based on vendor name pattern
[22m[39m[CategorizationService] No trained model found 

[90mstdout[2m | src/services/categorization.service.test.ts[2m > [22m[2mCategorizationService[2m > [22m[2mRule-Based Suggestions[2m > [22m[2mshould suggest category based on vendor name pattern
[22m[39m[CategorizationService] Categorization service initialized successfully 

[90mstderr[2m | src/services/categorization.service.test.ts[2m > [22m[2mCategorizationService[2m > [22m[2mRule-Based Suggestions[2m > [22m[2mshould suggest category based on vendor name pattern
[22m[39m[Database] TreasureChest database deleted 

[90mstderr[2m | src/services/categorization.service.test.ts[2m > [22m[2mCategorizationService[2m > [22m[2mRule-Based Suggestions[2m > [22m[2mshould suggest category based on description pattern
[22m[39m[Database] TreasureChest database deleted 

[90mstdout[2m | src/services/categorization.service.test.ts[2m > [22m[2mCategorizationService[2m > [22m[2mRule-Based Suggestions[2m > [22m[2mshould suggest category based on description pattern
[22m[39m[Database] TreasureChest database initialized successfully 

[90mstdout[2m | src/services/categorization.service.test.ts[2m > [22m[2mCategorizationService[2m > [22m[2mRule-Based Suggestions[2m > [22m[2mshould suggest category based on description pattern
[22m[39m[CategorizationService] Initializing categorization service { companyId: [32m'test-company-123'[39m }

[90mstdout[2m | src/services/categorization.service.test.ts[2m > [22m[2mCategorizationService[2m > [22m[2mRule-Based Suggestions[2m > [22m[2mshould suggest category based on description pattern
[22m[39m[CategorizationService] Loaded categories into cache { count: [33m7[39m }

[90mstdout[2m | src/services/categorization.service.test.ts[2m > [22m[2mCategorizationService[2m > [22m[2mRule-Based Suggestions[2m > [22m[2mshould suggest category based on description pattern
[22m[39m[CategorizationService] Loaded rules into cache { count: [33m0[39m }

[90mstdout[2m | src/services/categorization.service.test.ts[2m > [22m[2mCategorizationService[2m > [22m[2mRule-Based Suggestions[2m > [22m[2mshould suggest category based on description pattern
[22m[39m[CategorizationService] No trained model found 

[90mstdout[2m | src/services/categorization.service.test.ts[2m > [22m[2mCategorizationService[2m > [22m[2mRule-Based Suggestions[2m > [22m[2mshould suggest category based on description pattern
[22m[39m[CategorizationService] Categorization service initialized successfully 

[90mstdout[2m | src/services/categorization.service.test.ts[2m > [22m[2mCategorizationService[2m > [22m[2mRule-Based Suggestions[2m > [22m[2mshould suggest category based on description pattern
[22m[39m[CategorizationService] Initializing categorization service { companyId: [32m'test-company-123'[39m }

[90mstdout[2m | src/services/categorization.service.test.ts[2m > [22m[2mCategorizationService[2m > [22m[2mRule-Based Suggestions[2m > [22m[2mshould suggest category based on description pattern
[22m[39m[CategorizationService] Loaded categories into cache { count: [33m7[39m }

[90mstdout[2m | src/services/categorization.service.test.ts[2m > [22m[2mCategorizationService[2m > [22m[2mRule-Based Suggestions[2m > [22m[2mshould suggest category based on description pattern
[22m[39m[CategorizationService] Loaded rules into cache { count: [33m1[39m }

[90mstdout[2m | src/services/categorization.service.test.ts[2m > [22m[2mCategorizationService[2m > [22m[2mRule-Based Suggestions[2m > [22m[2mshould suggest category based on description pattern
[22m[39m[CategorizationService] No trained model found 

[90mstdout[2m | src/services/categorization.service.test.ts[2m > [22m[2mCategorizationService[2m > [22m[2mRule-Based Suggestions[2m > [22m[2mshould suggest category based on description pattern
[22m[39m[CategorizationService] Categorization service initialized successfully 

[90mstderr[2m | src/services/categorization.service.test.ts[2m > [22m[2mCategorizationService[2m > [22m[2mRule-Based Suggestions[2m > [22m[2mshould suggest category based on description pattern
[22m[39m[Database] TreasureChest database deleted 

[90mstderr[2m | src/services/categorization.service.test.ts[2m > [22m[2mCategorizationService[2m > [22m[2mRule-Based Suggestions[2m > [22m[2mshould prioritize user rules over system rules
[22m[39m[Database] TreasureChest database deleted 

[90mstdout[2m | src/services/categorization.service.test.ts[2m > [22m[2mCategorizationService[2m > [22m[2mRule-Based Suggestions[2m > [22m[2mshould prioritize user rules over system rules
[22m[39m[Database] TreasureChest database initialized successfully 

[90mstdout[2m | src/services/categorization.service.test.ts[2m > [22m[2mCategorizationService[2m > [22m[2mRule-Based Suggestions[2m > [22m[2mshould prioritize user rules over system rules
[22m[39m[CategorizationService] Initializing categorization service { companyId: [32m'test-company-123'[39m }

[90mstdout[2m | src/services/categorization.service.test.ts[2m > [22m[2mCategorizationService[2m > [22m[2mRule-Based Suggestions[2m > [22m[2mshould prioritize user rules over system rules
[22m[39m[CategorizationService] Loaded categories into cache { count: [33m7[39m }

[90mstdout[2m | src/services/categorization.service.test.ts[2m > [22m[2mCategorizationService[2m > [22m[2mRule-Based Suggestions[2m > [22m[2mshould prioritize user rules over system rules
[22m[39m[CategorizationService] Loaded rules into cache { count: [33m0[39m }

[90mstdout[2m | src/services/categorization.service.test.ts[2m > [22m[2mCategorizationService[2m > [22m[2mRule-Based Suggestions[2m > [22m[2mshould prioritize user rules over system rules
[22m[39m[CategorizationService] No trained model found 

[90mstdout[2m | src/services/categorization.service.test.ts[2m > [22m[2mCategorizationService[2m > [22m[2mRule-Based Suggestions[2m > [22m[2mshould prioritize user rules over system rules
[22m[39m[CategorizationService] Categorization service initialized successfully 

[90mstdout[2m | src/services/categorization.service.test.ts[2m > [22m[2mCategorizationService[2m > [22m[2mRule-Based Suggestions[2m > [22m[2mshould prioritize user rules over system rules
[22m[39m[CategorizationService] Initializing categorization service { companyId: [32m'test-company-123'[39m }

[90mstdout[2m | src/services/categorization.service.test.ts[2m > [22m[2mCategorizationService[2m > [22m[2mRule-Based Suggestions[2m > [22m[2mshould prioritize user rules over system rules
[22m[39m[CategorizationService] Loaded categories into cache { count: [33m7[39m }

[90mstdout[2m | src/services/categorization.service.test.ts[2m > [22m[2mCategorizationService[2m > [22m[2mRule-Based Suggestions[2m > [22m[2mshould prioritize user rules over system rules
[22m[39m[CategorizationService] Loaded rules into cache { count: [33m2[39m }

[90mstdout[2m | src/services/categorization.service.test.ts[2m > [22m[2mCategorizationService[2m > [22m[2mRule-Based Suggestions[2m > [22m[2mshould prioritize user rules over system rules
[22m[39m[CategorizationService] No trained model found 

[90mstdout[2m | src/services/categorization.service.test.ts[2m > [22m[2mCategorizationService[2m > [22m[2mRule-Based Suggestions[2m > [22m[2mshould prioritize user rules over system rules
[22m[39m[CategorizationService] Categorization service initialized successfully 

[90mstderr[2m | src/services/categorization.service.test.ts[2m > [22m[2mCategorizationService[2m > [22m[2mRule-Based Suggestions[2m > [22m[2mshould prioritize user rules over system rules
[22m[39m[Database] TreasureChest database deleted 

[90mstderr[2m | src/services/categorization.service.test.ts[2m > [22m[2mCategorizationService[2m > [22m[2mRule-Based Suggestions[2m > [22m[2mshould handle regex patterns correctly
[22m[39m[Database] TreasureChest database deleted 

[90mstdout[2m | src/services/categorization.service.test.ts[2m > [22m[2mCategorizationService[2m > [22m[2mRule-Based Suggestions[2m > [22m[2mshould handle regex patterns correctly
[22m[39m[Database] TreasureChest database initialized successfully 

[90mstdout[2m | src/services/categorization.service.test.ts[2m > [22m[2mCategorizationService[2m > [22m[2mRule-Based Suggestions[2m > [22m[2mshould handle regex patterns correctly
[22m[39m[CategorizationService] Initializing categorization service { companyId: [32m'test-company-123'[39m }

[90mstdout[2m | src/services/categorization.service.test.ts[2m > [22m[2mCategorizationService[2m > [22m[2mRule-Based Suggestions[2m > [22m[2mshould handle regex patterns correctly
[22m[39m[CategorizationService] Loaded categories into cache { count: [33m7[39m }

[90mstdout[2m | src/services/categorization.service.test.ts[2m > [22m[2mCategorizationService[2m > [22m[2mRule-Based Suggestions[2m > [22m[2mshould handle regex patterns correctly
[22m[39m[CategorizationService] Loaded rules into cache { count: [33m0[39m }

[90mstdout[2m | src/services/categorization.service.test.ts[2m > [22m[2mCategorizationService[2m > [22m[2mRule-Based Suggestions[2m > [22m[2mshould handle regex patterns correctly
[22m[39m[CategorizationService] No trained model found 

[90mstdout[2m | src/services/categorization.service.test.ts[2m > [22m[2mCategorizationService[2m > [22m[2mRule-Based Suggestions[2m > [22m[2mshould handle regex patterns correctly
[22m[39m[CategorizationService] Categorization service initialized successfully 

[90mstdout[2m | src/services/categorization.service.test.ts[2m > [22m[2mCategorizationService[2m > [22m[2mRule-Based Suggestions[2m > [22m[2mshould handle regex patterns correctly
[22m[39m[CategorizationService] Initializing categorization service { companyId: [32m'test-company-123'[39m }

[90mstdout[2m | src/services/categorization.service.test.ts[2m > [22m[2mCategorizationService[2m > [22m[2mRule-Based Suggestions[2m > [22m[2mshould handle regex patterns correctly
[22m[39m[CategorizationService] Loaded categories into cache { count: [33m7[39m }

[90mstdout[2m | src/services/categorization.service.test.ts[2m > [22m[2mCategorizationService[2m > [22m[2mRule-Based Suggestions[2m > [22m[2mshould handle regex patterns correctly
[22m[39m[CategorizationService] Loaded rules into cache { count: [33m1[39m }

[90mstdout[2m | src/services/categorization.service.test.ts[2m > [22m[2mCategorizationService[2m > [22m[2mRule-Based Suggestions[2m > [22m[2mshould handle regex patterns correctly
[22m[39m[CategorizationService] No trained model found 

[90mstdout[2m | src/services/categorization.service.test.ts[2m > [22m[2mCategorizationService[2m > [22m[2mRule-Based Suggestions[2m > [22m[2mshould handle regex patterns correctly
[22m[39m[CategorizationService] Categorization service initialized successfully 

[90mstderr[2m | src/services/categorization.service.test.ts[2m > [22m[2mCategorizationService[2m > [22m[2mRule-Based Suggestions[2m > [22m[2mshould handle regex patterns correctly
[22m[39m[Database] TreasureChest database deleted 

[90mstderr[2m | src/services/categorization.service.test.ts[2m > [22m[2mCategorizationService[2m > [22m[2mLearning Mechanism[2m > [22m[2mshould record feedback and create training data
[22m[39m[Database] TreasureChest database deleted 

[90mstdout[2m | src/services/categorization.service.test.ts[2m > [22m[2mCategorizationService[2m > [22m[2mLearning Mechanism[2m > [22m[2mshould record feedback and create training data
[22m[39m[Database] TreasureChest database initialized successfully 

[90mstdout[2m | src/services/categorization.service.test.ts[2m > [22m[2mCategorizationService[2m > [22m[2mLearning Mechanism[2m > [22m[2mshould record feedback and create training data
[22m[39m[CategorizationService] Initializing categorization service { companyId: [32m'test-company-123'[39m }

[90mstdout[2m | src/services/categorization.service.test.ts[2m > [22m[2mCategorizationService[2m > [22m[2mLearning Mechanism[2m > [22m[2mshould record feedback and create training data
[22m[39m[CategorizationService] Loaded categories into cache { count: [33m7[39m }

[90mstdout[2m | src/services/categorization.service.test.ts[2m > [22m[2mCategorizationService[2m > [22m[2mLearning Mechanism[2m > [22m[2mshould record feedback and create training data
[22m[39m[CategorizationService] Loaded rules into cache { count: [33m0[39m }

[90mstdout[2m | src/services/categorization.service.test.ts[2m > [22m[2mCategorizationService[2m > [22m[2mLearning Mechanism[2m > [22m[2mshould record feedback and create training data
[22m[39m[CategorizationService] No trained model found 

[90mstdout[2m | src/services/categorization.service.test.ts[2m > [22m[2mCategorizationService[2m > [22m[2mLearning Mechanism[2m > [22m[2mshould record feedback and create training data
[22m[39m[CategorizationService] Categorization service initialized successfully 

[90mstdout[2m | src/services/categorization.service.test.ts[2m > [22m[2mCategorizationService[2m > [22m[2mLearning Mechanism[2m > [22m[2mshould record feedback and create training data
[22m[39m[CategorizationService] Recorded feedback successfully { transactionId: [32m'txn-123'[39m, wasCorrection: [33mtrue[39m }

[90mstderr[2m | src/services/categorization.service.test.ts[2m > [22m[2mCategorizationService[2m > [22m[2mLearning Mechanism[2m > [22m[2mshould record feedback and create training data
[22m[39m[Database] TreasureChest database deleted 

[90mstderr[2m | src/services/categorization.service.test.ts[2m > [22m[2mCategorizationService[2m > [22m[2mLearning Mechanism[2m > [22m[2mshould update accuracy metrics when feedback is recorded
[22m[39m[Database] TreasureChest database deleted 

[90mstdout[2m | src/services/categorization.service.test.ts[2m > [22m[2mCategorizationService[2m > [22m[2mLearning Mechanism[2m > [22m[2mshould update accuracy metrics when feedback is recorded
[22m[39m[Database] TreasureChest database initialized successfully 

[90mstdout[2m | src/services/categorization.service.test.ts[2m > [22m[2mCategorizationService[2m > [22m[2mLearning Mechanism[2m > [22m[2mshould update accuracy metrics when feedback is recorded
[22m[39m[CategorizationService] Initializing categorization service { companyId: [32m'test-company-123'[39m }

[90mstdout[2m | src/services/categorization.service.test.ts[2m > [22m[2mCategorizationService[2m > [22m[2mLearning Mechanism[2m > [22m[2mshould update accuracy metrics when feedback is recorded
[22m[39m[CategorizationService] Loaded categories into cache { count: [33m7[39m }

[90mstdout[2m | src/services/categorization.service.test.ts[2m > [22m[2mCategorizationService[2m > [22m[2mLearning Mechanism[2m > [22m[2mshould update accuracy metrics when feedback is recorded
[22m[39m[CategorizationService] Loaded rules into cache { count: [33m0[39m }

[90mstdout[2m | src/services/categorization.service.test.ts[2m > [22m[2mCategorizationService[2m > [22m[2mLearning Mechanism[2m > [22m[2mshould update accuracy metrics when feedback is recorded
[22m[39m[CategorizationService] No trained model found 

[90mstdout[2m | src/services/categorization.service.test.ts[2m > [22m[2mCategorizationService[2m > [22m[2mLearning Mechanism[2m > [22m[2mshould update accuracy metrics when feedback is recorded
[22m[39m[CategorizationService] Categorization service initialized successfully 

[90mstdout[2m | src/services/categorization.service.test.ts[2m > [22m[2mCategorizationService[2m > [22m[2mLearning Mechanism[2m > [22m[2mshould update accuracy metrics when feedback is recorded
[22m[39m[CategorizationService] Recorded feedback successfully { transactionId: [32m'txn-1'[39m, wasCorrection: [33mfalse[39m }

[90mstderr[2m | src/services/categorization.service.test.ts[2m > [22m[2mCategorizationService[2m > [22m[2mLearning Mechanism[2m > [22m[2mshould update accuracy metrics when feedback is recorded
[22m[39m[Database] TreasureChest database deleted 

[90mstderr[2m | src/services/categorization.service.test.ts[2m > [22m[2mCategorizationService[2m > [22m[2mLearning Mechanism[2m > [22m[2mshould track confidence-level breakdown in accuracy metrics
[22m[39m[Database] TreasureChest database deleted 

[90mstdout[2m | src/services/categorization.service.test.ts[2m > [22m[2mCategorizationService[2m > [22m[2mLearning Mechanism[2m > [22m[2mshould track confidence-level breakdown in accuracy metrics
[22m[39m[Database] TreasureChest database initialized successfully 

[90mstdout[2m | src/services/categorization.service.test.ts[2m > [22m[2mCategorizationService[2m > [22m[2mLearning Mechanism[2m > [22m[2mshould track confidence-level breakdown in accuracy metrics
[22m[39m[CategorizationService] Initializing categorization service { companyId: [32m'test-company-123'[39m }

[90mstdout[2m | src/services/categorization.service.test.ts[2m > [22m[2mCategorizationService[2m > [22m[2mLearning Mechanism[2m > [22m[2mshould track confidence-level breakdown in accuracy metrics
[22m[39m[CategorizationService] Loaded categories into cache { count: [33m7[39m }

[90mstdout[2m | src/services/categorization.service.test.ts[2m > [22m[2mCategorizationService[2m > [22m[2mLearning Mechanism[2m > [22m[2mshould track confidence-level breakdown in accuracy metrics
[22m[39m[CategorizationService] Loaded rules into cache { count: [33m0[39m }

[90mstdout[2m | src/services/categorization.service.test.ts[2m > [22m[2mCategorizationService[2m > [22m[2mLearning Mechanism[2m > [22m[2mshould track confidence-level breakdown in accuracy metrics
[22m[39m[CategorizationService] No trained model found 

[90mstdout[2m | src/services/categorization.service.test.ts[2m > [22m[2mCategorizationService[2m > [22m[2mLearning Mechanism[2m > [22m[2mshould track confidence-level breakdown in accuracy metrics
[22m[39m[CategorizationService] Categorization service initialized successfully 

[90mstdout[2m | src/services/categorization.service.test.ts[2m > [22m[2mCategorizationService[2m > [22m[2mLearning Mechanism[2m > [22m[2mshould track confidence-level breakdown in accuracy metrics
[22m[39m[CategorizationService] Recorded feedback successfully { transactionId: [32m'txn-1'[39m, wasCorrection: [33mfalse[39m }

[90mstdout[2m | src/services/categorization.service.test.ts[2m > [22m[2mCategorizationService[2m > [22m[2mLearning Mechanism[2m > [22m[2mshould track confidence-level breakdown in accuracy metrics
[22m[39m[CategorizationService] Recorded feedback successfully { transactionId: [32m'txn-2'[39m, wasCorrection: [33mtrue[39m }

[90mstderr[2m | src/services/categorization.service.test.ts[2m > [22m[2mCategorizationService[2m > [22m[2mLearning Mechanism[2m > [22m[2mshould track confidence-level breakdown in accuracy metrics
[22m[39m[Database] TreasureChest database deleted 

[90mstderr[2m | src/services/categorization.service.test.ts[2m > [22m[2mCategorizationService[2m > [22m[2mML Model Training[2m > [22m[2mshould not train with insufficient data
[22m[39m[Database] TreasureChest database deleted 

[90mstdout[2m | src/services/categorization.service.test.ts[2m > [22m[2mCategorizationService[2m > [22m[2mML Model Training[2m > [22m[2mshould not train with insufficient data
[22m[39m[Database] TreasureChest database initialized successfully 

[90mstdout[2m | src/services/categorization.service.test.ts[2m > [22m[2mCategorizationService[2m > [22m[2mML Model Training[2m > [22m[2mshould not train with insufficient data
[22m[39m[CategorizationService] Initializing categorization service { companyId: [32m'test-company-123'[39m }

[90mstdout[2m | src/services/categorization.service.test.ts[2m > [22m[2mCategorizationService[2m > [22m[2mML Model Training[2m > [22m[2mshould not train with insufficient data
[22m[39m[CategorizationService] Loaded categories into cache { count: [33m7[39m }

[90mstdout[2m | src/services/categorization.service.test.ts[2m > [22m[2mCategorizationService[2m > [22m[2mML Model Training[2m > [22m[2mshould not train with insufficient data
[22m[39m[CategorizationService] Loaded rules into cache { count: [33m0[39m }

[90mstdout[2m | src/services/categorization.service.test.ts[2m > [22m[2mCategorizationService[2m > [22m[2mML Model Training[2m > [22m[2mshould not train with insufficient data
[22m[39m[CategorizationService] No trained model found 

[90mstdout[2m | src/services/categorization.service.test.ts[2m > [22m[2mCategorizationService[2m > [22m[2mML Model Training[2m > [22m[2mshould not train with insufficient data
[22m[39m[CategorizationService] Categorization service initialized successfully 

[90mstdout[2m | src/services/categorization.service.test.ts[2m > [22m[2mCategorizationService[2m > [22m[2mML Model Training[2m > [22m[2mshould not train with insufficient data
[22m[39m[CategorizationService] Recorded feedback successfully { transactionId: [32m'txn-0'[39m, wasCorrection: [33mfalse[39m }

[90mstdout[2m | src/services/categorization.service.test.ts[2m > [22m[2mCategorizationService[2m > [22m[2mML Model Training[2m > [22m[2mshould not train with insufficient data
[22m[39m[CategorizationService] Recorded feedback successfully { transactionId: [32m'txn-1'[39m, wasCorrection: [33mfalse[39m }

[90mstdout[2m | src/services/categorization.service.test.ts[2m > [22m[2mCategorizationService[2m > [22m[2mML Model Training[2m > [22m[2mshould not train with insufficient data
[22m[39m[CategorizationService] Recorded feedback successfully { transactionId: [32m'txn-2'[39m, wasCorrection: [33mfalse[39m }

[90mstdout[2m | src/services/categorization.service.test.ts[2m > [22m[2mCategorizationService[2m > [22m[2mML Model Training[2m > [22m[2mshould not train with insufficient data
[22m[39m[CategorizationService] Recorded feedback successfully { transactionId: [32m'txn-3'[39m, wasCorrection: [33mfalse[39m }

[90mstdout[2m | src/services/categorization.service.test.ts[2m > [22m[2mCategorizationService[2m > [22m[2mML Model Training[2m > [22m[2mshould not train with insufficient data
[22m[39m[CategorizationService] Recorded feedback successfully { transactionId: [32m'txn-4'[39m, wasCorrection: [33mfalse[39m }

[90mstderr[2m | src/services/categorization.service.test.ts[2m > [22m[2mCategorizationService[2m > [22m[2mML Model Training[2m > [22m[2mshould not train with insufficient data
[22m[39m[Database] TreasureChest database deleted 

[90mstderr[2m | src/services/categorization.service.test.ts[2m > [22m[2mCategorizationService[2m > [22m[2mML Model Training[2m > [22m[2mshould train model with sufficient data
[22m[39m[Database] TreasureChest database deleted 

[90mstdout[2m | src/services/categorization.service.test.ts[2m > [22m[2mCategorizationService[2m > [22m[2mML Model Training[2m > [22m[2mshould train model with sufficient data
[22m[39m[Database] TreasureChest database initialized successfully 

[90mstdout[2m | src/services/categorization.service.test.ts[2m > [22m[2mCategorizationService[2m > [22m[2mML Model Training[2m > [22m[2mshould train model with sufficient data
[22m[39m[CategorizationService] Initializing categorization service { companyId: [32m'test-company-123'[39m }

[90mstdout[2m | src/services/categorization.service.test.ts[2m > [22m[2mCategorizationService[2m > [22m[2mML Model Training[2m > [22m[2mshould train model with sufficient data
[22m[39m[CategorizationService] Loaded categories into cache { count: [33m7[39m }

[90mstdout[2m | src/services/categorization.service.test.ts[2m > [22m[2mCategorizationService[2m > [22m[2mML Model Training[2m > [22m[2mshould train model with sufficient data
[22m[39m[CategorizationService] Loaded rules into cache { count: [33m0[39m }

[90mstdout[2m | src/services/categorization.service.test.ts[2m > [22m[2mCategorizationService[2m > [22m[2mML Model Training[2m > [22m[2mshould train model with sufficient data
[22m[39m[CategorizationService] No trained model found 

[90mstdout[2m | src/services/categorization.service.test.ts[2m > [22m[2mCategorizationService[2m > [22m[2mML Model Training[2m > [22m[2mshould train model with sufficient data
[22m[39m[CategorizationService] Categorization service initialized successfully 

[90mstdout[2m | src/services/categorization.service.test.ts[2m > [22m[2mCategorizationService[2m > [22m[2mML Model Training[2m > [22m[2mshould train model with sufficient data
[22m[39m[CategorizationService] Starting model training 

[90mstdout[2m | src/services/categorization.service.test.ts[2m > [22m[2mCategorizationService[2m > [22m[2mML Model Training[2m > [22m[2mshould train model with sufficient data
[22m[39m[CategorizationService] Model training completed successfully { trainingExamples: [33m10[39m }

[90mstderr[2m | src/services/categorization.service.test.ts[2m > [22m[2mCategorizationService[2m > [22m[2mML Model Training[2m > [22m[2mshould train model with sufficient data
[22m[39m[Database] TreasureChest database deleted 

[90mstderr[2m | src/services/categorization.service.test.ts[2m > [22m[2mCategorizationService[2m > [22m[2mAccuracy Tracking[2m > [22m[2mshould calculate overall accuracy correctly
[22m[39m[Database] TreasureChest database deleted 

[90mstdout[2m | src/services/categorization.service.test.ts[2m > [22m[2mCategorizationService[2m > [22m[2mAccuracy Tracking[2m > [22m[2mshould calculate overall accuracy correctly
[22m[39m[Database] TreasureChest database initialized successfully 

[90mstdout[2m | src/services/categorization.service.test.ts[2m > [22m[2mCategorizationService[2m > [22m[2mAccuracy Tracking[2m > [22m[2mshould calculate overall accuracy correctly
[22m[39m[CategorizationService] Initializing categorization service { companyId: [32m'test-company-123'[39m }

[90mstdout[2m | src/services/categorization.service.test.ts[2m > [22m[2mCategorizationService[2m > [22m[2mAccuracy Tracking[2m > [22m[2mshould calculate overall accuracy correctly
[22m[39m[CategorizationService] Loaded categories into cache { count: [33m7[39m }

[90mstdout[2m | src/services/categorization.service.test.ts[2m > [22m[2mCategorizationService[2m > [22m[2mAccuracy Tracking[2m > [22m[2mshould calculate overall accuracy correctly
[22m[39m[CategorizationService] Loaded rules into cache { count: [33m0[39m }

[90mstdout[2m | src/services/categorization.service.test.ts[2m > [22m[2mCategorizationService[2m > [22m[2mAccuracy Tracking[2m > [22m[2mshould calculate overall accuracy correctly
[22m[39m[CategorizationService] No trained model found 

[90mstdout[2m | src/services/categorization.service.test.ts[2m > [22m[2mCategorizationService[2m > [22m[2mAccuracy Tracking[2m > [22m[2mshould calculate overall accuracy correctly
[22m[39m[CategorizationService] Categorization service initialized successfully 

[90mstdout[2m | src/services/categorization.service.test.ts[2m > [22m[2mCategorizationService[2m > [22m[2mAccuracy Tracking[2m > [22m[2mshould calculate overall accuracy correctly
[22m[39m[CategorizationService] Recorded feedback successfully { transactionId: [32m'txn-accepted-0'[39m, wasCorrection: [33mfalse[39m }

[90mstdout[2m | src/services/categorization.service.test.ts[2m > [22m[2mCategorizationService[2m > [22m[2mAccuracy Tracking[2m > [22m[2mshould calculate overall accuracy correctly
[22m[39m[CategorizationService] Recorded feedback successfully { transactionId: [32m'txn-accepted-1'[39m, wasCorrection: [33mfalse[39m }

[90mstdout[2m | src/services/categorization.service.test.ts[2m > [22m[2mCategorizationService[2m > [22m[2mAccuracy Tracking[2m > [22m[2mshould calculate overall accuracy correctly
[22m[39m[CategorizationService] Recorded feedback successfully { transactionId: [32m'txn-accepted-2'[39m, wasCorrection: [33mfalse[39m }

[90mstdout[2m | src/services/categorization.service.test.ts[2m > [22m[2mCategorizationService[2m > [22m[2mAccuracy Tracking[2m > [22m[2mshould calculate overall accuracy correctly
[22m[39m[CategorizationService] Recorded feedback successfully { transactionId: [32m'txn-corrected-0'[39m, wasCorrection: [33mtrue[39m }

[90mstdout[2m | src/services/categorization.service.test.ts[2m > [22m[2mCategorizationService[2m > [22m[2mAccuracy Tracking[2m > [22m[2mshould calculate overall accuracy correctly
[22m[39m[CategorizationService] Recorded feedback successfully { transactionId: [32m'txn-corrected-1'[39m, wasCorrection: [33mtrue[39m }

[90mstderr[2m | src/services/categorization.service.test.ts[2m > [22m[2mCategorizationService[2m > [22m[2mAccuracy Tracking[2m > [22m[2mshould calculate overall accuracy correctly
[22m[39m[Database] TreasureChest database deleted 

[90mstderr[2m | src/services/categorization.service.test.ts[2m > [22m[2mCategorizationService[2m > [22m[2mAccuracy Tracking[2m > [22m[2mshould track suggestion quality improvement over time
[22m[39m[Database] TreasureChest database deleted 

[90mstdout[2m | src/services/categorization.service.test.ts[2m > [22m[2mCategorizationService[2m > [22m[2mAccuracy Tracking[2m > [22m[2mshould track suggestion quality improvement over time
[22m[39m[Database] TreasureChest database initialized successfully 

[90mstdout[2m | src/services/categorization.service.test.ts[2m > [22m[2mCategorizationService[2m > [22m[2mAccuracy Tracking[2m > [22m[2mshould track suggestion quality improvement over time
[22m[39m[CategorizationService] Initializing categorization service { companyId: [32m'test-company-123'[39m }

[90mstdout[2m | src/services/categorization.service.test.ts[2m > [22m[2mCategorizationService[2m > [22m[2mAccuracy Tracking[2m > [22m[2mshould track suggestion quality improvement over time
[22m[39m[CategorizationService] Loaded categories into cache { count: [33m7[39m }

[90mstdout[2m | src/services/categorization.service.test.ts[2m > [22m[2mCategorizationService[2m > [22m[2mAccuracy Tracking[2m > [22m[2mshould track suggestion quality improvement over time
[22m[39m[CategorizationService] Loaded rules into cache { count: [33m0[39m }

[90mstdout[2m | src/services/categorization.service.test.ts[2m > [22m[2mCategorizationService[2m > [22m[2mAccuracy Tracking[2m > [22m[2mshould track suggestion quality improvement over time
[22m[39m[CategorizationService] No trained model found 

[90mstdout[2m | src/services/categorization.service.test.ts[2m > [22m[2mCategorizationService[2m > [22m[2mAccuracy Tracking[2m > [22m[2mshould track suggestion quality improvement over time
[22m[39m[CategorizationService] Categorization service initialized successfully 

[90mstdout[2m | src/services/categorization.service.test.ts[2m > [22m[2mCategorizationService[2m > [22m[2mAccuracy Tracking[2m > [22m[2mshould track suggestion quality improvement over time
[22m[39m[CategorizationService] Recorded feedback successfully { transactionId: [32m'txn-early-0'[39m, wasCorrection: [33mfalse[39m }

[90mstdout[2m | src/services/categorization.service.test.ts[2m > [22m[2mCategorizationService[2m > [22m[2mAccuracy Tracking[2m > [22m[2mshould track suggestion quality improvement over time
[22m[39m[CategorizationService] Recorded feedback successfully { transactionId: [32m'txn-early-1'[39m, wasCorrection: [33mfalse[39m }

[90mstdout[2m | src/services/categorization.service.test.ts[2m > [22m[2mCategorizationService[2m > [22m[2mAccuracy Tracking[2m > [22m[2mshould track suggestion quality improvement over time
[22m[39m[CategorizationService] Recorded feedback successfully { transactionId: [32m'txn-early-2'[39m, wasCorrection: [33mtrue[39m }

[90mstdout[2m | src/services/categorization.service.test.ts[2m > [22m[2mCategorizationService[2m > [22m[2mAccuracy Tracking[2m > [22m[2mshould track suggestion quality improvement over time
[22m[39m[CategorizationService] Recorded feedback successfully { transactionId: [32m'txn-early-3'[39m, wasCorrection: [33mtrue[39m }

[90mstdout[2m | src/services/categorization.service.test.ts[2m > [22m[2mCategorizationService[2m > [22m[2mAccuracy Tracking[2m > [22m[2mshould track suggestion quality improvement over time
[22m[39m[CategorizationService] Recorded feedback successfully { transactionId: [32m'txn-early-4'[39m, wasCorrection: [33mtrue[39m }

[90mstdout[2m | src/services/categorization.service.test.ts[2m > [22m[2mCategorizationService[2m > [22m[2mAccuracy Tracking[2m > [22m[2mshould track suggestion quality improvement over time
[22m[39m[CategorizationService] Recorded feedback successfully { transactionId: [32m'txn-later-0'[39m, wasCorrection: [33mfalse[39m }

[90mstdout[2m | src/services/categorization.service.test.ts[2m > [22m[2mCategorizationService[2m > [22m[2mAccuracy Tracking[2m > [22m[2mshould track suggestion quality improvement over time
[22m[39m[CategorizationService] Recorded feedback successfully { transactionId: [32m'txn-later-1'[39m, wasCorrection: [33mfalse[39m }

[90mstdout[2m | src/services/categorization.service.test.ts[2m > [22m[2mCategorizationService[2m > [22m[2mAccuracy Tracking[2m > [22m[2mshould track suggestion quality improvement over time
[22m[39m[CategorizationService] Recorded feedback successfully { transactionId: [32m'txn-later-2'[39m, wasCorrection: [33mfalse[39m }

[90mstdout[2m | src/services/categorization.service.test.ts[2m > [22m[2mCategorizationService[2m > [22m[2mAccuracy Tracking[2m > [22m[2mshould track suggestion quality improvement over time
[22m[39m[CategorizationService] Recorded feedback successfully { transactionId: [32m'txn-later-3'[39m, wasCorrection: [33mfalse[39m }

[90mstdout[2m | src/services/categorization.service.test.ts[2m > [22m[2mCategorizationService[2m > [22m[2mAccuracy Tracking[2m > [22m[2mshould track suggestion quality improvement over time
[22m[39m[CategorizationService] Starting model training 

[90mstdout[2m | src/services/categorization.service.test.ts[2m > [22m[2mCategorizationService[2m > [22m[2mAccuracy Tracking[2m > [22m[2mshould track suggestion quality improvement over time
[22m[39m[CategorizationService] Model training completed successfully { trainingExamples: [33m10[39m }

[90mstdout[2m | src/services/categorization.service.test.ts[2m > [22m[2mCategorizationService[2m > [22m[2mAccuracy Tracking[2m > [22m[2mshould track suggestion quality improvement over time
[22m[39m[CategorizationService] Recorded feedback successfully { transactionId: [32m'txn-later-4'[39m, wasCorrection: [33mfalse[39m }

[90mstderr[2m | src/services/categorization.service.test.ts[2m > [22m[2mCategorizationService[2m > [22m[2mAccuracy Tracking[2m > [22m[2mshould track suggestion quality improvement over time
[22m[39m[Database] TreasureChest database deleted 

[90mstderr[2m | src/services/categorization.service.test.ts[2m > [22m[2mCategorizationService[2m > [22m[2mBulk Categorization[2m > [22m[2mshould bulk categorize multiple transactions
[22m[39m[Database] TreasureChest database deleted 

[90mstdout[2m | src/services/categorization.service.test.ts[2m > [22m[2mCategorizationService[2m > [22m[2mBulk Categorization[2m > [22m[2mshould bulk categorize multiple transactions
[22m[39m[Database] TreasureChest database initialized successfully 

[90mstdout[2m | src/services/categorization.service.test.ts[2m > [22m[2mCategorizationService[2m > [22m[2mBulk Categorization[2m > [22m[2mshould bulk categorize multiple transactions
[22m[39m[CategorizationService] Initializing categorization service { companyId: [32m'test-company-123'[39m }

[90mstdout[2m | src/services/categorization.service.test.ts[2m > [22m[2mCategorizationService[2m > [22m[2mBulk Categorization[2m > [22m[2mshould bulk categorize multiple transactions
[22m[39m[CategorizationService] Loaded categories into cache { count: [33m7[39m }

[90mstdout[2m | src/services/categorization.service.test.ts[2m > [22m[2mCategorizationService[2m > [22m[2mBulk Categorization[2m > [22m[2mshould bulk categorize multiple transactions
[22m[39m[CategorizationService] Loaded rules into cache { count: [33m0[39m }

[90mstdout[2m | src/services/categorization.service.test.ts[2m > [22m[2mCategorizationService[2m > [22m[2mBulk Categorization[2m > [22m[2mshould bulk categorize multiple transactions
[22m[39m[CategorizationService] No trained model found 

[90mstdout[2m | src/services/categorization.service.test.ts[2m > [22m[2mCategorizationService[2m > [22m[2mBulk Categorization[2m > [22m[2mshould bulk categorize multiple transactions
[22m[39m[CategorizationService] Categorization service initialized successfully 

[90mstderr[2m | src/services/categorization.service.test.ts[2m > [22m[2mCategorizationService[2m > [22m[2mBulk Categorization[2m > [22m[2mshould bulk categorize multiple transactions
[22m[39m[Database] TreasureChest database deleted 

[90mstderr[2m | src/services/categorization.service.test.ts[2m > [22m[2mCategorizationService[2m > [22m[2mHybrid Approach[2m > [22m[2mshould use rules when ML confidence is insufficient
[22m[39m[Database] TreasureChest database deleted 

[90mstdout[2m | src/services/categorization.service.test.ts[2m > [22m[2mCategorizationService[2m > [22m[2mHybrid Approach[2m > [22m[2mshould use rules when ML confidence is insufficient
[22m[39m[Database] TreasureChest database initialized successfully 

[90mstdout[2m | src/services/categorization.service.test.ts[2m > [22m[2mCategorizationService[2m > [22m[2mHybrid Approach[2m > [22m[2mshould use rules when ML confidence is insufficient
[22m[39m[CategorizationService] Initializing categorization service { companyId: [32m'test-company-123'[39m }

[90mstdout[2m | src/services/categorization.service.test.ts[2m > [22m[2mCategorizationService[2m > [22m[2mHybrid Approach[2m > [22m[2mshould use rules when ML confidence is insufficient
[22m[39m[CategorizationService] Loaded categories into cache { count: [33m7[39m }

[90mstdout[2m | src/services/categorization.service.test.ts[2m > [22m[2mCategorizationService[2m > [22m[2mHybrid Approach[2m > [22m[2mshould use rules when ML confidence is insufficient
[22m[39m[CategorizationService] Loaded rules into cache { count: [33m0[39m }

[90mstdout[2m | src/services/categorization.service.test.ts[2m > [22m[2mCategorizationService[2m > [22m[2mHybrid Approach[2m > [22m[2mshould use rules when ML confidence is insufficient
[22m[39m[CategorizationService] No trained model found 

[90mstdout[2m | src/services/categorization.service.test.ts[2m > [22m[2mCategorizationService[2m > [22m[2mHybrid Approach[2m > [22m[2mshould use rules when ML confidence is insufficient
[22m[39m[CategorizationService] Categorization service initialized successfully 

[90mstdout[2m | src/services/categorization.service.test.ts[2m > [22m[2mCategorizationService[2m > [22m[2mHybrid Approach[2m > [22m[2mshould use rules when ML confidence is insufficient
[22m[39m[CategorizationService] Initializing categorization service { companyId: [32m'test-company-123'[39m }

[90mstdout[2m | src/services/categorization.service.test.ts[2m > [22m[2mCategorizationService[2m > [22m[2mHybrid Approach[2m > [22m[2mshould use rules when ML confidence is insufficient
[22m[39m[CategorizationService] Loaded categories into cache { count: [33m7[39m }

[90mstdout[2m | src/services/categorization.service.test.ts[2m > [22m[2mCategorizationService[2m > [22m[2mHybrid Approach[2m > [22m[2mshould use rules when ML confidence is insufficient
[22m[39m[CategorizationService] Loaded rules into cache { count: [33m1[39m }

[90mstdout[2m | src/services/categorization.service.test.ts[2m > [22m[2mCategorizationService[2m > [22m[2mHybrid Approach[2m > [22m[2mshould use rules when ML confidence is insufficient
[22m[39m[CategorizationService] No trained model found 

[90mstdout[2m | src/services/categorization.service.test.ts[2m > [22m[2mCategorizationService[2m > [22m[2mHybrid Approach[2m > [22m[2mshould use rules when ML confidence is insufficient
[22m[39m[CategorizationService] Categorization service initialized successfully 

[90mstdout[2m | src/services/categorization.service.test.ts[2m > [22m[2mCategorizationService[2m > [22m[2mHybrid Approach[2m > [22m[2mshould use rules when ML confidence is insufficient
[22m[39m[CategorizationService] Starting model training 

[90mstdout[2m | src/services/categorization.service.test.ts[2m > [22m[2mCategorizationService[2m > [22m[2mHybrid Approach[2m > [22m[2mshould use rules when ML confidence is insufficient
[22m[39m[CategorizationService] Model training completed successfully { trainingExamples: [33m40[39m }

[90mstderr[2m | src/services/categorization.service.test.ts[2m > [22m[2mCategorizationService[2m > [22m[2mHybrid Approach[2m > [22m[2mshould use rules when ML confidence is insufficient
[22m[39m[Database] TreasureChest database deleted 

[90mstderr[2m | src/services/categorization.service.test.ts[2m > [22m[2mCategorizationService[2m > [22m[2mError Handling[2m > [22m[2mshould handle missing vendor name gracefully
[22m[39m[Database] TreasureChest database deleted 

[90mstdout[2m | src/services/categorization.service.test.ts[2m > [22m[2mCategorizationService[2m > [22m[2mError Handling[2m > [22m[2mshould handle missing vendor name gracefully
[22m[39m[Database] TreasureChest database initialized successfully 

[90mstdout[2m | src/services/categorization.service.test.ts[2m > [22m[2mCategorizationService[2m > [22m[2mError Handling[2m > [22m[2mshould handle missing vendor name gracefully
[22m[39m[CategorizationService] Initializing categorization service { companyId: [32m'test-company-123'[39m }

[90mstdout[2m | src/services/categorization.service.test.ts[2m > [22m[2mCategorizationService[2m > [22m[2mError Handling[2m > [22m[2mshould handle missing vendor name gracefully
[22m[39m[CategorizationService] Loaded categories into cache { count: [33m7[39m }

[90mstdout[2m | src/services/categorization.service.test.ts[2m > [22m[2mCategorizationService[2m > [22m[2mError Handling[2m > [22m[2mshould handle missing vendor name gracefully
[22m[39m[CategorizationService] Loaded rules into cache { count: [33m0[39m }

[90mstdout[2m | src/services/categorization.service.test.ts[2m > [22m[2mCategorizationService[2m > [22m[2mError Handling[2m > [22m[2mshould handle missing vendor name gracefully
[22m[39m[CategorizationService] No trained model found 

[90mstdout[2m | src/services/categorization.service.test.ts[2m > [22m[2mCategorizationService[2m > [22m[2mError Handling[2m > [22m[2mshould handle missing vendor name gracefully
[22m[39m[CategorizationService] Categorization service initialized successfully 

[90mstderr[2m | src/services/categorization.service.test.ts[2m > [22m[2mCategorizationService[2m > [22m[2mError Handling[2m > [22m[2mshould handle missing vendor name gracefully
[22m[39m[Database] TreasureChest database deleted 

[90mstderr[2m | src/services/categorization.service.test.ts[2m > [22m[2mCategorizationService[2m > [22m[2mError Handling[2m > [22m[2mshould return null when no suggestion is available
[22m[39m[Database] TreasureChest database deleted 

[90mstdout[2m | src/services/categorization.service.test.ts[2m > [22m[2mCategorizationService[2m > [22m[2mError Handling[2m > [22m[2mshould return null when no suggestion is available
[22m[39m[Database] TreasureChest database initialized successfully 

[90mstdout[2m | src/services/categorization.service.test.ts[2m > [22m[2mCategorizationService[2m > [22m[2mError Handling[2m > [22m[2mshould return null when no suggestion is available
[22m[39m[CategorizationService] Initializing categorization service { companyId: [32m'test-company-123'[39m }

[90mstdout[2m | src/services/categorization.service.test.ts[2m > [22m[2mCategorizationService[2m > [22m[2mError Handling[2m > [22m[2mshould return null when no suggestion is available
[22m[39m[CategorizationService] Loaded categories into cache { count: [33m7[39m }

[90mstdout[2m | src/services/categorization.service.test.ts[2m > [22m[2mCategorizationService[2m > [22m[2mError Handling[2m > [22m[2mshould return null when no suggestion is available
[22m[39m[CategorizationService] Loaded rules into cache { count: [33m0[39m }

[90mstdout[2m | src/services/categorization.service.test.ts[2m > [22m[2mCategorizationService[2m > [22m[2mError Handling[2m > [22m[2mshould return null when no suggestion is available
[22m[39m[CategorizationService] No trained model found 

[90mstdout[2m | src/services/categorization.service.test.ts[2m > [22m[2mCategorizationService[2m > [22m[2mError Handling[2m > [22m[2mshould return null when no suggestion is available
[22m[39m[CategorizationService] Categorization service initialized successfully 

[90mstderr[2m | src/services/categorization.service.test.ts[2m > [22m[2mCategorizationService[2m > [22m[2mError Handling[2m > [22m[2mshould return null when no suggestion is available
[22m[39m[Database] TreasureChest database deleted 

 [32m✓[39m src/services/categorization.service.test.ts [2m([22m[2m15 tests[22m[2m)[22m[33m 1116[2mms[22m[39m
 [32m✓[39m src/components/help/HelpCenter.test.tsx [2m([22m[2m21 tests[22m[2m)[22m[33m 1016[2mms[22m[39m
 [32m✓[39m src/components/reports/BalanceSheetReport.test.tsx [2m([22m[2m15 tests[22m[2m)[22m[33m 993[2mms[22m[39m
     [33m[2m✓[22m[39m should toggle explanations when button clicked [33m 340[2mms[22m[39m
 [32m✓[39m src/components/dashboard/QuickActions.test.tsx [2m([22m[2m26 tests[22m[2m)[22m[33m 1076[2mms[22m[39m
 [32m✓[39m src/components/checklist/ChecklistProgress.test.tsx [2m([22m[2m22 tests[22m[2m)[22m[33m 916[2mms[22m[39m
[90mstdout[2m | src/store/emailPreferences.test.ts[2m > [22m[2mEmail Preferences Store[2m > [22m[2mgetEmailPreferences[2m > [22m[2mshould return preferences when they exist
[22m[39m[EmailPreferencesStore] Created default email preferences { userId: [32m'user-test-123'[39m, companyId: [32m'company-test-456'[39m }

[90mstdout[2m | src/store/emailPreferences.test.ts[2m > [22m[2mEmail Preferences Store[2m > [22m[2mgetEmailPreferences[2m > [22m[2mshould not return soft-deleted preferences
[22m[39m[EmailPreferencesStore] Created default email preferences { userId: [32m'user-test-123'[39m, companyId: [32m'company-test-456'[39m }

[90mstdout[2m | src/store/emailPreferences.test.ts[2m > [22m[2mEmail Preferences Store[2m > [22m[2mgetEmailPreferences[2m > [22m[2mshould not return soft-deleted preferences
[22m[39m[EmailPreferencesStore] Deleted email preferences { userId: [32m'user-test-123'[39m }

[90mstdout[2m | src/store/emailPreferences.test.ts[2m > [22m[2mEmail Preferences Store[2m > [22m[2mgetOrCreateEmailPreferences[2m > [22m[2mshould create default preferences if none exist
[22m[39m[EmailPreferencesStore] Created default email preferences { userId: [32m'user-test-123'[39m, companyId: [32m'company-test-456'[39m }

[90mstdout[2m | src/store/emailPreferences.test.ts[2m > [22m[2mEmail Preferences Store[2m > [22m[2mgetOrCreateEmailPreferences[2m > [22m[2mshould return existing preferences if they exist
[22m[39m[EmailPreferencesStore] Created default email preferences { userId: [32m'user-test-123'[39m, companyId: [32m'company-test-456'[39m }

[90mstdout[2m | src/store/emailPreferences.test.ts[2m > [22m[2mEmail Preferences Store[2m > [22m[2mgetOrCreateEmailPreferences[2m > [22m[2mshould set proper version vector on creation
[22m[39m[EmailPreferencesStore] Created default email preferences { userId: [32m'user-test-123'[39m, companyId: [32m'company-test-456'[39m }

[90mstdout[2m | src/store/emailPreferences.test.ts[2m > [22m[2mEmail Preferences Store[2m > [22m[2mupdateEmailPreferences[2m > [22m[2mshould update email preferences successfully
[22m[39m[EmailPreferencesStore] Created default email preferences { userId: [32m'user-test-123'[39m, companyId: [32m'company-test-456'[39m }

[90mstdout[2m | src/store/emailPreferences.test.ts[2m > [22m[2mEmail Preferences Store[2m > [22m[2mupdateEmailPreferences[2m > [22m[2mshould update email preferences successfully
[22m[39m[EmailPreferencesStore] Updated email preferences {
  userId: [32m'user-test-123'[39m,
  updates: {
    frequency: [32m'bi-weekly'[39m,
    dayOfWeek: [32m'friday'[39m,
    timeOfDay: [32m'17:00'[39m,
    maxTasksToShow: [33m10[39m
  }
}

[90mstdout[2m | src/store/emailPreferences.test.ts[2m > [22m[2mEmail Preferences Store[2m > [22m[2mupdateEmailPreferences[2m > [22m[2mshould update version vector on update
[22m[39m[EmailPreferencesStore] Created default email preferences { userId: [32m'user-test-123'[39m, companyId: [32m'company-test-456'[39m }

[90mstdout[2m | src/store/emailPreferences.test.ts[2m > [22m[2mEmail Preferences Store[2m > [22m[2mupdateEmailPreferences[2m > [22m[2mshould update version vector on update
[22m[39m[EmailPreferencesStore] Updated email preferences { userId: [32m'user-test-123'[39m, updates: { maxTasksToShow: [33m7[39m } }

[90mstdout[2m | src/store/emailPreferences.test.ts[2m > [22m[2mEmail Preferences Store[2m > [22m[2mupdateEmailPreferences[2m > [22m[2mshould update last_modified metadata
[22m[39m[EmailPreferencesStore] Created default email preferences { userId: [32m'user-test-123'[39m, companyId: [32m'company-test-456'[39m }

[90mstdout[2m | src/store/emailPreferences.test.ts[2m > [22m[2mEmail Preferences Store[2m > [22m[2mupdateEmailPreferences[2m > [22m[2mshould update last_modified metadata
[22m[39m[EmailPreferencesStore] Updated email preferences { userId: [32m'user-test-123'[39m, updates: { maxTasksToShow: [33m8[39m } }

[90mstdout[2m | src/store/emailPreferences.test.ts[2m > [22m[2mEmail Preferences Store[2m > [22m[2mupdateEmailPreferences[2m > [22m[2mshould validate email preferences before update
[22m[39m[EmailPreferencesStore] Created default email preferences { userId: [32m'user-test-123'[39m, companyId: [32m'company-test-456'[39m }

[90mstdout[2m | src/store/emailPreferences.test.ts[2m > [22m[2mEmail Preferences Store[2m > [22m[2mupdateEmailPreferences[2m > [22m[2mshould allow updating individual fields
[22m[39m[EmailPreferencesStore] Created default email preferences { userId: [32m'user-test-123'[39m, companyId: [32m'company-test-456'[39m }

[90mstdout[2m | src/store/emailPreferences.test.ts[2m > [22m[2mEmail Preferences Store[2m > [22m[2mupdateEmailPreferences[2m > [22m[2mshould allow updating individual fields
[22m[39m[EmailPreferencesStore] Updated email preferences { userId: [32m'user-test-123'[39m, updates: { enabled: [33mfalse[39m } }

[90mstdout[2m | src/store/emailPreferences.test.ts[2m > [22m[2mEmail Preferences Store[2m > [22m[2menableEmailNotifications[2m > [22m[2mshould enable email notifications
[22m[39m[EmailPreferencesStore] Created default email preferences { userId: [32m'user-test-123'[39m, companyId: [32m'company-test-456'[39m }

[90mstdout[2m | src/store/emailPreferences.test.ts[2m > [22m[2mEmail Preferences Store[2m > [22m[2menableEmailNotifications[2m > [22m[2mshould enable email notifications
[22m[39m[EmailPreferencesStore] Updated email preferences { userId: [32m'user-test-123'[39m, updates: { enabled: [33mfalse[39m } }

[90mstdout[2m | src/store/emailPreferences.test.ts[2m > [22m[2mEmail Preferences Store[2m > [22m[2menableEmailNotifications[2m > [22m[2mshould enable email notifications
[22m[39m[EmailPreferencesStore] Updated email preferences {
  userId: [32m'user-test-123'[39m,
  updates: { enabled: [33mtrue[39m, unsubscribedAt: [1mnull[22m, unsubscribeReason: [1mnull[22m }
}

[90mstdout[2m | src/store/emailPreferences.test.ts[2m > [22m[2mEmail Preferences Store[2m > [22m[2menableEmailNotifications[2m > [22m[2mshould clear unsubscribe data when re-enabling
[22m[39m[EmailPreferencesStore] Created default email preferences { userId: [32m'user-test-123'[39m, companyId: [32m'company-test-456'[39m }

[90mstdout[2m | src/store/emailPreferences.test.ts[2m > [22m[2mEmail Preferences Store[2m > [22m[2menableEmailNotifications[2m > [22m[2mshould clear unsubscribe data when re-enabling
[22m[39m[EmailPreferencesStore] Updated email preferences {
  userId: [32m'user-test-123'[39m,
  updates: {
    enabled: [33mfalse[39m,
    unsubscribedAt: [35m2026-01-19T02:51:11.594Z[39m,
    unsubscribeReason: [32m'Test reason'[39m
  }
}

[90mstdout[2m | src/store/emailPreferences.test.ts[2m > [22m[2mEmail Preferences Store[2m > [22m[2menableEmailNotifications[2m > [22m[2mshould clear unsubscribe data when re-enabling
[22m[39m[EmailPreferencesStore] Updated email preferences {
  userId: [32m'user-test-123'[39m,
  updates: { enabled: [33mtrue[39m, unsubscribedAt: [1mnull[22m, unsubscribeReason: [1mnull[22m }
}

[90mstdout[2m | src/store/emailPreferences.test.ts[2m > [22m[2mEmail Preferences Store[2m > [22m[2mdisableEmailNotifications[2m > [22m[2mshould disable email notifications
[22m[39m[EmailPreferencesStore] Created default email preferences { userId: [32m'user-test-123'[39m, companyId: [32m'company-test-456'[39m }

[90mstdout[2m | src/store/emailPreferences.test.ts[2m > [22m[2mEmail Preferences Store[2m > [22m[2mdisableEmailNotifications[2m > [22m[2mshould disable email notifications
[22m[39m[EmailPreferencesStore] Updated email preferences { userId: [32m'user-test-123'[39m, updates: { enabled: [33mfalse[39m } }

[90mstdout[2m | src/store/emailPreferences.test.ts[2m > [22m[2mEmail Preferences Store[2m > [22m[2mdisableEmailNotifications[2m > [22m[2mshould not affect other preferences
[22m[39m[EmailPreferencesStore] Created default email preferences { userId: [32m'user-test-123'[39m, companyId: [32m'company-test-456'[39m }

[90mstdout[2m | src/store/emailPreferences.test.ts[2m > [22m[2mEmail Preferences Store[2m > [22m[2mdisableEmailNotifications[2m > [22m[2mshould not affect other preferences
[22m[39m[EmailPreferencesStore] Updated email preferences { userId: [32m'user-test-123'[39m, updates: { enabled: [33mfalse[39m } }

[90mstdout[2m | src/store/emailPreferences.test.ts[2m > [22m[2mEmail Preferences Store[2m > [22m[2munsubscribeFromEmails[2m > [22m[2mshould unsubscribe user from emails
[22m[39m[EmailPreferencesStore] Created default email preferences { userId: [32m'user-test-123'[39m, companyId: [32m'company-test-456'[39m }

[90mstdout[2m | src/store/emailPreferences.test.ts[2m > [22m[2mEmail Preferences Store[2m > [22m[2munsubscribeFromEmails[2m > [22m[2mshould unsubscribe user from emails
[22m[39m[EmailPreferencesStore] Updated email preferences {
  userId: [32m'user-test-123'[39m,
  updates: {
    enabled: [33mfalse[39m,
    unsubscribedAt: [35m2026-01-19T02:51:11.653Z[39m,
    unsubscribeReason: [32m'User unsubscribed'[39m
  }
}

[90mstdout[2m | src/store/emailPreferences.test.ts[2m > [22m[2mEmail Preferences Store[2m > [22m[2munsubscribeFromEmails[2m > [22m[2mshould record unsubscribe reason
[22m[39m[EmailPreferencesStore] Created default email preferences { userId: [32m'user-test-123'[39m, companyId: [32m'company-test-456'[39m }

[90mstdout[2m | src/store/emailPreferences.test.ts[2m > [22m[2mEmail Preferences Store[2m > [22m[2munsubscribeFromEmails[2m > [22m[2mshould record unsubscribe reason
[22m[39m[EmailPreferencesStore] Updated email preferences {
  userId: [32m'user-test-123'[39m,
  updates: {
    enabled: [33mfalse[39m,
    unsubscribedAt: [35m2026-01-19T02:51:11.666Z[39m,
    unsubscribeReason: [32m'Too many emails'[39m
  }
}

[90mstdout[2m | src/store/emailPreferences.test.ts[2m > [22m[2mEmail Preferences Store[2m > [22m[2munsubscribeFromEmails[2m > [22m[2mshould use default reason if none provided
[22m[39m[EmailPreferencesStore] Created default email preferences { userId: [32m'user-test-123'[39m, companyId: [32m'company-test-456'[39m }

[90mstdout[2m | src/store/emailPreferences.test.ts[2m > [22m[2mEmail Preferences Store[2m > [22m[2munsubscribeFromEmails[2m > [22m[2mshould use default reason if none provided
[22m[39m[EmailPreferencesStore] Updated email preferences {
  userId: [32m'user-test-123'[39m,
  updates: {
    enabled: [33mfalse[39m,
    unsubscribedAt: [35m2026-01-19T02:51:11.678Z[39m,
    unsubscribeReason: [32m'User unsubscribed'[39m
  }
}

[90mstdout[2m | src/store/emailPreferences.test.ts[2m > [22m[2mEmail Preferences Store[2m > [22m[2mrecordEmailDelivery[2m > [22m[2mshould create email delivery record
[22m[39m[EmailPreferencesStore] Recorded email delivery { userId: [32m'user-test-123'[39m, subject: [32m'Test Subject'[39m }

[90mstdout[2m | src/store/emailPreferences.test.ts[2m > [22m[2mEmail Preferences Store[2m > [22m[2mrecordEmailDelivery[2m > [22m[2mshould set default status to pending
[22m[39m[EmailPreferencesStore] Recorded email delivery { userId: [32m'user-test-123'[39m, subject: [32m'Test Subject'[39m }

[90mstdout[2m | src/store/emailPreferences.test.ts[2m > [22m[2mEmail Preferences Store[2m > [22m[2mrecordEmailDelivery[2m > [22m[2mshould initialize retry tracking
[22m[39m[EmailPreferencesStore] Recorded email delivery { userId: [32m'user-test-123'[39m, subject: [32m'Test Subject'[39m }

[90mstdout[2m | src/store/emailPreferences.test.ts[2m > [22m[2mEmail Preferences Store[2m > [22m[2mupdateEmailDeliveryStatus[2m > [22m[2mshould update status to sent
[22m[39m[EmailPreferencesStore] Recorded email delivery { userId: [32m'user-test-123'[39m, subject: [32m'Test Subject'[39m }

[90mstdout[2m | src/store/emailPreferences.test.ts[2m > [22m[2mEmail Preferences Store[2m > [22m[2mupdateEmailDeliveryStatus[2m > [22m[2mshould update status to sent
[22m[39m[EmailPreferencesStore] Updated email delivery status { deliveryId: [32m'hADd1nrSZ28cHsVAYxPJj'[39m, status: [32m'sent'[39m }

[90mstdout[2m | src/store/emailPreferences.test.ts[2m > [22m[2mEmail Preferences Store[2m > [22m[2mupdateEmailDeliveryStatus[2m > [22m[2mshould update status to failed with reason
[22m[39m[EmailPreferencesStore] Recorded email delivery { userId: [32m'user-test-123'[39m, subject: [32m'Test Subject'[39m }

[90mstdout[2m | src/store/emailPreferences.test.ts[2m > [22m[2mEmail Preferences Store[2m > [22m[2mupdateEmailDeliveryStatus[2m > [22m[2mshould update status to failed with reason
[22m[39m[EmailPreferencesStore] Updated email delivery status { deliveryId: [32m'Uim0qRkkDYjFrG5vBmE1U'[39m, status: [32m'failed'[39m }

[90mstdout[2m | src/store/emailPreferences.test.ts[2m > [22m[2mEmail Preferences Store[2m > [22m[2mupdateEmailDeliveryStatus[2m > [22m[2mshould handle bounced status
[22m[39m[EmailPreferencesStore] Recorded email delivery { userId: [32m'user-test-123'[39m, subject: [32m'Test Subject'[39m }

[90mstdout[2m | src/store/emailPreferences.test.ts[2m > [22m[2mEmail Preferences Store[2m > [22m[2mupdateEmailDeliveryStatus[2m > [22m[2mshould handle bounced status
[22m[39m[EmailPreferencesStore] Updated email delivery status { deliveryId: [32m'W9RZT4Q1fmFTNGNz2BgX0'[39m, status: [32m'bounced'[39m }

[90mstdout[2m | src/store/emailPreferences.test.ts[2m > [22m[2mEmail Preferences Store[2m > [22m[2mgetRecentEmailDeliveries[2m > [22m[2mshould return recent deliveries
[22m[39m[EmailPreferencesStore] Recorded email delivery { userId: [32m'user-test-123'[39m, subject: [32m'Test Subject 0'[39m }

[90mstdout[2m | src/store/emailPreferences.test.ts[2m > [22m[2mEmail Preferences Store[2m > [22m[2mgetRecentEmailDeliveries[2m > [22m[2mshould return recent deliveries
[22m[39m[EmailPreferencesStore] Recorded email delivery { userId: [32m'user-test-123'[39m, subject: [32m'Test Subject 1'[39m }

[90mstdout[2m | src/store/emailPreferences.test.ts[2m > [22m[2mEmail Preferences Store[2m > [22m[2mgetRecentEmailDeliveries[2m > [22m[2mshould return recent deliveries
[22m[39m[EmailPreferencesStore] Recorded email delivery { userId: [32m'user-test-123'[39m, subject: [32m'Test Subject 2'[39m }

[90mstdout[2m | src/store/emailPreferences.test.ts[2m > [22m[2mEmail Preferences Store[2m > [22m[2mgetRecentEmailDeliveries[2m > [22m[2mshould return recent deliveries
[22m[39m[EmailPreferencesStore] Recorded email delivery { userId: [32m'user-test-123'[39m, subject: [32m'Test Subject 3'[39m }

[90mstdout[2m | src/store/emailPreferences.test.ts[2m > [22m[2mEmail Preferences Store[2m > [22m[2mgetRecentEmailDeliveries[2m > [22m[2mshould return recent deliveries
[22m[39m[EmailPreferencesStore] Recorded email delivery { userId: [32m'user-test-123'[39m, subject: [32m'Test Subject 4'[39m }

[90mstdout[2m | src/store/emailPreferences.test.ts[2m > [22m[2mEmail Preferences Store[2m > [22m[2mgetRecentEmailDeliveries[2m > [22m[2mshould respect limit parameter
[22m[39m[EmailPreferencesStore] Recorded email delivery { userId: [32m'user-test-123'[39m, subject: [32m'Test Subject 0'[39m }

[90mstdout[2m | src/store/emailPreferences.test.ts[2m > [22m[2mEmail Preferences Store[2m > [22m[2mgetRecentEmailDeliveries[2m > [22m[2mshould respect limit parameter
[22m[39m[EmailPreferencesStore] Recorded email delivery { userId: [32m'user-test-123'[39m, subject: [32m'Test Subject 1'[39m }

[90mstdout[2m | src/store/emailPreferences.test.ts[2m > [22m[2mEmail Preferences Store[2m > [22m[2mgetRecentEmailDeliveries[2m > [22m[2mshould respect limit parameter
[22m[39m[EmailPreferencesStore] Recorded email delivery { userId: [32m'user-test-123'[39m, subject: [32m'Test Subject 2'[39m }

[90mstdout[2m | src/store/emailPreferences.test.ts[2m > [22m[2mEmail Preferences Store[2m > [22m[2mgetRecentEmailDeliveries[2m > [22m[2mshould respect limit parameter
[22m[39m[EmailPreferencesStore] Recorded email delivery { userId: [32m'user-test-123'[39m, subject: [32m'Test Subject 3'[39m }

[90mstdout[2m | src/store/emailPreferences.test.ts[2m > [22m[2mEmail Preferences Store[2m > [22m[2mgetRecentEmailDeliveries[2m > [22m[2mshould respect limit parameter
[22m[39m[EmailPreferencesStore] Recorded email delivery { userId: [32m'user-test-123'[39m, subject: [32m'Test Subject 4'[39m }

[90mstdout[2m | src/store/emailPreferences.test.ts[2m > [22m[2mEmail Preferences Store[2m > [22m[2mgetRecentEmailDeliveries[2m > [22m[2mshould respect limit parameter
[22m[39m[EmailPreferencesStore] Recorded email delivery { userId: [32m'user-test-123'[39m, subject: [32m'Test Subject 5'[39m }

[90mstdout[2m | src/store/emailPreferences.test.ts[2m > [22m[2mEmail Preferences Store[2m > [22m[2mgetRecentEmailDeliveries[2m > [22m[2mshould respect limit parameter
[22m[39m[EmailPreferencesStore] Recorded email delivery { userId: [32m'user-test-123'[39m, subject: [32m'Test Subject 6'[39m }

[90mstdout[2m | src/store/emailPreferences.test.ts[2m > [22m[2mEmail Preferences Store[2m > [22m[2mgetRecentEmailDeliveries[2m > [22m[2mshould respect limit parameter
[22m[39m[EmailPreferencesStore] Recorded email delivery { userId: [32m'user-test-123'[39m, subject: [32m'Test Subject 7'[39m }

[90mstdout[2m | src/store/emailPreferences.test.ts[2m > [22m[2mEmail Preferences Store[2m > [22m[2mgetRecentEmailDeliveries[2m > [22m[2mshould respect limit parameter
[22m[39m[EmailPreferencesStore] Recorded email delivery { userId: [32m'user-test-123'[39m, subject: [32m'Test Subject 8'[39m }

[90mstdout[2m | src/store/emailPreferences.test.ts[2m > [22m[2mEmail Preferences Store[2m > [22m[2mgetRecentEmailDeliveries[2m > [22m[2mshould respect limit parameter
[22m[39m[EmailPreferencesStore] Recorded email delivery { userId: [32m'user-test-123'[39m, subject: [32m'Test Subject 9'[39m }

[90mstdout[2m | src/store/emailPreferences.test.ts[2m > [22m[2mEmail Preferences Store[2m > [22m[2mgetRecentEmailDeliveries[2m > [22m[2mshould respect limit parameter
[22m[39m[EmailPreferencesStore] Recorded email delivery { userId: [32m'user-test-123'[39m, subject: [32m'Test Subject 10'[39m }

[90mstdout[2m | src/store/emailPreferences.test.ts[2m > [22m[2mEmail Preferences Store[2m > [22m[2mgetRecentEmailDeliveries[2m > [22m[2mshould respect limit parameter
[22m[39m[EmailPreferencesStore] Recorded email delivery { userId: [32m'user-test-123'[39m, subject: [32m'Test Subject 11'[39m }

[90mstdout[2m | src/store/emailPreferences.test.ts[2m > [22m[2mEmail Preferences Store[2m > [22m[2mgetRecentEmailDeliveries[2m > [22m[2mshould respect limit parameter
[22m[39m[EmailPreferencesStore] Recorded email delivery { userId: [32m'user-test-123'[39m, subject: [32m'Test Subject 12'[39m }

[90mstdout[2m | src/store/emailPreferences.test.ts[2m > [22m[2mEmail Preferences Store[2m > [22m[2mgetRecentEmailDeliveries[2m > [22m[2mshould respect limit parameter
[22m[39m[EmailPreferencesStore] Recorded email delivery { userId: [32m'user-test-123'[39m, subject: [32m'Test Subject 13'[39m }

[90mstdout[2m | src/store/emailPreferences.test.ts[2m > [22m[2mEmail Preferences Store[2m > [22m[2mgetRecentEmailDeliveries[2m > [22m[2mshould respect limit parameter
[22m[39m[EmailPreferencesStore] Recorded email delivery { userId: [32m'user-test-123'[39m, subject: [32m'Test Subject 14'[39m }

[90mstdout[2m | src/store/emailPreferences.test.ts[2m > [22m[2mEmail Preferences Store[2m > [22m[2mgetRecentEmailDeliveries[2m > [22m[2mshould not return soft-deleted deliveries
[22m[39m[EmailPreferencesStore] Recorded email delivery { userId: [32m'user-test-123'[39m, subject: [32m'Test Subject'[39m }

[90mstdout[2m | src/store/emailPreferences.test.ts[2m > [22m[2mEmail Preferences Store[2m > [22m[2misUserUnsubscribed[2m > [22m[2mshould return false when user has not unsubscribed
[22m[39m[EmailPreferencesStore] Created default email preferences { userId: [32m'user-test-123'[39m, companyId: [32m'company-test-456'[39m }

[90mstdout[2m | src/store/emailPreferences.test.ts[2m > [22m[2mEmail Preferences Store[2m > [22m[2misUserUnsubscribed[2m > [22m[2mshould return true when user has unsubscribed
[22m[39m[EmailPreferencesStore] Created default email preferences { userId: [32m'user-test-123'[39m, companyId: [32m'company-test-456'[39m }

[90mstdout[2m | src/store/emailPreferences.test.ts[2m > [22m[2mEmail Preferences Store[2m > [22m[2misUserUnsubscribed[2m > [22m[2mshould return true when user has unsubscribed
[22m[39m[EmailPreferencesStore] Updated email preferences {
  userId: [32m'user-test-123'[39m,
  updates: {
    enabled: [33mfalse[39m,
    unsubscribedAt: [35m2026-01-19T02:51:11.843Z[39m,
    unsubscribeReason: [32m'User unsubscribed'[39m
  }
}

[90mstdout[2m | src/store/emailPreferences.test.ts[2m > [22m[2mEmail Preferences Store[2m > [22m[2mdeleteEmailPreferences[2m > [22m[2mshould soft delete preferences
[22m[39m[EmailPreferencesStore] Created default email preferences { userId: [32m'user-test-123'[39m, companyId: [32m'company-test-456'[39m }

[90mstdout[2m | src/store/emailPreferences.test.ts[2m > [22m[2mEmail Preferences Store[2m > [22m[2mdeleteEmailPreferences[2m > [22m[2mshould soft delete preferences
[22m[39m[EmailPreferencesStore] Deleted email preferences { userId: [32m'user-test-123'[39m }

[90mstdout[2m | src/store/emailPreferences.test.ts[2m > [22m[2mEmail Preferences Store[2m > [22m[2mdeleteEmailPreferences[2m > [22m[2mshould update metadata on deletion
[22m[39m[EmailPreferencesStore] Created default email preferences { userId: [32m'user-test-123'[39m, companyId: [32m'company-test-456'[39m }

[90mstdout[2m | src/store/emailPreferences.test.ts[2m > [22m[2mEmail Preferences Store[2m > [22m[2mdeleteEmailPreferences[2m > [22m[2mshould update metadata on deletion
[22m[39m[EmailPreferencesStore] Deleted email preferences { userId: [32m'user-test-123'[39m }

[90mstdout[2m | src/store/emailPreferences.test.ts[2m > [22m[2mEmail Preferences Store[2m > [22m[2mCRDT version vector management[2m > [22m[2mshould increment version vector on each update
[22m[39m[EmailPreferencesStore] Created default email preferences { userId: [32m'user-test-123'[39m, companyId: [32m'company-test-456'[39m }

[90mstdout[2m | src/store/emailPreferences.test.ts[2m > [22m[2mEmail Preferences Store[2m > [22m[2mCRDT version vector management[2m > [22m[2mshould increment version vector on each update
[22m[39m[EmailPreferencesStore] Updated email preferences { userId: [32m'user-test-123'[39m, updates: { maxTasksToShow: [33m5[39m } }

[90mstdout[2m | src/store/emailPreferences.test.ts[2m > [22m[2mEmail Preferences Store[2m > [22m[2mCRDT version vector management[2m > [22m[2mshould increment version vector on each update
[22m[39m[EmailPreferencesStore] Updated email preferences { userId: [32m'user-test-123'[39m, updates: { maxTasksToShow: [33m6[39m } }

[90mstdout[2m | src/store/emailPreferences.test.ts[2m > [22m[2mEmail Preferences Store[2m > [22m[2mCRDT version vector management[2m > [22m[2mshould increment version vector on each update
[22m[39m[EmailPreferencesStore] Updated email preferences { userId: [32m'user-test-123'[39m, updates: { maxTasksToShow: [33m7[39m } }

[90mstdout[2m | src/store/emailPreferences.test.ts[2m > [22m[2mEmail Preferences Store[2m > [22m[2mEdge cases[2m > [22m[2mshould handle rapid successive updates
[22m[39m[EmailPreferencesStore] Created default email preferences { userId: [32m'user-test-123'[39m, companyId: [32m'company-test-456'[39m }

[90mstdout[2m | src/store/emailPreferences.test.ts[2m > [22m[2mEmail Preferences Store[2m > [22m[2mEdge cases[2m > [22m[2mshould handle rapid successive updates
[22m[39m[EmailPreferencesStore] Updated email preferences { userId: [32m'user-test-123'[39m, updates: { maxTasksToShow: [33m0[39m } }

[90mstdout[2m | src/store/emailPreferences.test.ts[2m > [22m[2mEmail Preferences Store[2m > [22m[2mEdge cases[2m > [22m[2mshould handle rapid successive updates
[22m[39m[EmailPreferencesStore] Updated email preferences { userId: [32m'user-test-123'[39m, updates: { maxTasksToShow: [33m1[39m } }

[90mstdout[2m | src/store/emailPreferences.test.ts[2m > [22m[2mEmail Preferences Store[2m > [22m[2mEdge cases[2m > [22m[2mshould handle rapid successive updates
[22m[39m[EmailPreferencesStore] Updated email preferences { userId: [32m'user-test-123'[39m, updates: { maxTasksToShow: [33m2[39m } }

[90mstdout[2m | src/store/emailPreferences.test.ts[2m > [22m[2mEmail Preferences Store[2m > [22m[2mEdge cases[2m > [22m[2mshould handle rapid successive updates
[22m[39m[EmailPreferencesStore] Updated email preferences { userId: [32m'user-test-123'[39m, updates: { maxTasksToShow: [33m3[39m } }

[90mstdout[2m | src/store/emailPreferences.test.ts[2m > [22m[2mEmail Preferences Store[2m > [22m[2mEdge cases[2m > [22m[2mshould handle rapid successive updates
[22m[39m[EmailPreferencesStore] Updated email preferences { userId: [32m'user-test-123'[39m, updates: { maxTasksToShow: [33m4[39m } }

[90mstdout[2m | src/store/emailPreferences.test.ts[2m > [22m[2mEmail Preferences Store[2m > [22m[2mEdge cases[2m > [22m[2mshould handle rapid successive updates
[22m[39m[EmailPreferencesStore] Updated email preferences { userId: [32m'user-test-123'[39m, updates: { maxTasksToShow: [33m5[39m } }

[90mstdout[2m | src/store/emailPreferences.test.ts[2m > [22m[2mEmail Preferences Store[2m > [22m[2mEdge cases[2m > [22m[2mshould handle rapid successive updates
[22m[39m[EmailPreferencesStore] Updated email preferences { userId: [32m'user-test-123'[39m, updates: { maxTasksToShow: [33m6[39m } }

[90mstdout[2m | src/store/emailPreferences.test.ts[2m > [22m[2mEmail Preferences Store[2m > [22m[2mEdge cases[2m > [22m[2mshould handle rapid successive updates
[22m[39m[EmailPreferencesStore] Updated email preferences { userId: [32m'user-test-123'[39m, updates: { maxTasksToShow: [33m7[39m } }

[90mstdout[2m | src/store/emailPreferences.test.ts[2m > [22m[2mEmail Preferences Store[2m > [22m[2mEdge cases[2m > [22m[2mshould handle rapid successive updates
[22m[39m[EmailPreferencesStore] Updated email preferences { userId: [32m'user-test-123'[39m, updates: { maxTasksToShow: [33m8[39m } }

[90mstdout[2m | src/store/emailPreferences.test.ts[2m > [22m[2mEmail Preferences Store[2m > [22m[2mEdge cases[2m > [22m[2mshould handle rapid successive updates
[22m[39m[EmailPreferencesStore] Updated email preferences { userId: [32m'user-test-123'[39m, updates: { maxTasksToShow: [33m9[39m } }

[90mstdout[2m | src/store/emailPreferences.test.ts[2m > [22m[2mEmail Preferences Store[2m > [22m[2mEdge cases[2m > [22m[2mshould handle different timezones
[22m[39m[EmailPreferencesStore] Created default email preferences { userId: [32m'user-test-123'[39m, companyId: [32m'company-test-456'[39m }

[90mstdout[2m | src/store/emailPreferences.test.ts[2m > [22m[2mEmail Preferences Store[2m > [22m[2mEdge cases[2m > [22m[2mshould handle different timezones
[22m[39m[EmailPreferencesStore] Updated email preferences { userId: [32m'user-test-123'[39m, updates: { timezone: [32m'America/New_York'[39m } }

[90mstdout[2m | src/store/emailPreferences.test.ts[2m > [22m[2mEmail Preferences Store[2m > [22m[2mEdge cases[2m > [22m[2mshould handle different timezones
[22m[39m[EmailPreferencesStore] Updated email preferences { userId: [32m'user-test-123'[39m, updates: { timezone: [32m'Europe/London'[39m } }

[90mstdout[2m | src/store/emailPreferences.test.ts[2m > [22m[2mEmail Preferences Store[2m > [22m[2mEdge cases[2m > [22m[2mshould handle different timezones
[22m[39m[EmailPreferencesStore] Updated email preferences { userId: [32m'user-test-123'[39m, updates: { timezone: [32m'Asia/Tokyo'[39m } }

[90mstdout[2m | src/store/emailPreferences.test.ts[2m > [22m[2mEmail Preferences Store[2m > [22m[2mEdge cases[2m > [22m[2mshould handle different timezones
[22m[39m[EmailPreferencesStore] Updated email preferences { userId: [32m'user-test-123'[39m, updates: { timezone: [32m'Australia/Sydney'[39m } }

[90mstdout[2m | src/store/emailPreferences.test.ts[2m > [22m[2mEmail Preferences Store[2m > [22m[2mEdge cases[2m > [22m[2mshould handle special characters in company name
[22m[39m[EmailPreferencesStore] Created default email preferences { userId: [32m'user-test-123'[39m, companyId: [32m'company-special-àéîôü-123'[39m }

[90mstdout[2m | src/store/emailPreferences.test.ts[2m > [22m[2mEmail Preferences Store[2m > [22m[2mConcurrent access[2m > [22m[2mshould handle concurrent reads
[22m[39m[EmailPreferencesStore] Created default email preferences { userId: [32m'user-test-123'[39m, companyId: [32m'company-test-456'[39m }

[90mstdout[2m | src/store/emailPreferences.test.ts[2m > [22m[2mEmail Preferences Store[2m > [22m[2mConcurrent access[2m > [22m[2mshould handle concurrent updates with CRDT
[22m[39m[EmailPreferencesStore] Created default email preferences { userId: [32m'user-test-123'[39m, companyId: [32m'company-test-456'[39m }

[90mstdout[2m | src/store/emailPreferences.test.ts[2m > [22m[2mEmail Preferences Store[2m > [22m[2mConcurrent access[2m > [22m[2mshould handle concurrent updates with CRDT
[22m[39m[EmailPreferencesStore] Updated email preferences { userId: [32m'user-test-123'[39m, updates: { maxTasksToShow: [33m5[39m } }

[90mstdout[2m | src/store/emailPreferences.test.ts[2m > [22m[2mEmail Preferences Store[2m > [22m[2mConcurrent access[2m > [22m[2mshould handle concurrent updates with CRDT
[22m[39m[EmailPreferencesStore] Updated email preferences { userId: [32m'user-test-123'[39m, updates: { enabled: [33mfalse[39m } }

[90mstdout[2m | src/store/emailPreferences.test.ts[2m > [22m[2mEmail Preferences Store[2m > [22m[2mConcurrent access[2m > [22m[2mshould handle concurrent updates with CRDT
[22m[39m[EmailPreferencesStore] Updated email preferences { userId: [32m'user-test-123'[39m, updates: { dayOfWeek: [32m'friday'[39m } }

 [32m✓[39m src/store/emailPreferences.test.ts [2m([22m[2m41 tests[22m[2m)[22m[33m 889[2mms[22m[39m
 [32m✓[39m src/components/dashboard/RecentTransactions.test.tsx [2m([22m[2m28 tests[22m[2m)[22m[33m 914[2mms[22m[39m
[90mstdout[2m | src/services/reconciliationHistory.service.test.ts[2m > [22m[2mReconciliationHistory Service[2m > [22m[2mPattern Operations[2m > [22m[2mcreatePattern[2m > [22m[2mshould create a new reconciliation pattern
[22m[39m[ReconciliationHistory] Created reconciliation pattern {
  patternId: [32m'IkAhrxAeVXKb05sjxEPlu'[39m,
  vendorName: [32m'amazon web services'[39m
}

[90mstdout[2m | src/services/reconciliationHistory.service.test.ts[2m > [22m[2mReconciliationHistory Service[2m > [22m[2mPattern Operations[2m > [22m[2mcreatePattern[2m > [22m[2mshould normalize vendor name
[22m[39m[ReconciliationHistory] Created reconciliation pattern {
  patternId: [32m'63XaVZu6KvyvxxHVMFsFX'[39m,
  vendorName: [32m'amazon web services'[39m
}

[90mstdout[2m | src/services/reconciliationHistory.service.test.ts[2m > [22m[2mReconciliationHistory Service[2m > [22m[2mPattern Operations[2m > [22m[2mcreatePattern[2m > [22m[2mshould log audit trail on creation
[22m[39m[ReconciliationHistory] Created reconciliation pattern { patternId: [32m'LKoKdJoLV6Fs3_EWeUoTD'[39m, vendorName: [32m'test vendor'[39m }

[90mstdout[2m | src/services/reconciliationHistory.service.test.ts[2m > [22m[2mReconciliationHistory Service[2m > [22m[2mPattern Operations[2m > [22m[2mcreatePattern[2m > [22m[2mshould return error if pattern already exists
[22m[39m[ReconciliationHistory] Created reconciliation pattern { patternId: [32m'IYFLOujbZe2qb-77hg4RG'[39m, vendorName: [32m'test vendor'[39m }

[90mstdout[2m | src/services/reconciliationHistory.service.test.ts[2m > [22m[2mReconciliationHistory Service[2m > [22m[2mPattern Operations[2m > [22m[2mcreatePattern[2m > [22m[2mshould handle encryption context
[22m[39m[ReconciliationHistory] Created reconciliation pattern { patternId: [32m'xtqVK6ah33dr1LU-r1ccx'[39m, vendorName: [32m'test vendor'[39m }

[90mstdout[2m | src/services/reconciliationHistory.service.test.ts[2m > [22m[2mReconciliationHistory Service[2m > [22m[2mPattern Operations[2m > [22m[2mupdatePattern[2m > [22m[2mshould update an existing pattern
[22m[39m[ReconciliationHistory] Created reconciliation pattern { patternId: [32m'WXAWMveyVd2rQSco8Bl3Z'[39m, vendorName: [32m'test vendor'[39m }

[90mstdout[2m | src/services/reconciliationHistory.service.test.ts[2m > [22m[2mReconciliationHistory Service[2m > [22m[2mPattern Operations[2m > [22m[2mupdatePattern[2m > [22m[2mshould update an existing pattern
[22m[39m[ReconciliationHistory] Updated reconciliation pattern {
  patternId: [32m'WXAWMveyVd2rQSco8Bl3Z'[39m,
  changedFields: [ [32m'confidence'[39m, [32m'match_count'[39m ]
}

[90mstdout[2m | src/services/reconciliationHistory.service.test.ts[2m > [22m[2mReconciliationHistory Service[2m > [22m[2mPattern Operations[2m > [22m[2mupdatePattern[2m > [22m[2mshould log audit trail on update
[22m[39m[ReconciliationHistory] Created reconciliation pattern { patternId: [32m'qHLIP7isodiNNXZwjrKRO'[39m, vendorName: [32m'test vendor'[39m }

[90mstdout[2m | src/services/reconciliationHistory.service.test.ts[2m > [22m[2mReconciliationHistory Service[2m > [22m[2mPattern Operations[2m > [22m[2mupdatePattern[2m > [22m[2mshould log audit trail on update
[22m[39m[ReconciliationHistory] Updated reconciliation pattern { patternId: [32m'qHLIP7isodiNNXZwjrKRO'[39m, changedFields: [ [32m'confidence'[39m ] }

[90mstdout[2m | src/services/reconciliationHistory.service.test.ts[2m > [22m[2mReconciliationHistory Service[2m > [22m[2mPattern Operations[2m > [22m[2mlearnFromMatch[2m > [22m[2mshould create pattern if none exists
[22m[39m[ReconciliationHistory] Created reconciliation pattern { patternId: [32m'OeA0TxuOqiU7ufCkApjSc'[39m, vendorName: [32m'aws payment'[39m }

[90mstdout[2m | src/services/reconciliationHistory.service.test.ts[2m > [22m[2mReconciliationHistory Service[2m > [22m[2mPattern Operations[2m > [22m[2mlearnFromMatch[2m > [22m[2mshould create pattern if none exists
[22m[39m[ReconciliationHistory] Updated reconciliation pattern {
  patternId: [32m'OeA0TxuOqiU7ufCkApjSc'[39m,
  changedFields: [
    [32m'description_patterns'[39m,
    [32m'typical_amount_range'[39m,
    [32m'typical_day_of_month'[39m,
    [32m'confidence'[39m,
    [32m'last_matched_at'[39m,
    [32m'match_count'[39m
  ]
}

[90mstdout[2m | src/services/reconciliationHistory.service.test.ts[2m > [22m[2mReconciliationHistory Service[2m > [22m[2mPattern Operations[2m > [22m[2mlearnFromMatch[2m > [22m[2mshould update existing pattern on successful match
[22m[39m[ReconciliationHistory] Created reconciliation pattern { patternId: [32m'JK7kzzr1bUh6pMSHM6ztZ'[39m, vendorName: [32m'aws'[39m }

[90mstdout[2m | src/services/reconciliationHistory.service.test.ts[2m > [22m[2mReconciliationHistory Service[2m > [22m[2mPattern Operations[2m > [22m[2mlearnFromMatch[2m > [22m[2mshould update existing pattern on successful match
[22m[39m[ReconciliationHistory] Created reconciliation pattern { patternId: [32m'u6AbEtdEhsv13Bq206kmG'[39m, vendorName: [32m'aws payment'[39m }

[90mstdout[2m | src/services/reconciliationHistory.service.test.ts[2m > [22m[2mReconciliationHistory Service[2m > [22m[2mPattern Operations[2m > [22m[2mlearnFromMatch[2m > [22m[2mshould update existing pattern on successful match
[22m[39m[ReconciliationHistory] Updated reconciliation pattern {
  patternId: [32m'u6AbEtdEhsv13Bq206kmG'[39m,
  changedFields: [
    [32m'description_patterns'[39m,
    [32m'typical_amount_range'[39m,
    [32m'typical_day_of_month'[39m,
    [32m'confidence'[39m,
    [32m'last_matched_at'[39m,
    [32m'match_count'[39m
  ]
}

[90mstdout[2m | src/services/reconciliationHistory.service.test.ts[2m > [22m[2mReconciliationHistory Service[2m > [22m[2mPattern Operations[2m > [22m[2mlearnFromMatch[2m > [22m[2mshould adjust confidence based on match success
[22m[39m[ReconciliationHistory] Created reconciliation pattern { patternId: [32m'CltBlrq5z-fQF42j8ODSc'[39m, vendorName: [32m'aws payment'[39m }

[90mstdout[2m | src/services/reconciliationHistory.service.test.ts[2m > [22m[2mReconciliationHistory Service[2m > [22m[2mPattern Operations[2m > [22m[2mlearnFromMatch[2m > [22m[2mshould adjust confidence based on match success
[22m[39m[ReconciliationHistory] Updated reconciliation pattern {
  patternId: [32m'CltBlrq5z-fQF42j8ODSc'[39m,
  changedFields: [
    [32m'description_patterns'[39m,
    [32m'typical_amount_range'[39m,
    [32m'typical_day_of_month'[39m,
    [32m'confidence'[39m,
    [32m'last_matched_at'[39m,
    [32m'match_count'[39m
  ]
}

[90mstdout[2m | src/services/reconciliationHistory.service.test.ts[2m > [22m[2mReconciliationHistory Service[2m > [22m[2mPattern Operations[2m > [22m[2mlearnFromMatch[2m > [22m[2mshould adjust confidence based on match success
[22m[39m[ReconciliationHistory] Updated reconciliation pattern {
  patternId: [32m'CltBlrq5z-fQF42j8ODSc'[39m,
  changedFields: [
    [32m'description_patterns'[39m,
    [32m'typical_amount_range'[39m,
    [32m'typical_day_of_month'[39m,
    [32m'confidence'[39m,
    [32m'last_matched_at'[39m,
    [32m'match_count'[39m
  ]
}

[90mstdout[2m | src/services/reconciliationHistory.service.test.ts[2m > [22m[2mReconciliationHistory Service[2m > [22m[2mPattern Operations[2m > [22m[2mgetPatterns[2m > [22m[2mshould retrieve all patterns for a company
[22m[39m[ReconciliationHistory] Created reconciliation pattern { patternId: [32m'AsGZP70zz1JA1_2DiptFa'[39m, vendorName: [32m'vendor a'[39m }

[90mstdout[2m | src/services/reconciliationHistory.service.test.ts[2m > [22m[2mReconciliationHistory Service[2m > [22m[2mPattern Operations[2m > [22m[2mgetPatterns[2m > [22m[2mshould retrieve all patterns for a company
[22m[39m[ReconciliationHistory] Created reconciliation pattern { patternId: [32m'Qw2tEI8kOW-F3tU68K_Zl'[39m, vendorName: [32m'vendor b'[39m }

[90mstdout[2m | src/services/reconciliationHistory.service.test.ts[2m > [22m[2mReconciliationHistory Service[2m > [22m[2mPattern Operations[2m > [22m[2mgetPatterns[2m > [22m[2mshould retrieve all patterns for a company
[22m[39m[ReconciliationHistory] Created reconciliation pattern { patternId: [32m'WBXK6aUvsxicdVygYZURF'[39m, vendorName: [32m'vendor c'[39m }

[90mstdout[2m | src/services/reconciliationHistory.service.test.ts[2m > [22m[2mReconciliationHistory Service[2m > [22m[2mPattern Operations[2m > [22m[2mgetPatternByVendor[2m > [22m[2mshould retrieve pattern by vendor name
[22m[39m[ReconciliationHistory] Created reconciliation pattern { patternId: [32m'RwQNgDuUu__m6NQx9mI3-'[39m, vendorName: [32m'amazon'[39m }

[90mstdout[2m | src/services/reconciliationHistory.service.test.ts[2m > [22m[2mReconciliationHistory Service[2m > [22m[2mPattern Operations[2m > [22m[2mgetPatternByVendor[2m > [22m[2mshould normalize vendor name for lookup
[22m[39m[ReconciliationHistory] Created reconciliation pattern { patternId: [32m'UWgnTXj-f67haIA4gm3fh'[39m, vendorName: [32m'amazon'[39m }

[90mstdout[2m | src/services/reconciliationHistory.service.test.ts[2m > [22m[2mReconciliationHistory Service[2m > [22m[2mPattern Operations[2m > [22m[2mdeletePattern[2m > [22m[2mshould delete a pattern
[22m[39m[ReconciliationHistory] Created reconciliation pattern { patternId: [32m'514Zg-p35JYu_oi09zGWx'[39m, vendorName: [32m'test vendor'[39m }

[90mstdout[2m | src/services/reconciliationHistory.service.test.ts[2m > [22m[2mReconciliationHistory Service[2m > [22m[2mPattern Operations[2m > [22m[2mdeletePattern[2m > [22m[2mshould delete a pattern
[22m[39m[ReconciliationHistory] Deleted reconciliation pattern { patternId: [32m'514Zg-p35JYu_oi09zGWx'[39m }

[90mstdout[2m | src/services/reconciliationHistory.service.test.ts[2m > [22m[2mReconciliationHistory Service[2m > [22m[2mPattern Operations[2m > [22m[2mdeletePattern[2m > [22m[2mshould log audit trail on deletion
[22m[39m[ReconciliationHistory] Created reconciliation pattern { patternId: [32m'3Y8-sjK6YUBWAHXAtopID'[39m, vendorName: [32m'test vendor'[39m }

[90mstdout[2m | src/services/reconciliationHistory.service.test.ts[2m > [22m[2mReconciliationHistory Service[2m > [22m[2mPattern Operations[2m > [22m[2mdeletePattern[2m > [22m[2mshould log audit trail on deletion
[22m[39m[ReconciliationHistory] Deleted reconciliation pattern { patternId: [32m'3Y8-sjK6YUBWAHXAtopID'[39m }

[90mstdout[2m | src/services/reconciliationHistory.service.test.ts[2m > [22m[2mReconciliationHistory Service[2m > [22m[2mReconciliation History Operations[2m > [22m[2msaveReconciliationRecord[2m > [22m[2mshould save a reconciliation record without encryption
[22m[39m[ReconciliationHistory] Saved reconciliation record {
  recordId: [32m'siBU73hlasClOmeYkTvvf'[39m,
  accountId: [32m'test-account'[39m,
  status: [32m'balanced'[39m
}

[90mstdout[2m | src/services/reconciliationHistory.service.test.ts[2m > [22m[2mReconciliationHistory Service[2m > [22m[2mReconciliation History Operations[2m > [22m[2msaveReconciliationRecord[2m > [22m[2mshould encrypt sensitive fields when encryption service provided
[22m[39m[ReconciliationHistory] Saved reconciliation record {
  recordId: [32m'ctRaelPcIANTZKQTbCEo8'[39m,
  accountId: [32m'test-account'[39m,
  status: [32m'discrepancy_noted'[39m
}

[90mstdout[2m | src/services/reconciliationHistory.service.test.ts[2m > [22m[2mReconciliationHistory Service[2m > [22m[2mReconciliation History Operations[2m > [22m[2msaveReconciliationRecord[2m > [22m[2mshould log audit trail on save
[22m[39m[ReconciliationHistory] Saved reconciliation record {
  recordId: [32m'dPzmArnN0P-IWY2xofINM'[39m,
  accountId: [32m'test-account'[39m,
  status: [32m'balanced'[39m
}

[90mstdout[2m | src/services/reconciliationHistory.service.test.ts[2m > [22m[2mReconciliationHistory Service[2m > [22m[2mReconciliation History Operations[2m > [22m[2msaveReconciliationRecord[2m > [22m[2mshould set version vector on new record
[22m[39m[ReconciliationHistory] Saved reconciliation record {
  recordId: [32m'XGWBhssOiQIMVE0pKv4YU'[39m,
  accountId: [32m'test-account'[39m,
  status: [32m'balanced'[39m
}

[90mstdout[2m | src/services/reconciliationHistory.service.test.ts[2m > [22m[2mReconciliationHistory Service[2m > [22m[2mReconciliation History Operations[2m > [22m[2mgetReconciliationRecord[2m > [22m[2mshould retrieve a reconciliation record
[22m[39m[ReconciliationHistory] Saved reconciliation record {
  recordId: [32m'Xf7M7mz5hkJhDxdChFQMo'[39m,
  accountId: [32m'test-account'[39m,
  status: [32m'balanced'[39m
}

[90mstdout[2m | src/services/reconciliationHistory.service.test.ts[2m > [22m[2mReconciliationHistory Service[2m > [22m[2mReconciliation History Operations[2m > [22m[2mgetReconciliationRecord[2m > [22m[2mshould decrypt data when encryption service provided
[22m[39m[ReconciliationHistory] Saved reconciliation record {
  recordId: [32m'L4chjmd2z8ZEvkABBTuaE'[39m,
  accountId: [32m'test-account'[39m,
  status: [32m'discrepancy_noted'[39m
}

[90mstdout[2m | src/services/reconciliationHistory.service.test.ts[2m > [22m[2mReconciliationHistory Service[2m > [22m[2mReconciliation History Operations[2m > [22m[2mgetAccountReconciliationHistory[2m > [22m[2mshould retrieve reconciliation history for an account
[22m[39m[ReconciliationHistory] Saved reconciliation record {
  recordId: [32m'-BiBwlRFpC9Lpcog4RT8y'[39m,
  accountId: [32m'test-account'[39m,
  status: [32m'balanced'[39m
}

[90mstdout[2m | src/services/reconciliationHistory.service.test.ts[2m > [22m[2mReconciliationHistory Service[2m > [22m[2mReconciliation History Operations[2m > [22m[2mgetAccountReconciliationHistory[2m > [22m[2mshould retrieve reconciliation history for an account
[22m[39m[ReconciliationHistory] Saved reconciliation record {
  recordId: [32m'dqyY0WhNZJK7s6UrqjXl8'[39m,
  accountId: [32m'test-account'[39m,
  status: [32m'balanced'[39m
}

[90mstdout[2m | src/services/reconciliationHistory.service.test.ts[2m > [22m[2mReconciliationHistory Service[2m > [22m[2mReconciliation History Operations[2m > [22m[2mgetAccountReconciliationHistory[2m > [22m[2mshould not return records from other accounts
[22m[39m[ReconciliationHistory] Saved reconciliation record {
  recordId: [32m'uIhuXZvzwW0o6Gz-GmfLt'[39m,
  accountId: [32m'test-account'[39m,
  status: [32m'balanced'[39m
}

[90mstdout[2m | src/services/reconciliationHistory.service.test.ts[2m > [22m[2mReconciliationHistory Service[2m > [22m[2mReconciliation History Operations[2m > [22m[2mgetAccountReconciliationHistory[2m > [22m[2mshould not return records from other accounts
[22m[39m[ReconciliationHistory] Saved reconciliation record {
  recordId: [32m'MMuETuHjoebf0db969T5h'[39m,
  accountId: [32m'other-account'[39m,
  status: [32m'balanced'[39m
}

[90mstdout[2m | src/services/reconciliationHistory.service.test.ts[2m > [22m[2mReconciliationHistory Service[2m > [22m[2mReconciliation History Operations[2m > [22m[2mgetRecentReconciliations[2m > [22m[2mshould retrieve recent reconciliations with limit
[22m[39m[ReconciliationHistory] Saved reconciliation record {
  recordId: [32m'OtDDuS6eADZpgvWQd4lVw'[39m,
  accountId: [32m'account-0'[39m,
  status: [32m'balanced'[39m
}

[90mstdout[2m | src/services/reconciliationHistory.service.test.ts[2m > [22m[2mReconciliationHistory Service[2m > [22m[2mReconciliation History Operations[2m > [22m[2mgetRecentReconciliations[2m > [22m[2mshould retrieve recent reconciliations with limit
[22m[39m[ReconciliationHistory] Saved reconciliation record {
  recordId: [32m'jKgcBsFEydgSaftts9P2L'[39m,
  accountId: [32m'account-1'[39m,
  status: [32m'balanced'[39m
}

[90mstdout[2m | src/services/reconciliationHistory.service.test.ts[2m > [22m[2mReconciliationHistory Service[2m > [22m[2mReconciliation History Operations[2m > [22m[2mgetRecentReconciliations[2m > [22m[2mshould retrieve recent reconciliations with limit
[22m[39m[ReconciliationHistory] Saved reconciliation record {
  recordId: [32m'Oop4AXhWGzhxQqCLC1CCC'[39m,
  accountId: [32m'account-2'[39m,
  status: [32m'balanced'[39m
}

[90mstdout[2m | src/services/reconciliationHistory.service.test.ts[2m > [22m[2mReconciliationHistory Service[2m > [22m[2mReconciliation History Operations[2m > [22m[2mgetRecentReconciliations[2m > [22m[2mshould retrieve recent reconciliations with limit
[22m[39m[ReconciliationHistory] Saved reconciliation record {
  recordId: [32m'YUMgiGvCTL-EWAJPs2lS4'[39m,
  accountId: [32m'account-3'[39m,
  status: [32m'balanced'[39m
}

[90mstdout[2m | src/services/reconciliationHistory.service.test.ts[2m > [22m[2mReconciliationHistory Service[2m > [22m[2mReconciliation History Operations[2m > [22m[2mgetRecentReconciliations[2m > [22m[2mshould retrieve recent reconciliations with limit
[22m[39m[ReconciliationHistory] Saved reconciliation record {
  recordId: [32m'EfUhgF6Atl_buV8d6TJFN'[39m,
  accountId: [32m'account-4'[39m,
  status: [32m'balanced'[39m
}

[90mstdout[2m | src/services/reconciliationHistory.service.test.ts[2m > [22m[2mReconciliationHistory Service[2m > [22m[2mReconciliation History Operations[2m > [22m[2mgetRecentReconciliations[2m > [22m[2mshould retrieve recent reconciliations with limit
[22m[39m[ReconciliationHistory] Saved reconciliation record {
  recordId: [32m'vu1VloClm6wTaEhmJeACI'[39m,
  accountId: [32m'account-5'[39m,
  status: [32m'balanced'[39m
}

[90mstdout[2m | src/services/reconciliationHistory.service.test.ts[2m > [22m[2mReconciliationHistory Service[2m > [22m[2mReconciliation History Operations[2m > [22m[2mgetRecentReconciliations[2m > [22m[2mshould retrieve recent reconciliations with limit
[22m[39m[ReconciliationHistory] Saved reconciliation record {
  recordId: [32m'zhSiakKkDh8ODRIYAVi1l'[39m,
  accountId: [32m'account-6'[39m,
  status: [32m'balanced'[39m
}

[90mstdout[2m | src/services/reconciliationHistory.service.test.ts[2m > [22m[2mReconciliationHistory Service[2m > [22m[2mReconciliation History Operations[2m > [22m[2mgetRecentReconciliations[2m > [22m[2mshould retrieve recent reconciliations with limit
[22m[39m[ReconciliationHistory] Saved reconciliation record {
  recordId: [32m'fGUgQd6s1avnbKY1E1awx'[39m,
  accountId: [32m'account-7'[39m,
  status: [32m'balanced'[39m
}

[90mstdout[2m | src/services/reconciliationHistory.service.test.ts[2m > [22m[2mReconciliationHistory Service[2m > [22m[2mReconciliation History Operations[2m > [22m[2mgetRecentReconciliations[2m > [22m[2mshould retrieve recent reconciliations with limit
[22m[39m[ReconciliationHistory] Saved reconciliation record {
  recordId: [32m'XsBGgnPohnSFBnYgjTpnE'[39m,
  accountId: [32m'account-8'[39m,
  status: [32m'balanced'[39m
}

[90mstdout[2m | src/services/reconciliationHistory.service.test.ts[2m > [22m[2mReconciliationHistory Service[2m > [22m[2mReconciliation History Operations[2m > [22m[2mgetRecentReconciliations[2m > [22m[2mshould retrieve recent reconciliations with limit
[22m[39m[ReconciliationHistory] Saved reconciliation record {
  recordId: [32m'taoEF--l455UFKN6IoDuz'[39m,
  accountId: [32m'account-9'[39m,
  status: [32m'balanced'[39m
}

[90mstdout[2m | src/services/reconciliationHistory.service.test.ts[2m > [22m[2mReconciliationHistory Service[2m > [22m[2mReconciliation History Operations[2m > [22m[2mgetRecentReconciliations[2m > [22m[2mshould retrieve recent reconciliations with limit
[22m[39m[ReconciliationHistory] Saved reconciliation record {
  recordId: [32m'HOW0kmp8k7Q8d8zO94_9H'[39m,
  accountId: [32m'account-10'[39m,
  status: [32m'balanced'[39m
}

[90mstdout[2m | src/services/reconciliationHistory.service.test.ts[2m > [22m[2mReconciliationHistory Service[2m > [22m[2mReconciliation History Operations[2m > [22m[2mgetRecentReconciliations[2m > [22m[2mshould retrieve recent reconciliations with limit
[22m[39m[ReconciliationHistory] Saved reconciliation record {
  recordId: [32m'QRbRtrnN5Jcetn1UoNeLU'[39m,
  accountId: [32m'account-11'[39m,
  status: [32m'balanced'[39m
}

[90mstdout[2m | src/services/reconciliationHistory.service.test.ts[2m > [22m[2mReconciliationHistory Service[2m > [22m[2mReconciliation History Operations[2m > [22m[2mgetRecentReconciliations[2m > [22m[2mshould retrieve recent reconciliations with limit
[22m[39m[ReconciliationHistory] Saved reconciliation record {
  recordId: [32m'jHnreqvI-vRi_sL2G77m-'[39m,
  accountId: [32m'account-12'[39m,
  status: [32m'balanced'[39m
}

[90mstdout[2m | src/services/reconciliationHistory.service.test.ts[2m > [22m[2mReconciliationHistory Service[2m > [22m[2mReconciliation History Operations[2m > [22m[2mgetRecentReconciliations[2m > [22m[2mshould retrieve recent reconciliations with limit
[22m[39m[ReconciliationHistory] Saved reconciliation record {
  recordId: [32m'INYH3tkGYIlBWWh3Ta-nL'[39m,
  accountId: [32m'account-13'[39m,
  status: [32m'balanced'[39m
}

[90mstdout[2m | src/services/reconciliationHistory.service.test.ts[2m > [22m[2mReconciliationHistory Service[2m > [22m[2mReconciliation History Operations[2m > [22m[2mgetRecentReconciliations[2m > [22m[2mshould retrieve recent reconciliations with limit
[22m[39m[ReconciliationHistory] Saved reconciliation record {
  recordId: [32m'JJDIpTM1x1PD-A_y4AK33'[39m,
  accountId: [32m'account-14'[39m,
  status: [32m'balanced'[39m
}

[90mstdout[2m | src/services/reconciliationHistory.service.test.ts[2m > [22m[2mReconciliationHistory Service[2m > [22m[2mReconciliation History Operations[2m > [22m[2mgetRecentReconciliations[2m > [22m[2mshould not return reconciliations from other companies
[22m[39m[ReconciliationHistory] Saved reconciliation record {
  recordId: [32m'f5P8Sub6W0Tz6slC76Yj0'[39m,
  accountId: [32m'test-account'[39m,
  status: [32m'balanced'[39m
}

[90mstdout[2m | src/services/reconciliationHistory.service.test.ts[2m > [22m[2mReconciliationHistory Service[2m > [22m[2mReconciliation History Operations[2m > [22m[2mgetRecentReconciliations[2m > [22m[2mshould not return reconciliations from other companies
[22m[39m[ReconciliationHistory] Saved reconciliation record {
  recordId: [32m'WAIdYmfHRuG2YHI1f--U_'[39m,
  accountId: [32m'other-account'[39m,
  status: [32m'balanced'[39m
}

[90mstdout[2m | src/services/reconciliationHistory.service.test.ts[2m > [22m[2mReconciliationHistory Service[2m > [22m[2mReconciliation History Operations[2m > [22m[2mreopenReconciliation[2m > [22m[2mshould reopen a reconciliation
[22m[39m[ReconciliationHistory] Saved reconciliation record {
  recordId: [32m'XwLbeJ3CL8ef0EubpUZF0'[39m,
  accountId: [32m'test-account'[39m,
  status: [32m'balanced'[39m
}

[90mstdout[2m | src/services/reconciliationHistory.service.test.ts[2m > [22m[2mReconciliationHistory Service[2m > [22m[2mReconciliation History Operations[2m > [22m[2mreopenReconciliation[2m > [22m[2mshould reopen a reconciliation
[22m[39m[ReconciliationHistory] Reopened reconciliation { recordId: [32m'XwLbeJ3CL8ef0EubpUZF0'[39m }

[90mstdout[2m | src/services/reconciliationHistory.service.test.ts[2m > [22m[2mReconciliationHistory Service[2m > [22m[2mReconciliation History Operations[2m > [22m[2mreopenReconciliation[2m > [22m[2mshould log audit trail on reopen
[22m[39m[ReconciliationHistory] Saved reconciliation record {
  recordId: [32m'kVX0KuPU4N5iIeb5cPb7Q'[39m,
  accountId: [32m'test-account'[39m,
  status: [32m'balanced'[39m
}

[90mstdout[2m | src/services/reconciliationHistory.service.test.ts[2m > [22m[2mReconciliationHistory Service[2m > [22m[2mReconciliation History Operations[2m > [22m[2mreopenReconciliation[2m > [22m[2mshould log audit trail on reopen
[22m[39m[ReconciliationHistory] Reopened reconciliation { recordId: [32m'kVX0KuPU4N5iIeb5cPb7Q'[39m }

[90mstdout[2m | src/services/reconciliationHistory.service.test.ts[2m > [22m[2mReconciliationHistory Service[2m > [22m[2mReconciliation History Operations[2m > [22m[2mreopenReconciliation[2m > [22m[2mshould encrypt reopened_reason when encryption service provided
[22m[39m[ReconciliationHistory] Saved reconciliation record {
  recordId: [32m'8M6tAaOvJH-7tIqej7zZS'[39m,
  accountId: [32m'test-account'[39m,
  status: [32m'balanced'[39m
}

[90mstdout[2m | src/services/reconciliationHistory.service.test.ts[2m > [22m[2mReconciliationHistory Service[2m > [22m[2mReconciliation History Operations[2m > [22m[2mreopenReconciliation[2m > [22m[2mshould encrypt reopened_reason when encryption service provided
[22m[39m[ReconciliationHistory] Reopened reconciliation { recordId: [32m'8M6tAaOvJH-7tIqej7zZS'[39m }

[90mstdout[2m | src/services/reconciliationHistory.service.test.ts[2m > [22m[2mReconciliationHistory Service[2m > [22m[2mUnreconciled Transaction Flagging[2m > [22m[2mgetUnreconciledTransactions[2m > [22m[2mshould flag transactions older than 30 days as WARNING
[22m[39m[ReconciliationHistory] Retrieved unreconciled transactions { accountId: [32m'test-account'[39m, count: [33m1[39m }

[90mstdout[2m | src/services/reconciliationHistory.service.test.ts[2m > [22m[2mReconciliationHistory Service[2m > [22m[2mUnreconciled Transaction Flagging[2m > [22m[2mgetUnreconciledTransactions[2m > [22m[2mshould flag transactions older than 60 days as ATTENTION
[22m[39m[ReconciliationHistory] Retrieved unreconciled transactions { accountId: [32m'test-account'[39m, count: [33m1[39m }

[90mstdout[2m | src/services/reconciliationHistory.service.test.ts[2m > [22m[2mReconciliationHistory Service[2m > [22m[2mUnreconciled Transaction Flagging[2m > [22m[2mgetUnreconciledTransactions[2m > [22m[2mshould flag transactions older than 90 days as URGENT
[22m[39m[ReconciliationHistory] Retrieved unreconciled transactions { accountId: [32m'test-account'[39m, count: [33m1[39m }

[90mstdout[2m | src/services/reconciliationHistory.service.test.ts[2m > [22m[2mReconciliationHistory Service[2m > [22m[2mUnreconciled Transaction Flagging[2m > [22m[2mgetUnreconciledTransactions[2m > [22m[2mshould not flag recent transactions
[22m[39m[ReconciliationHistory] Retrieved unreconciled transactions { accountId: [32m'test-account'[39m, count: [33m0[39m }

[90mstdout[2m | src/services/reconciliationHistory.service.test.ts[2m > [22m[2mReconciliationHistory Service[2m > [22m[2mUnreconciled Transaction Flagging[2m > [22m[2mgetUnreconciledTransactions[2m > [22m[2mshould sort by age (oldest first)
[22m[39m[ReconciliationHistory] Retrieved unreconciled transactions { accountId: [32m'test-account'[39m, count: [33m3[39m }

[90mstdout[2m | src/services/reconciliationHistory.service.test.ts[2m > [22m[2mReconciliationHistory Service[2m > [22m[2mUnreconciled Transaction Flagging[2m > [22m[2mgetUnreconciledDashboard[2m > [22m[2mshould aggregate unreconciled transactions across accounts
[22m[39m[ReconciliationHistory] Retrieved unreconciled transactions { accountId: [32m'account-1'[39m, count: [33m1[39m }

[90mstdout[2m | src/services/reconciliationHistory.service.test.ts[2m > [22m[2mReconciliationHistory Service[2m > [22m[2mUnreconciled Transaction Flagging[2m > [22m[2mgetUnreconciledDashboard[2m > [22m[2mshould aggregate unreconciled transactions across accounts
[22m[39m[ReconciliationHistory] Retrieved unreconciled transactions { accountId: [32m'account-2'[39m, count: [33m1[39m }

[90mstdout[2m | src/services/reconciliationHistory.service.test.ts[2m > [22m[2mReconciliationHistory Service[2m > [22m[2mUnreconciled Transaction Flagging[2m > [22m[2mgetUnreconciledDashboard[2m > [22m[2mshould aggregate unreconciled transactions across accounts
[22m[39m[ReconciliationHistory] Generated unreconciled dashboard { totalCount: [33m2[39m }

[90mstdout[2m | src/services/reconciliationHistory.service.test.ts[2m > [22m[2mReconciliationHistory Service[2m > [22m[2mUnreconciled Transaction Flagging[2m > [22m[2mgetUnreconciledDashboard[2m > [22m[2mshould track oldest transaction age
[22m[39m[ReconciliationHistory] Retrieved unreconciled transactions { accountId: [32m'account-1'[39m, count: [33m1[39m }

[90mstdout[2m | src/services/reconciliationHistory.service.test.ts[2m > [22m[2mReconciliationHistory Service[2m > [22m[2mUnreconciled Transaction Flagging[2m > [22m[2mgetUnreconciledDashboard[2m > [22m[2mshould track oldest transaction age
[22m[39m[ReconciliationHistory] Retrieved unreconciled transactions { accountId: [32m'account-2'[39m, count: [33m1[39m }

[90mstdout[2m | src/services/reconciliationHistory.service.test.ts[2m > [22m[2mReconciliationHistory Service[2m > [22m[2mUnreconciled Transaction Flagging[2m > [22m[2mgetUnreconciledDashboard[2m > [22m[2mshould track oldest transaction age
[22m[39m[ReconciliationHistory] Generated unreconciled dashboard { totalCount: [33m2[39m }

[90mstdout[2m | src/services/reconciliationHistory.service.test.ts[2m > [22m[2mReconciliationHistory Service[2m > [22m[2mUnreconciled Transaction Flagging[2m > [22m[2mgetUnreconciledDashboard[2m > [22m[2mshould group by account
[22m[39m[ReconciliationHistory] Retrieved unreconciled transactions { accountId: [32m'account-1'[39m, count: [33m1[39m }

[90mstdout[2m | src/services/reconciliationHistory.service.test.ts[2m > [22m[2mReconciliationHistory Service[2m > [22m[2mUnreconciled Transaction Flagging[2m > [22m[2mgetUnreconciledDashboard[2m > [22m[2mshould group by account
[22m[39m[ReconciliationHistory] Retrieved unreconciled transactions { accountId: [32m'account-2'[39m, count: [33m1[39m }

[90mstdout[2m | src/services/reconciliationHistory.service.test.ts[2m > [22m[2mReconciliationHistory Service[2m > [22m[2mUnreconciled Transaction Flagging[2m > [22m[2mgetUnreconciledDashboard[2m > [22m[2mshould group by account
[22m[39m[ReconciliationHistory] Generated unreconciled dashboard { totalCount: [33m2[39m }

[90mstdout[2m | src/services/reconciliationHistory.service.test.ts[2m > [22m[2mReconciliationHistory Service[2m > [22m[2mReconciliation Streak Tracking[2m > [22m[2mgetReconciliationStreak[2m > [22m[2mshould calculate current streak for consecutive months
[22m[39m[ReconciliationHistory] Saved reconciliation record {
  recordId: [32m'l0Mu4u1N_6kzkd5lctCKr'[39m,
  accountId: [32m'test-account'[39m,
  status: [32m'balanced'[39m
}

[90mstdout[2m | src/services/reconciliationHistory.service.test.ts[2m > [22m[2mReconciliationHistory Service[2m > [22m[2mReconciliation Streak Tracking[2m > [22m[2mgetReconciliationStreak[2m > [22m[2mshould calculate current streak for consecutive months
[22m[39m[ReconciliationHistory] Saved reconciliation record {
  recordId: [32m'Mbd6yzUzMNI7viwgGCj4N'[39m,
  accountId: [32m'test-account'[39m,
  status: [32m'balanced'[39m
}

[90mstdout[2m | src/services/reconciliationHistory.service.test.ts[2m > [22m[2mReconciliationHistory Service[2m > [22m[2mReconciliation Streak Tracking[2m > [22m[2mgetReconciliationStreak[2m > [22m[2mshould calculate current streak for consecutive months
[22m[39m[ReconciliationHistory] Saved reconciliation record {
  recordId: [32m'9ZCxK0SMxCKnpAhX8Tywt'[39m,
  accountId: [32m'test-account'[39m,
  status: [32m'balanced'[39m
}

[90mstdout[2m | src/services/reconciliationHistory.service.test.ts[2m > [22m[2mReconciliationHistory Service[2m > [22m[2mReconciliation Streak Tracking[2m > [22m[2mgetReconciliationStreak[2m > [22m[2mshould mark streak as at_risk if last reconciliation is 30-45 days old
[22m[39m[ReconciliationHistory] Saved reconciliation record {
  recordId: [32m'mrTWxkLJ_8lAmqbB9qKkE'[39m,
  accountId: [32m'test-account'[39m,
  status: [32m'balanced'[39m
}

[90mstdout[2m | src/services/reconciliationHistory.service.test.ts[2m > [22m[2mReconciliationHistory Service[2m > [22m[2mReconciliation Streak Tracking[2m > [22m[2mgetReconciliationStreak[2m > [22m[2mshould mark streak as broken if last reconciliation is over 45 days old
[22m[39m[ReconciliationHistory] Saved reconciliation record {
  recordId: [32m'BZnOyihrXH25HC3s-P3_W'[39m,
  accountId: [32m'test-account'[39m,
  status: [32m'balanced'[39m
}

[90mstdout[2m | src/services/reconciliationHistory.service.test.ts[2m > [22m[2mReconciliationHistory Service[2m > [22m[2mReconciliation Streak Tracking[2m > [22m[2mgetReconciliationStreak[2m > [22m[2mshould track best streak even if current is broken
[22m[39m[ReconciliationHistory] Saved reconciliation record {
  recordId: [32m'RXwgc27iDyOxiBih3nxVy'[39m,
  accountId: [32m'test-account'[39m,
  status: [32m'balanced'[39m
}

[90mstdout[2m | src/services/reconciliationHistory.service.test.ts[2m > [22m[2mReconciliationHistory Service[2m > [22m[2mReconciliation Streak Tracking[2m > [22m[2mgetReconciliationStreak[2m > [22m[2mshould track best streak even if current is broken
[22m[39m[ReconciliationHistory] Saved reconciliation record {
  recordId: [32m'cTDh0M892dYWcdGNDco6X'[39m,
  accountId: [32m'test-account'[39m,
  status: [32m'balanced'[39m
}

[90mstdout[2m | src/services/reconciliationHistory.service.test.ts[2m > [22m[2mReconciliationHistory Service[2m > [22m[2mReconciliation Streak Tracking[2m > [22m[2mgetReconciliationStreak[2m > [22m[2mshould track best streak even if current is broken
[22m[39m[ReconciliationHistory] Saved reconciliation record {
  recordId: [32m'EwLFgr2WZSY2hWFdXDR_e'[39m,
  accountId: [32m'test-account'[39m,
  status: [32m'balanced'[39m
}

[90mstdout[2m | src/services/reconciliationHistory.service.test.ts[2m > [22m[2mReconciliationHistory Service[2m > [22m[2mReconciliation Streak Tracking[2m > [22m[2mgetReconciliationStreak[2m > [22m[2mshould track best streak even if current is broken
[22m[39m[ReconciliationHistory] Saved reconciliation record {
  recordId: [32m'641fChCQZ-OMOIgBwHOXr'[39m,
  accountId: [32m'test-account'[39m,
  status: [32m'balanced'[39m
}

[90mstdout[2m | src/services/reconciliationHistory.service.test.ts[2m > [22m[2mReconciliationHistory Service[2m > [22m[2mReconciliation Streak Tracking[2m > [22m[2mgetReconciliationStreak[2m > [22m[2mshould track best streak even if current is broken
[22m[39m[ReconciliationHistory] Saved reconciliation record {
  recordId: [32m'fMywAtS3zxr9H7PSW6biG'[39m,
  accountId: [32m'test-account'[39m,
  status: [32m'balanced'[39m
}

[90mstdout[2m | src/services/reconciliationHistory.service.test.ts[2m > [22m[2mReconciliationHistory Service[2m > [22m[2mReconciliation Streak Tracking[2m > [22m[2mgetReconciliationStreak[2m > [22m[2mshould track milestone achievements
[22m[39m[ReconciliationHistory] Saved reconciliation record {
  recordId: [32m'smzRksW0qFtvmW7bz9MG5'[39m,
  accountId: [32m'test-account'[39m,
  status: [32m'balanced'[39m
}

[90mstdout[2m | src/services/reconciliationHistory.service.test.ts[2m > [22m[2mReconciliationHistory Service[2m > [22m[2mReconciliation Streak Tracking[2m > [22m[2mgetReconciliationStreak[2m > [22m[2mshould track milestone achievements
[22m[39m[ReconciliationHistory] Saved reconciliation record {
  recordId: [32m'X9ZaV94XOHwbgZ-364kQC'[39m,
  accountId: [32m'test-account'[39m,
  status: [32m'balanced'[39m
}

[90mstdout[2m | src/services/reconciliationHistory.service.test.ts[2m > [22m[2mReconciliationHistory Service[2m > [22m[2mReconciliation Streak Tracking[2m > [22m[2mgetReconciliationStreak[2m > [22m[2mshould track milestone achievements
[22m[39m[ReconciliationHistory] Saved reconciliation record {
  recordId: [32m'dKnCkdoGcj4HCzgbjlOrg'[39m,
  accountId: [32m'test-account'[39m,
  status: [32m'balanced'[39m
}

[90mstdout[2m | src/services/reconciliationHistory.service.test.ts[2m > [22m[2mReconciliationHistory Service[2m > [22m[2mReconciliation Streak Tracking[2m > [22m[2mgetReconciliationStreak[2m > [22m[2mshould track milestone achievements
[22m[39m[ReconciliationHistory] Saved reconciliation record {
  recordId: [32m'RX51C4XveqnMSRvskh8HL'[39m,
  accountId: [32m'test-account'[39m,
  status: [32m'balanced'[39m
}

[90mstdout[2m | src/services/reconciliationHistory.service.test.ts[2m > [22m[2mReconciliationHistory Service[2m > [22m[2mReconciliation Streak Tracking[2m > [22m[2mgetReconciliationStreak[2m > [22m[2mshould track milestone achievements
[22m[39m[ReconciliationHistory] Saved reconciliation record {
  recordId: [32m'3yhF7NjEJxCj2ApMjcvuh'[39m,
  accountId: [32m'test-account'[39m,
  status: [32m'balanced'[39m
}

[90mstdout[2m | src/services/reconciliationHistory.service.test.ts[2m > [22m[2mReconciliationHistory Service[2m > [22m[2mReconciliation Streak Tracking[2m > [22m[2mgetReconciliationStreak[2m > [22m[2mshould track milestone achievements
[22m[39m[ReconciliationHistory] Saved reconciliation record {
  recordId: [32m'OOIsRs6wGc7AcULTj-Odt'[39m,
  accountId: [32m'test-account'[39m,
  status: [32m'balanced'[39m
}

[90mstdout[2m | src/services/reconciliationHistory.service.test.ts[2m > [22m[2mReconciliationHistory Service[2m > [22m[2mDiscrepancy Resolution[2m > [22m[2msuggestDiscrepancyResolutions[2m > [22m[2mshould suggest bank fee for fee-related descriptions
[22m[39m[ReconciliationHistory] Generated discrepancy suggestions { accountId: [32m'test-account'[39m, suggestionCount: [33m1[39m }

[90mstdout[2m | src/services/reconciliationHistory.service.test.ts[2m > [22m[2mReconciliationHistory Service[2m > [22m[2mDiscrepancy Resolution[2m > [22m[2msuggestDiscrepancyResolutions[2m > [22m[2mshould suggest interest for interest-related descriptions
[22m[39m[ReconciliationHistory] Generated discrepancy suggestions { accountId: [32m'test-account'[39m, suggestionCount: [33m1[39m }

[90mstdout[2m | src/services/reconciliationHistory.service.test.ts[2m > [22m[2mReconciliationHistory Service[2m > [22m[2mDiscrepancy Resolution[2m > [22m[2msuggestDiscrepancyResolutions[2m > [22m[2mshould detect potential duplicates with same amount
[22m[39m[ReconciliationHistory] Generated discrepancy suggestions { accountId: [32m'test-account'[39m, suggestionCount: [33m1[39m }

[90mstdout[2m | src/services/reconciliationHistory.service.test.ts[2m > [22m[2mReconciliationHistory Service[2m > [22m[2mDiscrepancy Resolution[2m > [22m[2msuggestDiscrepancyResolutions[2m > [22m[2mshould flag outstanding checks for old unmatched book transactions
[22m[39m[ReconciliationHistory] Generated discrepancy suggestions { accountId: [32m'test-account'[39m, suggestionCount: [33m1[39m }

[90mstdout[2m | src/services/reconciliationHistory.service.test.ts[2m > [22m[2mReconciliationHistory Service[2m > [22m[2mDiscrepancy Resolution[2m > [22m[2msuggestDiscrepancyResolutions[2m > [22m[2mshould return multiple suggestions for complex scenarios
[22m[39m[ReconciliationHistory] Generated discrepancy suggestions { accountId: [32m'test-account'[39m, suggestionCount: [33m3[39m }

[90mstdout[2m | src/services/reconciliationHistory.service.test.ts[2m > [22m[2mReconciliationHistory Service[2m > [22m[2mDiscrepancy Resolution[2m > [22m[2msuggestDiscrepancyResolutions[2m > [22m[2mshould provide fix actions for auto-fixable suggestions
[22m[39m[ReconciliationHistory] Generated discrepancy suggestions { accountId: [32m'test-account'[39m, suggestionCount: [33m1[39m }

[90mstderr[2m | src/services/reconciliationHistory.service.test.ts[2m > [22m[2mReconciliationHistory Service[2m > [22m[2mError Handling[2m > [22m[2mshould handle database errors gracefully in createPattern
[22m[39m[ReconciliationHistory] Failed to create pattern {
  error: Error: Database error
      at C:/Users/Admin/graceful_books/src/services/reconciliationHistory.service.test.ts:1824:9
      at [90mfile:///C:/Users/Admin/graceful_books/[39mnode_modules/[4m@vitest/runner[24m/dist/index.js:145:11
      at [90mfile:///C:/Users/Admin/graceful_books/[39mnode_modules/[4m@vitest/runner[24m/dist/index.js:915:26
      at [90mfile:///C:/Users/Admin/graceful_books/[39mnode_modules/[4m@vitest/runner[24m/dist/index.js:1243:20
      at new Promise (<anonymous>)
      at runWithTimeout [90m(file:///C:/Users/Admin/graceful_books/[39mnode_modules/[4m@vitest/runner[24m/dist/index.js:1209:10[90m)[39m
      at [90mfile:///C:/Users/Admin/graceful_books/[39mnode_modules/[4m@vitest/runner[24m/dist/index.js:1653:37
      at Traces.$ [90m(file:///C:/Users/Admin/graceful_books/[39mnode_modules/[4mvitest[24m/dist/chunks/traces.CCmnQaNT.js:142:27[90m)[39m
      at trace [90m(file:///C:/Users/Admin/graceful_books/[39mnode_modules/[4mvitest[24m/dist/chunks/test.B8ej_ZHS.js:239:21[90m)[39m
      at runTest [90m(file:///C:/Users/Admin/graceful_books/[39mnode_modules/[4m@vitest/runner[24m/dist/index.js:1653:12[90m)[39m,
  vendorName: [32m'Test Vendor'[39m
}

[90mstderr[2m | src/services/reconciliationHistory.service.test.ts[2m > [22m[2mReconciliationHistory Service[2m > [22m[2mError Handling[2m > [22m[2mshould handle database errors gracefully in saveReconciliationRecord
[22m[39m[ReconciliationHistory] Failed to save reconciliation record {
  error: Error: Database error
      at C:/Users/Admin/graceful_books/src/services/reconciliationHistory.service.test.ts:1837:9
      at [90mfile:///C:/Users/Admin/graceful_books/[39mnode_modules/[4m@vitest/runner[24m/dist/index.js:145:11
      at [90mfile:///C:/Users/Admin/graceful_books/[39mnode_modules/[4m@vitest/runner[24m/dist/index.js:915:26
      at [90mfile:///C:/Users/Admin/graceful_books/[39mnode_modules/[4m@vitest/runner[24m/dist/index.js:1243:20
      at new Promise (<anonymous>)
      at runWithTimeout [90m(file:///C:/Users/Admin/graceful_books/[39mnode_modules/[4m@vitest/runner[24m/dist/index.js:1209:10[90m)[39m
      at [90mfile:///C:/Users/Admin/graceful_books/[39mnode_modules/[4m@vitest/runner[24m/dist/index.js:1653:37
      at Traces.$ [90m(file:///C:/Users/Admin/graceful_books/[39mnode_modules/[4mvitest[24m/dist/chunks/traces.CCmnQaNT.js:142:27[90m)[39m
      at trace [90m(file:///C:/Users/Admin/graceful_books/[39mnode_modules/[4mvitest[24m/dist/chunks/test.B8ej_ZHS.js:239:21[90m)[39m
      at runTest [90m(file:///C:/Users/Admin/graceful_books/[39mnode_modules/[4m@vitest/runner[24m/dist/index.js:1653:12[90m)[39m
}

[90mstderr[2m | src/services/reconciliationHistory.service.test.ts[2m > [22m[2mReconciliationHistory Service[2m > [22m[2mError Handling[2m > [22m[2mshould handle encryption errors gracefully
[22m[39m[ReconciliationHistory] Failed to save reconciliation record {
  error: Error: Encryption failed
      at Object.encrypt (C:/Users/Admin/graceful_books/src/services/reconciliationHistory.service.test.ts:1879:19)
      at saveReconciliationRecord (C:/Users/Admin/graceful_books/src/services/reconciliationHistory.service.ts:412:52)
      at C:/Users/Admin/graceful_books/src/services/reconciliationHistory.service.test.ts:1893:28
      at [90mfile:///C:/Users/Admin/graceful_books/[39mnode_modules/[4m@vitest/runner[24m/dist/index.js:145:11
      at [90mfile:///C:/Users/Admin/graceful_books/[39mnode_modules/[4m@vitest/runner[24m/dist/index.js:915:26
      at [90mfile:///C:/Users/Admin/graceful_books/[39mnode_modules/[4m@vitest/runner[24m/dist/index.js:1243:20
      at new Promise (<anonymous>)
      at runWithTimeout [90m(file:///C:/Users/Admin/graceful_books/[39mnode_modules/[4m@vitest/runner[24m/dist/index.js:1209:10[90m)[39m
      at [90mfile:///C:/Users/Admin/graceful_books/[39mnode_modules/[4m@vitest/runner[24m/dist/index.js:1653:37
      at Traces.$ [90m(file:///C:/Users/Admin/graceful_books/[39mnode_modules/[4mvitest[24m/dist/chunks/traces.CCmnQaNT.js:142:27[90m)[39m
}

 [32m✓[39m src/services/reconciliationHistory.service.test.ts [2m([22m[2m57 tests[22m[2m)[22m[33m 952[2mms[22m[39m
 [32m✓[39m src/components/dashboard/FinancialSummary.test.tsx [2m([22m[2m22 tests[22m[2m)[22m[33m 710[2mms[22m[39m
 [32m✓[39m src/sync/syncClient.test.ts [2m([22m[2m16 tests[22m[2m)[22m[33m 1058[2mms[22m[39m
       [33m[2m✓[22m[39m should complete sync successfully [33m 344[2mms[22m[39m
       [33m[2m✓[22m[39m should not start second sync when already in progress [33m 410[2mms[22m[39m
 [32m✓[39m src/components/assessment/AssessmentQuestion.test.tsx [2m([22m[2m14 tests[22m[2m)[22m[33m 836[2mms[22m[39m
 [32m✓[39m src/components/audit/AuditLogTimeline.test.tsx [2m([22m[2m11 tests[22m[2m)[22m[33m 761[2mms[22m[39m
 [32m✓[39m src/components/contacts/HierarchyIndicator.test.tsx [2m([22m[2m19 tests[22m[2m)[22m[33m 668[2mms[22m[39m
 [32m✓[39m src/components/wizards/steps/WelcomeStep.test.tsx [2m([22m[2m6 tests[22m[2m)[22m[33m 723[2mms[22m[39m
     [33m[2m✓[22m[39m should call onNext when continue button is clicked [33m 384[2mms[22m[39m
[90mstdout[2m | src/services/email/emailSchedulingService.test.ts[2m > [22m[2mEmail Scheduling Service[2m > [22m[2mscheduleEmail[2m > [22m[2mshould successfully schedule an email
[22m[39m[EmailScheduling] Email scheduled {
  userId: [32m'user-123'[39m,
  scheduledAt: [35m2026-01-19T16:00:00.000Z[39m,
  subject: [32m'Test Subject'[39m
}
[EmailScheduling] MOCKED: Scheduling with email service {
  recipientEmail: [32m'test@example.com'[39m,
  subject: [32m'Test Subject'[39m,
  scheduledAt: [35m2026-01-19T16:00:00.000Z[39m
}

[90mstderr[2m | src/services/email/emailSchedulingService.test.ts[2m > [22m[2mEmail Scheduling Service[2m > [22m[2mscheduleEmail[2m > [22m[2mshould throw error when preferences are not enabled
[22m[39m[EmailScheduling] Failed to schedule email {
  error: AppError: Email preferences must be enabled to schedule emails
      at Module.scheduleEmail (C:/Users/Admin/graceful_books/src/services/email/emailSchedulingService.ts:31:13)
      at C:/Users/Admin/graceful_books/src/services/email/emailSchedulingService.test.ts:152:20
      at [90mfile:///C:/Users/Admin/graceful_books/[39mnode_modules/[4m@vitest/runner[24m/dist/index.js:145:11
      at [90mfile:///C:/Users/Admin/graceful_books/[39mnode_modules/[4m@vitest/runner[24m/dist/index.js:915:26
      at [90mfile:///C:/Users/Admin/graceful_books/[39mnode_modules/[4m@vitest/runner[24m/dist/index.js:1243:20
      at new Promise (<anonymous>)
      at runWithTimeout [90m(file:///C:/Users/Admin/graceful_books/[39mnode_modules/[4m@vitest/runner[24m/dist/index.js:1209:10[90m)[39m
      at [90mfile:///C:/Users/Admin/graceful_books/[39mnode_modules/[4m@vitest/runner[24m/dist/index.js:1653:37
      at Traces.$ [90m(file:///C:/Users/Admin/graceful_books/[39mnode_modules/[4mvitest[24m/dist/chunks/traces.CCmnQaNT.js:142:27[90m)[39m
      at trace [90m(file:///C:/Users/Admin/graceful_books/[39mnode_modules/[4mvitest[24m/dist/chunks/test.B8ej_ZHS.js:239:21[90m)[39m {
    code: [32m'VALIDATION_ERROR'[39m,
    category: [32m'VALIDATION'[39m,
    details: { userId: [32m'user-123'[39m },
    field: [90mundefined[39m
  },
  context: {
    user: {
      id: [32m'user-123'[39m,
      name: [32m'Test User'[39m,
      email: [32m'test@example.com'[39m,
      timezone: [32m'America/Los_Angeles'[39m
    },
    company: { id: [32m'company-456'[39m, name: [32m'Test Company LLC'[39m },
    preferences: {
      id: [32m'pref-789'[39m,
      userId: [32m'user-123'[39m,
      companyId: [32m'company-456'[39m,
      enabled: [33mfalse[39m,
      frequency: [32m'weekly'[39m,
      dayOfWeek: [32m'monday'[39m,
      timeOfDay: [32m'08:00'[39m,
      timezone: [32m'America/Los_Angeles'[39m,
      includeSections: [36m[Array][39m,
      maxTasksToShow: [33m5[39m,
      discProfileId: [1mnull[22m,
      useDiscAdaptation: [33mtrue[39m,
      lastSentAt: [1mnull[22m,
      nextScheduledAt: [1mnull[22m,
      unsubscribedAt: [1mnull[22m,
      unsubscribeReason: [1mnull[22m,
      createdAt: [35m2026-01-19T02:51:55.366Z[39m,
      updatedAt: [35m2026-01-19T02:51:55.366Z[39m
    },
    checklistItems: [ [36m[Object][39m ],
    discType: [32m'S'[39m,
    generatedAt: [35m2026-01-19T02:51:55.366Z[39m
  }
}

[90mstdout[2m | src/services/email/emailSchedulingService.test.ts[2m > [22m[2mEmail Scheduling Service[2m > [22m[2mscheduleEmail[2m > [22m[2mshould calculate correct next send time for Monday 8am
[22m[39m[EmailScheduling] Email scheduled {
  userId: [32m'user-123'[39m,
  scheduledAt: [35m2026-01-19T16:00:00.000Z[39m,
  subject: [32m'Test'[39m
}
[EmailScheduling] MOCKED: Scheduling with email service {
  recipientEmail: [32m'test@example.com'[39m,
  subject: [32m'Test'[39m,
  scheduledAt: [35m2026-01-19T16:00:00.000Z[39m
}

[90mstdout[2m | src/services/email/emailSchedulingService.test.ts[2m > [22m[2mEmail Scheduling Service[2m > [22m[2mscheduleEmail[2m > [22m[2mshould schedule for next week if time has passed today
[22m[39m[EmailScheduling] Email scheduled {
  userId: [32m'user-123'[39m,
  scheduledAt: [35m2026-01-19T16:00:00.000Z[39m,
  subject: [32m'Test'[39m
}
[EmailScheduling] MOCKED: Scheduling with email service {
  recipientEmail: [32m'test@example.com'[39m,
  subject: [32m'Test'[39m,
  scheduledAt: [35m2026-01-19T16:00:00.000Z[39m
}

[90mstderr[2m | src/services/email/emailSchedulingService.test.ts[2m > [22m[2mEmail Scheduling Service[2m > [22m[2mscheduleEmail[2m > [22m[2mshould handle preview generation errors gracefully
[22m[39m[EmailScheduling] Failed to schedule email {
  error: Error: Preview generation failed
      at C:/Users/Admin/graceful_books/src/services/email/emailSchedulingService.test.ts:210:9
      at [90mfile:///C:/Users/Admin/graceful_books/[39mnode_modules/[4m@vitest/runner[24m/dist/index.js:145:11
      at [90mfile:///C:/Users/Admin/graceful_books/[39mnode_modules/[4m@vitest/runner[24m/dist/index.js:915:26
      at [90mfile:///C:/Users/Admin/graceful_books/[39mnode_modules/[4m@vitest/runner[24m/dist/index.js:1243:20
      at new Promise (<anonymous>)
      at runWithTimeout [90m(file:///C:/Users/Admin/graceful_books/[39mnode_modules/[4m@vitest/runner[24m/dist/index.js:1209:10[90m)[39m
      at [90mfile:///C:/Users/Admin/graceful_books/[39mnode_modules/[4m@vitest/runner[24m/dist/index.js:1653:37
      at Traces.$ [90m(file:///C:/Users/Admin/graceful_books/[39mnode_modules/[4mvitest[24m/dist/chunks/traces.CCmnQaNT.js:142:27[90m)[39m
      at trace [90m(file:///C:/Users/Admin/graceful_books/[39mnode_modules/[4mvitest[24m/dist/chunks/test.B8ej_ZHS.js:239:21[90m)[39m
      at runTest [90m(file:///C:/Users/Admin/graceful_books/[39mnode_modules/[4m@vitest/runner[24m/dist/index.js:1653:12[90m)[39m,
  context: {
    user: {
      id: [32m'user-123'[39m,
      name: [32m'Test User'[39m,
      email: [32m'test@example.com'[39m,
      timezone: [32m'America/Los_Angeles'[39m
    },
    company: { id: [32m'company-456'[39m, name: [32m'Test Company LLC'[39m },
    preferences: {
      id: [32m'pref-789'[39m,
      userId: [32m'user-123'[39m,
      companyId: [32m'company-456'[39m,
      enabled: [33mtrue[39m,
      frequency: [32m'weekly'[39m,
      dayOfWeek: [32m'monday'[39m,
      timeOfDay: [32m'08:00'[39m,
      timezone: [32m'America/Los_Angeles'[39m,
      includeSections: [36m[Array][39m,
      maxTasksToShow: [33m5[39m,
      discProfileId: [1mnull[22m,
      useDiscAdaptation: [33mtrue[39m,
      lastSentAt: [1mnull[22m,
      nextScheduledAt: [1mnull[22m,
      unsubscribedAt: [1mnull[22m,
      unsubscribeReason: [1mnull[22m,
      createdAt: [35m2026-01-19T02:51:55.401Z[39m,
      updatedAt: [35m2026-01-19T02:51:55.401Z[39m
    },
    checklistItems: [ [36m[Object][39m ],
    discType: [32m'S'[39m,
    generatedAt: [35m2026-01-19T02:51:55.401Z[39m
  }
}

[90mstdout[2m | src/services/email/emailSchedulingService.test.ts[2m > [22m[2mEmail Scheduling Service[2m > [22m[2msendEmailNow[2m > [22m[2mshould send email immediately for testing
[22m[39m[EmailScheduling] Sending email immediately { userId: [32m'user-123'[39m, subject: [32m'Test Subject'[39m }
[EmailScheduling] MOCKED: Sending email via service { recipientEmail: [32m'test@example.com'[39m, subject: [32m'Test Subject'[39m }

[90mstderr[2m | src/services/email/emailSchedulingService.test.ts[2m > [22m[2mEmail Scheduling Service[2m > [22m[2msendEmailNow[2m > [22m[2mshould throw error on send failure
[22m[39m[EmailScheduling] Failed to send email {
  error: Error: Send failed
      at C:/Users/Admin/graceful_books/src/services/email/emailSchedulingService.test.ts:241:9
      at [90mfile:///C:/Users/Admin/graceful_books/[39mnode_modules/[4m@vitest/runner[24m/dist/index.js:145:11
      at [90mfile:///C:/Users/Admin/graceful_books/[39mnode_modules/[4m@vitest/runner[24m/dist/index.js:915:26
      at [90mfile:///C:/Users/Admin/graceful_books/[39mnode_modules/[4m@vitest/runner[24m/dist/index.js:1243:20
      at new Promise (<anonymous>)
      at runWithTimeout [90m(file:///C:/Users/Admin/graceful_books/[39mnode_modules/[4m@vitest/runner[24m/dist/index.js:1209:10[90m)[39m
      at [90mfile:///C:/Users/Admin/graceful_books/[39mnode_modules/[4m@vitest/runner[24m/dist/index.js:1653:37
      at Traces.$ [90m(file:///C:/Users/Admin/graceful_books/[39mnode_modules/[4mvitest[24m/dist/chunks/traces.CCmnQaNT.js:142:27[90m)[39m
      at trace [90m(file:///C:/Users/Admin/graceful_books/[39mnode_modules/[4mvitest[24m/dist/chunks/test.B8ej_ZHS.js:239:21[90m)[39m
      at runTest [90m(file:///C:/Users/Admin/graceful_books/[39mnode_modules/[4m@vitest/runner[24m/dist/index.js:1653:12[90m)[39m,
  context: {
    user: {
      id: [32m'user-123'[39m,
      name: [32m'Test User'[39m,
      email: [32m'test@example.com'[39m,
      timezone: [32m'America/Los_Angeles'[39m
    },
    company: { id: [32m'company-456'[39m, name: [32m'Test Company LLC'[39m },
    preferences: {
      id: [32m'pref-789'[39m,
      userId: [32m'user-123'[39m,
      companyId: [32m'company-456'[39m,
      enabled: [33mtrue[39m,
      frequency: [32m'weekly'[39m,
      dayOfWeek: [32m'monday'[39m,
      timeOfDay: [32m'08:00'[39m,
      timezone: [32m'America/Los_Angeles'[39m,
      includeSections: [36m[Array][39m,
      maxTasksToShow: [33m5[39m,
      discProfileId: [1mnull[22m,
      useDiscAdaptation: [33mtrue[39m,
      lastSentAt: [1mnull[22m,
      nextScheduledAt: [1mnull[22m,
      unsubscribedAt: [1mnull[22m,
      unsubscribeReason: [1mnull[22m,
      createdAt: [35m2026-01-19T02:51:55.919Z[39m,
      updatedAt: [35m2026-01-19T02:51:55.919Z[39m
    },
    checklistItems: [ [36m[Object][39m ],
    discType: [32m'S'[39m,
    generatedAt: [35m2026-01-19T02:51:55.919Z[39m
  }
}

[90mstdout[2m | src/services/email/emailSchedulingService.test.ts[2m > [22m[2mEmail Scheduling Service[2m > [22m[2mcancelScheduledEmail[2m > [22m[2mshould cancel a scheduled email
[22m[39m[EmailScheduling] Cancelling scheduled email { userId: [32m'user-123'[39m, deliveryId: [32m'delivery-456'[39m }

[90mstdout[2m | src/services/email/emailSchedulingService.test.ts[2m > [22m[2mEmail Scheduling Service[2m > [22m[2mcancelScheduledEmail[2m > [22m[2mshould handle cancellation errors
[22m[39m[EmailScheduling] Cancelling scheduled email { userId: [32m'user-123'[39m, deliveryId: [32m'delivery-456'[39m }

[90mstderr[2m | src/services/email/emailSchedulingService.test.ts[2m > [22m[2mEmail Scheduling Service[2m > [22m[2mcancelScheduledEmail[2m > [22m[2mshould handle cancellation errors
[22m[39m[EmailScheduling] Failed to cancel email {
  error: Error: Database error
      at C:/Users/Admin/graceful_books/src/services/email/emailSchedulingService.test.ts:271:9
      at [90mfile:///C:/Users/Admin/graceful_books/[39mnode_modules/[4m@vitest/runner[24m/dist/index.js:145:11
      at [90mfile:///C:/Users/Admin/graceful_books/[39mnode_modules/[4m@vitest/runner[24m/dist/index.js:915:26
      at [90mfile:///C:/Users/Admin/graceful_books/[39mnode_modules/[4m@vitest/runner[24m/dist/index.js:1243:20
      at new Promise (<anonymous>)
      at runWithTimeout [90m(file:///C:/Users/Admin/graceful_books/[39mnode_modules/[4m@vitest/runner[24m/dist/index.js:1209:10[90m)[39m
      at [90mfile:///C:/Users/Admin/graceful_books/[39mnode_modules/[4m@vitest/runner[24m/dist/index.js:1653:37
      at Traces.$ [90m(file:///C:/Users/Admin/graceful_books/[39mnode_modules/[4mvitest[24m/dist/chunks/traces.CCmnQaNT.js:142:27[90m)[39m
      at trace [90m(file:///C:/Users/Admin/graceful_books/[39mnode_modules/[4mvitest[24m/dist/chunks/test.B8ej_ZHS.js:239:21[90m)[39m
      at runTest [90m(file:///C:/Users/Admin/graceful_books/[39mnode_modules/[4m@vitest/runner[24m/dist/index.js:1653:12[90m)[39m,
  userId: [32m'user-123'[39m,
  deliveryId: [32m'delivery-456'[39m
}

[90mstdout[2m | src/services/email/emailSchedulingService.test.ts[2m > [22m[2mEmail Scheduling Service[2m > [22m[2misEmailServiceConfigured[2m > [22m[2mshould return true in MVP mode
[22m[39m[EmailScheduling] MOCKED: Checking email service configuration 

[90mstdout[2m | src/services/email/emailSchedulingService.test.ts[2m > [22m[2mEmail Scheduling Service[2m > [22m[2mDISC-adapted email scheduling[2m > [22m[2mshould schedule emails for all DISC types
[22m[39m[EmailScheduling] Email scheduled {
  userId: [32m'user-123'[39m,
  scheduledAt: [35m2026-01-19T16:00:00.000Z[39m,
  subject: [32m'Test'[39m
}
[EmailScheduling] MOCKED: Scheduling with email service {
  recipientEmail: [32m'test@example.com'[39m,
  subject: [32m'Test'[39m,
  scheduledAt: [35m2026-01-19T16:00:00.000Z[39m
}

[90mstdout[2m | src/services/email/emailSchedulingService.test.ts[2m > [22m[2mEmail Scheduling Service[2m > [22m[2mDISC-adapted email scheduling[2m > [22m[2mshould schedule emails for all DISC types
[22m[39m[EmailScheduling] Email scheduled {
  userId: [32m'user-123'[39m,
  scheduledAt: [35m2026-01-19T16:00:00.000Z[39m,
  subject: [32m'Test'[39m
}
[EmailScheduling] MOCKED: Scheduling with email service {
  recipientEmail: [32m'test@example.com'[39m,
  subject: [32m'Test'[39m,
  scheduledAt: [35m2026-01-19T16:00:00.000Z[39m
}

[90mstdout[2m | src/services/email/emailSchedulingService.test.ts[2m > [22m[2mEmail Scheduling Service[2m > [22m[2mDISC-adapted email scheduling[2m > [22m[2mshould schedule emails for all DISC types
[22m[39m[EmailScheduling] Email scheduled {
  userId: [32m'user-123'[39m,
  scheduledAt: [35m2026-01-19T16:00:00.000Z[39m,
  subject: [32m'Test'[39m
}
[EmailScheduling] MOCKED: Scheduling with email service {
  recipientEmail: [32m'test@example.com'[39m,
  subject: [32m'Test'[39m,
  scheduledAt: [35m2026-01-19T16:00:00.000Z[39m
}

[90mstdout[2m | src/services/email/emailSchedulingService.test.ts[2m > [22m[2mEmail Scheduling Service[2m > [22m[2mDISC-adapted email scheduling[2m > [22m[2mshould schedule emails for all DISC types
[22m[39m[EmailScheduling] Email scheduled {
  userId: [32m'user-123'[39m,
  scheduledAt: [35m2026-01-19T16:00:00.000Z[39m,
  subject: [32m'Test'[39m
}
[EmailScheduling] MOCKED: Scheduling with email service {
  recipientEmail: [32m'test@example.com'[39m,
  subject: [32m'Test'[39m,
  scheduledAt: [35m2026-01-19T16:00:00.000Z[39m
}

[90mstdout[2m | src/services/email/emailSchedulingService.test.ts[2m > [22m[2mEmail Scheduling Service[2m > [22m[2mEdge cases[2m > [22m[2mshould handle empty checklist items
[22m[39m[EmailScheduling] Email scheduled {
  userId: [32m'user-123'[39m,
  scheduledAt: [35m2026-01-19T16:00:00.000Z[39m,
  subject: [32m'Test'[39m
}
[EmailScheduling] MOCKED: Scheduling with email service {
  recipientEmail: [32m'test@example.com'[39m,
  subject: [32m'Test'[39m,
  scheduledAt: [35m2026-01-19T16:00:00.000Z[39m
}

[90mstdout[2m | src/services/email/emailSchedulingService.test.ts[2m > [22m[2mEmail Scheduling Service[2m > [22m[2mEdge cases[2m > [22m[2mshould handle different day/time combinations
[22m[39m[EmailScheduling] Email scheduled {
  userId: [32m'user-123'[39m,
  scheduledAt: [35m2026-01-19T16:00:00.000Z[39m,
  subject: [32m'Test'[39m
}
[EmailScheduling] MOCKED: Scheduling with email service {
  recipientEmail: [32m'test@example.com'[39m,
  subject: [32m'Test'[39m,
  scheduledAt: [35m2026-01-19T16:00:00.000Z[39m
}

[90mstdout[2m | src/services/email/emailSchedulingService.test.ts[2m > [22m[2mEmail Scheduling Service[2m > [22m[2mEdge cases[2m > [22m[2mshould handle different day/time combinations
[22m[39m[EmailScheduling] Email scheduled {
  userId: [32m'user-123'[39m,
  scheduledAt: [35m2026-01-24T01:00:00.000Z[39m,
  subject: [32m'Test'[39m
}
[EmailScheduling] MOCKED: Scheduling with email service {
  recipientEmail: [32m'test@example.com'[39m,
  subject: [32m'Test'[39m,
  scheduledAt: [35m2026-01-24T01:00:00.000Z[39m
}

[90mstdout[2m | src/services/email/emailSchedulingService.test.ts[2m > [22m[2mEmail Scheduling Service[2m > [22m[2mEdge cases[2m > [22m[2mshould handle different day/time combinations
[22m[39m[EmailScheduling] Email scheduled {
  userId: [32m'user-123'[39m,
  scheduledAt: [35m2026-01-19T20:00:00.000Z[39m,
  subject: [32m'Test'[39m
}
[EmailScheduling] MOCKED: Scheduling with email service {
  recipientEmail: [32m'test@example.com'[39m,
  subject: [32m'Test'[39m,
  scheduledAt: [35m2026-01-19T20:00:00.000Z[39m
}

[90mstdout[2m | src/services/email/emailSchedulingService.test.ts[2m > [22m[2mEmail Scheduling Service[2m > [22m[2mEdge cases[2m > [22m[2mshould handle different day/time combinations
[22m[39m[EmailScheduling] Email scheduled {
  userId: [32m'user-123'[39m,
  scheduledAt: [35m2026-01-21T17:30:00.000Z[39m,
  subject: [32m'Test'[39m
}
[EmailScheduling] MOCKED: Scheduling with email service {
  recipientEmail: [32m'test@example.com'[39m,
  subject: [32m'Test'[39m,
  scheduledAt: [35m2026-01-21T17:30:00.000Z[39m
}

[90mstdout[2m | src/services/email/emailSchedulingService.test.ts[2m > [22m[2mEmail Scheduling Service[2m > [22m[2mEdge cases[2m > [22m[2mshould handle missing user name gracefully
[22m[39m[EmailScheduling] Email scheduled {
  userId: [32m'user-123'[39m,
  scheduledAt: [35m2026-01-19T16:00:00.000Z[39m,
  subject: [32m'Test'[39m
}
[EmailScheduling] MOCKED: Scheduling with email service {
  recipientEmail: [32m'test@example.com'[39m,
  subject: [32m'Test'[39m,
  scheduledAt: [35m2026-01-19T16:00:00.000Z[39m
}

[90mstdout[2m | src/services/email/emailSchedulingService.test.ts[2m > [22m[2mEmail Scheduling Service[2m > [22m[2mContent hashing[2m > [22m[2mshould generate consistent hashes for same content
[22m[39m[EmailScheduling] Email scheduled {
  userId: [32m'user-123'[39m,
  scheduledAt: [35m2026-01-19T16:00:00.000Z[39m,
  subject: [32m'Same Subject'[39m
}
[EmailScheduling] MOCKED: Scheduling with email service {
  recipientEmail: [32m'test@example.com'[39m,
  subject: [32m'Same Subject'[39m,
  scheduledAt: [35m2026-01-19T16:00:00.000Z[39m
}

[90mstdout[2m | src/services/email/emailSchedulingService.test.ts[2m > [22m[2mEmail Scheduling Service[2m > [22m[2mContent hashing[2m > [22m[2mshould generate consistent hashes for same content
[22m[39m[EmailScheduling] Email scheduled {
  userId: [32m'user-123'[39m,
  scheduledAt: [35m2026-01-19T16:00:00.000Z[39m,
  subject: [32m'Same Subject'[39m
}
[EmailScheduling] MOCKED: Scheduling with email service {
  recipientEmail: [32m'test@example.com'[39m,
  subject: [32m'Same Subject'[39m,
  scheduledAt: [35m2026-01-19T16:00:00.000Z[39m
}

[90mstdout[2m | src/services/email/emailSchedulingService.test.ts[2m > [22m[2mEmail Scheduling Service[2m > [22m[2mContent hashing[2m > [22m[2mshould generate different hashes for different content
[22m[39m[EmailScheduling] Email scheduled {
  userId: [32m'user-123'[39m,
  scheduledAt: [35m2026-01-19T16:00:00.000Z[39m,
  subject: [32m'Subject'[39m
}
[EmailScheduling] MOCKED: Scheduling with email service {
  recipientEmail: [32m'test@example.com'[39m,
  subject: [32m'Subject'[39m,
  scheduledAt: [35m2026-01-19T16:00:00.000Z[39m
}

[90mstdout[2m | src/services/email/emailSchedulingService.test.ts[2m > [22m[2mEmail Scheduling Service[2m > [22m[2mContent hashing[2m > [22m[2mshould generate different hashes for different content
[22m[39m[EmailScheduling] Email scheduled {
  userId: [32m'user-123'[39m,
  scheduledAt: [35m2026-01-19T16:00:00.000Z[39m,
  subject: [32m'Subject'[39m
}
[EmailScheduling] MOCKED: Scheduling with email service {
  recipientEmail: [32m'test@example.com'[39m,
  subject: [32m'Subject'[39m,
  scheduledAt: [35m2026-01-19T16:00:00.000Z[39m
}

[90mstderr[2m | src/services/email/emailSchedulingService.test.ts[2m > [22m[2mEmail Scheduling Service[2m > [22m[2mError handling[2m > [22m[2mshould provide user-friendly error messages
[22m[39m[EmailScheduling] Failed to schedule email {
  error: Error: Network error
      at C:/Users/Admin/graceful_books/src/services/email/emailSchedulingService.test.ts:467:9
      at [90mfile:///C:/Users/Admin/graceful_books/[39mnode_modules/[4m@vitest/runner[24m/dist/index.js:145:11
      at [90mfile:///C:/Users/Admin/graceful_books/[39mnode_modules/[4m@vitest/runner[24m/dist/index.js:915:26
      at [90mfile:///C:/Users/Admin/graceful_books/[39mnode_modules/[4m@vitest/runner[24m/dist/index.js:1243:20
      at new Promise (<anonymous>)
      at runWithTimeout [90m(file:///C:/Users/Admin/graceful_books/[39mnode_modules/[4m@vitest/runner[24m/dist/index.js:1209:10[90m)[39m
      at [90mfile:///C:/Users/Admin/graceful_books/[39mnode_modules/[4m@vitest/runner[24m/dist/index.js:1653:37
      at Traces.$ [90m(file:///C:/Users/Admin/graceful_books/[39mnode_modules/[4mvitest[24m/dist/chunks/traces.CCmnQaNT.js:142:27[90m)[39m
      at trace [90m(file:///C:/Users/Admin/graceful_books/[39mnode_modules/[4mvitest[24m/dist/chunks/test.B8ej_ZHS.js:239:21[90m)[39m
      at runTest [90m(file:///C:/Users/Admin/graceful_books/[39mnode_modules/[4m@vitest/runner[24m/dist/index.js:1653:12[90m)[39m,
  context: {
    user: {
      id: [32m'user-123'[39m,
      name: [32m'Test User'[39m,
      email: [32m'test@example.com'[39m,
      timezone: [32m'America/Los_Angeles'[39m
    },
    company: { id: [32m'company-456'[39m, name: [32m'Test Company LLC'[39m },
    preferences: {
      id: [32m'pref-789'[39m,
      userId: [32m'user-123'[39m,
      companyId: [32m'company-456'[39m,
      enabled: [33mtrue[39m,
      frequency: [32m'weekly'[39m,
      dayOfWeek: [32m'monday'[39m,
      timeOfDay: [32m'08:00'[39m,
      timezone: [32m'America/Los_Angeles'[39m,
      includeSections: [36m[Array][39m,
      maxTasksToShow: [33m5[39m,
      discProfileId: [1mnull[22m,
      useDiscAdaptation: [33mtrue[39m,
      lastSentAt: [1mnull[22m,
      nextScheduledAt: [1mnull[22m,
      unsubscribedAt: [1mnull[22m,
      unsubscribeReason: [1mnull[22m,
      createdAt: [35m2026-01-19T02:51:55.951Z[39m,
      updatedAt: [35m2026-01-19T02:51:55.951Z[39m
    },
    checklistItems: [ [36m[Object][39m ],
    discType: [32m'S'[39m,
    generatedAt: [35m2026-01-19T02:51:55.951Z[39m
  }
}

[90mstderr[2m | src/services/email/emailSchedulingService.test.ts[2m > [22m[2mEmail Scheduling Service[2m > [22m[2mError handling[2m > [22m[2mshould log errors for debugging
[22m[39m[EmailScheduling] Failed to schedule email {
  error: Error: Database connection failed
      at C:/Users/Admin/graceful_books/src/services/email/emailSchedulingService.test.ts:483:9
      at [90mfile:///C:/Users/Admin/graceful_books/[39mnode_modules/[4m@vitest/runner[24m/dist/index.js:145:11
      at [90mfile:///C:/Users/Admin/graceful_books/[39mnode_modules/[4m@vitest/runner[24m/dist/index.js:915:26
      at [90mfile:///C:/Users/Admin/graceful_books/[39mnode_modules/[4m@vitest/runner[24m/dist/index.js:1243:20
      at new Promise (<anonymous>)
      at runWithTimeout [90m(file:///C:/Users/Admin/graceful_books/[39mnode_modules/[4m@vitest/runner[24m/dist/index.js:1209:10[90m)[39m
      at [90mfile:///C:/Users/Admin/graceful_books/[39mnode_modules/[4m@vitest/runner[24m/dist/index.js:1653:37
      at Traces.$ [90m(file:///C:/Users/Admin/graceful_books/[39mnode_modules/[4mvitest[24m/dist/chunks/traces.CCmnQaNT.js:142:27[90m)[39m
      at trace [90m(file:///C:/Users/Admin/graceful_books/[39mnode_modules/[4mvitest[24m/dist/chunks/test.B8ej_ZHS.js:239:21[90m)[39m
      at runTest [90m(file:///C:/Users/Admin/graceful_books/[39mnode_modules/[4m@vitest/runner[24m/dist/index.js:1653:12[90m)[39m,
  context: {
    user: {
      id: [32m'user-123'[39m,
      name: [32m'Test User'[39m,
      email: [32m'test@example.com'[39m,
      timezone: [32m'America/Los_Angeles'[39m
    },
    company: { id: [32m'company-456'[39m, name: [32m'Test Company LLC'[39m },
    preferences: {
      id: [32m'pref-789'[39m,
      userId: [32m'user-123'[39m,
      companyId: [32m'company-456'[39m,
      enabled: [33mtrue[39m,
      frequency: [32m'weekly'[39m,
      dayOfWeek: [32m'monday'[39m,
      timeOfDay: [32m'08:00'[39m,
      timezone: [32m'America/Los_Angeles'[39m,
      includeSections: [36m[Array][39m,
      maxTasksToShow: [33m5[39m,
      discProfileId: [1mnull[22m,
      useDiscAdaptation: [33mtrue[39m,
      lastSentAt: [1mnull[22m,
      nextScheduledAt: [1mnull[22m,
      unsubscribedAt: [1mnull[22m,
      unsubscribeReason: [1mnull[22m,
      createdAt: [35m2026-01-19T02:51:55.963Z[39m,
      updatedAt: [35m2026-01-19T02:51:55.963Z[39m
    },
    checklistItems: [ [36m[Object][39m ],
    discType: [32m'S'[39m,
    generatedAt: [35m2026-01-19T02:51:55.963Z[39m
  }
}

 [32m✓[39m src/services/email/emailSchedulingService.test.ts [2m([22m[2m21 tests[22m[2m)[22m[33m 699[2mms[22m[39m
       [33m[2m✓[22m[39m should send email immediately for testing [33m 513[2mms[22m[39m
 [32m✓[39m src/store/tags.test.ts [2m([22m[2m35 tests[22m[2m)[22m[33m 651[2mms[22m[39m
 [32m✓[39m src/services/reports/balanceSheet.test.ts [2m([22m[2m10 tests[22m[2m)[22m[33m 639[2mms[22m[39m
 [32m✓[39m src/components/receipts/ReceiptUpload.test.tsx [2m([22m[2m9 tests[22m[2m)[22m[33m 524[2mms[22m[39m
     [33m[2m✓[22m[39m should render upload area [33m 334[2mms[22m[39m
 [32m✓[39m src/components/transactions/LineItemInput.test.tsx [2m([22m[2m15 tests[22m[2m)[22m[33m 625[2mms[22m[39m
 [32m✓[39m src/features/phaseVisibility/FeatureGate.test.tsx [2m([22m[2m20 tests[22m[2m)[22m[33m 454[2mms[22m[39m
 [32m✓[39m src/components/dashboard/MetricCard.test.tsx [2m([22m[2m22 tests[22m[2m)[22m[33m 553[2mms[22m[39m
 [32m✓[39m src/components/transactions/TransactionForm.test.tsx [2m([22m[2m4 tests[22m[2m)[22m[33m 487[2mms[22m[39m
 [32m✓[39m src/validators/hierarchyValidator.test.ts [2m([22m[2m32 tests[22m[2m)[22m[33m 555[2mms[22m[39m
 [32m✓[39m src/store/invoices.test.ts [2m([22m[2m14 tests[22m[2m)[22m[33m 560[2mms[22m[39m
 [32m✓[39m src/components/assessment/AssessmentProgress.test.tsx [2m([22m[2m12 tests[22m[2m)[22m[33m 604[2mms[22m[39m
 [32m✓[39m src/components/help/HelpTooltip.test.tsx [2m([22m[2m13 tests[22m[2m)[22m[33m 450[2mms[22m[39m
 [32m✓[39m src/components/help/HelpModal.test.tsx [2m([22m[2m20 tests[22m[2m)[22m[33m 424[2mms[22m[39m
 [32m✓[39m src/components/wizards/CoaWizard.test.tsx [2m([22m[2m3 tests[22m[2m)[22m[33m 497[2mms[22m[39m
     [33m[2m✓[22m[39m should render without crashing [33m 359[2mms[22m[39m
 [32m✓[39m src/crypto/keyManagement.test.ts [2m([22m[2m42 tests[22m[2m)[22m[32m 257[2mms[22m[39m
 [32m✓[39m src/store/tutorials.test.ts [2m([22m[2m26 tests[22m[2m)[22m[33m 392[2mms[22m[39m
[90mstdout[2m | src/__tests__/utils/fileValidation.test.ts[2m > [22m[2mFileValidator[2m > [22m[2mvalidatePDF (magic number)[2m > [22m[2mshould accept valid PDF with correct magic number
[22m[39mPDF magic number verified 

[90mstdout[2m | src/__tests__/utils/fileValidation.test.ts[2m > [22m[2mFileValidator[2m > [22m[2mvalidatePNG (magic number)[2m > [22m[2mshould accept valid PNG with correct magic number
[22m[39mPNG magic number verified 

[90mstdout[2m | src/__tests__/utils/fileValidation.test.ts[2m > [22m[2mFileValidator[2m > [22m[2mvalidateJPG (magic number)[2m > [22m[2mshould accept valid JPEG with correct magic number
[22m[39mJPG magic number verified 

[90mstdout[2m | src/__tests__/utils/fileValidation.test.ts[2m > [22m[2mFileValidator[2m > [22m[2mvalidateCSV[2m > [22m[2mshould accept valid CSV with headers and data
[22m[39mCSV structure validated { lines: [33m3[39m, columns: [33m3[39m }

[90mstdout[2m | src/__tests__/utils/fileValidation.test.ts[2m > [22m[2mFileValidator[2m > [22m[2mvalidateCSV[2m > [22m[2mshould accept CSV with semicolon delimiter
[22m[39mCSV structure validated { lines: [33m3[39m, columns: [33m3[39m }

[90mstdout[2m | src/__tests__/utils/fileValidation.test.ts[2m > [22m[2mFileValidator[2m > [22m[2mvalidateCSV[2m > [22m[2mshould accept CSV with tab delimiter
[22m[39mCSV structure validated { lines: [33m3[39m, columns: [33m3[39m }

[90mstderr[2m | src/__tests__/utils/fileValidation.test.ts[2m > [22m[2mFileValidator[2m > [22m[2mvalidateCSV[2m > [22m[2mshould reject CSV with dangerous control characters
[22m[39mCSV contains dangerous control characters 

[90mstderr[2m | src/__tests__/utils/fileValidation.test.ts[2m > [22m[2mFileValidator[2m > [22m[2mvalidateCSV[2m > [22m[2mshould reject CSV with bell character
[22m[39mCSV contains dangerous control characters 

[90mstdout[2m | src/__tests__/utils/fileValidation.test.ts[2m > [22m[2mFileValidator[2m > [22m[2mvalidateCSV[2m > [22m[2mshould allow normal whitespace characters (tab, newline, CR)
[22m[39mCSV structure validated { lines: [33m3[39m, columns: [33m3[39m }

[90mstdout[2m | src/__tests__/utils/fileValidation.test.ts[2m > [22m[2mFileValidator[2m > [22m[2mvalidateCSV[2m > [22m[2mshould accept CSV with quoted fields containing delimiters
[22m[39mCSV structure validated { lines: [33m3[39m, columns: [33m3[39m }

[90mstdout[2m | src/__tests__/utils/fileValidation.test.ts[2m > [22m[2mFileValidator[2m > [22m[2mvalidate (full validation)[2m > [22m[2mshould validate PDF file end-to-end
[22m[39mPDF magic number verified 

[90mstdout[2m | src/__tests__/utils/fileValidation.test.ts[2m > [22m[2mFileValidator[2m > [22m[2mvalidate (full validation)[2m > [22m[2mshould validate CSV file end-to-end
[22m[39mCSV structure validated { lines: [33m2[39m, columns: [33m3[39m }

[90mstdout[2m | src/__tests__/utils/fileValidation.test.ts[2m > [22m[2mFileValidator[2m > [22m[2mvalidateStatementFile[2m > [22m[2mshould accept PDF statements
[22m[39mPDF magic number verified 

[90mstdout[2m | src/__tests__/utils/fileValidation.test.ts[2m > [22m[2mFileValidator[2m > [22m[2mvalidateStatementFile[2m > [22m[2mshould accept CSV statements
[22m[39mCSV structure validated { lines: [33m2[39m, columns: [33m3[39m }

[90mstdout[2m | src/__tests__/utils/fileValidation.test.ts[2m > [22m[2mFileValidator[2m > [22m[2mvalidateStatementFile[2m > [22m[2mshould reject PNG images even if valid
[22m[39mPNG magic number verified 

[90mstdout[2m | src/__tests__/utils/fileValidation.test.ts[2m > [22m[2mFileValidator[2m > [22m[2mvalidateStatementFile[2m > [22m[2mshould reject JPG images even if valid
[22m[39mJPG magic number verified 

[90mstdout[2m | src/__tests__/utils/fileValidation.test.ts[2m > [22m[2mFileValidator[2m > [22m[2mconvenience function: validateFile[2m > [22m[2mshould work the same as FileValidator.validate
[22m[39mCSV structure validated { lines: [33m2[39m, columns: [33m3[39m }

[90mstdout[2m | src/__tests__/utils/fileValidation.test.ts[2m > [22m[2mFileValidator[2m > [22m[2mconvenience function: validateFile[2m > [22m[2mshould work the same as FileValidator.validate
[22m[39mCSV structure validated { lines: [33m2[39m, columns: [33m3[39m }

[90mstdout[2m | src/__tests__/utils/fileValidation.test.ts[2m > [22m[2mFileValidator[2m > [22m[2medge cases[2m > [22m[2mshould handle file with multiple dots in name
[22m[39mCSV structure validated { lines: [33m2[39m, columns: [33m2[39m }

[90mstdout[2m | src/__tests__/utils/fileValidation.test.ts[2m > [22m[2mFileValidator[2m > [22m[2medge cases[2m > [22m[2mshould handle uppercase extensions
[22m[39mCSV structure validated { lines: [33m2[39m, columns: [33m2[39m }

[90mstdout[2m | src/__tests__/utils/fileValidation.test.ts[2m > [22m[2mFileValidator[2m > [22m[2medge cases[2m > [22m[2mshould handle mixed case extensions
[22m[39mPDF magic number verified 

 [32m✓[39m src/__tests__/utils/fileValidation.test.ts [2m([22m[2m47 tests[22m[2m)[22m[33m 490[2mms[22m[39m
 [32m✓[39m src/services/inventoryValuation.service.test.ts [2m([22m[2m18 tests[22m[2m)[22m[33m 719[2mms[22m[39m
 [32m✓[39m src/store/invoiceTemplates.test.ts [2m([22m[2m24 tests[22m[2m)[22m[33m 354[2mms[22m[39m
 [32m✓[39m src/store/bills.test.ts [2m([22m[2m30 tests[22m[2m)[22m[33m 375[2mms[22m[39m
 [32m✓[39m src/components/transactions/TransactionSummary.test.tsx [2m([22m[2m4 tests[22m[2m)[22m[33m 441[2mms[22m[39m
     [33m[2m✓[22m[39m should show balanced transaction [33m 320[2mms[22m[39m
 [32m✓[39m src/store/recurringInvoices.test.ts [2m([22m[2m17 tests[22m[2m)[22m[32m 274[2mms[22m[39m
 [32m✓[39m src/__tests__/infrastructure/dependencies.test.ts [2m([22m[2m59 tests[22m[2m)[22m[33m 495[2mms[22m[39m
[90mstderr[2m | src/pages/Transactions.test.tsx[2m > [22m[2mTransactions Page[2m > [22m[2mshould render page title
[22m[39m⚠️ React Router Future Flag Warning: React Router will begin wrapping state updates in `React.startTransition` in v7. You can use the `v7_startTransition` future flag to opt-in early. For more information, see https://reactrouter.com/v6/upgrading/future#v7_starttransition.
⚠️ React Router Future Flag Warning: Relative route resolution within Splat routes is changing in v7. You can use the `v7_relativeSplatPath` future flag to opt-in early. For more information, see https://reactrouter.com/v6/upgrading/future#v7_relativesplatpath.

 [32m✓[39m src/pages/Transactions.test.tsx [2m([22m[2m3 tests[22m[2m)[22m[32m 208[2mms[22m[39m
 [32m✓[39m src/hooks/useVendors.test.ts [2m([22m[2m21 tests[22m[2m)[22m[33m 492[2mms[22m[39m
 [32m✓[39m src/__tests__/integration/groupD.offline.integration.test.ts [2m([22m[2m4 tests[22m[2m)[22m[33m 347[2mms[22m[39m
 [32m✓[39m src/store/categories.test.ts [2m([22m[2m23 tests[22m[2m)[22m[33m 352[2mms[22m[39m
 [32m✓[39m src/components/transactions/TransactionList.test.tsx [2m([22m[2m4 tests[22m[2m)[22m[33m 401[2mms[22m[39m
 [32m✓[39m src/db/schema/users.schema.test.ts [2m([22m[2m55 tests[22m[2m)[22m[32m 165[2mms[22m[39m
 [32m✓[39m src/hooks/useAccounts.test.ts [2m([22m[2m18 tests[22m[2m)[22m[32m 214[2mms[22m[39m
[90mstdout[2m | src/utils/parsers/csvParser.test.ts[2m > [22m[2mCSV Parser[2m > [22m[2mparseCSVStatement[2m > [22m[2mshould parse a valid CSV with headers
[22m[39mSuccessfully parsed CSV statement {
  transactionCount: [33m3[39m,
  period: {
    start: [32m'2024-01-15T08:00:00.000Z'[39m,
    end: [32m'2024-01-17T08:00:00.000Z'[39m
  }
}

[90mstdout[2m | src/utils/parsers/csvParser.test.ts[2m > [22m[2mCSV Parser[2m > [22m[2mparseCSVStatement[2m > [22m[2mshould parse CSV with separate debit/credit columns
[22m[39mSuccessfully parsed CSV statement {
  transactionCount: [33m2[39m,
  period: {
    start: [32m'2024-01-15T08:00:00.000Z'[39m,
    end: [32m'2024-01-16T08:00:00.000Z'[39m
  }
}

[90mstdout[2m | src/utils/parsers/csvParser.test.ts[2m > [22m[2mCSV Parser[2m > [22m[2mparseCSVStatement[2m > [22m[2mshould handle different date formats
[22m[39mSuccessfully parsed CSV statement {
  transactionCount: [33m2[39m,
  period: {
    start: [32m'2024-01-15T08:00:00.000Z'[39m,
    end: [32m'2024-01-16T08:00:00.000Z'[39m
  }
}

[90mstdout[2m | src/utils/parsers/csvParser.test.ts[2m > [22m[2mCSV Parser[2m > [22m[2mparseCSVStatement[2m > [22m[2mshould extract opening and closing balances
[22m[39mSuccessfully parsed CSV statement {
  transactionCount: [33m3[39m,
  period: {
    start: [32m'2024-01-15T08:00:00.000Z'[39m,
    end: [32m'2024-01-17T08:00:00.000Z'[39m
  }
}

[90mstdout[2m | src/utils/parsers/csvParser.test.ts[2m > [22m[2mCSV Parser[2m > [22m[2mparseCSVStatement[2m > [22m[2mshould sort transactions by date
[22m[39mSuccessfully parsed CSV statement {
  transactionCount: [33m3[39m,
  period: {
    start: [32m'2024-01-15T08:00:00.000Z'[39m,
    end: [32m'2024-01-20T08:00:00.000Z'[39m
  }
}

[90mstdout[2m | src/utils/parsers/csvParser.test.ts[2m > [22m[2mCSV Parser[2m > [22m[2mparseCSVStatement[2m > [22m[2mshould handle currency symbols and commas in amounts
[22m[39mSuccessfully parsed CSV statement {
  transactionCount: [33m2[39m,
  period: {
    start: [32m'2024-01-15T08:00:00.000Z'[39m,
    end: [32m'2024-01-16T08:00:00.000Z'[39m
  }
}

[90mstderr[2m | src/utils/parsers/csvParser.test.ts[2m > [22m[2mCSV Parser[2m > [22m[2mparseCSVStatement[2m > [22m[2mshould throw error for empty CSV
[22m[39mCSV parsing encountered errors: [
  {
    type: [32m'Delimiter'[39m,
    code: [32m'UndetectableDelimiter'[39m,
    message: [32m"Unable to auto-detect delimiting character; defaulted to ','"[39m
  }
]

[90mstderr[2m | src/utils/parsers/csvParser.test.ts[2m > [22m[2mCSV Parser[2m > [22m[2mparseCSVStatement[2m > [22m[2mshould throw error for CSV without required columns
[22m[39mCSV parsing encountered errors: [
  {
    type: [32m'Delimiter'[39m,
    code: [32m'UndetectableDelimiter'[39m,
    message: [32m"Unable to auto-detect delimiting character; defaulted to ','"[39m
  }
]

[90mstdout[2m | src/utils/parsers/csvParser.test.ts[2m > [22m[2mCSV Parser[2m > [22m[2mEdge Cases[2m > [22m[2mshould handle transactions with parentheses for negative amounts
[22m[39mSuccessfully parsed CSV statement {
  transactionCount: [33m1[39m,
  period: {
    start: [32m'2024-01-15T08:00:00.000Z'[39m,
    end: [32m'2024-01-15T08:00:00.000Z'[39m
  }
}

[90mstdout[2m | src/utils/parsers/csvParser.test.ts[2m > [22m[2mCSV Parser[2m > [22m[2mEdge Cases[2m > [22m[2mshould handle very large transaction counts efficiently
[22m[39mSuccessfully parsed CSV statement {
  transactionCount: [33m1000[39m,
  period: {
    start: [32m'2024-01-01T08:00:00.000Z'[39m,
    end: [32m'2024-01-28T08:00:00.000Z'[39m
  }
}

 [32m✓[39m src/utils/parsers/csvParser.test.ts [2m([22m[2m13 tests[22m[2m)[22m[32m 204[2mms[22m[39m
 [32m✓[39m src/services/reports/pdfExport.test.ts [2m([22m[2m22 tests[22m[2m)[22m[32m 251[2mms[22m[39m
 [32m✓[39m src/__tests__/utils/rateLimiter.test.ts [2m([22m[2m38 tests[22m[2m)[22m[32m 216[2mms[22m[39m
 [32m✓[39m src/hooks/useHelp.test.ts [2m([22m[2m24 tests[22m[2m)[22m[32m 256[2mms[22m[39m
 [32m✓[39m src/components/categories/CategoryPicker.test.tsx [2m([22m[2m4 tests[22m[2m)[22m[32m 200[2mms[22m[39m
 [32m✓[39m src/features/phaseVisibility/useFeatureVisibility.test.ts [2m([22m[2m24 tests[22m[2m)[22m[32m 214[2mms[22m[39m
 [32m✓[39m src/components/help/GlossaryTerm.test.tsx [2m([22m[2m10 tests[22m[2m)[22m[32m 225[2mms[22m[39m
 [32m✓[39m src/hooks/useTransactions.test.ts [2m([22m[2m21 tests[22m[2m)[22m[32m 227[2mms[22m[39m
[90mstdout[2m | src/services/multiUser/notification.service.test.ts[2m > [22m[2mMultiUserNotificationService[2m > [22m[2msendNotification[2m > [22m[2mshould send notification with DISC-adapted message
[22m[39m[MultiUserNotification] Email notification queued { userId: [32m'user-456'[39m, notificationId: [32m'IL9U01Aipy0JpajHEhKUX'[39m }

[90mstdout[2m | src/services/multiUser/notification.service.test.ts[2m > [22m[2mMultiUserNotificationService[2m > [22m[2msendNotification[2m > [22m[2mshould send notification with DISC-adapted message
[22m[39m[MultiUserNotification] Notification sent { userId: [32m'user-456'[39m, type: [32m'USER_INVITED'[39m, channel: [32m'BOTH'[39m }

[90mstdout[2m | src/services/multiUser/notification.service.test.ts[2m > [22m[2mMultiUserNotificationService[2m > [22m[2msendNotification[2m > [22m[2mshould use correct DISC variant for Dominance (D)
[22m[39m[MultiUserNotification] Notification sent { userId: [32m'user-456'[39m, type: [32m'KEY_ROTATION_STARTED'[39m, channel: [32m'IN_APP'[39m }

[90mstdout[2m | src/services/multiUser/notification.service.test.ts[2m > [22m[2mMultiUserNotificationService[2m > [22m[2msendNotification[2m > [22m[2mshould use correct DISC variant for Influence (I)
[22m[39m[MultiUserNotification] Notification sent {
  userId: [32m'user-456'[39m,
  type: [32m'KEY_ROTATION_COMPLETED'[39m,
  channel: [32m'IN_APP'[39m
}

[90mstdout[2m | src/services/multiUser/notification.service.test.ts[2m > [22m[2mMultiUserNotificationService[2m > [22m[2msendNotification[2m > [22m[2mshould use correct DISC variant for Steadiness (S)
[22m[39m[MultiUserNotification] Email notification queued { userId: [32m'user-456'[39m, notificationId: [32m'M4lWuEvPx1yVfrdE4wrX2'[39m }

[90mstdout[2m | src/services/multiUser/notification.service.test.ts[2m > [22m[2mMultiUserNotificationService[2m > [22m[2msendNotification[2m > [22m[2mshould use correct DISC variant for Steadiness (S)
[22m[39m[MultiUserNotification] Notification sent { userId: [32m'user-456'[39m, type: [32m'USER_ACCESS_REVOKED'[39m, channel: [32m'BOTH'[39m }

[90mstdout[2m | src/services/multiUser/notification.service.test.ts[2m > [22m[2mMultiUserNotificationService[2m > [22m[2msendNotification[2m > [22m[2mshould use correct DISC variant for Conscientiousness (C)
[22m[39m[MultiUserNotification] Notification sent {
  userId: [32m'user-456'[39m,
  type: [32m'KEY_ROTATION_COMPLETED'[39m,
  channel: [32m'IN_APP'[39m
}

[90mstdout[2m | src/services/multiUser/notification.service.test.ts[2m > [22m[2mMultiUserNotificationService[2m > [22m[2msendNotification[2m > [22m[2mshould interpolate variables in messages
[22m[39m[MultiUserNotification] Email notification queued { userId: [32m'user-456'[39m, notificationId: [32m'0AwUvYyaMZJfxM_tgHPGi'[39m }

[90mstdout[2m | src/services/multiUser/notification.service.test.ts[2m > [22m[2mMultiUserNotificationService[2m > [22m[2msendNotification[2m > [22m[2mshould interpolate variables in messages
[22m[39m[MultiUserNotification] Notification sent { userId: [32m'user-456'[39m, type: [32m'USER_ROLE_CHANGED'[39m, channel: [32m'BOTH'[39m }

[90mstdout[2m | src/services/multiUser/notification.service.test.ts[2m > [22m[2mMultiUserNotificationService[2m > [22m[2msendNotification[2m > [22m[2mshould respect user disabled notification types
[22m[39m[MultiUserNotification] Notification preferences updated { userId: [32m'user-456'[39m }

[90mstdout[2m | src/services/multiUser/notification.service.test.ts[2m > [22m[2mMultiUserNotificationService[2m > [22m[2msendNotification[2m > [22m[2mshould respect user disabled notification types
[22m[39m[MultiUserNotification] Notification disabled by user { userId: [32m'user-456'[39m, type: [32m'USER_INVITED'[39m }

[90mstdout[2m | src/services/multiUser/notification.service.test.ts[2m > [22m[2mMultiUserNotificationService[2m > [22m[2msendNotification[2m > [22m[2mshould respect quiet hours for non-urgent notifications
[22m[39m[MultiUserNotification] Notification preferences updated { userId: [32m'user-456'[39m }

[90mstdout[2m | src/services/multiUser/notification.service.test.ts[2m > [22m[2mMultiUserNotificationService[2m > [22m[2msendNotification[2m > [22m[2mshould respect quiet hours for non-urgent notifications
[22m[39m[MultiUserNotification] User in quiet hours { userId: [32m'user-456'[39m }

[90mstdout[2m | src/services/multiUser/notification.service.test.ts[2m > [22m[2mMultiUserNotificationService[2m > [22m[2msendNotification[2m > [22m[2mshould bypass quiet hours for urgent notifications
[22m[39m[MultiUserNotification] Notification preferences updated { userId: [32m'user-456'[39m }

[90mstdout[2m | src/services/multiUser/notification.service.test.ts[2m > [22m[2mMultiUserNotificationService[2m > [22m[2msendNotification[2m > [22m[2mshould bypass quiet hours for urgent notifications
[22m[39m[MultiUserNotification] User in quiet hours { userId: [32m'user-456'[39m }
[MultiUserNotification] Email notification queued { userId: [32m'user-456'[39m, notificationId: [32m'Zu5woWVkw5KHVyKGSU-dJ'[39m }

[90mstdout[2m | src/services/multiUser/notification.service.test.ts[2m > [22m[2mMultiUserNotificationService[2m > [22m[2msendNotification[2m > [22m[2mshould bypass quiet hours for urgent notifications
[22m[39m[MultiUserNotification] Notification sent { userId: [32m'user-456'[39m, type: [32m'SUSPICIOUS_ACTIVITY'[39m, channel: [32m'BOTH'[39m }

[90mstdout[2m | src/services/multiUser/notification.service.test.ts[2m > [22m[2mMultiUserNotificationService[2m > [22m[2msendNotification[2m > [22m[2mshould create in-app notification
[22m[39m[MultiUserNotification] Notification sent { userId: [32m'user-456'[39m, type: [32m'USER_JOINED'[39m, channel: [32m'IN_APP'[39m }

[90mstdout[2m | src/services/multiUser/notification.service.test.ts[2m > [22m[2mMultiUserNotificationService[2m > [22m[2mNotification Types Coverage[2m > [22m[2mshould send notification for 'USER_INVITED'
[22m[39m[MultiUserNotification] Email notification queued { userId: [32m'user-456'[39m, notificationId: [32m'9BxDV-8jj3JwKm0Keyj1h'[39m }

[90mstdout[2m | src/services/multiUser/notification.service.test.ts[2m > [22m[2mMultiUserNotificationService[2m > [22m[2mNotification Types Coverage[2m > [22m[2mshould send notification for 'USER_INVITED'
[22m[39m[MultiUserNotification] Notification sent { userId: [32m'user-456'[39m, type: [32m'USER_INVITED'[39m, channel: [32m'BOTH'[39m }

[90mstdout[2m | src/services/multiUser/notification.service.test.ts[2m > [22m[2mMultiUserNotificationService[2m > [22m[2mNotification Types Coverage[2m > [22m[2mshould send notification for 'USER_JOINED'
[22m[39m[MultiUserNotification] Notification sent { userId: [32m'user-456'[39m, type: [32m'USER_JOINED'[39m, channel: [32m'IN_APP'[39m }

[90mstdout[2m | src/services/multiUser/notification.service.test.ts[2m > [22m[2mMultiUserNotificationService[2m > [22m[2mNotification Types Coverage[2m > [22m[2mshould send notification for 'USER_ROLE_CHANGED'
[22m[39m[MultiUserNotification] Email notification queued { userId: [32m'user-456'[39m, notificationId: [32m'-HAXRKN6UtpjH_VUSvG1C'[39m }

[90mstdout[2m | src/services/multiUser/notification.service.test.ts[2m > [22m[2mMultiUserNotificationService[2m > [22m[2mNotification Types Coverage[2m > [22m[2mshould send notification for 'USER_ROLE_CHANGED'
[22m[39m[MultiUserNotification] Notification sent { userId: [32m'user-456'[39m, type: [32m'USER_ROLE_CHANGED'[39m, channel: [32m'BOTH'[39m }

[90mstdout[2m | src/services/multiUser/notification.service.test.ts[2m > [22m[2mMultiUserNotificationService[2m > [22m[2mNotification Types Coverage[2m > [22m[2mshould send notification for 'USER_ACCESS_REVOKED'
[22m[39m[MultiUserNotification] Email notification queued { userId: [32m'user-456'[39m, notificationId: [32m'1Id8zivMxcHX-9DIpD9tP'[39m }

[90mstdout[2m | src/services/multiUser/notification.service.test.ts[2m > [22m[2mMultiUserNotificationService[2m > [22m[2mNotification Types Coverage[2m > [22m[2mshould send notification for 'USER_ACCESS_REVOKED'
[22m[39m[MultiUserNotification] Notification sent { userId: [32m'user-456'[39m, type: [32m'USER_ACCESS_REVOKED'[39m, channel: [32m'BOTH'[39m }

[90mstdout[2m | src/services/multiUser/notification.service.test.ts[2m > [22m[2mMultiUserNotificationService[2m > [22m[2mNotification Types Coverage[2m > [22m[2mshould send notification for 'USER_ACCESS_RESTORED'
[22m[39m[MultiUserNotification] Email notification queued { userId: [32m'user-456'[39m, notificationId: [32m'fpbMt8VNa2hWFPiNb4juF'[39m }

[90mstdout[2m | src/services/multiUser/notification.service.test.ts[2m > [22m[2mMultiUserNotificationService[2m > [22m[2mNotification Types Coverage[2m > [22m[2mshould send notification for 'USER_ACCESS_RESTORED'
[22m[39m[MultiUserNotification] Notification sent { userId: [32m'user-456'[39m, type: [32m'USER_ACCESS_RESTORED'[39m, channel: [32m'BOTH'[39m }

[90mstdout[2m | src/services/multiUser/notification.service.test.ts[2m > [22m[2mMultiUserNotificationService[2m > [22m[2mNotification Types Coverage[2m > [22m[2mshould send notification for 'KEY_ROTATION_STARTED'
[22m[39m[MultiUserNotification] Notification sent { userId: [32m'user-456'[39m, type: [32m'KEY_ROTATION_STARTED'[39m, channel: [32m'IN_APP'[39m }

[90mstdout[2m | src/services/multiUser/notification.service.test.ts[2m > [22m[2mMultiUserNotificationService[2m > [22m[2mNotification Types Coverage[2m > [22m[2mshould send notification for 'KEY_ROTATION_COMPLETED'
[22m[39m[MultiUserNotification] Notification sent {
  userId: [32m'user-456'[39m,
  type: [32m'KEY_ROTATION_COMPLETED'[39m,
  channel: [32m'IN_APP'[39m
}

[90mstdout[2m | src/services/multiUser/notification.service.test.ts[2m > [22m[2mMultiUserNotificationService[2m > [22m[2mNotification Types Coverage[2m > [22m[2mshould send notification for 'KEY_ROTATION_FAILED'
[22m[39m[MultiUserNotification] Email notification queued { userId: [32m'user-456'[39m, notificationId: [32m'3MQ_7HRxxFRyq72cc36Vh'[39m }

[90mstdout[2m | src/services/multiUser/notification.service.test.ts[2m > [22m[2mMultiUserNotificationService[2m > [22m[2mNotification Types Coverage[2m > [22m[2mshould send notification for 'KEY_ROTATION_FAILED'
[22m[39m[MultiUserNotification] Notification sent { userId: [32m'user-456'[39m, type: [32m'KEY_ROTATION_FAILED'[39m, channel: [32m'BOTH'[39m }

[90mstdout[2m | src/services/multiUser/notification.service.test.ts[2m > [22m[2mMultiUserNotificationService[2m > [22m[2mNotification Types Coverage[2m > [22m[2mshould send notification for 'SESSION_INVALIDATED'
[22m[39m[MultiUserNotification] Notification sent { userId: [32m'user-456'[39m, type: [32m'SESSION_INVALIDATED'[39m, channel: [32m'IN_APP'[39m }

[90mstdout[2m | src/services/multiUser/notification.service.test.ts[2m > [22m[2mMultiUserNotificationService[2m > [22m[2mNotification Types Coverage[2m > [22m[2mshould send notification for 'CONCURRENT_SESSION_DETECTED'
[22m[39m[MultiUserNotification] Notification sent {
  userId: [32m'user-456'[39m,
  type: [32m'CONCURRENT_SESSION_DETECTED'[39m,
  channel: [32m'IN_APP'[39m
}

[90mstdout[2m | src/services/multiUser/notification.service.test.ts[2m > [22m[2mMultiUserNotificationService[2m > [22m[2mNotification Types Coverage[2m > [22m[2mshould send notification for 'PASSWORD_CHANGED'
[22m[39m[MultiUserNotification] Email notification queued { userId: [32m'user-456'[39m, notificationId: [32m'sdzgbGu0U60KK9a_ppL08'[39m }

[90mstdout[2m | src/services/multiUser/notification.service.test.ts[2m > [22m[2mMultiUserNotificationService[2m > [22m[2mNotification Types Coverage[2m > [22m[2mshould send notification for 'PASSWORD_CHANGED'
[22m[39m[MultiUserNotification] Notification sent { userId: [32m'user-456'[39m, type: [32m'PASSWORD_CHANGED'[39m, channel: [32m'BOTH'[39m }

[90mstdout[2m | src/services/multiUser/notification.service.test.ts[2m > [22m[2mMultiUserNotificationService[2m > [22m[2mNotification Types Coverage[2m > [22m[2mshould send notification for 'SUSPICIOUS_ACTIVITY'
[22m[39m[MultiUserNotification] Email notification queued { userId: [32m'user-456'[39m, notificationId: [32m'uPLrVhIUqHhqQGrSIxPVL'[39m }

[90mstdout[2m | src/services/multiUser/notification.service.test.ts[2m > [22m[2mMultiUserNotificationService[2m > [22m[2mNotification Types Coverage[2m > [22m[2mshould send notification for 'SUSPICIOUS_ACTIVITY'
[22m[39m[MultiUserNotification] Notification sent { userId: [32m'user-456'[39m, type: [32m'SUSPICIOUS_ACTIVITY'[39m, channel: [32m'BOTH'[39m }

[90mstdout[2m | src/services/multiUser/notification.service.test.ts[2m > [22m[2mMultiUserNotificationService[2m > [22m[2mNotification Types Coverage[2m > [22m[2mshould send notification for 'EXPORT_REQUESTED'
[22m[39m[MultiUserNotification] Notification sent { userId: [32m'user-456'[39m, type: [32m'EXPORT_REQUESTED'[39m, channel: [32m'IN_APP'[39m }

[90mstdout[2m | src/services/multiUser/notification.service.test.ts[2m > [22m[2mMultiUserNotificationService[2m > [22m[2mgetUnreadNotifications[2m > [22m[2mshould return all unread notifications for user
[22m[39m[MultiUserNotification] Email notification queued { userId: [32m'user-456'[39m, notificationId: [32m'6axvqPrBSRwUwRNEO_WSb'[39m }

[90mstdout[2m | src/services/multiUser/notification.service.test.ts[2m > [22m[2mMultiUserNotificationService[2m > [22m[2mgetUnreadNotifications[2m > [22m[2mshould return all unread notifications for user
[22m[39m[MultiUserNotification] Notification sent { userId: [32m'user-456'[39m, type: [32m'USER_INVITED'[39m, channel: [32m'BOTH'[39m }

[90mstdout[2m | src/services/multiUser/notification.service.test.ts[2m > [22m[2mMultiUserNotificationService[2m > [22m[2mgetUnreadNotifications[2m > [22m[2mshould return all unread notifications for user
[22m[39m[MultiUserNotification] Notification sent { userId: [32m'user-456'[39m, type: [32m'USER_JOINED'[39m, channel: [32m'IN_APP'[39m }

[90mstdout[2m | src/services/multiUser/notification.service.test.ts[2m > [22m[2mMultiUserNotificationService[2m > [22m[2mgetUnreadNotifications[2m > [22m[2mshould order notifications by creation time (newest first)
[22m[39m[MultiUserNotification] Email notification queued { userId: [32m'user-456'[39m, notificationId: [32m'forK-MMY327GQi87RxcgX'[39m }

[90mstdout[2m | src/services/multiUser/notification.service.test.ts[2m > [22m[2mMultiUserNotificationService[2m > [22m[2mgetUnreadNotifications[2m > [22m[2mshould order notifications by creation time (newest first)
[22m[39m[MultiUserNotification] Notification sent { userId: [32m'user-456'[39m, type: [32m'USER_INVITED'[39m, channel: [32m'BOTH'[39m }

[90mstdout[2m | src/services/multiUser/notification.service.test.ts[2m > [22m[2mMultiUserNotificationService[2m > [22m[2mgetUnreadNotifications[2m > [22m[2mshould order notifications by creation time (newest first)
[22m[39m[MultiUserNotification] Notification sent { userId: [32m'user-456'[39m, type: [32m'USER_JOINED'[39m, channel: [32m'IN_APP'[39m }

[90mstdout[2m | src/services/multiUser/notification.service.test.ts[2m > [22m[2mMultiUserNotificationService[2m > [22m[2mgetUnreadNotifications[2m > [22m[2mshould not include read notifications
[22m[39m[MultiUserNotification] Email notification queued { userId: [32m'user-456'[39m, notificationId: [32m'Vd7OFh6GmWva6npXP0tZr'[39m }

[90mstdout[2m | src/services/multiUser/notification.service.test.ts[2m > [22m[2mMultiUserNotificationService[2m > [22m[2mgetUnreadNotifications[2m > [22m[2mshould not include read notifications
[22m[39m[MultiUserNotification] Notification sent { userId: [32m'user-456'[39m, type: [32m'USER_INVITED'[39m, channel: [32m'BOTH'[39m }

[90mstdout[2m | src/services/multiUser/notification.service.test.ts[2m > [22m[2mMultiUserNotificationService[2m > [22m[2mgetUnreadNotifications[2m > [22m[2mshould not include read notifications
[22m[39m[MultiUserNotification] Notification sent { userId: [32m'user-456'[39m, type: [32m'USER_JOINED'[39m, channel: [32m'IN_APP'[39m }

[90mstdout[2m | src/services/multiUser/notification.service.test.ts[2m > [22m[2mMultiUserNotificationService[2m > [22m[2mgetAllNotifications[2m > [22m[2mshould return all notifications for user
[22m[39m[MultiUserNotification] Notification sent { userId: [32m'user-456'[39m, type: [32m'USER_JOINED'[39m, channel: [32m'IN_APP'[39m }

[90mstdout[2m | src/services/multiUser/notification.service.test.ts[2m > [22m[2mMultiUserNotificationService[2m > [22m[2mgetAllNotifications[2m > [22m[2mshould return all notifications for user
[22m[39m[MultiUserNotification] Notification sent { userId: [32m'user-456'[39m, type: [32m'USER_JOINED'[39m, channel: [32m'IN_APP'[39m }

[90mstdout[2m | src/services/multiUser/notification.service.test.ts[2m > [22m[2mMultiUserNotificationService[2m > [22m[2mgetAllNotifications[2m > [22m[2mshould return all notifications for user
[22m[39m[MultiUserNotification] Notification sent { userId: [32m'user-456'[39m, type: [32m'USER_JOINED'[39m, channel: [32m'IN_APP'[39m }

[90mstdout[2m | src/services/multiUser/notification.service.test.ts[2m > [22m[2mMultiUserNotificationService[2m > [22m[2mgetAllNotifications[2m > [22m[2mshould return all notifications for user
[22m[39m[MultiUserNotification] Notification sent { userId: [32m'user-456'[39m, type: [32m'USER_JOINED'[39m, channel: [32m'IN_APP'[39m }

[90mstdout[2m | src/services/multiUser/notification.service.test.ts[2m > [22m[2mMultiUserNotificationService[2m > [22m[2mgetAllNotifications[2m > [22m[2mshould return all notifications for user
[22m[39m[MultiUserNotification] Notification sent { userId: [32m'user-456'[39m, type: [32m'USER_JOINED'[39m, channel: [32m'IN_APP'[39m }

[90mstdout[2m | src/services/multiUser/notification.service.test.ts[2m > [22m[2mMultiUserNotificationService[2m > [22m[2mgetAllNotifications[2m > [22m[2mshould respect limit parameter
[22m[39m[MultiUserNotification] Notification sent { userId: [32m'user-456'[39m, type: [32m'USER_JOINED'[39m, channel: [32m'IN_APP'[39m }

[90mstdout[2m | src/services/multiUser/notification.service.test.ts[2m > [22m[2mMultiUserNotificationService[2m > [22m[2mgetAllNotifications[2m > [22m[2mshould respect limit parameter
[22m[39m[MultiUserNotification] Notification sent { userId: [32m'user-456'[39m, type: [32m'USER_JOINED'[39m, channel: [32m'IN_APP'[39m }

[90mstdout[2m | src/services/multiUser/notification.service.test.ts[2m > [22m[2mMultiUserNotificationService[2m > [22m[2mgetAllNotifications[2m > [22m[2mshould respect limit parameter
[22m[39m[MultiUserNotification] Notification sent { userId: [32m'user-456'[39m, type: [32m'USER_JOINED'[39m, channel: [32m'IN_APP'[39m }

[90mstdout[2m | src/services/multiUser/notification.service.test.ts[2m > [22m[2mMultiUserNotificationService[2m > [22m[2mgetAllNotifications[2m > [22m[2mshould respect limit parameter
[22m[39m[MultiUserNotification] Notification sent { userId: [32m'user-456'[39m, type: [32m'USER_JOINED'[39m, channel: [32m'IN_APP'[39m }

[90mstdout[2m | src/services/multiUser/notification.service.test.ts[2m > [22m[2mMultiUserNotificationService[2m > [22m[2mgetAllNotifications[2m > [22m[2mshould respect limit parameter
[22m[39m[MultiUserNotification] Notification sent { userId: [32m'user-456'[39m, type: [32m'USER_JOINED'[39m, channel: [32m'IN_APP'[39m }

[90mstdout[2m | src/services/multiUser/notification.service.test.ts[2m > [22m[2mMultiUserNotificationService[2m > [22m[2mgetAllNotifications[2m > [22m[2mshould include both read and unread notifications
[22m[39m[MultiUserNotification] Notification sent { userId: [32m'user-456'[39m, type: [32m'USER_JOINED'[39m, channel: [32m'IN_APP'[39m }

[90mstdout[2m | src/services/multiUser/notification.service.test.ts[2m > [22m[2mMultiUserNotificationService[2m > [22m[2mgetAllNotifications[2m > [22m[2mshould include both read and unread notifications
[22m[39m[MultiUserNotification] Notification sent { userId: [32m'user-456'[39m, type: [32m'USER_JOINED'[39m, channel: [32m'IN_APP'[39m }

[90mstdout[2m | src/services/multiUser/notification.service.test.ts[2m > [22m[2mMultiUserNotificationService[2m > [22m[2mgetAllNotifications[2m > [22m[2mshould include both read and unread notifications
[22m[39m[MultiUserNotification] Notification sent { userId: [32m'user-456'[39m, type: [32m'USER_JOINED'[39m, channel: [32m'IN_APP'[39m }

[90mstdout[2m | src/services/multiUser/notification.service.test.ts[2m > [22m[2mMultiUserNotificationService[2m > [22m[2mgetAllNotifications[2m > [22m[2mshould include both read and unread notifications
[22m[39m[MultiUserNotification] Notification sent { userId: [32m'user-456'[39m, type: [32m'USER_JOINED'[39m, channel: [32m'IN_APP'[39m }

[90mstdout[2m | src/services/multiUser/notification.service.test.ts[2m > [22m[2mMultiUserNotificationService[2m > [22m[2mgetAllNotifications[2m > [22m[2mshould include both read and unread notifications
[22m[39m[MultiUserNotification] Notification sent { userId: [32m'user-456'[39m, type: [32m'USER_JOINED'[39m, channel: [32m'IN_APP'[39m }

[90mstdout[2m | src/services/multiUser/notification.service.test.ts[2m > [22m[2mMultiUserNotificationService[2m > [22m[2mmarkAsRead[2m > [22m[2mshould mark notification as read
[22m[39m[MultiUserNotification] Email notification queued { userId: [32m'user-456'[39m, notificationId: [32m'r5wGngFhXwYuaXzzVOWdM'[39m }

[90mstdout[2m | src/services/multiUser/notification.service.test.ts[2m > [22m[2mMultiUserNotificationService[2m > [22m[2mmarkAsRead[2m > [22m[2mshould mark notification as read
[22m[39m[MultiUserNotification] Notification sent { userId: [32m'user-456'[39m, type: [32m'USER_INVITED'[39m, channel: [32m'BOTH'[39m }

[90mstdout[2m | src/services/multiUser/notification.service.test.ts[2m > [22m[2mMultiUserNotificationService[2m > [22m[2mmarkAsRead[2m > [22m[2mshould return false for non-existent notification
[22m[39m[MultiUserNotification] Email notification queued { userId: [32m'user-456'[39m, notificationId: [32m'zDYr8Ud5O36hf9U4oJ2Ab'[39m }

[90mstdout[2m | src/services/multiUser/notification.service.test.ts[2m > [22m[2mMultiUserNotificationService[2m > [22m[2mmarkAsRead[2m > [22m[2mshould return false for non-existent notification
[22m[39m[MultiUserNotification] Notification sent { userId: [32m'user-456'[39m, type: [32m'USER_INVITED'[39m, channel: [32m'BOTH'[39m }

[90mstdout[2m | src/services/multiUser/notification.service.test.ts[2m > [22m[2mMultiUserNotificationService[2m > [22m[2mmarkAllAsRead[2m > [22m[2mshould mark all notifications as read
[22m[39m[MultiUserNotification] Email notification queued { userId: [32m'user-456'[39m, notificationId: [32m'mC7YmgbCqPuBNTPgYxkEQ'[39m }

[90mstdout[2m | src/services/multiUser/notification.service.test.ts[2m > [22m[2mMultiUserNotificationService[2m > [22m[2mmarkAllAsRead[2m > [22m[2mshould mark all notifications as read
[22m[39m[MultiUserNotification] Notification sent { userId: [32m'user-456'[39m, type: [32m'USER_INVITED'[39m, channel: [32m'BOTH'[39m }

[90mstdout[2m | src/services/multiUser/notification.service.test.ts[2m > [22m[2mMultiUserNotificationService[2m > [22m[2mmarkAllAsRead[2m > [22m[2mshould mark all notifications as read
[22m[39m[MultiUserNotification] Notification sent { userId: [32m'user-456'[39m, type: [32m'USER_JOINED'[39m, channel: [32m'IN_APP'[39m }

[90mstdout[2m | src/services/multiUser/notification.service.test.ts[2m > [22m[2mMultiUserNotificationService[2m > [22m[2mmarkAllAsRead[2m > [22m[2mshould not count already read notifications
[22m[39m[MultiUserNotification] Email notification queued { userId: [32m'user-456'[39m, notificationId: [32m'vW7DoTxKqIAeOWMIL3n1s'[39m }

[90mstdout[2m | src/services/multiUser/notification.service.test.ts[2m > [22m[2mMultiUserNotificationService[2m > [22m[2mmarkAllAsRead[2m > [22m[2mshould not count already read notifications
[22m[39m[MultiUserNotification] Notification sent { userId: [32m'user-456'[39m, type: [32m'USER_INVITED'[39m, channel: [32m'BOTH'[39m }

[90mstdout[2m | src/services/multiUser/notification.service.test.ts[2m > [22m[2mMultiUserNotificationService[2m > [22m[2mmarkAllAsRead[2m > [22m[2mshould not count already read notifications
[22m[39m[MultiUserNotification] Notification sent { userId: [32m'user-456'[39m, type: [32m'USER_JOINED'[39m, channel: [32m'IN_APP'[39m }

[90mstdout[2m | src/services/multiUser/notification.service.test.ts[2m > [22m[2mMultiUserNotificationService[2m > [22m[2mdeleteNotification[2m > [22m[2mshould delete notification
[22m[39m[MultiUserNotification] Email notification queued { userId: [32m'user-456'[39m, notificationId: [32m'zYYXiePNmfA8xudtFX3r0'[39m }

[90mstdout[2m | src/services/multiUser/notification.service.test.ts[2m > [22m[2mMultiUserNotificationService[2m > [22m[2mdeleteNotification[2m > [22m[2mshould delete notification
[22m[39m[MultiUserNotification] Notification sent { userId: [32m'user-456'[39m, type: [32m'USER_INVITED'[39m, channel: [32m'BOTH'[39m }

[90mstdout[2m | src/services/multiUser/notification.service.test.ts[2m > [22m[2mMultiUserNotificationService[2m > [22m[2mdeleteNotification[2m > [22m[2mshould return false for non-existent notification
[22m[39m[MultiUserNotification] Email notification queued { userId: [32m'user-456'[39m, notificationId: [32m'2LD1yQZ2rjHUJqA0iE1kG'[39m }

[90mstdout[2m | src/services/multiUser/notification.service.test.ts[2m > [22m[2mMultiUserNotificationService[2m > [22m[2mdeleteNotification[2m > [22m[2mshould return false for non-existent notification
[22m[39m[MultiUserNotification] Notification sent { userId: [32m'user-456'[39m, type: [32m'USER_INVITED'[39m, channel: [32m'BOTH'[39m }

[90mstdout[2m | src/services/multiUser/notification.service.test.ts[2m > [22m[2mMultiUserNotificationService[2m > [22m[2mupdatePreferences[2m > [22m[2mshould update notification preferences
[22m[39m[MultiUserNotification] Notification preferences updated { userId: [32m'user-456'[39m }

[90mstdout[2m | src/services/multiUser/notification.service.test.ts[2m > [22m[2mMultiUserNotificationService[2m > [22m[2mupdatePreferences[2m > [22m[2mshould merge with existing preferences
[22m[39m[MultiUserNotification] Notification preferences updated { userId: [32m'user-456'[39m }

[90mstdout[2m | src/services/multiUser/notification.service.test.ts[2m > [22m[2mMultiUserNotificationService[2m > [22m[2mupdatePreferences[2m > [22m[2mshould merge with existing preferences
[22m[39m[MultiUserNotification] Notification preferences updated { userId: [32m'user-456'[39m }

[90mstdout[2m | src/services/multiUser/notification.service.test.ts[2m > [22m[2mMultiUserNotificationService[2m > [22m[2msendBatchNotification[2m > [22m[2mshould send notification to multiple users
[22m[39m[MultiUserNotification] Notification sent { userId: [32m'user-1'[39m, type: [32m'USER_JOINED'[39m, channel: [32m'IN_APP'[39m }
[MultiUserNotification] Notification sent { userId: [32m'user-2'[39m, type: [32m'USER_JOINED'[39m, channel: [32m'IN_APP'[39m }
[MultiUserNotification] Notification sent { userId: [32m'user-3'[39m, type: [32m'USER_JOINED'[39m, channel: [32m'IN_APP'[39m }

[90mstdout[2m | src/services/multiUser/notification.service.test.ts[2m > [22m[2mMultiUserNotificationService[2m > [22m[2mNotification Pruning[2m > [22m[2mshould prune old notifications when limit exceeded
[22m[39m[MultiUserNotification] Notification sent { userId: [32m'user-456'[39m, type: [32m'USER_JOINED'[39m, channel: [32m'IN_APP'[39m }

[90mstdout[2m | src/services/multiUser/notification.service.test.ts[2m > [22m[2mMultiUserNotificationService[2m > [22m[2mNotification Pruning[2m > [22m[2mshould prune old notifications when limit exceeded
[22m[39m[MultiUserNotification] Notification sent { userId: [32m'user-456'[39m, type: [32m'USER_JOINED'[39m, channel: [32m'IN_APP'[39m }

[90mstdout[2m | src/services/multiUser/notification.service.test.ts[2m > [22m[2mMultiUserNotificationService[2m > [22m[2mNotification Pruning[2m > [22m[2mshould prune old notifications when limit exceeded
[22m[39m[MultiUserNotification] Notification sent { userId: [32m'user-456'[39m, type: [32m'USER_JOINED'[39m, channel: [32m'IN_APP'[39m }

[90mstdout[2m | src/services/multiUser/notification.service.test.ts[2m > [22m[2mMultiUserNotificationService[2m > [22m[2mNotification Pruning[2m > [22m[2mshould prune old notifications when limit exceeded
[22m[39m[MultiUserNotification] Notification sent { userId: [32m'user-456'[39m, type: [32m'USER_JOINED'[39m, channel: [32m'IN_APP'[39m }

[90mstdout[2m | src/services/multiUser/notification.service.test.ts[2m > [22m[2mMultiUserNotificationService[2m > [22m[2mNotification Pruning[2m > [22m[2mshould prune old notifications when limit exceeded
[22m[39m[MultiUserNotification] Notification sent { userId: [32m'user-456'[39m, type: [32m'USER_JOINED'[39m, channel: [32m'IN_APP'[39m }

[90mstdout[2m | src/services/multiUser/notification.service.test.ts[2m > [22m[2mMultiUserNotificationService[2m > [22m[2mNotification Pruning[2m > [22m[2mshould prune old notifications when limit exceeded
[22m[39m[MultiUserNotification] Notification sent { userId: [32m'user-456'[39m, type: [32m'USER_JOINED'[39m, channel: [32m'IN_APP'[39m }

[90mstdout[2m | src/services/multiUser/notification.service.test.ts[2m > [22m[2mMultiUserNotificationService[2m > [22m[2mNotification Pruning[2m > [22m[2mshould prune old notifications when limit exceeded
[22m[39m[MultiUserNotification] Notification sent { userId: [32m'user-456'[39m, type: [32m'USER_JOINED'[39m, channel: [32m'IN_APP'[39m }

[90mstdout[2m | src/services/multiUser/notification.service.test.ts[2m > [22m[2mMultiUserNotificationService[2m > [22m[2mNotification Pruning[2m > [22m[2mshould prune old notifications when limit exceeded
[22m[39m[MultiUserNotification] Notification sent { userId: [32m'user-456'[39m, type: [32m'USER_JOINED'[39m, channel: [32m'IN_APP'[39m }

[90mstdout[2m | src/services/multiUser/notification.service.test.ts[2m > [22m[2mMultiUserNotificationService[2m > [22m[2mNotification Pruning[2m > [22m[2mshould prune old notifications when limit exceeded
[22m[39m[MultiUserNotification] Notification sent { userId: [32m'user-456'[39m, type: [32m'USER_JOINED'[39m, channel: [32m'IN_APP'[39m }

[90mstdout[2m | src/services/multiUser/notification.service.test.ts[2m > [22m[2mMultiUserNotificationService[2m > [22m[2mNotification Pruning[2m > [22m[2mshould prune old notifications when limit exceeded
[22m[39m[MultiUserNotification] Notification sent { userId: [32m'user-456'[39m, type: [32m'USER_JOINED'[39m, channel: [32m'IN_APP'[39m }

[90mstdout[2m | src/services/multiUser/notification.service.test.ts[2m > [22m[2mMultiUserNotificationService[2m > [22m[2mNotification Pruning[2m > [22m[2mshould prune old notifications when limit exceeded
[22m[39m[MultiUserNotification] Notification sent { userId: [32m'user-456'[39m, type: [32m'USER_JOINED'[39m, channel: [32m'IN_APP'[39m }

[90mstdout[2m | src/services/multiUser/notification.service.test.ts[2m > [22m[2mMultiUserNotificationService[2m > [22m[2mNotification Pruning[2m > [22m[2mshould prune old notifications when limit exceeded
[22m[39m[MultiUserNotification] Notification sent { userId: [32m'user-456'[39m, type: [32m'USER_JOINED'[39m, channel: [32m'IN_APP'[39m }

[90mstdout[2m | src/services/multiUser/notification.service.test.ts[2m > [22m[2mMultiUserNotificationService[2m > [22m[2mNotification Pruning[2m > [22m[2mshould prune old notifications when limit exceeded
[22m[39m[MultiUserNotification] Notification sent { userId: [32m'user-456'[39m, type: [32m'USER_JOINED'[39m, channel: [32m'IN_APP'[39m }

[90mstdout[2m | src/services/multiUser/notification.service.test.ts[2m > [22m[2mMultiUserNotificationService[2m > [22m[2mNotification Pruning[2m > [22m[2mshould prune old notifications when limit exceeded
[22m[39m[MultiUserNotification] Notification sent { userId: [32m'user-456'[39m, type: [32m'USER_JOINED'[39m, channel: [32m'IN_APP'[39m }

[90mstdout[2m | src/services/multiUser/notification.service.test.ts[2m > [22m[2mMultiUserNotificationService[2m > [22m[2mNotification Pruning[2m > [22m[2mshould prune old notifications when limit exceeded
[22m[39m[MultiUserNotification] Notification sent { userId: [32m'user-456'[39m, type: [32m'USER_JOINED'[39m, channel: [32m'IN_APP'[39m }

[90mstdout[2m | src/services/multiUser/notification.service.test.ts[2m > [22m[2mMultiUserNotificationService[2m > [22m[2mNotification Pruning[2m > [22m[2mshould prune old notifications when limit exceeded
[22m[39m[MultiUserNotification] Notification sent { userId: [32m'user-456'[39m, type: [32m'USER_JOINED'[39m, channel: [32m'IN_APP'[39m }

[90mstdout[2m | src/services/multiUser/notification.service.test.ts[2m > [22m[2mMultiUserNotificationService[2m > [22m[2mNotification Pruning[2m > [22m[2mshould prune old notifications when limit exceeded
[22m[39m[MultiUserNotification] Notification sent { userId: [32m'user-456'[39m, type: [32m'USER_JOINED'[39m, channel: [32m'IN_APP'[39m }

[90mstdout[2m | src/services/multiUser/notification.service.test.ts[2m > [22m[2mMultiUserNotificationService[2m > [22m[2mNotification Pruning[2m > [22m[2mshould prune old notifications when limit exceeded
[22m[39m[MultiUserNotification] Notification sent { userId: [32m'user-456'[39m, type: [32m'USER_JOINED'[39m, channel: [32m'IN_APP'[39m }

[90mstdout[2m | src/services/multiUser/notification.service.test.ts[2m > [22m[2mMultiUserNotificationService[2m > [22m[2mNotification Pruning[2m > [22m[2mshould prune old notifications when limit exceeded
[22m[39m[MultiUserNotification] Notification sent { userId: [32m'user-456'[39m, type: [32m'USER_JOINED'[39m, channel: [32m'IN_APP'[39m }

[90mstdout[2m | src/services/multiUser/notification.service.test.ts[2m > [22m[2mMultiUserNotificationService[2m > [22m[2mNotification Pruning[2m > [22m[2mshould prune old notifications when limit exceeded
[22m[39m[MultiUserNotification] Notification sent { userId: [32m'user-456'[39m, type: [32m'USER_JOINED'[39m, channel: [32m'IN_APP'[39m }

[90mstdout[2m | src/services/multiUser/notification.service.test.ts[2m > [22m[2mMultiUserNotificationService[2m > [22m[2mNotification Pruning[2m > [22m[2mshould prune old notifications when limit exceeded
[22m[39m[MultiUserNotification] Notification sent { userId: [32m'user-456'[39m, type: [32m'USER_JOINED'[39m, channel: [32m'IN_APP'[39m }

[90mstdout[2m | src/services/multiUser/notification.service.test.ts[2m > [22m[2mMultiUserNotificationService[2m > [22m[2mNotification Pruning[2m > [22m[2mshould prune old notifications when limit exceeded
[22m[39m[MultiUserNotification] Notification sent { userId: [32m'user-456'[39m, type: [32m'USER_JOINED'[39m, channel: [32m'IN_APP'[39m }

[90mstdout[2m | src/services/multiUser/notification.service.test.ts[2m > [22m[2mMultiUserNotificationService[2m > [22m[2mNotification Pruning[2m > [22m[2mshould prune old notifications when limit exceeded
[22m[39m[MultiUserNotification] Notification sent { userId: [32m'user-456'[39m, type: [32m'USER_JOINED'[39m, channel: [32m'IN_APP'[39m }

[90mstdout[2m | src/services/multiUser/notification.service.test.ts[2m > [22m[2mMultiUserNotificationService[2m > [22m[2mNotification Pruning[2m > [22m[2mshould prune old notifications when limit exceeded
[22m[39m[MultiUserNotification] Notification sent { userId: [32m'user-456'[39m, type: [32m'USER_JOINED'[39m, channel: [32m'IN_APP'[39m }

[90mstdout[2m | src/services/multiUser/notification.service.test.ts[2m > [22m[2mMultiUserNotificationService[2m > [22m[2mNotification Pruning[2m > [22m[2mshould prune old notifications when limit exceeded
[22m[39m[MultiUserNotification] Notification sent { userId: [32m'user-456'[39m, type: [32m'USER_JOINED'[39m, channel: [32m'IN_APP'[39m }

[90mstdout[2m | src/services/multiUser/notification.service.test.ts[2m > [22m[2mMultiUserNotificationService[2m > [22m[2mNotification Pruning[2m > [22m[2mshould prune old notifications when limit exceeded
[22m[39m[MultiUserNotification] Notification sent { userId: [32m'user-456'[39m, type: [32m'USER_JOINED'[39m, channel: [32m'IN_APP'[39m }

[90mstdout[2m | src/services/multiUser/notification.service.test.ts[2m > [22m[2mMultiUserNotificationService[2m > [22m[2mNotification Pruning[2m > [22m[2mshould prune old notifications when limit exceeded
[22m[39m[MultiUserNotification] Notification sent { userId: [32m'user-456'[39m, type: [32m'USER_JOINED'[39m, channel: [32m'IN_APP'[39m }

[90mstdout[2m | src/services/multiUser/notification.service.test.ts[2m > [22m[2mMultiUserNotificationService[2m > [22m[2mNotification Pruning[2m > [22m[2mshould prune old notifications when limit exceeded
[22m[39m[MultiUserNotification] Notification sent { userId: [32m'user-456'[39m, type: [32m'USER_JOINED'[39m, channel: [32m'IN_APP'[39m }

[90mstdout[2m | src/services/multiUser/notification.service.test.ts[2m > [22m[2mMultiUserNotificationService[2m > [22m[2mNotification Pruning[2m > [22m[2mshould prune old notifications when limit exceeded
[22m[39m[MultiUserNotification] Notification sent { userId: [32m'user-456'[39m, type: [32m'USER_JOINED'[39m, channel: [32m'IN_APP'[39m }

[90mstdout[2m | src/services/multiUser/notification.service.test.ts[2m > [22m[2mMultiUserNotificationService[2m > [22m[2mNotification Pruning[2m > [22m[2mshould prune old notifications when limit exceeded
[22m[39m[MultiUserNotification] Notification sent { userId: [32m'user-456'[39m, type: [32m'USER_JOINED'[39m, channel: [32m'IN_APP'[39m }

[90mstdout[2m | src/services/multiUser/notification.service.test.ts[2m > [22m[2mMultiUserNotificationService[2m > [22m[2mNotification Pruning[2m > [22m[2mshould prune old notifications when limit exceeded
[22m[39m[MultiUserNotification] Notification sent { userId: [32m'user-456'[39m, type: [32m'USER_JOINED'[39m, channel: [32m'IN_APP'[39m }

[90mstdout[2m | src/services/multiUser/notification.service.test.ts[2m > [22m[2mMultiUserNotificationService[2m > [22m[2mNotification Pruning[2m > [22m[2mshould prune old notifications when limit exceeded
[22m[39m[MultiUserNotification] Notification sent { userId: [32m'user-456'[39m, type: [32m'USER_JOINED'[39m, channel: [32m'IN_APP'[39m }

[90mstdout[2m | src/services/multiUser/notification.service.test.ts[2m > [22m[2mMultiUserNotificationService[2m > [22m[2mNotification Pruning[2m > [22m[2mshould prune old notifications when limit exceeded
[22m[39m[MultiUserNotification] Notification sent { userId: [32m'user-456'[39m, type: [32m'USER_JOINED'[39m, channel: [32m'IN_APP'[39m }

[90mstdout[2m | src/services/multiUser/notification.service.test.ts[2m > [22m[2mMultiUserNotificationService[2m > [22m[2mNotification Pruning[2m > [22m[2mshould prune old notifications when limit exceeded
[22m[39m[MultiUserNotification] Notification sent { userId: [32m'user-456'[39m, type: [32m'USER_JOINED'[39m, channel: [32m'IN_APP'[39m }

[90mstdout[2m | src/services/multiUser/notification.service.test.ts[2m > [22m[2mMultiUserNotificationService[2m > [22m[2mNotification Pruning[2m > [22m[2mshould prune old notifications when limit exceeded
[22m[39m[MultiUserNotification] Notification sent { userId: [32m'user-456'[39m, type: [32m'USER_JOINED'[39m, channel: [32m'IN_APP'[39m }

[90mstdout[2m | src/services/multiUser/notification.service.test.ts[2m > [22m[2mMultiUserNotificationService[2m > [22m[2mNotification Pruning[2m > [22m[2mshould prune old notifications when limit exceeded
[22m[39m[MultiUserNotification] Notification sent { userId: [32m'user-456'[39m, type: [32m'USER_JOINED'[39m, channel: [32m'IN_APP'[39m }

[90mstdout[2m | src/services/multiUser/notification.service.test.ts[2m > [22m[2mMultiUserNotificationService[2m > [22m[2mNotification Pruning[2m > [22m[2mshould prune old notifications when limit exceeded
[22m[39m[MultiUserNotification] Notification sent { userId: [32m'user-456'[39m, type: [32m'USER_JOINED'[39m, channel: [32m'IN_APP'[39m }

[90mstdout[2m | src/services/multiUser/notification.service.test.ts[2m > [22m[2mMultiUserNotificationService[2m > [22m[2mNotification Pruning[2m > [22m[2mshould prune old notifications when limit exceeded
[22m[39m[MultiUserNotification] Notification sent { userId: [32m'user-456'[39m, type: [32m'USER_JOINED'[39m, channel: [32m'IN_APP'[39m }

[90mstdout[2m | src/services/multiUser/notification.service.test.ts[2m > [22m[2mMultiUserNotificationService[2m > [22m[2mNotification Pruning[2m > [22m[2mshould prune old notifications when limit exceeded
[22m[39m[MultiUserNotification] Notification sent { userId: [32m'user-456'[39m, type: [32m'USER_JOINED'[39m, channel: [32m'IN_APP'[39m }

[90mstdout[2m | src/services/multiUser/notification.service.test.ts[2m > [22m[2mMultiUserNotificationService[2m > [22m[2mNotification Pruning[2m > [22m[2mshould prune old notifications when limit exceeded
[22m[39m[MultiUserNotification] Notification sent { userId: [32m'user-456'[39m, type: [32m'USER_JOINED'[39m, channel: [32m'IN_APP'[39m }

[90mstdout[2m | src/services/multiUser/notification.service.test.ts[2m > [22m[2mMultiUserNotificationService[2m > [22m[2mNotification Pruning[2m > [22m[2mshould prune old notifications when limit exceeded
[22m[39m[MultiUserNotification] Notification sent { userId: [32m'user-456'[39m, type: [32m'USER_JOINED'[39m, channel: [32m'IN_APP'[39m }

[90mstdout[2m | src/services/multiUser/notification.service.test.ts[2m > [22m[2mMultiUserNotificationService[2m > [22m[2mNotification Pruning[2m > [22m[2mshould prune old notifications when limit exceeded
[22m[39m[MultiUserNotification] Notification sent { userId: [32m'user-456'[39m, type: [32m'USER_JOINED'[39m, channel: [32m'IN_APP'[39m }

[90mstdout[2m | src/services/multiUser/notification.service.test.ts[2m > [22m[2mMultiUserNotificationService[2m > [22m[2mNotification Pruning[2m > [22m[2mshould prune old notifications when limit exceeded
[22m[39m[MultiUserNotification] Notification sent { userId: [32m'user-456'[39m, type: [32m'USER_JOINED'[39m, channel: [32m'IN_APP'[39m }

[90mstdout[2m | src/services/multiUser/notification.service.test.ts[2m > [22m[2mMultiUserNotificationService[2m > [22m[2mNotification Pruning[2m > [22m[2mshould prune old notifications when limit exceeded
[22m[39m[MultiUserNotification] Notification sent { userId: [32m'user-456'[39m, type: [32m'USER_JOINED'[39m, channel: [32m'IN_APP'[39m }

[90mstdout[2m | src/services/multiUser/notification.service.test.ts[2m > [22m[2mMultiUserNotificationService[2m > [22m[2mNotification Pruning[2m > [22m[2mshould prune old notifications when limit exceeded
[22m[39m[MultiUserNotification] Notification sent { userId: [32m'user-456'[39m, type: [32m'USER_JOINED'[39m, channel: [32m'IN_APP'[39m }

[90mstdout[2m | src/services/multiUser/notification.service.test.ts[2m > [22m[2mMultiUserNotificationService[2m > [22m[2mNotification Pruning[2m > [22m[2mshould prune old notifications when limit exceeded
[22m[39m[MultiUserNotification] Notification sent { userId: [32m'user-456'[39m, type: [32m'USER_JOINED'[39m, channel: [32m'IN_APP'[39m }

[90mstdout[2m | src/services/multiUser/notification.service.test.ts[2m > [22m[2mMultiUserNotificationService[2m > [22m[2mNotification Pruning[2m > [22m[2mshould prune old notifications when limit exceeded
[22m[39m[MultiUserNotification] Notification sent { userId: [32m'user-456'[39m, type: [32m'USER_JOINED'[39m, channel: [32m'IN_APP'[39m }

[90mstdout[2m | src/services/multiUser/notification.service.test.ts[2m > [22m[2mMultiUserNotificationService[2m > [22m[2mNotification Pruning[2m > [22m[2mshould prune old notifications when limit exceeded
[22m[39m[MultiUserNotification] Notification sent { userId: [32m'user-456'[39m, type: [32m'USER_JOINED'[39m, channel: [32m'IN_APP'[39m }

[90mstdout[2m | src/services/multiUser/notification.service.test.ts[2m > [22m[2mMultiUserNotificationService[2m > [22m[2mNotification Pruning[2m > [22m[2mshould prune old notifications when limit exceeded
[22m[39m[MultiUserNotification] Notification sent { userId: [32m'user-456'[39m, type: [32m'USER_JOINED'[39m, channel: [32m'IN_APP'[39m }

[90mstdout[2m | src/services/multiUser/notification.service.test.ts[2m > [22m[2mMultiUserNotificationService[2m > [22m[2mNotification Pruning[2m > [22m[2mshould prune old notifications when limit exceeded
[22m[39m[MultiUserNotification] Notification sent { userId: [32m'user-456'[39m, type: [32m'USER_JOINED'[39m, channel: [32m'IN_APP'[39m }

[90mstdout[2m | src/services/multiUser/notification.service.test.ts[2m > [22m[2mMultiUserNotificationService[2m > [22m[2mNotification Pruning[2m > [22m[2mshould prune old notifications when limit exceeded
[22m[39m[MultiUserNotification] Notification sent { userId: [32m'user-456'[39m, type: [32m'USER_JOINED'[39m, channel: [32m'IN_APP'[39m }

[90mstdout[2m | src/services/multiUser/notification.service.test.ts[2m > [22m[2mMultiUserNotificationService[2m > [22m[2mNotification Pruning[2m > [22m[2mshould prune old notifications when limit exceeded
[22m[39m[MultiUserNotification] Notification sent { userId: [32m'user-456'[39m, type: [32m'USER_JOINED'[39m, channel: [32m'IN_APP'[39m }

[90mstdout[2m | src/services/multiUser/notification.service.test.ts[2m > [22m[2mMultiUserNotificationService[2m > [22m[2mNotification Pruning[2m > [22m[2mshould prune old notifications when limit exceeded
[22m[39m[MultiUserNotification] Notification sent { userId: [32m'user-456'[39m, type: [32m'USER_JOINED'[39m, channel: [32m'IN_APP'[39m }

[90mstdout[2m | src/services/multiUser/notification.service.test.ts[2m > [22m[2mMultiUserNotificationService[2m > [22m[2mNotification Pruning[2m > [22m[2mshould prune old notifications when limit exceeded
[22m[39m[MultiUserNotification] Notification sent { userId: [32m'user-456'[39m, type: [32m'USER_JOINED'[39m, channel: [32m'IN_APP'[39m }

[90mstdout[2m | src/services/multiUser/notification.service.test.ts[2m > [22m[2mMultiUserNotificationService[2m > [22m[2mNotification Pruning[2m > [22m[2mshould prune old notifications when limit exceeded
[22m[39m[MultiUserNotification] Notification sent { userId: [32m'user-456'[39m, type: [32m'USER_JOINED'[39m, channel: [32m'IN_APP'[39m }

[90mstdout[2m | src/services/multiUser/notification.service.test.ts[2m > [22m[2mMultiUserNotificationService[2m > [22m[2mNotification Pruning[2m > [22m[2mshould prune old notifications when limit exceeded
[22m[39m[MultiUserNotification] Notification sent { userId: [32m'user-456'[39m, type: [32m'USER_JOINED'[39m, channel: [32m'IN_APP'[39m }

[90mstdout[2m | src/services/multiUser/notification.service.test.ts[2m > [22m[2mMultiUserNotificationService[2m > [22m[2mNotification Pruning[2m > [22m[2mshould prune old notifications when limit exceeded
[22m[39m[MultiUserNotification] Notification sent { userId: [32m'user-456'[39m, type: [32m'USER_JOINED'[39m, channel: [32m'IN_APP'[39m }

[90mstdout[2m | src/services/multiUser/notification.service.test.ts[2m > [22m[2mMultiUserNotificationService[2m > [22m[2mNotification Pruning[2m > [22m[2mshould prune old notifications when limit exceeded
[22m[39m[MultiUserNotification] Notification sent { userId: [32m'user-456'[39m, type: [32m'USER_JOINED'[39m, channel: [32m'IN_APP'[39m }

[90mstdout[2m | src/services/multiUser/notification.service.test.ts[2m > [22m[2mMultiUserNotificationService[2m > [22m[2mNotification Pruning[2m > [22m[2mshould prune old notifications when limit exceeded
[22m[39m[MultiUserNotification] Notification sent { userId: [32m'user-456'[39m, type: [32m'USER_JOINED'[39m, channel: [32m'IN_APP'[39m }

[90mstdout[2m | src/services/multiUser/notification.service.test.ts[2m > [22m[2mMultiUserNotificationService[2m > [22m[2mNotification Pruning[2m > [22m[2mshould prune old notifications when limit exceeded
[22m[39m[MultiUserNotification] Notification sent { userId: [32m'user-456'[39m, type: [32m'USER_JOINED'[39m, channel: [32m'IN_APP'[39m }

[90mstdout[2m | src/services/multiUser/notification.service.test.ts[2m > [22m[2mMultiUserNotificationService[2m > [22m[2mNotification Pruning[2m > [22m[2mshould prune old notifications when limit exceeded
[22m[39m[MultiUserNotification] Notification sent { userId: [32m'user-456'[39m, type: [32m'USER_JOINED'[39m, channel: [32m'IN_APP'[39m }

[90mstdout[2m | src/services/multiUser/notification.service.test.ts[2m > [22m[2mMultiUserNotificationService[2m > [22m[2mNotification Pruning[2m > [22m[2mshould prune old notifications when limit exceeded
[22m[39m[MultiUserNotification] Notification sent { userId: [32m'user-456'[39m, type: [32m'USER_JOINED'[39m, channel: [32m'IN_APP'[39m }

[90mstdout[2m | src/services/multiUser/notification.service.test.ts[2m > [22m[2mMultiUserNotificationService[2m > [22m[2mNotification Pruning[2m > [22m[2mshould prune old notifications when limit exceeded
[22m[39m[MultiUserNotification] Notification sent { userId: [32m'user-456'[39m, type: [32m'USER_JOINED'[39m, channel: [32m'IN_APP'[39m }

[90mstdout[2m | src/services/multiUser/notification.service.test.ts[2m > [22m[2mMultiUserNotificationService[2m > [22m[2mNotification Pruning[2m > [22m[2mshould prune old notifications when limit exceeded
[22m[39m[MultiUserNotification] Notification sent { userId: [32m'user-456'[39m, type: [32m'USER_JOINED'[39m, channel: [32m'IN_APP'[39m }

[90mstdout[2m | src/services/multiUser/notification.service.test.ts[2m > [22m[2mMultiUserNotificationService[2m > [22m[2mNotification Pruning[2m > [22m[2mshould prune old notifications when limit exceeded
[22m[39m[MultiUserNotification] Notification sent { userId: [32m'user-456'[39m, type: [32m'USER_JOINED'[39m, channel: [32m'IN_APP'[39m }

[90mstdout[2m | src/services/multiUser/notification.service.test.ts[2m > [22m[2mMultiUserNotificationService[2m > [22m[2mNotification Pruning[2m > [22m[2mshould prune old notifications when limit exceeded
[22m[39m[MultiUserNotification] Notification sent { userId: [32m'user-456'[39m, type: [32m'USER_JOINED'[39m, channel: [32m'IN_APP'[39m }

[90mstdout[2m | src/services/multiUser/notification.service.test.ts[2m > [22m[2mMultiUserNotificationService[2m > [22m[2mNotification Pruning[2m > [22m[2mshould prune old notifications when limit exceeded
[22m[39m[MultiUserNotification] Notification sent { userId: [32m'user-456'[39m, type: [32m'USER_JOINED'[39m, channel: [32m'IN_APP'[39m }

[90mstdout[2m | src/services/multiUser/notification.service.test.ts[2m > [22m[2mMultiUserNotificationService[2m > [22m[2mNotification Pruning[2m > [22m[2mshould prune old notifications when limit exceeded
[22m[39m[MultiUserNotification] Notification sent { userId: [32m'user-456'[39m, type: [32m'USER_JOINED'[39m, channel: [32m'IN_APP'[39m }

[90mstdout[2m | src/services/multiUser/notification.service.test.ts[2m > [22m[2mMultiUserNotificationService[2m > [22m[2mNotification Pruning[2m > [22m[2mshould prune old notifications when limit exceeded
[22m[39m[MultiUserNotification] Notification sent { userId: [32m'user-456'[39m, type: [32m'USER_JOINED'[39m, channel: [32m'IN_APP'[39m }

[90mstdout[2m | src/services/multiUser/notification.service.test.ts[2m > [22m[2mMultiUserNotificationService[2m > [22m[2mNotification Pruning[2m > [22m[2mshould prune old notifications when limit exceeded
[22m[39m[MultiUserNotification] Notification sent { userId: [32m'user-456'[39m, type: [32m'USER_JOINED'[39m, channel: [32m'IN_APP'[39m }

[90mstdout[2m | src/services/multiUser/notification.service.test.ts[2m > [22m[2mMultiUserNotificationService[2m > [22m[2mNotification Pruning[2m > [22m[2mshould prune old notifications when limit exceeded
[22m[39m[MultiUserNotification] Notification sent { userId: [32m'user-456'[39m, type: [32m'USER_JOINED'[39m, channel: [32m'IN_APP'[39m }

[90mstdout[2m | src/services/multiUser/notification.service.test.ts[2m > [22m[2mMultiUserNotificationService[2m > [22m[2mNotification Pruning[2m > [22m[2mshould prune old notifications when limit exceeded
[22m[39m[MultiUserNotification] Notification sent { userId: [32m'user-456'[39m, type: [32m'USER_JOINED'[39m, channel: [32m'IN_APP'[39m }

[90mstdout[2m | src/services/multiUser/notification.service.test.ts[2m > [22m[2mMultiUserNotificationService[2m > [22m[2mNotification Pruning[2m > [22m[2mshould prune old notifications when limit exceeded
[22m[39m[MultiUserNotification] Notification sent { userId: [32m'user-456'[39m, type: [32m'USER_JOINED'[39m, channel: [32m'IN_APP'[39m }

[90mstdout[2m | src/services/multiUser/notification.service.test.ts[2m > [22m[2mMultiUserNotificationService[2m > [22m[2mNotification Pruning[2m > [22m[2mshould prune old notifications when limit exceeded
[22m[39m[MultiUserNotification] Notification sent { userId: [32m'user-456'[39m, type: [32m'USER_JOINED'[39m, channel: [32m'IN_APP'[39m }

[90mstdout[2m | src/services/multiUser/notification.service.test.ts[2m > [22m[2mMultiUserNotificationService[2m > [22m[2mNotification Pruning[2m > [22m[2mshould prune old notifications when limit exceeded
[22m[39m[MultiUserNotification] Notification sent { userId: [32m'user-456'[39m, type: [32m'USER_JOINED'[39m, channel: [32m'IN_APP'[39m }

[90mstdout[2m | src/services/multiUser/notification.service.test.ts[2m > [22m[2mMultiUserNotificationService[2m > [22m[2mNotification Pruning[2m > [22m[2mshould prune old notifications when limit exceeded
[22m[39m[MultiUserNotification] Notification sent { userId: [32m'user-456'[39m, type: [32m'USER_JOINED'[39m, channel: [32m'IN_APP'[39m }

[90mstdout[2m | src/services/multiUser/notification.service.test.ts[2m > [22m[2mMultiUserNotificationService[2m > [22m[2mNotification Pruning[2m > [22m[2mshould prune old notifications when limit exceeded
[22m[39m[MultiUserNotification] Notification sent { userId: [32m'user-456'[39m, type: [32m'USER_JOINED'[39m, channel: [32m'IN_APP'[39m }

[90mstdout[2m | src/services/multiUser/notification.service.test.ts[2m > [22m[2mMultiUserNotificationService[2m > [22m[2mNotification Pruning[2m > [22m[2mshould prune old notifications when limit exceeded
[22m[39m[MultiUserNotification] Notification sent { userId: [32m'user-456'[39m, type: [32m'USER_JOINED'[39m, channel: [32m'IN_APP'[39m }

[90mstdout[2m | src/services/multiUser/notification.service.test.ts[2m > [22m[2mMultiUserNotificationService[2m > [22m[2mNotification Pruning[2m > [22m[2mshould prune old notifications when limit exceeded
[22m[39m[MultiUserNotification] Notification sent { userId: [32m'user-456'[39m, type: [32m'USER_JOINED'[39m, channel: [32m'IN_APP'[39m }

[90mstdout[2m | src/services/multiUser/notification.service.test.ts[2m > [22m[2mMultiUserNotificationService[2m > [22m[2mNotification Pruning[2m > [22m[2mshould prune old notifications when limit exceeded
[22m[39m[MultiUserNotification] Notification sent { userId: [32m'user-456'[39m, type: [32m'USER_JOINED'[39m, channel: [32m'IN_APP'[39m }

[90mstdout[2m | src/services/multiUser/notification.service.test.ts[2m > [22m[2mMultiUserNotificationService[2m > [22m[2mNotification Pruning[2m > [22m[2mshould prune old notifications when limit exceeded
[22m[39m[MultiUserNotification] Notification sent { userId: [32m'user-456'[39m, type: [32m'USER_JOINED'[39m, channel: [32m'IN_APP'[39m }

[90mstdout[2m | src/services/multiUser/notification.service.test.ts[2m > [22m[2mMultiUserNotificationService[2m > [22m[2mNotification Pruning[2m > [22m[2mshould prune old notifications when limit exceeded
[22m[39m[MultiUserNotification] Notification sent { userId: [32m'user-456'[39m, type: [32m'USER_JOINED'[39m, channel: [32m'IN_APP'[39m }

[90mstdout[2m | src/services/multiUser/notification.service.test.ts[2m > [22m[2mMultiUserNotificationService[2m > [22m[2mNotification Pruning[2m > [22m[2mshould prune old notifications when limit exceeded
[22m[39m[MultiUserNotification] Notification sent { userId: [32m'user-456'[39m, type: [32m'USER_JOINED'[39m, channel: [32m'IN_APP'[39m }

[90mstdout[2m | src/services/multiUser/notification.service.test.ts[2m > [22m[2mMultiUserNotificationService[2m > [22m[2mNotification Pruning[2m > [22m[2mshould prune old notifications when limit exceeded
[22m[39m[MultiUserNotification] Notification sent { userId: [32m'user-456'[39m, type: [32m'USER_JOINED'[39m, channel: [32m'IN_APP'[39m }

[90mstdout[2m | src/services/multiUser/notification.service.test.ts[2m > [22m[2mMultiUserNotificationService[2m > [22m[2mNotification Pruning[2m > [22m[2mshould prune old notifications when limit exceeded
[22m[39m[MultiUserNotification] Notification sent { userId: [32m'user-456'[39m, type: [32m'USER_JOINED'[39m, channel: [32m'IN_APP'[39m }

[90mstdout[2m | src/services/multiUser/notification.service.test.ts[2m > [22m[2mMultiUserNotificationService[2m > [22m[2mNotification Pruning[2m > [22m[2mshould prune old notifications when limit exceeded
[22m[39m[MultiUserNotification] Notification sent { userId: [32m'user-456'[39m, type: [32m'USER_JOINED'[39m, channel: [32m'IN_APP'[39m }

[90mstdout[2m | src/services/multiUser/notification.service.test.ts[2m > [22m[2mMultiUserNotificationService[2m > [22m[2mNotification Pruning[2m > [22m[2mshould prune old notifications when limit exceeded
[22m[39m[MultiUserNotification] Notification sent { userId: [32m'user-456'[39m, type: [32m'USER_JOINED'[39m, channel: [32m'IN_APP'[39m }

[90mstdout[2m | src/services/multiUser/notification.service.test.ts[2m > [22m[2mMultiUserNotificationService[2m > [22m[2mNotification Pruning[2m > [22m[2mshould prune old notifications when limit exceeded
[22m[39m[MultiUserNotification] Notification sent { userId: [32m'user-456'[39m, type: [32m'USER_JOINED'[39m, channel: [32m'IN_APP'[39m }

[90mstdout[2m | src/services/multiUser/notification.service.test.ts[2m > [22m[2mMultiUserNotificationService[2m > [22m[2mNotification Pruning[2m > [22m[2mshould prune old notifications when limit exceeded
[22m[39m[MultiUserNotification] Notification sent { userId: [32m'user-456'[39m, type: [32m'USER_JOINED'[39m, channel: [32m'IN_APP'[39m }

[90mstdout[2m | src/services/multiUser/notification.service.test.ts[2m > [22m[2mMultiUserNotificationService[2m > [22m[2mNotification Pruning[2m > [22m[2mshould prune old notifications when limit exceeded
[22m[39m[MultiUserNotification] Notification sent { userId: [32m'user-456'[39m, type: [32m'USER_JOINED'[39m, channel: [32m'IN_APP'[39m }

[90mstdout[2m | src/services/multiUser/notification.service.test.ts[2m > [22m[2mMultiUserNotificationService[2m > [22m[2mNotification Pruning[2m > [22m[2mshould prune old notifications when limit exceeded
[22m[39m[MultiUserNotification] Notification sent { userId: [32m'user-456'[39m, type: [32m'USER_JOINED'[39m, channel: [32m'IN_APP'[39m }

[90mstdout[2m | src/services/multiUser/notification.service.test.ts[2m > [22m[2mMultiUserNotificationService[2m > [22m[2mNotification Pruning[2m > [22m[2mshould prune old notifications when limit exceeded
[22m[39m[MultiUserNotification] Notification sent { userId: [32m'user-456'[39m, type: [32m'USER_JOINED'[39m, channel: [32m'IN_APP'[39m }

[90mstdout[2m | src/services/multiUser/notification.service.test.ts[2m > [22m[2mMultiUserNotificationService[2m > [22m[2mNotification Pruning[2m > [22m[2mshould prune old notifications when limit exceeded
[22m[39m[MultiUserNotification] Notification sent { userId: [32m'user-456'[39m, type: [32m'USER_JOINED'[39m, channel: [32m'IN_APP'[39m }

[90mstdout[2m | src/services/multiUser/notification.service.test.ts[2m > [22m[2mMultiUserNotificationService[2m > [22m[2mNotification Pruning[2m > [22m[2mshould prune old notifications when limit exceeded
[22m[39m[MultiUserNotification] Notification sent { userId: [32m'user-456'[39m, type: [32m'USER_JOINED'[39m, channel: [32m'IN_APP'[39m }

[90mstdout[2m | src/services/multiUser/notification.service.test.ts[2m > [22m[2mMultiUserNotificationService[2m > [22m[2mNotification Pruning[2m > [22m[2mshould prune old notifications when limit exceeded
[22m[39m[MultiUserNotification] Notification sent { userId: [32m'user-456'[39m, type: [32m'USER_JOINED'[39m, channel: [32m'IN_APP'[39m }

[90mstdout[2m | src/services/multiUser/notification.service.test.ts[2m > [22m[2mMultiUserNotificationService[2m > [22m[2mNotification Pruning[2m > [22m[2mshould prune old notifications when limit exceeded
[22m[39m[MultiUserNotification] Notification sent { userId: [32m'user-456'[39m, type: [32m'USER_JOINED'[39m, channel: [32m'IN_APP'[39m }

[90mstdout[2m | src/services/multiUser/notification.service.test.ts[2m > [22m[2mMultiUserNotificationService[2m > [22m[2mNotification Pruning[2m > [22m[2mshould prune old notifications when limit exceeded
[22m[39m[MultiUserNotification] Notification sent { userId: [32m'user-456'[39m, type: [32m'USER_JOINED'[39m, channel: [32m'IN_APP'[39m }

[90mstdout[2m | src/services/multiUser/notification.service.test.ts[2m > [22m[2mMultiUserNotificationService[2m > [22m[2mNotification Pruning[2m > [22m[2mshould prune old notifications when limit exceeded
[22m[39m[MultiUserNotification] Notification sent { userId: [32m'user-456'[39m, type: [32m'USER_JOINED'[39m, channel: [32m'IN_APP'[39m }

[90mstdout[2m | src/services/multiUser/notification.service.test.ts[2m > [22m[2mMultiUserNotificationService[2m > [22m[2mNotification Pruning[2m > [22m[2mshould prune old notifications when limit exceeded
[22m[39m[MultiUserNotification] Notification sent { userId: [32m'user-456'[39m, type: [32m'USER_JOINED'[39m, channel: [32m'IN_APP'[39m }

[90mstdout[2m | src/services/multiUser/notification.service.test.ts[2m > [22m[2mMultiUserNotificationService[2m > [22m[2mNotification Pruning[2m > [22m[2mshould prune old notifications when limit exceeded
[22m[39m[MultiUserNotification] Notification sent { userId: [32m'user-456'[39m, type: [32m'USER_JOINED'[39m, channel: [32m'IN_APP'[39m }

[90mstdout[2m | src/services/multiUser/notification.service.test.ts[2m > [22m[2mMultiUserNotificationService[2m > [22m[2mNotification Pruning[2m > [22m[2mshould prune old notifications when limit exceeded
[22m[39m[MultiUserNotification] Notification sent { userId: [32m'user-456'[39m, type: [32m'USER_JOINED'[39m, channel: [32m'IN_APP'[39m }

[90mstdout[2m | src/services/multiUser/notification.service.test.ts[2m > [22m[2mMultiUserNotificationService[2m > [22m[2mNotification Pruning[2m > [22m[2mshould prune old notifications when limit exceeded
[22m[39m[MultiUserNotification] Notification sent { userId: [32m'user-456'[39m, type: [32m'USER_JOINED'[39m, channel: [32m'IN_APP'[39m }

[90mstdout[2m | src/services/multiUser/notification.service.test.ts[2m > [22m[2mMultiUserNotificationService[2m > [22m[2mNotification Pruning[2m > [22m[2mshould prune old notifications when limit exceeded
[22m[39m[MultiUserNotification] Notification sent { userId: [32m'user-456'[39m, type: [32m'USER_JOINED'[39m, channel: [32m'IN_APP'[39m }

[90mstdout[2m | src/services/multiUser/notification.service.test.ts[2m > [22m[2mMultiUserNotificationService[2m > [22m[2mNotification Pruning[2m > [22m[2mshould prune old notifications when limit exceeded
[22m[39m[MultiUserNotification] Notification sent { userId: [32m'user-456'[39m, type: [32m'USER_JOINED'[39m, channel: [32m'IN_APP'[39m }

[90mstdout[2m | src/services/multiUser/notification.service.test.ts[2m > [22m[2mMultiUserNotificationService[2m > [22m[2mNotification Pruning[2m > [22m[2mshould prune old notifications when limit exceeded
[22m[39m[MultiUserNotification] Notification sent { userId: [32m'user-456'[39m, type: [32m'USER_JOINED'[39m, channel: [32m'IN_APP'[39m }

[90mstdout[2m | src/services/multiUser/notification.service.test.ts[2m > [22m[2mMultiUserNotificationService[2m > [22m[2mDISC Message Quality[2m > [22m[2mshould have different messages for each DISC type
[22m[39m[MultiUserNotification] Notification sent { userId: [32m'user-D'[39m, type: [32m'KEY_ROTATION_STARTED'[39m, channel: [32m'IN_APP'[39m }

[90mstdout[2m | src/services/multiUser/notification.service.test.ts[2m > [22m[2mMultiUserNotificationService[2m > [22m[2mDISC Message Quality[2m > [22m[2mshould have different messages for each DISC type
[22m[39m[MultiUserNotification] Notification sent { userId: [32m'user-I'[39m, type: [32m'KEY_ROTATION_STARTED'[39m, channel: [32m'IN_APP'[39m }

[90mstdout[2m | src/services/multiUser/notification.service.test.ts[2m > [22m[2mMultiUserNotificationService[2m > [22m[2mDISC Message Quality[2m > [22m[2mshould have different messages for each DISC type
[22m[39m[MultiUserNotification] Notification sent { userId: [32m'user-S'[39m, type: [32m'KEY_ROTATION_STARTED'[39m, channel: [32m'IN_APP'[39m }

[90mstdout[2m | src/services/multiUser/notification.service.test.ts[2m > [22m[2mMultiUserNotificationService[2m > [22m[2mDISC Message Quality[2m > [22m[2mshould have different messages for each DISC type
[22m[39m[MultiUserNotification] Notification sent { userId: [32m'user-C'[39m, type: [32m'KEY_ROTATION_STARTED'[39m, channel: [32m'IN_APP'[39m }

 [32m✓[39m src/services/multiUser/notification.service.test.ts [2m([22m[2m41 tests[22m[2m)[22m[32m 198[2mms[22m[39m
[90mstderr[2m | src/crypto/encryption.test.ts[2m > [22m[2mEncryption Module[2m > [22m[2mdecrypt[2m > [22m[2mshould fail with tampered ciphertext
[22m[39m[Security] [ERR_CRYPTO_001] crypto.decrypt: The operation failed for an operation-specific reason {
  name: [32m'OperationError'[39m,
  message: [32m'The operation failed for an operation-specific reason'[39m,
  stack: [32m'OperationError: The operation failed for an operation-specific reason\n'[39m +
    [32m'    at AESCipherJob.onDone (node:internal/crypto/util:646:19)'[39m,
  context: [32m'crypto.decrypt'[39m
}

[90mstderr[2m | src/crypto/encryption.test.ts[2m > [22m[2mEncryption Module[2m > [22m[2mdecrypt[2m > [22m[2mshould fail with tampered auth tag
[22m[39m[Security] [ERR_CRYPTO_001] crypto.decrypt: The operation failed for an operation-specific reason {
  name: [32m'OperationError'[39m,
  message: [32m'The operation failed for an operation-specific reason'[39m,
  stack: [32m'OperationError: The operation failed for an operation-specific reason\n'[39m +
    [32m'    at AESCipherJob.onDone (node:internal/crypto/util:646:19)'[39m,
  context: [32m'crypto.decrypt'[39m
}

[90mstderr[2m | src/crypto/encryption.test.ts[2m > [22m[2mEncryption Module[2m > [22m[2mverifyIntegrity[2m > [22m[2mshould detect tampered data
[22m[39m[Security] [ERR_CRYPTO_001] crypto.decrypt: The operation failed for an operation-specific reason {
  name: [32m'OperationError'[39m,
  message: [32m'The operation failed for an operation-specific reason'[39m,
  stack: [32m'OperationError: The operation failed for an operation-specific reason\n'[39m +
    [32m'    at AESCipherJob.onDone (node:internal/crypto/util:646:19)'[39m,
  context: [32m'crypto.decrypt'[39m
}

 [32m✓[39m src/crypto/encryption.test.ts [2m([22m[2m32 tests[22m[2m)[22m[32m 144[2mms[22m[39m
 [32m✓[39m relay/src/__tests__/relay.test.ts [2m([22m[2m16 tests[22m[2m)[22m[32m 115[2mms[22m[39m
 [32m✓[39m src/__tests__/utils/errorSanitizer.test.ts [2m([22m[2m49 tests[22m[2m)[22m[32m 90[2mms[22m[39m
 [32m✓[39m src/services/reports/profitLoss.test.ts [2m([22m[2m23 tests[22m[2m)[22m[32m 122[2mms[22m[39m
 [32m✓[39m src/utils/metricsCalculation.test.ts [2m([22m[2m35 tests[22m[2m)[22m[32m 109[2mms[22m[39m
 [32m✓[39m src/data/industryTemplates.test.ts [2m([22m[2m21 tests[22m[2m)[22m[32m 108[2mms[22m[39m
 [32m✓[39m src/services/email/followUpTemplates.service.test.ts [2m([22m[2m33 tests[22m[2m)[22m[32m 128[2mms[22m[39m
 [32m✓[39m src/hooks/useDashboardMetrics.test.ts [2m([22m[2m8 tests[22m[2m)[22m[32m 98[2mms[22m[39m
[90mstdout[2m | src/services/multiUser/audit.service.test.ts[2m > [22m[2mMultiUserAuditService[2m > [22m[2mlogEvent[2m > [22m[2mshould log audit event successfully
[22m[39m[MultiUserAudit] Audit event logged {
  eventType: [32m'USER_INVITED'[39m,
  severity: [32m'INFO'[39m,
  actorUserId: [32m'admin-789'[39m
}

[90mstderr[2m | src/services/multiUser/audit.service.test.ts[2m > [22m[2mMultiUserAuditService[2m > [22m[2mlogEvent[2m > [22m[2mshould handle logging errors gracefully
[22m[39m[MultiUserAudit] Failed to log audit event {
  eventType: [32m'USER_INVITED'[39m,
  error: Error: Database error
      at C:/Users/Admin/graceful_books/src/services/multiUser/audit.service.test.ts:72:51
      at [90mfile:///C:/Users/Admin/graceful_books/[39mnode_modules/[4m@vitest/runner[24m/dist/index.js:145:11
      at [90mfile:///C:/Users/Admin/graceful_books/[39mnode_modules/[4m@vitest/runner[24m/dist/index.js:915:26
      at [90mfile:///C:/Users/Admin/graceful_books/[39mnode_modules/[4m@vitest/runner[24m/dist/index.js:1243:20
      at new Promise (<anonymous>)
      at runWithTimeout [90m(file:///C:/Users/Admin/graceful_books/[39mnode_modules/[4m@vitest/runner[24m/dist/index.js:1209:10[90m)[39m
      at [90mfile:///C:/Users/Admin/graceful_books/[39mnode_modules/[4m@vitest/runner[24m/dist/index.js:1653:37
      at Traces.$ [90m(file:///C:/Users/Admin/graceful_books/[39mnode_modules/[4mvitest[24m/dist/chunks/traces.CCmnQaNT.js:142:27[90m)[39m
      at trace [90m(file:///C:/Users/Admin/graceful_books/[39mnode_modules/[4mvitest[24m/dist/chunks/test.B8ej_ZHS.js:239:21[90m)[39m
      at runTest [90m(file:///C:/Users/Admin/graceful_books/[39mnode_modules/[4m@vitest/runner[24m/dist/index.js:1653:12[90m)[39m
}

[90mstdout[2m | src/services/multiUser/audit.service.test.ts[2m > [22m[2mMultiUserAuditService[2m > [22m[2mlogEvent[2m > [22m[2mshould include IP address and device info
[22m[39m[MultiUserAudit] Audit event logged {
  eventType: [32m'LOGIN_SUCCESS'[39m,
  severity: [32m'INFO'[39m,
  actorUserId: [32m'user-456'[39m
}

[90mstdout[2m | src/services/multiUser/audit.service.test.ts[2m > [22m[2mMultiUserAuditService[2m > [22m[2mEvent-Specific Logging[2m > [22m[2mshould log user invitation
[22m[39m[MultiUserAudit] Audit event logged {
  eventType: [32m'USER_INVITED'[39m,
  severity: [32m'INFO'[39m,
  actorUserId: [32m'admin-789'[39m
}

[90mstdout[2m | src/services/multiUser/audit.service.test.ts[2m > [22m[2mMultiUserAuditService[2m > [22m[2mEvent-Specific Logging[2m > [22m[2mshould log user joined
[22m[39m[MultiUserAudit] Audit event logged { eventType: [32m'USER_JOINED'[39m, severity: [32m'INFO'[39m, actorUserId: [32m'user-456'[39m }

[90mstdout[2m | src/services/multiUser/audit.service.test.ts[2m > [22m[2mMultiUserAuditService[2m > [22m[2mEvent-Specific Logging[2m > [22m[2mshould log role change
[22m[39m[MultiUserAudit] Audit event logged {
  eventType: [32m'USER_ROLE_CHANGED'[39m,
  severity: [32m'WARNING'[39m,
  actorUserId: [32m'admin-789'[39m
}

[90mstdout[2m | src/services/multiUser/audit.service.test.ts[2m > [22m[2mMultiUserAuditService[2m > [22m[2mEvent-Specific Logging[2m > [22m[2mshould log permissions change
[22m[39m[MultiUserAudit] Audit event logged {
  eventType: [32m'USER_PERMISSIONS_CHANGED'[39m,
  severity: [32m'WARNING'[39m,
  actorUserId: [32m'admin-789'[39m
}

[90mstdout[2m | src/services/multiUser/audit.service.test.ts[2m > [22m[2mMultiUserAuditService[2m > [22m[2mEvent-Specific Logging[2m > [22m[2mshould log user deactivation
[22m[39m[MultiUserAudit] Audit event logged {
  eventType: [32m'USER_DEACTIVATED'[39m,
  severity: [32m'WARNING'[39m,
  actorUserId: [32m'admin-789'[39m
}

[90mstdout[2m | src/services/multiUser/audit.service.test.ts[2m > [22m[2mMultiUserAuditService[2m > [22m[2mEvent-Specific Logging[2m > [22m[2mshould log access revocation
[22m[39m[MultiUserAudit] Audit event logged {
  eventType: [32m'ACCESS_REVOKED'[39m,
  severity: [32m'CRITICAL'[39m,
  actorUserId: [32m'admin-789'[39m
}

[90mstdout[2m | src/services/multiUser/audit.service.test.ts[2m > [22m[2mMultiUserAuditService[2m > [22m[2mEvent-Specific Logging[2m > [22m[2mshould log key rotation initiated
[22m[39m[MultiUserAudit] Audit event logged {
  eventType: [32m'KEY_ROTATION_INITIATED'[39m,
  severity: [32m'WARNING'[39m,
  actorUserId: [32m'admin-789'[39m
}

[90mstdout[2m | src/services/multiUser/audit.service.test.ts[2m > [22m[2mMultiUserAuditService[2m > [22m[2mEvent-Specific Logging[2m > [22m[2mshould log key rotation completed
[22m[39m[MultiUserAudit] Audit event logged {
  eventType: [32m'KEY_ROTATION_COMPLETED'[39m,
  severity: [32m'INFO'[39m,
  actorUserId: [90mundefined[39m
}

[90mstdout[2m | src/services/multiUser/audit.service.test.ts[2m > [22m[2mMultiUserAuditService[2m > [22m[2mEvent-Specific Logging[2m > [22m[2mshould log key rotation failed
[22m[39m[MultiUserAudit] Audit event logged {
  eventType: [32m'KEY_ROTATION_FAILED'[39m,
  severity: [32m'ERROR'[39m,
  actorUserId: [90mundefined[39m
}

[90mstdout[2m | src/services/multiUser/audit.service.test.ts[2m > [22m[2mMultiUserAuditService[2m > [22m[2mEvent-Specific Logging[2m > [22m[2mshould log session created
[22m[39m[MultiUserAudit] Audit event logged {
  eventType: [32m'SESSION_CREATED'[39m,
  severity: [32m'INFO'[39m,
  actorUserId: [32m'user-456'[39m
}

[90mstdout[2m | src/services/multiUser/audit.service.test.ts[2m > [22m[2mMultiUserAuditService[2m > [22m[2mEvent-Specific Logging[2m > [22m[2mshould log session invalidated
[22m[39m[MultiUserAudit] Audit event logged {
  eventType: [32m'SESSION_INVALIDATED'[39m,
  severity: [32m'WARNING'[39m,
  actorUserId: [32m'user-456'[39m
}

[90mstdout[2m | src/services/multiUser/audit.service.test.ts[2m > [22m[2mMultiUserAuditService[2m > [22m[2mEvent-Specific Logging[2m > [22m[2mshould log successful login
[22m[39m[MultiUserAudit] Audit event logged {
  eventType: [32m'LOGIN_SUCCESS'[39m,
  severity: [32m'INFO'[39m,
  actorUserId: [32m'user-456'[39m
}

[90mstdout[2m | src/services/multiUser/audit.service.test.ts[2m > [22m[2mMultiUserAuditService[2m > [22m[2mEvent-Specific Logging[2m > [22m[2mshould log failed login
[22m[39m[MultiUserAudit] Audit event logged {
  eventType: [32m'LOGIN_FAILED'[39m,
  severity: [32m'WARNING'[39m,
  actorUserId: [90mundefined[39m
}

[90mstdout[2m | src/services/multiUser/audit.service.test.ts[2m > [22m[2mMultiUserAuditService[2m > [22m[2mEvent-Specific Logging[2m > [22m[2mshould log data export
[22m[39m[MultiUserAudit] Audit event logged {
  eventType: [32m'DATA_EXPORTED'[39m,
  severity: [32m'WARNING'[39m,
  actorUserId: [32m'user-456'[39m
}

[90mstderr[2m | src/services/multiUser/audit.service.test.ts[2m > [22m[2mMultiUserAuditService[2m > [22m[2mqueryLogs[2m > [22m[2mshould handle query errors gracefully
[22m[39m[MultiUserAudit] Failed to query audit logs {
  filters: { companyId: [32m'company-123'[39m },
  error: Error: Database error
      at Object.<anonymous> (C:/Users/Admin/graceful_books/src/services/multiUser/audit.service.test.ts:462:15)
      at Object.Mock [as orderBy] [90m(file:///C:/Users/Admin/graceful_books/[39mnode_modules/[4m@vitest/spy[24m/dist/index.js:285:34[90m)[39m
      at MultiUserAuditService.queryLogs (C:/Users/Admin/graceful_books/src/services/multiUser/audit.service.ts:529:37)
      at C:/Users/Admin/graceful_books/src/services/multiUser/audit.service.test.ts:465:36
      at [90mfile:///C:/Users/Admin/graceful_books/[39mnode_modules/[4m@vitest/runner[24m/dist/index.js:145:11
      at [90mfile:///C:/Users/Admin/graceful_books/[39mnode_modules/[4m@vitest/runner[24m/dist/index.js:915:26
      at [90mfile:///C:/Users/Admin/graceful_books/[39mnode_modules/[4m@vitest/runner[24m/dist/index.js:1243:20
      at new Promise (<anonymous>)
      at runWithTimeout [90m(file:///C:/Users/Admin/graceful_books/[39mnode_modules/[4m@vitest/runner[24m/dist/index.js:1209:10[90m)[39m
      at [90mfile:///C:/Users/Admin/graceful_books/[39mnode_modules/[4m@vitest/runner[24m/dist/index.js:1653:37
}

[90mstdout[2m | src/services/multiUser/audit.service.test.ts[2m > [22m[2mMultiUserAuditService[2m > [22m[2mcleanupOldLogs[2m > [22m[2mshould mark old logs as deleted
[22m[39m[MultiUserAudit] Cleaned up old audit logs { count: [33m1[39m, cutoffDate: [33m1548039369461[39m }

[90mstderr[2m | src/services/multiUser/audit.service.test.ts[2m > [22m[2mMultiUserAuditService[2m > [22m[2mcleanupOldLogs[2m > [22m[2mshould handle cleanup errors gracefully
[22m[39m[MultiUserAudit] Failed to clean up old audit logs {
  error: Error: Database error
      at Object.<anonymous> (C:/Users/Admin/graceful_books/src/services/multiUser/audit.service.test.ts:608:15)
      at Object.Mock [as where] [90m(file:///C:/Users/Admin/graceful_books/[39mnode_modules/[4m@vitest/spy[24m/dist/index.js:285:34[90m)[39m
      at MultiUserAuditService.cleanupOldLogs (C:/Users/Admin/graceful_books/src/services/multiUser/audit.service.ts:699:10)
      at C:/Users/Admin/graceful_books/src/services/multiUser/audit.service.test.ts:611:35
      at [90mfile:///C:/Users/Admin/graceful_books/[39mnode_modules/[4m@vitest/runner[24m/dist/index.js:145:11
      at [90mfile:///C:/Users/Admin/graceful_books/[39mnode_modules/[4m@vitest/runner[24m/dist/index.js:915:26
      at [90mfile:///C:/Users/Admin/graceful_books/[39mnode_modules/[4m@vitest/runner[24m/dist/index.js:1243:20
      at new Promise (<anonymous>)
      at runWithTimeout [90m(file:///C:/Users/Admin/graceful_books/[39mnode_modules/[4m@vitest/runner[24m/dist/index.js:1209:10[90m)[39m
      at [90mfile:///C:/Users/Admin/graceful_books/[39mnode_modules/[4m@vitest/runner[24m/dist/index.js:1653:37
}

[90mstdout[2m | src/services/multiUser/audit.service.test.ts[2m > [22m[2mMultiUserAuditService[2m > [22m[2mexportForCompliance[2m > [22m[2mshould export logs as CSV
[22m[39m[MultiUserAudit] Audit event logged {
  eventType: [32m'DATA_EXPORTED'[39m,
  severity: [32m'WARNING'[39m,
  actorUserId: [32m'SYSTEM'[39m
}

[90mstderr[2m | src/services/multiUser/audit.service.test.ts[2m > [22m[2mMultiUserAuditService[2m > [22m[2mexportForCompliance[2m > [22m[2mshould handle export errors gracefully
[22m[39m[MultiUserAudit] Failed to export audit logs {
  companyId: [32m'company-123'[39m,
  error: Error: Database error
      at Object.<anonymous> (C:/Users/Admin/graceful_books/src/services/multiUser/audit.service.test.ts:661:15)
      at Object.Mock [as where] [90m(file:///C:/Users/Admin/graceful_books/[39mnode_modules/[4m@vitest/spy[24m/dist/index.js:285:34[90m)[39m
      at MultiUserAuditService.exportForCompliance (C:/Users/Admin/graceful_books/src/services/multiUser/audit.service.ts:736:10)
      at C:/Users/Admin/graceful_books/src/services/multiUser/audit.service.test.ts:664:33
      at [90mfile:///C:/Users/Admin/graceful_books/[39mnode_modules/[4m@vitest/runner[24m/dist/index.js:145:11
      at [90mfile:///C:/Users/Admin/graceful_books/[39mnode_modules/[4m@vitest/runner[24m/dist/index.js:915:26
      at [90mfile:///C:/Users/Admin/graceful_books/[39mnode_modules/[4m@vitest/runner[24m/dist/index.js:1243:20
      at new Promise (<anonymous>)
      at runWithTimeout [90m(file:///C:/Users/Admin/graceful_books/[39mnode_modules/[4m@vitest/runner[24m/dist/index.js:1209:10[90m)[39m
      at [90mfile:///C:/Users/Admin/graceful_books/[39mnode_modules/[4m@vitest/runner[24m/dist/index.js:1653:37
}

 [32m✓[39m src/services/multiUser/audit.service.test.ts [2m([22m[2m31 tests[22m[2m)[22m[32m 112[2mms[22m[39m
 [32m✓[39m src/services/consolidatedInvoiceService.test.ts [2m([22m[2m20 tests[22m[2m)[22m[32m 113[2mms[22m[39m
 [32m✓[39m src/services/recurringInvoiceService.test.ts [2m([22m[2m34 tests[22m[2m)[22m[32m 91[2mms[22m[39m
 [32m✓[39m src/services/journalEntries.service.test.ts [2m([22m[2m20 tests[22m[2m)[22m[32m 90[2mms[22m[39m
 [32m✓[39m src/services/hierarchyService.test.ts [2m([22m[2m50 tests[22m[2m)[22m[32m 94[2mms[22m[39m
 [32m✓[39m src/utils/secureStorage.test.ts [2m([22m[2m41 tests[22m[2m)[22m[32m 92[2mms[22m[39m
[90mstdout[2m | src/utils/parsers/matchingAlgorithm.test.ts[2m > [22m[2mTransaction Matching Algorithm[2m > [22m[2mmatchTransactions[2m > [22m[2mshould match transactions with exact date and amount
[22m[39mAuto-matching completed {
  statementCount: [33m1[39m,
  systemCount: [33m1[39m,
  matchedCount: [33m1[39m,
  matchRate: [32m'100.0%'[39m
}

[90mstdout[2m | src/utils/parsers/matchingAlgorithm.test.ts[2m > [22m[2mTransaction Matching Algorithm[2m > [22m[2mmatchTransactions[2m > [22m[2mshould not match transactions with different amounts
[22m[39mAuto-matching completed {
  statementCount: [33m1[39m,
  systemCount: [33m1[39m,
  matchedCount: [33m0[39m,
  matchRate: [32m'0.0%'[39m
}

[90mstdout[2m | src/utils/parsers/matchingAlgorithm.test.ts[2m > [22m[2mTransaction Matching Algorithm[2m > [22m[2mmatchTransactions[2m > [22m[2mshould match transactions with dates within tolerance
[22m[39mAuto-matching completed {
  statementCount: [33m1[39m,
  systemCount: [33m1[39m,
  matchedCount: [33m1[39m,
  matchRate: [32m'100.0%'[39m
}

[90mstdout[2m | src/utils/parsers/matchingAlgorithm.test.ts[2m > [22m[2mTransaction Matching Algorithm[2m > [22m[2mmatchTransactions[2m > [22m[2mshould skip already reconciled transactions
[22m[39mAuto-matching completed {
  statementCount: [33m1[39m,
  systemCount: [33m1[39m,
  matchedCount: [33m0[39m,
  matchRate: [32m'0.0%'[39m
}

[90mstdout[2m | src/utils/parsers/matchingAlgorithm.test.ts[2m > [22m[2mTransaction Matching Algorithm[2m > [22m[2mmatchTransactions[2m > [22m[2mshould handle multiple potential matches and select best
[22m[39mAuto-matching completed {
  statementCount: [33m1[39m,
  systemCount: [33m2[39m,
  matchedCount: [33m1[39m,
  matchRate: [32m'100.0%'[39m
}

[90mstdout[2m | src/utils/parsers/matchingAlgorithm.test.ts[2m > [22m[2mTransaction Matching Algorithm[2m > [22m[2mmatchTransactions[2m > [22m[2mshould handle large numbers of transactions efficiently
[22m[39mAuto-matching completed {
  statementCount: [33m500[39m,
  systemCount: [33m500[39m,
  matchedCount: [33m500[39m,
  matchRate: [32m'100.0%'[39m
}

 [32m✓[39m src/utils/parsers/matchingAlgorithm.test.ts [2m([22m[2m8 tests[22m[2m)[22m[32m 109[2mms[22m[39m
 [32m✓[39m src/store/users.test.ts [2m([22m[2m34 tests[22m[2m)[22m[32m 82[2mms[22m[39m
 [32m✓[39m scripts/benchmark-build.test.js [2m([22m[2m9 tests[22m[2m)[22m[32m 73[2mms[22m[39m
 [32m✓[39m src/crypto/passphraseValidation.test.ts [2m([22m[2m69 tests[22m[2m)[22m[32m 66[2mms[22m[39m
[90mstderr[2m | src/__tests__/api/cspReportHandler.test.ts[2m > [22m[2mCSP Report Handler[2m > [22m[2mcspReportRateLimiter[2m > [22m[2mshould track different sources independently
[22m[39m[CSP Report Rate Limit] Exceeded for source: source-a

[90mstderr[2m | src/__tests__/api/cspReportHandler.test.ts[2m > [22m[2mCSP Report Handler[2m > [22m[2mcspReportRateLimiter[2m > [22m[2mshould reset state correctly
[22m[39m[CSP Report Rate Limit] Exceeded for source: reset-test

[90mstderr[2m | src/__tests__/api/cspReportHandler.test.ts[2m > [22m[2mCSP Report Handler[2m > [22m[2mhandleCSPReport[2m > [22m[2mshould process valid legacy reports
[22m[39m[CSP Violation] {
  directive: [32m'script-src'[39m,
  blockedDomain: [32m'evil.com'[39m,
  resourceType: [32m'script'[39m,
  disposition: [32m'enforce'[39m
}

[90mstderr[2m | src/__tests__/api/cspReportHandler.test.ts[2m > [22m[2mCSP Report Handler[2m > [22m[2mhandleCSPReport[2m > [22m[2mshould process valid Reporting API reports
[22m[39m[CSP Violation] {
  directive: [32m'script-src'[39m,
  blockedDomain: [32m'evil.com'[39m,
  resourceType: [32m'script'[39m,
  disposition: [32m'enforce'[39m
}

[90mstderr[2m | src/__tests__/api/cspReportHandler.test.ts[2m > [22m[2mCSP Report Handler[2m > [22m[2mhandleCSPReport[2m > [22m[2mshould return null when rate limited
[22m[39m[CSP Violation] {
  directive: [32m'script-src'[39m,
  blockedDomain: [32m'evil.com'[39m,
  resourceType: [32m'script'[39m,
  disposition: [32m'enforce'[39m
}
[CSP Violation] {
  directive: [32m'script-src'[39m,
  blockedDomain: [32m'evil.com'[39m,
  resourceType: [32m'script'[39m,
  disposition: [32m'enforce'[39m
}
[CSP Violation] {
  directive: [32m'script-src'[39m,
  blockedDomain: [32m'evil.com'[39m,
  resourceType: [32m'script'[39m,
  disposition: [32m'enforce'[39m
}
[CSP Violation] {
  directive: [32m'script-src'[39m,
  blockedDomain: [32m'evil.com'[39m,
  resourceType: [32m'script'[39m,
  disposition: [32m'enforce'[39m
}
[CSP Violation] {
  directive: [32m'script-src'[39m,
  blockedDomain: [32m'evil.com'[39m,
  resourceType: [32m'script'[39m,
  disposition: [32m'enforce'[39m
}
[CSP Violation] {
  directive: [32m'script-src'[39m,
  blockedDomain: [32m'evil.com'[39m,
  resourceType: [32m'script'[39m,
  disposition: [32m'enforce'[39m
}
[CSP Violation] {
  directive: [32m'script-src'[39m,
  blockedDomain: [32m'evil.com'[39m,
  resourceType: [32m'script'[39m,
  disposition: [32m'enforce'[39m
}
[CSP Violation] {
  directive: [32m'script-src'[39m,
  blockedDomain: [32m'evil.com'[39m,
  resourceType: [32m'script'[39m,
  disposition: [32m'enforce'[39m
}
[CSP Violation] {
  directive: [32m'script-src'[39m,
  blockedDomain: [32m'evil.com'[39m,
  resourceType: [32m'script'[39m,
  disposition: [32m'enforce'[39m
}
[CSP Violation] {
  directive: [32m'script-src'[39m,
  blockedDomain: [32m'evil.com'[39m,
  resourceType: [32m'script'[39m,
  disposition: [32m'enforce'[39m
}
[CSP Violation] {
  directive: [32m'script-src'[39m,
  blockedDomain: [32m'evil.com'[39m,
  resourceType: [32m'script'[39m,
  disposition: [32m'enforce'[39m
}
[CSP Violation] {
  directive: [32m'script-src'[39m,
  blockedDomain: [32m'evil.com'[39m,
  resourceType: [32m'script'[39m,
  disposition: [32m'enforce'[39m
}
[CSP Violation] {
  directive: [32m'script-src'[39m,
  blockedDomain: [32m'evil.com'[39m,
  resourceType: [32m'script'[39m,
  disposition: [32m'enforce'[39m
}
[CSP Violation] {
  directive: [32m'script-src'[39m,
  blockedDomain: [32m'evil.com'[39m,
  resourceType: [32m'script'[39m,
  disposition: [32m'enforce'[39m
}
[CSP Violation] {
  directive: [32m'script-src'[39m,
  blockedDomain: [32m'evil.com'[39m,
  resourceType: [32m'script'[39m,
  disposition: [32m'enforce'[39m
}
[CSP Violation] {
  directive: [32m'script-src'[39m,
  blockedDomain: [32m'evil.com'[39m,
  resourceType: [32m'script'[39m,
  disposition: [32m'enforce'[39m
}
[CSP Violation] {
  directive: [32m'script-src'[39m,
  blockedDomain: [32m'evil.com'[39m,
  resourceType: [32m'script'[39m,
  disposition: [32m'enforce'[39m
}
[CSP Violation] {
  directive: [32m'script-src'[39m,
  blockedDomain: [32m'evil.com'[39m,
  resourceType: [32m'script'[39m,
  disposition: [32m'enforce'[39m
}
[CSP Violation] {
  directive: [32m'script-src'[39m,
  blockedDomain: [32m'evil.com'[39m,
  resourceType: [32m'script'[39m,
  disposition: [32m'enforce'[39m
}
[CSP Violation] {
  directive: [32m'script-src'[39m,
  blockedDomain: [32m'evil.com'[39m,
  resourceType: [32m'script'[39m,
  disposition: [32m'enforce'[39m
}
[CSP Violation] {
  directive: [32m'script-src'[39m,
  blockedDomain: [32m'evil.com'[39m,
  resourceType: [32m'script'[39m,
  disposition: [32m'enforce'[39m
}
[CSP Violation] {
  directive: [32m'script-src'[39m,
  blockedDomain: [32m'evil.com'[39m,
  resourceType: [32m'script'[39m,
  disposition: [32m'enforce'[39m
}
[CSP Violation] {
  directive: [32m'script-src'[39m,
  blockedDomain: [32m'evil.com'[39m,
  resourceType: [32m'script'[39m,
  disposition: [32m'enforce'[39m
}
[CSP Violation] {
  directive: [32m'script-src'[39m,
  blockedDomain: [32m'evil.com'[39m,
  resourceType: [32m'script'[39m,
  disposition: [32m'enforce'[39m
}
[CSP Violation] {
  directive: [32m'script-src'[39m,
  blockedDomain: [32m'evil.com'[39m,
  resourceType: [32m'script'[39m,
  disposition: [32m'enforce'[39m
}
[CSP Violation] {
  directive: [32m'script-src'[39m,
  blockedDomain: [32m'evil.com'[39m,
  resourceType: [32m'script'[39m,
  disposition: [32m'enforce'[39m
}
[CSP Violation] {
  directive: [32m'script-src'[39m,
  blockedDomain: [32m'evil.com'[39m,
  resourceType: [32m'script'[39m,
  disposition: [32m'enforce'[39m
}
[CSP Violation] {
  directive: [32m'script-src'[39m,
  blockedDomain: [32m'evil.com'[39m,
  resourceType: [32m'script'[39m,
  disposition: [32m'enforce'[39m
}
[CSP Violation] {
  directive: [32m'script-src'[39m,
  blockedDomain: [32m'evil.com'[39m,
  resourceType: [32m'script'[39m,
  disposition: [32m'enforce'[39m
}
[CSP Violation] {
  directive: [32m'script-src'[39m,
  blockedDomain: [32m'evil.com'[39m,
  resourceType: [32m'script'[39m,
  disposition: [32m'enforce'[39m
}
[CSP Violation] {
  directive: [32m'script-src'[39m,
  blockedDomain: [32m'evil.com'[39m,
  resourceType: [32m'script'[39m,
  disposition: [32m'enforce'[39m
}
[CSP Violation] {
  directive: [32m'script-src'[39m,
  blockedDomain: [32m'evil.com'[39m,
  resourceType: [32m'script'[39m,
  disposition: [32m'enforce'[39m
}
[CSP Violation] {
  directive: [32m'script-src'[39m,
  blockedDomain: [32m'evil.com'[39m,
  resourceType: [32m'script'[39m,
  disposition: [32m'enforce'[39m
}
[CSP Violation] {
  directive: [32m'script-src'[39m,
  blockedDomain: [32m'evil.com'[39m,
  resourceType: [32m'script'[39m,
  disposition: [32m'enforce'[39m
}
[CSP Violation] {
  directive: [32m'script-src'[39m,
  blockedDomain: [32m'evil.com'[39m,
  resourceType: [32m'script'[39m,
  disposition: [32m'enforce'[39m
}
[CSP Violation] {
  directive: [32m'script-src'[39m,
  blockedDomain: [32m'evil.com'[39m,
  resourceType: [32m'script'[39m,
  disposition: [32m'enforce'[39m
}
[CSP Violation] {
  directive: [32m'script-src'[39m,
  blockedDomain: [32m'evil.com'[39m,
  resourceType: [32m'script'[39m,
  disposition: [32m'enforce'[39m
}
[CSP Violation] {
  directive: [32m'script-src'[39m,
  blockedDomain: [32m'evil.com'[39m,
  resourceType: [32m'script'[39m,
  disposition: [32m'enforce'[39m
}
[CSP Violation] {
  directive: [32m'script-src'[39m,
  blockedDomain: [32m'evil.com'[39m,
  resourceType: [32m'script'[39m,
  disposition: [32m'enforce'[39m
}
[CSP Violation] {
  directive: [32m'script-src'[39m,
  blockedDomain: [32m'evil.com'[39m,
  resourceType: [32m'script'[39m,
  disposition: [32m'enforce'[39m
}
[CSP Violation] {
  directive: [32m'script-src'[39m,
  blockedDomain: [32m'evil.com'[39m,
  resourceType: [32m'script'[39m,
  disposition: [32m'enforce'[39m
}
[CSP Violation] {
  directive: [32m'script-src'[39m,
  blockedDomain: [32m'evil.com'[39m,
  resourceType: [32m'script'[39m,
  disposition: [32m'enforce'[39m
}
[CSP Violation] {
  directive: [32m'script-src'[39m,
  blockedDomain: [32m'evil.com'[39m,
  resourceType: [32m'script'[39m,
  disposition: [32m'enforce'[39m
}
[CSP Violation] {
  directive: [32m'script-src'[39m,
  blockedDomain: [32m'evil.com'[39m,
  resourceType: [32m'script'[39m,
  disposition: [32m'enforce'[39m
}
[CSP Violation] {
  directive: [32m'script-src'[39m,
  blockedDomain: [32m'evil.com'[39m,
  resourceType: [32m'script'[39m,
  disposition: [32m'enforce'[39m
}
[CSP Violation] {
  directive: [32m'script-src'[39m,
  blockedDomain: [32m'evil.com'[39m,
  resourceType: [32m'script'[39m,
  disposition: [32m'enforce'[39m
}
[CSP Violation] {
  directive: [32m'script-src'[39m,
  blockedDomain: [32m'evil.com'[39m,
  resourceType: [32m'script'[39m,
  disposition: [32m'enforce'[39m
}
[CSP Violation] {
  directive: [32m'script-src'[39m,
  blockedDomain: [32m'evil.com'[39m,
  resourceType: [32m'script'[39m,
  disposition: [32m'enforce'[39m
}
[CSP Violation] {
  directive: [32m'script-src'[39m,
  blockedDomain: [32m'evil.com'[39m,
  resourceType: [32m'script'[39m,
  disposition: [32m'enforce'[39m
}
[CSP Violation] {
  directive: [32m'script-src'[39m,
  blockedDomain: [32m'evil.com'[39m,
  resourceType: [32m'script'[39m,
  disposition: [32m'enforce'[39m
}
[CSP Violation] {
  directive: [32m'script-src'[39m,
  blockedDomain: [32m'evil.com'[39m,
  resourceType: [32m'script'[39m,
  disposition: [32m'enforce'[39m
}
[CSP Violation] {
  directive: [32m'script-src'[39m,
  blockedDomain: [32m'evil.com'[39m,
  resourceType: [32m'script'[39m,
  disposition: [32m'enforce'[39m
}
[CSP Violation] {
  directive: [32m'script-src'[39m,
  blockedDomain: [32m'evil.com'[39m,
  resourceType: [32m'script'[39m,
  disposition: [32m'enforce'[39m
}
[CSP Violation] {
  directive: [32m'script-src'[39m,
  blockedDomain: [32m'evil.com'[39m,
  resourceType: [32m'script'[39m,
  disposition: [32m'enforce'[39m
}
[CSP Violation] {
  directive: [32m'script-src'[39m,
  blockedDomain: [32m'evil.com'[39m,
  resourceType: [32m'script'[39m,
  disposition: [32m'enforce'[39m
}
[CSP Violation] {
  directive: [32m'script-src'[39m,
  blockedDomain: [32m'evil.com'[39m,
  resourceType: [32m'script'[39m,
  disposition: [32m'enforce'[39m
}
[CSP Violation] {
  directive: [32m'script-src'[39m,
  blockedDomain: [32m'evil.com'[39m,
  resourceType: [32m'script'[39m,
  disposition: [32m'enforce'[39m
}
[CSP Violation] {
  directive: [32m'script-src'[39m,
  blockedDomain: [32m'evil.com'[39m,
  resourceType: [32m'script'[39m,
  disposition: [32m'enforce'[39m
}
[CSP Violation] {
  directive: [32m'script-src'[39m,
  blockedDomain: [32m'evil.com'[39m,
  resourceType: [32m'script'[39m,
  disposition: [32m'enforce'[39m
}
[CSP Violation] {
  directive: [32m'script-src'[39m,
  blockedDomain: [32m'evil.com'[39m,
  resourceType: [32m'script'[39m,
  disposition: [32m'enforce'[39m
}
[CSP Violation] {
  directive: [32m'script-src'[39m,
  blockedDomain: [32m'evil.com'[39m,
  resourceType: [32m'script'[39m,
  disposition: [32m'enforce'[39m
}
[CSP Violation] {
  directive: [32m'script-src'[39m,
  blockedDomain: [32m'evil.com'[39m,
  resourceType: [32m'script'[39m,
  disposition: [32m'enforce'[39m
}
[CSP Violation] {
  directive: [32m'script-src'[39m,
  blockedDomain: [32m'evil.com'[39m,
  resourceType: [32m'script'[39m,
  disposition: [32m'enforce'[39m
}
[CSP Violation] {
  directive: [32m'script-src'[39m,
  blockedDomain: [32m'evil.com'[39m,
  resourceType: [32m'script'[39m,
  disposition: [32m'enforce'[39m
}
[CSP Violation] {
  directive: [32m'script-src'[39m,
  blockedDomain: [32m'evil.com'[39m,
  resourceType: [32m'script'[39m,
  disposition: [32m'enforce'[39m
}
[CSP Violation] {
  directive: [32m'script-src'[39m,
  blockedDomain: [32m'evil.com'[39m,
  resourceType: [32m'script'[39m,
  disposition: [32m'enforce'[39m
}
[CSP Violation] {
  directive: [32m'script-src'[39m,
  blockedDomain: [32m'evil.com'[39m,
  resourceType: [32m'script'[39m,
  disposition: [32m'enforce'[39m
}
[CSP Violation] {
  directive: [32m'script-src'[39m,
  blockedDomain: [32m'evil.com'[39m,
  resourceType: [32m'script'[39m,
  disposition: [32m'enforce'[39m
}
[CSP Violation] {
  directive: [32m'script-src'[39m,
  blockedDomain: [32m'evil.com'[39m,
  resourceType: [32m'script'[39m,
  disposition: [32m'enforce'[39m
}
[CSP Violation] {
  directive: [32m'script-src'[39m,
  blockedDomain: [32m'evil.com'[39m,
  resourceType: [32m'script'[39m,
  disposition: [32m'enforce'[39m
}
[CSP Violation] {
  directive: [32m'script-src'[39m,
  blockedDomain: [32m'evil.com'[39m,
  resourceType: [32m'script'[39m,
  disposition: [32m'enforce'[39m
}
[CSP Violation] {
  directive: [32m'script-src'[39m,
  blockedDomain: [32m'evil.com'[39m,
  resourceType: [32m'script'[39m,
  disposition: [32m'enforce'[39m
}
[CSP Violation] {
  directive: [32m'script-src'[39m,
  blockedDomain: [32m'evil.com'[39m,
  resourceType: [32m'script'[39m,
  disposition: [32m'enforce'[39m
}
[CSP Violation] {
  directive: [32m'script-src'[39m,
  blockedDomain: [32m'evil.com'[39m,
  resourceType: [32m'script'[39m,
  disposition: [32m'enforce'[39m
}
[CSP Violation] {
  directive: [32m'script-src'[39m,
  blockedDomain: [32m'evil.com'[39m,
  resourceType: [32m'script'[39m,
  disposition: [32m'enforce'[39m
}
[CSP Violation] {
  directive: [32m'script-src'[39m,
  blockedDomain: [32m'evil.com'[39m,
  resourceType: [32m'script'[39m,
  disposition: [32m'enforce'[39m
}
[CSP Violation] {
  directive: [32m'script-src'[39m,
  blockedDomain: [32m'evil.com'[39m,
  resourceType: [32m'script'[39m,
  disposition: [32m'enforce'[39m
}
[CSP Violation] {
  directive: [32m'script-src'[39m,
  blockedDomain: [32m'evil.com'[39m,
  resourceType: [32m'script'[39m,
  disposition: [32m'enforce'[39m
}
[CSP Violation] {
  directive: [32m'script-src'[39m,
  blockedDomain: [32m'evil.com'[39m,
  resourceType: [32m'script'[39m,
  disposition: [32m'enforce'[39m
}
[CSP Violation] {
  directive: [32m'script-src'[39m,
  blockedDomain: [32m'evil.com'[39m,
  resourceType: [32m'script'[39m,
  disposition: [32m'enforce'[39m
}
[CSP Violation] {
  directive: [32m'script-src'[39m,
  blockedDomain: [32m'evil.com'[39m,
  resourceType: [32m'script'[39m,
  disposition: [32m'enforce'[39m
}
[CSP Violation] {
  directive: [32m'script-src'[39m,
  blockedDomain: [32m'evil.com'[39m,
  resourceType: [32m'script'[39m,
  disposition: [32m'enforce'[39m
}
[CSP Violation] {
  directive: [32m'script-src'[39m,
  blockedDomain: [32m'evil.com'[39m,
  resourceType: [32m'script'[39m,
  disposition: [32m'enforce'[39m
}
[CSP Violation] {
  directive: [32m'script-src'[39m,
  blockedDomain: [32m'evil.com'[39m,
  resourceType: [32m'script'[39m,
  disposition: [32m'enforce'[39m
}
[CSP Violation] {
  directive: [32m'script-src'[39m,
  blockedDomain: [32m'evil.com'[39m,
  resourceType: [32m'script'[39m,
  disposition: [32m'enforce'[39m
}
[CSP Violation] {
  directive: [32m'script-src'[39m,
  blockedDomain: [32m'evil.com'[39m,
  resourceType: [32m'script'[39m,
  disposition: [32m'enforce'[39m
}
[CSP Violation] {
  directive: [32m'script-src'[39m,
  blockedDomain: [32m'evil.com'[39m,
  resourceType: [32m'script'[39m,
  disposition: [32m'enforce'[39m
}
[CSP Violation] {
  directive: [32m'script-src'[39m,
  blockedDomain: [32m'evil.com'[39m,
  resourceType: [32m'script'[39m,
  disposition: [32m'enforce'[39m
}
[CSP Violation] {
  directive: [32m'script-src'[39m,
  blockedDomain: [32m'evil.com'[39m,
  resourceType: [32m'script'[39m,
  disposition: [32m'enforce'[39m
}
[CSP Violation] {
  directive: [32m'script-src'[39m,
  blockedDomain: [32m'evil.com'[39m,
  resourceType: [32m'script'[39m,
  disposition: [32m'enforce'[39m
}
[CSP Violation] {
  directive: [32m'script-src'[39m,
  blockedDomain: [32m'evil.com'[39m,
  resourceType: [32m'script'[39m,
  disposition: [32m'enforce'[39m
}
[CSP Violation] {
  directive: [32m'script-src'[39m,
  blockedDomain: [32m'evil.com'[39m,
  resourceType: [32m'script'[39m,
  disposition: [32m'enforce'[39m
}
[CSP Violation] {
  directive: [32m'script-src'[39m,
  blockedDomain: [32m'evil.com'[39m,
  resourceType: [32m'script'[39m,
  disposition: [32m'enforce'[39m
}
[CSP Violation] {
  directive: [32m'script-src'[39m,
  blockedDomain: [32m'evil.com'[39m,
  resourceType: [32m'script'[39m,
  disposition: [32m'enforce'[39m
}
[CSP Violation] {
  directive: [32m'script-src'[39m,
  blockedDomain: [32m'evil.com'[39m,
  resourceType: [32m'script'[39m,
  disposition: [32m'enforce'[39m
}
[CSP Violation] {
  directive: [32m'script-src'[39m,
  blockedDomain: [32m'evil.com'[39m,
  resourceType: [32m'script'[39m,
  disposition: [32m'enforce'[39m
}
[CSP Violation] {
  directive: [32m'script-src'[39m,
  blockedDomain: [32m'evil.com'[39m,
  resourceType: [32m'script'[39m,
  disposition: [32m'enforce'[39m
}
[CSP Violation] {
  directive: [32m'script-src'[39m,
  blockedDomain: [32m'evil.com'[39m,
  resourceType: [32m'script'[39m,
  disposition: [32m'enforce'[39m
}
[CSP Violation] {
  directive: [32m'script-src'[39m,
  blockedDomain: [32m'evil.com'[39m,
  resourceType: [32m'script'[39m,
  disposition: [32m'enforce'[39m
}
[CSP Violation] {
  directive: [32m'script-src'[39m,
  blockedDomain: [32m'evil.com'[39m,
  resourceType: [32m'script'[39m,
  disposition: [32m'enforce'[39m
}
[CSP Report Rate Limit] Exceeded for source: rate-limit-test

[90mstderr[2m | src/__tests__/api/cspReportHandler.test.ts[2m > [22m[2mCSP Report Handler[2m > [22m[2mhandleCSPReport[2m > [22m[2mshould call registered handlers
[22m[39m[CSP Violation] {
  directive: [32m'script-src'[39m,
  blockedDomain: [32m'evil.com'[39m,
  resourceType: [32m'script'[39m,
  disposition: [32m'enforce'[39m
}

[90mstderr[2m | src/__tests__/api/cspReportHandler.test.ts[2m > [22m[2mCSP Report Handler[2m > [22m[2mhandleCSPReport[2m > [22m[2mshould call multiple handlers
[22m[39m[CSP Violation] {
  directive: [32m'script-src'[39m,
  blockedDomain: [32m'evil.com'[39m,
  resourceType: [32m'script'[39m,
  disposition: [32m'enforce'[39m
}

[90mstderr[2m | src/__tests__/api/cspReportHandler.test.ts[2m > [22m[2mCSP Report Handler[2m > [22m[2mhandleCSPReport[2m > [22m[2mshould continue calling handlers even if one throws
[22m[39m[CSP Violation] {
  directive: [32m'script-src'[39m,
  blockedDomain: [32m'evil.com'[39m,
  resourceType: [32m'script'[39m,
  disposition: [32m'enforce'[39m
}

[90mstderr[2m | src/__tests__/api/cspReportHandler.test.ts[2m > [22m[2mCSP Report Handler[2m > [22m[2mclearViolationHandlers[2m > [22m[2mshould clear all registered handlers
[22m[39m[CSP Violation] {
  directive: [32m'script-src'[39m,
  blockedDomain: [32m'evil.com'[39m,
  resourceType: [32m'script'[39m,
  disposition: [32m'enforce'[39m
}

 [32m✓[39m src/__tests__/api/cspReportHandler.test.ts [2m([22m[2m26 tests[22m[2m)[22m[32m 88[2mms[22m[39m
 [32m✓[39m src/services/coaWizardService.additional.test.ts [2m([22m[2m25 tests[22m[2m)[22m[32m 70[2mms[22m[39m
 [32m✓[39m src/features/phaseVisibility/visibilityRules.test.ts [2m([22m[2m44 tests[22m[2m)[22m[32m 103[2mms[22m[39m
 [32m✓[39m src/store/contacts.test.ts [2m([22m[2m30 tests[22m[2m)[22m[32m 77[2mms[22m[39m
 [32m✓[39m src/store/receipts.test.ts [2m([22m[2m8 tests[22m[2m)[22m[32m 60[2mms[22m[39m
 [32m✓[39m src/features/checklist/verify.test.ts [2m([22m[2m8 tests[22m[2m)[22m[32m 65[2mms[22m[39m
 [32m✓[39m src/services/email/emailPreviewService.test.ts [2m([22m[2m22 tests[22m[2m)[22m[32m 55[2mms[22m[39m
 [32m✓[39m src/sync/syncQueue.test.ts [2m([22m[2m19 tests[22m[2m)[22m[32m 49[2mms[22m[39m
 [32m✓[39m src/features/checklist/checklistGenerator.test.ts [2m([22m[2m27 tests[22m[2m)[22m[32m 59[2mms[22m[39m
 [32m✓[39m src/services/reconciliationService.additional.test.ts [2m([22m[2m32 tests[22m[2m)[22m[32m 70[2mms[22m[39m
 [32m✓[39m src/services/statementParser.test.ts [2m([22m[2m14 tests[22m[2m)[22m[32m 49[2mms[22m[39m
[90mstdout[2m | src/services/enhanced-matching.service.test.ts[2m > [22m[2mEnhanced Matching Service[2m > [22m[2menhancedMatchTransactions[2m > [22m[2mshould match transactions with exact date, amount, and description
[22m[39m[EnhancedMatching] Enhanced matching completed {
  totalStatement: [33m1[39m,
  matched: [33m1[39m,
  accuracy: [32m'100.0%'[39m,
  singleMatches: [33m1[39m,
  multiMatches: [33m0[39m
}

[90mstdout[2m | src/services/enhanced-matching.service.test.ts[2m > [22m[2mEnhanced Matching Service[2m > [22m[2menhancedMatchTransactions[2m > [22m[2mshould match transactions with fuzzy description matching
[22m[39m[EnhancedMatching] Enhanced matching completed {
  totalStatement: [33m1[39m,
  matched: [33m1[39m,
  accuracy: [32m'100.0%'[39m,
  singleMatches: [33m1[39m,
  multiMatches: [33m0[39m
}

[90mstdout[2m | src/services/enhanced-matching.service.test.ts[2m > [22m[2mEnhanced Matching Service[2m > [22m[2menhancedMatchTransactions[2m > [22m[2mshould match transactions with date tolerance
[22m[39m[EnhancedMatching] Enhanced matching completed {
  totalStatement: [33m1[39m,
  matched: [33m1[39m,
  accuracy: [32m'100.0%'[39m,
  singleMatches: [33m1[39m,
  multiMatches: [33m0[39m
}

[90mstdout[2m | src/services/enhanced-matching.service.test.ts[2m > [22m[2mEnhanced Matching Service[2m > [22m[2menhancedMatchTransactions[2m > [22m[2mshould not match if amount is different
[22m[39m[EnhancedMatching] Enhanced matching completed {
  totalStatement: [33m1[39m,
  matched: [33m0[39m,
  accuracy: [32m'0.0%'[39m,
  singleMatches: [33m0[39m,
  multiMatches: [33m0[39m
}

[90mstdout[2m | src/services/enhanced-matching.service.test.ts[2m > [22m[2mEnhanced Matching Service[2m > [22m[2menhancedMatchTransactions[2m > [22m[2mshould skip already reconciled transactions
[22m[39m[EnhancedMatching] Enhanced matching completed {
  totalStatement: [33m1[39m,
  matched: [33m0[39m,
  accuracy: [32m'0.0%'[39m,
  singleMatches: [33m0[39m,
  multiMatches: [33m0[39m
}

[90mstdout[2m | src/services/enhanced-matching.service.test.ts[2m > [22m[2mEnhanced Matching Service[2m > [22m[2menhancedMatchTransactions[2m > [22m[2mshould apply pattern learning when enabled
[22m[39m[EnhancedMatching] Enhanced matching completed {
  totalStatement: [33m1[39m,
  matched: [33m1[39m,
  accuracy: [32m'100.0%'[39m,
  singleMatches: [33m1[39m,
  multiMatches: [33m0[39m
}

[90mstdout[2m | src/services/enhanced-matching.service.test.ts[2m > [22m[2mEnhanced Matching Service[2m > [22m[2menhancedMatchTransactions[2m > [22m[2mshould calculate accuracy percentage
[22m[39m[EnhancedMatching] Enhanced matching completed {
  totalStatement: [33m3[39m,
  matched: [33m2[39m,
  accuracy: [32m'66.7%'[39m,
  singleMatches: [33m2[39m,
  multiMatches: [33m0[39m
}

 [32m✓[39m src/services/enhanced-matching.service.test.ts [2m([22m[2m7 tests[22m[2m)[22m[32m 41[2mms[22m[39m
 [32m✓[39m src/db/schema/invoiceTemplates.schema.test.ts [2m([22m[2m30 tests[22m[2m)[22m[32m 40[2mms[22m[39m
 [32m✓[39m src/services/currency.service.test.ts [2m([22m[2m35 tests[22m[2m)[22m[32m 61[2mms[22m[39m
 [32m✓[39m src/db/crdt.test.ts [2m([22m[2m44 tests[22m[2m)[22m[32m 54[2mms[22m[39m
[90mstdout[2m | src/services/transactionMatcher.test.ts[2m > [22m[2mtransactionMatcher[2m > [22m[2mexact matches[2m > [22m[2mshould match transactions with exact date and amount
[22m[39mAuto-matching complete {
  totalStatementTxns: [33m1[39m,
  totalSystemTxns: [33m1[39m,
  matchesFound: [33m1[39m,
  matchRate: [32m'100%'[39m
}

[90mstdout[2m | src/services/transactionMatcher.test.ts[2m > [22m[2mtransactionMatcher[2m > [22m[2mexact matches[2m > [22m[2mshould match even with slightly different descriptions
[22m[39mAuto-matching complete {
  totalStatementTxns: [33m1[39m,
  totalSystemTxns: [33m1[39m,
  matchesFound: [33m1[39m,
  matchRate: [32m'100%'[39m
}

[90mstdout[2m | src/services/transactionMatcher.test.ts[2m > [22m[2mtransactionMatcher[2m > [22m[2mdate tolerance[2m > [22m[2mshould match transactions within date tolerance
[22m[39mAuto-matching complete {
  totalStatementTxns: [33m1[39m,
  totalSystemTxns: [33m1[39m,
  matchesFound: [33m1[39m,
  matchRate: [32m'100%'[39m
}

[90mstdout[2m | src/services/transactionMatcher.test.ts[2m > [22m[2mtransactionMatcher[2m > [22m[2mdate tolerance[2m > [22m[2mshould not match transactions outside date tolerance
[22m[39mAuto-matching complete {
  totalStatementTxns: [33m1[39m,
  totalSystemTxns: [33m1[39m,
  matchesFound: [33m0[39m,
  matchRate: [32m'0%'[39m
}

[90mstdout[2m | src/services/transactionMatcher.test.ts[2m > [22m[2mtransactionMatcher[2m > [22m[2mamount matching[2m > [22m[2mshould match with exact amounts
[22m[39mAuto-matching complete {
  totalStatementTxns: [33m1[39m,
  totalSystemTxns: [33m1[39m,
  matchesFound: [33m1[39m,
  matchRate: [32m'100%'[39m
}

[90mstdout[2m | src/services/transactionMatcher.test.ts[2m > [22m[2mtransactionMatcher[2m > [22m[2mamount matching[2m > [22m[2mshould not match with significantly different amounts
[22m[39mAuto-matching complete {
  totalStatementTxns: [33m1[39m,
  totalSystemTxns: [33m1[39m,
  matchesFound: [33m0[39m,
  matchRate: [32m'0%'[39m
}

[90mstdout[2m | src/services/transactionMatcher.test.ts[2m > [22m[2mtransactionMatcher[2m > [22m[2mreference number matching[2m > [22m[2mshould boost match score for matching reference numbers
[22m[39mAuto-matching complete {
  totalStatementTxns: [33m1[39m,
  totalSystemTxns: [33m1[39m,
  matchesFound: [33m1[39m,
  matchRate: [32m'100%'[39m
}

[90mstdout[2m | src/services/transactionMatcher.test.ts[2m > [22m[2mtransactionMatcher[2m > [22m[2mmultiple transactions[2m > [22m[2mshould match multiple transactions correctly
[22m[39mAuto-matching complete {
  totalStatementTxns: [33m3[39m,
  totalSystemTxns: [33m3[39m,
  matchesFound: [33m3[39m,
  matchRate: [32m'100%'[39m
}

[90mstdout[2m | src/services/transactionMatcher.test.ts[2m > [22m[2mtransactionMatcher[2m > [22m[2mmultiple transactions[2m > [22m[2mshould not match the same system transaction twice
[22m[39mAuto-matching complete {
  totalStatementTxns: [33m2[39m,
  totalSystemTxns: [33m1[39m,
  matchesFound: [33m1[39m,
  matchRate: [32m'50%'[39m
}

[90mstdout[2m | src/services/transactionMatcher.test.ts[2m > [22m[2mtransactionMatcher[2m > [22m[2medge cases[2m > [22m[2mshould handle empty statement transactions
[22m[39mAuto-matching complete {
  totalStatementTxns: [33m0[39m,
  totalSystemTxns: [33m1[39m,
  matchesFound: [33m0[39m,
  matchRate: [32m'NaN%'[39m
}

[90mstdout[2m | src/services/transactionMatcher.test.ts[2m > [22m[2mtransactionMatcher[2m > [22m[2medge cases[2m > [22m[2mshould handle empty system transactions
[22m[39mAuto-matching complete {
  totalStatementTxns: [33m1[39m,
  totalSystemTxns: [33m0[39m,
  matchesFound: [33m0[39m,
  matchRate: [32m'0%'[39m
}

[90mstdout[2m | src/services/transactionMatcher.test.ts[2m > [22m[2mtransactionMatcher[2m > [22m[2medge cases[2m > [22m[2mshould skip already matched statement transactions
[22m[39mAuto-matching complete {
  totalStatementTxns: [33m1[39m,
  totalSystemTxns: [33m1[39m,
  matchesFound: [33m0[39m,
  matchRate: [32m'0%'[39m
}

[90mstdout[2m | src/services/transactionMatcher.test.ts[2m > [22m[2mtransactionMatcher[2m > [22m[2medge cases[2m > [22m[2mshould skip reconciled system transactions
[22m[39mAuto-matching complete {
  totalStatementTxns: [33m1[39m,
  totalSystemTxns: [33m1[39m,
  matchesFound: [33m0[39m,
  matchRate: [32m'0%'[39m
}

 [32m✓[39m src/services/transactionMatcher.test.ts [2m([22m[2m14 tests[22m[2m)[22m[32m 62[2mms[22m[39m
 [32m✓[39m src/services/email/emailRenderer.test.ts [2m([22m[2m48 tests[22m[2m)[22m[32m 52[2mms[22m[39m
[90mstderr[2m | src/services/interestSplit/liabilityDetection.service.test.ts[2m > [22m[2mLiabilityDetectionService[2m > [22m[2mdetectBatch[2m > [22m[2mshould handle detection errors gracefully
[22m[39mDetection failed for txn-error: Error: Detection failed
    at LiabilityDetectionService.<anonymous> (C:/Users/Admin/graceful_books/src/services/interestSplit/liabilityDetection.service.test.ts:361:17)
    at LiabilityDetectionService.detectLiabilityPayment [90m(file:///C:/Users/Admin/graceful_books/[39mnode_modules/[4m@vitest/spy[24m/dist/index.js:285:34[90m)[39m
    at LiabilityDetectionService.detectBatch (C:/Users/Admin/graceful_books/src/services/interestSplit/liabilityDetection.service.ts:207:38)
[90m    at processTicksAndRejections (node:internal/process/task_queues:103:5)[39m
    at C:/Users/Admin/graceful_books/src/services/interestSplit/liabilityDetection.service.test.ts:376:22
    at [90mfile:///C:/Users/Admin/graceful_books/[39mnode_modules/[4m@vitest/runner[24m/dist/index.js:915:20

 [32m✓[39m src/services/interestSplit/liabilityDetection.service.test.ts [2m([22m[2m6 tests[22m[2m)[22m[32m 51[2mms[22m[39m
 [32m✓[39m src/features/helpers/contextualHelp.test.ts [2m([22m[2m29 tests[22m[2m)[22m[32m 33[2mms[22m[39m
[90mstderr[2m | src/sync/syncProtocol.test.ts[2m > [22m[2mSync Protocol[2m > [22m[2mbatchChanges[2m > [22m[2mshould skip changes that are too large
[22m[39mChange change-1 exceeds max payload size, skipping

 [32m✓[39m src/sync/syncProtocol.test.ts [2m([22m[2m19 tests[22m[2m)[22m[32m 36[2mms[22m[39m
 [32m✓[39m src/services/reconciliationService.test.ts [2m([22m[2m15 tests[22m[2m)[22m[32m 45[2mms[22m[39m
 [32m✓[39m src/services/exchangeRate.service.test.ts [2m([22m[2m33 tests[22m[2m)[22m[32m 98[2mms[22m[39m
 [32m✓[39m src/services/interestSplit/paymentSplit.service.test.ts [2m([22m[2m13 tests[22m[2m)[22m[32m 42[2mms[22m[39m
 [32m✓[39m src/services/coaWizardService.test.ts [2m([22m[2m23 tests[22m[2m)[22m[32m 41[2mms[22m[39m
 [32m✓[39m src/utils/transactionValidation.test.ts [2m([22m[2m33 tests[22m[2m)[22m[32m 38[2mms[22m[39m
 [32m✓[39m src/features/helpers/helpDefinitions.test.ts [2m([22m[2m25 tests[22m[2m)[22m[32m 46[2mms[22m[39m
 [32m✓[39m src/features/assessment/assessmentEngine.test.ts [2m([22m[2m25 tests[22m[2m)[22m[32m 38[2mms[22m[39m
 [32m✓[39m src/services/email/emailContentGenerator.test.ts [2m([22m[2m10 tests[22m[2m)[22m[32m 27[2mms[22m[39m
 [32m✓[39m src/services/currencyConversion.service.test.ts [2m([22m[2m36 tests[22m[2m)[22m[32m 61[2mms[22m[39m
 [32m✓[39m src/__tests__/config/securityHeaders.test.ts [2m([22m[2m48 tests[22m[2m)[22m[32m 68[2mms[22m[39m
 [32m✓[39m src/utils/wizardState.test.ts [2m([22m[2m28 tests[22m[2m)[22m[32m 36[2mms[22m[39m
 [32m✓[39m src/services/logoUpload.test.ts [2m([22m[2m24 tests[22m[2m)[22m[32m 35[2mms[22m[39m
 [32m✓[39m src/features/helpers/helpContent.test.ts [2m([22m[2m24 tests[22m[2m)[22m[32m 40[2mms[22m[39m
 [32m✓[39m src/features/checklist/selectionRules.test.ts [2m([22m[2m33 tests[22m[2m)[22m[32m 38[2mms[22m[39m
 [32m✓[39m src/__tests__/utils/crypto/constantTime.test.ts [2m([22m[2m33 tests[22m[2m)[22m[32m 41[2mms[22m[39m
 [32m✓[39m src/store/charities.test.ts [2m([22m[2m16 tests[22m[2m)[22m[32m 32[2mms[22m[39m
 [32m✓[39m src/sync/conflictResolution.test.ts [2m([22m[2m15 tests[22m[2m)[22m[32m 30[2mms[22m[39m
 [32m✓[39m src/db/schema/charity.schema.test.ts [2m([22m[2m11 tests[22m[2m)[22m[32m 24[2mms[22m[39m
 [32m✓[39m src/features/assessment/phaseDetection.test.ts [2m([22m[2m15 tests[22m[2m)[22m[32m 29[2mms[22m[39m
 [32m✓[39m src/services/interestSplit/amortization.service.test.ts [2m([22m[2m15 tests[22m[2m)[22m[32m 30[2mms[22m[39m
 [32m✓[39m src/features/assessment/scoring.test.ts [2m([22m[2m13 tests[22m[2m)[22m[32m 26[2mms[22m[39m
 [32m✓[39m infrastructure/tests/infrastructure.test.ts [2m([22m[2m24 tests[22m[2m)[22m[32m 22[2mms[22m[39m
 [32m✓[39m scripts/bundle-size-check.test.js [2m([22m[2m9 tests[22m[2m)[22m[32m 23[2mms[22m[39m
 [2m[90m↓[39m[22m src/components/assessment/AssessmentFlow.test.tsx [2m([22m[2m1 test[22m[2m | [22m[33m1 skipped[39m[2m)[22m
 [2m[90m↓[39m[22m src/services/email/emailTemplates.test.ts [2m([22m[2m1 test[22m[2m | [22m[33m1 skipped[39m[2m)[22m

[31m⎯⎯⎯⎯⎯⎯[39m[1m[41m Failed Suites 18 [49m[22m[31m⎯⎯⎯⎯⎯⎯[39m

[41m[1m FAIL [22m[49m e2e/billOcr.spec.ts[2m [ e2e/billOcr.spec.ts ][22m
[31m[1mError[22m: Playwright Test did not expect test.describe() to be called here.
Most common reasons include:
- You are calling test.describe() in a configuration file.
- You are calling test.describe() in a file that is imported by the configuration file.
- You have two different versions of @playwright/test. This usually happens
  when one of the dependencies in your package.json depends on @playwright/test.[39m
[90m [2m❯[22m TestTypeImpl._currentSuite node_modules/playwright/lib/common/testType.js:[2m75:13[22m[39m
[90m [2m❯[22m TestTypeImpl._describe node_modules/playwright/lib/common/testType.js:[2m115:24[22m[39m
[90m [2m❯[22m Function.describe node_modules/playwright/lib/transform/transform.js:[2m275:12[22m[39m
[36m [2m❯[22m e2e/billOcr.spec.ts:[2m9:6[22m[39m
    [90m  7| [39m[35mimport[39m { test[33m,[39m expect } [35mfrom[39m [32m'@playwright/test'[39m[33m;[39m
    [90m  8| [39m
    [90m  9| [39mtest[33m.[39m[34mdescribe[39m([32m'Bill OCR Upload and Review'[39m[33m,[39m () [33m=>[39m {
    [90m   | [39m     [31m^[39m
    [90m 10| [39m  test[33m.[39m[34mbeforeEach[39m([35masync[39m ({ page }) [33m=>[39m {
    [90m 11| [39m    [90m// Navigate to bills page[39m

[31m[2m⎯⎯⎯⎯⎯⎯⎯⎯⎯⎯⎯⎯⎯⎯⎯⎯⎯⎯⎯⎯⎯⎯[1/133]⎯[22m[39m

[41m[1m FAIL [22m[49m e2e/cashFlowReport.spec.ts[2m [ e2e/cashFlowReport.spec.ts ][22m
[31m[1mError[22m: Playwright Test did not expect test.describe() to be called here.
Most common reasons include:
- You are calling test.describe() in a configuration file.
- You are calling test.describe() in a file that is imported by the configuration file.
- You have two different versions of @playwright/test. This usually happens
  when one of the dependencies in your package.json depends on @playwright/test.[39m
[90m [2m❯[22m TestTypeImpl._currentSuite node_modules/playwright/lib/common/testType.js:[2m75:13[22m[39m
[90m [2m❯[22m TestTypeImpl._describe node_modules/playwright/lib/common/testType.js:[2m115:24[22m[39m
[90m [2m❯[22m Function.describe node_modules/playwright/lib/transform/transform.js:[2m275:12[22m[39m
[36m [2m❯[22m e2e/cashFlowReport.spec.ts:[2m9:6[22m[39m
    [90m  7| [39m[35mimport[39m { test[33m,[39m expect } [35mfrom[39m [32m'@playwright/test'[39m
    [90m  8| [39m
    [90m  9| [39mtest[33m.[39m[34mdescribe[39m([32m'Cash Flow Report'[39m[33m,[39m () [33m=>[39m {
    [90m   | [39m     [31m^[39m
    [90m 10| [39m  test[33m.[39m[34mbeforeEach[39m([35masync[39m ({ page }) [33m=>[39m {
    [90m 11| [39m    [90m// Navigate to reports page[39m

[31m[2m⎯⎯⎯⎯⎯⎯⎯⎯⎯⎯⎯⎯⎯⎯⎯⎯⎯⎯⎯⎯⎯⎯[2/133]⎯[22m[39m

[41m[1m FAIL [22m[49m e2e/catalog.spec.ts[2m [ e2e/catalog.spec.ts ][22m
[31m[1mError[22m: Playwright Test did not expect test.describe() to be called here.
Most common reasons include:
- You are calling test.describe() in a configuration file.
- You are calling test.describe() in a file that is imported by the configuration file.
- You have two different versions of @playwright/test. This usually happens
  when one of the dependencies in your package.json depends on @playwright/test.[39m
[90m [2m❯[22m TestTypeImpl._currentSuite node_modules/playwright/lib/common/testType.js:[2m75:13[22m[39m
[90m [2m❯[22m TestTypeImpl._describe node_modules/playwright/lib/common/testType.js:[2m115:24[22m[39m
[90m [2m❯[22m Function.describe node_modules/playwright/lib/transform/transform.js:[2m275:12[22m[39m
[36m [2m❯[22m e2e/catalog.spec.ts:[2m16:6[22m[39m
    [90m 14| [39m[35mimport[39m { test[33m,[39m expect } [35mfrom[39m [32m'@playwright/test'[39m[33m;[39m
    [90m 15| [39m
    [90m 16| [39mtest[33m.[39m[34mdescribe[39m([32m'Product Catalog'[39m[33m,[39m () [33m=>[39m {
    [90m   | [39m     [31m^[39m
    [90m 17| [39m  test[33m.[39m[34mbeforeEach[39m([35masync[39m ({ page }) [33m=>[39m {
    [90m 18| [39m    [90m// Navigate to catalog page (adjust URL as needed)[39m

[31m[2m⎯⎯⎯⎯⎯⎯⎯⎯⎯⎯⎯⎯⎯⎯⎯⎯⎯⎯⎯⎯⎯⎯[3/133]⎯[22m[39m

[41m[1m FAIL [22m[49m e2e/d1-coa-wizard.spec.ts[2m [ e2e/d1-coa-wizard.spec.ts ][22m
[31m[1mError[22m: Playwright Test did not expect test.describe() to be called here.
Most common reasons include:
- You are calling test.describe() in a configuration file.
- You are calling test.describe() in a file that is imported by the configuration file.
- You have two different versions of @playwright/test. This usually happens
  when one of the dependencies in your package.json depends on @playwright/test.[39m
[90m [2m❯[22m TestTypeImpl._currentSuite node_modules/playwright/lib/common/testType.js:[2m75:13[22m[39m
[90m [2m❯[22m TestTypeImpl._describe node_modules/playwright/lib/common/testType.js:[2m115:24[22m[39m
[90m [2m❯[22m Function.describe node_modules/playwright/lib/transform/transform.js:[2m275:12[22m[39m
[36m [2m❯[22m e2e/d1-coa-wizard.spec.ts:[2m20:6[22m[39m
    [90m 18| [39mimport { measurePageLoad, assertPerformance } from './helpers/performa…
    [90m 19| [39m
    [90m 20| [39mtest[33m.[39m[34mdescribe[39m([32m'D1: Chart of Accounts Setup Wizard'[39m[33m,[39m () [33m=>[39m {
    [90m   | [39m     [31m^[39m
    [90m 21| [39m  test[33m.[39m[34mbeforeEach[39m([35masync[39m ({ page }) [33m=>[39m {
    [90m 22| [39m    [35mawait[39m [34mclearUserData[39m(page)

[31m[2m⎯⎯⎯⎯⎯⎯⎯⎯⎯⎯⎯⎯⎯⎯⎯⎯⎯⎯⎯⎯⎯⎯[4/133]⎯[22m[39m

[41m[1m FAIL [22m[49m e2e/d2-reconciliation.spec.ts[2m [ e2e/d2-reconciliation.spec.ts ][22m
[31m[1mError[22m: Playwright Test did not expect test.describe() to be called here.
Most common reasons include:
- You are calling test.describe() in a configuration file.
- You are calling test.describe() in a file that is imported by the configuration file.
- You have two different versions of @playwright/test. This usually happens
  when one of the dependencies in your package.json depends on @playwright/test.[39m
[90m [2m❯[22m TestTypeImpl._currentSuite node_modules/playwright/lib/common/testType.js:[2m75:13[22m[39m
[90m [2m❯[22m TestTypeImpl._describe node_modules/playwright/lib/common/testType.js:[2m115:24[22m[39m
[90m [2m❯[22m Function.describe node_modules/playwright/lib/transform/transform.js:[2m275:12[22m[39m
[36m [2m❯[22m e2e/d2-reconciliation.spec.ts:[2m19:6[22m[39m
    [90m 17| [39mimport { measureAction, assertPerformance } from './helpers/performanc…
    [90m 18| [39m
    [90m 19| [39mtest[33m.[39m[34mdescribe[39m([32m'D2: First Reconciliation Experience'[39m[33m,[39m () [33m=>[39m {
    [90m   | [39m     [31m^[39m
    [90m 20| [39m  test[33m.[39m[34mbeforeEach[39m([35masync[39m ({ page }) [33m=>[39m {
    [90m 21| [39m    [35mawait[39m [34mclearUserData[39m(page)

[31m[2m⎯⎯⎯⎯⎯⎯⎯⎯⎯⎯⎯⎯⎯⎯⎯⎯⎯⎯⎯⎯⎯⎯[5/133]⎯[22m[39m

[41m[1m FAIL [22m[49m e2e/d3-email-summary.spec.ts[2m [ e2e/d3-email-summary.spec.ts ][22m
[31m[1mError[22m: Playwright Test did not expect test.describe() to be called here.
Most common reasons include:
- You are calling test.describe() in a configuration file.
- You are calling test.describe() in a file that is imported by the configuration file.
- You have two different versions of @playwright/test. This usually happens
  when one of the dependencies in your package.json depends on @playwright/test.[39m
[90m [2m❯[22m TestTypeImpl._currentSuite node_modules/playwright/lib/common/testType.js:[2m75:13[22m[39m
[90m [2m❯[22m TestTypeImpl._describe node_modules/playwright/lib/common/testType.js:[2m115:24[22m[39m
[90m [2m❯[22m Function.describe node_modules/playwright/lib/transform/transform.js:[2m275:12[22m[39m
[36m [2m❯[22m e2e/d3-email-summary.spec.ts:[2m16:6[22m[39m
    [90m 14| [39m[35mimport[39m { checkAccessibility } [35mfrom[39m [32m'./helpers/accessibility'[39m
    [90m 15| [39m
    [90m 16| [39mtest[33m.[39m[34mdescribe[39m([32m'D3: Email Summary Configuration'[39m[33m,[39m () [33m=>[39m {
    [90m   | [39m     [31m^[39m
    [90m 17| [39m  test[33m.[39m[34mbeforeEach[39m([35masync[39m ({ page }) [33m=>[39m {
    [90m 18| [39m    [35mawait[39m [34mclearUserData[39m(page)

[31m[2m⎯⎯⎯⎯⎯⎯⎯⎯⎯⎯⎯⎯⎯⎯⎯⎯⎯⎯⎯⎯⎯⎯[6/133]⎯[22m[39m

[41m[1m FAIL [22m[49m e2e/d4-tutorial-system.spec.ts[2m [ e2e/d4-tutorial-system.spec.ts ][22m
[31m[1mError[22m: Playwright Test did not expect test.describe() to be called here.
Most common reasons include:
- You are calling test.describe() in a configuration file.
- You are calling test.describe() in a file that is imported by the configuration file.
- You have two different versions of @playwright/test. This usually happens
  when one of the dependencies in your package.json depends on @playwright/test.[39m
[90m [2m❯[22m TestTypeImpl._currentSuite node_modules/playwright/lib/common/testType.js:[2m75:13[22m[39m
[90m [2m❯[22m TestTypeImpl._describe node_modules/playwright/lib/common/testType.js:[2m115:24[22m[39m
[90m [2m❯[22m Function.describe node_modules/playwright/lib/transform/transform.js:[2m275:12[22m[39m
[36m [2m❯[22m e2e/d4-tutorial-system.spec.ts:[2m17:6[22m[39m
    [90m 15| [39m[35mimport[39m { checkAccessibility } [35mfrom[39m [32m'./helpers/accessibility'[39m
    [90m 16| [39m
    [90m 17| [39mtest[33m.[39m[34mdescribe[39m([32m'D4: Tutorial System'[39m[33m,[39m () [33m=>[39m {
    [90m   | [39m     [31m^[39m
    [90m 18| [39m  test[33m.[39m[34mbeforeEach[39m([35masync[39m ({ page }) [33m=>[39m {
    [90m 19| [39m    [35mawait[39m [34mclearUserData[39m(page)

[31m[2m⎯⎯⎯⎯⎯⎯⎯⎯⎯⎯⎯⎯⎯⎯⎯⎯⎯⎯⎯⎯⎯⎯[7/133]⎯[22m[39m

[41m[1m FAIL [22m[49m e2e/d5-vendor-management.spec.ts[2m [ e2e/d5-vendor-management.spec.ts ][22m
[31m[1mError[22m: Playwright Test did not expect test.describe() to be called here.
Most common reasons include:
- You are calling test.describe() in a configuration file.
- You are calling test.describe() in a file that is imported by the configuration file.
- You have two different versions of @playwright/test. This usually happens
  when one of the dependencies in your package.json depends on @playwright/test.[39m
[90m [2m❯[22m TestTypeImpl._currentSuite node_modules/playwright/lib/common/testType.js:[2m75:13[22m[39m
[90m [2m❯[22m TestTypeImpl._describe node_modules/playwright/lib/common/testType.js:[2m115:24[22m[39m
[90m [2m❯[22m Function.describe node_modules/playwright/lib/transform/transform.js:[2m275:12[22m[39m
[36m [2m❯[22m e2e/d5-vendor-management.spec.ts:[2m19:6[22m[39m
    [90m 17| [39mimport { measureTransactionSave, assertPerformance } from './helpers/p…
    [90m 18| [39m
    [90m 19| [39mtest[33m.[39m[34mdescribe[39m([32m'D5: Vendor Management'[39m[33m,[39m () [33m=>[39m {
    [90m   | [39m     [31m^[39m
    [90m 20| [39m  test[33m.[39m[34mbeforeEach[39m([35masync[39m ({ page }) [33m=>[39m {
    [90m 21| [39m    [35mawait[39m [34mclearUserData[39m(page)

[31m[2m⎯⎯⎯⎯⎯⎯⎯⎯⎯⎯⎯⎯⎯⎯⎯⎯⎯⎯⎯⎯⎯⎯[8/133]⎯[22m[39m

[41m[1m FAIL [22m[49m e2e/d6-d7-reports.spec.ts[2m [ e2e/d6-d7-reports.spec.ts ][22m
[31m[1mError[22m: Playwright Test did not expect test.describe() to be called here.
Most common reasons include:
- You are calling test.describe() in a configuration file.
- You are calling test.describe() in a file that is imported by the configuration file.
- You have two different versions of @playwright/test. This usually happens
  when one of the dependencies in your package.json depends on @playwright/test.[39m
[90m [2m❯[22m TestTypeImpl._currentSuite node_modules/playwright/lib/common/testType.js:[2m75:13[22m[39m
[90m [2m❯[22m TestTypeImpl._describe node_modules/playwright/lib/common/testType.js:[2m115:24[22m[39m
[90m [2m❯[22m Function.describe node_modules/playwright/lib/transform/transform.js:[2m275:12[22m[39m
[36m [2m❯[22m e2e/d6-d7-reports.spec.ts:[2m19:6[22m[39m
    [90m 17| [39mimport { measureReportGeneration, assertPerformance } from './helpers/…
    [90m 18| [39m
    [90m 19| [39mtest[33m.[39m[34mdescribe[39m([32m'D6: Profit & Loss Report'[39m[33m,[39m () [33m=>[39m {
    [90m   | [39m     [31m^[39m
    [90m 20| [39m  test[33m.[39m[34mbeforeEach[39m([35masync[39m ({ page }) [33m=>[39m {
    [90m 21| [39m    [35mawait[39m [34mclearUserData[39m(page)

[31m[2m⎯⎯⎯⎯⎯⎯⎯⎯⎯⎯⎯⎯⎯⎯⎯⎯⎯⎯⎯⎯⎯⎯[9/133]⎯[22m[39m

[41m[1m FAIL [22m[49m e2e/f5-ar-aging-report.spec.ts[2m [ e2e/f5-ar-aging-report.spec.ts ][22m
[31m[1mError[22m: Playwright Test did not expect test.describe() to be called here.
Most common reasons include:
- You are calling test.describe() in a configuration file.
- You are calling test.describe() in a file that is imported by the configuration file.
- You have two different versions of @playwright/test. This usually happens
  when one of the dependencies in your package.json depends on @playwright/test.[39m
[90m [2m❯[22m TestTypeImpl._currentSuite node_modules/playwright/lib/common/testType.js:[2m75:13[22m[39m
[90m [2m❯[22m TestTypeImpl._describe node_modules/playwright/lib/common/testType.js:[2m115:24[22m[39m
[90m [2m❯[22m Function.describe node_modules/playwright/lib/transform/transform.js:[2m275:12[22m[39m
[36m [2m❯[22m e2e/f5-ar-aging-report.spec.ts:[2m10:6[22m[39m
    [90m  8| [39m[35mimport[39m { test[33m,[39m expect } [35mfrom[39m [32m'@playwright/test'[39m
    [90m  9| [39m
    [90m 10| [39mtest[33m.[39m[34mdescribe[39m([32m'F5 - A/R Aging Report E2E'[39m[33m,[39m () [33m=>[39m {
    [90m   | [39m     [31m^[39m
    [90m 11| [39m  test[33m.[39m[34mbeforeEach[39m([35masync[39m ({ page }) [33m=>[39m {
    [90m 12| [39m    [90m// Navigate to app and login[39m

[31m[2m⎯⎯⎯⎯⎯⎯⎯⎯⎯⎯⎯⎯⎯⎯⎯⎯⎯⎯⎯⎯⎯[10/133]⎯[22m[39m

[41m[1m FAIL [22m[49m e2e/f6-ap-aging-report.spec.ts[2m [ e2e/f6-ap-aging-report.spec.ts ][22m
[31m[1mError[22m: Playwright Test did not expect test.describe() to be called here.
Most common reasons include:
- You are calling test.describe() in a configuration file.
- You are calling test.describe() in a file that is imported by the configuration file.
- You have two different versions of @playwright/test. This usually happens
  when one of the dependencies in your package.json depends on @playwright/test.[39m
[90m [2m❯[22m TestTypeImpl._currentSuite node_modules/playwright/lib/common/testType.js:[2m75:13[22m[39m
[90m [2m❯[22m TestTypeImpl._describe node_modules/playwright/lib/common/testType.js:[2m115:24[22m[39m
[90m [2m❯[22m Function.describe node_modules/playwright/lib/transform/transform.js:[2m275:12[22m[39m
[36m [2m❯[22m e2e/f6-ap-aging-report.spec.ts:[2m14:6[22m[39m
    [90m 12| [39m[35mimport[39m { test[33m,[39m expect[33m,[39m [33mPage[39m } [35mfrom[39m [32m'@playwright/test'[39m
    [90m 13| [39m
    [90m 14| [39mtest[33m.[39m[34mdescribe[39m([32m'F6 - A/P Aging Report'[39m[33m,[39m () [33m=>[39m {
    [90m   | [39m     [31m^[39m
    [90m 15| [39m  [35mlet[39m page[33m:[39m [33mPage[39m
    [90m 16| [39m

[31m[2m⎯⎯⎯⎯⎯⎯⎯⎯⎯⎯⎯⎯⎯⎯⎯⎯⎯⎯⎯⎯⎯[11/133]⎯[22m[39m

[41m[1m FAIL [22m[49m e2e/g4-consolidated-invoicing.spec.ts[2m [ e2e/g4-consolidated-invoicing.spec.ts ][22m
[31m[1mError[22m: Playwright Test did not expect test.describe() to be called here.
Most common reasons include:
- You are calling test.describe() in a configuration file.
- You are calling test.describe() in a file that is imported by the configuration file.
- You have two different versions of @playwright/test. This usually happens
  when one of the dependencies in your package.json depends on @playwright/test.[39m
[90m [2m❯[22m TestTypeImpl._currentSuite node_modules/playwright/lib/common/testType.js:[2m75:13[22m[39m
[90m [2m❯[22m TestTypeImpl._describe node_modules/playwright/lib/common/testType.js:[2m115:24[22m[39m
[90m [2m❯[22m Function.describe node_modules/playwright/lib/transform/transform.js:[2m275:12[22m[39m
[36m [2m❯[22m e2e/g4-consolidated-invoicing.spec.ts:[2m12:6[22m[39m
    [90m 10| [39m[35mimport[39m { test[33m,[39m expect } [35mfrom[39m [32m'@playwright/test'[39m[33m;[39m
    [90m 11| [39m
    [90m 12| [39mtest[33m.[39m[34mdescribe[39m([32m'G4: Consolidated Invoicing'[39m[33m,[39m () [33m=>[39m {
    [90m   | [39m     [31m^[39m
    [90m 13| [39m  test[33m.[39m[34mbeforeEach[39m([35masync[39m ({ page }) [33m=>[39m {
    [90m 14| [39m    [90m// Navigate to the app (adjust URL as needed)[39m

[31m[2m⎯⎯⎯⎯⎯⎯⎯⎯⎯⎯⎯⎯⎯⎯⎯⎯⎯⎯⎯⎯⎯[12/133]⎯[22m[39m

[41m[1m FAIL [22m[49m e2e/group-d-integration.spec.ts[2m [ e2e/group-d-integration.spec.ts ][22m
[31m[1mError[22m: Playwright Test did not expect test.describe() to be called here.
Most common reasons include:
- You are calling test.describe() in a configuration file.
- You are calling test.describe() in a file that is imported by the configuration file.
- You have two different versions of @playwright/test. This usually happens
  when one of the dependencies in your package.json depends on @playwright/test.[39m
[90m [2m❯[22m TestTypeImpl._currentSuite node_modules/playwright/lib/common/testType.js:[2m75:13[22m[39m
[90m [2m❯[22m TestTypeImpl._describe node_modules/playwright/lib/common/testType.js:[2m115:24[22m[39m
[90m [2m❯[22m Function.describe node_modules/playwright/lib/transform/transform.js:[2m275:12[22m[39m
[36m [2m❯[22m e2e/group-d-integration.spec.ts:[2m16:6[22m[39m
    [90m 14| [39m[35mimport[39m { checkAccessibility } [35mfrom[39m [32m'./helpers/accessibility'[39m
    [90m 15| [39m
    [90m 16| [39mtest[33m.[39m[34mdescribe[39m([32m'Group D: Complete User Journey'[39m[33m,[39m () [33m=>[39m {
    [90m   | [39m     [31m^[39m
    [90m 17| [39m  test('should complete full first-time user workflow', async ({ page …
    [90m 18| [39m    [35mawait[39m [34mclearUserData[39m(page)

[31m[2m⎯⎯⎯⎯⎯⎯⎯⎯⎯⎯⎯⎯⎯⎯⎯⎯⎯⎯⎯⎯⎯[13/133]⎯[22m[39m

[41m[1m FAIL [22m[49m e2e/h-multi-user-collaboration.spec.ts[2m [ e2e/h-multi-user-collaboration.spec.ts ][22m
[31m[1mError[22m: Playwright Test did not expect test.describe() to be called here.
Most common reasons include:
- You are calling test.describe() in a configuration file.
- You are calling test.describe() in a file that is imported by the configuration file.
- You have two different versions of @playwright/test. This usually happens
  when one of the dependencies in your package.json depends on @playwright/test.[39m
[90m [2m❯[22m TestTypeImpl._currentSuite node_modules/playwright/lib/common/testType.js:[2m75:13[22m[39m
[90m [2m❯[22m TestTypeImpl._describe node_modules/playwright/lib/common/testType.js:[2m115:24[22m[39m
[90m [2m❯[22m Function.describe node_modules/playwright/lib/transform/transform.js:[2m275:12[22m[39m
[36m [2m❯[22m e2e/h-multi-user-collaboration.spec.ts:[2m15:6[22m[39m
    [90m 13| [39m[35mimport[39m { test[33m,[39m expect } [35mfrom[39m [32m'@playwright/test'[39m[33m;[39m
    [90m 14| [39m
    [90m 15| [39mtest[33m.[39m[34mdescribe[39m([32m'Multi-User Team Collaboration'[39m[33m,[39m () [33m=>[39m {
    [90m   | [39m     [31m^[39m
    [90m 16| [39m  test[33m.[39m[34mbeforeEach[39m([35masync[39m ({ page }) [33m=>[39m {
    [90m 17| [39m    [90m// Setup: Login as admin[39m

[31m[2m⎯⎯⎯⎯⎯⎯⎯⎯⎯⎯⎯⎯⎯⎯⎯⎯⎯⎯⎯⎯⎯[14/133]⎯[22m[39m

[41m[1m FAIL [22m[49m e2e/journalEntries.spec.ts[2m [ e2e/journalEntries.spec.ts ][22m
[31m[1mError[22m: Playwright Test did not expect test.describe() to be called here.
Most common reasons include:
- You are calling test.describe() in a configuration file.
- You are calling test.describe() in a file that is imported by the configuration file.
- You have two different versions of @playwright/test. This usually happens
  when one of the dependencies in your package.json depends on @playwright/test.[39m
[90m [2m❯[22m TestTypeImpl._currentSuite node_modules/playwright/lib/common/testType.js:[2m75:13[22m[39m
[90m [2m❯[22m TestTypeImpl._describe node_modules/playwright/lib/common/testType.js:[2m115:24[22m[39m
[90m [2m❯[22m Function.describe node_modules/playwright/lib/transform/transform.js:[2m275:12[22m[39m
[36m [2m❯[22m e2e/journalEntries.spec.ts:[2m13:6[22m[39m
    [90m 11| [39m[35mimport[39m { test[33m,[39m expect } [35mfrom[39m [32m'@playwright/test'[39m[33m;[39m
    [90m 12| [39m
    [90m 13| [39mtest[33m.[39m[34mdescribe[39m([32m'Journal Entries'[39m[33m,[39m () [33m=>[39m {
    [90m   | [39m     [31m^[39m
    [90m 14| [39m  test[33m.[39m[34mbeforeEach[39m([35masync[39m ({ page }) [33m=>[39m {
    [90m 15| [39m    [90m// Login and navigate to journal entries[39m

[31m[2m⎯⎯⎯⎯⎯⎯⎯⎯⎯⎯⎯⎯⎯⎯⎯⎯⎯⎯⎯⎯⎯[15/133]⎯[22m[39m

[41m[1m FAIL [22m[49m e2e/reportBuilder.spec.ts[2m [ e2e/reportBuilder.spec.ts ][22m
[31m[1mError[22m: Playwright Test did not expect test.describe() to be called here.
Most common reasons include:
- You are calling test.describe() in a configuration file.
- You are calling test.describe() in a file that is imported by the configuration file.
- You have two different versions of @playwright/test. This usually happens
  when one of the dependencies in your package.json depends on @playwright/test.[39m
[90m [2m❯[22m TestTypeImpl._currentSuite node_modules/playwright/lib/common/testType.js:[2m75:13[22m[39m
[90m [2m❯[22m TestTypeImpl._describe node_modules/playwright/lib/common/testType.js:[2m115:24[22m[39m
[90m [2m❯[22m Function.describe node_modules/playwright/lib/transform/transform.js:[2m275:12[22m[39m
[36m [2m❯[22m e2e/reportBuilder.spec.ts:[2m12:6[22m[39m
    [90m 10| [39m[35mimport[39m { test[33m,[39m expect } [35mfrom[39m [32m'@playwright/test'[39m[33m;[39m
    [90m 11| [39m
    [90m 12| [39mtest[33m.[39m[34mdescribe[39m([32m'Custom Report Builder'[39m[33m,[39m () [33m=>[39m {
    [90m   | [39m     [31m^[39m
    [90m 13| [39m  test[33m.[39m[34mbeforeEach[39m([35masync[39m ({ page }) [33m=>[39m {
    [90m 14| [39m    [90m// Navigate to report builder[39m

[31m[2m⎯⎯⎯⎯⎯⎯⎯⎯⎯⎯⎯⎯⎯⎯⎯⎯⎯⎯⎯⎯⎯[16/133]⎯[22m[39m

[41m[1m FAIL [22m[49m tests/e2e/clientPortal.spec.ts[2m [ tests/e2e/clientPortal.spec.ts ][22m
[31m[1mError[22m: Playwright Test did not expect test.describe() to be called here.
Most common reasons include:
- You are calling test.describe() in a configuration file.
- You are calling test.describe() in a file that is imported by the configuration file.
- You have two different versions of @playwright/test. This usually happens
  when one of the dependencies in your package.json depends on @playwright/test.[39m
[90m [2m❯[22m TestTypeImpl._currentSuite node_modules/playwright/lib/common/testType.js:[2m75:13[22m[39m
[90m [2m❯[22m TestTypeImpl._describe node_modules/playwright/lib/common/testType.js:[2m115:24[22m[39m
[90m [2m❯[22m Function.describe node_modules/playwright/lib/transform/transform.js:[2m275:12[22m[39m
[36m [2m❯[22m tests/e2e/clientPortal.spec.ts:[2m14:6[22m[39m
    [90m 12| [39m[35mimport[39m { test[33m,[39m expect[33m,[39m type [33mPage[39m } [35mfrom[39m [32m'@playwright/test'[39m[33m;[39m
    [90m 13| [39m
    [90m 14| [39mtest[33m.[39m[34mdescribe[39m([32m'Client Portal'[39m[33m,[39m () [33m=>[39m {
    [90m   | [39m     [31m^[39m
    [90m 15| [39m  [35mlet[39m portalUrl[33m:[39m string[33m;[39m
    [90m 16| [39m

[31m[2m⎯⎯⎯⎯⎯⎯⎯⎯⎯⎯⎯⎯⎯⎯⎯⎯⎯⎯⎯⎯⎯[17/133]⎯[22m[39m

[41m[1m FAIL [22m[49m src/__tests__/e2e/groupE.e2e.test.ts[2m [ src/__tests__/e2e/groupE.e2e.test.ts ][22m
[31m[1mError[22m: Playwright Test did not expect test.describe() to be called here.
Most common reasons include:
- You are calling test.describe() in a configuration file.
- You are calling test.describe() in a file that is imported by the configuration file.
- You have two different versions of @playwright/test. This usually happens
  when one of the dependencies in your package.json depends on @playwright/test.[39m
[90m [2m❯[22m TestTypeImpl._currentSuite node_modules/playwright/lib/common/testType.js:[2m75:13[22m[39m
[90m [2m❯[22m TestTypeImpl._describe node_modules/playwright/lib/common/testType.js:[2m115:24[22m[39m
[90m [2m❯[22m Function.describe node_modules/playwright/lib/transform/transform.js:[2m275:12[22m[39m
[36m [2m❯[22m src/__tests__/e2e/groupE.e2e.test.ts:[2m16:6[22m[39m
    [90m 14| [39m[35mimport[39m { test[33m,[39m expect } [35mfrom[39m [32m'@playwright/test'[39m[33m;[39m
    [90m 15| [39m
    [90m 16| [39mtest[33m.[39m[34mdescribe[39m([32m'Group E E2E Tests'[39m[33m,[39m () [33m=>[39m {
    [90m   | [39m     [31m^[39m
    [90m 17| [39m  test[33m.[39m[34mbeforeEach[39m([35masync[39m ({ page }) [33m=>[39m {
    [90m 18| [39m    [90m// Navigate to app[39m

[31m[2m⎯⎯⎯⎯⎯⎯⎯⎯⎯⎯⎯⎯⎯⎯⎯⎯⎯⎯⎯⎯⎯[18/133]⎯[22m[39m


[31m⎯⎯⎯⎯⎯⎯[39m[1m[41m Failed Tests 115 [49m[22m[31m⎯⎯⎯⎯⎯⎯[39m

[41m[1m FAIL [22m[49m src/crypto/keyDerivation.test.ts[2m > [22mKey Derivation Module[2m > [22mderiveMasterKey[2m > [22mshould fail with insufficient memory cost
[31m[1mAssertionError[22m: expected 'UNKNOWN_ERROR' to be 'INVALID_KEY' // Object.is equality[39m

Expected: [32m"INVALID_KEY"[39m
Received: [31m"UNKNOWN_ERROR"[39m

[36m [2m❯[22m src/crypto/keyDerivation.test.ts:[2m115:32[22m[39m
    [90m113| [39m
    [90m114| [39m      [34mexpect[39m(result[33m.[39msuccess)[33m.[39m[34mtoBe[39m([35mfalse[39m)[33m;[39m
    [90m115| [39m      [34mexpect[39m(result[33m.[39merrorCode)[33m.[39m[34mtoBe[39m([32m'INVALID_KEY'[39m)[33m;[39m
    [90m   | [39m                               [31m^[39m
    [90m116| [39m      [34mexpect[39m(result[33m.[39merror)[33m.[39m[34mtoContain[39m([32m'Memory cost'[39m)[33m;[39m
    [90m117| [39m    })[33m;[39m

[31m[2m⎯⎯⎯⎯⎯⎯⎯⎯⎯⎯⎯⎯⎯⎯⎯⎯⎯⎯⎯⎯⎯[19/133]⎯[22m[39m

[41m[1m FAIL [22m[49m src/crypto/keyDerivation.test.ts[2m > [22mKey Derivation Module[2m > [22mderiveMasterKey[2m > [22mshould fail with insufficient time cost
[31m[1mAssertionError[22m: expected 'UNKNOWN_ERROR' to be 'INVALID_KEY' // Object.is equality[39m

Expected: [32m"INVALID_KEY"[39m
Received: [31m"UNKNOWN_ERROR"[39m

[36m [2m❯[22m src/crypto/keyDerivation.test.ts:[2m128:32[22m[39m
    [90m126| [39m
    [90m127| [39m      [34mexpect[39m(result[33m.[39msuccess)[33m.[39m[34mtoBe[39m([35mfalse[39m)[33m;[39m
    [90m128| [39m      [34mexpect[39m(result[33m.[39merrorCode)[33m.[39m[34mtoBe[39m([32m'INVALID_KEY'[39m)[33m;[39m
    [90m   | [39m                               [31m^[39m
    [90m129| [39m      [34mexpect[39m(result[33m.[39merror)[33m.[39m[34mtoContain[39m([32m'Time cost'[39m)[33m;[39m
    [90m130| [39m    })[33m;[39m

[31m[2m⎯⎯⎯⎯⎯⎯⎯⎯⎯⎯⎯⎯⎯⎯⎯⎯⎯⎯⎯⎯⎯[20/133]⎯[22m[39m

[41m[1m FAIL [22m[49m src/crypto/keyDerivation.test.ts[2m > [22mKey Derivation Module[2m > [22mderiveMasterKey[2m > [22mshould fail with wrong key length
[31m[1mAssertionError[22m: expected 'UNKNOWN_ERROR' to be 'INVALID_KEY' // Object.is equality[39m

Expected: [32m"INVALID_KEY"[39m
Received: [31m"UNKNOWN_ERROR"[39m

[36m [2m❯[22m src/crypto/keyDerivation.test.ts:[2m141:32[22m[39m
    [90m139| [39m
    [90m140| [39m      [34mexpect[39m(result[33m.[39msuccess)[33m.[39m[34mtoBe[39m([35mfalse[39m)[33m;[39m
    [90m141| [39m      [34mexpect[39m(result[33m.[39merrorCode)[33m.[39m[34mtoBe[39m([32m'INVALID_KEY'[39m)[33m;[39m
    [90m   | [39m                               [31m^[39m
    [90m142| [39m      [34mexpect[39m(result[33m.[39merror)[33m.[39m[34mtoContain[39m([32m'Key length'[39m)[33m;[39m
    [90m143| [39m    })[33m;[39m

[31m[2m⎯⎯⎯⎯⎯⎯⎯⎯⎯⎯⎯⎯⎯⎯⎯⎯⎯⎯⎯⎯⎯[21/133]⎯[22m[39m

[41m[1m FAIL [22m[49m src/crypto/keyDerivation.test.ts[2m > [22mKey Derivation Module[2m > [22mderiveMasterKey[2m > [22mshould generate deterministic key with same passphrase and salt
[31m[1mAssertionError[22m: expected false to be true // Object.is equality[39m

[32m- Expected[39m
[31m+ Received[39m

[32m- true[39m
[31m+ false[39m

[36m [2m❯[22m src/crypto/keyDerivation.test.ts:[2m152:31[22m[39m
    [90m150| [39m      [35mconst[39m result2 [33m=[39m [35mawait[39m [34mderiveMasterKey[39m(passphrase[33m,[39m salt)[33m;[39m
    [90m151| [39m
    [90m152| [39m      [34mexpect[39m(result1[33m.[39msuccess)[33m.[39m[34mtoBe[39m([35mtrue[39m)[33m;[39m
    [90m   | [39m                              [31m^[39m
    [90m153| [39m      [34mexpect[39m(result2[33m.[39msuccess)[33m.[39m[34mtoBe[39m([35mtrue[39m)[33m;[39m
    [90m154| [39m      expect(result1.data?.keyMaterial).toEqual(result2.data?.keyMater…

[31m[2m⎯⎯⎯⎯⎯⎯⎯⎯⎯⎯⎯⎯⎯⎯⎯⎯⎯⎯⎯⎯⎯[22/133]⎯[22m[39m

[41m[1m FAIL [22m[49m src/crypto/keyDerivation.test.ts[2m > [22mKey Derivation Module[2m > [22mderiveMasterKey[2m > [22mshould generate different keys with different salts
[31m[1mAssertionError[22m: expected false to be true // Object.is equality[39m

[32m- Expected[39m
[31m+ Received[39m

[32m- true[39m
[31m+ false[39m

[36m [2m❯[22m src/crypto/keyDerivation.test.ts:[2m166:31[22m[39m
    [90m164| [39m      [35mconst[39m result2 [33m=[39m [35mawait[39m [34mderiveMasterKey[39m(passphrase[33m,[39m salt2)[33m;[39m
    [90m165| [39m
    [90m166| [39m      [34mexpect[39m(result1[33m.[39msuccess)[33m.[39m[34mtoBe[39m([35mtrue[39m)[33m;[39m
    [90m   | [39m                              [31m^[39m
    [90m167| [39m      [34mexpect[39m(result2[33m.[39msuccess)[33m.[39m[34mtoBe[39m([35mtrue[39m)[33m;[39m
    [90m168| [39m      expect(result1.data?.keyMaterial).not.toEqual(result2.data?.keyM…

[31m[2m⎯⎯⎯⎯⎯⎯⎯⎯⎯⎯⎯⎯⎯⎯⎯⎯⎯⎯⎯⎯⎯[23/133]⎯[22m[39m

[41m[1m FAIL [22m[49m src/crypto/keyDerivation.test.ts[2m > [22mKey Derivation Module[2m > [22mderiveMasterKey[2m > [22mshould generate different keys with different passphrases
[31m[1mAssertionError[22m: expected false to be true // Object.is equality[39m

[32m- Expected[39m
[31m+ Received[39m

[32m- true[39m
[31m+ false[39m

[36m [2m❯[22m src/crypto/keyDerivation.test.ts:[2m178:31[22m[39m
    [90m176| [39m      [35mconst[39m result2 [33m=[39m [35mawait[39m [34mderiveMasterKey[39m([32m'passphrase two'[39m[33m,[39m salt)[33m;[39m
    [90m177| [39m
    [90m178| [39m      [34mexpect[39m(result1[33m.[39msuccess)[33m.[39m[34mtoBe[39m([35mtrue[39m)[33m;[39m
    [90m   | [39m                              [31m^[39m
    [90m179| [39m      [34mexpect[39m(result2[33m.[39msuccess)[33m.[39m[34mtoBe[39m([35mtrue[39m)[33m;[39m
    [90m180| [39m      expect(result1.data?.keyMaterial).not.toEqual(result2.data?.keyM…

[31m[2m⎯⎯⎯⎯⎯⎯⎯⎯⎯⎯⎯⎯⎯⎯⎯⎯⎯⎯⎯⎯⎯[24/133]⎯[22m[39m

[41m[1m FAIL [22m[49m src/crypto/keyDerivation.test.ts[2m > [22mKey Derivation Module[2m > [22mderiveMasterKey[2m > [22mshould handle Unicode passphrases
[31m[1mAssertionError[22m: expected false to be true // Object.is equality[39m

[32m- Expected[39m
[31m+ Received[39m

[32m- true[39m
[31m+ false[39m

[36m [2m❯[22m src/crypto/keyDerivation.test.ts:[2m188:30[22m[39m
    [90m186| [39m      [35mconst[39m result [33m=[39m [35mawait[39m [34mderiveMasterKey[39m(passphrase)[33m;[39m
    [90m187| [39m
    [90m188| [39m      [34mexpect[39m(result[33m.[39msuccess)[33m.[39m[34mtoBe[39m([35mtrue[39m)[33m;[39m
    [90m   | [39m                             [31m^[39m
    [90m189| [39m      [34mexpect[39m(result[33m.[39mdata)[33m.[39m[34mtoBeDefined[39m()[33m;[39m
    [90m190| [39m    })[33m;[39m

[31m[2m⎯⎯⎯⎯⎯⎯⎯⎯⎯⎯⎯⎯⎯⎯⎯⎯⎯⎯⎯⎯⎯[25/133]⎯[22m[39m

[41m[1m FAIL [22m[49m src/crypto/keyDerivation.test.ts[2m > [22mKey Derivation Module[2m > [22mderiveMasterKey[2m > [22mshould handle very long passphrases
[31m[1mAssertionError[22m: expected false to be true // Object.is equality[39m

[32m- Expected[39m
[31m+ Received[39m

[32m- true[39m
[31m+ false[39m

[36m [2m❯[22m src/crypto/keyDerivation.test.ts:[2m196:30[22m[39m
    [90m194| [39m      [35mconst[39m result [33m=[39m [35mawait[39m [34mderiveMasterKey[39m(passphrase)[33m;[39m
    [90m195| [39m
    [90m196| [39m      [34mexpect[39m(result[33m.[39msuccess)[33m.[39m[34mtoBe[39m([35mtrue[39m)[33m;[39m
    [90m   | [39m                             [31m^[39m
    [90m197| [39m      [34mexpect[39m(result[33m.[39mdata)[33m.[39m[34mtoBeDefined[39m()[33m;[39m
    [90m198| [39m    })[33m;[39m

[31m[2m⎯⎯⎯⎯⎯⎯⎯⎯⎯⎯⎯⎯⎯⎯⎯⎯⎯⎯⎯⎯⎯[26/133]⎯[22m[39m

[41m[1m FAIL [22m[49m src/crypto/keyDerivation.test.ts[2m > [22mKey Derivation Module[2m > [22mrederiveMasterKey[2m > [22mshould rederive the same key with same params
[31m[1mAssertionError[22m: expected false to be true // Object.is equality[39m

[32m- Expected[39m
[31m+ Received[39m

[32m- true[39m
[31m+ false[39m

[36m [2m❯[22m src/crypto/keyDerivation.test.ts:[2m206:38[22m[39m
    [90m204| [39m      [35mconst[39m originalResult [33m=[39m [35mawait[39m [34mderiveMasterKey[39m(passphrase)[33m;[39m
    [90m205| [39m
    [90m206| [39m      [34mexpect[39m(originalResult[33m.[39msuccess)[33m.[39m[34mtoBe[39m([35mtrue[39m)[33m;[39m
    [90m   | [39m                                     [31m^[39m
    [90m207| [39m      [34mexpect[39m(originalResult[33m.[39mdata)[33m.[39m[34mtoBeDefined[39m()[33m;[39m
    [90m208| [39m

[31m[2m⎯⎯⎯⎯⎯⎯⎯⎯⎯⎯⎯⎯⎯⎯⎯⎯⎯⎯⎯⎯⎯[27/133]⎯[22m[39m

[41m[1m FAIL [22m[49m src/crypto/keyDerivation.test.ts[2m > [22mKey Derivation Module[2m > [22mrederiveMasterKey[2m > [22mshould fail with wrong passphrase
[31m[1mAssertionError[22m: expected false to be true // Object.is equality[39m

[32m- Expected[39m
[31m+ Received[39m

[32m- true[39m
[31m+ false[39m

[36m [2m❯[22m src/crypto/keyDerivation.test.ts:[2m224:38[22m[39m
    [90m222| [39m      const originalResult = await deriveMasterKey('correct passphrase…
    [90m223| [39m
    [90m224| [39m      [34mexpect[39m(originalResult[33m.[39msuccess)[33m.[39m[34mtoBe[39m([35mtrue[39m)[33m;[39m
    [90m   | [39m                                     [31m^[39m
    [90m225| [39m      [34mexpect[39m(originalResult[33m.[39mdata)[33m.[39m[34mtoBeDefined[39m()[33m;[39m
    [90m226| [39m

[31m[2m⎯⎯⎯⎯⎯⎯⎯⎯⎯⎯⎯⎯⎯⎯⎯⎯⎯⎯⎯⎯⎯[28/133]⎯[22m[39m

[41m[1m FAIL [22m[49m src/crypto/keyDerivation.test.ts[2m > [22mKey Derivation Module[2m > [22mverifyPassphrase[2m > [22mshould verify correct passphrase
[31m[1mAssertionError[22m: expected false to be true // Object.is equality[39m

[32m- Expected[39m
[31m+ Received[39m

[32m- true[39m
[31m+ false[39m

[36m [2m❯[22m src/crypto/keyDerivation.test.ts:[2m242:33[22m[39m
    [90m240| [39m      [35mconst[39m keyResult [33m=[39m [35mawait[39m [34mderiveMasterKey[39m(passphrase)[33m;[39m
    [90m241| [39m
    [90m242| [39m      [34mexpect[39m(keyResult[33m.[39msuccess)[33m.[39m[34mtoBe[39m([35mtrue[39m)[33m;[39m
    [90m   | [39m                                [31m^[39m
    [90m243| [39m      [34mexpect[39m(keyResult[33m.[39mdata)[33m.[39m[34mtoBeDefined[39m()[33m;[39m
    [90m244| [39m

[31m[2m⎯⎯⎯⎯⎯⎯⎯⎯⎯⎯⎯⎯⎯⎯⎯⎯⎯⎯⎯⎯⎯[29/133]⎯[22m[39m

[41m[1m FAIL [22m[49m src/crypto/keyDerivation.test.ts[2m > [22mKey Derivation Module[2m > [22mverifyPassphrase[2m > [22mshould reject incorrect passphrase
[31m[1mAssertionError[22m: expected false to be true // Object.is equality[39m

[32m- Expected[39m
[31m+ Received[39m

[32m- true[39m
[31m+ false[39m

[36m [2m❯[22m src/crypto/keyDerivation.test.ts:[2m255:33[22m[39m
    [90m253| [39m      [35mconst[39m keyResult [33m=[39m [35mawait[39m [34mderiveMasterKey[39m(correctPassphrase)[33m;[39m
    [90m254| [39m
    [90m255| [39m      [34mexpect[39m(keyResult[33m.[39msuccess)[33m.[39m[34mtoBe[39m([35mtrue[39m)[33m;[39m
    [90m   | [39m                                [31m^[39m
    [90m256| [39m      [34mexpect[39m(keyResult[33m.[39mdata)[33m.[39m[34mtoBeDefined[39m()[33m;[39m
    [90m257| [39m

[31m[2m⎯⎯⎯⎯⎯⎯⎯⎯⎯⎯⎯⎯⎯⎯⎯⎯⎯⎯⎯⎯⎯[30/133]⎯[22m[39m

[41m[1m FAIL [22m[49m src/crypto/keyDerivation.test.ts[2m > [22mKey Derivation Module[2m > [22mverifyPassphrase[2m > [22mshould handle verification errors gracefully
[31m[1mAssertionError[22m: expected false to be true // Object.is equality[39m

[32m- Expected[39m
[31m+ Received[39m

[32m- true[39m
[31m+ false[39m

[36m [2m❯[22m src/crypto/keyDerivation.test.ts:[2m266:33[22m[39m
    [90m264| [39m      [35mconst[39m keyResult [33m=[39m [35mawait[39m [34mderiveMasterKey[39m(passphrase)[33m;[39m
    [90m265| [39m
    [90m266| [39m      [34mexpect[39m(keyResult[33m.[39msuccess)[33m.[39m[34mtoBe[39m([35mtrue[39m)[33m;[39m
    [90m   | [39m                                [31m^[39m
    [90m267| [39m      [34mexpect[39m(keyResult[33m.[39mdata)[33m.[39m[34mtoBeDefined[39m()[33m;[39m
    [90m268| [39m

[31m[2m⎯⎯⎯⎯⎯⎯⎯⎯⎯⎯⎯⎯⎯⎯⎯⎯⎯⎯⎯⎯⎯[31/133]⎯[22m[39m

[41m[1m FAIL [22m[49m src/crypto/keyDerivation.test.ts[2m > [22mKey Derivation Module[2m > [22mverifyPassphrase[2m > [22mshould use constant-time comparison
[31m[1mAssertionError[22m: expected false to be true // Object.is equality[39m

[32m- Expected[39m
[31m+ Received[39m

[32m- true[39m
[31m+ false[39m

[36m [2m❯[22m src/crypto/keyDerivation.test.ts:[2m277:33[22m[39m
    [90m275| [39m      [35mconst[39m keyResult [33m=[39m [35mawait[39m [34mderiveMasterKey[39m(passphrase)[33m;[39m
    [90m276| [39m
    [90m277| [39m      [34mexpect[39m(keyResult[33m.[39msuccess)[33m.[39m[34mtoBe[39m([35mtrue[39m)[33m;[39m
    [90m   | [39m                                [31m^[39m
    [90m278| [39m      [34mexpect[39m(keyResult[33m.[39mdata)[33m.[39m[34mtoBeDefined[39m()[33m;[39m
    [90m279| [39m

[31m[2m⎯⎯⎯⎯⎯⎯⎯⎯⎯⎯⎯⎯⎯⎯⎯⎯⎯⎯⎯⎯⎯[32/133]⎯[22m[39m

[41m[1m FAIL [22m[49m src/crypto/keyDerivation.test.ts[2m > [22mKey Derivation Module[2m > [22mclearMasterKey[2m > [22mshould clear all sensitive data from master key
[31m[1mAssertionError[22m: expected false to be true // Object.is equality[39m

[32m- Expected[39m
[31m+ Received[39m

[32m- true[39m
[31m+ false[39m

[36m [2m❯[22m src/crypto/keyDerivation.test.ts:[2m353:30[22m[39m
    [90m351| [39m      [35mconst[39m result [33m=[39m [35mawait[39m [34mderiveMasterKey[39m(passphrase)[33m;[39m
    [90m352| [39m
    [90m353| [39m      [34mexpect[39m(result[33m.[39msuccess)[33m.[39m[34mtoBe[39m([35mtrue[39m)[33m;[39m
    [90m   | [39m                             [31m^[39m
    [90m354| [39m      [34mexpect[39m(result[33m.[39mdata)[33m.[39m[34mtoBeDefined[39m()[33m;[39m
    [90m355| [39m

[31m[2m⎯⎯⎯⎯⎯⎯⎯⎯⎯⎯⎯⎯⎯⎯⎯⎯⎯⎯⎯⎯⎯[33/133]⎯[22m[39m

[41m[1m FAIL [22m[49m src/crypto/keyDerivation.test.ts[2m > [22mKey Derivation Module[2m > [22msecurity properties[2m > [22mshould produce keys with high entropy
[31m[1mAssertionError[22m: expected false to be true // Object.is equality[39m

[32m- Expected[39m
[31m+ Received[39m

[32m- true[39m
[31m+ false[39m

[36m [2m❯[22m src/crypto/keyDerivation.test.ts:[2m382:30[22m[39m
    [90m380| [39m      [35mconst[39m result [33m=[39m [35mawait[39m [34mderiveMasterKey[39m(passphrase)[33m;[39m
    [90m381| [39m
    [90m382| [39m      [34mexpect[39m(result[33m.[39msuccess)[33m.[39m[34mtoBe[39m([35mtrue[39m)[33m;[39m
    [90m   | [39m                             [31m^[39m
    [90m383| [39m      [34mexpect[39m(result[33m.[39mdata)[33m.[39m[34mtoBeDefined[39m()[33m;[39m
    [90m384| [39m

[31m[2m⎯⎯⎯⎯⎯⎯⎯⎯⎯⎯⎯⎯⎯⎯⎯⎯⎯⎯⎯⎯⎯[34/133]⎯[22m[39m

[41m[1m FAIL [22m[49m src/crypto/keyDerivation.test.ts[2m > [22mKey Derivation Module[2m > [22msecurity properties[2m > [22mshould resist rainbow table attacks (unique salt per key)
[31m[1mAssertionError[22m: expected false to be true // Object.is equality[39m

[32m- Expected[39m
[31m+ Received[39m

[32m- true[39m
[31m+ false[39m

[36m [2m❯[22m src/crypto/keyDerivation.test.ts:[2m408:31[22m[39m
    [90m406| [39m      [35mconst[39m result2 [33m=[39m [35mawait[39m [34mderiveMasterKey[39m(passphrase)[33m;[39m
    [90m407| [39m
    [90m408| [39m      [34mexpect[39m(result1[33m.[39msuccess)[33m.[39m[34mtoBe[39m([35mtrue[39m)[33m;[39m
    [90m   | [39m                              [31m^[39m
    [90m409| [39m      [34mexpect[39m(result2[33m.[39msuccess)[33m.[39m[34mtoBe[39m([35mtrue[39m)[33m;[39m
    [90m410| [39m

[31m[2m⎯⎯⎯⎯⎯⎯⎯⎯⎯⎯⎯⎯⎯⎯⎯⎯⎯⎯⎯⎯⎯[35/133]⎯[22m[39m

[41m[1m FAIL [22m[49m src/crypto/keyDerivation.test.ts[2m > [22mKey Derivation Module[2m > [22msecurity properties[2m > [22mshould meet minimum security requirements
[31m[1mAssertionError[22m: expected false to be true // Object.is equality[39m

[32m- Expected[39m
[31m+ Received[39m

[32m- true[39m
[31m+ false[39m

[36m [2m❯[22m src/crypto/keyDerivation.test.ts:[2m420:30[22m[39m
    [90m418| [39m      [35mconst[39m result [33m=[39m [35mawait[39m [34mderiveMasterKey[39m(passphrase)[33m;[39m
    [90m419| [39m
    [90m420| [39m      [34mexpect[39m(result[33m.[39msuccess)[33m.[39m[34mtoBe[39m([35mtrue[39m)[33m;[39m
    [90m   | [39m                             [31m^[39m
    [90m421| [39m      [34mexpect[39m(result[33m.[39mdata)[33m.[39m[34mtoBeDefined[39m()[33m;[39m
    [90m422| [39m

[31m[2m⎯⎯⎯⎯⎯⎯⎯⎯⎯⎯⎯⎯⎯⎯⎯⎯⎯⎯⎯⎯⎯[36/133]⎯[22m[39m

[41m[1m FAIL [22m[49m src/crypto/keyDerivation.test.ts[2m > [22mKey Derivation Module[2m > [22medge cases[2m > [22mshould handle passphrases with special characters
[31m[1mAssertionError[22m: expected false to be true // Object.is equality[39m

[32m- Expected[39m
[31m+ Received[39m

[32m- true[39m
[31m+ false[39m

[36m [2m❯[22m src/crypto/keyDerivation.test.ts:[2m438:30[22m[39m
    [90m436| [39m      [35mconst[39m result [33m=[39m [35mawait[39m [34mderiveMasterKey[39m(passphrase)[33m;[39m
    [90m437| [39m
    [90m438| [39m      [34mexpect[39m(result[33m.[39msuccess)[33m.[39m[34mtoBe[39m([35mtrue[39m)[33m;[39m
    [90m   | [39m                             [31m^[39m
    [90m439| [39m      [34mexpect[39m(result[33m.[39mdata)[33m.[39m[34mtoBeDefined[39m()[33m;[39m
    [90m440| [39m    })[33m;[39m

[31m[2m⎯⎯⎯⎯⎯⎯⎯⎯⎯⎯⎯⎯⎯⎯⎯⎯⎯⎯⎯⎯⎯[37/133]⎯[22m[39m

[41m[1m FAIL [22m[49m src/crypto/keyDerivation.test.ts[2m > [22mKey Derivation Module[2m > [22medge cases[2m > [22mshould handle passphrases with whitespace
[31m[1mAssertionError[22m: expected false to be true // Object.is equality[39m

[32m- Expected[39m
[31m+ Received[39m

[32m- true[39m
[31m+ false[39m

[36m [2m❯[22m src/crypto/keyDerivation.test.ts:[2m446:30[22m[39m
    [90m444| [39m      [35mconst[39m result [33m=[39m [35mawait[39m [34mderiveMasterKey[39m(passphrase)[33m;[39m
    [90m445| [39m
    [90m446| [39m      [34mexpect[39m(result[33m.[39msuccess)[33m.[39m[34mtoBe[39m([35mtrue[39m)[33m;[39m
    [90m   | [39m                             [31m^[39m
    [90m447| [39m      [34mexpect[39m(result[33m.[39mdata)[33m.[39m[34mtoBeDefined[39m()[33m;[39m
    [90m448| [39m    })[33m;[39m

[31m[2m⎯⎯⎯⎯⎯⎯⎯⎯⎯⎯⎯⎯⎯⎯⎯⎯⎯⎯⎯⎯⎯[38/133]⎯[22m[39m

[41m[1m FAIL [22m[49m src/crypto/keyDerivation.test.ts[2m > [22mKey Derivation Module[2m > [22medge cases[2m > [22mshould handle passphrases with newlines and tabs
[31m[1mAssertionError[22m: expected false to be true // Object.is equality[39m

[32m- Expected[39m
[31m+ Received[39m

[32m- true[39m
[31m+ false[39m

[36m [2m❯[22m src/crypto/keyDerivation.test.ts:[2m454:30[22m[39m
    [90m452| [39m      [35mconst[39m result [33m=[39m [35mawait[39m [34mderiveMasterKey[39m(passphrase)[33m;[39m
    [90m453| [39m
    [90m454| [39m      [34mexpect[39m(result[33m.[39msuccess)[33m.[39m[34mtoBe[39m([35mtrue[39m)[33m;[39m
    [90m   | [39m                             [31m^[39m
    [90m455| [39m      [34mexpect[39m(result[33m.[39mdata)[33m.[39m[34mtoBeDefined[39m()[33m;[39m
    [90m456| [39m    })[33m;[39m

[31m[2m⎯⎯⎯⎯⎯⎯⎯⎯⎯⎯⎯⎯⎯⎯⎯⎯⎯⎯⎯⎯⎯[39/133]⎯[22m[39m

[41m[1m FAIL [22m[49m src/crypto/keyDerivation.test.ts[2m > [22mKey Derivation Module[2m > [22medge cases[2m > [22mshould handle numeric passphrases
[31m[1mAssertionError[22m: expected false to be true // Object.is equality[39m

[32m- Expected[39m
[31m+ Received[39m

[32m- true[39m
[31m+ false[39m

[36m [2m❯[22m src/crypto/keyDerivation.test.ts:[2m462:30[22m[39m
    [90m460| [39m      [35mconst[39m result [33m=[39m [35mawait[39m [34mderiveMasterKey[39m(passphrase)[33m;[39m
    [90m461| [39m
    [90m462| [39m      [34mexpect[39m(result[33m.[39msuccess)[33m.[39m[34mtoBe[39m([35mtrue[39m)[33m;[39m
    [90m   | [39m                             [31m^[39m
    [90m463| [39m      [34mexpect[39m(result[33m.[39mdata)[33m.[39m[34mtoBeDefined[39m()[33m;[39m
    [90m464| [39m    })[33m;[39m

[31m[2m⎯⎯⎯⎯⎯⎯⎯⎯⎯⎯⎯⎯⎯⎯⎯⎯⎯⎯⎯⎯⎯[40/133]⎯[22m[39m

[41m[1m FAIL [22m[49m src/crypto/keyDerivation.test.ts[2m > [22mKey Derivation Module[2m > [22medge cases[2m > [22mshould treat similar passphrases as different
[31m[1mAssertionError[22m: expected false to be true // Object.is equality[39m

[32m- Expected[39m
[31m+ Received[39m

[32m- true[39m
[31m+ false[39m

[36m [2m❯[22m src/crypto/keyDerivation.test.ts:[2m475:31[22m[39m
    [90m473| [39m      [35mconst[39m result2 [33m=[39m [35mawait[39m [34mderiveMasterKey[39m(passphrase2[33m,[39m salt)[33m;[39m
    [90m474| [39m
    [90m475| [39m      [34mexpect[39m(result1[33m.[39msuccess)[33m.[39m[34mtoBe[39m([35mtrue[39m)[33m;[39m
    [90m   | [39m                              [31m^[39m
    [90m476| [39m      [34mexpect[39m(result2[33m.[39msuccess)[33m.[39m[34mtoBe[39m([35mtrue[39m)[33m;[39m
    [90m477| [39m      [34mexpect[39m(result1[33m.[39mdata[33m?.[39mid)[33m.[39mnot[33m.[39m[34mtoBe[39m(result2[33m.[39mdata[33m?.[39mid)[33m;[39m

[31m[2m⎯⎯⎯⎯⎯⎯⎯⎯⎯⎯⎯⎯⎯⎯⎯⎯⎯⎯⎯⎯⎯[41/133]⎯[22m[39m

[41m[1m FAIL [22m[49m src/services/auditLogExtended.perf.test.ts[2m > [22mExtended Audit Log Performance Tests[2m > [22mSearch Performance with 100,000+ Entries[2m > [22mshould search all logs in <200ms
[31m[1mAssertionError[22m: expected 5047.268500000006 to be less than 200[39m
[36m [2m❯[22m src/services/auditLogExtended.perf.test.ts:[2m146:38[22m[39m
    [90m144| [39m      [34mexpect[39m(result[33m.[39mtotal)[33m.[39m[34mtoBe[39m([33mLARGE_DATASET_SIZE[39m)[33m;[39m
    [90m145| [39m      [34mexpect[39m(result[33m.[39mlogs[33m.[39mlength)[33m.[39m[34mtoBe[39m([34m100[39m)[33m;[39m
    [90m146| [39m      [34mexpect[39m(result[33m.[39mexecutionTimeMs)[33m.[39m[34mtoBeLessThan[39m([34m200[39m)[33m;[39m
    [90m   | [39m                                     [31m^[39m
    [90m147| [39m      [34mexpect[39m(endTime [33m-[39m startTime)[33m.[39m[34mtoBeLessThan[39m([34m500[39m)[33m;[39m
    [90m148| [39m    })[33m;[39m

[31m[2m⎯⎯⎯⎯⎯⎯⎯⎯⎯⎯⎯⎯⎯⎯⎯⎯⎯⎯⎯⎯⎯[42/133]⎯[22m[39m

[41m[1m FAIL [22m[49m src/services/auditLogExtended.perf.test.ts[2m > [22mExtended Audit Log Performance Tests[2m > [22mSearch Performance with 100,000+ Entries[2m > [22mshould perform date range search in <200ms
[31m[1mAssertionError[22m: expected 846.8508999999904 to be less than 200[39m
[36m [2m❯[22m src/services/auditLogExtended.perf.test.ts:[2m167:38[22m[39m
    [90m165| [39m      console[33m.[39m[34mlog[39m([32m`Found [39m[36m${[39mresult[33m.[39mtotal[36m}[39m[32m logs in date range`[39m)[33m;[39m
    [90m166| [39m
    [90m167| [39m      [34mexpect[39m(result[33m.[39mexecutionTimeMs)[33m.[39m[34mtoBeLessThan[39m([34m200[39m)[33m;[39m
    [90m   | [39m                                     [31m^[39m
    [90m168| [39m      [34mexpect[39m(endTime [33m-[39m startTime)[33m.[39m[34mtoBeLessThan[39m([34m500[39m)[33m;[39m
    [90m169| [39m    })[33m;[39m

[31m[2m⎯⎯⎯⎯⎯⎯⎯⎯⎯⎯⎯⎯⎯⎯⎯⎯⎯⎯⎯⎯⎯[43/133]⎯[22m[39m

[41m[1m FAIL [22m[49m src/services/auditLogExtended.perf.test.ts[2m > [22mExtended Audit Log Performance Tests[2m > [22mSearch Performance with 100,000+ Entries[2m > [22mshould perform full-text search in <200ms
[31m[1mAssertionError[22m: expected 4897.718900000007 to be less than 200[39m
[36m [2m❯[22m src/services/auditLogExtended.perf.test.ts:[2m183:38[22m[39m
    [90m181| [39m      console[33m.[39m[34mlog[39m([32m`Found [39m[36m${[39mresult[33m.[39mtotal[36m}[39m[32m matching logs`[39m)[33m;[39m
    [90m182| [39m
    [90m183| [39m      [34mexpect[39m(result[33m.[39mexecutionTimeMs)[33m.[39m[34mtoBeLessThan[39m([34m200[39m)[33m;[39m
    [90m   | [39m                                     [31m^[39m
    [90m184| [39m      [34mexpect[39m(endTime [33m-[39m startTime)[33m.[39m[34mtoBeLessThan[39m([34m500[39m)[33m;[39m
    [90m185| [39m    })[33m;[39m

[31m[2m⎯⎯⎯⎯⎯⎯⎯⎯⎯⎯⎯⎯⎯⎯⎯⎯⎯⎯⎯⎯⎯[44/133]⎯[22m[39m

[41m[1m FAIL [22m[49m src/services/auditLogExtended.perf.test.ts[2m > [22mExtended Audit Log Performance Tests[2m > [22mSearch Performance with 100,000+ Entries[2m > [22mshould perform complex filtered search in <200ms
[31m[1mAssertionError[22m: expected 805.431500000006 to be less than 200[39m
[36m [2m❯[22m src/services/auditLogExtended.perf.test.ts:[2m208:38[22m[39m
    [90m206| [39m      console[33m.[39m[34mlog[39m([32m`Found [39m[36m${[39mresult[33m.[39mtotal[36m}[39m[32m matching logs`[39m)[33m;[39m
    [90m207| [39m
    [90m208| [39m      [34mexpect[39m(result[33m.[39mexecutionTimeMs)[33m.[39m[34mtoBeLessThan[39m([34m200[39m)[33m;[39m
    [90m   | [39m                                     [31m^[39m
    [90m209| [39m      [34mexpect[39m(endTime [33m-[39m startTime)[33m.[39m[34mtoBeLessThan[39m([34m1000[39m)[33m;[39m
    [90m210| [39m    })[33m;[39m

[31m[2m⎯⎯⎯⎯⎯⎯⎯⎯⎯⎯⎯⎯⎯⎯⎯⎯⎯⎯⎯⎯⎯[45/133]⎯[22m[39m

[41m[1m FAIL [22m[49m src/services/auditLogExtended.perf.test.ts[2m > [22mExtended Audit Log Performance Tests[2m > [22mSearch Performance with 100,000+ Entries[2m > [22mshould handle pagination efficiently
[31m[1mAssertionError[22m: expected 6198.033900000009 to be less than 200[39m
[36m [2m❯[22m src/services/auditLogExtended.perf.test.ts:[2m227:40[22m[39m
    [90m225| [39m        timings[33m.[39m[34mpush[39m(endTime [33m-[39m startTime)[33m;[39m
    [90m226| [39m        [34mexpect[39m(result[33m.[39mlogs[33m.[39mlength)[33m.[39m[34mtoBe[39m([34m100[39m)[33m;[39m
    [90m227| [39m        [34mexpect[39m(result[33m.[39mexecutionTimeMs)[33m.[39m[34mtoBeLessThan[39m([34m200[39m)[33m;[39m
    [90m   | [39m                                       [31m^[39m
    [90m228| [39m      }
    [90m229| [39m

[31m[2m⎯⎯⎯⎯⎯⎯⎯⎯⎯⎯⎯⎯⎯⎯⎯⎯⎯⎯⎯⎯⎯[46/133]⎯[22m[39m

[41m[1m FAIL [22m[49m src/services/auditLogExtended.perf.test.ts[2m > [22mExtended Audit Log Performance Tests[2m > [22mTimeline Generation Performance[2m > [22mshould generate daily timeline in <200ms
[31m[1mAssertionError[22m: expected 761.4826000000176 to be less than 200[39m
[36m [2m❯[22m src/services/auditLogExtended.perf.test.ts:[2m254:38[22m[39m
    [90m252| [39m      console.log(`Generated ${result.entries.length} timeline entries…
    [90m253| [39m
    [90m254| [39m      [34mexpect[39m(result[33m.[39mexecutionTimeMs)[33m.[39m[34mtoBeLessThan[39m([34m200[39m)[33m;[39m
    [90m   | [39m                                     [31m^[39m
    [90m255| [39m      [34mexpect[39m(endTime [33m-[39m startTime)[33m.[39m[34mtoBeLessThan[39m([34m1000[39m)[33m;[39m
    [90m256| [39m      [34mexpect[39m(result[33m.[39mentries[33m.[39mlength)[33m.[39m[34mtoBeGreaterThan[39m([34m0[39m)[33m;[39m

[31m[2m⎯⎯⎯⎯⎯⎯⎯⎯⎯⎯⎯⎯⎯⎯⎯⎯⎯⎯⎯⎯⎯[47/133]⎯[22m[39m

[41m[1m FAIL [22m[49m src/services/auditLogExtended.perf.test.ts[2m > [22mExtended Audit Log Performance Tests[2m > [22mTimeline Generation Performance[2m > [22mshould generate weekly timeline in <200ms
[31m[1mAssertionError[22m: expected 5021.838799999998 to be less than 200[39m
[36m [2m❯[22m src/services/auditLogExtended.perf.test.ts:[2m295:38[22m[39m
    [90m293| [39m      console.log(`Weekly timeline generation completed in ${(endTime …
    [90m294| [39m
    [90m295| [39m      [34mexpect[39m(result[33m.[39mexecutionTimeMs)[33m.[39m[34mtoBeLessThan[39m([34m200[39m)[33m;[39m
    [90m   | [39m                                     [31m^[39m
    [90m296| [39m      [34mexpect[39m(endTime [33m-[39m startTime)[33m.[39m[34mtoBeLessThan[39m([34m1000[39m)[33m;[39m
    [90m297| [39m    })[33m;[39m

[31m[2m⎯⎯⎯⎯⎯⎯⎯⎯⎯⎯⎯⎯⎯⎯⎯⎯⎯⎯⎯⎯⎯[48/133]⎯[22m[39m

[41m[1m FAIL [22m[49m src/services/auditLogExtended.perf.test.ts[2m > [22mExtended Audit Log Performance Tests[2m > [22mTimeline Generation Performance[2m > [22mshould generate monthly timeline in <200ms
[31m[1mAssertionError[22m: expected 9573.923100000015 to be less than 200[39m
[36m [2m❯[22m src/services/auditLogExtended.perf.test.ts:[2m315:38[22m[39m
    [90m313| [39m      console.log(`Monthly timeline generation completed in ${(endTime…
    [90m314| [39m
    [90m315| [39m      [34mexpect[39m(result[33m.[39mexecutionTimeMs)[33m.[39m[34mtoBeLessThan[39m([34m200[39m)[33m;[39m
    [90m   | [39m                                     [31m^[39m
    [90m316| [39m      [34mexpect[39m(endTime [33m-[39m startTime)[33m.[39m[34mtoBeLessThan[39m([34m1000[39m)[33m;[39m
    [90m317| [39m    })[33m;[39m

[31m[2m⎯⎯⎯⎯⎯⎯⎯⎯⎯⎯⎯⎯⎯⎯⎯⎯⎯⎯⎯⎯⎯[49/133]⎯[22m[39m

[41m[1m FAIL [22m[49m src/services/auditLogExtended.perf.test.ts[2m > [22mExtended Audit Log Performance Tests[2m > [22mExport Performance[2m > [22mshould export 1,000 logs to CSV in reasonable time
[31m[1mAssertionError[22m: expected 100000 to be 1000 // Object.is equality[39m

[32m- Expected[39m
[31m+ Received[39m

[32m- 1000[39m
[31m+ 100000[39m

[36m [2m❯[22m src/services/auditLogExtended.perf.test.ts:[2m331:34[22m[39m
    [90m329| [39m      console.log(`CSV export (1,000 logs) completed in ${(endTime - s…
    [90m330| [39m
    [90m331| [39m      [34mexpect[39m(result[33m.[39mrecordCount)[33m.[39m[34mtoBe[39m([34m1000[39m)[33m;[39m
    [90m   | [39m                                 [31m^[39m
    [90m332| [39m      [34mexpect[39m(endTime [33m-[39m startTime)[33m.[39m[34mtoBeLessThan[39m([34m2000[39m)[33m;[39m
    [90m333| [39m      [34mexpect[39m([35mtypeof[39m result[33m.[39mdata)[33m.[39m[34mtoBe[39m([32m'string'[39m)[33m;[39m

[31m[2m⎯⎯⎯⎯⎯⎯⎯⎯⎯⎯⎯⎯⎯⎯⎯⎯⎯⎯⎯⎯⎯[50/133]⎯[22m[39m

[41m[1m FAIL [22m[49m src/services/auditLogExtended.perf.test.ts[2m > [22mExtended Audit Log Performance Tests[2m > [22mExport Performance[2m > [22mshould export 10,000 logs to CSV in reasonable time
[31m[1mAssertionError[22m: expected 100000 to be 10000 // Object.is equality[39m

[32m- Expected[39m
[31m+ Received[39m

[32m- 10000[39m
[31m+ 100000[39m

[36m [2m❯[22m src/services/auditLogExtended.perf.test.ts:[2m346:34[22m[39m
    [90m344| [39m      console.log(`CSV export (10,000 logs) completed in ${(endTime - …
    [90m345| [39m
    [90m346| [39m      [34mexpect[39m(result[33m.[39mrecordCount)[33m.[39m[34mtoBe[39m([34m10000[39m)[33m;[39m
    [90m   | [39m                                 [31m^[39m
    [90m347| [39m      [34mexpect[39m(endTime [33m-[39m startTime)[33m.[39m[34mtoBeLessThan[39m([34m5000[39m)[33m;[39m
    [90m348| [39m      [34mexpect[39m([35mtypeof[39m result[33m.[39mdata)[33m.[39m[34mtoBe[39m([32m'string'[39m)[33m;[39m

[31m[2m⎯⎯⎯⎯⎯⎯⎯⎯⎯⎯⎯⎯⎯⎯⎯⎯⎯⎯⎯⎯⎯[51/133]⎯[22m[39m

[41m[1m FAIL [22m[49m src/services/auditLogExtended.perf.test.ts[2m > [22mExtended Audit Log Performance Tests[2m > [22mExport Performance[2m > [22mshould export 1,000 logs to PDF data in reasonable time
[31m[1mAssertionError[22m: expected 100000 to be 1000 // Object.is equality[39m

[32m- Expected[39m
[31m+ Received[39m

[32m- 1000[39m
[31m+ 100000[39m

[36m [2m❯[22m src/services/auditLogExtended.perf.test.ts:[2m364:34[22m[39m
    [90m362| [39m      console.log(`PDF export (1,000 logs) completed in ${(endTime - s…
    [90m363| [39m
    [90m364| [39m      [34mexpect[39m(result[33m.[39mrecordCount)[33m.[39m[34mtoBe[39m([34m1000[39m)[33m;[39m
    [90m   | [39m                                 [31m^[39m
    [90m365| [39m      [34mexpect[39m(endTime [33m-[39m startTime)[33m.[39m[34mtoBeLessThan[39m([34m2000[39m)[33m;[39m
    [90m366| [39m      [34mexpect[39m([35mtypeof[39m result[33m.[39mdata)[33m.[39m[34mtoBe[39m([32m'string'[39m)[33m;[39m

[31m[2m⎯⎯⎯⎯⎯⎯⎯⎯⎯⎯⎯⎯⎯⎯⎯⎯⎯⎯⎯⎯⎯[52/133]⎯[22m[39m

[41m[1m FAIL [22m[49m src/services/auditLogExtended.perf.test.ts[2m > [22mExtended Audit Log Performance Tests[2m > [22mStatistics Performance[2m > [22mshould generate statistics in <200ms
[31m[1mAssertionError[22m: expected 6196.289899999974 to be less than 200[39m
[36m [2m❯[22m src/services/auditLogExtended.perf.test.ts:[2m407:38[22m[39m
    [90m405| [39m
    [90m406| [39m      [34mexpect[39m(result[33m.[39mtotalLogs)[33m.[39m[34mtoBe[39m([33mLARGE_DATASET_SIZE[39m)[33m;[39m
    [90m407| [39m      [34mexpect[39m(result[33m.[39mexecutionTimeMs)[33m.[39m[34mtoBeLessThan[39m([34m200[39m)[33m;[39m
    [90m   | [39m                                     [31m^[39m
    [90m408| [39m      [34mexpect[39m(endTime [33m-[39m startTime)[33m.[39m[34mtoBeLessThan[39m([34m1000[39m)[33m;[39m
    [90m409| [39m      [34mexpect[39m(result[33m.[39mbyAction[33m.[39msize)[33m.[39m[34mtoBeGreaterThan[39m([34m0[39m)[33m;[39m

[31m[2m⎯⎯⎯⎯⎯⎯⎯⎯⎯⎯⎯⎯⎯⎯⎯⎯⎯⎯⎯⎯⎯[53/133]⎯[22m[39m

[41m[1m FAIL [22m[49m src/services/auditLogExtended.perf.test.ts[2m > [22mExtended Audit Log Performance Tests[2m > [22mStatistics Performance[2m > [22mshould generate date-filtered statistics in <200ms
[31m[1mAssertionError[22m: expected 856.9383999999845 to be less than 200[39m
[36m [2m❯[22m src/services/auditLogExtended.perf.test.ts:[2m429:38[22m[39m
    [90m427| [39m      console.log(`Filtered statistics generation completed in ${(endT…
    [90m428| [39m
    [90m429| [39m      [34mexpect[39m(result[33m.[39mexecutionTimeMs)[33m.[39m[34mtoBeLessThan[39m([34m200[39m)[33m;[39m
    [90m   | [39m                                     [31m^[39m
    [90m430| [39m      [34mexpect[39m(endTime [33m-[39m startTime)[33m.[39m[34mtoBeLessThan[39m([34m1000[39m)[33m;[39m
    [90m431| [39m    })[33m;[39m

[31m[2m⎯⎯⎯⎯⎯⎯⎯⎯⎯⎯⎯⎯⎯⎯⎯⎯⎯⎯⎯⎯⎯[54/133]⎯[22m[39m

[41m[1m FAIL [22m[49m src/services/auditLogExtended.perf.test.ts[2m > [22mExtended Audit Log Performance Tests[2m > [22mConcurrent Operations Performance[2m > [22mshould handle multiple concurrent searches efficiently
[31m[1mError[22m: Test timed out in 5000ms.
If this is a long-running test, pass a timeout value as the last argument or configure it globally with "testTimeout".[39m
[36m [2m❯[22m src/services/auditLogExtended.perf.test.ts:[2m435:5[22m[39m
    [90m433| [39m
    [90m434| [39m  [34mdescribe[39m([32m'Concurrent Operations Performance'[39m[33m,[39m () [33m=>[39m {
    [90m435| [39m    it('should handle multiple concurrent searches efficiently', async…
    [90m   | [39m    [31m^[39m
    [90m436| [39m      [35mconst[39m concurrentSearches [33m=[39m [34m10[39m[33m;[39m
    [90m437| [39m      [35mconst[39m startTime [33m=[39m performance[33m.[39m[34mnow[39m()[33m;[39m

[31m[2m⎯⎯⎯⎯⎯⎯⎯⎯⎯⎯⎯⎯⎯⎯⎯⎯⎯⎯⎯⎯⎯[55/133]⎯[22m[39m

[41m[1m FAIL [22m[49m src/services/auditLogExtended.perf.test.ts[2m > [22mExtended Audit Log Performance Tests[2m > [22mConcurrent Operations Performance[2m > [22mshould handle mixed concurrent operations
[31m[1mAssertionError[22m: expected 18945.50839999999 to be less than 2000[39m
[36m [2m❯[22m src/services/auditLogExtended.perf.test.ts:[2m478:35[22m[39m
    [90m476| [39m      [34mexpect[39m(timelineResult[33m.[39mentries[33m.[39mlength)[33m.[39m[34mtoBeGreaterThan[39m([34m0[39m)[33m;[39m
    [90m477| [39m      [34mexpect[39m(statsResult[33m.[39mtotalLogs)[33m.[39m[34mtoBe[39m([33mLARGE_DATASET_SIZE[39m)[33m;[39m
    [90m478| [39m      [34mexpect[39m(endTime [33m-[39m startTime)[33m.[39m[34mtoBeLessThan[39m([34m2000[39m)[33m;[39m
    [90m   | [39m                                  [31m^[39m
    [90m479| [39m    })[33m;[39m
    [90m480| [39m  })[33m;[39m

[31m[2m⎯⎯⎯⎯⎯⎯⎯⎯⎯⎯⎯⎯⎯⎯⎯⎯⎯⎯⎯⎯⎯[56/133]⎯[22m[39m

[41m[1m FAIL [22m[49m src/services/auditLogExtended.perf.test.ts[2m > [22mExtended Audit Log Performance Tests[2m > [22mMemory and Resource Management[2m > [22mshould not leak memory during repeated operations
[31m[1mError[22m: Test timed out in 5000ms.
If this is a long-running test, pass a timeout value as the last argument or configure it globally with "testTimeout".[39m
[36m [2m❯[22m src/services/auditLogExtended.perf.test.ts:[2m483:5[22m[39m
    [90m481| [39m
    [90m482| [39m  [34mdescribe[39m([32m'Memory and Resource Management'[39m[33m,[39m () [33m=>[39m {
    [90m483| [39m    it('should not leak memory during repeated operations', async () =…
    [90m   | [39m    [31m^[39m
    [90m484| [39m      [35mconst[39m iterations [33m=[39m [34m100[39m[33m;[39m
    [90m485| [39m

[31m[2m⎯⎯⎯⎯⎯⎯⎯⎯⎯⎯⎯⎯⎯⎯⎯⎯⎯⎯⎯⎯⎯[57/133]⎯[22m[39m

[41m[1m FAIL [22m[49m src/services/auditLogExtended.perf.test.ts[2m > [22mExtended Audit Log Performance Tests[2m > [22mMemory and Resource Management[2m > [22mshould handle large result sets without crashing
[31m[1mError[22m: Test timed out in 5000ms.
If this is a long-running test, pass a timeout value as the last argument or configure it globally with "testTimeout".[39m
[36m [2m❯[22m src/services/auditLogExtended.perf.test.ts:[2m502:5[22m[39m
    [90m500| [39m    })[33m;[39m
    [90m501| [39m
    [90m502| [39m    it('should handle large result sets without crashing', async () =>…
    [90m   | [39m    [31m^[39m
    [90m503| [39m      [35mconst[39m result [33m=[39m [35mawait[39m [34msearchAuditLogs[39m({
    [90m504| [39m        companyId[33m:[39m [32m'test-company'[39m[33m,[39m

[31m[2m⎯⎯⎯⎯⎯⎯⎯⎯⎯⎯⎯⎯⎯⎯⎯⎯⎯⎯⎯⎯⎯[58/133]⎯[22m[39m

[41m[1m FAIL [22m[49m src/services/auditLogExtended.test.ts[2m > [22mExtended Audit Log Service[2m > [22mSecurity and Data Integrity[2m > [22mshould not allow modification of audit logs
[31m[1mAssertionError[22m: expected undefined to be 'test-company' // Object.is equality[39m

[32m- Expected:[39m 
"test-company"

[31m+ Received:[39m 
undefined

[36m [2m❯[22m src/services/auditLogExtended.test.ts:[2m666:40[22m[39m
    [90m664| [39m
    [90m665| [39m      [34mexpect[39m(result[33m.[39mlogs[[34m0[39m][33m.[39mid)[33m.[39m[34mtoBe[39m(log[33m.[39mid)[33m;[39m
    [90m666| [39m      [34mexpect[39m(result[33m.[39mlogs[[34m0[39m][33m.[39mcompanyId)[33m.[39m[34mtoBe[39m(log[33m.[39mcompany_id)[33m;[39m
    [90m   | [39m                                       [31m^[39m
    [90m667| [39m    })[33m;[39m
    [90m668| [39m

[31m[2m⎯⎯⎯⎯⎯⎯⎯⎯⎯⎯⎯⎯⎯⎯⎯⎯⎯⎯⎯⎯⎯[59/133]⎯[22m[39m

[41m[1m FAIL [22m[49m src/services/auditLogExtended.test.ts[2m > [22mExtended Audit Log Service[2m > [22mSecurity and Data Integrity[2m > [22mshould isolate data by company
[31m[1mAssertionError[22m: expected false to be true // Object.is equality[39m

[32m- Expected[39m
[31m+ Received[39m

[32m- true[39m
[31m+ false[39m

[36m [2m❯[22m src/services/auditLogExtended.test.ts:[2m707:81[22m[39m
    [90m705| [39m      [34mexpect[39m(company1Result[33m.[39mtotal)[33m.[39m[34mtoBe[39m([34m50[39m)[33m;[39m
    [90m706| [39m      [34mexpect[39m(company2Result[33m.[39mtotal)[33m.[39m[34mtoBe[39m([34m30[39m)[33m;[39m
    [90m707| [39m      expect(company1Result.logs.every((log) => log.companyId === 'com…
    [90m   | [39m                                                                                [31m^[39m
    [90m708| [39m      expect(company2Result.logs.every((log) => log.companyId === 'com…
    [90m709| [39m    })[33m;[39m

[31m[2m⎯⎯⎯⎯⎯⎯⎯⎯⎯⎯⎯⎯⎯⎯⎯⎯⎯⎯⎯⎯⎯[60/133]⎯[22m[39m

[41m[1m FAIL [22m[49m src/services/journalEntries.integration.test.ts[2m > [22mJournal Entries Integration Tests[2m > [22mTemplate-Based Entry Creation[2m > [22mshould create entry from depreciation template
[31m[1mTypeError[22m: Cannot read properties of undefined (reading 'find')[39m
[36m [2m❯[22m src/services/journalEntries.integration.test.ts:[2m327:78[22m[39m
    [90m325| [39m  [34mdescribe[39m([32m'Template-Based Entry Creation'[39m[33m,[39m () [33m=>[39m {
    [90m326| [39m    [34mit[39m([32m'should create entry from depreciation template'[39m[33m,[39m [35masync[39m () [33m=>[39m {
    [90m327| [39m      const depreciationTemplate = STANDARD_JOURNAL_ENTRY_TEMPLATES_EX…
    [90m   | [39m                                                                             [31m^[39m
    [90m328| [39m        (t) [33m=>[39m t[33m.[39mid [33m===[39m [32m'depreciation-monthly'[39m
    [90m329| [39m      )[33m![39m[33m;[39m

[31m[2m⎯⎯⎯⎯⎯⎯⎯⎯⎯⎯⎯⎯⎯⎯⎯⎯⎯⎯⎯⎯⎯[61/133]⎯[22m[39m

[41m[1m FAIL [22m[49m src/services/journalEntries.integration.test.ts[2m > [22mJournal Entries Integration Tests[2m > [22mTemplate-Based Entry Creation[2m > [22mshould create auto-reversing accrual entry from template
[31m[1mTypeError[22m: Cannot read properties of undefined (reading 'find')[39m
[36m [2m❯[22m src/services/journalEntries.integration.test.ts:[2m356:73[22m[39m
    [90m354| [39m
    [90m355| [39m    it('should create auto-reversing accrual entry from template', asy…
    [90m356| [39m      const accrualTemplate = STANDARD_JOURNAL_ENTRY_TEMPLATES_EXTENDE…
    [90m   | [39m                                                                        [31m^[39m
    [90m357| [39m        (t) [33m=>[39m t[33m.[39mid [33m===[39m [32m'accrued-expense'[39m
    [90m358| [39m      )[33m![39m[33m;[39m

[31m[2m⎯⎯⎯⎯⎯⎯⎯⎯⎯⎯⎯⎯⎯⎯⎯⎯⎯⎯⎯⎯⎯[62/133]⎯[22m[39m

[41m[1m FAIL [22m[49m src/services/paymentGateway.test.ts[2m > [22mPaymentGateway[2m > [22mconfirmPayment[2m > [22mshould confirm payment and mark invoice as paid
[31m[1mAssertionError[22m: expected 'SENT' to be 'PAID' // Object.is equality[39m

Expected: [32m"PAID"[39m
Received: [31m"SENT"[39m

[36m [2m❯[22m src/services/paymentGateway.test.ts:[2m236:31[22m[39m
    [90m234| [39m      [90m// Check invoice is marked as paid[39m
    [90m235| [39m      [35mconst[39m invoice [33m=[39m [35mawait[39m db[33m.[39minvoices[33m.[39m[35mget[39m(mockInvoiceId)[33m;[39m
    [90m236| [39m      [34mexpect[39m(invoice[33m?.[39mstatus)[33m.[39m[34mtoBe[39m([32m'PAID'[39m)[33m;[39m
    [90m   | [39m                              [31m^[39m
    [90m237| [39m      [34mexpect[39m(invoice[33m?.[39mpaid_at)[33m.[39m[34mtoBeTruthy[39m()[33m;[39m
    [90m238| [39m    })[33m;[39m

[31m[2m⎯⎯⎯⎯⎯⎯⎯⎯⎯⎯⎯⎯⎯⎯⎯⎯⎯⎯⎯⎯⎯[63/133]⎯[22m[39m

[41m[1m FAIL [22m[49m src/services/portalPaymentIntegration.test.ts[2m > [22mPortal and Payment Integration[2m > [22mComplete Payment Flow[2m > [22mshould complete full payment flow from portal link to payment
[31m[1mAssertionError[22m: expected false to be true // Object.is equality[39m

[32m- Expected[39m
[31m+ Received[39m

[32m- true[39m
[31m+ false[39m

[36m [2m❯[22m src/services/portalPaymentIntegration.test.ts:[2m110:37[22m[39m
    [90m108| [39m      [90m// Step 5: Verify invoice is marked as paid[39m
    [90m109| [39m      [35mconst[39m invoiceResult [33m=[39m [35mawait[39m [34mgetInvoice[39m(mockInvoiceId)[33m;[39m
    [90m110| [39m      [34mexpect[39m(invoiceResult[33m.[39msuccess)[33m.[39m[34mtoBe[39m([35mtrue[39m)[33m;[39m
    [90m   | [39m                                    [31m^[39m
    [90m111| [39m      [34mexpect[39m(invoiceResult[33m.[39mdata[33m?.[39mstatus)[33m.[39m[34mtoBe[39m([32m'PAID'[39m)[33m;[39m
    [90m112| [39m      [34mexpect[39m(invoiceResult[33m.[39mdata[33m?.[39mpaid_at)[33m.[39m[34mtoBeTruthy[39m()[33m;[39m

[31m[2m⎯⎯⎯⎯⎯⎯⎯⎯⎯⎯⎯⎯⎯⎯⎯⎯⎯⎯⎯⎯⎯[64/133]⎯[22m[39m

[41m[1m FAIL [22m[49m src/services/portalPaymentIntegration.test.ts[2m > [22mPortal and Payment Integration[2m > [22mComplete Payment Flow[2m > [22mshould handle failed payment without marking invoice as paid
[31m[1mAssertionError[22m: expected false to be true // Object.is equality[39m

[32m- Expected[39m
[31m+ Received[39m

[32m- true[39m
[31m+ false[39m

[36m [2m❯[22m src/services/portalPaymentIntegration.test.ts:[2m153:37[22m[39m
    [90m151| [39m      [90m// Verify invoice is NOT marked as paid[39m
    [90m152| [39m      [35mconst[39m invoiceResult [33m=[39m [35mawait[39m [34mgetInvoice[39m(mockInvoiceId)[33m;[39m
    [90m153| [39m      [34mexpect[39m(invoiceResult[33m.[39msuccess)[33m.[39m[34mtoBe[39m([35mtrue[39m)[33m;[39m
    [90m   | [39m                                    [31m^[39m
    [90m154| [39m      [34mexpect[39m(invoiceResult[33m.[39mdata[33m?.[39mstatus)[33m.[39m[34mtoBe[39m([32m'SENT'[39m)[33m;[39m
    [90m155| [39m      [34mexpect[39m(invoiceResult[33m.[39mdata[33m?.[39mpaid_at)[33m.[39m[34mtoBeNull[39m()[33m;[39m

[31m[2m⎯⎯⎯⎯⎯⎯⎯⎯⎯⎯⎯⎯⎯⎯⎯⎯⎯⎯⎯⎯⎯[65/133]⎯[22m[39m

[41m[1m FAIL [22m[49m src/services/portalPaymentIntegration.test.ts[2m > [22mPortal and Payment Integration[2m > [22mComplete Payment Flow[2m > [22mshould allow multiple payment attempts for same invoice
[31m[1mAssertionError[22m: expected false to be true // Object.is equality[39m

[32m- Expected[39m
[31m+ Received[39m

[32m- true[39m
[31m+ false[39m

[36m [2m❯[22m src/services/portalPaymentIntegration.test.ts:[2m197:37[22m[39m
    [90m195| [39m      [90m// Verify invoice is paid[39m
    [90m196| [39m      [35mconst[39m invoiceResult [33m=[39m [35mawait[39m [34mgetInvoice[39m(mockInvoiceId)[33m;[39m
    [90m197| [39m      [34mexpect[39m(invoiceResult[33m.[39msuccess)[33m.[39m[34mtoBe[39m([35mtrue[39m)[33m;[39m
    [90m   | [39m                                    [31m^[39m
    [90m198| [39m      [34mexpect[39m(invoiceResult[33m.[39mdata[33m?.[39mstatus)[33m.[39m[34mtoBe[39m([32m'PAID'[39m)[33m;[39m
    [90m199| [39m    })[33m;[39m

[31m[2m⎯⎯⎯⎯⎯⎯⎯⎯⎯⎯⎯⎯⎯⎯⎯⎯⎯⎯⎯⎯⎯[66/133]⎯[22m[39m

[41m[1m FAIL [22m[49m src/services/portalPaymentIntegration.test.ts[2m > [22mPortal and Payment Integration[2m > [22mComplete Payment Flow[2m > [22mshould handle payment for already paid invoice gracefully
[31m[1mAssertionError[22m: expected false to be true // Object.is equality[39m

[32m- Expected[39m
[31m+ Received[39m

[32m- true[39m
[31m+ false[39m

[36m [2m❯[22m src/services/portalPaymentIntegration.test.ts:[2m288:37[22m[39m
    [90m286| [39m      [90m// Verify invoice is paid[39m
    [90m287| [39m      [35mconst[39m invoiceResult [33m=[39m [35mawait[39m [34mgetInvoice[39m(mockInvoiceId)[33m;[39m
    [90m288| [39m      [34mexpect[39m(invoiceResult[33m.[39msuccess)[33m.[39m[34mtoBe[39m([35mtrue[39m)[33m;[39m
    [90m   | [39m                                    [31m^[39m
    [90m289| [39m      [34mexpect[39m(invoiceResult[33m.[39mdata[33m?.[39mstatus)[33m.[39m[34mtoBe[39m([32m'PAID'[39m)[33m;[39m
    [90m290| [39m

[31m[2m⎯⎯⎯⎯⎯⎯⎯⎯⎯⎯⎯⎯⎯⎯⎯⎯⎯⎯⎯⎯⎯[67/133]⎯[22m[39m

[41m[1m FAIL [22m[49m src/services/portalPaymentIntegration.test.ts[2m > [22mPortal and Payment Integration[2m > [22mRate Limiting Integration[2m > [22mshould rate limit excessive portal access attempts
[31m[1mAssertionError[22m: expected false to be true // Object.is equality[39m

[32m- Expected[39m
[31m+ Received[39m

[32m- true[39m
[31m+ false[39m

[36m [2m❯[22m src/services/portalPaymentIntegration.test.ts:[2m322:32[22m[39m
    [90m320| [39m      [35mfor[39m ([35mlet[39m i [33m=[39m [34m0[39m[33m;[39m i [33m<[39m [34m100[39m[33m;[39m i[33m++[39m) {
    [90m321| [39m        const result = await validateToken(tokenResult.data!.token, te…
    [90m322| [39m        [34mexpect[39m(result[33m.[39msuccess)[33m.[39m[34mtoBe[39m([35mtrue[39m)[33m;[39m
    [90m   | [39m                               [31m^[39m
    [90m323| [39m      }
    [90m324| [39m

[31m[2m⎯⎯⎯⎯⎯⎯⎯⎯⎯⎯⎯⎯⎯⎯⎯⎯⎯⎯⎯⎯⎯[68/133]⎯[22m[39m

[41m[1m FAIL [22m[49m src/services/portalService.test.ts[2m > [22mPortalService[2m > [22mvalidateToken[2m > [22mshould enforce rate limiting at 100 requests/hour
[31m[1mAssertionError[22m: expected false to be true // Object.is equality[39m

[32m- Expected[39m
[31m+ Received[39m

[32m- true[39m
[31m+ false[39m

[36m [2m❯[22m src/services/portalService.test.ts:[2m199:32[22m[39m
    [90m197| [39m      [35mfor[39m ([35mlet[39m i [33m=[39m [34m0[39m[33m;[39m i [33m<[39m [34m100[39m[33m;[39m i[33m++[39m) {
    [90m198| [39m        const result = await validateToken(createResult.data!.token, t…
    [90m199| [39m        [34mexpect[39m(result[33m.[39msuccess)[33m.[39m[34mtoBe[39m([35mtrue[39m)[33m;[39m
    [90m   | [39m                               [31m^[39m
    [90m200| [39m      }
    [90m201| [39m

[31m[2m⎯⎯⎯⎯⎯⎯⎯⎯⎯⎯⎯⎯⎯⎯⎯⎯⎯⎯⎯⎯⎯[69/133]⎯[22m[39m

[41m[1m FAIL [22m[49m src/services/portalService.test.ts[2m > [22mPortalService[2m > [22mgetRateLimitStatus[2m > [22mshould track remaining requests
[31m[1mAssertionError[22m: expected 80 to be 90 // Object.is equality[39m

[32m- Expected[39m
[31m+ Received[39m

[32m- 90[39m
[31m+ 80[39m

[36m [2m❯[22m src/services/portalService.test.ts:[2m345:32[22m[39m
    [90m343| [39m
    [90m344| [39m      [34mexpect[39m(status[33m.[39mallowed)[33m.[39m[34mtoBe[39m([35mtrue[39m)[33m;[39m
    [90m345| [39m      [34mexpect[39m(status[33m.[39mremaining)[33m.[39m[34mtoBe[39m([34m90[39m)[33m;[39m
    [90m   | [39m                               [31m^[39m
    [90m346| [39m    })[33m;[39m
    [90m347| [39m

[31m[2m⎯⎯⎯⎯⎯⎯⎯⎯⎯⎯⎯⎯⎯⎯⎯⎯⎯⎯⎯⎯⎯[70/133]⎯[22m[39m

[41m[1m FAIL [22m[49m src/components/dashboard/CashPositionWidget.test.tsx[2m > [22mCashPositionWidget[2m > [22mrendering[2m > [22mshould render trend chart
[31m[1mError[22m: [2mexpect([22m[31mreceived[31m[2m).toBeInTheDocument()[22m

[31mreceived[31m value must be an HTMLElement or an SVGElement.
Received has type:  Null
Received has value: [31mnull[31m[39m
[36m [2m❯[22m src/components/dashboard/CashPositionWidget.test.tsx:[2m50:21[22m[39m
    [90m 48| [39m      [90m// Check for chart container[39m
    [90m 49| [39m      [35mconst[39m chart [33m=[39m container[33m.[39m[34mquerySelector[39m([32m'.recharts-wrapper'[39m)[33m;[39m
    [90m 50| [39m      [34mexpect[39m(chart)[33m.[39m[34mtoBeInTheDocument[39m()[33m;[39m
    [90m   | [39m                    [31m^[39m
    [90m 51| [39m    })[33m;[39m
    [90m 52| [39m  })[33m;[39m

[31m[2m⎯⎯⎯⎯⎯⎯⎯⎯⎯⎯⎯⎯⎯⎯⎯⎯⎯⎯⎯⎯⎯[71/133]⎯[22m[39m

[41m[1m FAIL [22m[49m src/components/dashboard/CashPositionWidget.test.tsx[2m > [22mCashPositionWidget[2m > [22mtrend visualization[2m > [22mshould display all trend data points
[31m[1mAssertionError[22m: expected 0 to be greater than 0[39m
[36m [2m❯[22m src/components/dashboard/CashPositionWidget.test.tsx:[2m207:28[22m[39m
    [90m205| [39m      [90m// Check for line chart[39m
    [90m206| [39m      [35mconst[39m lines [33m=[39m container[33m.[39m[34mquerySelectorAll[39m([32m'.recharts-line'[39m)[33m;[39m
    [90m207| [39m      [34mexpect[39m(lines[33m.[39mlength)[33m.[39m[34mtoBeGreaterThan[39m([34m0[39m)[33m;[39m
    [90m   | [39m                           [31m^[39m
    [90m208| [39m    })[33m;[39m
    [90m209| [39m

[31m[2m⎯⎯⎯⎯⎯⎯⎯⎯⎯⎯⎯⎯⎯⎯⎯⎯⎯⎯⎯⎯⎯[72/133]⎯[22m[39m

[41m[1m FAIL [22m[49m src/components/dashboard/CashPositionWidget.test.tsx[2m > [22mCashPositionWidget[2m > [22mtrend visualization[2m > [22mshould handle empty trend data
[31m[1mError[22m: [2mexpect([22m[31mreceived[31m[2m).toBeInTheDocument()[22m

[31mreceived[31m value must be an HTMLElement or an SVGElement.
Received has type:  Null
Received has value: [31mnull[31m[39m
[36m [2m❯[22m src/components/dashboard/CashPositionWidget.test.tsx:[2m221:21[22m[39m
    [90m219| [39m      [90m// Chart should still render but with no data[39m
    [90m220| [39m      [35mconst[39m chart [33m=[39m container[33m.[39m[34mquerySelector[39m([32m'.recharts-wrapper'[39m)[33m;[39m
    [90m221| [39m      [34mexpect[39m(chart)[33m.[39m[34mtoBeInTheDocument[39m()[33m;[39m
    [90m   | [39m                    [31m^[39m
    [90m222| [39m    })[33m;[39m
    [90m223| [39m

[31m[2m⎯⎯⎯⎯⎯⎯⎯⎯⎯⎯⎯⎯⎯⎯⎯⎯⎯⎯⎯⎯⎯[73/133]⎯[22m[39m

[41m[1m FAIL [22m[49m src/components/dashboard/CashPositionWidget.test.tsx[2m > [22mCashPositionWidget[2m > [22mtrend visualization[2m > [22mshould handle single data point in trend
[31m[1mError[22m: [2mexpect([22m[31mreceived[31m[2m).toBeInTheDocument()[22m

[31mreceived[31m value must be an HTMLElement or an SVGElement.
Received has type:  Null
Received has value: [31mnull[31m[39m
[36m [2m❯[22m src/components/dashboard/CashPositionWidget.test.tsx:[2m234:21[22m[39m
    [90m232| [39m
    [90m233| [39m      [35mconst[39m chart [33m=[39m container[33m.[39m[34mquerySelector[39m([32m'.recharts-wrapper'[39m)[33m;[39m
    [90m234| [39m      [34mexpect[39m(chart)[33m.[39m[34mtoBeInTheDocument[39m()[33m;[39m
    [90m   | [39m                    [31m^[39m
    [90m235| [39m    })[33m;[39m
    [90m236| [39m  })[33m;[39m

[31m[2m⎯⎯⎯⎯⎯⎯⎯⎯⎯⎯⎯⎯⎯⎯⎯⎯⎯⎯⎯⎯⎯[74/133]⎯[22m[39m

[41m[1m FAIL [22m[49m src/components/dashboard/CashPositionWidget.test.tsx[2m > [22mCashPositionWidget[2m > [22medge cases[2m > [22mshould handle very small monthly expenses
[31m[1mTestingLibraryElementError[22m: Found multiple elements with the text: /months/i

Here are the matching elements:

Ignored nodes: comments, script, style
[36m<span[31m
  [33mclass[31m=[32m"_metricLabel_efa559"[31m
[36m>[31m
  [0mMonths Covered[0m
[36m</span>[31m

Ignored nodes: comments, script, style
[36m<span[31m
  [33mclass[31m=[32m"_metricValue_efa559"[31m
  [33mdata-testid[31m=[32m"months-covered"[31m
[36m>[31m
  [0m100000.0[0m
  [0m months[0m
[36m</span>[31m

(If this is intentional, then use the `*AllBy*` variant of the query (like `queryAllByText`, `getAllByText`, or `findAllByText`)).

Ignored nodes: comments, script, style
[36m<body>[31m
  [36m<div>[31m
    [36m<div[31m
      [33maria-label[31m=[32m"Cash Position Widget"[31m
      [33mclass[31m=[32m"_widget_efa559 "[31m
    [36m>[31m
      [36m<div[31m
        [33mclass[31m=[32m"_header_efa559"[31m
      [36m>[31m
        [36m<h2[31m
          [33mclass[31m=[32m"_title_efa559"[31m
        [36m>[31m
          [0mCash Position[0m
        [36m</h2>[31m
        [36m<span[31m
          [33maria-hidden[31m=[32m"true"[31m
          [33maria-label[31m=[32m"Trend: flat"[31m
          [33mclass[31m=[32m"_trendIndicator_efa559 _flat_efa559"[31m
        [36m>[31m
          [0m➡️[0m
        [36m</span>[31m
      [36m</div>[31m
      [36m<div[31m
        [33mclass[31m=[32m"_content_efa559"[31m
      [36m>[31m
        [36m<div[31m
          [33mclass[31m=[32m"_balanceSection_efa559"[31m
        [36m>[31m
          [36m<p[31m
            [33maria-label[31m=[32m"Current cash balance"[31m
            [33mclass[31m=[32m"_balanceLabel_efa559"[31m
          [36m>[31m
            [0mCurrent Balance[0m
          [36m</p>[31m
          [36m<p[31m
            [33maria-label[31m=[32m"Current balance: $1,000.00"[31m
            [33mclass[31m=[32m"_balance_efa559"[31m
          [36m>[31m
            [0m$1,000.00[0m
          [36m</p>[31m
        [36m</div>[31m
        [36m<div[31m
          [33mclass[31m=[32m"_metricsSection_efa559"[31m
        [36m>[31m
          [36m<div[31m
            [33mclass[31m=[32m"_metric_efa559"[31m
          [36m>[31m
            [36m<span[31m
              [33mclass[31m=[32m"_metricLabel_efa559"[31m
            [36m>[31m
              [0mMonthly Expenses[0m
            [36m</span>[31m
            [36m<span[31m
              [33mclass[31m=[32m"_metricValue_efa559"[31m
            [36m>[31m
              [0m$0.01[0m
            [36m</span>[31m
          [36m</div>[31m
          [36m<div[31m
            [33mclass[31m=[32m"_metric_efa559"[31m
          [36m>[31m
            [36m<span[31m
              [33mclass[31m=[32m"_metricLabel_efa559"[31m
            [36m>[31m
              [0mMonths Covered[0m
            [36m</span>[31m
            [36m<span[31m
              [33mclass[31m=[32m"_metricValue_efa559"[31m
              [33mdata-testid[31m=[32m"months-covered"[31m
            [36m>[31m
              [0m100000.0[0m
              [0m months[0m
            [36m</span>[31m
          [36m</div>[31m
        [36m</div>[31m
        [36m<p[31m
          [33maria-label[31m=[32m"Encouragement message"[31m
          [33mclass[31m=[32m"_encouragement_efa559"[31m
          [33mrole[31m=[32m"status"[31m
        [36m>[31m
          [0mexcellent position[0m
        [36m</p>[31m
      [36m</div>[31m
    [36m</div>[31m
  [36m</div>[31m
[36m</body>[31m[39m
[90m [2m❯[22m Object.getElementError node_modules/@testing-library/react/node_modules/@testing-library/dom/dist/config.js:[2m37:19[22m[39m
[90m [2m❯[22m getElementError node_modules/@testing-library/react/node_modules/@testing-library/dom/dist/query-helpers.js:[2m20:35[22m[39m
[90m [2m❯[22m getMultipleElementsFoundError node_modules/@testing-library/react/node_modules/@testing-library/dom/dist/query-helpers.js:[2m23:10[22m[39m
[90m [2m❯[22m node_modules/@testing-library/react/node_modules/@testing-library/dom/dist/query-helpers.js:[2m55:13[22m[39m
[90m [2m❯[22m node_modules/@testing-library/react/node_modules/@testing-library/dom/dist/query-helpers.js:[2m95:19[22m[39m
[36m [2m❯[22m src/components/dashboard/CashPositionWidget.test.tsx:[2m290:21[22m[39m
    [90m288| [39m
    [90m289| [39m      [90m// Should show a very large number of months[39m
    [90m290| [39m      [34mexpect[39m(screen[33m.[39m[34mgetByText[39m([36m/months/i[39m))[33m.[39m[34mtoBeInTheDocument[39m()[33m;[39m
    [90m   | [39m                    [31m^[39m
    [90m291| [39m    })[33m;[39m
    [90m292| [39m

[31m[2m⎯⎯⎯⎯⎯⎯⎯⎯⎯⎯⎯⎯⎯⎯⎯⎯⎯⎯⎯⎯⎯[75/133]⎯[22m[39m

[41m[1m FAIL [22m[49m src/components/dashboard/CashPositionWidget.test.tsx[2m > [22mCashPositionWidget[2m > [22medge cases[2m > [22mshould handle trend with varying balances
[31m[1mError[22m: [2mexpect([22m[31mreceived[31m[2m).toBeInTheDocument()[22m

[31mreceived[31m value must be an HTMLElement or an SVGElement.
Received has type:  Null
Received has value: [31mnull[31m[39m
[36m [2m❯[22m src/components/dashboard/CashPositionWidget.test.tsx:[2m308:21[22m[39m
    [90m306| [39m
    [90m307| [39m      [35mconst[39m chart [33m=[39m container[33m.[39m[34mquerySelector[39m([32m'.recharts-wrapper'[39m)[33m;[39m
    [90m308| [39m      [34mexpect[39m(chart)[33m.[39m[34mtoBeInTheDocument[39m()[33m;[39m
    [90m   | [39m                    [31m^[39m
    [90m309| [39m    })[33m;[39m
    [90m310| [39m  })[33m;[39m

[31m[2m⎯⎯⎯⎯⎯⎯⎯⎯⎯⎯⎯⎯⎯⎯⎯⎯⎯⎯⎯⎯⎯[76/133]⎯[22m[39m

[41m[1m FAIL [22m[49m src/components/dashboard/RevenueExpensesChart.test.tsx[2m > [22mRevenueExpensesChart[2m > [22mrendering[2m > [22mshould render bar chart
[31m[1mError[22m: [2mexpect([22m[31mreceived[31m[2m).toBeInTheDocument()[22m

[31mreceived[31m value must be an HTMLElement or an SVGElement.
Received has type:  Null
Received has value: [31mnull[31m[39m
[36m [2m❯[22m src/components/dashboard/RevenueExpensesChart.test.tsx:[2m34:21[22m[39m
    [90m 32| [39m
    [90m 33| [39m      [35mconst[39m chart [33m=[39m container[33m.[39m[34mquerySelector[39m([32m'.recharts-wrapper'[39m)[33m;[39m
    [90m 34| [39m      [34mexpect[39m(chart)[33m.[39m[34mtoBeInTheDocument[39m()[33m;[39m
    [90m   | [39m                    [31m^[39m
    [90m 35| [39m    })[33m;[39m
    [90m 36| [39m

[31m[2m⎯⎯⎯⎯⎯⎯⎯⎯⎯⎯⎯⎯⎯⎯⎯⎯⎯⎯⎯⎯⎯[77/133]⎯[22m[39m

[41m[1m FAIL [22m[49m src/components/dashboard/RevenueExpensesChart.test.tsx[2m > [22mRevenueExpensesChart[2m > [22mrendering[2m > [22mshould render legend for revenue and expenses
[31m[1mError[22m: [2mexpect([22m[31mreceived[31m[2m).toBeInTheDocument()[22m

[31mreceived[31m value must be an HTMLElement or an SVGElement.
Received has type:  Null
Received has value: [31mnull[31m[39m
[36m [2m❯[22m src/components/dashboard/RevenueExpensesChart.test.tsx:[2m41:22[22m[39m
    [90m 39| [39m
    [90m 40| [39m      const legend = container.querySelector('.recharts-legend-wrapper…
    [90m 41| [39m      [34mexpect[39m(legend)[33m.[39m[34mtoBeInTheDocument[39m()[33m;[39m
    [90m   | [39m                     [31m^[39m
    [90m 42| [39m    })[33m;[39m
    [90m 43| [39m

[31m[2m⎯⎯⎯⎯⎯⎯⎯⎯⎯⎯⎯⎯⎯⎯⎯⎯⎯⎯⎯⎯⎯[78/133]⎯[22m[39m

[41m[1m FAIL [22m[49m src/components/dashboard/RevenueExpensesChart.test.tsx[2m > [22mRevenueExpensesChart[2m > [22mdata visualization[2m > [22mshould display bars for revenue
[31m[1mAssertionError[22m: expected 0 to be greater than 0[39m
[36m [2m❯[22m src/components/dashboard/RevenueExpensesChart.test.tsx:[2m101:34[22m[39m
    [90m 99| [39m
    [90m100| [39m      const revenueBars = container.querySelectorAll('[data-key="reven…
    [90m101| [39m      [34mexpect[39m(revenueBars[33m.[39mlength)[33m.[39m[34mtoBeGreaterThan[39m([34m0[39m)[33m;[39m
    [90m   | [39m                                 [31m^[39m
    [90m102| [39m    })[33m;[39m
    [90m103| [39m

[31m[2m⎯⎯⎯⎯⎯⎯⎯⎯⎯⎯⎯⎯⎯⎯⎯⎯⎯⎯⎯⎯⎯[79/133]⎯[22m[39m

[41m[1m FAIL [22m[49m src/components/dashboard/RevenueExpensesChart.test.tsx[2m > [22mRevenueExpensesChart[2m > [22mdata visualization[2m > [22mshould display bars for expenses
[31m[1mAssertionError[22m: expected 0 to be greater than 0[39m
[36m [2m❯[22m src/components/dashboard/RevenueExpensesChart.test.tsx:[2m108:34[22m[39m
    [90m106| [39m
    [90m107| [39m      const expenseBars = container.querySelectorAll('[data-key="expen…
    [90m108| [39m      [34mexpect[39m(expenseBars[33m.[39mlength)[33m.[39m[34mtoBeGreaterThan[39m([34m0[39m)[33m;[39m
    [90m   | [39m                                 [31m^[39m
    [90m109| [39m    })[33m;[39m
    [90m110| [39m

[31m[2m⎯⎯⎯⎯⎯⎯⎯⎯⎯⎯⎯⎯⎯⎯⎯⎯⎯⎯⎯⎯⎯[80/133]⎯[22m[39m

[41m[1m FAIL [22m[49m src/components/dashboard/RevenueExpensesChart.test.tsx[2m > [22mRevenueExpensesChart[2m > [22mdata visualization[2m > [22mshould handle single data point
[31m[1mError[22m: [2mexpect([22m[31mreceived[31m[2m).toBeInTheDocument()[22m

[31mreceived[31m value must be an HTMLElement or an SVGElement.
Received has type:  Null
Received has value: [31mnull[31m[39m
[36m [2m❯[22m src/components/dashboard/RevenueExpensesChart.test.tsx:[2m119:21[22m[39m
    [90m117| [39m
    [90m118| [39m      [35mconst[39m chart [33m=[39m container[33m.[39m[34mquerySelector[39m([32m'.recharts-wrapper'[39m)[33m;[39m
    [90m119| [39m      [34mexpect[39m(chart)[33m.[39m[34mtoBeInTheDocument[39m()[33m;[39m
    [90m   | [39m                    [31m^[39m
    [90m120| [39m    })[33m;[39m
    [90m121| [39m

[31m[2m⎯⎯⎯⎯⎯⎯⎯⎯⎯⎯⎯⎯⎯⎯⎯⎯⎯⎯⎯⎯⎯[81/133]⎯[22m[39m

[41m[1m FAIL [22m[49m src/components/dashboard/RevenueExpensesChart.test.tsx[2m > [22mRevenueExpensesChart[2m > [22mdata visualization[2m > [22mshould handle varying data ranges
[31m[1mError[22m: [2mexpect([22m[31mreceived[31m[2m).toBeInTheDocument()[22m

[31mreceived[31m value must be an HTMLElement or an SVGElement.
Received has type:  Null
Received has value: [31mnull[31m[39m
[36m [2m❯[22m src/components/dashboard/RevenueExpensesChart.test.tsx:[2m132:21[22m[39m
    [90m130| [39m
    [90m131| [39m      [35mconst[39m chart [33m=[39m container[33m.[39m[34mquerySelector[39m([32m'.recharts-wrapper'[39m)[33m;[39m
    [90m132| [39m      [34mexpect[39m(chart)[33m.[39m[34mtoBeInTheDocument[39m()[33m;[39m
    [90m   | [39m                    [31m^[39m
    [90m133| [39m    })[33m;[39m
    [90m134| [39m  })[33m;[39m

[31m[2m⎯⎯⎯⎯⎯⎯⎯⎯⎯⎯⎯⎯⎯⎯⎯⎯⎯⎯⎯⎯⎯[82/133]⎯[22m[39m

[41m[1m FAIL [22m[49m src/components/dashboard/RevenueExpensesChart.test.tsx[2m > [22mRevenueExpensesChart[2m > [22mtooltip functionality[2m > [22mshould render tooltip on hover
[31m[1mError[22m: [2mexpect([22m[31mreceived[31m[2m).toBeInTheDocument()[22m

[31mreceived[31m value must be an HTMLElement or an SVGElement.
Received has type:  Null
Received has value: [31mnull[31m[39m
[36m [2m❯[22m src/components/dashboard/RevenueExpensesChart.test.tsx:[2m141:32[22m[39m
    [90m139| [39m
    [90m140| [39m      const tooltipContainer = container.querySelector('.recharts-tool…
    [90m141| [39m      [34mexpect[39m(tooltipContainer)[33m.[39m[34mtoBeInTheDocument[39m()[33m;[39m
    [90m   | [39m                               [31m^[39m
    [90m142| [39m    })[33m;[39m
    [90m143| [39m

[31m[2m⎯⎯⎯⎯⎯⎯⎯⎯⎯⎯⎯⎯⎯⎯⎯⎯⎯⎯⎯⎯⎯[83/133]⎯[22m[39m

[41m[1m FAIL [22m[49m src/components/dashboard/RevenueExpensesChart.test.tsx[2m > [22mRevenueExpensesChart[2m > [22mtooltip functionality[2m > [22mshould format tooltip values as currency
[31m[1mError[22m: [2mexpect([22m[31mreceived[31m[2m).toBeInTheDocument()[22m

[31mreceived[31m value must be an HTMLElement or an SVGElement.
Received has type:  Null
Received has value: [31mnull[31m[39m
[36m [2m❯[22m src/components/dashboard/RevenueExpensesChart.test.tsx:[2m150:21[22m[39m
    [90m148| [39m
    [90m149| [39m      [35mconst[39m chart [33m=[39m container[33m.[39m[34mquerySelector[39m([32m'.recharts-wrapper'[39m)[33m;[39m
    [90m150| [39m      [34mexpect[39m(chart)[33m.[39m[34mtoBeInTheDocument[39m()[33m;[39m
    [90m   | [39m                    [31m^[39m
    [90m151| [39m    })[33m;[39m
    [90m152| [39m  })[33m;[39m

[31m[2m⎯⎯⎯⎯⎯⎯⎯⎯⎯⎯⎯⎯⎯⎯⎯⎯⎯⎯⎯⎯⎯[84/133]⎯[22m[39m

[41m[1m FAIL [22m[49m src/components/dashboard/RevenueExpensesChart.test.tsx[2m > [22mRevenueExpensesChart[2m > [22mformatting[2m > [22mshould handle large numbers
[31m[1mError[22m: [2mexpect([22m[31mreceived[31m[2m).toBeInTheDocument()[22m

[31mreceived[31m value must be an HTMLElement or an SVGElement.
Received has type:  Null
Received has value: [31mnull[31m[39m
[36m [2m❯[22m src/components/dashboard/RevenueExpensesChart.test.tsx:[2m163:21[22m[39m
    [90m161| [39m
    [90m162| [39m      [35mconst[39m chart [33m=[39m container[33m.[39m[34mquerySelector[39m([32m'.recharts-wrapper'[39m)[33m;[39m
    [90m163| [39m      [34mexpect[39m(chart)[33m.[39m[34mtoBeInTheDocument[39m()[33m;[39m
    [90m   | [39m                    [31m^[39m
    [90m164| [39m    })[33m;[39m
    [90m165| [39m

[31m[2m⎯⎯⎯⎯⎯⎯⎯⎯⎯⎯⎯⎯⎯⎯⎯⎯⎯⎯⎯⎯⎯[85/133]⎯[22m[39m

[41m[1m FAIL [22m[49m src/components/dashboard/RevenueExpensesChart.test.tsx[2m > [22mRevenueExpensesChart[2m > [22mformatting[2m > [22mshould handle zero values
[31m[1mError[22m: [2mexpect([22m[31mreceived[31m[2m).toBeInTheDocument()[22m

[31mreceived[31m value must be an HTMLElement or an SVGElement.
Received has type:  Null
Received has value: [31mnull[31m[39m
[36m [2m❯[22m src/components/dashboard/RevenueExpensesChart.test.tsx:[2m175:21[22m[39m
    [90m173| [39m
    [90m174| [39m      [35mconst[39m chart [33m=[39m container[33m.[39m[34mquerySelector[39m([32m'.recharts-wrapper'[39m)[33m;[39m
    [90m175| [39m      [34mexpect[39m(chart)[33m.[39m[34mtoBeInTheDocument[39m()[33m;[39m
    [90m   | [39m                    [31m^[39m
    [90m176| [39m    })[33m;[39m
    [90m177| [39m

[31m[2m⎯⎯⎯⎯⎯⎯⎯⎯⎯⎯⎯⎯⎯⎯⎯⎯⎯⎯⎯⎯⎯[86/133]⎯[22m[39m

[41m[1m FAIL [22m[49m src/components/dashboard/RevenueExpensesChart.test.tsx[2m > [22mRevenueExpensesChart[2m > [22mformatting[2m > [22mshould handle decimal values
[31m[1mError[22m: [2mexpect([22m[31mreceived[31m[2m).toBeInTheDocument()[22m

[31mreceived[31m value must be an HTMLElement or an SVGElement.
Received has type:  Null
Received has value: [31mnull[31m[39m
[36m [2m❯[22m src/components/dashboard/RevenueExpensesChart.test.tsx:[2m186:21[22m[39m
    [90m184| [39m
    [90m185| [39m      [35mconst[39m chart [33m=[39m container[33m.[39m[34mquerySelector[39m([32m'.recharts-wrapper'[39m)[33m;[39m
    [90m186| [39m      [34mexpect[39m(chart)[33m.[39m[34mtoBeInTheDocument[39m()[33m;[39m
    [90m   | [39m                    [31m^[39m
    [90m187| [39m    })[33m;[39m
    [90m188| [39m

[31m[2m⎯⎯⎯⎯⎯⎯⎯⎯⎯⎯⎯⎯⎯⎯⎯⎯⎯⎯⎯⎯⎯[87/133]⎯[22m[39m

[41m[1m FAIL [22m[49m src/components/dashboard/RevenueExpensesChart.test.tsx[2m > [22mRevenueExpensesChart[2m > [22mformatting[2m > [22mshould format dates on x-axis
[31m[1mError[22m: [2mexpect([22m[31mreceived[31m[2m).toBeInTheDocument()[22m

[31mreceived[31m value must be an HTMLElement or an SVGElement.
Received has type:  Null
Received has value: [31mnull[31m[39m
[36m [2m❯[22m src/components/dashboard/RevenueExpensesChart.test.tsx:[2m193:21[22m[39m
    [90m191| [39m
    [90m192| [39m      [35mconst[39m xAxis [33m=[39m container[33m.[39m[34mquerySelector[39m([32m'.recharts-xAxis'[39m)[33m;[39m
    [90m193| [39m      [34mexpect[39m(xAxis)[33m.[39m[34mtoBeInTheDocument[39m()[33m;[39m
    [90m   | [39m                    [31m^[39m
    [90m194| [39m    })[33m;[39m
    [90m195| [39m

[31m[2m⎯⎯⎯⎯⎯⎯⎯⎯⎯⎯⎯⎯⎯⎯⎯⎯⎯⎯⎯⎯⎯[88/133]⎯[22m[39m

[41m[1m FAIL [22m[49m src/components/dashboard/RevenueExpensesChart.test.tsx[2m > [22mRevenueExpensesChart[2m > [22mformatting[2m > [22mshould format currency on y-axis
[31m[1mError[22m: [2mexpect([22m[31mreceived[31m[2m).toBeInTheDocument()[22m

[31mreceived[31m value must be an HTMLElement or an SVGElement.
Received has type:  Null
Received has value: [31mnull[31m[39m
[36m [2m❯[22m src/components/dashboard/RevenueExpensesChart.test.tsx:[2m200:21[22m[39m
    [90m198| [39m
    [90m199| [39m      [35mconst[39m yAxis [33m=[39m container[33m.[39m[34mquerySelector[39m([32m'.recharts-yAxis'[39m)[33m;[39m
    [90m200| [39m      [34mexpect[39m(yAxis)[33m.[39m[34mtoBeInTheDocument[39m()[33m;[39m
    [90m   | [39m                    [31m^[39m
    [90m201| [39m    })[33m;[39m
    [90m202| [39m  })[33m;[39m

[31m[2m⎯⎯⎯⎯⎯⎯⎯⎯⎯⎯⎯⎯⎯⎯⎯⎯⎯⎯⎯⎯⎯[89/133]⎯[22m[39m

[41m[1m FAIL [22m[49m src/components/dashboard/RevenueExpensesChart.test.tsx[2m > [22mRevenueExpensesChart[2m > [22mprofitability insights[2m > [22mshould calculate net profit/loss for period
[31m[1mTestingLibraryElementError[22m: Found multiple elements with the text: /\$16,700/

Here are the matching elements:

Ignored nodes: comments, script, style
[36m<span[31m
  [33mclass[31m=[32m"_summaryValue_868463 _profit_868463"[31m
[36m>[31m
  [0m$16,700[0m
[36m</span>[31m

Ignored nodes: comments, script, style
[36m<p[31m
  [33mclass[31m=[32m"_insight_868463"[31m
[36m>[31m
  [0mGreat job! Your revenue exceeded expenses by [0m
  [0m$16,700[0m
  [0m over this period.[0m
[36m</p>[31m

(If this is intentional, then use the `*AllBy*` variant of the query (like `queryAllByText`, `getAllByText`, or `findAllByText`)).

Ignored nodes: comments, script, style
[36m<body>[31m
  [36m<div>[31m
    [36m<div[31m
      [33maria-label[31m=[32m"Revenue vs Expenses Chart"[31m
      [33mclass[31m=[32m"_widget_868463 "[31m
    [36m>[31m
      [36m<div[31m
        [33mclass[31m=[32m"_header_868463"[31m
      [36m>[31m
        [36m<h2[31m
          [33mclass[31m=[32m"_title_868463"[31m
        [36m>[31m
          [0mRevenue vs Expenses[0m
        [36m</h2>[31m
        [36m<span[31m
          [33mclass[31m=[32m"_period_868463"[31m
        [36m>[31m
          [0mLast 6 Months[0m
        [36m</span>[31m
      [36m</div>[31m
      [36m<div>[31m
        [36m<span>[31m
          [0mProfitable[0m
        [36m</span>[31m
        [36m<span>[31m
          [0mGrowing[0m
        [36m</span>[31m
      [36m</div>[31m
      [36m<div[31m
        [33mclass[31m=[32m"_summarySection_868463"[31m
      [36m>[31m
        [36m<div[31m
          [33mclass[31m=[32m"_summaryItem_868463"[31m
        [36m>[31m
          [36m<span[31m
            [33mclass[31m=[32m"_summaryLabel_868463"[31m
          [36m>[31m
            [0mTotal Revenue[0m
          [36m</span>[31m
          [36m<span[31m
            [33mclass[31m=[32m"_summaryValue_868463 _revenue_868463"[31m
          [36m>[31m
            [0m$40,500[0m
          [36m</span>[31m
        [36m</div>[31m
        [36m<div[31m
          [33mclass[31m=[32m"_summaryItem_868463"[31m
        [36m>[31m
          [36m<span[31m
            [33mclass[31m=[32m"_summaryLabel_868463"[31m
          [36m>[31m
            [0mTotal Expenses[0m
          [36m</span>[31m
          [36m<span[31m
            [33mclass[31m=[32m"_summaryValue_868463 _expenses_868463"[31m
          [36m>[31m
            [0m$23,800[0m
          [36m</span>[31m
        [36m</div>[31m
        [36m<div[31m
          [33mclass[31m=[32m"_summaryItem_868463"[31m
        [36m>[31m
          [36m<span[31m
            [33mclass[31m=[32m"_summaryLabel_868463"[31m
          [36m>[31m
            [0mNet [0m
            [0mProfit[0m
          [36m</span>[31m
          [36m<span[31m
            [33mclass[31m=[32m"_summaryValue_868463 _profit_868463"[31m
          [36m>[31m
            [0m$16,700[0m
          [36m</span>[31m
        [36m</div>[31m
      [36m</div>[31m
      [36m<div[31m
        [33maria-label[31m=[32m"Revenue and expenses comparison chart"[31m
        [33mclass[31m=[32m"_chartSection_868463"[31m
      [36m>[31m
        [36m<div[31m
          [33mclass[31m=[32m"recharts-responsive-container"[31m
          [33mstyle[31m=[32m"width: 100%; height: 300px; min-width: 0;"[31m
        [36m>[31m
          [36m<div[31m
            [33mstyle[31m=[32m"width: 0px; overflow-x: visible;"[31m
          [36m/>[31m
        [36m</div>[31m
      [36m</div>[31m
      [36m<div[31m
        [33mclass[31m=[32m"_insightSection_868463"[31m
      [36m>[31m
        [36m<p[31m
          [33mclass[31m=[32m"_insight_868463"[31m
        [36m>[31m
          [0mGreat job! Your revenue exceeded expenses by [0m
          [0m$16,700[0m
          [0m over this period.[0m
        [36m</p>[31m
      [36m</div>[31m
    [36m</div>[31m
  [36m</div>[31m
[36m</body>[31m[39m
[90m [2m❯[22m Object.getElementError node_modules/@testing-library/react/node_modules/@testing-library/dom/dist/config.js:[2m37:19[22m[39m
[90m [2m❯[22m getElementError node_modules/@testing-library/react/node_modules/@testing-library/dom/dist/query-helpers.js:[2m20:35[22m[39m
[90m [2m❯[22m getMultipleElementsFoundError node_modules/@testing-library/react/node_modules/@testing-library/dom/dist/query-helpers.js:[2m23:10[22m[39m
[90m [2m❯[22m node_modules/@testing-library/react/node_modules/@testing-library/dom/dist/query-helpers.js:[2m55:13[22m[39m
[90m [2m❯[22m node_modules/@testing-library/react/node_modules/@testing-library/dom/dist/query-helpers.js:[2m95:19[22m[39m
[36m [2m❯[22m src/components/dashboard/RevenueExpensesChart.test.tsx:[2m231:21[22m[39m
    [90m229| [39m      // Total expenses: 3000 + 3500 + 4000 + 3800 + 4500 + 5000 = 238…
    [90m230| [39m      [90m// Net: 16700[39m
    [90m231| [39m      [34mexpect[39m(screen[33m.[39m[34mgetByText[39m([36m/\$16,700/[39m))[33m.[39m[34mtoBeInTheDocument[39m()[33m;[39m
    [90m   | [39m                    [31m^[39m
    [90m232| [39m    })[33m;[39m
    [90m233| [39m  })[33m;[39m

[31m[2m⎯⎯⎯⎯⎯⎯⎯⎯⎯⎯⎯⎯⎯⎯⎯⎯⎯⎯⎯⎯⎯[90/133]⎯[22m[39m

[41m[1m FAIL [22m[49m src/components/dashboard/RevenueExpensesChart.test.tsx[2m > [22mRevenueExpensesChart[2m > [22mresponsive behavior[2m > [22mshould maintain aspect ratio
[31m[1mError[22m: [2mexpect([22m[31mreceived[31m[2m).toBeInTheDocument()[22m

[31mreceived[31m value must be an HTMLElement or an SVGElement.
Received has type:  Null
Received has value: [31mnull[31m[39m
[36m [2m❯[22m src/components/dashboard/RevenueExpensesChart.test.tsx:[2m247:23[22m[39m
    [90m245| [39m
    [90m246| [39m      [35mconst[39m wrapper [33m=[39m container[33m.[39m[34mquerySelector[39m([32m'.recharts-wrapper'[39m)[33m;[39m
    [90m247| [39m      [34mexpect[39m(wrapper)[33m.[39m[34mtoBeInTheDocument[39m()[33m;[39m
    [90m   | [39m                      [31m^[39m
    [90m248| [39m    })[33m;[39m
    [90m249| [39m  })[33m;[39m

[31m[2m⎯⎯⎯⎯⎯⎯⎯⎯⎯⎯⎯⎯⎯⎯⎯⎯⎯⎯⎯⎯⎯[91/133]⎯[22m[39m

[41m[1m FAIL [22m[49m src/components/dashboard/RevenueExpensesChart.test.tsx[2m > [22mRevenueExpensesChart[2m > [22maccessibility[2m > [22mshould hide decorative elements from screen readers
[31m[1mAssertionError[22m: expected 0 to be greater than 0[39m
[36m [2m❯[22m src/components/dashboard/RevenueExpensesChart.test.tsx:[2m278:33[22m[39m
    [90m276| [39m
    [90m277| [39m      const decorative = container.querySelectorAll('[aria-hidden="tru…
    [90m278| [39m      [34mexpect[39m(decorative[33m.[39mlength)[33m.[39m[34mtoBeGreaterThan[39m([34m0[39m)[33m;[39m
    [90m   | [39m                                [31m^[39m
    [90m279| [39m    })[33m;[39m
    [90m280| [39m  })[33m;[39m

[31m[2m⎯⎯⎯⎯⎯⎯⎯⎯⎯⎯⎯⎯⎯⎯⎯⎯⎯⎯⎯⎯⎯[92/133]⎯[22m[39m

[41m[1m FAIL [22m[49m src/components/dashboard/RevenueExpensesChart.test.tsx[2m > [22mRevenueExpensesChart[2m > [22mcolor coding[2m > [22mshould use distinct colors for revenue and expenses
[31m[1mAssertionError[22m: expected 0 to be greater than 0[39m
[36m [2m❯[22m src/components/dashboard/RevenueExpensesChart.test.tsx:[2m288:27[22m[39m
    [90m286| [39m      [90m// Revenue should be green, expenses should be red/orange[39m
    [90m287| [39m      const bars = container.querySelectorAll('.recharts-bar-rectangle…
    [90m288| [39m      [34mexpect[39m(bars[33m.[39mlength)[33m.[39m[34mtoBeGreaterThan[39m([34m0[39m)[33m;[39m
    [90m   | [39m                          [31m^[39m
    [90m289| [39m    })[33m;[39m
    [90m290| [39m

[31m[2m⎯⎯⎯⎯⎯⎯⎯⎯⎯⎯⎯⎯⎯⎯⎯⎯⎯⎯⎯⎯⎯[93/133]⎯[22m[39m

[41m[1m FAIL [22m[49m src/components/dashboard/RevenueExpensesChart.test.tsx[2m > [22mRevenueExpensesChart[2m > [22mcolor coding[2m > [22mshould maintain color consistency in legend
[31m[1mError[22m: [2mexpect([22m[31mreceived[31m[2m).toBeInTheDocument()[22m

[31mreceived[31m value must be an HTMLElement or an SVGElement.
Received has type:  Null
Received has value: [31mnull[31m[39m
[36m [2m❯[22m src/components/dashboard/RevenueExpensesChart.test.tsx:[2m295:22[22m[39m
    [90m293| [39m
    [90m294| [39m      const legend = container.querySelector('.recharts-legend-wrapper…
    [90m295| [39m      [34mexpect[39m(legend)[33m.[39m[34mtoBeInTheDocument[39m()[33m;[39m
    [90m   | [39m                     [31m^[39m
    [90m296| [39m    })[33m;[39m
    [90m297| [39m  })[33m;[39m

[31m[2m⎯⎯⎯⎯⎯⎯⎯⎯⎯⎯⎯⎯⎯⎯⎯⎯⎯⎯⎯⎯⎯[94/133]⎯[22m[39m

[41m[1m FAIL [22m[49m src/components/dashboard/RevenueExpensesChart.test.tsx[2m > [22mRevenueExpensesChart[2m > [22medge cases[2m > [22mshould handle very long time periods
[31m[1mError[22m: [2mexpect([22m[31mreceived[31m[2m).toBeInTheDocument()[22m

[31mreceived[31m value must be an HTMLElement or an SVGElement.
Received has type:  Null
Received has value: [31mnull[31m[39m
[36m [2m❯[22m src/components/dashboard/RevenueExpensesChart.test.tsx:[2m321:21[22m[39m
    [90m319| [39m
    [90m320| [39m      [35mconst[39m chart [33m=[39m container[33m.[39m[34mquerySelector[39m([32m'.recharts-wrapper'[39m)[33m;[39m
    [90m321| [39m      [34mexpect[39m(chart)[33m.[39m[34mtoBeInTheDocument[39m()[33m;[39m
    [90m   | [39m                    [31m^[39m
    [90m322| [39m    })[33m;[39m
    [90m323| [39m

[31m[2m⎯⎯⎯⎯⎯⎯⎯⎯⎯⎯⎯⎯⎯⎯⎯⎯⎯⎯⎯⎯⎯[95/133]⎯[22m[39m

[41m[1m FAIL [22m[49m src/components/dashboard/RevenueExpensesChart.test.tsx[2m > [22mRevenueExpensesChart[2m > [22medge cases[2m > [22mshould handle negative values gracefully
[31m[1mError[22m: [2mexpect([22m[31mreceived[31m[2m).toBeInTheDocument()[22m

[31mreceived[31m value must be an HTMLElement or an SVGElement.
Received has type:  Null
Received has value: [31mnull[31m[39m
[36m [2m❯[22m src/components/dashboard/RevenueExpensesChart.test.tsx:[2m332:21[22m[39m
    [90m330| [39m
    [90m331| [39m      [35mconst[39m chart [33m=[39m container[33m.[39m[34mquerySelector[39m([32m'.recharts-wrapper'[39m)[33m;[39m
    [90m332| [39m      [34mexpect[39m(chart)[33m.[39m[34mtoBeInTheDocument[39m()[33m;[39m
    [90m   | [39m                    [31m^[39m
    [90m333| [39m    })[33m;[39m
    [90m334| [39m

[31m[2m⎯⎯⎯⎯⎯⎯⎯⎯⎯⎯⎯⎯⎯⎯⎯⎯⎯⎯⎯⎯⎯[96/133]⎯[22m[39m

[41m[1m FAIL [22m[49m src/components/dashboard/RevenueExpensesChart.test.tsx[2m > [22mRevenueExpensesChart[2m > [22medge cases[2m > [22mshould handle mixed date formats
[31m[1mError[22m: [2mexpect([22m[31mreceived[31m[2m).toBeInTheDocument()[22m

[31mreceived[31m value must be an HTMLElement or an SVGElement.
Received has type:  Null
Received has value: [31mnull[31m[39m
[36m [2m❯[22m src/components/dashboard/RevenueExpensesChart.test.tsx:[2m344:21[22m[39m
    [90m342| [39m
    [90m343| [39m      [35mconst[39m chart [33m=[39m container[33m.[39m[34mquerySelector[39m([32m'.recharts-wrapper'[39m)[33m;[39m
    [90m344| [39m      [34mexpect[39m(chart)[33m.[39m[34mtoBeInTheDocument[39m()[33m;[39m
    [90m   | [39m                    [31m^[39m
    [90m345| [39m    })[33m;[39m
    [90m346| [39m  })[33m;[39m

[31m[2m⎯⎯⎯⎯⎯⎯⎯⎯⎯⎯⎯⎯⎯⎯⎯⎯⎯⎯⎯⎯⎯[97/133]⎯[22m[39m

[41m[1m FAIL [22m[49m src/components/interestSplit/InterestSplitPrompt.test.tsx[2m > [22mInterestSplitPrompt[2m > [22mrendering[2m > [22mshould display suggested principal and interest amounts
[31m[1mTestingLibraryElementError[22m[39m: Found multiple elements with the text: /\$800\.00/

Here are the matching elements:

Ignored nodes: comments, script, style
[36m<p[39m
  [33mclass[39m=[32m"prompt-message"[39m
[36m>[39m
  [0mWe noticed this transaction might be a loan payment. Would you like us to help split it into principal ($800.00) and interest ($200.00) portions? This will help keep your records accurate.[0m
[36m</p>[39m

Ignored nodes: comments, script, style
[36m<span[39m
  [33mclass[39m=[32m"amount"[39m
[36m>[39m
  [0m$[0m
  [0m800.00[0m
[36m</span>[39m

(If this is intentional, then use the `*AllBy*` variant of the query (like `queryAllByText`, `getAllByText`, or `findAllByText`)).

Ignored nodes: comments, script, style
[36m<body[39m
  [33mstyle[39m=[32m"overflow: hidden;"[39m
[36m>[39m
  [36m<div />[39m
  [36m<div[39m
    [33mclass[39m=[32m"_modalBackdrop_a5c4df"[39m
  [36m>[39m
    [36m<div[39m
      [33maria-labelledby[39m=[32m"modal-title"[39m
      [33maria-modal[39m=[32m"true"[39m
      [33mclass[39m=[32m"_modal_a5c4df _md_a5c4df"[39m
      [33mrole[39m=[32m"dialog"[39m
      [33mtabindex[39m=[32m"-1"[39m
    [36m>[39m
      [36m<div[39m
        [33mclass[39m=[32m"_modalHeader_a5c4df"[39m
      [36m>[39m
        [36m<h2[39m
          [33mclass[39m=[32m"_modalTitle_a5c4df"[39m
          [33mid[39m=[32m"modal-title"[39m
        [36m>[39m
          [0mWe Noticed This Might Be a Loan Payment[0m
        [36m</h2>[39m
        [36m<button[39m
          [33maria-label[39m=[32m"Close modal"[39m
          [33mclass[39m=[32m"_closeButton_a5c4df"[39m
          [33mtype[39m=[32m"button"[39m
        [36m>[39m
          [0m✕[0m
        [36m</button>[39m
      [36m</div>[39m
      [36m<div[39m
        [33mclass[39m=[32m"_modalBody_a5c4df"[39m
      [36m>[39m
        [36m<div[39m
          [33mclass[39m=[32m"interest-split-prompt"[39m
        [36m>[39m
          [36m<p[39m
            [33mclass[39m=[32m"prompt-message"[39m
          [36m>[39m
            [0mWe noticed this transaction might be a loan payment. Would you like us to help split it into principal ($800.00) and interest ($200.00) portions? This will help keep your records accurate.[0m
          [36m</p>[39m
          [36m<div[39m
            [33maria-label[39m=[32m"Tax benefit information"[39m
            [33mclass[39m=[32m"tax-benefit-note"[39m
            [33mrole[39m=[32m"note"[39m
          [36m>[39m
            [36m<span[39m
              [33maria-hidden[39m=[32m"true"[39m
              [33mclass[39m=[32m"icon"[39m
            [36m>[39m
              [0m💡[0m
            [36m</span>[39m
            [36m<span>[39m
              [0mRemember, the interest portion is typically tax-deductible for business loans, which can help reduce your tax burden.[0m
            [36m</span>[39m
          [36m</div>[39m
          [36m<div[39m
            [33mclass[39m=[32m"confidence-indicator"[39m
          [36m>[39m
            [36m<span[39m
              [33mclass[39m=[32m"label"[39m
            [36m>[39m
              [0mConfidence:[0m
            [36m</span>[39m
            [36m<span[39m
              [33mclass[39m=[32m"badge confidence-high"[39m
            [36m>[39m
              [0mHIGH[0m
            [36m</span>[39m
            [36m<span[39m
              [33mclass[39m=[32m"score"[39m
            [36m>[39m
              [0m([0m
              [0m85[0m
              [0m%)[0m
            [36m</span>[39m
          [36m</div>[39m
          [36m<div[39m
            [33mclass[39m=[32m"suggested-amounts"[39m
          [36m>[39m
            [36m<div[39m
              [33mclass[39m=[32m"amount-row"[39m
            [36m>[39m
              [36m<span[39m
                [33mclass[39m=[32m"label"[39m
              [36m>[39m
                [0mPrincipal:[0m
              [36m</span>[39m
              [36m<span[39m
                [33mclass[39m=[32m"amount"[39m
              [36m>[39m
                [0m$[0m
                [0m800.00[0m
              [36m</span>[39m
            [36m</div>[39m
            [36m<div[39m
              [33mclass[39m=[32m"amount-row"[39m
            [36m>[39m
              [36m<span[39m
                [33mclass[39m=[32m"label"[39m
              [36m>[39m
                [0mInterest:[0m
              [36m</span>[39m
              [36m<span[39m
                [33mclass[39m=[32m"amount"[39m
              [36m>[39m
                [0m$[0m
                [0m200.00[0m
              [36m</span>[39m
            [36m</div>[39m
            [36m<div[39m
              [33mclass[39m=[32m"amount-row total"[39m
            [36m>[39m
              [36m<span[39m
                [33mclass[39m=[32m"label"[39m
              [36m>[39m
                [0mTotal:[0m
              [36m</span>[39m
              [36m<span[39m
                [33mclass[39m=[32m"amount"[39m
              [36m>[39m
                [0m$[0m
                [0m1000.00[0m
              [36m</span>[39m
            [36m</div>[39m
            [36m<button[39m
              [33maria-busy[39m=[32m"false"[39m
              [33maria-disabled[39m=[32m"false"[39m
              [33mclass[39m=[32m"_button_c9c6cf _sm_c9c6cf"[39m
              [33mtype[39m=[32m"button"[39m
            [36m>[39m
              [36m<span[39m
                [33mclass[39m=[32m"_content_c9c6cf"[39m
              [36m>[39m
                [0mAdjust amounts[0m
              [36m</span>[39m
            [36m</button>[39m
          [36m</div>[39m
          [36m<div[39m
            [33mclass[39m=[32m"help-text"[39m
            [33mrole[39m=[32m"complementary"[39m
          [36m>[39m
            [36m<p>[39m
              [0mLoan payments typically consist of two components: the principal portion reduces your loan balance, while the interest portion is an expense. Splitting these helps maintain accurate financial records and ensures you can properly track your loan payoff progress.[0m
            [36m</p>[39m
          [36m</div>[39m
        [36m</div>[39m
      [36m</div>[39m
      [36m<div[39m
        [33mclass[39m=[32m"_modalFooter_a5c4df"[39m
      [36m>[39m
        [36m<div[39m
          [33mclass[39m=[32m"modal-footer"[39m
        [36m>[39m
          [36m<button[39m
            [33maria-busy[39m=[32m"false"[39m
            [33maria-disabled[39m=[32m"false"[39m
            [33mclass[39m=[32m"_button_c9c6cf _secondary_c9c6cf _md_c9c6cf"[39m
            [33mtype[39m=[32m"button"[39m
          [36m>[39m
            [36m<span[39m
              [33mclass[39m=[32m"_content_c9c6cf"[39m
            [36m>[39m
              [0mNo, Thank You[0m
            [36m</span>[39m
          [36m</button>[39m
          [36m<button[39m
            [33maria-busy[39m=[32m"false"[39m
            [33maria-disabled[39m=[32m"false"[39m
            [33mclass[39m=[32m"_button_c9c6cf _secondary_c9c6cf _md_c9c6cf"[39m
            [33mtype[39m=[32m"button"[39m
          [36m>[39m
            [36m<span[39m
              [33mclass[39m=[32m"_content_c9c6cf"[39m
            [36m>[39m
              [0mRemind Me Later[0m
            [36m</span>[39m
          [36m</button>[39m
          [36m<button[39m
            [33maria-busy[39m=[32m"false"[39m
            [33maria-disabled[39m=[32m"false"[39m
            [33mclass[39m=[32m"_button_c9c6cf _primary_c9c6cf _md_c9c6cf"[39m
            [33mtype[39m=[32m"button"[39m
          [36m>[39m
            [36m<span[39m
              [33mclass[39m=[32m"_content_c9c6cf"[39m
            [36m>[39m
              [0mYes, Please Split It[0m
            [36m</span>[39m
          [36m</button>[39m
        [36m</div>[39m
      [36m</div>[39m
    [36m</div>[39m
  [36m</div>[39m
[36m</body>[39m
[90m [2m❯[22m Object.getElementError node_modules/@testing-library/react/node_modules/@testing-library/dom/dist/config.js:[2m37:19[22m[39m
[90m [2m❯[22m getElementError node_modules/@testing-library/react/node_modules/@testing-library/dom/dist/query-helpers.js:[2m20:35[22m[39m
[90m [2m❯[22m getMultipleElementsFoundError node_modules/@testing-library/react/node_modules/@testing-library/dom/dist/query-helpers.js:[2m23:10[22m[39m
[90m [2m❯[22m node_modules/@testing-library/react/node_modules/@testing-library/dom/dist/query-helpers.js:[2m55:13[22m[39m
[90m [2m❯[22m node_modules/@testing-library/react/node_modules/@testing-library/dom/dist/query-helpers.js:[2m95:19[22m[39m
[36m [2m❯[22m src/components/interestSplit/InterestSplitPrompt.test.tsx:[2m85:21[22m[39m
    [90m 83| [39m      )[33m;[39m
    [90m 84| [39m
    [90m 85| [39m      expect(screen.getByText(/\$800\.00/)).toBeInTheDocument(); // Pr…
    [90m   | [39m                    [31m^[39m
    [90m 86| [39m      expect(screen.getByText(/\$200\.00/)).toBeInTheDocument(); // In…
    [90m 87| [39m    })[33m;[39m

[31m[2m⎯⎯⎯⎯⎯⎯⎯⎯⎯⎯⎯⎯⎯⎯⎯⎯⎯⎯⎯⎯⎯[98/133]⎯[22m[39m

[41m[1m FAIL [22m[49m src/components/interestSplit/InterestSplitPrompt.test.tsx[2m > [22mInterestSplitPrompt[2m > [22mDISC-adapted messaging[2m > [22mshould show Influence-style messaging
[31m[1mTestingLibraryElementError[22m[39m: Found multiple elements with the text: /This Looks Like a Loan Payment/i

Here are the matching elements:

Ignored nodes: comments, script, style
[36m<h2[39m
  [33mclass[39m=[32m"_modalTitle_a5c4df"[39m
  [33mid[39m=[32m"modal-title"[39m
[36m>[39m
  [0mHey! This Looks Like a Loan Payment[0m
[36m</h2>[39m

Ignored nodes: comments, script, style
[36m<p[39m
  [33mclass[39m=[32m"prompt-message"[39m
[36m>[39m
  [0mThis looks like a loan payment! Want to split it into principal ($800.00) and interest ($200.00)? It'll help you track your progress![0m
[36m</p>[39m

(If this is intentional, then use the `*AllBy*` variant of the query (like `queryAllByText`, `getAllByText`, or `findAllByText`)).

Ignored nodes: comments, script, style
[36m<body[39m
  [33mstyle[39m=[32m"overflow: hidden;"[39m
[36m>[39m
  [36m<div />[39m
  [36m<div[39m
    [33mclass[39m=[32m"_modalBackdrop_a5c4df"[39m
  [36m>[39m
    [36m<div[39m
      [33maria-labelledby[39m=[32m"modal-title"[39m
      [33maria-modal[39m=[32m"true"[39m
      [33mclass[39m=[32m"_modal_a5c4df _md_a5c4df"[39m
      [33mrole[39m=[32m"dialog"[39m
      [33mtabindex[39m=[32m"-1"[39m
    [36m>[39m
      [36m<div[39m
        [33mclass[39m=[32m"_modalHeader_a5c4df"[39m
      [36m>[39m
        [36m<h2[39m
          [33mclass[39m=[32m"_modalTitle_a5c4df"[39m
          [33mid[39m=[32m"modal-title"[39m
        [36m>[39m
          [0mHey! This Looks Like a Loan Payment[0m
        [36m</h2>[39m
        [36m<button[39m
          [33maria-label[39m=[32m"Close modal"[39m
          [33mclass[39m=[32m"_closeButton_a5c4df"[39m
          [33mtype[39m=[32m"button"[39m
        [36m>[39m
          [0m✕[0m
        [36m</button>[39m
      [36m</div>[39m
      [36m<div[39m
        [33mclass[39m=[32m"_modalBody_a5c4df"[39m
      [36m>[39m
        [36m<div[39m
          [33mclass[39m=[32m"interest-split-prompt"[39m
        [36m>[39m
          [36m<p[39m
            [33mclass[39m=[32m"prompt-message"[39m
          [36m>[39m
            [0mThis looks like a loan payment! Want to split it into principal ($800.00) and interest ($200.00)? It'll help you track your progress![0m
          [36m</p>[39m
          [36m<div[39m
            [33maria-label[39m=[32m"Tax benefit information"[39m
            [33mclass[39m=[32m"tax-benefit-note"[39m
            [33mrole[39m=[32m"note"[39m
          [36m>[39m
            [36m<span[39m
              [33maria-hidden[39m=[32m"true"[39m
              [33mclass[39m=[32m"icon"[39m
            [36m>[39m
              [0m💡[0m
            [36m</span>[39m
            [36m<span>[39m
              [0mPlus, the interest part is tax-deductible! Win-win![0m
            [36m</span>[39m
          [36m</div>[39m
          [36m<div[39m
            [33mclass[39m=[32m"confidence-indicator"[39m
          [36m>[39m
            [36m<span[39m
              [33mclass[39m=[32m"label"[39m
            [36m>[39m
              [0mConfidence:[0m
            [36m</span>[39m
            [36m<span[39m
              [33mclass[39m=[32m"badge confidence-high"[39m
            [36m>[39m
              [0mHIGH[0m
            [36m</span>[39m
            [36m<span[39m
              [33mclass[39m=[32m"score"[39m
            [36m>[39m
              [0m([0m
              [0m85[0m
              [0m%)[0m
            [36m</span>[39m
          [36m</div>[39m
          [36m<div[39m
            [33mclass[39m=[32m"suggested-amounts"[39m
          [36m>[39m
            [36m<div[39m
              [33mclass[39m=[32m"amount-row"[39m
            [36m>[39m
              [36m<span[39m
                [33mclass[39m=[32m"label"[39m
              [36m>[39m
                [0mPrincipal:[0m
              [36m</span>[39m
              [36m<span[39m
                [33mclass[39m=[32m"amount"[39m
              [36m>[39m
                [0m$[0m
                [0m800.00[0m
              [36m</span>[39m
            [36m</div>[39m
            [36m<div[39m
              [33mclass[39m=[32m"amount-row"[39m
            [36m>[39m
              [36m<span[39m
                [33mclass[39m=[32m"label"[39m
              [36m>[39m
                [0mInterest:[0m
              [36m</span>[39m
              [36m<span[39m
                [33mclass[39m=[32m"amount"[39m
              [36m>[39m
                [0m$[0m
                [0m200.00[0m
              [36m</span>[39m
            [36m</div>[39m
            [36m<div[39m
              [33mclass[39m=[32m"amount-row total"[39m
            [36m>[39m
              [36m<span[39m
                [33mclass[39m=[32m"label"[39m
              [36m>[39m
                [0mTotal:[0m
              [36m</span>[39m
              [36m<span[39m
                [33mclass[39m=[32m"amount"[39m
              [36m>[39m
                [0m$[0m
                [0m1000.00[0m
              [36m</span>[39m
            [36m</div>[39m
            [36m<button[39m
              [33maria-busy[39m=[32m"false"[39m
              [33maria-disabled[39m=[32m"false"[39m
              [33mclass[39m=[32m"_button_c9c6cf _sm_c9c6cf"[39m
              [33mtype[39m=[32m"button"[39m
            [36m>[39m
              [36m<span[39m
                [33mclass[39m=[32m"_content_c9c6cf"[39m
              [36m>[39m
                [0mAdjust amounts[0m
              [36m</span>[39m
            [36m</button>[39m
          [36m</div>[39m
          [36m<div[39m
            [33mclass[39m=[32m"help-text"[39m
            [33mrole[39m=[32m"complementary"[39m
          [36m>[39m
            [36m<p>[39m
              [0mWhen you pay a loan, part goes to the principal (paying down what you owe) and part goes to interest (the cost of borrowing). Splitting them helps you see exactly where your money goes![0m
            [36m</p>[39m
          [36m</div>[39m
        [36m</div>[39m
      [36m</div>[39m
      [36m<div[39m
        [33mclass[39m=[32m"_modalFooter_a5c4df"[39m
      [36m>[39m
        [36m<div[39m
          [33mclass[39m=[32m"modal-footer"[39m
        [36m>[39m
          [36m<button[39m
            [33maria-busy[39m=[32m"false"[39m
            [33maria-disabled[39m=[32m"false"[39m
            [33mclass[39m=[32m"_button_c9c6cf _secondary_c9c6cf _md_c9c6cf"[39m
            [33mtype[39m=[32m"button"[39m
          [36m>[39m
            [36m<span[39m
              [33mclass[39m=[32m"_content_c9c6cf"[39m
            [36m>[39m
              [0mNot This Time[0m
            [36m</span>[39m
          [36m</button>[39m
          [36m<button[39m
            [33maria-busy[39m=[32m"false"[39m
            [33maria-disabled[39m=[32m"false"[39m
            [33mclass[39m=[32m"_button_c9c6cf _secondary_c9c6cf _md_c9c6cf"[39m
            [33mtype[39m=[32m"button"[39m
          [36m>[39m
            [36m<span[39m
              [33mclass[39m=[32m"_content_c9c6cf"[39m
            [36m>[39m
              [0mI'll Come Back to This[0m
            [36m</span>[39m
          [36m</button>[39m
          [36m<button[39m
            [33maria-busy[39m=[32m"false"[39m
            [33maria-disabled[39m=[32m"false"[39m
            [33mclass[39m=[32m"_button_c9c6cf _primary_c9c6cf _md_c9c6cf"[39m
            [33mtype[39m=[32m"button"[39m
          [36m>[39m
            [36m<span[39m
              [33mclass[39m=[32m"_content_c9c6cf"[39m
            [36m>[39m
              [0mYes, Let's Do It![0m
            [36m</span>[39m
          [36m</button>[39m
        [36m</div>[39m
      [36m</div>[39m
    [36m</div>[39m
  [36m</div>[39m
[36m</body>[39m
[90m [2m❯[22m Object.getElementError node_modules/@testing-library/react/node_modules/@testing-library/dom/dist/config.js:[2m37:19[22m[39m
[90m [2m❯[22m getElementError node_modules/@testing-library/react/node_modules/@testing-library/dom/dist/query-helpers.js:[2m20:35[22m[39m
[90m [2m❯[22m getMultipleElementsFoundError node_modules/@testing-library/react/node_modules/@testing-library/dom/dist/query-helpers.js:[2m23:10[22m[39m
[90m [2m❯[22m node_modules/@testing-library/react/node_modules/@testing-library/dom/dist/query-helpers.js:[2m55:13[22m[39m
[90m [2m❯[22m node_modules/@testing-library/react/node_modules/@testing-library/dom/dist/query-helpers.js:[2m95:19[22m[39m
[36m [2m❯[22m src/components/interestSplit/InterestSplitPrompt.test.tsx:[2m145:21[22m[39m
    [90m143| [39m      )[33m;[39m
    [90m144| [39m
    [90m145| [39m      expect(screen.getByText(/This Looks Like a Loan Payment/i)).toBe…
    [90m   | [39m                    [31m^[39m
    [90m146| [39m    })[33m;[39m
    [90m147| [39m

[31m[2m⎯⎯⎯⎯⎯⎯⎯⎯⎯⎯⎯⎯⎯⎯⎯⎯⎯⎯⎯⎯⎯[99/133]⎯[22m[39m

[41m[1m FAIL [22m[49m src/components/interestSplit/InterestSplitPrompt.test.tsx[2m > [22mInterestSplitPrompt[2m > [22mDISC-adapted messaging[2m > [22mshould show Steadiness-style messaging
[31m[1mTestingLibraryElementError[22m[39m: Found multiple elements with the text: /We Noticed.*Loan Payment/i

Here are the matching elements:

Ignored nodes: comments, script, style
[36m<h2[39m
  [33mclass[39m=[32m"_modalTitle_a5c4df"[39m
  [33mid[39m=[32m"modal-title"[39m
[36m>[39m
  [0mWe Noticed This Might Be a Loan Payment[0m
[36m</h2>[39m

Ignored nodes: comments, script, style
[36m<p[39m
  [33mclass[39m=[32m"prompt-message"[39m
[36m>[39m
  [0mWe noticed this transaction might be a loan payment. Would you like us to help split it into principal ($800.00) and interest ($200.00) portions? This will help keep your records accurate.[0m
[36m</p>[39m

(If this is intentional, then use the `*AllBy*` variant of the query (like `queryAllByText`, `getAllByText`, or `findAllByText`)).

Ignored nodes: comments, script, style
[36m<body[39m
  [33mstyle[39m=[32m"overflow: hidden;"[39m
[36m>[39m
  [36m<div />[39m
  [36m<div[39m
    [33mclass[39m=[32m"_modalBackdrop_a5c4df"[39m
  [36m>[39m
    [36m<div[39m
      [33maria-labelledby[39m=[32m"modal-title"[39m
      [33maria-modal[39m=[32m"true"[39m
      [33mclass[39m=[32m"_modal_a5c4df _md_a5c4df"[39m
      [33mrole[39m=[32m"dialog"[39m
      [33mtabindex[39m=[32m"-1"[39m
    [36m>[39m
      [36m<div[39m
        [33mclass[39m=[32m"_modalHeader_a5c4df"[39m
      [36m>[39m
        [36m<h2[39m
          [33mclass[39m=[32m"_modalTitle_a5c4df"[39m
          [33mid[39m=[32m"modal-title"[39m
        [36m>[39m
          [0mWe Noticed This Might Be a Loan Payment[0m
        [36m</h2>[39m
        [36m<button[39m
          [33maria-label[39m=[32m"Close modal"[39m
          [33mclass[39m=[32m"_closeButton_a5c4df"[39m
          [33mtype[39m=[32m"button"[39m
        [36m>[39m
          [0m✕[0m
        [36m</button>[39m
      [36m</div>[39m
      [36m<div[39m
        [33mclass[39m=[32m"_modalBody_a5c4df"[39m
      [36m>[39m
        [36m<div[39m
          [33mclass[39m=[32m"interest-split-prompt"[39m
        [36m>[39m
          [36m<p[39m
            [33mclass[39m=[32m"prompt-message"[39m
          [36m>[39m
            [0mWe noticed this transaction might be a loan payment. Would you like us to help split it into principal ($800.00) and interest ($200.00) portions? This will help keep your records accurate.[0m
          [36m</p>[39m
          [36m<div[39m
            [33maria-label[39m=[32m"Tax benefit information"[39m
            [33mclass[39m=[32m"tax-benefit-note"[39m
            [33mrole[39m=[32m"note"[39m
          [36m>[39m
            [36m<span[39m
              [33maria-hidden[39m=[32m"true"[39m
              [33mclass[39m=[32m"icon"[39m
            [36m>[39m
              [0m💡[0m
            [36m</span>[39m
            [36m<span>[39m
              [0mRemember, the interest portion is typically tax-deductible for business loans, which can help reduce your tax burden.[0m
            [36m</span>[39m
          [36m</div>[39m
          [36m<div[39m
            [33mclass[39m=[32m"confidence-indicator"[39m
          [36m>[39m
            [36m<span[39m
              [33mclass[39m=[32m"label"[39m
            [36m>[39m
              [0mConfidence:[0m
            [36m</span>[39m
            [36m<span[39m
              [33mclass[39m=[32m"badge confidence-high"[39m
            [36m>[39m
              [0mHIGH[0m
            [36m</span>[39m
            [36m<span[39m
              [33mclass[39m=[32m"score"[39m
            [36m>[39m
              [0m([0m
              [0m85[0m
              [0m%)[0m
            [36m</span>[39m
          [36m</div>[39m
          [36m<div[39m
            [33mclass[39m=[32m"suggested-amounts"[39m
          [36m>[39m
            [36m<div[39m
              [33mclass[39m=[32m"amount-row"[39m
            [36m>[39m
              [36m<span[39m
                [33mclass[39m=[32m"label"[39m
              [36m>[39m
                [0mPrincipal:[0m
              [36m</span>[39m
              [36m<span[39m
                [33mclass[39m=[32m"amount"[39m
              [36m>[39m
                [0m$[0m
                [0m800.00[0m
              [36m</span>[39m
            [36m</div>[39m
            [36m<div[39m
              [33mclass[39m=[32m"amount-row"[39m
            [36m>[39m
              [36m<span[39m
                [33mclass[39m=[32m"label"[39m
              [36m>[39m
                [0mInterest:[0m
              [36m</span>[39m
              [36m<span[39m
                [33mclass[39m=[32m"amount"[39m
              [36m>[39m
                [0m$[0m
                [0m200.00[0m
              [36m</span>[39m
            [36m</div>[39m
            [36m<div[39m
              [33mclass[39m=[32m"amount-row total"[39m
            [36m>[39m
              [36m<span[39m
                [33mclass[39m=[32m"label"[39m
              [36m>[39m
                [0mTotal:[0m
              [36m</span>[39m
              [36m<span[39m
                [33mclass[39m=[32m"amount"[39m
              [36m>[39m
                [0m$[0m
                [0m1000.00[0m
              [36m</span>[39m
            [36m</div>[39m
            [36m<button[39m
              [33maria-busy[39m=[32m"false"[39m
              [33maria-disabled[39m=[32m"false"[39m
              [33mclass[39m=[32m"_button_c9c6cf _sm_c9c6cf"[39m
              [33mtype[39m=[32m"button"[39m
            [36m>[39m
              [36m<span[39m
                [33mclass[39m=[32m"_content_c9c6cf"[39m
              [36m>[39m
                [0mAdjust amounts[0m
              [36m</span>[39m
            [36m</button>[39m
          [36m</div>[39m
          [36m<div[39m
            [33mclass[39m=[32m"help-text"[39m
            [33mrole[39m=[32m"complementary"[39m
          [36m>[39m
            [36m<p>[39m
              [0mLoan payments typically consist of two components: the principal portion reduces your loan balance, while the interest portion is an expense. Splitting these helps maintain accurate financial records and ensures you can properly track your loan payoff progress.[0m
            [36m</p>[39m
          [36m</div>[39m
        [36m</div>[39m
      [36m</div>[39m
      [36m<div[39m
        [33mclass[39m=[32m"_modalFooter_a5c4df"[39m
      [36m>[39m
        [36m<div[39m
          [33mclass[39m=[32m"modal-footer"[39m
        [36m>[39m
          [36m<button[39m
            [33maria-busy[39m=[32m"false"[39m
            [33maria-disabled[39m=[32m"false"[39m
            [33mclass[39m=[32m"_button_c9c6cf _secondary_c9c6cf _md_c9c6cf"[39m
            [33mtype[39m=[32m"button"[39m
          [36m>[39m
            [36m<span[39m
              [33mclass[39m=[32m"_content_c9c6cf"[39m
            [36m>[39m
              [0mNo, Thank You[0m
            [36m</span>[39m
          [36m</button>[39m
          [36m<button[39m
            [33maria-busy[39m=[32m"false"[39m
            [33maria-disabled[39m=[32m"false"[39m
            [33mclass[39m=[32m"_button_c9c6cf _secondary_c9c6cf _md_c9c6cf"[39m
            [33mtype[39m=[32m"button"[39m
          [36m>[39m
            [36m<span[39m
              [33mclass[39m=[32m"_content_c9c6cf"[39m
            [36m>[39m
              [0mRemind Me Later[0m
            [36m</span>[39m
          [36m</button>[39m
          [36m<button[39m
            [33maria-busy[39m=[32m"false"[39m
            [33maria-disabled[39m=[32m"false"[39m
            [33mclass[39m=[32m"_button_c9c6cf _primary_c9c6cf _md_c9c6cf"[39m
            [33mtype[39m=[32m"button"[39m
          [36m>[39m
            [36m<span[39m
              [33mclass[39m=[32m"_content_c9c6cf"[39m
            [36m>[39m
              [0mYes, Please Split It[0m
            [36m</span>[39m
          [36m</button>[39m
        [36m</div>[39m
      [36m</div>[39m
    [36m</div>[39m
  [36m</div>[39m
[36m</body>[39m
[90m [2m❯[22m Object.getElementError node_modules/@testing-library/react/node_modules/@testing-library/dom/dist/config.js:[2m37:19[22m[39m
[90m [2m❯[22m getElementError node_modules/@testing-library/react/node_modules/@testing-library/dom/dist/query-helpers.js:[2m20:35[22m[39m
[90m [2m❯[22m getMultipleElementsFoundError node_modules/@testing-library/react/node_modules/@testing-library/dom/dist/query-helpers.js:[2m23:10[22m[39m
[90m [2m❯[22m node_modules/@testing-library/react/node_modules/@testing-library/dom/dist/query-helpers.js:[2m55:13[22m[39m
[90m [2m❯[22m node_modules/@testing-library/react/node_modules/@testing-library/dom/dist/query-helpers.js:[2m95:19[22m[39m
[36m [2m❯[22m src/components/interestSplit/InterestSplitPrompt.test.tsx:[2m159:21[22m[39m
    [90m157| [39m      )[33m;[39m
    [90m158| [39m
    [90m159| [39m      expect(screen.getByText(/We Noticed.*Loan Payment/i)).toBeInTheD…
    [90m   | [39m                    [31m^[39m
    [90m160| [39m    })[33m;[39m
    [90m161| [39m

[31m[2m⎯⎯⎯⎯⎯⎯⎯⎯⎯⎯⎯⎯⎯⎯⎯⎯⎯⎯⎯⎯[100/133]⎯[22m[39m

[41m[1m FAIL [22m[49m src/components/interestSplit/InterestSplitPrompt.test.tsx[2m > [22mInterestSplitPrompt[2m > [22muser interactions[2m > [22mshould allow manual amount adjustment
[31m[1mAssertionError[22m: expected "vi.fn()" to be called with arguments: [ 'SPLIT_NOW', ObjectContaining{…} ][90m

Received: 

[1m  1st vi.fn() call:

[22m[2m  [[22m
[2m    "SPLIT_NOW",[22m
[32m-   ObjectContaining {[90m
[32m-     "interest_amount": "250.00",[90m
[32m-     "principal_amount": "750.00",[90m
[31m+   {[90m
[31m+     "interest_amount": "250",[90m
[31m+     "loan_account_id": "loan-1",[90m
[31m+     "notes": null,[90m
[31m+     "payment_date": 1768790560812,[90m
[31m+     "principal_amount": "750",[90m
[31m+     "schedule_entry_id": null,[90m
[31m+     "total_payment_amount": "1000.00",[90m
[31m+     "transaction_id": "txn-123",[90m
[2m      "user_specified_split": true,[22m
[2m    },[22m
[2m  ][22m
[31m[90m

Number of calls: [1m1[22m
[31m[39m
[36m [2m❯[22m src/components/interestSplit/InterestSplitPrompt.test.tsx:[2m279:30[22m[39m
    [90m277| [39m      [35mawait[39m user[33m.[39m[34mclick[39m(splitButton)[33m;[39m
    [90m278| [39m
    [90m279| [39m      [34mexpect[39m(mockOnDecision)[33m.[39m[34mtoHaveBeenCalledWith[39m(
    [90m   | [39m                             [31m^[39m
    [90m280| [39m        [32m'SPLIT_NOW'[39m[33m,[39m
    [90m281| [39m        expect[33m.[39m[34mobjectContaining[39m({

[31m[2m⎯⎯⎯⎯⎯⎯⎯⎯⎯⎯⎯⎯⎯⎯⎯⎯⎯⎯⎯⎯[101/133]⎯[22m[39m

[41m[1m FAIL [22m[49m src/components/interestSplit/InterestSplitPrompt.test.tsx[2m > [22mInterestSplitPrompt[2m > [22maccessibility[2m > [22mshould support keyboard navigation
[31m[1mError[22m: [2mexpect([22m[31melement[31m[2m).toHaveFocus()[22m

Expected element with focus:
  [32m<button
  aria-busy="false"
  aria-disabled="false"
  class="_button_c9c6cf _secondary_c9c6cf _md_c9c6cf"
  type="button"
>
  <span
    class="_content_c9c6cf"
  >
    No, Thank You
  </span>
</button>[31m
Received element with focus:
  [31m<button
  aria-label="Close modal"
  class="_closeButton_a5c4df"
  type="button"
>
  ✕
</button>[31m[39m
[36m [2m❯[22m src/components/interestSplit/InterestSplitPrompt.test.tsx:[2m353:70[22m[39m
    [90m351| [39m      [90m// Tab through buttons[39m
    [90m352| [39m      [35mawait[39m user[33m.[39m[34mtab[39m()[33m;[39m
    [90m353| [39m      expect(screen.getByRole('button', { name: /No, Thank You/i })).t…
    [90m   | [39m                                                                     [31m^[39m
    [90m354| [39m
    [90m355| [39m      [35mawait[39m user[33m.[39m[34mtab[39m()[33m;[39m

[31m[2m⎯⎯⎯⎯⎯⎯⎯⎯⎯⎯⎯⎯⎯⎯⎯⎯⎯⎯⎯⎯[102/133]⎯[22m[39m

[41m[1m FAIL [22m[49m src/components/interestSplit/InterestSplitPrompt.test.tsx[2m > [22mInterestSplitPrompt[2m > [22maccessibility[2m > [22mshould disable all buttons when loading
[31m[1mTestingLibraryElementError[22m[39m: Unable to find an accessible element with the role "button" and name `/Yes, Please Split It/i`

Here are the accessible roles:

  dialog:

  Name "We Noticed This Might Be a Loan Payment":
  [36m<div[39m
    [33maria-labelledby[39m=[32m"modal-title"[39m
    [33maria-modal[39m=[32m"true"[39m
    [33mclass[39m=[32m"_modal_a5c4df _md_a5c4df"[39m
    [33mrole[39m=[32m"dialog"[39m
    [33mtabindex[39m=[32m"-1"[39m
  [36m/>[39m

  --------------------------------------------------
  heading:

  Name "We Noticed This Might Be a Loan Payment":
  [36m<h2[39m
    [33mclass[39m=[32m"_modalTitle_a5c4df"[39m
    [33mid[39m=[32m"modal-title"[39m
  [36m/>[39m

  --------------------------------------------------
  button:

  Name "Close modal":
  [36m<button[39m
    [33maria-label[39m=[32m"Close modal"[39m
    [33mclass[39m=[32m"_closeButton_a5c4df"[39m
    [33mtype[39m=[32m"button"[39m
  [36m/>[39m

  Name "Adjust amounts":
  [36m<button[39m
    [33maria-busy[39m=[32m"false"[39m
    [33maria-disabled[39m=[32m"true"[39m
    [33mclass[39m=[32m"_button_c9c6cf _sm_c9c6cf"[39m
    [33mdisabled[39m=[32m""[39m
    [33mtype[39m=[32m"button"[39m
  [36m/>[39m

  Name "No, Thank You":
  [36m<button[39m
    [33maria-busy[39m=[32m"false"[39m
    [33maria-disabled[39m=[32m"true"[39m
    [33mclass[39m=[32m"_button_c9c6cf _secondary_c9c6cf _md_c9c6cf"[39m
    [33mdisabled[39m=[32m""[39m
    [33mtype[39m=[32m"button"[39m
  [36m/>[39m

  Name "Remind Me Later":
  [36m<button[39m
    [33maria-busy[39m=[32m"false"[39m
    [33maria-disabled[39m=[32m"true"[39m
    [33mclass[39m=[32m"_button_c9c6cf _secondary_c9c6cf _md_c9c6cf"[39m
    [33mdisabled[39m=[32m""[39m
    [33mtype[39m=[32m"button"[39m
  [36m/>[39m

  Name "Loading":
  [36m<button[39m
    [33maria-busy[39m=[32m"false"[39m
    [33maria-disabled[39m=[32m"true"[39m
    [33mclass[39m=[32m"_button_c9c6cf _primary_c9c6cf _md_c9c6cf"[39m
    [33mdisabled[39m=[32m""[39m
    [33mtype[39m=[32m"button"[39m
  [36m/>[39m

  --------------------------------------------------
  note:

  Name "Tax benefit information":
  [36m<div[39m
    [33maria-label[39m=[32m"Tax benefit information"[39m
    [33mclass[39m=[32m"tax-benefit-note"[39m
    [33mrole[39m=[32m"note"[39m
  [36m/>[39m

  --------------------------------------------------
  complementary:

  Name "":
  [36m<div[39m
    [33mclass[39m=[32m"help-text"[39m
    [33mrole[39m=[32m"complementary"[39m
  [36m/>[39m

  --------------------------------------------------
  status:

  Name "Loading":
  [36m<div[39m
    [33maria-busy[39m=[32m"true"[39m
    [33maria-label[39m=[32m"Loading"[39m
    [33maria-live[39m=[32m"polite"[39m
    [33mclass[39m=[32m"_loadingContainer_63d4e7"[39m
    [33mrole[39m=[32m"status"[39m
  [36m/>[39m

  --------------------------------------------------

Ignored nodes: comments, script, style
[36m<body[39m
  [33mstyle[39m=[32m"overflow: hidden;"[39m
[36m>[39m
  [36m<div />[39m
  [36m<div[39m
    [33mclass[39m=[32m"_modalBackdrop_a5c4df"[39m
  [36m>[39m
    [36m<div[39m
      [33maria-labelledby[39m=[32m"modal-title"[39m
      [33maria-modal[39m=[32m"true"[39m
      [33mclass[39m=[32m"_modal_a5c4df _md_a5c4df"[39m
      [33mrole[39m=[32m"dialog"[39m
      [33mtabindex[39m=[32m"-1"[39m
    [36m>[39m
      [36m<div[39m
        [33mclass[39m=[32m"_modalHeader_a5c4df"[39m
      [36m>[39m
        [36m<h2[39m
          [33mclass[39m=[32m"_modalTitle_a5c4df"[39m
          [33mid[39m=[32m"modal-title"[39m
        [36m>[39m
          [0mWe Noticed This Might Be a Loan Payment[0m
        [36m</h2>[39m
        [36m<button[39m
          [33maria-label[39m=[32m"Close modal"[39m
          [33mclass[39m=[32m"_closeButton_a5c4df"[39m
          [33mtype[39m=[32m"button"[39m
        [36m>[39m
          [0m✕[0m
        [36m</button>[39m
      [36m</div>[39m
      [36m<div[39m
        [33mclass[39m=[32m"_modalBody_a5c4df"[39m
      [36m>[39m
        [36m<div[39m
          [33mclass[39m=[32m"interest-split-prompt"[39m
        [36m>[39m
          [36m<p[39m
            [33mclass[39m=[32m"prompt-message"[39m
          [36m>[39m
            [0mWe noticed this transaction might be a loan payment. Would you like us to help split it into principal ($800.00) and interest ($200.00) portions? This will help keep your records accurate.[0m
          [36m</p>[39m
          [36m<div[39m
            [33maria-label[39m=[32m"Tax benefit information"[39m
            [33mclass[39m=[32m"tax-benefit-note"[39m
            [33mrole[39m=[32m"note"[39m
          [36m>[39m
            [36m<span[39m
              [33maria-hidden[39m=[32m"true"[39m
              [33mclass[39m=[32m"icon"[39m
            [36m>[39m
              [0m💡[0m
            [36m</span>[39m
            [36m<span>[39m
              [0mRemember, the interest portion is typically tax-deductible for business loans, which can help reduce your tax burden.[0m
            [36m</span>[39m
          [36m</div>[39m
          [36m<div[39m
            [33mclass[39m=[32m"confidence-indicator"[39m
          [36m>[39m
            [36m<span[39m
              [33mclass[39m=[32m"label"[39m
            [36m>[39m
              [0mConfidence:[0m
            [36m</span>[39m
            [36m<span[39m
              [33mclass[39m=[32m"badge confidence-high"[39m
            [36m>[39m
              [0mHIGH[0m
            [36m</span>[39m
            [36m<span[39m
              [33mclass[39m=[32m"score"[39m
            [36m>[39m
              [0m([0m
              [0m85[0m
              [0m%)[0m
            [36m</span>[39m
          [36m</div>[39m
          [36m<div[39m
            [33mclass[39m=[32m"suggested-amounts"[39m
          [36m>[39m
            [36m<div[39m
              [33mclass[39m=[32m"amount-row"[39m
            [36m>[39m
              [36m<span[39m
                [33mclass[39m=[32m"label"[39m
              [36m>[39m
                [0mPrincipal:[0m
              [36m</span>[39m
              [36m<span[39m
                [33mclass[39m=[32m"amount"[39m
              [36m>[39m
                [0m$[0m
                [0m800.00[0m
              [36m</span>[39m
            [36m</div>[39m
            [36m<div[39m
              [33mclass[39m=[32m"amount-row"[39m
            [36m>[39m
              [36m<span[39m
                [33mclass[39m=[32m"label"[39m
              [36m>[39m
                [0mInterest:[0m
              [36m</span>[39m
              [36m<span[39m
                [33mclass[39m=[32m"amount"[39m
              [36m>[39m
                [0m$[0m
                [0m200.00[0m
              [36m</span>[39m
            [36m</div>[39m
            [36m<div[39m
              [33mclass[39m=[32m"amount-row total"[39m
            [36m>[39m
              [36m<span[39m
                [33mclass[39m=[32m"label"[39m
              [36m>[39m
                [0mTotal:[0m
              [36m</span>[39m
              [36m<span[39m
                [33mclass[39m=[32m"amount"[39m
              [36m>[39m
                [0m$[0m
                [0m1000.00[0m
              [36m</span>[39m
            [36m</div>[39m
            [36m<button[39m
              [33maria-busy[39m=[32m"false"[39m
              [33maria-disabled[39m=[32m"true"[39m
              [33mclass[39m=[32m"_button_c9c6cf _sm_c9c6cf"[39m
              [33mdisabled[39m=[32m""[39m
              [33mtype[39m=[32m"button"[39m
            [36m>[39m
              [36m<span[39m
                [33mclass[39m=[32m"_content_c9c6cf"[39m
              [36m>[39m
                [0mAdjust amounts[0m
              [36m</span>[39m
            [36m</button>[39m
          [36m</div>[39m
          [36m<div[39m
            [33mclass[39m=[32m"help-text"[39m
            [33mrole[39m=[32m"complementary"[39m
          [36m>[39m
            [36m<p>[39m
              [0mLoan payments typically consist of two components: the principal portion reduces your loan balance, while the interest portion is an expense. Splitting these helps maintain accurate financial records and ensures you can properly track your loan payoff progress.[0m
            [36m</p>[39m
          [36m</div>[39m
        [36m</div>[39m
      [36m</div>[39m
      [36m<div[39m
        [33mclass[39m=[32m"_modalFooter_a5c4df"[39m
      [36m>[39m
        [36m<div[39m
          [33mclass[39m=[32m"modal-footer"[39m
        [36m>[39m
          [36m<button[39m
            [33maria-busy[39m=[32m"false"[39m
            [33maria-disabled[39m=[32m"true"[39m
            [33mclass[39m=[32m"_button_c9c6cf _secondary_c9c6cf _md_c9c6cf"[39m
            [33mdisabled[39m=[32m""[39m
            [33mtype[39m=[32m"button"[39m
          [36m>[39m
            [36m<span[39m
              [33mclass[39m=[32m"_content_c9c6cf"[39m
            [36m>[39m
              [0mNo, Thank You[0m
            [36m</span>[39m
          [36m</button>[39m
          [36m<button[39m
            [33maria-busy[39m=[32m"false"[39m
            [33maria-disabled[39m=[32m"true"[39m
            [33mclass[39m=[32m"_button_c9c6cf _secondary_c9c6cf _md_c9c6cf"[39m
            [33mdisabled[39m=[32m""[39m
            [33mtype[39m=[32m"button"[39m
          [36m>[39m
            [36m<span[39m
              [33mclass[39m=[32m"_content_c9c6cf"[39m
            [36m>[39m
              [0mRemind Me Later[0m
            [36m</span>[39m
          [36m</button>[39m
          [36m<button[39m
            [33maria-busy[39m=[32m"false"[39m
            [33maria-disabled[39m=[32m"true"[39m
            [33mclass[39m=[32m"_button_c9c6cf _primary_c9c6cf _md_c9c6cf"[39m
            [33mdisabled[39m=[32m""[39m
            [33mtype[39m=[32m"button"[39m
          [36m>[39m
            [36m<span[39m
              [33mclass[39m=[32m"_content_c9c6cf"[39m
            [36m>[39m
              [36m<div[39m
                [33maria-busy[39m=[32m"true"[39m
                [33maria-label[39m=[32m"Loading"[39m
                [33maria-live[39m=[32m"polite"[39m
                [33mclass[39m=[32m"_loadingContainer_63d4e7"[39m
                [33mrole[39m=[32m"status"[39m
              [36m>[39m
                [36m<div[39m
                  [33mclass[39m=[32m"_spinner_63d4e7 _sm_63d4e7"[39m
                [36m>[39m
                  [36m<div[39m
                    [33mclass[39m=[32m"_spinnerCircle_63d4e7"[39m
                  [36m/>[39m
                [36m</div>[39m
                [36m<span[39m
                  [33mclass[39m=[32m"_srOnly_63d4e7"[39m
                [36m>[39m
                  [0mLoading[0m
                [36m</span>[39m
              [36m</div>[39m
            [36m</span>[39m
          [36m</button>[39m
        [36m</div>[39m
      [36m</div>[39m
    [36m</div>[39m
  [36m</div>[39m
[36m</body>[39m
[90m [2m❯[22m Object.getElementError node_modules/@testing-library/react/node_modules/@testing-library/dom/dist/config.js:[2m37:19[22m[39m
[90m [2m❯[22m node_modules/@testing-library/react/node_modules/@testing-library/dom/dist/query-helpers.js:[2m76:38[22m[39m
[90m [2m❯[22m node_modules/@testing-library/react/node_modules/@testing-library/dom/dist/query-helpers.js:[2m52:17[22m[39m
[90m [2m❯[22m node_modules/@testing-library/react/node_modules/@testing-library/dom/dist/query-helpers.js:[2m95:19[22m[39m
[36m [2m❯[22m src/components/interestSplit/InterestSplitPrompt.test.tsx:[2m377:21[22m[39m
    [90m375| [39m      expect(screen.getByRole('button', { name: /Remind Me Later/i }))…
    [90m376| [39m      [90m// Split button shows loading indicator, check for loading state[39m
    [90m377| [39m      expect(screen.getByRole('button', { name: /Yes, Please Split It/…
    [90m   | [39m                    [31m^[39m
    [90m378| [39m    })[33m;[39m
    [90m379| [39m  })[33m;[39m

[31m[2m⎯⎯⎯⎯⎯⎯⎯⎯⎯⎯⎯⎯⎯⎯⎯⎯⎯⎯⎯⎯[103/133]⎯[22m[39m

[41m[1m FAIL [22m[49m src/services/multiUser/keyRotation.enhanced.service.test.ts[2m > [22mKeyRotationService[2m > [22minitiateRotation[2m > [22mshould create a rotation job
[31m[1mAssertionError[22m: expected 'ROLLED_BACK' to be 'PENDING' // Object.is equality[39m

Expected: [32m"PENDING"[39m
Received: [31m"ROLLED_BACK"[39m

[36m [2m❯[22m src/services/multiUser/keyRotation.enhanced.service.test.ts:[2m139:35[22m[39m
    [90m137| [39m      [34mexpect[39m(result[33m.[39mdata)[33m.[39m[34mtoBeDefined[39m()[33m;[39m
    [90m138| [39m      [34mexpect[39m(result[33m.[39mdata[33m?.[39mcompanyId)[33m.[39m[34mtoBe[39m([32m'company-123'[39m)[33m;[39m
    [90m139| [39m      [34mexpect[39m(result[33m.[39mdata[33m?.[39mstatus)[33m.[39m[34mtoBe[39m([33mRotationStatus[39m[33m.[39m[33mPENDING[39m)[33m;[39m
    [90m   | [39m                                  [31m^[39m
    [90m140| [39m      [34mexpect[39m(result[33m.[39mdata[33m?.[39minitiatedBy)[33m.[39m[34mtoBe[39m([32m'admin-user-789'[39m)[33m;[39m
    [90m141| [39m    })[33m;[39m

[31m[2m⎯⎯⎯⎯⎯⎯⎯⎯⎯⎯⎯⎯⎯⎯⎯⎯⎯⎯⎯⎯[104/133]⎯[22m[39m

[41m[1m FAIL [22m[49m src/services/multiUser/keyRotation.enhanced.service.test.ts[2m > [22mKeyRotationService[2m > [22minitiateRotation[2m > [22mshould prevent concurrent rotations for the same company
[31m[1mAssertionError[22m: expected true to be false // Object.is equality[39m

[32m- Expected[39m
[31m+ Received[39m

[32m- false[39m
[31m+ true[39m

[36m [2m❯[22m src/services/multiUser/keyRotation.enhanced.service.test.ts:[2m162:30[22m[39m
    [90m160| [39m      )[33m;[39m
    [90m161| [39m
    [90m162| [39m      [34mexpect[39m(result[33m.[39msuccess)[33m.[39m[34mtoBe[39m([35mfalse[39m)[33m;[39m
    [90m   | [39m                             [31m^[39m
    [90m163| [39m      [34mexpect[39m(result[33m.[39merror)[33m.[39m[34mtoContain[39m([32m'already in progress'[39m)[33m;[39m
    [90m164| [39m    })[33m;[39m

[31m[2m⎯⎯⎯⎯⎯⎯⎯⎯⎯⎯⎯⎯⎯⎯⎯⎯⎯⎯⎯⎯[105/133]⎯[22m[39m

[41m[1m FAIL [22m[49m src/services/reports/arAgingReport.service.test.ts[2m > [22mA/R Aging Report Service[2m > [22mgenerateARAgingReport[2m > [22mshould generate a complete A/R aging report
[31m[1mTypeError[22m: Cannot read properties of undefined (reading 'current')[39m
[36m [2m❯[22m getAgingBucketLabel src/services/reports/arAgingReport.service.ts:[2m82:50[22m[39m
    [90m 80| [39m)[33m:[39m string {
    [90m 81| [39m  [35mconst[39m labels [33m=[39m [33mARAgingBucketLabels[39m
    [90m 82| [39m  [35mreturn[39m useFriendly [33m?[39m labels[bucket][33m.[39mfriendly [33m:[39m labels[bucket][33m.[39mformal
    [90m   | [39m                                                 [31m^[39m
    [90m 83| [39m}
    [90m 84| [39m
[90m [2m❯[22m createEmptyBucket src/services/reports/arAgingReport.service.ts:[2m91:12[22m[39m
[90m [2m❯[22m Module.generateARAgingReport src/services/reports/arAgingReport.service.ts:[2m189:14[22m[39m
[90m [2m❯[22m src/services/reports/arAgingReport.service.test.ts:[2m168:28[22m[39m

[31m[2m⎯⎯⎯⎯⎯⎯⎯⎯⎯⎯⎯⎯⎯⎯⎯⎯⎯⎯⎯⎯[106/133]⎯[22m[39m

[41m[1m FAIL [22m[49m src/services/reports/arAgingReport.service.test.ts[2m > [22mA/R Aging Report Service[2m > [22mgenerateARAgingReport[2m > [22mshould correctly categorize invoices into aging buckets
[31m[1mTypeError[22m: Cannot read properties of undefined (reading 'current')[39m
[36m [2m❯[22m getAgingBucketLabel src/services/reports/arAgingReport.service.ts:[2m82:50[22m[39m
    [90m 80| [39m)[33m:[39m string {
    [90m 81| [39m  [35mconst[39m labels [33m=[39m [33mARAgingBucketLabels[39m
    [90m 82| [39m  [35mreturn[39m useFriendly [33m?[39m labels[bucket][33m.[39mfriendly [33m:[39m labels[bucket][33m.[39mformal
    [90m   | [39m                                                 [31m^[39m
    [90m 83| [39m}
    [90m 84| [39m
[90m [2m❯[22m createEmptyBucket src/services/reports/arAgingReport.service.ts:[2m91:12[22m[39m
[90m [2m❯[22m Module.generateARAgingReport src/services/reports/arAgingReport.service.ts:[2m189:14[22m[39m
[90m [2m❯[22m src/services/reports/arAgingReport.service.test.ts:[2m183:28[22m[39m

[31m[2m⎯⎯⎯⎯⎯⎯⎯⎯⎯⎯⎯⎯⎯⎯⎯⎯⎯⎯⎯⎯[107/133]⎯[22m[39m

[41m[1m FAIL [22m[49m src/services/reports/arAgingReport.service.test.ts[2m > [22mA/R Aging Report Service[2m > [22mgenerateARAgingReport[2m > [22mshould calculate total outstanding correctly
[31m[1mTypeError[22m: Cannot read properties of undefined (reading 'current')[39m
[36m [2m❯[22m getAgingBucketLabel src/services/reports/arAgingReport.service.ts:[2m82:50[22m[39m
    [90m 80| [39m)[33m:[39m string {
    [90m 81| [39m  [35mconst[39m labels [33m=[39m [33mARAgingBucketLabels[39m
    [90m 82| [39m  [35mreturn[39m useFriendly [33m?[39m labels[bucket][33m.[39mfriendly [33m:[39m labels[bucket][33m.[39mformal
    [90m   | [39m                                                 [31m^[39m
    [90m 83| [39m}
    [90m 84| [39m
[90m [2m❯[22m createEmptyBucket src/services/reports/arAgingReport.service.ts:[2m91:12[22m[39m
[90m [2m❯[22m Module.generateARAgingReport src/services/reports/arAgingReport.service.ts:[2m189:14[22m[39m
[90m [2m❯[22m src/services/reports/arAgingReport.service.test.ts:[2m212:28[22m[39m

[31m[2m⎯⎯⎯⎯⎯⎯⎯⎯⎯⎯⎯⎯⎯⎯⎯⎯⎯⎯⎯⎯[108/133]⎯[22m[39m

[41m[1m FAIL [22m[49m src/services/reports/arAgingReport.service.test.ts[2m > [22mA/R Aging Report Service[2m > [22mgenerateARAgingReport[2m > [22mshould calculate total overdue correctly
[31m[1mTypeError[22m: Cannot read properties of undefined (reading 'current')[39m
[36m [2m❯[22m getAgingBucketLabel src/services/reports/arAgingReport.service.ts:[2m82:50[22m[39m
    [90m 80| [39m)[33m:[39m string {
    [90m 81| [39m  [35mconst[39m labels [33m=[39m [33mARAgingBucketLabels[39m
    [90m 82| [39m  [35mreturn[39m useFriendly [33m?[39m labels[bucket][33m.[39mfriendly [33m:[39m labels[bucket][33m.[39mformal
    [90m   | [39m                                                 [31m^[39m
    [90m 83| [39m}
    [90m 84| [39m
[90m [2m❯[22m createEmptyBucket src/services/reports/arAgingReport.service.ts:[2m91:12[22m[39m
[90m [2m❯[22m Module.generateARAgingReport src/services/reports/arAgingReport.service.ts:[2m189:14[22m[39m
[90m [2m❯[22m src/services/reports/arAgingReport.service.test.ts:[2m224:28[22m[39m

[31m[2m⎯⎯⎯⎯⎯⎯⎯⎯⎯⎯⎯⎯⎯⎯⎯⎯⎯⎯⎯⎯[109/133]⎯[22m[39m

[41m[1m FAIL [22m[49m src/services/reports/arAgingReport.service.test.ts[2m > [22mA/R Aging Report Service[2m > [22mgenerateARAgingReport[2m > [22mshould group invoices by customer correctly
[31m[1mTypeError[22m: Cannot read properties of undefined (reading 'current')[39m
[36m [2m❯[22m getAgingBucketLabel src/services/reports/arAgingReport.service.ts:[2m82:50[22m[39m
    [90m 80| [39m)[33m:[39m string {
    [90m 81| [39m  [35mconst[39m labels [33m=[39m [33mARAgingBucketLabels[39m
    [90m 82| [39m  [35mreturn[39m useFriendly [33m?[39m labels[bucket][33m.[39mfriendly [33m:[39m labels[bucket][33m.[39mformal
    [90m   | [39m                                                 [31m^[39m
    [90m 83| [39m}
    [90m 84| [39m
[90m [2m❯[22m createEmptyBucket src/services/reports/arAgingReport.service.ts:[2m91:12[22m[39m
[90m [2m❯[22m Module.generateARAgingReport src/services/reports/arAgingReport.service.ts:[2m189:14[22m[39m
[90m [2m❯[22m src/services/reports/arAgingReport.service.test.ts:[2m237:28[22m[39m

[31m[2m⎯⎯⎯⎯⎯⎯⎯⎯⎯⎯⎯⎯⎯⎯⎯⎯⎯⎯⎯⎯[110/133]⎯[22m[39m

[41m[1m FAIL [22m[49m src/services/reports/arAgingReport.service.test.ts[2m > [22mA/R Aging Report Service[2m > [22mgenerateARAgingReport[2m > [22mshould sort customers by name in ascending order by default
[31m[1mTypeError[22m: Cannot read properties of undefined (reading 'current')[39m
[36m [2m❯[22m getAgingBucketLabel src/services/reports/arAgingReport.service.ts:[2m82:50[22m[39m
    [90m 80| [39m)[33m:[39m string {
    [90m 81| [39m  [35mconst[39m labels [33m=[39m [33mARAgingBucketLabels[39m
    [90m 82| [39m  [35mreturn[39m useFriendly [33m?[39m labels[bucket][33m.[39mfriendly [33m:[39m labels[bucket][33m.[39mformal
    [90m   | [39m                                                 [31m^[39m
    [90m 83| [39m}
    [90m 84| [39m
[90m [2m❯[22m createEmptyBucket src/services/reports/arAgingReport.service.ts:[2m91:12[22m[39m
[90m [2m❯[22m Module.generateARAgingReport src/services/reports/arAgingReport.service.ts:[2m189:14[22m[39m
[90m [2m❯[22m src/services/reports/arAgingReport.service.test.ts:[2m257:28[22m[39m

[31m[2m⎯⎯⎯⎯⎯⎯⎯⎯⎯⎯⎯⎯⎯⎯⎯⎯⎯⎯⎯⎯[111/133]⎯[22m[39m

[41m[1m FAIL [22m[49m src/services/reports/arAgingReport.service.test.ts[2m > [22mA/R Aging Report Service[2m > [22mgenerateARAgingReport[2m > [22mshould sort customers by amount in descending order
[31m[1mTypeError[22m: Cannot read properties of undefined (reading 'current')[39m
[36m [2m❯[22m getAgingBucketLabel src/services/reports/arAgingReport.service.ts:[2m82:50[22m[39m
    [90m 80| [39m)[33m:[39m string {
    [90m 81| [39m  [35mconst[39m labels [33m=[39m [33mARAgingBucketLabels[39m
    [90m 82| [39m  [35mreturn[39m useFriendly [33m?[39m labels[bucket][33m.[39mfriendly [33m:[39m labels[bucket][33m.[39mformal
    [90m   | [39m                                                 [31m^[39m
    [90m 83| [39m}
    [90m 84| [39m
[90m [2m❯[22m createEmptyBucket src/services/reports/arAgingReport.service.ts:[2m91:12[22m[39m
[90m [2m❯[22m Module.generateARAgingReport src/services/reports/arAgingReport.service.ts:[2m189:14[22m[39m
[90m [2m❯[22m src/services/reports/arAgingReport.service.test.ts:[2m276:28[22m[39m

[31m[2m⎯⎯⎯⎯⎯⎯⎯⎯⎯⎯⎯⎯⎯⎯⎯⎯⎯⎯⎯⎯[112/133]⎯[22m[39m

[41m[1m FAIL [22m[49m src/services/reports/arAgingReport.service.test.ts[2m > [22mA/R Aging Report Service[2m > [22mgenerateARAgingReport[2m > [22mshould generate follow-up recommendations for overdue invoices
[31m[1mTypeError[22m: Cannot read properties of undefined (reading 'current')[39m
[36m [2m❯[22m getAgingBucketLabel src/services/reports/arAgingReport.service.ts:[2m82:50[22m[39m
    [90m 80| [39m)[33m:[39m string {
    [90m 81| [39m  [35mconst[39m labels [33m=[39m [33mARAgingBucketLabels[39m
    [90m 82| [39m  [35mreturn[39m useFriendly [33m?[39m labels[bucket][33m.[39mfriendly [33m:[39m labels[bucket][33m.[39mformal
    [90m   | [39m                                                 [31m^[39m
    [90m 83| [39m}
    [90m 84| [39m
[90m [2m❯[22m createEmptyBucket src/services/reports/arAgingReport.service.ts:[2m91:12[22m[39m
[90m [2m❯[22m Module.generateARAgingReport src/services/reports/arAgingReport.service.ts:[2m189:14[22m[39m
[90m [2m❯[22m src/services/reports/arAgingReport.service.test.ts:[2m290:28[22m[39m

[31m[2m⎯⎯⎯⎯⎯⎯⎯⎯⎯⎯⎯⎯⎯⎯⎯⎯⎯⎯⎯⎯[113/133]⎯[22m[39m

[41m[1m FAIL [22m[49m src/services/reports/arAgingReport.service.test.ts[2m > [22mA/R Aging Report Service[2m > [22mgenerateARAgingReport[2m > [22mshould generate health message for healthy A/R
[31m[1mTypeError[22m: Cannot read properties of undefined (reading 'current')[39m
[36m [2m❯[22m getAgingBucketLabel src/services/reports/arAgingReport.service.ts:[2m82:50[22m[39m
    [90m 80| [39m)[33m:[39m string {
    [90m 81| [39m  [35mconst[39m labels [33m=[39m [33mARAgingBucketLabels[39m
    [90m 82| [39m  [35mreturn[39m useFriendly [33m?[39m labels[bucket][33m.[39mfriendly [33m:[39m labels[bucket][33m.[39mformal
    [90m   | [39m                                                 [31m^[39m
    [90m 83| [39m}
    [90m 84| [39m
[90m [2m❯[22m createEmptyBucket src/services/reports/arAgingReport.service.ts:[2m91:12[22m[39m
[90m [2m❯[22m Module.generateARAgingReport src/services/reports/arAgingReport.service.ts:[2m189:14[22m[39m
[90m [2m❯[22m src/services/reports/arAgingReport.service.test.ts:[2m344:28[22m[39m

[31m[2m⎯⎯⎯⎯⎯⎯⎯⎯⎯⎯⎯⎯⎯⎯⎯⎯⎯⎯⎯⎯[114/133]⎯[22m[39m

[41m[1m FAIL [22m[49m src/services/reports/arAgingReport.service.test.ts[2m > [22mA/R Aging Report Service[2m > [22mgenerateARAgingReport[2m > [22mshould exclude voided invoices by default
[31m[1mTypeError[22m: Cannot read properties of undefined (reading 'current')[39m
[36m [2m❯[22m getAgingBucketLabel src/services/reports/arAgingReport.service.ts:[2m82:50[22m[39m
    [90m 80| [39m)[33m:[39m string {
    [90m 81| [39m  [35mconst[39m labels [33m=[39m [33mARAgingBucketLabels[39m
    [90m 82| [39m  [35mreturn[39m useFriendly [33m?[39m labels[bucket][33m.[39mfriendly [33m:[39m labels[bucket][33m.[39mformal
    [90m   | [39m                                                 [31m^[39m
    [90m 83| [39m}
    [90m 84| [39m
[90m [2m❯[22m createEmptyBucket src/services/reports/arAgingReport.service.ts:[2m91:12[22m[39m
[90m [2m❯[22m Module.generateARAgingReport src/services/reports/arAgingReport.service.ts:[2m189:14[22m[39m
[90m [2m❯[22m src/services/reports/arAgingReport.service.test.ts:[2m386:28[22m[39m

[31m[2m⎯⎯⎯⎯⎯⎯⎯⎯⎯⎯⎯⎯⎯⎯⎯⎯⎯⎯⎯⎯[115/133]⎯[22m[39m

[41m[1m FAIL [22m[49m src/services/reports/arAgingReport.service.test.ts[2m > [22mA/R Aging Report Service[2m > [22mgenerateARAgingReport[2m > [22mshould filter by specific customer when customerId is provided
[31m[1mTypeError[22m: Cannot read properties of undefined (reading 'current')[39m
[36m [2m❯[22m getAgingBucketLabel src/services/reports/arAgingReport.service.ts:[2m82:50[22m[39m
    [90m 80| [39m)[33m:[39m string {
    [90m 81| [39m  [35mconst[39m labels [33m=[39m [33mARAgingBucketLabels[39m
    [90m 82| [39m  [35mreturn[39m useFriendly [33m?[39m labels[bucket][33m.[39mfriendly [33m:[39m labels[bucket][33m.[39mformal
    [90m   | [39m                                                 [31m^[39m
    [90m 83| [39m}
    [90m 84| [39m
[90m [2m❯[22m createEmptyBucket src/services/reports/arAgingReport.service.ts:[2m91:12[22m[39m
[90m [2m❯[22m Module.generateARAgingReport src/services/reports/arAgingReport.service.ts:[2m189:14[22m[39m
[90m [2m❯[22m src/services/reports/arAgingReport.service.test.ts:[2m413:28[22m[39m

[31m[2m⎯⎯⎯⎯⎯⎯⎯⎯⎯⎯⎯⎯⎯⎯⎯⎯⎯⎯⎯⎯[116/133]⎯[22m[39m

[41m[1m FAIL [22m[49m src/services/reports/arAgingReport.service.test.ts[2m > [22mA/R Aging Report Service[2m > [22mgenerateARAgingReport[2m > [22mshould set urgency levels correctly based on days overdue and amount
[31m[1mTypeError[22m: Cannot read properties of undefined (reading 'current')[39m
[36m [2m❯[22m getAgingBucketLabel src/services/reports/arAgingReport.service.ts:[2m82:50[22m[39m
    [90m 80| [39m)[33m:[39m string {
    [90m 81| [39m  [35mconst[39m labels [33m=[39m [33mARAgingBucketLabels[39m
    [90m 82| [39m  [35mreturn[39m useFriendly [33m?[39m labels[bucket][33m.[39mfriendly [33m:[39m labels[bucket][33m.[39mformal
    [90m   | [39m                                                 [31m^[39m
    [90m 83| [39m}
    [90m 84| [39m
[90m [2m❯[22m createEmptyBucket src/services/reports/arAgingReport.service.ts:[2m91:12[22m[39m
[90m [2m❯[22m Module.generateARAgingReport src/services/reports/arAgingReport.service.ts:[2m189:14[22m[39m
[90m [2m❯[22m src/services/reports/arAgingReport.service.test.ts:[2m426:28[22m[39m

[31m[2m⎯⎯⎯⎯⎯⎯⎯⎯⎯⎯⎯⎯⎯⎯⎯⎯⎯⎯⎯⎯[117/133]⎯[22m[39m

[41m[1m FAIL [22m[49m src/__tests__/integration/groupD.integration.test.ts[2m > [22mGroup D Integration Tests[2m > [22mD1 → Transactions → D6/D7: COA Wizard to Financial Reports[2m > [22mshould create accounts from wizard, record transactions, and generate accurate reports
[31m[1mAssertionError[22m: expected 0 to be greater than 0[39m
[36m [2m❯[22m src/__tests__/integration/groupD.integration.test.ts:[2m248:41[22m[39m
    [90m246| [39m
    [90m247| [39m      [90m// Verify revenue section[39m
    [90m248| [39m      [34mexpect[39m(plReport[33m.[39mrevenue[33m.[39msubtotal)[33m.[39m[34mtoBeGreaterThan[39m([34m0[39m)
    [90m   | [39m                                        [31m^[39m
    [90m249| [39m      [34mexpect[39m(plReport[33m.[39mrevenue[33m.[39mlineItems[33m.[39mlength)[33m.[39m[34mtoBeGreaterThan[39m([34m0[39m)
    [90m250| [39m

[31m[2m⎯⎯⎯⎯⎯⎯⎯⎯⎯⎯⎯⎯⎯⎯⎯⎯⎯⎯⎯⎯[118/133]⎯[22m[39m

[41m[1m FAIL [22m[49m src/__tests__/integration/groupD.integration.test.ts[2m > [22mGroup D Integration Tests[2m > [22mD2: Bank Reconciliation with Transactions[2m > [22mshould handle unmatched transactions in reconciliation
[31m[1mAssertionError[22m: expected true to be false // Object.is equality[39m

[32m- Expected[39m
[31m+ Received[39m

[32m- false[39m
[31m+ true[39m

[36m [2m❯[22m src/__tests__/integration/groupD.integration.test.ts:[2m530:34[22m[39m
    [90m528| [39m      expect(summary.unmatchedStatementCount).toBe(2) // 2 unmatched f…
    [90m529| [39m      [34mexpect[39m(summary[33m.[39mmatchRate)[33m.[39m[34mtoBeLessThan[39m([34m100[39m)
    [90m530| [39m      [34mexpect[39m(summary[33m.[39misBalanced)[33m.[39m[34mtoBe[39m([35mfalse[39m)
    [90m   | [39m                                 [31m^[39m
    [90m531| [39m    })
    [90m532| [39m  })

[31m[2m⎯⎯⎯⎯⎯⎯⎯⎯⎯⎯⎯⎯⎯⎯⎯⎯⎯⎯⎯⎯[119/133]⎯[22m[39m

[41m[1m FAIL [22m[49m src/__tests__/integration/groupD.integration.test.ts[2m > [22mGroup D Integration Tests[2m > [22mD3: Weekly Email Summary with Checklist[2m > [22mshould generate DISC-adapted email content from checklist data
[31m[1mAssertionError[22m: expected undefined to be defined[39m
[36m [2m❯[22m src/__tests__/integration/groupD.integration.test.ts:[2m819:32[22m[39m
    [90m817| [39m        s [33m=>[39m s[33m.[39mtype [33m===[39m [32m'checklist-summary'[39m
    [90m818| [39m      )
    [90m819| [39m      [34mexpect[39m(checklistSection)[33m.[39m[34mtoBeDefined[39m()
    [90m   | [39m                               [31m^[39m
    [90m820| [39m      [34mexpect[39m(checklistSection[33m?.[39mitems)[33m.[39m[34mtoBeDefined[39m()
    [90m821| [39m      [34mexpect[39m(checklistSection[33m?.[39mitems[33m![39m[33m.[39mlength)[33m.[39m[34mtoBeGreaterThan[39m([34m0[39m)

[31m[2m⎯⎯⎯⎯⎯⎯⎯⎯⎯⎯⎯⎯⎯⎯⎯⎯⎯⎯⎯⎯[120/133]⎯[22m[39m

[41m[1m FAIL [22m[49m src/__tests__/integration/groupD.integration.test.ts[2m > [22mGroup D Integration Tests[2m > [22mAudit Trail Creation[2m > [22mshould create audit logs for account and transaction operations
[31m[1mAssertionError[22m: expected false to be true // Object.is equality[39m

[32m- Expected[39m
[31m+ Received[39m

[32m- true[39m
[31m+ false[39m

[36m [2m❯[22m src/__tests__/integration/groupD.integration.test.ts:[2m1049:33[22m[39m
    [90m1047| [39m      [90m// STEP 3: Query audit logs[39m
    [90m1048| [39m      const auditLogs = await queryAuditLogs({ companyId: testCompanyI…
    [90m1049| [39m      [34mexpect[39m(auditLogs[33m.[39msuccess)[33m.[39m[34mtoBe[39m([35mtrue[39m)
    [90m   | [39m                                [31m^[39m
    [90m1050| [39m      [35mif[39m ([33m![39mauditLogs[33m.[39msuccess) [35mthrow[39m [35mnew[39m [33mError[39m(auditLogs[33m.[39merror[33m.[39mmessage)
    [90m1051| [39m      [34mexpect[39m(auditLogs[33m.[39mdata[33m.[39mlength)[33m.[39m[34mtoBeGreaterThanOrEqual[39m([34m2[39m)

[31m[2m⎯⎯⎯⎯⎯⎯⎯⎯⎯⎯⎯⎯⎯⎯⎯⎯⎯⎯⎯⎯[121/133]⎯[22m[39m

[41m[1m FAIL [22m[49m src/__tests__/integration/groupD.integration.test.ts[2m > [22mGroup D Integration Tests[2m > [22mEnd-to-End Group D Feature Flow[2m > [22mshould complete full workflow: Setup → Record → Reconcile → Report
[31m[1mAssertionError[22m: expected 0 to be greater than 0[39m
[36m [2m❯[22m src/__tests__/integration/groupD.integration.test.ts:[2m1174:41[22m[39m
    [90m1172| [39m      })
    [90m1173| [39m
    [90m1174| [39m      [34mexpect[39m(plReport[33m.[39mrevenue[33m.[39msubtotal)[33m.[39m[34mtoBeGreaterThan[39m([34m0[39m)
    [90m   | [39m                                        [31m^[39m
    [90m1175| [39m      [34mexpect[39m(plReport[33m.[39moperatingExpenses[33m.[39msubtotal)[33m.[39m[34mtoBeGreaterThan[39m([34m0[39m)
    [90m1176| [39m      [34mexpect[39m(plReport[33m.[39mnetIncome[33m.[39misProfitable)[33m.[39m[34mtoBe[39m([35mtrue[39m)

[31m[2m⎯⎯⎯⎯⎯⎯⎯⎯⎯⎯⎯⎯⎯⎯⎯⎯⎯⎯⎯⎯[122/133]⎯[22m[39m

[41m[1m FAIL [22m[49m src/__tests__/integration/groupE.integration.test.ts[2m > [22mGroup E Integration Tests[2m > [22mE1 + E7: Reconciliation with Audit Logging[2m > [22mshould log audit entries when learning from reconciliation matches
[31m[1mAssertionError[22m: expected false to be true // Object.is equality[39m

[32m- Expected[39m
[31m+ Received[39m

[32m- true[39m
[31m+ false[39m

[36m [2m❯[22m src/__tests__/integration/groupE.integration.test.ts:[2m121:37[22m[39m
    [90m119| [39m      )[33m;[39m
    [90m120| [39m
    [90m121| [39m      [34mexpect[39m(patternResult[33m.[39msuccess)[33m.[39m[34mtoBe[39m([35mtrue[39m)[33m;[39m
    [90m   | [39m                                    [31m^[39m
    [90m122| [39m
    [90m123| [39m      [90m// Verify audit log was created (E7)[39m

[31m[2m⎯⎯⎯⎯⎯⎯⎯⎯⎯⎯⎯⎯⎯⎯⎯⎯⎯⎯⎯⎯[123/133]⎯[22m[39m

[41m[1m FAIL [22m[49m src/__tests__/integration/groupE.integration.test.ts[2m > [22mGroup E Integration Tests[2m > [22mE1 + E7: Reconciliation with Audit Logging[2m > [22mshould track reconciliation streaks and log milestones
[31m[1mAssertionError[22m: expected undefined to be +0 // Object.is equality[39m

[32m- Expected:[39m 
0

[31m+ Received:[39m 
undefined

[36m [2m❯[22m src/__tests__/integration/groupE.integration.test.ts:[2m143:48[22m[39m
    [90m141| [39m
    [90m142| [39m      [34mexpect[39m(streakResult[33m.[39msuccess)[33m.[39m[34mtoBe[39m([35mtrue[39m)[33m;[39m
    [90m143| [39m      [34mexpect[39m(streakResult[33m.[39mdata[33m?.[39mcurrentStreak)[33m.[39m[34mtoBe[39m([34m0[39m)[33m;[39m
    [90m   | [39m                                               [31m^[39m
    [90m144| [39m
    [90m145| [39m      [90m// Perform several reconciliations[39m

[31m[2m⎯⎯⎯⎯⎯⎯⎯⎯⎯⎯⎯⎯⎯⎯⎯⎯⎯⎯⎯⎯[124/133]⎯[22m[39m

[41m[1m FAIL [22m[49m src/__tests__/integration/groupE.integration.test.ts[2m > [22mGroup E Integration Tests[2m > [22mE2 + E5: Recurring Transactions with Categorization[2m > [22mshould create recurring transactions and auto-categorize them
[31m[1mTypeError[22m: (0 , __vite_ssr_import_4__.createRecurringSchedule) is not a function[39m
[36m [2m❯[22m src/__tests__/integration/groupE.integration.test.ts:[2m199:36[22m[39m
    [90m197| [39m
    [90m198| [39m      [90m// Create recurring transaction schedule (E2)[39m
    [90m199| [39m      [35mconst[39m scheduleResult [33m=[39m [35mawait[39m [34mcreateRecurringSchedule[39m({
    [90m   | [39m                                   [31m^[39m
    [90m200| [39m        companyId[33m:[39m testCompanyId[33m,[39m
    [90m201| [39m        name[33m:[39m [32m'Monthly Office Supplies'[39m[33m,[39m

[31m[2m⎯⎯⎯⎯⎯⎯⎯⎯⎯⎯⎯⎯⎯⎯⎯⎯⎯⎯⎯⎯[125/133]⎯[22m[39m

[41m[1m FAIL [22m[49m src/__tests__/integration/groupE.integration.test.ts[2m > [22mGroup E Integration Tests[2m > [22mE3 + E4 + E7: Invoice Templates, Recurring Invoices, and Audit Logging[2m > [22mshould create invoice templates, generate recurring invoices, and log all actions
[31m[1mTypeError[22m: Cannot read properties of undefined (reading 'add')[39m
[36m [2m❯[22m src/__tests__/integration/groupE.integration.test.ts:[2m287:33[22m[39m
    [90m285| [39m      }[33m;[39m
    [90m286| [39m
    [90m287| [39m      [35mawait[39m db[33m.[39minvoiceTemplates[33m.[39m[34madd[39m(template)[33m;[39m
    [90m   | [39m                                [31m^[39m
    [90m288| [39m
    [90m289| [39m      [90m// Create recurring invoice schedule (E4)[39m

[31m[2m⎯⎯⎯⎯⎯⎯⎯⎯⎯⎯⎯⎯⎯⎯⎯⎯⎯⎯⎯⎯[126/133]⎯[22m[39m

[41m[1m FAIL [22m[49m src/__tests__/integration/groupE.integration.test.ts[2m > [22mGroup E Integration Tests[2m > [22mE6 + E5 + E7: Bill Management with Categorization and Audit Logging[2m > [22mshould create bills, categorize them, and audit all changes
[31m[1mTypeError[22m: (0 , __vite_ssr_import_6__.categorizeTransaction) is not a function[39m
[36m [2m❯[22m src/__tests__/integration/groupE.integration.test.ts:[2m385:38[22m[39m
    [90m383| [39m
    [90m384| [39m      [90m// Categorize bill line item (E5)[39m
    [90m385| [39m      [35mconst[39m categorizeResult [33m=[39m [35mawait[39m [34mcategorizeTransaction[39m(
    [90m   | [39m                                     [31m^[39m
    [90m386| [39m        bill[33m.[39mid[33m,[39m
    [90m387| [39m        category[33m.[39mid[33m,[39m

[31m[2m⎯⎯⎯⎯⎯⎯⎯⎯⎯⎯⎯⎯⎯⎯⎯⎯⎯⎯⎯⎯[127/133]⎯[22m[39m

[41m[1m FAIL [22m[49m src/__tests__/integration/groupE.integration.test.ts[2m > [22mGroup E Integration Tests[2m > [22mFull Group E Workflow Integration[2m > [22mshould handle a complete accounting workflow using all Group E features
[31m[1mTypeError[22m: Cannot read properties of undefined (reading 'add')[39m
[36m [2m❯[22m src/__tests__/integration/groupE.integration.test.ts:[2m442:33[22m[39m
    [90m440| [39m        created[33m:[39m [35mnew[39m [33mDate[39m()[33m,[39m
    [90m441| [39m      }[33m;[39m
    [90m442| [39m      [35mawait[39m db[33m.[39minvoiceTemplates[33m.[39m[34madd[39m(template)[33m;[39m
    [90m   | [39m                                [31m^[39m
    [90m443| [39m
    [90m444| [39m      [35mconst[39m recurringInvoice [33m=[39m [35mawait[39m [34mcreateRecurringInvoice[39m({

[31m[2m⎯⎯⎯⎯⎯⎯⎯⎯⎯⎯⎯⎯⎯⎯⎯⎯⎯⎯⎯⎯[128/133]⎯[22m[39m

[41m[1m FAIL [22m[49m src/__tests__/integration/reconciliation.e2e.test.ts[2m > [22mReconciliation E2E Integration Tests[2m > [22mComplete Reconciliation Workflow[2m > [22mshould complete full reconciliation from upload to completion
[31m[1mAssertionError[22m: expected 82500 to be less than 100[39m
[36m [2m❯[22m src/__tests__/integration/reconciliation.e2e.test.ts:[2m313:37[22m[39m
    [90m311| [39m      )[33m;[39m
    [90m312| [39m
    [90m313| [39m      expect(Math.abs(discrepancy)).toBeLessThan(100); // Should be ba…
    [90m   | [39m                                    [31m^[39m
    [90m314| [39m
    [90m315| [39m      [90m// STEP 7: Get summary[39m

[31m[2m⎯⎯⎯⎯⎯⎯⎯⎯⎯⎯⎯⎯⎯⎯⎯⎯⎯⎯⎯⎯[129/133]⎯[22m[39m

[41m[1m FAIL [22m[49m src/__tests__/integration/reconciliation.e2e.test.ts[2m > [22mReconciliation E2E Integration Tests[2m > [22mComplete Reconciliation Workflow[2m > [22mshould handle manual matching for unmatched transactions
[31m[1mAssertionError[22m: expected 0 to be greater than 0[39m
[36m [2m❯[22m src/__tests__/integration/reconciliation.e2e.test.ts:[2m408:53[22m[39m
    [90m406| [39m      [90m// Get unmatched items[39m
    [90m407| [39m      [35mconst[39m summaryBefore [33m=[39m [34mgetReconciliationSummary[39m(reconWithMatches)[33m;[39m
    [90m408| [39m      [34mexpect[39m(summaryBefore[33m.[39munmatchedStatementCount)[33m.[39m[34mtoBeGreaterThan[39m([34m0[39m)[33m;[39m
    [90m   | [39m                                                    [31m^[39m
    [90m409| [39m
    [90m410| [39m      [90m// Manual match the first unmatched statement transaction[39m

[31m[2m⎯⎯⎯⎯⎯⎯⎯⎯⎯⎯⎯⎯⎯⎯⎯⎯⎯⎯⎯⎯[130/133]⎯[22m[39m

[41m[1m FAIL [22m[49m src/__tests__/integration/reconciliation.e2e.test.ts[2m > [22mReconciliation E2E Integration Tests[2m > [22mComplete Reconciliation Workflow[2m > [22mshould allow removing and re-matching transactions
[31m[1mAssertionError[22m: expected undefined to be defined[39m
[36m [2m❯[22m src/__tests__/integration/reconciliation.e2e.test.ts:[2m474:32[22m[39m
    [90m472| [39m      [90m// Remove first match[39m
    [90m473| [39m      const firstMatchedStmt = statement.transactions.find(tx => tx.ma…
    [90m474| [39m      [34mexpect[39m(firstMatchedStmt)[33m.[39m[34mtoBeDefined[39m()[33m;[39m
    [90m   | [39m                               [31m^[39m
    [90m475| [39m
    [90m476| [39m      reconWithMatches = removeMatch(reconWithMatches, firstMatchedStm…

[31m[2m⎯⎯⎯⎯⎯⎯⎯⎯⎯⎯⎯⎯⎯⎯⎯⎯⎯⎯⎯⎯[131/133]⎯[22m[39m

[41m[1m FAIL [22m[49m src/__tests__/integration/reconciliation.e2e.test.ts[2m > [22mReconciliation E2E Integration Tests[2m > [22mReconciliation Streak Tracking[2m > [22mshould track streaks and award milestones
[31m[1mAssertionError[22m: expected 0 to be greater than or equal to 3[39m
[36m [2m❯[22m src/__tests__/integration/reconciliation.e2e.test.ts:[2m696:39[22m[39m
    [90m694| [39m
    [90m695| [39m        [90m// Should have current streak of 4[39m
    [90m696| [39m        [34mexpect[39m(streak[33m.[39mcurrent_streak)[33m.[39m[34mtoBeGreaterThanOrEqual[39m([34m3[39m)[33m;[39m
    [90m   | [39m                                      [31m^[39m
    [90m697| [39m        [34mexpect[39m(streak[33m.[39mbest_streak)[33m.[39m[34mtoBeGreaterThanOrEqual[39m([34m3[39m)[33m;[39m
    [90m698| [39m

[31m[2m⎯⎯⎯⎯⎯⎯⎯⎯⎯⎯⎯⎯⎯⎯⎯⎯⎯⎯⎯⎯[132/133]⎯[22m[39m

[41m[1m FAIL [22m[49m src/__tests__/integration/reconciliation.e2e.test.ts[2m > [22mReconciliation E2E Integration Tests[2m > [22mUnreconciled Transaction Flagging[2m > [22mshould flag old unreconciled transactions
[31m[1mAssertionError[22m: expected 0 to be greater than 0[39m
[36m [2m❯[22m src/__tests__/integration/reconciliation.e2e.test.ts:[2m789:39[22m[39m
    [90m787| [39m        [35mconst[39m dashboard [33m=[39m dashboardResult[33m.[39mdata[33m;[39m
    [90m788| [39m
    [90m789| [39m        [34mexpect[39m(dashboard[33m.[39mtotal_count)[33m.[39m[34mtoBeGreaterThan[39m([34m0[39m)[33m;[39m
    [90m   | [39m                                      [31m^[39m
    [90m790| [39m        [34mexpect[39m(dashboard[33m.[39mby_flag[33m.[39mwarning)[33m.[39m[34mtoBeGreaterThan[39m([34m0[39m)[33m;[39m
    [90m791| [39m        [34mexpect[39m(dashboard[33m.[39mby_flag[33m.[39mattention)[33m.[39m[34mtoBeGreaterThan[39m([34m0[39m)[33m;[39m

[31m[2m⎯⎯⎯⎯⎯⎯⎯⎯⎯⎯⎯⎯⎯⎯⎯⎯⎯⎯⎯⎯[133/133]⎯[22m[39m


[2m Test Files [22m [1m[31m33 failed[39m[22m[2m | [22m[1m[32m137 passed[39m[22m[2m | [22m[33m2 skipped[39m[90m (172)[39m
[2m      Tests [22m [1m[31m115 failed[39m[22m[2m | [22m[1m[32m3390 passed[39m[22m[2m | [22m[33m2 skipped[39m[90m (3507)[39m
[2m   Start at [22m 18:42:07
[2m   Duration [22m 1029.50s[2m (transform 22.53s, setup 705.20s, import 102.47s, tests 590.65s, environment 1140.17s)[22m

