
> graceful-books@0.1.0 test
> vitest --run


[1m[46m RUN [49m[22m [36mv4.0.17 [39m[90mC:/Users/Admin/graceful_books[39m

[90mstdout[2m | src/services/auditLogExtended.perf.test.ts[2m > [22m[2mExtended Audit Log Performance Tests
[22m[39mSetting up large dataset for performance tests...

[90mstdout[2m | src/services/auditLogExtended.perf.test.ts[2m > [22m[2mExtended Audit Log Performance Tests
[22m[39mSeeding 100000 audit log entries...

[90mstdout[2m | src/services/auditLogExtended.test.ts[2m > [22m[2mExtended Audit Log Service[2m > [22m[2msearchAuditLogs[2m > [22m[2mshould return all logs when no filters applied
[22m[39m[AuditLogExtended] Starting audit log search { companyId: [32m'test-company'[39m }

[90mstdout[2m | src/services/auditLogExtended.test.ts[2m > [22m[2mExtended Audit Log Service[2m > [22m[2msearchAuditLogs[2m > [22m[2mshould return all logs when no filters applied
[22m[39m[AuditLogExtended] Audit log search completed { total: [33m50[39m, returned: [33m50[39m, executionTimeMs: [33m10.550100000000384[39m }

[90mstdout[2m | src/services/auditLogExtended.test.ts[2m > [22m[2mExtended Audit Log Service[2m > [22m[2msearchAuditLogs[2m > [22m[2mshould perform full-text search across fields
[22m[39m[AuditLogExtended] Starting audit log search { companyId: [32m'test-company'[39m, searchQuery: [32m'special'[39m }

[90mstdout[2m | src/services/auditLogExtended.test.ts[2m > [22m[2mExtended Audit Log Service[2m > [22m[2msearchAuditLogs[2m > [22m[2mshould perform full-text search across fields
[22m[39m[AuditLogExtended] Audit log search completed { total: [33m1[39m, returned: [33m1[39m, executionTimeMs: [33m2.54569999999876[39m }

[90mstdout[2m | src/services/auditLogExtended.test.ts[2m > [22m[2mExtended Audit Log Service[2m > [22m[2msearchAuditLogs[2m > [22m[2mshould filter by date range
[22m[39m[AuditLogExtended] Starting audit log search {
  companyId: [32m'test-company'[39m,
  dateFrom: [35m2026-01-16T05:39:39.615Z[39m,
  dateTo: [35m2026-01-19T05:39:39.615Z[39m
}

[90mstdout[2m | src/services/auditLogExtended.test.ts[2m > [22m[2mExtended Audit Log Service[2m > [22m[2msearchAuditLogs[2m > [22m[2mshould filter by date range
[22m[39m[AuditLogExtended] Audit log search completed { total: [33m10[39m, returned: [33m10[39m, executionTimeMs: [33m2.8658999999970547[39m }

[90mstdout[2m | src/services/auditLogExtended.test.ts[2m > [22m[2mExtended Audit Log Service[2m > [22m[2msearchAuditLogs[2m > [22m[2mshould filter by user IDs
[22m[39m[AuditLogExtended] Starting audit log search { companyId: [32m'test-company'[39m, userIds: [ [32m'user-1'[39m, [32m'user-2'[39m ] }

[90mstdout[2m | src/services/auditLogExtended.test.ts[2m > [22m[2mExtended Audit Log Service[2m > [22m[2msearchAuditLogs[2m > [22m[2mshould filter by user IDs
[22m[39m[AuditLogExtended] Audit log search completed { total: [33m0[39m, returned: [33m0[39m, executionTimeMs: [33m3.6702000000004773[39m }

[90mstdout[2m | src/services/auditLogExtended.test.ts[2m > [22m[2mExtended Audit Log Service[2m > [22m[2msearchAuditLogs[2m > [22m[2mshould filter by entity types
[22m[39m[AuditLogExtended] Starting audit log search {
  companyId: [32m'test-company'[39m,
  entityTypes: [ [32m'TRANSACTION'[39m, [32m'ACCOUNT'[39m ]
}

[90mstdout[2m | src/services/auditLogExtended.test.ts[2m > [22m[2mExtended Audit Log Service[2m > [22m[2msearchAuditLogs[2m > [22m[2mshould filter by entity types
[22m[39m[AuditLogExtended] Audit log search completed { total: [33m0[39m, returned: [33m0[39m, executionTimeMs: [33m3.6349999999983993[39m }

[90mstdout[2m | src/services/auditLogExtended.test.ts[2m > [22m[2mExtended Audit Log Service[2m > [22m[2msearchAuditLogs[2m > [22m[2mshould filter by actions
[22m[39m[AuditLogExtended] Starting audit log search { companyId: [32m'test-company'[39m, actions: [ [32m'CREATE'[39m, [32m'UPDATE'[39m ] }

[90mstdout[2m | src/services/auditLogExtended.test.ts[2m > [22m[2mExtended Audit Log Service[2m > [22m[2msearchAuditLogs[2m > [22m[2mshould filter by actions
[22m[39m[AuditLogExtended] Audit log search completed { total: [33m18[39m, returned: [33m18[39m, executionTimeMs: [33m8.44800000000032[39m }

[90mstdout[2m | src/services/auditLogExtended.test.ts[2m > [22m[2mExtended Audit Log Service[2m > [22m[2msearchAuditLogs[2m > [22m[2mshould combine multiple filters
[22m[39m[AuditLogExtended] Starting audit log search {
  companyId: [32m'test-company'[39m,
  dateFrom: [35m2026-01-12T05:39:39.860Z[39m,
  dateTo: [35m2026-01-19T05:39:39.860Z[39m,
  userIds: [ [32m'user-1'[39m ],
  entityTypes: [ [32m'TRANSACTION'[39m ],
  actions: [ [32m'CREATE'[39m ]
}

[90mstdout[2m | src/services/auditLogExtended.test.ts[2m > [22m[2mExtended Audit Log Service[2m > [22m[2msearchAuditLogs[2m > [22m[2mshould combine multiple filters
[22m[39m[AuditLogExtended] Audit log search completed { total: [33m0[39m, returned: [33m0[39m, executionTimeMs: [33m3.7642999999989115[39m }

[90mstdout[2m | src/services/auditLogExtended.test.ts[2m > [22m[2mExtended Audit Log Service[2m > [22m[2msearchAuditLogs[2m > [22m[2mshould paginate results correctly
[22m[39m[AuditLogExtended] Starting audit log search { companyId: [32m'test-company'[39m, limit: [33m50[39m, offset: [33m0[39m }

[90mstdout[2m | src/services/auditLogExtended.test.ts[2m > [22m[2mExtended Audit Log Service[2m > [22m[2msearchAuditLogs[2m > [22m[2mshould paginate results correctly
[22m[39m[AuditLogExtended] Audit log search completed { total: [33m150[39m, returned: [33m50[39m, executionTimeMs: [33m7.405200000001059[39m }

[90mstdout[2m | src/services/auditLogExtended.test.ts[2m > [22m[2mExtended Audit Log Service[2m > [22m[2msearchAuditLogs[2m > [22m[2mshould paginate results correctly
[22m[39m[AuditLogExtended] Starting audit log search { companyId: [32m'test-company'[39m, limit: [33m50[39m, offset: [33m50[39m }

[90mstdout[2m | src/services/auditLogExtended.test.ts[2m > [22m[2mExtended Audit Log Service[2m > [22m[2msearchAuditLogs[2m > [22m[2mshould paginate results correctly
[22m[39m[AuditLogExtended] Audit log search completed { total: [33m150[39m, returned: [33m50[39m, executionTimeMs: [33m8.276099999999133[39m }

[90mstdout[2m | src/services/auditLogExtended.test.ts[2m > [22m[2mExtended Audit Log Service[2m > [22m[2msearchAuditLogs[2m > [22m[2mshould sort results correctly
[22m[39m[AuditLogExtended] Starting audit log search { companyId: [32m'test-company'[39m, sortBy: [32m'timestamp'[39m, sortOrder: [32m'desc'[39m }

[90mstdout[2m | src/services/auditLogExtended.test.ts[2m > [22m[2mExtended Audit Log Service[2m > [22m[2msearchAuditLogs[2m > [22m[2mshould sort results correctly
[22m[39m[AuditLogExtended] Audit log search completed { total: [33m50[39m, returned: [33m50[39m, executionTimeMs: [33m2.826499999999214[39m }

[90mstdout[2m | src/services/auditLogExtended.test.ts[2m > [22m[2mExtended Audit Log Service[2m > [22m[2msearchAuditLogs[2m > [22m[2mshould sort results correctly
[22m[39m[AuditLogExtended] Starting audit log search { companyId: [32m'test-company'[39m, sortBy: [32m'timestamp'[39m, sortOrder: [32m'asc'[39m }

[90mstdout[2m | src/services/auditLogExtended.test.ts[2m > [22m[2mExtended Audit Log Service[2m > [22m[2msearchAuditLogs[2m > [22m[2mshould sort results correctly
[22m[39m[AuditLogExtended] Audit log search completed { total: [33m50[39m, returned: [33m50[39m, executionTimeMs: [33m4.550199999997858[39m }

[90mstdout[2m | src/services/auditLogExtended.test.ts[2m > [22m[2mExtended Audit Log Service[2m > [22m[2mgetAuditLogsByDateRange[2m > [22m[2mshould return logs within date range
[22m[39m[AuditLogExtended] Starting audit log search {
  companyId: [32m'test-company'[39m,
  dateFrom: [35m2026-01-12T05:39:40.352Z[39m,
  dateTo: [35m2026-01-19T05:39:40.352Z[39m,
  limit: [90mundefined[39m,
  sortBy: [32m'timestamp'[39m,
  sortOrder: [32m'desc'[39m
}

[90mstdout[2m | src/services/auditLogExtended.test.ts[2m > [22m[2mExtended Audit Log Service[2m > [22m[2mgetAuditLogsByDateRange[2m > [22m[2mshould return logs within date range
[22m[39m[AuditLogExtended] Audit log search completed { total: [33m21[39m, returned: [33m21[39m, executionTimeMs: [33m2.5822000000007392[39m }

[90mstdout[2m | src/services/auditLogExtended.test.ts[2m > [22m[2mExtended Audit Log Service[2m > [22m[2mgetAuditLogsByUsers[2m > [22m[2mshould return logs for specific users
[22m[39m[AuditLogExtended] Starting audit log search {
  companyId: [32m'test-company'[39m,
  userIds: [ [32m'user-1'[39m ],
  dateFrom: [90mundefined[39m,
  dateTo: [90mundefined[39m,
  sortBy: [32m'timestamp'[39m,
  sortOrder: [32m'desc'[39m
}

[90mstdout[2m | src/services/auditLogExtended.test.ts[2m > [22m[2mExtended Audit Log Service[2m > [22m[2mgetAuditLogsByUsers[2m > [22m[2mshould return logs for specific users
[22m[39m[AuditLogExtended] Audit log search completed { total: [33m0[39m, returned: [33m0[39m, executionTimeMs: [33m24.014600000002247[39m }

[90mstdout[2m | src/services/auditLogExtended.test.ts[2m > [22m[2mExtended Audit Log Service[2m > [22m[2mgetAuditLogsByEntityType[2m > [22m[2mshould return logs for specific entity types
[22m[39m[AuditLogExtended] Starting audit log search {
  companyId: [32m'test-company'[39m,
  entityTypes: [ [32m'TRANSACTION'[39m ],
  dateFrom: [90mundefined[39m,
  dateTo: [90mundefined[39m,
  sortBy: [32m'timestamp'[39m,
  sortOrder: [32m'desc'[39m
}

[90mstdout[2m | src/services/auditLogExtended.test.ts[2m > [22m[2mExtended Audit Log Service[2m > [22m[2mgetAuditLogsByEntityType[2m > [22m[2mshould return logs for specific entity types
[22m[39m[AuditLogExtended] Audit log search completed { total: [33m0[39m, returned: [33m0[39m, executionTimeMs: [33m5.0244000000020606[39m }

[90mstdout[2m | src/services/auditLogExtended.test.ts[2m > [22m[2mExtended Audit Log Service[2m > [22m[2mgenerateAuditLogTimeline[2m > [22m[2mshould group logs by day
[22m[39m[AuditLogExtended] Generating audit log timeline {
  companyId: [32m'test-company'[39m,
  dateFrom: [35m2025-12-20T05:39:40.676Z[39m,
  dateTo: [35m2026-01-19T05:39:40.676Z[39m,
  groupBy: [32m'day'[39m
}
[AuditLogExtended] Starting audit log search {
  companyId: [32m'test-company'[39m,
  dateFrom: [35m2025-12-20T05:39:40.676Z[39m,
  dateTo: [35m2026-01-19T05:39:40.676Z[39m,
  limit: [90mundefined[39m,
  sortBy: [32m'timestamp'[39m,
  sortOrder: [32m'desc'[39m
}

[90mstdout[2m | src/services/auditLogExtended.test.ts[2m > [22m[2mExtended Audit Log Service[2m > [22m[2mgenerateAuditLogTimeline[2m > [22m[2mshould group logs by day
[22m[39m[AuditLogExtended] Audit log search completed { total: [33m100[39m, returned: [33m100[39m, executionTimeMs: [33m15.632699999998295[39m }

[90mstdout[2m | src/services/auditLogExtended.test.ts[2m > [22m[2mExtended Audit Log Service[2m > [22m[2mgenerateAuditLogTimeline[2m > [22m[2mshould group logs by day
[22m[39m[AuditLogExtended] Timeline generation completed { entryCount: [33m28[39m, totalLogs: [33m100[39m, executionTimeMs: [33m18.492099999999482[39m }

[90mstdout[2m | src/services/auditLogExtended.test.ts[2m > [22m[2mExtended Audit Log Service[2m > [22m[2mgenerateAuditLogTimeline[2m > [22m[2mshould group logs by hour
[22m[39m[AuditLogExtended] Generating audit log timeline {
  companyId: [32m'test-company'[39m,
  dateFrom: [35m2026-01-18T08:00:00.000Z[39m,
  dateTo: [35m2026-01-19T07:59:59.999Z[39m,
  groupBy: [32m'hour'[39m
}
[AuditLogExtended] Starting audit log search {
  companyId: [32m'test-company'[39m,
  dateFrom: [35m2026-01-18T08:00:00.000Z[39m,
  dateTo: [35m2026-01-19T07:59:59.999Z[39m,
  limit: [90mundefined[39m,
  sortBy: [32m'timestamp'[39m,
  sortOrder: [32m'desc'[39m
}

[90mstdout[2m | src/services/auditLogExtended.test.ts[2m > [22m[2mExtended Audit Log Service[2m > [22m[2mgenerateAuditLogTimeline[2m > [22m[2mshould group logs by hour
[22m[39m[AuditLogExtended] Audit log search completed { total: [33m24[39m, returned: [33m24[39m, executionTimeMs: [33m3.71219999999812[39m }

[90mstdout[2m | src/services/auditLogExtended.test.ts[2m > [22m[2mExtended Audit Log Service[2m > [22m[2mgenerateAuditLogTimeline[2m > [22m[2mshould group logs by hour
[22m[39m[AuditLogExtended] Timeline generation completed { entryCount: [33m24[39m, totalLogs: [33m24[39m, executionTimeMs: [33m4.674700000003213[39m }

[90mstdout[2m | src/services/auditLogExtended.test.ts[2m > [22m[2mExtended Audit Log Service[2m > [22m[2mgenerateAuditLogTimeline[2m > [22m[2mshould include action and entity type counts
[22m[39m[AuditLogExtended] Generating audit log timeline {
  companyId: [32m'test-company'[39m,
  dateFrom: [35m2026-01-12T05:39:40.785Z[39m,
  dateTo: [35m2026-01-19T05:39:40.785Z[39m,
  groupBy: [32m'day'[39m
}
[AuditLogExtended] Starting audit log search {
  companyId: [32m'test-company'[39m,
  dateFrom: [35m2026-01-12T05:39:40.785Z[39m,
  dateTo: [35m2026-01-19T05:39:40.785Z[39m,
  limit: [90mundefined[39m,
  sortBy: [32m'timestamp'[39m,
  sortOrder: [32m'desc'[39m
}

[90mstdout[2m | src/services/auditLogExtended.test.ts[2m > [22m[2mExtended Audit Log Service[2m > [22m[2mgenerateAuditLogTimeline[2m > [22m[2mshould include action and entity type counts
[22m[39m[AuditLogExtended] Audit log search completed { total: [33m9[39m, returned: [33m9[39m, executionTimeMs: [33m2.395699999997305[39m }

[90mstdout[2m | src/services/auditLogExtended.test.ts[2m > [22m[2mExtended Audit Log Service[2m > [22m[2mgenerateAuditLogTimeline[2m > [22m[2mshould include action and entity type counts
[22m[39m[AuditLogExtended] Timeline generation completed { entryCount: [33m7[39m, totalLogs: [33m9[39m, executionTimeMs: [33m3.528599999997823[39m }

[90mstdout[2m | src/services/auditLogExtended.test.ts[2m > [22m[2mExtended Audit Log Service[2m > [22m[2mexportAuditLogsToCSV[2m > [22m[2mshould export logs to CSV format
[22m[39m[AuditLogExtended] Starting CSV export { companyId: [32m'test-company'[39m }
[AuditLogExtended] Starting audit log search { companyId: [32m'test-company'[39m, limit: [90mundefined[39m, offset: [90mundefined[39m }

[90mstdout[2m | src/services/auditLogExtended.test.ts[2m > [22m[2mExtended Audit Log Service[2m > [22m[2mexportAuditLogsToCSV[2m > [22m[2mshould export logs to CSV format
[22m[39m[AuditLogExtended] Audit log search completed { total: [33m50[39m, returned: [33m50[39m, executionTimeMs: [33m2.867600000001403[39m }

[90mstdout[2m | src/services/auditLogExtended.test.ts[2m > [22m[2mExtended Audit Log Service[2m > [22m[2mexportAuditLogsToCSV[2m > [22m[2mshould export logs to CSV format
[22m[39m[AuditLogExtended] CSV export completed { recordCount: [33m50[39m, executionTimeMs: [33m4.902399999999034[39m }

[90mstdout[2m | src/services/auditLogExtended.test.ts[2m > [22m[2mExtended Audit Log Service[2m > [22m[2mexportAuditLogsToCSV[2m > [22m[2mshould handle empty results
[22m[39m[AuditLogExtended] Starting CSV export { companyId: [32m'nonexistent-company'[39m }
[AuditLogExtended] Starting audit log search {
  companyId: [32m'nonexistent-company'[39m,
  limit: [90mundefined[39m,
  offset: [90mundefined[39m
}

[90mstdout[2m | src/services/auditLogExtended.test.ts[2m > [22m[2mExtended Audit Log Service[2m > [22m[2mexportAuditLogsToCSV[2m > [22m[2mshould handle empty results
[22m[39m[AuditLogExtended] Audit log search completed { total: [33m0[39m, returned: [33m0[39m, executionTimeMs: [33m0.765400000000227[39m }

[90mstdout[2m | src/services/auditLogExtended.test.ts[2m > [22m[2mExtended Audit Log Service[2m > [22m[2mexportAuditLogsToCSV[2m > [22m[2mshould handle empty results
[22m[39m[AuditLogExtended] CSV export completed { recordCount: [33m0[39m, executionTimeMs: [33m1.3501999999971304[39m }

[90mstdout[2m | src/services/auditLogExtended.test.ts[2m > [22m[2mExtended Audit Log Service[2m > [22m[2mexportAuditLogsToCSV[2m > [22m[2mshould properly escape CSV values
[22m[39m[AuditLogExtended] Starting CSV export { companyId: [32m'test-company'[39m }
[AuditLogExtended] Starting audit log search { companyId: [32m'test-company'[39m, limit: [90mundefined[39m, offset: [90mundefined[39m }

[90mstdout[2m | src/services/auditLogExtended.test.ts[2m > [22m[2mExtended Audit Log Service[2m > [22m[2mexportAuditLogsToCSV[2m > [22m[2mshould properly escape CSV values
[22m[39m[AuditLogExtended] Audit log search completed { total: [33m1[39m, returned: [33m1[39m, executionTimeMs: [33m0.8981000000021595[39m }

[90mstdout[2m | src/services/auditLogExtended.test.ts[2m > [22m[2mExtended Audit Log Service[2m > [22m[2mexportAuditLogsToCSV[2m > [22m[2mshould properly escape CSV values
[22m[39m[AuditLogExtended] CSV export completed { recordCount: [33m1[39m, executionTimeMs: [33m1.532600000002276[39m }

[90mstdout[2m | src/services/auditLogExtended.test.ts[2m > [22m[2mExtended Audit Log Service[2m > [22m[2mexportAuditLogsToPDF[2m > [22m[2mshould export logs to PDF format
[22m[39m[AuditLogExtended] Starting PDF export { companyId: [32m'test-company'[39m }
[AuditLogExtended] Starting audit log search { companyId: [32m'test-company'[39m, limit: [90mundefined[39m, offset: [90mundefined[39m }

[90mstdout[2m | src/services/auditLogExtended.test.ts[2m > [22m[2mExtended Audit Log Service[2m > [22m[2mexportAuditLogsToPDF[2m > [22m[2mshould export logs to PDF format
[22m[39m[AuditLogExtended] Audit log search completed { total: [33m50[39m, returned: [33m50[39m, executionTimeMs: [33m2.816100000000006[39m }

[90mstdout[2m | src/services/auditLogExtended.perf.test.ts[2m > [22m[2mExtended Audit Log Performance Tests
[22m[39m  Seeded 1000/100000 entries...

[90mstdout[2m | src/services/auditLogExtended.test.ts[2m > [22m[2mExtended Audit Log Service[2m > [22m[2mexportAuditLogsToPDF[2m > [22m[2mshould export logs to PDF format
[22m[39m[AuditLogExtended] PDF export data prepared { recordCount: [33m50[39m, executionTimeMs: [33m89.95200000000114[39m }

[90mstdout[2m | src/services/auditLogExtended.test.ts[2m > [22m[2mExtended Audit Log Service[2m > [22m[2mgetAuditLogStatistics[2m > [22m[2mshould generate comprehensive statistics
[22m[39m[AuditLogExtended] Generating audit log statistics { companyId: [32m'test-company'[39m, dateFrom: [90mundefined[39m, dateTo: [90mundefined[39m }
[AuditLogExtended] Starting audit log search {
  companyId: [32m'test-company'[39m,
  dateFrom: [90mundefined[39m,
  dateTo: [90mundefined[39m,
  limit: [90mundefined[39m
}

[90mstdout[2m | src/services/auditLogExtended.test.ts[2m > [22m[2mExtended Audit Log Service[2m > [22m[2mgetAuditLogStatistics[2m > [22m[2mshould generate comprehensive statistics
[22m[39m[AuditLogExtended] Audit log search completed { total: [33m100[39m, returned: [33m100[39m, executionTimeMs: [33m3.970600000000559[39m }

[90mstdout[2m | src/services/auditLogExtended.test.ts[2m > [22m[2mExtended Audit Log Service[2m > [22m[2mgetAuditLogStatistics[2m > [22m[2mshould generate comprehensive statistics
[22m[39m[AuditLogExtended] Statistics generation completed { totalLogs: [33m100[39m, executionTimeMs: [33m6.12579999999798[39m }

[90mstdout[2m | src/services/auditLogExtended.test.ts[2m > [22m[2mExtended Audit Log Service[2m > [22m[2mgetAuditLogStatistics[2m > [22m[2mshould limit recent activity to 50 entries
[22m[39m[AuditLogExtended] Generating audit log statistics { companyId: [32m'test-company'[39m, dateFrom: [90mundefined[39m, dateTo: [90mundefined[39m }
[AuditLogExtended] Starting audit log search {
  companyId: [32m'test-company'[39m,
  dateFrom: [90mundefined[39m,
  dateTo: [90mundefined[39m,
  limit: [90mundefined[39m
}

[90mstdout[2m | src/services/auditLogExtended.test.ts[2m > [22m[2mExtended Audit Log Service[2m > [22m[2mgetAuditLogStatistics[2m > [22m[2mshould limit recent activity to 50 entries
[22m[39m[AuditLogExtended] Audit log search completed { total: [33m200[39m, returned: [33m200[39m, executionTimeMs: [33m9.803600000002916[39m }

[90mstdout[2m | src/services/auditLogExtended.test.ts[2m > [22m[2mExtended Audit Log Service[2m > [22m[2mgetAuditLogStatistics[2m > [22m[2mshould limit recent activity to 50 entries
[22m[39m[AuditLogExtended] Statistics generation completed { totalLogs: [33m200[39m, executionTimeMs: [33m11.077700000001641[39m }

[90mstdout[2m | src/services/auditLogExtended.test.ts[2m > [22m[2mExtended Audit Log Service[2m > [22m[2mgetAuditLogStatistics[2m > [22m[2mshould filter statistics by date range
[22m[39m[AuditLogExtended] Generating audit log statistics {
  companyId: [32m'test-company'[39m,
  dateFrom: [35m2026-01-12T05:39:41.429Z[39m,
  dateTo: [35m2026-01-19T05:39:41.429Z[39m
}
[AuditLogExtended] Starting audit log search {
  companyId: [32m'test-company'[39m,
  dateFrom: [35m2026-01-12T05:39:41.429Z[39m,
  dateTo: [35m2026-01-19T05:39:41.429Z[39m,
  limit: [90mundefined[39m
}

[90mstdout[2m | src/services/auditLogExtended.test.ts[2m > [22m[2mExtended Audit Log Service[2m > [22m[2mgetAuditLogStatistics[2m > [22m[2mshould filter statistics by date range
[22m[39m[AuditLogExtended] Audit log search completed { total: [33m23[39m, returned: [33m23[39m, executionTimeMs: [33m2.878500000002532[39m }

[90mstdout[2m | src/services/auditLogExtended.test.ts[2m > [22m[2mExtended Audit Log Service[2m > [22m[2mgetAuditLogStatistics[2m > [22m[2mshould filter statistics by date range
[22m[39m[AuditLogExtended] Statistics generation completed { totalLogs: [33m23[39m, executionTimeMs: [33m3.7075000000004366[39m }

[90mstderr[2m | src/services/auditLogExtended.test.ts[2m > [22m[2mExtended Audit Log Service[2m > [22m[2mdeleteOldAuditLogs[2m > [22m[2mshould delete logs older than retention period
[22m[39m[AuditLogExtended] Deleting old audit logs {
  companyId: [32m'test-company'[39m,
  cutoffDate: [35m2025-12-20T05:39:41.452Z[39m,
  retentionDays: [33m30[39m
}

[90mstderr[2m | src/services/auditLogExtended.test.ts[2m > [22m[2mExtended Audit Log Service[2m > [22m[2mdeleteOldAuditLogs[2m > [22m[2mshould delete logs older than retention period
[22m[39m[AuditLogExtended] Old audit logs deleted { deletedCount: [33m2[39m, executionTimeMs: [33m7.431500000002416[39m }

[90mstderr[2m | src/services/auditLogExtended.test.ts[2m > [22m[2mExtended Audit Log Service[2m > [22m[2mdeleteOldAuditLogs[2m > [22m[2mshould not delete logs within retention period
[22m[39m[AuditLogExtended] Deleting old audit logs {
  companyId: [32m'test-company'[39m,
  cutoffDate: [35m2025-10-21T04:39:41.508Z[39m,
  retentionDays: [33m90[39m
}

[90mstderr[2m | src/services/auditLogExtended.test.ts[2m > [22m[2mExtended Audit Log Service[2m > [22m[2mdeleteOldAuditLogs[2m > [22m[2mshould not delete logs within retention period
[22m[39m[AuditLogExtended] Old audit logs deleted { deletedCount: [33m0[39m, executionTimeMs: [33m1.7184000000015658[39m }

[90mstdout[2m | src/services/auditLogExtended.test.ts[2m > [22m[2mExtended Audit Log Service[2m > [22m[2mPerformance Tests[2m > [22m[2mshould handle 1,000 entries efficiently
[22m[39m[AuditLogExtended] Starting audit log search { companyId: [32m'test-company'[39m }

[90mstdout[2m | src/services/auditLogExtended.test.ts[2m > [22m[2mExtended Audit Log Service[2m > [22m[2mPerformance Tests[2m > [22m[2mshould handle 1,000 entries efficiently
[22m[39m[AuditLogExtended] Audit log search completed { total: [33m1000[39m, returned: [33m1000[39m, executionTimeMs: [33m54.20639999999912[39m }

[90mstdout[2m | src/services/reports/reportExport.service.test.ts[2m > [22m[2mReportExport Service[2m > [22m[2mexportReport[2m > [22m[2mshould export balance sheet to PDF
[22m[39m[ReportExport] Exporting report { reportType: [32m'balance-sheet'[39m, format: [32m'pdf'[39m }

[90mstdout[2m | src/services/reports/reportExport.service.test.ts[2m > [22m[2mReportExport Service[2m > [22m[2mexportReport[2m > [22m[2mshould export balance sheet to CSV
[22m[39m[ReportExport] Exporting report { reportType: [32m'balance-sheet'[39m, format: [32m'csv'[39m }

[90mstdout[2m | src/services/reports/reportExport.service.test.ts[2m > [22m[2mReportExport Service[2m > [22m[2mexportReport[2m > [22m[2mshould handle unsupported report types gracefully
[22m[39m[ReportExport] Exporting report { reportType: [32m'custom'[39m, format: [32m'pdf'[39m }

 [31m❯[39m src/services/reports/reportExport.service.test.ts [2m([22m[2m7 tests[22m[2m | [22m[31m2 failed[39m[2m)[22m[33m 5052[2mms[22m[39m
[31m       [31m×[31m should export balance sheet to PDF[39m[33m 5024[2mms[22m[39m
       [32m✓[39m should export balance sheet to CSV[32m 8[2mms[22m[39m
       [32m✓[39m should handle unsupported report types gracefully[32m 2[2mms[22m[39m
[31m       [31m×[31m should convert blob to buffer[39m[32m 6[2mms[22m[39m
       [32m✓[39m should throw error for failed export[32m 5[2mms[22m[39m
       [32m✓[39m should return correct MIME type for PDF[32m 1[2mms[22m[39m
       [32m✓[39m should return correct MIME type for CSV[32m 0[2mms[22m[39m
[90mstdout[2m | src/services/auditLogExtended.perf.test.ts[2m > [22m[2mExtended Audit Log Performance Tests
[22m[39m  Seeded 11000/100000 entries...

[90mstdout[2m | src/services/auditLogExtended.test.ts[2m > [22m[2mExtended Audit Log Service[2m > [22m[2mPerformance Tests[2m > [22m[2mshould handle 10,000 entries efficiently
[22m[39m[AuditLogExtended] Starting audit log search { companyId: [32m'test-company'[39m, limit: [33m100[39m }

[90mstdout[2m | src/services/auditLogExtended.test.ts[2m > [22m[2mExtended Audit Log Service[2m > [22m[2mPerformance Tests[2m > [22m[2mshould handle 10,000 entries efficiently
[22m[39m[AuditLogExtended] Audit log search completed { total: [33m10000[39m, returned: [33m100[39m, executionTimeMs: [33m601.3574000000008[39m }

[90mstdout[2m | src/services/auditLogExtended.test.ts[2m > [22m[2mExtended Audit Log Service[2m > [22m[2mPerformance Tests[2m > [22m[2mshould handle complex queries efficiently
[22m[39m[AuditLogExtended] Starting audit log search {
  companyId: [32m'test-company'[39m,
  searchQuery: [32m'transaction'[39m,
  dateFrom: [35m2026-01-12T05:40:11.364Z[39m,
  dateTo: [35m2026-01-19T05:40:11.364Z[39m,
  userIds: [ [32m'user-1'[39m, [32m'user-2'[39m ],
  entityTypes: [ [32m'TRANSACTION'[39m, [32m'ACCOUNT'[39m ],
  actions: [ [32m'CREATE'[39m, [32m'UPDATE'[39m ]
}

[90mstdout[2m | src/__tests__/integration/reconciliation.e2e.test.ts[2m > [22m[2mReconciliation E2E Integration Tests[2m > [22m[2mComplete Reconciliation Workflow[2m > [22m[2mshould complete full reconciliation from upload to completion
[22m[39m[EnhancedMatching] Enhanced matching completed {
  totalStatement: [33m12[39m,
  matched: [33m12[39m,
  accuracy: [32m'100.0%'[39m,
  singleMatches: [33m12[39m,
  multiMatches: [33m0[39m
}

[90mstdout[2m | src/services/auditLogExtended.test.ts[2m > [22m[2mExtended Audit Log Service[2m > [22m[2mPerformance Tests[2m > [22m[2mshould handle complex queries efficiently
[22m[39m[AuditLogExtended] Audit log search completed { total: [33m0[39m, returned: [33m0[39m, executionTimeMs: [33m125.40320000000065[39m }

[90mstdout[2m | src/__tests__/integration/reconciliation.e2e.test.ts[2m > [22m[2mReconciliation E2E Integration Tests[2m > [22m[2mComplete Reconciliation Workflow[2m > [22m[2mshould handle manual matching for unmatched transactions
[22m[39m[EnhancedMatching] Enhanced matching completed {
  totalStatement: [33m12[39m,
  matched: [33m12[39m,
  accuracy: [32m'100.0%'[39m,
  singleMatches: [33m12[39m,
  multiMatches: [33m0[39m
}

[90mstdout[2m | src/__tests__/integration/reconciliation.e2e.test.ts[2m > [22m[2mReconciliation E2E Integration Tests[2m > [22m[2mComplete Reconciliation Workflow[2m > [22m[2mshould allow removing and re-matching transactions
[22m[39m[EnhancedMatching] Enhanced matching completed {
  totalStatement: [33m12[39m,
  matched: [33m12[39m,
  accuracy: [32m'100.0%'[39m,
  singleMatches: [33m12[39m,
  multiMatches: [33m0[39m
}

[90mstdout[2m | src/__tests__/integration/reconciliation.e2e.test.ts[2m > [22m[2mReconciliation E2E Integration Tests[2m > [22m[2mPattern Learning and Accuracy Improvement[2m > [22m[2mshould achieve >85% auto-match rate after 3 reconciliations
[22m[39m[EnhancedMatching] Enhanced matching completed {
  totalStatement: [33m12[39m,
  matched: [33m12[39m,
  accuracy: [32m'100.0%'[39m,
  singleMatches: [33m12[39m,
  multiMatches: [33m0[39m
}

[90mstdout[2m | src/__tests__/integration/reconciliation.e2e.test.ts[2m > [22m[2mReconciliation E2E Integration Tests[2m > [22m[2mPattern Learning and Accuracy Improvement[2m > [22m[2mshould achieve >85% auto-match rate after 3 reconciliations
[22m[39m[ReconciliationHistory] Created reconciliation pattern { patternId: [32m'wwJvjy1-Z9Acup0XXa7ff'[39m, vendorName: [32m'acme'[39m }

[90mstdout[2m | src/__tests__/integration/reconciliation.e2e.test.ts[2m > [22m[2mReconciliation E2E Integration Tests[2m > [22m[2mPattern Learning and Accuracy Improvement[2m > [22m[2mshould achieve >85% auto-match rate after 3 reconciliations
[22m[39m[ReconciliationHistory] Updated reconciliation pattern {
  patternId: [32m'wwJvjy1-Z9Acup0XXa7ff'[39m,
  changedFields: [
    [32m'description_patterns'[39m,
    [32m'typical_amount_range'[39m,
    [32m'typical_day_of_month'[39m,
    [32m'confidence'[39m,
    [32m'last_matched_at'[39m,
    [32m'match_count'[39m
  ]
}

[90mstdout[2m | src/__tests__/integration/reconciliation.e2e.test.ts[2m > [22m[2mReconciliation E2E Integration Tests[2m > [22m[2mPattern Learning and Accuracy Improvement[2m > [22m[2mshould achieve >85% auto-match rate after 3 reconciliations
[22m[39m[ReconciliationHistory] Created reconciliation pattern {
  patternId: [32m'Nk6SXSClRVzY9hNOv1-rz'[39m,
  vendorName: [32m'office supplies inc purchase'[39m
}

[90mstdout[2m | src/__tests__/integration/reconciliation.e2e.test.ts[2m > [22m[2mReconciliation E2E Integration Tests[2m > [22m[2mPattern Learning and Accuracy Improvement[2m > [22m[2mshould achieve >85% auto-match rate after 3 reconciliations
[22m[39m[ReconciliationHistory] Updated reconciliation pattern {
  patternId: [32m'Nk6SXSClRVzY9hNOv1-rz'[39m,
  changedFields: [
    [32m'description_patterns'[39m,
    [32m'typical_amount_range'[39m,
    [32m'typical_day_of_month'[39m,
    [32m'confidence'[39m,
    [32m'last_matched_at'[39m,
    [32m'match_count'[39m
  ]
}

[90mstdout[2m | src/__tests__/integration/reconciliation.e2e.test.ts[2m > [22m[2mReconciliation E2E Integration Tests[2m > [22m[2mPattern Learning and Accuracy Improvement[2m > [22m[2mshould achieve >85% auto-match rate after 3 reconciliations
[22m[39m[ReconciliationHistory] Created reconciliation pattern {
  patternId: [32m'YL6K6cVMltQNsoLS_TqNV'[39m,
  vendorName: [32m'widget co invoice payment'[39m
}

[90mstdout[2m | src/__tests__/integration/reconciliation.e2e.test.ts[2m > [22m[2mReconciliation E2E Integration Tests[2m > [22m[2mPattern Learning and Accuracy Improvement[2m > [22m[2mshould achieve >85% auto-match rate after 3 reconciliations
[22m[39m[ReconciliationHistory] Updated reconciliation pattern {
  patternId: [32m'YL6K6cVMltQNsoLS_TqNV'[39m,
  changedFields: [
    [32m'description_patterns'[39m,
    [32m'typical_amount_range'[39m,
    [32m'typical_day_of_month'[39m,
    [32m'confidence'[39m,
    [32m'last_matched_at'[39m,
    [32m'match_count'[39m
  ]
}

[90mstdout[2m | src/__tests__/integration/reconciliation.e2e.test.ts[2m > [22m[2mReconciliation E2E Integration Tests[2m > [22m[2mPattern Learning and Accuracy Improvement[2m > [22m[2mshould achieve >85% auto-match rate after 3 reconciliations
[22m[39m[ReconciliationHistory] Created reconciliation pattern {
  patternId: [32m'QnDr3CupZL8XqKVeljmiO'[39m,
  vendorName: [32m'cloud services monthly fee'[39m
}

[90mstdout[2m | src/__tests__/integration/reconciliation.e2e.test.ts[2m > [22m[2mReconciliation E2E Integration Tests[2m > [22m[2mPattern Learning and Accuracy Improvement[2m > [22m[2mshould achieve >85% auto-match rate after 3 reconciliations
[22m[39m[ReconciliationHistory] Updated reconciliation pattern {
  patternId: [32m'QnDr3CupZL8XqKVeljmiO'[39m,
  changedFields: [
    [32m'description_patterns'[39m,
    [32m'typical_amount_range'[39m,
    [32m'typical_day_of_month'[39m,
    [32m'confidence'[39m,
    [32m'last_matched_at'[39m,
    [32m'match_count'[39m
  ]
}

[90mstdout[2m | src/__tests__/integration/reconciliation.e2e.test.ts[2m > [22m[2mReconciliation E2E Integration Tests[2m > [22m[2mPattern Learning and Accuracy Improvement[2m > [22m[2mshould achieve >85% auto-match rate after 3 reconciliations
[22m[39m[ReconciliationHistory] Created reconciliation pattern {
  patternId: [32m'RnImoxwHj1JULUFPutnmG'[39m,
  vendorName: [32m'consulting services'[39m
}

[90mstdout[2m | src/__tests__/integration/reconciliation.e2e.test.ts[2m > [22m[2mReconciliation E2E Integration Tests[2m > [22m[2mPattern Learning and Accuracy Improvement[2m > [22m[2mshould achieve >85% auto-match rate after 3 reconciliations
[22m[39m[ReconciliationHistory] Updated reconciliation pattern {
  patternId: [32m'RnImoxwHj1JULUFPutnmG'[39m,
  changedFields: [
    [32m'description_patterns'[39m,
    [32m'typical_amount_range'[39m,
    [32m'typical_day_of_month'[39m,
    [32m'confidence'[39m,
    [32m'last_matched_at'[39m,
    [32m'match_count'[39m
  ]
}

[90mstdout[2m | src/__tests__/integration/reconciliation.e2e.test.ts[2m > [22m[2mReconciliation E2E Integration Tests[2m > [22m[2mPattern Learning and Accuracy Improvement[2m > [22m[2mshould achieve >85% auto-match rate after 3 reconciliations
[22m[39m[ReconciliationHistory] Created reconciliation pattern { patternId: [32m'YwdsCiSdmyqrNPWYXUKyj'[39m, vendorName: [32m'rent payment'[39m }

[90mstdout[2m | src/__tests__/integration/reconciliation.e2e.test.ts[2m > [22m[2mReconciliation E2E Integration Tests[2m > [22m[2mPattern Learning and Accuracy Improvement[2m > [22m[2mshould achieve >85% auto-match rate after 3 reconciliations
[22m[39m[ReconciliationHistory] Updated reconciliation pattern {
  patternId: [32m'YwdsCiSdmyqrNPWYXUKyj'[39m,
  changedFields: [
    [32m'description_patterns'[39m,
    [32m'typical_amount_range'[39m,
    [32m'typical_day_of_month'[39m,
    [32m'confidence'[39m,
    [32m'last_matched_at'[39m,
    [32m'match_count'[39m
  ]
}

[90mstdout[2m | src/__tests__/integration/reconciliation.e2e.test.ts[2m > [22m[2mReconciliation E2E Integration Tests[2m > [22m[2mPattern Learning and Accuracy Improvement[2m > [22m[2mshould achieve >85% auto-match rate after 3 reconciliations
[22m[39m[ReconciliationHistory] Created reconciliation pattern {
  patternId: [32m'ni_lgOjzaQth4rvUiigtt'[39m,
  vendorName: [32m'software license sale'[39m
}

[90mstdout[2m | src/__tests__/integration/reconciliation.e2e.test.ts[2m > [22m[2mReconciliation E2E Integration Tests[2m > [22m[2mPattern Learning and Accuracy Improvement[2m > [22m[2mshould achieve >85% auto-match rate after 3 reconciliations
[22m[39m[ReconciliationHistory] Updated reconciliation pattern {
  patternId: [32m'ni_lgOjzaQth4rvUiigtt'[39m,
  changedFields: [
    [32m'description_patterns'[39m,
    [32m'typical_amount_range'[39m,
    [32m'typical_day_of_month'[39m,
    [32m'confidence'[39m,
    [32m'last_matched_at'[39m,
    [32m'match_count'[39m
  ]
}

[90mstdout[2m | src/__tests__/integration/reconciliation.e2e.test.ts[2m > [22m[2mReconciliation E2E Integration Tests[2m > [22m[2mPattern Learning and Accuracy Improvement[2m > [22m[2mshould achieve >85% auto-match rate after 3 reconciliations
[22m[39m[ReconciliationHistory] Updated reconciliation pattern {
  patternId: [32m'Nk6SXSClRVzY9hNOv1-rz'[39m,
  changedFields: [
    [32m'description_patterns'[39m,
    [32m'typical_amount_range'[39m,
    [32m'typical_day_of_month'[39m,
    [32m'confidence'[39m,
    [32m'last_matched_at'[39m,
    [32m'match_count'[39m
  ]
}

[90mstdout[2m | src/__tests__/integration/reconciliation.e2e.test.ts[2m > [22m[2mReconciliation E2E Integration Tests[2m > [22m[2mPattern Learning and Accuracy Improvement[2m > [22m[2mshould achieve >85% auto-match rate after 3 reconciliations
[22m[39m[ReconciliationHistory] Created reconciliation pattern { patternId: [32m'X-M9tJLO0qMY7noqGi4oc'[39m, vendorName: [32m'beta'[39m }

[90mstdout[2m | src/__tests__/integration/reconciliation.e2e.test.ts[2m > [22m[2mReconciliation E2E Integration Tests[2m > [22m[2mPattern Learning and Accuracy Improvement[2m > [22m[2mshould achieve >85% auto-match rate after 3 reconciliations
[22m[39m[ReconciliationHistory] Updated reconciliation pattern {
  patternId: [32m'X-M9tJLO0qMY7noqGi4oc'[39m,
  changedFields: [
    [32m'description_patterns'[39m,
    [32m'typical_amount_range'[39m,
    [32m'typical_day_of_month'[39m,
    [32m'confidence'[39m,
    [32m'last_matched_at'[39m,
    [32m'match_count'[39m
  ]
}

[90mstdout[2m | src/__tests__/integration/reconciliation.e2e.test.ts[2m > [22m[2mReconciliation E2E Integration Tests[2m > [22m[2mPattern Learning and Accuracy Improvement[2m > [22m[2mshould achieve >85% auto-match rate after 3 reconciliations
[22m[39m[ReconciliationHistory] Created reconciliation pattern { patternId: [32m'AVLSJ4NX5jp54Ta1aM_cs'[39m, vendorName: [32m'bank service fee'[39m }

[90mstdout[2m | src/__tests__/integration/reconciliation.e2e.test.ts[2m > [22m[2mReconciliation E2E Integration Tests[2m > [22m[2mPattern Learning and Accuracy Improvement[2m > [22m[2mshould achieve >85% auto-match rate after 3 reconciliations
[22m[39m[ReconciliationHistory] Updated reconciliation pattern {
  patternId: [32m'AVLSJ4NX5jp54Ta1aM_cs'[39m,
  changedFields: [
    [32m'description_patterns'[39m,
    [32m'typical_amount_range'[39m,
    [32m'typical_day_of_month'[39m,
    [32m'confidence'[39m,
    [32m'last_matched_at'[39m,
    [32m'match_count'[39m
  ]
}

[90mstdout[2m | src/__tests__/integration/reconciliation.e2e.test.ts[2m > [22m[2mReconciliation E2E Integration Tests[2m > [22m[2mPattern Learning and Accuracy Improvement[2m > [22m[2mshould achieve >85% auto-match rate after 3 reconciliations
[22m[39m[ReconciliationHistory] Created reconciliation pattern {
  patternId: [32m'wjUYVMosGgVsXVgShss4P'[39m,
  vendorName: [32m'acme corp monthly retainer'[39m
}

[90mstdout[2m | src/__tests__/integration/reconciliation.e2e.test.ts[2m > [22m[2mReconciliation E2E Integration Tests[2m > [22m[2mPattern Learning and Accuracy Improvement[2m > [22m[2mshould achieve >85% auto-match rate after 3 reconciliations
[22m[39m[ReconciliationHistory] Updated reconciliation pattern {
  patternId: [32m'wjUYVMosGgVsXVgShss4P'[39m,
  changedFields: [
    [32m'description_patterns'[39m,
    [32m'typical_amount_range'[39m,
    [32m'typical_day_of_month'[39m,
    [32m'confidence'[39m,
    [32m'last_matched_at'[39m,
    [32m'match_count'[39m
  ]
}

[90mstdout[2m | src/__tests__/integration/reconciliation.e2e.test.ts[2m > [22m[2mReconciliation E2E Integration Tests[2m > [22m[2mPattern Learning and Accuracy Improvement[2m > [22m[2mshould achieve >85% auto-match rate after 3 reconciliations
[22m[39m[ReconciliationHistory] Created reconciliation pattern { patternId: [32m'Fq0zU7ZEMrixSFSi5iV1v'[39m, vendorName: [32m'utilities payment'[39m }

[90mstdout[2m | src/__tests__/integration/reconciliation.e2e.test.ts[2m > [22m[2mReconciliation E2E Integration Tests[2m > [22m[2mPattern Learning and Accuracy Improvement[2m > [22m[2mshould achieve >85% auto-match rate after 3 reconciliations
[22m[39m[ReconciliationHistory] Updated reconciliation pattern {
  patternId: [32m'Fq0zU7ZEMrixSFSi5iV1v'[39m,
  changedFields: [
    [32m'description_patterns'[39m,
    [32m'typical_amount_range'[39m,
    [32m'typical_day_of_month'[39m,
    [32m'confidence'[39m,
    [32m'last_matched_at'[39m,
    [32m'match_count'[39m
  ]
}

[90mstdout[2m | src/__tests__/integration/reconciliation.e2e.test.ts[2m > [22m[2mReconciliation E2E Integration Tests[2m > [22m[2mPattern Learning and Accuracy Improvement[2m > [22m[2mshould achieve >85% auto-match rate after 3 reconciliations
[22m[39m[ReconciliationHistory] Saved reconciliation record {
  recordId: [32m'NhxBotB27G99IULYTWCe4'[39m,
  accountId: [32m'wnGbHcxOVY1o6NClp1I7X'[39m,
  status: [32m'balanced'[39m
}

[90mstdout[2m | src/__tests__/integration/reconciliation.e2e.test.ts[2m > [22m[2mReconciliation E2E Integration Tests[2m > [22m[2mPattern Learning and Accuracy Improvement[2m > [22m[2mshould achieve >85% auto-match rate after 3 reconciliations
[22m[39m[EnhancedMatching] Enhanced matching completed {
  totalStatement: [33m12[39m,
  matched: [33m12[39m,
  accuracy: [32m'100.0%'[39m,
  singleMatches: [33m12[39m,
  multiMatches: [33m0[39m
}

[90mstdout[2m | src/__tests__/integration/reconciliation.e2e.test.ts[2m > [22m[2mReconciliation E2E Integration Tests[2m > [22m[2mPattern Learning and Accuracy Improvement[2m > [22m[2mshould achieve >85% auto-match rate after 3 reconciliations
[22m[39m[ReconciliationHistory] Updated reconciliation pattern {
  patternId: [32m'wwJvjy1-Z9Acup0XXa7ff'[39m,
  changedFields: [
    [32m'description_patterns'[39m,
    [32m'typical_amount_range'[39m,
    [32m'typical_day_of_month'[39m,
    [32m'confidence'[39m,
    [32m'last_matched_at'[39m,
    [32m'match_count'[39m
  ]
}

[90mstdout[2m | src/__tests__/integration/reconciliation.e2e.test.ts[2m > [22m[2mReconciliation E2E Integration Tests[2m > [22m[2mPattern Learning and Accuracy Improvement[2m > [22m[2mshould achieve >85% auto-match rate after 3 reconciliations
[22m[39m[ReconciliationHistory] Updated reconciliation pattern {
  patternId: [32m'Nk6SXSClRVzY9hNOv1-rz'[39m,
  changedFields: [
    [32m'description_patterns'[39m,
    [32m'typical_amount_range'[39m,
    [32m'typical_day_of_month'[39m,
    [32m'confidence'[39m,
    [32m'last_matched_at'[39m,
    [32m'match_count'[39m
  ]
}

[90mstdout[2m | src/__tests__/integration/reconciliation.e2e.test.ts[2m > [22m[2mReconciliation E2E Integration Tests[2m > [22m[2mPattern Learning and Accuracy Improvement[2m > [22m[2mshould achieve >85% auto-match rate after 3 reconciliations
[22m[39m[ReconciliationHistory] Updated reconciliation pattern {
  patternId: [32m'YL6K6cVMltQNsoLS_TqNV'[39m,
  changedFields: [
    [32m'description_patterns'[39m,
    [32m'typical_amount_range'[39m,
    [32m'typical_day_of_month'[39m,
    [32m'confidence'[39m,
    [32m'last_matched_at'[39m,
    [32m'match_count'[39m
  ]
}

[90mstdout[2m | src/__tests__/integration/reconciliation.e2e.test.ts[2m > [22m[2mReconciliation E2E Integration Tests[2m > [22m[2mPattern Learning and Accuracy Improvement[2m > [22m[2mshould achieve >85% auto-match rate after 3 reconciliations
[22m[39m[ReconciliationHistory] Updated reconciliation pattern {
  patternId: [32m'QnDr3CupZL8XqKVeljmiO'[39m,
  changedFields: [
    [32m'description_patterns'[39m,
    [32m'typical_amount_range'[39m,
    [32m'typical_day_of_month'[39m,
    [32m'confidence'[39m,
    [32m'last_matched_at'[39m,
    [32m'match_count'[39m
  ]
}

[90mstdout[2m | src/__tests__/integration/reconciliation.e2e.test.ts[2m > [22m[2mReconciliation E2E Integration Tests[2m > [22m[2mPattern Learning and Accuracy Improvement[2m > [22m[2mshould achieve >85% auto-match rate after 3 reconciliations
[22m[39m[ReconciliationHistory] Updated reconciliation pattern {
  patternId: [32m'RnImoxwHj1JULUFPutnmG'[39m,
  changedFields: [
    [32m'description_patterns'[39m,
    [32m'typical_amount_range'[39m,
    [32m'typical_day_of_month'[39m,
    [32m'confidence'[39m,
    [32m'last_matched_at'[39m,
    [32m'match_count'[39m
  ]
}

[90mstdout[2m | src/__tests__/integration/reconciliation.e2e.test.ts[2m > [22m[2mReconciliation E2E Integration Tests[2m > [22m[2mPattern Learning and Accuracy Improvement[2m > [22m[2mshould achieve >85% auto-match rate after 3 reconciliations
[22m[39m[ReconciliationHistory] Updated reconciliation pattern {
  patternId: [32m'YwdsCiSdmyqrNPWYXUKyj'[39m,
  changedFields: [
    [32m'description_patterns'[39m,
    [32m'typical_amount_range'[39m,
    [32m'typical_day_of_month'[39m,
    [32m'confidence'[39m,
    [32m'last_matched_at'[39m,
    [32m'match_count'[39m
  ]
}

[90mstdout[2m | src/__tests__/integration/reconciliation.e2e.test.ts[2m > [22m[2mReconciliation E2E Integration Tests[2m > [22m[2mPattern Learning and Accuracy Improvement[2m > [22m[2mshould achieve >85% auto-match rate after 3 reconciliations
[22m[39m[ReconciliationHistory] Updated reconciliation pattern {
  patternId: [32m'ni_lgOjzaQth4rvUiigtt'[39m,
  changedFields: [
    [32m'description_patterns'[39m,
    [32m'typical_amount_range'[39m,
    [32m'typical_day_of_month'[39m,
    [32m'confidence'[39m,
    [32m'last_matched_at'[39m,
    [32m'match_count'[39m
  ]
}

[90mstdout[2m | src/__tests__/integration/reconciliation.e2e.test.ts[2m > [22m[2mReconciliation E2E Integration Tests[2m > [22m[2mPattern Learning and Accuracy Improvement[2m > [22m[2mshould achieve >85% auto-match rate after 3 reconciliations
[22m[39m[ReconciliationHistory] Updated reconciliation pattern {
  patternId: [32m'Nk6SXSClRVzY9hNOv1-rz'[39m,
  changedFields: [
    [32m'description_patterns'[39m,
    [32m'typical_amount_range'[39m,
    [32m'typical_day_of_month'[39m,
    [32m'confidence'[39m,
    [32m'last_matched_at'[39m,
    [32m'match_count'[39m
  ]
}

[90mstdout[2m | src/__tests__/integration/reconciliation.e2e.test.ts[2m > [22m[2mReconciliation E2E Integration Tests[2m > [22m[2mPattern Learning and Accuracy Improvement[2m > [22m[2mshould achieve >85% auto-match rate after 3 reconciliations
[22m[39m[ReconciliationHistory] Updated reconciliation pattern {
  patternId: [32m'X-M9tJLO0qMY7noqGi4oc'[39m,
  changedFields: [
    [32m'description_patterns'[39m,
    [32m'typical_amount_range'[39m,
    [32m'typical_day_of_month'[39m,
    [32m'confidence'[39m,
    [32m'last_matched_at'[39m,
    [32m'match_count'[39m
  ]
}

[90mstdout[2m | src/__tests__/integration/reconciliation.e2e.test.ts[2m > [22m[2mReconciliation E2E Integration Tests[2m > [22m[2mPattern Learning and Accuracy Improvement[2m > [22m[2mshould achieve >85% auto-match rate after 3 reconciliations
[22m[39m[ReconciliationHistory] Updated reconciliation pattern {
  patternId: [32m'AVLSJ4NX5jp54Ta1aM_cs'[39m,
  changedFields: [
    [32m'description_patterns'[39m,
    [32m'typical_amount_range'[39m,
    [32m'typical_day_of_month'[39m,
    [32m'confidence'[39m,
    [32m'last_matched_at'[39m,
    [32m'match_count'[39m
  ]
}

[90mstdout[2m | src/__tests__/integration/reconciliation.e2e.test.ts[2m > [22m[2mReconciliation E2E Integration Tests[2m > [22m[2mPattern Learning and Accuracy Improvement[2m > [22m[2mshould achieve >85% auto-match rate after 3 reconciliations
[22m[39m[ReconciliationHistory] Updated reconciliation pattern {
  patternId: [32m'wjUYVMosGgVsXVgShss4P'[39m,
  changedFields: [
    [32m'description_patterns'[39m,
    [32m'typical_amount_range'[39m,
    [32m'typical_day_of_month'[39m,
    [32m'confidence'[39m,
    [32m'last_matched_at'[39m,
    [32m'match_count'[39m
  ]
}

[90mstdout[2m | src/__tests__/integration/reconciliation.e2e.test.ts[2m > [22m[2mReconciliation E2E Integration Tests[2m > [22m[2mPattern Learning and Accuracy Improvement[2m > [22m[2mshould achieve >85% auto-match rate after 3 reconciliations
[22m[39m[ReconciliationHistory] Updated reconciliation pattern {
  patternId: [32m'Fq0zU7ZEMrixSFSi5iV1v'[39m,
  changedFields: [
    [32m'description_patterns'[39m,
    [32m'typical_amount_range'[39m,
    [32m'typical_day_of_month'[39m,
    [32m'confidence'[39m,
    [32m'last_matched_at'[39m,
    [32m'match_count'[39m
  ]
}

[90mstdout[2m | src/__tests__/integration/reconciliation.e2e.test.ts[2m > [22m[2mReconciliation E2E Integration Tests[2m > [22m[2mPattern Learning and Accuracy Improvement[2m > [22m[2mshould achieve >85% auto-match rate after 3 reconciliations
[22m[39m[ReconciliationHistory] Saved reconciliation record {
  recordId: [32m'xn30XaSC3Ximy9hyaKhpR'[39m,
  accountId: [32m'wnGbHcxOVY1o6NClp1I7X'[39m,
  status: [32m'balanced'[39m
}

[90mstdout[2m | src/__tests__/integration/reconciliation.e2e.test.ts[2m > [22m[2mReconciliation E2E Integration Tests[2m > [22m[2mPattern Learning and Accuracy Improvement[2m > [22m[2mshould achieve >85% auto-match rate after 3 reconciliations
[22m[39m[EnhancedMatching] Enhanced matching completed {
  totalStatement: [33m12[39m,
  matched: [33m12[39m,
  accuracy: [32m'100.0%'[39m,
  singleMatches: [33m12[39m,
  multiMatches: [33m0[39m
}

[90mstdout[2m | src/__tests__/integration/reconciliation.e2e.test.ts[2m > [22m[2mReconciliation E2E Integration Tests[2m > [22m[2mPattern Learning and Accuracy Improvement[2m > [22m[2mshould achieve >85% auto-match rate after 3 reconciliations
[22m[39m[ReconciliationHistory] Updated reconciliation pattern {
  patternId: [32m'wwJvjy1-Z9Acup0XXa7ff'[39m,
  changedFields: [
    [32m'description_patterns'[39m,
    [32m'typical_amount_range'[39m,
    [32m'typical_day_of_month'[39m,
    [32m'confidence'[39m,
    [32m'last_matched_at'[39m,
    [32m'match_count'[39m
  ]
}

[90mstdout[2m | src/__tests__/integration/reconciliation.e2e.test.ts[2m > [22m[2mReconciliation E2E Integration Tests[2m > [22m[2mPattern Learning and Accuracy Improvement[2m > [22m[2mshould achieve >85% auto-match rate after 3 reconciliations
[22m[39m[ReconciliationHistory] Updated reconciliation pattern {
  patternId: [32m'Nk6SXSClRVzY9hNOv1-rz'[39m,
  changedFields: [
    [32m'description_patterns'[39m,
    [32m'typical_amount_range'[39m,
    [32m'typical_day_of_month'[39m,
    [32m'confidence'[39m,
    [32m'last_matched_at'[39m,
    [32m'match_count'[39m
  ]
}

[90mstdout[2m | src/__tests__/integration/reconciliation.e2e.test.ts[2m > [22m[2mReconciliation E2E Integration Tests[2m > [22m[2mPattern Learning and Accuracy Improvement[2m > [22m[2mshould achieve >85% auto-match rate after 3 reconciliations
[22m[39m[ReconciliationHistory] Updated reconciliation pattern {
  patternId: [32m'YL6K6cVMltQNsoLS_TqNV'[39m,
  changedFields: [
    [32m'description_patterns'[39m,
    [32m'typical_amount_range'[39m,
    [32m'typical_day_of_month'[39m,
    [32m'confidence'[39m,
    [32m'last_matched_at'[39m,
    [32m'match_count'[39m
  ]
}

[90mstdout[2m | src/__tests__/integration/reconciliation.e2e.test.ts[2m > [22m[2mReconciliation E2E Integration Tests[2m > [22m[2mPattern Learning and Accuracy Improvement[2m > [22m[2mshould achieve >85% auto-match rate after 3 reconciliations
[22m[39m[ReconciliationHistory] Updated reconciliation pattern {
  patternId: [32m'QnDr3CupZL8XqKVeljmiO'[39m,
  changedFields: [
    [32m'description_patterns'[39m,
    [32m'typical_amount_range'[39m,
    [32m'typical_day_of_month'[39m,
    [32m'confidence'[39m,
    [32m'last_matched_at'[39m,
    [32m'match_count'[39m
  ]
}

[90mstdout[2m | src/__tests__/integration/reconciliation.e2e.test.ts[2m > [22m[2mReconciliation E2E Integration Tests[2m > [22m[2mPattern Learning and Accuracy Improvement[2m > [22m[2mshould achieve >85% auto-match rate after 3 reconciliations
[22m[39m[ReconciliationHistory] Updated reconciliation pattern {
  patternId: [32m'RnImoxwHj1JULUFPutnmG'[39m,
  changedFields: [
    [32m'description_patterns'[39m,
    [32m'typical_amount_range'[39m,
    [32m'typical_day_of_month'[39m,
    [32m'confidence'[39m,
    [32m'last_matched_at'[39m,
    [32m'match_count'[39m
  ]
}

[90mstdout[2m | src/__tests__/integration/reconciliation.e2e.test.ts[2m > [22m[2mReconciliation E2E Integration Tests[2m > [22m[2mPattern Learning and Accuracy Improvement[2m > [22m[2mshould achieve >85% auto-match rate after 3 reconciliations
[22m[39m[ReconciliationHistory] Updated reconciliation pattern {
  patternId: [32m'YwdsCiSdmyqrNPWYXUKyj'[39m,
  changedFields: [
    [32m'description_patterns'[39m,
    [32m'typical_amount_range'[39m,
    [32m'typical_day_of_month'[39m,
    [32m'confidence'[39m,
    [32m'last_matched_at'[39m,
    [32m'match_count'[39m
  ]
}

[90mstdout[2m | src/__tests__/integration/reconciliation.e2e.test.ts[2m > [22m[2mReconciliation E2E Integration Tests[2m > [22m[2mPattern Learning and Accuracy Improvement[2m > [22m[2mshould achieve >85% auto-match rate after 3 reconciliations
[22m[39m[ReconciliationHistory] Updated reconciliation pattern {
  patternId: [32m'ni_lgOjzaQth4rvUiigtt'[39m,
  changedFields: [
    [32m'description_patterns'[39m,
    [32m'typical_amount_range'[39m,
    [32m'typical_day_of_month'[39m,
    [32m'confidence'[39m,
    [32m'last_matched_at'[39m,
    [32m'match_count'[39m
  ]
}

[90mstdout[2m | src/__tests__/integration/reconciliation.e2e.test.ts[2m > [22m[2mReconciliation E2E Integration Tests[2m > [22m[2mPattern Learning and Accuracy Improvement[2m > [22m[2mshould achieve >85% auto-match rate after 3 reconciliations
[22m[39m[ReconciliationHistory] Updated reconciliation pattern {
  patternId: [32m'Nk6SXSClRVzY9hNOv1-rz'[39m,
  changedFields: [
    [32m'description_patterns'[39m,
    [32m'typical_amount_range'[39m,
    [32m'typical_day_of_month'[39m,
    [32m'confidence'[39m,
    [32m'last_matched_at'[39m,
    [32m'match_count'[39m
  ]
}

[90mstdout[2m | src/__tests__/integration/reconciliation.e2e.test.ts[2m > [22m[2mReconciliation E2E Integration Tests[2m > [22m[2mPattern Learning and Accuracy Improvement[2m > [22m[2mshould achieve >85% auto-match rate after 3 reconciliations
[22m[39m[ReconciliationHistory] Updated reconciliation pattern {
  patternId: [32m'X-M9tJLO0qMY7noqGi4oc'[39m,
  changedFields: [
    [32m'description_patterns'[39m,
    [32m'typical_amount_range'[39m,
    [32m'typical_day_of_month'[39m,
    [32m'confidence'[39m,
    [32m'last_matched_at'[39m,
    [32m'match_count'[39m
  ]
}

[90mstdout[2m | src/__tests__/integration/reconciliation.e2e.test.ts[2m > [22m[2mReconciliation E2E Integration Tests[2m > [22m[2mPattern Learning and Accuracy Improvement[2m > [22m[2mshould achieve >85% auto-match rate after 3 reconciliations
[22m[39m[ReconciliationHistory] Updated reconciliation pattern {
  patternId: [32m'AVLSJ4NX5jp54Ta1aM_cs'[39m,
  changedFields: [
    [32m'description_patterns'[39m,
    [32m'typical_amount_range'[39m,
    [32m'typical_day_of_month'[39m,
    [32m'confidence'[39m,
    [32m'last_matched_at'[39m,
    [32m'match_count'[39m
  ]
}

[90mstdout[2m | src/__tests__/integration/reconciliation.e2e.test.ts[2m > [22m[2mReconciliation E2E Integration Tests[2m > [22m[2mPattern Learning and Accuracy Improvement[2m > [22m[2mshould achieve >85% auto-match rate after 3 reconciliations
[22m[39m[ReconciliationHistory] Updated reconciliation pattern {
  patternId: [32m'wjUYVMosGgVsXVgShss4P'[39m,
  changedFields: [
    [32m'description_patterns'[39m,
    [32m'typical_amount_range'[39m,
    [32m'typical_day_of_month'[39m,
    [32m'confidence'[39m,
    [32m'last_matched_at'[39m,
    [32m'match_count'[39m
  ]
}

[90mstdout[2m | src/__tests__/integration/reconciliation.e2e.test.ts[2m > [22m[2mReconciliation E2E Integration Tests[2m > [22m[2mPattern Learning and Accuracy Improvement[2m > [22m[2mshould achieve >85% auto-match rate after 3 reconciliations
[22m[39m[ReconciliationHistory] Updated reconciliation pattern {
  patternId: [32m'Fq0zU7ZEMrixSFSi5iV1v'[39m,
  changedFields: [
    [32m'description_patterns'[39m,
    [32m'typical_amount_range'[39m,
    [32m'typical_day_of_month'[39m,
    [32m'confidence'[39m,
    [32m'last_matched_at'[39m,
    [32m'match_count'[39m
  ]
}

[90mstdout[2m | src/__tests__/integration/reconciliation.e2e.test.ts[2m > [22m[2mReconciliation E2E Integration Tests[2m > [22m[2mPattern Learning and Accuracy Improvement[2m > [22m[2mshould achieve >85% auto-match rate after 3 reconciliations
[22m[39m[ReconciliationHistory] Saved reconciliation record {
  recordId: [32m'axNvs9kLsuMtLggeww0gm'[39m,
  accountId: [32m'wnGbHcxOVY1o6NClp1I7X'[39m,
  status: [32m'balanced'[39m
}

[90mstdout[2m | src/__tests__/integration/reconciliation.e2e.test.ts[2m > [22m[2mReconciliation E2E Integration Tests[2m > [22m[2mReconciliation Streak Tracking[2m > [22m[2mshould track streaks and award milestones
[22m[39m[EnhancedMatching] Enhanced matching completed {
  totalStatement: [33m12[39m,
  matched: [33m12[39m,
  accuracy: [32m'100.0%'[39m,
  singleMatches: [33m12[39m,
  multiMatches: [33m0[39m
}

[90mstdout[2m | src/__tests__/integration/reconciliation.e2e.test.ts[2m > [22m[2mReconciliation E2E Integration Tests[2m > [22m[2mReconciliation Streak Tracking[2m > [22m[2mshould track streaks and award milestones
[22m[39m[ReconciliationHistory] Saved reconciliation record {
  recordId: [32m'woJF5WeMZ84JPlozb_bv0'[39m,
  accountId: [32m'eKe8qmydOKo5_n_pOkutS'[39m,
  status: [32m'balanced'[39m
}

[90mstdout[2m | src/__tests__/integration/reconciliation.e2e.test.ts[2m > [22m[2mReconciliation E2E Integration Tests[2m > [22m[2mReconciliation Streak Tracking[2m > [22m[2mshould track streaks and award milestones
[22m[39m[EnhancedMatching] Enhanced matching completed {
  totalStatement: [33m12[39m,
  matched: [33m12[39m,
  accuracy: [32m'100.0%'[39m,
  singleMatches: [33m12[39m,
  multiMatches: [33m0[39m
}

[90mstdout[2m | src/__tests__/integration/reconciliation.e2e.test.ts[2m > [22m[2mReconciliation E2E Integration Tests[2m > [22m[2mReconciliation Streak Tracking[2m > [22m[2mshould track streaks and award milestones
[22m[39m[ReconciliationHistory] Saved reconciliation record {
  recordId: [32m'3QvNtV9YAHHW5LcQsjOcz'[39m,
  accountId: [32m'eKe8qmydOKo5_n_pOkutS'[39m,
  status: [32m'balanced'[39m
}

[90mstdout[2m | src/__tests__/integration/reconciliation.e2e.test.ts[2m > [22m[2mReconciliation E2E Integration Tests[2m > [22m[2mReconciliation Streak Tracking[2m > [22m[2mshould track streaks and award milestones
[22m[39m[EnhancedMatching] Enhanced matching completed {
  totalStatement: [33m12[39m,
  matched: [33m12[39m,
  accuracy: [32m'100.0%'[39m,
  singleMatches: [33m12[39m,
  multiMatches: [33m0[39m
}

[90mstdout[2m | src/__tests__/integration/reconciliation.e2e.test.ts[2m > [22m[2mReconciliation E2E Integration Tests[2m > [22m[2mReconciliation Streak Tracking[2m > [22m[2mshould track streaks and award milestones
[22m[39m[ReconciliationHistory] Saved reconciliation record {
  recordId: [32m'PTBESsZ6Zoi5t3cm59A8t'[39m,
  accountId: [32m'eKe8qmydOKo5_n_pOkutS'[39m,
  status: [32m'balanced'[39m
}

[90mstdout[2m | src/__tests__/integration/reconciliation.e2e.test.ts[2m > [22m[2mReconciliation E2E Integration Tests[2m > [22m[2mReconciliation Streak Tracking[2m > [22m[2mshould track streaks and award milestones
[22m[39m[EnhancedMatching] Enhanced matching completed {
  totalStatement: [33m12[39m,
  matched: [33m12[39m,
  accuracy: [32m'100.0%'[39m,
  singleMatches: [33m12[39m,
  multiMatches: [33m0[39m
}

[90mstdout[2m | src/__tests__/integration/reconciliation.e2e.test.ts[2m > [22m[2mReconciliation E2E Integration Tests[2m > [22m[2mReconciliation Streak Tracking[2m > [22m[2mshould track streaks and award milestones
[22m[39m[ReconciliationHistory] Saved reconciliation record {
  recordId: [32m'omQd-lIHG9FLXTOu8DK3z'[39m,
  accountId: [32m'eKe8qmydOKo5_n_pOkutS'[39m,
  status: [32m'balanced'[39m
}

[90mstdout[2m | src/__tests__/integration/reconciliation.e2e.test.ts[2m > [22m[2mReconciliation E2E Integration Tests[2m > [22m[2mUnreconciled Transaction Flagging[2m > [22m[2mshould flag old unreconciled transactions
[22m[39m[ReconciliationHistory] Retrieved unreconciled transactions { accountId: [32m'jltl5C6By2OGWUIUvUGcT'[39m, count: [33m3[39m }

[90mstdout[2m | src/__tests__/integration/reconciliation.e2e.test.ts[2m > [22m[2mReconciliation E2E Integration Tests[2m > [22m[2mUnreconciled Transaction Flagging[2m > [22m[2mshould flag old unreconciled transactions
[22m[39m[ReconciliationHistory] Generated unreconciled dashboard { totalCount: [33m0[39m }

[90mstdout[2m | src/__tests__/integration/reconciliation.e2e.test.ts[2m > [22m[2mReconciliation E2E Integration Tests[2m > [22m[2mDiscrepancy Resolution[2m > [22m[2mshould suggest resolutions for common discrepancies
[22m[39m[EnhancedMatching] Enhanced matching completed {
  totalStatement: [33m14[39m,
  matched: [33m12[39m,
  accuracy: [32m'85.7%'[39m,
  singleMatches: [33m12[39m,
  multiMatches: [33m0[39m
}

[90mstdout[2m | src/__tests__/integration/reconciliation.e2e.test.ts[2m > [22m[2mReconciliation E2E Integration Tests[2m > [22m[2mDiscrepancy Resolution[2m > [22m[2mshould suggest resolutions for common discrepancies
[22m[39m[ReconciliationHistory] Generated discrepancy suggestions { accountId: [32m'MeQKLZ8iCNkN5WaH5pdxp'[39m, suggestionCount: [33m2[39m }

[90mstdout[2m | src/__tests__/integration/reconciliation.e2e.test.ts[2m > [22m[2mReconciliation E2E Integration Tests[2m > [22m[2mReconciliation History[2m > [22m[2mshould retrieve and display reconciliation history
[22m[39m[EnhancedMatching] Enhanced matching completed {
  totalStatement: [33m12[39m,
  matched: [33m12[39m,
  accuracy: [32m'100.0%'[39m,
  singleMatches: [33m12[39m,
  multiMatches: [33m0[39m
}

[90mstdout[2m | src/__tests__/integration/reconciliation.e2e.test.ts[2m > [22m[2mReconciliation E2E Integration Tests[2m > [22m[2mReconciliation History[2m > [22m[2mshould retrieve and display reconciliation history
[22m[39m[ReconciliationHistory] Saved reconciliation record {
  recordId: [32m'HIP-Gbphv9fQaBukqMF7d'[39m,
  accountId: [32m'tEJBKFgqCB_IYVWrNdBaP'[39m,
  status: [32m'balanced'[39m
}

[90mstdout[2m | src/__tests__/integration/reconciliation.e2e.test.ts[2m > [22m[2mReconciliation E2E Integration Tests[2m > [22m[2mReconciliation History[2m > [22m[2mshould retrieve and display reconciliation history
[22m[39m[EnhancedMatching] Enhanced matching completed {
  totalStatement: [33m12[39m,
  matched: [33m12[39m,
  accuracy: [32m'100.0%'[39m,
  singleMatches: [33m12[39m,
  multiMatches: [33m0[39m
}

[90mstdout[2m | src/__tests__/integration/reconciliation.e2e.test.ts[2m > [22m[2mReconciliation E2E Integration Tests[2m > [22m[2mReconciliation History[2m > [22m[2mshould retrieve and display reconciliation history
[22m[39m[ReconciliationHistory] Saved reconciliation record {
  recordId: [32m'n6uLm36pzqpYi1L0IbMXR'[39m,
  accountId: [32m'tEJBKFgqCB_IYVWrNdBaP'[39m,
  status: [32m'balanced'[39m
}

[90mstdout[2m | src/__tests__/integration/reconciliation.e2e.test.ts[2m > [22m[2mReconciliation E2E Integration Tests[2m > [22m[2mReconciliation History[2m > [22m[2mshould retrieve and display reconciliation history
[22m[39m[EnhancedMatching] Enhanced matching completed {
  totalStatement: [33m12[39m,
  matched: [33m12[39m,
  accuracy: [32m'100.0%'[39m,
  singleMatches: [33m12[39m,
  multiMatches: [33m0[39m
}

[90mstdout[2m | src/__tests__/integration/reconciliation.e2e.test.ts[2m > [22m[2mReconciliation E2E Integration Tests[2m > [22m[2mReconciliation History[2m > [22m[2mshould retrieve and display reconciliation history
[22m[39m[ReconciliationHistory] Saved reconciliation record {
  recordId: [32m'eTc1ZeT3JLsQlwmreDR0p'[39m,
  accountId: [32m'tEJBKFgqCB_IYVWrNdBaP'[39m,
  status: [32m'balanced'[39m
}

[90mstdout[2m | src/__tests__/integration/reconciliation.e2e.test.ts[2m > [22m[2mReconciliation E2E Integration Tests[2m > [22m[2mPerformance[2m > [22m[2mshould process 500 transactions in under 5 seconds
[22m[39m[EnhancedMatching] Enhanced matching completed {
  totalStatement: [33m500[39m,
  matched: [33m494[39m,
  accuracy: [32m'98.8%'[39m,
  singleMatches: [33m494[39m,
  multiMatches: [33m0[39m
}

[90mstdout[2m | src/__tests__/integration/reconciliation.e2e.test.ts[2m > [22m[2mReconciliation E2E Integration Tests[2m > [22m[2mMulti-Transaction Matching[2m > [22m[2mshould match split deposits correctly
[22m[39m[EnhancedMatching] Enhanced matching completed {
  totalStatement: [33m1[39m,
  matched: [33m1[39m,
  accuracy: [32m'100.0%'[39m,
  singleMatches: [33m0[39m,
  multiMatches: [33m1[39m
}

 [31m❯[39m src/__tests__/integration/reconciliation.e2e.test.ts [2m([22m[2m10 tests[22m[2m | [22m[31m5 failed[39m[2m)[22m[33m 4497[2mms[22m[39m
[31m       [31m×[31m should complete full reconciliation from upload to completion[39m[32m 270[2mms[22m[39m
[31m       [31m×[31m should handle manual matching for unmatched transactions[39m[32m 105[2mms[22m[39m
[31m       [31m×[31m should allow removing and re-matching transactions[39m[32m 51[2mms[22m[39m
       [33m[2m✓[22m[39m should achieve >85% auto-match rate after 3 reconciliations [33m 622[2mms[22m[39m
[31m       [31m×[31m should track streaks and award milestones[39m[32m 222[2mms[22m[39m
[31m       [31m×[31m should flag old unreconciled transactions[39m[32m 73[2mms[22m[39m
       [32m✓[39m should suggest resolutions for common discrepancies[32m 57[2mms[22m[39m
       [32m✓[39m should retrieve and display reconciliation history[32m 178[2mms[22m[39m
       [33m[2m✓[22m[39m should process 500 transactions in under 5 seconds [33m 2877[2mms[22m[39m
       [32m✓[39m should match split deposits correctly[32m 35[2mms[22m[39m
[90mstdout[2m | src/services/auditLogExtended.test.ts[2m > [22m[2mExtended Audit Log Service[2m > [22m[2mPerformance Tests[2m > [22m[2mshould handle timeline generation with large datasets
[22m[39m[AuditLogExtended] Generating audit log timeline {
  companyId: [32m'test-company'[39m,
  dateFrom: [35m2025-12-20T05:40:20.153Z[39m,
  dateTo: [35m2026-01-19T05:40:20.153Z[39m,
  groupBy: [32m'day'[39m
}
[AuditLogExtended] Starting audit log search {
  companyId: [32m'test-company'[39m,
  dateFrom: [35m2025-12-20T05:40:20.153Z[39m,
  dateTo: [35m2026-01-19T05:40:20.153Z[39m,
  limit: [90mundefined[39m,
  sortBy: [32m'timestamp'[39m,
  sortOrder: [32m'desc'[39m
}

[90mstdout[2m | src/services/auditLogExtended.test.ts[2m > [22m[2mExtended Audit Log Service[2m > [22m[2mPerformance Tests[2m > [22m[2mshould handle timeline generation with large datasets
[22m[39m[AuditLogExtended] Audit log search completed { total: [33m5000[39m, returned: [33m5000[39m, executionTimeMs: [33m494.5590000000011[39m }

[90mstdout[2m | src/services/auditLogExtended.test.ts[2m > [22m[2mExtended Audit Log Service[2m > [22m[2mPerformance Tests[2m > [22m[2mshould handle timeline generation with large datasets
[22m[39m[AuditLogExtended] Timeline generation completed { entryCount: [33m31[39m, totalLogs: [33m5000[39m, executionTimeMs: [33m518.4421000000002[39m }

[90mstdout[2m | src/services/auditLogExtended.perf.test.ts[2m > [22m[2mExtended Audit Log Performance Tests
[22m[39m  Seeded 21000/100000 entries...

[90mstdout[2m | src/services/auditLogExtended.test.ts[2m > [22m[2mExtended Audit Log Service[2m > [22m[2mPerformance Tests[2m > [22m[2mshould handle CSV export with large datasets
[22m[39m[AuditLogExtended] Starting CSV export { companyId: [32m'test-company'[39m }
[AuditLogExtended] Starting audit log search { companyId: [32m'test-company'[39m, limit: [90mundefined[39m, offset: [90mundefined[39m }

[90mstdout[2m | src/services/auditLogExtended.test.ts[2m > [22m[2mExtended Audit Log Service[2m > [22m[2mPerformance Tests[2m > [22m[2mshould handle CSV export with large datasets
[22m[39m[AuditLogExtended] Audit log search completed { total: [33m5000[39m, returned: [33m5000[39m, executionTimeMs: [33m266.77080000001297[39m }

[90mstdout[2m | src/services/auditLogExtended.test.ts[2m > [22m[2mExtended Audit Log Service[2m > [22m[2mPerformance Tests[2m > [22m[2mshould handle CSV export with large datasets
[22m[39m[AuditLogExtended] CSV export completed { recordCount: [33m5000[39m, executionTimeMs: [33m326.1649000000034[39m }

[90mstdout[2m | src/services/auditLogExtended.test.ts[2m > [22m[2mExtended Audit Log Service[2m > [22m[2mSecurity and Data Integrity[2m > [22m[2mshould not allow modification of audit logs
[22m[39m[AuditLogExtended] Starting audit log search { companyId: [32m'test-company'[39m }

[90mstdout[2m | src/services/auditLogExtended.test.ts[2m > [22m[2mExtended Audit Log Service[2m > [22m[2mSecurity and Data Integrity[2m > [22m[2mshould not allow modification of audit logs
[22m[39m[AuditLogExtended] Audit log search completed { total: [33m1[39m, returned: [33m1[39m, executionTimeMs: [33m0.7988999999943189[39m }

[90mstdout[2m | src/services/auditLogExtended.test.ts[2m > [22m[2mExtended Audit Log Service[2m > [22m[2mSecurity and Data Integrity[2m > [22m[2mshould maintain data integrity across operations
[22m[39m[AuditLogExtended] Starting audit log search { companyId: [32m'test-company'[39m }

[90mstdout[2m | src/services/auditLogExtended.test.ts[2m > [22m[2mExtended Audit Log Service[2m > [22m[2mSecurity and Data Integrity[2m > [22m[2mshould maintain data integrity across operations
[22m[39m[AuditLogExtended] Audit log search completed { total: [33m100[39m, returned: [33m100[39m, executionTimeMs: [33m3.523700000005192[39m }

[90mstdout[2m | src/services/auditLogExtended.test.ts[2m > [22m[2mExtended Audit Log Service[2m > [22m[2mSecurity and Data Integrity[2m > [22m[2mshould maintain data integrity across operations
[22m[39m[AuditLogExtended] Generating audit log timeline {
  companyId: [32m'test-company'[39m,
  dateFrom: [35m2025-12-20T05:40:30.025Z[39m,
  dateTo: [35m2026-01-19T05:40:30.025Z[39m,
  groupBy: [32m'day'[39m
}
[AuditLogExtended] Starting audit log search {
  companyId: [32m'test-company'[39m,
  dateFrom: [35m2025-12-20T05:40:30.025Z[39m,
  dateTo: [35m2026-01-19T05:40:30.025Z[39m,
  limit: [90mundefined[39m,
  sortBy: [32m'timestamp'[39m,
  sortOrder: [32m'desc'[39m
}

[90mstdout[2m | src/services/auditLogExtended.test.ts[2m > [22m[2mExtended Audit Log Service[2m > [22m[2mSecurity and Data Integrity[2m > [22m[2mshould maintain data integrity across operations
[22m[39m[AuditLogExtended] Audit log search completed { total: [33m100[39m, returned: [33m100[39m, executionTimeMs: [33m9.040800000002491[39m }

[90mstdout[2m | src/services/auditLogExtended.test.ts[2m > [22m[2mExtended Audit Log Service[2m > [22m[2mSecurity and Data Integrity[2m > [22m[2mshould maintain data integrity across operations
[22m[39m[AuditLogExtended] Timeline generation completed { entryCount: [33m30[39m, totalLogs: [33m100[39m, executionTimeMs: [33m10.226399999999558[39m }

[90mstdout[2m | src/services/auditLogExtended.test.ts[2m > [22m[2mExtended Audit Log Service[2m > [22m[2mSecurity and Data Integrity[2m > [22m[2mshould maintain data integrity across operations
[22m[39m[AuditLogExtended] Starting CSV export { companyId: [32m'test-company'[39m }
[AuditLogExtended] Starting audit log search { companyId: [32m'test-company'[39m, limit: [90mundefined[39m, offset: [90mundefined[39m }

[90mstdout[2m | src/services/auditLogExtended.test.ts[2m > [22m[2mExtended Audit Log Service[2m > [22m[2mSecurity and Data Integrity[2m > [22m[2mshould maintain data integrity across operations
[22m[39m[AuditLogExtended] Audit log search completed { total: [33m100[39m, returned: [33m100[39m, executionTimeMs: [33m3.865299999990384[39m }

[90mstdout[2m | src/services/auditLogExtended.test.ts[2m > [22m[2mExtended Audit Log Service[2m > [22m[2mSecurity and Data Integrity[2m > [22m[2mshould maintain data integrity across operations
[22m[39m[AuditLogExtended] CSV export completed { recordCount: [33m100[39m, executionTimeMs: [33m9.994299999991199[39m }

[90mstdout[2m | src/services/auditLogExtended.test.ts[2m > [22m[2mExtended Audit Log Service[2m > [22m[2mSecurity and Data Integrity[2m > [22m[2mshould isolate data by company
[22m[39m[AuditLogExtended] Starting audit log search { companyId: [32m'company-1'[39m }

[90mstdout[2m | src/services/auditLogExtended.test.ts[2m > [22m[2mExtended Audit Log Service[2m > [22m[2mSecurity and Data Integrity[2m > [22m[2mshould isolate data by company
[22m[39m[AuditLogExtended] Audit log search completed { total: [33m50[39m, returned: [33m50[39m, executionTimeMs: [33m4.353099999992992[39m }

[90mstdout[2m | src/services/auditLogExtended.test.ts[2m > [22m[2mExtended Audit Log Service[2m > [22m[2mSecurity and Data Integrity[2m > [22m[2mshould isolate data by company
[22m[39m[AuditLogExtended] Starting audit log search { companyId: [32m'company-2'[39m }

[90mstdout[2m | src/services/auditLogExtended.test.ts[2m > [22m[2mExtended Audit Log Service[2m > [22m[2mSecurity and Data Integrity[2m > [22m[2mshould isolate data by company
[22m[39m[AuditLogExtended] Audit log search completed { total: [33m30[39m, returned: [33m30[39m, executionTimeMs: [33m1.9505999999964843[39m }

 [31m❯[39m src/services/auditLogExtended.test.ts [2m([22m[2m32 tests[22m[2m | [22m[31m2 failed[39m[2m)[22m[33m 50741[2mms[22m[39m
       [32m✓[39m should return all logs when no filters applied[32m 160[2mms[22m[39m
       [32m✓[39m should perform full-text search across fields[32m 37[2mms[22m[39m
       [32m✓[39m should filter by date range[32m 64[2mms[22m[39m
       [32m✓[39m should filter by user IDs[32m 73[2mms[22m[39m
       [32m✓[39m should filter by entity types[32m 50[2mms[22m[39m
       [32m✓[39m should filter by actions[32m 61[2mms[22m[39m
       [32m✓[39m should combine multiple filters[32m 134[2mms[22m[39m
       [32m✓[39m should paginate results correctly[32m 207[2mms[22m[39m
       [32m✓[39m should sort results correctly[32m 56[2mms[22m[39m
       [32m✓[39m should return logs within date range[32m 102[2mms[22m[39m
       [32m✓[39m should return logs for specific users[32m 126[2mms[22m[39m
       [32m✓[39m should return logs for specific entity types[32m 100[2mms[22m[39m
       [32m✓[39m should group logs by day[32m 115[2mms[22m[39m
       [32m✓[39m should group logs by hour[32m 36[2mms[22m[39m
       [32m✓[39m should include action and entity type counts[32m 54[2mms[22m[39m
       [32m✓[39m should export logs to CSV format[32m 50[2mms[22m[39m
       [32m✓[39m should handle empty results[32m 5[2mms[22m[39m
       [32m✓[39m should properly escape CSV values[32m 13[2mms[22m[39m
       [32m✓[39m should export logs to PDF format[32m 153[2mms[22m[39m
       [32m✓[39m should generate comprehensive statistics[32m 111[2mms[22m[39m
       [32m✓[39m should limit recent activity to 50 entries[32m 205[2mms[22m[39m
       [32m✓[39m should filter statistics by date range[32m 107[2mms[22m[39m
       [32m✓[39m should delete logs older than retention period[32m 27[2mms[22m[39m
       [32m✓[39m should not delete logs within retention period[32m 49[2mms[22m[39m
       [33m[2m✓[22m[39m should handle 1,000 entries efficiently [33m 1550[2mms[22m[39m
       [33m[2m✓[22m[39m should handle 10,000 entries efficiently [33m 19984[2mms[22m[39m
       [33m[2m✓[22m[39m should handle complex queries efficiently [33m 8652[2mms[22m[39m
       [33m[2m✓[22m[39m should handle timeline generation with large datasets [33m 9157[2mms[22m[39m
       [33m[2m✓[22m[39m should handle CSV export with large datasets [33m 9021[2mms[22m[39m
[31m       [31m×[31m should not allow modification of audit logs[39m[32m 62[2mms[22m[39m
       [32m✓[39m should maintain data integrity across operations[32m 112[2mms[22m[39m
[31m       [31m×[31m should isolate data by company[39m[32m 97[2mms[22m[39m
[90mstderr[2m | src/components/interestSplit/InterestSplitPrompt.test.tsx[2m > [22m[2mInterestSplitPrompt[2m > [22m[2mrendering[2m > [22m[2mshould render when open
[22m[39mWarning: Received `true` for a non-boolean attribute `jsx`.

If you want to write it to the DOM, pass a string instead: jsx="true" or jsx={value.toString()}.
    at style
    at div
    at div
    at div
    at C:/Users/Admin/graceful_books/src/components/modals/Modal.tsx:9:5
    at InterestSplitPrompt (C:/Users/Admin/graceful_books/src/components/interestSplit/InterestSplitPrompt.tsx:12:3)

[90mstderr[2m | src/components/interestSplit/InterestSplitPrompt.test.tsx[2m > [22m[2mInterestSplitPrompt[2m > [22m[2muser interactions[2m > [22m[2mshould allow manual amount adjustment
[22m[39mWarning: An update to InterestSplitPrompt inside a test was not wrapped in act(...).

When testing, code that causes React state updates should be wrapped into act(...):

act(() => {
  /* fire events that update state */
});
/* assert on the output */

This ensures that you're testing the behavior the user would see in the browser. Learn more at https://reactjs.org/link/wrap-tests-with-act
    at InterestSplitPrompt (C:/Users/Admin/graceful_books/src/components/interestSplit/InterestSplitPrompt.tsx:12:3)

[90mstderr[2m | src/components/interestSplit/InterestSplitPrompt.test.tsx[2m > [22m[2mInterestSplitPrompt[2m > [22m[2muser interactions[2m > [22m[2mshould allow manual amount adjustment
[22m[39mWarning: An update to InterestSplitPrompt inside a test was not wrapped in act(...).

When testing, code that causes React state updates should be wrapped into act(...):

act(() => {
  /* fire events that update state */
});
/* assert on the output */

This ensures that you're testing the behavior the user would see in the browser. Learn more at https://reactjs.org/link/wrap-tests-with-act
    at InterestSplitPrompt (C:/Users/Admin/graceful_books/src/components/interestSplit/InterestSplitPrompt.tsx:12:3)

[90mstderr[2m | src/components/interestSplit/InterestSplitPrompt.test.tsx[2m > [22m[2mInterestSplitPrompt[2m > [22m[2muser interactions[2m > [22m[2mshould allow manual amount adjustment
[22m[39mWarning: An update to InterestSplitPrompt inside a test was not wrapped in act(...).

When testing, code that causes React state updates should be wrapped into act(...):

act(() => {
  /* fire events that update state */
});
/* assert on the output */

This ensures that you're testing the behavior the user would see in the browser. Learn more at https://reactjs.org/link/wrap-tests-with-act
    at InterestSplitPrompt (C:/Users/Admin/graceful_books/src/components/interestSplit/InterestSplitPrompt.tsx:12:3)
Warning: An update to InterestSplitPrompt inside a test was not wrapped in act(...).

When testing, code that causes React state updates should be wrapped into act(...):

act(() => {
  /* fire events that update state */
});
/* assert on the output */

This ensures that you're testing the behavior the user would see in the browser. Learn more at https://reactjs.org/link/wrap-tests-with-act
    at InterestSplitPrompt (C:/Users/Admin/graceful_books/src/components/interestSplit/InterestSplitPrompt.tsx:12:3)

[90mstderr[2m | src/components/interestSplit/InterestSplitPrompt.test.tsx[2m > [22m[2mInterestSplitPrompt[2m > [22m[2muser interactions[2m > [22m[2mshould allow manual amount adjustment
[22m[39mWarning: An update to InterestSplitPrompt inside a test was not wrapped in act(...).

When testing, code that causes React state updates should be wrapped into act(...):

act(() => {
  /* fire events that update state */
});
/* assert on the output */

This ensures that you're testing the behavior the user would see in the browser. Learn more at https://reactjs.org/link/wrap-tests-with-act
    at InterestSplitPrompt (C:/Users/Admin/graceful_books/src/components/interestSplit/InterestSplitPrompt.tsx:12:3)
Warning: An update to InterestSplitPrompt inside a test was not wrapped in act(...).

When testing, code that causes React state updates should be wrapped into act(...):

act(() => {
  /* fire events that update state */
});
/* assert on the output */

This ensures that you're testing the behavior the user would see in the browser. Learn more at https://reactjs.org/link/wrap-tests-with-act
    at InterestSplitPrompt (C:/Users/Admin/graceful_books/src/components/interestSplit/InterestSplitPrompt.tsx:12:3)

[90mstderr[2m | src/components/interestSplit/InterestSplitPrompt.test.tsx[2m > [22m[2mInterestSplitPrompt[2m > [22m[2muser interactions[2m > [22m[2mshould allow manual amount adjustment
[22m[39mWarning: An update to InterestSplitPrompt inside a test was not wrapped in act(...).

When testing, code that causes React state updates should be wrapped into act(...):

act(() => {
  /* fire events that update state */
});
/* assert on the output */

This ensures that you're testing the behavior the user would see in the browser. Learn more at https://reactjs.org/link/wrap-tests-with-act
    at InterestSplitPrompt (C:/Users/Admin/graceful_books/src/components/interestSplit/InterestSplitPrompt.tsx:12:3)
Warning: An update to InterestSplitPrompt inside a test was not wrapped in act(...).

When testing, code that causes React state updates should be wrapped into act(...):

act(() => {
  /* fire events that update state */
});
/* assert on the output */

This ensures that you're testing the behavior the user would see in the browser. Learn more at https://reactjs.org/link/wrap-tests-with-act
    at InterestSplitPrompt (C:/Users/Admin/graceful_books/src/components/interestSplit/InterestSplitPrompt.tsx:12:3)

[90mstderr[2m | src/components/interestSplit/InterestSplitPrompt.test.tsx[2m > [22m[2mInterestSplitPrompt[2m > [22m[2muser interactions[2m > [22m[2mshould allow manual amount adjustment
[22m[39mWarning: An update to InterestSplitPrompt inside a test was not wrapped in act(...).

When testing, code that causes React state updates should be wrapped into act(...):

act(() => {
  /* fire events that update state */
});
/* assert on the output */

This ensures that you're testing the behavior the user would see in the browser. Learn more at https://reactjs.org/link/wrap-tests-with-act
    at InterestSplitPrompt (C:/Users/Admin/graceful_books/src/components/interestSplit/InterestSplitPrompt.tsx:12:3)
Warning: An update to InterestSplitPrompt inside a test was not wrapped in act(...).

When testing, code that causes React state updates should be wrapped into act(...):

act(() => {
  /* fire events that update state */
});
/* assert on the output */

This ensures that you're testing the behavior the user would see in the browser. Learn more at https://reactjs.org/link/wrap-tests-with-act
    at InterestSplitPrompt (C:/Users/Admin/graceful_books/src/components/interestSplit/InterestSplitPrompt.tsx:12:3)

[90mstderr[2m | src/components/interestSplit/InterestSplitPrompt.test.tsx[2m > [22m[2mInterestSplitPrompt[2m > [22m[2muser interactions[2m > [22m[2mshould allow manual amount adjustment
[22m[39mWarning: An update to InterestSplitPrompt inside a test was not wrapped in act(...).

When testing, code that causes React state updates should be wrapped into act(...):

act(() => {
  /* fire events that update state */
});
/* assert on the output */

This ensures that you're testing the behavior the user would see in the browser. Learn more at https://reactjs.org/link/wrap-tests-with-act
    at InterestSplitPrompt (C:/Users/Admin/graceful_books/src/components/interestSplit/InterestSplitPrompt.tsx:12:3)
Warning: An update to InterestSplitPrompt inside a test was not wrapped in act(...).

When testing, code that causes React state updates should be wrapped into act(...):

act(() => {
  /* fire events that update state */
});
/* assert on the output */

This ensures that you're testing the behavior the user would see in the browser. Learn more at https://reactjs.org/link/wrap-tests-with-act
    at InterestSplitPrompt (C:/Users/Admin/graceful_books/src/components/interestSplit/InterestSplitPrompt.tsx:12:3)

[90mstderr[2m | src/components/interestSplit/InterestSplitPrompt.test.tsx[2m > [22m[2mInterestSplitPrompt[2m > [22m[2muser interactions[2m > [22m[2mshould allow manual amount adjustment
[22m[39mWarning: An update to InterestSplitPrompt inside a test was not wrapped in act(...).

When testing, code that causes React state updates should be wrapped into act(...):

act(() => {
  /* fire events that update state */
});
/* assert on the output */

This ensures that you're testing the behavior the user would see in the browser. Learn more at https://reactjs.org/link/wrap-tests-with-act
    at InterestSplitPrompt (C:/Users/Admin/graceful_books/src/components/interestSplit/InterestSplitPrompt.tsx:12:3)
Warning: An update to InterestSplitPrompt inside a test was not wrapped in act(...).

When testing, code that causes React state updates should be wrapped into act(...):

act(() => {
  /* fire events that update state */
});
/* assert on the output */

This ensures that you're testing the behavior the user would see in the browser. Learn more at https://reactjs.org/link/wrap-tests-with-act
    at InterestSplitPrompt (C:/Users/Admin/graceful_books/src/components/interestSplit/InterestSplitPrompt.tsx:12:3)

[90mstderr[2m | src/components/interestSplit/InterestSplitPrompt.test.tsx[2m > [22m[2mInterestSplitPrompt[2m > [22m[2muser interactions[2m > [22m[2mshould allow manual amount adjustment
[22m[39mWarning: An update to InterestSplitPrompt inside a test was not wrapped in act(...).

When testing, code that causes React state updates should be wrapped into act(...):

act(() => {
  /* fire events that update state */
});
/* assert on the output */

This ensures that you're testing the behavior the user would see in the browser. Learn more at https://reactjs.org/link/wrap-tests-with-act
    at InterestSplitPrompt (C:/Users/Admin/graceful_books/src/components/interestSplit/InterestSplitPrompt.tsx:12:3)
Warning: An update to InterestSplitPrompt inside a test was not wrapped in act(...).

When testing, code that causes React state updates should be wrapped into act(...):

act(() => {
  /* fire events that update state */
});
/* assert on the output */

This ensures that you're testing the behavior the user would see in the browser. Learn more at https://reactjs.org/link/wrap-tests-with-act
    at InterestSplitPrompt (C:/Users/Admin/graceful_books/src/components/interestSplit/InterestSplitPrompt.tsx:12:3)

[90mstderr[2m | src/components/interestSplit/InterestSplitPrompt.test.tsx[2m > [22m[2mInterestSplitPrompt[2m > [22m[2muser interactions[2m > [22m[2mshould allow manual amount adjustment
[22m[39mWarning: An update to InterestSplitPrompt inside a test was not wrapped in act(...).

When testing, code that causes React state updates should be wrapped into act(...):

act(() => {
  /* fire events that update state */
});
/* assert on the output */

This ensures that you're testing the behavior the user would see in the browser. Learn more at https://reactjs.org/link/wrap-tests-with-act
    at InterestSplitPrompt (C:/Users/Admin/graceful_books/src/components/interestSplit/InterestSplitPrompt.tsx:12:3)
Warning: An update to InterestSplitPrompt inside a test was not wrapped in act(...).

When testing, code that causes React state updates should be wrapped into act(...):

act(() => {
  /* fire events that update state */
});
/* assert on the output */

This ensures that you're testing the behavior the user would see in the browser. Learn more at https://reactjs.org/link/wrap-tests-with-act
    at InterestSplitPrompt (C:/Users/Admin/graceful_books/src/components/interestSplit/InterestSplitPrompt.tsx:12:3)

[90mstderr[2m | src/components/interestSplit/InterestSplitPrompt.test.tsx[2m > [22m[2mInterestSplitPrompt[2m > [22m[2muser interactions[2m > [22m[2mshould validate manual amounts before submission
[22m[39mWarning: An update to InterestSplitPrompt inside a test was not wrapped in act(...).

When testing, code that causes React state updates should be wrapped into act(...):

act(() => {
  /* fire events that update state */
});
/* assert on the output */

This ensures that you're testing the behavior the user would see in the browser. Learn more at https://reactjs.org/link/wrap-tests-with-act
    at InterestSplitPrompt (C:/Users/Admin/graceful_books/src/components/interestSplit/InterestSplitPrompt.tsx:12:3)

[90mstderr[2m | src/components/interestSplit/InterestSplitPrompt.test.tsx[2m > [22m[2mInterestSplitPrompt[2m > [22m[2muser interactions[2m > [22m[2mshould validate manual amounts before submission
[22m[39mWarning: An update to InterestSplitPrompt inside a test was not wrapped in act(...).

When testing, code that causes React state updates should be wrapped into act(...):

act(() => {
  /* fire events that update state */
});
/* assert on the output */

This ensures that you're testing the behavior the user would see in the browser. Learn more at https://reactjs.org/link/wrap-tests-with-act
    at InterestSplitPrompt (C:/Users/Admin/graceful_books/src/components/interestSplit/InterestSplitPrompt.tsx:12:3)

[90mstderr[2m | src/components/interestSplit/InterestSplitPrompt.test.tsx[2m > [22m[2mInterestSplitPrompt[2m > [22m[2muser interactions[2m > [22m[2mshould validate manual amounts before submission
[22m[39mWarning: An update to InterestSplitPrompt inside a test was not wrapped in act(...).

When testing, code that causes React state updates should be wrapped into act(...):

act(() => {
  /* fire events that update state */
});
/* assert on the output */

This ensures that you're testing the behavior the user would see in the browser. Learn more at https://reactjs.org/link/wrap-tests-with-act
    at InterestSplitPrompt (C:/Users/Admin/graceful_books/src/components/interestSplit/InterestSplitPrompt.tsx:12:3)
Warning: An update to InterestSplitPrompt inside a test was not wrapped in act(...).

When testing, code that causes React state updates should be wrapped into act(...):

act(() => {
  /* fire events that update state */
});
/* assert on the output */

This ensures that you're testing the behavior the user would see in the browser. Learn more at https://reactjs.org/link/wrap-tests-with-act
    at InterestSplitPrompt (C:/Users/Admin/graceful_books/src/components/interestSplit/InterestSplitPrompt.tsx:12:3)

[90mstderr[2m | src/components/interestSplit/InterestSplitPrompt.test.tsx[2m > [22m[2mInterestSplitPrompt[2m > [22m[2muser interactions[2m > [22m[2mshould validate manual amounts before submission
[22m[39mWarning: An update to InterestSplitPrompt inside a test was not wrapped in act(...).

When testing, code that causes React state updates should be wrapped into act(...):

act(() => {
  /* fire events that update state */
});
/* assert on the output */

This ensures that you're testing the behavior the user would see in the browser. Learn more at https://reactjs.org/link/wrap-tests-with-act
    at InterestSplitPrompt (C:/Users/Admin/graceful_books/src/components/interestSplit/InterestSplitPrompt.tsx:12:3)
Warning: An update to InterestSplitPrompt inside a test was not wrapped in act(...).

When testing, code that causes React state updates should be wrapped into act(...):

act(() => {
  /* fire events that update state */
});
/* assert on the output */

This ensures that you're testing the behavior the user would see in the browser. Learn more at https://reactjs.org/link/wrap-tests-with-act
    at InterestSplitPrompt (C:/Users/Admin/graceful_books/src/components/interestSplit/InterestSplitPrompt.tsx:12:3)

[90mstderr[2m | src/components/interestSplit/InterestSplitPrompt.test.tsx[2m > [22m[2mInterestSplitPrompt[2m > [22m[2muser interactions[2m > [22m[2mshould validate manual amounts before submission
[22m[39mWarning: An update to InterestSplitPrompt inside a test was not wrapped in act(...).

When testing, code that causes React state updates should be wrapped into act(...):

act(() => {
  /* fire events that update state */
});
/* assert on the output */

This ensures that you're testing the behavior the user would see in the browser. Learn more at https://reactjs.org/link/wrap-tests-with-act
    at InterestSplitPrompt (C:/Users/Admin/graceful_books/src/components/interestSplit/InterestSplitPrompt.tsx:12:3)
Warning: An update to InterestSplitPrompt inside a test was not wrapped in act(...).

When testing, code that causes React state updates should be wrapped into act(...):

act(() => {
  /* fire events that update state */
});
/* assert on the output */

This ensures that you're testing the behavior the user would see in the browser. Learn more at https://reactjs.org/link/wrap-tests-with-act
    at InterestSplitPrompt (C:/Users/Admin/graceful_books/src/components/interestSplit/InterestSplitPrompt.tsx:12:3)

[90mstderr[2m | src/components/interestSplit/InterestSplitPrompt.test.tsx[2m > [22m[2mInterestSplitPrompt[2m > [22m[2muser interactions[2m > [22m[2mshould validate manual amounts before submission
[22m[39mWarning: An update to InterestSplitPrompt inside a test was not wrapped in act(...).

When testing, code that causes React state updates should be wrapped into act(...):

act(() => {
  /* fire events that update state */
});
/* assert on the output */

This ensures that you're testing the behavior the user would see in the browser. Learn more at https://reactjs.org/link/wrap-tests-with-act
    at InterestSplitPrompt (C:/Users/Admin/graceful_books/src/components/interestSplit/InterestSplitPrompt.tsx:12:3)
Warning: An update to InterestSplitPrompt inside a test was not wrapped in act(...).

When testing, code that causes React state updates should be wrapped into act(...):

act(() => {
  /* fire events that update state */
});
/* assert on the output */

This ensures that you're testing the behavior the user would see in the browser. Learn more at https://reactjs.org/link/wrap-tests-with-act
    at InterestSplitPrompt (C:/Users/Admin/graceful_books/src/components/interestSplit/InterestSplitPrompt.tsx:12:3)

 [31m❯[39m src/components/interestSplit/InterestSplitPrompt.test.tsx [2m([22m[2m18 tests[22m[2m | [22m[31m6 failed[39m[2m)[22m[33m 3378[2mms[22m[39m
       [33m[2m✓[22m[39m should render when open [33m 458[2mms[22m[39m
       [32m✓[39m should not render when closed[32m 7[2mms[22m[39m
[31m       [31m×[31m should display suggested principal and interest amounts[39m[32m 92[2mms[22m[39m
       [32m✓[39m should display confidence level[32m 39[2mms[22m[39m
       [32m✓[39m should display tax benefit note[32m 78[2mms[22m[39m
       [32m✓[39m should show Dominance-style messaging[32m 24[2mms[22m[39m
[31m       [31m×[31m should show Influence-style messaging[39m[32m 36[2mms[22m[39m
[31m       [31m×[31m should show Steadiness-style messaging[39m[32m 40[2mms[22m[39m
       [32m✓[39m should show Conscientiousness-style messaging with details[32m 58[2mms[22m[39m
       [32m✓[39m should call onDecision with SPLIT_NOW when split button clicked[32m 266[2mms[22m[39m
       [32m✓[39m should call onDecision with DEFER_TO_CHECKLIST when defer button clicked[32m 130[2mms[22m[39m
       [32m✓[39m should call onDecision with SKIP when skip button clicked[32m 131[2mms[22m[39m
[31m       [31m×[31m should allow manual amount adjustment[39m[33m 865[2mms[22m[39m
       [33m[2m✓[22m[39m should validate manual amounts before submission [33m 415[2mms[22m[39m
       [32m✓[39m should have proper ARIA labels[32m 51[2mms[22m[39m
[31m       [31m×[31m should support keyboard navigation[39m[32m 119[2mms[22m[39m
[31m       [31m×[31m should disable all buttons when loading[39m[33m 513[2mms[22m[39m
       [32m✓[39m should display error message when provided[32m 44[2mms[22m[39m
[90mstdout[2m | src/services/auditLogExtended.perf.test.ts[2m > [22m[2mExtended Audit Log Performance Tests
[22m[39m  Seeded 31000/100000 entries...

[90mstderr[2m | src/crypto/keyDerivation.test.ts[2m > [22m[2mKey Derivation Module[2m > [22m[2mderiveMasterKey[2m > [22m[2mshould derive a master key from passphrase
[22m[39mArgon2 not available, falling back to PBKDF2 (less secure)

[90mstderr[2m | src/crypto/keyDerivation.test.ts[2m > [22m[2mKey Derivation Module[2m > [22m[2mderiveMasterKey[2m > [22m[2mshould include derivation params in result
[22m[39mArgon2 not available, falling back to PBKDF2 (less secure)

[90mstderr[2m | src/crypto/keyDerivation.test.ts[2m > [22m[2mKey Derivation Module[2m > [22m[2mderiveMasterKey[2m > [22m[2mshould use provided salt
[22m[39mArgon2 not available, falling back to PBKDF2 (less secure)

[90mstderr[2m | src/crypto/keyDerivation.test.ts[2m > [22m[2mKey Derivation Module[2m > [22m[2mderiveMasterKey[2m > [22m[2mshould accept custom derivation params
[22m[39mArgon2 not available, falling back to PBKDF2 (less secure)

 [31m❯[39m src/crypto/keyDerivation.test.ts [2m([22m[2m38 tests[22m[2m | [22m[31m23 failed[39m[2m)[22m[33m 2553[2mms[22m[39m
       [32m✓[39m should generate salt of default length[32m 7[2mms[22m[39m
       [32m✓[39m should generate salt of custom length[32m 1[2mms[22m[39m
       [32m✓[39m should generate different salts[32m 2[2mms[22m[39m
       [32m✓[39m should generate cryptographically random salt[32m 1[2mms[22m[39m
       [33m[2m✓[22m[39m should derive a master key from passphrase [33m 576[2mms[22m[39m
       [33m[2m✓[22m[39m should include derivation params in result [33m 605[2mms[22m[39m
       [32m✓[39m should fail with empty passphrase[32m 3[2mms[22m[39m
       [33m[2m✓[22m[39m should use provided salt [33m 627[2mms[22m[39m
       [33m[2m✓[22m[39m should accept custom derivation params [33m 630[2mms[22m[39m
[31m       [31m×[31m should fail with insufficient memory cost[39m[32m 21[2mms[22m[39m
[31m       [31m×[31m should fail with insufficient time cost[39m[32m 3[2mms[22m[39m
[31m       [31m×[31m should fail with wrong key length[39m[32m 2[2mms[22m[39m
[31m       [31m×[31m should generate deterministic key with same passphrase and salt[39m[32m 11[2mms[22m[39m
[31m       [31m×[31m should generate different keys with different salts[39m[32m 2[2mms[22m[39m
[31m       [31m×[31m should generate different keys with different passphrases[39m[32m 2[2mms[22m[39m
[31m       [31m×[31m should handle Unicode passphrases[39m[32m 1[2mms[22m[39m
[31m       [31m×[31m should handle very long passphrases[39m[32m 1[2mms[22m[39m
[31m       [31m×[31m should rederive the same key with same params[39m[32m 2[2mms[22m[39m
[31m       [31m×[31m should fail with wrong passphrase[39m[32m 3[2mms[22m[39m
[31m       [31m×[31m should verify correct passphrase[39m[32m 1[2mms[22m[39m
[31m       [31m×[31m should reject incorrect passphrase[39m[32m 4[2mms[22m[39m
[31m       [31m×[31m should handle verification errors gracefully[39m[32m 1[2mms[22m[39m
[31m       [31m×[31m should use constant-time comparison[39m[32m 1[2mms[22m[39m
       [32m✓[39m should return valid parameters[32m 1[2mms[22m[39m
       [32m✓[39m should respect target time[32m 1[2mms[22m[39m
       [32m✓[39m should handle benchmark failures gracefully[32m 5[2mms[22m[39m
       [32m✓[39m should overwrite data with zeros[32m 1[2mms[22m[39m
       [32m✓[39m should handle empty arrays[32m 2[2mms[22m[39m
       [32m✓[39m should handle large arrays[32m 5[2mms[22m[39m
[31m       [31m×[31m should clear all sensitive data from master key[39m[32m 1[2mms[22m[39m
[31m       [31m×[31m should produce keys with high entropy[39m[32m 1[2mms[22m[39m
[31m       [31m×[31m should resist rainbow table attacks (unique salt per key)[39m[32m 11[2mms[22m[39m
[31m       [31m×[31m should meet minimum security requirements[39m[32m 1[2mms[22m[39m
[31m       [31m×[31m should handle passphrases with special characters[39m[32m 2[2mms[22m[39m
[31m       [31m×[31m should handle passphrases with whitespace[39m[32m 1[2mms[22m[39m
[31m       [31m×[31m should handle passphrases with newlines and tabs[39m[32m 1[2mms[22m[39m
[31m       [31m×[31m should handle numeric passphrases[39m[32m 1[2mms[22m[39m
[31m       [31m×[31m should treat similar passphrases as different[39m[32m 1[2mms[22m[39m
[90mstdout[2m | src/services/portalService.test.ts[2m > [22m[2mPortalService[2m > [22m[2mcreatePortalToken[2m > [22m[2mshould create a portal token with 64-character token
[22m[39m[PortalService] Created portal token {
  tokenId: [32m'dtZyEj_7Iq6MIvv5I-T5Y'[39m,
  invoiceId: [32m'aj4WsODT3Bo0p7bd2ogGx'[39m,
  email: [32m'customer@example.com'[39m
}

[90mstdout[2m | src/services/portalService.test.ts[2m > [22m[2mPortalService[2m > [22m[2mcreatePortalToken[2m > [22m[2mshould set expiration to 90 days from creation
[22m[39m[PortalService] Created portal token {
  tokenId: [32m'v6c-ZdhnkYHt8CTQVX9Cg'[39m,
  invoiceId: [32m'aj4WsODT3Bo0p7bd2ogGx'[39m,
  email: [32m'customer@example.com'[39m
}

[90mstdout[2m | src/services/portalService.test.ts[2m > [22m[2mPortalService[2m > [22m[2mcreatePortalToken[2m > [22m[2mshould reuse existing valid token for same invoice and email
[22m[39m[PortalService] Created portal token {
  tokenId: [32m'3scR-M7pjr_gcWspNJ7UR'[39m,
  invoiceId: [32m'aj4WsODT3Bo0p7bd2ogGx'[39m,
  email: [32m'customer@example.com'[39m
}

[90mstdout[2m | src/services/portalService.test.ts[2m > [22m[2mPortalService[2m > [22m[2mcreatePortalToken[2m > [22m[2mshould reuse existing valid token for same invoice and email
[22m[39m[PortalService] Reusing existing valid portal token {
  tokenId: [32m'3scR-M7pjr_gcWspNJ7UR'[39m,
  invoiceId: [32m'aj4WsODT3Bo0p7bd2ogGx'[39m
}

[90mstdout[2m | src/services/portalService.test.ts[2m > [22m[2mPortalService[2m > [22m[2mvalidateToken[2m > [22m[2mshould validate a valid token
[22m[39m[PortalService] Created portal token {
  tokenId: [32m'cr8aiEymM5bHJm4uVyXIt'[39m,
  invoiceId: [32m'aj4WsODT3Bo0p7bd2ogGx'[39m,
  email: [32m'customer@example.com'[39m
}

[90mstdout[2m | src/services/portalService.test.ts[2m > [22m[2mPortalService[2m > [22m[2mvalidateToken[2m > [22m[2mshould validate a valid token
[22m[39m[PortalService] Token validated successfully {
  tokenId: [32m'cr8aiEymM5bHJm4uVyXIt'[39m,
  invoiceId: [32m'aj4WsODT3Bo0p7bd2ogGx'[39m,
  accessCount: [33m1[39m
}

[90mstdout[2m | src/services/portalService.test.ts[2m > [22m[2mPortalService[2m > [22m[2mvalidateToken[2m > [22m[2mshould increment access count on validation
[22m[39m[PortalService] Created portal token {
  tokenId: [32m'cgQwf8zcHK-269qmUwNQV'[39m,
  invoiceId: [32m'aj4WsODT3Bo0p7bd2ogGx'[39m,
  email: [32m'customer@example.com'[39m
}

[90mstdout[2m | src/services/portalService.test.ts[2m > [22m[2mPortalService[2m > [22m[2mvalidateToken[2m > [22m[2mshould increment access count on validation
[22m[39m[PortalService] Token validated successfully {
  tokenId: [32m'cgQwf8zcHK-269qmUwNQV'[39m,
  invoiceId: [32m'aj4WsODT3Bo0p7bd2ogGx'[39m,
  accessCount: [33m1[39m
}

[90mstdout[2m | src/services/portalService.test.ts[2m > [22m[2mPortalService[2m > [22m[2mvalidateToken[2m > [22m[2mshould increment access count on validation
[22m[39m[PortalService] Token validated successfully {
  tokenId: [32m'cgQwf8zcHK-269qmUwNQV'[39m,
  invoiceId: [32m'aj4WsODT3Bo0p7bd2ogGx'[39m,
  accessCount: [33m2[39m
}

[90mstdout[2m | src/services/portalService.test.ts[2m > [22m[2mPortalService[2m > [22m[2mvalidateToken[2m > [22m[2mshould update last_accessed_at timestamp
[22m[39m[PortalService] Created portal token {
  tokenId: [32m'U9L3IO88o6MICCLtfE4Ho'[39m,
  invoiceId: [32m'aj4WsODT3Bo0p7bd2ogGx'[39m,
  email: [32m'customer@example.com'[39m
}

[90mstdout[2m | src/services/portalService.test.ts[2m > [22m[2mPortalService[2m > [22m[2mvalidateToken[2m > [22m[2mshould update last_accessed_at timestamp
[22m[39m[PortalService] Token validated successfully {
  tokenId: [32m'U9L3IO88o6MICCLtfE4Ho'[39m,
  invoiceId: [32m'aj4WsODT3Bo0p7bd2ogGx'[39m,
  accessCount: [33m1[39m
}

[90mstderr[2m | src/services/portalService.test.ts[2m > [22m[2mPortalService[2m > [22m[2mvalidateToken[2m > [22m[2mshould fail for non-existent token
[22m[39m[PortalService] Token not found { token: [32m'non-exis...'[39m }

[90mstdout[2m | src/services/portalService.test.ts[2m > [22m[2mPortalService[2m > [22m[2mvalidateToken[2m > [22m[2mshould fail for expired token
[22m[39m[PortalService] Created portal token {
  tokenId: [32m'X5yXjic8Gp_H7Y2XiQphE'[39m,
  invoiceId: [32m'aj4WsODT3Bo0p7bd2ogGx'[39m,
  email: [32m'customer@example.com'[39m
}

[90mstderr[2m | src/services/portalService.test.ts[2m > [22m[2mPortalService[2m > [22m[2mvalidateToken[2m > [22m[2mshould fail for expired token
[22m[39m[PortalService] Token is invalid {
  tokenId: [32m'X5yXjic8Gp_H7Y2XiQphE'[39m,
  expired: [33mtrue[39m,
  revoked: [33mfalse[39m,
  deleted: [33mfalse[39m
}

[90mstdout[2m | src/services/portalService.test.ts[2m > [22m[2mPortalService[2m > [22m[2mvalidateToken[2m > [22m[2mshould fail for revoked token
[22m[39m[PortalService] Created portal token {
  tokenId: [32m'xiVIh0XtkC5Fhn3wN-3XJ'[39m,
  invoiceId: [32m'aj4WsODT3Bo0p7bd2ogGx'[39m,
  email: [32m'customer@example.com'[39m
}

[90mstdout[2m | src/services/portalService.test.ts[2m > [22m[2mPortalService[2m > [22m[2mvalidateToken[2m > [22m[2mshould fail for revoked token
[22m[39m[PortalService] Revoked portal token { tokenId: [32m'xiVIh0XtkC5Fhn3wN-3XJ'[39m }

[90mstderr[2m | src/services/portalService.test.ts[2m > [22m[2mPortalService[2m > [22m[2mvalidateToken[2m > [22m[2mshould fail for revoked token
[22m[39m[PortalService] Token is invalid {
  tokenId: [32m'xiVIh0XtkC5Fhn3wN-3XJ'[39m,
  expired: [33mfalse[39m,
  revoked: [33mtrue[39m,
  deleted: [33mfalse[39m
}

[90mstdout[2m | src/services/portalService.test.ts[2m > [22m[2mPortalService[2m > [22m[2mvalidateToken[2m > [22m[2mshould enforce rate limiting at 100 requests/hour
[22m[39m[PortalService] Created portal token {
  tokenId: [32m'em5N69oEeIz5N6CQ8nUz9'[39m,
  invoiceId: [32m'aj4WsODT3Bo0p7bd2ogGx'[39m,
  email: [32m'customer@example.com'[39m
}

[90mstdout[2m | src/services/portalService.test.ts[2m > [22m[2mPortalService[2m > [22m[2mvalidateToken[2m > [22m[2mshould enforce rate limiting at 100 requests/hour
[22m[39m[PortalService] Token validated successfully {
  tokenId: [32m'em5N69oEeIz5N6CQ8nUz9'[39m,
  invoiceId: [32m'aj4WsODT3Bo0p7bd2ogGx'[39m,
  accessCount: [33m1[39m
}

[90mstdout[2m | src/services/portalService.test.ts[2m > [22m[2mPortalService[2m > [22m[2mvalidateToken[2m > [22m[2mshould enforce rate limiting at 100 requests/hour
[22m[39m[PortalService] Token validated successfully {
  tokenId: [32m'em5N69oEeIz5N6CQ8nUz9'[39m,
  invoiceId: [32m'aj4WsODT3Bo0p7bd2ogGx'[39m,
  accessCount: [33m2[39m
}

[90mstdout[2m | src/services/portalService.test.ts[2m > [22m[2mPortalService[2m > [22m[2mvalidateToken[2m > [22m[2mshould enforce rate limiting at 100 requests/hour
[22m[39m[PortalService] Token validated successfully {
  tokenId: [32m'em5N69oEeIz5N6CQ8nUz9'[39m,
  invoiceId: [32m'aj4WsODT3Bo0p7bd2ogGx'[39m,
  accessCount: [33m3[39m
}

[90mstdout[2m | src/services/portalService.test.ts[2m > [22m[2mPortalService[2m > [22m[2mvalidateToken[2m > [22m[2mshould enforce rate limiting at 100 requests/hour
[22m[39m[PortalService] Token validated successfully {
  tokenId: [32m'em5N69oEeIz5N6CQ8nUz9'[39m,
  invoiceId: [32m'aj4WsODT3Bo0p7bd2ogGx'[39m,
  accessCount: [33m4[39m
}

[90mstdout[2m | src/services/portalService.test.ts[2m > [22m[2mPortalService[2m > [22m[2mvalidateToken[2m > [22m[2mshould enforce rate limiting at 100 requests/hour
[22m[39m[PortalService] Token validated successfully {
  tokenId: [32m'em5N69oEeIz5N6CQ8nUz9'[39m,
  invoiceId: [32m'aj4WsODT3Bo0p7bd2ogGx'[39m,
  accessCount: [33m5[39m
}

[90mstdout[2m | src/services/portalService.test.ts[2m > [22m[2mPortalService[2m > [22m[2mvalidateToken[2m > [22m[2mshould enforce rate limiting at 100 requests/hour
[22m[39m[PortalService] Token validated successfully {
  tokenId: [32m'em5N69oEeIz5N6CQ8nUz9'[39m,
  invoiceId: [32m'aj4WsODT3Bo0p7bd2ogGx'[39m,
  accessCount: [33m6[39m
}

[90mstdout[2m | src/services/portalService.test.ts[2m > [22m[2mPortalService[2m > [22m[2mvalidateToken[2m > [22m[2mshould enforce rate limiting at 100 requests/hour
[22m[39m[PortalService] Token validated successfully {
  tokenId: [32m'em5N69oEeIz5N6CQ8nUz9'[39m,
  invoiceId: [32m'aj4WsODT3Bo0p7bd2ogGx'[39m,
  accessCount: [33m7[39m
}

[90mstdout[2m | src/services/portalService.test.ts[2m > [22m[2mPortalService[2m > [22m[2mvalidateToken[2m > [22m[2mshould enforce rate limiting at 100 requests/hour
[22m[39m[PortalService] Token validated successfully {
  tokenId: [32m'em5N69oEeIz5N6CQ8nUz9'[39m,
  invoiceId: [32m'aj4WsODT3Bo0p7bd2ogGx'[39m,
  accessCount: [33m8[39m
}

[90mstdout[2m | src/services/portalService.test.ts[2m > [22m[2mPortalService[2m > [22m[2mvalidateToken[2m > [22m[2mshould enforce rate limiting at 100 requests/hour
[22m[39m[PortalService] Token validated successfully {
  tokenId: [32m'em5N69oEeIz5N6CQ8nUz9'[39m,
  invoiceId: [32m'aj4WsODT3Bo0p7bd2ogGx'[39m,
  accessCount: [33m9[39m
}

[90mstdout[2m | src/services/portalService.test.ts[2m > [22m[2mPortalService[2m > [22m[2mvalidateToken[2m > [22m[2mshould enforce rate limiting at 100 requests/hour
[22m[39m[PortalService] Token validated successfully {
  tokenId: [32m'em5N69oEeIz5N6CQ8nUz9'[39m,
  invoiceId: [32m'aj4WsODT3Bo0p7bd2ogGx'[39m,
  accessCount: [33m10[39m
}

[90mstdout[2m | src/services/portalService.test.ts[2m > [22m[2mPortalService[2m > [22m[2mvalidateToken[2m > [22m[2mshould enforce rate limiting at 100 requests/hour
[22m[39m[PortalService] Token validated successfully {
  tokenId: [32m'em5N69oEeIz5N6CQ8nUz9'[39m,
  invoiceId: [32m'aj4WsODT3Bo0p7bd2ogGx'[39m,
  accessCount: [33m11[39m
}

[90mstdout[2m | src/services/portalService.test.ts[2m > [22m[2mPortalService[2m > [22m[2mvalidateToken[2m > [22m[2mshould enforce rate limiting at 100 requests/hour
[22m[39m[PortalService] Token validated successfully {
  tokenId: [32m'em5N69oEeIz5N6CQ8nUz9'[39m,
  invoiceId: [32m'aj4WsODT3Bo0p7bd2ogGx'[39m,
  accessCount: [33m12[39m
}

[90mstdout[2m | src/services/portalService.test.ts[2m > [22m[2mPortalService[2m > [22m[2mvalidateToken[2m > [22m[2mshould enforce rate limiting at 100 requests/hour
[22m[39m[PortalService] Token validated successfully {
  tokenId: [32m'em5N69oEeIz5N6CQ8nUz9'[39m,
  invoiceId: [32m'aj4WsODT3Bo0p7bd2ogGx'[39m,
  accessCount: [33m13[39m
}

[90mstdout[2m | src/services/portalService.test.ts[2m > [22m[2mPortalService[2m > [22m[2mvalidateToken[2m > [22m[2mshould enforce rate limiting at 100 requests/hour
[22m[39m[PortalService] Token validated successfully {
  tokenId: [32m'em5N69oEeIz5N6CQ8nUz9'[39m,
  invoiceId: [32m'aj4WsODT3Bo0p7bd2ogGx'[39m,
  accessCount: [33m14[39m
}

[90mstdout[2m | src/services/portalService.test.ts[2m > [22m[2mPortalService[2m > [22m[2mvalidateToken[2m > [22m[2mshould enforce rate limiting at 100 requests/hour
[22m[39m[PortalService] Token validated successfully {
  tokenId: [32m'em5N69oEeIz5N6CQ8nUz9'[39m,
  invoiceId: [32m'aj4WsODT3Bo0p7bd2ogGx'[39m,
  accessCount: [33m15[39m
}

[90mstdout[2m | src/services/portalService.test.ts[2m > [22m[2mPortalService[2m > [22m[2mvalidateToken[2m > [22m[2mshould enforce rate limiting at 100 requests/hour
[22m[39m[PortalService] Token validated successfully {
  tokenId: [32m'em5N69oEeIz5N6CQ8nUz9'[39m,
  invoiceId: [32m'aj4WsODT3Bo0p7bd2ogGx'[39m,
  accessCount: [33m16[39m
}

[90mstdout[2m | src/services/portalService.test.ts[2m > [22m[2mPortalService[2m > [22m[2mvalidateToken[2m > [22m[2mshould enforce rate limiting at 100 requests/hour
[22m[39m[PortalService] Token validated successfully {
  tokenId: [32m'em5N69oEeIz5N6CQ8nUz9'[39m,
  invoiceId: [32m'aj4WsODT3Bo0p7bd2ogGx'[39m,
  accessCount: [33m17[39m
}

[90mstdout[2m | src/services/portalService.test.ts[2m > [22m[2mPortalService[2m > [22m[2mvalidateToken[2m > [22m[2mshould enforce rate limiting at 100 requests/hour
[22m[39m[PortalService] Token validated successfully {
  tokenId: [32m'em5N69oEeIz5N6CQ8nUz9'[39m,
  invoiceId: [32m'aj4WsODT3Bo0p7bd2ogGx'[39m,
  accessCount: [33m18[39m
}

[90mstdout[2m | src/services/portalService.test.ts[2m > [22m[2mPortalService[2m > [22m[2mvalidateToken[2m > [22m[2mshould enforce rate limiting at 100 requests/hour
[22m[39m[PortalService] Token validated successfully {
  tokenId: [32m'em5N69oEeIz5N6CQ8nUz9'[39m,
  invoiceId: [32m'aj4WsODT3Bo0p7bd2ogGx'[39m,
  accessCount: [33m19[39m
}

[90mstdout[2m | src/services/portalService.test.ts[2m > [22m[2mPortalService[2m > [22m[2mvalidateToken[2m > [22m[2mshould enforce rate limiting at 100 requests/hour
[22m[39m[PortalService] Token validated successfully {
  tokenId: [32m'em5N69oEeIz5N6CQ8nUz9'[39m,
  invoiceId: [32m'aj4WsODT3Bo0p7bd2ogGx'[39m,
  accessCount: [33m20[39m
}

[90mstdout[2m | src/services/portalService.test.ts[2m > [22m[2mPortalService[2m > [22m[2mvalidateToken[2m > [22m[2mshould enforce rate limiting at 100 requests/hour
[22m[39m[PortalService] Token validated successfully {
  tokenId: [32m'em5N69oEeIz5N6CQ8nUz9'[39m,
  invoiceId: [32m'aj4WsODT3Bo0p7bd2ogGx'[39m,
  accessCount: [33m21[39m
}

[90mstdout[2m | src/services/portalService.test.ts[2m > [22m[2mPortalService[2m > [22m[2mvalidateToken[2m > [22m[2mshould enforce rate limiting at 100 requests/hour
[22m[39m[PortalService] Token validated successfully {
  tokenId: [32m'em5N69oEeIz5N6CQ8nUz9'[39m,
  invoiceId: [32m'aj4WsODT3Bo0p7bd2ogGx'[39m,
  accessCount: [33m22[39m
}

[90mstdout[2m | src/services/portalService.test.ts[2m > [22m[2mPortalService[2m > [22m[2mvalidateToken[2m > [22m[2mshould enforce rate limiting at 100 requests/hour
[22m[39m[PortalService] Token validated successfully {
  tokenId: [32m'em5N69oEeIz5N6CQ8nUz9'[39m,
  invoiceId: [32m'aj4WsODT3Bo0p7bd2ogGx'[39m,
  accessCount: [33m23[39m
}

[90mstdout[2m | src/services/portalService.test.ts[2m > [22m[2mPortalService[2m > [22m[2mvalidateToken[2m > [22m[2mshould enforce rate limiting at 100 requests/hour
[22m[39m[PortalService] Token validated successfully {
  tokenId: [32m'em5N69oEeIz5N6CQ8nUz9'[39m,
  invoiceId: [32m'aj4WsODT3Bo0p7bd2ogGx'[39m,
  accessCount: [33m24[39m
}

[90mstdout[2m | src/services/portalService.test.ts[2m > [22m[2mPortalService[2m > [22m[2mvalidateToken[2m > [22m[2mshould enforce rate limiting at 100 requests/hour
[22m[39m[PortalService] Token validated successfully {
  tokenId: [32m'em5N69oEeIz5N6CQ8nUz9'[39m,
  invoiceId: [32m'aj4WsODT3Bo0p7bd2ogGx'[39m,
  accessCount: [33m25[39m
}

[90mstdout[2m | src/services/portalService.test.ts[2m > [22m[2mPortalService[2m > [22m[2mvalidateToken[2m > [22m[2mshould enforce rate limiting at 100 requests/hour
[22m[39m[PortalService] Token validated successfully {
  tokenId: [32m'em5N69oEeIz5N6CQ8nUz9'[39m,
  invoiceId: [32m'aj4WsODT3Bo0p7bd2ogGx'[39m,
  accessCount: [33m26[39m
}

[90mstdout[2m | src/services/portalService.test.ts[2m > [22m[2mPortalService[2m > [22m[2mvalidateToken[2m > [22m[2mshould enforce rate limiting at 100 requests/hour
[22m[39m[PortalService] Token validated successfully {
  tokenId: [32m'em5N69oEeIz5N6CQ8nUz9'[39m,
  invoiceId: [32m'aj4WsODT3Bo0p7bd2ogGx'[39m,
  accessCount: [33m27[39m
}

[90mstdout[2m | src/services/portalService.test.ts[2m > [22m[2mPortalService[2m > [22m[2mvalidateToken[2m > [22m[2mshould enforce rate limiting at 100 requests/hour
[22m[39m[PortalService] Token validated successfully {
  tokenId: [32m'em5N69oEeIz5N6CQ8nUz9'[39m,
  invoiceId: [32m'aj4WsODT3Bo0p7bd2ogGx'[39m,
  accessCount: [33m28[39m
}

[90mstdout[2m | src/services/portalService.test.ts[2m > [22m[2mPortalService[2m > [22m[2mvalidateToken[2m > [22m[2mshould enforce rate limiting at 100 requests/hour
[22m[39m[PortalService] Token validated successfully {
  tokenId: [32m'em5N69oEeIz5N6CQ8nUz9'[39m,
  invoiceId: [32m'aj4WsODT3Bo0p7bd2ogGx'[39m,
  accessCount: [33m29[39m
}

[90mstdout[2m | src/services/portalService.test.ts[2m > [22m[2mPortalService[2m > [22m[2mvalidateToken[2m > [22m[2mshould enforce rate limiting at 100 requests/hour
[22m[39m[PortalService] Token validated successfully {
  tokenId: [32m'em5N69oEeIz5N6CQ8nUz9'[39m,
  invoiceId: [32m'aj4WsODT3Bo0p7bd2ogGx'[39m,
  accessCount: [33m30[39m
}

[90mstdout[2m | src/services/portalService.test.ts[2m > [22m[2mPortalService[2m > [22m[2mvalidateToken[2m > [22m[2mshould enforce rate limiting at 100 requests/hour
[22m[39m[PortalService] Token validated successfully {
  tokenId: [32m'em5N69oEeIz5N6CQ8nUz9'[39m,
  invoiceId: [32m'aj4WsODT3Bo0p7bd2ogGx'[39m,
  accessCount: [33m31[39m
}

[90mstdout[2m | src/services/portalService.test.ts[2m > [22m[2mPortalService[2m > [22m[2mvalidateToken[2m > [22m[2mshould enforce rate limiting at 100 requests/hour
[22m[39m[PortalService] Token validated successfully {
  tokenId: [32m'em5N69oEeIz5N6CQ8nUz9'[39m,
  invoiceId: [32m'aj4WsODT3Bo0p7bd2ogGx'[39m,
  accessCount: [33m32[39m
}

[90mstdout[2m | src/services/portalService.test.ts[2m > [22m[2mPortalService[2m > [22m[2mvalidateToken[2m > [22m[2mshould enforce rate limiting at 100 requests/hour
[22m[39m[PortalService] Token validated successfully {
  tokenId: [32m'em5N69oEeIz5N6CQ8nUz9'[39m,
  invoiceId: [32m'aj4WsODT3Bo0p7bd2ogGx'[39m,
  accessCount: [33m33[39m
}

[90mstdout[2m | src/services/portalService.test.ts[2m > [22m[2mPortalService[2m > [22m[2mvalidateToken[2m > [22m[2mshould enforce rate limiting at 100 requests/hour
[22m[39m[PortalService] Token validated successfully {
  tokenId: [32m'em5N69oEeIz5N6CQ8nUz9'[39m,
  invoiceId: [32m'aj4WsODT3Bo0p7bd2ogGx'[39m,
  accessCount: [33m34[39m
}

[90mstdout[2m | src/services/portalService.test.ts[2m > [22m[2mPortalService[2m > [22m[2mvalidateToken[2m > [22m[2mshould enforce rate limiting at 100 requests/hour
[22m[39m[PortalService] Token validated successfully {
  tokenId: [32m'em5N69oEeIz5N6CQ8nUz9'[39m,
  invoiceId: [32m'aj4WsODT3Bo0p7bd2ogGx'[39m,
  accessCount: [33m35[39m
}

[90mstdout[2m | src/services/portalService.test.ts[2m > [22m[2mPortalService[2m > [22m[2mvalidateToken[2m > [22m[2mshould enforce rate limiting at 100 requests/hour
[22m[39m[PortalService] Token validated successfully {
  tokenId: [32m'em5N69oEeIz5N6CQ8nUz9'[39m,
  invoiceId: [32m'aj4WsODT3Bo0p7bd2ogGx'[39m,
  accessCount: [33m36[39m
}

[90mstdout[2m | src/services/portalService.test.ts[2m > [22m[2mPortalService[2m > [22m[2mvalidateToken[2m > [22m[2mshould enforce rate limiting at 100 requests/hour
[22m[39m[PortalService] Token validated successfully {
  tokenId: [32m'em5N69oEeIz5N6CQ8nUz9'[39m,
  invoiceId: [32m'aj4WsODT3Bo0p7bd2ogGx'[39m,
  accessCount: [33m37[39m
}

[90mstdout[2m | src/services/portalService.test.ts[2m > [22m[2mPortalService[2m > [22m[2mvalidateToken[2m > [22m[2mshould enforce rate limiting at 100 requests/hour
[22m[39m[PortalService] Token validated successfully {
  tokenId: [32m'em5N69oEeIz5N6CQ8nUz9'[39m,
  invoiceId: [32m'aj4WsODT3Bo0p7bd2ogGx'[39m,
  accessCount: [33m38[39m
}

[90mstdout[2m | src/services/portalService.test.ts[2m > [22m[2mPortalService[2m > [22m[2mvalidateToken[2m > [22m[2mshould enforce rate limiting at 100 requests/hour
[22m[39m[PortalService] Token validated successfully {
  tokenId: [32m'em5N69oEeIz5N6CQ8nUz9'[39m,
  invoiceId: [32m'aj4WsODT3Bo0p7bd2ogGx'[39m,
  accessCount: [33m39[39m
}

[90mstdout[2m | src/services/portalService.test.ts[2m > [22m[2mPortalService[2m > [22m[2mvalidateToken[2m > [22m[2mshould enforce rate limiting at 100 requests/hour
[22m[39m[PortalService] Token validated successfully {
  tokenId: [32m'em5N69oEeIz5N6CQ8nUz9'[39m,
  invoiceId: [32m'aj4WsODT3Bo0p7bd2ogGx'[39m,
  accessCount: [33m40[39m
}

[90mstdout[2m | src/services/portalService.test.ts[2m > [22m[2mPortalService[2m > [22m[2mvalidateToken[2m > [22m[2mshould enforce rate limiting at 100 requests/hour
[22m[39m[PortalService] Token validated successfully {
  tokenId: [32m'em5N69oEeIz5N6CQ8nUz9'[39m,
  invoiceId: [32m'aj4WsODT3Bo0p7bd2ogGx'[39m,
  accessCount: [33m41[39m
}

[90mstdout[2m | src/services/portalService.test.ts[2m > [22m[2mPortalService[2m > [22m[2mvalidateToken[2m > [22m[2mshould enforce rate limiting at 100 requests/hour
[22m[39m[PortalService] Token validated successfully {
  tokenId: [32m'em5N69oEeIz5N6CQ8nUz9'[39m,
  invoiceId: [32m'aj4WsODT3Bo0p7bd2ogGx'[39m,
  accessCount: [33m42[39m
}

[90mstdout[2m | src/services/portalService.test.ts[2m > [22m[2mPortalService[2m > [22m[2mvalidateToken[2m > [22m[2mshould enforce rate limiting at 100 requests/hour
[22m[39m[PortalService] Token validated successfully {
  tokenId: [32m'em5N69oEeIz5N6CQ8nUz9'[39m,
  invoiceId: [32m'aj4WsODT3Bo0p7bd2ogGx'[39m,
  accessCount: [33m43[39m
}

[90mstdout[2m | src/services/portalService.test.ts[2m > [22m[2mPortalService[2m > [22m[2mvalidateToken[2m > [22m[2mshould enforce rate limiting at 100 requests/hour
[22m[39m[PortalService] Token validated successfully {
  tokenId: [32m'em5N69oEeIz5N6CQ8nUz9'[39m,
  invoiceId: [32m'aj4WsODT3Bo0p7bd2ogGx'[39m,
  accessCount: [33m44[39m
}

[90mstdout[2m | src/services/portalService.test.ts[2m > [22m[2mPortalService[2m > [22m[2mvalidateToken[2m > [22m[2mshould enforce rate limiting at 100 requests/hour
[22m[39m[PortalService] Token validated successfully {
  tokenId: [32m'em5N69oEeIz5N6CQ8nUz9'[39m,
  invoiceId: [32m'aj4WsODT3Bo0p7bd2ogGx'[39m,
  accessCount: [33m45[39m
}

[90mstdout[2m | src/services/portalService.test.ts[2m > [22m[2mPortalService[2m > [22m[2mvalidateToken[2m > [22m[2mshould enforce rate limiting at 100 requests/hour
[22m[39m[PortalService] Token validated successfully {
  tokenId: [32m'em5N69oEeIz5N6CQ8nUz9'[39m,
  invoiceId: [32m'aj4WsODT3Bo0p7bd2ogGx'[39m,
  accessCount: [33m46[39m
}

[90mstdout[2m | src/services/portalService.test.ts[2m > [22m[2mPortalService[2m > [22m[2mvalidateToken[2m > [22m[2mshould enforce rate limiting at 100 requests/hour
[22m[39m[PortalService] Token validated successfully {
  tokenId: [32m'em5N69oEeIz5N6CQ8nUz9'[39m,
  invoiceId: [32m'aj4WsODT3Bo0p7bd2ogGx'[39m,
  accessCount: [33m47[39m
}

[90mstdout[2m | src/services/portalService.test.ts[2m > [22m[2mPortalService[2m > [22m[2mvalidateToken[2m > [22m[2mshould enforce rate limiting at 100 requests/hour
[22m[39m[PortalService] Token validated successfully {
  tokenId: [32m'em5N69oEeIz5N6CQ8nUz9'[39m,
  invoiceId: [32m'aj4WsODT3Bo0p7bd2ogGx'[39m,
  accessCount: [33m48[39m
}

[90mstdout[2m | src/services/portalService.test.ts[2m > [22m[2mPortalService[2m > [22m[2mvalidateToken[2m > [22m[2mshould enforce rate limiting at 100 requests/hour
[22m[39m[PortalService] Token validated successfully {
  tokenId: [32m'em5N69oEeIz5N6CQ8nUz9'[39m,
  invoiceId: [32m'aj4WsODT3Bo0p7bd2ogGx'[39m,
  accessCount: [33m49[39m
}

[90mstdout[2m | src/services/portalService.test.ts[2m > [22m[2mPortalService[2m > [22m[2mvalidateToken[2m > [22m[2mshould enforce rate limiting at 100 requests/hour
[22m[39m[PortalService] Token validated successfully {
  tokenId: [32m'em5N69oEeIz5N6CQ8nUz9'[39m,
  invoiceId: [32m'aj4WsODT3Bo0p7bd2ogGx'[39m,
  accessCount: [33m50[39m
}

[90mstderr[2m | src/services/portalService.test.ts[2m > [22m[2mPortalService[2m > [22m[2mvalidateToken[2m > [22m[2mshould enforce rate limiting at 100 requests/hour
[22m[39m[PortalService] Rate limit exceeded { ip: [32m'10.0.0.1'[39m, requests: [33m100[39m }

[90mstdout[2m | src/services/portalService.test.ts[2m > [22m[2mPortalService[2m > [22m[2mrevokeToken[2m > [22m[2mshould revoke a token
[22m[39m[PortalService] Created portal token {
  tokenId: [32m'JWveNNwRmmvcv5nS2S2Kl'[39m,
  invoiceId: [32m'aj4WsODT3Bo0p7bd2ogGx'[39m,
  email: [32m'customer@example.com'[39m
}

[90mstdout[2m | src/services/portalService.test.ts[2m > [22m[2mPortalService[2m > [22m[2mrevokeToken[2m > [22m[2mshould revoke a token
[22m[39m[PortalService] Revoked portal token { tokenId: [32m'JWveNNwRmmvcv5nS2S2Kl'[39m }

[90mstdout[2m | src/services/portalService.test.ts[2m > [22m[2mPortalService[2m > [22m[2mrevokeToken[2m > [22m[2mshould be idempotent (revoking twice is safe)
[22m[39m[PortalService] Created portal token {
  tokenId: [32m'iuoKvmNuMQ77u8YANalWd'[39m,
  invoiceId: [32m'aj4WsODT3Bo0p7bd2ogGx'[39m,
  email: [32m'customer@example.com'[39m
}

[90mstdout[2m | src/services/portalService.test.ts[2m > [22m[2mPortalService[2m > [22m[2mrevokeToken[2m > [22m[2mshould be idempotent (revoking twice is safe)
[22m[39m[PortalService] Revoked portal token { tokenId: [32m'iuoKvmNuMQ77u8YANalWd'[39m }

[90mstdout[2m | src/services/portalService.test.ts[2m > [22m[2mPortalService[2m > [22m[2mgetInvoicePortalTokens[2m > [22m[2mshould get all tokens for an invoice
[22m[39m[PortalService] Created portal token {
  tokenId: [32m'4vw1Mpx6SihU9aMNcUTSP'[39m,
  invoiceId: [32m'aj4WsODT3Bo0p7bd2ogGx'[39m,
  email: [32m'customer1@example.com'[39m
}

[90mstdout[2m | src/services/portalService.test.ts[2m > [22m[2mPortalService[2m > [22m[2mgetInvoicePortalTokens[2m > [22m[2mshould get all tokens for an invoice
[22m[39m[PortalService] Created portal token {
  tokenId: [32m'GhPnLiwb1OaJr3jyU3yro'[39m,
  invoiceId: [32m'aj4WsODT3Bo0p7bd2ogGx'[39m,
  email: [32m'customer2@example.com'[39m
}

[90mstdout[2m | src/services/portalService.test.ts[2m > [22m[2mPortalService[2m > [22m[2mgetInvoicePortalTokens[2m > [22m[2mshould not return deleted tokens
[22m[39m[PortalService] Created portal token {
  tokenId: [32m'mSwaqvi7MqD56i7IPn2p8'[39m,
  invoiceId: [32m'aj4WsODT3Bo0p7bd2ogGx'[39m,
  email: [32m'customer@example.com'[39m
}

[90mstdout[2m | src/services/portalService.test.ts[2m > [22m[2mPortalService[2m > [22m[2mcleanupExpiredTokens[2m > [22m[2mshould delete expired tokens
[22m[39m[PortalService] Created portal token {
  tokenId: [32m'DMauuFPMP2iG5Swm4ivDc'[39m,
  invoiceId: [32m'aj4WsODT3Bo0p7bd2ogGx'[39m,
  email: [32m'customer@example.com'[39m
}

[90mstdout[2m | src/services/portalService.test.ts[2m > [22m[2mPortalService[2m > [22m[2mcleanupExpiredTokens[2m > [22m[2mshould delete expired tokens
[22m[39m[PortalService] Cleaned up expired tokens { count: [33m1[39m }

[90mstdout[2m | src/services/portalService.test.ts[2m > [22m[2mPortalService[2m > [22m[2mcleanupExpiredTokens[2m > [22m[2mshould not delete valid tokens
[22m[39m[PortalService] Created portal token {
  tokenId: [32m'z0DJ5bUtBPVCXN3u5iWCM'[39m,
  invoiceId: [32m'aj4WsODT3Bo0p7bd2ogGx'[39m,
  email: [32m'customer@example.com'[39m
}

[90mstdout[2m | src/services/portalService.test.ts[2m > [22m[2mPortalService[2m > [22m[2mcleanupExpiredTokens[2m > [22m[2mshould not delete valid tokens
[22m[39m[PortalService] Cleaned up expired tokens { count: [33m0[39m }

[90mstdout[2m | src/services/portalService.test.ts[2m > [22m[2mPortalService[2m > [22m[2mgetRateLimitStatus[2m > [22m[2mshould track remaining requests
[22m[39m[PortalService] Created portal token {
  tokenId: [32m'cRD8bhz0iEg3SRJvXHX01'[39m,
  invoiceId: [32m'aj4WsODT3Bo0p7bd2ogGx'[39m,
  email: [32m'customer@example.com'[39m
}

[90mstdout[2m | src/services/portalService.test.ts[2m > [22m[2mPortalService[2m > [22m[2mgetRateLimitStatus[2m > [22m[2mshould track remaining requests
[22m[39m[PortalService] Token validated successfully {
  tokenId: [32m'cRD8bhz0iEg3SRJvXHX01'[39m,
  invoiceId: [32m'aj4WsODT3Bo0p7bd2ogGx'[39m,
  accessCount: [33m1[39m
}

[90mstdout[2m | src/services/portalService.test.ts[2m > [22m[2mPortalService[2m > [22m[2mgetRateLimitStatus[2m > [22m[2mshould track remaining requests
[22m[39m[PortalService] Token validated successfully {
  tokenId: [32m'cRD8bhz0iEg3SRJvXHX01'[39m,
  invoiceId: [32m'aj4WsODT3Bo0p7bd2ogGx'[39m,
  accessCount: [33m2[39m
}

[90mstdout[2m | src/services/portalService.test.ts[2m > [22m[2mPortalService[2m > [22m[2mgetRateLimitStatus[2m > [22m[2mshould track remaining requests
[22m[39m[PortalService] Token validated successfully {
  tokenId: [32m'cRD8bhz0iEg3SRJvXHX01'[39m,
  invoiceId: [32m'aj4WsODT3Bo0p7bd2ogGx'[39m,
  accessCount: [33m3[39m
}

[90mstdout[2m | src/services/portalService.test.ts[2m > [22m[2mPortalService[2m > [22m[2mgetRateLimitStatus[2m > [22m[2mshould track remaining requests
[22m[39m[PortalService] Token validated successfully {
  tokenId: [32m'cRD8bhz0iEg3SRJvXHX01'[39m,
  invoiceId: [32m'aj4WsODT3Bo0p7bd2ogGx'[39m,
  accessCount: [33m4[39m
}

[90mstdout[2m | src/services/portalService.test.ts[2m > [22m[2mPortalService[2m > [22m[2mgetRateLimitStatus[2m > [22m[2mshould track remaining requests
[22m[39m[PortalService] Token validated successfully {
  tokenId: [32m'cRD8bhz0iEg3SRJvXHX01'[39m,
  invoiceId: [32m'aj4WsODT3Bo0p7bd2ogGx'[39m,
  accessCount: [33m5[39m
}

[90mstdout[2m | src/services/portalService.test.ts[2m > [22m[2mPortalService[2m > [22m[2mgetRateLimitStatus[2m > [22m[2mshould track remaining requests
[22m[39m[PortalService] Token validated successfully {
  tokenId: [32m'cRD8bhz0iEg3SRJvXHX01'[39m,
  invoiceId: [32m'aj4WsODT3Bo0p7bd2ogGx'[39m,
  accessCount: [33m6[39m
}

[90mstdout[2m | src/services/portalService.test.ts[2m > [22m[2mPortalService[2m > [22m[2mgetRateLimitStatus[2m > [22m[2mshould track remaining requests
[22m[39m[PortalService] Token validated successfully {
  tokenId: [32m'cRD8bhz0iEg3SRJvXHX01'[39m,
  invoiceId: [32m'aj4WsODT3Bo0p7bd2ogGx'[39m,
  accessCount: [33m7[39m
}

[90mstdout[2m | src/services/portalService.test.ts[2m > [22m[2mPortalService[2m > [22m[2mgetRateLimitStatus[2m > [22m[2mshould track remaining requests
[22m[39m[PortalService] Token validated successfully {
  tokenId: [32m'cRD8bhz0iEg3SRJvXHX01'[39m,
  invoiceId: [32m'aj4WsODT3Bo0p7bd2ogGx'[39m,
  accessCount: [33m8[39m
}

[90mstdout[2m | src/services/portalService.test.ts[2m > [22m[2mPortalService[2m > [22m[2mgetRateLimitStatus[2m > [22m[2mshould track remaining requests
[22m[39m[PortalService] Token validated successfully {
  tokenId: [32m'cRD8bhz0iEg3SRJvXHX01'[39m,
  invoiceId: [32m'aj4WsODT3Bo0p7bd2ogGx'[39m,
  accessCount: [33m9[39m
}

[90mstdout[2m | src/services/portalService.test.ts[2m > [22m[2mPortalService[2m > [22m[2mgetRateLimitStatus[2m > [22m[2mshould track remaining requests
[22m[39m[PortalService] Token validated successfully {
  tokenId: [32m'cRD8bhz0iEg3SRJvXHX01'[39m,
  invoiceId: [32m'aj4WsODT3Bo0p7bd2ogGx'[39m,
  accessCount: [33m10[39m
}

[90mstdout[2m | src/services/portalService.test.ts[2m > [22m[2mPortalService[2m > [22m[2mgetRateLimitStatus[2m > [22m[2mshould show not allowed when limit reached
[22m[39m[PortalService] Created portal token {
  tokenId: [32m'YxkcFXLGiNpQ1J3bW4I6A'[39m,
  invoiceId: [32m'aj4WsODT3Bo0p7bd2ogGx'[39m,
  email: [32m'customer@example.com'[39m
}

[90mstdout[2m | src/services/portalService.test.ts[2m > [22m[2mPortalService[2m > [22m[2mgetRateLimitStatus[2m > [22m[2mshould show not allowed when limit reached
[22m[39m[PortalService] Token validated successfully {
  tokenId: [32m'YxkcFXLGiNpQ1J3bW4I6A'[39m,
  invoiceId: [32m'aj4WsODT3Bo0p7bd2ogGx'[39m,
  accessCount: [33m1[39m
}

[90mstdout[2m | src/services/portalService.test.ts[2m > [22m[2mPortalService[2m > [22m[2mgetRateLimitStatus[2m > [22m[2mshould show not allowed when limit reached
[22m[39m[PortalService] Token validated successfully {
  tokenId: [32m'YxkcFXLGiNpQ1J3bW4I6A'[39m,
  invoiceId: [32m'aj4WsODT3Bo0p7bd2ogGx'[39m,
  accessCount: [33m2[39m
}

[90mstdout[2m | src/services/portalService.test.ts[2m > [22m[2mPortalService[2m > [22m[2mgetRateLimitStatus[2m > [22m[2mshould show not allowed when limit reached
[22m[39m[PortalService] Token validated successfully {
  tokenId: [32m'YxkcFXLGiNpQ1J3bW4I6A'[39m,
  invoiceId: [32m'aj4WsODT3Bo0p7bd2ogGx'[39m,
  accessCount: [33m3[39m
}

[90mstdout[2m | src/services/portalService.test.ts[2m > [22m[2mPortalService[2m > [22m[2mgetRateLimitStatus[2m > [22m[2mshould show not allowed when limit reached
[22m[39m[PortalService] Token validated successfully {
  tokenId: [32m'YxkcFXLGiNpQ1J3bW4I6A'[39m,
  invoiceId: [32m'aj4WsODT3Bo0p7bd2ogGx'[39m,
  accessCount: [33m4[39m
}

[90mstdout[2m | src/services/portalService.test.ts[2m > [22m[2mPortalService[2m > [22m[2mgetRateLimitStatus[2m > [22m[2mshould show not allowed when limit reached
[22m[39m[PortalService] Token validated successfully {
  tokenId: [32m'YxkcFXLGiNpQ1J3bW4I6A'[39m,
  invoiceId: [32m'aj4WsODT3Bo0p7bd2ogGx'[39m,
  accessCount: [33m5[39m
}

[90mstdout[2m | src/services/portalService.test.ts[2m > [22m[2mPortalService[2m > [22m[2mgetRateLimitStatus[2m > [22m[2mshould show not allowed when limit reached
[22m[39m[PortalService] Token validated successfully {
  tokenId: [32m'YxkcFXLGiNpQ1J3bW4I6A'[39m,
  invoiceId: [32m'aj4WsODT3Bo0p7bd2ogGx'[39m,
  accessCount: [33m6[39m
}

[90mstdout[2m | src/services/portalService.test.ts[2m > [22m[2mPortalService[2m > [22m[2mgetRateLimitStatus[2m > [22m[2mshould show not allowed when limit reached
[22m[39m[PortalService] Token validated successfully {
  tokenId: [32m'YxkcFXLGiNpQ1J3bW4I6A'[39m,
  invoiceId: [32m'aj4WsODT3Bo0p7bd2ogGx'[39m,
  accessCount: [33m7[39m
}

[90mstdout[2m | src/services/portalService.test.ts[2m > [22m[2mPortalService[2m > [22m[2mgetRateLimitStatus[2m > [22m[2mshould show not allowed when limit reached
[22m[39m[PortalService] Token validated successfully {
  tokenId: [32m'YxkcFXLGiNpQ1J3bW4I6A'[39m,
  invoiceId: [32m'aj4WsODT3Bo0p7bd2ogGx'[39m,
  accessCount: [33m8[39m
}

[90mstdout[2m | src/services/portalService.test.ts[2m > [22m[2mPortalService[2m > [22m[2mgetRateLimitStatus[2m > [22m[2mshould show not allowed when limit reached
[22m[39m[PortalService] Token validated successfully {
  tokenId: [32m'YxkcFXLGiNpQ1J3bW4I6A'[39m,
  invoiceId: [32m'aj4WsODT3Bo0p7bd2ogGx'[39m,
  accessCount: [33m9[39m
}

[90mstdout[2m | src/services/portalService.test.ts[2m > [22m[2mPortalService[2m > [22m[2mgetRateLimitStatus[2m > [22m[2mshould show not allowed when limit reached
[22m[39m[PortalService] Token validated successfully {
  tokenId: [32m'YxkcFXLGiNpQ1J3bW4I6A'[39m,
  invoiceId: [32m'aj4WsODT3Bo0p7bd2ogGx'[39m,
  accessCount: [33m10[39m
}

[90mstdout[2m | src/services/portalService.test.ts[2m > [22m[2mPortalService[2m > [22m[2mgetRateLimitStatus[2m > [22m[2mshould show not allowed when limit reached
[22m[39m[PortalService] Token validated successfully {
  tokenId: [32m'YxkcFXLGiNpQ1J3bW4I6A'[39m,
  invoiceId: [32m'aj4WsODT3Bo0p7bd2ogGx'[39m,
  accessCount: [33m11[39m
}

[90mstdout[2m | src/services/portalService.test.ts[2m > [22m[2mPortalService[2m > [22m[2mgetRateLimitStatus[2m > [22m[2mshould show not allowed when limit reached
[22m[39m[PortalService] Token validated successfully {
  tokenId: [32m'YxkcFXLGiNpQ1J3bW4I6A'[39m,
  invoiceId: [32m'aj4WsODT3Bo0p7bd2ogGx'[39m,
  accessCount: [33m12[39m
}

[90mstdout[2m | src/services/portalService.test.ts[2m > [22m[2mPortalService[2m > [22m[2mgetRateLimitStatus[2m > [22m[2mshould show not allowed when limit reached
[22m[39m[PortalService] Token validated successfully {
  tokenId: [32m'YxkcFXLGiNpQ1J3bW4I6A'[39m,
  invoiceId: [32m'aj4WsODT3Bo0p7bd2ogGx'[39m,
  accessCount: [33m13[39m
}

[90mstdout[2m | src/services/portalService.test.ts[2m > [22m[2mPortalService[2m > [22m[2mgetRateLimitStatus[2m > [22m[2mshould show not allowed when limit reached
[22m[39m[PortalService] Token validated successfully {
  tokenId: [32m'YxkcFXLGiNpQ1J3bW4I6A'[39m,
  invoiceId: [32m'aj4WsODT3Bo0p7bd2ogGx'[39m,
  accessCount: [33m14[39m
}

[90mstdout[2m | src/services/portalService.test.ts[2m > [22m[2mPortalService[2m > [22m[2mgetRateLimitStatus[2m > [22m[2mshould show not allowed when limit reached
[22m[39m[PortalService] Token validated successfully {
  tokenId: [32m'YxkcFXLGiNpQ1J3bW4I6A'[39m,
  invoiceId: [32m'aj4WsODT3Bo0p7bd2ogGx'[39m,
  accessCount: [33m15[39m
}

[90mstdout[2m | src/services/portalService.test.ts[2m > [22m[2mPortalService[2m > [22m[2mgetRateLimitStatus[2m > [22m[2mshould show not allowed when limit reached
[22m[39m[PortalService] Token validated successfully {
  tokenId: [32m'YxkcFXLGiNpQ1J3bW4I6A'[39m,
  invoiceId: [32m'aj4WsODT3Bo0p7bd2ogGx'[39m,
  accessCount: [33m16[39m
}

[90mstdout[2m | src/services/portalService.test.ts[2m > [22m[2mPortalService[2m > [22m[2mgetRateLimitStatus[2m > [22m[2mshould show not allowed when limit reached
[22m[39m[PortalService] Token validated successfully {
  tokenId: [32m'YxkcFXLGiNpQ1J3bW4I6A'[39m,
  invoiceId: [32m'aj4WsODT3Bo0p7bd2ogGx'[39m,
  accessCount: [33m17[39m
}

[90mstdout[2m | src/services/portalService.test.ts[2m > [22m[2mPortalService[2m > [22m[2mgetRateLimitStatus[2m > [22m[2mshould show not allowed when limit reached
[22m[39m[PortalService] Token validated successfully {
  tokenId: [32m'YxkcFXLGiNpQ1J3bW4I6A'[39m,
  invoiceId: [32m'aj4WsODT3Bo0p7bd2ogGx'[39m,
  accessCount: [33m18[39m
}

[90mstdout[2m | src/services/portalService.test.ts[2m > [22m[2mPortalService[2m > [22m[2mgetRateLimitStatus[2m > [22m[2mshould show not allowed when limit reached
[22m[39m[PortalService] Token validated successfully {
  tokenId: [32m'YxkcFXLGiNpQ1J3bW4I6A'[39m,
  invoiceId: [32m'aj4WsODT3Bo0p7bd2ogGx'[39m,
  accessCount: [33m19[39m
}

[90mstdout[2m | src/services/portalService.test.ts[2m > [22m[2mPortalService[2m > [22m[2mgetRateLimitStatus[2m > [22m[2mshould show not allowed when limit reached
[22m[39m[PortalService] Token validated successfully {
  tokenId: [32m'YxkcFXLGiNpQ1J3bW4I6A'[39m,
  invoiceId: [32m'aj4WsODT3Bo0p7bd2ogGx'[39m,
  accessCount: [33m20[39m
}

[90mstdout[2m | src/services/portalService.test.ts[2m > [22m[2mPortalService[2m > [22m[2mgetRateLimitStatus[2m > [22m[2mshould show not allowed when limit reached
[22m[39m[PortalService] Token validated successfully {
  tokenId: [32m'YxkcFXLGiNpQ1J3bW4I6A'[39m,
  invoiceId: [32m'aj4WsODT3Bo0p7bd2ogGx'[39m,
  accessCount: [33m21[39m
}

[90mstdout[2m | src/services/portalService.test.ts[2m > [22m[2mPortalService[2m > [22m[2mgetRateLimitStatus[2m > [22m[2mshould show not allowed when limit reached
[22m[39m[PortalService] Token validated successfully {
  tokenId: [32m'YxkcFXLGiNpQ1J3bW4I6A'[39m,
  invoiceId: [32m'aj4WsODT3Bo0p7bd2ogGx'[39m,
  accessCount: [33m22[39m
}

[90mstdout[2m | src/services/portalService.test.ts[2m > [22m[2mPortalService[2m > [22m[2mgetRateLimitStatus[2m > [22m[2mshould show not allowed when limit reached
[22m[39m[PortalService] Token validated successfully {
  tokenId: [32m'YxkcFXLGiNpQ1J3bW4I6A'[39m,
  invoiceId: [32m'aj4WsODT3Bo0p7bd2ogGx'[39m,
  accessCount: [33m23[39m
}

[90mstdout[2m | src/services/portalService.test.ts[2m > [22m[2mPortalService[2m > [22m[2mgetRateLimitStatus[2m > [22m[2mshould show not allowed when limit reached
[22m[39m[PortalService] Token validated successfully {
  tokenId: [32m'YxkcFXLGiNpQ1J3bW4I6A'[39m,
  invoiceId: [32m'aj4WsODT3Bo0p7bd2ogGx'[39m,
  accessCount: [33m24[39m
}

[90mstdout[2m | src/services/portalService.test.ts[2m > [22m[2mPortalService[2m > [22m[2mgetRateLimitStatus[2m > [22m[2mshould show not allowed when limit reached
[22m[39m[PortalService] Token validated successfully {
  tokenId: [32m'YxkcFXLGiNpQ1J3bW4I6A'[39m,
  invoiceId: [32m'aj4WsODT3Bo0p7bd2ogGx'[39m,
  accessCount: [33m25[39m
}

[90mstdout[2m | src/services/portalService.test.ts[2m > [22m[2mPortalService[2m > [22m[2mgetRateLimitStatus[2m > [22m[2mshould show not allowed when limit reached
[22m[39m[PortalService] Token validated successfully {
  tokenId: [32m'YxkcFXLGiNpQ1J3bW4I6A'[39m,
  invoiceId: [32m'aj4WsODT3Bo0p7bd2ogGx'[39m,
  accessCount: [33m26[39m
}

[90mstdout[2m | src/services/portalService.test.ts[2m > [22m[2mPortalService[2m > [22m[2mgetRateLimitStatus[2m > [22m[2mshould show not allowed when limit reached
[22m[39m[PortalService] Token validated successfully {
  tokenId: [32m'YxkcFXLGiNpQ1J3bW4I6A'[39m,
  invoiceId: [32m'aj4WsODT3Bo0p7bd2ogGx'[39m,
  accessCount: [33m27[39m
}

[90mstdout[2m | src/services/portalService.test.ts[2m > [22m[2mPortalService[2m > [22m[2mgetRateLimitStatus[2m > [22m[2mshould show not allowed when limit reached
[22m[39m[PortalService] Token validated successfully {
  tokenId: [32m'YxkcFXLGiNpQ1J3bW4I6A'[39m,
  invoiceId: [32m'aj4WsODT3Bo0p7bd2ogGx'[39m,
  accessCount: [33m28[39m
}

[90mstdout[2m | src/services/portalService.test.ts[2m > [22m[2mPortalService[2m > [22m[2mgetRateLimitStatus[2m > [22m[2mshould show not allowed when limit reached
[22m[39m[PortalService] Token validated successfully {
  tokenId: [32m'YxkcFXLGiNpQ1J3bW4I6A'[39m,
  invoiceId: [32m'aj4WsODT3Bo0p7bd2ogGx'[39m,
  accessCount: [33m29[39m
}

[90mstdout[2m | src/services/portalService.test.ts[2m > [22m[2mPortalService[2m > [22m[2mgetRateLimitStatus[2m > [22m[2mshould show not allowed when limit reached
[22m[39m[PortalService] Token validated successfully {
  tokenId: [32m'YxkcFXLGiNpQ1J3bW4I6A'[39m,
  invoiceId: [32m'aj4WsODT3Bo0p7bd2ogGx'[39m,
  accessCount: [33m30[39m
}

[90mstdout[2m | src/services/portalService.test.ts[2m > [22m[2mPortalService[2m > [22m[2mgetRateLimitStatus[2m > [22m[2mshould show not allowed when limit reached
[22m[39m[PortalService] Token validated successfully {
  tokenId: [32m'YxkcFXLGiNpQ1J3bW4I6A'[39m,
  invoiceId: [32m'aj4WsODT3Bo0p7bd2ogGx'[39m,
  accessCount: [33m31[39m
}

[90mstdout[2m | src/services/portalService.test.ts[2m > [22m[2mPortalService[2m > [22m[2mgetRateLimitStatus[2m > [22m[2mshould show not allowed when limit reached
[22m[39m[PortalService] Token validated successfully {
  tokenId: [32m'YxkcFXLGiNpQ1J3bW4I6A'[39m,
  invoiceId: [32m'aj4WsODT3Bo0p7bd2ogGx'[39m,
  accessCount: [33m32[39m
}

[90mstdout[2m | src/services/portalService.test.ts[2m > [22m[2mPortalService[2m > [22m[2mgetRateLimitStatus[2m > [22m[2mshould show not allowed when limit reached
[22m[39m[PortalService] Token validated successfully {
  tokenId: [32m'YxkcFXLGiNpQ1J3bW4I6A'[39m,
  invoiceId: [32m'aj4WsODT3Bo0p7bd2ogGx'[39m,
  accessCount: [33m33[39m
}

[90mstdout[2m | src/services/portalService.test.ts[2m > [22m[2mPortalService[2m > [22m[2mgetRateLimitStatus[2m > [22m[2mshould show not allowed when limit reached
[22m[39m[PortalService] Token validated successfully {
  tokenId: [32m'YxkcFXLGiNpQ1J3bW4I6A'[39m,
  invoiceId: [32m'aj4WsODT3Bo0p7bd2ogGx'[39m,
  accessCount: [33m34[39m
}

[90mstdout[2m | src/services/portalService.test.ts[2m > [22m[2mPortalService[2m > [22m[2mgetRateLimitStatus[2m > [22m[2mshould show not allowed when limit reached
[22m[39m[PortalService] Token validated successfully {
  tokenId: [32m'YxkcFXLGiNpQ1J3bW4I6A'[39m,
  invoiceId: [32m'aj4WsODT3Bo0p7bd2ogGx'[39m,
  accessCount: [33m35[39m
}

[90mstdout[2m | src/services/portalService.test.ts[2m > [22m[2mPortalService[2m > [22m[2mgetRateLimitStatus[2m > [22m[2mshould show not allowed when limit reached
[22m[39m[PortalService] Token validated successfully {
  tokenId: [32m'YxkcFXLGiNpQ1J3bW4I6A'[39m,
  invoiceId: [32m'aj4WsODT3Bo0p7bd2ogGx'[39m,
  accessCount: [33m36[39m
}

[90mstdout[2m | src/services/portalService.test.ts[2m > [22m[2mPortalService[2m > [22m[2mgetRateLimitStatus[2m > [22m[2mshould show not allowed when limit reached
[22m[39m[PortalService] Token validated successfully {
  tokenId: [32m'YxkcFXLGiNpQ1J3bW4I6A'[39m,
  invoiceId: [32m'aj4WsODT3Bo0p7bd2ogGx'[39m,
  accessCount: [33m37[39m
}

[90mstdout[2m | src/services/portalService.test.ts[2m > [22m[2mPortalService[2m > [22m[2mgetRateLimitStatus[2m > [22m[2mshould show not allowed when limit reached
[22m[39m[PortalService] Token validated successfully {
  tokenId: [32m'YxkcFXLGiNpQ1J3bW4I6A'[39m,
  invoiceId: [32m'aj4WsODT3Bo0p7bd2ogGx'[39m,
  accessCount: [33m38[39m
}

[90mstdout[2m | src/services/portalService.test.ts[2m > [22m[2mPortalService[2m > [22m[2mgetRateLimitStatus[2m > [22m[2mshould show not allowed when limit reached
[22m[39m[PortalService] Token validated successfully {
  tokenId: [32m'YxkcFXLGiNpQ1J3bW4I6A'[39m,
  invoiceId: [32m'aj4WsODT3Bo0p7bd2ogGx'[39m,
  accessCount: [33m39[39m
}

[90mstdout[2m | src/services/portalService.test.ts[2m > [22m[2mPortalService[2m > [22m[2mgetRateLimitStatus[2m > [22m[2mshould show not allowed when limit reached
[22m[39m[PortalService] Token validated successfully {
  tokenId: [32m'YxkcFXLGiNpQ1J3bW4I6A'[39m,
  invoiceId: [32m'aj4WsODT3Bo0p7bd2ogGx'[39m,
  accessCount: [33m40[39m
}

[90mstdout[2m | src/services/portalService.test.ts[2m > [22m[2mPortalService[2m > [22m[2mgetRateLimitStatus[2m > [22m[2mshould show not allowed when limit reached
[22m[39m[PortalService] Token validated successfully {
  tokenId: [32m'YxkcFXLGiNpQ1J3bW4I6A'[39m,
  invoiceId: [32m'aj4WsODT3Bo0p7bd2ogGx'[39m,
  accessCount: [33m41[39m
}

[90mstdout[2m | src/services/portalService.test.ts[2m > [22m[2mPortalService[2m > [22m[2mgetRateLimitStatus[2m > [22m[2mshould show not allowed when limit reached
[22m[39m[PortalService] Token validated successfully {
  tokenId: [32m'YxkcFXLGiNpQ1J3bW4I6A'[39m,
  invoiceId: [32m'aj4WsODT3Bo0p7bd2ogGx'[39m,
  accessCount: [33m42[39m
}

[90mstdout[2m | src/services/portalService.test.ts[2m > [22m[2mPortalService[2m > [22m[2mgetRateLimitStatus[2m > [22m[2mshould show not allowed when limit reached
[22m[39m[PortalService] Token validated successfully {
  tokenId: [32m'YxkcFXLGiNpQ1J3bW4I6A'[39m,
  invoiceId: [32m'aj4WsODT3Bo0p7bd2ogGx'[39m,
  accessCount: [33m43[39m
}

[90mstdout[2m | src/services/portalService.test.ts[2m > [22m[2mPortalService[2m > [22m[2mgetRateLimitStatus[2m > [22m[2mshould show not allowed when limit reached
[22m[39m[PortalService] Token validated successfully {
  tokenId: [32m'YxkcFXLGiNpQ1J3bW4I6A'[39m,
  invoiceId: [32m'aj4WsODT3Bo0p7bd2ogGx'[39m,
  accessCount: [33m44[39m
}

[90mstdout[2m | src/services/portalService.test.ts[2m > [22m[2mPortalService[2m > [22m[2mgetRateLimitStatus[2m > [22m[2mshould show not allowed when limit reached
[22m[39m[PortalService] Token validated successfully {
  tokenId: [32m'YxkcFXLGiNpQ1J3bW4I6A'[39m,
  invoiceId: [32m'aj4WsODT3Bo0p7bd2ogGx'[39m,
  accessCount: [33m45[39m
}

[90mstdout[2m | src/services/portalService.test.ts[2m > [22m[2mPortalService[2m > [22m[2mgetRateLimitStatus[2m > [22m[2mshould show not allowed when limit reached
[22m[39m[PortalService] Token validated successfully {
  tokenId: [32m'YxkcFXLGiNpQ1J3bW4I6A'[39m,
  invoiceId: [32m'aj4WsODT3Bo0p7bd2ogGx'[39m,
  accessCount: [33m46[39m
}

[90mstdout[2m | src/services/portalService.test.ts[2m > [22m[2mPortalService[2m > [22m[2mgetRateLimitStatus[2m > [22m[2mshould show not allowed when limit reached
[22m[39m[PortalService] Token validated successfully {
  tokenId: [32m'YxkcFXLGiNpQ1J3bW4I6A'[39m,
  invoiceId: [32m'aj4WsODT3Bo0p7bd2ogGx'[39m,
  accessCount: [33m47[39m
}

[90mstdout[2m | src/services/portalService.test.ts[2m > [22m[2mPortalService[2m > [22m[2mgetRateLimitStatus[2m > [22m[2mshould show not allowed when limit reached
[22m[39m[PortalService] Token validated successfully {
  tokenId: [32m'YxkcFXLGiNpQ1J3bW4I6A'[39m,
  invoiceId: [32m'aj4WsODT3Bo0p7bd2ogGx'[39m,
  accessCount: [33m48[39m
}

[90mstdout[2m | src/services/portalService.test.ts[2m > [22m[2mPortalService[2m > [22m[2mgetRateLimitStatus[2m > [22m[2mshould show not allowed when limit reached
[22m[39m[PortalService] Token validated successfully {
  tokenId: [32m'YxkcFXLGiNpQ1J3bW4I6A'[39m,
  invoiceId: [32m'aj4WsODT3Bo0p7bd2ogGx'[39m,
  accessCount: [33m49[39m
}

[90mstdout[2m | src/services/portalService.test.ts[2m > [22m[2mPortalService[2m > [22m[2mgetRateLimitStatus[2m > [22m[2mshould show not allowed when limit reached
[22m[39m[PortalService] Token validated successfully {
  tokenId: [32m'YxkcFXLGiNpQ1J3bW4I6A'[39m,
  invoiceId: [32m'aj4WsODT3Bo0p7bd2ogGx'[39m,
  accessCount: [33m50[39m
}

[90mstderr[2m | src/services/portalService.test.ts[2m > [22m[2mPortalService[2m > [22m[2mgetRateLimitStatus[2m > [22m[2mshould show not allowed when limit reached
[22m[39m[PortalService] Rate limit exceeded { ip: [32m'10.0.0.4'[39m, requests: [33m100[39m }

[90mstderr[2m | src/services/portalService.test.ts[2m > [22m[2mPortalService[2m > [22m[2mgetRateLimitStatus[2m > [22m[2mshould show not allowed when limit reached
[22m[39m[PortalService] Rate limit exceeded { ip: [32m'10.0.0.4'[39m, requests: [33m100[39m }

[90mstderr[2m | src/services/portalService.test.ts[2m > [22m[2mPortalService[2m > [22m[2mgetRateLimitStatus[2m > [22m[2mshould show not allowed when limit reached
[22m[39m[PortalService] Rate limit exceeded { ip: [32m'10.0.0.4'[39m, requests: [33m100[39m }

[90mstderr[2m | src/services/portalService.test.ts[2m > [22m[2mPortalService[2m > [22m[2mgetRateLimitStatus[2m > [22m[2mshould show not allowed when limit reached
[22m[39m[PortalService] Rate limit exceeded { ip: [32m'10.0.0.4'[39m, requests: [33m100[39m }

[90mstderr[2m | src/services/portalService.test.ts[2m > [22m[2mPortalService[2m > [22m[2mgetRateLimitStatus[2m > [22m[2mshould show not allowed when limit reached
[22m[39m[PortalService] Rate limit exceeded { ip: [32m'10.0.0.4'[39m, requests: [33m100[39m }

[90mstderr[2m | src/services/portalService.test.ts[2m > [22m[2mPortalService[2m > [22m[2mgetRateLimitStatus[2m > [22m[2mshould show not allowed when limit reached
[22m[39m[PortalService] Rate limit exceeded { ip: [32m'10.0.0.4'[39m, requests: [33m100[39m }

[90mstderr[2m | src/services/portalService.test.ts[2m > [22m[2mPortalService[2m > [22m[2mgetRateLimitStatus[2m > [22m[2mshould show not allowed when limit reached
[22m[39m[PortalService] Rate limit exceeded { ip: [32m'10.0.0.4'[39m, requests: [33m100[39m }

[90mstderr[2m | src/services/portalService.test.ts[2m > [22m[2mPortalService[2m > [22m[2mgetRateLimitStatus[2m > [22m[2mshould show not allowed when limit reached
[22m[39m[PortalService] Rate limit exceeded { ip: [32m'10.0.0.4'[39m, requests: [33m100[39m }

[90mstderr[2m | src/services/portalService.test.ts[2m > [22m[2mPortalService[2m > [22m[2mgetRateLimitStatus[2m > [22m[2mshould show not allowed when limit reached
[22m[39m[PortalService] Rate limit exceeded { ip: [32m'10.0.0.4'[39m, requests: [33m100[39m }

[90mstderr[2m | src/services/portalService.test.ts[2m > [22m[2mPortalService[2m > [22m[2mgetRateLimitStatus[2m > [22m[2mshould show not allowed when limit reached
[22m[39m[PortalService] Rate limit exceeded { ip: [32m'10.0.0.4'[39m, requests: [33m100[39m }

[90mstderr[2m | src/services/portalService.test.ts[2m > [22m[2mPortalService[2m > [22m[2mgetRateLimitStatus[2m > [22m[2mshould show not allowed when limit reached
[22m[39m[PortalService] Rate limit exceeded { ip: [32m'10.0.0.4'[39m, requests: [33m100[39m }

[90mstderr[2m | src/services/portalService.test.ts[2m > [22m[2mPortalService[2m > [22m[2mgetRateLimitStatus[2m > [22m[2mshould show not allowed when limit reached
[22m[39m[PortalService] Rate limit exceeded { ip: [32m'10.0.0.4'[39m, requests: [33m100[39m }

[90mstderr[2m | src/services/portalService.test.ts[2m > [22m[2mPortalService[2m > [22m[2mgetRateLimitStatus[2m > [22m[2mshould show not allowed when limit reached
[22m[39m[PortalService] Rate limit exceeded { ip: [32m'10.0.0.4'[39m, requests: [33m100[39m }

[90mstderr[2m | src/services/portalService.test.ts[2m > [22m[2mPortalService[2m > [22m[2mgetRateLimitStatus[2m > [22m[2mshould show not allowed when limit reached
[22m[39m[PortalService] Rate limit exceeded { ip: [32m'10.0.0.4'[39m, requests: [33m100[39m }

[90mstderr[2m | src/services/portalService.test.ts[2m > [22m[2mPortalService[2m > [22m[2mgetRateLimitStatus[2m > [22m[2mshould show not allowed when limit reached
[22m[39m[PortalService] Rate limit exceeded { ip: [32m'10.0.0.4'[39m, requests: [33m100[39m }

[90mstderr[2m | src/services/portalService.test.ts[2m > [22m[2mPortalService[2m > [22m[2mgetRateLimitStatus[2m > [22m[2mshould show not allowed when limit reached
[22m[39m[PortalService] Rate limit exceeded { ip: [32m'10.0.0.4'[39m, requests: [33m100[39m }

[90mstderr[2m | src/services/portalService.test.ts[2m > [22m[2mPortalService[2m > [22m[2mgetRateLimitStatus[2m > [22m[2mshould show not allowed when limit reached
[22m[39m[PortalService] Rate limit exceeded { ip: [32m'10.0.0.4'[39m, requests: [33m100[39m }

[90mstderr[2m | src/services/portalService.test.ts[2m > [22m[2mPortalService[2m > [22m[2mgetRateLimitStatus[2m > [22m[2mshould show not allowed when limit reached
[22m[39m[PortalService] Rate limit exceeded { ip: [32m'10.0.0.4'[39m, requests: [33m100[39m }

[90mstderr[2m | src/services/portalService.test.ts[2m > [22m[2mPortalService[2m > [22m[2mgetRateLimitStatus[2m > [22m[2mshould show not allowed when limit reached
[22m[39m[PortalService] Rate limit exceeded { ip: [32m'10.0.0.4'[39m, requests: [33m100[39m }

[90mstderr[2m | src/services/portalService.test.ts[2m > [22m[2mPortalService[2m > [22m[2mgetRateLimitStatus[2m > [22m[2mshould show not allowed when limit reached
[22m[39m[PortalService] Rate limit exceeded { ip: [32m'10.0.0.4'[39m, requests: [33m100[39m }

[90mstderr[2m | src/services/portalService.test.ts[2m > [22m[2mPortalService[2m > [22m[2mgetRateLimitStatus[2m > [22m[2mshould show not allowed when limit reached
[22m[39m[PortalService] Rate limit exceeded { ip: [32m'10.0.0.4'[39m, requests: [33m100[39m }

[90mstderr[2m | src/services/portalService.test.ts[2m > [22m[2mPortalService[2m > [22m[2mgetRateLimitStatus[2m > [22m[2mshould show not allowed when limit reached
[22m[39m[PortalService] Rate limit exceeded { ip: [32m'10.0.0.4'[39m, requests: [33m100[39m }

[90mstderr[2m | src/services/portalService.test.ts[2m > [22m[2mPortalService[2m > [22m[2mgetRateLimitStatus[2m > [22m[2mshould show not allowed when limit reached
[22m[39m[PortalService] Rate limit exceeded { ip: [32m'10.0.0.4'[39m, requests: [33m100[39m }

[90mstderr[2m | src/services/portalService.test.ts[2m > [22m[2mPortalService[2m > [22m[2mgetRateLimitStatus[2m > [22m[2mshould show not allowed when limit reached
[22m[39m[PortalService] Rate limit exceeded { ip: [32m'10.0.0.4'[39m, requests: [33m100[39m }

[90mstderr[2m | src/services/portalService.test.ts[2m > [22m[2mPortalService[2m > [22m[2mgetRateLimitStatus[2m > [22m[2mshould show not allowed when limit reached
[22m[39m[PortalService] Rate limit exceeded { ip: [32m'10.0.0.4'[39m, requests: [33m100[39m }

[90mstderr[2m | src/services/portalService.test.ts[2m > [22m[2mPortalService[2m > [22m[2mgetRateLimitStatus[2m > [22m[2mshould show not allowed when limit reached
[22m[39m[PortalService] Rate limit exceeded { ip: [32m'10.0.0.4'[39m, requests: [33m100[39m }

[90mstderr[2m | src/services/portalService.test.ts[2m > [22m[2mPortalService[2m > [22m[2mgetRateLimitStatus[2m > [22m[2mshould show not allowed when limit reached
[22m[39m[PortalService] Rate limit exceeded { ip: [32m'10.0.0.4'[39m, requests: [33m100[39m }

[90mstderr[2m | src/services/portalService.test.ts[2m > [22m[2mPortalService[2m > [22m[2mgetRateLimitStatus[2m > [22m[2mshould show not allowed when limit reached
[22m[39m[PortalService] Rate limit exceeded { ip: [32m'10.0.0.4'[39m, requests: [33m100[39m }

[90mstderr[2m | src/services/portalService.test.ts[2m > [22m[2mPortalService[2m > [22m[2mgetRateLimitStatus[2m > [22m[2mshould show not allowed when limit reached
[22m[39m[PortalService] Rate limit exceeded { ip: [32m'10.0.0.4'[39m, requests: [33m100[39m }

[90mstderr[2m | src/services/portalService.test.ts[2m > [22m[2mPortalService[2m > [22m[2mgetRateLimitStatus[2m > [22m[2mshould show not allowed when limit reached
[22m[39m[PortalService] Rate limit exceeded { ip: [32m'10.0.0.4'[39m, requests: [33m100[39m }

[90mstderr[2m | src/services/portalService.test.ts[2m > [22m[2mPortalService[2m > [22m[2mgetRateLimitStatus[2m > [22m[2mshould show not allowed when limit reached
[22m[39m[PortalService] Rate limit exceeded { ip: [32m'10.0.0.4'[39m, requests: [33m100[39m }

[90mstderr[2m | src/services/portalService.test.ts[2m > [22m[2mPortalService[2m > [22m[2mgetRateLimitStatus[2m > [22m[2mshould show not allowed when limit reached
[22m[39m[PortalService] Rate limit exceeded { ip: [32m'10.0.0.4'[39m, requests: [33m100[39m }

[90mstderr[2m | src/services/portalService.test.ts[2m > [22m[2mPortalService[2m > [22m[2mgetRateLimitStatus[2m > [22m[2mshould show not allowed when limit reached
[22m[39m[PortalService] Rate limit exceeded { ip: [32m'10.0.0.4'[39m, requests: [33m100[39m }

[90mstderr[2m | src/services/portalService.test.ts[2m > [22m[2mPortalService[2m > [22m[2mgetRateLimitStatus[2m > [22m[2mshould show not allowed when limit reached
[22m[39m[PortalService] Rate limit exceeded { ip: [32m'10.0.0.4'[39m, requests: [33m100[39m }

[90mstderr[2m | src/services/portalService.test.ts[2m > [22m[2mPortalService[2m > [22m[2mgetRateLimitStatus[2m > [22m[2mshould show not allowed when limit reached
[22m[39m[PortalService] Rate limit exceeded { ip: [32m'10.0.0.4'[39m, requests: [33m100[39m }

[90mstderr[2m | src/services/portalService.test.ts[2m > [22m[2mPortalService[2m > [22m[2mgetRateLimitStatus[2m > [22m[2mshould show not allowed when limit reached
[22m[39m[PortalService] Rate limit exceeded { ip: [32m'10.0.0.4'[39m, requests: [33m100[39m }

[90mstderr[2m | src/services/portalService.test.ts[2m > [22m[2mPortalService[2m > [22m[2mgetRateLimitStatus[2m > [22m[2mshould show not allowed when limit reached
[22m[39m[PortalService] Rate limit exceeded { ip: [32m'10.0.0.4'[39m, requests: [33m100[39m }

[90mstderr[2m | src/services/portalService.test.ts[2m > [22m[2mPortalService[2m > [22m[2mgetRateLimitStatus[2m > [22m[2mshould show not allowed when limit reached
[22m[39m[PortalService] Rate limit exceeded { ip: [32m'10.0.0.4'[39m, requests: [33m100[39m }

[90mstderr[2m | src/services/portalService.test.ts[2m > [22m[2mPortalService[2m > [22m[2mgetRateLimitStatus[2m > [22m[2mshould show not allowed when limit reached
[22m[39m[PortalService] Rate limit exceeded { ip: [32m'10.0.0.4'[39m, requests: [33m100[39m }

[90mstderr[2m | src/services/portalService.test.ts[2m > [22m[2mPortalService[2m > [22m[2mgetRateLimitStatus[2m > [22m[2mshould show not allowed when limit reached
[22m[39m[PortalService] Rate limit exceeded { ip: [32m'10.0.0.4'[39m, requests: [33m100[39m }

[90mstderr[2m | src/services/portalService.test.ts[2m > [22m[2mPortalService[2m > [22m[2mgetRateLimitStatus[2m > [22m[2mshould show not allowed when limit reached
[22m[39m[PortalService] Rate limit exceeded { ip: [32m'10.0.0.4'[39m, requests: [33m100[39m }

[90mstderr[2m | src/services/portalService.test.ts[2m > [22m[2mPortalService[2m > [22m[2mgetRateLimitStatus[2m > [22m[2mshould show not allowed when limit reached
[22m[39m[PortalService] Rate limit exceeded { ip: [32m'10.0.0.4'[39m, requests: [33m100[39m }

[90mstderr[2m | src/services/portalService.test.ts[2m > [22m[2mPortalService[2m > [22m[2mgetRateLimitStatus[2m > [22m[2mshould show not allowed when limit reached
[22m[39m[PortalService] Rate limit exceeded { ip: [32m'10.0.0.4'[39m, requests: [33m100[39m }

[90mstderr[2m | src/services/portalService.test.ts[2m > [22m[2mPortalService[2m > [22m[2mgetRateLimitStatus[2m > [22m[2mshould show not allowed when limit reached
[22m[39m[PortalService] Rate limit exceeded { ip: [32m'10.0.0.4'[39m, requests: [33m100[39m }

[90mstderr[2m | src/services/portalService.test.ts[2m > [22m[2mPortalService[2m > [22m[2mgetRateLimitStatus[2m > [22m[2mshould show not allowed when limit reached
[22m[39m[PortalService] Rate limit exceeded { ip: [32m'10.0.0.4'[39m, requests: [33m100[39m }

[90mstderr[2m | src/services/portalService.test.ts[2m > [22m[2mPortalService[2m > [22m[2mgetRateLimitStatus[2m > [22m[2mshould show not allowed when limit reached
[22m[39m[PortalService] Rate limit exceeded { ip: [32m'10.0.0.4'[39m, requests: [33m100[39m }

[90mstderr[2m | src/services/portalService.test.ts[2m > [22m[2mPortalService[2m > [22m[2mgetRateLimitStatus[2m > [22m[2mshould show not allowed when limit reached
[22m[39m[PortalService] Rate limit exceeded { ip: [32m'10.0.0.4'[39m, requests: [33m100[39m }

[90mstderr[2m | src/services/portalService.test.ts[2m > [22m[2mPortalService[2m > [22m[2mgetRateLimitStatus[2m > [22m[2mshould show not allowed when limit reached
[22m[39m[PortalService] Rate limit exceeded { ip: [32m'10.0.0.4'[39m, requests: [33m100[39m }

[90mstderr[2m | src/services/portalService.test.ts[2m > [22m[2mPortalService[2m > [22m[2mgetRateLimitStatus[2m > [22m[2mshould show not allowed when limit reached
[22m[39m[PortalService] Rate limit exceeded { ip: [32m'10.0.0.4'[39m, requests: [33m100[39m }

[90mstderr[2m | src/services/portalService.test.ts[2m > [22m[2mPortalService[2m > [22m[2mgetRateLimitStatus[2m > [22m[2mshould show not allowed when limit reached
[22m[39m[PortalService] Rate limit exceeded { ip: [32m'10.0.0.4'[39m, requests: [33m100[39m }

 [31m❯[39m src/services/portalService.test.ts [2m([22m[2m24 tests[22m[2m | [22m[31m2 failed[39m[2m)[22m[33m 1880[2mms[22m[39m
       [32m✓[39m should create a portal token with 64-character token[32m 132[2mms[22m[39m
       [32m✓[39m should set expiration to 90 days from creation[32m 54[2mms[22m[39m
       [32m✓[39m should reuse existing valid token for same invoice and email[32m 39[2mms[22m[39m
       [32m✓[39m should fail for non-existent invoice[32m 30[2mms[22m[39m
       [32m✓[39m should fail if invoice belongs to different company[32m 33[2mms[22m[39m
       [32m✓[39m should validate a valid token[32m 93[2mms[22m[39m
       [32m✓[39m should increment access count on validation[32m 44[2mms[22m[39m
       [32m✓[39m should update last_accessed_at timestamp[32m 36[2mms[22m[39m
       [32m✓[39m should fail for non-existent token[32m 30[2mms[22m[39m
       [32m✓[39m should fail for expired token[32m 53[2mms[22m[39m
       [32m✓[39m should fail for revoked token[32m 69[2mms[22m[39m
[31m       [31m×[31m should enforce rate limiting at 100 requests/hour[39m[33m 484[2mms[22m[39m
       [32m✓[39m should revoke a token[32m 71[2mms[22m[39m
       [32m✓[39m should be idempotent (revoking twice is safe)[32m 34[2mms[22m[39m
       [32m✓[39m should fail for non-existent token[32m 20[2mms[22m[39m
       [32m✓[39m should get all tokens for an invoice[32m 44[2mms[22m[39m
       [32m✓[39m should not return deleted tokens[32m 38[2mms[22m[39m
       [32m✓[39m should delete expired tokens[32m 37[2mms[22m[39m
       [32m✓[39m should not delete valid tokens[32m 52[2mms[22m[39m
       [32m✓[39m should generate a valid URL[32m 24[2mms[22m[39m
       [32m✓[39m should use window.location.origin by default[32m 45[2mms[22m[39m
       [32m✓[39m should return correct status for new IP[32m 26[2mms[22m[39m
[31m       [31m×[31m should track remaining requests[39m[32m 65[2mms[22m[39m
       [33m[2m✓[22m[39m should show not allowed when limit reached [33m 321[2mms[22m[39m
[90mstdout[2m | src/services/auditLogExtended.perf.test.ts[2m > [22m[2mExtended Audit Log Performance Tests
[22m[39m  Seeded 41000/100000 entries...

 [31m❯[39m src/components/dashboard/CashPositionWidget.test.tsx [2m([22m[2m30 tests[22m[2m | [22m[31m6 failed[39m[2m)[22m[33m 1050[2mms[22m[39m
       [32m✓[39m should render cash position data[32m 231[2mms[22m[39m
       [32m✓[39m should display months covered calculation[32m 35[2mms[22m[39m
       [32m✓[39m should show encouraging message for good cash position[32m 20[2mms[22m[39m
[31m       [31m×[31m should render trend chart[39m[32m 46[2mms[22m[39m
       [32m✓[39m should show loading skeleton when loading[32m 206[2mms[22m[39m
       [32m✓[39m should not show content when loading[32m 8[2mms[22m[39m
       [32m✓[39m should have aria-live region when loading[32m 17[2mms[22m[39m
       [32m✓[39m should show encouraging message for zero balance[32m 29[2mms[22m[39m
       [32m✓[39m should show message for less than 1 month[32m 17[2mms[22m[39m
       [32m✓[39m should show message for 1-2 months[32m 40[2mms[22m[39m
       [32m✓[39m should show message for 2-3 months[32m 12[2mms[22m[39m
       [32m✓[39m should show message for 3+ months[32m 12[2mms[22m[39m
       [32m✓[39m should handle zero monthly expenses[32m 20[2mms[22m[39m
       [32m✓[39m should format large balances with commas[32m 12[2mms[22m[39m
       [32m✓[39m should format months covered to one decimal place[32m 14[2mms[22m[39m
       [32m✓[39m should handle negative balance[32m 20[2mms[22m[39m
       [32m✓[39m should format small amounts correctly[32m 12[2mms[22m[39m
[31m       [31m×[31m should display all trend data points[39m[32m 20[2mms[22m[39m
[31m       [31m×[31m should handle empty trend data[39m[32m 11[2mms[22m[39m
[31m       [31m×[31m should handle single data point in trend[39m[32m 16[2mms[22m[39m
       [32m✓[39m should have accessible labels[32m 15[2mms[22m[39m
       [32m✓[39m should have semantic heading[32m 60[2mms[22m[39m
       [32m✓[39m should hide decorative icons from screen readers[32m 11[2mms[22m[39m
       [32m✓[39m should have status role for messages[32m 19[2mms[22m[39m
       [32m✓[39m should handle very large balances[32m 15[2mms[22m[39m
[31m       [31m×[31m should handle very small monthly expenses[39m[32m 29[2mms[22m[39m
[31m       [31m×[31m should handle trend with varying balances[39m[32m 19[2mms[22m[39m
       [32m✓[39m should accept custom className[32m 16[2mms[22m[39m
       [32m✓[39m should render complete widget with all features[32m 19[2mms[22m[39m
       [32m✓[39m should handle transition from loading to loaded[32m 27[2mms[22m[39m
[90mstdout[2m | src/services/portalPaymentIntegration.test.ts[2m > [22m[2mPortal and Payment Integration[2m > [22m[2mComplete Payment Flow[2m > [22m[2mshould complete full payment flow from portal link to payment
[22m[39m[PortalService] Created portal token {
  tokenId: [32m'Xw9iH12NLledDEfkB-I7i'[39m,
  invoiceId: [32m'K-IrKkKdmV7aUWZdNQndf'[39m,
  email: [32m'customer@example.com'[39m
}

[90mstdout[2m | src/services/portalPaymentIntegration.test.ts[2m > [22m[2mPortal and Payment Integration[2m > [22m[2mComplete Payment Flow[2m > [22m[2mshould complete full payment flow from portal link to payment
[22m[39m[PortalService] Token validated successfully {
  tokenId: [32m'Xw9iH12NLledDEfkB-I7i'[39m,
  invoiceId: [32m'K-IrKkKdmV7aUWZdNQndf'[39m,
  accessCount: [33m1[39m
}

[90mstdout[2m | src/services/portalPaymentIntegration.test.ts[2m > [22m[2mPortal and Payment Integration[2m > [22m[2mComplete Payment Flow[2m > [22m[2mshould complete full payment flow from portal link to payment
[22m[39m[PaymentGateway] Created Stripe payment intent (mock) {
  paymentId: [32m'lDfvezc49iE9HFOmWWdA3'[39m,
  amount: [32m'110.00'[39m,
  currency: [32m'USD'[39m
}

[90mstdout[2m | src/services/portalPaymentIntegration.test.ts[2m > [22m[2mPortal and Payment Integration[2m > [22m[2mComplete Payment Flow[2m > [22m[2mshould complete full payment flow from portal link to payment
[22m[39m[PaymentGateway] Payment confirmed successfully {
  paymentId: [32m'lDfvezc49iE9HFOmWWdA3'[39m,
  invoiceId: [32m'K-IrKkKdmV7aUWZdNQndf'[39m,
  amount: [32m'110.00'[39m
}

[90mstdout[2m | src/services/portalPaymentIntegration.test.ts[2m > [22m[2mPortal and Payment Integration[2m > [22m[2mComplete Payment Flow[2m > [22m[2mshould handle failed payment without marking invoice as paid
[22m[39m[PortalService] Created portal token {
  tokenId: [32m'QPSlUQZyXR9EjSfmYxWhT'[39m,
  invoiceId: [32m'D_Ed1Ul1wrZ3eWhoobm60'[39m,
  email: [32m'customer@example.com'[39m
}

[90mstdout[2m | src/services/portalPaymentIntegration.test.ts[2m > [22m[2mPortal and Payment Integration[2m > [22m[2mComplete Payment Flow[2m > [22m[2mshould handle failed payment without marking invoice as paid
[22m[39m[PortalService] Token validated successfully {
  tokenId: [32m'QPSlUQZyXR9EjSfmYxWhT'[39m,
  invoiceId: [32m'D_Ed1Ul1wrZ3eWhoobm60'[39m,
  accessCount: [33m1[39m
}

[90mstdout[2m | src/services/portalPaymentIntegration.test.ts[2m > [22m[2mPortal and Payment Integration[2m > [22m[2mComplete Payment Flow[2m > [22m[2mshould handle failed payment without marking invoice as paid
[22m[39m[PaymentGateway] Created Stripe payment intent (mock) {
  paymentId: [32m'k99t3c1a2mDmwVZNgbsKX'[39m,
  amount: [32m'110.00'[39m,
  currency: [32m'USD'[39m
}

[90mstdout[2m | src/services/portalPaymentIntegration.test.ts[2m > [22m[2mPortal and Payment Integration[2m > [22m[2mComplete Payment Flow[2m > [22m[2mshould allow multiple payment attempts for same invoice
[22m[39m[PortalService] Created portal token {
  tokenId: [32m'joYGK276f57vKLCJa_Ylf'[39m,
  invoiceId: [32m'lSKVrZ4Oqwu9QNkrv8A_k'[39m,
  email: [32m'customer@example.com'[39m
}

[90mstdout[2m | src/services/portalPaymentIntegration.test.ts[2m > [22m[2mPortal and Payment Integration[2m > [22m[2mComplete Payment Flow[2m > [22m[2mshould allow multiple payment attempts for same invoice
[22m[39m[PaymentGateway] Created Stripe payment intent (mock) {
  paymentId: [32m'7_bIerjpPMwQSYzI1P7mt'[39m,
  amount: [32m'110.00'[39m,
  currency: [32m'USD'[39m
}

[90mstdout[2m | src/services/portalPaymentIntegration.test.ts[2m > [22m[2mPortal and Payment Integration[2m > [22m[2mComplete Payment Flow[2m > [22m[2mshould allow multiple payment attempts for same invoice
[22m[39m[PaymentGateway] Created Stripe payment intent (mock) {
  paymentId: [32m'IF2oZzn_VCaTXo11bh2p-'[39m,
  amount: [32m'110.00'[39m,
  currency: [32m'USD'[39m
}

[90mstdout[2m | src/services/portalPaymentIntegration.test.ts[2m > [22m[2mPortal and Payment Integration[2m > [22m[2mComplete Payment Flow[2m > [22m[2mshould allow multiple payment attempts for same invoice
[22m[39m[PaymentGateway] Payment confirmed successfully {
  paymentId: [32m'IF2oZzn_VCaTXo11bh2p-'[39m,
  invoiceId: [32m'lSKVrZ4Oqwu9QNkrv8A_k'[39m,
  amount: [32m'110.00'[39m
}

[90mstdout[2m | src/services/portalPaymentIntegration.test.ts[2m > [22m[2mPortal and Payment Integration[2m > [22m[2mComplete Payment Flow[2m > [22m[2mshould track portal token access during payment flow
[22m[39m[PortalService] Created portal token {
  tokenId: [32m'wiTOvbcR78z5z9q5gCIPS'[39m,
  invoiceId: [32m'PjbEQ3HgkSTs81Y1l0qvJ'[39m,
  email: [32m'customer@example.com'[39m
}

[90mstdout[2m | src/services/portalPaymentIntegration.test.ts[2m > [22m[2mPortal and Payment Integration[2m > [22m[2mComplete Payment Flow[2m > [22m[2mshould track portal token access during payment flow
[22m[39m[PortalService] Token validated successfully {
  tokenId: [32m'wiTOvbcR78z5z9q5gCIPS'[39m,
  invoiceId: [32m'PjbEQ3HgkSTs81Y1l0qvJ'[39m,
  accessCount: [33m1[39m
}

[90mstdout[2m | src/services/portalPaymentIntegration.test.ts[2m > [22m[2mPortal and Payment Integration[2m > [22m[2mComplete Payment Flow[2m > [22m[2mshould track portal token access during payment flow
[22m[39m[PortalService] Token validated successfully {
  tokenId: [32m'wiTOvbcR78z5z9q5gCIPS'[39m,
  invoiceId: [32m'PjbEQ3HgkSTs81Y1l0qvJ'[39m,
  accessCount: [33m2[39m
}

[90mstdout[2m | src/services/portalPaymentIntegration.test.ts[2m > [22m[2mPortal and Payment Integration[2m > [22m[2mComplete Payment Flow[2m > [22m[2mshould track portal token access during payment flow
[22m[39m[PortalService] Token validated successfully {
  tokenId: [32m'wiTOvbcR78z5z9q5gCIPS'[39m,
  invoiceId: [32m'PjbEQ3HgkSTs81Y1l0qvJ'[39m,
  accessCount: [33m3[39m
}

[90mstdout[2m | src/services/portalPaymentIntegration.test.ts[2m > [22m[2mPortal and Payment Integration[2m > [22m[2mComplete Payment Flow[2m > [22m[2mshould track portal token access during payment flow
[22m[39m[PaymentGateway] Created Stripe payment intent (mock) {
  paymentId: [32m'CBkqqvKAhOqjVqS6tvHv3'[39m,
  amount: [32m'110.00'[39m,
  currency: [32m'USD'[39m
}

[90mstdout[2m | src/services/portalPaymentIntegration.test.ts[2m > [22m[2mPortal and Payment Integration[2m > [22m[2mComplete Payment Flow[2m > [22m[2mshould track portal token access during payment flow
[22m[39m[PaymentGateway] Payment confirmed successfully {
  paymentId: [32m'CBkqqvKAhOqjVqS6tvHv3'[39m,
  invoiceId: [32m'PjbEQ3HgkSTs81Y1l0qvJ'[39m,
  amount: [32m'110.00'[39m
}

[90mstdout[2m | src/services/portalPaymentIntegration.test.ts[2m > [22m[2mPortal and Payment Integration[2m > [22m[2mComplete Payment Flow[2m > [22m[2mshould prevent payment with expired portal token
[22m[39m[PortalService] Created portal token {
  tokenId: [32m'mu00jJ9Fupp0cxGjV1_iY'[39m,
  invoiceId: [32m'dKfgCxO4aIaMg7_xa2d09'[39m,
  email: [32m'customer@example.com'[39m
}

[90mstderr[2m | src/services/portalPaymentIntegration.test.ts[2m > [22m[2mPortal and Payment Integration[2m > [22m[2mComplete Payment Flow[2m > [22m[2mshould prevent payment with expired portal token
[22m[39m[PortalService] Token is invalid {
  tokenId: [32m'mu00jJ9Fupp0cxGjV1_iY'[39m,
  expired: [33mtrue[39m,
  revoked: [33mfalse[39m,
  deleted: [33mfalse[39m
}

[90mstdout[2m | src/services/portalPaymentIntegration.test.ts[2m > [22m[2mPortal and Payment Integration[2m > [22m[2mComplete Payment Flow[2m > [22m[2mshould prevent payment with revoked portal token
[22m[39m[PortalService] Created portal token {
  tokenId: [32m'OOPxmCciB9_11qxS4lVVd'[39m,
  invoiceId: [32m'lJX4vIAZBXjDsG39ps7ki'[39m,
  email: [32m'customer@example.com'[39m
}

[90mstderr[2m | src/services/portalPaymentIntegration.test.ts[2m > [22m[2mPortal and Payment Integration[2m > [22m[2mComplete Payment Flow[2m > [22m[2mshould prevent payment with revoked portal token
[22m[39m[PortalService] Token is invalid {
  tokenId: [32m'OOPxmCciB9_11qxS4lVVd'[39m,
  expired: [33mfalse[39m,
  revoked: [33mtrue[39m,
  deleted: [33mfalse[39m
}

[90mstdout[2m | src/services/portalPaymentIntegration.test.ts[2m > [22m[2mPortal and Payment Integration[2m > [22m[2mComplete Payment Flow[2m > [22m[2mshould handle payment for already paid invoice gracefully
[22m[39m[PortalService] Created portal token {
  tokenId: [32m'Gr_YIw9ySr1dVBEFzJr3X'[39m,
  invoiceId: [32m'qSeth1OopY7N4fVqj4VEA'[39m,
  email: [32m'customer@example.com'[39m
}

[90mstdout[2m | src/services/portalPaymentIntegration.test.ts[2m > [22m[2mPortal and Payment Integration[2m > [22m[2mComplete Payment Flow[2m > [22m[2mshould handle payment for already paid invoice gracefully
[22m[39m[PaymentGateway] Created Stripe payment intent (mock) {
  paymentId: [32m'21iSfgTrlBdALI_ysMG7l'[39m,
  amount: [32m'110.00'[39m,
  currency: [32m'USD'[39m
}

[90mstdout[2m | src/services/portalPaymentIntegration.test.ts[2m > [22m[2mPortal and Payment Integration[2m > [22m[2mComplete Payment Flow[2m > [22m[2mshould handle payment for already paid invoice gracefully
[22m[39m[PaymentGateway] Payment confirmed successfully {
  paymentId: [32m'21iSfgTrlBdALI_ysMG7l'[39m,
  invoiceId: [32m'qSeth1OopY7N4fVqj4VEA'[39m,
  amount: [32m'110.00'[39m
}

[90mstdout[2m | src/services/portalPaymentIntegration.test.ts[2m > [22m[2mPortal and Payment Integration[2m > [22m[2mRate Limiting Integration[2m > [22m[2mshould rate limit excessive portal access attempts
[22m[39m[PortalService] Created portal token {
  tokenId: [32m'tgB1AbScRf797keAgQsqw'[39m,
  invoiceId: [32m'fIAkJ8ddUT9wefCvRGQ30'[39m,
  email: [32m'customer@example.com'[39m
}

[90mstdout[2m | src/services/portalPaymentIntegration.test.ts[2m > [22m[2mPortal and Payment Integration[2m > [22m[2mRate Limiting Integration[2m > [22m[2mshould rate limit excessive portal access attempts
[22m[39m[PortalService] Token validated successfully {
  tokenId: [32m'tgB1AbScRf797keAgQsqw'[39m,
  invoiceId: [32m'fIAkJ8ddUT9wefCvRGQ30'[39m,
  accessCount: [33m1[39m
}

[90mstdout[2m | src/services/portalPaymentIntegration.test.ts[2m > [22m[2mPortal and Payment Integration[2m > [22m[2mRate Limiting Integration[2m > [22m[2mshould rate limit excessive portal access attempts
[22m[39m[PortalService] Token validated successfully {
  tokenId: [32m'tgB1AbScRf797keAgQsqw'[39m,
  invoiceId: [32m'fIAkJ8ddUT9wefCvRGQ30'[39m,
  accessCount: [33m2[39m
}

[90mstdout[2m | src/services/portalPaymentIntegration.test.ts[2m > [22m[2mPortal and Payment Integration[2m > [22m[2mRate Limiting Integration[2m > [22m[2mshould rate limit excessive portal access attempts
[22m[39m[PortalService] Token validated successfully {
  tokenId: [32m'tgB1AbScRf797keAgQsqw'[39m,
  invoiceId: [32m'fIAkJ8ddUT9wefCvRGQ30'[39m,
  accessCount: [33m3[39m
}

[90mstdout[2m | src/services/portalPaymentIntegration.test.ts[2m > [22m[2mPortal and Payment Integration[2m > [22m[2mRate Limiting Integration[2m > [22m[2mshould rate limit excessive portal access attempts
[22m[39m[PortalService] Token validated successfully {
  tokenId: [32m'tgB1AbScRf797keAgQsqw'[39m,
  invoiceId: [32m'fIAkJ8ddUT9wefCvRGQ30'[39m,
  accessCount: [33m4[39m
}

[90mstdout[2m | src/services/portalPaymentIntegration.test.ts[2m > [22m[2mPortal and Payment Integration[2m > [22m[2mRate Limiting Integration[2m > [22m[2mshould rate limit excessive portal access attempts
[22m[39m[PortalService] Token validated successfully {
  tokenId: [32m'tgB1AbScRf797keAgQsqw'[39m,
  invoiceId: [32m'fIAkJ8ddUT9wefCvRGQ30'[39m,
  accessCount: [33m5[39m
}

[90mstdout[2m | src/services/portalPaymentIntegration.test.ts[2m > [22m[2mPortal and Payment Integration[2m > [22m[2mRate Limiting Integration[2m > [22m[2mshould rate limit excessive portal access attempts
[22m[39m[PortalService] Token validated successfully {
  tokenId: [32m'tgB1AbScRf797keAgQsqw'[39m,
  invoiceId: [32m'fIAkJ8ddUT9wefCvRGQ30'[39m,
  accessCount: [33m6[39m
}

[90mstdout[2m | src/services/portalPaymentIntegration.test.ts[2m > [22m[2mPortal and Payment Integration[2m > [22m[2mRate Limiting Integration[2m > [22m[2mshould rate limit excessive portal access attempts
[22m[39m[PortalService] Token validated successfully {
  tokenId: [32m'tgB1AbScRf797keAgQsqw'[39m,
  invoiceId: [32m'fIAkJ8ddUT9wefCvRGQ30'[39m,
  accessCount: [33m7[39m
}

[90mstdout[2m | src/services/portalPaymentIntegration.test.ts[2m > [22m[2mPortal and Payment Integration[2m > [22m[2mRate Limiting Integration[2m > [22m[2mshould rate limit excessive portal access attempts
[22m[39m[PortalService] Token validated successfully {
  tokenId: [32m'tgB1AbScRf797keAgQsqw'[39m,
  invoiceId: [32m'fIAkJ8ddUT9wefCvRGQ30'[39m,
  accessCount: [33m8[39m
}

[90mstdout[2m | src/services/portalPaymentIntegration.test.ts[2m > [22m[2mPortal and Payment Integration[2m > [22m[2mRate Limiting Integration[2m > [22m[2mshould rate limit excessive portal access attempts
[22m[39m[PortalService] Token validated successfully {
  tokenId: [32m'tgB1AbScRf797keAgQsqw'[39m,
  invoiceId: [32m'fIAkJ8ddUT9wefCvRGQ30'[39m,
  accessCount: [33m9[39m
}

[90mstdout[2m | src/services/portalPaymentIntegration.test.ts[2m > [22m[2mPortal and Payment Integration[2m > [22m[2mRate Limiting Integration[2m > [22m[2mshould rate limit excessive portal access attempts
[22m[39m[PortalService] Token validated successfully {
  tokenId: [32m'tgB1AbScRf797keAgQsqw'[39m,
  invoiceId: [32m'fIAkJ8ddUT9wefCvRGQ30'[39m,
  accessCount: [33m10[39m
}

[90mstdout[2m | src/services/portalPaymentIntegration.test.ts[2m > [22m[2mPortal and Payment Integration[2m > [22m[2mRate Limiting Integration[2m > [22m[2mshould rate limit excessive portal access attempts
[22m[39m[PortalService] Token validated successfully {
  tokenId: [32m'tgB1AbScRf797keAgQsqw'[39m,
  invoiceId: [32m'fIAkJ8ddUT9wefCvRGQ30'[39m,
  accessCount: [33m11[39m
}

[90mstdout[2m | src/services/portalPaymentIntegration.test.ts[2m > [22m[2mPortal and Payment Integration[2m > [22m[2mRate Limiting Integration[2m > [22m[2mshould rate limit excessive portal access attempts
[22m[39m[PortalService] Token validated successfully {
  tokenId: [32m'tgB1AbScRf797keAgQsqw'[39m,
  invoiceId: [32m'fIAkJ8ddUT9wefCvRGQ30'[39m,
  accessCount: [33m12[39m
}

[90mstdout[2m | src/services/portalPaymentIntegration.test.ts[2m > [22m[2mPortal and Payment Integration[2m > [22m[2mRate Limiting Integration[2m > [22m[2mshould rate limit excessive portal access attempts
[22m[39m[PortalService] Token validated successfully {
  tokenId: [32m'tgB1AbScRf797keAgQsqw'[39m,
  invoiceId: [32m'fIAkJ8ddUT9wefCvRGQ30'[39m,
  accessCount: [33m13[39m
}

[90mstdout[2m | src/services/portalPaymentIntegration.test.ts[2m > [22m[2mPortal and Payment Integration[2m > [22m[2mRate Limiting Integration[2m > [22m[2mshould rate limit excessive portal access attempts
[22m[39m[PortalService] Token validated successfully {
  tokenId: [32m'tgB1AbScRf797keAgQsqw'[39m,
  invoiceId: [32m'fIAkJ8ddUT9wefCvRGQ30'[39m,
  accessCount: [33m14[39m
}

[90mstdout[2m | src/services/portalPaymentIntegration.test.ts[2m > [22m[2mPortal and Payment Integration[2m > [22m[2mRate Limiting Integration[2m > [22m[2mshould rate limit excessive portal access attempts
[22m[39m[PortalService] Token validated successfully {
  tokenId: [32m'tgB1AbScRf797keAgQsqw'[39m,
  invoiceId: [32m'fIAkJ8ddUT9wefCvRGQ30'[39m,
  accessCount: [33m15[39m
}

[90mstdout[2m | src/services/portalPaymentIntegration.test.ts[2m > [22m[2mPortal and Payment Integration[2m > [22m[2mRate Limiting Integration[2m > [22m[2mshould rate limit excessive portal access attempts
[22m[39m[PortalService] Token validated successfully {
  tokenId: [32m'tgB1AbScRf797keAgQsqw'[39m,
  invoiceId: [32m'fIAkJ8ddUT9wefCvRGQ30'[39m,
  accessCount: [33m16[39m
}

[90mstdout[2m | src/services/portalPaymentIntegration.test.ts[2m > [22m[2mPortal and Payment Integration[2m > [22m[2mRate Limiting Integration[2m > [22m[2mshould rate limit excessive portal access attempts
[22m[39m[PortalService] Token validated successfully {
  tokenId: [32m'tgB1AbScRf797keAgQsqw'[39m,
  invoiceId: [32m'fIAkJ8ddUT9wefCvRGQ30'[39m,
  accessCount: [33m17[39m
}

[90mstdout[2m | src/services/portalPaymentIntegration.test.ts[2m > [22m[2mPortal and Payment Integration[2m > [22m[2mRate Limiting Integration[2m > [22m[2mshould rate limit excessive portal access attempts
[22m[39m[PortalService] Token validated successfully {
  tokenId: [32m'tgB1AbScRf797keAgQsqw'[39m,
  invoiceId: [32m'fIAkJ8ddUT9wefCvRGQ30'[39m,
  accessCount: [33m18[39m
}

[90mstdout[2m | src/services/portalPaymentIntegration.test.ts[2m > [22m[2mPortal and Payment Integration[2m > [22m[2mRate Limiting Integration[2m > [22m[2mshould rate limit excessive portal access attempts
[22m[39m[PortalService] Token validated successfully {
  tokenId: [32m'tgB1AbScRf797keAgQsqw'[39m,
  invoiceId: [32m'fIAkJ8ddUT9wefCvRGQ30'[39m,
  accessCount: [33m19[39m
}

[90mstdout[2m | src/services/portalPaymentIntegration.test.ts[2m > [22m[2mPortal and Payment Integration[2m > [22m[2mRate Limiting Integration[2m > [22m[2mshould rate limit excessive portal access attempts
[22m[39m[PortalService] Token validated successfully {
  tokenId: [32m'tgB1AbScRf797keAgQsqw'[39m,
  invoiceId: [32m'fIAkJ8ddUT9wefCvRGQ30'[39m,
  accessCount: [33m20[39m
}

[90mstdout[2m | src/services/portalPaymentIntegration.test.ts[2m > [22m[2mPortal and Payment Integration[2m > [22m[2mRate Limiting Integration[2m > [22m[2mshould rate limit excessive portal access attempts
[22m[39m[PortalService] Token validated successfully {
  tokenId: [32m'tgB1AbScRf797keAgQsqw'[39m,
  invoiceId: [32m'fIAkJ8ddUT9wefCvRGQ30'[39m,
  accessCount: [33m21[39m
}

[90mstdout[2m | src/services/portalPaymentIntegration.test.ts[2m > [22m[2mPortal and Payment Integration[2m > [22m[2mRate Limiting Integration[2m > [22m[2mshould rate limit excessive portal access attempts
[22m[39m[PortalService] Token validated successfully {
  tokenId: [32m'tgB1AbScRf797keAgQsqw'[39m,
  invoiceId: [32m'fIAkJ8ddUT9wefCvRGQ30'[39m,
  accessCount: [33m22[39m
}

[90mstdout[2m | src/services/portalPaymentIntegration.test.ts[2m > [22m[2mPortal and Payment Integration[2m > [22m[2mRate Limiting Integration[2m > [22m[2mshould rate limit excessive portal access attempts
[22m[39m[PortalService] Token validated successfully {
  tokenId: [32m'tgB1AbScRf797keAgQsqw'[39m,
  invoiceId: [32m'fIAkJ8ddUT9wefCvRGQ30'[39m,
  accessCount: [33m23[39m
}

[90mstdout[2m | src/services/portalPaymentIntegration.test.ts[2m > [22m[2mPortal and Payment Integration[2m > [22m[2mRate Limiting Integration[2m > [22m[2mshould rate limit excessive portal access attempts
[22m[39m[PortalService] Token validated successfully {
  tokenId: [32m'tgB1AbScRf797keAgQsqw'[39m,
  invoiceId: [32m'fIAkJ8ddUT9wefCvRGQ30'[39m,
  accessCount: [33m24[39m
}

[90mstdout[2m | src/services/portalPaymentIntegration.test.ts[2m > [22m[2mPortal and Payment Integration[2m > [22m[2mRate Limiting Integration[2m > [22m[2mshould rate limit excessive portal access attempts
[22m[39m[PortalService] Token validated successfully {
  tokenId: [32m'tgB1AbScRf797keAgQsqw'[39m,
  invoiceId: [32m'fIAkJ8ddUT9wefCvRGQ30'[39m,
  accessCount: [33m25[39m
}

[90mstdout[2m | src/services/portalPaymentIntegration.test.ts[2m > [22m[2mPortal and Payment Integration[2m > [22m[2mRate Limiting Integration[2m > [22m[2mshould rate limit excessive portal access attempts
[22m[39m[PortalService] Token validated successfully {
  tokenId: [32m'tgB1AbScRf797keAgQsqw'[39m,
  invoiceId: [32m'fIAkJ8ddUT9wefCvRGQ30'[39m,
  accessCount: [33m26[39m
}

[90mstdout[2m | src/services/portalPaymentIntegration.test.ts[2m > [22m[2mPortal and Payment Integration[2m > [22m[2mRate Limiting Integration[2m > [22m[2mshould rate limit excessive portal access attempts
[22m[39m[PortalService] Token validated successfully {
  tokenId: [32m'tgB1AbScRf797keAgQsqw'[39m,
  invoiceId: [32m'fIAkJ8ddUT9wefCvRGQ30'[39m,
  accessCount: [33m27[39m
}

[90mstdout[2m | src/services/portalPaymentIntegration.test.ts[2m > [22m[2mPortal and Payment Integration[2m > [22m[2mRate Limiting Integration[2m > [22m[2mshould rate limit excessive portal access attempts
[22m[39m[PortalService] Token validated successfully {
  tokenId: [32m'tgB1AbScRf797keAgQsqw'[39m,
  invoiceId: [32m'fIAkJ8ddUT9wefCvRGQ30'[39m,
  accessCount: [33m28[39m
}

[90mstdout[2m | src/services/portalPaymentIntegration.test.ts[2m > [22m[2mPortal and Payment Integration[2m > [22m[2mRate Limiting Integration[2m > [22m[2mshould rate limit excessive portal access attempts
[22m[39m[PortalService] Token validated successfully {
  tokenId: [32m'tgB1AbScRf797keAgQsqw'[39m,
  invoiceId: [32m'fIAkJ8ddUT9wefCvRGQ30'[39m,
  accessCount: [33m29[39m
}

[90mstdout[2m | src/services/portalPaymentIntegration.test.ts[2m > [22m[2mPortal and Payment Integration[2m > [22m[2mRate Limiting Integration[2m > [22m[2mshould rate limit excessive portal access attempts
[22m[39m[PortalService] Token validated successfully {
  tokenId: [32m'tgB1AbScRf797keAgQsqw'[39m,
  invoiceId: [32m'fIAkJ8ddUT9wefCvRGQ30'[39m,
  accessCount: [33m30[39m
}

[90mstdout[2m | src/services/portalPaymentIntegration.test.ts[2m > [22m[2mPortal and Payment Integration[2m > [22m[2mRate Limiting Integration[2m > [22m[2mshould rate limit excessive portal access attempts
[22m[39m[PortalService] Token validated successfully {
  tokenId: [32m'tgB1AbScRf797keAgQsqw'[39m,
  invoiceId: [32m'fIAkJ8ddUT9wefCvRGQ30'[39m,
  accessCount: [33m31[39m
}

[90mstdout[2m | src/services/portalPaymentIntegration.test.ts[2m > [22m[2mPortal and Payment Integration[2m > [22m[2mRate Limiting Integration[2m > [22m[2mshould rate limit excessive portal access attempts
[22m[39m[PortalService] Token validated successfully {
  tokenId: [32m'tgB1AbScRf797keAgQsqw'[39m,
  invoiceId: [32m'fIAkJ8ddUT9wefCvRGQ30'[39m,
  accessCount: [33m32[39m
}

[90mstdout[2m | src/services/portalPaymentIntegration.test.ts[2m > [22m[2mPortal and Payment Integration[2m > [22m[2mRate Limiting Integration[2m > [22m[2mshould rate limit excessive portal access attempts
[22m[39m[PortalService] Token validated successfully {
  tokenId: [32m'tgB1AbScRf797keAgQsqw'[39m,
  invoiceId: [32m'fIAkJ8ddUT9wefCvRGQ30'[39m,
  accessCount: [33m33[39m
}

[90mstdout[2m | src/services/portalPaymentIntegration.test.ts[2m > [22m[2mPortal and Payment Integration[2m > [22m[2mRate Limiting Integration[2m > [22m[2mshould rate limit excessive portal access attempts
[22m[39m[PortalService] Token validated successfully {
  tokenId: [32m'tgB1AbScRf797keAgQsqw'[39m,
  invoiceId: [32m'fIAkJ8ddUT9wefCvRGQ30'[39m,
  accessCount: [33m34[39m
}

[90mstdout[2m | src/services/portalPaymentIntegration.test.ts[2m > [22m[2mPortal and Payment Integration[2m > [22m[2mRate Limiting Integration[2m > [22m[2mshould rate limit excessive portal access attempts
[22m[39m[PortalService] Token validated successfully {
  tokenId: [32m'tgB1AbScRf797keAgQsqw'[39m,
  invoiceId: [32m'fIAkJ8ddUT9wefCvRGQ30'[39m,
  accessCount: [33m35[39m
}

[90mstdout[2m | src/services/portalPaymentIntegration.test.ts[2m > [22m[2mPortal and Payment Integration[2m > [22m[2mRate Limiting Integration[2m > [22m[2mshould rate limit excessive portal access attempts
[22m[39m[PortalService] Token validated successfully {
  tokenId: [32m'tgB1AbScRf797keAgQsqw'[39m,
  invoiceId: [32m'fIAkJ8ddUT9wefCvRGQ30'[39m,
  accessCount: [33m36[39m
}

[90mstdout[2m | src/services/portalPaymentIntegration.test.ts[2m > [22m[2mPortal and Payment Integration[2m > [22m[2mRate Limiting Integration[2m > [22m[2mshould rate limit excessive portal access attempts
[22m[39m[PortalService] Token validated successfully {
  tokenId: [32m'tgB1AbScRf797keAgQsqw'[39m,
  invoiceId: [32m'fIAkJ8ddUT9wefCvRGQ30'[39m,
  accessCount: [33m37[39m
}

[90mstdout[2m | src/services/portalPaymentIntegration.test.ts[2m > [22m[2mPortal and Payment Integration[2m > [22m[2mRate Limiting Integration[2m > [22m[2mshould rate limit excessive portal access attempts
[22m[39m[PortalService] Token validated successfully {
  tokenId: [32m'tgB1AbScRf797keAgQsqw'[39m,
  invoiceId: [32m'fIAkJ8ddUT9wefCvRGQ30'[39m,
  accessCount: [33m38[39m
}

[90mstdout[2m | src/services/portalPaymentIntegration.test.ts[2m > [22m[2mPortal and Payment Integration[2m > [22m[2mRate Limiting Integration[2m > [22m[2mshould rate limit excessive portal access attempts
[22m[39m[PortalService] Token validated successfully {
  tokenId: [32m'tgB1AbScRf797keAgQsqw'[39m,
  invoiceId: [32m'fIAkJ8ddUT9wefCvRGQ30'[39m,
  accessCount: [33m39[39m
}

[90mstdout[2m | src/services/portalPaymentIntegration.test.ts[2m > [22m[2mPortal and Payment Integration[2m > [22m[2mRate Limiting Integration[2m > [22m[2mshould rate limit excessive portal access attempts
[22m[39m[PortalService] Token validated successfully {
  tokenId: [32m'tgB1AbScRf797keAgQsqw'[39m,
  invoiceId: [32m'fIAkJ8ddUT9wefCvRGQ30'[39m,
  accessCount: [33m40[39m
}

[90mstdout[2m | src/services/portalPaymentIntegration.test.ts[2m > [22m[2mPortal and Payment Integration[2m > [22m[2mRate Limiting Integration[2m > [22m[2mshould rate limit excessive portal access attempts
[22m[39m[PortalService] Token validated successfully {
  tokenId: [32m'tgB1AbScRf797keAgQsqw'[39m,
  invoiceId: [32m'fIAkJ8ddUT9wefCvRGQ30'[39m,
  accessCount: [33m41[39m
}

[90mstdout[2m | src/services/portalPaymentIntegration.test.ts[2m > [22m[2mPortal and Payment Integration[2m > [22m[2mRate Limiting Integration[2m > [22m[2mshould rate limit excessive portal access attempts
[22m[39m[PortalService] Token validated successfully {
  tokenId: [32m'tgB1AbScRf797keAgQsqw'[39m,
  invoiceId: [32m'fIAkJ8ddUT9wefCvRGQ30'[39m,
  accessCount: [33m42[39m
}

[90mstdout[2m | src/services/portalPaymentIntegration.test.ts[2m > [22m[2mPortal and Payment Integration[2m > [22m[2mRate Limiting Integration[2m > [22m[2mshould rate limit excessive portal access attempts
[22m[39m[PortalService] Token validated successfully {
  tokenId: [32m'tgB1AbScRf797keAgQsqw'[39m,
  invoiceId: [32m'fIAkJ8ddUT9wefCvRGQ30'[39m,
  accessCount: [33m43[39m
}

[90mstdout[2m | src/services/portalPaymentIntegration.test.ts[2m > [22m[2mPortal and Payment Integration[2m > [22m[2mRate Limiting Integration[2m > [22m[2mshould rate limit excessive portal access attempts
[22m[39m[PortalService] Token validated successfully {
  tokenId: [32m'tgB1AbScRf797keAgQsqw'[39m,
  invoiceId: [32m'fIAkJ8ddUT9wefCvRGQ30'[39m,
  accessCount: [33m44[39m
}

[90mstdout[2m | src/services/portalPaymentIntegration.test.ts[2m > [22m[2mPortal and Payment Integration[2m > [22m[2mRate Limiting Integration[2m > [22m[2mshould rate limit excessive portal access attempts
[22m[39m[PortalService] Token validated successfully {
  tokenId: [32m'tgB1AbScRf797keAgQsqw'[39m,
  invoiceId: [32m'fIAkJ8ddUT9wefCvRGQ30'[39m,
  accessCount: [33m45[39m
}

[90mstdout[2m | src/services/portalPaymentIntegration.test.ts[2m > [22m[2mPortal and Payment Integration[2m > [22m[2mRate Limiting Integration[2m > [22m[2mshould rate limit excessive portal access attempts
[22m[39m[PortalService] Token validated successfully {
  tokenId: [32m'tgB1AbScRf797keAgQsqw'[39m,
  invoiceId: [32m'fIAkJ8ddUT9wefCvRGQ30'[39m,
  accessCount: [33m46[39m
}

[90mstdout[2m | src/services/portalPaymentIntegration.test.ts[2m > [22m[2mPortal and Payment Integration[2m > [22m[2mRate Limiting Integration[2m > [22m[2mshould rate limit excessive portal access attempts
[22m[39m[PortalService] Token validated successfully {
  tokenId: [32m'tgB1AbScRf797keAgQsqw'[39m,
  invoiceId: [32m'fIAkJ8ddUT9wefCvRGQ30'[39m,
  accessCount: [33m47[39m
}

[90mstdout[2m | src/services/portalPaymentIntegration.test.ts[2m > [22m[2mPortal and Payment Integration[2m > [22m[2mRate Limiting Integration[2m > [22m[2mshould rate limit excessive portal access attempts
[22m[39m[PortalService] Token validated successfully {
  tokenId: [32m'tgB1AbScRf797keAgQsqw'[39m,
  invoiceId: [32m'fIAkJ8ddUT9wefCvRGQ30'[39m,
  accessCount: [33m48[39m
}

[90mstdout[2m | src/services/portalPaymentIntegration.test.ts[2m > [22m[2mPortal and Payment Integration[2m > [22m[2mRate Limiting Integration[2m > [22m[2mshould rate limit excessive portal access attempts
[22m[39m[PortalService] Token validated successfully {
  tokenId: [32m'tgB1AbScRf797keAgQsqw'[39m,
  invoiceId: [32m'fIAkJ8ddUT9wefCvRGQ30'[39m,
  accessCount: [33m49[39m
}

[90mstdout[2m | src/services/portalPaymentIntegration.test.ts[2m > [22m[2mPortal and Payment Integration[2m > [22m[2mRate Limiting Integration[2m > [22m[2mshould rate limit excessive portal access attempts
[22m[39m[PortalService] Token validated successfully {
  tokenId: [32m'tgB1AbScRf797keAgQsqw'[39m,
  invoiceId: [32m'fIAkJ8ddUT9wefCvRGQ30'[39m,
  accessCount: [33m50[39m
}

[90mstderr[2m | src/services/portalPaymentIntegration.test.ts[2m > [22m[2mPortal and Payment Integration[2m > [22m[2mRate Limiting Integration[2m > [22m[2mshould rate limit excessive portal access attempts
[22m[39m[PortalService] Rate limit exceeded { ip: [32m'10.0.0.100'[39m, requests: [33m100[39m }

[90mstdout[2m | src/services/portalPaymentIntegration.test.ts[2m > [22m[2mPortal and Payment Integration[2m > [22m[2mRate Limiting Integration[2m > [22m[2mshould allow payment creation even after multiple portal views
[22m[39m[PortalService] Created portal token {
  tokenId: [32m'voF02HgXf4uVZ4j4ZRpAu'[39m,
  invoiceId: [32m'dQE4elW4dUJl4FDnn0VJ3'[39m,
  email: [32m'customer@example.com'[39m
}

[90mstdout[2m | src/services/portalPaymentIntegration.test.ts[2m > [22m[2mPortal and Payment Integration[2m > [22m[2mRate Limiting Integration[2m > [22m[2mshould allow payment creation even after multiple portal views
[22m[39m[PortalService] Token validated successfully {
  tokenId: [32m'voF02HgXf4uVZ4j4ZRpAu'[39m,
  invoiceId: [32m'dQE4elW4dUJl4FDnn0VJ3'[39m,
  accessCount: [33m1[39m
}

[90mstdout[2m | src/services/portalPaymentIntegration.test.ts[2m > [22m[2mPortal and Payment Integration[2m > [22m[2mRate Limiting Integration[2m > [22m[2mshould allow payment creation even after multiple portal views
[22m[39m[PortalService] Token validated successfully {
  tokenId: [32m'voF02HgXf4uVZ4j4ZRpAu'[39m,
  invoiceId: [32m'dQE4elW4dUJl4FDnn0VJ3'[39m,
  accessCount: [33m2[39m
}

[90mstdout[2m | src/services/portalPaymentIntegration.test.ts[2m > [22m[2mPortal and Payment Integration[2m > [22m[2mRate Limiting Integration[2m > [22m[2mshould allow payment creation even after multiple portal views
[22m[39m[PortalService] Token validated successfully {
  tokenId: [32m'voF02HgXf4uVZ4j4ZRpAu'[39m,
  invoiceId: [32m'dQE4elW4dUJl4FDnn0VJ3'[39m,
  accessCount: [33m3[39m
}

[90mstdout[2m | src/services/portalPaymentIntegration.test.ts[2m > [22m[2mPortal and Payment Integration[2m > [22m[2mRate Limiting Integration[2m > [22m[2mshould allow payment creation even after multiple portal views
[22m[39m[PortalService] Token validated successfully {
  tokenId: [32m'voF02HgXf4uVZ4j4ZRpAu'[39m,
  invoiceId: [32m'dQE4elW4dUJl4FDnn0VJ3'[39m,
  accessCount: [33m4[39m
}

[90mstdout[2m | src/services/portalPaymentIntegration.test.ts[2m > [22m[2mPortal and Payment Integration[2m > [22m[2mRate Limiting Integration[2m > [22m[2mshould allow payment creation even after multiple portal views
[22m[39m[PortalService] Token validated successfully {
  tokenId: [32m'voF02HgXf4uVZ4j4ZRpAu'[39m,
  invoiceId: [32m'dQE4elW4dUJl4FDnn0VJ3'[39m,
  accessCount: [33m5[39m
}

[90mstdout[2m | src/services/portalPaymentIntegration.test.ts[2m > [22m[2mPortal and Payment Integration[2m > [22m[2mRate Limiting Integration[2m > [22m[2mshould allow payment creation even after multiple portal views
[22m[39m[PortalService] Token validated successfully {
  tokenId: [32m'voF02HgXf4uVZ4j4ZRpAu'[39m,
  invoiceId: [32m'dQE4elW4dUJl4FDnn0VJ3'[39m,
  accessCount: [33m6[39m
}

[90mstdout[2m | src/services/portalPaymentIntegration.test.ts[2m > [22m[2mPortal and Payment Integration[2m > [22m[2mRate Limiting Integration[2m > [22m[2mshould allow payment creation even after multiple portal views
[22m[39m[PortalService] Token validated successfully {
  tokenId: [32m'voF02HgXf4uVZ4j4ZRpAu'[39m,
  invoiceId: [32m'dQE4elW4dUJl4FDnn0VJ3'[39m,
  accessCount: [33m7[39m
}

[90mstdout[2m | src/services/portalPaymentIntegration.test.ts[2m > [22m[2mPortal and Payment Integration[2m > [22m[2mRate Limiting Integration[2m > [22m[2mshould allow payment creation even after multiple portal views
[22m[39m[PortalService] Token validated successfully {
  tokenId: [32m'voF02HgXf4uVZ4j4ZRpAu'[39m,
  invoiceId: [32m'dQE4elW4dUJl4FDnn0VJ3'[39m,
  accessCount: [33m8[39m
}

[90mstdout[2m | src/services/portalPaymentIntegration.test.ts[2m > [22m[2mPortal and Payment Integration[2m > [22m[2mRate Limiting Integration[2m > [22m[2mshould allow payment creation even after multiple portal views
[22m[39m[PortalService] Token validated successfully {
  tokenId: [32m'voF02HgXf4uVZ4j4ZRpAu'[39m,
  invoiceId: [32m'dQE4elW4dUJl4FDnn0VJ3'[39m,
  accessCount: [33m9[39m
}

[90mstdout[2m | src/services/portalPaymentIntegration.test.ts[2m > [22m[2mPortal and Payment Integration[2m > [22m[2mRate Limiting Integration[2m > [22m[2mshould allow payment creation even after multiple portal views
[22m[39m[PortalService] Token validated successfully {
  tokenId: [32m'voF02HgXf4uVZ4j4ZRpAu'[39m,
  invoiceId: [32m'dQE4elW4dUJl4FDnn0VJ3'[39m,
  accessCount: [33m10[39m
}

[90mstdout[2m | src/services/portalPaymentIntegration.test.ts[2m > [22m[2mPortal and Payment Integration[2m > [22m[2mRate Limiting Integration[2m > [22m[2mshould allow payment creation even after multiple portal views
[22m[39m[PortalService] Token validated successfully {
  tokenId: [32m'voF02HgXf4uVZ4j4ZRpAu'[39m,
  invoiceId: [32m'dQE4elW4dUJl4FDnn0VJ3'[39m,
  accessCount: [33m11[39m
}

[90mstdout[2m | src/services/portalPaymentIntegration.test.ts[2m > [22m[2mPortal and Payment Integration[2m > [22m[2mRate Limiting Integration[2m > [22m[2mshould allow payment creation even after multiple portal views
[22m[39m[PortalService] Token validated successfully {
  tokenId: [32m'voF02HgXf4uVZ4j4ZRpAu'[39m,
  invoiceId: [32m'dQE4elW4dUJl4FDnn0VJ3'[39m,
  accessCount: [33m12[39m
}

[90mstdout[2m | src/services/portalPaymentIntegration.test.ts[2m > [22m[2mPortal and Payment Integration[2m > [22m[2mRate Limiting Integration[2m > [22m[2mshould allow payment creation even after multiple portal views
[22m[39m[PortalService] Token validated successfully {
  tokenId: [32m'voF02HgXf4uVZ4j4ZRpAu'[39m,
  invoiceId: [32m'dQE4elW4dUJl4FDnn0VJ3'[39m,
  accessCount: [33m13[39m
}

[90mstdout[2m | src/services/portalPaymentIntegration.test.ts[2m > [22m[2mPortal and Payment Integration[2m > [22m[2mRate Limiting Integration[2m > [22m[2mshould allow payment creation even after multiple portal views
[22m[39m[PortalService] Token validated successfully {
  tokenId: [32m'voF02HgXf4uVZ4j4ZRpAu'[39m,
  invoiceId: [32m'dQE4elW4dUJl4FDnn0VJ3'[39m,
  accessCount: [33m14[39m
}

[90mstdout[2m | src/services/portalPaymentIntegration.test.ts[2m > [22m[2mPortal and Payment Integration[2m > [22m[2mRate Limiting Integration[2m > [22m[2mshould allow payment creation even after multiple portal views
[22m[39m[PortalService] Token validated successfully {
  tokenId: [32m'voF02HgXf4uVZ4j4ZRpAu'[39m,
  invoiceId: [32m'dQE4elW4dUJl4FDnn0VJ3'[39m,
  accessCount: [33m15[39m
}

[90mstdout[2m | src/services/portalPaymentIntegration.test.ts[2m > [22m[2mPortal and Payment Integration[2m > [22m[2mRate Limiting Integration[2m > [22m[2mshould allow payment creation even after multiple portal views
[22m[39m[PortalService] Token validated successfully {
  tokenId: [32m'voF02HgXf4uVZ4j4ZRpAu'[39m,
  invoiceId: [32m'dQE4elW4dUJl4FDnn0VJ3'[39m,
  accessCount: [33m16[39m
}

[90mstdout[2m | src/services/portalPaymentIntegration.test.ts[2m > [22m[2mPortal and Payment Integration[2m > [22m[2mRate Limiting Integration[2m > [22m[2mshould allow payment creation even after multiple portal views
[22m[39m[PortalService] Token validated successfully {
  tokenId: [32m'voF02HgXf4uVZ4j4ZRpAu'[39m,
  invoiceId: [32m'dQE4elW4dUJl4FDnn0VJ3'[39m,
  accessCount: [33m17[39m
}

[90mstdout[2m | src/services/portalPaymentIntegration.test.ts[2m > [22m[2mPortal and Payment Integration[2m > [22m[2mRate Limiting Integration[2m > [22m[2mshould allow payment creation even after multiple portal views
[22m[39m[PortalService] Token validated successfully {
  tokenId: [32m'voF02HgXf4uVZ4j4ZRpAu'[39m,
  invoiceId: [32m'dQE4elW4dUJl4FDnn0VJ3'[39m,
  accessCount: [33m18[39m
}

[90mstdout[2m | src/services/portalPaymentIntegration.test.ts[2m > [22m[2mPortal and Payment Integration[2m > [22m[2mRate Limiting Integration[2m > [22m[2mshould allow payment creation even after multiple portal views
[22m[39m[PortalService] Token validated successfully {
  tokenId: [32m'voF02HgXf4uVZ4j4ZRpAu'[39m,
  invoiceId: [32m'dQE4elW4dUJl4FDnn0VJ3'[39m,
  accessCount: [33m19[39m
}

[90mstdout[2m | src/services/portalPaymentIntegration.test.ts[2m > [22m[2mPortal and Payment Integration[2m > [22m[2mRate Limiting Integration[2m > [22m[2mshould allow payment creation even after multiple portal views
[22m[39m[PortalService] Token validated successfully {
  tokenId: [32m'voF02HgXf4uVZ4j4ZRpAu'[39m,
  invoiceId: [32m'dQE4elW4dUJl4FDnn0VJ3'[39m,
  accessCount: [33m20[39m
}

[90mstdout[2m | src/services/portalPaymentIntegration.test.ts[2m > [22m[2mPortal and Payment Integration[2m > [22m[2mRate Limiting Integration[2m > [22m[2mshould allow payment creation even after multiple portal views
[22m[39m[PortalService] Token validated successfully {
  tokenId: [32m'voF02HgXf4uVZ4j4ZRpAu'[39m,
  invoiceId: [32m'dQE4elW4dUJl4FDnn0VJ3'[39m,
  accessCount: [33m21[39m
}

[90mstdout[2m | src/services/portalPaymentIntegration.test.ts[2m > [22m[2mPortal and Payment Integration[2m > [22m[2mRate Limiting Integration[2m > [22m[2mshould allow payment creation even after multiple portal views
[22m[39m[PortalService] Token validated successfully {
  tokenId: [32m'voF02HgXf4uVZ4j4ZRpAu'[39m,
  invoiceId: [32m'dQE4elW4dUJl4FDnn0VJ3'[39m,
  accessCount: [33m22[39m
}

[90mstdout[2m | src/services/portalPaymentIntegration.test.ts[2m > [22m[2mPortal and Payment Integration[2m > [22m[2mRate Limiting Integration[2m > [22m[2mshould allow payment creation even after multiple portal views
[22m[39m[PortalService] Token validated successfully {
  tokenId: [32m'voF02HgXf4uVZ4j4ZRpAu'[39m,
  invoiceId: [32m'dQE4elW4dUJl4FDnn0VJ3'[39m,
  accessCount: [33m23[39m
}

[90mstdout[2m | src/services/portalPaymentIntegration.test.ts[2m > [22m[2mPortal and Payment Integration[2m > [22m[2mRate Limiting Integration[2m > [22m[2mshould allow payment creation even after multiple portal views
[22m[39m[PortalService] Token validated successfully {
  tokenId: [32m'voF02HgXf4uVZ4j4ZRpAu'[39m,
  invoiceId: [32m'dQE4elW4dUJl4FDnn0VJ3'[39m,
  accessCount: [33m24[39m
}

[90mstdout[2m | src/services/portalPaymentIntegration.test.ts[2m > [22m[2mPortal and Payment Integration[2m > [22m[2mRate Limiting Integration[2m > [22m[2mshould allow payment creation even after multiple portal views
[22m[39m[PortalService] Token validated successfully {
  tokenId: [32m'voF02HgXf4uVZ4j4ZRpAu'[39m,
  invoiceId: [32m'dQE4elW4dUJl4FDnn0VJ3'[39m,
  accessCount: [33m25[39m
}

[90mstdout[2m | src/services/portalPaymentIntegration.test.ts[2m > [22m[2mPortal and Payment Integration[2m > [22m[2mRate Limiting Integration[2m > [22m[2mshould allow payment creation even after multiple portal views
[22m[39m[PortalService] Token validated successfully {
  tokenId: [32m'voF02HgXf4uVZ4j4ZRpAu'[39m,
  invoiceId: [32m'dQE4elW4dUJl4FDnn0VJ3'[39m,
  accessCount: [33m26[39m
}

[90mstdout[2m | src/services/portalPaymentIntegration.test.ts[2m > [22m[2mPortal and Payment Integration[2m > [22m[2mRate Limiting Integration[2m > [22m[2mshould allow payment creation even after multiple portal views
[22m[39m[PortalService] Token validated successfully {
  tokenId: [32m'voF02HgXf4uVZ4j4ZRpAu'[39m,
  invoiceId: [32m'dQE4elW4dUJl4FDnn0VJ3'[39m,
  accessCount: [33m27[39m
}

[90mstdout[2m | src/services/portalPaymentIntegration.test.ts[2m > [22m[2mPortal and Payment Integration[2m > [22m[2mRate Limiting Integration[2m > [22m[2mshould allow payment creation even after multiple portal views
[22m[39m[PortalService] Token validated successfully {
  tokenId: [32m'voF02HgXf4uVZ4j4ZRpAu'[39m,
  invoiceId: [32m'dQE4elW4dUJl4FDnn0VJ3'[39m,
  accessCount: [33m28[39m
}

[90mstdout[2m | src/services/portalPaymentIntegration.test.ts[2m > [22m[2mPortal and Payment Integration[2m > [22m[2mRate Limiting Integration[2m > [22m[2mshould allow payment creation even after multiple portal views
[22m[39m[PortalService] Token validated successfully {
  tokenId: [32m'voF02HgXf4uVZ4j4ZRpAu'[39m,
  invoiceId: [32m'dQE4elW4dUJl4FDnn0VJ3'[39m,
  accessCount: [33m29[39m
}

[90mstdout[2m | src/services/portalPaymentIntegration.test.ts[2m > [22m[2mPortal and Payment Integration[2m > [22m[2mRate Limiting Integration[2m > [22m[2mshould allow payment creation even after multiple portal views
[22m[39m[PortalService] Token validated successfully {
  tokenId: [32m'voF02HgXf4uVZ4j4ZRpAu'[39m,
  invoiceId: [32m'dQE4elW4dUJl4FDnn0VJ3'[39m,
  accessCount: [33m30[39m
}

[90mstdout[2m | src/services/portalPaymentIntegration.test.ts[2m > [22m[2mPortal and Payment Integration[2m > [22m[2mRate Limiting Integration[2m > [22m[2mshould allow payment creation even after multiple portal views
[22m[39m[PortalService] Token validated successfully {
  tokenId: [32m'voF02HgXf4uVZ4j4ZRpAu'[39m,
  invoiceId: [32m'dQE4elW4dUJl4FDnn0VJ3'[39m,
  accessCount: [33m31[39m
}

[90mstdout[2m | src/services/portalPaymentIntegration.test.ts[2m > [22m[2mPortal and Payment Integration[2m > [22m[2mRate Limiting Integration[2m > [22m[2mshould allow payment creation even after multiple portal views
[22m[39m[PortalService] Token validated successfully {
  tokenId: [32m'voF02HgXf4uVZ4j4ZRpAu'[39m,
  invoiceId: [32m'dQE4elW4dUJl4FDnn0VJ3'[39m,
  accessCount: [33m32[39m
}

[90mstdout[2m | src/services/portalPaymentIntegration.test.ts[2m > [22m[2mPortal and Payment Integration[2m > [22m[2mRate Limiting Integration[2m > [22m[2mshould allow payment creation even after multiple portal views
[22m[39m[PortalService] Token validated successfully {
  tokenId: [32m'voF02HgXf4uVZ4j4ZRpAu'[39m,
  invoiceId: [32m'dQE4elW4dUJl4FDnn0VJ3'[39m,
  accessCount: [33m33[39m
}

[90mstdout[2m | src/services/portalPaymentIntegration.test.ts[2m > [22m[2mPortal and Payment Integration[2m > [22m[2mRate Limiting Integration[2m > [22m[2mshould allow payment creation even after multiple portal views
[22m[39m[PortalService] Token validated successfully {
  tokenId: [32m'voF02HgXf4uVZ4j4ZRpAu'[39m,
  invoiceId: [32m'dQE4elW4dUJl4FDnn0VJ3'[39m,
  accessCount: [33m34[39m
}

[90mstdout[2m | src/services/portalPaymentIntegration.test.ts[2m > [22m[2mPortal and Payment Integration[2m > [22m[2mRate Limiting Integration[2m > [22m[2mshould allow payment creation even after multiple portal views
[22m[39m[PortalService] Token validated successfully {
  tokenId: [32m'voF02HgXf4uVZ4j4ZRpAu'[39m,
  invoiceId: [32m'dQE4elW4dUJl4FDnn0VJ3'[39m,
  accessCount: [33m35[39m
}

[90mstdout[2m | src/services/portalPaymentIntegration.test.ts[2m > [22m[2mPortal and Payment Integration[2m > [22m[2mRate Limiting Integration[2m > [22m[2mshould allow payment creation even after multiple portal views
[22m[39m[PortalService] Token validated successfully {
  tokenId: [32m'voF02HgXf4uVZ4j4ZRpAu'[39m,
  invoiceId: [32m'dQE4elW4dUJl4FDnn0VJ3'[39m,
  accessCount: [33m36[39m
}

[90mstdout[2m | src/services/portalPaymentIntegration.test.ts[2m > [22m[2mPortal and Payment Integration[2m > [22m[2mRate Limiting Integration[2m > [22m[2mshould allow payment creation even after multiple portal views
[22m[39m[PortalService] Token validated successfully {
  tokenId: [32m'voF02HgXf4uVZ4j4ZRpAu'[39m,
  invoiceId: [32m'dQE4elW4dUJl4FDnn0VJ3'[39m,
  accessCount: [33m37[39m
}

[90mstdout[2m | src/services/portalPaymentIntegration.test.ts[2m > [22m[2mPortal and Payment Integration[2m > [22m[2mRate Limiting Integration[2m > [22m[2mshould allow payment creation even after multiple portal views
[22m[39m[PortalService] Token validated successfully {
  tokenId: [32m'voF02HgXf4uVZ4j4ZRpAu'[39m,
  invoiceId: [32m'dQE4elW4dUJl4FDnn0VJ3'[39m,
  accessCount: [33m38[39m
}

[90mstdout[2m | src/services/portalPaymentIntegration.test.ts[2m > [22m[2mPortal and Payment Integration[2m > [22m[2mRate Limiting Integration[2m > [22m[2mshould allow payment creation even after multiple portal views
[22m[39m[PortalService] Token validated successfully {
  tokenId: [32m'voF02HgXf4uVZ4j4ZRpAu'[39m,
  invoiceId: [32m'dQE4elW4dUJl4FDnn0VJ3'[39m,
  accessCount: [33m39[39m
}

[90mstdout[2m | src/services/portalPaymentIntegration.test.ts[2m > [22m[2mPortal and Payment Integration[2m > [22m[2mRate Limiting Integration[2m > [22m[2mshould allow payment creation even after multiple portal views
[22m[39m[PortalService] Token validated successfully {
  tokenId: [32m'voF02HgXf4uVZ4j4ZRpAu'[39m,
  invoiceId: [32m'dQE4elW4dUJl4FDnn0VJ3'[39m,
  accessCount: [33m40[39m
}

[90mstdout[2m | src/services/portalPaymentIntegration.test.ts[2m > [22m[2mPortal and Payment Integration[2m > [22m[2mRate Limiting Integration[2m > [22m[2mshould allow payment creation even after multiple portal views
[22m[39m[PortalService] Token validated successfully {
  tokenId: [32m'voF02HgXf4uVZ4j4ZRpAu'[39m,
  invoiceId: [32m'dQE4elW4dUJl4FDnn0VJ3'[39m,
  accessCount: [33m41[39m
}

[90mstdout[2m | src/services/portalPaymentIntegration.test.ts[2m > [22m[2mPortal and Payment Integration[2m > [22m[2mRate Limiting Integration[2m > [22m[2mshould allow payment creation even after multiple portal views
[22m[39m[PortalService] Token validated successfully {
  tokenId: [32m'voF02HgXf4uVZ4j4ZRpAu'[39m,
  invoiceId: [32m'dQE4elW4dUJl4FDnn0VJ3'[39m,
  accessCount: [33m42[39m
}

[90mstdout[2m | src/services/portalPaymentIntegration.test.ts[2m > [22m[2mPortal and Payment Integration[2m > [22m[2mRate Limiting Integration[2m > [22m[2mshould allow payment creation even after multiple portal views
[22m[39m[PortalService] Token validated successfully {
  tokenId: [32m'voF02HgXf4uVZ4j4ZRpAu'[39m,
  invoiceId: [32m'dQE4elW4dUJl4FDnn0VJ3'[39m,
  accessCount: [33m43[39m
}

[90mstdout[2m | src/services/portalPaymentIntegration.test.ts[2m > [22m[2mPortal and Payment Integration[2m > [22m[2mRate Limiting Integration[2m > [22m[2mshould allow payment creation even after multiple portal views
[22m[39m[PortalService] Token validated successfully {
  tokenId: [32m'voF02HgXf4uVZ4j4ZRpAu'[39m,
  invoiceId: [32m'dQE4elW4dUJl4FDnn0VJ3'[39m,
  accessCount: [33m44[39m
}

[90mstderr[2m | src/services/portalPaymentIntegration.test.ts[2m > [22m[2mPortal and Payment Integration[2m > [22m[2mRate Limiting Integration[2m > [22m[2mshould allow payment creation even after multiple portal views
[22m[39m[PortalService] Rate limit exceeded { ip: [32m'192.168.1.100'[39m, requests: [33m100[39m }

[90mstderr[2m | src/services/portalPaymentIntegration.test.ts[2m > [22m[2mPortal and Payment Integration[2m > [22m[2mRate Limiting Integration[2m > [22m[2mshould allow payment creation even after multiple portal views
[22m[39m[PortalService] Rate limit exceeded { ip: [32m'192.168.1.100'[39m, requests: [33m100[39m }

[90mstderr[2m | src/services/portalPaymentIntegration.test.ts[2m > [22m[2mPortal and Payment Integration[2m > [22m[2mRate Limiting Integration[2m > [22m[2mshould allow payment creation even after multiple portal views
[22m[39m[PortalService] Rate limit exceeded { ip: [32m'192.168.1.100'[39m, requests: [33m100[39m }

[90mstderr[2m | src/services/portalPaymentIntegration.test.ts[2m > [22m[2mPortal and Payment Integration[2m > [22m[2mRate Limiting Integration[2m > [22m[2mshould allow payment creation even after multiple portal views
[22m[39m[PortalService] Rate limit exceeded { ip: [32m'192.168.1.100'[39m, requests: [33m100[39m }

[90mstderr[2m | src/services/portalPaymentIntegration.test.ts[2m > [22m[2mPortal and Payment Integration[2m > [22m[2mRate Limiting Integration[2m > [22m[2mshould allow payment creation even after multiple portal views
[22m[39m[PortalService] Rate limit exceeded { ip: [32m'192.168.1.100'[39m, requests: [33m100[39m }

[90mstderr[2m | src/services/portalPaymentIntegration.test.ts[2m > [22m[2mPortal and Payment Integration[2m > [22m[2mRate Limiting Integration[2m > [22m[2mshould allow payment creation even after multiple portal views
[22m[39m[PortalService] Rate limit exceeded { ip: [32m'192.168.1.100'[39m, requests: [33m100[39m }

[90mstdout[2m | src/services/portalPaymentIntegration.test.ts[2m > [22m[2mPortal and Payment Integration[2m > [22m[2mRate Limiting Integration[2m > [22m[2mshould allow payment creation even after multiple portal views
[22m[39m[PaymentGateway] Created Stripe payment intent (mock) {
  paymentId: [32m'GLloxZXBkSn09uHRfuvzl'[39m,
  amount: [32m'110.00'[39m,
  currency: [32m'USD'[39m
}

 [31m❯[39m src/services/portalPaymentIntegration.test.ts [2m([22m[2m9 tests[22m[2m | [22m[31m5 failed[39m[2m)[22m[33m 1224[2mms[22m[39m
[31m       [31m×[31m should complete full payment flow from portal link to payment[39m[32m 274[2mms[22m[39m
[31m       [31m×[31m should handle failed payment without marking invoice as paid[39m[32m 75[2mms[22m[39m
[31m       [31m×[31m should allow multiple payment attempts for same invoice[39m[32m 82[2mms[22m[39m
       [32m✓[39m should track portal token access during payment flow[32m 77[2mms[22m[39m
       [32m✓[39m should prevent payment with expired portal token[32m 41[2mms[22m[39m
       [32m✓[39m should prevent payment with revoked portal token[32m 41[2mms[22m[39m
[31m       [31m×[31m should handle payment for already paid invoice gracefully[39m[32m 48[2mms[22m[39m
[31m       [31m×[31m should rate limit excessive portal access attempts[39m[33m 309[2mms[22m[39m
       [32m✓[39m should allow payment creation even after multiple portal views[32m 272[2mms[22m[39m
 [32m✓[39m src/sync/syncClient.test.ts [2m([22m[2m16 tests[22m[2m)[22m[33m 832[2mms[22m[39m
       [33m[2m✓[22m[39m should not start second sync when already in progress [33m 312[2mms[22m[39m
[90mstdout[2m | src/services/auditLogExtended.perf.test.ts[2m > [22m[2mExtended Audit Log Performance Tests
[22m[39m  Seeded 51000/100000 entries...

 [31m❯[39m src/components/dashboard/RevenueExpensesChart.test.tsx [2m([22m[2m42 tests[22m[2m | [22m[31m21 failed[39m[2m)[22m[33m 1289[2mms[22m[39m
       [32m✓[39m should render chart title[32m 210[2mms[22m[39m
[31m       [31m×[31m should render bar chart[39m[32m 40[2mms[22m[39m
[31m       [31m×[31m should render legend for revenue and expenses[39m[32m 32[2mms[22m[39m
       [32m✓[39m should show custom period if provided[32m 22[2mms[22m[39m
       [32m✓[39m should show default period if not provided[32m 35[2mms[22m[39m
       [32m✓[39m should show loading skeleton when loading[32m 200[2mms[22m[39m
       [32m✓[39m should not show chart when loading[32m 7[2mms[22m[39m
       [32m✓[39m should have aria-live region when loading[32m 27[2mms[22m[39m
       [32m✓[39m should show empty state when no data[32m 13[2mms[22m[39m
       [32m✓[39m should render chart container even with empty data[32m 6[2mms[22m[39m
[31m       [31m×[31m should display bars for revenue[39m[32m 18[2mms[22m[39m
[31m       [31m×[31m should display bars for expenses[39m[32m 19[2mms[22m[39m
[31m       [31m×[31m should handle single data point[39m[32m 27[2mms[22m[39m
[31m       [31m×[31m should handle varying data ranges[39m[32m 28[2mms[22m[39m
[31m       [31m×[31m should render tooltip on hover[39m[32m 15[2mms[22m[39m
[31m       [31m×[31m should format tooltip values as currency[39m[32m 40[2mms[22m[39m
[31m       [31m×[31m should handle large numbers[39m[32m 15[2mms[22m[39m
[31m       [31m×[31m should handle zero values[39m[32m 16[2mms[22m[39m
[31m       [31m×[31m should handle decimal values[39m[32m 16[2mms[22m[39m
[31m       [31m×[31m should format dates on x-axis[39m[32m 11[2mms[22m[39m
[31m       [31m×[31m should format currency on y-axis[39m[32m 17[2mms[22m[39m
       [32m✓[39m should show profit indicator when revenue > expenses[32m 15[2mms[22m[39m
       [32m✓[39m should show loss indicator when expenses > revenue[32m 28[2mms[22m[39m
[31m       [31m×[31m should calculate net profit/loss for period[39m[32m 45[2mms[22m[39m
       [32m✓[39m should render responsive container[32m 12[2mms[22m[39m
[31m       [31m×[31m should maintain aspect ratio[39m[32m 27[2mms[22m[39m
       [32m✓[39m should have accessible heading[32m 88[2mms[22m[39m
       [32m✓[39m should have aria-label for chart[32m 14[2mms[22m[39m
       [32m✓[39m should provide text alternative for chart data[32m 21[2mms[22m[39m
[31m       [31m×[31m should hide decorative elements from screen readers[39m[32m 14[2mms[22m[39m
[31m       [31m×[31m should use distinct colors for revenue and expenses[39m[32m 19[2mms[22m[39m
[31m       [31m×[31m should maintain color consistency in legend[39m[32m 10[2mms[22m[39m
       [32m✓[39m should handle all zero data[32m 6[2mms[22m[39m
[31m       [31m×[31m should handle very long time periods[39m[32m 15[2mms[22m[39m
[31m       [31m×[31m should handle negative values gracefully[39m[32m 14[2mms[22m[39m
[31m       [31m×[31m should handle mixed date formats[39m[32m 9[2mms[22m[39m
       [32m✓[39m should accept custom className[32m 11[2mms[22m[39m
       [32m✓[39m should render complete chart with all features[32m 21[2mms[22m[39m
       [32m✓[39m should handle transition from loading to loaded[32m 47[2mms[22m[39m
       [32m✓[39m should update when data changes[32m 26[2mms[22m[39m
       [32m✓[39m should show upward trend indicator when revenue increasing[32m 10[2mms[22m[39m
       [32m✓[39m should show downward trend indicator when revenue decreasing[32m 13[2mms[22m[39m
[90mstdout[2m | src/services/paymentGateway.test.ts[2m > [22m[2mPaymentGateway[2m > [22m[2minitializeGateway[2m > [22m[2mshould initialize Stripe gateway
[22m[39m[PaymentGateway] Stripe gateway initialized (mock) { testMode: [33mtrue[39m }

[90mstdout[2m | src/services/paymentGateway.test.ts[2m > [22m[2mPaymentGateway[2m > [22m[2minitializeGateway[2m > [22m[2mshould initialize Square gateway
[22m[39m[PaymentGateway] Square gateway initialized (mock) { testMode: [33mtrue[39m }

[90mstdout[2m | src/services/paymentGateway.test.ts[2m > [22m[2mPaymentGateway[2m > [22m[2mcreatePaymentIntent[2m > [22m[2mshould create a Stripe payment intent
[22m[39m[PaymentGateway] Created Stripe payment intent (mock) {
  paymentId: [32m'4UdGRhfPaNbvkFHAiOoo0'[39m,
  amount: [32m'110.00'[39m,
  currency: [32m'USD'[39m
}

[90mstdout[2m | src/services/paymentGateway.test.ts[2m > [22m[2mPaymentGateway[2m > [22m[2mcreatePaymentIntent[2m > [22m[2mshould create a Square payment intent
[22m[39m[PaymentGateway] Created Square payment (mock) {
  paymentId: [32m'UZT8kwF0l_ecEqGk890fw'[39m,
  amount: [32m'110.00'[39m,
  currency: [32m'USD'[39m
}

[90mstdout[2m | src/services/paymentGateway.test.ts[2m > [22m[2mPaymentGateway[2m > [22m[2mcreatePaymentIntent[2m > [22m[2mshould create a manual payment record
[22m[39m[PaymentGateway] Created manual payment record {
  paymentId: [32m'udeQV1c7VBdhCFTgESfgh'[39m,
  amount: [32m'110.00'[39m,
  currency: [32m'USD'[39m
}

[90mstdout[2m | src/services/paymentGateway.test.ts[2m > [22m[2mPaymentGateway[2m > [22m[2mcreatePaymentIntent[2m > [22m[2mshould store payment in database with PROCESSING status
[22m[39m[PaymentGateway] Created Stripe payment intent (mock) {
  paymentId: [32m'IMZs233NvY8_327uG_Eru'[39m,
  amount: [32m'110.00'[39m,
  currency: [32m'USD'[39m
}

[90mstdout[2m | src/services/paymentGateway.test.ts[2m > [22m[2mPaymentGateway[2m > [22m[2mconfirmPayment[2m > [22m[2mshould confirm payment and mark invoice as paid
[22m[39m[PaymentGateway] Created Stripe payment intent (mock) {
  paymentId: [32m'PFfVObmXmBMMoVSTEiq6l'[39m,
  amount: [32m'110.00'[39m,
  currency: [32m'USD'[39m
}

[90mstdout[2m | src/services/paymentGateway.test.ts[2m > [22m[2mPaymentGateway[2m > [22m[2mconfirmPayment[2m > [22m[2mshould confirm payment and mark invoice as paid
[22m[39m[PaymentGateway] Payment confirmed successfully {
  paymentId: [32m'PFfVObmXmBMMoVSTEiq6l'[39m,
  invoiceId: [32m'A9nl53xKzSnAkSthhLJ9B'[39m,
  amount: [32m'110.00'[39m
}

[90mstdout[2m | src/services/paymentGateway.test.ts[2m > [22m[2mPaymentGateway[2m > [22m[2mconfirmPayment[2m > [22m[2mshould be idempotent (confirming twice is safe)
[22m[39m[PaymentGateway] Created Stripe payment intent (mock) {
  paymentId: [32m'io5yJjTrO_kYpz8A2KQaB'[39m,
  amount: [32m'110.00'[39m,
  currency: [32m'USD'[39m
}

[90mstdout[2m | src/services/paymentGateway.test.ts[2m > [22m[2mPaymentGateway[2m > [22m[2mconfirmPayment[2m > [22m[2mshould be idempotent (confirming twice is safe)
[22m[39m[PaymentGateway] Payment confirmed successfully {
  paymentId: [32m'io5yJjTrO_kYpz8A2KQaB'[39m,
  invoiceId: [32m'A9nl53xKzSnAkSthhLJ9B'[39m,
  amount: [32m'110.00'[39m
}

[90mstdout[2m | src/services/paymentGateway.test.ts[2m > [22m[2mPaymentGateway[2m > [22m[2mfailPayment[2m > [22m[2mshould mark payment as failed with error message
[22m[39m[PaymentGateway] Created Stripe payment intent (mock) {
  paymentId: [32m'V5-u6tFWL0SWxTNGOntlf'[39m,
  amount: [32m'110.00'[39m,
  currency: [32m'USD'[39m
}

[90mstderr[2m | src/services/paymentGateway.test.ts[2m > [22m[2mPaymentGateway[2m > [22m[2mfailPayment[2m > [22m[2mshould mark payment as failed with error message
[22m[39m[PaymentGateway] Payment failed {
  paymentId: [32m'V5-u6tFWL0SWxTNGOntlf'[39m,
  invoiceId: [32m'A9nl53xKzSnAkSthhLJ9B'[39m,
  error: [32m'Card declined'[39m
}

[90mstdout[2m | src/services/paymentGateway.test.ts[2m > [22m[2mPaymentGateway[2m > [22m[2mfailPayment[2m > [22m[2mshould not mark invoice as paid
[22m[39m[PaymentGateway] Created Stripe payment intent (mock) {
  paymentId: [32m'3Lwe1QPBAyUuOsnZACjMJ'[39m,
  amount: [32m'110.00'[39m,
  currency: [32m'USD'[39m
}

[90mstderr[2m | src/services/paymentGateway.test.ts[2m > [22m[2mPaymentGateway[2m > [22m[2mfailPayment[2m > [22m[2mshould not mark invoice as paid
[22m[39m[PaymentGateway] Payment failed {
  paymentId: [32m'3Lwe1QPBAyUuOsnZACjMJ'[39m,
  invoiceId: [32m'A9nl53xKzSnAkSthhLJ9B'[39m,
  error: [32m'Card declined'[39m
}

[90mstdout[2m | src/services/paymentGateway.test.ts[2m > [22m[2mPaymentGateway[2m > [22m[2mrefundPayment[2m > [22m[2mshould refund a successful payment
[22m[39m[PaymentGateway] Created Stripe payment intent (mock) {
  paymentId: [32m'P9lro6bjCp-FBtMUTgBoG'[39m,
  amount: [32m'110.00'[39m,
  currency: [32m'USD'[39m
}

[90mstdout[2m | src/services/paymentGateway.test.ts[2m > [22m[2mPaymentGateway[2m > [22m[2mrefundPayment[2m > [22m[2mshould refund a successful payment
[22m[39m[PaymentGateway] Payment confirmed successfully {
  paymentId: [32m'P9lro6bjCp-FBtMUTgBoG'[39m,
  invoiceId: [32m'A9nl53xKzSnAkSthhLJ9B'[39m,
  amount: [32m'110.00'[39m
}

[90mstdout[2m | src/services/paymentGateway.test.ts[2m > [22m[2mPaymentGateway[2m > [22m[2mrefundPayment[2m > [22m[2mshould refund a successful payment
[22m[39m[PaymentGateway] Processed Stripe refund (mock) { paymentId: [32m'P9lro6bjCp-FBtMUTgBoG'[39m, amount: [32m'110.00'[39m }

[90mstdout[2m | src/services/paymentGateway.test.ts[2m > [22m[2mPaymentGateway[2m > [22m[2mrefundPayment[2m > [22m[2mshould refund a successful payment
[22m[39m[PaymentGateway] Payment refunded {
  paymentId: [32m'P9lro6bjCp-FBtMUTgBoG'[39m,
  invoiceId: [32m'A9nl53xKzSnAkSthhLJ9B'[39m,
  amount: [32m'110.00'[39m
}

[90mstdout[2m | src/services/paymentGateway.test.ts[2m > [22m[2mPaymentGateway[2m > [22m[2mrefundPayment[2m > [22m[2mshould support partial refunds
[22m[39m[PaymentGateway] Created Stripe payment intent (mock) {
  paymentId: [32m'03YYiiqm9ff4NoBi_08tc'[39m,
  amount: [32m'110.00'[39m,
  currency: [32m'USD'[39m
}

[90mstdout[2m | src/services/paymentGateway.test.ts[2m > [22m[2mPaymentGateway[2m > [22m[2mrefundPayment[2m > [22m[2mshould support partial refunds
[22m[39m[PaymentGateway] Payment confirmed successfully {
  paymentId: [32m'03YYiiqm9ff4NoBi_08tc'[39m,
  invoiceId: [32m'A9nl53xKzSnAkSthhLJ9B'[39m,
  amount: [32m'110.00'[39m
}

[90mstdout[2m | src/services/paymentGateway.test.ts[2m > [22m[2mPaymentGateway[2m > [22m[2mrefundPayment[2m > [22m[2mshould support partial refunds
[22m[39m[PaymentGateway] Processed Stripe refund (mock) { paymentId: [32m'03YYiiqm9ff4NoBi_08tc'[39m, amount: [32m'50.00'[39m }

[90mstdout[2m | src/services/paymentGateway.test.ts[2m > [22m[2mPaymentGateway[2m > [22m[2mrefundPayment[2m > [22m[2mshould support partial refunds
[22m[39m[PaymentGateway] Payment refunded {
  paymentId: [32m'03YYiiqm9ff4NoBi_08tc'[39m,
  invoiceId: [32m'A9nl53xKzSnAkSthhLJ9B'[39m,
  amount: [32m'50.00'[39m
}

[90mstdout[2m | src/services/paymentGateway.test.ts[2m > [22m[2mPaymentGateway[2m > [22m[2mrefundPayment[2m > [22m[2mshould fail to refund non-successful payment
[22m[39m[PaymentGateway] Created Stripe payment intent (mock) {
  paymentId: [32m'4vrEpCsYZzf0MO744OVcn'[39m,
  amount: [32m'110.00'[39m,
  currency: [32m'USD'[39m
}

[90mstdout[2m | src/services/paymentGateway.test.ts[2m > [22m[2mPaymentGateway[2m > [22m[2mgetInvoicePayments[2m > [22m[2mshould get all payments for an invoice
[22m[39m[PaymentGateway] Created Stripe payment intent (mock) {
  paymentId: [32m'860DgCf627FaLrUMvsMVJ'[39m,
  amount: [32m'110.00'[39m,
  currency: [32m'USD'[39m
}

[90mstdout[2m | src/services/paymentGateway.test.ts[2m > [22m[2mPaymentGateway[2m > [22m[2mgetInvoicePayments[2m > [22m[2mshould get all payments for an invoice
[22m[39m[PaymentGateway] Created Square payment (mock) {
  paymentId: [32m'4w1fjWdFkR5lMSvXCLCCH'[39m,
  amount: [32m'110.00'[39m,
  currency: [32m'USD'[39m
}

[90mstdout[2m | src/services/paymentGateway.test.ts[2m > [22m[2mPaymentGateway[2m > [22m[2mgetInvoicePayments[2m > [22m[2mshould not return deleted payments
[22m[39m[PaymentGateway] Created Stripe payment intent (mock) {
  paymentId: [32m'2aX-jbLYB5RYBILdAW0qs'[39m,
  amount: [32m'110.00'[39m,
  currency: [32m'USD'[39m
}

[90mstdout[2m | src/services/paymentGateway.test.ts[2m > [22m[2mPaymentGateway[2m > [22m[2mgetPayment[2m > [22m[2mshould get a payment by ID
[22m[39m[PaymentGateway] Created Stripe payment intent (mock) {
  paymentId: [32m'l8Shr22JczYzn6znHDDE8'[39m,
  amount: [32m'110.00'[39m,
  currency: [32m'USD'[39m
}

[90mstdout[2m | src/services/paymentGateway.test.ts[2m > [22m[2mPaymentGateway[2m > [22m[2mgetPayment[2m > [22m[2mshould not return deleted payment
[22m[39m[PaymentGateway] Created Stripe payment intent (mock) {
  paymentId: [32m'gG6I2Z0gmYc2FFvveXVod'[39m,
  amount: [32m'110.00'[39m,
  currency: [32m'USD'[39m
}

 [31m❯[39m src/services/paymentGateway.test.ts [2m([22m[2m21 tests[22m[2m | [22m[31m1 failed[39m[2m)[22m[33m 1011[2mms[22m[39m
       [32m✓[39m should initialize Stripe gateway[32m 106[2mms[22m[39m
       [32m✓[39m should initialize Square gateway[32m 46[2mms[22m[39m
       [32m✓[39m should create a Stripe payment intent[32m 70[2mms[22m[39m
       [32m✓[39m should create a Square payment intent[32m 46[2mms[22m[39m
       [32m✓[39m should create a manual payment record[32m 50[2mms[22m[39m
       [32m✓[39m should store payment in database with PROCESSING status[32m 33[2mms[22m[39m
       [32m✓[39m should fail for non-existent invoice[32m 24[2mms[22m[39m
       [32m✓[39m should validate payment amount[32m 21[2mms[22m[39m
[31m       [31m×[31m should confirm payment and mark invoice as paid[39m[32m 83[2mms[22m[39m
       [32m✓[39m should be idempotent (confirming twice is safe)[32m 68[2mms[22m[39m
       [32m✓[39m should fail for non-existent payment[32m 31[2mms[22m[39m
       [32m✓[39m should mark payment as failed with error message[32m 53[2mms[22m[39m
       [32m✓[39m should not mark invoice as paid[32m 31[2mms[22m[39m
       [32m✓[39m should refund a successful payment[32m 53[2mms[22m[39m
       [32m✓[39m should support partial refunds[32m 37[2mms[22m[39m
       [32m✓[39m should fail to refund non-successful payment[32m 33[2mms[22m[39m
       [32m✓[39m should get all payments for an invoice[32m 52[2mms[22m[39m
       [32m✓[39m should not return deleted payments[32m 36[2mms[22m[39m
       [32m✓[39m should get a payment by ID[32m 40[2mms[22m[39m
       [32m✓[39m should fail for non-existent payment[32m 45[2mms[22m[39m
       [32m✓[39m should not return deleted payment[32m 45[2mms[22m[39m
[90mstdout[2m | src/services/auditLogExtended.perf.test.ts[2m > [22m[2mExtended Audit Log Performance Tests
[22m[39m  Seeded 61000/100000 entries...

[90mstdout[2m | src/services/conflictResolution.service.test.ts[2m > [22m[2mConflict Detection[2m > [22m[2mshould detect concurrent modification
[22m[39mConflict detected {
  conflictId: [32m'XBtLEJWA5rQoRlRrQAQas'[39m,
  entityType: [32m'Account'[39m,
  entityId: [32m'acct-1'[39m,
  severity: [32m'low'[39m,
  conflictingFields: [ [32m'name'[39m ]
}

[90mstdout[2m | src/services/conflictResolution.service.test.ts[2m > [22m[2mConflict Detection[2m > [22m[2mshould detect delete-update conflict
[22m[39mConflict detected {
  conflictId: [32m'nqpTJVuV2aKSESmaxLVv2'[39m,
  entityType: [32m'Account'[39m,
  entityId: [32m'acct-1'[39m,
  severity: [32m'high'[39m,
  conflictingFields: [ [32m'name'[39m ]
}

[90mstdout[2m | src/services/conflictResolution.service.test.ts[2m > [22m[2mConflict Detection[2m > [22m[2mshould identify conflicting fields
[22m[39mConflict detected {
  conflictId: [32m'RBT_oMr9WeJwC3KZEuTuv'[39m,
  entityType: [32m'Account'[39m,
  entityId: [32m'acct-1'[39m,
  severity: [32m'low'[39m,
  conflictingFields: [ [32m'name'[39m, [32m'balance'[39m ]
}

[90mstdout[2m | src/services/conflictResolution.service.test.ts[2m > [22m[2mConflict Detection[2m > [22m[2mshould classify conflict severity
[22m[39mConflict detected {
  conflictId: [32m'g0EuL3bnhyBTZIn_DpQAF'[39m,
  entityType: [32m'Account'[39m,
  entityId: [32m'acct-1'[39m,
  severity: [32m'low'[39m,
  conflictingFields: [ [32m'name'[39m ]
}

[90mstdout[2m | src/services/conflictResolution.service.test.ts[2m > [22m[2mConflict Detection[2m > [22m[2mshould detect batch conflicts
[22m[39mConflict detected {
  conflictId: [32m'YkhXnnjlDj1rX70tD3jjk'[39m,
  entityType: [32m'Account'[39m,
  entityId: [32m'acct-1'[39m,
  severity: [32m'low'[39m,
  conflictingFields: [ [32m'name'[39m ]
}

[90mstdout[2m | src/services/conflictResolution.service.test.ts[2m > [22m[2mAutomatic Conflict Resolution[2m > [22m[2mshould resolve with auto_merge strategy
[22m[39mConflict detected {
  conflictId: [32m'BCjdx258cSbLBfEuPBa_X'[39m,
  entityType: [32m'Account'[39m,
  entityId: [32m'acct-1'[39m,
  severity: [32m'low'[39m,
  conflictingFields: [ [32m'name'[39m ]
}
Conflict auto-resolved {
  conflictId: [32m'BCjdx258cSbLBfEuPBa_X'[39m,
  strategy: [32m'auto_merge'[39m,
  winner: [32m'merged'[39m,
  mergedFields: [33m1[39m
}

[90mstdout[2m | src/services/conflictResolution.service.test.ts[2m > [22m[2mAutomatic Conflict Resolution[2m > [22m[2mshould resolve with local_wins strategy
[22m[39mConflict detected {
  conflictId: [32m'uCvawUAG7oECbN6i_VMqG'[39m,
  entityType: [32m'Account'[39m,
  entityId: [32m'acct-1'[39m,
  severity: [32m'low'[39m,
  conflictingFields: [ [32m'name'[39m ]
}
Conflict auto-resolved {
  conflictId: [32m'uCvawUAG7oECbN6i_VMqG'[39m,
  strategy: [32m'local_wins'[39m,
  winner: [32m'local'[39m,
  mergedFields: [33m0[39m
}

[90mstdout[2m | src/services/conflictResolution.service.test.ts[2m > [22m[2mAutomatic Conflict Resolution[2m > [22m[2mshould resolve with remote_wins strategy
[22m[39mConflict detected {
  conflictId: [32m'-MqP86scte0gmmio9aTGP'[39m,
  entityType: [32m'Account'[39m,
  entityId: [32m'acct-1'[39m,
  severity: [32m'low'[39m,
  conflictingFields: [ [32m'name'[39m ]
}
Conflict auto-resolved {
  conflictId: [32m'-MqP86scte0gmmio9aTGP'[39m,
  strategy: [32m'remote_wins'[39m,
  winner: [32m'remote'[39m,
  mergedFields: [33m0[39m
}

[90mstdout[2m | src/services/conflictResolution.service.test.ts[2m > [22m[2mAutomatic Conflict Resolution[2m > [22m[2mshould resolve batch conflicts
[22m[39mConflict detected {
  conflictId: [32m'WIK0eZ-zK9bnA13Vny4Pm'[39m,
  entityType: [32m'Account'[39m,
  entityId: [32m'acct-0'[39m,
  severity: [32m'low'[39m,
  conflictingFields: [ [32m'name'[39m ]
}
Conflict detected {
  conflictId: [32m'60VRQ3eM1CCIy31OW1K7R'[39m,
  entityType: [32m'Account'[39m,
  entityId: [32m'acct-1'[39m,
  severity: [32m'low'[39m,
  conflictingFields: [ [32m'name'[39m ]
}
Conflict detected {
  conflictId: [32m'rtpq8vSaamU7lE6RR0g0c'[39m,
  entityType: [32m'Account'[39m,
  entityId: [32m'acct-2'[39m,
  severity: [32m'low'[39m,
  conflictingFields: [ [32m'name'[39m ]
}
Conflict detected {
  conflictId: [32m'nnb04OwBw8H7lOLbCNcbA'[39m,
  entityType: [32m'Account'[39m,
  entityId: [32m'acct-3'[39m,
  severity: [32m'low'[39m,
  conflictingFields: [ [32m'name'[39m ]
}
Conflict detected {
  conflictId: [32m'oMB1M3t_BAuF4tcCzE0QN'[39m,
  entityType: [32m'Account'[39m,
  entityId: [32m'acct-4'[39m,
  severity: [32m'low'[39m,
  conflictingFields: [ [32m'name'[39m ]
}
Conflict auto-resolved {
  conflictId: [32m'WIK0eZ-zK9bnA13Vny4Pm'[39m,
  strategy: [32m'auto_merge'[39m,
  winner: [32m'merged'[39m,
  mergedFields: [33m1[39m
}
Conflict auto-resolved {
  conflictId: [32m'60VRQ3eM1CCIy31OW1K7R'[39m,
  strategy: [32m'auto_merge'[39m,
  winner: [32m'merged'[39m,
  mergedFields: [33m1[39m
}
Conflict auto-resolved {
  conflictId: [32m'rtpq8vSaamU7lE6RR0g0c'[39m,
  strategy: [32m'auto_merge'[39m,
  winner: [32m'merged'[39m,
  mergedFields: [33m1[39m
}
Conflict auto-resolved {
  conflictId: [32m'nnb04OwBw8H7lOLbCNcbA'[39m,
  strategy: [32m'auto_merge'[39m,
  winner: [32m'merged'[39m,
  mergedFields: [33m1[39m
}
Conflict auto-resolved {
  conflictId: [32m'oMB1M3t_BAuF4tcCzE0QN'[39m,
  strategy: [32m'auto_merge'[39m,
  winner: [32m'merged'[39m,
  mergedFields: [33m1[39m
}

[90mstdout[2m | src/services/conflictResolution.service.test.ts[2m > [22m[2mManual Conflict Resolution[2m > [22m[2mshould apply keep_local decision
[22m[39mConflict detected {
  conflictId: [32m'ci-da6U-dr5JlUl2Bvo70'[39m,
  entityType: [32m'Account'[39m,
  entityId: [32m'acct-1'[39m,
  severity: [32m'low'[39m,
  conflictingFields: [ [32m'name'[39m ]
}
Conflict manually resolved {
  conflictId: [32m'ci-da6U-dr5JlUl2Bvo70'[39m,
  resolvedBy: [32m'user-123'[39m,
  strategy: [32m'keep_local'[39m
}

[90mstdout[2m | src/services/conflictResolution.service.test.ts[2m > [22m[2mManual Conflict Resolution[2m > [22m[2mshould apply custom_merge decision
[22m[39mConflict detected {
  conflictId: [32m'jt_6XXB_HkaS7AkzJS62c'[39m,
  entityType: [32m'Account'[39m,
  entityId: [32m'acct-1'[39m,
  severity: [32m'low'[39m,
  conflictingFields: [ [32m'name'[39m, [32m'description'[39m ]
}
Conflict manually resolved {
  conflictId: [32m'jt_6XXB_HkaS7AkzJS62c'[39m,
  resolvedBy: [32m'user-123'[39m,
  strategy: [32m'custom_merge'[39m
}

[90mstdout[2m | src/services/conflictResolution.service.test.ts[2m > [22m[2mManual Conflict Resolution[2m > [22m[2mshould get field conflicts for manual resolution UI
[22m[39mConflict detected {
  conflictId: [32m'7t_gL6Rwj2tw6zLSfybs1'[39m,
  entityType: [32m'Account'[39m,
  entityId: [32m'acct-1'[39m,
  severity: [32m'low'[39m,
  conflictingFields: [ [32m'name'[39m, [32m'balance'[39m ]
}

[90mstdout[2m | src/services/conflictResolution.service.test.ts[2m > [22m[2mConflict Metrics[2m > [22m[2mshould calculate metrics correctly
[22m[39mConflict detected {
  conflictId: [32m'THCR6Ap3UWCCfClTv4dmx'[39m,
  entityType: [32m'Account'[39m,
  entityId: [32m'acct-0'[39m,
  severity: [32m'low'[39m,
  conflictingFields: []
}
Conflict auto-resolved {
  conflictId: [32m'THCR6Ap3UWCCfClTv4dmx'[39m,
  strategy: [32m'auto_merge'[39m,
  winner: [32m'merged'[39m,
  mergedFields: [33m0[39m
}
Conflict detected {
  conflictId: [32m'GMaCj2Eb1b9sQpoQZ55QB'[39m,
  entityType: [32m'Account'[39m,
  entityId: [32m'acct-1'[39m,
  severity: [32m'low'[39m,
  conflictingFields: []
}
Conflict auto-resolved {
  conflictId: [32m'GMaCj2Eb1b9sQpoQZ55QB'[39m,
  strategy: [32m'auto_merge'[39m,
  winner: [32m'merged'[39m,
  mergedFields: [33m0[39m
}
Conflict detected {
  conflictId: [32m'yHMBx11F4gTQpGkWE-93e'[39m,
  entityType: [32m'Account'[39m,
  entityId: [32m'acct-2'[39m,
  severity: [32m'low'[39m,
  conflictingFields: []
}
Conflict auto-resolved {
  conflictId: [32m'yHMBx11F4gTQpGkWE-93e'[39m,
  strategy: [32m'auto_merge'[39m,
  winner: [32m'merged'[39m,
  mergedFields: [33m0[39m
}
Conflict detected {
  conflictId: [32m'r2txm5WO2YgMBSFrxGXVc'[39m,
  entityType: [32m'Account'[39m,
  entityId: [32m'acct-3'[39m,
  severity: [32m'low'[39m,
  conflictingFields: []
}
Conflict auto-resolved {
  conflictId: [32m'r2txm5WO2YgMBSFrxGXVc'[39m,
  strategy: [32m'auto_merge'[39m,
  winner: [32m'merged'[39m,
  mergedFields: [33m0[39m
}
Conflict detected {
  conflictId: [32m'Ce3o29Rc_Y6g7rYy6qUtW'[39m,
  entityType: [32m'Account'[39m,
  entityId: [32m'acct-4'[39m,
  severity: [32m'low'[39m,
  conflictingFields: []
}
Conflict auto-resolved {
  conflictId: [32m'Ce3o29Rc_Y6g7rYy6qUtW'[39m,
  strategy: [32m'auto_merge'[39m,
  winner: [32m'merged'[39m,
  mergedFields: [33m0[39m
}
Conflict detected {
  conflictId: [32m'KwXta-OPxxRh23vpSCOnJ'[39m,
  entityType: [32m'Account'[39m,
  entityId: [32m'acct-5'[39m,
  severity: [32m'low'[39m,
  conflictingFields: []
}
Conflict auto-resolved {
  conflictId: [32m'KwXta-OPxxRh23vpSCOnJ'[39m,
  strategy: [32m'auto_merge'[39m,
  winner: [32m'merged'[39m,
  mergedFields: [33m0[39m
}
Conflict detected {
  conflictId: [32m'E1oUYrZvi9VQj6iNrJnBX'[39m,
  entityType: [32m'Account'[39m,
  entityId: [32m'acct-6'[39m,
  severity: [32m'low'[39m,
  conflictingFields: []
}
Conflict auto-resolved {
  conflictId: [32m'E1oUYrZvi9VQj6iNrJnBX'[39m,
  strategy: [32m'auto_merge'[39m,
  winner: [32m'merged'[39m,
  mergedFields: [33m0[39m
}
Conflict detected {
  conflictId: [32m'EWLftAPsvQ4B4rh2NgeLP'[39m,
  entityType: [32m'Account'[39m,
  entityId: [32m'acct-7'[39m,
  severity: [32m'low'[39m,
  conflictingFields: []
}
Conflict auto-resolved {
  conflictId: [32m'EWLftAPsvQ4B4rh2NgeLP'[39m,
  strategy: [32m'auto_merge'[39m,
  winner: [32m'merged'[39m,
  mergedFields: [33m0[39m
}
Conflict detected {
  conflictId: [32m'QoG7QqAW-gABGk_kZCOsy'[39m,
  entityType: [32m'Account'[39m,
  entityId: [32m'acct-8'[39m,
  severity: [32m'low'[39m,
  conflictingFields: []
}
Conflict auto-resolved {
  conflictId: [32m'QoG7QqAW-gABGk_kZCOsy'[39m,
  strategy: [32m'auto_merge'[39m,
  winner: [32m'merged'[39m,
  mergedFields: [33m0[39m
}
Conflict detected {
  conflictId: [32m'sjErmS73eY0CUm4p9m2Do'[39m,
  entityType: [32m'Account'[39m,
  entityId: [32m'acct-9'[39m,
  severity: [32m'low'[39m,
  conflictingFields: []
}
Conflict auto-resolved {
  conflictId: [32m'sjErmS73eY0CUm4p9m2Do'[39m,
  strategy: [32m'auto_merge'[39m,
  winner: [32m'merged'[39m,
  mergedFields: [33m0[39m
}

[90mstdout[2m | src/services/conflictResolution.service.test.ts[2m > [22m[2mResolution Validation[2m > [22m[2mshould validate correct resolution
[22m[39mConflict detected {
  conflictId: [32m'UyA9e2gliZEvJh--pKYXj'[39m,
  entityType: [32m'Account'[39m,
  entityId: [32m'acct-1'[39m,
  severity: [32m'low'[39m,
  conflictingFields: []
}
Conflict auto-resolved {
  conflictId: [32m'UyA9e2gliZEvJh--pKYXj'[39m,
  strategy: [32m'auto_merge'[39m,
  winner: [32m'merged'[39m,
  mergedFields: [33m0[39m
}

[90mstdout[2m | src/services/conflictResolution.service.test.ts[2m > [22m[2mEdge Cases[2m > [22m[2mshould handle deleted entities
[22m[39mConflict detected {
  conflictId: [32m'8Tys3V0hRgWcoomdShOE_'[39m,
  entityType: [32m'Account'[39m,
  entityId: [32m'acct-1'[39m,
  severity: [32m'high'[39m,
  conflictingFields: []
}
Conflict auto-resolved {
  conflictId: [32m'8Tys3V0hRgWcoomdShOE_'[39m,
  strategy: [32m'auto_merge'[39m,
  winner: [32m'merged'[39m,
  mergedFields: [33m0[39m
}

[90mstdout[2m | src/services/conflictResolution.service.test.ts[2m > [22m[2mEdge Cases[2m > [22m[2mshould handle empty conflicting fields
[22m[39mConflict detected {
  conflictId: [32m'YmAdTP3CP62tkGekfSW2X'[39m,
  entityType: [32m'Account'[39m,
  entityId: [32m'acct-1'[39m,
  severity: [32m'low'[39m,
  conflictingFields: []
}

[90mstdout[2m | src/services/conflictResolution.service.test.ts[2m > [22m[2mPerformance[2m > [22m[2mshould detect 1000 conflicts efficiently
[22m[39mConflict detected {
  conflictId: [32m'-c58w17oPiXF3WEXtHzIi'[39m,
  entityType: [32m'Account'[39m,
  entityId: [32m'acct-0'[39m,
  severity: [32m'low'[39m,
  conflictingFields: []
}
Conflict detected {
  conflictId: [32m'2i8Alk6BTzlgKYTwg2W-d'[39m,
  entityType: [32m'Account'[39m,
  entityId: [32m'acct-1'[39m,
  severity: [32m'low'[39m,
  conflictingFields: []
}
Conflict detected {
  conflictId: [32m'Us808fKbWNE9Dn7GWm-8v'[39m,
  entityType: [32m'Account'[39m,
  entityId: [32m'acct-2'[39m,
  severity: [32m'low'[39m,
  conflictingFields: []
}
Conflict detected {
  conflictId: [32m'D8tQQBobeUeDnz0SafMbI'[39m,
  entityType: [32m'Account'[39m,
  entityId: [32m'acct-3'[39m,
  severity: [32m'low'[39m,
  conflictingFields: []
}
Conflict detected {
  conflictId: [32m'2Heizt7VWLr2jhEyWqZOc'[39m,
  entityType: [32m'Account'[39m,
  entityId: [32m'acct-4'[39m,
  severity: [32m'low'[39m,
  conflictingFields: []
}
Conflict detected {
  conflictId: [32m'rHx3cath5vCKPu9-NwDv9'[39m,
  entityType: [32m'Account'[39m,
  entityId: [32m'acct-5'[39m,
  severity: [32m'low'[39m,
  conflictingFields: []
}
Conflict detected {
  conflictId: [32m'KhboMuU3EJ10dCAn5gORV'[39m,
  entityType: [32m'Account'[39m,
  entityId: [32m'acct-6'[39m,
  severity: [32m'low'[39m,
  conflictingFields: []
}
Conflict detected {
  conflictId: [32m'w-HotMLUsQqyXId1ojXOA'[39m,
  entityType: [32m'Account'[39m,
  entityId: [32m'acct-7'[39m,
  severity: [32m'low'[39m,
  conflictingFields: []
}
Conflict detected {
  conflictId: [32m'NxJoyR7xoTA1AwqHEiqA8'[39m,
  entityType: [32m'Account'[39m,
  entityId: [32m'acct-8'[39m,
  severity: [32m'low'[39m,
  conflictingFields: []
}
Conflict detected {
  conflictId: [32m'XB3yczWqvaNazjFt_djjA'[39m,
  entityType: [32m'Account'[39m,
  entityId: [32m'acct-9'[39m,
  severity: [32m'low'[39m,
  conflictingFields: []
}
Conflict detected {
  conflictId: [32m'nVCUQ8-rAIAZ1FGipbTXv'[39m,
  entityType: [32m'Account'[39m,
  entityId: [32m'acct-10'[39m,
  severity: [32m'low'[39m,
  conflictingFields: []
}
Conflict detected {
  conflictId: [32m'jL4Qc7TMdmuObhVVObwZf'[39m,
  entityType: [32m'Account'[39m,
  entityId: [32m'acct-11'[39m,
  severity: [32m'low'[39m,
  conflictingFields: []
}
Conflict detected {
  conflictId: [32m'8pYTo8spkGysMzZNEcAyC'[39m,
  entityType: [32m'Account'[39m,
  entityId: [32m'acct-12'[39m,
  severity: [32m'low'[39m,
  conflictingFields: []
}
Conflict detected {
  conflictId: [32m'QIr3fLfpXNjCZueA8iglo'[39m,
  entityType: [32m'Account'[39m,
  entityId: [32m'acct-13'[39m,
  severity: [32m'low'[39m,
  conflictingFields: []
}
Conflict detected {
  conflictId: [32m'r-LKOdVo4lWQv5vvQXVmN'[39m,
  entityType: [32m'Account'[39m,
  entityId: [32m'acct-14'[39m,
  severity: [32m'low'[39m,
  conflictingFields: []
}
Conflict detected {
  conflictId: [32m'vNuiT0eiv0sz6r3VtdzJy'[39m,
  entityType: [32m'Account'[39m,
  entityId: [32m'acct-15'[39m,
  severity: [32m'low'[39m,
  conflictingFields: []
}
Conflict detected {
  conflictId: [32m'oLcsvfraqWJ4ulHBsnA47'[39m,
  entityType: [32m'Account'[39m,
  entityId: [32m'acct-16'[39m,
  severity: [32m'low'[39m,
  conflictingFields: []
}
Conflict detected {
  conflictId: [32m'IyT2mcRY4kp5QOBripV5q'[39m,
  entityType: [32m'Account'[39m,
  entityId: [32m'acct-17'[39m,
  severity: [32m'low'[39m,
  conflictingFields: []
}
Conflict detected {
  conflictId: [32m'VK5F1dZGz5Mwk4S22STOy'[39m,
  entityType: [32m'Account'[39m,
  entityId: [32m'acct-18'[39m,
  severity: [32m'low'[39m,
  conflictingFields: []
}
Conflict detected {
  conflictId: [32m'ODetnxGQqOmMB-n642CSO'[39m,
  entityType: [32m'Account'[39m,
  entityId: [32m'acct-19'[39m,
  severity: [32m'low'[39m,
  conflictingFields: []
}
Conflict detected {
  conflictId: [32m'9XNkdYiFyU1s0UVQLAsBe'[39m,
  entityType: [32m'Account'[39m,
  entityId: [32m'acct-20'[39m,
  severity: [32m'low'[39m,
  conflictingFields: []
}
Conflict detected {
  conflictId: [32m'TcFM-5utt1ouw-QMOTjsO'[39m,
  entityType: [32m'Account'[39m,
  entityId: [32m'acct-21'[39m,
  severity: [32m'low'[39m,
  conflictingFields: []
}
Conflict detected {
  conflictId: [32m'3io43vYKemgMGSbGyFesc'[39m,
  entityType: [32m'Account'[39m,
  entityId: [32m'acct-22'[39m,
  severity: [32m'low'[39m,
  conflictingFields: []
}
Conflict detected {
  conflictId: [32m'AHQ8CVkOGDrg0ykQ4ic0i'[39m,
  entityType: [32m'Account'[39m,
  entityId: [32m'acct-23'[39m,
  severity: [32m'low'[39m,
  conflictingFields: []
}
Conflict detected {
  conflictId: [32m'sPrmGsnmgBFgpqB-JugVi'[39m,
  entityType: [32m'Account'[39m,
  entityId: [32m'acct-24'[39m,
  severity: [32m'low'[39m,
  conflictingFields: []
}
Conflict detected {
  conflictId: [32m'zCkbIm28wcmhVnrglFaGh'[39m,
  entityType: [32m'Account'[39m,
  entityId: [32m'acct-25'[39m,
  severity: [32m'low'[39m,
  conflictingFields: []
}
Conflict detected {
  conflictId: [32m'NX93dEbQjt02N9JswSVLH'[39m,
  entityType: [32m'Account'[39m,
  entityId: [32m'acct-26'[39m,
  severity: [32m'low'[39m,
  conflictingFields: []
}
Conflict detected {
  conflictId: [32m'LE-cTk8k9XEov16DebuY6'[39m,
  entityType: [32m'Account'[39m,
  entityId: [32m'acct-27'[39m,
  severity: [32m'low'[39m,
  conflictingFields: []
}
Conflict detected {
  conflictId: [32m'dwlQ9LIAsIM4IDhUF0UMD'[39m,
  entityType: [32m'Account'[39m,
  entityId: [32m'acct-28'[39m,
  severity: [32m'low'[39m,
  conflictingFields: []
}
Conflict detected {
  conflictId: [32m'EvUrw4UbitYPfvjhf8qDN'[39m,
  entityType: [32m'Account'[39m,
  entityId: [32m'acct-29'[39m,
  severity: [32m'low'[39m,
  conflictingFields: []
}
Conflict detected {
  conflictId: [32m'SLLVDNgj01D7s1iNyKbLx'[39m,
  entityType: [32m'Account'[39m,
  entityId: [32m'acct-30'[39m,
  severity: [32m'low'[39m,
  conflictingFields: []
}
Conflict detected {
  conflictId: [32m'0LHosdxsceKBCrTrki_f_'[39m,
  entityType: [32m'Account'[39m,
  entityId: [32m'acct-31'[39m,
  severity: [32m'low'[39m,
  conflictingFields: []
}
Conflict detected {
  conflictId: [32m'0v51eGG-xo1F6AJ2z0TNO'[39m,
  entityType: [32m'Account'[39m,
  entityId: [32m'acct-32'[39m,
  severity: [32m'low'[39m,
  conflictingFields: []
}
Conflict detected {
  conflictId: [32m'9JqncU0QyKL_v-ZgaMraJ'[39m,
  entityType: [32m'Account'[39m,
  entityId: [32m'acct-33'[39m,
  severity: [32m'low'[39m,
  conflictingFields: []
}
Conflict detected {
  conflictId: [32m'dAnrJH4O0DMRZQEleq1h0'[39m,
  entityType: [32m'Account'[39m,
  entityId: [32m'acct-34'[39m,
  severity: [32m'low'[39m,
  conflictingFields: []
}
Conflict detected {
  conflictId: [32m'c4_A1AFtxnykkYsTxDE21'[39m,
  entityType: [32m'Account'[39m,
  entityId: [32m'acct-35'[39m,
  severity: [32m'low'[39m,
  conflictingFields: []
}
Conflict detected {
  conflictId: [32m'XaoAYP5Gg5fzHcMVqVPDz'[39m,
  entityType: [32m'Account'[39m,
  entityId: [32m'acct-36'[39m,
  severity: [32m'low'[39m,
  conflictingFields: []
}
Conflict detected {
  conflictId: [32m'xki5lSFfKGmHpEnq_0Wh7'[39m,
  entityType: [32m'Account'[39m,
  entityId: [32m'acct-37'[39m,
  severity: [32m'low'[39m,
  conflictingFields: []
}
Conflict detected {
  conflictId: [32m'hvbq0gFtSxqRALfexJ3P9'[39m,
  entityType: [32m'Account'[39m,
  entityId: [32m'acct-38'[39m,
  severity: [32m'low'[39m,
  conflictingFields: []
}
Conflict detected {
  conflictId: [32m'qHwImSQsWViownnYcDfhj'[39m,
  entityType: [32m'Account'[39m,
  entityId: [32m'acct-39'[39m,
  severity: [32m'low'[39m,
  conflictingFields: []
}
Conflict detected {
  conflictId: [32m'iI8PJjT5yjXeo0rNOjn6N'[39m,
  entityType: [32m'Account'[39m,
  entityId: [32m'acct-40'[39m,
  severity: [32m'low'[39m,
  conflictingFields: []
}
Conflict detected {
  conflictId: [32m'N9x4SAZqQjp5y-hVo2G7V'[39m,
  entityType: [32m'Account'[39m,
  entityId: [32m'acct-41'[39m,
  severity: [32m'low'[39m,
  conflictingFields: []
}
Conflict detected {
  conflictId: [32m'l5w4t-l1cswpStqnwUx3A'[39m,
  entityType: [32m'Account'[39m,
  entityId: [32m'acct-42'[39m,
  severity: [32m'low'[39m,
  conflictingFields: []
}
Conflict detected {
  conflictId: [32m'w5jwb2hIgdaZWeytfEFx0'[39m,
  entityType: [32m'Account'[39m,
  entityId: [32m'acct-43'[39m,
  severity: [32m'low'[39m,
  conflictingFields: []
}
Conflict detected {
  conflictId: [32m'2WNLyPCEtujqzM7nUIKhl'[39m,
  entityType: [32m'Account'[39m,
  entityId: [32m'acct-44'[39m,
  severity: [32m'low'[39m,
  conflictingFields: []
}
Conflict detected {
  conflictId: [32m'q1RTBAOrWaQxAeo8v8RL9'[39m,
  entityType: [32m'Account'[39m,
  entityId: [32m'acct-45'[39m,
  severity: [32m'low'[39m,
  conflictingFields: []
}
Conflict detected {
  conflictId: [32m'7AXA8E4MPRzmmdwhm1Mm_'[39m,
  entityType: [32m'Account'[39m,
  entityId: [32m'acct-46'[39m,
  severity: [32m'low'[39m,
  conflictingFields: []
}
Conflict detected {
  conflictId: [32m'oviahRyAiahBU_nL9Sy0X'[39m,
  entityType: [32m'Account'[39m,
  entityId: [32m'acct-47'[39m,
  severity: [32m'low'[39m,
  conflictingFields: []
}
Conflict detected {
  conflictId: [32m'e5vxsYJUd4wpmw6zdCkDA'[39m,
  entityType: [32m'Account'[39m,
  entityId: [32m'acct-48'[39m,
  severity: [32m'low'[39m,
  conflictingFields: []
}
Conflict detected {
  conflictId: [32m'GP0pXQfqM63zQZPm5gzyp'[39m,
  entityType: [32m'Account'[39m,
  entityId: [32m'acct-49'[39m,
  severity: [32m'low'[39m,
  conflictingFields: []
}
Conflict detected {
  conflictId: [32m'7D_ZO_8ip_nYeCX3FAes-'[39m,
  entityType: [32m'Account'[39m,
  entityId: [32m'acct-50'[39m,
  severity: [32m'low'[39m,
  conflictingFields: []
}
Conflict detected {
  conflictId: [32m'Ii-uokqaPV58oQcRjz2du'[39m,
  entityType: [32m'Account'[39m,
  entityId: [32m'acct-51'[39m,
  severity: [32m'low'[39m,
  conflictingFields: []
}
Conflict detected {
  conflictId: [32m'a9XcZDFe6QMgoSl4e2axW'[39m,
  entityType: [32m'Account'[39m,
  entityId: [32m'acct-52'[39m,
  severity: [32m'low'[39m,
  conflictingFields: []
}
Conflict detected {
  conflictId: [32m'islaJxZyVWOafbCXeOAUI'[39m,
  entityType: [32m'Account'[39m,
  entityId: [32m'acct-53'[39m,
  severity: [32m'low'[39m,
  conflictingFields: []
}
Conflict detected {
  conflictId: [32m'pFLUYo4AvQTyxml1JLOuS'[39m,
  entityType: [32m'Account'[39m,
  entityId: [32m'acct-54'[39m,
  severity: [32m'low'[39m,
  conflictingFields: []
}
Conflict detected {
  conflictId: [32m'iSeaUR1H1ItqAS4UkYUKC'[39m,
  entityType: [32m'Account'[39m,
  entityId: [32m'acct-55'[39m,
  severity: [32m'low'[39m,
  conflictingFields: []
}
Conflict detected {
  conflictId: [32m'IaRO-UTM70HfM7tdk3QFT'[39m,
  entityType: [32m'Account'[39m,
  entityId: [32m'acct-56'[39m,
  severity: [32m'low'[39m,
  conflictingFields: []
}
Conflict detected {
  conflictId: [32m'8wqZ9ldAU7m9tPaVY_1Td'[39m,
  entityType: [32m'Account'[39m,
  entityId: [32m'acct-57'[39m,
  severity: [32m'low'[39m,
  conflictingFields: []
}
Conflict detected {
  conflictId: [32m'H2Ri4QtXmGZ0td8lFvkRZ'[39m,
  entityType: [32m'Account'[39m,
  entityId: [32m'acct-58'[39m,
  severity: [32m'low'[39m,
  conflictingFields: []
}
Conflict detected {
  conflictId: [32m'XpwFv9jmf_TpsNtPxERno'[39m,
  entityType: [32m'Account'[39m,
  entityId: [32m'acct-59'[39m,
  severity: [32m'low'[39m,
  conflictingFields: []
}
Conflict detected {
  conflictId: [32m'xfvhYVeAVMzlwovJ3ohbW'[39m,
  entityType: [32m'Account'[39m,
  entityId: [32m'acct-60'[39m,
  severity: [32m'low'[39m,
  conflictingFields: []
}
Conflict detected {
  conflictId: [32m'MkPHSF977Bt-i7nQuFeU9'[39m,
  entityType: [32m'Account'[39m,
  entityId: [32m'acct-61'[39m,
  severity: [32m'low'[39m,
  conflictingFields: []
}
Conflict detected {
  conflictId: [32m'IEK9GbJA2SpU5yCY58prn'[39m,
  entityType: [32m'Account'[39m,
  entityId: [32m'acct-62'[39m,
  severity: [32m'low'[39m,
  conflictingFields: []
}
Conflict detected {
  conflictId: [32m'8OxHwEVQEsoZw6EU6snxM'[39m,
  entityType: [32m'Account'[39m,
  entityId: [32m'acct-63'[39m,
  severity: [32m'low'[39m,
  conflictingFields: []
}
Conflict detected {
  conflictId: [32m'pp1fy9tituSQp5EKuMKBi'[39m,
  entityType: [32m'Account'[39m,
  entityId: [32m'acct-64'[39m,
  severity: [32m'low'[39m,
  conflictingFields: []
}
Conflict detected {
  conflictId: [32m'-zYukZMuctufMAGHfcmdC'[39m,
  entityType: [32m'Account'[39m,
  entityId: [32m'acct-65'[39m,
  severity: [32m'low'[39m,
  conflictingFields: []
}
Conflict detected {
  conflictId: [32m't_ksAIfEo-DFNI5mIhNtp'[39m,
  entityType: [32m'Account'[39m,
  entityId: [32m'acct-66'[39m,
  severity: [32m'low'[39m,
  conflictingFields: []
}
Conflict detected {
  conflictId: [32m'wgma0dDvTgH3umxfFhavW'[39m,
  entityType: [32m'Account'[39m,
  entityId: [32m'acct-67'[39m,
  severity: [32m'low'[39m,
  conflictingFields: []
}
Conflict detected {
  conflictId: [32m'ab_1qPPMSm2dAADtHzRKM'[39m,
  entityType: [32m'Account'[39m,
  entityId: [32m'acct-68'[39m,
  severity: [32m'low'[39m,
  conflictingFields: []
}
Conflict detected {
  conflictId: [32m'QAB6z0Xy6n2PZ5Z4HMQmS'[39m,
  entityType: [32m'Account'[39m,
  entityId: [32m'acct-69'[39m,
  severity: [32m'low'[39m,
  conflictingFields: []
}
Conflict detected {
  conflictId: [32m'AgLUWWSAuiYHAjQ3I3kQ9'[39m,
  entityType: [32m'Account'[39m,
  entityId: [32m'acct-70'[39m,
  severity: [32m'low'[39m,
  conflictingFields: []
}
Conflict detected {
  conflictId: [32m'APt7vRbdvupl8mWsQ2jLa'[39m,
  entityType: [32m'Account'[39m,
  entityId: [32m'acct-71'[39m,
  severity: [32m'low'[39m,
  conflictingFields: []
}
Conflict detected {
  conflictId: [32m'UmQDUJxkTOsEOwVz-IrZF'[39m,
  entityType: [32m'Account'[39m,
  entityId: [32m'acct-72'[39m,
  severity: [32m'low'[39m,
  conflictingFields: []
}
Conflict detected {
  conflictId: [32m'yQoM7PunHWSvDrEFqiXj4'[39m,
  entityType: [32m'Account'[39m,
  entityId: [32m'acct-73'[39m,
  severity: [32m'low'[39m,
  conflictingFields: []
}
Conflict detected {
  conflictId: [32m'4ArhSiJuAJtbTNoyjg5U7'[39m,
  entityType: [32m'Account'[39m,
  entityId: [32m'acct-74'[39m,
  severity: [32m'low'[39m,
  conflictingFields: []
}
Conflict detected {
  conflictId: [32m'ZBLPfJok1VI5UkZlAQtYy'[39m,
  entityType: [32m'Account'[39m,
  entityId: [32m'acct-75'[39m,
  severity: [32m'low'[39m,
  conflictingFields: []
}
Conflict detected {
  conflictId: [32m'wlSlCHpMUJ7di2xaW8Jjg'[39m,
  entityType: [32m'Account'[39m,
  entityId: [32m'acct-76'[39m,
  severity: [32m'low'[39m,
  conflictingFields: []
}
Conflict detected {
  conflictId: [32m'Y-Gxd14Yefj_9eoDG24uE'[39m,
  entityType: [32m'Account'[39m,
  entityId: [32m'acct-77'[39m,
  severity: [32m'low'[39m,
  conflictingFields: []
}
Conflict detected {
  conflictId: [32m'8vNjR3uR9ZTbDOjZCjwdh'[39m,
  entityType: [32m'Account'[39m,
  entityId: [32m'acct-78'[39m,
  severity: [32m'low'[39m,
  conflictingFields: []
}
Conflict detected {
  conflictId: [32m'7kkPqtf_dFYsoANK3-HLu'[39m,
  entityType: [32m'Account'[39m,
  entityId: [32m'acct-79'[39m,
  severity: [32m'low'[39m,
  conflictingFields: []
}
Conflict detected {
  conflictId: [32m'7nldhqyEhkXH1dfaMN7Pg'[39m,
  entityType: [32m'Account'[39m,
  entityId: [32m'acct-80'[39m,
  severity: [32m'low'[39m,
  conflictingFields: []
}
Conflict detected {
  conflictId: [32m'j48bilvDokbMrPEjOpK_w'[39m,
  entityType: [32m'Account'[39m,
  entityId: [32m'acct-81'[39m,
  severity: [32m'low'[39m,
  conflictingFields: []
}
Conflict detected {
  conflictId: [32m't3ounSzsz3JWc-OHz98lj'[39m,
  entityType: [32m'Account'[39m,
  entityId: [32m'acct-82'[39m,
  severity: [32m'low'[39m,
  conflictingFields: []
}
Conflict detected {
  conflictId: [32m'1tAb_y05Vyc4Advsd289i'[39m,
  entityType: [32m'Account'[39m,
  entityId: [32m'acct-83'[39m,
  severity: [32m'low'[39m,
  conflictingFields: []
}
Conflict detected {
  conflictId: [32m'hVIP-lcFW4zOYnHn4ih15'[39m,
  entityType: [32m'Account'[39m,
  entityId: [32m'acct-84'[39m,
  severity: [32m'low'[39m,
  conflictingFields: []
}
Conflict detected {
  conflictId: [32m'GqR_qGSHHM26kqGRHESFY'[39m,
  entityType: [32m'Account'[39m,
  entityId: [32m'acct-85'[39m,
  severity: [32m'low'[39m,
  conflictingFields: []
}
Conflict detected {
  conflictId: [32m'M8c5X59LHJ9y8tKx23til'[39m,
  entityType: [32m'Account'[39m,
  entityId: [32m'acct-86'[39m,
  severity: [32m'low'[39m,
  conflictingFields: []
}
Conflict detected {
  conflictId: [32m'PwgLqAumxZ_AgrjGp9kmo'[39m,
  entityType: [32m'Account'[39m,
  entityId: [32m'acct-87'[39m,
  severity: [32m'low'[39m,
  conflictingFields: []
}
Conflict detected {
  conflictId: [32m'jx2M20LE5TsYcMEPnQn6L'[39m,
  entityType: [32m'Account'[39m,
  entityId: [32m'acct-88'[39m,
  severity: [32m'low'[39m,
  conflictingFields: []
}
Conflict detected {
  conflictId: [32m'DITa-ci691tRbgPgQ353u'[39m,
  entityType: [32m'Account'[39m,
  entityId: [32m'acct-89'[39m,
  severity: [32m'low'[39m,
  conflictingFields: []
}
Conflict detected {
  conflictId: [32m'Z_EPCXzm1nGB91lOWRzbR'[39m,
  entityType: [32m'Account'[39m,
  entityId: [32m'acct-90'[39m,
  severity: [32m'low'[39m,
  conflictingFields: []
}
Conflict detected {
  conflictId: [32m'-zaffAaiRQwKtZwddeQhd'[39m,
  entityType: [32m'Account'[39m,
  entityId: [32m'acct-91'[39m,
  severity: [32m'low'[39m,
  conflictingFields: []
}
Conflict detected {
  conflictId: [32m'BmSUwYQeiPKP3eY9cYqWa'[39m,
  entityType: [32m'Account'[39m,
  entityId: [32m'acct-92'[39m,
  severity: [32m'low'[39m,
  conflictingFields: []
}
Conflict detected {
  conflictId: [32m'Fix56XVfMFM4pkKHL3w23'[39m,
  entityType: [32m'Account'[39m,
  entityId: [32m'acct-93'[39m,
  severity: [32m'low'[39m,
  conflictingFields: []
}
Conflict detected {
  conflictId: [32m'kkeJvzqoEoBJr3YR5-ixV'[39m,
  entityType: [32m'Account'[39m,
  entityId: [32m'acct-94'[39m,
  severity: [32m'low'[39m,
  conflictingFields: []
}
Conflict detected {
  conflictId: [32m'nCKb9Bck_Lx0rQEZE4jGd'[39m,
  entityType: [32m'Account'[39m,
  entityId: [32m'acct-95'[39m,
  severity: [32m'low'[39m,
  conflictingFields: []
}
Conflict detected {
  conflictId: [32m'ryEDjGvcYWlNIPN7tW1u0'[39m,
  entityType: [32m'Account'[39m,
  entityId: [32m'acct-96'[39m,
  severity: [32m'low'[39m,
  conflictingFields: []
}
Conflict detected {
  conflictId: [32m'-AAJDdJhQtOzojIqkzCJD'[39m,
  entityType: [32m'Account'[39m,
  entityId: [32m'acct-97'[39m,
  severity: [32m'low'[39m,
  conflictingFields: []
}
Conflict detected {
  conflictId: [32m'g2_WC42FOlIulD_1CiEvF'[39m,
  entityType: [32m'Account'[39m,
  entityId: [32m'acct-98'[39m,
  severity: [32m'low'[39m,
  conflictingFields: []
}
Conflict detected {
  conflictId: [32m'glMzHnt1BwXtGYCdRAZT-'[39m,
  entityType: [32m'Account'[39m,
  entityId: [32m'acct-99'[39m,
  severity: [32m'low'[39m,
  conflictingFields: []
}
Conflict detected {
  conflictId: [32m'DA8Df9Kdqg3W1Nx5tAkYj'[39m,
  entityType: [32m'Account'[39m,
  entityId: [32m'acct-100'[39m,
  severity: [32m'low'[39m,
  conflictingFields: []
}
Conflict detected {
  conflictId: [32m'ziRYRMQ_OmF0yXT6LwZlp'[39m,
  entityType: [32m'Account'[39m,
  entityId: [32m'acct-101'[39m,
  severity: [32m'low'[39m,
  conflictingFields: []
}
Conflict detected {
  conflictId: [32m'ykbgj2Gpd0-DTUMi2V6u3'[39m,
  entityType: [32m'Account'[39m,
  entityId: [32m'acct-102'[39m,
  severity: [32m'low'[39m,
  conflictingFields: []
}
Conflict detected {
  conflictId: [32m'vveISDg1f6yPu4ReLA94U'[39m,
  entityType: [32m'Account'[39m,
  entityId: [32m'acct-103'[39m,
  severity: [32m'low'[39m,
  conflictingFields: []
}
Conflict detected {
  conflictId: [32m'LnWg4cOz6gr2tjFQskAxt'[39m,
  entityType: [32m'Account'[39m,
  entityId: [32m'acct-104'[39m,
  severity: [32m'low'[39m,
  conflictingFields: []
}
Conflict detected {
  conflictId: [32m'pYkozBoFFm2Ed_Bpmc0Pt'[39m,
  entityType: [32m'Account'[39m,
  entityId: [32m'acct-105'[39m,
  severity: [32m'low'[39m,
  conflictingFields: []
}
Conflict detected {
  conflictId: [32m'4q7ppOWjolIeA6oZB6Hso'[39m,
  entityType: [32m'Account'[39m,
  entityId: [32m'acct-106'[39m,
  severity: [32m'low'[39m,
  conflictingFields: []
}
Conflict detected {
  conflictId: [32m'_wlVFB-6kBN3G9P9P5DWm'[39m,
  entityType: [32m'Account'[39m,
  entityId: [32m'acct-107'[39m,
  severity: [32m'low'[39m,
  conflictingFields: []
}
Conflict detected {
  conflictId: [32m'QkO3AjrGpTJE-G5Mqtb6J'[39m,
  entityType: [32m'Account'[39m,
  entityId: [32m'acct-108'[39m,
  severity: [32m'low'[39m,
  conflictingFields: []
}
Conflict detected {
  conflictId: [32m'fVveYJ0fkO_U9Lzr8GvT5'[39m,
  entityType: [32m'Account'[39m,
  entityId: [32m'acct-109'[39m,
  severity: [32m'low'[39m,
  conflictingFields: []
}
Conflict detected {
  conflictId: [32m'9JWuXxfq2CWJs4BPbbJZA'[39m,
  entityType: [32m'Account'[39m,
  entityId: [32m'acct-110'[39m,
  severity: [32m'low'[39m,
  conflictingFields: []
}
Conflict detected {
  conflictId: [32m'SWj0VkFbb0dcSaC7fXzLq'[39m,
  entityType: [32m'Account'[39m,
  entityId: [32m'acct-111'[39m,
  severity: [32m'low'[39m,
  conflictingFields: []
}
Conflict detected {
  conflictId: [32m'9W-fc7r9mSa95mUwjk3Ti'[39m,
  entityType: [32m'Account'[39m,
  entityId: [32m'acct-112'[39m,
  severity: [32m'low'[39m,
  conflictingFields: []
}
Conflict detected {
  conflictId: [32m'MsKW-IDgjzZ6AX2_m9FZI'[39m,
  entityType: [32m'Account'[39m,
  entityId: [32m'acct-113'[39m,
  severity: [32m'low'[39m,
  conflictingFields: []
}
Conflict detected {
  conflictId: [32m'fVQy-xTgUuQi5VgZa7jRF'[39m,
  entityType: [32m'Account'[39m,
  entityId: [32m'acct-114'[39m,
  severity: [32m'low'[39m,
  conflictingFields: []
}
Conflict detected {
  conflictId: [32m'E1fKNjVtMjdiJkX7Sni0e'[39m,
  entityType: [32m'Account'[39m,
  entityId: [32m'acct-115'[39m,
  severity: [32m'low'[39m,
  conflictingFields: []
}
Conflict detected {
  conflictId: [32m'3BYgrdcOiJRjYxEwYB48H'[39m,
  entityType: [32m'Account'[39m,
  entityId: [32m'acct-116'[39m,
  severity: [32m'low'[39m,
  conflictingFields: []
}
Conflict detected {
  conflictId: [32m'ELuYsiLl9BXKjWPjXDL9j'[39m,
  entityType: [32m'Account'[39m,
  entityId: [32m'acct-117'[39m,
  severity: [32m'low'[39m,
  conflictingFields: []
}
Conflict detected {
  conflictId: [32m'fuD-hPS_w-QB2hD5V2UUP'[39m,
  entityType: [32m'Account'[39m,
  entityId: [32m'acct-118'[39m,
  severity: [32m'low'[39m,
  conflictingFields: []
}
Conflict detected {
  conflictId: [32m'G0JqGxoZrcwBXlJSxck1Z'[39m,
  entityType: [32m'Account'[39m,
  entityId: [32m'acct-119'[39m,
  severity: [32m'low'[39m,
  conflictingFields: []
}
Conflict detected {
  conflictId: [32m'je6kbtfffVLNTsLidnqmU'[39m,
  entityType: [32m'Account'[39m,
  entityId: [32m'acct-120'[39m,
  severity: [32m'low'[39m,
  conflictingFields: []
}
Conflict detected {
  conflictId: [32m'e8LAQAMNgWNCfrMCIXzHs'[39m,
  entityType: [32m'Account'[39m,
  entityId: [32m'acct-121'[39m,
  severity: [32m'low'[39m,
  conflictingFields: []
}
Conflict detected {
  conflictId: [32m'1nscDcXgLSi0xZagqE7fB'[39m,
  entityType: [32m'Account'[39m,
  entityId: [32m'acct-122'[39m,
  severity: [32m'low'[39m,
  conflictingFields: []
}
Conflict detected {
  conflictId: [32m'4yAR8_AXWUp2XByHFBi6-'[39m,
  entityType: [32m'Account'[39m,
  entityId: [32m'acct-123'[39m,
  severity: [32m'low'[39m,
  conflictingFields: []
}
Conflict detected {
  conflictId: [32m'7nSxAMgJrxL24lTjdC2Ia'[39m,
  entityType: [32m'Account'[39m,
  entityId: [32m'acct-124'[39m,
  severity: [32m'low'[39m,
  conflictingFields: []
}
Conflict detected {
  conflictId: [32m'lCh5ts3kIJmuMcPZkBvjO'[39m,
  entityType: [32m'Account'[39m,
  entityId: [32m'acct-125'[39m,
  severity: [32m'low'[39m,
  conflictingFields: []
}
Conflict detected {
  conflictId: [32m'1Bm5kM3mzTux6QOv_Xijl'[39m,
  entityType: [32m'Account'[39m,
  entityId: [32m'acct-126'[39m,
  severity: [32m'low'[39m,
  conflictingFields: []
}
Conflict detected {
  conflictId: [32m'wi0vI_-8_XG_jT_c9dMEt'[39m,
  entityType: [32m'Account'[39m,
  entityId: [32m'acct-127'[39m,
  severity: [32m'low'[39m,
  conflictingFields: []
}
Conflict detected {
  conflictId: [32m'E9PKSQGBNSXjsSjcm-aGv'[39m,
  entityType: [32m'Account'[39m,
  entityId: [32m'acct-128'[39m,
  severity: [32m'low'[39m,
  conflictingFields: []
}
Conflict detected {
  conflictId: [32m'Tr2qMaOTykxf3qF5zbftN'[39m,
  entityType: [32m'Account'[39m,
  entityId: [32m'acct-129'[39m,
  severity: [32m'low'[39m,
  conflictingFields: []
}
Conflict detected {
  conflictId: [32m'h_RPUZfKLxSm6uxOM5Plm'[39m,
  entityType: [32m'Account'[39m,
  entityId: [32m'acct-130'[39m,
  severity: [32m'low'[39m,
  conflictingFields: []
}
Conflict detected {
  conflictId: [32m'IzZzKKxCZGnIaBSzoQoDt'[39m,
  entityType: [32m'Account'[39m,
  entityId: [32m'acct-131'[39m,
  severity: [32m'low'[39m,
  conflictingFields: []
}
Conflict detected {
  conflictId: [32m'4k2aqUZrCDEK9gUNXF84q'[39m,
  entityType: [32m'Account'[39m,
  entityId: [32m'acct-132'[39m,
  severity: [32m'low'[39m,
  conflictingFields: []
}
Conflict detected {
  conflictId: [32m'VPpQemwZOSOXYpN4OHq6_'[39m,
  entityType: [32m'Account'[39m,
  entityId: [32m'acct-133'[39m,
  severity: [32m'low'[39m,
  conflictingFields: []
}
Conflict detected {
  conflictId: [32m't_g5rRsOpnAnZt_Qh8OIQ'[39m,
  entityType: [32m'Account'[39m,
  entityId: [32m'acct-134'[39m,
  severity: [32m'low'[39m,
  conflictingFields: []
}
Conflict detected {
  conflictId: [32m'DsmjYMeS5pAQeBt0SYpJu'[39m,
  entityType: [32m'Account'[39m,
  entityId: [32m'acct-135'[39m,
  severity: [32m'low'[39m,
  conflictingFields: []
}
Conflict detected {
  conflictId: [32m'nBSaan0TOJXsoO_gwVp6w'[39m,
  entityType: [32m'Account'[39m,
  entityId: [32m'acct-136'[39m,
  severity: [32m'low'[39m,
  conflictingFields: []
}
Conflict detected {
  conflictId: [32m'Vf2oRsCvPx6BdgcTOCpNf'[39m,
  entityType: [32m'Account'[39m,
  entityId: [32m'acct-137'[39m,
  severity: [32m'low'[39m,
  conflictingFields: []
}
Conflict detected {
  conflictId: [32m'hqj8GCWVOyMB7jojjfIFW'[39m,
  entityType: [32m'Account'[39m,
  entityId: [32m'acct-138'[39m,
  severity: [32m'low'[39m,
  conflictingFields: []
}
Conflict detected {
  conflictId: [32m'W639UL-QYpfJhMnORm7lW'[39m,
  entityType: [32m'Account'[39m,
  entityId: [32m'acct-139'[39m,
  severity: [32m'low'[39m,
  conflictingFields: []
}
Conflict detected {
  conflictId: [32m'nH4NmdmMhFeSJV6vs7oDs'[39m,
  entityType: [32m'Account'[39m,
  entityId: [32m'acct-140'[39m,
  severity: [32m'low'[39m,
  conflictingFields: []
}
Conflict detected {
  conflictId: [32m'XQxy5Mbq0s4ck02qsZgzQ'[39m,
  entityType: [32m'Account'[39m,
  entityId: [32m'acct-141'[39m,
  severity: [32m'low'[39m,
  conflictingFields: []
}
Conflict detected {
  conflictId: [32m'ElCXYZjYkYu0lK8H_yHyo'[39m,
  entityType: [32m'Account'[39m,
  entityId: [32m'acct-142'[39m,
  severity: [32m'low'[39m,
  conflictingFields: []
}
Conflict detected {
  conflictId: [32m'mtcu4-L1ZNHkX_6oYmtyi'[39m,
  entityType: [32m'Account'[39m,
  entityId: [32m'acct-143'[39m,
  severity: [32m'low'[39m,
  conflictingFields: []
}
Conflict detected {
  conflictId: [32m'teujufPIByOxOWrpXtFBk'[39m,
  entityType: [32m'Account'[39m,
  entityId: [32m'acct-144'[39m,
  severity: [32m'low'[39m,
  conflictingFields: []
}
Conflict detected {
  conflictId: [32m'ivKTFij-eVwsZT1V2YVzw'[39m,
  entityType: [32m'Account'[39m,
  entityId: [32m'acct-145'[39m,
  severity: [32m'low'[39m,
  conflictingFields: []
}
Conflict detected {
  conflictId: [32m'eC9P2ZhK7FK2WUc4DLkV8'[39m,
  entityType: [32m'Account'[39m,
  entityId: [32m'acct-146'[39m,
  severity: [32m'low'[39m,
  conflictingFields: []
}
Conflict detected {
  conflictId: [32m'0wtP1FkvRcyVG23o1ex-g'[39m,
  entityType: [32m'Account'[39m,
  entityId: [32m'acct-147'[39m,
  severity: [32m'low'[39m,
  conflictingFields: []
}
Conflict detected {
  conflictId: [32m'YOFtqKFJDDAdRTNE6YTyw'[39m,
  entityType: [32m'Account'[39m,
  entityId: [32m'acct-148'[39m,
  severity: [32m'low'[39m,
  conflictingFields: []
}
Conflict detected {
  conflictId: [32m'31OWARJBnRSQoAlM8hPC9'[39m,
  entityType: [32m'Account'[39m,
  entityId: [32m'acct-149'[39m,
  severity: [32m'low'[39m,
  conflictingFields: []
}
Conflict detected {
  conflictId: [32m'KU5OBiWOBVLBAddxGBuqd'[39m,
  entityType: [32m'Account'[39m,
  entityId: [32m'acct-150'[39m,
  severity: [32m'low'[39m,
  conflictingFields: []
}
Conflict detected {
  conflictId: [32m'MJnvJM-qrGZr8RdlHXlbp'[39m,
  entityType: [32m'Account'[39m,
  entityId: [32m'acct-151'[39m,
  severity: [32m'low'[39m,
  conflictingFields: []
}
Conflict detected {
  conflictId: [32m'00WZUpDmKjO5zOEcaCIks'[39m,
  entityType: [32m'Account'[39m,
  entityId: [32m'acct-152'[39m,
  severity: [32m'low'[39m,
  conflictingFields: []
}
Conflict detected {
  conflictId: [32m'QdUsM1mQDw1P88EwXBUQd'[39m,
  entityType: [32m'Account'[39m,
  entityId: [32m'acct-153'[39m,
  severity: [32m'low'[39m,
  conflictingFields: []
}
Conflict detected {
  conflictId: [32m'6kLM33sAM3xeEBu6LyxzT'[39m,
  entityType: [32m'Account'[39m,
  entityId: [32m'acct-154'[39m,
  severity: [32m'low'[39m,
  conflictingFields: []
}
Conflict detected {
  conflictId: [32m'gOzGAIUl44NZwe5TCTqT0'[39m,
  entityType: [32m'Account'[39m,
  entityId: [32m'acct-155'[39m,
  severity: [32m'low'[39m,
  conflictingFields: []
}
Conflict detected {
  conflictId: [32m'j42nVcayJE6gKUGZ266lx'[39m,
  entityType: [32m'Account'[39m,
  entityId: [32m'acct-156'[39m,
  severity: [32m'low'[39m,
  conflictingFields: []
}
Conflict detected {
  conflictId: [32m'a4RI9O2P-q-jpbpIyEdjg'[39m,
  entityType: [32m'Account'[39m,
  entityId: [32m'acct-157'[39m,
  severity: [32m'low'[39m,
  conflictingFields: []
}
Conflict detected {
  conflictId: [32m'CeQA8qTfQlGXqX35adGGo'[39m,
  entityType: [32m'Account'[39m,
  entityId: [32m'acct-158'[39m,
  severity: [32m'low'[39m,
  conflictingFields: []
}
Conflict detected {
  conflictId: [32m'p2NGns-y-0BuWO-oKcBz4'[39m,
  entityType: [32m'Account'[39m,
  entityId: [32m'acct-159'[39m,
  severity: [32m'low'[39m,
  conflictingFields: []
}
Conflict detected {
  conflictId: [32m'DW-EWs5qGsFegjIKoT32f'[39m,
  entityType: [32m'Account'[39m,
  entityId: [32m'acct-160'[39m,
  severity: [32m'low'[39m,
  conflictingFields: []
}
Conflict detected {
  conflictId: [32m'BzsMtRztnqAVVxFW5oZbo'[39m,
  entityType: [32m'Account'[39m,
  entityId: [32m'acct-161'[39m,
  severity: [32m'low'[39m,
  conflictingFields: []
}
Conflict detected {
  conflictId: [32m'19nhPj9wt0CFO3CvADp1B'[39m,
  entityType: [32m'Account'[39m,
  entityId: [32m'acct-162'[39m,
  severity: [32m'low'[39m,
  conflictingFields: []
}
Conflict detected {
  conflictId: [32m'POnjO4ozLmyshauDEMoSH'[39m,
  entityType: [32m'Account'[39m,
  entityId: [32m'acct-163'[39m,
  severity: [32m'low'[39m,
  conflictingFields: []
}
Conflict detected {
  conflictId: [32m'KToRehWkN6_APk38qvizc'[39m,
  entityType: [32m'Account'[39m,
  entityId: [32m'acct-164'[39m,
  severity: [32m'low'[39m,
  conflictingFields: []
}
Conflict detected {
  conflictId: [32m'jAKn9lyxCeS9PyUQWRQqr'[39m,
  entityType: [32m'Account'[39m,
  entityId: [32m'acct-165'[39m,
  severity: [32m'low'[39m,
  conflictingFields: []
}
Conflict detected {
  conflictId: [32m'qQPnXVH5uKtyBinNOSg5Y'[39m,
  entityType: [32m'Account'[39m,
  entityId: [32m'acct-166'[39m,
  severity: [32m'low'[39m,
  conflictingFields: []
}
Conflict detected {
  conflictId: [32m'5MGRG3rNo8MnQf6NB-zKW'[39m,
  entityType: [32m'Account'[39m,
  entityId: [32m'acct-167'[39m,
  severity: [32m'low'[39m,
  conflictingFields: []
}
Conflict detected {
  conflictId: [32m'5_91bPU1bqr5izTqiBlh2'[39m,
  entityType: [32m'Account'[39m,
  entityId: [32m'acct-168'[39m,
  severity: [32m'low'[39m,
  conflictingFields: []
}
Conflict detected {
  conflictId: [32m'6edKZ7m8D7cyxRaqqUi0Q'[39m,
  entityType: [32m'Account'[39m,
  entityId: [32m'acct-169'[39m,
  severity: [32m'low'[39m,
  conflictingFields: []
}
Conflict detected {
  conflictId: [32m'OfRjIZAusD3Dc8gauZJNE'[39m,
  entityType: [32m'Account'[39m,
  entityId: [32m'acct-170'[39m,
  severity: [32m'low'[39m,
  conflictingFields: []
}
Conflict detected {
  conflictId: [32m'dQtUek4-GrpLxQacbJ9FE'[39m,
  entityType: [32m'Account'[39m,
  entityId: [32m'acct-171'[39m,
  severity: [32m'low'[39m,
  conflictingFields: []
}
Conflict detected {
  conflictId: [32m'ArK1Hdbfso1cKWHZKsxY9'[39m,
  entityType: [32m'Account'[39m,
  entityId: [32m'acct-172'[39m,
  severity: [32m'low'[39m,
  conflictingFields: []
}
Conflict detected {
  conflictId: [32m'MAIFYIsJpt_rRwkcXUOZZ'[39m,
  entityType: [32m'Account'[39m,
  entityId: [32m'acct-173'[39m,
  severity: [32m'low'[39m,
  conflictingFields: []
}
Conflict detected {
  conflictId: [32m'YC8VCT2mhvhwv41PVzD9c'[39m,
  entityType: [32m'Account'[39m,
  entityId: [32m'acct-174'[39m,
  severity: [32m'low'[39m,
  conflictingFields: []
}
Conflict detected {
  conflictId: [32m'XvR_21v3Zl4Y2udAtK4r9'[39m,
  entityType: [32m'Account'[39m,
  entityId: [32m'acct-175'[39m,
  severity: [32m'low'[39m,
  conflictingFields: []
}
Conflict detected {
  conflictId: [32m'cRi8ovnatZOS3IQntkazU'[39m,
  entityType: [32m'Account'[39m,
  entityId: [32m'acct-176'[39m,
  severity: [32m'low'[39m,
  conflictingFields: []
}
Conflict detected {
  conflictId: [32m'5fuZkxo6EbUxBOnjP5jfj'[39m,
  entityType: [32m'Account'[39m,
  entityId: [32m'acct-177'[39m,
  severity: [32m'low'[39m,
  conflictingFields: []
}
Conflict detected {
  conflictId: [32m'1fNpNduH3tQ-OyC3weQ-2'[39m,
  entityType: [32m'Account'[39m,
  entityId: [32m'acct-178'[39m,
  severity: [32m'low'[39m,
  conflictingFields: []
}
Conflict detected {
  conflictId: [32m'5gEA7ahrxMaG04SqIkjo_'[39m,
  entityType: [32m'Account'[39m,
  entityId: [32m'acct-179'[39m,
  severity: [32m'low'[39m,
  conflictingFields: []
}
Conflict detected {
  conflictId: [32m'_MMU7gdfV7mYAcMwVyEzh'[39m,
  entityType: [32m'Account'[39m,
  entityId: [32m'acct-180'[39m,
  severity: [32m'low'[39m,
  conflictingFields: []
}
Conflict detected {
  conflictId: [32m'Kvnlb2LprabX5kYjPotWK'[39m,
  entityType: [32m'Account'[39m,
  entityId: [32m'acct-181'[39m,
  severity: [32m'low'[39m,
  conflictingFields: []
}
Conflict detected {
  conflictId: [32m'G6IKbCnyA4rdBqo9dI5Fo'[39m,
  entityType: [32m'Account'[39m,
  entityId: [32m'acct-182'[39m,
  severity: [32m'low'[39m,
  conflictingFields: []
}
Conflict detected {
  conflictId: [32m'fMQnmMj0IMhT9Wrb5subM'[39m,
  entityType: [32m'Account'[39m,
  entityId: [32m'acct-183'[39m,
  severity: [32m'low'[39m,
  conflictingFields: []
}
Conflict detected {
  conflictId: [32m'5waXWWLwRMO59aebQiF-m'[39m,
  entityType: [32m'Account'[39m,
  entityId: [32m'acct-184'[39m,
  severity: [32m'low'[39m,
  conflictingFields: []
}
Conflict detected {
  conflictId: [32m'BHdoe09dPn3kCC6ijOjed'[39m,
  entityType: [32m'Account'[39m,
  entityId: [32m'acct-185'[39m,
  severity: [32m'low'[39m,
  conflictingFields: []
}
Conflict detected {
  conflictId: [32m'6FqkXCctrLy11WTEcJ0Ys'[39m,
  entityType: [32m'Account'[39m,
  entityId: [32m'acct-186'[39m,
  severity: [32m'low'[39m,
  conflictingFields: []
}
Conflict detected {
  conflictId: [32m'7pBDpQitwkd702NX1-Kmx'[39m,
  entityType: [32m'Account'[39m,
  entityId: [32m'acct-187'[39m,
  severity: [32m'low'[39m,
  conflictingFields: []
}
Conflict detected {
  conflictId: [32m'rGQ9m-A_Pk1l6bXthJQem'[39m,
  entityType: [32m'Account'[39m,
  entityId: [32m'acct-188'[39m,
  severity: [32m'low'[39m,
  conflictingFields: []
}
Conflict detected {
  conflictId: [32m'R1j0zQTWTcRSzgZZjvAgP'[39m,
  entityType: [32m'Account'[39m,
  entityId: [32m'acct-189'[39m,
  severity: [32m'low'[39m,
  conflictingFields: []
}
Conflict detected {
  conflictId: [32m'vXsOfKmKx9mGBrxdVFhbB'[39m,
  entityType: [32m'Account'[39m,
  entityId: [32m'acct-190'[39m,
  severity: [32m'low'[39m,
  conflictingFields: []
}
Conflict detected {
  conflictId: [32m'iPTCG-il1aI0wWxs31QQr'[39m,
  entityType: [32m'Account'[39m,
  entityId: [32m'acct-191'[39m,
  severity: [32m'low'[39m,
  conflictingFields: []
}
Conflict detected {
  conflictId: [32m'3jhGtXSPl1PG8blA4VlRP'[39m,
  entityType: [32m'Account'[39m,
  entityId: [32m'acct-192'[39m,
  severity: [32m'low'[39m,
  conflictingFields: []
}
Conflict detected {
  conflictId: [32m'64VDr_hkoYSFayyGgiCQF'[39m,
  entityType: [32m'Account'[39m,
  entityId: [32m'acct-193'[39m,
  severity: [32m'low'[39m,
  conflictingFields: []
}
Conflict detected {
  conflictId: [32m'5aVk1O2KBc0m0VSUobpWO'[39m,
  entityType: [32m'Account'[39m,
  entityId: [32m'acct-194'[39m,
  severity: [32m'low'[39m,
  conflictingFields: []
}
Conflict detected {
  conflictId: [32m'nBQwzU9-EuUduDF9xYM51'[39m,
  entityType: [32m'Account'[39m,
  entityId: [32m'acct-195'[39m,
  severity: [32m'low'[39m,
  conflictingFields: []
}
Conflict detected {
  conflictId: [32m'A5qElENeL2AeZiVXZTysT'[39m,
  entityType: [32m'Account'[39m,
  entityId: [32m'acct-196'[39m,
  severity: [32m'low'[39m,
  conflictingFields: []
}
Conflict detected {
  conflictId: [32m'9X62vAz5yMTz1JLG5OnKl'[39m,
  entityType: [32m'Account'[39m,
  entityId: [32m'acct-197'[39m,
  severity: [32m'low'[39m,
  conflictingFields: []
}
Conflict detected {
  conflictId: [32m'GTfsdmcqhV5TsCUWz7e-c'[39m,
  entityType: [32m'Account'[39m,
  entityId: [32m'acct-198'[39m,
  severity: [32m'low'[39m,
  conflictingFields: []
}
Conflict detected {
  conflictId: [32m'ADrJCK8mt4l6DMiD2AAXV'[39m,
  entityType: [32m'Account'[39m,
  entityId: [32m'acct-199'[39m,
  severity: [32m'low'[39m,
  conflictingFields: []
}
Conflict detected {
  conflictId: [32m'KXD_eltp-phGW1Vxyyidt'[39m,
  entityType: [32m'Account'[39m,
  entityId: [32m'acct-200'[39m,
  severity: [32m'low'[39m,
  conflictingFields: []
}
Conflict detected {
  conflictId: [32m'LsejQGtRSb0aSoaWn9bsg'[39m,
  entityType: [32m'Account'[39m,
  entityId: [32m'acct-201'[39m,
  severity: [32m'low'[39m,
  conflictingFields: []
}
Conflict detected {
  conflictId: [32m'8lAw6cbhJk9sgVC9tI0mA'[39m,
  entityType: [32m'Account'[39m,
  entityId: [32m'acct-202'[39m,
  severity: [32m'low'[39m,
  conflictingFields: []
}
Conflict detected {
  conflictId: [32m'rYn3iKuF2HI_ylM5_pb72'[39m,
  entityType: [32m'Account'[39m,
  entityId: [32m'acct-203'[39m,
  severity: [32m'low'[39m,
  conflictingFields: []
}
Conflict detected {
  conflictId: [32m'tWolNDETIsR_loNQUtPfG'[39m,
  entityType: [32m'Account'[39m,
  entityId: [32m'acct-204'[39m,
  severity: [32m'low'[39m,
  conflictingFields: []
}
Conflict detected {
  conflictId: [32m'OA7VPkHVm5Q-4nHoS8I-v'[39m,
  entityType: [32m'Account'[39m,
  entityId: [32m'acct-205'[39m,
  severity: [32m'low'[39m,
  conflictingFields: []
}
Conflict detected {
  conflictId: [32m'rTc3wtGbNd-N7o-I9CpHT'[39m,
  entityType: [32m'Account'[39m,
  entityId: [32m'acct-206'[39m,
  severity: [32m'low'[39m,
  conflictingFields: []
}
Conflict detected {
  conflictId: [32m'R-Xhwb_cdie7DKfxR1Ah7'[39m,
  entityType: [32m'Account'[39m,
  entityId: [32m'acct-207'[39m,
  severity: [32m'low'[39m,
  conflictingFields: []
}
Conflict detected {
  conflictId: [32m'dKBARW6YXYJ63cj8tp8i-'[39m,
  entityType: [32m'Account'[39m,
  entityId: [32m'acct-208'[39m,
  severity: [32m'low'[39m,
  conflictingFields: []
}
Conflict detected {
  conflictId: [32m'288Vvb8cgA8bWkrG9VcdK'[39m,
  entityType: [32m'Account'[39m,
  entityId: [32m'acct-209'[39m,
  severity: [32m'low'[39m,
  conflictingFields: []
}
Conflict detected {
  conflictId: [32m'lwFypD2hvVgdBj5m5RPSH'[39m,
  entityType: [32m'Account'[39m,
  entityId: [32m'acct-210'[39m,
  severity: [32m'low'[39m,
  conflictingFields: []
}
Conflict detected {
  conflictId: [32m'i18t9hfwu_mz_UhG3s6e7'[39m,
  entityType: [32m'Account'[39m,
  entityId: [32m'acct-211'[39m,
  severity: [32m'low'[39m,
  conflictingFields: []
}
Conflict detected {
  conflictId: [32m'ZFYFOCDcF2hUNjkJbR-8x'[39m,
  entityType: [32m'Account'[39m,
  entityId: [32m'acct-212'[39m,
  severity: [32m'low'[39m,
  conflictingFields: []
}
Conflict detected {
  conflictId: [32m'AAVQAyrToTMO8Py32kAcL'[39m,
  entityType: [32m'Account'[39m,
  entityId: [32m'acct-213'[39m,
  severity: [32m'low'[39m,
  conflictingFields: []
}
Conflict detected {
  conflictId: [32m'yzfKoTm6uWS5a8bPDFelH'[39m,
  entityType: [32m'Account'[39m,
  entityId: [32m'acct-214'[39m,
  severity: [32m'low'[39m,
  conflictingFields: []
}
Conflict detected {
  conflictId: [32m'gDXPv7oag2yU3WqZIMosy'[39m,
  entityType: [32m'Account'[39m,
  entityId: [32m'acct-215'[39m,
  severity: [32m'low'[39m,
  conflictingFields: []
}
Conflict detected {
  conflictId: [32m'LKKtzeD4nCL3t797Kuz_N'[39m,
  entityType: [32m'Account'[39m,
  entityId: [32m'acct-216'[39m,
  severity: [32m'low'[39m,
  conflictingFields: []
}
Conflict detected {
  conflictId: [32m'W1SEb2VF58HhErSCLYWeY'[39m,
  entityType: [32m'Account'[39m,
  entityId: [32m'acct-217'[39m,
  severity: [32m'low'[39m,
  conflictingFields: []
}
Conflict detected {
  conflictId: [32m'DRDatDHOdqRvJBf4fZHMA'[39m,
  entityType: [32m'Account'[39m,
  entityId: [32m'acct-218'[39m,
  severity: [32m'low'[39m,
  conflictingFields: []
}
Conflict detected {
  conflictId: [32m'QOwvQOFrRIOLaYNluszwS'[39m,
  entityType: [32m'Account'[39m,
  entityId: [32m'acct-219'[39m,
  severity: [32m'low'[39m,
  conflictingFields: []
}
Conflict detected {
  conflictId: [32m'r5yQxNcHNH3MOwyNMHifV'[39m,
  entityType: [32m'Account'[39m,
  entityId: [32m'acct-220'[39m,
  severity: [32m'low'[39m,
  conflictingFields: []
}
Conflict detected {
  conflictId: [32m'BFAhX7Nqee4kisCKgczys'[39m,
  entityType: [32m'Account'[39m,
  entityId: [32m'acct-221'[39m,
  severity: [32m'low'[39m,
  conflictingFields: []
}
Conflict detected {
  conflictId: [32m'iwyLHulvSYgUCZKmrkZWZ'[39m,
  entityType: [32m'Account'[39m,
  entityId: [32m'acct-222'[39m,
  severity: [32m'low'[39m,
  conflictingFields: []
}
Conflict detected {
  conflictId: [32m'1dLyIdOuJ74ztacDKCeBZ'[39m,
  entityType: [32m'Account'[39m,
  entityId: [32m'acct-223'[39m,
  severity: [32m'low'[39m,
  conflictingFields: []
}
Conflict detected {
  conflictId: [32m'AAuAvFESaYayaq9mAxNMg'[39m,
  entityType: [32m'Account'[39m,
  entityId: [32m'acct-224'[39m,
  severity: [32m'low'[39m,
  conflictingFields: []
}
Conflict detected {
  conflictId: [32m'JYX6UHxXJ82mNnqz488K5'[39m,
  entityType: [32m'Account'[39m,
  entityId: [32m'acct-225'[39m,
  severity: [32m'low'[39m,
  conflictingFields: []
}
Conflict detected {
  conflictId: [32m'O30ygZSMJFV5Ypcj6XZIw'[39m,
  entityType: [32m'Account'[39m,
  entityId: [32m'acct-226'[39m,
  severity: [32m'low'[39m,
  conflictingFields: []
}
Conflict detected {
  conflictId: [32m'fxAZQj5TZLQUCYx2zrkEj'[39m,
  entityType: [32m'Account'[39m,
  entityId: [32m'acct-227'[39m,
  severity: [32m'low'[39m,
  conflictingFields: []
}
Conflict detected {
  conflictId: [32m'G44aeOy5-w3kyU8j6U4mF'[39m,
  entityType: [32m'Account'[39m,
  entityId: [32m'acct-228'[39m,
  severity: [32m'low'[39m,
  conflictingFields: []
}
Conflict detected {
  conflictId: [32m'kLqGjBCs0u6aTDyEZQBg_'[39m,
  entityType: [32m'Account'[39m,
  entityId: [32m'acct-229'[39m,
  severity: [32m'low'[39m,
  conflictingFields: []
}
Conflict detected {
  conflictId: [32m'xEJ39c33hib-6ZMa_A5ku'[39m,
  entityType: [32m'Account'[39m,
  entityId: [32m'acct-230'[39m,
  severity: [32m'low'[39m,
  conflictingFields: []
}
Conflict detected {
  conflictId: [32m'zlCzFwLgVfEKMffs5BuGf'[39m,
  entityType: [32m'Account'[39m,
  entityId: [32m'acct-231'[39m,
  severity: [32m'low'[39m,
  conflictingFields: []
}
Conflict detected {
  conflictId: [32m'fu0jevbGhe1xJLdfeKiaq'[39m,
  entityType: [32m'Account'[39m,
  entityId: [32m'acct-232'[39m,
  severity: [32m'low'[39m,
  conflictingFields: []
}
Conflict detected {
  conflictId: [32m'gPTb8dASCixrl1AIkzhGw'[39m,
  entityType: [32m'Account'[39m,
  entityId: [32m'acct-233'[39m,
  severity: [32m'low'[39m,
  conflictingFields: []
}
Conflict detected {
  conflictId: [32m'8RurlPP0nUDofjauKPnzG'[39m,
  entityType: [32m'Account'[39m,
  entityId: [32m'acct-234'[39m,
  severity: [32m'low'[39m,
  conflictingFields: []
}
Conflict detected {
  conflictId: [32m'fF6XEwX69Kup7CrOI4zg9'[39m,
  entityType: [32m'Account'[39m,
  entityId: [32m'acct-235'[39m,
  severity: [32m'low'[39m,
  conflictingFields: []
}
Conflict detected {
  conflictId: [32m'gz3x8UuvfChoyHD-Hb0o7'[39m,
  entityType: [32m'Account'[39m,
  entityId: [32m'acct-236'[39m,
  severity: [32m'low'[39m,
  conflictingFields: []
}
Conflict detected {
  conflictId: [32m'xpe6mqlWkf5YSGxnAdFhm'[39m,
  entityType: [32m'Account'[39m,
  entityId: [32m'acct-237'[39m,
  severity: [32m'low'[39m,
  conflictingFields: []
}
Conflict detected {
  conflictId: [32m'VAgy2QvKzzwUfmaJzec7l'[39m,
  entityType: [32m'Account'[39m,
  entityId: [32m'acct-238'[39m,
  severity: [32m'low'[39m,
  conflictingFields: []
}
Conflict detected {
  conflictId: [32m'Evel6Tb-BwtKT3NxKqgaK'[39m,
  entityType: [32m'Account'[39m,
  entityId: [32m'acct-239'[39m,
  severity: [32m'low'[39m,
  conflictingFields: []
}
Conflict detected {
  conflictId: [32m'XWbhxhyG5nNUFEOYBcDFa'[39m,
  entityType: [32m'Account'[39m,
  entityId: [32m'acct-240'[39m,
  severity: [32m'low'[39m,
  conflictingFields: []
}
Conflict detected {
  conflictId: [32m'_9T3xruYYitwUfCYvoM-d'[39m,
  entityType: [32m'Account'[39m,
  entityId: [32m'acct-241'[39m,
  severity: [32m'low'[39m,
  conflictingFields: []
}
Conflict detected {
  conflictId: [32m'3hsah1Y2ugWHjOBI4pPff'[39m,
  entityType: [32m'Account'[39m,
  entityId: [32m'acct-242'[39m,
  severity: [32m'low'[39m,
  conflictingFields: []
}
Conflict detected {
  conflictId: [32m'oRRKwD2aalH3BsfmmN3Dv'[39m,
  entityType: [32m'Account'[39m,
  entityId: [32m'acct-243'[39m,
  severity: [32m'low'[39m,
  conflictingFields: []
}
Conflict detected {
  conflictId: [32m'VnbUcP-Hh0l2tK_H-DTjk'[39m,
  entityType: [32m'Account'[39m,
  entityId: [32m'acct-244'[39m,
  severity: [32m'low'[39m,
  conflictingFields: []
}
Conflict detected {
  conflictId: [32m'sCucltVriwr_KHvUSZAQ4'[39m,
  entityType: [32m'Account'[39m,
  entityId: [32m'acct-245'[39m,
  severity: [32m'low'[39m,
  conflictingFields: []
}
Conflict detected {
  conflictId: [32m'ltqovgBczTNzibCww_S7c'[39m,
  entityType: [32m'Account'[39m,
  entityId: [32m'acct-246'[39m,
  severity: [32m'low'[39m,
  conflictingFields: []
}
Conflict detected {
  conflictId: [32m'ah9Aiuqvwr6OFC0K7Rg82'[39m,
  entityType: [32m'Account'[39m,
  entityId: [32m'acct-247'[39m,
  severity: [32m'low'[39m,
  conflictingFields: []
}
Conflict detected {
  conflictId: [32m'rzk4UNpXo7H-vd7H5wRVN'[39m,
  entityType: [32m'Account'[39m,
  entityId: [32m'acct-248'[39m,
  severity: [32m'low'[39m,
  conflictingFields: []
}
Conflict detected {
  conflictId: [32m'UNQv0itIfucwNLqXO0g2_'[39m,
  entityType: [32m'Account'[39m,
  entityId: [32m'acct-249'[39m,
  severity: [32m'low'[39m,
  conflictingFields: []
}
Conflict detected {
  conflictId: [32m'QX5QD8zaDSD0fHfx-izni'[39m,
  entityType: [32m'Account'[39m,
  entityId: [32m'acct-250'[39m,
  severity: [32m'low'[39m,
  conflictingFields: []
}
Conflict detected {
  conflictId: [32m'rs0ndQ7mR-b7lXOiwamTN'[39m,
  entityType: [32m'Account'[39m,
  entityId: [32m'acct-251'[39m,
  severity: [32m'low'[39m,
  conflictingFields: []
}
Conflict detected {
  conflictId: [32m'-KV75Qu7ceheLJ9pcdB_u'[39m,
  entityType: [32m'Account'[39m,
  entityId: [32m'acct-252'[39m,
  severity: [32m'low'[39m,
  conflictingFields: []
}
Conflict detected {
  conflictId: [32m'2HLczDyDokKkuoQ6p2PK2'[39m,
  entityType: [32m'Account'[39m,
  entityId: [32m'acct-253'[39m,
  severity: [32m'low'[39m,
  conflictingFields: []
}
Conflict detected {
  conflictId: [32m'A6tX2dLswMtdwANDckHOn'[39m,
  entityType: [32m'Account'[39m,
  entityId: [32m'acct-254'[39m,
  severity: [32m'low'[39m,
  conflictingFields: []
}
Conflict detected {
  conflictId: [32m'iMBTFqx1Ht0SS2CD10k2e'[39m,
  entityType: [32m'Account'[39m,
  entityId: [32m'acct-255'[39m,
  severity: [32m'low'[39m,
  conflictingFields: []
}
Conflict detected {
  conflictId: [32m'Ru8lkHJmb5yAI5hqo9dVs'[39m,
  entityType: [32m'Account'[39m,
  entityId: [32m'acct-256'[39m,
  severity: [32m'low'[39m,
  conflictingFields: []
}
Conflict detected {
  conflictId: [32m'FyJcAo1Xq8ylgyWUNkrIx'[39m,
  entityType: [32m'Account'[39m,
  entityId: [32m'acct-257'[39m,
  severity: [32m'low'[39m,
  conflictingFields: []
}
Conflict detected {
  conflictId: [32m'3Y5FJBBpmYIMk1O8LeqFS'[39m,
  entityType: [32m'Account'[39m,
  entityId: [32m'acct-258'[39m,
  severity: [32m'low'[39m,
  conflictingFields: []
}
Conflict detected {
  conflictId: [32m'RUzfus5btGIVEKR79b3M0'[39m,
  entityType: [32m'Account'[39m,
  entityId: [32m'acct-259'[39m,
  severity: [32m'low'[39m,
  conflictingFields: []
}
Conflict detected {
  conflictId: [32m'cnk_9r9djrL66CU7fvd8i'[39m,
  entityType: [32m'Account'[39m,
  entityId: [32m'acct-260'[39m,
  severity: [32m'low'[39m,
  conflictingFields: []
}
Conflict detected {
  conflictId: [32m'Kd12gvw-myPH0nIqWcAnb'[39m,
  entityType: [32m'Account'[39m,
  entityId: [32m'acct-261'[39m,
  severity: [32m'low'[39m,
  conflictingFields: []
}
Conflict detected {
  conflictId: [32m'aqjLOVaPs839wDyNoixt6'[39m,
  entityType: [32m'Account'[39m,
  entityId: [32m'acct-262'[39m,
  severity: [32m'low'[39m,
  conflictingFields: []
}
Conflict detected {
  conflictId: [32m'HOpLiPy3DGO6uiUnYZ1O3'[39m,
  entityType: [32m'Account'[39m,
  entityId: [32m'acct-263'[39m,
  severity: [32m'low'[39m,
  conflictingFields: []
}
Conflict detected {
  conflictId: [32m'bHFiodSmOpu_eBXJUjEeA'[39m,
  entityType: [32m'Account'[39m,
  entityId: [32m'acct-264'[39m,
  severity: [32m'low'[39m,
  conflictingFields: []
}
Conflict detected {
  conflictId: [32m'ikRPJ0NT7MsESdeWDB2_T'[39m,
  entityType: [32m'Account'[39m,
  entityId: [32m'acct-265'[39m,
  severity: [32m'low'[39m,
  conflictingFields: []
}
Conflict detected {
  conflictId: [32m'zcfP2EfvnUZdSEhPS7X2d'[39m,
  entityType: [32m'Account'[39m,
  entityId: [32m'acct-266'[39m,
  severity: [32m'low'[39m,
  conflictingFields: []
}
Conflict detected {
  conflictId: [32m'PgV4yUC3c1QLJxRDv_7KE'[39m,
  entityType: [32m'Account'[39m,
  entityId: [32m'acct-267'[39m,
  severity: [32m'low'[39m,
  conflictingFields: []
}
Conflict detected {
  conflictId: [32m'pZslcetR5zNMDCDd0jWtS'[39m,
  entityType: [32m'Account'[39m,
  entityId: [32m'acct-268'[39m,
  severity: [32m'low'[39m,
  conflictingFields: []
}
Conflict detected {
  conflictId: [32m'UMzG9BRirXP1PaUNbhvur'[39m,
  entityType: [32m'Account'[39m,
  entityId: [32m'acct-269'[39m,
  severity: [32m'low'[39m,
  conflictingFields: []
}
Conflict detected {
  conflictId: [32m'ieS6zvRWQlpzxjOQ7fmSp'[39m,
  entityType: [32m'Account'[39m,
  entityId: [32m'acct-270'[39m,
  severity: [32m'low'[39m,
  conflictingFields: []
}
Conflict detected {
  conflictId: [32m'fy_XCeubpx_iJCEOkUROf'[39m,
  entityType: [32m'Account'[39m,
  entityId: [32m'acct-271'[39m,
  severity: [32m'low'[39m,
  conflictingFields: []
}
Conflict detected {
  conflictId: [32m'wthRI5jgKeNV1hVU26UlR'[39m,
  entityType: [32m'Account'[39m,
  entityId: [32m'acct-272'[39m,
  severity: [32m'low'[39m,
  conflictingFields: []
}
Conflict detected {
  conflictId: [32m'7yzB4cCXolrN6uEAT_8cS'[39m,
  entityType: [32m'Account'[39m,
  entityId: [32m'acct-273'[39m,
  severity: [32m'low'[39m,
  conflictingFields: []
}
Conflict detected {
  conflictId: [32m'NlvPiipJ6BAVqnErKnJYi'[39m,
  entityType: [32m'Account'[39m,
  entityId: [32m'acct-274'[39m,
  severity: [32m'low'[39m,
  conflictingFields: []
}
Conflict detected {
  conflictId: [32m'cNEGSb5zVkBByaKCBC7Ps'[39m,
  entityType: [32m'Account'[39m,
  entityId: [32m'acct-275'[39m,
  severity: [32m'low'[39m,
  conflictingFields: []
}
Conflict detected {
  conflictId: [32m'ke7EzjNs5CJRjJ9nzm_GL'[39m,
  entityType: [32m'Account'[39m,
  entityId: [32m'acct-276'[39m,
  severity: [32m'low'[39m,
  conflictingFields: []
}
Conflict detected {
  conflictId: [32m't7UMKX-m5GYHrtAo61YhR'[39m,
  entityType: [32m'Account'[39m,
  entityId: [32m'acct-277'[39m,
  severity: [32m'low'[39m,
  conflictingFields: []
}
Conflict detected {
  conflictId: [32m'juWZ67awNaJX50bWc9_qb'[39m,
  entityType: [32m'Account'[39m,
  entityId: [32m'acct-278'[39m,
  severity: [32m'low'[39m,
  conflictingFields: []
}
Conflict detected {
  conflictId: [32m'nJRcuCE309x0exzg30Now'[39m,
  entityType: [32m'Account'[39m,
  entityId: [32m'acct-279'[39m,
  severity: [32m'low'[39m,
  conflictingFields: []
}
Conflict detected {
  conflictId: [32m'ZUGirwZXRd-HVL9JqE1K5'[39m,
  entityType: [32m'Account'[39m,
  entityId: [32m'acct-280'[39m,
  severity: [32m'low'[39m,
  conflictingFields: []
}
Conflict detected {
  conflictId: [32m'VEv6UPFO302-j5qFP7pWY'[39m,
  entityType: [32m'Account'[39m,
  entityId: [32m'acct-281'[39m,
  severity: [32m'low'[39m,
  conflictingFields: []
}
Conflict detected {
  conflictId: [32m'-lMQJsa0Iv3G-4XtS98-u'[39m,
  entityType: [32m'Account'[39m,
  entityId: [32m'acct-282'[39m,
  severity: [32m'low'[39m,
  conflictingFields: []
}
Conflict detected {
  conflictId: [32m'Ef39_EE9-PNVFzwjVq_0Q'[39m,
  entityType: [32m'Account'[39m,
  entityId: [32m'acct-283'[39m,
  severity: [32m'low'[39m,
  conflictingFields: []
}
Conflict detected {
  conflictId: [32m'wXrHgBUCwfJxwfNGZtvuk'[39m,
  entityType: [32m'Account'[39m,
  entityId: [32m'acct-284'[39m,
  severity: [32m'low'[39m,
  conflictingFields: []
}
Conflict detected {
  conflictId: [32m'O3D1e0ZWfg9N554JKP0nF'[39m,
  entityType: [32m'Account'[39m,
  entityId: [32m'acct-285'[39m,
  severity: [32m'low'[39m,
  conflictingFields: []
}
Conflict detected {
  conflictId: [32m'W6YrNhYCttOzXCpb729zn'[39m,
  entityType: [32m'Account'[39m,
  entityId: [32m'acct-286'[39m,
  severity: [32m'low'[39m,
  conflictingFields: []
}
Conflict detected {
  conflictId: [32m'NujouIKqAcr6nJOz3TUTs'[39m,
  entityType: [32m'Account'[39m,
  entityId: [32m'acct-287'[39m,
  severity: [32m'low'[39m,
  conflictingFields: []
}
Conflict detected {
  conflictId: [32m'IVK5q7JkRhwMccJsnGPAA'[39m,
  entityType: [32m'Account'[39m,
  entityId: [32m'acct-288'[39m,
  severity: [32m'low'[39m,
  conflictingFields: []
}
Conflict detected {
  conflictId: [32m'1ZSX5XS9RHz-mNKSNNYXh'[39m,
  entityType: [32m'Account'[39m,
  entityId: [32m'acct-289'[39m,
  severity: [32m'low'[39m,
  conflictingFields: []
}
Conflict detected {
  conflictId: [32m'Y46okDCQZ9vIrKD91CZQn'[39m,
  entityType: [32m'Account'[39m,
  entityId: [32m'acct-290'[39m,
  severity: [32m'low'[39m,
  conflictingFields: []
}
Conflict detected {
  conflictId: [32m'RbZyCwR7GX54LmnXibuwC'[39m,
  entityType: [32m'Account'[39m,
  entityId: [32m'acct-291'[39m,
  severity: [32m'low'[39m,
  conflictingFields: []
}
Conflict detected {
  conflictId: [32m'VLXVVfRf7XOeSj1_8H4QK'[39m,
  entityType: [32m'Account'[39m,
  entityId: [32m'acct-292'[39m,
  severity: [32m'low'[39m,
  conflictingFields: []
}
Conflict detected {
  conflictId: [32m'jhAXr5rqWuvd7Vbc0nUO6'[39m,
  entityType: [32m'Account'[39m,
  entityId: [32m'acct-293'[39m,
  severity: [32m'low'[39m,
  conflictingFields: []
}
Conflict detected {
  conflictId: [32m'NGPzPkpsCcb_alBi2pUdA'[39m,
  entityType: [32m'Account'[39m,
  entityId: [32m'acct-294'[39m,
  severity: [32m'low'[39m,
  conflictingFields: []
}
Conflict detected {
  conflictId: [32m'chf-2fq40GkZcLS4BKCwX'[39m,
  entityType: [32m'Account'[39m,
  entityId: [32m'acct-295'[39m,
  severity: [32m'low'[39m,
  conflictingFields: []
}
Conflict detected {
  conflictId: [32m'VX1Nnw__hbFr6uDd37RhO'[39m,
  entityType: [32m'Account'[39m,
  entityId: [32m'acct-296'[39m,
  severity: [32m'low'[39m,
  conflictingFields: []
}
Conflict detected {
  conflictId: [32m'mk3NaDHNHh7ZXqWEo_HxN'[39m,
  entityType: [32m'Account'[39m,
  entityId: [32m'acct-297'[39m,
  severity: [32m'low'[39m,
  conflictingFields: []
}
Conflict detected {
  conflictId: [32m'15XwV27p7Rgs87dP9BmAT'[39m,
  entityType: [32m'Account'[39m,
  entityId: [32m'acct-298'[39m,
  severity: [32m'low'[39m,
  conflictingFields: []
}
Conflict detected {
  conflictId: [32m'TlBiZcT08DbcRk3LR-K0M'[39m,
  entityType: [32m'Account'[39m,
  entityId: [32m'acct-299'[39m,
  severity: [32m'low'[39m,
  conflictingFields: []
}
Conflict detected {
  conflictId: [32m'K1pAa-ppgT3aA_NQqjGgt'[39m,
  entityType: [32m'Account'[39m,
  entityId: [32m'acct-300'[39m,
  severity: [32m'low'[39m,
  conflictingFields: []
}
Conflict detected {
  conflictId: [32m'6P4mz4fudWpf2a6C96wk1'[39m,
  entityType: [32m'Account'[39m,
  entityId: [32m'acct-301'[39m,
  severity: [32m'low'[39m,
  conflictingFields: []
}
Conflict detected {
  conflictId: [32m'Z14yR5LOueSo7KxnklCGB'[39m,
  entityType: [32m'Account'[39m,
  entityId: [32m'acct-302'[39m,
  severity: [32m'low'[39m,
  conflictingFields: []
}
Conflict detected {
  conflictId: [32m'Ul7PE2tFunPIRkKJCJ4L9'[39m,
  entityType: [32m'Account'[39m,
  entityId: [32m'acct-303'[39m,
  severity: [32m'low'[39m,
  conflictingFields: []
}
Conflict detected {
  conflictId: [32m'Lx08XbccA4o0NZAV2-AOT'[39m,
  entityType: [32m'Account'[39m,
  entityId: [32m'acct-304'[39m,
  severity: [32m'low'[39m,
  conflictingFields: []
}
Conflict detected {
  conflictId: [32m'j_hFe8baP36utCnqQ_bOw'[39m,
  entityType: [32m'Account'[39m,
  entityId: [32m'acct-305'[39m,
  severity: [32m'low'[39m,
  conflictingFields: []
}
Conflict detected {
  conflictId: [32m'C3Ko-OMRcLWO-JgwBXi90'[39m,
  entityType: [32m'Account'[39m,
  entityId: [32m'acct-306'[39m,
  severity: [32m'low'[39m,
  conflictingFields: []
}
Conflict detected {
  conflictId: [32m'71TxPolGBxMXP6FSOd7j2'[39m,
  entityType: [32m'Account'[39m,
  entityId: [32m'acct-307'[39m,
  severity: [32m'low'[39m,
  conflictingFields: []
}
Conflict detected {
  conflictId: [32m'gFjf7zAomWJCVB9NC6-Da'[39m,
  entityType: [32m'Account'[39m,
  entityId: [32m'acct-308'[39m,
  severity: [32m'low'[39m,
  conflictingFields: []
}
Conflict detected {
  conflictId: [32m'mCSbNN1MepJW1o1VbXgBS'[39m,
  entityType: [32m'Account'[39m,
  entityId: [32m'acct-309'[39m,
  severity: [32m'low'[39m,
  conflictingFields: []
}
Conflict detected {
  conflictId: [32m'tNAaRKI3OFHgc6o98oZq2'[39m,
  entityType: [32m'Account'[39m,
  entityId: [32m'acct-310'[39m,
  severity: [32m'low'[39m,
  conflictingFields: []
}
Conflict detected {
  conflictId: [32m'qHurAc_fjjVCH-qeTTFOY'[39m,
  entityType: [32m'Account'[39m,
  entityId: [32m'acct-311'[39m,
  severity: [32m'low'[39m,
  conflictingFields: []
}
Conflict detected {
  conflictId: [32m'VWQZu-_8PqDzJlF7ctTwD'[39m,
  entityType: [32m'Account'[39m,
  entityId: [32m'acct-312'[39m,
  severity: [32m'low'[39m,
  conflictingFields: []
}
Conflict detected {
  conflictId: [32m'OkuCbxV7aCdMX67ufHrdt'[39m,
  entityType: [32m'Account'[39m,
  entityId: [32m'acct-313'[39m,
  severity: [32m'low'[39m,
  conflictingFields: []
}
Conflict detected {
  conflictId: [32m'i3Wh_YMP39x21hFrgSG-t'[39m,
  entityType: [32m'Account'[39m,
  entityId: [32m'acct-314'[39m,
  severity: [32m'low'[39m,
  conflictingFields: []
}
Conflict detected {
  conflictId: [32m'QMja5FiXja4hokn1FpMvS'[39m,
  entityType: [32m'Account'[39m,
  entityId: [32m'acct-315'[39m,
  severity: [32m'low'[39m,
  conflictingFields: []
}
Conflict detected {
  conflictId: [32m'z8JjYOC4RWdDEdNnUQlCs'[39m,
  entityType: [32m'Account'[39m,
  entityId: [32m'acct-316'[39m,
  severity: [32m'low'[39m,
  conflictingFields: []
}
Conflict detected {
  conflictId: [32m'eNrbl_E15dr5ml6gEdaFw'[39m,
  entityType: [32m'Account'[39m,
  entityId: [32m'acct-317'[39m,
  severity: [32m'low'[39m,
  conflictingFields: []
}
Conflict detected {
  conflictId: [32m'P6YIh4kTreLRdrLhGVHK5'[39m,
  entityType: [32m'Account'[39m,
  entityId: [32m'acct-318'[39m,
  severity: [32m'low'[39m,
  conflictingFields: []
}
Conflict detected {
  conflictId: [32m'Hg-J4w-qYxmSWlDVnmkKN'[39m,
  entityType: [32m'Account'[39m,
  entityId: [32m'acct-319'[39m,
  severity: [32m'low'[39m,
  conflictingFields: []
}
Conflict detected {
  conflictId: [32m'qiiKm0ZWgTWgv5ddQiFTG'[39m,
  entityType: [32m'Account'[39m,
  entityId: [32m'acct-320'[39m,
  severity: [32m'low'[39m,
  conflictingFields: []
}
Conflict detected {
  conflictId: [32m'UfXsv4Imit_1AE_P-hi7m'[39m,
  entityType: [32m'Account'[39m,
  entityId: [32m'acct-321'[39m,
  severity: [32m'low'[39m,
  conflictingFields: []
}
Conflict detected {
  conflictId: [32m'jiBYGygGk-3sC_8GU_a7N'[39m,
  entityType: [32m'Account'[39m,
  entityId: [32m'acct-322'[39m,
  severity: [32m'low'[39m,
  conflictingFields: []
}
Conflict detected {
  conflictId: [32m'-E5mpvVrIgUGXMuZExLfm'[39m,
  entityType: [32m'Account'[39m,
  entityId: [32m'acct-323'[39m,
  severity: [32m'low'[39m,
  conflictingFields: []
}
Conflict detected {
  conflictId: [32m'ltNncU8SWj_CvY_IzjjiD'[39m,
  entityType: [32m'Account'[39m,
  entityId: [32m'acct-324'[39m,
  severity: [32m'low'[39m,
  conflictingFields: []
}
Conflict detected {
  conflictId: [32m'mxfH9f5qMudFiAPGNkD2Z'[39m,
  entityType: [32m'Account'[39m,
  entityId: [32m'acct-325'[39m,
  severity: [32m'low'[39m,
  conflictingFields: []
}
Conflict detected {
  conflictId: [32m'HhINFvjhL7VsI31-OYoiv'[39m,
  entityType: [32m'Account'[39m,
  entityId: [32m'acct-326'[39m,
  severity: [32m'low'[39m,
  conflictingFields: []
}
Conflict detected {
  conflictId: [32m'd2UjjM-HVIE_w3jWRMfUV'[39m,
  entityType: [32m'Account'[39m,
  entityId: [32m'acct-327'[39m,
  severity: [32m'low'[39m,
  conflictingFields: []
}
Conflict detected {
  conflictId: [32m'BTWBKgggD3pCn_sBYgRZM'[39m,
  entityType: [32m'Account'[39m,
  entityId: [32m'acct-328'[39m,
  severity: [32m'low'[39m,
  conflictingFields: []
}
Conflict detected {
  conflictId: [32m'MJFKhzkfBgJtoGtNuzABy'[39m,
  entityType: [32m'Account'[39m,
  entityId: [32m'acct-329'[39m,
  severity: [32m'low'[39m,
  conflictingFields: []
}
Conflict detected {
  conflictId: [32m'W_GYcxSBzV-COWNLc0XPe'[39m,
  entityType: [32m'Account'[39m,
  entityId: [32m'acct-330'[39m,
  severity: [32m'low'[39m,
  conflictingFields: []
}
Conflict detected {
  conflictId: [32m'b3Lu_iXK5QrHVkNm9hivQ'[39m,
  entityType: [32m'Account'[39m,
  entityId: [32m'acct-331'[39m,
  severity: [32m'low'[39m,
  conflictingFields: []
}
Conflict detected {
  conflictId: [32m'U-klvj0BnH4jy8bVnZXxI'[39m,
  entityType: [32m'Account'[39m,
  entityId: [32m'acct-332'[39m,
  severity: [32m'low'[39m,
  conflictingFields: []
}
Conflict detected {
  conflictId: [32m'V2mb5luEOL4OvVrL0MEPm'[39m,
  entityType: [32m'Account'[39m,
  entityId: [32m'acct-333'[39m,
  severity: [32m'low'[39m,
  conflictingFields: []
}
Conflict detected {
  conflictId: [32m'P0NRS61KLYCYEdTPIVnro'[39m,
  entityType: [32m'Account'[39m,
  entityId: [32m'acct-334'[39m,
  severity: [32m'low'[39m,
  conflictingFields: []
}
Conflict detected {
  conflictId: [32m'GQQcgDZhDvC63l82F0AR3'[39m,
  entityType: [32m'Account'[39m,
  entityId: [32m'acct-335'[39m,
  severity: [32m'low'[39m,
  conflictingFields: []
}
Conflict detected {
  conflictId: [32m'a4i8s3Gwzcho2njseodmC'[39m,
  entityType: [32m'Account'[39m,
  entityId: [32m'acct-336'[39m,
  severity: [32m'low'[39m,
  conflictingFields: []
}
Conflict detected {
  conflictId: [32m'yoQYqy4PXX_EQMH1BedfK'[39m,
  entityType: [32m'Account'[39m,
  entityId: [32m'acct-337'[39m,
  severity: [32m'low'[39m,
  conflictingFields: []
}
Conflict detected {
  conflictId: [32m'rdIw9YJ7CZMVrRC9Rdq1A'[39m,
  entityType: [32m'Account'[39m,
  entityId: [32m'acct-338'[39m,
  severity: [32m'low'[39m,
  conflictingFields: []
}
Conflict detected {
  conflictId: [32m'5pSC1USpmEScZ5bhVjQB4'[39m,
  entityType: [32m'Account'[39m,
  entityId: [32m'acct-339'[39m,
  severity: [32m'low'[39m,
  conflictingFields: []
}
Conflict detected {
  conflictId: [32m'5gvECdhPnA1-7tvoZxq_r'[39m,
  entityType: [32m'Account'[39m,
  entityId: [32m'acct-340'[39m,
  severity: [32m'low'[39m,
  conflictingFields: []
}
Conflict detected {
  conflictId: [32m'rt7MVU4q2UQD6s9uwtf1C'[39m,
  entityType: [32m'Account'[39m,
  entityId: [32m'acct-341'[39m,
  severity: [32m'low'[39m,
  conflictingFields: []
}
Conflict detected {
  conflictId: [32m'trG8H7P3Ec0pUGWy6oSlD'[39m,
  entityType: [32m'Account'[39m,
  entityId: [32m'acct-342'[39m,
  severity: [32m'low'[39m,
  conflictingFields: []
}
Conflict detected {
  conflictId: [32m'EiMJy0JVOCsUEAQYU4cV3'[39m,
  entityType: [32m'Account'[39m,
  entityId: [32m'acct-343'[39m,
  severity: [32m'low'[39m,
  conflictingFields: []
}
Conflict detected {
  conflictId: [32m'mH9kPNCFmkSXcG1fi_STy'[39m,
  entityType: [32m'Account'[39m,
  entityId: [32m'acct-344'[39m,
  severity: [32m'low'[39m,
  conflictingFields: []
}
Conflict detected {
  conflictId: [32m'sNDg6LLS9QpEVOJ_M2bJB'[39m,
  entityType: [32m'Account'[39m,
  entityId: [32m'acct-345'[39m,
  severity: [32m'low'[39m,
  conflictingFields: []
}
Conflict detected {
  conflictId: [32m'v_s2fr5rjGkZ-40a-xxE3'[39m,
  entityType: [32m'Account'[39m,
  entityId: [32m'acct-346'[39m,
  severity: [32m'low'[39m,
  conflictingFields: []
}
Conflict detected {
  conflictId: [32m'SI-3fa2uux4GXnIORfnlR'[39m,
  entityType: [32m'Account'[39m,
  entityId: [32m'acct-347'[39m,
  severity: [32m'low'[39m,
  conflictingFields: []
}
Conflict detected {
  conflictId: [32m'47Rj_7EZGuiVzv0RN2B3w'[39m,
  entityType: [32m'Account'[39m,
  entityId: [32m'acct-348'[39m,
  severity: [32m'low'[39m,
  conflictingFields: []
}
Conflict detected {
  conflictId: [32m'1kxWYTnEsK-RBXyuhD-S9'[39m,
  entityType: [32m'Account'[39m,
  entityId: [32m'acct-349'[39m,
  severity: [32m'low'[39m,
  conflictingFields: []
}
Conflict detected {
  conflictId: [32m'5wNfw4cT0NGtnkfxgpjLE'[39m,
  entityType: [32m'Account'[39m,
  entityId: [32m'acct-350'[39m,
  severity: [32m'low'[39m,
  conflictingFields: []
}
Conflict detected {
  conflictId: [32m'WNzXIyg0GCqwlY4HlgQ9Z'[39m,
  entityType: [32m'Account'[39m,
  entityId: [32m'acct-351'[39m,
  severity: [32m'low'[39m,
  conflictingFields: []
}
Conflict detected {
  conflictId: [32m'BDYdeyrsr2BynO6xr3jep'[39m,
  entityType: [32m'Account'[39m,
  entityId: [32m'acct-352'[39m,
  severity: [32m'low'[39m,
  conflictingFields: []
}
Conflict detected {
  conflictId: [32m'I-qaykc4xWzVlOqvXyo0y'[39m,
  entityType: [32m'Account'[39m,
  entityId: [32m'acct-353'[39m,
  severity: [32m'low'[39m,
  conflictingFields: []
}
Conflict detected {
  conflictId: [32m'KKYn5HhsfnB9PrTPR-nHR'[39m,
  entityType: [32m'Account'[39m,
  entityId: [32m'acct-354'[39m,
  severity: [32m'low'[39m,
  conflictingFields: []
}
Conflict detected {
  conflictId: [32m'dkWAJvwSEYW2KazU-zWkW'[39m,
  entityType: [32m'Account'[39m,
  entityId: [32m'acct-355'[39m,
  severity: [32m'low'[39m,
  conflictingFields: []
}
Conflict detected {
  conflictId: [32m'QbRqwv-3fR2KhN3ka4B2z'[39m,
  entityType: [32m'Account'[39m,
  entityId: [32m'acct-356'[39m,
  severity: [32m'low'[39m,
  conflictingFields: []
}
Conflict detected {
  conflictId: [32m'kT5bI8S9nlZWr9ouw0beN'[39m,
  entityType: [32m'Account'[39m,
  entityId: [32m'acct-357'[39m,
  severity: [32m'low'[39m,
  conflictingFields: []
}
Conflict detected {
  conflictId: [32m'REQBCozAGuMsWUlMbPx-o'[39m,
  entityType: [32m'Account'[39m,
  entityId: [32m'acct-358'[39m,
  severity: [32m'low'[39m,
  conflictingFields: []
}
Conflict detected {
  conflictId: [32m'jPo8XU-nX85AlH-QNuH7B'[39m,
  entityType: [32m'Account'[39m,
  entityId: [32m'acct-359'[39m,
  severity: [32m'low'[39m,
  conflictingFields: []
}
Conflict detected {
  conflictId: [32m'S6T5h_R_qQGUJSCwONHkO'[39m,
  entityType: [32m'Account'[39m,
  entityId: [32m'acct-360'[39m,
  severity: [32m'low'[39m,
  conflictingFields: []
}
Conflict detected {
  conflictId: [32m'sovx0V7OWZt_A8wOCGHl9'[39m,
  entityType: [32m'Account'[39m,
  entityId: [32m'acct-361'[39m,
  severity: [32m'low'[39m,
  conflictingFields: []
}
Conflict detected {
  conflictId: [32m'2tr7Kmy6nVrPzCY6HV0xJ'[39m,
  entityType: [32m'Account'[39m,
  entityId: [32m'acct-362'[39m,
  severity: [32m'low'[39m,
  conflictingFields: []
}
Conflict detected {
  conflictId: [32m'2lUFfFMBpFTxVqBwcIy7c'[39m,
  entityType: [32m'Account'[39m,
  entityId: [32m'acct-363'[39m,
  severity: [32m'low'[39m,
  conflictingFields: []
}
Conflict detected {
  conflictId: [32m'mmNbLF-VpBWbruRBfLOkK'[39m,
  entityType: [32m'Account'[39m,
  entityId: [32m'acct-364'[39m,
  severity: [32m'low'[39m,
  conflictingFields: []
}
Conflict detected {
  conflictId: [32m'fxM1nUgUhKlZwdJ6P6lX6'[39m,
  entityType: [32m'Account'[39m,
  entityId: [32m'acct-365'[39m,
  severity: [32m'low'[39m,
  conflictingFields: []
}
Conflict detected {
  conflictId: [32m'6sMGpUAuIB8f_cOmBZprO'[39m,
  entityType: [32m'Account'[39m,
  entityId: [32m'acct-366'[39m,
  severity: [32m'low'[39m,
  conflictingFields: []
}
Conflict detected {
  conflictId: [32m'MX-F7ilE5NSpieseqsVgR'[39m,
  entityType: [32m'Account'[39m,
  entityId: [32m'acct-367'[39m,
  severity: [32m'low'[39m,
  conflictingFields: []
}
Conflict detected {
  conflictId: [32m'USptGvyzH1p8TH4oNEf3o'[39m,
  entityType: [32m'Account'[39m,
  entityId: [32m'acct-368'[39m,
  severity: [32m'low'[39m,
  conflictingFields: []
}
Conflict detected {
  conflictId: [32m'vgjjmt-vR7iGlomY0n43z'[39m,
  entityType: [32m'Account'[39m,
  entityId: [32m'acct-369'[39m,
  severity: [32m'low'[39m,
  conflictingFields: []
}
Conflict detected {
  conflictId: [32m'Y68vLWfHzJnvOoAlfxLSn'[39m,
  entityType: [32m'Account'[39m,
  entityId: [32m'acct-370'[39m,
  severity: [32m'low'[39m,
  conflictingFields: []
}
Conflict detected {
  conflictId: [32m'mApqxHi7Spuou1_dFQEtM'[39m,
  entityType: [32m'Account'[39m,
  entityId: [32m'acct-371'[39m,
  severity: [32m'low'[39m,
  conflictingFields: []
}
Conflict detected {
  conflictId: [32m'YoZxeyri7ZIpmuszRLzHr'[39m,
  entityType: [32m'Account'[39m,
  entityId: [32m'acct-372'[39m,
  severity: [32m'low'[39m,
  conflictingFields: []
}
Conflict detected {
  conflictId: [32m'wkn7O3q-M0ikj_8iYxqnz'[39m,
  entityType: [32m'Account'[39m,
  entityId: [32m'acct-373'[39m,
  severity: [32m'low'[39m,
  conflictingFields: []
}
Conflict detected {
  conflictId: [32m'5JcdylTwxSLHWkp4u7glc'[39m,
  entityType: [32m'Account'[39m,
  entityId: [32m'acct-374'[39m,
  severity: [32m'low'[39m,
  conflictingFields: []
}
Conflict detected {
  conflictId: [32m'sxYaXe0LvdTz9TzZHvpaj'[39m,
  entityType: [32m'Account'[39m,
  entityId: [32m'acct-375'[39m,
  severity: [32m'low'[39m,
  conflictingFields: []
}
Conflict detected {
  conflictId: [32m'wvM5Vw2Ny1a-Z8ChDFmsU'[39m,
  entityType: [32m'Account'[39m,
  entityId: [32m'acct-376'[39m,
  severity: [32m'low'[39m,
  conflictingFields: []
}
Conflict detected {
  conflictId: [32m'Jv8jMPPgQQTKNESkhafWm'[39m,
  entityType: [32m'Account'[39m,
  entityId: [32m'acct-377'[39m,
  severity: [32m'low'[39m,
  conflictingFields: []
}
Conflict detected {
  conflictId: [32m'8xSpaQlsK1oLKK7Fn-ccz'[39m,
  entityType: [32m'Account'[39m,
  entityId: [32m'acct-378'[39m,
  severity: [32m'low'[39m,
  conflictingFields: []
}
Conflict detected {
  conflictId: [32m'ADxCP1pFnxOf5e0td1u6E'[39m,
  entityType: [32m'Account'[39m,
  entityId: [32m'acct-379'[39m,
  severity: [32m'low'[39m,
  conflictingFields: []
}
Conflict detected {
  conflictId: [32m'_L4xBOeE9CpOPf6RsiV-0'[39m,
  entityType: [32m'Account'[39m,
  entityId: [32m'acct-380'[39m,
  severity: [32m'low'[39m,
  conflictingFields: []
}
Conflict detected {
  conflictId: [32m'G3mKtNdgJZHbFW30Rur-B'[39m,
  entityType: [32m'Account'[39m,
  entityId: [32m'acct-381'[39m,
  severity: [32m'low'[39m,
  conflictingFields: []
}
Conflict detected {
  conflictId: [32m'M4FEkdEprn0ExgjxNzj8o'[39m,
  entityType: [32m'Account'[39m,
  entityId: [32m'acct-382'[39m,
  severity: [32m'low'[39m,
  conflictingFields: []
}
Conflict detected {
  conflictId: [32m'tTR8IOafMCRszwswfRr9T'[39m,
  entityType: [32m'Account'[39m,
  entityId: [32m'acct-383'[39m,
  severity: [32m'low'[39m,
  conflictingFields: []
}
Conflict detected {
  conflictId: [32m'EZWsisUVlf7KfKqIUehHd'[39m,
  entityType: [32m'Account'[39m,
  entityId: [32m'acct-384'[39m,
  severity: [32m'low'[39m,
  conflictingFields: []
}
Conflict detected {
  conflictId: [32m'ZJIADe4hcLmnM2xgkJ-XI'[39m,
  entityType: [32m'Account'[39m,
  entityId: [32m'acct-385'[39m,
  severity: [32m'low'[39m,
  conflictingFields: []
}
Conflict detected {
  conflictId: [32m'W88wc9WQ1LGsYzd6I_-fR'[39m,
  entityType: [32m'Account'[39m,
  entityId: [32m'acct-386'[39m,
  severity: [32m'low'[39m,
  conflictingFields: []
}
Conflict detected {
  conflictId: [32m'a4bJU4sI5HkbsPbX-l2jm'[39m,
  entityType: [32m'Account'[39m,
  entityId: [32m'acct-387'[39m,
  severity: [32m'low'[39m,
  conflictingFields: []
}
Conflict detected {
  conflictId: [32m'XPoFPNSNtSaFs2XVIipv_'[39m,
  entityType: [32m'Account'[39m,
  entityId: [32m'acct-388'[39m,
  severity: [32m'low'[39m,
  conflictingFields: []
}
Conflict detected {
  conflictId: [32m'py7DvpOc67W9SbV0_Rdr_'[39m,
  entityType: [32m'Account'[39m,
  entityId: [32m'acct-389'[39m,
  severity: [32m'low'[39m,
  conflictingFields: []
}
Conflict detected {
  conflictId: [32m'p93VByiaYQTIo21KiJNML'[39m,
  entityType: [32m'Account'[39m,
  entityId: [32m'acct-390'[39m,
  severity: [32m'low'[39m,
  conflictingFields: []
}
Conflict detected {
  conflictId: [32m'dTFrsKHq8EJBhtm1kQv8_'[39m,
  entityType: [32m'Account'[39m,
  entityId: [32m'acct-391'[39m,
  severity: [32m'low'[39m,
  conflictingFields: []
}
Conflict detected {
  conflictId: [32m'jg34dKFUyh2Bl5lVUUQ3H'[39m,
  entityType: [32m'Account'[39m,
  entityId: [32m'acct-392'[39m,
  severity: [32m'low'[39m,
  conflictingFields: []
}
Conflict detected {
  conflictId: [32m'ngcSpX8yrsIEPFGRrjANi'[39m,
  entityType: [32m'Account'[39m,
  entityId: [32m'acct-393'[39m,
  severity: [32m'low'[39m,
  conflictingFields: []
}
Conflict detected {
  conflictId: [32m'n6hWiYpujVbiNEnuO4_mH'[39m,
  entityType: [32m'Account'[39m,
  entityId: [32m'acct-394'[39m,
  severity: [32m'low'[39m,
  conflictingFields: []
}
Conflict detected {
  conflictId: [32m'PBKMGy4vmos6Y5d9KZmQE'[39m,
  entityType: [32m'Account'[39m,
  entityId: [32m'acct-395'[39m,
  severity: [32m'low'[39m,
  conflictingFields: []
}
Conflict detected {
  conflictId: [32m'aMfEwNYK9cZC3Iejbn3Qn'[39m,
  entityType: [32m'Account'[39m,
  entityId: [32m'acct-396'[39m,
  severity: [32m'low'[39m,
  conflictingFields: []
}
Conflict detected {
  conflictId: [32m'LAu7CRoXOodjFAewstKmw'[39m,
  entityType: [32m'Account'[39m,
  entityId: [32m'acct-397'[39m,
  severity: [32m'low'[39m,
  conflictingFields: []
}
Conflict detected {
  conflictId: [32m'OCzrvAioPI0lsaBxm1I-c'[39m,
  entityType: [32m'Account'[39m,
  entityId: [32m'acct-398'[39m,
  severity: [32m'low'[39m,
  conflictingFields: []
}
Conflict detected {
  conflictId: [32m'jDV7DKW5emTCVNRcexLQQ'[39m,
  entityType: [32m'Account'[39m,
  entityId: [32m'acct-399'[39m,
  severity: [32m'low'[39m,
  conflictingFields: []
}
Conflict detected {
  conflictId: [32m'jQ7-r0kVSxNHc4eHShp_V'[39m,
  entityType: [32m'Account'[39m,
  entityId: [32m'acct-400'[39m,
  severity: [32m'low'[39m,
  conflictingFields: []
}
Conflict detected {
  conflictId: [32m'ptbSNS4VFD3edWaO-Q-Yr'[39m,
  entityType: [32m'Account'[39m,
  entityId: [32m'acct-401'[39m,
  severity: [32m'low'[39m,
  conflictingFields: []
}
Conflict detected {
  conflictId: [32m'HcXTu2GklxHgWNhj3PSRw'[39m,
  entityType: [32m'Account'[39m,
  entityId: [32m'acct-402'[39m,
  severity: [32m'low'[39m,
  conflictingFields: []
}
Conflict detected {
  conflictId: [32m'yYBBXaSv8zrqsZGvWZbZ1'[39m,
  entityType: [32m'Account'[39m,
  entityId: [32m'acct-403'[39m,
  severity: [32m'low'[39m,
  conflictingFields: []
}
Conflict detected {
  conflictId: [32m'0T6dSMUve24cL8X39-wEw'[39m,
  entityType: [32m'Account'[39m,
  entityId: [32m'acct-404'[39m,
  severity: [32m'low'[39m,
  conflictingFields: []
}
Conflict detected {
  conflictId: [32m'quAuSkd-6jZcdRPriAuTp'[39m,
  entityType: [32m'Account'[39m,
  entityId: [32m'acct-405'[39m,
  severity: [32m'low'[39m,
  conflictingFields: []
}
Conflict detected {
  conflictId: [32m'YSH0aCWkryZ_fO1MOGO2b'[39m,
  entityType: [32m'Account'[39m,
  entityId: [32m'acct-406'[39m,
  severity: [32m'low'[39m,
  conflictingFields: []
}
Conflict detected {
  conflictId: [32m'Z_uIciGkvoHGshSVAf-Uc'[39m,
  entityType: [32m'Account'[39m,
  entityId: [32m'acct-407'[39m,
  severity: [32m'low'[39m,
  conflictingFields: []
}
Conflict detected {
  conflictId: [32m'2fCSQ0sHbXaHPIUTFWsuf'[39m,
  entityType: [32m'Account'[39m,
  entityId: [32m'acct-408'[39m,
  severity: [32m'low'[39m,
  conflictingFields: []
}
Conflict detected {
  conflictId: [32m'zbg6Z524qd_b89KgwYjx1'[39m,
  entityType: [32m'Account'[39m,
  entityId: [32m'acct-409'[39m,
  severity: [32m'low'[39m,
  conflictingFields: []
}
Conflict detected {
  conflictId: [32m'wyRMB_-RZzrdwagHPFtGZ'[39m,
  entityType: [32m'Account'[39m,
  entityId: [32m'acct-410'[39m,
  severity: [32m'low'[39m,
  conflictingFields: []
}
Conflict detected {
  conflictId: [32m'7uMIU-bU1WlHMv7zocaeG'[39m,
  entityType: [32m'Account'[39m,
  entityId: [32m'acct-411'[39m,
  severity: [32m'low'[39m,
  conflictingFields: []
}
Conflict detected {
  conflictId: [32m'676uQ98LlDkwTtOnnlinL'[39m,
  entityType: [32m'Account'[39m,
  entityId: [32m'acct-412'[39m,
  severity: [32m'low'[39m,
  conflictingFields: []
}
Conflict detected {
  conflictId: [32m'o0MuPR-lMOdhdoTWvOiYh'[39m,
  entityType: [32m'Account'[39m,
  entityId: [32m'acct-413'[39m,
  severity: [32m'low'[39m,
  conflictingFields: []
}
Conflict detected {
  conflictId: [32m'SJXXtErIi16VMp7EvgAaq'[39m,
  entityType: [32m'Account'[39m,
  entityId: [32m'acct-414'[39m,
  severity: [32m'low'[39m,
  conflictingFields: []
}
Conflict detected {
  conflictId: [32m'lvjEiAjwRa9ar_56AFjo_'[39m,
  entityType: [32m'Account'[39m,
  entityId: [32m'acct-415'[39m,
  severity: [32m'low'[39m,
  conflictingFields: []
}
Conflict detected {
  conflictId: [32m'H0JouDNzzsgjmMz0moeRF'[39m,
  entityType: [32m'Account'[39m,
  entityId: [32m'acct-416'[39m,
  severity: [32m'low'[39m,
  conflictingFields: []
}
Conflict detected {
  conflictId: [32m'HySKF0dIjyIeb-AjrpuVe'[39m,
  entityType: [32m'Account'[39m,
  entityId: [32m'acct-417'[39m,
  severity: [32m'low'[39m,
  conflictingFields: []
}
Conflict detected {
  conflictId: [32m'7y-uqRzQxMOkftabmzjxm'[39m,
  entityType: [32m'Account'[39m,
  entityId: [32m'acct-418'[39m,
  severity: [32m'low'[39m,
  conflictingFields: []
}
Conflict detected {
  conflictId: [32m'ymxX8zmgg8Od-djZ9pHyC'[39m,
  entityType: [32m'Account'[39m,
  entityId: [32m'acct-419'[39m,
  severity: [32m'low'[39m,
  conflictingFields: []
}
Conflict detected {
  conflictId: [32m'Brjoxwh_-aPoF2Hi5rkeD'[39m,
  entityType: [32m'Account'[39m,
  entityId: [32m'acct-420'[39m,
  severity: [32m'low'[39m,
  conflictingFields: []
}
Conflict detected {
  conflictId: [32m'EVfoQlyVZ7dxIxh9SzQCR'[39m,
  entityType: [32m'Account'[39m,
  entityId: [32m'acct-421'[39m,
  severity: [32m'low'[39m,
  conflictingFields: []
}
Conflict detected {
  conflictId: [32m'kMnPipmrVRTy-imE9y6N1'[39m,
  entityType: [32m'Account'[39m,
  entityId: [32m'acct-422'[39m,
  severity: [32m'low'[39m,
  conflictingFields: []
}
Conflict detected {
  conflictId: [32m'tfBd27mvpJBv6DXqznlA0'[39m,
  entityType: [32m'Account'[39m,
  entityId: [32m'acct-423'[39m,
  severity: [32m'low'[39m,
  conflictingFields: []
}
Conflict detected {
  conflictId: [32m'N1saTyXqiWJdSJdSPah2x'[39m,
  entityType: [32m'Account'[39m,
  entityId: [32m'acct-424'[39m,
  severity: [32m'low'[39m,
  conflictingFields: []
}
Conflict detected {
  conflictId: [32m'ljSC3ASI3jbk2O4M5aXZN'[39m,
  entityType: [32m'Account'[39m,
  entityId: [32m'acct-425'[39m,
  severity: [32m'low'[39m,
  conflictingFields: []
}
Conflict detected {
  conflictId: [32m'paSOrckpkxq9azQn-Cng4'[39m,
  entityType: [32m'Account'[39m,
  entityId: [32m'acct-426'[39m,
  severity: [32m'low'[39m,
  conflictingFields: []
}
Conflict detected {
  conflictId: [32m'sPNOdrQg92yr4bFsY-g73'[39m,
  entityType: [32m'Account'[39m,
  entityId: [32m'acct-427'[39m,
  severity: [32m'low'[39m,
  conflictingFields: []
}
Conflict detected {
  conflictId: [32m'DeJa_YRHRF5AKtKtdBEg_'[39m,
  entityType: [32m'Account'[39m,
  entityId: [32m'acct-428'[39m,
  severity: [32m'low'[39m,
  conflictingFields: []
}
Conflict detected {
  conflictId: [32m'IXQQj3VSUiIvUCoOicYNi'[39m,
  entityType: [32m'Account'[39m,
  entityId: [32m'acct-429'[39m,
  severity: [32m'low'[39m,
  conflictingFields: []
}
Conflict detected {
  conflictId: [32m'k7D6ADCxDKTIHNBtA7jhB'[39m,
  entityType: [32m'Account'[39m,
  entityId: [32m'acct-430'[39m,
  severity: [32m'low'[39m,
  conflictingFields: []
}
Conflict detected {
  conflictId: [32m'YjV7vdqPAzLPGmOdxCx8F'[39m,
  entityType: [32m'Account'[39m,
  entityId: [32m'acct-431'[39m,
  severity: [32m'low'[39m,
  conflictingFields: []
}
Conflict detected {
  conflictId: [32m'ydgvsq4sl2txsncBsLjaB'[39m,
  entityType: [32m'Account'[39m,
  entityId: [32m'acct-432'[39m,
  severity: [32m'low'[39m,
  conflictingFields: []
}
Conflict detected {
  conflictId: [32m'1Qk71sMlnbm_EgPmp4Sz2'[39m,
  entityType: [32m'Account'[39m,
  entityId: [32m'acct-433'[39m,
  severity: [32m'low'[39m,
  conflictingFields: []
}
Conflict detected {
  conflictId: [32m'kSh_ZWtiiiUSfFaj9iXiy'[39m,
  entityType: [32m'Account'[39m,
  entityId: [32m'acct-434'[39m,
  severity: [32m'low'[39m,
  conflictingFields: []
}
Conflict detected {
  conflictId: [32m'o8QFttL56Dp6qHcbekhaS'[39m,
  entityType: [32m'Account'[39m,
  entityId: [32m'acct-435'[39m,
  severity: [32m'low'[39m,
  conflictingFields: []
}
Conflict detected {
  conflictId: [32m'2Yc-iebmNJvuXFx6_8Jpb'[39m,
  entityType: [32m'Account'[39m,
  entityId: [32m'acct-436'[39m,
  severity: [32m'low'[39m,
  conflictingFields: []
}
Conflict detected {
  conflictId: [32m'tUyZOExtdPEkmxUKk_lRL'[39m,
  entityType: [32m'Account'[39m,
  entityId: [32m'acct-437'[39m,
  severity: [32m'low'[39m,
  conflictingFields: []
}
Conflict detected {
  conflictId: [32m'C0sncboG8_wSo3Uhh62HH'[39m,
  entityType: [32m'Account'[39m,
  entityId: [32m'acct-438'[39m,
  severity: [32m'low'[39m,
  conflictingFields: []
}
Conflict detected {
  conflictId: [32m'sgOGtwCzTEzIjdtPR-HlI'[39m,
  entityType: [32m'Account'[39m,
  entityId: [32m'acct-439'[39m,
  severity: [32m'low'[39m,
  conflictingFields: []
}
Conflict detected {
  conflictId: [32m'n2CwzC_wA57u1xIUKgVty'[39m,
  entityType: [32m'Account'[39m,
  entityId: [32m'acct-440'[39m,
  severity: [32m'low'[39m,
  conflictingFields: []
}
Conflict detected {
  conflictId: [32m'Hsf19N3J_wvNCQ_LwolOj'[39m,
  entityType: [32m'Account'[39m,
  entityId: [32m'acct-441'[39m,
  severity: [32m'low'[39m,
  conflictingFields: []
}
Conflict detected {
  conflictId: [32m'emTfocVg9Ff6-YpfYVx3q'[39m,
  entityType: [32m'Account'[39m,
  entityId: [32m'acct-442'[39m,
  severity: [32m'low'[39m,
  conflictingFields: []
}
Conflict detected {
  conflictId: [32m'XHg-wXoCUv0MxTB0SicA0'[39m,
  entityType: [32m'Account'[39m,
  entityId: [32m'acct-443'[39m,
  severity: [32m'low'[39m,
  conflictingFields: []
}
Conflict detected {
  conflictId: [32m'AqKmZjSntISYceTy7BKRV'[39m,
  entityType: [32m'Account'[39m,
  entityId: [32m'acct-444'[39m,
  severity: [32m'low'[39m,
  conflictingFields: []
}
Conflict detected {
  conflictId: [32m'K5Bmdyf91swijCz41IcRr'[39m,
  entityType: [32m'Account'[39m,
  entityId: [32m'acct-445'[39m,
  severity: [32m'low'[39m,
  conflictingFields: []
}
Conflict detected {
  conflictId: [32m'ZqvMjbSwTA3TYPW-yqcq3'[39m,
  entityType: [32m'Account'[39m,
  entityId: [32m'acct-446'[39m,
  severity: [32m'low'[39m,
  conflictingFields: []
}
Conflict detected {
  conflictId: [32m'YkxJxKrB-giRaoJm1w1fH'[39m,
  entityType: [32m'Account'[39m,
  entityId: [32m'acct-447'[39m,
  severity: [32m'low'[39m,
  conflictingFields: []
}
Conflict detected {
  conflictId: [32m'jW8S-Tjv43zwEJajte50X'[39m,
  entityType: [32m'Account'[39m,
  entityId: [32m'acct-448'[39m,
  severity: [32m'low'[39m,
  conflictingFields: []
}
Conflict detected {
  conflictId: [32m'9m-EyQ55nhMTwZU3bPGRE'[39m,
  entityType: [32m'Account'[39m,
  entityId: [32m'acct-449'[39m,
  severity: [32m'low'[39m,
  conflictingFields: []
}
Conflict detected {
  conflictId: [32m'NkX2PCvX9qxQKivE4y1vq'[39m,
  entityType: [32m'Account'[39m,
  entityId: [32m'acct-450'[39m,
  severity: [32m'low'[39m,
  conflictingFields: []
}
Conflict detected {
  conflictId: [32m'_nKF2PFUfCfmIUBst3m85'[39m,
  entityType: [32m'Account'[39m,
  entityId: [32m'acct-451'[39m,
  severity: [32m'low'[39m,
  conflictingFields: []
}
Conflict detected {
  conflictId: [32m'1qereQ-RDjt7-_xtRlBs6'[39m,
  entityType: [32m'Account'[39m,
  entityId: [32m'acct-452'[39m,
  severity: [32m'low'[39m,
  conflictingFields: []
}
Conflict detected {
  conflictId: [32m'1qUtvm0RmpShKAFdgcdq-'[39m,
  entityType: [32m'Account'[39m,
  entityId: [32m'acct-453'[39m,
  severity: [32m'low'[39m,
  conflictingFields: []
}
Conflict detected {
  conflictId: [32m'rYEKQSE1dDhEV7mn1i5w3'[39m,
  entityType: [32m'Account'[39m,
  entityId: [32m'acct-454'[39m,
  severity: [32m'low'[39m,
  conflictingFields: []
}
Conflict detected {
  conflictId: [32m'SZwfea4-FjW_SZ113aAE-'[39m,
  entityType: [32m'Account'[39m,
  entityId: [32m'acct-455'[39m,
  severity: [32m'low'[39m,
  conflictingFields: []
}
Conflict detected {
  conflictId: [32m't5Y0i0sJqEHvMRHFqBJ2W'[39m,
  entityType: [32m'Account'[39m,
  entityId: [32m'acct-456'[39m,
  severity: [32m'low'[39m,
  conflictingFields: []
}
Conflict detected {
  conflictId: [32m'hlWnhr6R0xl_TOD46NwFd'[39m,
  entityType: [32m'Account'[39m,
  entityId: [32m'acct-457'[39m,
  severity: [32m'low'[39m,
  conflictingFields: []
}
Conflict detected {
  conflictId: [32m'DDq3do3SmVg1onlgbLuuK'[39m,
  entityType: [32m'Account'[39m,
  entityId: [32m'acct-458'[39m,
  severity: [32m'low'[39m,
  conflictingFields: []
}
Conflict detected {
  conflictId: [32m'rJPVAeka3dZHp19hQhDJQ'[39m,
  entityType: [32m'Account'[39m,
  entityId: [32m'acct-459'[39m,
  severity: [32m'low'[39m,
  conflictingFields: []
}
Conflict detected {
  conflictId: [32m'ukDHFi-PsUrCD8YohnAn0'[39m,
  entityType: [32m'Account'[39m,
  entityId: [32m'acct-460'[39m,
  severity: [32m'low'[39m,
  conflictingFields: []
}
Conflict detected {
  conflictId: [32m'uIrIUl5w7g3l-Lqkmbpg-'[39m,
  entityType: [32m'Account'[39m,
  entityId: [32m'acct-461'[39m,
  severity: [32m'low'[39m,
  conflictingFields: []
}
Conflict detected {
  conflictId: [32m'IE3Nu9dW2_DCrsSVY8HH7'[39m,
  entityType: [32m'Account'[39m,
  entityId: [32m'acct-462'[39m,
  severity: [32m'low'[39m,
  conflictingFields: []
}
Conflict detected {
  conflictId: [32m'AyOcLy1hz4uMNpsENNbQv'[39m,
  entityType: [32m'Account'[39m,
  entityId: [32m'acct-463'[39m,
  severity: [32m'low'[39m,
  conflictingFields: []
}
Conflict detected {
  conflictId: [32m'dRu3CT2QRySaAIAq4Zpfx'[39m,
  entityType: [32m'Account'[39m,
  entityId: [32m'acct-464'[39m,
  severity: [32m'low'[39m,
  conflictingFields: []
}
Conflict detected {
  conflictId: [32m'lcM4cejYc75mwUCrdXF-X'[39m,
  entityType: [32m'Account'[39m,
  entityId: [32m'acct-465'[39m,
  severity: [32m'low'[39m,
  conflictingFields: []
}
Conflict detected {
  conflictId: [32m'uGSgmqUGS5o1NoFFctJqE'[39m,
  entityType: [32m'Account'[39m,
  entityId: [32m'acct-466'[39m,
  severity: [32m'low'[39m,
  conflictingFields: []
}
Conflict detected {
  conflictId: [32m'ajJcb2oSLnFly0WBG9llh'[39m,
  entityType: [32m'Account'[39m,
  entityId: [32m'acct-467'[39m,
  severity: [32m'low'[39m,
  conflictingFields: []
}
Conflict detected {
  conflictId: [32m'RbDCVayJY6rhlOgnmNqn7'[39m,
  entityType: [32m'Account'[39m,
  entityId: [32m'acct-468'[39m,
  severity: [32m'low'[39m,
  conflictingFields: []
}
Conflict detected {
  conflictId: [32m'Xi3cnKCMkY-N7-qhMZEba'[39m,
  entityType: [32m'Account'[39m,
  entityId: [32m'acct-469'[39m,
  severity: [32m'low'[39m,
  conflictingFields: []
}
Conflict detected {
  conflictId: [32m'5sBWbWi7h9ARgkftJoBKX'[39m,
  entityType: [32m'Account'[39m,
  entityId: [32m'acct-470'[39m,
  severity: [32m'low'[39m,
  conflictingFields: []
}
Conflict detected {
  conflictId: [32m'rtOnps43m6bmOh-OgOtMW'[39m,
  entityType: [32m'Account'[39m,
  entityId: [32m'acct-471'[39m,
  severity: [32m'low'[39m,
  conflictingFields: []
}
Conflict detected {
  conflictId: [32m'8bQXPJ7KN-x2AallBN2ev'[39m,
  entityType: [32m'Account'[39m,
  entityId: [32m'acct-472'[39m,
  severity: [32m'low'[39m,
  conflictingFields: []
}
Conflict detected {
  conflictId: [32m'XpB0uK6hsH6ZTbbWRF2HB'[39m,
  entityType: [32m'Account'[39m,
  entityId: [32m'acct-473'[39m,
  severity: [32m'low'[39m,
  conflictingFields: []
}
Conflict detected {
  conflictId: [32m'Z9hAAOLEU-7Z1Ay_9GRJK'[39m,
  entityType: [32m'Account'[39m,
  entityId: [32m'acct-474'[39m,
  severity: [32m'low'[39m,
  conflictingFields: []
}
Conflict detected {
  conflictId: [32m'JMnLPwTYMjvAuGsEJ64iG'[39m,
  entityType: [32m'Account'[39m,
  entityId: [32m'acct-475'[39m,
  severity: [32m'low'[39m,
  conflictingFields: []
}
Conflict detected {
  conflictId: [32m'bXK__8s3eCpRDNf8hAZIF'[39m,
  entityType: [32m'Account'[39m,
  entityId: [32m'acct-476'[39m,
  severity: [32m'low'[39m,
  conflictingFields: []
}
Conflict detected {
  conflictId: [32m'2BsX5xkZx-1ksJDriVHLB'[39m,
  entityType: [32m'Account'[39m,
  entityId: [32m'acct-477'[39m,
  severity: [32m'low'[39m,
  conflictingFields: []
}
Conflict detected {
  conflictId: [32m'plzWq3erCmQDmr4iK32jv'[39m,
  entityType: [32m'Account'[39m,
  entityId: [32m'acct-478'[39m,
  severity: [32m'low'[39m,
  conflictingFields: []
}
Conflict detected {
  conflictId: [32m've9NI-EjFN2uYPqSNnrOc'[39m,
  entityType: [32m'Account'[39m,
  entityId: [32m'acct-479'[39m,
  severity: [32m'low'[39m,
  conflictingFields: []
}
Conflict detected {
  conflictId: [32m'7xhtzKOYl5uSTqtqtsND-'[39m,
  entityType: [32m'Account'[39m,
  entityId: [32m'acct-480'[39m,
  severity: [32m'low'[39m,
  conflictingFields: []
}
Conflict detected {
  conflictId: [32m'CSMOFXtsQXRXyCNJd_SwZ'[39m,
  entityType: [32m'Account'[39m,
  entityId: [32m'acct-481'[39m,
  severity: [32m'low'[39m,
  conflictingFields: []
}
Conflict detected {
  conflictId: [32m'MLdgFOoaipyd6jnppNlle'[39m,
  entityType: [32m'Account'[39m,
  entityId: [32m'acct-482'[39m,
  severity: [32m'low'[39m,
  conflictingFields: []
}
Conflict detected {
  conflictId: [32m'lyc9vHLss7iBzH4lk7YUQ'[39m,
  entityType: [32m'Account'[39m,
  entityId: [32m'acct-483'[39m,
  severity: [32m'low'[39m,
  conflictingFields: []
}
Conflict detected {
  conflictId: [32m'K-OCJpSfZE32mTaJ7yJDo'[39m,
  entityType: [32m'Account'[39m,
  entityId: [32m'acct-484'[39m,
  severity: [32m'low'[39m,
  conflictingFields: []
}
Conflict detected {
  conflictId: [32m'0_fBUCVx10Ju08gYUbHy1'[39m,
  entityType: [32m'Account'[39m,
  entityId: [32m'acct-485'[39m,
  severity: [32m'low'[39m,
  conflictingFields: []
}
Conflict detected {
  conflictId: [32m'GECS7UMLN0xvU13MBVjZa'[39m,
  entityType: [32m'Account'[39m,
  entityId: [32m'acct-486'[39m,
  severity: [32m'low'[39m,
  conflictingFields: []
}
Conflict detected {
  conflictId: [32m'f_V4S8PEXlbSYVB3Z1LEa'[39m,
  entityType: [32m'Account'[39m,
  entityId: [32m'acct-487'[39m,
  severity: [32m'low'[39m,
  conflictingFields: []
}
Conflict detected {
  conflictId: [32m'b_ykun0flf7e_nB-o5HZu'[39m,
  entityType: [32m'Account'[39m,
  entityId: [32m'acct-488'[39m,
  severity: [32m'low'[39m,
  conflictingFields: []
}
Conflict detected {
  conflictId: [32m'9AgviinNawuKi4u4SgOGG'[39m,
  entityType: [32m'Account'[39m,
  entityId: [32m'acct-489'[39m,
  severity: [32m'low'[39m,
  conflictingFields: []
}
Conflict detected {
  conflictId: [32m'SI4oEtZXjBy8mE2h3Wr5s'[39m,
  entityType: [32m'Account'[39m,
  entityId: [32m'acct-490'[39m,
  severity: [32m'low'[39m,
  conflictingFields: []
}
Conflict detected {
  conflictId: [32m'WmAv4GIlwVwOBodrqNHAk'[39m,
  entityType: [32m'Account'[39m,
  entityId: [32m'acct-491'[39m,
  severity: [32m'low'[39m,
  conflictingFields: []
}
Conflict detected {
  conflictId: [32m'NrKpEWNHsZzZdJuKWxRLL'[39m,
  entityType: [32m'Account'[39m,
  entityId: [32m'acct-492'[39m,
  severity: [32m'low'[39m,
  conflictingFields: []
}
Conflict detected {
  conflictId: [32m'zllD_8xQtXa0tBDIEU62V'[39m,
  entityType: [32m'Account'[39m,
  entityId: [32m'acct-493'[39m,
  severity: [32m'low'[39m,
  conflictingFields: []
}
Conflict detected {
  conflictId: [32m'ZKm1DRa9R019KSra-8KNq'[39m,
  entityType: [32m'Account'[39m,
  entityId: [32m'acct-494'[39m,
  severity: [32m'low'[39m,
  conflictingFields: []
}
Conflict detected {
  conflictId: [32m'AINxtBN5lLlDrK5SVLNmg'[39m,
  entityType: [32m'Account'[39m,
  entityId: [32m'acct-495'[39m,
  severity: [32m'low'[39m,
  conflictingFields: []
}
Conflict detected {
  conflictId: [32m'KBKsvPhmwd8dSr_hh6nHp'[39m,
  entityType: [32m'Account'[39m,
  entityId: [32m'acct-496'[39m,
  severity: [32m'low'[39m,
  conflictingFields: []
}
Conflict detected {
  conflictId: [32m'JjCQ15qHNVButP7fybUtj'[39m,
  entityType: [32m'Account'[39m,
  entityId: [32m'acct-497'[39m,
  severity: [32m'low'[39m,
  conflictingFields: []
}
Conflict detected {
  conflictId: [32m'2JGKcuhrEbnKwXy09vCio'[39m,
  entityType: [32m'Account'[39m,
  entityId: [32m'acct-498'[39m,
  severity: [32m'low'[39m,
  conflictingFields: []
}
Conflict detected {
  conflictId: [32m'7U3cZakXIH37dkaVz-sry'[39m,
  entityType: [32m'Account'[39m,
  entityId: [32m'acct-499'[39m,
  severity: [32m'low'[39m,
  conflictingFields: []
}
Conflict detected {
  conflictId: [32m'JKnfZwrDgFxW5Dh9MGJvi'[39m,
  entityType: [32m'Account'[39m,
  entityId: [32m'acct-500'[39m,
  severity: [32m'low'[39m,
  conflictingFields: []
}
Conflict detected {
  conflictId: [32m'bt2v8vvDJ2mLYomuTKXPp'[39m,
  entityType: [32m'Account'[39m,
  entityId: [32m'acct-501'[39m,
  severity: [32m'low'[39m,
  conflictingFields: []
}
Conflict detected {
  conflictId: [32m'KqtlILEdHvgU5u8dqa09X'[39m,
  entityType: [32m'Account'[39m,
  entityId: [32m'acct-502'[39m,
  severity: [32m'low'[39m,
  conflictingFields: []
}
Conflict detected {
  conflictId: [32m'wZ7ymJHkRtt5wOindRNJd'[39m,
  entityType: [32m'Account'[39m,
  entityId: [32m'acct-503'[39m,
  severity: [32m'low'[39m,
  conflictingFields: []
}
Conflict detected {
  conflictId: [32m'gspRluRetj9usUIIo6LQ2'[39m,
  entityType: [32m'Account'[39m,
  entityId: [32m'acct-504'[39m,
  severity: [32m'low'[39m,
  conflictingFields: []
}
Conflict detected {
  conflictId: [32m'28jPTqyuYsvsqs1kbjk-S'[39m,
  entityType: [32m'Account'[39m,
  entityId: [32m'acct-505'[39m,
  severity: [32m'low'[39m,
  conflictingFields: []
}
Conflict detected {
  conflictId: [32m'iKYWZD4Y-v4IZpH0Bjvqi'[39m,
  entityType: [32m'Account'[39m,
  entityId: [32m'acct-506'[39m,
  severity: [32m'low'[39m,
  conflictingFields: []
}
Conflict detected {
  conflictId: [32m'uARINXu_d8a6_Wsga0KlL'[39m,
  entityType: [32m'Account'[39m,
  entityId: [32m'acct-507'[39m,
  severity: [32m'low'[39m,
  conflictingFields: []
}
Conflict detected {
  conflictId: [32m'xq5-EifgVzUwHU2jRxPiG'[39m,
  entityType: [32m'Account'[39m,
  entityId: [32m'acct-508'[39m,
  severity: [32m'low'[39m,
  conflictingFields: []
}
Conflict detected {
  conflictId: [32m'8C7H5n796X8ME-nPxx1AN'[39m,
  entityType: [32m'Account'[39m,
  entityId: [32m'acct-509'[39m,
  severity: [32m'low'[39m,
  conflictingFields: []
}
Conflict detected {
  conflictId: [32m'njDBWRuG1irSpavstZgB1'[39m,
  entityType: [32m'Account'[39m,
  entityId: [32m'acct-510'[39m,
  severity: [32m'low'[39m,
  conflictingFields: []
}
Conflict detected {
  conflictId: [32m'NHeaiY388GlPdjFVK4n9B'[39m,
  entityType: [32m'Account'[39m,
  entityId: [32m'acct-511'[39m,
  severity: [32m'low'[39m,
  conflictingFields: []
}
Conflict detected {
  conflictId: [32m'v99Q9TCHEvABRm51pLXje'[39m,
  entityType: [32m'Account'[39m,
  entityId: [32m'acct-512'[39m,
  severity: [32m'low'[39m,
  conflictingFields: []
}
Conflict detected {
  conflictId: [32m'ywr-jTDp2uOxf4RprdZRS'[39m,
  entityType: [32m'Account'[39m,
  entityId: [32m'acct-513'[39m,
  severity: [32m'low'[39m,
  conflictingFields: []
}
Conflict detected {
  conflictId: [32m'HxAla5_6slZm80_J_Tav-'[39m,
  entityType: [32m'Account'[39m,
  entityId: [32m'acct-514'[39m,
  severity: [32m'low'[39m,
  conflictingFields: []
}
Conflict detected {
  conflictId: [32m'jRbwPuYvDeMByLUiofVk8'[39m,
  entityType: [32m'Account'[39m,
  entityId: [32m'acct-515'[39m,
  severity: [32m'low'[39m,
  conflictingFields: []
}
Conflict detected {
  conflictId: [32m'iTiocRydHfCWYUGdNOsso'[39m,
  entityType: [32m'Account'[39m,
  entityId: [32m'acct-516'[39m,
  severity: [32m'low'[39m,
  conflictingFields: []
}
Conflict detected {
  conflictId: [32m'oz6sxd6Ah2VlfA6xYr_Wv'[39m,
  entityType: [32m'Account'[39m,
  entityId: [32m'acct-517'[39m,
  severity: [32m'low'[39m,
  conflictingFields: []
}
Conflict detected {
  conflictId: [32m'9BnQxKBUi7Tvk6fYVA0ve'[39m,
  entityType: [32m'Account'[39m,
  entityId: [32m'acct-518'[39m,
  severity: [32m'low'[39m,
  conflictingFields: []
}
Conflict detected {
  conflictId: [32m'ExqYJ0t-ikR_KRGVk-Wib'[39m,
  entityType: [32m'Account'[39m,
  entityId: [32m'acct-519'[39m,
  severity: [32m'low'[39m,
  conflictingFields: []
}
Conflict detected {
  conflictId: [32m'vf3Jx07g2G9DchtaMQMOS'[39m,
  entityType: [32m'Account'[39m,
  entityId: [32m'acct-520'[39m,
  severity: [32m'low'[39m,
  conflictingFields: []
}
Conflict detected {
  conflictId: [32m'UYuHzPStGWIXlDq2S1hxQ'[39m,
  entityType: [32m'Account'[39m,
  entityId: [32m'acct-521'[39m,
  severity: [32m'low'[39m,
  conflictingFields: []
}
Conflict detected {
  conflictId: [32m'gYqGjizPicbZRWrwEorho'[39m,
  entityType: [32m'Account'[39m,
  entityId: [32m'acct-522'[39m,
  severity: [32m'low'[39m,
  conflictingFields: []
}
Conflict detected {
  conflictId: [32m'B8vGMeK-ZsqRQrv53OymU'[39m,
  entityType: [32m'Account'[39m,
  entityId: [32m'acct-523'[39m,
  severity: [32m'low'[39m,
  conflictingFields: []
}
Conflict detected {
  conflictId: [32m'FpESkZLyrSkkZpyP-Ufvz'[39m,
  entityType: [32m'Account'[39m,
  entityId: [32m'acct-524'[39m,
  severity: [32m'low'[39m,
  conflictingFields: []
}
Conflict detected {
  conflictId: [32m'VTik2fQ8lafsHtvwkpZTW'[39m,
  entityType: [32m'Account'[39m,
  entityId: [32m'acct-525'[39m,
  severity: [32m'low'[39m,
  conflictingFields: []
}
Conflict detected {
  conflictId: [32m'9KdKwe8jTbECsnEjiVJpf'[39m,
  entityType: [32m'Account'[39m,
  entityId: [32m'acct-526'[39m,
  severity: [32m'low'[39m,
  conflictingFields: []
}
Conflict detected {
  conflictId: [32m'uO41yj700uE45DWZftiZd'[39m,
  entityType: [32m'Account'[39m,
  entityId: [32m'acct-527'[39m,
  severity: [32m'low'[39m,
  conflictingFields: []
}
Conflict detected {
  conflictId: [32m'Nr7sRNMpoHEBXh1-jlbRW'[39m,
  entityType: [32m'Account'[39m,
  entityId: [32m'acct-528'[39m,
  severity: [32m'low'[39m,
  conflictingFields: []
}
Conflict detected {
  conflictId: [32m'q4KrkZ0xlhGX5nghPIg3j'[39m,
  entityType: [32m'Account'[39m,
  entityId: [32m'acct-529'[39m,
  severity: [32m'low'[39m,
  conflictingFields: []
}
Conflict detected {
  conflictId: [32m'rJKY_9XvrMU-c15cBBtP4'[39m,
  entityType: [32m'Account'[39m,
  entityId: [32m'acct-530'[39m,
  severity: [32m'low'[39m,
  conflictingFields: []
}
Conflict detected {
  conflictId: [32m'Kk9CgzYVESXmDJvmL7-gQ'[39m,
  entityType: [32m'Account'[39m,
  entityId: [32m'acct-531'[39m,
  severity: [32m'low'[39m,
  conflictingFields: []
}
Conflict detected {
  conflictId: [32m'tsNHGIUUevaF0T8DzhzC5'[39m,
  entityType: [32m'Account'[39m,
  entityId: [32m'acct-532'[39m,
  severity: [32m'low'[39m,
  conflictingFields: []
}
Conflict detected {
  conflictId: [32m'coY2Ke-epbJdcatJ_rIYm'[39m,
  entityType: [32m'Account'[39m,
  entityId: [32m'acct-533'[39m,
  severity: [32m'low'[39m,
  conflictingFields: []
}
Conflict detected {
  conflictId: [32m'aXIHvvUVVtYnHsIMO3O76'[39m,
  entityType: [32m'Account'[39m,
  entityId: [32m'acct-534'[39m,
  severity: [32m'low'[39m,
  conflictingFields: []
}
Conflict detected {
  conflictId: [32m'v6Gt1pdb_tdfkkO4oisws'[39m,
  entityType: [32m'Account'[39m,
  entityId: [32m'acct-535'[39m,
  severity: [32m'low'[39m,
  conflictingFields: []
}
Conflict detected {
  conflictId: [32m'XnvkLlJXpo0OGKnaKsgTy'[39m,
  entityType: [32m'Account'[39m,
  entityId: [32m'acct-536'[39m,
  severity: [32m'low'[39m,
  conflictingFields: []
}
Conflict detected {
  conflictId: [32m'CoZw_W7iQ8wu_JkBOSAJX'[39m,
  entityType: [32m'Account'[39m,
  entityId: [32m'acct-537'[39m,
  severity: [32m'low'[39m,
  conflictingFields: []
}
Conflict detected {
  conflictId: [32m'Mqv-n9awqWT9KRCrxBQ9j'[39m,
  entityType: [32m'Account'[39m,
  entityId: [32m'acct-538'[39m,
  severity: [32m'low'[39m,
  conflictingFields: []
}
Conflict detected {
  conflictId: [32m'8n6esL3lUoSE9SOqZSczL'[39m,
  entityType: [32m'Account'[39m,
  entityId: [32m'acct-539'[39m,
  severity: [32m'low'[39m,
  conflictingFields: []
}
Conflict detected {
  conflictId: [32m'k4Zd8SZPNnvmhJIcPnNCT'[39m,
  entityType: [32m'Account'[39m,
  entityId: [32m'acct-540'[39m,
  severity: [32m'low'[39m,
  conflictingFields: []
}
Conflict detected {
  conflictId: [32m'OWrwxj7mS1hUDXt90eUH3'[39m,
  entityType: [32m'Account'[39m,
  entityId: [32m'acct-541'[39m,
  severity: [32m'low'[39m,
  conflictingFields: []
}
Conflict detected {
  conflictId: [32m'pUjS0tj5GoCpSHVlF11d-'[39m,
  entityType: [32m'Account'[39m,
  entityId: [32m'acct-542'[39m,
  severity: [32m'low'[39m,
  conflictingFields: []
}
Conflict detected {
  conflictId: [32m'83J9a8qM03AOIIIycfqAf'[39m,
  entityType: [32m'Account'[39m,
  entityId: [32m'acct-543'[39m,
  severity: [32m'low'[39m,
  conflictingFields: []
}
Conflict detected {
  conflictId: [32m'q-UX_X-08HXJy1Ce6VA4v'[39m,
  entityType: [32m'Account'[39m,
  entityId: [32m'acct-544'[39m,
  severity: [32m'low'[39m,
  conflictingFields: []
}
Conflict detected {
  conflictId: [32m'Wu5iBmX99DrdmYpB1pw-h'[39m,
  entityType: [32m'Account'[39m,
  entityId: [32m'acct-545'[39m,
  severity: [32m'low'[39m,
  conflictingFields: []
}
Conflict detected {
  conflictId: [32m'Uf3iGalVYzYl2BeaVtTkI'[39m,
  entityType: [32m'Account'[39m,
  entityId: [32m'acct-546'[39m,
  severity: [32m'low'[39m,
  conflictingFields: []
}
Conflict detected {
  conflictId: [32m'wzuGe7cdXPCvRni-sDn_z'[39m,
  entityType: [32m'Account'[39m,
  entityId: [32m'acct-547'[39m,
  severity: [32m'low'[39m,
  conflictingFields: []
}
Conflict detected {
  conflictId: [32m'q6bnygs7pX4eG0GTTGbGb'[39m,
  entityType: [32m'Account'[39m,
  entityId: [32m'acct-548'[39m,
  severity: [32m'low'[39m,
  conflictingFields: []
}
Conflict detected {
  conflictId: [32m'VbRp4prL2MLcbAMB6--Sj'[39m,
  entityType: [32m'Account'[39m,
  entityId: [32m'acct-549'[39m,
  severity: [32m'low'[39m,
  conflictingFields: []
}
Conflict detected {
  conflictId: [32m'2mAYKzlYucGJV7OIV4378'[39m,
  entityType: [32m'Account'[39m,
  entityId: [32m'acct-550'[39m,
  severity: [32m'low'[39m,
  conflictingFields: []
}
Conflict detected {
  conflictId: [32m'OjlJQY6_MIerSdT9pGZtO'[39m,
  entityType: [32m'Account'[39m,
  entityId: [32m'acct-551'[39m,
  severity: [32m'low'[39m,
  conflictingFields: []
}
Conflict detected {
  conflictId: [32m'6sziKURjRpOPdOFQZ97hD'[39m,
  entityType: [32m'Account'[39m,
  entityId: [32m'acct-552'[39m,
  severity: [32m'low'[39m,
  conflictingFields: []
}
Conflict detected {
  conflictId: [32m'DgJPhfS-xss66CQxgeyWC'[39m,
  entityType: [32m'Account'[39m,
  entityId: [32m'acct-553'[39m,
  severity: [32m'low'[39m,
  conflictingFields: []
}
Conflict detected {
  conflictId: [32m'7i3tge1FlzWXWFF0PxZeu'[39m,
  entityType: [32m'Account'[39m,
  entityId: [32m'acct-554'[39m,
  severity: [32m'low'[39m,
  conflictingFields: []
}
Conflict detected {
  conflictId: [32m'qG8_zARlBLqa53XqpFyLt'[39m,
  entityType: [32m'Account'[39m,
  entityId: [32m'acct-555'[39m,
  severity: [32m'low'[39m,
  conflictingFields: []
}
Conflict detected {
  conflictId: [32m'RfG5_R2FsZsDlLWIUnJ_D'[39m,
  entityType: [32m'Account'[39m,
  entityId: [32m'acct-556'[39m,
  severity: [32m'low'[39m,
  conflictingFields: []
}
Conflict detected {
  conflictId: [32m'Hq_Xi5hsXhR8-qo7Jwuor'[39m,
  entityType: [32m'Account'[39m,
  entityId: [32m'acct-557'[39m,
  severity: [32m'low'[39m,
  conflictingFields: []
}
Conflict detected {
  conflictId: [32m'tngdHZa3e3GGNolToMHm9'[39m,
  entityType: [32m'Account'[39m,
  entityId: [32m'acct-558'[39m,
  severity: [32m'low'[39m,
  conflictingFields: []
}
Conflict detected {
  conflictId: [32m'EqI2g9cz-0QnSM4m2cXhK'[39m,
  entityType: [32m'Account'[39m,
  entityId: [32m'acct-559'[39m,
  severity: [32m'low'[39m,
  conflictingFields: []
}
Conflict detected {
  conflictId: [32m'HisOmKpHLEDENfiO5LJMJ'[39m,
  entityType: [32m'Account'[39m,
  entityId: [32m'acct-560'[39m,
  severity: [32m'low'[39m,
  conflictingFields: []
}
Conflict detected {
  conflictId: [32m'XTnYLI5fV9pdZw7SCh2H0'[39m,
  entityType: [32m'Account'[39m,
  entityId: [32m'acct-561'[39m,
  severity: [32m'low'[39m,
  conflictingFields: []
}
Conflict detected {
  conflictId: [32m'5XkkjFvMMgPQSjjaejbUj'[39m,
  entityType: [32m'Account'[39m,
  entityId: [32m'acct-562'[39m,
  severity: [32m'low'[39m,
  conflictingFields: []
}
Conflict detected {
  conflictId: [32m'AueJvrG14ZkC9NID6SLu-'[39m,
  entityType: [32m'Account'[39m,
  entityId: [32m'acct-563'[39m,
  severity: [32m'low'[39m,
  conflictingFields: []
}
Conflict detected {
  conflictId: [32m'_f9CisrHZbmcZ94mNqvcY'[39m,
  entityType: [32m'Account'[39m,
  entityId: [32m'acct-564'[39m,
  severity: [32m'low'[39m,
  conflictingFields: []
}
Conflict detected {
  conflictId: [32m'CyTFFOiYPOfJpCxc_OcLE'[39m,
  entityType: [32m'Account'[39m,
  entityId: [32m'acct-565'[39m,
  severity: [32m'low'[39m,
  conflictingFields: []
}
Conflict detected {
  conflictId: [32m'8H-5kaE4ZmGJ6PJ3EJSAw'[39m,
  entityType: [32m'Account'[39m,
  entityId: [32m'acct-566'[39m,
  severity: [32m'low'[39m,
  conflictingFields: []
}
Conflict detected {
  conflictId: [32m'Ii1Kw3l38OAHCOawDmzmM'[39m,
  entityType: [32m'Account'[39m,
  entityId: [32m'acct-567'[39m,
  severity: [32m'low'[39m,
  conflictingFields: []
}
Conflict detected {
  conflictId: [32m'Qktk07UqlCxJqVeH7RqJ1'[39m,
  entityType: [32m'Account'[39m,
  entityId: [32m'acct-568'[39m,
  severity: [32m'low'[39m,
  conflictingFields: []
}
Conflict detected {
  conflictId: [32m'wgG1Uxg7_kztgPsvHEfkj'[39m,
  entityType: [32m'Account'[39m,
  entityId: [32m'acct-569'[39m,
  severity: [32m'low'[39m,
  conflictingFields: []
}
Conflict detected {
  conflictId: [32m'lDdRaSytys1PMndl_zDW6'[39m,
  entityType: [32m'Account'[39m,
  entityId: [32m'acct-570'[39m,
  severity: [32m'low'[39m,
  conflictingFields: []
}
Conflict detected {
  conflictId: [32m'8CyJO0HE6nxJM3Vbbw_vi'[39m,
  entityType: [32m'Account'[39m,
  entityId: [32m'acct-571'[39m,
  severity: [32m'low'[39m,
  conflictingFields: []
}
Conflict detected {
  conflictId: [32m'dHPW7yfof7jU-8cT7U5za'[39m,
  entityType: [32m'Account'[39m,
  entityId: [32m'acct-572'[39m,
  severity: [32m'low'[39m,
  conflictingFields: []
}
Conflict detected {
  conflictId: [32m'0TmL0wzRhw5RR_RhgoAiw'[39m,
  entityType: [32m'Account'[39m,
  entityId: [32m'acct-573'[39m,
  severity: [32m'low'[39m,
  conflictingFields: []
}
Conflict detected {
  conflictId: [32m'qavNkEzfRf2RylUFjfXyw'[39m,
  entityType: [32m'Account'[39m,
  entityId: [32m'acct-574'[39m,
  severity: [32m'low'[39m,
  conflictingFields: []
}
Conflict detected {
  conflictId: [32m'L2AizcCjO_ZTV0BQyeKYe'[39m,
  entityType: [32m'Account'[39m,
  entityId: [32m'acct-575'[39m,
  severity: [32m'low'[39m,
  conflictingFields: []
}
Conflict detected {
  conflictId: [32m'DNS-TM3UM3oaJa514-XHQ'[39m,
  entityType: [32m'Account'[39m,
  entityId: [32m'acct-576'[39m,
  severity: [32m'low'[39m,
  conflictingFields: []
}
Conflict detected {
  conflictId: [32m'79S8zQzgMlVewMPNcTl_B'[39m,
  entityType: [32m'Account'[39m,
  entityId: [32m'acct-577'[39m,
  severity: [32m'low'[39m,
  conflictingFields: []
}
Conflict detected {
  conflictId: [32m'yVjrAOaUQIK9YSKSa9mTo'[39m,
  entityType: [32m'Account'[39m,
  entityId: [32m'acct-578'[39m,
  severity: [32m'low'[39m,
  conflictingFields: []
}
Conflict detected {
  conflictId: [32m'MhowJZ7J1orNmK1ipJ4bG'[39m,
  entityType: [32m'Account'[39m,
  entityId: [32m'acct-579'[39m,
  severity: [32m'low'[39m,
  conflictingFields: []
}
Conflict detected {
  conflictId: [32m'blzSo-JEAFh_X2GIiVJf0'[39m,
  entityType: [32m'Account'[39m,
  entityId: [32m'acct-580'[39m,
  severity: [32m'low'[39m,
  conflictingFields: []
}
Conflict detected {
  conflictId: [32m'CqBE_ZhveI5GgbLMsHFcD'[39m,
  entityType: [32m'Account'[39m,
  entityId: [32m'acct-581'[39m,
  severity: [32m'low'[39m,
  conflictingFields: []
}
Conflict detected {
  conflictId: [32m'5vW8DXGr8UqYwkJ2ZbKc1'[39m,
  entityType: [32m'Account'[39m,
  entityId: [32m'acct-582'[39m,
  severity: [32m'low'[39m,
  conflictingFields: []
}
Conflict detected {
  conflictId: [32m'8dO1uCRzRCnSkbJ7KMOpm'[39m,
  entityType: [32m'Account'[39m,
  entityId: [32m'acct-583'[39m,
  severity: [32m'low'[39m,
  conflictingFields: []
}
Conflict detected {
  conflictId: [32m'hK_9o0ibKmG4-8V2raiNo'[39m,
  entityType: [32m'Account'[39m,
  entityId: [32m'acct-584'[39m,
  severity: [32m'low'[39m,
  conflictingFields: []
}
Conflict detected {
  conflictId: [32m'pKcuvDecfx9CJA1QfwHm2'[39m,
  entityType: [32m'Account'[39m,
  entityId: [32m'acct-585'[39m,
  severity: [32m'low'[39m,
  conflictingFields: []
}
Conflict detected {
  conflictId: [32m'NqOhc_B-AM04Or3XCO2f8'[39m,
  entityType: [32m'Account'[39m,
  entityId: [32m'acct-586'[39m,
  severity: [32m'low'[39m,
  conflictingFields: []
}
Conflict detected {
  conflictId: [32m'a6X4KKk7AWNkH0skirG7X'[39m,
  entityType: [32m'Account'[39m,
  entityId: [32m'acct-587'[39m,
  severity: [32m'low'[39m,
  conflictingFields: []
}
Conflict detected {
  conflictId: [32m'yIIEmnWQho3YwpCz2t2FC'[39m,
  entityType: [32m'Account'[39m,
  entityId: [32m'acct-588'[39m,
  severity: [32m'low'[39m,
  conflictingFields: []
}
Conflict detected {
  conflictId: [32m'EIkUkLY6aka43TvyZL5tv'[39m,
  entityType: [32m'Account'[39m,
  entityId: [32m'acct-589'[39m,
  severity: [32m'low'[39m,
  conflictingFields: []
}
Conflict detected {
  conflictId: [32m'IzP-xp4rJWb6cnR9NMmSz'[39m,
  entityType: [32m'Account'[39m,
  entityId: [32m'acct-590'[39m,
  severity: [32m'low'[39m,
  conflictingFields: []
}
Conflict detected {
  conflictId: [32m'0agExRWY5q6wOQ1zoiM5U'[39m,
  entityType: [32m'Account'[39m,
  entityId: [32m'acct-591'[39m,
  severity: [32m'low'[39m,
  conflictingFields: []
}
Conflict detected {
  conflictId: [32m'LJ8K-PMr1-wjA61Q_S8Qz'[39m,
  entityType: [32m'Account'[39m,
  entityId: [32m'acct-592'[39m,
  severity: [32m'low'[39m,
  conflictingFields: []
}
Conflict detected {
  conflictId: [32m'yytVfVB2b9J1ozpTLErZM'[39m,
  entityType: [32m'Account'[39m,
  entityId: [32m'acct-593'[39m,
  severity: [32m'low'[39m,
  conflictingFields: []
}
Conflict detected {
  conflictId: [32m'gOh81DlJUfRt_K4FdJNL8'[39m,
  entityType: [32m'Account'[39m,
  entityId: [32m'acct-594'[39m,
  severity: [32m'low'[39m,
  conflictingFields: []
}
Conflict detected {
  conflictId: [32m'wWP0MngQrA_2J1fi6JNJa'[39m,
  entityType: [32m'Account'[39m,
  entityId: [32m'acct-595'[39m,
  severity: [32m'low'[39m,
  conflictingFields: []
}
Conflict detected {
  conflictId: [32m'16xllzaCa9SvBuQiHeeor'[39m,
  entityType: [32m'Account'[39m,
  entityId: [32m'acct-596'[39m,
  severity: [32m'low'[39m,
  conflictingFields: []
}
Conflict detected {
  conflictId: [32m'3F38ado5RoX1B_TALRsaL'[39m,
  entityType: [32m'Account'[39m,
  entityId: [32m'acct-597'[39m,
  severity: [32m'low'[39m,
  conflictingFields: []
}
Conflict detected {
  conflictId: [32m'ts-7bynzdLgIOSWBGb17x'[39m,
  entityType: [32m'Account'[39m,
  entityId: [32m'acct-598'[39m,
  severity: [32m'low'[39m,
  conflictingFields: []
}
Conflict detected {
  conflictId: [32m'tY6G7vKolGBFh34yHSvL-'[39m,
  entityType: [32m'Account'[39m,
  entityId: [32m'acct-599'[39m,
  severity: [32m'low'[39m,
  conflictingFields: []
}
Conflict detected {
  conflictId: [32m'g2DT4uLYpR1Xe3g27_hlR'[39m,
  entityType: [32m'Account'[39m,
  entityId: [32m'acct-600'[39m,
  severity: [32m'low'[39m,
  conflictingFields: []
}
Conflict detected {
  conflictId: [32m'fFMv28h3sBiX8gSZuyKu-'[39m,
  entityType: [32m'Account'[39m,
  entityId: [32m'acct-601'[39m,
  severity: [32m'low'[39m,
  conflictingFields: []
}
Conflict detected {
  conflictId: [32m'dD6iOQ9F1ez2PpPkEbxNA'[39m,
  entityType: [32m'Account'[39m,
  entityId: [32m'acct-602'[39m,
  severity: [32m'low'[39m,
  conflictingFields: []
}
Conflict detected {
  conflictId: [32m'BNkKLr7eJ44WV9eEdpYdb'[39m,
  entityType: [32m'Account'[39m,
  entityId: [32m'acct-603'[39m,
  severity: [32m'low'[39m,
  conflictingFields: []
}
Conflict detected {
  conflictId: [32m'15BYQ1YDJMQHERaYRflpI'[39m,
  entityType: [32m'Account'[39m,
  entityId: [32m'acct-604'[39m,
  severity: [32m'low'[39m,
  conflictingFields: []
}
Conflict detected {
  conflictId: [32m'yjgcYofQ0W9e4eJWuFPit'[39m,
  entityType: [32m'Account'[39m,
  entityId: [32m'acct-605'[39m,
  severity: [32m'low'[39m,
  conflictingFields: []
}
Conflict detected {
  conflictId: [32m'J3QjBxtWKJfOP0YoElFjS'[39m,
  entityType: [32m'Account'[39m,
  entityId: [32m'acct-606'[39m,
  severity: [32m'low'[39m,
  conflictingFields: []
}
Conflict detected {
  conflictId: [32m'64hjV-5_Rl-YoVwfijhqq'[39m,
  entityType: [32m'Account'[39m,
  entityId: [32m'acct-607'[39m,
  severity: [32m'low'[39m,
  conflictingFields: []
}
Conflict detected {
  conflictId: [32m'acd2RFzC2j-5sDTjYR2Qh'[39m,
  entityType: [32m'Account'[39m,
  entityId: [32m'acct-608'[39m,
  severity: [32m'low'[39m,
  conflictingFields: []
}
Conflict detected {
  conflictId: [32m'Jdczz-IbW2AEBiuvTUJ-X'[39m,
  entityType: [32m'Account'[39m,
  entityId: [32m'acct-609'[39m,
  severity: [32m'low'[39m,
  conflictingFields: []
}
Conflict detected {
  conflictId: [32m'gZexZYsP0Lbfa5PlWNRJb'[39m,
  entityType: [32m'Account'[39m,
  entityId: [32m'acct-610'[39m,
  severity: [32m'low'[39m,
  conflictingFields: []
}
Conflict detected {
  conflictId: [32m'PNds-90bioB2avd83Xy1K'[39m,
  entityType: [32m'Account'[39m,
  entityId: [32m'acct-611'[39m,
  severity: [32m'low'[39m,
  conflictingFields: []
}
Conflict detected {
  conflictId: [32m'ejoJow2tLZvhsNj8djsdY'[39m,
  entityType: [32m'Account'[39m,
  entityId: [32m'acct-612'[39m,
  severity: [32m'low'[39m,
  conflictingFields: []
}
Conflict detected {
  conflictId: [32m's0LLiGIJ3n0Z9-RJXewFS'[39m,
  entityType: [32m'Account'[39m,
  entityId: [32m'acct-613'[39m,
  severity: [32m'low'[39m,
  conflictingFields: []
}
Conflict detected {
  conflictId: [32m'jzVLL5oqwce1VbEYrdOvT'[39m,
  entityType: [32m'Account'[39m,
  entityId: [32m'acct-614'[39m,
  severity: [32m'low'[39m,
  conflictingFields: []
}
Conflict detected {
  conflictId: [32m'tJDhhnMMs1BZPOdvjleRQ'[39m,
  entityType: [32m'Account'[39m,
  entityId: [32m'acct-615'[39m,
  severity: [32m'low'[39m,
  conflictingFields: []
}
Conflict detected {
  conflictId: [32m'ECqAnwbjNiKtNPUcuFK9J'[39m,
  entityType: [32m'Account'[39m,
  entityId: [32m'acct-616'[39m,
  severity: [32m'low'[39m,
  conflictingFields: []
}
Conflict detected {
  conflictId: [32m'EagXabJU4RppELImVRdOn'[39m,
  entityType: [32m'Account'[39m,
  entityId: [32m'acct-617'[39m,
  severity: [32m'low'[39m,
  conflictingFields: []
}
Conflict detected {
  conflictId: [32m'USpNOF4spC44ZftMQlUUu'[39m,
  entityType: [32m'Account'[39m,
  entityId: [32m'acct-618'[39m,
  severity: [32m'low'[39m,
  conflictingFields: []
}
Conflict detected {
  conflictId: [32m'wOgLDQfQuNZU4OgJMUP6q'[39m,
  entityType: [32m'Account'[39m,
  entityId: [32m'acct-619'[39m,
  severity: [32m'low'[39m,
  conflictingFields: []
}
Conflict detected {
  conflictId: [32m'QYffKuCWUFmdpVOwaYHXC'[39m,
  entityType: [32m'Account'[39m,
  entityId: [32m'acct-620'[39m,
  severity: [32m'low'[39m,
  conflictingFields: []
}
Conflict detected {
  conflictId: [32m'ZDzpaIQKvdLvXYaHJmPT2'[39m,
  entityType: [32m'Account'[39m,
  entityId: [32m'acct-621'[39m,
  severity: [32m'low'[39m,
  conflictingFields: []
}
Conflict detected {
  conflictId: [32m'pJ0ZQe2y3zb4J8erh0rQi'[39m,
  entityType: [32m'Account'[39m,
  entityId: [32m'acct-622'[39m,
  severity: [32m'low'[39m,
  conflictingFields: []
}
Conflict detected {
  conflictId: [32m'E2mdqamTfLIy0hPs48nS-'[39m,
  entityType: [32m'Account'[39m,
  entityId: [32m'acct-623'[39m,
  severity: [32m'low'[39m,
  conflictingFields: []
}
Conflict detected {
  conflictId: [32m't5Dk470jDtPk8eCHj66fp'[39m,
  entityType: [32m'Account'[39m,
  entityId: [32m'acct-624'[39m,
  severity: [32m'low'[39m,
  conflictingFields: []
}
Conflict detected {
  conflictId: [32m'JfOp1MmXQZnIi3cdyYGMM'[39m,
  entityType: [32m'Account'[39m,
  entityId: [32m'acct-625'[39m,
  severity: [32m'low'[39m,
  conflictingFields: []
}
Conflict detected {
  conflictId: [32m'NzaOk3GOw0pkrBiWZ68WI'[39m,
  entityType: [32m'Account'[39m,
  entityId: [32m'acct-626'[39m,
  severity: [32m'low'[39m,
  conflictingFields: []
}
Conflict detected {
  conflictId: [32m'A-FRFA7AZnQy1MAjrYRvK'[39m,
  entityType: [32m'Account'[39m,
  entityId: [32m'acct-627'[39m,
  severity: [32m'low'[39m,
  conflictingFields: []
}
Conflict detected {
  conflictId: [32m'aNSD6PsoSX_SFIcBBaf2_'[39m,
  entityType: [32m'Account'[39m,
  entityId: [32m'acct-628'[39m,
  severity: [32m'low'[39m,
  conflictingFields: []
}
Conflict detected {
  conflictId: [32m'5c-o16gwXMPtX8Q1fLoKT'[39m,
  entityType: [32m'Account'[39m,
  entityId: [32m'acct-629'[39m,
  severity: [32m'low'[39m,
  conflictingFields: []
}
Conflict detected {
  conflictId: [32m'zYjGxL7rXcAboDicOzZOl'[39m,
  entityType: [32m'Account'[39m,
  entityId: [32m'acct-630'[39m,
  severity: [32m'low'[39m,
  conflictingFields: []
}
Conflict detected {
  conflictId: [32m'57ONe13U2xwVwLPe4A9dy'[39m,
  entityType: [32m'Account'[39m,
  entityId: [32m'acct-631'[39m,
  severity: [32m'low'[39m,
  conflictingFields: []
}
Conflict detected {
  conflictId: [32m'YahK-tM4nphR_yQr2t_96'[39m,
  entityType: [32m'Account'[39m,
  entityId: [32m'acct-632'[39m,
  severity: [32m'low'[39m,
  conflictingFields: []
}
Conflict detected {
  conflictId: [32m'jWyzEFgUiiBur9HrFbbUT'[39m,
  entityType: [32m'Account'[39m,
  entityId: [32m'acct-633'[39m,
  severity: [32m'low'[39m,
  conflictingFields: []
}
Conflict detected {
  conflictId: [32m'jUzysEkMNW3ibbfmKHClh'[39m,
  entityType: [32m'Account'[39m,
  entityId: [32m'acct-634'[39m,
  severity: [32m'low'[39m,
  conflictingFields: []
}
Conflict detected {
  conflictId: [32m'4jF2T1sl8fxd-JsfFmQy0'[39m,
  entityType: [32m'Account'[39m,
  entityId: [32m'acct-635'[39m,
  severity: [32m'low'[39m,
  conflictingFields: []
}
Conflict detected {
  conflictId: [32m'GBl59wl3vS93sh68ZSfFU'[39m,
  entityType: [32m'Account'[39m,
  entityId: [32m'acct-636'[39m,
  severity: [32m'low'[39m,
  conflictingFields: []
}
Conflict detected {
  conflictId: [32m'ga_H8wihm84nDE-uD1E_A'[39m,
  entityType: [32m'Account'[39m,
  entityId: [32m'acct-637'[39m,
  severity: [32m'low'[39m,
  conflictingFields: []
}
Conflict detected {
  conflictId: [32m'TtE-DwsAjt_TrouOZCL-n'[39m,
  entityType: [32m'Account'[39m,
  entityId: [32m'acct-638'[39m,
  severity: [32m'low'[39m,
  conflictingFields: []
}
Conflict detected {
  conflictId: [32m'6Qoey0X4c7f3hI6lh85ba'[39m,
  entityType: [32m'Account'[39m,
  entityId: [32m'acct-639'[39m,
  severity: [32m'low'[39m,
  conflictingFields: []
}
Conflict detected {
  conflictId: [32m'4GliL3mRGeG11YCG0EK1m'[39m,
  entityType: [32m'Account'[39m,
  entityId: [32m'acct-640'[39m,
  severity: [32m'low'[39m,
  conflictingFields: []
}
Conflict detected {
  conflictId: [32m'r3kBbZ_2Y3dEY5lfD19A-'[39m,
  entityType: [32m'Account'[39m,
  entityId: [32m'acct-641'[39m,
  severity: [32m'low'[39m,
  conflictingFields: []
}
Conflict detected {
  conflictId: [32m'-R5F56R-uWIUMH6jhr42r'[39m,
  entityType: [32m'Account'[39m,
  entityId: [32m'acct-642'[39m,
  severity: [32m'low'[39m,
  conflictingFields: []
}
Conflict detected {
  conflictId: [32m'sWVyZt8E53Z4uX06t6LL4'[39m,
  entityType: [32m'Account'[39m,
  entityId: [32m'acct-643'[39m,
  severity: [32m'low'[39m,
  conflictingFields: []
}
Conflict detected {
  conflictId: [32m'IZmLW9-0b7lTdAEP4Z7dA'[39m,
  entityType: [32m'Account'[39m,
  entityId: [32m'acct-644'[39m,
  severity: [32m'low'[39m,
  conflictingFields: []
}
Conflict detected {
  conflictId: [32m'ybiYMtI5pvQgA-hxS_jH6'[39m,
  entityType: [32m'Account'[39m,
  entityId: [32m'acct-645'[39m,
  severity: [32m'low'[39m,
  conflictingFields: []
}
Conflict detected {
  conflictId: [32m'-_sSP29uOrFqJvcm4bdzk'[39m,
  entityType: [32m'Account'[39m,
  entityId: [32m'acct-646'[39m,
  severity: [32m'low'[39m,
  conflictingFields: []
}
Conflict detected {
  conflictId: [32m'JHH1wTgawmIB7dwWZVC55'[39m,
  entityType: [32m'Account'[39m,
  entityId: [32m'acct-647'[39m,
  severity: [32m'low'[39m,
  conflictingFields: []
}
Conflict detected {
  conflictId: [32m'2qBWnsxDFpVexyF7Q7fMj'[39m,
  entityType: [32m'Account'[39m,
  entityId: [32m'acct-648'[39m,
  severity: [32m'low'[39m,
  conflictingFields: []
}
Conflict detected {
  conflictId: [32m'gMWdNq14LEW0nAKUM1n3N'[39m,
  entityType: [32m'Account'[39m,
  entityId: [32m'acct-649'[39m,
  severity: [32m'low'[39m,
  conflictingFields: []
}
Conflict detected {
  conflictId: [32m'PNN6HxBULqrmAChsdA-U6'[39m,
  entityType: [32m'Account'[39m,
  entityId: [32m'acct-650'[39m,
  severity: [32m'low'[39m,
  conflictingFields: []
}
Conflict detected {
  conflictId: [32m'pRiOepcsOgTvyJuOepBr4'[39m,
  entityType: [32m'Account'[39m,
  entityId: [32m'acct-651'[39m,
  severity: [32m'low'[39m,
  conflictingFields: []
}
Conflict detected {
  conflictId: [32m'nmZ0_SPK0eX6IH8XpFmUP'[39m,
  entityType: [32m'Account'[39m,
  entityId: [32m'acct-652'[39m,
  severity: [32m'low'[39m,
  conflictingFields: []
}
Conflict detected {
  conflictId: [32m'hJQ4pHwBfbENsxfBHCXD9'[39m,
  entityType: [32m'Account'[39m,
  entityId: [32m'acct-653'[39m,
  severity: [32m'low'[39m,
  conflictingFields: []
}
Conflict detected {
  conflictId: [32m'ROpzo5qumsHU_t01OhugX'[39m,
  entityType: [32m'Account'[39m,
  entityId: [32m'acct-654'[39m,
  severity: [32m'low'[39m,
  conflictingFields: []
}
Conflict detected {
  conflictId: [32m'PuUUle5nzlivmJRGOEizN'[39m,
  entityType: [32m'Account'[39m,
  entityId: [32m'acct-655'[39m,
  severity: [32m'low'[39m,
  conflictingFields: []
}
Conflict detected {
  conflictId: [32m'PYgLqLMKKRjOo3S3oQsAd'[39m,
  entityType: [32m'Account'[39m,
  entityId: [32m'acct-656'[39m,
  severity: [32m'low'[39m,
  conflictingFields: []
}
Conflict detected {
  conflictId: [32m'l9_iGYisyfNqiFXu8c1tT'[39m,
  entityType: [32m'Account'[39m,
  entityId: [32m'acct-657'[39m,
  severity: [32m'low'[39m,
  conflictingFields: []
}
Conflict detected {
  conflictId: [32m'DBsiHsT-Nx1kkZjrSt9Hy'[39m,
  entityType: [32m'Account'[39m,
  entityId: [32m'acct-658'[39m,
  severity: [32m'low'[39m,
  conflictingFields: []
}
Conflict detected {
  conflictId: [32m'j-fbANrpTtpJ_XqidorSI'[39m,
  entityType: [32m'Account'[39m,
  entityId: [32m'acct-659'[39m,
  severity: [32m'low'[39m,
  conflictingFields: []
}
Conflict detected {
  conflictId: [32m'-2Q6KW3WSQMiFdonclfZ5'[39m,
  entityType: [32m'Account'[39m,
  entityId: [32m'acct-660'[39m,
  severity: [32m'low'[39m,
  conflictingFields: []
}
Conflict detected {
  conflictId: [32m'BuT2IuDioqBaO-C5UUNVO'[39m,
  entityType: [32m'Account'[39m,
  entityId: [32m'acct-661'[39m,
  severity: [32m'low'[39m,
  conflictingFields: []
}
Conflict detected {
  conflictId: [32m'bQ1xyvFKYZ6uaJxKRkf6x'[39m,
  entityType: [32m'Account'[39m,
  entityId: [32m'acct-662'[39m,
  severity: [32m'low'[39m,
  conflictingFields: []
}
Conflict detected {
  conflictId: [32m'26669o1X2SGg0Ll0qozgs'[39m,
  entityType: [32m'Account'[39m,
  entityId: [32m'acct-663'[39m,
  severity: [32m'low'[39m,
  conflictingFields: []
}
Conflict detected {
  conflictId: [32m'fz7ibUo6x5aIssOdIfD8M'[39m,
  entityType: [32m'Account'[39m,
  entityId: [32m'acct-664'[39m,
  severity: [32m'low'[39m,
  conflictingFields: []
}
Conflict detected {
  conflictId: [32m'LkY_ypqIyRTKVqMzjFj7i'[39m,
  entityType: [32m'Account'[39m,
  entityId: [32m'acct-665'[39m,
  severity: [32m'low'[39m,
  conflictingFields: []
}
Conflict detected {
  conflictId: [32m'aHTPSFtjO25VDC8cneQCa'[39m,
  entityType: [32m'Account'[39m,
  entityId: [32m'acct-666'[39m,
  severity: [32m'low'[39m,
  conflictingFields: []
}
Conflict detected {
  conflictId: [32m'jfE4MlGDfuzVED3KXlmRW'[39m,
  entityType: [32m'Account'[39m,
  entityId: [32m'acct-667'[39m,
  severity: [32m'low'[39m,
  conflictingFields: []
}
Conflict detected {
  conflictId: [32m'fJP_TjskhF96ITCUXS6Mt'[39m,
  entityType: [32m'Account'[39m,
  entityId: [32m'acct-668'[39m,
  severity: [32m'low'[39m,
  conflictingFields: []
}
Conflict detected {
  conflictId: [32m'5Pygcn6jJsn0KHrPHoc6k'[39m,
  entityType: [32m'Account'[39m,
  entityId: [32m'acct-669'[39m,
  severity: [32m'low'[39m,
  conflictingFields: []
}
Conflict detected {
  conflictId: [32m'oDMT9A22leEA06fRg1UiH'[39m,
  entityType: [32m'Account'[39m,
  entityId: [32m'acct-670'[39m,
  severity: [32m'low'[39m,
  conflictingFields: []
}
Conflict detected {
  conflictId: [32m'UKfpBeNa5PWR_nFH5nK-o'[39m,
  entityType: [32m'Account'[39m,
  entityId: [32m'acct-671'[39m,
  severity: [32m'low'[39m,
  conflictingFields: []
}
Conflict detected {
  conflictId: [32m'sjVKPTcdrMS-Bt5lVY4xY'[39m,
  entityType: [32m'Account'[39m,
  entityId: [32m'acct-672'[39m,
  severity: [32m'low'[39m,
  conflictingFields: []
}
Conflict detected {
  conflictId: [32m'EaSn1LOJWnoNf_nbI9WG4'[39m,
  entityType: [32m'Account'[39m,
  entityId: [32m'acct-673'[39m,
  severity: [32m'low'[39m,
  conflictingFields: []
}
Conflict detected {
  conflictId: [32m'K3PCXCQS0jtyL8TGjrHZV'[39m,
  entityType: [32m'Account'[39m,
  entityId: [32m'acct-674'[39m,
  severity: [32m'low'[39m,
  conflictingFields: []
}
Conflict detected {
  conflictId: [32m'weMvhNE17O_mKaWfftJOc'[39m,
  entityType: [32m'Account'[39m,
  entityId: [32m'acct-675'[39m,
  severity: [32m'low'[39m,
  conflictingFields: []
}
Conflict detected {
  conflictId: [32m'kxKO7SUp3WKag2iBtJpQJ'[39m,
  entityType: [32m'Account'[39m,
  entityId: [32m'acct-676'[39m,
  severity: [32m'low'[39m,
  conflictingFields: []
}
Conflict detected {
  conflictId: [32m'SHITl3YtziYtgsJN-8W2R'[39m,
  entityType: [32m'Account'[39m,
  entityId: [32m'acct-677'[39m,
  severity: [32m'low'[39m,
  conflictingFields: []
}
Conflict detected {
  conflictId: [32m'WcMfbqNRQzu2ggcp6jN1L'[39m,
  entityType: [32m'Account'[39m,
  entityId: [32m'acct-678'[39m,
  severity: [32m'low'[39m,
  conflictingFields: []
}
Conflict detected {
  conflictId: [32m'3u0cjlT1N2Nsp499Vnhqx'[39m,
  entityType: [32m'Account'[39m,
  entityId: [32m'acct-679'[39m,
  severity: [32m'low'[39m,
  conflictingFields: []
}
Conflict detected {
  conflictId: [32m'XZNV93JZjCN8UBVbn4pB2'[39m,
  entityType: [32m'Account'[39m,
  entityId: [32m'acct-680'[39m,
  severity: [32m'low'[39m,
  conflictingFields: []
}
Conflict detected {
  conflictId: [32m'fRtAa7Zl-_218PFbT-6JN'[39m,
  entityType: [32m'Account'[39m,
  entityId: [32m'acct-681'[39m,
  severity: [32m'low'[39m,
  conflictingFields: []
}
Conflict detected {
  conflictId: [32m'7-p4BG30oNS4tAf-tcBTv'[39m,
  entityType: [32m'Account'[39m,
  entityId: [32m'acct-682'[39m,
  severity: [32m'low'[39m,
  conflictingFields: []
}
Conflict detected {
  conflictId: [32m'-SxkTsjqv-PHSkzoQuoil'[39m,
  entityType: [32m'Account'[39m,
  entityId: [32m'acct-683'[39m,
  severity: [32m'low'[39m,
  conflictingFields: []
}
Conflict detected {
  conflictId: [32m'A03h2gR5nCZDSX4D3FIqO'[39m,
  entityType: [32m'Account'[39m,
  entityId: [32m'acct-684'[39m,
  severity: [32m'low'[39m,
  conflictingFields: []
}
Conflict detected {
  conflictId: [32m'4LJfkWbNDM9s8mktiI__2'[39m,
  entityType: [32m'Account'[39m,
  entityId: [32m'acct-685'[39m,
  severity: [32m'low'[39m,
  conflictingFields: []
}
Conflict detected {
  conflictId: [32m'_vhTwVDEqkvmaIQ_kEarc'[39m,
  entityType: [32m'Account'[39m,
  entityId: [32m'acct-686'[39m,
  severity: [32m'low'[39m,
  conflictingFields: []
}
Conflict detected {
  conflictId: [32m'iKzn5gBiyZWXZhiGJpNtg'[39m,
  entityType: [32m'Account'[39m,
  entityId: [32m'acct-687'[39m,
  severity: [32m'low'[39m,
  conflictingFields: []
}
Conflict detected {
  conflictId: [32m'COsvyvCa92UkEh1EGLWGF'[39m,
  entityType: [32m'Account'[39m,
  entityId: [32m'acct-688'[39m,
  severity: [32m'low'[39m,
  conflictingFields: []
}
Conflict detected {
  conflictId: [32m'TovKdMUSHzPkhVGWOthHW'[39m,
  entityType: [32m'Account'[39m,
  entityId: [32m'acct-689'[39m,
  severity: [32m'low'[39m,
  conflictingFields: []
}
Conflict detected {
  conflictId: [32m'70w3JJGgE8pzjvhQRIBjL'[39m,
  entityType: [32m'Account'[39m,
  entityId: [32m'acct-690'[39m,
  severity: [32m'low'[39m,
  conflictingFields: []
}
Conflict detected {
  conflictId: [32m'wrZtYFMPLaYFmT-dTKvR2'[39m,
  entityType: [32m'Account'[39m,
  entityId: [32m'acct-691'[39m,
  severity: [32m'low'[39m,
  conflictingFields: []
}
Conflict detected {
  conflictId: [32m'zql58BSIxMSfDIGkStpPu'[39m,
  entityType: [32m'Account'[39m,
  entityId: [32m'acct-692'[39m,
  severity: [32m'low'[39m,
  conflictingFields: []
}
Conflict detected {
  conflictId: [32m'C8gIF3N6f7puRCQ1WJWfL'[39m,
  entityType: [32m'Account'[39m,
  entityId: [32m'acct-693'[39m,
  severity: [32m'low'[39m,
  conflictingFields: []
}
Conflict detected {
  conflictId: [32m'JN2VKWnD9eOiQgKnyQMl6'[39m,
  entityType: [32m'Account'[39m,
  entityId: [32m'acct-694'[39m,
  severity: [32m'low'[39m,
  conflictingFields: []
}
Conflict detected {
  conflictId: [32m'66jwceikgfPbfeB0a_Xcy'[39m,
  entityType: [32m'Account'[39m,
  entityId: [32m'acct-695'[39m,
  severity: [32m'low'[39m,
  conflictingFields: []
}
Conflict detected {
  conflictId: [32m'iJuiL-5EaxvCTrDo3urux'[39m,
  entityType: [32m'Account'[39m,
  entityId: [32m'acct-696'[39m,
  severity: [32m'low'[39m,
  conflictingFields: []
}
Conflict detected {
  conflictId: [32m'DEw_PM69twe7fK9wBVvZD'[39m,
  entityType: [32m'Account'[39m,
  entityId: [32m'acct-697'[39m,
  severity: [32m'low'[39m,
  conflictingFields: []
}
Conflict detected {
  conflictId: [32m'mXepZnA7OOEdYFkxhhtva'[39m,
  entityType: [32m'Account'[39m,
  entityId: [32m'acct-698'[39m,
  severity: [32m'low'[39m,
  conflictingFields: []
}
Conflict detected {
  conflictId: [32m'2xjbUFw9CCaxwMKlj_DRH'[39m,
  entityType: [32m'Account'[39m,
  entityId: [32m'acct-699'[39m,
  severity: [32m'low'[39m,
  conflictingFields: []
}
Conflict detected {
  conflictId: [32m'a-xIFrRJGsUh76AqhAuiW'[39m,
  entityType: [32m'Account'[39m,
  entityId: [32m'acct-700'[39m,
  severity: [32m'low'[39m,
  conflictingFields: []
}
Conflict detected {
  conflictId: [32m'_ApStnXrxw9MVGoOu6b9G'[39m,
  entityType: [32m'Account'[39m,
  entityId: [32m'acct-701'[39m,
  severity: [32m'low'[39m,
  conflictingFields: []
}
Conflict detected {
  conflictId: [32m'YGkdnIZPucYpjfETwOKKy'[39m,
  entityType: [32m'Account'[39m,
  entityId: [32m'acct-702'[39m,
  severity: [32m'low'[39m,
  conflictingFields: []
}
Conflict detected {
  conflictId: [32m'aKSj5NtSi2QD11UC4UISU'[39m,
  entityType: [32m'Account'[39m,
  entityId: [32m'acct-703'[39m,
  severity: [32m'low'[39m,
  conflictingFields: []
}
Conflict detected {
  conflictId: [32m'DlJfXsK4sW3tPnvG4FPsn'[39m,
  entityType: [32m'Account'[39m,
  entityId: [32m'acct-704'[39m,
  severity: [32m'low'[39m,
  conflictingFields: []
}
Conflict detected {
  conflictId: [32m'_Ah_oFI-wNGDDaeNpPhyy'[39m,
  entityType: [32m'Account'[39m,
  entityId: [32m'acct-705'[39m,
  severity: [32m'low'[39m,
  conflictingFields: []
}
Conflict detected {
  conflictId: [32m'ZjqMHL-PMg23lzYO82L1Z'[39m,
  entityType: [32m'Account'[39m,
  entityId: [32m'acct-706'[39m,
  severity: [32m'low'[39m,
  conflictingFields: []
}
Conflict detected {
  conflictId: [32m'3-E3KWtjfSFk7V4ChNCEA'[39m,
  entityType: [32m'Account'[39m,
  entityId: [32m'acct-707'[39m,
  severity: [32m'low'[39m,
  conflictingFields: []
}
Conflict detected {
  conflictId: [32m'rG0yjsJd5VxBEwqp1UqGb'[39m,
  entityType: [32m'Account'[39m,
  entityId: [32m'acct-708'[39m,
  severity: [32m'low'[39m,
  conflictingFields: []
}
Conflict detected {
  conflictId: [32m'Hi7pELNvTX5njyKWQalR-'[39m,
  entityType: [32m'Account'[39m,
  entityId: [32m'acct-709'[39m,
  severity: [32m'low'[39m,
  conflictingFields: []
}
Conflict detected {
  conflictId: [32m'dzNjik7uiBg1091n6NZDu'[39m,
  entityType: [32m'Account'[39m,
  entityId: [32m'acct-710'[39m,
  severity: [32m'low'[39m,
  conflictingFields: []
}
Conflict detected {
  conflictId: [32m'PhUXUUIMR170unuUeeFNk'[39m,
  entityType: [32m'Account'[39m,
  entityId: [32m'acct-711'[39m,
  severity: [32m'low'[39m,
  conflictingFields: []
}
Conflict detected {
  conflictId: [32m'5J8ERFXh7n3vr5HGjpa0c'[39m,
  entityType: [32m'Account'[39m,
  entityId: [32m'acct-712'[39m,
  severity: [32m'low'[39m,
  conflictingFields: []
}
Conflict detected {
  conflictId: [32m'gMdbZ_gBNi84YV-Ij8Bhr'[39m,
  entityType: [32m'Account'[39m,
  entityId: [32m'acct-713'[39m,
  severity: [32m'low'[39m,
  conflictingFields: []
}
Conflict detected {
  conflictId: [32m'gDiolOXCT8gerZheyRO27'[39m,
  entityType: [32m'Account'[39m,
  entityId: [32m'acct-714'[39m,
  severity: [32m'low'[39m,
  conflictingFields: []
}
Conflict detected {
  conflictId: [32m'37_8LkWYg0m3V2ig1ZTh4'[39m,
  entityType: [32m'Account'[39m,
  entityId: [32m'acct-715'[39m,
  severity: [32m'low'[39m,
  conflictingFields: []
}
Conflict detected {
  conflictId: [32m'sn4pLzkE36fnvBtT4VN27'[39m,
  entityType: [32m'Account'[39m,
  entityId: [32m'acct-716'[39m,
  severity: [32m'low'[39m,
  conflictingFields: []
}
Conflict detected {
  conflictId: [32m'hQ6Eb-tnxgPphrs4igOSJ'[39m,
  entityType: [32m'Account'[39m,
  entityId: [32m'acct-717'[39m,
  severity: [32m'low'[39m,
  conflictingFields: []
}
Conflict detected {
  conflictId: [32m'Xc5kW6Cu4wydup_-o_Y0q'[39m,
  entityType: [32m'Account'[39m,
  entityId: [32m'acct-718'[39m,
  severity: [32m'low'[39m,
  conflictingFields: []
}
Conflict detected {
  conflictId: [32m'E_WDw4PB5FtqK9dsHvMGb'[39m,
  entityType: [32m'Account'[39m,
  entityId: [32m'acct-719'[39m,
  severity: [32m'low'[39m,
  conflictingFields: []
}
Conflict detected {
  conflictId: [32m'lecAJmMrk5UI0BXMSxLNK'[39m,
  entityType: [32m'Account'[39m,
  entityId: [32m'acct-720'[39m,
  severity: [32m'low'[39m,
  conflictingFields: []
}
Conflict detected {
  conflictId: [32m'5CCHxoPWzK_iepEG8u-Og'[39m,
  entityType: [32m'Account'[39m,
  entityId: [32m'acct-721'[39m,
  severity: [32m'low'[39m,
  conflictingFields: []
}
Conflict detected {
  conflictId: [32m'p4R-6406ktHsLPUECvxFU'[39m,
  entityType: [32m'Account'[39m,
  entityId: [32m'acct-722'[39m,
  severity: [32m'low'[39m,
  conflictingFields: []
}
Conflict detected {
  conflictId: [32m'QajpAeuEODl8ClRI9Vz3G'[39m,
  entityType: [32m'Account'[39m,
  entityId: [32m'acct-723'[39m,
  severity: [32m'low'[39m,
  conflictingFields: []
}
Conflict detected {
  conflictId: [32m'MdFv2BO1N82FNcXRz3RM_'[39m,
  entityType: [32m'Account'[39m,
  entityId: [32m'acct-724'[39m,
  severity: [32m'low'[39m,
  conflictingFields: []
}
Conflict detected {
  conflictId: [32m'vphP8wiEt9af2X5bMzXUF'[39m,
  entityType: [32m'Account'[39m,
  entityId: [32m'acct-725'[39m,
  severity: [32m'low'[39m,
  conflictingFields: []
}
Conflict detected {
  conflictId: [32m'mxSuKIxnTL84Wny5jLynH'[39m,
  entityType: [32m'Account'[39m,
  entityId: [32m'acct-726'[39m,
  severity: [32m'low'[39m,
  conflictingFields: []
}
Conflict detected {
  conflictId: [32m'Tgl2fbAukSLkLW6tL-OkX'[39m,
  entityType: [32m'Account'[39m,
  entityId: [32m'acct-727'[39m,
  severity: [32m'low'[39m,
  conflictingFields: []
}
Conflict detected {
  conflictId: [32m'35sat1Y_jzEp6Q_a879MJ'[39m,
  entityType: [32m'Account'[39m,
  entityId: [32m'acct-728'[39m,
  severity: [32m'low'[39m,
  conflictingFields: []
}
Conflict detected {
  conflictId: [32m'TmJKViECHwxpv2mP6XWmW'[39m,
  entityType: [32m'Account'[39m,
  entityId: [32m'acct-729'[39m,
  severity: [32m'low'[39m,
  conflictingFields: []
}
Conflict detected {
  conflictId: [32m'UWHl3bUjpgD4r5afG8eUa'[39m,
  entityType: [32m'Account'[39m,
  entityId: [32m'acct-730'[39m,
  severity: [32m'low'[39m,
  conflictingFields: []
}
Conflict detected {
  conflictId: [32m'ESrzuXO5oE8D7YGkSiliz'[39m,
  entityType: [32m'Account'[39m,
  entityId: [32m'acct-731'[39m,
  severity: [32m'low'[39m,
  conflictingFields: []
}
Conflict detected {
  conflictId: [32m'j4ILlgyRDeKIJN_KAUBXX'[39m,
  entityType: [32m'Account'[39m,
  entityId: [32m'acct-732'[39m,
  severity: [32m'low'[39m,
  conflictingFields: []
}
Conflict detected {
  conflictId: [32m'ZpKR-_H4ZBYnKmDqq4Ncs'[39m,
  entityType: [32m'Account'[39m,
  entityId: [32m'acct-733'[39m,
  severity: [32m'low'[39m,
  conflictingFields: []
}
Conflict detected {
  conflictId: [32m'okbLkKeTfvTYxmGUHXjaf'[39m,
  entityType: [32m'Account'[39m,
  entityId: [32m'acct-734'[39m,
  severity: [32m'low'[39m,
  conflictingFields: []
}
Conflict detected {
  conflictId: [32m'pbjiqPnQQ89a0_111PfVG'[39m,
  entityType: [32m'Account'[39m,
  entityId: [32m'acct-735'[39m,
  severity: [32m'low'[39m,
  conflictingFields: []
}
Conflict detected {
  conflictId: [32m'Epr6YxFphFOl6I-VP_2K9'[39m,
  entityType: [32m'Account'[39m,
  entityId: [32m'acct-736'[39m,
  severity: [32m'low'[39m,
  conflictingFields: []
}
Conflict detected {
  conflictId: [32m'42puk77boaDOpejbPuWGn'[39m,
  entityType: [32m'Account'[39m,
  entityId: [32m'acct-737'[39m,
  severity: [32m'low'[39m,
  conflictingFields: []
}
Conflict detected {
  conflictId: [32m'xTqoxf458D1jnLchFWssC'[39m,
  entityType: [32m'Account'[39m,
  entityId: [32m'acct-738'[39m,
  severity: [32m'low'[39m,
  conflictingFields: []
}
Conflict detected {
  conflictId: [32m'1NSWuTz3sFkiFtbvDWUYs'[39m,
  entityType: [32m'Account'[39m,
  entityId: [32m'acct-739'[39m,
  severity: [32m'low'[39m,
  conflictingFields: []
}
Conflict detected {
  conflictId: [32m'eipaalz61c-Kz9NifRgrj'[39m,
  entityType: [32m'Account'[39m,
  entityId: [32m'acct-740'[39m,
  severity: [32m'low'[39m,
  conflictingFields: []
}
Conflict detected {
  conflictId: [32m'Qkv01_yIkN6UH-62LGbO2'[39m,
  entityType: [32m'Account'[39m,
  entityId: [32m'acct-741'[39m,
  severity: [32m'low'[39m,
  conflictingFields: []
}
Conflict detected {
  conflictId: [32m'5HQFzEOPVe-XymHiCpppe'[39m,
  entityType: [32m'Account'[39m,
  entityId: [32m'acct-742'[39m,
  severity: [32m'low'[39m,
  conflictingFields: []
}
Conflict detected {
  conflictId: [32m'w8YvoJY6MibtpRrY4XBjl'[39m,
  entityType: [32m'Account'[39m,
  entityId: [32m'acct-743'[39m,
  severity: [32m'low'[39m,
  conflictingFields: []
}
Conflict detected {
  conflictId: [32m'sRGont9bJXvP4fFMKb2nC'[39m,
  entityType: [32m'Account'[39m,
  entityId: [32m'acct-744'[39m,
  severity: [32m'low'[39m,
  conflictingFields: []
}
Conflict detected {
  conflictId: [32m'q5kYrg26kl-I3dKyywpVS'[39m,
  entityType: [32m'Account'[39m,
  entityId: [32m'acct-745'[39m,
  severity: [32m'low'[39m,
  conflictingFields: []
}
Conflict detected {
  conflictId: [32m'UFt4e6tUVXeDfxk_auE0c'[39m,
  entityType: [32m'Account'[39m,
  entityId: [32m'acct-746'[39m,
  severity: [32m'low'[39m,
  conflictingFields: []
}
Conflict detected {
  conflictId: [32m'EAF2BQ7ADNwxCtK2Qowyu'[39m,
  entityType: [32m'Account'[39m,
  entityId: [32m'acct-747'[39m,
  severity: [32m'low'[39m,
  conflictingFields: []
}
Conflict detected {
  conflictId: [32m'T9p05W8pS8rw8WEJrNzkO'[39m,
  entityType: [32m'Account'[39m,
  entityId: [32m'acct-748'[39m,
  severity: [32m'low'[39m,
  conflictingFields: []
}
Conflict detected {
  conflictId: [32m'hFegC0Zd3pTh0etMJU7t3'[39m,
  entityType: [32m'Account'[39m,
  entityId: [32m'acct-749'[39m,
  severity: [32m'low'[39m,
  conflictingFields: []
}
Conflict detected {
  conflictId: [32m'V-6CDfSqGSqxHbzedPwLV'[39m,
  entityType: [32m'Account'[39m,
  entityId: [32m'acct-750'[39m,
  severity: [32m'low'[39m,
  conflictingFields: []
}
Conflict detected {
  conflictId: [32m'8mdIbFRk8m3XMSLHZVT-n'[39m,
  entityType: [32m'Account'[39m,
  entityId: [32m'acct-751'[39m,
  severity: [32m'low'[39m,
  conflictingFields: []
}
Conflict detected {
  conflictId: [32m'bLSDHn8CcO0NBV5M1XQFF'[39m,
  entityType: [32m'Account'[39m,
  entityId: [32m'acct-752'[39m,
  severity: [32m'low'[39m,
  conflictingFields: []
}
Conflict detected {
  conflictId: [32m'B9aokloC36tQgEx2WIHIP'[39m,
  entityType: [32m'Account'[39m,
  entityId: [32m'acct-753'[39m,
  severity: [32m'low'[39m,
  conflictingFields: []
}
Conflict detected {
  conflictId: [32m'gDTxLYx6JHr7Zf73fcQAd'[39m,
  entityType: [32m'Account'[39m,
  entityId: [32m'acct-754'[39m,
  severity: [32m'low'[39m,
  conflictingFields: []
}
Conflict detected {
  conflictId: [32m'-k-2KnNchTsYnPCtCLiHh'[39m,
  entityType: [32m'Account'[39m,
  entityId: [32m'acct-755'[39m,
  severity: [32m'low'[39m,
  conflictingFields: []
}
Conflict detected {
  conflictId: [32m'30-AeFMud7khaSQ07KaqG'[39m,
  entityType: [32m'Account'[39m,
  entityId: [32m'acct-756'[39m,
  severity: [32m'low'[39m,
  conflictingFields: []
}
Conflict detected {
  conflictId: [32m'swLJLDgW7wj9kwIl1Htzn'[39m,
  entityType: [32m'Account'[39m,
  entityId: [32m'acct-757'[39m,
  severity: [32m'low'[39m,
  conflictingFields: []
}
Conflict detected {
  conflictId: [32m'8AaSVxOeLf6G9BDUHrMt_'[39m,
  entityType: [32m'Account'[39m,
  entityId: [32m'acct-758'[39m,
  severity: [32m'low'[39m,
  conflictingFields: []
}
Conflict detected {
  conflictId: [32m'uWZIPNSowlZ86Z7PhVBM9'[39m,
  entityType: [32m'Account'[39m,
  entityId: [32m'acct-759'[39m,
  severity: [32m'low'[39m,
  conflictingFields: []
}
Conflict detected {
  conflictId: [32m'FjerJjkQ9VASDn_sdwkrD'[39m,
  entityType: [32m'Account'[39m,
  entityId: [32m'acct-760'[39m,
  severity: [32m'low'[39m,
  conflictingFields: []
}
Conflict detected {
  conflictId: [32m'0IPJmyM9Kff5lJL9XHETn'[39m,
  entityType: [32m'Account'[39m,
  entityId: [32m'acct-761'[39m,
  severity: [32m'low'[39m,
  conflictingFields: []
}
Conflict detected {
  conflictId: [32m'xZ6urXf2gpZfxOKIigmr5'[39m,
  entityType: [32m'Account'[39m,
  entityId: [32m'acct-762'[39m,
  severity: [32m'low'[39m,
  conflictingFields: []
}
Conflict detected {
  conflictId: [32m'NL1HkaqJ4mFOYnFjQd4FY'[39m,
  entityType: [32m'Account'[39m,
  entityId: [32m'acct-763'[39m,
  severity: [32m'low'[39m,
  conflictingFields: []
}
Conflict detected {
  conflictId: [32m'MT-Uog_zEjmneo7rCXB0r'[39m,
  entityType: [32m'Account'[39m,
  entityId: [32m'acct-764'[39m,
  severity: [32m'low'[39m,
  conflictingFields: []
}
Conflict detected {
  conflictId: [32m'gts1WL9hcrhHGM6r0EDwn'[39m,
  entityType: [32m'Account'[39m,
  entityId: [32m'acct-765'[39m,
  severity: [32m'low'[39m,
  conflictingFields: []
}
Conflict detected {
  conflictId: [32m'g6rr68b_ot3SGBwJ2FiPT'[39m,
  entityType: [32m'Account'[39m,
  entityId: [32m'acct-766'[39m,
  severity: [32m'low'[39m,
  conflictingFields: []
}
Conflict detected {
  conflictId: [32m'psjRAkeEkTV3L3vnFl4US'[39m,
  entityType: [32m'Account'[39m,
  entityId: [32m'acct-767'[39m,
  severity: [32m'low'[39m,
  conflictingFields: []
}
Conflict detected {
  conflictId: [32m'OySaYd8OxgRl4Z96by2xn'[39m,
  entityType: [32m'Account'[39m,
  entityId: [32m'acct-768'[39m,
  severity: [32m'low'[39m,
  conflictingFields: []
}
Conflict detected {
  conflictId: [32m'BdlovshSe7i9dCpOJ3Pvy'[39m,
  entityType: [32m'Account'[39m,
  entityId: [32m'acct-769'[39m,
  severity: [32m'low'[39m,
  conflictingFields: []
}
Conflict detected {
  conflictId: [32m'DnYZP1otJMxul6ca9R_2G'[39m,
  entityType: [32m'Account'[39m,
  entityId: [32m'acct-770'[39m,
  severity: [32m'low'[39m,
  conflictingFields: []
}
Conflict detected {
  conflictId: [32m'Us3SRZ4879CNDa1IKFwr5'[39m,
  entityType: [32m'Account'[39m,
  entityId: [32m'acct-771'[39m,
  severity: [32m'low'[39m,
  conflictingFields: []
}
Conflict detected {
  conflictId: [32m'3jNq1zv6crfzXRQn75EKA'[39m,
  entityType: [32m'Account'[39m,
  entityId: [32m'acct-772'[39m,
  severity: [32m'low'[39m,
  conflictingFields: []
}
Conflict detected {
  conflictId: [32m'gLkd-mJdpfpOtAfCM-FO8'[39m,
  entityType: [32m'Account'[39m,
  entityId: [32m'acct-773'[39m,
  severity: [32m'low'[39m,
  conflictingFields: []
}
Conflict detected {
  conflictId: [32m'h1WZm1n4kpWmuyihN0BV-'[39m,
  entityType: [32m'Account'[39m,
  entityId: [32m'acct-774'[39m,
  severity: [32m'low'[39m,
  conflictingFields: []
}
Conflict detected {
  conflictId: [32m'0GWn-KPFEQUQ69v9Zw-cd'[39m,
  entityType: [32m'Account'[39m,
  entityId: [32m'acct-775'[39m,
  severity: [32m'low'[39m,
  conflictingFields: []
}
Conflict detected {
  conflictId: [32m'pyy0HmX_gFL2uJyTkEmtl'[39m,
  entityType: [32m'Account'[39m,
  entityId: [32m'acct-776'[39m,
  severity: [32m'low'[39m,
  conflictingFields: []
}
Conflict detected {
  conflictId: [32m'KAOF2TRLT4rUWEcYpyZor'[39m,
  entityType: [32m'Account'[39m,
  entityId: [32m'acct-777'[39m,
  severity: [32m'low'[39m,
  conflictingFields: []
}
Conflict detected {
  conflictId: [32m'XZKUKMVyGcyXResHQeuIF'[39m,
  entityType: [32m'Account'[39m,
  entityId: [32m'acct-778'[39m,
  severity: [32m'low'[39m,
  conflictingFields: []
}
Conflict detected {
  conflictId: [32m'BanF8awO7b-EDI682c2mu'[39m,
  entityType: [32m'Account'[39m,
  entityId: [32m'acct-779'[39m,
  severity: [32m'low'[39m,
  conflictingFields: []
}
Conflict detected {
  conflictId: [32m'_XedQxJyo3N3GTpeTXwr5'[39m,
  entityType: [32m'Account'[39m,
  entityId: [32m'acct-780'[39m,
  severity: [32m'low'[39m,
  conflictingFields: []
}
Conflict detected {
  conflictId: [32m'P0lW5V7vBav9LAYDxP-er'[39m,
  entityType: [32m'Account'[39m,
  entityId: [32m'acct-781'[39m,
  severity: [32m'low'[39m,
  conflictingFields: []
}
Conflict detected {
  conflictId: [32m'iNUEbSWO-5vVWAJA2FmGs'[39m,
  entityType: [32m'Account'[39m,
  entityId: [32m'acct-782'[39m,
  severity: [32m'low'[39m,
  conflictingFields: []
}
Conflict detected {
  conflictId: [32m'F8QgZP3qBbWs2zWU6TrfD'[39m,
  entityType: [32m'Account'[39m,
  entityId: [32m'acct-783'[39m,
  severity: [32m'low'[39m,
  conflictingFields: []
}
Conflict detected {
  conflictId: [32m'jSU9or3AQAAc2R-fmp7Su'[39m,
  entityType: [32m'Account'[39m,
  entityId: [32m'acct-784'[39m,
  severity: [32m'low'[39m,
  conflictingFields: []
}
Conflict detected {
  conflictId: [32m'rqHDJlgfLTB5-WHalnlom'[39m,
  entityType: [32m'Account'[39m,
  entityId: [32m'acct-785'[39m,
  severity: [32m'low'[39m,
  conflictingFields: []
}
Conflict detected {
  conflictId: [32m'y7ky564qI_0eP30MEcHMD'[39m,
  entityType: [32m'Account'[39m,
  entityId: [32m'acct-786'[39m,
  severity: [32m'low'[39m,
  conflictingFields: []
}
Conflict detected {
  conflictId: [32m'RMP1OghqH5U3THJQ7hvNb'[39m,
  entityType: [32m'Account'[39m,
  entityId: [32m'acct-787'[39m,
  severity: [32m'low'[39m,
  conflictingFields: []
}
Conflict detected {
  conflictId: [32m'K339V2rMf8yT4iKb1iCjb'[39m,
  entityType: [32m'Account'[39m,
  entityId: [32m'acct-788'[39m,
  severity: [32m'low'[39m,
  conflictingFields: []
}
Conflict detected {
  conflictId: [32m'KcpWCeNUho4uup84pTrEw'[39m,
  entityType: [32m'Account'[39m,
  entityId: [32m'acct-789'[39m,
  severity: [32m'low'[39m,
  conflictingFields: []
}
Conflict detected {
  conflictId: [32m'eOd1X3fMZkebewnhlaUdp'[39m,
  entityType: [32m'Account'[39m,
  entityId: [32m'acct-790'[39m,
  severity: [32m'low'[39m,
  conflictingFields: []
}
Conflict detected {
  conflictId: [32m'9RE5X_Zj9WcGbBmoS6Z5A'[39m,
  entityType: [32m'Account'[39m,
  entityId: [32m'acct-791'[39m,
  severity: [32m'low'[39m,
  conflictingFields: []
}
Conflict detected {
  conflictId: [32m'TS034Aq8ECshsvnWya4v_'[39m,
  entityType: [32m'Account'[39m,
  entityId: [32m'acct-792'[39m,
  severity: [32m'low'[39m,
  conflictingFields: []
}
Conflict detected {
  conflictId: [32m'9PcckHrtDlqmoPL0RU2OO'[39m,
  entityType: [32m'Account'[39m,
  entityId: [32m'acct-793'[39m,
  severity: [32m'low'[39m,
  conflictingFields: []
}
Conflict detected {
  conflictId: [32m'K7j4z-SpuMjHrNi_OSTyl'[39m,
  entityType: [32m'Account'[39m,
  entityId: [32m'acct-794'[39m,
  severity: [32m'low'[39m,
  conflictingFields: []
}
Conflict detected {
  conflictId: [32m'f5Hw3uIOZM1Wlr1aEpfY2'[39m,
  entityType: [32m'Account'[39m,
  entityId: [32m'acct-795'[39m,
  severity: [32m'low'[39m,
  conflictingFields: []
}
Conflict detected {
  conflictId: [32m'jpmGeqzzeDEql6r3LVOCF'[39m,
  entityType: [32m'Account'[39m,
  entityId: [32m'acct-796'[39m,
  severity: [32m'low'[39m,
  conflictingFields: []
}
Conflict detected {
  conflictId: [32m'fIvKEpgI6aQRUrwpuTW2t'[39m,
  entityType: [32m'Account'[39m,
  entityId: [32m'acct-797'[39m,
  severity: [32m'low'[39m,
  conflictingFields: []
}
Conflict detected {
  conflictId: [32m'oEy6k_anMh1Epe8IBRc-u'[39m,
  entityType: [32m'Account'[39m,
  entityId: [32m'acct-798'[39m,
  severity: [32m'low'[39m,
  conflictingFields: []
}
Conflict detected {
  conflictId: [32m'9yoA5yGpQcFwd_MgpyMwk'[39m,
  entityType: [32m'Account'[39m,
  entityId: [32m'acct-799'[39m,
  severity: [32m'low'[39m,
  conflictingFields: []
}
Conflict detected {
  conflictId: [32m'K_UU3HRkbroyA_zE7urid'[39m,
  entityType: [32m'Account'[39m,
  entityId: [32m'acct-800'[39m,
  severity: [32m'low'[39m,
  conflictingFields: []
}
Conflict detected {
  conflictId: [32m'4QtBfuW1HmBZTg4IMWivh'[39m,
  entityType: [32m'Account'[39m,
  entityId: [32m'acct-801'[39m,
  severity: [32m'low'[39m,
  conflictingFields: []
}
Conflict detected {
  conflictId: [32m'OgM7HYA2FqnYwzvj6QGTN'[39m,
  entityType: [32m'Account'[39m,
  entityId: [32m'acct-802'[39m,
  severity: [32m'low'[39m,
  conflictingFields: []
}
Conflict detected {
  conflictId: [32m'oI0H_Rl8GIduAjfpYOZI-'[39m,
  entityType: [32m'Account'[39m,
  entityId: [32m'acct-803'[39m,
  severity: [32m'low'[39m,
  conflictingFields: []
}
Conflict detected {
  conflictId: [32m'XheVczNtmmrSy-_vR-xmM'[39m,
  entityType: [32m'Account'[39m,
  entityId: [32m'acct-804'[39m,
  severity: [32m'low'[39m,
  conflictingFields: []
}
Conflict detected {
  conflictId: [32m'U1DN3CrhEks7_fXz0jkMt'[39m,
  entityType: [32m'Account'[39m,
  entityId: [32m'acct-805'[39m,
  severity: [32m'low'[39m,
  conflictingFields: []
}
Conflict detected {
  conflictId: [32m'v-U-TzecKR3Phb-0DcuVm'[39m,
  entityType: [32m'Account'[39m,
  entityId: [32m'acct-806'[39m,
  severity: [32m'low'[39m,
  conflictingFields: []
}
Conflict detected {
  conflictId: [32m'JYr9yf314wHkF4JJZs4sH'[39m,
  entityType: [32m'Account'[39m,
  entityId: [32m'acct-807'[39m,
  severity: [32m'low'[39m,
  conflictingFields: []
}
Conflict detected {
  conflictId: [32m'Nz3Sdpc9o8waZ6zjnFAer'[39m,
  entityType: [32m'Account'[39m,
  entityId: [32m'acct-808'[39m,
  severity: [32m'low'[39m,
  conflictingFields: []
}
Conflict detected {
  conflictId: [32m'1CwUYDr2gDQuCwI8GXm_L'[39m,
  entityType: [32m'Account'[39m,
  entityId: [32m'acct-809'[39m,
  severity: [32m'low'[39m,
  conflictingFields: []
}
Conflict detected {
  conflictId: [32m'msrExngObf_0aWjUayx5n'[39m,
  entityType: [32m'Account'[39m,
  entityId: [32m'acct-810'[39m,
  severity: [32m'low'[39m,
  conflictingFields: []
}
Conflict detected {
  conflictId: [32m'Hb1yheUn30AgZsQpTmxPL'[39m,
  entityType: [32m'Account'[39m,
  entityId: [32m'acct-811'[39m,
  severity: [32m'low'[39m,
  conflictingFields: []
}
Conflict detected {
  conflictId: [32m'KVUDo4Y-GkuLBzmEyz1m3'[39m,
  entityType: [32m'Account'[39m,
  entityId: [32m'acct-812'[39m,
  severity: [32m'low'[39m,
  conflictingFields: []
}
Conflict detected {
  conflictId: [32m'ekgC81AcdLl7IJh2aGn-X'[39m,
  entityType: [32m'Account'[39m,
  entityId: [32m'acct-813'[39m,
  severity: [32m'low'[39m,
  conflictingFields: []
}
Conflict detected {
  conflictId: [32m'u1-mtT5USjwIcxArhR9Ms'[39m,
  entityType: [32m'Account'[39m,
  entityId: [32m'acct-814'[39m,
  severity: [32m'low'[39m,
  conflictingFields: []
}
Conflict detected {
  conflictId: [32m'2GWIXw6nUAE5Ajf3lIgAA'[39m,
  entityType: [32m'Account'[39m,
  entityId: [32m'acct-815'[39m,
  severity: [32m'low'[39m,
  conflictingFields: []
}
Conflict detected {
  conflictId: [32m'y9D2Ifgu2LJKmPFb38EVy'[39m,
  entityType: [32m'Account'[39m,
  entityId: [32m'acct-816'[39m,
  severity: [32m'low'[39m,
  conflictingFields: []
}
Conflict detected {
  conflictId: [32m'dv521xYQ2-2JgqLBLpAGh'[39m,
  entityType: [32m'Account'[39m,
  entityId: [32m'acct-817'[39m,
  severity: [32m'low'[39m,
  conflictingFields: []
}
Conflict detected {
  conflictId: [32m'fEK-4BrqvgJLFEJwLJeWG'[39m,
  entityType: [32m'Account'[39m,
  entityId: [32m'acct-818'[39m,
  severity: [32m'low'[39m,
  conflictingFields: []
}
Conflict detected {
  conflictId: [32m'fBgur1ODf6pQsoYvH2LeO'[39m,
  entityType: [32m'Account'[39m,
  entityId: [32m'acct-819'[39m,
  severity: [32m'low'[39m,
  conflictingFields: []
}
Conflict detected {
  conflictId: [32m'z-BAaXiOg5VF2Bviv1ktq'[39m,
  entityType: [32m'Account'[39m,
  entityId: [32m'acct-820'[39m,
  severity: [32m'low'[39m,
  conflictingFields: []
}
Conflict detected {
  conflictId: [32m'kFimf2NDN1F6LYBDWmvF1'[39m,
  entityType: [32m'Account'[39m,
  entityId: [32m'acct-821'[39m,
  severity: [32m'low'[39m,
  conflictingFields: []
}
Conflict detected {
  conflictId: [32m'WhA4uuni63vh_TCATbYbP'[39m,
  entityType: [32m'Account'[39m,
  entityId: [32m'acct-822'[39m,
  severity: [32m'low'[39m,
  conflictingFields: []
}
Conflict detected {
  conflictId: [32m'A1gcJzu-qHzgl92h61Fdt'[39m,
  entityType: [32m'Account'[39m,
  entityId: [32m'acct-823'[39m,
  severity: [32m'low'[39m,
  conflictingFields: []
}
Conflict detected {
  conflictId: [32m'OVIYLLDBu0vUzuSlnoLlt'[39m,
  entityType: [32m'Account'[39m,
  entityId: [32m'acct-824'[39m,
  severity: [32m'low'[39m,
  conflictingFields: []
}
Conflict detected {
  conflictId: [32m'DAdCzsUjEKJjNFqLn-O6a'[39m,
  entityType: [32m'Account'[39m,
  entityId: [32m'acct-825'[39m,
  severity: [32m'low'[39m,
  conflictingFields: []
}
Conflict detected {
  conflictId: [32m'QM5VHAviLNOknw9GpaDbb'[39m,
  entityType: [32m'Account'[39m,
  entityId: [32m'acct-826'[39m,
  severity: [32m'low'[39m,
  conflictingFields: []
}
Conflict detected {
  conflictId: [32m'q5M-iBDTrGeo9BTXRbw_x'[39m,
  entityType: [32m'Account'[39m,
  entityId: [32m'acct-827'[39m,
  severity: [32m'low'[39m,
  conflictingFields: []
}
Conflict detected {
  conflictId: [32m'UodrMsIwezvwOj_pDHoVs'[39m,
  entityType: [32m'Account'[39m,
  entityId: [32m'acct-828'[39m,
  severity: [32m'low'[39m,
  conflictingFields: []
}
Conflict detected {
  conflictId: [32m'xISVkwYHxCocVrQjhkjQA'[39m,
  entityType: [32m'Account'[39m,
  entityId: [32m'acct-829'[39m,
  severity: [32m'low'[39m,
  conflictingFields: []
}
Conflict detected {
  conflictId: [32m'zMSl_bf35tGfwDHjsgJ6c'[39m,
  entityType: [32m'Account'[39m,
  entityId: [32m'acct-830'[39m,
  severity: [32m'low'[39m,
  conflictingFields: []
}
Conflict detected {
  conflictId: [32m'chplBkZAhRhXrd01K0Das'[39m,
  entityType: [32m'Account'[39m,
  entityId: [32m'acct-831'[39m,
  severity: [32m'low'[39m,
  conflictingFields: []
}
Conflict detected {
  conflictId: [32m'yeQWh_6cpK0SONo0MlFbu'[39m,
  entityType: [32m'Account'[39m,
  entityId: [32m'acct-832'[39m,
  severity: [32m'low'[39m,
  conflictingFields: []
}
Conflict detected {
  conflictId: [32m'JVPe3PAd_sYSGP8jTd_00'[39m,
  entityType: [32m'Account'[39m,
  entityId: [32m'acct-833'[39m,
  severity: [32m'low'[39m,
  conflictingFields: []
}
Conflict detected {
  conflictId: [32m'59Tp8_pxm4JCrw0evkQ-2'[39m,
  entityType: [32m'Account'[39m,
  entityId: [32m'acct-834'[39m,
  severity: [32m'low'[39m,
  conflictingFields: []
}
Conflict detected {
  conflictId: [32m'YTxxj3hHPBi81e8dR3-JI'[39m,
  entityType: [32m'Account'[39m,
  entityId: [32m'acct-835'[39m,
  severity: [32m'low'[39m,
  conflictingFields: []
}
Conflict detected {
  conflictId: [32m'PBKKjPkGWSnjCj4AoQQAx'[39m,
  entityType: [32m'Account'[39m,
  entityId: [32m'acct-836'[39m,
  severity: [32m'low'[39m,
  conflictingFields: []
}
Conflict detected {
  conflictId: [32m'hK7sF6KdQ9Cz27MJSZebG'[39m,
  entityType: [32m'Account'[39m,
  entityId: [32m'acct-837'[39m,
  severity: [32m'low'[39m,
  conflictingFields: []
}
Conflict detected {
  conflictId: [32m'NgbLJm_H-_40XOTz5KJjU'[39m,
  entityType: [32m'Account'[39m,
  entityId: [32m'acct-838'[39m,
  severity: [32m'low'[39m,
  conflictingFields: []
}
Conflict detected {
  conflictId: [32m'7x6BXAYv5lTCTXdMPRkAW'[39m,
  entityType: [32m'Account'[39m,
  entityId: [32m'acct-839'[39m,
  severity: [32m'low'[39m,
  conflictingFields: []
}
Conflict detected {
  conflictId: [32m'dXdPvIshZ_fDsFoRaHEc-'[39m,
  entityType: [32m'Account'[39m,
  entityId: [32m'acct-840'[39m,
  severity: [32m'low'[39m,
  conflictingFields: []
}
Conflict detected {
  conflictId: [32m'0AxQ_0X3YieYUH0UEtetd'[39m,
  entityType: [32m'Account'[39m,
  entityId: [32m'acct-841'[39m,
  severity: [32m'low'[39m,
  conflictingFields: []
}
Conflict detected {
  conflictId: [32m'5DJJ7lAfRqB5hfZrdZ69O'[39m,
  entityType: [32m'Account'[39m,
  entityId: [32m'acct-842'[39m,
  severity: [32m'low'[39m,
  conflictingFields: []
}
Conflict detected {
  conflictId: [32m'LBvSth8kzQbGEYP00ZMkM'[39m,
  entityType: [32m'Account'[39m,
  entityId: [32m'acct-843'[39m,
  severity: [32m'low'[39m,
  conflictingFields: []
}
Conflict detected {
  conflictId: [32m'YXiUwSmpXWXK5-veSg5Vc'[39m,
  entityType: [32m'Account'[39m,
  entityId: [32m'acct-844'[39m,
  severity: [32m'low'[39m,
  conflictingFields: []
}
Conflict detected {
  conflictId: [32m'4z6zdiTMJRtaub10g1Wvs'[39m,
  entityType: [32m'Account'[39m,
  entityId: [32m'acct-845'[39m,
  severity: [32m'low'[39m,
  conflictingFields: []
}
Conflict detected {
  conflictId: [32m'VoGQmFb1uPwfR8CeKzI1g'[39m,
  entityType: [32m'Account'[39m,
  entityId: [32m'acct-846'[39m,
  severity: [32m'low'[39m,
  conflictingFields: []
}
Conflict detected {
  conflictId: [32m'bKyCz57o_3-1JJnHAgBGp'[39m,
  entityType: [32m'Account'[39m,
  entityId: [32m'acct-847'[39m,
  severity: [32m'low'[39m,
  conflictingFields: []
}
Conflict detected {
  conflictId: [32m'AWE60ir_GnmIHJi9yZiZL'[39m,
  entityType: [32m'Account'[39m,
  entityId: [32m'acct-848'[39m,
  severity: [32m'low'[39m,
  conflictingFields: []
}
Conflict detected {
  conflictId: [32m'x3Zw47ucb8QoqYstXjUA1'[39m,
  entityType: [32m'Account'[39m,
  entityId: [32m'acct-849'[39m,
  severity: [32m'low'[39m,
  conflictingFields: []
}
Conflict detected {
  conflictId: [32m'CHYpsDX88sUiYg-zDLFAd'[39m,
  entityType: [32m'Account'[39m,
  entityId: [32m'acct-850'[39m,
  severity: [32m'low'[39m,
  conflictingFields: []
}
Conflict detected {
  conflictId: [32m'nXw952d3KYANXQIcQv4QD'[39m,
  entityType: [32m'Account'[39m,
  entityId: [32m'acct-851'[39m,
  severity: [32m'low'[39m,
  conflictingFields: []
}
Conflict detected {
  conflictId: [32m'E_DVNb34_vF88DlZg_rEW'[39m,
  entityType: [32m'Account'[39m,
  entityId: [32m'acct-852'[39m,
  severity: [32m'low'[39m,
  conflictingFields: []
}
Conflict detected {
  conflictId: [32m'JQbR2CIj93FCNz0s2c-yu'[39m,
  entityType: [32m'Account'[39m,
  entityId: [32m'acct-853'[39m,
  severity: [32m'low'[39m,
  conflictingFields: []
}
Conflict detected {
  conflictId: [32m'pWByZSiTyMkQT7DqMc-2x'[39m,
  entityType: [32m'Account'[39m,
  entityId: [32m'acct-854'[39m,
  severity: [32m'low'[39m,
  conflictingFields: []
}
Conflict detected {
  conflictId: [32m'JNMC7mtaqtsb1DN6cCv4H'[39m,
  entityType: [32m'Account'[39m,
  entityId: [32m'acct-855'[39m,
  severity: [32m'low'[39m,
  conflictingFields: []
}
Conflict detected {
  conflictId: [32m'wSt0W8fVTwmsVnNLBBhDr'[39m,
  entityType: [32m'Account'[39m,
  entityId: [32m'acct-856'[39m,
  severity: [32m'low'[39m,
  conflictingFields: []
}
Conflict detected {
  conflictId: [32m'6kHqWrCPglkgkj_8Wehe_'[39m,
  entityType: [32m'Account'[39m,
  entityId: [32m'acct-857'[39m,
  severity: [32m'low'[39m,
  conflictingFields: []
}
Conflict detected {
  conflictId: [32m'KNfDvDuvfTuQ4CxdoUzvT'[39m,
  entityType: [32m'Account'[39m,
  entityId: [32m'acct-858'[39m,
  severity: [32m'low'[39m,
  conflictingFields: []
}
Conflict detected {
  conflictId: [32m'GYgm-xpqniWZL8XsoRcGA'[39m,
  entityType: [32m'Account'[39m,
  entityId: [32m'acct-859'[39m,
  severity: [32m'low'[39m,
  conflictingFields: []
}
Conflict detected {
  conflictId: [32m'ZKRqBGUklE7yHsCQL889d'[39m,
  entityType: [32m'Account'[39m,
  entityId: [32m'acct-860'[39m,
  severity: [32m'low'[39m,
  conflictingFields: []
}
Conflict detected {
  conflictId: [32m'UUQ3_JRLXJzBVANgPe_D-'[39m,
  entityType: [32m'Account'[39m,
  entityId: [32m'acct-861'[39m,
  severity: [32m'low'[39m,
  conflictingFields: []
}
Conflict detected {
  conflictId: [32m'2u7q4WC1vtaeRfXAbbZ85'[39m,
  entityType: [32m'Account'[39m,
  entityId: [32m'acct-862'[39m,
  severity: [32m'low'[39m,
  conflictingFields: []
}
Conflict detected {
  conflictId: [32m'27Ms5W0izHJWOkCd7HY70'[39m,
  entityType: [32m'Account'[39m,
  entityId: [32m'acct-863'[39m,
  severity: [32m'low'[39m,
  conflictingFields: []
}
Conflict detected {
  conflictId: [32m'xgH6SrufJweHJrKRa2CeG'[39m,
  entityType: [32m'Account'[39m,
  entityId: [32m'acct-864'[39m,
  severity: [32m'low'[39m,
  conflictingFields: []
}
Conflict detected {
  conflictId: [32m'WRJevuVZ7PRMn1i2exGRc'[39m,
  entityType: [32m'Account'[39m,
  entityId: [32m'acct-865'[39m,
  severity: [32m'low'[39m,
  conflictingFields: []
}
Conflict detected {
  conflictId: [32m'JG0O8uV8NoKGaq_BE59Bh'[39m,
  entityType: [32m'Account'[39m,
  entityId: [32m'acct-866'[39m,
  severity: [32m'low'[39m,
  conflictingFields: []
}
Conflict detected {
  conflictId: [32m'vAbB5z-ehGxQU7q9XlUcL'[39m,
  entityType: [32m'Account'[39m,
  entityId: [32m'acct-867'[39m,
  severity: [32m'low'[39m,
  conflictingFields: []
}
Conflict detected {
  conflictId: [32m'Kbn_4gcvocFrz-2vGU0lv'[39m,
  entityType: [32m'Account'[39m,
  entityId: [32m'acct-868'[39m,
  severity: [32m'low'[39m,
  conflictingFields: []
}
Conflict detected {
  conflictId: [32m'-uJcRewvq_cTFADAiMfFh'[39m,
  entityType: [32m'Account'[39m,
  entityId: [32m'acct-869'[39m,
  severity: [32m'low'[39m,
  conflictingFields: []
}
Conflict detected {
  conflictId: [32m'gOuMEzfNv6fm1Jr_Yn8Dm'[39m,
  entityType: [32m'Account'[39m,
  entityId: [32m'acct-870'[39m,
  severity: [32m'low'[39m,
  conflictingFields: []
}
Conflict detected {
  conflictId: [32m'idPvsMSmyYBhIJ23WloR8'[39m,
  entityType: [32m'Account'[39m,
  entityId: [32m'acct-871'[39m,
  severity: [32m'low'[39m,
  conflictingFields: []
}
Conflict detected {
  conflictId: [32m'EvPeij-83QeiAbjnE59Bf'[39m,
  entityType: [32m'Account'[39m,
  entityId: [32m'acct-872'[39m,
  severity: [32m'low'[39m,
  conflictingFields: []
}
Conflict detected {
  conflictId: [32m'AJXH_gR_YgH0oe-NWbh0t'[39m,
  entityType: [32m'Account'[39m,
  entityId: [32m'acct-873'[39m,
  severity: [32m'low'[39m,
  conflictingFields: []
}
Conflict detected {
  conflictId: [32m'ehgAT1rwW_lexBEgpAQkG'[39m,
  entityType: [32m'Account'[39m,
  entityId: [32m'acct-874'[39m,
  severity: [32m'low'[39m,
  conflictingFields: []
}
Conflict detected {
  conflictId: [32m'8-W_tZ0ICU6HIJrAuSsD5'[39m,
  entityType: [32m'Account'[39m,
  entityId: [32m'acct-875'[39m,
  severity: [32m'low'[39m,
  conflictingFields: []
}
Conflict detected {
  conflictId: [32m'dD_YKTYpVR7GkxxNYDf9a'[39m,
  entityType: [32m'Account'[39m,
  entityId: [32m'acct-876'[39m,
  severity: [32m'low'[39m,
  conflictingFields: []
}
Conflict detected {
  conflictId: [32m'_FnA7U6CJ9WU7NNIhNlZf'[39m,
  entityType: [32m'Account'[39m,
  entityId: [32m'acct-877'[39m,
  severity: [32m'low'[39m,
  conflictingFields: []
}
Conflict detected {
  conflictId: [32m'xAc5x9FIDRfNXzVMPZ3Es'[39m,
  entityType: [32m'Account'[39m,
  entityId: [32m'acct-878'[39m,
  severity: [32m'low'[39m,
  conflictingFields: []
}
Conflict detected {
  conflictId: [32m'a7k4rRXTPcmiSpPtLv3PJ'[39m,
  entityType: [32m'Account'[39m,
  entityId: [32m'acct-879'[39m,
  severity: [32m'low'[39m,
  conflictingFields: []
}
Conflict detected {
  conflictId: [32m'6uAXX21xK5PQvYcVte3y6'[39m,
  entityType: [32m'Account'[39m,
  entityId: [32m'acct-880'[39m,
  severity: [32m'low'[39m,
  conflictingFields: []
}
Conflict detected {
  conflictId: [32m'1OMeTdNEwcYgqTY8iePv5'[39m,
  entityType: [32m'Account'[39m,
  entityId: [32m'acct-881'[39m,
  severity: [32m'low'[39m,
  conflictingFields: []
}
Conflict detected {
  conflictId: [32m'9p5Jkx3OBOJTZsE-k1x_5'[39m,
  entityType: [32m'Account'[39m,
  entityId: [32m'acct-882'[39m,
  severity: [32m'low'[39m,
  conflictingFields: []
}
Conflict detected {
  conflictId: [32m'TtZ_bN1QeOoeB4gUT5nBc'[39m,
  entityType: [32m'Account'[39m,
  entityId: [32m'acct-883'[39m,
  severity: [32m'low'[39m,
  conflictingFields: []
}
Conflict detected {
  conflictId: [32m'YBBTFLGW0X7d9DLA0btt4'[39m,
  entityType: [32m'Account'[39m,
  entityId: [32m'acct-884'[39m,
  severity: [32m'low'[39m,
  conflictingFields: []
}
Conflict detected {
  conflictId: [32m'i5CR2GpcnuuJUWDoFVwTT'[39m,
  entityType: [32m'Account'[39m,
  entityId: [32m'acct-885'[39m,
  severity: [32m'low'[39m,
  conflictingFields: []
}
Conflict detected {
  conflictId: [32m'0gqJZnm9uG3fwOkZZxZFp'[39m,
  entityType: [32m'Account'[39m,
  entityId: [32m'acct-886'[39m,
  severity: [32m'low'[39m,
  conflictingFields: []
}
Conflict detected {
  conflictId: [32m'nXQoZjlyX5eERj-8T7By3'[39m,
  entityType: [32m'Account'[39m,
  entityId: [32m'acct-887'[39m,
  severity: [32m'low'[39m,
  conflictingFields: []
}
Conflict detected {
  conflictId: [32m'cT7JfT8iW6VWfZ6Beg2q3'[39m,
  entityType: [32m'Account'[39m,
  entityId: [32m'acct-888'[39m,
  severity: [32m'low'[39m,
  conflictingFields: []
}
Conflict detected {
  conflictId: [32m'0tjPU4WJOyFxsC6UYI9lX'[39m,
  entityType: [32m'Account'[39m,
  entityId: [32m'acct-889'[39m,
  severity: [32m'low'[39m,
  conflictingFields: []
}
Conflict detected {
  conflictId: [32m'EZ0S1FGZI8K4zmwnm38RQ'[39m,
  entityType: [32m'Account'[39m,
  entityId: [32m'acct-890'[39m,
  severity: [32m'low'[39m,
  conflictingFields: []
}
Conflict detected {
  conflictId: [32m'C_Z_MPjBdaLaWwd8te9_b'[39m,
  entityType: [32m'Account'[39m,
  entityId: [32m'acct-891'[39m,
  severity: [32m'low'[39m,
  conflictingFields: []
}
Conflict detected {
  conflictId: [32m'5bNId12NXy1l96ZJMWcyi'[39m,
  entityType: [32m'Account'[39m,
  entityId: [32m'acct-892'[39m,
  severity: [32m'low'[39m,
  conflictingFields: []
}
Conflict detected {
  conflictId: [32m'j1iOxAfeBLPzOWtqw2FWl'[39m,
  entityType: [32m'Account'[39m,
  entityId: [32m'acct-893'[39m,
  severity: [32m'low'[39m,
  conflictingFields: []
}
Conflict detected {
  conflictId: [32m'inB57K8EHjU0IfDVrpAXB'[39m,
  entityType: [32m'Account'[39m,
  entityId: [32m'acct-894'[39m,
  severity: [32m'low'[39m,
  conflictingFields: []
}
Conflict detected {
  conflictId: [32m'OYE3RRI1o6IJzXSGrzWdo'[39m,
  entityType: [32m'Account'[39m,
  entityId: [32m'acct-895'[39m,
  severity: [32m'low'[39m,
  conflictingFields: []
}
Conflict detected {
  conflictId: [32m'0Hw7dDDwBy5lglVkyl-fX'[39m,
  entityType: [32m'Account'[39m,
  entityId: [32m'acct-896'[39m,
  severity: [32m'low'[39m,
  conflictingFields: []
}
Conflict detected {
  conflictId: [32m'xP01VqIP5kny1JWG6zFaA'[39m,
  entityType: [32m'Account'[39m,
  entityId: [32m'acct-897'[39m,
  severity: [32m'low'[39m,
  conflictingFields: []
}
Conflict detected {
  conflictId: [32m'j7OJW4F_A0n21VJYO9vop'[39m,
  entityType: [32m'Account'[39m,
  entityId: [32m'acct-898'[39m,
  severity: [32m'low'[39m,
  conflictingFields: []
}
Conflict detected {
  conflictId: [32m'1eDRcqcs2rgIvRvhB4lvL'[39m,
  entityType: [32m'Account'[39m,
  entityId: [32m'acct-899'[39m,
  severity: [32m'low'[39m,
  conflictingFields: []
}
Conflict detected {
  conflictId: [32m'gbA-ZBVnNwgX8s_YUx4ff'[39m,
  entityType: [32m'Account'[39m,
  entityId: [32m'acct-900'[39m,
  severity: [32m'low'[39m,
  conflictingFields: []
}
Conflict detected {
  conflictId: [32m'8F1YPE2zv_x72d6c-4JAC'[39m,
  entityType: [32m'Account'[39m,
  entityId: [32m'acct-901'[39m,
  severity: [32m'low'[39m,
  conflictingFields: []
}
Conflict detected {
  conflictId: [32m'W3VVn9qHOmvjQPr4tz86f'[39m,
  entityType: [32m'Account'[39m,
  entityId: [32m'acct-902'[39m,
  severity: [32m'low'[39m,
  conflictingFields: []
}
Conflict detected {
  conflictId: [32m'-FjvC_VPXQHtuqx9iZwt6'[39m,
  entityType: [32m'Account'[39m,
  entityId: [32m'acct-903'[39m,
  severity: [32m'low'[39m,
  conflictingFields: []
}
Conflict detected {
  conflictId: [32m'KMapAakycIzNPnMf6owqe'[39m,
  entityType: [32m'Account'[39m,
  entityId: [32m'acct-904'[39m,
  severity: [32m'low'[39m,
  conflictingFields: []
}
Conflict detected {
  conflictId: [32m'8Zl4NXn6rInWf7NabVjH1'[39m,
  entityType: [32m'Account'[39m,
  entityId: [32m'acct-905'[39m,
  severity: [32m'low'[39m,
  conflictingFields: []
}
Conflict detected {
  conflictId: [32m'ciQHgIkK3m_QLvT9lkNQL'[39m,
  entityType: [32m'Account'[39m,
  entityId: [32m'acct-906'[39m,
  severity: [32m'low'[39m,
  conflictingFields: []
}
Conflict detected {
  conflictId: [32m'_DgScRE07htGNLgUUrMf3'[39m,
  entityType: [32m'Account'[39m,
  entityId: [32m'acct-907'[39m,
  severity: [32m'low'[39m,
  conflictingFields: []
}
Conflict detected {
  conflictId: [32m'2HmroHSJNzJFQTwlfKSKI'[39m,
  entityType: [32m'Account'[39m,
  entityId: [32m'acct-908'[39m,
  severity: [32m'low'[39m,
  conflictingFields: []
}
Conflict detected {
  conflictId: [32m'uyne4wA7uByFGs4PSpFd4'[39m,
  entityType: [32m'Account'[39m,
  entityId: [32m'acct-909'[39m,
  severity: [32m'low'[39m,
  conflictingFields: []
}
Conflict detected {
  conflictId: [32m'vEySmBKw_6ZnGlJxI0_P_'[39m,
  entityType: [32m'Account'[39m,
  entityId: [32m'acct-910'[39m,
  severity: [32m'low'[39m,
  conflictingFields: []
}
Conflict detected {
  conflictId: [32m'M1VqyZqvGtghcjvNBNqNH'[39m,
  entityType: [32m'Account'[39m,
  entityId: [32m'acct-911'[39m,
  severity: [32m'low'[39m,
  conflictingFields: []
}
Conflict detected {
  conflictId: [32m'_0jcfgIj_GhzP7CZ2WBZI'[39m,
  entityType: [32m'Account'[39m,
  entityId: [32m'acct-912'[39m,
  severity: [32m'low'[39m,
  conflictingFields: []
}
Conflict detected {
  conflictId: [32m'qMPSmbHurIffP0x6ZZVqB'[39m,
  entityType: [32m'Account'[39m,
  entityId: [32m'acct-913'[39m,
  severity: [32m'low'[39m,
  conflictingFields: []
}
Conflict detected {
  conflictId: [32m'BLZczG6VEJEEZ1k1YwL9X'[39m,
  entityType: [32m'Account'[39m,
  entityId: [32m'acct-914'[39m,
  severity: [32m'low'[39m,
  conflictingFields: []
}
Conflict detected {
  conflictId: [32m'7po69dx9Zy0o6gOJX48SM'[39m,
  entityType: [32m'Account'[39m,
  entityId: [32m'acct-915'[39m,
  severity: [32m'low'[39m,
  conflictingFields: []
}
Conflict detected {
  conflictId: [32m'pXfEPH65rEAZJkDyD5lyn'[39m,
  entityType: [32m'Account'[39m,
  entityId: [32m'acct-916'[39m,
  severity: [32m'low'[39m,
  conflictingFields: []
}
Conflict detected {
  conflictId: [32m'3WNJhntB-liiVfz75eWE6'[39m,
  entityType: [32m'Account'[39m,
  entityId: [32m'acct-917'[39m,
  severity: [32m'low'[39m,
  conflictingFields: []
}
Conflict detected {
  conflictId: [32m'VbxUtZJu6rGoEfrXnAApq'[39m,
  entityType: [32m'Account'[39m,
  entityId: [32m'acct-918'[39m,
  severity: [32m'low'[39m,
  conflictingFields: []
}
Conflict detected {
  conflictId: [32m'jqz0q7PKjiDX0BkHXe2bY'[39m,
  entityType: [32m'Account'[39m,
  entityId: [32m'acct-919'[39m,
  severity: [32m'low'[39m,
  conflictingFields: []
}
Conflict detected {
  conflictId: [32m'JF0ASiwbz3VkLzaPUSmex'[39m,
  entityType: [32m'Account'[39m,
  entityId: [32m'acct-920'[39m,
  severity: [32m'low'[39m,
  conflictingFields: []
}
Conflict detected {
  conflictId: [32m'Astt7Hw8NMcveyQBW163_'[39m,
  entityType: [32m'Account'[39m,
  entityId: [32m'acct-921'[39m,
  severity: [32m'low'[39m,
  conflictingFields: []
}
Conflict detected {
  conflictId: [32m'IG0KlOOwhG2sL5Pe7ZsAm'[39m,
  entityType: [32m'Account'[39m,
  entityId: [32m'acct-922'[39m,
  severity: [32m'low'[39m,
  conflictingFields: []
}
Conflict detected {
  conflictId: [32m'i08PvvjM-IRTAPqPnvyWa'[39m,
  entityType: [32m'Account'[39m,
  entityId: [32m'acct-923'[39m,
  severity: [32m'low'[39m,
  conflictingFields: []
}
Conflict detected {
  conflictId: [32m't_Z6XH0Cz649eCwPx-mal'[39m,
  entityType: [32m'Account'[39m,
  entityId: [32m'acct-924'[39m,
  severity: [32m'low'[39m,
  conflictingFields: []
}
Conflict detected {
  conflictId: [32m'l4SbIKyqWTaBPhXrsyEy-'[39m,
  entityType: [32m'Account'[39m,
  entityId: [32m'acct-925'[39m,
  severity: [32m'low'[39m,
  conflictingFields: []
}
Conflict detected {
  conflictId: [32m'dEGM31evv5HSTCBgJK-Ws'[39m,
  entityType: [32m'Account'[39m,
  entityId: [32m'acct-926'[39m,
  severity: [32m'low'[39m,
  conflictingFields: []
}
Conflict detected {
  conflictId: [32m'b02-VRSf-uVexMW97ipUG'[39m,
  entityType: [32m'Account'[39m,
  entityId: [32m'acct-927'[39m,
  severity: [32m'low'[39m,
  conflictingFields: []
}
Conflict detected {
  conflictId: [32m'Yao4NoABdme-SyCedUPEk'[39m,
  entityType: [32m'Account'[39m,
  entityId: [32m'acct-928'[39m,
  severity: [32m'low'[39m,
  conflictingFields: []
}
Conflict detected {
  conflictId: [32m'Kp0ZYXKOlf9wjc9D0L0QE'[39m,
  entityType: [32m'Account'[39m,
  entityId: [32m'acct-929'[39m,
  severity: [32m'low'[39m,
  conflictingFields: []
}
Conflict detected {
  conflictId: [32m'uilY8NGXDhwAI_cVvjKqx'[39m,
  entityType: [32m'Account'[39m,
  entityId: [32m'acct-930'[39m,
  severity: [32m'low'[39m,
  conflictingFields: []
}
Conflict detected {
  conflictId: [32m'pk6zMmXxnl1mvl74uG1ZZ'[39m,
  entityType: [32m'Account'[39m,
  entityId: [32m'acct-931'[39m,
  severity: [32m'low'[39m,
  conflictingFields: []
}
Conflict detected {
  conflictId: [32m'rRANQm720t0SOOX0I4mHc'[39m,
  entityType: [32m'Account'[39m,
  entityId: [32m'acct-932'[39m,
  severity: [32m'low'[39m,
  conflictingFields: []
}
Conflict detected {
  conflictId: [32m'BnXbZJzoWm9S6ggsN_PkV'[39m,
  entityType: [32m'Account'[39m,
  entityId: [32m'acct-933'[39m,
  severity: [32m'low'[39m,
  conflictingFields: []
}
Conflict detected {
  conflictId: [32m'6l72mxRUnx1TKfI96DDDl'[39m,
  entityType: [32m'Account'[39m,
  entityId: [32m'acct-934'[39m,
  severity: [32m'low'[39m,
  conflictingFields: []
}
Conflict detected {
  conflictId: [32m'ybDOkKtID3NysSmvaq--I'[39m,
  entityType: [32m'Account'[39m,
  entityId: [32m'acct-935'[39m,
  severity: [32m'low'[39m,
  conflictingFields: []
}
Conflict detected {
  conflictId: [32m'7wyTkdvXLcE7kRpOZV3XU'[39m,
  entityType: [32m'Account'[39m,
  entityId: [32m'acct-936'[39m,
  severity: [32m'low'[39m,
  conflictingFields: []
}
Conflict detected {
  conflictId: [32m'iT3NM36nwqJkSw4eL5tXh'[39m,
  entityType: [32m'Account'[39m,
  entityId: [32m'acct-937'[39m,
  severity: [32m'low'[39m,
  conflictingFields: []
}
Conflict detected {
  conflictId: [32m'SkFGwWzagcFbKWPdeYC7W'[39m,
  entityType: [32m'Account'[39m,
  entityId: [32m'acct-938'[39m,
  severity: [32m'low'[39m,
  conflictingFields: []
}
Conflict detected {
  conflictId: [32m'1eHZkW3na6GQKZpHK2AbR'[39m,
  entityType: [32m'Account'[39m,
  entityId: [32m'acct-939'[39m,
  severity: [32m'low'[39m,
  conflictingFields: []
}
Conflict detected {
  conflictId: [32m't7Jy7J5OBcoJON7ZDrAH4'[39m,
  entityType: [32m'Account'[39m,
  entityId: [32m'acct-940'[39m,
  severity: [32m'low'[39m,
  conflictingFields: []
}
Conflict detected {
  conflictId: [32m'64aCudL4OWgvQFRVGN_cU'[39m,
  entityType: [32m'Account'[39m,
  entityId: [32m'acct-941'[39m,
  severity: [32m'low'[39m,
  conflictingFields: []
}
Conflict detected {
  conflictId: [32m'Gi0xRxlbGjB8TsbvZ-0jn'[39m,
  entityType: [32m'Account'[39m,
  entityId: [32m'acct-942'[39m,
  severity: [32m'low'[39m,
  conflictingFields: []
}
Conflict detected {
  conflictId: [32m'3Ombx2lLVG99qCCcgOmRu'[39m,
  entityType: [32m'Account'[39m,
  entityId: [32m'acct-943'[39m,
  severity: [32m'low'[39m,
  conflictingFields: []
}
Conflict detected {
  conflictId: [32m'Nztc9idlzqEqFoBQsV1Fx'[39m,
  entityType: [32m'Account'[39m,
  entityId: [32m'acct-944'[39m,
  severity: [32m'low'[39m,
  conflictingFields: []
}
Conflict detected {
  conflictId: [32m'E3OW_wRox6sKnp25ZWXBm'[39m,
  entityType: [32m'Account'[39m,
  entityId: [32m'acct-945'[39m,
  severity: [32m'low'[39m,
  conflictingFields: []
}
Conflict detected {
  conflictId: [32m'26sYnBbRvPtHHJfXdleSt'[39m,
  entityType: [32m'Account'[39m,
  entityId: [32m'acct-946'[39m,
  severity: [32m'low'[39m,
  conflictingFields: []
}
Conflict detected {
  conflictId: [32m'pt76WCAYu1i1uyL8hHKW_'[39m,
  entityType: [32m'Account'[39m,
  entityId: [32m'acct-947'[39m,
  severity: [32m'low'[39m,
  conflictingFields: []
}
Conflict detected {
  conflictId: [32m'lB7RJv24nvF0eT0QSyTtM'[39m,
  entityType: [32m'Account'[39m,
  entityId: [32m'acct-948'[39m,
  severity: [32m'low'[39m,
  conflictingFields: []
}
Conflict detected {
  conflictId: [32m'BfZPkUXSxnchbyOwDpFCo'[39m,
  entityType: [32m'Account'[39m,
  entityId: [32m'acct-949'[39m,
  severity: [32m'low'[39m,
  conflictingFields: []
}
Conflict detected {
  conflictId: [32m'Z3hFGV_S12iPjLmPAhRLV'[39m,
  entityType: [32m'Account'[39m,
  entityId: [32m'acct-950'[39m,
  severity: [32m'low'[39m,
  conflictingFields: []
}
Conflict detected {
  conflictId: [32m'klXQLvSrZT-B0hm43MCy4'[39m,
  entityType: [32m'Account'[39m,
  entityId: [32m'acct-951'[39m,
  severity: [32m'low'[39m,
  conflictingFields: []
}
Conflict detected {
  conflictId: [32m'tYuoihKEURhWuuiT9Sadz'[39m,
  entityType: [32m'Account'[39m,
  entityId: [32m'acct-952'[39m,
  severity: [32m'low'[39m,
  conflictingFields: []
}
Conflict detected {
  conflictId: [32m'kR62PkT-Zn7vzyAQ5MDoj'[39m,
  entityType: [32m'Account'[39m,
  entityId: [32m'acct-953'[39m,
  severity: [32m'low'[39m,
  conflictingFields: []
}
Conflict detected {
  conflictId: [32m'1K5_FYvSvm6UNDr_A1pHN'[39m,
  entityType: [32m'Account'[39m,
  entityId: [32m'acct-954'[39m,
  severity: [32m'low'[39m,
  conflictingFields: []
}
Conflict detected {
  conflictId: [32m'pJC-jXrQ5OwlH5TR75aFF'[39m,
  entityType: [32m'Account'[39m,
  entityId: [32m'acct-955'[39m,
  severity: [32m'low'[39m,
  conflictingFields: []
}
Conflict detected {
  conflictId: [32m'HzyEynQ9rc1DkmR-hBOif'[39m,
  entityType: [32m'Account'[39m,
  entityId: [32m'acct-956'[39m,
  severity: [32m'low'[39m,
  conflictingFields: []
}
Conflict detected {
  conflictId: [32m'9CiqFXEm6-PsGF1Oxtif1'[39m,
  entityType: [32m'Account'[39m,
  entityId: [32m'acct-957'[39m,
  severity: [32m'low'[39m,
  conflictingFields: []
}
Conflict detected {
  conflictId: [32m'ZUGgAJbfnosZhPXcjQrvf'[39m,
  entityType: [32m'Account'[39m,
  entityId: [32m'acct-958'[39m,
  severity: [32m'low'[39m,
  conflictingFields: []
}
Conflict detected {
  conflictId: [32m'ckxJbDLqJIoeBZh7a9QM1'[39m,
  entityType: [32m'Account'[39m,
  entityId: [32m'acct-959'[39m,
  severity: [32m'low'[39m,
  conflictingFields: []
}
Conflict detected {
  conflictId: [32m'kDBBJJkAALJB_PGdXzdD1'[39m,
  entityType: [32m'Account'[39m,
  entityId: [32m'acct-960'[39m,
  severity: [32m'low'[39m,
  conflictingFields: []
}
Conflict detected {
  conflictId: [32m'3LGSykFdenToIIcbZg7es'[39m,
  entityType: [32m'Account'[39m,
  entityId: [32m'acct-961'[39m,
  severity: [32m'low'[39m,
  conflictingFields: []
}
Conflict detected {
  conflictId: [32m'nQmMRUd3mUaunBwELQT2S'[39m,
  entityType: [32m'Account'[39m,
  entityId: [32m'acct-962'[39m,
  severity: [32m'low'[39m,
  conflictingFields: []
}
Conflict detected {
  conflictId: [32m'grs1c1VqewuFTRkYNQnvY'[39m,
  entityType: [32m'Account'[39m,
  entityId: [32m'acct-963'[39m,
  severity: [32m'low'[39m,
  conflictingFields: []
}
Conflict detected {
  conflictId: [32m'1VSHfcLB2NR3tx4E8l-aE'[39m,
  entityType: [32m'Account'[39m,
  entityId: [32m'acct-964'[39m,
  severity: [32m'low'[39m,
  conflictingFields: []
}
Conflict detected {
  conflictId: [32m'JoAgXfEkzNHAIswTSJ_IM'[39m,
  entityType: [32m'Account'[39m,
  entityId: [32m'acct-965'[39m,
  severity: [32m'low'[39m,
  conflictingFields: []
}
Conflict detected {
  conflictId: [32m'KF4qZGPWrOdfwdv7oE8Zn'[39m,
  entityType: [32m'Account'[39m,
  entityId: [32m'acct-966'[39m,
  severity: [32m'low'[39m,
  conflictingFields: []
}
Conflict detected {
  conflictId: [32m'BOJg80bWeY7JbI8s7o-Rp'[39m,
  entityType: [32m'Account'[39m,
  entityId: [32m'acct-967'[39m,
  severity: [32m'low'[39m,
  conflictingFields: []
}
Conflict detected {
  conflictId: [32m'8qKNYG9o5zJsmlnsDQG41'[39m,
  entityType: [32m'Account'[39m,
  entityId: [32m'acct-968'[39m,
  severity: [32m'low'[39m,
  conflictingFields: []
}
Conflict detected {
  conflictId: [32m'b69iYHvSEvhWSBYfRPc0x'[39m,
  entityType: [32m'Account'[39m,
  entityId: [32m'acct-969'[39m,
  severity: [32m'low'[39m,
  conflictingFields: []
}
Conflict detected {
  conflictId: [32m'n-Juuvw639TmC4f1xXEFS'[39m,
  entityType: [32m'Account'[39m,
  entityId: [32m'acct-970'[39m,
  severity: [32m'low'[39m,
  conflictingFields: []
}
Conflict detected {
  conflictId: [32m'gV-rBWN8mrgGRtHYpOvYd'[39m,
  entityType: [32m'Account'[39m,
  entityId: [32m'acct-971'[39m,
  severity: [32m'low'[39m,
  conflictingFields: []
}
Conflict detected {
  conflictId: [32m'Gz9rJHF6lJmwNyDeBDhA7'[39m,
  entityType: [32m'Account'[39m,
  entityId: [32m'acct-972'[39m,
  severity: [32m'low'[39m,
  conflictingFields: []
}
Conflict detected {
  conflictId: [32m'1UH1mz3CLC44DCLunG6Dw'[39m,
  entityType: [32m'Account'[39m,
  entityId: [32m'acct-973'[39m,
  severity: [32m'low'[39m,
  conflictingFields: []
}
Conflict detected {
  conflictId: [32m'wHLp5kki2prC8TZ15T6Kz'[39m,
  entityType: [32m'Account'[39m,
  entityId: [32m'acct-974'[39m,
  severity: [32m'low'[39m,
  conflictingFields: []
}
Conflict detected {
  conflictId: [32m'_79lEGLkp-IqBMVvb_glf'[39m,
  entityType: [32m'Account'[39m,
  entityId: [32m'acct-975'[39m,
  severity: [32m'low'[39m,
  conflictingFields: []
}
Conflict detected {
  conflictId: [32m'MRR-TyQ5L0f950S4ZE8qi'[39m,
  entityType: [32m'Account'[39m,
  entityId: [32m'acct-976'[39m,
  severity: [32m'low'[39m,
  conflictingFields: []
}
Conflict detected {
  conflictId: [32m'9iXP4pyahsbVoLfVIXMWi'[39m,
  entityType: [32m'Account'[39m,
  entityId: [32m'acct-977'[39m,
  severity: [32m'low'[39m,
  conflictingFields: []
}
Conflict detected {
  conflictId: [32m'IDsn-DFuoEVHxAhPSCP7R'[39m,
  entityType: [32m'Account'[39m,
  entityId: [32m'acct-978'[39m,
  severity: [32m'low'[39m,
  conflictingFields: []
}
Conflict detected {
  conflictId: [32m'H5nM4kNypidlMAGhyl42W'[39m,
  entityType: [32m'Account'[39m,
  entityId: [32m'acct-979'[39m,
  severity: [32m'low'[39m,
  conflictingFields: []
}
Conflict detected {
  conflictId: [32m'QkZJrtn-03iLUln2M9O33'[39m,
  entityType: [32m'Account'[39m,
  entityId: [32m'acct-980'[39m,
  severity: [32m'low'[39m,
  conflictingFields: []
}
Conflict detected {
  conflictId: [32m'yugMf7iXTJC7RT1lqoE3D'[39m,
  entityType: [32m'Account'[39m,
  entityId: [32m'acct-981'[39m,
  severity: [32m'low'[39m,
  conflictingFields: []
}
Conflict detected {
  conflictId: [32m'CbetEIHs76rVfvERAQUmJ'[39m,
  entityType: [32m'Account'[39m,
  entityId: [32m'acct-982'[39m,
  severity: [32m'low'[39m,
  conflictingFields: []
}
Conflict detected {
  conflictId: [32m'koYjKrK6uJfEr42-8pU7k'[39m,
  entityType: [32m'Account'[39m,
  entityId: [32m'acct-983'[39m,
  severity: [32m'low'[39m,
  conflictingFields: []
}
Conflict detected {
  conflictId: [32m'k2Dkh6-JPQhDprEx6SQfU'[39m,
  entityType: [32m'Account'[39m,
  entityId: [32m'acct-984'[39m,
  severity: [32m'low'[39m,
  conflictingFields: []
}
Conflict detected {
  conflictId: [32m'Eee0XbkF6XUJ-VNdsDIHB'[39m,
  entityType: [32m'Account'[39m,
  entityId: [32m'acct-985'[39m,
  severity: [32m'low'[39m,
  conflictingFields: []
}
Conflict detected {
  conflictId: [32m'jT77Qm7PjaKcdqKibNgtg'[39m,
  entityType: [32m'Account'[39m,
  entityId: [32m'acct-986'[39m,
  severity: [32m'low'[39m,
  conflictingFields: []
}
Conflict detected {
  conflictId: [32m'k9EVyS9b-DeJ_5nLGndPl'[39m,
  entityType: [32m'Account'[39m,
  entityId: [32m'acct-987'[39m,
  severity: [32m'low'[39m,
  conflictingFields: []
}
Conflict detected {
  conflictId: [32m'zYL2rb1wpG6ftwweVEtsj'[39m,
  entityType: [32m'Account'[39m,
  entityId: [32m'acct-988'[39m,
  severity: [32m'low'[39m,
  conflictingFields: []
}
Conflict detected {
  conflictId: [32m'A_Q493N05s-nFnbGDWFrK'[39m,
  entityType: [32m'Account'[39m,
  entityId: [32m'acct-989'[39m,
  severity: [32m'low'[39m,
  conflictingFields: []
}
Conflict detected {
  conflictId: [32m'EFAGqXnBckTftvwnqT1jX'[39m,
  entityType: [32m'Account'[39m,
  entityId: [32m'acct-990'[39m,
  severity: [32m'low'[39m,
  conflictingFields: []
}
Conflict detected {
  conflictId: [32m'X3EFPjngr4WVpgRtD5fG9'[39m,
  entityType: [32m'Account'[39m,
  entityId: [32m'acct-991'[39m,
  severity: [32m'low'[39m,
  conflictingFields: []
}
Conflict detected {
  conflictId: [32m'EnRbNVahUjDbn14ciTCYr'[39m,
  entityType: [32m'Account'[39m,
  entityId: [32m'acct-992'[39m,
  severity: [32m'low'[39m,
  conflictingFields: []
}
Conflict detected {
  conflictId: [32m'v8Uiw1yhX8D3_f9oNZh6P'[39m,
  entityType: [32m'Account'[39m,
  entityId: [32m'acct-993'[39m,
  severity: [32m'low'[39m,
  conflictingFields: []
}
Conflict detected {
  conflictId: [32m'Qj5VFVAcuoTSvutMPdNeY'[39m,
  entityType: [32m'Account'[39m,
  entityId: [32m'acct-994'[39m,
  severity: [32m'low'[39m,
  conflictingFields: []
}
Conflict detected {
  conflictId: [32m'oA_rk0mW7zvXG3cVmLczz'[39m,
  entityType: [32m'Account'[39m,
  entityId: [32m'acct-995'[39m,
  severity: [32m'low'[39m,
  conflictingFields: []
}
Conflict detected {
  conflictId: [32m'EtUcW3-TUINWArqJ-QBi-'[39m,
  entityType: [32m'Account'[39m,
  entityId: [32m'acct-996'[39m,
  severity: [32m'low'[39m,
  conflictingFields: []
}
Conflict detected {
  conflictId: [32m'n-D2RNP4Oz8QN2z3duRyG'[39m,
  entityType: [32m'Account'[39m,
  entityId: [32m'acct-997'[39m,
  severity: [32m'low'[39m,
  conflictingFields: []
}
Conflict detected {
  conflictId: [32m'1d5OoZiLWA4CxwPels8O-'[39m,
  entityType: [32m'Account'[39m,
  entityId: [32m'acct-998'[39m,
  severity: [32m'low'[39m,
  conflictingFields: []
}
Conflict detected {
  conflictId: [32m'VCFxaPUpPtO4-LcpBLaWV'[39m,
  entityType: [32m'Account'[39m,
  entityId: [32m'acct-999'[39m,
  severity: [32m'low'[39m,
  conflictingFields: []
}

[90mstdout[2m | src/services/conflictResolution.service.test.ts[2m > [22m[2mPerformance[2m > [22m[2mshould resolve 1000 conflicts efficiently
[22m[39mConflict detected {
  conflictId: [32m'TR6klUbwMbzeh-91rIycJ'[39m,
  entityType: [32m'Account'[39m,
  entityId: [32m'acct-0'[39m,
  severity: [32m'low'[39m,
  conflictingFields: []
}
Conflict detected {
  conflictId: [32m'ujsxmf5t-UXJIiDqLsFFJ'[39m,
  entityType: [32m'Account'[39m,
  entityId: [32m'acct-1'[39m,
  severity: [32m'low'[39m,
  conflictingFields: []
}
Conflict detected {
  conflictId: [32m'dX_E1B8oMKWqlrSsHOkXc'[39m,
  entityType: [32m'Account'[39m,
  entityId: [32m'acct-2'[39m,
  severity: [32m'low'[39m,
  conflictingFields: []
}
Conflict detected {
  conflictId: [32m'WO4BjGyjYH_K2nMpdihin'[39m,
  entityType: [32m'Account'[39m,
  entityId: [32m'acct-3'[39m,
  severity: [32m'low'[39m,
  conflictingFields: []
}
Conflict detected {
  conflictId: [32m'W5iX7FynaAK54CcYbkyF9'[39m,
  entityType: [32m'Account'[39m,
  entityId: [32m'acct-4'[39m,
  severity: [32m'low'[39m,
  conflictingFields: []
}
Conflict detected {
  conflictId: [32m'3xZfqJbDaMnKh8TBzuCJs'[39m,
  entityType: [32m'Account'[39m,
  entityId: [32m'acct-5'[39m,
  severity: [32m'low'[39m,
  conflictingFields: []
}
Conflict detected {
  conflictId: [32m'jmJCdNrXzmLBMyAPeZFYZ'[39m,
  entityType: [32m'Account'[39m,
  entityId: [32m'acct-6'[39m,
  severity: [32m'low'[39m,
  conflictingFields: []
}
Conflict detected {
  conflictId: [32m'dM5kbRthtK9cUjWMKgUBE'[39m,
  entityType: [32m'Account'[39m,
  entityId: [32m'acct-7'[39m,
  severity: [32m'low'[39m,
  conflictingFields: []
}
Conflict detected {
  conflictId: [32m'4LMZ1Sqia-HFJVMHLl5Lw'[39m,
  entityType: [32m'Account'[39m,
  entityId: [32m'acct-8'[39m,
  severity: [32m'low'[39m,
  conflictingFields: []
}
Conflict detected {
  conflictId: [32m'RUbBIAk4Rwlhr46zgfPqT'[39m,
  entityType: [32m'Account'[39m,
  entityId: [32m'acct-9'[39m,
  severity: [32m'low'[39m,
  conflictingFields: []
}
Conflict detected {
  conflictId: [32m'r5CWWaAQgp1-ghXEjlSJX'[39m,
  entityType: [32m'Account'[39m,
  entityId: [32m'acct-10'[39m,
  severity: [32m'low'[39m,
  conflictingFields: []
}
Conflict detected {
  conflictId: [32m'-Zo24-leSs_FFvy7UZTXz'[39m,
  entityType: [32m'Account'[39m,
  entityId: [32m'acct-11'[39m,
  severity: [32m'low'[39m,
  conflictingFields: []
}
Conflict detected {
  conflictId: [32m'wSmUEmcSQx5UPwWVoo1r8'[39m,
  entityType: [32m'Account'[39m,
  entityId: [32m'acct-12'[39m,
  severity: [32m'low'[39m,
  conflictingFields: []
}
Conflict detected {
  conflictId: [32m'3a-zfbhp_sRAeuTNN5Mu1'[39m,
  entityType: [32m'Account'[39m,
  entityId: [32m'acct-13'[39m,
  severity: [32m'low'[39m,
  conflictingFields: []
}
Conflict detected {
  conflictId: [32m'VqG8BXPxMXSBj_Qs4OPaZ'[39m,
  entityType: [32m'Account'[39m,
  entityId: [32m'acct-14'[39m,
  severity: [32m'low'[39m,
  conflictingFields: []
}
Conflict detected {
  conflictId: [32m'DIKgP7LAkz0jIgFTy6ElP'[39m,
  entityType: [32m'Account'[39m,
  entityId: [32m'acct-15'[39m,
  severity: [32m'low'[39m,
  conflictingFields: []
}
Conflict detected {
  conflictId: [32m'vhcni9M1gDBaeESNpi0O5'[39m,
  entityType: [32m'Account'[39m,
  entityId: [32m'acct-16'[39m,
  severity: [32m'low'[39m,
  conflictingFields: []
}
Conflict detected {
  conflictId: [32m'TmwHc6DlNc0ZoTVMIohRd'[39m,
  entityType: [32m'Account'[39m,
  entityId: [32m'acct-17'[39m,
  severity: [32m'low'[39m,
  conflictingFields: []
}
Conflict detected {
  conflictId: [32m'vvAKXnWfVujbuLUnT3LYQ'[39m,
  entityType: [32m'Account'[39m,
  entityId: [32m'acct-18'[39m,
  severity: [32m'low'[39m,
  conflictingFields: []
}
Conflict detected {
  conflictId: [32m'dqG6j_PRsVrc_vdNbSPu5'[39m,
  entityType: [32m'Account'[39m,
  entityId: [32m'acct-19'[39m,
  severity: [32m'low'[39m,
  conflictingFields: []
}
Conflict detected {
  conflictId: [32m'Lhy_9l9-4okdpxZ4bYAdp'[39m,
  entityType: [32m'Account'[39m,
  entityId: [32m'acct-20'[39m,
  severity: [32m'low'[39m,
  conflictingFields: []
}
Conflict detected {
  conflictId: [32m'dOt3_QtM0YayvZlWdHLpO'[39m,
  entityType: [32m'Account'[39m,
  entityId: [32m'acct-21'[39m,
  severity: [32m'low'[39m,
  conflictingFields: []
}
Conflict detected {
  conflictId: [32m'dVfWMbFmEtyWIhGOvsOAX'[39m,
  entityType: [32m'Account'[39m,
  entityId: [32m'acct-22'[39m,
  severity: [32m'low'[39m,
  conflictingFields: []
}
Conflict detected {
  conflictId: [32m'Afa6C2Et_cJHS-LkGOPxR'[39m,
  entityType: [32m'Account'[39m,
  entityId: [32m'acct-23'[39m,
  severity: [32m'low'[39m,
  conflictingFields: []
}
Conflict detected {
  conflictId: [32m'I018lY0n0TNiTXnsjVJqU'[39m,
  entityType: [32m'Account'[39m,
  entityId: [32m'acct-24'[39m,
  severity: [32m'low'[39m,
  conflictingFields: []
}
Conflict detected {
  conflictId: [32m'lWB-yEYPgvew9VpB7Do96'[39m,
  entityType: [32m'Account'[39m,
  entityId: [32m'acct-25'[39m,
  severity: [32m'low'[39m,
  conflictingFields: []
}
Conflict detected {
  conflictId: [32m'0d56qVzZCtf2IoZNDP1y_'[39m,
  entityType: [32m'Account'[39m,
  entityId: [32m'acct-26'[39m,
  severity: [32m'low'[39m,
  conflictingFields: []
}
Conflict detected {
  conflictId: [32m'JiG2JX-X7FRWbUixCyGfT'[39m,
  entityType: [32m'Account'[39m,
  entityId: [32m'acct-27'[39m,
  severity: [32m'low'[39m,
  conflictingFields: []
}
Conflict detected {
  conflictId: [32m'6g9B6kTNHpGQtpHt3Wgl8'[39m,
  entityType: [32m'Account'[39m,
  entityId: [32m'acct-28'[39m,
  severity: [32m'low'[39m,
  conflictingFields: []
}
Conflict detected {
  conflictId: [32m'qYbPKCbrgpqB3ca5x569B'[39m,
  entityType: [32m'Account'[39m,
  entityId: [32m'acct-29'[39m,
  severity: [32m'low'[39m,
  conflictingFields: []
}
Conflict detected {
  conflictId: [32m'vLCRcSoakp14yHSHh4PGu'[39m,
  entityType: [32m'Account'[39m,
  entityId: [32m'acct-30'[39m,
  severity: [32m'low'[39m,
  conflictingFields: []
}
Conflict detected {
  conflictId: [32m'AzshSvx8ZJxTxzv3RR7EL'[39m,
  entityType: [32m'Account'[39m,
  entityId: [32m'acct-31'[39m,
  severity: [32m'low'[39m,
  conflictingFields: []
}
Conflict detected {
  conflictId: [32m'mw4QY6q8jRM_8V5QpCQJQ'[39m,
  entityType: [32m'Account'[39m,
  entityId: [32m'acct-32'[39m,
  severity: [32m'low'[39m,
  conflictingFields: []
}
Conflict detected {
  conflictId: [32m'J9mxaNFG-cpkF1Ek-8z-O'[39m,
  entityType: [32m'Account'[39m,
  entityId: [32m'acct-33'[39m,
  severity: [32m'low'[39m,
  conflictingFields: []
}
Conflict detected {
  conflictId: [32m'OjTVZS3-PsXTk7lCRAG6u'[39m,
  entityType: [32m'Account'[39m,
  entityId: [32m'acct-34'[39m,
  severity: [32m'low'[39m,
  conflictingFields: []
}
Conflict detected {
  conflictId: [32m'pb29yL7g2ngpQ5_HvWREk'[39m,
  entityType: [32m'Account'[39m,
  entityId: [32m'acct-35'[39m,
  severity: [32m'low'[39m,
  conflictingFields: []
}
Conflict detected {
  conflictId: [32m'eVq_oPguTsntJFdTRGAVN'[39m,
  entityType: [32m'Account'[39m,
  entityId: [32m'acct-36'[39m,
  severity: [32m'low'[39m,
  conflictingFields: []
}
Conflict detected {
  conflictId: [32m'qvV2k-Pq-eS4XHO0KTS_9'[39m,
  entityType: [32m'Account'[39m,
  entityId: [32m'acct-37'[39m,
  severity: [32m'low'[39m,
  conflictingFields: []
}
Conflict detected {
  conflictId: [32m'7EZ86VzfnUxGx2hJXntjb'[39m,
  entityType: [32m'Account'[39m,
  entityId: [32m'acct-38'[39m,
  severity: [32m'low'[39m,
  conflictingFields: []
}
Conflict detected {
  conflictId: [32m'JcLglQbqJPzbxoCmBwdMF'[39m,
  entityType: [32m'Account'[39m,
  entityId: [32m'acct-39'[39m,
  severity: [32m'low'[39m,
  conflictingFields: []
}
Conflict detected {
  conflictId: [32m'b9edyT5WeZY0r4ya5cvml'[39m,
  entityType: [32m'Account'[39m,
  entityId: [32m'acct-40'[39m,
  severity: [32m'low'[39m,
  conflictingFields: []
}
Conflict detected {
  conflictId: [32m'2Ga8vACOkeKM3dgfcQEYg'[39m,
  entityType: [32m'Account'[39m,
  entityId: [32m'acct-41'[39m,
  severity: [32m'low'[39m,
  conflictingFields: []
}
Conflict detected {
  conflictId: [32m'fXfJF8aml8PpBzu3oItxB'[39m,
  entityType: [32m'Account'[39m,
  entityId: [32m'acct-42'[39m,
  severity: [32m'low'[39m,
  conflictingFields: []
}
Conflict detected {
  conflictId: [32m'ockjvlrFc9tVP1oE8kbaj'[39m,
  entityType: [32m'Account'[39m,
  entityId: [32m'acct-43'[39m,
  severity: [32m'low'[39m,
  conflictingFields: []
}
Conflict detected {
  conflictId: [32m'ZEZYmGjyUyOAU8ZR3owVD'[39m,
  entityType: [32m'Account'[39m,
  entityId: [32m'acct-44'[39m,
  severity: [32m'low'[39m,
  conflictingFields: []
}
Conflict detected {
  conflictId: [32m'V-NYIS0Ea2AdAeRAO-aid'[39m,
  entityType: [32m'Account'[39m,
  entityId: [32m'acct-45'[39m,
  severity: [32m'low'[39m,
  conflictingFields: []
}
Conflict detected {
  conflictId: [32m'JmEc5FUGZAAYUy8xlHFOV'[39m,
  entityType: [32m'Account'[39m,
  entityId: [32m'acct-46'[39m,
  severity: [32m'low'[39m,
  conflictingFields: []
}
Conflict detected {
  conflictId: [32m'wuhZrazWPhmA-eB-W6WvI'[39m,
  entityType: [32m'Account'[39m,
  entityId: [32m'acct-47'[39m,
  severity: [32m'low'[39m,
  conflictingFields: []
}
Conflict detected {
  conflictId: [32m'NZH6qUz2SyrviRE7jxTi_'[39m,
  entityType: [32m'Account'[39m,
  entityId: [32m'acct-48'[39m,
  severity: [32m'low'[39m,
  conflictingFields: []
}
Conflict detected {
  conflictId: [32m'KhGMyWwHQpoCRImu84xCn'[39m,
  entityType: [32m'Account'[39m,
  entityId: [32m'acct-49'[39m,
  severity: [32m'low'[39m,
  conflictingFields: []
}
Conflict detected {
  conflictId: [32m'IYXzVgs26QPqiyQPpK9UY'[39m,
  entityType: [32m'Account'[39m,
  entityId: [32m'acct-50'[39m,
  severity: [32m'low'[39m,
  conflictingFields: []
}
Conflict detected {
  conflictId: [32m'GKPcchtmI2vLTfa6b1QBJ'[39m,
  entityType: [32m'Account'[39m,
  entityId: [32m'acct-51'[39m,
  severity: [32m'low'[39m,
  conflictingFields: []
}
Conflict detected {
  conflictId: [32m'_iziHw_ECiLe-PT9VW13Q'[39m,
  entityType: [32m'Account'[39m,
  entityId: [32m'acct-52'[39m,
  severity: [32m'low'[39m,
  conflictingFields: []
}
Conflict detected {
  conflictId: [32m'CfBF77n3Vz68-DhMsMx5g'[39m,
  entityType: [32m'Account'[39m,
  entityId: [32m'acct-53'[39m,
  severity: [32m'low'[39m,
  conflictingFields: []
}
Conflict detected {
  conflictId: [32m'9fFCg5Otl_UV2W-AT52bM'[39m,
  entityType: [32m'Account'[39m,
  entityId: [32m'acct-54'[39m,
  severity: [32m'low'[39m,
  conflictingFields: []
}
Conflict detected {
  conflictId: [32m'wxl8YEWrQyfJYwmNh1aea'[39m,
  entityType: [32m'Account'[39m,
  entityId: [32m'acct-55'[39m,
  severity: [32m'low'[39m,
  conflictingFields: []
}
Conflict detected {
  conflictId: [32m'dqvArc2RccA--EwZxi6eR'[39m,
  entityType: [32m'Account'[39m,
  entityId: [32m'acct-56'[39m,
  severity: [32m'low'[39m,
  conflictingFields: []
}
Conflict detected {
  conflictId: [32m'7SkoAPWVDnilCffg-hRIf'[39m,
  entityType: [32m'Account'[39m,
  entityId: [32m'acct-57'[39m,
  severity: [32m'low'[39m,
  conflictingFields: []
}
Conflict detected {
  conflictId: [32m'kfa92iEeDGchnYSmNiHxQ'[39m,
  entityType: [32m'Account'[39m,
  entityId: [32m'acct-58'[39m,
  severity: [32m'low'[39m,
  conflictingFields: []
}
Conflict detected {
  conflictId: [32m'h0JCceBUjr5Os2LfkMfab'[39m,
  entityType: [32m'Account'[39m,
  entityId: [32m'acct-59'[39m,
  severity: [32m'low'[39m,
  conflictingFields: []
}
Conflict detected {
  conflictId: [32m'A9mDQ-8YyAXmGBMQrPvY5'[39m,
  entityType: [32m'Account'[39m,
  entityId: [32m'acct-60'[39m,
  severity: [32m'low'[39m,
  conflictingFields: []
}
Conflict detected {
  conflictId: [32m'4-hmV7ga0vMEGISxj3NXx'[39m,
  entityType: [32m'Account'[39m,
  entityId: [32m'acct-61'[39m,
  severity: [32m'low'[39m,
  conflictingFields: []
}
Conflict detected {
  conflictId: [32m'UB2xEVAV6oEuuc--UXDZj'[39m,
  entityType: [32m'Account'[39m,
  entityId: [32m'acct-62'[39m,
  severity: [32m'low'[39m,
  conflictingFields: []
}
Conflict detected {
  conflictId: [32m'SCGhoTrNPdNL--iU_By9S'[39m,
  entityType: [32m'Account'[39m,
  entityId: [32m'acct-63'[39m,
  severity: [32m'low'[39m,
  conflictingFields: []
}
Conflict detected {
  conflictId: [32m'XutXAkg-ihn1dcStYUtLJ'[39m,
  entityType: [32m'Account'[39m,
  entityId: [32m'acct-64'[39m,
  severity: [32m'low'[39m,
  conflictingFields: []
}
Conflict detected {
  conflictId: [32m'ae3lKh-Xn45K19u4Ra5nk'[39m,
  entityType: [32m'Account'[39m,
  entityId: [32m'acct-65'[39m,
  severity: [32m'low'[39m,
  conflictingFields: []
}
Conflict detected {
  conflictId: [32m'ethUFdz8c7QRPS-mUGG1K'[39m,
  entityType: [32m'Account'[39m,
  entityId: [32m'acct-66'[39m,
  severity: [32m'low'[39m,
  conflictingFields: []
}
Conflict detected {
  conflictId: [32m'ptgOggkDFwReKgzOlfXd8'[39m,
  entityType: [32m'Account'[39m,
  entityId: [32m'acct-67'[39m,
  severity: [32m'low'[39m,
  conflictingFields: []
}
Conflict detected {
  conflictId: [32m'j-CEdZ7X4iJXxi2MW7z_K'[39m,
  entityType: [32m'Account'[39m,
  entityId: [32m'acct-68'[39m,
  severity: [32m'low'[39m,
  conflictingFields: []
}
Conflict detected {
  conflictId: [32m'u-eFEqLcBCTeWQGR2CuOu'[39m,
  entityType: [32m'Account'[39m,
  entityId: [32m'acct-69'[39m,
  severity: [32m'low'[39m,
  conflictingFields: []
}
Conflict detected {
  conflictId: [32m'3I8WsElCy-eq-ibaq428e'[39m,
  entityType: [32m'Account'[39m,
  entityId: [32m'acct-70'[39m,
  severity: [32m'low'[39m,
  conflictingFields: []
}
Conflict detected {
  conflictId: [32m'ccEJIlwEDzJVdt_g2z_oe'[39m,
  entityType: [32m'Account'[39m,
  entityId: [32m'acct-71'[39m,
  severity: [32m'low'[39m,
  conflictingFields: []
}
Conflict detected {
  conflictId: [32m'Io2kL9U93E31a5iwb-GXF'[39m,
  entityType: [32m'Account'[39m,
  entityId: [32m'acct-72'[39m,
  severity: [32m'low'[39m,
  conflictingFields: []
}
Conflict detected {
  conflictId: [32m'5sxootCP1wcgJDDgyD3rG'[39m,
  entityType: [32m'Account'[39m,
  entityId: [32m'acct-73'[39m,
  severity: [32m'low'[39m,
  conflictingFields: []
}
Conflict detected {
  conflictId: [32m'Bvn2rH73TopEbbMb3YBRd'[39m,
  entityType: [32m'Account'[39m,
  entityId: [32m'acct-74'[39m,
  severity: [32m'low'[39m,
  conflictingFields: []
}
Conflict detected {
  conflictId: [32m'wFozRmVw4SpQV670Ki1wQ'[39m,
  entityType: [32m'Account'[39m,
  entityId: [32m'acct-75'[39m,
  severity: [32m'low'[39m,
  conflictingFields: []
}
Conflict detected {
  conflictId: [32m'HrziAf0x_Ob0BwTR-aAms'[39m,
  entityType: [32m'Account'[39m,
  entityId: [32m'acct-76'[39m,
  severity: [32m'low'[39m,
  conflictingFields: []
}
Conflict detected {
  conflictId: [32m'DPykXAyKVfCl5sSxTaWmf'[39m,
  entityType: [32m'Account'[39m,
  entityId: [32m'acct-77'[39m,
  severity: [32m'low'[39m,
  conflictingFields: []
}
Conflict detected {
  conflictId: [32m'fJkYv3sWsuIdUdHn2jWQu'[39m,
  entityType: [32m'Account'[39m,
  entityId: [32m'acct-78'[39m,
  severity: [32m'low'[39m,
  conflictingFields: []
}
Conflict detected {
  conflictId: [32m'VXZ3N4z-ByOQdTywiSr5t'[39m,
  entityType: [32m'Account'[39m,
  entityId: [32m'acct-79'[39m,
  severity: [32m'low'[39m,
  conflictingFields: []
}
Conflict detected {
  conflictId: [32m'dei-1nN_zyleU2O3yO7IT'[39m,
  entityType: [32m'Account'[39m,
  entityId: [32m'acct-80'[39m,
  severity: [32m'low'[39m,
  conflictingFields: []
}
Conflict detected {
  conflictId: [32m'keeykEQfIiL61wvbWvoG1'[39m,
  entityType: [32m'Account'[39m,
  entityId: [32m'acct-81'[39m,
  severity: [32m'low'[39m,
  conflictingFields: []
}
Conflict detected {
  conflictId: [32m'Gvt6O9v8FtbDNyJ7L1vWv'[39m,
  entityType: [32m'Account'[39m,
  entityId: [32m'acct-82'[39m,
  severity: [32m'low'[39m,
  conflictingFields: []
}
Conflict detected {
  conflictId: [32m'e7YCWoYN5eeAooc1sY9UD'[39m,
  entityType: [32m'Account'[39m,
  entityId: [32m'acct-83'[39m,
  severity: [32m'low'[39m,
  conflictingFields: []
}
Conflict detected {
  conflictId: [32m'uOkYATwIzKvY1vFR9RfQd'[39m,
  entityType: [32m'Account'[39m,
  entityId: [32m'acct-84'[39m,
  severity: [32m'low'[39m,
  conflictingFields: []
}
Conflict detected {
  conflictId: [32m'itAd3QzwvMOlqu4BsKMaK'[39m,
  entityType: [32m'Account'[39m,
  entityId: [32m'acct-85'[39m,
  severity: [32m'low'[39m,
  conflictingFields: []
}
Conflict detected {
  conflictId: [32m'ko8wBynS2_J0yQ62_NIjH'[39m,
  entityType: [32m'Account'[39m,
  entityId: [32m'acct-86'[39m,
  severity: [32m'low'[39m,
  conflictingFields: []
}
Conflict detected {
  conflictId: [32m'DK_ZZkJuy8H-stJgSNk3y'[39m,
  entityType: [32m'Account'[39m,
  entityId: [32m'acct-87'[39m,
  severity: [32m'low'[39m,
  conflictingFields: []
}
Conflict detected {
  conflictId: [32m'cti-uQL3rd_4VnOsfsmrY'[39m,
  entityType: [32m'Account'[39m,
  entityId: [32m'acct-88'[39m,
  severity: [32m'low'[39m,
  conflictingFields: []
}
Conflict detected {
  conflictId: [32m'N7nfbWAvrb0Z-2r61O5CW'[39m,
  entityType: [32m'Account'[39m,
  entityId: [32m'acct-89'[39m,
  severity: [32m'low'[39m,
  conflictingFields: []
}
Conflict detected {
  conflictId: [32m'AEYffvgzP_FdbVzMz1NiR'[39m,
  entityType: [32m'Account'[39m,
  entityId: [32m'acct-90'[39m,
  severity: [32m'low'[39m,
  conflictingFields: []
}
Conflict detected {
  conflictId: [32m'Ag6PmCde9Zy9Bhuo8UIeN'[39m,
  entityType: [32m'Account'[39m,
  entityId: [32m'acct-91'[39m,
  severity: [32m'low'[39m,
  conflictingFields: []
}
Conflict detected {
  conflictId: [32m'WZrOqPk9ELIvmMA7s0_4I'[39m,
  entityType: [32m'Account'[39m,
  entityId: [32m'acct-92'[39m,
  severity: [32m'low'[39m,
  conflictingFields: []
}
Conflict detected {
  conflictId: [32m'A441rS2wmXzbDW-RSkvRq'[39m,
  entityType: [32m'Account'[39m,
  entityId: [32m'acct-93'[39m,
  severity: [32m'low'[39m,
  conflictingFields: []
}
Conflict detected {
  conflictId: [32m'uliUAjpLef8OZPmTP05a0'[39m,
  entityType: [32m'Account'[39m,
  entityId: [32m'acct-94'[39m,
  severity: [32m'low'[39m,
  conflictingFields: []
}
Conflict detected {
  conflictId: [32m'9GGwy8XJtrQ4a_OEUTdlo'[39m,
  entityType: [32m'Account'[39m,
  entityId: [32m'acct-95'[39m,
  severity: [32m'low'[39m,
  conflictingFields: []
}
Conflict detected {
  conflictId: [32m'lNM0raJIosWW_uKrklhg2'[39m,
  entityType: [32m'Account'[39m,
  entityId: [32m'acct-96'[39m,
  severity: [32m'low'[39m,
  conflictingFields: []
}
Conflict detected {
  conflictId: [32m'4U97JVs23wdhmbj_OLdWd'[39m,
  entityType: [32m'Account'[39m,
  entityId: [32m'acct-97'[39m,
  severity: [32m'low'[39m,
  conflictingFields: []
}
Conflict detected {
  conflictId: [32m'MFsfUsbFYpG9EBwiAc66_'[39m,
  entityType: [32m'Account'[39m,
  entityId: [32m'acct-98'[39m,
  severity: [32m'low'[39m,
  conflictingFields: []
}
Conflict detected {
  conflictId: [32m'ksSj-taRblB1-qZyOGJEz'[39m,
  entityType: [32m'Account'[39m,
  entityId: [32m'acct-99'[39m,
  severity: [32m'low'[39m,
  conflictingFields: []
}
Conflict detected {
  conflictId: [32m'yRRIOQi188nz7Td3B_YoC'[39m,
  entityType: [32m'Account'[39m,
  entityId: [32m'acct-100'[39m,
  severity: [32m'low'[39m,
  conflictingFields: []
}
Conflict detected {
  conflictId: [32m'bv_GECpUfU77Dx7jVUQVR'[39m,
  entityType: [32m'Account'[39m,
  entityId: [32m'acct-101'[39m,
  severity: [32m'low'[39m,
  conflictingFields: []
}
Conflict detected {
  conflictId: [32m'nKJqFw-ifSd66TLqjK3Up'[39m,
  entityType: [32m'Account'[39m,
  entityId: [32m'acct-102'[39m,
  severity: [32m'low'[39m,
  conflictingFields: []
}
Conflict detected {
  conflictId: [32m'_35k4Rvmh3hA_ewrgpBYn'[39m,
  entityType: [32m'Account'[39m,
  entityId: [32m'acct-103'[39m,
  severity: [32m'low'[39m,
  conflictingFields: []
}
Conflict detected {
  conflictId: [32m'dkNfvyvf0EFVoaLjCYcBc'[39m,
  entityType: [32m'Account'[39m,
  entityId: [32m'acct-104'[39m,
  severity: [32m'low'[39m,
  conflictingFields: []
}
Conflict detected {
  conflictId: [32m'IlTUMJxQNWFtNaEQSvHvJ'[39m,
  entityType: [32m'Account'[39m,
  entityId: [32m'acct-105'[39m,
  severity: [32m'low'[39m,
  conflictingFields: []
}
Conflict detected {
  conflictId: [32m'_d0yPg1BAZ3JQEicfCW8m'[39m,
  entityType: [32m'Account'[39m,
  entityId: [32m'acct-106'[39m,
  severity: [32m'low'[39m,
  conflictingFields: []
}
Conflict detected {
  conflictId: [32m'nM8EJF-p2tLnBWbOy6qi3'[39m,
  entityType: [32m'Account'[39m,
  entityId: [32m'acct-107'[39m,
  severity: [32m'low'[39m,
  conflictingFields: []
}
Conflict detected {
  conflictId: [32m'fzbl506NCpwHly9NTF_l0'[39m,
  entityType: [32m'Account'[39m,
  entityId: [32m'acct-108'[39m,
  severity: [32m'low'[39m,
  conflictingFields: []
}
Conflict detected {
  conflictId: [32m'71DsQDz6BcW_TEM-EJk_O'[39m,
  entityType: [32m'Account'[39m,
  entityId: [32m'acct-109'[39m,
  severity: [32m'low'[39m,
  conflictingFields: []
}
Conflict detected {
  conflictId: [32m'CLQeg8xNIW87hfM2vVyKD'[39m,
  entityType: [32m'Account'[39m,
  entityId: [32m'acct-110'[39m,
  severity: [32m'low'[39m,
  conflictingFields: []
}
Conflict detected {
  conflictId: [32m'B9QAheEdX3757lrBwt7OP'[39m,
  entityType: [32m'Account'[39m,
  entityId: [32m'acct-111'[39m,
  severity: [32m'low'[39m,
  conflictingFields: []
}
Conflict detected {
  conflictId: [32m'aMVYMwCfY0eRH6At_v7tH'[39m,
  entityType: [32m'Account'[39m,
  entityId: [32m'acct-112'[39m,
  severity: [32m'low'[39m,
  conflictingFields: []
}
Conflict detected {
  conflictId: [32m'7pphG3YQZwFtxzwfxbwNO'[39m,
  entityType: [32m'Account'[39m,
  entityId: [32m'acct-113'[39m,
  severity: [32m'low'[39m,
  conflictingFields: []
}
Conflict detected {
  conflictId: [32m'MUEoyc4WKKYopFnw8OPdG'[39m,
  entityType: [32m'Account'[39m,
  entityId: [32m'acct-114'[39m,
  severity: [32m'low'[39m,
  conflictingFields: []
}
Conflict detected {
  conflictId: [32m'r11ICiqI_hZGH2ImA2F-U'[39m,
  entityType: [32m'Account'[39m,
  entityId: [32m'acct-115'[39m,
  severity: [32m'low'[39m,
  conflictingFields: []
}
Conflict detected {
  conflictId: [32m'p1riLzoT_AqvoaBCY35Zj'[39m,
  entityType: [32m'Account'[39m,
  entityId: [32m'acct-116'[39m,
  severity: [32m'low'[39m,
  conflictingFields: []
}
Conflict detected {
  conflictId: [32m'Exgzicozb_Pi8JKZn5m7X'[39m,
  entityType: [32m'Account'[39m,
  entityId: [32m'acct-117'[39m,
  severity: [32m'low'[39m,
  conflictingFields: []
}
Conflict detected {
  conflictId: [32m'7SCz-DL6YI1Yl6yZd4qie'[39m,
  entityType: [32m'Account'[39m,
  entityId: [32m'acct-118'[39m,
  severity: [32m'low'[39m,
  conflictingFields: []
}
Conflict detected {
  conflictId: [32m'BkmTTwMN58lbIg1XvtZns'[39m,
  entityType: [32m'Account'[39m,
  entityId: [32m'acct-119'[39m,
  severity: [32m'low'[39m,
  conflictingFields: []
}
Conflict detected {
  conflictId: [32m'SQ5aMZjLb3xbulzS489Ww'[39m,
  entityType: [32m'Account'[39m,
  entityId: [32m'acct-120'[39m,
  severity: [32m'low'[39m,
  conflictingFields: []
}
Conflict detected {
  conflictId: [32m'a3K5o4aMORX1J19Y8f9cH'[39m,
  entityType: [32m'Account'[39m,
  entityId: [32m'acct-121'[39m,
  severity: [32m'low'[39m,
  conflictingFields: []
}
Conflict detected {
  conflictId: [32m'ZkE2KXYok7KovLuIYhcwk'[39m,
  entityType: [32m'Account'[39m,
  entityId: [32m'acct-122'[39m,
  severity: [32m'low'[39m,
  conflictingFields: []
}
Conflict detected {
  conflictId: [32m'1Kro2kpNj8ToOjRbfbiJB'[39m,
  entityType: [32m'Account'[39m,
  entityId: [32m'acct-123'[39m,
  severity: [32m'low'[39m,
  conflictingFields: []
}
Conflict detected {
  conflictId: [32m'ur1lJxxhKksaxEO4zrN-Y'[39m,
  entityType: [32m'Account'[39m,
  entityId: [32m'acct-124'[39m,
  severity: [32m'low'[39m,
  conflictingFields: []
}
Conflict detected {
  conflictId: [32m'nEmzoezkVqJTn96T0HxeT'[39m,
  entityType: [32m'Account'[39m,
  entityId: [32m'acct-125'[39m,
  severity: [32m'low'[39m,
  conflictingFields: []
}
Conflict detected {
  conflictId: [32m'DUQ_AsNQXm1QHEvmQKGdN'[39m,
  entityType: [32m'Account'[39m,
  entityId: [32m'acct-126'[39m,
  severity: [32m'low'[39m,
  conflictingFields: []
}
Conflict detected {
  conflictId: [32m'i4YMfiUiwydkoeEACI65d'[39m,
  entityType: [32m'Account'[39m,
  entityId: [32m'acct-127'[39m,
  severity: [32m'low'[39m,
  conflictingFields: []
}
Conflict detected {
  conflictId: [32m'KHr13BxzpcCwBx7I-rvRO'[39m,
  entityType: [32m'Account'[39m,
  entityId: [32m'acct-128'[39m,
  severity: [32m'low'[39m,
  conflictingFields: []
}
Conflict detected {
  conflictId: [32m'CYy-5YavDYmFUCywHHAmP'[39m,
  entityType: [32m'Account'[39m,
  entityId: [32m'acct-129'[39m,
  severity: [32m'low'[39m,
  conflictingFields: []
}
Conflict detected {
  conflictId: [32m'tPD7FRmyRULOnSowLv7_j'[39m,
  entityType: [32m'Account'[39m,
  entityId: [32m'acct-130'[39m,
  severity: [32m'low'[39m,
  conflictingFields: []
}
Conflict detected {
  conflictId: [32m'HTFfMYrWDoN61Gcz2gjWI'[39m,
  entityType: [32m'Account'[39m,
  entityId: [32m'acct-131'[39m,
  severity: [32m'low'[39m,
  conflictingFields: []
}
Conflict detected {
  conflictId: [32m'QjF29tNW2jnReqJS7pcor'[39m,
  entityType: [32m'Account'[39m,
  entityId: [32m'acct-132'[39m,
  severity: [32m'low'[39m,
  conflictingFields: []
}
Conflict detected {
  conflictId: [32m'_0pata1i9QUZuufcLB20o'[39m,
  entityType: [32m'Account'[39m,
  entityId: [32m'acct-133'[39m,
  severity: [32m'low'[39m,
  conflictingFields: []
}
Conflict detected {
  conflictId: [32m'rNYw0V5Y9mkcPKssJtsvf'[39m,
  entityType: [32m'Account'[39m,
  entityId: [32m'acct-134'[39m,
  severity: [32m'low'[39m,
  conflictingFields: []
}
Conflict detected {
  conflictId: [32m'jNeulBpgQ2qh8H3xWIuhx'[39m,
  entityType: [32m'Account'[39m,
  entityId: [32m'acct-135'[39m,
  severity: [32m'low'[39m,
  conflictingFields: []
}
Conflict detected {
  conflictId: [32m'LoZ1G4naezQeWsYZH5eSH'[39m,
  entityType: [32m'Account'[39m,
  entityId: [32m'acct-136'[39m,
  severity: [32m'low'[39m,
  conflictingFields: []
}
Conflict detected {
  conflictId: [32m'IQKSosjF2Zqw-Grj9iVTF'[39m,
  entityType: [32m'Account'[39m,
  entityId: [32m'acct-137'[39m,
  severity: [32m'low'[39m,
  conflictingFields: []
}
Conflict detected {
  conflictId: [32m'Sn4_xAnU3d13jbEVKHjv9'[39m,
  entityType: [32m'Account'[39m,
  entityId: [32m'acct-138'[39m,
  severity: [32m'low'[39m,
  conflictingFields: []
}
Conflict detected {
  conflictId: [32m'n8JV-qUaRtV8isWO6QA1B'[39m,
  entityType: [32m'Account'[39m,
  entityId: [32m'acct-139'[39m,
  severity: [32m'low'[39m,
  conflictingFields: []
}
Conflict detected {
  conflictId: [32m'kj0PaNQE3cHVEFRest0Xl'[39m,
  entityType: [32m'Account'[39m,
  entityId: [32m'acct-140'[39m,
  severity: [32m'low'[39m,
  conflictingFields: []
}
Conflict detected {
  conflictId: [32m'RQzRT2OUr6oTeUjKwaze8'[39m,
  entityType: [32m'Account'[39m,
  entityId: [32m'acct-141'[39m,
  severity: [32m'low'[39m,
  conflictingFields: []
}
Conflict detected {
  conflictId: [32m'TNOyqesAa1mhN5yMYlJuf'[39m,
  entityType: [32m'Account'[39m,
  entityId: [32m'acct-142'[39m,
  severity: [32m'low'[39m,
  conflictingFields: []
}
Conflict detected {
  conflictId: [32m'UbkosotbZW3-h8YsU8G4W'[39m,
  entityType: [32m'Account'[39m,
  entityId: [32m'acct-143'[39m,
  severity: [32m'low'[39m,
  conflictingFields: []
}
Conflict detected {
  conflictId: [32m'dMce9RcWVmoXZ2y6q4bX4'[39m,
  entityType: [32m'Account'[39m,
  entityId: [32m'acct-144'[39m,
  severity: [32m'low'[39m,
  conflictingFields: []
}
Conflict detected {
  conflictId: [32m'OrEeIk68k5n00Eqi-ZzRh'[39m,
  entityType: [32m'Account'[39m,
  entityId: [32m'acct-145'[39m,
  severity: [32m'low'[39m,
  conflictingFields: []
}
Conflict detected {
  conflictId: [32m'7fSRyu1OD5Jfi-jKGH5I3'[39m,
  entityType: [32m'Account'[39m,
  entityId: [32m'acct-146'[39m,
  severity: [32m'low'[39m,
  conflictingFields: []
}
Conflict detected {
  conflictId: [32m'gwvRVFvPCO7Anes-kVW1Z'[39m,
  entityType: [32m'Account'[39m,
  entityId: [32m'acct-147'[39m,
  severity: [32m'low'[39m,
  conflictingFields: []
}
Conflict detected {
  conflictId: [32m'EzTnB3k9kqRN5XXlEGUoM'[39m,
  entityType: [32m'Account'[39m,
  entityId: [32m'acct-148'[39m,
  severity: [32m'low'[39m,
  conflictingFields: []
}
Conflict detected {
  conflictId: [32m'8hoJXjdVkfB0pvTOh6zUn'[39m,
  entityType: [32m'Account'[39m,
  entityId: [32m'acct-149'[39m,
  severity: [32m'low'[39m,
  conflictingFields: []
}
Conflict detected {
  conflictId: [32m'z8qDradZz_OQXCnuIvS8p'[39m,
  entityType: [32m'Account'[39m,
  entityId: [32m'acct-150'[39m,
  severity: [32m'low'[39m,
  conflictingFields: []
}
Conflict detected {
  conflictId: [32m'TVKChZBFflZigghYhMod0'[39m,
  entityType: [32m'Account'[39m,
  entityId: [32m'acct-151'[39m,
  severity: [32m'low'[39m,
  conflictingFields: []
}
Conflict detected {
  conflictId: [32m'IDF7uLhcop2vqtUdnZ0vy'[39m,
  entityType: [32m'Account'[39m,
  entityId: [32m'acct-152'[39m,
  severity: [32m'low'[39m,
  conflictingFields: []
}
Conflict detected {
  conflictId: [32m'Qcq7GynneLdGlUFowScQP'[39m,
  entityType: [32m'Account'[39m,
  entityId: [32m'acct-153'[39m,
  severity: [32m'low'[39m,
  conflictingFields: []
}
Conflict detected {
  conflictId: [32m'v5neau4TjUqzoQ6pJ-DtT'[39m,
  entityType: [32m'Account'[39m,
  entityId: [32m'acct-154'[39m,
  severity: [32m'low'[39m,
  conflictingFields: []
}
Conflict detected {
  conflictId: [32m'9tYLdGshzEYCmDwImNfS6'[39m,
  entityType: [32m'Account'[39m,
  entityId: [32m'acct-155'[39m,
  severity: [32m'low'[39m,
  conflictingFields: []
}
Conflict detected {
  conflictId: [32m'j42hahwZ5S9RdNEPSI7Ua'[39m,
  entityType: [32m'Account'[39m,
  entityId: [32m'acct-156'[39m,
  severity: [32m'low'[39m,
  conflictingFields: []
}
Conflict detected {
  conflictId: [32m'AC21i6g0A4g9C2d70WV8d'[39m,
  entityType: [32m'Account'[39m,
  entityId: [32m'acct-157'[39m,
  severity: [32m'low'[39m,
  conflictingFields: []
}
Conflict detected {
  conflictId: [32m'AkMdKoaa6Ha6w0LJvXcwC'[39m,
  entityType: [32m'Account'[39m,
  entityId: [32m'acct-158'[39m,
  severity: [32m'low'[39m,
  conflictingFields: []
}
Conflict detected {
  conflictId: [32m'oTqNRCFPhDcIiZyO-6pPr'[39m,
  entityType: [32m'Account'[39m,
  entityId: [32m'acct-159'[39m,
  severity: [32m'low'[39m,
  conflictingFields: []
}
Conflict detected {
  conflictId: [32m'AiZ_Yez_Yplm025SW3Loy'[39m,
  entityType: [32m'Account'[39m,
  entityId: [32m'acct-160'[39m,
  severity: [32m'low'[39m,
  conflictingFields: []
}
Conflict detected {
  conflictId: [32m'AZnVfifAsbABsG3D-R9FK'[39m,
  entityType: [32m'Account'[39m,
  entityId: [32m'acct-161'[39m,
  severity: [32m'low'[39m,
  conflictingFields: []
}
Conflict detected {
  conflictId: [32m'wsNcYeRy_mu0ahN6lPquB'[39m,
  entityType: [32m'Account'[39m,
  entityId: [32m'acct-162'[39m,
  severity: [32m'low'[39m,
  conflictingFields: []
}
Conflict detected {
  conflictId: [32m'jCFGuxVEwRLXlksNZJHV7'[39m,
  entityType: [32m'Account'[39m,
  entityId: [32m'acct-163'[39m,
  severity: [32m'low'[39m,
  conflictingFields: []
}
Conflict detected {
  conflictId: [32m'KuYMBTPhfREz1ySZz6lOo'[39m,
  entityType: [32m'Account'[39m,
  entityId: [32m'acct-164'[39m,
  severity: [32m'low'[39m,
  conflictingFields: []
}
Conflict detected {
  conflictId: [32m'I0nyrNmaOA-Qzk6WLa_Bo'[39m,
  entityType: [32m'Account'[39m,
  entityId: [32m'acct-165'[39m,
  severity: [32m'low'[39m,
  conflictingFields: []
}
Conflict detected {
  conflictId: [32m'Ws5nTWLBYaJyTI9aYgVXJ'[39m,
  entityType: [32m'Account'[39m,
  entityId: [32m'acct-166'[39m,
  severity: [32m'low'[39m,
  conflictingFields: []
}
Conflict detected {
  conflictId: [32m'W-fhjf_HFw8rsCSGQ590S'[39m,
  entityType: [32m'Account'[39m,
  entityId: [32m'acct-167'[39m,
  severity: [32m'low'[39m,
  conflictingFields: []
}
Conflict detected {
  conflictId: [32m'BkUZG8Tt_tZUw0uzoThex'[39m,
  entityType: [32m'Account'[39m,
  entityId: [32m'acct-168'[39m,
  severity: [32m'low'[39m,
  conflictingFields: []
}
Conflict detected {
  conflictId: [32m'gOEmaMOdxGMtPLS_QXm-y'[39m,
  entityType: [32m'Account'[39m,
  entityId: [32m'acct-169'[39m,
  severity: [32m'low'[39m,
  conflictingFields: []
}
Conflict detected {
  conflictId: [32m'HdOQ8s1i6jr7cWyWXHUKI'[39m,
  entityType: [32m'Account'[39m,
  entityId: [32m'acct-170'[39m,
  severity: [32m'low'[39m,
  conflictingFields: []
}
Conflict detected {
  conflictId: [32m'P5ohT0ZNxAmOAv2WIzKKR'[39m,
  entityType: [32m'Account'[39m,
  entityId: [32m'acct-171'[39m,
  severity: [32m'low'[39m,
  conflictingFields: []
}
Conflict detected {
  conflictId: [32m'ZTfBEQN5yTO6fWbucpjBj'[39m,
  entityType: [32m'Account'[39m,
  entityId: [32m'acct-172'[39m,
  severity: [32m'low'[39m,
  conflictingFields: []
}
Conflict detected {
  conflictId: [32m'G-JCS2-MtvTCXybLosbp2'[39m,
  entityType: [32m'Account'[39m,
  entityId: [32m'acct-173'[39m,
  severity: [32m'low'[39m,
  conflictingFields: []
}
Conflict detected {
  conflictId: [32m'f3dMf5GIr_o8DEdB1RzzG'[39m,
  entityType: [32m'Account'[39m,
  entityId: [32m'acct-174'[39m,
  severity: [32m'low'[39m,
  conflictingFields: []
}
Conflict detected {
  conflictId: [32m'YZ_POjsm4sXsbwwUeGzZf'[39m,
  entityType: [32m'Account'[39m,
  entityId: [32m'acct-175'[39m,
  severity: [32m'low'[39m,
  conflictingFields: []
}
Conflict detected {
  conflictId: [32m'WLHd3xmZrFJqfA9SXm2SK'[39m,
  entityType: [32m'Account'[39m,
  entityId: [32m'acct-176'[39m,
  severity: [32m'low'[39m,
  conflictingFields: []
}
Conflict detected {
  conflictId: [32m'vb5f-BZjZP6ISI7QX3Kro'[39m,
  entityType: [32m'Account'[39m,
  entityId: [32m'acct-177'[39m,
  severity: [32m'low'[39m,
  conflictingFields: []
}
Conflict detected {
  conflictId: [32m'0KGCi7DzflyAVE0tjvEmA'[39m,
  entityType: [32m'Account'[39m,
  entityId: [32m'acct-178'[39m,
  severity: [32m'low'[39m,
  conflictingFields: []
}
Conflict detected {
  conflictId: [32m'89FEoU2D5CHu_ZA_AadQo'[39m,
  entityType: [32m'Account'[39m,
  entityId: [32m'acct-179'[39m,
  severity: [32m'low'[39m,
  conflictingFields: []
}
Conflict detected {
  conflictId: [32m'jp_xgYLd_fLAeADXqOm_E'[39m,
  entityType: [32m'Account'[39m,
  entityId: [32m'acct-180'[39m,
  severity: [32m'low'[39m,
  conflictingFields: []
}
Conflict detected {
  conflictId: [32m'GBSxiLY9d6yA9O0iAnPdN'[39m,
  entityType: [32m'Account'[39m,
  entityId: [32m'acct-181'[39m,
  severity: [32m'low'[39m,
  conflictingFields: []
}
Conflict detected {
  conflictId: [32m'L5QC-774MKldz0r_DmDR0'[39m,
  entityType: [32m'Account'[39m,
  entityId: [32m'acct-182'[39m,
  severity: [32m'low'[39m,
  conflictingFields: []
}
Conflict detected {
  conflictId: [32m'kU9-4xyerZTFI6h3e1FUG'[39m,
  entityType: [32m'Account'[39m,
  entityId: [32m'acct-183'[39m,
  severity: [32m'low'[39m,
  conflictingFields: []
}
Conflict detected {
  conflictId: [32m'00tUQWvWdJPRV-zBzN953'[39m,
  entityType: [32m'Account'[39m,
  entityId: [32m'acct-184'[39m,
  severity: [32m'low'[39m,
  conflictingFields: []
}
Conflict detected {
  conflictId: [32m'1unED68OG4inRWSpgE662'[39m,
  entityType: [32m'Account'[39m,
  entityId: [32m'acct-185'[39m,
  severity: [32m'low'[39m,
  conflictingFields: []
}
Conflict detected {
  conflictId: [32m'E1dxDHvf5G4d5cBAgkQJC'[39m,
  entityType: [32m'Account'[39m,
  entityId: [32m'acct-186'[39m,
  severity: [32m'low'[39m,
  conflictingFields: []
}
Conflict detected {
  conflictId: [32m'-h9cRXZOY3KrbmO7NxLPD'[39m,
  entityType: [32m'Account'[39m,
  entityId: [32m'acct-187'[39m,
  severity: [32m'low'[39m,
  conflictingFields: []
}
Conflict detected {
  conflictId: [32m'KsYM95E6wra_4lULN8dOA'[39m,
  entityType: [32m'Account'[39m,
  entityId: [32m'acct-188'[39m,
  severity: [32m'low'[39m,
  conflictingFields: []
}
Conflict detected {
  conflictId: [32m'6bPF6iCnj4J0IFk1owIsa'[39m,
  entityType: [32m'Account'[39m,
  entityId: [32m'acct-189'[39m,
  severity: [32m'low'[39m,
  conflictingFields: []
}
Conflict detected {
  conflictId: [32m'4zAymUK5HL9hzXrcFa9J8'[39m,
  entityType: [32m'Account'[39m,
  entityId: [32m'acct-190'[39m,
  severity: [32m'low'[39m,
  conflictingFields: []
}
Conflict detected {
  conflictId: [32m'LY6nDBd0OycelVf60AIC3'[39m,
  entityType: [32m'Account'[39m,
  entityId: [32m'acct-191'[39m,
  severity: [32m'low'[39m,
  conflictingFields: []
}
Conflict detected {
  conflictId: [32m'4H2TYyLlA8cp3DZCN-UOI'[39m,
  entityType: [32m'Account'[39m,
  entityId: [32m'acct-192'[39m,
  severity: [32m'low'[39m,
  conflictingFields: []
}
Conflict detected {
  conflictId: [32m'D2rgr61Qoe1vFdlIMgskr'[39m,
  entityType: [32m'Account'[39m,
  entityId: [32m'acct-193'[39m,
  severity: [32m'low'[39m,
  conflictingFields: []
}
Conflict detected {
  conflictId: [32m'RSoILvPLkTHW597ph7z4F'[39m,
  entityType: [32m'Account'[39m,
  entityId: [32m'acct-194'[39m,
  severity: [32m'low'[39m,
  conflictingFields: []
}
Conflict detected {
  conflictId: [32m'-UmOr9tiUM-Yvq1sJiKmB'[39m,
  entityType: [32m'Account'[39m,
  entityId: [32m'acct-195'[39m,
  severity: [32m'low'[39m,
  conflictingFields: []
}
Conflict detected {
  conflictId: [32m'y10AFkUR_QMr_yrEHtHXO'[39m,
  entityType: [32m'Account'[39m,
  entityId: [32m'acct-196'[39m,
  severity: [32m'low'[39m,
  conflictingFields: []
}
Conflict detected {
  conflictId: [32m'LQZoaIgO4UZfVkoEZfpBd'[39m,
  entityType: [32m'Account'[39m,
  entityId: [32m'acct-197'[39m,
  severity: [32m'low'[39m,
  conflictingFields: []
}
Conflict detected {
  conflictId: [32m'zw4MXCowKeLkIJjToO402'[39m,
  entityType: [32m'Account'[39m,
  entityId: [32m'acct-198'[39m,
  severity: [32m'low'[39m,
  conflictingFields: []
}
Conflict detected {
  conflictId: [32m'alQMIa1geZ-ErwTSHiI6u'[39m,
  entityType: [32m'Account'[39m,
  entityId: [32m'acct-199'[39m,
  severity: [32m'low'[39m,
  conflictingFields: []
}
Conflict detected {
  conflictId: [32m'jgLT_keB1hSP9iWyMeRUc'[39m,
  entityType: [32m'Account'[39m,
  entityId: [32m'acct-200'[39m,
  severity: [32m'low'[39m,
  conflictingFields: []
}
Conflict detected {
  conflictId: [32m'Dk0YntziNaJU5RiUsEFgv'[39m,
  entityType: [32m'Account'[39m,
  entityId: [32m'acct-201'[39m,
  severity: [32m'low'[39m,
  conflictingFields: []
}
Conflict detected {
  conflictId: [32m'zUHrne0xxwcRceLkMyjLN'[39m,
  entityType: [32m'Account'[39m,
  entityId: [32m'acct-202'[39m,
  severity: [32m'low'[39m,
  conflictingFields: []
}
Conflict detected {
  conflictId: [32m'7MggBAj3jPTnq0IzOc3p0'[39m,
  entityType: [32m'Account'[39m,
  entityId: [32m'acct-203'[39m,
  severity: [32m'low'[39m,
  conflictingFields: []
}
Conflict detected {
  conflictId: [32m'JA1CE8xk8Jp38WIiujOPU'[39m,
  entityType: [32m'Account'[39m,
  entityId: [32m'acct-204'[39m,
  severity: [32m'low'[39m,
  conflictingFields: []
}
Conflict detected {
  conflictId: [32m'VCE4JKHoGS_kAnyAI8f8W'[39m,
  entityType: [32m'Account'[39m,
  entityId: [32m'acct-205'[39m,
  severity: [32m'low'[39m,
  conflictingFields: []
}
Conflict detected {
  conflictId: [32m'm4vYON0wsxioANR6kT8Fr'[39m,
  entityType: [32m'Account'[39m,
  entityId: [32m'acct-206'[39m,
  severity: [32m'low'[39m,
  conflictingFields: []
}
Conflict detected {
  conflictId: [32m'U-MMJWc8njtSaPvRurnMD'[39m,
  entityType: [32m'Account'[39m,
  entityId: [32m'acct-207'[39m,
  severity: [32m'low'[39m,
  conflictingFields: []
}
Conflict detected {
  conflictId: [32m'g02wMWSwaILSKCOQ-7Afk'[39m,
  entityType: [32m'Account'[39m,
  entityId: [32m'acct-208'[39m,
  severity: [32m'low'[39m,
  conflictingFields: []
}
Conflict detected {
  conflictId: [32m'K4m_-P0nOcnJEolCy33Fy'[39m,
  entityType: [32m'Account'[39m,
  entityId: [32m'acct-209'[39m,
  severity: [32m'low'[39m,
  conflictingFields: []
}
Conflict detected {
  conflictId: [32m'viWWfJOht-X0Y1JshDweO'[39m,
  entityType: [32m'Account'[39m,
  entityId: [32m'acct-210'[39m,
  severity: [32m'low'[39m,
  conflictingFields: []
}
Conflict detected {
  conflictId: [32m'ElDEGuVGLz8is0mIvqoJZ'[39m,
  entityType: [32m'Account'[39m,
  entityId: [32m'acct-211'[39m,
  severity: [32m'low'[39m,
  conflictingFields: []
}
Conflict detected {
  conflictId: [32m'JOvHk7INCYjBKGKEYjjZH'[39m,
  entityType: [32m'Account'[39m,
  entityId: [32m'acct-212'[39m,
  severity: [32m'low'[39m,
  conflictingFields: []
}
Conflict detected {
  conflictId: [32m'chwkNLGSmlmVZFL3LcZL9'[39m,
  entityType: [32m'Account'[39m,
  entityId: [32m'acct-213'[39m,
  severity: [32m'low'[39m,
  conflictingFields: []
}
Conflict detected {
  conflictId: [32m'mnLSy4hJcDzKYlqC-tIEf'[39m,
  entityType: [32m'Account'[39m,
  entityId: [32m'acct-214'[39m,
  severity: [32m'low'[39m,
  conflictingFields: []
}
Conflict detected {
  conflictId: [32m'6jVqDemp0nx8FvsSBCCJJ'[39m,
  entityType: [32m'Account'[39m,
  entityId: [32m'acct-215'[39m,
  severity: [32m'low'[39m,
  conflictingFields: []
}
Conflict detected {
  conflictId: [32m'BJcZcQhPfybtQnFWl0B9x'[39m,
  entityType: [32m'Account'[39m,
  entityId: [32m'acct-216'[39m,
  severity: [32m'low'[39m,
  conflictingFields: []
}
Conflict detected {
  conflictId: [32m'AhmB1ambo0tJnoz3emb6X'[39m,
  entityType: [32m'Account'[39m,
  entityId: [32m'acct-217'[39m,
  severity: [32m'low'[39m,
  conflictingFields: []
}
Conflict detected {
  conflictId: [32m'OgwM0cQOsN0F8wUbusUc0'[39m,
  entityType: [32m'Account'[39m,
  entityId: [32m'acct-218'[39m,
  severity: [32m'low'[39m,
  conflictingFields: []
}
Conflict detected {
  conflictId: [32m'yxSKpozhncoK4Q89nEoty'[39m,
  entityType: [32m'Account'[39m,
  entityId: [32m'acct-219'[39m,
  severity: [32m'low'[39m,
  conflictingFields: []
}
Conflict detected {
  conflictId: [32m'Yq-60iCzW_9ThSQsjVJ_Z'[39m,
  entityType: [32m'Account'[39m,
  entityId: [32m'acct-220'[39m,
  severity: [32m'low'[39m,
  conflictingFields: []
}
Conflict detected {
  conflictId: [32m'Ezldr1lYqMMcvMWtOkkg1'[39m,
  entityType: [32m'Account'[39m,
  entityId: [32m'acct-221'[39m,
  severity: [32m'low'[39m,
  conflictingFields: []
}
Conflict detected {
  conflictId: [32m'saDOA650xt5L9zcJ1WtaX'[39m,
  entityType: [32m'Account'[39m,
  entityId: [32m'acct-222'[39m,
  severity: [32m'low'[39m,
  conflictingFields: []
}
Conflict detected {
  conflictId: [32m'e2mkBSX049eNLDTYx8RdR'[39m,
  entityType: [32m'Account'[39m,
  entityId: [32m'acct-223'[39m,
  severity: [32m'low'[39m,
  conflictingFields: []
}
Conflict detected {
  conflictId: [32m'mDxjsbkdJDww0rDDogirI'[39m,
  entityType: [32m'Account'[39m,
  entityId: [32m'acct-224'[39m,
  severity: [32m'low'[39m,
  conflictingFields: []
}
Conflict detected {
  conflictId: [32m'099bRKgYUbyn9ze2Itqo6'[39m,
  entityType: [32m'Account'[39m,
  entityId: [32m'acct-225'[39m,
  severity: [32m'low'[39m,
  conflictingFields: []
}
Conflict detected {
  conflictId: [32m'B8MhvtyrYUADaEPFmdPqW'[39m,
  entityType: [32m'Account'[39m,
  entityId: [32m'acct-226'[39m,
  severity: [32m'low'[39m,
  conflictingFields: []
}
Conflict detected {
  conflictId: [32m'BquOhEaMQ06PTr3iG5_q2'[39m,
  entityType: [32m'Account'[39m,
  entityId: [32m'acct-227'[39m,
  severity: [32m'low'[39m,
  conflictingFields: []
}
Conflict detected {
  conflictId: [32m'UhBycCsp4hV_ZL09FcaRt'[39m,
  entityType: [32m'Account'[39m,
  entityId: [32m'acct-228'[39m,
  severity: [32m'low'[39m,
  conflictingFields: []
}
Conflict detected {
  conflictId: [32m'sVCro_9DJ3KcT4lusSlr3'[39m,
  entityType: [32m'Account'[39m,
  entityId: [32m'acct-229'[39m,
  severity: [32m'low'[39m,
  conflictingFields: []
}
Conflict detected {
  conflictId: [32m'ZExfp-1nzD1KWURalobLX'[39m,
  entityType: [32m'Account'[39m,
  entityId: [32m'acct-230'[39m,
  severity: [32m'low'[39m,
  conflictingFields: []
}
Conflict detected {
  conflictId: [32m'50iU0kocMJjqQj0f3KRuC'[39m,
  entityType: [32m'Account'[39m,
  entityId: [32m'acct-231'[39m,
  severity: [32m'low'[39m,
  conflictingFields: []
}
Conflict detected {
  conflictId: [32m'nge9rYsmAeWtWV-vSiDF8'[39m,
  entityType: [32m'Account'[39m,
  entityId: [32m'acct-232'[39m,
  severity: [32m'low'[39m,
  conflictingFields: []
}
Conflict detected {
  conflictId: [32m'iyetfok3OKtWYAATVKZUM'[39m,
  entityType: [32m'Account'[39m,
  entityId: [32m'acct-233'[39m,
  severity: [32m'low'[39m,
  conflictingFields: []
}
Conflict detected {
  conflictId: [32m'o7KJd6WGISAeoMCxJk-z9'[39m,
  entityType: [32m'Account'[39m,
  entityId: [32m'acct-234'[39m,
  severity: [32m'low'[39m,
  conflictingFields: []
}
Conflict detected {
  conflictId: [32m'VstD9L90Dh-tnWo9eQIOP'[39m,
  entityType: [32m'Account'[39m,
  entityId: [32m'acct-235'[39m,
  severity: [32m'low'[39m,
  conflictingFields: []
}
Conflict detected {
  conflictId: [32m'mHrBQjjvIHGN0o8vXJWsS'[39m,
  entityType: [32m'Account'[39m,
  entityId: [32m'acct-236'[39m,
  severity: [32m'low'[39m,
  conflictingFields: []
}
Conflict detected {
  conflictId: [32m'3gSbkU-VNkC5pyVwebba0'[39m,
  entityType: [32m'Account'[39m,
  entityId: [32m'acct-237'[39m,
  severity: [32m'low'[39m,
  conflictingFields: []
}
Conflict detected {
  conflictId: [32m'8_12t9uGm0YIh6wJeeRRA'[39m,
  entityType: [32m'Account'[39m,
  entityId: [32m'acct-238'[39m,
  severity: [32m'low'[39m,
  conflictingFields: []
}
Conflict detected {
  conflictId: [32m'CFLxB0A9UtIEakRJxCEUi'[39m,
  entityType: [32m'Account'[39m,
  entityId: [32m'acct-239'[39m,
  severity: [32m'low'[39m,
  conflictingFields: []
}
Conflict detected {
  conflictId: [32m'7qa1tWHtA7lN8cjMgnDSD'[39m,
  entityType: [32m'Account'[39m,
  entityId: [32m'acct-240'[39m,
  severity: [32m'low'[39m,
  conflictingFields: []
}
Conflict detected {
  conflictId: [32m'OdV8mowqFitvGiO10xEgU'[39m,
  entityType: [32m'Account'[39m,
  entityId: [32m'acct-241'[39m,
  severity: [32m'low'[39m,
  conflictingFields: []
}
Conflict detected {
  conflictId: [32m'tDvyPJjpWAJGiXIDG4jqE'[39m,
  entityType: [32m'Account'[39m,
  entityId: [32m'acct-242'[39m,
  severity: [32m'low'[39m,
  conflictingFields: []
}
Conflict detected {
  conflictId: [32m'8YYwYoWYcboi8CZiuSas7'[39m,
  entityType: [32m'Account'[39m,
  entityId: [32m'acct-243'[39m,
  severity: [32m'low'[39m,
  conflictingFields: []
}
Conflict detected {
  conflictId: [32m'hPIjZLRObwcFk0T3w9W6z'[39m,
  entityType: [32m'Account'[39m,
  entityId: [32m'acct-244'[39m,
  severity: [32m'low'[39m,
  conflictingFields: []
}
Conflict detected {
  conflictId: [32m'dvBCUR-xRFASh_L6RpZH-'[39m,
  entityType: [32m'Account'[39m,
  entityId: [32m'acct-245'[39m,
  severity: [32m'low'[39m,
  conflictingFields: []
}
Conflict detected {
  conflictId: [32m'ahzWeD1qxHd1tEtprDKUC'[39m,
  entityType: [32m'Account'[39m,
  entityId: [32m'acct-246'[39m,
  severity: [32m'low'[39m,
  conflictingFields: []
}
Conflict detected {
  conflictId: [32m'qbKknaj6lDadH89aCWE6N'[39m,
  entityType: [32m'Account'[39m,
  entityId: [32m'acct-247'[39m,
  severity: [32m'low'[39m,
  conflictingFields: []
}
Conflict detected {
  conflictId: [32m'UIq_v3A7KXXtkIfCTL8yB'[39m,
  entityType: [32m'Account'[39m,
  entityId: [32m'acct-248'[39m,
  severity: [32m'low'[39m,
  conflictingFields: []
}
Conflict detected {
  conflictId: [32m'QQtXz2cA3xizWYdqLWLyG'[39m,
  entityType: [32m'Account'[39m,
  entityId: [32m'acct-249'[39m,
  severity: [32m'low'[39m,
  conflictingFields: []
}
Conflict detected {
  conflictId: [32m'NgXPUKLL18HNW4DW8pbXh'[39m,
  entityType: [32m'Account'[39m,
  entityId: [32m'acct-250'[39m,
  severity: [32m'low'[39m,
  conflictingFields: []
}
Conflict detected {
  conflictId: [32m'dM-H69PpqBoGbSDhTYcAj'[39m,
  entityType: [32m'Account'[39m,
  entityId: [32m'acct-251'[39m,
  severity: [32m'low'[39m,
  conflictingFields: []
}
Conflict detected {
  conflictId: [32m'5VzwyAy1vSBwiOa-J_xxS'[39m,
  entityType: [32m'Account'[39m,
  entityId: [32m'acct-252'[39m,
  severity: [32m'low'[39m,
  conflictingFields: []
}
Conflict detected {
  conflictId: [32m'HwFXM9NFE8LP49jFPwXmc'[39m,
  entityType: [32m'Account'[39m,
  entityId: [32m'acct-253'[39m,
  severity: [32m'low'[39m,
  conflictingFields: []
}
Conflict detected {
  conflictId: [32m'isCuutMqKXtCSmAeucXKs'[39m,
  entityType: [32m'Account'[39m,
  entityId: [32m'acct-254'[39m,
  severity: [32m'low'[39m,
  conflictingFields: []
}
Conflict detected {
  conflictId: [32m'mWH25ZBXwsbMk0jUEJ-I8'[39m,
  entityType: [32m'Account'[39m,
  entityId: [32m'acct-255'[39m,
  severity: [32m'low'[39m,
  conflictingFields: []
}
Conflict detected {
  conflictId: [32m'DuQCS_muootGDVAPoIBvR'[39m,
  entityType: [32m'Account'[39m,
  entityId: [32m'acct-256'[39m,
  severity: [32m'low'[39m,
  conflictingFields: []
}
Conflict detected {
  conflictId: [32m'TrYVwdU5xpNFt2TFAe6yM'[39m,
  entityType: [32m'Account'[39m,
  entityId: [32m'acct-257'[39m,
  severity: [32m'low'[39m,
  conflictingFields: []
}
Conflict detected {
  conflictId: [32m'n-jwa86dOYVmMvXbNRunQ'[39m,
  entityType: [32m'Account'[39m,
  entityId: [32m'acct-258'[39m,
  severity: [32m'low'[39m,
  conflictingFields: []
}
Conflict detected {
  conflictId: [32m'lIbks9VOpHl-SNkkVg2nj'[39m,
  entityType: [32m'Account'[39m,
  entityId: [32m'acct-259'[39m,
  severity: [32m'low'[39m,
  conflictingFields: []
}
Conflict detected {
  conflictId: [32m'ZZkhbj6g3u0CFpYnlVQL2'[39m,
  entityType: [32m'Account'[39m,
  entityId: [32m'acct-260'[39m,
  severity: [32m'low'[39m,
  conflictingFields: []
}
Conflict detected {
  conflictId: [32m'GuZAU1ihW9us6RC4NZNVV'[39m,
  entityType: [32m'Account'[39m,
  entityId: [32m'acct-261'[39m,
  severity: [32m'low'[39m,
  conflictingFields: []
}
Conflict detected {
  conflictId: [32m'oh5N7frNEOihPkga-Vpo2'[39m,
  entityType: [32m'Account'[39m,
  entityId: [32m'acct-262'[39m,
  severity: [32m'low'[39m,
  conflictingFields: []
}
Conflict detected {
  conflictId: [32m'3W7-n_4thUkeZRPnRnR3i'[39m,
  entityType: [32m'Account'[39m,
  entityId: [32m'acct-263'[39m,
  severity: [32m'low'[39m,
  conflictingFields: []
}
Conflict detected {
  conflictId: [32m'W4xUpo-7-qVkzeWipean3'[39m,
  entityType: [32m'Account'[39m,
  entityId: [32m'acct-264'[39m,
  severity: [32m'low'[39m,
  conflictingFields: []
}
Conflict detected {
  conflictId: [32m'tKcSrSLTT2R0Auqzk8DSV'[39m,
  entityType: [32m'Account'[39m,
  entityId: [32m'acct-265'[39m,
  severity: [32m'low'[39m,
  conflictingFields: []
}
Conflict detected {
  conflictId: [32m'99qjc7tu1VfrI3J9zcpxG'[39m,
  entityType: [32m'Account'[39m,
  entityId: [32m'acct-266'[39m,
  severity: [32m'low'[39m,
  conflictingFields: []
}
Conflict detected {
  conflictId: [32m'A1Cf27NRrPdp1nF09j10h'[39m,
  entityType: [32m'Account'[39m,
  entityId: [32m'acct-267'[39m,
  severity: [32m'low'[39m,
  conflictingFields: []
}
Conflict detected {
  conflictId: [32m'BuxB5vBMwtht-d8sgLPNl'[39m,
  entityType: [32m'Account'[39m,
  entityId: [32m'acct-268'[39m,
  severity: [32m'low'[39m,
  conflictingFields: []
}
Conflict detected {
  conflictId: [32m'Pgh1A3SJa_sId4Gpbv4HG'[39m,
  entityType: [32m'Account'[39m,
  entityId: [32m'acct-269'[39m,
  severity: [32m'low'[39m,
  conflictingFields: []
}
Conflict detected {
  conflictId: [32m'QPcQC95Q_sPPZSg3jjecT'[39m,
  entityType: [32m'Account'[39m,
  entityId: [32m'acct-270'[39m,
  severity: [32m'low'[39m,
  conflictingFields: []
}
Conflict detected {
  conflictId: [32m'GPLmZnb_3Y0cgUX2Wli7_'[39m,
  entityType: [32m'Account'[39m,
  entityId: [32m'acct-271'[39m,
  severity: [32m'low'[39m,
  conflictingFields: []
}
Conflict detected {
  conflictId: [32m'2vWTHsdrpmUE9qWxGGCIA'[39m,
  entityType: [32m'Account'[39m,
  entityId: [32m'acct-272'[39m,
  severity: [32m'low'[39m,
  conflictingFields: []
}
Conflict detected {
  conflictId: [32m'11Oba_2AsCz2dFRcViA6_'[39m,
  entityType: [32m'Account'[39m,
  entityId: [32m'acct-273'[39m,
  severity: [32m'low'[39m,
  conflictingFields: []
}
Conflict detected {
  conflictId: [32m'AqjtbJ1cV7S2X1e_31Ex2'[39m,
  entityType: [32m'Account'[39m,
  entityId: [32m'acct-274'[39m,
  severity: [32m'low'[39m,
  conflictingFields: []
}
Conflict detected {
  conflictId: [32m'TR7TFvw2wHRP8f8BTghqi'[39m,
  entityType: [32m'Account'[39m,
  entityId: [32m'acct-275'[39m,
  severity: [32m'low'[39m,
  conflictingFields: []
}
Conflict detected {
  conflictId: [32m'YdrJlf6XDICi4LjFuuzKQ'[39m,
  entityType: [32m'Account'[39m,
  entityId: [32m'acct-276'[39m,
  severity: [32m'low'[39m,
  conflictingFields: []
}
Conflict detected {
  conflictId: [32m'JvcFAzs1PvyNoA6CgGM0d'[39m,
  entityType: [32m'Account'[39m,
  entityId: [32m'acct-277'[39m,
  severity: [32m'low'[39m,
  conflictingFields: []
}
Conflict detected {
  conflictId: [32m'eDAQ_vPjAaTHn3p11IxRv'[39m,
  entityType: [32m'Account'[39m,
  entityId: [32m'acct-278'[39m,
  severity: [32m'low'[39m,
  conflictingFields: []
}
Conflict detected {
  conflictId: [32m'dU7HWyDtUrOhwx-_NcJb3'[39m,
  entityType: [32m'Account'[39m,
  entityId: [32m'acct-279'[39m,
  severity: [32m'low'[39m,
  conflictingFields: []
}
Conflict detected {
  conflictId: [32m'QhioFQHeyYcd0jocz01mS'[39m,
  entityType: [32m'Account'[39m,
  entityId: [32m'acct-280'[39m,
  severity: [32m'low'[39m,
  conflictingFields: []
}
Conflict detected {
  conflictId: [32m'QsoklAlMRgVTx2syYL7Ri'[39m,
  entityType: [32m'Account'[39m,
  entityId: [32m'acct-281'[39m,
  severity: [32m'low'[39m,
  conflictingFields: []
}
Conflict detected {
  conflictId: [32m'xSr5Uzpke_xWgNq9CSmlK'[39m,
  entityType: [32m'Account'[39m,
  entityId: [32m'acct-282'[39m,
  severity: [32m'low'[39m,
  conflictingFields: []
}
Conflict detected {
  conflictId: [32m'MypiNF2ze6oLwst0d1Maq'[39m,
  entityType: [32m'Account'[39m,
  entityId: [32m'acct-283'[39m,
  severity: [32m'low'[39m,
  conflictingFields: []
}
Conflict detected {
  conflictId: [32m'4ZG4CKpNOvzuMwXZlvGLv'[39m,
  entityType: [32m'Account'[39m,
  entityId: [32m'acct-284'[39m,
  severity: [32m'low'[39m,
  conflictingFields: []
}
Conflict detected {
  conflictId: [32m'EhITIxKtUbtVgrCBk6ME4'[39m,
  entityType: [32m'Account'[39m,
  entityId: [32m'acct-285'[39m,
  severity: [32m'low'[39m,
  conflictingFields: []
}
Conflict detected {
  conflictId: [32m'pxf_7d9Lf91hA1TNEXn7s'[39m,
  entityType: [32m'Account'[39m,
  entityId: [32m'acct-286'[39m,
  severity: [32m'low'[39m,
  conflictingFields: []
}
Conflict detected {
  conflictId: [32m'3oYsqIFF577mIRu0gHd_h'[39m,
  entityType: [32m'Account'[39m,
  entityId: [32m'acct-287'[39m,
  severity: [32m'low'[39m,
  conflictingFields: []
}
Conflict detected {
  conflictId: [32m'WLIRWvazM0iskboiDge90'[39m,
  entityType: [32m'Account'[39m,
  entityId: [32m'acct-288'[39m,
  severity: [32m'low'[39m,
  conflictingFields: []
}
Conflict detected {
  conflictId: [32m'a9PqGUjOw9wLNLCUCoQdc'[39m,
  entityType: [32m'Account'[39m,
  entityId: [32m'acct-289'[39m,
  severity: [32m'low'[39m,
  conflictingFields: []
}
Conflict detected {
  conflictId: [32m'WIoObZ-abC1yAFm0_pDjK'[39m,
  entityType: [32m'Account'[39m,
  entityId: [32m'acct-290'[39m,
  severity: [32m'low'[39m,
  conflictingFields: []
}
Conflict detected {
  conflictId: [32m'O5PcNztlmxyp-TPV0xua5'[39m,
  entityType: [32m'Account'[39m,
  entityId: [32m'acct-291'[39m,
  severity: [32m'low'[39m,
  conflictingFields: []
}
Conflict detected {
  conflictId: [32m'YiiSVWrPXU0RiMhDptkOm'[39m,
  entityType: [32m'Account'[39m,
  entityId: [32m'acct-292'[39m,
  severity: [32m'low'[39m,
  conflictingFields: []
}
Conflict detected {
  conflictId: [32m'TLRpT4Wdt9OKLkzgsKYHH'[39m,
  entityType: [32m'Account'[39m,
  entityId: [32m'acct-293'[39m,
  severity: [32m'low'[39m,
  conflictingFields: []
}
Conflict detected {
  conflictId: [32m'mnZ_zrBwk4p2kxMuMZmy2'[39m,
  entityType: [32m'Account'[39m,
  entityId: [32m'acct-294'[39m,
  severity: [32m'low'[39m,
  conflictingFields: []
}
Conflict detected {
  conflictId: [32m'LCKKLVYarkpRt5YoP8NJ6'[39m,
  entityType: [32m'Account'[39m,
  entityId: [32m'acct-295'[39m,
  severity: [32m'low'[39m,
  conflictingFields: []
}
Conflict detected {
  conflictId: [32m'4eBogsbsCu9gAwHpPcKyx'[39m,
  entityType: [32m'Account'[39m,
  entityId: [32m'acct-296'[39m,
  severity: [32m'low'[39m,
  conflictingFields: []
}
Conflict detected {
  conflictId: [32m'aYxHCFqTZpEiqFsNk35ai'[39m,
  entityType: [32m'Account'[39m,
  entityId: [32m'acct-297'[39m,
  severity: [32m'low'[39m,
  conflictingFields: []
}
Conflict detected {
  conflictId: [32m'6RmMXbVlgtAv_Lm4hKUfe'[39m,
  entityType: [32m'Account'[39m,
  entityId: [32m'acct-298'[39m,
  severity: [32m'low'[39m,
  conflictingFields: []
}
Conflict detected {
  conflictId: [32m'wpmEPQgUhTrpX2ZtlHIlr'[39m,
  entityType: [32m'Account'[39m,
  entityId: [32m'acct-299'[39m,
  severity: [32m'low'[39m,
  conflictingFields: []
}
Conflict detected {
  conflictId: [32m'loh5rJc7ehjhh76vL6mZN'[39m,
  entityType: [32m'Account'[39m,
  entityId: [32m'acct-300'[39m,
  severity: [32m'low'[39m,
  conflictingFields: []
}
Conflict detected {
  conflictId: [32m'BMBVhQUz6SL4wAmsu5iHo'[39m,
  entityType: [32m'Account'[39m,
  entityId: [32m'acct-301'[39m,
  severity: [32m'low'[39m,
  conflictingFields: []
}
Conflict detected {
  conflictId: [32m'CZdRRXMH0kiOiHge9vo7b'[39m,
  entityType: [32m'Account'[39m,
  entityId: [32m'acct-302'[39m,
  severity: [32m'low'[39m,
  conflictingFields: []
}
Conflict detected {
  conflictId: [32m'DF4tiBPghXHaMKF9hO-3x'[39m,
  entityType: [32m'Account'[39m,
  entityId: [32m'acct-303'[39m,
  severity: [32m'low'[39m,
  conflictingFields: []
}
Conflict detected {
  conflictId: [32m'gSFyrZNokIED9dE89VaK9'[39m,
  entityType: [32m'Account'[39m,
  entityId: [32m'acct-304'[39m,
  severity: [32m'low'[39m,
  conflictingFields: []
}
Conflict detected {
  conflictId: [32m'ZWg5qUaz2Ng-pR0184LQ8'[39m,
  entityType: [32m'Account'[39m,
  entityId: [32m'acct-305'[39m,
  severity: [32m'low'[39m,
  conflictingFields: []
}
Conflict detected {
  conflictId: [32m'QbRui_Z7CxWiCSTSw-EQg'[39m,
  entityType: [32m'Account'[39m,
  entityId: [32m'acct-306'[39m,
  severity: [32m'low'[39m,
  conflictingFields: []
}
Conflict detected {
  conflictId: [32m'yZ7sX2F0qOFQbXa2jHEiB'[39m,
  entityType: [32m'Account'[39m,
  entityId: [32m'acct-307'[39m,
  severity: [32m'low'[39m,
  conflictingFields: []
}
Conflict detected {
  conflictId: [32m'DnhyuWJ0Z_vpNbFR5OqMY'[39m,
  entityType: [32m'Account'[39m,
  entityId: [32m'acct-308'[39m,
  severity: [32m'low'[39m,
  conflictingFields: []
}
Conflict detected {
  conflictId: [32m'Z6R7EV3zKgjQTFceCr9Rd'[39m,
  entityType: [32m'Account'[39m,
  entityId: [32m'acct-309'[39m,
  severity: [32m'low'[39m,
  conflictingFields: []
}
Conflict detected {
  conflictId: [32m'2nL6DdBuWuaTPZmOCO02R'[39m,
  entityType: [32m'Account'[39m,
  entityId: [32m'acct-310'[39m,
  severity: [32m'low'[39m,
  conflictingFields: []
}
Conflict detected {
  conflictId: [32m'tXRsqqyAEnjLNlICYkNjM'[39m,
  entityType: [32m'Account'[39m,
  entityId: [32m'acct-311'[39m,
  severity: [32m'low'[39m,
  conflictingFields: []
}
Conflict detected {
  conflictId: [32m'ggjGQl7J2jdscHvYUrnka'[39m,
  entityType: [32m'Account'[39m,
  entityId: [32m'acct-312'[39m,
  severity: [32m'low'[39m,
  conflictingFields: []
}
Conflict detected {
  conflictId: [32m'cLOk7yY-nI7eAIgGtMSRN'[39m,
  entityType: [32m'Account'[39m,
  entityId: [32m'acct-313'[39m,
  severity: [32m'low'[39m,
  conflictingFields: []
}
Conflict detected {
  conflictId: [32m'w-dlecNdcYYoc0SLUOI7f'[39m,
  entityType: [32m'Account'[39m,
  entityId: [32m'acct-314'[39m,
  severity: [32m'low'[39m,
  conflictingFields: []
}
Conflict detected {
  conflictId: [32m'mjLzcDhmPcvZBXepX-9sL'[39m,
  entityType: [32m'Account'[39m,
  entityId: [32m'acct-315'[39m,
  severity: [32m'low'[39m,
  conflictingFields: []
}
Conflict detected {
  conflictId: [32m'_534P5SVeE6m25-pMGNB9'[39m,
  entityType: [32m'Account'[39m,
  entityId: [32m'acct-316'[39m,
  severity: [32m'low'[39m,
  conflictingFields: []
}
Conflict detected {
  conflictId: [32m'etErOWNiHRxoQmG8HXDc3'[39m,
  entityType: [32m'Account'[39m,
  entityId: [32m'acct-317'[39m,
  severity: [32m'low'[39m,
  conflictingFields: []
}
Conflict detected {
  conflictId: [32m'OnNnLnB82JbHuNgf1A2Rx'[39m,
  entityType: [32m'Account'[39m,
  entityId: [32m'acct-318'[39m,
  severity: [32m'low'[39m,
  conflictingFields: []
}
Conflict detected {
  conflictId: [32m'nGuTWJfjETikbYHqxF--G'[39m,
  entityType: [32m'Account'[39m,
  entityId: [32m'acct-319'[39m,
  severity: [32m'low'[39m,
  conflictingFields: []
}
Conflict detected {
  conflictId: [32m'J3gHhUMkVVj1f_sye6Opj'[39m,
  entityType: [32m'Account'[39m,
  entityId: [32m'acct-320'[39m,
  severity: [32m'low'[39m,
  conflictingFields: []
}
Conflict detected {
  conflictId: [32m'HfZIwrvJTroZh4PzEUBbu'[39m,
  entityType: [32m'Account'[39m,
  entityId: [32m'acct-321'[39m,
  severity: [32m'low'[39m,
  conflictingFields: []
}
Conflict detected {
  conflictId: [32m'ziemqqhdVUzZdVaFjrk43'[39m,
  entityType: [32m'Account'[39m,
  entityId: [32m'acct-322'[39m,
  severity: [32m'low'[39m,
  conflictingFields: []
}
Conflict detected {
  conflictId: [32m'TaKELH-O72knmY239kfdi'[39m,
  entityType: [32m'Account'[39m,
  entityId: [32m'acct-323'[39m,
  severity: [32m'low'[39m,
  conflictingFields: []
}
Conflict detected {
  conflictId: [32m'FWQ9H9DpQ38UftVIFb2YT'[39m,
  entityType: [32m'Account'[39m,
  entityId: [32m'acct-324'[39m,
  severity: [32m'low'[39m,
  conflictingFields: []
}
Conflict detected {
  conflictId: [32m'HzkCdx5gAeR8NH69LeBw1'[39m,
  entityType: [32m'Account'[39m,
  entityId: [32m'acct-325'[39m,
  severity: [32m'low'[39m,
  conflictingFields: []
}
Conflict detected {
  conflictId: [32m'0_oPNrNVozlEGCvNAHqBY'[39m,
  entityType: [32m'Account'[39m,
  entityId: [32m'acct-326'[39m,
  severity: [32m'low'[39m,
  conflictingFields: []
}
Conflict detected {
  conflictId: [32m'nuOObUa8LQgUlKXPcBLuo'[39m,
  entityType: [32m'Account'[39m,
  entityId: [32m'acct-327'[39m,
  severity: [32m'low'[39m,
  conflictingFields: []
}
Conflict detected {
  conflictId: [32m'utjCNUUCGL2gZFcBBgZUt'[39m,
  entityType: [32m'Account'[39m,
  entityId: [32m'acct-328'[39m,
  severity: [32m'low'[39m,
  conflictingFields: []
}
Conflict detected {
  conflictId: [32m'P9XnBM_PGT_kv9LIRcI-7'[39m,
  entityType: [32m'Account'[39m,
  entityId: [32m'acct-329'[39m,
  severity: [32m'low'[39m,
  conflictingFields: []
}
Conflict detected {
  conflictId: [32m'Jhp6iEtWhb9Y6hpb5H8aQ'[39m,
  entityType: [32m'Account'[39m,
  entityId: [32m'acct-330'[39m,
  severity: [32m'low'[39m,
  conflictingFields: []
}
Conflict detected {
  conflictId: [32m'CnZ1VSbd89BO23GyIQ0va'[39m,
  entityType: [32m'Account'[39m,
  entityId: [32m'acct-331'[39m,
  severity: [32m'low'[39m,
  conflictingFields: []
}
Conflict detected {
  conflictId: [32m'el0ksLoxK1z9VqhpRpAz8'[39m,
  entityType: [32m'Account'[39m,
  entityId: [32m'acct-332'[39m,
  severity: [32m'low'[39m,
  conflictingFields: []
}
Conflict detected {
  conflictId: [32m'VqAIf0TMkmxouPIHH4Ml4'[39m,
  entityType: [32m'Account'[39m,
  entityId: [32m'acct-333'[39m,
  severity: [32m'low'[39m,
  conflictingFields: []
}
Conflict detected {
  conflictId: [32m'u6DBlQDEsKCjJ6afaRggl'[39m,
  entityType: [32m'Account'[39m,
  entityId: [32m'acct-334'[39m,
  severity: [32m'low'[39m,
  conflictingFields: []
}
Conflict detected {
  conflictId: [32m'6mT7AwjP91Bp-cJHVcz4P'[39m,
  entityType: [32m'Account'[39m,
  entityId: [32m'acct-335'[39m,
  severity: [32m'low'[39m,
  conflictingFields: []
}
Conflict detected {
  conflictId: [32m'pb0PkKTjtLUu6Ij2U2puQ'[39m,
  entityType: [32m'Account'[39m,
  entityId: [32m'acct-336'[39m,
  severity: [32m'low'[39m,
  conflictingFields: []
}
Conflict detected {
  conflictId: [32m'YBw65G89hUB7jQHUUMR2M'[39m,
  entityType: [32m'Account'[39m,
  entityId: [32m'acct-337'[39m,
  severity: [32m'low'[39m,
  conflictingFields: []
}
Conflict detected {
  conflictId: [32m'OffVOJmM-zIPpMT_Vq8OC'[39m,
  entityType: [32m'Account'[39m,
  entityId: [32m'acct-338'[39m,
  severity: [32m'low'[39m,
  conflictingFields: []
}
Conflict detected {
  conflictId: [32m'T770WcUiXPhIJPFOvwe7e'[39m,
  entityType: [32m'Account'[39m,
  entityId: [32m'acct-339'[39m,
  severity: [32m'low'[39m,
  conflictingFields: []
}
Conflict detected {
  conflictId: [32m'-5aMgck1nxRsnmJMUlH4U'[39m,
  entityType: [32m'Account'[39m,
  entityId: [32m'acct-340'[39m,
  severity: [32m'low'[39m,
  conflictingFields: []
}
Conflict detected {
  conflictId: [32m'5otTFBn2-nadd8T9bgas-'[39m,
  entityType: [32m'Account'[39m,
  entityId: [32m'acct-341'[39m,
  severity: [32m'low'[39m,
  conflictingFields: []
}
Conflict detected {
  conflictId: [32m'cAd7kNo-vFgl03d2Vr23o'[39m,
  entityType: [32m'Account'[39m,
  entityId: [32m'acct-342'[39m,
  severity: [32m'low'[39m,
  conflictingFields: []
}
Conflict detected {
  conflictId: [32m'gns4opQwKZ5jY9EDhO_tQ'[39m,
  entityType: [32m'Account'[39m,
  entityId: [32m'acct-343'[39m,
  severity: [32m'low'[39m,
  conflictingFields: []
}
Conflict detected {
  conflictId: [32m'3Ed1nYjXf5CpORSHFAc1B'[39m,
  entityType: [32m'Account'[39m,
  entityId: [32m'acct-344'[39m,
  severity: [32m'low'[39m,
  conflictingFields: []
}
Conflict detected {
  conflictId: [32m'CboEWo7XVzRn6ALoO9W5N'[39m,
  entityType: [32m'Account'[39m,
  entityId: [32m'acct-345'[39m,
  severity: [32m'low'[39m,
  conflictingFields: []
}
Conflict detected {
  conflictId: [32m'-LnKNG8yowwvkew_m2FYA'[39m,
  entityType: [32m'Account'[39m,
  entityId: [32m'acct-346'[39m,
  severity: [32m'low'[39m,
  conflictingFields: []
}
Conflict detected {
  conflictId: [32m'A2FwGt6_aTWp92WY_f5fW'[39m,
  entityType: [32m'Account'[39m,
  entityId: [32m'acct-347'[39m,
  severity: [32m'low'[39m,
  conflictingFields: []
}
Conflict detected {
  conflictId: [32m'oWdXbtVVOGCyjx8C2TEGL'[39m,
  entityType: [32m'Account'[39m,
  entityId: [32m'acct-348'[39m,
  severity: [32m'low'[39m,
  conflictingFields: []
}
Conflict detected {
  conflictId: [32m'yKlS2biCgnLuR1In0pdY0'[39m,
  entityType: [32m'Account'[39m,
  entityId: [32m'acct-349'[39m,
  severity: [32m'low'[39m,
  conflictingFields: []
}
Conflict detected {
  conflictId: [32m'GBcMKRTlf7Pw8zCA9Gbzf'[39m,
  entityType: [32m'Account'[39m,
  entityId: [32m'acct-350'[39m,
  severity: [32m'low'[39m,
  conflictingFields: []
}
Conflict detected {
  conflictId: [32m'RhYZHnPRTcebCrXP4fo7K'[39m,
  entityType: [32m'Account'[39m,
  entityId: [32m'acct-351'[39m,
  severity: [32m'low'[39m,
  conflictingFields: []
}
Conflict detected {
  conflictId: [32m'RJNJ1vQ7QvxueDcpKzHIL'[39m,
  entityType: [32m'Account'[39m,
  entityId: [32m'acct-352'[39m,
  severity: [32m'low'[39m,
  conflictingFields: []
}
Conflict detected {
  conflictId: [32m'vPMGLaewQmOGRvhfxOUsO'[39m,
  entityType: [32m'Account'[39m,
  entityId: [32m'acct-353'[39m,
  severity: [32m'low'[39m,
  conflictingFields: []
}
Conflict detected {
  conflictId: [32m'xm6_Jp6NEra4ruote095u'[39m,
  entityType: [32m'Account'[39m,
  entityId: [32m'acct-354'[39m,
  severity: [32m'low'[39m,
  conflictingFields: []
}
Conflict detected {
  conflictId: [32m'jkXBFQJLc4pvJvmnFMpIv'[39m,
  entityType: [32m'Account'[39m,
  entityId: [32m'acct-355'[39m,
  severity: [32m'low'[39m,
  conflictingFields: []
}
Conflict detected {
  conflictId: [32m'jDNEdcq6iHaDRTF38CyiA'[39m,
  entityType: [32m'Account'[39m,
  entityId: [32m'acct-356'[39m,
  severity: [32m'low'[39m,
  conflictingFields: []
}
Conflict detected {
  conflictId: [32m'yAyIqrLH1BZ99PPMVQo4M'[39m,
  entityType: [32m'Account'[39m,
  entityId: [32m'acct-357'[39m,
  severity: [32m'low'[39m,
  conflictingFields: []
}
Conflict detected {
  conflictId: [32m'41a2eOZBHMfMDjAyLMG97'[39m,
  entityType: [32m'Account'[39m,
  entityId: [32m'acct-358'[39m,
  severity: [32m'low'[39m,
  conflictingFields: []
}
Conflict detected {
  conflictId: [32m'OndO1CwCZfMWQUGQ3BjjW'[39m,
  entityType: [32m'Account'[39m,
  entityId: [32m'acct-359'[39m,
  severity: [32m'low'[39m,
  conflictingFields: []
}
Conflict detected {
  conflictId: [32m'hHUkwO0NpC7LE5C4vq45O'[39m,
  entityType: [32m'Account'[39m,
  entityId: [32m'acct-360'[39m,
  severity: [32m'low'[39m,
  conflictingFields: []
}
Conflict detected {
  conflictId: [32m'aDBkRQU5KlB1R3_y3ckem'[39m,
  entityType: [32m'Account'[39m,
  entityId: [32m'acct-361'[39m,
  severity: [32m'low'[39m,
  conflictingFields: []
}
Conflict detected {
  conflictId: [32m'AXiOFzUFqF1plWNw85Z2-'[39m,
  entityType: [32m'Account'[39m,
  entityId: [32m'acct-362'[39m,
  severity: [32m'low'[39m,
  conflictingFields: []
}
Conflict detected {
  conflictId: [32m'qIuoyXZ0e1Zavm06kym47'[39m,
  entityType: [32m'Account'[39m,
  entityId: [32m'acct-363'[39m,
  severity: [32m'low'[39m,
  conflictingFields: []
}
Conflict detected {
  conflictId: [32m'7CgzodGzE9GZkGFC4_RG7'[39m,
  entityType: [32m'Account'[39m,
  entityId: [32m'acct-364'[39m,
  severity: [32m'low'[39m,
  conflictingFields: []
}
Conflict detected {
  conflictId: [32m'aQwBgMiTxiA4r5x5UPnNw'[39m,
  entityType: [32m'Account'[39m,
  entityId: [32m'acct-365'[39m,
  severity: [32m'low'[39m,
  conflictingFields: []
}
Conflict detected {
  conflictId: [32m'hT4ptvaPVkNMCF7Fp7vPF'[39m,
  entityType: [32m'Account'[39m,
  entityId: [32m'acct-366'[39m,
  severity: [32m'low'[39m,
  conflictingFields: []
}
Conflict detected {
  conflictId: [32m'CVsWQM98k3mCc1KMj9qxY'[39m,
  entityType: [32m'Account'[39m,
  entityId: [32m'acct-367'[39m,
  severity: [32m'low'[39m,
  conflictingFields: []
}
Conflict detected {
  conflictId: [32m'Rqj8R_L1ORkhb9hj2m_YQ'[39m,
  entityType: [32m'Account'[39m,
  entityId: [32m'acct-368'[39m,
  severity: [32m'low'[39m,
  conflictingFields: []
}
Conflict detected {
  conflictId: [32m'4obQp3FH3R49GvlT7JQrn'[39m,
  entityType: [32m'Account'[39m,
  entityId: [32m'acct-369'[39m,
  severity: [32m'low'[39m,
  conflictingFields: []
}
Conflict detected {
  conflictId: [32m'AR56wOVYFnLXfms-LiaQU'[39m,
  entityType: [32m'Account'[39m,
  entityId: [32m'acct-370'[39m,
  severity: [32m'low'[39m,
  conflictingFields: []
}
Conflict detected {
  conflictId: [32m'Artt7zllPmeB4ZOIzBTIN'[39m,
  entityType: [32m'Account'[39m,
  entityId: [32m'acct-371'[39m,
  severity: [32m'low'[39m,
  conflictingFields: []
}
Conflict detected {
  conflictId: [32m'Svzq759QhEmbL9jcNV68I'[39m,
  entityType: [32m'Account'[39m,
  entityId: [32m'acct-372'[39m,
  severity: [32m'low'[39m,
  conflictingFields: []
}
Conflict detected {
  conflictId: [32m'q-yUpBm4Q_hZcM9sG2QTT'[39m,
  entityType: [32m'Account'[39m,
  entityId: [32m'acct-373'[39m,
  severity: [32m'low'[39m,
  conflictingFields: []
}
Conflict detected {
  conflictId: [32m'YF3s4CP51QWhJFvO5bmqj'[39m,
  entityType: [32m'Account'[39m,
  entityId: [32m'acct-374'[39m,
  severity: [32m'low'[39m,
  conflictingFields: []
}
Conflict detected {
  conflictId: [32m'AyHL58JwCSLTLgGS5PNpm'[39m,
  entityType: [32m'Account'[39m,
  entityId: [32m'acct-375'[39m,
  severity: [32m'low'[39m,
  conflictingFields: []
}
Conflict detected {
  conflictId: [32m'cuec4FIoHh5MoJ4wg1P34'[39m,
  entityType: [32m'Account'[39m,
  entityId: [32m'acct-376'[39m,
  severity: [32m'low'[39m,
  conflictingFields: []
}
Conflict detected {
  conflictId: [32m'lTFaUzXhUwBHhGceB5fJC'[39m,
  entityType: [32m'Account'[39m,
  entityId: [32m'acct-377'[39m,
  severity: [32m'low'[39m,
  conflictingFields: []
}
Conflict detected {
  conflictId: [32m'afDEZ6tGkaLox2FW5Il5-'[39m,
  entityType: [32m'Account'[39m,
  entityId: [32m'acct-378'[39m,
  severity: [32m'low'[39m,
  conflictingFields: []
}
Conflict detected {
  conflictId: [32m'SDeDqGIeQOzfo_E0s7apv'[39m,
  entityType: [32m'Account'[39m,
  entityId: [32m'acct-379'[39m,
  severity: [32m'low'[39m,
  conflictingFields: []
}
Conflict detected {
  conflictId: [32m'6KvMFbjiHwxRTdM6SqG5O'[39m,
  entityType: [32m'Account'[39m,
  entityId: [32m'acct-380'[39m,
  severity: [32m'low'[39m,
  conflictingFields: []
}
Conflict detected {
  conflictId: [32m'5FmaIzAUUy7NdjeANDnaM'[39m,
  entityType: [32m'Account'[39m,
  entityId: [32m'acct-381'[39m,
  severity: [32m'low'[39m,
  conflictingFields: []
}
Conflict detected {
  conflictId: [32m'LEwJ0z0Ngpq_Lm55BM34Q'[39m,
  entityType: [32m'Account'[39m,
  entityId: [32m'acct-382'[39m,
  severity: [32m'low'[39m,
  conflictingFields: []
}
Conflict detected {
  conflictId: [32m'yeIRk_UWtEgf0c3kFw1nG'[39m,
  entityType: [32m'Account'[39m,
  entityId: [32m'acct-383'[39m,
  severity: [32m'low'[39m,
  conflictingFields: []
}
Conflict detected {
  conflictId: [32m'Wzrd3THQVeKpSsnJrlJUB'[39m,
  entityType: [32m'Account'[39m,
  entityId: [32m'acct-384'[39m,
  severity: [32m'low'[39m,
  conflictingFields: []
}
Conflict detected {
  conflictId: [32m'2ON_zfeTb_U5XeP0SWhjJ'[39m,
  entityType: [32m'Account'[39m,
  entityId: [32m'acct-385'[39m,
  severity: [32m'low'[39m,
  conflictingFields: []
}
Conflict detected {
  conflictId: [32m'ouixAN6tWGuF8gGl-Y3UN'[39m,
  entityType: [32m'Account'[39m,
  entityId: [32m'acct-386'[39m,
  severity: [32m'low'[39m,
  conflictingFields: []
}
Conflict detected {
  conflictId: [32m'0w3841niYEGraxyrPr-pC'[39m,
  entityType: [32m'Account'[39m,
  entityId: [32m'acct-387'[39m,
  severity: [32m'low'[39m,
  conflictingFields: []
}
Conflict detected {
  conflictId: [32m'Q0QUqL-fRJo45riiB7pFW'[39m,
  entityType: [32m'Account'[39m,
  entityId: [32m'acct-388'[39m,
  severity: [32m'low'[39m,
  conflictingFields: []
}
Conflict detected {
  conflictId: [32m'ZMrK15rqZ-1tZoYqvreqT'[39m,
  entityType: [32m'Account'[39m,
  entityId: [32m'acct-389'[39m,
  severity: [32m'low'[39m,
  conflictingFields: []
}
Conflict detected {
  conflictId: [32m'xUTvg8CoYER3XktW5_m9o'[39m,
  entityType: [32m'Account'[39m,
  entityId: [32m'acct-390'[39m,
  severity: [32m'low'[39m,
  conflictingFields: []
}
Conflict detected {
  conflictId: [32m'w7J1vCztklPcjjPsmg6fr'[39m,
  entityType: [32m'Account'[39m,
  entityId: [32m'acct-391'[39m,
  severity: [32m'low'[39m,
  conflictingFields: []
}
Conflict detected {
  conflictId: [32m'sjM8rGYooVT-XMHar2sLD'[39m,
  entityType: [32m'Account'[39m,
  entityId: [32m'acct-392'[39m,
  severity: [32m'low'[39m,
  conflictingFields: []
}
Conflict detected {
  conflictId: [32m'LyWOvcYBbXGBtTvBtP0FN'[39m,
  entityType: [32m'Account'[39m,
  entityId: [32m'acct-393'[39m,
  severity: [32m'low'[39m,
  conflictingFields: []
}
Conflict detected {
  conflictId: [32m'28bqa3WzzLwSZBYuz2Jp9'[39m,
  entityType: [32m'Account'[39m,
  entityId: [32m'acct-394'[39m,
  severity: [32m'low'[39m,
  conflictingFields: []
}
Conflict detected {
  conflictId: [32m'U64xgtG6dSFrg39SqXqmD'[39m,
  entityType: [32m'Account'[39m,
  entityId: [32m'acct-395'[39m,
  severity: [32m'low'[39m,
  conflictingFields: []
}
Conflict detected {
  conflictId: [32m'vXahKxx15kHWgYCisiFEI'[39m,
  entityType: [32m'Account'[39m,
  entityId: [32m'acct-396'[39m,
  severity: [32m'low'[39m,
  conflictingFields: []
}
Conflict detected {
  conflictId: [32m'mhx3eJH5EQC3voo6HAoJj'[39m,
  entityType: [32m'Account'[39m,
  entityId: [32m'acct-397'[39m,
  severity: [32m'low'[39m,
  conflictingFields: []
}
Conflict detected {
  conflictId: [32m'OHxYKg5RaaTrGpJp5f8s9'[39m,
  entityType: [32m'Account'[39m,
  entityId: [32m'acct-398'[39m,
  severity: [32m'low'[39m,
  conflictingFields: []
}
Conflict detected {
  conflictId: [32m'u09YHjKKKX7zkl2XvzsY-'[39m,
  entityType: [32m'Account'[39m,
  entityId: [32m'acct-399'[39m,
  severity: [32m'low'[39m,
  conflictingFields: []
}
Conflict detected {
  conflictId: [32m'IVeAgbhqwUp9rOKO7GQei'[39m,
  entityType: [32m'Account'[39m,
  entityId: [32m'acct-400'[39m,
  severity: [32m'low'[39m,
  conflictingFields: []
}
Conflict detected {
  conflictId: [32m'V0O7oDDyELdLs7z0shR0o'[39m,
  entityType: [32m'Account'[39m,
  entityId: [32m'acct-401'[39m,
  severity: [32m'low'[39m,
  conflictingFields: []
}
Conflict detected {
  conflictId: [32m'EvyhiMrD3v1L6p7OQbGsp'[39m,
  entityType: [32m'Account'[39m,
  entityId: [32m'acct-402'[39m,
  severity: [32m'low'[39m,
  conflictingFields: []
}
Conflict detected {
  conflictId: [32m'x84FPFJVkt1p8F1c5MQFA'[39m,
  entityType: [32m'Account'[39m,
  entityId: [32m'acct-403'[39m,
  severity: [32m'low'[39m,
  conflictingFields: []
}
Conflict detected {
  conflictId: [32m'1NiL56Nf2KMNCSDw5pkkO'[39m,
  entityType: [32m'Account'[39m,
  entityId: [32m'acct-404'[39m,
  severity: [32m'low'[39m,
  conflictingFields: []
}
Conflict detected {
  conflictId: [32m'3ZBuX3pjMWr8F0q6o2itK'[39m,
  entityType: [32m'Account'[39m,
  entityId: [32m'acct-405'[39m,
  severity: [32m'low'[39m,
  conflictingFields: []
}
Conflict detected {
  conflictId: [32m'Q8RZAm0gXNPFJcqtUGm8M'[39m,
  entityType: [32m'Account'[39m,
  entityId: [32m'acct-406'[39m,
  severity: [32m'low'[39m,
  conflictingFields: []
}
Conflict detected {
  conflictId: [32m'qWdIAsAMVAumWCAty1idJ'[39m,
  entityType: [32m'Account'[39m,
  entityId: [32m'acct-407'[39m,
  severity: [32m'low'[39m,
  conflictingFields: []
}
Conflict detected {
  conflictId: [32m'fGD7rG46EPv3bIHy5diJp'[39m,
  entityType: [32m'Account'[39m,
  entityId: [32m'acct-408'[39m,
  severity: [32m'low'[39m,
  conflictingFields: []
}
Conflict detected {
  conflictId: [32m'JpgmupRaWCgSlOqbR5bAY'[39m,
  entityType: [32m'Account'[39m,
  entityId: [32m'acct-409'[39m,
  severity: [32m'low'[39m,
  conflictingFields: []
}
Conflict detected {
  conflictId: [32m'78Ks7qWAWq1N5049zLokW'[39m,
  entityType: [32m'Account'[39m,
  entityId: [32m'acct-410'[39m,
  severity: [32m'low'[39m,
  conflictingFields: []
}
Conflict detected {
  conflictId: [32m'xJ-GzZzxPb9OwmwMMt4ns'[39m,
  entityType: [32m'Account'[39m,
  entityId: [32m'acct-411'[39m,
  severity: [32m'low'[39m,
  conflictingFields: []
}
Conflict detected {
  conflictId: [32m'm3zW24l0_8tuoioQ2SeuY'[39m,
  entityType: [32m'Account'[39m,
  entityId: [32m'acct-412'[39m,
  severity: [32m'low'[39m,
  conflictingFields: []
}
Conflict detected {
  conflictId: [32m'cAqCu7bBIf-BUAQH_BGzC'[39m,
  entityType: [32m'Account'[39m,
  entityId: [32m'acct-413'[39m,
  severity: [32m'low'[39m,
  conflictingFields: []
}
Conflict detected {
  conflictId: [32m'u-oD5q8abjZGV9XXQmj2i'[39m,
  entityType: [32m'Account'[39m,
  entityId: [32m'acct-414'[39m,
  severity: [32m'low'[39m,
  conflictingFields: []
}
Conflict detected {
  conflictId: [32m'YQZLeDM_zw7mtQ7jzE9H1'[39m,
  entityType: [32m'Account'[39m,
  entityId: [32m'acct-415'[39m,
  severity: [32m'low'[39m,
  conflictingFields: []
}
Conflict detected {
  conflictId: [32m'khqYFKcQ71aYb7MQVcu5X'[39m,
  entityType: [32m'Account'[39m,
  entityId: [32m'acct-416'[39m,
  severity: [32m'low'[39m,
  conflictingFields: []
}
Conflict detected {
  conflictId: [32m'ImWZZZuDy9L1WU6bq-m-s'[39m,
  entityType: [32m'Account'[39m,
  entityId: [32m'acct-417'[39m,
  severity: [32m'low'[39m,
  conflictingFields: []
}
Conflict detected {
  conflictId: [32m'Y-oDw8WNDy030JvV4y0AI'[39m,
  entityType: [32m'Account'[39m,
  entityId: [32m'acct-418'[39m,
  severity: [32m'low'[39m,
  conflictingFields: []
}
Conflict detected {
  conflictId: [32m'CG1P1V94-ATrb4cASBUww'[39m,
  entityType: [32m'Account'[39m,
  entityId: [32m'acct-419'[39m,
  severity: [32m'low'[39m,
  conflictingFields: []
}
Conflict detected {
  conflictId: [32m'Nh-7_2D7Mjrh_igsvmgVQ'[39m,
  entityType: [32m'Account'[39m,
  entityId: [32m'acct-420'[39m,
  severity: [32m'low'[39m,
  conflictingFields: []
}
Conflict detected {
  conflictId: [32m'3dHaUKIoPEdNuMLHPktSx'[39m,
  entityType: [32m'Account'[39m,
  entityId: [32m'acct-421'[39m,
  severity: [32m'low'[39m,
  conflictingFields: []
}
Conflict detected {
  conflictId: [32m'cNpR_Cpewtc1s3DkGzTco'[39m,
  entityType: [32m'Account'[39m,
  entityId: [32m'acct-422'[39m,
  severity: [32m'low'[39m,
  conflictingFields: []
}
Conflict detected {
  conflictId: [32m'mqbXO0Y5Efc2RbvR5vTlm'[39m,
  entityType: [32m'Account'[39m,
  entityId: [32m'acct-423'[39m,
  severity: [32m'low'[39m,
  conflictingFields: []
}
Conflict detected {
  conflictId: [32m'SDeNZVc08mW_0t6zeLzdj'[39m,
  entityType: [32m'Account'[39m,
  entityId: [32m'acct-424'[39m,
  severity: [32m'low'[39m,
  conflictingFields: []
}
Conflict detected {
  conflictId: [32m'YWQe9l_2gmznyAhPU62G_'[39m,
  entityType: [32m'Account'[39m,
  entityId: [32m'acct-425'[39m,
  severity: [32m'low'[39m,
  conflictingFields: []
}
Conflict detected {
  conflictId: [32m'YfT_Knl95XqwSIGF4R--E'[39m,
  entityType: [32m'Account'[39m,
  entityId: [32m'acct-426'[39m,
  severity: [32m'low'[39m,
  conflictingFields: []
}
Conflict detected {
  conflictId: [32m'uw7SoImXOT8ZQcKvRZfUS'[39m,
  entityType: [32m'Account'[39m,
  entityId: [32m'acct-427'[39m,
  severity: [32m'low'[39m,
  conflictingFields: []
}
Conflict detected {
  conflictId: [32m'lY0iyp5ii4o9tAH1mE7mq'[39m,
  entityType: [32m'Account'[39m,
  entityId: [32m'acct-428'[39m,
  severity: [32m'low'[39m,
  conflictingFields: []
}
Conflict detected {
  conflictId: [32m'pq7w4qaS0BJUSdTVo3e-T'[39m,
  entityType: [32m'Account'[39m,
  entityId: [32m'acct-429'[39m,
  severity: [32m'low'[39m,
  conflictingFields: []
}
Conflict detected {
  conflictId: [32m'fCB-twk2pKb2IJR9vEx7Q'[39m,
  entityType: [32m'Account'[39m,
  entityId: [32m'acct-430'[39m,
  severity: [32m'low'[39m,
  conflictingFields: []
}
Conflict detected {
  conflictId: [32m'2VhmDNvrHNbTowBDg592Y'[39m,
  entityType: [32m'Account'[39m,
  entityId: [32m'acct-431'[39m,
  severity: [32m'low'[39m,
  conflictingFields: []
}
Conflict detected {
  conflictId: [32m'uzdTGatYfG2mUpBPzJQCF'[39m,
  entityType: [32m'Account'[39m,
  entityId: [32m'acct-432'[39m,
  severity: [32m'low'[39m,
  conflictingFields: []
}
Conflict detected {
  conflictId: [32m'JjC72nXBgdb8lrA8gXnmN'[39m,
  entityType: [32m'Account'[39m,
  entityId: [32m'acct-433'[39m,
  severity: [32m'low'[39m,
  conflictingFields: []
}
Conflict detected {
  conflictId: [32m'2_bT_0X02pSeYoROt3S1c'[39m,
  entityType: [32m'Account'[39m,
  entityId: [32m'acct-434'[39m,
  severity: [32m'low'[39m,
  conflictingFields: []
}
Conflict detected {
  conflictId: [32m'f0aCWzUyGAWjj_M1HeeLt'[39m,
  entityType: [32m'Account'[39m,
  entityId: [32m'acct-435'[39m,
  severity: [32m'low'[39m,
  conflictingFields: []
}
Conflict detected {
  conflictId: [32m'vW1v-CdNobVz4uEkGGjFA'[39m,
  entityType: [32m'Account'[39m,
  entityId: [32m'acct-436'[39m,
  severity: [32m'low'[39m,
  conflictingFields: []
}
Conflict detected {
  conflictId: [32m'aVSbvDe5nlFw2YuOjFh_s'[39m,
  entityType: [32m'Account'[39m,
  entityId: [32m'acct-437'[39m,
  severity: [32m'low'[39m,
  conflictingFields: []
}
Conflict detected {
  conflictId: [32m'42VY2A9cV8GURg6zO9ilK'[39m,
  entityType: [32m'Account'[39m,
  entityId: [32m'acct-438'[39m,
  severity: [32m'low'[39m,
  conflictingFields: []
}
Conflict detected {
  conflictId: [32m'eRiWY2-FG7lNsoIq36DXT'[39m,
  entityType: [32m'Account'[39m,
  entityId: [32m'acct-439'[39m,
  severity: [32m'low'[39m,
  conflictingFields: []
}
Conflict detected {
  conflictId: [32m'84ElQ0DlUI8k2MXaa2mr3'[39m,
  entityType: [32m'Account'[39m,
  entityId: [32m'acct-440'[39m,
  severity: [32m'low'[39m,
  conflictingFields: []
}
Conflict detected {
  conflictId: [32m'Rvm9x1cNFo0KF_ZgystY_'[39m,
  entityType: [32m'Account'[39m,
  entityId: [32m'acct-441'[39m,
  severity: [32m'low'[39m,
  conflictingFields: []
}
Conflict detected {
  conflictId: [32m'Qz-P_3-uCAaEY5f-wIlKp'[39m,
  entityType: [32m'Account'[39m,
  entityId: [32m'acct-442'[39m,
  severity: [32m'low'[39m,
  conflictingFields: []
}
Conflict detected {
  conflictId: [32m'5kFMRHNOXm9ylLcGHF1j5'[39m,
  entityType: [32m'Account'[39m,
  entityId: [32m'acct-443'[39m,
  severity: [32m'low'[39m,
  conflictingFields: []
}
Conflict detected {
  conflictId: [32m'8dH5gt47TsoJuhGSzrbUS'[39m,
  entityType: [32m'Account'[39m,
  entityId: [32m'acct-444'[39m,
  severity: [32m'low'[39m,
  conflictingFields: []
}
Conflict detected {
  conflictId: [32m'-357NPsONkmUM_q3ZUrBq'[39m,
  entityType: [32m'Account'[39m,
  entityId: [32m'acct-445'[39m,
  severity: [32m'low'[39m,
  conflictingFields: []
}
Conflict detected {
  conflictId: [32m'Ovkgg-GaLkaLrkIHJ6LlS'[39m,
  entityType: [32m'Account'[39m,
  entityId: [32m'acct-446'[39m,
  severity: [32m'low'[39m,
  conflictingFields: []
}
Conflict detected {
  conflictId: [32m'K005EsoM1l3MtMQqaLvCp'[39m,
  entityType: [32m'Account'[39m,
  entityId: [32m'acct-447'[39m,
  severity: [32m'low'[39m,
  conflictingFields: []
}
Conflict detected {
  conflictId: [32m'oLndLleL0QdXnogT9Ewmq'[39m,
  entityType: [32m'Account'[39m,
  entityId: [32m'acct-448'[39m,
  severity: [32m'low'[39m,
  conflictingFields: []
}
Conflict detected {
  conflictId: [32m'I-D4A5x-z17y0JkM4GJJR'[39m,
  entityType: [32m'Account'[39m,
  entityId: [32m'acct-449'[39m,
  severity: [32m'low'[39m,
  conflictingFields: []
}
Conflict detected {
  conflictId: [32m'oqESYG67UKWn6jnwSwu2a'[39m,
  entityType: [32m'Account'[39m,
  entityId: [32m'acct-450'[39m,
  severity: [32m'low'[39m,
  conflictingFields: []
}
Conflict detected {
  conflictId: [32m'Fo8bgBoTKfXy95DDrcwaC'[39m,
  entityType: [32m'Account'[39m,
  entityId: [32m'acct-451'[39m,
  severity: [32m'low'[39m,
  conflictingFields: []
}
Conflict detected {
  conflictId: [32m'P2CeLH9dnVxYrers_Uqda'[39m,
  entityType: [32m'Account'[39m,
  entityId: [32m'acct-452'[39m,
  severity: [32m'low'[39m,
  conflictingFields: []
}
Conflict detected {
  conflictId: [32m'cmHDP0H7fzHaZA5OiD6UP'[39m,
  entityType: [32m'Account'[39m,
  entityId: [32m'acct-453'[39m,
  severity: [32m'low'[39m,
  conflictingFields: []
}
Conflict detected {
  conflictId: [32m'RhU-SgAfwiLFBx64cGKci'[39m,
  entityType: [32m'Account'[39m,
  entityId: [32m'acct-454'[39m,
  severity: [32m'low'[39m,
  conflictingFields: []
}
Conflict detected {
  conflictId: [32m'JrsB2P7LgVShNpwf7OBlY'[39m,
  entityType: [32m'Account'[39m,
  entityId: [32m'acct-455'[39m,
  severity: [32m'low'[39m,
  conflictingFields: []
}
Conflict detected {
  conflictId: [32m'BvyFQu-Z4-UhFmJwTFy49'[39m,
  entityType: [32m'Account'[39m,
  entityId: [32m'acct-456'[39m,
  severity: [32m'low'[39m,
  conflictingFields: []
}
Conflict detected {
  conflictId: [32m'H1FhUNmVzpiWEuq93pf38'[39m,
  entityType: [32m'Account'[39m,
  entityId: [32m'acct-457'[39m,
  severity: [32m'low'[39m,
  conflictingFields: []
}
Conflict detected {
  conflictId: [32m'5T5Wl03SD6IQbIXQ6uh1D'[39m,
  entityType: [32m'Account'[39m,
  entityId: [32m'acct-458'[39m,
  severity: [32m'low'[39m,
  conflictingFields: []
}
Conflict detected {
  conflictId: [32m'w52n25PHElpWM_lkgVURL'[39m,
  entityType: [32m'Account'[39m,
  entityId: [32m'acct-459'[39m,
  severity: [32m'low'[39m,
  conflictingFields: []
}
Conflict detected {
  conflictId: [32m'3hxJ05N1EW42i1KX0SmMH'[39m,
  entityType: [32m'Account'[39m,
  entityId: [32m'acct-460'[39m,
  severity: [32m'low'[39m,
  conflictingFields: []
}
Conflict detected {
  conflictId: [32m'Ilc_NIQzHnI502Kxok672'[39m,
  entityType: [32m'Account'[39m,
  entityId: [32m'acct-461'[39m,
  severity: [32m'low'[39m,
  conflictingFields: []
}
Conflict detected {
  conflictId: [32m'73wjDGoN4050uh7e6uDEW'[39m,
  entityType: [32m'Account'[39m,
  entityId: [32m'acct-462'[39m,
  severity: [32m'low'[39m,
  conflictingFields: []
}
Conflict detected {
  conflictId: [32m'uojuaa8nYe4O2AnrUfnrL'[39m,
  entityType: [32m'Account'[39m,
  entityId: [32m'acct-463'[39m,
  severity: [32m'low'[39m,
  conflictingFields: []
}
Conflict detected {
  conflictId: [32m'ItLQR7D8KM4-7GOmIq2J2'[39m,
  entityType: [32m'Account'[39m,
  entityId: [32m'acct-464'[39m,
  severity: [32m'low'[39m,
  conflictingFields: []
}
Conflict detected {
  conflictId: [32m'rCsZbOpLijK6Dk-eymzsa'[39m,
  entityType: [32m'Account'[39m,
  entityId: [32m'acct-465'[39m,
  severity: [32m'low'[39m,
  conflictingFields: []
}
Conflict detected {
  conflictId: [32m'lLS87rl7qO7MN3SBjKIhU'[39m,
  entityType: [32m'Account'[39m,
  entityId: [32m'acct-466'[39m,
  severity: [32m'low'[39m,
  conflictingFields: []
}
Conflict detected {
  conflictId: [32m'74z7RvO2iPBYjaRbhic9P'[39m,
  entityType: [32m'Account'[39m,
  entityId: [32m'acct-467'[39m,
  severity: [32m'low'[39m,
  conflictingFields: []
}
Conflict detected {
  conflictId: [32m'CEbY-B5KCYjVj8w8wfwkf'[39m,
  entityType: [32m'Account'[39m,
  entityId: [32m'acct-468'[39m,
  severity: [32m'low'[39m,
  conflictingFields: []
}
Conflict detected {
  conflictId: [32m'ysSz10HwWN4nsKGpSu9Nh'[39m,
  entityType: [32m'Account'[39m,
  entityId: [32m'acct-469'[39m,
  severity: [32m'low'[39m,
  conflictingFields: []
}
Conflict detected {
  conflictId: [32m'ta_i12NixcLA-kFzo3eHK'[39m,
  entityType: [32m'Account'[39m,
  entityId: [32m'acct-470'[39m,
  severity: [32m'low'[39m,
  conflictingFields: []
}
Conflict detected {
  conflictId: [32m'GVPXeG-Sc5M5HniJZZzOi'[39m,
  entityType: [32m'Account'[39m,
  entityId: [32m'acct-471'[39m,
  severity: [32m'low'[39m,
  conflictingFields: []
}
Conflict detected {
  conflictId: [32m'sXq9fMR_yzaxoWCra10jl'[39m,
  entityType: [32m'Account'[39m,
  entityId: [32m'acct-472'[39m,
  severity: [32m'low'[39m,
  conflictingFields: []
}
Conflict detected {
  conflictId: [32m'9QwKZwHiff4N5GdAAlF34'[39m,
  entityType: [32m'Account'[39m,
  entityId: [32m'acct-473'[39m,
  severity: [32m'low'[39m,
  conflictingFields: []
}
Conflict detected {
  conflictId: [32m'SfQTk7j3GH7FoGAahfJ_Y'[39m,
  entityType: [32m'Account'[39m,
  entityId: [32m'acct-474'[39m,
  severity: [32m'low'[39m,
  conflictingFields: []
}
Conflict detected {
  conflictId: [32m'hpt2flSzXFuCWThzzQEpn'[39m,
  entityType: [32m'Account'[39m,
  entityId: [32m'acct-475'[39m,
  severity: [32m'low'[39m,
  conflictingFields: []
}
Conflict detected {
  conflictId: [32m'16dtlNWAYH9J_QwUPY0-o'[39m,
  entityType: [32m'Account'[39m,
  entityId: [32m'acct-476'[39m,
  severity: [32m'low'[39m,
  conflictingFields: []
}
Conflict detected {
  conflictId: [32m'QKj1z3MVX1zZ1UrKG1AFZ'[39m,
  entityType: [32m'Account'[39m,
  entityId: [32m'acct-477'[39m,
  severity: [32m'low'[39m,
  conflictingFields: []
}
Conflict detected {
  conflictId: [32m'oFwF6Wi6pDN7hasre-bJv'[39m,
  entityType: [32m'Account'[39m,
  entityId: [32m'acct-478'[39m,
  severity: [32m'low'[39m,
  conflictingFields: []
}
Conflict detected {
  conflictId: [32m'QJGtt2O4n_5OHwiPC6GDJ'[39m,
  entityType: [32m'Account'[39m,
  entityId: [32m'acct-479'[39m,
  severity: [32m'low'[39m,
  conflictingFields: []
}
Conflict detected {
  conflictId: [32m'Zd1D-KkQBvrSB8fqNfirq'[39m,
  entityType: [32m'Account'[39m,
  entityId: [32m'acct-480'[39m,
  severity: [32m'low'[39m,
  conflictingFields: []
}
Conflict detected {
  conflictId: [32m'VpKIMEoMKQhgH2KFXJ2qD'[39m,
  entityType: [32m'Account'[39m,
  entityId: [32m'acct-481'[39m,
  severity: [32m'low'[39m,
  conflictingFields: []
}
Conflict detected {
  conflictId: [32m'kbbLk5ECl0JdbbDzTLuW7'[39m,
  entityType: [32m'Account'[39m,
  entityId: [32m'acct-482'[39m,
  severity: [32m'low'[39m,
  conflictingFields: []
}
Conflict detected {
  conflictId: [32m'cm_fqxtZOSmBftlLg3Jn3'[39m,
  entityType: [32m'Account'[39m,
  entityId: [32m'acct-483'[39m,
  severity: [32m'low'[39m,
  conflictingFields: []
}
Conflict detected {
  conflictId: [32m'pejUY8s2-V_M2NtOx02Q3'[39m,
  entityType: [32m'Account'[39m,
  entityId: [32m'acct-484'[39m,
  severity: [32m'low'[39m,
  conflictingFields: []
}
Conflict detected {
  conflictId: [32m'Zy11XSRwJwXjkO5mAVDom'[39m,
  entityType: [32m'Account'[39m,
  entityId: [32m'acct-485'[39m,
  severity: [32m'low'[39m,
  conflictingFields: []
}
Conflict detected {
  conflictId: [32m'TWPNBG9DrMM8GgoAymwgE'[39m,
  entityType: [32m'Account'[39m,
  entityId: [32m'acct-486'[39m,
  severity: [32m'low'[39m,
  conflictingFields: []
}
Conflict detected {
  conflictId: [32m'u7sHh6bcVvlWsryZrTAXy'[39m,
  entityType: [32m'Account'[39m,
  entityId: [32m'acct-487'[39m,
  severity: [32m'low'[39m,
  conflictingFields: []
}
Conflict detected {
  conflictId: [32m'uRIYTJ3u-oKl8Zj-c4Hm2'[39m,
  entityType: [32m'Account'[39m,
  entityId: [32m'acct-488'[39m,
  severity: [32m'low'[39m,
  conflictingFields: []
}
Conflict detected {
  conflictId: [32m'G1Xu6jLkvapI2n7J1rGbu'[39m,
  entityType: [32m'Account'[39m,
  entityId: [32m'acct-489'[39m,
  severity: [32m'low'[39m,
  conflictingFields: []
}
Conflict detected {
  conflictId: [32m'ishpnBJyrB8jTib7vBENh'[39m,
  entityType: [32m'Account'[39m,
  entityId: [32m'acct-490'[39m,
  severity: [32m'low'[39m,
  conflictingFields: []
}
Conflict detected {
  conflictId: [32m'WtO76uatyp7bDRN1C-z6C'[39m,
  entityType: [32m'Account'[39m,
  entityId: [32m'acct-491'[39m,
  severity: [32m'low'[39m,
  conflictingFields: []
}
Conflict detected {
  conflictId: [32m'zY5zJKKXiYDoG9pRvLUQK'[39m,
  entityType: [32m'Account'[39m,
  entityId: [32m'acct-492'[39m,
  severity: [32m'low'[39m,
  conflictingFields: []
}
Conflict detected {
  conflictId: [32m'fBd423rHxg5Zr8LuS2Gvp'[39m,
  entityType: [32m'Account'[39m,
  entityId: [32m'acct-493'[39m,
  severity: [32m'low'[39m,
  conflictingFields: []
}
Conflict detected {
  conflictId: [32m'4ZZhl6R168nGLLbbgn63_'[39m,
  entityType: [32m'Account'[39m,
  entityId: [32m'acct-494'[39m,
  severity: [32m'low'[39m,
  conflictingFields: []
}
Conflict detected {
  conflictId: [32m'HxbZ_G-SJgn7tT9jbnNud'[39m,
  entityType: [32m'Account'[39m,
  entityId: [32m'acct-495'[39m,
  severity: [32m'low'[39m,
  conflictingFields: []
}
Conflict detected {
  conflictId: [32m'zvy02N_pqVbyHY9QiItiB'[39m,
  entityType: [32m'Account'[39m,
  entityId: [32m'acct-496'[39m,
  severity: [32m'low'[39m,
  conflictingFields: []
}
Conflict detected {
  conflictId: [32m'42Idf4J-aGrGxn7YjFPEG'[39m,
  entityType: [32m'Account'[39m,
  entityId: [32m'acct-497'[39m,
  severity: [32m'low'[39m,
  conflictingFields: []
}
Conflict detected {
  conflictId: [32m'NY4ORbDjeqCAY6TWx6sZ9'[39m,
  entityType: [32m'Account'[39m,
  entityId: [32m'acct-498'[39m,
  severity: [32m'low'[39m,
  conflictingFields: []
}
Conflict detected {
  conflictId: [32m'p4FikElnbThrwEVPsYii4'[39m,
  entityType: [32m'Account'[39m,
  entityId: [32m'acct-499'[39m,
  severity: [32m'low'[39m,
  conflictingFields: []
}
Conflict detected {
  conflictId: [32m'Zic-3Qfrg-6RGywOQFcxO'[39m,
  entityType: [32m'Account'[39m,
  entityId: [32m'acct-500'[39m,
  severity: [32m'low'[39m,
  conflictingFields: []
}
Conflict detected {
  conflictId: [32m'IQPwmMrb7oqjXkP_Fzznu'[39m,
  entityType: [32m'Account'[39m,
  entityId: [32m'acct-501'[39m,
  severity: [32m'low'[39m,
  conflictingFields: []
}
Conflict detected {
  conflictId: [32m'MwbPhcN3UNGviF6ROv4Tb'[39m,
  entityType: [32m'Account'[39m,
  entityId: [32m'acct-502'[39m,
  severity: [32m'low'[39m,
  conflictingFields: []
}
Conflict detected {
  conflictId: [32m's6aL1ov0sts-71pJc1jgt'[39m,
  entityType: [32m'Account'[39m,
  entityId: [32m'acct-503'[39m,
  severity: [32m'low'[39m,
  conflictingFields: []
}
Conflict detected {
  conflictId: [32m'RAagR14IVj72w5Ed7J_Mz'[39m,
  entityType: [32m'Account'[39m,
  entityId: [32m'acct-504'[39m,
  severity: [32m'low'[39m,
  conflictingFields: []
}
Conflict detected {
  conflictId: [32m'xO0k5l6Hp3Lh4cyIyKiiQ'[39m,
  entityType: [32m'Account'[39m,
  entityId: [32m'acct-505'[39m,
  severity: [32m'low'[39m,
  conflictingFields: []
}
Conflict detected {
  conflictId: [32m'zj-o-i-bVhVY297nE3Fyv'[39m,
  entityType: [32m'Account'[39m,
  entityId: [32m'acct-506'[39m,
  severity: [32m'low'[39m,
  conflictingFields: []
}
Conflict detected {
  conflictId: [32m'2-zaTXe_G-_947zYkWZt9'[39m,
  entityType: [32m'Account'[39m,
  entityId: [32m'acct-507'[39m,
  severity: [32m'low'[39m,
  conflictingFields: []
}
Conflict detected {
  conflictId: [32m'Sc3CpgpmkK4-AryXKu93_'[39m,
  entityType: [32m'Account'[39m,
  entityId: [32m'acct-508'[39m,
  severity: [32m'low'[39m,
  conflictingFields: []
}
Conflict detected {
  conflictId: [32m'xbPDVkTVVMCEFyTMkWGfU'[39m,
  entityType: [32m'Account'[39m,
  entityId: [32m'acct-509'[39m,
  severity: [32m'low'[39m,
  conflictingFields: []
}
Conflict detected {
  conflictId: [32m'0p0PdLPz-dMIStZFfsyjL'[39m,
  entityType: [32m'Account'[39m,
  entityId: [32m'acct-510'[39m,
  severity: [32m'low'[39m,
  conflictingFields: []
}
Conflict detected {
  conflictId: [32m'-axfDlifG3XcE_ggzNCcB'[39m,
  entityType: [32m'Account'[39m,
  entityId: [32m'acct-511'[39m,
  severity: [32m'low'[39m,
  conflictingFields: []
}
Conflict detected {
  conflictId: [32m'ySuWb3zj2Qc2jhyWOoO3J'[39m,
  entityType: [32m'Account'[39m,
  entityId: [32m'acct-512'[39m,
  severity: [32m'low'[39m,
  conflictingFields: []
}
Conflict detected {
  conflictId: [32m'AHOo9yKO9sSohxShAl4Zj'[39m,
  entityType: [32m'Account'[39m,
  entityId: [32m'acct-513'[39m,
  severity: [32m'low'[39m,
  conflictingFields: []
}
Conflict detected {
  conflictId: [32m'OSaR6lawEr1CUTX3_asXT'[39m,
  entityType: [32m'Account'[39m,
  entityId: [32m'acct-514'[39m,
  severity: [32m'low'[39m,
  conflictingFields: []
}
Conflict detected {
  conflictId: [32m'4UQd5Z9H2yz9i5fcOOgpG'[39m,
  entityType: [32m'Account'[39m,
  entityId: [32m'acct-515'[39m,
  severity: [32m'low'[39m,
  conflictingFields: []
}
Conflict detected {
  conflictId: [32m'l9-Pk0OpJTxELMzyiyjav'[39m,
  entityType: [32m'Account'[39m,
  entityId: [32m'acct-516'[39m,
  severity: [32m'low'[39m,
  conflictingFields: []
}
Conflict detected {
  conflictId: [32m'khp_iZZuAhk5qlF3g8qiT'[39m,
  entityType: [32m'Account'[39m,
  entityId: [32m'acct-517'[39m,
  severity: [32m'low'[39m,
  conflictingFields: []
}
Conflict detected {
  conflictId: [32m'cIrWsjTv9UXsj69LowDaP'[39m,
  entityType: [32m'Account'[39m,
  entityId: [32m'acct-518'[39m,
  severity: [32m'low'[39m,
  conflictingFields: []
}
Conflict detected {
  conflictId: [32m'QFWQSYXf2ZjA9GltwPFMy'[39m,
  entityType: [32m'Account'[39m,
  entityId: [32m'acct-519'[39m,
  severity: [32m'low'[39m,
  conflictingFields: []
}
Conflict detected {
  conflictId: [32m'k4SwxAO6sys-Z9geVY88g'[39m,
  entityType: [32m'Account'[39m,
  entityId: [32m'acct-520'[39m,
  severity: [32m'low'[39m,
  conflictingFields: []
}
Conflict detected {
  conflictId: [32m'QKexXgdWfGaKYrgDQGqTb'[39m,
  entityType: [32m'Account'[39m,
  entityId: [32m'acct-521'[39m,
  severity: [32m'low'[39m,
  conflictingFields: []
}
Conflict detected {
  conflictId: [32m'yxnLiixc1GlhOFeUNOvSX'[39m,
  entityType: [32m'Account'[39m,
  entityId: [32m'acct-522'[39m,
  severity: [32m'low'[39m,
  conflictingFields: []
}
Conflict detected {
  conflictId: [32m'JZPbtw6S3DX4LWNu3ggn0'[39m,
  entityType: [32m'Account'[39m,
  entityId: [32m'acct-523'[39m,
  severity: [32m'low'[39m,
  conflictingFields: []
}
Conflict detected {
  conflictId: [32m'DuWLNDaOkc6qYEYBEWXBt'[39m,
  entityType: [32m'Account'[39m,
  entityId: [32m'acct-524'[39m,
  severity: [32m'low'[39m,
  conflictingFields: []
}
Conflict detected {
  conflictId: [32m'KLGLXju4ySU1KivPa5PRj'[39m,
  entityType: [32m'Account'[39m,
  entityId: [32m'acct-525'[39m,
  severity: [32m'low'[39m,
  conflictingFields: []
}
Conflict detected {
  conflictId: [32m'AO48U5COC-tARkpO0quts'[39m,
  entityType: [32m'Account'[39m,
  entityId: [32m'acct-526'[39m,
  severity: [32m'low'[39m,
  conflictingFields: []
}
Conflict detected {
  conflictId: [32m'23mwLxmM-0i4955lPRp2Q'[39m,
  entityType: [32m'Account'[39m,
  entityId: [32m'acct-527'[39m,
  severity: [32m'low'[39m,
  conflictingFields: []
}
Conflict detected {
  conflictId: [32m'5suR5n9WrvtF_fKobHf2a'[39m,
  entityType: [32m'Account'[39m,
  entityId: [32m'acct-528'[39m,
  severity: [32m'low'[39m,
  conflictingFields: []
}
Conflict detected {
  conflictId: [32m'HULe67mZdVS7Jq4KNcQVn'[39m,
  entityType: [32m'Account'[39m,
  entityId: [32m'acct-529'[39m,
  severity: [32m'low'[39m,
  conflictingFields: []
}
Conflict detected {
  conflictId: [32m'1_iwiuJZ73fV2PRXWS34Q'[39m,
  entityType: [32m'Account'[39m,
  entityId: [32m'acct-530'[39m,
  severity: [32m'low'[39m,
  conflictingFields: []
}
Conflict detected {
  conflictId: [32m'ihztBH_Lxi6LP-qYLrWfp'[39m,
  entityType: [32m'Account'[39m,
  entityId: [32m'acct-531'[39m,
  severity: [32m'low'[39m,
  conflictingFields: []
}
Conflict detected {
  conflictId: [32m'Z9kbTa5bynfyC6XiH6p1T'[39m,
  entityType: [32m'Account'[39m,
  entityId: [32m'acct-532'[39m,
  severity: [32m'low'[39m,
  conflictingFields: []
}
Conflict detected {
  conflictId: [32m'ZZw9orCd3GJkDYgrHQ0tc'[39m,
  entityType: [32m'Account'[39m,
  entityId: [32m'acct-533'[39m,
  severity: [32m'low'[39m,
  conflictingFields: []
}
Conflict detected {
  conflictId: [32m'g08elaX2rszUZDn3qFUSV'[39m,
  entityType: [32m'Account'[39m,
  entityId: [32m'acct-534'[39m,
  severity: [32m'low'[39m,
  conflictingFields: []
}
Conflict detected {
  conflictId: [32m'4DBkTJsYqQpnbR9VBrjY2'[39m,
  entityType: [32m'Account'[39m,
  entityId: [32m'acct-535'[39m,
  severity: [32m'low'[39m,
  conflictingFields: []
}
Conflict detected {
  conflictId: [32m'e3hYNwYOjEx7vXMEmhHi2'[39m,
  entityType: [32m'Account'[39m,
  entityId: [32m'acct-536'[39m,
  severity: [32m'low'[39m,
  conflictingFields: []
}
Conflict detected {
  conflictId: [32m'rl0DkVLpp9IPfUphaZZxj'[39m,
  entityType: [32m'Account'[39m,
  entityId: [32m'acct-537'[39m,
  severity: [32m'low'[39m,
  conflictingFields: []
}
Conflict detected {
  conflictId: [32m'FjXwYnwnfxJJzihWgV91x'[39m,
  entityType: [32m'Account'[39m,
  entityId: [32m'acct-538'[39m,
  severity: [32m'low'[39m,
  conflictingFields: []
}
Conflict detected {
  conflictId: [32m'5kMd88J5wvbjr8d54qReG'[39m,
  entityType: [32m'Account'[39m,
  entityId: [32m'acct-539'[39m,
  severity: [32m'low'[39m,
  conflictingFields: []
}
Conflict detected {
  conflictId: [32m'Bry9umXkjVYRzFWbamQZ0'[39m,
  entityType: [32m'Account'[39m,
  entityId: [32m'acct-540'[39m,
  severity: [32m'low'[39m,
  conflictingFields: []
}
Conflict detected {
  conflictId: [32m'LvVI_PRSYC12vbTk1K89L'[39m,
  entityType: [32m'Account'[39m,
  entityId: [32m'acct-541'[39m,
  severity: [32m'low'[39m,
  conflictingFields: []
}
Conflict detected {
  conflictId: [32m'4stt4mHWLb1rHOI-t8UUE'[39m,
  entityType: [32m'Account'[39m,
  entityId: [32m'acct-542'[39m,
  severity: [32m'low'[39m,
  conflictingFields: []
}
Conflict detected {
  conflictId: [32m'NVvJ1xbRsHTkkLLUURAYp'[39m,
  entityType: [32m'Account'[39m,
  entityId: [32m'acct-543'[39m,
  severity: [32m'low'[39m,
  conflictingFields: []
}
Conflict detected {
  conflictId: [32m'VW6cTvZrJcfgdJHsAlbVs'[39m,
  entityType: [32m'Account'[39m,
  entityId: [32m'acct-544'[39m,
  severity: [32m'low'[39m,
  conflictingFields: []
}
Conflict detected {
  conflictId: [32m'fPy2M3ILdLyU7QpPz8Af-'[39m,
  entityType: [32m'Account'[39m,
  entityId: [32m'acct-545'[39m,
  severity: [32m'low'[39m,
  conflictingFields: []
}
Conflict detected {
  conflictId: [32m'VrRH1b7H_19ZrD5erAQ72'[39m,
  entityType: [32m'Account'[39m,
  entityId: [32m'acct-546'[39m,
  severity: [32m'low'[39m,
  conflictingFields: []
}
Conflict detected {
  conflictId: [32m'MS_C5an-B_Jl5SETHse6y'[39m,
  entityType: [32m'Account'[39m,
  entityId: [32m'acct-547'[39m,
  severity: [32m'low'[39m,
  conflictingFields: []
}
Conflict detected {
  conflictId: [32m'OAytO7dArCoOmWEmA-TKi'[39m,
  entityType: [32m'Account'[39m,
  entityId: [32m'acct-548'[39m,
  severity: [32m'low'[39m,
  conflictingFields: []
}
Conflict detected {
  conflictId: [32m'DvfsH_VkxLRi69OXCDZM1'[39m,
  entityType: [32m'Account'[39m,
  entityId: [32m'acct-549'[39m,
  severity: [32m'low'[39m,
  conflictingFields: []
}
Conflict detected {
  conflictId: [32m'0f2Wy4Ouv3necMF5Hxk39'[39m,
  entityType: [32m'Account'[39m,
  entityId: [32m'acct-550'[39m,
  severity: [32m'low'[39m,
  conflictingFields: []
}
Conflict detected {
  conflictId: [32m'7MBYovGDOFXTH039MzKhh'[39m,
  entityType: [32m'Account'[39m,
  entityId: [32m'acct-551'[39m,
  severity: [32m'low'[39m,
  conflictingFields: []
}
Conflict detected {
  conflictId: [32m'm8MD256HKpXJ68ngagIbJ'[39m,
  entityType: [32m'Account'[39m,
  entityId: [32m'acct-552'[39m,
  severity: [32m'low'[39m,
  conflictingFields: []
}
Conflict detected {
  conflictId: [32m'Sh4ETimHIhXvdY7wYtw1M'[39m,
  entityType: [32m'Account'[39m,
  entityId: [32m'acct-553'[39m,
  severity: [32m'low'[39m,
  conflictingFields: []
}
Conflict detected {
  conflictId: [32m'VQWn-R3q_aUKh1SFFMKus'[39m,
  entityType: [32m'Account'[39m,
  entityId: [32m'acct-554'[39m,
  severity: [32m'low'[39m,
  conflictingFields: []
}
Conflict detected {
  conflictId: [32m'7twECHt1YwIOk1rEtbEkU'[39m,
  entityType: [32m'Account'[39m,
  entityId: [32m'acct-555'[39m,
  severity: [32m'low'[39m,
  conflictingFields: []
}
Conflict detected {
  conflictId: [32m'61MlqLO6qqBcL7F4GcpAO'[39m,
  entityType: [32m'Account'[39m,
  entityId: [32m'acct-556'[39m,
  severity: [32m'low'[39m,
  conflictingFields: []
}
Conflict detected {
  conflictId: [32m'MgWZiH-XdMiY9sxRT0gJE'[39m,
  entityType: [32m'Account'[39m,
  entityId: [32m'acct-557'[39m,
  severity: [32m'low'[39m,
  conflictingFields: []
}
Conflict detected {
  conflictId: [32m'Lh-7skN--yv3HnnQEOeqb'[39m,
  entityType: [32m'Account'[39m,
  entityId: [32m'acct-558'[39m,
  severity: [32m'low'[39m,
  conflictingFields: []
}
Conflict detected {
  conflictId: [32m'HGj4NPocDgIjl7tw76edD'[39m,
  entityType: [32m'Account'[39m,
  entityId: [32m'acct-559'[39m,
  severity: [32m'low'[39m,
  conflictingFields: []
}
Conflict detected {
  conflictId: [32m'TGnansucbTlmMT-7pQRyi'[39m,
  entityType: [32m'Account'[39m,
  entityId: [32m'acct-560'[39m,
  severity: [32m'low'[39m,
  conflictingFields: []
}
Conflict detected {
  conflictId: [32m'VBUIg46ruMWQxIOhqTFvU'[39m,
  entityType: [32m'Account'[39m,
  entityId: [32m'acct-561'[39m,
  severity: [32m'low'[39m,
  conflictingFields: []
}
Conflict detected {
  conflictId: [32m'ZHjvZ2d5PRaM801YbUY-o'[39m,
  entityType: [32m'Account'[39m,
  entityId: [32m'acct-562'[39m,
  severity: [32m'low'[39m,
  conflictingFields: []
}
Conflict detected {
  conflictId: [32m'khD2ZWmoo-73jMelDkQt5'[39m,
  entityType: [32m'Account'[39m,
  entityId: [32m'acct-563'[39m,
  severity: [32m'low'[39m,
  conflictingFields: []
}
Conflict detected {
  conflictId: [32m'fSzCTM4LJ9COpyFXcPKaK'[39m,
  entityType: [32m'Account'[39m,
  entityId: [32m'acct-564'[39m,
  severity: [32m'low'[39m,
  conflictingFields: []
}
Conflict detected {
  conflictId: [32m'SzL4HBAfWqPJoTUROFiH6'[39m,
  entityType: [32m'Account'[39m,
  entityId: [32m'acct-565'[39m,
  severity: [32m'low'[39m,
  conflictingFields: []
}
Conflict detected {
  conflictId: [32m'co6gKzL40trB4YlM07tc4'[39m,
  entityType: [32m'Account'[39m,
  entityId: [32m'acct-566'[39m,
  severity: [32m'low'[39m,
  conflictingFields: []
}
Conflict detected {
  conflictId: [32m'ARaG99-IX7Z0lhmB5o0Vj'[39m,
  entityType: [32m'Account'[39m,
  entityId: [32m'acct-567'[39m,
  severity: [32m'low'[39m,
  conflictingFields: []
}
Conflict detected {
  conflictId: [32m'8GBalZHL3y4zr-lgSOku3'[39m,
  entityType: [32m'Account'[39m,
  entityId: [32m'acct-568'[39m,
  severity: [32m'low'[39m,
  conflictingFields: []
}
Conflict detected {
  conflictId: [32m'iCRnMz4uMc3rDixZZA0Qo'[39m,
  entityType: [32m'Account'[39m,
  entityId: [32m'acct-569'[39m,
  severity: [32m'low'[39m,
  conflictingFields: []
}
Conflict detected {
  conflictId: [32m'uFwqCyt64yqY7gv7eEZs9'[39m,
  entityType: [32m'Account'[39m,
  entityId: [32m'acct-570'[39m,
  severity: [32m'low'[39m,
  conflictingFields: []
}
Conflict detected {
  conflictId: [32m'_ATzYClcctM55Ci2iIJ3V'[39m,
  entityType: [32m'Account'[39m,
  entityId: [32m'acct-571'[39m,
  severity: [32m'low'[39m,
  conflictingFields: []
}
Conflict detected {
  conflictId: [32m'rtKo2hgPxNuQrASl5socI'[39m,
  entityType: [32m'Account'[39m,
  entityId: [32m'acct-572'[39m,
  severity: [32m'low'[39m,
  conflictingFields: []
}
Conflict detected {
  conflictId: [32m'f01rhsbkqA7LVJc29hICS'[39m,
  entityType: [32m'Account'[39m,
  entityId: [32m'acct-573'[39m,
  severity: [32m'low'[39m,
  conflictingFields: []
}
Conflict detected {
  conflictId: [32m'nYhKGqNSoP_k5HSQGw_Wo'[39m,
  entityType: [32m'Account'[39m,
  entityId: [32m'acct-574'[39m,
  severity: [32m'low'[39m,
  conflictingFields: []
}
Conflict detected {
  conflictId: [32m'dGqZ-MSLNCPhGh27go_z4'[39m,
  entityType: [32m'Account'[39m,
  entityId: [32m'acct-575'[39m,
  severity: [32m'low'[39m,
  conflictingFields: []
}
Conflict detected {
  conflictId: [32m'Qff9FQqPzNlx09up_dpfA'[39m,
  entityType: [32m'Account'[39m,
  entityId: [32m'acct-576'[39m,
  severity: [32m'low'[39m,
  conflictingFields: []
}
Conflict detected {
  conflictId: [32m'QE3PW_EUInM4CAKXWAwho'[39m,
  entityType: [32m'Account'[39m,
  entityId: [32m'acct-577'[39m,
  severity: [32m'low'[39m,
  conflictingFields: []
}
Conflict detected {
  conflictId: [32m'iZu-yKMENXR_lsIf2Xgsa'[39m,
  entityType: [32m'Account'[39m,
  entityId: [32m'acct-578'[39m,
  severity: [32m'low'[39m,
  conflictingFields: []
}
Conflict detected {
  conflictId: [32m'pr68AkclL9tQnXZ_ZBrDn'[39m,
  entityType: [32m'Account'[39m,
  entityId: [32m'acct-579'[39m,
  severity: [32m'low'[39m,
  conflictingFields: []
}
Conflict detected {
  conflictId: [32m'_SgYsPwzHmqRMHJmUqswT'[39m,
  entityType: [32m'Account'[39m,
  entityId: [32m'acct-580'[39m,
  severity: [32m'low'[39m,
  conflictingFields: []
}
Conflict detected {
  conflictId: [32m'cDgwgp5zjJbyZEtA6x7Et'[39m,
  entityType: [32m'Account'[39m,
  entityId: [32m'acct-581'[39m,
  severity: [32m'low'[39m,
  conflictingFields: []
}
Conflict detected {
  conflictId: [32m'DrglOGW2atRdvuqrFLXgJ'[39m,
  entityType: [32m'Account'[39m,
  entityId: [32m'acct-582'[39m,
  severity: [32m'low'[39m,
  conflictingFields: []
}
Conflict detected {
  conflictId: [32m'mSH7izJtZMZEzJ7U5axTe'[39m,
  entityType: [32m'Account'[39m,
  entityId: [32m'acct-583'[39m,
  severity: [32m'low'[39m,
  conflictingFields: []
}
Conflict detected {
  conflictId: [32m'WdmbFxngHOG_Fvnx_sASd'[39m,
  entityType: [32m'Account'[39m,
  entityId: [32m'acct-584'[39m,
  severity: [32m'low'[39m,
  conflictingFields: []
}
Conflict detected {
  conflictId: [32m'pdAwnjLI9FA182NRQ3cVa'[39m,
  entityType: [32m'Account'[39m,
  entityId: [32m'acct-585'[39m,
  severity: [32m'low'[39m,
  conflictingFields: []
}
Conflict detected {
  conflictId: [32m'TbyGY0Gs2DeQKb6WKGESR'[39m,
  entityType: [32m'Account'[39m,
  entityId: [32m'acct-586'[39m,
  severity: [32m'low'[39m,
  conflictingFields: []
}
Conflict detected {
  conflictId: [32m'ZF5Rj8CSwySZhGLyOM_56'[39m,
  entityType: [32m'Account'[39m,
  entityId: [32m'acct-587'[39m,
  severity: [32m'low'[39m,
  conflictingFields: []
}
Conflict detected {
  conflictId: [32m'bQM2UcUMVyzGyl9ecEYBZ'[39m,
  entityType: [32m'Account'[39m,
  entityId: [32m'acct-588'[39m,
  severity: [32m'low'[39m,
  conflictingFields: []
}
Conflict detected {
  conflictId: [32m'ulNZ53Xg6TC5zKOSeTYBM'[39m,
  entityType: [32m'Account'[39m,
  entityId: [32m'acct-589'[39m,
  severity: [32m'low'[39m,
  conflictingFields: []
}
Conflict detected {
  conflictId: [32m'LxlOVIiyw99GmssmWr5pT'[39m,
  entityType: [32m'Account'[39m,
  entityId: [32m'acct-590'[39m,
  severity: [32m'low'[39m,
  conflictingFields: []
}
Conflict detected {
  conflictId: [32m'd--M84hn-C98BnO9mpZFc'[39m,
  entityType: [32m'Account'[39m,
  entityId: [32m'acct-591'[39m,
  severity: [32m'low'[39m,
  conflictingFields: []
}
Conflict detected {
  conflictId: [32m'F-WboXjVn1OhwJ8YQCW9h'[39m,
  entityType: [32m'Account'[39m,
  entityId: [32m'acct-592'[39m,
  severity: [32m'low'[39m,
  conflictingFields: []
}
Conflict detected {
  conflictId: [32m'ojwNBnL14sg3V-rzCPpuG'[39m,
  entityType: [32m'Account'[39m,
  entityId: [32m'acct-593'[39m,
  severity: [32m'low'[39m,
  conflictingFields: []
}
Conflict detected {
  conflictId: [32m'rMH3bcV7ZaEBf90SJH3Ug'[39m,
  entityType: [32m'Account'[39m,
  entityId: [32m'acct-594'[39m,
  severity: [32m'low'[39m,
  conflictingFields: []
}
Conflict detected {
  conflictId: [32m'm8Q8xvt3NaL9PW6-jhxQL'[39m,
  entityType: [32m'Account'[39m,
  entityId: [32m'acct-595'[39m,
  severity: [32m'low'[39m,
  conflictingFields: []
}
Conflict detected {
  conflictId: [32m'Q3OE2UIa1zqaMWDLohIIa'[39m,
  entityType: [32m'Account'[39m,
  entityId: [32m'acct-596'[39m,
  severity: [32m'low'[39m,
  conflictingFields: []
}
Conflict detected {
  conflictId: [32m'GtunFxnWKB4Q10kRdAjuE'[39m,
  entityType: [32m'Account'[39m,
  entityId: [32m'acct-597'[39m,
  severity: [32m'low'[39m,
  conflictingFields: []
}
Conflict detected {
  conflictId: [32m'F9YkKB8WabWaEp52HRt3f'[39m,
  entityType: [32m'Account'[39m,
  entityId: [32m'acct-598'[39m,
  severity: [32m'low'[39m,
  conflictingFields: []
}
Conflict detected {
  conflictId: [32m'gXPBUfxQ2P5sfxpjzww8D'[39m,
  entityType: [32m'Account'[39m,
  entityId: [32m'acct-599'[39m,
  severity: [32m'low'[39m,
  conflictingFields: []
}
Conflict detected {
  conflictId: [32m'EvbY84sU9CPdvlmzRd2ko'[39m,
  entityType: [32m'Account'[39m,
  entityId: [32m'acct-600'[39m,
  severity: [32m'low'[39m,
  conflictingFields: []
}
Conflict detected {
  conflictId: [32m'atnHtUCupYywbry5eKgUr'[39m,
  entityType: [32m'Account'[39m,
  entityId: [32m'acct-601'[39m,
  severity: [32m'low'[39m,
  conflictingFields: []
}
Conflict detected {
  conflictId: [32m'VjTSjfVoxriwh-iQ34rpI'[39m,
  entityType: [32m'Account'[39m,
  entityId: [32m'acct-602'[39m,
  severity: [32m'low'[39m,
  conflictingFields: []
}
Conflict detected {
  conflictId: [32m'DCOvp3e9zB73NgYWpoTdJ'[39m,
  entityType: [32m'Account'[39m,
  entityId: [32m'acct-603'[39m,
  severity: [32m'low'[39m,
  conflictingFields: []
}
Conflict detected {
  conflictId: [32m'FWxlG3pznfGMGMTQX27Gt'[39m,
  entityType: [32m'Account'[39m,
  entityId: [32m'acct-604'[39m,
  severity: [32m'low'[39m,
  conflictingFields: []
}
Conflict detected {
  conflictId: [32m'O39pS0tpXPZdhJY7f2Tpn'[39m,
  entityType: [32m'Account'[39m,
  entityId: [32m'acct-605'[39m,
  severity: [32m'low'[39m,
  conflictingFields: []
}
Conflict detected {
  conflictId: [32m'WEZapaRzz0W8PtqptPaRo'[39m,
  entityType: [32m'Account'[39m,
  entityId: [32m'acct-606'[39m,
  severity: [32m'low'[39m,
  conflictingFields: []
}
Conflict detected {
  conflictId: [32m'ZkZe69JSD9ECLNndyi6Xz'[39m,
  entityType: [32m'Account'[39m,
  entityId: [32m'acct-607'[39m,
  severity: [32m'low'[39m,
  conflictingFields: []
}
Conflict detected {
  conflictId: [32m'QWIxoSMvQ0YrPh87SS17G'[39m,
  entityType: [32m'Account'[39m,
  entityId: [32m'acct-608'[39m,
  severity: [32m'low'[39m,
  conflictingFields: []
}
Conflict detected {
  conflictId: [32m'RsCkozupbVDe5qibM7FnB'[39m,
  entityType: [32m'Account'[39m,
  entityId: [32m'acct-609'[39m,
  severity: [32m'low'[39m,
  conflictingFields: []
}
Conflict detected {
  conflictId: [32m'C8O8tlqN75heM8VK6MUf5'[39m,
  entityType: [32m'Account'[39m,
  entityId: [32m'acct-610'[39m,
  severity: [32m'low'[39m,
  conflictingFields: []
}
Conflict detected {
  conflictId: [32m'6i9aQFqP5pafsng66CecN'[39m,
  entityType: [32m'Account'[39m,
  entityId: [32m'acct-611'[39m,
  severity: [32m'low'[39m,
  conflictingFields: []
}
Conflict detected {
  conflictId: [32m'QuwkcaL0HxDzDT2qOAi4p'[39m,
  entityType: [32m'Account'[39m,
  entityId: [32m'acct-612'[39m,
  severity: [32m'low'[39m,
  conflictingFields: []
}
Conflict detected {
  conflictId: [32m'g--4J9CNNjdStmlqVdj3H'[39m,
  entityType: [32m'Account'[39m,
  entityId: [32m'acct-613'[39m,
  severity: [32m'low'[39m,
  conflictingFields: []
}
Conflict detected {
  conflictId: [32m'Mkr4YcZhp0KzErd_bmxdX'[39m,
  entityType: [32m'Account'[39m,
  entityId: [32m'acct-614'[39m,
  severity: [32m'low'[39m,
  conflictingFields: []
}
Conflict detected {
  conflictId: [32m'xVaCDEadUcG-__bXES51k'[39m,
  entityType: [32m'Account'[39m,
  entityId: [32m'acct-615'[39m,
  severity: [32m'low'[39m,
  conflictingFields: []
}
Conflict detected {
  conflictId: [32m'vPY34ih_2yQyOlcll6sX6'[39m,
  entityType: [32m'Account'[39m,
  entityId: [32m'acct-616'[39m,
  severity: [32m'low'[39m,
  conflictingFields: []
}
Conflict detected {
  conflictId: [32m'PQhSFfTQ8nLyEXa1q0SX6'[39m,
  entityType: [32m'Account'[39m,
  entityId: [32m'acct-617'[39m,
  severity: [32m'low'[39m,
  conflictingFields: []
}
Conflict detected {
  conflictId: [32m'cOpyUwTts3-HK6fa_JcDY'[39m,
  entityType: [32m'Account'[39m,
  entityId: [32m'acct-618'[39m,
  severity: [32m'low'[39m,
  conflictingFields: []
}
Conflict detected {
  conflictId: [32m'cm5umxoCwXOl7jpXy3MTv'[39m,
  entityType: [32m'Account'[39m,
  entityId: [32m'acct-619'[39m,
  severity: [32m'low'[39m,
  conflictingFields: []
}
Conflict detected {
  conflictId: [32m'IdGNVoS_JfxRlZIuW_nEh'[39m,
  entityType: [32m'Account'[39m,
  entityId: [32m'acct-620'[39m,
  severity: [32m'low'[39m,
  conflictingFields: []
}
Conflict detected {
  conflictId: [32m'97cH0UxPs8KuBfOwILw9u'[39m,
  entityType: [32m'Account'[39m,
  entityId: [32m'acct-621'[39m,
  severity: [32m'low'[39m,
  conflictingFields: []
}
Conflict detected {
  conflictId: [32m'Wg90PFnNYCbW8lvOMKhKP'[39m,
  entityType: [32m'Account'[39m,
  entityId: [32m'acct-622'[39m,
  severity: [32m'low'[39m,
  conflictingFields: []
}
Conflict detected {
  conflictId: [32m'ZOOJRbea18Q3EJQfgej--'[39m,
  entityType: [32m'Account'[39m,
  entityId: [32m'acct-623'[39m,
  severity: [32m'low'[39m,
  conflictingFields: []
}
Conflict detected {
  conflictId: [32m'ayAo87GgB0yUC1B_HLcGR'[39m,
  entityType: [32m'Account'[39m,
  entityId: [32m'acct-624'[39m,
  severity: [32m'low'[39m,
  conflictingFields: []
}
Conflict detected {
  conflictId: [32m'rzL7cPFptOlooRhDUL9Vo'[39m,
  entityType: [32m'Account'[39m,
  entityId: [32m'acct-625'[39m,
  severity: [32m'low'[39m,
  conflictingFields: []
}
Conflict detected {
  conflictId: [32m'8jYjkEEwnQhV8FJFjVLjn'[39m,
  entityType: [32m'Account'[39m,
  entityId: [32m'acct-626'[39m,
  severity: [32m'low'[39m,
  conflictingFields: []
}
Conflict detected {
  conflictId: [32m'wDlP7F9RA0PiWcEAnIROQ'[39m,
  entityType: [32m'Account'[39m,
  entityId: [32m'acct-627'[39m,
  severity: [32m'low'[39m,
  conflictingFields: []
}
Conflict detected {
  conflictId: [32m'_0OxT6uyKnYnlmEECUQTY'[39m,
  entityType: [32m'Account'[39m,
  entityId: [32m'acct-628'[39m,
  severity: [32m'low'[39m,
  conflictingFields: []
}
Conflict detected {
  conflictId: [32m'5oulAKgUZtWzK0JMEIeRq'[39m,
  entityType: [32m'Account'[39m,
  entityId: [32m'acct-629'[39m,
  severity: [32m'low'[39m,
  conflictingFields: []
}
Conflict detected {
  conflictId: [32m'qHyifHGGh_D_bnjTM4mZQ'[39m,
  entityType: [32m'Account'[39m,
  entityId: [32m'acct-630'[39m,
  severity: [32m'low'[39m,
  conflictingFields: []
}
Conflict detected {
  conflictId: [32m'Cmq4kXEOxQt1lW_HvHlfT'[39m,
  entityType: [32m'Account'[39m,
  entityId: [32m'acct-631'[39m,
  severity: [32m'low'[39m,
  conflictingFields: []
}
Conflict detected {
  conflictId: [32m'Ufu9PHCiYyXJkPrsNazo7'[39m,
  entityType: [32m'Account'[39m,
  entityId: [32m'acct-632'[39m,
  severity: [32m'low'[39m,
  conflictingFields: []
}
Conflict detected {
  conflictId: [32m'ieG4cqj2lMv2cL-z6qO6j'[39m,
  entityType: [32m'Account'[39m,
  entityId: [32m'acct-633'[39m,
  severity: [32m'low'[39m,
  conflictingFields: []
}
Conflict detected {
  conflictId: [32m'O9t-KwCvfGURta0Moz8Ie'[39m,
  entityType: [32m'Account'[39m,
  entityId: [32m'acct-634'[39m,
  severity: [32m'low'[39m,
  conflictingFields: []
}
Conflict detected {
  conflictId: [32m'YNWgxvdEYfIKstr8B0HlI'[39m,
  entityType: [32m'Account'[39m,
  entityId: [32m'acct-635'[39m,
  severity: [32m'low'[39m,
  conflictingFields: []
}
Conflict detected {
  conflictId: [32m'uAylvTQ0IXMNB1v7HuMQI'[39m,
  entityType: [32m'Account'[39m,
  entityId: [32m'acct-636'[39m,
  severity: [32m'low'[39m,
  conflictingFields: []
}
Conflict detected {
  conflictId: [32m'4Rg1jPnuan59uPUNsbG7p'[39m,
  entityType: [32m'Account'[39m,
  entityId: [32m'acct-637'[39m,
  severity: [32m'low'[39m,
  conflictingFields: []
}
Conflict detected {
  conflictId: [32m'Lfa8yB-K4LXhB3nMe7Ifx'[39m,
  entityType: [32m'Account'[39m,
  entityId: [32m'acct-638'[39m,
  severity: [32m'low'[39m,
  conflictingFields: []
}
Conflict detected {
  conflictId: [32m'yQBXE_cJoo-JBkCcjS_Cn'[39m,
  entityType: [32m'Account'[39m,
  entityId: [32m'acct-639'[39m,
  severity: [32m'low'[39m,
  conflictingFields: []
}
Conflict detected {
  conflictId: [32m'sTtPmFk9JCHEncqZi3KfW'[39m,
  entityType: [32m'Account'[39m,
  entityId: [32m'acct-640'[39m,
  severity: [32m'low'[39m,
  conflictingFields: []
}
Conflict detected {
  conflictId: [32m'adr2EikFkKT7_gdDCtQ_C'[39m,
  entityType: [32m'Account'[39m,
  entityId: [32m'acct-641'[39m,
  severity: [32m'low'[39m,
  conflictingFields: []
}
Conflict detected {
  conflictId: [32m'iE0dKJYOKduFRu5OxSLZO'[39m,
  entityType: [32m'Account'[39m,
  entityId: [32m'acct-642'[39m,
  severity: [32m'low'[39m,
  conflictingFields: []
}
Conflict detected {
  conflictId: [32m'4Js8CPJOeGEySIREi3WyN'[39m,
  entityType: [32m'Account'[39m,
  entityId: [32m'acct-643'[39m,
  severity: [32m'low'[39m,
  conflictingFields: []
}
Conflict detected {
  conflictId: [32m'B6svYvUuR5r13K3pWlBI9'[39m,
  entityType: [32m'Account'[39m,
  entityId: [32m'acct-644'[39m,
  severity: [32m'low'[39m,
  conflictingFields: []
}
Conflict detected {
  conflictId: [32m'ZLtw4Ju2uB3PFNJah3pso'[39m,
  entityType: [32m'Account'[39m,
  entityId: [32m'acct-645'[39m,
  severity: [32m'low'[39m,
  conflictingFields: []
}
Conflict detected {
  conflictId: [32m'BZxBs30yAbVY5KfUlemCs'[39m,
  entityType: [32m'Account'[39m,
  entityId: [32m'acct-646'[39m,
  severity: [32m'low'[39m,
  conflictingFields: []
}
Conflict detected {
  conflictId: [32m'ksP0XthjqKulvJOw_lTkL'[39m,
  entityType: [32m'Account'[39m,
  entityId: [32m'acct-647'[39m,
  severity: [32m'low'[39m,
  conflictingFields: []
}
Conflict detected {
  conflictId: [32m'9711-fjurbZzp9-eNZ0zW'[39m,
  entityType: [32m'Account'[39m,
  entityId: [32m'acct-648'[39m,
  severity: [32m'low'[39m,
  conflictingFields: []
}
Conflict detected {
  conflictId: [32m'LtC9EXooZgWphRPqUlmo-'[39m,
  entityType: [32m'Account'[39m,
  entityId: [32m'acct-649'[39m,
  severity: [32m'low'[39m,
  conflictingFields: []
}
Conflict detected {
  conflictId: [32m'NUyOhAj3sKnRme40OWvQb'[39m,
  entityType: [32m'Account'[39m,
  entityId: [32m'acct-650'[39m,
  severity: [32m'low'[39m,
  conflictingFields: []
}
Conflict detected {
  conflictId: [32m'TcrNXnzySrv31daJK68DR'[39m,
  entityType: [32m'Account'[39m,
  entityId: [32m'acct-651'[39m,
  severity: [32m'low'[39m,
  conflictingFields: []
}
Conflict detected {
  conflictId: [32m'hOeOt3Q7IWawIfhiqwQTR'[39m,
  entityType: [32m'Account'[39m,
  entityId: [32m'acct-652'[39m,
  severity: [32m'low'[39m,
  conflictingFields: []
}
Conflict detected {
  conflictId: [32m'7nszjrnuzC2DLCsIFERl9'[39m,
  entityType: [32m'Account'[39m,
  entityId: [32m'acct-653'[39m,
  severity: [32m'low'[39m,
  conflictingFields: []
}
Conflict detected {
  conflictId: [32m'gewGy7s4r075y5VotQBXC'[39m,
  entityType: [32m'Account'[39m,
  entityId: [32m'acct-654'[39m,
  severity: [32m'low'[39m,
  conflictingFields: []
}
Conflict detected {
  conflictId: [32m'PQkEB70UELuxyDKv4tfLg'[39m,
  entityType: [32m'Account'[39m,
  entityId: [32m'acct-655'[39m,
  severity: [32m'low'[39m,
  conflictingFields: []
}
Conflict detected {
  conflictId: [32m'QZeCnG-ZEcaURwL-3p2qH'[39m,
  entityType: [32m'Account'[39m,
  entityId: [32m'acct-656'[39m,
  severity: [32m'low'[39m,
  conflictingFields: []
}
Conflict detected {
  conflictId: [32m'E9A0Z-xB64UhkBMHV0NMU'[39m,
  entityType: [32m'Account'[39m,
  entityId: [32m'acct-657'[39m,
  severity: [32m'low'[39m,
  conflictingFields: []
}
Conflict detected {
  conflictId: [32m't38cduuiPy1RL35ceMVSX'[39m,
  entityType: [32m'Account'[39m,
  entityId: [32m'acct-658'[39m,
  severity: [32m'low'[39m,
  conflictingFields: []
}
Conflict detected {
  conflictId: [32m'Q82Ae_DG3JPVmOte-X4_z'[39m,
  entityType: [32m'Account'[39m,
  entityId: [32m'acct-659'[39m,
  severity: [32m'low'[39m,
  conflictingFields: []
}
Conflict detected {
  conflictId: [32m'8ecKltB6YuNnl6OIE6lt9'[39m,
  entityType: [32m'Account'[39m,
  entityId: [32m'acct-660'[39m,
  severity: [32m'low'[39m,
  conflictingFields: []
}
Conflict detected {
  conflictId: [32m'CkjhjZc-2mqLYzndo7Y7R'[39m,
  entityType: [32m'Account'[39m,
  entityId: [32m'acct-661'[39m,
  severity: [32m'low'[39m,
  conflictingFields: []
}
Conflict detected {
  conflictId: [32m'7nLPLLr6QnlbkRD_089Zv'[39m,
  entityType: [32m'Account'[39m,
  entityId: [32m'acct-662'[39m,
  severity: [32m'low'[39m,
  conflictingFields: []
}
Conflict detected {
  conflictId: [32m'XEwkW4SHFPwsNhNajn9fk'[39m,
  entityType: [32m'Account'[39m,
  entityId: [32m'acct-663'[39m,
  severity: [32m'low'[39m,
  conflictingFields: []
}
Conflict detected {
  conflictId: [32m'aqGmQ3fUTL_fEsgIoijI_'[39m,
  entityType: [32m'Account'[39m,
  entityId: [32m'acct-664'[39m,
  severity: [32m'low'[39m,
  conflictingFields: []
}
Conflict detected {
  conflictId: [32m'Jt7rO1-1OOrpH1LYjHNVp'[39m,
  entityType: [32m'Account'[39m,
  entityId: [32m'acct-665'[39m,
  severity: [32m'low'[39m,
  conflictingFields: []
}
Conflict detected {
  conflictId: [32m'eBZ8vWr7aFtES7gs08ooS'[39m,
  entityType: [32m'Account'[39m,
  entityId: [32m'acct-666'[39m,
  severity: [32m'low'[39m,
  conflictingFields: []
}
Conflict detected {
  conflictId: [32m'1H0Qo-XUiIQZsVvH_w8WT'[39m,
  entityType: [32m'Account'[39m,
  entityId: [32m'acct-667'[39m,
  severity: [32m'low'[39m,
  conflictingFields: []
}
Conflict detected {
  conflictId: [32m'IxA_j7c-O2626FfQVC_r-'[39m,
  entityType: [32m'Account'[39m,
  entityId: [32m'acct-668'[39m,
  severity: [32m'low'[39m,
  conflictingFields: []
}
Conflict detected {
  conflictId: [32m'2llR9nWCKMiaeBGcprKYf'[39m,
  entityType: [32m'Account'[39m,
  entityId: [32m'acct-669'[39m,
  severity: [32m'low'[39m,
  conflictingFields: []
}
Conflict detected {
  conflictId: [32m'jYyJ8wb7D9cyvSdr368HL'[39m,
  entityType: [32m'Account'[39m,
  entityId: [32m'acct-670'[39m,
  severity: [32m'low'[39m,
  conflictingFields: []
}
Conflict detected {
  conflictId: [32m'1_krT-hAJ86WnxdyejJRB'[39m,
  entityType: [32m'Account'[39m,
  entityId: [32m'acct-671'[39m,
  severity: [32m'low'[39m,
  conflictingFields: []
}
Conflict detected {
  conflictId: [32m'QTIeqwCw300wSqW4M3asu'[39m,
  entityType: [32m'Account'[39m,
  entityId: [32m'acct-672'[39m,
  severity: [32m'low'[39m,
  conflictingFields: []
}
Conflict detected {
  conflictId: [32m'3isXRpwthBnzrwm_vOm1y'[39m,
  entityType: [32m'Account'[39m,
  entityId: [32m'acct-673'[39m,
  severity: [32m'low'[39m,
  conflictingFields: []
}
Conflict detected {
  conflictId: [32m'AwgowC7FQxs9ElJ-w0APe'[39m,
  entityType: [32m'Account'[39m,
  entityId: [32m'acct-674'[39m,
  severity: [32m'low'[39m,
  conflictingFields: []
}
Conflict detected {
  conflictId: [32m'K5gvSjxKkJ_uh1k98yrkO'[39m,
  entityType: [32m'Account'[39m,
  entityId: [32m'acct-675'[39m,
  severity: [32m'low'[39m,
  conflictingFields: []
}
Conflict detected {
  conflictId: [32m'gAGB1QL75a-3HJx-HyXtY'[39m,
  entityType: [32m'Account'[39m,
  entityId: [32m'acct-676'[39m,
  severity: [32m'low'[39m,
  conflictingFields: []
}
Conflict detected {
  conflictId: [32m'Ik2nPm_4bgZsCICYjZPEh'[39m,
  entityType: [32m'Account'[39m,
  entityId: [32m'acct-677'[39m,
  severity: [32m'low'[39m,
  conflictingFields: []
}
Conflict detected {
  conflictId: [32m'-zkn2QbMOdQ1QY6DVlyq3'[39m,
  entityType: [32m'Account'[39m,
  entityId: [32m'acct-678'[39m,
  severity: [32m'low'[39m,
  conflictingFields: []
}
Conflict detected {
  conflictId: [32m'TwJTgnuhTi2uAnCMW3yxe'[39m,
  entityType: [32m'Account'[39m,
  entityId: [32m'acct-679'[39m,
  severity: [32m'low'[39m,
  conflictingFields: []
}
Conflict detected {
  conflictId: [32m'WMXzFGqQQP81H6CM-xUc5'[39m,
  entityType: [32m'Account'[39m,
  entityId: [32m'acct-680'[39m,
  severity: [32m'low'[39m,
  conflictingFields: []
}
Conflict detected {
  conflictId: [32m'BayJ3U4_A5NEosWcLxh9N'[39m,
  entityType: [32m'Account'[39m,
  entityId: [32m'acct-681'[39m,
  severity: [32m'low'[39m,
  conflictingFields: []
}
Conflict detected {
  conflictId: [32m'DLISEJ8eBAp-HkCR30QA9'[39m,
  entityType: [32m'Account'[39m,
  entityId: [32m'acct-682'[39m,
  severity: [32m'low'[39m,
  conflictingFields: []
}
Conflict detected {
  conflictId: [32m'fWpb8qP5sO4o_puX6N6XV'[39m,
  entityType: [32m'Account'[39m,
  entityId: [32m'acct-683'[39m,
  severity: [32m'low'[39m,
  conflictingFields: []
}
Conflict detected {
  conflictId: [32m'-MK2MEuYKBdk4ysnrVlKB'[39m,
  entityType: [32m'Account'[39m,
  entityId: [32m'acct-684'[39m,
  severity: [32m'low'[39m,
  conflictingFields: []
}
Conflict detected {
  conflictId: [32m'veksJ69RXsQ9c1HLiB--q'[39m,
  entityType: [32m'Account'[39m,
  entityId: [32m'acct-685'[39m,
  severity: [32m'low'[39m,
  conflictingFields: []
}
Conflict detected {
  conflictId: [32m'xSbzJVRud841JE-fhEduS'[39m,
  entityType: [32m'Account'[39m,
  entityId: [32m'acct-686'[39m,
  severity: [32m'low'[39m,
  conflictingFields: []
}
Conflict detected {
  conflictId: [32m'L80p9gs64RdhxFlaZJovw'[39m,
  entityType: [32m'Account'[39m,
  entityId: [32m'acct-687'[39m,
  severity: [32m'low'[39m,
  conflictingFields: []
}
Conflict detected {
  conflictId: [32m'3ZfzydqA8zGz8T8tFWrsM'[39m,
  entityType: [32m'Account'[39m,
  entityId: [32m'acct-688'[39m,
  severity: [32m'low'[39m,
  conflictingFields: []
}
Conflict detected {
  conflictId: [32m'eLLDYYReBQiKmWzWCYRbB'[39m,
  entityType: [32m'Account'[39m,
  entityId: [32m'acct-689'[39m,
  severity: [32m'low'[39m,
  conflictingFields: []
}
Conflict detected {
  conflictId: [32m'CVs3Sk2_JwQMombcZu1kN'[39m,
  entityType: [32m'Account'[39m,
  entityId: [32m'acct-690'[39m,
  severity: [32m'low'[39m,
  conflictingFields: []
}
Conflict detected {
  conflictId: [32m'VU80DCBcWyM_Ia-vQ1uvK'[39m,
  entityType: [32m'Account'[39m,
  entityId: [32m'acct-691'[39m,
  severity: [32m'low'[39m,
  conflictingFields: []
}
Conflict detected {
  conflictId: [32m'AaoBLPDDU_y74vWkfgSFC'[39m,
  entityType: [32m'Account'[39m,
  entityId: [32m'acct-692'[39m,
  severity: [32m'low'[39m,
  conflictingFields: []
}
Conflict detected {
  conflictId: [32m'u1KySP8qqHhj2lxA3YaEv'[39m,
  entityType: [32m'Account'[39m,
  entityId: [32m'acct-693'[39m,
  severity: [32m'low'[39m,
  conflictingFields: []
}
Conflict detected {
  conflictId: [32m'z6RHTbW4H0ILyI5jf4Xsn'[39m,
  entityType: [32m'Account'[39m,
  entityId: [32m'acct-694'[39m,
  severity: [32m'low'[39m,
  conflictingFields: []
}
Conflict detected {
  conflictId: [32m'Q1CgDwTQQm8NzCzk17eeU'[39m,
  entityType: [32m'Account'[39m,
  entityId: [32m'acct-695'[39m,
  severity: [32m'low'[39m,
  conflictingFields: []
}
Conflict detected {
  conflictId: [32m'MCoGyITlZrMu45P2fFgUy'[39m,
  entityType: [32m'Account'[39m,
  entityId: [32m'acct-696'[39m,
  severity: [32m'low'[39m,
  conflictingFields: []
}
Conflict detected {
  conflictId: [32m'CV1s9Pi_M74XBIMQaM3Lx'[39m,
  entityType: [32m'Account'[39m,
  entityId: [32m'acct-697'[39m,
  severity: [32m'low'[39m,
  conflictingFields: []
}
Conflict detected {
  conflictId: [32m'hksTrBPugzlADJ2_UCqnJ'[39m,
  entityType: [32m'Account'[39m,
  entityId: [32m'acct-698'[39m,
  severity: [32m'low'[39m,
  conflictingFields: []
}
Conflict detected {
  conflictId: [32m'znpbZZwv8bmz8sG6SByh-'[39m,
  entityType: [32m'Account'[39m,
  entityId: [32m'acct-699'[39m,
  severity: [32m'low'[39m,
  conflictingFields: []
}
Conflict detected {
  conflictId: [32m'-q6qm485t-5iLAnKfjlyy'[39m,
  entityType: [32m'Account'[39m,
  entityId: [32m'acct-700'[39m,
  severity: [32m'low'[39m,
  conflictingFields: []
}
Conflict detected {
  conflictId: [32m'YGSnUCPilSufyrM7n7QKY'[39m,
  entityType: [32m'Account'[39m,
  entityId: [32m'acct-701'[39m,
  severity: [32m'low'[39m,
  conflictingFields: []
}
Conflict detected {
  conflictId: [32m'S6qPx1r6IhbUPp_zWNYDl'[39m,
  entityType: [32m'Account'[39m,
  entityId: [32m'acct-702'[39m,
  severity: [32m'low'[39m,
  conflictingFields: []
}
Conflict detected {
  conflictId: [32m'o2p_F5-i-vGOIbvCuKoNo'[39m,
  entityType: [32m'Account'[39m,
  entityId: [32m'acct-703'[39m,
  severity: [32m'low'[39m,
  conflictingFields: []
}
Conflict detected {
  conflictId: [32m'iwknBQr3-4oK4uoPRybc4'[39m,
  entityType: [32m'Account'[39m,
  entityId: [32m'acct-704'[39m,
  severity: [32m'low'[39m,
  conflictingFields: []
}
Conflict detected {
  conflictId: [32m'uoddPNfSbKf2I-90m26N6'[39m,
  entityType: [32m'Account'[39m,
  entityId: [32m'acct-705'[39m,
  severity: [32m'low'[39m,
  conflictingFields: []
}
Conflict detected {
  conflictId: [32m'DX_PjPz6ACk_MiOgQyizE'[39m,
  entityType: [32m'Account'[39m,
  entityId: [32m'acct-706'[39m,
  severity: [32m'low'[39m,
  conflictingFields: []
}
Conflict detected {
  conflictId: [32m'jnZX_HoZZgvtD4KR0ZGFj'[39m,
  entityType: [32m'Account'[39m,
  entityId: [32m'acct-707'[39m,
  severity: [32m'low'[39m,
  conflictingFields: []
}
Conflict detected {
  conflictId: [32m'ShQLm-fIQtGqkrvgp4aWk'[39m,
  entityType: [32m'Account'[39m,
  entityId: [32m'acct-708'[39m,
  severity: [32m'low'[39m,
  conflictingFields: []
}
Conflict detected {
  conflictId: [32m'SdPPxBQCdLjAzCz5Retaq'[39m,
  entityType: [32m'Account'[39m,
  entityId: [32m'acct-709'[39m,
  severity: [32m'low'[39m,
  conflictingFields: []
}
Conflict detected {
  conflictId: [32m'MgjuzhEt8aFIPgCYTMUSP'[39m,
  entityType: [32m'Account'[39m,
  entityId: [32m'acct-710'[39m,
  severity: [32m'low'[39m,
  conflictingFields: []
}
Conflict detected {
  conflictId: [32m'TiNN5ayuQViWrt4ba1EEI'[39m,
  entityType: [32m'Account'[39m,
  entityId: [32m'acct-711'[39m,
  severity: [32m'low'[39m,
  conflictingFields: []
}
Conflict detected {
  conflictId: [32m'3cHvky2NZG34NZK0pgfyK'[39m,
  entityType: [32m'Account'[39m,
  entityId: [32m'acct-712'[39m,
  severity: [32m'low'[39m,
  conflictingFields: []
}
Conflict detected {
  conflictId: [32m'nDe3DG85tbkvlI59AsDos'[39m,
  entityType: [32m'Account'[39m,
  entityId: [32m'acct-713'[39m,
  severity: [32m'low'[39m,
  conflictingFields: []
}
Conflict detected {
  conflictId: [32m'ALnHqymgSMlYME58gbeqU'[39m,
  entityType: [32m'Account'[39m,
  entityId: [32m'acct-714'[39m,
  severity: [32m'low'[39m,
  conflictingFields: []
}
Conflict detected {
  conflictId: [32m'Fw4kcqq1ItB-S5Gzjs0Iu'[39m,
  entityType: [32m'Account'[39m,
  entityId: [32m'acct-715'[39m,
  severity: [32m'low'[39m,
  conflictingFields: []
}
Conflict detected {
  conflictId: [32m'YQUAzBUnidBlJxYSBcfcv'[39m,
  entityType: [32m'Account'[39m,
  entityId: [32m'acct-716'[39m,
  severity: [32m'low'[39m,
  conflictingFields: []
}
Conflict detected {
  conflictId: [32m'4Pktn15WApfdZxQH-CMBT'[39m,
  entityType: [32m'Account'[39m,
  entityId: [32m'acct-717'[39m,
  severity: [32m'low'[39m,
  conflictingFields: []
}
Conflict detected {
  conflictId: [32m'WB5Y4NNgDq8ZkHJObZEkX'[39m,
  entityType: [32m'Account'[39m,
  entityId: [32m'acct-718'[39m,
  severity: [32m'low'[39m,
  conflictingFields: []
}
Conflict detected {
  conflictId: [32m'VfGURa3DSEsexNKYhcG3q'[39m,
  entityType: [32m'Account'[39m,
  entityId: [32m'acct-719'[39m,
  severity: [32m'low'[39m,
  conflictingFields: []
}
Conflict detected {
  conflictId: [32m'WlDHbi8ytUsKixbURCc4R'[39m,
  entityType: [32m'Account'[39m,
  entityId: [32m'acct-720'[39m,
  severity: [32m'low'[39m,
  conflictingFields: []
}
Conflict detected {
  conflictId: [32m'qffbRe0Nb_9ObL0Rh_eqU'[39m,
  entityType: [32m'Account'[39m,
  entityId: [32m'acct-721'[39m,
  severity: [32m'low'[39m,
  conflictingFields: []
}
Conflict detected {
  conflictId: [32m'NFmJg49QWJH8kns1uL-22'[39m,
  entityType: [32m'Account'[39m,
  entityId: [32m'acct-722'[39m,
  severity: [32m'low'[39m,
  conflictingFields: []
}
Conflict detected {
  conflictId: [32m'OzOtXiLxCRmZ9UicRtXO0'[39m,
  entityType: [32m'Account'[39m,
  entityId: [32m'acct-723'[39m,
  severity: [32m'low'[39m,
  conflictingFields: []
}
Conflict detected {
  conflictId: [32m'eAvak9pJ6mrhxkcN_0v0D'[39m,
  entityType: [32m'Account'[39m,
  entityId: [32m'acct-724'[39m,
  severity: [32m'low'[39m,
  conflictingFields: []
}
Conflict detected {
  conflictId: [32m'XxSHWV2cXyRmDxtaNFgv4'[39m,
  entityType: [32m'Account'[39m,
  entityId: [32m'acct-725'[39m,
  severity: [32m'low'[39m,
  conflictingFields: []
}
Conflict detected {
  conflictId: [32m'HsBVZLSvt_DbFmTzJW4-k'[39m,
  entityType: [32m'Account'[39m,
  entityId: [32m'acct-726'[39m,
  severity: [32m'low'[39m,
  conflictingFields: []
}
Conflict detected {
  conflictId: [32m'4NDdUXlHjgRLU6FHngEjf'[39m,
  entityType: [32m'Account'[39m,
  entityId: [32m'acct-727'[39m,
  severity: [32m'low'[39m,
  conflictingFields: []
}
Conflict detected {
  conflictId: [32m'rOOotNbtkwWNXAfRSMfWG'[39m,
  entityType: [32m'Account'[39m,
  entityId: [32m'acct-728'[39m,
  severity: [32m'low'[39m,
  conflictingFields: []
}
Conflict detected {
  conflictId: [32m'jGcjqFObXHstusa0k3ZC9'[39m,
  entityType: [32m'Account'[39m,
  entityId: [32m'acct-729'[39m,
  severity: [32m'low'[39m,
  conflictingFields: []
}
Conflict detected {
  conflictId: [32m'mv-ZWprHJzD4sfR_kVJ0y'[39m,
  entityType: [32m'Account'[39m,
  entityId: [32m'acct-730'[39m,
  severity: [32m'low'[39m,
  conflictingFields: []
}
Conflict detected {
  conflictId: [32m'dKVFObPnznNIr3v9jjw2d'[39m,
  entityType: [32m'Account'[39m,
  entityId: [32m'acct-731'[39m,
  severity: [32m'low'[39m,
  conflictingFields: []
}
Conflict detected {
  conflictId: [32m'3iSgNnb0MzeJoosRe7kyd'[39m,
  entityType: [32m'Account'[39m,
  entityId: [32m'acct-732'[39m,
  severity: [32m'low'[39m,
  conflictingFields: []
}
Conflict detected {
  conflictId: [32m'sCB8TJyTYyqPzt6Fcp9bq'[39m,
  entityType: [32m'Account'[39m,
  entityId: [32m'acct-733'[39m,
  severity: [32m'low'[39m,
  conflictingFields: []
}
Conflict detected {
  conflictId: [32m'wA8uC_mWbvDT9eqxrZjXG'[39m,
  entityType: [32m'Account'[39m,
  entityId: [32m'acct-734'[39m,
  severity: [32m'low'[39m,
  conflictingFields: []
}
Conflict detected {
  conflictId: [32m'1cxnga5t1quCDS7I1PoDM'[39m,
  entityType: [32m'Account'[39m,
  entityId: [32m'acct-735'[39m,
  severity: [32m'low'[39m,
  conflictingFields: []
}
Conflict detected {
  conflictId: [32m'z5K1HTOswx7HK-dLkNPRE'[39m,
  entityType: [32m'Account'[39m,
  entityId: [32m'acct-736'[39m,
  severity: [32m'low'[39m,
  conflictingFields: []
}
Conflict detected {
  conflictId: [32m'wUdwuc1adrlc7y1LTUtQE'[39m,
  entityType: [32m'Account'[39m,
  entityId: [32m'acct-737'[39m,
  severity: [32m'low'[39m,
  conflictingFields: []
}
Conflict detected {
  conflictId: [32m'ebjIQ1eh1Y2lp-_oBze7R'[39m,
  entityType: [32m'Account'[39m,
  entityId: [32m'acct-738'[39m,
  severity: [32m'low'[39m,
  conflictingFields: []
}
Conflict detected {
  conflictId: [32m'3xLSVH5oS50xZRXIDBWDo'[39m,
  entityType: [32m'Account'[39m,
  entityId: [32m'acct-739'[39m,
  severity: [32m'low'[39m,
  conflictingFields: []
}
Conflict detected {
  conflictId: [32m'rcEu1uo-gk7SF1C5eCJz_'[39m,
  entityType: [32m'Account'[39m,
  entityId: [32m'acct-740'[39m,
  severity: [32m'low'[39m,
  conflictingFields: []
}
Conflict detected {
  conflictId: [32m'eiUvNf4Dlpjne1I7llGL9'[39m,
  entityType: [32m'Account'[39m,
  entityId: [32m'acct-741'[39m,
  severity: [32m'low'[39m,
  conflictingFields: []
}
Conflict detected {
  conflictId: [32m'8U-xil1-gxJMGCHkf5BhY'[39m,
  entityType: [32m'Account'[39m,
  entityId: [32m'acct-742'[39m,
  severity: [32m'low'[39m,
  conflictingFields: []
}
Conflict detected {
  conflictId: [32m'fvSuUAJDgaDdZEb4luYke'[39m,
  entityType: [32m'Account'[39m,
  entityId: [32m'acct-743'[39m,
  severity: [32m'low'[39m,
  conflictingFields: []
}
Conflict detected {
  conflictId: [32m'BFWjb-IQUQpEav9Qdmmkp'[39m,
  entityType: [32m'Account'[39m,
  entityId: [32m'acct-744'[39m,
  severity: [32m'low'[39m,
  conflictingFields: []
}
Conflict detected {
  conflictId: [32m'YTJ_ZGEQ5XY1QiiMxGD6E'[39m,
  entityType: [32m'Account'[39m,
  entityId: [32m'acct-745'[39m,
  severity: [32m'low'[39m,
  conflictingFields: []
}
Conflict detected {
  conflictId: [32m'mq3B_KkWQndersrfx8uj8'[39m,
  entityType: [32m'Account'[39m,
  entityId: [32m'acct-746'[39m,
  severity: [32m'low'[39m,
  conflictingFields: []
}
Conflict detected {
  conflictId: [32m'teoeCuNv_M9rFhiz9Ep4a'[39m,
  entityType: [32m'Account'[39m,
  entityId: [32m'acct-747'[39m,
  severity: [32m'low'[39m,
  conflictingFields: []
}
Conflict detected {
  conflictId: [32m'mqMh2v4YN334YpSdWz1yL'[39m,
  entityType: [32m'Account'[39m,
  entityId: [32m'acct-748'[39m,
  severity: [32m'low'[39m,
  conflictingFields: []
}
Conflict detected {
  conflictId: [32m'lKadvwYN8sS5LZSXu4sZu'[39m,
  entityType: [32m'Account'[39m,
  entityId: [32m'acct-749'[39m,
  severity: [32m'low'[39m,
  conflictingFields: []
}
Conflict detected {
  conflictId: [32m'jENwW7EOWvoGDa5s33iAz'[39m,
  entityType: [32m'Account'[39m,
  entityId: [32m'acct-750'[39m,
  severity: [32m'low'[39m,
  conflictingFields: []
}
Conflict detected {
  conflictId: [32m'H4ROoH4RoK1cGFDn7xGcd'[39m,
  entityType: [32m'Account'[39m,
  entityId: [32m'acct-751'[39m,
  severity: [32m'low'[39m,
  conflictingFields: []
}
Conflict detected {
  conflictId: [32m'9sqdROwwOkVJS5BgYwbv1'[39m,
  entityType: [32m'Account'[39m,
  entityId: [32m'acct-752'[39m,
  severity: [32m'low'[39m,
  conflictingFields: []
}
Conflict detected {
  conflictId: [32m'uEJLQB0L8PlyGEzEM4WSh'[39m,
  entityType: [32m'Account'[39m,
  entityId: [32m'acct-753'[39m,
  severity: [32m'low'[39m,
  conflictingFields: []
}
Conflict detected {
  conflictId: [32m'A5nbD7uM7mz0ik0zCS_ou'[39m,
  entityType: [32m'Account'[39m,
  entityId: [32m'acct-754'[39m,
  severity: [32m'low'[39m,
  conflictingFields: []
}
Conflict detected {
  conflictId: [32m'B7hxeUfACW5epNKh1-DDF'[39m,
  entityType: [32m'Account'[39m,
  entityId: [32m'acct-755'[39m,
  severity: [32m'low'[39m,
  conflictingFields: []
}
Conflict detected {
  conflictId: [32m'gO_OBoKv1OVb8RS8cRcl7'[39m,
  entityType: [32m'Account'[39m,
  entityId: [32m'acct-756'[39m,
  severity: [32m'low'[39m,
  conflictingFields: []
}
Conflict detected {
  conflictId: [32m'n66kudLltOELoStfmwfmy'[39m,
  entityType: [32m'Account'[39m,
  entityId: [32m'acct-757'[39m,
  severity: [32m'low'[39m,
  conflictingFields: []
}
Conflict detected {
  conflictId: [32m'iM1yYt4VN15Kuz5jw1F3X'[39m,
  entityType: [32m'Account'[39m,
  entityId: [32m'acct-758'[39m,
  severity: [32m'low'[39m,
  conflictingFields: []
}
Conflict detected {
  conflictId: [32m'zcXv5aU2rtMFA3RGr4eO9'[39m,
  entityType: [32m'Account'[39m,
  entityId: [32m'acct-759'[39m,
  severity: [32m'low'[39m,
  conflictingFields: []
}
Conflict detected {
  conflictId: [32m'_CncjtBiXN2AlhjPjfyZg'[39m,
  entityType: [32m'Account'[39m,
  entityId: [32m'acct-760'[39m,
  severity: [32m'low'[39m,
  conflictingFields: []
}
Conflict detected {
  conflictId: [32m'UcfAz5eCB0keRQa9eOYBL'[39m,
  entityType: [32m'Account'[39m,
  entityId: [32m'acct-761'[39m,
  severity: [32m'low'[39m,
  conflictingFields: []
}
Conflict detected {
  conflictId: [32m'4LzxHYvDOgiFMIB-KlugX'[39m,
  entityType: [32m'Account'[39m,
  entityId: [32m'acct-762'[39m,
  severity: [32m'low'[39m,
  conflictingFields: []
}
Conflict detected {
  conflictId: [32m'f6Wi7f3UDTOIc9kBEnuwC'[39m,
  entityType: [32m'Account'[39m,
  entityId: [32m'acct-763'[39m,
  severity: [32m'low'[39m,
  conflictingFields: []
}
Conflict detected {
  conflictId: [32m'WdZW3rA1Kx6eH_NA2ulph'[39m,
  entityType: [32m'Account'[39m,
  entityId: [32m'acct-764'[39m,
  severity: [32m'low'[39m,
  conflictingFields: []
}
Conflict detected {
  conflictId: [32m'25-odpyQZwlOPRjOdKXrt'[39m,
  entityType: [32m'Account'[39m,
  entityId: [32m'acct-765'[39m,
  severity: [32m'low'[39m,
  conflictingFields: []
}
Conflict detected {
  conflictId: [32m'izZOxAsDmRaIaUJ0BkiyP'[39m,
  entityType: [32m'Account'[39m,
  entityId: [32m'acct-766'[39m,
  severity: [32m'low'[39m,
  conflictingFields: []
}
Conflict detected {
  conflictId: [32m'ejKA3pCfPOj308zVXnwM1'[39m,
  entityType: [32m'Account'[39m,
  entityId: [32m'acct-767'[39m,
  severity: [32m'low'[39m,
  conflictingFields: []
}
Conflict detected {
  conflictId: [32m'P4inXiDS5NdId_KnLfuDM'[39m,
  entityType: [32m'Account'[39m,
  entityId: [32m'acct-768'[39m,
  severity: [32m'low'[39m,
  conflictingFields: []
}
Conflict detected {
  conflictId: [32m'hq6u9qXLb5T5Mu44sfUAy'[39m,
  entityType: [32m'Account'[39m,
  entityId: [32m'acct-769'[39m,
  severity: [32m'low'[39m,
  conflictingFields: []
}
Conflict detected {
  conflictId: [32m'BxrdJwksln_avtlvzSezq'[39m,
  entityType: [32m'Account'[39m,
  entityId: [32m'acct-770'[39m,
  severity: [32m'low'[39m,
  conflictingFields: []
}
Conflict detected {
  conflictId: [32m'_vpRMv979DBFbtIi0hlUW'[39m,
  entityType: [32m'Account'[39m,
  entityId: [32m'acct-771'[39m,
  severity: [32m'low'[39m,
  conflictingFields: []
}
Conflict detected {
  conflictId: [32m'FGdJXtmksMuvKU8kL3Dny'[39m,
  entityType: [32m'Account'[39m,
  entityId: [32m'acct-772'[39m,
  severity: [32m'low'[39m,
  conflictingFields: []
}
Conflict detected {
  conflictId: [32m'K05hvUhWfy0xbSsmC1NrI'[39m,
  entityType: [32m'Account'[39m,
  entityId: [32m'acct-773'[39m,
  severity: [32m'low'[39m,
  conflictingFields: []
}
Conflict detected {
  conflictId: [32m'5Un1Q_Ngv-rT-jZjOz2p8'[39m,
  entityType: [32m'Account'[39m,
  entityId: [32m'acct-774'[39m,
  severity: [32m'low'[39m,
  conflictingFields: []
}
Conflict detected {
  conflictId: [32m'Lz-CCwI4BuTOpAgfhCChq'[39m,
  entityType: [32m'Account'[39m,
  entityId: [32m'acct-775'[39m,
  severity: [32m'low'[39m,
  conflictingFields: []
}
Conflict detected {
  conflictId: [32m'iHdvNSsLcVH15WoWsJFNI'[39m,
  entityType: [32m'Account'[39m,
  entityId: [32m'acct-776'[39m,
  severity: [32m'low'[39m,
  conflictingFields: []
}
Conflict detected {
  conflictId: [32m'6ihkfzJlFhGX56A4yMQ7c'[39m,
  entityType: [32m'Account'[39m,
  entityId: [32m'acct-777'[39m,
  severity: [32m'low'[39m,
  conflictingFields: []
}
Conflict detected {
  conflictId: [32m'7ir8qqU4-jUxq3kUxEmXH'[39m,
  entityType: [32m'Account'[39m,
  entityId: [32m'acct-778'[39m,
  severity: [32m'low'[39m,
  conflictingFields: []
}
Conflict detected {
  conflictId: [32m'0OxisXqEJO4NXJQPxgGbj'[39m,
  entityType: [32m'Account'[39m,
  entityId: [32m'acct-779'[39m,
  severity: [32m'low'[39m,
  conflictingFields: []
}
Conflict detected {
  conflictId: [32m'0lstkMaahfeOM3NFqA5-s'[39m,
  entityType: [32m'Account'[39m,
  entityId: [32m'acct-780'[39m,
  severity: [32m'low'[39m,
  conflictingFields: []
}
Conflict detected {
  conflictId: [32m'xXiMWnOEzEE32qPYgbBfy'[39m,
  entityType: [32m'Account'[39m,
  entityId: [32m'acct-781'[39m,
  severity: [32m'low'[39m,
  conflictingFields: []
}
Conflict detected {
  conflictId: [32m'lrEp_fe09b5M7AtZItqwI'[39m,
  entityType: [32m'Account'[39m,
  entityId: [32m'acct-782'[39m,
  severity: [32m'low'[39m,
  conflictingFields: []
}
Conflict detected {
  conflictId: [32m'ujS0Nd-jDe-rohZD4al8p'[39m,
  entityType: [32m'Account'[39m,
  entityId: [32m'acct-783'[39m,
  severity: [32m'low'[39m,
  conflictingFields: []
}
Conflict detected {
  conflictId: [32m'bEIPnUFTi_zv12PK5uuSQ'[39m,
  entityType: [32m'Account'[39m,
  entityId: [32m'acct-784'[39m,
  severity: [32m'low'[39m,
  conflictingFields: []
}
Conflict detected {
  conflictId: [32m'xq5Z00m6r2FtC4xWePjGt'[39m,
  entityType: [32m'Account'[39m,
  entityId: [32m'acct-785'[39m,
  severity: [32m'low'[39m,
  conflictingFields: []
}
Conflict detected {
  conflictId: [32m'hlvX5tgUsRo_FTwgV43i5'[39m,
  entityType: [32m'Account'[39m,
  entityId: [32m'acct-786'[39m,
  severity: [32m'low'[39m,
  conflictingFields: []
}
Conflict detected {
  conflictId: [32m'Yxa5qRojYSoBKg45GeY19'[39m,
  entityType: [32m'Account'[39m,
  entityId: [32m'acct-787'[39m,
  severity: [32m'low'[39m,
  conflictingFields: []
}
Conflict detected {
  conflictId: [32m'suXNLBclitjO-yLJ7y40C'[39m,
  entityType: [32m'Account'[39m,
  entityId: [32m'acct-788'[39m,
  severity: [32m'low'[39m,
  conflictingFields: []
}
Conflict detected {
  conflictId: [32m'gPQ02ho27Eqcnx3rK60mm'[39m,
  entityType: [32m'Account'[39m,
  entityId: [32m'acct-789'[39m,
  severity: [32m'low'[39m,
  conflictingFields: []
}
Conflict detected {
  conflictId: [32m'QigFhMwHNwU2QcMZnF0mA'[39m,
  entityType: [32m'Account'[39m,
  entityId: [32m'acct-790'[39m,
  severity: [32m'low'[39m,
  conflictingFields: []
}
Conflict detected {
  conflictId: [32m'2idBrSlgpoGwu_2s_YBlU'[39m,
  entityType: [32m'Account'[39m,
  entityId: [32m'acct-791'[39m,
  severity: [32m'low'[39m,
  conflictingFields: []
}
Conflict detected {
  conflictId: [32m'NXbmsE0SYW84xWpVAg_JG'[39m,
  entityType: [32m'Account'[39m,
  entityId: [32m'acct-792'[39m,
  severity: [32m'low'[39m,
  conflictingFields: []
}
Conflict detected {
  conflictId: [32m'-BaIUyGu2_98ZD2aGnxKZ'[39m,
  entityType: [32m'Account'[39m,
  entityId: [32m'acct-793'[39m,
  severity: [32m'low'[39m,
  conflictingFields: []
}
Conflict detected {
  conflictId: [32m'RfP3BmPCH8BMtLEXBPNo1'[39m,
  entityType: [32m'Account'[39m,
  entityId: [32m'acct-794'[39m,
  severity: [32m'low'[39m,
  conflictingFields: []
}
Conflict detected {
  conflictId: [32m'CNk_kRXqcB_jqmJTG0pcu'[39m,
  entityType: [32m'Account'[39m,
  entityId: [32m'acct-795'[39m,
  severity: [32m'low'[39m,
  conflictingFields: []
}
Conflict detected {
  conflictId: [32m'wKXp0geu9OS6I7v1A6wTo'[39m,
  entityType: [32m'Account'[39m,
  entityId: [32m'acct-796'[39m,
  severity: [32m'low'[39m,
  conflictingFields: []
}
Conflict detected {
  conflictId: [32m'_Ko4o9qVDXTC0UFY4mg2L'[39m,
  entityType: [32m'Account'[39m,
  entityId: [32m'acct-797'[39m,
  severity: [32m'low'[39m,
  conflictingFields: []
}
Conflict detected {
  conflictId: [32m'7BCMTQsO0fzuqhi9Xd3lH'[39m,
  entityType: [32m'Account'[39m,
  entityId: [32m'acct-798'[39m,
  severity: [32m'low'[39m,
  conflictingFields: []
}
Conflict detected {
  conflictId: [32m'outTDuhsEOo3VWPa1cA0l'[39m,
  entityType: [32m'Account'[39m,
  entityId: [32m'acct-799'[39m,
  severity: [32m'low'[39m,
  conflictingFields: []
}
Conflict detected {
  conflictId: [32m'WpX1Y10TqdPmXLO1UJ4ZI'[39m,
  entityType: [32m'Account'[39m,
  entityId: [32m'acct-800'[39m,
  severity: [32m'low'[39m,
  conflictingFields: []
}
Conflict detected {
  conflictId: [32m'__Ny7hzLalAzTtqqeBVTR'[39m,
  entityType: [32m'Account'[39m,
  entityId: [32m'acct-801'[39m,
  severity: [32m'low'[39m,
  conflictingFields: []
}
Conflict detected {
  conflictId: [32m'qgDO-F50Fc-3SIkQfWgSW'[39m,
  entityType: [32m'Account'[39m,
  entityId: [32m'acct-802'[39m,
  severity: [32m'low'[39m,
  conflictingFields: []
}
Conflict detected {
  conflictId: [32m'YbKbQjBhute7BpPNdngva'[39m,
  entityType: [32m'Account'[39m,
  entityId: [32m'acct-803'[39m,
  severity: [32m'low'[39m,
  conflictingFields: []
}
Conflict detected {
  conflictId: [32m'190xOwLBms6KIs_XkuHAH'[39m,
  entityType: [32m'Account'[39m,
  entityId: [32m'acct-804'[39m,
  severity: [32m'low'[39m,
  conflictingFields: []
}
Conflict detected {
  conflictId: [32m'Hq9v1ZrbgbpKiZSRavVED'[39m,
  entityType: [32m'Account'[39m,
  entityId: [32m'acct-805'[39m,
  severity: [32m'low'[39m,
  conflictingFields: []
}
Conflict detected {
  conflictId: [32m'LXRvDPaKVSV0Xpnq6ubZg'[39m,
  entityType: [32m'Account'[39m,
  entityId: [32m'acct-806'[39m,
  severity: [32m'low'[39m,
  conflictingFields: []
}
Conflict detected {
  conflictId: [32m'EKOz9btj67uETfjmUFiMr'[39m,
  entityType: [32m'Account'[39m,
  entityId: [32m'acct-807'[39m,
  severity: [32m'low'[39m,
  conflictingFields: []
}
Conflict detected {
  conflictId: [32m'10NHowfVnDYVy7KRIuVfO'[39m,
  entityType: [32m'Account'[39m,
  entityId: [32m'acct-808'[39m,
  severity: [32m'low'[39m,
  conflictingFields: []
}
Conflict detected {
  conflictId: [32m'Kj0zkCGClMgR9KHm11VnZ'[39m,
  entityType: [32m'Account'[39m,
  entityId: [32m'acct-809'[39m,
  severity: [32m'low'[39m,
  conflictingFields: []
}
Conflict detected {
  conflictId: [32m'VOv2LHUAuHEEcpsbnt15V'[39m,
  entityType: [32m'Account'[39m,
  entityId: [32m'acct-810'[39m,
  severity: [32m'low'[39m,
  conflictingFields: []
}
Conflict detected {
  conflictId: [32m'l_mgZK-WDU_qe30B9h73y'[39m,
  entityType: [32m'Account'[39m,
  entityId: [32m'acct-811'[39m,
  severity: [32m'low'[39m,
  conflictingFields: []
}
Conflict detected {
  conflictId: [32m'ShUC_9xB_N2AmwFnSJx23'[39m,
  entityType: [32m'Account'[39m,
  entityId: [32m'acct-812'[39m,
  severity: [32m'low'[39m,
  conflictingFields: []
}
Conflict detected {
  conflictId: [32m'lNWOEAYOyPjBFzcy7R40q'[39m,
  entityType: [32m'Account'[39m,
  entityId: [32m'acct-813'[39m,
  severity: [32m'low'[39m,
  conflictingFields: []
}
Conflict detected {
  conflictId: [32m'_6FSe9SJcM7u3gzn7fEKv'[39m,
  entityType: [32m'Account'[39m,
  entityId: [32m'acct-814'[39m,
  severity: [32m'low'[39m,
  conflictingFields: []
}
Conflict detected {
  conflictId: [32m'tEWsdbaMtvHKlmu0JqWg0'[39m,
  entityType: [32m'Account'[39m,
  entityId: [32m'acct-815'[39m,
  severity: [32m'low'[39m,
  conflictingFields: []
}
Conflict detected {
  conflictId: [32m'1YG3GPRNFGQmdnr-96Pat'[39m,
  entityType: [32m'Account'[39m,
  entityId: [32m'acct-816'[39m,
  severity: [32m'low'[39m,
  conflictingFields: []
}
Conflict detected {
  conflictId: [32m'TdweOimeFAgUcSQvfTQIs'[39m,
  entityType: [32m'Account'[39m,
  entityId: [32m'acct-817'[39m,
  severity: [32m'low'[39m,
  conflictingFields: []
}
Conflict detected {
  conflictId: [32m'PZuJxTTN5Uc-O-6q93o9o'[39m,
  entityType: [32m'Account'[39m,
  entityId: [32m'acct-818'[39m,
  severity: [32m'low'[39m,
  conflictingFields: []
}
Conflict detected {
  conflictId: [32m'W92DwSjKQ9dfP1XDr44C5'[39m,
  entityType: [32m'Account'[39m,
  entityId: [32m'acct-819'[39m,
  severity: [32m'low'[39m,
  conflictingFields: []
}
Conflict detected {
  conflictId: [32m'NQu9Rg4Ah5tg1dxxVnhux'[39m,
  entityType: [32m'Account'[39m,
  entityId: [32m'acct-820'[39m,
  severity: [32m'low'[39m,
  conflictingFields: []
}
Conflict detected {
  conflictId: [32m'MCii1taeYFkxMze9cqiuh'[39m,
  entityType: [32m'Account'[39m,
  entityId: [32m'acct-821'[39m,
  severity: [32m'low'[39m,
  conflictingFields: []
}
Conflict detected {
  conflictId: [32m'QgqPKFc3MLuI6aARhdbNM'[39m,
  entityType: [32m'Account'[39m,
  entityId: [32m'acct-822'[39m,
  severity: [32m'low'[39m,
  conflictingFields: []
}
Conflict detected {
  conflictId: [32m'GEI5Ki8fWUylj_AZN1hgr'[39m,
  entityType: [32m'Account'[39m,
  entityId: [32m'acct-823'[39m,
  severity: [32m'low'[39m,
  conflictingFields: []
}
Conflict detected {
  conflictId: [32m'IUhi1MypkGixLkhPASlme'[39m,
  entityType: [32m'Account'[39m,
  entityId: [32m'acct-824'[39m,
  severity: [32m'low'[39m,
  conflictingFields: []
}
Conflict detected {
  conflictId: [32m'dOR2iGmxW4SpnVZhlkgCm'[39m,
  entityType: [32m'Account'[39m,
  entityId: [32m'acct-825'[39m,
  severity: [32m'low'[39m,
  conflictingFields: []
}
Conflict detected {
  conflictId: [32m'M-x-w4rvQxIpjpkHgc-3p'[39m,
  entityType: [32m'Account'[39m,
  entityId: [32m'acct-826'[39m,
  severity: [32m'low'[39m,
  conflictingFields: []
}
Conflict detected {
  conflictId: [32m'P_awtkUULPt_jq61_TFe2'[39m,
  entityType: [32m'Account'[39m,
  entityId: [32m'acct-827'[39m,
  severity: [32m'low'[39m,
  conflictingFields: []
}
Conflict detected {
  conflictId: [32m'NyGegZxfJsWcOMczf6HTK'[39m,
  entityType: [32m'Account'[39m,
  entityId: [32m'acct-828'[39m,
  severity: [32m'low'[39m,
  conflictingFields: []
}
Conflict detected {
  conflictId: [32m'7BrXKjEx6mwk9hROs9xv7'[39m,
  entityType: [32m'Account'[39m,
  entityId: [32m'acct-829'[39m,
  severity: [32m'low'[39m,
  conflictingFields: []
}
Conflict detected {
  conflictId: [32m'HhhIEXfSZIp9oxVOZNl3u'[39m,
  entityType: [32m'Account'[39m,
  entityId: [32m'acct-830'[39m,
  severity: [32m'low'[39m,
  conflictingFields: []
}
Conflict detected {
  conflictId: [32m'9If-OYdsM1cmFvrQ9z9oE'[39m,
  entityType: [32m'Account'[39m,
  entityId: [32m'acct-831'[39m,
  severity: [32m'low'[39m,
  conflictingFields: []
}
Conflict detected {
  conflictId: [32m'E_JMwBNgB-0tdV283N9Rn'[39m,
  entityType: [32m'Account'[39m,
  entityId: [32m'acct-832'[39m,
  severity: [32m'low'[39m,
  conflictingFields: []
}
Conflict detected {
  conflictId: [32m'PY_TWqhsWYu0pt9PWmFar'[39m,
  entityType: [32m'Account'[39m,
  entityId: [32m'acct-833'[39m,
  severity: [32m'low'[39m,
  conflictingFields: []
}
Conflict detected {
  conflictId: [32m'NtpukcGKq1iPmnpxbV68V'[39m,
  entityType: [32m'Account'[39m,
  entityId: [32m'acct-834'[39m,
  severity: [32m'low'[39m,
  conflictingFields: []
}
Conflict detected {
  conflictId: [32m'EddIvIXnh0-F329ycn-0B'[39m,
  entityType: [32m'Account'[39m,
  entityId: [32m'acct-835'[39m,
  severity: [32m'low'[39m,
  conflictingFields: []
}
Conflict detected {
  conflictId: [32m'-EJSh0_i7gWVRB70jwqmk'[39m,
  entityType: [32m'Account'[39m,
  entityId: [32m'acct-836'[39m,
  severity: [32m'low'[39m,
  conflictingFields: []
}
Conflict detected {
  conflictId: [32m'x9X2-UDQzsyELwyhn2HEq'[39m,
  entityType: [32m'Account'[39m,
  entityId: [32m'acct-837'[39m,
  severity: [32m'low'[39m,
  conflictingFields: []
}
Conflict detected {
  conflictId: [32m'uiwZX2qAVCyIEgpiACmWy'[39m,
  entityType: [32m'Account'[39m,
  entityId: [32m'acct-838'[39m,
  severity: [32m'low'[39m,
  conflictingFields: []
}
Conflict detected {
  conflictId: [32m'cYGK5pWEyDmsqEVHDmyi9'[39m,
  entityType: [32m'Account'[39m,
  entityId: [32m'acct-839'[39m,
  severity: [32m'low'[39m,
  conflictingFields: []
}
Conflict detected {
  conflictId: [32m'Y_7zMbcdgn0XBip4g3sEu'[39m,
  entityType: [32m'Account'[39m,
  entityId: [32m'acct-840'[39m,
  severity: [32m'low'[39m,
  conflictingFields: []
}
Conflict detected {
  conflictId: [32m'dsnFvt9BMQ6GEFP4ZA0_M'[39m,
  entityType: [32m'Account'[39m,
  entityId: [32m'acct-841'[39m,
  severity: [32m'low'[39m,
  conflictingFields: []
}
Conflict detected {
  conflictId: [32m'gQ6_nCP3GBzj3jZIqFjNh'[39m,
  entityType: [32m'Account'[39m,
  entityId: [32m'acct-842'[39m,
  severity: [32m'low'[39m,
  conflictingFields: []
}
Conflict detected {
  conflictId: [32m'gsln9zpdwFwtG_CpA2GBH'[39m,
  entityType: [32m'Account'[39m,
  entityId: [32m'acct-843'[39m,
  severity: [32m'low'[39m,
  conflictingFields: []
}
Conflict detected {
  conflictId: [32m'9bchdOOdwZY-qkNevSNmS'[39m,
  entityType: [32m'Account'[39m,
  entityId: [32m'acct-844'[39m,
  severity: [32m'low'[39m,
  conflictingFields: []
}
Conflict detected {
  conflictId: [32m'JykkZgmZ4gEyPU9h4D1dC'[39m,
  entityType: [32m'Account'[39m,
  entityId: [32m'acct-845'[39m,
  severity: [32m'low'[39m,
  conflictingFields: []
}
Conflict detected {
  conflictId: [32m'rW6sHj482TLcsVLS9Uv2z'[39m,
  entityType: [32m'Account'[39m,
  entityId: [32m'acct-846'[39m,
  severity: [32m'low'[39m,
  conflictingFields: []
}
Conflict detected {
  conflictId: [32m'bkCrRaplzw8_27Hhh0Cd6'[39m,
  entityType: [32m'Account'[39m,
  entityId: [32m'acct-847'[39m,
  severity: [32m'low'[39m,
  conflictingFields: []
}
Conflict detected {
  conflictId: [32m'aZpNd5zh_Wzf3RrNqGNot'[39m,
  entityType: [32m'Account'[39m,
  entityId: [32m'acct-848'[39m,
  severity: [32m'low'[39m,
  conflictingFields: []
}
Conflict detected {
  conflictId: [32m'Lx9IdtRHJIYVcEU1_K4Tf'[39m,
  entityType: [32m'Account'[39m,
  entityId: [32m'acct-849'[39m,
  severity: [32m'low'[39m,
  conflictingFields: []
}
Conflict detected {
  conflictId: [32m'ykm_Z-tPzOvmTvtnXbh1Z'[39m,
  entityType: [32m'Account'[39m,
  entityId: [32m'acct-850'[39m,
  severity: [32m'low'[39m,
  conflictingFields: []
}
Conflict detected {
  conflictId: [32m'whmO9fkpJ-ioy3uaMqHt-'[39m,
  entityType: [32m'Account'[39m,
  entityId: [32m'acct-851'[39m,
  severity: [32m'low'[39m,
  conflictingFields: []
}
Conflict detected {
  conflictId: [32m'IJyqCVqHx5uajXY1JB0pU'[39m,
  entityType: [32m'Account'[39m,
  entityId: [32m'acct-852'[39m,
  severity: [32m'low'[39m,
  conflictingFields: []
}
Conflict detected {
  conflictId: [32m'qNKsVGSkdR4G-K0kXxeVR'[39m,
  entityType: [32m'Account'[39m,
  entityId: [32m'acct-853'[39m,
  severity: [32m'low'[39m,
  conflictingFields: []
}
Conflict detected {
  conflictId: [32m'aWszG8updRMDKYY-Uwtx1'[39m,
  entityType: [32m'Account'[39m,
  entityId: [32m'acct-854'[39m,
  severity: [32m'low'[39m,
  conflictingFields: []
}
Conflict detected {
  conflictId: [32m'a9W1RUwzqHGWM29rMhOkA'[39m,
  entityType: [32m'Account'[39m,
  entityId: [32m'acct-855'[39m,
  severity: [32m'low'[39m,
  conflictingFields: []
}
Conflict detected {
  conflictId: [32m'R9fqPp0Ovm62pxgcnisBl'[39m,
  entityType: [32m'Account'[39m,
  entityId: [32m'acct-856'[39m,
  severity: [32m'low'[39m,
  conflictingFields: []
}
Conflict detected {
  conflictId: [32m'8Iyp3YdqKXV0g8ZHbSKRN'[39m,
  entityType: [32m'Account'[39m,
  entityId: [32m'acct-857'[39m,
  severity: [32m'low'[39m,
  conflictingFields: []
}
Conflict detected {
  conflictId: [32m'-_nzIoCDHVcxRU3Px4LGD'[39m,
  entityType: [32m'Account'[39m,
  entityId: [32m'acct-858'[39m,
  severity: [32m'low'[39m,
  conflictingFields: []
}
Conflict detected {
  conflictId: [32m'4gGBmzKh_bmUQOcJ7I3zb'[39m,
  entityType: [32m'Account'[39m,
  entityId: [32m'acct-859'[39m,
  severity: [32m'low'[39m,
  conflictingFields: []
}
Conflict detected {
  conflictId: [32m'c50dGjX3fJ7xC11YDKRbj'[39m,
  entityType: [32m'Account'[39m,
  entityId: [32m'acct-860'[39m,
  severity: [32m'low'[39m,
  conflictingFields: []
}
Conflict detected {
  conflictId: [32m'RlboyCiWGSkgoLpq197xO'[39m,
  entityType: [32m'Account'[39m,
  entityId: [32m'acct-861'[39m,
  severity: [32m'low'[39m,
  conflictingFields: []
}
Conflict detected {
  conflictId: [32m'1KWpYYvCFqTPAiSI6UffD'[39m,
  entityType: [32m'Account'[39m,
  entityId: [32m'acct-862'[39m,
  severity: [32m'low'[39m,
  conflictingFields: []
}
Conflict detected {
  conflictId: [32m'X4LE_CKiCa6dya5P_t4Yp'[39m,
  entityType: [32m'Account'[39m,
  entityId: [32m'acct-863'[39m,
  severity: [32m'low'[39m,
  conflictingFields: []
}
Conflict detected {
  conflictId: [32m'GLdaYYrOB333cAv8oAQgo'[39m,
  entityType: [32m'Account'[39m,
  entityId: [32m'acct-864'[39m,
  severity: [32m'low'[39m,
  conflictingFields: []
}
Conflict detected {
  conflictId: [32m'NSzduI83d8dyuuUld1uY9'[39m,
  entityType: [32m'Account'[39m,
  entityId: [32m'acct-865'[39m,
  severity: [32m'low'[39m,
  conflictingFields: []
}
Conflict detected {
  conflictId: [32m'Ed1j8chERAWZF-36oHis6'[39m,
  entityType: [32m'Account'[39m,
  entityId: [32m'acct-866'[39m,
  severity: [32m'low'[39m,
  conflictingFields: []
}
Conflict detected {
  conflictId: [32m'3q-zy6kW7DHcQ1m0Av-Rb'[39m,
  entityType: [32m'Account'[39m,
  entityId: [32m'acct-867'[39m,
  severity: [32m'low'[39m,
  conflictingFields: []
}
Conflict detected {
  conflictId: [32m'hP9io3j_H2bTv0fv7gEiF'[39m,
  entityType: [32m'Account'[39m,
  entityId: [32m'acct-868'[39m,
  severity: [32m'low'[39m,
  conflictingFields: []
}
Conflict detected {
  conflictId: [32m'th22vyuY2VCIh1arCseV-'[39m,
  entityType: [32m'Account'[39m,
  entityId: [32m'acct-869'[39m,
  severity: [32m'low'[39m,
  conflictingFields: []
}
Conflict detected {
  conflictId: [32m'OS_ge43S92nwPRF_4lC-j'[39m,
  entityType: [32m'Account'[39m,
  entityId: [32m'acct-870'[39m,
  severity: [32m'low'[39m,
  conflictingFields: []
}
Conflict detected {
  conflictId: [32m'dzlHnAQDuaGlAXDIKkFps'[39m,
  entityType: [32m'Account'[39m,
  entityId: [32m'acct-871'[39m,
  severity: [32m'low'[39m,
  conflictingFields: []
}
Conflict detected {
  conflictId: [32m'52_sqEI1XN4YY6SFga_TE'[39m,
  entityType: [32m'Account'[39m,
  entityId: [32m'acct-872'[39m,
  severity: [32m'low'[39m,
  conflictingFields: []
}
Conflict detected {
  conflictId: [32m'en5GLe3ZSXxxvYU4HGNjg'[39m,
  entityType: [32m'Account'[39m,
  entityId: [32m'acct-873'[39m,
  severity: [32m'low'[39m,
  conflictingFields: []
}
Conflict detected {
  conflictId: [32m'Ng2lZE8aJxb4kqcQT9Z3E'[39m,
  entityType: [32m'Account'[39m,
  entityId: [32m'acct-874'[39m,
  severity: [32m'low'[39m,
  conflictingFields: []
}
Conflict detected {
  conflictId: [32m'nr1uFBSEMldVUehhq8sWS'[39m,
  entityType: [32m'Account'[39m,
  entityId: [32m'acct-875'[39m,
  severity: [32m'low'[39m,
  conflictingFields: []
}
Conflict detected {
  conflictId: [32m'1cs98ldQMTdLnrYPiHVyL'[39m,
  entityType: [32m'Account'[39m,
  entityId: [32m'acct-876'[39m,
  severity: [32m'low'[39m,
  conflictingFields: []
}
Conflict detected {
  conflictId: [32m'KE_rjYFFlns2KPz03GPGt'[39m,
  entityType: [32m'Account'[39m,
  entityId: [32m'acct-877'[39m,
  severity: [32m'low'[39m,
  conflictingFields: []
}
Conflict detected {
  conflictId: [32m'dG7_7DK5zrlcIYdQpJ388'[39m,
  entityType: [32m'Account'[39m,
  entityId: [32m'acct-878'[39m,
  severity: [32m'low'[39m,
  conflictingFields: []
}
Conflict detected {
  conflictId: [32m'JiGBworB9D-wx9WzDMQrP'[39m,
  entityType: [32m'Account'[39m,
  entityId: [32m'acct-879'[39m,
  severity: [32m'low'[39m,
  conflictingFields: []
}
Conflict detected {
  conflictId: [32m'eQI1dHhZsB8_iDG8_sXNq'[39m,
  entityType: [32m'Account'[39m,
  entityId: [32m'acct-880'[39m,
  severity: [32m'low'[39m,
  conflictingFields: []
}
Conflict detected {
  conflictId: [32m'CyTSKjta6gLsqtCBRdDFp'[39m,
  entityType: [32m'Account'[39m,
  entityId: [32m'acct-881'[39m,
  severity: [32m'low'[39m,
  conflictingFields: []
}
Conflict detected {
  conflictId: [32m'M1esXC3OOfEtwPkLvZGqK'[39m,
  entityType: [32m'Account'[39m,
  entityId: [32m'acct-882'[39m,
  severity: [32m'low'[39m,
  conflictingFields: []
}
Conflict detected {
  conflictId: [32m'Mueg2OQslvzPovpz8uY5J'[39m,
  entityType: [32m'Account'[39m,
  entityId: [32m'acct-883'[39m,
  severity: [32m'low'[39m,
  conflictingFields: []
}
Conflict detected {
  conflictId: [32m'yKKl3Ihk24zlYrzoC5iJz'[39m,
  entityType: [32m'Account'[39m,
  entityId: [32m'acct-884'[39m,
  severity: [32m'low'[39m,
  conflictingFields: []
}
Conflict detected {
  conflictId: [32m'FpdnZf1seWkkmGMz6hMbl'[39m,
  entityType: [32m'Account'[39m,
  entityId: [32m'acct-885'[39m,
  severity: [32m'low'[39m,
  conflictingFields: []
}
Conflict detected {
  conflictId: [32m'YhWtZk1Wq-zXWOsHsjVwD'[39m,
  entityType: [32m'Account'[39m,
  entityId: [32m'acct-886'[39m,
  severity: [32m'low'[39m,
  conflictingFields: []
}
Conflict detected {
  conflictId: [32m'KV0pufx8AvL8rjrB9-2Bg'[39m,
  entityType: [32m'Account'[39m,
  entityId: [32m'acct-887'[39m,
  severity: [32m'low'[39m,
  conflictingFields: []
}
Conflict detected {
  conflictId: [32m'aFGldOSAACGT88FiDMpqd'[39m,
  entityType: [32m'Account'[39m,
  entityId: [32m'acct-888'[39m,
  severity: [32m'low'[39m,
  conflictingFields: []
}
Conflict detected {
  conflictId: [32m'7lMuGoGgBmFnUp3w9d1Ly'[39m,
  entityType: [32m'Account'[39m,
  entityId: [32m'acct-889'[39m,
  severity: [32m'low'[39m,
  conflictingFields: []
}
Conflict detected {
  conflictId: [32m'uI0MnAtQouAOzu73q3WEQ'[39m,
  entityType: [32m'Account'[39m,
  entityId: [32m'acct-890'[39m,
  severity: [32m'low'[39m,
  conflictingFields: []
}
Conflict detected {
  conflictId: [32m'zOnVXAjqarSQljwqITFLl'[39m,
  entityType: [32m'Account'[39m,
  entityId: [32m'acct-891'[39m,
  severity: [32m'low'[39m,
  conflictingFields: []
}
Conflict detected {
  conflictId: [32m'8gCAGHyBT_F59S9bV10P8'[39m,
  entityType: [32m'Account'[39m,
  entityId: [32m'acct-892'[39m,
  severity: [32m'low'[39m,
  conflictingFields: []
}
Conflict detected {
  conflictId: [32m'hijpCnUirBpIMnkq0FMkQ'[39m,
  entityType: [32m'Account'[39m,
  entityId: [32m'acct-893'[39m,
  severity: [32m'low'[39m,
  conflictingFields: []
}
Conflict detected {
  conflictId: [32m'MmhhzAvSuWlvqe61O2CWz'[39m,
  entityType: [32m'Account'[39m,
  entityId: [32m'acct-894'[39m,
  severity: [32m'low'[39m,
  conflictingFields: []
}
Conflict detected {
  conflictId: [32m's2c-ulJFcikjPC8yzwSz8'[39m,
  entityType: [32m'Account'[39m,
  entityId: [32m'acct-895'[39m,
  severity: [32m'low'[39m,
  conflictingFields: []
}
Conflict detected {
  conflictId: [32m'opJLOs4DawvaUVxZWQHwf'[39m,
  entityType: [32m'Account'[39m,
  entityId: [32m'acct-896'[39m,
  severity: [32m'low'[39m,
  conflictingFields: []
}
Conflict detected {
  conflictId: [32m'LEsB9j392yk-TmP7J5JpQ'[39m,
  entityType: [32m'Account'[39m,
  entityId: [32m'acct-897'[39m,
  severity: [32m'low'[39m,
  conflictingFields: []
}
Conflict detected {
  conflictId: [32m'WHrMgmGIzjhQbb3UTE3dR'[39m,
  entityType: [32m'Account'[39m,
  entityId: [32m'acct-898'[39m,
  severity: [32m'low'[39m,
  conflictingFields: []
}
Conflict detected {
  conflictId: [32m'HVfT6zUE0R-DiVts9vmAa'[39m,
  entityType: [32m'Account'[39m,
  entityId: [32m'acct-899'[39m,
  severity: [32m'low'[39m,
  conflictingFields: []
}
Conflict detected {
  conflictId: [32m'bIRFuWdDaMQwOx-TMgg9A'[39m,
  entityType: [32m'Account'[39m,
  entityId: [32m'acct-900'[39m,
  severity: [32m'low'[39m,
  conflictingFields: []
}
Conflict detected {
  conflictId: [32m'a-gIAyvjR1xbQN75NWzwr'[39m,
  entityType: [32m'Account'[39m,
  entityId: [32m'acct-901'[39m,
  severity: [32m'low'[39m,
  conflictingFields: []
}
Conflict detected {
  conflictId: [32m'5VISedWC_sDVIJQoQr0zi'[39m,
  entityType: [32m'Account'[39m,
  entityId: [32m'acct-902'[39m,
  severity: [32m'low'[39m,
  conflictingFields: []
}
Conflict detected {
  conflictId: [32m'3_p-u09cmQQpDBxFguEmo'[39m,
  entityType: [32m'Account'[39m,
  entityId: [32m'acct-903'[39m,
  severity: [32m'low'[39m,
  conflictingFields: []
}
Conflict detected {
  conflictId: [32m'JVqWn_p_qoJDC80FzGzf5'[39m,
  entityType: [32m'Account'[39m,
  entityId: [32m'acct-904'[39m,
  severity: [32m'low'[39m,
  conflictingFields: []
}
Conflict detected {
  conflictId: [32m'XHNn1LdfFeBfNMbJ-_2yp'[39m,
  entityType: [32m'Account'[39m,
  entityId: [32m'acct-905'[39m,
  severity: [32m'low'[39m,
  conflictingFields: []
}
Conflict detected {
  conflictId: [32m'0tAV0J7E7S8j8n7qjXkyi'[39m,
  entityType: [32m'Account'[39m,
  entityId: [32m'acct-906'[39m,
  severity: [32m'low'[39m,
  conflictingFields: []
}
Conflict detected {
  conflictId: [32m'dXfA_CCgTEUy1CTKbfIeU'[39m,
  entityType: [32m'Account'[39m,
  entityId: [32m'acct-907'[39m,
  severity: [32m'low'[39m,
  conflictingFields: []
}
Conflict detected {
  conflictId: [32m'uhAMryDcgvKEXl_mXYLvB'[39m,
  entityType: [32m'Account'[39m,
  entityId: [32m'acct-908'[39m,
  severity: [32m'low'[39m,
  conflictingFields: []
}
Conflict detected {
  conflictId: [32m'WuC6r_wP4tIwozB5jWu6R'[39m,
  entityType: [32m'Account'[39m,
  entityId: [32m'acct-909'[39m,
  severity: [32m'low'[39m,
  conflictingFields: []
}
Conflict detected {
  conflictId: [32m'uG687v6v2zWmPeX2f64vt'[39m,
  entityType: [32m'Account'[39m,
  entityId: [32m'acct-910'[39m,
  severity: [32m'low'[39m,
  conflictingFields: []
}
Conflict detected {
  conflictId: [32m'DwcMgIGbFuSECTleQ4ln2'[39m,
  entityType: [32m'Account'[39m,
  entityId: [32m'acct-911'[39m,
  severity: [32m'low'[39m,
  conflictingFields: []
}
Conflict detected {
  conflictId: [32m'bimXkF4vj2KmoCjEfYAgm'[39m,
  entityType: [32m'Account'[39m,
  entityId: [32m'acct-912'[39m,
  severity: [32m'low'[39m,
  conflictingFields: []
}
Conflict detected {
  conflictId: [32m'ghawJHWiNn6pcfZ5jaPE4'[39m,
  entityType: [32m'Account'[39m,
  entityId: [32m'acct-913'[39m,
  severity: [32m'low'[39m,
  conflictingFields: []
}
Conflict detected {
  conflictId: [32m'hTJVIcq67mIyvEYaTwEMY'[39m,
  entityType: [32m'Account'[39m,
  entityId: [32m'acct-914'[39m,
  severity: [32m'low'[39m,
  conflictingFields: []
}
Conflict detected {
  conflictId: [32m'6Eu6lklRt8iNaawtAxDrM'[39m,
  entityType: [32m'Account'[39m,
  entityId: [32m'acct-915'[39m,
  severity: [32m'low'[39m,
  conflictingFields: []
}
Conflict detected {
  conflictId: [32m'adwFmu6Zpg7FndNSKHnU-'[39m,
  entityType: [32m'Account'[39m,
  entityId: [32m'acct-916'[39m,
  severity: [32m'low'[39m,
  conflictingFields: []
}
Conflict detected {
  conflictId: [32m'yjlm1oaoHfN8fPksI3O5N'[39m,
  entityType: [32m'Account'[39m,
  entityId: [32m'acct-917'[39m,
  severity: [32m'low'[39m,
  conflictingFields: []
}
Conflict detected {
  conflictId: [32m'UJ6thZ3dwXGx2pXt5pVA4'[39m,
  entityType: [32m'Account'[39m,
  entityId: [32m'acct-918'[39m,
  severity: [32m'low'[39m,
  conflictingFields: []
}
Conflict detected {
  conflictId: [32m'Zn0xNs4ys2KOzRICYAx4h'[39m,
  entityType: [32m'Account'[39m,
  entityId: [32m'acct-919'[39m,
  severity: [32m'low'[39m,
  conflictingFields: []
}
Conflict detected {
  conflictId: [32m'm0IrqQPIu3y5_lrk1qfOL'[39m,
  entityType: [32m'Account'[39m,
  entityId: [32m'acct-920'[39m,
  severity: [32m'low'[39m,
  conflictingFields: []
}
Conflict detected {
  conflictId: [32m'pUAuyya0N5WzxMn2vKggH'[39m,
  entityType: [32m'Account'[39m,
  entityId: [32m'acct-921'[39m,
  severity: [32m'low'[39m,
  conflictingFields: []
}
Conflict detected {
  conflictId: [32m'_zqxQwzY1ho4PhXLhEkjl'[39m,
  entityType: [32m'Account'[39m,
  entityId: [32m'acct-922'[39m,
  severity: [32m'low'[39m,
  conflictingFields: []
}
Conflict detected {
  conflictId: [32m'DQj5yR6frDSMekXykIu-I'[39m,
  entityType: [32m'Account'[39m,
  entityId: [32m'acct-923'[39m,
  severity: [32m'low'[39m,
  conflictingFields: []
}
Conflict detected {
  conflictId: [32m'coTZAIz6hbEmK43Ej5KsQ'[39m,
  entityType: [32m'Account'[39m,
  entityId: [32m'acct-924'[39m,
  severity: [32m'low'[39m,
  conflictingFields: []
}
Conflict detected {
  conflictId: [32m'Nr0F0fj3elGulTotTUvS8'[39m,
  entityType: [32m'Account'[39m,
  entityId: [32m'acct-925'[39m,
  severity: [32m'low'[39m,
  conflictingFields: []
}
Conflict detected {
  conflictId: [32m'ywP3R_O-WVdou_dZ-Q8lo'[39m,
  entityType: [32m'Account'[39m,
  entityId: [32m'acct-926'[39m,
  severity: [32m'low'[39m,
  conflictingFields: []
}
Conflict detected {
  conflictId: [32m'-yJW0rK0whguu4luYFZux'[39m,
  entityType: [32m'Account'[39m,
  entityId: [32m'acct-927'[39m,
  severity: [32m'low'[39m,
  conflictingFields: []
}
Conflict detected {
  conflictId: [32m'MwpLJb0LOjvYoNdN0x0A-'[39m,
  entityType: [32m'Account'[39m,
  entityId: [32m'acct-928'[39m,
  severity: [32m'low'[39m,
  conflictingFields: []
}
Conflict detected {
  conflictId: [32m'5yLwE_Xc_wPBXn2wyd8gs'[39m,
  entityType: [32m'Account'[39m,
  entityId: [32m'acct-929'[39m,
  severity: [32m'low'[39m,
  conflictingFields: []
}
Conflict detected {
  conflictId: [32m'bz9phme2ed0NUDsrsMtTz'[39m,
  entityType: [32m'Account'[39m,
  entityId: [32m'acct-930'[39m,
  severity: [32m'low'[39m,
  conflictingFields: []
}
Conflict detected {
  conflictId: [32m'38fGa_RIOZaarhJQ5urBf'[39m,
  entityType: [32m'Account'[39m,
  entityId: [32m'acct-931'[39m,
  severity: [32m'low'[39m,
  conflictingFields: []
}
Conflict detected {
  conflictId: [32m'2W-hx1jQpkqunHDwV1hU8'[39m,
  entityType: [32m'Account'[39m,
  entityId: [32m'acct-932'[39m,
  severity: [32m'low'[39m,
  conflictingFields: []
}
Conflict detected {
  conflictId: [32m'REf4J-POrypJ8RLye_dq8'[39m,
  entityType: [32m'Account'[39m,
  entityId: [32m'acct-933'[39m,
  severity: [32m'low'[39m,
  conflictingFields: []
}
Conflict detected {
  conflictId: [32m'qB2bsgMJxJ_vDsG0G4GXp'[39m,
  entityType: [32m'Account'[39m,
  entityId: [32m'acct-934'[39m,
  severity: [32m'low'[39m,
  conflictingFields: []
}
Conflict detected {
  conflictId: [32m'cln149Ovr1s73dg00s0fT'[39m,
  entityType: [32m'Account'[39m,
  entityId: [32m'acct-935'[39m,
  severity: [32m'low'[39m,
  conflictingFields: []
}
Conflict detected {
  conflictId: [32m'hBfZdspFPheMNHt8msCa_'[39m,
  entityType: [32m'Account'[39m,
  entityId: [32m'acct-936'[39m,
  severity: [32m'low'[39m,
  conflictingFields: []
}
Conflict detected {
  conflictId: [32m'F-aFAYE3BW1t-jEmTvXEe'[39m,
  entityType: [32m'Account'[39m,
  entityId: [32m'acct-937'[39m,
  severity: [32m'low'[39m,
  conflictingFields: []
}
Conflict detected {
  conflictId: [32m'kaa64-msSQEAN94Gs_x6g'[39m,
  entityType: [32m'Account'[39m,
  entityId: [32m'acct-938'[39m,
  severity: [32m'low'[39m,
  conflictingFields: []
}
Conflict detected {
  conflictId: [32m'NarHs9uNmMGFO14lWTGOE'[39m,
  entityType: [32m'Account'[39m,
  entityId: [32m'acct-939'[39m,
  severity: [32m'low'[39m,
  conflictingFields: []
}
Conflict detected {
  conflictId: [32m'ACIrmUWJD5vIVqy_KpeeR'[39m,
  entityType: [32m'Account'[39m,
  entityId: [32m'acct-940'[39m,
  severity: [32m'low'[39m,
  conflictingFields: []
}
Conflict detected {
  conflictId: [32m'KbVCfcS4ZYnuTxu3oM3tJ'[39m,
  entityType: [32m'Account'[39m,
  entityId: [32m'acct-941'[39m,
  severity: [32m'low'[39m,
  conflictingFields: []
}
Conflict detected {
  conflictId: [32m'2TWIWirQpbu-l6Wy5Bu9F'[39m,
  entityType: [32m'Account'[39m,
  entityId: [32m'acct-942'[39m,
  severity: [32m'low'[39m,
  conflictingFields: []
}
Conflict detected {
  conflictId: [32m'asfmzmZSmI6Sb8EaMvrCc'[39m,
  entityType: [32m'Account'[39m,
  entityId: [32m'acct-943'[39m,
  severity: [32m'low'[39m,
  conflictingFields: []
}
Conflict detected {
  conflictId: [32m'SFwhiJk1k6sXECJ7PHsnN'[39m,
  entityType: [32m'Account'[39m,
  entityId: [32m'acct-944'[39m,
  severity: [32m'low'[39m,
  conflictingFields: []
}
Conflict detected {
  conflictId: [32m'Q6LL-00U-SsI8xa4sZ_As'[39m,
  entityType: [32m'Account'[39m,
  entityId: [32m'acct-945'[39m,
  severity: [32m'low'[39m,
  conflictingFields: []
}
Conflict detected {
  conflictId: [32m'Hn4XZZAZfZYxZY18TIMOs'[39m,
  entityType: [32m'Account'[39m,
  entityId: [32m'acct-946'[39m,
  severity: [32m'low'[39m,
  conflictingFields: []
}
Conflict detected {
  conflictId: [32m'JhL5d9vmyP5mmRjc7YT7O'[39m,
  entityType: [32m'Account'[39m,
  entityId: [32m'acct-947'[39m,
  severity: [32m'low'[39m,
  conflictingFields: []
}
Conflict detected {
  conflictId: [32m'P72z9tH-5lftTmnSNY2Bh'[39m,
  entityType: [32m'Account'[39m,
  entityId: [32m'acct-948'[39m,
  severity: [32m'low'[39m,
  conflictingFields: []
}
Conflict detected {
  conflictId: [32m'fS3pQi8dIZ1TkevdupPq-'[39m,
  entityType: [32m'Account'[39m,
  entityId: [32m'acct-949'[39m,
  severity: [32m'low'[39m,
  conflictingFields: []
}
Conflict detected {
  conflictId: [32m'u10wmELwMqJnRi5bB4sl7'[39m,
  entityType: [32m'Account'[39m,
  entityId: [32m'acct-950'[39m,
  severity: [32m'low'[39m,
  conflictingFields: []
}
Conflict detected {
  conflictId: [32m'TNXd8W96VRlTi3Oz_JZFl'[39m,
  entityType: [32m'Account'[39m,
  entityId: [32m'acct-951'[39m,
  severity: [32m'low'[39m,
  conflictingFields: []
}
Conflict detected {
  conflictId: [32m'iri74LqVuflhbjqUoDcTA'[39m,
  entityType: [32m'Account'[39m,
  entityId: [32m'acct-952'[39m,
  severity: [32m'low'[39m,
  conflictingFields: []
}
Conflict detected {
  conflictId: [32m'TjIr1nkT5Qe3NRKLz6czX'[39m,
  entityType: [32m'Account'[39m,
  entityId: [32m'acct-953'[39m,
  severity: [32m'low'[39m,
  conflictingFields: []
}
Conflict detected {
  conflictId: [32m'NLcrwQOIuMbNe_iZZBiIy'[39m,
  entityType: [32m'Account'[39m,
  entityId: [32m'acct-954'[39m,
  severity: [32m'low'[39m,
  conflictingFields: []
}
Conflict detected {
  conflictId: [32m'cgaGvUVAGSzGREDOonebg'[39m,
  entityType: [32m'Account'[39m,
  entityId: [32m'acct-955'[39m,
  severity: [32m'low'[39m,
  conflictingFields: []
}
Conflict detected {
  conflictId: [32m'FHICNJaQW4SNALe8xMUyK'[39m,
  entityType: [32m'Account'[39m,
  entityId: [32m'acct-956'[39m,
  severity: [32m'low'[39m,
  conflictingFields: []
}
Conflict detected {
  conflictId: [32m'zhFuzM8qIifGCM_mflfz0'[39m,
  entityType: [32m'Account'[39m,
  entityId: [32m'acct-957'[39m,
  severity: [32m'low'[39m,
  conflictingFields: []
}
Conflict detected {
  conflictId: [32m'XoMXZbaAyl6dNkZtVeyvR'[39m,
  entityType: [32m'Account'[39m,
  entityId: [32m'acct-958'[39m,
  severity: [32m'low'[39m,
  conflictingFields: []
}
Conflict detected {
  conflictId: [32m'NaOEx2l3QC6tE40Z_BwJ7'[39m,
  entityType: [32m'Account'[39m,
  entityId: [32m'acct-959'[39m,
  severity: [32m'low'[39m,
  conflictingFields: []
}
Conflict detected {
  conflictId: [32m'-WIxjCaDrg0DFvnAl2lvI'[39m,
  entityType: [32m'Account'[39m,
  entityId: [32m'acct-960'[39m,
  severity: [32m'low'[39m,
  conflictingFields: []
}
Conflict detected {
  conflictId: [32m'kJDTWFv82CcV5v0Y-l5zN'[39m,
  entityType: [32m'Account'[39m,
  entityId: [32m'acct-961'[39m,
  severity: [32m'low'[39m,
  conflictingFields: []
}
Conflict detected {
  conflictId: [32m'HDFZoHONByw-9s8wHWRwb'[39m,
  entityType: [32m'Account'[39m,
  entityId: [32m'acct-962'[39m,
  severity: [32m'low'[39m,
  conflictingFields: []
}
Conflict detected {
  conflictId: [32m'nX_c0Ve4zZKymeEt-ycyO'[39m,
  entityType: [32m'Account'[39m,
  entityId: [32m'acct-963'[39m,
  severity: [32m'low'[39m,
  conflictingFields: []
}
Conflict detected {
  conflictId: [32m'94clkT24N_O801OEXQ8XO'[39m,
  entityType: [32m'Account'[39m,
  entityId: [32m'acct-964'[39m,
  severity: [32m'low'[39m,
  conflictingFields: []
}
Conflict detected {
  conflictId: [32m'yiuKCabqUdbapxh2aDHqQ'[39m,
  entityType: [32m'Account'[39m,
  entityId: [32m'acct-965'[39m,
  severity: [32m'low'[39m,
  conflictingFields: []
}
Conflict detected {
  conflictId: [32m'QAWj6xKWKdSYgI6HXWsYK'[39m,
  entityType: [32m'Account'[39m,
  entityId: [32m'acct-966'[39m,
  severity: [32m'low'[39m,
  conflictingFields: []
}
Conflict detected {
  conflictId: [32m'hEYAzR3do6C9J7WxSnCew'[39m,
  entityType: [32m'Account'[39m,
  entityId: [32m'acct-967'[39m,
  severity: [32m'low'[39m,
  conflictingFields: []
}
Conflict detected {
  conflictId: [32m'1m9RSPUnYPjdBCRm9onr9'[39m,
  entityType: [32m'Account'[39m,
  entityId: [32m'acct-968'[39m,
  severity: [32m'low'[39m,
  conflictingFields: []
}
Conflict detected {
  conflictId: [32m'mFH6NLW2BpsH7qcn_ncfk'[39m,
  entityType: [32m'Account'[39m,
  entityId: [32m'acct-969'[39m,
  severity: [32m'low'[39m,
  conflictingFields: []
}
Conflict detected {
  conflictId: [32m'wLOVdaEEb6xDpQYAOOrZ2'[39m,
  entityType: [32m'Account'[39m,
  entityId: [32m'acct-970'[39m,
  severity: [32m'low'[39m,
  conflictingFields: []
}
Conflict detected {
  conflictId: [32m'Fx5eXat_vuE-1QUe10Gtx'[39m,
  entityType: [32m'Account'[39m,
  entityId: [32m'acct-971'[39m,
  severity: [32m'low'[39m,
  conflictingFields: []
}
Conflict detected {
  conflictId: [32m'9V0dQoU3bjh8n3XcJWVJa'[39m,
  entityType: [32m'Account'[39m,
  entityId: [32m'acct-972'[39m,
  severity: [32m'low'[39m,
  conflictingFields: []
}
Conflict detected {
  conflictId: [32m'AoOL72opjU7LaUJTckOvY'[39m,
  entityType: [32m'Account'[39m,
  entityId: [32m'acct-973'[39m,
  severity: [32m'low'[39m,
  conflictingFields: []
}
Conflict detected {
  conflictId: [32m'W0S_c5bbN84FUR9fGnuip'[39m,
  entityType: [32m'Account'[39m,
  entityId: [32m'acct-974'[39m,
  severity: [32m'low'[39m,
  conflictingFields: []
}
Conflict detected {
  conflictId: [32m'YhCSyIYbzSfocqCuq_DnY'[39m,
  entityType: [32m'Account'[39m,
  entityId: [32m'acct-975'[39m,
  severity: [32m'low'[39m,
  conflictingFields: []
}
Conflict detected {
  conflictId: [32m'9jN1H4fsE-zZ9wXZ6TU7Q'[39m,
  entityType: [32m'Account'[39m,
  entityId: [32m'acct-976'[39m,
  severity: [32m'low'[39m,
  conflictingFields: []
}
Conflict detected {
  conflictId: [32m'1_-G9Hw9ysOCuRLRtMsWB'[39m,
  entityType: [32m'Account'[39m,
  entityId: [32m'acct-977'[39m,
  severity: [32m'low'[39m,
  conflictingFields: []
}
Conflict detected {
  conflictId: [32m'2BikW3nsqvGM6Hqn67KfY'[39m,
  entityType: [32m'Account'[39m,
  entityId: [32m'acct-978'[39m,
  severity: [32m'low'[39m,
  conflictingFields: []
}
Conflict detected {
  conflictId: [32m'CfLeGNYhwcRhwJB-OWC21'[39m,
  entityType: [32m'Account'[39m,
  entityId: [32m'acct-979'[39m,
  severity: [32m'low'[39m,
  conflictingFields: []
}
Conflict detected {
  conflictId: [32m'8FvLG3pzmj3prnZcipPjJ'[39m,
  entityType: [32m'Account'[39m,
  entityId: [32m'acct-980'[39m,
  severity: [32m'low'[39m,
  conflictingFields: []
}
Conflict detected {
  conflictId: [32m'j0CAmS8wAs1-IWl1zelbR'[39m,
  entityType: [32m'Account'[39m,
  entityId: [32m'acct-981'[39m,
  severity: [32m'low'[39m,
  conflictingFields: []
}
Conflict detected {
  conflictId: [32m'CzeooFEOTAZDi44UKCM_x'[39m,
  entityType: [32m'Account'[39m,
  entityId: [32m'acct-982'[39m,
  severity: [32m'low'[39m,
  conflictingFields: []
}
Conflict detected {
  conflictId: [32m'YMkzQBeWOudrV3idLiazJ'[39m,
  entityType: [32m'Account'[39m,
  entityId: [32m'acct-983'[39m,
  severity: [32m'low'[39m,
  conflictingFields: []
}
Conflict detected {
  conflictId: [32m'b4MXGz38EbxWDxTEcE7FO'[39m,
  entityType: [32m'Account'[39m,
  entityId: [32m'acct-984'[39m,
  severity: [32m'low'[39m,
  conflictingFields: []
}
Conflict detected {
  conflictId: [32m'TeFF6mMuOtCRjfNceMMOv'[39m,
  entityType: [32m'Account'[39m,
  entityId: [32m'acct-985'[39m,
  severity: [32m'low'[39m,
  conflictingFields: []
}
Conflict detected {
  conflictId: [32m'h7S76zj2IlLJPGRHj6eoj'[39m,
  entityType: [32m'Account'[39m,
  entityId: [32m'acct-986'[39m,
  severity: [32m'low'[39m,
  conflictingFields: []
}
Conflict detected {
  conflictId: [32m'9QSjpsMLCBHOWmiIwT8tt'[39m,
  entityType: [32m'Account'[39m,
  entityId: [32m'acct-987'[39m,
  severity: [32m'low'[39m,
  conflictingFields: []
}
Conflict detected {
  conflictId: [32m'1UE-fFiLjZn1Gce8Z_5lA'[39m,
  entityType: [32m'Account'[39m,
  entityId: [32m'acct-988'[39m,
  severity: [32m'low'[39m,
  conflictingFields: []
}
Conflict detected {
  conflictId: [32m'AZYF4DB_l9GSwhWb9qCgM'[39m,
  entityType: [32m'Account'[39m,
  entityId: [32m'acct-989'[39m,
  severity: [32m'low'[39m,
  conflictingFields: []
}
Conflict detected {
  conflictId: [32m'z5dFNKJbauomfx8lH5J34'[39m,
  entityType: [32m'Account'[39m,
  entityId: [32m'acct-990'[39m,
  severity: [32m'low'[39m,
  conflictingFields: []
}
Conflict detected {
  conflictId: [32m'1dC5L7BljyUx0J2oG94BF'[39m,
  entityType: [32m'Account'[39m,
  entityId: [32m'acct-991'[39m,
  severity: [32m'low'[39m,
  conflictingFields: []
}
Conflict detected {
  conflictId: [32m'zn3CuIff9v3WD94tWOjMp'[39m,
  entityType: [32m'Account'[39m,
  entityId: [32m'acct-992'[39m,
  severity: [32m'low'[39m,
  conflictingFields: []
}
Conflict detected {
  conflictId: [32m'vAbwfdM18h1MBkFaChvFh'[39m,
  entityType: [32m'Account'[39m,
  entityId: [32m'acct-993'[39m,
  severity: [32m'low'[39m,
  conflictingFields: []
}
Conflict detected {
  conflictId: [32m'ojrGceLb2mHlsqjBUzgNh'[39m,
  entityType: [32m'Account'[39m,
  entityId: [32m'acct-994'[39m,
  severity: [32m'low'[39m,
  conflictingFields: []
}
Conflict detected {
  conflictId: [32m'x4zJu1VFTMbRtsSVPTK0P'[39m,
  entityType: [32m'Account'[39m,
  entityId: [32m'acct-995'[39m,
  severity: [32m'low'[39m,
  conflictingFields: []
}
Conflict detected {
  conflictId: [32m'qQP5GpxVUJNDtHB6edQlL'[39m,
  entityType: [32m'Account'[39m,
  entityId: [32m'acct-996'[39m,
  severity: [32m'low'[39m,
  conflictingFields: []
}
Conflict detected {
  conflictId: [32m'n7Z8Ebp6zkw8b-ebsVwFp'[39m,
  entityType: [32m'Account'[39m,
  entityId: [32m'acct-997'[39m,
  severity: [32m'low'[39m,
  conflictingFields: []
}
Conflict detected {
  conflictId: [32m'k_UVnK6mP5kM1AlUTWe3Y'[39m,
  entityType: [32m'Account'[39m,
  entityId: [32m'acct-998'[39m,
  severity: [32m'low'[39m,
  conflictingFields: []
}
Conflict detected {
  conflictId: [32m'lBFXhdqE8SZUxCYbW2Ars'[39m,
  entityType: [32m'Account'[39m,
  entityId: [32m'acct-999'[39m,
  severity: [32m'low'[39m,
  conflictingFields: []
}
Conflict auto-resolved {
  conflictId: [32m'TR6klUbwMbzeh-91rIycJ'[39m,
  strategy: [32m'auto_merge'[39m,
  winner: [32m'merged'[39m,
  mergedFields: [33m0[39m
}
Conflict auto-resolved {
  conflictId: [32m'ujsxmf5t-UXJIiDqLsFFJ'[39m,
  strategy: [32m'auto_merge'[39m,
  winner: [32m'merged'[39m,
  mergedFields: [33m0[39m
}
Conflict auto-resolved {
  conflictId: [32m'dX_E1B8oMKWqlrSsHOkXc'[39m,
  strategy: [32m'auto_merge'[39m,
  winner: [32m'merged'[39m,
  mergedFields: [33m0[39m
}
Conflict auto-resolved {
  conflictId: [32m'WO4BjGyjYH_K2nMpdihin'[39m,
  strategy: [32m'auto_merge'[39m,
  winner: [32m'merged'[39m,
  mergedFields: [33m0[39m
}
Conflict auto-resolved {
  conflictId: [32m'W5iX7FynaAK54CcYbkyF9'[39m,
  strategy: [32m'auto_merge'[39m,
  winner: [32m'merged'[39m,
  mergedFields: [33m0[39m
}
Conflict auto-resolved {
  conflictId: [32m'3xZfqJbDaMnKh8TBzuCJs'[39m,
  strategy: [32m'auto_merge'[39m,
  winner: [32m'merged'[39m,
  mergedFields: [33m0[39m
}
Conflict auto-resolved {
  conflictId: [32m'jmJCdNrXzmLBMyAPeZFYZ'[39m,
  strategy: [32m'auto_merge'[39m,
  winner: [32m'merged'[39m,
  mergedFields: [33m0[39m
}
Conflict auto-resolved {
  conflictId: [32m'dM5kbRthtK9cUjWMKgUBE'[39m,
  strategy: [32m'auto_merge'[39m,
  winner: [32m'merged'[39m,
  mergedFields: [33m0[39m
}
Conflict auto-resolved {
  conflictId: [32m'4LMZ1Sqia-HFJVMHLl5Lw'[39m,
  strategy: [32m'auto_merge'[39m,
  winner: [32m'merged'[39m,
  mergedFields: [33m0[39m
}
Conflict auto-resolved {
  conflictId: [32m'RUbBIAk4Rwlhr46zgfPqT'[39m,
  strategy: [32m'auto_merge'[39m,
  winner: [32m'merged'[39m,
  mergedFields: [33m0[39m
}
Conflict auto-resolved {
  conflictId: [32m'r5CWWaAQgp1-ghXEjlSJX'[39m,
  strategy: [32m'auto_merge'[39m,
  winner: [32m'merged'[39m,
  mergedFields: [33m0[39m
}
Conflict auto-resolved {
  conflictId: [32m'-Zo24-leSs_FFvy7UZTXz'[39m,
  strategy: [32m'auto_merge'[39m,
  winner: [32m'merged'[39m,
  mergedFields: [33m0[39m
}
Conflict auto-resolved {
  conflictId: [32m'wSmUEmcSQx5UPwWVoo1r8'[39m,
  strategy: [32m'auto_merge'[39m,
  winner: [32m'merged'[39m,
  mergedFields: [33m0[39m
}
Conflict auto-resolved {
  conflictId: [32m'3a-zfbhp_sRAeuTNN5Mu1'[39m,
  strategy: [32m'auto_merge'[39m,
  winner: [32m'merged'[39m,
  mergedFields: [33m0[39m
}
Conflict auto-resolved {
  conflictId: [32m'VqG8BXPxMXSBj_Qs4OPaZ'[39m,
  strategy: [32m'auto_merge'[39m,
  winner: [32m'merged'[39m,
  mergedFields: [33m0[39m
}
Conflict auto-resolved {
  conflictId: [32m'DIKgP7LAkz0jIgFTy6ElP'[39m,
  strategy: [32m'auto_merge'[39m,
  winner: [32m'merged'[39m,
  mergedFields: [33m0[39m
}
Conflict auto-resolved {
  conflictId: [32m'vhcni9M1gDBaeESNpi0O5'[39m,
  strategy: [32m'auto_merge'[39m,
  winner: [32m'merged'[39m,
  mergedFields: [33m0[39m
}
Conflict auto-resolved {
  conflictId: [32m'TmwHc6DlNc0ZoTVMIohRd'[39m,
  strategy: [32m'auto_merge'[39m,
  winner: [32m'merged'[39m,
  mergedFields: [33m0[39m
}
Conflict auto-resolved {
  conflictId: [32m'vvAKXnWfVujbuLUnT3LYQ'[39m,
  strategy: [32m'auto_merge'[39m,
  winner: [32m'merged'[39m,
  mergedFields: [33m0[39m
}
Conflict auto-resolved {
  conflictId: [32m'dqG6j_PRsVrc_vdNbSPu5'[39m,
  strategy: [32m'auto_merge'[39m,
  winner: [32m'merged'[39m,
  mergedFields: [33m0[39m
}
Conflict auto-resolved {
  conflictId: [32m'Lhy_9l9-4okdpxZ4bYAdp'[39m,
  strategy: [32m'auto_merge'[39m,
  winner: [32m'merged'[39m,
  mergedFields: [33m0[39m
}
Conflict auto-resolved {
  conflictId: [32m'dOt3_QtM0YayvZlWdHLpO'[39m,
  strategy: [32m'auto_merge'[39m,
  winner: [32m'merged'[39m,
  mergedFields: [33m0[39m
}
Conflict auto-resolved {
  conflictId: [32m'dVfWMbFmEtyWIhGOvsOAX'[39m,
  strategy: [32m'auto_merge'[39m,
  winner: [32m'merged'[39m,
  mergedFields: [33m0[39m
}
Conflict auto-resolved {
  conflictId: [32m'Afa6C2Et_cJHS-LkGOPxR'[39m,
  strategy: [32m'auto_merge'[39m,
  winner: [32m'merged'[39m,
  mergedFields: [33m0[39m
}
Conflict auto-resolved {
  conflictId: [32m'I018lY0n0TNiTXnsjVJqU'[39m,
  strategy: [32m'auto_merge'[39m,
  winner: [32m'merged'[39m,
  mergedFields: [33m0[39m
}
Conflict auto-resolved {
  conflictId: [32m'lWB-yEYPgvew9VpB7Do96'[39m,
  strategy: [32m'auto_merge'[39m,
  winner: [32m'merged'[39m,
  mergedFields: [33m0[39m
}
Conflict auto-resolved {
  conflictId: [32m'0d56qVzZCtf2IoZNDP1y_'[39m,
  strategy: [32m'auto_merge'[39m,
  winner: [32m'merged'[39m,
  mergedFields: [33m0[39m
}
Conflict auto-resolved {
  conflictId: [32m'JiG2JX-X7FRWbUixCyGfT'[39m,
  strategy: [32m'auto_merge'[39m,
  winner: [32m'merged'[39m,
  mergedFields: [33m0[39m
}
Conflict auto-resolved {
  conflictId: [32m'6g9B6kTNHpGQtpHt3Wgl8'[39m,
  strategy: [32m'auto_merge'[39m,
  winner: [32m'merged'[39m,
  mergedFields: [33m0[39m
}
Conflict auto-resolved {
  conflictId: [32m'qYbPKCbrgpqB3ca5x569B'[39m,
  strategy: [32m'auto_merge'[39m,
  winner: [32m'merged'[39m,
  mergedFields: [33m0[39m
}
Conflict auto-resolved {
  conflictId: [32m'vLCRcSoakp14yHSHh4PGu'[39m,
  strategy: [32m'auto_merge'[39m,
  winner: [32m'merged'[39m,
  mergedFields: [33m0[39m
}
Conflict auto-resolved {
  conflictId: [32m'AzshSvx8ZJxTxzv3RR7EL'[39m,
  strategy: [32m'auto_merge'[39m,
  winner: [32m'merged'[39m,
  mergedFields: [33m0[39m
}
Conflict auto-resolved {
  conflictId: [32m'mw4QY6q8jRM_8V5QpCQJQ'[39m,
  strategy: [32m'auto_merge'[39m,
  winner: [32m'merged'[39m,
  mergedFields: [33m0[39m
}
Conflict auto-resolved {
  conflictId: [32m'J9mxaNFG-cpkF1Ek-8z-O'[39m,
  strategy: [32m'auto_merge'[39m,
  winner: [32m'merged'[39m,
  mergedFields: [33m0[39m
}
Conflict auto-resolved {
  conflictId: [32m'OjTVZS3-PsXTk7lCRAG6u'[39m,
  strategy: [32m'auto_merge'[39m,
  winner: [32m'merged'[39m,
  mergedFields: [33m0[39m
}
Conflict auto-resolved {
  conflictId: [32m'pb29yL7g2ngpQ5_HvWREk'[39m,
  strategy: [32m'auto_merge'[39m,
  winner: [32m'merged'[39m,
  mergedFields: [33m0[39m
}
Conflict auto-resolved {
  conflictId: [32m'eVq_oPguTsntJFdTRGAVN'[39m,
  strategy: [32m'auto_merge'[39m,
  winner: [32m'merged'[39m,
  mergedFields: [33m0[39m
}
Conflict auto-resolved {
  conflictId: [32m'qvV2k-Pq-eS4XHO0KTS_9'[39m,
  strategy: [32m'auto_merge'[39m,
  winner: [32m'merged'[39m,
  mergedFields: [33m0[39m
}
Conflict auto-resolved {
  conflictId: [32m'7EZ86VzfnUxGx2hJXntjb'[39m,
  strategy: [32m'auto_merge'[39m,
  winner: [32m'merged'[39m,
  mergedFields: [33m0[39m
}
Conflict auto-resolved {
  conflictId: [32m'JcLglQbqJPzbxoCmBwdMF'[39m,
  strategy: [32m'auto_merge'[39m,
  winner: [32m'merged'[39m,
  mergedFields: [33m0[39m
}
Conflict auto-resolved {
  conflictId: [32m'b9edyT5WeZY0r4ya5cvml'[39m,
  strategy: [32m'auto_merge'[39m,
  winner: [32m'merged'[39m,
  mergedFields: [33m0[39m
}
Conflict auto-resolved {
  conflictId: [32m'2Ga8vACOkeKM3dgfcQEYg'[39m,
  strategy: [32m'auto_merge'[39m,
  winner: [32m'merged'[39m,
  mergedFields: [33m0[39m
}
Conflict auto-resolved {
  conflictId: [32m'fXfJF8aml8PpBzu3oItxB'[39m,
  strategy: [32m'auto_merge'[39m,
  winner: [32m'merged'[39m,
  mergedFields: [33m0[39m
}
Conflict auto-resolved {
  conflictId: [32m'ockjvlrFc9tVP1oE8kbaj'[39m,
  strategy: [32m'auto_merge'[39m,
  winner: [32m'merged'[39m,
  mergedFields: [33m0[39m
}
Conflict auto-resolved {
  conflictId: [32m'ZEZYmGjyUyOAU8ZR3owVD'[39m,
  strategy: [32m'auto_merge'[39m,
  winner: [32m'merged'[39m,
  mergedFields: [33m0[39m
}
Conflict auto-resolved {
  conflictId: [32m'V-NYIS0Ea2AdAeRAO-aid'[39m,
  strategy: [32m'auto_merge'[39m,
  winner: [32m'merged'[39m,
  mergedFields: [33m0[39m
}
Conflict auto-resolved {
  conflictId: [32m'JmEc5FUGZAAYUy8xlHFOV'[39m,
  strategy: [32m'auto_merge'[39m,
  winner: [32m'merged'[39m,
  mergedFields: [33m0[39m
}
Conflict auto-resolved {
  conflictId: [32m'wuhZrazWPhmA-eB-W6WvI'[39m,
  strategy: [32m'auto_merge'[39m,
  winner: [32m'merged'[39m,
  mergedFields: [33m0[39m
}
Conflict auto-resolved {
  conflictId: [32m'NZH6qUz2SyrviRE7jxTi_'[39m,
  strategy: [32m'auto_merge'[39m,
  winner: [32m'merged'[39m,
  mergedFields: [33m0[39m
}
Conflict auto-resolved {
  conflictId: [32m'KhGMyWwHQpoCRImu84xCn'[39m,
  strategy: [32m'auto_merge'[39m,
  winner: [32m'merged'[39m,
  mergedFields: [33m0[39m
}
Conflict auto-resolved {
  conflictId: [32m'IYXzVgs26QPqiyQPpK9UY'[39m,
  strategy: [32m'auto_merge'[39m,
  winner: [32m'merged'[39m,
  mergedFields: [33m0[39m
}
Conflict auto-resolved {
  conflictId: [32m'GKPcchtmI2vLTfa6b1QBJ'[39m,
  strategy: [32m'auto_merge'[39m,
  winner: [32m'merged'[39m,
  mergedFields: [33m0[39m
}
Conflict auto-resolved {
  conflictId: [32m'_iziHw_ECiLe-PT9VW13Q'[39m,
  strategy: [32m'auto_merge'[39m,
  winner: [32m'merged'[39m,
  mergedFields: [33m0[39m
}
Conflict auto-resolved {
  conflictId: [32m'CfBF77n3Vz68-DhMsMx5g'[39m,
  strategy: [32m'auto_merge'[39m,
  winner: [32m'merged'[39m,
  mergedFields: [33m0[39m
}
Conflict auto-resolved {
  conflictId: [32m'9fFCg5Otl_UV2W-AT52bM'[39m,
  strategy: [32m'auto_merge'[39m,
  winner: [32m'merged'[39m,
  mergedFields: [33m0[39m
}
Conflict auto-resolved {
  conflictId: [32m'wxl8YEWrQyfJYwmNh1aea'[39m,
  strategy: [32m'auto_merge'[39m,
  winner: [32m'merged'[39m,
  mergedFields: [33m0[39m
}
Conflict auto-resolved {
  conflictId: [32m'dqvArc2RccA--EwZxi6eR'[39m,
  strategy: [32m'auto_merge'[39m,
  winner: [32m'merged'[39m,
  mergedFields: [33m0[39m
}
Conflict auto-resolved {
  conflictId: [32m'7SkoAPWVDnilCffg-hRIf'[39m,
  strategy: [32m'auto_merge'[39m,
  winner: [32m'merged'[39m,
  mergedFields: [33m0[39m
}
Conflict auto-resolved {
  conflictId: [32m'kfa92iEeDGchnYSmNiHxQ'[39m,
  strategy: [32m'auto_merge'[39m,
  winner: [32m'merged'[39m,
  mergedFields: [33m0[39m
}
Conflict auto-resolved {
  conflictId: [32m'h0JCceBUjr5Os2LfkMfab'[39m,
  strategy: [32m'auto_merge'[39m,
  winner: [32m'merged'[39m,
  mergedFields: [33m0[39m
}
Conflict auto-resolved {
  conflictId: [32m'A9mDQ-8YyAXmGBMQrPvY5'[39m,
  strategy: [32m'auto_merge'[39m,
  winner: [32m'merged'[39m,
  mergedFields: [33m0[39m
}
Conflict auto-resolved {
  conflictId: [32m'4-hmV7ga0vMEGISxj3NXx'[39m,
  strategy: [32m'auto_merge'[39m,
  winner: [32m'merged'[39m,
  mergedFields: [33m0[39m
}
Conflict auto-resolved {
  conflictId: [32m'UB2xEVAV6oEuuc--UXDZj'[39m,
  strategy: [32m'auto_merge'[39m,
  winner: [32m'merged'[39m,
  mergedFields: [33m0[39m
}
Conflict auto-resolved {
  conflictId: [32m'SCGhoTrNPdNL--iU_By9S'[39m,
  strategy: [32m'auto_merge'[39m,
  winner: [32m'merged'[39m,
  mergedFields: [33m0[39m
}
Conflict auto-resolved {
  conflictId: [32m'XutXAkg-ihn1dcStYUtLJ'[39m,
  strategy: [32m'auto_merge'[39m,
  winner: [32m'merged'[39m,
  mergedFields: [33m0[39m
}
Conflict auto-resolved {
  conflictId: [32m'ae3lKh-Xn45K19u4Ra5nk'[39m,
  strategy: [32m'auto_merge'[39m,
  winner: [32m'merged'[39m,
  mergedFields: [33m0[39m
}
Conflict auto-resolved {
  conflictId: [32m'ethUFdz8c7QRPS-mUGG1K'[39m,
  strategy: [32m'auto_merge'[39m,
  winner: [32m'merged'[39m,
  mergedFields: [33m0[39m
}
Conflict auto-resolved {
  conflictId: [32m'ptgOggkDFwReKgzOlfXd8'[39m,
  strategy: [32m'auto_merge'[39m,
  winner: [32m'merged'[39m,
  mergedFields: [33m0[39m
}
Conflict auto-resolved {
  conflictId: [32m'j-CEdZ7X4iJXxi2MW7z_K'[39m,
  strategy: [32m'auto_merge'[39m,
  winner: [32m'merged'[39m,
  mergedFields: [33m0[39m
}
Conflict auto-resolved {
  conflictId: [32m'u-eFEqLcBCTeWQGR2CuOu'[39m,
  strategy: [32m'auto_merge'[39m,
  winner: [32m'merged'[39m,
  mergedFields: [33m0[39m
}
Conflict auto-resolved {
  conflictId: [32m'3I8WsElCy-eq-ibaq428e'[39m,
  strategy: [32m'auto_merge'[39m,
  winner: [32m'merged'[39m,
  mergedFields: [33m0[39m
}
Conflict auto-resolved {
  conflictId: [32m'ccEJIlwEDzJVdt_g2z_oe'[39m,
  strategy: [32m'auto_merge'[39m,
  winner: [32m'merged'[39m,
  mergedFields: [33m0[39m
}
Conflict auto-resolved {
  conflictId: [32m'Io2kL9U93E31a5iwb-GXF'[39m,
  strategy: [32m'auto_merge'[39m,
  winner: [32m'merged'[39m,
  mergedFields: [33m0[39m
}
Conflict auto-resolved {
  conflictId: [32m'5sxootCP1wcgJDDgyD3rG'[39m,
  strategy: [32m'auto_merge'[39m,
  winner: [32m'merged'[39m,
  mergedFields: [33m0[39m
}
Conflict auto-resolved {
  conflictId: [32m'Bvn2rH73TopEbbMb3YBRd'[39m,
  strategy: [32m'auto_merge'[39m,
  winner: [32m'merged'[39m,
  mergedFields: [33m0[39m
}
Conflict auto-resolved {
  conflictId: [32m'wFozRmVw4SpQV670Ki1wQ'[39m,
  strategy: [32m'auto_merge'[39m,
  winner: [32m'merged'[39m,
  mergedFields: [33m0[39m
}
Conflict auto-resolved {
  conflictId: [32m'HrziAf0x_Ob0BwTR-aAms'[39m,
  strategy: [32m'auto_merge'[39m,
  winner: [32m'merged'[39m,
  mergedFields: [33m0[39m
}
Conflict auto-resolved {
  conflictId: [32m'DPykXAyKVfCl5sSxTaWmf'[39m,
  strategy: [32m'auto_merge'[39m,
  winner: [32m'merged'[39m,
  mergedFields: [33m0[39m
}
Conflict auto-resolved {
  conflictId: [32m'fJkYv3sWsuIdUdHn2jWQu'[39m,
  strategy: [32m'auto_merge'[39m,
  winner: [32m'merged'[39m,
  mergedFields: [33m0[39m
}
Conflict auto-resolved {
  conflictId: [32m'VXZ3N4z-ByOQdTywiSr5t'[39m,
  strategy: [32m'auto_merge'[39m,
  winner: [32m'merged'[39m,
  mergedFields: [33m0[39m
}
Conflict auto-resolved {
  conflictId: [32m'dei-1nN_zyleU2O3yO7IT'[39m,
  strategy: [32m'auto_merge'[39m,
  winner: [32m'merged'[39m,
  mergedFields: [33m0[39m
}
Conflict auto-resolved {
  conflictId: [32m'keeykEQfIiL61wvbWvoG1'[39m,
  strategy: [32m'auto_merge'[39m,
  winner: [32m'merged'[39m,
  mergedFields: [33m0[39m
}
Conflict auto-resolved {
  conflictId: [32m'Gvt6O9v8FtbDNyJ7L1vWv'[39m,
  strategy: [32m'auto_merge'[39m,
  winner: [32m'merged'[39m,
  mergedFields: [33m0[39m
}
Conflict auto-resolved {
  conflictId: [32m'e7YCWoYN5eeAooc1sY9UD'[39m,
  strategy: [32m'auto_merge'[39m,
  winner: [32m'merged'[39m,
  mergedFields: [33m0[39m
}
Conflict auto-resolved {
  conflictId: [32m'uOkYATwIzKvY1vFR9RfQd'[39m,
  strategy: [32m'auto_merge'[39m,
  winner: [32m'merged'[39m,
  mergedFields: [33m0[39m
}
Conflict auto-resolved {
  conflictId: [32m'itAd3QzwvMOlqu4BsKMaK'[39m,
  strategy: [32m'auto_merge'[39m,
  winner: [32m'merged'[39m,
  mergedFields: [33m0[39m
}
Conflict auto-resolved {
  conflictId: [32m'ko8wBynS2_J0yQ62_NIjH'[39m,
  strategy: [32m'auto_merge'[39m,
  winner: [32m'merged'[39m,
  mergedFields: [33m0[39m
}
Conflict auto-resolved {
  conflictId: [32m'DK_ZZkJuy8H-stJgSNk3y'[39m,
  strategy: [32m'auto_merge'[39m,
  winner: [32m'merged'[39m,
  mergedFields: [33m0[39m
}
Conflict auto-resolved {
  conflictId: [32m'cti-uQL3rd_4VnOsfsmrY'[39m,
  strategy: [32m'auto_merge'[39m,
  winner: [32m'merged'[39m,
  mergedFields: [33m0[39m
}
Conflict auto-resolved {
  conflictId: [32m'N7nfbWAvrb0Z-2r61O5CW'[39m,
  strategy: [32m'auto_merge'[39m,
  winner: [32m'merged'[39m,
  mergedFields: [33m0[39m
}
Conflict auto-resolved {
  conflictId: [32m'AEYffvgzP_FdbVzMz1NiR'[39m,
  strategy: [32m'auto_merge'[39m,
  winner: [32m'merged'[39m,
  mergedFields: [33m0[39m
}
Conflict auto-resolved {
  conflictId: [32m'Ag6PmCde9Zy9Bhuo8UIeN'[39m,
  strategy: [32m'auto_merge'[39m,
  winner: [32m'merged'[39m,
  mergedFields: [33m0[39m
}
Conflict auto-resolved {
  conflictId: [32m'WZrOqPk9ELIvmMA7s0_4I'[39m,
  strategy: [32m'auto_merge'[39m,
  winner: [32m'merged'[39m,
  mergedFields: [33m0[39m
}
Conflict auto-resolved {
  conflictId: [32m'A441rS2wmXzbDW-RSkvRq'[39m,
  strategy: [32m'auto_merge'[39m,
  winner: [32m'merged'[39m,
  mergedFields: [33m0[39m
}
Conflict auto-resolved {
  conflictId: [32m'uliUAjpLef8OZPmTP05a0'[39m,
  strategy: [32m'auto_merge'[39m,
  winner: [32m'merged'[39m,
  mergedFields: [33m0[39m
}
Conflict auto-resolved {
  conflictId: [32m'9GGwy8XJtrQ4a_OEUTdlo'[39m,
  strategy: [32m'auto_merge'[39m,
  winner: [32m'merged'[39m,
  mergedFields: [33m0[39m
}
Conflict auto-resolved {
  conflictId: [32m'lNM0raJIosWW_uKrklhg2'[39m,
  strategy: [32m'auto_merge'[39m,
  winner: [32m'merged'[39m,
  mergedFields: [33m0[39m
}
Conflict auto-resolved {
  conflictId: [32m'4U97JVs23wdhmbj_OLdWd'[39m,
  strategy: [32m'auto_merge'[39m,
  winner: [32m'merged'[39m,
  mergedFields: [33m0[39m
}
Conflict auto-resolved {
  conflictId: [32m'MFsfUsbFYpG9EBwiAc66_'[39m,
  strategy: [32m'auto_merge'[39m,
  winner: [32m'merged'[39m,
  mergedFields: [33m0[39m
}
Conflict auto-resolved {
  conflictId: [32m'ksSj-taRblB1-qZyOGJEz'[39m,
  strategy: [32m'auto_merge'[39m,
  winner: [32m'merged'[39m,
  mergedFields: [33m0[39m
}
Conflict auto-resolved {
  conflictId: [32m'yRRIOQi188nz7Td3B_YoC'[39m,
  strategy: [32m'auto_merge'[39m,
  winner: [32m'merged'[39m,
  mergedFields: [33m0[39m
}
Conflict auto-resolved {
  conflictId: [32m'bv_GECpUfU77Dx7jVUQVR'[39m,
  strategy: [32m'auto_merge'[39m,
  winner: [32m'merged'[39m,
  mergedFields: [33m0[39m
}
Conflict auto-resolved {
  conflictId: [32m'nKJqFw-ifSd66TLqjK3Up'[39m,
  strategy: [32m'auto_merge'[39m,
  winner: [32m'merged'[39m,
  mergedFields: [33m0[39m
}
Conflict auto-resolved {
  conflictId: [32m'_35k4Rvmh3hA_ewrgpBYn'[39m,
  strategy: [32m'auto_merge'[39m,
  winner: [32m'merged'[39m,
  mergedFields: [33m0[39m
}
Conflict auto-resolved {
  conflictId: [32m'dkNfvyvf0EFVoaLjCYcBc'[39m,
  strategy: [32m'auto_merge'[39m,
  winner: [32m'merged'[39m,
  mergedFields: [33m0[39m
}
Conflict auto-resolved {
  conflictId: [32m'IlTUMJxQNWFtNaEQSvHvJ'[39m,
  strategy: [32m'auto_merge'[39m,
  winner: [32m'merged'[39m,
  mergedFields: [33m0[39m
}
Conflict auto-resolved {
  conflictId: [32m'_d0yPg1BAZ3JQEicfCW8m'[39m,
  strategy: [32m'auto_merge'[39m,
  winner: [32m'merged'[39m,
  mergedFields: [33m0[39m
}
Conflict auto-resolved {
  conflictId: [32m'nM8EJF-p2tLnBWbOy6qi3'[39m,
  strategy: [32m'auto_merge'[39m,
  winner: [32m'merged'[39m,
  mergedFields: [33m0[39m
}
Conflict auto-resolved {
  conflictId: [32m'fzbl506NCpwHly9NTF_l0'[39m,
  strategy: [32m'auto_merge'[39m,
  winner: [32m'merged'[39m,
  mergedFields: [33m0[39m
}
Conflict auto-resolved {
  conflictId: [32m'71DsQDz6BcW_TEM-EJk_O'[39m,
  strategy: [32m'auto_merge'[39m,
  winner: [32m'merged'[39m,
  mergedFields: [33m0[39m
}
Conflict auto-resolved {
  conflictId: [32m'CLQeg8xNIW87hfM2vVyKD'[39m,
  strategy: [32m'auto_merge'[39m,
  winner: [32m'merged'[39m,
  mergedFields: [33m0[39m
}
Conflict auto-resolved {
  conflictId: [32m'B9QAheEdX3757lrBwt7OP'[39m,
  strategy: [32m'auto_merge'[39m,
  winner: [32m'merged'[39m,
  mergedFields: [33m0[39m
}
Conflict auto-resolved {
  conflictId: [32m'aMVYMwCfY0eRH6At_v7tH'[39m,
  strategy: [32m'auto_merge'[39m,
  winner: [32m'merged'[39m,
  mergedFields: [33m0[39m
}
Conflict auto-resolved {
  conflictId: [32m'7pphG3YQZwFtxzwfxbwNO'[39m,
  strategy: [32m'auto_merge'[39m,
  winner: [32m'merged'[39m,
  mergedFields: [33m0[39m
}
Conflict auto-resolved {
  conflictId: [32m'MUEoyc4WKKYopFnw8OPdG'[39m,
  strategy: [32m'auto_merge'[39m,
  winner: [32m'merged'[39m,
  mergedFields: [33m0[39m
}
Conflict auto-resolved {
  conflictId: [32m'r11ICiqI_hZGH2ImA2F-U'[39m,
  strategy: [32m'auto_merge'[39m,
  winner: [32m'merged'[39m,
  mergedFields: [33m0[39m
}
Conflict auto-resolved {
  conflictId: [32m'p1riLzoT_AqvoaBCY35Zj'[39m,
  strategy: [32m'auto_merge'[39m,
  winner: [32m'merged'[39m,
  mergedFields: [33m0[39m
}
Conflict auto-resolved {
  conflictId: [32m'Exgzicozb_Pi8JKZn5m7X'[39m,
  strategy: [32m'auto_merge'[39m,
  winner: [32m'merged'[39m,
  mergedFields: [33m0[39m
}
Conflict auto-resolved {
  conflictId: [32m'7SCz-DL6YI1Yl6yZd4qie'[39m,
  strategy: [32m'auto_merge'[39m,
  winner: [32m'merged'[39m,
  mergedFields: [33m0[39m
}
Conflict auto-resolved {
  conflictId: [32m'BkmTTwMN58lbIg1XvtZns'[39m,
  strategy: [32m'auto_merge'[39m,
  winner: [32m'merged'[39m,
  mergedFields: [33m0[39m
}
Conflict auto-resolved {
  conflictId: [32m'SQ5aMZjLb3xbulzS489Ww'[39m,
  strategy: [32m'auto_merge'[39m,
  winner: [32m'merged'[39m,
  mergedFields: [33m0[39m
}
Conflict auto-resolved {
  conflictId: [32m'a3K5o4aMORX1J19Y8f9cH'[39m,
  strategy: [32m'auto_merge'[39m,
  winner: [32m'merged'[39m,
  mergedFields: [33m0[39m
}
Conflict auto-resolved {
  conflictId: [32m'ZkE2KXYok7KovLuIYhcwk'[39m,
  strategy: [32m'auto_merge'[39m,
  winner: [32m'merged'[39m,
  mergedFields: [33m0[39m
}
Conflict auto-resolved {
  conflictId: [32m'1Kro2kpNj8ToOjRbfbiJB'[39m,
  strategy: [32m'auto_merge'[39m,
  winner: [32m'merged'[39m,
  mergedFields: [33m0[39m
}
Conflict auto-resolved {
  conflictId: [32m'ur1lJxxhKksaxEO4zrN-Y'[39m,
  strategy: [32m'auto_merge'[39m,
  winner: [32m'merged'[39m,
  mergedFields: [33m0[39m
}
Conflict auto-resolved {
  conflictId: [32m'nEmzoezkVqJTn96T0HxeT'[39m,
  strategy: [32m'auto_merge'[39m,
  winner: [32m'merged'[39m,
  mergedFields: [33m0[39m
}
Conflict auto-resolved {
  conflictId: [32m'DUQ_AsNQXm1QHEvmQKGdN'[39m,
  strategy: [32m'auto_merge'[39m,
  winner: [32m'merged'[39m,
  mergedFields: [33m0[39m
}
Conflict auto-resolved {
  conflictId: [32m'i4YMfiUiwydkoeEACI65d'[39m,
  strategy: [32m'auto_merge'[39m,
  winner: [32m'merged'[39m,
  mergedFields: [33m0[39m
}
Conflict auto-resolved {
  conflictId: [32m'KHr13BxzpcCwBx7I-rvRO'[39m,
  strategy: [32m'auto_merge'[39m,
  winner: [32m'merged'[39m,
  mergedFields: [33m0[39m
}
Conflict auto-resolved {
  conflictId: [32m'CYy-5YavDYmFUCywHHAmP'[39m,
  strategy: [32m'auto_merge'[39m,
  winner: [32m'merged'[39m,
  mergedFields: [33m0[39m
}
Conflict auto-resolved {
  conflictId: [32m'tPD7FRmyRULOnSowLv7_j'[39m,
  strategy: [32m'auto_merge'[39m,
  winner: [32m'merged'[39m,
  mergedFields: [33m0[39m
}
Conflict auto-resolved {
  conflictId: [32m'HTFfMYrWDoN61Gcz2gjWI'[39m,
  strategy: [32m'auto_merge'[39m,
  winner: [32m'merged'[39m,
  mergedFields: [33m0[39m
}
Conflict auto-resolved {
  conflictId: [32m'QjF29tNW2jnReqJS7pcor'[39m,
  strategy: [32m'auto_merge'[39m,
  winner: [32m'merged'[39m,
  mergedFields: [33m0[39m
}
Conflict auto-resolved {
  conflictId: [32m'_0pata1i9QUZuufcLB20o'[39m,
  strategy: [32m'auto_merge'[39m,
  winner: [32m'merged'[39m,
  mergedFields: [33m0[39m
}
Conflict auto-resolved {
  conflictId: [32m'rNYw0V5Y9mkcPKssJtsvf'[39m,
  strategy: [32m'auto_merge'[39m,
  winner: [32m'merged'[39m,
  mergedFields: [33m0[39m
}
Conflict auto-resolved {
  conflictId: [32m'jNeulBpgQ2qh8H3xWIuhx'[39m,
  strategy: [32m'auto_merge'[39m,
  winner: [32m'merged'[39m,
  mergedFields: [33m0[39m
}
Conflict auto-resolved {
  conflictId: [32m'LoZ1G4naezQeWsYZH5eSH'[39m,
  strategy: [32m'auto_merge'[39m,
  winner: [32m'merged'[39m,
  mergedFields: [33m0[39m
}
Conflict auto-resolved {
  conflictId: [32m'IQKSosjF2Zqw-Grj9iVTF'[39m,
  strategy: [32m'auto_merge'[39m,
  winner: [32m'merged'[39m,
  mergedFields: [33m0[39m
}
Conflict auto-resolved {
  conflictId: [32m'Sn4_xAnU3d13jbEVKHjv9'[39m,
  strategy: [32m'auto_merge'[39m,
  winner: [32m'merged'[39m,
  mergedFields: [33m0[39m
}
Conflict auto-resolved {
  conflictId: [32m'n8JV-qUaRtV8isWO6QA1B'[39m,
  strategy: [32m'auto_merge'[39m,
  winner: [32m'merged'[39m,
  mergedFields: [33m0[39m
}
Conflict auto-resolved {
  conflictId: [32m'kj0PaNQE3cHVEFRest0Xl'[39m,
  strategy: [32m'auto_merge'[39m,
  winner: [32m'merged'[39m,
  mergedFields: [33m0[39m
}
Conflict auto-resolved {
  conflictId: [32m'RQzRT2OUr6oTeUjKwaze8'[39m,
  strategy: [32m'auto_merge'[39m,
  winner: [32m'merged'[39m,
  mergedFields: [33m0[39m
}
Conflict auto-resolved {
  conflictId: [32m'TNOyqesAa1mhN5yMYlJuf'[39m,
  strategy: [32m'auto_merge'[39m,
  winner: [32m'merged'[39m,
  mergedFields: [33m0[39m
}
Conflict auto-resolved {
  conflictId: [32m'UbkosotbZW3-h8YsU8G4W'[39m,
  strategy: [32m'auto_merge'[39m,
  winner: [32m'merged'[39m,
  mergedFields: [33m0[39m
}
Conflict auto-resolved {
  conflictId: [32m'dMce9RcWVmoXZ2y6q4bX4'[39m,
  strategy: [32m'auto_merge'[39m,
  winner: [32m'merged'[39m,
  mergedFields: [33m0[39m
}
Conflict auto-resolved {
  conflictId: [32m'OrEeIk68k5n00Eqi-ZzRh'[39m,
  strategy: [32m'auto_merge'[39m,
  winner: [32m'merged'[39m,
  mergedFields: [33m0[39m
}
Conflict auto-resolved {
  conflictId: [32m'7fSRyu1OD5Jfi-jKGH5I3'[39m,
  strategy: [32m'auto_merge'[39m,
  winner: [32m'merged'[39m,
  mergedFields: [33m0[39m
}
Conflict auto-resolved {
  conflictId: [32m'gwvRVFvPCO7Anes-kVW1Z'[39m,
  strategy: [32m'auto_merge'[39m,
  winner: [32m'merged'[39m,
  mergedFields: [33m0[39m
}
Conflict auto-resolved {
  conflictId: [32m'EzTnB3k9kqRN5XXlEGUoM'[39m,
  strategy: [32m'auto_merge'[39m,
  winner: [32m'merged'[39m,
  mergedFields: [33m0[39m
}
Conflict auto-resolved {
  conflictId: [32m'8hoJXjdVkfB0pvTOh6zUn'[39m,
  strategy: [32m'auto_merge'[39m,
  winner: [32m'merged'[39m,
  mergedFields: [33m0[39m
}
Conflict auto-resolved {
  conflictId: [32m'z8qDradZz_OQXCnuIvS8p'[39m,
  strategy: [32m'auto_merge'[39m,
  winner: [32m'merged'[39m,
  mergedFields: [33m0[39m
}
Conflict auto-resolved {
  conflictId: [32m'TVKChZBFflZigghYhMod0'[39m,
  strategy: [32m'auto_merge'[39m,
  winner: [32m'merged'[39m,
  mergedFields: [33m0[39m
}
Conflict auto-resolved {
  conflictId: [32m'IDF7uLhcop2vqtUdnZ0vy'[39m,
  strategy: [32m'auto_merge'[39m,
  winner: [32m'merged'[39m,
  mergedFields: [33m0[39m
}
Conflict auto-resolved {
  conflictId: [32m'Qcq7GynneLdGlUFowScQP'[39m,
  strategy: [32m'auto_merge'[39m,
  winner: [32m'merged'[39m,
  mergedFields: [33m0[39m
}
Conflict auto-resolved {
  conflictId: [32m'v5neau4TjUqzoQ6pJ-DtT'[39m,
  strategy: [32m'auto_merge'[39m,
  winner: [32m'merged'[39m,
  mergedFields: [33m0[39m
}
Conflict auto-resolved {
  conflictId: [32m'9tYLdGshzEYCmDwImNfS6'[39m,
  strategy: [32m'auto_merge'[39m,
  winner: [32m'merged'[39m,
  mergedFields: [33m0[39m
}
Conflict auto-resolved {
  conflictId: [32m'j42hahwZ5S9RdNEPSI7Ua'[39m,
  strategy: [32m'auto_merge'[39m,
  winner: [32m'merged'[39m,
  mergedFields: [33m0[39m
}
Conflict auto-resolved {
  conflictId: [32m'AC21i6g0A4g9C2d70WV8d'[39m,
  strategy: [32m'auto_merge'[39m,
  winner: [32m'merged'[39m,
  mergedFields: [33m0[39m
}
Conflict auto-resolved {
  conflictId: [32m'AkMdKoaa6Ha6w0LJvXcwC'[39m,
  strategy: [32m'auto_merge'[39m,
  winner: [32m'merged'[39m,
  mergedFields: [33m0[39m
}
Conflict auto-resolved {
  conflictId: [32m'oTqNRCFPhDcIiZyO-6pPr'[39m,
  strategy: [32m'auto_merge'[39m,
  winner: [32m'merged'[39m,
  mergedFields: [33m0[39m
}
Conflict auto-resolved {
  conflictId: [32m'AiZ_Yez_Yplm025SW3Loy'[39m,
  strategy: [32m'auto_merge'[39m,
  winner: [32m'merged'[39m,
  mergedFields: [33m0[39m
}
Conflict auto-resolved {
  conflictId: [32m'AZnVfifAsbABsG3D-R9FK'[39m,
  strategy: [32m'auto_merge'[39m,
  winner: [32m'merged'[39m,
  mergedFields: [33m0[39m
}
Conflict auto-resolved {
  conflictId: [32m'wsNcYeRy_mu0ahN6lPquB'[39m,
  strategy: [32m'auto_merge'[39m,
  winner: [32m'merged'[39m,
  mergedFields: [33m0[39m
}
Conflict auto-resolved {
  conflictId: [32m'jCFGuxVEwRLXlksNZJHV7'[39m,
  strategy: [32m'auto_merge'[39m,
  winner: [32m'merged'[39m,
  mergedFields: [33m0[39m
}
Conflict auto-resolved {
  conflictId: [32m'KuYMBTPhfREz1ySZz6lOo'[39m,
  strategy: [32m'auto_merge'[39m,
  winner: [32m'merged'[39m,
  mergedFields: [33m0[39m
}
Conflict auto-resolved {
  conflictId: [32m'I0nyrNmaOA-Qzk6WLa_Bo'[39m,
  strategy: [32m'auto_merge'[39m,
  winner: [32m'merged'[39m,
  mergedFields: [33m0[39m
}
Conflict auto-resolved {
  conflictId: [32m'Ws5nTWLBYaJyTI9aYgVXJ'[39m,
  strategy: [32m'auto_merge'[39m,
  winner: [32m'merged'[39m,
  mergedFields: [33m0[39m
}
Conflict auto-resolved {
  conflictId: [32m'W-fhjf_HFw8rsCSGQ590S'[39m,
  strategy: [32m'auto_merge'[39m,
  winner: [32m'merged'[39m,
  mergedFields: [33m0[39m
}
Conflict auto-resolved {
  conflictId: [32m'BkUZG8Tt_tZUw0uzoThex'[39m,
  strategy: [32m'auto_merge'[39m,
  winner: [32m'merged'[39m,
  mergedFields: [33m0[39m
}
Conflict auto-resolved {
  conflictId: [32m'gOEmaMOdxGMtPLS_QXm-y'[39m,
  strategy: [32m'auto_merge'[39m,
  winner: [32m'merged'[39m,
  mergedFields: [33m0[39m
}
Conflict auto-resolved {
  conflictId: [32m'HdOQ8s1i6jr7cWyWXHUKI'[39m,
  strategy: [32m'auto_merge'[39m,
  winner: [32m'merged'[39m,
  mergedFields: [33m0[39m
}
Conflict auto-resolved {
  conflictId: [32m'P5ohT0ZNxAmOAv2WIzKKR'[39m,
  strategy: [32m'auto_merge'[39m,
  winner: [32m'merged'[39m,
  mergedFields: [33m0[39m
}
Conflict auto-resolved {
  conflictId: [32m'ZTfBEQN5yTO6fWbucpjBj'[39m,
  strategy: [32m'auto_merge'[39m,
  winner: [32m'merged'[39m,
  mergedFields: [33m0[39m
}
Conflict auto-resolved {
  conflictId: [32m'G-JCS2-MtvTCXybLosbp2'[39m,
  strategy: [32m'auto_merge'[39m,
  winner: [32m'merged'[39m,
  mergedFields: [33m0[39m
}
Conflict auto-resolved {
  conflictId: [32m'f3dMf5GIr_o8DEdB1RzzG'[39m,
  strategy: [32m'auto_merge'[39m,
  winner: [32m'merged'[39m,
  mergedFields: [33m0[39m
}
Conflict auto-resolved {
  conflictId: [32m'YZ_POjsm4sXsbwwUeGzZf'[39m,
  strategy: [32m'auto_merge'[39m,
  winner: [32m'merged'[39m,
  mergedFields: [33m0[39m
}
Conflict auto-resolved {
  conflictId: [32m'WLHd3xmZrFJqfA9SXm2SK'[39m,
  strategy: [32m'auto_merge'[39m,
  winner: [32m'merged'[39m,
  mergedFields: [33m0[39m
}
Conflict auto-resolved {
  conflictId: [32m'vb5f-BZjZP6ISI7QX3Kro'[39m,
  strategy: [32m'auto_merge'[39m,
  winner: [32m'merged'[39m,
  mergedFields: [33m0[39m
}
Conflict auto-resolved {
  conflictId: [32m'0KGCi7DzflyAVE0tjvEmA'[39m,
  strategy: [32m'auto_merge'[39m,
  winner: [32m'merged'[39m,
  mergedFields: [33m0[39m
}
Conflict auto-resolved {
  conflictId: [32m'89FEoU2D5CHu_ZA_AadQo'[39m,
  strategy: [32m'auto_merge'[39m,
  winner: [32m'merged'[39m,
  mergedFields: [33m0[39m
}
Conflict auto-resolved {
  conflictId: [32m'jp_xgYLd_fLAeADXqOm_E'[39m,
  strategy: [32m'auto_merge'[39m,
  winner: [32m'merged'[39m,
  mergedFields: [33m0[39m
}
Conflict auto-resolved {
  conflictId: [32m'GBSxiLY9d6yA9O0iAnPdN'[39m,
  strategy: [32m'auto_merge'[39m,
  winner: [32m'merged'[39m,
  mergedFields: [33m0[39m
}
Conflict auto-resolved {
  conflictId: [32m'L5QC-774MKldz0r_DmDR0'[39m,
  strategy: [32m'auto_merge'[39m,
  winner: [32m'merged'[39m,
  mergedFields: [33m0[39m
}
Conflict auto-resolved {
  conflictId: [32m'kU9-4xyerZTFI6h3e1FUG'[39m,
  strategy: [32m'auto_merge'[39m,
  winner: [32m'merged'[39m,
  mergedFields: [33m0[39m
}
Conflict auto-resolved {
  conflictId: [32m'00tUQWvWdJPRV-zBzN953'[39m,
  strategy: [32m'auto_merge'[39m,
  winner: [32m'merged'[39m,
  mergedFields: [33m0[39m
}
Conflict auto-resolved {
  conflictId: [32m'1unED68OG4inRWSpgE662'[39m,
  strategy: [32m'auto_merge'[39m,
  winner: [32m'merged'[39m,
  mergedFields: [33m0[39m
}
Conflict auto-resolved {
  conflictId: [32m'E1dxDHvf5G4d5cBAgkQJC'[39m,
  strategy: [32m'auto_merge'[39m,
  winner: [32m'merged'[39m,
  mergedFields: [33m0[39m
}
Conflict auto-resolved {
  conflictId: [32m'-h9cRXZOY3KrbmO7NxLPD'[39m,
  strategy: [32m'auto_merge'[39m,
  winner: [32m'merged'[39m,
  mergedFields: [33m0[39m
}
Conflict auto-resolved {
  conflictId: [32m'KsYM95E6wra_4lULN8dOA'[39m,
  strategy: [32m'auto_merge'[39m,
  winner: [32m'merged'[39m,
  mergedFields: [33m0[39m
}
Conflict auto-resolved {
  conflictId: [32m'6bPF6iCnj4J0IFk1owIsa'[39m,
  strategy: [32m'auto_merge'[39m,
  winner: [32m'merged'[39m,
  mergedFields: [33m0[39m
}
Conflict auto-resolved {
  conflictId: [32m'4zAymUK5HL9hzXrcFa9J8'[39m,
  strategy: [32m'auto_merge'[39m,
  winner: [32m'merged'[39m,
  mergedFields: [33m0[39m
}
Conflict auto-resolved {
  conflictId: [32m'LY6nDBd0OycelVf60AIC3'[39m,
  strategy: [32m'auto_merge'[39m,
  winner: [32m'merged'[39m,
  mergedFields: [33m0[39m
}
Conflict auto-resolved {
  conflictId: [32m'4H2TYyLlA8cp3DZCN-UOI'[39m,
  strategy: [32m'auto_merge'[39m,
  winner: [32m'merged'[39m,
  mergedFields: [33m0[39m
}
Conflict auto-resolved {
  conflictId: [32m'D2rgr61Qoe1vFdlIMgskr'[39m,
  strategy: [32m'auto_merge'[39m,
  winner: [32m'merged'[39m,
  mergedFields: [33m0[39m
}
Conflict auto-resolved {
  conflictId: [32m'RSoILvPLkTHW597ph7z4F'[39m,
  strategy: [32m'auto_merge'[39m,
  winner: [32m'merged'[39m,
  mergedFields: [33m0[39m
}
Conflict auto-resolved {
  conflictId: [32m'-UmOr9tiUM-Yvq1sJiKmB'[39m,
  strategy: [32m'auto_merge'[39m,
  winner: [32m'merged'[39m,
  mergedFields: [33m0[39m
}
Conflict auto-resolved {
  conflictId: [32m'y10AFkUR_QMr_yrEHtHXO'[39m,
  strategy: [32m'auto_merge'[39m,
  winner: [32m'merged'[39m,
  mergedFields: [33m0[39m
}
Conflict auto-resolved {
  conflictId: [32m'LQZoaIgO4UZfVkoEZfpBd'[39m,
  strategy: [32m'auto_merge'[39m,
  winner: [32m'merged'[39m,
  mergedFields: [33m0[39m
}
Conflict auto-resolved {
  conflictId: [32m'zw4MXCowKeLkIJjToO402'[39m,
  strategy: [32m'auto_merge'[39m,
  winner: [32m'merged'[39m,
  mergedFields: [33m0[39m
}
Conflict auto-resolved {
  conflictId: [32m'alQMIa1geZ-ErwTSHiI6u'[39m,
  strategy: [32m'auto_merge'[39m,
  winner: [32m'merged'[39m,
  mergedFields: [33m0[39m
}
Conflict auto-resolved {
  conflictId: [32m'jgLT_keB1hSP9iWyMeRUc'[39m,
  strategy: [32m'auto_merge'[39m,
  winner: [32m'merged'[39m,
  mergedFields: [33m0[39m
}
Conflict auto-resolved {
  conflictId: [32m'Dk0YntziNaJU5RiUsEFgv'[39m,
  strategy: [32m'auto_merge'[39m,
  winner: [32m'merged'[39m,
  mergedFields: [33m0[39m
}
Conflict auto-resolved {
  conflictId: [32m'zUHrne0xxwcRceLkMyjLN'[39m,
  strategy: [32m'auto_merge'[39m,
  winner: [32m'merged'[39m,
  mergedFields: [33m0[39m
}
Conflict auto-resolved {
  conflictId: [32m'7MggBAj3jPTnq0IzOc3p0'[39m,
  strategy: [32m'auto_merge'[39m,
  winner: [32m'merged'[39m,
  mergedFields: [33m0[39m
}
Conflict auto-resolved {
  conflictId: [32m'JA1CE8xk8Jp38WIiujOPU'[39m,
  strategy: [32m'auto_merge'[39m,
  winner: [32m'merged'[39m,
  mergedFields: [33m0[39m
}
Conflict auto-resolved {
  conflictId: [32m'VCE4JKHoGS_kAnyAI8f8W'[39m,
  strategy: [32m'auto_merge'[39m,
  winner: [32m'merged'[39m,
  mergedFields: [33m0[39m
}
Conflict auto-resolved {
  conflictId: [32m'm4vYON0wsxioANR6kT8Fr'[39m,
  strategy: [32m'auto_merge'[39m,
  winner: [32m'merged'[39m,
  mergedFields: [33m0[39m
}
Conflict auto-resolved {
  conflictId: [32m'U-MMJWc8njtSaPvRurnMD'[39m,
  strategy: [32m'auto_merge'[39m,
  winner: [32m'merged'[39m,
  mergedFields: [33m0[39m
}
Conflict auto-resolved {
  conflictId: [32m'g02wMWSwaILSKCOQ-7Afk'[39m,
  strategy: [32m'auto_merge'[39m,
  winner: [32m'merged'[39m,
  mergedFields: [33m0[39m
}
Conflict auto-resolved {
  conflictId: [32m'K4m_-P0nOcnJEolCy33Fy'[39m,
  strategy: [32m'auto_merge'[39m,
  winner: [32m'merged'[39m,
  mergedFields: [33m0[39m
}
Conflict auto-resolved {
  conflictId: [32m'viWWfJOht-X0Y1JshDweO'[39m,
  strategy: [32m'auto_merge'[39m,
  winner: [32m'merged'[39m,
  mergedFields: [33m0[39m
}
Conflict auto-resolved {
  conflictId: [32m'ElDEGuVGLz8is0mIvqoJZ'[39m,
  strategy: [32m'auto_merge'[39m,
  winner: [32m'merged'[39m,
  mergedFields: [33m0[39m
}
Conflict auto-resolved {
  conflictId: [32m'JOvHk7INCYjBKGKEYjjZH'[39m,
  strategy: [32m'auto_merge'[39m,
  winner: [32m'merged'[39m,
  mergedFields: [33m0[39m
}
Conflict auto-resolved {
  conflictId: [32m'chwkNLGSmlmVZFL3LcZL9'[39m,
  strategy: [32m'auto_merge'[39m,
  winner: [32m'merged'[39m,
  mergedFields: [33m0[39m
}
Conflict auto-resolved {
  conflictId: [32m'mnLSy4hJcDzKYlqC-tIEf'[39m,
  strategy: [32m'auto_merge'[39m,
  winner: [32m'merged'[39m,
  mergedFields: [33m0[39m
}
Conflict auto-resolved {
  conflictId: [32m'6jVqDemp0nx8FvsSBCCJJ'[39m,
  strategy: [32m'auto_merge'[39m,
  winner: [32m'merged'[39m,
  mergedFields: [33m0[39m
}
Conflict auto-resolved {
  conflictId: [32m'BJcZcQhPfybtQnFWl0B9x'[39m,
  strategy: [32m'auto_merge'[39m,
  winner: [32m'merged'[39m,
  mergedFields: [33m0[39m
}
Conflict auto-resolved {
  conflictId: [32m'AhmB1ambo0tJnoz3emb6X'[39m,
  strategy: [32m'auto_merge'[39m,
  winner: [32m'merged'[39m,
  mergedFields: [33m0[39m
}
Conflict auto-resolved {
  conflictId: [32m'OgwM0cQOsN0F8wUbusUc0'[39m,
  strategy: [32m'auto_merge'[39m,
  winner: [32m'merged'[39m,
  mergedFields: [33m0[39m
}
Conflict auto-resolved {
  conflictId: [32m'yxSKpozhncoK4Q89nEoty'[39m,
  strategy: [32m'auto_merge'[39m,
  winner: [32m'merged'[39m,
  mergedFields: [33m0[39m
}
Conflict auto-resolved {
  conflictId: [32m'Yq-60iCzW_9ThSQsjVJ_Z'[39m,
  strategy: [32m'auto_merge'[39m,
  winner: [32m'merged'[39m,
  mergedFields: [33m0[39m
}
Conflict auto-resolved {
  conflictId: [32m'Ezldr1lYqMMcvMWtOkkg1'[39m,
  strategy: [32m'auto_merge'[39m,
  winner: [32m'merged'[39m,
  mergedFields: [33m0[39m
}
Conflict auto-resolved {
  conflictId: [32m'saDOA650xt5L9zcJ1WtaX'[39m,
  strategy: [32m'auto_merge'[39m,
  winner: [32m'merged'[39m,
  mergedFields: [33m0[39m
}
Conflict auto-resolved {
  conflictId: [32m'e2mkBSX049eNLDTYx8RdR'[39m,
  strategy: [32m'auto_merge'[39m,
  winner: [32m'merged'[39m,
  mergedFields: [33m0[39m
}
Conflict auto-resolved {
  conflictId: [32m'mDxjsbkdJDww0rDDogirI'[39m,
  strategy: [32m'auto_merge'[39m,
  winner: [32m'merged'[39m,
  mergedFields: [33m0[39m
}
Conflict auto-resolved {
  conflictId: [32m'099bRKgYUbyn9ze2Itqo6'[39m,
  strategy: [32m'auto_merge'[39m,
  winner: [32m'merged'[39m,
  mergedFields: [33m0[39m
}
Conflict auto-resolved {
  conflictId: [32m'B8MhvtyrYUADaEPFmdPqW'[39m,
  strategy: [32m'auto_merge'[39m,
  winner: [32m'merged'[39m,
  mergedFields: [33m0[39m
}
Conflict auto-resolved {
  conflictId: [32m'BquOhEaMQ06PTr3iG5_q2'[39m,
  strategy: [32m'auto_merge'[39m,
  winner: [32m'merged'[39m,
  mergedFields: [33m0[39m
}
Conflict auto-resolved {
  conflictId: [32m'UhBycCsp4hV_ZL09FcaRt'[39m,
  strategy: [32m'auto_merge'[39m,
  winner: [32m'merged'[39m,
  mergedFields: [33m0[39m
}
Conflict auto-resolved {
  conflictId: [32m'sVCro_9DJ3KcT4lusSlr3'[39m,
  strategy: [32m'auto_merge'[39m,
  winner: [32m'merged'[39m,
  mergedFields: [33m0[39m
}
Conflict auto-resolved {
  conflictId: [32m'ZExfp-1nzD1KWURalobLX'[39m,
  strategy: [32m'auto_merge'[39m,
  winner: [32m'merged'[39m,
  mergedFields: [33m0[39m
}
Conflict auto-resolved {
  conflictId: [32m'50iU0kocMJjqQj0f3KRuC'[39m,
  strategy: [32m'auto_merge'[39m,
  winner: [32m'merged'[39m,
  mergedFields: [33m0[39m
}
Conflict auto-resolved {
  conflictId: [32m'nge9rYsmAeWtWV-vSiDF8'[39m,
  strategy: [32m'auto_merge'[39m,
  winner: [32m'merged'[39m,
  mergedFields: [33m0[39m
}
Conflict auto-resolved {
  conflictId: [32m'iyetfok3OKtWYAATVKZUM'[39m,
  strategy: [32m'auto_merge'[39m,
  winner: [32m'merged'[39m,
  mergedFields: [33m0[39m
}
Conflict auto-resolved {
  conflictId: [32m'o7KJd6WGISAeoMCxJk-z9'[39m,
  strategy: [32m'auto_merge'[39m,
  winner: [32m'merged'[39m,
  mergedFields: [33m0[39m
}
Conflict auto-resolved {
  conflictId: [32m'VstD9L90Dh-tnWo9eQIOP'[39m,
  strategy: [32m'auto_merge'[39m,
  winner: [32m'merged'[39m,
  mergedFields: [33m0[39m
}
Conflict auto-resolved {
  conflictId: [32m'mHrBQjjvIHGN0o8vXJWsS'[39m,
  strategy: [32m'auto_merge'[39m,
  winner: [32m'merged'[39m,
  mergedFields: [33m0[39m
}
Conflict auto-resolved {
  conflictId: [32m'3gSbkU-VNkC5pyVwebba0'[39m,
  strategy: [32m'auto_merge'[39m,
  winner: [32m'merged'[39m,
  mergedFields: [33m0[39m
}
Conflict auto-resolved {
  conflictId: [32m'8_12t9uGm0YIh6wJeeRRA'[39m,
  strategy: [32m'auto_merge'[39m,
  winner: [32m'merged'[39m,
  mergedFields: [33m0[39m
}
Conflict auto-resolved {
  conflictId: [32m'CFLxB0A9UtIEakRJxCEUi'[39m,
  strategy: [32m'auto_merge'[39m,
  winner: [32m'merged'[39m,
  mergedFields: [33m0[39m
}
Conflict auto-resolved {
  conflictId: [32m'7qa1tWHtA7lN8cjMgnDSD'[39m,
  strategy: [32m'auto_merge'[39m,
  winner: [32m'merged'[39m,
  mergedFields: [33m0[39m
}
Conflict auto-resolved {
  conflictId: [32m'OdV8mowqFitvGiO10xEgU'[39m,
  strategy: [32m'auto_merge'[39m,
  winner: [32m'merged'[39m,
  mergedFields: [33m0[39m
}
Conflict auto-resolved {
  conflictId: [32m'tDvyPJjpWAJGiXIDG4jqE'[39m,
  strategy: [32m'auto_merge'[39m,
  winner: [32m'merged'[39m,
  mergedFields: [33m0[39m
}
Conflict auto-resolved {
  conflictId: [32m'8YYwYoWYcboi8CZiuSas7'[39m,
  strategy: [32m'auto_merge'[39m,
  winner: [32m'merged'[39m,
  mergedFields: [33m0[39m
}
Conflict auto-resolved {
  conflictId: [32m'hPIjZLRObwcFk0T3w9W6z'[39m,
  strategy: [32m'auto_merge'[39m,
  winner: [32m'merged'[39m,
  mergedFields: [33m0[39m
}
Conflict auto-resolved {
  conflictId: [32m'dvBCUR-xRFASh_L6RpZH-'[39m,
  strategy: [32m'auto_merge'[39m,
  winner: [32m'merged'[39m,
  mergedFields: [33m0[39m
}
Conflict auto-resolved {
  conflictId: [32m'ahzWeD1qxHd1tEtprDKUC'[39m,
  strategy: [32m'auto_merge'[39m,
  winner: [32m'merged'[39m,
  mergedFields: [33m0[39m
}
Conflict auto-resolved {
  conflictId: [32m'qbKknaj6lDadH89aCWE6N'[39m,
  strategy: [32m'auto_merge'[39m,
  winner: [32m'merged'[39m,
  mergedFields: [33m0[39m
}
Conflict auto-resolved {
  conflictId: [32m'UIq_v3A7KXXtkIfCTL8yB'[39m,
  strategy: [32m'auto_merge'[39m,
  winner: [32m'merged'[39m,
  mergedFields: [33m0[39m
}
Conflict auto-resolved {
  conflictId: [32m'QQtXz2cA3xizWYdqLWLyG'[39m,
  strategy: [32m'auto_merge'[39m,
  winner: [32m'merged'[39m,
  mergedFields: [33m0[39m
}
Conflict auto-resolved {
  conflictId: [32m'NgXPUKLL18HNW4DW8pbXh'[39m,
  strategy: [32m'auto_merge'[39m,
  winner: [32m'merged'[39m,
  mergedFields: [33m0[39m
}
Conflict auto-resolved {
  conflictId: [32m'dM-H69PpqBoGbSDhTYcAj'[39m,
  strategy: [32m'auto_merge'[39m,
  winner: [32m'merged'[39m,
  mergedFields: [33m0[39m
}
Conflict auto-resolved {
  conflictId: [32m'5VzwyAy1vSBwiOa-J_xxS'[39m,
  strategy: [32m'auto_merge'[39m,
  winner: [32m'merged'[39m,
  mergedFields: [33m0[39m
}
Conflict auto-resolved {
  conflictId: [32m'HwFXM9NFE8LP49jFPwXmc'[39m,
  strategy: [32m'auto_merge'[39m,
  winner: [32m'merged'[39m,
  mergedFields: [33m0[39m
}
Conflict auto-resolved {
  conflictId: [32m'isCuutMqKXtCSmAeucXKs'[39m,
  strategy: [32m'auto_merge'[39m,
  winner: [32m'merged'[39m,
  mergedFields: [33m0[39m
}
Conflict auto-resolved {
  conflictId: [32m'mWH25ZBXwsbMk0jUEJ-I8'[39m,
  strategy: [32m'auto_merge'[39m,
  winner: [32m'merged'[39m,
  mergedFields: [33m0[39m
}
Conflict auto-resolved {
  conflictId: [32m'DuQCS_muootGDVAPoIBvR'[39m,
  strategy: [32m'auto_merge'[39m,
  winner: [32m'merged'[39m,
  mergedFields: [33m0[39m
}
Conflict auto-resolved {
  conflictId: [32m'TrYVwdU5xpNFt2TFAe6yM'[39m,
  strategy: [32m'auto_merge'[39m,
  winner: [32m'merged'[39m,
  mergedFields: [33m0[39m
}
Conflict auto-resolved {
  conflictId: [32m'n-jwa86dOYVmMvXbNRunQ'[39m,
  strategy: [32m'auto_merge'[39m,
  winner: [32m'merged'[39m,
  mergedFields: [33m0[39m
}
Conflict auto-resolved {
  conflictId: [32m'lIbks9VOpHl-SNkkVg2nj'[39m,
  strategy: [32m'auto_merge'[39m,
  winner: [32m'merged'[39m,
  mergedFields: [33m0[39m
}
Conflict auto-resolved {
  conflictId: [32m'ZZkhbj6g3u0CFpYnlVQL2'[39m,
  strategy: [32m'auto_merge'[39m,
  winner: [32m'merged'[39m,
  mergedFields: [33m0[39m
}
Conflict auto-resolved {
  conflictId: [32m'GuZAU1ihW9us6RC4NZNVV'[39m,
  strategy: [32m'auto_merge'[39m,
  winner: [32m'merged'[39m,
  mergedFields: [33m0[39m
}
Conflict auto-resolved {
  conflictId: [32m'oh5N7frNEOihPkga-Vpo2'[39m,
  strategy: [32m'auto_merge'[39m,
  winner: [32m'merged'[39m,
  mergedFields: [33m0[39m
}
Conflict auto-resolved {
  conflictId: [32m'3W7-n_4thUkeZRPnRnR3i'[39m,
  strategy: [32m'auto_merge'[39m,
  winner: [32m'merged'[39m,
  mergedFields: [33m0[39m
}
Conflict auto-resolved {
  conflictId: [32m'W4xUpo-7-qVkzeWipean3'[39m,
  strategy: [32m'auto_merge'[39m,
  winner: [32m'merged'[39m,
  mergedFields: [33m0[39m
}
Conflict auto-resolved {
  conflictId: [32m'tKcSrSLTT2R0Auqzk8DSV'[39m,
  strategy: [32m'auto_merge'[39m,
  winner: [32m'merged'[39m,
  mergedFields: [33m0[39m
}
Conflict auto-resolved {
  conflictId: [32m'99qjc7tu1VfrI3J9zcpxG'[39m,
  strategy: [32m'auto_merge'[39m,
  winner: [32m'merged'[39m,
  mergedFields: [33m0[39m
}
Conflict auto-resolved {
  conflictId: [32m'A1Cf27NRrPdp1nF09j10h'[39m,
  strategy: [32m'auto_merge'[39m,
  winner: [32m'merged'[39m,
  mergedFields: [33m0[39m
}
Conflict auto-resolved {
  conflictId: [32m'BuxB5vBMwtht-d8sgLPNl'[39m,
  strategy: [32m'auto_merge'[39m,
  winner: [32m'merged'[39m,
  mergedFields: [33m0[39m
}
Conflict auto-resolved {
  conflictId: [32m'Pgh1A3SJa_sId4Gpbv4HG'[39m,
  strategy: [32m'auto_merge'[39m,
  winner: [32m'merged'[39m,
  mergedFields: [33m0[39m
}
Conflict auto-resolved {
  conflictId: [32m'QPcQC95Q_sPPZSg3jjecT'[39m,
  strategy: [32m'auto_merge'[39m,
  winner: [32m'merged'[39m,
  mergedFields: [33m0[39m
}
Conflict auto-resolved {
  conflictId: [32m'GPLmZnb_3Y0cgUX2Wli7_'[39m,
  strategy: [32m'auto_merge'[39m,
  winner: [32m'merged'[39m,
  mergedFields: [33m0[39m
}
Conflict auto-resolved {
  conflictId: [32m'2vWTHsdrpmUE9qWxGGCIA'[39m,
  strategy: [32m'auto_merge'[39m,
  winner: [32m'merged'[39m,
  mergedFields: [33m0[39m
}
Conflict auto-resolved {
  conflictId: [32m'11Oba_2AsCz2dFRcViA6_'[39m,
  strategy: [32m'auto_merge'[39m,
  winner: [32m'merged'[39m,
  mergedFields: [33m0[39m
}
Conflict auto-resolved {
  conflictId: [32m'AqjtbJ1cV7S2X1e_31Ex2'[39m,
  strategy: [32m'auto_merge'[39m,
  winner: [32m'merged'[39m,
  mergedFields: [33m0[39m
}
Conflict auto-resolved {
  conflictId: [32m'TR7TFvw2wHRP8f8BTghqi'[39m,
  strategy: [32m'auto_merge'[39m,
  winner: [32m'merged'[39m,
  mergedFields: [33m0[39m
}
Conflict auto-resolved {
  conflictId: [32m'YdrJlf6XDICi4LjFuuzKQ'[39m,
  strategy: [32m'auto_merge'[39m,
  winner: [32m'merged'[39m,
  mergedFields: [33m0[39m
}
Conflict auto-resolved {
  conflictId: [32m'JvcFAzs1PvyNoA6CgGM0d'[39m,
  strategy: [32m'auto_merge'[39m,
  winner: [32m'merged'[39m,
  mergedFields: [33m0[39m
}
Conflict auto-resolved {
  conflictId: [32m'eDAQ_vPjAaTHn3p11IxRv'[39m,
  strategy: [32m'auto_merge'[39m,
  winner: [32m'merged'[39m,
  mergedFields: [33m0[39m
}
Conflict auto-resolved {
  conflictId: [32m'dU7HWyDtUrOhwx-_NcJb3'[39m,
  strategy: [32m'auto_merge'[39m,
  winner: [32m'merged'[39m,
  mergedFields: [33m0[39m
}
Conflict auto-resolved {
  conflictId: [32m'QhioFQHeyYcd0jocz01mS'[39m,
  strategy: [32m'auto_merge'[39m,
  winner: [32m'merged'[39m,
  mergedFields: [33m0[39m
}
Conflict auto-resolved {
  conflictId: [32m'QsoklAlMRgVTx2syYL7Ri'[39m,
  strategy: [32m'auto_merge'[39m,
  winner: [32m'merged'[39m,
  mergedFields: [33m0[39m
}
Conflict auto-resolved {
  conflictId: [32m'xSr5Uzpke_xWgNq9CSmlK'[39m,
  strategy: [32m'auto_merge'[39m,
  winner: [32m'merged'[39m,
  mergedFields: [33m0[39m
}
Conflict auto-resolved {
  conflictId: [32m'MypiNF2ze6oLwst0d1Maq'[39m,
  strategy: [32m'auto_merge'[39m,
  winner: [32m'merged'[39m,
  mergedFields: [33m0[39m
}
Conflict auto-resolved {
  conflictId: [32m'4ZG4CKpNOvzuMwXZlvGLv'[39m,
  strategy: [32m'auto_merge'[39m,
  winner: [32m'merged'[39m,
  mergedFields: [33m0[39m
}
Conflict auto-resolved {
  conflictId: [32m'EhITIxKtUbtVgrCBk6ME4'[39m,
  strategy: [32m'auto_merge'[39m,
  winner: [32m'merged'[39m,
  mergedFields: [33m0[39m
}
Conflict auto-resolved {
  conflictId: [32m'pxf_7d9Lf91hA1TNEXn7s'[39m,
  strategy: [32m'auto_merge'[39m,
  winner: [32m'merged'[39m,
  mergedFields: [33m0[39m
}
Conflict auto-resolved {
  conflictId: [32m'3oYsqIFF577mIRu0gHd_h'[39m,
  strategy: [32m'auto_merge'[39m,
  winner: [32m'merged'[39m,
  mergedFields: [33m0[39m
}
Conflict auto-resolved {
  conflictId: [32m'WLIRWvazM0iskboiDge90'[39m,
  strategy: [32m'auto_merge'[39m,
  winner: [32m'merged'[39m,
  mergedFields: [33m0[39m
}
Conflict auto-resolved {
  conflictId: [32m'a9PqGUjOw9wLNLCUCoQdc'[39m,
  strategy: [32m'auto_merge'[39m,
  winner: [32m'merged'[39m,
  mergedFields: [33m0[39m
}
Conflict auto-resolved {
  conflictId: [32m'WIoObZ-abC1yAFm0_pDjK'[39m,
  strategy: [32m'auto_merge'[39m,
  winner: [32m'merged'[39m,
  mergedFields: [33m0[39m
}
Conflict auto-resolved {
  conflictId: [32m'O5PcNztlmxyp-TPV0xua5'[39m,
  strategy: [32m'auto_merge'[39m,
  winner: [32m'merged'[39m,
  mergedFields: [33m0[39m
}
Conflict auto-resolved {
  conflictId: [32m'YiiSVWrPXU0RiMhDptkOm'[39m,
  strategy: [32m'auto_merge'[39m,
  winner: [32m'merged'[39m,
  mergedFields: [33m0[39m
}
Conflict auto-resolved {
  conflictId: [32m'TLRpT4Wdt9OKLkzgsKYHH'[39m,
  strategy: [32m'auto_merge'[39m,
  winner: [32m'merged'[39m,
  mergedFields: [33m0[39m
}
Conflict auto-resolved {
  conflictId: [32m'mnZ_zrBwk4p2kxMuMZmy2'[39m,
  strategy: [32m'auto_merge'[39m,
  winner: [32m'merged'[39m,
  mergedFields: [33m0[39m
}
Conflict auto-resolved {
  conflictId: [32m'LCKKLVYarkpRt5YoP8NJ6'[39m,
  strategy: [32m'auto_merge'[39m,
  winner: [32m'merged'[39m,
  mergedFields: [33m0[39m
}
Conflict auto-resolved {
  conflictId: [32m'4eBogsbsCu9gAwHpPcKyx'[39m,
  strategy: [32m'auto_merge'[39m,
  winner: [32m'merged'[39m,
  mergedFields: [33m0[39m
}
Conflict auto-resolved {
  conflictId: [32m'aYxHCFqTZpEiqFsNk35ai'[39m,
  strategy: [32m'auto_merge'[39m,
  winner: [32m'merged'[39m,
  mergedFields: [33m0[39m
}
Conflict auto-resolved {
  conflictId: [32m'6RmMXbVlgtAv_Lm4hKUfe'[39m,
  strategy: [32m'auto_merge'[39m,
  winner: [32m'merged'[39m,
  mergedFields: [33m0[39m
}
Conflict auto-resolved {
  conflictId: [32m'wpmEPQgUhTrpX2ZtlHIlr'[39m,
  strategy: [32m'auto_merge'[39m,
  winner: [32m'merged'[39m,
  mergedFields: [33m0[39m
}
Conflict auto-resolved {
  conflictId: [32m'loh5rJc7ehjhh76vL6mZN'[39m,
  strategy: [32m'auto_merge'[39m,
  winner: [32m'merged'[39m,
  mergedFields: [33m0[39m
}
Conflict auto-resolved {
  conflictId: [32m'BMBVhQUz6SL4wAmsu5iHo'[39m,
  strategy: [32m'auto_merge'[39m,
  winner: [32m'merged'[39m,
  mergedFields: [33m0[39m
}
Conflict auto-resolved {
  conflictId: [32m'CZdRRXMH0kiOiHge9vo7b'[39m,
  strategy: [32m'auto_merge'[39m,
  winner: [32m'merged'[39m,
  mergedFields: [33m0[39m
}
Conflict auto-resolved {
  conflictId: [32m'DF4tiBPghXHaMKF9hO-3x'[39m,
  strategy: [32m'auto_merge'[39m,
  winner: [32m'merged'[39m,
  mergedFields: [33m0[39m
}
Conflict auto-resolved {
  conflictId: [32m'gSFyrZNokIED9dE89VaK9'[39m,
  strategy: [32m'auto_merge'[39m,
  winner: [32m'merged'[39m,
  mergedFields: [33m0[39m
}
Conflict auto-resolved {
  conflictId: [32m'ZWg5qUaz2Ng-pR0184LQ8'[39m,
  strategy: [32m'auto_merge'[39m,
  winner: [32m'merged'[39m,
  mergedFields: [33m0[39m
}
Conflict auto-resolved {
  conflictId: [32m'QbRui_Z7CxWiCSTSw-EQg'[39m,
  strategy: [32m'auto_merge'[39m,
  winner: [32m'merged'[39m,
  mergedFields: [33m0[39m
}
Conflict auto-resolved {
  conflictId: [32m'yZ7sX2F0qOFQbXa2jHEiB'[39m,
  strategy: [32m'auto_merge'[39m,
  winner: [32m'merged'[39m,
  mergedFields: [33m0[39m
}
Conflict auto-resolved {
  conflictId: [32m'DnhyuWJ0Z_vpNbFR5OqMY'[39m,
  strategy: [32m'auto_merge'[39m,
  winner: [32m'merged'[39m,
  mergedFields: [33m0[39m
}
Conflict auto-resolved {
  conflictId: [32m'Z6R7EV3zKgjQTFceCr9Rd'[39m,
  strategy: [32m'auto_merge'[39m,
  winner: [32m'merged'[39m,
  mergedFields: [33m0[39m
}
Conflict auto-resolved {
  conflictId: [32m'2nL6DdBuWuaTPZmOCO02R'[39m,
  strategy: [32m'auto_merge'[39m,
  winner: [32m'merged'[39m,
  mergedFields: [33m0[39m
}
Conflict auto-resolved {
  conflictId: [32m'tXRsqqyAEnjLNlICYkNjM'[39m,
  strategy: [32m'auto_merge'[39m,
  winner: [32m'merged'[39m,
  mergedFields: [33m0[39m
}
Conflict auto-resolved {
  conflictId: [32m'ggjGQl7J2jdscHvYUrnka'[39m,
  strategy: [32m'auto_merge'[39m,
  winner: [32m'merged'[39m,
  mergedFields: [33m0[39m
}
Conflict auto-resolved {
  conflictId: [32m'cLOk7yY-nI7eAIgGtMSRN'[39m,
  strategy: [32m'auto_merge'[39m,
  winner: [32m'merged'[39m,
  mergedFields: [33m0[39m
}
Conflict auto-resolved {
  conflictId: [32m'w-dlecNdcYYoc0SLUOI7f'[39m,
  strategy: [32m'auto_merge'[39m,
  winner: [32m'merged'[39m,
  mergedFields: [33m0[39m
}
Conflict auto-resolved {
  conflictId: [32m'mjLzcDhmPcvZBXepX-9sL'[39m,
  strategy: [32m'auto_merge'[39m,
  winner: [32m'merged'[39m,
  mergedFields: [33m0[39m
}
Conflict auto-resolved {
  conflictId: [32m'_534P5SVeE6m25-pMGNB9'[39m,
  strategy: [32m'auto_merge'[39m,
  winner: [32m'merged'[39m,
  mergedFields: [33m0[39m
}
Conflict auto-resolved {
  conflictId: [32m'etErOWNiHRxoQmG8HXDc3'[39m,
  strategy: [32m'auto_merge'[39m,
  winner: [32m'merged'[39m,
  mergedFields: [33m0[39m
}
Conflict auto-resolved {
  conflictId: [32m'OnNnLnB82JbHuNgf1A2Rx'[39m,
  strategy: [32m'auto_merge'[39m,
  winner: [32m'merged'[39m,
  mergedFields: [33m0[39m
}
Conflict auto-resolved {
  conflictId: [32m'nGuTWJfjETikbYHqxF--G'[39m,
  strategy: [32m'auto_merge'[39m,
  winner: [32m'merged'[39m,
  mergedFields: [33m0[39m
}
Conflict auto-resolved {
  conflictId: [32m'J3gHhUMkVVj1f_sye6Opj'[39m,
  strategy: [32m'auto_merge'[39m,
  winner: [32m'merged'[39m,
  mergedFields: [33m0[39m
}
Conflict auto-resolved {
  conflictId: [32m'HfZIwrvJTroZh4PzEUBbu'[39m,
  strategy: [32m'auto_merge'[39m,
  winner: [32m'merged'[39m,
  mergedFields: [33m0[39m
}
Conflict auto-resolved {
  conflictId: [32m'ziemqqhdVUzZdVaFjrk43'[39m,
  strategy: [32m'auto_merge'[39m,
  winner: [32m'merged'[39m,
  mergedFields: [33m0[39m
}
Conflict auto-resolved {
  conflictId: [32m'TaKELH-O72knmY239kfdi'[39m,
  strategy: [32m'auto_merge'[39m,
  winner: [32m'merged'[39m,
  mergedFields: [33m0[39m
}
Conflict auto-resolved {
  conflictId: [32m'FWQ9H9DpQ38UftVIFb2YT'[39m,
  strategy: [32m'auto_merge'[39m,
  winner: [32m'merged'[39m,
  mergedFields: [33m0[39m
}
Conflict auto-resolved {
  conflictId: [32m'HzkCdx5gAeR8NH69LeBw1'[39m,
  strategy: [32m'auto_merge'[39m,
  winner: [32m'merged'[39m,
  mergedFields: [33m0[39m
}
Conflict auto-resolved {
  conflictId: [32m'0_oPNrNVozlEGCvNAHqBY'[39m,
  strategy: [32m'auto_merge'[39m,
  winner: [32m'merged'[39m,
  mergedFields: [33m0[39m
}
Conflict auto-resolved {
  conflictId: [32m'nuOObUa8LQgUlKXPcBLuo'[39m,
  strategy: [32m'auto_merge'[39m,
  winner: [32m'merged'[39m,
  mergedFields: [33m0[39m
}
Conflict auto-resolved {
  conflictId: [32m'utjCNUUCGL2gZFcBBgZUt'[39m,
  strategy: [32m'auto_merge'[39m,
  winner: [32m'merged'[39m,
  mergedFields: [33m0[39m
}
Conflict auto-resolved {
  conflictId: [32m'P9XnBM_PGT_kv9LIRcI-7'[39m,
  strategy: [32m'auto_merge'[39m,
  winner: [32m'merged'[39m,
  mergedFields: [33m0[39m
}
Conflict auto-resolved {
  conflictId: [32m'Jhp6iEtWhb9Y6hpb5H8aQ'[39m,
  strategy: [32m'auto_merge'[39m,
  winner: [32m'merged'[39m,
  mergedFields: [33m0[39m
}
Conflict auto-resolved {
  conflictId: [32m'CnZ1VSbd89BO23GyIQ0va'[39m,
  strategy: [32m'auto_merge'[39m,
  winner: [32m'merged'[39m,
  mergedFields: [33m0[39m
}
Conflict auto-resolved {
  conflictId: [32m'el0ksLoxK1z9VqhpRpAz8'[39m,
  strategy: [32m'auto_merge'[39m,
  winner: [32m'merged'[39m,
  mergedFields: [33m0[39m
}
Conflict auto-resolved {
  conflictId: [32m'VqAIf0TMkmxouPIHH4Ml4'[39m,
  strategy: [32m'auto_merge'[39m,
  winner: [32m'merged'[39m,
  mergedFields: [33m0[39m
}
Conflict auto-resolved {
  conflictId: [32m'u6DBlQDEsKCjJ6afaRggl'[39m,
  strategy: [32m'auto_merge'[39m,
  winner: [32m'merged'[39m,
  mergedFields: [33m0[39m
}
Conflict auto-resolved {
  conflictId: [32m'6mT7AwjP91Bp-cJHVcz4P'[39m,
  strategy: [32m'auto_merge'[39m,
  winner: [32m'merged'[39m,
  mergedFields: [33m0[39m
}
Conflict auto-resolved {
  conflictId: [32m'pb0PkKTjtLUu6Ij2U2puQ'[39m,
  strategy: [32m'auto_merge'[39m,
  winner: [32m'merged'[39m,
  mergedFields: [33m0[39m
}
Conflict auto-resolved {
  conflictId: [32m'YBw65G89hUB7jQHUUMR2M'[39m,
  strategy: [32m'auto_merge'[39m,
  winner: [32m'merged'[39m,
  mergedFields: [33m0[39m
}
Conflict auto-resolved {
  conflictId: [32m'OffVOJmM-zIPpMT_Vq8OC'[39m,
  strategy: [32m'auto_merge'[39m,
  winner: [32m'merged'[39m,
  mergedFields: [33m0[39m
}
Conflict auto-resolved {
  conflictId: [32m'T770WcUiXPhIJPFOvwe7e'[39m,
  strategy: [32m'auto_merge'[39m,
  winner: [32m'merged'[39m,
  mergedFields: [33m0[39m
}
Conflict auto-resolved {
  conflictId: [32m'-5aMgck1nxRsnmJMUlH4U'[39m,
  strategy: [32m'auto_merge'[39m,
  winner: [32m'merged'[39m,
  mergedFields: [33m0[39m
}
Conflict auto-resolved {
  conflictId: [32m'5otTFBn2-nadd8T9bgas-'[39m,
  strategy: [32m'auto_merge'[39m,
  winner: [32m'merged'[39m,
  mergedFields: [33m0[39m
}
Conflict auto-resolved {
  conflictId: [32m'cAd7kNo-vFgl03d2Vr23o'[39m,
  strategy: [32m'auto_merge'[39m,
  winner: [32m'merged'[39m,
  mergedFields: [33m0[39m
}
Conflict auto-resolved {
  conflictId: [32m'gns4opQwKZ5jY9EDhO_tQ'[39m,
  strategy: [32m'auto_merge'[39m,
  winner: [32m'merged'[39m,
  mergedFields: [33m0[39m
}
Conflict auto-resolved {
  conflictId: [32m'3Ed1nYjXf5CpORSHFAc1B'[39m,
  strategy: [32m'auto_merge'[39m,
  winner: [32m'merged'[39m,
  mergedFields: [33m0[39m
}
Conflict auto-resolved {
  conflictId: [32m'CboEWo7XVzRn6ALoO9W5N'[39m,
  strategy: [32m'auto_merge'[39m,
  winner: [32m'merged'[39m,
  mergedFields: [33m0[39m
}
Conflict auto-resolved {
  conflictId: [32m'-LnKNG8yowwvkew_m2FYA'[39m,
  strategy: [32m'auto_merge'[39m,
  winner: [32m'merged'[39m,
  mergedFields: [33m0[39m
}
Conflict auto-resolved {
  conflictId: [32m'A2FwGt6_aTWp92WY_f5fW'[39m,
  strategy: [32m'auto_merge'[39m,
  winner: [32m'merged'[39m,
  mergedFields: [33m0[39m
}
Conflict auto-resolved {
  conflictId: [32m'oWdXbtVVOGCyjx8C2TEGL'[39m,
  strategy: [32m'auto_merge'[39m,
  winner: [32m'merged'[39m,
  mergedFields: [33m0[39m
}
Conflict auto-resolved {
  conflictId: [32m'yKlS2biCgnLuR1In0pdY0'[39m,
  strategy: [32m'auto_merge'[39m,
  winner: [32m'merged'[39m,
  mergedFields: [33m0[39m
}
Conflict auto-resolved {
  conflictId: [32m'GBcMKRTlf7Pw8zCA9Gbzf'[39m,
  strategy: [32m'auto_merge'[39m,
  winner: [32m'merged'[39m,
  mergedFields: [33m0[39m
}
Conflict auto-resolved {
  conflictId: [32m'RhYZHnPRTcebCrXP4fo7K'[39m,
  strategy: [32m'auto_merge'[39m,
  winner: [32m'merged'[39m,
  mergedFields: [33m0[39m
}
Conflict auto-resolved {
  conflictId: [32m'RJNJ1vQ7QvxueDcpKzHIL'[39m,
  strategy: [32m'auto_merge'[39m,
  winner: [32m'merged'[39m,
  mergedFields: [33m0[39m
}
Conflict auto-resolved {
  conflictId: [32m'vPMGLaewQmOGRvhfxOUsO'[39m,
  strategy: [32m'auto_merge'[39m,
  winner: [32m'merged'[39m,
  mergedFields: [33m0[39m
}
Conflict auto-resolved {
  conflictId: [32m'xm6_Jp6NEra4ruote095u'[39m,
  strategy: [32m'auto_merge'[39m,
  winner: [32m'merged'[39m,
  mergedFields: [33m0[39m
}
Conflict auto-resolved {
  conflictId: [32m'jkXBFQJLc4pvJvmnFMpIv'[39m,
  strategy: [32m'auto_merge'[39m,
  winner: [32m'merged'[39m,
  mergedFields: [33m0[39m
}
Conflict auto-resolved {
  conflictId: [32m'jDNEdcq6iHaDRTF38CyiA'[39m,
  strategy: [32m'auto_merge'[39m,
  winner: [32m'merged'[39m,
  mergedFields: [33m0[39m
}
Conflict auto-resolved {
  conflictId: [32m'yAyIqrLH1BZ99PPMVQo4M'[39m,
  strategy: [32m'auto_merge'[39m,
  winner: [32m'merged'[39m,
  mergedFields: [33m0[39m
}
Conflict auto-resolved {
  conflictId: [32m'41a2eOZBHMfMDjAyLMG97'[39m,
  strategy: [32m'auto_merge'[39m,
  winner: [32m'merged'[39m,
  mergedFields: [33m0[39m
}
Conflict auto-resolved {
  conflictId: [32m'OndO1CwCZfMWQUGQ3BjjW'[39m,
  strategy: [32m'auto_merge'[39m,
  winner: [32m'merged'[39m,
  mergedFields: [33m0[39m
}
Conflict auto-resolved {
  conflictId: [32m'hHUkwO0NpC7LE5C4vq45O'[39m,
  strategy: [32m'auto_merge'[39m,
  winner: [32m'merged'[39m,
  mergedFields: [33m0[39m
}
Conflict auto-resolved {
  conflictId: [32m'aDBkRQU5KlB1R3_y3ckem'[39m,
  strategy: [32m'auto_merge'[39m,
  winner: [32m'merged'[39m,
  mergedFields: [33m0[39m
}
Conflict auto-resolved {
  conflictId: [32m'AXiOFzUFqF1plWNw85Z2-'[39m,
  strategy: [32m'auto_merge'[39m,
  winner: [32m'merged'[39m,
  mergedFields: [33m0[39m
}
Conflict auto-resolved {
  conflictId: [32m'qIuoyXZ0e1Zavm06kym47'[39m,
  strategy: [32m'auto_merge'[39m,
  winner: [32m'merged'[39m,
  mergedFields: [33m0[39m
}
Conflict auto-resolved {
  conflictId: [32m'7CgzodGzE9GZkGFC4_RG7'[39m,
  strategy: [32m'auto_merge'[39m,
  winner: [32m'merged'[39m,
  mergedFields: [33m0[39m
}
Conflict auto-resolved {
  conflictId: [32m'aQwBgMiTxiA4r5x5UPnNw'[39m,
  strategy: [32m'auto_merge'[39m,
  winner: [32m'merged'[39m,
  mergedFields: [33m0[39m
}
Conflict auto-resolved {
  conflictId: [32m'hT4ptvaPVkNMCF7Fp7vPF'[39m,
  strategy: [32m'auto_merge'[39m,
  winner: [32m'merged'[39m,
  mergedFields: [33m0[39m
}
Conflict auto-resolved {
  conflictId: [32m'CVsWQM98k3mCc1KMj9qxY'[39m,
  strategy: [32m'auto_merge'[39m,
  winner: [32m'merged'[39m,
  mergedFields: [33m0[39m
}
Conflict auto-resolved {
  conflictId: [32m'Rqj8R_L1ORkhb9hj2m_YQ'[39m,
  strategy: [32m'auto_merge'[39m,
  winner: [32m'merged'[39m,
  mergedFields: [33m0[39m
}
Conflict auto-resolved {
  conflictId: [32m'4obQp3FH3R49GvlT7JQrn'[39m,
  strategy: [32m'auto_merge'[39m,
  winner: [32m'merged'[39m,
  mergedFields: [33m0[39m
}
Conflict auto-resolved {
  conflictId: [32m'AR56wOVYFnLXfms-LiaQU'[39m,
  strategy: [32m'auto_merge'[39m,
  winner: [32m'merged'[39m,
  mergedFields: [33m0[39m
}
Conflict auto-resolved {
  conflictId: [32m'Artt7zllPmeB4ZOIzBTIN'[39m,
  strategy: [32m'auto_merge'[39m,
  winner: [32m'merged'[39m,
  mergedFields: [33m0[39m
}
Conflict auto-resolved {
  conflictId: [32m'Svzq759QhEmbL9jcNV68I'[39m,
  strategy: [32m'auto_merge'[39m,
  winner: [32m'merged'[39m,
  mergedFields: [33m0[39m
}
Conflict auto-resolved {
  conflictId: [32m'q-yUpBm4Q_hZcM9sG2QTT'[39m,
  strategy: [32m'auto_merge'[39m,
  winner: [32m'merged'[39m,
  mergedFields: [33m0[39m
}
Conflict auto-resolved {
  conflictId: [32m'YF3s4CP51QWhJFvO5bmqj'[39m,
  strategy: [32m'auto_merge'[39m,
  winner: [32m'merged'[39m,
  mergedFields: [33m0[39m
}
Conflict auto-resolved {
  conflictId: [32m'AyHL58JwCSLTLgGS5PNpm'[39m,
  strategy: [32m'auto_merge'[39m,
  winner: [32m'merged'[39m,
  mergedFields: [33m0[39m
}
Conflict auto-resolved {
  conflictId: [32m'cuec4FIoHh5MoJ4wg1P34'[39m,
  strategy: [32m'auto_merge'[39m,
  winner: [32m'merged'[39m,
  mergedFields: [33m0[39m
}
Conflict auto-resolved {
  conflictId: [32m'lTFaUzXhUwBHhGceB5fJC'[39m,
  strategy: [32m'auto_merge'[39m,
  winner: [32m'merged'[39m,
  mergedFields: [33m0[39m
}
Conflict auto-resolved {
  conflictId: [32m'afDEZ6tGkaLox2FW5Il5-'[39m,
  strategy: [32m'auto_merge'[39m,
  winner: [32m'merged'[39m,
  mergedFields: [33m0[39m
}
Conflict auto-resolved {
  conflictId: [32m'SDeDqGIeQOzfo_E0s7apv'[39m,
  strategy: [32m'auto_merge'[39m,
  winner: [32m'merged'[39m,
  mergedFields: [33m0[39m
}
Conflict auto-resolved {
  conflictId: [32m'6KvMFbjiHwxRTdM6SqG5O'[39m,
  strategy: [32m'auto_merge'[39m,
  winner: [32m'merged'[39m,
  mergedFields: [33m0[39m
}
Conflict auto-resolved {
  conflictId: [32m'5FmaIzAUUy7NdjeANDnaM'[39m,
  strategy: [32m'auto_merge'[39m,
  winner: [32m'merged'[39m,
  mergedFields: [33m0[39m
}
Conflict auto-resolved {
  conflictId: [32m'LEwJ0z0Ngpq_Lm55BM34Q'[39m,
  strategy: [32m'auto_merge'[39m,
  winner: [32m'merged'[39m,
  mergedFields: [33m0[39m
}
Conflict auto-resolved {
  conflictId: [32m'yeIRk_UWtEgf0c3kFw1nG'[39m,
  strategy: [32m'auto_merge'[39m,
  winner: [32m'merged'[39m,
  mergedFields: [33m0[39m
}
Conflict auto-resolved {
  conflictId: [32m'Wzrd3THQVeKpSsnJrlJUB'[39m,
  strategy: [32m'auto_merge'[39m,
  winner: [32m'merged'[39m,
  mergedFields: [33m0[39m
}
Conflict auto-resolved {
  conflictId: [32m'2ON_zfeTb_U5XeP0SWhjJ'[39m,
  strategy: [32m'auto_merge'[39m,
  winner: [32m'merged'[39m,
  mergedFields: [33m0[39m
}
Conflict auto-resolved {
  conflictId: [32m'ouixAN6tWGuF8gGl-Y3UN'[39m,
  strategy: [32m'auto_merge'[39m,
  winner: [32m'merged'[39m,
  mergedFields: [33m0[39m
}
Conflict auto-resolved {
  conflictId: [32m'0w3841niYEGraxyrPr-pC'[39m,
  strategy: [32m'auto_merge'[39m,
  winner: [32m'merged'[39m,
  mergedFields: [33m0[39m
}
Conflict auto-resolved {
  conflictId: [32m'Q0QUqL-fRJo45riiB7pFW'[39m,
  strategy: [32m'auto_merge'[39m,
  winner: [32m'merged'[39m,
  mergedFields: [33m0[39m
}
Conflict auto-resolved {
  conflictId: [32m'ZMrK15rqZ-1tZoYqvreqT'[39m,
  strategy: [32m'auto_merge'[39m,
  winner: [32m'merged'[39m,
  mergedFields: [33m0[39m
}
Conflict auto-resolved {
  conflictId: [32m'xUTvg8CoYER3XktW5_m9o'[39m,
  strategy: [32m'auto_merge'[39m,
  winner: [32m'merged'[39m,
  mergedFields: [33m0[39m
}
Conflict auto-resolved {
  conflictId: [32m'w7J1vCztklPcjjPsmg6fr'[39m,
  strategy: [32m'auto_merge'[39m,
  winner: [32m'merged'[39m,
  mergedFields: [33m0[39m
}
Conflict auto-resolved {
  conflictId: [32m'sjM8rGYooVT-XMHar2sLD'[39m,
  strategy: [32m'auto_merge'[39m,
  winner: [32m'merged'[39m,
  mergedFields: [33m0[39m
}
Conflict auto-resolved {
  conflictId: [32m'LyWOvcYBbXGBtTvBtP0FN'[39m,
  strategy: [32m'auto_merge'[39m,
  winner: [32m'merged'[39m,
  mergedFields: [33m0[39m
}
Conflict auto-resolved {
  conflictId: [32m'28bqa3WzzLwSZBYuz2Jp9'[39m,
  strategy: [32m'auto_merge'[39m,
  winner: [32m'merged'[39m,
  mergedFields: [33m0[39m
}
Conflict auto-resolved {
  conflictId: [32m'U64xgtG6dSFrg39SqXqmD'[39m,
  strategy: [32m'auto_merge'[39m,
  winner: [32m'merged'[39m,
  mergedFields: [33m0[39m
}
Conflict auto-resolved {
  conflictId: [32m'vXahKxx15kHWgYCisiFEI'[39m,
  strategy: [32m'auto_merge'[39m,
  winner: [32m'merged'[39m,
  mergedFields: [33m0[39m
}
Conflict auto-resolved {
  conflictId: [32m'mhx3eJH5EQC3voo6HAoJj'[39m,
  strategy: [32m'auto_merge'[39m,
  winner: [32m'merged'[39m,
  mergedFields: [33m0[39m
}
Conflict auto-resolved {
  conflictId: [32m'OHxYKg5RaaTrGpJp5f8s9'[39m,
  strategy: [32m'auto_merge'[39m,
  winner: [32m'merged'[39m,
  mergedFields: [33m0[39m
}
Conflict auto-resolved {
  conflictId: [32m'u09YHjKKKX7zkl2XvzsY-'[39m,
  strategy: [32m'auto_merge'[39m,
  winner: [32m'merged'[39m,
  mergedFields: [33m0[39m
}
Conflict auto-resolved {
  conflictId: [32m'IVeAgbhqwUp9rOKO7GQei'[39m,
  strategy: [32m'auto_merge'[39m,
  winner: [32m'merged'[39m,
  mergedFields: [33m0[39m
}
Conflict auto-resolved {
  conflictId: [32m'V0O7oDDyELdLs7z0shR0o'[39m,
  strategy: [32m'auto_merge'[39m,
  winner: [32m'merged'[39m,
  mergedFields: [33m0[39m
}
Conflict auto-resolved {
  conflictId: [32m'EvyhiMrD3v1L6p7OQbGsp'[39m,
  strategy: [32m'auto_merge'[39m,
  winner: [32m'merged'[39m,
  mergedFields: [33m0[39m
}
Conflict auto-resolved {
  conflictId: [32m'x84FPFJVkt1p8F1c5MQFA'[39m,
  strategy: [32m'auto_merge'[39m,
  winner: [32m'merged'[39m,
  mergedFields: [33m0[39m
}
Conflict auto-resolved {
  conflictId: [32m'1NiL56Nf2KMNCSDw5pkkO'[39m,
  strategy: [32m'auto_merge'[39m,
  winner: [32m'merged'[39m,
  mergedFields: [33m0[39m
}
Conflict auto-resolved {
  conflictId: [32m'3ZBuX3pjMWr8F0q6o2itK'[39m,
  strategy: [32m'auto_merge'[39m,
  winner: [32m'merged'[39m,
  mergedFields: [33m0[39m
}
Conflict auto-resolved {
  conflictId: [32m'Q8RZAm0gXNPFJcqtUGm8M'[39m,
  strategy: [32m'auto_merge'[39m,
  winner: [32m'merged'[39m,
  mergedFields: [33m0[39m
}
Conflict auto-resolved {
  conflictId: [32m'qWdIAsAMVAumWCAty1idJ'[39m,
  strategy: [32m'auto_merge'[39m,
  winner: [32m'merged'[39m,
  mergedFields: [33m0[39m
}
Conflict auto-resolved {
  conflictId: [32m'fGD7rG46EPv3bIHy5diJp'[39m,
  strategy: [32m'auto_merge'[39m,
  winner: [32m'merged'[39m,
  mergedFields: [33m0[39m
}
Conflict auto-resolved {
  conflictId: [32m'JpgmupRaWCgSlOqbR5bAY'[39m,
  strategy: [32m'auto_merge'[39m,
  winner: [32m'merged'[39m,
  mergedFields: [33m0[39m
}
Conflict auto-resolved {
  conflictId: [32m'78Ks7qWAWq1N5049zLokW'[39m,
  strategy: [32m'auto_merge'[39m,
  winner: [32m'merged'[39m,
  mergedFields: [33m0[39m
}
Conflict auto-resolved {
  conflictId: [32m'xJ-GzZzxPb9OwmwMMt4ns'[39m,
  strategy: [32m'auto_merge'[39m,
  winner: [32m'merged'[39m,
  mergedFields: [33m0[39m
}
Conflict auto-resolved {
  conflictId: [32m'm3zW24l0_8tuoioQ2SeuY'[39m,
  strategy: [32m'auto_merge'[39m,
  winner: [32m'merged'[39m,
  mergedFields: [33m0[39m
}
Conflict auto-resolved {
  conflictId: [32m'cAqCu7bBIf-BUAQH_BGzC'[39m,
  strategy: [32m'auto_merge'[39m,
  winner: [32m'merged'[39m,
  mergedFields: [33m0[39m
}
Conflict auto-resolved {
  conflictId: [32m'u-oD5q8abjZGV9XXQmj2i'[39m,
  strategy: [32m'auto_merge'[39m,
  winner: [32m'merged'[39m,
  mergedFields: [33m0[39m
}
Conflict auto-resolved {
  conflictId: [32m'YQZLeDM_zw7mtQ7jzE9H1'[39m,
  strategy: [32m'auto_merge'[39m,
  winner: [32m'merged'[39m,
  mergedFields: [33m0[39m
}
Conflict auto-resolved {
  conflictId: [32m'khqYFKcQ71aYb7MQVcu5X'[39m,
  strategy: [32m'auto_merge'[39m,
  winner: [32m'merged'[39m,
  mergedFields: [33m0[39m
}
Conflict auto-resolved {
  conflictId: [32m'ImWZZZuDy9L1WU6bq-m-s'[39m,
  strategy: [32m'auto_merge'[39m,
  winner: [32m'merged'[39m,
  mergedFields: [33m0[39m
}
Conflict auto-resolved {
  conflictId: [32m'Y-oDw8WNDy030JvV4y0AI'[39m,
  strategy: [32m'auto_merge'[39m,
  winner: [32m'merged'[39m,
  mergedFields: [33m0[39m
}
Conflict auto-resolved {
  conflictId: [32m'CG1P1V94-ATrb4cASBUww'[39m,
  strategy: [32m'auto_merge'[39m,
  winner: [32m'merged'[39m,
  mergedFields: [33m0[39m
}
Conflict auto-resolved {
  conflictId: [32m'Nh-7_2D7Mjrh_igsvmgVQ'[39m,
  strategy: [32m'auto_merge'[39m,
  winner: [32m'merged'[39m,
  mergedFields: [33m0[39m
}
Conflict auto-resolved {
  conflictId: [32m'3dHaUKIoPEdNuMLHPktSx'[39m,
  strategy: [32m'auto_merge'[39m,
  winner: [32m'merged'[39m,
  mergedFields: [33m0[39m
}
Conflict auto-resolved {
  conflictId: [32m'cNpR_Cpewtc1s3DkGzTco'[39m,
  strategy: [32m'auto_merge'[39m,
  winner: [32m'merged'[39m,
  mergedFields: [33m0[39m
}
Conflict auto-resolved {
  conflictId: [32m'mqbXO0Y5Efc2RbvR5vTlm'[39m,
  strategy: [32m'auto_merge'[39m,
  winner: [32m'merged'[39m,
  mergedFields: [33m0[39m
}
Conflict auto-resolved {
  conflictId: [32m'SDeNZVc08mW_0t6zeLzdj'[39m,
  strategy: [32m'auto_merge'[39m,
  winner: [32m'merged'[39m,
  mergedFields: [33m0[39m
}
Conflict auto-resolved {
  conflictId: [32m'YWQe9l_2gmznyAhPU62G_'[39m,
  strategy: [32m'auto_merge'[39m,
  winner: [32m'merged'[39m,
  mergedFields: [33m0[39m
}
Conflict auto-resolved {
  conflictId: [32m'YfT_Knl95XqwSIGF4R--E'[39m,
  strategy: [32m'auto_merge'[39m,
  winner: [32m'merged'[39m,
  mergedFields: [33m0[39m
}
Conflict auto-resolved {
  conflictId: [32m'uw7SoImXOT8ZQcKvRZfUS'[39m,
  strategy: [32m'auto_merge'[39m,
  winner: [32m'merged'[39m,
  mergedFields: [33m0[39m
}
Conflict auto-resolved {
  conflictId: [32m'lY0iyp5ii4o9tAH1mE7mq'[39m,
  strategy: [32m'auto_merge'[39m,
  winner: [32m'merged'[39m,
  mergedFields: [33m0[39m
}
Conflict auto-resolved {
  conflictId: [32m'pq7w4qaS0BJUSdTVo3e-T'[39m,
  strategy: [32m'auto_merge'[39m,
  winner: [32m'merged'[39m,
  mergedFields: [33m0[39m
}
Conflict auto-resolved {
  conflictId: [32m'fCB-twk2pKb2IJR9vEx7Q'[39m,
  strategy: [32m'auto_merge'[39m,
  winner: [32m'merged'[39m,
  mergedFields: [33m0[39m
}
Conflict auto-resolved {
  conflictId: [32m'2VhmDNvrHNbTowBDg592Y'[39m,
  strategy: [32m'auto_merge'[39m,
  winner: [32m'merged'[39m,
  mergedFields: [33m0[39m
}
Conflict auto-resolved {
  conflictId: [32m'uzdTGatYfG2mUpBPzJQCF'[39m,
  strategy: [32m'auto_merge'[39m,
  winner: [32m'merged'[39m,
  mergedFields: [33m0[39m
}
Conflict auto-resolved {
  conflictId: [32m'JjC72nXBgdb8lrA8gXnmN'[39m,
  strategy: [32m'auto_merge'[39m,
  winner: [32m'merged'[39m,
  mergedFields: [33m0[39m
}
Conflict auto-resolved {
  conflictId: [32m'2_bT_0X02pSeYoROt3S1c'[39m,
  strategy: [32m'auto_merge'[39m,
  winner: [32m'merged'[39m,
  mergedFields: [33m0[39m
}
Conflict auto-resolved {
  conflictId: [32m'f0aCWzUyGAWjj_M1HeeLt'[39m,
  strategy: [32m'auto_merge'[39m,
  winner: [32m'merged'[39m,
  mergedFields: [33m0[39m
}
Conflict auto-resolved {
  conflictId: [32m'vW1v-CdNobVz4uEkGGjFA'[39m,
  strategy: [32m'auto_merge'[39m,
  winner: [32m'merged'[39m,
  mergedFields: [33m0[39m
}
Conflict auto-resolved {
  conflictId: [32m'aVSbvDe5nlFw2YuOjFh_s'[39m,
  strategy: [32m'auto_merge'[39m,
  winner: [32m'merged'[39m,
  mergedFields: [33m0[39m
}
Conflict auto-resolved {
  conflictId: [32m'42VY2A9cV8GURg6zO9ilK'[39m,
  strategy: [32m'auto_merge'[39m,
  winner: [32m'merged'[39m,
  mergedFields: [33m0[39m
}
Conflict auto-resolved {
  conflictId: [32m'eRiWY2-FG7lNsoIq36DXT'[39m,
  strategy: [32m'auto_merge'[39m,
  winner: [32m'merged'[39m,
  mergedFields: [33m0[39m
}
Conflict auto-resolved {
  conflictId: [32m'84ElQ0DlUI8k2MXaa2mr3'[39m,
  strategy: [32m'auto_merge'[39m,
  winner: [32m'merged'[39m,
  mergedFields: [33m0[39m
}
Conflict auto-resolved {
  conflictId: [32m'Rvm9x1cNFo0KF_ZgystY_'[39m,
  strategy: [32m'auto_merge'[39m,
  winner: [32m'merged'[39m,
  mergedFields: [33m0[39m
}
Conflict auto-resolved {
  conflictId: [32m'Qz-P_3-uCAaEY5f-wIlKp'[39m,
  strategy: [32m'auto_merge'[39m,
  winner: [32m'merged'[39m,
  mergedFields: [33m0[39m
}
Conflict auto-resolved {
  conflictId: [32m'5kFMRHNOXm9ylLcGHF1j5'[39m,
  strategy: [32m'auto_merge'[39m,
  winner: [32m'merged'[39m,
  mergedFields: [33m0[39m
}
Conflict auto-resolved {
  conflictId: [32m'8dH5gt47TsoJuhGSzrbUS'[39m,
  strategy: [32m'auto_merge'[39m,
  winner: [32m'merged'[39m,
  mergedFields: [33m0[39m
}
Conflict auto-resolved {
  conflictId: [32m'-357NPsONkmUM_q3ZUrBq'[39m,
  strategy: [32m'auto_merge'[39m,
  winner: [32m'merged'[39m,
  mergedFields: [33m0[39m
}
Conflict auto-resolved {
  conflictId: [32m'Ovkgg-GaLkaLrkIHJ6LlS'[39m,
  strategy: [32m'auto_merge'[39m,
  winner: [32m'merged'[39m,
  mergedFields: [33m0[39m
}
Conflict auto-resolved {
  conflictId: [32m'K005EsoM1l3MtMQqaLvCp'[39m,
  strategy: [32m'auto_merge'[39m,
  winner: [32m'merged'[39m,
  mergedFields: [33m0[39m
}
Conflict auto-resolved {
  conflictId: [32m'oLndLleL0QdXnogT9Ewmq'[39m,
  strategy: [32m'auto_merge'[39m,
  winner: [32m'merged'[39m,
  mergedFields: [33m0[39m
}
Conflict auto-resolved {
  conflictId: [32m'I-D4A5x-z17y0JkM4GJJR'[39m,
  strategy: [32m'auto_merge'[39m,
  winner: [32m'merged'[39m,
  mergedFields: [33m0[39m
}
Conflict auto-resolved {
  conflictId: [32m'oqESYG67UKWn6jnwSwu2a'[39m,
  strategy: [32m'auto_merge'[39m,
  winner: [32m'merged'[39m,
  mergedFields: [33m0[39m
}
Conflict auto-resolved {
  conflictId: [32m'Fo8bgBoTKfXy95DDrcwaC'[39m,
  strategy: [32m'auto_merge'[39m,
  winner: [32m'merged'[39m,
  mergedFields: [33m0[39m
}
Conflict auto-resolved {
  conflictId: [32m'P2CeLH9dnVxYrers_Uqda'[39m,
  strategy: [32m'auto_merge'[39m,
  winner: [32m'merged'[39m,
  mergedFields: [33m0[39m
}
Conflict auto-resolved {
  conflictId: [32m'cmHDP0H7fzHaZA5OiD6UP'[39m,
  strategy: [32m'auto_merge'[39m,
  winner: [32m'merged'[39m,
  mergedFields: [33m0[39m
}
Conflict auto-resolved {
  conflictId: [32m'RhU-SgAfwiLFBx64cGKci'[39m,
  strategy: [32m'auto_merge'[39m,
  winner: [32m'merged'[39m,
  mergedFields: [33m0[39m
}
Conflict auto-resolved {
  conflictId: [32m'JrsB2P7LgVShNpwf7OBlY'[39m,
  strategy: [32m'auto_merge'[39m,
  winner: [32m'merged'[39m,
  mergedFields: [33m0[39m
}
Conflict auto-resolved {
  conflictId: [32m'BvyFQu-Z4-UhFmJwTFy49'[39m,
  strategy: [32m'auto_merge'[39m,
  winner: [32m'merged'[39m,
  mergedFields: [33m0[39m
}
Conflict auto-resolved {
  conflictId: [32m'H1FhUNmVzpiWEuq93pf38'[39m,
  strategy: [32m'auto_merge'[39m,
  winner: [32m'merged'[39m,
  mergedFields: [33m0[39m
}
Conflict auto-resolved {
  conflictId: [32m'5T5Wl03SD6IQbIXQ6uh1D'[39m,
  strategy: [32m'auto_merge'[39m,
  winner: [32m'merged'[39m,
  mergedFields: [33m0[39m
}
Conflict auto-resolved {
  conflictId: [32m'w52n25PHElpWM_lkgVURL'[39m,
  strategy: [32m'auto_merge'[39m,
  winner: [32m'merged'[39m,
  mergedFields: [33m0[39m
}
Conflict auto-resolved {
  conflictId: [32m'3hxJ05N1EW42i1KX0SmMH'[39m,
  strategy: [32m'auto_merge'[39m,
  winner: [32m'merged'[39m,
  mergedFields: [33m0[39m
}
Conflict auto-resolved {
  conflictId: [32m'Ilc_NIQzHnI502Kxok672'[39m,
  strategy: [32m'auto_merge'[39m,
  winner: [32m'merged'[39m,
  mergedFields: [33m0[39m
}
Conflict auto-resolved {
  conflictId: [32m'73wjDGoN4050uh7e6uDEW'[39m,
  strategy: [32m'auto_merge'[39m,
  winner: [32m'merged'[39m,
  mergedFields: [33m0[39m
}
Conflict auto-resolved {
  conflictId: [32m'uojuaa8nYe4O2AnrUfnrL'[39m,
  strategy: [32m'auto_merge'[39m,
  winner: [32m'merged'[39m,
  mergedFields: [33m0[39m
}
Conflict auto-resolved {
  conflictId: [32m'ItLQR7D8KM4-7GOmIq2J2'[39m,
  strategy: [32m'auto_merge'[39m,
  winner: [32m'merged'[39m,
  mergedFields: [33m0[39m
}
Conflict auto-resolved {
  conflictId: [32m'rCsZbOpLijK6Dk-eymzsa'[39m,
  strategy: [32m'auto_merge'[39m,
  winner: [32m'merged'[39m,
  mergedFields: [33m0[39m
}
Conflict auto-resolved {
  conflictId: [32m'lLS87rl7qO7MN3SBjKIhU'[39m,
  strategy: [32m'auto_merge'[39m,
  winner: [32m'merged'[39m,
  mergedFields: [33m0[39m
}
Conflict auto-resolved {
  conflictId: [32m'74z7RvO2iPBYjaRbhic9P'[39m,
  strategy: [32m'auto_merge'[39m,
  winner: [32m'merged'[39m,
  mergedFields: [33m0[39m
}
Conflict auto-resolved {
  conflictId: [32m'CEbY-B5KCYjVj8w8wfwkf'[39m,
  strategy: [32m'auto_merge'[39m,
  winner: [32m'merged'[39m,
  mergedFields: [33m0[39m
}
Conflict auto-resolved {
  conflictId: [32m'ysSz10HwWN4nsKGpSu9Nh'[39m,
  strategy: [32m'auto_merge'[39m,
  winner: [32m'merged'[39m,
  mergedFields: [33m0[39m
}
Conflict auto-resolved {
  conflictId: [32m'ta_i12NixcLA-kFzo3eHK'[39m,
  strategy: [32m'auto_merge'[39m,
  winner: [32m'merged'[39m,
  mergedFields: [33m0[39m
}
Conflict auto-resolved {
  conflictId: [32m'GVPXeG-Sc5M5HniJZZzOi'[39m,
  strategy: [32m'auto_merge'[39m,
  winner: [32m'merged'[39m,
  mergedFields: [33m0[39m
}
Conflict auto-resolved {
  conflictId: [32m'sXq9fMR_yzaxoWCra10jl'[39m,
  strategy: [32m'auto_merge'[39m,
  winner: [32m'merged'[39m,
  mergedFields: [33m0[39m
}
Conflict auto-resolved {
  conflictId: [32m'9QwKZwHiff4N5GdAAlF34'[39m,
  strategy: [32m'auto_merge'[39m,
  winner: [32m'merged'[39m,
  mergedFields: [33m0[39m
}
Conflict auto-resolved {
  conflictId: [32m'SfQTk7j3GH7FoGAahfJ_Y'[39m,
  strategy: [32m'auto_merge'[39m,
  winner: [32m'merged'[39m,
  mergedFields: [33m0[39m
}
Conflict auto-resolved {
  conflictId: [32m'hpt2flSzXFuCWThzzQEpn'[39m,
  strategy: [32m'auto_merge'[39m,
  winner: [32m'merged'[39m,
  mergedFields: [33m0[39m
}
Conflict auto-resolved {
  conflictId: [32m'16dtlNWAYH9J_QwUPY0-o'[39m,
  strategy: [32m'auto_merge'[39m,
  winner: [32m'merged'[39m,
  mergedFields: [33m0[39m
}
Conflict auto-resolved {
  conflictId: [32m'QKj1z3MVX1zZ1UrKG1AFZ'[39m,
  strategy: [32m'auto_merge'[39m,
  winner: [32m'merged'[39m,
  mergedFields: [33m0[39m
}
Conflict auto-resolved {
  conflictId: [32m'oFwF6Wi6pDN7hasre-bJv'[39m,
  strategy: [32m'auto_merge'[39m,
  winner: [32m'merged'[39m,
  mergedFields: [33m0[39m
}
Conflict auto-resolved {
  conflictId: [32m'QJGtt2O4n_5OHwiPC6GDJ'[39m,
  strategy: [32m'auto_merge'[39m,
  winner: [32m'merged'[39m,
  mergedFields: [33m0[39m
}
Conflict auto-resolved {
  conflictId: [32m'Zd1D-KkQBvrSB8fqNfirq'[39m,
  strategy: [32m'auto_merge'[39m,
  winner: [32m'merged'[39m,
  mergedFields: [33m0[39m
}
Conflict auto-resolved {
  conflictId: [32m'VpKIMEoMKQhgH2KFXJ2qD'[39m,
  strategy: [32m'auto_merge'[39m,
  winner: [32m'merged'[39m,
  mergedFields: [33m0[39m
}
Conflict auto-resolved {
  conflictId: [32m'kbbLk5ECl0JdbbDzTLuW7'[39m,
  strategy: [32m'auto_merge'[39m,
  winner: [32m'merged'[39m,
  mergedFields: [33m0[39m
}
Conflict auto-resolved {
  conflictId: [32m'cm_fqxtZOSmBftlLg3Jn3'[39m,
  strategy: [32m'auto_merge'[39m,
  winner: [32m'merged'[39m,
  mergedFields: [33m0[39m
}
Conflict auto-resolved {
  conflictId: [32m'pejUY8s2-V_M2NtOx02Q3'[39m,
  strategy: [32m'auto_merge'[39m,
  winner: [32m'merged'[39m,
  mergedFields: [33m0[39m
}
Conflict auto-resolved {
  conflictId: [32m'Zy11XSRwJwXjkO5mAVDom'[39m,
  strategy: [32m'auto_merge'[39m,
  winner: [32m'merged'[39m,
  mergedFields: [33m0[39m
}
Conflict auto-resolved {
  conflictId: [32m'TWPNBG9DrMM8GgoAymwgE'[39m,
  strategy: [32m'auto_merge'[39m,
  winner: [32m'merged'[39m,
  mergedFields: [33m0[39m
}
Conflict auto-resolved {
  conflictId: [32m'u7sHh6bcVvlWsryZrTAXy'[39m,
  strategy: [32m'auto_merge'[39m,
  winner: [32m'merged'[39m,
  mergedFields: [33m0[39m
}
Conflict auto-resolved {
  conflictId: [32m'uRIYTJ3u-oKl8Zj-c4Hm2'[39m,
  strategy: [32m'auto_merge'[39m,
  winner: [32m'merged'[39m,
  mergedFields: [33m0[39m
}
Conflict auto-resolved {
  conflictId: [32m'G1Xu6jLkvapI2n7J1rGbu'[39m,
  strategy: [32m'auto_merge'[39m,
  winner: [32m'merged'[39m,
  mergedFields: [33m0[39m
}
Conflict auto-resolved {
  conflictId: [32m'ishpnBJyrB8jTib7vBENh'[39m,
  strategy: [32m'auto_merge'[39m,
  winner: [32m'merged'[39m,
  mergedFields: [33m0[39m
}
Conflict auto-resolved {
  conflictId: [32m'WtO76uatyp7bDRN1C-z6C'[39m,
  strategy: [32m'auto_merge'[39m,
  winner: [32m'merged'[39m,
  mergedFields: [33m0[39m
}
Conflict auto-resolved {
  conflictId: [32m'zY5zJKKXiYDoG9pRvLUQK'[39m,
  strategy: [32m'auto_merge'[39m,
  winner: [32m'merged'[39m,
  mergedFields: [33m0[39m
}
Conflict auto-resolved {
  conflictId: [32m'fBd423rHxg5Zr8LuS2Gvp'[39m,
  strategy: [32m'auto_merge'[39m,
  winner: [32m'merged'[39m,
  mergedFields: [33m0[39m
}
Conflict auto-resolved {
  conflictId: [32m'4ZZhl6R168nGLLbbgn63_'[39m,
  strategy: [32m'auto_merge'[39m,
  winner: [32m'merged'[39m,
  mergedFields: [33m0[39m
}
Conflict auto-resolved {
  conflictId: [32m'HxbZ_G-SJgn7tT9jbnNud'[39m,
  strategy: [32m'auto_merge'[39m,
  winner: [32m'merged'[39m,
  mergedFields: [33m0[39m
}
Conflict auto-resolved {
  conflictId: [32m'zvy02N_pqVbyHY9QiItiB'[39m,
  strategy: [32m'auto_merge'[39m,
  winner: [32m'merged'[39m,
  mergedFields: [33m0[39m
}
Conflict auto-resolved {
  conflictId: [32m'42Idf4J-aGrGxn7YjFPEG'[39m,
  strategy: [32m'auto_merge'[39m,
  winner: [32m'merged'[39m,
  mergedFields: [33m0[39m
}
Conflict auto-resolved {
  conflictId: [32m'NY4ORbDjeqCAY6TWx6sZ9'[39m,
  strategy: [32m'auto_merge'[39m,
  winner: [32m'merged'[39m,
  mergedFields: [33m0[39m
}
Conflict auto-resolved {
  conflictId: [32m'p4FikElnbThrwEVPsYii4'[39m,
  strategy: [32m'auto_merge'[39m,
  winner: [32m'merged'[39m,
  mergedFields: [33m0[39m
}
Conflict auto-resolved {
  conflictId: [32m'Zic-3Qfrg-6RGywOQFcxO'[39m,
  strategy: [32m'auto_merge'[39m,
  winner: [32m'merged'[39m,
  mergedFields: [33m0[39m
}
Conflict auto-resolved {
  conflictId: [32m'IQPwmMrb7oqjXkP_Fzznu'[39m,
  strategy: [32m'auto_merge'[39m,
  winner: [32m'merged'[39m,
  mergedFields: [33m0[39m
}
Conflict auto-resolved {
  conflictId: [32m'MwbPhcN3UNGviF6ROv4Tb'[39m,
  strategy: [32m'auto_merge'[39m,
  winner: [32m'merged'[39m,
  mergedFields: [33m0[39m
}
Conflict auto-resolved {
  conflictId: [32m's6aL1ov0sts-71pJc1jgt'[39m,
  strategy: [32m'auto_merge'[39m,
  winner: [32m'merged'[39m,
  mergedFields: [33m0[39m
}
Conflict auto-resolved {
  conflictId: [32m'RAagR14IVj72w5Ed7J_Mz'[39m,
  strategy: [32m'auto_merge'[39m,
  winner: [32m'merged'[39m,
  mergedFields: [33m0[39m
}
Conflict auto-resolved {
  conflictId: [32m'xO0k5l6Hp3Lh4cyIyKiiQ'[39m,
  strategy: [32m'auto_merge'[39m,
  winner: [32m'merged'[39m,
  mergedFields: [33m0[39m
}
Conflict auto-resolved {
  conflictId: [32m'zj-o-i-bVhVY297nE3Fyv'[39m,
  strategy: [32m'auto_merge'[39m,
  winner: [32m'merged'[39m,
  mergedFields: [33m0[39m
}
Conflict auto-resolved {
  conflictId: [32m'2-zaTXe_G-_947zYkWZt9'[39m,
  strategy: [32m'auto_merge'[39m,
  winner: [32m'merged'[39m,
  mergedFields: [33m0[39m
}
Conflict auto-resolved {
  conflictId: [32m'Sc3CpgpmkK4-AryXKu93_'[39m,
  strategy: [32m'auto_merge'[39m,
  winner: [32m'merged'[39m,
  mergedFields: [33m0[39m
}
Conflict auto-resolved {
  conflictId: [32m'xbPDVkTVVMCEFyTMkWGfU'[39m,
  strategy: [32m'auto_merge'[39m,
  winner: [32m'merged'[39m,
  mergedFields: [33m0[39m
}
Conflict auto-resolved {
  conflictId: [32m'0p0PdLPz-dMIStZFfsyjL'[39m,
  strategy: [32m'auto_merge'[39m,
  winner: [32m'merged'[39m,
  mergedFields: [33m0[39m
}
Conflict auto-resolved {
  conflictId: [32m'-axfDlifG3XcE_ggzNCcB'[39m,
  strategy: [32m'auto_merge'[39m,
  winner: [32m'merged'[39m,
  mergedFields: [33m0[39m
}
Conflict auto-resolved {
  conflictId: [32m'ySuWb3zj2Qc2jhyWOoO3J'[39m,
  strategy: [32m'auto_merge'[39m,
  winner: [32m'merged'[39m,
  mergedFields: [33m0[39m
}
Conflict auto-resolved {
  conflictId: [32m'AHOo9yKO9sSohxShAl4Zj'[39m,
  strategy: [32m'auto_merge'[39m,
  winner: [32m'merged'[39m,
  mergedFields: [33m0[39m
}
Conflict auto-resolved {
  conflictId: [32m'OSaR6lawEr1CUTX3_asXT'[39m,
  strategy: [32m'auto_merge'[39m,
  winner: [32m'merged'[39m,
  mergedFields: [33m0[39m
}
Conflict auto-resolved {
  conflictId: [32m'4UQd5Z9H2yz9i5fcOOgpG'[39m,
  strategy: [32m'auto_merge'[39m,
  winner: [32m'merged'[39m,
  mergedFields: [33m0[39m
}
Conflict auto-resolved {
  conflictId: [32m'l9-Pk0OpJTxELMzyiyjav'[39m,
  strategy: [32m'auto_merge'[39m,
  winner: [32m'merged'[39m,
  mergedFields: [33m0[39m
}
Conflict auto-resolved {
  conflictId: [32m'khp_iZZuAhk5qlF3g8qiT'[39m,
  strategy: [32m'auto_merge'[39m,
  winner: [32m'merged'[39m,
  mergedFields: [33m0[39m
}
Conflict auto-resolved {
  conflictId: [32m'cIrWsjTv9UXsj69LowDaP'[39m,
  strategy: [32m'auto_merge'[39m,
  winner: [32m'merged'[39m,
  mergedFields: [33m0[39m
}
Conflict auto-resolved {
  conflictId: [32m'QFWQSYXf2ZjA9GltwPFMy'[39m,
  strategy: [32m'auto_merge'[39m,
  winner: [32m'merged'[39m,
  mergedFields: [33m0[39m
}
Conflict auto-resolved {
  conflictId: [32m'k4SwxAO6sys-Z9geVY88g'[39m,
  strategy: [32m'auto_merge'[39m,
  winner: [32m'merged'[39m,
  mergedFields: [33m0[39m
}
Conflict auto-resolved {
  conflictId: [32m'QKexXgdWfGaKYrgDQGqTb'[39m,
  strategy: [32m'auto_merge'[39m,
  winner: [32m'merged'[39m,
  mergedFields: [33m0[39m
}
Conflict auto-resolved {
  conflictId: [32m'yxnLiixc1GlhOFeUNOvSX'[39m,
  strategy: [32m'auto_merge'[39m,
  winner: [32m'merged'[39m,
  mergedFields: [33m0[39m
}
Conflict auto-resolved {
  conflictId: [32m'JZPbtw6S3DX4LWNu3ggn0'[39m,
  strategy: [32m'auto_merge'[39m,
  winner: [32m'merged'[39m,
  mergedFields: [33m0[39m
}
Conflict auto-resolved {
  conflictId: [32m'DuWLNDaOkc6qYEYBEWXBt'[39m,
  strategy: [32m'auto_merge'[39m,
  winner: [32m'merged'[39m,
  mergedFields: [33m0[39m
}
Conflict auto-resolved {
  conflictId: [32m'KLGLXju4ySU1KivPa5PRj'[39m,
  strategy: [32m'auto_merge'[39m,
  winner: [32m'merged'[39m,
  mergedFields: [33m0[39m
}
Conflict auto-resolved {
  conflictId: [32m'AO48U5COC-tARkpO0quts'[39m,
  strategy: [32m'auto_merge'[39m,
  winner: [32m'merged'[39m,
  mergedFields: [33m0[39m
}
Conflict auto-resolved {
  conflictId: [32m'23mwLxmM-0i4955lPRp2Q'[39m,
  strategy: [32m'auto_merge'[39m,
  winner: [32m'merged'[39m,
  mergedFields: [33m0[39m
}
Conflict auto-resolved {
  conflictId: [32m'5suR5n9WrvtF_fKobHf2a'[39m,
  strategy: [32m'auto_merge'[39m,
  winner: [32m'merged'[39m,
  mergedFields: [33m0[39m
}
Conflict auto-resolved {
  conflictId: [32m'HULe67mZdVS7Jq4KNcQVn'[39m,
  strategy: [32m'auto_merge'[39m,
  winner: [32m'merged'[39m,
  mergedFields: [33m0[39m
}
Conflict auto-resolved {
  conflictId: [32m'1_iwiuJZ73fV2PRXWS34Q'[39m,
  strategy: [32m'auto_merge'[39m,
  winner: [32m'merged'[39m,
  mergedFields: [33m0[39m
}
Conflict auto-resolved {
  conflictId: [32m'ihztBH_Lxi6LP-qYLrWfp'[39m,
  strategy: [32m'auto_merge'[39m,
  winner: [32m'merged'[39m,
  mergedFields: [33m0[39m
}
Conflict auto-resolved {
  conflictId: [32m'Z9kbTa5bynfyC6XiH6p1T'[39m,
  strategy: [32m'auto_merge'[39m,
  winner: [32m'merged'[39m,
  mergedFields: [33m0[39m
}
Conflict auto-resolved {
  conflictId: [32m'ZZw9orCd3GJkDYgrHQ0tc'[39m,
  strategy: [32m'auto_merge'[39m,
  winner: [32m'merged'[39m,
  mergedFields: [33m0[39m
}
Conflict auto-resolved {
  conflictId: [32m'g08elaX2rszUZDn3qFUSV'[39m,
  strategy: [32m'auto_merge'[39m,
  winner: [32m'merged'[39m,
  mergedFields: [33m0[39m
}
Conflict auto-resolved {
  conflictId: [32m'4DBkTJsYqQpnbR9VBrjY2'[39m,
  strategy: [32m'auto_merge'[39m,
  winner: [32m'merged'[39m,
  mergedFields: [33m0[39m
}
Conflict auto-resolved {
  conflictId: [32m'e3hYNwYOjEx7vXMEmhHi2'[39m,
  strategy: [32m'auto_merge'[39m,
  winner: [32m'merged'[39m,
  mergedFields: [33m0[39m
}
Conflict auto-resolved {
  conflictId: [32m'rl0DkVLpp9IPfUphaZZxj'[39m,
  strategy: [32m'auto_merge'[39m,
  winner: [32m'merged'[39m,
  mergedFields: [33m0[39m
}
Conflict auto-resolved {
  conflictId: [32m'FjXwYnwnfxJJzihWgV91x'[39m,
  strategy: [32m'auto_merge'[39m,
  winner: [32m'merged'[39m,
  mergedFields: [33m0[39m
}
Conflict auto-resolved {
  conflictId: [32m'5kMd88J5wvbjr8d54qReG'[39m,
  strategy: [32m'auto_merge'[39m,
  winner: [32m'merged'[39m,
  mergedFields: [33m0[39m
}
Conflict auto-resolved {
  conflictId: [32m'Bry9umXkjVYRzFWbamQZ0'[39m,
  strategy: [32m'auto_merge'[39m,
  winner: [32m'merged'[39m,
  mergedFields: [33m0[39m
}
Conflict auto-resolved {
  conflictId: [32m'LvVI_PRSYC12vbTk1K89L'[39m,
  strategy: [32m'auto_merge'[39m,
  winner: [32m'merged'[39m,
  mergedFields: [33m0[39m
}
Conflict auto-resolved {
  conflictId: [32m'4stt4mHWLb1rHOI-t8UUE'[39m,
  strategy: [32m'auto_merge'[39m,
  winner: [32m'merged'[39m,
  mergedFields: [33m0[39m
}
Conflict auto-resolved {
  conflictId: [32m'NVvJ1xbRsHTkkLLUURAYp'[39m,
  strategy: [32m'auto_merge'[39m,
  winner: [32m'merged'[39m,
  mergedFields: [33m0[39m
}
Conflict auto-resolved {
  conflictId: [32m'VW6cTvZrJcfgdJHsAlbVs'[39m,
  strategy: [32m'auto_merge'[39m,
  winner: [32m'merged'[39m,
  mergedFields: [33m0[39m
}
Conflict auto-resolved {
  conflictId: [32m'fPy2M3ILdLyU7QpPz8Af-'[39m,
  strategy: [32m'auto_merge'[39m,
  winner: [32m'merged'[39m,
  mergedFields: [33m0[39m
}
Conflict auto-resolved {
  conflictId: [32m'VrRH1b7H_19ZrD5erAQ72'[39m,
  strategy: [32m'auto_merge'[39m,
  winner: [32m'merged'[39m,
  mergedFields: [33m0[39m
}
Conflict auto-resolved {
  conflictId: [32m'MS_C5an-B_Jl5SETHse6y'[39m,
  strategy: [32m'auto_merge'[39m,
  winner: [32m'merged'[39m,
  mergedFields: [33m0[39m
}
Conflict auto-resolved {
  conflictId: [32m'OAytO7dArCoOmWEmA-TKi'[39m,
  strategy: [32m'auto_merge'[39m,
  winner: [32m'merged'[39m,
  mergedFields: [33m0[39m
}
Conflict auto-resolved {
  conflictId: [32m'DvfsH_VkxLRi69OXCDZM1'[39m,
  strategy: [32m'auto_merge'[39m,
  winner: [32m'merged'[39m,
  mergedFields: [33m0[39m
}
Conflict auto-resolved {
  conflictId: [32m'0f2Wy4Ouv3necMF5Hxk39'[39m,
  strategy: [32m'auto_merge'[39m,
  winner: [32m'merged'[39m,
  mergedFields: [33m0[39m
}
Conflict auto-resolved {
  conflictId: [32m'7MBYovGDOFXTH039MzKhh'[39m,
  strategy: [32m'auto_merge'[39m,
  winner: [32m'merged'[39m,
  mergedFields: [33m0[39m
}
Conflict auto-resolved {
  conflictId: [32m'm8MD256HKpXJ68ngagIbJ'[39m,
  strategy: [32m'auto_merge'[39m,
  winner: [32m'merged'[39m,
  mergedFields: [33m0[39m
}
Conflict auto-resolved {
  conflictId: [32m'Sh4ETimHIhXvdY7wYtw1M'[39m,
  strategy: [32m'auto_merge'[39m,
  winner: [32m'merged'[39m,
  mergedFields: [33m0[39m
}
Conflict auto-resolved {
  conflictId: [32m'VQWn-R3q_aUKh1SFFMKus'[39m,
  strategy: [32m'auto_merge'[39m,
  winner: [32m'merged'[39m,
  mergedFields: [33m0[39m
}
Conflict auto-resolved {
  conflictId: [32m'7twECHt1YwIOk1rEtbEkU'[39m,
  strategy: [32m'auto_merge'[39m,
  winner: [32m'merged'[39m,
  mergedFields: [33m0[39m
}
Conflict auto-resolved {
  conflictId: [32m'61MlqLO6qqBcL7F4GcpAO'[39m,
  strategy: [32m'auto_merge'[39m,
  winner: [32m'merged'[39m,
  mergedFields: [33m0[39m
}
Conflict auto-resolved {
  conflictId: [32m'MgWZiH-XdMiY9sxRT0gJE'[39m,
  strategy: [32m'auto_merge'[39m,
  winner: [32m'merged'[39m,
  mergedFields: [33m0[39m
}
Conflict auto-resolved {
  conflictId: [32m'Lh-7skN--yv3HnnQEOeqb'[39m,
  strategy: [32m'auto_merge'[39m,
  winner: [32m'merged'[39m,
  mergedFields: [33m0[39m
}
Conflict auto-resolved {
  conflictId: [32m'HGj4NPocDgIjl7tw76edD'[39m,
  strategy: [32m'auto_merge'[39m,
  winner: [32m'merged'[39m,
  mergedFields: [33m0[39m
}
Conflict auto-resolved {
  conflictId: [32m'TGnansucbTlmMT-7pQRyi'[39m,
  strategy: [32m'auto_merge'[39m,
  winner: [32m'merged'[39m,
  mergedFields: [33m0[39m
}
Conflict auto-resolved {
  conflictId: [32m'VBUIg46ruMWQxIOhqTFvU'[39m,
  strategy: [32m'auto_merge'[39m,
  winner: [32m'merged'[39m,
  mergedFields: [33m0[39m
}
Conflict auto-resolved {
  conflictId: [32m'ZHjvZ2d5PRaM801YbUY-o'[39m,
  strategy: [32m'auto_merge'[39m,
  winner: [32m'merged'[39m,
  mergedFields: [33m0[39m
}
Conflict auto-resolved {
  conflictId: [32m'khD2ZWmoo-73jMelDkQt5'[39m,
  strategy: [32m'auto_merge'[39m,
  winner: [32m'merged'[39m,
  mergedFields: [33m0[39m
}
Conflict auto-resolved {
  conflictId: [32m'fSzCTM4LJ9COpyFXcPKaK'[39m,
  strategy: [32m'auto_merge'[39m,
  winner: [32m'merged'[39m,
  mergedFields: [33m0[39m
}
Conflict auto-resolved {
  conflictId: [32m'SzL4HBAfWqPJoTUROFiH6'[39m,
  strategy: [32m'auto_merge'[39m,
  winner: [32m'merged'[39m,
  mergedFields: [33m0[39m
}
Conflict auto-resolved {
  conflictId: [32m'co6gKzL40trB4YlM07tc4'[39m,
  strategy: [32m'auto_merge'[39m,
  winner: [32m'merged'[39m,
  mergedFields: [33m0[39m
}
Conflict auto-resolved {
  conflictId: [32m'ARaG99-IX7Z0lhmB5o0Vj'[39m,
  strategy: [32m'auto_merge'[39m,
  winner: [32m'merged'[39m,
  mergedFields: [33m0[39m
}
Conflict auto-resolved {
  conflictId: [32m'8GBalZHL3y4zr-lgSOku3'[39m,
  strategy: [32m'auto_merge'[39m,
  winner: [32m'merged'[39m,
  mergedFields: [33m0[39m
}
Conflict auto-resolved {
  conflictId: [32m'iCRnMz4uMc3rDixZZA0Qo'[39m,
  strategy: [32m'auto_merge'[39m,
  winner: [32m'merged'[39m,
  mergedFields: [33m0[39m
}
Conflict auto-resolved {
  conflictId: [32m'uFwqCyt64yqY7gv7eEZs9'[39m,
  strategy: [32m'auto_merge'[39m,
  winner: [32m'merged'[39m,
  mergedFields: [33m0[39m
}
Conflict auto-resolved {
  conflictId: [32m'_ATzYClcctM55Ci2iIJ3V'[39m,
  strategy: [32m'auto_merge'[39m,
  winner: [32m'merged'[39m,
  mergedFields: [33m0[39m
}
Conflict auto-resolved {
  conflictId: [32m'rtKo2hgPxNuQrASl5socI'[39m,
  strategy: [32m'auto_merge'[39m,
  winner: [32m'merged'[39m,
  mergedFields: [33m0[39m
}
Conflict auto-resolved {
  conflictId: [32m'f01rhsbkqA7LVJc29hICS'[39m,
  strategy: [32m'auto_merge'[39m,
  winner: [32m'merged'[39m,
  mergedFields: [33m0[39m
}
Conflict auto-resolved {
  conflictId: [32m'nYhKGqNSoP_k5HSQGw_Wo'[39m,
  strategy: [32m'auto_merge'[39m,
  winner: [32m'merged'[39m,
  mergedFields: [33m0[39m
}
Conflict auto-resolved {
  conflictId: [32m'dGqZ-MSLNCPhGh27go_z4'[39m,
  strategy: [32m'auto_merge'[39m,
  winner: [32m'merged'[39m,
  mergedFields: [33m0[39m
}
Conflict auto-resolved {
  conflictId: [32m'Qff9FQqPzNlx09up_dpfA'[39m,
  strategy: [32m'auto_merge'[39m,
  winner: [32m'merged'[39m,
  mergedFields: [33m0[39m
}
Conflict auto-resolved {
  conflictId: [32m'QE3PW_EUInM4CAKXWAwho'[39m,
  strategy: [32m'auto_merge'[39m,
  winner: [32m'merged'[39m,
  mergedFields: [33m0[39m
}
Conflict auto-resolved {
  conflictId: [32m'iZu-yKMENXR_lsIf2Xgsa'[39m,
  strategy: [32m'auto_merge'[39m,
  winner: [32m'merged'[39m,
  mergedFields: [33m0[39m
}
Conflict auto-resolved {
  conflictId: [32m'pr68AkclL9tQnXZ_ZBrDn'[39m,
  strategy: [32m'auto_merge'[39m,
  winner: [32m'merged'[39m,
  mergedFields: [33m0[39m
}
Conflict auto-resolved {
  conflictId: [32m'_SgYsPwzHmqRMHJmUqswT'[39m,
  strategy: [32m'auto_merge'[39m,
  winner: [32m'merged'[39m,
  mergedFields: [33m0[39m
}
Conflict auto-resolved {
  conflictId: [32m'cDgwgp5zjJbyZEtA6x7Et'[39m,
  strategy: [32m'auto_merge'[39m,
  winner: [32m'merged'[39m,
  mergedFields: [33m0[39m
}
Conflict auto-resolved {
  conflictId: [32m'DrglOGW2atRdvuqrFLXgJ'[39m,
  strategy: [32m'auto_merge'[39m,
  winner: [32m'merged'[39m,
  mergedFields: [33m0[39m
}
Conflict auto-resolved {
  conflictId: [32m'mSH7izJtZMZEzJ7U5axTe'[39m,
  strategy: [32m'auto_merge'[39m,
  winner: [32m'merged'[39m,
  mergedFields: [33m0[39m
}
Conflict auto-resolved {
  conflictId: [32m'WdmbFxngHOG_Fvnx_sASd'[39m,
  strategy: [32m'auto_merge'[39m,
  winner: [32m'merged'[39m,
  mergedFields: [33m0[39m
}
Conflict auto-resolved {
  conflictId: [32m'pdAwnjLI9FA182NRQ3cVa'[39m,
  strategy: [32m'auto_merge'[39m,
  winner: [32m'merged'[39m,
  mergedFields: [33m0[39m
}
Conflict auto-resolved {
  conflictId: [32m'TbyGY0Gs2DeQKb6WKGESR'[39m,
  strategy: [32m'auto_merge'[39m,
  winner: [32m'merged'[39m,
  mergedFields: [33m0[39m
}
Conflict auto-resolved {
  conflictId: [32m'ZF5Rj8CSwySZhGLyOM_56'[39m,
  strategy: [32m'auto_merge'[39m,
  winner: [32m'merged'[39m,
  mergedFields: [33m0[39m
}
Conflict auto-resolved {
  conflictId: [32m'bQM2UcUMVyzGyl9ecEYBZ'[39m,
  strategy: [32m'auto_merge'[39m,
  winner: [32m'merged'[39m,
  mergedFields: [33m0[39m
}
Conflict auto-resolved {
  conflictId: [32m'ulNZ53Xg6TC5zKOSeTYBM'[39m,
  strategy: [32m'auto_merge'[39m,
  winner: [32m'merged'[39m,
  mergedFields: [33m0[39m
}
Conflict auto-resolved {
  conflictId: [32m'LxlOVIiyw99GmssmWr5pT'[39m,
  strategy: [32m'auto_merge'[39m,
  winner: [32m'merged'[39m,
  mergedFields: [33m0[39m
}
Conflict auto-resolved {
  conflictId: [32m'd--M84hn-C98BnO9mpZFc'[39m,
  strategy: [32m'auto_merge'[39m,
  winner: [32m'merged'[39m,
  mergedFields: [33m0[39m
}
Conflict auto-resolved {
  conflictId: [32m'F-WboXjVn1OhwJ8YQCW9h'[39m,
  strategy: [32m'auto_merge'[39m,
  winner: [32m'merged'[39m,
  mergedFields: [33m0[39m
}
Conflict auto-resolved {
  conflictId: [32m'ojwNBnL14sg3V-rzCPpuG'[39m,
  strategy: [32m'auto_merge'[39m,
  winner: [32m'merged'[39m,
  mergedFields: [33m0[39m
}
Conflict auto-resolved {
  conflictId: [32m'rMH3bcV7ZaEBf90SJH3Ug'[39m,
  strategy: [32m'auto_merge'[39m,
  winner: [32m'merged'[39m,
  mergedFields: [33m0[39m
}
Conflict auto-resolved {
  conflictId: [32m'm8Q8xvt3NaL9PW6-jhxQL'[39m,
  strategy: [32m'auto_merge'[39m,
  winner: [32m'merged'[39m,
  mergedFields: [33m0[39m
}
Conflict auto-resolved {
  conflictId: [32m'Q3OE2UIa1zqaMWDLohIIa'[39m,
  strategy: [32m'auto_merge'[39m,
  winner: [32m'merged'[39m,
  mergedFields: [33m0[39m
}
Conflict auto-resolved {
  conflictId: [32m'GtunFxnWKB4Q10kRdAjuE'[39m,
  strategy: [32m'auto_merge'[39m,
  winner: [32m'merged'[39m,
  mergedFields: [33m0[39m
}
Conflict auto-resolved {
  conflictId: [32m'F9YkKB8WabWaEp52HRt3f'[39m,
  strategy: [32m'auto_merge'[39m,
  winner: [32m'merged'[39m,
  mergedFields: [33m0[39m
}
Conflict auto-resolved {
  conflictId: [32m'gXPBUfxQ2P5sfxpjzww8D'[39m,
  strategy: [32m'auto_merge'[39m,
  winner: [32m'merged'[39m,
  mergedFields: [33m0[39m
}
Conflict auto-resolved {
  conflictId: [32m'EvbY84sU9CPdvlmzRd2ko'[39m,
  strategy: [32m'auto_merge'[39m,
  winner: [32m'merged'[39m,
  mergedFields: [33m0[39m
}
Conflict auto-resolved {
  conflictId: [32m'atnHtUCupYywbry5eKgUr'[39m,
  strategy: [32m'auto_merge'[39m,
  winner: [32m'merged'[39m,
  mergedFields: [33m0[39m
}
Conflict auto-resolved {
  conflictId: [32m'VjTSjfVoxriwh-iQ34rpI'[39m,
  strategy: [32m'auto_merge'[39m,
  winner: [32m'merged'[39m,
  mergedFields: [33m0[39m
}
Conflict auto-resolved {
  conflictId: [32m'DCOvp3e9zB73NgYWpoTdJ'[39m,
  strategy: [32m'auto_merge'[39m,
  winner: [32m'merged'[39m,
  mergedFields: [33m0[39m
}
Conflict auto-resolved {
  conflictId: [32m'FWxlG3pznfGMGMTQX27Gt'[39m,
  strategy: [32m'auto_merge'[39m,
  winner: [32m'merged'[39m,
  mergedFields: [33m0[39m
}
Conflict auto-resolved {
  conflictId: [32m'O39pS0tpXPZdhJY7f2Tpn'[39m,
  strategy: [32m'auto_merge'[39m,
  winner: [32m'merged'[39m,
  mergedFields: [33m0[39m
}
Conflict auto-resolved {
  conflictId: [32m'WEZapaRzz0W8PtqptPaRo'[39m,
  strategy: [32m'auto_merge'[39m,
  winner: [32m'merged'[39m,
  mergedFields: [33m0[39m
}
Conflict auto-resolved {
  conflictId: [32m'ZkZe69JSD9ECLNndyi6Xz'[39m,
  strategy: [32m'auto_merge'[39m,
  winner: [32m'merged'[39m,
  mergedFields: [33m0[39m
}
Conflict auto-resolved {
  conflictId: [32m'QWIxoSMvQ0YrPh87SS17G'[39m,
  strategy: [32m'auto_merge'[39m,
  winner: [32m'merged'[39m,
  mergedFields: [33m0[39m
}
Conflict auto-resolved {
  conflictId: [32m'RsCkozupbVDe5qibM7FnB'[39m,
  strategy: [32m'auto_merge'[39m,
  winner: [32m'merged'[39m,
  mergedFields: [33m0[39m
}
Conflict auto-resolved {
  conflictId: [32m'C8O8tlqN75heM8VK6MUf5'[39m,
  strategy: [32m'auto_merge'[39m,
  winner: [32m'merged'[39m,
  mergedFields: [33m0[39m
}
Conflict auto-resolved {
  conflictId: [32m'6i9aQFqP5pafsng66CecN'[39m,
  strategy: [32m'auto_merge'[39m,
  winner: [32m'merged'[39m,
  mergedFields: [33m0[39m
}
Conflict auto-resolved {
  conflictId: [32m'QuwkcaL0HxDzDT2qOAi4p'[39m,
  strategy: [32m'auto_merge'[39m,
  winner: [32m'merged'[39m,
  mergedFields: [33m0[39m
}
Conflict auto-resolved {
  conflictId: [32m'g--4J9CNNjdStmlqVdj3H'[39m,
  strategy: [32m'auto_merge'[39m,
  winner: [32m'merged'[39m,
  mergedFields: [33m0[39m
}
Conflict auto-resolved {
  conflictId: [32m'Mkr4YcZhp0KzErd_bmxdX'[39m,
  strategy: [32m'auto_merge'[39m,
  winner: [32m'merged'[39m,
  mergedFields: [33m0[39m
}
Conflict auto-resolved {
  conflictId: [32m'xVaCDEadUcG-__bXES51k'[39m,
  strategy: [32m'auto_merge'[39m,
  winner: [32m'merged'[39m,
  mergedFields: [33m0[39m
}
Conflict auto-resolved {
  conflictId: [32m'vPY34ih_2yQyOlcll6sX6'[39m,
  strategy: [32m'auto_merge'[39m,
  winner: [32m'merged'[39m,
  mergedFields: [33m0[39m
}
Conflict auto-resolved {
  conflictId: [32m'PQhSFfTQ8nLyEXa1q0SX6'[39m,
  strategy: [32m'auto_merge'[39m,
  winner: [32m'merged'[39m,
  mergedFields: [33m0[39m
}
Conflict auto-resolved {
  conflictId: [32m'cOpyUwTts3-HK6fa_JcDY'[39m,
  strategy: [32m'auto_merge'[39m,
  winner: [32m'merged'[39m,
  mergedFields: [33m0[39m
}
Conflict auto-resolved {
  conflictId: [32m'cm5umxoCwXOl7jpXy3MTv'[39m,
  strategy: [32m'auto_merge'[39m,
  winner: [32m'merged'[39m,
  mergedFields: [33m0[39m
}
Conflict auto-resolved {
  conflictId: [32m'IdGNVoS_JfxRlZIuW_nEh'[39m,
  strategy: [32m'auto_merge'[39m,
  winner: [32m'merged'[39m,
  mergedFields: [33m0[39m
}
Conflict auto-resolved {
  conflictId: [32m'97cH0UxPs8KuBfOwILw9u'[39m,
  strategy: [32m'auto_merge'[39m,
  winner: [32m'merged'[39m,
  mergedFields: [33m0[39m
}
Conflict auto-resolved {
  conflictId: [32m'Wg90PFnNYCbW8lvOMKhKP'[39m,
  strategy: [32m'auto_merge'[39m,
  winner: [32m'merged'[39m,
  mergedFields: [33m0[39m
}
Conflict auto-resolved {
  conflictId: [32m'ZOOJRbea18Q3EJQfgej--'[39m,
  strategy: [32m'auto_merge'[39m,
  winner: [32m'merged'[39m,
  mergedFields: [33m0[39m
}
Conflict auto-resolved {
  conflictId: [32m'ayAo87GgB0yUC1B_HLcGR'[39m,
  strategy: [32m'auto_merge'[39m,
  winner: [32m'merged'[39m,
  mergedFields: [33m0[39m
}
Conflict auto-resolved {
  conflictId: [32m'rzL7cPFptOlooRhDUL9Vo'[39m,
  strategy: [32m'auto_merge'[39m,
  winner: [32m'merged'[39m,
  mergedFields: [33m0[39m
}
Conflict auto-resolved {
  conflictId: [32m'8jYjkEEwnQhV8FJFjVLjn'[39m,
  strategy: [32m'auto_merge'[39m,
  winner: [32m'merged'[39m,
  mergedFields: [33m0[39m
}
Conflict auto-resolved {
  conflictId: [32m'wDlP7F9RA0PiWcEAnIROQ'[39m,
  strategy: [32m'auto_merge'[39m,
  winner: [32m'merged'[39m,
  mergedFields: [33m0[39m
}
Conflict auto-resolved {
  conflictId: [32m'_0OxT6uyKnYnlmEECUQTY'[39m,
  strategy: [32m'auto_merge'[39m,
  winner: [32m'merged'[39m,
  mergedFields: [33m0[39m
}
Conflict auto-resolved {
  conflictId: [32m'5oulAKgUZtWzK0JMEIeRq'[39m,
  strategy: [32m'auto_merge'[39m,
  winner: [32m'merged'[39m,
  mergedFields: [33m0[39m
}
Conflict auto-resolved {
  conflictId: [32m'qHyifHGGh_D_bnjTM4mZQ'[39m,
  strategy: [32m'auto_merge'[39m,
  winner: [32m'merged'[39m,
  mergedFields: [33m0[39m
}
Conflict auto-resolved {
  conflictId: [32m'Cmq4kXEOxQt1lW_HvHlfT'[39m,
  strategy: [32m'auto_merge'[39m,
  winner: [32m'merged'[39m,
  mergedFields: [33m0[39m
}
Conflict auto-resolved {
  conflictId: [32m'Ufu9PHCiYyXJkPrsNazo7'[39m,
  strategy: [32m'auto_merge'[39m,
  winner: [32m'merged'[39m,
  mergedFields: [33m0[39m
}
Conflict auto-resolved {
  conflictId: [32m'ieG4cqj2lMv2cL-z6qO6j'[39m,
  strategy: [32m'auto_merge'[39m,
  winner: [32m'merged'[39m,
  mergedFields: [33m0[39m
}
Conflict auto-resolved {
  conflictId: [32m'O9t-KwCvfGURta0Moz8Ie'[39m,
  strategy: [32m'auto_merge'[39m,
  winner: [32m'merged'[39m,
  mergedFields: [33m0[39m
}
Conflict auto-resolved {
  conflictId: [32m'YNWgxvdEYfIKstr8B0HlI'[39m,
  strategy: [32m'auto_merge'[39m,
  winner: [32m'merged'[39m,
  mergedFields: [33m0[39m
}
Conflict auto-resolved {
  conflictId: [32m'uAylvTQ0IXMNB1v7HuMQI'[39m,
  strategy: [32m'auto_merge'[39m,
  winner: [32m'merged'[39m,
  mergedFields: [33m0[39m
}
Conflict auto-resolved {
  conflictId: [32m'4Rg1jPnuan59uPUNsbG7p'[39m,
  strategy: [32m'auto_merge'[39m,
  winner: [32m'merged'[39m,
  mergedFields: [33m0[39m
}
Conflict auto-resolved {
  conflictId: [32m'Lfa8yB-K4LXhB3nMe7Ifx'[39m,
  strategy: [32m'auto_merge'[39m,
  winner: [32m'merged'[39m,
  mergedFields: [33m0[39m
}
Conflict auto-resolved {
  conflictId: [32m'yQBXE_cJoo-JBkCcjS_Cn'[39m,
  strategy: [32m'auto_merge'[39m,
  winner: [32m'merged'[39m,
  mergedFields: [33m0[39m
}
Conflict auto-resolved {
  conflictId: [32m'sTtPmFk9JCHEncqZi3KfW'[39m,
  strategy: [32m'auto_merge'[39m,
  winner: [32m'merged'[39m,
  mergedFields: [33m0[39m
}
Conflict auto-resolved {
  conflictId: [32m'adr2EikFkKT7_gdDCtQ_C'[39m,
  strategy: [32m'auto_merge'[39m,
  winner: [32m'merged'[39m,
  mergedFields: [33m0[39m
}
Conflict auto-resolved {
  conflictId: [32m'iE0dKJYOKduFRu5OxSLZO'[39m,
  strategy: [32m'auto_merge'[39m,
  winner: [32m'merged'[39m,
  mergedFields: [33m0[39m
}
Conflict auto-resolved {
  conflictId: [32m'4Js8CPJOeGEySIREi3WyN'[39m,
  strategy: [32m'auto_merge'[39m,
  winner: [32m'merged'[39m,
  mergedFields: [33m0[39m
}
Conflict auto-resolved {
  conflictId: [32m'B6svYvUuR5r13K3pWlBI9'[39m,
  strategy: [32m'auto_merge'[39m,
  winner: [32m'merged'[39m,
  mergedFields: [33m0[39m
}
Conflict auto-resolved {
  conflictId: [32m'ZLtw4Ju2uB3PFNJah3pso'[39m,
  strategy: [32m'auto_merge'[39m,
  winner: [32m'merged'[39m,
  mergedFields: [33m0[39m
}
Conflict auto-resolved {
  conflictId: [32m'BZxBs30yAbVY5KfUlemCs'[39m,
  strategy: [32m'auto_merge'[39m,
  winner: [32m'merged'[39m,
  mergedFields: [33m0[39m
}
Conflict auto-resolved {
  conflictId: [32m'ksP0XthjqKulvJOw_lTkL'[39m,
  strategy: [32m'auto_merge'[39m,
  winner: [32m'merged'[39m,
  mergedFields: [33m0[39m
}
Conflict auto-resolved {
  conflictId: [32m'9711-fjurbZzp9-eNZ0zW'[39m,
  strategy: [32m'auto_merge'[39m,
  winner: [32m'merged'[39m,
  mergedFields: [33m0[39m
}
Conflict auto-resolved {
  conflictId: [32m'LtC9EXooZgWphRPqUlmo-'[39m,
  strategy: [32m'auto_merge'[39m,
  winner: [32m'merged'[39m,
  mergedFields: [33m0[39m
}
Conflict auto-resolved {
  conflictId: [32m'NUyOhAj3sKnRme40OWvQb'[39m,
  strategy: [32m'auto_merge'[39m,
  winner: [32m'merged'[39m,
  mergedFields: [33m0[39m
}
Conflict auto-resolved {
  conflictId: [32m'TcrNXnzySrv31daJK68DR'[39m,
  strategy: [32m'auto_merge'[39m,
  winner: [32m'merged'[39m,
  mergedFields: [33m0[39m
}
Conflict auto-resolved {
  conflictId: [32m'hOeOt3Q7IWawIfhiqwQTR'[39m,
  strategy: [32m'auto_merge'[39m,
  winner: [32m'merged'[39m,
  mergedFields: [33m0[39m
}
Conflict auto-resolved {
  conflictId: [32m'7nszjrnuzC2DLCsIFERl9'[39m,
  strategy: [32m'auto_merge'[39m,
  winner: [32m'merged'[39m,
  mergedFields: [33m0[39m
}
Conflict auto-resolved {
  conflictId: [32m'gewGy7s4r075y5VotQBXC'[39m,
  strategy: [32m'auto_merge'[39m,
  winner: [32m'merged'[39m,
  mergedFields: [33m0[39m
}
Conflict auto-resolved {
  conflictId: [32m'PQkEB70UELuxyDKv4tfLg'[39m,
  strategy: [32m'auto_merge'[39m,
  winner: [32m'merged'[39m,
  mergedFields: [33m0[39m
}
Conflict auto-resolved {
  conflictId: [32m'QZeCnG-ZEcaURwL-3p2qH'[39m,
  strategy: [32m'auto_merge'[39m,
  winner: [32m'merged'[39m,
  mergedFields: [33m0[39m
}
Conflict auto-resolved {
  conflictId: [32m'E9A0Z-xB64UhkBMHV0NMU'[39m,
  strategy: [32m'auto_merge'[39m,
  winner: [32m'merged'[39m,
  mergedFields: [33m0[39m
}
Conflict auto-resolved {
  conflictId: [32m't38cduuiPy1RL35ceMVSX'[39m,
  strategy: [32m'auto_merge'[39m,
  winner: [32m'merged'[39m,
  mergedFields: [33m0[39m
}
Conflict auto-resolved {
  conflictId: [32m'Q82Ae_DG3JPVmOte-X4_z'[39m,
  strategy: [32m'auto_merge'[39m,
  winner: [32m'merged'[39m,
  mergedFields: [33m0[39m
}
Conflict auto-resolved {
  conflictId: [32m'8ecKltB6YuNnl6OIE6lt9'[39m,
  strategy: [32m'auto_merge'[39m,
  winner: [32m'merged'[39m,
  mergedFields: [33m0[39m
}
Conflict auto-resolved {
  conflictId: [32m'CkjhjZc-2mqLYzndo7Y7R'[39m,
  strategy: [32m'auto_merge'[39m,
  winner: [32m'merged'[39m,
  mergedFields: [33m0[39m
}
Conflict auto-resolved {
  conflictId: [32m'7nLPLLr6QnlbkRD_089Zv'[39m,
  strategy: [32m'auto_merge'[39m,
  winner: [32m'merged'[39m,
  mergedFields: [33m0[39m
}
Conflict auto-resolved {
  conflictId: [32m'XEwkW4SHFPwsNhNajn9fk'[39m,
  strategy: [32m'auto_merge'[39m,
  winner: [32m'merged'[39m,
  mergedFields: [33m0[39m
}
Conflict auto-resolved {
  conflictId: [32m'aqGmQ3fUTL_fEsgIoijI_'[39m,
  strategy: [32m'auto_merge'[39m,
  winner: [32m'merged'[39m,
  mergedFields: [33m0[39m
}
Conflict auto-resolved {
  conflictId: [32m'Jt7rO1-1OOrpH1LYjHNVp'[39m,
  strategy: [32m'auto_merge'[39m,
  winner: [32m'merged'[39m,
  mergedFields: [33m0[39m
}
Conflict auto-resolved {
  conflictId: [32m'eBZ8vWr7aFtES7gs08ooS'[39m,
  strategy: [32m'auto_merge'[39m,
  winner: [32m'merged'[39m,
  mergedFields: [33m0[39m
}
Conflict auto-resolved {
  conflictId: [32m'1H0Qo-XUiIQZsVvH_w8WT'[39m,
  strategy: [32m'auto_merge'[39m,
  winner: [32m'merged'[39m,
  mergedFields: [33m0[39m
}
Conflict auto-resolved {
  conflictId: [32m'IxA_j7c-O2626FfQVC_r-'[39m,
  strategy: [32m'auto_merge'[39m,
  winner: [32m'merged'[39m,
  mergedFields: [33m0[39m
}
Conflict auto-resolved {
  conflictId: [32m'2llR9nWCKMiaeBGcprKYf'[39m,
  strategy: [32m'auto_merge'[39m,
  winner: [32m'merged'[39m,
  mergedFields: [33m0[39m
}
Conflict auto-resolved {
  conflictId: [32m'jYyJ8wb7D9cyvSdr368HL'[39m,
  strategy: [32m'auto_merge'[39m,
  winner: [32m'merged'[39m,
  mergedFields: [33m0[39m
}
Conflict auto-resolved {
  conflictId: [32m'1_krT-hAJ86WnxdyejJRB'[39m,
  strategy: [32m'auto_merge'[39m,
  winner: [32m'merged'[39m,
  mergedFields: [33m0[39m
}
Conflict auto-resolved {
  conflictId: [32m'QTIeqwCw300wSqW4M3asu'[39m,
  strategy: [32m'auto_merge'[39m,
  winner: [32m'merged'[39m,
  mergedFields: [33m0[39m
}
Conflict auto-resolved {
  conflictId: [32m'3isXRpwthBnzrwm_vOm1y'[39m,
  strategy: [32m'auto_merge'[39m,
  winner: [32m'merged'[39m,
  mergedFields: [33m0[39m
}
Conflict auto-resolved {
  conflictId: [32m'AwgowC7FQxs9ElJ-w0APe'[39m,
  strategy: [32m'auto_merge'[39m,
  winner: [32m'merged'[39m,
  mergedFields: [33m0[39m
}
Conflict auto-resolved {
  conflictId: [32m'K5gvSjxKkJ_uh1k98yrkO'[39m,
  strategy: [32m'auto_merge'[39m,
  winner: [32m'merged'[39m,
  mergedFields: [33m0[39m
}
Conflict auto-resolved {
  conflictId: [32m'gAGB1QL75a-3HJx-HyXtY'[39m,
  strategy: [32m'auto_merge'[39m,
  winner: [32m'merged'[39m,
  mergedFields: [33m0[39m
}
Conflict auto-resolved {
  conflictId: [32m'Ik2nPm_4bgZsCICYjZPEh'[39m,
  strategy: [32m'auto_merge'[39m,
  winner: [32m'merged'[39m,
  mergedFields: [33m0[39m
}
Conflict auto-resolved {
  conflictId: [32m'-zkn2QbMOdQ1QY6DVlyq3'[39m,
  strategy: [32m'auto_merge'[39m,
  winner: [32m'merged'[39m,
  mergedFields: [33m0[39m
}
Conflict auto-resolved {
  conflictId: [32m'TwJTgnuhTi2uAnCMW3yxe'[39m,
  strategy: [32m'auto_merge'[39m,
  winner: [32m'merged'[39m,
  mergedFields: [33m0[39m
}
Conflict auto-resolved {
  conflictId: [32m'WMXzFGqQQP81H6CM-xUc5'[39m,
  strategy: [32m'auto_merge'[39m,
  winner: [32m'merged'[39m,
  mergedFields: [33m0[39m
}
Conflict auto-resolved {
  conflictId: [32m'BayJ3U4_A5NEosWcLxh9N'[39m,
  strategy: [32m'auto_merge'[39m,
  winner: [32m'merged'[39m,
  mergedFields: [33m0[39m
}
Conflict auto-resolved {
  conflictId: [32m'DLISEJ8eBAp-HkCR30QA9'[39m,
  strategy: [32m'auto_merge'[39m,
  winner: [32m'merged'[39m,
  mergedFields: [33m0[39m
}
Conflict auto-resolved {
  conflictId: [32m'fWpb8qP5sO4o_puX6N6XV'[39m,
  strategy: [32m'auto_merge'[39m,
  winner: [32m'merged'[39m,
  mergedFields: [33m0[39m
}
Conflict auto-resolved {
  conflictId: [32m'-MK2MEuYKBdk4ysnrVlKB'[39m,
  strategy: [32m'auto_merge'[39m,
  winner: [32m'merged'[39m,
  mergedFields: [33m0[39m
}
Conflict auto-resolved {
  conflictId: [32m'veksJ69RXsQ9c1HLiB--q'[39m,
  strategy: [32m'auto_merge'[39m,
  winner: [32m'merged'[39m,
  mergedFields: [33m0[39m
}
Conflict auto-resolved {
  conflictId: [32m'xSbzJVRud841JE-fhEduS'[39m,
  strategy: [32m'auto_merge'[39m,
  winner: [32m'merged'[39m,
  mergedFields: [33m0[39m
}
Conflict auto-resolved {
  conflictId: [32m'L80p9gs64RdhxFlaZJovw'[39m,
  strategy: [32m'auto_merge'[39m,
  winner: [32m'merged'[39m,
  mergedFields: [33m0[39m
}
Conflict auto-resolved {
  conflictId: [32m'3ZfzydqA8zGz8T8tFWrsM'[39m,
  strategy: [32m'auto_merge'[39m,
  winner: [32m'merged'[39m,
  mergedFields: [33m0[39m
}
Conflict auto-resolved {
  conflictId: [32m'eLLDYYReBQiKmWzWCYRbB'[39m,
  strategy: [32m'auto_merge'[39m,
  winner: [32m'merged'[39m,
  mergedFields: [33m0[39m
}
Conflict auto-resolved {
  conflictId: [32m'CVs3Sk2_JwQMombcZu1kN'[39m,
  strategy: [32m'auto_merge'[39m,
  winner: [32m'merged'[39m,
  mergedFields: [33m0[39m
}
Conflict auto-resolved {
  conflictId: [32m'VU80DCBcWyM_Ia-vQ1uvK'[39m,
  strategy: [32m'auto_merge'[39m,
  winner: [32m'merged'[39m,
  mergedFields: [33m0[39m
}
Conflict auto-resolved {
  conflictId: [32m'AaoBLPDDU_y74vWkfgSFC'[39m,
  strategy: [32m'auto_merge'[39m,
  winner: [32m'merged'[39m,
  mergedFields: [33m0[39m
}
Conflict auto-resolved {
  conflictId: [32m'u1KySP8qqHhj2lxA3YaEv'[39m,
  strategy: [32m'auto_merge'[39m,
  winner: [32m'merged'[39m,
  mergedFields: [33m0[39m
}
Conflict auto-resolved {
  conflictId: [32m'z6RHTbW4H0ILyI5jf4Xsn'[39m,
  strategy: [32m'auto_merge'[39m,
  winner: [32m'merged'[39m,
  mergedFields: [33m0[39m
}
Conflict auto-resolved {
  conflictId: [32m'Q1CgDwTQQm8NzCzk17eeU'[39m,
  strategy: [32m'auto_merge'[39m,
  winner: [32m'merged'[39m,
  mergedFields: [33m0[39m
}
Conflict auto-resolved {
  conflictId: [32m'MCoGyITlZrMu45P2fFgUy'[39m,
  strategy: [32m'auto_merge'[39m,
  winner: [32m'merged'[39m,
  mergedFields: [33m0[39m
}
Conflict auto-resolved {
  conflictId: [32m'CV1s9Pi_M74XBIMQaM3Lx'[39m,
  strategy: [32m'auto_merge'[39m,
  winner: [32m'merged'[39m,
  mergedFields: [33m0[39m
}
Conflict auto-resolved {
  conflictId: [32m'hksTrBPugzlADJ2_UCqnJ'[39m,
  strategy: [32m'auto_merge'[39m,
  winner: [32m'merged'[39m,
  mergedFields: [33m0[39m
}
Conflict auto-resolved {
  conflictId: [32m'znpbZZwv8bmz8sG6SByh-'[39m,
  strategy: [32m'auto_merge'[39m,
  winner: [32m'merged'[39m,
  mergedFields: [33m0[39m
}
Conflict auto-resolved {
  conflictId: [32m'-q6qm485t-5iLAnKfjlyy'[39m,
  strategy: [32m'auto_merge'[39m,
  winner: [32m'merged'[39m,
  mergedFields: [33m0[39m
}
Conflict auto-resolved {
  conflictId: [32m'YGSnUCPilSufyrM7n7QKY'[39m,
  strategy: [32m'auto_merge'[39m,
  winner: [32m'merged'[39m,
  mergedFields: [33m0[39m
}
Conflict auto-resolved {
  conflictId: [32m'S6qPx1r6IhbUPp_zWNYDl'[39m,
  strategy: [32m'auto_merge'[39m,
  winner: [32m'merged'[39m,
  mergedFields: [33m0[39m
}
Conflict auto-resolved {
  conflictId: [32m'o2p_F5-i-vGOIbvCuKoNo'[39m,
  strategy: [32m'auto_merge'[39m,
  winner: [32m'merged'[39m,
  mergedFields: [33m0[39m
}
Conflict auto-resolved {
  conflictId: [32m'iwknBQr3-4oK4uoPRybc4'[39m,
  strategy: [32m'auto_merge'[39m,
  winner: [32m'merged'[39m,
  mergedFields: [33m0[39m
}
Conflict auto-resolved {
  conflictId: [32m'uoddPNfSbKf2I-90m26N6'[39m,
  strategy: [32m'auto_merge'[39m,
  winner: [32m'merged'[39m,
  mergedFields: [33m0[39m
}
Conflict auto-resolved {
  conflictId: [32m'DX_PjPz6ACk_MiOgQyizE'[39m,
  strategy: [32m'auto_merge'[39m,
  winner: [32m'merged'[39m,
  mergedFields: [33m0[39m
}
Conflict auto-resolved {
  conflictId: [32m'jnZX_HoZZgvtD4KR0ZGFj'[39m,
  strategy: [32m'auto_merge'[39m,
  winner: [32m'merged'[39m,
  mergedFields: [33m0[39m
}
Conflict auto-resolved {
  conflictId: [32m'ShQLm-fIQtGqkrvgp4aWk'[39m,
  strategy: [32m'auto_merge'[39m,
  winner: [32m'merged'[39m,
  mergedFields: [33m0[39m
}
Conflict auto-resolved {
  conflictId: [32m'SdPPxBQCdLjAzCz5Retaq'[39m,
  strategy: [32m'auto_merge'[39m,
  winner: [32m'merged'[39m,
  mergedFields: [33m0[39m
}
Conflict auto-resolved {
  conflictId: [32m'MgjuzhEt8aFIPgCYTMUSP'[39m,
  strategy: [32m'auto_merge'[39m,
  winner: [32m'merged'[39m,
  mergedFields: [33m0[39m
}
Conflict auto-resolved {
  conflictId: [32m'TiNN5ayuQViWrt4ba1EEI'[39m,
  strategy: [32m'auto_merge'[39m,
  winner: [32m'merged'[39m,
  mergedFields: [33m0[39m
}
Conflict auto-resolved {
  conflictId: [32m'3cHvky2NZG34NZK0pgfyK'[39m,
  strategy: [32m'auto_merge'[39m,
  winner: [32m'merged'[39m,
  mergedFields: [33m0[39m
}
Conflict auto-resolved {
  conflictId: [32m'nDe3DG85tbkvlI59AsDos'[39m,
  strategy: [32m'auto_merge'[39m,
  winner: [32m'merged'[39m,
  mergedFields: [33m0[39m
}
Conflict auto-resolved {
  conflictId: [32m'ALnHqymgSMlYME58gbeqU'[39m,
  strategy: [32m'auto_merge'[39m,
  winner: [32m'merged'[39m,
  mergedFields: [33m0[39m
}
Conflict auto-resolved {
  conflictId: [32m'Fw4kcqq1ItB-S5Gzjs0Iu'[39m,
  strategy: [32m'auto_merge'[39m,
  winner: [32m'merged'[39m,
  mergedFields: [33m0[39m
}
Conflict auto-resolved {
  conflictId: [32m'YQUAzBUnidBlJxYSBcfcv'[39m,
  strategy: [32m'auto_merge'[39m,
  winner: [32m'merged'[39m,
  mergedFields: [33m0[39m
}
Conflict auto-resolved {
  conflictId: [32m'4Pktn15WApfdZxQH-CMBT'[39m,
  strategy: [32m'auto_merge'[39m,
  winner: [32m'merged'[39m,
  mergedFields: [33m0[39m
}
Conflict auto-resolved {
  conflictId: [32m'WB5Y4NNgDq8ZkHJObZEkX'[39m,
  strategy: [32m'auto_merge'[39m,
  winner: [32m'merged'[39m,
  mergedFields: [33m0[39m
}
Conflict auto-resolved {
  conflictId: [32m'VfGURa3DSEsexNKYhcG3q'[39m,
  strategy: [32m'auto_merge'[39m,
  winner: [32m'merged'[39m,
  mergedFields: [33m0[39m
}
Conflict auto-resolved {
  conflictId: [32m'WlDHbi8ytUsKixbURCc4R'[39m,
  strategy: [32m'auto_merge'[39m,
  winner: [32m'merged'[39m,
  mergedFields: [33m0[39m
}
Conflict auto-resolved {
  conflictId: [32m'qffbRe0Nb_9ObL0Rh_eqU'[39m,
  strategy: [32m'auto_merge'[39m,
  winner: [32m'merged'[39m,
  mergedFields: [33m0[39m
}
Conflict auto-resolved {
  conflictId: [32m'NFmJg49QWJH8kns1uL-22'[39m,
  strategy: [32m'auto_merge'[39m,
  winner: [32m'merged'[39m,
  mergedFields: [33m0[39m
}
Conflict auto-resolved {
  conflictId: [32m'OzOtXiLxCRmZ9UicRtXO0'[39m,
  strategy: [32m'auto_merge'[39m,
  winner: [32m'merged'[39m,
  mergedFields: [33m0[39m
}
Conflict auto-resolved {
  conflictId: [32m'eAvak9pJ6mrhxkcN_0v0D'[39m,
  strategy: [32m'auto_merge'[39m,
  winner: [32m'merged'[39m,
  mergedFields: [33m0[39m
}
Conflict auto-resolved {
  conflictId: [32m'XxSHWV2cXyRmDxtaNFgv4'[39m,
  strategy: [32m'auto_merge'[39m,
  winner: [32m'merged'[39m,
  mergedFields: [33m0[39m
}
Conflict auto-resolved {
  conflictId: [32m'HsBVZLSvt_DbFmTzJW4-k'[39m,
  strategy: [32m'auto_merge'[39m,
  winner: [32m'merged'[39m,
  mergedFields: [33m0[39m
}
Conflict auto-resolved {
  conflictId: [32m'4NDdUXlHjgRLU6FHngEjf'[39m,
  strategy: [32m'auto_merge'[39m,
  winner: [32m'merged'[39m,
  mergedFields: [33m0[39m
}
Conflict auto-resolved {
  conflictId: [32m'rOOotNbtkwWNXAfRSMfWG'[39m,
  strategy: [32m'auto_merge'[39m,
  winner: [32m'merged'[39m,
  mergedFields: [33m0[39m
}
Conflict auto-resolved {
  conflictId: [32m'jGcjqFObXHstusa0k3ZC9'[39m,
  strategy: [32m'auto_merge'[39m,
  winner: [32m'merged'[39m,
  mergedFields: [33m0[39m
}
Conflict auto-resolved {
  conflictId: [32m'mv-ZWprHJzD4sfR_kVJ0y'[39m,
  strategy: [32m'auto_merge'[39m,
  winner: [32m'merged'[39m,
  mergedFields: [33m0[39m
}
Conflict auto-resolved {
  conflictId: [32m'dKVFObPnznNIr3v9jjw2d'[39m,
  strategy: [32m'auto_merge'[39m,
  winner: [32m'merged'[39m,
  mergedFields: [33m0[39m
}
Conflict auto-resolved {
  conflictId: [32m'3iSgNnb0MzeJoosRe7kyd'[39m,
  strategy: [32m'auto_merge'[39m,
  winner: [32m'merged'[39m,
  mergedFields: [33m0[39m
}
Conflict auto-resolved {
  conflictId: [32m'sCB8TJyTYyqPzt6Fcp9bq'[39m,
  strategy: [32m'auto_merge'[39m,
  winner: [32m'merged'[39m,
  mergedFields: [33m0[39m
}
Conflict auto-resolved {
  conflictId: [32m'wA8uC_mWbvDT9eqxrZjXG'[39m,
  strategy: [32m'auto_merge'[39m,
  winner: [32m'merged'[39m,
  mergedFields: [33m0[39m
}
Conflict auto-resolved {
  conflictId: [32m'1cxnga5t1quCDS7I1PoDM'[39m,
  strategy: [32m'auto_merge'[39m,
  winner: [32m'merged'[39m,
  mergedFields: [33m0[39m
}
Conflict auto-resolved {
  conflictId: [32m'z5K1HTOswx7HK-dLkNPRE'[39m,
  strategy: [32m'auto_merge'[39m,
  winner: [32m'merged'[39m,
  mergedFields: [33m0[39m
}
Conflict auto-resolved {
  conflictId: [32m'wUdwuc1adrlc7y1LTUtQE'[39m,
  strategy: [32m'auto_merge'[39m,
  winner: [32m'merged'[39m,
  mergedFields: [33m0[39m
}
Conflict auto-resolved {
  conflictId: [32m'ebjIQ1eh1Y2lp-_oBze7R'[39m,
  strategy: [32m'auto_merge'[39m,
  winner: [32m'merged'[39m,
  mergedFields: [33m0[39m
}
Conflict auto-resolved {
  conflictId: [32m'3xLSVH5oS50xZRXIDBWDo'[39m,
  strategy: [32m'auto_merge'[39m,
  winner: [32m'merged'[39m,
  mergedFields: [33m0[39m
}
Conflict auto-resolved {
  conflictId: [32m'rcEu1uo-gk7SF1C5eCJz_'[39m,
  strategy: [32m'auto_merge'[39m,
  winner: [32m'merged'[39m,
  mergedFields: [33m0[39m
}
Conflict auto-resolved {
  conflictId: [32m'eiUvNf4Dlpjne1I7llGL9'[39m,
  strategy: [32m'auto_merge'[39m,
  winner: [32m'merged'[39m,
  mergedFields: [33m0[39m
}
Conflict auto-resolved {
  conflictId: [32m'8U-xil1-gxJMGCHkf5BhY'[39m,
  strategy: [32m'auto_merge'[39m,
  winner: [32m'merged'[39m,
  mergedFields: [33m0[39m
}
Conflict auto-resolved {
  conflictId: [32m'fvSuUAJDgaDdZEb4luYke'[39m,
  strategy: [32m'auto_merge'[39m,
  winner: [32m'merged'[39m,
  mergedFields: [33m0[39m
}
Conflict auto-resolved {
  conflictId: [32m'BFWjb-IQUQpEav9Qdmmkp'[39m,
  strategy: [32m'auto_merge'[39m,
  winner: [32m'merged'[39m,
  mergedFields: [33m0[39m
}
Conflict auto-resolved {
  conflictId: [32m'YTJ_ZGEQ5XY1QiiMxGD6E'[39m,
  strategy: [32m'auto_merge'[39m,
  winner: [32m'merged'[39m,
  mergedFields: [33m0[39m
}
Conflict auto-resolved {
  conflictId: [32m'mq3B_KkWQndersrfx8uj8'[39m,
  strategy: [32m'auto_merge'[39m,
  winner: [32m'merged'[39m,
  mergedFields: [33m0[39m
}
Conflict auto-resolved {
  conflictId: [32m'teoeCuNv_M9rFhiz9Ep4a'[39m,
  strategy: [32m'auto_merge'[39m,
  winner: [32m'merged'[39m,
  mergedFields: [33m0[39m
}
Conflict auto-resolved {
  conflictId: [32m'mqMh2v4YN334YpSdWz1yL'[39m,
  strategy: [32m'auto_merge'[39m,
  winner: [32m'merged'[39m,
  mergedFields: [33m0[39m
}
Conflict auto-resolved {
  conflictId: [32m'lKadvwYN8sS5LZSXu4sZu'[39m,
  strategy: [32m'auto_merge'[39m,
  winner: [32m'merged'[39m,
  mergedFields: [33m0[39m
}
Conflict auto-resolved {
  conflictId: [32m'jENwW7EOWvoGDa5s33iAz'[39m,
  strategy: [32m'auto_merge'[39m,
  winner: [32m'merged'[39m,
  mergedFields: [33m0[39m
}
Conflict auto-resolved {
  conflictId: [32m'H4ROoH4RoK1cGFDn7xGcd'[39m,
  strategy: [32m'auto_merge'[39m,
  winner: [32m'merged'[39m,
  mergedFields: [33m0[39m
}
Conflict auto-resolved {
  conflictId: [32m'9sqdROwwOkVJS5BgYwbv1'[39m,
  strategy: [32m'auto_merge'[39m,
  winner: [32m'merged'[39m,
  mergedFields: [33m0[39m
}
Conflict auto-resolved {
  conflictId: [32m'uEJLQB0L8PlyGEzEM4WSh'[39m,
  strategy: [32m'auto_merge'[39m,
  winner: [32m'merged'[39m,
  mergedFields: [33m0[39m
}
Conflict auto-resolved {
  conflictId: [32m'A5nbD7uM7mz0ik0zCS_ou'[39m,
  strategy: [32m'auto_merge'[39m,
  winner: [32m'merged'[39m,
  mergedFields: [33m0[39m
}
Conflict auto-resolved {
  conflictId: [32m'B7hxeUfACW5epNKh1-DDF'[39m,
  strategy: [32m'auto_merge'[39m,
  winner: [32m'merged'[39m,
  mergedFields: [33m0[39m
}
Conflict auto-resolved {
  conflictId: [32m'gO_OBoKv1OVb8RS8cRcl7'[39m,
  strategy: [32m'auto_merge'[39m,
  winner: [32m'merged'[39m,
  mergedFields: [33m0[39m
}
Conflict auto-resolved {
  conflictId: [32m'n66kudLltOELoStfmwfmy'[39m,
  strategy: [32m'auto_merge'[39m,
  winner: [32m'merged'[39m,
  mergedFields: [33m0[39m
}
Conflict auto-resolved {
  conflictId: [32m'iM1yYt4VN15Kuz5jw1F3X'[39m,
  strategy: [32m'auto_merge'[39m,
  winner: [32m'merged'[39m,
  mergedFields: [33m0[39m
}
Conflict auto-resolved {
  conflictId: [32m'zcXv5aU2rtMFA3RGr4eO9'[39m,
  strategy: [32m'auto_merge'[39m,
  winner: [32m'merged'[39m,
  mergedFields: [33m0[39m
}
Conflict auto-resolved {
  conflictId: [32m'_CncjtBiXN2AlhjPjfyZg'[39m,
  strategy: [32m'auto_merge'[39m,
  winner: [32m'merged'[39m,
  mergedFields: [33m0[39m
}
Conflict auto-resolved {
  conflictId: [32m'UcfAz5eCB0keRQa9eOYBL'[39m,
  strategy: [32m'auto_merge'[39m,
  winner: [32m'merged'[39m,
  mergedFields: [33m0[39m
}
Conflict auto-resolved {
  conflictId: [32m'4LzxHYvDOgiFMIB-KlugX'[39m,
  strategy: [32m'auto_merge'[39m,
  winner: [32m'merged'[39m,
  mergedFields: [33m0[39m
}
Conflict auto-resolved {
  conflictId: [32m'f6Wi7f3UDTOIc9kBEnuwC'[39m,
  strategy: [32m'auto_merge'[39m,
  winner: [32m'merged'[39m,
  mergedFields: [33m0[39m
}
Conflict auto-resolved {
  conflictId: [32m'WdZW3rA1Kx6eH_NA2ulph'[39m,
  strategy: [32m'auto_merge'[39m,
  winner: [32m'merged'[39m,
  mergedFields: [33m0[39m
}
Conflict auto-resolved {
  conflictId: [32m'25-odpyQZwlOPRjOdKXrt'[39m,
  strategy: [32m'auto_merge'[39m,
  winner: [32m'merged'[39m,
  mergedFields: [33m0[39m
}
Conflict auto-resolved {
  conflictId: [32m'izZOxAsDmRaIaUJ0BkiyP'[39m,
  strategy: [32m'auto_merge'[39m,
  winner: [32m'merged'[39m,
  mergedFields: [33m0[39m
}
Conflict auto-resolved {
  conflictId: [32m'ejKA3pCfPOj308zVXnwM1'[39m,
  strategy: [32m'auto_merge'[39m,
  winner: [32m'merged'[39m,
  mergedFields: [33m0[39m
}
Conflict auto-resolved {
  conflictId: [32m'P4inXiDS5NdId_KnLfuDM'[39m,
  strategy: [32m'auto_merge'[39m,
  winner: [32m'merged'[39m,
  mergedFields: [33m0[39m
}
Conflict auto-resolved {
  conflictId: [32m'hq6u9qXLb5T5Mu44sfUAy'[39m,
  strategy: [32m'auto_merge'[39m,
  winner: [32m'merged'[39m,
  mergedFields: [33m0[39m
}
Conflict auto-resolved {
  conflictId: [32m'BxrdJwksln_avtlvzSezq'[39m,
  strategy: [32m'auto_merge'[39m,
  winner: [32m'merged'[39m,
  mergedFields: [33m0[39m
}
Conflict auto-resolved {
  conflictId: [32m'_vpRMv979DBFbtIi0hlUW'[39m,
  strategy: [32m'auto_merge'[39m,
  winner: [32m'merged'[39m,
  mergedFields: [33m0[39m
}
Conflict auto-resolved {
  conflictId: [32m'FGdJXtmksMuvKU8kL3Dny'[39m,
  strategy: [32m'auto_merge'[39m,
  winner: [32m'merged'[39m,
  mergedFields: [33m0[39m
}
Conflict auto-resolved {
  conflictId: [32m'K05hvUhWfy0xbSsmC1NrI'[39m,
  strategy: [32m'auto_merge'[39m,
  winner: [32m'merged'[39m,
  mergedFields: [33m0[39m
}
Conflict auto-resolved {
  conflictId: [32m'5Un1Q_Ngv-rT-jZjOz2p8'[39m,
  strategy: [32m'auto_merge'[39m,
  winner: [32m'merged'[39m,
  mergedFields: [33m0[39m
}
Conflict auto-resolved {
  conflictId: [32m'Lz-CCwI4BuTOpAgfhCChq'[39m,
  strategy: [32m'auto_merge'[39m,
  winner: [32m'merged'[39m,
  mergedFields: [33m0[39m
}
Conflict auto-resolved {
  conflictId: [32m'iHdvNSsLcVH15WoWsJFNI'[39m,
  strategy: [32m'auto_merge'[39m,
  winner: [32m'merged'[39m,
  mergedFields: [33m0[39m
}
Conflict auto-resolved {
  conflictId: [32m'6ihkfzJlFhGX56A4yMQ7c'[39m,
  strategy: [32m'auto_merge'[39m,
  winner: [32m'merged'[39m,
  mergedFields: [33m0[39m
}
Conflict auto-resolved {
  conflictId: [32m'7ir8qqU4-jUxq3kUxEmXH'[39m,
  strategy: [32m'auto_merge'[39m,
  winner: [32m'merged'[39m,
  mergedFields: [33m0[39m
}
Conflict auto-resolved {
  conflictId: [32m'0OxisXqEJO4NXJQPxgGbj'[39m,
  strategy: [32m'auto_merge'[39m,
  winner: [32m'merged'[39m,
  mergedFields: [33m0[39m
}
Conflict auto-resolved {
  conflictId: [32m'0lstkMaahfeOM3NFqA5-s'[39m,
  strategy: [32m'auto_merge'[39m,
  winner: [32m'merged'[39m,
  mergedFields: [33m0[39m
}
Conflict auto-resolved {
  conflictId: [32m'xXiMWnOEzEE32qPYgbBfy'[39m,
  strategy: [32m'auto_merge'[39m,
  winner: [32m'merged'[39m,
  mergedFields: [33m0[39m
}
Conflict auto-resolved {
  conflictId: [32m'lrEp_fe09b5M7AtZItqwI'[39m,
  strategy: [32m'auto_merge'[39m,
  winner: [32m'merged'[39m,
  mergedFields: [33m0[39m
}
Conflict auto-resolved {
  conflictId: [32m'ujS0Nd-jDe-rohZD4al8p'[39m,
  strategy: [32m'auto_merge'[39m,
  winner: [32m'merged'[39m,
  mergedFields: [33m0[39m
}
Conflict auto-resolved {
  conflictId: [32m'bEIPnUFTi_zv12PK5uuSQ'[39m,
  strategy: [32m'auto_merge'[39m,
  winner: [32m'merged'[39m,
  mergedFields: [33m0[39m
}
Conflict auto-resolved {
  conflictId: [32m'xq5Z00m6r2FtC4xWePjGt'[39m,
  strategy: [32m'auto_merge'[39m,
  winner: [32m'merged'[39m,
  mergedFields: [33m0[39m
}
Conflict auto-resolved {
  conflictId: [32m'hlvX5tgUsRo_FTwgV43i5'[39m,
  strategy: [32m'auto_merge'[39m,
  winner: [32m'merged'[39m,
  mergedFields: [33m0[39m
}
Conflict auto-resolved {
  conflictId: [32m'Yxa5qRojYSoBKg45GeY19'[39m,
  strategy: [32m'auto_merge'[39m,
  winner: [32m'merged'[39m,
  mergedFields: [33m0[39m
}
Conflict auto-resolved {
  conflictId: [32m'suXNLBclitjO-yLJ7y40C'[39m,
  strategy: [32m'auto_merge'[39m,
  winner: [32m'merged'[39m,
  mergedFields: [33m0[39m
}
Conflict auto-resolved {
  conflictId: [32m'gPQ02ho27Eqcnx3rK60mm'[39m,
  strategy: [32m'auto_merge'[39m,
  winner: [32m'merged'[39m,
  mergedFields: [33m0[39m
}
Conflict auto-resolved {
  conflictId: [32m'QigFhMwHNwU2QcMZnF0mA'[39m,
  strategy: [32m'auto_merge'[39m,
  winner: [32m'merged'[39m,
  mergedFields: [33m0[39m
}
Conflict auto-resolved {
  conflictId: [32m'2idBrSlgpoGwu_2s_YBlU'[39m,
  strategy: [32m'auto_merge'[39m,
  winner: [32m'merged'[39m,
  mergedFields: [33m0[39m
}
Conflict auto-resolved {
  conflictId: [32m'NXbmsE0SYW84xWpVAg_JG'[39m,
  strategy: [32m'auto_merge'[39m,
  winner: [32m'merged'[39m,
  mergedFields: [33m0[39m
}
Conflict auto-resolved {
  conflictId: [32m'-BaIUyGu2_98ZD2aGnxKZ'[39m,
  strategy: [32m'auto_merge'[39m,
  winner: [32m'merged'[39m,
  mergedFields: [33m0[39m
}
Conflict auto-resolved {
  conflictId: [32m'RfP3BmPCH8BMtLEXBPNo1'[39m,
  strategy: [32m'auto_merge'[39m,
  winner: [32m'merged'[39m,
  mergedFields: [33m0[39m
}
Conflict auto-resolved {
  conflictId: [32m'CNk_kRXqcB_jqmJTG0pcu'[39m,
  strategy: [32m'auto_merge'[39m,
  winner: [32m'merged'[39m,
  mergedFields: [33m0[39m
}
Conflict auto-resolved {
  conflictId: [32m'wKXp0geu9OS6I7v1A6wTo'[39m,
  strategy: [32m'auto_merge'[39m,
  winner: [32m'merged'[39m,
  mergedFields: [33m0[39m
}
Conflict auto-resolved {
  conflictId: [32m'_Ko4o9qVDXTC0UFY4mg2L'[39m,
  strategy: [32m'auto_merge'[39m,
  winner: [32m'merged'[39m,
  mergedFields: [33m0[39m
}
Conflict auto-resolved {
  conflictId: [32m'7BCMTQsO0fzuqhi9Xd3lH'[39m,
  strategy: [32m'auto_merge'[39m,
  winner: [32m'merged'[39m,
  mergedFields: [33m0[39m
}
Conflict auto-resolved {
  conflictId: [32m'outTDuhsEOo3VWPa1cA0l'[39m,
  strategy: [32m'auto_merge'[39m,
  winner: [32m'merged'[39m,
  mergedFields: [33m0[39m
}
Conflict auto-resolved {
  conflictId: [32m'WpX1Y10TqdPmXLO1UJ4ZI'[39m,
  strategy: [32m'auto_merge'[39m,
  winner: [32m'merged'[39m,
  mergedFields: [33m0[39m
}
Conflict auto-resolved {
  conflictId: [32m'__Ny7hzLalAzTtqqeBVTR'[39m,
  strategy: [32m'auto_merge'[39m,
  winner: [32m'merged'[39m,
  mergedFields: [33m0[39m
}
Conflict auto-resolved {
  conflictId: [32m'qgDO-F50Fc-3SIkQfWgSW'[39m,
  strategy: [32m'auto_merge'[39m,
  winner: [32m'merged'[39m,
  mergedFields: [33m0[39m
}
Conflict auto-resolved {
  conflictId: [32m'YbKbQjBhute7BpPNdngva'[39m,
  strategy: [32m'auto_merge'[39m,
  winner: [32m'merged'[39m,
  mergedFields: [33m0[39m
}
Conflict auto-resolved {
  conflictId: [32m'190xOwLBms6KIs_XkuHAH'[39m,
  strategy: [32m'auto_merge'[39m,
  winner: [32m'merged'[39m,
  mergedFields: [33m0[39m
}
Conflict auto-resolved {
  conflictId: [32m'Hq9v1ZrbgbpKiZSRavVED'[39m,
  strategy: [32m'auto_merge'[39m,
  winner: [32m'merged'[39m,
  mergedFields: [33m0[39m
}
Conflict auto-resolved {
  conflictId: [32m'LXRvDPaKVSV0Xpnq6ubZg'[39m,
  strategy: [32m'auto_merge'[39m,
  winner: [32m'merged'[39m,
  mergedFields: [33m0[39m
}
Conflict auto-resolved {
  conflictId: [32m'EKOz9btj67uETfjmUFiMr'[39m,
  strategy: [32m'auto_merge'[39m,
  winner: [32m'merged'[39m,
  mergedFields: [33m0[39m
}
Conflict auto-resolved {
  conflictId: [32m'10NHowfVnDYVy7KRIuVfO'[39m,
  strategy: [32m'auto_merge'[39m,
  winner: [32m'merged'[39m,
  mergedFields: [33m0[39m
}
Conflict auto-resolved {
  conflictId: [32m'Kj0zkCGClMgR9KHm11VnZ'[39m,
  strategy: [32m'auto_merge'[39m,
  winner: [32m'merged'[39m,
  mergedFields: [33m0[39m
}
Conflict auto-resolved {
  conflictId: [32m'VOv2LHUAuHEEcpsbnt15V'[39m,
  strategy: [32m'auto_merge'[39m,
  winner: [32m'merged'[39m,
  mergedFields: [33m0[39m
}
Conflict auto-resolved {
  conflictId: [32m'l_mgZK-WDU_qe30B9h73y'[39m,
  strategy: [32m'auto_merge'[39m,
  winner: [32m'merged'[39m,
  mergedFields: [33m0[39m
}
Conflict auto-resolved {
  conflictId: [32m'ShUC_9xB_N2AmwFnSJx23'[39m,
  strategy: [32m'auto_merge'[39m,
  winner: [32m'merged'[39m,
  mergedFields: [33m0[39m
}
Conflict auto-resolved {
  conflictId: [32m'lNWOEAYOyPjBFzcy7R40q'[39m,
  strategy: [32m'auto_merge'[39m,
  winner: [32m'merged'[39m,
  mergedFields: [33m0[39m
}
Conflict auto-resolved {
  conflictId: [32m'_6FSe9SJcM7u3gzn7fEKv'[39m,
  strategy: [32m'auto_merge'[39m,
  winner: [32m'merged'[39m,
  mergedFields: [33m0[39m
}
Conflict auto-resolved {
  conflictId: [32m'tEWsdbaMtvHKlmu0JqWg0'[39m,
  strategy: [32m'auto_merge'[39m,
  winner: [32m'merged'[39m,
  mergedFields: [33m0[39m
}
Conflict auto-resolved {
  conflictId: [32m'1YG3GPRNFGQmdnr-96Pat'[39m,
  strategy: [32m'auto_merge'[39m,
  winner: [32m'merged'[39m,
  mergedFields: [33m0[39m
}
Conflict auto-resolved {
  conflictId: [32m'TdweOimeFAgUcSQvfTQIs'[39m,
  strategy: [32m'auto_merge'[39m,
  winner: [32m'merged'[39m,
  mergedFields: [33m0[39m
}
Conflict auto-resolved {
  conflictId: [32m'PZuJxTTN5Uc-O-6q93o9o'[39m,
  strategy: [32m'auto_merge'[39m,
  winner: [32m'merged'[39m,
  mergedFields: [33m0[39m
}
Conflict auto-resolved {
  conflictId: [32m'W92DwSjKQ9dfP1XDr44C5'[39m,
  strategy: [32m'auto_merge'[39m,
  winner: [32m'merged'[39m,
  mergedFields: [33m0[39m
}
Conflict auto-resolved {
  conflictId: [32m'NQu9Rg4Ah5tg1dxxVnhux'[39m,
  strategy: [32m'auto_merge'[39m,
  winner: [32m'merged'[39m,
  mergedFields: [33m0[39m
}
Conflict auto-resolved {
  conflictId: [32m'MCii1taeYFkxMze9cqiuh'[39m,
  strategy: [32m'auto_merge'[39m,
  winner: [32m'merged'[39m,
  mergedFields: [33m0[39m
}
Conflict auto-resolved {
  conflictId: [32m'QgqPKFc3MLuI6aARhdbNM'[39m,
  strategy: [32m'auto_merge'[39m,
  winner: [32m'merged'[39m,
  mergedFields: [33m0[39m
}
Conflict auto-resolved {
  conflictId: [32m'GEI5Ki8fWUylj_AZN1hgr'[39m,
  strategy: [32m'auto_merge'[39m,
  winner: [32m'merged'[39m,
  mergedFields: [33m0[39m
}
Conflict auto-resolved {
  conflictId: [32m'IUhi1MypkGixLkhPASlme'[39m,
  strategy: [32m'auto_merge'[39m,
  winner: [32m'merged'[39m,
  mergedFields: [33m0[39m
}
Conflict auto-resolved {
  conflictId: [32m'dOR2iGmxW4SpnVZhlkgCm'[39m,
  strategy: [32m'auto_merge'[39m,
  winner: [32m'merged'[39m,
  mergedFields: [33m0[39m
}
Conflict auto-resolved {
  conflictId: [32m'M-x-w4rvQxIpjpkHgc-3p'[39m,
  strategy: [32m'auto_merge'[39m,
  winner: [32m'merged'[39m,
  mergedFields: [33m0[39m
}
Conflict auto-resolved {
  conflictId: [32m'P_awtkUULPt_jq61_TFe2'[39m,
  strategy: [32m'auto_merge'[39m,
  winner: [32m'merged'[39m,
  mergedFields: [33m0[39m
}
Conflict auto-resolved {
  conflictId: [32m'NyGegZxfJsWcOMczf6HTK'[39m,
  strategy: [32m'auto_merge'[39m,
  winner: [32m'merged'[39m,
  mergedFields: [33m0[39m
}
Conflict auto-resolved {
  conflictId: [32m'7BrXKjEx6mwk9hROs9xv7'[39m,
  strategy: [32m'auto_merge'[39m,
  winner: [32m'merged'[39m,
  mergedFields: [33m0[39m
}
Conflict auto-resolved {
  conflictId: [32m'HhhIEXfSZIp9oxVOZNl3u'[39m,
  strategy: [32m'auto_merge'[39m,
  winner: [32m'merged'[39m,
  mergedFields: [33m0[39m
}
Conflict auto-resolved {
  conflictId: [32m'9If-OYdsM1cmFvrQ9z9oE'[39m,
  strategy: [32m'auto_merge'[39m,
  winner: [32m'merged'[39m,
  mergedFields: [33m0[39m
}
Conflict auto-resolved {
  conflictId: [32m'E_JMwBNgB-0tdV283N9Rn'[39m,
  strategy: [32m'auto_merge'[39m,
  winner: [32m'merged'[39m,
  mergedFields: [33m0[39m
}
Conflict auto-resolved {
  conflictId: [32m'PY_TWqhsWYu0pt9PWmFar'[39m,
  strategy: [32m'auto_merge'[39m,
  winner: [32m'merged'[39m,
  mergedFields: [33m0[39m
}
Conflict auto-resolved {
  conflictId: [32m'NtpukcGKq1iPmnpxbV68V'[39m,
  strategy: [32m'auto_merge'[39m,
  winner: [32m'merged'[39m,
  mergedFields: [33m0[39m
}
Conflict auto-resolved {
  conflictId: [32m'EddIvIXnh0-F329ycn-0B'[39m,
  strategy: [32m'auto_merge'[39m,
  winner: [32m'merged'[39m,
  mergedFields: [33m0[39m
}
Conflict auto-resolved {
  conflictId: [32m'-EJSh0_i7gWVRB70jwqmk'[39m,
  strategy: [32m'auto_merge'[39m,
  winner: [32m'merged'[39m,
  mergedFields: [33m0[39m
}
Conflict auto-resolved {
  conflictId: [32m'x9X2-UDQzsyELwyhn2HEq'[39m,
  strategy: [32m'auto_merge'[39m,
  winner: [32m'merged'[39m,
  mergedFields: [33m0[39m
}
Conflict auto-resolved {
  conflictId: [32m'uiwZX2qAVCyIEgpiACmWy'[39m,
  strategy: [32m'auto_merge'[39m,
  winner: [32m'merged'[39m,
  mergedFields: [33m0[39m
}
Conflict auto-resolved {
  conflictId: [32m'cYGK5pWEyDmsqEVHDmyi9'[39m,
  strategy: [32m'auto_merge'[39m,
  winner: [32m'merged'[39m,
  mergedFields: [33m0[39m
}
Conflict auto-resolved {
  conflictId: [32m'Y_7zMbcdgn0XBip4g3sEu'[39m,
  strategy: [32m'auto_merge'[39m,
  winner: [32m'merged'[39m,
  mergedFields: [33m0[39m
}
Conflict auto-resolved {
  conflictId: [32m'dsnFvt9BMQ6GEFP4ZA0_M'[39m,
  strategy: [32m'auto_merge'[39m,
  winner: [32m'merged'[39m,
  mergedFields: [33m0[39m
}
Conflict auto-resolved {
  conflictId: [32m'gQ6_nCP3GBzj3jZIqFjNh'[39m,
  strategy: [32m'auto_merge'[39m,
  winner: [32m'merged'[39m,
  mergedFields: [33m0[39m
}
Conflict auto-resolved {
  conflictId: [32m'gsln9zpdwFwtG_CpA2GBH'[39m,
  strategy: [32m'auto_merge'[39m,
  winner: [32m'merged'[39m,
  mergedFields: [33m0[39m
}
Conflict auto-resolved {
  conflictId: [32m'9bchdOOdwZY-qkNevSNmS'[39m,
  strategy: [32m'auto_merge'[39m,
  winner: [32m'merged'[39m,
  mergedFields: [33m0[39m
}
Conflict auto-resolved {
  conflictId: [32m'JykkZgmZ4gEyPU9h4D1dC'[39m,
  strategy: [32m'auto_merge'[39m,
  winner: [32m'merged'[39m,
  mergedFields: [33m0[39m
}
Conflict auto-resolved {
  conflictId: [32m'rW6sHj482TLcsVLS9Uv2z'[39m,
  strategy: [32m'auto_merge'[39m,
  winner: [32m'merged'[39m,
  mergedFields: [33m0[39m
}
Conflict auto-resolved {
  conflictId: [32m'bkCrRaplzw8_27Hhh0Cd6'[39m,
  strategy: [32m'auto_merge'[39m,
  winner: [32m'merged'[39m,
  mergedFields: [33m0[39m
}
Conflict auto-resolved {
  conflictId: [32m'aZpNd5zh_Wzf3RrNqGNot'[39m,
  strategy: [32m'auto_merge'[39m,
  winner: [32m'merged'[39m,
  mergedFields: [33m0[39m
}
Conflict auto-resolved {
  conflictId: [32m'Lx9IdtRHJIYVcEU1_K4Tf'[39m,
  strategy: [32m'auto_merge'[39m,
  winner: [32m'merged'[39m,
  mergedFields: [33m0[39m
}
Conflict auto-resolved {
  conflictId: [32m'ykm_Z-tPzOvmTvtnXbh1Z'[39m,
  strategy: [32m'auto_merge'[39m,
  winner: [32m'merged'[39m,
  mergedFields: [33m0[39m
}
Conflict auto-resolved {
  conflictId: [32m'whmO9fkpJ-ioy3uaMqHt-'[39m,
  strategy: [32m'auto_merge'[39m,
  winner: [32m'merged'[39m,
  mergedFields: [33m0[39m
}
Conflict auto-resolved {
  conflictId: [32m'IJyqCVqHx5uajXY1JB0pU'[39m,
  strategy: [32m'auto_merge'[39m,
  winner: [32m'merged'[39m,
  mergedFields: [33m0[39m
}
Conflict auto-resolved {
  conflictId: [32m'qNKsVGSkdR4G-K0kXxeVR'[39m,
  strategy: [32m'auto_merge'[39m,
  winner: [32m'merged'[39m,
  mergedFields: [33m0[39m
}
Conflict auto-resolved {
  conflictId: [32m'aWszG8updRMDKYY-Uwtx1'[39m,
  strategy: [32m'auto_merge'[39m,
  winner: [32m'merged'[39m,
  mergedFields: [33m0[39m
}
Conflict auto-resolved {
  conflictId: [32m'a9W1RUwzqHGWM29rMhOkA'[39m,
  strategy: [32m'auto_merge'[39m,
  winner: [32m'merged'[39m,
  mergedFields: [33m0[39m
}
Conflict auto-resolved {
  conflictId: [32m'R9fqPp0Ovm62pxgcnisBl'[39m,
  strategy: [32m'auto_merge'[39m,
  winner: [32m'merged'[39m,
  mergedFields: [33m0[39m
}
Conflict auto-resolved {
  conflictId: [32m'8Iyp3YdqKXV0g8ZHbSKRN'[39m,
  strategy: [32m'auto_merge'[39m,
  winner: [32m'merged'[39m,
  mergedFields: [33m0[39m
}
Conflict auto-resolved {
  conflictId: [32m'-_nzIoCDHVcxRU3Px4LGD'[39m,
  strategy: [32m'auto_merge'[39m,
  winner: [32m'merged'[39m,
  mergedFields: [33m0[39m
}
Conflict auto-resolved {
  conflictId: [32m'4gGBmzKh_bmUQOcJ7I3zb'[39m,
  strategy: [32m'auto_merge'[39m,
  winner: [32m'merged'[39m,
  mergedFields: [33m0[39m
}
Conflict auto-resolved {
  conflictId: [32m'c50dGjX3fJ7xC11YDKRbj'[39m,
  strategy: [32m'auto_merge'[39m,
  winner: [32m'merged'[39m,
  mergedFields: [33m0[39m
}
Conflict auto-resolved {
  conflictId: [32m'RlboyCiWGSkgoLpq197xO'[39m,
  strategy: [32m'auto_merge'[39m,
  winner: [32m'merged'[39m,
  mergedFields: [33m0[39m
}
Conflict auto-resolved {
  conflictId: [32m'1KWpYYvCFqTPAiSI6UffD'[39m,
  strategy: [32m'auto_merge'[39m,
  winner: [32m'merged'[39m,
  mergedFields: [33m0[39m
}
Conflict auto-resolved {
  conflictId: [32m'X4LE_CKiCa6dya5P_t4Yp'[39m,
  strategy: [32m'auto_merge'[39m,
  winner: [32m'merged'[39m,
  mergedFields: [33m0[39m
}
Conflict auto-resolved {
  conflictId: [32m'GLdaYYrOB333cAv8oAQgo'[39m,
  strategy: [32m'auto_merge'[39m,
  winner: [32m'merged'[39m,
  mergedFields: [33m0[39m
}
Conflict auto-resolved {
  conflictId: [32m'NSzduI83d8dyuuUld1uY9'[39m,
  strategy: [32m'auto_merge'[39m,
  winner: [32m'merged'[39m,
  mergedFields: [33m0[39m
}
Conflict auto-resolved {
  conflictId: [32m'Ed1j8chERAWZF-36oHis6'[39m,
  strategy: [32m'auto_merge'[39m,
  winner: [32m'merged'[39m,
  mergedFields: [33m0[39m
}
Conflict auto-resolved {
  conflictId: [32m'3q-zy6kW7DHcQ1m0Av-Rb'[39m,
  strategy: [32m'auto_merge'[39m,
  winner: [32m'merged'[39m,
  mergedFields: [33m0[39m
}
Conflict auto-resolved {
  conflictId: [32m'hP9io3j_H2bTv0fv7gEiF'[39m,
  strategy: [32m'auto_merge'[39m,
  winner: [32m'merged'[39m,
  mergedFields: [33m0[39m
}
Conflict auto-resolved {
  conflictId: [32m'th22vyuY2VCIh1arCseV-'[39m,
  strategy: [32m'auto_merge'[39m,
  winner: [32m'merged'[39m,
  mergedFields: [33m0[39m
}
Conflict auto-resolved {
  conflictId: [32m'OS_ge43S92nwPRF_4lC-j'[39m,
  strategy: [32m'auto_merge'[39m,
  winner: [32m'merged'[39m,
  mergedFields: [33m0[39m
}
Conflict auto-resolved {
  conflictId: [32m'dzlHnAQDuaGlAXDIKkFps'[39m,
  strategy: [32m'auto_merge'[39m,
  winner: [32m'merged'[39m,
  mergedFields: [33m0[39m
}
Conflict auto-resolved {
  conflictId: [32m'52_sqEI1XN4YY6SFga_TE'[39m,
  strategy: [32m'auto_merge'[39m,
  winner: [32m'merged'[39m,
  mergedFields: [33m0[39m
}
Conflict auto-resolved {
  conflictId: [32m'en5GLe3ZSXxxvYU4HGNjg'[39m,
  strategy: [32m'auto_merge'[39m,
  winner: [32m'merged'[39m,
  mergedFields: [33m0[39m
}
Conflict auto-resolved {
  conflictId: [32m'Ng2lZE8aJxb4kqcQT9Z3E'[39m,
  strategy: [32m'auto_merge'[39m,
  winner: [32m'merged'[39m,
  mergedFields: [33m0[39m
}
Conflict auto-resolved {
  conflictId: [32m'nr1uFBSEMldVUehhq8sWS'[39m,
  strategy: [32m'auto_merge'[39m,
  winner: [32m'merged'[39m,
  mergedFields: [33m0[39m
}
Conflict auto-resolved {
  conflictId: [32m'1cs98ldQMTdLnrYPiHVyL'[39m,
  strategy: [32m'auto_merge'[39m,
  winner: [32m'merged'[39m,
  mergedFields: [33m0[39m
}
Conflict auto-resolved {
  conflictId: [32m'KE_rjYFFlns2KPz03GPGt'[39m,
  strategy: [32m'auto_merge'[39m,
  winner: [32m'merged'[39m,
  mergedFields: [33m0[39m
}
Conflict auto-resolved {
  conflictId: [32m'dG7_7DK5zrlcIYdQpJ388'[39m,
  strategy: [32m'auto_merge'[39m,
  winner: [32m'merged'[39m,
  mergedFields: [33m0[39m
}
Conflict auto-resolved {
  conflictId: [32m'JiGBworB9D-wx9WzDMQrP'[39m,
  strategy: [32m'auto_merge'[39m,
  winner: [32m'merged'[39m,
  mergedFields: [33m0[39m
}
Conflict auto-resolved {
  conflictId: [32m'eQI1dHhZsB8_iDG8_sXNq'[39m,
  strategy: [32m'auto_merge'[39m,
  winner: [32m'merged'[39m,
  mergedFields: [33m0[39m
}
Conflict auto-resolved {
  conflictId: [32m'CyTSKjta6gLsqtCBRdDFp'[39m,
  strategy: [32m'auto_merge'[39m,
  winner: [32m'merged'[39m,
  mergedFields: [33m0[39m
}
Conflict auto-resolved {
  conflictId: [32m'M1esXC3OOfEtwPkLvZGqK'[39m,
  strategy: [32m'auto_merge'[39m,
  winner: [32m'merged'[39m,
  mergedFields: [33m0[39m
}
Conflict auto-resolved {
  conflictId: [32m'Mueg2OQslvzPovpz8uY5J'[39m,
  strategy: [32m'auto_merge'[39m,
  winner: [32m'merged'[39m,
  mergedFields: [33m0[39m
}
Conflict auto-resolved {
  conflictId: [32m'yKKl3Ihk24zlYrzoC5iJz'[39m,
  strategy: [32m'auto_merge'[39m,
  winner: [32m'merged'[39m,
  mergedFields: [33m0[39m
}
Conflict auto-resolved {
  conflictId: [32m'FpdnZf1seWkkmGMz6hMbl'[39m,
  strategy: [32m'auto_merge'[39m,
  winner: [32m'merged'[39m,
  mergedFields: [33m0[39m
}
Conflict auto-resolved {
  conflictId: [32m'YhWtZk1Wq-zXWOsHsjVwD'[39m,
  strategy: [32m'auto_merge'[39m,
  winner: [32m'merged'[39m,
  mergedFields: [33m0[39m
}
Conflict auto-resolved {
  conflictId: [32m'KV0pufx8AvL8rjrB9-2Bg'[39m,
  strategy: [32m'auto_merge'[39m,
  winner: [32m'merged'[39m,
  mergedFields: [33m0[39m
}
Conflict auto-resolved {
  conflictId: [32m'aFGldOSAACGT88FiDMpqd'[39m,
  strategy: [32m'auto_merge'[39m,
  winner: [32m'merged'[39m,
  mergedFields: [33m0[39m
}
Conflict auto-resolved {
  conflictId: [32m'7lMuGoGgBmFnUp3w9d1Ly'[39m,
  strategy: [32m'auto_merge'[39m,
  winner: [32m'merged'[39m,
  mergedFields: [33m0[39m
}
Conflict auto-resolved {
  conflictId: [32m'uI0MnAtQouAOzu73q3WEQ'[39m,
  strategy: [32m'auto_merge'[39m,
  winner: [32m'merged'[39m,
  mergedFields: [33m0[39m
}
Conflict auto-resolved {
  conflictId: [32m'zOnVXAjqarSQljwqITFLl'[39m,
  strategy: [32m'auto_merge'[39m,
  winner: [32m'merged'[39m,
  mergedFields: [33m0[39m
}
Conflict auto-resolved {
  conflictId: [32m'8gCAGHyBT_F59S9bV10P8'[39m,
  strategy: [32m'auto_merge'[39m,
  winner: [32m'merged'[39m,
  mergedFields: [33m0[39m
}
Conflict auto-resolved {
  conflictId: [32m'hijpCnUirBpIMnkq0FMkQ'[39m,
  strategy: [32m'auto_merge'[39m,
  winner: [32m'merged'[39m,
  mergedFields: [33m0[39m
}
Conflict auto-resolved {
  conflictId: [32m'MmhhzAvSuWlvqe61O2CWz'[39m,
  strategy: [32m'auto_merge'[39m,
  winner: [32m'merged'[39m,
  mergedFields: [33m0[39m
}
Conflict auto-resolved {
  conflictId: [32m's2c-ulJFcikjPC8yzwSz8'[39m,
  strategy: [32m'auto_merge'[39m,
  winner: [32m'merged'[39m,
  mergedFields: [33m0[39m
}
Conflict auto-resolved {
  conflictId: [32m'opJLOs4DawvaUVxZWQHwf'[39m,
  strategy: [32m'auto_merge'[39m,
  winner: [32m'merged'[39m,
  mergedFields: [33m0[39m
}
Conflict auto-resolved {
  conflictId: [32m'LEsB9j392yk-TmP7J5JpQ'[39m,
  strategy: [32m'auto_merge'[39m,
  winner: [32m'merged'[39m,
  mergedFields: [33m0[39m
}
Conflict auto-resolved {
  conflictId: [32m'WHrMgmGIzjhQbb3UTE3dR'[39m,
  strategy: [32m'auto_merge'[39m,
  winner: [32m'merged'[39m,
  mergedFields: [33m0[39m
}
Conflict auto-resolved {
  conflictId: [32m'HVfT6zUE0R-DiVts9vmAa'[39m,
  strategy: [32m'auto_merge'[39m,
  winner: [32m'merged'[39m,
  mergedFields: [33m0[39m
}
Conflict auto-resolved {
  conflictId: [32m'bIRFuWdDaMQwOx-TMgg9A'[39m,
  strategy: [32m'auto_merge'[39m,
  winner: [32m'merged'[39m,
  mergedFields: [33m0[39m
}
Conflict auto-resolved {
  conflictId: [32m'a-gIAyvjR1xbQN75NWzwr'[39m,
  strategy: [32m'auto_merge'[39m,
  winner: [32m'merged'[39m,
  mergedFields: [33m0[39m
}
Conflict auto-resolved {
  conflictId: [32m'5VISedWC_sDVIJQoQr0zi'[39m,
  strategy: [32m'auto_merge'[39m,
  winner: [32m'merged'[39m,
  mergedFields: [33m0[39m
}
Conflict auto-resolved {
  conflictId: [32m'3_p-u09cmQQpDBxFguEmo'[39m,
  strategy: [32m'auto_merge'[39m,
  winner: [32m'merged'[39m,
  mergedFields: [33m0[39m
}
Conflict auto-resolved {
  conflictId: [32m'JVqWn_p_qoJDC80FzGzf5'[39m,
  strategy: [32m'auto_merge'[39m,
  winner: [32m'merged'[39m,
  mergedFields: [33m0[39m
}
Conflict auto-resolved {
  conflictId: [32m'XHNn1LdfFeBfNMbJ-_2yp'[39m,
  strategy: [32m'auto_merge'[39m,
  winner: [32m'merged'[39m,
  mergedFields: [33m0[39m
}
Conflict auto-resolved {
  conflictId: [32m'0tAV0J7E7S8j8n7qjXkyi'[39m,
  strategy: [32m'auto_merge'[39m,
  winner: [32m'merged'[39m,
  mergedFields: [33m0[39m
}
Conflict auto-resolved {
  conflictId: [32m'dXfA_CCgTEUy1CTKbfIeU'[39m,
  strategy: [32m'auto_merge'[39m,
  winner: [32m'merged'[39m,
  mergedFields: [33m0[39m
}
Conflict auto-resolved {
  conflictId: [32m'uhAMryDcgvKEXl_mXYLvB'[39m,
  strategy: [32m'auto_merge'[39m,
  winner: [32m'merged'[39m,
  mergedFields: [33m0[39m
}
Conflict auto-resolved {
  conflictId: [32m'WuC6r_wP4tIwozB5jWu6R'[39m,
  strategy: [32m'auto_merge'[39m,
  winner: [32m'merged'[39m,
  mergedFields: [33m0[39m
}
Conflict auto-resolved {
  conflictId: [32m'uG687v6v2zWmPeX2f64vt'[39m,
  strategy: [32m'auto_merge'[39m,
  winner: [32m'merged'[39m,
  mergedFields: [33m0[39m
}
Conflict auto-resolved {
  conflictId: [32m'DwcMgIGbFuSECTleQ4ln2'[39m,
  strategy: [32m'auto_merge'[39m,
  winner: [32m'merged'[39m,
  mergedFields: [33m0[39m
}
Conflict auto-resolved {
  conflictId: [32m'bimXkF4vj2KmoCjEfYAgm'[39m,
  strategy: [32m'auto_merge'[39m,
  winner: [32m'merged'[39m,
  mergedFields: [33m0[39m
}
Conflict auto-resolved {
  conflictId: [32m'ghawJHWiNn6pcfZ5jaPE4'[39m,
  strategy: [32m'auto_merge'[39m,
  winner: [32m'merged'[39m,
  mergedFields: [33m0[39m
}
Conflict auto-resolved {
  conflictId: [32m'hTJVIcq67mIyvEYaTwEMY'[39m,
  strategy: [32m'auto_merge'[39m,
  winner: [32m'merged'[39m,
  mergedFields: [33m0[39m
}
Conflict auto-resolved {
  conflictId: [32m'6Eu6lklRt8iNaawtAxDrM'[39m,
  strategy: [32m'auto_merge'[39m,
  winner: [32m'merged'[39m,
  mergedFields: [33m0[39m
}
Conflict auto-resolved {
  conflictId: [32m'adwFmu6Zpg7FndNSKHnU-'[39m,
  strategy: [32m'auto_merge'[39m,
  winner: [32m'merged'[39m,
  mergedFields: [33m0[39m
}
Conflict auto-resolved {
  conflictId: [32m'yjlm1oaoHfN8fPksI3O5N'[39m,
  strategy: [32m'auto_merge'[39m,
  winner: [32m'merged'[39m,
  mergedFields: [33m0[39m
}
Conflict auto-resolved {
  conflictId: [32m'UJ6thZ3dwXGx2pXt5pVA4'[39m,
  strategy: [32m'auto_merge'[39m,
  winner: [32m'merged'[39m,
  mergedFields: [33m0[39m
}
Conflict auto-resolved {
  conflictId: [32m'Zn0xNs4ys2KOzRICYAx4h'[39m,
  strategy: [32m'auto_merge'[39m,
  winner: [32m'merged'[39m,
  mergedFields: [33m0[39m
}
Conflict auto-resolved {
  conflictId: [32m'm0IrqQPIu3y5_lrk1qfOL'[39m,
  strategy: [32m'auto_merge'[39m,
  winner: [32m'merged'[39m,
  mergedFields: [33m0[39m
}
Conflict auto-resolved {
  conflictId: [32m'pUAuyya0N5WzxMn2vKggH'[39m,
  strategy: [32m'auto_merge'[39m,
  winner: [32m'merged'[39m,
  mergedFields: [33m0[39m
}
Conflict auto-resolved {
  conflictId: [32m'_zqxQwzY1ho4PhXLhEkjl'[39m,
  strategy: [32m'auto_merge'[39m,
  winner: [32m'merged'[39m,
  mergedFields: [33m0[39m
}
Conflict auto-resolved {
  conflictId: [32m'DQj5yR6frDSMekXykIu-I'[39m,
  strategy: [32m'auto_merge'[39m,
  winner: [32m'merged'[39m,
  mergedFields: [33m0[39m
}
Conflict auto-resolved {
  conflictId: [32m'coTZAIz6hbEmK43Ej5KsQ'[39m,
  strategy: [32m'auto_merge'[39m,
  winner: [32m'merged'[39m,
  mergedFields: [33m0[39m
}
Conflict auto-resolved {
  conflictId: [32m'Nr0F0fj3elGulTotTUvS8'[39m,
  strategy: [32m'auto_merge'[39m,
  winner: [32m'merged'[39m,
  mergedFields: [33m0[39m
}
Conflict auto-resolved {
  conflictId: [32m'ywP3R_O-WVdou_dZ-Q8lo'[39m,
  strategy: [32m'auto_merge'[39m,
  winner: [32m'merged'[39m,
  mergedFields: [33m0[39m
}
Conflict auto-resolved {
  conflictId: [32m'-yJW0rK0whguu4luYFZux'[39m,
  strategy: [32m'auto_merge'[39m,
  winner: [32m'merged'[39m,
  mergedFields: [33m0[39m
}
Conflict auto-resolved {
  conflictId: [32m'MwpLJb0LOjvYoNdN0x0A-'[39m,
  strategy: [32m'auto_merge'[39m,
  winner: [32m'merged'[39m,
  mergedFields: [33m0[39m
}
Conflict auto-resolved {
  conflictId: [32m'5yLwE_Xc_wPBXn2wyd8gs'[39m,
  strategy: [32m'auto_merge'[39m,
  winner: [32m'merged'[39m,
  mergedFields: [33m0[39m
}
Conflict auto-resolved {
  conflictId: [32m'bz9phme2ed0NUDsrsMtTz'[39m,
  strategy: [32m'auto_merge'[39m,
  winner: [32m'merged'[39m,
  mergedFields: [33m0[39m
}
Conflict auto-resolved {
  conflictId: [32m'38fGa_RIOZaarhJQ5urBf'[39m,
  strategy: [32m'auto_merge'[39m,
  winner: [32m'merged'[39m,
  mergedFields: [33m0[39m
}
Conflict auto-resolved {
  conflictId: [32m'2W-hx1jQpkqunHDwV1hU8'[39m,
  strategy: [32m'auto_merge'[39m,
  winner: [32m'merged'[39m,
  mergedFields: [33m0[39m
}
Conflict auto-resolved {
  conflictId: [32m'REf4J-POrypJ8RLye_dq8'[39m,
  strategy: [32m'auto_merge'[39m,
  winner: [32m'merged'[39m,
  mergedFields: [33m0[39m
}
Conflict auto-resolved {
  conflictId: [32m'qB2bsgMJxJ_vDsG0G4GXp'[39m,
  strategy: [32m'auto_merge'[39m,
  winner: [32m'merged'[39m,
  mergedFields: [33m0[39m
}
Conflict auto-resolved {
  conflictId: [32m'cln149Ovr1s73dg00s0fT'[39m,
  strategy: [32m'auto_merge'[39m,
  winner: [32m'merged'[39m,
  mergedFields: [33m0[39m
}
Conflict auto-resolved {
  conflictId: [32m'hBfZdspFPheMNHt8msCa_'[39m,
  strategy: [32m'auto_merge'[39m,
  winner: [32m'merged'[39m,
  mergedFields: [33m0[39m
}
Conflict auto-resolved {
  conflictId: [32m'F-aFAYE3BW1t-jEmTvXEe'[39m,
  strategy: [32m'auto_merge'[39m,
  winner: [32m'merged'[39m,
  mergedFields: [33m0[39m
}
Conflict auto-resolved {
  conflictId: [32m'kaa64-msSQEAN94Gs_x6g'[39m,
  strategy: [32m'auto_merge'[39m,
  winner: [32m'merged'[39m,
  mergedFields: [33m0[39m
}
Conflict auto-resolved {
  conflictId: [32m'NarHs9uNmMGFO14lWTGOE'[39m,
  strategy: [32m'auto_merge'[39m,
  winner: [32m'merged'[39m,
  mergedFields: [33m0[39m
}
Conflict auto-resolved {
  conflictId: [32m'ACIrmUWJD5vIVqy_KpeeR'[39m,
  strategy: [32m'auto_merge'[39m,
  winner: [32m'merged'[39m,
  mergedFields: [33m0[39m
}
Conflict auto-resolved {
  conflictId: [32m'KbVCfcS4ZYnuTxu3oM3tJ'[39m,
  strategy: [32m'auto_merge'[39m,
  winner: [32m'merged'[39m,
  mergedFields: [33m0[39m
}
Conflict auto-resolved {
  conflictId: [32m'2TWIWirQpbu-l6Wy5Bu9F'[39m,
  strategy: [32m'auto_merge'[39m,
  winner: [32m'merged'[39m,
  mergedFields: [33m0[39m
}
Conflict auto-resolved {
  conflictId: [32m'asfmzmZSmI6Sb8EaMvrCc'[39m,
  strategy: [32m'auto_merge'[39m,
  winner: [32m'merged'[39m,
  mergedFields: [33m0[39m
}
Conflict auto-resolved {
  conflictId: [32m'SFwhiJk1k6sXECJ7PHsnN'[39m,
  strategy: [32m'auto_merge'[39m,
  winner: [32m'merged'[39m,
  mergedFields: [33m0[39m
}
Conflict auto-resolved {
  conflictId: [32m'Q6LL-00U-SsI8xa4sZ_As'[39m,
  strategy: [32m'auto_merge'[39m,
  winner: [32m'merged'[39m,
  mergedFields: [33m0[39m
}
Conflict auto-resolved {
  conflictId: [32m'Hn4XZZAZfZYxZY18TIMOs'[39m,
  strategy: [32m'auto_merge'[39m,
  winner: [32m'merged'[39m,
  mergedFields: [33m0[39m
}
Conflict auto-resolved {
  conflictId: [32m'JhL5d9vmyP5mmRjc7YT7O'[39m,
  strategy: [32m'auto_merge'[39m,
  winner: [32m'merged'[39m,
  mergedFields: [33m0[39m
}
Conflict auto-resolved {
  conflictId: [32m'P72z9tH-5lftTmnSNY2Bh'[39m,
  strategy: [32m'auto_merge'[39m,
  winner: [32m'merged'[39m,
  mergedFields: [33m0[39m
}
Conflict auto-resolved {
  conflictId: [32m'fS3pQi8dIZ1TkevdupPq-'[39m,
  strategy: [32m'auto_merge'[39m,
  winner: [32m'merged'[39m,
  mergedFields: [33m0[39m
}
Conflict auto-resolved {
  conflictId: [32m'u10wmELwMqJnRi5bB4sl7'[39m,
  strategy: [32m'auto_merge'[39m,
  winner: [32m'merged'[39m,
  mergedFields: [33m0[39m
}
Conflict auto-resolved {
  conflictId: [32m'TNXd8W96VRlTi3Oz_JZFl'[39m,
  strategy: [32m'auto_merge'[39m,
  winner: [32m'merged'[39m,
  mergedFields: [33m0[39m
}
Conflict auto-resolved {
  conflictId: [32m'iri74LqVuflhbjqUoDcTA'[39m,
  strategy: [32m'auto_merge'[39m,
  winner: [32m'merged'[39m,
  mergedFields: [33m0[39m
}
Conflict auto-resolved {
  conflictId: [32m'TjIr1nkT5Qe3NRKLz6czX'[39m,
  strategy: [32m'auto_merge'[39m,
  winner: [32m'merged'[39m,
  mergedFields: [33m0[39m
}
Conflict auto-resolved {
  conflictId: [32m'NLcrwQOIuMbNe_iZZBiIy'[39m,
  strategy: [32m'auto_merge'[39m,
  winner: [32m'merged'[39m,
  mergedFields: [33m0[39m
}
Conflict auto-resolved {
  conflictId: [32m'cgaGvUVAGSzGREDOonebg'[39m,
  strategy: [32m'auto_merge'[39m,
  winner: [32m'merged'[39m,
  mergedFields: [33m0[39m
}
Conflict auto-resolved {
  conflictId: [32m'FHICNJaQW4SNALe8xMUyK'[39m,
  strategy: [32m'auto_merge'[39m,
  winner: [32m'merged'[39m,
  mergedFields: [33m0[39m
}
Conflict auto-resolved {
  conflictId: [32m'zhFuzM8qIifGCM_mflfz0'[39m,
  strategy: [32m'auto_merge'[39m,
  winner: [32m'merged'[39m,
  mergedFields: [33m0[39m
}
Conflict auto-resolved {
  conflictId: [32m'XoMXZbaAyl6dNkZtVeyvR'[39m,
  strategy: [32m'auto_merge'[39m,
  winner: [32m'merged'[39m,
  mergedFields: [33m0[39m
}
Conflict auto-resolved {
  conflictId: [32m'NaOEx2l3QC6tE40Z_BwJ7'[39m,
  strategy: [32m'auto_merge'[39m,
  winner: [32m'merged'[39m,
  mergedFields: [33m0[39m
}
Conflict auto-resolved {
  conflictId: [32m'-WIxjCaDrg0DFvnAl2lvI'[39m,
  strategy: [32m'auto_merge'[39m,
  winner: [32m'merged'[39m,
  mergedFields: [33m0[39m
}
Conflict auto-resolved {
  conflictId: [32m'kJDTWFv82CcV5v0Y-l5zN'[39m,
  strategy: [32m'auto_merge'[39m,
  winner: [32m'merged'[39m,
  mergedFields: [33m0[39m
}
Conflict auto-resolved {
  conflictId: [32m'HDFZoHONByw-9s8wHWRwb'[39m,
  strategy: [32m'auto_merge'[39m,
  winner: [32m'merged'[39m,
  mergedFields: [33m0[39m
}
Conflict auto-resolved {
  conflictId: [32m'nX_c0Ve4zZKymeEt-ycyO'[39m,
  strategy: [32m'auto_merge'[39m,
  winner: [32m'merged'[39m,
  mergedFields: [33m0[39m
}
Conflict auto-resolved {
  conflictId: [32m'94clkT24N_O801OEXQ8XO'[39m,
  strategy: [32m'auto_merge'[39m,
  winner: [32m'merged'[39m,
  mergedFields: [33m0[39m
}
Conflict auto-resolved {
  conflictId: [32m'yiuKCabqUdbapxh2aDHqQ'[39m,
  strategy: [32m'auto_merge'[39m,
  winner: [32m'merged'[39m,
  mergedFields: [33m0[39m
}
Conflict auto-resolved {
  conflictId: [32m'QAWj6xKWKdSYgI6HXWsYK'[39m,
  strategy: [32m'auto_merge'[39m,
  winner: [32m'merged'[39m,
  mergedFields: [33m0[39m
}
Conflict auto-resolved {
  conflictId: [32m'hEYAzR3do6C9J7WxSnCew'[39m,
  strategy: [32m'auto_merge'[39m,
  winner: [32m'merged'[39m,
  mergedFields: [33m0[39m
}
Conflict auto-resolved {
  conflictId: [32m'1m9RSPUnYPjdBCRm9onr9'[39m,
  strategy: [32m'auto_merge'[39m,
  winner: [32m'merged'[39m,
  mergedFields: [33m0[39m
}
Conflict auto-resolved {
  conflictId: [32m'mFH6NLW2BpsH7qcn_ncfk'[39m,
  strategy: [32m'auto_merge'[39m,
  winner: [32m'merged'[39m,
  mergedFields: [33m0[39m
}
Conflict auto-resolved {
  conflictId: [32m'wLOVdaEEb6xDpQYAOOrZ2'[39m,
  strategy: [32m'auto_merge'[39m,
  winner: [32m'merged'[39m,
  mergedFields: [33m0[39m
}
Conflict auto-resolved {
  conflictId: [32m'Fx5eXat_vuE-1QUe10Gtx'[39m,
  strategy: [32m'auto_merge'[39m,
  winner: [32m'merged'[39m,
  mergedFields: [33m0[39m
}
Conflict auto-resolved {
  conflictId: [32m'9V0dQoU3bjh8n3XcJWVJa'[39m,
  strategy: [32m'auto_merge'[39m,
  winner: [32m'merged'[39m,
  mergedFields: [33m0[39m
}
Conflict auto-resolved {
  conflictId: [32m'AoOL72opjU7LaUJTckOvY'[39m,
  strategy: [32m'auto_merge'[39m,
  winner: [32m'merged'[39m,
  mergedFields: [33m0[39m
}
Conflict auto-resolved {
  conflictId: [32m'W0S_c5bbN84FUR9fGnuip'[39m,
  strategy: [32m'auto_merge'[39m,
  winner: [32m'merged'[39m,
  mergedFields: [33m0[39m
}
Conflict auto-resolved {
  conflictId: [32m'YhCSyIYbzSfocqCuq_DnY'[39m,
  strategy: [32m'auto_merge'[39m,
  winner: [32m'merged'[39m,
  mergedFields: [33m0[39m
}
Conflict auto-resolved {
  conflictId: [32m'9jN1H4fsE-zZ9wXZ6TU7Q'[39m,
  strategy: [32m'auto_merge'[39m,
  winner: [32m'merged'[39m,
  mergedFields: [33m0[39m
}
Conflict auto-resolved {
  conflictId: [32m'1_-G9Hw9ysOCuRLRtMsWB'[39m,
  strategy: [32m'auto_merge'[39m,
  winner: [32m'merged'[39m,
  mergedFields: [33m0[39m
}
Conflict auto-resolved {
  conflictId: [32m'2BikW3nsqvGM6Hqn67KfY'[39m,
  strategy: [32m'auto_merge'[39m,
  winner: [32m'merged'[39m,
  mergedFields: [33m0[39m
}
Conflict auto-resolved {
  conflictId: [32m'CfLeGNYhwcRhwJB-OWC21'[39m,
  strategy: [32m'auto_merge'[39m,
  winner: [32m'merged'[39m,
  mergedFields: [33m0[39m
}
Conflict auto-resolved {
  conflictId: [32m'8FvLG3pzmj3prnZcipPjJ'[39m,
  strategy: [32m'auto_merge'[39m,
  winner: [32m'merged'[39m,
  mergedFields: [33m0[39m
}
Conflict auto-resolved {
  conflictId: [32m'j0CAmS8wAs1-IWl1zelbR'[39m,
  strategy: [32m'auto_merge'[39m,
  winner: [32m'merged'[39m,
  mergedFields: [33m0[39m
}
Conflict auto-resolved {
  conflictId: [32m'CzeooFEOTAZDi44UKCM_x'[39m,
  strategy: [32m'auto_merge'[39m,
  winner: [32m'merged'[39m,
  mergedFields: [33m0[39m
}
Conflict auto-resolved {
  conflictId: [32m'YMkzQBeWOudrV3idLiazJ'[39m,
  strategy: [32m'auto_merge'[39m,
  winner: [32m'merged'[39m,
  mergedFields: [33m0[39m
}
Conflict auto-resolved {
  conflictId: [32m'b4MXGz38EbxWDxTEcE7FO'[39m,
  strategy: [32m'auto_merge'[39m,
  winner: [32m'merged'[39m,
  mergedFields: [33m0[39m
}
Conflict auto-resolved {
  conflictId: [32m'TeFF6mMuOtCRjfNceMMOv'[39m,
  strategy: [32m'auto_merge'[39m,
  winner: [32m'merged'[39m,
  mergedFields: [33m0[39m
}
Conflict auto-resolved {
  conflictId: [32m'h7S76zj2IlLJPGRHj6eoj'[39m,
  strategy: [32m'auto_merge'[39m,
  winner: [32m'merged'[39m,
  mergedFields: [33m0[39m
}
Conflict auto-resolved {
  conflictId: [32m'9QSjpsMLCBHOWmiIwT8tt'[39m,
  strategy: [32m'auto_merge'[39m,
  winner: [32m'merged'[39m,
  mergedFields: [33m0[39m
}
Conflict auto-resolved {
  conflictId: [32m'1UE-fFiLjZn1Gce8Z_5lA'[39m,
  strategy: [32m'auto_merge'[39m,
  winner: [32m'merged'[39m,
  mergedFields: [33m0[39m
}
Conflict auto-resolved {
  conflictId: [32m'AZYF4DB_l9GSwhWb9qCgM'[39m,
  strategy: [32m'auto_merge'[39m,
  winner: [32m'merged'[39m,
  mergedFields: [33m0[39m
}
Conflict auto-resolved {
  conflictId: [32m'z5dFNKJbauomfx8lH5J34'[39m,
  strategy: [32m'auto_merge'[39m,
  winner: [32m'merged'[39m,
  mergedFields: [33m0[39m
}
Conflict auto-resolved {
  conflictId: [32m'1dC5L7BljyUx0J2oG94BF'[39m,
  strategy: [32m'auto_merge'[39m,
  winner: [32m'merged'[39m,
  mergedFields: [33m0[39m
}
Conflict auto-resolved {
  conflictId: [32m'zn3CuIff9v3WD94tWOjMp'[39m,
  strategy: [32m'auto_merge'[39m,
  winner: [32m'merged'[39m,
  mergedFields: [33m0[39m
}
Conflict auto-resolved {
  conflictId: [32m'vAbwfdM18h1MBkFaChvFh'[39m,
  strategy: [32m'auto_merge'[39m,
  winner: [32m'merged'[39m,
  mergedFields: [33m0[39m
}
Conflict auto-resolved {
  conflictId: [32m'ojrGceLb2mHlsqjBUzgNh'[39m,
  strategy: [32m'auto_merge'[39m,
  winner: [32m'merged'[39m,
  mergedFields: [33m0[39m
}
Conflict auto-resolved {
  conflictId: [32m'x4zJu1VFTMbRtsSVPTK0P'[39m,
  strategy: [32m'auto_merge'[39m,
  winner: [32m'merged'[39m,
  mergedFields: [33m0[39m
}
Conflict auto-resolved {
  conflictId: [32m'qQP5GpxVUJNDtHB6edQlL'[39m,
  strategy: [32m'auto_merge'[39m,
  winner: [32m'merged'[39m,
  mergedFields: [33m0[39m
}
Conflict auto-resolved {
  conflictId: [32m'n7Z8Ebp6zkw8b-ebsVwFp'[39m,
  strategy: [32m'auto_merge'[39m,
  winner: [32m'merged'[39m,
  mergedFields: [33m0[39m
}
Conflict auto-resolved {
  conflictId: [32m'k_UVnK6mP5kM1AlUTWe3Y'[39m,
  strategy: [32m'auto_merge'[39m,
  winner: [32m'merged'[39m,
  mergedFields: [33m0[39m
}
Conflict auto-resolved {
  conflictId: [32m'lBFXhdqE8SZUxCYbW2Ars'[39m,
  strategy: [32m'auto_merge'[39m,
  winner: [32m'merged'[39m,
  mergedFields: [33m0[39m
}

 [31m❯[39m src/services/conflictResolution.service.test.ts [2m([22m[2m21 tests[22m[2m | [22m[31m1 failed[39m[2m)[22m[33m 451[2mms[22m[39m
     [32m✓[39m should detect concurrent modification[32m 15[2mms[22m[39m
     [32m✓[39m should not detect conflict for causally ordered versions[32m 1[2mms[22m[39m
     [32m✓[39m should detect delete-update conflict[32m 2[2mms[22m[39m
     [32m✓[39m should identify conflicting fields[32m 2[2mms[22m[39m
     [32m✓[39m should classify conflict severity[32m 2[2mms[22m[39m
     [32m✓[39m should detect batch conflicts[32m 2[2mms[22m[39m
[31m     [31m×[31m should resolve with auto_merge strategy[39m[32m 30[2mms[22m[39m
     [32m✓[39m should resolve with local_wins strategy[32m 3[2mms[22m[39m
     [32m✓[39m should resolve with remote_wins strategy[32m 2[2mms[22m[39m
     [32m✓[39m should resolve batch conflicts[32m 4[2mms[22m[39m
     [32m✓[39m should apply keep_local decision[32m 2[2mms[22m[39m
     [32m✓[39m should apply custom_merge decision[32m 11[2mms[22m[39m
     [32m✓[39m should get field conflicts for manual resolution UI[32m 2[2mms[22m[39m
     [32m✓[39m should calculate metrics correctly[32m 7[2mms[22m[39m
     [32m✓[39m should validate correct resolution[32m 2[2mms[22m[39m
     [32m✓[39m should detect invalid resolution[32m 1[2mms[22m[39m
     [32m✓[39m should handle deleted entities[32m 1[2mms[22m[39m
     [32m✓[39m should throw on different entity IDs[32m 2[2mms[22m[39m
     [32m✓[39m should handle empty conflicting fields[32m 1[2mms[22m[39m
     [32m✓[39m should detect 1000 conflicts efficiently[32m 203[2mms[22m[39m
     [32m✓[39m should resolve 1000 conflicts efficiently[32m 150[2mms[22m[39m
[90mstdout[2m | src/__tests__/integration/groupD.integration.test.ts[2m > [22m[2mGroup D Integration Tests[2m > [22m[2mD1 → Transactions → D6/D7: COA Wizard to Financial Reports[2m > [22m[2mshould create accounts from wizard, record transactions, and generate accurate reports
[22m[39mCreating accounts from wizard {
  companyId: [32m'test-company-KVdUmQ81FJ'[39m,
  templateId: [32m'general'[39m,
  accountCount: [33m9[39m
}

[90mstdout[2m | src/__tests__/integration/groupD.integration.test.ts[2m > [22m[2mGroup D Integration Tests[2m > [22m[2mD1 → Transactions → D6/D7: COA Wizard to Financial Reports[2m > [22m[2mshould handle customizations in COA wizard correctly
[22m[39mCreating accounts from wizard {
  companyId: [32m'test-company-7yaGMYYeYi'[39m,
  templateId: [32m'general'[39m,
  accountCount: [33m10[39m
}

[90mstdout[2m | src/__tests__/integration/groupD.integration.test.ts[2m > [22m[2mGroup D Integration Tests[2m > [22m[2mD2: Bank Reconciliation with Transactions[2m > [22m[2mshould reconcile bank statement with existing transactions
[22m[39mAuto-matching complete {
  totalStatementTxns: [33m3[39m,
  totalSystemTxns: [33m3[39m,
  matchesFound: [33m3[39m,
  matchRate: [32m'100%'[39m
}

[90mstdout[2m | src/__tests__/integration/groupD.integration.test.ts[2m > [22m[2mGroup D Integration Tests[2m > [22m[2mD2: Bank Reconciliation with Transactions[2m > [22m[2mshould handle unmatched transactions in reconciliation
[22m[39mAuto-matching complete {
  totalStatementTxns: [33m3[39m,
  totalSystemTxns: [33m1[39m,
  matchesFound: [33m1[39m,
  matchRate: [32m'33%'[39m
}

[90mstdout[2m | src/__tests__/integration/groupD.integration.test.ts[2m > [22m[2mGroup D Integration Tests[2m > [22m[2mEnd-to-End Group D Feature Flow[2m > [22m[2mshould complete full workflow: Setup → Record → Reconcile → Report
[22m[39mCreating accounts from wizard {
  companyId: [32m'test-company-r5AC7tEEgJ'[39m,
  templateId: [32m'general'[39m,
  accountCount: [33m9[39m
}

[90mstdout[2m | src/__tests__/integration/groupD.integration.test.ts[2m > [22m[2mGroup D Integration Tests[2m > [22m[2mEnd-to-End Group D Feature Flow[2m > [22m[2mshould complete full workflow: Setup → Record → Reconcile → Report
[22m[39mAuto-matching complete {
  totalStatementTxns: [33m2[39m,
  totalSystemTxns: [33m2[39m,
  matchesFound: [33m2[39m,
  matchRate: [32m'100%'[39m
}

 [31m❯[39m src/__tests__/integration/groupD.integration.test.ts [2m([22m[2m11 tests[22m[2m | [22m[31m5 failed[39m[2m)[22m[33m 895[2mms[22m[39m
[31m       [31m×[31m should create accounts from wizard, record transactions, and generate accurate reports[39m[33m 303[2mms[22m[39m
       [32m✓[39m should handle customizations in COA wizard correctly[32m 94[2mms[22m[39m
       [32m✓[39m should reconcile bank statement with existing transactions[32m 90[2mms[22m[39m
[31m       [31m×[31m should handle unmatched transactions in reconciliation[39m[32m 61[2mms[22m[39m
       [32m✓[39m should create vendors and link them to expense transactions[32m 44[2mms[22m[39m
[31m       [31m×[31m should generate DISC-adapted email content from checklist data[39m[32m 38[2mms[22m[39m
       [32m✓[39m should track tutorial progress through feature usage[32m 46[2mms[22m[39m
       [32m✓[39m should persist accounts, transactions, and retrieve them correctly[32m 50[2mms[22m[39m
       [32m✓[39m should handle database statistics correctly[32m 66[2mms[22m[39m
[31m       [31m×[31m should create audit logs for account and transaction operations[39m[32m 35[2mms[22m[39m
[31m       [31m×[31m should complete full workflow: Setup → Record → Reconcile → Report[39m[32m 59[2mms[22m[39m
[90mstdout[2m | src/services/auditLogExtended.perf.test.ts[2m > [22m[2mExtended Audit Log Performance Tests
[22m[39m  Seeded 71000/100000 entries...

 [31m❯[39m src/services/exchangeRate.service.integration.test.ts [2m([22m[2m16 tests[22m[2m | [22m[31m6 failed[39m[2m)[22m[33m 363[2mms[22m[39m
       [32m✓[39m should fetch and store automatic rates for multiple currencies[32m 145[2mms[22m[39m
       [32m✓[39m should skip rate update when provider is manual[32m 10[2mms[22m[39m
[31m       [31m×[31m should only update rates that need updating[39m[32m 10[2mms[22m[39m
[31m       [31m×[31m should detect when rates need updating based on age[39m[32m 16[2mms[22m[39m
       [32m✓[39m should handle partial failures gracefully[32m 16[2mms[22m[39m
[31m       [31m×[31m should retrieve latest rate for currency pair[39m[32m 47[2mms[22m[39m
[31m       [31m×[31m should retrieve historical rate for specific date[39m[32m 15[2mms[22m[39m
[31m       [31m×[31m should retrieve rate history for date range[39m[32m 33[2mms[22m[39m
       [32m✓[39m should calculate inverse rate correctly[32m 9[2mms[22m[39m
       [32m✓[39m should calculate cross rate correctly[32m 6[2mms[22m[39m
[31m       [31m×[31m should store inverse rates automatically[39m[32m 10[2mms[22m[39m
       [32m✓[39m should reject negative exchange rates[32m 19[2mms[22m[39m
       [32m✓[39m should reject zero exchange rates[32m 6[2mms[22m[39m
       [32m✓[39m should reject same currency conversion[32m 6[2mms[22m[39m
       [32m✓[39m should warn on unusually high rates[32m 5[2mms[22m[39m
       [32m✓[39m should warn on unusually low rates[32m 4[2mms[22m[39m
[90mstdout[2m | src/services/duplicateDetection.service.test.ts[2m > [22m[2mDuplicateDetectionService[2m > [22m[2mcheckForDuplicates - Invoices[2m > [22m[2mshould detect exact duplicate invoice
[22m[39m[DuplicateDetectionService] Duplicate check completed { companyId: [32m'company-123'[39m, entityType: [32m'INVOICE'[39m, candidatesFound: [33m0[39m }

[90mstdout[2m | src/services/duplicateDetection.service.test.ts[2m > [22m[2mDuplicateDetectionService[2m > [22m[2mcheckForDuplicates - Invoices[2m > [22m[2mshould detect similar invoice with typo
[22m[39m[DuplicateDetectionService] Duplicate check completed { companyId: [32m'company-123'[39m, entityType: [32m'INVOICE'[39m, candidatesFound: [33m1[39m }

[90mstdout[2m | src/services/duplicateDetection.service.test.ts[2m > [22m[2mDuplicateDetectionService[2m > [22m[2mcheckForDuplicates - Invoices[2m > [22m[2mshould detect duplicate with amount within tolerance
[22m[39m[DuplicateDetectionService] Duplicate check completed { companyId: [32m'company-123'[39m, entityType: [32m'INVOICE'[39m, candidatesFound: [33m1[39m }

[90mstdout[2m | src/services/duplicateDetection.service.test.ts[2m > [22m[2mDuplicateDetectionService[2m > [22m[2mcheckForDuplicates - Invoices[2m > [22m[2mshould respect similarity threshold
[22m[39m[DuplicateDetectionService] Duplicate check completed { companyId: [32m'company-123'[39m, entityType: [32m'INVOICE'[39m, candidatesFound: [33m0[39m }

[90mstdout[2m | src/services/duplicateDetection.service.test.ts[2m > [22m[2mDuplicateDetectionService[2m > [22m[2mcheckForDuplicates - Invoices[2m > [22m[2mshould limit results
[22m[39m[DuplicateDetectionService] Duplicate check completed { companyId: [32m'company-123'[39m, entityType: [32m'INVOICE'[39m, candidatesFound: [33m3[39m }

[90mstdout[2m | src/services/duplicateDetection.service.test.ts[2m > [22m[2mDuplicateDetectionService[2m > [22m[2mquickCheck[2m > [22m[2mshould return single best candidate
[22m[39m[DuplicateDetectionService] Duplicate check completed { companyId: [32m'company-123'[39m, entityType: [32m'INVOICE'[39m, candidatesFound: [33m1[39m }

[90mstdout[2m | src/services/duplicateDetection.service.test.ts[2m > [22m[2mDuplicateDetectionService[2m > [22m[2mquickCheck[2m > [22m[2mshould return null if no match
[22m[39m[DuplicateDetectionService] Duplicate check completed { companyId: [32m'company-123'[39m, entityType: [32m'INVOICE'[39m, candidatesFound: [33m0[39m }

[90mstdout[2m | src/services/duplicateDetection.service.test.ts[2m > [22m[2mDuplicateDetectionService[2m > [22m[2mconfidence level calculation[2m > [22m[2mshould assign high confidence for very similar + recent
[22m[39m[DuplicateDetectionService] Duplicate check completed { companyId: [32m'company-123'[39m, entityType: [32m'INVOICE'[39m, candidatesFound: [33m1[39m }

 [31m❯[39m src/services/duplicateDetection.service.test.ts [2m([22m[2m13 tests[22m[2m | [22m[31m1 failed[39m[2m)[22m[33m 489[2mms[22m[39m
[31m       [31m×[31m should detect exact duplicate invoice[39m[32m 201[2mms[22m[39m
       [32m✓[39m should detect similar invoice with typo[32m 38[2mms[22m[39m
       [32m✓[39m should not detect duplicate with different amount[32m 11[2mms[22m[39m
       [32m✓[39m should detect duplicate with amount within tolerance[32m 24[2mms[22m[39m
       [32m✓[39m should not detect duplicate outside time window[32m 10[2mms[22m[39m
       [32m✓[39m should respect similarity threshold[32m 13[2mms[22m[39m
       [32m✓[39m should limit results[32m 72[2mms[22m[39m
       [32m✓[39m should return single best candidate[32m 29[2mms[22m[39m
       [32m✓[39m should return null if no match[32m 18[2mms[22m[39m
       [32m✓[39m should assign high confidence for very similar + recent[32m 44[2mms[22m[39m
       [32m✓[39m should format message with vendor/customer[32m 8[2mms[22m[39m
       [32m✓[39m should format message without vendor/customer[32m 6[2mms[22m[39m
       [32m✓[39m should return appropriate message for each confidence level[32m 6[2mms[22m[39m
 [31m❯[39m src/__tests__/integration/groupE.integration.test.ts [2m([22m[2m6 tests[22m[2m | [22m[31m6 failed[39m[2m)[22m[32m 299[2mms[22m[39m
[31m       [31m×[31m should log audit entries when learning from reconciliation matches[39m[32m 113[2mms[22m[39m
[31m       [31m×[31m should track reconciliation streaks and log milestones[39m[32m 38[2mms[22m[39m
[31m       [31m×[31m should create recurring transactions and auto-categorize them[39m[32m 44[2mms[22m[39m
[31m       [31m×[31m should create invoice templates, generate recurring invoices, and log all actions[39m[32m 28[2mms[22m[39m
[31m       [31m×[31m should create bills, categorize them, and audit all changes[39m[32m 39[2mms[22m[39m
[31m       [31m×[31m should handle a complete accounting workflow using all Group E features[39m[32m 30[2mms[22m[39m
 [31m❯[39m src/services/reports/arAgingReport.service.test.ts [2m([22m[2m16 tests[22m[2m | [22m[31m12 failed[39m[2m)[22m[32m 158[2mms[22m[39m
[31m       [31m×[31m should generate a complete A/R aging report[39m[32m 19[2mms[22m[39m
[31m       [31m×[31m should correctly categorize invoices into aging buckets[39m[32m 3[2mms[22m[39m
[31m       [31m×[31m should calculate total outstanding correctly[39m[32m 2[2mms[22m[39m
[31m       [31m×[31m should calculate total overdue correctly[39m[32m 2[2mms[22m[39m
[31m       [31m×[31m should group invoices by customer correctly[39m[32m 2[2mms[22m[39m
[31m       [31m×[31m should sort customers by name in ascending order by default[39m[32m 2[2mms[22m[39m
[31m       [31m×[31m should sort customers by amount in descending order[39m[32m 2[2mms[22m[39m
[31m       [31m×[31m should generate follow-up recommendations for overdue invoices[39m[32m 2[2mms[22m[39m
[31m       [31m×[31m should generate health message for healthy A/R[39m[32m 2[2mms[22m[39m
[31m       [31m×[31m should exclude voided invoices by default[39m[32m 3[2mms[22m[39m
[31m       [31m×[31m should filter by specific customer when customerId is provided[39m[32m 6[2mms[22m[39m
[31m       [31m×[31m should set urgency levels correctly based on days overdue and amount[39m[32m 2[2mms[22m[39m
       [32m✓[39m should export report to CSV format[32m 95[2mms[22m[39m
       [32m✓[39m should include all aging buckets in CSV[32m 3[2mms[22m[39m
       [32m✓[39m should return all invoices for a customer from all buckets[32m 5[2mms[22m[39m
       [32m✓[39m should return invoices from specific bucket when bucket is specified[32m 2[2mms[22m[39m
[90mstdout[2m | src/services/auditLogExtended.perf.test.ts[2m > [22m[2mExtended Audit Log Performance Tests
[22m[39m  Seeded 81000/100000 entries...

[90mstdout[2m | src/services/multiUser/keyRotation.enhanced.service.test.ts[2m > [22m[2mKeyRotationService[2m > [22m[2minitiateRotation[2m > [22m[2mshould create a rotation job
[22m[39m[KeyRotation] Initiating key rotation { companyId: [32m'company-123'[39m, reason: [32m'user_revocation'[39m }
[KeyRotation] Deriving new keys { jobId: [32m'oCCvLIIKXBhxj9w5ikYlS'[39m }

[90mstderr[2m | src/services/multiUser/keyRotation.enhanced.service.test.ts[2m > [22m[2mKeyRotationService[2m > [22m[2minitiateRotation[2m > [22m[2mshould create a rotation job
[22m[39m[KeyRotation] Key rotation failed, initiating rollback {
  jobId: [32m'oCCvLIIKXBhxj9w5ikYlS'[39m,
  error: TypeError: Cannot read properties of undefined (reading 'success')
      at KeyRotationService.performRotation (C:/Users/Admin/graceful_books/src/services/multiUser/keyRotation.enhanced.service.ts:208:26)
  [90m    at processTicksAndRejections (node:internal/process/task_queues:103:5)[39m
}
[KeyRotation] Rolling back key rotation { jobId: [32m'oCCvLIIKXBhxj9w5ikYlS'[39m }

[90mstdout[2m | src/services/multiUser/keyRotation.enhanced.service.test.ts[2m > [22m[2mKeyRotationService[2m > [22m[2minitiateRotation[2m > [22m[2mshould create a rotation job
[22m[39m[KeyRotation] Rollback completed { jobId: [32m'oCCvLIIKXBhxj9w5ikYlS'[39m }

[90mstdout[2m | src/services/multiUser/keyRotation.enhanced.service.test.ts[2m > [22m[2mKeyRotationService[2m > [22m[2minitiateRotation[2m > [22m[2mshould prevent concurrent rotations for the same company
[22m[39m[KeyRotation] Initiating key rotation { companyId: [32m'company-123'[39m, reason: [32m'user_revocation'[39m }
[KeyRotation] Deriving new keys { jobId: [32m'ubXdq7li8gC3rzsUvdM8k'[39m }

[90mstderr[2m | src/services/multiUser/keyRotation.enhanced.service.test.ts[2m > [22m[2mKeyRotationService[2m > [22m[2minitiateRotation[2m > [22m[2mshould prevent concurrent rotations for the same company
[22m[39m[KeyRotation] Key rotation failed, initiating rollback {
  jobId: [32m'ubXdq7li8gC3rzsUvdM8k'[39m,
  error: TypeError: Cannot read properties of undefined (reading 'success')
      at KeyRotationService.performRotation (C:/Users/Admin/graceful_books/src/services/multiUser/keyRotation.enhanced.service.ts:208:26)
  [90m    at processTicksAndRejections (node:internal/process/task_queues:103:5)[39m
}
[KeyRotation] Rolling back key rotation { jobId: [32m'ubXdq7li8gC3rzsUvdM8k'[39m }

[90mstdout[2m | src/services/multiUser/keyRotation.enhanced.service.test.ts[2m > [22m[2mKeyRotationService[2m > [22m[2minitiateRotation[2m > [22m[2mshould prevent concurrent rotations for the same company
[22m[39m[KeyRotation] Rollback completed { jobId: [32m'ubXdq7li8gC3rzsUvdM8k'[39m }
[KeyRotation] Initiating key rotation { companyId: [32m'company-123'[39m, reason: [32m'user_revocation'[39m }
[KeyRotation] Deriving new keys { jobId: [32m'wMmfSSFo3URQ_wkYEsDqK'[39m }

[90mstderr[2m | src/services/multiUser/keyRotation.enhanced.service.test.ts[2m > [22m[2mKeyRotationService[2m > [22m[2minitiateRotation[2m > [22m[2mshould prevent concurrent rotations for the same company
[22m[39m[KeyRotation] Key rotation failed, initiating rollback {
  jobId: [32m'wMmfSSFo3URQ_wkYEsDqK'[39m,
  error: TypeError: Cannot read properties of undefined (reading 'success')
      at KeyRotationService.performRotation (C:/Users/Admin/graceful_books/src/services/multiUser/keyRotation.enhanced.service.ts:208:26)
  [90m    at processTicksAndRejections (node:internal/process/task_queues:103:5)[39m
}
[KeyRotation] Rolling back key rotation { jobId: [32m'wMmfSSFo3URQ_wkYEsDqK'[39m }

[90mstdout[2m | src/services/multiUser/keyRotation.enhanced.service.test.ts[2m > [22m[2mKeyRotationService[2m > [22m[2minitiateRotation[2m > [22m[2mshould prevent concurrent rotations for the same company
[22m[39m[KeyRotation] Rollback completed { jobId: [32m'wMmfSSFo3URQ_wkYEsDqK'[39m }

[90mstdout[2m | src/services/multiUser/keyRotation.enhanced.service.test.ts[2m > [22m[2mKeyRotationService[2m > [22m[2minitiateRotation[2m > [22m[2mshould include revoked user ID if provided
[22m[39m[KeyRotation] Initiating key rotation { companyId: [32m'company-123'[39m, reason: [32m'user_revocation'[39m }
[KeyRotation] Deriving new keys { jobId: [32m'F8FtIO3yI78DgpfO9tezQ'[39m }

[90mstderr[2m | src/services/multiUser/keyRotation.enhanced.service.test.ts[2m > [22m[2mKeyRotationService[2m > [22m[2minitiateRotation[2m > [22m[2mshould include revoked user ID if provided
[22m[39m[KeyRotation] Key rotation failed, initiating rollback {
  jobId: [32m'F8FtIO3yI78DgpfO9tezQ'[39m,
  error: TypeError: Cannot read properties of undefined (reading 'success')
      at KeyRotationService.performRotation (C:/Users/Admin/graceful_books/src/services/multiUser/keyRotation.enhanced.service.ts:208:26)
  [90m    at processTicksAndRejections (node:internal/process/task_queues:103:5)[39m
}
[KeyRotation] Rolling back key rotation { jobId: [32m'F8FtIO3yI78DgpfO9tezQ'[39m }

[90mstdout[2m | src/services/multiUser/keyRotation.enhanced.service.test.ts[2m > [22m[2mKeyRotationService[2m > [22m[2minitiateRotation[2m > [22m[2mshould include revoked user ID if provided
[22m[39m[KeyRotation] Rollback completed { jobId: [32m'F8FtIO3yI78DgpfO9tezQ'[39m }

[90mstdout[2m | src/services/multiUser/keyRotation.enhanced.service.test.ts[2m > [22m[2mKeyRotationService[2m > [22m[2mgetJobStatus[2m > [22m[2mshould return job status
[22m[39m[KeyRotation] Initiating key rotation { companyId: [32m'company-123'[39m, reason: [32m'user_revocation'[39m }
[KeyRotation] Deriving new keys { jobId: [32m'up6pPYqV1ZfH4SCK42FHP'[39m }

[90mstderr[2m | src/services/multiUser/keyRotation.enhanced.service.test.ts[2m > [22m[2mKeyRotationService[2m > [22m[2mgetJobStatus[2m > [22m[2mshould return job status
[22m[39m[KeyRotation] Key rotation failed, initiating rollback {
  jobId: [32m'up6pPYqV1ZfH4SCK42FHP'[39m,
  error: TypeError: Cannot read properties of undefined (reading 'success')
      at KeyRotationService.performRotation (C:/Users/Admin/graceful_books/src/services/multiUser/keyRotation.enhanced.service.ts:208:26)
  [90m    at processTicksAndRejections (node:internal/process/task_queues:103:5)[39m
}
[KeyRotation] Rolling back key rotation { jobId: [32m'up6pPYqV1ZfH4SCK42FHP'[39m }

[90mstdout[2m | src/services/multiUser/keyRotation.enhanced.service.test.ts[2m > [22m[2mKeyRotationService[2m > [22m[2mgetJobStatus[2m > [22m[2mshould return job status
[22m[39m[KeyRotation] Rollback completed { jobId: [32m'up6pPYqV1ZfH4SCK42FHP'[39m }

[90mstdout[2m | src/services/multiUser/keyRotation.enhanced.service.test.ts[2m > [22m[2mKeyRotationService[2m > [22m[2mgetCompanyJobs[2m > [22m[2mshould return all jobs for a company
[22m[39m[KeyRotation] Initiating key rotation { companyId: [32m'company-123'[39m, reason: [32m'user_revocation'[39m }
[KeyRotation] Deriving new keys { jobId: [32m'BSUGOIDGdhtswPFjObgtz'[39m }

[90mstderr[2m | src/services/multiUser/keyRotation.enhanced.service.test.ts[2m > [22m[2mKeyRotationService[2m > [22m[2mgetCompanyJobs[2m > [22m[2mshould return all jobs for a company
[22m[39m[KeyRotation] Key rotation failed, initiating rollback {
  jobId: [32m'BSUGOIDGdhtswPFjObgtz'[39m,
  error: TypeError: Cannot read properties of undefined (reading 'success')
      at KeyRotationService.performRotation (C:/Users/Admin/graceful_books/src/services/multiUser/keyRotation.enhanced.service.ts:208:26)
  [90m    at processTicksAndRejections (node:internal/process/task_queues:103:5)[39m
}
[KeyRotation] Rolling back key rotation { jobId: [32m'BSUGOIDGdhtswPFjObgtz'[39m }

[90mstdout[2m | src/services/multiUser/keyRotation.enhanced.service.test.ts[2m > [22m[2mKeyRotationService[2m > [22m[2mgetCompanyJobs[2m > [22m[2mshould return all jobs for a company
[22m[39m[KeyRotation] Rollback completed { jobId: [32m'BSUGOIDGdhtswPFjObgtz'[39m }
[KeyRotation] Initiating key rotation { companyId: [32m'company-456'[39m, reason: [32m'user_revocation'[39m }
[KeyRotation] Deriving new keys { jobId: [32m'W6pAojj-VMQKM3ZGlbM7h'[39m }

[90mstdout[2m | src/services/multiUser/keyRotation.enhanced.service.test.ts[2m > [22m[2mKeyRotationService[2m > [22m[2mgetCompanyJobs[2m > [22m[2mshould return all jobs for a company
[22m[39m[KeyRotation] Rollback completed { jobId: [32m'W6pAojj-VMQKM3ZGlbM7h'[39m }

[90mstderr[2m | src/services/multiUser/keyRotation.enhanced.service.test.ts[2m > [22m[2mKeyRotationService[2m > [22m[2mgetCompanyJobs[2m > [22m[2mshould return all jobs for a company
[22m[39m[KeyRotation] Key rotation failed, initiating rollback {
  jobId: [32m'W6pAojj-VMQKM3ZGlbM7h'[39m,
  error: TypeError: Cannot read properties of undefined (reading 'success')
      at KeyRotationService.performRotation (C:/Users/Admin/graceful_books/src/services/multiUser/keyRotation.enhanced.service.ts:208:26)
  [90m    at processTicksAndRejections (node:internal/process/task_queues:103:5)[39m
}
[KeyRotation] Rolling back key rotation { jobId: [32m'W6pAojj-VMQKM3ZGlbM7h'[39m }

[90mstdout[2m | src/services/multiUser/keyRotation.enhanced.service.test.ts[2m > [22m[2mKeyRotationService[2m > [22m[2mrevokeAccess[2m > [22m[2mshould revoke access within 3 seconds
[22m[39m[KeyRotation] Revoking user access {
  companyId: [32m'company-123'[39m,
  userId: [32m'user-456'[39m,
  revokedBy: [32m'admin-789'[39m
}

[90mstdout[2m | src/services/multiUser/keyRotation.enhanced.service.test.ts[2m > [22m[2mKeyRotationService[2m > [22m[2mrevokeAccess[2m > [22m[2mshould revoke access within 3 seconds
[22m[39m[KeyRotation] Invalidated user sessions { userId: [32m'user-456'[39m, count: [33m2[39m }

[90mstdout[2m | src/services/multiUser/keyRotation.enhanced.service.test.ts[2m > [22m[2mKeyRotationService[2m > [22m[2mrevokeAccess[2m > [22m[2mshould revoke access within 3 seconds
[22m[39m[KeyRotation] Access revoked {
  userId: [32m'user-456'[39m,
  sessionsInvalidated: [33m2[39m,
  durationMs: [33m4[39m,
  withinTarget: [33mtrue[39m
}

[90mstdout[2m | src/services/multiUser/keyRotation.enhanced.service.test.ts[2m > [22m[2mKeyRotationService[2m > [22m[2mrevokeAccess[2m > [22m[2mshould invalidate all user sessions
[22m[39m[KeyRotation] Revoking user access {
  companyId: [32m'company-123'[39m,
  userId: [32m'user-456'[39m,
  revokedBy: [32m'admin-789'[39m
}

[90mstdout[2m | src/services/multiUser/keyRotation.enhanced.service.test.ts[2m > [22m[2mKeyRotationService[2m > [22m[2mrevokeAccess[2m > [22m[2mshould invalidate all user sessions
[22m[39m[KeyRotation] Invalidated user sessions { userId: [32m'user-456'[39m, count: [33m2[39m }

[90mstdout[2m | src/services/multiUser/keyRotation.enhanced.service.test.ts[2m > [22m[2mKeyRotationService[2m > [22m[2mrevokeAccess[2m > [22m[2mshould invalidate all user sessions
[22m[39m[KeyRotation] Access revoked {
  userId: [32m'user-456'[39m,
  sessionsInvalidated: [33m2[39m,
  durationMs: [33m1[39m,
  withinTarget: [33mtrue[39m
}

[90mstdout[2m | src/services/multiUser/keyRotation.enhanced.service.test.ts[2m > [22m[2mKeyRotationService[2m > [22m[2mrevokeAccess[2m > [22m[2mshould mark user as inactive
[22m[39m[KeyRotation] Revoking user access {
  companyId: [32m'company-123'[39m,
  userId: [32m'user-456'[39m,
  revokedBy: [32m'admin-789'[39m
}

[90mstdout[2m | src/services/multiUser/keyRotation.enhanced.service.test.ts[2m > [22m[2mKeyRotationService[2m > [22m[2mrevokeAccess[2m > [22m[2mshould mark user as inactive
[22m[39m[KeyRotation] Invalidated user sessions { userId: [32m'user-456'[39m, count: [33m2[39m }

[90mstdout[2m | src/services/multiUser/keyRotation.enhanced.service.test.ts[2m > [22m[2mKeyRotationService[2m > [22m[2mrevokeAccess[2m > [22m[2mshould mark user as inactive
[22m[39m[KeyRotation] Access revoked {
  userId: [32m'user-456'[39m,
  sessionsInvalidated: [33m2[39m,
  durationMs: [33m1[39m,
  withinTarget: [33mtrue[39m
}

[90mstdout[2m | src/services/multiUser/keyRotation.enhanced.service.test.ts[2m > [22m[2mKeyRotationService[2m > [22m[2mrevokeAccess[2m > [22m[2mshould handle user not found
[22m[39m[KeyRotation] Revoking user access {
  companyId: [32m'company-123'[39m,
  userId: [32m'non-existent-user'[39m,
  revokedBy: [32m'admin-789'[39m
}

[90mstdout[2m | src/services/multiUser/keyRotation.enhanced.service.test.ts[2m > [22m[2mKeyRotationService[2m > [22m[2mrestoreAccess[2m > [22m[2mshould restore user access
[22m[39m[KeyRotation] Restoring user access {
  companyId: [32m'company-123'[39m,
  userId: [32m'user-456'[39m,
  restoredBy: [32m'admin-789'[39m
}

[90mstdout[2m | src/services/multiUser/keyRotation.enhanced.service.test.ts[2m > [22m[2mKeyRotationService[2m > [22m[2mrestoreAccess[2m > [22m[2mshould restore user access
[22m[39m[KeyRotation] Access restored { userId: [32m'user-456'[39m }

[90mstdout[2m | src/services/multiUser/keyRotation.enhanced.service.test.ts[2m > [22m[2mKeyRotationService[2m > [22m[2mrestoreAccess[2m > [22m[2mshould handle user not found
[22m[39m[KeyRotation] Restoring user access {
  companyId: [32m'company-123'[39m,
  userId: [32m'non-existent-user'[39m,
  restoredBy: [32m'admin-789'[39m
}

[90mstdout[2m | src/services/multiUser/keyRotation.enhanced.service.test.ts[2m > [22m[2mKeyRotationService[2m > [22m[2mcleanupOldJobs[2m > [22m[2mshould remove completed jobs older than retention period
[22m[39m[KeyRotation] Cleaned up old rotation jobs { cutoffTime: [33m1768196601017[39m }

[90mstdout[2m | src/services/multiUser/keyRotation.enhanced.service.test.ts[2m > [22m[2mKeyRotationService[2m > [22m[2mcleanupOldJobs[2m > [22m[2mshould keep recent completed jobs
[22m[39m[KeyRotation] Cleaned up old rotation jobs { cutoffTime: [33m1768196601018[39m }

[90mstdout[2m | src/services/multiUser/keyRotation.enhanced.service.test.ts[2m > [22m[2mKeyRotationService[2m > [22m[2mcleanupOldJobs[2m > [22m[2mshould not remove in-progress jobs
[22m[39m[KeyRotation] Cleaned up old rotation jobs { cutoffTime: [33m1768196601020[39m }

[90mstdout[2m | src/services/multiUser/keyRotation.enhanced.service.test.ts[2m > [22m[2mKeyRotationService[2m > [22m[2mPerformance Requirements[2m > [22m[2mshould complete revocation in under 3 seconds
[22m[39m[KeyRotation] Revoking user access {
  companyId: [32m'company-123'[39m,
  userId: [32m'user-456'[39m,
  revokedBy: [32m'admin-789'[39m
}

[90mstdout[2m | src/services/multiUser/keyRotation.enhanced.service.test.ts[2m > [22m[2mKeyRotationService[2m > [22m[2mPerformance Requirements[2m > [22m[2mshould complete revocation in under 3 seconds
[22m[39m[KeyRotation] Invalidated user sessions { userId: [32m'user-456'[39m, count: [33m0[39m }

[90mstdout[2m | src/services/multiUser/keyRotation.enhanced.service.test.ts[2m > [22m[2mKeyRotationService[2m > [22m[2mPerformance Requirements[2m > [22m[2mshould complete revocation in under 3 seconds
[22m[39m[KeyRotation] Access revoked {
  userId: [32m'user-456'[39m,
  sessionsInvalidated: [33m0[39m,
  durationMs: [33m2[39m,
  withinTarget: [33mtrue[39m
}

[90mstdout[2m | src/services/multiUser/keyRotation.enhanced.service.test.ts[2m > [22m[2mKeyRotationService[2m > [22m[2mError Handling[2m > [22m[2mshould handle database errors gracefully during revocation
[22m[39m[KeyRotation] Revoking user access {
  companyId: [32m'company-123'[39m,
  userId: [32m'user-456'[39m,
  revokedBy: [32m'admin-789'[39m
}

[90mstdout[2m | src/services/multiUser/keyRotation.enhanced.service.test.ts[2m > [22m[2mKeyRotationService[2m > [22m[2mError Handling[2m > [22m[2mshould handle errors during rotation initiation
[22m[39m[KeyRotation] Initiating key rotation { companyId: [32m'company-123'[39m, reason: [32m'user_revocation'[39m }
[KeyRotation] Deriving new keys { jobId: [32m'6d1Mx0SqEE5GtDIIktL4C'[39m }

[90mstderr[2m | src/services/multiUser/keyRotation.enhanced.service.test.ts[2m > [22m[2mKeyRotationService[2m > [22m[2mError Handling[2m > [22m[2mshould handle errors during rotation initiation
[22m[39m[KeyRotation] Key rotation failed, initiating rollback {
  jobId: [32m'6d1Mx0SqEE5GtDIIktL4C'[39m,
  error: TypeError: Cannot read properties of undefined (reading 'success')
      at KeyRotationService.performRotation (C:/Users/Admin/graceful_books/src/services/multiUser/keyRotation.enhanced.service.ts:208:26)
  [90m    at processTicksAndRejections (node:internal/process/task_queues:103:5)[39m
}
[KeyRotation] Rolling back key rotation { jobId: [32m'6d1Mx0SqEE5GtDIIktL4C'[39m }

[90mstdout[2m | src/services/multiUser/keyRotation.enhanced.service.test.ts[2m > [22m[2mKeyRotationService[2m > [22m[2mError Handling[2m > [22m[2mshould handle errors during rotation initiation
[22m[39m[KeyRotation] Rollback completed { jobId: [32m'6d1Mx0SqEE5GtDIIktL4C'[39m }

 [31m❯[39m src/services/multiUser/keyRotation.enhanced.service.test.ts [2m([22m[2m19 tests[22m[2m | [22m[31m2 failed[39m[2m)[22m[32m 135[2mms[22m[39m
[31m       [31m×[31m should create a rotation job[39m[32m 38[2mms[22m[39m
[31m       [31m×[31m should prevent concurrent rotations for the same company[39m[32m 12[2mms[22m[39m
       [32m✓[39m should include revoked user ID if provided[32m 4[2mms[22m[39m
       [32m✓[39m should return job status[32m 19[2mms[22m[39m
       [32m✓[39m should return undefined for non-existent job[32m 1[2mms[22m[39m
       [32m✓[39m should return all jobs for a company[32m 8[2mms[22m[39m
       [32m✓[39m should return empty array for company with no jobs[32m 1[2mms[22m[39m
       [32m✓[39m should revoke access within 3 seconds[32m 7[2mms[22m[39m
       [32m✓[39m should invalidate all user sessions[32m 3[2mms[22m[39m
       [32m✓[39m should mark user as inactive[32m 6[2mms[22m[39m
       [32m✓[39m should handle user not found[32m 3[2mms[22m[39m
       [32m✓[39m should restore user access[32m 4[2mms[22m[39m
       [32m✓[39m should handle user not found[32m 10[2mms[22m[39m
       [32m✓[39m should remove completed jobs older than retention period[32m 1[2mms[22m[39m
       [32m✓[39m should keep recent completed jobs[32m 1[2mms[22m[39m
       [32m✓[39m should not remove in-progress jobs[32m 1[2mms[22m[39m
       [32m✓[39m should complete revocation in under 3 seconds[32m 3[2mms[22m[39m
       [32m✓[39m should handle database errors gracefully during revocation[32m 2[2mms[22m[39m
       [32m✓[39m should handle errors during rotation initiation[32m 3[2mms[22m[39m
 [31m❯[39m src/services/exchangeRate.service.test.ts [2m([22m[2m33 tests[22m[2m | [22m[31m1 failed[39m[2m)[22m[32m 76[2mms[22m[39m
       [32m✓[39m should create a new exchange rate[32m 11[2mms[22m[39m
       [32m✓[39m should create inverse rate automatically[32m 3[2mms[22m[39m
       [32m✓[39m should throw error for invalid rate[32m 5[2mms[22m[39m
       [32m✓[39m should throw error for same currency conversion[32m 1[2mms[22m[39m
       [32m✓[39m should accept notes[32m 2[2mms[22m[39m
       [32m✓[39m should retrieve rate by ID[32m 1[2mms[22m[39m
       [32m✓[39m should return null for non-existent rate[32m 1[2mms[22m[39m
       [32m✓[39m should return null for deleted rate[32m 1[2mms[22m[39m
       [32m✓[39m should return most recent rate on or before date[32m 1[2mms[22m[39m
       [32m✓[39m should return null if no rate exists before date[32m 1[2mms[22m[39m
       [32m✓[39m should return system rate for same currency[32m 1[2mms[22m[39m
       [32m✓[39m should return the most recent rate[32m 1[2mms[22m[39m
       [32m✓[39m should return all rates for currency pair[32m 2[2mms[22m[39m
       [32m✓[39m should filter by date range[32m 1[2mms[22m[39m
[31m       [31m×[31m should update rate value[39m[32m 20[2mms[22m[39m
       [32m✓[39m should throw error for non-existent rate[32m 1[2mms[22m[39m
       [32m✓[39m should soft delete exchange rate[32m 1[2mms[22m[39m
       [32m✓[39m should validate correct exchange rate[32m 3[2mms[22m[39m
       [32m✓[39m should catch missing required fields[32m 1[2mms[22m[39m
       [32m✓[39m should warn about unusual rates[32m 1[2mms[22m[39m
       [32m✓[39m should calculate correct inverse[32m 1[2mms[22m[39m
       [32m✓[39m should handle Decimal input[32m 1[2mms[22m[39m
       [32m✓[39m should throw error for zero rate[32m 1[2mms[22m[39m
       [32m✓[39m should calculate cross rate correctly[32m 1[2mms[22m[39m
       [32m✓[39m should handle Decimal inputs[32m 1[2mms[22m[39m
       [32m✓[39m should format rate with default precision[32m 1[2mms[22m[39m
       [32m✓[39m should format rate with custom precision[32m 0[2mms[22m[39m
       [32m✓[39m should handle Decimal input[32m 0[2mms[22m[39m
       [32m✓[39m should calculate average of multiple rates[32m 1[2mms[22m[39m
       [32m✓[39m should throw error for empty array[32m 1[2mms[22m[39m
       [32m✓[39m should calculate weighted average correctly[32m 1[2mms[22m[39m
       [32m✓[39m should throw error for mismatched array lengths[32m 1[2mms[22m[39m
       [32m✓[39m should throw error for zero total weight[32m 1[2mms[22m[39m
[90mstdout[2m | src/services/auditLogExtended.perf.test.ts[2m > [22m[2mExtended Audit Log Performance Tests
[22m[39m  Seeded 91000/100000 entries...

 [31m❯[39m src/services/crdt/entityMergeStrategies.test.ts [2m([22m[2m21 tests[22m[2m | [22m[31m6 failed[39m[2m)[22m[32m 78[2mms[22m[39m
     [32m✓[39m should exist in registry[32m 4[2mms[22m[39m
[31m     [31m×[31m should use LWW for name field[39m[32m 22[2mms[22m[39m
     [32m✓[39m should use OR resolver for active status[32m 1[2mms[22m[39m
     [32m✓[39m should preserve hierarchy integrity[32m 1[2mms[22m[39m
     [32m✓[39m should keep POSTED status sticky[32m 1[2mms[22m[39m
[31m     [31m×[31m should merge attachments using union[39m[32m 6[2mms[22m[39m
     [32m✓[39m should prefer RECONCILED over POSTED[32m 1[2mms[22m[39m
     [32m✓[39m should use LWW for description[32m 1[2mms[22m[39m
     [32m✓[39m should apply LWW strategy correctly[32m 1[2mms[22m[39m
     [32m✓[39m should apply max strategy for numbers[32m 1[2mms[22m[39m
     [32m✓[39m should apply max strategy for string decimals[32m 1[2mms[22m[39m
     [32m✓[39m should apply union strategy for arrays[32m 2[2mms[22m[39m
     [32m✓[39m should apply custom strategy with resolver[32m 1[2mms[22m[39m
     [32m✓[39m should fallback to LWW for unknown entity types[32m 1[2mms[22m[39m
     [32m✓[39m should preserve entity ID[32m 0[2mms[22m[39m
     [32m✓[39m should not modify version_vector during merge[32m 0[2mms[22m[39m
[31m     [31m×[31m should handle null values correctly[39m[32m 4[2mms[22m[39m
[31m     [31m×[31m should handle undefined values[39m[32m 3[2mms[22m[39m
[31m     [31m×[31m should handle empty arrays[39m[32m 2[2mms[22m[39m
[31m     [31m×[31m should handle equal timestamps[39m[32m 2[2mms[22m[39m
     [32m✓[39m should merge 1000 entities efficiently[32m 16[2mms[22m[39m
 [31m❯[39m src/services/journalEntries.integration.test.ts [2m([22m[2m9 tests[22m[2m | [22m[31m2 failed[39m[2m)[22m[32m 46[2mms[22m[39m
       [32m✓[39m should complete full approval workflow from creation to approval[32m 10[2mms[22m[39m
       [32m✓[39m should handle rejection workflow[32m 3[2mms[22m[39m
       [32m✓[39m should create and link reversing entries correctly[32m 3[2mms[22m[39m
       [32m✓[39m should void entry with automatic reversing entry creation[32m 2[2mms[22m[39m
[31m       [31m×[31m should create entry from depreciation template[39m[32m 10[2mms[22m[39m
[31m       [31m×[31m should create auto-reversing accrual entry from template[39m[32m 2[2mms[22m[39m
       [32m✓[39m should filter entries by multiple criteria[32m 5[2mms[22m[39m
       [32m✓[39m should search entries by description and reference[32m 3[2mms[22m[39m
       [32m✓[39m should calculate accurate statistics[32m 2[2mms[22m[39m
[90mstdout[2m | src/services/auditLogExtended.perf.test.ts[2m > [22m[2mExtended Audit Log Performance Tests
[22m[39mSeeding completed in 267.87s

[90mstdout[2m | src/services/auditLogExtended.perf.test.ts[2m > [22m[2mExtended Audit Log Performance Tests
[22m[39mLarge dataset setup complete

[90mstdout[2m | src/services/auditLogExtended.perf.test.ts[2m > [22m[2mExtended Audit Log Performance Tests[2m > [22m[2mSearch Performance with 100,000+ Entries[2m > [22m[2mshould search all logs in <200ms
[22m[39m[AuditLogExtended] Starting audit log search { companyId: [32m'test-company'[39m, limit: [33m100[39m }

[90mstdout[2m | src/services/auditLogExtended.perf.test.ts[2m > [22m[2mExtended Audit Log Performance Tests[2m > [22m[2mSearch Performance with 100,000+ Entries[2m > [22m[2mshould search all logs in <200ms
[22m[39m[AuditLogExtended] Audit log search completed { total: [33m100000[39m, returned: [33m100[39m, executionTimeMs: [33m8852.700399999972[39m }

[90mstdout[2m | src/services/auditLogExtended.perf.test.ts[2m > [22m[2mExtended Audit Log Performance Tests[2m > [22m[2mSearch Performance with 100,000+ Entries[2m > [22m[2mshould search all logs in <200ms
[22m[39mSearch completed in 8853.97ms
Found 100000 logs, returned 100

[90mstdout[2m | src/services/auditLogExtended.perf.test.ts[2m > [22m[2mExtended Audit Log Performance Tests[2m > [22m[2mSearch Performance with 100,000+ Entries[2m > [22m[2mshould perform date range search in <200ms
[22m[39m[AuditLogExtended] Starting audit log search {
  companyId: [32m'test-company'[39m,
  dateFrom: [35m2025-12-20T05:44:16.221Z[39m,
  dateTo: [35m2026-01-19T05:44:16.221Z[39m,
  limit: [33m100[39m
}

[90mstdout[2m | src/services/auditLogExtended.perf.test.ts[2m > [22m[2mExtended Audit Log Performance Tests[2m > [22m[2mSearch Performance with 100,000+ Entries[2m > [22m[2mshould perform date range search in <200ms
[22m[39m[AuditLogExtended] Audit log search completed { total: [33m8359[39m, returned: [33m100[39m, executionTimeMs: [33m1049.2812999999733[39m }

[90mstdout[2m | src/services/auditLogExtended.perf.test.ts[2m > [22m[2mExtended Audit Log Performance Tests[2m > [22m[2mSearch Performance with 100,000+ Entries[2m > [22m[2mshould perform date range search in <200ms
[22m[39mDate range search completed in 1050.01ms
Found 8359 logs in date range

[90mstdout[2m | src/services/auditLogExtended.perf.test.ts[2m > [22m[2mExtended Audit Log Performance Tests[2m > [22m[2mSearch Performance with 100,000+ Entries[2m > [22m[2mshould perform full-text search in <200ms
[22m[39m[AuditLogExtended] Starting audit log search { companyId: [32m'test-company'[39m, searchQuery: [32m'transaction'[39m, limit: [33m100[39m }

[90mstdout[2m | src/services/auditLogExtended.perf.test.ts[2m > [22m[2mExtended Audit Log Performance Tests[2m > [22m[2mSearch Performance with 100,000+ Entries[2m > [22m[2mshould perform full-text search in <200ms
[22m[39m[AuditLogExtended] Audit log search completed { total: [33m14300[39m, returned: [33m100[39m, executionTimeMs: [33m8021.908399999957[39m }

[90mstdout[2m | src/services/auditLogExtended.perf.test.ts[2m > [22m[2mExtended Audit Log Performance Tests[2m > [22m[2mSearch Performance with 100,000+ Entries[2m > [22m[2mshould perform full-text search in <200ms
[22m[39mFull-text search completed in 8026.31ms
Found 14300 matching logs

[90mstdout[2m | src/services/auditLogExtended.perf.test.ts[2m > [22m[2mExtended Audit Log Performance Tests[2m > [22m[2mSearch Performance with 100,000+ Entries[2m > [22m[2mshould perform complex filtered search in <200ms
[22m[39m[AuditLogExtended] Starting audit log search {
  companyId: [32m'test-company'[39m,
  searchQuery: [32m'user'[39m,
  dateFrom: [35m2025-12-20T05:44:25.304Z[39m,
  dateTo: [35m2026-01-19T05:44:25.304Z[39m,
  userIds: [ [32m'user-1'[39m, [32m'user-2'[39m ],
  entityTypes: [ [32m'TRANSACTION'[39m, [32m'ACCOUNT'[39m ],
  actions: [ [32m'CREATE'[39m, [32m'UPDATE'[39m ],
  limit: [33m100[39m
}

[90mstdout[2m | src/services/auditLogExtended.perf.test.ts[2m > [22m[2mExtended Audit Log Performance Tests[2m > [22m[2mSearch Performance with 100,000+ Entries[2m > [22m[2mshould perform complex filtered search in <200ms
[22m[39m[AuditLogExtended] Audit log search completed { total: [33m0[39m, returned: [33m0[39m, executionTimeMs: [33m1111.2447999999858[39m }

[90mstdout[2m | src/services/auditLogExtended.perf.test.ts[2m > [22m[2mExtended Audit Log Performance Tests[2m > [22m[2mSearch Performance with 100,000+ Entries[2m > [22m[2mshould perform complex filtered search in <200ms
[22m[39mComplex search completed in 1112.00ms
Found 0 matching logs

[90mstdout[2m | src/services/auditLogExtended.perf.test.ts[2m > [22m[2mExtended Audit Log Performance Tests[2m > [22m[2mSearch Performance with 100,000+ Entries[2m > [22m[2mshould handle pagination efficiently
[22m[39m[AuditLogExtended] Starting audit log search { companyId: [32m'test-company'[39m, limit: [33m100[39m, offset: [33m0[39m }

[90mstdout[2m | src/services/auditLogExtended.perf.test.ts[2m > [22m[2mExtended Audit Log Performance Tests[2m > [22m[2mSearch Performance with 100,000+ Entries[2m > [22m[2mshould handle pagination efficiently
[22m[39m[AuditLogExtended] Audit log search completed { total: [33m100000[39m, returned: [33m100[39m, executionTimeMs: [33m7318.273300000001[39m }

[90mstdout[2m | src/services/auditLogExtended.perf.test.ts[2m > [22m[2mExtended Audit Log Performance Tests[2m > [22m[2mTimeline Generation Performance[2m > [22m[2mshould generate daily timeline in <200ms
[22m[39m[AuditLogExtended] Generating audit log timeline {
  companyId: [32m'test-company'[39m,
  dateFrom: [35m2025-12-20T05:44:33.746Z[39m,
  dateTo: [35m2026-01-19T05:44:33.746Z[39m,
  groupBy: [32m'day'[39m
}
[AuditLogExtended] Starting audit log search {
  companyId: [32m'test-company'[39m,
  dateFrom: [35m2025-12-20T05:44:33.746Z[39m,
  dateTo: [35m2026-01-19T05:44:33.746Z[39m,
  limit: [90mundefined[39m,
  sortBy: [32m'timestamp'[39m,
  sortOrder: [32m'desc'[39m
}

[90mstdout[2m | src/services/auditLogExtended.perf.test.ts[2m > [22m[2mExtended Audit Log Performance Tests[2m > [22m[2mTimeline Generation Performance[2m > [22m[2mshould generate daily timeline in <200ms
[22m[39m[AuditLogExtended] Audit log search completed { total: [33m8359[39m, returned: [33m8359[39m, executionTimeMs: [33m1065.6792999999598[39m }

[90mstdout[2m | src/services/auditLogExtended.perf.test.ts[2m > [22m[2mExtended Audit Log Performance Tests[2m > [22m[2mTimeline Generation Performance[2m > [22m[2mshould generate daily timeline in <200ms
[22m[39m[AuditLogExtended] Timeline generation completed {
  entryCount: [33m31[39m,
  totalLogs: [33m8359[39m,
  executionTimeMs: [33m1101.2220000000088[39m
}

[90mstdout[2m | src/services/auditLogExtended.perf.test.ts[2m > [22m[2mExtended Audit Log Performance Tests[2m > [22m[2mTimeline Generation Performance[2m > [22m[2mshould generate daily timeline in <200ms
[22m[39mTimeline generation completed in 1102.47ms
Generated 31 timeline entries

[90mstdout[2m | src/services/auditLogExtended.perf.test.ts[2m > [22m[2mExtended Audit Log Performance Tests[2m > [22m[2mTimeline Generation Performance[2m > [22m[2mshould generate hourly timeline in <200ms
[22m[39m[AuditLogExtended] Generating audit log timeline {
  companyId: [32m'test-company'[39m,
  dateFrom: [35m2026-01-16T05:44:34.851Z[39m,
  dateTo: [35m2026-01-19T05:44:34.851Z[39m,
  groupBy: [32m'hour'[39m
}
[AuditLogExtended] Starting audit log search {
  companyId: [32m'test-company'[39m,
  dateFrom: [35m2026-01-16T05:44:34.851Z[39m,
  dateTo: [35m2026-01-19T05:44:34.851Z[39m,
  limit: [90mundefined[39m,
  sortBy: [32m'timestamp'[39m,
  sortOrder: [32m'desc'[39m
}

[90mstdout[2m | src/services/auditLogExtended.perf.test.ts[2m > [22m[2mExtended Audit Log Performance Tests[2m > [22m[2mTimeline Generation Performance[2m > [22m[2mshould generate hourly timeline in <200ms
[22m[39m[AuditLogExtended] Audit log search completed { total: [33m817[39m, returned: [33m817[39m, executionTimeMs: [33m92.78350000001956[39m }

[90mstdout[2m | src/services/auditLogExtended.perf.test.ts[2m > [22m[2mExtended Audit Log Performance Tests[2m > [22m[2mTimeline Generation Performance[2m > [22m[2mshould generate hourly timeline in <200ms
[22m[39m[AuditLogExtended] Timeline generation completed { entryCount: [33m73[39m, totalLogs: [33m817[39m, executionTimeMs: [33m98.45380000001751[39m }

[90mstdout[2m | src/services/auditLogExtended.perf.test.ts[2m > [22m[2mExtended Audit Log Performance Tests[2m > [22m[2mTimeline Generation Performance[2m > [22m[2mshould generate hourly timeline in <200ms
[22m[39mHourly timeline generation completed in 98.97ms

[90mstdout[2m | src/services/auditLogExtended.perf.test.ts[2m > [22m[2mExtended Audit Log Performance Tests[2m > [22m[2mTimeline Generation Performance[2m > [22m[2mshould generate weekly timeline in <200ms
[22m[39m[AuditLogExtended] Generating audit log timeline {
  companyId: [32m'test-company'[39m,
  dateFrom: [35m2025-07-19T04:44:34.952Z[39m,
  dateTo: [35m2026-01-19T05:44:34.952Z[39m,
  groupBy: [32m'week'[39m
}
[AuditLogExtended] Starting audit log search {
  companyId: [32m'test-company'[39m,
  dateFrom: [35m2025-07-19T04:44:34.952Z[39m,
  dateTo: [35m2026-01-19T05:44:34.952Z[39m,
  limit: [90mundefined[39m,
  sortBy: [32m'timestamp'[39m,
  sortOrder: [32m'desc'[39m
}

[90mstdout[2m | src/services/auditLogExtended.perf.test.ts[2m > [22m[2mExtended Audit Log Performance Tests[2m > [22m[2mTimeline Generation Performance[2m > [22m[2mshould generate weekly timeline in <200ms
[22m[39m[AuditLogExtended] Audit log search completed { total: [33m50464[39m, returned: [33m50464[39m, executionTimeMs: [33m6702.675400000007[39m }

[90mstdout[2m | src/services/auditLogExtended.perf.test.ts[2m > [22m[2mExtended Audit Log Performance Tests[2m > [22m[2mTimeline Generation Performance[2m > [22m[2mshould generate weekly timeline in <200ms
[22m[39m[AuditLogExtended] Timeline generation completed {
  entryCount: [33m28[39m,
  totalLogs: [33m50464[39m,
  executionTimeMs: [33m7007.222799999989[39m
}

[90mstdout[2m | src/services/auditLogExtended.perf.test.ts[2m > [22m[2mExtended Audit Log Performance Tests[2m > [22m[2mTimeline Generation Performance[2m > [22m[2mshould generate weekly timeline in <200ms
[22m[39mWeekly timeline generation completed in 7007.69ms

[90mstdout[2m | src/services/auditLogExtended.perf.test.ts[2m > [22m[2mExtended Audit Log Performance Tests[2m > [22m[2mTimeline Generation Performance[2m > [22m[2mshould generate monthly timeline in <200ms
[22m[39m[AuditLogExtended] Generating audit log timeline {
  companyId: [32m'test-company'[39m,
  dateFrom: [35m2025-01-19T05:44:41.963Z[39m,
  dateTo: [35m2026-01-19T05:44:41.963Z[39m,
  groupBy: [32m'month'[39m
}
[AuditLogExtended] Starting audit log search {
  companyId: [32m'test-company'[39m,
  dateFrom: [35m2025-01-19T05:44:41.963Z[39m,
  dateTo: [35m2026-01-19T05:44:41.963Z[39m,
  limit: [90mundefined[39m,
  sortBy: [32m'timestamp'[39m,
  sortOrder: [32m'desc'[39m
}

[90mstdout[2m | src/services/auditLogExtended.perf.test.ts[2m > [22m[2mExtended Audit Log Performance Tests[2m > [22m[2mTimeline Generation Performance[2m > [22m[2mshould generate monthly timeline in <200ms
[22m[39m[AuditLogExtended] Audit log search completed { total: [33m99999[39m, returned: [33m99999[39m, executionTimeMs: [33m13938.359100000001[39m }

[90mstdout[2m | src/services/auditLogExtended.perf.test.ts[2m > [22m[2mExtended Audit Log Performance Tests[2m > [22m[2mTimeline Generation Performance[2m > [22m[2mshould generate monthly timeline in <200ms
[22m[39m[AuditLogExtended] Timeline generation completed {
  entryCount: [33m13[39m,
  totalLogs: [33m99999[39m,
  executionTimeMs: [33m14329.063200000033[39m
}

[90mstdout[2m | src/services/auditLogExtended.perf.test.ts[2m > [22m[2mExtended Audit Log Performance Tests[2m > [22m[2mTimeline Generation Performance[2m > [22m[2mshould generate monthly timeline in <200ms
[22m[39mMonthly timeline generation completed in 14329.83ms

[90mstdout[2m | src/services/auditLogExtended.perf.test.ts[2m > [22m[2mExtended Audit Log Performance Tests[2m > [22m[2mExport Performance[2m > [22m[2mshould export 1,000 logs to CSV in reasonable time
[22m[39m[AuditLogExtended] Starting CSV export { companyId: [32m'test-company'[39m, limit: [33m1000[39m }
[AuditLogExtended] Starting audit log search { companyId: [32m'test-company'[39m, limit: [90mundefined[39m, offset: [90mundefined[39m }

[90mstdout[2m | src/services/auditLogExtended.perf.test.ts[2m > [22m[2mExtended Audit Log Performance Tests[2m > [22m[2mExport Performance[2m > [22m[2mshould export 1,000 logs to CSV in reasonable time
[22m[39m[AuditLogExtended] Audit log search completed { total: [33m100000[39m, returned: [33m100000[39m, executionTimeMs: [33m8086.415299999993[39m }

[90mstdout[2m | src/services/auditLogExtended.perf.test.ts[2m > [22m[2mExtended Audit Log Performance Tests[2m > [22m[2mExport Performance[2m > [22m[2mshould export 1,000 logs to CSV in reasonable time
[22m[39m[AuditLogExtended] CSV export completed { recordCount: [33m100000[39m, executionTimeMs: [33m9501.989300000016[39m }

[90mstdout[2m | src/services/auditLogExtended.perf.test.ts[2m > [22m[2mExtended Audit Log Performance Tests[2m > [22m[2mExport Performance[2m > [22m[2mshould export 1,000 logs to CSV in reasonable time
[22m[39mCSV export (1,000 logs) completed in 9503.79ms

[90mstdout[2m | src/services/auditLogExtended.perf.test.ts[2m > [22m[2mExtended Audit Log Performance Tests[2m > [22m[2mExport Performance[2m > [22m[2mshould export 10,000 logs to CSV in reasonable time
[22m[39m[AuditLogExtended] Starting CSV export { companyId: [32m'test-company'[39m, limit: [33m10000[39m }
[AuditLogExtended] Starting audit log search { companyId: [32m'test-company'[39m, limit: [90mundefined[39m, offset: [90mundefined[39m }

 [31m❯[39m e2e/billOcr.spec.ts [2m([22m[2m0 test[22m[2m)[22m
 [31m❯[39m e2e/cashFlowReport.spec.ts [2m([22m[2m0 test[22m[2m)[22m
[90mstdout[2m | src/services/auditLogExtended.perf.test.ts[2m > [22m[2mExtended Audit Log Performance Tests[2m > [22m[2mExport Performance[2m > [22m[2mshould export 10,000 logs to CSV in reasonable time
[22m[39m[AuditLogExtended] Audit log search completed { total: [33m100000[39m, returned: [33m100000[39m, executionTimeMs: [33m8592.378000000026[39m }

[90mstdout[2m | src/services/auditLogExtended.perf.test.ts[2m > [22m[2mExtended Audit Log Performance Tests[2m > [22m[2mExport Performance[2m > [22m[2mshould export 10,000 logs to CSV in reasonable time
[22m[39m[AuditLogExtended] CSV export completed { recordCount: [33m100000[39m, executionTimeMs: [33m9914.858399999968[39m }

[90mstdout[2m | src/services/auditLogExtended.perf.test.ts[2m > [22m[2mExtended Audit Log Performance Tests[2m > [22m[2mExport Performance[2m > [22m[2mshould export 10,000 logs to CSV in reasonable time
[22m[39mCSV export (10,000 logs) completed in 9915.36ms

[90mstdout[2m | src/services/auditLogExtended.perf.test.ts[2m > [22m[2mExtended Audit Log Performance Tests[2m > [22m[2mExport Performance[2m > [22m[2mshould export 1,000 logs to PDF data in reasonable time
[22m[39m[AuditLogExtended] Starting PDF export { companyId: [32m'test-company'[39m, limit: [33m1000[39m }
[AuditLogExtended] Starting audit log search { companyId: [32m'test-company'[39m, limit: [90mundefined[39m, offset: [90mundefined[39m }

[90mstdout[2m | src/services/auditLogExtended.perf.test.ts[2m > [22m[2mExtended Audit Log Performance Tests[2m > [22m[2mExport Performance[2m > [22m[2mshould export 1,000 logs to PDF data in reasonable time
[22m[39m[AuditLogExtended] Audit log search completed { total: [33m100000[39m, returned: [33m100000[39m, executionTimeMs: [33m7627.279500000004[39m }

[90mstdout[2m | src/services/auditLogExtended.perf.test.ts[2m > [22m[2mExtended Audit Log Performance Tests[2m > [22m[2mExport Performance[2m > [22m[2mshould export 1,000 logs to PDF data in reasonable time
[22m[39m[AuditLogExtended] PDF export data prepared { recordCount: [33m100000[39m, executionTimeMs: [33m8734.11089999997[39m }

[90mstdout[2m | src/services/auditLogExtended.perf.test.ts[2m > [22m[2mExtended Audit Log Performance Tests[2m > [22m[2mExport Performance[2m > [22m[2mshould export 1,000 logs to PDF data in reasonable time
[22m[39mPDF export (1,000 logs) completed in 9009.62ms

[90mstdout[2m | src/services/auditLogExtended.perf.test.ts[2m > [22m[2mExtended Audit Log Performance Tests[2m > [22m[2mExport Performance[2m > [22m[2mshould handle filtered export efficiently
[22m[39m[AuditLogExtended] Starting CSV export {
  companyId: [32m'test-company'[39m,
  dateFrom: [35m2025-12-20T05:45:24.752Z[39m,
  dateTo: [35m2026-01-19T05:45:24.752Z[39m,
  userIds: [ [32m'user-1'[39m ],
  entityTypes: [ [32m'TRANSACTION'[39m ]
}
[AuditLogExtended] Starting audit log search {
  companyId: [32m'test-company'[39m,
  dateFrom: [35m2025-12-20T05:45:24.752Z[39m,
  dateTo: [35m2026-01-19T05:45:24.752Z[39m,
  userIds: [ [32m'user-1'[39m ],
  entityTypes: [ [32m'TRANSACTION'[39m ],
  limit: [90mundefined[39m,
  offset: [90mundefined[39m
}

[90mstdout[2m | src/services/auditLogExtended.perf.test.ts[2m > [22m[2mExtended Audit Log Performance Tests[2m > [22m[2mExport Performance[2m > [22m[2mshould handle filtered export efficiently
[22m[39m[AuditLogExtended] Audit log search completed { total: [33m0[39m, returned: [33m0[39m, executionTimeMs: [33m1191.9886000000406[39m }

[90mstdout[2m | src/services/auditLogExtended.perf.test.ts[2m > [22m[2mExtended Audit Log Performance Tests[2m > [22m[2mExport Performance[2m > [22m[2mshould handle filtered export efficiently
[22m[39m[AuditLogExtended] CSV export completed { recordCount: [33m0[39m, executionTimeMs: [33m1194.0716999999713[39m }

[90mstdout[2m | src/services/auditLogExtended.perf.test.ts[2m > [22m[2mExtended Audit Log Performance Tests[2m > [22m[2mExport Performance[2m > [22m[2mshould handle filtered export efficiently
[22m[39mFiltered CSV export completed in 1194.82ms
Exported 0 filtered logs

[90mstdout[2m | src/services/auditLogExtended.perf.test.ts[2m > [22m[2mExtended Audit Log Performance Tests[2m > [22m[2mStatistics Performance[2m > [22m[2mshould generate statistics in <200ms
[22m[39m[AuditLogExtended] Generating audit log statistics { companyId: [32m'test-company'[39m, dateFrom: [90mundefined[39m, dateTo: [90mundefined[39m }
[AuditLogExtended] Starting audit log search {
  companyId: [32m'test-company'[39m,
  dateFrom: [90mundefined[39m,
  dateTo: [90mundefined[39m,
  limit: [90mundefined[39m
}

[90mstdout[2m | src/services/auditLogExtended.perf.test.ts[2m > [22m[2mExtended Audit Log Performance Tests[2m > [22m[2mStatistics Performance[2m > [22m[2mshould generate statistics in <200ms
[22m[39m[AuditLogExtended] Audit log search completed { total: [33m100000[39m, returned: [33m100000[39m, executionTimeMs: [33m7862.251600000018[39m }

[90mstdout[2m | src/services/auditLogExtended.perf.test.ts[2m > [22m[2mExtended Audit Log Performance Tests[2m > [22m[2mStatistics Performance[2m > [22m[2mshould generate statistics in <200ms
[22m[39m[AuditLogExtended] Statistics generation completed { totalLogs: [33m100000[39m, executionTimeMs: [33m8288.683699999994[39m }

[90mstdout[2m | src/services/auditLogExtended.perf.test.ts[2m > [22m[2mExtended Audit Log Performance Tests[2m > [22m[2mStatistics Performance[2m > [22m[2mshould generate statistics in <200ms
[22m[39mStatistics generation completed in 8289.79ms
Total logs: 100000
Unique actions: 8
Unique entity types: 1
Unique users: 1

[90mstdout[2m | src/services/auditLogExtended.perf.test.ts[2m > [22m[2mExtended Audit Log Performance Tests[2m > [22m[2mStatistics Performance[2m > [22m[2mshould generate date-filtered statistics in <200ms
[22m[39m[AuditLogExtended] Generating audit log statistics {
  companyId: [32m'test-company'[39m,
  dateFrom: [35m2025-12-20T05:45:34.244Z[39m,
  dateTo: [35m2026-01-19T05:45:34.244Z[39m
}
[AuditLogExtended] Starting audit log search {
  companyId: [32m'test-company'[39m,
  dateFrom: [35m2025-12-20T05:45:34.244Z[39m,
  dateTo: [35m2026-01-19T05:45:34.244Z[39m,
  limit: [90mundefined[39m
}

[90mstdout[2m | src/services/auditLogExtended.perf.test.ts[2m > [22m[2mExtended Audit Log Performance Tests[2m > [22m[2mStatistics Performance[2m > [22m[2mshould generate date-filtered statistics in <200ms
[22m[39m[AuditLogExtended] Audit log search completed { total: [33m8358[39m, returned: [33m8358[39m, executionTimeMs: [33m1186.2874999999767[39m }

[90mstdout[2m | src/services/auditLogExtended.perf.test.ts[2m > [22m[2mExtended Audit Log Performance Tests[2m > [22m[2mStatistics Performance[2m > [22m[2mshould generate date-filtered statistics in <200ms
[22m[39m[AuditLogExtended] Statistics generation completed { totalLogs: [33m8358[39m, executionTimeMs: [33m1218.7695999999996[39m }

[90mstdout[2m | src/services/auditLogExtended.perf.test.ts[2m > [22m[2mExtended Audit Log Performance Tests[2m > [22m[2mStatistics Performance[2m > [22m[2mshould generate date-filtered statistics in <200ms
[22m[39mFiltered statistics generation completed in 1219.34ms

[90mstdout[2m | src/services/auditLogExtended.perf.test.ts[2m > [22m[2mExtended Audit Log Performance Tests[2m > [22m[2mConcurrent Operations Performance[2m > [22m[2mshould handle multiple concurrent searches efficiently
[22m[39m[AuditLogExtended] Starting audit log search { companyId: [32m'test-company'[39m, limit: [33m100[39m, offset: [33m0[39m }
[AuditLogExtended] Starting audit log search { companyId: [32m'test-company'[39m, limit: [33m100[39m, offset: [33m100[39m }
[AuditLogExtended] Starting audit log search { companyId: [32m'test-company'[39m, limit: [33m100[39m, offset: [33m200[39m }
[AuditLogExtended] Starting audit log search { companyId: [32m'test-company'[39m, limit: [33m100[39m, offset: [33m300[39m }
[AuditLogExtended] Starting audit log search { companyId: [32m'test-company'[39m, limit: [33m100[39m, offset: [33m400[39m }
[AuditLogExtended] Starting audit log search { companyId: [32m'test-company'[39m, limit: [33m100[39m, offset: [33m500[39m }
[AuditLogExtended] Starting audit log search { companyId: [32m'test-company'[39m, limit: [33m100[39m, offset: [33m600[39m }
[AuditLogExtended] Starting audit log search { companyId: [32m'test-company'[39m, limit: [33m100[39m, offset: [33m700[39m }
[AuditLogExtended] Starting audit log search { companyId: [32m'test-company'[39m, limit: [33m100[39m, offset: [33m800[39m }
[AuditLogExtended] Starting audit log search { companyId: [32m'test-company'[39m, limit: [33m100[39m, offset: [33m900[39m }

[90mstdout[2m | src/services/auditLogExtended.perf.test.ts[2m > [22m[2mExtended Audit Log Performance Tests[2m > [22m[2mConcurrent Operations Performance[2m > [22m[2mshould handle multiple concurrent searches efficiently
[22m[39m[AuditLogExtended] Audit log search completed { total: [33m100000[39m, returned: [33m100[39m, executionTimeMs: [33m8244.303099999961[39m }

[90mstdout[2m | src/services/auditLogExtended.perf.test.ts[2m > [22m[2mExtended Audit Log Performance Tests[2m > [22m[2mConcurrent Operations Performance[2m > [22m[2mshould handle multiple concurrent searches efficiently
[22m[39m[AuditLogExtended] Audit log search completed { total: [33m100000[39m, returned: [33m100[39m, executionTimeMs: [33m16776.753599999996[39m }

 [31m❯[39m e2e/catalog.spec.ts [2m([22m[2m0 test[22m[2m)[22m
[90mstdout[2m | src/services/auditLogExtended.perf.test.ts[2m > [22m[2mExtended Audit Log Performance Tests[2m > [22m[2mConcurrent Operations Performance[2m > [22m[2mshould handle multiple concurrent searches efficiently
[22m[39m[AuditLogExtended] Audit log search completed { total: [33m100000[39m, returned: [33m100[39m, executionTimeMs: [33m25791.39559999999[39m }

 [31m❯[39m e2e/d1-coa-wizard.spec.ts [2m([22m[2m0 test[22m[2m)[22m
[90mstdout[2m | src/services/auditLogExtended.perf.test.ts[2m > [22m[2mExtended Audit Log Performance Tests[2m > [22m[2mConcurrent Operations Performance[2m > [22m[2mshould handle multiple concurrent searches efficiently
[22m[39m[AuditLogExtended] Audit log search completed { total: [33m100000[39m, returned: [33m100[39m, executionTimeMs: [33m33559.6801[39m }

[90mstdout[2m | src/services/auditLogExtended.perf.test.ts[2m > [22m[2mExtended Audit Log Performance Tests[2m > [22m[2mConcurrent Operations Performance[2m > [22m[2mshould handle multiple concurrent searches efficiently
[22m[39m[AuditLogExtended] Audit log search completed { total: [33m100000[39m, returned: [33m100[39m, executionTimeMs: [33m41156.723299999954[39m }

[90mstdout[2m | src/services/auditLogExtended.perf.test.ts[2m > [22m[2mExtended Audit Log Performance Tests[2m > [22m[2mConcurrent Operations Performance[2m > [22m[2mshould handle multiple concurrent searches efficiently
[22m[39m[AuditLogExtended] Audit log search completed { total: [33m100000[39m, returned: [33m100[39m, executionTimeMs: [33m50183.22389999998[39m }

[90mstdout[2m | src/services/auditLogExtended.perf.test.ts[2m > [22m[2mExtended Audit Log Performance Tests[2m > [22m[2mConcurrent Operations Performance[2m > [22m[2mshould handle multiple concurrent searches efficiently
[22m[39m[AuditLogExtended] Audit log search completed { total: [33m100000[39m, returned: [33m100[39m, executionTimeMs: [33m57999.29429999995[39m }

[90mstdout[2m | src/services/auditLogExtended.perf.test.ts[2m > [22m[2mExtended Audit Log Performance Tests[2m > [22m[2mConcurrent Operations Performance[2m > [22m[2mshould handle multiple concurrent searches efficiently
[22m[39m[AuditLogExtended] Audit log search completed { total: [33m100000[39m, returned: [33m100[39m, executionTimeMs: [33m65845.40740000003[39m }

[90mstdout[2m | src/services/auditLogExtended.perf.test.ts[2m > [22m[2mExtended Audit Log Performance Tests[2m > [22m[2mConcurrent Operations Performance[2m > [22m[2mshould handle multiple concurrent searches efficiently
[22m[39m[AuditLogExtended] Audit log search completed { total: [33m100000[39m, returned: [33m100[39m, executionTimeMs: [33m73434.8321[39m }

[90mstdout[2m | src/services/auditLogExtended.perf.test.ts[2m > [22m[2mExtended Audit Log Performance Tests[2m > [22m[2mConcurrent Operations Performance[2m > [22m[2mshould handle mixed concurrent operations
[22m[39m[AuditLogExtended] Starting audit log search { companyId: [32m'test-company'[39m, limit: [33m100[39m }
[AuditLogExtended] Generating audit log timeline {
  companyId: [32m'test-company'[39m,
  dateFrom: [35m2025-12-20T05:46:48.916Z[39m,
  dateTo: [35m2026-01-19T05:46:48.916Z[39m,
  groupBy: [32m'day'[39m
}
[AuditLogExtended] Starting audit log search {
  companyId: [32m'test-company'[39m,
  dateFrom: [35m2025-12-20T05:46:48.916Z[39m,
  dateTo: [35m2026-01-19T05:46:48.916Z[39m,
  limit: [90mundefined[39m,
  sortBy: [32m'timestamp'[39m,
  sortOrder: [32m'desc'[39m
}
[AuditLogExtended] Generating audit log statistics { companyId: [32m'test-company'[39m, dateFrom: [90mundefined[39m, dateTo: [90mundefined[39m }
[AuditLogExtended] Starting audit log search {
  companyId: [32m'test-company'[39m,
  dateFrom: [90mundefined[39m,
  dateTo: [90mundefined[39m,
  limit: [90mundefined[39m
}

 [31m❯[39m e2e/d2-reconciliation.spec.ts [2m([22m[2m0 test[22m[2m)[22m
 [31m❯[39m e2e/d3-email-summary.spec.ts [2m([22m[2m0 test[22m[2m)[22m
[90mstdout[2m | src/services/auditLogExtended.perf.test.ts[2m > [22m[2mExtended Audit Log Performance Tests[2m > [22m[2mConcurrent Operations Performance[2m > [22m[2mshould handle mixed concurrent operations
[22m[39m[AuditLogExtended] Audit log search completed { total: [33m100000[39m, returned: [33m100[39m, executionTimeMs: [33m80808.30300000001[39m }

[90mstdout[2m | src/services/auditLogExtended.perf.test.ts[2m > [22m[2mExtended Audit Log Performance Tests[2m > [22m[2mConcurrent Operations Performance[2m > [22m[2mshould handle mixed concurrent operations
[22m[39m10 concurrent searches completed in 80815.71ms
Average time per search: 8081.57ms

[90mstdout[2m | src/services/auditLogExtended.perf.test.ts[2m > [22m[2mExtended Audit Log Performance Tests[2m > [22m[2mConcurrent Operations Performance[2m > [22m[2mshould handle mixed concurrent operations
[22m[39m[AuditLogExtended] Audit log search completed { total: [33m100000[39m, returned: [33m100[39m, executionTimeMs: [33m14231.719900000026[39m }

[90mstdout[2m | src/services/auditLogExtended.perf.test.ts[2m > [22m[2mExtended Audit Log Performance Tests[2m > [22m[2mConcurrent Operations Performance[2m > [22m[2mshould handle mixed concurrent operations
[22m[39m[AuditLogExtended] Audit log search completed { total: [33m8358[39m, returned: [33m8358[39m, executionTimeMs: [33m15581.38929999998[39m }

[90mstdout[2m | src/services/auditLogExtended.perf.test.ts[2m > [22m[2mExtended Audit Log Performance Tests[2m > [22m[2mConcurrent Operations Performance[2m > [22m[2mshould handle mixed concurrent operations
[22m[39m[AuditLogExtended] Timeline generation completed {
  entryCount: [33m31[39m,
  totalLogs: [33m8358[39m,
  executionTimeMs: [33m15616.065300000017[39m
}

[90mstdout[2m | src/services/auditLogExtended.perf.test.ts[2m > [22m[2mExtended Audit Log Performance Tests[2m > [22m[2mConcurrent Operations Performance[2m > [22m[2mshould handle mixed concurrent operations
[22m[39m[AuditLogExtended] Audit log search completed {
  total: [33m100000[39m,
  returned: [33m100000[39m,
  executionTimeMs: [33m21358.467999999993[39m
}

[90mstdout[2m | src/services/auditLogExtended.perf.test.ts[2m > [22m[2mExtended Audit Log Performance Tests[2m > [22m[2mConcurrent Operations Performance[2m > [22m[2mshould handle mixed concurrent operations
[22m[39m[AuditLogExtended] Statistics generation completed { totalLogs: [33m100000[39m, executionTimeMs: [33m21693.94940000004[39m }

[90mstdout[2m | src/services/auditLogExtended.perf.test.ts[2m > [22m[2mExtended Audit Log Performance Tests[2m > [22m[2mConcurrent Operations Performance[2m > [22m[2mshould handle mixed concurrent operations
[22m[39mMixed concurrent operations completed in 21696.19ms

[90mstdout[2m | src/services/auditLogExtended.perf.test.ts[2m > [22m[2mExtended Audit Log Performance Tests[2m > [22m[2mMemory and Resource Management[2m > [22m[2mshould not leak memory during repeated operations
[22m[39m[AuditLogExtended] Starting audit log search { companyId: [32m'test-company'[39m, limit: [33m100[39m, offset: [33m0[39m }

[90mstdout[2m | src/services/auditLogExtended.perf.test.ts[2m > [22m[2mExtended Audit Log Performance Tests[2m > [22m[2mMemory and Resource Management[2m > [22m[2mshould not leak memory during repeated operations
[22m[39m[AuditLogExtended] Audit log search completed { total: [33m100000[39m, returned: [33m100[39m, executionTimeMs: [33m5738.487500000047[39m }

[90mstdout[2m | src/services/auditLogExtended.perf.test.ts[2m > [22m[2mExtended Audit Log Performance Tests[2m > [22m[2mMemory and Resource Management[2m > [22m[2mshould not leak memory during repeated operations
[22m[39mCompleted 1/100 iterations
[AuditLogExtended] Starting audit log search { companyId: [32m'test-company'[39m, limit: [33m100[39m, offset: [33m100[39m }

 [31m❯[39m e2e/d4-tutorial-system.spec.ts [2m([22m[2m0 test[22m[2m)[22m
 [31m❯[39m e2e/d5-vendor-management.spec.ts [2m([22m[2m0 test[22m[2m)[22m
[90mstdout[2m | src/services/auditLogExtended.perf.test.ts[2m > [22m[2mExtended Audit Log Performance Tests[2m > [22m[2mMemory and Resource Management[2m > [22m[2mshould not leak memory during repeated operations
[22m[39m[AuditLogExtended] Audit log search completed { total: [33m100000[39m, returned: [33m100[39m, executionTimeMs: [33m5172.780599999998[39m }

[90mstdout[2m | src/services/auditLogExtended.perf.test.ts[2m > [22m[2mExtended Audit Log Performance Tests[2m > [22m[2mMemory and Resource Management[2m > [22m[2mshould not leak memory during repeated operations
[22m[39m[AuditLogExtended] Starting audit log search { companyId: [32m'test-company'[39m, limit: [33m100[39m, offset: [33m200[39m }

[90mstdout[2m | src/services/auditLogExtended.perf.test.ts[2m > [22m[2mExtended Audit Log Performance Tests[2m > [22m[2mMemory and Resource Management[2m > [22m[2mshould not leak memory during repeated operations
[22m[39m[AuditLogExtended] Audit log search completed { total: [33m100000[39m, returned: [33m100[39m, executionTimeMs: [33m4760.480899999966[39m }

[90mstdout[2m | src/services/auditLogExtended.perf.test.ts[2m > [22m[2mExtended Audit Log Performance Tests[2m > [22m[2mMemory and Resource Management[2m > [22m[2mshould not leak memory during repeated operations
[22m[39m[AuditLogExtended] Starting audit log search { companyId: [32m'test-company'[39m, limit: [33m100[39m, offset: [33m300[39m }

[90mstdout[2m | src/services/auditLogExtended.perf.test.ts[2m > [22m[2mExtended Audit Log Performance Tests[2m > [22m[2mMemory and Resource Management[2m > [22m[2mshould not leak memory during repeated operations
[22m[39m[AuditLogExtended] Audit log search completed { total: [33m100000[39m, returned: [33m100[39m, executionTimeMs: [33m4996.120700000029[39m }

[90mstdout[2m | src/services/auditLogExtended.perf.test.ts[2m > [22m[2mExtended Audit Log Performance Tests[2m > [22m[2mMemory and Resource Management[2m > [22m[2mshould not leak memory during repeated operations
[22m[39m[AuditLogExtended] Starting audit log search { companyId: [32m'test-company'[39m, limit: [33m100[39m, offset: [33m400[39m }

[90mstdout[2m | src/services/auditLogExtended.perf.test.ts[2m > [22m[2mExtended Audit Log Performance Tests[2m > [22m[2mMemory and Resource Management[2m > [22m[2mshould not leak memory during repeated operations
[22m[39m[AuditLogExtended] Audit log search completed { total: [33m100000[39m, returned: [33m100[39m, executionTimeMs: [33m4843.70120000001[39m }

[90mstdout[2m | src/services/auditLogExtended.perf.test.ts[2m > [22m[2mExtended Audit Log Performance Tests[2m > [22m[2mMemory and Resource Management[2m > [22m[2mshould not leak memory during repeated operations
[22m[39m[AuditLogExtended] Starting audit log search { companyId: [32m'test-company'[39m, limit: [33m100[39m, offset: [33m500[39m }

[90mstdout[2m | src/services/auditLogExtended.perf.test.ts[2m > [22m[2mExtended Audit Log Performance Tests[2m > [22m[2mMemory and Resource Management[2m > [22m[2mshould not leak memory during repeated operations
[22m[39m[AuditLogExtended] Audit log search completed { total: [33m100000[39m, returned: [33m100[39m, executionTimeMs: [33m4901.3032999999705[39m }

[90mstdout[2m | src/services/auditLogExtended.perf.test.ts[2m > [22m[2mExtended Audit Log Performance Tests[2m > [22m[2mMemory and Resource Management[2m > [22m[2mshould not leak memory during repeated operations
[22m[39m[AuditLogExtended] Starting audit log search { companyId: [32m'test-company'[39m, limit: [33m100[39m, offset: [33m600[39m }

 [31m❯[39m e2e/d6-d7-reports.spec.ts [2m([22m[2m0 test[22m[2m)[22m
 [31m❯[39m e2e/f5-ar-aging-report.spec.ts [2m([22m[2m0 test[22m[2m)[22m
[90mstdout[2m | src/services/auditLogExtended.perf.test.ts[2m > [22m[2mExtended Audit Log Performance Tests[2m > [22m[2mMemory and Resource Management[2m > [22m[2mshould not leak memory during repeated operations
[22m[39m[AuditLogExtended] Audit log search completed { total: [33m100000[39m, returned: [33m100[39m, executionTimeMs: [33m5059.427599999995[39m }

[90mstdout[2m | src/services/auditLogExtended.perf.test.ts[2m > [22m[2mExtended Audit Log Performance Tests[2m > [22m[2mMemory and Resource Management[2m > [22m[2mshould not leak memory during repeated operations
[22m[39m[AuditLogExtended] Starting audit log search { companyId: [32m'test-company'[39m, limit: [33m100[39m, offset: [33m700[39m }

[90mstdout[2m | src/services/auditLogExtended.perf.test.ts[2m > [22m[2mExtended Audit Log Performance Tests[2m > [22m[2mMemory and Resource Management[2m > [22m[2mshould not leak memory during repeated operations
[22m[39m[AuditLogExtended] Audit log search completed { total: [33m100000[39m, returned: [33m100[39m, executionTimeMs: [33m5887.889599999995[39m }

[90mstdout[2m | src/services/auditLogExtended.perf.test.ts[2m > [22m[2mExtended Audit Log Performance Tests[2m > [22m[2mMemory and Resource Management[2m > [22m[2mshould not leak memory during repeated operations
[22m[39m[AuditLogExtended] Starting audit log search { companyId: [32m'test-company'[39m, limit: [33m100[39m, offset: [33m800[39m }

[90mstdout[2m | src/services/auditLogExtended.perf.test.ts[2m > [22m[2mExtended Audit Log Performance Tests[2m > [22m[2mMemory and Resource Management[2m > [22m[2mshould not leak memory during repeated operations
[22m[39m[AuditLogExtended] Audit log search completed { total: [33m100000[39m, returned: [33m100[39m, executionTimeMs: [33m4797.681700000016[39m }

[90mstdout[2m | src/services/auditLogExtended.perf.test.ts[2m > [22m[2mExtended Audit Log Performance Tests[2m > [22m[2mMemory and Resource Management[2m > [22m[2mshould not leak memory during repeated operations
[22m[39m[AuditLogExtended] Starting audit log search { companyId: [32m'test-company'[39m, limit: [33m100[39m, offset: [33m900[39m }

[90mstdout[2m | src/services/auditLogExtended.perf.test.ts[2m > [22m[2mExtended Audit Log Performance Tests[2m > [22m[2mMemory and Resource Management[2m > [22m[2mshould not leak memory during repeated operations
[22m[39m[AuditLogExtended] Audit log search completed { total: [33m100000[39m, returned: [33m100[39m, executionTimeMs: [33m4855.786499999987[39m }

[90mstdout[2m | src/services/auditLogExtended.perf.test.ts[2m > [22m[2mExtended Audit Log Performance Tests[2m > [22m[2mMemory and Resource Management[2m > [22m[2mshould not leak memory during repeated operations
[22m[39m[AuditLogExtended] Starting audit log search { companyId: [32m'test-company'[39m, limit: [33m100[39m, offset: [33m1000[39m }

 [31m❯[39m e2e/f6-ap-aging-report.spec.ts [2m([22m[2m0 test[22m[2m)[22m
 [31m❯[39m e2e/g4-consolidated-invoicing.spec.ts [2m([22m[2m0 test[22m[2m)[22m
[90mstdout[2m | src/services/auditLogExtended.perf.test.ts[2m > [22m[2mExtended Audit Log Performance Tests[2m > [22m[2mMemory and Resource Management[2m > [22m[2mshould not leak memory during repeated operations
[22m[39m[AuditLogExtended] Audit log search completed { total: [33m100000[39m, returned: [33m100[39m, executionTimeMs: [33m4927.698900000018[39m }

[90mstdout[2m | src/services/auditLogExtended.perf.test.ts[2m > [22m[2mExtended Audit Log Performance Tests[2m > [22m[2mMemory and Resource Management[2m > [22m[2mshould not leak memory during repeated operations
[22m[39m[AuditLogExtended] Starting audit log search { companyId: [32m'test-company'[39m, limit: [33m100[39m, offset: [33m1100[39m }

[90mstdout[2m | src/services/auditLogExtended.perf.test.ts[2m > [22m[2mExtended Audit Log Performance Tests[2m > [22m[2mMemory and Resource Management[2m > [22m[2mshould not leak memory during repeated operations
[22m[39m[AuditLogExtended] Audit log search completed { total: [33m100000[39m, returned: [33m100[39m, executionTimeMs: [33m5126.337999999989[39m }

[90mstdout[2m | src/services/auditLogExtended.perf.test.ts[2m > [22m[2mExtended Audit Log Performance Tests[2m > [22m[2mMemory and Resource Management[2m > [22m[2mshould not leak memory during repeated operations
[22m[39m[AuditLogExtended] Starting audit log search { companyId: [32m'test-company'[39m, limit: [33m100[39m, offset: [33m1200[39m }

[90mstdout[2m | src/services/auditLogExtended.perf.test.ts[2m > [22m[2mExtended Audit Log Performance Tests[2m > [22m[2mMemory and Resource Management[2m > [22m[2mshould not leak memory during repeated operations
[22m[39m[AuditLogExtended] Audit log search completed { total: [33m100000[39m, returned: [33m100[39m, executionTimeMs: [33m4985.856500000111[39m }

[90mstdout[2m | src/services/auditLogExtended.perf.test.ts[2m > [22m[2mExtended Audit Log Performance Tests[2m > [22m[2mMemory and Resource Management[2m > [22m[2mshould not leak memory during repeated operations
[22m[39m[AuditLogExtended] Starting audit log search { companyId: [32m'test-company'[39m, limit: [33m100[39m, offset: [33m1300[39m }

[90mstdout[2m | src/services/auditLogExtended.perf.test.ts[2m > [22m[2mExtended Audit Log Performance Tests[2m > [22m[2mMemory and Resource Management[2m > [22m[2mshould not leak memory during repeated operations
[22m[39m[AuditLogExtended] Audit log search completed { total: [33m100000[39m, returned: [33m100[39m, executionTimeMs: [33m4843.278000000049[39m }

[90mstdout[2m | src/services/auditLogExtended.perf.test.ts[2m > [22m[2mExtended Audit Log Performance Tests[2m > [22m[2mMemory and Resource Management[2m > [22m[2mshould not leak memory during repeated operations
[22m[39m[AuditLogExtended] Starting audit log search { companyId: [32m'test-company'[39m, limit: [33m100[39m, offset: [33m1400[39m }

[90mstdout[2m | src/services/auditLogExtended.perf.test.ts[2m > [22m[2mExtended Audit Log Performance Tests[2m > [22m[2mMemory and Resource Management[2m > [22m[2mshould not leak memory during repeated operations
[22m[39m[AuditLogExtended] Audit log search completed { total: [33m100000[39m, returned: [33m100[39m, executionTimeMs: [33m4877.537899999996[39m }

[90mstdout[2m | src/services/auditLogExtended.perf.test.ts[2m > [22m[2mExtended Audit Log Performance Tests[2m > [22m[2mMemory and Resource Management[2m > [22m[2mshould not leak memory during repeated operations
[22m[39m[AuditLogExtended] Starting audit log search { companyId: [32m'test-company'[39m, limit: [33m100[39m, offset: [33m1500[39m }

[90mstdout[2m | src/services/auditLogExtended.perf.test.ts[2m > [22m[2mExtended Audit Log Performance Tests[2m > [22m[2mMemory and Resource Management[2m > [22m[2mshould handle large result sets without crashing
[22m[39m[AuditLogExtended] Starting audit log search { companyId: [32m'test-company'[39m, limit: [33m10000[39m }

 [31m❯[39m e2e/group-d-integration.spec.ts [2m([22m[2m0 test[22m[2m)[22m
 [31m❯[39m e2e/h-multi-user-collaboration.spec.ts [2m([22m[2m0 test[22m[2m)[22m
[90mstdout[2m | src/services/auditLogExtended.perf.test.ts[2m > [22m[2mExtended Audit Log Performance Tests[2m > [22m[2mMemory and Resource Management[2m > [22m[2mshould handle large result sets without crashing
[22m[39m[AuditLogExtended] Audit log search completed { total: [33m100000[39m, returned: [33m100[39m, executionTimeMs: [33m4798.847599999979[39m }

[90mstdout[2m | src/services/auditLogExtended.perf.test.ts[2m > [22m[2mExtended Audit Log Performance Tests[2m > [22m[2mMemory and Resource Management[2m > [22m[2mshould handle large result sets without crashing
[22m[39m[AuditLogExtended] Starting audit log search { companyId: [32m'test-company'[39m, limit: [33m100[39m, offset: [33m1600[39m }

[90mstdout[2m | src/services/auditLogExtended.perf.test.ts[2m > [22m[2mExtended Audit Log Performance Tests[2m > [22m[2mMemory and Resource Management[2m > [22m[2mshould handle large result sets without crashing
[22m[39m[AuditLogExtended] Audit log search completed { total: [33m100000[39m, returned: [33m10000[39m, executionTimeMs: [33m9671.794200000004[39m }

[90mstdout[2m | src/services/auditLogExtended.perf.test.ts[2m > [22m[2mExtended Audit Log Performance Tests
[22m[39mCleaning up large dataset...

[90mstdout[2m | src/services/auditLogExtended.perf.test.ts[2m > [22m[2mExtended Audit Log Performance Tests
[22m[39m[AuditLogExtended] Audit log search completed { total: [33m100000[39m, returned: [33m100[39m, executionTimeMs: [33m9679.436899999972[39m }

[90mstdout[2m | src/services/auditLogExtended.perf.test.ts[2m > [22m[2mExtended Audit Log Performance Tests
[22m[39m[AuditLogExtended] Starting audit log search { companyId: [32m'test-company'[39m, limit: [33m100[39m, offset: [33m1700[39m }

[90mstdout[2m | src/services/auditLogExtended.perf.test.ts[2m > [22m[2mExtended Audit Log Performance Tests
[22m[39mCleanup complete

[90mstdout[2m | src/services/auditLogExtended.perf.test.ts
[22m[39m[AuditLogExtended] Audit log search completed { total: [33m0[39m, returned: [33m0[39m, executionTimeMs: [33m3777.879399999976[39m }

[90mstdout[2m | src/services/auditLogExtended.perf.test.ts
[22m[39m[AuditLogExtended] Starting audit log search { companyId: [32m'test-company'[39m, limit: [33m100[39m, offset: [33m1800[39m }

[90mstdout[2m | src/services/auditLogExtended.perf.test.ts
[22m[39m[AuditLogExtended] Audit log search completed { total: [33m0[39m, returned: [33m0[39m, executionTimeMs: [33m0.956499999971129[39m }

[90mstdout[2m | src/services/auditLogExtended.perf.test.ts
[22m[39m[AuditLogExtended] Starting audit log search { companyId: [32m'test-company'[39m, limit: [33m100[39m, offset: [33m1900[39m }

[90mstdout[2m | src/services/auditLogExtended.perf.test.ts
[22m[39m[AuditLogExtended] Audit log search completed { total: [33m0[39m, returned: [33m0[39m, executionTimeMs: [33m0.8589999999385327[39m }

[90mstdout[2m | src/services/auditLogExtended.perf.test.ts
[22m[39m[AuditLogExtended] Starting audit log search { companyId: [32m'test-company'[39m, limit: [33m100[39m, offset: [33m2000[39m }

[90mstdout[2m | src/services/auditLogExtended.perf.test.ts
[22m[39m[AuditLogExtended] Audit log search completed { total: [33m0[39m, returned: [33m0[39m, executionTimeMs: [33m0.7140999999828637[39m }

[90mstdout[2m | src/services/auditLogExtended.perf.test.ts
[22m[39mCompleted 21/100 iterations
[AuditLogExtended] Starting audit log search { companyId: [32m'test-company'[39m, limit: [33m100[39m, offset: [33m2100[39m }

[90mstdout[2m | src/services/auditLogExtended.perf.test.ts
[22m[39m[AuditLogExtended] Audit log search completed { total: [33m0[39m, returned: [33m0[39m, executionTimeMs: [33m2.2354999999515712[39m }

[90mstdout[2m | src/services/auditLogExtended.perf.test.ts
[22m[39m[AuditLogExtended] Starting audit log search { companyId: [32m'test-company'[39m, limit: [33m100[39m, offset: [33m2200[39m }

[90mstdout[2m | src/services/auditLogExtended.perf.test.ts
[22m[39m[AuditLogExtended] Audit log search completed { total: [33m0[39m, returned: [33m0[39m, executionTimeMs: [33m1.4087000000290573[39m }

[90mstdout[2m | src/services/auditLogExtended.perf.test.ts
[22m[39m[AuditLogExtended] Starting audit log search { companyId: [32m'test-company'[39m, limit: [33m100[39m, offset: [33m2300[39m }

[90mstdout[2m | src/services/auditLogExtended.perf.test.ts
[22m[39m[AuditLogExtended] Audit log search completed { total: [33m0[39m, returned: [33m0[39m, executionTimeMs: [33m1.080100000021048[39m }

[90mstdout[2m | src/services/auditLogExtended.perf.test.ts
[22m[39m[AuditLogExtended] Starting audit log search { companyId: [32m'test-company'[39m, limit: [33m100[39m, offset: [33m2400[39m }

[90mstdout[2m | src/services/auditLogExtended.perf.test.ts
[22m[39m[AuditLogExtended] Audit log search completed { total: [33m0[39m, returned: [33m0[39m, executionTimeMs: [33m0.792699999990873[39m }

[90mstdout[2m | src/services/auditLogExtended.perf.test.ts
[22m[39m[AuditLogExtended] Starting audit log search { companyId: [32m'test-company'[39m, limit: [33m100[39m, offset: [33m2500[39m }

[90mstdout[2m | src/services/auditLogExtended.perf.test.ts
[22m[39m[AuditLogExtended] Audit log search completed { total: [33m0[39m, returned: [33m0[39m, executionTimeMs: [33m0.5945000000065193[39m }

[90mstdout[2m | src/services/auditLogExtended.perf.test.ts
[22m[39m[AuditLogExtended] Starting audit log search { companyId: [32m'test-company'[39m, limit: [33m100[39m, offset: [33m2600[39m }

[90mstdout[2m | src/services/auditLogExtended.perf.test.ts
[22m[39m[AuditLogExtended] Audit log search completed { total: [33m0[39m, returned: [33m0[39m, executionTimeMs: [33m0.6062000000383705[39m }

[90mstdout[2m | src/services/auditLogExtended.perf.test.ts
[22m[39m[AuditLogExtended] Starting audit log search { companyId: [32m'test-company'[39m, limit: [33m100[39m, offset: [33m2700[39m }

[90mstdout[2m | src/services/auditLogExtended.perf.test.ts
[22m[39m[AuditLogExtended] Audit log search completed { total: [33m0[39m, returned: [33m0[39m, executionTimeMs: [33m0.560799999977462[39m }

[90mstdout[2m | src/services/auditLogExtended.perf.test.ts
[22m[39m[AuditLogExtended] Starting audit log search { companyId: [32m'test-company'[39m, limit: [33m100[39m, offset: [33m2800[39m }

[90mstdout[2m | src/services/auditLogExtended.perf.test.ts
[22m[39m[AuditLogExtended] Audit log search completed { total: [33m0[39m, returned: [33m0[39m, executionTimeMs: [33m0.5675000000046566[39m }

[90mstdout[2m | src/services/auditLogExtended.perf.test.ts
[22m[39m[AuditLogExtended] Starting audit log search { companyId: [32m'test-company'[39m, limit: [33m100[39m, offset: [33m2900[39m }

[90mstdout[2m | src/services/auditLogExtended.perf.test.ts
[22m[39m[AuditLogExtended] Audit log search completed { total: [33m0[39m, returned: [33m0[39m, executionTimeMs: [33m1.2439000000013039[39m }

[90mstdout[2m | src/services/auditLogExtended.perf.test.ts
[22m[39m[AuditLogExtended] Starting audit log search { companyId: [32m'test-company'[39m, limit: [33m100[39m, offset: [33m3000[39m }

[90mstdout[2m | src/services/auditLogExtended.perf.test.ts
[22m[39m[AuditLogExtended] Audit log search completed { total: [33m0[39m, returned: [33m0[39m, executionTimeMs: [33m0.7025999999605119[39m }

[90mstdout[2m | src/services/auditLogExtended.perf.test.ts
[22m[39m[AuditLogExtended] Starting audit log search { companyId: [32m'test-company'[39m, limit: [33m100[39m, offset: [33m3100[39m }

[90mstdout[2m | src/services/auditLogExtended.perf.test.ts
[22m[39m[AuditLogExtended] Audit log search completed { total: [33m0[39m, returned: [33m0[39m, executionTimeMs: [33m0.6061999999219552[39m }

[90mstdout[2m | src/services/auditLogExtended.perf.test.ts
[22m[39m[AuditLogExtended] Starting audit log search { companyId: [32m'test-company'[39m, limit: [33m100[39m, offset: [33m3200[39m }

[90mstdout[2m | src/services/auditLogExtended.perf.test.ts
[22m[39m[AuditLogExtended] Audit log search completed { total: [33m0[39m, returned: [33m0[39m, executionTimeMs: [33m0.707300000009127[39m }

[90mstdout[2m | src/services/auditLogExtended.perf.test.ts
[22m[39m[AuditLogExtended] Starting audit log search { companyId: [32m'test-company'[39m, limit: [33m100[39m, offset: [33m3300[39m }

[90mstdout[2m | src/services/auditLogExtended.perf.test.ts
[22m[39m[AuditLogExtended] Audit log search completed { total: [33m0[39m, returned: [33m0[39m, executionTimeMs: [33m0.9882000000216067[39m }

[90mstdout[2m | src/services/auditLogExtended.perf.test.ts
[22m[39m[AuditLogExtended] Starting audit log search { companyId: [32m'test-company'[39m, limit: [33m100[39m, offset: [33m3400[39m }

[90mstdout[2m | src/services/auditLogExtended.perf.test.ts
[22m[39m[AuditLogExtended] Audit log search completed { total: [33m0[39m, returned: [33m0[39m, executionTimeMs: [33m0.591700000106357[39m }

[90mstdout[2m | src/services/auditLogExtended.perf.test.ts
[22m[39m[AuditLogExtended] Starting audit log search { companyId: [32m'test-company'[39m, limit: [33m100[39m, offset: [33m3500[39m }

[90mstdout[2m | src/services/auditLogExtended.perf.test.ts
[22m[39m[AuditLogExtended] Audit log search completed { total: [33m0[39m, returned: [33m0[39m, executionTimeMs: [33m0.9121000000741333[39m }

[90mstdout[2m | src/services/auditLogExtended.perf.test.ts
[22m[39m[AuditLogExtended] Starting audit log search { companyId: [32m'test-company'[39m, limit: [33m100[39m, offset: [33m3600[39m }

[90mstdout[2m | src/services/auditLogExtended.perf.test.ts
[22m[39m[AuditLogExtended] Audit log search completed { total: [33m0[39m, returned: [33m0[39m, executionTimeMs: [33m1.2192000000504777[39m }

[90mstdout[2m | src/services/auditLogExtended.perf.test.ts
[22m[39m[AuditLogExtended] Starting audit log search { companyId: [32m'test-company'[39m, limit: [33m100[39m, offset: [33m3700[39m }

[90mstdout[2m | src/services/auditLogExtended.perf.test.ts
[22m[39m[AuditLogExtended] Audit log search completed { total: [33m0[39m, returned: [33m0[39m, executionTimeMs: [33m1.0527000000001863[39m }

[90mstdout[2m | src/services/auditLogExtended.perf.test.ts
[22m[39m[AuditLogExtended] Starting audit log search { companyId: [32m'test-company'[39m, limit: [33m100[39m, offset: [33m3800[39m }

[90mstdout[2m | src/services/auditLogExtended.perf.test.ts
[22m[39m[AuditLogExtended] Audit log search completed { total: [33m0[39m, returned: [33m0[39m, executionTimeMs: [33m0.9322999999858439[39m }

[90mstdout[2m | src/services/auditLogExtended.perf.test.ts
[22m[39m[AuditLogExtended] Starting audit log search { companyId: [32m'test-company'[39m, limit: [33m100[39m, offset: [33m3900[39m }

[90mstdout[2m | src/services/auditLogExtended.perf.test.ts
[22m[39m[AuditLogExtended] Audit log search completed { total: [33m0[39m, returned: [33m0[39m, executionTimeMs: [33m0.5733000000473112[39m }

[90mstdout[2m | src/services/auditLogExtended.perf.test.ts
[22m[39m[AuditLogExtended] Starting audit log search { companyId: [32m'test-company'[39m, limit: [33m100[39m, offset: [33m4000[39m }

[90mstdout[2m | src/services/auditLogExtended.perf.test.ts
[22m[39m[AuditLogExtended] Audit log search completed { total: [33m0[39m, returned: [33m0[39m, executionTimeMs: [33m0.8309000000590459[39m }

[90mstdout[2m | src/services/auditLogExtended.perf.test.ts
[22m[39mCompleted 41/100 iterations
[AuditLogExtended] Starting audit log search { companyId: [32m'test-company'[39m, limit: [33m100[39m, offset: [33m4100[39m }

[90mstdout[2m | src/services/auditLogExtended.perf.test.ts
[22m[39m[AuditLogExtended] Audit log search completed { total: [33m0[39m, returned: [33m0[39m, executionTimeMs: [33m0.7680000000400469[39m }

[90mstdout[2m | src/services/auditLogExtended.perf.test.ts
[22m[39m[AuditLogExtended] Starting audit log search { companyId: [32m'test-company'[39m, limit: [33m100[39m, offset: [33m4200[39m }

[90mstdout[2m | src/services/auditLogExtended.perf.test.ts
[22m[39m[AuditLogExtended] Audit log search completed { total: [33m0[39m, returned: [33m0[39m, executionTimeMs: [33m0.895699999993667[39m }

[90mstdout[2m | src/services/auditLogExtended.perf.test.ts
[22m[39m[AuditLogExtended] Starting audit log search { companyId: [32m'test-company'[39m, limit: [33m100[39m, offset: [33m4300[39m }

[90mstdout[2m | src/services/auditLogExtended.perf.test.ts
[22m[39m[AuditLogExtended] Audit log search completed { total: [33m0[39m, returned: [33m0[39m, executionTimeMs: [33m0.8733999999240041[39m }

[90mstdout[2m | src/services/auditLogExtended.perf.test.ts
[22m[39m[AuditLogExtended] Starting audit log search { companyId: [32m'test-company'[39m, limit: [33m100[39m, offset: [33m4400[39m }

[90mstdout[2m | src/services/auditLogExtended.perf.test.ts
[22m[39m[AuditLogExtended] Audit log search completed { total: [33m0[39m, returned: [33m0[39m, executionTimeMs: [33m1.416300000040792[39m }

[90mstdout[2m | src/services/auditLogExtended.perf.test.ts
[22m[39m[AuditLogExtended] Starting audit log search { companyId: [32m'test-company'[39m, limit: [33m100[39m, offset: [33m4500[39m }

[90mstdout[2m | src/services/auditLogExtended.perf.test.ts
[22m[39m[AuditLogExtended] Audit log search completed { total: [33m0[39m, returned: [33m0[39m, executionTimeMs: [33m1.025900000007823[39m }

[90mstdout[2m | src/services/auditLogExtended.perf.test.ts
[22m[39m[AuditLogExtended] Starting audit log search { companyId: [32m'test-company'[39m, limit: [33m100[39m, offset: [33m4600[39m }

[90mstdout[2m | src/services/auditLogExtended.perf.test.ts
[22m[39m[AuditLogExtended] Audit log search completed { total: [33m0[39m, returned: [33m0[39m, executionTimeMs: [33m0.8114999999525025[39m }

[90mstdout[2m | src/services/auditLogExtended.perf.test.ts
[22m[39m[AuditLogExtended] Starting audit log search { companyId: [32m'test-company'[39m, limit: [33m100[39m, offset: [33m4700[39m }

[90mstdout[2m | src/services/auditLogExtended.perf.test.ts
[22m[39m[AuditLogExtended] Audit log search completed { total: [33m0[39m, returned: [33m0[39m, executionTimeMs: [33m0.8395000000018626[39m }

[90mstdout[2m | src/services/auditLogExtended.perf.test.ts
[22m[39m[AuditLogExtended] Starting audit log search { companyId: [32m'test-company'[39m, limit: [33m100[39m, offset: [33m4800[39m }

[90mstdout[2m | src/services/auditLogExtended.perf.test.ts
[22m[39m[AuditLogExtended] Audit log search completed { total: [33m0[39m, returned: [33m0[39m, executionTimeMs: [33m0.6840000000083819[39m }

[90mstdout[2m | src/services/auditLogExtended.perf.test.ts
[22m[39m[AuditLogExtended] Starting audit log search { companyId: [32m'test-company'[39m, limit: [33m100[39m, offset: [33m4900[39m }

[90mstdout[2m | src/services/auditLogExtended.perf.test.ts
[22m[39m[AuditLogExtended] Audit log search completed { total: [33m0[39m, returned: [33m0[39m, executionTimeMs: [33m0.8283999999985099[39m }

[90mstdout[2m | src/services/auditLogExtended.perf.test.ts
[22m[39m[AuditLogExtended] Starting audit log search { companyId: [32m'test-company'[39m, limit: [33m100[39m, offset: [33m5000[39m }

[90mstdout[2m | src/services/auditLogExtended.perf.test.ts
[22m[39m[AuditLogExtended] Audit log search completed { total: [33m0[39m, returned: [33m0[39m, executionTimeMs: [33m1.1487999999662861[39m }

[90mstdout[2m | src/services/auditLogExtended.perf.test.ts
[22m[39m[AuditLogExtended] Starting audit log search { companyId: [32m'test-company'[39m, limit: [33m100[39m, offset: [33m5100[39m }

[90mstdout[2m | src/services/auditLogExtended.perf.test.ts
[22m[39m[AuditLogExtended] Audit log search completed { total: [33m0[39m, returned: [33m0[39m, executionTimeMs: [33m0.6754000000655651[39m }

[90mstdout[2m | src/services/auditLogExtended.perf.test.ts
[22m[39m[AuditLogExtended] Starting audit log search { companyId: [32m'test-company'[39m, limit: [33m100[39m, offset: [33m5200[39m }

[90mstdout[2m | src/services/auditLogExtended.perf.test.ts
[22m[39m[AuditLogExtended] Audit log search completed { total: [33m0[39m, returned: [33m0[39m, executionTimeMs: [33m0.7016999999759719[39m }

[90mstdout[2m | src/services/auditLogExtended.perf.test.ts
[22m[39m[AuditLogExtended] Starting audit log search { companyId: [32m'test-company'[39m, limit: [33m100[39m, offset: [33m5300[39m }

[90mstdout[2m | src/services/auditLogExtended.perf.test.ts
[22m[39m[AuditLogExtended] Audit log search completed { total: [33m0[39m, returned: [33m0[39m, executionTimeMs: [33m0.6700999999884516[39m }

[90mstdout[2m | src/services/auditLogExtended.perf.test.ts
[22m[39m[AuditLogExtended] Starting audit log search { companyId: [32m'test-company'[39m, limit: [33m100[39m, offset: [33m5400[39m }

[90mstdout[2m | src/services/auditLogExtended.perf.test.ts
[22m[39m[AuditLogExtended] Audit log search completed { total: [33m0[39m, returned: [33m0[39m, executionTimeMs: [33m0.7896000000182539[39m }

[90mstdout[2m | src/services/auditLogExtended.perf.test.ts
[22m[39m[AuditLogExtended] Starting audit log search { companyId: [32m'test-company'[39m, limit: [33m100[39m, offset: [33m5500[39m }

[90mstdout[2m | src/services/auditLogExtended.perf.test.ts
[22m[39m[AuditLogExtended] Audit log search completed { total: [33m0[39m, returned: [33m0[39m, executionTimeMs: [33m0.8985999999567866[39m }

[90mstdout[2m | src/services/auditLogExtended.perf.test.ts
[22m[39m[AuditLogExtended] Starting audit log search { companyId: [32m'test-company'[39m, limit: [33m100[39m, offset: [33m5600[39m }

[90mstdout[2m | src/services/auditLogExtended.perf.test.ts
[22m[39m[AuditLogExtended] Audit log search completed { total: [33m0[39m, returned: [33m0[39m, executionTimeMs: [33m0.70519999996759[39m }

[90mstdout[2m | src/services/auditLogExtended.perf.test.ts
[22m[39m[AuditLogExtended] Starting audit log search { companyId: [32m'test-company'[39m, limit: [33m100[39m, offset: [33m5700[39m }

[90mstdout[2m | src/services/auditLogExtended.perf.test.ts
[22m[39m[AuditLogExtended] Audit log search completed { total: [33m0[39m, returned: [33m0[39m, executionTimeMs: [33m0.7988999999361113[39m }

[90mstdout[2m | src/services/auditLogExtended.perf.test.ts
[22m[39m[AuditLogExtended] Starting audit log search { companyId: [32m'test-company'[39m, limit: [33m100[39m, offset: [33m5800[39m }

[90mstdout[2m | src/services/auditLogExtended.perf.test.ts
[22m[39m[AuditLogExtended] Audit log search completed { total: [33m0[39m, returned: [33m0[39m, executionTimeMs: [33m1.437900000018999[39m }

[90mstdout[2m | src/services/auditLogExtended.perf.test.ts
[22m[39m[AuditLogExtended] Starting audit log search { companyId: [32m'test-company'[39m, limit: [33m100[39m, offset: [33m5900[39m }

[90mstdout[2m | src/services/auditLogExtended.perf.test.ts
[22m[39m[AuditLogExtended] Audit log search completed { total: [33m0[39m, returned: [33m0[39m, executionTimeMs: [33m0.7545000000391155[39m }

[90mstdout[2m | src/services/auditLogExtended.perf.test.ts
[22m[39m[AuditLogExtended] Starting audit log search { companyId: [32m'test-company'[39m, limit: [33m100[39m, offset: [33m6000[39m }

[90mstdout[2m | src/services/auditLogExtended.perf.test.ts
[22m[39m[AuditLogExtended] Audit log search completed { total: [33m0[39m, returned: [33m0[39m, executionTimeMs: [33m0.6436000000685453[39m }

[90mstdout[2m | src/services/auditLogExtended.perf.test.ts
[22m[39mCompleted 61/100 iterations
[AuditLogExtended] Starting audit log search { companyId: [32m'test-company'[39m, limit: [33m100[39m, offset: [33m6100[39m }

[90mstdout[2m | src/services/auditLogExtended.perf.test.ts
[22m[39m[AuditLogExtended] Audit log search completed { total: [33m0[39m, returned: [33m0[39m, executionTimeMs: [33m0.6075000000419095[39m }

[90mstdout[2m | src/services/auditLogExtended.perf.test.ts
[22m[39m[AuditLogExtended] Starting audit log search { companyId: [32m'test-company'[39m, limit: [33m100[39m, offset: [33m6200[39m }

[90mstdout[2m | src/services/auditLogExtended.perf.test.ts
[22m[39m[AuditLogExtended] Audit log search completed { total: [33m0[39m, returned: [33m0[39m, executionTimeMs: [33m0.5720000000437722[39m }

[90mstdout[2m | src/services/auditLogExtended.perf.test.ts
[22m[39m[AuditLogExtended] Starting audit log search { companyId: [32m'test-company'[39m, limit: [33m100[39m, offset: [33m6300[39m }

[90mstdout[2m | src/services/auditLogExtended.perf.test.ts
[22m[39m[AuditLogExtended] Audit log search completed { total: [33m0[39m, returned: [33m0[39m, executionTimeMs: [33m0.7708000000566244[39m }

[90mstdout[2m | src/services/auditLogExtended.perf.test.ts
[22m[39m[AuditLogExtended] Starting audit log search { companyId: [32m'test-company'[39m, limit: [33m100[39m, offset: [33m6400[39m }

[90mstdout[2m | src/services/auditLogExtended.perf.test.ts
[22m[39m[AuditLogExtended] Audit log search completed { total: [33m0[39m, returned: [33m0[39m, executionTimeMs: [33m0.6565000000409782[39m }

[90mstdout[2m | src/services/auditLogExtended.perf.test.ts
[22m[39m[AuditLogExtended] Starting audit log search { companyId: [32m'test-company'[39m, limit: [33m100[39m, offset: [33m6500[39m }

[90mstdout[2m | src/services/auditLogExtended.perf.test.ts
[22m[39m[AuditLogExtended] Audit log search completed { total: [33m0[39m, returned: [33m0[39m, executionTimeMs: [33m0.6622000000206754[39m }

[90mstdout[2m | src/services/auditLogExtended.perf.test.ts
[22m[39m[AuditLogExtended] Starting audit log search { companyId: [32m'test-company'[39m, limit: [33m100[39m, offset: [33m6600[39m }

[90mstdout[2m | src/services/auditLogExtended.perf.test.ts
[22m[39m[AuditLogExtended] Audit log search completed { total: [33m0[39m, returned: [33m0[39m, executionTimeMs: [33m0.5996000000741333[39m }

[90mstdout[2m | src/services/auditLogExtended.perf.test.ts
[22m[39m[AuditLogExtended] Starting audit log search { companyId: [32m'test-company'[39m, limit: [33m100[39m, offset: [33m6700[39m }

[90mstdout[2m | src/services/auditLogExtended.perf.test.ts
[22m[39m[AuditLogExtended] Audit log search completed { total: [33m0[39m, returned: [33m0[39m, executionTimeMs: [33m0.6570000000065193[39m }

[90mstdout[2m | src/services/auditLogExtended.perf.test.ts
[22m[39m[AuditLogExtended] Starting audit log search { companyId: [32m'test-company'[39m, limit: [33m100[39m, offset: [33m6800[39m }

[90mstdout[2m | src/services/auditLogExtended.perf.test.ts
[22m[39m[AuditLogExtended] Audit log search completed { total: [33m0[39m, returned: [33m0[39m, executionTimeMs: [33m0.6578999999910593[39m }

[90mstdout[2m | src/services/auditLogExtended.perf.test.ts
[22m[39m[AuditLogExtended] Starting audit log search { companyId: [32m'test-company'[39m, limit: [33m100[39m, offset: [33m6900[39m }

[90mstdout[2m | src/services/auditLogExtended.perf.test.ts
[22m[39m[AuditLogExtended] Audit log search completed { total: [33m0[39m, returned: [33m0[39m, executionTimeMs: [33m0.6762999999336898[39m }

[90mstdout[2m | src/services/auditLogExtended.perf.test.ts
[22m[39m[AuditLogExtended] Starting audit log search { companyId: [32m'test-company'[39m, limit: [33m100[39m, offset: [33m7000[39m }

[90mstdout[2m | src/services/auditLogExtended.perf.test.ts
[22m[39m[AuditLogExtended] Audit log search completed { total: [33m0[39m, returned: [33m0[39m, executionTimeMs: [33m0.563800000003539[39m }

[90mstdout[2m | src/services/auditLogExtended.perf.test.ts
[22m[39m[AuditLogExtended] Starting audit log search { companyId: [32m'test-company'[39m, limit: [33m100[39m, offset: [33m7100[39m }

[90mstdout[2m | src/services/auditLogExtended.perf.test.ts
[22m[39m[AuditLogExtended] Audit log search completed { total: [33m0[39m, returned: [33m0[39m, executionTimeMs: [33m0.8906999999890104[39m }

[90mstdout[2m | src/services/auditLogExtended.perf.test.ts
[22m[39m[AuditLogExtended] Starting audit log search { companyId: [32m'test-company'[39m, limit: [33m100[39m, offset: [33m7200[39m }

[90mstdout[2m | src/services/auditLogExtended.perf.test.ts
[22m[39m[AuditLogExtended] Audit log search completed { total: [33m0[39m, returned: [33m0[39m, executionTimeMs: [33m0.6193999999668449[39m }

[90mstdout[2m | src/services/auditLogExtended.perf.test.ts
[22m[39m[AuditLogExtended] Starting audit log search { companyId: [32m'test-company'[39m, limit: [33m100[39m, offset: [33m7300[39m }

[90mstdout[2m | src/services/auditLogExtended.perf.test.ts
[22m[39m[AuditLogExtended] Audit log search completed { total: [33m0[39m, returned: [33m0[39m, executionTimeMs: [33m1.3029000000096858[39m }

[90mstdout[2m | src/services/auditLogExtended.perf.test.ts
[22m[39m[AuditLogExtended] Starting audit log search { companyId: [32m'test-company'[39m, limit: [33m100[39m, offset: [33m7400[39m }

[90mstdout[2m | src/services/auditLogExtended.perf.test.ts
[22m[39m[AuditLogExtended] Audit log search completed { total: [33m0[39m, returned: [33m0[39m, executionTimeMs: [33m2.238400000031106[39m }

[90mstdout[2m | src/services/auditLogExtended.perf.test.ts
[22m[39m[AuditLogExtended] Starting audit log search { companyId: [32m'test-company'[39m, limit: [33m100[39m, offset: [33m7500[39m }

[90mstdout[2m | src/services/auditLogExtended.perf.test.ts
[22m[39m[AuditLogExtended] Audit log search completed { total: [33m0[39m, returned: [33m0[39m, executionTimeMs: [33m0.6831999999703839[39m }

[90mstdout[2m | src/services/auditLogExtended.perf.test.ts
[22m[39m[AuditLogExtended] Starting audit log search { companyId: [32m'test-company'[39m, limit: [33m100[39m, offset: [33m7600[39m }

[90mstdout[2m | src/services/auditLogExtended.perf.test.ts
[22m[39m[AuditLogExtended] Audit log search completed { total: [33m0[39m, returned: [33m0[39m, executionTimeMs: [33m0.6058999999659136[39m }

[90mstdout[2m | src/services/auditLogExtended.perf.test.ts
[22m[39m[AuditLogExtended] Starting audit log search { companyId: [32m'test-company'[39m, limit: [33m100[39m, offset: [33m7700[39m }

[90mstdout[2m | src/services/auditLogExtended.perf.test.ts
[22m[39m[AuditLogExtended] Audit log search completed { total: [33m0[39m, returned: [33m0[39m, executionTimeMs: [33m0.5468999999575317[39m }

[90mstdout[2m | src/services/auditLogExtended.perf.test.ts
[22m[39m[AuditLogExtended] Starting audit log search { companyId: [32m'test-company'[39m, limit: [33m100[39m, offset: [33m7800[39m }

[90mstdout[2m | src/services/auditLogExtended.perf.test.ts
[22m[39m[AuditLogExtended] Audit log search completed { total: [33m0[39m, returned: [33m0[39m, executionTimeMs: [33m0.693000000086613[39m }

[90mstdout[2m | src/services/auditLogExtended.perf.test.ts
[22m[39m[AuditLogExtended] Starting audit log search { companyId: [32m'test-company'[39m, limit: [33m100[39m, offset: [33m7900[39m }

[90mstdout[2m | src/services/auditLogExtended.perf.test.ts
[22m[39m[AuditLogExtended] Audit log search completed { total: [33m0[39m, returned: [33m0[39m, executionTimeMs: [33m3.4662999999709427[39m }

[90mstdout[2m | src/services/auditLogExtended.perf.test.ts
[22m[39m[AuditLogExtended] Starting audit log search { companyId: [32m'test-company'[39m, limit: [33m100[39m, offset: [33m8000[39m }

[90mstdout[2m | src/services/auditLogExtended.perf.test.ts
[22m[39m[AuditLogExtended] Audit log search completed { total: [33m0[39m, returned: [33m0[39m, executionTimeMs: [33m0.5958000000100583[39m }

[90mstdout[2m | src/services/auditLogExtended.perf.test.ts
[22m[39mCompleted 81/100 iterations
[AuditLogExtended] Starting audit log search { companyId: [32m'test-company'[39m, limit: [33m100[39m, offset: [33m8100[39m }

[90mstdout[2m | src/services/auditLogExtended.perf.test.ts
[22m[39m[AuditLogExtended] Audit log search completed { total: [33m0[39m, returned: [33m0[39m, executionTimeMs: [33m0.807799999951385[39m }

[90mstdout[2m | src/services/auditLogExtended.perf.test.ts
[22m[39m[AuditLogExtended] Starting audit log search { companyId: [32m'test-company'[39m, limit: [33m100[39m, offset: [33m8200[39m }

[90mstdout[2m | src/services/auditLogExtended.perf.test.ts
[22m[39m[AuditLogExtended] Audit log search completed { total: [33m0[39m, returned: [33m0[39m, executionTimeMs: [33m0.7679999999236315[39m }

[90mstdout[2m | src/services/auditLogExtended.perf.test.ts
[22m[39m[AuditLogExtended] Starting audit log search { companyId: [32m'test-company'[39m, limit: [33m100[39m, offset: [33m8300[39m }

[90mstdout[2m | src/services/auditLogExtended.perf.test.ts
[22m[39m[AuditLogExtended] Audit log search completed { total: [33m0[39m, returned: [33m0[39m, executionTimeMs: [33m0.9910999999847263[39m }

[90mstdout[2m | src/services/auditLogExtended.perf.test.ts
[22m[39m[AuditLogExtended] Starting audit log search { companyId: [32m'test-company'[39m, limit: [33m100[39m, offset: [33m8400[39m }

[90mstdout[2m | src/services/auditLogExtended.perf.test.ts
[22m[39m[AuditLogExtended] Audit log search completed { total: [33m0[39m, returned: [33m0[39m, executionTimeMs: [33m0.9790000000502914[39m }

[90mstdout[2m | src/services/auditLogExtended.perf.test.ts
[22m[39m[AuditLogExtended] Starting audit log search { companyId: [32m'test-company'[39m, limit: [33m100[39m, offset: [33m8500[39m }

[90mstdout[2m | src/services/auditLogExtended.perf.test.ts
[22m[39m[AuditLogExtended] Audit log search completed { total: [33m0[39m, returned: [33m0[39m, executionTimeMs: [33m1.2172999999020249[39m }

[90mstdout[2m | src/services/auditLogExtended.perf.test.ts
[22m[39m[AuditLogExtended] Starting audit log search { companyId: [32m'test-company'[39m, limit: [33m100[39m, offset: [33m8600[39m }

[90mstdout[2m | src/services/auditLogExtended.perf.test.ts
[22m[39m[AuditLogExtended] Audit log search completed { total: [33m0[39m, returned: [33m0[39m, executionTimeMs: [33m0.7430000000167638[39m }

[90mstdout[2m | src/services/auditLogExtended.perf.test.ts
[22m[39m[AuditLogExtended] Starting audit log search { companyId: [32m'test-company'[39m, limit: [33m100[39m, offset: [33m8700[39m }

[90mstdout[2m | src/services/auditLogExtended.perf.test.ts
[22m[39m[AuditLogExtended] Audit log search completed { total: [33m0[39m, returned: [33m0[39m, executionTimeMs: [33m0.7679999999236315[39m }

[90mstdout[2m | src/services/auditLogExtended.perf.test.ts
[22m[39m[AuditLogExtended] Starting audit log search { companyId: [32m'test-company'[39m, limit: [33m100[39m, offset: [33m8800[39m }

[90mstdout[2m | src/services/auditLogExtended.perf.test.ts
[22m[39m[AuditLogExtended] Audit log search completed { total: [33m0[39m, returned: [33m0[39m, executionTimeMs: [33m0.7574000000022352[39m }

[90mstdout[2m | src/services/auditLogExtended.perf.test.ts
[22m[39m[AuditLogExtended] Starting audit log search { companyId: [32m'test-company'[39m, limit: [33m100[39m, offset: [33m8900[39m }

[90mstdout[2m | src/services/auditLogExtended.perf.test.ts
[22m[39m[AuditLogExtended] Audit log search completed { total: [33m0[39m, returned: [33m0[39m, executionTimeMs: [33m0.6617000000551343[39m }

[90mstdout[2m | src/services/auditLogExtended.perf.test.ts
[22m[39m[AuditLogExtended] Starting audit log search { companyId: [32m'test-company'[39m, limit: [33m100[39m, offset: [33m9000[39m }

[90mstdout[2m | src/services/auditLogExtended.perf.test.ts
[22m[39m[AuditLogExtended] Audit log search completed { total: [33m0[39m, returned: [33m0[39m, executionTimeMs: [33m0.7131999999983236[39m }

[90mstdout[2m | src/services/auditLogExtended.perf.test.ts
[22m[39m[AuditLogExtended] Starting audit log search { companyId: [32m'test-company'[39m, limit: [33m100[39m, offset: [33m9100[39m }

[90mstdout[2m | src/services/auditLogExtended.perf.test.ts
[22m[39m[AuditLogExtended] Audit log search completed { total: [33m0[39m, returned: [33m0[39m, executionTimeMs: [33m0.7557000000961125[39m }

[90mstdout[2m | src/services/auditLogExtended.perf.test.ts
[22m[39m[AuditLogExtended] Starting audit log search { companyId: [32m'test-company'[39m, limit: [33m100[39m, offset: [33m9200[39m }

[90mstdout[2m | src/services/auditLogExtended.perf.test.ts
[22m[39m[AuditLogExtended] Audit log search completed { total: [33m0[39m, returned: [33m0[39m, executionTimeMs: [33m0.7589999999618158[39m }

[90mstdout[2m | src/services/auditLogExtended.perf.test.ts
[22m[39m[AuditLogExtended] Starting audit log search { companyId: [32m'test-company'[39m, limit: [33m100[39m, offset: [33m9300[39m }

[90mstdout[2m | src/services/auditLogExtended.perf.test.ts
[22m[39m[AuditLogExtended] Audit log search completed { total: [33m0[39m, returned: [33m0[39m, executionTimeMs: [33m0.8083000000333413[39m }

[90mstdout[2m | src/services/auditLogExtended.perf.test.ts
[22m[39m[AuditLogExtended] Starting audit log search { companyId: [32m'test-company'[39m, limit: [33m100[39m, offset: [33m9400[39m }

[90mstdout[2m | src/services/auditLogExtended.perf.test.ts
[22m[39m[AuditLogExtended] Audit log search completed { total: [33m0[39m, returned: [33m0[39m, executionTimeMs: [33m1.8096000000368804[39m }

[90mstdout[2m | src/services/auditLogExtended.perf.test.ts
[22m[39m[AuditLogExtended] Starting audit log search { companyId: [32m'test-company'[39m, limit: [33m100[39m, offset: [33m9500[39m }

[90mstdout[2m | src/services/auditLogExtended.perf.test.ts
[22m[39m[AuditLogExtended] Audit log search completed { total: [33m0[39m, returned: [33m0[39m, executionTimeMs: [33m0.93839999998454[39m }

[90mstdout[2m | src/services/auditLogExtended.perf.test.ts
[22m[39m[AuditLogExtended] Starting audit log search { companyId: [32m'test-company'[39m, limit: [33m100[39m, offset: [33m9600[39m }

[90mstdout[2m | src/services/auditLogExtended.perf.test.ts
[22m[39m[AuditLogExtended] Audit log search completed { total: [33m0[39m, returned: [33m0[39m, executionTimeMs: [33m0.6720000000204891[39m }

[90mstdout[2m | src/services/auditLogExtended.perf.test.ts
[22m[39m[AuditLogExtended] Starting audit log search { companyId: [32m'test-company'[39m, limit: [33m100[39m, offset: [33m9700[39m }

[90mstdout[2m | src/services/auditLogExtended.perf.test.ts
[22m[39m[AuditLogExtended] Audit log search completed { total: [33m0[39m, returned: [33m0[39m, executionTimeMs: [33m1.1800999999977648[39m }

[90mstdout[2m | src/services/auditLogExtended.perf.test.ts
[22m[39m[AuditLogExtended] Starting audit log search { companyId: [32m'test-company'[39m, limit: [33m100[39m, offset: [33m9800[39m }

[90mstdout[2m | src/services/auditLogExtended.perf.test.ts
[22m[39m[AuditLogExtended] Audit log search completed { total: [33m0[39m, returned: [33m0[39m, executionTimeMs: [33m0.8597999999765307[39m }

[90mstdout[2m | src/services/auditLogExtended.perf.test.ts
[22m[39m[AuditLogExtended] Starting audit log search { companyId: [32m'test-company'[39m, limit: [33m100[39m, offset: [33m9900[39m }

[90mstdout[2m | src/services/auditLogExtended.perf.test.ts
[22m[39m[AuditLogExtended] Audit log search completed { total: [33m0[39m, returned: [33m0[39m, executionTimeMs: [33m0.7405000000726432[39m }

 [31m❯[39m src/services/auditLogExtended.perf.test.ts [2m([22m[2m19 tests[22m[2m | [22m[31m17 failed[39m[2m)[22m[33m 545257[2mms[22m[39m
[31m       [31m×[31m should search all logs in <200ms[39m[33m 8875[2mms[22m[39m
[31m       [31m×[31m should perform date range search in <200ms[39m[33m 1053[2mms[22m[39m
[31m       [31m×[31m should perform full-text search in <200ms[39m[33m 8029[2mms[22m[39m
[31m       [31m×[31m should perform complex filtered search in <200ms[39m[33m 1115[2mms[22m[39m
[31m       [31m×[31m should handle pagination efficiently[39m[33m 7325[2mms[22m[39m
[31m       [31m×[31m should generate daily timeline in <200ms[39m[33m 1105[2mms[22m[39m
       [32m✓[39m should generate hourly timeline in <200ms[32m 101[2mms[22m[39m
[31m       [31m×[31m should generate weekly timeline in <200ms[39m[33m 7009[2mms[22m[39m
[31m       [31m×[31m should generate monthly timeline in <200ms[39m[33m 14336[2mms[22m[39m
[31m       [31m×[31m should export 1,000 logs to CSV in reasonable time[39m[33m 9525[2mms[22m[39m
[31m       [31m×[31m should export 10,000 logs to CSV in reasonable time[39m[33m 9918[2mms[22m[39m
[31m       [31m×[31m should export 1,000 logs to PDF data in reasonable time[39m[33m 9012[2mms[22m[39m
       [33m[2m✓[22m[39m should handle filtered export efficiently [33m 1198[2mms[22m[39m
[31m       [31m×[31m should generate statistics in <200ms[39m[33m 8294[2mms[22m[39m
[31m       [31m×[31m should generate date-filtered statistics in <200ms[39m[33m 1223[2mms[22m[39m
[31m       [31m×[31m should handle multiple concurrent searches efficiently[39m[33m 73448[2mms[22m[39m
[31m       [31m×[31m should handle mixed concurrent operations[39m[33m 21701[2mms[22m[39m
[31m       [31m×[31m should not leak memory during repeated operations[39m[33m 75790[2mms[22m[39m
[31m       [31m×[31m should handle large result sets without crashing[39m[33m 9674[2mms[22m[39m
 [31m❯[39m e2e/i6-scheduled-reports.spec.ts [2m([22m[2m0 test[22m[2m)[22m
 [31m❯[39m e2e/journalEntries.spec.ts [2m([22m[2m0 test[22m[2m)[22m
 [31m❯[39m e2e/reportBuilder.spec.ts [2m([22m[2m0 test[22m[2m)[22m
 [31m❯[39m tests/e2e/clientPortal.spec.ts [2m([22m[2m0 test[22m[2m)[22m
 [31m❯[39m src/__tests__/e2e/groupE.e2e.test.ts [2m([22m[2m0 test[22m[2m)[22m
[90mstderr[2m | src/pages/auth/Signup.test.tsx[2m > [22m[2mSignup Page with Charity Selection[2m > [22m[2mcredentials step[2m > [22m[2mshould render credentials form initially
[22m[39m⚠️ React Router Future Flag Warning: React Router will begin wrapping state updates in `React.startTransition` in v7. You can use the `v7_startTransition` future flag to opt-in early. For more information, see https://reactrouter.com/v6/upgrading/future#v7_starttransition.
⚠️ React Router Future Flag Warning: Relative route resolution within Splat routes is changing in v7. You can use the `v7_relativeSplatPath` future flag to opt-in early. For more information, see https://reactrouter.com/v6/upgrading/future#v7_relativesplatpath.

[90mstderr[2m | src/pages/auth/Signup.test.tsx[2m > [22m[2mSignup Page with Charity Selection[2m > [22m[2mcredentials step[2m > [22m[2mshould show validation error when passwords do not match
[22m[39mWarning: An update to Signup inside a test was not wrapped in act(...).

When testing, code that causes React state updates should be wrapped into act(...):

act(() => {
  /* fire events that update state */
});
/* assert on the output */

This ensures that you're testing the behavior the user would see in the browser. Learn more at https://reactjs.org/link/wrap-tests-with-act
    at Signup (C:/Users/Admin/graceful_books/src/pages/auth/Signup.tsx:8:61)
    at Router (C:\Users\Admin\graceful_books\node_modules\react-router\dist\umd\react-router.development.js:1207:17)
    at BrowserRouter (C:\Users\Admin\graceful_books\node_modules\react-router-dom\dist\umd\react-router-dom.development.js:695:7)

[90mstderr[2m | src/pages/auth/Signup.test.tsx[2m > [22m[2mSignup Page with Charity Selection[2m > [22m[2mcredentials step[2m > [22m[2mshould show validation error when passwords do not match
[22m[39mWarning: An update to Signup inside a test was not wrapped in act(...).

When testing, code that causes React state updates should be wrapped into act(...):

act(() => {
  /* fire events that update state */
});
/* assert on the output */

This ensures that you're testing the behavior the user would see in the browser. Learn more at https://reactjs.org/link/wrap-tests-with-act
    at Signup (C:/Users/Admin/graceful_books/src/pages/auth/Signup.tsx:8:61)
    at Router (C:\Users\Admin\graceful_books\node_modules\react-router\dist\umd\react-router.development.js:1207:17)
    at BrowserRouter (C:\Users\Admin\graceful_books\node_modules\react-router-dom\dist\umd\react-router-dom.development.js:695:7)

[90mstderr[2m | src/pages/auth/Signup.test.tsx[2m > [22m[2mSignup Page with Charity Selection[2m > [22m[2mcredentials step[2m > [22m[2mshould show validation error when passwords do not match
[22m[39mWarning: An update to Signup inside a test was not wrapped in act(...).

When testing, code that causes React state updates should be wrapped into act(...):

act(() => {
  /* fire events that update state */
});
/* assert on the output */

This ensures that you're testing the behavior the user would see in the browser. Learn more at https://reactjs.org/link/wrap-tests-with-act
    at Signup (C:/Users/Admin/graceful_books/src/pages/auth/Signup.tsx:8:61)
    at Router (C:\Users\Admin\graceful_books\node_modules\react-router\dist\umd\react-router.development.js:1207:17)
    at BrowserRouter (C:\Users\Admin\graceful_books\node_modules\react-router-dom\dist\umd\react-router-dom.development.js:695:7)

[90mstderr[2m | src/pages/auth/Signup.test.tsx[2m > [22m[2mSignup Page with Charity Selection[2m > [22m[2mcredentials step[2m > [22m[2mshould show validation error when passwords do not match
[22m[39mWarning: An update to Signup inside a test was not wrapped in act(...).

When testing, code that causes React state updates should be wrapped into act(...):

act(() => {
  /* fire events that update state */
});
/* assert on the output */

This ensures that you're testing the behavior the user would see in the browser. Learn more at https://reactjs.org/link/wrap-tests-with-act
    at Signup (C:/Users/Admin/graceful_books/src/pages/auth/Signup.tsx:8:61)
    at Router (C:\Users\Admin\graceful_books\node_modules\react-router\dist\umd\react-router.development.js:1207:17)
    at BrowserRouter (C:\Users\Admin\graceful_books\node_modules\react-router-dom\dist\umd\react-router-dom.development.js:695:7)

[90mstderr[2m | src/pages/auth/Signup.test.tsx[2m > [22m[2mSignup Page with Charity Selection[2m > [22m[2mcredentials step[2m > [22m[2mshould show validation error when passwords do not match
[22m[39mWarning: An update to Signup inside a test was not wrapped in act(...).

When testing, code that causes React state updates should be wrapped into act(...):

act(() => {
  /* fire events that update state */
});
/* assert on the output */

This ensures that you're testing the behavior the user would see in the browser. Learn more at https://reactjs.org/link/wrap-tests-with-act
    at Signup (C:/Users/Admin/graceful_books/src/pages/auth/Signup.tsx:8:61)
    at Router (C:\Users\Admin\graceful_books\node_modules\react-router\dist\umd\react-router.development.js:1207:17)
    at BrowserRouter (C:\Users\Admin\graceful_books\node_modules\react-router-dom\dist\umd\react-router-dom.development.js:695:7)

[90mstderr[2m | src/pages/auth/Signup.test.tsx[2m > [22m[2mSignup Page with Charity Selection[2m > [22m[2mcredentials step[2m > [22m[2mshould show validation error when passwords do not match
[22m[39mWarning: An update to Signup inside a test was not wrapped in act(...).

When testing, code that causes React state updates should be wrapped into act(...):

act(() => {
  /* fire events that update state */
});
/* assert on the output */

This ensures that you're testing the behavior the user would see in the browser. Learn more at https://reactjs.org/link/wrap-tests-with-act
    at Signup (C:/Users/Admin/graceful_books/src/pages/auth/Signup.tsx:8:61)
    at Router (C:\Users\Admin\graceful_books\node_modules\react-router\dist\umd\react-router.development.js:1207:17)
    at BrowserRouter (C:\Users\Admin\graceful_books\node_modules\react-router-dom\dist\umd\react-router-dom.development.js:695:7)

[90mstderr[2m | src/pages/auth/Signup.test.tsx[2m > [22m[2mSignup Page with Charity Selection[2m > [22m[2mcredentials step[2m > [22m[2mshould show validation error when passwords do not match
[22m[39mWarning: An update to Signup inside a test was not wrapped in act(...).

When testing, code that causes React state updates should be wrapped into act(...):

act(() => {
  /* fire events that update state */
});
/* assert on the output */

This ensures that you're testing the behavior the user would see in the browser. Learn more at https://reactjs.org/link/wrap-tests-with-act
    at Signup (C:/Users/Admin/graceful_books/src/pages/auth/Signup.tsx:8:61)
    at Router (C:\Users\Admin\graceful_books\node_modules\react-router\dist\umd\react-router.development.js:1207:17)
    at BrowserRouter (C:\Users\Admin\graceful_books\node_modules\react-router-dom\dist\umd\react-router-dom.development.js:695:7)

[90mstderr[2m | src/pages/auth/Signup.test.tsx[2m > [22m[2mSignup Page with Charity Selection[2m > [22m[2mcredentials step[2m > [22m[2mshould show validation error when passwords do not match
[22m[39mWarning: An update to Signup inside a test was not wrapped in act(...).

When testing, code that causes React state updates should be wrapped into act(...):

act(() => {
  /* fire events that update state */
});
/* assert on the output */

This ensures that you're testing the behavior the user would see in the browser. Learn more at https://reactjs.org/link/wrap-tests-with-act
    at Signup (C:/Users/Admin/graceful_books/src/pages/auth/Signup.tsx:8:61)
    at Router (C:\Users\Admin\graceful_books\node_modules\react-router\dist\umd\react-router.development.js:1207:17)
    at BrowserRouter (C:\Users\Admin\graceful_books\node_modules\react-router-dom\dist\umd\react-router-dom.development.js:695:7)

[90mstderr[2m | src/pages/auth/Signup.test.tsx[2m > [22m[2mSignup Page with Charity Selection[2m > [22m[2mcredentials step[2m > [22m[2mshould show validation error when passwords do not match
[22m[39mWarning: An update to Signup inside a test was not wrapped in act(...).

When testing, code that causes React state updates should be wrapped into act(...):

act(() => {
  /* fire events that update state */
});
/* assert on the output */

This ensures that you're testing the behavior the user would see in the browser. Learn more at https://reactjs.org/link/wrap-tests-with-act
    at Signup (C:/Users/Admin/graceful_books/src/pages/auth/Signup.tsx:8:61)
    at Router (C:\Users\Admin\graceful_books\node_modules\react-router\dist\umd\react-router.development.js:1207:17)
    at BrowserRouter (C:\Users\Admin\graceful_books\node_modules\react-router-dom\dist\umd\react-router-dom.development.js:695:7)

[90mstderr[2m | src/pages/auth/Signup.test.tsx[2m > [22m[2mSignup Page with Charity Selection[2m > [22m[2mcredentials step[2m > [22m[2mshould show validation error when passwords do not match
[22m[39mWarning: An update to Signup inside a test was not wrapped in act(...).

When testing, code that causes React state updates should be wrapped into act(...):

act(() => {
  /* fire events that update state */
});
/* assert on the output */

This ensures that you're testing the behavior the user would see in the browser. Learn more at https://reactjs.org/link/wrap-tests-with-act
    at Signup (C:/Users/Admin/graceful_books/src/pages/auth/Signup.tsx:8:61)
    at Router (C:\Users\Admin\graceful_books\node_modules\react-router\dist\umd\react-router.development.js:1207:17)
    at BrowserRouter (C:\Users\Admin\graceful_books\node_modules\react-router-dom\dist\umd\react-router-dom.development.js:695:7)

[90mstderr[2m | src/pages/auth/Signup.test.tsx[2m > [22m[2mSignup Page with Charity Selection[2m > [22m[2mcredentials step[2m > [22m[2mshould show validation error when passwords do not match
[22m[39mWarning: An update to Signup inside a test was not wrapped in act(...).

When testing, code that causes React state updates should be wrapped into act(...):

act(() => {
  /* fire events that update state */
});
/* assert on the output */

This ensures that you're testing the behavior the user would see in the browser. Learn more at https://reactjs.org/link/wrap-tests-with-act
    at Signup (C:/Users/Admin/graceful_books/src/pages/auth/Signup.tsx:8:61)
    at Router (C:\Users\Admin\graceful_books\node_modules\react-router\dist\umd\react-router.development.js:1207:17)
    at BrowserRouter (C:\Users\Admin\graceful_books\node_modules\react-router-dom\dist\umd\react-router-dom.development.js:695:7)

[90mstderr[2m | src/pages/auth/Signup.test.tsx[2m > [22m[2mSignup Page with Charity Selection[2m > [22m[2mcredentials step[2m > [22m[2mshould show validation error when passwords do not match
[22m[39mWarning: An update to Signup inside a test was not wrapped in act(...).

When testing, code that causes React state updates should be wrapped into act(...):

act(() => {
  /* fire events that update state */
});
/* assert on the output */

This ensures that you're testing the behavior the user would see in the browser. Learn more at https://reactjs.org/link/wrap-tests-with-act
    at Signup (C:/Users/Admin/graceful_books/src/pages/auth/Signup.tsx:8:61)
    at Router (C:\Users\Admin\graceful_books\node_modules\react-router\dist\umd\react-router.development.js:1207:17)
    at BrowserRouter (C:\Users\Admin\graceful_books\node_modules\react-router-dom\dist\umd\react-router-dom.development.js:695:7)

[90mstderr[2m | src/pages/auth/Signup.test.tsx[2m > [22m[2mSignup Page with Charity Selection[2m > [22m[2mcredentials step[2m > [22m[2mshould show validation error when passwords do not match
[22m[39mWarning: An update to Signup inside a test was not wrapped in act(...).

When testing, code that causes React state updates should be wrapped into act(...):

act(() => {
  /* fire events that update state */
});
/* assert on the output */

This ensures that you're testing the behavior the user would see in the browser. Learn more at https://reactjs.org/link/wrap-tests-with-act
    at Signup (C:/Users/Admin/graceful_books/src/pages/auth/Signup.tsx:8:61)
    at Router (C:\Users\Admin\graceful_books\node_modules\react-router\dist\umd\react-router.development.js:1207:17)
    at BrowserRouter (C:\Users\Admin\graceful_books\node_modules\react-router-dom\dist\umd\react-router-dom.development.js:695:7)

[90mstderr[2m | src/pages/auth/Signup.test.tsx[2m > [22m[2mSignup Page with Charity Selection[2m > [22m[2mcredentials step[2m > [22m[2mshould show validation error when passwords do not match
[22m[39mWarning: An update to Signup inside a test was not wrapped in act(...).

When testing, code that causes React state updates should be wrapped into act(...):

act(() => {
  /* fire events that update state */
});
/* assert on the output */

This ensures that you're testing the behavior the user would see in the browser. Learn more at https://reactjs.org/link/wrap-tests-with-act
    at Signup (C:/Users/Admin/graceful_books/src/pages/auth/Signup.tsx:8:61)
    at Router (C:\Users\Admin\graceful_books\node_modules\react-router\dist\umd\react-router.development.js:1207:17)
    at BrowserRouter (C:\Users\Admin\graceful_books\node_modules\react-router-dom\dist\umd\react-router-dom.development.js:695:7)

[90mstderr[2m | src/pages/auth/Signup.test.tsx[2m > [22m[2mSignup Page with Charity Selection[2m > [22m[2mcredentials step[2m > [22m[2mshould show validation error when passwords do not match
[22m[39mWarning: An update to Signup inside a test was not wrapped in act(...).

When testing, code that causes React state updates should be wrapped into act(...):

act(() => {
  /* fire events that update state */
});
/* assert on the output */

This ensures that you're testing the behavior the user would see in the browser. Learn more at https://reactjs.org/link/wrap-tests-with-act
    at Signup (C:/Users/Admin/graceful_books/src/pages/auth/Signup.tsx:8:61)
    at Router (C:\Users\Admin\graceful_books\node_modules\react-router\dist\umd\react-router.development.js:1207:17)
    at BrowserRouter (C:\Users\Admin\graceful_books\node_modules\react-router-dom\dist\umd\react-router-dom.development.js:695:7)

[90mstderr[2m | src/pages/auth/Signup.test.tsx[2m > [22m[2mSignup Page with Charity Selection[2m > [22m[2mcredentials step[2m > [22m[2mshould show validation error when passwords do not match
[22m[39mWarning: An update to Signup inside a test was not wrapped in act(...).

When testing, code that causes React state updates should be wrapped into act(...):

act(() => {
  /* fire events that update state */
});
/* assert on the output */

This ensures that you're testing the behavior the user would see in the browser. Learn more at https://reactjs.org/link/wrap-tests-with-act
    at Signup (C:/Users/Admin/graceful_books/src/pages/auth/Signup.tsx:8:61)
    at Router (C:\Users\Admin\graceful_books\node_modules\react-router\dist\umd\react-router.development.js:1207:17)
    at BrowserRouter (C:\Users\Admin\graceful_books\node_modules\react-router-dom\dist\umd\react-router-dom.development.js:695:7)

[90mstderr[2m | src/pages/auth/Signup.test.tsx[2m > [22m[2mSignup Page with Charity Selection[2m > [22m[2mcredentials step[2m > [22m[2mshould show validation error when passwords do not match
[22m[39mWarning: An update to Signup inside a test was not wrapped in act(...).

When testing, code that causes React state updates should be wrapped into act(...):

act(() => {
  /* fire events that update state */
});
/* assert on the output */

This ensures that you're testing the behavior the user would see in the browser. Learn more at https://reactjs.org/link/wrap-tests-with-act
    at Signup (C:/Users/Admin/graceful_books/src/pages/auth/Signup.tsx:8:61)
    at Router (C:\Users\Admin\graceful_books\node_modules\react-router\dist\umd\react-router.development.js:1207:17)
    at BrowserRouter (C:\Users\Admin\graceful_books\node_modules\react-router-dom\dist\umd\react-router-dom.development.js:695:7)

[90mstderr[2m | src/pages/auth/Signup.test.tsx[2m > [22m[2mSignup Page with Charity Selection[2m > [22m[2mcredentials step[2m > [22m[2mshould show validation error when passwords do not match
[22m[39mWarning: An update to Signup inside a test was not wrapped in act(...).

When testing, code that causes React state updates should be wrapped into act(...):

act(() => {
  /* fire events that update state */
});
/* assert on the output */

This ensures that you're testing the behavior the user would see in the browser. Learn more at https://reactjs.org/link/wrap-tests-with-act
    at Signup (C:/Users/Admin/graceful_books/src/pages/auth/Signup.tsx:8:61)
    at Router (C:\Users\Admin\graceful_books\node_modules\react-router\dist\umd\react-router.development.js:1207:17)
    at BrowserRouter (C:\Users\Admin\graceful_books\node_modules\react-router-dom\dist\umd\react-router-dom.development.js:695:7)

[90mstderr[2m | src/pages/auth/Signup.test.tsx[2m > [22m[2mSignup Page with Charity Selection[2m > [22m[2mcredentials step[2m > [22m[2mshould show validation error when passwords do not match
[22m[39mWarning: An update to Signup inside a test was not wrapped in act(...).

When testing, code that causes React state updates should be wrapped into act(...):

act(() => {
  /* fire events that update state */
});
/* assert on the output */

This ensures that you're testing the behavior the user would see in the browser. Learn more at https://reactjs.org/link/wrap-tests-with-act
    at Signup (C:/Users/Admin/graceful_books/src/pages/auth/Signup.tsx:8:61)
    at Router (C:\Users\Admin\graceful_books\node_modules\react-router\dist\umd\react-router.development.js:1207:17)
    at BrowserRouter (C:\Users\Admin\graceful_books\node_modules\react-router-dom\dist\umd\react-router-dom.development.js:695:7)

[90mstderr[2m | src/pages/auth/Signup.test.tsx[2m > [22m[2mSignup Page with Charity Selection[2m > [22m[2mcredentials step[2m > [22m[2mshould show validation error when passwords do not match
[22m[39mWarning: An update to Signup inside a test was not wrapped in act(...).

When testing, code that causes React state updates should be wrapped into act(...):

act(() => {
  /* fire events that update state */
});
/* assert on the output */

This ensures that you're testing the behavior the user would see in the browser. Learn more at https://reactjs.org/link/wrap-tests-with-act
    at Signup (C:/Users/Admin/graceful_books/src/pages/auth/Signup.tsx:8:61)
    at Router (C:\Users\Admin\graceful_books\node_modules\react-router\dist\umd\react-router.development.js:1207:17)
    at BrowserRouter (C:\Users\Admin\graceful_books\node_modules\react-router-dom\dist\umd\react-router-dom.development.js:695:7)

[90mstderr[2m | src/pages/auth/Signup.test.tsx[2m > [22m[2mSignup Page with Charity Selection[2m > [22m[2mcredentials step[2m > [22m[2mshould show validation error when passwords do not match
[22m[39mWarning: An update to Signup inside a test was not wrapped in act(...).

When testing, code that causes React state updates should be wrapped into act(...):

act(() => {
  /* fire events that update state */
});
/* assert on the output */

This ensures that you're testing the behavior the user would see in the browser. Learn more at https://reactjs.org/link/wrap-tests-with-act
    at Signup (C:/Users/Admin/graceful_books/src/pages/auth/Signup.tsx:8:61)
    at Router (C:\Users\Admin\graceful_books\node_modules\react-router\dist\umd\react-router.development.js:1207:17)
    at BrowserRouter (C:\Users\Admin\graceful_books\node_modules\react-router-dom\dist\umd\react-router-dom.development.js:695:7)

[90mstderr[2m | src/pages/auth/Signup.test.tsx[2m > [22m[2mSignup Page with Charity Selection[2m > [22m[2mcredentials step[2m > [22m[2mshould show validation error when passwords do not match
[22m[39mWarning: An update to Signup inside a test was not wrapped in act(...).

When testing, code that causes React state updates should be wrapped into act(...):

act(() => {
  /* fire events that update state */
});
/* assert on the output */

This ensures that you're testing the behavior the user would see in the browser. Learn more at https://reactjs.org/link/wrap-tests-with-act
    at Signup (C:/Users/Admin/graceful_books/src/pages/auth/Signup.tsx:8:61)
    at Router (C:\Users\Admin\graceful_books\node_modules\react-router\dist\umd\react-router.development.js:1207:17)
    at BrowserRouter (C:\Users\Admin\graceful_books\node_modules\react-router-dom\dist\umd\react-router-dom.development.js:695:7)

[90mstderr[2m | src/pages/auth/Signup.test.tsx[2m > [22m[2mSignup Page with Charity Selection[2m > [22m[2mcredentials step[2m > [22m[2mshould show validation error when passwords do not match
[22m[39mWarning: An update to Signup inside a test was not wrapped in act(...).

When testing, code that causes React state updates should be wrapped into act(...):

act(() => {
  /* fire events that update state */
});
/* assert on the output */

This ensures that you're testing the behavior the user would see in the browser. Learn more at https://reactjs.org/link/wrap-tests-with-act
    at Signup (C:/Users/Admin/graceful_books/src/pages/auth/Signup.tsx:8:61)
    at Router (C:\Users\Admin\graceful_books\node_modules\react-router\dist\umd\react-router.development.js:1207:17)
    at BrowserRouter (C:\Users\Admin\graceful_books\node_modules\react-router-dom\dist\umd\react-router-dom.development.js:695:7)

[90mstderr[2m | src/pages/auth/Signup.test.tsx[2m > [22m[2mSignup Page with Charity Selection[2m > [22m[2mcredentials step[2m > [22m[2mshould show validation error when passwords do not match
[22m[39mWarning: An update to Signup inside a test was not wrapped in act(...).

When testing, code that causes React state updates should be wrapped into act(...):

act(() => {
  /* fire events that update state */
});
/* assert on the output */

This ensures that you're testing the behavior the user would see in the browser. Learn more at https://reactjs.org/link/wrap-tests-with-act
    at Signup (C:/Users/Admin/graceful_books/src/pages/auth/Signup.tsx:8:61)
    at Router (C:\Users\Admin\graceful_books\node_modules\react-router\dist\umd\react-router.development.js:1207:17)
    at BrowserRouter (C:\Users\Admin\graceful_books\node_modules\react-router-dom\dist\umd\react-router-dom.development.js:695:7)

[90mstderr[2m | src/pages/auth/Signup.test.tsx[2m > [22m[2mSignup Page with Charity Selection[2m > [22m[2mcredentials step[2m > [22m[2mshould show validation error when passwords do not match
[22m[39mWarning: An update to Signup inside a test was not wrapped in act(...).

When testing, code that causes React state updates should be wrapped into act(...):

act(() => {
  /* fire events that update state */
});
/* assert on the output */

This ensures that you're testing the behavior the user would see in the browser. Learn more at https://reactjs.org/link/wrap-tests-with-act
    at Signup (C:/Users/Admin/graceful_books/src/pages/auth/Signup.tsx:8:61)
    at Router (C:\Users\Admin\graceful_books\node_modules\react-router\dist\umd\react-router.development.js:1207:17)
    at BrowserRouter (C:\Users\Admin\graceful_books\node_modules\react-router-dom\dist\umd\react-router-dom.development.js:695:7)

[90mstderr[2m | src/pages/auth/Signup.test.tsx[2m > [22m[2mSignup Page with Charity Selection[2m > [22m[2mcredentials step[2m > [22m[2mshould show validation error when passwords do not match
[22m[39mWarning: An update to Signup inside a test was not wrapped in act(...).

When testing, code that causes React state updates should be wrapped into act(...):

act(() => {
  /* fire events that update state */
});
/* assert on the output */

This ensures that you're testing the behavior the user would see in the browser. Learn more at https://reactjs.org/link/wrap-tests-with-act
    at Signup (C:/Users/Admin/graceful_books/src/pages/auth/Signup.tsx:8:61)
    at Router (C:\Users\Admin\graceful_books\node_modules\react-router\dist\umd\react-router.development.js:1207:17)
    at BrowserRouter (C:\Users\Admin\graceful_books\node_modules\react-router-dom\dist\umd\react-router-dom.development.js:695:7)

[90mstderr[2m | src/pages/auth/Signup.test.tsx[2m > [22m[2mSignup Page with Charity Selection[2m > [22m[2mcredentials step[2m > [22m[2mshould show validation error when passwords do not match
[22m[39mWarning: An update to Signup inside a test was not wrapped in act(...).

When testing, code that causes React state updates should be wrapped into act(...):

act(() => {
  /* fire events that update state */
});
/* assert on the output */

This ensures that you're testing the behavior the user would see in the browser. Learn more at https://reactjs.org/link/wrap-tests-with-act
    at Signup (C:/Users/Admin/graceful_books/src/pages/auth/Signup.tsx:8:61)
    at Router (C:\Users\Admin\graceful_books\node_modules\react-router\dist\umd\react-router.development.js:1207:17)
    at BrowserRouter (C:\Users\Admin\graceful_books\node_modules\react-router-dom\dist\umd\react-router-dom.development.js:695:7)

[90mstderr[2m | src/pages/auth/Signup.test.tsx[2m > [22m[2mSignup Page with Charity Selection[2m > [22m[2mcredentials step[2m > [22m[2mshould show validation error when passwords do not match
[22m[39mWarning: An update to Signup inside a test was not wrapped in act(...).

When testing, code that causes React state updates should be wrapped into act(...):

act(() => {
  /* fire events that update state */
});
/* assert on the output */

This ensures that you're testing the behavior the user would see in the browser. Learn more at https://reactjs.org/link/wrap-tests-with-act
    at Signup (C:/Users/Admin/graceful_books/src/pages/auth/Signup.tsx:8:61)
    at Router (C:\Users\Admin\graceful_books\node_modules\react-router\dist\umd\react-router.development.js:1207:17)
    at BrowserRouter (C:\Users\Admin\graceful_books\node_modules\react-router-dom\dist\umd\react-router-dom.development.js:695:7)

[90mstderr[2m | src/pages/auth/Signup.test.tsx[2m > [22m[2mSignup Page with Charity Selection[2m > [22m[2mcredentials step[2m > [22m[2mshould show validation error when passwords do not match
[22m[39mWarning: An update to Signup inside a test was not wrapped in act(...).

When testing, code that causes React state updates should be wrapped into act(...):

act(() => {
  /* fire events that update state */
});
/* assert on the output */

This ensures that you're testing the behavior the user would see in the browser. Learn more at https://reactjs.org/link/wrap-tests-with-act
    at Signup (C:/Users/Admin/graceful_books/src/pages/auth/Signup.tsx:8:61)
    at Router (C:\Users\Admin\graceful_books\node_modules\react-router\dist\umd\react-router.development.js:1207:17)
    at BrowserRouter (C:\Users\Admin\graceful_books\node_modules\react-router-dom\dist\umd\react-router-dom.development.js:695:7)

[90mstderr[2m | src/pages/auth/Signup.test.tsx[2m > [22m[2mSignup Page with Charity Selection[2m > [22m[2mcredentials step[2m > [22m[2mshould show validation error when passwords do not match
[22m[39mWarning: An update to Signup inside a test was not wrapped in act(...).

When testing, code that causes React state updates should be wrapped into act(...):

act(() => {
  /* fire events that update state */
});
/* assert on the output */

This ensures that you're testing the behavior the user would see in the browser. Learn more at https://reactjs.org/link/wrap-tests-with-act
    at Signup (C:/Users/Admin/graceful_books/src/pages/auth/Signup.tsx:8:61)
    at Router (C:\Users\Admin\graceful_books\node_modules\react-router\dist\umd\react-router.development.js:1207:17)
    at BrowserRouter (C:\Users\Admin\graceful_books\node_modules\react-router-dom\dist\umd\react-router-dom.development.js:695:7)

[90mstderr[2m | src/pages/auth/Signup.test.tsx[2m > [22m[2mSignup Page with Charity Selection[2m > [22m[2mcredentials step[2m > [22m[2mshould show validation error when passwords do not match
[22m[39mWarning: An update to Signup inside a test was not wrapped in act(...).

When testing, code that causes React state updates should be wrapped into act(...):

act(() => {
  /* fire events that update state */
});
/* assert on the output */

This ensures that you're testing the behavior the user would see in the browser. Learn more at https://reactjs.org/link/wrap-tests-with-act
    at Signup (C:/Users/Admin/graceful_books/src/pages/auth/Signup.tsx:8:61)
    at Router (C:\Users\Admin\graceful_books\node_modules\react-router\dist\umd\react-router.development.js:1207:17)
    at BrowserRouter (C:\Users\Admin\graceful_books\node_modules\react-router-dom\dist\umd\react-router-dom.development.js:695:7)

[90mstderr[2m | src/pages/auth/Signup.test.tsx[2m > [22m[2mSignup Page with Charity Selection[2m > [22m[2mcredentials step[2m > [22m[2mshould show validation error when passwords do not match
[22m[39mWarning: An update to Signup inside a test was not wrapped in act(...).

When testing, code that causes React state updates should be wrapped into act(...):

act(() => {
  /* fire events that update state */
});
/* assert on the output */

This ensures that you're testing the behavior the user would see in the browser. Learn more at https://reactjs.org/link/wrap-tests-with-act
    at Signup (C:/Users/Admin/graceful_books/src/pages/auth/Signup.tsx:8:61)
    at Router (C:\Users\Admin\graceful_books\node_modules\react-router\dist\umd\react-router.development.js:1207:17)
    at BrowserRouter (C:\Users\Admin\graceful_books\node_modules\react-router-dom\dist\umd\react-router-dom.development.js:695:7)

[90mstderr[2m | src/pages/auth/Signup.test.tsx[2m > [22m[2mSignup Page with Charity Selection[2m > [22m[2mcredentials step[2m > [22m[2mshould show validation error when passwords do not match
[22m[39mWarning: An update to Signup inside a test was not wrapped in act(...).

When testing, code that causes React state updates should be wrapped into act(...):

act(() => {
  /* fire events that update state */
});
/* assert on the output */

This ensures that you're testing the behavior the user would see in the browser. Learn more at https://reactjs.org/link/wrap-tests-with-act
    at Signup (C:/Users/Admin/graceful_books/src/pages/auth/Signup.tsx:8:61)
    at Router (C:\Users\Admin\graceful_books\node_modules\react-router\dist\umd\react-router.development.js:1207:17)
    at BrowserRouter (C:\Users\Admin\graceful_books\node_modules\react-router-dom\dist\umd\react-router-dom.development.js:695:7)

[90mstderr[2m | src/pages/auth/Signup.test.tsx[2m > [22m[2mSignup Page with Charity Selection[2m > [22m[2mcredentials step[2m > [22m[2mshould show validation error when passwords do not match
[22m[39mWarning: An update to Signup inside a test was not wrapped in act(...).

When testing, code that causes React state updates should be wrapped into act(...):

act(() => {
  /* fire events that update state */
});
/* assert on the output */

This ensures that you're testing the behavior the user would see in the browser. Learn more at https://reactjs.org/link/wrap-tests-with-act
    at Signup (C:/Users/Admin/graceful_books/src/pages/auth/Signup.tsx:8:61)
    at Router (C:\Users\Admin\graceful_books\node_modules\react-router\dist\umd\react-router.development.js:1207:17)
    at BrowserRouter (C:\Users\Admin\graceful_books\node_modules\react-router-dom\dist\umd\react-router-dom.development.js:695:7)

[90mstderr[2m | src/pages/auth/Signup.test.tsx[2m > [22m[2mSignup Page with Charity Selection[2m > [22m[2mcredentials step[2m > [22m[2mshould show validation error when passwords do not match
[22m[39mWarning: An update to Signup inside a test was not wrapped in act(...).

When testing, code that causes React state updates should be wrapped into act(...):

act(() => {
  /* fire events that update state */
});
/* assert on the output */

This ensures that you're testing the behavior the user would see in the browser. Learn more at https://reactjs.org/link/wrap-tests-with-act
    at Signup (C:/Users/Admin/graceful_books/src/pages/auth/Signup.tsx:8:61)
    at Router (C:\Users\Admin\graceful_books\node_modules\react-router\dist\umd\react-router.development.js:1207:17)
    at BrowserRouter (C:\Users\Admin\graceful_books\node_modules\react-router-dom\dist\umd\react-router-dom.development.js:695:7)

[90mstderr[2m | src/pages/auth/Signup.test.tsx[2m > [22m[2mSignup Page with Charity Selection[2m > [22m[2mcredentials step[2m > [22m[2mshould show validation error when passwords do not match
[22m[39mWarning: An update to Signup inside a test was not wrapped in act(...).

When testing, code that causes React state updates should be wrapped into act(...):

act(() => {
  /* fire events that update state */
});
/* assert on the output */

This ensures that you're testing the behavior the user would see in the browser. Learn more at https://reactjs.org/link/wrap-tests-with-act
    at Signup (C:/Users/Admin/graceful_books/src/pages/auth/Signup.tsx:8:61)
    at Router (C:\Users\Admin\graceful_books\node_modules\react-router\dist\umd\react-router.development.js:1207:17)
    at BrowserRouter (C:\Users\Admin\graceful_books\node_modules\react-router-dom\dist\umd\react-router-dom.development.js:695:7)

[90mstderr[2m | src/pages/auth/Signup.test.tsx[2m > [22m[2mSignup Page with Charity Selection[2m > [22m[2mcredentials step[2m > [22m[2mshould proceed to charity selection when passwords match
[22m[39mWarning: An update to Signup inside a test was not wrapped in act(...).

When testing, code that causes React state updates should be wrapped into act(...):

act(() => {
  /* fire events that update state */
});
/* assert on the output */

This ensures that you're testing the behavior the user would see in the browser. Learn more at https://reactjs.org/link/wrap-tests-with-act
    at Signup (C:/Users/Admin/graceful_books/src/pages/auth/Signup.tsx:8:61)
    at Router (C:\Users\Admin\graceful_books\node_modules\react-router\dist\umd\react-router.development.js:1207:17)
    at BrowserRouter (C:\Users\Admin\graceful_books\node_modules\react-router-dom\dist\umd\react-router-dom.development.js:695:7)

[90mstderr[2m | src/pages/auth/Signup.test.tsx[2m > [22m[2mSignup Page with Charity Selection[2m > [22m[2mcredentials step[2m > [22m[2mshould proceed to charity selection when passwords match
[22m[39mWarning: An update to Signup inside a test was not wrapped in act(...).

When testing, code that causes React state updates should be wrapped into act(...):

act(() => {
  /* fire events that update state */
});
/* assert on the output */

This ensures that you're testing the behavior the user would see in the browser. Learn more at https://reactjs.org/link/wrap-tests-with-act
    at Signup (C:/Users/Admin/graceful_books/src/pages/auth/Signup.tsx:8:61)
    at Router (C:\Users\Admin\graceful_books\node_modules\react-router\dist\umd\react-router.development.js:1207:17)
    at BrowserRouter (C:\Users\Admin\graceful_books\node_modules\react-router-dom\dist\umd\react-router-dom.development.js:695:7)

[90mstderr[2m | src/pages/auth/Signup.test.tsx[2m > [22m[2mSignup Page with Charity Selection[2m > [22m[2mcredentials step[2m > [22m[2mshould proceed to charity selection when passwords match
[22m[39mWarning: An update to Signup inside a test was not wrapped in act(...).

When testing, code that causes React state updates should be wrapped into act(...):

act(() => {
  /* fire events that update state */
});
/* assert on the output */

This ensures that you're testing the behavior the user would see in the browser. Learn more at https://reactjs.org/link/wrap-tests-with-act
    at Signup (C:/Users/Admin/graceful_books/src/pages/auth/Signup.tsx:8:61)
    at Router (C:\Users\Admin\graceful_books\node_modules\react-router\dist\umd\react-router.development.js:1207:17)
    at BrowserRouter (C:\Users\Admin\graceful_books\node_modules\react-router-dom\dist\umd\react-router-dom.development.js:695:7)

[90mstderr[2m | src/pages/auth/Signup.test.tsx[2m > [22m[2mSignup Page with Charity Selection[2m > [22m[2mcredentials step[2m > [22m[2mshould proceed to charity selection when passwords match
[22m[39mWarning: An update to Signup inside a test was not wrapped in act(...).

When testing, code that causes React state updates should be wrapped into act(...):

act(() => {
  /* fire events that update state */
});
/* assert on the output */

This ensures that you're testing the behavior the user would see in the browser. Learn more at https://reactjs.org/link/wrap-tests-with-act
    at Signup (C:/Users/Admin/graceful_books/src/pages/auth/Signup.tsx:8:61)
    at Router (C:\Users\Admin\graceful_books\node_modules\react-router\dist\umd\react-router.development.js:1207:17)
    at BrowserRouter (C:\Users\Admin\graceful_books\node_modules\react-router-dom\dist\umd\react-router-dom.development.js:695:7)

[90mstderr[2m | src/pages/auth/Signup.test.tsx[2m > [22m[2mSignup Page with Charity Selection[2m > [22m[2mcredentials step[2m > [22m[2mshould proceed to charity selection when passwords match
[22m[39mWarning: An update to Signup inside a test was not wrapped in act(...).

When testing, code that causes React state updates should be wrapped into act(...):

act(() => {
  /* fire events that update state */
});
/* assert on the output */

This ensures that you're testing the behavior the user would see in the browser. Learn more at https://reactjs.org/link/wrap-tests-with-act
    at Signup (C:/Users/Admin/graceful_books/src/pages/auth/Signup.tsx:8:61)
    at Router (C:\Users\Admin\graceful_books\node_modules\react-router\dist\umd\react-router.development.js:1207:17)
    at BrowserRouter (C:\Users\Admin\graceful_books\node_modules\react-router-dom\dist\umd\react-router-dom.development.js:695:7)

[90mstderr[2m | src/pages/auth/Signup.test.tsx[2m > [22m[2mSignup Page with Charity Selection[2m > [22m[2mcredentials step[2m > [22m[2mshould proceed to charity selection when passwords match
[22m[39mWarning: An update to Signup inside a test was not wrapped in act(...).

When testing, code that causes React state updates should be wrapped into act(...):

act(() => {
  /* fire events that update state */
});
/* assert on the output */

This ensures that you're testing the behavior the user would see in the browser. Learn more at https://reactjs.org/link/wrap-tests-with-act
    at Signup (C:/Users/Admin/graceful_books/src/pages/auth/Signup.tsx:8:61)
    at Router (C:\Users\Admin\graceful_books\node_modules\react-router\dist\umd\react-router.development.js:1207:17)
    at BrowserRouter (C:\Users\Admin\graceful_books\node_modules\react-router-dom\dist\umd\react-router-dom.development.js:695:7)

[90mstderr[2m | src/pages/auth/Signup.test.tsx[2m > [22m[2mSignup Page with Charity Selection[2m > [22m[2mcredentials step[2m > [22m[2mshould proceed to charity selection when passwords match
[22m[39mWarning: An update to Signup inside a test was not wrapped in act(...).

When testing, code that causes React state updates should be wrapped into act(...):

act(() => {
  /* fire events that update state */
});
/* assert on the output */

This ensures that you're testing the behavior the user would see in the browser. Learn more at https://reactjs.org/link/wrap-tests-with-act
    at Signup (C:/Users/Admin/graceful_books/src/pages/auth/Signup.tsx:8:61)
    at Router (C:\Users\Admin\graceful_books\node_modules\react-router\dist\umd\react-router.development.js:1207:17)
    at BrowserRouter (C:\Users\Admin\graceful_books\node_modules\react-router-dom\dist\umd\react-router-dom.development.js:695:7)

[90mstderr[2m | src/pages/auth/Signup.test.tsx[2m > [22m[2mSignup Page with Charity Selection[2m > [22m[2mcredentials step[2m > [22m[2mshould proceed to charity selection when passwords match
[22m[39mWarning: An update to Signup inside a test was not wrapped in act(...).

When testing, code that causes React state updates should be wrapped into act(...):

act(() => {
  /* fire events that update state */
});
/* assert on the output */

This ensures that you're testing the behavior the user would see in the browser. Learn more at https://reactjs.org/link/wrap-tests-with-act
    at Signup (C:/Users/Admin/graceful_books/src/pages/auth/Signup.tsx:8:61)
    at Router (C:\Users\Admin\graceful_books\node_modules\react-router\dist\umd\react-router.development.js:1207:17)
    at BrowserRouter (C:\Users\Admin\graceful_books\node_modules\react-router-dom\dist\umd\react-router-dom.development.js:695:7)

[90mstderr[2m | src/pages/auth/Signup.test.tsx[2m > [22m[2mSignup Page with Charity Selection[2m > [22m[2mcredentials step[2m > [22m[2mshould proceed to charity selection when passwords match
[22m[39mWarning: An update to Signup inside a test was not wrapped in act(...).

When testing, code that causes React state updates should be wrapped into act(...):

act(() => {
  /* fire events that update state */
});
/* assert on the output */

This ensures that you're testing the behavior the user would see in the browser. Learn more at https://reactjs.org/link/wrap-tests-with-act
    at Signup (C:/Users/Admin/graceful_books/src/pages/auth/Signup.tsx:8:61)
    at Router (C:\Users\Admin\graceful_books\node_modules\react-router\dist\umd\react-router.development.js:1207:17)
    at BrowserRouter (C:\Users\Admin\graceful_books\node_modules\react-router-dom\dist\umd\react-router-dom.development.js:695:7)

[90mstderr[2m | src/pages/auth/Signup.test.tsx[2m > [22m[2mSignup Page with Charity Selection[2m > [22m[2mcredentials step[2m > [22m[2mshould proceed to charity selection when passwords match
[22m[39mWarning: An update to Signup inside a test was not wrapped in act(...).

When testing, code that causes React state updates should be wrapped into act(...):

act(() => {
  /* fire events that update state */
});
/* assert on the output */

This ensures that you're testing the behavior the user would see in the browser. Learn more at https://reactjs.org/link/wrap-tests-with-act
    at Signup (C:/Users/Admin/graceful_books/src/pages/auth/Signup.tsx:8:61)
    at Router (C:\Users\Admin\graceful_books\node_modules\react-router\dist\umd\react-router.development.js:1207:17)
    at BrowserRouter (C:\Users\Admin\graceful_books\node_modules\react-router-dom\dist\umd\react-router-dom.development.js:695:7)

[90mstderr[2m | src/pages/auth/Signup.test.tsx[2m > [22m[2mSignup Page with Charity Selection[2m > [22m[2mcredentials step[2m > [22m[2mshould proceed to charity selection when passwords match
[22m[39mWarning: An update to Signup inside a test was not wrapped in act(...).

When testing, code that causes React state updates should be wrapped into act(...):

act(() => {
  /* fire events that update state */
});
/* assert on the output */

This ensures that you're testing the behavior the user would see in the browser. Learn more at https://reactjs.org/link/wrap-tests-with-act
    at Signup (C:/Users/Admin/graceful_books/src/pages/auth/Signup.tsx:8:61)
    at Router (C:\Users\Admin\graceful_books\node_modules\react-router\dist\umd\react-router.development.js:1207:17)
    at BrowserRouter (C:\Users\Admin\graceful_books\node_modules\react-router-dom\dist\umd\react-router-dom.development.js:695:7)

[90mstderr[2m | src/pages/auth/Signup.test.tsx[2m > [22m[2mSignup Page with Charity Selection[2m > [22m[2mcredentials step[2m > [22m[2mshould proceed to charity selection when passwords match
[22m[39mWarning: An update to Signup inside a test was not wrapped in act(...).

When testing, code that causes React state updates should be wrapped into act(...):

act(() => {
  /* fire events that update state */
});
/* assert on the output */

This ensures that you're testing the behavior the user would see in the browser. Learn more at https://reactjs.org/link/wrap-tests-with-act
    at Signup (C:/Users/Admin/graceful_books/src/pages/auth/Signup.tsx:8:61)
    at Router (C:\Users\Admin\graceful_books\node_modules\react-router\dist\umd\react-router.development.js:1207:17)
    at BrowserRouter (C:\Users\Admin\graceful_books\node_modules\react-router-dom\dist\umd\react-router-dom.development.js:695:7)

[90mstderr[2m | src/pages/auth/Signup.test.tsx[2m > [22m[2mSignup Page with Charity Selection[2m > [22m[2mcredentials step[2m > [22m[2mshould proceed to charity selection when passwords match
[22m[39mWarning: An update to Signup inside a test was not wrapped in act(...).

When testing, code that causes React state updates should be wrapped into act(...):

act(() => {
  /* fire events that update state */
});
/* assert on the output */

This ensures that you're testing the behavior the user would see in the browser. Learn more at https://reactjs.org/link/wrap-tests-with-act
    at Signup (C:/Users/Admin/graceful_books/src/pages/auth/Signup.tsx:8:61)
    at Router (C:\Users\Admin\graceful_books\node_modules\react-router\dist\umd\react-router.development.js:1207:17)
    at BrowserRouter (C:\Users\Admin\graceful_books\node_modules\react-router-dom\dist\umd\react-router-dom.development.js:695:7)

[90mstderr[2m | src/pages/auth/Signup.test.tsx[2m > [22m[2mSignup Page with Charity Selection[2m > [22m[2mcredentials step[2m > [22m[2mshould proceed to charity selection when passwords match
[22m[39mWarning: An update to Signup inside a test was not wrapped in act(...).

When testing, code that causes React state updates should be wrapped into act(...):

act(() => {
  /* fire events that update state */
});
/* assert on the output */

This ensures that you're testing the behavior the user would see in the browser. Learn more at https://reactjs.org/link/wrap-tests-with-act
    at Signup (C:/Users/Admin/graceful_books/src/pages/auth/Signup.tsx:8:61)
    at Router (C:\Users\Admin\graceful_books\node_modules\react-router\dist\umd\react-router.development.js:1207:17)
    at BrowserRouter (C:\Users\Admin\graceful_books\node_modules\react-router-dom\dist\umd\react-router-dom.development.js:695:7)

[90mstderr[2m | src/pages/auth/Signup.test.tsx[2m > [22m[2mSignup Page with Charity Selection[2m > [22m[2mcredentials step[2m > [22m[2mshould proceed to charity selection when passwords match
[22m[39mWarning: An update to Signup inside a test was not wrapped in act(...).

When testing, code that causes React state updates should be wrapped into act(...):

act(() => {
  /* fire events that update state */
});
/* assert on the output */

This ensures that you're testing the behavior the user would see in the browser. Learn more at https://reactjs.org/link/wrap-tests-with-act
    at Signup (C:/Users/Admin/graceful_books/src/pages/auth/Signup.tsx:8:61)
    at Router (C:\Users\Admin\graceful_books\node_modules\react-router\dist\umd\react-router.development.js:1207:17)
    at BrowserRouter (C:\Users\Admin\graceful_books\node_modules\react-router-dom\dist\umd\react-router-dom.development.js:695:7)

[90mstderr[2m | src/pages/auth/Signup.test.tsx[2m > [22m[2mSignup Page with Charity Selection[2m > [22m[2mcredentials step[2m > [22m[2mshould proceed to charity selection when passwords match
[22m[39mWarning: An update to Signup inside a test was not wrapped in act(...).

When testing, code that causes React state updates should be wrapped into act(...):

act(() => {
  /* fire events that update state */
});
/* assert on the output */

This ensures that you're testing the behavior the user would see in the browser. Learn more at https://reactjs.org/link/wrap-tests-with-act
    at Signup (C:/Users/Admin/graceful_books/src/pages/auth/Signup.tsx:8:61)
    at Router (C:\Users\Admin\graceful_books\node_modules\react-router\dist\umd\react-router.development.js:1207:17)
    at BrowserRouter (C:\Users\Admin\graceful_books\node_modules\react-router-dom\dist\umd\react-router-dom.development.js:695:7)

[90mstderr[2m | src/pages/auth/Signup.test.tsx[2m > [22m[2mSignup Page with Charity Selection[2m > [22m[2mcredentials step[2m > [22m[2mshould proceed to charity selection when passwords match
[22m[39mWarning: An update to Signup inside a test was not wrapped in act(...).

When testing, code that causes React state updates should be wrapped into act(...):

act(() => {
  /* fire events that update state */
});
/* assert on the output */

This ensures that you're testing the behavior the user would see in the browser. Learn more at https://reactjs.org/link/wrap-tests-with-act
    at Signup (C:/Users/Admin/graceful_books/src/pages/auth/Signup.tsx:8:61)
    at Router (C:\Users\Admin\graceful_books\node_modules\react-router\dist\umd\react-router.development.js:1207:17)
    at BrowserRouter (C:\Users\Admin\graceful_books\node_modules\react-router-dom\dist\umd\react-router-dom.development.js:695:7)

[90mstderr[2m | src/pages/auth/Signup.test.tsx[2m > [22m[2mSignup Page with Charity Selection[2m > [22m[2mcredentials step[2m > [22m[2mshould proceed to charity selection when passwords match
[22m[39mWarning: An update to Signup inside a test was not wrapped in act(...).

When testing, code that causes React state updates should be wrapped into act(...):

act(() => {
  /* fire events that update state */
});
/* assert on the output */

This ensures that you're testing the behavior the user would see in the browser. Learn more at https://reactjs.org/link/wrap-tests-with-act
    at Signup (C:/Users/Admin/graceful_books/src/pages/auth/Signup.tsx:8:61)
    at Router (C:\Users\Admin\graceful_books\node_modules\react-router\dist\umd\react-router.development.js:1207:17)
    at BrowserRouter (C:\Users\Admin\graceful_books\node_modules\react-router-dom\dist\umd\react-router-dom.development.js:695:7)

[90mstderr[2m | src/pages/auth/Signup.test.tsx[2m > [22m[2mSignup Page with Charity Selection[2m > [22m[2mcredentials step[2m > [22m[2mshould proceed to charity selection when passwords match
[22m[39mWarning: An update to Signup inside a test was not wrapped in act(...).

When testing, code that causes React state updates should be wrapped into act(...):

act(() => {
  /* fire events that update state */
});
/* assert on the output */

This ensures that you're testing the behavior the user would see in the browser. Learn more at https://reactjs.org/link/wrap-tests-with-act
    at Signup (C:/Users/Admin/graceful_books/src/pages/auth/Signup.tsx:8:61)
    at Router (C:\Users\Admin\graceful_books\node_modules\react-router\dist\umd\react-router.development.js:1207:17)
    at BrowserRouter (C:\Users\Admin\graceful_books\node_modules\react-router-dom\dist\umd\react-router-dom.development.js:695:7)

[90mstderr[2m | src/pages/auth/Signup.test.tsx[2m > [22m[2mSignup Page with Charity Selection[2m > [22m[2mcredentials step[2m > [22m[2mshould proceed to charity selection when passwords match
[22m[39mWarning: An update to Signup inside a test was not wrapped in act(...).

When testing, code that causes React state updates should be wrapped into act(...):

act(() => {
  /* fire events that update state */
});
/* assert on the output */

This ensures that you're testing the behavior the user would see in the browser. Learn more at https://reactjs.org/link/wrap-tests-with-act
    at Signup (C:/Users/Admin/graceful_books/src/pages/auth/Signup.tsx:8:61)
    at Router (C:\Users\Admin\graceful_books\node_modules\react-router\dist\umd\react-router.development.js:1207:17)
    at BrowserRouter (C:\Users\Admin\graceful_books\node_modules\react-router-dom\dist\umd\react-router-dom.development.js:695:7)

[90mstderr[2m | src/pages/auth/Signup.test.tsx[2m > [22m[2mSignup Page with Charity Selection[2m > [22m[2mcredentials step[2m > [22m[2mshould proceed to charity selection when passwords match
[22m[39mWarning: An update to Signup inside a test was not wrapped in act(...).

When testing, code that causes React state updates should be wrapped into act(...):

act(() => {
  /* fire events that update state */
});
/* assert on the output */

This ensures that you're testing the behavior the user would see in the browser. Learn more at https://reactjs.org/link/wrap-tests-with-act
    at Signup (C:/Users/Admin/graceful_books/src/pages/auth/Signup.tsx:8:61)
    at Router (C:\Users\Admin\graceful_books\node_modules\react-router\dist\umd\react-router.development.js:1207:17)
    at BrowserRouter (C:\Users\Admin\graceful_books\node_modules\react-router-dom\dist\umd\react-router-dom.development.js:695:7)

[90mstderr[2m | src/pages/auth/Signup.test.tsx[2m > [22m[2mSignup Page with Charity Selection[2m > [22m[2mcredentials step[2m > [22m[2mshould proceed to charity selection when passwords match
[22m[39mWarning: An update to Signup inside a test was not wrapped in act(...).

When testing, code that causes React state updates should be wrapped into act(...):

act(() => {
  /* fire events that update state */
});
/* assert on the output */

This ensures that you're testing the behavior the user would see in the browser. Learn more at https://reactjs.org/link/wrap-tests-with-act
    at Signup (C:/Users/Admin/graceful_books/src/pages/auth/Signup.tsx:8:61)
    at Router (C:\Users\Admin\graceful_books\node_modules\react-router\dist\umd\react-router.development.js:1207:17)
    at BrowserRouter (C:\Users\Admin\graceful_books\node_modules\react-router-dom\dist\umd\react-router-dom.development.js:695:7)

[90mstderr[2m | src/pages/auth/Signup.test.tsx[2m > [22m[2mSignup Page with Charity Selection[2m > [22m[2mcredentials step[2m > [22m[2mshould proceed to charity selection when passwords match
[22m[39mWarning: An update to Signup inside a test was not wrapped in act(...).

When testing, code that causes React state updates should be wrapped into act(...):

act(() => {
  /* fire events that update state */
});
/* assert on the output */

This ensures that you're testing the behavior the user would see in the browser. Learn more at https://reactjs.org/link/wrap-tests-with-act
    at Signup (C:/Users/Admin/graceful_books/src/pages/auth/Signup.tsx:8:61)
    at Router (C:\Users\Admin\graceful_books\node_modules\react-router\dist\umd\react-router.development.js:1207:17)
    at BrowserRouter (C:\Users\Admin\graceful_books\node_modules\react-router-dom\dist\umd\react-router-dom.development.js:695:7)

[90mstderr[2m | src/pages/auth/Signup.test.tsx[2m > [22m[2mSignup Page with Charity Selection[2m > [22m[2mcredentials step[2m > [22m[2mshould proceed to charity selection when passwords match
[22m[39mWarning: An update to Signup inside a test was not wrapped in act(...).

When testing, code that causes React state updates should be wrapped into act(...):

act(() => {
  /* fire events that update state */
});
/* assert on the output */

This ensures that you're testing the behavior the user would see in the browser. Learn more at https://reactjs.org/link/wrap-tests-with-act
    at Signup (C:/Users/Admin/graceful_books/src/pages/auth/Signup.tsx:8:61)
    at Router (C:\Users\Admin\graceful_books\node_modules\react-router\dist\umd\react-router.development.js:1207:17)
    at BrowserRouter (C:\Users\Admin\graceful_books\node_modules\react-router-dom\dist\umd\react-router-dom.development.js:695:7)

[90mstderr[2m | src/pages/auth/Signup.test.tsx[2m > [22m[2mSignup Page with Charity Selection[2m > [22m[2mcredentials step[2m > [22m[2mshould proceed to charity selection when passwords match
[22m[39mWarning: An update to Signup inside a test was not wrapped in act(...).

When testing, code that causes React state updates should be wrapped into act(...):

act(() => {
  /* fire events that update state */
});
/* assert on the output */

This ensures that you're testing the behavior the user would see in the browser. Learn more at https://reactjs.org/link/wrap-tests-with-act
    at Signup (C:/Users/Admin/graceful_books/src/pages/auth/Signup.tsx:8:61)
    at Router (C:\Users\Admin\graceful_books\node_modules\react-router\dist\umd\react-router.development.js:1207:17)
    at BrowserRouter (C:\Users\Admin\graceful_books\node_modules\react-router-dom\dist\umd\react-router-dom.development.js:695:7)

[90mstderr[2m | src/pages/auth/Signup.test.tsx[2m > [22m[2mSignup Page with Charity Selection[2m > [22m[2mcredentials step[2m > [22m[2mshould proceed to charity selection when passwords match
[22m[39mWarning: An update to Signup inside a test was not wrapped in act(...).

When testing, code that causes React state updates should be wrapped into act(...):

act(() => {
  /* fire events that update state */
});
/* assert on the output */

This ensures that you're testing the behavior the user would see in the browser. Learn more at https://reactjs.org/link/wrap-tests-with-act
    at Signup (C:/Users/Admin/graceful_books/src/pages/auth/Signup.tsx:8:61)
    at Router (C:\Users\Admin\graceful_books\node_modules\react-router\dist\umd\react-router.development.js:1207:17)
    at BrowserRouter (C:\Users\Admin\graceful_books\node_modules\react-router-dom\dist\umd\react-router-dom.development.js:695:7)

[90mstderr[2m | src/pages/auth/Signup.test.tsx[2m > [22m[2mSignup Page with Charity Selection[2m > [22m[2mcredentials step[2m > [22m[2mshould proceed to charity selection when passwords match
[22m[39mWarning: An update to Signup inside a test was not wrapped in act(...).

When testing, code that causes React state updates should be wrapped into act(...):

act(() => {
  /* fire events that update state */
});
/* assert on the output */

This ensures that you're testing the behavior the user would see in the browser. Learn more at https://reactjs.org/link/wrap-tests-with-act
    at Signup (C:/Users/Admin/graceful_books/src/pages/auth/Signup.tsx:8:61)
    at Router (C:\Users\Admin\graceful_books\node_modules\react-router\dist\umd\react-router.development.js:1207:17)
    at BrowserRouter (C:\Users\Admin\graceful_books\node_modules\react-router-dom\dist\umd\react-router-dom.development.js:695:7)

[90mstderr[2m | src/pages/auth/Signup.test.tsx[2m > [22m[2mSignup Page with Charity Selection[2m > [22m[2mcredentials step[2m > [22m[2mshould proceed to charity selection when passwords match
[22m[39mWarning: An update to Signup inside a test was not wrapped in act(...).

When testing, code that causes React state updates should be wrapped into act(...):

act(() => {
  /* fire events that update state */
});
/* assert on the output */

This ensures that you're testing the behavior the user would see in the browser. Learn more at https://reactjs.org/link/wrap-tests-with-act
    at Signup (C:/Users/Admin/graceful_books/src/pages/auth/Signup.tsx:8:61)
    at Router (C:\Users\Admin\graceful_books\node_modules\react-router\dist\umd\react-router.development.js:1207:17)
    at BrowserRouter (C:\Users\Admin\graceful_books\node_modules\react-router-dom\dist\umd\react-router-dom.development.js:695:7)

[90mstderr[2m | src/pages/auth/Signup.test.tsx[2m > [22m[2mSignup Page with Charity Selection[2m > [22m[2mcredentials step[2m > [22m[2mshould proceed to charity selection when passwords match
[22m[39mWarning: An update to Signup inside a test was not wrapped in act(...).

When testing, code that causes React state updates should be wrapped into act(...):

act(() => {
  /* fire events that update state */
});
/* assert on the output */

This ensures that you're testing the behavior the user would see in the browser. Learn more at https://reactjs.org/link/wrap-tests-with-act
    at Signup (C:/Users/Admin/graceful_books/src/pages/auth/Signup.tsx:8:61)
    at Router (C:\Users\Admin\graceful_books\node_modules\react-router\dist\umd\react-router.development.js:1207:17)
    at BrowserRouter (C:\Users\Admin\graceful_books\node_modules\react-router-dom\dist\umd\react-router-dom.development.js:695:7)

[90mstderr[2m | src/pages/auth/Signup.test.tsx[2m > [22m[2mSignup Page with Charity Selection[2m > [22m[2mcredentials step[2m > [22m[2mshould proceed to charity selection when passwords match
[22m[39mWarning: An update to Signup inside a test was not wrapped in act(...).

When testing, code that causes React state updates should be wrapped into act(...):

act(() => {
  /* fire events that update state */
});
/* assert on the output */

This ensures that you're testing the behavior the user would see in the browser. Learn more at https://reactjs.org/link/wrap-tests-with-act
    at Signup (C:/Users/Admin/graceful_books/src/pages/auth/Signup.tsx:8:61)
    at Router (C:\Users\Admin\graceful_books\node_modules\react-router\dist\umd\react-router.development.js:1207:17)
    at BrowserRouter (C:\Users\Admin\graceful_books\node_modules\react-router-dom\dist\umd\react-router-dom.development.js:695:7)

[90mstderr[2m | src/pages/auth/Signup.test.tsx[2m > [22m[2mSignup Page with Charity Selection[2m > [22m[2mcredentials step[2m > [22m[2mshould proceed to charity selection when passwords match
[22m[39mWarning: An update to Signup inside a test was not wrapped in act(...).

When testing, code that causes React state updates should be wrapped into act(...):

act(() => {
  /* fire events that update state */
});
/* assert on the output */

This ensures that you're testing the behavior the user would see in the browser. Learn more at https://reactjs.org/link/wrap-tests-with-act
    at Signup (C:/Users/Admin/graceful_books/src/pages/auth/Signup.tsx:8:61)
    at Router (C:\Users\Admin\graceful_books\node_modules\react-router\dist\umd\react-router.development.js:1207:17)
    at BrowserRouter (C:\Users\Admin\graceful_books\node_modules\react-router-dom\dist\umd\react-router-dom.development.js:695:7)

[90mstderr[2m | src/pages/auth/Signup.test.tsx[2m > [22m[2mSignup Page with Charity Selection[2m > [22m[2mcredentials step[2m > [22m[2mshould proceed to charity selection when passwords match
[22m[39mWarning: An update to Signup inside a test was not wrapped in act(...).

When testing, code that causes React state updates should be wrapped into act(...):

act(() => {
  /* fire events that update state */
});
/* assert on the output */

This ensures that you're testing the behavior the user would see in the browser. Learn more at https://reactjs.org/link/wrap-tests-with-act
    at Signup (C:/Users/Admin/graceful_books/src/pages/auth/Signup.tsx:8:61)
    at Router (C:\Users\Admin\graceful_books\node_modules\react-router\dist\umd\react-router.development.js:1207:17)
    at BrowserRouter (C:\Users\Admin\graceful_books\node_modules\react-router-dom\dist\umd\react-router-dom.development.js:695:7)

[90mstderr[2m | src/pages/auth/Signup.test.tsx[2m > [22m[2mSignup Page with Charity Selection[2m > [22m[2mcredentials step[2m > [22m[2mshould proceed to charity selection when passwords match
[22m[39mWarning: An update to Signup inside a test was not wrapped in act(...).

When testing, code that causes React state updates should be wrapped into act(...):

act(() => {
  /* fire events that update state */
});
/* assert on the output */

This ensures that you're testing the behavior the user would see in the browser. Learn more at https://reactjs.org/link/wrap-tests-with-act
    at Signup (C:/Users/Admin/graceful_books/src/pages/auth/Signup.tsx:8:61)
    at Router (C:\Users\Admin\graceful_books\node_modules\react-router\dist\umd\react-router.development.js:1207:17)
    at BrowserRouter (C:\Users\Admin\graceful_books\node_modules\react-router-dom\dist\umd\react-router-dom.development.js:695:7)

[90mstderr[2m | src/pages/auth/Signup.test.tsx[2m > [22m[2mSignup Page with Charity Selection[2m > [22m[2mcredentials step[2m > [22m[2mshould proceed to charity selection when passwords match
[22m[39mWarning: An update to Signup inside a test was not wrapped in act(...).

When testing, code that causes React state updates should be wrapped into act(...):

act(() => {
  /* fire events that update state */
});
/* assert on the output */

This ensures that you're testing the behavior the user would see in the browser. Learn more at https://reactjs.org/link/wrap-tests-with-act
    at Signup (C:/Users/Admin/graceful_books/src/pages/auth/Signup.tsx:8:61)
    at Router (C:\Users\Admin\graceful_books\node_modules\react-router\dist\umd\react-router.development.js:1207:17)
    at BrowserRouter (C:\Users\Admin\graceful_books\node_modules\react-router-dom\dist\umd\react-router-dom.development.js:695:7)

[90mstderr[2m | src/pages/auth/Signup.test.tsx[2m > [22m[2mSignup Page with Charity Selection[2m > [22m[2mcredentials step[2m > [22m[2mshould proceed to charity selection when passwords match
[22m[39mWarning: An update to Signup inside a test was not wrapped in act(...).

When testing, code that causes React state updates should be wrapped into act(...):

act(() => {
  /* fire events that update state */
});
/* assert on the output */

This ensures that you're testing the behavior the user would see in the browser. Learn more at https://reactjs.org/link/wrap-tests-with-act
    at Signup (C:/Users/Admin/graceful_books/src/pages/auth/Signup.tsx:8:61)
    at Router (C:\Users\Admin\graceful_books\node_modules\react-router\dist\umd\react-router.development.js:1207:17)
    at BrowserRouter (C:\Users\Admin\graceful_books\node_modules\react-router-dom\dist\umd\react-router-dom.development.js:695:7)

[90mstderr[2m | src/pages/auth/Signup.test.tsx[2m > [22m[2mSignup Page with Charity Selection[2m > [22m[2mcredentials step[2m > [22m[2mshould proceed to charity selection when passwords match
[22m[39mWarning: An update to Signup inside a test was not wrapped in act(...).

When testing, code that causes React state updates should be wrapped into act(...):

act(() => {
  /* fire events that update state */
});
/* assert on the output */

This ensures that you're testing the behavior the user would see in the browser. Learn more at https://reactjs.org/link/wrap-tests-with-act
    at Signup (C:/Users/Admin/graceful_books/src/pages/auth/Signup.tsx:8:61)
    at Router (C:\Users\Admin\graceful_books\node_modules\react-router\dist\umd\react-router.development.js:1207:17)
    at BrowserRouter (C:\Users\Admin\graceful_books\node_modules\react-router-dom\dist\umd\react-router-dom.development.js:695:7)

[90mstderr[2m | src/pages/auth/Signup.test.tsx[2m > [22m[2mSignup Page with Charity Selection[2m > [22m[2mcredentials step[2m > [22m[2mshould proceed to charity selection when passwords match
[22m[39mWarning: An update to Signup inside a test was not wrapped in act(...).

When testing, code that causes React state updates should be wrapped into act(...):

act(() => {
  /* fire events that update state */
});
/* assert on the output */

This ensures that you're testing the behavior the user would see in the browser. Learn more at https://reactjs.org/link/wrap-tests-with-act
    at Signup (C:/Users/Admin/graceful_books/src/pages/auth/Signup.tsx:8:61)
    at Router (C:\Users\Admin\graceful_books\node_modules\react-router\dist\umd\react-router.development.js:1207:17)
    at BrowserRouter (C:\Users\Admin\graceful_books\node_modules\react-router-dom\dist\umd\react-router-dom.development.js:695:7)

[90mstderr[2m | src/pages/auth/Signup.test.tsx[2m > [22m[2mSignup Page with Charity Selection[2m > [22m[2mcredentials step[2m > [22m[2mshould proceed to charity selection when passwords match
[22m[39mWarning: An update to Signup inside a test was not wrapped in act(...).

When testing, code that causes React state updates should be wrapped into act(...):

act(() => {
  /* fire events that update state */
});
/* assert on the output */

This ensures that you're testing the behavior the user would see in the browser. Learn more at https://reactjs.org/link/wrap-tests-with-act
    at Signup (C:/Users/Admin/graceful_books/src/pages/auth/Signup.tsx:8:61)
    at Router (C:\Users\Admin\graceful_books\node_modules\react-router\dist\umd\react-router.development.js:1207:17)
    at BrowserRouter (C:\Users\Admin\graceful_books\node_modules\react-router-dom\dist\umd\react-router-dom.development.js:695:7)

[90mstderr[2m | src/pages/auth/Signup.test.tsx[2m > [22m[2mSignup Page with Charity Selection[2m > [22m[2mcredentials step[2m > [22m[2mshould proceed to charity selection when passwords match
[22m[39mWarning: An update to Signup inside a test was not wrapped in act(...).

When testing, code that causes React state updates should be wrapped into act(...):

act(() => {
  /* fire events that update state */
});
/* assert on the output */

This ensures that you're testing the behavior the user would see in the browser. Learn more at https://reactjs.org/link/wrap-tests-with-act
    at Signup (C:/Users/Admin/graceful_books/src/pages/auth/Signup.tsx:8:61)
    at Router (C:\Users\Admin\graceful_books\node_modules\react-router\dist\umd\react-router.development.js:1207:17)
    at BrowserRouter (C:\Users\Admin\graceful_books\node_modules\react-router-dom\dist\umd\react-router-dom.development.js:695:7)

[90mstderr[2m | src/pages/auth/Signup.test.tsx[2m > [22m[2mSignup Page with Charity Selection[2m > [22m[2mcredentials step[2m > [22m[2mshould proceed to charity selection when passwords match
[22m[39mWarning: An update to CharitySelector inside a test was not wrapped in act(...).

When testing, code that causes React state updates should be wrapped into act(...):

act(() => {
  /* fire events that update state */
});
/* assert on the output */

This ensures that you're testing the behavior the user would see in the browser. Learn more at https://reactjs.org/link/wrap-tests-with-act
    at CharitySelector (C:/Users/Admin/graceful_books/src/components/charity/CharitySelector.tsx:9:3)
    at div
    at div
    at Signup (C:/Users/Admin/graceful_books/src/pages/auth/Signup.tsx:8:61)
    at Router (C:\Users\Admin\graceful_books\node_modules\react-router\dist\umd\react-router.development.js:1207:17)
    at BrowserRouter (C:\Users\Admin\graceful_books\node_modules\react-router-dom\dist\umd\react-router-dom.development.js:695:7)
Warning: An update to CharitySelector inside a test was not wrapped in act(...).

When testing, code that causes React state updates should be wrapped into act(...):

act(() => {
  /* fire events that update state */
});
/* assert on the output */

This ensures that you're testing the behavior the user would see in the browser. Learn more at https://reactjs.org/link/wrap-tests-with-act
    at CharitySelector (C:/Users/Admin/graceful_books/src/components/charity/CharitySelector.tsx:9:3)
    at div
    at div
    at Signup (C:/Users/Admin/graceful_books/src/pages/auth/Signup.tsx:8:61)
    at Router (C:\Users\Admin\graceful_books\node_modules\react-router\dist\umd\react-router.development.js:1207:17)
    at BrowserRouter (C:\Users\Admin\graceful_books\node_modules\react-router-dom\dist\umd\react-router-dom.development.js:695:7)

[90mstderr[2m | src/pages/auth/Signup.test.tsx[2m > [22m[2mSignup Page with Charity Selection[2m > [22m[2mcharity selection step[2m > [22m[2mshould show charity selector after credentials step
[22m[39mWarning: An update to Signup inside a test was not wrapped in act(...).

When testing, code that causes React state updates should be wrapped into act(...):

act(() => {
  /* fire events that update state */
});
/* assert on the output */

This ensures that you're testing the behavior the user would see in the browser. Learn more at https://reactjs.org/link/wrap-tests-with-act
    at Signup (C:/Users/Admin/graceful_books/src/pages/auth/Signup.tsx:8:61)
    at Router (C:\Users\Admin\graceful_books\node_modules\react-router\dist\umd\react-router.development.js:1207:17)
    at BrowserRouter (C:\Users\Admin\graceful_books\node_modules\react-router-dom\dist\umd\react-router-dom.development.js:695:7)

[90mstderr[2m | src/pages/auth/Signup.test.tsx[2m > [22m[2mSignup Page with Charity Selection[2m > [22m[2mcharity selection step[2m > [22m[2mshould show charity selector after credentials step
[22m[39mWarning: An update to Signup inside a test was not wrapped in act(...).

When testing, code that causes React state updates should be wrapped into act(...):

act(() => {
  /* fire events that update state */
});
/* assert on the output */

This ensures that you're testing the behavior the user would see in the browser. Learn more at https://reactjs.org/link/wrap-tests-with-act
    at Signup (C:/Users/Admin/graceful_books/src/pages/auth/Signup.tsx:8:61)
    at Router (C:\Users\Admin\graceful_books\node_modules\react-router\dist\umd\react-router.development.js:1207:17)
    at BrowserRouter (C:\Users\Admin\graceful_books\node_modules\react-router-dom\dist\umd\react-router-dom.development.js:695:7)

[90mstderr[2m | src/pages/auth/Signup.test.tsx[2m > [22m[2mSignup Page with Charity Selection[2m > [22m[2mcharity selection step[2m > [22m[2mshould show charity selector after credentials step
[22m[39mWarning: An update to Signup inside a test was not wrapped in act(...).

When testing, code that causes React state updates should be wrapped into act(...):

act(() => {
  /* fire events that update state */
});
/* assert on the output */

This ensures that you're testing the behavior the user would see in the browser. Learn more at https://reactjs.org/link/wrap-tests-with-act
    at Signup (C:/Users/Admin/graceful_books/src/pages/auth/Signup.tsx:8:61)
    at Router (C:\Users\Admin\graceful_books\node_modules\react-router\dist\umd\react-router.development.js:1207:17)
    at BrowserRouter (C:\Users\Admin\graceful_books\node_modules\react-router-dom\dist\umd\react-router-dom.development.js:695:7)

[90mstderr[2m | src/pages/auth/Signup.test.tsx[2m > [22m[2mSignup Page with Charity Selection[2m > [22m[2mcharity selection step[2m > [22m[2mshould show charity selector after credentials step
[22m[39mWarning: An update to Signup inside a test was not wrapped in act(...).

When testing, code that causes React state updates should be wrapped into act(...):

act(() => {
  /* fire events that update state */
});
/* assert on the output */

This ensures that you're testing the behavior the user would see in the browser. Learn more at https://reactjs.org/link/wrap-tests-with-act
    at Signup (C:/Users/Admin/graceful_books/src/pages/auth/Signup.tsx:8:61)
    at Router (C:\Users\Admin\graceful_books\node_modules\react-router\dist\umd\react-router.development.js:1207:17)
    at BrowserRouter (C:\Users\Admin\graceful_books\node_modules\react-router-dom\dist\umd\react-router-dom.development.js:695:7)

[90mstderr[2m | src/pages/auth/Signup.test.tsx[2m > [22m[2mSignup Page with Charity Selection[2m > [22m[2mcharity selection step[2m > [22m[2mshould show charity selector after credentials step
[22m[39mWarning: An update to Signup inside a test was not wrapped in act(...).

When testing, code that causes React state updates should be wrapped into act(...):

act(() => {
  /* fire events that update state */
});
/* assert on the output */

This ensures that you're testing the behavior the user would see in the browser. Learn more at https://reactjs.org/link/wrap-tests-with-act
    at Signup (C:/Users/Admin/graceful_books/src/pages/auth/Signup.tsx:8:61)
    at Router (C:\Users\Admin\graceful_books\node_modules\react-router\dist\umd\react-router.development.js:1207:17)
    at BrowserRouter (C:\Users\Admin\graceful_books\node_modules\react-router-dom\dist\umd\react-router-dom.development.js:695:7)

[90mstderr[2m | src/pages/auth/Signup.test.tsx[2m > [22m[2mSignup Page with Charity Selection[2m > [22m[2mcharity selection step[2m > [22m[2mshould show charity selector after credentials step
[22m[39mWarning: An update to Signup inside a test was not wrapped in act(...).

When testing, code that causes React state updates should be wrapped into act(...):

act(() => {
  /* fire events that update state */
});
/* assert on the output */

This ensures that you're testing the behavior the user would see in the browser. Learn more at https://reactjs.org/link/wrap-tests-with-act
    at Signup (C:/Users/Admin/graceful_books/src/pages/auth/Signup.tsx:8:61)
    at Router (C:\Users\Admin\graceful_books\node_modules\react-router\dist\umd\react-router.development.js:1207:17)
    at BrowserRouter (C:\Users\Admin\graceful_books\node_modules\react-router-dom\dist\umd\react-router-dom.development.js:695:7)

[90mstderr[2m | src/pages/auth/Signup.test.tsx[2m > [22m[2mSignup Page with Charity Selection[2m > [22m[2mcharity selection step[2m > [22m[2mshould show charity selector after credentials step
[22m[39mWarning: An update to Signup inside a test was not wrapped in act(...).

When testing, code that causes React state updates should be wrapped into act(...):

act(() => {
  /* fire events that update state */
});
/* assert on the output */

This ensures that you're testing the behavior the user would see in the browser. Learn more at https://reactjs.org/link/wrap-tests-with-act
    at Signup (C:/Users/Admin/graceful_books/src/pages/auth/Signup.tsx:8:61)
    at Router (C:\Users\Admin\graceful_books\node_modules\react-router\dist\umd\react-router.development.js:1207:17)
    at BrowserRouter (C:\Users\Admin\graceful_books\node_modules\react-router-dom\dist\umd\react-router-dom.development.js:695:7)

[90mstderr[2m | src/pages/auth/Signup.test.tsx[2m > [22m[2mSignup Page with Charity Selection[2m > [22m[2mcharity selection step[2m > [22m[2mshould show charity selector after credentials step
[22m[39mWarning: An update to Signup inside a test was not wrapped in act(...).

When testing, code that causes React state updates should be wrapped into act(...):

act(() => {
  /* fire events that update state */
});
/* assert on the output */

This ensures that you're testing the behavior the user would see in the browser. Learn more at https://reactjs.org/link/wrap-tests-with-act
    at Signup (C:/Users/Admin/graceful_books/src/pages/auth/Signup.tsx:8:61)
    at Router (C:\Users\Admin\graceful_books\node_modules\react-router\dist\umd\react-router.development.js:1207:17)
    at BrowserRouter (C:\Users\Admin\graceful_books\node_modules\react-router-dom\dist\umd\react-router-dom.development.js:695:7)

[90mstderr[2m | src/pages/auth/Signup.test.tsx[2m > [22m[2mSignup Page with Charity Selection[2m > [22m[2mcharity selection step[2m > [22m[2mshould show charity selector after credentials step
[22m[39mWarning: An update to Signup inside a test was not wrapped in act(...).

When testing, code that causes React state updates should be wrapped into act(...):

act(() => {
  /* fire events that update state */
});
/* assert on the output */

This ensures that you're testing the behavior the user would see in the browser. Learn more at https://reactjs.org/link/wrap-tests-with-act
    at Signup (C:/Users/Admin/graceful_books/src/pages/auth/Signup.tsx:8:61)
    at Router (C:\Users\Admin\graceful_books\node_modules\react-router\dist\umd\react-router.development.js:1207:17)
    at BrowserRouter (C:\Users\Admin\graceful_books\node_modules\react-router-dom\dist\umd\react-router-dom.development.js:695:7)

[90mstderr[2m | src/pages/auth/Signup.test.tsx[2m > [22m[2mSignup Page with Charity Selection[2m > [22m[2mcharity selection step[2m > [22m[2mshould show charity selector after credentials step
[22m[39mWarning: An update to Signup inside a test was not wrapped in act(...).

When testing, code that causes React state updates should be wrapped into act(...):

act(() => {
  /* fire events that update state */
});
/* assert on the output */

This ensures that you're testing the behavior the user would see in the browser. Learn more at https://reactjs.org/link/wrap-tests-with-act
    at Signup (C:/Users/Admin/graceful_books/src/pages/auth/Signup.tsx:8:61)
    at Router (C:\Users\Admin\graceful_books\node_modules\react-router\dist\umd\react-router.development.js:1207:17)
    at BrowserRouter (C:\Users\Admin\graceful_books\node_modules\react-router-dom\dist\umd\react-router-dom.development.js:695:7)

[90mstderr[2m | src/pages/auth/Signup.test.tsx[2m > [22m[2mSignup Page with Charity Selection[2m > [22m[2mcharity selection step[2m > [22m[2mshould show charity selector after credentials step
[22m[39mWarning: An update to Signup inside a test was not wrapped in act(...).

When testing, code that causes React state updates should be wrapped into act(...):

act(() => {
  /* fire events that update state */
});
/* assert on the output */

This ensures that you're testing the behavior the user would see in the browser. Learn more at https://reactjs.org/link/wrap-tests-with-act
    at Signup (C:/Users/Admin/graceful_books/src/pages/auth/Signup.tsx:8:61)
    at Router (C:\Users\Admin\graceful_books\node_modules\react-router\dist\umd\react-router.development.js:1207:17)
    at BrowserRouter (C:\Users\Admin\graceful_books\node_modules\react-router-dom\dist\umd\react-router-dom.development.js:695:7)

[90mstderr[2m | src/pages/auth/Signup.test.tsx[2m > [22m[2mSignup Page with Charity Selection[2m > [22m[2mcharity selection step[2m > [22m[2mshould show charity selector after credentials step
[22m[39mWarning: An update to Signup inside a test was not wrapped in act(...).

When testing, code that causes React state updates should be wrapped into act(...):

act(() => {
  /* fire events that update state */
});
/* assert on the output */

This ensures that you're testing the behavior the user would see in the browser. Learn more at https://reactjs.org/link/wrap-tests-with-act
    at Signup (C:/Users/Admin/graceful_books/src/pages/auth/Signup.tsx:8:61)
    at Router (C:\Users\Admin\graceful_books\node_modules\react-router\dist\umd\react-router.development.js:1207:17)
    at BrowserRouter (C:\Users\Admin\graceful_books\node_modules\react-router-dom\dist\umd\react-router-dom.development.js:695:7)

[90mstderr[2m | src/pages/auth/Signup.test.tsx[2m > [22m[2mSignup Page with Charity Selection[2m > [22m[2mcharity selection step[2m > [22m[2mshould show charity selector after credentials step
[22m[39mWarning: An update to Signup inside a test was not wrapped in act(...).

When testing, code that causes React state updates should be wrapped into act(...):

act(() => {
  /* fire events that update state */
});
/* assert on the output */

This ensures that you're testing the behavior the user would see in the browser. Learn more at https://reactjs.org/link/wrap-tests-with-act
    at Signup (C:/Users/Admin/graceful_books/src/pages/auth/Signup.tsx:8:61)
    at Router (C:\Users\Admin\graceful_books\node_modules\react-router\dist\umd\react-router.development.js:1207:17)
    at BrowserRouter (C:\Users\Admin\graceful_books\node_modules\react-router-dom\dist\umd\react-router-dom.development.js:695:7)

[90mstderr[2m | src/pages/auth/Signup.test.tsx[2m > [22m[2mSignup Page with Charity Selection[2m > [22m[2mcharity selection step[2m > [22m[2mshould show charity selector after credentials step
[22m[39mWarning: An update to Signup inside a test was not wrapped in act(...).

When testing, code that causes React state updates should be wrapped into act(...):

act(() => {
  /* fire events that update state */
});
/* assert on the output */

This ensures that you're testing the behavior the user would see in the browser. Learn more at https://reactjs.org/link/wrap-tests-with-act
    at Signup (C:/Users/Admin/graceful_books/src/pages/auth/Signup.tsx:8:61)
    at Router (C:\Users\Admin\graceful_books\node_modules\react-router\dist\umd\react-router.development.js:1207:17)
    at BrowserRouter (C:\Users\Admin\graceful_books\node_modules\react-router-dom\dist\umd\react-router-dom.development.js:695:7)

[90mstderr[2m | src/pages/auth/Signup.test.tsx[2m > [22m[2mSignup Page with Charity Selection[2m > [22m[2mcharity selection step[2m > [22m[2mshould show charity selector after credentials step
[22m[39mWarning: An update to Signup inside a test was not wrapped in act(...).

When testing, code that causes React state updates should be wrapped into act(...):

act(() => {
  /* fire events that update state */
});
/* assert on the output */

This ensures that you're testing the behavior the user would see in the browser. Learn more at https://reactjs.org/link/wrap-tests-with-act
    at Signup (C:/Users/Admin/graceful_books/src/pages/auth/Signup.tsx:8:61)
    at Router (C:\Users\Admin\graceful_books\node_modules\react-router\dist\umd\react-router.development.js:1207:17)
    at BrowserRouter (C:\Users\Admin\graceful_books\node_modules\react-router-dom\dist\umd\react-router-dom.development.js:695:7)

[90mstderr[2m | src/pages/auth/Signup.test.tsx[2m > [22m[2mSignup Page with Charity Selection[2m > [22m[2mcharity selection step[2m > [22m[2mshould show charity selector after credentials step
[22m[39mWarning: An update to Signup inside a test was not wrapped in act(...).

When testing, code that causes React state updates should be wrapped into act(...):

act(() => {
  /* fire events that update state */
});
/* assert on the output */

This ensures that you're testing the behavior the user would see in the browser. Learn more at https://reactjs.org/link/wrap-tests-with-act
    at Signup (C:/Users/Admin/graceful_books/src/pages/auth/Signup.tsx:8:61)
    at Router (C:\Users\Admin\graceful_books\node_modules\react-router\dist\umd\react-router.development.js:1207:17)
    at BrowserRouter (C:\Users\Admin\graceful_books\node_modules\react-router-dom\dist\umd\react-router-dom.development.js:695:7)

[90mstderr[2m | src/pages/auth/Signup.test.tsx[2m > [22m[2mSignup Page with Charity Selection[2m > [22m[2mcharity selection step[2m > [22m[2mshould show charity selector after credentials step
[22m[39mWarning: An update to Signup inside a test was not wrapped in act(...).

When testing, code that causes React state updates should be wrapped into act(...):

act(() => {
  /* fire events that update state */
});
/* assert on the output */

This ensures that you're testing the behavior the user would see in the browser. Learn more at https://reactjs.org/link/wrap-tests-with-act
    at Signup (C:/Users/Admin/graceful_books/src/pages/auth/Signup.tsx:8:61)
    at Router (C:\Users\Admin\graceful_books\node_modules\react-router\dist\umd\react-router.development.js:1207:17)
    at BrowserRouter (C:\Users\Admin\graceful_books\node_modules\react-router-dom\dist\umd\react-router-dom.development.js:695:7)

[90mstderr[2m | src/pages/auth/Signup.test.tsx[2m > [22m[2mSignup Page with Charity Selection[2m > [22m[2mcharity selection step[2m > [22m[2mshould show charity selector after credentials step
[22m[39mWarning: An update to Signup inside a test was not wrapped in act(...).

When testing, code that causes React state updates should be wrapped into act(...):

act(() => {
  /* fire events that update state */
});
/* assert on the output */

This ensures that you're testing the behavior the user would see in the browser. Learn more at https://reactjs.org/link/wrap-tests-with-act
    at Signup (C:/Users/Admin/graceful_books/src/pages/auth/Signup.tsx:8:61)
    at Router (C:\Users\Admin\graceful_books\node_modules\react-router\dist\umd\react-router.development.js:1207:17)
    at BrowserRouter (C:\Users\Admin\graceful_books\node_modules\react-router-dom\dist\umd\react-router-dom.development.js:695:7)

[90mstderr[2m | src/pages/auth/Signup.test.tsx[2m > [22m[2mSignup Page with Charity Selection[2m > [22m[2mcharity selection step[2m > [22m[2mshould show charity selector after credentials step
[22m[39mWarning: An update to Signup inside a test was not wrapped in act(...).

When testing, code that causes React state updates should be wrapped into act(...):

act(() => {
  /* fire events that update state */
});
/* assert on the output */

This ensures that you're testing the behavior the user would see in the browser. Learn more at https://reactjs.org/link/wrap-tests-with-act
    at Signup (C:/Users/Admin/graceful_books/src/pages/auth/Signup.tsx:8:61)
    at Router (C:\Users\Admin\graceful_books\node_modules\react-router\dist\umd\react-router.development.js:1207:17)
    at BrowserRouter (C:\Users\Admin\graceful_books\node_modules\react-router-dom\dist\umd\react-router-dom.development.js:695:7)

[90mstderr[2m | src/pages/auth/Signup.test.tsx[2m > [22m[2mSignup Page with Charity Selection[2m > [22m[2mcharity selection step[2m > [22m[2mshould show charity selector after credentials step
[22m[39mWarning: An update to Signup inside a test was not wrapped in act(...).

When testing, code that causes React state updates should be wrapped into act(...):

act(() => {
  /* fire events that update state */
});
/* assert on the output */

This ensures that you're testing the behavior the user would see in the browser. Learn more at https://reactjs.org/link/wrap-tests-with-act
    at Signup (C:/Users/Admin/graceful_books/src/pages/auth/Signup.tsx:8:61)
    at Router (C:\Users\Admin\graceful_books\node_modules\react-router\dist\umd\react-router.development.js:1207:17)
    at BrowserRouter (C:\Users\Admin\graceful_books\node_modules\react-router-dom\dist\umd\react-router-dom.development.js:695:7)

[90mstderr[2m | src/pages/auth/Signup.test.tsx[2m > [22m[2mSignup Page with Charity Selection[2m > [22m[2mcharity selection step[2m > [22m[2mshould show charity selector after credentials step
[22m[39mWarning: An update to Signup inside a test was not wrapped in act(...).

When testing, code that causes React state updates should be wrapped into act(...):

act(() => {
  /* fire events that update state */
});
/* assert on the output */

This ensures that you're testing the behavior the user would see in the browser. Learn more at https://reactjs.org/link/wrap-tests-with-act
    at Signup (C:/Users/Admin/graceful_books/src/pages/auth/Signup.tsx:8:61)
    at Router (C:\Users\Admin\graceful_books\node_modules\react-router\dist\umd\react-router.development.js:1207:17)
    at BrowserRouter (C:\Users\Admin\graceful_books\node_modules\react-router-dom\dist\umd\react-router-dom.development.js:695:7)

[90mstderr[2m | src/pages/auth/Signup.test.tsx[2m > [22m[2mSignup Page with Charity Selection[2m > [22m[2mcharity selection step[2m > [22m[2mshould show charity selector after credentials step
[22m[39mWarning: An update to Signup inside a test was not wrapped in act(...).

When testing, code that causes React state updates should be wrapped into act(...):

act(() => {
  /* fire events that update state */
});
/* assert on the output */

This ensures that you're testing the behavior the user would see in the browser. Learn more at https://reactjs.org/link/wrap-tests-with-act
    at Signup (C:/Users/Admin/graceful_books/src/pages/auth/Signup.tsx:8:61)
    at Router (C:\Users\Admin\graceful_books\node_modules\react-router\dist\umd\react-router.development.js:1207:17)
    at BrowserRouter (C:\Users\Admin\graceful_books\node_modules\react-router-dom\dist\umd\react-router-dom.development.js:695:7)

[90mstderr[2m | src/pages/auth/Signup.test.tsx[2m > [22m[2mSignup Page with Charity Selection[2m > [22m[2mcharity selection step[2m > [22m[2mshould show charity selector after credentials step
[22m[39mWarning: An update to Signup inside a test was not wrapped in act(...).

When testing, code that causes React state updates should be wrapped into act(...):

act(() => {
  /* fire events that update state */
});
/* assert on the output */

This ensures that you're testing the behavior the user would see in the browser. Learn more at https://reactjs.org/link/wrap-tests-with-act
    at Signup (C:/Users/Admin/graceful_books/src/pages/auth/Signup.tsx:8:61)
    at Router (C:\Users\Admin\graceful_books\node_modules\react-router\dist\umd\react-router.development.js:1207:17)
    at BrowserRouter (C:\Users\Admin\graceful_books\node_modules\react-router-dom\dist\umd\react-router-dom.development.js:695:7)

[90mstderr[2m | src/pages/auth/Signup.test.tsx[2m > [22m[2mSignup Page with Charity Selection[2m > [22m[2mcharity selection step[2m > [22m[2mshould show charity selector after credentials step
[22m[39mWarning: An update to Signup inside a test was not wrapped in act(...).

When testing, code that causes React state updates should be wrapped into act(...):

act(() => {
  /* fire events that update state */
});
/* assert on the output */

This ensures that you're testing the behavior the user would see in the browser. Learn more at https://reactjs.org/link/wrap-tests-with-act
    at Signup (C:/Users/Admin/graceful_books/src/pages/auth/Signup.tsx:8:61)
    at Router (C:\Users\Admin\graceful_books\node_modules\react-router\dist\umd\react-router.development.js:1207:17)
    at BrowserRouter (C:\Users\Admin\graceful_books\node_modules\react-router-dom\dist\umd\react-router-dom.development.js:695:7)

[90mstderr[2m | src/pages/auth/Signup.test.tsx[2m > [22m[2mSignup Page with Charity Selection[2m > [22m[2mcharity selection step[2m > [22m[2mshould show charity selector after credentials step
[22m[39mWarning: An update to Signup inside a test was not wrapped in act(...).

When testing, code that causes React state updates should be wrapped into act(...):

act(() => {
  /* fire events that update state */
});
/* assert on the output */

This ensures that you're testing the behavior the user would see in the browser. Learn more at https://reactjs.org/link/wrap-tests-with-act
    at Signup (C:/Users/Admin/graceful_books/src/pages/auth/Signup.tsx:8:61)
    at Router (C:\Users\Admin\graceful_books\node_modules\react-router\dist\umd\react-router.development.js:1207:17)
    at BrowserRouter (C:\Users\Admin\graceful_books\node_modules\react-router-dom\dist\umd\react-router-dom.development.js:695:7)

[90mstderr[2m | src/pages/auth/Signup.test.tsx[2m > [22m[2mSignup Page with Charity Selection[2m > [22m[2mcharity selection step[2m > [22m[2mshould show charity selector after credentials step
[22m[39mWarning: An update to Signup inside a test was not wrapped in act(...).

When testing, code that causes React state updates should be wrapped into act(...):

act(() => {
  /* fire events that update state */
});
/* assert on the output */

This ensures that you're testing the behavior the user would see in the browser. Learn more at https://reactjs.org/link/wrap-tests-with-act
    at Signup (C:/Users/Admin/graceful_books/src/pages/auth/Signup.tsx:8:61)
    at Router (C:\Users\Admin\graceful_books\node_modules\react-router\dist\umd\react-router.development.js:1207:17)
    at BrowserRouter (C:\Users\Admin\graceful_books\node_modules\react-router-dom\dist\umd\react-router-dom.development.js:695:7)

[90mstderr[2m | src/pages/auth/Signup.test.tsx[2m > [22m[2mSignup Page with Charity Selection[2m > [22m[2mcharity selection step[2m > [22m[2mshould show charity selector after credentials step
[22m[39mWarning: An update to Signup inside a test was not wrapped in act(...).

When testing, code that causes React state updates should be wrapped into act(...):

act(() => {
  /* fire events that update state */
});
/* assert on the output */

This ensures that you're testing the behavior the user would see in the browser. Learn more at https://reactjs.org/link/wrap-tests-with-act
    at Signup (C:/Users/Admin/graceful_books/src/pages/auth/Signup.tsx:8:61)
    at Router (C:\Users\Admin\graceful_books\node_modules\react-router\dist\umd\react-router.development.js:1207:17)
    at BrowserRouter (C:\Users\Admin\graceful_books\node_modules\react-router-dom\dist\umd\react-router-dom.development.js:695:7)

[90mstderr[2m | src/pages/auth/Signup.test.tsx[2m > [22m[2mSignup Page with Charity Selection[2m > [22m[2mcharity selection step[2m > [22m[2mshould show charity selector after credentials step
[22m[39mWarning: An update to Signup inside a test was not wrapped in act(...).

When testing, code that causes React state updates should be wrapped into act(...):

act(() => {
  /* fire events that update state */
});
/* assert on the output */

This ensures that you're testing the behavior the user would see in the browser. Learn more at https://reactjs.org/link/wrap-tests-with-act
    at Signup (C:/Users/Admin/graceful_books/src/pages/auth/Signup.tsx:8:61)
    at Router (C:\Users\Admin\graceful_books\node_modules\react-router\dist\umd\react-router.development.js:1207:17)
    at BrowserRouter (C:\Users\Admin\graceful_books\node_modules\react-router-dom\dist\umd\react-router-dom.development.js:695:7)

[90mstderr[2m | src/pages/auth/Signup.test.tsx[2m > [22m[2mSignup Page with Charity Selection[2m > [22m[2mcharity selection step[2m > [22m[2mshould show charity selector after credentials step
[22m[39mWarning: An update to Signup inside a test was not wrapped in act(...).

When testing, code that causes React state updates should be wrapped into act(...):

act(() => {
  /* fire events that update state */
});
/* assert on the output */

This ensures that you're testing the behavior the user would see in the browser. Learn more at https://reactjs.org/link/wrap-tests-with-act
    at Signup (C:/Users/Admin/graceful_books/src/pages/auth/Signup.tsx:8:61)
    at Router (C:\Users\Admin\graceful_books\node_modules\react-router\dist\umd\react-router.development.js:1207:17)
    at BrowserRouter (C:\Users\Admin\graceful_books\node_modules\react-router-dom\dist\umd\react-router-dom.development.js:695:7)

[90mstderr[2m | src/pages/auth/Signup.test.tsx[2m > [22m[2mSignup Page with Charity Selection[2m > [22m[2mcharity selection step[2m > [22m[2mshould show charity selector after credentials step
[22m[39mWarning: An update to Signup inside a test was not wrapped in act(...).

When testing, code that causes React state updates should be wrapped into act(...):

act(() => {
  /* fire events that update state */
});
/* assert on the output */

This ensures that you're testing the behavior the user would see in the browser. Learn more at https://reactjs.org/link/wrap-tests-with-act
    at Signup (C:/Users/Admin/graceful_books/src/pages/auth/Signup.tsx:8:61)
    at Router (C:\Users\Admin\graceful_books\node_modules\react-router\dist\umd\react-router.development.js:1207:17)
    at BrowserRouter (C:\Users\Admin\graceful_books\node_modules\react-router-dom\dist\umd\react-router-dom.development.js:695:7)

[90mstderr[2m | src/pages/auth/Signup.test.tsx[2m > [22m[2mSignup Page with Charity Selection[2m > [22m[2mcharity selection step[2m > [22m[2mshould show charity selector after credentials step
[22m[39mWarning: An update to Signup inside a test was not wrapped in act(...).

When testing, code that causes React state updates should be wrapped into act(...):

act(() => {
  /* fire events that update state */
});
/* assert on the output */

This ensures that you're testing the behavior the user would see in the browser. Learn more at https://reactjs.org/link/wrap-tests-with-act
    at Signup (C:/Users/Admin/graceful_books/src/pages/auth/Signup.tsx:8:61)
    at Router (C:\Users\Admin\graceful_books\node_modules\react-router\dist\umd\react-router.development.js:1207:17)
    at BrowserRouter (C:\Users\Admin\graceful_books\node_modules\react-router-dom\dist\umd\react-router-dom.development.js:695:7)

[90mstderr[2m | src/pages/auth/Signup.test.tsx[2m > [22m[2mSignup Page with Charity Selection[2m > [22m[2mcharity selection step[2m > [22m[2mshould show charity selector after credentials step
[22m[39mWarning: An update to Signup inside a test was not wrapped in act(...).

When testing, code that causes React state updates should be wrapped into act(...):

act(() => {
  /* fire events that update state */
});
/* assert on the output */

This ensures that you're testing the behavior the user would see in the browser. Learn more at https://reactjs.org/link/wrap-tests-with-act
    at Signup (C:/Users/Admin/graceful_books/src/pages/auth/Signup.tsx:8:61)
    at Router (C:\Users\Admin\graceful_books\node_modules\react-router\dist\umd\react-router.development.js:1207:17)
    at BrowserRouter (C:\Users\Admin\graceful_books\node_modules\react-router-dom\dist\umd\react-router-dom.development.js:695:7)

[90mstderr[2m | src/pages/auth/Signup.test.tsx[2m > [22m[2mSignup Page with Charity Selection[2m > [22m[2mcharity selection step[2m > [22m[2mshould show charity selector after credentials step
[22m[39mWarning: An update to Signup inside a test was not wrapped in act(...).

When testing, code that causes React state updates should be wrapped into act(...):

act(() => {
  /* fire events that update state */
});
/* assert on the output */

This ensures that you're testing the behavior the user would see in the browser. Learn more at https://reactjs.org/link/wrap-tests-with-act
    at Signup (C:/Users/Admin/graceful_books/src/pages/auth/Signup.tsx:8:61)
    at Router (C:\Users\Admin\graceful_books\node_modules\react-router\dist\umd\react-router.development.js:1207:17)
    at BrowserRouter (C:\Users\Admin\graceful_books\node_modules\react-router-dom\dist\umd\react-router-dom.development.js:695:7)

[90mstderr[2m | src/pages/auth/Signup.test.tsx[2m > [22m[2mSignup Page with Charity Selection[2m > [22m[2mcharity selection step[2m > [22m[2mshould show charity selector after credentials step
[22m[39mWarning: An update to Signup inside a test was not wrapped in act(...).

When testing, code that causes React state updates should be wrapped into act(...):

act(() => {
  /* fire events that update state */
});
/* assert on the output */

This ensures that you're testing the behavior the user would see in the browser. Learn more at https://reactjs.org/link/wrap-tests-with-act
    at Signup (C:/Users/Admin/graceful_books/src/pages/auth/Signup.tsx:8:61)
    at Router (C:\Users\Admin\graceful_books\node_modules\react-router\dist\umd\react-router.development.js:1207:17)
    at BrowserRouter (C:\Users\Admin\graceful_books\node_modules\react-router-dom\dist\umd\react-router-dom.development.js:695:7)

[90mstderr[2m | src/pages/auth/Signup.test.tsx[2m > [22m[2mSignup Page with Charity Selection[2m > [22m[2mcharity selection step[2m > [22m[2mshould show charity selector after credentials step
[22m[39mWarning: An update to Signup inside a test was not wrapped in act(...).

When testing, code that causes React state updates should be wrapped into act(...):

act(() => {
  /* fire events that update state */
});
/* assert on the output */

This ensures that you're testing the behavior the user would see in the browser. Learn more at https://reactjs.org/link/wrap-tests-with-act
    at Signup (C:/Users/Admin/graceful_books/src/pages/auth/Signup.tsx:8:61)
    at Router (C:\Users\Admin\graceful_books\node_modules\react-router\dist\umd\react-router.development.js:1207:17)
    at BrowserRouter (C:\Users\Admin\graceful_books\node_modules\react-router-dom\dist\umd\react-router-dom.development.js:695:7)

[90mstderr[2m | src/pages/auth/Signup.test.tsx[2m > [22m[2mSignup Page with Charity Selection[2m > [22m[2mcharity selection step[2m > [22m[2mshould show charity selector after credentials step
[22m[39mWarning: An update to Signup inside a test was not wrapped in act(...).

When testing, code that causes React state updates should be wrapped into act(...):

act(() => {
  /* fire events that update state */
});
/* assert on the output */

This ensures that you're testing the behavior the user would see in the browser. Learn more at https://reactjs.org/link/wrap-tests-with-act
    at Signup (C:/Users/Admin/graceful_books/src/pages/auth/Signup.tsx:8:61)
    at Router (C:\Users\Admin\graceful_books\node_modules\react-router\dist\umd\react-router.development.js:1207:17)
    at BrowserRouter (C:\Users\Admin\graceful_books\node_modules\react-router-dom\dist\umd\react-router-dom.development.js:695:7)

[90mstderr[2m | src/pages/auth/Signup.test.tsx[2m > [22m[2mSignup Page with Charity Selection[2m > [22m[2mcharity selection step[2m > [22m[2mshould show charity selector after credentials step
[22m[39mWarning: An update to Signup inside a test was not wrapped in act(...).

When testing, code that causes React state updates should be wrapped into act(...):

act(() => {
  /* fire events that update state */
});
/* assert on the output */

This ensures that you're testing the behavior the user would see in the browser. Learn more at https://reactjs.org/link/wrap-tests-with-act
    at Signup (C:/Users/Admin/graceful_books/src/pages/auth/Signup.tsx:8:61)
    at Router (C:\Users\Admin\graceful_books\node_modules\react-router\dist\umd\react-router.development.js:1207:17)
    at BrowserRouter (C:\Users\Admin\graceful_books\node_modules\react-router-dom\dist\umd\react-router-dom.development.js:695:7)

[90mstderr[2m | src/pages/auth/Signup.test.tsx[2m > [22m[2mSignup Page with Charity Selection[2m > [22m[2mcharity selection step[2m > [22m[2mshould show charity selector after credentials step
[22m[39mWarning: An update to Signup inside a test was not wrapped in act(...).

When testing, code that causes React state updates should be wrapped into act(...):

act(() => {
  /* fire events that update state */
});
/* assert on the output */

This ensures that you're testing the behavior the user would see in the browser. Learn more at https://reactjs.org/link/wrap-tests-with-act
    at Signup (C:/Users/Admin/graceful_books/src/pages/auth/Signup.tsx:8:61)
    at Router (C:\Users\Admin\graceful_books\node_modules\react-router\dist\umd\react-router.development.js:1207:17)
    at BrowserRouter (C:\Users\Admin\graceful_books\node_modules\react-router-dom\dist\umd\react-router-dom.development.js:695:7)

[90mstderr[2m | src/pages/auth/Signup.test.tsx[2m > [22m[2mSignup Page with Charity Selection[2m > [22m[2mcharity selection step[2m > [22m[2mshould show charity selector after credentials step
[22m[39mWarning: An update to Signup inside a test was not wrapped in act(...).

When testing, code that causes React state updates should be wrapped into act(...):

act(() => {
  /* fire events that update state */
});
/* assert on the output */

This ensures that you're testing the behavior the user would see in the browser. Learn more at https://reactjs.org/link/wrap-tests-with-act
    at Signup (C:/Users/Admin/graceful_books/src/pages/auth/Signup.tsx:8:61)
    at Router (C:\Users\Admin\graceful_books\node_modules\react-router\dist\umd\react-router.development.js:1207:17)
    at BrowserRouter (C:\Users\Admin\graceful_books\node_modules\react-router-dom\dist\umd\react-router-dom.development.js:695:7)

[90mstderr[2m | src/pages/auth/Signup.test.tsx[2m > [22m[2mSignup Page with Charity Selection[2m > [22m[2mcharity selection step[2m > [22m[2mshould show charity selector after credentials step
[22m[39mWarning: An update to CharitySelector inside a test was not wrapped in act(...).

When testing, code that causes React state updates should be wrapped into act(...):

act(() => {
  /* fire events that update state */
});
/* assert on the output */

This ensures that you're testing the behavior the user would see in the browser. Learn more at https://reactjs.org/link/wrap-tests-with-act
    at CharitySelector (C:/Users/Admin/graceful_books/src/components/charity/CharitySelector.tsx:9:3)
    at div
    at div
    at Signup (C:/Users/Admin/graceful_books/src/pages/auth/Signup.tsx:8:61)
    at Router (C:\Users\Admin\graceful_books\node_modules\react-router\dist\umd\react-router.development.js:1207:17)
    at BrowserRouter (C:\Users\Admin\graceful_books\node_modules\react-router-dom\dist\umd\react-router-dom.development.js:695:7)
Warning: An update to CharitySelector inside a test was not wrapped in act(...).

When testing, code that causes React state updates should be wrapped into act(...):

act(() => {
  /* fire events that update state */
});
/* assert on the output */

This ensures that you're testing the behavior the user would see in the browser. Learn more at https://reactjs.org/link/wrap-tests-with-act
    at CharitySelector (C:/Users/Admin/graceful_books/src/components/charity/CharitySelector.tsx:9:3)
    at div
    at div
    at Signup (C:/Users/Admin/graceful_books/src/pages/auth/Signup.tsx:8:61)
    at Router (C:\Users\Admin\graceful_books\node_modules\react-router\dist\umd\react-router.development.js:1207:17)
    at BrowserRouter (C:\Users\Admin\graceful_books\node_modules\react-router-dom\dist\umd\react-router-dom.development.js:695:7)

[90mstderr[2m | src/pages/auth/Signup.test.tsx[2m > [22m[2mSignup Page with Charity Selection[2m > [22m[2mcharity selection step[2m > [22m[2mshould display charities from the store
[22m[39mWarning: An update to Signup inside a test was not wrapped in act(...).

When testing, code that causes React state updates should be wrapped into act(...):

act(() => {
  /* fire events that update state */
});
/* assert on the output */

This ensures that you're testing the behavior the user would see in the browser. Learn more at https://reactjs.org/link/wrap-tests-with-act
    at Signup (C:/Users/Admin/graceful_books/src/pages/auth/Signup.tsx:8:61)
    at Router (C:\Users\Admin\graceful_books\node_modules\react-router\dist\umd\react-router.development.js:1207:17)
    at BrowserRouter (C:\Users\Admin\graceful_books\node_modules\react-router-dom\dist\umd\react-router-dom.development.js:695:7)

[90mstderr[2m | src/pages/auth/Signup.test.tsx[2m > [22m[2mSignup Page with Charity Selection[2m > [22m[2mcharity selection step[2m > [22m[2mshould display charities from the store
[22m[39mWarning: An update to Signup inside a test was not wrapped in act(...).

When testing, code that causes React state updates should be wrapped into act(...):

act(() => {
  /* fire events that update state */
});
/* assert on the output */

This ensures that you're testing the behavior the user would see in the browser. Learn more at https://reactjs.org/link/wrap-tests-with-act
    at Signup (C:/Users/Admin/graceful_books/src/pages/auth/Signup.tsx:8:61)
    at Router (C:\Users\Admin\graceful_books\node_modules\react-router\dist\umd\react-router.development.js:1207:17)
    at BrowserRouter (C:\Users\Admin\graceful_books\node_modules\react-router-dom\dist\umd\react-router-dom.development.js:695:7)

[90mstderr[2m | src/pages/auth/Signup.test.tsx[2m > [22m[2mSignup Page with Charity Selection[2m > [22m[2mcharity selection step[2m > [22m[2mshould display charities from the store
[22m[39mWarning: An update to Signup inside a test was not wrapped in act(...).

When testing, code that causes React state updates should be wrapped into act(...):

act(() => {
  /* fire events that update state */
});
/* assert on the output */

This ensures that you're testing the behavior the user would see in the browser. Learn more at https://reactjs.org/link/wrap-tests-with-act
    at Signup (C:/Users/Admin/graceful_books/src/pages/auth/Signup.tsx:8:61)
    at Router (C:\Users\Admin\graceful_books\node_modules\react-router\dist\umd\react-router.development.js:1207:17)
    at BrowserRouter (C:\Users\Admin\graceful_books\node_modules\react-router-dom\dist\umd\react-router-dom.development.js:695:7)

[90mstderr[2m | src/pages/auth/Signup.test.tsx[2m > [22m[2mSignup Page with Charity Selection[2m > [22m[2mcharity selection step[2m > [22m[2mshould display charities from the store
[22m[39mWarning: An update to Signup inside a test was not wrapped in act(...).

When testing, code that causes React state updates should be wrapped into act(...):

act(() => {
  /* fire events that update state */
});
/* assert on the output */

This ensures that you're testing the behavior the user would see in the browser. Learn more at https://reactjs.org/link/wrap-tests-with-act
    at Signup (C:/Users/Admin/graceful_books/src/pages/auth/Signup.tsx:8:61)
    at Router (C:\Users\Admin\graceful_books\node_modules\react-router\dist\umd\react-router.development.js:1207:17)
    at BrowserRouter (C:\Users\Admin\graceful_books\node_modules\react-router-dom\dist\umd\react-router-dom.development.js:695:7)

[90mstderr[2m | src/pages/auth/Signup.test.tsx[2m > [22m[2mSignup Page with Charity Selection[2m > [22m[2mcharity selection step[2m > [22m[2mshould display charities from the store
[22m[39mWarning: An update to Signup inside a test was not wrapped in act(...).

When testing, code that causes React state updates should be wrapped into act(...):

act(() => {
  /* fire events that update state */
});
/* assert on the output */

This ensures that you're testing the behavior the user would see in the browser. Learn more at https://reactjs.org/link/wrap-tests-with-act
    at Signup (C:/Users/Admin/graceful_books/src/pages/auth/Signup.tsx:8:61)
    at Router (C:\Users\Admin\graceful_books\node_modules\react-router\dist\umd\react-router.development.js:1207:17)
    at BrowserRouter (C:\Users\Admin\graceful_books\node_modules\react-router-dom\dist\umd\react-router-dom.development.js:695:7)

[90mstderr[2m | src/pages/auth/Signup.test.tsx[2m > [22m[2mSignup Page with Charity Selection[2m > [22m[2mcharity selection step[2m > [22m[2mshould display charities from the store
[22m[39mWarning: An update to Signup inside a test was not wrapped in act(...).

When testing, code that causes React state updates should be wrapped into act(...):

act(() => {
  /* fire events that update state */
});
/* assert on the output */

This ensures that you're testing the behavior the user would see in the browser. Learn more at https://reactjs.org/link/wrap-tests-with-act
    at Signup (C:/Users/Admin/graceful_books/src/pages/auth/Signup.tsx:8:61)
    at Router (C:\Users\Admin\graceful_books\node_modules\react-router\dist\umd\react-router.development.js:1207:17)
    at BrowserRouter (C:\Users\Admin\graceful_books\node_modules\react-router-dom\dist\umd\react-router-dom.development.js:695:7)

[90mstderr[2m | src/pages/auth/Signup.test.tsx[2m > [22m[2mSignup Page with Charity Selection[2m > [22m[2mcharity selection step[2m > [22m[2mshould display charities from the store
[22m[39mWarning: An update to Signup inside a test was not wrapped in act(...).

When testing, code that causes React state updates should be wrapped into act(...):

act(() => {
  /* fire events that update state */
});
/* assert on the output */

This ensures that you're testing the behavior the user would see in the browser. Learn more at https://reactjs.org/link/wrap-tests-with-act
    at Signup (C:/Users/Admin/graceful_books/src/pages/auth/Signup.tsx:8:61)
    at Router (C:\Users\Admin\graceful_books\node_modules\react-router\dist\umd\react-router.development.js:1207:17)
    at BrowserRouter (C:\Users\Admin\graceful_books\node_modules\react-router-dom\dist\umd\react-router-dom.development.js:695:7)

[90mstderr[2m | src/pages/auth/Signup.test.tsx[2m > [22m[2mSignup Page with Charity Selection[2m > [22m[2mcharity selection step[2m > [22m[2mshould display charities from the store
[22m[39mWarning: An update to Signup inside a test was not wrapped in act(...).

When testing, code that causes React state updates should be wrapped into act(...):

act(() => {
  /* fire events that update state */
});
/* assert on the output */

This ensures that you're testing the behavior the user would see in the browser. Learn more at https://reactjs.org/link/wrap-tests-with-act
    at Signup (C:/Users/Admin/graceful_books/src/pages/auth/Signup.tsx:8:61)
    at Router (C:\Users\Admin\graceful_books\node_modules\react-router\dist\umd\react-router.development.js:1207:17)
    at BrowserRouter (C:\Users\Admin\graceful_books\node_modules\react-router-dom\dist\umd\react-router-dom.development.js:695:7)

[90mstderr[2m | src/pages/auth/Signup.test.tsx[2m > [22m[2mSignup Page with Charity Selection[2m > [22m[2mcharity selection step[2m > [22m[2mshould display charities from the store
[22m[39mWarning: An update to Signup inside a test was not wrapped in act(...).

When testing, code that causes React state updates should be wrapped into act(...):

act(() => {
  /* fire events that update state */
});
/* assert on the output */

This ensures that you're testing the behavior the user would see in the browser. Learn more at https://reactjs.org/link/wrap-tests-with-act
    at Signup (C:/Users/Admin/graceful_books/src/pages/auth/Signup.tsx:8:61)
    at Router (C:\Users\Admin\graceful_books\node_modules\react-router\dist\umd\react-router.development.js:1207:17)
    at BrowserRouter (C:\Users\Admin\graceful_books\node_modules\react-router-dom\dist\umd\react-router-dom.development.js:695:7)

[90mstderr[2m | src/pages/auth/Signup.test.tsx[2m > [22m[2mSignup Page with Charity Selection[2m > [22m[2mcharity selection step[2m > [22m[2mshould display charities from the store
[22m[39mWarning: An update to Signup inside a test was not wrapped in act(...).

When testing, code that causes React state updates should be wrapped into act(...):

act(() => {
  /* fire events that update state */
});
/* assert on the output */

This ensures that you're testing the behavior the user would see in the browser. Learn more at https://reactjs.org/link/wrap-tests-with-act
    at Signup (C:/Users/Admin/graceful_books/src/pages/auth/Signup.tsx:8:61)
    at Router (C:\Users\Admin\graceful_books\node_modules\react-router\dist\umd\react-router.development.js:1207:17)
    at BrowserRouter (C:\Users\Admin\graceful_books\node_modules\react-router-dom\dist\umd\react-router-dom.development.js:695:7)

[90mstderr[2m | src/pages/auth/Signup.test.tsx[2m > [22m[2mSignup Page with Charity Selection[2m > [22m[2mcharity selection step[2m > [22m[2mshould display charities from the store
[22m[39mWarning: An update to Signup inside a test was not wrapped in act(...).

When testing, code that causes React state updates should be wrapped into act(...):

act(() => {
  /* fire events that update state */
});
/* assert on the output */

This ensures that you're testing the behavior the user would see in the browser. Learn more at https://reactjs.org/link/wrap-tests-with-act
    at Signup (C:/Users/Admin/graceful_books/src/pages/auth/Signup.tsx:8:61)
    at Router (C:\Users\Admin\graceful_books\node_modules\react-router\dist\umd\react-router.development.js:1207:17)
    at BrowserRouter (C:\Users\Admin\graceful_books\node_modules\react-router-dom\dist\umd\react-router-dom.development.js:695:7)

[90mstderr[2m | src/pages/auth/Signup.test.tsx[2m > [22m[2mSignup Page with Charity Selection[2m > [22m[2mcharity selection step[2m > [22m[2mshould display charities from the store
[22m[39mWarning: An update to Signup inside a test was not wrapped in act(...).

When testing, code that causes React state updates should be wrapped into act(...):

act(() => {
  /* fire events that update state */
});
/* assert on the output */

This ensures that you're testing the behavior the user would see in the browser. Learn more at https://reactjs.org/link/wrap-tests-with-act
    at Signup (C:/Users/Admin/graceful_books/src/pages/auth/Signup.tsx:8:61)
    at Router (C:\Users\Admin\graceful_books\node_modules\react-router\dist\umd\react-router.development.js:1207:17)
    at BrowserRouter (C:\Users\Admin\graceful_books\node_modules\react-router-dom\dist\umd\react-router-dom.development.js:695:7)

[90mstderr[2m | src/pages/auth/Signup.test.tsx[2m > [22m[2mSignup Page with Charity Selection[2m > [22m[2mcharity selection step[2m > [22m[2mshould display charities from the store
[22m[39mWarning: An update to Signup inside a test was not wrapped in act(...).

When testing, code that causes React state updates should be wrapped into act(...):

act(() => {
  /* fire events that update state */
});
/* assert on the output */

This ensures that you're testing the behavior the user would see in the browser. Learn more at https://reactjs.org/link/wrap-tests-with-act
    at Signup (C:/Users/Admin/graceful_books/src/pages/auth/Signup.tsx:8:61)
    at Router (C:\Users\Admin\graceful_books\node_modules\react-router\dist\umd\react-router.development.js:1207:17)
    at BrowserRouter (C:\Users\Admin\graceful_books\node_modules\react-router-dom\dist\umd\react-router-dom.development.js:695:7)

[90mstderr[2m | src/pages/auth/Signup.test.tsx[2m > [22m[2mSignup Page with Charity Selection[2m > [22m[2mcharity selection step[2m > [22m[2mshould display charities from the store
[22m[39mWarning: An update to Signup inside a test was not wrapped in act(...).

When testing, code that causes React state updates should be wrapped into act(...):

act(() => {
  /* fire events that update state */
});
/* assert on the output */

This ensures that you're testing the behavior the user would see in the browser. Learn more at https://reactjs.org/link/wrap-tests-with-act
    at Signup (C:/Users/Admin/graceful_books/src/pages/auth/Signup.tsx:8:61)
    at Router (C:\Users\Admin\graceful_books\node_modules\react-router\dist\umd\react-router.development.js:1207:17)
    at BrowserRouter (C:\Users\Admin\graceful_books\node_modules\react-router-dom\dist\umd\react-router-dom.development.js:695:7)

[90mstderr[2m | src/pages/auth/Signup.test.tsx[2m > [22m[2mSignup Page with Charity Selection[2m > [22m[2mcharity selection step[2m > [22m[2mshould display charities from the store
[22m[39mWarning: An update to Signup inside a test was not wrapped in act(...).

When testing, code that causes React state updates should be wrapped into act(...):

act(() => {
  /* fire events that update state */
});
/* assert on the output */

This ensures that you're testing the behavior the user would see in the browser. Learn more at https://reactjs.org/link/wrap-tests-with-act
    at Signup (C:/Users/Admin/graceful_books/src/pages/auth/Signup.tsx:8:61)
    at Router (C:\Users\Admin\graceful_books\node_modules\react-router\dist\umd\react-router.development.js:1207:17)
    at BrowserRouter (C:\Users\Admin\graceful_books\node_modules\react-router-dom\dist\umd\react-router-dom.development.js:695:7)

[90mstderr[2m | src/pages/auth/Signup.test.tsx[2m > [22m[2mSignup Page with Charity Selection[2m > [22m[2mcharity selection step[2m > [22m[2mshould display charities from the store
[22m[39mWarning: An update to Signup inside a test was not wrapped in act(...).

When testing, code that causes React state updates should be wrapped into act(...):

act(() => {
  /* fire events that update state */
});
/* assert on the output */

This ensures that you're testing the behavior the user would see in the browser. Learn more at https://reactjs.org/link/wrap-tests-with-act
    at Signup (C:/Users/Admin/graceful_books/src/pages/auth/Signup.tsx:8:61)
    at Router (C:\Users\Admin\graceful_books\node_modules\react-router\dist\umd\react-router.development.js:1207:17)
    at BrowserRouter (C:\Users\Admin\graceful_books\node_modules\react-router-dom\dist\umd\react-router-dom.development.js:695:7)

[90mstderr[2m | src/pages/auth/Signup.test.tsx[2m > [22m[2mSignup Page with Charity Selection[2m > [22m[2mcharity selection step[2m > [22m[2mshould display charities from the store
[22m[39mWarning: An update to Signup inside a test was not wrapped in act(...).

When testing, code that causes React state updates should be wrapped into act(...):

act(() => {
  /* fire events that update state */
});
/* assert on the output */

This ensures that you're testing the behavior the user would see in the browser. Learn more at https://reactjs.org/link/wrap-tests-with-act
    at Signup (C:/Users/Admin/graceful_books/src/pages/auth/Signup.tsx:8:61)
    at Router (C:\Users\Admin\graceful_books\node_modules\react-router\dist\umd\react-router.development.js:1207:17)
    at BrowserRouter (C:\Users\Admin\graceful_books\node_modules\react-router-dom\dist\umd\react-router-dom.development.js:695:7)

[90mstderr[2m | src/pages/auth/Signup.test.tsx[2m > [22m[2mSignup Page with Charity Selection[2m > [22m[2mcharity selection step[2m > [22m[2mshould display charities from the store
[22m[39mWarning: An update to Signup inside a test was not wrapped in act(...).

When testing, code that causes React state updates should be wrapped into act(...):

act(() => {
  /* fire events that update state */
});
/* assert on the output */

This ensures that you're testing the behavior the user would see in the browser. Learn more at https://reactjs.org/link/wrap-tests-with-act
    at Signup (C:/Users/Admin/graceful_books/src/pages/auth/Signup.tsx:8:61)
    at Router (C:\Users\Admin\graceful_books\node_modules\react-router\dist\umd\react-router.development.js:1207:17)
    at BrowserRouter (C:\Users\Admin\graceful_books\node_modules\react-router-dom\dist\umd\react-router-dom.development.js:695:7)

[90mstderr[2m | src/pages/auth/Signup.test.tsx[2m > [22m[2mSignup Page with Charity Selection[2m > [22m[2mcharity selection step[2m > [22m[2mshould display charities from the store
[22m[39mWarning: An update to Signup inside a test was not wrapped in act(...).

When testing, code that causes React state updates should be wrapped into act(...):

act(() => {
  /* fire events that update state */
});
/* assert on the output */

This ensures that you're testing the behavior the user would see in the browser. Learn more at https://reactjs.org/link/wrap-tests-with-act
    at Signup (C:/Users/Admin/graceful_books/src/pages/auth/Signup.tsx:8:61)
    at Router (C:\Users\Admin\graceful_books\node_modules\react-router\dist\umd\react-router.development.js:1207:17)
    at BrowserRouter (C:\Users\Admin\graceful_books\node_modules\react-router-dom\dist\umd\react-router-dom.development.js:695:7)

[90mstderr[2m | src/pages/auth/Signup.test.tsx[2m > [22m[2mSignup Page with Charity Selection[2m > [22m[2mcharity selection step[2m > [22m[2mshould display charities from the store
[22m[39mWarning: An update to Signup inside a test was not wrapped in act(...).

When testing, code that causes React state updates should be wrapped into act(...):

act(() => {
  /* fire events that update state */
});
/* assert on the output */

This ensures that you're testing the behavior the user would see in the browser. Learn more at https://reactjs.org/link/wrap-tests-with-act
    at Signup (C:/Users/Admin/graceful_books/src/pages/auth/Signup.tsx:8:61)
    at Router (C:\Users\Admin\graceful_books\node_modules\react-router\dist\umd\react-router.development.js:1207:17)
    at BrowserRouter (C:\Users\Admin\graceful_books\node_modules\react-router-dom\dist\umd\react-router-dom.development.js:695:7)

[90mstderr[2m | src/pages/auth/Signup.test.tsx[2m > [22m[2mSignup Page with Charity Selection[2m > [22m[2mcharity selection step[2m > [22m[2mshould display charities from the store
[22m[39mWarning: An update to Signup inside a test was not wrapped in act(...).

When testing, code that causes React state updates should be wrapped into act(...):

act(() => {
  /* fire events that update state */
});
/* assert on the output */

This ensures that you're testing the behavior the user would see in the browser. Learn more at https://reactjs.org/link/wrap-tests-with-act
    at Signup (C:/Users/Admin/graceful_books/src/pages/auth/Signup.tsx:8:61)
    at Router (C:\Users\Admin\graceful_books\node_modules\react-router\dist\umd\react-router.development.js:1207:17)
    at BrowserRouter (C:\Users\Admin\graceful_books\node_modules\react-router-dom\dist\umd\react-router-dom.development.js:695:7)

[90mstderr[2m | src/pages/auth/Signup.test.tsx[2m > [22m[2mSignup Page with Charity Selection[2m > [22m[2mcharity selection step[2m > [22m[2mshould display charities from the store
[22m[39mWarning: An update to Signup inside a test was not wrapped in act(...).

When testing, code that causes React state updates should be wrapped into act(...):

act(() => {
  /* fire events that update state */
});
/* assert on the output */

This ensures that you're testing the behavior the user would see in the browser. Learn more at https://reactjs.org/link/wrap-tests-with-act
    at Signup (C:/Users/Admin/graceful_books/src/pages/auth/Signup.tsx:8:61)
    at Router (C:\Users\Admin\graceful_books\node_modules\react-router\dist\umd\react-router.development.js:1207:17)
    at BrowserRouter (C:\Users\Admin\graceful_books\node_modules\react-router-dom\dist\umd\react-router-dom.development.js:695:7)

[90mstderr[2m | src/pages/auth/Signup.test.tsx[2m > [22m[2mSignup Page with Charity Selection[2m > [22m[2mcharity selection step[2m > [22m[2mshould display charities from the store
[22m[39mWarning: An update to Signup inside a test was not wrapped in act(...).

When testing, code that causes React state updates should be wrapped into act(...):

act(() => {
  /* fire events that update state */
});
/* assert on the output */

This ensures that you're testing the behavior the user would see in the browser. Learn more at https://reactjs.org/link/wrap-tests-with-act
    at Signup (C:/Users/Admin/graceful_books/src/pages/auth/Signup.tsx:8:61)
    at Router (C:\Users\Admin\graceful_books\node_modules\react-router\dist\umd\react-router.development.js:1207:17)
    at BrowserRouter (C:\Users\Admin\graceful_books\node_modules\react-router-dom\dist\umd\react-router-dom.development.js:695:7)

[90mstderr[2m | src/pages/auth/Signup.test.tsx[2m > [22m[2mSignup Page with Charity Selection[2m > [22m[2mcharity selection step[2m > [22m[2mshould display charities from the store
[22m[39mWarning: An update to Signup inside a test was not wrapped in act(...).

When testing, code that causes React state updates should be wrapped into act(...):

act(() => {
  /* fire events that update state */
});
/* assert on the output */

This ensures that you're testing the behavior the user would see in the browser. Learn more at https://reactjs.org/link/wrap-tests-with-act
    at Signup (C:/Users/Admin/graceful_books/src/pages/auth/Signup.tsx:8:61)
    at Router (C:\Users\Admin\graceful_books\node_modules\react-router\dist\umd\react-router.development.js:1207:17)
    at BrowserRouter (C:\Users\Admin\graceful_books\node_modules\react-router-dom\dist\umd\react-router-dom.development.js:695:7)

[90mstderr[2m | src/pages/auth/Signup.test.tsx[2m > [22m[2mSignup Page with Charity Selection[2m > [22m[2mcharity selection step[2m > [22m[2mshould display charities from the store
[22m[39mWarning: An update to Signup inside a test was not wrapped in act(...).

When testing, code that causes React state updates should be wrapped into act(...):

act(() => {
  /* fire events that update state */
});
/* assert on the output */

This ensures that you're testing the behavior the user would see in the browser. Learn more at https://reactjs.org/link/wrap-tests-with-act
    at Signup (C:/Users/Admin/graceful_books/src/pages/auth/Signup.tsx:8:61)
    at Router (C:\Users\Admin\graceful_books\node_modules\react-router\dist\umd\react-router.development.js:1207:17)
    at BrowserRouter (C:\Users\Admin\graceful_books\node_modules\react-router-dom\dist\umd\react-router-dom.development.js:695:7)

[90mstderr[2m | src/pages/auth/Signup.test.tsx[2m > [22m[2mSignup Page with Charity Selection[2m > [22m[2mcharity selection step[2m > [22m[2mshould display charities from the store
[22m[39mWarning: An update to Signup inside a test was not wrapped in act(...).

When testing, code that causes React state updates should be wrapped into act(...):

act(() => {
  /* fire events that update state */
});
/* assert on the output */

This ensures that you're testing the behavior the user would see in the browser. Learn more at https://reactjs.org/link/wrap-tests-with-act
    at Signup (C:/Users/Admin/graceful_books/src/pages/auth/Signup.tsx:8:61)
    at Router (C:\Users\Admin\graceful_books\node_modules\react-router\dist\umd\react-router.development.js:1207:17)
    at BrowserRouter (C:\Users\Admin\graceful_books\node_modules\react-router-dom\dist\umd\react-router-dom.development.js:695:7)

[90mstderr[2m | src/pages/auth/Signup.test.tsx[2m > [22m[2mSignup Page with Charity Selection[2m > [22m[2mcharity selection step[2m > [22m[2mshould display charities from the store
[22m[39mWarning: An update to Signup inside a test was not wrapped in act(...).

When testing, code that causes React state updates should be wrapped into act(...):

act(() => {
  /* fire events that update state */
});
/* assert on the output */

This ensures that you're testing the behavior the user would see in the browser. Learn more at https://reactjs.org/link/wrap-tests-with-act
    at Signup (C:/Users/Admin/graceful_books/src/pages/auth/Signup.tsx:8:61)
    at Router (C:\Users\Admin\graceful_books\node_modules\react-router\dist\umd\react-router.development.js:1207:17)
    at BrowserRouter (C:\Users\Admin\graceful_books\node_modules\react-router-dom\dist\umd\react-router-dom.development.js:695:7)

[90mstderr[2m | src/pages/auth/Signup.test.tsx[2m > [22m[2mSignup Page with Charity Selection[2m > [22m[2mcharity selection step[2m > [22m[2mshould display charities from the store
[22m[39mWarning: An update to Signup inside a test was not wrapped in act(...).

When testing, code that causes React state updates should be wrapped into act(...):

act(() => {
  /* fire events that update state */
});
/* assert on the output */

This ensures that you're testing the behavior the user would see in the browser. Learn more at https://reactjs.org/link/wrap-tests-with-act
    at Signup (C:/Users/Admin/graceful_books/src/pages/auth/Signup.tsx:8:61)
    at Router (C:\Users\Admin\graceful_books\node_modules\react-router\dist\umd\react-router.development.js:1207:17)
    at BrowserRouter (C:\Users\Admin\graceful_books\node_modules\react-router-dom\dist\umd\react-router-dom.development.js:695:7)

[90mstderr[2m | src/pages/auth/Signup.test.tsx[2m > [22m[2mSignup Page with Charity Selection[2m > [22m[2mcharity selection step[2m > [22m[2mshould display charities from the store
[22m[39mWarning: An update to Signup inside a test was not wrapped in act(...).

When testing, code that causes React state updates should be wrapped into act(...):

act(() => {
  /* fire events that update state */
});
/* assert on the output */

This ensures that you're testing the behavior the user would see in the browser. Learn more at https://reactjs.org/link/wrap-tests-with-act
    at Signup (C:/Users/Admin/graceful_books/src/pages/auth/Signup.tsx:8:61)
    at Router (C:\Users\Admin\graceful_books\node_modules\react-router\dist\umd\react-router.development.js:1207:17)
    at BrowserRouter (C:\Users\Admin\graceful_books\node_modules\react-router-dom\dist\umd\react-router-dom.development.js:695:7)

[90mstderr[2m | src/pages/auth/Signup.test.tsx[2m > [22m[2mSignup Page with Charity Selection[2m > [22m[2mcharity selection step[2m > [22m[2mshould display charities from the store
[22m[39mWarning: An update to Signup inside a test was not wrapped in act(...).

When testing, code that causes React state updates should be wrapped into act(...):

act(() => {
  /* fire events that update state */
});
/* assert on the output */

This ensures that you're testing the behavior the user would see in the browser. Learn more at https://reactjs.org/link/wrap-tests-with-act
    at Signup (C:/Users/Admin/graceful_books/src/pages/auth/Signup.tsx:8:61)
    at Router (C:\Users\Admin\graceful_books\node_modules\react-router\dist\umd\react-router.development.js:1207:17)
    at BrowserRouter (C:\Users\Admin\graceful_books\node_modules\react-router-dom\dist\umd\react-router-dom.development.js:695:7)

[90mstderr[2m | src/pages/auth/Signup.test.tsx[2m > [22m[2mSignup Page with Charity Selection[2m > [22m[2mcharity selection step[2m > [22m[2mshould display charities from the store
[22m[39mWarning: An update to Signup inside a test was not wrapped in act(...).

When testing, code that causes React state updates should be wrapped into act(...):

act(() => {
  /* fire events that update state */
});
/* assert on the output */

This ensures that you're testing the behavior the user would see in the browser. Learn more at https://reactjs.org/link/wrap-tests-with-act
    at Signup (C:/Users/Admin/graceful_books/src/pages/auth/Signup.tsx:8:61)
    at Router (C:\Users\Admin\graceful_books\node_modules\react-router\dist\umd\react-router.development.js:1207:17)
    at BrowserRouter (C:\Users\Admin\graceful_books\node_modules\react-router-dom\dist\umd\react-router-dom.development.js:695:7)

[90mstderr[2m | src/pages/auth/Signup.test.tsx[2m > [22m[2mSignup Page with Charity Selection[2m > [22m[2mcharity selection step[2m > [22m[2mshould display charities from the store
[22m[39mWarning: An update to Signup inside a test was not wrapped in act(...).

When testing, code that causes React state updates should be wrapped into act(...):

act(() => {
  /* fire events that update state */
});
/* assert on the output */

This ensures that you're testing the behavior the user would see in the browser. Learn more at https://reactjs.org/link/wrap-tests-with-act
    at Signup (C:/Users/Admin/graceful_books/src/pages/auth/Signup.tsx:8:61)
    at Router (C:\Users\Admin\graceful_books\node_modules\react-router\dist\umd\react-router.development.js:1207:17)
    at BrowserRouter (C:\Users\Admin\graceful_books\node_modules\react-router-dom\dist\umd\react-router-dom.development.js:695:7)

[90mstderr[2m | src/pages/auth/Signup.test.tsx[2m > [22m[2mSignup Page with Charity Selection[2m > [22m[2mcharity selection step[2m > [22m[2mshould display charities from the store
[22m[39mWarning: An update to Signup inside a test was not wrapped in act(...).

When testing, code that causes React state updates should be wrapped into act(...):

act(() => {
  /* fire events that update state */
});
/* assert on the output */

This ensures that you're testing the behavior the user would see in the browser. Learn more at https://reactjs.org/link/wrap-tests-with-act
    at Signup (C:/Users/Admin/graceful_books/src/pages/auth/Signup.tsx:8:61)
    at Router (C:\Users\Admin\graceful_books\node_modules\react-router\dist\umd\react-router.development.js:1207:17)
    at BrowserRouter (C:\Users\Admin\graceful_books\node_modules\react-router-dom\dist\umd\react-router-dom.development.js:695:7)

[90mstderr[2m | src/pages/auth/Signup.test.tsx[2m > [22m[2mSignup Page with Charity Selection[2m > [22m[2mcharity selection step[2m > [22m[2mshould display charities from the store
[22m[39mWarning: An update to Signup inside a test was not wrapped in act(...).

When testing, code that causes React state updates should be wrapped into act(...):

act(() => {
  /* fire events that update state */
});
/* assert on the output */

This ensures that you're testing the behavior the user would see in the browser. Learn more at https://reactjs.org/link/wrap-tests-with-act
    at Signup (C:/Users/Admin/graceful_books/src/pages/auth/Signup.tsx:8:61)
    at Router (C:\Users\Admin\graceful_books\node_modules\react-router\dist\umd\react-router.development.js:1207:17)
    at BrowserRouter (C:\Users\Admin\graceful_books\node_modules\react-router-dom\dist\umd\react-router-dom.development.js:695:7)

[90mstderr[2m | src/pages/auth/Signup.test.tsx[2m > [22m[2mSignup Page with Charity Selection[2m > [22m[2mcharity selection step[2m > [22m[2mshould display charities from the store
[22m[39mWarning: An update to Signup inside a test was not wrapped in act(...).

When testing, code that causes React state updates should be wrapped into act(...):

act(() => {
  /* fire events that update state */
});
/* assert on the output */

This ensures that you're testing the behavior the user would see in the browser. Learn more at https://reactjs.org/link/wrap-tests-with-act
    at Signup (C:/Users/Admin/graceful_books/src/pages/auth/Signup.tsx:8:61)
    at Router (C:\Users\Admin\graceful_books\node_modules\react-router\dist\umd\react-router.development.js:1207:17)
    at BrowserRouter (C:\Users\Admin\graceful_books\node_modules\react-router-dom\dist\umd\react-router-dom.development.js:695:7)

[90mstderr[2m | src/pages/auth/Signup.test.tsx[2m > [22m[2mSignup Page with Charity Selection[2m > [22m[2mcharity selection step[2m > [22m[2mshould display charities from the store
[22m[39mWarning: An update to Signup inside a test was not wrapped in act(...).

When testing, code that causes React state updates should be wrapped into act(...):

act(() => {
  /* fire events that update state */
});
/* assert on the output */

This ensures that you're testing the behavior the user would see in the browser. Learn more at https://reactjs.org/link/wrap-tests-with-act
    at Signup (C:/Users/Admin/graceful_books/src/pages/auth/Signup.tsx:8:61)
    at Router (C:\Users\Admin\graceful_books\node_modules\react-router\dist\umd\react-router.development.js:1207:17)
    at BrowserRouter (C:\Users\Admin\graceful_books\node_modules\react-router-dom\dist\umd\react-router-dom.development.js:695:7)

[90mstderr[2m | src/pages/auth/Signup.test.tsx[2m > [22m[2mSignup Page with Charity Selection[2m > [22m[2mcharity selection step[2m > [22m[2mshould display charities from the store
[22m[39mWarning: An update to Signup inside a test was not wrapped in act(...).

When testing, code that causes React state updates should be wrapped into act(...):

act(() => {
  /* fire events that update state */
});
/* assert on the output */

This ensures that you're testing the behavior the user would see in the browser. Learn more at https://reactjs.org/link/wrap-tests-with-act
    at Signup (C:/Users/Admin/graceful_books/src/pages/auth/Signup.tsx:8:61)
    at Router (C:\Users\Admin\graceful_books\node_modules\react-router\dist\umd\react-router.development.js:1207:17)
    at BrowserRouter (C:\Users\Admin\graceful_books\node_modules\react-router-dom\dist\umd\react-router-dom.development.js:695:7)

[90mstderr[2m | src/pages/auth/Signup.test.tsx[2m > [22m[2mSignup Page with Charity Selection[2m > [22m[2mcharity selection step[2m > [22m[2mshould display charities from the store
[22m[39mWarning: An update to Signup inside a test was not wrapped in act(...).

When testing, code that causes React state updates should be wrapped into act(...):

act(() => {
  /* fire events that update state */
});
/* assert on the output */

This ensures that you're testing the behavior the user would see in the browser. Learn more at https://reactjs.org/link/wrap-tests-with-act
    at Signup (C:/Users/Admin/graceful_books/src/pages/auth/Signup.tsx:8:61)
    at Router (C:\Users\Admin\graceful_books\node_modules\react-router\dist\umd\react-router.development.js:1207:17)
    at BrowserRouter (C:\Users\Admin\graceful_books\node_modules\react-router-dom\dist\umd\react-router-dom.development.js:695:7)

[90mstderr[2m | src/pages/auth/Signup.test.tsx[2m > [22m[2mSignup Page with Charity Selection[2m > [22m[2mcharity selection step[2m > [22m[2mshould display charities from the store
[22m[39mWarning: An update to Signup inside a test was not wrapped in act(...).

When testing, code that causes React state updates should be wrapped into act(...):

act(() => {
  /* fire events that update state */
});
/* assert on the output */

This ensures that you're testing the behavior the user would see in the browser. Learn more at https://reactjs.org/link/wrap-tests-with-act
    at Signup (C:/Users/Admin/graceful_books/src/pages/auth/Signup.tsx:8:61)
    at Router (C:\Users\Admin\graceful_books\node_modules\react-router\dist\umd\react-router.development.js:1207:17)
    at BrowserRouter (C:\Users\Admin\graceful_books\node_modules\react-router-dom\dist\umd\react-router-dom.development.js:695:7)

[90mstderr[2m | src/pages/auth/Signup.test.tsx[2m > [22m[2mSignup Page with Charity Selection[2m > [22m[2mcharity selection step[2m > [22m[2mshould display charities from the store
[22m[39mWarning: An update to CharitySelector inside a test was not wrapped in act(...).

When testing, code that causes React state updates should be wrapped into act(...):

act(() => {
  /* fire events that update state */
});
/* assert on the output */

This ensures that you're testing the behavior the user would see in the browser. Learn more at https://reactjs.org/link/wrap-tests-with-act
    at CharitySelector (C:/Users/Admin/graceful_books/src/components/charity/CharitySelector.tsx:9:3)
    at div
    at div
    at Signup (C:/Users/Admin/graceful_books/src/pages/auth/Signup.tsx:8:61)
    at Router (C:\Users\Admin\graceful_books\node_modules\react-router\dist\umd\react-router.development.js:1207:17)
    at BrowserRouter (C:\Users\Admin\graceful_books\node_modules\react-router-dom\dist\umd\react-router-dom.development.js:695:7)
Warning: An update to CharitySelector inside a test was not wrapped in act(...).

When testing, code that causes React state updates should be wrapped into act(...):

act(() => {
  /* fire events that update state */
});
/* assert on the output */

This ensures that you're testing the behavior the user would see in the browser. Learn more at https://reactjs.org/link/wrap-tests-with-act
    at CharitySelector (C:/Users/Admin/graceful_books/src/components/charity/CharitySelector.tsx:9:3)
    at div
    at div
    at Signup (C:/Users/Admin/graceful_books/src/pages/auth/Signup.tsx:8:61)
    at Router (C:\Users\Admin\graceful_books\node_modules\react-router\dist\umd\react-router.development.js:1207:17)
    at BrowserRouter (C:\Users\Admin\graceful_books\node_modules\react-router-dom\dist\umd\react-router-dom.development.js:695:7)

[90mstderr[2m | src/pages/auth/Signup.test.tsx[2m > [22m[2mSignup Page with Charity Selection[2m > [22m[2mcharity selection step[2m > [22m[2mshould allow selecting a charity
[22m[39mWarning: An update to Signup inside a test was not wrapped in act(...).

When testing, code that causes React state updates should be wrapped into act(...):

act(() => {
  /* fire events that update state */
});
/* assert on the output */

This ensures that you're testing the behavior the user would see in the browser. Learn more at https://reactjs.org/link/wrap-tests-with-act
    at Signup (C:/Users/Admin/graceful_books/src/pages/auth/Signup.tsx:8:61)
    at Router (C:\Users\Admin\graceful_books\node_modules\react-router\dist\umd\react-router.development.js:1207:17)
    at BrowserRouter (C:\Users\Admin\graceful_books\node_modules\react-router-dom\dist\umd\react-router-dom.development.js:695:7)

[90mstderr[2m | src/pages/auth/Signup.test.tsx[2m > [22m[2mSignup Page with Charity Selection[2m > [22m[2mcharity selection step[2m > [22m[2mshould allow selecting a charity
[22m[39mWarning: An update to Signup inside a test was not wrapped in act(...).

When testing, code that causes React state updates should be wrapped into act(...):

act(() => {
  /* fire events that update state */
});
/* assert on the output */

This ensures that you're testing the behavior the user would see in the browser. Learn more at https://reactjs.org/link/wrap-tests-with-act
    at Signup (C:/Users/Admin/graceful_books/src/pages/auth/Signup.tsx:8:61)
    at Router (C:\Users\Admin\graceful_books\node_modules\react-router\dist\umd\react-router.development.js:1207:17)
    at BrowserRouter (C:\Users\Admin\graceful_books\node_modules\react-router-dom\dist\umd\react-router-dom.development.js:695:7)

[90mstderr[2m | src/pages/auth/Signup.test.tsx[2m > [22m[2mSignup Page with Charity Selection[2m > [22m[2mcharity selection step[2m > [22m[2mshould allow selecting a charity
[22m[39mWarning: An update to Signup inside a test was not wrapped in act(...).

When testing, code that causes React state updates should be wrapped into act(...):

act(() => {
  /* fire events that update state */
});
/* assert on the output */

This ensures that you're testing the behavior the user would see in the browser. Learn more at https://reactjs.org/link/wrap-tests-with-act
    at Signup (C:/Users/Admin/graceful_books/src/pages/auth/Signup.tsx:8:61)
    at Router (C:\Users\Admin\graceful_books\node_modules\react-router\dist\umd\react-router.development.js:1207:17)
    at BrowserRouter (C:\Users\Admin\graceful_books\node_modules\react-router-dom\dist\umd\react-router-dom.development.js:695:7)

[90mstderr[2m | src/pages/auth/Signup.test.tsx[2m > [22m[2mSignup Page with Charity Selection[2m > [22m[2mcharity selection step[2m > [22m[2mshould allow selecting a charity
[22m[39mWarning: An update to Signup inside a test was not wrapped in act(...).

When testing, code that causes React state updates should be wrapped into act(...):

act(() => {
  /* fire events that update state */
});
/* assert on the output */

This ensures that you're testing the behavior the user would see in the browser. Learn more at https://reactjs.org/link/wrap-tests-with-act
    at Signup (C:/Users/Admin/graceful_books/src/pages/auth/Signup.tsx:8:61)
    at Router (C:\Users\Admin\graceful_books\node_modules\react-router\dist\umd\react-router.development.js:1207:17)
    at BrowserRouter (C:\Users\Admin\graceful_books\node_modules\react-router-dom\dist\umd\react-router-dom.development.js:695:7)

[90mstderr[2m | src/pages/auth/Signup.test.tsx[2m > [22m[2mSignup Page with Charity Selection[2m > [22m[2mcharity selection step[2m > [22m[2mshould allow selecting a charity
[22m[39mWarning: An update to Signup inside a test was not wrapped in act(...).

When testing, code that causes React state updates should be wrapped into act(...):

act(() => {
  /* fire events that update state */
});
/* assert on the output */

This ensures that you're testing the behavior the user would see in the browser. Learn more at https://reactjs.org/link/wrap-tests-with-act
    at Signup (C:/Users/Admin/graceful_books/src/pages/auth/Signup.tsx:8:61)
    at Router (C:\Users\Admin\graceful_books\node_modules\react-router\dist\umd\react-router.development.js:1207:17)
    at BrowserRouter (C:\Users\Admin\graceful_books\node_modules\react-router-dom\dist\umd\react-router-dom.development.js:695:7)

[90mstderr[2m | src/pages/auth/Signup.test.tsx[2m > [22m[2mSignup Page with Charity Selection[2m > [22m[2mcharity selection step[2m > [22m[2mshould allow selecting a charity
[22m[39mWarning: An update to Signup inside a test was not wrapped in act(...).

When testing, code that causes React state updates should be wrapped into act(...):

act(() => {
  /* fire events that update state */
});
/* assert on the output */

This ensures that you're testing the behavior the user would see in the browser. Learn more at https://reactjs.org/link/wrap-tests-with-act
    at Signup (C:/Users/Admin/graceful_books/src/pages/auth/Signup.tsx:8:61)
    at Router (C:\Users\Admin\graceful_books\node_modules\react-router\dist\umd\react-router.development.js:1207:17)
    at BrowserRouter (C:\Users\Admin\graceful_books\node_modules\react-router-dom\dist\umd\react-router-dom.development.js:695:7)

[90mstderr[2m | src/pages/auth/Signup.test.tsx[2m > [22m[2mSignup Page with Charity Selection[2m > [22m[2mcharity selection step[2m > [22m[2mshould allow selecting a charity
[22m[39mWarning: An update to Signup inside a test was not wrapped in act(...).

When testing, code that causes React state updates should be wrapped into act(...):

act(() => {
  /* fire events that update state */
});
/* assert on the output */

This ensures that you're testing the behavior the user would see in the browser. Learn more at https://reactjs.org/link/wrap-tests-with-act
    at Signup (C:/Users/Admin/graceful_books/src/pages/auth/Signup.tsx:8:61)
    at Router (C:\Users\Admin\graceful_books\node_modules\react-router\dist\umd\react-router.development.js:1207:17)
    at BrowserRouter (C:\Users\Admin\graceful_books\node_modules\react-router-dom\dist\umd\react-router-dom.development.js:695:7)

[90mstderr[2m | src/pages/auth/Signup.test.tsx[2m > [22m[2mSignup Page with Charity Selection[2m > [22m[2mcharity selection step[2m > [22m[2mshould allow selecting a charity
[22m[39mWarning: An update to Signup inside a test was not wrapped in act(...).

When testing, code that causes React state updates should be wrapped into act(...):

act(() => {
  /* fire events that update state */
});
/* assert on the output */

This ensures that you're testing the behavior the user would see in the browser. Learn more at https://reactjs.org/link/wrap-tests-with-act
    at Signup (C:/Users/Admin/graceful_books/src/pages/auth/Signup.tsx:8:61)
    at Router (C:\Users\Admin\graceful_books\node_modules\react-router\dist\umd\react-router.development.js:1207:17)
    at BrowserRouter (C:\Users\Admin\graceful_books\node_modules\react-router-dom\dist\umd\react-router-dom.development.js:695:7)

[90mstderr[2m | src/pages/auth/Signup.test.tsx[2m > [22m[2mSignup Page with Charity Selection[2m > [22m[2mcharity selection step[2m > [22m[2mshould allow selecting a charity
[22m[39mWarning: An update to Signup inside a test was not wrapped in act(...).

When testing, code that causes React state updates should be wrapped into act(...):

act(() => {
  /* fire events that update state */
});
/* assert on the output */

This ensures that you're testing the behavior the user would see in the browser. Learn more at https://reactjs.org/link/wrap-tests-with-act
    at Signup (C:/Users/Admin/graceful_books/src/pages/auth/Signup.tsx:8:61)
    at Router (C:\Users\Admin\graceful_books\node_modules\react-router\dist\umd\react-router.development.js:1207:17)
    at BrowserRouter (C:\Users\Admin\graceful_books\node_modules\react-router-dom\dist\umd\react-router-dom.development.js:695:7)

[90mstderr[2m | src/pages/auth/Signup.test.tsx[2m > [22m[2mSignup Page with Charity Selection[2m > [22m[2mcharity selection step[2m > [22m[2mshould allow selecting a charity
[22m[39mWarning: An update to Signup inside a test was not wrapped in act(...).

When testing, code that causes React state updates should be wrapped into act(...):

act(() => {
  /* fire events that update state */
});
/* assert on the output */

This ensures that you're testing the behavior the user would see in the browser. Learn more at https://reactjs.org/link/wrap-tests-with-act
    at Signup (C:/Users/Admin/graceful_books/src/pages/auth/Signup.tsx:8:61)
    at Router (C:\Users\Admin\graceful_books\node_modules\react-router\dist\umd\react-router.development.js:1207:17)
    at BrowserRouter (C:\Users\Admin\graceful_books\node_modules\react-router-dom\dist\umd\react-router-dom.development.js:695:7)

[90mstderr[2m | src/pages/auth/Signup.test.tsx[2m > [22m[2mSignup Page with Charity Selection[2m > [22m[2mcharity selection step[2m > [22m[2mshould allow selecting a charity
[22m[39mWarning: An update to Signup inside a test was not wrapped in act(...).

When testing, code that causes React state updates should be wrapped into act(...):

act(() => {
  /* fire events that update state */
});
/* assert on the output */

This ensures that you're testing the behavior the user would see in the browser. Learn more at https://reactjs.org/link/wrap-tests-with-act
    at Signup (C:/Users/Admin/graceful_books/src/pages/auth/Signup.tsx:8:61)
    at Router (C:\Users\Admin\graceful_books\node_modules\react-router\dist\umd\react-router.development.js:1207:17)
    at BrowserRouter (C:\Users\Admin\graceful_books\node_modules\react-router-dom\dist\umd\react-router-dom.development.js:695:7)

[90mstderr[2m | src/pages/auth/Signup.test.tsx[2m > [22m[2mSignup Page with Charity Selection[2m > [22m[2mcharity selection step[2m > [22m[2mshould allow selecting a charity
[22m[39mWarning: An update to Signup inside a test was not wrapped in act(...).

When testing, code that causes React state updates should be wrapped into act(...):

act(() => {
  /* fire events that update state */
});
/* assert on the output */

This ensures that you're testing the behavior the user would see in the browser. Learn more at https://reactjs.org/link/wrap-tests-with-act
    at Signup (C:/Users/Admin/graceful_books/src/pages/auth/Signup.tsx:8:61)
    at Router (C:\Users\Admin\graceful_books\node_modules\react-router\dist\umd\react-router.development.js:1207:17)
    at BrowserRouter (C:\Users\Admin\graceful_books\node_modules\react-router-dom\dist\umd\react-router-dom.development.js:695:7)

[90mstderr[2m | src/pages/auth/Signup.test.tsx[2m > [22m[2mSignup Page with Charity Selection[2m > [22m[2mcharity selection step[2m > [22m[2mshould allow selecting a charity
[22m[39mWarning: An update to Signup inside a test was not wrapped in act(...).

When testing, code that causes React state updates should be wrapped into act(...):

act(() => {
  /* fire events that update state */
});
/* assert on the output */

This ensures that you're testing the behavior the user would see in the browser. Learn more at https://reactjs.org/link/wrap-tests-with-act
    at Signup (C:/Users/Admin/graceful_books/src/pages/auth/Signup.tsx:8:61)
    at Router (C:\Users\Admin\graceful_books\node_modules\react-router\dist\umd\react-router.development.js:1207:17)
    at BrowserRouter (C:\Users\Admin\graceful_books\node_modules\react-router-dom\dist\umd\react-router-dom.development.js:695:7)

[90mstderr[2m | src/pages/auth/Signup.test.tsx[2m > [22m[2mSignup Page with Charity Selection[2m > [22m[2mcharity selection step[2m > [22m[2mshould allow selecting a charity
[22m[39mWarning: An update to Signup inside a test was not wrapped in act(...).

When testing, code that causes React state updates should be wrapped into act(...):

act(() => {
  /* fire events that update state */
});
/* assert on the output */

This ensures that you're testing the behavior the user would see in the browser. Learn more at https://reactjs.org/link/wrap-tests-with-act
    at Signup (C:/Users/Admin/graceful_books/src/pages/auth/Signup.tsx:8:61)
    at Router (C:\Users\Admin\graceful_books\node_modules\react-router\dist\umd\react-router.development.js:1207:17)
    at BrowserRouter (C:\Users\Admin\graceful_books\node_modules\react-router-dom\dist\umd\react-router-dom.development.js:695:7)

[90mstderr[2m | src/pages/auth/Signup.test.tsx[2m > [22m[2mSignup Page with Charity Selection[2m > [22m[2mcharity selection step[2m > [22m[2mshould allow selecting a charity
[22m[39mWarning: An update to Signup inside a test was not wrapped in act(...).

When testing, code that causes React state updates should be wrapped into act(...):

act(() => {
  /* fire events that update state */
});
/* assert on the output */

This ensures that you're testing the behavior the user would see in the browser. Learn more at https://reactjs.org/link/wrap-tests-with-act
    at Signup (C:/Users/Admin/graceful_books/src/pages/auth/Signup.tsx:8:61)
    at Router (C:\Users\Admin\graceful_books\node_modules\react-router\dist\umd\react-router.development.js:1207:17)
    at BrowserRouter (C:\Users\Admin\graceful_books\node_modules\react-router-dom\dist\umd\react-router-dom.development.js:695:7)

[90mstderr[2m | src/pages/auth/Signup.test.tsx[2m > [22m[2mSignup Page with Charity Selection[2m > [22m[2mcharity selection step[2m > [22m[2mshould allow selecting a charity
[22m[39mWarning: An update to Signup inside a test was not wrapped in act(...).

When testing, code that causes React state updates should be wrapped into act(...):

act(() => {
  /* fire events that update state */
});
/* assert on the output */

This ensures that you're testing the behavior the user would see in the browser. Learn more at https://reactjs.org/link/wrap-tests-with-act
    at Signup (C:/Users/Admin/graceful_books/src/pages/auth/Signup.tsx:8:61)
    at Router (C:\Users\Admin\graceful_books\node_modules\react-router\dist\umd\react-router.development.js:1207:17)
    at BrowserRouter (C:\Users\Admin\graceful_books\node_modules\react-router-dom\dist\umd\react-router-dom.development.js:695:7)

[90mstderr[2m | src/pages/auth/Signup.test.tsx[2m > [22m[2mSignup Page with Charity Selection[2m > [22m[2mcharity selection step[2m > [22m[2mshould allow selecting a charity
[22m[39mWarning: An update to Signup inside a test was not wrapped in act(...).

When testing, code that causes React state updates should be wrapped into act(...):

act(() => {
  /* fire events that update state */
});
/* assert on the output */

This ensures that you're testing the behavior the user would see in the browser. Learn more at https://reactjs.org/link/wrap-tests-with-act
    at Signup (C:/Users/Admin/graceful_books/src/pages/auth/Signup.tsx:8:61)
    at Router (C:\Users\Admin\graceful_books\node_modules\react-router\dist\umd\react-router.development.js:1207:17)
    at BrowserRouter (C:\Users\Admin\graceful_books\node_modules\react-router-dom\dist\umd\react-router-dom.development.js:695:7)

[90mstderr[2m | src/pages/auth/Signup.test.tsx[2m > [22m[2mSignup Page with Charity Selection[2m > [22m[2mcharity selection step[2m > [22m[2mshould allow selecting a charity
[22m[39mWarning: An update to Signup inside a test was not wrapped in act(...).

When testing, code that causes React state updates should be wrapped into act(...):

act(() => {
  /* fire events that update state */
});
/* assert on the output */

This ensures that you're testing the behavior the user would see in the browser. Learn more at https://reactjs.org/link/wrap-tests-with-act
    at Signup (C:/Users/Admin/graceful_books/src/pages/auth/Signup.tsx:8:61)
    at Router (C:\Users\Admin\graceful_books\node_modules\react-router\dist\umd\react-router.development.js:1207:17)
    at BrowserRouter (C:\Users\Admin\graceful_books\node_modules\react-router-dom\dist\umd\react-router-dom.development.js:695:7)

[90mstderr[2m | src/pages/auth/Signup.test.tsx[2m > [22m[2mSignup Page with Charity Selection[2m > [22m[2mcharity selection step[2m > [22m[2mshould allow selecting a charity
[22m[39mWarning: An update to Signup inside a test was not wrapped in act(...).

When testing, code that causes React state updates should be wrapped into act(...):

act(() => {
  /* fire events that update state */
});
/* assert on the output */

This ensures that you're testing the behavior the user would see in the browser. Learn more at https://reactjs.org/link/wrap-tests-with-act
    at Signup (C:/Users/Admin/graceful_books/src/pages/auth/Signup.tsx:8:61)
    at Router (C:\Users\Admin\graceful_books\node_modules\react-router\dist\umd\react-router.development.js:1207:17)
    at BrowserRouter (C:\Users\Admin\graceful_books\node_modules\react-router-dom\dist\umd\react-router-dom.development.js:695:7)

[90mstderr[2m | src/pages/auth/Signup.test.tsx[2m > [22m[2mSignup Page with Charity Selection[2m > [22m[2mcharity selection step[2m > [22m[2mshould allow selecting a charity
[22m[39mWarning: An update to Signup inside a test was not wrapped in act(...).

When testing, code that causes React state updates should be wrapped into act(...):

act(() => {
  /* fire events that update state */
});
/* assert on the output */

This ensures that you're testing the behavior the user would see in the browser. Learn more at https://reactjs.org/link/wrap-tests-with-act
    at Signup (C:/Users/Admin/graceful_books/src/pages/auth/Signup.tsx:8:61)
    at Router (C:\Users\Admin\graceful_books\node_modules\react-router\dist\umd\react-router.development.js:1207:17)
    at BrowserRouter (C:\Users\Admin\graceful_books\node_modules\react-router-dom\dist\umd\react-router-dom.development.js:695:7)

[90mstderr[2m | src/pages/auth/Signup.test.tsx[2m > [22m[2mSignup Page with Charity Selection[2m > [22m[2mcharity selection step[2m > [22m[2mshould allow selecting a charity
[22m[39mWarning: An update to Signup inside a test was not wrapped in act(...).

When testing, code that causes React state updates should be wrapped into act(...):

act(() => {
  /* fire events that update state */
});
/* assert on the output */

This ensures that you're testing the behavior the user would see in the browser. Learn more at https://reactjs.org/link/wrap-tests-with-act
    at Signup (C:/Users/Admin/graceful_books/src/pages/auth/Signup.tsx:8:61)
    at Router (C:\Users\Admin\graceful_books\node_modules\react-router\dist\umd\react-router.development.js:1207:17)
    at BrowserRouter (C:\Users\Admin\graceful_books\node_modules\react-router-dom\dist\umd\react-router-dom.development.js:695:7)

[90mstderr[2m | src/pages/auth/Signup.test.tsx[2m > [22m[2mSignup Page with Charity Selection[2m > [22m[2mcharity selection step[2m > [22m[2mshould allow selecting a charity
[22m[39mWarning: An update to Signup inside a test was not wrapped in act(...).

When testing, code that causes React state updates should be wrapped into act(...):

act(() => {
  /* fire events that update state */
});
/* assert on the output */

This ensures that you're testing the behavior the user would see in the browser. Learn more at https://reactjs.org/link/wrap-tests-with-act
    at Signup (C:/Users/Admin/graceful_books/src/pages/auth/Signup.tsx:8:61)
    at Router (C:\Users\Admin\graceful_books\node_modules\react-router\dist\umd\react-router.development.js:1207:17)
    at BrowserRouter (C:\Users\Admin\graceful_books\node_modules\react-router-dom\dist\umd\react-router-dom.development.js:695:7)

[90mstderr[2m | src/pages/auth/Signup.test.tsx[2m > [22m[2mSignup Page with Charity Selection[2m > [22m[2mcharity selection step[2m > [22m[2mshould allow selecting a charity
[22m[39mWarning: An update to Signup inside a test was not wrapped in act(...).

When testing, code that causes React state updates should be wrapped into act(...):

act(() => {
  /* fire events that update state */
});
/* assert on the output */

This ensures that you're testing the behavior the user would see in the browser. Learn more at https://reactjs.org/link/wrap-tests-with-act
    at Signup (C:/Users/Admin/graceful_books/src/pages/auth/Signup.tsx:8:61)
    at Router (C:\Users\Admin\graceful_books\node_modules\react-router\dist\umd\react-router.development.js:1207:17)
    at BrowserRouter (C:\Users\Admin\graceful_books\node_modules\react-router-dom\dist\umd\react-router-dom.development.js:695:7)

[90mstderr[2m | src/pages/auth/Signup.test.tsx[2m > [22m[2mSignup Page with Charity Selection[2m > [22m[2mcharity selection step[2m > [22m[2mshould allow selecting a charity
[22m[39mWarning: An update to Signup inside a test was not wrapped in act(...).

When testing, code that causes React state updates should be wrapped into act(...):

act(() => {
  /* fire events that update state */
});
/* assert on the output */

This ensures that you're testing the behavior the user would see in the browser. Learn more at https://reactjs.org/link/wrap-tests-with-act
    at Signup (C:/Users/Admin/graceful_books/src/pages/auth/Signup.tsx:8:61)
    at Router (C:\Users\Admin\graceful_books\node_modules\react-router\dist\umd\react-router.development.js:1207:17)
    at BrowserRouter (C:\Users\Admin\graceful_books\node_modules\react-router-dom\dist\umd\react-router-dom.development.js:695:7)

[90mstderr[2m | src/pages/auth/Signup.test.tsx[2m > [22m[2mSignup Page with Charity Selection[2m > [22m[2mcharity selection step[2m > [22m[2mshould allow selecting a charity
[22m[39mWarning: An update to Signup inside a test was not wrapped in act(...).

When testing, code that causes React state updates should be wrapped into act(...):

act(() => {
  /* fire events that update state */
});
/* assert on the output */

This ensures that you're testing the behavior the user would see in the browser. Learn more at https://reactjs.org/link/wrap-tests-with-act
    at Signup (C:/Users/Admin/graceful_books/src/pages/auth/Signup.tsx:8:61)
    at Router (C:\Users\Admin\graceful_books\node_modules\react-router\dist\umd\react-router.development.js:1207:17)
    at BrowserRouter (C:\Users\Admin\graceful_books\node_modules\react-router-dom\dist\umd\react-router-dom.development.js:695:7)

[90mstderr[2m | src/pages/auth/Signup.test.tsx[2m > [22m[2mSignup Page with Charity Selection[2m > [22m[2mcharity selection step[2m > [22m[2mshould allow selecting a charity
[22m[39mWarning: An update to Signup inside a test was not wrapped in act(...).

When testing, code that causes React state updates should be wrapped into act(...):

act(() => {
  /* fire events that update state */
});
/* assert on the output */

This ensures that you're testing the behavior the user would see in the browser. Learn more at https://reactjs.org/link/wrap-tests-with-act
    at Signup (C:/Users/Admin/graceful_books/src/pages/auth/Signup.tsx:8:61)
    at Router (C:\Users\Admin\graceful_books\node_modules\react-router\dist\umd\react-router.development.js:1207:17)
    at BrowserRouter (C:\Users\Admin\graceful_books\node_modules\react-router-dom\dist\umd\react-router-dom.development.js:695:7)

[90mstderr[2m | src/pages/auth/Signup.test.tsx[2m > [22m[2mSignup Page with Charity Selection[2m > [22m[2mcharity selection step[2m > [22m[2mshould allow selecting a charity
[22m[39mWarning: An update to Signup inside a test was not wrapped in act(...).

When testing, code that causes React state updates should be wrapped into act(...):

act(() => {
  /* fire events that update state */
});
/* assert on the output */

This ensures that you're testing the behavior the user would see in the browser. Learn more at https://reactjs.org/link/wrap-tests-with-act
    at Signup (C:/Users/Admin/graceful_books/src/pages/auth/Signup.tsx:8:61)
    at Router (C:\Users\Admin\graceful_books\node_modules\react-router\dist\umd\react-router.development.js:1207:17)
    at BrowserRouter (C:\Users\Admin\graceful_books\node_modules\react-router-dom\dist\umd\react-router-dom.development.js:695:7)

[90mstderr[2m | src/pages/auth/Signup.test.tsx[2m > [22m[2mSignup Page with Charity Selection[2m > [22m[2mcharity selection step[2m > [22m[2mshould allow selecting a charity
[22m[39mWarning: An update to Signup inside a test was not wrapped in act(...).

When testing, code that causes React state updates should be wrapped into act(...):

act(() => {
  /* fire events that update state */
});
/* assert on the output */

This ensures that you're testing the behavior the user would see in the browser. Learn more at https://reactjs.org/link/wrap-tests-with-act
    at Signup (C:/Users/Admin/graceful_books/src/pages/auth/Signup.tsx:8:61)
    at Router (C:\Users\Admin\graceful_books\node_modules\react-router\dist\umd\react-router.development.js:1207:17)
    at BrowserRouter (C:\Users\Admin\graceful_books\node_modules\react-router-dom\dist\umd\react-router-dom.development.js:695:7)

[90mstderr[2m | src/pages/auth/Signup.test.tsx[2m > [22m[2mSignup Page with Charity Selection[2m > [22m[2mcharity selection step[2m > [22m[2mshould allow selecting a charity
[22m[39mWarning: An update to Signup inside a test was not wrapped in act(...).

When testing, code that causes React state updates should be wrapped into act(...):

act(() => {
  /* fire events that update state */
});
/* assert on the output */

This ensures that you're testing the behavior the user would see in the browser. Learn more at https://reactjs.org/link/wrap-tests-with-act
    at Signup (C:/Users/Admin/graceful_books/src/pages/auth/Signup.tsx:8:61)
    at Router (C:\Users\Admin\graceful_books\node_modules\react-router\dist\umd\react-router.development.js:1207:17)
    at BrowserRouter (C:\Users\Admin\graceful_books\node_modules\react-router-dom\dist\umd\react-router-dom.development.js:695:7)

[90mstderr[2m | src/pages/auth/Signup.test.tsx[2m > [22m[2mSignup Page with Charity Selection[2m > [22m[2mcharity selection step[2m > [22m[2mshould allow selecting a charity
[22m[39mWarning: An update to Signup inside a test was not wrapped in act(...).

When testing, code that causes React state updates should be wrapped into act(...):

act(() => {
  /* fire events that update state */
});
/* assert on the output */

This ensures that you're testing the behavior the user would see in the browser. Learn more at https://reactjs.org/link/wrap-tests-with-act
    at Signup (C:/Users/Admin/graceful_books/src/pages/auth/Signup.tsx:8:61)
    at Router (C:\Users\Admin\graceful_books\node_modules\react-router\dist\umd\react-router.development.js:1207:17)
    at BrowserRouter (C:\Users\Admin\graceful_books\node_modules\react-router-dom\dist\umd\react-router-dom.development.js:695:7)

[90mstderr[2m | src/pages/auth/Signup.test.tsx[2m > [22m[2mSignup Page with Charity Selection[2m > [22m[2mcharity selection step[2m > [22m[2mshould allow selecting a charity
[22m[39mWarning: An update to Signup inside a test was not wrapped in act(...).

When testing, code that causes React state updates should be wrapped into act(...):

act(() => {
  /* fire events that update state */
});
/* assert on the output */

This ensures that you're testing the behavior the user would see in the browser. Learn more at https://reactjs.org/link/wrap-tests-with-act
    at Signup (C:/Users/Admin/graceful_books/src/pages/auth/Signup.tsx:8:61)
    at Router (C:\Users\Admin\graceful_books\node_modules\react-router\dist\umd\react-router.development.js:1207:17)
    at BrowserRouter (C:\Users\Admin\graceful_books\node_modules\react-router-dom\dist\umd\react-router-dom.development.js:695:7)

[90mstderr[2m | src/pages/auth/Signup.test.tsx[2m > [22m[2mSignup Page with Charity Selection[2m > [22m[2mcharity selection step[2m > [22m[2mshould allow selecting a charity
[22m[39mWarning: An update to Signup inside a test was not wrapped in act(...).

When testing, code that causes React state updates should be wrapped into act(...):

act(() => {
  /* fire events that update state */
});
/* assert on the output */

This ensures that you're testing the behavior the user would see in the browser. Learn more at https://reactjs.org/link/wrap-tests-with-act
    at Signup (C:/Users/Admin/graceful_books/src/pages/auth/Signup.tsx:8:61)
    at Router (C:\Users\Admin\graceful_books\node_modules\react-router\dist\umd\react-router.development.js:1207:17)
    at BrowserRouter (C:\Users\Admin\graceful_books\node_modules\react-router-dom\dist\umd\react-router-dom.development.js:695:7)

[90mstderr[2m | src/pages/auth/Signup.test.tsx[2m > [22m[2mSignup Page with Charity Selection[2m > [22m[2mcharity selection step[2m > [22m[2mshould allow selecting a charity
[22m[39mWarning: An update to Signup inside a test was not wrapped in act(...).

When testing, code that causes React state updates should be wrapped into act(...):

act(() => {
  /* fire events that update state */
});
/* assert on the output */

This ensures that you're testing the behavior the user would see in the browser. Learn more at https://reactjs.org/link/wrap-tests-with-act
    at Signup (C:/Users/Admin/graceful_books/src/pages/auth/Signup.tsx:8:61)
    at Router (C:\Users\Admin\graceful_books\node_modules\react-router\dist\umd\react-router.development.js:1207:17)
    at BrowserRouter (C:\Users\Admin\graceful_books\node_modules\react-router-dom\dist\umd\react-router-dom.development.js:695:7)

[90mstderr[2m | src/pages/auth/Signup.test.tsx[2m > [22m[2mSignup Page with Charity Selection[2m > [22m[2mcharity selection step[2m > [22m[2mshould allow selecting a charity
[22m[39mWarning: An update to Signup inside a test was not wrapped in act(...).

When testing, code that causes React state updates should be wrapped into act(...):

act(() => {
  /* fire events that update state */
});
/* assert on the output */

This ensures that you're testing the behavior the user would see in the browser. Learn more at https://reactjs.org/link/wrap-tests-with-act
    at Signup (C:/Users/Admin/graceful_books/src/pages/auth/Signup.tsx:8:61)
    at Router (C:\Users\Admin\graceful_books\node_modules\react-router\dist\umd\react-router.development.js:1207:17)
    at BrowserRouter (C:\Users\Admin\graceful_books\node_modules\react-router-dom\dist\umd\react-router-dom.development.js:695:7)

[90mstderr[2m | src/pages/auth/Signup.test.tsx[2m > [22m[2mSignup Page with Charity Selection[2m > [22m[2mcharity selection step[2m > [22m[2mshould allow selecting a charity
[22m[39mWarning: An update to Signup inside a test was not wrapped in act(...).

When testing, code that causes React state updates should be wrapped into act(...):

act(() => {
  /* fire events that update state */
});
/* assert on the output */

This ensures that you're testing the behavior the user would see in the browser. Learn more at https://reactjs.org/link/wrap-tests-with-act
    at Signup (C:/Users/Admin/graceful_books/src/pages/auth/Signup.tsx:8:61)
    at Router (C:\Users\Admin\graceful_books\node_modules\react-router\dist\umd\react-router.development.js:1207:17)
    at BrowserRouter (C:\Users\Admin\graceful_books\node_modules\react-router-dom\dist\umd\react-router-dom.development.js:695:7)

[90mstderr[2m | src/pages/auth/Signup.test.tsx[2m > [22m[2mSignup Page with Charity Selection[2m > [22m[2mcharity selection step[2m > [22m[2mshould allow selecting a charity
[22m[39mWarning: An update to Signup inside a test was not wrapped in act(...).

When testing, code that causes React state updates should be wrapped into act(...):

act(() => {
  /* fire events that update state */
});
/* assert on the output */

This ensures that you're testing the behavior the user would see in the browser. Learn more at https://reactjs.org/link/wrap-tests-with-act
    at Signup (C:/Users/Admin/graceful_books/src/pages/auth/Signup.tsx:8:61)
    at Router (C:\Users\Admin\graceful_books\node_modules\react-router\dist\umd\react-router.development.js:1207:17)
    at BrowserRouter (C:\Users\Admin\graceful_books\node_modules\react-router-dom\dist\umd\react-router-dom.development.js:695:7)

[90mstderr[2m | src/pages/auth/Signup.test.tsx[2m > [22m[2mSignup Page with Charity Selection[2m > [22m[2mcharity selection step[2m > [22m[2mshould allow selecting a charity
[22m[39mWarning: An update to Signup inside a test was not wrapped in act(...).

When testing, code that causes React state updates should be wrapped into act(...):

act(() => {
  /* fire events that update state */
});
/* assert on the output */

This ensures that you're testing the behavior the user would see in the browser. Learn more at https://reactjs.org/link/wrap-tests-with-act
    at Signup (C:/Users/Admin/graceful_books/src/pages/auth/Signup.tsx:8:61)
    at Router (C:\Users\Admin\graceful_books\node_modules\react-router\dist\umd\react-router.development.js:1207:17)
    at BrowserRouter (C:\Users\Admin\graceful_books\node_modules\react-router-dom\dist\umd\react-router-dom.development.js:695:7)

[90mstderr[2m | src/pages/auth/Signup.test.tsx[2m > [22m[2mSignup Page with Charity Selection[2m > [22m[2mcharity selection step[2m > [22m[2mshould allow selecting a charity
[22m[39mWarning: An update to Signup inside a test was not wrapped in act(...).

When testing, code that causes React state updates should be wrapped into act(...):

act(() => {
  /* fire events that update state */
});
/* assert on the output */

This ensures that you're testing the behavior the user would see in the browser. Learn more at https://reactjs.org/link/wrap-tests-with-act
    at Signup (C:/Users/Admin/graceful_books/src/pages/auth/Signup.tsx:8:61)
    at Router (C:\Users\Admin\graceful_books\node_modules\react-router\dist\umd\react-router.development.js:1207:17)
    at BrowserRouter (C:\Users\Admin\graceful_books\node_modules\react-router-dom\dist\umd\react-router-dom.development.js:695:7)

[90mstderr[2m | src/pages/auth/Signup.test.tsx[2m > [22m[2mSignup Page with Charity Selection[2m > [22m[2mcharity selection step[2m > [22m[2mshould allow selecting a charity
[22m[39mWarning: An update to Signup inside a test was not wrapped in act(...).

When testing, code that causes React state updates should be wrapped into act(...):

act(() => {
  /* fire events that update state */
});
/* assert on the output */

This ensures that you're testing the behavior the user would see in the browser. Learn more at https://reactjs.org/link/wrap-tests-with-act
    at Signup (C:/Users/Admin/graceful_books/src/pages/auth/Signup.tsx:8:61)
    at Router (C:\Users\Admin\graceful_books\node_modules\react-router\dist\umd\react-router.development.js:1207:17)
    at BrowserRouter (C:\Users\Admin\graceful_books\node_modules\react-router-dom\dist\umd\react-router-dom.development.js:695:7)

[90mstderr[2m | src/pages/auth/Signup.test.tsx[2m > [22m[2mSignup Page with Charity Selection[2m > [22m[2mcharity selection step[2m > [22m[2mshould allow selecting a charity
[22m[39mWarning: An update to CharitySelector inside a test was not wrapped in act(...).

When testing, code that causes React state updates should be wrapped into act(...):

act(() => {
  /* fire events that update state */
});
/* assert on the output */

This ensures that you're testing the behavior the user would see in the browser. Learn more at https://reactjs.org/link/wrap-tests-with-act
    at CharitySelector (C:/Users/Admin/graceful_books/src/components/charity/CharitySelector.tsx:9:3)
    at div
    at div
    at Signup (C:/Users/Admin/graceful_books/src/pages/auth/Signup.tsx:8:61)
    at Router (C:\Users\Admin\graceful_books\node_modules\react-router\dist\umd\react-router.development.js:1207:17)
    at BrowserRouter (C:\Users\Admin\graceful_books\node_modules\react-router-dom\dist\umd\react-router-dom.development.js:695:7)
Warning: An update to CharitySelector inside a test was not wrapped in act(...).

When testing, code that causes React state updates should be wrapped into act(...):

act(() => {
  /* fire events that update state */
});
/* assert on the output */

This ensures that you're testing the behavior the user would see in the browser. Learn more at https://reactjs.org/link/wrap-tests-with-act
    at CharitySelector (C:/Users/Admin/graceful_books/src/components/charity/CharitySelector.tsx:9:3)
    at div
    at div
    at Signup (C:/Users/Admin/graceful_books/src/pages/auth/Signup.tsx:8:61)
    at Router (C:\Users\Admin\graceful_books\node_modules\react-router\dist\umd\react-router.development.js:1207:17)
    at BrowserRouter (C:\Users\Admin\graceful_books\node_modules\react-router-dom\dist\umd\react-router-dom.development.js:695:7)

[90mstderr[2m | src/pages/auth/Signup.test.tsx[2m > [22m[2mSignup Page with Charity Selection[2m > [22m[2mcharity selection step[2m > [22m[2mshould allow selecting a charity
[22m[39mWarning: An update to Signup inside a test was not wrapped in act(...).

When testing, code that causes React state updates should be wrapped into act(...):

act(() => {
  /* fire events that update state */
});
/* assert on the output */

This ensures that you're testing the behavior the user would see in the browser. Learn more at https://reactjs.org/link/wrap-tests-with-act
    at Signup (C:/Users/Admin/graceful_books/src/pages/auth/Signup.tsx:8:61)
    at Router (C:\Users\Admin\graceful_books\node_modules\react-router\dist\umd\react-router.development.js:1207:17)
    at BrowserRouter (C:\Users\Admin\graceful_books\node_modules\react-router-dom\dist\umd\react-router-dom.development.js:695:7)

[90mstderr[2m | src/pages/auth/Signup.test.tsx[2m > [22m[2mSignup Page with Charity Selection[2m > [22m[2mcharity selection step[2m > [22m[2mshould have disabled Create Account button when no charity selected
[22m[39mWarning: An update to Signup inside a test was not wrapped in act(...).

When testing, code that causes React state updates should be wrapped into act(...):

act(() => {
  /* fire events that update state */
});
/* assert on the output */

This ensures that you're testing the behavior the user would see in the browser. Learn more at https://reactjs.org/link/wrap-tests-with-act
    at Signup (C:/Users/Admin/graceful_books/src/pages/auth/Signup.tsx:8:61)
    at Router (C:\Users\Admin\graceful_books\node_modules\react-router\dist\umd\react-router.development.js:1207:17)
    at BrowserRouter (C:\Users\Admin\graceful_books\node_modules\react-router-dom\dist\umd\react-router-dom.development.js:695:7)

[90mstderr[2m | src/pages/auth/Signup.test.tsx[2m > [22m[2mSignup Page with Charity Selection[2m > [22m[2mcharity selection step[2m > [22m[2mshould have disabled Create Account button when no charity selected
[22m[39mWarning: An update to Signup inside a test was not wrapped in act(...).

When testing, code that causes React state updates should be wrapped into act(...):

act(() => {
  /* fire events that update state */
});
/* assert on the output */

This ensures that you're testing the behavior the user would see in the browser. Learn more at https://reactjs.org/link/wrap-tests-with-act
    at Signup (C:/Users/Admin/graceful_books/src/pages/auth/Signup.tsx:8:61)
    at Router (C:\Users\Admin\graceful_books\node_modules\react-router\dist\umd\react-router.development.js:1207:17)
    at BrowserRouter (C:\Users\Admin\graceful_books\node_modules\react-router-dom\dist\umd\react-router-dom.development.js:695:7)

[90mstderr[2m | src/components/accounts/AccountForm.test.tsx[2m > [22m[2mAccountForm Component[2m > [22m[2mvalidation[2m > [22m[2mshould require account name
[22m[39mWarning: An update to AccountForm inside a test was not wrapped in act(...).

When testing, code that causes React state updates should be wrapped into act(...):

act(() => {
  /* fire events that update state */
});
/* assert on the output */

This ensures that you're testing the behavior the user would see in the browser. Learn more at https://reactjs.org/link/wrap-tests-with-act
    at AccountForm (C:/Users/Admin/graceful_books/src/components/accounts/AccountForm.tsx:36:3)
Warning: An update to AccountForm inside a test was not wrapped in act(...).

When testing, code that causes React state updates should be wrapped into act(...):

act(() => {
  /* fire events that update state */
});
/* assert on the output */

This ensures that you're testing the behavior the user would see in the browser. Learn more at https://reactjs.org/link/wrap-tests-with-act
    at AccountForm (C:/Users/Admin/graceful_books/src/components/accounts/AccountForm.tsx:36:3)
Warning: An update to AccountForm inside a test was not wrapped in act(...).

When testing, code that causes React state updates should be wrapped into act(...):

act(() => {
  /* fire events that update state */
});
/* assert on the output */

This ensures that you're testing the behavior the user would see in the browser. Learn more at https://reactjs.org/link/wrap-tests-with-act
    at AccountForm (C:/Users/Admin/graceful_books/src/components/accounts/AccountForm.tsx:36:3)

[90mstderr[2m | src/pages/auth/Signup.test.tsx[2m > [22m[2mSignup Page with Charity Selection[2m > [22m[2mcharity selection step[2m > [22m[2mshould have disabled Create Account button when no charity selected
[22m[39mWarning: An update to Signup inside a test was not wrapped in act(...).

When testing, code that causes React state updates should be wrapped into act(...):

act(() => {
  /* fire events that update state */
});
/* assert on the output */

This ensures that you're testing the behavior the user would see in the browser. Learn more at https://reactjs.org/link/wrap-tests-with-act
    at Signup (C:/Users/Admin/graceful_books/src/pages/auth/Signup.tsx:8:61)
    at Router (C:\Users\Admin\graceful_books\node_modules\react-router\dist\umd\react-router.development.js:1207:17)
    at BrowserRouter (C:\Users\Admin\graceful_books\node_modules\react-router-dom\dist\umd\react-router-dom.development.js:695:7)

[90mstderr[2m | src/pages/auth/Signup.test.tsx[2m > [22m[2mSignup Page with Charity Selection[2m > [22m[2mcharity selection step[2m > [22m[2mshould have disabled Create Account button when no charity selected
[22m[39mWarning: An update to Signup inside a test was not wrapped in act(...).

When testing, code that causes React state updates should be wrapped into act(...):

act(() => {
  /* fire events that update state */
});
/* assert on the output */

This ensures that you're testing the behavior the user would see in the browser. Learn more at https://reactjs.org/link/wrap-tests-with-act
    at Signup (C:/Users/Admin/graceful_books/src/pages/auth/Signup.tsx:8:61)
    at Router (C:\Users\Admin\graceful_books\node_modules\react-router\dist\umd\react-router.development.js:1207:17)
    at BrowserRouter (C:\Users\Admin\graceful_books\node_modules\react-router-dom\dist\umd\react-router-dom.development.js:695:7)

[90mstderr[2m | src/pages/auth/Signup.test.tsx[2m > [22m[2mSignup Page with Charity Selection[2m > [22m[2mcharity selection step[2m > [22m[2mshould have disabled Create Account button when no charity selected
[22m[39mWarning: An update to Signup inside a test was not wrapped in act(...).

When testing, code that causes React state updates should be wrapped into act(...):

act(() => {
  /* fire events that update state */
});
/* assert on the output */

This ensures that you're testing the behavior the user would see in the browser. Learn more at https://reactjs.org/link/wrap-tests-with-act
    at Signup (C:/Users/Admin/graceful_books/src/pages/auth/Signup.tsx:8:61)
    at Router (C:\Users\Admin\graceful_books\node_modules\react-router\dist\umd\react-router.development.js:1207:17)
    at BrowserRouter (C:\Users\Admin\graceful_books\node_modules\react-router-dom\dist\umd\react-router-dom.development.js:695:7)

[90mstderr[2m | src/pages/auth/Signup.test.tsx[2m > [22m[2mSignup Page with Charity Selection[2m > [22m[2mcharity selection step[2m > [22m[2mshould have disabled Create Account button when no charity selected
[22m[39mWarning: An update to Signup inside a test was not wrapped in act(...).

When testing, code that causes React state updates should be wrapped into act(...):

act(() => {
  /* fire events that update state */
});
/* assert on the output */

This ensures that you're testing the behavior the user would see in the browser. Learn more at https://reactjs.org/link/wrap-tests-with-act
    at Signup (C:/Users/Admin/graceful_books/src/pages/auth/Signup.tsx:8:61)
    at Router (C:\Users\Admin\graceful_books\node_modules\react-router\dist\umd\react-router.development.js:1207:17)
    at BrowserRouter (C:\Users\Admin\graceful_books\node_modules\react-router-dom\dist\umd\react-router-dom.development.js:695:7)

[90mstderr[2m | src/pages/auth/Signup.test.tsx[2m > [22m[2mSignup Page with Charity Selection[2m > [22m[2mcharity selection step[2m > [22m[2mshould have disabled Create Account button when no charity selected
[22m[39mWarning: An update to Signup inside a test was not wrapped in act(...).

When testing, code that causes React state updates should be wrapped into act(...):

act(() => {
  /* fire events that update state */
});
/* assert on the output */

This ensures that you're testing the behavior the user would see in the browser. Learn more at https://reactjs.org/link/wrap-tests-with-act
    at Signup (C:/Users/Admin/graceful_books/src/pages/auth/Signup.tsx:8:61)
    at Router (C:\Users\Admin\graceful_books\node_modules\react-router\dist\umd\react-router.development.js:1207:17)
    at BrowserRouter (C:\Users\Admin\graceful_books\node_modules\react-router-dom\dist\umd\react-router-dom.development.js:695:7)

[90mstderr[2m | src/pages/auth/Signup.test.tsx[2m > [22m[2mSignup Page with Charity Selection[2m > [22m[2mcharity selection step[2m > [22m[2mshould have disabled Create Account button when no charity selected
[22m[39mWarning: An update to Signup inside a test was not wrapped in act(...).

When testing, code that causes React state updates should be wrapped into act(...):

act(() => {
  /* fire events that update state */
});
/* assert on the output */

This ensures that you're testing the behavior the user would see in the browser. Learn more at https://reactjs.org/link/wrap-tests-with-act
    at Signup (C:/Users/Admin/graceful_books/src/pages/auth/Signup.tsx:8:61)
    at Router (C:\Users\Admin\graceful_books\node_modules\react-router\dist\umd\react-router.development.js:1207:17)
    at BrowserRouter (C:\Users\Admin\graceful_books\node_modules\react-router-dom\dist\umd\react-router-dom.development.js:695:7)

[90mstderr[2m | src/pages/auth/Signup.test.tsx[2m > [22m[2mSignup Page with Charity Selection[2m > [22m[2mcharity selection step[2m > [22m[2mshould have disabled Create Account button when no charity selected
[22m[39mWarning: An update to Signup inside a test was not wrapped in act(...).

When testing, code that causes React state updates should be wrapped into act(...):

act(() => {
  /* fire events that update state */
});
/* assert on the output */

This ensures that you're testing the behavior the user would see in the browser. Learn more at https://reactjs.org/link/wrap-tests-with-act
    at Signup (C:/Users/Admin/graceful_books/src/pages/auth/Signup.tsx:8:61)
    at Router (C:\Users\Admin\graceful_books\node_modules\react-router\dist\umd\react-router.development.js:1207:17)
    at BrowserRouter (C:\Users\Admin\graceful_books\node_modules\react-router-dom\dist\umd\react-router-dom.development.js:695:7)

[90mstderr[2m | src/pages/auth/Signup.test.tsx[2m > [22m[2mSignup Page with Charity Selection[2m > [22m[2mcharity selection step[2m > [22m[2mshould have disabled Create Account button when no charity selected
[22m[39mWarning: An update to Signup inside a test was not wrapped in act(...).

When testing, code that causes React state updates should be wrapped into act(...):

act(() => {
  /* fire events that update state */
});
/* assert on the output */

This ensures that you're testing the behavior the user would see in the browser. Learn more at https://reactjs.org/link/wrap-tests-with-act
    at Signup (C:/Users/Admin/graceful_books/src/pages/auth/Signup.tsx:8:61)
    at Router (C:\Users\Admin\graceful_books\node_modules\react-router\dist\umd\react-router.development.js:1207:17)
    at BrowserRouter (C:\Users\Admin\graceful_books\node_modules\react-router-dom\dist\umd\react-router-dom.development.js:695:7)

[90mstderr[2m | src/pages/auth/Signup.test.tsx[2m > [22m[2mSignup Page with Charity Selection[2m > [22m[2mcharity selection step[2m > [22m[2mshould have disabled Create Account button when no charity selected
[22m[39mWarning: An update to Signup inside a test was not wrapped in act(...).

When testing, code that causes React state updates should be wrapped into act(...):

act(() => {
  /* fire events that update state */
});
/* assert on the output */

This ensures that you're testing the behavior the user would see in the browser. Learn more at https://reactjs.org/link/wrap-tests-with-act
    at Signup (C:/Users/Admin/graceful_books/src/pages/auth/Signup.tsx:8:61)
    at Router (C:\Users\Admin\graceful_books\node_modules\react-router\dist\umd\react-router.development.js:1207:17)
    at BrowserRouter (C:\Users\Admin\graceful_books\node_modules\react-router-dom\dist\umd\react-router-dom.development.js:695:7)

[90mstderr[2m | src/components/accounts/AccountForm.test.tsx[2m > [22m[2mAccountForm Component[2m > [22m[2mvalidation[2m > [22m[2mshould validate account number format
[22m[39mWarning: An update to AccountForm inside a test was not wrapped in act(...).

When testing, code that causes React state updates should be wrapped into act(...):

act(() => {
  /* fire events that update state */
});
/* assert on the output */

This ensures that you're testing the behavior the user would see in the browser. Learn more at https://reactjs.org/link/wrap-tests-with-act
    at AccountForm (C:/Users/Admin/graceful_books/src/components/accounts/AccountForm.tsx:36:3)
Warning: An update to AccountForm inside a test was not wrapped in act(...).

When testing, code that causes React state updates should be wrapped into act(...):

act(() => {
  /* fire events that update state */
});
/* assert on the output */

This ensures that you're testing the behavior the user would see in the browser. Learn more at https://reactjs.org/link/wrap-tests-with-act
    at AccountForm (C:/Users/Admin/graceful_books/src/components/accounts/AccountForm.tsx:36:3)
Warning: An update to AccountForm inside a test was not wrapped in act(...).

When testing, code that causes React state updates should be wrapped into act(...):

act(() => {
  /* fire events that update state */
});
/* assert on the output */

This ensures that you're testing the behavior the user would see in the browser. Learn more at https://reactjs.org/link/wrap-tests-with-act
    at AccountForm (C:/Users/Admin/graceful_books/src/components/accounts/AccountForm.tsx:36:3)

[90mstderr[2m | src/pages/auth/Signup.test.tsx[2m > [22m[2mSignup Page with Charity Selection[2m > [22m[2mcharity selection step[2m > [22m[2mshould have disabled Create Account button when no charity selected
[22m[39mWarning: An update to Signup inside a test was not wrapped in act(...).

When testing, code that causes React state updates should be wrapped into act(...):

act(() => {
  /* fire events that update state */
});
/* assert on the output */

This ensures that you're testing the behavior the user would see in the browser. Learn more at https://reactjs.org/link/wrap-tests-with-act
    at Signup (C:/Users/Admin/graceful_books/src/pages/auth/Signup.tsx:8:61)
    at Router (C:\Users\Admin\graceful_books\node_modules\react-router\dist\umd\react-router.development.js:1207:17)
    at BrowserRouter (C:\Users\Admin\graceful_books\node_modules\react-router-dom\dist\umd\react-router-dom.development.js:695:7)

[90mstderr[2m | src/pages/auth/Signup.test.tsx[2m > [22m[2mSignup Page with Charity Selection[2m > [22m[2mcharity selection step[2m > [22m[2mshould have disabled Create Account button when no charity selected
[22m[39mWarning: An update to Signup inside a test was not wrapped in act(...).

When testing, code that causes React state updates should be wrapped into act(...):

act(() => {
  /* fire events that update state */
});
/* assert on the output */

This ensures that you're testing the behavior the user would see in the browser. Learn more at https://reactjs.org/link/wrap-tests-with-act
    at Signup (C:/Users/Admin/graceful_books/src/pages/auth/Signup.tsx:8:61)
    at Router (C:\Users\Admin\graceful_books\node_modules\react-router\dist\umd\react-router.development.js:1207:17)
    at BrowserRouter (C:\Users\Admin\graceful_books\node_modules\react-router-dom\dist\umd\react-router-dom.development.js:695:7)

[90mstderr[2m | src/components/accounts/AccountForm.test.tsx[2m > [22m[2mAccountForm Component[2m > [22m[2mvalidation[2m > [22m[2mshould validate account number format
[22m[39mWarning: An update to AccountForm inside a test was not wrapped in act(...).

When testing, code that causes React state updates should be wrapped into act(...):

act(() => {
  /* fire events that update state */
});
/* assert on the output */

This ensures that you're testing the behavior the user would see in the browser. Learn more at https://reactjs.org/link/wrap-tests-with-act
    at AccountForm (C:/Users/Admin/graceful_books/src/components/accounts/AccountForm.tsx:36:3)
Warning: An update to AccountForm inside a test was not wrapped in act(...).

When testing, code that causes React state updates should be wrapped into act(...):

act(() => {
  /* fire events that update state */
});
/* assert on the output */

This ensures that you're testing the behavior the user would see in the browser. Learn more at https://reactjs.org/link/wrap-tests-with-act
    at AccountForm (C:/Users/Admin/graceful_books/src/components/accounts/AccountForm.tsx:36:3)
Warning: An update to AccountForm inside a test was not wrapped in act(...).

When testing, code that causes React state updates should be wrapped into act(...):

act(() => {
  /* fire events that update state */
});
/* assert on the output */

This ensures that you're testing the behavior the user would see in the browser. Learn more at https://reactjs.org/link/wrap-tests-with-act
    at AccountForm (C:/Users/Admin/graceful_books/src/components/accounts/AccountForm.tsx:36:3)

[90mstderr[2m | src/pages/auth/Signup.test.tsx[2m > [22m[2mSignup Page with Charity Selection[2m > [22m[2mcharity selection step[2m > [22m[2mshould have disabled Create Account button when no charity selected
[22m[39mWarning: An update to Signup inside a test was not wrapped in act(...).

When testing, code that causes React state updates should be wrapped into act(...):

act(() => {
  /* fire events that update state */
});
/* assert on the output */

This ensures that you're testing the behavior the user would see in the browser. Learn more at https://reactjs.org/link/wrap-tests-with-act
    at Signup (C:/Users/Admin/graceful_books/src/pages/auth/Signup.tsx:8:61)
    at Router (C:\Users\Admin\graceful_books\node_modules\react-router\dist\umd\react-router.development.js:1207:17)
    at BrowserRouter (C:\Users\Admin\graceful_books\node_modules\react-router-dom\dist\umd\react-router-dom.development.js:695:7)

[90mstderr[2m | src/components/accounts/AccountForm.test.tsx[2m > [22m[2mAccountForm Component[2m > [22m[2mvalidation[2m > [22m[2mshould validate account number format
[22m[39mWarning: An update to AccountForm inside a test was not wrapped in act(...).

When testing, code that causes React state updates should be wrapped into act(...):

act(() => {
  /* fire events that update state */
});
/* assert on the output */

This ensures that you're testing the behavior the user would see in the browser. Learn more at https://reactjs.org/link/wrap-tests-with-act
    at AccountForm (C:/Users/Admin/graceful_books/src/components/accounts/AccountForm.tsx:36:3)
Warning: An update to AccountForm inside a test was not wrapped in act(...).

When testing, code that causes React state updates should be wrapped into act(...):

act(() => {
  /* fire events that update state */
});
/* assert on the output */

This ensures that you're testing the behavior the user would see in the browser. Learn more at https://reactjs.org/link/wrap-tests-with-act
    at AccountForm (C:/Users/Admin/graceful_books/src/components/accounts/AccountForm.tsx:36:3)
Warning: An update to AccountForm inside a test was not wrapped in act(...).

When testing, code that causes React state updates should be wrapped into act(...):

act(() => {
  /* fire events that update state */
});
/* assert on the output */

This ensures that you're testing the behavior the user would see in the browser. Learn more at https://reactjs.org/link/wrap-tests-with-act
    at AccountForm (C:/Users/Admin/graceful_books/src/components/accounts/AccountForm.tsx:36:3)

[90mstderr[2m | src/pages/auth/Signup.test.tsx[2m > [22m[2mSignup Page with Charity Selection[2m > [22m[2mcharity selection step[2m > [22m[2mshould have disabled Create Account button when no charity selected
[22m[39mWarning: An update to Signup inside a test was not wrapped in act(...).

When testing, code that causes React state updates should be wrapped into act(...):

act(() => {
  /* fire events that update state */
});
/* assert on the output */

This ensures that you're testing the behavior the user would see in the browser. Learn more at https://reactjs.org/link/wrap-tests-with-act
    at Signup (C:/Users/Admin/graceful_books/src/pages/auth/Signup.tsx:8:61)
    at Router (C:\Users\Admin\graceful_books\node_modules\react-router\dist\umd\react-router.development.js:1207:17)
    at BrowserRouter (C:\Users\Admin\graceful_books\node_modules\react-router-dom\dist\umd\react-router-dom.development.js:695:7)

[90mstderr[2m | src/components/accounts/AccountForm.test.tsx[2m > [22m[2mAccountForm Component[2m > [22m[2mvalidation[2m > [22m[2mshould validate account number format
[22m[39mWarning: An update to AccountForm inside a test was not wrapped in act(...).

When testing, code that causes React state updates should be wrapped into act(...):

act(() => {
  /* fire events that update state */
});
/* assert on the output */

This ensures that you're testing the behavior the user would see in the browser. Learn more at https://reactjs.org/link/wrap-tests-with-act
    at AccountForm (C:/Users/Admin/graceful_books/src/components/accounts/AccountForm.tsx:36:3)
Warning: An update to AccountForm inside a test was not wrapped in act(...).

When testing, code that causes React state updates should be wrapped into act(...):

act(() => {
  /* fire events that update state */
});
/* assert on the output */

This ensures that you're testing the behavior the user would see in the browser. Learn more at https://reactjs.org/link/wrap-tests-with-act
    at AccountForm (C:/Users/Admin/graceful_books/src/components/accounts/AccountForm.tsx:36:3)
Warning: An update to AccountForm inside a test was not wrapped in act(...).

When testing, code that causes React state updates should be wrapped into act(...):

act(() => {
  /* fire events that update state */
});
/* assert on the output */

This ensures that you're testing the behavior the user would see in the browser. Learn more at https://reactjs.org/link/wrap-tests-with-act
    at AccountForm (C:/Users/Admin/graceful_books/src/components/accounts/AccountForm.tsx:36:3)

[90mstderr[2m | src/pages/auth/Signup.test.tsx[2m > [22m[2mSignup Page with Charity Selection[2m > [22m[2mcharity selection step[2m > [22m[2mshould have disabled Create Account button when no charity selected
[22m[39mWarning: An update to Signup inside a test was not wrapped in act(...).

When testing, code that causes React state updates should be wrapped into act(...):

act(() => {
  /* fire events that update state */
});
/* assert on the output */

This ensures that you're testing the behavior the user would see in the browser. Learn more at https://reactjs.org/link/wrap-tests-with-act
    at Signup (C:/Users/Admin/graceful_books/src/pages/auth/Signup.tsx:8:61)
    at Router (C:\Users\Admin\graceful_books\node_modules\react-router\dist\umd\react-router.development.js:1207:17)
    at BrowserRouter (C:\Users\Admin\graceful_books\node_modules\react-router-dom\dist\umd\react-router-dom.development.js:695:7)

[90mstderr[2m | src/components/accounts/AccountForm.test.tsx[2m > [22m[2mAccountForm Component[2m > [22m[2mvalidation[2m > [22m[2mshould validate account number format
[22m[39mWarning: An update to AccountForm inside a test was not wrapped in act(...).

When testing, code that causes React state updates should be wrapped into act(...):

act(() => {
  /* fire events that update state */
});
/* assert on the output */

This ensures that you're testing the behavior the user would see in the browser. Learn more at https://reactjs.org/link/wrap-tests-with-act
    at AccountForm (C:/Users/Admin/graceful_books/src/components/accounts/AccountForm.tsx:36:3)
Warning: An update to AccountForm inside a test was not wrapped in act(...).

When testing, code that causes React state updates should be wrapped into act(...):

act(() => {
  /* fire events that update state */
});
/* assert on the output */

This ensures that you're testing the behavior the user would see in the browser. Learn more at https://reactjs.org/link/wrap-tests-with-act
    at AccountForm (C:/Users/Admin/graceful_books/src/components/accounts/AccountForm.tsx:36:3)
Warning: An update to AccountForm inside a test was not wrapped in act(...).

When testing, code that causes React state updates should be wrapped into act(...):

act(() => {
  /* fire events that update state */
});
/* assert on the output */

This ensures that you're testing the behavior the user would see in the browser. Learn more at https://reactjs.org/link/wrap-tests-with-act
    at AccountForm (C:/Users/Admin/graceful_books/src/components/accounts/AccountForm.tsx:36:3)

[90mstderr[2m | src/components/accounts/AccountForm.test.tsx[2m > [22m[2mAccountForm Component[2m > [22m[2mvalidation[2m > [22m[2mshould validate account number format
[22m[39mWarning: An update to AccountForm inside a test was not wrapped in act(...).

When testing, code that causes React state updates should be wrapped into act(...):

act(() => {
  /* fire events that update state */
});
/* assert on the output */

This ensures that you're testing the behavior the user would see in the browser. Learn more at https://reactjs.org/link/wrap-tests-with-act
    at AccountForm (C:/Users/Admin/graceful_books/src/components/accounts/AccountForm.tsx:36:3)
Warning: An update to AccountForm inside a test was not wrapped in act(...).

When testing, code that causes React state updates should be wrapped into act(...):

act(() => {
  /* fire events that update state */
});
/* assert on the output */

This ensures that you're testing the behavior the user would see in the browser. Learn more at https://reactjs.org/link/wrap-tests-with-act
    at AccountForm (C:/Users/Admin/graceful_books/src/components/accounts/AccountForm.tsx:36:3)
Warning: An update to AccountForm inside a test was not wrapped in act(...).

When testing, code that causes React state updates should be wrapped into act(...):

act(() => {
  /* fire events that update state */
});
/* assert on the output */

This ensures that you're testing the behavior the user would see in the browser. Learn more at https://reactjs.org/link/wrap-tests-with-act
    at AccountForm (C:/Users/Admin/graceful_books/src/components/accounts/AccountForm.tsx:36:3)

[90mstderr[2m | src/components/accounts/AccountForm.test.tsx[2m > [22m[2mAccountForm Component[2m > [22m[2mvalidation[2m > [22m[2mshould validate account number format
[22m[39mWarning: An update to AccountForm inside a test was not wrapped in act(...).

When testing, code that causes React state updates should be wrapped into act(...):

act(() => {
  /* fire events that update state */
});
/* assert on the output */

This ensures that you're testing the behavior the user would see in the browser. Learn more at https://reactjs.org/link/wrap-tests-with-act
    at AccountForm (C:/Users/Admin/graceful_books/src/components/accounts/AccountForm.tsx:36:3)
Warning: An update to AccountForm inside a test was not wrapped in act(...).

When testing, code that causes React state updates should be wrapped into act(...):

act(() => {
  /* fire events that update state */
});
/* assert on the output */

This ensures that you're testing the behavior the user would see in the browser. Learn more at https://reactjs.org/link/wrap-tests-with-act
    at AccountForm (C:/Users/Admin/graceful_books/src/components/accounts/AccountForm.tsx:36:3)
Warning: An update to AccountForm inside a test was not wrapped in act(...).

When testing, code that causes React state updates should be wrapped into act(...):

act(() => {
  /* fire events that update state */
});
/* assert on the output */

This ensures that you're testing the behavior the user would see in the browser. Learn more at https://reactjs.org/link/wrap-tests-with-act
    at AccountForm (C:/Users/Admin/graceful_books/src/components/accounts/AccountForm.tsx:36:3)

[90mstderr[2m | src/components/accounts/AccountForm.test.tsx[2m > [22m[2mAccountForm Component[2m > [22m[2mvalidation[2m > [22m[2mshould validate account number format
[22m[39mWarning: An update to AccountForm inside a test was not wrapped in act(...).

When testing, code that causes React state updates should be wrapped into act(...):

act(() => {
  /* fire events that update state */
});
/* assert on the output */

This ensures that you're testing the behavior the user would see in the browser. Learn more at https://reactjs.org/link/wrap-tests-with-act
    at AccountForm (C:/Users/Admin/graceful_books/src/components/accounts/AccountForm.tsx:36:3)
Warning: An update to AccountForm inside a test was not wrapped in act(...).

When testing, code that causes React state updates should be wrapped into act(...):

act(() => {
  /* fire events that update state */
});
/* assert on the output */

This ensures that you're testing the behavior the user would see in the browser. Learn more at https://reactjs.org/link/wrap-tests-with-act
    at AccountForm (C:/Users/Admin/graceful_books/src/components/accounts/AccountForm.tsx:36:3)
Warning: An update to AccountForm inside a test was not wrapped in act(...).

When testing, code that causes React state updates should be wrapped into act(...):

act(() => {
  /* fire events that update state */
});
/* assert on the output */

This ensures that you're testing the behavior the user would see in the browser. Learn more at https://reactjs.org/link/wrap-tests-with-act
    at AccountForm (C:/Users/Admin/graceful_books/src/components/accounts/AccountForm.tsx:36:3)

[90mstderr[2m | src/pages/auth/Signup.test.tsx[2m > [22m[2mSignup Page with Charity Selection[2m > [22m[2mcharity selection step[2m > [22m[2mshould have disabled Create Account button when no charity selected
[22m[39mWarning: An update to Signup inside a test was not wrapped in act(...).

When testing, code that causes React state updates should be wrapped into act(...):

act(() => {
  /* fire events that update state */
});
/* assert on the output */

This ensures that you're testing the behavior the user would see in the browser. Learn more at https://reactjs.org/link/wrap-tests-with-act
    at Signup (C:/Users/Admin/graceful_books/src/pages/auth/Signup.tsx:8:61)
    at Router (C:\Users\Admin\graceful_books\node_modules\react-router\dist\umd\react-router.development.js:1207:17)
    at BrowserRouter (C:\Users\Admin\graceful_books\node_modules\react-router-dom\dist\umd\react-router-dom.development.js:695:7)

[90mstderr[2m | src/components/accounts/AccountForm.test.tsx[2m > [22m[2mAccountForm Component[2m > [22m[2mvalidation[2m > [22m[2mshould validate account number format
[22m[39mWarning: An update to AccountForm inside a test was not wrapped in act(...).

When testing, code that causes React state updates should be wrapped into act(...):

act(() => {
  /* fire events that update state */
});
/* assert on the output */

This ensures that you're testing the behavior the user would see in the browser. Learn more at https://reactjs.org/link/wrap-tests-with-act
    at AccountForm (C:/Users/Admin/graceful_books/src/components/accounts/AccountForm.tsx:36:3)
Warning: An update to AccountForm inside a test was not wrapped in act(...).

When testing, code that causes React state updates should be wrapped into act(...):

act(() => {
  /* fire events that update state */
});
/* assert on the output */

This ensures that you're testing the behavior the user would see in the browser. Learn more at https://reactjs.org/link/wrap-tests-with-act
    at AccountForm (C:/Users/Admin/graceful_books/src/components/accounts/AccountForm.tsx:36:3)
Warning: An update to AccountForm inside a test was not wrapped in act(...).

When testing, code that causes React state updates should be wrapped into act(...):

act(() => {
  /* fire events that update state */
});
/* assert on the output */

This ensures that you're testing the behavior the user would see in the browser. Learn more at https://reactjs.org/link/wrap-tests-with-act
    at AccountForm (C:/Users/Admin/graceful_books/src/components/accounts/AccountForm.tsx:36:3)

[90mstderr[2m | src/components/accounts/AccountForm.test.tsx[2m > [22m[2mAccountForm Component[2m > [22m[2mvalidation[2m > [22m[2mshould validate account number format
[22m[39mWarning: An update to AccountForm inside a test was not wrapped in act(...).

When testing, code that causes React state updates should be wrapped into act(...):

act(() => {
  /* fire events that update state */
});
/* assert on the output */

This ensures that you're testing the behavior the user would see in the browser. Learn more at https://reactjs.org/link/wrap-tests-with-act
    at AccountForm (C:/Users/Admin/graceful_books/src/components/accounts/AccountForm.tsx:36:3)
Warning: An update to AccountForm inside a test was not wrapped in act(...).

When testing, code that causes React state updates should be wrapped into act(...):

act(() => {
  /* fire events that update state */
});
/* assert on the output */

This ensures that you're testing the behavior the user would see in the browser. Learn more at https://reactjs.org/link/wrap-tests-with-act
    at AccountForm (C:/Users/Admin/graceful_books/src/components/accounts/AccountForm.tsx:36:3)
Warning: An update to AccountForm inside a test was not wrapped in act(...).

When testing, code that causes React state updates should be wrapped into act(...):

act(() => {
  /* fire events that update state */
});
/* assert on the output */

This ensures that you're testing the behavior the user would see in the browser. Learn more at https://reactjs.org/link/wrap-tests-with-act
    at AccountForm (C:/Users/Admin/graceful_books/src/components/accounts/AccountForm.tsx:36:3)

[90mstderr[2m | src/pages/auth/Signup.test.tsx[2m > [22m[2mSignup Page with Charity Selection[2m > [22m[2mcharity selection step[2m > [22m[2mshould have disabled Create Account button when no charity selected
[22m[39mWarning: An update to Signup inside a test was not wrapped in act(...).

When testing, code that causes React state updates should be wrapped into act(...):

act(() => {
  /* fire events that update state */
});
/* assert on the output */

This ensures that you're testing the behavior the user would see in the browser. Learn more at https://reactjs.org/link/wrap-tests-with-act
    at Signup (C:/Users/Admin/graceful_books/src/pages/auth/Signup.tsx:8:61)
    at Router (C:\Users\Admin\graceful_books\node_modules\react-router\dist\umd\react-router.development.js:1207:17)
    at BrowserRouter (C:\Users\Admin\graceful_books\node_modules\react-router-dom\dist\umd\react-router-dom.development.js:695:7)

[90mstderr[2m | src/components/accounts/AccountForm.test.tsx[2m > [22m[2mAccountForm Component[2m > [22m[2mvalidation[2m > [22m[2mshould validate account number format
[22m[39mWarning: An update to AccountForm inside a test was not wrapped in act(...).

When testing, code that causes React state updates should be wrapped into act(...):

act(() => {
  /* fire events that update state */
});
/* assert on the output */

This ensures that you're testing the behavior the user would see in the browser. Learn more at https://reactjs.org/link/wrap-tests-with-act
    at AccountForm (C:/Users/Admin/graceful_books/src/components/accounts/AccountForm.tsx:36:3)
Warning: An update to AccountForm inside a test was not wrapped in act(...).

When testing, code that causes React state updates should be wrapped into act(...):

act(() => {
  /* fire events that update state */
});
/* assert on the output */

This ensures that you're testing the behavior the user would see in the browser. Learn more at https://reactjs.org/link/wrap-tests-with-act
    at AccountForm (C:/Users/Admin/graceful_books/src/components/accounts/AccountForm.tsx:36:3)
Warning: An update to AccountForm inside a test was not wrapped in act(...).

When testing, code that causes React state updates should be wrapped into act(...):

act(() => {
  /* fire events that update state */
});
/* assert on the output */

This ensures that you're testing the behavior the user would see in the browser. Learn more at https://reactjs.org/link/wrap-tests-with-act
    at AccountForm (C:/Users/Admin/graceful_books/src/components/accounts/AccountForm.tsx:36:3)

[90mstderr[2m | src/pages/auth/Signup.test.tsx[2m > [22m[2mSignup Page with Charity Selection[2m > [22m[2mcharity selection step[2m > [22m[2mshould have disabled Create Account button when no charity selected
[22m[39mWarning: An update to Signup inside a test was not wrapped in act(...).

When testing, code that causes React state updates should be wrapped into act(...):

act(() => {
  /* fire events that update state */
});
/* assert on the output */

This ensures that you're testing the behavior the user would see in the browser. Learn more at https://reactjs.org/link/wrap-tests-with-act
    at Signup (C:/Users/Admin/graceful_books/src/pages/auth/Signup.tsx:8:61)
    at Router (C:\Users\Admin\graceful_books\node_modules\react-router\dist\umd\react-router.development.js:1207:17)
    at BrowserRouter (C:\Users\Admin\graceful_books\node_modules\react-router-dom\dist\umd\react-router-dom.development.js:695:7)

[90mstderr[2m | src/pages/auth/Signup.test.tsx[2m > [22m[2mSignup Page with Charity Selection[2m > [22m[2mcharity selection step[2m > [22m[2mshould have disabled Create Account button when no charity selected
[22m[39mWarning: An update to Signup inside a test was not wrapped in act(...).

When testing, code that causes React state updates should be wrapped into act(...):

act(() => {
  /* fire events that update state */
});
/* assert on the output */

This ensures that you're testing the behavior the user would see in the browser. Learn more at https://reactjs.org/link/wrap-tests-with-act
    at Signup (C:/Users/Admin/graceful_books/src/pages/auth/Signup.tsx:8:61)
    at Router (C:\Users\Admin\graceful_books\node_modules\react-router\dist\umd\react-router.development.js:1207:17)
    at BrowserRouter (C:\Users\Admin\graceful_books\node_modules\react-router-dom\dist\umd\react-router-dom.development.js:695:7)

[90mstderr[2m | src/components/accounts/AccountForm.test.tsx[2m > [22m[2mAccountForm Component[2m > [22m[2mvalidation[2m > [22m[2mshould validate account number format
[22m[39mWarning: An update to AccountForm inside a test was not wrapped in act(...).

When testing, code that causes React state updates should be wrapped into act(...):

act(() => {
  /* fire events that update state */
});
/* assert on the output */

This ensures that you're testing the behavior the user would see in the browser. Learn more at https://reactjs.org/link/wrap-tests-with-act
    at AccountForm (C:/Users/Admin/graceful_books/src/components/accounts/AccountForm.tsx:36:3)
Warning: An update to AccountForm inside a test was not wrapped in act(...).

When testing, code that causes React state updates should be wrapped into act(...):

act(() => {
  /* fire events that update state */
});
/* assert on the output */

This ensures that you're testing the behavior the user would see in the browser. Learn more at https://reactjs.org/link/wrap-tests-with-act
    at AccountForm (C:/Users/Admin/graceful_books/src/components/accounts/AccountForm.tsx:36:3)
Warning: An update to AccountForm inside a test was not wrapped in act(...).

When testing, code that causes React state updates should be wrapped into act(...):

act(() => {
  /* fire events that update state */
});
/* assert on the output */

This ensures that you're testing the behavior the user would see in the browser. Learn more at https://reactjs.org/link/wrap-tests-with-act
    at AccountForm (C:/Users/Admin/graceful_books/src/components/accounts/AccountForm.tsx:36:3)

[90mstderr[2m | src/pages/auth/Signup.test.tsx[2m > [22m[2mSignup Page with Charity Selection[2m > [22m[2mcharity selection step[2m > [22m[2mshould have disabled Create Account button when no charity selected
[22m[39mWarning: An update to Signup inside a test was not wrapped in act(...).

When testing, code that causes React state updates should be wrapped into act(...):

act(() => {
  /* fire events that update state */
});
/* assert on the output */

This ensures that you're testing the behavior the user would see in the browser. Learn more at https://reactjs.org/link/wrap-tests-with-act
    at Signup (C:/Users/Admin/graceful_books/src/pages/auth/Signup.tsx:8:61)
    at Router (C:\Users\Admin\graceful_books\node_modules\react-router\dist\umd\react-router.development.js:1207:17)
    at BrowserRouter (C:\Users\Admin\graceful_books\node_modules\react-router-dom\dist\umd\react-router-dom.development.js:695:7)

[90mstderr[2m | src/pages/auth/Signup.test.tsx[2m > [22m[2mSignup Page with Charity Selection[2m > [22m[2mcharity selection step[2m > [22m[2mshould have disabled Create Account button when no charity selected
[22m[39mWarning: An update to Signup inside a test was not wrapped in act(...).

When testing, code that causes React state updates should be wrapped into act(...):

act(() => {
  /* fire events that update state */
});
/* assert on the output */

This ensures that you're testing the behavior the user would see in the browser. Learn more at https://reactjs.org/link/wrap-tests-with-act
    at Signup (C:/Users/Admin/graceful_books/src/pages/auth/Signup.tsx:8:61)
    at Router (C:\Users\Admin\graceful_books\node_modules\react-router\dist\umd\react-router.development.js:1207:17)
    at BrowserRouter (C:\Users\Admin\graceful_books\node_modules\react-router-dom\dist\umd\react-router-dom.development.js:695:7)

[90mstderr[2m | src/pages/auth/Signup.test.tsx[2m > [22m[2mSignup Page with Charity Selection[2m > [22m[2mcharity selection step[2m > [22m[2mshould have disabled Create Account button when no charity selected
[22m[39mWarning: An update to Signup inside a test was not wrapped in act(...).

When testing, code that causes React state updates should be wrapped into act(...):

act(() => {
  /* fire events that update state */
});
/* assert on the output */

This ensures that you're testing the behavior the user would see in the browser. Learn more at https://reactjs.org/link/wrap-tests-with-act
    at Signup (C:/Users/Admin/graceful_books/src/pages/auth/Signup.tsx:8:61)
    at Router (C:\Users\Admin\graceful_books\node_modules\react-router\dist\umd\react-router.development.js:1207:17)
    at BrowserRouter (C:\Users\Admin\graceful_books\node_modules\react-router-dom\dist\umd\react-router-dom.development.js:695:7)

[90mstderr[2m | src/pages/auth/Signup.test.tsx[2m > [22m[2mSignup Page with Charity Selection[2m > [22m[2mcharity selection step[2m > [22m[2mshould have disabled Create Account button when no charity selected
[22m[39mWarning: An update to Signup inside a test was not wrapped in act(...).

When testing, code that causes React state updates should be wrapped into act(...):

act(() => {
  /* fire events that update state */
});
/* assert on the output */

This ensures that you're testing the behavior the user would see in the browser. Learn more at https://reactjs.org/link/wrap-tests-with-act
    at Signup (C:/Users/Admin/graceful_books/src/pages/auth/Signup.tsx:8:61)
    at Router (C:\Users\Admin\graceful_books\node_modules\react-router\dist\umd\react-router.development.js:1207:17)
    at BrowserRouter (C:\Users\Admin\graceful_books\node_modules\react-router-dom\dist\umd\react-router-dom.development.js:695:7)

[90mstderr[2m | src/pages/auth/Signup.test.tsx[2m > [22m[2mSignup Page with Charity Selection[2m > [22m[2mcharity selection step[2m > [22m[2mshould have disabled Create Account button when no charity selected
[22m[39mWarning: An update to Signup inside a test was not wrapped in act(...).

When testing, code that causes React state updates should be wrapped into act(...):

act(() => {
  /* fire events that update state */
});
/* assert on the output */

This ensures that you're testing the behavior the user would see in the browser. Learn more at https://reactjs.org/link/wrap-tests-with-act
    at Signup (C:/Users/Admin/graceful_books/src/pages/auth/Signup.tsx:8:61)
    at Router (C:\Users\Admin\graceful_books\node_modules\react-router\dist\umd\react-router.development.js:1207:17)
    at BrowserRouter (C:\Users\Admin\graceful_books\node_modules\react-router-dom\dist\umd\react-router-dom.development.js:695:7)

[90mstderr[2m | src/pages/auth/Signup.test.tsx[2m > [22m[2mSignup Page with Charity Selection[2m > [22m[2mcharity selection step[2m > [22m[2mshould have disabled Create Account button when no charity selected
[22m[39mWarning: An update to Signup inside a test was not wrapped in act(...).

When testing, code that causes React state updates should be wrapped into act(...):

act(() => {
  /* fire events that update state */
});
/* assert on the output */

This ensures that you're testing the behavior the user would see in the browser. Learn more at https://reactjs.org/link/wrap-tests-with-act
    at Signup (C:/Users/Admin/graceful_books/src/pages/auth/Signup.tsx:8:61)
    at Router (C:\Users\Admin\graceful_books\node_modules\react-router\dist\umd\react-router.development.js:1207:17)
    at BrowserRouter (C:\Users\Admin\graceful_books\node_modules\react-router-dom\dist\umd\react-router-dom.development.js:695:7)

[90mstderr[2m | src/pages/auth/Signup.test.tsx[2m > [22m[2mSignup Page with Charity Selection[2m > [22m[2mcharity selection step[2m > [22m[2mshould have disabled Create Account button when no charity selected
[22m[39mWarning: An update to Signup inside a test was not wrapped in act(...).

When testing, code that causes React state updates should be wrapped into act(...):

act(() => {
  /* fire events that update state */
});
/* assert on the output */

This ensures that you're testing the behavior the user would see in the browser. Learn more at https://reactjs.org/link/wrap-tests-with-act
    at Signup (C:/Users/Admin/graceful_books/src/pages/auth/Signup.tsx:8:61)
    at Router (C:\Users\Admin\graceful_books\node_modules\react-router\dist\umd\react-router.development.js:1207:17)
    at BrowserRouter (C:\Users\Admin\graceful_books\node_modules\react-router-dom\dist\umd\react-router-dom.development.js:695:7)

[90mstderr[2m | src/components/accounts/AccountForm.test.tsx[2m > [22m[2mAccountForm Component[2m > [22m[2mvalidation[2m > [22m[2mshould validate account number format
[22m[39mWarning: An update to AccountForm inside a test was not wrapped in act(...).

When testing, code that causes React state updates should be wrapped into act(...):

act(() => {
  /* fire events that update state */
});
/* assert on the output */

This ensures that you're testing the behavior the user would see in the browser. Learn more at https://reactjs.org/link/wrap-tests-with-act
    at AccountForm (C:/Users/Admin/graceful_books/src/components/accounts/AccountForm.tsx:36:3)
Warning: An update to AccountForm inside a test was not wrapped in act(...).

When testing, code that causes React state updates should be wrapped into act(...):

act(() => {
  /* fire events that update state */
});
/* assert on the output */

This ensures that you're testing the behavior the user would see in the browser. Learn more at https://reactjs.org/link/wrap-tests-with-act
    at AccountForm (C:/Users/Admin/graceful_books/src/components/accounts/AccountForm.tsx:36:3)
Warning: An update to AccountForm inside a test was not wrapped in act(...).

When testing, code that causes React state updates should be wrapped into act(...):

act(() => {
  /* fire events that update state */
});
/* assert on the output */

This ensures that you're testing the behavior the user would see in the browser. Learn more at https://reactjs.org/link/wrap-tests-with-act
    at AccountForm (C:/Users/Admin/graceful_books/src/components/accounts/AccountForm.tsx:36:3)

[90mstderr[2m | src/components/accounts/AccountForm.test.tsx[2m > [22m[2mAccountForm Component[2m > [22m[2mvalidation[2m > [22m[2mshould validate account number format
[22m[39mWarning: An update to AccountForm inside a test was not wrapped in act(...).

When testing, code that causes React state updates should be wrapped into act(...):

act(() => {
  /* fire events that update state */
});
/* assert on the output */

This ensures that you're testing the behavior the user would see in the browser. Learn more at https://reactjs.org/link/wrap-tests-with-act
    at AccountForm (C:/Users/Admin/graceful_books/src/components/accounts/AccountForm.tsx:36:3)
Warning: An update to AccountForm inside a test was not wrapped in act(...).

When testing, code that causes React state updates should be wrapped into act(...):

act(() => {
  /* fire events that update state */
});
/* assert on the output */

This ensures that you're testing the behavior the user would see in the browser. Learn more at https://reactjs.org/link/wrap-tests-with-act
    at AccountForm (C:/Users/Admin/graceful_books/src/components/accounts/AccountForm.tsx:36:3)
Warning: An update to AccountForm inside a test was not wrapped in act(...).

When testing, code that causes React state updates should be wrapped into act(...):

act(() => {
  /* fire events that update state */
});
/* assert on the output */

This ensures that you're testing the behavior the user would see in the browser. Learn more at https://reactjs.org/link/wrap-tests-with-act
    at AccountForm (C:/Users/Admin/graceful_books/src/components/accounts/AccountForm.tsx:36:3)

[90mstderr[2m | src/components/accounts/AccountForm.test.tsx[2m > [22m[2mAccountForm Component[2m > [22m[2mvalidation[2m > [22m[2mshould validate account number format
[22m[39mWarning: An update to AccountForm inside a test was not wrapped in act(...).

When testing, code that causes React state updates should be wrapped into act(...):

act(() => {
  /* fire events that update state */
});
/* assert on the output */

This ensures that you're testing the behavior the user would see in the browser. Learn more at https://reactjs.org/link/wrap-tests-with-act
    at AccountForm (C:/Users/Admin/graceful_books/src/components/accounts/AccountForm.tsx:36:3)
Warning: An update to AccountForm inside a test was not wrapped in act(...).

When testing, code that causes React state updates should be wrapped into act(...):

act(() => {
  /* fire events that update state */
});
/* assert on the output */

This ensures that you're testing the behavior the user would see in the browser. Learn more at https://reactjs.org/link/wrap-tests-with-act
    at AccountForm (C:/Users/Admin/graceful_books/src/components/accounts/AccountForm.tsx:36:3)
Warning: An update to AccountForm inside a test was not wrapped in act(...).

When testing, code that causes React state updates should be wrapped into act(...):

act(() => {
  /* fire events that update state */
});
/* assert on the output */

This ensures that you're testing the behavior the user would see in the browser. Learn more at https://reactjs.org/link/wrap-tests-with-act
    at AccountForm (C:/Users/Admin/graceful_books/src/components/accounts/AccountForm.tsx:36:3)

[90mstderr[2m | src/components/accounts/AccountForm.test.tsx[2m > [22m[2mAccountForm Component[2m > [22m[2mvalidation[2m > [22m[2mshould validate account number format
[22m[39mWarning: An update to AccountForm inside a test was not wrapped in act(...).

When testing, code that causes React state updates should be wrapped into act(...):

act(() => {
  /* fire events that update state */
});
/* assert on the output */

This ensures that you're testing the behavior the user would see in the browser. Learn more at https://reactjs.org/link/wrap-tests-with-act
    at AccountForm (C:/Users/Admin/graceful_books/src/components/accounts/AccountForm.tsx:36:3)
Warning: An update to AccountForm inside a test was not wrapped in act(...).

When testing, code that causes React state updates should be wrapped into act(...):

act(() => {
  /* fire events that update state */
});
/* assert on the output */

This ensures that you're testing the behavior the user would see in the browser. Learn more at https://reactjs.org/link/wrap-tests-with-act
    at AccountForm (C:/Users/Admin/graceful_books/src/components/accounts/AccountForm.tsx:36:3)
Warning: An update to AccountForm inside a test was not wrapped in act(...).

When testing, code that causes React state updates should be wrapped into act(...):

act(() => {
  /* fire events that update state */
});
/* assert on the output */

This ensures that you're testing the behavior the user would see in the browser. Learn more at https://reactjs.org/link/wrap-tests-with-act
    at AccountForm (C:/Users/Admin/graceful_books/src/components/accounts/AccountForm.tsx:36:3)

[90mstderr[2m | src/pages/auth/Signup.test.tsx[2m > [22m[2mSignup Page with Charity Selection[2m > [22m[2mcharity selection step[2m > [22m[2mshould have disabled Create Account button when no charity selected
[22m[39mWarning: An update to Signup inside a test was not wrapped in act(...).

When testing, code that causes React state updates should be wrapped into act(...):

act(() => {
  /* fire events that update state */
});
/* assert on the output */

This ensures that you're testing the behavior the user would see in the browser. Learn more at https://reactjs.org/link/wrap-tests-with-act
    at Signup (C:/Users/Admin/graceful_books/src/pages/auth/Signup.tsx:8:61)
    at Router (C:\Users\Admin\graceful_books\node_modules\react-router\dist\umd\react-router.development.js:1207:17)
    at BrowserRouter (C:\Users\Admin\graceful_books\node_modules\react-router-dom\dist\umd\react-router-dom.development.js:695:7)

[90mstderr[2m | src/pages/auth/Signup.test.tsx[2m > [22m[2mSignup Page with Charity Selection[2m > [22m[2mcharity selection step[2m > [22m[2mshould have disabled Create Account button when no charity selected
[22m[39mWarning: An update to Signup inside a test was not wrapped in act(...).

When testing, code that causes React state updates should be wrapped into act(...):

act(() => {
  /* fire events that update state */
});
/* assert on the output */

This ensures that you're testing the behavior the user would see in the browser. Learn more at https://reactjs.org/link/wrap-tests-with-act
    at Signup (C:/Users/Admin/graceful_books/src/pages/auth/Signup.tsx:8:61)
    at Router (C:\Users\Admin\graceful_books\node_modules\react-router\dist\umd\react-router.development.js:1207:17)
    at BrowserRouter (C:\Users\Admin\graceful_books\node_modules\react-router-dom\dist\umd\react-router-dom.development.js:695:7)

[90mstderr[2m | src/components/accounts/AccountForm.test.tsx[2m > [22m[2mAccountForm Component[2m > [22m[2mvalidation[2m > [22m[2mshould validate account number format
[22m[39mWarning: An update to AccountForm inside a test was not wrapped in act(...).

When testing, code that causes React state updates should be wrapped into act(...):

act(() => {
  /* fire events that update state */
});
/* assert on the output */

This ensures that you're testing the behavior the user would see in the browser. Learn more at https://reactjs.org/link/wrap-tests-with-act
    at AccountForm (C:/Users/Admin/graceful_books/src/components/accounts/AccountForm.tsx:36:3)
Warning: An update to AccountForm inside a test was not wrapped in act(...).

When testing, code that causes React state updates should be wrapped into act(...):

act(() => {
  /* fire events that update state */
});
/* assert on the output */

This ensures that you're testing the behavior the user would see in the browser. Learn more at https://reactjs.org/link/wrap-tests-with-act
    at AccountForm (C:/Users/Admin/graceful_books/src/components/accounts/AccountForm.tsx:36:3)
Warning: An update to AccountForm inside a test was not wrapped in act(...).

When testing, code that causes React state updates should be wrapped into act(...):

act(() => {
  /* fire events that update state */
});
/* assert on the output */

This ensures that you're testing the behavior the user would see in the browser. Learn more at https://reactjs.org/link/wrap-tests-with-act
    at AccountForm (C:/Users/Admin/graceful_books/src/components/accounts/AccountForm.tsx:36:3)

[90mstderr[2m | src/components/accounts/AccountForm.test.tsx[2m > [22m[2mAccountForm Component[2m > [22m[2mvalidation[2m > [22m[2mshould validate account number format
[22m[39mWarning: An update to AccountForm inside a test was not wrapped in act(...).

When testing, code that causes React state updates should be wrapped into act(...):

act(() => {
  /* fire events that update state */
});
/* assert on the output */

This ensures that you're testing the behavior the user would see in the browser. Learn more at https://reactjs.org/link/wrap-tests-with-act
    at AccountForm (C:/Users/Admin/graceful_books/src/components/accounts/AccountForm.tsx:36:3)
Warning: An update to AccountForm inside a test was not wrapped in act(...).

When testing, code that causes React state updates should be wrapped into act(...):

act(() => {
  /* fire events that update state */
});
/* assert on the output */

This ensures that you're testing the behavior the user would see in the browser. Learn more at https://reactjs.org/link/wrap-tests-with-act
    at AccountForm (C:/Users/Admin/graceful_books/src/components/accounts/AccountForm.tsx:36:3)
Warning: An update to AccountForm inside a test was not wrapped in act(...).

When testing, code that causes React state updates should be wrapped into act(...):

act(() => {
  /* fire events that update state */
});
/* assert on the output */

This ensures that you're testing the behavior the user would see in the browser. Learn more at https://reactjs.org/link/wrap-tests-with-act
    at AccountForm (C:/Users/Admin/graceful_books/src/components/accounts/AccountForm.tsx:36:3)

[90mstderr[2m | src/pages/auth/Signup.test.tsx[2m > [22m[2mSignup Page with Charity Selection[2m > [22m[2mcharity selection step[2m > [22m[2mshould have disabled Create Account button when no charity selected
[22m[39mWarning: An update to Signup inside a test was not wrapped in act(...).

When testing, code that causes React state updates should be wrapped into act(...):

act(() => {
  /* fire events that update state */
});
/* assert on the output */

This ensures that you're testing the behavior the user would see in the browser. Learn more at https://reactjs.org/link/wrap-tests-with-act
    at Signup (C:/Users/Admin/graceful_books/src/pages/auth/Signup.tsx:8:61)
    at Router (C:\Users\Admin\graceful_books\node_modules\react-router\dist\umd\react-router.development.js:1207:17)
    at BrowserRouter (C:\Users\Admin\graceful_books\node_modules\react-router-dom\dist\umd\react-router-dom.development.js:695:7)

[90mstderr[2m | src/pages/auth/Signup.test.tsx[2m > [22m[2mSignup Page with Charity Selection[2m > [22m[2mcharity selection step[2m > [22m[2mshould have disabled Create Account button when no charity selected
[22m[39mWarning: An update to Signup inside a test was not wrapped in act(...).

When testing, code that causes React state updates should be wrapped into act(...):

act(() => {
  /* fire events that update state */
});
/* assert on the output */

This ensures that you're testing the behavior the user would see in the browser. Learn more at https://reactjs.org/link/wrap-tests-with-act
    at Signup (C:/Users/Admin/graceful_books/src/pages/auth/Signup.tsx:8:61)
    at Router (C:\Users\Admin\graceful_books\node_modules\react-router\dist\umd\react-router.development.js:1207:17)
    at BrowserRouter (C:\Users\Admin\graceful_books\node_modules\react-router-dom\dist\umd\react-router-dom.development.js:695:7)

[90mstderr[2m | src/pages/auth/Signup.test.tsx[2m > [22m[2mSignup Page with Charity Selection[2m > [22m[2mcharity selection step[2m > [22m[2mshould have disabled Create Account button when no charity selected
[22m[39mWarning: An update to Signup inside a test was not wrapped in act(...).

When testing, code that causes React state updates should be wrapped into act(...):

act(() => {
  /* fire events that update state */
});
/* assert on the output */

This ensures that you're testing the behavior the user would see in the browser. Learn more at https://reactjs.org/link/wrap-tests-with-act
    at Signup (C:/Users/Admin/graceful_books/src/pages/auth/Signup.tsx:8:61)
    at Router (C:\Users\Admin\graceful_books\node_modules\react-router\dist\umd\react-router.development.js:1207:17)
    at BrowserRouter (C:\Users\Admin\graceful_books\node_modules\react-router-dom\dist\umd\react-router-dom.development.js:695:7)

[90mstderr[2m | src/pages/auth/Signup.test.tsx[2m > [22m[2mSignup Page with Charity Selection[2m > [22m[2mcharity selection step[2m > [22m[2mshould have disabled Create Account button when no charity selected
[22m[39mWarning: An update to Signup inside a test was not wrapped in act(...).

When testing, code that causes React state updates should be wrapped into act(...):

act(() => {
  /* fire events that update state */
});
/* assert on the output */

This ensures that you're testing the behavior the user would see in the browser. Learn more at https://reactjs.org/link/wrap-tests-with-act
    at Signup (C:/Users/Admin/graceful_books/src/pages/auth/Signup.tsx:8:61)
    at Router (C:\Users\Admin\graceful_books\node_modules\react-router\dist\umd\react-router.development.js:1207:17)
    at BrowserRouter (C:\Users\Admin\graceful_books\node_modules\react-router-dom\dist\umd\react-router-dom.development.js:695:7)

[90mstderr[2m | src/pages/auth/Signup.test.tsx[2m > [22m[2mSignup Page with Charity Selection[2m > [22m[2mcharity selection step[2m > [22m[2mshould have disabled Create Account button when no charity selected
[22m[39mWarning: An update to Signup inside a test was not wrapped in act(...).

When testing, code that causes React state updates should be wrapped into act(...):

act(() => {
  /* fire events that update state */
});
/* assert on the output */

This ensures that you're testing the behavior the user would see in the browser. Learn more at https://reactjs.org/link/wrap-tests-with-act
    at Signup (C:/Users/Admin/graceful_books/src/pages/auth/Signup.tsx:8:61)
    at Router (C:\Users\Admin\graceful_books\node_modules\react-router\dist\umd\react-router.development.js:1207:17)
    at BrowserRouter (C:\Users\Admin\graceful_books\node_modules\react-router-dom\dist\umd\react-router-dom.development.js:695:7)

[90mstderr[2m | src/pages/auth/Signup.test.tsx[2m > [22m[2mSignup Page with Charity Selection[2m > [22m[2mcharity selection step[2m > [22m[2mshould have disabled Create Account button when no charity selected
[22m[39mWarning: An update to Signup inside a test was not wrapped in act(...).

When testing, code that causes React state updates should be wrapped into act(...):

act(() => {
  /* fire events that update state */
});
/* assert on the output */

This ensures that you're testing the behavior the user would see in the browser. Learn more at https://reactjs.org/link/wrap-tests-with-act
    at Signup (C:/Users/Admin/graceful_books/src/pages/auth/Signup.tsx:8:61)
    at Router (C:\Users\Admin\graceful_books\node_modules\react-router\dist\umd\react-router.development.js:1207:17)
    at BrowserRouter (C:\Users\Admin\graceful_books\node_modules\react-router-dom\dist\umd\react-router-dom.development.js:695:7)

[90mstderr[2m | src/pages/auth/Signup.test.tsx[2m > [22m[2mSignup Page with Charity Selection[2m > [22m[2mcharity selection step[2m > [22m[2mshould have disabled Create Account button when no charity selected
[22m[39mWarning: An update to Signup inside a test was not wrapped in act(...).

When testing, code that causes React state updates should be wrapped into act(...):

act(() => {
  /* fire events that update state */
});
/* assert on the output */

This ensures that you're testing the behavior the user would see in the browser. Learn more at https://reactjs.org/link/wrap-tests-with-act
    at Signup (C:/Users/Admin/graceful_books/src/pages/auth/Signup.tsx:8:61)
    at Router (C:\Users\Admin\graceful_books\node_modules\react-router\dist\umd\react-router.development.js:1207:17)
    at BrowserRouter (C:\Users\Admin\graceful_books\node_modules\react-router-dom\dist\umd\react-router-dom.development.js:695:7)

[90mstderr[2m | src/components/accounts/AccountForm.test.tsx[2m > [22m[2mAccountForm Component[2m > [22m[2mvalidation[2m > [22m[2mshould validate account number format
[22m[39mWarning: An update to AccountForm inside a test was not wrapped in act(...).

When testing, code that causes React state updates should be wrapped into act(...):

act(() => {
  /* fire events that update state */
});
/* assert on the output */

This ensures that you're testing the behavior the user would see in the browser. Learn more at https://reactjs.org/link/wrap-tests-with-act
    at AccountForm (C:/Users/Admin/graceful_books/src/components/accounts/AccountForm.tsx:36:3)
Warning: An update to AccountForm inside a test was not wrapped in act(...).

When testing, code that causes React state updates should be wrapped into act(...):

act(() => {
  /* fire events that update state */
});
/* assert on the output */

This ensures that you're testing the behavior the user would see in the browser. Learn more at https://reactjs.org/link/wrap-tests-with-act
    at AccountForm (C:/Users/Admin/graceful_books/src/components/accounts/AccountForm.tsx:36:3)
Warning: An update to AccountForm inside a test was not wrapped in act(...).

When testing, code that causes React state updates should be wrapped into act(...):

act(() => {
  /* fire events that update state */
});
/* assert on the output */

This ensures that you're testing the behavior the user would see in the browser. Learn more at https://reactjs.org/link/wrap-tests-with-act
    at AccountForm (C:/Users/Admin/graceful_books/src/components/accounts/AccountForm.tsx:36:3)

[90mstderr[2m | src/pages/auth/Signup.test.tsx[2m > [22m[2mSignup Page with Charity Selection[2m > [22m[2mcharity selection step[2m > [22m[2mshould have disabled Create Account button when no charity selected
[22m[39mWarning: An update to Signup inside a test was not wrapped in act(...).

When testing, code that causes React state updates should be wrapped into act(...):

act(() => {
  /* fire events that update state */
});
/* assert on the output */

This ensures that you're testing the behavior the user would see in the browser. Learn more at https://reactjs.org/link/wrap-tests-with-act
    at Signup (C:/Users/Admin/graceful_books/src/pages/auth/Signup.tsx:8:61)
    at Router (C:\Users\Admin\graceful_books\node_modules\react-router\dist\umd\react-router.development.js:1207:17)
    at BrowserRouter (C:\Users\Admin\graceful_books\node_modules\react-router-dom\dist\umd\react-router-dom.development.js:695:7)

[90mstderr[2m | src/pages/auth/Signup.test.tsx[2m > [22m[2mSignup Page with Charity Selection[2m > [22m[2mcharity selection step[2m > [22m[2mshould have disabled Create Account button when no charity selected
[22m[39mWarning: An update to Signup inside a test was not wrapped in act(...).

When testing, code that causes React state updates should be wrapped into act(...):

act(() => {
  /* fire events that update state */
});
/* assert on the output */

This ensures that you're testing the behavior the user would see in the browser. Learn more at https://reactjs.org/link/wrap-tests-with-act
    at Signup (C:/Users/Admin/graceful_books/src/pages/auth/Signup.tsx:8:61)
    at Router (C:\Users\Admin\graceful_books\node_modules\react-router\dist\umd\react-router.development.js:1207:17)
    at BrowserRouter (C:\Users\Admin\graceful_books\node_modules\react-router-dom\dist\umd\react-router-dom.development.js:695:7)

[90mstderr[2m | src/components/customers/CustomerForm.test.tsx[2m > [22m[2mCustomerForm Component[2m > [22m[2mvalidation[2m > [22m[2mshould require customer name
[22m[39mWarning: An update to CustomerForm inside a test was not wrapped in act(...).

When testing, code that causes React state updates should be wrapped into act(...):

act(() => {
  /* fire events that update state */
});
/* assert on the output */

This ensures that you're testing the behavior the user would see in the browser. Learn more at https://reactjs.org/link/wrap-tests-with-act
    at CustomerForm (C:/Users/Admin/graceful_books/src/components/customers/CustomerForm.tsx:57:3)
Warning: An update to CustomerForm inside a test was not wrapped in act(...).

When testing, code that causes React state updates should be wrapped into act(...):

act(() => {
  /* fire events that update state */
});
/* assert on the output */

This ensures that you're testing the behavior the user would see in the browser. Learn more at https://reactjs.org/link/wrap-tests-with-act
    at CustomerForm (C:/Users/Admin/graceful_books/src/components/customers/CustomerForm.tsx:57:3)
Warning: An update to CustomerForm inside a test was not wrapped in act(...).

When testing, code that causes React state updates should be wrapped into act(...):

act(() => {
  /* fire events that update state */
});
/* assert on the output */

This ensures that you're testing the behavior the user would see in the browser. Learn more at https://reactjs.org/link/wrap-tests-with-act
    at CustomerForm (C:/Users/Admin/graceful_books/src/components/customers/CustomerForm.tsx:57:3)

[90mstderr[2m | src/pages/auth/Signup.test.tsx[2m > [22m[2mSignup Page with Charity Selection[2m > [22m[2mcharity selection step[2m > [22m[2mshould have disabled Create Account button when no charity selected
[22m[39mWarning: An update to Signup inside a test was not wrapped in act(...).

When testing, code that causes React state updates should be wrapped into act(...):

act(() => {
  /* fire events that update state */
});
/* assert on the output */

This ensures that you're testing the behavior the user would see in the browser. Learn more at https://reactjs.org/link/wrap-tests-with-act
    at Signup (C:/Users/Admin/graceful_books/src/pages/auth/Signup.tsx:8:61)
    at Router (C:\Users\Admin\graceful_books\node_modules\react-router\dist\umd\react-router.development.js:1207:17)
    at BrowserRouter (C:\Users\Admin\graceful_books\node_modules\react-router-dom\dist\umd\react-router-dom.development.js:695:7)

[90mstderr[2m | src/pages/auth/Signup.test.tsx[2m > [22m[2mSignup Page with Charity Selection[2m > [22m[2mcharity selection step[2m > [22m[2mshould have disabled Create Account button when no charity selected
[22m[39mWarning: An update to CharitySelector inside a test was not wrapped in act(...).

When testing, code that causes React state updates should be wrapped into act(...):

act(() => {
  /* fire events that update state */
});
/* assert on the output */

This ensures that you're testing the behavior the user would see in the browser. Learn more at https://reactjs.org/link/wrap-tests-with-act
    at CharitySelector (C:/Users/Admin/graceful_books/src/components/charity/CharitySelector.tsx:9:3)
    at div
    at div
    at Signup (C:/Users/Admin/graceful_books/src/pages/auth/Signup.tsx:8:61)
    at Router (C:\Users\Admin\graceful_books\node_modules\react-router\dist\umd\react-router.development.js:1207:17)
    at BrowserRouter (C:\Users\Admin\graceful_books\node_modules\react-router-dom\dist\umd\react-router-dom.development.js:695:7)
Warning: An update to CharitySelector inside a test was not wrapped in act(...).

When testing, code that causes React state updates should be wrapped into act(...):

act(() => {
  /* fire events that update state */
});
/* assert on the output */

This ensures that you're testing the behavior the user would see in the browser. Learn more at https://reactjs.org/link/wrap-tests-with-act
    at CharitySelector (C:/Users/Admin/graceful_books/src/components/charity/CharitySelector.tsx:9:3)
    at div
    at div
    at Signup (C:/Users/Admin/graceful_books/src/pages/auth/Signup.tsx:8:61)
    at Router (C:\Users\Admin\graceful_books\node_modules\react-router\dist\umd\react-router.development.js:1207:17)
    at BrowserRouter (C:\Users\Admin\graceful_books\node_modules\react-router-dom\dist\umd\react-router-dom.development.js:695:7)

[90mstderr[2m | src/components/accounts/AccountForm.test.tsx[2m > [22m[2mAccountForm Component[2m > [22m[2mvalidation[2m > [22m[2mshould accept valid account number
[22m[39mWarning: An update to AccountForm inside a test was not wrapped in act(...).

When testing, code that causes React state updates should be wrapped into act(...):

act(() => {
  /* fire events that update state */
});
/* assert on the output */

This ensures that you're testing the behavior the user would see in the browser. Learn more at https://reactjs.org/link/wrap-tests-with-act
    at AccountForm (C:/Users/Admin/graceful_books/src/components/accounts/AccountForm.tsx:36:3)
Warning: An update to AccountForm inside a test was not wrapped in act(...).

When testing, code that causes React state updates should be wrapped into act(...):

act(() => {
  /* fire events that update state */
});
/* assert on the output */

This ensures that you're testing the behavior the user would see in the browser. Learn more at https://reactjs.org/link/wrap-tests-with-act
    at AccountForm (C:/Users/Admin/graceful_books/src/components/accounts/AccountForm.tsx:36:3)
Warning: An update to AccountForm inside a test was not wrapped in act(...).

When testing, code that causes React state updates should be wrapped into act(...):

act(() => {
  /* fire events that update state */
});
/* assert on the output */

This ensures that you're testing the behavior the user would see in the browser. Learn more at https://reactjs.org/link/wrap-tests-with-act
    at AccountForm (C:/Users/Admin/graceful_books/src/components/accounts/AccountForm.tsx:36:3)

[90mstderr[2m | src/components/accounts/AccountForm.test.tsx[2m > [22m[2mAccountForm Component[2m > [22m[2mvalidation[2m > [22m[2mshould accept valid account number
[22m[39mWarning: An update to AccountForm inside a test was not wrapped in act(...).

When testing, code that causes React state updates should be wrapped into act(...):

act(() => {
  /* fire events that update state */
});
/* assert on the output */

This ensures that you're testing the behavior the user would see in the browser. Learn more at https://reactjs.org/link/wrap-tests-with-act
    at AccountForm (C:/Users/Admin/graceful_books/src/components/accounts/AccountForm.tsx:36:3)
Warning: An update to AccountForm inside a test was not wrapped in act(...).

When testing, code that causes React state updates should be wrapped into act(...):

act(() => {
  /* fire events that update state */
});
/* assert on the output */

This ensures that you're testing the behavior the user would see in the browser. Learn more at https://reactjs.org/link/wrap-tests-with-act
    at AccountForm (C:/Users/Admin/graceful_books/src/components/accounts/AccountForm.tsx:36:3)
Warning: An update to AccountForm inside a test was not wrapped in act(...).

When testing, code that causes React state updates should be wrapped into act(...):

act(() => {
  /* fire events that update state */
});
/* assert on the output */

This ensures that you're testing the behavior the user would see in the browser. Learn more at https://reactjs.org/link/wrap-tests-with-act
    at AccountForm (C:/Users/Admin/graceful_books/src/components/accounts/AccountForm.tsx:36:3)

[90mstderr[2m | src/components/accounts/AccountForm.test.tsx[2m > [22m[2mAccountForm Component[2m > [22m[2mvalidation[2m > [22m[2mshould accept valid account number
[22m[39mWarning: An update to AccountForm inside a test was not wrapped in act(...).

When testing, code that causes React state updates should be wrapped into act(...):

act(() => {
  /* fire events that update state */
});
/* assert on the output */

This ensures that you're testing the behavior the user would see in the browser. Learn more at https://reactjs.org/link/wrap-tests-with-act
    at AccountForm (C:/Users/Admin/graceful_books/src/components/accounts/AccountForm.tsx:36:3)
Warning: An update to AccountForm inside a test was not wrapped in act(...).

When testing, code that causes React state updates should be wrapped into act(...):

act(() => {
  /* fire events that update state */
});
/* assert on the output */

This ensures that you're testing the behavior the user would see in the browser. Learn more at https://reactjs.org/link/wrap-tests-with-act
    at AccountForm (C:/Users/Admin/graceful_books/src/components/accounts/AccountForm.tsx:36:3)
Warning: An update to AccountForm inside a test was not wrapped in act(...).

When testing, code that causes React state updates should be wrapped into act(...):

act(() => {
  /* fire events that update state */
});
/* assert on the output */

This ensures that you're testing the behavior the user would see in the browser. Learn more at https://reactjs.org/link/wrap-tests-with-act
    at AccountForm (C:/Users/Admin/graceful_books/src/components/accounts/AccountForm.tsx:36:3)

[90mstderr[2m | src/components/accounts/AccountForm.test.tsx[2m > [22m[2mAccountForm Component[2m > [22m[2mvalidation[2m > [22m[2mshould accept valid account number
[22m[39mWarning: An update to AccountForm inside a test was not wrapped in act(...).

When testing, code that causes React state updates should be wrapped into act(...):

act(() => {
  /* fire events that update state */
});
/* assert on the output */

This ensures that you're testing the behavior the user would see in the browser. Learn more at https://reactjs.org/link/wrap-tests-with-act
    at AccountForm (C:/Users/Admin/graceful_books/src/components/accounts/AccountForm.tsx:36:3)
Warning: An update to AccountForm inside a test was not wrapped in act(...).

When testing, code that causes React state updates should be wrapped into act(...):

act(() => {
  /* fire events that update state */
});
/* assert on the output */

This ensures that you're testing the behavior the user would see in the browser. Learn more at https://reactjs.org/link/wrap-tests-with-act
    at AccountForm (C:/Users/Admin/graceful_books/src/components/accounts/AccountForm.tsx:36:3)
Warning: An update to AccountForm inside a test was not wrapped in act(...).

When testing, code that causes React state updates should be wrapped into act(...):

act(() => {
  /* fire events that update state */
});
/* assert on the output */

This ensures that you're testing the behavior the user would see in the browser. Learn more at https://reactjs.org/link/wrap-tests-with-act
    at AccountForm (C:/Users/Admin/graceful_books/src/components/accounts/AccountForm.tsx:36:3)

[90mstderr[2m | src/components/customers/CustomerForm.test.tsx[2m > [22m[2mCustomerForm Component[2m > [22m[2mvalidation[2m > [22m[2mshould validate email format
[22m[39mWarning: An update to CustomerForm inside a test was not wrapped in act(...).

When testing, code that causes React state updates should be wrapped into act(...):

act(() => {
  /* fire events that update state */
});
/* assert on the output */

This ensures that you're testing the behavior the user would see in the browser. Learn more at https://reactjs.org/link/wrap-tests-with-act
    at CustomerForm (C:/Users/Admin/graceful_books/src/components/customers/CustomerForm.tsx:57:3)
Warning: An update to CustomerForm inside a test was not wrapped in act(...).

When testing, code that causes React state updates should be wrapped into act(...):

act(() => {
  /* fire events that update state */
});
/* assert on the output */

This ensures that you're testing the behavior the user would see in the browser. Learn more at https://reactjs.org/link/wrap-tests-with-act
    at CustomerForm (C:/Users/Admin/graceful_books/src/components/customers/CustomerForm.tsx:57:3)
Warning: An update to CustomerForm inside a test was not wrapped in act(...).

When testing, code that causes React state updates should be wrapped into act(...):

act(() => {
  /* fire events that update state */
});
/* assert on the output */

This ensures that you're testing the behavior the user would see in the browser. Learn more at https://reactjs.org/link/wrap-tests-with-act
    at CustomerForm (C:/Users/Admin/graceful_books/src/components/customers/CustomerForm.tsx:57:3)

[90mstderr[2m | src/components/accounts/AccountForm.test.tsx[2m > [22m[2mAccountForm Component[2m > [22m[2mvalidation[2m > [22m[2mshould accept valid account number
[22m[39mWarning: An update to AccountForm inside a test was not wrapped in act(...).

When testing, code that causes React state updates should be wrapped into act(...):

act(() => {
  /* fire events that update state */
});
/* assert on the output */

This ensures that you're testing the behavior the user would see in the browser. Learn more at https://reactjs.org/link/wrap-tests-with-act
    at AccountForm (C:/Users/Admin/graceful_books/src/components/accounts/AccountForm.tsx:36:3)
Warning: An update to AccountForm inside a test was not wrapped in act(...).

When testing, code that causes React state updates should be wrapped into act(...):

act(() => {
  /* fire events that update state */
});
/* assert on the output */

This ensures that you're testing the behavior the user would see in the browser. Learn more at https://reactjs.org/link/wrap-tests-with-act
    at AccountForm (C:/Users/Admin/graceful_books/src/components/accounts/AccountForm.tsx:36:3)
Warning: An update to AccountForm inside a test was not wrapped in act(...).

When testing, code that causes React state updates should be wrapped into act(...):

act(() => {
  /* fire events that update state */
});
/* assert on the output */

This ensures that you're testing the behavior the user would see in the browser. Learn more at https://reactjs.org/link/wrap-tests-with-act
    at AccountForm (C:/Users/Admin/graceful_books/src/components/accounts/AccountForm.tsx:36:3)

[90mstderr[2m | src/components/accounts/AccountForm.test.tsx[2m > [22m[2mAccountForm Component[2m > [22m[2mvalidation[2m > [22m[2mshould accept valid account number
[22m[39mWarning: An update to AccountForm inside a test was not wrapped in act(...).

When testing, code that causes React state updates should be wrapped into act(...):

act(() => {
  /* fire events that update state */
});
/* assert on the output */

This ensures that you're testing the behavior the user would see in the browser. Learn more at https://reactjs.org/link/wrap-tests-with-act
    at AccountForm (C:/Users/Admin/graceful_books/src/components/accounts/AccountForm.tsx:36:3)
Warning: An update to AccountForm inside a test was not wrapped in act(...).

When testing, code that causes React state updates should be wrapped into act(...):

act(() => {
  /* fire events that update state */
});
/* assert on the output */

This ensures that you're testing the behavior the user would see in the browser. Learn more at https://reactjs.org/link/wrap-tests-with-act
    at AccountForm (C:/Users/Admin/graceful_books/src/components/accounts/AccountForm.tsx:36:3)
Warning: An update to AccountForm inside a test was not wrapped in act(...).

When testing, code that causes React state updates should be wrapped into act(...):

act(() => {
  /* fire events that update state */
});
/* assert on the output */

This ensures that you're testing the behavior the user would see in the browser. Learn more at https://reactjs.org/link/wrap-tests-with-act
    at AccountForm (C:/Users/Admin/graceful_books/src/components/accounts/AccountForm.tsx:36:3)

[90mstderr[2m | src/components/customers/CustomerForm.test.tsx[2m > [22m[2mCustomerForm Component[2m > [22m[2mvalidation[2m > [22m[2mshould validate email format
[22m[39mWarning: An update to CustomerForm inside a test was not wrapped in act(...).

When testing, code that causes React state updates should be wrapped into act(...):

act(() => {
  /* fire events that update state */
});
/* assert on the output */

This ensures that you're testing the behavior the user would see in the browser. Learn more at https://reactjs.org/link/wrap-tests-with-act
    at CustomerForm (C:/Users/Admin/graceful_books/src/components/customers/CustomerForm.tsx:57:3)
Warning: An update to CustomerForm inside a test was not wrapped in act(...).

When testing, code that causes React state updates should be wrapped into act(...):

act(() => {
  /* fire events that update state */
});
/* assert on the output */

This ensures that you're testing the behavior the user would see in the browser. Learn more at https://reactjs.org/link/wrap-tests-with-act
    at CustomerForm (C:/Users/Admin/graceful_books/src/components/customers/CustomerForm.tsx:57:3)
Warning: An update to CustomerForm inside a test was not wrapped in act(...).

When testing, code that causes React state updates should be wrapped into act(...):

act(() => {
  /* fire events that update state */
});
/* assert on the output */

This ensures that you're testing the behavior the user would see in the browser. Learn more at https://reactjs.org/link/wrap-tests-with-act
    at CustomerForm (C:/Users/Admin/graceful_books/src/components/customers/CustomerForm.tsx:57:3)

[90mstderr[2m | src/components/accounts/AccountForm.test.tsx[2m > [22m[2mAccountForm Component[2m > [22m[2mvalidation[2m > [22m[2mshould accept valid account number
[22m[39mWarning: An update to AccountForm inside a test was not wrapped in act(...).

When testing, code that causes React state updates should be wrapped into act(...):

act(() => {
  /* fire events that update state */
});
/* assert on the output */

This ensures that you're testing the behavior the user would see in the browser. Learn more at https://reactjs.org/link/wrap-tests-with-act
    at AccountForm (C:/Users/Admin/graceful_books/src/components/accounts/AccountForm.tsx:36:3)
Warning: An update to AccountForm inside a test was not wrapped in act(...).

When testing, code that causes React state updates should be wrapped into act(...):

act(() => {
  /* fire events that update state */
});
/* assert on the output */

This ensures that you're testing the behavior the user would see in the browser. Learn more at https://reactjs.org/link/wrap-tests-with-act
    at AccountForm (C:/Users/Admin/graceful_books/src/components/accounts/AccountForm.tsx:36:3)
Warning: An update to AccountForm inside a test was not wrapped in act(...).

When testing, code that causes React state updates should be wrapped into act(...):

act(() => {
  /* fire events that update state */
});
/* assert on the output */

This ensures that you're testing the behavior the user would see in the browser. Learn more at https://reactjs.org/link/wrap-tests-with-act
    at AccountForm (C:/Users/Admin/graceful_books/src/components/accounts/AccountForm.tsx:36:3)

[90mstderr[2m | src/components/customers/CustomerForm.test.tsx[2m > [22m[2mCustomerForm Component[2m > [22m[2mvalidation[2m > [22m[2mshould validate email format
[22m[39mWarning: An update to CustomerForm inside a test was not wrapped in act(...).

When testing, code that causes React state updates should be wrapped into act(...):

act(() => {
  /* fire events that update state */
});
/* assert on the output */

This ensures that you're testing the behavior the user would see in the browser. Learn more at https://reactjs.org/link/wrap-tests-with-act
    at CustomerForm (C:/Users/Admin/graceful_books/src/components/customers/CustomerForm.tsx:57:3)
Warning: An update to CustomerForm inside a test was not wrapped in act(...).

When testing, code that causes React state updates should be wrapped into act(...):

act(() => {
  /* fire events that update state */
});
/* assert on the output */

This ensures that you're testing the behavior the user would see in the browser. Learn more at https://reactjs.org/link/wrap-tests-with-act
    at CustomerForm (C:/Users/Admin/graceful_books/src/components/customers/CustomerForm.tsx:57:3)
Warning: An update to CustomerForm inside a test was not wrapped in act(...).

When testing, code that causes React state updates should be wrapped into act(...):

act(() => {
  /* fire events that update state */
});
/* assert on the output */

This ensures that you're testing the behavior the user would see in the browser. Learn more at https://reactjs.org/link/wrap-tests-with-act
    at CustomerForm (C:/Users/Admin/graceful_books/src/components/customers/CustomerForm.tsx:57:3)

[90mstderr[2m | src/components/accounts/AccountForm.test.tsx[2m > [22m[2mAccountForm Component[2m > [22m[2mvalidation[2m > [22m[2mshould accept valid account number
[22m[39mWarning: An update to AccountForm inside a test was not wrapped in act(...).

When testing, code that causes React state updates should be wrapped into act(...):

act(() => {
  /* fire events that update state */
});
/* assert on the output */

This ensures that you're testing the behavior the user would see in the browser. Learn more at https://reactjs.org/link/wrap-tests-with-act
    at AccountForm (C:/Users/Admin/graceful_books/src/components/accounts/AccountForm.tsx:36:3)
Warning: An update to AccountForm inside a test was not wrapped in act(...).

When testing, code that causes React state updates should be wrapped into act(...):

act(() => {
  /* fire events that update state */
});
/* assert on the output */

This ensures that you're testing the behavior the user would see in the browser. Learn more at https://reactjs.org/link/wrap-tests-with-act
    at AccountForm (C:/Users/Admin/graceful_books/src/components/accounts/AccountForm.tsx:36:3)
Warning: An update to AccountForm inside a test was not wrapped in act(...).

When testing, code that causes React state updates should be wrapped into act(...):

act(() => {
  /* fire events that update state */
});
/* assert on the output */

This ensures that you're testing the behavior the user would see in the browser. Learn more at https://reactjs.org/link/wrap-tests-with-act
    at AccountForm (C:/Users/Admin/graceful_books/src/components/accounts/AccountForm.tsx:36:3)

[90mstderr[2m | src/components/customers/CustomerForm.test.tsx[2m > [22m[2mCustomerForm Component[2m > [22m[2mvalidation[2m > [22m[2mshould validate email format
[22m[39mWarning: An update to CustomerForm inside a test was not wrapped in act(...).

When testing, code that causes React state updates should be wrapped into act(...):

act(() => {
  /* fire events that update state */
});
/* assert on the output */

This ensures that you're testing the behavior the user would see in the browser. Learn more at https://reactjs.org/link/wrap-tests-with-act
    at CustomerForm (C:/Users/Admin/graceful_books/src/components/customers/CustomerForm.tsx:57:3)
Warning: An update to CustomerForm inside a test was not wrapped in act(...).

When testing, code that causes React state updates should be wrapped into act(...):

act(() => {
  /* fire events that update state */
});
/* assert on the output */

This ensures that you're testing the behavior the user would see in the browser. Learn more at https://reactjs.org/link/wrap-tests-with-act
    at CustomerForm (C:/Users/Admin/graceful_books/src/components/customers/CustomerForm.tsx:57:3)
Warning: An update to CustomerForm inside a test was not wrapped in act(...).

When testing, code that causes React state updates should be wrapped into act(...):

act(() => {
  /* fire events that update state */
});
/* assert on the output */

This ensures that you're testing the behavior the user would see in the browser. Learn more at https://reactjs.org/link/wrap-tests-with-act
    at CustomerForm (C:/Users/Admin/graceful_books/src/components/customers/CustomerForm.tsx:57:3)

[90mstderr[2m | src/components/accounts/AccountForm.test.tsx[2m > [22m[2mAccountForm Component[2m > [22m[2mvalidation[2m > [22m[2mshould accept valid account number
[22m[39mWarning: An update to AccountForm inside a test was not wrapped in act(...).

When testing, code that causes React state updates should be wrapped into act(...):

act(() => {
  /* fire events that update state */
});
/* assert on the output */

This ensures that you're testing the behavior the user would see in the browser. Learn more at https://reactjs.org/link/wrap-tests-with-act
    at AccountForm (C:/Users/Admin/graceful_books/src/components/accounts/AccountForm.tsx:36:3)
Warning: An update to AccountForm inside a test was not wrapped in act(...).

When testing, code that causes React state updates should be wrapped into act(...):

act(() => {
  /* fire events that update state */
});
/* assert on the output */

This ensures that you're testing the behavior the user would see in the browser. Learn more at https://reactjs.org/link/wrap-tests-with-act
    at AccountForm (C:/Users/Admin/graceful_books/src/components/accounts/AccountForm.tsx:36:3)
Warning: An update to AccountForm inside a test was not wrapped in act(...).

When testing, code that causes React state updates should be wrapped into act(...):

act(() => {
  /* fire events that update state */
});
/* assert on the output */

This ensures that you're testing the behavior the user would see in the browser. Learn more at https://reactjs.org/link/wrap-tests-with-act
    at AccountForm (C:/Users/Admin/graceful_books/src/components/accounts/AccountForm.tsx:36:3)

[90mstderr[2m | src/components/accounts/AccountForm.test.tsx[2m > [22m[2mAccountForm Component[2m > [22m[2mvalidation[2m > [22m[2mshould accept valid account number
[22m[39mWarning: An update to AccountForm inside a test was not wrapped in act(...).

When testing, code that causes React state updates should be wrapped into act(...):

act(() => {
  /* fire events that update state */
});
/* assert on the output */

This ensures that you're testing the behavior the user would see in the browser. Learn more at https://reactjs.org/link/wrap-tests-with-act
    at AccountForm (C:/Users/Admin/graceful_books/src/components/accounts/AccountForm.tsx:36:3)
Warning: An update to AccountForm inside a test was not wrapped in act(...).

When testing, code that causes React state updates should be wrapped into act(...):

act(() => {
  /* fire events that update state */
});
/* assert on the output */

This ensures that you're testing the behavior the user would see in the browser. Learn more at https://reactjs.org/link/wrap-tests-with-act
    at AccountForm (C:/Users/Admin/graceful_books/src/components/accounts/AccountForm.tsx:36:3)
Warning: An update to AccountForm inside a test was not wrapped in act(...).

When testing, code that causes React state updates should be wrapped into act(...):

act(() => {
  /* fire events that update state */
});
/* assert on the output */

This ensures that you're testing the behavior the user would see in the browser. Learn more at https://reactjs.org/link/wrap-tests-with-act
    at AccountForm (C:/Users/Admin/graceful_books/src/components/accounts/AccountForm.tsx:36:3)

[90mstderr[2m | src/components/customers/CustomerForm.test.tsx[2m > [22m[2mCustomerForm Component[2m > [22m[2mvalidation[2m > [22m[2mshould validate email format
[22m[39mWarning: An update to CustomerForm inside a test was not wrapped in act(...).

When testing, code that causes React state updates should be wrapped into act(...):

act(() => {
  /* fire events that update state */
});
/* assert on the output */

This ensures that you're testing the behavior the user would see in the browser. Learn more at https://reactjs.org/link/wrap-tests-with-act
    at CustomerForm (C:/Users/Admin/graceful_books/src/components/customers/CustomerForm.tsx:57:3)
Warning: An update to CustomerForm inside a test was not wrapped in act(...).

When testing, code that causes React state updates should be wrapped into act(...):

act(() => {
  /* fire events that update state */
});
/* assert on the output */

This ensures that you're testing the behavior the user would see in the browser. Learn more at https://reactjs.org/link/wrap-tests-with-act
    at CustomerForm (C:/Users/Admin/graceful_books/src/components/customers/CustomerForm.tsx:57:3)
Warning: An update to CustomerForm inside a test was not wrapped in act(...).

When testing, code that causes React state updates should be wrapped into act(...):

act(() => {
  /* fire events that update state */
});
/* assert on the output */

This ensures that you're testing the behavior the user would see in the browser. Learn more at https://reactjs.org/link/wrap-tests-with-act
    at CustomerForm (C:/Users/Admin/graceful_books/src/components/customers/CustomerForm.tsx:57:3)

[90mstderr[2m | src/components/accounts/AccountForm.test.tsx[2m > [22m[2mAccountForm Component[2m > [22m[2mvalidation[2m > [22m[2mshould accept valid account number
[22m[39mWarning: An update to AccountForm inside a test was not wrapped in act(...).

When testing, code that causes React state updates should be wrapped into act(...):

act(() => {
  /* fire events that update state */
});
/* assert on the output */

This ensures that you're testing the behavior the user would see in the browser. Learn more at https://reactjs.org/link/wrap-tests-with-act
    at AccountForm (C:/Users/Admin/graceful_books/src/components/accounts/AccountForm.tsx:36:3)
Warning: An update to AccountForm inside a test was not wrapped in act(...).

When testing, code that causes React state updates should be wrapped into act(...):

act(() => {
  /* fire events that update state */
});
/* assert on the output */

This ensures that you're testing the behavior the user would see in the browser. Learn more at https://reactjs.org/link/wrap-tests-with-act
    at AccountForm (C:/Users/Admin/graceful_books/src/components/accounts/AccountForm.tsx:36:3)
Warning: An update to AccountForm inside a test was not wrapped in act(...).

When testing, code that causes React state updates should be wrapped into act(...):

act(() => {
  /* fire events that update state */
});
/* assert on the output */

This ensures that you're testing the behavior the user would see in the browser. Learn more at https://reactjs.org/link/wrap-tests-with-act
    at AccountForm (C:/Users/Admin/graceful_books/src/components/accounts/AccountForm.tsx:36:3)

[90mstderr[2m | src/components/customers/CustomerForm.test.tsx[2m > [22m[2mCustomerForm Component[2m > [22m[2mvalidation[2m > [22m[2mshould validate email format
[22m[39mWarning: An update to CustomerForm inside a test was not wrapped in act(...).

When testing, code that causes React state updates should be wrapped into act(...):

act(() => {
  /* fire events that update state */
});
/* assert on the output */

This ensures that you're testing the behavior the user would see in the browser. Learn more at https://reactjs.org/link/wrap-tests-with-act
    at CustomerForm (C:/Users/Admin/graceful_books/src/components/customers/CustomerForm.tsx:57:3)
Warning: An update to CustomerForm inside a test was not wrapped in act(...).

When testing, code that causes React state updates should be wrapped into act(...):

act(() => {
  /* fire events that update state */
});
/* assert on the output */

This ensures that you're testing the behavior the user would see in the browser. Learn more at https://reactjs.org/link/wrap-tests-with-act
    at CustomerForm (C:/Users/Admin/graceful_books/src/components/customers/CustomerForm.tsx:57:3)
Warning: An update to CustomerForm inside a test was not wrapped in act(...).

When testing, code that causes React state updates should be wrapped into act(...):

act(() => {
  /* fire events that update state */
});
/* assert on the output */

This ensures that you're testing the behavior the user would see in the browser. Learn more at https://reactjs.org/link/wrap-tests-with-act
    at CustomerForm (C:/Users/Admin/graceful_books/src/components/customers/CustomerForm.tsx:57:3)

[90mstderr[2m | src/components/accounts/AccountForm.test.tsx[2m > [22m[2mAccountForm Component[2m > [22m[2mvalidation[2m > [22m[2mshould accept valid account number
[22m[39mWarning: An update to AccountForm inside a test was not wrapped in act(...).

When testing, code that causes React state updates should be wrapped into act(...):

act(() => {
  /* fire events that update state */
});
/* assert on the output */

This ensures that you're testing the behavior the user would see in the browser. Learn more at https://reactjs.org/link/wrap-tests-with-act
    at AccountForm (C:/Users/Admin/graceful_books/src/components/accounts/AccountForm.tsx:36:3)
Warning: An update to AccountForm inside a test was not wrapped in act(...).

When testing, code that causes React state updates should be wrapped into act(...):

act(() => {
  /* fire events that update state */
});
/* assert on the output */

This ensures that you're testing the behavior the user would see in the browser. Learn more at https://reactjs.org/link/wrap-tests-with-act
    at AccountForm (C:/Users/Admin/graceful_books/src/components/accounts/AccountForm.tsx:36:3)
Warning: An update to AccountForm inside a test was not wrapped in act(...).

When testing, code that causes React state updates should be wrapped into act(...):

act(() => {
  /* fire events that update state */
});
/* assert on the output */

This ensures that you're testing the behavior the user would see in the browser. Learn more at https://reactjs.org/link/wrap-tests-with-act
    at AccountForm (C:/Users/Admin/graceful_books/src/components/accounts/AccountForm.tsx:36:3)

[90mstderr[2m | src/components/customers/CustomerForm.test.tsx[2m > [22m[2mCustomerForm Component[2m > [22m[2mvalidation[2m > [22m[2mshould validate email format
[22m[39mWarning: An update to CustomerForm inside a test was not wrapped in act(...).

When testing, code that causes React state updates should be wrapped into act(...):

act(() => {
  /* fire events that update state */
});
/* assert on the output */

This ensures that you're testing the behavior the user would see in the browser. Learn more at https://reactjs.org/link/wrap-tests-with-act
    at CustomerForm (C:/Users/Admin/graceful_books/src/components/customers/CustomerForm.tsx:57:3)
Warning: An update to CustomerForm inside a test was not wrapped in act(...).

When testing, code that causes React state updates should be wrapped into act(...):

act(() => {
  /* fire events that update state */
});
/* assert on the output */

This ensures that you're testing the behavior the user would see in the browser. Learn more at https://reactjs.org/link/wrap-tests-with-act
    at CustomerForm (C:/Users/Admin/graceful_books/src/components/customers/CustomerForm.tsx:57:3)
Warning: An update to CustomerForm inside a test was not wrapped in act(...).

When testing, code that causes React state updates should be wrapped into act(...):

act(() => {
  /* fire events that update state */
});
/* assert on the output */

This ensures that you're testing the behavior the user would see in the browser. Learn more at https://reactjs.org/link/wrap-tests-with-act
    at CustomerForm (C:/Users/Admin/graceful_books/src/components/customers/CustomerForm.tsx:57:3)

[90mstderr[2m | src/components/customers/CustomerForm.test.tsx[2m > [22m[2mCustomerForm Component[2m > [22m[2mvalidation[2m > [22m[2mshould validate email format
[22m[39mWarning: An update to CustomerForm inside a test was not wrapped in act(...).

When testing, code that causes React state updates should be wrapped into act(...):

act(() => {
  /* fire events that update state */
});
/* assert on the output */

This ensures that you're testing the behavior the user would see in the browser. Learn more at https://reactjs.org/link/wrap-tests-with-act
    at CustomerForm (C:/Users/Admin/graceful_books/src/components/customers/CustomerForm.tsx:57:3)
Warning: An update to CustomerForm inside a test was not wrapped in act(...).

When testing, code that causes React state updates should be wrapped into act(...):

act(() => {
  /* fire events that update state */
});
/* assert on the output */

This ensures that you're testing the behavior the user would see in the browser. Learn more at https://reactjs.org/link/wrap-tests-with-act
    at CustomerForm (C:/Users/Admin/graceful_books/src/components/customers/CustomerForm.tsx:57:3)
Warning: An update to CustomerForm inside a test was not wrapped in act(...).

When testing, code that causes React state updates should be wrapped into act(...):

act(() => {
  /* fire events that update state */
});
/* assert on the output */

This ensures that you're testing the behavior the user would see in the browser. Learn more at https://reactjs.org/link/wrap-tests-with-act
    at CustomerForm (C:/Users/Admin/graceful_books/src/components/customers/CustomerForm.tsx:57:3)

[90mstderr[2m | src/components/customers/CustomerForm.test.tsx[2m > [22m[2mCustomerForm Component[2m > [22m[2mvalidation[2m > [22m[2mshould validate email format
[22m[39mWarning: An update to CustomerForm inside a test was not wrapped in act(...).

When testing, code that causes React state updates should be wrapped into act(...):

act(() => {
  /* fire events that update state */
});
/* assert on the output */

This ensures that you're testing the behavior the user would see in the browser. Learn more at https://reactjs.org/link/wrap-tests-with-act
    at CustomerForm (C:/Users/Admin/graceful_books/src/components/customers/CustomerForm.tsx:57:3)
Warning: An update to CustomerForm inside a test was not wrapped in act(...).

When testing, code that causes React state updates should be wrapped into act(...):

act(() => {
  /* fire events that update state */
});
/* assert on the output */

This ensures that you're testing the behavior the user would see in the browser. Learn more at https://reactjs.org/link/wrap-tests-with-act
    at CustomerForm (C:/Users/Admin/graceful_books/src/components/customers/CustomerForm.tsx:57:3)
Warning: An update to CustomerForm inside a test was not wrapped in act(...).

When testing, code that causes React state updates should be wrapped into act(...):

act(() => {
  /* fire events that update state */
});
/* assert on the output */

This ensures that you're testing the behavior the user would see in the browser. Learn more at https://reactjs.org/link/wrap-tests-with-act
    at CustomerForm (C:/Users/Admin/graceful_books/src/components/customers/CustomerForm.tsx:57:3)

[90mstderr[2m | src/components/customers/CustomerForm.test.tsx[2m > [22m[2mCustomerForm Component[2m > [22m[2mvalidation[2m > [22m[2mshould validate email format
[22m[39mWarning: An update to CustomerForm inside a test was not wrapped in act(...).

When testing, code that causes React state updates should be wrapped into act(...):

act(() => {
  /* fire events that update state */
});
/* assert on the output */

This ensures that you're testing the behavior the user would see in the browser. Learn more at https://reactjs.org/link/wrap-tests-with-act
    at CustomerForm (C:/Users/Admin/graceful_books/src/components/customers/CustomerForm.tsx:57:3)
Warning: An update to CustomerForm inside a test was not wrapped in act(...).

When testing, code that causes React state updates should be wrapped into act(...):

act(() => {
  /* fire events that update state */
});
/* assert on the output */

This ensures that you're testing the behavior the user would see in the browser. Learn more at https://reactjs.org/link/wrap-tests-with-act
    at CustomerForm (C:/Users/Admin/graceful_books/src/components/customers/CustomerForm.tsx:57:3)
Warning: An update to CustomerForm inside a test was not wrapped in act(...).

When testing, code that causes React state updates should be wrapped into act(...):

act(() => {
  /* fire events that update state */
});
/* assert on the output */

This ensures that you're testing the behavior the user would see in the browser. Learn more at https://reactjs.org/link/wrap-tests-with-act
    at CustomerForm (C:/Users/Admin/graceful_books/src/components/customers/CustomerForm.tsx:57:3)

[90mstderr[2m | src/pages/auth/Signup.test.tsx[2m > [22m[2mSignup Page with Charity Selection[2m > [22m[2mcharity selection step[2m > [22m[2mshould enable Create Account button when charity is selected
[22m[39mWarning: An update to Signup inside a test was not wrapped in act(...).

When testing, code that causes React state updates should be wrapped into act(...):

act(() => {
  /* fire events that update state */
});
/* assert on the output */

This ensures that you're testing the behavior the user would see in the browser. Learn more at https://reactjs.org/link/wrap-tests-with-act
    at Signup (C:/Users/Admin/graceful_books/src/pages/auth/Signup.tsx:8:61)
    at Router (C:\Users\Admin\graceful_books\node_modules\react-router\dist\umd\react-router.development.js:1207:17)
    at BrowserRouter (C:\Users\Admin\graceful_books\node_modules\react-router-dom\dist\umd\react-router-dom.development.js:695:7)

[90mstderr[2m | src/components/customers/CustomerForm.test.tsx[2m > [22m[2mCustomerForm Component[2m > [22m[2mvalidation[2m > [22m[2mshould validate email format
[22m[39mWarning: An update to CustomerForm inside a test was not wrapped in act(...).

When testing, code that causes React state updates should be wrapped into act(...):

act(() => {
  /* fire events that update state */
});
/* assert on the output */

This ensures that you're testing the behavior the user would see in the browser. Learn more at https://reactjs.org/link/wrap-tests-with-act
    at CustomerForm (C:/Users/Admin/graceful_books/src/components/customers/CustomerForm.tsx:57:3)
Warning: An update to CustomerForm inside a test was not wrapped in act(...).

When testing, code that causes React state updates should be wrapped into act(...):

act(() => {
  /* fire events that update state */
});
/* assert on the output */

This ensures that you're testing the behavior the user would see in the browser. Learn more at https://reactjs.org/link/wrap-tests-with-act
    at CustomerForm (C:/Users/Admin/graceful_books/src/components/customers/CustomerForm.tsx:57:3)
Warning: An update to CustomerForm inside a test was not wrapped in act(...).

When testing, code that causes React state updates should be wrapped into act(...):

act(() => {
  /* fire events that update state */
});
/* assert on the output */

This ensures that you're testing the behavior the user would see in the browser. Learn more at https://reactjs.org/link/wrap-tests-with-act
    at CustomerForm (C:/Users/Admin/graceful_books/src/components/customers/CustomerForm.tsx:57:3)

[90mstderr[2m | src/components/customers/CustomerForm.test.tsx[2m > [22m[2mCustomerForm Component[2m > [22m[2mvalidation[2m > [22m[2mshould validate email format
[22m[39mWarning: An update to CustomerForm inside a test was not wrapped in act(...).

When testing, code that causes React state updates should be wrapped into act(...):

act(() => {
  /* fire events that update state */
});
/* assert on the output */

This ensures that you're testing the behavior the user would see in the browser. Learn more at https://reactjs.org/link/wrap-tests-with-act
    at CustomerForm (C:/Users/Admin/graceful_books/src/components/customers/CustomerForm.tsx:57:3)
Warning: An update to CustomerForm inside a test was not wrapped in act(...).

When testing, code that causes React state updates should be wrapped into act(...):

act(() => {
  /* fire events that update state */
});
/* assert on the output */

This ensures that you're testing the behavior the user would see in the browser. Learn more at https://reactjs.org/link/wrap-tests-with-act
    at CustomerForm (C:/Users/Admin/graceful_books/src/components/customers/CustomerForm.tsx:57:3)
Warning: An update to CustomerForm inside a test was not wrapped in act(...).

When testing, code that causes React state updates should be wrapped into act(...):

act(() => {
  /* fire events that update state */
});
/* assert on the output */

This ensures that you're testing the behavior the user would see in the browser. Learn more at https://reactjs.org/link/wrap-tests-with-act
    at CustomerForm (C:/Users/Admin/graceful_books/src/components/customers/CustomerForm.tsx:57:3)

[90mstderr[2m | src/components/customers/CustomerForm.test.tsx[2m > [22m[2mCustomerForm Component[2m > [22m[2mvalidation[2m > [22m[2mshould validate email format
[22m[39mWarning: An update to CustomerForm inside a test was not wrapped in act(...).

When testing, code that causes React state updates should be wrapped into act(...):

act(() => {
  /* fire events that update state */
});
/* assert on the output */

This ensures that you're testing the behavior the user would see in the browser. Learn more at https://reactjs.org/link/wrap-tests-with-act
    at CustomerForm (C:/Users/Admin/graceful_books/src/components/customers/CustomerForm.tsx:57:3)
Warning: An update to CustomerForm inside a test was not wrapped in act(...).

When testing, code that causes React state updates should be wrapped into act(...):

act(() => {
  /* fire events that update state */
});
/* assert on the output */

This ensures that you're testing the behavior the user would see in the browser. Learn more at https://reactjs.org/link/wrap-tests-with-act
    at CustomerForm (C:/Users/Admin/graceful_books/src/components/customers/CustomerForm.tsx:57:3)
Warning: An update to CustomerForm inside a test was not wrapped in act(...).

When testing, code that causes React state updates should be wrapped into act(...):

act(() => {
  /* fire events that update state */
});
/* assert on the output */

This ensures that you're testing the behavior the user would see in the browser. Learn more at https://reactjs.org/link/wrap-tests-with-act
    at CustomerForm (C:/Users/Admin/graceful_books/src/components/customers/CustomerForm.tsx:57:3)

[90mstderr[2m | src/pages/auth/Signup.test.tsx[2m > [22m[2mSignup Page with Charity Selection[2m > [22m[2mcharity selection step[2m > [22m[2mshould enable Create Account button when charity is selected
[22m[39mWarning: An update to Signup inside a test was not wrapped in act(...).

When testing, code that causes React state updates should be wrapped into act(...):

act(() => {
  /* fire events that update state */
});
/* assert on the output */

This ensures that you're testing the behavior the user would see in the browser. Learn more at https://reactjs.org/link/wrap-tests-with-act
    at Signup (C:/Users/Admin/graceful_books/src/pages/auth/Signup.tsx:8:61)
    at Router (C:\Users\Admin\graceful_books\node_modules\react-router\dist\umd\react-router.development.js:1207:17)
    at BrowserRouter (C:\Users\Admin\graceful_books\node_modules\react-router-dom\dist\umd\react-router-dom.development.js:695:7)

[90mstderr[2m | src/components/accounts/AccountForm.test.tsx[2m > [22m[2mAccountForm Component[2m > [22m[2mvalidation[2m > [22m[2mshould accept valid account number
[22m[39mWarning: An update to AccountForm inside a test was not wrapped in act(...).

When testing, code that causes React state updates should be wrapped into act(...):

act(() => {
  /* fire events that update state */
});
/* assert on the output */

This ensures that you're testing the behavior the user would see in the browser. Learn more at https://reactjs.org/link/wrap-tests-with-act
    at AccountForm (C:/Users/Admin/graceful_books/src/components/accounts/AccountForm.tsx:36:3)
Warning: An update to AccountForm inside a test was not wrapped in act(...).

When testing, code that causes React state updates should be wrapped into act(...):

act(() => {
  /* fire events that update state */
});
/* assert on the output */

This ensures that you're testing the behavior the user would see in the browser. Learn more at https://reactjs.org/link/wrap-tests-with-act
    at AccountForm (C:/Users/Admin/graceful_books/src/components/accounts/AccountForm.tsx:36:3)
Warning: An update to AccountForm inside a test was not wrapped in act(...).

When testing, code that causes React state updates should be wrapped into act(...):

act(() => {
  /* fire events that update state */
});
/* assert on the output */

This ensures that you're testing the behavior the user would see in the browser. Learn more at https://reactjs.org/link/wrap-tests-with-act
    at AccountForm (C:/Users/Admin/graceful_books/src/components/accounts/AccountForm.tsx:36:3)

[90mstderr[2m | src/pages/auth/Signup.test.tsx[2m > [22m[2mSignup Page with Charity Selection[2m > [22m[2mcharity selection step[2m > [22m[2mshould enable Create Account button when charity is selected
[22m[39mWarning: An update to Signup inside a test was not wrapped in act(...).

When testing, code that causes React state updates should be wrapped into act(...):

act(() => {
  /* fire events that update state */
});
/* assert on the output */

This ensures that you're testing the behavior the user would see in the browser. Learn more at https://reactjs.org/link/wrap-tests-with-act
    at Signup (C:/Users/Admin/graceful_books/src/pages/auth/Signup.tsx:8:61)
    at Router (C:\Users\Admin\graceful_books\node_modules\react-router\dist\umd\react-router.development.js:1207:17)
    at BrowserRouter (C:\Users\Admin\graceful_books\node_modules\react-router-dom\dist\umd\react-router-dom.development.js:695:7)

[90mstderr[2m | src/components/accounts/AccountForm.test.tsx[2m > [22m[2mAccountForm Component[2m > [22m[2mvalidation[2m > [22m[2mshould accept valid account number
[22m[39mWarning: An update to AccountForm inside a test was not wrapped in act(...).

When testing, code that causes React state updates should be wrapped into act(...):

act(() => {
  /* fire events that update state */
});
/* assert on the output */

This ensures that you're testing the behavior the user would see in the browser. Learn more at https://reactjs.org/link/wrap-tests-with-act
    at AccountForm (C:/Users/Admin/graceful_books/src/components/accounts/AccountForm.tsx:36:3)
Warning: An update to AccountForm inside a test was not wrapped in act(...).

When testing, code that causes React state updates should be wrapped into act(...):

act(() => {
  /* fire events that update state */
});
/* assert on the output */

This ensures that you're testing the behavior the user would see in the browser. Learn more at https://reactjs.org/link/wrap-tests-with-act
    at AccountForm (C:/Users/Admin/graceful_books/src/components/accounts/AccountForm.tsx:36:3)
Warning: An update to AccountForm inside a test was not wrapped in act(...).

When testing, code that causes React state updates should be wrapped into act(...):

act(() => {
  /* fire events that update state */
});
/* assert on the output */

This ensures that you're testing the behavior the user would see in the browser. Learn more at https://reactjs.org/link/wrap-tests-with-act
    at AccountForm (C:/Users/Admin/graceful_books/src/components/accounts/AccountForm.tsx:36:3)

[90mstderr[2m | src/pages/auth/Signup.test.tsx[2m > [22m[2mSignup Page with Charity Selection[2m > [22m[2mcharity selection step[2m > [22m[2mshould enable Create Account button when charity is selected
[22m[39mWarning: An update to Signup inside a test was not wrapped in act(...).

When testing, code that causes React state updates should be wrapped into act(...):

act(() => {
  /* fire events that update state */
});
/* assert on the output */

This ensures that you're testing the behavior the user would see in the browser. Learn more at https://reactjs.org/link/wrap-tests-with-act
    at Signup (C:/Users/Admin/graceful_books/src/pages/auth/Signup.tsx:8:61)
    at Router (C:\Users\Admin\graceful_books\node_modules\react-router\dist\umd\react-router.development.js:1207:17)
    at BrowserRouter (C:\Users\Admin\graceful_books\node_modules\react-router-dom\dist\umd\react-router-dom.development.js:695:7)

[90mstderr[2m | src/pages/auth/Signup.test.tsx[2m > [22m[2mSignup Page with Charity Selection[2m > [22m[2mcharity selection step[2m > [22m[2mshould enable Create Account button when charity is selected
[22m[39mWarning: An update to Signup inside a test was not wrapped in act(...).

When testing, code that causes React state updates should be wrapped into act(...):

act(() => {
  /* fire events that update state */
});
/* assert on the output */

This ensures that you're testing the behavior the user would see in the browser. Learn more at https://reactjs.org/link/wrap-tests-with-act
    at Signup (C:/Users/Admin/graceful_books/src/pages/auth/Signup.tsx:8:61)
    at Router (C:\Users\Admin\graceful_books\node_modules\react-router\dist\umd\react-router.development.js:1207:17)
    at BrowserRouter (C:\Users\Admin\graceful_books\node_modules\react-router-dom\dist\umd\react-router-dom.development.js:695:7)

[90mstderr[2m | src/components/accounts/AccountForm.test.tsx[2m > [22m[2mAccountForm Component[2m > [22m[2mvalidation[2m > [22m[2mshould accept valid account number
[22m[39mWarning: An update to AccountForm inside a test was not wrapped in act(...).

When testing, code that causes React state updates should be wrapped into act(...):

act(() => {
  /* fire events that update state */
});
/* assert on the output */

This ensures that you're testing the behavior the user would see in the browser. Learn more at https://reactjs.org/link/wrap-tests-with-act
    at AccountForm (C:/Users/Admin/graceful_books/src/components/accounts/AccountForm.tsx:36:3)
Warning: An update to AccountForm inside a test was not wrapped in act(...).

When testing, code that causes React state updates should be wrapped into act(...):

act(() => {
  /* fire events that update state */
});
/* assert on the output */

This ensures that you're testing the behavior the user would see in the browser. Learn more at https://reactjs.org/link/wrap-tests-with-act
    at AccountForm (C:/Users/Admin/graceful_books/src/components/accounts/AccountForm.tsx:36:3)
Warning: An update to AccountForm inside a test was not wrapped in act(...).

When testing, code that causes React state updates should be wrapped into act(...):

act(() => {
  /* fire events that update state */
});
/* assert on the output */

This ensures that you're testing the behavior the user would see in the browser. Learn more at https://reactjs.org/link/wrap-tests-with-act
    at AccountForm (C:/Users/Admin/graceful_books/src/components/accounts/AccountForm.tsx:36:3)

[90mstderr[2m | src/components/accounts/AccountForm.test.tsx[2m > [22m[2mAccountForm Component[2m > [22m[2mvalidation[2m > [22m[2mshould accept valid account number
[22m[39mWarning: An update to AccountForm inside a test was not wrapped in act(...).

When testing, code that causes React state updates should be wrapped into act(...):

act(() => {
  /* fire events that update state */
});
/* assert on the output */

This ensures that you're testing the behavior the user would see in the browser. Learn more at https://reactjs.org/link/wrap-tests-with-act
    at AccountForm (C:/Users/Admin/graceful_books/src/components/accounts/AccountForm.tsx:36:3)
Warning: An update to AccountForm inside a test was not wrapped in act(...).

When testing, code that causes React state updates should be wrapped into act(...):

act(() => {
  /* fire events that update state */
});
/* assert on the output */

This ensures that you're testing the behavior the user would see in the browser. Learn more at https://reactjs.org/link/wrap-tests-with-act
    at AccountForm (C:/Users/Admin/graceful_books/src/components/accounts/AccountForm.tsx:36:3)
Warning: An update to AccountForm inside a test was not wrapped in act(...).

When testing, code that causes React state updates should be wrapped into act(...):

act(() => {
  /* fire events that update state */
});
/* assert on the output */

This ensures that you're testing the behavior the user would see in the browser. Learn more at https://reactjs.org/link/wrap-tests-with-act
    at AccountForm (C:/Users/Admin/graceful_books/src/components/accounts/AccountForm.tsx:36:3)

[90mstderr[2m | src/pages/auth/Signup.test.tsx[2m > [22m[2mSignup Page with Charity Selection[2m > [22m[2mcharity selection step[2m > [22m[2mshould enable Create Account button when charity is selected
[22m[39mWarning: An update to Signup inside a test was not wrapped in act(...).

When testing, code that causes React state updates should be wrapped into act(...):

act(() => {
  /* fire events that update state */
});
/* assert on the output */

This ensures that you're testing the behavior the user would see in the browser. Learn more at https://reactjs.org/link/wrap-tests-with-act
    at Signup (C:/Users/Admin/graceful_books/src/pages/auth/Signup.tsx:8:61)
    at Router (C:\Users\Admin\graceful_books\node_modules\react-router\dist\umd\react-router.development.js:1207:17)
    at BrowserRouter (C:\Users\Admin\graceful_books\node_modules\react-router-dom\dist\umd\react-router-dom.development.js:695:7)

[90mstderr[2m | src/pages/auth/Signup.test.tsx[2m > [22m[2mSignup Page with Charity Selection[2m > [22m[2mcharity selection step[2m > [22m[2mshould enable Create Account button when charity is selected
[22m[39mWarning: An update to Signup inside a test was not wrapped in act(...).

When testing, code that causes React state updates should be wrapped into act(...):

act(() => {
  /* fire events that update state */
});
/* assert on the output */

This ensures that you're testing the behavior the user would see in the browser. Learn more at https://reactjs.org/link/wrap-tests-with-act
    at Signup (C:/Users/Admin/graceful_books/src/pages/auth/Signup.tsx:8:61)
    at Router (C:\Users\Admin\graceful_books\node_modules\react-router\dist\umd\react-router.development.js:1207:17)
    at BrowserRouter (C:\Users\Admin\graceful_books\node_modules\react-router-dom\dist\umd\react-router-dom.development.js:695:7)

[90mstderr[2m | src/components/accounts/AccountForm.test.tsx[2m > [22m[2mAccountForm Component[2m > [22m[2mvalidation[2m > [22m[2mshould accept valid account number
[22m[39mWarning: An update to AccountForm inside a test was not wrapped in act(...).

When testing, code that causes React state updates should be wrapped into act(...):

act(() => {
  /* fire events that update state */
});
/* assert on the output */

This ensures that you're testing the behavior the user would see in the browser. Learn more at https://reactjs.org/link/wrap-tests-with-act
    at AccountForm (C:/Users/Admin/graceful_books/src/components/accounts/AccountForm.tsx:36:3)
Warning: An update to AccountForm inside a test was not wrapped in act(...).

When testing, code that causes React state updates should be wrapped into act(...):

act(() => {
  /* fire events that update state */
});
/* assert on the output */

This ensures that you're testing the behavior the user would see in the browser. Learn more at https://reactjs.org/link/wrap-tests-with-act
    at AccountForm (C:/Users/Admin/graceful_books/src/components/accounts/AccountForm.tsx:36:3)
Warning: An update to AccountForm inside a test was not wrapped in act(...).

When testing, code that causes React state updates should be wrapped into act(...):

act(() => {
  /* fire events that update state */
});
/* assert on the output */

This ensures that you're testing the behavior the user would see in the browser. Learn more at https://reactjs.org/link/wrap-tests-with-act
    at AccountForm (C:/Users/Admin/graceful_books/src/components/accounts/AccountForm.tsx:36:3)

[90mstderr[2m | src/components/customers/CustomerForm.test.tsx[2m > [22m[2mCustomerForm Component[2m > [22m[2mvalidation[2m > [22m[2mshould validate email format
[22m[39mWarning: An update to CustomerForm inside a test was not wrapped in act(...).

When testing, code that causes React state updates should be wrapped into act(...):

act(() => {
  /* fire events that update state */
});
/* assert on the output */

This ensures that you're testing the behavior the user would see in the browser. Learn more at https://reactjs.org/link/wrap-tests-with-act
    at CustomerForm (C:/Users/Admin/graceful_books/src/components/customers/CustomerForm.tsx:57:3)
Warning: An update to CustomerForm inside a test was not wrapped in act(...).

When testing, code that causes React state updates should be wrapped into act(...):

act(() => {
  /* fire events that update state */
});
/* assert on the output */

This ensures that you're testing the behavior the user would see in the browser. Learn more at https://reactjs.org/link/wrap-tests-with-act
    at CustomerForm (C:/Users/Admin/graceful_books/src/components/customers/CustomerForm.tsx:57:3)
Warning: An update to CustomerForm inside a test was not wrapped in act(...).

When testing, code that causes React state updates should be wrapped into act(...):

act(() => {
  /* fire events that update state */
});
/* assert on the output */

This ensures that you're testing the behavior the user would see in the browser. Learn more at https://reactjs.org/link/wrap-tests-with-act
    at CustomerForm (C:/Users/Admin/graceful_books/src/components/customers/CustomerForm.tsx:57:3)

[90mstderr[2m | src/pages/auth/Signup.test.tsx[2m > [22m[2mSignup Page with Charity Selection[2m > [22m[2mcharity selection step[2m > [22m[2mshould enable Create Account button when charity is selected
[22m[39mWarning: An update to Signup inside a test was not wrapped in act(...).

When testing, code that causes React state updates should be wrapped into act(...):

act(() => {
  /* fire events that update state */
});
/* assert on the output */

This ensures that you're testing the behavior the user would see in the browser. Learn more at https://reactjs.org/link/wrap-tests-with-act
    at Signup (C:/Users/Admin/graceful_books/src/pages/auth/Signup.tsx:8:61)
    at Router (C:\Users\Admin\graceful_books\node_modules\react-router\dist\umd\react-router.development.js:1207:17)
    at BrowserRouter (C:\Users\Admin\graceful_books\node_modules\react-router-dom\dist\umd\react-router-dom.development.js:695:7)

[90mstderr[2m | src/components/accounts/AccountForm.test.tsx[2m > [22m[2mAccountForm Component[2m > [22m[2mvalidation[2m > [22m[2mshould accept valid account number
[22m[39mWarning: An update to AccountForm inside a test was not wrapped in act(...).

When testing, code that causes React state updates should be wrapped into act(...):

act(() => {
  /* fire events that update state */
});
/* assert on the output */

This ensures that you're testing the behavior the user would see in the browser. Learn more at https://reactjs.org/link/wrap-tests-with-act
    at AccountForm (C:/Users/Admin/graceful_books/src/components/accounts/AccountForm.tsx:36:3)
Warning: An update to AccountForm inside a test was not wrapped in act(...).

When testing, code that causes React state updates should be wrapped into act(...):

act(() => {
  /* fire events that update state */
});
/* assert on the output */

This ensures that you're testing the behavior the user would see in the browser. Learn more at https://reactjs.org/link/wrap-tests-with-act
    at AccountForm (C:/Users/Admin/graceful_books/src/components/accounts/AccountForm.tsx:36:3)
Warning: An update to AccountForm inside a test was not wrapped in act(...).

When testing, code that causes React state updates should be wrapped into act(...):

act(() => {
  /* fire events that update state */
});
/* assert on the output */

This ensures that you're testing the behavior the user would see in the browser. Learn more at https://reactjs.org/link/wrap-tests-with-act
    at AccountForm (C:/Users/Admin/graceful_books/src/components/accounts/AccountForm.tsx:36:3)

[90mstderr[2m | src/pages/auth/Signup.test.tsx[2m > [22m[2mSignup Page with Charity Selection[2m > [22m[2mcharity selection step[2m > [22m[2mshould enable Create Account button when charity is selected
[22m[39mWarning: An update to Signup inside a test was not wrapped in act(...).

When testing, code that causes React state updates should be wrapped into act(...):

act(() => {
  /* fire events that update state */
});
/* assert on the output */

This ensures that you're testing the behavior the user would see in the browser. Learn more at https://reactjs.org/link/wrap-tests-with-act
    at Signup (C:/Users/Admin/graceful_books/src/pages/auth/Signup.tsx:8:61)
    at Router (C:\Users\Admin\graceful_books\node_modules\react-router\dist\umd\react-router.development.js:1207:17)
    at BrowserRouter (C:\Users\Admin\graceful_books\node_modules\react-router-dom\dist\umd\react-router-dom.development.js:695:7)

[90mstderr[2m | src/components/customers/CustomerForm.test.tsx[2m > [22m[2mCustomerForm Component[2m > [22m[2mvalidation[2m > [22m[2mshould validate email format
[22m[39mWarning: An update to CustomerForm inside a test was not wrapped in act(...).

When testing, code that causes React state updates should be wrapped into act(...):

act(() => {
  /* fire events that update state */
});
/* assert on the output */

This ensures that you're testing the behavior the user would see in the browser. Learn more at https://reactjs.org/link/wrap-tests-with-act
    at CustomerForm (C:/Users/Admin/graceful_books/src/components/customers/CustomerForm.tsx:57:3)
Warning: An update to CustomerForm inside a test was not wrapped in act(...).

When testing, code that causes React state updates should be wrapped into act(...):

act(() => {
  /* fire events that update state */
});
/* assert on the output */

This ensures that you're testing the behavior the user would see in the browser. Learn more at https://reactjs.org/link/wrap-tests-with-act
    at CustomerForm (C:/Users/Admin/graceful_books/src/components/customers/CustomerForm.tsx:57:3)
Warning: An update to CustomerForm inside a test was not wrapped in act(...).

When testing, code that causes React state updates should be wrapped into act(...):

act(() => {
  /* fire events that update state */
});
/* assert on the output */

This ensures that you're testing the behavior the user would see in the browser. Learn more at https://reactjs.org/link/wrap-tests-with-act
    at CustomerForm (C:/Users/Admin/graceful_books/src/components/customers/CustomerForm.tsx:57:3)

[90mstderr[2m | src/components/accounts/AccountForm.test.tsx[2m > [22m[2mAccountForm Component[2m > [22m[2mvalidation[2m > [22m[2mshould accept valid account number
[22m[39mWarning: An update to AccountForm inside a test was not wrapped in act(...).

When testing, code that causes React state updates should be wrapped into act(...):

act(() => {
  /* fire events that update state */
});
/* assert on the output */

This ensures that you're testing the behavior the user would see in the browser. Learn more at https://reactjs.org/link/wrap-tests-with-act
    at AccountForm (C:/Users/Admin/graceful_books/src/components/accounts/AccountForm.tsx:36:3)
Warning: An update to AccountForm inside a test was not wrapped in act(...).

When testing, code that causes React state updates should be wrapped into act(...):

act(() => {
  /* fire events that update state */
});
/* assert on the output */

This ensures that you're testing the behavior the user would see in the browser. Learn more at https://reactjs.org/link/wrap-tests-with-act
    at AccountForm (C:/Users/Admin/graceful_books/src/components/accounts/AccountForm.tsx:36:3)
Warning: An update to AccountForm inside a test was not wrapped in act(...).

When testing, code that causes React state updates should be wrapped into act(...):

act(() => {
  /* fire events that update state */
});
/* assert on the output */

This ensures that you're testing the behavior the user would see in the browser. Learn more at https://reactjs.org/link/wrap-tests-with-act
    at AccountForm (C:/Users/Admin/graceful_books/src/components/accounts/AccountForm.tsx:36:3)

[90mstderr[2m | src/components/customers/CustomerForm.test.tsx[2m > [22m[2mCustomerForm Component[2m > [22m[2mvalidation[2m > [22m[2mshould validate email format
[22m[39mWarning: An update to CustomerForm inside a test was not wrapped in act(...).

When testing, code that causes React state updates should be wrapped into act(...):

act(() => {
  /* fire events that update state */
});
/* assert on the output */

This ensures that you're testing the behavior the user would see in the browser. Learn more at https://reactjs.org/link/wrap-tests-with-act
    at CustomerForm (C:/Users/Admin/graceful_books/src/components/customers/CustomerForm.tsx:57:3)
Warning: An update to CustomerForm inside a test was not wrapped in act(...).

When testing, code that causes React state updates should be wrapped into act(...):

act(() => {
  /* fire events that update state */
});
/* assert on the output */

This ensures that you're testing the behavior the user would see in the browser. Learn more at https://reactjs.org/link/wrap-tests-with-act
    at CustomerForm (C:/Users/Admin/graceful_books/src/components/customers/CustomerForm.tsx:57:3)
Warning: An update to CustomerForm inside a test was not wrapped in act(...).

When testing, code that causes React state updates should be wrapped into act(...):

act(() => {
  /* fire events that update state */
});
/* assert on the output */

This ensures that you're testing the behavior the user would see in the browser. Learn more at https://reactjs.org/link/wrap-tests-with-act
    at CustomerForm (C:/Users/Admin/graceful_books/src/components/customers/CustomerForm.tsx:57:3)

[90mstderr[2m | src/pages/auth/Signup.test.tsx[2m > [22m[2mSignup Page with Charity Selection[2m > [22m[2mcharity selection step[2m > [22m[2mshould enable Create Account button when charity is selected
[22m[39mWarning: An update to Signup inside a test was not wrapped in act(...).

When testing, code that causes React state updates should be wrapped into act(...):

act(() => {
  /* fire events that update state */
});
/* assert on the output */

This ensures that you're testing the behavior the user would see in the browser. Learn more at https://reactjs.org/link/wrap-tests-with-act
    at Signup (C:/Users/Admin/graceful_books/src/pages/auth/Signup.tsx:8:61)
    at Router (C:\Users\Admin\graceful_books\node_modules\react-router\dist\umd\react-router.development.js:1207:17)
    at BrowserRouter (C:\Users\Admin\graceful_books\node_modules\react-router-dom\dist\umd\react-router-dom.development.js:695:7)

[90mstderr[2m | src/components/customers/CustomerForm.test.tsx[2m > [22m[2mCustomerForm Component[2m > [22m[2mvalidation[2m > [22m[2mshould validate email format
[22m[39mWarning: An update to CustomerForm inside a test was not wrapped in act(...).

When testing, code that causes React state updates should be wrapped into act(...):

act(() => {
  /* fire events that update state */
});
/* assert on the output */

This ensures that you're testing the behavior the user would see in the browser. Learn more at https://reactjs.org/link/wrap-tests-with-act
    at CustomerForm (C:/Users/Admin/graceful_books/src/components/customers/CustomerForm.tsx:57:3)
Warning: An update to CustomerForm inside a test was not wrapped in act(...).

When testing, code that causes React state updates should be wrapped into act(...):

act(() => {
  /* fire events that update state */
});
/* assert on the output */

This ensures that you're testing the behavior the user would see in the browser. Learn more at https://reactjs.org/link/wrap-tests-with-act
    at CustomerForm (C:/Users/Admin/graceful_books/src/components/customers/CustomerForm.tsx:57:3)
Warning: An update to CustomerForm inside a test was not wrapped in act(...).

When testing, code that causes React state updates should be wrapped into act(...):

act(() => {
  /* fire events that update state */
});
/* assert on the output */

This ensures that you're testing the behavior the user would see in the browser. Learn more at https://reactjs.org/link/wrap-tests-with-act
    at CustomerForm (C:/Users/Admin/graceful_books/src/components/customers/CustomerForm.tsx:57:3)

[90mstderr[2m | src/pages/auth/Signup.test.tsx[2m > [22m[2mSignup Page with Charity Selection[2m > [22m[2mcharity selection step[2m > [22m[2mshould enable Create Account button when charity is selected
[22m[39mWarning: An update to Signup inside a test was not wrapped in act(...).

When testing, code that causes React state updates should be wrapped into act(...):

act(() => {
  /* fire events that update state */
});
/* assert on the output */

This ensures that you're testing the behavior the user would see in the browser. Learn more at https://reactjs.org/link/wrap-tests-with-act
    at Signup (C:/Users/Admin/graceful_books/src/pages/auth/Signup.tsx:8:61)
    at Router (C:\Users\Admin\graceful_books\node_modules\react-router\dist\umd\react-router.development.js:1207:17)
    at BrowserRouter (C:\Users\Admin\graceful_books\node_modules\react-router-dom\dist\umd\react-router-dom.development.js:695:7)

[90mstderr[2m | src/components/customers/CustomerForm.test.tsx[2m > [22m[2mCustomerForm Component[2m > [22m[2mvalidation[2m > [22m[2mshould validate email format
[22m[39mWarning: An update to CustomerForm inside a test was not wrapped in act(...).

When testing, code that causes React state updates should be wrapped into act(...):

act(() => {
  /* fire events that update state */
});
/* assert on the output */

This ensures that you're testing the behavior the user would see in the browser. Learn more at https://reactjs.org/link/wrap-tests-with-act
    at CustomerForm (C:/Users/Admin/graceful_books/src/components/customers/CustomerForm.tsx:57:3)
Warning: An update to CustomerForm inside a test was not wrapped in act(...).

When testing, code that causes React state updates should be wrapped into act(...):

act(() => {
  /* fire events that update state */
});
/* assert on the output */

This ensures that you're testing the behavior the user would see in the browser. Learn more at https://reactjs.org/link/wrap-tests-with-act
    at CustomerForm (C:/Users/Admin/graceful_books/src/components/customers/CustomerForm.tsx:57:3)
Warning: An update to CustomerForm inside a test was not wrapped in act(...).

When testing, code that causes React state updates should be wrapped into act(...):

act(() => {
  /* fire events that update state */
});
/* assert on the output */

This ensures that you're testing the behavior the user would see in the browser. Learn more at https://reactjs.org/link/wrap-tests-with-act
    at CustomerForm (C:/Users/Admin/graceful_books/src/components/customers/CustomerForm.tsx:57:3)

[90mstderr[2m | src/components/customers/CustomerForm.test.tsx[2m > [22m[2mCustomerForm Component[2m > [22m[2mvalidation[2m > [22m[2mshould validate email format
[22m[39mWarning: An update to CustomerForm inside a test was not wrapped in act(...).

When testing, code that causes React state updates should be wrapped into act(...):

act(() => {
  /* fire events that update state */
});
/* assert on the output */

This ensures that you're testing the behavior the user would see in the browser. Learn more at https://reactjs.org/link/wrap-tests-with-act
    at CustomerForm (C:/Users/Admin/graceful_books/src/components/customers/CustomerForm.tsx:57:3)
Warning: An update to CustomerForm inside a test was not wrapped in act(...).

When testing, code that causes React state updates should be wrapped into act(...):

act(() => {
  /* fire events that update state */
});
/* assert on the output */

This ensures that you're testing the behavior the user would see in the browser. Learn more at https://reactjs.org/link/wrap-tests-with-act
    at CustomerForm (C:/Users/Admin/graceful_books/src/components/customers/CustomerForm.tsx:57:3)
Warning: An update to CustomerForm inside a test was not wrapped in act(...).

When testing, code that causes React state updates should be wrapped into act(...):

act(() => {
  /* fire events that update state */
});
/* assert on the output */

This ensures that you're testing the behavior the user would see in the browser. Learn more at https://reactjs.org/link/wrap-tests-with-act
    at CustomerForm (C:/Users/Admin/graceful_books/src/components/customers/CustomerForm.tsx:57:3)

[90mstderr[2m | src/pages/auth/Signup.test.tsx[2m > [22m[2mSignup Page with Charity Selection[2m > [22m[2mcharity selection step[2m > [22m[2mshould enable Create Account button when charity is selected
[22m[39mWarning: An update to Signup inside a test was not wrapped in act(...).

When testing, code that causes React state updates should be wrapped into act(...):

act(() => {
  /* fire events that update state */
});
/* assert on the output */

This ensures that you're testing the behavior the user would see in the browser. Learn more at https://reactjs.org/link/wrap-tests-with-act
    at Signup (C:/Users/Admin/graceful_books/src/pages/auth/Signup.tsx:8:61)
    at Router (C:\Users\Admin\graceful_books\node_modules\react-router\dist\umd\react-router.development.js:1207:17)
    at BrowserRouter (C:\Users\Admin\graceful_books\node_modules\react-router-dom\dist\umd\react-router-dom.development.js:695:7)

[90mstderr[2m | src/components/customers/CustomerForm.test.tsx[2m > [22m[2mCustomerForm Component[2m > [22m[2mvalidation[2m > [22m[2mshould validate email format
[22m[39mWarning: An update to CustomerForm inside a test was not wrapped in act(...).

When testing, code that causes React state updates should be wrapped into act(...):

act(() => {
  /* fire events that update state */
});
/* assert on the output */

This ensures that you're testing the behavior the user would see in the browser. Learn more at https://reactjs.org/link/wrap-tests-with-act
    at CustomerForm (C:/Users/Admin/graceful_books/src/components/customers/CustomerForm.tsx:57:3)
Warning: An update to CustomerForm inside a test was not wrapped in act(...).

When testing, code that causes React state updates should be wrapped into act(...):

act(() => {
  /* fire events that update state */
});
/* assert on the output */

This ensures that you're testing the behavior the user would see in the browser. Learn more at https://reactjs.org/link/wrap-tests-with-act
    at CustomerForm (C:/Users/Admin/graceful_books/src/components/customers/CustomerForm.tsx:57:3)
Warning: An update to CustomerForm inside a test was not wrapped in act(...).

When testing, code that causes React state updates should be wrapped into act(...):

act(() => {
  /* fire events that update state */
});
/* assert on the output */

This ensures that you're testing the behavior the user would see in the browser. Learn more at https://reactjs.org/link/wrap-tests-with-act
    at CustomerForm (C:/Users/Admin/graceful_books/src/components/customers/CustomerForm.tsx:57:3)

[90mstderr[2m | src/components/customers/CustomerForm.test.tsx[2m > [22m[2mCustomerForm Component[2m > [22m[2mvalidation[2m > [22m[2mshould validate email format
[22m[39mWarning: An update to CustomerForm inside a test was not wrapped in act(...).

When testing, code that causes React state updates should be wrapped into act(...):

act(() => {
  /* fire events that update state */
});
/* assert on the output */

This ensures that you're testing the behavior the user would see in the browser. Learn more at https://reactjs.org/link/wrap-tests-with-act
    at CustomerForm (C:/Users/Admin/graceful_books/src/components/customers/CustomerForm.tsx:57:3)
Warning: An update to CustomerForm inside a test was not wrapped in act(...).

When testing, code that causes React state updates should be wrapped into act(...):

act(() => {
  /* fire events that update state */
});
/* assert on the output */

This ensures that you're testing the behavior the user would see in the browser. Learn more at https://reactjs.org/link/wrap-tests-with-act
    at CustomerForm (C:/Users/Admin/graceful_books/src/components/customers/CustomerForm.tsx:57:3)
Warning: An update to CustomerForm inside a test was not wrapped in act(...).

When testing, code that causes React state updates should be wrapped into act(...):

act(() => {
  /* fire events that update state */
});
/* assert on the output */

This ensures that you're testing the behavior the user would see in the browser. Learn more at https://reactjs.org/link/wrap-tests-with-act
    at CustomerForm (C:/Users/Admin/graceful_books/src/components/customers/CustomerForm.tsx:57:3)

[90mstderr[2m | src/pages/auth/Signup.test.tsx[2m > [22m[2mSignup Page with Charity Selection[2m > [22m[2mcharity selection step[2m > [22m[2mshould enable Create Account button when charity is selected
[22m[39mWarning: An update to Signup inside a test was not wrapped in act(...).

When testing, code that causes React state updates should be wrapped into act(...):

act(() => {
  /* fire events that update state */
});
/* assert on the output */

This ensures that you're testing the behavior the user would see in the browser. Learn more at https://reactjs.org/link/wrap-tests-with-act
    at Signup (C:/Users/Admin/graceful_books/src/pages/auth/Signup.tsx:8:61)
    at Router (C:\Users\Admin\graceful_books\node_modules\react-router\dist\umd\react-router.development.js:1207:17)
    at BrowserRouter (C:\Users\Admin\graceful_books\node_modules\react-router-dom\dist\umd\react-router-dom.development.js:695:7)

[90mstderr[2m | src/components/customers/CustomerForm.test.tsx[2m > [22m[2mCustomerForm Component[2m > [22m[2mvalidation[2m > [22m[2mshould validate email format
[22m[39mWarning: An update to CustomerForm inside a test was not wrapped in act(...).

When testing, code that causes React state updates should be wrapped into act(...):

act(() => {
  /* fire events that update state */
});
/* assert on the output */

This ensures that you're testing the behavior the user would see in the browser. Learn more at https://reactjs.org/link/wrap-tests-with-act
    at CustomerForm (C:/Users/Admin/graceful_books/src/components/customers/CustomerForm.tsx:57:3)
Warning: An update to CustomerForm inside a test was not wrapped in act(...).

When testing, code that causes React state updates should be wrapped into act(...):

act(() => {
  /* fire events that update state */
});
/* assert on the output */

This ensures that you're testing the behavior the user would see in the browser. Learn more at https://reactjs.org/link/wrap-tests-with-act
    at CustomerForm (C:/Users/Admin/graceful_books/src/components/customers/CustomerForm.tsx:57:3)
Warning: An update to CustomerForm inside a test was not wrapped in act(...).

When testing, code that causes React state updates should be wrapped into act(...):

act(() => {
  /* fire events that update state */
});
/* assert on the output */

This ensures that you're testing the behavior the user would see in the browser. Learn more at https://reactjs.org/link/wrap-tests-with-act
    at CustomerForm (C:/Users/Admin/graceful_books/src/components/customers/CustomerForm.tsx:57:3)

[90mstderr[2m | src/components/accounts/AccountForm.test.tsx[2m > [22m[2mAccountForm Component[2m > [22m[2mvalidation[2m > [22m[2mshould accept valid account number
[22m[39mWarning: An update to AccountForm inside a test was not wrapped in act(...).

When testing, code that causes React state updates should be wrapped into act(...):

act(() => {
  /* fire events that update state */
});
/* assert on the output */

This ensures that you're testing the behavior the user would see in the browser. Learn more at https://reactjs.org/link/wrap-tests-with-act
    at AccountForm (C:/Users/Admin/graceful_books/src/components/accounts/AccountForm.tsx:36:3)
Warning: An update to AccountForm inside a test was not wrapped in act(...).

When testing, code that causes React state updates should be wrapped into act(...):

act(() => {
  /* fire events that update state */
});
/* assert on the output */

This ensures that you're testing the behavior the user would see in the browser. Learn more at https://reactjs.org/link/wrap-tests-with-act
    at AccountForm (C:/Users/Admin/graceful_books/src/components/accounts/AccountForm.tsx:36:3)
Warning: An update to AccountForm inside a test was not wrapped in act(...).

When testing, code that causes React state updates should be wrapped into act(...):

act(() => {
  /* fire events that update state */
});
/* assert on the output */

This ensures that you're testing the behavior the user would see in the browser. Learn more at https://reactjs.org/link/wrap-tests-with-act
    at AccountForm (C:/Users/Admin/graceful_books/src/components/accounts/AccountForm.tsx:36:3)

[90mstderr[2m | src/pages/auth/Signup.test.tsx[2m > [22m[2mSignup Page with Charity Selection[2m > [22m[2mcharity selection step[2m > [22m[2mshould enable Create Account button when charity is selected
[22m[39mWarning: An update to Signup inside a test was not wrapped in act(...).

When testing, code that causes React state updates should be wrapped into act(...):

act(() => {
  /* fire events that update state */
});
/* assert on the output */

This ensures that you're testing the behavior the user would see in the browser. Learn more at https://reactjs.org/link/wrap-tests-with-act
    at Signup (C:/Users/Admin/graceful_books/src/pages/auth/Signup.tsx:8:61)
    at Router (C:\Users\Admin\graceful_books\node_modules\react-router\dist\umd\react-router.development.js:1207:17)
    at BrowserRouter (C:\Users\Admin\graceful_books\node_modules\react-router-dom\dist\umd\react-router-dom.development.js:695:7)

[90mstderr[2m | src/components/customers/CustomerForm.test.tsx[2m > [22m[2mCustomerForm Component[2m > [22m[2mvalidation[2m > [22m[2mshould validate email format
[22m[39mWarning: An update to CustomerForm inside a test was not wrapped in act(...).

When testing, code that causes React state updates should be wrapped into act(...):

act(() => {
  /* fire events that update state */
});
/* assert on the output */

This ensures that you're testing the behavior the user would see in the browser. Learn more at https://reactjs.org/link/wrap-tests-with-act
    at CustomerForm (C:/Users/Admin/graceful_books/src/components/customers/CustomerForm.tsx:57:3)
Warning: An update to CustomerForm inside a test was not wrapped in act(...).

When testing, code that causes React state updates should be wrapped into act(...):

act(() => {
  /* fire events that update state */
});
/* assert on the output */

This ensures that you're testing the behavior the user would see in the browser. Learn more at https://reactjs.org/link/wrap-tests-with-act
    at CustomerForm (C:/Users/Admin/graceful_books/src/components/customers/CustomerForm.tsx:57:3)
Warning: An update to CustomerForm inside a test was not wrapped in act(...).

When testing, code that causes React state updates should be wrapped into act(...):

act(() => {
  /* fire events that update state */
});
/* assert on the output */

This ensures that you're testing the behavior the user would see in the browser. Learn more at https://reactjs.org/link/wrap-tests-with-act
    at CustomerForm (C:/Users/Admin/graceful_books/src/components/customers/CustomerForm.tsx:57:3)

[90mstderr[2m | src/components/customers/CustomerForm.test.tsx[2m > [22m[2mCustomerForm Component[2m > [22m[2mvalidation[2m > [22m[2mshould validate email format
[22m[39mWarning: An update to CustomerForm inside a test was not wrapped in act(...).

When testing, code that causes React state updates should be wrapped into act(...):

act(() => {
  /* fire events that update state */
});
/* assert on the output */

This ensures that you're testing the behavior the user would see in the browser. Learn more at https://reactjs.org/link/wrap-tests-with-act
    at CustomerForm (C:/Users/Admin/graceful_books/src/components/customers/CustomerForm.tsx:57:3)
Warning: An update to CustomerForm inside a test was not wrapped in act(...).

When testing, code that causes React state updates should be wrapped into act(...):

act(() => {
  /* fire events that update state */
});
/* assert on the output */

This ensures that you're testing the behavior the user would see in the browser. Learn more at https://reactjs.org/link/wrap-tests-with-act
    at CustomerForm (C:/Users/Admin/graceful_books/src/components/customers/CustomerForm.tsx:57:3)
Warning: An update to CustomerForm inside a test was not wrapped in act(...).

When testing, code that causes React state updates should be wrapped into act(...):

act(() => {
  /* fire events that update state */
});
/* assert on the output */

This ensures that you're testing the behavior the user would see in the browser. Learn more at https://reactjs.org/link/wrap-tests-with-act
    at CustomerForm (C:/Users/Admin/graceful_books/src/components/customers/CustomerForm.tsx:57:3)

[90mstderr[2m | src/components/customers/CustomerForm.test.tsx[2m > [22m[2mCustomerForm Component[2m > [22m[2mvalidation[2m > [22m[2mshould validate email format
[22m[39mWarning: An update to CustomerForm inside a test was not wrapped in act(...).

When testing, code that causes React state updates should be wrapped into act(...):

act(() => {
  /* fire events that update state */
});
/* assert on the output */

This ensures that you're testing the behavior the user would see in the browser. Learn more at https://reactjs.org/link/wrap-tests-with-act
    at CustomerForm (C:/Users/Admin/graceful_books/src/components/customers/CustomerForm.tsx:57:3)
Warning: An update to CustomerForm inside a test was not wrapped in act(...).

When testing, code that causes React state updates should be wrapped into act(...):

act(() => {
  /* fire events that update state */
});
/* assert on the output */

This ensures that you're testing the behavior the user would see in the browser. Learn more at https://reactjs.org/link/wrap-tests-with-act
    at CustomerForm (C:/Users/Admin/graceful_books/src/components/customers/CustomerForm.tsx:57:3)
Warning: An update to CustomerForm inside a test was not wrapped in act(...).

When testing, code that causes React state updates should be wrapped into act(...):

act(() => {
  /* fire events that update state */
});
/* assert on the output */

This ensures that you're testing the behavior the user would see in the browser. Learn more at https://reactjs.org/link/wrap-tests-with-act
    at CustomerForm (C:/Users/Admin/graceful_books/src/components/customers/CustomerForm.tsx:57:3)

[90mstderr[2m | src/pages/auth/Signup.test.tsx[2m > [22m[2mSignup Page with Charity Selection[2m > [22m[2mcharity selection step[2m > [22m[2mshould enable Create Account button when charity is selected
[22m[39mWarning: An update to Signup inside a test was not wrapped in act(...).

When testing, code that causes React state updates should be wrapped into act(...):

act(() => {
  /* fire events that update state */
});
/* assert on the output */

This ensures that you're testing the behavior the user would see in the browser. Learn more at https://reactjs.org/link/wrap-tests-with-act
    at Signup (C:/Users/Admin/graceful_books/src/pages/auth/Signup.tsx:8:61)
    at Router (C:\Users\Admin\graceful_books\node_modules\react-router\dist\umd\react-router.development.js:1207:17)
    at BrowserRouter (C:\Users\Admin\graceful_books\node_modules\react-router-dom\dist\umd\react-router-dom.development.js:695:7)

[90mstderr[2m | src/components/customers/CustomerForm.test.tsx[2m > [22m[2mCustomerForm Component[2m > [22m[2mvalidation[2m > [22m[2mshould validate email format
[22m[39mWarning: An update to CustomerForm inside a test was not wrapped in act(...).

When testing, code that causes React state updates should be wrapped into act(...):

act(() => {
  /* fire events that update state */
});
/* assert on the output */

This ensures that you're testing the behavior the user would see in the browser. Learn more at https://reactjs.org/link/wrap-tests-with-act
    at CustomerForm (C:/Users/Admin/graceful_books/src/components/customers/CustomerForm.tsx:57:3)
Warning: An update to CustomerForm inside a test was not wrapped in act(...).

When testing, code that causes React state updates should be wrapped into act(...):

act(() => {
  /* fire events that update state */
});
/* assert on the output */

This ensures that you're testing the behavior the user would see in the browser. Learn more at https://reactjs.org/link/wrap-tests-with-act
    at CustomerForm (C:/Users/Admin/graceful_books/src/components/customers/CustomerForm.tsx:57:3)
Warning: An update to CustomerForm inside a test was not wrapped in act(...).

When testing, code that causes React state updates should be wrapped into act(...):

act(() => {
  /* fire events that update state */
});
/* assert on the output */

This ensures that you're testing the behavior the user would see in the browser. Learn more at https://reactjs.org/link/wrap-tests-with-act
    at CustomerForm (C:/Users/Admin/graceful_books/src/components/customers/CustomerForm.tsx:57:3)

[90mstderr[2m | src/pages/auth/Signup.test.tsx[2m > [22m[2mSignup Page with Charity Selection[2m > [22m[2mcharity selection step[2m > [22m[2mshould enable Create Account button when charity is selected
[22m[39mWarning: An update to Signup inside a test was not wrapped in act(...).

When testing, code that causes React state updates should be wrapped into act(...):

act(() => {
  /* fire events that update state */
});
/* assert on the output */

This ensures that you're testing the behavior the user would see in the browser. Learn more at https://reactjs.org/link/wrap-tests-with-act
    at Signup (C:/Users/Admin/graceful_books/src/pages/auth/Signup.tsx:8:61)
    at Router (C:\Users\Admin\graceful_books\node_modules\react-router\dist\umd\react-router.development.js:1207:17)
    at BrowserRouter (C:\Users\Admin\graceful_books\node_modules\react-router-dom\dist\umd\react-router-dom.development.js:695:7)

[90mstderr[2m | src/components/customers/CustomerForm.test.tsx[2m > [22m[2mCustomerForm Component[2m > [22m[2mvalidation[2m > [22m[2mshould validate email format
[22m[39mWarning: An update to CustomerForm inside a test was not wrapped in act(...).

When testing, code that causes React state updates should be wrapped into act(...):

act(() => {
  /* fire events that update state */
});
/* assert on the output */

This ensures that you're testing the behavior the user would see in the browser. Learn more at https://reactjs.org/link/wrap-tests-with-act
    at CustomerForm (C:/Users/Admin/graceful_books/src/components/customers/CustomerForm.tsx:57:3)
Warning: An update to CustomerForm inside a test was not wrapped in act(...).

When testing, code that causes React state updates should be wrapped into act(...):

act(() => {
  /* fire events that update state */
});
/* assert on the output */

This ensures that you're testing the behavior the user would see in the browser. Learn more at https://reactjs.org/link/wrap-tests-with-act
    at CustomerForm (C:/Users/Admin/graceful_books/src/components/customers/CustomerForm.tsx:57:3)
Warning: An update to CustomerForm inside a test was not wrapped in act(...).

When testing, code that causes React state updates should be wrapped into act(...):

act(() => {
  /* fire events that update state */
});
/* assert on the output */

This ensures that you're testing the behavior the user would see in the browser. Learn more at https://reactjs.org/link/wrap-tests-with-act
    at CustomerForm (C:/Users/Admin/graceful_books/src/components/customers/CustomerForm.tsx:57:3)

[90mstderr[2m | src/pages/auth/Signup.test.tsx[2m > [22m[2mSignup Page with Charity Selection[2m > [22m[2mcharity selection step[2m > [22m[2mshould enable Create Account button when charity is selected
[22m[39mWarning: An update to Signup inside a test was not wrapped in act(...).

When testing, code that causes React state updates should be wrapped into act(...):

act(() => {
  /* fire events that update state */
});
/* assert on the output */

This ensures that you're testing the behavior the user would see in the browser. Learn more at https://reactjs.org/link/wrap-tests-with-act
    at Signup (C:/Users/Admin/graceful_books/src/pages/auth/Signup.tsx:8:61)
    at Router (C:\Users\Admin\graceful_books\node_modules\react-router\dist\umd\react-router.development.js:1207:17)
    at BrowserRouter (C:\Users\Admin\graceful_books\node_modules\react-router-dom\dist\umd\react-router-dom.development.js:695:7)

[90mstderr[2m | src/pages/auth/Signup.test.tsx[2m > [22m[2mSignup Page with Charity Selection[2m > [22m[2mcharity selection step[2m > [22m[2mshould enable Create Account button when charity is selected
[22m[39mWarning: An update to Signup inside a test was not wrapped in act(...).

When testing, code that causes React state updates should be wrapped into act(...):

act(() => {
  /* fire events that update state */
});
/* assert on the output */

This ensures that you're testing the behavior the user would see in the browser. Learn more at https://reactjs.org/link/wrap-tests-with-act
    at Signup (C:/Users/Admin/graceful_books/src/pages/auth/Signup.tsx:8:61)
    at Router (C:\Users\Admin\graceful_books\node_modules\react-router\dist\umd\react-router.development.js:1207:17)
    at BrowserRouter (C:\Users\Admin\graceful_books\node_modules\react-router-dom\dist\umd\react-router-dom.development.js:695:7)

[90mstderr[2m | src/pages/auth/Signup.test.tsx[2m > [22m[2mSignup Page with Charity Selection[2m > [22m[2mcharity selection step[2m > [22m[2mshould enable Create Account button when charity is selected
[22m[39mWarning: An update to Signup inside a test was not wrapped in act(...).

When testing, code that causes React state updates should be wrapped into act(...):

act(() => {
  /* fire events that update state */
});
/* assert on the output */

This ensures that you're testing the behavior the user would see in the browser. Learn more at https://reactjs.org/link/wrap-tests-with-act
    at Signup (C:/Users/Admin/graceful_books/src/pages/auth/Signup.tsx:8:61)
    at Router (C:\Users\Admin\graceful_books\node_modules\react-router\dist\umd\react-router.development.js:1207:17)
    at BrowserRouter (C:\Users\Admin\graceful_books\node_modules\react-router-dom\dist\umd\react-router-dom.development.js:695:7)

[90mstderr[2m | src/pages/auth/Signup.test.tsx[2m > [22m[2mSignup Page with Charity Selection[2m > [22m[2mcharity selection step[2m > [22m[2mshould enable Create Account button when charity is selected
[22m[39mWarning: An update to Signup inside a test was not wrapped in act(...).

When testing, code that causes React state updates should be wrapped into act(...):

act(() => {
  /* fire events that update state */
});
/* assert on the output */

This ensures that you're testing the behavior the user would see in the browser. Learn more at https://reactjs.org/link/wrap-tests-with-act
    at Signup (C:/Users/Admin/graceful_books/src/pages/auth/Signup.tsx:8:61)
    at Router (C:\Users\Admin\graceful_books\node_modules\react-router\dist\umd\react-router.development.js:1207:17)
    at BrowserRouter (C:\Users\Admin\graceful_books\node_modules\react-router-dom\dist\umd\react-router-dom.development.js:695:7)

[90mstderr[2m | src/components/accounts/AccountForm.test.tsx[2m > [22m[2mAccountForm Component[2m > [22m[2mvalidation[2m > [22m[2mshould validate parent account type matches
[22m[39mWarning: An update to AccountForm inside a test was not wrapped in act(...).

When testing, code that causes React state updates should be wrapped into act(...):

act(() => {
  /* fire events that update state */
});
/* assert on the output */

This ensures that you're testing the behavior the user would see in the browser. Learn more at https://reactjs.org/link/wrap-tests-with-act
    at AccountForm (C:/Users/Admin/graceful_books/src/components/accounts/AccountForm.tsx:36:3)
Warning: An update to AccountForm inside a test was not wrapped in act(...).

When testing, code that causes React state updates should be wrapped into act(...):

act(() => {
  /* fire events that update state */
});
/* assert on the output */

This ensures that you're testing the behavior the user would see in the browser. Learn more at https://reactjs.org/link/wrap-tests-with-act
    at AccountForm (C:/Users/Admin/graceful_books/src/components/accounts/AccountForm.tsx:36:3)
Warning: An update to AccountForm inside a test was not wrapped in act(...).

When testing, code that causes React state updates should be wrapped into act(...):

act(() => {
  /* fire events that update state */
});
/* assert on the output */

This ensures that you're testing the behavior the user would see in the browser. Learn more at https://reactjs.org/link/wrap-tests-with-act
    at AccountForm (C:/Users/Admin/graceful_books/src/components/accounts/AccountForm.tsx:36:3)

[90mstderr[2m | src/pages/auth/Signup.test.tsx[2m > [22m[2mSignup Page with Charity Selection[2m > [22m[2mcharity selection step[2m > [22m[2mshould enable Create Account button when charity is selected
[22m[39mWarning: An update to Signup inside a test was not wrapped in act(...).

When testing, code that causes React state updates should be wrapped into act(...):

act(() => {
  /* fire events that update state */
});
/* assert on the output */

This ensures that you're testing the behavior the user would see in the browser. Learn more at https://reactjs.org/link/wrap-tests-with-act
    at Signup (C:/Users/Admin/graceful_books/src/pages/auth/Signup.tsx:8:61)
    at Router (C:\Users\Admin\graceful_books\node_modules\react-router\dist\umd\react-router.development.js:1207:17)
    at BrowserRouter (C:\Users\Admin\graceful_books\node_modules\react-router-dom\dist\umd\react-router-dom.development.js:695:7)

[90mstderr[2m | src/pages/auth/Signup.test.tsx[2m > [22m[2mSignup Page with Charity Selection[2m > [22m[2mcharity selection step[2m > [22m[2mshould enable Create Account button when charity is selected
[22m[39mWarning: An update to Signup inside a test was not wrapped in act(...).

When testing, code that causes React state updates should be wrapped into act(...):

act(() => {
  /* fire events that update state */
});
/* assert on the output */

This ensures that you're testing the behavior the user would see in the browser. Learn more at https://reactjs.org/link/wrap-tests-with-act
    at Signup (C:/Users/Admin/graceful_books/src/pages/auth/Signup.tsx:8:61)
    at Router (C:\Users\Admin\graceful_books\node_modules\react-router\dist\umd\react-router.development.js:1207:17)
    at BrowserRouter (C:\Users\Admin\graceful_books\node_modules\react-router-dom\dist\umd\react-router-dom.development.js:695:7)

[90mstderr[2m | src/pages/auth/Signup.test.tsx[2m > [22m[2mSignup Page with Charity Selection[2m > [22m[2mcharity selection step[2m > [22m[2mshould enable Create Account button when charity is selected
[22m[39mWarning: An update to Signup inside a test was not wrapped in act(...).

When testing, code that causes React state updates should be wrapped into act(...):

act(() => {
  /* fire events that update state */
});
/* assert on the output */

This ensures that you're testing the behavior the user would see in the browser. Learn more at https://reactjs.org/link/wrap-tests-with-act
    at Signup (C:/Users/Admin/graceful_books/src/pages/auth/Signup.tsx:8:61)
    at Router (C:\Users\Admin\graceful_books\node_modules\react-router\dist\umd\react-router.development.js:1207:17)
    at BrowserRouter (C:\Users\Admin\graceful_books\node_modules\react-router-dom\dist\umd\react-router-dom.development.js:695:7)

[90mstderr[2m | src/pages/auth/Signup.test.tsx[2m > [22m[2mSignup Page with Charity Selection[2m > [22m[2mcharity selection step[2m > [22m[2mshould enable Create Account button when charity is selected
[22m[39mWarning: An update to Signup inside a test was not wrapped in act(...).

When testing, code that causes React state updates should be wrapped into act(...):

act(() => {
  /* fire events that update state */
});
/* assert on the output */

This ensures that you're testing the behavior the user would see in the browser. Learn more at https://reactjs.org/link/wrap-tests-with-act
    at Signup (C:/Users/Admin/graceful_books/src/pages/auth/Signup.tsx:8:61)
    at Router (C:\Users\Admin\graceful_books\node_modules\react-router\dist\umd\react-router.development.js:1207:17)
    at BrowserRouter (C:\Users\Admin\graceful_books\node_modules\react-router-dom\dist\umd\react-router-dom.development.js:695:7)

[90mstderr[2m | src/components/customers/CustomerForm.test.tsx[2m > [22m[2mCustomerForm Component[2m > [22m[2mvalidation[2m > [22m[2mshould accept valid email format
[22m[39mWarning: An update to CustomerForm inside a test was not wrapped in act(...).

When testing, code that causes React state updates should be wrapped into act(...):

act(() => {
  /* fire events that update state */
});
/* assert on the output */

This ensures that you're testing the behavior the user would see in the browser. Learn more at https://reactjs.org/link/wrap-tests-with-act
    at CustomerForm (C:/Users/Admin/graceful_books/src/components/customers/CustomerForm.tsx:57:3)
Warning: An update to CustomerForm inside a test was not wrapped in act(...).

When testing, code that causes React state updates should be wrapped into act(...):

act(() => {
  /* fire events that update state */
});
/* assert on the output */

This ensures that you're testing the behavior the user would see in the browser. Learn more at https://reactjs.org/link/wrap-tests-with-act
    at CustomerForm (C:/Users/Admin/graceful_books/src/components/customers/CustomerForm.tsx:57:3)
Warning: An update to CustomerForm inside a test was not wrapped in act(...).

When testing, code that causes React state updates should be wrapped into act(...):

act(() => {
  /* fire events that update state */
});
/* assert on the output */

This ensures that you're testing the behavior the user would see in the browser. Learn more at https://reactjs.org/link/wrap-tests-with-act
    at CustomerForm (C:/Users/Admin/graceful_books/src/components/customers/CustomerForm.tsx:57:3)

[90mstderr[2m | src/components/customers/CustomerForm.test.tsx[2m > [22m[2mCustomerForm Component[2m > [22m[2mvalidation[2m > [22m[2mshould accept valid email format
[22m[39mWarning: An update to CustomerForm inside a test was not wrapped in act(...).

When testing, code that causes React state updates should be wrapped into act(...):

act(() => {
  /* fire events that update state */
});
/* assert on the output */

This ensures that you're testing the behavior the user would see in the browser. Learn more at https://reactjs.org/link/wrap-tests-with-act
    at CustomerForm (C:/Users/Admin/graceful_books/src/components/customers/CustomerForm.tsx:57:3)
Warning: An update to CustomerForm inside a test was not wrapped in act(...).

When testing, code that causes React state updates should be wrapped into act(...):

act(() => {
  /* fire events that update state */
});
/* assert on the output */

This ensures that you're testing the behavior the user would see in the browser. Learn more at https://reactjs.org/link/wrap-tests-with-act
    at CustomerForm (C:/Users/Admin/graceful_books/src/components/customers/CustomerForm.tsx:57:3)
Warning: An update to CustomerForm inside a test was not wrapped in act(...).

When testing, code that causes React state updates should be wrapped into act(...):

act(() => {
  /* fire events that update state */
});
/* assert on the output */

This ensures that you're testing the behavior the user would see in the browser. Learn more at https://reactjs.org/link/wrap-tests-with-act
    at CustomerForm (C:/Users/Admin/graceful_books/src/components/customers/CustomerForm.tsx:57:3)

[90mstderr[2m | src/pages/auth/Signup.test.tsx[2m > [22m[2mSignup Page with Charity Selection[2m > [22m[2mcharity selection step[2m > [22m[2mshould enable Create Account button when charity is selected
[22m[39mWarning: An update to Signup inside a test was not wrapped in act(...).

When testing, code that causes React state updates should be wrapped into act(...):

act(() => {
  /* fire events that update state */
});
/* assert on the output */

This ensures that you're testing the behavior the user would see in the browser. Learn more at https://reactjs.org/link/wrap-tests-with-act
    at Signup (C:/Users/Admin/graceful_books/src/pages/auth/Signup.tsx:8:61)
    at Router (C:\Users\Admin\graceful_books\node_modules\react-router\dist\umd\react-router.development.js:1207:17)
    at BrowserRouter (C:\Users\Admin\graceful_books\node_modules\react-router-dom\dist\umd\react-router-dom.development.js:695:7)

[90mstderr[2m | src/components/customers/CustomerForm.test.tsx[2m > [22m[2mCustomerForm Component[2m > [22m[2mvalidation[2m > [22m[2mshould accept valid email format
[22m[39mWarning: An update to CustomerForm inside a test was not wrapped in act(...).

When testing, code that causes React state updates should be wrapped into act(...):

act(() => {
  /* fire events that update state */
});
/* assert on the output */

This ensures that you're testing the behavior the user would see in the browser. Learn more at https://reactjs.org/link/wrap-tests-with-act
    at CustomerForm (C:/Users/Admin/graceful_books/src/components/customers/CustomerForm.tsx:57:3)
Warning: An update to CustomerForm inside a test was not wrapped in act(...).

When testing, code that causes React state updates should be wrapped into act(...):

act(() => {
  /* fire events that update state */
});
/* assert on the output */

This ensures that you're testing the behavior the user would see in the browser. Learn more at https://reactjs.org/link/wrap-tests-with-act
    at CustomerForm (C:/Users/Admin/graceful_books/src/components/customers/CustomerForm.tsx:57:3)
Warning: An update to CustomerForm inside a test was not wrapped in act(...).

When testing, code that causes React state updates should be wrapped into act(...):

act(() => {
  /* fire events that update state */
});
/* assert on the output */

This ensures that you're testing the behavior the user would see in the browser. Learn more at https://reactjs.org/link/wrap-tests-with-act
    at CustomerForm (C:/Users/Admin/graceful_books/src/components/customers/CustomerForm.tsx:57:3)

[90mstderr[2m | src/pages/auth/Signup.test.tsx[2m > [22m[2mSignup Page with Charity Selection[2m > [22m[2mcharity selection step[2m > [22m[2mshould enable Create Account button when charity is selected
[22m[39mWarning: An update to Signup inside a test was not wrapped in act(...).

When testing, code that causes React state updates should be wrapped into act(...):

act(() => {
  /* fire events that update state */
});
/* assert on the output */

This ensures that you're testing the behavior the user would see in the browser. Learn more at https://reactjs.org/link/wrap-tests-with-act
    at Signup (C:/Users/Admin/graceful_books/src/pages/auth/Signup.tsx:8:61)
    at Router (C:\Users\Admin\graceful_books\node_modules\react-router\dist\umd\react-router.development.js:1207:17)
    at BrowserRouter (C:\Users\Admin\graceful_books\node_modules\react-router-dom\dist\umd\react-router-dom.development.js:695:7)

[90mstderr[2m | src/pages/auth/Signup.test.tsx[2m > [22m[2mSignup Page with Charity Selection[2m > [22m[2mcharity selection step[2m > [22m[2mshould enable Create Account button when charity is selected
[22m[39mWarning: An update to Signup inside a test was not wrapped in act(...).

When testing, code that causes React state updates should be wrapped into act(...):

act(() => {
  /* fire events that update state */
});
/* assert on the output */

This ensures that you're testing the behavior the user would see in the browser. Learn more at https://reactjs.org/link/wrap-tests-with-act
    at Signup (C:/Users/Admin/graceful_books/src/pages/auth/Signup.tsx:8:61)
    at Router (C:\Users\Admin\graceful_books\node_modules\react-router\dist\umd\react-router.development.js:1207:17)
    at BrowserRouter (C:\Users\Admin\graceful_books\node_modules\react-router-dom\dist\umd\react-router-dom.development.js:695:7)

[90mstderr[2m | src/components/customers/CustomerForm.test.tsx[2m > [22m[2mCustomerForm Component[2m > [22m[2mvalidation[2m > [22m[2mshould accept valid email format
[22m[39mWarning: An update to CustomerForm inside a test was not wrapped in act(...).

When testing, code that causes React state updates should be wrapped into act(...):

act(() => {
  /* fire events that update state */
});
/* assert on the output */

This ensures that you're testing the behavior the user would see in the browser. Learn more at https://reactjs.org/link/wrap-tests-with-act
    at CustomerForm (C:/Users/Admin/graceful_books/src/components/customers/CustomerForm.tsx:57:3)
Warning: An update to CustomerForm inside a test was not wrapped in act(...).

When testing, code that causes React state updates should be wrapped into act(...):

act(() => {
  /* fire events that update state */
});
/* assert on the output */

This ensures that you're testing the behavior the user would see in the browser. Learn more at https://reactjs.org/link/wrap-tests-with-act
    at CustomerForm (C:/Users/Admin/graceful_books/src/components/customers/CustomerForm.tsx:57:3)
Warning: An update to CustomerForm inside a test was not wrapped in act(...).

When testing, code that causes React state updates should be wrapped into act(...):

act(() => {
  /* fire events that update state */
});
/* assert on the output */

This ensures that you're testing the behavior the user would see in the browser. Learn more at https://reactjs.org/link/wrap-tests-with-act
    at CustomerForm (C:/Users/Admin/graceful_books/src/components/customers/CustomerForm.tsx:57:3)

[90mstderr[2m | src/components/customers/CustomerForm.test.tsx[2m > [22m[2mCustomerForm Component[2m > [22m[2mvalidation[2m > [22m[2mshould accept valid email format
[22m[39mWarning: An update to CustomerForm inside a test was not wrapped in act(...).

When testing, code that causes React state updates should be wrapped into act(...):

act(() => {
  /* fire events that update state */
});
/* assert on the output */

This ensures that you're testing the behavior the user would see in the browser. Learn more at https://reactjs.org/link/wrap-tests-with-act
    at CustomerForm (C:/Users/Admin/graceful_books/src/components/customers/CustomerForm.tsx:57:3)
Warning: An update to CustomerForm inside a test was not wrapped in act(...).

When testing, code that causes React state updates should be wrapped into act(...):

act(() => {
  /* fire events that update state */
});
/* assert on the output */

This ensures that you're testing the behavior the user would see in the browser. Learn more at https://reactjs.org/link/wrap-tests-with-act
    at CustomerForm (C:/Users/Admin/graceful_books/src/components/customers/CustomerForm.tsx:57:3)
Warning: An update to CustomerForm inside a test was not wrapped in act(...).

When testing, code that causes React state updates should be wrapped into act(...):

act(() => {
  /* fire events that update state */
});
/* assert on the output */

This ensures that you're testing the behavior the user would see in the browser. Learn more at https://reactjs.org/link/wrap-tests-with-act
    at CustomerForm (C:/Users/Admin/graceful_books/src/components/customers/CustomerForm.tsx:57:3)

[90mstderr[2m | src/components/customers/CustomerForm.test.tsx[2m > [22m[2mCustomerForm Component[2m > [22m[2mvalidation[2m > [22m[2mshould accept valid email format
[22m[39mWarning: An update to CustomerForm inside a test was not wrapped in act(...).

When testing, code that causes React state updates should be wrapped into act(...):

act(() => {
  /* fire events that update state */
});
/* assert on the output */

This ensures that you're testing the behavior the user would see in the browser. Learn more at https://reactjs.org/link/wrap-tests-with-act
    at CustomerForm (C:/Users/Admin/graceful_books/src/components/customers/CustomerForm.tsx:57:3)
Warning: An update to CustomerForm inside a test was not wrapped in act(...).

When testing, code that causes React state updates should be wrapped into act(...):

act(() => {
  /* fire events that update state */
});
/* assert on the output */

This ensures that you're testing the behavior the user would see in the browser. Learn more at https://reactjs.org/link/wrap-tests-with-act
    at CustomerForm (C:/Users/Admin/graceful_books/src/components/customers/CustomerForm.tsx:57:3)
Warning: An update to CustomerForm inside a test was not wrapped in act(...).

When testing, code that causes React state updates should be wrapped into act(...):

act(() => {
  /* fire events that update state */
});
/* assert on the output */

This ensures that you're testing the behavior the user would see in the browser. Learn more at https://reactjs.org/link/wrap-tests-with-act
    at CustomerForm (C:/Users/Admin/graceful_books/src/components/customers/CustomerForm.tsx:57:3)

[90mstderr[2m | src/components/customers/CustomerForm.test.tsx[2m > [22m[2mCustomerForm Component[2m > [22m[2mvalidation[2m > [22m[2mshould accept valid email format
[22m[39mWarning: An update to CustomerForm inside a test was not wrapped in act(...).

When testing, code that causes React state updates should be wrapped into act(...):

act(() => {
  /* fire events that update state */
});
/* assert on the output */

This ensures that you're testing the behavior the user would see in the browser. Learn more at https://reactjs.org/link/wrap-tests-with-act
    at CustomerForm (C:/Users/Admin/graceful_books/src/components/customers/CustomerForm.tsx:57:3)
Warning: An update to CustomerForm inside a test was not wrapped in act(...).

When testing, code that causes React state updates should be wrapped into act(...):

act(() => {
  /* fire events that update state */
});
/* assert on the output */

This ensures that you're testing the behavior the user would see in the browser. Learn more at https://reactjs.org/link/wrap-tests-with-act
    at CustomerForm (C:/Users/Admin/graceful_books/src/components/customers/CustomerForm.tsx:57:3)
Warning: An update to CustomerForm inside a test was not wrapped in act(...).

When testing, code that causes React state updates should be wrapped into act(...):

act(() => {
  /* fire events that update state */
});
/* assert on the output */

This ensures that you're testing the behavior the user would see in the browser. Learn more at https://reactjs.org/link/wrap-tests-with-act
    at CustomerForm (C:/Users/Admin/graceful_books/src/components/customers/CustomerForm.tsx:57:3)

[90mstderr[2m | src/components/accounts/AccountForm.test.tsx[2m > [22m[2mAccountForm Component[2m > [22m[2mvalidation[2m > [22m[2mshould validate parent account type matches
[22m[39mWarning: An update to AccountForm inside a test was not wrapped in act(...).

When testing, code that causes React state updates should be wrapped into act(...):

act(() => {
  /* fire events that update state */
});
/* assert on the output */

This ensures that you're testing the behavior the user would see in the browser. Learn more at https://reactjs.org/link/wrap-tests-with-act
    at AccountForm (C:/Users/Admin/graceful_books/src/components/accounts/AccountForm.tsx:36:3)
Warning: An update to AccountForm inside a test was not wrapped in act(...).

When testing, code that causes React state updates should be wrapped into act(...):

act(() => {
  /* fire events that update state */
});
/* assert on the output */

This ensures that you're testing the behavior the user would see in the browser. Learn more at https://reactjs.org/link/wrap-tests-with-act
    at AccountForm (C:/Users/Admin/graceful_books/src/components/accounts/AccountForm.tsx:36:3)
Warning: An update to AccountForm inside a test was not wrapped in act(...).

When testing, code that causes React state updates should be wrapped into act(...):

act(() => {
  /* fire events that update state */
});
/* assert on the output */

This ensures that you're testing the behavior the user would see in the browser. Learn more at https://reactjs.org/link/wrap-tests-with-act
    at AccountForm (C:/Users/Admin/graceful_books/src/components/accounts/AccountForm.tsx:36:3)

[90mstderr[2m | src/components/customers/CustomerForm.test.tsx[2m > [22m[2mCustomerForm Component[2m > [22m[2mvalidation[2m > [22m[2mshould accept valid email format
[22m[39mWarning: An update to CustomerForm inside a test was not wrapped in act(...).

When testing, code that causes React state updates should be wrapped into act(...):

act(() => {
  /* fire events that update state */
});
/* assert on the output */

This ensures that you're testing the behavior the user would see in the browser. Learn more at https://reactjs.org/link/wrap-tests-with-act
    at CustomerForm (C:/Users/Admin/graceful_books/src/components/customers/CustomerForm.tsx:57:3)
Warning: An update to CustomerForm inside a test was not wrapped in act(...).

When testing, code that causes React state updates should be wrapped into act(...):

act(() => {
  /* fire events that update state */
});
/* assert on the output */

This ensures that you're testing the behavior the user would see in the browser. Learn more at https://reactjs.org/link/wrap-tests-with-act
    at CustomerForm (C:/Users/Admin/graceful_books/src/components/customers/CustomerForm.tsx:57:3)
Warning: An update to CustomerForm inside a test was not wrapped in act(...).

When testing, code that causes React state updates should be wrapped into act(...):

act(() => {
  /* fire events that update state */
});
/* assert on the output */

This ensures that you're testing the behavior the user would see in the browser. Learn more at https://reactjs.org/link/wrap-tests-with-act
    at CustomerForm (C:/Users/Admin/graceful_books/src/components/customers/CustomerForm.tsx:57:3)

[90mstderr[2m | src/components/customers/CustomerForm.test.tsx[2m > [22m[2mCustomerForm Component[2m > [22m[2mvalidation[2m > [22m[2mshould accept valid email format
[22m[39mWarning: An update to CustomerForm inside a test was not wrapped in act(...).

When testing, code that causes React state updates should be wrapped into act(...):

act(() => {
  /* fire events that update state */
});
/* assert on the output */

This ensures that you're testing the behavior the user would see in the browser. Learn more at https://reactjs.org/link/wrap-tests-with-act
    at CustomerForm (C:/Users/Admin/graceful_books/src/components/customers/CustomerForm.tsx:57:3)
Warning: An update to CustomerForm inside a test was not wrapped in act(...).

When testing, code that causes React state updates should be wrapped into act(...):

act(() => {
  /* fire events that update state */
});
/* assert on the output */

This ensures that you're testing the behavior the user would see in the browser. Learn more at https://reactjs.org/link/wrap-tests-with-act
    at CustomerForm (C:/Users/Admin/graceful_books/src/components/customers/CustomerForm.tsx:57:3)
Warning: An update to CustomerForm inside a test was not wrapped in act(...).

When testing, code that causes React state updates should be wrapped into act(...):

act(() => {
  /* fire events that update state */
});
/* assert on the output */

This ensures that you're testing the behavior the user would see in the browser. Learn more at https://reactjs.org/link/wrap-tests-with-act
    at CustomerForm (C:/Users/Admin/graceful_books/src/components/customers/CustomerForm.tsx:57:3)

[90mstderr[2m | src/components/customers/CustomerForm.test.tsx[2m > [22m[2mCustomerForm Component[2m > [22m[2mvalidation[2m > [22m[2mshould accept valid email format
[22m[39mWarning: An update to CustomerForm inside a test was not wrapped in act(...).

When testing, code that causes React state updates should be wrapped into act(...):

act(() => {
  /* fire events that update state */
});
/* assert on the output */

This ensures that you're testing the behavior the user would see in the browser. Learn more at https://reactjs.org/link/wrap-tests-with-act
    at CustomerForm (C:/Users/Admin/graceful_books/src/components/customers/CustomerForm.tsx:57:3)
Warning: An update to CustomerForm inside a test was not wrapped in act(...).

When testing, code that causes React state updates should be wrapped into act(...):

act(() => {
  /* fire events that update state */
});
/* assert on the output */

This ensures that you're testing the behavior the user would see in the browser. Learn more at https://reactjs.org/link/wrap-tests-with-act
    at CustomerForm (C:/Users/Admin/graceful_books/src/components/customers/CustomerForm.tsx:57:3)
Warning: An update to CustomerForm inside a test was not wrapped in act(...).

When testing, code that causes React state updates should be wrapped into act(...):

act(() => {
  /* fire events that update state */
});
/* assert on the output */

This ensures that you're testing the behavior the user would see in the browser. Learn more at https://reactjs.org/link/wrap-tests-with-act
    at CustomerForm (C:/Users/Admin/graceful_books/src/components/customers/CustomerForm.tsx:57:3)

[90mstderr[2m | src/pages/auth/Signup.test.tsx[2m > [22m[2mSignup Page with Charity Selection[2m > [22m[2mcharity selection step[2m > [22m[2mshould enable Create Account button when charity is selected
[22m[39mWarning: An update to Signup inside a test was not wrapped in act(...).

When testing, code that causes React state updates should be wrapped into act(...):

act(() => {
  /* fire events that update state */
});
/* assert on the output */

This ensures that you're testing the behavior the user would see in the browser. Learn more at https://reactjs.org/link/wrap-tests-with-act
    at Signup (C:/Users/Admin/graceful_books/src/pages/auth/Signup.tsx:8:61)
    at Router (C:\Users\Admin\graceful_books\node_modules\react-router\dist\umd\react-router.development.js:1207:17)
    at BrowserRouter (C:\Users\Admin\graceful_books\node_modules\react-router-dom\dist\umd\react-router-dom.development.js:695:7)

[90mstderr[2m | src/components/customers/CustomerForm.test.tsx[2m > [22m[2mCustomerForm Component[2m > [22m[2mvalidation[2m > [22m[2mshould accept valid email format
[22m[39mWarning: An update to CustomerForm inside a test was not wrapped in act(...).

When testing, code that causes React state updates should be wrapped into act(...):

act(() => {
  /* fire events that update state */
});
/* assert on the output */

This ensures that you're testing the behavior the user would see in the browser. Learn more at https://reactjs.org/link/wrap-tests-with-act
    at CustomerForm (C:/Users/Admin/graceful_books/src/components/customers/CustomerForm.tsx:57:3)
Warning: An update to CustomerForm inside a test was not wrapped in act(...).

When testing, code that causes React state updates should be wrapped into act(...):

act(() => {
  /* fire events that update state */
});
/* assert on the output */

This ensures that you're testing the behavior the user would see in the browser. Learn more at https://reactjs.org/link/wrap-tests-with-act
    at CustomerForm (C:/Users/Admin/graceful_books/src/components/customers/CustomerForm.tsx:57:3)
Warning: An update to CustomerForm inside a test was not wrapped in act(...).

When testing, code that causes React state updates should be wrapped into act(...):

act(() => {
  /* fire events that update state */
});
/* assert on the output */

This ensures that you're testing the behavior the user would see in the browser. Learn more at https://reactjs.org/link/wrap-tests-with-act
    at CustomerForm (C:/Users/Admin/graceful_books/src/components/customers/CustomerForm.tsx:57:3)

[90mstderr[2m | src/components/customers/CustomerForm.test.tsx[2m > [22m[2mCustomerForm Component[2m > [22m[2mvalidation[2m > [22m[2mshould accept valid email format
[22m[39mWarning: An update to CustomerForm inside a test was not wrapped in act(...).

When testing, code that causes React state updates should be wrapped into act(...):

act(() => {
  /* fire events that update state */
});
/* assert on the output */

This ensures that you're testing the behavior the user would see in the browser. Learn more at https://reactjs.org/link/wrap-tests-with-act
    at CustomerForm (C:/Users/Admin/graceful_books/src/components/customers/CustomerForm.tsx:57:3)
Warning: An update to CustomerForm inside a test was not wrapped in act(...).

When testing, code that causes React state updates should be wrapped into act(...):

act(() => {
  /* fire events that update state */
});
/* assert on the output */

This ensures that you're testing the behavior the user would see in the browser. Learn more at https://reactjs.org/link/wrap-tests-with-act
    at CustomerForm (C:/Users/Admin/graceful_books/src/components/customers/CustomerForm.tsx:57:3)
Warning: An update to CustomerForm inside a test was not wrapped in act(...).

When testing, code that causes React state updates should be wrapped into act(...):

act(() => {
  /* fire events that update state */
});
/* assert on the output */

This ensures that you're testing the behavior the user would see in the browser. Learn more at https://reactjs.org/link/wrap-tests-with-act
    at CustomerForm (C:/Users/Admin/graceful_books/src/components/customers/CustomerForm.tsx:57:3)

[90mstderr[2m | src/components/customers/CustomerForm.test.tsx[2m > [22m[2mCustomerForm Component[2m > [22m[2mvalidation[2m > [22m[2mshould accept valid email format
[22m[39mWarning: An update to CustomerForm inside a test was not wrapped in act(...).

When testing, code that causes React state updates should be wrapped into act(...):

act(() => {
  /* fire events that update state */
});
/* assert on the output */

This ensures that you're testing the behavior the user would see in the browser. Learn more at https://reactjs.org/link/wrap-tests-with-act
    at CustomerForm (C:/Users/Admin/graceful_books/src/components/customers/CustomerForm.tsx:57:3)
Warning: An update to CustomerForm inside a test was not wrapped in act(...).

When testing, code that causes React state updates should be wrapped into act(...):

act(() => {
  /* fire events that update state */
});
/* assert on the output */

This ensures that you're testing the behavior the user would see in the browser. Learn more at https://reactjs.org/link/wrap-tests-with-act
    at CustomerForm (C:/Users/Admin/graceful_books/src/components/customers/CustomerForm.tsx:57:3)
Warning: An update to CustomerForm inside a test was not wrapped in act(...).

When testing, code that causes React state updates should be wrapped into act(...):

act(() => {
  /* fire events that update state */
});
/* assert on the output */

This ensures that you're testing the behavior the user would see in the browser. Learn more at https://reactjs.org/link/wrap-tests-with-act
    at CustomerForm (C:/Users/Admin/graceful_books/src/components/customers/CustomerForm.tsx:57:3)

[90mstderr[2m | src/pages/auth/Signup.test.tsx[2m > [22m[2mSignup Page with Charity Selection[2m > [22m[2mcharity selection step[2m > [22m[2mshould enable Create Account button when charity is selected
[22m[39mWarning: An update to Signup inside a test was not wrapped in act(...).

When testing, code that causes React state updates should be wrapped into act(...):

act(() => {
  /* fire events that update state */
});
/* assert on the output */

This ensures that you're testing the behavior the user would see in the browser. Learn more at https://reactjs.org/link/wrap-tests-with-act
    at Signup (C:/Users/Admin/graceful_books/src/pages/auth/Signup.tsx:8:61)
    at Router (C:\Users\Admin\graceful_books\node_modules\react-router\dist\umd\react-router.development.js:1207:17)
    at BrowserRouter (C:\Users\Admin\graceful_books\node_modules\react-router-dom\dist\umd\react-router-dom.development.js:695:7)

[90mstderr[2m | src/pages/auth/Signup.test.tsx[2m > [22m[2mSignup Page with Charity Selection[2m > [22m[2mcharity selection step[2m > [22m[2mshould enable Create Account button when charity is selected
[22m[39mWarning: An update to Signup inside a test was not wrapped in act(...).

When testing, code that causes React state updates should be wrapped into act(...):

act(() => {
  /* fire events that update state */
});
/* assert on the output */

This ensures that you're testing the behavior the user would see in the browser. Learn more at https://reactjs.org/link/wrap-tests-with-act
    at Signup (C:/Users/Admin/graceful_books/src/pages/auth/Signup.tsx:8:61)
    at Router (C:\Users\Admin\graceful_books\node_modules\react-router\dist\umd\react-router.development.js:1207:17)
    at BrowserRouter (C:\Users\Admin\graceful_books\node_modules\react-router-dom\dist\umd\react-router-dom.development.js:695:7)

[90mstderr[2m | src/pages/auth/Signup.test.tsx[2m > [22m[2mSignup Page with Charity Selection[2m > [22m[2mcharity selection step[2m > [22m[2mshould enable Create Account button when charity is selected
[22m[39mWarning: An update to Signup inside a test was not wrapped in act(...).

When testing, code that causes React state updates should be wrapped into act(...):

act(() => {
  /* fire events that update state */
});
/* assert on the output */

This ensures that you're testing the behavior the user would see in the browser. Learn more at https://reactjs.org/link/wrap-tests-with-act
    at Signup (C:/Users/Admin/graceful_books/src/pages/auth/Signup.tsx:8:61)
    at Router (C:\Users\Admin\graceful_books\node_modules\react-router\dist\umd\react-router.development.js:1207:17)
    at BrowserRouter (C:\Users\Admin\graceful_books\node_modules\react-router-dom\dist\umd\react-router-dom.development.js:695:7)

[90mstderr[2m | src/pages/auth/Signup.test.tsx[2m > [22m[2mSignup Page with Charity Selection[2m > [22m[2mcharity selection step[2m > [22m[2mshould enable Create Account button when charity is selected
[22m[39mWarning: An update to Signup inside a test was not wrapped in act(...).

When testing, code that causes React state updates should be wrapped into act(...):

act(() => {
  /* fire events that update state */
});
/* assert on the output */

This ensures that you're testing the behavior the user would see in the browser. Learn more at https://reactjs.org/link/wrap-tests-with-act
    at Signup (C:/Users/Admin/graceful_books/src/pages/auth/Signup.tsx:8:61)
    at Router (C:\Users\Admin\graceful_books\node_modules\react-router\dist\umd\react-router.development.js:1207:17)
    at BrowserRouter (C:\Users\Admin\graceful_books\node_modules\react-router-dom\dist\umd\react-router-dom.development.js:695:7)

[90mstderr[2m | src/pages/auth/Signup.test.tsx[2m > [22m[2mSignup Page with Charity Selection[2m > [22m[2mcharity selection step[2m > [22m[2mshould enable Create Account button when charity is selected
[22m[39mWarning: An update to Signup inside a test was not wrapped in act(...).

When testing, code that causes React state updates should be wrapped into act(...):

act(() => {
  /* fire events that update state */
});
/* assert on the output */

This ensures that you're testing the behavior the user would see in the browser. Learn more at https://reactjs.org/link/wrap-tests-with-act
    at Signup (C:/Users/Admin/graceful_books/src/pages/auth/Signup.tsx:8:61)
    at Router (C:\Users\Admin\graceful_books\node_modules\react-router\dist\umd\react-router.development.js:1207:17)
    at BrowserRouter (C:\Users\Admin\graceful_books\node_modules\react-router-dom\dist\umd\react-router-dom.development.js:695:7)

[90mstderr[2m | src/components/customers/CustomerForm.test.tsx[2m > [22m[2mCustomerForm Component[2m > [22m[2mvalidation[2m > [22m[2mshould accept valid email format
[22m[39mWarning: An update to CustomerForm inside a test was not wrapped in act(...).

When testing, code that causes React state updates should be wrapped into act(...):

act(() => {
  /* fire events that update state */
});
/* assert on the output */

This ensures that you're testing the behavior the user would see in the browser. Learn more at https://reactjs.org/link/wrap-tests-with-act
    at CustomerForm (C:/Users/Admin/graceful_books/src/components/customers/CustomerForm.tsx:57:3)
Warning: An update to CustomerForm inside a test was not wrapped in act(...).

When testing, code that causes React state updates should be wrapped into act(...):

act(() => {
  /* fire events that update state */
});
/* assert on the output */

This ensures that you're testing the behavior the user would see in the browser. Learn more at https://reactjs.org/link/wrap-tests-with-act
    at CustomerForm (C:/Users/Admin/graceful_books/src/components/customers/CustomerForm.tsx:57:3)
Warning: An update to CustomerForm inside a test was not wrapped in act(...).

When testing, code that causes React state updates should be wrapped into act(...):

act(() => {
  /* fire events that update state */
});
/* assert on the output */

This ensures that you're testing the behavior the user would see in the browser. Learn more at https://reactjs.org/link/wrap-tests-with-act
    at CustomerForm (C:/Users/Admin/graceful_books/src/components/customers/CustomerForm.tsx:57:3)

[90mstderr[2m | src/components/customers/CustomerForm.test.tsx[2m > [22m[2mCustomerForm Component[2m > [22m[2mvalidation[2m > [22m[2mshould accept valid email format
[22m[39mWarning: An update to CustomerForm inside a test was not wrapped in act(...).

When testing, code that causes React state updates should be wrapped into act(...):

act(() => {
  /* fire events that update state */
});
/* assert on the output */

This ensures that you're testing the behavior the user would see in the browser. Learn more at https://reactjs.org/link/wrap-tests-with-act
    at CustomerForm (C:/Users/Admin/graceful_books/src/components/customers/CustomerForm.tsx:57:3)
Warning: An update to CustomerForm inside a test was not wrapped in act(...).

When testing, code that causes React state updates should be wrapped into act(...):

act(() => {
  /* fire events that update state */
});
/* assert on the output */

This ensures that you're testing the behavior the user would see in the browser. Learn more at https://reactjs.org/link/wrap-tests-with-act
    at CustomerForm (C:/Users/Admin/graceful_books/src/components/customers/CustomerForm.tsx:57:3)
Warning: An update to CustomerForm inside a test was not wrapped in act(...).

When testing, code that causes React state updates should be wrapped into act(...):

act(() => {
  /* fire events that update state */
});
/* assert on the output */

This ensures that you're testing the behavior the user would see in the browser. Learn more at https://reactjs.org/link/wrap-tests-with-act
    at CustomerForm (C:/Users/Admin/graceful_books/src/components/customers/CustomerForm.tsx:57:3)

[90mstderr[2m | src/pages/auth/Signup.test.tsx[2m > [22m[2mSignup Page with Charity Selection[2m > [22m[2mcharity selection step[2m > [22m[2mshould enable Create Account button when charity is selected
[22m[39mWarning: An update to Signup inside a test was not wrapped in act(...).

When testing, code that causes React state updates should be wrapped into act(...):

act(() => {
  /* fire events that update state */
});
/* assert on the output */

This ensures that you're testing the behavior the user would see in the browser. Learn more at https://reactjs.org/link/wrap-tests-with-act
    at Signup (C:/Users/Admin/graceful_books/src/pages/auth/Signup.tsx:8:61)
    at Router (C:\Users\Admin\graceful_books\node_modules\react-router\dist\umd\react-router.development.js:1207:17)
    at BrowserRouter (C:\Users\Admin\graceful_books\node_modules\react-router-dom\dist\umd\react-router-dom.development.js:695:7)

[90mstderr[2m | src/components/customers/CustomerForm.test.tsx[2m > [22m[2mCustomerForm Component[2m > [22m[2mvalidation[2m > [22m[2mshould accept valid email format
[22m[39mWarning: An update to CustomerForm inside a test was not wrapped in act(...).

When testing, code that causes React state updates should be wrapped into act(...):

act(() => {
  /* fire events that update state */
});
/* assert on the output */

This ensures that you're testing the behavior the user would see in the browser. Learn more at https://reactjs.org/link/wrap-tests-with-act
    at CustomerForm (C:/Users/Admin/graceful_books/src/components/customers/CustomerForm.tsx:57:3)
Warning: An update to CustomerForm inside a test was not wrapped in act(...).

When testing, code that causes React state updates should be wrapped into act(...):

act(() => {
  /* fire events that update state */
});
/* assert on the output */

This ensures that you're testing the behavior the user would see in the browser. Learn more at https://reactjs.org/link/wrap-tests-with-act
    at CustomerForm (C:/Users/Admin/graceful_books/src/components/customers/CustomerForm.tsx:57:3)
Warning: An update to CustomerForm inside a test was not wrapped in act(...).

When testing, code that causes React state updates should be wrapped into act(...):

act(() => {
  /* fire events that update state */
});
/* assert on the output */

This ensures that you're testing the behavior the user would see in the browser. Learn more at https://reactjs.org/link/wrap-tests-with-act
    at CustomerForm (C:/Users/Admin/graceful_books/src/components/customers/CustomerForm.tsx:57:3)

[90mstderr[2m | src/components/customers/CustomerForm.test.tsx[2m > [22m[2mCustomerForm Component[2m > [22m[2mvalidation[2m > [22m[2mshould accept valid email format
[22m[39mWarning: An update to CustomerForm inside a test was not wrapped in act(...).

When testing, code that causes React state updates should be wrapped into act(...):

act(() => {
  /* fire events that update state */
});
/* assert on the output */

This ensures that you're testing the behavior the user would see in the browser. Learn more at https://reactjs.org/link/wrap-tests-with-act
    at CustomerForm (C:/Users/Admin/graceful_books/src/components/customers/CustomerForm.tsx:57:3)
Warning: An update to CustomerForm inside a test was not wrapped in act(...).

When testing, code that causes React state updates should be wrapped into act(...):

act(() => {
  /* fire events that update state */
});
/* assert on the output */

This ensures that you're testing the behavior the user would see in the browser. Learn more at https://reactjs.org/link/wrap-tests-with-act
    at CustomerForm (C:/Users/Admin/graceful_books/src/components/customers/CustomerForm.tsx:57:3)
Warning: An update to CustomerForm inside a test was not wrapped in act(...).

When testing, code that causes React state updates should be wrapped into act(...):

act(() => {
  /* fire events that update state */
});
/* assert on the output */

This ensures that you're testing the behavior the user would see in the browser. Learn more at https://reactjs.org/link/wrap-tests-with-act
    at CustomerForm (C:/Users/Admin/graceful_books/src/components/customers/CustomerForm.tsx:57:3)

[90mstderr[2m | src/pages/auth/Signup.test.tsx[2m > [22m[2mSignup Page with Charity Selection[2m > [22m[2mcharity selection step[2m > [22m[2mshould enable Create Account button when charity is selected
[22m[39mWarning: An update to Signup inside a test was not wrapped in act(...).

When testing, code that causes React state updates should be wrapped into act(...):

act(() => {
  /* fire events that update state */
});
/* assert on the output */

This ensures that you're testing the behavior the user would see in the browser. Learn more at https://reactjs.org/link/wrap-tests-with-act
    at Signup (C:/Users/Admin/graceful_books/src/pages/auth/Signup.tsx:8:61)
    at Router (C:\Users\Admin\graceful_books\node_modules\react-router\dist\umd\react-router.development.js:1207:17)
    at BrowserRouter (C:\Users\Admin\graceful_books\node_modules\react-router-dom\dist\umd\react-router-dom.development.js:695:7)

[90mstderr[2m | src/components/customers/CustomerForm.test.tsx[2m > [22m[2mCustomerForm Component[2m > [22m[2mvalidation[2m > [22m[2mshould accept valid email format
[22m[39mWarning: An update to CustomerForm inside a test was not wrapped in act(...).

When testing, code that causes React state updates should be wrapped into act(...):

act(() => {
  /* fire events that update state */
});
/* assert on the output */

This ensures that you're testing the behavior the user would see in the browser. Learn more at https://reactjs.org/link/wrap-tests-with-act
    at CustomerForm (C:/Users/Admin/graceful_books/src/components/customers/CustomerForm.tsx:57:3)
Warning: An update to CustomerForm inside a test was not wrapped in act(...).

When testing, code that causes React state updates should be wrapped into act(...):

act(() => {
  /* fire events that update state */
});
/* assert on the output */

This ensures that you're testing the behavior the user would see in the browser. Learn more at https://reactjs.org/link/wrap-tests-with-act
    at CustomerForm (C:/Users/Admin/graceful_books/src/components/customers/CustomerForm.tsx:57:3)
Warning: An update to CustomerForm inside a test was not wrapped in act(...).

When testing, code that causes React state updates should be wrapped into act(...):

act(() => {
  /* fire events that update state */
});
/* assert on the output */

This ensures that you're testing the behavior the user would see in the browser. Learn more at https://reactjs.org/link/wrap-tests-with-act
    at CustomerForm (C:/Users/Admin/graceful_books/src/components/customers/CustomerForm.tsx:57:3)

[90mstderr[2m | src/pages/auth/Signup.test.tsx[2m > [22m[2mSignup Page with Charity Selection[2m > [22m[2mcharity selection step[2m > [22m[2mshould enable Create Account button when charity is selected
[22m[39mWarning: An update to Signup inside a test was not wrapped in act(...).

When testing, code that causes React state updates should be wrapped into act(...):

act(() => {
  /* fire events that update state */
});
/* assert on the output */

This ensures that you're testing the behavior the user would see in the browser. Learn more at https://reactjs.org/link/wrap-tests-with-act
    at Signup (C:/Users/Admin/graceful_books/src/pages/auth/Signup.tsx:8:61)
    at Router (C:\Users\Admin\graceful_books\node_modules\react-router\dist\umd\react-router.development.js:1207:17)
    at BrowserRouter (C:\Users\Admin\graceful_books\node_modules\react-router-dom\dist\umd\react-router-dom.development.js:695:7)

[90mstderr[2m | src/components/customers/CustomerForm.test.tsx[2m > [22m[2mCustomerForm Component[2m > [22m[2mvalidation[2m > [22m[2mshould accept valid email format
[22m[39mWarning: An update to CustomerForm inside a test was not wrapped in act(...).

When testing, code that causes React state updates should be wrapped into act(...):

act(() => {
  /* fire events that update state */
});
/* assert on the output */

This ensures that you're testing the behavior the user would see in the browser. Learn more at https://reactjs.org/link/wrap-tests-with-act
    at CustomerForm (C:/Users/Admin/graceful_books/src/components/customers/CustomerForm.tsx:57:3)
Warning: An update to CustomerForm inside a test was not wrapped in act(...).

When testing, code that causes React state updates should be wrapped into act(...):

act(() => {
  /* fire events that update state */
});
/* assert on the output */

This ensures that you're testing the behavior the user would see in the browser. Learn more at https://reactjs.org/link/wrap-tests-with-act
    at CustomerForm (C:/Users/Admin/graceful_books/src/components/customers/CustomerForm.tsx:57:3)
Warning: An update to CustomerForm inside a test was not wrapped in act(...).

When testing, code that causes React state updates should be wrapped into act(...):

act(() => {
  /* fire events that update state */
});
/* assert on the output */

This ensures that you're testing the behavior the user would see in the browser. Learn more at https://reactjs.org/link/wrap-tests-with-act
    at CustomerForm (C:/Users/Admin/graceful_books/src/components/customers/CustomerForm.tsx:57:3)

[90mstderr[2m | src/pages/auth/Signup.test.tsx[2m > [22m[2mSignup Page with Charity Selection[2m > [22m[2mcharity selection step[2m > [22m[2mshould enable Create Account button when charity is selected
[22m[39mWarning: An update to Signup inside a test was not wrapped in act(...).

When testing, code that causes React state updates should be wrapped into act(...):

act(() => {
  /* fire events that update state */
});
/* assert on the output */

This ensures that you're testing the behavior the user would see in the browser. Learn more at https://reactjs.org/link/wrap-tests-with-act
    at Signup (C:/Users/Admin/graceful_books/src/pages/auth/Signup.tsx:8:61)
    at Router (C:\Users\Admin\graceful_books\node_modules\react-router\dist\umd\react-router.development.js:1207:17)
    at BrowserRouter (C:\Users\Admin\graceful_books\node_modules\react-router-dom\dist\umd\react-router-dom.development.js:695:7)

[90mstderr[2m | src/components/customers/CustomerForm.test.tsx[2m > [22m[2mCustomerForm Component[2m > [22m[2mvalidation[2m > [22m[2mshould accept valid email format
[22m[39mWarning: An update to CustomerForm inside a test was not wrapped in act(...).

When testing, code that causes React state updates should be wrapped into act(...):

act(() => {
  /* fire events that update state */
});
/* assert on the output */

This ensures that you're testing the behavior the user would see in the browser. Learn more at https://reactjs.org/link/wrap-tests-with-act
    at CustomerForm (C:/Users/Admin/graceful_books/src/components/customers/CustomerForm.tsx:57:3)
Warning: An update to CustomerForm inside a test was not wrapped in act(...).

When testing, code that causes React state updates should be wrapped into act(...):

act(() => {
  /* fire events that update state */
});
/* assert on the output */

This ensures that you're testing the behavior the user would see in the browser. Learn more at https://reactjs.org/link/wrap-tests-with-act
    at CustomerForm (C:/Users/Admin/graceful_books/src/components/customers/CustomerForm.tsx:57:3)
Warning: An update to CustomerForm inside a test was not wrapped in act(...).

When testing, code that causes React state updates should be wrapped into act(...):

act(() => {
  /* fire events that update state */
});
/* assert on the output */

This ensures that you're testing the behavior the user would see in the browser. Learn more at https://reactjs.org/link/wrap-tests-with-act
    at CustomerForm (C:/Users/Admin/graceful_books/src/components/customers/CustomerForm.tsx:57:3)

[90mstderr[2m | src/components/customers/CustomerForm.test.tsx[2m > [22m[2mCustomerForm Component[2m > [22m[2mvalidation[2m > [22m[2mshould accept valid email format
[22m[39mWarning: An update to CustomerForm inside a test was not wrapped in act(...).

When testing, code that causes React state updates should be wrapped into act(...):

act(() => {
  /* fire events that update state */
});
/* assert on the output */

This ensures that you're testing the behavior the user would see in the browser. Learn more at https://reactjs.org/link/wrap-tests-with-act
    at CustomerForm (C:/Users/Admin/graceful_books/src/components/customers/CustomerForm.tsx:57:3)
Warning: An update to CustomerForm inside a test was not wrapped in act(...).

When testing, code that causes React state updates should be wrapped into act(...):

act(() => {
  /* fire events that update state */
});
/* assert on the output */

This ensures that you're testing the behavior the user would see in the browser. Learn more at https://reactjs.org/link/wrap-tests-with-act
    at CustomerForm (C:/Users/Admin/graceful_books/src/components/customers/CustomerForm.tsx:57:3)
Warning: An update to CustomerForm inside a test was not wrapped in act(...).

When testing, code that causes React state updates should be wrapped into act(...):

act(() => {
  /* fire events that update state */
});
/* assert on the output */

This ensures that you're testing the behavior the user would see in the browser. Learn more at https://reactjs.org/link/wrap-tests-with-act
    at CustomerForm (C:/Users/Admin/graceful_books/src/components/customers/CustomerForm.tsx:57:3)

[90mstderr[2m | src/components/accounts/AccountForm.test.tsx[2m > [22m[2mAccountForm Component[2m > [22m[2mform submission[2m > [22m[2mshould submit valid form data
[22m[39mWarning: An update to AccountForm inside a test was not wrapped in act(...).

When testing, code that causes React state updates should be wrapped into act(...):

act(() => {
  /* fire events that update state */
});
/* assert on the output */

This ensures that you're testing the behavior the user would see in the browser. Learn more at https://reactjs.org/link/wrap-tests-with-act
    at AccountForm (C:/Users/Admin/graceful_books/src/components/accounts/AccountForm.tsx:36:3)
Warning: An update to AccountForm inside a test was not wrapped in act(...).

When testing, code that causes React state updates should be wrapped into act(...):

act(() => {
  /* fire events that update state */
});
/* assert on the output */

This ensures that you're testing the behavior the user would see in the browser. Learn more at https://reactjs.org/link/wrap-tests-with-act
    at AccountForm (C:/Users/Admin/graceful_books/src/components/accounts/AccountForm.tsx:36:3)
Warning: An update to AccountForm inside a test was not wrapped in act(...).

When testing, code that causes React state updates should be wrapped into act(...):

act(() => {
  /* fire events that update state */
});
/* assert on the output */

This ensures that you're testing the behavior the user would see in the browser. Learn more at https://reactjs.org/link/wrap-tests-with-act
    at AccountForm (C:/Users/Admin/graceful_books/src/components/accounts/AccountForm.tsx:36:3)

[90mstderr[2m | src/pages/auth/Signup.test.tsx[2m > [22m[2mSignup Page with Charity Selection[2m > [22m[2mcharity selection step[2m > [22m[2mshould enable Create Account button when charity is selected
[22m[39mWarning: An update to Signup inside a test was not wrapped in act(...).

When testing, code that causes React state updates should be wrapped into act(...):

act(() => {
  /* fire events that update state */
});
/* assert on the output */

This ensures that you're testing the behavior the user would see in the browser. Learn more at https://reactjs.org/link/wrap-tests-with-act
    at Signup (C:/Users/Admin/graceful_books/src/pages/auth/Signup.tsx:8:61)
    at Router (C:\Users\Admin\graceful_books\node_modules\react-router\dist\umd\react-router.development.js:1207:17)
    at BrowserRouter (C:\Users\Admin\graceful_books\node_modules\react-router-dom\dist\umd\react-router-dom.development.js:695:7)

[90mstderr[2m | src/components/customers/CustomerForm.test.tsx[2m > [22m[2mCustomerForm Component[2m > [22m[2mvalidation[2m > [22m[2mshould accept valid email format
[22m[39mWarning: An update to CustomerForm inside a test was not wrapped in act(...).

When testing, code that causes React state updates should be wrapped into act(...):

act(() => {
  /* fire events that update state */
});
/* assert on the output */

This ensures that you're testing the behavior the user would see in the browser. Learn more at https://reactjs.org/link/wrap-tests-with-act
    at CustomerForm (C:/Users/Admin/graceful_books/src/components/customers/CustomerForm.tsx:57:3)
Warning: An update to CustomerForm inside a test was not wrapped in act(...).

When testing, code that causes React state updates should be wrapped into act(...):

act(() => {
  /* fire events that update state */
});
/* assert on the output */

This ensures that you're testing the behavior the user would see in the browser. Learn more at https://reactjs.org/link/wrap-tests-with-act
    at CustomerForm (C:/Users/Admin/graceful_books/src/components/customers/CustomerForm.tsx:57:3)
Warning: An update to CustomerForm inside a test was not wrapped in act(...).

When testing, code that causes React state updates should be wrapped into act(...):

act(() => {
  /* fire events that update state */
});
/* assert on the output */

This ensures that you're testing the behavior the user would see in the browser. Learn more at https://reactjs.org/link/wrap-tests-with-act
    at CustomerForm (C:/Users/Admin/graceful_books/src/components/customers/CustomerForm.tsx:57:3)

[90mstderr[2m | src/components/accounts/AccountForm.test.tsx[2m > [22m[2mAccountForm Component[2m > [22m[2mform submission[2m > [22m[2mshould submit valid form data
[22m[39mWarning: An update to AccountForm inside a test was not wrapped in act(...).

When testing, code that causes React state updates should be wrapped into act(...):

act(() => {
  /* fire events that update state */
});
/* assert on the output */

This ensures that you're testing the behavior the user would see in the browser. Learn more at https://reactjs.org/link/wrap-tests-with-act
    at AccountForm (C:/Users/Admin/graceful_books/src/components/accounts/AccountForm.tsx:36:3)
Warning: An update to AccountForm inside a test was not wrapped in act(...).

When testing, code that causes React state updates should be wrapped into act(...):

act(() => {
  /* fire events that update state */
});
/* assert on the output */

This ensures that you're testing the behavior the user would see in the browser. Learn more at https://reactjs.org/link/wrap-tests-with-act
    at AccountForm (C:/Users/Admin/graceful_books/src/components/accounts/AccountForm.tsx:36:3)
Warning: An update to AccountForm inside a test was not wrapped in act(...).

When testing, code that causes React state updates should be wrapped into act(...):

act(() => {
  /* fire events that update state */
});
/* assert on the output */

This ensures that you're testing the behavior the user would see in the browser. Learn more at https://reactjs.org/link/wrap-tests-with-act
    at AccountForm (C:/Users/Admin/graceful_books/src/components/accounts/AccountForm.tsx:36:3)

[90mstderr[2m | src/components/customers/CustomerForm.test.tsx[2m > [22m[2mCustomerForm Component[2m > [22m[2mvalidation[2m > [22m[2mshould accept valid email format
[22m[39mWarning: An update to CustomerForm inside a test was not wrapped in act(...).

When testing, code that causes React state updates should be wrapped into act(...):

act(() => {
  /* fire events that update state */
});
/* assert on the output */

This ensures that you're testing the behavior the user would see in the browser. Learn more at https://reactjs.org/link/wrap-tests-with-act
    at CustomerForm (C:/Users/Admin/graceful_books/src/components/customers/CustomerForm.tsx:57:3)
Warning: An update to CustomerForm inside a test was not wrapped in act(...).

When testing, code that causes React state updates should be wrapped into act(...):

act(() => {
  /* fire events that update state */
});
/* assert on the output */

This ensures that you're testing the behavior the user would see in the browser. Learn more at https://reactjs.org/link/wrap-tests-with-act
    at CustomerForm (C:/Users/Admin/graceful_books/src/components/customers/CustomerForm.tsx:57:3)
Warning: An update to CustomerForm inside a test was not wrapped in act(...).

When testing, code that causes React state updates should be wrapped into act(...):

act(() => {
  /* fire events that update state */
});
/* assert on the output */

This ensures that you're testing the behavior the user would see in the browser. Learn more at https://reactjs.org/link/wrap-tests-with-act
    at CustomerForm (C:/Users/Admin/graceful_books/src/components/customers/CustomerForm.tsx:57:3)

[90mstderr[2m | src/components/accounts/AccountForm.test.tsx[2m > [22m[2mAccountForm Component[2m > [22m[2mform submission[2m > [22m[2mshould submit valid form data
[22m[39mWarning: An update to AccountForm inside a test was not wrapped in act(...).

When testing, code that causes React state updates should be wrapped into act(...):

act(() => {
  /* fire events that update state */
});
/* assert on the output */

This ensures that you're testing the behavior the user would see in the browser. Learn more at https://reactjs.org/link/wrap-tests-with-act
    at AccountForm (C:/Users/Admin/graceful_books/src/components/accounts/AccountForm.tsx:36:3)
Warning: An update to AccountForm inside a test was not wrapped in act(...).

When testing, code that causes React state updates should be wrapped into act(...):

act(() => {
  /* fire events that update state */
});
/* assert on the output */

This ensures that you're testing the behavior the user would see in the browser. Learn more at https://reactjs.org/link/wrap-tests-with-act
    at AccountForm (C:/Users/Admin/graceful_books/src/components/accounts/AccountForm.tsx:36:3)
Warning: An update to AccountForm inside a test was not wrapped in act(...).

When testing, code that causes React state updates should be wrapped into act(...):

act(() => {
  /* fire events that update state */
});
/* assert on the output */

This ensures that you're testing the behavior the user would see in the browser. Learn more at https://reactjs.org/link/wrap-tests-with-act
    at AccountForm (C:/Users/Admin/graceful_books/src/components/accounts/AccountForm.tsx:36:3)

[90mstderr[2m | src/components/customers/CustomerForm.test.tsx[2m > [22m[2mCustomerForm Component[2m > [22m[2mvalidation[2m > [22m[2mshould accept valid email format
[22m[39mWarning: An update to CustomerForm inside a test was not wrapped in act(...).

When testing, code that causes React state updates should be wrapped into act(...):

act(() => {
  /* fire events that update state */
});
/* assert on the output */

This ensures that you're testing the behavior the user would see in the browser. Learn more at https://reactjs.org/link/wrap-tests-with-act
    at CustomerForm (C:/Users/Admin/graceful_books/src/components/customers/CustomerForm.tsx:57:3)
Warning: An update to CustomerForm inside a test was not wrapped in act(...).

When testing, code that causes React state updates should be wrapped into act(...):

act(() => {
  /* fire events that update state */
});
/* assert on the output */

This ensures that you're testing the behavior the user would see in the browser. Learn more at https://reactjs.org/link/wrap-tests-with-act
    at CustomerForm (C:/Users/Admin/graceful_books/src/components/customers/CustomerForm.tsx:57:3)
Warning: An update to CustomerForm inside a test was not wrapped in act(...).

When testing, code that causes React state updates should be wrapped into act(...):

act(() => {
  /* fire events that update state */
});
/* assert on the output */

This ensures that you're testing the behavior the user would see in the browser. Learn more at https://reactjs.org/link/wrap-tests-with-act
    at CustomerForm (C:/Users/Admin/graceful_books/src/components/customers/CustomerForm.tsx:57:3)

[90mstderr[2m | src/components/accounts/AccountForm.test.tsx[2m > [22m[2mAccountForm Component[2m > [22m[2mform submission[2m > [22m[2mshould submit valid form data
[22m[39mWarning: An update to AccountForm inside a test was not wrapped in act(...).

When testing, code that causes React state updates should be wrapped into act(...):

act(() => {
  /* fire events that update state */
});
/* assert on the output */

This ensures that you're testing the behavior the user would see in the browser. Learn more at https://reactjs.org/link/wrap-tests-with-act
    at AccountForm (C:/Users/Admin/graceful_books/src/components/accounts/AccountForm.tsx:36:3)
Warning: An update to AccountForm inside a test was not wrapped in act(...).

When testing, code that causes React state updates should be wrapped into act(...):

act(() => {
  /* fire events that update state */
});
/* assert on the output */

This ensures that you're testing the behavior the user would see in the browser. Learn more at https://reactjs.org/link/wrap-tests-with-act
    at AccountForm (C:/Users/Admin/graceful_books/src/components/accounts/AccountForm.tsx:36:3)
Warning: An update to AccountForm inside a test was not wrapped in act(...).

When testing, code that causes React state updates should be wrapped into act(...):

act(() => {
  /* fire events that update state */
});
/* assert on the output */

This ensures that you're testing the behavior the user would see in the browser. Learn more at https://reactjs.org/link/wrap-tests-with-act
    at AccountForm (C:/Users/Admin/graceful_books/src/components/accounts/AccountForm.tsx:36:3)

[90mstderr[2m | src/components/accounts/AccountForm.test.tsx[2m > [22m[2mAccountForm Component[2m > [22m[2mform submission[2m > [22m[2mshould submit valid form data
[22m[39mWarning: An update to AccountForm inside a test was not wrapped in act(...).

When testing, code that causes React state updates should be wrapped into act(...):

act(() => {
  /* fire events that update state */
});
/* assert on the output */

This ensures that you're testing the behavior the user would see in the browser. Learn more at https://reactjs.org/link/wrap-tests-with-act
    at AccountForm (C:/Users/Admin/graceful_books/src/components/accounts/AccountForm.tsx:36:3)
Warning: An update to AccountForm inside a test was not wrapped in act(...).

When testing, code that causes React state updates should be wrapped into act(...):

act(() => {
  /* fire events that update state */
});
/* assert on the output */

This ensures that you're testing the behavior the user would see in the browser. Learn more at https://reactjs.org/link/wrap-tests-with-act
    at AccountForm (C:/Users/Admin/graceful_books/src/components/accounts/AccountForm.tsx:36:3)
Warning: An update to AccountForm inside a test was not wrapped in act(...).

When testing, code that causes React state updates should be wrapped into act(...):

act(() => {
  /* fire events that update state */
});
/* assert on the output */

This ensures that you're testing the behavior the user would see in the browser. Learn more at https://reactjs.org/link/wrap-tests-with-act
    at AccountForm (C:/Users/Admin/graceful_books/src/components/accounts/AccountForm.tsx:36:3)

[90mstderr[2m | src/components/customers/CustomerForm.test.tsx[2m > [22m[2mCustomerForm Component[2m > [22m[2mvalidation[2m > [22m[2mshould accept valid email format
[22m[39mWarning: An update to CustomerForm inside a test was not wrapped in act(...).

When testing, code that causes React state updates should be wrapped into act(...):

act(() => {
  /* fire events that update state */
});
/* assert on the output */

This ensures that you're testing the behavior the user would see in the browser. Learn more at https://reactjs.org/link/wrap-tests-with-act
    at CustomerForm (C:/Users/Admin/graceful_books/src/components/customers/CustomerForm.tsx:57:3)
Warning: An update to CustomerForm inside a test was not wrapped in act(...).

When testing, code that causes React state updates should be wrapped into act(...):

act(() => {
  /* fire events that update state */
});
/* assert on the output */

This ensures that you're testing the behavior the user would see in the browser. Learn more at https://reactjs.org/link/wrap-tests-with-act
    at CustomerForm (C:/Users/Admin/graceful_books/src/components/customers/CustomerForm.tsx:57:3)
Warning: An update to CustomerForm inside a test was not wrapped in act(...).

When testing, code that causes React state updates should be wrapped into act(...):

act(() => {
  /* fire events that update state */
});
/* assert on the output */

This ensures that you're testing the behavior the user would see in the browser. Learn more at https://reactjs.org/link/wrap-tests-with-act
    at CustomerForm (C:/Users/Admin/graceful_books/src/components/customers/CustomerForm.tsx:57:3)

[90mstderr[2m | src/components/accounts/AccountForm.test.tsx[2m > [22m[2mAccountForm Component[2m > [22m[2mform submission[2m > [22m[2mshould submit valid form data
[22m[39mWarning: An update to AccountForm inside a test was not wrapped in act(...).

When testing, code that causes React state updates should be wrapped into act(...):

act(() => {
  /* fire events that update state */
});
/* assert on the output */

This ensures that you're testing the behavior the user would see in the browser. Learn more at https://reactjs.org/link/wrap-tests-with-act
    at AccountForm (C:/Users/Admin/graceful_books/src/components/accounts/AccountForm.tsx:36:3)
Warning: An update to AccountForm inside a test was not wrapped in act(...).

When testing, code that causes React state updates should be wrapped into act(...):

act(() => {
  /* fire events that update state */
});
/* assert on the output */

This ensures that you're testing the behavior the user would see in the browser. Learn more at https://reactjs.org/link/wrap-tests-with-act
    at AccountForm (C:/Users/Admin/graceful_books/src/components/accounts/AccountForm.tsx:36:3)
Warning: An update to AccountForm inside a test was not wrapped in act(...).

When testing, code that causes React state updates should be wrapped into act(...):

act(() => {
  /* fire events that update state */
});
/* assert on the output */

This ensures that you're testing the behavior the user would see in the browser. Learn more at https://reactjs.org/link/wrap-tests-with-act
    at AccountForm (C:/Users/Admin/graceful_books/src/components/accounts/AccountForm.tsx:36:3)

[90mstderr[2m | src/pages/auth/Signup.test.tsx[2m > [22m[2mSignup Page with Charity Selection[2m > [22m[2mcharity selection step[2m > [22m[2mshould enable Create Account button when charity is selected
[22m[39mWarning: An update to Signup inside a test was not wrapped in act(...).

When testing, code that causes React state updates should be wrapped into act(...):

act(() => {
  /* fire events that update state */
});
/* assert on the output */

This ensures that you're testing the behavior the user would see in the browser. Learn more at https://reactjs.org/link/wrap-tests-with-act
    at Signup (C:/Users/Admin/graceful_books/src/pages/auth/Signup.tsx:8:61)
    at Router (C:\Users\Admin\graceful_books\node_modules\react-router\dist\umd\react-router.development.js:1207:17)
    at BrowserRouter (C:\Users\Admin\graceful_books\node_modules\react-router-dom\dist\umd\react-router-dom.development.js:695:7)

[90mstderr[2m | src/components/customers/CustomerForm.test.tsx[2m > [22m[2mCustomerForm Component[2m > [22m[2mvalidation[2m > [22m[2mshould accept valid email format
[22m[39mWarning: An update to CustomerForm inside a test was not wrapped in act(...).

When testing, code that causes React state updates should be wrapped into act(...):

act(() => {
  /* fire events that update state */
});
/* assert on the output */

This ensures that you're testing the behavior the user would see in the browser. Learn more at https://reactjs.org/link/wrap-tests-with-act
    at CustomerForm (C:/Users/Admin/graceful_books/src/components/customers/CustomerForm.tsx:57:3)
Warning: An update to CustomerForm inside a test was not wrapped in act(...).

When testing, code that causes React state updates should be wrapped into act(...):

act(() => {
  /* fire events that update state */
});
/* assert on the output */

This ensures that you're testing the behavior the user would see in the browser. Learn more at https://reactjs.org/link/wrap-tests-with-act
    at CustomerForm (C:/Users/Admin/graceful_books/src/components/customers/CustomerForm.tsx:57:3)
Warning: An update to CustomerForm inside a test was not wrapped in act(...).

When testing, code that causes React state updates should be wrapped into act(...):

act(() => {
  /* fire events that update state */
});
/* assert on the output */

This ensures that you're testing the behavior the user would see in the browser. Learn more at https://reactjs.org/link/wrap-tests-with-act
    at CustomerForm (C:/Users/Admin/graceful_books/src/components/customers/CustomerForm.tsx:57:3)

[90mstderr[2m | src/components/accounts/AccountForm.test.tsx[2m > [22m[2mAccountForm Component[2m > [22m[2mform submission[2m > [22m[2mshould submit valid form data
[22m[39mWarning: An update to AccountForm inside a test was not wrapped in act(...).

When testing, code that causes React state updates should be wrapped into act(...):

act(() => {
  /* fire events that update state */
});
/* assert on the output */

This ensures that you're testing the behavior the user would see in the browser. Learn more at https://reactjs.org/link/wrap-tests-with-act
    at AccountForm (C:/Users/Admin/graceful_books/src/components/accounts/AccountForm.tsx:36:3)
Warning: An update to AccountForm inside a test was not wrapped in act(...).

When testing, code that causes React state updates should be wrapped into act(...):

act(() => {
  /* fire events that update state */
});
/* assert on the output */

This ensures that you're testing the behavior the user would see in the browser. Learn more at https://reactjs.org/link/wrap-tests-with-act
    at AccountForm (C:/Users/Admin/graceful_books/src/components/accounts/AccountForm.tsx:36:3)
Warning: An update to AccountForm inside a test was not wrapped in act(...).

When testing, code that causes React state updates should be wrapped into act(...):

act(() => {
  /* fire events that update state */
});
/* assert on the output */

This ensures that you're testing the behavior the user would see in the browser. Learn more at https://reactjs.org/link/wrap-tests-with-act
    at AccountForm (C:/Users/Admin/graceful_books/src/components/accounts/AccountForm.tsx:36:3)

[90mstderr[2m | src/components/customers/CustomerForm.test.tsx[2m > [22m[2mCustomerForm Component[2m > [22m[2mvalidation[2m > [22m[2mshould accept valid email format
[22m[39mWarning: An update to CustomerForm inside a test was not wrapped in act(...).

When testing, code that causes React state updates should be wrapped into act(...):

act(() => {
  /* fire events that update state */
});
/* assert on the output */

This ensures that you're testing the behavior the user would see in the browser. Learn more at https://reactjs.org/link/wrap-tests-with-act
    at CustomerForm (C:/Users/Admin/graceful_books/src/components/customers/CustomerForm.tsx:57:3)
Warning: An update to CustomerForm inside a test was not wrapped in act(...).

When testing, code that causes React state updates should be wrapped into act(...):

act(() => {
  /* fire events that update state */
});
/* assert on the output */

This ensures that you're testing the behavior the user would see in the browser. Learn more at https://reactjs.org/link/wrap-tests-with-act
    at CustomerForm (C:/Users/Admin/graceful_books/src/components/customers/CustomerForm.tsx:57:3)
Warning: An update to CustomerForm inside a test was not wrapped in act(...).

When testing, code that causes React state updates should be wrapped into act(...):

act(() => {
  /* fire events that update state */
});
/* assert on the output */

This ensures that you're testing the behavior the user would see in the browser. Learn more at https://reactjs.org/link/wrap-tests-with-act
    at CustomerForm (C:/Users/Admin/graceful_books/src/components/customers/CustomerForm.tsx:57:3)

[90mstderr[2m | src/components/accounts/AccountForm.test.tsx[2m > [22m[2mAccountForm Component[2m > [22m[2mform submission[2m > [22m[2mshould submit valid form data
[22m[39mWarning: An update to AccountForm inside a test was not wrapped in act(...).

When testing, code that causes React state updates should be wrapped into act(...):

act(() => {
  /* fire events that update state */
});
/* assert on the output */

This ensures that you're testing the behavior the user would see in the browser. Learn more at https://reactjs.org/link/wrap-tests-with-act
    at AccountForm (C:/Users/Admin/graceful_books/src/components/accounts/AccountForm.tsx:36:3)
Warning: An update to AccountForm inside a test was not wrapped in act(...).

When testing, code that causes React state updates should be wrapped into act(...):

act(() => {
  /* fire events that update state */
});
/* assert on the output */

This ensures that you're testing the behavior the user would see in the browser. Learn more at https://reactjs.org/link/wrap-tests-with-act
    at AccountForm (C:/Users/Admin/graceful_books/src/components/accounts/AccountForm.tsx:36:3)
Warning: An update to AccountForm inside a test was not wrapped in act(...).

When testing, code that causes React state updates should be wrapped into act(...):

act(() => {
  /* fire events that update state */
});
/* assert on the output */

This ensures that you're testing the behavior the user would see in the browser. Learn more at https://reactjs.org/link/wrap-tests-with-act
    at AccountForm (C:/Users/Admin/graceful_books/src/components/accounts/AccountForm.tsx:36:3)

[90mstderr[2m | src/pages/auth/Signup.test.tsx[2m > [22m[2mSignup Page with Charity Selection[2m > [22m[2mcharity selection step[2m > [22m[2mshould enable Create Account button when charity is selected
[22m[39mWarning: An update to CharitySelector inside a test was not wrapped in act(...).

When testing, code that causes React state updates should be wrapped into act(...):

act(() => {
  /* fire events that update state */
});
/* assert on the output */

This ensures that you're testing the behavior the user would see in the browser. Learn more at https://reactjs.org/link/wrap-tests-with-act
    at CharitySelector (C:/Users/Admin/graceful_books/src/components/charity/CharitySelector.tsx:9:3)
    at div
    at div
    at Signup (C:/Users/Admin/graceful_books/src/pages/auth/Signup.tsx:8:61)
    at Router (C:\Users\Admin\graceful_books\node_modules\react-router\dist\umd\react-router.development.js:1207:17)
    at BrowserRouter (C:\Users\Admin\graceful_books\node_modules\react-router-dom\dist\umd\react-router-dom.development.js:695:7)
Warning: An update to CharitySelector inside a test was not wrapped in act(...).

When testing, code that causes React state updates should be wrapped into act(...):

act(() => {
  /* fire events that update state */
});
/* assert on the output */

This ensures that you're testing the behavior the user would see in the browser. Learn more at https://reactjs.org/link/wrap-tests-with-act
    at CharitySelector (C:/Users/Admin/graceful_books/src/components/charity/CharitySelector.tsx:9:3)
    at div
    at div
    at Signup (C:/Users/Admin/graceful_books/src/pages/auth/Signup.tsx:8:61)
    at Router (C:\Users\Admin\graceful_books\node_modules\react-router\dist\umd\react-router.development.js:1207:17)
    at BrowserRouter (C:\Users\Admin\graceful_books\node_modules\react-router-dom\dist\umd\react-router-dom.development.js:695:7)

[90mstderr[2m | src/components/customers/CustomerForm.test.tsx[2m > [22m[2mCustomerForm Component[2m > [22m[2mvalidation[2m > [22m[2mshould accept valid email format
[22m[39mWarning: An update to CustomerForm inside a test was not wrapped in act(...).

When testing, code that causes React state updates should be wrapped into act(...):

act(() => {
  /* fire events that update state */
});
/* assert on the output */

This ensures that you're testing the behavior the user would see in the browser. Learn more at https://reactjs.org/link/wrap-tests-with-act
    at CustomerForm (C:/Users/Admin/graceful_books/src/components/customers/CustomerForm.tsx:57:3)
Warning: An update to CustomerForm inside a test was not wrapped in act(...).

When testing, code that causes React state updates should be wrapped into act(...):

act(() => {
  /* fire events that update state */
});
/* assert on the output */

This ensures that you're testing the behavior the user would see in the browser. Learn more at https://reactjs.org/link/wrap-tests-with-act
    at CustomerForm (C:/Users/Admin/graceful_books/src/components/customers/CustomerForm.tsx:57:3)
Warning: An update to CustomerForm inside a test was not wrapped in act(...).

When testing, code that causes React state updates should be wrapped into act(...):

act(() => {
  /* fire events that update state */
});
/* assert on the output */

This ensures that you're testing the behavior the user would see in the browser. Learn more at https://reactjs.org/link/wrap-tests-with-act
    at CustomerForm (C:/Users/Admin/graceful_books/src/components/customers/CustomerForm.tsx:57:3)

[90mstderr[2m | src/components/accounts/AccountForm.test.tsx[2m > [22m[2mAccountForm Component[2m > [22m[2mform submission[2m > [22m[2mshould submit valid form data
[22m[39mWarning: An update to AccountForm inside a test was not wrapped in act(...).

When testing, code that causes React state updates should be wrapped into act(...):

act(() => {
  /* fire events that update state */
});
/* assert on the output */

This ensures that you're testing the behavior the user would see in the browser. Learn more at https://reactjs.org/link/wrap-tests-with-act
    at AccountForm (C:/Users/Admin/graceful_books/src/components/accounts/AccountForm.tsx:36:3)
Warning: An update to AccountForm inside a test was not wrapped in act(...).

When testing, code that causes React state updates should be wrapped into act(...):

act(() => {
  /* fire events that update state */
});
/* assert on the output */

This ensures that you're testing the behavior the user would see in the browser. Learn more at https://reactjs.org/link/wrap-tests-with-act
    at AccountForm (C:/Users/Admin/graceful_books/src/components/accounts/AccountForm.tsx:36:3)
Warning: An update to AccountForm inside a test was not wrapped in act(...).

When testing, code that causes React state updates should be wrapped into act(...):

act(() => {
  /* fire events that update state */
});
/* assert on the output */

This ensures that you're testing the behavior the user would see in the browser. Learn more at https://reactjs.org/link/wrap-tests-with-act
    at AccountForm (C:/Users/Admin/graceful_books/src/components/accounts/AccountForm.tsx:36:3)

[90mstderr[2m | src/components/accounts/AccountForm.test.tsx[2m > [22m[2mAccountForm Component[2m > [22m[2mform submission[2m > [22m[2mshould submit valid form data
[22m[39mWarning: An update to AccountForm inside a test was not wrapped in act(...).

When testing, code that causes React state updates should be wrapped into act(...):

act(() => {
  /* fire events that update state */
});
/* assert on the output */

This ensures that you're testing the behavior the user would see in the browser. Learn more at https://reactjs.org/link/wrap-tests-with-act
    at AccountForm (C:/Users/Admin/graceful_books/src/components/accounts/AccountForm.tsx:36:3)
Warning: An update to AccountForm inside a test was not wrapped in act(...).

When testing, code that causes React state updates should be wrapped into act(...):

act(() => {
  /* fire events that update state */
});
/* assert on the output */

This ensures that you're testing the behavior the user would see in the browser. Learn more at https://reactjs.org/link/wrap-tests-with-act
    at AccountForm (C:/Users/Admin/graceful_books/src/components/accounts/AccountForm.tsx:36:3)
Warning: An update to AccountForm inside a test was not wrapped in act(...).

When testing, code that causes React state updates should be wrapped into act(...):

act(() => {
  /* fire events that update state */
});
/* assert on the output */

This ensures that you're testing the behavior the user would see in the browser. Learn more at https://reactjs.org/link/wrap-tests-with-act
    at AccountForm (C:/Users/Admin/graceful_books/src/components/accounts/AccountForm.tsx:36:3)

[90mstderr[2m | src/components/customers/CustomerForm.test.tsx[2m > [22m[2mCustomerForm Component[2m > [22m[2mvalidation[2m > [22m[2mshould accept valid email format
[22m[39mWarning: An update to CustomerForm inside a test was not wrapped in act(...).

When testing, code that causes React state updates should be wrapped into act(...):

act(() => {
  /* fire events that update state */
});
/* assert on the output */

This ensures that you're testing the behavior the user would see in the browser. Learn more at https://reactjs.org/link/wrap-tests-with-act
    at CustomerForm (C:/Users/Admin/graceful_books/src/components/customers/CustomerForm.tsx:57:3)
Warning: An update to CustomerForm inside a test was not wrapped in act(...).

When testing, code that causes React state updates should be wrapped into act(...):

act(() => {
  /* fire events that update state */
});
/* assert on the output */

This ensures that you're testing the behavior the user would see in the browser. Learn more at https://reactjs.org/link/wrap-tests-with-act
    at CustomerForm (C:/Users/Admin/graceful_books/src/components/customers/CustomerForm.tsx:57:3)
Warning: An update to CustomerForm inside a test was not wrapped in act(...).

When testing, code that causes React state updates should be wrapped into act(...):

act(() => {
  /* fire events that update state */
});
/* assert on the output */

This ensures that you're testing the behavior the user would see in the browser. Learn more at https://reactjs.org/link/wrap-tests-with-act
    at CustomerForm (C:/Users/Admin/graceful_books/src/components/customers/CustomerForm.tsx:57:3)

[90mstderr[2m | src/components/customers/CustomerForm.test.tsx[2m > [22m[2mCustomerForm Component[2m > [22m[2mvalidation[2m > [22m[2mshould accept valid email format
[22m[39mWarning: An update to CustomerForm inside a test was not wrapped in act(...).

When testing, code that causes React state updates should be wrapped into act(...):

act(() => {
  /* fire events that update state */
});
/* assert on the output */

This ensures that you're testing the behavior the user would see in the browser. Learn more at https://reactjs.org/link/wrap-tests-with-act
    at CustomerForm (C:/Users/Admin/graceful_books/src/components/customers/CustomerForm.tsx:57:3)
Warning: An update to CustomerForm inside a test was not wrapped in act(...).

When testing, code that causes React state updates should be wrapped into act(...):

act(() => {
  /* fire events that update state */
});
/* assert on the output */

This ensures that you're testing the behavior the user would see in the browser. Learn more at https://reactjs.org/link/wrap-tests-with-act
    at CustomerForm (C:/Users/Admin/graceful_books/src/components/customers/CustomerForm.tsx:57:3)
Warning: An update to CustomerForm inside a test was not wrapped in act(...).

When testing, code that causes React state updates should be wrapped into act(...):

act(() => {
  /* fire events that update state */
});
/* assert on the output */

This ensures that you're testing the behavior the user would see in the browser. Learn more at https://reactjs.org/link/wrap-tests-with-act
    at CustomerForm (C:/Users/Admin/graceful_books/src/components/customers/CustomerForm.tsx:57:3)

[90mstderr[2m | src/components/accounts/AccountForm.test.tsx[2m > [22m[2mAccountForm Component[2m > [22m[2mform submission[2m > [22m[2mshould submit valid form data
[22m[39mWarning: An update to AccountForm inside a test was not wrapped in act(...).

When testing, code that causes React state updates should be wrapped into act(...):

act(() => {
  /* fire events that update state */
});
/* assert on the output */

This ensures that you're testing the behavior the user would see in the browser. Learn more at https://reactjs.org/link/wrap-tests-with-act
    at AccountForm (C:/Users/Admin/graceful_books/src/components/accounts/AccountForm.tsx:36:3)
Warning: An update to AccountForm inside a test was not wrapped in act(...).

When testing, code that causes React state updates should be wrapped into act(...):

act(() => {
  /* fire events that update state */
});
/* assert on the output */

This ensures that you're testing the behavior the user would see in the browser. Learn more at https://reactjs.org/link/wrap-tests-with-act
    at AccountForm (C:/Users/Admin/graceful_books/src/components/accounts/AccountForm.tsx:36:3)
Warning: An update to AccountForm inside a test was not wrapped in act(...).

When testing, code that causes React state updates should be wrapped into act(...):

act(() => {
  /* fire events that update state */
});
/* assert on the output */

This ensures that you're testing the behavior the user would see in the browser. Learn more at https://reactjs.org/link/wrap-tests-with-act
    at AccountForm (C:/Users/Admin/graceful_books/src/components/accounts/AccountForm.tsx:36:3)

[90mstderr[2m | src/pages/auth/Signup.test.tsx[2m > [22m[2mSignup Page with Charity Selection[2m > [22m[2mcharity selection step[2m > [22m[2mshould enable Create Account button when charity is selected
[22m[39mWarning: An update to Signup inside a test was not wrapped in act(...).

When testing, code that causes React state updates should be wrapped into act(...):

act(() => {
  /* fire events that update state */
});
/* assert on the output */

This ensures that you're testing the behavior the user would see in the browser. Learn more at https://reactjs.org/link/wrap-tests-with-act
    at Signup (C:/Users/Admin/graceful_books/src/pages/auth/Signup.tsx:8:61)
    at Router (C:\Users\Admin\graceful_books\node_modules\react-router\dist\umd\react-router.development.js:1207:17)
    at BrowserRouter (C:\Users\Admin\graceful_books\node_modules\react-router-dom\dist\umd\react-router-dom.development.js:695:7)

[90mstderr[2m | src/components/customers/CustomerForm.test.tsx[2m > [22m[2mCustomerForm Component[2m > [22m[2mvalidation[2m > [22m[2mshould accept valid email format
[22m[39mWarning: An update to CustomerForm inside a test was not wrapped in act(...).

When testing, code that causes React state updates should be wrapped into act(...):

act(() => {
  /* fire events that update state */
});
/* assert on the output */

This ensures that you're testing the behavior the user would see in the browser. Learn more at https://reactjs.org/link/wrap-tests-with-act
    at CustomerForm (C:/Users/Admin/graceful_books/src/components/customers/CustomerForm.tsx:57:3)
Warning: An update to CustomerForm inside a test was not wrapped in act(...).

When testing, code that causes React state updates should be wrapped into act(...):

act(() => {
  /* fire events that update state */
});
/* assert on the output */

This ensures that you're testing the behavior the user would see in the browser. Learn more at https://reactjs.org/link/wrap-tests-with-act
    at CustomerForm (C:/Users/Admin/graceful_books/src/components/customers/CustomerForm.tsx:57:3)
Warning: An update to CustomerForm inside a test was not wrapped in act(...).

When testing, code that causes React state updates should be wrapped into act(...):

act(() => {
  /* fire events that update state */
});
/* assert on the output */

This ensures that you're testing the behavior the user would see in the browser. Learn more at https://reactjs.org/link/wrap-tests-with-act
    at CustomerForm (C:/Users/Admin/graceful_books/src/components/customers/CustomerForm.tsx:57:3)

[90mstderr[2m | src/components/accounts/AccountForm.test.tsx[2m > [22m[2mAccountForm Component[2m > [22m[2mform submission[2m > [22m[2mshould submit valid form data
[22m[39mWarning: An update to AccountForm inside a test was not wrapped in act(...).

When testing, code that causes React state updates should be wrapped into act(...):

act(() => {
  /* fire events that update state */
});
/* assert on the output */

This ensures that you're testing the behavior the user would see in the browser. Learn more at https://reactjs.org/link/wrap-tests-with-act
    at AccountForm (C:/Users/Admin/graceful_books/src/components/accounts/AccountForm.tsx:36:3)
Warning: An update to AccountForm inside a test was not wrapped in act(...).

When testing, code that causes React state updates should be wrapped into act(...):

act(() => {
  /* fire events that update state */
});
/* assert on the output */

This ensures that you're testing the behavior the user would see in the browser. Learn more at https://reactjs.org/link/wrap-tests-with-act
    at AccountForm (C:/Users/Admin/graceful_books/src/components/accounts/AccountForm.tsx:36:3)
Warning: An update to AccountForm inside a test was not wrapped in act(...).

When testing, code that causes React state updates should be wrapped into act(...):

act(() => {
  /* fire events that update state */
});
/* assert on the output */

This ensures that you're testing the behavior the user would see in the browser. Learn more at https://reactjs.org/link/wrap-tests-with-act
    at AccountForm (C:/Users/Admin/graceful_books/src/components/accounts/AccountForm.tsx:36:3)

[90mstderr[2m | src/components/accounts/AccountForm.test.tsx[2m > [22m[2mAccountForm Component[2m > [22m[2mform submission[2m > [22m[2mshould submit valid form data
[22m[39mWarning: An update to AccountForm inside a test was not wrapped in act(...).

When testing, code that causes React state updates should be wrapped into act(...):

act(() => {
  /* fire events that update state */
});
/* assert on the output */

This ensures that you're testing the behavior the user would see in the browser. Learn more at https://reactjs.org/link/wrap-tests-with-act
    at AccountForm (C:/Users/Admin/graceful_books/src/components/accounts/AccountForm.tsx:36:3)
Warning: An update to AccountForm inside a test was not wrapped in act(...).

When testing, code that causes React state updates should be wrapped into act(...):

act(() => {
  /* fire events that update state */
});
/* assert on the output */

This ensures that you're testing the behavior the user would see in the browser. Learn more at https://reactjs.org/link/wrap-tests-with-act
    at AccountForm (C:/Users/Admin/graceful_books/src/components/accounts/AccountForm.tsx:36:3)
Warning: An update to AccountForm inside a test was not wrapped in act(...).

When testing, code that causes React state updates should be wrapped into act(...):

act(() => {
  /* fire events that update state */
});
/* assert on the output */

This ensures that you're testing the behavior the user would see in the browser. Learn more at https://reactjs.org/link/wrap-tests-with-act
    at AccountForm (C:/Users/Admin/graceful_books/src/components/accounts/AccountForm.tsx:36:3)

[90mstderr[2m | src/components/accounts/AccountForm.test.tsx[2m > [22m[2mAccountForm Component[2m > [22m[2mform submission[2m > [22m[2mshould submit valid form data
[22m[39mWarning: An update to AccountForm inside a test was not wrapped in act(...).

When testing, code that causes React state updates should be wrapped into act(...):

act(() => {
  /* fire events that update state */
});
/* assert on the output */

This ensures that you're testing the behavior the user would see in the browser. Learn more at https://reactjs.org/link/wrap-tests-with-act
    at AccountForm (C:/Users/Admin/graceful_books/src/components/accounts/AccountForm.tsx:36:3)
Warning: An update to AccountForm inside a test was not wrapped in act(...).

When testing, code that causes React state updates should be wrapped into act(...):

act(() => {
  /* fire events that update state */
});
/* assert on the output */

This ensures that you're testing the behavior the user would see in the browser. Learn more at https://reactjs.org/link/wrap-tests-with-act
    at AccountForm (C:/Users/Admin/graceful_books/src/components/accounts/AccountForm.tsx:36:3)
Warning: An update to AccountForm inside a test was not wrapped in act(...).

When testing, code that causes React state updates should be wrapped into act(...):

act(() => {
  /* fire events that update state */
});
/* assert on the output */

This ensures that you're testing the behavior the user would see in the browser. Learn more at https://reactjs.org/link/wrap-tests-with-act
    at AccountForm (C:/Users/Admin/graceful_books/src/components/accounts/AccountForm.tsx:36:3)

[90mstderr[2m | src/components/accounts/AccountForm.test.tsx[2m > [22m[2mAccountForm Component[2m > [22m[2mform submission[2m > [22m[2mshould submit valid form data
[22m[39mWarning: An update to AccountForm inside a test was not wrapped in act(...).

When testing, code that causes React state updates should be wrapped into act(...):

act(() => {
  /* fire events that update state */
});
/* assert on the output */

This ensures that you're testing the behavior the user would see in the browser. Learn more at https://reactjs.org/link/wrap-tests-with-act
    at AccountForm (C:/Users/Admin/graceful_books/src/components/accounts/AccountForm.tsx:36:3)
Warning: An update to AccountForm inside a test was not wrapped in act(...).

When testing, code that causes React state updates should be wrapped into act(...):

act(() => {
  /* fire events that update state */
});
/* assert on the output */

This ensures that you're testing the behavior the user would see in the browser. Learn more at https://reactjs.org/link/wrap-tests-with-act
    at AccountForm (C:/Users/Admin/graceful_books/src/components/accounts/AccountForm.tsx:36:3)
Warning: An update to AccountForm inside a test was not wrapped in act(...).

When testing, code that causes React state updates should be wrapped into act(...):

act(() => {
  /* fire events that update state */
});
/* assert on the output */

This ensures that you're testing the behavior the user would see in the browser. Learn more at https://reactjs.org/link/wrap-tests-with-act
    at AccountForm (C:/Users/Admin/graceful_books/src/components/accounts/AccountForm.tsx:36:3)

[90mstderr[2m | src/components/customers/CustomerForm.test.tsx[2m > [22m[2mCustomerForm Component[2m > [22m[2mvalidation[2m > [22m[2mshould validate phone format
[22m[39mWarning: An update to CustomerForm inside a test was not wrapped in act(...).

When testing, code that causes React state updates should be wrapped into act(...):

act(() => {
  /* fire events that update state */
});
/* assert on the output */

This ensures that you're testing the behavior the user would see in the browser. Learn more at https://reactjs.org/link/wrap-tests-with-act
    at CustomerForm (C:/Users/Admin/graceful_books/src/components/customers/CustomerForm.tsx:57:3)
Warning: An update to CustomerForm inside a test was not wrapped in act(...).

When testing, code that causes React state updates should be wrapped into act(...):

act(() => {
  /* fire events that update state */
});
/* assert on the output */

This ensures that you're testing the behavior the user would see in the browser. Learn more at https://reactjs.org/link/wrap-tests-with-act
    at CustomerForm (C:/Users/Admin/graceful_books/src/components/customers/CustomerForm.tsx:57:3)
Warning: An update to CustomerForm inside a test was not wrapped in act(...).

When testing, code that causes React state updates should be wrapped into act(...):

act(() => {
  /* fire events that update state */
});
/* assert on the output */

This ensures that you're testing the behavior the user would see in the browser. Learn more at https://reactjs.org/link/wrap-tests-with-act
    at CustomerForm (C:/Users/Admin/graceful_books/src/components/customers/CustomerForm.tsx:57:3)

[90mstderr[2m | src/components/customers/CustomerForm.test.tsx[2m > [22m[2mCustomerForm Component[2m > [22m[2mvalidation[2m > [22m[2mshould validate phone format
[22m[39mWarning: An update to CustomerForm inside a test was not wrapped in act(...).

When testing, code that causes React state updates should be wrapped into act(...):

act(() => {
  /* fire events that update state */
});
/* assert on the output */

This ensures that you're testing the behavior the user would see in the browser. Learn more at https://reactjs.org/link/wrap-tests-with-act
    at CustomerForm (C:/Users/Admin/graceful_books/src/components/customers/CustomerForm.tsx:57:3)
Warning: An update to CustomerForm inside a test was not wrapped in act(...).

When testing, code that causes React state updates should be wrapped into act(...):

act(() => {
  /* fire events that update state */
});
/* assert on the output */

This ensures that you're testing the behavior the user would see in the browser. Learn more at https://reactjs.org/link/wrap-tests-with-act
    at CustomerForm (C:/Users/Admin/graceful_books/src/components/customers/CustomerForm.tsx:57:3)
Warning: An update to CustomerForm inside a test was not wrapped in act(...).

When testing, code that causes React state updates should be wrapped into act(...):

act(() => {
  /* fire events that update state */
});
/* assert on the output */

This ensures that you're testing the behavior the user would see in the browser. Learn more at https://reactjs.org/link/wrap-tests-with-act
    at CustomerForm (C:/Users/Admin/graceful_books/src/components/customers/CustomerForm.tsx:57:3)

[90mstderr[2m | src/components/customers/CustomerForm.test.tsx[2m > [22m[2mCustomerForm Component[2m > [22m[2mvalidation[2m > [22m[2mshould validate phone format
[22m[39mWarning: An update to CustomerForm inside a test was not wrapped in act(...).

When testing, code that causes React state updates should be wrapped into act(...):

act(() => {
  /* fire events that update state */
});
/* assert on the output */

This ensures that you're testing the behavior the user would see in the browser. Learn more at https://reactjs.org/link/wrap-tests-with-act
    at CustomerForm (C:/Users/Admin/graceful_books/src/components/customers/CustomerForm.tsx:57:3)
Warning: An update to CustomerForm inside a test was not wrapped in act(...).

When testing, code that causes React state updates should be wrapped into act(...):

act(() => {
  /* fire events that update state */
});
/* assert on the output */

This ensures that you're testing the behavior the user would see in the browser. Learn more at https://reactjs.org/link/wrap-tests-with-act
    at CustomerForm (C:/Users/Admin/graceful_books/src/components/customers/CustomerForm.tsx:57:3)
Warning: An update to CustomerForm inside a test was not wrapped in act(...).

When testing, code that causes React state updates should be wrapped into act(...):

act(() => {
  /* fire events that update state */
});
/* assert on the output */

This ensures that you're testing the behavior the user would see in the browser. Learn more at https://reactjs.org/link/wrap-tests-with-act
    at CustomerForm (C:/Users/Admin/graceful_books/src/components/customers/CustomerForm.tsx:57:3)

[90mstderr[2m | src/components/customers/CustomerForm.test.tsx[2m > [22m[2mCustomerForm Component[2m > [22m[2mvalidation[2m > [22m[2mshould validate phone format
[22m[39mWarning: An update to CustomerForm inside a test was not wrapped in act(...).

When testing, code that causes React state updates should be wrapped into act(...):

act(() => {
  /* fire events that update state */
});
/* assert on the output */

This ensures that you're testing the behavior the user would see in the browser. Learn more at https://reactjs.org/link/wrap-tests-with-act
    at CustomerForm (C:/Users/Admin/graceful_books/src/components/customers/CustomerForm.tsx:57:3)
Warning: An update to CustomerForm inside a test was not wrapped in act(...).

When testing, code that causes React state updates should be wrapped into act(...):

act(() => {
  /* fire events that update state */
});
/* assert on the output */

This ensures that you're testing the behavior the user would see in the browser. Learn more at https://reactjs.org/link/wrap-tests-with-act
    at CustomerForm (C:/Users/Admin/graceful_books/src/components/customers/CustomerForm.tsx:57:3)
Warning: An update to CustomerForm inside a test was not wrapped in act(...).

When testing, code that causes React state updates should be wrapped into act(...):

act(() => {
  /* fire events that update state */
});
/* assert on the output */

This ensures that you're testing the behavior the user would see in the browser. Learn more at https://reactjs.org/link/wrap-tests-with-act
    at CustomerForm (C:/Users/Admin/graceful_books/src/components/customers/CustomerForm.tsx:57:3)

[90mstderr[2m | src/components/customers/CustomerForm.test.tsx[2m > [22m[2mCustomerForm Component[2m > [22m[2mvalidation[2m > [22m[2mshould validate phone format
[22m[39mWarning: An update to CustomerForm inside a test was not wrapped in act(...).

When testing, code that causes React state updates should be wrapped into act(...):

act(() => {
  /* fire events that update state */
});
/* assert on the output */

This ensures that you're testing the behavior the user would see in the browser. Learn more at https://reactjs.org/link/wrap-tests-with-act
    at CustomerForm (C:/Users/Admin/graceful_books/src/components/customers/CustomerForm.tsx:57:3)
Warning: An update to CustomerForm inside a test was not wrapped in act(...).

When testing, code that causes React state updates should be wrapped into act(...):

act(() => {
  /* fire events that update state */
});
/* assert on the output */

This ensures that you're testing the behavior the user would see in the browser. Learn more at https://reactjs.org/link/wrap-tests-with-act
    at CustomerForm (C:/Users/Admin/graceful_books/src/components/customers/CustomerForm.tsx:57:3)
Warning: An update to CustomerForm inside a test was not wrapped in act(...).

When testing, code that causes React state updates should be wrapped into act(...):

act(() => {
  /* fire events that update state */
});
/* assert on the output */

This ensures that you're testing the behavior the user would see in the browser. Learn more at https://reactjs.org/link/wrap-tests-with-act
    at CustomerForm (C:/Users/Admin/graceful_books/src/components/customers/CustomerForm.tsx:57:3)

[90mstderr[2m | src/components/accounts/AccountForm.test.tsx[2m > [22m[2mAccountForm Component[2m > [22m[2mform submission[2m > [22m[2mshould submit valid form data
[22m[39mWarning: An update to AccountForm inside a test was not wrapped in act(...).

When testing, code that causes React state updates should be wrapped into act(...):

act(() => {
  /* fire events that update state */
});
/* assert on the output */

This ensures that you're testing the behavior the user would see in the browser. Learn more at https://reactjs.org/link/wrap-tests-with-act
    at AccountForm (C:/Users/Admin/graceful_books/src/components/accounts/AccountForm.tsx:36:3)
Warning: An update to AccountForm inside a test was not wrapped in act(...).

When testing, code that causes React state updates should be wrapped into act(...):

act(() => {
  /* fire events that update state */
});
/* assert on the output */

This ensures that you're testing the behavior the user would see in the browser. Learn more at https://reactjs.org/link/wrap-tests-with-act
    at AccountForm (C:/Users/Admin/graceful_books/src/components/accounts/AccountForm.tsx:36:3)
Warning: An update to AccountForm inside a test was not wrapped in act(...).

When testing, code that causes React state updates should be wrapped into act(...):

act(() => {
  /* fire events that update state */
});
/* assert on the output */

This ensures that you're testing the behavior the user would see in the browser. Learn more at https://reactjs.org/link/wrap-tests-with-act
    at AccountForm (C:/Users/Admin/graceful_books/src/components/accounts/AccountForm.tsx:36:3)

[90mstderr[2m | src/components/customers/CustomerForm.test.tsx[2m > [22m[2mCustomerForm Component[2m > [22m[2mvalidation[2m > [22m[2mshould validate phone format
[22m[39mWarning: An update to CustomerForm inside a test was not wrapped in act(...).

When testing, code that causes React state updates should be wrapped into act(...):

act(() => {
  /* fire events that update state */
});
/* assert on the output */

This ensures that you're testing the behavior the user would see in the browser. Learn more at https://reactjs.org/link/wrap-tests-with-act
    at CustomerForm (C:/Users/Admin/graceful_books/src/components/customers/CustomerForm.tsx:57:3)
Warning: An update to CustomerForm inside a test was not wrapped in act(...).

When testing, code that causes React state updates should be wrapped into act(...):

act(() => {
  /* fire events that update state */
});
/* assert on the output */

This ensures that you're testing the behavior the user would see in the browser. Learn more at https://reactjs.org/link/wrap-tests-with-act
    at CustomerForm (C:/Users/Admin/graceful_books/src/components/customers/CustomerForm.tsx:57:3)
Warning: An update to CustomerForm inside a test was not wrapped in act(...).

When testing, code that causes React state updates should be wrapped into act(...):

act(() => {
  /* fire events that update state */
});
/* assert on the output */

This ensures that you're testing the behavior the user would see in the browser. Learn more at https://reactjs.org/link/wrap-tests-with-act
    at CustomerForm (C:/Users/Admin/graceful_books/src/components/customers/CustomerForm.tsx:57:3)

[90mstderr[2m | src/pages/auth/Signup.test.tsx[2m > [22m[2mSignup Page with Charity Selection[2m > [22m[2mcharity selection step[2m > [22m[2mshould go back to credentials step when Back is clicked
[22m[39mWarning: An update to Signup inside a test was not wrapped in act(...).

When testing, code that causes React state updates should be wrapped into act(...):

act(() => {
  /* fire events that update state */
});
/* assert on the output */

This ensures that you're testing the behavior the user would see in the browser. Learn more at https://reactjs.org/link/wrap-tests-with-act
    at Signup (C:/Users/Admin/graceful_books/src/pages/auth/Signup.tsx:8:61)
    at Router (C:\Users\Admin\graceful_books\node_modules\react-router\dist\umd\react-router.development.js:1207:17)
    at BrowserRouter (C:\Users\Admin\graceful_books\node_modules\react-router-dom\dist\umd\react-router-dom.development.js:695:7)

[90mstderr[2m | src/components/customers/CustomerForm.test.tsx[2m > [22m[2mCustomerForm Component[2m > [22m[2mvalidation[2m > [22m[2mshould validate phone format
[22m[39mWarning: An update to CustomerForm inside a test was not wrapped in act(...).

When testing, code that causes React state updates should be wrapped into act(...):

act(() => {
  /* fire events that update state */
});
/* assert on the output */

This ensures that you're testing the behavior the user would see in the browser. Learn more at https://reactjs.org/link/wrap-tests-with-act
    at CustomerForm (C:/Users/Admin/graceful_books/src/components/customers/CustomerForm.tsx:57:3)
Warning: An update to CustomerForm inside a test was not wrapped in act(...).

When testing, code that causes React state updates should be wrapped into act(...):

act(() => {
  /* fire events that update state */
});
/* assert on the output */

This ensures that you're testing the behavior the user would see in the browser. Learn more at https://reactjs.org/link/wrap-tests-with-act
    at CustomerForm (C:/Users/Admin/graceful_books/src/components/customers/CustomerForm.tsx:57:3)
Warning: An update to CustomerForm inside a test was not wrapped in act(...).

When testing, code that causes React state updates should be wrapped into act(...):

act(() => {
  /* fire events that update state */
});
/* assert on the output */

This ensures that you're testing the behavior the user would see in the browser. Learn more at https://reactjs.org/link/wrap-tests-with-act
    at CustomerForm (C:/Users/Admin/graceful_books/src/components/customers/CustomerForm.tsx:57:3)

[90mstderr[2m | src/components/customers/CustomerForm.test.tsx[2m > [22m[2mCustomerForm Component[2m > [22m[2mvalidation[2m > [22m[2mshould validate phone format
[22m[39mWarning: An update to CustomerForm inside a test was not wrapped in act(...).

When testing, code that causes React state updates should be wrapped into act(...):

act(() => {
  /* fire events that update state */
});
/* assert on the output */

This ensures that you're testing the behavior the user would see in the browser. Learn more at https://reactjs.org/link/wrap-tests-with-act
    at CustomerForm (C:/Users/Admin/graceful_books/src/components/customers/CustomerForm.tsx:57:3)
Warning: An update to CustomerForm inside a test was not wrapped in act(...).

When testing, code that causes React state updates should be wrapped into act(...):

act(() => {
  /* fire events that update state */
});
/* assert on the output */

This ensures that you're testing the behavior the user would see in the browser. Learn more at https://reactjs.org/link/wrap-tests-with-act
    at CustomerForm (C:/Users/Admin/graceful_books/src/components/customers/CustomerForm.tsx:57:3)
Warning: An update to CustomerForm inside a test was not wrapped in act(...).

When testing, code that causes React state updates should be wrapped into act(...):

act(() => {
  /* fire events that update state */
});
/* assert on the output */

This ensures that you're testing the behavior the user would see in the browser. Learn more at https://reactjs.org/link/wrap-tests-with-act
    at CustomerForm (C:/Users/Admin/graceful_books/src/components/customers/CustomerForm.tsx:57:3)

[90mstderr[2m | src/pages/auth/Signup.test.tsx[2m > [22m[2mSignup Page with Charity Selection[2m > [22m[2mcharity selection step[2m > [22m[2mshould go back to credentials step when Back is clicked
[22m[39mWarning: An update to Signup inside a test was not wrapped in act(...).

When testing, code that causes React state updates should be wrapped into act(...):

act(() => {
  /* fire events that update state */
});
/* assert on the output */

This ensures that you're testing the behavior the user would see in the browser. Learn more at https://reactjs.org/link/wrap-tests-with-act
    at Signup (C:/Users/Admin/graceful_books/src/pages/auth/Signup.tsx:8:61)
    at Router (C:\Users\Admin\graceful_books\node_modules\react-router\dist\umd\react-router.development.js:1207:17)
    at BrowserRouter (C:\Users\Admin\graceful_books\node_modules\react-router-dom\dist\umd\react-router-dom.development.js:695:7)

[90mstderr[2m | src/components/customers/CustomerForm.test.tsx[2m > [22m[2mCustomerForm Component[2m > [22m[2mvalidation[2m > [22m[2mshould validate phone format
[22m[39mWarning: An update to CustomerForm inside a test was not wrapped in act(...).

When testing, code that causes React state updates should be wrapped into act(...):

act(() => {
  /* fire events that update state */
});
/* assert on the output */

This ensures that you're testing the behavior the user would see in the browser. Learn more at https://reactjs.org/link/wrap-tests-with-act
    at CustomerForm (C:/Users/Admin/graceful_books/src/components/customers/CustomerForm.tsx:57:3)
Warning: An update to CustomerForm inside a test was not wrapped in act(...).

When testing, code that causes React state updates should be wrapped into act(...):

act(() => {
  /* fire events that update state */
});
/* assert on the output */

This ensures that you're testing the behavior the user would see in the browser. Learn more at https://reactjs.org/link/wrap-tests-with-act
    at CustomerForm (C:/Users/Admin/graceful_books/src/components/customers/CustomerForm.tsx:57:3)
Warning: An update to CustomerForm inside a test was not wrapped in act(...).

When testing, code that causes React state updates should be wrapped into act(...):

act(() => {
  /* fire events that update state */
});
/* assert on the output */

This ensures that you're testing the behavior the user would see in the browser. Learn more at https://reactjs.org/link/wrap-tests-with-act
    at CustomerForm (C:/Users/Admin/graceful_books/src/components/customers/CustomerForm.tsx:57:3)

[90mstderr[2m | src/components/customers/CustomerForm.test.tsx[2m > [22m[2mCustomerForm Component[2m > [22m[2mvalidation[2m > [22m[2mshould validate phone format
[22m[39mWarning: An update to CustomerForm inside a test was not wrapped in act(...).

When testing, code that causes React state updates should be wrapped into act(...):

act(() => {
  /* fire events that update state */
});
/* assert on the output */

This ensures that you're testing the behavior the user would see in the browser. Learn more at https://reactjs.org/link/wrap-tests-with-act
    at CustomerForm (C:/Users/Admin/graceful_books/src/components/customers/CustomerForm.tsx:57:3)
Warning: An update to CustomerForm inside a test was not wrapped in act(...).

When testing, code that causes React state updates should be wrapped into act(...):

act(() => {
  /* fire events that update state */
});
/* assert on the output */

This ensures that you're testing the behavior the user would see in the browser. Learn more at https://reactjs.org/link/wrap-tests-with-act
    at CustomerForm (C:/Users/Admin/graceful_books/src/components/customers/CustomerForm.tsx:57:3)
Warning: An update to CustomerForm inside a test was not wrapped in act(...).

When testing, code that causes React state updates should be wrapped into act(...):

act(() => {
  /* fire events that update state */
});
/* assert on the output */

This ensures that you're testing the behavior the user would see in the browser. Learn more at https://reactjs.org/link/wrap-tests-with-act
    at CustomerForm (C:/Users/Admin/graceful_books/src/components/customers/CustomerForm.tsx:57:3)

[90mstderr[2m | src/components/customers/CustomerForm.test.tsx[2m > [22m[2mCustomerForm Component[2m > [22m[2mvalidation[2m > [22m[2mshould validate phone format
[22m[39mWarning: An update to CustomerForm inside a test was not wrapped in act(...).

When testing, code that causes React state updates should be wrapped into act(...):

act(() => {
  /* fire events that update state */
});
/* assert on the output */

This ensures that you're testing the behavior the user would see in the browser. Learn more at https://reactjs.org/link/wrap-tests-with-act
    at CustomerForm (C:/Users/Admin/graceful_books/src/components/customers/CustomerForm.tsx:57:3)
Warning: An update to CustomerForm inside a test was not wrapped in act(...).

When testing, code that causes React state updates should be wrapped into act(...):

act(() => {
  /* fire events that update state */
});
/* assert on the output */

This ensures that you're testing the behavior the user would see in the browser. Learn more at https://reactjs.org/link/wrap-tests-with-act
    at CustomerForm (C:/Users/Admin/graceful_books/src/components/customers/CustomerForm.tsx:57:3)
Warning: An update to CustomerForm inside a test was not wrapped in act(...).

When testing, code that causes React state updates should be wrapped into act(...):

act(() => {
  /* fire events that update state */
});
/* assert on the output */

This ensures that you're testing the behavior the user would see in the browser. Learn more at https://reactjs.org/link/wrap-tests-with-act
    at CustomerForm (C:/Users/Admin/graceful_books/src/components/customers/CustomerForm.tsx:57:3)

[90mstderr[2m | src/pages/auth/Signup.test.tsx[2m > [22m[2mSignup Page with Charity Selection[2m > [22m[2mcharity selection step[2m > [22m[2mshould go back to credentials step when Back is clicked
[22m[39mWarning: An update to Signup inside a test was not wrapped in act(...).

When testing, code that causes React state updates should be wrapped into act(...):

act(() => {
  /* fire events that update state */
});
/* assert on the output */

This ensures that you're testing the behavior the user would see in the browser. Learn more at https://reactjs.org/link/wrap-tests-with-act
    at Signup (C:/Users/Admin/graceful_books/src/pages/auth/Signup.tsx:8:61)
    at Router (C:\Users\Admin\graceful_books\node_modules\react-router\dist\umd\react-router.development.js:1207:17)
    at BrowserRouter (C:\Users\Admin\graceful_books\node_modules\react-router-dom\dist\umd\react-router-dom.development.js:695:7)

[90mstderr[2m | src/components/customers/CustomerForm.test.tsx[2m > [22m[2mCustomerForm Component[2m > [22m[2mvalidation[2m > [22m[2mshould validate phone format
[22m[39mWarning: An update to CustomerForm inside a test was not wrapped in act(...).

When testing, code that causes React state updates should be wrapped into act(...):

act(() => {
  /* fire events that update state */
});
/* assert on the output */

This ensures that you're testing the behavior the user would see in the browser. Learn more at https://reactjs.org/link/wrap-tests-with-act
    at CustomerForm (C:/Users/Admin/graceful_books/src/components/customers/CustomerForm.tsx:57:3)
Warning: An update to CustomerForm inside a test was not wrapped in act(...).

When testing, code that causes React state updates should be wrapped into act(...):

act(() => {
  /* fire events that update state */
});
/* assert on the output */

This ensures that you're testing the behavior the user would see in the browser. Learn more at https://reactjs.org/link/wrap-tests-with-act
    at CustomerForm (C:/Users/Admin/graceful_books/src/components/customers/CustomerForm.tsx:57:3)
Warning: An update to CustomerForm inside a test was not wrapped in act(...).

When testing, code that causes React state updates should be wrapped into act(...):

act(() => {
  /* fire events that update state */
});
/* assert on the output */

This ensures that you're testing the behavior the user would see in the browser. Learn more at https://reactjs.org/link/wrap-tests-with-act
    at CustomerForm (C:/Users/Admin/graceful_books/src/components/customers/CustomerForm.tsx:57:3)

[90mstderr[2m | src/components/customers/CustomerForm.test.tsx[2m > [22m[2mCustomerForm Component[2m > [22m[2mvalidation[2m > [22m[2mshould validate phone format
[22m[39mWarning: An update to CustomerForm inside a test was not wrapped in act(...).

When testing, code that causes React state updates should be wrapped into act(...):

act(() => {
  /* fire events that update state */
});
/* assert on the output */

This ensures that you're testing the behavior the user would see in the browser. Learn more at https://reactjs.org/link/wrap-tests-with-act
    at CustomerForm (C:/Users/Admin/graceful_books/src/components/customers/CustomerForm.tsx:57:3)
Warning: An update to CustomerForm inside a test was not wrapped in act(...).

When testing, code that causes React state updates should be wrapped into act(...):

act(() => {
  /* fire events that update state */
});
/* assert on the output */

This ensures that you're testing the behavior the user would see in the browser. Learn more at https://reactjs.org/link/wrap-tests-with-act
    at CustomerForm (C:/Users/Admin/graceful_books/src/components/customers/CustomerForm.tsx:57:3)
Warning: An update to CustomerForm inside a test was not wrapped in act(...).

When testing, code that causes React state updates should be wrapped into act(...):

act(() => {
  /* fire events that update state */
});
/* assert on the output */

This ensures that you're testing the behavior the user would see in the browser. Learn more at https://reactjs.org/link/wrap-tests-with-act
    at CustomerForm (C:/Users/Admin/graceful_books/src/components/customers/CustomerForm.tsx:57:3)

[90mstderr[2m | src/pages/auth/Signup.test.tsx[2m > [22m[2mSignup Page with Charity Selection[2m > [22m[2mcharity selection step[2m > [22m[2mshould go back to credentials step when Back is clicked
[22m[39mWarning: An update to Signup inside a test was not wrapped in act(...).

When testing, code that causes React state updates should be wrapped into act(...):

act(() => {
  /* fire events that update state */
});
/* assert on the output */

This ensures that you're testing the behavior the user would see in the browser. Learn more at https://reactjs.org/link/wrap-tests-with-act
    at Signup (C:/Users/Admin/graceful_books/src/pages/auth/Signup.tsx:8:61)
    at Router (C:\Users\Admin\graceful_books\node_modules\react-router\dist\umd\react-router.development.js:1207:17)
    at BrowserRouter (C:\Users\Admin\graceful_books\node_modules\react-router-dom\dist\umd\react-router-dom.development.js:695:7)

[90mstderr[2m | src/pages/auth/Signup.test.tsx[2m > [22m[2mSignup Page with Charity Selection[2m > [22m[2mcharity selection step[2m > [22m[2mshould go back to credentials step when Back is clicked
[22m[39mWarning: An update to Signup inside a test was not wrapped in act(...).

When testing, code that causes React state updates should be wrapped into act(...):

act(() => {
  /* fire events that update state */
});
/* assert on the output */

This ensures that you're testing the behavior the user would see in the browser. Learn more at https://reactjs.org/link/wrap-tests-with-act
    at Signup (C:/Users/Admin/graceful_books/src/pages/auth/Signup.tsx:8:61)
    at Router (C:\Users\Admin\graceful_books\node_modules\react-router\dist\umd\react-router.development.js:1207:17)
    at BrowserRouter (C:\Users\Admin\graceful_books\node_modules\react-router-dom\dist\umd\react-router-dom.development.js:695:7)

[90mstderr[2m | src/components/accounts/AccountForm.test.tsx[2m > [22m[2mAccountForm Component[2m > [22m[2mform submission[2m > [22m[2mshould submit valid form data
[22m[39mWarning: An update to Input inside a test was not wrapped in act(...).

When testing, code that causes React state updates should be wrapped into act(...):

act(() => {
  /* fire events that update state */
});
/* assert on the output */

This ensures that you're testing the behavior the user would see in the browser. Learn more at https://reactjs.org/link/wrap-tests-with-act
    at C:/Users/Admin/graceful_books/src/components/forms/Input.tsx:8:5
    at div
    at form
    at AccountForm (C:/Users/Admin/graceful_books/src/components/accounts/AccountForm.tsx:36:3)
Warning: An update to AccountForm inside a test was not wrapped in act(...).

When testing, code that causes React state updates should be wrapped into act(...):

act(() => {
  /* fire events that update state */
});
/* assert on the output */

This ensures that you're testing the behavior the user would see in the browser. Learn more at https://reactjs.org/link/wrap-tests-with-act
    at AccountForm (C:/Users/Admin/graceful_books/src/components/accounts/AccountForm.tsx:36:3)
Warning: An update to AccountForm inside a test was not wrapped in act(...).

When testing, code that causes React state updates should be wrapped into act(...):

act(() => {
  /* fire events that update state */
});
/* assert on the output */

This ensures that you're testing the behavior the user would see in the browser. Learn more at https://reactjs.org/link/wrap-tests-with-act
    at AccountForm (C:/Users/Admin/graceful_books/src/components/accounts/AccountForm.tsx:36:3)
Warning: An update to AccountForm inside a test was not wrapped in act(...).

When testing, code that causes React state updates should be wrapped into act(...):

act(() => {
  /* fire events that update state */
});
/* assert on the output */

This ensures that you're testing the behavior the user would see in the browser. Learn more at https://reactjs.org/link/wrap-tests-with-act
    at AccountForm (C:/Users/Admin/graceful_books/src/components/accounts/AccountForm.tsx:36:3)

[90mstderr[2m | src/pages/auth/Signup.test.tsx[2m > [22m[2mSignup Page with Charity Selection[2m > [22m[2mcharity selection step[2m > [22m[2mshould go back to credentials step when Back is clicked
[22m[39mWarning: An update to Signup inside a test was not wrapped in act(...).

When testing, code that causes React state updates should be wrapped into act(...):

act(() => {
  /* fire events that update state */
});
/* assert on the output */

This ensures that you're testing the behavior the user would see in the browser. Learn more at https://reactjs.org/link/wrap-tests-with-act
    at Signup (C:/Users/Admin/graceful_books/src/pages/auth/Signup.tsx:8:61)
    at Router (C:\Users\Admin\graceful_books\node_modules\react-router\dist\umd\react-router.development.js:1207:17)
    at BrowserRouter (C:\Users\Admin\graceful_books\node_modules\react-router-dom\dist\umd\react-router-dom.development.js:695:7)

[90mstderr[2m | src/components/accounts/AccountForm.test.tsx[2m > [22m[2mAccountForm Component[2m > [22m[2mform submission[2m > [22m[2mshould submit valid form data
[22m[39mWarning: An update to Input inside a test was not wrapped in act(...).

When testing, code that causes React state updates should be wrapped into act(...):

act(() => {
  /* fire events that update state */
});
/* assert on the output */

This ensures that you're testing the behavior the user would see in the browser. Learn more at https://reactjs.org/link/wrap-tests-with-act
    at C:/Users/Admin/graceful_books/src/components/forms/Input.tsx:8:5
    at div
    at form
    at AccountForm (C:/Users/Admin/graceful_books/src/components/accounts/AccountForm.tsx:36:3)
Warning: An update to AccountForm inside a test was not wrapped in act(...).

When testing, code that causes React state updates should be wrapped into act(...):

act(() => {
  /* fire events that update state */
});
/* assert on the output */

This ensures that you're testing the behavior the user would see in the browser. Learn more at https://reactjs.org/link/wrap-tests-with-act
    at AccountForm (C:/Users/Admin/graceful_books/src/components/accounts/AccountForm.tsx:36:3)
Warning: An update to AccountForm inside a test was not wrapped in act(...).

When testing, code that causes React state updates should be wrapped into act(...):

act(() => {
  /* fire events that update state */
});
/* assert on the output */

This ensures that you're testing the behavior the user would see in the browser. Learn more at https://reactjs.org/link/wrap-tests-with-act
    at AccountForm (C:/Users/Admin/graceful_books/src/components/accounts/AccountForm.tsx:36:3)
Warning: An update to AccountForm inside a test was not wrapped in act(...).

When testing, code that causes React state updates should be wrapped into act(...):

act(() => {
  /* fire events that update state */
});
/* assert on the output */

This ensures that you're testing the behavior the user would see in the browser. Learn more at https://reactjs.org/link/wrap-tests-with-act
    at AccountForm (C:/Users/Admin/graceful_books/src/components/accounts/AccountForm.tsx:36:3)

[90mstderr[2m | src/components/customers/CustomerForm.test.tsx[2m > [22m[2mCustomerForm Component[2m > [22m[2mvalidation[2m > [22m[2mshould validate phone format
[22m[39mWarning: An update to CustomerForm inside a test was not wrapped in act(...).

When testing, code that causes React state updates should be wrapped into act(...):

act(() => {
  /* fire events that update state */
});
/* assert on the output */

This ensures that you're testing the behavior the user would see in the browser. Learn more at https://reactjs.org/link/wrap-tests-with-act
    at CustomerForm (C:/Users/Admin/graceful_books/src/components/customers/CustomerForm.tsx:57:3)
Warning: An update to CustomerForm inside a test was not wrapped in act(...).

When testing, code that causes React state updates should be wrapped into act(...):

act(() => {
  /* fire events that update state */
});
/* assert on the output */

This ensures that you're testing the behavior the user would see in the browser. Learn more at https://reactjs.org/link/wrap-tests-with-act
    at CustomerForm (C:/Users/Admin/graceful_books/src/components/customers/CustomerForm.tsx:57:3)
Warning: An update to CustomerForm inside a test was not wrapped in act(...).

When testing, code that causes React state updates should be wrapped into act(...):

act(() => {
  /* fire events that update state */
});
/* assert on the output */

This ensures that you're testing the behavior the user would see in the browser. Learn more at https://reactjs.org/link/wrap-tests-with-act
    at CustomerForm (C:/Users/Admin/graceful_books/src/components/customers/CustomerForm.tsx:57:3)

[90mstderr[2m | src/pages/auth/Signup.test.tsx[2m > [22m[2mSignup Page with Charity Selection[2m > [22m[2mcharity selection step[2m > [22m[2mshould go back to credentials step when Back is clicked
[22m[39mWarning: An update to Signup inside a test was not wrapped in act(...).

When testing, code that causes React state updates should be wrapped into act(...):

act(() => {
  /* fire events that update state */
});
/* assert on the output */

This ensures that you're testing the behavior the user would see in the browser. Learn more at https://reactjs.org/link/wrap-tests-with-act
    at Signup (C:/Users/Admin/graceful_books/src/pages/auth/Signup.tsx:8:61)
    at Router (C:\Users\Admin\graceful_books\node_modules\react-router\dist\umd\react-router.development.js:1207:17)
    at BrowserRouter (C:\Users\Admin\graceful_books\node_modules\react-router-dom\dist\umd\react-router-dom.development.js:695:7)

[90mstderr[2m | src/components/accounts/AccountForm.test.tsx[2m > [22m[2mAccountForm Component[2m > [22m[2mform submission[2m > [22m[2mshould submit valid form data
[22m[39mWarning: An update to Input inside a test was not wrapped in act(...).

When testing, code that causes React state updates should be wrapped into act(...):

act(() => {
  /* fire events that update state */
});
/* assert on the output */

This ensures that you're testing the behavior the user would see in the browser. Learn more at https://reactjs.org/link/wrap-tests-with-act
    at C:/Users/Admin/graceful_books/src/components/forms/Input.tsx:8:5
    at div
    at form
    at AccountForm (C:/Users/Admin/graceful_books/src/components/accounts/AccountForm.tsx:36:3)
Warning: An update to AccountForm inside a test was not wrapped in act(...).

When testing, code that causes React state updates should be wrapped into act(...):

act(() => {
  /* fire events that update state */
});
/* assert on the output */

This ensures that you're testing the behavior the user would see in the browser. Learn more at https://reactjs.org/link/wrap-tests-with-act
    at AccountForm (C:/Users/Admin/graceful_books/src/components/accounts/AccountForm.tsx:36:3)
Warning: An update to AccountForm inside a test was not wrapped in act(...).

When testing, code that causes React state updates should be wrapped into act(...):

act(() => {
  /* fire events that update state */
});
/* assert on the output */

This ensures that you're testing the behavior the user would see in the browser. Learn more at https://reactjs.org/link/wrap-tests-with-act
    at AccountForm (C:/Users/Admin/graceful_books/src/components/accounts/AccountForm.tsx:36:3)
Warning: An update to AccountForm inside a test was not wrapped in act(...).

When testing, code that causes React state updates should be wrapped into act(...):

act(() => {
  /* fire events that update state */
});
/* assert on the output */

This ensures that you're testing the behavior the user would see in the browser. Learn more at https://reactjs.org/link/wrap-tests-with-act
    at AccountForm (C:/Users/Admin/graceful_books/src/components/accounts/AccountForm.tsx:36:3)

[90mstderr[2m | src/components/customers/CustomerForm.test.tsx[2m > [22m[2mCustomerForm Component[2m > [22m[2mvalidation[2m > [22m[2mshould validate phone format
[22m[39mWarning: An update to CustomerForm inside a test was not wrapped in act(...).

When testing, code that causes React state updates should be wrapped into act(...):

act(() => {
  /* fire events that update state */
});
/* assert on the output */

This ensures that you're testing the behavior the user would see in the browser. Learn more at https://reactjs.org/link/wrap-tests-with-act
    at CustomerForm (C:/Users/Admin/graceful_books/src/components/customers/CustomerForm.tsx:57:3)
Warning: An update to CustomerForm inside a test was not wrapped in act(...).

When testing, code that causes React state updates should be wrapped into act(...):

act(() => {
  /* fire events that update state */
});
/* assert on the output */

This ensures that you're testing the behavior the user would see in the browser. Learn more at https://reactjs.org/link/wrap-tests-with-act
    at CustomerForm (C:/Users/Admin/graceful_books/src/components/customers/CustomerForm.tsx:57:3)
Warning: An update to CustomerForm inside a test was not wrapped in act(...).

When testing, code that causes React state updates should be wrapped into act(...):

act(() => {
  /* fire events that update state */
});
/* assert on the output */

This ensures that you're testing the behavior the user would see in the browser. Learn more at https://reactjs.org/link/wrap-tests-with-act
    at CustomerForm (C:/Users/Admin/graceful_books/src/components/customers/CustomerForm.tsx:57:3)

[90mstderr[2m | src/pages/auth/Signup.test.tsx[2m > [22m[2mSignup Page with Charity Selection[2m > [22m[2mcharity selection step[2m > [22m[2mshould go back to credentials step when Back is clicked
[22m[39mWarning: An update to Signup inside a test was not wrapped in act(...).

When testing, code that causes React state updates should be wrapped into act(...):

act(() => {
  /* fire events that update state */
});
/* assert on the output */

This ensures that you're testing the behavior the user would see in the browser. Learn more at https://reactjs.org/link/wrap-tests-with-act
    at Signup (C:/Users/Admin/graceful_books/src/pages/auth/Signup.tsx:8:61)
    at Router (C:\Users\Admin\graceful_books\node_modules\react-router\dist\umd\react-router.development.js:1207:17)
    at BrowserRouter (C:\Users\Admin\graceful_books\node_modules\react-router-dom\dist\umd\react-router-dom.development.js:695:7)

[90mstderr[2m | src/components/accounts/AccountForm.test.tsx[2m > [22m[2mAccountForm Component[2m > [22m[2mform submission[2m > [22m[2mshould submit valid form data
[22m[39mWarning: An update to Input inside a test was not wrapped in act(...).

When testing, code that causes React state updates should be wrapped into act(...):

act(() => {
  /* fire events that update state */
});
/* assert on the output */

This ensures that you're testing the behavior the user would see in the browser. Learn more at https://reactjs.org/link/wrap-tests-with-act
    at C:/Users/Admin/graceful_books/src/components/forms/Input.tsx:8:5
    at div
    at form
    at AccountForm (C:/Users/Admin/graceful_books/src/components/accounts/AccountForm.tsx:36:3)
Warning: An update to AccountForm inside a test was not wrapped in act(...).

When testing, code that causes React state updates should be wrapped into act(...):

act(() => {
  /* fire events that update state */
});
/* assert on the output */

This ensures that you're testing the behavior the user would see in the browser. Learn more at https://reactjs.org/link/wrap-tests-with-act
    at AccountForm (C:/Users/Admin/graceful_books/src/components/accounts/AccountForm.tsx:36:3)
Warning: An update to AccountForm inside a test was not wrapped in act(...).

When testing, code that causes React state updates should be wrapped into act(...):

act(() => {
  /* fire events that update state */
});
/* assert on the output */

This ensures that you're testing the behavior the user would see in the browser. Learn more at https://reactjs.org/link/wrap-tests-with-act
    at AccountForm (C:/Users/Admin/graceful_books/src/components/accounts/AccountForm.tsx:36:3)
Warning: An update to AccountForm inside a test was not wrapped in act(...).

When testing, code that causes React state updates should be wrapped into act(...):

act(() => {
  /* fire events that update state */
});
/* assert on the output */

This ensures that you're testing the behavior the user would see in the browser. Learn more at https://reactjs.org/link/wrap-tests-with-act
    at AccountForm (C:/Users/Admin/graceful_books/src/components/accounts/AccountForm.tsx:36:3)

[90mstderr[2m | src/components/customers/CustomerForm.test.tsx[2m > [22m[2mCustomerForm Component[2m > [22m[2mvalidation[2m > [22m[2mshould validate phone format
[22m[39mWarning: An update to CustomerForm inside a test was not wrapped in act(...).

When testing, code that causes React state updates should be wrapped into act(...):

act(() => {
  /* fire events that update state */
});
/* assert on the output */

This ensures that you're testing the behavior the user would see in the browser. Learn more at https://reactjs.org/link/wrap-tests-with-act
    at CustomerForm (C:/Users/Admin/graceful_books/src/components/customers/CustomerForm.tsx:57:3)
Warning: An update to CustomerForm inside a test was not wrapped in act(...).

When testing, code that causes React state updates should be wrapped into act(...):

act(() => {
  /* fire events that update state */
});
/* assert on the output */

This ensures that you're testing the behavior the user would see in the browser. Learn more at https://reactjs.org/link/wrap-tests-with-act
    at CustomerForm (C:/Users/Admin/graceful_books/src/components/customers/CustomerForm.tsx:57:3)
Warning: An update to CustomerForm inside a test was not wrapped in act(...).

When testing, code that causes React state updates should be wrapped into act(...):

act(() => {
  /* fire events that update state */
});
/* assert on the output */

This ensures that you're testing the behavior the user would see in the browser. Learn more at https://reactjs.org/link/wrap-tests-with-act
    at CustomerForm (C:/Users/Admin/graceful_books/src/components/customers/CustomerForm.tsx:57:3)

[90mstderr[2m | src/pages/auth/Signup.test.tsx[2m > [22m[2mSignup Page with Charity Selection[2m > [22m[2mcharity selection step[2m > [22m[2mshould go back to credentials step when Back is clicked
[22m[39mWarning: An update to Signup inside a test was not wrapped in act(...).

When testing, code that causes React state updates should be wrapped into act(...):

act(() => {
  /* fire events that update state */
});
/* assert on the output */

This ensures that you're testing the behavior the user would see in the browser. Learn more at https://reactjs.org/link/wrap-tests-with-act
    at Signup (C:/Users/Admin/graceful_books/src/pages/auth/Signup.tsx:8:61)
    at Router (C:\Users\Admin\graceful_books\node_modules\react-router\dist\umd\react-router.development.js:1207:17)
    at BrowserRouter (C:\Users\Admin\graceful_books\node_modules\react-router-dom\dist\umd\react-router-dom.development.js:695:7)

[90mstderr[2m | src/pages/auth/Signup.test.tsx[2m > [22m[2mSignup Page with Charity Selection[2m > [22m[2mcharity selection step[2m > [22m[2mshould go back to credentials step when Back is clicked
[22m[39mWarning: An update to Signup inside a test was not wrapped in act(...).

When testing, code that causes React state updates should be wrapped into act(...):

act(() => {
  /* fire events that update state */
});
/* assert on the output */

This ensures that you're testing the behavior the user would see in the browser. Learn more at https://reactjs.org/link/wrap-tests-with-act
    at Signup (C:/Users/Admin/graceful_books/src/pages/auth/Signup.tsx:8:61)
    at Router (C:\Users\Admin\graceful_books\node_modules\react-router\dist\umd\react-router.development.js:1207:17)
    at BrowserRouter (C:\Users\Admin\graceful_books\node_modules\react-router-dom\dist\umd\react-router-dom.development.js:695:7)

[90mstderr[2m | src/components/accounts/AccountForm.test.tsx[2m > [22m[2mAccountForm Component[2m > [22m[2mform submission[2m > [22m[2mshould submit valid form data
[22m[39mWarning: An update to Input inside a test was not wrapped in act(...).

When testing, code that causes React state updates should be wrapped into act(...):

act(() => {
  /* fire events that update state */
});
/* assert on the output */

This ensures that you're testing the behavior the user would see in the browser. Learn more at https://reactjs.org/link/wrap-tests-with-act
    at C:/Users/Admin/graceful_books/src/components/forms/Input.tsx:8:5
    at div
    at form
    at AccountForm (C:/Users/Admin/graceful_books/src/components/accounts/AccountForm.tsx:36:3)
Warning: An update to AccountForm inside a test was not wrapped in act(...).

When testing, code that causes React state updates should be wrapped into act(...):

act(() => {
  /* fire events that update state */
});
/* assert on the output */

This ensures that you're testing the behavior the user would see in the browser. Learn more at https://reactjs.org/link/wrap-tests-with-act
    at AccountForm (C:/Users/Admin/graceful_books/src/components/accounts/AccountForm.tsx:36:3)
Warning: An update to AccountForm inside a test was not wrapped in act(...).

When testing, code that causes React state updates should be wrapped into act(...):

act(() => {
  /* fire events that update state */
});
/* assert on the output */

This ensures that you're testing the behavior the user would see in the browser. Learn more at https://reactjs.org/link/wrap-tests-with-act
    at AccountForm (C:/Users/Admin/graceful_books/src/components/accounts/AccountForm.tsx:36:3)
Warning: An update to AccountForm inside a test was not wrapped in act(...).

When testing, code that causes React state updates should be wrapped into act(...):

act(() => {
  /* fire events that update state */
});
/* assert on the output */

This ensures that you're testing the behavior the user would see in the browser. Learn more at https://reactjs.org/link/wrap-tests-with-act
    at AccountForm (C:/Users/Admin/graceful_books/src/components/accounts/AccountForm.tsx:36:3)

[90mstderr[2m | src/components/accounts/AccountForm.test.tsx[2m > [22m[2mAccountForm Component[2m > [22m[2mform submission[2m > [22m[2mshould submit valid form data
[22m[39mWarning: An update to Input inside a test was not wrapped in act(...).

When testing, code that causes React state updates should be wrapped into act(...):

act(() => {
  /* fire events that update state */
});
/* assert on the output */

This ensures that you're testing the behavior the user would see in the browser. Learn more at https://reactjs.org/link/wrap-tests-with-act
    at C:/Users/Admin/graceful_books/src/components/forms/Input.tsx:8:5
    at div
    at form
    at AccountForm (C:/Users/Admin/graceful_books/src/components/accounts/AccountForm.tsx:36:3)
Warning: An update to AccountForm inside a test was not wrapped in act(...).

When testing, code that causes React state updates should be wrapped into act(...):

act(() => {
  /* fire events that update state */
});
/* assert on the output */

This ensures that you're testing the behavior the user would see in the browser. Learn more at https://reactjs.org/link/wrap-tests-with-act
    at AccountForm (C:/Users/Admin/graceful_books/src/components/accounts/AccountForm.tsx:36:3)
Warning: An update to AccountForm inside a test was not wrapped in act(...).

When testing, code that causes React state updates should be wrapped into act(...):

act(() => {
  /* fire events that update state */
});
/* assert on the output */

This ensures that you're testing the behavior the user would see in the browser. Learn more at https://reactjs.org/link/wrap-tests-with-act
    at AccountForm (C:/Users/Admin/graceful_books/src/components/accounts/AccountForm.tsx:36:3)
Warning: An update to AccountForm inside a test was not wrapped in act(...).

When testing, code that causes React state updates should be wrapped into act(...):

act(() => {
  /* fire events that update state */
});
/* assert on the output */

This ensures that you're testing the behavior the user would see in the browser. Learn more at https://reactjs.org/link/wrap-tests-with-act
    at AccountForm (C:/Users/Admin/graceful_books/src/components/accounts/AccountForm.tsx:36:3)

[90mstderr[2m | src/components/accounts/AccountForm.test.tsx[2m > [22m[2mAccountForm Component[2m > [22m[2mform submission[2m > [22m[2mshould submit valid form data
[22m[39mWarning: An update to Input inside a test was not wrapped in act(...).

When testing, code that causes React state updates should be wrapped into act(...):

act(() => {
  /* fire events that update state */
});
/* assert on the output */

This ensures that you're testing the behavior the user would see in the browser. Learn more at https://reactjs.org/link/wrap-tests-with-act
    at C:/Users/Admin/graceful_books/src/components/forms/Input.tsx:8:5
    at div
    at form
    at AccountForm (C:/Users/Admin/graceful_books/src/components/accounts/AccountForm.tsx:36:3)
Warning: An update to AccountForm inside a test was not wrapped in act(...).

When testing, code that causes React state updates should be wrapped into act(...):

act(() => {
  /* fire events that update state */
});
/* assert on the output */

This ensures that you're testing the behavior the user would see in the browser. Learn more at https://reactjs.org/link/wrap-tests-with-act
    at AccountForm (C:/Users/Admin/graceful_books/src/components/accounts/AccountForm.tsx:36:3)
Warning: An update to AccountForm inside a test was not wrapped in act(...).

When testing, code that causes React state updates should be wrapped into act(...):

act(() => {
  /* fire events that update state */
});
/* assert on the output */

This ensures that you're testing the behavior the user would see in the browser. Learn more at https://reactjs.org/link/wrap-tests-with-act
    at AccountForm (C:/Users/Admin/graceful_books/src/components/accounts/AccountForm.tsx:36:3)
Warning: An update to AccountForm inside a test was not wrapped in act(...).

When testing, code that causes React state updates should be wrapped into act(...):

act(() => {
  /* fire events that update state */
});
/* assert on the output */

This ensures that you're testing the behavior the user would see in the browser. Learn more at https://reactjs.org/link/wrap-tests-with-act
    at AccountForm (C:/Users/Admin/graceful_books/src/components/accounts/AccountForm.tsx:36:3)

[90mstderr[2m | src/components/accounts/AccountForm.test.tsx[2m > [22m[2mAccountForm Component[2m > [22m[2mform submission[2m > [22m[2mshould submit valid form data
[22m[39mWarning: An update to Input inside a test was not wrapped in act(...).

When testing, code that causes React state updates should be wrapped into act(...):

act(() => {
  /* fire events that update state */
});
/* assert on the output */

This ensures that you're testing the behavior the user would see in the browser. Learn more at https://reactjs.org/link/wrap-tests-with-act
    at C:/Users/Admin/graceful_books/src/components/forms/Input.tsx:8:5
    at div
    at form
    at AccountForm (C:/Users/Admin/graceful_books/src/components/accounts/AccountForm.tsx:36:3)
Warning: An update to AccountForm inside a test was not wrapped in act(...).

When testing, code that causes React state updates should be wrapped into act(...):

act(() => {
  /* fire events that update state */
});
/* assert on the output */

This ensures that you're testing the behavior the user would see in the browser. Learn more at https://reactjs.org/link/wrap-tests-with-act
    at AccountForm (C:/Users/Admin/graceful_books/src/components/accounts/AccountForm.tsx:36:3)
Warning: An update to AccountForm inside a test was not wrapped in act(...).

When testing, code that causes React state updates should be wrapped into act(...):

act(() => {
  /* fire events that update state */
});
/* assert on the output */

This ensures that you're testing the behavior the user would see in the browser. Learn more at https://reactjs.org/link/wrap-tests-with-act
    at AccountForm (C:/Users/Admin/graceful_books/src/components/accounts/AccountForm.tsx:36:3)
Warning: An update to AccountForm inside a test was not wrapped in act(...).

When testing, code that causes React state updates should be wrapped into act(...):

act(() => {
  /* fire events that update state */
});
/* assert on the output */

This ensures that you're testing the behavior the user would see in the browser. Learn more at https://reactjs.org/link/wrap-tests-with-act
    at AccountForm (C:/Users/Admin/graceful_books/src/components/accounts/AccountForm.tsx:36:3)

[90mstderr[2m | src/components/accounts/AccountForm.test.tsx[2m > [22m[2mAccountForm Component[2m > [22m[2mform submission[2m > [22m[2mshould submit valid form data
[22m[39mWarning: An update to Input inside a test was not wrapped in act(...).

When testing, code that causes React state updates should be wrapped into act(...):

act(() => {
  /* fire events that update state */
});
/* assert on the output */

This ensures that you're testing the behavior the user would see in the browser. Learn more at https://reactjs.org/link/wrap-tests-with-act
    at C:/Users/Admin/graceful_books/src/components/forms/Input.tsx:8:5
    at div
    at form
    at AccountForm (C:/Users/Admin/graceful_books/src/components/accounts/AccountForm.tsx:36:3)
Warning: An update to AccountForm inside a test was not wrapped in act(...).

When testing, code that causes React state updates should be wrapped into act(...):

act(() => {
  /* fire events that update state */
});
/* assert on the output */

This ensures that you're testing the behavior the user would see in the browser. Learn more at https://reactjs.org/link/wrap-tests-with-act
    at AccountForm (C:/Users/Admin/graceful_books/src/components/accounts/AccountForm.tsx:36:3)
Warning: An update to AccountForm inside a test was not wrapped in act(...).

When testing, code that causes React state updates should be wrapped into act(...):

act(() => {
  /* fire events that update state */
});
/* assert on the output */

This ensures that you're testing the behavior the user would see in the browser. Learn more at https://reactjs.org/link/wrap-tests-with-act
    at AccountForm (C:/Users/Admin/graceful_books/src/components/accounts/AccountForm.tsx:36:3)
Warning: An update to AccountForm inside a test was not wrapped in act(...).

When testing, code that causes React state updates should be wrapped into act(...):

act(() => {
  /* fire events that update state */
});
/* assert on the output */

This ensures that you're testing the behavior the user would see in the browser. Learn more at https://reactjs.org/link/wrap-tests-with-act
    at AccountForm (C:/Users/Admin/graceful_books/src/components/accounts/AccountForm.tsx:36:3)

[90mstderr[2m | src/pages/auth/Signup.test.tsx[2m > [22m[2mSignup Page with Charity Selection[2m > [22m[2mcharity selection step[2m > [22m[2mshould go back to credentials step when Back is clicked
[22m[39mWarning: An update to Signup inside a test was not wrapped in act(...).

When testing, code that causes React state updates should be wrapped into act(...):

act(() => {
  /* fire events that update state */
});
/* assert on the output */

This ensures that you're testing the behavior the user would see in the browser. Learn more at https://reactjs.org/link/wrap-tests-with-act
    at Signup (C:/Users/Admin/graceful_books/src/pages/auth/Signup.tsx:8:61)
    at Router (C:\Users\Admin\graceful_books\node_modules\react-router\dist\umd\react-router.development.js:1207:17)
    at BrowserRouter (C:\Users\Admin\graceful_books\node_modules\react-router-dom\dist\umd\react-router-dom.development.js:695:7)

[90mstderr[2m | src/components/customers/CustomerForm.test.tsx[2m > [22m[2mCustomerForm Component[2m > [22m[2mvalidation[2m > [22m[2mshould validate phone format
[22m[39mWarning: An update to CustomerForm inside a test was not wrapped in act(...).

When testing, code that causes React state updates should be wrapped into act(...):

act(() => {
  /* fire events that update state */
});
/* assert on the output */

This ensures that you're testing the behavior the user would see in the browser. Learn more at https://reactjs.org/link/wrap-tests-with-act
    at CustomerForm (C:/Users/Admin/graceful_books/src/components/customers/CustomerForm.tsx:57:3)
Warning: An update to CustomerForm inside a test was not wrapped in act(...).

When testing, code that causes React state updates should be wrapped into act(...):

act(() => {
  /* fire events that update state */
});
/* assert on the output */

This ensures that you're testing the behavior the user would see in the browser. Learn more at https://reactjs.org/link/wrap-tests-with-act
    at CustomerForm (C:/Users/Admin/graceful_books/src/components/customers/CustomerForm.tsx:57:3)
Warning: An update to CustomerForm inside a test was not wrapped in act(...).

When testing, code that causes React state updates should be wrapped into act(...):

act(() => {
  /* fire events that update state */
});
/* assert on the output */

This ensures that you're testing the behavior the user would see in the browser. Learn more at https://reactjs.org/link/wrap-tests-with-act
    at CustomerForm (C:/Users/Admin/graceful_books/src/components/customers/CustomerForm.tsx:57:3)

[90mstderr[2m | src/components/accounts/AccountForm.test.tsx[2m > [22m[2mAccountForm Component[2m > [22m[2mform submission[2m > [22m[2mshould submit valid form data
[22m[39mWarning: An update to Input inside a test was not wrapped in act(...).

When testing, code that causes React state updates should be wrapped into act(...):

act(() => {
  /* fire events that update state */
});
/* assert on the output */

This ensures that you're testing the behavior the user would see in the browser. Learn more at https://reactjs.org/link/wrap-tests-with-act
    at C:/Users/Admin/graceful_books/src/components/forms/Input.tsx:8:5
    at div
    at form
    at AccountForm (C:/Users/Admin/graceful_books/src/components/accounts/AccountForm.tsx:36:3)
Warning: An update to AccountForm inside a test was not wrapped in act(...).

When testing, code that causes React state updates should be wrapped into act(...):

act(() => {
  /* fire events that update state */
});
/* assert on the output */

This ensures that you're testing the behavior the user would see in the browser. Learn more at https://reactjs.org/link/wrap-tests-with-act
    at AccountForm (C:/Users/Admin/graceful_books/src/components/accounts/AccountForm.tsx:36:3)
Warning: An update to AccountForm inside a test was not wrapped in act(...).

When testing, code that causes React state updates should be wrapped into act(...):

act(() => {
  /* fire events that update state */
});
/* assert on the output */

This ensures that you're testing the behavior the user would see in the browser. Learn more at https://reactjs.org/link/wrap-tests-with-act
    at AccountForm (C:/Users/Admin/graceful_books/src/components/accounts/AccountForm.tsx:36:3)
Warning: An update to AccountForm inside a test was not wrapped in act(...).

When testing, code that causes React state updates should be wrapped into act(...):

act(() => {
  /* fire events that update state */
});
/* assert on the output */

This ensures that you're testing the behavior the user would see in the browser. Learn more at https://reactjs.org/link/wrap-tests-with-act
    at AccountForm (C:/Users/Admin/graceful_books/src/components/accounts/AccountForm.tsx:36:3)

[90mstderr[2m | src/components/accounts/AccountForm.test.tsx[2m > [22m[2mAccountForm Component[2m > [22m[2mform submission[2m > [22m[2mshould submit valid form data
[22m[39mWarning: An update to Input inside a test was not wrapped in act(...).

When testing, code that causes React state updates should be wrapped into act(...):

act(() => {
  /* fire events that update state */
});
/* assert on the output */

This ensures that you're testing the behavior the user would see in the browser. Learn more at https://reactjs.org/link/wrap-tests-with-act
    at C:/Users/Admin/graceful_books/src/components/forms/Input.tsx:8:5
    at div
    at form
    at AccountForm (C:/Users/Admin/graceful_books/src/components/accounts/AccountForm.tsx:36:3)
Warning: An update to AccountForm inside a test was not wrapped in act(...).

When testing, code that causes React state updates should be wrapped into act(...):

act(() => {
  /* fire events that update state */
});
/* assert on the output */

This ensures that you're testing the behavior the user would see in the browser. Learn more at https://reactjs.org/link/wrap-tests-with-act
    at AccountForm (C:/Users/Admin/graceful_books/src/components/accounts/AccountForm.tsx:36:3)
Warning: An update to AccountForm inside a test was not wrapped in act(...).

When testing, code that causes React state updates should be wrapped into act(...):

act(() => {
  /* fire events that update state */
});
/* assert on the output */

This ensures that you're testing the behavior the user would see in the browser. Learn more at https://reactjs.org/link/wrap-tests-with-act
    at AccountForm (C:/Users/Admin/graceful_books/src/components/accounts/AccountForm.tsx:36:3)
Warning: An update to AccountForm inside a test was not wrapped in act(...).

When testing, code that causes React state updates should be wrapped into act(...):

act(() => {
  /* fire events that update state */
});
/* assert on the output */

This ensures that you're testing the behavior the user would see in the browser. Learn more at https://reactjs.org/link/wrap-tests-with-act
    at AccountForm (C:/Users/Admin/graceful_books/src/components/accounts/AccountForm.tsx:36:3)

[90mstderr[2m | src/components/accounts/AccountForm.test.tsx[2m > [22m[2mAccountForm Component[2m > [22m[2mform submission[2m > [22m[2mshould submit valid form data
[22m[39mWarning: An update to Input inside a test was not wrapped in act(...).

When testing, code that causes React state updates should be wrapped into act(...):

act(() => {
  /* fire events that update state */
});
/* assert on the output */

This ensures that you're testing the behavior the user would see in the browser. Learn more at https://reactjs.org/link/wrap-tests-with-act
    at C:/Users/Admin/graceful_books/src/components/forms/Input.tsx:8:5
    at div
    at form
    at AccountForm (C:/Users/Admin/graceful_books/src/components/accounts/AccountForm.tsx:36:3)
Warning: An update to AccountForm inside a test was not wrapped in act(...).

When testing, code that causes React state updates should be wrapped into act(...):

act(() => {
  /* fire events that update state */
});
/* assert on the output */

This ensures that you're testing the behavior the user would see in the browser. Learn more at https://reactjs.org/link/wrap-tests-with-act
    at AccountForm (C:/Users/Admin/graceful_books/src/components/accounts/AccountForm.tsx:36:3)
Warning: An update to AccountForm inside a test was not wrapped in act(...).

When testing, code that causes React state updates should be wrapped into act(...):

act(() => {
  /* fire events that update state */
});
/* assert on the output */

This ensures that you're testing the behavior the user would see in the browser. Learn more at https://reactjs.org/link/wrap-tests-with-act
    at AccountForm (C:/Users/Admin/graceful_books/src/components/accounts/AccountForm.tsx:36:3)
Warning: An update to AccountForm inside a test was not wrapped in act(...).

When testing, code that causes React state updates should be wrapped into act(...):

act(() => {
  /* fire events that update state */
});
/* assert on the output */

This ensures that you're testing the behavior the user would see in the browser. Learn more at https://reactjs.org/link/wrap-tests-with-act
    at AccountForm (C:/Users/Admin/graceful_books/src/components/accounts/AccountForm.tsx:36:3)

[90mstderr[2m | src/pages/auth/Signup.test.tsx[2m > [22m[2mSignup Page with Charity Selection[2m > [22m[2mcharity selection step[2m > [22m[2mshould go back to credentials step when Back is clicked
[22m[39mWarning: An update to Signup inside a test was not wrapped in act(...).

When testing, code that causes React state updates should be wrapped into act(...):

act(() => {
  /* fire events that update state */
});
/* assert on the output */

This ensures that you're testing the behavior the user would see in the browser. Learn more at https://reactjs.org/link/wrap-tests-with-act
    at Signup (C:/Users/Admin/graceful_books/src/pages/auth/Signup.tsx:8:61)
    at Router (C:\Users\Admin\graceful_books\node_modules\react-router\dist\umd\react-router.development.js:1207:17)
    at BrowserRouter (C:\Users\Admin\graceful_books\node_modules\react-router-dom\dist\umd\react-router-dom.development.js:695:7)

[90mstderr[2m | src/pages/auth/Signup.test.tsx[2m > [22m[2mSignup Page with Charity Selection[2m > [22m[2mcharity selection step[2m > [22m[2mshould go back to credentials step when Back is clicked
[22m[39mWarning: An update to Signup inside a test was not wrapped in act(...).

When testing, code that causes React state updates should be wrapped into act(...):

act(() => {
  /* fire events that update state */
});
/* assert on the output */

This ensures that you're testing the behavior the user would see in the browser. Learn more at https://reactjs.org/link/wrap-tests-with-act
    at Signup (C:/Users/Admin/graceful_books/src/pages/auth/Signup.tsx:8:61)
    at Router (C:\Users\Admin\graceful_books\node_modules\react-router\dist\umd\react-router.development.js:1207:17)
    at BrowserRouter (C:\Users\Admin\graceful_books\node_modules\react-router-dom\dist\umd\react-router-dom.development.js:695:7)

[90mstderr[2m | src/components/accounts/AccountForm.test.tsx[2m > [22m[2mAccountForm Component[2m > [22m[2mform submission[2m > [22m[2mshould submit valid form data
[22m[39mWarning: An update to Input inside a test was not wrapped in act(...).

When testing, code that causes React state updates should be wrapped into act(...):

act(() => {
  /* fire events that update state */
});
/* assert on the output */

This ensures that you're testing the behavior the user would see in the browser. Learn more at https://reactjs.org/link/wrap-tests-with-act
    at C:/Users/Admin/graceful_books/src/components/forms/Input.tsx:8:5
    at div
    at form
    at AccountForm (C:/Users/Admin/graceful_books/src/components/accounts/AccountForm.tsx:36:3)
Warning: An update to AccountForm inside a test was not wrapped in act(...).

When testing, code that causes React state updates should be wrapped into act(...):

act(() => {
  /* fire events that update state */
});
/* assert on the output */

This ensures that you're testing the behavior the user would see in the browser. Learn more at https://reactjs.org/link/wrap-tests-with-act
    at AccountForm (C:/Users/Admin/graceful_books/src/components/accounts/AccountForm.tsx:36:3)
Warning: An update to AccountForm inside a test was not wrapped in act(...).

When testing, code that causes React state updates should be wrapped into act(...):

act(() => {
  /* fire events that update state */
});
/* assert on the output */

This ensures that you're testing the behavior the user would see in the browser. Learn more at https://reactjs.org/link/wrap-tests-with-act
    at AccountForm (C:/Users/Admin/graceful_books/src/components/accounts/AccountForm.tsx:36:3)
Warning: An update to AccountForm inside a test was not wrapped in act(...).

When testing, code that causes React state updates should be wrapped into act(...):

act(() => {
  /* fire events that update state */
});
/* assert on the output */

This ensures that you're testing the behavior the user would see in the browser. Learn more at https://reactjs.org/link/wrap-tests-with-act
    at AccountForm (C:/Users/Admin/graceful_books/src/components/accounts/AccountForm.tsx:36:3)

[90mstderr[2m | src/pages/auth/Signup.test.tsx[2m > [22m[2mSignup Page with Charity Selection[2m > [22m[2mcharity selection step[2m > [22m[2mshould go back to credentials step when Back is clicked
[22m[39mWarning: An update to Signup inside a test was not wrapped in act(...).

When testing, code that causes React state updates should be wrapped into act(...):

act(() => {
  /* fire events that update state */
});
/* assert on the output */

This ensures that you're testing the behavior the user would see in the browser. Learn more at https://reactjs.org/link/wrap-tests-with-act
    at Signup (C:/Users/Admin/graceful_books/src/pages/auth/Signup.tsx:8:61)
    at Router (C:\Users\Admin\graceful_books\node_modules\react-router\dist\umd\react-router.development.js:1207:17)
    at BrowserRouter (C:\Users\Admin\graceful_books\node_modules\react-router-dom\dist\umd\react-router-dom.development.js:695:7)

[90mstderr[2m | src/components/accounts/AccountForm.test.tsx[2m > [22m[2mAccountForm Component[2m > [22m[2mform submission[2m > [22m[2mshould submit valid form data
[22m[39mWarning: An update to Input inside a test was not wrapped in act(...).

When testing, code that causes React state updates should be wrapped into act(...):

act(() => {
  /* fire events that update state */
});
/* assert on the output */

This ensures that you're testing the behavior the user would see in the browser. Learn more at https://reactjs.org/link/wrap-tests-with-act
    at C:/Users/Admin/graceful_books/src/components/forms/Input.tsx:8:5
    at div
    at form
    at AccountForm (C:/Users/Admin/graceful_books/src/components/accounts/AccountForm.tsx:36:3)
Warning: An update to AccountForm inside a test was not wrapped in act(...).

When testing, code that causes React state updates should be wrapped into act(...):

act(() => {
  /* fire events that update state */
});
/* assert on the output */

This ensures that you're testing the behavior the user would see in the browser. Learn more at https://reactjs.org/link/wrap-tests-with-act
    at AccountForm (C:/Users/Admin/graceful_books/src/components/accounts/AccountForm.tsx:36:3)
Warning: An update to AccountForm inside a test was not wrapped in act(...).

When testing, code that causes React state updates should be wrapped into act(...):

act(() => {
  /* fire events that update state */
});
/* assert on the output */

This ensures that you're testing the behavior the user would see in the browser. Learn more at https://reactjs.org/link/wrap-tests-with-act
    at AccountForm (C:/Users/Admin/graceful_books/src/components/accounts/AccountForm.tsx:36:3)
Warning: An update to AccountForm inside a test was not wrapped in act(...).

When testing, code that causes React state updates should be wrapped into act(...):

act(() => {
  /* fire events that update state */
});
/* assert on the output */

This ensures that you're testing the behavior the user would see in the browser. Learn more at https://reactjs.org/link/wrap-tests-with-act
    at AccountForm (C:/Users/Admin/graceful_books/src/components/accounts/AccountForm.tsx:36:3)

[90mstderr[2m | src/pages/auth/Signup.test.tsx[2m > [22m[2mSignup Page with Charity Selection[2m > [22m[2mcharity selection step[2m > [22m[2mshould go back to credentials step when Back is clicked
[22m[39mWarning: An update to Signup inside a test was not wrapped in act(...).

When testing, code that causes React state updates should be wrapped into act(...):

act(() => {
  /* fire events that update state */
});
/* assert on the output */

This ensures that you're testing the behavior the user would see in the browser. Learn more at https://reactjs.org/link/wrap-tests-with-act
    at Signup (C:/Users/Admin/graceful_books/src/pages/auth/Signup.tsx:8:61)
    at Router (C:\Users\Admin\graceful_books\node_modules\react-router\dist\umd\react-router.development.js:1207:17)
    at BrowserRouter (C:\Users\Admin\graceful_books\node_modules\react-router-dom\dist\umd\react-router-dom.development.js:695:7)

[90mstderr[2m | src/pages/auth/Signup.test.tsx[2m > [22m[2mSignup Page with Charity Selection[2m > [22m[2mcharity selection step[2m > [22m[2mshould go back to credentials step when Back is clicked
[22m[39mWarning: An update to Signup inside a test was not wrapped in act(...).

When testing, code that causes React state updates should be wrapped into act(...):

act(() => {
  /* fire events that update state */
});
/* assert on the output */

This ensures that you're testing the behavior the user would see in the browser. Learn more at https://reactjs.org/link/wrap-tests-with-act
    at Signup (C:/Users/Admin/graceful_books/src/pages/auth/Signup.tsx:8:61)
    at Router (C:\Users\Admin\graceful_books\node_modules\react-router\dist\umd\react-router.development.js:1207:17)
    at BrowserRouter (C:\Users\Admin\graceful_books\node_modules\react-router-dom\dist\umd\react-router-dom.development.js:695:7)

[90mstderr[2m | src/components/accounts/AccountForm.test.tsx[2m > [22m[2mAccountForm Component[2m > [22m[2mform submission[2m > [22m[2mshould submit valid form data
[22m[39mWarning: An update to Input inside a test was not wrapped in act(...).

When testing, code that causes React state updates should be wrapped into act(...):

act(() => {
  /* fire events that update state */
});
/* assert on the output */

This ensures that you're testing the behavior the user would see in the browser. Learn more at https://reactjs.org/link/wrap-tests-with-act
    at C:/Users/Admin/graceful_books/src/components/forms/Input.tsx:8:5
    at div
    at form
    at AccountForm (C:/Users/Admin/graceful_books/src/components/accounts/AccountForm.tsx:36:3)
Warning: An update to AccountForm inside a test was not wrapped in act(...).

When testing, code that causes React state updates should be wrapped into act(...):

act(() => {
  /* fire events that update state */
});
/* assert on the output */

This ensures that you're testing the behavior the user would see in the browser. Learn more at https://reactjs.org/link/wrap-tests-with-act
    at AccountForm (C:/Users/Admin/graceful_books/src/components/accounts/AccountForm.tsx:36:3)
Warning: An update to AccountForm inside a test was not wrapped in act(...).

When testing, code that causes React state updates should be wrapped into act(...):

act(() => {
  /* fire events that update state */
});
/* assert on the output */

This ensures that you're testing the behavior the user would see in the browser. Learn more at https://reactjs.org/link/wrap-tests-with-act
    at AccountForm (C:/Users/Admin/graceful_books/src/components/accounts/AccountForm.tsx:36:3)
Warning: An update to AccountForm inside a test was not wrapped in act(...).

When testing, code that causes React state updates should be wrapped into act(...):

act(() => {
  /* fire events that update state */
});
/* assert on the output */

This ensures that you're testing the behavior the user would see in the browser. Learn more at https://reactjs.org/link/wrap-tests-with-act
    at AccountForm (C:/Users/Admin/graceful_books/src/components/accounts/AccountForm.tsx:36:3)

[90mstderr[2m | src/components/accounts/AccountForm.test.tsx[2m > [22m[2mAccountForm Component[2m > [22m[2mform submission[2m > [22m[2mshould submit valid form data
[22m[39mWarning: An update to Input inside a test was not wrapped in act(...).

When testing, code that causes React state updates should be wrapped into act(...):

act(() => {
  /* fire events that update state */
});
/* assert on the output */

This ensures that you're testing the behavior the user would see in the browser. Learn more at https://reactjs.org/link/wrap-tests-with-act
    at C:/Users/Admin/graceful_books/src/components/forms/Input.tsx:8:5
    at div
    at form
    at AccountForm (C:/Users/Admin/graceful_books/src/components/accounts/AccountForm.tsx:36:3)
Warning: An update to AccountForm inside a test was not wrapped in act(...).

When testing, code that causes React state updates should be wrapped into act(...):

act(() => {
  /* fire events that update state */
});
/* assert on the output */

This ensures that you're testing the behavior the user would see in the browser. Learn more at https://reactjs.org/link/wrap-tests-with-act
    at AccountForm (C:/Users/Admin/graceful_books/src/components/accounts/AccountForm.tsx:36:3)
Warning: An update to AccountForm inside a test was not wrapped in act(...).

When testing, code that causes React state updates should be wrapped into act(...):

act(() => {
  /* fire events that update state */
});
/* assert on the output */

This ensures that you're testing the behavior the user would see in the browser. Learn more at https://reactjs.org/link/wrap-tests-with-act
    at AccountForm (C:/Users/Admin/graceful_books/src/components/accounts/AccountForm.tsx:36:3)
Warning: An update to AccountForm inside a test was not wrapped in act(...).

When testing, code that causes React state updates should be wrapped into act(...):

act(() => {
  /* fire events that update state */
});
/* assert on the output */

This ensures that you're testing the behavior the user would see in the browser. Learn more at https://reactjs.org/link/wrap-tests-with-act
    at AccountForm (C:/Users/Admin/graceful_books/src/components/accounts/AccountForm.tsx:36:3)

[90mstderr[2m | src/pages/auth/Signup.test.tsx[2m > [22m[2mSignup Page with Charity Selection[2m > [22m[2mcharity selection step[2m > [22m[2mshould go back to credentials step when Back is clicked
[22m[39mWarning: An update to Signup inside a test was not wrapped in act(...).

When testing, code that causes React state updates should be wrapped into act(...):

act(() => {
  /* fire events that update state */
});
/* assert on the output */

This ensures that you're testing the behavior the user would see in the browser. Learn more at https://reactjs.org/link/wrap-tests-with-act
    at Signup (C:/Users/Admin/graceful_books/src/pages/auth/Signup.tsx:8:61)
    at Router (C:\Users\Admin\graceful_books\node_modules\react-router\dist\umd\react-router.development.js:1207:17)
    at BrowserRouter (C:\Users\Admin\graceful_books\node_modules\react-router-dom\dist\umd\react-router-dom.development.js:695:7)

[90mstderr[2m | src/components/customers/CustomerForm.test.tsx[2m > [22m[2mCustomerForm Component[2m > [22m[2mvalidation[2m > [22m[2mshould accept valid phone format
[22m[39mWarning: An update to CustomerForm inside a test was not wrapped in act(...).

When testing, code that causes React state updates should be wrapped into act(...):

act(() => {
  /* fire events that update state */
});
/* assert on the output */

This ensures that you're testing the behavior the user would see in the browser. Learn more at https://reactjs.org/link/wrap-tests-with-act
    at CustomerForm (C:/Users/Admin/graceful_books/src/components/customers/CustomerForm.tsx:57:3)
Warning: An update to CustomerForm inside a test was not wrapped in act(...).

When testing, code that causes React state updates should be wrapped into act(...):

act(() => {
  /* fire events that update state */
});
/* assert on the output */

This ensures that you're testing the behavior the user would see in the browser. Learn more at https://reactjs.org/link/wrap-tests-with-act
    at CustomerForm (C:/Users/Admin/graceful_books/src/components/customers/CustomerForm.tsx:57:3)
Warning: An update to CustomerForm inside a test was not wrapped in act(...).

When testing, code that causes React state updates should be wrapped into act(...):

act(() => {
  /* fire events that update state */
});
/* assert on the output */

This ensures that you're testing the behavior the user would see in the browser. Learn more at https://reactjs.org/link/wrap-tests-with-act
    at CustomerForm (C:/Users/Admin/graceful_books/src/components/customers/CustomerForm.tsx:57:3)

[90mstderr[2m | src/components/customers/CustomerForm.test.tsx[2m > [22m[2mCustomerForm Component[2m > [22m[2mvalidation[2m > [22m[2mshould accept valid phone format
[22m[39mWarning: An update to CustomerForm inside a test was not wrapped in act(...).

When testing, code that causes React state updates should be wrapped into act(...):

act(() => {
  /* fire events that update state */
});
/* assert on the output */

This ensures that you're testing the behavior the user would see in the browser. Learn more at https://reactjs.org/link/wrap-tests-with-act
    at CustomerForm (C:/Users/Admin/graceful_books/src/components/customers/CustomerForm.tsx:57:3)
Warning: An update to CustomerForm inside a test was not wrapped in act(...).

When testing, code that causes React state updates should be wrapped into act(...):

act(() => {
  /* fire events that update state */
});
/* assert on the output */

This ensures that you're testing the behavior the user would see in the browser. Learn more at https://reactjs.org/link/wrap-tests-with-act
    at CustomerForm (C:/Users/Admin/graceful_books/src/components/customers/CustomerForm.tsx:57:3)
Warning: An update to CustomerForm inside a test was not wrapped in act(...).

When testing, code that causes React state updates should be wrapped into act(...):

act(() => {
  /* fire events that update state */
});
/* assert on the output */

This ensures that you're testing the behavior the user would see in the browser. Learn more at https://reactjs.org/link/wrap-tests-with-act
    at CustomerForm (C:/Users/Admin/graceful_books/src/components/customers/CustomerForm.tsx:57:3)

[90mstderr[2m | src/components/customers/CustomerForm.test.tsx[2m > [22m[2mCustomerForm Component[2m > [22m[2mvalidation[2m > [22m[2mshould accept valid phone format
[22m[39mWarning: An update to CustomerForm inside a test was not wrapped in act(...).

When testing, code that causes React state updates should be wrapped into act(...):

act(() => {
  /* fire events that update state */
});
/* assert on the output */

This ensures that you're testing the behavior the user would see in the browser. Learn more at https://reactjs.org/link/wrap-tests-with-act
    at CustomerForm (C:/Users/Admin/graceful_books/src/components/customers/CustomerForm.tsx:57:3)
Warning: An update to CustomerForm inside a test was not wrapped in act(...).

When testing, code that causes React state updates should be wrapped into act(...):

act(() => {
  /* fire events that update state */
});
/* assert on the output */

This ensures that you're testing the behavior the user would see in the browser. Learn more at https://reactjs.org/link/wrap-tests-with-act
    at CustomerForm (C:/Users/Admin/graceful_books/src/components/customers/CustomerForm.tsx:57:3)
Warning: An update to CustomerForm inside a test was not wrapped in act(...).

When testing, code that causes React state updates should be wrapped into act(...):

act(() => {
  /* fire events that update state */
});
/* assert on the output */

This ensures that you're testing the behavior the user would see in the browser. Learn more at https://reactjs.org/link/wrap-tests-with-act
    at CustomerForm (C:/Users/Admin/graceful_books/src/components/customers/CustomerForm.tsx:57:3)

[90mstderr[2m | src/components/accounts/AccountForm.test.tsx[2m > [22m[2mAccountForm Component[2m > [22m[2mform submission[2m > [22m[2mshould submit valid form data
[22m[39mWarning: An update to AccountForm inside a test was not wrapped in act(...).

When testing, code that causes React state updates should be wrapped into act(...):

act(() => {
  /* fire events that update state */
});
/* assert on the output */

This ensures that you're testing the behavior the user would see in the browser. Learn more at https://reactjs.org/link/wrap-tests-with-act
    at AccountForm (C:/Users/Admin/graceful_books/src/components/accounts/AccountForm.tsx:36:3)
Warning: An update to AccountForm inside a test was not wrapped in act(...).

When testing, code that causes React state updates should be wrapped into act(...):

act(() => {
  /* fire events that update state */
});
/* assert on the output */

This ensures that you're testing the behavior the user would see in the browser. Learn more at https://reactjs.org/link/wrap-tests-with-act
    at AccountForm (C:/Users/Admin/graceful_books/src/components/accounts/AccountForm.tsx:36:3)
Warning: An update to AccountForm inside a test was not wrapped in act(...).

When testing, code that causes React state updates should be wrapped into act(...):

act(() => {
  /* fire events that update state */
});
/* assert on the output */

This ensures that you're testing the behavior the user would see in the browser. Learn more at https://reactjs.org/link/wrap-tests-with-act
    at AccountForm (C:/Users/Admin/graceful_books/src/components/accounts/AccountForm.tsx:36:3)

[90mstderr[2m | src/components/customers/CustomerForm.test.tsx[2m > [22m[2mCustomerForm Component[2m > [22m[2mvalidation[2m > [22m[2mshould accept valid phone format
[22m[39mWarning: An update to CustomerForm inside a test was not wrapped in act(...).

When testing, code that causes React state updates should be wrapped into act(...):

act(() => {
  /* fire events that update state */
});
/* assert on the output */

This ensures that you're testing the behavior the user would see in the browser. Learn more at https://reactjs.org/link/wrap-tests-with-act
    at CustomerForm (C:/Users/Admin/graceful_books/src/components/customers/CustomerForm.tsx:57:3)
Warning: An update to CustomerForm inside a test was not wrapped in act(...).

When testing, code that causes React state updates should be wrapped into act(...):

act(() => {
  /* fire events that update state */
});
/* assert on the output */

This ensures that you're testing the behavior the user would see in the browser. Learn more at https://reactjs.org/link/wrap-tests-with-act
    at CustomerForm (C:/Users/Admin/graceful_books/src/components/customers/CustomerForm.tsx:57:3)
Warning: An update to CustomerForm inside a test was not wrapped in act(...).

When testing, code that causes React state updates should be wrapped into act(...):

act(() => {
  /* fire events that update state */
});
/* assert on the output */

This ensures that you're testing the behavior the user would see in the browser. Learn more at https://reactjs.org/link/wrap-tests-with-act
    at CustomerForm (C:/Users/Admin/graceful_books/src/components/customers/CustomerForm.tsx:57:3)

[90mstderr[2m | src/pages/auth/Signup.test.tsx[2m > [22m[2mSignup Page with Charity Selection[2m > [22m[2mcharity selection step[2m > [22m[2mshould go back to credentials step when Back is clicked
[22m[39mWarning: An update to Signup inside a test was not wrapped in act(...).

When testing, code that causes React state updates should be wrapped into act(...):

act(() => {
  /* fire events that update state */
});
/* assert on the output */

This ensures that you're testing the behavior the user would see in the browser. Learn more at https://reactjs.org/link/wrap-tests-with-act
    at Signup (C:/Users/Admin/graceful_books/src/pages/auth/Signup.tsx:8:61)
    at Router (C:\Users\Admin\graceful_books\node_modules\react-router\dist\umd\react-router.development.js:1207:17)
    at BrowserRouter (C:\Users\Admin\graceful_books\node_modules\react-router-dom\dist\umd\react-router-dom.development.js:695:7)

[90mstderr[2m | src/components/customers/CustomerForm.test.tsx[2m > [22m[2mCustomerForm Component[2m > [22m[2mvalidation[2m > [22m[2mshould accept valid phone format
[22m[39mWarning: An update to CustomerForm inside a test was not wrapped in act(...).

When testing, code that causes React state updates should be wrapped into act(...):

act(() => {
  /* fire events that update state */
});
/* assert on the output */

This ensures that you're testing the behavior the user would see in the browser. Learn more at https://reactjs.org/link/wrap-tests-with-act
    at CustomerForm (C:/Users/Admin/graceful_books/src/components/customers/CustomerForm.tsx:57:3)
Warning: An update to CustomerForm inside a test was not wrapped in act(...).

When testing, code that causes React state updates should be wrapped into act(...):

act(() => {
  /* fire events that update state */
});
/* assert on the output */

This ensures that you're testing the behavior the user would see in the browser. Learn more at https://reactjs.org/link/wrap-tests-with-act
    at CustomerForm (C:/Users/Admin/graceful_books/src/components/customers/CustomerForm.tsx:57:3)
Warning: An update to CustomerForm inside a test was not wrapped in act(...).

When testing, code that causes React state updates should be wrapped into act(...):

act(() => {
  /* fire events that update state */
});
/* assert on the output */

This ensures that you're testing the behavior the user would see in the browser. Learn more at https://reactjs.org/link/wrap-tests-with-act
    at CustomerForm (C:/Users/Admin/graceful_books/src/components/customers/CustomerForm.tsx:57:3)

[90mstderr[2m | src/components/customers/CustomerForm.test.tsx[2m > [22m[2mCustomerForm Component[2m > [22m[2mvalidation[2m > [22m[2mshould accept valid phone format
[22m[39mWarning: An update to CustomerForm inside a test was not wrapped in act(...).

When testing, code that causes React state updates should be wrapped into act(...):

act(() => {
  /* fire events that update state */
});
/* assert on the output */

This ensures that you're testing the behavior the user would see in the browser. Learn more at https://reactjs.org/link/wrap-tests-with-act
    at CustomerForm (C:/Users/Admin/graceful_books/src/components/customers/CustomerForm.tsx:57:3)
Warning: An update to CustomerForm inside a test was not wrapped in act(...).

When testing, code that causes React state updates should be wrapped into act(...):

act(() => {
  /* fire events that update state */
});
/* assert on the output */

This ensures that you're testing the behavior the user would see in the browser. Learn more at https://reactjs.org/link/wrap-tests-with-act
    at CustomerForm (C:/Users/Admin/graceful_books/src/components/customers/CustomerForm.tsx:57:3)
Warning: An update to CustomerForm inside a test was not wrapped in act(...).

When testing, code that causes React state updates should be wrapped into act(...):

act(() => {
  /* fire events that update state */
});
/* assert on the output */

This ensures that you're testing the behavior the user would see in the browser. Learn more at https://reactjs.org/link/wrap-tests-with-act
    at CustomerForm (C:/Users/Admin/graceful_books/src/components/customers/CustomerForm.tsx:57:3)

[90mstderr[2m | src/components/customers/CustomerForm.test.tsx[2m > [22m[2mCustomerForm Component[2m > [22m[2mvalidation[2m > [22m[2mshould accept valid phone format
[22m[39mWarning: An update to CustomerForm inside a test was not wrapped in act(...).

When testing, code that causes React state updates should be wrapped into act(...):

act(() => {
  /* fire events that update state */
});
/* assert on the output */

This ensures that you're testing the behavior the user would see in the browser. Learn more at https://reactjs.org/link/wrap-tests-with-act
    at CustomerForm (C:/Users/Admin/graceful_books/src/components/customers/CustomerForm.tsx:57:3)
Warning: An update to CustomerForm inside a test was not wrapped in act(...).

When testing, code that causes React state updates should be wrapped into act(...):

act(() => {
  /* fire events that update state */
});
/* assert on the output */

This ensures that you're testing the behavior the user would see in the browser. Learn more at https://reactjs.org/link/wrap-tests-with-act
    at CustomerForm (C:/Users/Admin/graceful_books/src/components/customers/CustomerForm.tsx:57:3)
Warning: An update to CustomerForm inside a test was not wrapped in act(...).

When testing, code that causes React state updates should be wrapped into act(...):

act(() => {
  /* fire events that update state */
});
/* assert on the output */

This ensures that you're testing the behavior the user would see in the browser. Learn more at https://reactjs.org/link/wrap-tests-with-act
    at CustomerForm (C:/Users/Admin/graceful_books/src/components/customers/CustomerForm.tsx:57:3)

[90mstderr[2m | src/pages/auth/Signup.test.tsx[2m > [22m[2mSignup Page with Charity Selection[2m > [22m[2mcharity selection step[2m > [22m[2mshould go back to credentials step when Back is clicked
[22m[39mWarning: An update to Signup inside a test was not wrapped in act(...).

When testing, code that causes React state updates should be wrapped into act(...):

act(() => {
  /* fire events that update state */
});
/* assert on the output */

This ensures that you're testing the behavior the user would see in the browser. Learn more at https://reactjs.org/link/wrap-tests-with-act
    at Signup (C:/Users/Admin/graceful_books/src/pages/auth/Signup.tsx:8:61)
    at Router (C:\Users\Admin\graceful_books\node_modules\react-router\dist\umd\react-router.development.js:1207:17)
    at BrowserRouter (C:\Users\Admin\graceful_books\node_modules\react-router-dom\dist\umd\react-router-dom.development.js:695:7)

[90mstderr[2m | src/components/customers/CustomerForm.test.tsx[2m > [22m[2mCustomerForm Component[2m > [22m[2mvalidation[2m > [22m[2mshould accept valid phone format
[22m[39mWarning: An update to CustomerForm inside a test was not wrapped in act(...).

When testing, code that causes React state updates should be wrapped into act(...):

act(() => {
  /* fire events that update state */
});
/* assert on the output */

This ensures that you're testing the behavior the user would see in the browser. Learn more at https://reactjs.org/link/wrap-tests-with-act
    at CustomerForm (C:/Users/Admin/graceful_books/src/components/customers/CustomerForm.tsx:57:3)
Warning: An update to CustomerForm inside a test was not wrapped in act(...).

When testing, code that causes React state updates should be wrapped into act(...):

act(() => {
  /* fire events that update state */
});
/* assert on the output */

This ensures that you're testing the behavior the user would see in the browser. Learn more at https://reactjs.org/link/wrap-tests-with-act
    at CustomerForm (C:/Users/Admin/graceful_books/src/components/customers/CustomerForm.tsx:57:3)
Warning: An update to CustomerForm inside a test was not wrapped in act(...).

When testing, code that causes React state updates should be wrapped into act(...):

act(() => {
  /* fire events that update state */
});
/* assert on the output */

This ensures that you're testing the behavior the user would see in the browser. Learn more at https://reactjs.org/link/wrap-tests-with-act
    at CustomerForm (C:/Users/Admin/graceful_books/src/components/customers/CustomerForm.tsx:57:3)

[90mstderr[2m | src/components/customers/CustomerForm.test.tsx[2m > [22m[2mCustomerForm Component[2m > [22m[2mvalidation[2m > [22m[2mshould accept valid phone format
[22m[39mWarning: An update to CustomerForm inside a test was not wrapped in act(...).

When testing, code that causes React state updates should be wrapped into act(...):

act(() => {
  /* fire events that update state */
});
/* assert on the output */

This ensures that you're testing the behavior the user would see in the browser. Learn more at https://reactjs.org/link/wrap-tests-with-act
    at CustomerForm (C:/Users/Admin/graceful_books/src/components/customers/CustomerForm.tsx:57:3)
Warning: An update to CustomerForm inside a test was not wrapped in act(...).

When testing, code that causes React state updates should be wrapped into act(...):

act(() => {
  /* fire events that update state */
});
/* assert on the output */

This ensures that you're testing the behavior the user would see in the browser. Learn more at https://reactjs.org/link/wrap-tests-with-act
    at CustomerForm (C:/Users/Admin/graceful_books/src/components/customers/CustomerForm.tsx:57:3)
Warning: An update to CustomerForm inside a test was not wrapped in act(...).

When testing, code that causes React state updates should be wrapped into act(...):

act(() => {
  /* fire events that update state */
});
/* assert on the output */

This ensures that you're testing the behavior the user would see in the browser. Learn more at https://reactjs.org/link/wrap-tests-with-act
    at CustomerForm (C:/Users/Admin/graceful_books/src/components/customers/CustomerForm.tsx:57:3)

[90mstderr[2m | src/pages/auth/Signup.test.tsx[2m > [22m[2mSignup Page with Charity Selection[2m > [22m[2mcharity selection step[2m > [22m[2mshould go back to credentials step when Back is clicked
[22m[39mWarning: An update to Signup inside a test was not wrapped in act(...).

When testing, code that causes React state updates should be wrapped into act(...):

act(() => {
  /* fire events that update state */
});
/* assert on the output */

This ensures that you're testing the behavior the user would see in the browser. Learn more at https://reactjs.org/link/wrap-tests-with-act
    at Signup (C:/Users/Admin/graceful_books/src/pages/auth/Signup.tsx:8:61)
    at Router (C:\Users\Admin\graceful_books\node_modules\react-router\dist\umd\react-router.development.js:1207:17)
    at BrowserRouter (C:\Users\Admin\graceful_books\node_modules\react-router-dom\dist\umd\react-router-dom.development.js:695:7)

[90mstderr[2m | src/components/customers/CustomerForm.test.tsx[2m > [22m[2mCustomerForm Component[2m > [22m[2mvalidation[2m > [22m[2mshould accept valid phone format
[22m[39mWarning: An update to CustomerForm inside a test was not wrapped in act(...).

When testing, code that causes React state updates should be wrapped into act(...):

act(() => {
  /* fire events that update state */
});
/* assert on the output */

This ensures that you're testing the behavior the user would see in the browser. Learn more at https://reactjs.org/link/wrap-tests-with-act
    at CustomerForm (C:/Users/Admin/graceful_books/src/components/customers/CustomerForm.tsx:57:3)
Warning: An update to CustomerForm inside a test was not wrapped in act(...).

When testing, code that causes React state updates should be wrapped into act(...):

act(() => {
  /* fire events that update state */
});
/* assert on the output */

This ensures that you're testing the behavior the user would see in the browser. Learn more at https://reactjs.org/link/wrap-tests-with-act
    at CustomerForm (C:/Users/Admin/graceful_books/src/components/customers/CustomerForm.tsx:57:3)
Warning: An update to CustomerForm inside a test was not wrapped in act(...).

When testing, code that causes React state updates should be wrapped into act(...):

act(() => {
  /* fire events that update state */
});
/* assert on the output */

This ensures that you're testing the behavior the user would see in the browser. Learn more at https://reactjs.org/link/wrap-tests-with-act
    at CustomerForm (C:/Users/Admin/graceful_books/src/components/customers/CustomerForm.tsx:57:3)

[90mstderr[2m | src/components/customers/CustomerForm.test.tsx[2m > [22m[2mCustomerForm Component[2m > [22m[2mvalidation[2m > [22m[2mshould accept valid phone format
[22m[39mWarning: An update to CustomerForm inside a test was not wrapped in act(...).

When testing, code that causes React state updates should be wrapped into act(...):

act(() => {
  /* fire events that update state */
});
/* assert on the output */

This ensures that you're testing the behavior the user would see in the browser. Learn more at https://reactjs.org/link/wrap-tests-with-act
    at CustomerForm (C:/Users/Admin/graceful_books/src/components/customers/CustomerForm.tsx:57:3)
Warning: An update to CustomerForm inside a test was not wrapped in act(...).

When testing, code that causes React state updates should be wrapped into act(...):

act(() => {
  /* fire events that update state */
});
/* assert on the output */

This ensures that you're testing the behavior the user would see in the browser. Learn more at https://reactjs.org/link/wrap-tests-with-act
    at CustomerForm (C:/Users/Admin/graceful_books/src/components/customers/CustomerForm.tsx:57:3)
Warning: An update to CustomerForm inside a test was not wrapped in act(...).

When testing, code that causes React state updates should be wrapped into act(...):

act(() => {
  /* fire events that update state */
});
/* assert on the output */

This ensures that you're testing the behavior the user would see in the browser. Learn more at https://reactjs.org/link/wrap-tests-with-act
    at CustomerForm (C:/Users/Admin/graceful_books/src/components/customers/CustomerForm.tsx:57:3)

[90mstderr[2m | src/components/customers/CustomerForm.test.tsx[2m > [22m[2mCustomerForm Component[2m > [22m[2mvalidation[2m > [22m[2mshould accept valid phone format
[22m[39mWarning: An update to CustomerForm inside a test was not wrapped in act(...).

When testing, code that causes React state updates should be wrapped into act(...):

act(() => {
  /* fire events that update state */
});
/* assert on the output */

This ensures that you're testing the behavior the user would see in the browser. Learn more at https://reactjs.org/link/wrap-tests-with-act
    at CustomerForm (C:/Users/Admin/graceful_books/src/components/customers/CustomerForm.tsx:57:3)
Warning: An update to CustomerForm inside a test was not wrapped in act(...).

When testing, code that causes React state updates should be wrapped into act(...):

act(() => {
  /* fire events that update state */
});
/* assert on the output */

This ensures that you're testing the behavior the user would see in the browser. Learn more at https://reactjs.org/link/wrap-tests-with-act
    at CustomerForm (C:/Users/Admin/graceful_books/src/components/customers/CustomerForm.tsx:57:3)
Warning: An update to CustomerForm inside a test was not wrapped in act(...).

When testing, code that causes React state updates should be wrapped into act(...):

act(() => {
  /* fire events that update state */
});
/* assert on the output */

This ensures that you're testing the behavior the user would see in the browser. Learn more at https://reactjs.org/link/wrap-tests-with-act
    at CustomerForm (C:/Users/Admin/graceful_books/src/components/customers/CustomerForm.tsx:57:3)

[90mstderr[2m | src/pages/auth/Signup.test.tsx[2m > [22m[2mSignup Page with Charity Selection[2m > [22m[2mcharity selection step[2m > [22m[2mshould go back to credentials step when Back is clicked
[22m[39mWarning: An update to Signup inside a test was not wrapped in act(...).

When testing, code that causes React state updates should be wrapped into act(...):

act(() => {
  /* fire events that update state */
});
/* assert on the output */

This ensures that you're testing the behavior the user would see in the browser. Learn more at https://reactjs.org/link/wrap-tests-with-act
    at Signup (C:/Users/Admin/graceful_books/src/pages/auth/Signup.tsx:8:61)
    at Router (C:\Users\Admin\graceful_books\node_modules\react-router\dist\umd\react-router.development.js:1207:17)
    at BrowserRouter (C:\Users\Admin\graceful_books\node_modules\react-router-dom\dist\umd\react-router-dom.development.js:695:7)

[90mstderr[2m | src/components/customers/CustomerForm.test.tsx[2m > [22m[2mCustomerForm Component[2m > [22m[2mvalidation[2m > [22m[2mshould accept valid phone format
[22m[39mWarning: An update to CustomerForm inside a test was not wrapped in act(...).

When testing, code that causes React state updates should be wrapped into act(...):

act(() => {
  /* fire events that update state */
});
/* assert on the output */

This ensures that you're testing the behavior the user would see in the browser. Learn more at https://reactjs.org/link/wrap-tests-with-act
    at CustomerForm (C:/Users/Admin/graceful_books/src/components/customers/CustomerForm.tsx:57:3)
Warning: An update to CustomerForm inside a test was not wrapped in act(...).

When testing, code that causes React state updates should be wrapped into act(...):

act(() => {
  /* fire events that update state */
});
/* assert on the output */

This ensures that you're testing the behavior the user would see in the browser. Learn more at https://reactjs.org/link/wrap-tests-with-act
    at CustomerForm (C:/Users/Admin/graceful_books/src/components/customers/CustomerForm.tsx:57:3)
Warning: An update to CustomerForm inside a test was not wrapped in act(...).

When testing, code that causes React state updates should be wrapped into act(...):

act(() => {
  /* fire events that update state */
});
/* assert on the output */

This ensures that you're testing the behavior the user would see in the browser. Learn more at https://reactjs.org/link/wrap-tests-with-act
    at CustomerForm (C:/Users/Admin/graceful_books/src/components/customers/CustomerForm.tsx:57:3)

[90mstderr[2m | src/pages/auth/Signup.test.tsx[2m > [22m[2mSignup Page with Charity Selection[2m > [22m[2mcharity selection step[2m > [22m[2mshould go back to credentials step when Back is clicked
[22m[39mWarning: An update to Signup inside a test was not wrapped in act(...).

When testing, code that causes React state updates should be wrapped into act(...):

act(() => {
  /* fire events that update state */
});
/* assert on the output */

This ensures that you're testing the behavior the user would see in the browser. Learn more at https://reactjs.org/link/wrap-tests-with-act
    at Signup (C:/Users/Admin/graceful_books/src/pages/auth/Signup.tsx:8:61)
    at Router (C:\Users\Admin\graceful_books\node_modules\react-router\dist\umd\react-router.development.js:1207:17)
    at BrowserRouter (C:\Users\Admin\graceful_books\node_modules\react-router-dom\dist\umd\react-router-dom.development.js:695:7)

[90mstderr[2m | src/pages/auth/Signup.test.tsx[2m > [22m[2mSignup Page with Charity Selection[2m > [22m[2mcharity selection step[2m > [22m[2mshould go back to credentials step when Back is clicked
[22m[39mWarning: An update to Signup inside a test was not wrapped in act(...).

When testing, code that causes React state updates should be wrapped into act(...):

act(() => {
  /* fire events that update state */
});
/* assert on the output */

This ensures that you're testing the behavior the user would see in the browser. Learn more at https://reactjs.org/link/wrap-tests-with-act
    at Signup (C:/Users/Admin/graceful_books/src/pages/auth/Signup.tsx:8:61)
    at Router (C:\Users\Admin\graceful_books\node_modules\react-router\dist\umd\react-router.development.js:1207:17)
    at BrowserRouter (C:\Users\Admin\graceful_books\node_modules\react-router-dom\dist\umd\react-router-dom.development.js:695:7)

[90mstderr[2m | src/pages/auth/Signup.test.tsx[2m > [22m[2mSignup Page with Charity Selection[2m > [22m[2mcharity selection step[2m > [22m[2mshould go back to credentials step when Back is clicked
[22m[39mWarning: An update to Signup inside a test was not wrapped in act(...).

When testing, code that causes React state updates should be wrapped into act(...):

act(() => {
  /* fire events that update state */
});
/* assert on the output */

This ensures that you're testing the behavior the user would see in the browser. Learn more at https://reactjs.org/link/wrap-tests-with-act
    at Signup (C:/Users/Admin/graceful_books/src/pages/auth/Signup.tsx:8:61)
    at Router (C:\Users\Admin\graceful_books\node_modules\react-router\dist\umd\react-router.development.js:1207:17)
    at BrowserRouter (C:\Users\Admin\graceful_books\node_modules\react-router-dom\dist\umd\react-router-dom.development.js:695:7)

[90mstderr[2m | src/components/accounts/AccountForm.test.tsx[2m > [22m[2mAccountForm Component[2m > [22m[2mform submission[2m > [22m[2mshould submit with parent account
[22m[39mWarning: An update to AccountForm inside a test was not wrapped in act(...).

When testing, code that causes React state updates should be wrapped into act(...):

act(() => {
  /* fire events that update state */
});
/* assert on the output */

This ensures that you're testing the behavior the user would see in the browser. Learn more at https://reactjs.org/link/wrap-tests-with-act
    at AccountForm (C:/Users/Admin/graceful_books/src/components/accounts/AccountForm.tsx:36:3)
Warning: An update to AccountForm inside a test was not wrapped in act(...).

When testing, code that causes React state updates should be wrapped into act(...):

act(() => {
  /* fire events that update state */
});
/* assert on the output */

This ensures that you're testing the behavior the user would see in the browser. Learn more at https://reactjs.org/link/wrap-tests-with-act
    at AccountForm (C:/Users/Admin/graceful_books/src/components/accounts/AccountForm.tsx:36:3)
Warning: An update to AccountForm inside a test was not wrapped in act(...).

When testing, code that causes React state updates should be wrapped into act(...):

act(() => {
  /* fire events that update state */
});
/* assert on the output */

This ensures that you're testing the behavior the user would see in the browser. Learn more at https://reactjs.org/link/wrap-tests-with-act
    at AccountForm (C:/Users/Admin/graceful_books/src/components/accounts/AccountForm.tsx:36:3)

[90mstderr[2m | src/components/accounts/AccountForm.test.tsx[2m > [22m[2mAccountForm Component[2m > [22m[2mform submission[2m > [22m[2mshould submit with parent account
[22m[39mWarning: An update to AccountForm inside a test was not wrapped in act(...).

When testing, code that causes React state updates should be wrapped into act(...):

act(() => {
  /* fire events that update state */
});
/* assert on the output */

This ensures that you're testing the behavior the user would see in the browser. Learn more at https://reactjs.org/link/wrap-tests-with-act
    at AccountForm (C:/Users/Admin/graceful_books/src/components/accounts/AccountForm.tsx:36:3)
Warning: An update to AccountForm inside a test was not wrapped in act(...).

When testing, code that causes React state updates should be wrapped into act(...):

act(() => {
  /* fire events that update state */
});
/* assert on the output */

This ensures that you're testing the behavior the user would see in the browser. Learn more at https://reactjs.org/link/wrap-tests-with-act
    at AccountForm (C:/Users/Admin/graceful_books/src/components/accounts/AccountForm.tsx:36:3)
Warning: An update to AccountForm inside a test was not wrapped in act(...).

When testing, code that causes React state updates should be wrapped into act(...):

act(() => {
  /* fire events that update state */
});
/* assert on the output */

This ensures that you're testing the behavior the user would see in the browser. Learn more at https://reactjs.org/link/wrap-tests-with-act
    at AccountForm (C:/Users/Admin/graceful_books/src/components/accounts/AccountForm.tsx:36:3)

[90mstderr[2m | src/components/accounts/AccountForm.test.tsx[2m > [22m[2mAccountForm Component[2m > [22m[2mform submission[2m > [22m[2mshould submit with parent account
[22m[39mWarning: An update to AccountForm inside a test was not wrapped in act(...).

When testing, code that causes React state updates should be wrapped into act(...):

act(() => {
  /* fire events that update state */
});
/* assert on the output */

This ensures that you're testing the behavior the user would see in the browser. Learn more at https://reactjs.org/link/wrap-tests-with-act
    at AccountForm (C:/Users/Admin/graceful_books/src/components/accounts/AccountForm.tsx:36:3)
Warning: An update to AccountForm inside a test was not wrapped in act(...).

When testing, code that causes React state updates should be wrapped into act(...):

act(() => {
  /* fire events that update state */
});
/* assert on the output */

This ensures that you're testing the behavior the user would see in the browser. Learn more at https://reactjs.org/link/wrap-tests-with-act
    at AccountForm (C:/Users/Admin/graceful_books/src/components/accounts/AccountForm.tsx:36:3)
Warning: An update to AccountForm inside a test was not wrapped in act(...).

When testing, code that causes React state updates should be wrapped into act(...):

act(() => {
  /* fire events that update state */
});
/* assert on the output */

This ensures that you're testing the behavior the user would see in the browser. Learn more at https://reactjs.org/link/wrap-tests-with-act
    at AccountForm (C:/Users/Admin/graceful_books/src/components/accounts/AccountForm.tsx:36:3)

[90mstderr[2m | src/components/accounts/AccountForm.test.tsx[2m > [22m[2mAccountForm Component[2m > [22m[2mform submission[2m > [22m[2mshould submit with parent account
[22m[39mWarning: An update to AccountForm inside a test was not wrapped in act(...).

When testing, code that causes React state updates should be wrapped into act(...):

act(() => {
  /* fire events that update state */
});
/* assert on the output */

This ensures that you're testing the behavior the user would see in the browser. Learn more at https://reactjs.org/link/wrap-tests-with-act
    at AccountForm (C:/Users/Admin/graceful_books/src/components/accounts/AccountForm.tsx:36:3)
Warning: An update to AccountForm inside a test was not wrapped in act(...).

When testing, code that causes React state updates should be wrapped into act(...):

act(() => {
  /* fire events that update state */
});
/* assert on the output */

This ensures that you're testing the behavior the user would see in the browser. Learn more at https://reactjs.org/link/wrap-tests-with-act
    at AccountForm (C:/Users/Admin/graceful_books/src/components/accounts/AccountForm.tsx:36:3)
Warning: An update to AccountForm inside a test was not wrapped in act(...).

When testing, code that causes React state updates should be wrapped into act(...):

act(() => {
  /* fire events that update state */
});
/* assert on the output */

This ensures that you're testing the behavior the user would see in the browser. Learn more at https://reactjs.org/link/wrap-tests-with-act
    at AccountForm (C:/Users/Admin/graceful_books/src/components/accounts/AccountForm.tsx:36:3)

[90mstderr[2m | src/pages/auth/Signup.test.tsx[2m > [22m[2mSignup Page with Charity Selection[2m > [22m[2mcharity selection step[2m > [22m[2mshould go back to credentials step when Back is clicked
[22m[39mWarning: An update to Signup inside a test was not wrapped in act(...).

When testing, code that causes React state updates should be wrapped into act(...):

act(() => {
  /* fire events that update state */
});
/* assert on the output */

This ensures that you're testing the behavior the user would see in the browser. Learn more at https://reactjs.org/link/wrap-tests-with-act
    at Signup (C:/Users/Admin/graceful_books/src/pages/auth/Signup.tsx:8:61)
    at Router (C:\Users\Admin\graceful_books\node_modules\react-router\dist\umd\react-router.development.js:1207:17)
    at BrowserRouter (C:\Users\Admin\graceful_books\node_modules\react-router-dom\dist\umd\react-router-dom.development.js:695:7)

[90mstderr[2m | src/components/customers/CustomerForm.test.tsx[2m > [22m[2mCustomerForm Component[2m > [22m[2mvalidation[2m > [22m[2mshould accept valid phone format
[22m[39mWarning: An update to CustomerForm inside a test was not wrapped in act(...).

When testing, code that causes React state updates should be wrapped into act(...):

act(() => {
  /* fire events that update state */
});
/* assert on the output */

This ensures that you're testing the behavior the user would see in the browser. Learn more at https://reactjs.org/link/wrap-tests-with-act
    at CustomerForm (C:/Users/Admin/graceful_books/src/components/customers/CustomerForm.tsx:57:3)
Warning: An update to CustomerForm inside a test was not wrapped in act(...).

When testing, code that causes React state updates should be wrapped into act(...):

act(() => {
  /* fire events that update state */
});
/* assert on the output */

This ensures that you're testing the behavior the user would see in the browser. Learn more at https://reactjs.org/link/wrap-tests-with-act
    at CustomerForm (C:/Users/Admin/graceful_books/src/components/customers/CustomerForm.tsx:57:3)
Warning: An update to CustomerForm inside a test was not wrapped in act(...).

When testing, code that causes React state updates should be wrapped into act(...):

act(() => {
  /* fire events that update state */
});
/* assert on the output */

This ensures that you're testing the behavior the user would see in the browser. Learn more at https://reactjs.org/link/wrap-tests-with-act
    at CustomerForm (C:/Users/Admin/graceful_books/src/components/customers/CustomerForm.tsx:57:3)

[90mstderr[2m | src/components/accounts/AccountForm.test.tsx[2m > [22m[2mAccountForm Component[2m > [22m[2mform submission[2m > [22m[2mshould submit with parent account
[22m[39mWarning: An update to AccountForm inside a test was not wrapped in act(...).

When testing, code that causes React state updates should be wrapped into act(...):

act(() => {
  /* fire events that update state */
});
/* assert on the output */

This ensures that you're testing the behavior the user would see in the browser. Learn more at https://reactjs.org/link/wrap-tests-with-act
    at AccountForm (C:/Users/Admin/graceful_books/src/components/accounts/AccountForm.tsx:36:3)
Warning: An update to AccountForm inside a test was not wrapped in act(...).

When testing, code that causes React state updates should be wrapped into act(...):

act(() => {
  /* fire events that update state */
});
/* assert on the output */

This ensures that you're testing the behavior the user would see in the browser. Learn more at https://reactjs.org/link/wrap-tests-with-act
    at AccountForm (C:/Users/Admin/graceful_books/src/components/accounts/AccountForm.tsx:36:3)
Warning: An update to AccountForm inside a test was not wrapped in act(...).

When testing, code that causes React state updates should be wrapped into act(...):

act(() => {
  /* fire events that update state */
});
/* assert on the output */

This ensures that you're testing the behavior the user would see in the browser. Learn more at https://reactjs.org/link/wrap-tests-with-act
    at AccountForm (C:/Users/Admin/graceful_books/src/components/accounts/AccountForm.tsx:36:3)

[90mstderr[2m | src/pages/auth/Signup.test.tsx[2m > [22m[2mSignup Page with Charity Selection[2m > [22m[2mcharity selection step[2m > [22m[2mshould go back to credentials step when Back is clicked
[22m[39mWarning: An update to Signup inside a test was not wrapped in act(...).

When testing, code that causes React state updates should be wrapped into act(...):

act(() => {
  /* fire events that update state */
});
/* assert on the output */

This ensures that you're testing the behavior the user would see in the browser. Learn more at https://reactjs.org/link/wrap-tests-with-act
    at Signup (C:/Users/Admin/graceful_books/src/pages/auth/Signup.tsx:8:61)
    at Router (C:\Users\Admin\graceful_books\node_modules\react-router\dist\umd\react-router.development.js:1207:17)
    at BrowserRouter (C:\Users\Admin\graceful_books\node_modules\react-router-dom\dist\umd\react-router-dom.development.js:695:7)

[90mstderr[2m | src/components/customers/CustomerForm.test.tsx[2m > [22m[2mCustomerForm Component[2m > [22m[2mvalidation[2m > [22m[2mshould accept valid phone format
[22m[39mWarning: An update to CustomerForm inside a test was not wrapped in act(...).

When testing, code that causes React state updates should be wrapped into act(...):

act(() => {
  /* fire events that update state */
});
/* assert on the output */

This ensures that you're testing the behavior the user would see in the browser. Learn more at https://reactjs.org/link/wrap-tests-with-act
    at CustomerForm (C:/Users/Admin/graceful_books/src/components/customers/CustomerForm.tsx:57:3)
Warning: An update to CustomerForm inside a test was not wrapped in act(...).

When testing, code that causes React state updates should be wrapped into act(...):

act(() => {
  /* fire events that update state */
});
/* assert on the output */

This ensures that you're testing the behavior the user would see in the browser. Learn more at https://reactjs.org/link/wrap-tests-with-act
    at CustomerForm (C:/Users/Admin/graceful_books/src/components/customers/CustomerForm.tsx:57:3)
Warning: An update to CustomerForm inside a test was not wrapped in act(...).

When testing, code that causes React state updates should be wrapped into act(...):

act(() => {
  /* fire events that update state */
});
/* assert on the output */

This ensures that you're testing the behavior the user would see in the browser. Learn more at https://reactjs.org/link/wrap-tests-with-act
    at CustomerForm (C:/Users/Admin/graceful_books/src/components/customers/CustomerForm.tsx:57:3)

[90mstderr[2m | src/components/accounts/AccountForm.test.tsx[2m > [22m[2mAccountForm Component[2m > [22m[2mform submission[2m > [22m[2mshould submit with parent account
[22m[39mWarning: An update to AccountForm inside a test was not wrapped in act(...).

When testing, code that causes React state updates should be wrapped into act(...):

act(() => {
  /* fire events that update state */
});
/* assert on the output */

This ensures that you're testing the behavior the user would see in the browser. Learn more at https://reactjs.org/link/wrap-tests-with-act
    at AccountForm (C:/Users/Admin/graceful_books/src/components/accounts/AccountForm.tsx:36:3)
Warning: An update to AccountForm inside a test was not wrapped in act(...).

When testing, code that causes React state updates should be wrapped into act(...):

act(() => {
  /* fire events that update state */
});
/* assert on the output */

This ensures that you're testing the behavior the user would see in the browser. Learn more at https://reactjs.org/link/wrap-tests-with-act
    at AccountForm (C:/Users/Admin/graceful_books/src/components/accounts/AccountForm.tsx:36:3)
Warning: An update to AccountForm inside a test was not wrapped in act(...).

When testing, code that causes React state updates should be wrapped into act(...):

act(() => {
  /* fire events that update state */
});
/* assert on the output */

This ensures that you're testing the behavior the user would see in the browser. Learn more at https://reactjs.org/link/wrap-tests-with-act
    at AccountForm (C:/Users/Admin/graceful_books/src/components/accounts/AccountForm.tsx:36:3)

[90mstderr[2m | src/components/customers/CustomerForm.test.tsx[2m > [22m[2mCustomerForm Component[2m > [22m[2mvalidation[2m > [22m[2mshould accept valid phone format
[22m[39mWarning: An update to CustomerForm inside a test was not wrapped in act(...).

When testing, code that causes React state updates should be wrapped into act(...):

act(() => {
  /* fire events that update state */
});
/* assert on the output */

This ensures that you're testing the behavior the user would see in the browser. Learn more at https://reactjs.org/link/wrap-tests-with-act
    at CustomerForm (C:/Users/Admin/graceful_books/src/components/customers/CustomerForm.tsx:57:3)
Warning: An update to CustomerForm inside a test was not wrapped in act(...).

When testing, code that causes React state updates should be wrapped into act(...):

act(() => {
  /* fire events that update state */
});
/* assert on the output */

This ensures that you're testing the behavior the user would see in the browser. Learn more at https://reactjs.org/link/wrap-tests-with-act
    at CustomerForm (C:/Users/Admin/graceful_books/src/components/customers/CustomerForm.tsx:57:3)
Warning: An update to CustomerForm inside a test was not wrapped in act(...).

When testing, code that causes React state updates should be wrapped into act(...):

act(() => {
  /* fire events that update state */
});
/* assert on the output */

This ensures that you're testing the behavior the user would see in the browser. Learn more at https://reactjs.org/link/wrap-tests-with-act
    at CustomerForm (C:/Users/Admin/graceful_books/src/components/customers/CustomerForm.tsx:57:3)

[90mstderr[2m | src/components/accounts/AccountForm.test.tsx[2m > [22m[2mAccountForm Component[2m > [22m[2mform submission[2m > [22m[2mshould submit with parent account
[22m[39mWarning: An update to AccountForm inside a test was not wrapped in act(...).

When testing, code that causes React state updates should be wrapped into act(...):

act(() => {
  /* fire events that update state */
});
/* assert on the output */

This ensures that you're testing the behavior the user would see in the browser. Learn more at https://reactjs.org/link/wrap-tests-with-act
    at AccountForm (C:/Users/Admin/graceful_books/src/components/accounts/AccountForm.tsx:36:3)
Warning: An update to AccountForm inside a test was not wrapped in act(...).

When testing, code that causes React state updates should be wrapped into act(...):

act(() => {
  /* fire events that update state */
});
/* assert on the output */

This ensures that you're testing the behavior the user would see in the browser. Learn more at https://reactjs.org/link/wrap-tests-with-act
    at AccountForm (C:/Users/Admin/graceful_books/src/components/accounts/AccountForm.tsx:36:3)
Warning: An update to AccountForm inside a test was not wrapped in act(...).

When testing, code that causes React state updates should be wrapped into act(...):

act(() => {
  /* fire events that update state */
});
/* assert on the output */

This ensures that you're testing the behavior the user would see in the browser. Learn more at https://reactjs.org/link/wrap-tests-with-act
    at AccountForm (C:/Users/Admin/graceful_books/src/components/accounts/AccountForm.tsx:36:3)

[90mstderr[2m | src/components/customers/CustomerForm.test.tsx[2m > [22m[2mCustomerForm Component[2m > [22m[2mvalidation[2m > [22m[2mshould accept valid phone format
[22m[39mWarning: An update to CustomerForm inside a test was not wrapped in act(...).

When testing, code that causes React state updates should be wrapped into act(...):

act(() => {
  /* fire events that update state */
});
/* assert on the output */

This ensures that you're testing the behavior the user would see in the browser. Learn more at https://reactjs.org/link/wrap-tests-with-act
    at CustomerForm (C:/Users/Admin/graceful_books/src/components/customers/CustomerForm.tsx:57:3)
Warning: An update to CustomerForm inside a test was not wrapped in act(...).

When testing, code that causes React state updates should be wrapped into act(...):

act(() => {
  /* fire events that update state */
});
/* assert on the output */

This ensures that you're testing the behavior the user would see in the browser. Learn more at https://reactjs.org/link/wrap-tests-with-act
    at CustomerForm (C:/Users/Admin/graceful_books/src/components/customers/CustomerForm.tsx:57:3)
Warning: An update to CustomerForm inside a test was not wrapped in act(...).

When testing, code that causes React state updates should be wrapped into act(...):

act(() => {
  /* fire events that update state */
});
/* assert on the output */

This ensures that you're testing the behavior the user would see in the browser. Learn more at https://reactjs.org/link/wrap-tests-with-act
    at CustomerForm (C:/Users/Admin/graceful_books/src/components/customers/CustomerForm.tsx:57:3)

[90mstderr[2m | src/components/customers/CustomerForm.test.tsx[2m > [22m[2mCustomerForm Component[2m > [22m[2mvalidation[2m > [22m[2mshould accept valid phone format
[22m[39mWarning: An update to CustomerForm inside a test was not wrapped in act(...).

When testing, code that causes React state updates should be wrapped into act(...):

act(() => {
  /* fire events that update state */
});
/* assert on the output */

This ensures that you're testing the behavior the user would see in the browser. Learn more at https://reactjs.org/link/wrap-tests-with-act
    at CustomerForm (C:/Users/Admin/graceful_books/src/components/customers/CustomerForm.tsx:57:3)
Warning: An update to CustomerForm inside a test was not wrapped in act(...).

When testing, code that causes React state updates should be wrapped into act(...):

act(() => {
  /* fire events that update state */
});
/* assert on the output */

This ensures that you're testing the behavior the user would see in the browser. Learn more at https://reactjs.org/link/wrap-tests-with-act
    at CustomerForm (C:/Users/Admin/graceful_books/src/components/customers/CustomerForm.tsx:57:3)
Warning: An update to CustomerForm inside a test was not wrapped in act(...).

When testing, code that causes React state updates should be wrapped into act(...):

act(() => {
  /* fire events that update state */
});
/* assert on the output */

This ensures that you're testing the behavior the user would see in the browser. Learn more at https://reactjs.org/link/wrap-tests-with-act
    at CustomerForm (C:/Users/Admin/graceful_books/src/components/customers/CustomerForm.tsx:57:3)

[90mstderr[2m | src/components/accounts/AccountForm.test.tsx[2m > [22m[2mAccountForm Component[2m > [22m[2mform submission[2m > [22m[2mshould submit with parent account
[22m[39mWarning: An update to AccountForm inside a test was not wrapped in act(...).

When testing, code that causes React state updates should be wrapped into act(...):

act(() => {
  /* fire events that update state */
});
/* assert on the output */

This ensures that you're testing the behavior the user would see in the browser. Learn more at https://reactjs.org/link/wrap-tests-with-act
    at AccountForm (C:/Users/Admin/graceful_books/src/components/accounts/AccountForm.tsx:36:3)
Warning: An update to AccountForm inside a test was not wrapped in act(...).

When testing, code that causes React state updates should be wrapped into act(...):

act(() => {
  /* fire events that update state */
});
/* assert on the output */

This ensures that you're testing the behavior the user would see in the browser. Learn more at https://reactjs.org/link/wrap-tests-with-act
    at AccountForm (C:/Users/Admin/graceful_books/src/components/accounts/AccountForm.tsx:36:3)
Warning: An update to AccountForm inside a test was not wrapped in act(...).

When testing, code that causes React state updates should be wrapped into act(...):

act(() => {
  /* fire events that update state */
});
/* assert on the output */

This ensures that you're testing the behavior the user would see in the browser. Learn more at https://reactjs.org/link/wrap-tests-with-act
    at AccountForm (C:/Users/Admin/graceful_books/src/components/accounts/AccountForm.tsx:36:3)

[90mstderr[2m | src/pages/auth/Signup.test.tsx[2m > [22m[2mSignup Page with Charity Selection[2m > [22m[2mcharity selection step[2m > [22m[2mshould go back to credentials step when Back is clicked
[22m[39mWarning: An update to Signup inside a test was not wrapped in act(...).

When testing, code that causes React state updates should be wrapped into act(...):

act(() => {
  /* fire events that update state */
});
/* assert on the output */

This ensures that you're testing the behavior the user would see in the browser. Learn more at https://reactjs.org/link/wrap-tests-with-act
    at Signup (C:/Users/Admin/graceful_books/src/pages/auth/Signup.tsx:8:61)
    at Router (C:\Users\Admin\graceful_books\node_modules\react-router\dist\umd\react-router.development.js:1207:17)
    at BrowserRouter (C:\Users\Admin\graceful_books\node_modules\react-router-dom\dist\umd\react-router-dom.development.js:695:7)

[90mstderr[2m | src/components/customers/CustomerForm.test.tsx[2m > [22m[2mCustomerForm Component[2m > [22m[2mvalidation[2m > [22m[2mshould accept valid phone format
[22m[39mWarning: An update to CustomerForm inside a test was not wrapped in act(...).

When testing, code that causes React state updates should be wrapped into act(...):

act(() => {
  /* fire events that update state */
});
/* assert on the output */

This ensures that you're testing the behavior the user would see in the browser. Learn more at https://reactjs.org/link/wrap-tests-with-act
    at CustomerForm (C:/Users/Admin/graceful_books/src/components/customers/CustomerForm.tsx:57:3)
Warning: An update to CustomerForm inside a test was not wrapped in act(...).

When testing, code that causes React state updates should be wrapped into act(...):

act(() => {
  /* fire events that update state */
});
/* assert on the output */

This ensures that you're testing the behavior the user would see in the browser. Learn more at https://reactjs.org/link/wrap-tests-with-act
    at CustomerForm (C:/Users/Admin/graceful_books/src/components/customers/CustomerForm.tsx:57:3)
Warning: An update to CustomerForm inside a test was not wrapped in act(...).

When testing, code that causes React state updates should be wrapped into act(...):

act(() => {
  /* fire events that update state */
});
/* assert on the output */

This ensures that you're testing the behavior the user would see in the browser. Learn more at https://reactjs.org/link/wrap-tests-with-act
    at CustomerForm (C:/Users/Admin/graceful_books/src/components/customers/CustomerForm.tsx:57:3)

[90mstderr[2m | src/components/customers/CustomerForm.test.tsx[2m > [22m[2mCustomerForm Component[2m > [22m[2mvalidation[2m > [22m[2mshould accept valid phone format
[22m[39mWarning: An update to CustomerForm inside a test was not wrapped in act(...).

When testing, code that causes React state updates should be wrapped into act(...):

act(() => {
  /* fire events that update state */
});
/* assert on the output */

This ensures that you're testing the behavior the user would see in the browser. Learn more at https://reactjs.org/link/wrap-tests-with-act
    at CustomerForm (C:/Users/Admin/graceful_books/src/components/customers/CustomerForm.tsx:57:3)
Warning: An update to CustomerForm inside a test was not wrapped in act(...).

When testing, code that causes React state updates should be wrapped into act(...):

act(() => {
  /* fire events that update state */
});
/* assert on the output */

This ensures that you're testing the behavior the user would see in the browser. Learn more at https://reactjs.org/link/wrap-tests-with-act
    at CustomerForm (C:/Users/Admin/graceful_books/src/components/customers/CustomerForm.tsx:57:3)
Warning: An update to CustomerForm inside a test was not wrapped in act(...).

When testing, code that causes React state updates should be wrapped into act(...):

act(() => {
  /* fire events that update state */
});
/* assert on the output */

This ensures that you're testing the behavior the user would see in the browser. Learn more at https://reactjs.org/link/wrap-tests-with-act
    at CustomerForm (C:/Users/Admin/graceful_books/src/components/customers/CustomerForm.tsx:57:3)

[90mstderr[2m | src/components/customers/CustomerForm.test.tsx[2m > [22m[2mCustomerForm Component[2m > [22m[2mvalidation[2m > [22m[2mshould accept valid phone format
[22m[39mWarning: An update to CustomerForm inside a test was not wrapped in act(...).

When testing, code that causes React state updates should be wrapped into act(...):

act(() => {
  /* fire events that update state */
});
/* assert on the output */

This ensures that you're testing the behavior the user would see in the browser. Learn more at https://reactjs.org/link/wrap-tests-with-act
    at CustomerForm (C:/Users/Admin/graceful_books/src/components/customers/CustomerForm.tsx:57:3)
Warning: An update to CustomerForm inside a test was not wrapped in act(...).

When testing, code that causes React state updates should be wrapped into act(...):

act(() => {
  /* fire events that update state */
});
/* assert on the output */

This ensures that you're testing the behavior the user would see in the browser. Learn more at https://reactjs.org/link/wrap-tests-with-act
    at CustomerForm (C:/Users/Admin/graceful_books/src/components/customers/CustomerForm.tsx:57:3)
Warning: An update to CustomerForm inside a test was not wrapped in act(...).

When testing, code that causes React state updates should be wrapped into act(...):

act(() => {
  /* fire events that update state */
});
/* assert on the output */

This ensures that you're testing the behavior the user would see in the browser. Learn more at https://reactjs.org/link/wrap-tests-with-act
    at CustomerForm (C:/Users/Admin/graceful_books/src/components/customers/CustomerForm.tsx:57:3)

[90mstderr[2m | src/components/accounts/AccountForm.test.tsx[2m > [22m[2mAccountForm Component[2m > [22m[2mform submission[2m > [22m[2mshould submit with parent account
[22m[39mWarning: An update to AccountForm inside a test was not wrapped in act(...).

When testing, code that causes React state updates should be wrapped into act(...):

act(() => {
  /* fire events that update state */
});
/* assert on the output */

This ensures that you're testing the behavior the user would see in the browser. Learn more at https://reactjs.org/link/wrap-tests-with-act
    at AccountForm (C:/Users/Admin/graceful_books/src/components/accounts/AccountForm.tsx:36:3)
Warning: An update to AccountForm inside a test was not wrapped in act(...).

When testing, code that causes React state updates should be wrapped into act(...):

act(() => {
  /* fire events that update state */
});
/* assert on the output */

This ensures that you're testing the behavior the user would see in the browser. Learn more at https://reactjs.org/link/wrap-tests-with-act
    at AccountForm (C:/Users/Admin/graceful_books/src/components/accounts/AccountForm.tsx:36:3)
Warning: An update to AccountForm inside a test was not wrapped in act(...).

When testing, code that causes React state updates should be wrapped into act(...):

act(() => {
  /* fire events that update state */
});
/* assert on the output */

This ensures that you're testing the behavior the user would see in the browser. Learn more at https://reactjs.org/link/wrap-tests-with-act
    at AccountForm (C:/Users/Admin/graceful_books/src/components/accounts/AccountForm.tsx:36:3)

[90mstderr[2m | src/components/customers/CustomerForm.test.tsx[2m > [22m[2mCustomerForm Component[2m > [22m[2mvalidation[2m > [22m[2mshould accept valid phone format
[22m[39mWarning: An update to CustomerForm inside a test was not wrapped in act(...).

When testing, code that causes React state updates should be wrapped into act(...):

act(() => {
  /* fire events that update state */
});
/* assert on the output */

This ensures that you're testing the behavior the user would see in the browser. Learn more at https://reactjs.org/link/wrap-tests-with-act
    at CustomerForm (C:/Users/Admin/graceful_books/src/components/customers/CustomerForm.tsx:57:3)
Warning: An update to CustomerForm inside a test was not wrapped in act(...).

When testing, code that causes React state updates should be wrapped into act(...):

act(() => {
  /* fire events that update state */
});
/* assert on the output */

This ensures that you're testing the behavior the user would see in the browser. Learn more at https://reactjs.org/link/wrap-tests-with-act
    at CustomerForm (C:/Users/Admin/graceful_books/src/components/customers/CustomerForm.tsx:57:3)
Warning: An update to CustomerForm inside a test was not wrapped in act(...).

When testing, code that causes React state updates should be wrapped into act(...):

act(() => {
  /* fire events that update state */
});
/* assert on the output */

This ensures that you're testing the behavior the user would see in the browser. Learn more at https://reactjs.org/link/wrap-tests-with-act
    at CustomerForm (C:/Users/Admin/graceful_books/src/components/customers/CustomerForm.tsx:57:3)

[90mstderr[2m | src/components/accounts/AccountForm.test.tsx[2m > [22m[2mAccountForm Component[2m > [22m[2mform submission[2m > [22m[2mshould submit with parent account
[22m[39mWarning: An update to AccountForm inside a test was not wrapped in act(...).

When testing, code that causes React state updates should be wrapped into act(...):

act(() => {
  /* fire events that update state */
});
/* assert on the output */

This ensures that you're testing the behavior the user would see in the browser. Learn more at https://reactjs.org/link/wrap-tests-with-act
    at AccountForm (C:/Users/Admin/graceful_books/src/components/accounts/AccountForm.tsx:36:3)
Warning: An update to AccountForm inside a test was not wrapped in act(...).

When testing, code that causes React state updates should be wrapped into act(...):

act(() => {
  /* fire events that update state */
});
/* assert on the output */

This ensures that you're testing the behavior the user would see in the browser. Learn more at https://reactjs.org/link/wrap-tests-with-act
    at AccountForm (C:/Users/Admin/graceful_books/src/components/accounts/AccountForm.tsx:36:3)
Warning: An update to AccountForm inside a test was not wrapped in act(...).

When testing, code that causes React state updates should be wrapped into act(...):

act(() => {
  /* fire events that update state */
});
/* assert on the output */

This ensures that you're testing the behavior the user would see in the browser. Learn more at https://reactjs.org/link/wrap-tests-with-act
    at AccountForm (C:/Users/Admin/graceful_books/src/components/accounts/AccountForm.tsx:36:3)

[90mstderr[2m | src/components/customers/CustomerForm.test.tsx[2m > [22m[2mCustomerForm Component[2m > [22m[2mvalidation[2m > [22m[2mshould accept valid phone format
[22m[39mWarning: An update to CustomerForm inside a test was not wrapped in act(...).

When testing, code that causes React state updates should be wrapped into act(...):

act(() => {
  /* fire events that update state */
});
/* assert on the output */

This ensures that you're testing the behavior the user would see in the browser. Learn more at https://reactjs.org/link/wrap-tests-with-act
    at CustomerForm (C:/Users/Admin/graceful_books/src/components/customers/CustomerForm.tsx:57:3)
Warning: An update to CustomerForm inside a test was not wrapped in act(...).

When testing, code that causes React state updates should be wrapped into act(...):

act(() => {
  /* fire events that update state */
});
/* assert on the output */

This ensures that you're testing the behavior the user would see in the browser. Learn more at https://reactjs.org/link/wrap-tests-with-act
    at CustomerForm (C:/Users/Admin/graceful_books/src/components/customers/CustomerForm.tsx:57:3)
Warning: An update to CustomerForm inside a test was not wrapped in act(...).

When testing, code that causes React state updates should be wrapped into act(...):

act(() => {
  /* fire events that update state */
});
/* assert on the output */

This ensures that you're testing the behavior the user would see in the browser. Learn more at https://reactjs.org/link/wrap-tests-with-act
    at CustomerForm (C:/Users/Admin/graceful_books/src/components/customers/CustomerForm.tsx:57:3)

[90mstderr[2m | src/components/accounts/AccountForm.test.tsx[2m > [22m[2mAccountForm Component[2m > [22m[2mform submission[2m > [22m[2mshould submit with parent account
[22m[39mWarning: An update to AccountForm inside a test was not wrapped in act(...).

When testing, code that causes React state updates should be wrapped into act(...):

act(() => {
  /* fire events that update state */
});
/* assert on the output */

This ensures that you're testing the behavior the user would see in the browser. Learn more at https://reactjs.org/link/wrap-tests-with-act
    at AccountForm (C:/Users/Admin/graceful_books/src/components/accounts/AccountForm.tsx:36:3)
Warning: An update to AccountForm inside a test was not wrapped in act(...).

When testing, code that causes React state updates should be wrapped into act(...):

act(() => {
  /* fire events that update state */
});
/* assert on the output */

This ensures that you're testing the behavior the user would see in the browser. Learn more at https://reactjs.org/link/wrap-tests-with-act
    at AccountForm (C:/Users/Admin/graceful_books/src/components/accounts/AccountForm.tsx:36:3)
Warning: An update to AccountForm inside a test was not wrapped in act(...).

When testing, code that causes React state updates should be wrapped into act(...):

act(() => {
  /* fire events that update state */
});
/* assert on the output */

This ensures that you're testing the behavior the user would see in the browser. Learn more at https://reactjs.org/link/wrap-tests-with-act
    at AccountForm (C:/Users/Admin/graceful_books/src/components/accounts/AccountForm.tsx:36:3)

[90mstderr[2m | src/components/customers/CustomerForm.test.tsx[2m > [22m[2mCustomerForm Component[2m > [22m[2mvalidation[2m > [22m[2mshould accept valid phone format
[22m[39mWarning: An update to CustomerForm inside a test was not wrapped in act(...).

When testing, code that causes React state updates should be wrapped into act(...):

act(() => {
  /* fire events that update state */
});
/* assert on the output */

This ensures that you're testing the behavior the user would see in the browser. Learn more at https://reactjs.org/link/wrap-tests-with-act
    at CustomerForm (C:/Users/Admin/graceful_books/src/components/customers/CustomerForm.tsx:57:3)
Warning: An update to CustomerForm inside a test was not wrapped in act(...).

When testing, code that causes React state updates should be wrapped into act(...):

act(() => {
  /* fire events that update state */
});
/* assert on the output */

This ensures that you're testing the behavior the user would see in the browser. Learn more at https://reactjs.org/link/wrap-tests-with-act
    at CustomerForm (C:/Users/Admin/graceful_books/src/components/customers/CustomerForm.tsx:57:3)
Warning: An update to CustomerForm inside a test was not wrapped in act(...).

When testing, code that causes React state updates should be wrapped into act(...):

act(() => {
  /* fire events that update state */
});
/* assert on the output */

This ensures that you're testing the behavior the user would see in the browser. Learn more at https://reactjs.org/link/wrap-tests-with-act
    at CustomerForm (C:/Users/Admin/graceful_books/src/components/customers/CustomerForm.tsx:57:3)

[90mstderr[2m | src/components/customers/CustomerForm.test.tsx[2m > [22m[2mCustomerForm Component[2m > [22m[2mvalidation[2m > [22m[2mshould accept valid phone format
[22m[39mWarning: An update to CustomerForm inside a test was not wrapped in act(...).

When testing, code that causes React state updates should be wrapped into act(...):

act(() => {
  /* fire events that update state */
});
/* assert on the output */

This ensures that you're testing the behavior the user would see in the browser. Learn more at https://reactjs.org/link/wrap-tests-with-act
    at CustomerForm (C:/Users/Admin/graceful_books/src/components/customers/CustomerForm.tsx:57:3)
Warning: An update to CustomerForm inside a test was not wrapped in act(...).

When testing, code that causes React state updates should be wrapped into act(...):

act(() => {
  /* fire events that update state */
});
/* assert on the output */

This ensures that you're testing the behavior the user would see in the browser. Learn more at https://reactjs.org/link/wrap-tests-with-act
    at CustomerForm (C:/Users/Admin/graceful_books/src/components/customers/CustomerForm.tsx:57:3)
Warning: An update to CustomerForm inside a test was not wrapped in act(...).

When testing, code that causes React state updates should be wrapped into act(...):

act(() => {
  /* fire events that update state */
});
/* assert on the output */

This ensures that you're testing the behavior the user would see in the browser. Learn more at https://reactjs.org/link/wrap-tests-with-act
    at CustomerForm (C:/Users/Admin/graceful_books/src/components/customers/CustomerForm.tsx:57:3)

[90mstderr[2m | src/components/customers/CustomerForm.test.tsx[2m > [22m[2mCustomerForm Component[2m > [22m[2mvalidation[2m > [22m[2mshould accept valid phone format
[22m[39mWarning: An update to CustomerForm inside a test was not wrapped in act(...).

When testing, code that causes React state updates should be wrapped into act(...):

act(() => {
  /* fire events that update state */
});
/* assert on the output */

This ensures that you're testing the behavior the user would see in the browser. Learn more at https://reactjs.org/link/wrap-tests-with-act
    at CustomerForm (C:/Users/Admin/graceful_books/src/components/customers/CustomerForm.tsx:57:3)
Warning: An update to CustomerForm inside a test was not wrapped in act(...).

When testing, code that causes React state updates should be wrapped into act(...):

act(() => {
  /* fire events that update state */
});
/* assert on the output */

This ensures that you're testing the behavior the user would see in the browser. Learn more at https://reactjs.org/link/wrap-tests-with-act
    at CustomerForm (C:/Users/Admin/graceful_books/src/components/customers/CustomerForm.tsx:57:3)
Warning: An update to CustomerForm inside a test was not wrapped in act(...).

When testing, code that causes React state updates should be wrapped into act(...):

act(() => {
  /* fire events that update state */
});
/* assert on the output */

This ensures that you're testing the behavior the user would see in the browser. Learn more at https://reactjs.org/link/wrap-tests-with-act
    at CustomerForm (C:/Users/Admin/graceful_books/src/components/customers/CustomerForm.tsx:57:3)

[90mstderr[2m | src/components/customers/CustomerForm.test.tsx[2m > [22m[2mCustomerForm Component[2m > [22m[2mvalidation[2m > [22m[2mshould accept valid phone format
[22m[39mWarning: An update to CustomerForm inside a test was not wrapped in act(...).

When testing, code that causes React state updates should be wrapped into act(...):

act(() => {
  /* fire events that update state */
});
/* assert on the output */

This ensures that you're testing the behavior the user would see in the browser. Learn more at https://reactjs.org/link/wrap-tests-with-act
    at CustomerForm (C:/Users/Admin/graceful_books/src/components/customers/CustomerForm.tsx:57:3)
Warning: An update to CustomerForm inside a test was not wrapped in act(...).

When testing, code that causes React state updates should be wrapped into act(...):

act(() => {
  /* fire events that update state */
});
/* assert on the output */

This ensures that you're testing the behavior the user would see in the browser. Learn more at https://reactjs.org/link/wrap-tests-with-act
    at CustomerForm (C:/Users/Admin/graceful_books/src/components/customers/CustomerForm.tsx:57:3)
Warning: An update to CustomerForm inside a test was not wrapped in act(...).

When testing, code that causes React state updates should be wrapped into act(...):

act(() => {
  /* fire events that update state */
});
/* assert on the output */

This ensures that you're testing the behavior the user would see in the browser. Learn more at https://reactjs.org/link/wrap-tests-with-act
    at CustomerForm (C:/Users/Admin/graceful_books/src/components/customers/CustomerForm.tsx:57:3)

[90mstderr[2m | src/pages/auth/Signup.test.tsx[2m > [22m[2mSignup Page with Charity Selection[2m > [22m[2mcharity selection step[2m > [22m[2mshould go back to credentials step when Back is clicked
[22m[39mWarning: An update to Signup inside a test was not wrapped in act(...).

When testing, code that causes React state updates should be wrapped into act(...):

act(() => {
  /* fire events that update state */
});
/* assert on the output */

This ensures that you're testing the behavior the user would see in the browser. Learn more at https://reactjs.org/link/wrap-tests-with-act
    at Signup (C:/Users/Admin/graceful_books/src/pages/auth/Signup.tsx:8:61)
    at Router (C:\Users\Admin\graceful_books\node_modules\react-router\dist\umd\react-router.development.js:1207:17)
    at BrowserRouter (C:\Users\Admin\graceful_books\node_modules\react-router-dom\dist\umd\react-router-dom.development.js:695:7)

[90mstderr[2m | src/components/customers/CustomerForm.test.tsx[2m > [22m[2mCustomerForm Component[2m > [22m[2mvalidation[2m > [22m[2mshould accept valid phone format
[22m[39mWarning: An update to CustomerForm inside a test was not wrapped in act(...).

When testing, code that causes React state updates should be wrapped into act(...):

act(() => {
  /* fire events that update state */
});
/* assert on the output */

This ensures that you're testing the behavior the user would see in the browser. Learn more at https://reactjs.org/link/wrap-tests-with-act
    at CustomerForm (C:/Users/Admin/graceful_books/src/components/customers/CustomerForm.tsx:57:3)
Warning: An update to CustomerForm inside a test was not wrapped in act(...).

When testing, code that causes React state updates should be wrapped into act(...):

act(() => {
  /* fire events that update state */
});
/* assert on the output */

This ensures that you're testing the behavior the user would see in the browser. Learn more at https://reactjs.org/link/wrap-tests-with-act
    at CustomerForm (C:/Users/Admin/graceful_books/src/components/customers/CustomerForm.tsx:57:3)
Warning: An update to CustomerForm inside a test was not wrapped in act(...).

When testing, code that causes React state updates should be wrapped into act(...):

act(() => {
  /* fire events that update state */
});
/* assert on the output */

This ensures that you're testing the behavior the user would see in the browser. Learn more at https://reactjs.org/link/wrap-tests-with-act
    at CustomerForm (C:/Users/Admin/graceful_books/src/components/customers/CustomerForm.tsx:57:3)

[90mstderr[2m | src/pages/auth/Signup.test.tsx[2m > [22m[2mSignup Page with Charity Selection[2m > [22m[2mcharity selection step[2m > [22m[2mshould go back to credentials step when Back is clicked
[22m[39mWarning: An update to Signup inside a test was not wrapped in act(...).

When testing, code that causes React state updates should be wrapped into act(...):

act(() => {
  /* fire events that update state */
});
/* assert on the output */

This ensures that you're testing the behavior the user would see in the browser. Learn more at https://reactjs.org/link/wrap-tests-with-act
    at Signup (C:/Users/Admin/graceful_books/src/pages/auth/Signup.tsx:8:61)
    at Router (C:\Users\Admin\graceful_books\node_modules\react-router\dist\umd\react-router.development.js:1207:17)
    at BrowserRouter (C:\Users\Admin\graceful_books\node_modules\react-router-dom\dist\umd\react-router-dom.development.js:695:7)

[90mstderr[2m | src/pages/auth/Signup.test.tsx[2m > [22m[2mSignup Page with Charity Selection[2m > [22m[2mcharity selection step[2m > [22m[2mshould go back to credentials step when Back is clicked
[22m[39mWarning: An update to Signup inside a test was not wrapped in act(...).

When testing, code that causes React state updates should be wrapped into act(...):

act(() => {
  /* fire events that update state */
});
/* assert on the output */

This ensures that you're testing the behavior the user would see in the browser. Learn more at https://reactjs.org/link/wrap-tests-with-act
    at Signup (C:/Users/Admin/graceful_books/src/pages/auth/Signup.tsx:8:61)
    at Router (C:\Users\Admin\graceful_books\node_modules\react-router\dist\umd\react-router.development.js:1207:17)
    at BrowserRouter (C:\Users\Admin\graceful_books\node_modules\react-router-dom\dist\umd\react-router-dom.development.js:695:7)

[90mstderr[2m | src/components/accounts/AccountForm.test.tsx[2m > [22m[2mAccountForm Component[2m > [22m[2mform submission[2m > [22m[2mshould submit with parent account
[22m[39mWarning: An update to AccountForm inside a test was not wrapped in act(...).

When testing, code that causes React state updates should be wrapped into act(...):

act(() => {
  /* fire events that update state */
});
/* assert on the output */

This ensures that you're testing the behavior the user would see in the browser. Learn more at https://reactjs.org/link/wrap-tests-with-act
    at AccountForm (C:/Users/Admin/graceful_books/src/components/accounts/AccountForm.tsx:36:3)
Warning: An update to AccountForm inside a test was not wrapped in act(...).

When testing, code that causes React state updates should be wrapped into act(...):

act(() => {
  /* fire events that update state */
});
/* assert on the output */

This ensures that you're testing the behavior the user would see in the browser. Learn more at https://reactjs.org/link/wrap-tests-with-act
    at AccountForm (C:/Users/Admin/graceful_books/src/components/accounts/AccountForm.tsx:36:3)
Warning: An update to AccountForm inside a test was not wrapped in act(...).

When testing, code that causes React state updates should be wrapped into act(...):

act(() => {
  /* fire events that update state */
});
/* assert on the output */

This ensures that you're testing the behavior the user would see in the browser. Learn more at https://reactjs.org/link/wrap-tests-with-act
    at AccountForm (C:/Users/Admin/graceful_books/src/components/accounts/AccountForm.tsx:36:3)

[90mstderr[2m | src/pages/auth/Signup.test.tsx[2m > [22m[2mSignup Page with Charity Selection[2m > [22m[2mcharity selection step[2m > [22m[2mshould go back to credentials step when Back is clicked
[22m[39mWarning: An update to Signup inside a test was not wrapped in act(...).

When testing, code that causes React state updates should be wrapped into act(...):

act(() => {
  /* fire events that update state */
});
/* assert on the output */

This ensures that you're testing the behavior the user would see in the browser. Learn more at https://reactjs.org/link/wrap-tests-with-act
    at Signup (C:/Users/Admin/graceful_books/src/pages/auth/Signup.tsx:8:61)
    at Router (C:\Users\Admin\graceful_books\node_modules\react-router\dist\umd\react-router.development.js:1207:17)
    at BrowserRouter (C:\Users\Admin\graceful_books\node_modules\react-router-dom\dist\umd\react-router-dom.development.js:695:7)

[90mstderr[2m | src/pages/auth/Signup.test.tsx[2m > [22m[2mSignup Page with Charity Selection[2m > [22m[2mcharity selection step[2m > [22m[2mshould go back to credentials step when Back is clicked
[22m[39mWarning: An update to Signup inside a test was not wrapped in act(...).

When testing, code that causes React state updates should be wrapped into act(...):

act(() => {
  /* fire events that update state */
});
/* assert on the output */

This ensures that you're testing the behavior the user would see in the browser. Learn more at https://reactjs.org/link/wrap-tests-with-act
    at Signup (C:/Users/Admin/graceful_books/src/pages/auth/Signup.tsx:8:61)
    at Router (C:\Users\Admin\graceful_books\node_modules\react-router\dist\umd\react-router.development.js:1207:17)
    at BrowserRouter (C:\Users\Admin\graceful_books\node_modules\react-router-dom\dist\umd\react-router-dom.development.js:695:7)

[90mstderr[2m | src/components/accounts/AccountForm.test.tsx[2m > [22m[2mAccountForm Component[2m > [22m[2mform submission[2m > [22m[2mshould submit with parent account
[22m[39mWarning: An update to AccountForm inside a test was not wrapped in act(...).

When testing, code that causes React state updates should be wrapped into act(...):

act(() => {
  /* fire events that update state */
});
/* assert on the output */

This ensures that you're testing the behavior the user would see in the browser. Learn more at https://reactjs.org/link/wrap-tests-with-act
    at AccountForm (C:/Users/Admin/graceful_books/src/components/accounts/AccountForm.tsx:36:3)
Warning: An update to AccountForm inside a test was not wrapped in act(...).

When testing, code that causes React state updates should be wrapped into act(...):

act(() => {
  /* fire events that update state */
});
/* assert on the output */

This ensures that you're testing the behavior the user would see in the browser. Learn more at https://reactjs.org/link/wrap-tests-with-act
    at AccountForm (C:/Users/Admin/graceful_books/src/components/accounts/AccountForm.tsx:36:3)
Warning: An update to AccountForm inside a test was not wrapped in act(...).

When testing, code that causes React state updates should be wrapped into act(...):

act(() => {
  /* fire events that update state */
});
/* assert on the output */

This ensures that you're testing the behavior the user would see in the browser. Learn more at https://reactjs.org/link/wrap-tests-with-act
    at AccountForm (C:/Users/Admin/graceful_books/src/components/accounts/AccountForm.tsx:36:3)

[90mstderr[2m | src/pages/auth/Signup.test.tsx[2m > [22m[2mSignup Page with Charity Selection[2m > [22m[2mcharity selection step[2m > [22m[2mshould go back to credentials step when Back is clicked
[22m[39mWarning: An update to Signup inside a test was not wrapped in act(...).

When testing, code that causes React state updates should be wrapped into act(...):

act(() => {
  /* fire events that update state */
});
/* assert on the output */

This ensures that you're testing the behavior the user would see in the browser. Learn more at https://reactjs.org/link/wrap-tests-with-act
    at Signup (C:/Users/Admin/graceful_books/src/pages/auth/Signup.tsx:8:61)
    at Router (C:\Users\Admin\graceful_books\node_modules\react-router\dist\umd\react-router.development.js:1207:17)
    at BrowserRouter (C:\Users\Admin\graceful_books\node_modules\react-router-dom\dist\umd\react-router-dom.development.js:695:7)

[90mstderr[2m | src/pages/auth/Signup.test.tsx[2m > [22m[2mSignup Page with Charity Selection[2m > [22m[2mcharity selection step[2m > [22m[2mshould go back to credentials step when Back is clicked
[22m[39mWarning: An update to Signup inside a test was not wrapped in act(...).

When testing, code that causes React state updates should be wrapped into act(...):

act(() => {
  /* fire events that update state */
});
/* assert on the output */

This ensures that you're testing the behavior the user would see in the browser. Learn more at https://reactjs.org/link/wrap-tests-with-act
    at Signup (C:/Users/Admin/graceful_books/src/pages/auth/Signup.tsx:8:61)
    at Router (C:\Users\Admin\graceful_books\node_modules\react-router\dist\umd\react-router.development.js:1207:17)
    at BrowserRouter (C:\Users\Admin\graceful_books\node_modules\react-router-dom\dist\umd\react-router-dom.development.js:695:7)

[90mstderr[2m | src/pages/auth/Signup.test.tsx[2m > [22m[2mSignup Page with Charity Selection[2m > [22m[2mcharity selection step[2m > [22m[2mshould go back to credentials step when Back is clicked
[22m[39mWarning: An update to Signup inside a test was not wrapped in act(...).

When testing, code that causes React state updates should be wrapped into act(...):

act(() => {
  /* fire events that update state */
});
/* assert on the output */

This ensures that you're testing the behavior the user would see in the browser. Learn more at https://reactjs.org/link/wrap-tests-with-act
    at Signup (C:/Users/Admin/graceful_books/src/pages/auth/Signup.tsx:8:61)
    at Router (C:\Users\Admin\graceful_books\node_modules\react-router\dist\umd\react-router.development.js:1207:17)
    at BrowserRouter (C:\Users\Admin\graceful_books\node_modules\react-router-dom\dist\umd\react-router-dom.development.js:695:7)

[90mstderr[2m | src/components/customers/CustomerForm.test.tsx[2m > [22m[2mCustomerForm Component[2m > [22m[2maddress section[2m > [22m[2mshould show address fields when checkbox is checked
[22m[39mWarning: An update to CustomerForm inside a test was not wrapped in act(...).

When testing, code that causes React state updates should be wrapped into act(...):

act(() => {
  /* fire events that update state */
});
/* assert on the output */

This ensures that you're testing the behavior the user would see in the browser. Learn more at https://reactjs.org/link/wrap-tests-with-act
    at CustomerForm (C:/Users/Admin/graceful_books/src/components/customers/CustomerForm.tsx:57:3)

[90mstderr[2m | src/pages/auth/Signup.test.tsx[2m > [22m[2mSignup Page with Charity Selection[2m > [22m[2mcharity selection step[2m > [22m[2mshould go back to credentials step when Back is clicked
[22m[39mWarning: An update to Signup inside a test was not wrapped in act(...).

When testing, code that causes React state updates should be wrapped into act(...):

act(() => {
  /* fire events that update state */
});
/* assert on the output */

This ensures that you're testing the behavior the user would see in the browser. Learn more at https://reactjs.org/link/wrap-tests-with-act
    at Signup (C:/Users/Admin/graceful_books/src/pages/auth/Signup.tsx:8:61)
    at Router (C:\Users\Admin\graceful_books\node_modules\react-router\dist\umd\react-router.development.js:1207:17)
    at BrowserRouter (C:\Users\Admin\graceful_books\node_modules\react-router-dom\dist\umd\react-router-dom.development.js:695:7)

[90mstderr[2m | src/components/accounts/AccountForm.test.tsx[2m > [22m[2mAccountForm Component[2m > [22m[2mform submission[2m > [22m[2mshould submit with parent account
[22m[39mWarning: An update to AccountForm inside a test was not wrapped in act(...).

When testing, code that causes React state updates should be wrapped into act(...):

act(() => {
  /* fire events that update state */
});
/* assert on the output */

This ensures that you're testing the behavior the user would see in the browser. Learn more at https://reactjs.org/link/wrap-tests-with-act
    at AccountForm (C:/Users/Admin/graceful_books/src/components/accounts/AccountForm.tsx:36:3)
Warning: An update to AccountForm inside a test was not wrapped in act(...).

When testing, code that causes React state updates should be wrapped into act(...):

act(() => {
  /* fire events that update state */
});
/* assert on the output */

This ensures that you're testing the behavior the user would see in the browser. Learn more at https://reactjs.org/link/wrap-tests-with-act
    at AccountForm (C:/Users/Admin/graceful_books/src/components/accounts/AccountForm.tsx:36:3)
Warning: An update to AccountForm inside a test was not wrapped in act(...).

When testing, code that causes React state updates should be wrapped into act(...):

act(() => {
  /* fire events that update state */
});
/* assert on the output */

This ensures that you're testing the behavior the user would see in the browser. Learn more at https://reactjs.org/link/wrap-tests-with-act
    at AccountForm (C:/Users/Admin/graceful_books/src/components/accounts/AccountForm.tsx:36:3)

[90mstderr[2m | src/pages/auth/Signup.test.tsx[2m > [22m[2mSignup Page with Charity Selection[2m > [22m[2mcharity selection step[2m > [22m[2mshould go back to credentials step when Back is clicked
[22m[39mWarning: An update to Signup inside a test was not wrapped in act(...).

When testing, code that causes React state updates should be wrapped into act(...):

act(() => {
  /* fire events that update state */
});
/* assert on the output */

This ensures that you're testing the behavior the user would see in the browser. Learn more at https://reactjs.org/link/wrap-tests-with-act
    at Signup (C:/Users/Admin/graceful_books/src/pages/auth/Signup.tsx:8:61)
    at Router (C:\Users\Admin\graceful_books\node_modules\react-router\dist\umd\react-router.development.js:1207:17)
    at BrowserRouter (C:\Users\Admin\graceful_books\node_modules\react-router-dom\dist\umd\react-router-dom.development.js:695:7)

[90mstderr[2m | src/pages/auth/Signup.test.tsx[2m > [22m[2mSignup Page with Charity Selection[2m > [22m[2mcharity selection step[2m > [22m[2mshould go back to credentials step when Back is clicked
[22m[39mWarning: An update to Signup inside a test was not wrapped in act(...).

When testing, code that causes React state updates should be wrapped into act(...):

act(() => {
  /* fire events that update state */
});
/* assert on the output */

This ensures that you're testing the behavior the user would see in the browser. Learn more at https://reactjs.org/link/wrap-tests-with-act
    at Signup (C:/Users/Admin/graceful_books/src/pages/auth/Signup.tsx:8:61)
    at Router (C:\Users\Admin\graceful_books\node_modules\react-router\dist\umd\react-router.development.js:1207:17)
    at BrowserRouter (C:\Users\Admin\graceful_books\node_modules\react-router-dom\dist\umd\react-router-dom.development.js:695:7)

[90mstderr[2m | src/pages/auth/Signup.test.tsx[2m > [22m[2mSignup Page with Charity Selection[2m > [22m[2mcharity selection step[2m > [22m[2mshould go back to credentials step when Back is clicked
[22m[39mWarning: An update to Signup inside a test was not wrapped in act(...).

When testing, code that causes React state updates should be wrapped into act(...):

act(() => {
  /* fire events that update state */
});
/* assert on the output */

This ensures that you're testing the behavior the user would see in the browser. Learn more at https://reactjs.org/link/wrap-tests-with-act
    at Signup (C:/Users/Admin/graceful_books/src/pages/auth/Signup.tsx:8:61)
    at Router (C:\Users\Admin\graceful_books\node_modules\react-router\dist\umd\react-router.development.js:1207:17)
    at BrowserRouter (C:\Users\Admin\graceful_books\node_modules\react-router-dom\dist\umd\react-router-dom.development.js:695:7)

[90mstderr[2m | src/pages/auth/Signup.test.tsx[2m > [22m[2mSignup Page with Charity Selection[2m > [22m[2mcharity selection step[2m > [22m[2mshould go back to credentials step when Back is clicked
[22m[39mWarning: An update to CharitySelector inside a test was not wrapped in act(...).

When testing, code that causes React state updates should be wrapped into act(...):

act(() => {
  /* fire events that update state */
});
/* assert on the output */

This ensures that you're testing the behavior the user would see in the browser. Learn more at https://reactjs.org/link/wrap-tests-with-act
    at CharitySelector (C:/Users/Admin/graceful_books/src/components/charity/CharitySelector.tsx:9:3)
    at div
    at div
    at Signup (C:/Users/Admin/graceful_books/src/pages/auth/Signup.tsx:8:61)
    at Router (C:\Users\Admin\graceful_books\node_modules\react-router\dist\umd\react-router.development.js:1207:17)
    at BrowserRouter (C:\Users\Admin\graceful_books\node_modules\react-router-dom\dist\umd\react-router-dom.development.js:695:7)
Warning: An update to CharitySelector inside a test was not wrapped in act(...).

When testing, code that causes React state updates should be wrapped into act(...):

act(() => {
  /* fire events that update state */
});
/* assert on the output */

This ensures that you're testing the behavior the user would see in the browser. Learn more at https://reactjs.org/link/wrap-tests-with-act
    at CharitySelector (C:/Users/Admin/graceful_books/src/components/charity/CharitySelector.tsx:9:3)
    at div
    at div
    at Signup (C:/Users/Admin/graceful_books/src/pages/auth/Signup.tsx:8:61)
    at Router (C:\Users\Admin\graceful_books\node_modules\react-router\dist\umd\react-router.development.js:1207:17)
    at BrowserRouter (C:\Users\Admin\graceful_books\node_modules\react-router-dom\dist\umd\react-router-dom.development.js:695:7)

[90mstderr[2m | src/components/accounts/AccountForm.test.tsx[2m > [22m[2mAccountForm Component[2m > [22m[2mform submission[2m > [22m[2mshould submit inactive account
[22m[39mWarning: An update to AccountForm inside a test was not wrapped in act(...).

When testing, code that causes React state updates should be wrapped into act(...):

act(() => {
  /* fire events that update state */
});
/* assert on the output */

This ensures that you're testing the behavior the user would see in the browser. Learn more at https://reactjs.org/link/wrap-tests-with-act
    at AccountForm (C:/Users/Admin/graceful_books/src/components/accounts/AccountForm.tsx:36:3)
Warning: An update to AccountForm inside a test was not wrapped in act(...).

When testing, code that causes React state updates should be wrapped into act(...):

act(() => {
  /* fire events that update state */
});
/* assert on the output */

This ensures that you're testing the behavior the user would see in the browser. Learn more at https://reactjs.org/link/wrap-tests-with-act
    at AccountForm (C:/Users/Admin/graceful_books/src/components/accounts/AccountForm.tsx:36:3)
Warning: An update to AccountForm inside a test was not wrapped in act(...).

When testing, code that causes React state updates should be wrapped into act(...):

act(() => {
  /* fire events that update state */
});
/* assert on the output */

This ensures that you're testing the behavior the user would see in the browser. Learn more at https://reactjs.org/link/wrap-tests-with-act
    at AccountForm (C:/Users/Admin/graceful_books/src/components/accounts/AccountForm.tsx:36:3)

[90mstderr[2m | src/components/accounts/AccountForm.test.tsx[2m > [22m[2mAccountForm Component[2m > [22m[2mform submission[2m > [22m[2mshould submit inactive account
[22m[39mWarning: An update to AccountForm inside a test was not wrapped in act(...).

When testing, code that causes React state updates should be wrapped into act(...):

act(() => {
  /* fire events that update state */
});
/* assert on the output */

This ensures that you're testing the behavior the user would see in the browser. Learn more at https://reactjs.org/link/wrap-tests-with-act
    at AccountForm (C:/Users/Admin/graceful_books/src/components/accounts/AccountForm.tsx:36:3)
Warning: An update to AccountForm inside a test was not wrapped in act(...).

When testing, code that causes React state updates should be wrapped into act(...):

act(() => {
  /* fire events that update state */
});
/* assert on the output */

This ensures that you're testing the behavior the user would see in the browser. Learn more at https://reactjs.org/link/wrap-tests-with-act
    at AccountForm (C:/Users/Admin/graceful_books/src/components/accounts/AccountForm.tsx:36:3)
Warning: An update to AccountForm inside a test was not wrapped in act(...).

When testing, code that causes React state updates should be wrapped into act(...):

act(() => {
  /* fire events that update state */
});
/* assert on the output */

This ensures that you're testing the behavior the user would see in the browser. Learn more at https://reactjs.org/link/wrap-tests-with-act
    at AccountForm (C:/Users/Admin/graceful_books/src/components/accounts/AccountForm.tsx:36:3)

[90mstderr[2m | src/components/customers/CustomerForm.test.tsx[2m > [22m[2mCustomerForm Component[2m > [22m[2maddress section[2m > [22m[2mshould hide address fields when checkbox is unchecked
[22m[39mWarning: An update to CustomerForm inside a test was not wrapped in act(...).

When testing, code that causes React state updates should be wrapped into act(...):

act(() => {
  /* fire events that update state */
});
/* assert on the output */

This ensures that you're testing the behavior the user would see in the browser. Learn more at https://reactjs.org/link/wrap-tests-with-act
    at CustomerForm (C:/Users/Admin/graceful_books/src/components/customers/CustomerForm.tsx:57:3)

[90mstderr[2m | src/components/accounts/AccountForm.test.tsx[2m > [22m[2mAccountForm Component[2m > [22m[2mform submission[2m > [22m[2mshould submit inactive account
[22m[39mWarning: An update to AccountForm inside a test was not wrapped in act(...).

When testing, code that causes React state updates should be wrapped into act(...):

act(() => {
  /* fire events that update state */
});
/* assert on the output */

This ensures that you're testing the behavior the user would see in the browser. Learn more at https://reactjs.org/link/wrap-tests-with-act
    at AccountForm (C:/Users/Admin/graceful_books/src/components/accounts/AccountForm.tsx:36:3)
Warning: An update to AccountForm inside a test was not wrapped in act(...).

When testing, code that causes React state updates should be wrapped into act(...):

act(() => {
  /* fire events that update state */
});
/* assert on the output */

This ensures that you're testing the behavior the user would see in the browser. Learn more at https://reactjs.org/link/wrap-tests-with-act
    at AccountForm (C:/Users/Admin/graceful_books/src/components/accounts/AccountForm.tsx:36:3)
Warning: An update to AccountForm inside a test was not wrapped in act(...).

When testing, code that causes React state updates should be wrapped into act(...):

act(() => {
  /* fire events that update state */
});
/* assert on the output */

This ensures that you're testing the behavior the user would see in the browser. Learn more at https://reactjs.org/link/wrap-tests-with-act
    at AccountForm (C:/Users/Admin/graceful_books/src/components/accounts/AccountForm.tsx:36:3)

[90mstderr[2m | src/components/accounts/AccountForm.test.tsx[2m > [22m[2mAccountForm Component[2m > [22m[2mform submission[2m > [22m[2mshould submit inactive account
[22m[39mWarning: An update to AccountForm inside a test was not wrapped in act(...).

When testing, code that causes React state updates should be wrapped into act(...):

act(() => {
  /* fire events that update state */
});
/* assert on the output */

This ensures that you're testing the behavior the user would see in the browser. Learn more at https://reactjs.org/link/wrap-tests-with-act
    at AccountForm (C:/Users/Admin/graceful_books/src/components/accounts/AccountForm.tsx:36:3)
Warning: An update to AccountForm inside a test was not wrapped in act(...).

When testing, code that causes React state updates should be wrapped into act(...):

act(() => {
  /* fire events that update state */
});
/* assert on the output */

This ensures that you're testing the behavior the user would see in the browser. Learn more at https://reactjs.org/link/wrap-tests-with-act
    at AccountForm (C:/Users/Admin/graceful_books/src/components/accounts/AccountForm.tsx:36:3)
Warning: An update to AccountForm inside a test was not wrapped in act(...).

When testing, code that causes React state updates should be wrapped into act(...):

act(() => {
  /* fire events that update state */
});
/* assert on the output */

This ensures that you're testing the behavior the user would see in the browser. Learn more at https://reactjs.org/link/wrap-tests-with-act
    at AccountForm (C:/Users/Admin/graceful_books/src/components/accounts/AccountForm.tsx:36:3)

[90mstderr[2m | src/components/accounts/AccountForm.test.tsx[2m > [22m[2mAccountForm Component[2m > [22m[2mform submission[2m > [22m[2mshould submit inactive account
[22m[39mWarning: An update to AccountForm inside a test was not wrapped in act(...).

When testing, code that causes React state updates should be wrapped into act(...):

act(() => {
  /* fire events that update state */
});
/* assert on the output */

This ensures that you're testing the behavior the user would see in the browser. Learn more at https://reactjs.org/link/wrap-tests-with-act
    at AccountForm (C:/Users/Admin/graceful_books/src/components/accounts/AccountForm.tsx:36:3)
Warning: An update to AccountForm inside a test was not wrapped in act(...).

When testing, code that causes React state updates should be wrapped into act(...):

act(() => {
  /* fire events that update state */
});
/* assert on the output */

This ensures that you're testing the behavior the user would see in the browser. Learn more at https://reactjs.org/link/wrap-tests-with-act
    at AccountForm (C:/Users/Admin/graceful_books/src/components/accounts/AccountForm.tsx:36:3)
Warning: An update to AccountForm inside a test was not wrapped in act(...).

When testing, code that causes React state updates should be wrapped into act(...):

act(() => {
  /* fire events that update state */
});
/* assert on the output */

This ensures that you're testing the behavior the user would see in the browser. Learn more at https://reactjs.org/link/wrap-tests-with-act
    at AccountForm (C:/Users/Admin/graceful_books/src/components/accounts/AccountForm.tsx:36:3)

[90mstderr[2m | src/components/accounts/AccountForm.test.tsx[2m > [22m[2mAccountForm Component[2m > [22m[2mform submission[2m > [22m[2mshould submit inactive account
[22m[39mWarning: An update to AccountForm inside a test was not wrapped in act(...).

When testing, code that causes React state updates should be wrapped into act(...):

act(() => {
  /* fire events that update state */
});
/* assert on the output */

This ensures that you're testing the behavior the user would see in the browser. Learn more at https://reactjs.org/link/wrap-tests-with-act
    at AccountForm (C:/Users/Admin/graceful_books/src/components/accounts/AccountForm.tsx:36:3)
Warning: An update to AccountForm inside a test was not wrapped in act(...).

When testing, code that causes React state updates should be wrapped into act(...):

act(() => {
  /* fire events that update state */
});
/* assert on the output */

This ensures that you're testing the behavior the user would see in the browser. Learn more at https://reactjs.org/link/wrap-tests-with-act
    at AccountForm (C:/Users/Admin/graceful_books/src/components/accounts/AccountForm.tsx:36:3)
Warning: An update to AccountForm inside a test was not wrapped in act(...).

When testing, code that causes React state updates should be wrapped into act(...):

act(() => {
  /* fire events that update state */
});
/* assert on the output */

This ensures that you're testing the behavior the user would see in the browser. Learn more at https://reactjs.org/link/wrap-tests-with-act
    at AccountForm (C:/Users/Admin/graceful_books/src/components/accounts/AccountForm.tsx:36:3)

[90mstderr[2m | src/components/accounts/AccountForm.test.tsx[2m > [22m[2mAccountForm Component[2m > [22m[2mform submission[2m > [22m[2mshould submit inactive account
[22m[39mWarning: An update to AccountForm inside a test was not wrapped in act(...).

When testing, code that causes React state updates should be wrapped into act(...):

act(() => {
  /* fire events that update state */
});
/* assert on the output */

This ensures that you're testing the behavior the user would see in the browser. Learn more at https://reactjs.org/link/wrap-tests-with-act
    at AccountForm (C:/Users/Admin/graceful_books/src/components/accounts/AccountForm.tsx:36:3)
Warning: An update to AccountForm inside a test was not wrapped in act(...).

When testing, code that causes React state updates should be wrapped into act(...):

act(() => {
  /* fire events that update state */
});
/* assert on the output */

This ensures that you're testing the behavior the user would see in the browser. Learn more at https://reactjs.org/link/wrap-tests-with-act
    at AccountForm (C:/Users/Admin/graceful_books/src/components/accounts/AccountForm.tsx:36:3)
Warning: An update to AccountForm inside a test was not wrapped in act(...).

When testing, code that causes React state updates should be wrapped into act(...):

act(() => {
  /* fire events that update state */
});
/* assert on the output */

This ensures that you're testing the behavior the user would see in the browser. Learn more at https://reactjs.org/link/wrap-tests-with-act
    at AccountForm (C:/Users/Admin/graceful_books/src/components/accounts/AccountForm.tsx:36:3)

[90mstderr[2m | src/components/accounts/AccountForm.test.tsx[2m > [22m[2mAccountForm Component[2m > [22m[2mform submission[2m > [22m[2mshould submit inactive account
[22m[39mWarning: An update to AccountForm inside a test was not wrapped in act(...).

When testing, code that causes React state updates should be wrapped into act(...):

act(() => {
  /* fire events that update state */
});
/* assert on the output */

This ensures that you're testing the behavior the user would see in the browser. Learn more at https://reactjs.org/link/wrap-tests-with-act
    at AccountForm (C:/Users/Admin/graceful_books/src/components/accounts/AccountForm.tsx:36:3)
Warning: An update to AccountForm inside a test was not wrapped in act(...).

When testing, code that causes React state updates should be wrapped into act(...):

act(() => {
  /* fire events that update state */
});
/* assert on the output */

This ensures that you're testing the behavior the user would see in the browser. Learn more at https://reactjs.org/link/wrap-tests-with-act
    at AccountForm (C:/Users/Admin/graceful_books/src/components/accounts/AccountForm.tsx:36:3)
Warning: An update to AccountForm inside a test was not wrapped in act(...).

When testing, code that causes React state updates should be wrapped into act(...):

act(() => {
  /* fire events that update state */
});
/* assert on the output */

This ensures that you're testing the behavior the user would see in the browser. Learn more at https://reactjs.org/link/wrap-tests-with-act
    at AccountForm (C:/Users/Admin/graceful_books/src/components/accounts/AccountForm.tsx:36:3)

[90mstderr[2m | src/components/accounts/AccountForm.test.tsx[2m > [22m[2mAccountForm Component[2m > [22m[2mform submission[2m > [22m[2mshould submit inactive account
[22m[39mWarning: An update to AccountForm inside a test was not wrapped in act(...).

When testing, code that causes React state updates should be wrapped into act(...):

act(() => {
  /* fire events that update state */
});
/* assert on the output */

This ensures that you're testing the behavior the user would see in the browser. Learn more at https://reactjs.org/link/wrap-tests-with-act
    at AccountForm (C:/Users/Admin/graceful_books/src/components/accounts/AccountForm.tsx:36:3)
Warning: An update to AccountForm inside a test was not wrapped in act(...).

When testing, code that causes React state updates should be wrapped into act(...):

act(() => {
  /* fire events that update state */
});
/* assert on the output */

This ensures that you're testing the behavior the user would see in the browser. Learn more at https://reactjs.org/link/wrap-tests-with-act
    at AccountForm (C:/Users/Admin/graceful_books/src/components/accounts/AccountForm.tsx:36:3)
Warning: An update to AccountForm inside a test was not wrapped in act(...).

When testing, code that causes React state updates should be wrapped into act(...):

act(() => {
  /* fire events that update state */
});
/* assert on the output */

This ensures that you're testing the behavior the user would see in the browser. Learn more at https://reactjs.org/link/wrap-tests-with-act
    at AccountForm (C:/Users/Admin/graceful_books/src/components/accounts/AccountForm.tsx:36:3)

[90mstderr[2m | src/components/accounts/AccountForm.test.tsx[2m > [22m[2mAccountForm Component[2m > [22m[2mform submission[2m > [22m[2mshould submit inactive account
[22m[39mWarning: An update to AccountForm inside a test was not wrapped in act(...).

When testing, code that causes React state updates should be wrapped into act(...):

act(() => {
  /* fire events that update state */
});
/* assert on the output */

This ensures that you're testing the behavior the user would see in the browser. Learn more at https://reactjs.org/link/wrap-tests-with-act
    at AccountForm (C:/Users/Admin/graceful_books/src/components/accounts/AccountForm.tsx:36:3)
Warning: An update to AccountForm inside a test was not wrapped in act(...).

When testing, code that causes React state updates should be wrapped into act(...):

act(() => {
  /* fire events that update state */
});
/* assert on the output */

This ensures that you're testing the behavior the user would see in the browser. Learn more at https://reactjs.org/link/wrap-tests-with-act
    at AccountForm (C:/Users/Admin/graceful_books/src/components/accounts/AccountForm.tsx:36:3)
Warning: An update to AccountForm inside a test was not wrapped in act(...).

When testing, code that causes React state updates should be wrapped into act(...):

act(() => {
  /* fire events that update state */
});
/* assert on the output */

This ensures that you're testing the behavior the user would see in the browser. Learn more at https://reactjs.org/link/wrap-tests-with-act
    at AccountForm (C:/Users/Admin/graceful_books/src/components/accounts/AccountForm.tsx:36:3)

[90mstderr[2m | src/pages/auth/Signup.test.tsx[2m > [22m[2mSignup Page with Charity Selection[2m > [22m[2mcharity selection step[2m > [22m[2mshould go back to credentials step when Back is clicked
[22m[39mWarning: An update to Signup inside a test was not wrapped in act(...).

When testing, code that causes React state updates should be wrapped into act(...):

act(() => {
  /* fire events that update state */
});
/* assert on the output */

This ensures that you're testing the behavior the user would see in the browser. Learn more at https://reactjs.org/link/wrap-tests-with-act
    at Signup (C:/Users/Admin/graceful_books/src/pages/auth/Signup.tsx:8:61)
    at Router (C:\Users\Admin\graceful_books\node_modules\react-router\dist\umd\react-router.development.js:1207:17)
    at BrowserRouter (C:\Users\Admin\graceful_books\node_modules\react-router-dom\dist\umd\react-router-dom.development.js:695:7)

[90mstderr[2m | src/components/accounts/AccountForm.test.tsx[2m > [22m[2mAccountForm Component[2m > [22m[2mform submission[2m > [22m[2mshould submit inactive account
[22m[39mWarning: An update to AccountForm inside a test was not wrapped in act(...).

When testing, code that causes React state updates should be wrapped into act(...):

act(() => {
  /* fire events that update state */
});
/* assert on the output */

This ensures that you're testing the behavior the user would see in the browser. Learn more at https://reactjs.org/link/wrap-tests-with-act
    at AccountForm (C:/Users/Admin/graceful_books/src/components/accounts/AccountForm.tsx:36:3)
Warning: An update to AccountForm inside a test was not wrapped in act(...).

When testing, code that causes React state updates should be wrapped into act(...):

act(() => {
  /* fire events that update state */
});
/* assert on the output */

This ensures that you're testing the behavior the user would see in the browser. Learn more at https://reactjs.org/link/wrap-tests-with-act
    at AccountForm (C:/Users/Admin/graceful_books/src/components/accounts/AccountForm.tsx:36:3)
Warning: An update to AccountForm inside a test was not wrapped in act(...).

When testing, code that causes React state updates should be wrapped into act(...):

act(() => {
  /* fire events that update state */
});
/* assert on the output */

This ensures that you're testing the behavior the user would see in the browser. Learn more at https://reactjs.org/link/wrap-tests-with-act
    at AccountForm (C:/Users/Admin/graceful_books/src/components/accounts/AccountForm.tsx:36:3)

[90mstderr[2m | src/components/accounts/AccountForm.test.tsx[2m > [22m[2mAccountForm Component[2m > [22m[2mform submission[2m > [22m[2mshould submit inactive account
[22m[39mWarning: An update to AccountForm inside a test was not wrapped in act(...).

When testing, code that causes React state updates should be wrapped into act(...):

act(() => {
  /* fire events that update state */
});
/* assert on the output */

This ensures that you're testing the behavior the user would see in the browser. Learn more at https://reactjs.org/link/wrap-tests-with-act
    at AccountForm (C:/Users/Admin/graceful_books/src/components/accounts/AccountForm.tsx:36:3)
Warning: An update to AccountForm inside a test was not wrapped in act(...).

When testing, code that causes React state updates should be wrapped into act(...):

act(() => {
  /* fire events that update state */
});
/* assert on the output */

This ensures that you're testing the behavior the user would see in the browser. Learn more at https://reactjs.org/link/wrap-tests-with-act
    at AccountForm (C:/Users/Admin/graceful_books/src/components/accounts/AccountForm.tsx:36:3)
Warning: An update to AccountForm inside a test was not wrapped in act(...).

When testing, code that causes React state updates should be wrapped into act(...):

act(() => {
  /* fire events that update state */
});
/* assert on the output */

This ensures that you're testing the behavior the user would see in the browser. Learn more at https://reactjs.org/link/wrap-tests-with-act
    at AccountForm (C:/Users/Admin/graceful_books/src/components/accounts/AccountForm.tsx:36:3)

[90mstderr[2m | src/components/customers/CustomerForm.test.tsx[2m > [22m[2mCustomerForm Component[2m > [22m[2mform submission[2m > [22m[2mshould submit valid form data
[22m[39mWarning: An update to CustomerForm inside a test was not wrapped in act(...).

When testing, code that causes React state updates should be wrapped into act(...):

act(() => {
  /* fire events that update state */
});
/* assert on the output */

This ensures that you're testing the behavior the user would see in the browser. Learn more at https://reactjs.org/link/wrap-tests-with-act
    at CustomerForm (C:/Users/Admin/graceful_books/src/components/customers/CustomerForm.tsx:57:3)
Warning: An update to CustomerForm inside a test was not wrapped in act(...).

When testing, code that causes React state updates should be wrapped into act(...):

act(() => {
  /* fire events that update state */
});
/* assert on the output */

This ensures that you're testing the behavior the user would see in the browser. Learn more at https://reactjs.org/link/wrap-tests-with-act
    at CustomerForm (C:/Users/Admin/graceful_books/src/components/customers/CustomerForm.tsx:57:3)
Warning: An update to CustomerForm inside a test was not wrapped in act(...).

When testing, code that causes React state updates should be wrapped into act(...):

act(() => {
  /* fire events that update state */
});
/* assert on the output */

This ensures that you're testing the behavior the user would see in the browser. Learn more at https://reactjs.org/link/wrap-tests-with-act
    at CustomerForm (C:/Users/Admin/graceful_books/src/components/customers/CustomerForm.tsx:57:3)

[90mstderr[2m | src/components/accounts/AccountForm.test.tsx[2m > [22m[2mAccountForm Component[2m > [22m[2mform submission[2m > [22m[2mshould submit inactive account
[22m[39mWarning: An update to AccountForm inside a test was not wrapped in act(...).

When testing, code that causes React state updates should be wrapped into act(...):

act(() => {
  /* fire events that update state */
});
/* assert on the output */

This ensures that you're testing the behavior the user would see in the browser. Learn more at https://reactjs.org/link/wrap-tests-with-act
    at AccountForm (C:/Users/Admin/graceful_books/src/components/accounts/AccountForm.tsx:36:3)
Warning: An update to AccountForm inside a test was not wrapped in act(...).

When testing, code that causes React state updates should be wrapped into act(...):

act(() => {
  /* fire events that update state */
});
/* assert on the output */

This ensures that you're testing the behavior the user would see in the browser. Learn more at https://reactjs.org/link/wrap-tests-with-act
    at AccountForm (C:/Users/Admin/graceful_books/src/components/accounts/AccountForm.tsx:36:3)
Warning: An update to AccountForm inside a test was not wrapped in act(...).

When testing, code that causes React state updates should be wrapped into act(...):

act(() => {
  /* fire events that update state */
});
/* assert on the output */

This ensures that you're testing the behavior the user would see in the browser. Learn more at https://reactjs.org/link/wrap-tests-with-act
    at AccountForm (C:/Users/Admin/graceful_books/src/components/accounts/AccountForm.tsx:36:3)

[90mstderr[2m | src/components/accounts/AccountForm.test.tsx[2m > [22m[2mAccountForm Component[2m > [22m[2mform submission[2m > [22m[2mshould submit inactive account
[22m[39mWarning: An update to AccountForm inside a test was not wrapped in act(...).

When testing, code that causes React state updates should be wrapped into act(...):

act(() => {
  /* fire events that update state */
});
/* assert on the output */

This ensures that you're testing the behavior the user would see in the browser. Learn more at https://reactjs.org/link/wrap-tests-with-act
    at AccountForm (C:/Users/Admin/graceful_books/src/components/accounts/AccountForm.tsx:36:3)
Warning: An update to AccountForm inside a test was not wrapped in act(...).

When testing, code that causes React state updates should be wrapped into act(...):

act(() => {
  /* fire events that update state */
});
/* assert on the output */

This ensures that you're testing the behavior the user would see in the browser. Learn more at https://reactjs.org/link/wrap-tests-with-act
    at AccountForm (C:/Users/Admin/graceful_books/src/components/accounts/AccountForm.tsx:36:3)
Warning: An update to AccountForm inside a test was not wrapped in act(...).

When testing, code that causes React state updates should be wrapped into act(...):

act(() => {
  /* fire events that update state */
});
/* assert on the output */

This ensures that you're testing the behavior the user would see in the browser. Learn more at https://reactjs.org/link/wrap-tests-with-act
    at AccountForm (C:/Users/Admin/graceful_books/src/components/accounts/AccountForm.tsx:36:3)

[90mstderr[2m | src/components/customers/CustomerForm.test.tsx[2m > [22m[2mCustomerForm Component[2m > [22m[2mform submission[2m > [22m[2mshould submit valid form data
[22m[39mWarning: An update to CustomerForm inside a test was not wrapped in act(...).

When testing, code that causes React state updates should be wrapped into act(...):

act(() => {
  /* fire events that update state */
});
/* assert on the output */

This ensures that you're testing the behavior the user would see in the browser. Learn more at https://reactjs.org/link/wrap-tests-with-act
    at CustomerForm (C:/Users/Admin/graceful_books/src/components/customers/CustomerForm.tsx:57:3)
Warning: An update to CustomerForm inside a test was not wrapped in act(...).

When testing, code that causes React state updates should be wrapped into act(...):

act(() => {
  /* fire events that update state */
});
/* assert on the output */

This ensures that you're testing the behavior the user would see in the browser. Learn more at https://reactjs.org/link/wrap-tests-with-act
    at CustomerForm (C:/Users/Admin/graceful_books/src/components/customers/CustomerForm.tsx:57:3)
Warning: An update to CustomerForm inside a test was not wrapped in act(...).

When testing, code that causes React state updates should be wrapped into act(...):

act(() => {
  /* fire events that update state */
});
/* assert on the output */

This ensures that you're testing the behavior the user would see in the browser. Learn more at https://reactjs.org/link/wrap-tests-with-act
    at CustomerForm (C:/Users/Admin/graceful_books/src/components/customers/CustomerForm.tsx:57:3)

[90mstderr[2m | src/components/accounts/AccountForm.test.tsx[2m > [22m[2mAccountForm Component[2m > [22m[2mform submission[2m > [22m[2mshould submit inactive account
[22m[39mWarning: An update to AccountForm inside a test was not wrapped in act(...).

When testing, code that causes React state updates should be wrapped into act(...):

act(() => {
  /* fire events that update state */
});
/* assert on the output */

This ensures that you're testing the behavior the user would see in the browser. Learn more at https://reactjs.org/link/wrap-tests-with-act
    at AccountForm (C:/Users/Admin/graceful_books/src/components/accounts/AccountForm.tsx:36:3)
Warning: An update to AccountForm inside a test was not wrapped in act(...).

When testing, code that causes React state updates should be wrapped into act(...):

act(() => {
  /* fire events that update state */
});
/* assert on the output */

This ensures that you're testing the behavior the user would see in the browser. Learn more at https://reactjs.org/link/wrap-tests-with-act
    at AccountForm (C:/Users/Admin/graceful_books/src/components/accounts/AccountForm.tsx:36:3)
Warning: An update to AccountForm inside a test was not wrapped in act(...).

When testing, code that causes React state updates should be wrapped into act(...):

act(() => {
  /* fire events that update state */
});
/* assert on the output */

This ensures that you're testing the behavior the user would see in the browser. Learn more at https://reactjs.org/link/wrap-tests-with-act
    at AccountForm (C:/Users/Admin/graceful_books/src/components/accounts/AccountForm.tsx:36:3)

[90mstderr[2m | src/components/customers/CustomerForm.test.tsx[2m > [22m[2mCustomerForm Component[2m > [22m[2mform submission[2m > [22m[2mshould submit valid form data
[22m[39mWarning: An update to CustomerForm inside a test was not wrapped in act(...).

When testing, code that causes React state updates should be wrapped into act(...):

act(() => {
  /* fire events that update state */
});
/* assert on the output */

This ensures that you're testing the behavior the user would see in the browser. Learn more at https://reactjs.org/link/wrap-tests-with-act
    at CustomerForm (C:/Users/Admin/graceful_books/src/components/customers/CustomerForm.tsx:57:3)
Warning: An update to CustomerForm inside a test was not wrapped in act(...).

When testing, code that causes React state updates should be wrapped into act(...):

act(() => {
  /* fire events that update state */
});
/* assert on the output */

This ensures that you're testing the behavior the user would see in the browser. Learn more at https://reactjs.org/link/wrap-tests-with-act
    at CustomerForm (C:/Users/Admin/graceful_books/src/components/customers/CustomerForm.tsx:57:3)
Warning: An update to CustomerForm inside a test was not wrapped in act(...).

When testing, code that causes React state updates should be wrapped into act(...):

act(() => {
  /* fire events that update state */
});
/* assert on the output */

This ensures that you're testing the behavior the user would see in the browser. Learn more at https://reactjs.org/link/wrap-tests-with-act
    at CustomerForm (C:/Users/Admin/graceful_books/src/components/customers/CustomerForm.tsx:57:3)

[90mstderr[2m | src/components/accounts/AccountForm.test.tsx[2m > [22m[2mAccountForm Component[2m > [22m[2mform submission[2m > [22m[2mshould submit inactive account
[22m[39mWarning: An update to AccountForm inside a test was not wrapped in act(...).

When testing, code that causes React state updates should be wrapped into act(...):

act(() => {
  /* fire events that update state */
});
/* assert on the output */

This ensures that you're testing the behavior the user would see in the browser. Learn more at https://reactjs.org/link/wrap-tests-with-act
    at AccountForm (C:/Users/Admin/graceful_books/src/components/accounts/AccountForm.tsx:36:3)
Warning: An update to AccountForm inside a test was not wrapped in act(...).

When testing, code that causes React state updates should be wrapped into act(...):

act(() => {
  /* fire events that update state */
});
/* assert on the output */

This ensures that you're testing the behavior the user would see in the browser. Learn more at https://reactjs.org/link/wrap-tests-with-act
    at AccountForm (C:/Users/Admin/graceful_books/src/components/accounts/AccountForm.tsx:36:3)
Warning: An update to AccountForm inside a test was not wrapped in act(...).

When testing, code that causes React state updates should be wrapped into act(...):

act(() => {
  /* fire events that update state */
});
/* assert on the output */

This ensures that you're testing the behavior the user would see in the browser. Learn more at https://reactjs.org/link/wrap-tests-with-act
    at AccountForm (C:/Users/Admin/graceful_books/src/components/accounts/AccountForm.tsx:36:3)

[90mstderr[2m | src/components/customers/CustomerForm.test.tsx[2m > [22m[2mCustomerForm Component[2m > [22m[2mform submission[2m > [22m[2mshould submit valid form data
[22m[39mWarning: An update to CustomerForm inside a test was not wrapped in act(...).

When testing, code that causes React state updates should be wrapped into act(...):

act(() => {
  /* fire events that update state */
});
/* assert on the output */

This ensures that you're testing the behavior the user would see in the browser. Learn more at https://reactjs.org/link/wrap-tests-with-act
    at CustomerForm (C:/Users/Admin/graceful_books/src/components/customers/CustomerForm.tsx:57:3)
Warning: An update to CustomerForm inside a test was not wrapped in act(...).

When testing, code that causes React state updates should be wrapped into act(...):

act(() => {
  /* fire events that update state */
});
/* assert on the output */

This ensures that you're testing the behavior the user would see in the browser. Learn more at https://reactjs.org/link/wrap-tests-with-act
    at CustomerForm (C:/Users/Admin/graceful_books/src/components/customers/CustomerForm.tsx:57:3)
Warning: An update to CustomerForm inside a test was not wrapped in act(...).

When testing, code that causes React state updates should be wrapped into act(...):

act(() => {
  /* fire events that update state */
});
/* assert on the output */

This ensures that you're testing the behavior the user would see in the browser. Learn more at https://reactjs.org/link/wrap-tests-with-act
    at CustomerForm (C:/Users/Admin/graceful_books/src/components/customers/CustomerForm.tsx:57:3)

[90mstderr[2m | src/components/customers/CustomerForm.test.tsx[2m > [22m[2mCustomerForm Component[2m > [22m[2mform submission[2m > [22m[2mshould submit valid form data
[22m[39mWarning: An update to CustomerForm inside a test was not wrapped in act(...).

When testing, code that causes React state updates should be wrapped into act(...):

act(() => {
  /* fire events that update state */
});
/* assert on the output */

This ensures that you're testing the behavior the user would see in the browser. Learn more at https://reactjs.org/link/wrap-tests-with-act
    at CustomerForm (C:/Users/Admin/graceful_books/src/components/customers/CustomerForm.tsx:57:3)
Warning: An update to CustomerForm inside a test was not wrapped in act(...).

When testing, code that causes React state updates should be wrapped into act(...):

act(() => {
  /* fire events that update state */
});
/* assert on the output */

This ensures that you're testing the behavior the user would see in the browser. Learn more at https://reactjs.org/link/wrap-tests-with-act
    at CustomerForm (C:/Users/Admin/graceful_books/src/components/customers/CustomerForm.tsx:57:3)
Warning: An update to CustomerForm inside a test was not wrapped in act(...).

When testing, code that causes React state updates should be wrapped into act(...):

act(() => {
  /* fire events that update state */
});
/* assert on the output */

This ensures that you're testing the behavior the user would see in the browser. Learn more at https://reactjs.org/link/wrap-tests-with-act
    at CustomerForm (C:/Users/Admin/graceful_books/src/components/customers/CustomerForm.tsx:57:3)

[90mstderr[2m | src/components/customers/CustomerForm.test.tsx[2m > [22m[2mCustomerForm Component[2m > [22m[2mform submission[2m > [22m[2mshould submit valid form data
[22m[39mWarning: An update to CustomerForm inside a test was not wrapped in act(...).

When testing, code that causes React state updates should be wrapped into act(...):

act(() => {
  /* fire events that update state */
});
/* assert on the output */

This ensures that you're testing the behavior the user would see in the browser. Learn more at https://reactjs.org/link/wrap-tests-with-act
    at CustomerForm (C:/Users/Admin/graceful_books/src/components/customers/CustomerForm.tsx:57:3)
Warning: An update to CustomerForm inside a test was not wrapped in act(...).

When testing, code that causes React state updates should be wrapped into act(...):

act(() => {
  /* fire events that update state */
});
/* assert on the output */

This ensures that you're testing the behavior the user would see in the browser. Learn more at https://reactjs.org/link/wrap-tests-with-act
    at CustomerForm (C:/Users/Admin/graceful_books/src/components/customers/CustomerForm.tsx:57:3)
Warning: An update to CustomerForm inside a test was not wrapped in act(...).

When testing, code that causes React state updates should be wrapped into act(...):

act(() => {
  /* fire events that update state */
});
/* assert on the output */

This ensures that you're testing the behavior the user would see in the browser. Learn more at https://reactjs.org/link/wrap-tests-with-act
    at CustomerForm (C:/Users/Admin/graceful_books/src/components/customers/CustomerForm.tsx:57:3)

[90mstderr[2m | src/components/customers/CustomerForm.test.tsx[2m > [22m[2mCustomerForm Component[2m > [22m[2mform submission[2m > [22m[2mshould submit valid form data
[22m[39mWarning: An update to CustomerForm inside a test was not wrapped in act(...).

When testing, code that causes React state updates should be wrapped into act(...):

act(() => {
  /* fire events that update state */
});
/* assert on the output */

This ensures that you're testing the behavior the user would see in the browser. Learn more at https://reactjs.org/link/wrap-tests-with-act
    at CustomerForm (C:/Users/Admin/graceful_books/src/components/customers/CustomerForm.tsx:57:3)
Warning: An update to CustomerForm inside a test was not wrapped in act(...).

When testing, code that causes React state updates should be wrapped into act(...):

act(() => {
  /* fire events that update state */
});
/* assert on the output */

This ensures that you're testing the behavior the user would see in the browser. Learn more at https://reactjs.org/link/wrap-tests-with-act
    at CustomerForm (C:/Users/Admin/graceful_books/src/components/customers/CustomerForm.tsx:57:3)
Warning: An update to CustomerForm inside a test was not wrapped in act(...).

When testing, code that causes React state updates should be wrapped into act(...):

act(() => {
  /* fire events that update state */
});
/* assert on the output */

This ensures that you're testing the behavior the user would see in the browser. Learn more at https://reactjs.org/link/wrap-tests-with-act
    at CustomerForm (C:/Users/Admin/graceful_books/src/components/customers/CustomerForm.tsx:57:3)

[90mstderr[2m | src/components/customers/CustomerForm.test.tsx[2m > [22m[2mCustomerForm Component[2m > [22m[2mform submission[2m > [22m[2mshould submit valid form data
[22m[39mWarning: An update to CustomerForm inside a test was not wrapped in act(...).

When testing, code that causes React state updates should be wrapped into act(...):

act(() => {
  /* fire events that update state */
});
/* assert on the output */

This ensures that you're testing the behavior the user would see in the browser. Learn more at https://reactjs.org/link/wrap-tests-with-act
    at CustomerForm (C:/Users/Admin/graceful_books/src/components/customers/CustomerForm.tsx:57:3)
Warning: An update to CustomerForm inside a test was not wrapped in act(...).

When testing, code that causes React state updates should be wrapped into act(...):

act(() => {
  /* fire events that update state */
});
/* assert on the output */

This ensures that you're testing the behavior the user would see in the browser. Learn more at https://reactjs.org/link/wrap-tests-with-act
    at CustomerForm (C:/Users/Admin/graceful_books/src/components/customers/CustomerForm.tsx:57:3)
Warning: An update to CustomerForm inside a test was not wrapped in act(...).

When testing, code that causes React state updates should be wrapped into act(...):

act(() => {
  /* fire events that update state */
});
/* assert on the output */

This ensures that you're testing the behavior the user would see in the browser. Learn more at https://reactjs.org/link/wrap-tests-with-act
    at CustomerForm (C:/Users/Admin/graceful_books/src/components/customers/CustomerForm.tsx:57:3)

[90mstderr[2m | src/components/customers/CustomerForm.test.tsx[2m > [22m[2mCustomerForm Component[2m > [22m[2mform submission[2m > [22m[2mshould submit valid form data
[22m[39mWarning: An update to CustomerForm inside a test was not wrapped in act(...).

When testing, code that causes React state updates should be wrapped into act(...):

act(() => {
  /* fire events that update state */
});
/* assert on the output */

This ensures that you're testing the behavior the user would see in the browser. Learn more at https://reactjs.org/link/wrap-tests-with-act
    at CustomerForm (C:/Users/Admin/graceful_books/src/components/customers/CustomerForm.tsx:57:3)
Warning: An update to CustomerForm inside a test was not wrapped in act(...).

When testing, code that causes React state updates should be wrapped into act(...):

act(() => {
  /* fire events that update state */
});
/* assert on the output */

This ensures that you're testing the behavior the user would see in the browser. Learn more at https://reactjs.org/link/wrap-tests-with-act
    at CustomerForm (C:/Users/Admin/graceful_books/src/components/customers/CustomerForm.tsx:57:3)
Warning: An update to CustomerForm inside a test was not wrapped in act(...).

When testing, code that causes React state updates should be wrapped into act(...):

act(() => {
  /* fire events that update state */
});
/* assert on the output */

This ensures that you're testing the behavior the user would see in the browser. Learn more at https://reactjs.org/link/wrap-tests-with-act
    at CustomerForm (C:/Users/Admin/graceful_books/src/components/customers/CustomerForm.tsx:57:3)

[90mstderr[2m | src/components/accounts/AccountForm.test.tsx[2m > [22m[2mAccountForm Component[2m > [22m[2mform submission[2m > [22m[2mshould submit inactive account
[22m[39mWarning: An update to AccountForm inside a test was not wrapped in act(...).

When testing, code that causes React state updates should be wrapped into act(...):

act(() => {
  /* fire events that update state */
});
/* assert on the output */

This ensures that you're testing the behavior the user would see in the browser. Learn more at https://reactjs.org/link/wrap-tests-with-act
    at AccountForm (C:/Users/Admin/graceful_books/src/components/accounts/AccountForm.tsx:36:3)
Warning: An update to AccountForm inside a test was not wrapped in act(...).

When testing, code that causes React state updates should be wrapped into act(...):

act(() => {
  /* fire events that update state */
});
/* assert on the output */

This ensures that you're testing the behavior the user would see in the browser. Learn more at https://reactjs.org/link/wrap-tests-with-act
    at AccountForm (C:/Users/Admin/graceful_books/src/components/accounts/AccountForm.tsx:36:3)
Warning: An update to AccountForm inside a test was not wrapped in act(...).

When testing, code that causes React state updates should be wrapped into act(...):

act(() => {
  /* fire events that update state */
});
/* assert on the output */

This ensures that you're testing the behavior the user would see in the browser. Learn more at https://reactjs.org/link/wrap-tests-with-act
    at AccountForm (C:/Users/Admin/graceful_books/src/components/accounts/AccountForm.tsx:36:3)

[90mstderr[2m | src/components/customers/CustomerForm.test.tsx[2m > [22m[2mCustomerForm Component[2m > [22m[2mform submission[2m > [22m[2mshould submit valid form data
[22m[39mWarning: An update to CustomerForm inside a test was not wrapped in act(...).

When testing, code that causes React state updates should be wrapped into act(...):

act(() => {
  /* fire events that update state */
});
/* assert on the output */

This ensures that you're testing the behavior the user would see in the browser. Learn more at https://reactjs.org/link/wrap-tests-with-act
    at CustomerForm (C:/Users/Admin/graceful_books/src/components/customers/CustomerForm.tsx:57:3)
Warning: An update to CustomerForm inside a test was not wrapped in act(...).

When testing, code that causes React state updates should be wrapped into act(...):

act(() => {
  /* fire events that update state */
});
/* assert on the output */

This ensures that you're testing the behavior the user would see in the browser. Learn more at https://reactjs.org/link/wrap-tests-with-act
    at CustomerForm (C:/Users/Admin/graceful_books/src/components/customers/CustomerForm.tsx:57:3)
Warning: An update to CustomerForm inside a test was not wrapped in act(...).

When testing, code that causes React state updates should be wrapped into act(...):

act(() => {
  /* fire events that update state */
});
/* assert on the output */

This ensures that you're testing the behavior the user would see in the browser. Learn more at https://reactjs.org/link/wrap-tests-with-act
    at CustomerForm (C:/Users/Admin/graceful_books/src/components/customers/CustomerForm.tsx:57:3)

[90mstderr[2m | src/components/customers/CustomerForm.test.tsx[2m > [22m[2mCustomerForm Component[2m > [22m[2mform submission[2m > [22m[2mshould submit valid form data
[22m[39mWarning: An update to CustomerForm inside a test was not wrapped in act(...).

When testing, code that causes React state updates should be wrapped into act(...):

act(() => {
  /* fire events that update state */
});
/* assert on the output */

This ensures that you're testing the behavior the user would see in the browser. Learn more at https://reactjs.org/link/wrap-tests-with-act
    at CustomerForm (C:/Users/Admin/graceful_books/src/components/customers/CustomerForm.tsx:57:3)
Warning: An update to CustomerForm inside a test was not wrapped in act(...).

When testing, code that causes React state updates should be wrapped into act(...):

act(() => {
  /* fire events that update state */
});
/* assert on the output */

This ensures that you're testing the behavior the user would see in the browser. Learn more at https://reactjs.org/link/wrap-tests-with-act
    at CustomerForm (C:/Users/Admin/graceful_books/src/components/customers/CustomerForm.tsx:57:3)
Warning: An update to CustomerForm inside a test was not wrapped in act(...).

When testing, code that causes React state updates should be wrapped into act(...):

act(() => {
  /* fire events that update state */
});
/* assert on the output */

This ensures that you're testing the behavior the user would see in the browser. Learn more at https://reactjs.org/link/wrap-tests-with-act
    at CustomerForm (C:/Users/Admin/graceful_books/src/components/customers/CustomerForm.tsx:57:3)

[90mstderr[2m | src/components/customers/CustomerForm.test.tsx[2m > [22m[2mCustomerForm Component[2m > [22m[2mform submission[2m > [22m[2mshould submit valid form data
[22m[39mWarning: An update to CustomerForm inside a test was not wrapped in act(...).

When testing, code that causes React state updates should be wrapped into act(...):

act(() => {
  /* fire events that update state */
});
/* assert on the output */

This ensures that you're testing the behavior the user would see in the browser. Learn more at https://reactjs.org/link/wrap-tests-with-act
    at CustomerForm (C:/Users/Admin/graceful_books/src/components/customers/CustomerForm.tsx:57:3)
Warning: An update to CustomerForm inside a test was not wrapped in act(...).

When testing, code that causes React state updates should be wrapped into act(...):

act(() => {
  /* fire events that update state */
});
/* assert on the output */

This ensures that you're testing the behavior the user would see in the browser. Learn more at https://reactjs.org/link/wrap-tests-with-act
    at CustomerForm (C:/Users/Admin/graceful_books/src/components/customers/CustomerForm.tsx:57:3)
Warning: An update to CustomerForm inside a test was not wrapped in act(...).

When testing, code that causes React state updates should be wrapped into act(...):

act(() => {
  /* fire events that update state */
});
/* assert on the output */

This ensures that you're testing the behavior the user would see in the browser. Learn more at https://reactjs.org/link/wrap-tests-with-act
    at CustomerForm (C:/Users/Admin/graceful_books/src/components/customers/CustomerForm.tsx:57:3)

[90mstderr[2m | src/pages/auth/Signup.test.tsx[2m > [22m[2mSignup Page with Charity Selection[2m > [22m[2mcharity selection step[2m > [22m[2mshould preserve credentials when going back and forward
[22m[39mWarning: An update to Signup inside a test was not wrapped in act(...).

When testing, code that causes React state updates should be wrapped into act(...):

act(() => {
  /* fire events that update state */
});
/* assert on the output */

This ensures that you're testing the behavior the user would see in the browser. Learn more at https://reactjs.org/link/wrap-tests-with-act
    at Signup (C:/Users/Admin/graceful_books/src/pages/auth/Signup.tsx:8:61)
    at Router (C:\Users\Admin\graceful_books\node_modules\react-router\dist\umd\react-router.development.js:1207:17)
    at BrowserRouter (C:\Users\Admin\graceful_books\node_modules\react-router-dom\dist\umd\react-router-dom.development.js:695:7)

[90mstderr[2m | src/pages/auth/Signup.test.tsx[2m > [22m[2mSignup Page with Charity Selection[2m > [22m[2mcharity selection step[2m > [22m[2mshould preserve credentials when going back and forward
[22m[39mWarning: An update to Signup inside a test was not wrapped in act(...).

When testing, code that causes React state updates should be wrapped into act(...):

act(() => {
  /* fire events that update state */
});
/* assert on the output */

This ensures that you're testing the behavior the user would see in the browser. Learn more at https://reactjs.org/link/wrap-tests-with-act
    at Signup (C:/Users/Admin/graceful_books/src/pages/auth/Signup.tsx:8:61)
    at Router (C:\Users\Admin\graceful_books\node_modules\react-router\dist\umd\react-router.development.js:1207:17)
    at BrowserRouter (C:\Users\Admin\graceful_books\node_modules\react-router-dom\dist\umd\react-router-dom.development.js:695:7)

[90mstderr[2m | src/pages/auth/Signup.test.tsx[2m > [22m[2mSignup Page with Charity Selection[2m > [22m[2mcharity selection step[2m > [22m[2mshould preserve credentials when going back and forward
[22m[39mWarning: An update to Signup inside a test was not wrapped in act(...).

When testing, code that causes React state updates should be wrapped into act(...):

act(() => {
  /* fire events that update state */
});
/* assert on the output */

This ensures that you're testing the behavior the user would see in the browser. Learn more at https://reactjs.org/link/wrap-tests-with-act
    at Signup (C:/Users/Admin/graceful_books/src/pages/auth/Signup.tsx:8:61)
    at Router (C:\Users\Admin\graceful_books\node_modules\react-router\dist\umd\react-router.development.js:1207:17)
    at BrowserRouter (C:\Users\Admin\graceful_books\node_modules\react-router-dom\dist\umd\react-router-dom.development.js:695:7)

[90mstderr[2m | src/pages/auth/Signup.test.tsx[2m > [22m[2mSignup Page with Charity Selection[2m > [22m[2mcharity selection step[2m > [22m[2mshould preserve credentials when going back and forward
[22m[39mWarning: An update to Signup inside a test was not wrapped in act(...).

When testing, code that causes React state updates should be wrapped into act(...):

act(() => {
  /* fire events that update state */
});
/* assert on the output */

This ensures that you're testing the behavior the user would see in the browser. Learn more at https://reactjs.org/link/wrap-tests-with-act
    at Signup (C:/Users/Admin/graceful_books/src/pages/auth/Signup.tsx:8:61)
    at Router (C:\Users\Admin\graceful_books\node_modules\react-router\dist\umd\react-router.development.js:1207:17)
    at BrowserRouter (C:\Users\Admin\graceful_books\node_modules\react-router-dom\dist\umd\react-router-dom.development.js:695:7)

[90mstderr[2m | src/pages/auth/Signup.test.tsx[2m > [22m[2mSignup Page with Charity Selection[2m > [22m[2mcharity selection step[2m > [22m[2mshould preserve credentials when going back and forward
[22m[39mWarning: An update to Signup inside a test was not wrapped in act(...).

When testing, code that causes React state updates should be wrapped into act(...):

act(() => {
  /* fire events that update state */
});
/* assert on the output */

This ensures that you're testing the behavior the user would see in the browser. Learn more at https://reactjs.org/link/wrap-tests-with-act
    at Signup (C:/Users/Admin/graceful_books/src/pages/auth/Signup.tsx:8:61)
    at Router (C:\Users\Admin\graceful_books\node_modules\react-router\dist\umd\react-router.development.js:1207:17)
    at BrowserRouter (C:\Users\Admin\graceful_books\node_modules\react-router-dom\dist\umd\react-router-dom.development.js:695:7)

[90mstderr[2m | src/components/accounts/AccountForm.test.tsx[2m > [22m[2mAccountForm Component[2m > [22m[2mform submission[2m > [22m[2mshould submit inactive account
[22m[39mWarning: An update to AccountForm inside a test was not wrapped in act(...).

When testing, code that causes React state updates should be wrapped into act(...):

act(() => {
  /* fire events that update state */
});
/* assert on the output */

This ensures that you're testing the behavior the user would see in the browser. Learn more at https://reactjs.org/link/wrap-tests-with-act
    at AccountForm (C:/Users/Admin/graceful_books/src/components/accounts/AccountForm.tsx:36:3)
Warning: An update to AccountForm inside a test was not wrapped in act(...).

When testing, code that causes React state updates should be wrapped into act(...):

act(() => {
  /* fire events that update state */
});
/* assert on the output */

This ensures that you're testing the behavior the user would see in the browser. Learn more at https://reactjs.org/link/wrap-tests-with-act
    at AccountForm (C:/Users/Admin/graceful_books/src/components/accounts/AccountForm.tsx:36:3)
Warning: An update to AccountForm inside a test was not wrapped in act(...).

When testing, code that causes React state updates should be wrapped into act(...):

act(() => {
  /* fire events that update state */
});
/* assert on the output */

This ensures that you're testing the behavior the user would see in the browser. Learn more at https://reactjs.org/link/wrap-tests-with-act
    at AccountForm (C:/Users/Admin/graceful_books/src/components/accounts/AccountForm.tsx:36:3)

[90mstderr[2m | src/components/customers/CustomerForm.test.tsx[2m > [22m[2mCustomerForm Component[2m > [22m[2mform submission[2m > [22m[2mshould submit valid form data
[22m[39mWarning: An update to CustomerForm inside a test was not wrapped in act(...).

When testing, code that causes React state updates should be wrapped into act(...):

act(() => {
  /* fire events that update state */
});
/* assert on the output */

This ensures that you're testing the behavior the user would see in the browser. Learn more at https://reactjs.org/link/wrap-tests-with-act
    at CustomerForm (C:/Users/Admin/graceful_books/src/components/customers/CustomerForm.tsx:57:3)
Warning: An update to CustomerForm inside a test was not wrapped in act(...).

When testing, code that causes React state updates should be wrapped into act(...):

act(() => {
  /* fire events that update state */
});
/* assert on the output */

This ensures that you're testing the behavior the user would see in the browser. Learn more at https://reactjs.org/link/wrap-tests-with-act
    at CustomerForm (C:/Users/Admin/graceful_books/src/components/customers/CustomerForm.tsx:57:3)
Warning: An update to CustomerForm inside a test was not wrapped in act(...).

When testing, code that causes React state updates should be wrapped into act(...):

act(() => {
  /* fire events that update state */
});
/* assert on the output */

This ensures that you're testing the behavior the user would see in the browser. Learn more at https://reactjs.org/link/wrap-tests-with-act
    at CustomerForm (C:/Users/Admin/graceful_books/src/components/customers/CustomerForm.tsx:57:3)

[90mstderr[2m | src/components/customers/CustomerForm.test.tsx[2m > [22m[2mCustomerForm Component[2m > [22m[2mform submission[2m > [22m[2mshould submit valid form data
[22m[39mWarning: An update to CustomerForm inside a test was not wrapped in act(...).

When testing, code that causes React state updates should be wrapped into act(...):

act(() => {
  /* fire events that update state */
});
/* assert on the output */

This ensures that you're testing the behavior the user would see in the browser. Learn more at https://reactjs.org/link/wrap-tests-with-act
    at CustomerForm (C:/Users/Admin/graceful_books/src/components/customers/CustomerForm.tsx:57:3)
Warning: An update to CustomerForm inside a test was not wrapped in act(...).

When testing, code that causes React state updates should be wrapped into act(...):

act(() => {
  /* fire events that update state */
});
/* assert on the output */

This ensures that you're testing the behavior the user would see in the browser. Learn more at https://reactjs.org/link/wrap-tests-with-act
    at CustomerForm (C:/Users/Admin/graceful_books/src/components/customers/CustomerForm.tsx:57:3)
Warning: An update to CustomerForm inside a test was not wrapped in act(...).

When testing, code that causes React state updates should be wrapped into act(...):

act(() => {
  /* fire events that update state */
});
/* assert on the output */

This ensures that you're testing the behavior the user would see in the browser. Learn more at https://reactjs.org/link/wrap-tests-with-act
    at CustomerForm (C:/Users/Admin/graceful_books/src/components/customers/CustomerForm.tsx:57:3)

[90mstderr[2m | src/pages/auth/Signup.test.tsx[2m > [22m[2mSignup Page with Charity Selection[2m > [22m[2mcharity selection step[2m > [22m[2mshould preserve credentials when going back and forward
[22m[39mWarning: An update to Signup inside a test was not wrapped in act(...).

When testing, code that causes React state updates should be wrapped into act(...):

act(() => {
  /* fire events that update state */
});
/* assert on the output */

This ensures that you're testing the behavior the user would see in the browser. Learn more at https://reactjs.org/link/wrap-tests-with-act
    at Signup (C:/Users/Admin/graceful_books/src/pages/auth/Signup.tsx:8:61)
    at Router (C:\Users\Admin\graceful_books\node_modules\react-router\dist\umd\react-router.development.js:1207:17)
    at BrowserRouter (C:\Users\Admin\graceful_books\node_modules\react-router-dom\dist\umd\react-router-dom.development.js:695:7)

[90mstderr[2m | src/pages/auth/Signup.test.tsx[2m > [22m[2mSignup Page with Charity Selection[2m > [22m[2mcharity selection step[2m > [22m[2mshould preserve credentials when going back and forward
[22m[39mWarning: An update to Signup inside a test was not wrapped in act(...).

When testing, code that causes React state updates should be wrapped into act(...):

act(() => {
  /* fire events that update state */
});
/* assert on the output */

This ensures that you're testing the behavior the user would see in the browser. Learn more at https://reactjs.org/link/wrap-tests-with-act
    at Signup (C:/Users/Admin/graceful_books/src/pages/auth/Signup.tsx:8:61)
    at Router (C:\Users\Admin\graceful_books\node_modules\react-router\dist\umd\react-router.development.js:1207:17)
    at BrowserRouter (C:\Users\Admin\graceful_books\node_modules\react-router-dom\dist\umd\react-router-dom.development.js:695:7)

[90mstderr[2m | src/components/customers/CustomerForm.test.tsx[2m > [22m[2mCustomerForm Component[2m > [22m[2mform submission[2m > [22m[2mshould submit valid form data
[22m[39mWarning: An update to CustomerForm inside a test was not wrapped in act(...).

When testing, code that causes React state updates should be wrapped into act(...):

act(() => {
  /* fire events that update state */
});
/* assert on the output */

This ensures that you're testing the behavior the user would see in the browser. Learn more at https://reactjs.org/link/wrap-tests-with-act
    at CustomerForm (C:/Users/Admin/graceful_books/src/components/customers/CustomerForm.tsx:57:3)
Warning: An update to CustomerForm inside a test was not wrapped in act(...).

When testing, code that causes React state updates should be wrapped into act(...):

act(() => {
  /* fire events that update state */
});
/* assert on the output */

This ensures that you're testing the behavior the user would see in the browser. Learn more at https://reactjs.org/link/wrap-tests-with-act
    at CustomerForm (C:/Users/Admin/graceful_books/src/components/customers/CustomerForm.tsx:57:3)
Warning: An update to CustomerForm inside a test was not wrapped in act(...).

When testing, code that causes React state updates should be wrapped into act(...):

act(() => {
  /* fire events that update state */
});
/* assert on the output */

This ensures that you're testing the behavior the user would see in the browser. Learn more at https://reactjs.org/link/wrap-tests-with-act
    at CustomerForm (C:/Users/Admin/graceful_books/src/components/customers/CustomerForm.tsx:57:3)

[90mstderr[2m | src/components/customers/CustomerForm.test.tsx[2m > [22m[2mCustomerForm Component[2m > [22m[2mform submission[2m > [22m[2mshould submit valid form data
[22m[39mWarning: An update to CustomerForm inside a test was not wrapped in act(...).

When testing, code that causes React state updates should be wrapped into act(...):

act(() => {
  /* fire events that update state */
});
/* assert on the output */

This ensures that you're testing the behavior the user would see in the browser. Learn more at https://reactjs.org/link/wrap-tests-with-act
    at CustomerForm (C:/Users/Admin/graceful_books/src/components/customers/CustomerForm.tsx:57:3)
Warning: An update to CustomerForm inside a test was not wrapped in act(...).

When testing, code that causes React state updates should be wrapped into act(...):

act(() => {
  /* fire events that update state */
});
/* assert on the output */

This ensures that you're testing the behavior the user would see in the browser. Learn more at https://reactjs.org/link/wrap-tests-with-act
    at CustomerForm (C:/Users/Admin/graceful_books/src/components/customers/CustomerForm.tsx:57:3)
Warning: An update to CustomerForm inside a test was not wrapped in act(...).

When testing, code that causes React state updates should be wrapped into act(...):

act(() => {
  /* fire events that update state */
});
/* assert on the output */

This ensures that you're testing the behavior the user would see in the browser. Learn more at https://reactjs.org/link/wrap-tests-with-act
    at CustomerForm (C:/Users/Admin/graceful_books/src/components/customers/CustomerForm.tsx:57:3)

[90mstderr[2m | src/components/customers/CustomerForm.test.tsx[2m > [22m[2mCustomerForm Component[2m > [22m[2mform submission[2m > [22m[2mshould submit valid form data
[22m[39mWarning: An update to CustomerForm inside a test was not wrapped in act(...).

When testing, code that causes React state updates should be wrapped into act(...):

act(() => {
  /* fire events that update state */
});
/* assert on the output */

This ensures that you're testing the behavior the user would see in the browser. Learn more at https://reactjs.org/link/wrap-tests-with-act
    at CustomerForm (C:/Users/Admin/graceful_books/src/components/customers/CustomerForm.tsx:57:3)
Warning: An update to CustomerForm inside a test was not wrapped in act(...).

When testing, code that causes React state updates should be wrapped into act(...):

act(() => {
  /* fire events that update state */
});
/* assert on the output */

This ensures that you're testing the behavior the user would see in the browser. Learn more at https://reactjs.org/link/wrap-tests-with-act
    at CustomerForm (C:/Users/Admin/graceful_books/src/components/customers/CustomerForm.tsx:57:3)
Warning: An update to CustomerForm inside a test was not wrapped in act(...).

When testing, code that causes React state updates should be wrapped into act(...):

act(() => {
  /* fire events that update state */
});
/* assert on the output */

This ensures that you're testing the behavior the user would see in the browser. Learn more at https://reactjs.org/link/wrap-tests-with-act
    at CustomerForm (C:/Users/Admin/graceful_books/src/components/customers/CustomerForm.tsx:57:3)

[90mstderr[2m | src/pages/auth/Signup.test.tsx[2m > [22m[2mSignup Page with Charity Selection[2m > [22m[2mcharity selection step[2m > [22m[2mshould preserve credentials when going back and forward
[22m[39mWarning: An update to Signup inside a test was not wrapped in act(...).

When testing, code that causes React state updates should be wrapped into act(...):

act(() => {
  /* fire events that update state */
});
/* assert on the output */

This ensures that you're testing the behavior the user would see in the browser. Learn more at https://reactjs.org/link/wrap-tests-with-act
    at Signup (C:/Users/Admin/graceful_books/src/pages/auth/Signup.tsx:8:61)
    at Router (C:\Users\Admin\graceful_books\node_modules\react-router\dist\umd\react-router.development.js:1207:17)
    at BrowserRouter (C:\Users\Admin\graceful_books\node_modules\react-router-dom\dist\umd\react-router-dom.development.js:695:7)

[90mstderr[2m | src/components/customers/CustomerForm.test.tsx[2m > [22m[2mCustomerForm Component[2m > [22m[2mform submission[2m > [22m[2mshould submit valid form data
[22m[39mWarning: An update to CustomerForm inside a test was not wrapped in act(...).

When testing, code that causes React state updates should be wrapped into act(...):

act(() => {
  /* fire events that update state */
});
/* assert on the output */

This ensures that you're testing the behavior the user would see in the browser. Learn more at https://reactjs.org/link/wrap-tests-with-act
    at CustomerForm (C:/Users/Admin/graceful_books/src/components/customers/CustomerForm.tsx:57:3)
Warning: An update to CustomerForm inside a test was not wrapped in act(...).

When testing, code that causes React state updates should be wrapped into act(...):

act(() => {
  /* fire events that update state */
});
/* assert on the output */

This ensures that you're testing the behavior the user would see in the browser. Learn more at https://reactjs.org/link/wrap-tests-with-act
    at CustomerForm (C:/Users/Admin/graceful_books/src/components/customers/CustomerForm.tsx:57:3)
Warning: An update to CustomerForm inside a test was not wrapped in act(...).

When testing, code that causes React state updates should be wrapped into act(...):

act(() => {
  /* fire events that update state */
});
/* assert on the output */

This ensures that you're testing the behavior the user would see in the browser. Learn more at https://reactjs.org/link/wrap-tests-with-act
    at CustomerForm (C:/Users/Admin/graceful_books/src/components/customers/CustomerForm.tsx:57:3)

[90mstderr[2m | src/components/customers/CustomerForm.test.tsx[2m > [22m[2mCustomerForm Component[2m > [22m[2mform submission[2m > [22m[2mshould submit valid form data
[22m[39mWarning: An update to CustomerForm inside a test was not wrapped in act(...).

When testing, code that causes React state updates should be wrapped into act(...):

act(() => {
  /* fire events that update state */
});
/* assert on the output */

This ensures that you're testing the behavior the user would see in the browser. Learn more at https://reactjs.org/link/wrap-tests-with-act
    at CustomerForm (C:/Users/Admin/graceful_books/src/components/customers/CustomerForm.tsx:57:3)
Warning: An update to CustomerForm inside a test was not wrapped in act(...).

When testing, code that causes React state updates should be wrapped into act(...):

act(() => {
  /* fire events that update state */
});
/* assert on the output */

This ensures that you're testing the behavior the user would see in the browser. Learn more at https://reactjs.org/link/wrap-tests-with-act
    at CustomerForm (C:/Users/Admin/graceful_books/src/components/customers/CustomerForm.tsx:57:3)
Warning: An update to CustomerForm inside a test was not wrapped in act(...).

When testing, code that causes React state updates should be wrapped into act(...):

act(() => {
  /* fire events that update state */
});
/* assert on the output */

This ensures that you're testing the behavior the user would see in the browser. Learn more at https://reactjs.org/link/wrap-tests-with-act
    at CustomerForm (C:/Users/Admin/graceful_books/src/components/customers/CustomerForm.tsx:57:3)

[90mstderr[2m | src/components/customers/CustomerForm.test.tsx[2m > [22m[2mCustomerForm Component[2m > [22m[2mform submission[2m > [22m[2mshould submit valid form data
[22m[39mWarning: An update to CustomerForm inside a test was not wrapped in act(...).

When testing, code that causes React state updates should be wrapped into act(...):

act(() => {
  /* fire events that update state */
});
/* assert on the output */

This ensures that you're testing the behavior the user would see in the browser. Learn more at https://reactjs.org/link/wrap-tests-with-act
    at CustomerForm (C:/Users/Admin/graceful_books/src/components/customers/CustomerForm.tsx:57:3)
Warning: An update to CustomerForm inside a test was not wrapped in act(...).

When testing, code that causes React state updates should be wrapped into act(...):

act(() => {
  /* fire events that update state */
});
/* assert on the output */

This ensures that you're testing the behavior the user would see in the browser. Learn more at https://reactjs.org/link/wrap-tests-with-act
    at CustomerForm (C:/Users/Admin/graceful_books/src/components/customers/CustomerForm.tsx:57:3)
Warning: An update to CustomerForm inside a test was not wrapped in act(...).

When testing, code that causes React state updates should be wrapped into act(...):

act(() => {
  /* fire events that update state */
});
/* assert on the output */

This ensures that you're testing the behavior the user would see in the browser. Learn more at https://reactjs.org/link/wrap-tests-with-act
    at CustomerForm (C:/Users/Admin/graceful_books/src/components/customers/CustomerForm.tsx:57:3)

[90mstderr[2m | src/components/customers/CustomerForm.test.tsx[2m > [22m[2mCustomerForm Component[2m > [22m[2mform submission[2m > [22m[2mshould submit valid form data
[22m[39mWarning: An update to CustomerForm inside a test was not wrapped in act(...).

When testing, code that causes React state updates should be wrapped into act(...):

act(() => {
  /* fire events that update state */
});
/* assert on the output */

This ensures that you're testing the behavior the user would see in the browser. Learn more at https://reactjs.org/link/wrap-tests-with-act
    at CustomerForm (C:/Users/Admin/graceful_books/src/components/customers/CustomerForm.tsx:57:3)
Warning: An update to CustomerForm inside a test was not wrapped in act(...).

When testing, code that causes React state updates should be wrapped into act(...):

act(() => {
  /* fire events that update state */
});
/* assert on the output */

This ensures that you're testing the behavior the user would see in the browser. Learn more at https://reactjs.org/link/wrap-tests-with-act
    at CustomerForm (C:/Users/Admin/graceful_books/src/components/customers/CustomerForm.tsx:57:3)
Warning: An update to CustomerForm inside a test was not wrapped in act(...).

When testing, code that causes React state updates should be wrapped into act(...):

act(() => {
  /* fire events that update state */
});
/* assert on the output */

This ensures that you're testing the behavior the user would see in the browser. Learn more at https://reactjs.org/link/wrap-tests-with-act
    at CustomerForm (C:/Users/Admin/graceful_books/src/components/customers/CustomerForm.tsx:57:3)

[90mstderr[2m | src/components/customers/CustomerForm.test.tsx[2m > [22m[2mCustomerForm Component[2m > [22m[2mform submission[2m > [22m[2mshould submit valid form data
[22m[39mWarning: An update to CustomerForm inside a test was not wrapped in act(...).

When testing, code that causes React state updates should be wrapped into act(...):

act(() => {
  /* fire events that update state */
});
/* assert on the output */

This ensures that you're testing the behavior the user would see in the browser. Learn more at https://reactjs.org/link/wrap-tests-with-act
    at CustomerForm (C:/Users/Admin/graceful_books/src/components/customers/CustomerForm.tsx:57:3)
Warning: An update to CustomerForm inside a test was not wrapped in act(...).

When testing, code that causes React state updates should be wrapped into act(...):

act(() => {
  /* fire events that update state */
});
/* assert on the output */

This ensures that you're testing the behavior the user would see in the browser. Learn more at https://reactjs.org/link/wrap-tests-with-act
    at CustomerForm (C:/Users/Admin/graceful_books/src/components/customers/CustomerForm.tsx:57:3)
Warning: An update to CustomerForm inside a test was not wrapped in act(...).

When testing, code that causes React state updates should be wrapped into act(...):

act(() => {
  /* fire events that update state */
});
/* assert on the output */

This ensures that you're testing the behavior the user would see in the browser. Learn more at https://reactjs.org/link/wrap-tests-with-act
    at CustomerForm (C:/Users/Admin/graceful_books/src/components/customers/CustomerForm.tsx:57:3)

[90mstderr[2m | src/pages/auth/Signup.test.tsx[2m > [22m[2mSignup Page with Charity Selection[2m > [22m[2mcharity selection step[2m > [22m[2mshould preserve credentials when going back and forward
[22m[39mWarning: An update to Signup inside a test was not wrapped in act(...).

When testing, code that causes React state updates should be wrapped into act(...):

act(() => {
  /* fire events that update state */
});
/* assert on the output */

This ensures that you're testing the behavior the user would see in the browser. Learn more at https://reactjs.org/link/wrap-tests-with-act
    at Signup (C:/Users/Admin/graceful_books/src/pages/auth/Signup.tsx:8:61)
    at Router (C:\Users\Admin\graceful_books\node_modules\react-router\dist\umd\react-router.development.js:1207:17)
    at BrowserRouter (C:\Users\Admin\graceful_books\node_modules\react-router-dom\dist\umd\react-router-dom.development.js:695:7)

[90mstderr[2m | src/components/customers/CustomerForm.test.tsx[2m > [22m[2mCustomerForm Component[2m > [22m[2mform submission[2m > [22m[2mshould submit valid form data
[22m[39mWarning: An update to CustomerForm inside a test was not wrapped in act(...).

When testing, code that causes React state updates should be wrapped into act(...):

act(() => {
  /* fire events that update state */
});
/* assert on the output */

This ensures that you're testing the behavior the user would see in the browser. Learn more at https://reactjs.org/link/wrap-tests-with-act
    at CustomerForm (C:/Users/Admin/graceful_books/src/components/customers/CustomerForm.tsx:57:3)
Warning: An update to CustomerForm inside a test was not wrapped in act(...).

When testing, code that causes React state updates should be wrapped into act(...):

act(() => {
  /* fire events that update state */
});
/* assert on the output */

This ensures that you're testing the behavior the user would see in the browser. Learn more at https://reactjs.org/link/wrap-tests-with-act
    at CustomerForm (C:/Users/Admin/graceful_books/src/components/customers/CustomerForm.tsx:57:3)
Warning: An update to CustomerForm inside a test was not wrapped in act(...).

When testing, code that causes React state updates should be wrapped into act(...):

act(() => {
  /* fire events that update state */
});
/* assert on the output */

This ensures that you're testing the behavior the user would see in the browser. Learn more at https://reactjs.org/link/wrap-tests-with-act
    at CustomerForm (C:/Users/Admin/graceful_books/src/components/customers/CustomerForm.tsx:57:3)

[90mstderr[2m | src/components/customers/CustomerForm.test.tsx[2m > [22m[2mCustomerForm Component[2m > [22m[2mform submission[2m > [22m[2mshould submit valid form data
[22m[39mWarning: An update to CustomerForm inside a test was not wrapped in act(...).

When testing, code that causes React state updates should be wrapped into act(...):

act(() => {
  /* fire events that update state */
});
/* assert on the output */

This ensures that you're testing the behavior the user would see in the browser. Learn more at https://reactjs.org/link/wrap-tests-with-act
    at CustomerForm (C:/Users/Admin/graceful_books/src/components/customers/CustomerForm.tsx:57:3)
Warning: An update to CustomerForm inside a test was not wrapped in act(...).

When testing, code that causes React state updates should be wrapped into act(...):

act(() => {
  /* fire events that update state */
});
/* assert on the output */

This ensures that you're testing the behavior the user would see in the browser. Learn more at https://reactjs.org/link/wrap-tests-with-act
    at CustomerForm (C:/Users/Admin/graceful_books/src/components/customers/CustomerForm.tsx:57:3)
Warning: An update to CustomerForm inside a test was not wrapped in act(...).

When testing, code that causes React state updates should be wrapped into act(...):

act(() => {
  /* fire events that update state */
});
/* assert on the output */

This ensures that you're testing the behavior the user would see in the browser. Learn more at https://reactjs.org/link/wrap-tests-with-act
    at CustomerForm (C:/Users/Admin/graceful_books/src/components/customers/CustomerForm.tsx:57:3)

[90mstderr[2m | src/components/customers/CustomerForm.test.tsx[2m > [22m[2mCustomerForm Component[2m > [22m[2mform submission[2m > [22m[2mshould submit valid form data
[22m[39mWarning: An update to CustomerForm inside a test was not wrapped in act(...).

When testing, code that causes React state updates should be wrapped into act(...):

act(() => {
  /* fire events that update state */
});
/* assert on the output */

This ensures that you're testing the behavior the user would see in the browser. Learn more at https://reactjs.org/link/wrap-tests-with-act
    at CustomerForm (C:/Users/Admin/graceful_books/src/components/customers/CustomerForm.tsx:57:3)
Warning: An update to CustomerForm inside a test was not wrapped in act(...).

When testing, code that causes React state updates should be wrapped into act(...):

act(() => {
  /* fire events that update state */
});
/* assert on the output */

This ensures that you're testing the behavior the user would see in the browser. Learn more at https://reactjs.org/link/wrap-tests-with-act
    at CustomerForm (C:/Users/Admin/graceful_books/src/components/customers/CustomerForm.tsx:57:3)
Warning: An update to CustomerForm inside a test was not wrapped in act(...).

When testing, code that causes React state updates should be wrapped into act(...):

act(() => {
  /* fire events that update state */
});
/* assert on the output */

This ensures that you're testing the behavior the user would see in the browser. Learn more at https://reactjs.org/link/wrap-tests-with-act
    at CustomerForm (C:/Users/Admin/graceful_books/src/components/customers/CustomerForm.tsx:57:3)

[90mstderr[2m | src/pages/auth/Signup.test.tsx[2m > [22m[2mSignup Page with Charity Selection[2m > [22m[2mcharity selection step[2m > [22m[2mshould preserve credentials when going back and forward
[22m[39mWarning: An update to Signup inside a test was not wrapped in act(...).

When testing, code that causes React state updates should be wrapped into act(...):

act(() => {
  /* fire events that update state */
});
/* assert on the output */

This ensures that you're testing the behavior the user would see in the browser. Learn more at https://reactjs.org/link/wrap-tests-with-act
    at Signup (C:/Users/Admin/graceful_books/src/pages/auth/Signup.tsx:8:61)
    at Router (C:\Users\Admin\graceful_books\node_modules\react-router\dist\umd\react-router.development.js:1207:17)
    at BrowserRouter (C:\Users\Admin\graceful_books\node_modules\react-router-dom\dist\umd\react-router-dom.development.js:695:7)

[90mstderr[2m | src/pages/auth/Signup.test.tsx[2m > [22m[2mSignup Page with Charity Selection[2m > [22m[2mcharity selection step[2m > [22m[2mshould preserve credentials when going back and forward
[22m[39mWarning: An update to Signup inside a test was not wrapped in act(...).

When testing, code that causes React state updates should be wrapped into act(...):

act(() => {
  /* fire events that update state */
});
/* assert on the output */

This ensures that you're testing the behavior the user would see in the browser. Learn more at https://reactjs.org/link/wrap-tests-with-act
    at Signup (C:/Users/Admin/graceful_books/src/pages/auth/Signup.tsx:8:61)
    at Router (C:\Users\Admin\graceful_books\node_modules\react-router\dist\umd\react-router.development.js:1207:17)
    at BrowserRouter (C:\Users\Admin\graceful_books\node_modules\react-router-dom\dist\umd\react-router-dom.development.js:695:7)

[90mstderr[2m | src/components/customers/CustomerForm.test.tsx[2m > [22m[2mCustomerForm Component[2m > [22m[2mform submission[2m > [22m[2mshould submit valid form data
[22m[39mWarning: An update to CustomerForm inside a test was not wrapped in act(...).

When testing, code that causes React state updates should be wrapped into act(...):

act(() => {
  /* fire events that update state */
});
/* assert on the output */

This ensures that you're testing the behavior the user would see in the browser. Learn more at https://reactjs.org/link/wrap-tests-with-act
    at CustomerForm (C:/Users/Admin/graceful_books/src/components/customers/CustomerForm.tsx:57:3)
Warning: An update to CustomerForm inside a test was not wrapped in act(...).

When testing, code that causes React state updates should be wrapped into act(...):

act(() => {
  /* fire events that update state */
});
/* assert on the output */

This ensures that you're testing the behavior the user would see in the browser. Learn more at https://reactjs.org/link/wrap-tests-with-act
    at CustomerForm (C:/Users/Admin/graceful_books/src/components/customers/CustomerForm.tsx:57:3)
Warning: An update to CustomerForm inside a test was not wrapped in act(...).

When testing, code that causes React state updates should be wrapped into act(...):

act(() => {
  /* fire events that update state */
});
/* assert on the output */

This ensures that you're testing the behavior the user would see in the browser. Learn more at https://reactjs.org/link/wrap-tests-with-act
    at CustomerForm (C:/Users/Admin/graceful_books/src/components/customers/CustomerForm.tsx:57:3)

[90mstderr[2m | src/pages/auth/Signup.test.tsx[2m > [22m[2mSignup Page with Charity Selection[2m > [22m[2mcharity selection step[2m > [22m[2mshould preserve credentials when going back and forward
[22m[39mWarning: An update to Signup inside a test was not wrapped in act(...).

When testing, code that causes React state updates should be wrapped into act(...):

act(() => {
  /* fire events that update state */
});
/* assert on the output */

This ensures that you're testing the behavior the user would see in the browser. Learn more at https://reactjs.org/link/wrap-tests-with-act
    at Signup (C:/Users/Admin/graceful_books/src/pages/auth/Signup.tsx:8:61)
    at Router (C:\Users\Admin\graceful_books\node_modules\react-router\dist\umd\react-router.development.js:1207:17)
    at BrowserRouter (C:\Users\Admin\graceful_books\node_modules\react-router-dom\dist\umd\react-router-dom.development.js:695:7)

[90mstderr[2m | src/components/customers/CustomerForm.test.tsx[2m > [22m[2mCustomerForm Component[2m > [22m[2mform submission[2m > [22m[2mshould submit valid form data
[22m[39mWarning: An update to CustomerForm inside a test was not wrapped in act(...).

When testing, code that causes React state updates should be wrapped into act(...):

act(() => {
  /* fire events that update state */
});
/* assert on the output */

This ensures that you're testing the behavior the user would see in the browser. Learn more at https://reactjs.org/link/wrap-tests-with-act
    at CustomerForm (C:/Users/Admin/graceful_books/src/components/customers/CustomerForm.tsx:57:3)
Warning: An update to CustomerForm inside a test was not wrapped in act(...).

When testing, code that causes React state updates should be wrapped into act(...):

act(() => {
  /* fire events that update state */
});
/* assert on the output */

This ensures that you're testing the behavior the user would see in the browser. Learn more at https://reactjs.org/link/wrap-tests-with-act
    at CustomerForm (C:/Users/Admin/graceful_books/src/components/customers/CustomerForm.tsx:57:3)
Warning: An update to CustomerForm inside a test was not wrapped in act(...).

When testing, code that causes React state updates should be wrapped into act(...):

act(() => {
  /* fire events that update state */
});
/* assert on the output */

This ensures that you're testing the behavior the user would see in the browser. Learn more at https://reactjs.org/link/wrap-tests-with-act
    at CustomerForm (C:/Users/Admin/graceful_books/src/components/customers/CustomerForm.tsx:57:3)

[90mstderr[2m | src/pages/auth/Signup.test.tsx[2m > [22m[2mSignup Page with Charity Selection[2m > [22m[2mcharity selection step[2m > [22m[2mshould preserve credentials when going back and forward
[22m[39mWarning: An update to Signup inside a test was not wrapped in act(...).

When testing, code that causes React state updates should be wrapped into act(...):

act(() => {
  /* fire events that update state */
});
/* assert on the output */

This ensures that you're testing the behavior the user would see in the browser. Learn more at https://reactjs.org/link/wrap-tests-with-act
    at Signup (C:/Users/Admin/graceful_books/src/pages/auth/Signup.tsx:8:61)
    at Router (C:\Users\Admin\graceful_books\node_modules\react-router\dist\umd\react-router.development.js:1207:17)
    at BrowserRouter (C:\Users\Admin\graceful_books\node_modules\react-router-dom\dist\umd\react-router-dom.development.js:695:7)

[90mstderr[2m | src/pages/auth/Signup.test.tsx[2m > [22m[2mSignup Page with Charity Selection[2m > [22m[2mcharity selection step[2m > [22m[2mshould preserve credentials when going back and forward
[22m[39mWarning: An update to Signup inside a test was not wrapped in act(...).

When testing, code that causes React state updates should be wrapped into act(...):

act(() => {
  /* fire events that update state */
});
/* assert on the output */

This ensures that you're testing the behavior the user would see in the browser. Learn more at https://reactjs.org/link/wrap-tests-with-act
    at Signup (C:/Users/Admin/graceful_books/src/pages/auth/Signup.tsx:8:61)
    at Router (C:\Users\Admin\graceful_books\node_modules\react-router\dist\umd\react-router.development.js:1207:17)
    at BrowserRouter (C:\Users\Admin\graceful_books\node_modules\react-router-dom\dist\umd\react-router-dom.development.js:695:7)

[90mstderr[2m | src/pages/auth/Signup.test.tsx[2m > [22m[2mSignup Page with Charity Selection[2m > [22m[2mcharity selection step[2m > [22m[2mshould preserve credentials when going back and forward
[22m[39mWarning: An update to Signup inside a test was not wrapped in act(...).

When testing, code that causes React state updates should be wrapped into act(...):

act(() => {
  /* fire events that update state */
});
/* assert on the output */

This ensures that you're testing the behavior the user would see in the browser. Learn more at https://reactjs.org/link/wrap-tests-with-act
    at Signup (C:/Users/Admin/graceful_books/src/pages/auth/Signup.tsx:8:61)
    at Router (C:\Users\Admin\graceful_books\node_modules\react-router\dist\umd\react-router.development.js:1207:17)
    at BrowserRouter (C:\Users\Admin\graceful_books\node_modules\react-router-dom\dist\umd\react-router-dom.development.js:695:7)

[90mstderr[2m | src/pages/auth/Signup.test.tsx[2m > [22m[2mSignup Page with Charity Selection[2m > [22m[2mcharity selection step[2m > [22m[2mshould preserve credentials when going back and forward
[22m[39mWarning: An update to Signup inside a test was not wrapped in act(...).

When testing, code that causes React state updates should be wrapped into act(...):

act(() => {
  /* fire events that update state */
});
/* assert on the output */

This ensures that you're testing the behavior the user would see in the browser. Learn more at https://reactjs.org/link/wrap-tests-with-act
    at Signup (C:/Users/Admin/graceful_books/src/pages/auth/Signup.tsx:8:61)
    at Router (C:\Users\Admin\graceful_books\node_modules\react-router\dist\umd\react-router.development.js:1207:17)
    at BrowserRouter (C:\Users\Admin\graceful_books\node_modules\react-router-dom\dist\umd\react-router-dom.development.js:695:7)

[90mstderr[2m | src/components/customers/CustomerForm.test.tsx[2m > [22m[2mCustomerForm Component[2m > [22m[2mform submission[2m > [22m[2mshould submit valid form data
[22m[39mWarning: An update to CustomerForm inside a test was not wrapped in act(...).

When testing, code that causes React state updates should be wrapped into act(...):

act(() => {
  /* fire events that update state */
});
/* assert on the output */

This ensures that you're testing the behavior the user would see in the browser. Learn more at https://reactjs.org/link/wrap-tests-with-act
    at CustomerForm (C:/Users/Admin/graceful_books/src/components/customers/CustomerForm.tsx:57:3)
Warning: An update to CustomerForm inside a test was not wrapped in act(...).

When testing, code that causes React state updates should be wrapped into act(...):

act(() => {
  /* fire events that update state */
});
/* assert on the output */

This ensures that you're testing the behavior the user would see in the browser. Learn more at https://reactjs.org/link/wrap-tests-with-act
    at CustomerForm (C:/Users/Admin/graceful_books/src/components/customers/CustomerForm.tsx:57:3)
Warning: An update to CustomerForm inside a test was not wrapped in act(...).

When testing, code that causes React state updates should be wrapped into act(...):

act(() => {
  /* fire events that update state */
});
/* assert on the output */

This ensures that you're testing the behavior the user would see in the browser. Learn more at https://reactjs.org/link/wrap-tests-with-act
    at CustomerForm (C:/Users/Admin/graceful_books/src/components/customers/CustomerForm.tsx:57:3)

[90mstderr[2m | src/components/customers/CustomerForm.test.tsx[2m > [22m[2mCustomerForm Component[2m > [22m[2mform submission[2m > [22m[2mshould submit valid form data
[22m[39mWarning: An update to CustomerForm inside a test was not wrapped in act(...).

When testing, code that causes React state updates should be wrapped into act(...):

act(() => {
  /* fire events that update state */
});
/* assert on the output */

This ensures that you're testing the behavior the user would see in the browser. Learn more at https://reactjs.org/link/wrap-tests-with-act
    at CustomerForm (C:/Users/Admin/graceful_books/src/components/customers/CustomerForm.tsx:57:3)
Warning: An update to CustomerForm inside a test was not wrapped in act(...).

When testing, code that causes React state updates should be wrapped into act(...):

act(() => {
  /* fire events that update state */
});
/* assert on the output */

This ensures that you're testing the behavior the user would see in the browser. Learn more at https://reactjs.org/link/wrap-tests-with-act
    at CustomerForm (C:/Users/Admin/graceful_books/src/components/customers/CustomerForm.tsx:57:3)
Warning: An update to CustomerForm inside a test was not wrapped in act(...).

When testing, code that causes React state updates should be wrapped into act(...):

act(() => {
  /* fire events that update state */
});
/* assert on the output */

This ensures that you're testing the behavior the user would see in the browser. Learn more at https://reactjs.org/link/wrap-tests-with-act
    at CustomerForm (C:/Users/Admin/graceful_books/src/components/customers/CustomerForm.tsx:57:3)

[90mstderr[2m | src/components/customers/CustomerForm.test.tsx[2m > [22m[2mCustomerForm Component[2m > [22m[2mform submission[2m > [22m[2mshould submit valid form data
[22m[39mWarning: An update to CustomerForm inside a test was not wrapped in act(...).

When testing, code that causes React state updates should be wrapped into act(...):

act(() => {
  /* fire events that update state */
});
/* assert on the output */

This ensures that you're testing the behavior the user would see in the browser. Learn more at https://reactjs.org/link/wrap-tests-with-act
    at CustomerForm (C:/Users/Admin/graceful_books/src/components/customers/CustomerForm.tsx:57:3)
Warning: An update to CustomerForm inside a test was not wrapped in act(...).

When testing, code that causes React state updates should be wrapped into act(...):

act(() => {
  /* fire events that update state */
});
/* assert on the output */

This ensures that you're testing the behavior the user would see in the browser. Learn more at https://reactjs.org/link/wrap-tests-with-act
    at CustomerForm (C:/Users/Admin/graceful_books/src/components/customers/CustomerForm.tsx:57:3)
Warning: An update to CustomerForm inside a test was not wrapped in act(...).

When testing, code that causes React state updates should be wrapped into act(...):

act(() => {
  /* fire events that update state */
});
/* assert on the output */

This ensures that you're testing the behavior the user would see in the browser. Learn more at https://reactjs.org/link/wrap-tests-with-act
    at CustomerForm (C:/Users/Admin/graceful_books/src/components/customers/CustomerForm.tsx:57:3)

[90mstderr[2m | src/components/customers/CustomerForm.test.tsx[2m > [22m[2mCustomerForm Component[2m > [22m[2mform submission[2m > [22m[2mshould submit valid form data
[22m[39mWarning: An update to CustomerForm inside a test was not wrapped in act(...).

When testing, code that causes React state updates should be wrapped into act(...):

act(() => {
  /* fire events that update state */
});
/* assert on the output */

This ensures that you're testing the behavior the user would see in the browser. Learn more at https://reactjs.org/link/wrap-tests-with-act
    at CustomerForm (C:/Users/Admin/graceful_books/src/components/customers/CustomerForm.tsx:57:3)
Warning: An update to CustomerForm inside a test was not wrapped in act(...).

When testing, code that causes React state updates should be wrapped into act(...):

act(() => {
  /* fire events that update state */
});
/* assert on the output */

This ensures that you're testing the behavior the user would see in the browser. Learn more at https://reactjs.org/link/wrap-tests-with-act
    at CustomerForm (C:/Users/Admin/graceful_books/src/components/customers/CustomerForm.tsx:57:3)
Warning: An update to CustomerForm inside a test was not wrapped in act(...).

When testing, code that causes React state updates should be wrapped into act(...):

act(() => {
  /* fire events that update state */
});
/* assert on the output */

This ensures that you're testing the behavior the user would see in the browser. Learn more at https://reactjs.org/link/wrap-tests-with-act
    at CustomerForm (C:/Users/Admin/graceful_books/src/components/customers/CustomerForm.tsx:57:3)

[90mstderr[2m | src/pages/auth/Signup.test.tsx[2m > [22m[2mSignup Page with Charity Selection[2m > [22m[2mcharity selection step[2m > [22m[2mshould preserve credentials when going back and forward
[22m[39mWarning: An update to Signup inside a test was not wrapped in act(...).

When testing, code that causes React state updates should be wrapped into act(...):

act(() => {
  /* fire events that update state */
});
/* assert on the output */

This ensures that you're testing the behavior the user would see in the browser. Learn more at https://reactjs.org/link/wrap-tests-with-act
    at Signup (C:/Users/Admin/graceful_books/src/pages/auth/Signup.tsx:8:61)
    at Router (C:\Users\Admin\graceful_books\node_modules\react-router\dist\umd\react-router.development.js:1207:17)
    at BrowserRouter (C:\Users\Admin\graceful_books\node_modules\react-router-dom\dist\umd\react-router-dom.development.js:695:7)

[90mstderr[2m | src/components/customers/CustomerForm.test.tsx[2m > [22m[2mCustomerForm Component[2m > [22m[2mform submission[2m > [22m[2mshould submit valid form data
[22m[39mWarning: An update to CustomerForm inside a test was not wrapped in act(...).

When testing, code that causes React state updates should be wrapped into act(...):

act(() => {
  /* fire events that update state */
});
/* assert on the output */

This ensures that you're testing the behavior the user would see in the browser. Learn more at https://reactjs.org/link/wrap-tests-with-act
    at CustomerForm (C:/Users/Admin/graceful_books/src/components/customers/CustomerForm.tsx:57:3)
Warning: An update to CustomerForm inside a test was not wrapped in act(...).

When testing, code that causes React state updates should be wrapped into act(...):

act(() => {
  /* fire events that update state */
});
/* assert on the output */

This ensures that you're testing the behavior the user would see in the browser. Learn more at https://reactjs.org/link/wrap-tests-with-act
    at CustomerForm (C:/Users/Admin/graceful_books/src/components/customers/CustomerForm.tsx:57:3)
Warning: An update to CustomerForm inside a test was not wrapped in act(...).

When testing, code that causes React state updates should be wrapped into act(...):

act(() => {
  /* fire events that update state */
});
/* assert on the output */

This ensures that you're testing the behavior the user would see in the browser. Learn more at https://reactjs.org/link/wrap-tests-with-act
    at CustomerForm (C:/Users/Admin/graceful_books/src/components/customers/CustomerForm.tsx:57:3)

[90mstderr[2m | src/pages/auth/Signup.test.tsx[2m > [22m[2mSignup Page with Charity Selection[2m > [22m[2mcharity selection step[2m > [22m[2mshould preserve credentials when going back and forward
[22m[39mWarning: An update to Signup inside a test was not wrapped in act(...).

When testing, code that causes React state updates should be wrapped into act(...):

act(() => {
  /* fire events that update state */
});
/* assert on the output */

This ensures that you're testing the behavior the user would see in the browser. Learn more at https://reactjs.org/link/wrap-tests-with-act
    at Signup (C:/Users/Admin/graceful_books/src/pages/auth/Signup.tsx:8:61)
    at Router (C:\Users\Admin\graceful_books\node_modules\react-router\dist\umd\react-router.development.js:1207:17)
    at BrowserRouter (C:\Users\Admin\graceful_books\node_modules\react-router-dom\dist\umd\react-router-dom.development.js:695:7)

[90mstderr[2m | src/components/customers/CustomerForm.test.tsx[2m > [22m[2mCustomerForm Component[2m > [22m[2mform submission[2m > [22m[2mshould submit valid form data
[22m[39mWarning: An update to CustomerForm inside a test was not wrapped in act(...).

When testing, code that causes React state updates should be wrapped into act(...):

act(() => {
  /* fire events that update state */
});
/* assert on the output */

This ensures that you're testing the behavior the user would see in the browser. Learn more at https://reactjs.org/link/wrap-tests-with-act
    at CustomerForm (C:/Users/Admin/graceful_books/src/components/customers/CustomerForm.tsx:57:3)
Warning: An update to CustomerForm inside a test was not wrapped in act(...).

When testing, code that causes React state updates should be wrapped into act(...):

act(() => {
  /* fire events that update state */
});
/* assert on the output */

This ensures that you're testing the behavior the user would see in the browser. Learn more at https://reactjs.org/link/wrap-tests-with-act
    at CustomerForm (C:/Users/Admin/graceful_books/src/components/customers/CustomerForm.tsx:57:3)
Warning: An update to CustomerForm inside a test was not wrapped in act(...).

When testing, code that causes React state updates should be wrapped into act(...):

act(() => {
  /* fire events that update state */
});
/* assert on the output */

This ensures that you're testing the behavior the user would see in the browser. Learn more at https://reactjs.org/link/wrap-tests-with-act
    at CustomerForm (C:/Users/Admin/graceful_books/src/components/customers/CustomerForm.tsx:57:3)

[90mstderr[2m | src/components/customers/CustomerForm.test.tsx[2m > [22m[2mCustomerForm Component[2m > [22m[2mform submission[2m > [22m[2mshould submit valid form data
[22m[39mWarning: An update to CustomerForm inside a test was not wrapped in act(...).

When testing, code that causes React state updates should be wrapped into act(...):

act(() => {
  /* fire events that update state */
});
/* assert on the output */

This ensures that you're testing the behavior the user would see in the browser. Learn more at https://reactjs.org/link/wrap-tests-with-act
    at CustomerForm (C:/Users/Admin/graceful_books/src/components/customers/CustomerForm.tsx:57:3)
Warning: An update to CustomerForm inside a test was not wrapped in act(...).

When testing, code that causes React state updates should be wrapped into act(...):

act(() => {
  /* fire events that update state */
});
/* assert on the output */

This ensures that you're testing the behavior the user would see in the browser. Learn more at https://reactjs.org/link/wrap-tests-with-act
    at CustomerForm (C:/Users/Admin/graceful_books/src/components/customers/CustomerForm.tsx:57:3)
Warning: An update to CustomerForm inside a test was not wrapped in act(...).

When testing, code that causes React state updates should be wrapped into act(...):

act(() => {
  /* fire events that update state */
});
/* assert on the output */

This ensures that you're testing the behavior the user would see in the browser. Learn more at https://reactjs.org/link/wrap-tests-with-act
    at CustomerForm (C:/Users/Admin/graceful_books/src/components/customers/CustomerForm.tsx:57:3)

[90mstderr[2m | src/components/accounts/AccountForm.test.tsx[2m > [22m[2mAccountForm Component[2m > [22m[2mparent account filtering[2m > [22m[2mshould filter parent accounts by type
[22m[39mWarning: An update to AccountForm inside a test was not wrapped in act(...).

When testing, code that causes React state updates should be wrapped into act(...):

act(() => {
  /* fire events that update state */
});
/* assert on the output */

This ensures that you're testing the behavior the user would see in the browser. Learn more at https://reactjs.org/link/wrap-tests-with-act
    at AccountForm (C:/Users/Admin/graceful_books/src/components/accounts/AccountForm.tsx:36:3)
Warning: An update to AccountForm inside a test was not wrapped in act(...).

When testing, code that causes React state updates should be wrapped into act(...):

act(() => {
  /* fire events that update state */
});
/* assert on the output */

This ensures that you're testing the behavior the user would see in the browser. Learn more at https://reactjs.org/link/wrap-tests-with-act
    at AccountForm (C:/Users/Admin/graceful_books/src/components/accounts/AccountForm.tsx:36:3)
Warning: An update to AccountForm inside a test was not wrapped in act(...).

When testing, code that causes React state updates should be wrapped into act(...):

act(() => {
  /* fire events that update state */
});
/* assert on the output */

This ensures that you're testing the behavior the user would see in the browser. Learn more at https://reactjs.org/link/wrap-tests-with-act
    at AccountForm (C:/Users/Admin/graceful_books/src/components/accounts/AccountForm.tsx:36:3)

[90mstderr[2m | src/pages/auth/Signup.test.tsx[2m > [22m[2mSignup Page with Charity Selection[2m > [22m[2mcharity selection step[2m > [22m[2mshould preserve credentials when going back and forward
[22m[39mWarning: An update to Signup inside a test was not wrapped in act(...).

When testing, code that causes React state updates should be wrapped into act(...):

act(() => {
  /* fire events that update state */
});
/* assert on the output */

This ensures that you're testing the behavior the user would see in the browser. Learn more at https://reactjs.org/link/wrap-tests-with-act
    at Signup (C:/Users/Admin/graceful_books/src/pages/auth/Signup.tsx:8:61)
    at Router (C:\Users\Admin\graceful_books\node_modules\react-router\dist\umd\react-router.development.js:1207:17)
    at BrowserRouter (C:\Users\Admin\graceful_books\node_modules\react-router-dom\dist\umd\react-router-dom.development.js:695:7)

[90mstderr[2m | src/components/customers/CustomerForm.test.tsx[2m > [22m[2mCustomerForm Component[2m > [22m[2mform submission[2m > [22m[2mshould submit valid form data
[22m[39mWarning: An update to CustomerForm inside a test was not wrapped in act(...).

When testing, code that causes React state updates should be wrapped into act(...):

act(() => {
  /* fire events that update state */
});
/* assert on the output */

This ensures that you're testing the behavior the user would see in the browser. Learn more at https://reactjs.org/link/wrap-tests-with-act
    at CustomerForm (C:/Users/Admin/graceful_books/src/components/customers/CustomerForm.tsx:57:3)
Warning: An update to CustomerForm inside a test was not wrapped in act(...).

When testing, code that causes React state updates should be wrapped into act(...):

act(() => {
  /* fire events that update state */
});
/* assert on the output */

This ensures that you're testing the behavior the user would see in the browser. Learn more at https://reactjs.org/link/wrap-tests-with-act
    at CustomerForm (C:/Users/Admin/graceful_books/src/components/customers/CustomerForm.tsx:57:3)
Warning: An update to CustomerForm inside a test was not wrapped in act(...).

When testing, code that causes React state updates should be wrapped into act(...):

act(() => {
  /* fire events that update state */
});
/* assert on the output */

This ensures that you're testing the behavior the user would see in the browser. Learn more at https://reactjs.org/link/wrap-tests-with-act
    at CustomerForm (C:/Users/Admin/graceful_books/src/components/customers/CustomerForm.tsx:57:3)

[90mstderr[2m | src/components/customers/CustomerForm.test.tsx[2m > [22m[2mCustomerForm Component[2m > [22m[2mform submission[2m > [22m[2mshould submit valid form data
[22m[39mWarning: An update to CustomerForm inside a test was not wrapped in act(...).

When testing, code that causes React state updates should be wrapped into act(...):

act(() => {
  /* fire events that update state */
});
/* assert on the output */

This ensures that you're testing the behavior the user would see in the browser. Learn more at https://reactjs.org/link/wrap-tests-with-act
    at CustomerForm (C:/Users/Admin/graceful_books/src/components/customers/CustomerForm.tsx:57:3)
Warning: An update to CustomerForm inside a test was not wrapped in act(...).

When testing, code that causes React state updates should be wrapped into act(...):

act(() => {
  /* fire events that update state */
});
/* assert on the output */

This ensures that you're testing the behavior the user would see in the browser. Learn more at https://reactjs.org/link/wrap-tests-with-act
    at CustomerForm (C:/Users/Admin/graceful_books/src/components/customers/CustomerForm.tsx:57:3)
Warning: An update to CustomerForm inside a test was not wrapped in act(...).

When testing, code that causes React state updates should be wrapped into act(...):

act(() => {
  /* fire events that update state */
});
/* assert on the output */

This ensures that you're testing the behavior the user would see in the browser. Learn more at https://reactjs.org/link/wrap-tests-with-act
    at CustomerForm (C:/Users/Admin/graceful_books/src/components/customers/CustomerForm.tsx:57:3)

[90mstderr[2m | src/pages/auth/Signup.test.tsx[2m > [22m[2mSignup Page with Charity Selection[2m > [22m[2mcharity selection step[2m > [22m[2mshould preserve credentials when going back and forward
[22m[39mWarning: An update to Signup inside a test was not wrapped in act(...).

When testing, code that causes React state updates should be wrapped into act(...):

act(() => {
  /* fire events that update state */
});
/* assert on the output */

This ensures that you're testing the behavior the user would see in the browser. Learn more at https://reactjs.org/link/wrap-tests-with-act
    at Signup (C:/Users/Admin/graceful_books/src/pages/auth/Signup.tsx:8:61)
    at Router (C:\Users\Admin\graceful_books\node_modules\react-router\dist\umd\react-router.development.js:1207:17)
    at BrowserRouter (C:\Users\Admin\graceful_books\node_modules\react-router-dom\dist\umd\react-router-dom.development.js:695:7)

[90mstderr[2m | src/components/customers/CustomerForm.test.tsx[2m > [22m[2mCustomerForm Component[2m > [22m[2mform submission[2m > [22m[2mshould submit valid form data
[22m[39mWarning: An update to CustomerForm inside a test was not wrapped in act(...).

When testing, code that causes React state updates should be wrapped into act(...):

act(() => {
  /* fire events that update state */
});
/* assert on the output */

This ensures that you're testing the behavior the user would see in the browser. Learn more at https://reactjs.org/link/wrap-tests-with-act
    at CustomerForm (C:/Users/Admin/graceful_books/src/components/customers/CustomerForm.tsx:57:3)
Warning: An update to CustomerForm inside a test was not wrapped in act(...).

When testing, code that causes React state updates should be wrapped into act(...):

act(() => {
  /* fire events that update state */
});
/* assert on the output */

This ensures that you're testing the behavior the user would see in the browser. Learn more at https://reactjs.org/link/wrap-tests-with-act
    at CustomerForm (C:/Users/Admin/graceful_books/src/components/customers/CustomerForm.tsx:57:3)
Warning: An update to CustomerForm inside a test was not wrapped in act(...).

When testing, code that causes React state updates should be wrapped into act(...):

act(() => {
  /* fire events that update state */
});
/* assert on the output */

This ensures that you're testing the behavior the user would see in the browser. Learn more at https://reactjs.org/link/wrap-tests-with-act
    at CustomerForm (C:/Users/Admin/graceful_books/src/components/customers/CustomerForm.tsx:57:3)

[90mstderr[2m | src/pages/auth/Signup.test.tsx[2m > [22m[2mSignup Page with Charity Selection[2m > [22m[2mcharity selection step[2m > [22m[2mshould preserve credentials when going back and forward
[22m[39mWarning: An update to Signup inside a test was not wrapped in act(...).

When testing, code that causes React state updates should be wrapped into act(...):

act(() => {
  /* fire events that update state */
});
/* assert on the output */

This ensures that you're testing the behavior the user would see in the browser. Learn more at https://reactjs.org/link/wrap-tests-with-act
    at Signup (C:/Users/Admin/graceful_books/src/pages/auth/Signup.tsx:8:61)
    at Router (C:\Users\Admin\graceful_books\node_modules\react-router\dist\umd\react-router.development.js:1207:17)
    at BrowserRouter (C:\Users\Admin\graceful_books\node_modules\react-router-dom\dist\umd\react-router-dom.development.js:695:7)

[90mstderr[2m | src/pages/auth/Signup.test.tsx[2m > [22m[2mSignup Page with Charity Selection[2m > [22m[2mcharity selection step[2m > [22m[2mshould preserve credentials when going back and forward
[22m[39mWarning: An update to Signup inside a test was not wrapped in act(...).

When testing, code that causes React state updates should be wrapped into act(...):

act(() => {
  /* fire events that update state */
});
/* assert on the output */

This ensures that you're testing the behavior the user would see in the browser. Learn more at https://reactjs.org/link/wrap-tests-with-act
    at Signup (C:/Users/Admin/graceful_books/src/pages/auth/Signup.tsx:8:61)
    at Router (C:\Users\Admin\graceful_books\node_modules\react-router\dist\umd\react-router.development.js:1207:17)
    at BrowserRouter (C:\Users\Admin\graceful_books\node_modules\react-router-dom\dist\umd\react-router-dom.development.js:695:7)

[90mstderr[2m | src/pages/auth/Signup.test.tsx[2m > [22m[2mSignup Page with Charity Selection[2m > [22m[2mcharity selection step[2m > [22m[2mshould preserve credentials when going back and forward
[22m[39mWarning: An update to Signup inside a test was not wrapped in act(...).

When testing, code that causes React state updates should be wrapped into act(...):

act(() => {
  /* fire events that update state */
});
/* assert on the output */

This ensures that you're testing the behavior the user would see in the browser. Learn more at https://reactjs.org/link/wrap-tests-with-act
    at Signup (C:/Users/Admin/graceful_books/src/pages/auth/Signup.tsx:8:61)
    at Router (C:\Users\Admin\graceful_books\node_modules\react-router\dist\umd\react-router.development.js:1207:17)
    at BrowserRouter (C:\Users\Admin\graceful_books\node_modules\react-router-dom\dist\umd\react-router-dom.development.js:695:7)

[90mstderr[2m | src/pages/auth/Signup.test.tsx[2m > [22m[2mSignup Page with Charity Selection[2m > [22m[2mcharity selection step[2m > [22m[2mshould preserve credentials when going back and forward
[22m[39mWarning: An update to Signup inside a test was not wrapped in act(...).

When testing, code that causes React state updates should be wrapped into act(...):

act(() => {
  /* fire events that update state */
});
/* assert on the output */

This ensures that you're testing the behavior the user would see in the browser. Learn more at https://reactjs.org/link/wrap-tests-with-act
    at Signup (C:/Users/Admin/graceful_books/src/pages/auth/Signup.tsx:8:61)
    at Router (C:\Users\Admin\graceful_books\node_modules\react-router\dist\umd\react-router.development.js:1207:17)
    at BrowserRouter (C:\Users\Admin\graceful_books\node_modules\react-router-dom\dist\umd\react-router-dom.development.js:695:7)

[90mstderr[2m | src/components/customers/CustomerForm.test.tsx[2m > [22m[2mCustomerForm Component[2m > [22m[2mform submission[2m > [22m[2mshould submit valid form data
[22m[39mWarning: An update to Input inside a test was not wrapped in act(...).

When testing, code that causes React state updates should be wrapped into act(...):

act(() => {
  /* fire events that update state */
});
/* assert on the output */

This ensures that you're testing the behavior the user would see in the browser. Learn more at https://reactjs.org/link/wrap-tests-with-act
    at C:/Users/Admin/graceful_books/src/components/forms/Input.tsx:8:5
    at div
    at form
    at CustomerForm (C:/Users/Admin/graceful_books/src/components/customers/CustomerForm.tsx:57:3)
Warning: An update to CustomerForm inside a test was not wrapped in act(...).

When testing, code that causes React state updates should be wrapped into act(...):

act(() => {
  /* fire events that update state */
});
/* assert on the output */

This ensures that you're testing the behavior the user would see in the browser. Learn more at https://reactjs.org/link/wrap-tests-with-act
    at CustomerForm (C:/Users/Admin/graceful_books/src/components/customers/CustomerForm.tsx:57:3)
Warning: An update to CustomerForm inside a test was not wrapped in act(...).

When testing, code that causes React state updates should be wrapped into act(...):

act(() => {
  /* fire events that update state */
});
/* assert on the output */

This ensures that you're testing the behavior the user would see in the browser. Learn more at https://reactjs.org/link/wrap-tests-with-act
    at CustomerForm (C:/Users/Admin/graceful_books/src/components/customers/CustomerForm.tsx:57:3)
Warning: An update to CustomerForm inside a test was not wrapped in act(...).

When testing, code that causes React state updates should be wrapped into act(...):

act(() => {
  /* fire events that update state */
});
/* assert on the output */

This ensures that you're testing the behavior the user would see in the browser. Learn more at https://reactjs.org/link/wrap-tests-with-act
    at CustomerForm (C:/Users/Admin/graceful_books/src/components/customers/CustomerForm.tsx:57:3)

[90mstderr[2m | src/components/customers/CustomerForm.test.tsx[2m > [22m[2mCustomerForm Component[2m > [22m[2mform submission[2m > [22m[2mshould submit valid form data
[22m[39mWarning: An update to Input inside a test was not wrapped in act(...).

When testing, code that causes React state updates should be wrapped into act(...):

act(() => {
  /* fire events that update state */
});
/* assert on the output */

This ensures that you're testing the behavior the user would see in the browser. Learn more at https://reactjs.org/link/wrap-tests-with-act
    at C:/Users/Admin/graceful_books/src/components/forms/Input.tsx:8:5
    at div
    at form
    at CustomerForm (C:/Users/Admin/graceful_books/src/components/customers/CustomerForm.tsx:57:3)
Warning: An update to CustomerForm inside a test was not wrapped in act(...).

When testing, code that causes React state updates should be wrapped into act(...):

act(() => {
  /* fire events that update state */
});
/* assert on the output */

This ensures that you're testing the behavior the user would see in the browser. Learn more at https://reactjs.org/link/wrap-tests-with-act
    at CustomerForm (C:/Users/Admin/graceful_books/src/components/customers/CustomerForm.tsx:57:3)
Warning: An update to CustomerForm inside a test was not wrapped in act(...).

When testing, code that causes React state updates should be wrapped into act(...):

act(() => {
  /* fire events that update state */
});
/* assert on the output */

This ensures that you're testing the behavior the user would see in the browser. Learn more at https://reactjs.org/link/wrap-tests-with-act
    at CustomerForm (C:/Users/Admin/graceful_books/src/components/customers/CustomerForm.tsx:57:3)
Warning: An update to CustomerForm inside a test was not wrapped in act(...).

When testing, code that causes React state updates should be wrapped into act(...):

act(() => {
  /* fire events that update state */
});
/* assert on the output */

This ensures that you're testing the behavior the user would see in the browser. Learn more at https://reactjs.org/link/wrap-tests-with-act
    at CustomerForm (C:/Users/Admin/graceful_books/src/components/customers/CustomerForm.tsx:57:3)

[90mstderr[2m | src/pages/auth/Signup.test.tsx[2m > [22m[2mSignup Page with Charity Selection[2m > [22m[2mcharity selection step[2m > [22m[2mshould preserve credentials when going back and forward
[22m[39mWarning: An update to Signup inside a test was not wrapped in act(...).

When testing, code that causes React state updates should be wrapped into act(...):

act(() => {
  /* fire events that update state */
});
/* assert on the output */

This ensures that you're testing the behavior the user would see in the browser. Learn more at https://reactjs.org/link/wrap-tests-with-act
    at Signup (C:/Users/Admin/graceful_books/src/pages/auth/Signup.tsx:8:61)
    at Router (C:\Users\Admin\graceful_books\node_modules\react-router\dist\umd\react-router.development.js:1207:17)
    at BrowserRouter (C:\Users\Admin\graceful_books\node_modules\react-router-dom\dist\umd\react-router-dom.development.js:695:7)

[90mstderr[2m | src/components/customers/CustomerForm.test.tsx[2m > [22m[2mCustomerForm Component[2m > [22m[2mform submission[2m > [22m[2mshould submit valid form data
[22m[39mWarning: An update to Input inside a test was not wrapped in act(...).

When testing, code that causes React state updates should be wrapped into act(...):

act(() => {
  /* fire events that update state */
});
/* assert on the output */

This ensures that you're testing the behavior the user would see in the browser. Learn more at https://reactjs.org/link/wrap-tests-with-act
    at C:/Users/Admin/graceful_books/src/components/forms/Input.tsx:8:5
    at div
    at form
    at CustomerForm (C:/Users/Admin/graceful_books/src/components/customers/CustomerForm.tsx:57:3)
Warning: An update to CustomerForm inside a test was not wrapped in act(...).

When testing, code that causes React state updates should be wrapped into act(...):

act(() => {
  /* fire events that update state */
});
/* assert on the output */

This ensures that you're testing the behavior the user would see in the browser. Learn more at https://reactjs.org/link/wrap-tests-with-act
    at CustomerForm (C:/Users/Admin/graceful_books/src/components/customers/CustomerForm.tsx:57:3)
Warning: An update to CustomerForm inside a test was not wrapped in act(...).

When testing, code that causes React state updates should be wrapped into act(...):

act(() => {
  /* fire events that update state */
});
/* assert on the output */

This ensures that you're testing the behavior the user would see in the browser. Learn more at https://reactjs.org/link/wrap-tests-with-act
    at CustomerForm (C:/Users/Admin/graceful_books/src/components/customers/CustomerForm.tsx:57:3)
Warning: An update to CustomerForm inside a test was not wrapped in act(...).

When testing, code that causes React state updates should be wrapped into act(...):

act(() => {
  /* fire events that update state */
});
/* assert on the output */

This ensures that you're testing the behavior the user would see in the browser. Learn more at https://reactjs.org/link/wrap-tests-with-act
    at CustomerForm (C:/Users/Admin/graceful_books/src/components/customers/CustomerForm.tsx:57:3)

[90mstderr[2m | src/components/customers/CustomerForm.test.tsx[2m > [22m[2mCustomerForm Component[2m > [22m[2mform submission[2m > [22m[2mshould submit valid form data
[22m[39mWarning: An update to Input inside a test was not wrapped in act(...).

When testing, code that causes React state updates should be wrapped into act(...):

act(() => {
  /* fire events that update state */
});
/* assert on the output */

This ensures that you're testing the behavior the user would see in the browser. Learn more at https://reactjs.org/link/wrap-tests-with-act
    at C:/Users/Admin/graceful_books/src/components/forms/Input.tsx:8:5
    at div
    at form
    at CustomerForm (C:/Users/Admin/graceful_books/src/components/customers/CustomerForm.tsx:57:3)
Warning: An update to CustomerForm inside a test was not wrapped in act(...).

When testing, code that causes React state updates should be wrapped into act(...):

act(() => {
  /* fire events that update state */
});
/* assert on the output */

This ensures that you're testing the behavior the user would see in the browser. Learn more at https://reactjs.org/link/wrap-tests-with-act
    at CustomerForm (C:/Users/Admin/graceful_books/src/components/customers/CustomerForm.tsx:57:3)
Warning: An update to CustomerForm inside a test was not wrapped in act(...).

When testing, code that causes React state updates should be wrapped into act(...):

act(() => {
  /* fire events that update state */
});
/* assert on the output */

This ensures that you're testing the behavior the user would see in the browser. Learn more at https://reactjs.org/link/wrap-tests-with-act
    at CustomerForm (C:/Users/Admin/graceful_books/src/components/customers/CustomerForm.tsx:57:3)
Warning: An update to CustomerForm inside a test was not wrapped in act(...).

When testing, code that causes React state updates should be wrapped into act(...):

act(() => {
  /* fire events that update state */
});
/* assert on the output */

This ensures that you're testing the behavior the user would see in the browser. Learn more at https://reactjs.org/link/wrap-tests-with-act
    at CustomerForm (C:/Users/Admin/graceful_books/src/components/customers/CustomerForm.tsx:57:3)

[90mstderr[2m | src/components/customers/CustomerForm.test.tsx[2m > [22m[2mCustomerForm Component[2m > [22m[2mform submission[2m > [22m[2mshould submit valid form data
[22m[39mWarning: An update to Input inside a test was not wrapped in act(...).

When testing, code that causes React state updates should be wrapped into act(...):

act(() => {
  /* fire events that update state */
});
/* assert on the output */

This ensures that you're testing the behavior the user would see in the browser. Learn more at https://reactjs.org/link/wrap-tests-with-act
    at C:/Users/Admin/graceful_books/src/components/forms/Input.tsx:8:5
    at div
    at form
    at CustomerForm (C:/Users/Admin/graceful_books/src/components/customers/CustomerForm.tsx:57:3)
Warning: An update to CustomerForm inside a test was not wrapped in act(...).

When testing, code that causes React state updates should be wrapped into act(...):

act(() => {
  /* fire events that update state */
});
/* assert on the output */

This ensures that you're testing the behavior the user would see in the browser. Learn more at https://reactjs.org/link/wrap-tests-with-act
    at CustomerForm (C:/Users/Admin/graceful_books/src/components/customers/CustomerForm.tsx:57:3)
Warning: An update to CustomerForm inside a test was not wrapped in act(...).

When testing, code that causes React state updates should be wrapped into act(...):

act(() => {
  /* fire events that update state */
});
/* assert on the output */

This ensures that you're testing the behavior the user would see in the browser. Learn more at https://reactjs.org/link/wrap-tests-with-act
    at CustomerForm (C:/Users/Admin/graceful_books/src/components/customers/CustomerForm.tsx:57:3)
Warning: An update to CustomerForm inside a test was not wrapped in act(...).

When testing, code that causes React state updates should be wrapped into act(...):

act(() => {
  /* fire events that update state */
});
/* assert on the output */

This ensures that you're testing the behavior the user would see in the browser. Learn more at https://reactjs.org/link/wrap-tests-with-act
    at CustomerForm (C:/Users/Admin/graceful_books/src/components/customers/CustomerForm.tsx:57:3)

[90mstderr[2m | src/components/customers/CustomerForm.test.tsx[2m > [22m[2mCustomerForm Component[2m > [22m[2mform submission[2m > [22m[2mshould submit valid form data
[22m[39mWarning: An update to Input inside a test was not wrapped in act(...).

When testing, code that causes React state updates should be wrapped into act(...):

act(() => {
  /* fire events that update state */
});
/* assert on the output */

This ensures that you're testing the behavior the user would see in the browser. Learn more at https://reactjs.org/link/wrap-tests-with-act
    at C:/Users/Admin/graceful_books/src/components/forms/Input.tsx:8:5
    at div
    at form
    at CustomerForm (C:/Users/Admin/graceful_books/src/components/customers/CustomerForm.tsx:57:3)
Warning: An update to CustomerForm inside a test was not wrapped in act(...).

When testing, code that causes React state updates should be wrapped into act(...):

act(() => {
  /* fire events that update state */
});
/* assert on the output */

This ensures that you're testing the behavior the user would see in the browser. Learn more at https://reactjs.org/link/wrap-tests-with-act
    at CustomerForm (C:/Users/Admin/graceful_books/src/components/customers/CustomerForm.tsx:57:3)
Warning: An update to CustomerForm inside a test was not wrapped in act(...).

When testing, code that causes React state updates should be wrapped into act(...):

act(() => {
  /* fire events that update state */
});
/* assert on the output */

This ensures that you're testing the behavior the user would see in the browser. Learn more at https://reactjs.org/link/wrap-tests-with-act
    at CustomerForm (C:/Users/Admin/graceful_books/src/components/customers/CustomerForm.tsx:57:3)
Warning: An update to CustomerForm inside a test was not wrapped in act(...).

When testing, code that causes React state updates should be wrapped into act(...):

act(() => {
  /* fire events that update state */
});
/* assert on the output */

This ensures that you're testing the behavior the user would see in the browser. Learn more at https://reactjs.org/link/wrap-tests-with-act
    at CustomerForm (C:/Users/Admin/graceful_books/src/components/customers/CustomerForm.tsx:57:3)

[90mstderr[2m | src/pages/auth/Signup.test.tsx[2m > [22m[2mSignup Page with Charity Selection[2m > [22m[2mcharity selection step[2m > [22m[2mshould preserve credentials when going back and forward
[22m[39mWarning: An update to Signup inside a test was not wrapped in act(...).

When testing, code that causes React state updates should be wrapped into act(...):

act(() => {
  /* fire events that update state */
});
/* assert on the output */

This ensures that you're testing the behavior the user would see in the browser. Learn more at https://reactjs.org/link/wrap-tests-with-act
    at Signup (C:/Users/Admin/graceful_books/src/pages/auth/Signup.tsx:8:61)
    at Router (C:\Users\Admin\graceful_books\node_modules\react-router\dist\umd\react-router.development.js:1207:17)
    at BrowserRouter (C:\Users\Admin\graceful_books\node_modules\react-router-dom\dist\umd\react-router-dom.development.js:695:7)

[90mstderr[2m | src/components/customers/CustomerForm.test.tsx[2m > [22m[2mCustomerForm Component[2m > [22m[2mform submission[2m > [22m[2mshould submit valid form data
[22m[39mWarning: An update to Input inside a test was not wrapped in act(...).

When testing, code that causes React state updates should be wrapped into act(...):

act(() => {
  /* fire events that update state */
});
/* assert on the output */

This ensures that you're testing the behavior the user would see in the browser. Learn more at https://reactjs.org/link/wrap-tests-with-act
    at C:/Users/Admin/graceful_books/src/components/forms/Input.tsx:8:5
    at div
    at form
    at CustomerForm (C:/Users/Admin/graceful_books/src/components/customers/CustomerForm.tsx:57:3)
Warning: An update to CustomerForm inside a test was not wrapped in act(...).

When testing, code that causes React state updates should be wrapped into act(...):

act(() => {
  /* fire events that update state */
});
/* assert on the output */

This ensures that you're testing the behavior the user would see in the browser. Learn more at https://reactjs.org/link/wrap-tests-with-act
    at CustomerForm (C:/Users/Admin/graceful_books/src/components/customers/CustomerForm.tsx:57:3)
Warning: An update to CustomerForm inside a test was not wrapped in act(...).

When testing, code that causes React state updates should be wrapped into act(...):

act(() => {
  /* fire events that update state */
});
/* assert on the output */

This ensures that you're testing the behavior the user would see in the browser. Learn more at https://reactjs.org/link/wrap-tests-with-act
    at CustomerForm (C:/Users/Admin/graceful_books/src/components/customers/CustomerForm.tsx:57:3)
Warning: An update to CustomerForm inside a test was not wrapped in act(...).

When testing, code that causes React state updates should be wrapped into act(...):

act(() => {
  /* fire events that update state */
});
/* assert on the output */

This ensures that you're testing the behavior the user would see in the browser. Learn more at https://reactjs.org/link/wrap-tests-with-act
    at CustomerForm (C:/Users/Admin/graceful_books/src/components/customers/CustomerForm.tsx:57:3)

[90mstderr[2m | src/pages/auth/Signup.test.tsx[2m > [22m[2mSignup Page with Charity Selection[2m > [22m[2mcharity selection step[2m > [22m[2mshould preserve credentials when going back and forward
[22m[39mWarning: An update to Signup inside a test was not wrapped in act(...).

When testing, code that causes React state updates should be wrapped into act(...):

act(() => {
  /* fire events that update state */
});
/* assert on the output */

This ensures that you're testing the behavior the user would see in the browser. Learn more at https://reactjs.org/link/wrap-tests-with-act
    at Signup (C:/Users/Admin/graceful_books/src/pages/auth/Signup.tsx:8:61)
    at Router (C:\Users\Admin\graceful_books\node_modules\react-router\dist\umd\react-router.development.js:1207:17)
    at BrowserRouter (C:\Users\Admin\graceful_books\node_modules\react-router-dom\dist\umd\react-router-dom.development.js:695:7)

[90mstderr[2m | src/components/customers/CustomerForm.test.tsx[2m > [22m[2mCustomerForm Component[2m > [22m[2mform submission[2m > [22m[2mshould submit valid form data
[22m[39mWarning: An update to Input inside a test was not wrapped in act(...).

When testing, code that causes React state updates should be wrapped into act(...):

act(() => {
  /* fire events that update state */
});
/* assert on the output */

This ensures that you're testing the behavior the user would see in the browser. Learn more at https://reactjs.org/link/wrap-tests-with-act
    at C:/Users/Admin/graceful_books/src/components/forms/Input.tsx:8:5
    at div
    at form
    at CustomerForm (C:/Users/Admin/graceful_books/src/components/customers/CustomerForm.tsx:57:3)
Warning: An update to CustomerForm inside a test was not wrapped in act(...).

When testing, code that causes React state updates should be wrapped into act(...):

act(() => {
  /* fire events that update state */
});
/* assert on the output */

This ensures that you're testing the behavior the user would see in the browser. Learn more at https://reactjs.org/link/wrap-tests-with-act
    at CustomerForm (C:/Users/Admin/graceful_books/src/components/customers/CustomerForm.tsx:57:3)
Warning: An update to CustomerForm inside a test was not wrapped in act(...).

When testing, code that causes React state updates should be wrapped into act(...):

act(() => {
  /* fire events that update state */
});
/* assert on the output */

This ensures that you're testing the behavior the user would see in the browser. Learn more at https://reactjs.org/link/wrap-tests-with-act
    at CustomerForm (C:/Users/Admin/graceful_books/src/components/customers/CustomerForm.tsx:57:3)
Warning: An update to CustomerForm inside a test was not wrapped in act(...).

When testing, code that causes React state updates should be wrapped into act(...):

act(() => {
  /* fire events that update state */
});
/* assert on the output */

This ensures that you're testing the behavior the user would see in the browser. Learn more at https://reactjs.org/link/wrap-tests-with-act
    at CustomerForm (C:/Users/Admin/graceful_books/src/components/customers/CustomerForm.tsx:57:3)

[90mstderr[2m | src/components/customers/CustomerForm.test.tsx[2m > [22m[2mCustomerForm Component[2m > [22m[2mform submission[2m > [22m[2mshould submit valid form data
[22m[39mWarning: An update to Input inside a test was not wrapped in act(...).

When testing, code that causes React state updates should be wrapped into act(...):

act(() => {
  /* fire events that update state */
});
/* assert on the output */

This ensures that you're testing the behavior the user would see in the browser. Learn more at https://reactjs.org/link/wrap-tests-with-act
    at C:/Users/Admin/graceful_books/src/components/forms/Input.tsx:8:5
    at div
    at form
    at CustomerForm (C:/Users/Admin/graceful_books/src/components/customers/CustomerForm.tsx:57:3)
Warning: An update to CustomerForm inside a test was not wrapped in act(...).

When testing, code that causes React state updates should be wrapped into act(...):

act(() => {
  /* fire events that update state */
});
/* assert on the output */

This ensures that you're testing the behavior the user would see in the browser. Learn more at https://reactjs.org/link/wrap-tests-with-act
    at CustomerForm (C:/Users/Admin/graceful_books/src/components/customers/CustomerForm.tsx:57:3)
Warning: An update to CustomerForm inside a test was not wrapped in act(...).

When testing, code that causes React state updates should be wrapped into act(...):

act(() => {
  /* fire events that update state */
});
/* assert on the output */

This ensures that you're testing the behavior the user would see in the browser. Learn more at https://reactjs.org/link/wrap-tests-with-act
    at CustomerForm (C:/Users/Admin/graceful_books/src/components/customers/CustomerForm.tsx:57:3)
Warning: An update to CustomerForm inside a test was not wrapped in act(...).

When testing, code that causes React state updates should be wrapped into act(...):

act(() => {
  /* fire events that update state */
});
/* assert on the output */

This ensures that you're testing the behavior the user would see in the browser. Learn more at https://reactjs.org/link/wrap-tests-with-act
    at CustomerForm (C:/Users/Admin/graceful_books/src/components/customers/CustomerForm.tsx:57:3)

[90mstderr[2m | src/components/customers/CustomerForm.test.tsx[2m > [22m[2mCustomerForm Component[2m > [22m[2mform submission[2m > [22m[2mshould submit valid form data
[22m[39mWarning: An update to Input inside a test was not wrapped in act(...).

When testing, code that causes React state updates should be wrapped into act(...):

act(() => {
  /* fire events that update state */
});
/* assert on the output */

This ensures that you're testing the behavior the user would see in the browser. Learn more at https://reactjs.org/link/wrap-tests-with-act
    at C:/Users/Admin/graceful_books/src/components/forms/Input.tsx:8:5
    at div
    at form
    at CustomerForm (C:/Users/Admin/graceful_books/src/components/customers/CustomerForm.tsx:57:3)
Warning: An update to CustomerForm inside a test was not wrapped in act(...).

When testing, code that causes React state updates should be wrapped into act(...):

act(() => {
  /* fire events that update state */
});
/* assert on the output */

This ensures that you're testing the behavior the user would see in the browser. Learn more at https://reactjs.org/link/wrap-tests-with-act
    at CustomerForm (C:/Users/Admin/graceful_books/src/components/customers/CustomerForm.tsx:57:3)
Warning: An update to CustomerForm inside a test was not wrapped in act(...).

When testing, code that causes React state updates should be wrapped into act(...):

act(() => {
  /* fire events that update state */
});
/* assert on the output */

This ensures that you're testing the behavior the user would see in the browser. Learn more at https://reactjs.org/link/wrap-tests-with-act
    at CustomerForm (C:/Users/Admin/graceful_books/src/components/customers/CustomerForm.tsx:57:3)
Warning: An update to CustomerForm inside a test was not wrapped in act(...).

When testing, code that causes React state updates should be wrapped into act(...):

act(() => {
  /* fire events that update state */
});
/* assert on the output */

This ensures that you're testing the behavior the user would see in the browser. Learn more at https://reactjs.org/link/wrap-tests-with-act
    at CustomerForm (C:/Users/Admin/graceful_books/src/components/customers/CustomerForm.tsx:57:3)

[90mstderr[2m | src/pages/auth/Signup.test.tsx[2m > [22m[2mSignup Page with Charity Selection[2m > [22m[2mcharity selection step[2m > [22m[2mshould preserve credentials when going back and forward
[22m[39mWarning: An update to Signup inside a test was not wrapped in act(...).

When testing, code that causes React state updates should be wrapped into act(...):

act(() => {
  /* fire events that update state */
});
/* assert on the output */

This ensures that you're testing the behavior the user would see in the browser. Learn more at https://reactjs.org/link/wrap-tests-with-act
    at Signup (C:/Users/Admin/graceful_books/src/pages/auth/Signup.tsx:8:61)
    at Router (C:\Users\Admin\graceful_books\node_modules\react-router\dist\umd\react-router.development.js:1207:17)
    at BrowserRouter (C:\Users\Admin\graceful_books\node_modules\react-router-dom\dist\umd\react-router-dom.development.js:695:7)

[90mstderr[2m | src/components/customers/CustomerForm.test.tsx[2m > [22m[2mCustomerForm Component[2m > [22m[2mform submission[2m > [22m[2mshould submit valid form data
[22m[39mWarning: An update to CustomerForm inside a test was not wrapped in act(...).

When testing, code that causes React state updates should be wrapped into act(...):

act(() => {
  /* fire events that update state */
});
/* assert on the output */

This ensures that you're testing the behavior the user would see in the browser. Learn more at https://reactjs.org/link/wrap-tests-with-act
    at CustomerForm (C:/Users/Admin/graceful_books/src/components/customers/CustomerForm.tsx:57:3)
Warning: An update to CustomerForm inside a test was not wrapped in act(...).

When testing, code that causes React state updates should be wrapped into act(...):

act(() => {
  /* fire events that update state */
});
/* assert on the output */

This ensures that you're testing the behavior the user would see in the browser. Learn more at https://reactjs.org/link/wrap-tests-with-act
    at CustomerForm (C:/Users/Admin/graceful_books/src/components/customers/CustomerForm.tsx:57:3)
Warning: An update to CustomerForm inside a test was not wrapped in act(...).

When testing, code that causes React state updates should be wrapped into act(...):

act(() => {
  /* fire events that update state */
});
/* assert on the output */

This ensures that you're testing the behavior the user would see in the browser. Learn more at https://reactjs.org/link/wrap-tests-with-act
    at CustomerForm (C:/Users/Admin/graceful_books/src/components/customers/CustomerForm.tsx:57:3)

[90mstderr[2m | src/pages/auth/Signup.test.tsx[2m > [22m[2mSignup Page with Charity Selection[2m > [22m[2mcharity selection step[2m > [22m[2mshould preserve credentials when going back and forward
[22m[39mWarning: An update to Signup inside a test was not wrapped in act(...).

When testing, code that causes React state updates should be wrapped into act(...):

act(() => {
  /* fire events that update state */
});
/* assert on the output */

This ensures that you're testing the behavior the user would see in the browser. Learn more at https://reactjs.org/link/wrap-tests-with-act
    at Signup (C:/Users/Admin/graceful_books/src/pages/auth/Signup.tsx:8:61)
    at Router (C:\Users\Admin\graceful_books\node_modules\react-router\dist\umd\react-router.development.js:1207:17)
    at BrowserRouter (C:\Users\Admin\graceful_books\node_modules\react-router-dom\dist\umd\react-router-dom.development.js:695:7)

[90mstderr[2m | src/pages/auth/Signup.test.tsx[2m > [22m[2mSignup Page with Charity Selection[2m > [22m[2mcharity selection step[2m > [22m[2mshould preserve credentials when going back and forward
[22m[39mWarning: An update to Signup inside a test was not wrapped in act(...).

When testing, code that causes React state updates should be wrapped into act(...):

act(() => {
  /* fire events that update state */
});
/* assert on the output */

This ensures that you're testing the behavior the user would see in the browser. Learn more at https://reactjs.org/link/wrap-tests-with-act
    at Signup (C:/Users/Admin/graceful_books/src/pages/auth/Signup.tsx:8:61)
    at Router (C:\Users\Admin\graceful_books\node_modules\react-router\dist\umd\react-router.development.js:1207:17)
    at BrowserRouter (C:\Users\Admin\graceful_books\node_modules\react-router-dom\dist\umd\react-router-dom.development.js:695:7)

[90mstderr[2m | src/pages/auth/Signup.test.tsx[2m > [22m[2mSignup Page with Charity Selection[2m > [22m[2mcharity selection step[2m > [22m[2mshould preserve credentials when going back and forward
[22m[39mWarning: An update to Signup inside a test was not wrapped in act(...).

When testing, code that causes React state updates should be wrapped into act(...):

act(() => {
  /* fire events that update state */
});
/* assert on the output */

This ensures that you're testing the behavior the user would see in the browser. Learn more at https://reactjs.org/link/wrap-tests-with-act
    at Signup (C:/Users/Admin/graceful_books/src/pages/auth/Signup.tsx:8:61)
    at Router (C:\Users\Admin\graceful_books\node_modules\react-router\dist\umd\react-router.development.js:1207:17)
    at BrowserRouter (C:\Users\Admin\graceful_books\node_modules\react-router-dom\dist\umd\react-router-dom.development.js:695:7)

[90mstderr[2m | src/pages/auth/Signup.test.tsx[2m > [22m[2mSignup Page with Charity Selection[2m > [22m[2mcharity selection step[2m > [22m[2mshould preserve credentials when going back and forward
[22m[39mWarning: An update to Signup inside a test was not wrapped in act(...).

When testing, code that causes React state updates should be wrapped into act(...):

act(() => {
  /* fire events that update state */
});
/* assert on the output */

This ensures that you're testing the behavior the user would see in the browser. Learn more at https://reactjs.org/link/wrap-tests-with-act
    at Signup (C:/Users/Admin/graceful_books/src/pages/auth/Signup.tsx:8:61)
    at Router (C:\Users\Admin\graceful_books\node_modules\react-router\dist\umd\react-router.development.js:1207:17)
    at BrowserRouter (C:\Users\Admin\graceful_books\node_modules\react-router-dom\dist\umd\react-router-dom.development.js:695:7)

[90mstderr[2m | src/pages/auth/Signup.test.tsx[2m > [22m[2mSignup Page with Charity Selection[2m > [22m[2mcharity selection step[2m > [22m[2mshould preserve credentials when going back and forward
[22m[39mWarning: An update to Signup inside a test was not wrapped in act(...).

When testing, code that causes React state updates should be wrapped into act(...):

act(() => {
  /* fire events that update state */
});
/* assert on the output */

This ensures that you're testing the behavior the user would see in the browser. Learn more at https://reactjs.org/link/wrap-tests-with-act
    at Signup (C:/Users/Admin/graceful_books/src/pages/auth/Signup.tsx:8:61)
    at Router (C:\Users\Admin\graceful_books\node_modules\react-router\dist\umd\react-router.development.js:1207:17)
    at BrowserRouter (C:\Users\Admin\graceful_books\node_modules\react-router-dom\dist\umd\react-router-dom.development.js:695:7)

[90mstderr[2m | src/components/customers/CustomerForm.test.tsx[2m > [22m[2mCustomerForm Component[2m > [22m[2mform submission[2m > [22m[2mshould submit with address data
[22m[39mWarning: An update to CustomerForm inside a test was not wrapped in act(...).

When testing, code that causes React state updates should be wrapped into act(...):

act(() => {
  /* fire events that update state */
});
/* assert on the output */

This ensures that you're testing the behavior the user would see in the browser. Learn more at https://reactjs.org/link/wrap-tests-with-act
    at CustomerForm (C:/Users/Admin/graceful_books/src/components/customers/CustomerForm.tsx:57:3)
Warning: An update to CustomerForm inside a test was not wrapped in act(...).

When testing, code that causes React state updates should be wrapped into act(...):

act(() => {
  /* fire events that update state */
});
/* assert on the output */

This ensures that you're testing the behavior the user would see in the browser. Learn more at https://reactjs.org/link/wrap-tests-with-act
    at CustomerForm (C:/Users/Admin/graceful_books/src/components/customers/CustomerForm.tsx:57:3)
Warning: An update to CustomerForm inside a test was not wrapped in act(...).

When testing, code that causes React state updates should be wrapped into act(...):

act(() => {
  /* fire events that update state */
});
/* assert on the output */

This ensures that you're testing the behavior the user would see in the browser. Learn more at https://reactjs.org/link/wrap-tests-with-act
    at CustomerForm (C:/Users/Admin/graceful_books/src/components/customers/CustomerForm.tsx:57:3)

[90mstderr[2m | src/components/customers/CustomerForm.test.tsx[2m > [22m[2mCustomerForm Component[2m > [22m[2mform submission[2m > [22m[2mshould submit with address data
[22m[39mWarning: An update to CustomerForm inside a test was not wrapped in act(...).

When testing, code that causes React state updates should be wrapped into act(...):

act(() => {
  /* fire events that update state */
});
/* assert on the output */

This ensures that you're testing the behavior the user would see in the browser. Learn more at https://reactjs.org/link/wrap-tests-with-act
    at CustomerForm (C:/Users/Admin/graceful_books/src/components/customers/CustomerForm.tsx:57:3)
Warning: An update to CustomerForm inside a test was not wrapped in act(...).

When testing, code that causes React state updates should be wrapped into act(...):

act(() => {
  /* fire events that update state */
});
/* assert on the output */

This ensures that you're testing the behavior the user would see in the browser. Learn more at https://reactjs.org/link/wrap-tests-with-act
    at CustomerForm (C:/Users/Admin/graceful_books/src/components/customers/CustomerForm.tsx:57:3)
Warning: An update to CustomerForm inside a test was not wrapped in act(...).

When testing, code that causes React state updates should be wrapped into act(...):

act(() => {
  /* fire events that update state */
});
/* assert on the output */

This ensures that you're testing the behavior the user would see in the browser. Learn more at https://reactjs.org/link/wrap-tests-with-act
    at CustomerForm (C:/Users/Admin/graceful_books/src/components/customers/CustomerForm.tsx:57:3)

[90mstderr[2m | src/components/customers/CustomerForm.test.tsx[2m > [22m[2mCustomerForm Component[2m > [22m[2mform submission[2m > [22m[2mshould submit with address data
[22m[39mWarning: An update to CustomerForm inside a test was not wrapped in act(...).

When testing, code that causes React state updates should be wrapped into act(...):

act(() => {
  /* fire events that update state */
});
/* assert on the output */

This ensures that you're testing the behavior the user would see in the browser. Learn more at https://reactjs.org/link/wrap-tests-with-act
    at CustomerForm (C:/Users/Admin/graceful_books/src/components/customers/CustomerForm.tsx:57:3)
Warning: An update to CustomerForm inside a test was not wrapped in act(...).

When testing, code that causes React state updates should be wrapped into act(...):

act(() => {
  /* fire events that update state */
});
/* assert on the output */

This ensures that you're testing the behavior the user would see in the browser. Learn more at https://reactjs.org/link/wrap-tests-with-act
    at CustomerForm (C:/Users/Admin/graceful_books/src/components/customers/CustomerForm.tsx:57:3)
Warning: An update to CustomerForm inside a test was not wrapped in act(...).

When testing, code that causes React state updates should be wrapped into act(...):

act(() => {
  /* fire events that update state */
});
/* assert on the output */

This ensures that you're testing the behavior the user would see in the browser. Learn more at https://reactjs.org/link/wrap-tests-with-act
    at CustomerForm (C:/Users/Admin/graceful_books/src/components/customers/CustomerForm.tsx:57:3)

[90mstderr[2m | src/components/customers/CustomerForm.test.tsx[2m > [22m[2mCustomerForm Component[2m > [22m[2mform submission[2m > [22m[2mshould submit with address data
[22m[39mWarning: An update to CustomerForm inside a test was not wrapped in act(...).

When testing, code that causes React state updates should be wrapped into act(...):

act(() => {
  /* fire events that update state */
});
/* assert on the output */

This ensures that you're testing the behavior the user would see in the browser. Learn more at https://reactjs.org/link/wrap-tests-with-act
    at CustomerForm (C:/Users/Admin/graceful_books/src/components/customers/CustomerForm.tsx:57:3)
Warning: An update to CustomerForm inside a test was not wrapped in act(...).

When testing, code that causes React state updates should be wrapped into act(...):

act(() => {
  /* fire events that update state */
});
/* assert on the output */

This ensures that you're testing the behavior the user would see in the browser. Learn more at https://reactjs.org/link/wrap-tests-with-act
    at CustomerForm (C:/Users/Admin/graceful_books/src/components/customers/CustomerForm.tsx:57:3)
Warning: An update to CustomerForm inside a test was not wrapped in act(...).

When testing, code that causes React state updates should be wrapped into act(...):

act(() => {
  /* fire events that update state */
});
/* assert on the output */

This ensures that you're testing the behavior the user would see in the browser. Learn more at https://reactjs.org/link/wrap-tests-with-act
    at CustomerForm (C:/Users/Admin/graceful_books/src/components/customers/CustomerForm.tsx:57:3)

[90mstderr[2m | src/pages/auth/Signup.test.tsx[2m > [22m[2mSignup Page with Charity Selection[2m > [22m[2mcharity selection step[2m > [22m[2mshould preserve credentials when going back and forward
[22m[39mWarning: An update to Signup inside a test was not wrapped in act(...).

When testing, code that causes React state updates should be wrapped into act(...):

act(() => {
  /* fire events that update state */
});
/* assert on the output */

This ensures that you're testing the behavior the user would see in the browser. Learn more at https://reactjs.org/link/wrap-tests-with-act
    at Signup (C:/Users/Admin/graceful_books/src/pages/auth/Signup.tsx:8:61)
    at Router (C:\Users\Admin\graceful_books\node_modules\react-router\dist\umd\react-router.development.js:1207:17)
    at BrowserRouter (C:\Users\Admin\graceful_books\node_modules\react-router-dom\dist\umd\react-router-dom.development.js:695:7)

[90mstderr[2m | src/components/customers/CustomerForm.test.tsx[2m > [22m[2mCustomerForm Component[2m > [22m[2mform submission[2m > [22m[2mshould submit with address data
[22m[39mWarning: An update to CustomerForm inside a test was not wrapped in act(...).

When testing, code that causes React state updates should be wrapped into act(...):

act(() => {
  /* fire events that update state */
});
/* assert on the output */

This ensures that you're testing the behavior the user would see in the browser. Learn more at https://reactjs.org/link/wrap-tests-with-act
    at CustomerForm (C:/Users/Admin/graceful_books/src/components/customers/CustomerForm.tsx:57:3)
Warning: An update to CustomerForm inside a test was not wrapped in act(...).

When testing, code that causes React state updates should be wrapped into act(...):

act(() => {
  /* fire events that update state */
});
/* assert on the output */

This ensures that you're testing the behavior the user would see in the browser. Learn more at https://reactjs.org/link/wrap-tests-with-act
    at CustomerForm (C:/Users/Admin/graceful_books/src/components/customers/CustomerForm.tsx:57:3)
Warning: An update to CustomerForm inside a test was not wrapped in act(...).

When testing, code that causes React state updates should be wrapped into act(...):

act(() => {
  /* fire events that update state */
});
/* assert on the output */

This ensures that you're testing the behavior the user would see in the browser. Learn more at https://reactjs.org/link/wrap-tests-with-act
    at CustomerForm (C:/Users/Admin/graceful_books/src/components/customers/CustomerForm.tsx:57:3)

[90mstderr[2m | src/pages/auth/Signup.test.tsx[2m > [22m[2mSignup Page with Charity Selection[2m > [22m[2mcharity selection step[2m > [22m[2mshould preserve credentials when going back and forward
[22m[39mWarning: An update to Signup inside a test was not wrapped in act(...).

When testing, code that causes React state updates should be wrapped into act(...):

act(() => {
  /* fire events that update state */
});
/* assert on the output */

This ensures that you're testing the behavior the user would see in the browser. Learn more at https://reactjs.org/link/wrap-tests-with-act
    at Signup (C:/Users/Admin/graceful_books/src/pages/auth/Signup.tsx:8:61)
    at Router (C:\Users\Admin\graceful_books\node_modules\react-router\dist\umd\react-router.development.js:1207:17)
    at BrowserRouter (C:\Users\Admin\graceful_books\node_modules\react-router-dom\dist\umd\react-router-dom.development.js:695:7)

[90mstderr[2m | src/components/customers/CustomerForm.test.tsx[2m > [22m[2mCustomerForm Component[2m > [22m[2mform submission[2m > [22m[2mshould submit with address data
[22m[39mWarning: An update to CustomerForm inside a test was not wrapped in act(...).

When testing, code that causes React state updates should be wrapped into act(...):

act(() => {
  /* fire events that update state */
});
/* assert on the output */

This ensures that you're testing the behavior the user would see in the browser. Learn more at https://reactjs.org/link/wrap-tests-with-act
    at CustomerForm (C:/Users/Admin/graceful_books/src/components/customers/CustomerForm.tsx:57:3)
Warning: An update to CustomerForm inside a test was not wrapped in act(...).

When testing, code that causes React state updates should be wrapped into act(...):

act(() => {
  /* fire events that update state */
});
/* assert on the output */

This ensures that you're testing the behavior the user would see in the browser. Learn more at https://reactjs.org/link/wrap-tests-with-act
    at CustomerForm (C:/Users/Admin/graceful_books/src/components/customers/CustomerForm.tsx:57:3)
Warning: An update to CustomerForm inside a test was not wrapped in act(...).

When testing, code that causes React state updates should be wrapped into act(...):

act(() => {
  /* fire events that update state */
});
/* assert on the output */

This ensures that you're testing the behavior the user would see in the browser. Learn more at https://reactjs.org/link/wrap-tests-with-act
    at CustomerForm (C:/Users/Admin/graceful_books/src/components/customers/CustomerForm.tsx:57:3)

[90mstderr[2m | src/components/customers/CustomerForm.test.tsx[2m > [22m[2mCustomerForm Component[2m > [22m[2mform submission[2m > [22m[2mshould submit with address data
[22m[39mWarning: An update to CustomerForm inside a test was not wrapped in act(...).

When testing, code that causes React state updates should be wrapped into act(...):

act(() => {
  /* fire events that update state */
});
/* assert on the output */

This ensures that you're testing the behavior the user would see in the browser. Learn more at https://reactjs.org/link/wrap-tests-with-act
    at CustomerForm (C:/Users/Admin/graceful_books/src/components/customers/CustomerForm.tsx:57:3)
Warning: An update to CustomerForm inside a test was not wrapped in act(...).

When testing, code that causes React state updates should be wrapped into act(...):

act(() => {
  /* fire events that update state */
});
/* assert on the output */

This ensures that you're testing the behavior the user would see in the browser. Learn more at https://reactjs.org/link/wrap-tests-with-act
    at CustomerForm (C:/Users/Admin/graceful_books/src/components/customers/CustomerForm.tsx:57:3)
Warning: An update to CustomerForm inside a test was not wrapped in act(...).

When testing, code that causes React state updates should be wrapped into act(...):

act(() => {
  /* fire events that update state */
});
/* assert on the output */

This ensures that you're testing the behavior the user would see in the browser. Learn more at https://reactjs.org/link/wrap-tests-with-act
    at CustomerForm (C:/Users/Admin/graceful_books/src/components/customers/CustomerForm.tsx:57:3)

[90mstderr[2m | src/pages/auth/Signup.test.tsx[2m > [22m[2mSignup Page with Charity Selection[2m > [22m[2mcharity selection step[2m > [22m[2mshould preserve credentials when going back and forward
[22m[39mWarning: An update to Signup inside a test was not wrapped in act(...).

When testing, code that causes React state updates should be wrapped into act(...):

act(() => {
  /* fire events that update state */
});
/* assert on the output */

This ensures that you're testing the behavior the user would see in the browser. Learn more at https://reactjs.org/link/wrap-tests-with-act
    at Signup (C:/Users/Admin/graceful_books/src/pages/auth/Signup.tsx:8:61)
    at Router (C:\Users\Admin\graceful_books\node_modules\react-router\dist\umd\react-router.development.js:1207:17)
    at BrowserRouter (C:\Users\Admin\graceful_books\node_modules\react-router-dom\dist\umd\react-router-dom.development.js:695:7)

[90mstderr[2m | src/components/customers/CustomerForm.test.tsx[2m > [22m[2mCustomerForm Component[2m > [22m[2mform submission[2m > [22m[2mshould submit with address data
[22m[39mWarning: An update to CustomerForm inside a test was not wrapped in act(...).

When testing, code that causes React state updates should be wrapped into act(...):

act(() => {
  /* fire events that update state */
});
/* assert on the output */

This ensures that you're testing the behavior the user would see in the browser. Learn more at https://reactjs.org/link/wrap-tests-with-act
    at CustomerForm (C:/Users/Admin/graceful_books/src/components/customers/CustomerForm.tsx:57:3)
Warning: An update to CustomerForm inside a test was not wrapped in act(...).

When testing, code that causes React state updates should be wrapped into act(...):

act(() => {
  /* fire events that update state */
});
/* assert on the output */

This ensures that you're testing the behavior the user would see in the browser. Learn more at https://reactjs.org/link/wrap-tests-with-act
    at CustomerForm (C:/Users/Admin/graceful_books/src/components/customers/CustomerForm.tsx:57:3)
Warning: An update to CustomerForm inside a test was not wrapped in act(...).

When testing, code that causes React state updates should be wrapped into act(...):

act(() => {
  /* fire events that update state */
});
/* assert on the output */

This ensures that you're testing the behavior the user would see in the browser. Learn more at https://reactjs.org/link/wrap-tests-with-act
    at CustomerForm (C:/Users/Admin/graceful_books/src/components/customers/CustomerForm.tsx:57:3)

[90mstderr[2m | src/components/customers/CustomerForm.test.tsx[2m > [22m[2mCustomerForm Component[2m > [22m[2mform submission[2m > [22m[2mshould submit with address data
[22m[39mWarning: An update to CustomerForm inside a test was not wrapped in act(...).

When testing, code that causes React state updates should be wrapped into act(...):

act(() => {
  /* fire events that update state */
});
/* assert on the output */

This ensures that you're testing the behavior the user would see in the browser. Learn more at https://reactjs.org/link/wrap-tests-with-act
    at CustomerForm (C:/Users/Admin/graceful_books/src/components/customers/CustomerForm.tsx:57:3)
Warning: An update to CustomerForm inside a test was not wrapped in act(...).

When testing, code that causes React state updates should be wrapped into act(...):

act(() => {
  /* fire events that update state */
});
/* assert on the output */

This ensures that you're testing the behavior the user would see in the browser. Learn more at https://reactjs.org/link/wrap-tests-with-act
    at CustomerForm (C:/Users/Admin/graceful_books/src/components/customers/CustomerForm.tsx:57:3)
Warning: An update to CustomerForm inside a test was not wrapped in act(...).

When testing, code that causes React state updates should be wrapped into act(...):

act(() => {
  /* fire events that update state */
});
/* assert on the output */

This ensures that you're testing the behavior the user would see in the browser. Learn more at https://reactjs.org/link/wrap-tests-with-act
    at CustomerForm (C:/Users/Admin/graceful_books/src/components/customers/CustomerForm.tsx:57:3)

[90mstderr[2m | src/components/customers/CustomerForm.test.tsx[2m > [22m[2mCustomerForm Component[2m > [22m[2mform submission[2m > [22m[2mshould submit with address data
[22m[39mWarning: An update to CustomerForm inside a test was not wrapped in act(...).

When testing, code that causes React state updates should be wrapped into act(...):

act(() => {
  /* fire events that update state */
});
/* assert on the output */

This ensures that you're testing the behavior the user would see in the browser. Learn more at https://reactjs.org/link/wrap-tests-with-act
    at CustomerForm (C:/Users/Admin/graceful_books/src/components/customers/CustomerForm.tsx:57:3)
Warning: An update to CustomerForm inside a test was not wrapped in act(...).

When testing, code that causes React state updates should be wrapped into act(...):

act(() => {
  /* fire events that update state */
});
/* assert on the output */

This ensures that you're testing the behavior the user would see in the browser. Learn more at https://reactjs.org/link/wrap-tests-with-act
    at CustomerForm (C:/Users/Admin/graceful_books/src/components/customers/CustomerForm.tsx:57:3)
Warning: An update to CustomerForm inside a test was not wrapped in act(...).

When testing, code that causes React state updates should be wrapped into act(...):

act(() => {
  /* fire events that update state */
});
/* assert on the output */

This ensures that you're testing the behavior the user would see in the browser. Learn more at https://reactjs.org/link/wrap-tests-with-act
    at CustomerForm (C:/Users/Admin/graceful_books/src/components/customers/CustomerForm.tsx:57:3)

[90mstderr[2m | src/pages/auth/Signup.test.tsx[2m > [22m[2mSignup Page with Charity Selection[2m > [22m[2mcharity selection step[2m > [22m[2mshould preserve credentials when going back and forward
[22m[39mWarning: An update to Signup inside a test was not wrapped in act(...).

When testing, code that causes React state updates should be wrapped into act(...):

act(() => {
  /* fire events that update state */
});
/* assert on the output */

This ensures that you're testing the behavior the user would see in the browser. Learn more at https://reactjs.org/link/wrap-tests-with-act
    at Signup (C:/Users/Admin/graceful_books/src/pages/auth/Signup.tsx:8:61)
    at Router (C:\Users\Admin\graceful_books\node_modules\react-router\dist\umd\react-router.development.js:1207:17)
    at BrowserRouter (C:\Users\Admin\graceful_books\node_modules\react-router-dom\dist\umd\react-router-dom.development.js:695:7)

[90mstderr[2m | src/components/customers/CustomerForm.test.tsx[2m > [22m[2mCustomerForm Component[2m > [22m[2mform submission[2m > [22m[2mshould submit with address data
[22m[39mWarning: An update to CustomerForm inside a test was not wrapped in act(...).

When testing, code that causes React state updates should be wrapped into act(...):

act(() => {
  /* fire events that update state */
});
/* assert on the output */

This ensures that you're testing the behavior the user would see in the browser. Learn more at https://reactjs.org/link/wrap-tests-with-act
    at CustomerForm (C:/Users/Admin/graceful_books/src/components/customers/CustomerForm.tsx:57:3)
Warning: An update to CustomerForm inside a test was not wrapped in act(...).

When testing, code that causes React state updates should be wrapped into act(...):

act(() => {
  /* fire events that update state */
});
/* assert on the output */

This ensures that you're testing the behavior the user would see in the browser. Learn more at https://reactjs.org/link/wrap-tests-with-act
    at CustomerForm (C:/Users/Admin/graceful_books/src/components/customers/CustomerForm.tsx:57:3)
Warning: An update to CustomerForm inside a test was not wrapped in act(...).

When testing, code that causes React state updates should be wrapped into act(...):

act(() => {
  /* fire events that update state */
});
/* assert on the output */

This ensures that you're testing the behavior the user would see in the browser. Learn more at https://reactjs.org/link/wrap-tests-with-act
    at CustomerForm (C:/Users/Admin/graceful_books/src/components/customers/CustomerForm.tsx:57:3)

[90mstderr[2m | src/pages/auth/Signup.test.tsx[2m > [22m[2mSignup Page with Charity Selection[2m > [22m[2mcharity selection step[2m > [22m[2mshould preserve credentials when going back and forward
[22m[39mWarning: An update to Signup inside a test was not wrapped in act(...).

When testing, code that causes React state updates should be wrapped into act(...):

act(() => {
  /* fire events that update state */
});
/* assert on the output */

This ensures that you're testing the behavior the user would see in the browser. Learn more at https://reactjs.org/link/wrap-tests-with-act
    at Signup (C:/Users/Admin/graceful_books/src/pages/auth/Signup.tsx:8:61)
    at Router (C:\Users\Admin\graceful_books\node_modules\react-router\dist\umd\react-router.development.js:1207:17)
    at BrowserRouter (C:\Users\Admin\graceful_books\node_modules\react-router-dom\dist\umd\react-router-dom.development.js:695:7)

[90mstderr[2m | src/components/customers/CustomerForm.test.tsx[2m > [22m[2mCustomerForm Component[2m > [22m[2mform submission[2m > [22m[2mshould submit with address data
[22m[39mWarning: An update to CustomerForm inside a test was not wrapped in act(...).

When testing, code that causes React state updates should be wrapped into act(...):

act(() => {
  /* fire events that update state */
});
/* assert on the output */

This ensures that you're testing the behavior the user would see in the browser. Learn more at https://reactjs.org/link/wrap-tests-with-act
    at CustomerForm (C:/Users/Admin/graceful_books/src/components/customers/CustomerForm.tsx:57:3)
Warning: An update to CustomerForm inside a test was not wrapped in act(...).

When testing, code that causes React state updates should be wrapped into act(...):

act(() => {
  /* fire events that update state */
});
/* assert on the output */

This ensures that you're testing the behavior the user would see in the browser. Learn more at https://reactjs.org/link/wrap-tests-with-act
    at CustomerForm (C:/Users/Admin/graceful_books/src/components/customers/CustomerForm.tsx:57:3)
Warning: An update to CustomerForm inside a test was not wrapped in act(...).

When testing, code that causes React state updates should be wrapped into act(...):

act(() => {
  /* fire events that update state */
});
/* assert on the output */

This ensures that you're testing the behavior the user would see in the browser. Learn more at https://reactjs.org/link/wrap-tests-with-act
    at CustomerForm (C:/Users/Admin/graceful_books/src/components/customers/CustomerForm.tsx:57:3)

[90mstderr[2m | src/pages/auth/Signup.test.tsx[2m > [22m[2mSignup Page with Charity Selection[2m > [22m[2mcharity selection step[2m > [22m[2mshould preserve credentials when going back and forward
[22m[39mWarning: An update to Signup inside a test was not wrapped in act(...).

When testing, code that causes React state updates should be wrapped into act(...):

act(() => {
  /* fire events that update state */
});
/* assert on the output */

This ensures that you're testing the behavior the user would see in the browser. Learn more at https://reactjs.org/link/wrap-tests-with-act
    at Signup (C:/Users/Admin/graceful_books/src/pages/auth/Signup.tsx:8:61)
    at Router (C:\Users\Admin\graceful_books\node_modules\react-router\dist\umd\react-router.development.js:1207:17)
    at BrowserRouter (C:\Users\Admin\graceful_books\node_modules\react-router-dom\dist\umd\react-router-dom.development.js:695:7)

[90mstderr[2m | src/components/customers/CustomerForm.test.tsx[2m > [22m[2mCustomerForm Component[2m > [22m[2mform submission[2m > [22m[2mshould submit with address data
[22m[39mWarning: An update to CustomerForm inside a test was not wrapped in act(...).

When testing, code that causes React state updates should be wrapped into act(...):

act(() => {
  /* fire events that update state */
});
/* assert on the output */

This ensures that you're testing the behavior the user would see in the browser. Learn more at https://reactjs.org/link/wrap-tests-with-act
    at CustomerForm (C:/Users/Admin/graceful_books/src/components/customers/CustomerForm.tsx:57:3)

[90mstderr[2m | src/pages/auth/Signup.test.tsx[2m > [22m[2mSignup Page with Charity Selection[2m > [22m[2mcharity selection step[2m > [22m[2mshould preserve credentials when going back and forward
[22m[39mWarning: An update to CharitySelector inside a test was not wrapped in act(...).

When testing, code that causes React state updates should be wrapped into act(...):

act(() => {
  /* fire events that update state */
});
/* assert on the output */

This ensures that you're testing the behavior the user would see in the browser. Learn more at https://reactjs.org/link/wrap-tests-with-act
    at CharitySelector (C:/Users/Admin/graceful_books/src/components/charity/CharitySelector.tsx:9:3)
    at div
    at div
    at Signup (C:/Users/Admin/graceful_books/src/pages/auth/Signup.tsx:8:61)
    at Router (C:\Users\Admin\graceful_books\node_modules\react-router\dist\umd\react-router.development.js:1207:17)
    at BrowserRouter (C:\Users\Admin\graceful_books\node_modules\react-router-dom\dist\umd\react-router-dom.development.js:695:7)
Warning: An update to CharitySelector inside a test was not wrapped in act(...).

When testing, code that causes React state updates should be wrapped into act(...):

act(() => {
  /* fire events that update state */
});
/* assert on the output */

This ensures that you're testing the behavior the user would see in the browser. Learn more at https://reactjs.org/link/wrap-tests-with-act
    at CharitySelector (C:/Users/Admin/graceful_books/src/components/charity/CharitySelector.tsx:9:3)
    at div
    at div
    at Signup (C:/Users/Admin/graceful_books/src/pages/auth/Signup.tsx:8:61)
    at Router (C:\Users\Admin\graceful_books\node_modules\react-router\dist\umd\react-router.development.js:1207:17)
    at BrowserRouter (C:\Users\Admin\graceful_books\node_modules\react-router-dom\dist\umd\react-router-dom.development.js:695:7)

[90mstderr[2m | src/components/customers/CustomerForm.test.tsx[2m > [22m[2mCustomerForm Component[2m > [22m[2mform submission[2m > [22m[2mshould submit with address data
[22m[39mWarning: An update to CustomerForm inside a test was not wrapped in act(...).

When testing, code that causes React state updates should be wrapped into act(...):

act(() => {
  /* fire events that update state */
});
/* assert on the output */

This ensures that you're testing the behavior the user would see in the browser. Learn more at https://reactjs.org/link/wrap-tests-with-act
    at CustomerForm (C:/Users/Admin/graceful_books/src/components/customers/CustomerForm.tsx:57:3)
Warning: An update to CustomerForm inside a test was not wrapped in act(...).

When testing, code that causes React state updates should be wrapped into act(...):

act(() => {
  /* fire events that update state */
});
/* assert on the output */

This ensures that you're testing the behavior the user would see in the browser. Learn more at https://reactjs.org/link/wrap-tests-with-act
    at CustomerForm (C:/Users/Admin/graceful_books/src/components/customers/CustomerForm.tsx:57:3)
Warning: A component is changing an uncontrolled input to be controlled. This is likely caused by the value changing from undefined to a defined value, which should not happen. Decide between using a controlled or uncontrolled input element for the lifetime of the component. More info: https://reactjs.org/link/controlled-components
    at input
    at div
    at div
    at C:/Users/Admin/graceful_books/src/components/forms/Input.tsx:8:5
    at div
    at div
    at div
    at form
    at CustomerForm (C:/Users/Admin/graceful_books/src/components/customers/CustomerForm.tsx:57:3)
Warning: An update to CustomerForm inside a test was not wrapped in act(...).

When testing, code that causes React state updates should be wrapped into act(...):

act(() => {
  /* fire events that update state */
});
/* assert on the output */

This ensures that you're testing the behavior the user would see in the browser. Learn more at https://reactjs.org/link/wrap-tests-with-act
    at CustomerForm (C:/Users/Admin/graceful_books/src/components/customers/CustomerForm.tsx:57:3)

[90mstderr[2m | src/components/customers/CustomerForm.test.tsx[2m > [22m[2mCustomerForm Component[2m > [22m[2mform submission[2m > [22m[2mshould submit with address data
[22m[39mWarning: An update to CustomerForm inside a test was not wrapped in act(...).

When testing, code that causes React state updates should be wrapped into act(...):

act(() => {
  /* fire events that update state */
});
/* assert on the output */

This ensures that you're testing the behavior the user would see in the browser. Learn more at https://reactjs.org/link/wrap-tests-with-act
    at CustomerForm (C:/Users/Admin/graceful_books/src/components/customers/CustomerForm.tsx:57:3)
Warning: An update to CustomerForm inside a test was not wrapped in act(...).

When testing, code that causes React state updates should be wrapped into act(...):

act(() => {
  /* fire events that update state */
});
/* assert on the output */

This ensures that you're testing the behavior the user would see in the browser. Learn more at https://reactjs.org/link/wrap-tests-with-act
    at CustomerForm (C:/Users/Admin/graceful_books/src/components/customers/CustomerForm.tsx:57:3)
Warning: An update to CustomerForm inside a test was not wrapped in act(...).

When testing, code that causes React state updates should be wrapped into act(...):

act(() => {
  /* fire events that update state */
});
/* assert on the output */

This ensures that you're testing the behavior the user would see in the browser. Learn more at https://reactjs.org/link/wrap-tests-with-act
    at CustomerForm (C:/Users/Admin/graceful_books/src/components/customers/CustomerForm.tsx:57:3)

[90mstderr[2m | src/components/customers/CustomerForm.test.tsx[2m > [22m[2mCustomerForm Component[2m > [22m[2mform submission[2m > [22m[2mshould submit with address data
[22m[39mWarning: An update to CustomerForm inside a test was not wrapped in act(...).

When testing, code that causes React state updates should be wrapped into act(...):

act(() => {
  /* fire events that update state */
});
/* assert on the output */

This ensures that you're testing the behavior the user would see in the browser. Learn more at https://reactjs.org/link/wrap-tests-with-act
    at CustomerForm (C:/Users/Admin/graceful_books/src/components/customers/CustomerForm.tsx:57:3)
Warning: An update to CustomerForm inside a test was not wrapped in act(...).

When testing, code that causes React state updates should be wrapped into act(...):

act(() => {
  /* fire events that update state */
});
/* assert on the output */

This ensures that you're testing the behavior the user would see in the browser. Learn more at https://reactjs.org/link/wrap-tests-with-act
    at CustomerForm (C:/Users/Admin/graceful_books/src/components/customers/CustomerForm.tsx:57:3)
Warning: An update to CustomerForm inside a test was not wrapped in act(...).

When testing, code that causes React state updates should be wrapped into act(...):

act(() => {
  /* fire events that update state */
});
/* assert on the output */

This ensures that you're testing the behavior the user would see in the browser. Learn more at https://reactjs.org/link/wrap-tests-with-act
    at CustomerForm (C:/Users/Admin/graceful_books/src/components/customers/CustomerForm.tsx:57:3)

[90mstderr[2m | src/pages/auth/Signup.test.tsx[2m > [22m[2mSignup Page with Charity Selection[2m > [22m[2mcharity selection step[2m > [22m[2mshould preserve credentials when going back and forward
[22m[39mWarning: An update to Signup inside a test was not wrapped in act(...).

When testing, code that causes React state updates should be wrapped into act(...):

act(() => {
  /* fire events that update state */
});
/* assert on the output */

This ensures that you're testing the behavior the user would see in the browser. Learn more at https://reactjs.org/link/wrap-tests-with-act
    at Signup (C:/Users/Admin/graceful_books/src/pages/auth/Signup.tsx:8:61)
    at Router (C:\Users\Admin\graceful_books\node_modules\react-router\dist\umd\react-router.development.js:1207:17)
    at BrowserRouter (C:\Users\Admin\graceful_books\node_modules\react-router-dom\dist\umd\react-router-dom.development.js:695:7)

[90mstderr[2m | src/components/customers/CustomerForm.test.tsx[2m > [22m[2mCustomerForm Component[2m > [22m[2mform submission[2m > [22m[2mshould submit with address data
[22m[39mWarning: An update to CustomerForm inside a test was not wrapped in act(...).

When testing, code that causes React state updates should be wrapped into act(...):

act(() => {
  /* fire events that update state */
});
/* assert on the output */

This ensures that you're testing the behavior the user would see in the browser. Learn more at https://reactjs.org/link/wrap-tests-with-act
    at CustomerForm (C:/Users/Admin/graceful_books/src/components/customers/CustomerForm.tsx:57:3)
Warning: An update to CustomerForm inside a test was not wrapped in act(...).

When testing, code that causes React state updates should be wrapped into act(...):

act(() => {
  /* fire events that update state */
});
/* assert on the output */

This ensures that you're testing the behavior the user would see in the browser. Learn more at https://reactjs.org/link/wrap-tests-with-act
    at CustomerForm (C:/Users/Admin/graceful_books/src/components/customers/CustomerForm.tsx:57:3)
Warning: An update to CustomerForm inside a test was not wrapped in act(...).

When testing, code that causes React state updates should be wrapped into act(...):

act(() => {
  /* fire events that update state */
});
/* assert on the output */

This ensures that you're testing the behavior the user would see in the browser. Learn more at https://reactjs.org/link/wrap-tests-with-act
    at CustomerForm (C:/Users/Admin/graceful_books/src/components/customers/CustomerForm.tsx:57:3)

[90mstderr[2m | src/components/customers/CustomerForm.test.tsx[2m > [22m[2mCustomerForm Component[2m > [22m[2mform submission[2m > [22m[2mshould submit with address data
[22m[39mWarning: An update to CustomerForm inside a test was not wrapped in act(...).

When testing, code that causes React state updates should be wrapped into act(...):

act(() => {
  /* fire events that update state */
});
/* assert on the output */

This ensures that you're testing the behavior the user would see in the browser. Learn more at https://reactjs.org/link/wrap-tests-with-act
    at CustomerForm (C:/Users/Admin/graceful_books/src/components/customers/CustomerForm.tsx:57:3)
Warning: An update to CustomerForm inside a test was not wrapped in act(...).

When testing, code that causes React state updates should be wrapped into act(...):

act(() => {
  /* fire events that update state */
});
/* assert on the output */

This ensures that you're testing the behavior the user would see in the browser. Learn more at https://reactjs.org/link/wrap-tests-with-act
    at CustomerForm (C:/Users/Admin/graceful_books/src/components/customers/CustomerForm.tsx:57:3)
Warning: An update to CustomerForm inside a test was not wrapped in act(...).

When testing, code that causes React state updates should be wrapped into act(...):

act(() => {
  /* fire events that update state */
});
/* assert on the output */

This ensures that you're testing the behavior the user would see in the browser. Learn more at https://reactjs.org/link/wrap-tests-with-act
    at CustomerForm (C:/Users/Admin/graceful_books/src/components/customers/CustomerForm.tsx:57:3)

[90mstderr[2m | src/components/customers/CustomerForm.test.tsx[2m > [22m[2mCustomerForm Component[2m > [22m[2mform submission[2m > [22m[2mshould submit with address data
[22m[39mWarning: An update to CustomerForm inside a test was not wrapped in act(...).

When testing, code that causes React state updates should be wrapped into act(...):

act(() => {
  /* fire events that update state */
});
/* assert on the output */

This ensures that you're testing the behavior the user would see in the browser. Learn more at https://reactjs.org/link/wrap-tests-with-act
    at CustomerForm (C:/Users/Admin/graceful_books/src/components/customers/CustomerForm.tsx:57:3)
Warning: An update to CustomerForm inside a test was not wrapped in act(...).

When testing, code that causes React state updates should be wrapped into act(...):

act(() => {
  /* fire events that update state */
});
/* assert on the output */

This ensures that you're testing the behavior the user would see in the browser. Learn more at https://reactjs.org/link/wrap-tests-with-act
    at CustomerForm (C:/Users/Admin/graceful_books/src/components/customers/CustomerForm.tsx:57:3)
Warning: An update to CustomerForm inside a test was not wrapped in act(...).

When testing, code that causes React state updates should be wrapped into act(...):

act(() => {
  /* fire events that update state */
});
/* assert on the output */

This ensures that you're testing the behavior the user would see in the browser. Learn more at https://reactjs.org/link/wrap-tests-with-act
    at CustomerForm (C:/Users/Admin/graceful_books/src/components/customers/CustomerForm.tsx:57:3)

[90mstderr[2m | src/components/customers/CustomerForm.test.tsx[2m > [22m[2mCustomerForm Component[2m > [22m[2mform submission[2m > [22m[2mshould submit with address data
[22m[39mWarning: An update to CustomerForm inside a test was not wrapped in act(...).

When testing, code that causes React state updates should be wrapped into act(...):

act(() => {
  /* fire events that update state */
});
/* assert on the output */

This ensures that you're testing the behavior the user would see in the browser. Learn more at https://reactjs.org/link/wrap-tests-with-act
    at CustomerForm (C:/Users/Admin/graceful_books/src/components/customers/CustomerForm.tsx:57:3)
Warning: An update to CustomerForm inside a test was not wrapped in act(...).

When testing, code that causes React state updates should be wrapped into act(...):

act(() => {
  /* fire events that update state */
});
/* assert on the output */

This ensures that you're testing the behavior the user would see in the browser. Learn more at https://reactjs.org/link/wrap-tests-with-act
    at CustomerForm (C:/Users/Admin/graceful_books/src/components/customers/CustomerForm.tsx:57:3)
Warning: An update to CustomerForm inside a test was not wrapped in act(...).

When testing, code that causes React state updates should be wrapped into act(...):

act(() => {
  /* fire events that update state */
});
/* assert on the output */

This ensures that you're testing the behavior the user would see in the browser. Learn more at https://reactjs.org/link/wrap-tests-with-act
    at CustomerForm (C:/Users/Admin/graceful_books/src/components/customers/CustomerForm.tsx:57:3)

[90mstderr[2m | src/components/customers/CustomerForm.test.tsx[2m > [22m[2mCustomerForm Component[2m > [22m[2mform submission[2m > [22m[2mshould submit with address data
[22m[39mWarning: An update to CustomerForm inside a test was not wrapped in act(...).

When testing, code that causes React state updates should be wrapped into act(...):

act(() => {
  /* fire events that update state */
});
/* assert on the output */

This ensures that you're testing the behavior the user would see in the browser. Learn more at https://reactjs.org/link/wrap-tests-with-act
    at CustomerForm (C:/Users/Admin/graceful_books/src/components/customers/CustomerForm.tsx:57:3)
Warning: An update to CustomerForm inside a test was not wrapped in act(...).

When testing, code that causes React state updates should be wrapped into act(...):

act(() => {
  /* fire events that update state */
});
/* assert on the output */

This ensures that you're testing the behavior the user would see in the browser. Learn more at https://reactjs.org/link/wrap-tests-with-act
    at CustomerForm (C:/Users/Admin/graceful_books/src/components/customers/CustomerForm.tsx:57:3)
Warning: An update to CustomerForm inside a test was not wrapped in act(...).

When testing, code that causes React state updates should be wrapped into act(...):

act(() => {
  /* fire events that update state */
});
/* assert on the output */

This ensures that you're testing the behavior the user would see in the browser. Learn more at https://reactjs.org/link/wrap-tests-with-act
    at CustomerForm (C:/Users/Admin/graceful_books/src/components/customers/CustomerForm.tsx:57:3)

[90mstderr[2m | src/components/customers/CustomerForm.test.tsx[2m > [22m[2mCustomerForm Component[2m > [22m[2mform submission[2m > [22m[2mshould submit with address data
[22m[39mWarning: An update to CustomerForm inside a test was not wrapped in act(...).

When testing, code that causes React state updates should be wrapped into act(...):

act(() => {
  /* fire events that update state */
});
/* assert on the output */

This ensures that you're testing the behavior the user would see in the browser. Learn more at https://reactjs.org/link/wrap-tests-with-act
    at CustomerForm (C:/Users/Admin/graceful_books/src/components/customers/CustomerForm.tsx:57:3)
Warning: An update to CustomerForm inside a test was not wrapped in act(...).

When testing, code that causes React state updates should be wrapped into act(...):

act(() => {
  /* fire events that update state */
});
/* assert on the output */

This ensures that you're testing the behavior the user would see in the browser. Learn more at https://reactjs.org/link/wrap-tests-with-act
    at CustomerForm (C:/Users/Admin/graceful_books/src/components/customers/CustomerForm.tsx:57:3)
Warning: An update to CustomerForm inside a test was not wrapped in act(...).

When testing, code that causes React state updates should be wrapped into act(...):

act(() => {
  /* fire events that update state */
});
/* assert on the output */

This ensures that you're testing the behavior the user would see in the browser. Learn more at https://reactjs.org/link/wrap-tests-with-act
    at CustomerForm (C:/Users/Admin/graceful_books/src/components/customers/CustomerForm.tsx:57:3)

[90mstderr[2m | src/components/customers/CustomerForm.test.tsx[2m > [22m[2mCustomerForm Component[2m > [22m[2mform submission[2m > [22m[2mshould submit with address data
[22m[39mWarning: An update to CustomerForm inside a test was not wrapped in act(...).

When testing, code that causes React state updates should be wrapped into act(...):

act(() => {
  /* fire events that update state */
});
/* assert on the output */

This ensures that you're testing the behavior the user would see in the browser. Learn more at https://reactjs.org/link/wrap-tests-with-act
    at CustomerForm (C:/Users/Admin/graceful_books/src/components/customers/CustomerForm.tsx:57:3)
Warning: An update to CustomerForm inside a test was not wrapped in act(...).

When testing, code that causes React state updates should be wrapped into act(...):

act(() => {
  /* fire events that update state */
});
/* assert on the output */

This ensures that you're testing the behavior the user would see in the browser. Learn more at https://reactjs.org/link/wrap-tests-with-act
    at CustomerForm (C:/Users/Admin/graceful_books/src/components/customers/CustomerForm.tsx:57:3)
Warning: An update to CustomerForm inside a test was not wrapped in act(...).

When testing, code that causes React state updates should be wrapped into act(...):

act(() => {
  /* fire events that update state */
});
/* assert on the output */

This ensures that you're testing the behavior the user would see in the browser. Learn more at https://reactjs.org/link/wrap-tests-with-act
    at CustomerForm (C:/Users/Admin/graceful_books/src/components/customers/CustomerForm.tsx:57:3)

[90mstderr[2m | src/components/customers/CustomerForm.test.tsx[2m > [22m[2mCustomerForm Component[2m > [22m[2mform submission[2m > [22m[2mshould submit with address data
[22m[39mWarning: An update to CustomerForm inside a test was not wrapped in act(...).

When testing, code that causes React state updates should be wrapped into act(...):

act(() => {
  /* fire events that update state */
});
/* assert on the output */

This ensures that you're testing the behavior the user would see in the browser. Learn more at https://reactjs.org/link/wrap-tests-with-act
    at CustomerForm (C:/Users/Admin/graceful_books/src/components/customers/CustomerForm.tsx:57:3)
Warning: An update to CustomerForm inside a test was not wrapped in act(...).

When testing, code that causes React state updates should be wrapped into act(...):

act(() => {
  /* fire events that update state */
});
/* assert on the output */

This ensures that you're testing the behavior the user would see in the browser. Learn more at https://reactjs.org/link/wrap-tests-with-act
    at CustomerForm (C:/Users/Admin/graceful_books/src/components/customers/CustomerForm.tsx:57:3)
Warning: An update to CustomerForm inside a test was not wrapped in act(...).

When testing, code that causes React state updates should be wrapped into act(...):

act(() => {
  /* fire events that update state */
});
/* assert on the output */

This ensures that you're testing the behavior the user would see in the browser. Learn more at https://reactjs.org/link/wrap-tests-with-act
    at CustomerForm (C:/Users/Admin/graceful_books/src/components/customers/CustomerForm.tsx:57:3)

[90mstderr[2m | src/pages/auth/Signup.test.tsx[2m > [22m[2mSignup Page with Charity Selection[2m > [22m[2maccount creation[2m > [22m[2mshould save user data to localStorage on signup
[22m[39mWarning: An update to Signup inside a test was not wrapped in act(...).

When testing, code that causes React state updates should be wrapped into act(...):

act(() => {
  /* fire events that update state */
});
/* assert on the output */

This ensures that you're testing the behavior the user would see in the browser. Learn more at https://reactjs.org/link/wrap-tests-with-act
    at Signup (C:/Users/Admin/graceful_books/src/pages/auth/Signup.tsx:8:61)
    at Router (C:\Users\Admin\graceful_books\node_modules\react-router\dist\umd\react-router.development.js:1207:17)
    at BrowserRouter (C:\Users\Admin\graceful_books\node_modules\react-router-dom\dist\umd\react-router-dom.development.js:695:7)

[90mstderr[2m | src/pages/auth/Signup.test.tsx[2m > [22m[2mSignup Page with Charity Selection[2m > [22m[2maccount creation[2m > [22m[2mshould save user data to localStorage on signup
[22m[39mWarning: An update to Signup inside a test was not wrapped in act(...).

When testing, code that causes React state updates should be wrapped into act(...):

act(() => {
  /* fire events that update state */
});
/* assert on the output */

This ensures that you're testing the behavior the user would see in the browser. Learn more at https://reactjs.org/link/wrap-tests-with-act
    at Signup (C:/Users/Admin/graceful_books/src/pages/auth/Signup.tsx:8:61)
    at Router (C:\Users\Admin\graceful_books\node_modules\react-router\dist\umd\react-router.development.js:1207:17)
    at BrowserRouter (C:\Users\Admin\graceful_books\node_modules\react-router-dom\dist\umd\react-router-dom.development.js:695:7)

[90mstderr[2m | src/pages/auth/Signup.test.tsx[2m > [22m[2mSignup Page with Charity Selection[2m > [22m[2maccount creation[2m > [22m[2mshould save user data to localStorage on signup
[22m[39mWarning: An update to Signup inside a test was not wrapped in act(...).

When testing, code that causes React state updates should be wrapped into act(...):

act(() => {
  /* fire events that update state */
});
/* assert on the output */

This ensures that you're testing the behavior the user would see in the browser. Learn more at https://reactjs.org/link/wrap-tests-with-act
    at Signup (C:/Users/Admin/graceful_books/src/pages/auth/Signup.tsx:8:61)
    at Router (C:\Users\Admin\graceful_books\node_modules\react-router\dist\umd\react-router.development.js:1207:17)
    at BrowserRouter (C:\Users\Admin\graceful_books\node_modules\react-router-dom\dist\umd\react-router-dom.development.js:695:7)

[90mstderr[2m | src/pages/auth/Signup.test.tsx[2m > [22m[2mSignup Page with Charity Selection[2m > [22m[2maccount creation[2m > [22m[2mshould save user data to localStorage on signup
[22m[39mWarning: An update to Signup inside a test was not wrapped in act(...).

When testing, code that causes React state updates should be wrapped into act(...):

act(() => {
  /* fire events that update state */
});
/* assert on the output */

This ensures that you're testing the behavior the user would see in the browser. Learn more at https://reactjs.org/link/wrap-tests-with-act
    at Signup (C:/Users/Admin/graceful_books/src/pages/auth/Signup.tsx:8:61)
    at Router (C:\Users\Admin\graceful_books\node_modules\react-router\dist\umd\react-router.development.js:1207:17)
    at BrowserRouter (C:\Users\Admin\graceful_books\node_modules\react-router-dom\dist\umd\react-router-dom.development.js:695:7)

[90mstderr[2m | src/pages/auth/Signup.test.tsx[2m > [22m[2mSignup Page with Charity Selection[2m > [22m[2maccount creation[2m > [22m[2mshould save user data to localStorage on signup
[22m[39mWarning: An update to Signup inside a test was not wrapped in act(...).

When testing, code that causes React state updates should be wrapped into act(...):

act(() => {
  /* fire events that update state */
});
/* assert on the output */

This ensures that you're testing the behavior the user would see in the browser. Learn more at https://reactjs.org/link/wrap-tests-with-act
    at Signup (C:/Users/Admin/graceful_books/src/pages/auth/Signup.tsx:8:61)
    at Router (C:\Users\Admin\graceful_books\node_modules\react-router\dist\umd\react-router.development.js:1207:17)
    at BrowserRouter (C:\Users\Admin\graceful_books\node_modules\react-router-dom\dist\umd\react-router-dom.development.js:695:7)

[90mstderr[2m | src/components/customers/CustomerForm.test.tsx[2m > [22m[2mCustomerForm Component[2m > [22m[2mform submission[2m > [22m[2mshould submit with address data
[22m[39mWarning: An update to CustomerForm inside a test was not wrapped in act(...).

When testing, code that causes React state updates should be wrapped into act(...):

act(() => {
  /* fire events that update state */
});
/* assert on the output */

This ensures that you're testing the behavior the user would see in the browser. Learn more at https://reactjs.org/link/wrap-tests-with-act
    at CustomerForm (C:/Users/Admin/graceful_books/src/components/customers/CustomerForm.tsx:57:3)
Warning: An update to CustomerForm inside a test was not wrapped in act(...).

When testing, code that causes React state updates should be wrapped into act(...):

act(() => {
  /* fire events that update state */
});
/* assert on the output */

This ensures that you're testing the behavior the user would see in the browser. Learn more at https://reactjs.org/link/wrap-tests-with-act
    at CustomerForm (C:/Users/Admin/graceful_books/src/components/customers/CustomerForm.tsx:57:3)
Warning: An update to CustomerForm inside a test was not wrapped in act(...).

When testing, code that causes React state updates should be wrapped into act(...):

act(() => {
  /* fire events that update state */
});
/* assert on the output */

This ensures that you're testing the behavior the user would see in the browser. Learn more at https://reactjs.org/link/wrap-tests-with-act
    at CustomerForm (C:/Users/Admin/graceful_books/src/components/customers/CustomerForm.tsx:57:3)

[90mstderr[2m | src/pages/auth/Signup.test.tsx[2m > [22m[2mSignup Page with Charity Selection[2m > [22m[2maccount creation[2m > [22m[2mshould save user data to localStorage on signup
[22m[39mWarning: An update to Signup inside a test was not wrapped in act(...).

When testing, code that causes React state updates should be wrapped into act(...):

act(() => {
  /* fire events that update state */
});
/* assert on the output */

This ensures that you're testing the behavior the user would see in the browser. Learn more at https://reactjs.org/link/wrap-tests-with-act
    at Signup (C:/Users/Admin/graceful_books/src/pages/auth/Signup.tsx:8:61)
    at Router (C:\Users\Admin\graceful_books\node_modules\react-router\dist\umd\react-router.development.js:1207:17)
    at BrowserRouter (C:\Users\Admin\graceful_books\node_modules\react-router-dom\dist\umd\react-router-dom.development.js:695:7)

[90mstderr[2m | src/components/customers/CustomerForm.test.tsx[2m > [22m[2mCustomerForm Component[2m > [22m[2mform submission[2m > [22m[2mshould submit with address data
[22m[39mWarning: An update to CustomerForm inside a test was not wrapped in act(...).

When testing, code that causes React state updates should be wrapped into act(...):

act(() => {
  /* fire events that update state */
});
/* assert on the output */

This ensures that you're testing the behavior the user would see in the browser. Learn more at https://reactjs.org/link/wrap-tests-with-act
    at CustomerForm (C:/Users/Admin/graceful_books/src/components/customers/CustomerForm.tsx:57:3)
Warning: An update to CustomerForm inside a test was not wrapped in act(...).

When testing, code that causes React state updates should be wrapped into act(...):

act(() => {
  /* fire events that update state */
});
/* assert on the output */

This ensures that you're testing the behavior the user would see in the browser. Learn more at https://reactjs.org/link/wrap-tests-with-act
    at CustomerForm (C:/Users/Admin/graceful_books/src/components/customers/CustomerForm.tsx:57:3)
Warning: An update to CustomerForm inside a test was not wrapped in act(...).

When testing, code that causes React state updates should be wrapped into act(...):

act(() => {
  /* fire events that update state */
});
/* assert on the output */

This ensures that you're testing the behavior the user would see in the browser. Learn more at https://reactjs.org/link/wrap-tests-with-act
    at CustomerForm (C:/Users/Admin/graceful_books/src/components/customers/CustomerForm.tsx:57:3)

[90mstderr[2m | src/components/customers/CustomerForm.test.tsx[2m > [22m[2mCustomerForm Component[2m > [22m[2mform submission[2m > [22m[2mshould submit with address data
[22m[39mWarning: An update to CustomerForm inside a test was not wrapped in act(...).

When testing, code that causes React state updates should be wrapped into act(...):

act(() => {
  /* fire events that update state */
});
/* assert on the output */

This ensures that you're testing the behavior the user would see in the browser. Learn more at https://reactjs.org/link/wrap-tests-with-act
    at CustomerForm (C:/Users/Admin/graceful_books/src/components/customers/CustomerForm.tsx:57:3)
Warning: An update to CustomerForm inside a test was not wrapped in act(...).

When testing, code that causes React state updates should be wrapped into act(...):

act(() => {
  /* fire events that update state */
});
/* assert on the output */

This ensures that you're testing the behavior the user would see in the browser. Learn more at https://reactjs.org/link/wrap-tests-with-act
    at CustomerForm (C:/Users/Admin/graceful_books/src/components/customers/CustomerForm.tsx:57:3)
Warning: An update to CustomerForm inside a test was not wrapped in act(...).

When testing, code that causes React state updates should be wrapped into act(...):

act(() => {
  /* fire events that update state */
});
/* assert on the output */

This ensures that you're testing the behavior the user would see in the browser. Learn more at https://reactjs.org/link/wrap-tests-with-act
    at CustomerForm (C:/Users/Admin/graceful_books/src/components/customers/CustomerForm.tsx:57:3)

[90mstderr[2m | src/components/customers/CustomerForm.test.tsx[2m > [22m[2mCustomerForm Component[2m > [22m[2mform submission[2m > [22m[2mshould submit with address data
[22m[39mWarning: An update to CustomerForm inside a test was not wrapped in act(...).

When testing, code that causes React state updates should be wrapped into act(...):

act(() => {
  /* fire events that update state */
});
/* assert on the output */

This ensures that you're testing the behavior the user would see in the browser. Learn more at https://reactjs.org/link/wrap-tests-with-act
    at CustomerForm (C:/Users/Admin/graceful_books/src/components/customers/CustomerForm.tsx:57:3)
Warning: An update to CustomerForm inside a test was not wrapped in act(...).

When testing, code that causes React state updates should be wrapped into act(...):

act(() => {
  /* fire events that update state */
});
/* assert on the output */

This ensures that you're testing the behavior the user would see in the browser. Learn more at https://reactjs.org/link/wrap-tests-with-act
    at CustomerForm (C:/Users/Admin/graceful_books/src/components/customers/CustomerForm.tsx:57:3)
Warning: An update to CustomerForm inside a test was not wrapped in act(...).

When testing, code that causes React state updates should be wrapped into act(...):

act(() => {
  /* fire events that update state */
});
/* assert on the output */

This ensures that you're testing the behavior the user would see in the browser. Learn more at https://reactjs.org/link/wrap-tests-with-act
    at CustomerForm (C:/Users/Admin/graceful_books/src/components/customers/CustomerForm.tsx:57:3)

[90mstderr[2m | src/pages/auth/Signup.test.tsx[2m > [22m[2mSignup Page with Charity Selection[2m > [22m[2maccount creation[2m > [22m[2mshould save user data to localStorage on signup
[22m[39mWarning: An update to Signup inside a test was not wrapped in act(...).

When testing, code that causes React state updates should be wrapped into act(...):

act(() => {
  /* fire events that update state */
});
/* assert on the output */

This ensures that you're testing the behavior the user would see in the browser. Learn more at https://reactjs.org/link/wrap-tests-with-act
    at Signup (C:/Users/Admin/graceful_books/src/pages/auth/Signup.tsx:8:61)
    at Router (C:\Users\Admin\graceful_books\node_modules\react-router\dist\umd\react-router.development.js:1207:17)
    at BrowserRouter (C:\Users\Admin\graceful_books\node_modules\react-router-dom\dist\umd\react-router-dom.development.js:695:7)

[90mstderr[2m | src/components/customers/CustomerForm.test.tsx[2m > [22m[2mCustomerForm Component[2m > [22m[2mform submission[2m > [22m[2mshould submit with address data
[22m[39mWarning: An update to CustomerForm inside a test was not wrapped in act(...).

When testing, code that causes React state updates should be wrapped into act(...):

act(() => {
  /* fire events that update state */
});
/* assert on the output */

This ensures that you're testing the behavior the user would see in the browser. Learn more at https://reactjs.org/link/wrap-tests-with-act
    at CustomerForm (C:/Users/Admin/graceful_books/src/components/customers/CustomerForm.tsx:57:3)
Warning: An update to CustomerForm inside a test was not wrapped in act(...).

When testing, code that causes React state updates should be wrapped into act(...):

act(() => {
  /* fire events that update state */
});
/* assert on the output */

This ensures that you're testing the behavior the user would see in the browser. Learn more at https://reactjs.org/link/wrap-tests-with-act
    at CustomerForm (C:/Users/Admin/graceful_books/src/components/customers/CustomerForm.tsx:57:3)
Warning: An update to CustomerForm inside a test was not wrapped in act(...).

When testing, code that causes React state updates should be wrapped into act(...):

act(() => {
  /* fire events that update state */
});
/* assert on the output */

This ensures that you're testing the behavior the user would see in the browser. Learn more at https://reactjs.org/link/wrap-tests-with-act
    at CustomerForm (C:/Users/Admin/graceful_books/src/components/customers/CustomerForm.tsx:57:3)

[90mstderr[2m | src/pages/auth/Signup.test.tsx[2m > [22m[2mSignup Page with Charity Selection[2m > [22m[2maccount creation[2m > [22m[2mshould save user data to localStorage on signup
[22m[39mWarning: An update to Signup inside a test was not wrapped in act(...).

When testing, code that causes React state updates should be wrapped into act(...):

act(() => {
  /* fire events that update state */
});
/* assert on the output */

This ensures that you're testing the behavior the user would see in the browser. Learn more at https://reactjs.org/link/wrap-tests-with-act
    at Signup (C:/Users/Admin/graceful_books/src/pages/auth/Signup.tsx:8:61)
    at Router (C:\Users\Admin\graceful_books\node_modules\react-router\dist\umd\react-router.development.js:1207:17)
    at BrowserRouter (C:\Users\Admin\graceful_books\node_modules\react-router-dom\dist\umd\react-router-dom.development.js:695:7)

[90mstderr[2m | src/pages/auth/Signup.test.tsx[2m > [22m[2mSignup Page with Charity Selection[2m > [22m[2maccount creation[2m > [22m[2mshould save user data to localStorage on signup
[22m[39mWarning: An update to Signup inside a test was not wrapped in act(...).

When testing, code that causes React state updates should be wrapped into act(...):

act(() => {
  /* fire events that update state */
});
/* assert on the output */

This ensures that you're testing the behavior the user would see in the browser. Learn more at https://reactjs.org/link/wrap-tests-with-act
    at Signup (C:/Users/Admin/graceful_books/src/pages/auth/Signup.tsx:8:61)
    at Router (C:\Users\Admin\graceful_books\node_modules\react-router\dist\umd\react-router.development.js:1207:17)
    at BrowserRouter (C:\Users\Admin\graceful_books\node_modules\react-router-dom\dist\umd\react-router-dom.development.js:695:7)

[90mstderr[2m | src/components/customers/CustomerForm.test.tsx[2m > [22m[2mCustomerForm Component[2m > [22m[2mform submission[2m > [22m[2mshould submit with address data
[22m[39mWarning: An update to CustomerForm inside a test was not wrapped in act(...).

When testing, code that causes React state updates should be wrapped into act(...):

act(() => {
  /* fire events that update state */
});
/* assert on the output */

This ensures that you're testing the behavior the user would see in the browser. Learn more at https://reactjs.org/link/wrap-tests-with-act
    at CustomerForm (C:/Users/Admin/graceful_books/src/components/customers/CustomerForm.tsx:57:3)
Warning: An update to CustomerForm inside a test was not wrapped in act(...).

When testing, code that causes React state updates should be wrapped into act(...):

act(() => {
  /* fire events that update state */
});
/* assert on the output */

This ensures that you're testing the behavior the user would see in the browser. Learn more at https://reactjs.org/link/wrap-tests-with-act
    at CustomerForm (C:/Users/Admin/graceful_books/src/components/customers/CustomerForm.tsx:57:3)
Warning: An update to CustomerForm inside a test was not wrapped in act(...).

When testing, code that causes React state updates should be wrapped into act(...):

act(() => {
  /* fire events that update state */
});
/* assert on the output */

This ensures that you're testing the behavior the user would see in the browser. Learn more at https://reactjs.org/link/wrap-tests-with-act
    at CustomerForm (C:/Users/Admin/graceful_books/src/components/customers/CustomerForm.tsx:57:3)

[90mstderr[2m | src/pages/auth/Signup.test.tsx[2m > [22m[2mSignup Page with Charity Selection[2m > [22m[2maccount creation[2m > [22m[2mshould save user data to localStorage on signup
[22m[39mWarning: An update to Signup inside a test was not wrapped in act(...).

When testing, code that causes React state updates should be wrapped into act(...):

act(() => {
  /* fire events that update state */
});
/* assert on the output */

This ensures that you're testing the behavior the user would see in the browser. Learn more at https://reactjs.org/link/wrap-tests-with-act
    at Signup (C:/Users/Admin/graceful_books/src/pages/auth/Signup.tsx:8:61)
    at Router (C:\Users\Admin\graceful_books\node_modules\react-router\dist\umd\react-router.development.js:1207:17)
    at BrowserRouter (C:\Users\Admin\graceful_books\node_modules\react-router-dom\dist\umd\react-router-dom.development.js:695:7)

[90mstderr[2m | src/pages/auth/Signup.test.tsx[2m > [22m[2mSignup Page with Charity Selection[2m > [22m[2maccount creation[2m > [22m[2mshould save user data to localStorage on signup
[22m[39mWarning: An update to Signup inside a test was not wrapped in act(...).

When testing, code that causes React state updates should be wrapped into act(...):

act(() => {
  /* fire events that update state */
});
/* assert on the output */

This ensures that you're testing the behavior the user would see in the browser. Learn more at https://reactjs.org/link/wrap-tests-with-act
    at Signup (C:/Users/Admin/graceful_books/src/pages/auth/Signup.tsx:8:61)
    at Router (C:\Users\Admin\graceful_books\node_modules\react-router\dist\umd\react-router.development.js:1207:17)
    at BrowserRouter (C:\Users\Admin\graceful_books\node_modules\react-router-dom\dist\umd\react-router-dom.development.js:695:7)

[90mstderr[2m | src/pages/auth/Signup.test.tsx[2m > [22m[2mSignup Page with Charity Selection[2m > [22m[2maccount creation[2m > [22m[2mshould save user data to localStorage on signup
[22m[39mWarning: An update to Signup inside a test was not wrapped in act(...).

When testing, code that causes React state updates should be wrapped into act(...):

act(() => {
  /* fire events that update state */
});
/* assert on the output */

This ensures that you're testing the behavior the user would see in the browser. Learn more at https://reactjs.org/link/wrap-tests-with-act
    at Signup (C:/Users/Admin/graceful_books/src/pages/auth/Signup.tsx:8:61)
    at Router (C:\Users\Admin\graceful_books\node_modules\react-router\dist\umd\react-router.development.js:1207:17)
    at BrowserRouter (C:\Users\Admin\graceful_books\node_modules\react-router-dom\dist\umd\react-router-dom.development.js:695:7)

[90mstderr[2m | src/pages/auth/Signup.test.tsx[2m > [22m[2mSignup Page with Charity Selection[2m > [22m[2maccount creation[2m > [22m[2mshould save user data to localStorage on signup
[22m[39mWarning: An update to Signup inside a test was not wrapped in act(...).

When testing, code that causes React state updates should be wrapped into act(...):

act(() => {
  /* fire events that update state */
});
/* assert on the output */

This ensures that you're testing the behavior the user would see in the browser. Learn more at https://reactjs.org/link/wrap-tests-with-act
    at Signup (C:/Users/Admin/graceful_books/src/pages/auth/Signup.tsx:8:61)
    at Router (C:\Users\Admin\graceful_books\node_modules\react-router\dist\umd\react-router.development.js:1207:17)
    at BrowserRouter (C:\Users\Admin\graceful_books\node_modules\react-router-dom\dist\umd\react-router-dom.development.js:695:7)

[90mstderr[2m | src/pages/auth/Signup.test.tsx[2m > [22m[2mSignup Page with Charity Selection[2m > [22m[2maccount creation[2m > [22m[2mshould save user data to localStorage on signup
[22m[39mWarning: An update to Signup inside a test was not wrapped in act(...).

When testing, code that causes React state updates should be wrapped into act(...):

act(() => {
  /* fire events that update state */
});
/* assert on the output */

This ensures that you're testing the behavior the user would see in the browser. Learn more at https://reactjs.org/link/wrap-tests-with-act
    at Signup (C:/Users/Admin/graceful_books/src/pages/auth/Signup.tsx:8:61)
    at Router (C:\Users\Admin\graceful_books\node_modules\react-router\dist\umd\react-router.development.js:1207:17)
    at BrowserRouter (C:\Users\Admin\graceful_books\node_modules\react-router-dom\dist\umd\react-router-dom.development.js:695:7)

[90mstderr[2m | src/pages/auth/Signup.test.tsx[2m > [22m[2mSignup Page with Charity Selection[2m > [22m[2maccount creation[2m > [22m[2mshould save user data to localStorage on signup
[22m[39mWarning: An update to Signup inside a test was not wrapped in act(...).

When testing, code that causes React state updates should be wrapped into act(...):

act(() => {
  /* fire events that update state */
});
/* assert on the output */

This ensures that you're testing the behavior the user would see in the browser. Learn more at https://reactjs.org/link/wrap-tests-with-act
    at Signup (C:/Users/Admin/graceful_books/src/pages/auth/Signup.tsx:8:61)
    at Router (C:\Users\Admin\graceful_books\node_modules\react-router\dist\umd\react-router.development.js:1207:17)
    at BrowserRouter (C:\Users\Admin\graceful_books\node_modules\react-router-dom\dist\umd\react-router-dom.development.js:695:7)

[90mstderr[2m | src/pages/auth/Signup.test.tsx[2m > [22m[2mSignup Page with Charity Selection[2m > [22m[2maccount creation[2m > [22m[2mshould save user data to localStorage on signup
[22m[39mWarning: An update to Signup inside a test was not wrapped in act(...).

When testing, code that causes React state updates should be wrapped into act(...):

act(() => {
  /* fire events that update state */
});
/* assert on the output */

This ensures that you're testing the behavior the user would see in the browser. Learn more at https://reactjs.org/link/wrap-tests-with-act
    at Signup (C:/Users/Admin/graceful_books/src/pages/auth/Signup.tsx:8:61)
    at Router (C:\Users\Admin\graceful_books\node_modules\react-router\dist\umd\react-router.development.js:1207:17)
    at BrowserRouter (C:\Users\Admin\graceful_books\node_modules\react-router-dom\dist\umd\react-router-dom.development.js:695:7)

 [32m✓[39m src/components/accounts/AccountForm.test.tsx [2m([22m[2m23 tests[22m[2m)[22m[33m 5420[2mms[22m[39m
       [33m[2m✓[22m[39m should render create mode by default [33m 493[2mms[22m[39m
       [33m[2m✓[22m[39m should validate account number format [33m 626[2mms[22m[39m
       [33m[2m✓[22m[39m should accept valid account number [33m 450[2mms[22m[39m
       [33m[2m✓[22m[39m should validate parent account type matches [33m 328[2mms[22m[39m
       [33m[2m✓[22m[39m should submit valid form data [33m 768[2mms[22m[39m
       [33m[2m✓[22m[39m should submit with parent account [33m 614[2mms[22m[39m
       [33m[2m✓[22m[39m should submit inactive account [33m 395[2mms[22m[39m
       [33m[2m✓[22m[39m should have no accessibility violations in create mode [33m 383[2mms[22m[39m
       [33m[2m✓[22m[39m should have no accessibility violations in edit mode [33m 328[2mms[22m[39m
[90mstderr[2m | src/components/customers/CustomerForm.test.tsx[2m > [22m[2mCustomerForm Component[2m > [22m[2mform submission[2m > [22m[2mshould submit with address data
[22m[39mWarning: An update to CustomerForm inside a test was not wrapped in act(...).

When testing, code that causes React state updates should be wrapped into act(...):

act(() => {
  /* fire events that update state */
});
/* assert on the output */

This ensures that you're testing the behavior the user would see in the browser. Learn more at https://reactjs.org/link/wrap-tests-with-act
    at CustomerForm (C:/Users/Admin/graceful_books/src/components/customers/CustomerForm.tsx:57:3)
Warning: An update to CustomerForm inside a test was not wrapped in act(...).

When testing, code that causes React state updates should be wrapped into act(...):

act(() => {
  /* fire events that update state */
});
/* assert on the output */

This ensures that you're testing the behavior the user would see in the browser. Learn more at https://reactjs.org/link/wrap-tests-with-act
    at CustomerForm (C:/Users/Admin/graceful_books/src/components/customers/CustomerForm.tsx:57:3)
Warning: An update to CustomerForm inside a test was not wrapped in act(...).

When testing, code that causes React state updates should be wrapped into act(...):

act(() => {
  /* fire events that update state */
});
/* assert on the output */

This ensures that you're testing the behavior the user would see in the browser. Learn more at https://reactjs.org/link/wrap-tests-with-act
    at CustomerForm (C:/Users/Admin/graceful_books/src/components/customers/CustomerForm.tsx:57:3)

[90mstderr[2m | src/components/customers/CustomerForm.test.tsx[2m > [22m[2mCustomerForm Component[2m > [22m[2mform submission[2m > [22m[2mshould submit with address data
[22m[39mWarning: An update to CustomerForm inside a test was not wrapped in act(...).

When testing, code that causes React state updates should be wrapped into act(...):

act(() => {
  /* fire events that update state */
});
/* assert on the output */

This ensures that you're testing the behavior the user would see in the browser. Learn more at https://reactjs.org/link/wrap-tests-with-act
    at CustomerForm (C:/Users/Admin/graceful_books/src/components/customers/CustomerForm.tsx:57:3)
Warning: An update to CustomerForm inside a test was not wrapped in act(...).

When testing, code that causes React state updates should be wrapped into act(...):

act(() => {
  /* fire events that update state */
});
/* assert on the output */

This ensures that you're testing the behavior the user would see in the browser. Learn more at https://reactjs.org/link/wrap-tests-with-act
    at CustomerForm (C:/Users/Admin/graceful_books/src/components/customers/CustomerForm.tsx:57:3)
Warning: An update to CustomerForm inside a test was not wrapped in act(...).

When testing, code that causes React state updates should be wrapped into act(...):

act(() => {
  /* fire events that update state */
});
/* assert on the output */

This ensures that you're testing the behavior the user would see in the browser. Learn more at https://reactjs.org/link/wrap-tests-with-act
    at CustomerForm (C:/Users/Admin/graceful_books/src/components/customers/CustomerForm.tsx:57:3)

[90mstderr[2m | src/pages/auth/Signup.test.tsx[2m > [22m[2mSignup Page with Charity Selection[2m > [22m[2maccount creation[2m > [22m[2mshould save user data to localStorage on signup
[22m[39mWarning: An update to Signup inside a test was not wrapped in act(...).

When testing, code that causes React state updates should be wrapped into act(...):

act(() => {
  /* fire events that update state */
});
/* assert on the output */

This ensures that you're testing the behavior the user would see in the browser. Learn more at https://reactjs.org/link/wrap-tests-with-act
    at Signup (C:/Users/Admin/graceful_books/src/pages/auth/Signup.tsx:8:61)
    at Router (C:\Users\Admin\graceful_books\node_modules\react-router\dist\umd\react-router.development.js:1207:17)
    at BrowserRouter (C:\Users\Admin\graceful_books\node_modules\react-router-dom\dist\umd\react-router-dom.development.js:695:7)

[90mstderr[2m | src/pages/auth/Signup.test.tsx[2m > [22m[2mSignup Page with Charity Selection[2m > [22m[2maccount creation[2m > [22m[2mshould save user data to localStorage on signup
[22m[39mWarning: An update to Signup inside a test was not wrapped in act(...).

When testing, code that causes React state updates should be wrapped into act(...):

act(() => {
  /* fire events that update state */
});
/* assert on the output */

This ensures that you're testing the behavior the user would see in the browser. Learn more at https://reactjs.org/link/wrap-tests-with-act
    at Signup (C:/Users/Admin/graceful_books/src/pages/auth/Signup.tsx:8:61)
    at Router (C:\Users\Admin\graceful_books\node_modules\react-router\dist\umd\react-router.development.js:1207:17)
    at BrowserRouter (C:\Users\Admin\graceful_books\node_modules\react-router-dom\dist\umd\react-router-dom.development.js:695:7)

[90mstderr[2m | src/pages/auth/Signup.test.tsx[2m > [22m[2mSignup Page with Charity Selection[2m > [22m[2maccount creation[2m > [22m[2mshould save user data to localStorage on signup
[22m[39mWarning: An update to Signup inside a test was not wrapped in act(...).

When testing, code that causes React state updates should be wrapped into act(...):

act(() => {
  /* fire events that update state */
});
/* assert on the output */

This ensures that you're testing the behavior the user would see in the browser. Learn more at https://reactjs.org/link/wrap-tests-with-act
    at Signup (C:/Users/Admin/graceful_books/src/pages/auth/Signup.tsx:8:61)
    at Router (C:\Users\Admin\graceful_books\node_modules\react-router\dist\umd\react-router.development.js:1207:17)
    at BrowserRouter (C:\Users\Admin\graceful_books\node_modules\react-router-dom\dist\umd\react-router-dom.development.js:695:7)

[90mstderr[2m | src/pages/auth/Signup.test.tsx[2m > [22m[2mSignup Page with Charity Selection[2m > [22m[2maccount creation[2m > [22m[2mshould save user data to localStorage on signup
[22m[39mWarning: An update to Signup inside a test was not wrapped in act(...).

When testing, code that causes React state updates should be wrapped into act(...):

act(() => {
  /* fire events that update state */
});
/* assert on the output */

This ensures that you're testing the behavior the user would see in the browser. Learn more at https://reactjs.org/link/wrap-tests-with-act
    at Signup (C:/Users/Admin/graceful_books/src/pages/auth/Signup.tsx:8:61)
    at Router (C:\Users\Admin\graceful_books\node_modules\react-router\dist\umd\react-router.development.js:1207:17)
    at BrowserRouter (C:\Users\Admin\graceful_books\node_modules\react-router-dom\dist\umd\react-router-dom.development.js:695:7)

[90mstderr[2m | src/pages/auth/Signup.test.tsx[2m > [22m[2mSignup Page with Charity Selection[2m > [22m[2maccount creation[2m > [22m[2mshould save user data to localStorage on signup
[22m[39mWarning: An update to Signup inside a test was not wrapped in act(...).

When testing, code that causes React state updates should be wrapped into act(...):

act(() => {
  /* fire events that update state */
});
/* assert on the output */

This ensures that you're testing the behavior the user would see in the browser. Learn more at https://reactjs.org/link/wrap-tests-with-act
    at Signup (C:/Users/Admin/graceful_books/src/pages/auth/Signup.tsx:8:61)
    at Router (C:\Users\Admin\graceful_books\node_modules\react-router\dist\umd\react-router.development.js:1207:17)
    at BrowserRouter (C:\Users\Admin\graceful_books\node_modules\react-router-dom\dist\umd\react-router-dom.development.js:695:7)

[90mstderr[2m | src/components/customers/CustomerForm.test.tsx[2m > [22m[2mCustomerForm Component[2m > [22m[2mform submission[2m > [22m[2mshould submit with address data
[22m[39mWarning: An update to CustomerForm inside a test was not wrapped in act(...).

When testing, code that causes React state updates should be wrapped into act(...):

act(() => {
  /* fire events that update state */
});
/* assert on the output */

This ensures that you're testing the behavior the user would see in the browser. Learn more at https://reactjs.org/link/wrap-tests-with-act
    at CustomerForm (C:/Users/Admin/graceful_books/src/components/customers/CustomerForm.tsx:57:3)
Warning: An update to CustomerForm inside a test was not wrapped in act(...).

When testing, code that causes React state updates should be wrapped into act(...):

act(() => {
  /* fire events that update state */
});
/* assert on the output */

This ensures that you're testing the behavior the user would see in the browser. Learn more at https://reactjs.org/link/wrap-tests-with-act
    at CustomerForm (C:/Users/Admin/graceful_books/src/components/customers/CustomerForm.tsx:57:3)
Warning: An update to CustomerForm inside a test was not wrapped in act(...).

When testing, code that causes React state updates should be wrapped into act(...):

act(() => {
  /* fire events that update state */
});
/* assert on the output */

This ensures that you're testing the behavior the user would see in the browser. Learn more at https://reactjs.org/link/wrap-tests-with-act
    at CustomerForm (C:/Users/Admin/graceful_books/src/components/customers/CustomerForm.tsx:57:3)

[90mstderr[2m | src/components/customers/CustomerForm.test.tsx[2m > [22m[2mCustomerForm Component[2m > [22m[2mform submission[2m > [22m[2mshould submit with address data
[22m[39mWarning: An update to CustomerForm inside a test was not wrapped in act(...).

When testing, code that causes React state updates should be wrapped into act(...):

act(() => {
  /* fire events that update state */
});
/* assert on the output */

This ensures that you're testing the behavior the user would see in the browser. Learn more at https://reactjs.org/link/wrap-tests-with-act
    at CustomerForm (C:/Users/Admin/graceful_books/src/components/customers/CustomerForm.tsx:57:3)
Warning: An update to CustomerForm inside a test was not wrapped in act(...).

When testing, code that causes React state updates should be wrapped into act(...):

act(() => {
  /* fire events that update state */
});
/* assert on the output */

This ensures that you're testing the behavior the user would see in the browser. Learn more at https://reactjs.org/link/wrap-tests-with-act
    at CustomerForm (C:/Users/Admin/graceful_books/src/components/customers/CustomerForm.tsx:57:3)
Warning: An update to CustomerForm inside a test was not wrapped in act(...).

When testing, code that causes React state updates should be wrapped into act(...):

act(() => {
  /* fire events that update state */
});
/* assert on the output */

This ensures that you're testing the behavior the user would see in the browser. Learn more at https://reactjs.org/link/wrap-tests-with-act
    at CustomerForm (C:/Users/Admin/graceful_books/src/components/customers/CustomerForm.tsx:57:3)

[90mstderr[2m | src/components/customers/CustomerForm.test.tsx[2m > [22m[2mCustomerForm Component[2m > [22m[2mform submission[2m > [22m[2mshould submit with address data
[22m[39mWarning: An update to CustomerForm inside a test was not wrapped in act(...).

When testing, code that causes React state updates should be wrapped into act(...):

act(() => {
  /* fire events that update state */
});
/* assert on the output */

This ensures that you're testing the behavior the user would see in the browser. Learn more at https://reactjs.org/link/wrap-tests-with-act
    at CustomerForm (C:/Users/Admin/graceful_books/src/components/customers/CustomerForm.tsx:57:3)
Warning: An update to CustomerForm inside a test was not wrapped in act(...).

When testing, code that causes React state updates should be wrapped into act(...):

act(() => {
  /* fire events that update state */
});
/* assert on the output */

This ensures that you're testing the behavior the user would see in the browser. Learn more at https://reactjs.org/link/wrap-tests-with-act
    at CustomerForm (C:/Users/Admin/graceful_books/src/components/customers/CustomerForm.tsx:57:3)
Warning: An update to CustomerForm inside a test was not wrapped in act(...).

When testing, code that causes React state updates should be wrapped into act(...):

act(() => {
  /* fire events that update state */
});
/* assert on the output */

This ensures that you're testing the behavior the user would see in the browser. Learn more at https://reactjs.org/link/wrap-tests-with-act
    at CustomerForm (C:/Users/Admin/graceful_books/src/components/customers/CustomerForm.tsx:57:3)

[90mstderr[2m | src/pages/auth/Signup.test.tsx[2m > [22m[2mSignup Page with Charity Selection[2m > [22m[2maccount creation[2m > [22m[2mshould save user data to localStorage on signup
[22m[39mWarning: An update to Signup inside a test was not wrapped in act(...).

When testing, code that causes React state updates should be wrapped into act(...):

act(() => {
  /* fire events that update state */
});
/* assert on the output */

This ensures that you're testing the behavior the user would see in the browser. Learn more at https://reactjs.org/link/wrap-tests-with-act
    at Signup (C:/Users/Admin/graceful_books/src/pages/auth/Signup.tsx:8:61)
    at Router (C:\Users\Admin\graceful_books\node_modules\react-router\dist\umd\react-router.development.js:1207:17)
    at BrowserRouter (C:\Users\Admin\graceful_books\node_modules\react-router-dom\dist\umd\react-router-dom.development.js:695:7)

[90mstderr[2m | src/components/customers/CustomerForm.test.tsx[2m > [22m[2mCustomerForm Component[2m > [22m[2mform submission[2m > [22m[2mshould submit with address data
[22m[39mWarning: An update to CustomerForm inside a test was not wrapped in act(...).

When testing, code that causes React state updates should be wrapped into act(...):

act(() => {
  /* fire events that update state */
});
/* assert on the output */

This ensures that you're testing the behavior the user would see in the browser. Learn more at https://reactjs.org/link/wrap-tests-with-act
    at CustomerForm (C:/Users/Admin/graceful_books/src/components/customers/CustomerForm.tsx:57:3)
Warning: An update to CustomerForm inside a test was not wrapped in act(...).

When testing, code that causes React state updates should be wrapped into act(...):

act(() => {
  /* fire events that update state */
});
/* assert on the output */

This ensures that you're testing the behavior the user would see in the browser. Learn more at https://reactjs.org/link/wrap-tests-with-act
    at CustomerForm (C:/Users/Admin/graceful_books/src/components/customers/CustomerForm.tsx:57:3)
Warning: An update to CustomerForm inside a test was not wrapped in act(...).

When testing, code that causes React state updates should be wrapped into act(...):

act(() => {
  /* fire events that update state */
});
/* assert on the output */

This ensures that you're testing the behavior the user would see in the browser. Learn more at https://reactjs.org/link/wrap-tests-with-act
    at CustomerForm (C:/Users/Admin/graceful_books/src/components/customers/CustomerForm.tsx:57:3)

[90mstderr[2m | src/pages/auth/Signup.test.tsx[2m > [22m[2mSignup Page with Charity Selection[2m > [22m[2maccount creation[2m > [22m[2mshould save user data to localStorage on signup
[22m[39mWarning: An update to Signup inside a test was not wrapped in act(...).

When testing, code that causes React state updates should be wrapped into act(...):

act(() => {
  /* fire events that update state */
});
/* assert on the output */

This ensures that you're testing the behavior the user would see in the browser. Learn more at https://reactjs.org/link/wrap-tests-with-act
    at Signup (C:/Users/Admin/graceful_books/src/pages/auth/Signup.tsx:8:61)
    at Router (C:\Users\Admin\graceful_books\node_modules\react-router\dist\umd\react-router.development.js:1207:17)
    at BrowserRouter (C:\Users\Admin\graceful_books\node_modules\react-router-dom\dist\umd\react-router-dom.development.js:695:7)

[90mstderr[2m | src/components/customers/CustomerForm.test.tsx[2m > [22m[2mCustomerForm Component[2m > [22m[2mform submission[2m > [22m[2mshould submit with address data
[22m[39mWarning: An update to CustomerForm inside a test was not wrapped in act(...).

When testing, code that causes React state updates should be wrapped into act(...):

act(() => {
  /* fire events that update state */
});
/* assert on the output */

This ensures that you're testing the behavior the user would see in the browser. Learn more at https://reactjs.org/link/wrap-tests-with-act
    at CustomerForm (C:/Users/Admin/graceful_books/src/components/customers/CustomerForm.tsx:57:3)
Warning: An update to CustomerForm inside a test was not wrapped in act(...).

When testing, code that causes React state updates should be wrapped into act(...):

act(() => {
  /* fire events that update state */
});
/* assert on the output */

This ensures that you're testing the behavior the user would see in the browser. Learn more at https://reactjs.org/link/wrap-tests-with-act
    at CustomerForm (C:/Users/Admin/graceful_books/src/components/customers/CustomerForm.tsx:57:3)
Warning: An update to CustomerForm inside a test was not wrapped in act(...).

When testing, code that causes React state updates should be wrapped into act(...):

act(() => {
  /* fire events that update state */
});
/* assert on the output */

This ensures that you're testing the behavior the user would see in the browser. Learn more at https://reactjs.org/link/wrap-tests-with-act
    at CustomerForm (C:/Users/Admin/graceful_books/src/components/customers/CustomerForm.tsx:57:3)

[90mstderr[2m | src/components/customers/CustomerForm.test.tsx[2m > [22m[2mCustomerForm Component[2m > [22m[2mform submission[2m > [22m[2mshould submit with address data
[22m[39mWarning: An update to CustomerForm inside a test was not wrapped in act(...).

When testing, code that causes React state updates should be wrapped into act(...):

act(() => {
  /* fire events that update state */
});
/* assert on the output */

This ensures that you're testing the behavior the user would see in the browser. Learn more at https://reactjs.org/link/wrap-tests-with-act
    at CustomerForm (C:/Users/Admin/graceful_books/src/components/customers/CustomerForm.tsx:57:3)
Warning: An update to CustomerForm inside a test was not wrapped in act(...).

When testing, code that causes React state updates should be wrapped into act(...):

act(() => {
  /* fire events that update state */
});
/* assert on the output */

This ensures that you're testing the behavior the user would see in the browser. Learn more at https://reactjs.org/link/wrap-tests-with-act
    at CustomerForm (C:/Users/Admin/graceful_books/src/components/customers/CustomerForm.tsx:57:3)
Warning: An update to CustomerForm inside a test was not wrapped in act(...).

When testing, code that causes React state updates should be wrapped into act(...):

act(() => {
  /* fire events that update state */
});
/* assert on the output */

This ensures that you're testing the behavior the user would see in the browser. Learn more at https://reactjs.org/link/wrap-tests-with-act
    at CustomerForm (C:/Users/Admin/graceful_books/src/components/customers/CustomerForm.tsx:57:3)

[90mstderr[2m | src/pages/auth/Signup.test.tsx[2m > [22m[2mSignup Page with Charity Selection[2m > [22m[2maccount creation[2m > [22m[2mshould save user data to localStorage on signup
[22m[39mWarning: An update to Signup inside a test was not wrapped in act(...).

When testing, code that causes React state updates should be wrapped into act(...):

act(() => {
  /* fire events that update state */
});
/* assert on the output */

This ensures that you're testing the behavior the user would see in the browser. Learn more at https://reactjs.org/link/wrap-tests-with-act
    at Signup (C:/Users/Admin/graceful_books/src/pages/auth/Signup.tsx:8:61)
    at Router (C:\Users\Admin\graceful_books\node_modules\react-router\dist\umd\react-router.development.js:1207:17)
    at BrowserRouter (C:\Users\Admin\graceful_books\node_modules\react-router-dom\dist\umd\react-router-dom.development.js:695:7)

[90mstderr[2m | src/pages/auth/Signup.test.tsx[2m > [22m[2mSignup Page with Charity Selection[2m > [22m[2maccount creation[2m > [22m[2mshould save user data to localStorage on signup
[22m[39mWarning: An update to Signup inside a test was not wrapped in act(...).

When testing, code that causes React state updates should be wrapped into act(...):

act(() => {
  /* fire events that update state */
});
/* assert on the output */

This ensures that you're testing the behavior the user would see in the browser. Learn more at https://reactjs.org/link/wrap-tests-with-act
    at Signup (C:/Users/Admin/graceful_books/src/pages/auth/Signup.tsx:8:61)
    at Router (C:\Users\Admin\graceful_books\node_modules\react-router\dist\umd\react-router.development.js:1207:17)
    at BrowserRouter (C:\Users\Admin\graceful_books\node_modules\react-router-dom\dist\umd\react-router-dom.development.js:695:7)

[90mstderr[2m | src/pages/auth/Signup.test.tsx[2m > [22m[2mSignup Page with Charity Selection[2m > [22m[2maccount creation[2m > [22m[2mshould save user data to localStorage on signup
[22m[39mWarning: An update to Signup inside a test was not wrapped in act(...).

When testing, code that causes React state updates should be wrapped into act(...):

act(() => {
  /* fire events that update state */
});
/* assert on the output */

This ensures that you're testing the behavior the user would see in the browser. Learn more at https://reactjs.org/link/wrap-tests-with-act
    at Signup (C:/Users/Admin/graceful_books/src/pages/auth/Signup.tsx:8:61)
    at Router (C:\Users\Admin\graceful_books\node_modules\react-router\dist\umd\react-router.development.js:1207:17)
    at BrowserRouter (C:\Users\Admin\graceful_books\node_modules\react-router-dom\dist\umd\react-router-dom.development.js:695:7)

[90mstderr[2m | src/pages/auth/Signup.test.tsx[2m > [22m[2mSignup Page with Charity Selection[2m > [22m[2maccount creation[2m > [22m[2mshould save user data to localStorage on signup
[22m[39mWarning: An update to Signup inside a test was not wrapped in act(...).

When testing, code that causes React state updates should be wrapped into act(...):

act(() => {
  /* fire events that update state */
});
/* assert on the output */

This ensures that you're testing the behavior the user would see in the browser. Learn more at https://reactjs.org/link/wrap-tests-with-act
    at Signup (C:/Users/Admin/graceful_books/src/pages/auth/Signup.tsx:8:61)
    at Router (C:\Users\Admin\graceful_books\node_modules\react-router\dist\umd\react-router.development.js:1207:17)
    at BrowserRouter (C:\Users\Admin\graceful_books\node_modules\react-router-dom\dist\umd\react-router-dom.development.js:695:7)

[90mstderr[2m | src/components/customers/CustomerForm.test.tsx[2m > [22m[2mCustomerForm Component[2m > [22m[2mform submission[2m > [22m[2mshould submit with address data
[22m[39mWarning: An update to CustomerForm inside a test was not wrapped in act(...).

When testing, code that causes React state updates should be wrapped into act(...):

act(() => {
  /* fire events that update state */
});
/* assert on the output */

This ensures that you're testing the behavior the user would see in the browser. Learn more at https://reactjs.org/link/wrap-tests-with-act
    at CustomerForm (C:/Users/Admin/graceful_books/src/components/customers/CustomerForm.tsx:57:3)
Warning: An update to CustomerForm inside a test was not wrapped in act(...).

When testing, code that causes React state updates should be wrapped into act(...):

act(() => {
  /* fire events that update state */
});
/* assert on the output */

This ensures that you're testing the behavior the user would see in the browser. Learn more at https://reactjs.org/link/wrap-tests-with-act
    at CustomerForm (C:/Users/Admin/graceful_books/src/components/customers/CustomerForm.tsx:57:3)
Warning: An update to CustomerForm inside a test was not wrapped in act(...).

When testing, code that causes React state updates should be wrapped into act(...):

act(() => {
  /* fire events that update state */
});
/* assert on the output */

This ensures that you're testing the behavior the user would see in the browser. Learn more at https://reactjs.org/link/wrap-tests-with-act
    at CustomerForm (C:/Users/Admin/graceful_books/src/components/customers/CustomerForm.tsx:57:3)

[90mstderr[2m | src/components/customers/CustomerForm.test.tsx[2m > [22m[2mCustomerForm Component[2m > [22m[2mform submission[2m > [22m[2mshould submit with address data
[22m[39mWarning: An update to CustomerForm inside a test was not wrapped in act(...).

When testing, code that causes React state updates should be wrapped into act(...):

act(() => {
  /* fire events that update state */
});
/* assert on the output */

This ensures that you're testing the behavior the user would see in the browser. Learn more at https://reactjs.org/link/wrap-tests-with-act
    at CustomerForm (C:/Users/Admin/graceful_books/src/components/customers/CustomerForm.tsx:57:3)
Warning: An update to CustomerForm inside a test was not wrapped in act(...).

When testing, code that causes React state updates should be wrapped into act(...):

act(() => {
  /* fire events that update state */
});
/* assert on the output */

This ensures that you're testing the behavior the user would see in the browser. Learn more at https://reactjs.org/link/wrap-tests-with-act
    at CustomerForm (C:/Users/Admin/graceful_books/src/components/customers/CustomerForm.tsx:57:3)
Warning: An update to CustomerForm inside a test was not wrapped in act(...).

When testing, code that causes React state updates should be wrapped into act(...):

act(() => {
  /* fire events that update state */
});
/* assert on the output */

This ensures that you're testing the behavior the user would see in the browser. Learn more at https://reactjs.org/link/wrap-tests-with-act
    at CustomerForm (C:/Users/Admin/graceful_books/src/components/customers/CustomerForm.tsx:57:3)

[90mstderr[2m | src/pages/auth/Signup.test.tsx[2m > [22m[2mSignup Page with Charity Selection[2m > [22m[2maccount creation[2m > [22m[2mshould save user data to localStorage on signup
[22m[39mWarning: An update to Signup inside a test was not wrapped in act(...).

When testing, code that causes React state updates should be wrapped into act(...):

act(() => {
  /* fire events that update state */
});
/* assert on the output */

This ensures that you're testing the behavior the user would see in the browser. Learn more at https://reactjs.org/link/wrap-tests-with-act
    at Signup (C:/Users/Admin/graceful_books/src/pages/auth/Signup.tsx:8:61)
    at Router (C:\Users\Admin\graceful_books\node_modules\react-router\dist\umd\react-router.development.js:1207:17)
    at BrowserRouter (C:\Users\Admin\graceful_books\node_modules\react-router-dom\dist\umd\react-router-dom.development.js:695:7)

[90mstderr[2m | src/pages/auth/Signup.test.tsx[2m > [22m[2mSignup Page with Charity Selection[2m > [22m[2maccount creation[2m > [22m[2mshould save user data to localStorage on signup
[22m[39mWarning: An update to Signup inside a test was not wrapped in act(...).

When testing, code that causes React state updates should be wrapped into act(...):

act(() => {
  /* fire events that update state */
});
/* assert on the output */

This ensures that you're testing the behavior the user would see in the browser. Learn more at https://reactjs.org/link/wrap-tests-with-act
    at Signup (C:/Users/Admin/graceful_books/src/pages/auth/Signup.tsx:8:61)
    at Router (C:\Users\Admin\graceful_books\node_modules\react-router\dist\umd\react-router.development.js:1207:17)
    at BrowserRouter (C:\Users\Admin\graceful_books\node_modules\react-router-dom\dist\umd\react-router-dom.development.js:695:7)

[90mstderr[2m | src/pages/auth/Signup.test.tsx[2m > [22m[2mSignup Page with Charity Selection[2m > [22m[2maccount creation[2m > [22m[2mshould save user data to localStorage on signup
[22m[39mWarning: An update to Signup inside a test was not wrapped in act(...).

When testing, code that causes React state updates should be wrapped into act(...):

act(() => {
  /* fire events that update state */
});
/* assert on the output */

This ensures that you're testing the behavior the user would see in the browser. Learn more at https://reactjs.org/link/wrap-tests-with-act
    at Signup (C:/Users/Admin/graceful_books/src/pages/auth/Signup.tsx:8:61)
    at Router (C:\Users\Admin\graceful_books\node_modules\react-router\dist\umd\react-router.development.js:1207:17)
    at BrowserRouter (C:\Users\Admin\graceful_books\node_modules\react-router-dom\dist\umd\react-router-dom.development.js:695:7)

[90mstderr[2m | src/components/customers/CustomerForm.test.tsx[2m > [22m[2mCustomerForm Component[2m > [22m[2mform submission[2m > [22m[2mshould submit with address data
[22m[39mWarning: An update to CustomerForm inside a test was not wrapped in act(...).

When testing, code that causes React state updates should be wrapped into act(...):

act(() => {
  /* fire events that update state */
});
/* assert on the output */

This ensures that you're testing the behavior the user would see in the browser. Learn more at https://reactjs.org/link/wrap-tests-with-act
    at CustomerForm (C:/Users/Admin/graceful_books/src/components/customers/CustomerForm.tsx:57:3)
Warning: An update to CustomerForm inside a test was not wrapped in act(...).

When testing, code that causes React state updates should be wrapped into act(...):

act(() => {
  /* fire events that update state */
});
/* assert on the output */

This ensures that you're testing the behavior the user would see in the browser. Learn more at https://reactjs.org/link/wrap-tests-with-act
    at CustomerForm (C:/Users/Admin/graceful_books/src/components/customers/CustomerForm.tsx:57:3)
Warning: An update to CustomerForm inside a test was not wrapped in act(...).

When testing, code that causes React state updates should be wrapped into act(...):

act(() => {
  /* fire events that update state */
});
/* assert on the output */

This ensures that you're testing the behavior the user would see in the browser. Learn more at https://reactjs.org/link/wrap-tests-with-act
    at CustomerForm (C:/Users/Admin/graceful_books/src/components/customers/CustomerForm.tsx:57:3)

[90mstderr[2m | src/pages/auth/Signup.test.tsx[2m > [22m[2mSignup Page with Charity Selection[2m > [22m[2maccount creation[2m > [22m[2mshould save user data to localStorage on signup
[22m[39mWarning: An update to Signup inside a test was not wrapped in act(...).

When testing, code that causes React state updates should be wrapped into act(...):

act(() => {
  /* fire events that update state */
});
/* assert on the output */

This ensures that you're testing the behavior the user would see in the browser. Learn more at https://reactjs.org/link/wrap-tests-with-act
    at Signup (C:/Users/Admin/graceful_books/src/pages/auth/Signup.tsx:8:61)
    at Router (C:\Users\Admin\graceful_books\node_modules\react-router\dist\umd\react-router.development.js:1207:17)
    at BrowserRouter (C:\Users\Admin\graceful_books\node_modules\react-router-dom\dist\umd\react-router-dom.development.js:695:7)

[90mstderr[2m | src/pages/auth/Signup.test.tsx[2m > [22m[2mSignup Page with Charity Selection[2m > [22m[2maccount creation[2m > [22m[2mshould save user data to localStorage on signup
[22m[39mWarning: An update to Signup inside a test was not wrapped in act(...).

When testing, code that causes React state updates should be wrapped into act(...):

act(() => {
  /* fire events that update state */
});
/* assert on the output */

This ensures that you're testing the behavior the user would see in the browser. Learn more at https://reactjs.org/link/wrap-tests-with-act
    at Signup (C:/Users/Admin/graceful_books/src/pages/auth/Signup.tsx:8:61)
    at Router (C:\Users\Admin\graceful_books\node_modules\react-router\dist\umd\react-router.development.js:1207:17)
    at BrowserRouter (C:\Users\Admin\graceful_books\node_modules\react-router-dom\dist\umd\react-router-dom.development.js:695:7)

[90mstderr[2m | src/pages/auth/Signup.test.tsx[2m > [22m[2mSignup Page with Charity Selection[2m > [22m[2maccount creation[2m > [22m[2mshould save user data to localStorage on signup
[22m[39mWarning: An update to Signup inside a test was not wrapped in act(...).

When testing, code that causes React state updates should be wrapped into act(...):

act(() => {
  /* fire events that update state */
});
/* assert on the output */

This ensures that you're testing the behavior the user would see in the browser. Learn more at https://reactjs.org/link/wrap-tests-with-act
    at Signup (C:/Users/Admin/graceful_books/src/pages/auth/Signup.tsx:8:61)
    at Router (C:\Users\Admin\graceful_books\node_modules\react-router\dist\umd\react-router.development.js:1207:17)
    at BrowserRouter (C:\Users\Admin\graceful_books\node_modules\react-router-dom\dist\umd\react-router-dom.development.js:695:7)

[90mstderr[2m | src/pages/auth/Signup.test.tsx[2m > [22m[2mSignup Page with Charity Selection[2m > [22m[2maccount creation[2m > [22m[2mshould save user data to localStorage on signup
[22m[39mWarning: An update to Signup inside a test was not wrapped in act(...).

When testing, code that causes React state updates should be wrapped into act(...):

act(() => {
  /* fire events that update state */
});
/* assert on the output */

This ensures that you're testing the behavior the user would see in the browser. Learn more at https://reactjs.org/link/wrap-tests-with-act
    at Signup (C:/Users/Admin/graceful_books/src/pages/auth/Signup.tsx:8:61)
    at Router (C:\Users\Admin\graceful_books\node_modules\react-router\dist\umd\react-router.development.js:1207:17)
    at BrowserRouter (C:\Users\Admin\graceful_books\node_modules\react-router-dom\dist\umd\react-router-dom.development.js:695:7)

[90mstderr[2m | src/pages/auth/Signup.test.tsx[2m > [22m[2mSignup Page with Charity Selection[2m > [22m[2maccount creation[2m > [22m[2mshould save user data to localStorage on signup
[22m[39mWarning: An update to Signup inside a test was not wrapped in act(...).

When testing, code that causes React state updates should be wrapped into act(...):

act(() => {
  /* fire events that update state */
});
/* assert on the output */

This ensures that you're testing the behavior the user would see in the browser. Learn more at https://reactjs.org/link/wrap-tests-with-act
    at Signup (C:/Users/Admin/graceful_books/src/pages/auth/Signup.tsx:8:61)
    at Router (C:\Users\Admin\graceful_books\node_modules\react-router\dist\umd\react-router.development.js:1207:17)
    at BrowserRouter (C:\Users\Admin\graceful_books\node_modules\react-router-dom\dist\umd\react-router-dom.development.js:695:7)

[90mstderr[2m | src/pages/auth/Signup.test.tsx[2m > [22m[2mSignup Page with Charity Selection[2m > [22m[2maccount creation[2m > [22m[2mshould save user data to localStorage on signup
[22m[39mWarning: An update to Signup inside a test was not wrapped in act(...).

When testing, code that causes React state updates should be wrapped into act(...):

act(() => {
  /* fire events that update state */
});
/* assert on the output */

This ensures that you're testing the behavior the user would see in the browser. Learn more at https://reactjs.org/link/wrap-tests-with-act
    at Signup (C:/Users/Admin/graceful_books/src/pages/auth/Signup.tsx:8:61)
    at Router (C:\Users\Admin\graceful_books\node_modules\react-router\dist\umd\react-router.development.js:1207:17)
    at BrowserRouter (C:\Users\Admin\graceful_books\node_modules\react-router-dom\dist\umd\react-router-dom.development.js:695:7)

[90mstderr[2m | src/pages/auth/Signup.test.tsx[2m > [22m[2mSignup Page with Charity Selection[2m > [22m[2maccount creation[2m > [22m[2mshould save user data to localStorage on signup
[22m[39mWarning: An update to Signup inside a test was not wrapped in act(...).

When testing, code that causes React state updates should be wrapped into act(...):

act(() => {
  /* fire events that update state */
});
/* assert on the output */

This ensures that you're testing the behavior the user would see in the browser. Learn more at https://reactjs.org/link/wrap-tests-with-act
    at Signup (C:/Users/Admin/graceful_books/src/pages/auth/Signup.tsx:8:61)
    at Router (C:\Users\Admin\graceful_books\node_modules\react-router\dist\umd\react-router.development.js:1207:17)
    at BrowserRouter (C:\Users\Admin\graceful_books\node_modules\react-router-dom\dist\umd\react-router-dom.development.js:695:7)

[90mstderr[2m | src/pages/auth/Signup.test.tsx[2m > [22m[2mSignup Page with Charity Selection[2m > [22m[2maccount creation[2m > [22m[2mshould save user data to localStorage on signup
[22m[39mWarning: An update to Signup inside a test was not wrapped in act(...).

When testing, code that causes React state updates should be wrapped into act(...):

act(() => {
  /* fire events that update state */
});
/* assert on the output */

This ensures that you're testing the behavior the user would see in the browser. Learn more at https://reactjs.org/link/wrap-tests-with-act
    at Signup (C:/Users/Admin/graceful_books/src/pages/auth/Signup.tsx:8:61)
    at Router (C:\Users\Admin\graceful_books\node_modules\react-router\dist\umd\react-router.development.js:1207:17)
    at BrowserRouter (C:\Users\Admin\graceful_books\node_modules\react-router-dom\dist\umd\react-router-dom.development.js:695:7)

[90mstderr[2m | src/pages/auth/Signup.test.tsx[2m > [22m[2mSignup Page with Charity Selection[2m > [22m[2maccount creation[2m > [22m[2mshould save user data to localStorage on signup
[22m[39mWarning: An update to Signup inside a test was not wrapped in act(...).

When testing, code that causes React state updates should be wrapped into act(...):

act(() => {
  /* fire events that update state */
});
/* assert on the output */

This ensures that you're testing the behavior the user would see in the browser. Learn more at https://reactjs.org/link/wrap-tests-with-act
    at Signup (C:/Users/Admin/graceful_books/src/pages/auth/Signup.tsx:8:61)
    at Router (C:\Users\Admin\graceful_books\node_modules\react-router\dist\umd\react-router.development.js:1207:17)
    at BrowserRouter (C:\Users\Admin\graceful_books\node_modules\react-router-dom\dist\umd\react-router-dom.development.js:695:7)

[90mstderr[2m | src/pages/auth/Signup.test.tsx[2m > [22m[2mSignup Page with Charity Selection[2m > [22m[2maccount creation[2m > [22m[2mshould save user data to localStorage on signup
[22m[39mWarning: An update to CharitySelector inside a test was not wrapped in act(...).

When testing, code that causes React state updates should be wrapped into act(...):

act(() => {
  /* fire events that update state */
});
/* assert on the output */

This ensures that you're testing the behavior the user would see in the browser. Learn more at https://reactjs.org/link/wrap-tests-with-act
    at CharitySelector (C:/Users/Admin/graceful_books/src/components/charity/CharitySelector.tsx:9:3)
    at div
    at div
    at Signup (C:/Users/Admin/graceful_books/src/pages/auth/Signup.tsx:8:61)
    at Router (C:\Users\Admin\graceful_books\node_modules\react-router\dist\umd\react-router.development.js:1207:17)
    at BrowserRouter (C:\Users\Admin\graceful_books\node_modules\react-router-dom\dist\umd\react-router-dom.development.js:695:7)
Warning: An update to CharitySelector inside a test was not wrapped in act(...).

When testing, code that causes React state updates should be wrapped into act(...):

act(() => {
  /* fire events that update state */
});
/* assert on the output */

This ensures that you're testing the behavior the user would see in the browser. Learn more at https://reactjs.org/link/wrap-tests-with-act
    at CharitySelector (C:/Users/Admin/graceful_books/src/components/charity/CharitySelector.tsx:9:3)
    at div
    at div
    at Signup (C:/Users/Admin/graceful_books/src/pages/auth/Signup.tsx:8:61)
    at Router (C:\Users\Admin\graceful_books\node_modules\react-router\dist\umd\react-router.development.js:1207:17)
    at BrowserRouter (C:\Users\Admin\graceful_books\node_modules\react-router-dom\dist\umd\react-router-dom.development.js:695:7)

[90mstderr[2m | src/pages/auth/Signup.test.tsx[2m > [22m[2mSignup Page with Charity Selection[2m > [22m[2maccount creation[2m > [22m[2mshould save user data to localStorage on signup
[22m[39mWarning: An update to Signup inside a test was not wrapped in act(...).

When testing, code that causes React state updates should be wrapped into act(...):

act(() => {
  /* fire events that update state */
});
/* assert on the output */

This ensures that you're testing the behavior the user would see in the browser. Learn more at https://reactjs.org/link/wrap-tests-with-act
    at Signup (C:/Users/Admin/graceful_books/src/pages/auth/Signup.tsx:8:61)
    at Router (C:\Users\Admin\graceful_books\node_modules\react-router\dist\umd\react-router.development.js:1207:17)
    at BrowserRouter (C:\Users\Admin\graceful_books\node_modules\react-router-dom\dist\umd\react-router-dom.development.js:695:7)

[90mstderr[2m | src/pages/auth/Signup.test.tsx[2m > [22m[2mSignup Page with Charity Selection[2m > [22m[2maccount creation[2m > [22m[2mshould navigate to onboarding after signup
[22m[39mWarning: An update to Signup inside a test was not wrapped in act(...).

When testing, code that causes React state updates should be wrapped into act(...):

act(() => {
  /* fire events that update state */
});
/* assert on the output */

This ensures that you're testing the behavior the user would see in the browser. Learn more at https://reactjs.org/link/wrap-tests-with-act
    at Signup (C:/Users/Admin/graceful_books/src/pages/auth/Signup.tsx:8:61)
    at Router (C:\Users\Admin\graceful_books\node_modules\react-router\dist\umd\react-router.development.js:1207:17)
    at BrowserRouter (C:\Users\Admin\graceful_books\node_modules\react-router-dom\dist\umd\react-router-dom.development.js:695:7)

[90mstderr[2m | src/pages/auth/Signup.test.tsx[2m > [22m[2mSignup Page with Charity Selection[2m > [22m[2maccount creation[2m > [22m[2mshould navigate to onboarding after signup
[22m[39mWarning: An update to Signup inside a test was not wrapped in act(...).

When testing, code that causes React state updates should be wrapped into act(...):

act(() => {
  /* fire events that update state */
});
/* assert on the output */

This ensures that you're testing the behavior the user would see in the browser. Learn more at https://reactjs.org/link/wrap-tests-with-act
    at Signup (C:/Users/Admin/graceful_books/src/pages/auth/Signup.tsx:8:61)
    at Router (C:\Users\Admin\graceful_books\node_modules\react-router\dist\umd\react-router.development.js:1207:17)
    at BrowserRouter (C:\Users\Admin\graceful_books\node_modules\react-router-dom\dist\umd\react-router-dom.development.js:695:7)

[90mstderr[2m | src/pages/auth/Signup.test.tsx[2m > [22m[2mSignup Page with Charity Selection[2m > [22m[2maccount creation[2m > [22m[2mshould navigate to onboarding after signup
[22m[39mWarning: An update to Signup inside a test was not wrapped in act(...).

When testing, code that causes React state updates should be wrapped into act(...):

act(() => {
  /* fire events that update state */
});
/* assert on the output */

This ensures that you're testing the behavior the user would see in the browser. Learn more at https://reactjs.org/link/wrap-tests-with-act
    at Signup (C:/Users/Admin/graceful_books/src/pages/auth/Signup.tsx:8:61)
    at Router (C:\Users\Admin\graceful_books\node_modules\react-router\dist\umd\react-router.development.js:1207:17)
    at BrowserRouter (C:\Users\Admin\graceful_books\node_modules\react-router-dom\dist\umd\react-router-dom.development.js:695:7)

[90mstderr[2m | src/pages/auth/Signup.test.tsx[2m > [22m[2mSignup Page with Charity Selection[2m > [22m[2maccount creation[2m > [22m[2mshould navigate to onboarding after signup
[22m[39mWarning: An update to Signup inside a test was not wrapped in act(...).

When testing, code that causes React state updates should be wrapped into act(...):

act(() => {
  /* fire events that update state */
});
/* assert on the output */

This ensures that you're testing the behavior the user would see in the browser. Learn more at https://reactjs.org/link/wrap-tests-with-act
    at Signup (C:/Users/Admin/graceful_books/src/pages/auth/Signup.tsx:8:61)
    at Router (C:\Users\Admin\graceful_books\node_modules\react-router\dist\umd\react-router.development.js:1207:17)
    at BrowserRouter (C:\Users\Admin\graceful_books\node_modules\react-router-dom\dist\umd\react-router-dom.development.js:695:7)

[90mstderr[2m | src/pages/auth/Signup.test.tsx[2m > [22m[2mSignup Page with Charity Selection[2m > [22m[2maccount creation[2m > [22m[2mshould navigate to onboarding after signup
[22m[39mWarning: An update to Signup inside a test was not wrapped in act(...).

When testing, code that causes React state updates should be wrapped into act(...):

act(() => {
  /* fire events that update state */
});
/* assert on the output */

This ensures that you're testing the behavior the user would see in the browser. Learn more at https://reactjs.org/link/wrap-tests-with-act
    at Signup (C:/Users/Admin/graceful_books/src/pages/auth/Signup.tsx:8:61)
    at Router (C:\Users\Admin\graceful_books\node_modules\react-router\dist\umd\react-router.development.js:1207:17)
    at BrowserRouter (C:\Users\Admin\graceful_books\node_modules\react-router-dom\dist\umd\react-router-dom.development.js:695:7)

[90mstderr[2m | src/pages/auth/Signup.test.tsx[2m > [22m[2mSignup Page with Charity Selection[2m > [22m[2maccount creation[2m > [22m[2mshould navigate to onboarding after signup
[22m[39mWarning: An update to Signup inside a test was not wrapped in act(...).

When testing, code that causes React state updates should be wrapped into act(...):

act(() => {
  /* fire events that update state */
});
/* assert on the output */

This ensures that you're testing the behavior the user would see in the browser. Learn more at https://reactjs.org/link/wrap-tests-with-act
    at Signup (C:/Users/Admin/graceful_books/src/pages/auth/Signup.tsx:8:61)
    at Router (C:\Users\Admin\graceful_books\node_modules\react-router\dist\umd\react-router.development.js:1207:17)
    at BrowserRouter (C:\Users\Admin\graceful_books\node_modules\react-router-dom\dist\umd\react-router-dom.development.js:695:7)

[90mstderr[2m | src/pages/auth/Signup.test.tsx[2m > [22m[2mSignup Page with Charity Selection[2m > [22m[2maccount creation[2m > [22m[2mshould navigate to onboarding after signup
[22m[39mWarning: An update to Signup inside a test was not wrapped in act(...).

When testing, code that causes React state updates should be wrapped into act(...):

act(() => {
  /* fire events that update state */
});
/* assert on the output */

This ensures that you're testing the behavior the user would see in the browser. Learn more at https://reactjs.org/link/wrap-tests-with-act
    at Signup (C:/Users/Admin/graceful_books/src/pages/auth/Signup.tsx:8:61)
    at Router (C:\Users\Admin\graceful_books\node_modules\react-router\dist\umd\react-router.development.js:1207:17)
    at BrowserRouter (C:\Users\Admin\graceful_books\node_modules\react-router-dom\dist\umd\react-router-dom.development.js:695:7)

[90mstderr[2m | src/pages/auth/Signup.test.tsx[2m > [22m[2mSignup Page with Charity Selection[2m > [22m[2maccount creation[2m > [22m[2mshould navigate to onboarding after signup
[22m[39mWarning: An update to Signup inside a test was not wrapped in act(...).

When testing, code that causes React state updates should be wrapped into act(...):

act(() => {
  /* fire events that update state */
});
/* assert on the output */

This ensures that you're testing the behavior the user would see in the browser. Learn more at https://reactjs.org/link/wrap-tests-with-act
    at Signup (C:/Users/Admin/graceful_books/src/pages/auth/Signup.tsx:8:61)
    at Router (C:\Users\Admin\graceful_books\node_modules\react-router\dist\umd\react-router.development.js:1207:17)
    at BrowserRouter (C:\Users\Admin\graceful_books\node_modules\react-router-dom\dist\umd\react-router-dom.development.js:695:7)

[90mstderr[2m | src/pages/auth/Signup.test.tsx[2m > [22m[2mSignup Page with Charity Selection[2m > [22m[2maccount creation[2m > [22m[2mshould navigate to onboarding after signup
[22m[39mWarning: An update to Signup inside a test was not wrapped in act(...).

When testing, code that causes React state updates should be wrapped into act(...):

act(() => {
  /* fire events that update state */
});
/* assert on the output */

This ensures that you're testing the behavior the user would see in the browser. Learn more at https://reactjs.org/link/wrap-tests-with-act
    at Signup (C:/Users/Admin/graceful_books/src/pages/auth/Signup.tsx:8:61)
    at Router (C:\Users\Admin\graceful_books\node_modules\react-router\dist\umd\react-router.development.js:1207:17)
    at BrowserRouter (C:\Users\Admin\graceful_books\node_modules\react-router-dom\dist\umd\react-router-dom.development.js:695:7)

[90mstderr[2m | src/pages/auth/Signup.test.tsx[2m > [22m[2mSignup Page with Charity Selection[2m > [22m[2maccount creation[2m > [22m[2mshould navigate to onboarding after signup
[22m[39mWarning: An update to Signup inside a test was not wrapped in act(...).

When testing, code that causes React state updates should be wrapped into act(...):

act(() => {
  /* fire events that update state */
});
/* assert on the output */

This ensures that you're testing the behavior the user would see in the browser. Learn more at https://reactjs.org/link/wrap-tests-with-act
    at Signup (C:/Users/Admin/graceful_books/src/pages/auth/Signup.tsx:8:61)
    at Router (C:\Users\Admin\graceful_books\node_modules\react-router\dist\umd\react-router.development.js:1207:17)
    at BrowserRouter (C:\Users\Admin\graceful_books\node_modules\react-router-dom\dist\umd\react-router-dom.development.js:695:7)

[90mstderr[2m | src/pages/auth/Signup.test.tsx[2m > [22m[2mSignup Page with Charity Selection[2m > [22m[2maccount creation[2m > [22m[2mshould navigate to onboarding after signup
[22m[39mWarning: An update to Signup inside a test was not wrapped in act(...).

When testing, code that causes React state updates should be wrapped into act(...):

act(() => {
  /* fire events that update state */
});
/* assert on the output */

This ensures that you're testing the behavior the user would see in the browser. Learn more at https://reactjs.org/link/wrap-tests-with-act
    at Signup (C:/Users/Admin/graceful_books/src/pages/auth/Signup.tsx:8:61)
    at Router (C:\Users\Admin\graceful_books\node_modules\react-router\dist\umd\react-router.development.js:1207:17)
    at BrowserRouter (C:\Users\Admin\graceful_books\node_modules\react-router-dom\dist\umd\react-router-dom.development.js:695:7)

[90mstderr[2m | src/pages/auth/Signup.test.tsx[2m > [22m[2mSignup Page with Charity Selection[2m > [22m[2maccount creation[2m > [22m[2mshould navigate to onboarding after signup
[22m[39mWarning: An update to Signup inside a test was not wrapped in act(...).

When testing, code that causes React state updates should be wrapped into act(...):

act(() => {
  /* fire events that update state */
});
/* assert on the output */

This ensures that you're testing the behavior the user would see in the browser. Learn more at https://reactjs.org/link/wrap-tests-with-act
    at Signup (C:/Users/Admin/graceful_books/src/pages/auth/Signup.tsx:8:61)
    at Router (C:\Users\Admin\graceful_books\node_modules\react-router\dist\umd\react-router.development.js:1207:17)
    at BrowserRouter (C:\Users\Admin\graceful_books\node_modules\react-router-dom\dist\umd\react-router-dom.development.js:695:7)

[90mstderr[2m | src/pages/auth/Signup.test.tsx[2m > [22m[2mSignup Page with Charity Selection[2m > [22m[2maccount creation[2m > [22m[2mshould navigate to onboarding after signup
[22m[39mWarning: An update to Signup inside a test was not wrapped in act(...).

When testing, code that causes React state updates should be wrapped into act(...):

act(() => {
  /* fire events that update state */
});
/* assert on the output */

This ensures that you're testing the behavior the user would see in the browser. Learn more at https://reactjs.org/link/wrap-tests-with-act
    at Signup (C:/Users/Admin/graceful_books/src/pages/auth/Signup.tsx:8:61)
    at Router (C:\Users\Admin\graceful_books\node_modules\react-router\dist\umd\react-router.development.js:1207:17)
    at BrowserRouter (C:\Users\Admin\graceful_books\node_modules\react-router-dom\dist\umd\react-router-dom.development.js:695:7)

[90mstderr[2m | src/pages/auth/Signup.test.tsx[2m > [22m[2mSignup Page with Charity Selection[2m > [22m[2maccount creation[2m > [22m[2mshould navigate to onboarding after signup
[22m[39mWarning: An update to Signup inside a test was not wrapped in act(...).

When testing, code that causes React state updates should be wrapped into act(...):

act(() => {
  /* fire events that update state */
});
/* assert on the output */

This ensures that you're testing the behavior the user would see in the browser. Learn more at https://reactjs.org/link/wrap-tests-with-act
    at Signup (C:/Users/Admin/graceful_books/src/pages/auth/Signup.tsx:8:61)
    at Router (C:\Users\Admin\graceful_books\node_modules\react-router\dist\umd\react-router.development.js:1207:17)
    at BrowserRouter (C:\Users\Admin\graceful_books\node_modules\react-router-dom\dist\umd\react-router-dom.development.js:695:7)

[90mstderr[2m | src/pages/auth/Signup.test.tsx[2m > [22m[2mSignup Page with Charity Selection[2m > [22m[2maccount creation[2m > [22m[2mshould navigate to onboarding after signup
[22m[39mWarning: An update to Signup inside a test was not wrapped in act(...).

When testing, code that causes React state updates should be wrapped into act(...):

act(() => {
  /* fire events that update state */
});
/* assert on the output */

This ensures that you're testing the behavior the user would see in the browser. Learn more at https://reactjs.org/link/wrap-tests-with-act
    at Signup (C:/Users/Admin/graceful_books/src/pages/auth/Signup.tsx:8:61)
    at Router (C:\Users\Admin\graceful_books\node_modules\react-router\dist\umd\react-router.development.js:1207:17)
    at BrowserRouter (C:\Users\Admin\graceful_books\node_modules\react-router-dom\dist\umd\react-router-dom.development.js:695:7)

[90mstderr[2m | src/pages/auth/Signup.test.tsx[2m > [22m[2mSignup Page with Charity Selection[2m > [22m[2maccount creation[2m > [22m[2mshould navigate to onboarding after signup
[22m[39mWarning: An update to Signup inside a test was not wrapped in act(...).

When testing, code that causes React state updates should be wrapped into act(...):

act(() => {
  /* fire events that update state */
});
/* assert on the output */

This ensures that you're testing the behavior the user would see in the browser. Learn more at https://reactjs.org/link/wrap-tests-with-act
    at Signup (C:/Users/Admin/graceful_books/src/pages/auth/Signup.tsx:8:61)
    at Router (C:\Users\Admin\graceful_books\node_modules\react-router\dist\umd\react-router.development.js:1207:17)
    at BrowserRouter (C:\Users\Admin\graceful_books\node_modules\react-router-dom\dist\umd\react-router-dom.development.js:695:7)

[90mstderr[2m | src/pages/auth/Signup.test.tsx[2m > [22m[2mSignup Page with Charity Selection[2m > [22m[2maccount creation[2m > [22m[2mshould navigate to onboarding after signup
[22m[39mWarning: An update to Signup inside a test was not wrapped in act(...).

When testing, code that causes React state updates should be wrapped into act(...):

act(() => {
  /* fire events that update state */
});
/* assert on the output */

This ensures that you're testing the behavior the user would see in the browser. Learn more at https://reactjs.org/link/wrap-tests-with-act
    at Signup (C:/Users/Admin/graceful_books/src/pages/auth/Signup.tsx:8:61)
    at Router (C:\Users\Admin\graceful_books\node_modules\react-router\dist\umd\react-router.development.js:1207:17)
    at BrowserRouter (C:\Users\Admin\graceful_books\node_modules\react-router-dom\dist\umd\react-router-dom.development.js:695:7)

[90mstderr[2m | src/pages/auth/Signup.test.tsx[2m > [22m[2mSignup Page with Charity Selection[2m > [22m[2maccount creation[2m > [22m[2mshould navigate to onboarding after signup
[22m[39mWarning: An update to Signup inside a test was not wrapped in act(...).

When testing, code that causes React state updates should be wrapped into act(...):

act(() => {
  /* fire events that update state */
});
/* assert on the output */

This ensures that you're testing the behavior the user would see in the browser. Learn more at https://reactjs.org/link/wrap-tests-with-act
    at Signup (C:/Users/Admin/graceful_books/src/pages/auth/Signup.tsx:8:61)
    at Router (C:\Users\Admin\graceful_books\node_modules\react-router\dist\umd\react-router.development.js:1207:17)
    at BrowserRouter (C:\Users\Admin\graceful_books\node_modules\react-router-dom\dist\umd\react-router-dom.development.js:695:7)

[90mstderr[2m | src/pages/auth/Signup.test.tsx[2m > [22m[2mSignup Page with Charity Selection[2m > [22m[2maccount creation[2m > [22m[2mshould navigate to onboarding after signup
[22m[39mWarning: An update to Signup inside a test was not wrapped in act(...).

When testing, code that causes React state updates should be wrapped into act(...):

act(() => {
  /* fire events that update state */
});
/* assert on the output */

This ensures that you're testing the behavior the user would see in the browser. Learn more at https://reactjs.org/link/wrap-tests-with-act
    at Signup (C:/Users/Admin/graceful_books/src/pages/auth/Signup.tsx:8:61)
    at Router (C:\Users\Admin\graceful_books\node_modules\react-router\dist\umd\react-router.development.js:1207:17)
    at BrowserRouter (C:\Users\Admin\graceful_books\node_modules\react-router-dom\dist\umd\react-router-dom.development.js:695:7)

[90mstderr[2m | src/pages/auth/Signup.test.tsx[2m > [22m[2mSignup Page with Charity Selection[2m > [22m[2maccount creation[2m > [22m[2mshould navigate to onboarding after signup
[22m[39mWarning: An update to Signup inside a test was not wrapped in act(...).

When testing, code that causes React state updates should be wrapped into act(...):

act(() => {
  /* fire events that update state */
});
/* assert on the output */

This ensures that you're testing the behavior the user would see in the browser. Learn more at https://reactjs.org/link/wrap-tests-with-act
    at Signup (C:/Users/Admin/graceful_books/src/pages/auth/Signup.tsx:8:61)
    at Router (C:\Users\Admin\graceful_books\node_modules\react-router\dist\umd\react-router.development.js:1207:17)
    at BrowserRouter (C:\Users\Admin\graceful_books\node_modules\react-router-dom\dist\umd\react-router-dom.development.js:695:7)

[90mstderr[2m | src/pages/auth/Signup.test.tsx[2m > [22m[2mSignup Page with Charity Selection[2m > [22m[2maccount creation[2m > [22m[2mshould navigate to onboarding after signup
[22m[39mWarning: An update to Signup inside a test was not wrapped in act(...).

When testing, code that causes React state updates should be wrapped into act(...):

act(() => {
  /* fire events that update state */
});
/* assert on the output */

This ensures that you're testing the behavior the user would see in the browser. Learn more at https://reactjs.org/link/wrap-tests-with-act
    at Signup (C:/Users/Admin/graceful_books/src/pages/auth/Signup.tsx:8:61)
    at Router (C:\Users\Admin\graceful_books\node_modules\react-router\dist\umd\react-router.development.js:1207:17)
    at BrowserRouter (C:\Users\Admin\graceful_books\node_modules\react-router-dom\dist\umd\react-router-dom.development.js:695:7)

[90mstderr[2m | src/pages/auth/Signup.test.tsx[2m > [22m[2mSignup Page with Charity Selection[2m > [22m[2maccount creation[2m > [22m[2mshould navigate to onboarding after signup
[22m[39mWarning: An update to Signup inside a test was not wrapped in act(...).

When testing, code that causes React state updates should be wrapped into act(...):

act(() => {
  /* fire events that update state */
});
/* assert on the output */

This ensures that you're testing the behavior the user would see in the browser. Learn more at https://reactjs.org/link/wrap-tests-with-act
    at Signup (C:/Users/Admin/graceful_books/src/pages/auth/Signup.tsx:8:61)
    at Router (C:\Users\Admin\graceful_books\node_modules\react-router\dist\umd\react-router.development.js:1207:17)
    at BrowserRouter (C:\Users\Admin\graceful_books\node_modules\react-router-dom\dist\umd\react-router-dom.development.js:695:7)

[90mstderr[2m | src/pages/auth/Signup.test.tsx[2m > [22m[2mSignup Page with Charity Selection[2m > [22m[2maccount creation[2m > [22m[2mshould navigate to onboarding after signup
[22m[39mWarning: An update to Signup inside a test was not wrapped in act(...).

When testing, code that causes React state updates should be wrapped into act(...):

act(() => {
  /* fire events that update state */
});
/* assert on the output */

This ensures that you're testing the behavior the user would see in the browser. Learn more at https://reactjs.org/link/wrap-tests-with-act
    at Signup (C:/Users/Admin/graceful_books/src/pages/auth/Signup.tsx:8:61)
    at Router (C:\Users\Admin\graceful_books\node_modules\react-router\dist\umd\react-router.development.js:1207:17)
    at BrowserRouter (C:\Users\Admin\graceful_books\node_modules\react-router-dom\dist\umd\react-router-dom.development.js:695:7)

[90mstderr[2m | src/pages/auth/Signup.test.tsx[2m > [22m[2mSignup Page with Charity Selection[2m > [22m[2maccount creation[2m > [22m[2mshould navigate to onboarding after signup
[22m[39mWarning: An update to Signup inside a test was not wrapped in act(...).

When testing, code that causes React state updates should be wrapped into act(...):

act(() => {
  /* fire events that update state */
});
/* assert on the output */

This ensures that you're testing the behavior the user would see in the browser. Learn more at https://reactjs.org/link/wrap-tests-with-act
    at Signup (C:/Users/Admin/graceful_books/src/pages/auth/Signup.tsx:8:61)
    at Router (C:\Users\Admin\graceful_books\node_modules\react-router\dist\umd\react-router.development.js:1207:17)
    at BrowserRouter (C:\Users\Admin\graceful_books\node_modules\react-router-dom\dist\umd\react-router-dom.development.js:695:7)

[90mstderr[2m | src/pages/auth/Signup.test.tsx[2m > [22m[2mSignup Page with Charity Selection[2m > [22m[2maccount creation[2m > [22m[2mshould navigate to onboarding after signup
[22m[39mWarning: An update to Signup inside a test was not wrapped in act(...).

When testing, code that causes React state updates should be wrapped into act(...):

act(() => {
  /* fire events that update state */
});
/* assert on the output */

This ensures that you're testing the behavior the user would see in the browser. Learn more at https://reactjs.org/link/wrap-tests-with-act
    at Signup (C:/Users/Admin/graceful_books/src/pages/auth/Signup.tsx:8:61)
    at Router (C:\Users\Admin\graceful_books\node_modules\react-router\dist\umd\react-router.development.js:1207:17)
    at BrowserRouter (C:\Users\Admin\graceful_books\node_modules\react-router-dom\dist\umd\react-router-dom.development.js:695:7)

[90mstderr[2m | src/pages/auth/Signup.test.tsx[2m > [22m[2mSignup Page with Charity Selection[2m > [22m[2maccount creation[2m > [22m[2mshould navigate to onboarding after signup
[22m[39mWarning: An update to Signup inside a test was not wrapped in act(...).

When testing, code that causes React state updates should be wrapped into act(...):

act(() => {
  /* fire events that update state */
});
/* assert on the output */

This ensures that you're testing the behavior the user would see in the browser. Learn more at https://reactjs.org/link/wrap-tests-with-act
    at Signup (C:/Users/Admin/graceful_books/src/pages/auth/Signup.tsx:8:61)
    at Router (C:\Users\Admin\graceful_books\node_modules\react-router\dist\umd\react-router.development.js:1207:17)
    at BrowserRouter (C:\Users\Admin\graceful_books\node_modules\react-router-dom\dist\umd\react-router-dom.development.js:695:7)

[90mstderr[2m | src/pages/auth/Signup.test.tsx[2m > [22m[2mSignup Page with Charity Selection[2m > [22m[2maccount creation[2m > [22m[2mshould navigate to onboarding after signup
[22m[39mWarning: An update to Signup inside a test was not wrapped in act(...).

When testing, code that causes React state updates should be wrapped into act(...):

act(() => {
  /* fire events that update state */
});
/* assert on the output */

This ensures that you're testing the behavior the user would see in the browser. Learn more at https://reactjs.org/link/wrap-tests-with-act
    at Signup (C:/Users/Admin/graceful_books/src/pages/auth/Signup.tsx:8:61)
    at Router (C:\Users\Admin\graceful_books\node_modules\react-router\dist\umd\react-router.development.js:1207:17)
    at BrowserRouter (C:\Users\Admin\graceful_books\node_modules\react-router-dom\dist\umd\react-router-dom.development.js:695:7)

[90mstderr[2m | src/pages/auth/Signup.test.tsx[2m > [22m[2mSignup Page with Charity Selection[2m > [22m[2maccount creation[2m > [22m[2mshould navigate to onboarding after signup
[22m[39mWarning: An update to Signup inside a test was not wrapped in act(...).

When testing, code that causes React state updates should be wrapped into act(...):

act(() => {
  /* fire events that update state */
});
/* assert on the output */

This ensures that you're testing the behavior the user would see in the browser. Learn more at https://reactjs.org/link/wrap-tests-with-act
    at Signup (C:/Users/Admin/graceful_books/src/pages/auth/Signup.tsx:8:61)
    at Router (C:\Users\Admin\graceful_books\node_modules\react-router\dist\umd\react-router.development.js:1207:17)
    at BrowserRouter (C:\Users\Admin\graceful_books\node_modules\react-router-dom\dist\umd\react-router-dom.development.js:695:7)

[90mstderr[2m | src/pages/auth/Signup.test.tsx[2m > [22m[2mSignup Page with Charity Selection[2m > [22m[2maccount creation[2m > [22m[2mshould navigate to onboarding after signup
[22m[39mWarning: An update to Signup inside a test was not wrapped in act(...).

When testing, code that causes React state updates should be wrapped into act(...):

act(() => {
  /* fire events that update state */
});
/* assert on the output */

This ensures that you're testing the behavior the user would see in the browser. Learn more at https://reactjs.org/link/wrap-tests-with-act
    at Signup (C:/Users/Admin/graceful_books/src/pages/auth/Signup.tsx:8:61)
    at Router (C:\Users\Admin\graceful_books\node_modules\react-router\dist\umd\react-router.development.js:1207:17)
    at BrowserRouter (C:\Users\Admin\graceful_books\node_modules\react-router-dom\dist\umd\react-router-dom.development.js:695:7)

[90mstderr[2m | src/pages/auth/Signup.test.tsx[2m > [22m[2mSignup Page with Charity Selection[2m > [22m[2maccount creation[2m > [22m[2mshould navigate to onboarding after signup
[22m[39mWarning: An update to Signup inside a test was not wrapped in act(...).

When testing, code that causes React state updates should be wrapped into act(...):

act(() => {
  /* fire events that update state */
});
/* assert on the output */

This ensures that you're testing the behavior the user would see in the browser. Learn more at https://reactjs.org/link/wrap-tests-with-act
    at Signup (C:/Users/Admin/graceful_books/src/pages/auth/Signup.tsx:8:61)
    at Router (C:\Users\Admin\graceful_books\node_modules\react-router\dist\umd\react-router.development.js:1207:17)
    at BrowserRouter (C:\Users\Admin\graceful_books\node_modules\react-router-dom\dist\umd\react-router-dom.development.js:695:7)

[90mstderr[2m | src/pages/auth/Signup.test.tsx[2m > [22m[2mSignup Page with Charity Selection[2m > [22m[2maccount creation[2m > [22m[2mshould navigate to onboarding after signup
[22m[39mWarning: An update to Signup inside a test was not wrapped in act(...).

When testing, code that causes React state updates should be wrapped into act(...):

act(() => {
  /* fire events that update state */
});
/* assert on the output */

This ensures that you're testing the behavior the user would see in the browser. Learn more at https://reactjs.org/link/wrap-tests-with-act
    at Signup (C:/Users/Admin/graceful_books/src/pages/auth/Signup.tsx:8:61)
    at Router (C:\Users\Admin\graceful_books\node_modules\react-router\dist\umd\react-router.development.js:1207:17)
    at BrowserRouter (C:\Users\Admin\graceful_books\node_modules\react-router-dom\dist\umd\react-router-dom.development.js:695:7)

[90mstderr[2m | src/pages/auth/Signup.test.tsx[2m > [22m[2mSignup Page with Charity Selection[2m > [22m[2maccount creation[2m > [22m[2mshould navigate to onboarding after signup
[22m[39mWarning: An update to Signup inside a test was not wrapped in act(...).

When testing, code that causes React state updates should be wrapped into act(...):

act(() => {
  /* fire events that update state */
});
/* assert on the output */

This ensures that you're testing the behavior the user would see in the browser. Learn more at https://reactjs.org/link/wrap-tests-with-act
    at Signup (C:/Users/Admin/graceful_books/src/pages/auth/Signup.tsx:8:61)
    at Router (C:\Users\Admin\graceful_books\node_modules\react-router\dist\umd\react-router.development.js:1207:17)
    at BrowserRouter (C:\Users\Admin\graceful_books\node_modules\react-router-dom\dist\umd\react-router-dom.development.js:695:7)

[90mstderr[2m | src/pages/auth/Signup.test.tsx[2m > [22m[2mSignup Page with Charity Selection[2m > [22m[2maccount creation[2m > [22m[2mshould navigate to onboarding after signup
[22m[39mWarning: An update to Signup inside a test was not wrapped in act(...).

When testing, code that causes React state updates should be wrapped into act(...):

act(() => {
  /* fire events that update state */
});
/* assert on the output */

This ensures that you're testing the behavior the user would see in the browser. Learn more at https://reactjs.org/link/wrap-tests-with-act
    at Signup (C:/Users/Admin/graceful_books/src/pages/auth/Signup.tsx:8:61)
    at Router (C:\Users\Admin\graceful_books\node_modules\react-router\dist\umd\react-router.development.js:1207:17)
    at BrowserRouter (C:\Users\Admin\graceful_books\node_modules\react-router-dom\dist\umd\react-router-dom.development.js:695:7)

 [32m✓[39m src/components/customers/CustomerForm.test.tsx [2m([22m[2m20 tests[22m[2m)[22m[33m 6094[2mms[22m[39m
       [33m[2m✓[22m[39m should render create mode by default [33m 357[2mms[22m[39m
       [33m[2m✓[22m[39m should validate email format [33m 472[2mms[22m[39m
       [33m[2m✓[22m[39m should accept valid email format [33m 518[2mms[22m[39m
       [33m[2m✓[22m[39m should validate phone format [33m 368[2mms[22m[39m
       [33m[2m✓[22m[39m should accept valid phone format [33m 580[2mms[22m[39m
       [33m[2m✓[22m[39m should submit valid form data [33m 904[2mms[22m[39m
       [33m[2m✓[22m[39m should submit with address data [33m 1000[2mms[22m[39m
       [33m[2m✓[22m[39m should have no accessibility violations in create mode [33m 357[2mms[22m[39m
       [33m[2m✓[22m[39m should have no accessibility violations in edit mode [33m 464[2mms[22m[39m
[90mstderr[2m | src/pages/auth/Signup.test.tsx[2m > [22m[2mSignup Page with Charity Selection[2m > [22m[2maccount creation[2m > [22m[2mshould navigate to onboarding after signup
[22m[39mWarning: An update to Signup inside a test was not wrapped in act(...).

When testing, code that causes React state updates should be wrapped into act(...):

act(() => {
  /* fire events that update state */
});
/* assert on the output */

This ensures that you're testing the behavior the user would see in the browser. Learn more at https://reactjs.org/link/wrap-tests-with-act
    at Signup (C:/Users/Admin/graceful_books/src/pages/auth/Signup.tsx:8:61)
    at Router (C:\Users\Admin\graceful_books\node_modules\react-router\dist\umd\react-router.development.js:1207:17)
    at BrowserRouter (C:\Users\Admin\graceful_books\node_modules\react-router-dom\dist\umd\react-router-dom.development.js:695:7)

[90mstderr[2m | src/pages/auth/Signup.test.tsx[2m > [22m[2mSignup Page with Charity Selection[2m > [22m[2maccount creation[2m > [22m[2mshould navigate to onboarding after signup
[22m[39mWarning: An update to Signup inside a test was not wrapped in act(...).

When testing, code that causes React state updates should be wrapped into act(...):

act(() => {
  /* fire events that update state */
});
/* assert on the output */

This ensures that you're testing the behavior the user would see in the browser. Learn more at https://reactjs.org/link/wrap-tests-with-act
    at Signup (C:/Users/Admin/graceful_books/src/pages/auth/Signup.tsx:8:61)
    at Router (C:\Users\Admin\graceful_books\node_modules\react-router\dist\umd\react-router.development.js:1207:17)
    at BrowserRouter (C:\Users\Admin\graceful_books\node_modules\react-router-dom\dist\umd\react-router-dom.development.js:695:7)

[90mstderr[2m | src/pages/auth/Signup.test.tsx[2m > [22m[2mSignup Page with Charity Selection[2m > [22m[2maccount creation[2m > [22m[2mshould navigate to onboarding after signup
[22m[39mWarning: An update to Signup inside a test was not wrapped in act(...).

When testing, code that causes React state updates should be wrapped into act(...):

act(() => {
  /* fire events that update state */
});
/* assert on the output */

This ensures that you're testing the behavior the user would see in the browser. Learn more at https://reactjs.org/link/wrap-tests-with-act
    at Signup (C:/Users/Admin/graceful_books/src/pages/auth/Signup.tsx:8:61)
    at Router (C:\Users\Admin\graceful_books\node_modules\react-router\dist\umd\react-router.development.js:1207:17)
    at BrowserRouter (C:\Users\Admin\graceful_books\node_modules\react-router-dom\dist\umd\react-router-dom.development.js:695:7)

[90mstderr[2m | src/pages/auth/Signup.test.tsx[2m > [22m[2mSignup Page with Charity Selection[2m > [22m[2maccount creation[2m > [22m[2mshould navigate to onboarding after signup
[22m[39mWarning: An update to Signup inside a test was not wrapped in act(...).

When testing, code that causes React state updates should be wrapped into act(...):

act(() => {
  /* fire events that update state */
});
/* assert on the output */

This ensures that you're testing the behavior the user would see in the browser. Learn more at https://reactjs.org/link/wrap-tests-with-act
    at Signup (C:/Users/Admin/graceful_books/src/pages/auth/Signup.tsx:8:61)
    at Router (C:\Users\Admin\graceful_books\node_modules\react-router\dist\umd\react-router.development.js:1207:17)
    at BrowserRouter (C:\Users\Admin\graceful_books\node_modules\react-router-dom\dist\umd\react-router-dom.development.js:695:7)

[90mstderr[2m | src/pages/auth/Signup.test.tsx[2m > [22m[2mSignup Page with Charity Selection[2m > [22m[2maccount creation[2m > [22m[2mshould navigate to onboarding after signup
[22m[39mWarning: An update to Signup inside a test was not wrapped in act(...).

When testing, code that causes React state updates should be wrapped into act(...):

act(() => {
  /* fire events that update state */
});
/* assert on the output */

This ensures that you're testing the behavior the user would see in the browser. Learn more at https://reactjs.org/link/wrap-tests-with-act
    at Signup (C:/Users/Admin/graceful_books/src/pages/auth/Signup.tsx:8:61)
    at Router (C:\Users\Admin\graceful_books\node_modules\react-router\dist\umd\react-router.development.js:1207:17)
    at BrowserRouter (C:\Users\Admin\graceful_books\node_modules\react-router-dom\dist\umd\react-router-dom.development.js:695:7)

[90mstderr[2m | src/pages/auth/Signup.test.tsx[2m > [22m[2mSignup Page with Charity Selection[2m > [22m[2maccount creation[2m > [22m[2mshould navigate to onboarding after signup
[22m[39mWarning: An update to Signup inside a test was not wrapped in act(...).

When testing, code that causes React state updates should be wrapped into act(...):

act(() => {
  /* fire events that update state */
});
/* assert on the output */

This ensures that you're testing the behavior the user would see in the browser. Learn more at https://reactjs.org/link/wrap-tests-with-act
    at Signup (C:/Users/Admin/graceful_books/src/pages/auth/Signup.tsx:8:61)
    at Router (C:\Users\Admin\graceful_books\node_modules\react-router\dist\umd\react-router.development.js:1207:17)
    at BrowserRouter (C:\Users\Admin\graceful_books\node_modules\react-router-dom\dist\umd\react-router-dom.development.js:695:7)

[90mstderr[2m | src/pages/auth/Signup.test.tsx[2m > [22m[2mSignup Page with Charity Selection[2m > [22m[2maccount creation[2m > [22m[2mshould navigate to onboarding after signup
[22m[39mWarning: An update to CharitySelector inside a test was not wrapped in act(...).

When testing, code that causes React state updates should be wrapped into act(...):

act(() => {
  /* fire events that update state */
});
/* assert on the output */

This ensures that you're testing the behavior the user would see in the browser. Learn more at https://reactjs.org/link/wrap-tests-with-act
    at CharitySelector (C:/Users/Admin/graceful_books/src/components/charity/CharitySelector.tsx:9:3)
    at div
    at div
    at Signup (C:/Users/Admin/graceful_books/src/pages/auth/Signup.tsx:8:61)
    at Router (C:\Users\Admin\graceful_books\node_modules\react-router\dist\umd\react-router.development.js:1207:17)
    at BrowserRouter (C:\Users\Admin\graceful_books\node_modules\react-router-dom\dist\umd\react-router-dom.development.js:695:7)
Warning: An update to CharitySelector inside a test was not wrapped in act(...).

When testing, code that causes React state updates should be wrapped into act(...):

act(() => {
  /* fire events that update state */
});
/* assert on the output */

This ensures that you're testing the behavior the user would see in the browser. Learn more at https://reactjs.org/link/wrap-tests-with-act
    at CharitySelector (C:/Users/Admin/graceful_books/src/components/charity/CharitySelector.tsx:9:3)
    at div
    at div
    at Signup (C:/Users/Admin/graceful_books/src/pages/auth/Signup.tsx:8:61)
    at Router (C:\Users\Admin\graceful_books\node_modules\react-router\dist\umd\react-router.development.js:1207:17)
    at BrowserRouter (C:\Users\Admin\graceful_books\node_modules\react-router-dom\dist\umd\react-router-dom.development.js:695:7)

[90mstderr[2m | src/pages/auth/Signup.test.tsx[2m > [22m[2mSignup Page with Charity Selection[2m > [22m[2maccount creation[2m > [22m[2mshould navigate to onboarding after signup
[22m[39mWarning: An update to Signup inside a test was not wrapped in act(...).

When testing, code that causes React state updates should be wrapped into act(...):

act(() => {
  /* fire events that update state */
});
/* assert on the output */

This ensures that you're testing the behavior the user would see in the browser. Learn more at https://reactjs.org/link/wrap-tests-with-act
    at Signup (C:/Users/Admin/graceful_books/src/pages/auth/Signup.tsx:8:61)
    at Router (C:\Users\Admin\graceful_books\node_modules\react-router\dist\umd\react-router.development.js:1207:17)
    at BrowserRouter (C:\Users\Admin\graceful_books\node_modules\react-router-dom\dist\umd\react-router-dom.development.js:695:7)

[90mstderr[2m | src/pages/auth/Signup.test.tsx[2m > [22m[2mSignup Page with Charity Selection[2m > [22m[2maccount creation[2m > [22m[2mshould show alert if trying to create account without selecting charity
[22m[39mWarning: An update to Signup inside a test was not wrapped in act(...).

When testing, code that causes React state updates should be wrapped into act(...):

act(() => {
  /* fire events that update state */
});
/* assert on the output */

This ensures that you're testing the behavior the user would see in the browser. Learn more at https://reactjs.org/link/wrap-tests-with-act
    at Signup (C:/Users/Admin/graceful_books/src/pages/auth/Signup.tsx:8:61)
    at Router (C:\Users\Admin\graceful_books\node_modules\react-router\dist\umd\react-router.development.js:1207:17)
    at BrowserRouter (C:\Users\Admin\graceful_books\node_modules\react-router-dom\dist\umd\react-router-dom.development.js:695:7)

[90mstderr[2m | src/pages/auth/Signup.test.tsx[2m > [22m[2mSignup Page with Charity Selection[2m > [22m[2maccount creation[2m > [22m[2mshould show alert if trying to create account without selecting charity
[22m[39mWarning: An update to Signup inside a test was not wrapped in act(...).

When testing, code that causes React state updates should be wrapped into act(...):

act(() => {
  /* fire events that update state */
});
/* assert on the output */

This ensures that you're testing the behavior the user would see in the browser. Learn more at https://reactjs.org/link/wrap-tests-with-act
    at Signup (C:/Users/Admin/graceful_books/src/pages/auth/Signup.tsx:8:61)
    at Router (C:\Users\Admin\graceful_books\node_modules\react-router\dist\umd\react-router.development.js:1207:17)
    at BrowserRouter (C:\Users\Admin\graceful_books\node_modules\react-router-dom\dist\umd\react-router-dom.development.js:695:7)

[90mstderr[2m | src/pages/auth/Signup.test.tsx[2m > [22m[2mSignup Page with Charity Selection[2m > [22m[2maccount creation[2m > [22m[2mshould show alert if trying to create account without selecting charity
[22m[39mWarning: An update to Signup inside a test was not wrapped in act(...).

When testing, code that causes React state updates should be wrapped into act(...):

act(() => {
  /* fire events that update state */
});
/* assert on the output */

This ensures that you're testing the behavior the user would see in the browser. Learn more at https://reactjs.org/link/wrap-tests-with-act
    at Signup (C:/Users/Admin/graceful_books/src/pages/auth/Signup.tsx:8:61)
    at Router (C:\Users\Admin\graceful_books\node_modules\react-router\dist\umd\react-router.development.js:1207:17)
    at BrowserRouter (C:\Users\Admin\graceful_books\node_modules\react-router-dom\dist\umd\react-router-dom.development.js:695:7)

[90mstderr[2m | src/pages/auth/Signup.test.tsx[2m > [22m[2mSignup Page with Charity Selection[2m > [22m[2maccount creation[2m > [22m[2mshould show alert if trying to create account without selecting charity
[22m[39mWarning: An update to Signup inside a test was not wrapped in act(...).

When testing, code that causes React state updates should be wrapped into act(...):

act(() => {
  /* fire events that update state */
});
/* assert on the output */

This ensures that you're testing the behavior the user would see in the browser. Learn more at https://reactjs.org/link/wrap-tests-with-act
    at Signup (C:/Users/Admin/graceful_books/src/pages/auth/Signup.tsx:8:61)
    at Router (C:\Users\Admin\graceful_books\node_modules\react-router\dist\umd\react-router.development.js:1207:17)
    at BrowserRouter (C:\Users\Admin\graceful_books\node_modules\react-router-dom\dist\umd\react-router-dom.development.js:695:7)

[90mstderr[2m | src/pages/auth/Signup.test.tsx[2m > [22m[2mSignup Page with Charity Selection[2m > [22m[2maccount creation[2m > [22m[2mshould show alert if trying to create account without selecting charity
[22m[39mWarning: An update to Signup inside a test was not wrapped in act(...).

When testing, code that causes React state updates should be wrapped into act(...):

act(() => {
  /* fire events that update state */
});
/* assert on the output */

This ensures that you're testing the behavior the user would see in the browser. Learn more at https://reactjs.org/link/wrap-tests-with-act
    at Signup (C:/Users/Admin/graceful_books/src/pages/auth/Signup.tsx:8:61)
    at Router (C:\Users\Admin\graceful_books\node_modules\react-router\dist\umd\react-router.development.js:1207:17)
    at BrowserRouter (C:\Users\Admin\graceful_books\node_modules\react-router-dom\dist\umd\react-router-dom.development.js:695:7)

[90mstderr[2m | src/pages/auth/Signup.test.tsx[2m > [22m[2mSignup Page with Charity Selection[2m > [22m[2maccount creation[2m > [22m[2mshould show alert if trying to create account without selecting charity
[22m[39mWarning: An update to Signup inside a test was not wrapped in act(...).

When testing, code that causes React state updates should be wrapped into act(...):

act(() => {
  /* fire events that update state */
});
/* assert on the output */

This ensures that you're testing the behavior the user would see in the browser. Learn more at https://reactjs.org/link/wrap-tests-with-act
    at Signup (C:/Users/Admin/graceful_books/src/pages/auth/Signup.tsx:8:61)
    at Router (C:\Users\Admin\graceful_books\node_modules\react-router\dist\umd\react-router.development.js:1207:17)
    at BrowserRouter (C:\Users\Admin\graceful_books\node_modules\react-router-dom\dist\umd\react-router-dom.development.js:695:7)

[90mstderr[2m | src/pages/auth/Signup.test.tsx[2m > [22m[2mSignup Page with Charity Selection[2m > [22m[2maccount creation[2m > [22m[2mshould show alert if trying to create account without selecting charity
[22m[39mWarning: An update to Signup inside a test was not wrapped in act(...).

When testing, code that causes React state updates should be wrapped into act(...):

act(() => {
  /* fire events that update state */
});
/* assert on the output */

This ensures that you're testing the behavior the user would see in the browser. Learn more at https://reactjs.org/link/wrap-tests-with-act
    at Signup (C:/Users/Admin/graceful_books/src/pages/auth/Signup.tsx:8:61)
    at Router (C:\Users\Admin\graceful_books\node_modules\react-router\dist\umd\react-router.development.js:1207:17)
    at BrowserRouter (C:\Users\Admin\graceful_books\node_modules\react-router-dom\dist\umd\react-router-dom.development.js:695:7)

[90mstderr[2m | src/pages/auth/Signup.test.tsx[2m > [22m[2mSignup Page with Charity Selection[2m > [22m[2maccount creation[2m > [22m[2mshould show alert if trying to create account without selecting charity
[22m[39mWarning: An update to Signup inside a test was not wrapped in act(...).

When testing, code that causes React state updates should be wrapped into act(...):

act(() => {
  /* fire events that update state */
});
/* assert on the output */

This ensures that you're testing the behavior the user would see in the browser. Learn more at https://reactjs.org/link/wrap-tests-with-act
    at Signup (C:/Users/Admin/graceful_books/src/pages/auth/Signup.tsx:8:61)
    at Router (C:\Users\Admin\graceful_books\node_modules\react-router\dist\umd\react-router.development.js:1207:17)
    at BrowserRouter (C:\Users\Admin\graceful_books\node_modules\react-router-dom\dist\umd\react-router-dom.development.js:695:7)

[90mstderr[2m | src/pages/auth/Signup.test.tsx[2m > [22m[2mSignup Page with Charity Selection[2m > [22m[2maccount creation[2m > [22m[2mshould show alert if trying to create account without selecting charity
[22m[39mWarning: An update to Signup inside a test was not wrapped in act(...).

When testing, code that causes React state updates should be wrapped into act(...):

act(() => {
  /* fire events that update state */
});
/* assert on the output */

This ensures that you're testing the behavior the user would see in the browser. Learn more at https://reactjs.org/link/wrap-tests-with-act
    at Signup (C:/Users/Admin/graceful_books/src/pages/auth/Signup.tsx:8:61)
    at Router (C:\Users\Admin\graceful_books\node_modules\react-router\dist\umd\react-router.development.js:1207:17)
    at BrowserRouter (C:\Users\Admin\graceful_books\node_modules\react-router-dom\dist\umd\react-router-dom.development.js:695:7)

[90mstderr[2m | src/pages/auth/Signup.test.tsx[2m > [22m[2mSignup Page with Charity Selection[2m > [22m[2maccount creation[2m > [22m[2mshould show alert if trying to create account without selecting charity
[22m[39mWarning: An update to Signup inside a test was not wrapped in act(...).

When testing, code that causes React state updates should be wrapped into act(...):

act(() => {
  /* fire events that update state */
});
/* assert on the output */

This ensures that you're testing the behavior the user would see in the browser. Learn more at https://reactjs.org/link/wrap-tests-with-act
    at Signup (C:/Users/Admin/graceful_books/src/pages/auth/Signup.tsx:8:61)
    at Router (C:\Users\Admin\graceful_books\node_modules\react-router\dist\umd\react-router.development.js:1207:17)
    at BrowserRouter (C:\Users\Admin\graceful_books\node_modules\react-router-dom\dist\umd\react-router-dom.development.js:695:7)

[90mstderr[2m | src/pages/auth/Signup.test.tsx[2m > [22m[2mSignup Page with Charity Selection[2m > [22m[2maccount creation[2m > [22m[2mshould show alert if trying to create account without selecting charity
[22m[39mWarning: An update to Signup inside a test was not wrapped in act(...).

When testing, code that causes React state updates should be wrapped into act(...):

act(() => {
  /* fire events that update state */
});
/* assert on the output */

This ensures that you're testing the behavior the user would see in the browser. Learn more at https://reactjs.org/link/wrap-tests-with-act
    at Signup (C:/Users/Admin/graceful_books/src/pages/auth/Signup.tsx:8:61)
    at Router (C:\Users\Admin\graceful_books\node_modules\react-router\dist\umd\react-router.development.js:1207:17)
    at BrowserRouter (C:\Users\Admin\graceful_books\node_modules\react-router-dom\dist\umd\react-router-dom.development.js:695:7)

[90mstderr[2m | src/pages/auth/Signup.test.tsx[2m > [22m[2mSignup Page with Charity Selection[2m > [22m[2maccount creation[2m > [22m[2mshould show alert if trying to create account without selecting charity
[22m[39mWarning: An update to Signup inside a test was not wrapped in act(...).

When testing, code that causes React state updates should be wrapped into act(...):

act(() => {
  /* fire events that update state */
});
/* assert on the output */

This ensures that you're testing the behavior the user would see in the browser. Learn more at https://reactjs.org/link/wrap-tests-with-act
    at Signup (C:/Users/Admin/graceful_books/src/pages/auth/Signup.tsx:8:61)
    at Router (C:\Users\Admin\graceful_books\node_modules\react-router\dist\umd\react-router.development.js:1207:17)
    at BrowserRouter (C:\Users\Admin\graceful_books\node_modules\react-router-dom\dist\umd\react-router-dom.development.js:695:7)

[90mstderr[2m | src/pages/auth/Signup.test.tsx[2m > [22m[2mSignup Page with Charity Selection[2m > [22m[2maccount creation[2m > [22m[2mshould show alert if trying to create account without selecting charity
[22m[39mWarning: An update to Signup inside a test was not wrapped in act(...).

When testing, code that causes React state updates should be wrapped into act(...):

act(() => {
  /* fire events that update state */
});
/* assert on the output */

This ensures that you're testing the behavior the user would see in the browser. Learn more at https://reactjs.org/link/wrap-tests-with-act
    at Signup (C:/Users/Admin/graceful_books/src/pages/auth/Signup.tsx:8:61)
    at Router (C:\Users\Admin\graceful_books\node_modules\react-router\dist\umd\react-router.development.js:1207:17)
    at BrowserRouter (C:\Users\Admin\graceful_books\node_modules\react-router-dom\dist\umd\react-router-dom.development.js:695:7)

[90mstderr[2m | src/pages/auth/Signup.test.tsx[2m > [22m[2mSignup Page with Charity Selection[2m > [22m[2maccount creation[2m > [22m[2mshould show alert if trying to create account without selecting charity
[22m[39mWarning: An update to Signup inside a test was not wrapped in act(...).

When testing, code that causes React state updates should be wrapped into act(...):

act(() => {
  /* fire events that update state */
});
/* assert on the output */

This ensures that you're testing the behavior the user would see in the browser. Learn more at https://reactjs.org/link/wrap-tests-with-act
    at Signup (C:/Users/Admin/graceful_books/src/pages/auth/Signup.tsx:8:61)
    at Router (C:\Users\Admin\graceful_books\node_modules\react-router\dist\umd\react-router.development.js:1207:17)
    at BrowserRouter (C:\Users\Admin\graceful_books\node_modules\react-router-dom\dist\umd\react-router-dom.development.js:695:7)

[90mstderr[2m | src/pages/auth/Signup.test.tsx[2m > [22m[2mSignup Page with Charity Selection[2m > [22m[2maccount creation[2m > [22m[2mshould show alert if trying to create account without selecting charity
[22m[39mWarning: An update to Signup inside a test was not wrapped in act(...).

When testing, code that causes React state updates should be wrapped into act(...):

act(() => {
  /* fire events that update state */
});
/* assert on the output */

This ensures that you're testing the behavior the user would see in the browser. Learn more at https://reactjs.org/link/wrap-tests-with-act
    at Signup (C:/Users/Admin/graceful_books/src/pages/auth/Signup.tsx:8:61)
    at Router (C:\Users\Admin\graceful_books\node_modules\react-router\dist\umd\react-router.development.js:1207:17)
    at BrowserRouter (C:\Users\Admin\graceful_books\node_modules\react-router-dom\dist\umd\react-router-dom.development.js:695:7)

[90mstderr[2m | src/pages/auth/Signup.test.tsx[2m > [22m[2mSignup Page with Charity Selection[2m > [22m[2maccount creation[2m > [22m[2mshould show alert if trying to create account without selecting charity
[22m[39mWarning: An update to Signup inside a test was not wrapped in act(...).

When testing, code that causes React state updates should be wrapped into act(...):

act(() => {
  /* fire events that update state */
});
/* assert on the output */

This ensures that you're testing the behavior the user would see in the browser. Learn more at https://reactjs.org/link/wrap-tests-with-act
    at Signup (C:/Users/Admin/graceful_books/src/pages/auth/Signup.tsx:8:61)
    at Router (C:\Users\Admin\graceful_books\node_modules\react-router\dist\umd\react-router.development.js:1207:17)
    at BrowserRouter (C:\Users\Admin\graceful_books\node_modules\react-router-dom\dist\umd\react-router-dom.development.js:695:7)

[90mstderr[2m | src/pages/auth/Signup.test.tsx[2m > [22m[2mSignup Page with Charity Selection[2m > [22m[2maccount creation[2m > [22m[2mshould show alert if trying to create account without selecting charity
[22m[39mWarning: An update to Signup inside a test was not wrapped in act(...).

When testing, code that causes React state updates should be wrapped into act(...):

act(() => {
  /* fire events that update state */
});
/* assert on the output */

This ensures that you're testing the behavior the user would see in the browser. Learn more at https://reactjs.org/link/wrap-tests-with-act
    at Signup (C:/Users/Admin/graceful_books/src/pages/auth/Signup.tsx:8:61)
    at Router (C:\Users\Admin\graceful_books\node_modules\react-router\dist\umd\react-router.development.js:1207:17)
    at BrowserRouter (C:\Users\Admin\graceful_books\node_modules\react-router-dom\dist\umd\react-router-dom.development.js:695:7)

[90mstderr[2m | src/pages/auth/Signup.test.tsx[2m > [22m[2mSignup Page with Charity Selection[2m > [22m[2maccount creation[2m > [22m[2mshould show alert if trying to create account without selecting charity
[22m[39mWarning: An update to Signup inside a test was not wrapped in act(...).

When testing, code that causes React state updates should be wrapped into act(...):

act(() => {
  /* fire events that update state */
});
/* assert on the output */

This ensures that you're testing the behavior the user would see in the browser. Learn more at https://reactjs.org/link/wrap-tests-with-act
    at Signup (C:/Users/Admin/graceful_books/src/pages/auth/Signup.tsx:8:61)
    at Router (C:\Users\Admin\graceful_books\node_modules\react-router\dist\umd\react-router.development.js:1207:17)
    at BrowserRouter (C:\Users\Admin\graceful_books\node_modules\react-router-dom\dist\umd\react-router-dom.development.js:695:7)

[90mstderr[2m | src/pages/auth/Signup.test.tsx[2m > [22m[2mSignup Page with Charity Selection[2m > [22m[2maccount creation[2m > [22m[2mshould show alert if trying to create account without selecting charity
[22m[39mWarning: An update to Signup inside a test was not wrapped in act(...).

When testing, code that causes React state updates should be wrapped into act(...):

act(() => {
  /* fire events that update state */
});
/* assert on the output */

This ensures that you're testing the behavior the user would see in the browser. Learn more at https://reactjs.org/link/wrap-tests-with-act
    at Signup (C:/Users/Admin/graceful_books/src/pages/auth/Signup.tsx:8:61)
    at Router (C:\Users\Admin\graceful_books\node_modules\react-router\dist\umd\react-router.development.js:1207:17)
    at BrowserRouter (C:\Users\Admin\graceful_books\node_modules\react-router-dom\dist\umd\react-router-dom.development.js:695:7)

[90mstderr[2m | src/pages/auth/Signup.test.tsx[2m > [22m[2mSignup Page with Charity Selection[2m > [22m[2maccount creation[2m > [22m[2mshould show alert if trying to create account without selecting charity
[22m[39mWarning: An update to Signup inside a test was not wrapped in act(...).

When testing, code that causes React state updates should be wrapped into act(...):

act(() => {
  /* fire events that update state */
});
/* assert on the output */

This ensures that you're testing the behavior the user would see in the browser. Learn more at https://reactjs.org/link/wrap-tests-with-act
    at Signup (C:/Users/Admin/graceful_books/src/pages/auth/Signup.tsx:8:61)
    at Router (C:\Users\Admin\graceful_books\node_modules\react-router\dist\umd\react-router.development.js:1207:17)
    at BrowserRouter (C:\Users\Admin\graceful_books\node_modules\react-router-dom\dist\umd\react-router-dom.development.js:695:7)

[90mstderr[2m | src/pages/auth/Signup.test.tsx[2m > [22m[2mSignup Page with Charity Selection[2m > [22m[2maccount creation[2m > [22m[2mshould show alert if trying to create account without selecting charity
[22m[39mWarning: An update to Signup inside a test was not wrapped in act(...).

When testing, code that causes React state updates should be wrapped into act(...):

act(() => {
  /* fire events that update state */
});
/* assert on the output */

This ensures that you're testing the behavior the user would see in the browser. Learn more at https://reactjs.org/link/wrap-tests-with-act
    at Signup (C:/Users/Admin/graceful_books/src/pages/auth/Signup.tsx:8:61)
    at Router (C:\Users\Admin\graceful_books\node_modules\react-router\dist\umd\react-router.development.js:1207:17)
    at BrowserRouter (C:\Users\Admin\graceful_books\node_modules\react-router-dom\dist\umd\react-router-dom.development.js:695:7)

[90mstderr[2m | src/pages/auth/Signup.test.tsx[2m > [22m[2mSignup Page with Charity Selection[2m > [22m[2maccount creation[2m > [22m[2mshould show alert if trying to create account without selecting charity
[22m[39mWarning: An update to Signup inside a test was not wrapped in act(...).

When testing, code that causes React state updates should be wrapped into act(...):

act(() => {
  /* fire events that update state */
});
/* assert on the output */

This ensures that you're testing the behavior the user would see in the browser. Learn more at https://reactjs.org/link/wrap-tests-with-act
    at Signup (C:/Users/Admin/graceful_books/src/pages/auth/Signup.tsx:8:61)
    at Router (C:\Users\Admin\graceful_books\node_modules\react-router\dist\umd\react-router.development.js:1207:17)
    at BrowserRouter (C:\Users\Admin\graceful_books\node_modules\react-router-dom\dist\umd\react-router-dom.development.js:695:7)

[90mstderr[2m | src/pages/auth/Signup.test.tsx[2m > [22m[2mSignup Page with Charity Selection[2m > [22m[2maccount creation[2m > [22m[2mshould show alert if trying to create account without selecting charity
[22m[39mWarning: An update to Signup inside a test was not wrapped in act(...).

When testing, code that causes React state updates should be wrapped into act(...):

act(() => {
  /* fire events that update state */
});
/* assert on the output */

This ensures that you're testing the behavior the user would see in the browser. Learn more at https://reactjs.org/link/wrap-tests-with-act
    at Signup (C:/Users/Admin/graceful_books/src/pages/auth/Signup.tsx:8:61)
    at Router (C:\Users\Admin\graceful_books\node_modules\react-router\dist\umd\react-router.development.js:1207:17)
    at BrowserRouter (C:\Users\Admin\graceful_books\node_modules\react-router-dom\dist\umd\react-router-dom.development.js:695:7)

[90mstderr[2m | src/pages/auth/Signup.test.tsx[2m > [22m[2mSignup Page with Charity Selection[2m > [22m[2maccount creation[2m > [22m[2mshould show alert if trying to create account without selecting charity
[22m[39mWarning: An update to Signup inside a test was not wrapped in act(...).

When testing, code that causes React state updates should be wrapped into act(...):

act(() => {
  /* fire events that update state */
});
/* assert on the output */

This ensures that you're testing the behavior the user would see in the browser. Learn more at https://reactjs.org/link/wrap-tests-with-act
    at Signup (C:/Users/Admin/graceful_books/src/pages/auth/Signup.tsx:8:61)
    at Router (C:\Users\Admin\graceful_books\node_modules\react-router\dist\umd\react-router.development.js:1207:17)
    at BrowserRouter (C:\Users\Admin\graceful_books\node_modules\react-router-dom\dist\umd\react-router-dom.development.js:695:7)

[90mstderr[2m | src/pages/auth/Signup.test.tsx[2m > [22m[2mSignup Page with Charity Selection[2m > [22m[2maccount creation[2m > [22m[2mshould show alert if trying to create account without selecting charity
[22m[39mWarning: An update to Signup inside a test was not wrapped in act(...).

When testing, code that causes React state updates should be wrapped into act(...):

act(() => {
  /* fire events that update state */
});
/* assert on the output */

This ensures that you're testing the behavior the user would see in the browser. Learn more at https://reactjs.org/link/wrap-tests-with-act
    at Signup (C:/Users/Admin/graceful_books/src/pages/auth/Signup.tsx:8:61)
    at Router (C:\Users\Admin\graceful_books\node_modules\react-router\dist\umd\react-router.development.js:1207:17)
    at BrowserRouter (C:\Users\Admin\graceful_books\node_modules\react-router-dom\dist\umd\react-router-dom.development.js:695:7)

[90mstderr[2m | src/pages/auth/Signup.test.tsx[2m > [22m[2mSignup Page with Charity Selection[2m > [22m[2maccount creation[2m > [22m[2mshould show alert if trying to create account without selecting charity
[22m[39mWarning: An update to Signup inside a test was not wrapped in act(...).

When testing, code that causes React state updates should be wrapped into act(...):

act(() => {
  /* fire events that update state */
});
/* assert on the output */

This ensures that you're testing the behavior the user would see in the browser. Learn more at https://reactjs.org/link/wrap-tests-with-act
    at Signup (C:/Users/Admin/graceful_books/src/pages/auth/Signup.tsx:8:61)
    at Router (C:\Users\Admin\graceful_books\node_modules\react-router\dist\umd\react-router.development.js:1207:17)
    at BrowserRouter (C:\Users\Admin\graceful_books\node_modules\react-router-dom\dist\umd\react-router-dom.development.js:695:7)

[90mstderr[2m | src/pages/auth/Signup.test.tsx[2m > [22m[2mSignup Page with Charity Selection[2m > [22m[2maccount creation[2m > [22m[2mshould show alert if trying to create account without selecting charity
[22m[39mWarning: An update to Signup inside a test was not wrapped in act(...).

When testing, code that causes React state updates should be wrapped into act(...):

act(() => {
  /* fire events that update state */
});
/* assert on the output */

This ensures that you're testing the behavior the user would see in the browser. Learn more at https://reactjs.org/link/wrap-tests-with-act
    at Signup (C:/Users/Admin/graceful_books/src/pages/auth/Signup.tsx:8:61)
    at Router (C:\Users\Admin\graceful_books\node_modules\react-router\dist\umd\react-router.development.js:1207:17)
    at BrowserRouter (C:\Users\Admin\graceful_books\node_modules\react-router-dom\dist\umd\react-router-dom.development.js:695:7)

[90mstderr[2m | src/pages/auth/Signup.test.tsx[2m > [22m[2mSignup Page with Charity Selection[2m > [22m[2maccount creation[2m > [22m[2mshould show alert if trying to create account without selecting charity
[22m[39mWarning: An update to Signup inside a test was not wrapped in act(...).

When testing, code that causes React state updates should be wrapped into act(...):

act(() => {
  /* fire events that update state */
});
/* assert on the output */

This ensures that you're testing the behavior the user would see in the browser. Learn more at https://reactjs.org/link/wrap-tests-with-act
    at Signup (C:/Users/Admin/graceful_books/src/pages/auth/Signup.tsx:8:61)
    at Router (C:\Users\Admin\graceful_books\node_modules\react-router\dist\umd\react-router.development.js:1207:17)
    at BrowserRouter (C:\Users\Admin\graceful_books\node_modules\react-router-dom\dist\umd\react-router-dom.development.js:695:7)

[90mstderr[2m | src/pages/auth/Signup.test.tsx[2m > [22m[2mSignup Page with Charity Selection[2m > [22m[2maccount creation[2m > [22m[2mshould show alert if trying to create account without selecting charity
[22m[39mWarning: An update to Signup inside a test was not wrapped in act(...).

When testing, code that causes React state updates should be wrapped into act(...):

act(() => {
  /* fire events that update state */
});
/* assert on the output */

This ensures that you're testing the behavior the user would see in the browser. Learn more at https://reactjs.org/link/wrap-tests-with-act
    at Signup (C:/Users/Admin/graceful_books/src/pages/auth/Signup.tsx:8:61)
    at Router (C:\Users\Admin\graceful_books\node_modules\react-router\dist\umd\react-router.development.js:1207:17)
    at BrowserRouter (C:\Users\Admin\graceful_books\node_modules\react-router-dom\dist\umd\react-router-dom.development.js:695:7)

[90mstderr[2m | src/pages/auth/Signup.test.tsx[2m > [22m[2mSignup Page with Charity Selection[2m > [22m[2maccount creation[2m > [22m[2mshould show alert if trying to create account without selecting charity
[22m[39mWarning: An update to Signup inside a test was not wrapped in act(...).

When testing, code that causes React state updates should be wrapped into act(...):

act(() => {
  /* fire events that update state */
});
/* assert on the output */

This ensures that you're testing the behavior the user would see in the browser. Learn more at https://reactjs.org/link/wrap-tests-with-act
    at Signup (C:/Users/Admin/graceful_books/src/pages/auth/Signup.tsx:8:61)
    at Router (C:\Users\Admin\graceful_books\node_modules\react-router\dist\umd\react-router.development.js:1207:17)
    at BrowserRouter (C:\Users\Admin\graceful_books\node_modules\react-router-dom\dist\umd\react-router-dom.development.js:695:7)

[90mstderr[2m | src/pages/auth/Signup.test.tsx[2m > [22m[2mSignup Page with Charity Selection[2m > [22m[2maccount creation[2m > [22m[2mshould show alert if trying to create account without selecting charity
[22m[39mWarning: An update to Signup inside a test was not wrapped in act(...).

When testing, code that causes React state updates should be wrapped into act(...):

act(() => {
  /* fire events that update state */
});
/* assert on the output */

This ensures that you're testing the behavior the user would see in the browser. Learn more at https://reactjs.org/link/wrap-tests-with-act
    at Signup (C:/Users/Admin/graceful_books/src/pages/auth/Signup.tsx:8:61)
    at Router (C:\Users\Admin\graceful_books\node_modules\react-router\dist\umd\react-router.development.js:1207:17)
    at BrowserRouter (C:\Users\Admin\graceful_books\node_modules\react-router-dom\dist\umd\react-router-dom.development.js:695:7)

[90mstderr[2m | src/pages/auth/Signup.test.tsx[2m > [22m[2mSignup Page with Charity Selection[2m > [22m[2maccount creation[2m > [22m[2mshould show alert if trying to create account without selecting charity
[22m[39mWarning: An update to Signup inside a test was not wrapped in act(...).

When testing, code that causes React state updates should be wrapped into act(...):

act(() => {
  /* fire events that update state */
});
/* assert on the output */

This ensures that you're testing the behavior the user would see in the browser. Learn more at https://reactjs.org/link/wrap-tests-with-act
    at Signup (C:/Users/Admin/graceful_books/src/pages/auth/Signup.tsx:8:61)
    at Router (C:\Users\Admin\graceful_books\node_modules\react-router\dist\umd\react-router.development.js:1207:17)
    at BrowserRouter (C:\Users\Admin\graceful_books\node_modules\react-router-dom\dist\umd\react-router-dom.development.js:695:7)

[90mstderr[2m | src/pages/auth/Signup.test.tsx[2m > [22m[2mSignup Page with Charity Selection[2m > [22m[2maccount creation[2m > [22m[2mshould show alert if trying to create account without selecting charity
[22m[39mWarning: An update to Signup inside a test was not wrapped in act(...).

When testing, code that causes React state updates should be wrapped into act(...):

act(() => {
  /* fire events that update state */
});
/* assert on the output */

This ensures that you're testing the behavior the user would see in the browser. Learn more at https://reactjs.org/link/wrap-tests-with-act
    at Signup (C:/Users/Admin/graceful_books/src/pages/auth/Signup.tsx:8:61)
    at Router (C:\Users\Admin\graceful_books\node_modules\react-router\dist\umd\react-router.development.js:1207:17)
    at BrowserRouter (C:\Users\Admin\graceful_books\node_modules\react-router-dom\dist\umd\react-router-dom.development.js:695:7)

[90mstderr[2m | src/pages/auth/Signup.test.tsx[2m > [22m[2mSignup Page with Charity Selection[2m > [22m[2maccount creation[2m > [22m[2mshould show alert if trying to create account without selecting charity
[22m[39mWarning: An update to Signup inside a test was not wrapped in act(...).

When testing, code that causes React state updates should be wrapped into act(...):

act(() => {
  /* fire events that update state */
});
/* assert on the output */

This ensures that you're testing the behavior the user would see in the browser. Learn more at https://reactjs.org/link/wrap-tests-with-act
    at Signup (C:/Users/Admin/graceful_books/src/pages/auth/Signup.tsx:8:61)
    at Router (C:\Users\Admin\graceful_books\node_modules\react-router\dist\umd\react-router.development.js:1207:17)
    at BrowserRouter (C:\Users\Admin\graceful_books\node_modules\react-router-dom\dist\umd\react-router-dom.development.js:695:7)

[90mstderr[2m | src/pages/auth/Signup.test.tsx[2m > [22m[2mSignup Page with Charity Selection[2m > [22m[2maccount creation[2m > [22m[2mshould show alert if trying to create account without selecting charity
[22m[39mWarning: An update to Signup inside a test was not wrapped in act(...).

When testing, code that causes React state updates should be wrapped into act(...):

act(() => {
  /* fire events that update state */
});
/* assert on the output */

This ensures that you're testing the behavior the user would see in the browser. Learn more at https://reactjs.org/link/wrap-tests-with-act
    at Signup (C:/Users/Admin/graceful_books/src/pages/auth/Signup.tsx:8:61)
    at Router (C:\Users\Admin\graceful_books\node_modules\react-router\dist\umd\react-router.development.js:1207:17)
    at BrowserRouter (C:\Users\Admin\graceful_books\node_modules\react-router-dom\dist\umd\react-router-dom.development.js:695:7)

[90mstderr[2m | src/pages/auth/Signup.test.tsx[2m > [22m[2mSignup Page with Charity Selection[2m > [22m[2maccount creation[2m > [22m[2mshould show alert if trying to create account without selecting charity
[22m[39mWarning: An update to Signup inside a test was not wrapped in act(...).

When testing, code that causes React state updates should be wrapped into act(...):

act(() => {
  /* fire events that update state */
});
/* assert on the output */

This ensures that you're testing the behavior the user would see in the browser. Learn more at https://reactjs.org/link/wrap-tests-with-act
    at Signup (C:/Users/Admin/graceful_books/src/pages/auth/Signup.tsx:8:61)
    at Router (C:\Users\Admin\graceful_books\node_modules\react-router\dist\umd\react-router.development.js:1207:17)
    at BrowserRouter (C:\Users\Admin\graceful_books\node_modules\react-router-dom\dist\umd\react-router-dom.development.js:695:7)

[90mstderr[2m | src/pages/auth/Signup.test.tsx[2m > [22m[2mSignup Page with Charity Selection[2m > [22m[2maccount creation[2m > [22m[2mshould show alert if trying to create account without selecting charity
[22m[39mWarning: An update to Signup inside a test was not wrapped in act(...).

When testing, code that causes React state updates should be wrapped into act(...):

act(() => {
  /* fire events that update state */
});
/* assert on the output */

This ensures that you're testing the behavior the user would see in the browser. Learn more at https://reactjs.org/link/wrap-tests-with-act
    at Signup (C:/Users/Admin/graceful_books/src/pages/auth/Signup.tsx:8:61)
    at Router (C:\Users\Admin\graceful_books\node_modules\react-router\dist\umd\react-router.development.js:1207:17)
    at BrowserRouter (C:\Users\Admin\graceful_books\node_modules\react-router-dom\dist\umd\react-router-dom.development.js:695:7)

[90mstderr[2m | src/pages/auth/Signup.test.tsx[2m > [22m[2mSignup Page with Charity Selection[2m > [22m[2maccount creation[2m > [22m[2mshould show alert if trying to create account without selecting charity
[22m[39mWarning: An update to Signup inside a test was not wrapped in act(...).

When testing, code that causes React state updates should be wrapped into act(...):

act(() => {
  /* fire events that update state */
});
/* assert on the output */

This ensures that you're testing the behavior the user would see in the browser. Learn more at https://reactjs.org/link/wrap-tests-with-act
    at Signup (C:/Users/Admin/graceful_books/src/pages/auth/Signup.tsx:8:61)
    at Router (C:\Users\Admin\graceful_books\node_modules\react-router\dist\umd\react-router.development.js:1207:17)
    at BrowserRouter (C:\Users\Admin\graceful_books\node_modules\react-router-dom\dist\umd\react-router-dom.development.js:695:7)

[90mstderr[2m | src/pages/auth/Signup.test.tsx[2m > [22m[2mSignup Page with Charity Selection[2m > [22m[2maccount creation[2m > [22m[2mshould show alert if trying to create account without selecting charity
[22m[39mWarning: An update to Signup inside a test was not wrapped in act(...).

When testing, code that causes React state updates should be wrapped into act(...):

act(() => {
  /* fire events that update state */
});
/* assert on the output */

This ensures that you're testing the behavior the user would see in the browser. Learn more at https://reactjs.org/link/wrap-tests-with-act
    at Signup (C:/Users/Admin/graceful_books/src/pages/auth/Signup.tsx:8:61)
    at Router (C:\Users\Admin\graceful_books\node_modules\react-router\dist\umd\react-router.development.js:1207:17)
    at BrowserRouter (C:\Users\Admin\graceful_books\node_modules\react-router-dom\dist\umd\react-router-dom.development.js:695:7)

[90mstderr[2m | src/pages/auth/Signup.test.tsx[2m > [22m[2mSignup Page with Charity Selection[2m > [22m[2maccount creation[2m > [22m[2mshould show alert if trying to create account without selecting charity
[22m[39mWarning: An update to CharitySelector inside a test was not wrapped in act(...).

When testing, code that causes React state updates should be wrapped into act(...):

act(() => {
  /* fire events that update state */
});
/* assert on the output */

This ensures that you're testing the behavior the user would see in the browser. Learn more at https://reactjs.org/link/wrap-tests-with-act
    at CharitySelector (C:/Users/Admin/graceful_books/src/components/charity/CharitySelector.tsx:9:3)
    at div
    at div
    at Signup (C:/Users/Admin/graceful_books/src/pages/auth/Signup.tsx:8:61)
    at Router (C:\Users\Admin\graceful_books\node_modules\react-router\dist\umd\react-router.development.js:1207:17)
    at BrowserRouter (C:\Users\Admin\graceful_books\node_modules\react-router-dom\dist\umd\react-router-dom.development.js:695:7)
Warning: An update to CharitySelector inside a test was not wrapped in act(...).

When testing, code that causes React state updates should be wrapped into act(...):

act(() => {
  /* fire events that update state */
});
/* assert on the output */

This ensures that you're testing the behavior the user would see in the browser. Learn more at https://reactjs.org/link/wrap-tests-with-act
    at CharitySelector (C:/Users/Admin/graceful_books/src/components/charity/CharitySelector.tsx:9:3)
    at div
    at div
    at Signup (C:/Users/Admin/graceful_books/src/pages/auth/Signup.tsx:8:61)
    at Router (C:\Users\Admin\graceful_books\node_modules\react-router\dist\umd\react-router.development.js:1207:17)
    at BrowserRouter (C:\Users\Admin\graceful_books\node_modules\react-router-dom\dist\umd\react-router-dom.development.js:695:7)

 [32m✓[39m src/pages/auth/Signup.test.tsx [2m([22m[2m17 tests[22m[2m)[22m[33m 12241[2mms[22m[39m
       [33m[2m✓[22m[39m should render credentials form initially [33m 383[2mms[22m[39m
       [33m[2m✓[22m[39m should show validation error when passwords do not match [33m 1024[2mms[22m[39m
       [33m[2m✓[22m[39m should proceed to charity selection when passwords match [33m 826[2mms[22m[39m
       [33m[2m✓[22m[39m should show charity selector after credentials step [33m 949[2mms[22m[39m
       [33m[2m✓[22m[39m should display charities from the store [33m 860[2mms[22m[39m
       [33m[2m✓[22m[39m should allow selecting a charity [33m 1008[2mms[22m[39m
       [33m[2m✓[22m[39m should have disabled Create Account button when no charity selected [33m 893[2mms[22m[39m
       [33m[2m✓[22m[39m should enable Create Account button when charity is selected [33m 935[2mms[22m[39m
       [33m[2m✓[22m[39m should go back to credentials step when Back is clicked [33m 1305[2mms[22m[39m
       [33m[2m✓[22m[39m should preserve credentials when going back and forward [33m 1140[2mms[22m[39m
       [33m[2m✓[22m[39m should save user data to localStorage on signup [33m 1014[2mms[22m[39m
       [33m[2m✓[22m[39m should navigate to onboarding after signup [33m 946[2mms[22m[39m
       [33m[2m✓[22m[39m should show alert if trying to create account without selecting charity [33m 810[2mms[22m[39m
[90mstderr[2m | src/components/vendors/VendorForm.test.tsx[2m > [22m[2mVendorForm[2m > [22m[2mCreate Mode[2m > [22m[2mshould submit valid vendor data
[22m[39mWarning: An update to VendorForm inside a test was not wrapped in act(...).

When testing, code that causes React state updates should be wrapped into act(...):

act(() => {
  /* fire events that update state */
});
/* assert on the output */

This ensures that you're testing the behavior the user would see in the browser. Learn more at https://reactjs.org/link/wrap-tests-with-act
    at VendorForm (C:/Users/Admin/graceful_books/src/components/vendors/VendorForm.tsx:57:3)
Warning: An update to VendorForm inside a test was not wrapped in act(...).

When testing, code that causes React state updates should be wrapped into act(...):

act(() => {
  /* fire events that update state */
});
/* assert on the output */

This ensures that you're testing the behavior the user would see in the browser. Learn more at https://reactjs.org/link/wrap-tests-with-act
    at VendorForm (C:/Users/Admin/graceful_books/src/components/vendors/VendorForm.tsx:57:3)
Warning: An update to VendorForm inside a test was not wrapped in act(...).

When testing, code that causes React state updates should be wrapped into act(...):

act(() => {
  /* fire events that update state */
});
/* assert on the output */

This ensures that you're testing the behavior the user would see in the browser. Learn more at https://reactjs.org/link/wrap-tests-with-act
    at VendorForm (C:/Users/Admin/graceful_books/src/components/vendors/VendorForm.tsx:57:3)

[90mstderr[2m | src/components/vendors/VendorForm.test.tsx[2m > [22m[2mVendorForm[2m > [22m[2mCreate Mode[2m > [22m[2mshould submit valid vendor data
[22m[39mWarning: An update to VendorForm inside a test was not wrapped in act(...).

When testing, code that causes React state updates should be wrapped into act(...):

act(() => {
  /* fire events that update state */
});
/* assert on the output */

This ensures that you're testing the behavior the user would see in the browser. Learn more at https://reactjs.org/link/wrap-tests-with-act
    at VendorForm (C:/Users/Admin/graceful_books/src/components/vendors/VendorForm.tsx:57:3)
Warning: An update to VendorForm inside a test was not wrapped in act(...).

When testing, code that causes React state updates should be wrapped into act(...):

act(() => {
  /* fire events that update state */
});
/* assert on the output */

This ensures that you're testing the behavior the user would see in the browser. Learn more at https://reactjs.org/link/wrap-tests-with-act
    at VendorForm (C:/Users/Admin/graceful_books/src/components/vendors/VendorForm.tsx:57:3)
Warning: An update to VendorForm inside a test was not wrapped in act(...).

When testing, code that causes React state updates should be wrapped into act(...):

act(() => {
  /* fire events that update state */
});
/* assert on the output */

This ensures that you're testing the behavior the user would see in the browser. Learn more at https://reactjs.org/link/wrap-tests-with-act
    at VendorForm (C:/Users/Admin/graceful_books/src/components/vendors/VendorForm.tsx:57:3)

[90mstderr[2m | src/components/vendors/VendorForm.test.tsx[2m > [22m[2mVendorForm[2m > [22m[2mCreate Mode[2m > [22m[2mshould submit valid vendor data
[22m[39mWarning: An update to VendorForm inside a test was not wrapped in act(...).

When testing, code that causes React state updates should be wrapped into act(...):

act(() => {
  /* fire events that update state */
});
/* assert on the output */

This ensures that you're testing the behavior the user would see in the browser. Learn more at https://reactjs.org/link/wrap-tests-with-act
    at VendorForm (C:/Users/Admin/graceful_books/src/components/vendors/VendorForm.tsx:57:3)
Warning: An update to VendorForm inside a test was not wrapped in act(...).

When testing, code that causes React state updates should be wrapped into act(...):

act(() => {
  /* fire events that update state */
});
/* assert on the output */

This ensures that you're testing the behavior the user would see in the browser. Learn more at https://reactjs.org/link/wrap-tests-with-act
    at VendorForm (C:/Users/Admin/graceful_books/src/components/vendors/VendorForm.tsx:57:3)
Warning: An update to VendorForm inside a test was not wrapped in act(...).

When testing, code that causes React state updates should be wrapped into act(...):

act(() => {
  /* fire events that update state */
});
/* assert on the output */

This ensures that you're testing the behavior the user would see in the browser. Learn more at https://reactjs.org/link/wrap-tests-with-act
    at VendorForm (C:/Users/Admin/graceful_books/src/components/vendors/VendorForm.tsx:57:3)

[90mstderr[2m | src/components/vendors/VendorForm.test.tsx[2m > [22m[2mVendorForm[2m > [22m[2mCreate Mode[2m > [22m[2mshould submit valid vendor data
[22m[39mWarning: An update to VendorForm inside a test was not wrapped in act(...).

When testing, code that causes React state updates should be wrapped into act(...):

act(() => {
  /* fire events that update state */
});
/* assert on the output */

This ensures that you're testing the behavior the user would see in the browser. Learn more at https://reactjs.org/link/wrap-tests-with-act
    at VendorForm (C:/Users/Admin/graceful_books/src/components/vendors/VendorForm.tsx:57:3)
Warning: An update to VendorForm inside a test was not wrapped in act(...).

When testing, code that causes React state updates should be wrapped into act(...):

act(() => {
  /* fire events that update state */
});
/* assert on the output */

This ensures that you're testing the behavior the user would see in the browser. Learn more at https://reactjs.org/link/wrap-tests-with-act
    at VendorForm (C:/Users/Admin/graceful_books/src/components/vendors/VendorForm.tsx:57:3)
Warning: An update to VendorForm inside a test was not wrapped in act(...).

When testing, code that causes React state updates should be wrapped into act(...):

act(() => {
  /* fire events that update state */
});
/* assert on the output */

This ensures that you're testing the behavior the user would see in the browser. Learn more at https://reactjs.org/link/wrap-tests-with-act
    at VendorForm (C:/Users/Admin/graceful_books/src/components/vendors/VendorForm.tsx:57:3)

[90mstderr[2m | src/components/vendors/VendorForm.test.tsx[2m > [22m[2mVendorForm[2m > [22m[2mCreate Mode[2m > [22m[2mshould submit valid vendor data
[22m[39mWarning: An update to VendorForm inside a test was not wrapped in act(...).

When testing, code that causes React state updates should be wrapped into act(...):

act(() => {
  /* fire events that update state */
});
/* assert on the output */

This ensures that you're testing the behavior the user would see in the browser. Learn more at https://reactjs.org/link/wrap-tests-with-act
    at VendorForm (C:/Users/Admin/graceful_books/src/components/vendors/VendorForm.tsx:57:3)
Warning: An update to VendorForm inside a test was not wrapped in act(...).

When testing, code that causes React state updates should be wrapped into act(...):

act(() => {
  /* fire events that update state */
});
/* assert on the output */

This ensures that you're testing the behavior the user would see in the browser. Learn more at https://reactjs.org/link/wrap-tests-with-act
    at VendorForm (C:/Users/Admin/graceful_books/src/components/vendors/VendorForm.tsx:57:3)
Warning: An update to VendorForm inside a test was not wrapped in act(...).

When testing, code that causes React state updates should be wrapped into act(...):

act(() => {
  /* fire events that update state */
});
/* assert on the output */

This ensures that you're testing the behavior the user would see in the browser. Learn more at https://reactjs.org/link/wrap-tests-with-act
    at VendorForm (C:/Users/Admin/graceful_books/src/components/vendors/VendorForm.tsx:57:3)

[90mstderr[2m | src/components/vendors/VendorForm.test.tsx[2m > [22m[2mVendorForm[2m > [22m[2mCreate Mode[2m > [22m[2mshould submit valid vendor data
[22m[39mWarning: An update to VendorForm inside a test was not wrapped in act(...).

When testing, code that causes React state updates should be wrapped into act(...):

act(() => {
  /* fire events that update state */
});
/* assert on the output */

This ensures that you're testing the behavior the user would see in the browser. Learn more at https://reactjs.org/link/wrap-tests-with-act
    at VendorForm (C:/Users/Admin/graceful_books/src/components/vendors/VendorForm.tsx:57:3)
Warning: An update to VendorForm inside a test was not wrapped in act(...).

When testing, code that causes React state updates should be wrapped into act(...):

act(() => {
  /* fire events that update state */
});
/* assert on the output */

This ensures that you're testing the behavior the user would see in the browser. Learn more at https://reactjs.org/link/wrap-tests-with-act
    at VendorForm (C:/Users/Admin/graceful_books/src/components/vendors/VendorForm.tsx:57:3)
Warning: An update to VendorForm inside a test was not wrapped in act(...).

When testing, code that causes React state updates should be wrapped into act(...):

act(() => {
  /* fire events that update state */
});
/* assert on the output */

This ensures that you're testing the behavior the user would see in the browser. Learn more at https://reactjs.org/link/wrap-tests-with-act
    at VendorForm (C:/Users/Admin/graceful_books/src/components/vendors/VendorForm.tsx:57:3)

[90mstderr[2m | src/components/vendors/VendorForm.test.tsx[2m > [22m[2mVendorForm[2m > [22m[2mCreate Mode[2m > [22m[2mshould submit valid vendor data
[22m[39mWarning: An update to VendorForm inside a test was not wrapped in act(...).

When testing, code that causes React state updates should be wrapped into act(...):

act(() => {
  /* fire events that update state */
});
/* assert on the output */

This ensures that you're testing the behavior the user would see in the browser. Learn more at https://reactjs.org/link/wrap-tests-with-act
    at VendorForm (C:/Users/Admin/graceful_books/src/components/vendors/VendorForm.tsx:57:3)
Warning: An update to VendorForm inside a test was not wrapped in act(...).

When testing, code that causes React state updates should be wrapped into act(...):

act(() => {
  /* fire events that update state */
});
/* assert on the output */

This ensures that you're testing the behavior the user would see in the browser. Learn more at https://reactjs.org/link/wrap-tests-with-act
    at VendorForm (C:/Users/Admin/graceful_books/src/components/vendors/VendorForm.tsx:57:3)
Warning: An update to VendorForm inside a test was not wrapped in act(...).

When testing, code that causes React state updates should be wrapped into act(...):

act(() => {
  /* fire events that update state */
});
/* assert on the output */

This ensures that you're testing the behavior the user would see in the browser. Learn more at https://reactjs.org/link/wrap-tests-with-act
    at VendorForm (C:/Users/Admin/graceful_books/src/components/vendors/VendorForm.tsx:57:3)

[90mstderr[2m | src/components/vendors/VendorForm.test.tsx[2m > [22m[2mVendorForm[2m > [22m[2mCreate Mode[2m > [22m[2mshould submit valid vendor data
[22m[39mWarning: An update to VendorForm inside a test was not wrapped in act(...).

When testing, code that causes React state updates should be wrapped into act(...):

act(() => {
  /* fire events that update state */
});
/* assert on the output */

This ensures that you're testing the behavior the user would see in the browser. Learn more at https://reactjs.org/link/wrap-tests-with-act
    at VendorForm (C:/Users/Admin/graceful_books/src/components/vendors/VendorForm.tsx:57:3)
Warning: An update to VendorForm inside a test was not wrapped in act(...).

When testing, code that causes React state updates should be wrapped into act(...):

act(() => {
  /* fire events that update state */
});
/* assert on the output */

This ensures that you're testing the behavior the user would see in the browser. Learn more at https://reactjs.org/link/wrap-tests-with-act
    at VendorForm (C:/Users/Admin/graceful_books/src/components/vendors/VendorForm.tsx:57:3)
Warning: An update to VendorForm inside a test was not wrapped in act(...).

When testing, code that causes React state updates should be wrapped into act(...):

act(() => {
  /* fire events that update state */
});
/* assert on the output */

This ensures that you're testing the behavior the user would see in the browser. Learn more at https://reactjs.org/link/wrap-tests-with-act
    at VendorForm (C:/Users/Admin/graceful_books/src/components/vendors/VendorForm.tsx:57:3)

[90mstderr[2m | src/components/vendors/VendorForm.test.tsx[2m > [22m[2mVendorForm[2m > [22m[2mCreate Mode[2m > [22m[2mshould submit valid vendor data
[22m[39mWarning: An update to VendorForm inside a test was not wrapped in act(...).

When testing, code that causes React state updates should be wrapped into act(...):

act(() => {
  /* fire events that update state */
});
/* assert on the output */

This ensures that you're testing the behavior the user would see in the browser. Learn more at https://reactjs.org/link/wrap-tests-with-act
    at VendorForm (C:/Users/Admin/graceful_books/src/components/vendors/VendorForm.tsx:57:3)
Warning: An update to VendorForm inside a test was not wrapped in act(...).

When testing, code that causes React state updates should be wrapped into act(...):

act(() => {
  /* fire events that update state */
});
/* assert on the output */

This ensures that you're testing the behavior the user would see in the browser. Learn more at https://reactjs.org/link/wrap-tests-with-act
    at VendorForm (C:/Users/Admin/graceful_books/src/components/vendors/VendorForm.tsx:57:3)
Warning: An update to VendorForm inside a test was not wrapped in act(...).

When testing, code that causes React state updates should be wrapped into act(...):

act(() => {
  /* fire events that update state */
});
/* assert on the output */

This ensures that you're testing the behavior the user would see in the browser. Learn more at https://reactjs.org/link/wrap-tests-with-act
    at VendorForm (C:/Users/Admin/graceful_books/src/components/vendors/VendorForm.tsx:57:3)

[90mstderr[2m | src/components/vendors/VendorForm.test.tsx[2m > [22m[2mVendorForm[2m > [22m[2mCreate Mode[2m > [22m[2mshould submit valid vendor data
[22m[39mWarning: An update to VendorForm inside a test was not wrapped in act(...).

When testing, code that causes React state updates should be wrapped into act(...):

act(() => {
  /* fire events that update state */
});
/* assert on the output */

This ensures that you're testing the behavior the user would see in the browser. Learn more at https://reactjs.org/link/wrap-tests-with-act
    at VendorForm (C:/Users/Admin/graceful_books/src/components/vendors/VendorForm.tsx:57:3)
Warning: An update to VendorForm inside a test was not wrapped in act(...).

When testing, code that causes React state updates should be wrapped into act(...):

act(() => {
  /* fire events that update state */
});
/* assert on the output */

This ensures that you're testing the behavior the user would see in the browser. Learn more at https://reactjs.org/link/wrap-tests-with-act
    at VendorForm (C:/Users/Admin/graceful_books/src/components/vendors/VendorForm.tsx:57:3)
Warning: An update to VendorForm inside a test was not wrapped in act(...).

When testing, code that causes React state updates should be wrapped into act(...):

act(() => {
  /* fire events that update state */
});
/* assert on the output */

This ensures that you're testing the behavior the user would see in the browser. Learn more at https://reactjs.org/link/wrap-tests-with-act
    at VendorForm (C:/Users/Admin/graceful_books/src/components/vendors/VendorForm.tsx:57:3)

[90mstderr[2m | src/components/vendors/VendorForm.test.tsx[2m > [22m[2mVendorForm[2m > [22m[2mCreate Mode[2m > [22m[2mshould submit valid vendor data
[22m[39mWarning: An update to VendorForm inside a test was not wrapped in act(...).

When testing, code that causes React state updates should be wrapped into act(...):

act(() => {
  /* fire events that update state */
});
/* assert on the output */

This ensures that you're testing the behavior the user would see in the browser. Learn more at https://reactjs.org/link/wrap-tests-with-act
    at VendorForm (C:/Users/Admin/graceful_books/src/components/vendors/VendorForm.tsx:57:3)
Warning: An update to VendorForm inside a test was not wrapped in act(...).

When testing, code that causes React state updates should be wrapped into act(...):

act(() => {
  /* fire events that update state */
});
/* assert on the output */

This ensures that you're testing the behavior the user would see in the browser. Learn more at https://reactjs.org/link/wrap-tests-with-act
    at VendorForm (C:/Users/Admin/graceful_books/src/components/vendors/VendorForm.tsx:57:3)
Warning: An update to VendorForm inside a test was not wrapped in act(...).

When testing, code that causes React state updates should be wrapped into act(...):

act(() => {
  /* fire events that update state */
});
/* assert on the output */

This ensures that you're testing the behavior the user would see in the browser. Learn more at https://reactjs.org/link/wrap-tests-with-act
    at VendorForm (C:/Users/Admin/graceful_books/src/components/vendors/VendorForm.tsx:57:3)

[90mstderr[2m | src/components/vendors/VendorForm.test.tsx[2m > [22m[2mVendorForm[2m > [22m[2mCreate Mode[2m > [22m[2mshould validate required name field
[22m[39mWarning: An update to VendorForm inside a test was not wrapped in act(...).

When testing, code that causes React state updates should be wrapped into act(...):

act(() => {
  /* fire events that update state */
});
/* assert on the output */

This ensures that you're testing the behavior the user would see in the browser. Learn more at https://reactjs.org/link/wrap-tests-with-act
    at VendorForm (C:/Users/Admin/graceful_books/src/components/vendors/VendorForm.tsx:57:3)
Warning: An update to VendorForm inside a test was not wrapped in act(...).

When testing, code that causes React state updates should be wrapped into act(...):

act(() => {
  /* fire events that update state */
});
/* assert on the output */

This ensures that you're testing the behavior the user would see in the browser. Learn more at https://reactjs.org/link/wrap-tests-with-act
    at VendorForm (C:/Users/Admin/graceful_books/src/components/vendors/VendorForm.tsx:57:3)
Warning: An update to VendorForm inside a test was not wrapped in act(...).

When testing, code that causes React state updates should be wrapped into act(...):

act(() => {
  /* fire events that update state */
});
/* assert on the output */

This ensures that you're testing the behavior the user would see in the browser. Learn more at https://reactjs.org/link/wrap-tests-with-act
    at VendorForm (C:/Users/Admin/graceful_books/src/components/vendors/VendorForm.tsx:57:3)

[90mstderr[2m | src/components/vendors/VendorForm.test.tsx[2m > [22m[2mVendorForm[2m > [22m[2mCreate Mode[2m > [22m[2mshould validate email format
[22m[39mWarning: An update to VendorForm inside a test was not wrapped in act(...).

When testing, code that causes React state updates should be wrapped into act(...):

act(() => {
  /* fire events that update state */
});
/* assert on the output */

This ensures that you're testing the behavior the user would see in the browser. Learn more at https://reactjs.org/link/wrap-tests-with-act
    at VendorForm (C:/Users/Admin/graceful_books/src/components/vendors/VendorForm.tsx:57:3)
Warning: An update to VendorForm inside a test was not wrapped in act(...).

When testing, code that causes React state updates should be wrapped into act(...):

act(() => {
  /* fire events that update state */
});
/* assert on the output */

This ensures that you're testing the behavior the user would see in the browser. Learn more at https://reactjs.org/link/wrap-tests-with-act
    at VendorForm (C:/Users/Admin/graceful_books/src/components/vendors/VendorForm.tsx:57:3)
Warning: An update to VendorForm inside a test was not wrapped in act(...).

When testing, code that causes React state updates should be wrapped into act(...):

act(() => {
  /* fire events that update state */
});
/* assert on the output */

This ensures that you're testing the behavior the user would see in the browser. Learn more at https://reactjs.org/link/wrap-tests-with-act
    at VendorForm (C:/Users/Admin/graceful_books/src/components/vendors/VendorForm.tsx:57:3)

[90mstderr[2m | src/components/vendors/VendorForm.test.tsx[2m > [22m[2mVendorForm[2m > [22m[2mCreate Mode[2m > [22m[2mshould validate email format
[22m[39mWarning: An update to VendorForm inside a test was not wrapped in act(...).

When testing, code that causes React state updates should be wrapped into act(...):

act(() => {
  /* fire events that update state */
});
/* assert on the output */

This ensures that you're testing the behavior the user would see in the browser. Learn more at https://reactjs.org/link/wrap-tests-with-act
    at VendorForm (C:/Users/Admin/graceful_books/src/components/vendors/VendorForm.tsx:57:3)
Warning: An update to VendorForm inside a test was not wrapped in act(...).

When testing, code that causes React state updates should be wrapped into act(...):

act(() => {
  /* fire events that update state */
});
/* assert on the output */

This ensures that you're testing the behavior the user would see in the browser. Learn more at https://reactjs.org/link/wrap-tests-with-act
    at VendorForm (C:/Users/Admin/graceful_books/src/components/vendors/VendorForm.tsx:57:3)
Warning: An update to VendorForm inside a test was not wrapped in act(...).

When testing, code that causes React state updates should be wrapped into act(...):

act(() => {
  /* fire events that update state */
});
/* assert on the output */

This ensures that you're testing the behavior the user would see in the browser. Learn more at https://reactjs.org/link/wrap-tests-with-act
    at VendorForm (C:/Users/Admin/graceful_books/src/components/vendors/VendorForm.tsx:57:3)

[90mstderr[2m | src/components/vendors/VendorForm.test.tsx[2m > [22m[2mVendorForm[2m > [22m[2mCreate Mode[2m > [22m[2mshould validate email format
[22m[39mWarning: An update to VendorForm inside a test was not wrapped in act(...).

When testing, code that causes React state updates should be wrapped into act(...):

act(() => {
  /* fire events that update state */
});
/* assert on the output */

This ensures that you're testing the behavior the user would see in the browser. Learn more at https://reactjs.org/link/wrap-tests-with-act
    at VendorForm (C:/Users/Admin/graceful_books/src/components/vendors/VendorForm.tsx:57:3)
Warning: An update to VendorForm inside a test was not wrapped in act(...).

When testing, code that causes React state updates should be wrapped into act(...):

act(() => {
  /* fire events that update state */
});
/* assert on the output */

This ensures that you're testing the behavior the user would see in the browser. Learn more at https://reactjs.org/link/wrap-tests-with-act
    at VendorForm (C:/Users/Admin/graceful_books/src/components/vendors/VendorForm.tsx:57:3)
Warning: An update to VendorForm inside a test was not wrapped in act(...).

When testing, code that causes React state updates should be wrapped into act(...):

act(() => {
  /* fire events that update state */
});
/* assert on the output */

This ensures that you're testing the behavior the user would see in the browser. Learn more at https://reactjs.org/link/wrap-tests-with-act
    at VendorForm (C:/Users/Admin/graceful_books/src/components/vendors/VendorForm.tsx:57:3)

[90mstderr[2m | src/components/vendors/VendorForm.test.tsx[2m > [22m[2mVendorForm[2m > [22m[2mCreate Mode[2m > [22m[2mshould validate email format
[22m[39mWarning: An update to VendorForm inside a test was not wrapped in act(...).

When testing, code that causes React state updates should be wrapped into act(...):

act(() => {
  /* fire events that update state */
});
/* assert on the output */

This ensures that you're testing the behavior the user would see in the browser. Learn more at https://reactjs.org/link/wrap-tests-with-act
    at VendorForm (C:/Users/Admin/graceful_books/src/components/vendors/VendorForm.tsx:57:3)
Warning: An update to VendorForm inside a test was not wrapped in act(...).

When testing, code that causes React state updates should be wrapped into act(...):

act(() => {
  /* fire events that update state */
});
/* assert on the output */

This ensures that you're testing the behavior the user would see in the browser. Learn more at https://reactjs.org/link/wrap-tests-with-act
    at VendorForm (C:/Users/Admin/graceful_books/src/components/vendors/VendorForm.tsx:57:3)
Warning: An update to VendorForm inside a test was not wrapped in act(...).

When testing, code that causes React state updates should be wrapped into act(...):

act(() => {
  /* fire events that update state */
});
/* assert on the output */

This ensures that you're testing the behavior the user would see in the browser. Learn more at https://reactjs.org/link/wrap-tests-with-act
    at VendorForm (C:/Users/Admin/graceful_books/src/components/vendors/VendorForm.tsx:57:3)

[90mstderr[2m | src/components/vendors/VendorForm.test.tsx[2m > [22m[2mVendorForm[2m > [22m[2mCreate Mode[2m > [22m[2mshould validate email format
[22m[39mWarning: An update to VendorForm inside a test was not wrapped in act(...).

When testing, code that causes React state updates should be wrapped into act(...):

act(() => {
  /* fire events that update state */
});
/* assert on the output */

This ensures that you're testing the behavior the user would see in the browser. Learn more at https://reactjs.org/link/wrap-tests-with-act
    at VendorForm (C:/Users/Admin/graceful_books/src/components/vendors/VendorForm.tsx:57:3)
Warning: An update to VendorForm inside a test was not wrapped in act(...).

When testing, code that causes React state updates should be wrapped into act(...):

act(() => {
  /* fire events that update state */
});
/* assert on the output */

This ensures that you're testing the behavior the user would see in the browser. Learn more at https://reactjs.org/link/wrap-tests-with-act
    at VendorForm (C:/Users/Admin/graceful_books/src/components/vendors/VendorForm.tsx:57:3)
Warning: An update to VendorForm inside a test was not wrapped in act(...).

When testing, code that causes React state updates should be wrapped into act(...):

act(() => {
  /* fire events that update state */
});
/* assert on the output */

This ensures that you're testing the behavior the user would see in the browser. Learn more at https://reactjs.org/link/wrap-tests-with-act
    at VendorForm (C:/Users/Admin/graceful_books/src/components/vendors/VendorForm.tsx:57:3)

[90mstderr[2m | src/components/vendors/VendorForm.test.tsx[2m > [22m[2mVendorForm[2m > [22m[2mCreate Mode[2m > [22m[2mshould validate email format
[22m[39mWarning: An update to VendorForm inside a test was not wrapped in act(...).

When testing, code that causes React state updates should be wrapped into act(...):

act(() => {
  /* fire events that update state */
});
/* assert on the output */

This ensures that you're testing the behavior the user would see in the browser. Learn more at https://reactjs.org/link/wrap-tests-with-act
    at VendorForm (C:/Users/Admin/graceful_books/src/components/vendors/VendorForm.tsx:57:3)
Warning: An update to VendorForm inside a test was not wrapped in act(...).

When testing, code that causes React state updates should be wrapped into act(...):

act(() => {
  /* fire events that update state */
});
/* assert on the output */

This ensures that you're testing the behavior the user would see in the browser. Learn more at https://reactjs.org/link/wrap-tests-with-act
    at VendorForm (C:/Users/Admin/graceful_books/src/components/vendors/VendorForm.tsx:57:3)
Warning: An update to VendorForm inside a test was not wrapped in act(...).

When testing, code that causes React state updates should be wrapped into act(...):

act(() => {
  /* fire events that update state */
});
/* assert on the output */

This ensures that you're testing the behavior the user would see in the browser. Learn more at https://reactjs.org/link/wrap-tests-with-act
    at VendorForm (C:/Users/Admin/graceful_books/src/components/vendors/VendorForm.tsx:57:3)

[90mstderr[2m | src/components/vendors/VendorForm.test.tsx[2m > [22m[2mVendorForm[2m > [22m[2mCreate Mode[2m > [22m[2mshould validate email format
[22m[39mWarning: An update to VendorForm inside a test was not wrapped in act(...).

When testing, code that causes React state updates should be wrapped into act(...):

act(() => {
  /* fire events that update state */
});
/* assert on the output */

This ensures that you're testing the behavior the user would see in the browser. Learn more at https://reactjs.org/link/wrap-tests-with-act
    at VendorForm (C:/Users/Admin/graceful_books/src/components/vendors/VendorForm.tsx:57:3)
Warning: An update to VendorForm inside a test was not wrapped in act(...).

When testing, code that causes React state updates should be wrapped into act(...):

act(() => {
  /* fire events that update state */
});
/* assert on the output */

This ensures that you're testing the behavior the user would see in the browser. Learn more at https://reactjs.org/link/wrap-tests-with-act
    at VendorForm (C:/Users/Admin/graceful_books/src/components/vendors/VendorForm.tsx:57:3)
Warning: An update to VendorForm inside a test was not wrapped in act(...).

When testing, code that causes React state updates should be wrapped into act(...):

act(() => {
  /* fire events that update state */
});
/* assert on the output */

This ensures that you're testing the behavior the user would see in the browser. Learn more at https://reactjs.org/link/wrap-tests-with-act
    at VendorForm (C:/Users/Admin/graceful_books/src/components/vendors/VendorForm.tsx:57:3)

[90mstderr[2m | src/components/vendors/VendorForm.test.tsx[2m > [22m[2mVendorForm[2m > [22m[2mCreate Mode[2m > [22m[2mshould validate email format
[22m[39mWarning: An update to VendorForm inside a test was not wrapped in act(...).

When testing, code that causes React state updates should be wrapped into act(...):

act(() => {
  /* fire events that update state */
});
/* assert on the output */

This ensures that you're testing the behavior the user would see in the browser. Learn more at https://reactjs.org/link/wrap-tests-with-act
    at VendorForm (C:/Users/Admin/graceful_books/src/components/vendors/VendorForm.tsx:57:3)
Warning: An update to VendorForm inside a test was not wrapped in act(...).

When testing, code that causes React state updates should be wrapped into act(...):

act(() => {
  /* fire events that update state */
});
/* assert on the output */

This ensures that you're testing the behavior the user would see in the browser. Learn more at https://reactjs.org/link/wrap-tests-with-act
    at VendorForm (C:/Users/Admin/graceful_books/src/components/vendors/VendorForm.tsx:57:3)
Warning: An update to VendorForm inside a test was not wrapped in act(...).

When testing, code that causes React state updates should be wrapped into act(...):

act(() => {
  /* fire events that update state */
});
/* assert on the output */

This ensures that you're testing the behavior the user would see in the browser. Learn more at https://reactjs.org/link/wrap-tests-with-act
    at VendorForm (C:/Users/Admin/graceful_books/src/components/vendors/VendorForm.tsx:57:3)

[90mstderr[2m | src/components/vendors/VendorForm.test.tsx[2m > [22m[2mVendorForm[2m > [22m[2mCreate Mode[2m > [22m[2mshould validate email format
[22m[39mWarning: An update to VendorForm inside a test was not wrapped in act(...).

When testing, code that causes React state updates should be wrapped into act(...):

act(() => {
  /* fire events that update state */
});
/* assert on the output */

This ensures that you're testing the behavior the user would see in the browser. Learn more at https://reactjs.org/link/wrap-tests-with-act
    at VendorForm (C:/Users/Admin/graceful_books/src/components/vendors/VendorForm.tsx:57:3)
Warning: An update to VendorForm inside a test was not wrapped in act(...).

When testing, code that causes React state updates should be wrapped into act(...):

act(() => {
  /* fire events that update state */
});
/* assert on the output */

This ensures that you're testing the behavior the user would see in the browser. Learn more at https://reactjs.org/link/wrap-tests-with-act
    at VendorForm (C:/Users/Admin/graceful_books/src/components/vendors/VendorForm.tsx:57:3)
Warning: An update to VendorForm inside a test was not wrapped in act(...).

When testing, code that causes React state updates should be wrapped into act(...):

act(() => {
  /* fire events that update state */
});
/* assert on the output */

This ensures that you're testing the behavior the user would see in the browser. Learn more at https://reactjs.org/link/wrap-tests-with-act
    at VendorForm (C:/Users/Admin/graceful_books/src/components/vendors/VendorForm.tsx:57:3)

[90mstderr[2m | src/components/vendors/VendorForm.test.tsx[2m > [22m[2mVendorForm[2m > [22m[2mCreate Mode[2m > [22m[2mshould validate email format
[22m[39mWarning: An update to VendorForm inside a test was not wrapped in act(...).

When testing, code that causes React state updates should be wrapped into act(...):

act(() => {
  /* fire events that update state */
});
/* assert on the output */

This ensures that you're testing the behavior the user would see in the browser. Learn more at https://reactjs.org/link/wrap-tests-with-act
    at VendorForm (C:/Users/Admin/graceful_books/src/components/vendors/VendorForm.tsx:57:3)
Warning: An update to VendorForm inside a test was not wrapped in act(...).

When testing, code that causes React state updates should be wrapped into act(...):

act(() => {
  /* fire events that update state */
});
/* assert on the output */

This ensures that you're testing the behavior the user would see in the browser. Learn more at https://reactjs.org/link/wrap-tests-with-act
    at VendorForm (C:/Users/Admin/graceful_books/src/components/vendors/VendorForm.tsx:57:3)
Warning: An update to VendorForm inside a test was not wrapped in act(...).

When testing, code that causes React state updates should be wrapped into act(...):

act(() => {
  /* fire events that update state */
});
/* assert on the output */

This ensures that you're testing the behavior the user would see in the browser. Learn more at https://reactjs.org/link/wrap-tests-with-act
    at VendorForm (C:/Users/Admin/graceful_books/src/components/vendors/VendorForm.tsx:57:3)

[90mstderr[2m | src/components/vendors/VendorForm.test.tsx[2m > [22m[2mVendorForm[2m > [22m[2mCreate Mode[2m > [22m[2mshould validate email format
[22m[39mWarning: An update to VendorForm inside a test was not wrapped in act(...).

When testing, code that causes React state updates should be wrapped into act(...):

act(() => {
  /* fire events that update state */
});
/* assert on the output */

This ensures that you're testing the behavior the user would see in the browser. Learn more at https://reactjs.org/link/wrap-tests-with-act
    at VendorForm (C:/Users/Admin/graceful_books/src/components/vendors/VendorForm.tsx:57:3)
Warning: An update to VendorForm inside a test was not wrapped in act(...).

When testing, code that causes React state updates should be wrapped into act(...):

act(() => {
  /* fire events that update state */
});
/* assert on the output */

This ensures that you're testing the behavior the user would see in the browser. Learn more at https://reactjs.org/link/wrap-tests-with-act
    at VendorForm (C:/Users/Admin/graceful_books/src/components/vendors/VendorForm.tsx:57:3)
Warning: An update to VendorForm inside a test was not wrapped in act(...).

When testing, code that causes React state updates should be wrapped into act(...):

act(() => {
  /* fire events that update state */
});
/* assert on the output */

This ensures that you're testing the behavior the user would see in the browser. Learn more at https://reactjs.org/link/wrap-tests-with-act
    at VendorForm (C:/Users/Admin/graceful_books/src/components/vendors/VendorForm.tsx:57:3)

[90mstderr[2m | src/components/vendors/VendorForm.test.tsx[2m > [22m[2mVendorForm[2m > [22m[2mCreate Mode[2m > [22m[2mshould validate email format
[22m[39mWarning: An update to VendorForm inside a test was not wrapped in act(...).

When testing, code that causes React state updates should be wrapped into act(...):

act(() => {
  /* fire events that update state */
});
/* assert on the output */

This ensures that you're testing the behavior the user would see in the browser. Learn more at https://reactjs.org/link/wrap-tests-with-act
    at VendorForm (C:/Users/Admin/graceful_books/src/components/vendors/VendorForm.tsx:57:3)
Warning: An update to VendorForm inside a test was not wrapped in act(...).

When testing, code that causes React state updates should be wrapped into act(...):

act(() => {
  /* fire events that update state */
});
/* assert on the output */

This ensures that you're testing the behavior the user would see in the browser. Learn more at https://reactjs.org/link/wrap-tests-with-act
    at VendorForm (C:/Users/Admin/graceful_books/src/components/vendors/VendorForm.tsx:57:3)
Warning: An update to VendorForm inside a test was not wrapped in act(...).

When testing, code that causes React state updates should be wrapped into act(...):

act(() => {
  /* fire events that update state */
});
/* assert on the output */

This ensures that you're testing the behavior the user would see in the browser. Learn more at https://reactjs.org/link/wrap-tests-with-act
    at VendorForm (C:/Users/Admin/graceful_books/src/components/vendors/VendorForm.tsx:57:3)

[90mstderr[2m | src/components/vendors/VendorForm.test.tsx[2m > [22m[2mVendorForm[2m > [22m[2mCreate Mode[2m > [22m[2mshould validate email format
[22m[39mWarning: An update to VendorForm inside a test was not wrapped in act(...).

When testing, code that causes React state updates should be wrapped into act(...):

act(() => {
  /* fire events that update state */
});
/* assert on the output */

This ensures that you're testing the behavior the user would see in the browser. Learn more at https://reactjs.org/link/wrap-tests-with-act
    at VendorForm (C:/Users/Admin/graceful_books/src/components/vendors/VendorForm.tsx:57:3)
Warning: An update to VendorForm inside a test was not wrapped in act(...).

When testing, code that causes React state updates should be wrapped into act(...):

act(() => {
  /* fire events that update state */
});
/* assert on the output */

This ensures that you're testing the behavior the user would see in the browser. Learn more at https://reactjs.org/link/wrap-tests-with-act
    at VendorForm (C:/Users/Admin/graceful_books/src/components/vendors/VendorForm.tsx:57:3)
Warning: An update to VendorForm inside a test was not wrapped in act(...).

When testing, code that causes React state updates should be wrapped into act(...):

act(() => {
  /* fire events that update state */
});
/* assert on the output */

This ensures that you're testing the behavior the user would see in the browser. Learn more at https://reactjs.org/link/wrap-tests-with-act
    at VendorForm (C:/Users/Admin/graceful_books/src/components/vendors/VendorForm.tsx:57:3)

[90mstderr[2m | src/components/vendors/VendorForm.test.tsx[2m > [22m[2mVendorForm[2m > [22m[2mCreate Mode[2m > [22m[2mshould validate email format
[22m[39mWarning: An update to VendorForm inside a test was not wrapped in act(...).

When testing, code that causes React state updates should be wrapped into act(...):

act(() => {
  /* fire events that update state */
});
/* assert on the output */

This ensures that you're testing the behavior the user would see in the browser. Learn more at https://reactjs.org/link/wrap-tests-with-act
    at VendorForm (C:/Users/Admin/graceful_books/src/components/vendors/VendorForm.tsx:57:3)
Warning: An update to VendorForm inside a test was not wrapped in act(...).

When testing, code that causes React state updates should be wrapped into act(...):

act(() => {
  /* fire events that update state */
});
/* assert on the output */

This ensures that you're testing the behavior the user would see in the browser. Learn more at https://reactjs.org/link/wrap-tests-with-act
    at VendorForm (C:/Users/Admin/graceful_books/src/components/vendors/VendorForm.tsx:57:3)
Warning: An update to VendorForm inside a test was not wrapped in act(...).

When testing, code that causes React state updates should be wrapped into act(...):

act(() => {
  /* fire events that update state */
});
/* assert on the output */

This ensures that you're testing the behavior the user would see in the browser. Learn more at https://reactjs.org/link/wrap-tests-with-act
    at VendorForm (C:/Users/Admin/graceful_books/src/components/vendors/VendorForm.tsx:57:3)

[90mstderr[2m | src/components/vendors/VendorForm.test.tsx[2m > [22m[2mVendorForm[2m > [22m[2mCreate Mode[2m > [22m[2mshould validate email format
[22m[39mWarning: An update to VendorForm inside a test was not wrapped in act(...).

When testing, code that causes React state updates should be wrapped into act(...):

act(() => {
  /* fire events that update state */
});
/* assert on the output */

This ensures that you're testing the behavior the user would see in the browser. Learn more at https://reactjs.org/link/wrap-tests-with-act
    at VendorForm (C:/Users/Admin/graceful_books/src/components/vendors/VendorForm.tsx:57:3)
Warning: An update to VendorForm inside a test was not wrapped in act(...).

When testing, code that causes React state updates should be wrapped into act(...):

act(() => {
  /* fire events that update state */
});
/* assert on the output */

This ensures that you're testing the behavior the user would see in the browser. Learn more at https://reactjs.org/link/wrap-tests-with-act
    at VendorForm (C:/Users/Admin/graceful_books/src/components/vendors/VendorForm.tsx:57:3)
Warning: An update to VendorForm inside a test was not wrapped in act(...).

When testing, code that causes React state updates should be wrapped into act(...):

act(() => {
  /* fire events that update state */
});
/* assert on the output */

This ensures that you're testing the behavior the user would see in the browser. Learn more at https://reactjs.org/link/wrap-tests-with-act
    at VendorForm (C:/Users/Admin/graceful_books/src/components/vendors/VendorForm.tsx:57:3)

[90mstderr[2m | src/components/vendors/VendorForm.test.tsx[2m > [22m[2mVendorForm[2m > [22m[2mCreate Mode[2m > [22m[2mshould validate email format
[22m[39mWarning: An update to VendorForm inside a test was not wrapped in act(...).

When testing, code that causes React state updates should be wrapped into act(...):

act(() => {
  /* fire events that update state */
});
/* assert on the output */

This ensures that you're testing the behavior the user would see in the browser. Learn more at https://reactjs.org/link/wrap-tests-with-act
    at VendorForm (C:/Users/Admin/graceful_books/src/components/vendors/VendorForm.tsx:57:3)
Warning: An update to VendorForm inside a test was not wrapped in act(...).

When testing, code that causes React state updates should be wrapped into act(...):

act(() => {
  /* fire events that update state */
});
/* assert on the output */

This ensures that you're testing the behavior the user would see in the browser. Learn more at https://reactjs.org/link/wrap-tests-with-act
    at VendorForm (C:/Users/Admin/graceful_books/src/components/vendors/VendorForm.tsx:57:3)
Warning: An update to VendorForm inside a test was not wrapped in act(...).

When testing, code that causes React state updates should be wrapped into act(...):

act(() => {
  /* fire events that update state */
});
/* assert on the output */

This ensures that you're testing the behavior the user would see in the browser. Learn more at https://reactjs.org/link/wrap-tests-with-act
    at VendorForm (C:/Users/Admin/graceful_books/src/components/vendors/VendorForm.tsx:57:3)

[90mstderr[2m | src/components/vendors/VendorForm.test.tsx[2m > [22m[2mVendorForm[2m > [22m[2mCreate Mode[2m > [22m[2mshould validate email format
[22m[39mWarning: An update to VendorForm inside a test was not wrapped in act(...).

When testing, code that causes React state updates should be wrapped into act(...):

act(() => {
  /* fire events that update state */
});
/* assert on the output */

This ensures that you're testing the behavior the user would see in the browser. Learn more at https://reactjs.org/link/wrap-tests-with-act
    at VendorForm (C:/Users/Admin/graceful_books/src/components/vendors/VendorForm.tsx:57:3)
Warning: An update to VendorForm inside a test was not wrapped in act(...).

When testing, code that causes React state updates should be wrapped into act(...):

act(() => {
  /* fire events that update state */
});
/* assert on the output */

This ensures that you're testing the behavior the user would see in the browser. Learn more at https://reactjs.org/link/wrap-tests-with-act
    at VendorForm (C:/Users/Admin/graceful_books/src/components/vendors/VendorForm.tsx:57:3)
Warning: An update to VendorForm inside a test was not wrapped in act(...).

When testing, code that causes React state updates should be wrapped into act(...):

act(() => {
  /* fire events that update state */
});
/* assert on the output */

This ensures that you're testing the behavior the user would see in the browser. Learn more at https://reactjs.org/link/wrap-tests-with-act
    at VendorForm (C:/Users/Admin/graceful_books/src/components/vendors/VendorForm.tsx:57:3)

[90mstderr[2m | src/components/vendors/VendorForm.test.tsx[2m > [22m[2mVendorForm[2m > [22m[2mCreate Mode[2m > [22m[2mshould validate email format
[22m[39mWarning: An update to VendorForm inside a test was not wrapped in act(...).

When testing, code that causes React state updates should be wrapped into act(...):

act(() => {
  /* fire events that update state */
});
/* assert on the output */

This ensures that you're testing the behavior the user would see in the browser. Learn more at https://reactjs.org/link/wrap-tests-with-act
    at VendorForm (C:/Users/Admin/graceful_books/src/components/vendors/VendorForm.tsx:57:3)
Warning: An update to VendorForm inside a test was not wrapped in act(...).

When testing, code that causes React state updates should be wrapped into act(...):

act(() => {
  /* fire events that update state */
});
/* assert on the output */

This ensures that you're testing the behavior the user would see in the browser. Learn more at https://reactjs.org/link/wrap-tests-with-act
    at VendorForm (C:/Users/Admin/graceful_books/src/components/vendors/VendorForm.tsx:57:3)
Warning: An update to VendorForm inside a test was not wrapped in act(...).

When testing, code that causes React state updates should be wrapped into act(...):

act(() => {
  /* fire events that update state */
});
/* assert on the output */

This ensures that you're testing the behavior the user would see in the browser. Learn more at https://reactjs.org/link/wrap-tests-with-act
    at VendorForm (C:/Users/Admin/graceful_books/src/components/vendors/VendorForm.tsx:57:3)

[90mstderr[2m | src/components/vendors/VendorForm.test.tsx[2m > [22m[2mVendorForm[2m > [22m[2mCreate Mode[2m > [22m[2mshould validate email format
[22m[39mWarning: An update to VendorForm inside a test was not wrapped in act(...).

When testing, code that causes React state updates should be wrapped into act(...):

act(() => {
  /* fire events that update state */
});
/* assert on the output */

This ensures that you're testing the behavior the user would see in the browser. Learn more at https://reactjs.org/link/wrap-tests-with-act
    at VendorForm (C:/Users/Admin/graceful_books/src/components/vendors/VendorForm.tsx:57:3)
Warning: An update to VendorForm inside a test was not wrapped in act(...).

When testing, code that causes React state updates should be wrapped into act(...):

act(() => {
  /* fire events that update state */
});
/* assert on the output */

This ensures that you're testing the behavior the user would see in the browser. Learn more at https://reactjs.org/link/wrap-tests-with-act
    at VendorForm (C:/Users/Admin/graceful_books/src/components/vendors/VendorForm.tsx:57:3)
Warning: An update to VendorForm inside a test was not wrapped in act(...).

When testing, code that causes React state updates should be wrapped into act(...):

act(() => {
  /* fire events that update state */
});
/* assert on the output */

This ensures that you're testing the behavior the user would see in the browser. Learn more at https://reactjs.org/link/wrap-tests-with-act
    at VendorForm (C:/Users/Admin/graceful_books/src/components/vendors/VendorForm.tsx:57:3)

[90mstderr[2m | src/components/vendors/VendorForm.test.tsx[2m > [22m[2mVendorForm[2m > [22m[2mCreate Mode[2m > [22m[2mshould validate email format
[22m[39mWarning: An update to VendorForm inside a test was not wrapped in act(...).

When testing, code that causes React state updates should be wrapped into act(...):

act(() => {
  /* fire events that update state */
});
/* assert on the output */

This ensures that you're testing the behavior the user would see in the browser. Learn more at https://reactjs.org/link/wrap-tests-with-act
    at VendorForm (C:/Users/Admin/graceful_books/src/components/vendors/VendorForm.tsx:57:3)
Warning: An update to VendorForm inside a test was not wrapped in act(...).

When testing, code that causes React state updates should be wrapped into act(...):

act(() => {
  /* fire events that update state */
});
/* assert on the output */

This ensures that you're testing the behavior the user would see in the browser. Learn more at https://reactjs.org/link/wrap-tests-with-act
    at VendorForm (C:/Users/Admin/graceful_books/src/components/vendors/VendorForm.tsx:57:3)
Warning: An update to VendorForm inside a test was not wrapped in act(...).

When testing, code that causes React state updates should be wrapped into act(...):

act(() => {
  /* fire events that update state */
});
/* assert on the output */

This ensures that you're testing the behavior the user would see in the browser. Learn more at https://reactjs.org/link/wrap-tests-with-act
    at VendorForm (C:/Users/Admin/graceful_books/src/components/vendors/VendorForm.tsx:57:3)

[90mstderr[2m | src/components/vendors/VendorForm.test.tsx[2m > [22m[2mVendorForm[2m > [22m[2mCreate Mode[2m > [22m[2mshould validate email format
[22m[39mWarning: An update to VendorForm inside a test was not wrapped in act(...).

When testing, code that causes React state updates should be wrapped into act(...):

act(() => {
  /* fire events that update state */
});
/* assert on the output */

This ensures that you're testing the behavior the user would see in the browser. Learn more at https://reactjs.org/link/wrap-tests-with-act
    at VendorForm (C:/Users/Admin/graceful_books/src/components/vendors/VendorForm.tsx:57:3)
Warning: An update to VendorForm inside a test was not wrapped in act(...).

When testing, code that causes React state updates should be wrapped into act(...):

act(() => {
  /* fire events that update state */
});
/* assert on the output */

This ensures that you're testing the behavior the user would see in the browser. Learn more at https://reactjs.org/link/wrap-tests-with-act
    at VendorForm (C:/Users/Admin/graceful_books/src/components/vendors/VendorForm.tsx:57:3)
Warning: An update to VendorForm inside a test was not wrapped in act(...).

When testing, code that causes React state updates should be wrapped into act(...):

act(() => {
  /* fire events that update state */
});
/* assert on the output */

This ensures that you're testing the behavior the user would see in the browser. Learn more at https://reactjs.org/link/wrap-tests-with-act
    at VendorForm (C:/Users/Admin/graceful_books/src/components/vendors/VendorForm.tsx:57:3)

[90mstderr[2m | src/components/vendors/VendorForm.test.tsx[2m > [22m[2mVendorForm[2m > [22m[2mCreate Mode[2m > [22m[2mshould validate email format
[22m[39mWarning: An update to VendorForm inside a test was not wrapped in act(...).

When testing, code that causes React state updates should be wrapped into act(...):

act(() => {
  /* fire events that update state */
});
/* assert on the output */

This ensures that you're testing the behavior the user would see in the browser. Learn more at https://reactjs.org/link/wrap-tests-with-act
    at VendorForm (C:/Users/Admin/graceful_books/src/components/vendors/VendorForm.tsx:57:3)
Warning: An update to VendorForm inside a test was not wrapped in act(...).

When testing, code that causes React state updates should be wrapped into act(...):

act(() => {
  /* fire events that update state */
});
/* assert on the output */

This ensures that you're testing the behavior the user would see in the browser. Learn more at https://reactjs.org/link/wrap-tests-with-act
    at VendorForm (C:/Users/Admin/graceful_books/src/components/vendors/VendorForm.tsx:57:3)
Warning: An update to VendorForm inside a test was not wrapped in act(...).

When testing, code that causes React state updates should be wrapped into act(...):

act(() => {
  /* fire events that update state */
});
/* assert on the output */

This ensures that you're testing the behavior the user would see in the browser. Learn more at https://reactjs.org/link/wrap-tests-with-act
    at VendorForm (C:/Users/Admin/graceful_books/src/components/vendors/VendorForm.tsx:57:3)

[90mstderr[2m | src/components/vendors/VendorForm.test.tsx[2m > [22m[2mVendorForm[2m > [22m[2mCreate Mode[2m > [22m[2mshould validate email format
[22m[39mWarning: An update to VendorForm inside a test was not wrapped in act(...).

When testing, code that causes React state updates should be wrapped into act(...):

act(() => {
  /* fire events that update state */
});
/* assert on the output */

This ensures that you're testing the behavior the user would see in the browser. Learn more at https://reactjs.org/link/wrap-tests-with-act
    at VendorForm (C:/Users/Admin/graceful_books/src/components/vendors/VendorForm.tsx:57:3)
Warning: An update to VendorForm inside a test was not wrapped in act(...).

When testing, code that causes React state updates should be wrapped into act(...):

act(() => {
  /* fire events that update state */
});
/* assert on the output */

This ensures that you're testing the behavior the user would see in the browser. Learn more at https://reactjs.org/link/wrap-tests-with-act
    at VendorForm (C:/Users/Admin/graceful_books/src/components/vendors/VendorForm.tsx:57:3)
Warning: An update to VendorForm inside a test was not wrapped in act(...).

When testing, code that causes React state updates should be wrapped into act(...):

act(() => {
  /* fire events that update state */
});
/* assert on the output */

This ensures that you're testing the behavior the user would see in the browser. Learn more at https://reactjs.org/link/wrap-tests-with-act
    at VendorForm (C:/Users/Admin/graceful_books/src/components/vendors/VendorForm.tsx:57:3)

[90mstderr[2m | src/components/vendors/VendorForm.test.tsx[2m > [22m[2mVendorForm[2m > [22m[2mCreate Mode[2m > [22m[2mshould validate email format
[22m[39mWarning: An update to VendorForm inside a test was not wrapped in act(...).

When testing, code that causes React state updates should be wrapped into act(...):

act(() => {
  /* fire events that update state */
});
/* assert on the output */

This ensures that you're testing the behavior the user would see in the browser. Learn more at https://reactjs.org/link/wrap-tests-with-act
    at VendorForm (C:/Users/Admin/graceful_books/src/components/vendors/VendorForm.tsx:57:3)
Warning: An update to VendorForm inside a test was not wrapped in act(...).

When testing, code that causes React state updates should be wrapped into act(...):

act(() => {
  /* fire events that update state */
});
/* assert on the output */

This ensures that you're testing the behavior the user would see in the browser. Learn more at https://reactjs.org/link/wrap-tests-with-act
    at VendorForm (C:/Users/Admin/graceful_books/src/components/vendors/VendorForm.tsx:57:3)
Warning: An update to VendorForm inside a test was not wrapped in act(...).

When testing, code that causes React state updates should be wrapped into act(...):

act(() => {
  /* fire events that update state */
});
/* assert on the output */

This ensures that you're testing the behavior the user would see in the browser. Learn more at https://reactjs.org/link/wrap-tests-with-act
    at VendorForm (C:/Users/Admin/graceful_books/src/components/vendors/VendorForm.tsx:57:3)

[90mstderr[2m | src/components/vendors/VendorForm.test.tsx[2m > [22m[2mVendorForm[2m > [22m[2mCreate Mode[2m > [22m[2mshould validate email format
[22m[39mWarning: An update to VendorForm inside a test was not wrapped in act(...).

When testing, code that causes React state updates should be wrapped into act(...):

act(() => {
  /* fire events that update state */
});
/* assert on the output */

This ensures that you're testing the behavior the user would see in the browser. Learn more at https://reactjs.org/link/wrap-tests-with-act
    at VendorForm (C:/Users/Admin/graceful_books/src/components/vendors/VendorForm.tsx:57:3)
Warning: An update to VendorForm inside a test was not wrapped in act(...).

When testing, code that causes React state updates should be wrapped into act(...):

act(() => {
  /* fire events that update state */
});
/* assert on the output */

This ensures that you're testing the behavior the user would see in the browser. Learn more at https://reactjs.org/link/wrap-tests-with-act
    at VendorForm (C:/Users/Admin/graceful_books/src/components/vendors/VendorForm.tsx:57:3)
Warning: An update to VendorForm inside a test was not wrapped in act(...).

When testing, code that causes React state updates should be wrapped into act(...):

act(() => {
  /* fire events that update state */
});
/* assert on the output */

This ensures that you're testing the behavior the user would see in the browser. Learn more at https://reactjs.org/link/wrap-tests-with-act
    at VendorForm (C:/Users/Admin/graceful_books/src/components/vendors/VendorForm.tsx:57:3)

[90mstderr[2m | src/components/vendors/VendorForm.test.tsx[2m > [22m[2mVendorForm[2m > [22m[2mCreate Mode[2m > [22m[2mshould validate phone format
[22m[39mWarning: An update to VendorForm inside a test was not wrapped in act(...).

When testing, code that causes React state updates should be wrapped into act(...):

act(() => {
  /* fire events that update state */
});
/* assert on the output */

This ensures that you're testing the behavior the user would see in the browser. Learn more at https://reactjs.org/link/wrap-tests-with-act
    at VendorForm (C:/Users/Admin/graceful_books/src/components/vendors/VendorForm.tsx:57:3)
Warning: An update to VendorForm inside a test was not wrapped in act(...).

When testing, code that causes React state updates should be wrapped into act(...):

act(() => {
  /* fire events that update state */
});
/* assert on the output */

This ensures that you're testing the behavior the user would see in the browser. Learn more at https://reactjs.org/link/wrap-tests-with-act
    at VendorForm (C:/Users/Admin/graceful_books/src/components/vendors/VendorForm.tsx:57:3)
Warning: An update to VendorForm inside a test was not wrapped in act(...).

When testing, code that causes React state updates should be wrapped into act(...):

act(() => {
  /* fire events that update state */
});
/* assert on the output */

This ensures that you're testing the behavior the user would see in the browser. Learn more at https://reactjs.org/link/wrap-tests-with-act
    at VendorForm (C:/Users/Admin/graceful_books/src/components/vendors/VendorForm.tsx:57:3)

[90mstderr[2m | src/components/vendors/VendorForm.test.tsx[2m > [22m[2mVendorForm[2m > [22m[2mCreate Mode[2m > [22m[2mshould validate phone format
[22m[39mWarning: An update to VendorForm inside a test was not wrapped in act(...).

When testing, code that causes React state updates should be wrapped into act(...):

act(() => {
  /* fire events that update state */
});
/* assert on the output */

This ensures that you're testing the behavior the user would see in the browser. Learn more at https://reactjs.org/link/wrap-tests-with-act
    at VendorForm (C:/Users/Admin/graceful_books/src/components/vendors/VendorForm.tsx:57:3)
Warning: An update to VendorForm inside a test was not wrapped in act(...).

When testing, code that causes React state updates should be wrapped into act(...):

act(() => {
  /* fire events that update state */
});
/* assert on the output */

This ensures that you're testing the behavior the user would see in the browser. Learn more at https://reactjs.org/link/wrap-tests-with-act
    at VendorForm (C:/Users/Admin/graceful_books/src/components/vendors/VendorForm.tsx:57:3)
Warning: An update to VendorForm inside a test was not wrapped in act(...).

When testing, code that causes React state updates should be wrapped into act(...):

act(() => {
  /* fire events that update state */
});
/* assert on the output */

This ensures that you're testing the behavior the user would see in the browser. Learn more at https://reactjs.org/link/wrap-tests-with-act
    at VendorForm (C:/Users/Admin/graceful_books/src/components/vendors/VendorForm.tsx:57:3)

[90mstderr[2m | src/components/vendors/VendorForm.test.tsx[2m > [22m[2mVendorForm[2m > [22m[2mCreate Mode[2m > [22m[2mshould validate phone format
[22m[39mWarning: An update to VendorForm inside a test was not wrapped in act(...).

When testing, code that causes React state updates should be wrapped into act(...):

act(() => {
  /* fire events that update state */
});
/* assert on the output */

This ensures that you're testing the behavior the user would see in the browser. Learn more at https://reactjs.org/link/wrap-tests-with-act
    at VendorForm (C:/Users/Admin/graceful_books/src/components/vendors/VendorForm.tsx:57:3)
Warning: An update to VendorForm inside a test was not wrapped in act(...).

When testing, code that causes React state updates should be wrapped into act(...):

act(() => {
  /* fire events that update state */
});
/* assert on the output */

This ensures that you're testing the behavior the user would see in the browser. Learn more at https://reactjs.org/link/wrap-tests-with-act
    at VendorForm (C:/Users/Admin/graceful_books/src/components/vendors/VendorForm.tsx:57:3)
Warning: An update to VendorForm inside a test was not wrapped in act(...).

When testing, code that causes React state updates should be wrapped into act(...):

act(() => {
  /* fire events that update state */
});
/* assert on the output */

This ensures that you're testing the behavior the user would see in the browser. Learn more at https://reactjs.org/link/wrap-tests-with-act
    at VendorForm (C:/Users/Admin/graceful_books/src/components/vendors/VendorForm.tsx:57:3)

[90mstderr[2m | src/components/vendors/VendorForm.test.tsx[2m > [22m[2mVendorForm[2m > [22m[2mCreate Mode[2m > [22m[2mshould validate phone format
[22m[39mWarning: An update to VendorForm inside a test was not wrapped in act(...).

When testing, code that causes React state updates should be wrapped into act(...):

act(() => {
  /* fire events that update state */
});
/* assert on the output */

This ensures that you're testing the behavior the user would see in the browser. Learn more at https://reactjs.org/link/wrap-tests-with-act
    at VendorForm (C:/Users/Admin/graceful_books/src/components/vendors/VendorForm.tsx:57:3)
Warning: An update to VendorForm inside a test was not wrapped in act(...).

When testing, code that causes React state updates should be wrapped into act(...):

act(() => {
  /* fire events that update state */
});
/* assert on the output */

This ensures that you're testing the behavior the user would see in the browser. Learn more at https://reactjs.org/link/wrap-tests-with-act
    at VendorForm (C:/Users/Admin/graceful_books/src/components/vendors/VendorForm.tsx:57:3)
Warning: An update to VendorForm inside a test was not wrapped in act(...).

When testing, code that causes React state updates should be wrapped into act(...):

act(() => {
  /* fire events that update state */
});
/* assert on the output */

This ensures that you're testing the behavior the user would see in the browser. Learn more at https://reactjs.org/link/wrap-tests-with-act
    at VendorForm (C:/Users/Admin/graceful_books/src/components/vendors/VendorForm.tsx:57:3)

[90mstderr[2m | src/components/vendors/VendorForm.test.tsx[2m > [22m[2mVendorForm[2m > [22m[2mCreate Mode[2m > [22m[2mshould validate phone format
[22m[39mWarning: An update to VendorForm inside a test was not wrapped in act(...).

When testing, code that causes React state updates should be wrapped into act(...):

act(() => {
  /* fire events that update state */
});
/* assert on the output */

This ensures that you're testing the behavior the user would see in the browser. Learn more at https://reactjs.org/link/wrap-tests-with-act
    at VendorForm (C:/Users/Admin/graceful_books/src/components/vendors/VendorForm.tsx:57:3)
Warning: An update to VendorForm inside a test was not wrapped in act(...).

When testing, code that causes React state updates should be wrapped into act(...):

act(() => {
  /* fire events that update state */
});
/* assert on the output */

This ensures that you're testing the behavior the user would see in the browser. Learn more at https://reactjs.org/link/wrap-tests-with-act
    at VendorForm (C:/Users/Admin/graceful_books/src/components/vendors/VendorForm.tsx:57:3)
Warning: An update to VendorForm inside a test was not wrapped in act(...).

When testing, code that causes React state updates should be wrapped into act(...):

act(() => {
  /* fire events that update state */
});
/* assert on the output */

This ensures that you're testing the behavior the user would see in the browser. Learn more at https://reactjs.org/link/wrap-tests-with-act
    at VendorForm (C:/Users/Admin/graceful_books/src/components/vendors/VendorForm.tsx:57:3)

[90mstderr[2m | src/components/vendors/VendorForm.test.tsx[2m > [22m[2mVendorForm[2m > [22m[2mCreate Mode[2m > [22m[2mshould validate phone format
[22m[39mWarning: An update to VendorForm inside a test was not wrapped in act(...).

When testing, code that causes React state updates should be wrapped into act(...):

act(() => {
  /* fire events that update state */
});
/* assert on the output */

This ensures that you're testing the behavior the user would see in the browser. Learn more at https://reactjs.org/link/wrap-tests-with-act
    at VendorForm (C:/Users/Admin/graceful_books/src/components/vendors/VendorForm.tsx:57:3)
Warning: An update to VendorForm inside a test was not wrapped in act(...).

When testing, code that causes React state updates should be wrapped into act(...):

act(() => {
  /* fire events that update state */
});
/* assert on the output */

This ensures that you're testing the behavior the user would see in the browser. Learn more at https://reactjs.org/link/wrap-tests-with-act
    at VendorForm (C:/Users/Admin/graceful_books/src/components/vendors/VendorForm.tsx:57:3)
Warning: An update to VendorForm inside a test was not wrapped in act(...).

When testing, code that causes React state updates should be wrapped into act(...):

act(() => {
  /* fire events that update state */
});
/* assert on the output */

This ensures that you're testing the behavior the user would see in the browser. Learn more at https://reactjs.org/link/wrap-tests-with-act
    at VendorForm (C:/Users/Admin/graceful_books/src/components/vendors/VendorForm.tsx:57:3)

[90mstderr[2m | src/components/vendors/VendorForm.test.tsx[2m > [22m[2mVendorForm[2m > [22m[2mCreate Mode[2m > [22m[2mshould validate phone format
[22m[39mWarning: An update to VendorForm inside a test was not wrapped in act(...).

When testing, code that causes React state updates should be wrapped into act(...):

act(() => {
  /* fire events that update state */
});
/* assert on the output */

This ensures that you're testing the behavior the user would see in the browser. Learn more at https://reactjs.org/link/wrap-tests-with-act
    at VendorForm (C:/Users/Admin/graceful_books/src/components/vendors/VendorForm.tsx:57:3)
Warning: An update to VendorForm inside a test was not wrapped in act(...).

When testing, code that causes React state updates should be wrapped into act(...):

act(() => {
  /* fire events that update state */
});
/* assert on the output */

This ensures that you're testing the behavior the user would see in the browser. Learn more at https://reactjs.org/link/wrap-tests-with-act
    at VendorForm (C:/Users/Admin/graceful_books/src/components/vendors/VendorForm.tsx:57:3)
Warning: An update to VendorForm inside a test was not wrapped in act(...).

When testing, code that causes React state updates should be wrapped into act(...):

act(() => {
  /* fire events that update state */
});
/* assert on the output */

This ensures that you're testing the behavior the user would see in the browser. Learn more at https://reactjs.org/link/wrap-tests-with-act
    at VendorForm (C:/Users/Admin/graceful_books/src/components/vendors/VendorForm.tsx:57:3)

[90mstderr[2m | src/components/vendors/VendorForm.test.tsx[2m > [22m[2mVendorForm[2m > [22m[2mCreate Mode[2m > [22m[2mshould validate phone format
[22m[39mWarning: An update to VendorForm inside a test was not wrapped in act(...).

When testing, code that causes React state updates should be wrapped into act(...):

act(() => {
  /* fire events that update state */
});
/* assert on the output */

This ensures that you're testing the behavior the user would see in the browser. Learn more at https://reactjs.org/link/wrap-tests-with-act
    at VendorForm (C:/Users/Admin/graceful_books/src/components/vendors/VendorForm.tsx:57:3)
Warning: An update to VendorForm inside a test was not wrapped in act(...).

When testing, code that causes React state updates should be wrapped into act(...):

act(() => {
  /* fire events that update state */
});
/* assert on the output */

This ensures that you're testing the behavior the user would see in the browser. Learn more at https://reactjs.org/link/wrap-tests-with-act
    at VendorForm (C:/Users/Admin/graceful_books/src/components/vendors/VendorForm.tsx:57:3)
Warning: An update to VendorForm inside a test was not wrapped in act(...).

When testing, code that causes React state updates should be wrapped into act(...):

act(() => {
  /* fire events that update state */
});
/* assert on the output */

This ensures that you're testing the behavior the user would see in the browser. Learn more at https://reactjs.org/link/wrap-tests-with-act
    at VendorForm (C:/Users/Admin/graceful_books/src/components/vendors/VendorForm.tsx:57:3)

[90mstderr[2m | src/components/vendors/VendorForm.test.tsx[2m > [22m[2mVendorForm[2m > [22m[2mCreate Mode[2m > [22m[2mshould validate phone format
[22m[39mWarning: An update to VendorForm inside a test was not wrapped in act(...).

When testing, code that causes React state updates should be wrapped into act(...):

act(() => {
  /* fire events that update state */
});
/* assert on the output */

This ensures that you're testing the behavior the user would see in the browser. Learn more at https://reactjs.org/link/wrap-tests-with-act
    at VendorForm (C:/Users/Admin/graceful_books/src/components/vendors/VendorForm.tsx:57:3)
Warning: An update to VendorForm inside a test was not wrapped in act(...).

When testing, code that causes React state updates should be wrapped into act(...):

act(() => {
  /* fire events that update state */
});
/* assert on the output */

This ensures that you're testing the behavior the user would see in the browser. Learn more at https://reactjs.org/link/wrap-tests-with-act
    at VendorForm (C:/Users/Admin/graceful_books/src/components/vendors/VendorForm.tsx:57:3)
Warning: An update to VendorForm inside a test was not wrapped in act(...).

When testing, code that causes React state updates should be wrapped into act(...):

act(() => {
  /* fire events that update state */
});
/* assert on the output */

This ensures that you're testing the behavior the user would see in the browser. Learn more at https://reactjs.org/link/wrap-tests-with-act
    at VendorForm (C:/Users/Admin/graceful_books/src/components/vendors/VendorForm.tsx:57:3)

[90mstderr[2m | src/components/vendors/VendorForm.test.tsx[2m > [22m[2mVendorForm[2m > [22m[2mCreate Mode[2m > [22m[2mshould validate phone format
[22m[39mWarning: An update to VendorForm inside a test was not wrapped in act(...).

When testing, code that causes React state updates should be wrapped into act(...):

act(() => {
  /* fire events that update state */
});
/* assert on the output */

This ensures that you're testing the behavior the user would see in the browser. Learn more at https://reactjs.org/link/wrap-tests-with-act
    at VendorForm (C:/Users/Admin/graceful_books/src/components/vendors/VendorForm.tsx:57:3)
Warning: An update to VendorForm inside a test was not wrapped in act(...).

When testing, code that causes React state updates should be wrapped into act(...):

act(() => {
  /* fire events that update state */
});
/* assert on the output */

This ensures that you're testing the behavior the user would see in the browser. Learn more at https://reactjs.org/link/wrap-tests-with-act
    at VendorForm (C:/Users/Admin/graceful_books/src/components/vendors/VendorForm.tsx:57:3)
Warning: An update to VendorForm inside a test was not wrapped in act(...).

When testing, code that causes React state updates should be wrapped into act(...):

act(() => {
  /* fire events that update state */
});
/* assert on the output */

This ensures that you're testing the behavior the user would see in the browser. Learn more at https://reactjs.org/link/wrap-tests-with-act
    at VendorForm (C:/Users/Admin/graceful_books/src/components/vendors/VendorForm.tsx:57:3)

[90mstderr[2m | src/components/vendors/VendorForm.test.tsx[2m > [22m[2mVendorForm[2m > [22m[2mCreate Mode[2m > [22m[2mshould validate phone format
[22m[39mWarning: An update to VendorForm inside a test was not wrapped in act(...).

When testing, code that causes React state updates should be wrapped into act(...):

act(() => {
  /* fire events that update state */
});
/* assert on the output */

This ensures that you're testing the behavior the user would see in the browser. Learn more at https://reactjs.org/link/wrap-tests-with-act
    at VendorForm (C:/Users/Admin/graceful_books/src/components/vendors/VendorForm.tsx:57:3)
Warning: An update to VendorForm inside a test was not wrapped in act(...).

When testing, code that causes React state updates should be wrapped into act(...):

act(() => {
  /* fire events that update state */
});
/* assert on the output */

This ensures that you're testing the behavior the user would see in the browser. Learn more at https://reactjs.org/link/wrap-tests-with-act
    at VendorForm (C:/Users/Admin/graceful_books/src/components/vendors/VendorForm.tsx:57:3)
Warning: An update to VendorForm inside a test was not wrapped in act(...).

When testing, code that causes React state updates should be wrapped into act(...):

act(() => {
  /* fire events that update state */
});
/* assert on the output */

This ensures that you're testing the behavior the user would see in the browser. Learn more at https://reactjs.org/link/wrap-tests-with-act
    at VendorForm (C:/Users/Admin/graceful_books/src/components/vendors/VendorForm.tsx:57:3)

 [32m✓[39m src/services/recurrence.service.test.ts [2m([22m[2m30 tests[22m[2m)[22m[33m 4135[2mms[22m[39m
       [33m[2m✓[22m[39m should generate preview of upcoming occurrences [33m 1363[2mms[22m[39m
       [33m[2m✓[22m[39m should validate a valid rule [33m 1397[2mms[22m[39m
       [33m[2m✓[22m[39m should reject rule with missing end date when ON_DATE [33m 1323[2mms[22m[39m
[90mstderr[2m | src/components/vendors/VendorForm.test.tsx[2m > [22m[2mVendorForm[2m > [22m[2mCreate Mode[2m > [22m[2mshould validate phone format
[22m[39mWarning: An update to VendorForm inside a test was not wrapped in act(...).

When testing, code that causes React state updates should be wrapped into act(...):

act(() => {
  /* fire events that update state */
});
/* assert on the output */

This ensures that you're testing the behavior the user would see in the browser. Learn more at https://reactjs.org/link/wrap-tests-with-act
    at VendorForm (C:/Users/Admin/graceful_books/src/components/vendors/VendorForm.tsx:57:3)
Warning: An update to VendorForm inside a test was not wrapped in act(...).

When testing, code that causes React state updates should be wrapped into act(...):

act(() => {
  /* fire events that update state */
});
/* assert on the output */

This ensures that you're testing the behavior the user would see in the browser. Learn more at https://reactjs.org/link/wrap-tests-with-act
    at VendorForm (C:/Users/Admin/graceful_books/src/components/vendors/VendorForm.tsx:57:3)
Warning: An update to VendorForm inside a test was not wrapped in act(...).

When testing, code that causes React state updates should be wrapped into act(...):

act(() => {
  /* fire events that update state */
});
/* assert on the output */

This ensures that you're testing the behavior the user would see in the browser. Learn more at https://reactjs.org/link/wrap-tests-with-act
    at VendorForm (C:/Users/Admin/graceful_books/src/components/vendors/VendorForm.tsx:57:3)

[90mstderr[2m | src/components/vendors/VendorForm.test.tsx[2m > [22m[2mVendorForm[2m > [22m[2mCreate Mode[2m > [22m[2mshould validate phone format
[22m[39mWarning: An update to VendorForm inside a test was not wrapped in act(...).

When testing, code that causes React state updates should be wrapped into act(...):

act(() => {
  /* fire events that update state */
});
/* assert on the output */

This ensures that you're testing the behavior the user would see in the browser. Learn more at https://reactjs.org/link/wrap-tests-with-act
    at VendorForm (C:/Users/Admin/graceful_books/src/components/vendors/VendorForm.tsx:57:3)
Warning: An update to VendorForm inside a test was not wrapped in act(...).

When testing, code that causes React state updates should be wrapped into act(...):

act(() => {
  /* fire events that update state */
});
/* assert on the output */

This ensures that you're testing the behavior the user would see in the browser. Learn more at https://reactjs.org/link/wrap-tests-with-act
    at VendorForm (C:/Users/Admin/graceful_books/src/components/vendors/VendorForm.tsx:57:3)
Warning: An update to VendorForm inside a test was not wrapped in act(...).

When testing, code that causes React state updates should be wrapped into act(...):

act(() => {
  /* fire events that update state */
});
/* assert on the output */

This ensures that you're testing the behavior the user would see in the browser. Learn more at https://reactjs.org/link/wrap-tests-with-act
    at VendorForm (C:/Users/Admin/graceful_books/src/components/vendors/VendorForm.tsx:57:3)

[90mstderr[2m | src/components/vendors/VendorForm.test.tsx[2m > [22m[2mVendorForm[2m > [22m[2mCreate Mode[2m > [22m[2mshould validate phone format
[22m[39mWarning: An update to VendorForm inside a test was not wrapped in act(...).

When testing, code that causes React state updates should be wrapped into act(...):

act(() => {
  /* fire events that update state */
});
/* assert on the output */

This ensures that you're testing the behavior the user would see in the browser. Learn more at https://reactjs.org/link/wrap-tests-with-act
    at VendorForm (C:/Users/Admin/graceful_books/src/components/vendors/VendorForm.tsx:57:3)
Warning: An update to VendorForm inside a test was not wrapped in act(...).

When testing, code that causes React state updates should be wrapped into act(...):

act(() => {
  /* fire events that update state */
});
/* assert on the output */

This ensures that you're testing the behavior the user would see in the browser. Learn more at https://reactjs.org/link/wrap-tests-with-act
    at VendorForm (C:/Users/Admin/graceful_books/src/components/vendors/VendorForm.tsx:57:3)
Warning: An update to VendorForm inside a test was not wrapped in act(...).

When testing, code that causes React state updates should be wrapped into act(...):

act(() => {
  /* fire events that update state */
});
/* assert on the output */

This ensures that you're testing the behavior the user would see in the browser. Learn more at https://reactjs.org/link/wrap-tests-with-act
    at VendorForm (C:/Users/Admin/graceful_books/src/components/vendors/VendorForm.tsx:57:3)

[90mstderr[2m | src/components/vendors/VendorForm.test.tsx[2m > [22m[2mVendorForm[2m > [22m[2mCreate Mode[2m > [22m[2mshould validate phone format
[22m[39mWarning: An update to VendorForm inside a test was not wrapped in act(...).

When testing, code that causes React state updates should be wrapped into act(...):

act(() => {
  /* fire events that update state */
});
/* assert on the output */

This ensures that you're testing the behavior the user would see in the browser. Learn more at https://reactjs.org/link/wrap-tests-with-act
    at VendorForm (C:/Users/Admin/graceful_books/src/components/vendors/VendorForm.tsx:57:3)
Warning: An update to VendorForm inside a test was not wrapped in act(...).

When testing, code that causes React state updates should be wrapped into act(...):

act(() => {
  /* fire events that update state */
});
/* assert on the output */

This ensures that you're testing the behavior the user would see in the browser. Learn more at https://reactjs.org/link/wrap-tests-with-act
    at VendorForm (C:/Users/Admin/graceful_books/src/components/vendors/VendorForm.tsx:57:3)
Warning: An update to VendorForm inside a test was not wrapped in act(...).

When testing, code that causes React state updates should be wrapped into act(...):

act(() => {
  /* fire events that update state */
});
/* assert on the output */

This ensures that you're testing the behavior the user would see in the browser. Learn more at https://reactjs.org/link/wrap-tests-with-act
    at VendorForm (C:/Users/Admin/graceful_books/src/components/vendors/VendorForm.tsx:57:3)

[90mstderr[2m | src/components/vendors/VendorForm.test.tsx[2m > [22m[2mVendorForm[2m > [22m[2mEdit Mode[2m > [22m[2mshould update vendor data on submit
[22m[39mWarning: An update to VendorForm inside a test was not wrapped in act(...).

When testing, code that causes React state updates should be wrapped into act(...):

act(() => {
  /* fire events that update state */
});
/* assert on the output */

This ensures that you're testing the behavior the user would see in the browser. Learn more at https://reactjs.org/link/wrap-tests-with-act
    at VendorForm (C:/Users/Admin/graceful_books/src/components/vendors/VendorForm.tsx:57:3)
Warning: An update to VendorForm inside a test was not wrapped in act(...).

When testing, code that causes React state updates should be wrapped into act(...):

act(() => {
  /* fire events that update state */
});
/* assert on the output */

This ensures that you're testing the behavior the user would see in the browser. Learn more at https://reactjs.org/link/wrap-tests-with-act
    at VendorForm (C:/Users/Admin/graceful_books/src/components/vendors/VendorForm.tsx:57:3)
Warning: An update to VendorForm inside a test was not wrapped in act(...).

When testing, code that causes React state updates should be wrapped into act(...):

act(() => {
  /* fire events that update state */
});
/* assert on the output */

This ensures that you're testing the behavior the user would see in the browser. Learn more at https://reactjs.org/link/wrap-tests-with-act
    at VendorForm (C:/Users/Admin/graceful_books/src/components/vendors/VendorForm.tsx:57:3)
Warning: An update to VendorForm inside a test was not wrapped in act(...).

When testing, code that causes React state updates should be wrapped into act(...):

act(() => {
  /* fire events that update state */
});
/* assert on the output */

This ensures that you're testing the behavior the user would see in the browser. Learn more at https://reactjs.org/link/wrap-tests-with-act
    at VendorForm (C:/Users/Admin/graceful_books/src/components/vendors/VendorForm.tsx:57:3)

[90mstderr[2m | src/components/vendors/VendorForm.test.tsx[2m > [22m[2mVendorForm[2m > [22m[2mEdit Mode[2m > [22m[2mshould update vendor data on submit
[22m[39mWarning: An update to VendorForm inside a test was not wrapped in act(...).

When testing, code that causes React state updates should be wrapped into act(...):

act(() => {
  /* fire events that update state */
});
/* assert on the output */

This ensures that you're testing the behavior the user would see in the browser. Learn more at https://reactjs.org/link/wrap-tests-with-act
    at VendorForm (C:/Users/Admin/graceful_books/src/components/vendors/VendorForm.tsx:57:3)
Warning: An update to VendorForm inside a test was not wrapped in act(...).

When testing, code that causes React state updates should be wrapped into act(...):

act(() => {
  /* fire events that update state */
});
/* assert on the output */

This ensures that you're testing the behavior the user would see in the browser. Learn more at https://reactjs.org/link/wrap-tests-with-act
    at VendorForm (C:/Users/Admin/graceful_books/src/components/vendors/VendorForm.tsx:57:3)
Warning: An update to VendorForm inside a test was not wrapped in act(...).

When testing, code that causes React state updates should be wrapped into act(...):

act(() => {
  /* fire events that update state */
});
/* assert on the output */

This ensures that you're testing the behavior the user would see in the browser. Learn more at https://reactjs.org/link/wrap-tests-with-act
    at VendorForm (C:/Users/Admin/graceful_books/src/components/vendors/VendorForm.tsx:57:3)

[90mstderr[2m | src/components/vendors/VendorForm.test.tsx[2m > [22m[2mVendorForm[2m > [22m[2mEdit Mode[2m > [22m[2mshould update vendor data on submit
[22m[39mWarning: An update to VendorForm inside a test was not wrapped in act(...).

When testing, code that causes React state updates should be wrapped into act(...):

act(() => {
  /* fire events that update state */
});
/* assert on the output */

This ensures that you're testing the behavior the user would see in the browser. Learn more at https://reactjs.org/link/wrap-tests-with-act
    at VendorForm (C:/Users/Admin/graceful_books/src/components/vendors/VendorForm.tsx:57:3)
Warning: An update to VendorForm inside a test was not wrapped in act(...).

When testing, code that causes React state updates should be wrapped into act(...):

act(() => {
  /* fire events that update state */
});
/* assert on the output */

This ensures that you're testing the behavior the user would see in the browser. Learn more at https://reactjs.org/link/wrap-tests-with-act
    at VendorForm (C:/Users/Admin/graceful_books/src/components/vendors/VendorForm.tsx:57:3)
Warning: An update to VendorForm inside a test was not wrapped in act(...).

When testing, code that causes React state updates should be wrapped into act(...):

act(() => {
  /* fire events that update state */
});
/* assert on the output */

This ensures that you're testing the behavior the user would see in the browser. Learn more at https://reactjs.org/link/wrap-tests-with-act
    at VendorForm (C:/Users/Admin/graceful_books/src/components/vendors/VendorForm.tsx:57:3)

[90mstderr[2m | src/components/vendors/VendorForm.test.tsx[2m > [22m[2mVendorForm[2m > [22m[2mEdit Mode[2m > [22m[2mshould update vendor data on submit
[22m[39mWarning: An update to VendorForm inside a test was not wrapped in act(...).

When testing, code that causes React state updates should be wrapped into act(...):

act(() => {
  /* fire events that update state */
});
/* assert on the output */

This ensures that you're testing the behavior the user would see in the browser. Learn more at https://reactjs.org/link/wrap-tests-with-act
    at VendorForm (C:/Users/Admin/graceful_books/src/components/vendors/VendorForm.tsx:57:3)
Warning: An update to VendorForm inside a test was not wrapped in act(...).

When testing, code that causes React state updates should be wrapped into act(...):

act(() => {
  /* fire events that update state */
});
/* assert on the output */

This ensures that you're testing the behavior the user would see in the browser. Learn more at https://reactjs.org/link/wrap-tests-with-act
    at VendorForm (C:/Users/Admin/graceful_books/src/components/vendors/VendorForm.tsx:57:3)
Warning: An update to VendorForm inside a test was not wrapped in act(...).

When testing, code that causes React state updates should be wrapped into act(...):

act(() => {
  /* fire events that update state */
});
/* assert on the output */

This ensures that you're testing the behavior the user would see in the browser. Learn more at https://reactjs.org/link/wrap-tests-with-act
    at VendorForm (C:/Users/Admin/graceful_books/src/components/vendors/VendorForm.tsx:57:3)

[90mstderr[2m | src/components/vendors/VendorForm.test.tsx[2m > [22m[2mVendorForm[2m > [22m[2mEdit Mode[2m > [22m[2mshould update vendor data on submit
[22m[39mWarning: An update to VendorForm inside a test was not wrapped in act(...).

When testing, code that causes React state updates should be wrapped into act(...):

act(() => {
  /* fire events that update state */
});
/* assert on the output */

This ensures that you're testing the behavior the user would see in the browser. Learn more at https://reactjs.org/link/wrap-tests-with-act
    at VendorForm (C:/Users/Admin/graceful_books/src/components/vendors/VendorForm.tsx:57:3)
Warning: An update to VendorForm inside a test was not wrapped in act(...).

When testing, code that causes React state updates should be wrapped into act(...):

act(() => {
  /* fire events that update state */
});
/* assert on the output */

This ensures that you're testing the behavior the user would see in the browser. Learn more at https://reactjs.org/link/wrap-tests-with-act
    at VendorForm (C:/Users/Admin/graceful_books/src/components/vendors/VendorForm.tsx:57:3)
Warning: An update to VendorForm inside a test was not wrapped in act(...).

When testing, code that causes React state updates should be wrapped into act(...):

act(() => {
  /* fire events that update state */
});
/* assert on the output */

This ensures that you're testing the behavior the user would see in the browser. Learn more at https://reactjs.org/link/wrap-tests-with-act
    at VendorForm (C:/Users/Admin/graceful_books/src/components/vendors/VendorForm.tsx:57:3)

[90mstderr[2m | src/components/vendors/VendorForm.test.tsx[2m > [22m[2mVendorForm[2m > [22m[2mEdit Mode[2m > [22m[2mshould update vendor data on submit
[22m[39mWarning: An update to VendorForm inside a test was not wrapped in act(...).

When testing, code that causes React state updates should be wrapped into act(...):

act(() => {
  /* fire events that update state */
});
/* assert on the output */

This ensures that you're testing the behavior the user would see in the browser. Learn more at https://reactjs.org/link/wrap-tests-with-act
    at VendorForm (C:/Users/Admin/graceful_books/src/components/vendors/VendorForm.tsx:57:3)
Warning: An update to VendorForm inside a test was not wrapped in act(...).

When testing, code that causes React state updates should be wrapped into act(...):

act(() => {
  /* fire events that update state */
});
/* assert on the output */

This ensures that you're testing the behavior the user would see in the browser. Learn more at https://reactjs.org/link/wrap-tests-with-act
    at VendorForm (C:/Users/Admin/graceful_books/src/components/vendors/VendorForm.tsx:57:3)
Warning: An update to VendorForm inside a test was not wrapped in act(...).

When testing, code that causes React state updates should be wrapped into act(...):

act(() => {
  /* fire events that update state */
});
/* assert on the output */

This ensures that you're testing the behavior the user would see in the browser. Learn more at https://reactjs.org/link/wrap-tests-with-act
    at VendorForm (C:/Users/Admin/graceful_books/src/components/vendors/VendorForm.tsx:57:3)

[90mstderr[2m | src/components/vendors/VendorForm.test.tsx[2m > [22m[2mVendorForm[2m > [22m[2mEdit Mode[2m > [22m[2mshould update vendor data on submit
[22m[39mWarning: An update to VendorForm inside a test was not wrapped in act(...).

When testing, code that causes React state updates should be wrapped into act(...):

act(() => {
  /* fire events that update state */
});
/* assert on the output */

This ensures that you're testing the behavior the user would see in the browser. Learn more at https://reactjs.org/link/wrap-tests-with-act
    at VendorForm (C:/Users/Admin/graceful_books/src/components/vendors/VendorForm.tsx:57:3)
Warning: An update to VendorForm inside a test was not wrapped in act(...).

When testing, code that causes React state updates should be wrapped into act(...):

act(() => {
  /* fire events that update state */
});
/* assert on the output */

This ensures that you're testing the behavior the user would see in the browser. Learn more at https://reactjs.org/link/wrap-tests-with-act
    at VendorForm (C:/Users/Admin/graceful_books/src/components/vendors/VendorForm.tsx:57:3)
Warning: An update to VendorForm inside a test was not wrapped in act(...).

When testing, code that causes React state updates should be wrapped into act(...):

act(() => {
  /* fire events that update state */
});
/* assert on the output */

This ensures that you're testing the behavior the user would see in the browser. Learn more at https://reactjs.org/link/wrap-tests-with-act
    at VendorForm (C:/Users/Admin/graceful_books/src/components/vendors/VendorForm.tsx:57:3)

[90mstderr[2m | src/components/vendors/VendorForm.test.tsx[2m > [22m[2mVendorForm[2m > [22m[2mEdit Mode[2m > [22m[2mshould update vendor data on submit
[22m[39mWarning: An update to VendorForm inside a test was not wrapped in act(...).

When testing, code that causes React state updates should be wrapped into act(...):

act(() => {
  /* fire events that update state */
});
/* assert on the output */

This ensures that you're testing the behavior the user would see in the browser. Learn more at https://reactjs.org/link/wrap-tests-with-act
    at VendorForm (C:/Users/Admin/graceful_books/src/components/vendors/VendorForm.tsx:57:3)
Warning: An update to VendorForm inside a test was not wrapped in act(...).

When testing, code that causes React state updates should be wrapped into act(...):

act(() => {
  /* fire events that update state */
});
/* assert on the output */

This ensures that you're testing the behavior the user would see in the browser. Learn more at https://reactjs.org/link/wrap-tests-with-act
    at VendorForm (C:/Users/Admin/graceful_books/src/components/vendors/VendorForm.tsx:57:3)
Warning: An update to VendorForm inside a test was not wrapped in act(...).

When testing, code that causes React state updates should be wrapped into act(...):

act(() => {
  /* fire events that update state */
});
/* assert on the output */

This ensures that you're testing the behavior the user would see in the browser. Learn more at https://reactjs.org/link/wrap-tests-with-act
    at VendorForm (C:/Users/Admin/graceful_books/src/components/vendors/VendorForm.tsx:57:3)

[90mstderr[2m | src/components/vendors/VendorForm.test.tsx[2m > [22m[2mVendorForm[2m > [22m[2mEdit Mode[2m > [22m[2mshould update vendor data on submit
[22m[39mWarning: An update to VendorForm inside a test was not wrapped in act(...).

When testing, code that causes React state updates should be wrapped into act(...):

act(() => {
  /* fire events that update state */
});
/* assert on the output */

This ensures that you're testing the behavior the user would see in the browser. Learn more at https://reactjs.org/link/wrap-tests-with-act
    at VendorForm (C:/Users/Admin/graceful_books/src/components/vendors/VendorForm.tsx:57:3)
Warning: An update to VendorForm inside a test was not wrapped in act(...).

When testing, code that causes React state updates should be wrapped into act(...):

act(() => {
  /* fire events that update state */
});
/* assert on the output */

This ensures that you're testing the behavior the user would see in the browser. Learn more at https://reactjs.org/link/wrap-tests-with-act
    at VendorForm (C:/Users/Admin/graceful_books/src/components/vendors/VendorForm.tsx:57:3)
Warning: An update to VendorForm inside a test was not wrapped in act(...).

When testing, code that causes React state updates should be wrapped into act(...):

act(() => {
  /* fire events that update state */
});
/* assert on the output */

This ensures that you're testing the behavior the user would see in the browser. Learn more at https://reactjs.org/link/wrap-tests-with-act
    at VendorForm (C:/Users/Admin/graceful_books/src/components/vendors/VendorForm.tsx:57:3)

[90mstderr[2m | src/components/vendors/VendorForm.test.tsx[2m > [22m[2mVendorForm[2m > [22m[2mEdit Mode[2m > [22m[2mshould update vendor data on submit
[22m[39mWarning: An update to VendorForm inside a test was not wrapped in act(...).

When testing, code that causes React state updates should be wrapped into act(...):

act(() => {
  /* fire events that update state */
});
/* assert on the output */

This ensures that you're testing the behavior the user would see in the browser. Learn more at https://reactjs.org/link/wrap-tests-with-act
    at VendorForm (C:/Users/Admin/graceful_books/src/components/vendors/VendorForm.tsx:57:3)
Warning: An update to VendorForm inside a test was not wrapped in act(...).

When testing, code that causes React state updates should be wrapped into act(...):

act(() => {
  /* fire events that update state */
});
/* assert on the output */

This ensures that you're testing the behavior the user would see in the browser. Learn more at https://reactjs.org/link/wrap-tests-with-act
    at VendorForm (C:/Users/Admin/graceful_books/src/components/vendors/VendorForm.tsx:57:3)
Warning: An update to VendorForm inside a test was not wrapped in act(...).

When testing, code that causes React state updates should be wrapped into act(...):

act(() => {
  /* fire events that update state */
});
/* assert on the output */

This ensures that you're testing the behavior the user would see in the browser. Learn more at https://reactjs.org/link/wrap-tests-with-act
    at VendorForm (C:/Users/Admin/graceful_books/src/components/vendors/VendorForm.tsx:57:3)

[90mstderr[2m | src/components/vendors/VendorForm.test.tsx[2m > [22m[2mVendorForm[2m > [22m[2mEdit Mode[2m > [22m[2mshould update vendor data on submit
[22m[39mWarning: An update to VendorForm inside a test was not wrapped in act(...).

When testing, code that causes React state updates should be wrapped into act(...):

act(() => {
  /* fire events that update state */
});
/* assert on the output */

This ensures that you're testing the behavior the user would see in the browser. Learn more at https://reactjs.org/link/wrap-tests-with-act
    at VendorForm (C:/Users/Admin/graceful_books/src/components/vendors/VendorForm.tsx:57:3)
Warning: An update to VendorForm inside a test was not wrapped in act(...).

When testing, code that causes React state updates should be wrapped into act(...):

act(() => {
  /* fire events that update state */
});
/* assert on the output */

This ensures that you're testing the behavior the user would see in the browser. Learn more at https://reactjs.org/link/wrap-tests-with-act
    at VendorForm (C:/Users/Admin/graceful_books/src/components/vendors/VendorForm.tsx:57:3)
Warning: An update to VendorForm inside a test was not wrapped in act(...).

When testing, code that causes React state updates should be wrapped into act(...):

act(() => {
  /* fire events that update state */
});
/* assert on the output */

This ensures that you're testing the behavior the user would see in the browser. Learn more at https://reactjs.org/link/wrap-tests-with-act
    at VendorForm (C:/Users/Admin/graceful_books/src/components/vendors/VendorForm.tsx:57:3)

[90mstderr[2m | src/components/vendors/VendorForm.test.tsx[2m > [22m[2mVendorForm[2m > [22m[2mEdit Mode[2m > [22m[2mshould update vendor data on submit
[22m[39mWarning: An update to VendorForm inside a test was not wrapped in act(...).

When testing, code that causes React state updates should be wrapped into act(...):

act(() => {
  /* fire events that update state */
});
/* assert on the output */

This ensures that you're testing the behavior the user would see in the browser. Learn more at https://reactjs.org/link/wrap-tests-with-act
    at VendorForm (C:/Users/Admin/graceful_books/src/components/vendors/VendorForm.tsx:57:3)
Warning: An update to VendorForm inside a test was not wrapped in act(...).

When testing, code that causes React state updates should be wrapped into act(...):

act(() => {
  /* fire events that update state */
});
/* assert on the output */

This ensures that you're testing the behavior the user would see in the browser. Learn more at https://reactjs.org/link/wrap-tests-with-act
    at VendorForm (C:/Users/Admin/graceful_books/src/components/vendors/VendorForm.tsx:57:3)
Warning: An update to VendorForm inside a test was not wrapped in act(...).

When testing, code that causes React state updates should be wrapped into act(...):

act(() => {
  /* fire events that update state */
});
/* assert on the output */

This ensures that you're testing the behavior the user would see in the browser. Learn more at https://reactjs.org/link/wrap-tests-with-act
    at VendorForm (C:/Users/Admin/graceful_books/src/components/vendors/VendorForm.tsx:57:3)

[90mstderr[2m | src/components/vendors/VendorForm.test.tsx[2m > [22m[2mVendorForm[2m > [22m[2mEdit Mode[2m > [22m[2mshould update vendor data on submit
[22m[39mWarning: An update to VendorForm inside a test was not wrapped in act(...).

When testing, code that causes React state updates should be wrapped into act(...):

act(() => {
  /* fire events that update state */
});
/* assert on the output */

This ensures that you're testing the behavior the user would see in the browser. Learn more at https://reactjs.org/link/wrap-tests-with-act
    at VendorForm (C:/Users/Admin/graceful_books/src/components/vendors/VendorForm.tsx:57:3)
Warning: An update to VendorForm inside a test was not wrapped in act(...).

When testing, code that causes React state updates should be wrapped into act(...):

act(() => {
  /* fire events that update state */
});
/* assert on the output */

This ensures that you're testing the behavior the user would see in the browser. Learn more at https://reactjs.org/link/wrap-tests-with-act
    at VendorForm (C:/Users/Admin/graceful_books/src/components/vendors/VendorForm.tsx:57:3)
Warning: An update to VendorForm inside a test was not wrapped in act(...).

When testing, code that causes React state updates should be wrapped into act(...):

act(() => {
  /* fire events that update state */
});
/* assert on the output */

This ensures that you're testing the behavior the user would see in the browser. Learn more at https://reactjs.org/link/wrap-tests-with-act
    at VendorForm (C:/Users/Admin/graceful_books/src/components/vendors/VendorForm.tsx:57:3)

[90mstderr[2m | src/components/vendors/VendorForm.test.tsx[2m > [22m[2mVendorForm[2m > [22m[2mEdit Mode[2m > [22m[2mshould update vendor data on submit
[22m[39mWarning: An update to VendorForm inside a test was not wrapped in act(...).

When testing, code that causes React state updates should be wrapped into act(...):

act(() => {
  /* fire events that update state */
});
/* assert on the output */

This ensures that you're testing the behavior the user would see in the browser. Learn more at https://reactjs.org/link/wrap-tests-with-act
    at VendorForm (C:/Users/Admin/graceful_books/src/components/vendors/VendorForm.tsx:57:3)
Warning: An update to VendorForm inside a test was not wrapped in act(...).

When testing, code that causes React state updates should be wrapped into act(...):

act(() => {
  /* fire events that update state */
});
/* assert on the output */

This ensures that you're testing the behavior the user would see in the browser. Learn more at https://reactjs.org/link/wrap-tests-with-act
    at VendorForm (C:/Users/Admin/graceful_books/src/components/vendors/VendorForm.tsx:57:3)
Warning: An update to VendorForm inside a test was not wrapped in act(...).

When testing, code that causes React state updates should be wrapped into act(...):

act(() => {
  /* fire events that update state */
});
/* assert on the output */

This ensures that you're testing the behavior the user would see in the browser. Learn more at https://reactjs.org/link/wrap-tests-with-act
    at VendorForm (C:/Users/Admin/graceful_books/src/components/vendors/VendorForm.tsx:57:3)

[90mstderr[2m | src/components/vendors/VendorForm.test.tsx[2m > [22m[2mVendorForm[2m > [22m[2mEdit Mode[2m > [22m[2mshould update vendor data on submit
[22m[39mWarning: An update to VendorForm inside a test was not wrapped in act(...).

When testing, code that causes React state updates should be wrapped into act(...):

act(() => {
  /* fire events that update state */
});
/* assert on the output */

This ensures that you're testing the behavior the user would see in the browser. Learn more at https://reactjs.org/link/wrap-tests-with-act
    at VendorForm (C:/Users/Admin/graceful_books/src/components/vendors/VendorForm.tsx:57:3)
Warning: An update to VendorForm inside a test was not wrapped in act(...).

When testing, code that causes React state updates should be wrapped into act(...):

act(() => {
  /* fire events that update state */
});
/* assert on the output */

This ensures that you're testing the behavior the user would see in the browser. Learn more at https://reactjs.org/link/wrap-tests-with-act
    at VendorForm (C:/Users/Admin/graceful_books/src/components/vendors/VendorForm.tsx:57:3)
Warning: An update to VendorForm inside a test was not wrapped in act(...).

When testing, code that causes React state updates should be wrapped into act(...):

act(() => {
  /* fire events that update state */
});
/* assert on the output */

This ensures that you're testing the behavior the user would see in the browser. Learn more at https://reactjs.org/link/wrap-tests-with-act
    at VendorForm (C:/Users/Admin/graceful_books/src/components/vendors/VendorForm.tsx:57:3)

[90mstderr[2m | src/components/vendors/VendorForm.test.tsx[2m > [22m[2mVendorForm[2m > [22m[2mEdit Mode[2m > [22m[2mshould update vendor data on submit
[22m[39mWarning: An update to VendorForm inside a test was not wrapped in act(...).

When testing, code that causes React state updates should be wrapped into act(...):

act(() => {
  /* fire events that update state */
});
/* assert on the output */

This ensures that you're testing the behavior the user would see in the browser. Learn more at https://reactjs.org/link/wrap-tests-with-act
    at VendorForm (C:/Users/Admin/graceful_books/src/components/vendors/VendorForm.tsx:57:3)
Warning: An update to VendorForm inside a test was not wrapped in act(...).

When testing, code that causes React state updates should be wrapped into act(...):

act(() => {
  /* fire events that update state */
});
/* assert on the output */

This ensures that you're testing the behavior the user would see in the browser. Learn more at https://reactjs.org/link/wrap-tests-with-act
    at VendorForm (C:/Users/Admin/graceful_books/src/components/vendors/VendorForm.tsx:57:3)
Warning: An update to VendorForm inside a test was not wrapped in act(...).

When testing, code that causes React state updates should be wrapped into act(...):

act(() => {
  /* fire events that update state */
});
/* assert on the output */

This ensures that you're testing the behavior the user would see in the browser. Learn more at https://reactjs.org/link/wrap-tests-with-act
    at VendorForm (C:/Users/Admin/graceful_books/src/components/vendors/VendorForm.tsx:57:3)

[90mstderr[2m | src/components/vendors/VendorForm.test.tsx[2m > [22m[2mVendorForm[2m > [22m[2mAddress Section[2m > [22m[2mshould show address fields when checkbox is checked
[22m[39mWarning: An update to VendorForm inside a test was not wrapped in act(...).

When testing, code that causes React state updates should be wrapped into act(...):

act(() => {
  /* fire events that update state */
});
/* assert on the output */

This ensures that you're testing the behavior the user would see in the browser. Learn more at https://reactjs.org/link/wrap-tests-with-act
    at VendorForm (C:/Users/Admin/graceful_books/src/components/vendors/VendorForm.tsx:57:3)

[90mstderr[2m | src/components/vendors/VendorForm.test.tsx[2m > [22m[2mVendorForm[2m > [22m[2mAddress Section[2m > [22m[2mshould validate address fields when shown
[22m[39mWarning: An update to VendorForm inside a test was not wrapped in act(...).

When testing, code that causes React state updates should be wrapped into act(...):

act(() => {
  /* fire events that update state */
});
/* assert on the output */

This ensures that you're testing the behavior the user would see in the browser. Learn more at https://reactjs.org/link/wrap-tests-with-act
    at VendorForm (C:/Users/Admin/graceful_books/src/components/vendors/VendorForm.tsx:57:3)
Warning: An update to VendorForm inside a test was not wrapped in act(...).

When testing, code that causes React state updates should be wrapped into act(...):

act(() => {
  /* fire events that update state */
});
/* assert on the output */

This ensures that you're testing the behavior the user would see in the browser. Learn more at https://reactjs.org/link/wrap-tests-with-act
    at VendorForm (C:/Users/Admin/graceful_books/src/components/vendors/VendorForm.tsx:57:3)
Warning: An update to VendorForm inside a test was not wrapped in act(...).

When testing, code that causes React state updates should be wrapped into act(...):

act(() => {
  /* fire events that update state */
});
/* assert on the output */

This ensures that you're testing the behavior the user would see in the browser. Learn more at https://reactjs.org/link/wrap-tests-with-act
    at VendorForm (C:/Users/Admin/graceful_books/src/components/vendors/VendorForm.tsx:57:3)

[90mstderr[2m | src/components/vendors/VendorForm.test.tsx[2m > [22m[2mVendorForm[2m > [22m[2mAddress Section[2m > [22m[2mshould validate address fields when shown
[22m[39mWarning: An update to VendorForm inside a test was not wrapped in act(...).

When testing, code that causes React state updates should be wrapped into act(...):

act(() => {
  /* fire events that update state */
});
/* assert on the output */

This ensures that you're testing the behavior the user would see in the browser. Learn more at https://reactjs.org/link/wrap-tests-with-act
    at VendorForm (C:/Users/Admin/graceful_books/src/components/vendors/VendorForm.tsx:57:3)
Warning: An update to VendorForm inside a test was not wrapped in act(...).

When testing, code that causes React state updates should be wrapped into act(...):

act(() => {
  /* fire events that update state */
});
/* assert on the output */

This ensures that you're testing the behavior the user would see in the browser. Learn more at https://reactjs.org/link/wrap-tests-with-act
    at VendorForm (C:/Users/Admin/graceful_books/src/components/vendors/VendorForm.tsx:57:3)
Warning: An update to VendorForm inside a test was not wrapped in act(...).

When testing, code that causes React state updates should be wrapped into act(...):

act(() => {
  /* fire events that update state */
});
/* assert on the output */

This ensures that you're testing the behavior the user would see in the browser. Learn more at https://reactjs.org/link/wrap-tests-with-act
    at VendorForm (C:/Users/Admin/graceful_books/src/components/vendors/VendorForm.tsx:57:3)

[90mstderr[2m | src/components/vendors/VendorForm.test.tsx[2m > [22m[2mVendorForm[2m > [22m[2mAddress Section[2m > [22m[2mshould validate address fields when shown
[22m[39mWarning: An update to VendorForm inside a test was not wrapped in act(...).

When testing, code that causes React state updates should be wrapped into act(...):

act(() => {
  /* fire events that update state */
});
/* assert on the output */

This ensures that you're testing the behavior the user would see in the browser. Learn more at https://reactjs.org/link/wrap-tests-with-act
    at VendorForm (C:/Users/Admin/graceful_books/src/components/vendors/VendorForm.tsx:57:3)
Warning: An update to VendorForm inside a test was not wrapped in act(...).

When testing, code that causes React state updates should be wrapped into act(...):

act(() => {
  /* fire events that update state */
});
/* assert on the output */

This ensures that you're testing the behavior the user would see in the browser. Learn more at https://reactjs.org/link/wrap-tests-with-act
    at VendorForm (C:/Users/Admin/graceful_books/src/components/vendors/VendorForm.tsx:57:3)
Warning: An update to VendorForm inside a test was not wrapped in act(...).

When testing, code that causes React state updates should be wrapped into act(...):

act(() => {
  /* fire events that update state */
});
/* assert on the output */

This ensures that you're testing the behavior the user would see in the browser. Learn more at https://reactjs.org/link/wrap-tests-with-act
    at VendorForm (C:/Users/Admin/graceful_books/src/components/vendors/VendorForm.tsx:57:3)

[90mstderr[2m | src/components/vendors/VendorForm.test.tsx[2m > [22m[2mVendorForm[2m > [22m[2mAddress Section[2m > [22m[2mshould validate address fields when shown
[22m[39mWarning: An update to VendorForm inside a test was not wrapped in act(...).

When testing, code that causes React state updates should be wrapped into act(...):

act(() => {
  /* fire events that update state */
});
/* assert on the output */

This ensures that you're testing the behavior the user would see in the browser. Learn more at https://reactjs.org/link/wrap-tests-with-act
    at VendorForm (C:/Users/Admin/graceful_books/src/components/vendors/VendorForm.tsx:57:3)
Warning: An update to VendorForm inside a test was not wrapped in act(...).

When testing, code that causes React state updates should be wrapped into act(...):

act(() => {
  /* fire events that update state */
});
/* assert on the output */

This ensures that you're testing the behavior the user would see in the browser. Learn more at https://reactjs.org/link/wrap-tests-with-act
    at VendorForm (C:/Users/Admin/graceful_books/src/components/vendors/VendorForm.tsx:57:3)
Warning: An update to VendorForm inside a test was not wrapped in act(...).

When testing, code that causes React state updates should be wrapped into act(...):

act(() => {
  /* fire events that update state */
});
/* assert on the output */

This ensures that you're testing the behavior the user would see in the browser. Learn more at https://reactjs.org/link/wrap-tests-with-act
    at VendorForm (C:/Users/Admin/graceful_books/src/components/vendors/VendorForm.tsx:57:3)

[90mstderr[2m | src/components/vendors/VendorForm.test.tsx[2m > [22m[2mVendorForm[2m > [22m[2mAddress Section[2m > [22m[2mshould validate address fields when shown
[22m[39mWarning: An update to VendorForm inside a test was not wrapped in act(...).

When testing, code that causes React state updates should be wrapped into act(...):

act(() => {
  /* fire events that update state */
});
/* assert on the output */

This ensures that you're testing the behavior the user would see in the browser. Learn more at https://reactjs.org/link/wrap-tests-with-act
    at VendorForm (C:/Users/Admin/graceful_books/src/components/vendors/VendorForm.tsx:57:3)
Warning: An update to VendorForm inside a test was not wrapped in act(...).

When testing, code that causes React state updates should be wrapped into act(...):

act(() => {
  /* fire events that update state */
});
/* assert on the output */

This ensures that you're testing the behavior the user would see in the browser. Learn more at https://reactjs.org/link/wrap-tests-with-act
    at VendorForm (C:/Users/Admin/graceful_books/src/components/vendors/VendorForm.tsx:57:3)
Warning: An update to VendorForm inside a test was not wrapped in act(...).

When testing, code that causes React state updates should be wrapped into act(...):

act(() => {
  /* fire events that update state */
});
/* assert on the output */

This ensures that you're testing the behavior the user would see in the browser. Learn more at https://reactjs.org/link/wrap-tests-with-act
    at VendorForm (C:/Users/Admin/graceful_books/src/components/vendors/VendorForm.tsx:57:3)

[90mstderr[2m | src/components/vendors/VendorForm.test.tsx[2m > [22m[2mVendorForm[2m > [22m[2mAddress Section[2m > [22m[2mshould validate address fields when shown
[22m[39mWarning: An update to VendorForm inside a test was not wrapped in act(...).

When testing, code that causes React state updates should be wrapped into act(...):

act(() => {
  /* fire events that update state */
});
/* assert on the output */

This ensures that you're testing the behavior the user would see in the browser. Learn more at https://reactjs.org/link/wrap-tests-with-act
    at VendorForm (C:/Users/Admin/graceful_books/src/components/vendors/VendorForm.tsx:57:3)
Warning: An update to VendorForm inside a test was not wrapped in act(...).

When testing, code that causes React state updates should be wrapped into act(...):

act(() => {
  /* fire events that update state */
});
/* assert on the output */

This ensures that you're testing the behavior the user would see in the browser. Learn more at https://reactjs.org/link/wrap-tests-with-act
    at VendorForm (C:/Users/Admin/graceful_books/src/components/vendors/VendorForm.tsx:57:3)
Warning: An update to VendorForm inside a test was not wrapped in act(...).

When testing, code that causes React state updates should be wrapped into act(...):

act(() => {
  /* fire events that update state */
});
/* assert on the output */

This ensures that you're testing the behavior the user would see in the browser. Learn more at https://reactjs.org/link/wrap-tests-with-act
    at VendorForm (C:/Users/Admin/graceful_books/src/components/vendors/VendorForm.tsx:57:3)

[90mstderr[2m | src/components/vendors/VendorForm.test.tsx[2m > [22m[2mVendorForm[2m > [22m[2mAddress Section[2m > [22m[2mshould validate address fields when shown
[22m[39mWarning: An update to VendorForm inside a test was not wrapped in act(...).

When testing, code that causes React state updates should be wrapped into act(...):

act(() => {
  /* fire events that update state */
});
/* assert on the output */

This ensures that you're testing the behavior the user would see in the browser. Learn more at https://reactjs.org/link/wrap-tests-with-act
    at VendorForm (C:/Users/Admin/graceful_books/src/components/vendors/VendorForm.tsx:57:3)
Warning: An update to VendorForm inside a test was not wrapped in act(...).

When testing, code that causes React state updates should be wrapped into act(...):

act(() => {
  /* fire events that update state */
});
/* assert on the output */

This ensures that you're testing the behavior the user would see in the browser. Learn more at https://reactjs.org/link/wrap-tests-with-act
    at VendorForm (C:/Users/Admin/graceful_books/src/components/vendors/VendorForm.tsx:57:3)
Warning: An update to VendorForm inside a test was not wrapped in act(...).

When testing, code that causes React state updates should be wrapped into act(...):

act(() => {
  /* fire events that update state */
});
/* assert on the output */

This ensures that you're testing the behavior the user would see in the browser. Learn more at https://reactjs.org/link/wrap-tests-with-act
    at VendorForm (C:/Users/Admin/graceful_books/src/components/vendors/VendorForm.tsx:57:3)

[90mstderr[2m | src/components/vendors/VendorForm.test.tsx[2m > [22m[2mVendorForm[2m > [22m[2mAddress Section[2m > [22m[2mshould validate address fields when shown
[22m[39mWarning: An update to VendorForm inside a test was not wrapped in act(...).

When testing, code that causes React state updates should be wrapped into act(...):

act(() => {
  /* fire events that update state */
});
/* assert on the output */

This ensures that you're testing the behavior the user would see in the browser. Learn more at https://reactjs.org/link/wrap-tests-with-act
    at VendorForm (C:/Users/Admin/graceful_books/src/components/vendors/VendorForm.tsx:57:3)
Warning: An update to VendorForm inside a test was not wrapped in act(...).

When testing, code that causes React state updates should be wrapped into act(...):

act(() => {
  /* fire events that update state */
});
/* assert on the output */

This ensures that you're testing the behavior the user would see in the browser. Learn more at https://reactjs.org/link/wrap-tests-with-act
    at VendorForm (C:/Users/Admin/graceful_books/src/components/vendors/VendorForm.tsx:57:3)
Warning: An update to VendorForm inside a test was not wrapped in act(...).

When testing, code that causes React state updates should be wrapped into act(...):

act(() => {
  /* fire events that update state */
});
/* assert on the output */

This ensures that you're testing the behavior the user would see in the browser. Learn more at https://reactjs.org/link/wrap-tests-with-act
    at VendorForm (C:/Users/Admin/graceful_books/src/components/vendors/VendorForm.tsx:57:3)

[90mstderr[2m | src/components/vendors/VendorForm.test.tsx[2m > [22m[2mVendorForm[2m > [22m[2mAddress Section[2m > [22m[2mshould validate address fields when shown
[22m[39mWarning: An update to VendorForm inside a test was not wrapped in act(...).

When testing, code that causes React state updates should be wrapped into act(...):

act(() => {
  /* fire events that update state */
});
/* assert on the output */

This ensures that you're testing the behavior the user would see in the browser. Learn more at https://reactjs.org/link/wrap-tests-with-act
    at VendorForm (C:/Users/Admin/graceful_books/src/components/vendors/VendorForm.tsx:57:3)
Warning: An update to VendorForm inside a test was not wrapped in act(...).

When testing, code that causes React state updates should be wrapped into act(...):

act(() => {
  /* fire events that update state */
});
/* assert on the output */

This ensures that you're testing the behavior the user would see in the browser. Learn more at https://reactjs.org/link/wrap-tests-with-act
    at VendorForm (C:/Users/Admin/graceful_books/src/components/vendors/VendorForm.tsx:57:3)
Warning: An update to VendorForm inside a test was not wrapped in act(...).

When testing, code that causes React state updates should be wrapped into act(...):

act(() => {
  /* fire events that update state */
});
/* assert on the output */

This ensures that you're testing the behavior the user would see in the browser. Learn more at https://reactjs.org/link/wrap-tests-with-act
    at VendorForm (C:/Users/Admin/graceful_books/src/components/vendors/VendorForm.tsx:57:3)

[90mstderr[2m | src/components/vendors/VendorForm.test.tsx[2m > [22m[2mVendorForm[2m > [22m[2mAddress Section[2m > [22m[2mshould validate address fields when shown
[22m[39mWarning: An update to VendorForm inside a test was not wrapped in act(...).

When testing, code that causes React state updates should be wrapped into act(...):

act(() => {
  /* fire events that update state */
});
/* assert on the output */

This ensures that you're testing the behavior the user would see in the browser. Learn more at https://reactjs.org/link/wrap-tests-with-act
    at VendorForm (C:/Users/Admin/graceful_books/src/components/vendors/VendorForm.tsx:57:3)
Warning: An update to VendorForm inside a test was not wrapped in act(...).

When testing, code that causes React state updates should be wrapped into act(...):

act(() => {
  /* fire events that update state */
});
/* assert on the output */

This ensures that you're testing the behavior the user would see in the browser. Learn more at https://reactjs.org/link/wrap-tests-with-act
    at VendorForm (C:/Users/Admin/graceful_books/src/components/vendors/VendorForm.tsx:57:3)
Warning: An update to VendorForm inside a test was not wrapped in act(...).

When testing, code that causes React state updates should be wrapped into act(...):

act(() => {
  /* fire events that update state */
});
/* assert on the output */

This ensures that you're testing the behavior the user would see in the browser. Learn more at https://reactjs.org/link/wrap-tests-with-act
    at VendorForm (C:/Users/Admin/graceful_books/src/components/vendors/VendorForm.tsx:57:3)

[90mstderr[2m | src/components/vendors/VendorForm.test.tsx[2m > [22m[2mVendorForm[2m > [22m[2mAddress Section[2m > [22m[2mshould validate address fields when shown
[22m[39mWarning: An update to VendorForm inside a test was not wrapped in act(...).

When testing, code that causes React state updates should be wrapped into act(...):

act(() => {
  /* fire events that update state */
});
/* assert on the output */

This ensures that you're testing the behavior the user would see in the browser. Learn more at https://reactjs.org/link/wrap-tests-with-act
    at VendorForm (C:/Users/Admin/graceful_books/src/components/vendors/VendorForm.tsx:57:3)
Warning: An update to VendorForm inside a test was not wrapped in act(...).

When testing, code that causes React state updates should be wrapped into act(...):

act(() => {
  /* fire events that update state */
});
/* assert on the output */

This ensures that you're testing the behavior the user would see in the browser. Learn more at https://reactjs.org/link/wrap-tests-with-act
    at VendorForm (C:/Users/Admin/graceful_books/src/components/vendors/VendorForm.tsx:57:3)
Warning: An update to VendorForm inside a test was not wrapped in act(...).

When testing, code that causes React state updates should be wrapped into act(...):

act(() => {
  /* fire events that update state */
});
/* assert on the output */

This ensures that you're testing the behavior the user would see in the browser. Learn more at https://reactjs.org/link/wrap-tests-with-act
    at VendorForm (C:/Users/Admin/graceful_books/src/components/vendors/VendorForm.tsx:57:3)

[90mstderr[2m | src/components/vendors/VendorForm.test.tsx[2m > [22m[2mVendorForm[2m > [22m[2mAddress Section[2m > [22m[2mshould validate address fields when shown
[22m[39mWarning: An update to VendorForm inside a test was not wrapped in act(...).

When testing, code that causes React state updates should be wrapped into act(...):

act(() => {
  /* fire events that update state */
});
/* assert on the output */

This ensures that you're testing the behavior the user would see in the browser. Learn more at https://reactjs.org/link/wrap-tests-with-act
    at VendorForm (C:/Users/Admin/graceful_books/src/components/vendors/VendorForm.tsx:57:3)

[90mstderr[2m | src/components/vendors/VendorForm.test.tsx[2m > [22m[2mVendorForm[2m > [22m[2mAddress Section[2m > [22m[2mshould validate address fields when shown
[22m[39mWarning: An update to VendorForm inside a test was not wrapped in act(...).

When testing, code that causes React state updates should be wrapped into act(...):

act(() => {
  /* fire events that update state */
});
/* assert on the output */

This ensures that you're testing the behavior the user would see in the browser. Learn more at https://reactjs.org/link/wrap-tests-with-act
    at VendorForm (C:/Users/Admin/graceful_books/src/components/vendors/VendorForm.tsx:57:3)
Warning: An update to VendorForm inside a test was not wrapped in act(...).

When testing, code that causes React state updates should be wrapped into act(...):

act(() => {
  /* fire events that update state */
});
/* assert on the output */

This ensures that you're testing the behavior the user would see in the browser. Learn more at https://reactjs.org/link/wrap-tests-with-act
    at VendorForm (C:/Users/Admin/graceful_books/src/components/vendors/VendorForm.tsx:57:3)
Warning: A component is changing an uncontrolled input to be controlled. This is likely caused by the value changing from undefined to a defined value, which should not happen. Decide between using a controlled or uncontrolled input element for the lifetime of the component. More info: https://reactjs.org/link/controlled-components
    at input
    at div
    at div
    at C:/Users/Admin/graceful_books/src/components/forms/Input.tsx:8:5
    at div
    at div
    at div
    at form
    at VendorForm (C:/Users/Admin/graceful_books/src/components/vendors/VendorForm.tsx:57:3)
Warning: An update to VendorForm inside a test was not wrapped in act(...).

When testing, code that causes React state updates should be wrapped into act(...):

act(() => {
  /* fire events that update state */
});
/* assert on the output */

This ensures that you're testing the behavior the user would see in the browser. Learn more at https://reactjs.org/link/wrap-tests-with-act
    at VendorForm (C:/Users/Admin/graceful_books/src/components/vendors/VendorForm.tsx:57:3)

[90mstderr[2m | src/components/vendors/VendorForm.test.tsx[2m > [22m[2mVendorForm[2m > [22m[2mAddress Section[2m > [22m[2mshould validate address fields when shown
[22m[39mWarning: An update to VendorForm inside a test was not wrapped in act(...).

When testing, code that causes React state updates should be wrapped into act(...):

act(() => {
  /* fire events that update state */
});
/* assert on the output */

This ensures that you're testing the behavior the user would see in the browser. Learn more at https://reactjs.org/link/wrap-tests-with-act
    at VendorForm (C:/Users/Admin/graceful_books/src/components/vendors/VendorForm.tsx:57:3)
Warning: An update to VendorForm inside a test was not wrapped in act(...).

When testing, code that causes React state updates should be wrapped into act(...):

act(() => {
  /* fire events that update state */
});
/* assert on the output */

This ensures that you're testing the behavior the user would see in the browser. Learn more at https://reactjs.org/link/wrap-tests-with-act
    at VendorForm (C:/Users/Admin/graceful_books/src/components/vendors/VendorForm.tsx:57:3)
Warning: An update to VendorForm inside a test was not wrapped in act(...).

When testing, code that causes React state updates should be wrapped into act(...):

act(() => {
  /* fire events that update state */
});
/* assert on the output */

This ensures that you're testing the behavior the user would see in the browser. Learn more at https://reactjs.org/link/wrap-tests-with-act
    at VendorForm (C:/Users/Admin/graceful_books/src/components/vendors/VendorForm.tsx:57:3)

[90mstderr[2m | src/components/vendors/VendorForm.test.tsx[2m > [22m[2mVendorForm[2m > [22m[2mAddress Section[2m > [22m[2mshould validate address fields when shown
[22m[39mWarning: An update to VendorForm inside a test was not wrapped in act(...).

When testing, code that causes React state updates should be wrapped into act(...):

act(() => {
  /* fire events that update state */
});
/* assert on the output */

This ensures that you're testing the behavior the user would see in the browser. Learn more at https://reactjs.org/link/wrap-tests-with-act
    at VendorForm (C:/Users/Admin/graceful_books/src/components/vendors/VendorForm.tsx:57:3)
Warning: An update to VendorForm inside a test was not wrapped in act(...).

When testing, code that causes React state updates should be wrapped into act(...):

act(() => {
  /* fire events that update state */
});
/* assert on the output */

This ensures that you're testing the behavior the user would see in the browser. Learn more at https://reactjs.org/link/wrap-tests-with-act
    at VendorForm (C:/Users/Admin/graceful_books/src/components/vendors/VendorForm.tsx:57:3)
Warning: An update to VendorForm inside a test was not wrapped in act(...).

When testing, code that causes React state updates should be wrapped into act(...):

act(() => {
  /* fire events that update state */
});
/* assert on the output */

This ensures that you're testing the behavior the user would see in the browser. Learn more at https://reactjs.org/link/wrap-tests-with-act
    at VendorForm (C:/Users/Admin/graceful_books/src/components/vendors/VendorForm.tsx:57:3)

[90mstderr[2m | src/components/vendors/VendorForm.test.tsx[2m > [22m[2mVendorForm[2m > [22m[2mAddress Section[2m > [22m[2mshould validate address fields when shown
[22m[39mWarning: An update to VendorForm inside a test was not wrapped in act(...).

When testing, code that causes React state updates should be wrapped into act(...):

act(() => {
  /* fire events that update state */
});
/* assert on the output */

This ensures that you're testing the behavior the user would see in the browser. Learn more at https://reactjs.org/link/wrap-tests-with-act
    at VendorForm (C:/Users/Admin/graceful_books/src/components/vendors/VendorForm.tsx:57:3)
Warning: An update to VendorForm inside a test was not wrapped in act(...).

When testing, code that causes React state updates should be wrapped into act(...):

act(() => {
  /* fire events that update state */
});
/* assert on the output */

This ensures that you're testing the behavior the user would see in the browser. Learn more at https://reactjs.org/link/wrap-tests-with-act
    at VendorForm (C:/Users/Admin/graceful_books/src/components/vendors/VendorForm.tsx:57:3)
Warning: An update to VendorForm inside a test was not wrapped in act(...).

When testing, code that causes React state updates should be wrapped into act(...):

act(() => {
  /* fire events that update state */
});
/* assert on the output */

This ensures that you're testing the behavior the user would see in the browser. Learn more at https://reactjs.org/link/wrap-tests-with-act
    at VendorForm (C:/Users/Admin/graceful_books/src/components/vendors/VendorForm.tsx:57:3)

[90mstderr[2m | src/components/vendors/VendorForm.test.tsx[2m > [22m[2mVendorForm[2m > [22m[2mAddress Section[2m > [22m[2mshould validate address fields when shown
[22m[39mWarning: An update to VendorForm inside a test was not wrapped in act(...).

When testing, code that causes React state updates should be wrapped into act(...):

act(() => {
  /* fire events that update state */
});
/* assert on the output */

This ensures that you're testing the behavior the user would see in the browser. Learn more at https://reactjs.org/link/wrap-tests-with-act
    at VendorForm (C:/Users/Admin/graceful_books/src/components/vendors/VendorForm.tsx:57:3)
Warning: An update to VendorForm inside a test was not wrapped in act(...).

When testing, code that causes React state updates should be wrapped into act(...):

act(() => {
  /* fire events that update state */
});
/* assert on the output */

This ensures that you're testing the behavior the user would see in the browser. Learn more at https://reactjs.org/link/wrap-tests-with-act
    at VendorForm (C:/Users/Admin/graceful_books/src/components/vendors/VendorForm.tsx:57:3)
Warning: An update to VendorForm inside a test was not wrapped in act(...).

When testing, code that causes React state updates should be wrapped into act(...):

act(() => {
  /* fire events that update state */
});
/* assert on the output */

This ensures that you're testing the behavior the user would see in the browser. Learn more at https://reactjs.org/link/wrap-tests-with-act
    at VendorForm (C:/Users/Admin/graceful_books/src/components/vendors/VendorForm.tsx:57:3)

[90mstderr[2m | src/components/vendors/VendorForm.test.tsx[2m > [22m[2mVendorForm[2m > [22m[2mAddress Section[2m > [22m[2mshould validate address fields when shown
[22m[39mWarning: An update to VendorForm inside a test was not wrapped in act(...).

When testing, code that causes React state updates should be wrapped into act(...):

act(() => {
  /* fire events that update state */
});
/* assert on the output */

This ensures that you're testing the behavior the user would see in the browser. Learn more at https://reactjs.org/link/wrap-tests-with-act
    at VendorForm (C:/Users/Admin/graceful_books/src/components/vendors/VendorForm.tsx:57:3)
Warning: An update to VendorForm inside a test was not wrapped in act(...).

When testing, code that causes React state updates should be wrapped into act(...):

act(() => {
  /* fire events that update state */
});
/* assert on the output */

This ensures that you're testing the behavior the user would see in the browser. Learn more at https://reactjs.org/link/wrap-tests-with-act
    at VendorForm (C:/Users/Admin/graceful_books/src/components/vendors/VendorForm.tsx:57:3)
Warning: An update to VendorForm inside a test was not wrapped in act(...).

When testing, code that causes React state updates should be wrapped into act(...):

act(() => {
  /* fire events that update state */
});
/* assert on the output */

This ensures that you're testing the behavior the user would see in the browser. Learn more at https://reactjs.org/link/wrap-tests-with-act
    at VendorForm (C:/Users/Admin/graceful_books/src/components/vendors/VendorForm.tsx:57:3)

[90mstderr[2m | src/components/vendors/VendorForm.test.tsx[2m > [22m[2mVendorForm[2m > [22m[2mAddress Section[2m > [22m[2mshould validate address fields when shown
[22m[39mWarning: An update to VendorForm inside a test was not wrapped in act(...).

When testing, code that causes React state updates should be wrapped into act(...):

act(() => {
  /* fire events that update state */
});
/* assert on the output */

This ensures that you're testing the behavior the user would see in the browser. Learn more at https://reactjs.org/link/wrap-tests-with-act
    at VendorForm (C:/Users/Admin/graceful_books/src/components/vendors/VendorForm.tsx:57:3)
Warning: An update to VendorForm inside a test was not wrapped in act(...).

When testing, code that causes React state updates should be wrapped into act(...):

act(() => {
  /* fire events that update state */
});
/* assert on the output */

This ensures that you're testing the behavior the user would see in the browser. Learn more at https://reactjs.org/link/wrap-tests-with-act
    at VendorForm (C:/Users/Admin/graceful_books/src/components/vendors/VendorForm.tsx:57:3)
Warning: An update to VendorForm inside a test was not wrapped in act(...).

When testing, code that causes React state updates should be wrapped into act(...):

act(() => {
  /* fire events that update state */
});
/* assert on the output */

This ensures that you're testing the behavior the user would see in the browser. Learn more at https://reactjs.org/link/wrap-tests-with-act
    at VendorForm (C:/Users/Admin/graceful_books/src/components/vendors/VendorForm.tsx:57:3)

[90mstderr[2m | src/components/vendors/VendorForm.test.tsx[2m > [22m[2mVendorForm[2m > [22m[2mAddress Section[2m > [22m[2mshould validate address fields when shown
[22m[39mWarning: An update to VendorForm inside a test was not wrapped in act(...).

When testing, code that causes React state updates should be wrapped into act(...):

act(() => {
  /* fire events that update state */
});
/* assert on the output */

This ensures that you're testing the behavior the user would see in the browser. Learn more at https://reactjs.org/link/wrap-tests-with-act
    at VendorForm (C:/Users/Admin/graceful_books/src/components/vendors/VendorForm.tsx:57:3)
Warning: An update to VendorForm inside a test was not wrapped in act(...).

When testing, code that causes React state updates should be wrapped into act(...):

act(() => {
  /* fire events that update state */
});
/* assert on the output */

This ensures that you're testing the behavior the user would see in the browser. Learn more at https://reactjs.org/link/wrap-tests-with-act
    at VendorForm (C:/Users/Admin/graceful_books/src/components/vendors/VendorForm.tsx:57:3)
Warning: An update to VendorForm inside a test was not wrapped in act(...).

When testing, code that causes React state updates should be wrapped into act(...):

act(() => {
  /* fire events that update state */
});
/* assert on the output */

This ensures that you're testing the behavior the user would see in the browser. Learn more at https://reactjs.org/link/wrap-tests-with-act
    at VendorForm (C:/Users/Admin/graceful_books/src/components/vendors/VendorForm.tsx:57:3)

[90mstderr[2m | src/components/vendors/VendorForm.test.tsx[2m > [22m[2mVendorForm[2m > [22m[2mAddress Section[2m > [22m[2mshould validate address fields when shown
[22m[39mWarning: An update to VendorForm inside a test was not wrapped in act(...).

When testing, code that causes React state updates should be wrapped into act(...):

act(() => {
  /* fire events that update state */
});
/* assert on the output */

This ensures that you're testing the behavior the user would see in the browser. Learn more at https://reactjs.org/link/wrap-tests-with-act
    at VendorForm (C:/Users/Admin/graceful_books/src/components/vendors/VendorForm.tsx:57:3)
Warning: An update to VendorForm inside a test was not wrapped in act(...).

When testing, code that causes React state updates should be wrapped into act(...):

act(() => {
  /* fire events that update state */
});
/* assert on the output */

This ensures that you're testing the behavior the user would see in the browser. Learn more at https://reactjs.org/link/wrap-tests-with-act
    at VendorForm (C:/Users/Admin/graceful_books/src/components/vendors/VendorForm.tsx:57:3)
Warning: An update to VendorForm inside a test was not wrapped in act(...).

When testing, code that causes React state updates should be wrapped into act(...):

act(() => {
  /* fire events that update state */
});
/* assert on the output */

This ensures that you're testing the behavior the user would see in the browser. Learn more at https://reactjs.org/link/wrap-tests-with-act
    at VendorForm (C:/Users/Admin/graceful_books/src/components/vendors/VendorForm.tsx:57:3)

[90mstderr[2m | src/components/vendors/VendorForm.test.tsx[2m > [22m[2mVendorForm[2m > [22m[2mAddress Section[2m > [22m[2mshould validate address fields when shown
[22m[39mWarning: An update to VendorForm inside a test was not wrapped in act(...).

When testing, code that causes React state updates should be wrapped into act(...):

act(() => {
  /* fire events that update state */
});
/* assert on the output */

This ensures that you're testing the behavior the user would see in the browser. Learn more at https://reactjs.org/link/wrap-tests-with-act
    at VendorForm (C:/Users/Admin/graceful_books/src/components/vendors/VendorForm.tsx:57:3)
Warning: An update to VendorForm inside a test was not wrapped in act(...).

When testing, code that causes React state updates should be wrapped into act(...):

act(() => {
  /* fire events that update state */
});
/* assert on the output */

This ensures that you're testing the behavior the user would see in the browser. Learn more at https://reactjs.org/link/wrap-tests-with-act
    at VendorForm (C:/Users/Admin/graceful_books/src/components/vendors/VendorForm.tsx:57:3)
Warning: An update to VendorForm inside a test was not wrapped in act(...).

When testing, code that causes React state updates should be wrapped into act(...):

act(() => {
  /* fire events that update state */
});
/* assert on the output */

This ensures that you're testing the behavior the user would see in the browser. Learn more at https://reactjs.org/link/wrap-tests-with-act
    at VendorForm (C:/Users/Admin/graceful_books/src/components/vendors/VendorForm.tsx:57:3)

[90mstderr[2m | src/components/vendors/VendorForm.test.tsx[2m > [22m[2mVendorForm[2m > [22m[2mAddress Section[2m > [22m[2mshould validate address fields when shown
[22m[39mWarning: An update to VendorForm inside a test was not wrapped in act(...).

When testing, code that causes React state updates should be wrapped into act(...):

act(() => {
  /* fire events that update state */
});
/* assert on the output */

This ensures that you're testing the behavior the user would see in the browser. Learn more at https://reactjs.org/link/wrap-tests-with-act
    at VendorForm (C:/Users/Admin/graceful_books/src/components/vendors/VendorForm.tsx:57:3)
Warning: An update to VendorForm inside a test was not wrapped in act(...).

When testing, code that causes React state updates should be wrapped into act(...):

act(() => {
  /* fire events that update state */
});
/* assert on the output */

This ensures that you're testing the behavior the user would see in the browser. Learn more at https://reactjs.org/link/wrap-tests-with-act
    at VendorForm (C:/Users/Admin/graceful_books/src/components/vendors/VendorForm.tsx:57:3)
Warning: An update to VendorForm inside a test was not wrapped in act(...).

When testing, code that causes React state updates should be wrapped into act(...):

act(() => {
  /* fire events that update state */
});
/* assert on the output */

This ensures that you're testing the behavior the user would see in the browser. Learn more at https://reactjs.org/link/wrap-tests-with-act
    at VendorForm (C:/Users/Admin/graceful_books/src/components/vendors/VendorForm.tsx:57:3)

[90mstderr[2m | src/components/vendors/VendorForm.test.tsx[2m > [22m[2mVendorForm[2m > [22m[2mAddress Section[2m > [22m[2mshould validate address fields when shown
[22m[39mWarning: An update to VendorForm inside a test was not wrapped in act(...).

When testing, code that causes React state updates should be wrapped into act(...):

act(() => {
  /* fire events that update state */
});
/* assert on the output */

This ensures that you're testing the behavior the user would see in the browser. Learn more at https://reactjs.org/link/wrap-tests-with-act
    at VendorForm (C:/Users/Admin/graceful_books/src/components/vendors/VendorForm.tsx:57:3)
Warning: An update to VendorForm inside a test was not wrapped in act(...).

When testing, code that causes React state updates should be wrapped into act(...):

act(() => {
  /* fire events that update state */
});
/* assert on the output */

This ensures that you're testing the behavior the user would see in the browser. Learn more at https://reactjs.org/link/wrap-tests-with-act
    at VendorForm (C:/Users/Admin/graceful_books/src/components/vendors/VendorForm.tsx:57:3)
Warning: An update to VendorForm inside a test was not wrapped in act(...).

When testing, code that causes React state updates should be wrapped into act(...):

act(() => {
  /* fire events that update state */
});
/* assert on the output */

This ensures that you're testing the behavior the user would see in the browser. Learn more at https://reactjs.org/link/wrap-tests-with-act
    at VendorForm (C:/Users/Admin/graceful_books/src/components/vendors/VendorForm.tsx:57:3)

[90mstderr[2m | src/components/vendors/VendorForm.test.tsx[2m > [22m[2mVendorForm[2m > [22m[2mAccessibility[2m > [22m[2mshould link error messages to inputs with aria-describedby
[22m[39mWarning: An update to VendorForm inside a test was not wrapped in act(...).

When testing, code that causes React state updates should be wrapped into act(...):

act(() => {
  /* fire events that update state */
});
/* assert on the output */

This ensures that you're testing the behavior the user would see in the browser. Learn more at https://reactjs.org/link/wrap-tests-with-act
    at VendorForm (C:/Users/Admin/graceful_books/src/components/vendors/VendorForm.tsx:57:3)
Warning: An update to VendorForm inside a test was not wrapped in act(...).

When testing, code that causes React state updates should be wrapped into act(...):

act(() => {
  /* fire events that update state */
});
/* assert on the output */

This ensures that you're testing the behavior the user would see in the browser. Learn more at https://reactjs.org/link/wrap-tests-with-act
    at VendorForm (C:/Users/Admin/graceful_books/src/components/vendors/VendorForm.tsx:57:3)
Warning: An update to VendorForm inside a test was not wrapped in act(...).

When testing, code that causes React state updates should be wrapped into act(...):

act(() => {
  /* fire events that update state */
});
/* assert on the output */

This ensures that you're testing the behavior the user would see in the browser. Learn more at https://reactjs.org/link/wrap-tests-with-act
    at VendorForm (C:/Users/Admin/graceful_books/src/components/vendors/VendorForm.tsx:57:3)

[90mstderr[2m | src/components/vendors/VendorForm.test.tsx[2m > [22m[2mVendorForm[2m > [22m[2mSteadiness Communication Style[2m > [22m[2mshould use patient and supportive error messages
[22m[39mWarning: An update to VendorForm inside a test was not wrapped in act(...).

When testing, code that causes React state updates should be wrapped into act(...):

act(() => {
  /* fire events that update state */
});
/* assert on the output */

This ensures that you're testing the behavior the user would see in the browser. Learn more at https://reactjs.org/link/wrap-tests-with-act
    at VendorForm (C:/Users/Admin/graceful_books/src/components/vendors/VendorForm.tsx:57:3)
Warning: An update to VendorForm inside a test was not wrapped in act(...).

When testing, code that causes React state updates should be wrapped into act(...):

act(() => {
  /* fire events that update state */
});
/* assert on the output */

This ensures that you're testing the behavior the user would see in the browser. Learn more at https://reactjs.org/link/wrap-tests-with-act
    at VendorForm (C:/Users/Admin/graceful_books/src/components/vendors/VendorForm.tsx:57:3)
Warning: An update to VendorForm inside a test was not wrapped in act(...).

When testing, code that causes React state updates should be wrapped into act(...):

act(() => {
  /* fire events that update state */
});
/* assert on the output */

This ensures that you're testing the behavior the user would see in the browser. Learn more at https://reactjs.org/link/wrap-tests-with-act
    at VendorForm (C:/Users/Admin/graceful_books/src/components/vendors/VendorForm.tsx:57:3)

 [32m✓[39m src/components/vendors/VendorForm.test.tsx [2m([22m[2m24 tests[22m[2m)[22m[33m 4248[2mms[22m[39m
       [33m[2m✓[22m[39m should render form in create mode [33m 395[2mms[22m[39m
       [33m[2m✓[22m[39m should submit valid vendor data [33m 493[2mms[22m[39m
       [33m[2m✓[22m[39m should validate email format [33m 572[2mms[22m[39m
       [33m[2m✓[22m[39m should validate phone format [33m 407[2mms[22m[39m
       [33m[2m✓[22m[39m should update vendor data on submit [33m 414[2mms[22m[39m
       [33m[2m✓[22m[39m should validate address fields when shown [33m 695[2mms[22m[39m
[90mstderr[2m | src/components/checklist/ChecklistView.test.tsx[2m > [22m[2mChecklistView[2m > [22m[2mInteractions[2m > [22m[2mexpands category when clicked
[22m[39mWarning: An update to ChecklistView inside a test was not wrapped in act(...).

When testing, code that causes React state updates should be wrapped into act(...):

act(() => {
  /* fire events that update state */
});
/* assert on the output */

This ensures that you're testing the behavior the user would see in the browser. Learn more at https://reactjs.org/link/wrap-tests-with-act
    at ChecklistView (C:/Users/Admin/graceful_books/src/components/checklist/ChecklistView.tsx:14:3)

[90mstderr[2m | src/components/checklist/ChecklistView.test.tsx[2m > [22m[2mChecklistView[2m > [22m[2mInteractions[2m > [22m[2mcalls onCompleteItem when item is completed
[22m[39mWarning: An update to ChecklistView inside a test was not wrapped in act(...).

When testing, code that causes React state updates should be wrapped into act(...):

act(() => {
  /* fire events that update state */
});
/* assert on the output */

This ensures that you're testing the behavior the user would see in the browser. Learn more at https://reactjs.org/link/wrap-tests-with-act
    at ChecklistView (C:/Users/Admin/graceful_books/src/components/checklist/ChecklistView.tsx:14:3)

[90mstderr[2m | src/components/checklist/ChecklistView.test.tsx[2m > [22m[2mChecklistView[2m > [22m[2mInteractions[2m > [22m[2mopens snooze modal when snooze is clicked
[22m[39mWarning: An update to ChecklistView inside a test was not wrapped in act(...).

When testing, code that causes React state updates should be wrapped into act(...):

act(() => {
  /* fire events that update state */
});
/* assert on the output */

This ensures that you're testing the behavior the user would see in the browser. Learn more at https://reactjs.org/link/wrap-tests-with-act
    at ChecklistView (C:/Users/Admin/graceful_books/src/components/checklist/ChecklistView.tsx:14:3)

[90mstderr[2m | src/components/checklist/ChecklistView.test.tsx[2m > [22m[2mChecklistView[2m > [22m[2mInteractions[2m > [22m[2mopens snooze modal when snooze is clicked
[22m[39mWarning: An update to ChecklistItem inside a test was not wrapped in act(...).

When testing, code that causes React state updates should be wrapped into act(...):

act(() => {
  /* fire events that update state */
});
/* assert on the output */

This ensures that you're testing the behavior the user would see in the browser. Learn more at https://reactjs.org/link/wrap-tests-with-act
    at ChecklistItem (C:/Users/Admin/graceful_books/src/components/checklist/ChecklistItem.tsx:9:3)
    at div
    at div
    at div
    at CategorySection (C:/Users/Admin/graceful_books/src/components/checklist/ChecklistView.tsx:302:3)
    at div
    at div
    at div
    at div
    at ChecklistView (C:/Users/Admin/graceful_books/src/components/checklist/ChecklistView.tsx:14:3)

[90mstderr[2m | src/components/checklist/ChecklistView.test.tsx[2m > [22m[2mChecklistView[2m > [22m[2mInteractions[2m > [22m[2mopens snooze modal when snooze is clicked
[22m[39mWarning: An update to ChecklistView inside a test was not wrapped in act(...).

When testing, code that causes React state updates should be wrapped into act(...):

act(() => {
  /* fire events that update state */
});
/* assert on the output */

This ensures that you're testing the behavior the user would see in the browser. Learn more at https://reactjs.org/link/wrap-tests-with-act
    at ChecklistView (C:/Users/Admin/graceful_books/src/components/checklist/ChecklistView.tsx:14:3)
Warning: An update to ChecklistView inside a test was not wrapped in act(...).

When testing, code that causes React state updates should be wrapped into act(...):

act(() => {
  /* fire events that update state */
});
/* assert on the output */

This ensures that you're testing the behavior the user would see in the browser. Learn more at https://reactjs.org/link/wrap-tests-with-act
    at ChecklistView (C:/Users/Admin/graceful_books/src/components/checklist/ChecklistView.tsx:14:3)
Warning: An update to ChecklistItem inside a test was not wrapped in act(...).

When testing, code that causes React state updates should be wrapped into act(...):

act(() => {
  /* fire events that update state */
});
/* assert on the output */

This ensures that you're testing the behavior the user would see in the browser. Learn more at https://reactjs.org/link/wrap-tests-with-act
    at ChecklistItem (C:/Users/Admin/graceful_books/src/components/checklist/ChecklistItem.tsx:9:3)
    at div
    at div
    at div
    at CategorySection (C:/Users/Admin/graceful_books/src/components/checklist/ChecklistView.tsx:302:3)
    at div
    at div
    at div
    at div
    at ChecklistView (C:/Users/Admin/graceful_books/src/components/checklist/ChecklistView.tsx:14:3)

[90mstderr[2m | src/components/checklist/ChecklistView.test.tsx[2m > [22m[2mChecklistView[2m > [22m[2mInteractions[2m > [22m[2msearches for items
[22m[39mWarning: An update to ChecklistView inside a test was not wrapped in act(...).

When testing, code that causes React state updates should be wrapped into act(...):

act(() => {
  /* fire events that update state */
});
/* assert on the output */

This ensures that you're testing the behavior the user would see in the browser. Learn more at https://reactjs.org/link/wrap-tests-with-act
    at ChecklistView (C:/Users/Admin/graceful_books/src/components/checklist/ChecklistView.tsx:14:3)

[90mstderr[2m | src/components/checklist/ChecklistView.test.tsx[2m > [22m[2mChecklistView[2m > [22m[2mInteractions[2m > [22m[2msearches for items
[22m[39mWarning: An update to ChecklistView inside a test was not wrapped in act(...).

When testing, code that causes React state updates should be wrapped into act(...):

act(() => {
  /* fire events that update state */
});
/* assert on the output */

This ensures that you're testing the behavior the user would see in the browser. Learn more at https://reactjs.org/link/wrap-tests-with-act
    at ChecklistView (C:/Users/Admin/graceful_books/src/components/checklist/ChecklistView.tsx:14:3)

[90mstderr[2m | src/components/checklist/ChecklistView.test.tsx[2m > [22m[2mChecklistView[2m > [22m[2mInteractions[2m > [22m[2msearches for items
[22m[39mWarning: An update to ChecklistView inside a test was not wrapped in act(...).

When testing, code that causes React state updates should be wrapped into act(...):

act(() => {
  /* fire events that update state */
});
/* assert on the output */

This ensures that you're testing the behavior the user would see in the browser. Learn more at https://reactjs.org/link/wrap-tests-with-act
    at ChecklistView (C:/Users/Admin/graceful_books/src/components/checklist/ChecklistView.tsx:14:3)

[90mstderr[2m | src/components/checklist/ChecklistView.test.tsx[2m > [22m[2mChecklistView[2m > [22m[2mInteractions[2m > [22m[2msearches for items
[22m[39mWarning: An update to ChecklistView inside a test was not wrapped in act(...).

When testing, code that causes React state updates should be wrapped into act(...):

act(() => {
  /* fire events that update state */
});
/* assert on the output */

This ensures that you're testing the behavior the user would see in the browser. Learn more at https://reactjs.org/link/wrap-tests-with-act
    at ChecklistView (C:/Users/Admin/graceful_books/src/components/checklist/ChecklistView.tsx:14:3)

[90mstderr[2m | src/components/checklist/ChecklistView.test.tsx[2m > [22m[2mChecklistView[2m > [22m[2mInteractions[2m > [22m[2msearches for items
[22m[39mWarning: An update to ChecklistView inside a test was not wrapped in act(...).

When testing, code that causes React state updates should be wrapped into act(...):

act(() => {
  /* fire events that update state */
});
/* assert on the output */

This ensures that you're testing the behavior the user would see in the browser. Learn more at https://reactjs.org/link/wrap-tests-with-act
    at ChecklistView (C:/Users/Admin/graceful_books/src/components/checklist/ChecklistView.tsx:14:3)

[90mstderr[2m | src/components/checklist/ChecklistView.test.tsx[2m > [22m[2mChecklistView[2m > [22m[2mInteractions[2m > [22m[2msearches for items
[22m[39mWarning: An update to ChecklistView inside a test was not wrapped in act(...).

When testing, code that causes React state updates should be wrapped into act(...):

act(() => {
  /* fire events that update state */
});
/* assert on the output */

This ensures that you're testing the behavior the user would see in the browser. Learn more at https://reactjs.org/link/wrap-tests-with-act
    at ChecklistView (C:/Users/Admin/graceful_books/src/components/checklist/ChecklistView.tsx:14:3)

[90mstderr[2m | src/components/checklist/ChecklistView.test.tsx[2m > [22m[2mChecklistView[2m > [22m[2mInteractions[2m > [22m[2msearches for items
[22m[39mWarning: An update to ChecklistView inside a test was not wrapped in act(...).

When testing, code that causes React state updates should be wrapped into act(...):

act(() => {
  /* fire events that update state */
});
/* assert on the output */

This ensures that you're testing the behavior the user would see in the browser. Learn more at https://reactjs.org/link/wrap-tests-with-act
    at ChecklistView (C:/Users/Admin/graceful_books/src/components/checklist/ChecklistView.tsx:14:3)

[90mstderr[2m | src/components/checklist/ChecklistView.test.tsx[2m > [22m[2mChecklistView[2m > [22m[2mInteractions[2m > [22m[2msearches for items
[22m[39mWarning: An update to ChecklistView inside a test was not wrapped in act(...).

When testing, code that causes React state updates should be wrapped into act(...):

act(() => {
  /* fire events that update state */
});
/* assert on the output */

This ensures that you're testing the behavior the user would see in the browser. Learn more at https://reactjs.org/link/wrap-tests-with-act
    at ChecklistView (C:/Users/Admin/graceful_books/src/components/checklist/ChecklistView.tsx:14:3)

[90mstderr[2m | src/components/checklist/ChecklistView.test.tsx[2m > [22m[2mChecklistView[2m > [22m[2mInteractions[2m > [22m[2msearches for items
[22m[39mWarning: An update to ChecklistView inside a test was not wrapped in act(...).

When testing, code that causes React state updates should be wrapped into act(...):

act(() => {
  /* fire events that update state */
});
/* assert on the output */

This ensures that you're testing the behavior the user would see in the browser. Learn more at https://reactjs.org/link/wrap-tests-with-act
    at ChecklistView (C:/Users/Admin/graceful_books/src/components/checklist/ChecklistView.tsx:14:3)

[90mstderr[2m | src/components/checklist/ChecklistView.test.tsx[2m > [22m[2mChecklistView[2m > [22m[2mInteractions[2m > [22m[2msearches for items
[22m[39mWarning: An update to ChecklistView inside a test was not wrapped in act(...).

When testing, code that causes React state updates should be wrapped into act(...):

act(() => {
  /* fire events that update state */
});
/* assert on the output */

This ensures that you're testing the behavior the user would see in the browser. Learn more at https://reactjs.org/link/wrap-tests-with-act
    at ChecklistView (C:/Users/Admin/graceful_books/src/components/checklist/ChecklistView.tsx:14:3)

[90mstderr[2m | src/components/checklist/ChecklistView.test.tsx[2m > [22m[2mChecklistView[2m > [22m[2mInteractions[2m > [22m[2msearches for items
[22m[39mWarning: An update to ChecklistView inside a test was not wrapped in act(...).

When testing, code that causes React state updates should be wrapped into act(...):

act(() => {
  /* fire events that update state */
});
/* assert on the output */

This ensures that you're testing the behavior the user would see in the browser. Learn more at https://reactjs.org/link/wrap-tests-with-act
    at ChecklistView (C:/Users/Admin/graceful_books/src/components/checklist/ChecklistView.tsx:14:3)

[90mstderr[2m | src/components/checklist/ChecklistView.test.tsx[2m > [22m[2mChecklistView[2m > [22m[2mInteractions[2m > [22m[2msearches for items
[22m[39mWarning: An update to ChecklistView inside a test was not wrapped in act(...).

When testing, code that causes React state updates should be wrapped into act(...):

act(() => {
  /* fire events that update state */
});
/* assert on the output */

This ensures that you're testing the behavior the user would see in the browser. Learn more at https://reactjs.org/link/wrap-tests-with-act
    at ChecklistView (C:/Users/Admin/graceful_books/src/components/checklist/ChecklistView.tsx:14:3)

[90mstderr[2m | src/components/checklist/ChecklistView.test.tsx[2m > [22m[2mChecklistView[2m > [22m[2mFiltering[2m > [22m[2mfilters by view mode - Active
[22m[39mWarning: An update to ChecklistView inside a test was not wrapped in act(...).

When testing, code that causes React state updates should be wrapped into act(...):

act(() => {
  /* fire events that update state */
});
/* assert on the output */

This ensures that you're testing the behavior the user would see in the browser. Learn more at https://reactjs.org/link/wrap-tests-with-act
    at ChecklistView (C:/Users/Admin/graceful_books/src/components/checklist/ChecklistView.tsx:14:3)

[90mstderr[2m | src/components/checklist/ChecklistView.test.tsx[2m > [22m[2mChecklistView[2m > [22m[2mFiltering[2m > [22m[2mfilters by view mode - Completed
[22m[39mWarning: An update to ChecklistView inside a test was not wrapped in act(...).

When testing, code that causes React state updates should be wrapped into act(...):

act(() => {
  /* fire events that update state */
});
/* assert on the output */

This ensures that you're testing the behavior the user would see in the browser. Learn more at https://reactjs.org/link/wrap-tests-with-act
    at ChecklistView (C:/Users/Admin/graceful_books/src/components/checklist/ChecklistView.tsx:14:3)

[90mstderr[2m | src/components/checklist/ChecklistView.test.tsx[2m > [22m[2mChecklistView[2m > [22m[2mFiltering[2m > [22m[2mfilters by view mode - Completed
[22m[39mWarning: An update to ChecklistView inside a test was not wrapped in act(...).

When testing, code that causes React state updates should be wrapped into act(...):

act(() => {
  /* fire events that update state */
});
/* assert on the output */

This ensures that you're testing the behavior the user would see in the browser. Learn more at https://reactjs.org/link/wrap-tests-with-act
    at ChecklistView (C:/Users/Admin/graceful_books/src/components/checklist/ChecklistView.tsx:14:3)

[90mstderr[2m | src/components/checklist/ChecklistView.test.tsx[2m > [22m[2mChecklistView[2m > [22m[2mFiltering[2m > [22m[2mshows no results message when no items match filters
[22m[39mWarning: An update to ChecklistView inside a test was not wrapped in act(...).

When testing, code that causes React state updates should be wrapped into act(...):

act(() => {
  /* fire events that update state */
});
/* assert on the output */

This ensures that you're testing the behavior the user would see in the browser. Learn more at https://reactjs.org/link/wrap-tests-with-act
    at ChecklistView (C:/Users/Admin/graceful_books/src/components/checklist/ChecklistView.tsx:14:3)

[90mstderr[2m | src/components/checklist/ChecklistView.test.tsx[2m > [22m[2mChecklistView[2m > [22m[2mFiltering[2m > [22m[2mshows no results message when no items match filters
[22m[39mWarning: An update to ChecklistView inside a test was not wrapped in act(...).

When testing, code that causes React state updates should be wrapped into act(...):

act(() => {
  /* fire events that update state */
});
/* assert on the output */

This ensures that you're testing the behavior the user would see in the browser. Learn more at https://reactjs.org/link/wrap-tests-with-act
    at ChecklistView (C:/Users/Admin/graceful_books/src/components/checklist/ChecklistView.tsx:14:3)

[90mstderr[2m | src/components/checklist/ChecklistView.test.tsx[2m > [22m[2mChecklistView[2m > [22m[2mFiltering[2m > [22m[2mshows no results message when no items match filters
[22m[39mWarning: An update to ChecklistView inside a test was not wrapped in act(...).

When testing, code that causes React state updates should be wrapped into act(...):

act(() => {
  /* fire events that update state */
});
/* assert on the output */

This ensures that you're testing the behavior the user would see in the browser. Learn more at https://reactjs.org/link/wrap-tests-with-act
    at ChecklistView (C:/Users/Admin/graceful_books/src/components/checklist/ChecklistView.tsx:14:3)

[90mstderr[2m | src/components/checklist/ChecklistView.test.tsx[2m > [22m[2mChecklistView[2m > [22m[2mFiltering[2m > [22m[2mshows no results message when no items match filters
[22m[39mWarning: An update to ChecklistView inside a test was not wrapped in act(...).

When testing, code that causes React state updates should be wrapped into act(...):

act(() => {
  /* fire events that update state */
});
/* assert on the output */

This ensures that you're testing the behavior the user would see in the browser. Learn more at https://reactjs.org/link/wrap-tests-with-act
    at ChecklistView (C:/Users/Admin/graceful_books/src/components/checklist/ChecklistView.tsx:14:3)

[90mstderr[2m | src/components/checklist/ChecklistView.test.tsx[2m > [22m[2mChecklistView[2m > [22m[2mFiltering[2m > [22m[2mshows no results message when no items match filters
[22m[39mWarning: An update to ChecklistView inside a test was not wrapped in act(...).

When testing, code that causes React state updates should be wrapped into act(...):

act(() => {
  /* fire events that update state */
});
/* assert on the output */

This ensures that you're testing the behavior the user would see in the browser. Learn more at https://reactjs.org/link/wrap-tests-with-act
    at ChecklistView (C:/Users/Admin/graceful_books/src/components/checklist/ChecklistView.tsx:14:3)

[90mstderr[2m | src/components/checklist/ChecklistView.test.tsx[2m > [22m[2mChecklistView[2m > [22m[2mFiltering[2m > [22m[2mshows no results message when no items match filters
[22m[39mWarning: An update to ChecklistView inside a test was not wrapped in act(...).

When testing, code that causes React state updates should be wrapped into act(...):

act(() => {
  /* fire events that update state */
});
/* assert on the output */

This ensures that you're testing the behavior the user would see in the browser. Learn more at https://reactjs.org/link/wrap-tests-with-act
    at ChecklistView (C:/Users/Admin/graceful_books/src/components/checklist/ChecklistView.tsx:14:3)

[90mstderr[2m | src/components/checklist/ChecklistView.test.tsx[2m > [22m[2mChecklistView[2m > [22m[2mFiltering[2m > [22m[2mshows no results message when no items match filters
[22m[39mWarning: An update to ChecklistView inside a test was not wrapped in act(...).

When testing, code that causes React state updates should be wrapped into act(...):

act(() => {
  /* fire events that update state */
});
/* assert on the output */

This ensures that you're testing the behavior the user would see in the browser. Learn more at https://reactjs.org/link/wrap-tests-with-act
    at ChecklistView (C:/Users/Admin/graceful_books/src/components/checklist/ChecklistView.tsx:14:3)

[90mstderr[2m | src/components/checklist/ChecklistView.test.tsx[2m > [22m[2mChecklistView[2m > [22m[2mFiltering[2m > [22m[2mshows no results message when no items match filters
[22m[39mWarning: An update to ChecklistView inside a test was not wrapped in act(...).

When testing, code that causes React state updates should be wrapped into act(...):

act(() => {
  /* fire events that update state */
});
/* assert on the output */

This ensures that you're testing the behavior the user would see in the browser. Learn more at https://reactjs.org/link/wrap-tests-with-act
    at ChecklistView (C:/Users/Admin/graceful_books/src/components/checklist/ChecklistView.tsx:14:3)

[90mstderr[2m | src/components/checklist/ChecklistView.test.tsx[2m > [22m[2mChecklistView[2m > [22m[2mFiltering[2m > [22m[2mshows no results message when no items match filters
[22m[39mWarning: An update to ChecklistView inside a test was not wrapped in act(...).

When testing, code that causes React state updates should be wrapped into act(...):

act(() => {
  /* fire events that update state */
});
/* assert on the output */

This ensures that you're testing the behavior the user would see in the browser. Learn more at https://reactjs.org/link/wrap-tests-with-act
    at ChecklistView (C:/Users/Admin/graceful_books/src/components/checklist/ChecklistView.tsx:14:3)

[90mstderr[2m | src/components/checklist/ChecklistView.test.tsx[2m > [22m[2mChecklistView[2m > [22m[2mFiltering[2m > [22m[2mshows no results message when no items match filters
[22m[39mWarning: An update to ChecklistView inside a test was not wrapped in act(...).

When testing, code that causes React state updates should be wrapped into act(...):

act(() => {
  /* fire events that update state */
});
/* assert on the output */

This ensures that you're testing the behavior the user would see in the browser. Learn more at https://reactjs.org/link/wrap-tests-with-act
    at ChecklistView (C:/Users/Admin/graceful_books/src/components/checklist/ChecklistView.tsx:14:3)

[90mstderr[2m | src/components/checklist/ChecklistView.test.tsx[2m > [22m[2mChecklistView[2m > [22m[2mFiltering[2m > [22m[2mshows no results message when no items match filters
[22m[39mWarning: An update to ChecklistView inside a test was not wrapped in act(...).

When testing, code that causes React state updates should be wrapped into act(...):

act(() => {
  /* fire events that update state */
});
/* assert on the output */

This ensures that you're testing the behavior the user would see in the browser. Learn more at https://reactjs.org/link/wrap-tests-with-act
    at ChecklistView (C:/Users/Admin/graceful_books/src/components/checklist/ChecklistView.tsx:14:3)

[90mstderr[2m | src/components/checklist/ChecklistView.test.tsx[2m > [22m[2mChecklistView[2m > [22m[2mFiltering[2m > [22m[2mshows no results message when no items match filters
[22m[39mWarning: An update to ChecklistView inside a test was not wrapped in act(...).

When testing, code that causes React state updates should be wrapped into act(...):

act(() => {
  /* fire events that update state */
});
/* assert on the output */

This ensures that you're testing the behavior the user would see in the browser. Learn more at https://reactjs.org/link/wrap-tests-with-act
    at ChecklistView (C:/Users/Admin/graceful_books/src/components/checklist/ChecklistView.tsx:14:3)

[90mstderr[2m | src/components/checklist/ChecklistView.test.tsx[2m > [22m[2mChecklistView[2m > [22m[2mFiltering[2m > [22m[2mshows no results message when no items match filters
[22m[39mWarning: An update to ChecklistView inside a test was not wrapped in act(...).

When testing, code that causes React state updates should be wrapped into act(...):

act(() => {
  /* fire events that update state */
});
/* assert on the output */

This ensures that you're testing the behavior the user would see in the browser. Learn more at https://reactjs.org/link/wrap-tests-with-act
    at ChecklistView (C:/Users/Admin/graceful_books/src/components/checklist/ChecklistView.tsx:14:3)

[90mstderr[2m | src/components/checklist/ChecklistView.test.tsx[2m > [22m[2mChecklistView[2m > [22m[2mFiltering[2m > [22m[2mshows no results message when no items match filters
[22m[39mWarning: An update to ChecklistView inside a test was not wrapped in act(...).

When testing, code that causes React state updates should be wrapped into act(...):

act(() => {
  /* fire events that update state */
});
/* assert on the output */

This ensures that you're testing the behavior the user would see in the browser. Learn more at https://reactjs.org/link/wrap-tests-with-act
    at ChecklistView (C:/Users/Admin/graceful_books/src/components/checklist/ChecklistView.tsx:14:3)

[90mstderr[2m | src/components/checklist/ChecklistView.test.tsx[2m > [22m[2mChecklistView[2m > [22m[2mFiltering[2m > [22m[2mshows no results message when no items match filters
[22m[39mWarning: An update to ChecklistView inside a test was not wrapped in act(...).

When testing, code that causes React state updates should be wrapped into act(...):

act(() => {
  /* fire events that update state */
});
/* assert on the output */

This ensures that you're testing the behavior the user would see in the browser. Learn more at https://reactjs.org/link/wrap-tests-with-act
    at ChecklistView (C:/Users/Admin/graceful_books/src/components/checklist/ChecklistView.tsx:14:3)

[90mstderr[2m | src/components/checklist/ChecklistView.test.tsx[2m > [22m[2mChecklistView[2m > [22m[2mFiltering[2m > [22m[2mshows no results message when no items match filters
[22m[39mWarning: An update to ChecklistView inside a test was not wrapped in act(...).

When testing, code that causes React state updates should be wrapped into act(...):

act(() => {
  /* fire events that update state */
});
/* assert on the output */

This ensures that you're testing the behavior the user would see in the browser. Learn more at https://reactjs.org/link/wrap-tests-with-act
    at ChecklistView (C:/Users/Admin/graceful_books/src/components/checklist/ChecklistView.tsx:14:3)

[90mstderr[2m | src/components/checklist/ChecklistView.test.tsx[2m > [22m[2mChecklistView[2m > [22m[2mFiltering[2m > [22m[2mshows no results message when no items match filters
[22m[39mWarning: An update to ChecklistView inside a test was not wrapped in act(...).

When testing, code that causes React state updates should be wrapped into act(...):

act(() => {
  /* fire events that update state */
});
/* assert on the output */

This ensures that you're testing the behavior the user would see in the browser. Learn more at https://reactjs.org/link/wrap-tests-with-act
    at ChecklistView (C:/Users/Admin/graceful_books/src/components/checklist/ChecklistView.tsx:14:3)

[90mstderr[2m | src/components/checklist/ChecklistView.test.tsx[2m > [22m[2mChecklistView[2m > [22m[2mFiltering[2m > [22m[2mshows no results message when no items match filters
[22m[39mWarning: An update to ChecklistView inside a test was not wrapped in act(...).

When testing, code that causes React state updates should be wrapped into act(...):

act(() => {
  /* fire events that update state */
});
/* assert on the output */

This ensures that you're testing the behavior the user would see in the browser. Learn more at https://reactjs.org/link/wrap-tests-with-act
    at ChecklistView (C:/Users/Admin/graceful_books/src/components/checklist/ChecklistView.tsx:14:3)

[90mstderr[2m | src/components/checklist/ChecklistView.test.tsx[2m > [22m[2mChecklistView[2m > [22m[2mFiltering[2m > [22m[2mshows no results message when no items match filters
[22m[39mWarning: An update to ChecklistView inside a test was not wrapped in act(...).

When testing, code that causes React state updates should be wrapped into act(...):

act(() => {
  /* fire events that update state */
});
/* assert on the output */

This ensures that you're testing the behavior the user would see in the browser. Learn more at https://reactjs.org/link/wrap-tests-with-act
    at ChecklistView (C:/Users/Admin/graceful_books/src/components/checklist/ChecklistView.tsx:14:3)

[90mstderr[2m | src/components/checklist/ChecklistView.test.tsx[2m > [22m[2mChecklistView[2m > [22m[2mFiltering[2m > [22m[2mshows no results message when no items match filters
[22m[39mWarning: An update to ChecklistView inside a test was not wrapped in act(...).

When testing, code that causes React state updates should be wrapped into act(...):

act(() => {
  /* fire events that update state */
});
/* assert on the output */

This ensures that you're testing the behavior the user would see in the browser. Learn more at https://reactjs.org/link/wrap-tests-with-act
    at ChecklistView (C:/Users/Admin/graceful_books/src/components/checklist/ChecklistView.tsx:14:3)

 [32m✓[39m src/components/checklist/ChecklistView.test.tsx [2m([22m[2m15 tests[22m[2m)[22m[33m 3382[2mms[22m[39m
       [33m[2m✓[22m[39m renders filter tabs with counts [33m 515[2mms[22m[39m
       [33m[2m✓[22m[39m opens snooze modal when snooze is clicked [33m 429[2mms[22m[39m
       [33m[2m✓[22m[39m searches for items [33m 403[2mms[22m[39m
       [33m[2m✓[22m[39m shows no results message when no items match filters [33m 435[2mms[22m[39m
[90mstderr[2m | src/components/vendors/VendorList.test.tsx[2m > [22m[2mVendorList[2m > [22m[2mSearch Functionality[2m > [22m[2mshould filter vendors by name
[22m[39mWarning: An update to VendorList inside a test was not wrapped in act(...).

When testing, code that causes React state updates should be wrapped into act(...):

act(() => {
  /* fire events that update state */
});
/* assert on the output */

This ensures that you're testing the behavior the user would see in the browser. Learn more at https://reactjs.org/link/wrap-tests-with-act
    at VendorList (C:/Users/Admin/graceful_books/src/components/vendors/VendorList.tsx:65:3)

[90mstderr[2m | src/components/vendors/VendorList.test.tsx[2m > [22m[2mVendorList[2m > [22m[2mSearch Functionality[2m > [22m[2mshould filter vendors by name
[22m[39mWarning: An update to VendorList inside a test was not wrapped in act(...).

When testing, code that causes React state updates should be wrapped into act(...):

act(() => {
  /* fire events that update state */
});
/* assert on the output */

This ensures that you're testing the behavior the user would see in the browser. Learn more at https://reactjs.org/link/wrap-tests-with-act
    at VendorList (C:/Users/Admin/graceful_books/src/components/vendors/VendorList.tsx:65:3)

[90mstderr[2m | src/components/vendors/VendorList.test.tsx[2m > [22m[2mVendorList[2m > [22m[2mSearch Functionality[2m > [22m[2mshould filter vendors by name
[22m[39mWarning: An update to VendorList inside a test was not wrapped in act(...).

When testing, code that causes React state updates should be wrapped into act(...):

act(() => {
  /* fire events that update state */
});
/* assert on the output */

This ensures that you're testing the behavior the user would see in the browser. Learn more at https://reactjs.org/link/wrap-tests-with-act
    at VendorList (C:/Users/Admin/graceful_books/src/components/vendors/VendorList.tsx:65:3)

[90mstderr[2m | src/components/vendors/VendorList.test.tsx[2m > [22m[2mVendorList[2m > [22m[2mSearch Functionality[2m > [22m[2mshould filter vendors by name
[22m[39mWarning: An update to VendorList inside a test was not wrapped in act(...).

When testing, code that causes React state updates should be wrapped into act(...):

act(() => {
  /* fire events that update state */
});
/* assert on the output */

This ensures that you're testing the behavior the user would see in the browser. Learn more at https://reactjs.org/link/wrap-tests-with-act
    at VendorList (C:/Users/Admin/graceful_books/src/components/vendors/VendorList.tsx:65:3)

[90mstderr[2m | src/components/vendors/VendorList.test.tsx[2m > [22m[2mVendorList[2m > [22m[2mSearch Functionality[2m > [22m[2mshould filter vendors by email
[22m[39mWarning: An update to VendorList inside a test was not wrapped in act(...).

When testing, code that causes React state updates should be wrapped into act(...):

act(() => {
  /* fire events that update state */
});
/* assert on the output */

This ensures that you're testing the behavior the user would see in the browser. Learn more at https://reactjs.org/link/wrap-tests-with-act
    at VendorList (C:/Users/Admin/graceful_books/src/components/vendors/VendorList.tsx:65:3)

[90mstderr[2m | src/components/vendors/VendorList.test.tsx[2m > [22m[2mVendorList[2m > [22m[2mSearch Functionality[2m > [22m[2mshould filter vendors by email
[22m[39mWarning: An update to VendorList inside a test was not wrapped in act(...).

When testing, code that causes React state updates should be wrapped into act(...):

act(() => {
  /* fire events that update state */
});
/* assert on the output */

This ensures that you're testing the behavior the user would see in the browser. Learn more at https://reactjs.org/link/wrap-tests-with-act
    at VendorList (C:/Users/Admin/graceful_books/src/components/vendors/VendorList.tsx:65:3)

[90mstderr[2m | src/components/vendors/VendorList.test.tsx[2m > [22m[2mVendorList[2m > [22m[2mSearch Functionality[2m > [22m[2mshould filter vendors by email
[22m[39mWarning: An update to VendorList inside a test was not wrapped in act(...).

When testing, code that causes React state updates should be wrapped into act(...):

act(() => {
  /* fire events that update state */
});
/* assert on the output */

This ensures that you're testing the behavior the user would see in the browser. Learn more at https://reactjs.org/link/wrap-tests-with-act
    at VendorList (C:/Users/Admin/graceful_books/src/components/vendors/VendorList.tsx:65:3)

[90mstderr[2m | src/components/vendors/VendorList.test.tsx[2m > [22m[2mVendorList[2m > [22m[2mSearch Functionality[2m > [22m[2mshould filter vendors by email
[22m[39mWarning: An update to VendorList inside a test was not wrapped in act(...).

When testing, code that causes React state updates should be wrapped into act(...):

act(() => {
  /* fire events that update state */
});
/* assert on the output */

This ensures that you're testing the behavior the user would see in the browser. Learn more at https://reactjs.org/link/wrap-tests-with-act
    at VendorList (C:/Users/Admin/graceful_books/src/components/vendors/VendorList.tsx:65:3)

[90mstderr[2m | src/components/vendors/VendorList.test.tsx[2m > [22m[2mVendorList[2m > [22m[2mSearch Functionality[2m > [22m[2mshould filter vendors by email
[22m[39mWarning: An update to VendorList inside a test was not wrapped in act(...).

When testing, code that causes React state updates should be wrapped into act(...):

act(() => {
  /* fire events that update state */
});
/* assert on the output */

This ensures that you're testing the behavior the user would see in the browser. Learn more at https://reactjs.org/link/wrap-tests-with-act
    at VendorList (C:/Users/Admin/graceful_books/src/components/vendors/VendorList.tsx:65:3)

[90mstderr[2m | src/components/vendors/VendorList.test.tsx[2m > [22m[2mVendorList[2m > [22m[2mSearch Functionality[2m > [22m[2mshould filter vendors by email
[22m[39mWarning: An update to VendorList inside a test was not wrapped in act(...).

When testing, code that causes React state updates should be wrapped into act(...):

act(() => {
  /* fire events that update state */
});
/* assert on the output */

This ensures that you're testing the behavior the user would see in the browser. Learn more at https://reactjs.org/link/wrap-tests-with-act
    at VendorList (C:/Users/Admin/graceful_books/src/components/vendors/VendorList.tsx:65:3)

[90mstderr[2m | src/components/vendors/VendorList.test.tsx[2m > [22m[2mVendorList[2m > [22m[2mSearch Functionality[2m > [22m[2mshould filter vendors by email
[22m[39mWarning: An update to VendorList inside a test was not wrapped in act(...).

When testing, code that causes React state updates should be wrapped into act(...):

act(() => {
  /* fire events that update state */
});
/* assert on the output */

This ensures that you're testing the behavior the user would see in the browser. Learn more at https://reactjs.org/link/wrap-tests-with-act
    at VendorList (C:/Users/Admin/graceful_books/src/components/vendors/VendorList.tsx:65:3)

[90mstderr[2m | src/components/vendors/VendorList.test.tsx[2m > [22m[2mVendorList[2m > [22m[2mSearch Functionality[2m > [22m[2mshould filter vendors by email
[22m[39mWarning: An update to VendorList inside a test was not wrapped in act(...).

When testing, code that causes React state updates should be wrapped into act(...):

act(() => {
  /* fire events that update state */
});
/* assert on the output */

This ensures that you're testing the behavior the user would see in the browser. Learn more at https://reactjs.org/link/wrap-tests-with-act
    at VendorList (C:/Users/Admin/graceful_books/src/components/vendors/VendorList.tsx:65:3)

[90mstderr[2m | src/components/vendors/VendorList.test.tsx[2m > [22m[2mVendorList[2m > [22m[2mSearch Functionality[2m > [22m[2mshould filter vendors by email
[22m[39mWarning: An update to VendorList inside a test was not wrapped in act(...).

When testing, code that causes React state updates should be wrapped into act(...):

act(() => {
  /* fire events that update state */
});
/* assert on the output */

This ensures that you're testing the behavior the user would see in the browser. Learn more at https://reactjs.org/link/wrap-tests-with-act
    at VendorList (C:/Users/Admin/graceful_books/src/components/vendors/VendorList.tsx:65:3)

[90mstderr[2m | src/components/vendors/VendorList.test.tsx[2m > [22m[2mVendorList[2m > [22m[2mSearch Functionality[2m > [22m[2mshould filter vendors by email
[22m[39mWarning: An update to VendorList inside a test was not wrapped in act(...).

When testing, code that causes React state updates should be wrapped into act(...):

act(() => {
  /* fire events that update state */
});
/* assert on the output */

This ensures that you're testing the behavior the user would see in the browser. Learn more at https://reactjs.org/link/wrap-tests-with-act
    at VendorList (C:/Users/Admin/graceful_books/src/components/vendors/VendorList.tsx:65:3)

[90mstderr[2m | src/components/vendors/VendorList.test.tsx[2m > [22m[2mVendorList[2m > [22m[2mSearch Functionality[2m > [22m[2mshould filter vendors by email
[22m[39mWarning: An update to VendorList inside a test was not wrapped in act(...).

When testing, code that causes React state updates should be wrapped into act(...):

act(() => {
  /* fire events that update state */
});
/* assert on the output */

This ensures that you're testing the behavior the user would see in the browser. Learn more at https://reactjs.org/link/wrap-tests-with-act
    at VendorList (C:/Users/Admin/graceful_books/src/components/vendors/VendorList.tsx:65:3)

[90mstderr[2m | src/components/vendors/VendorList.test.tsx[2m > [22m[2mVendorList[2m > [22m[2mSearch Functionality[2m > [22m[2mshould filter vendors by email
[22m[39mWarning: An update to VendorList inside a test was not wrapped in act(...).

When testing, code that causes React state updates should be wrapped into act(...):

act(() => {
  /* fire events that update state */
});
/* assert on the output */

This ensures that you're testing the behavior the user would see in the browser. Learn more at https://reactjs.org/link/wrap-tests-with-act
    at VendorList (C:/Users/Admin/graceful_books/src/components/vendors/VendorList.tsx:65:3)

[90mstderr[2m | src/components/vendors/VendorList.test.tsx[2m > [22m[2mVendorList[2m > [22m[2mSearch Functionality[2m > [22m[2mshould filter vendors by phone
[22m[39mWarning: An update to VendorList inside a test was not wrapped in act(...).

When testing, code that causes React state updates should be wrapped into act(...):

act(() => {
  /* fire events that update state */
});
/* assert on the output */

This ensures that you're testing the behavior the user would see in the browser. Learn more at https://reactjs.org/link/wrap-tests-with-act
    at VendorList (C:/Users/Admin/graceful_books/src/components/vendors/VendorList.tsx:65:3)

[90mstderr[2m | src/components/vendors/VendorList.test.tsx[2m > [22m[2mVendorList[2m > [22m[2mSearch Functionality[2m > [22m[2mshould filter vendors by phone
[22m[39mWarning: An update to VendorList inside a test was not wrapped in act(...).

When testing, code that causes React state updates should be wrapped into act(...):

act(() => {
  /* fire events that update state */
});
/* assert on the output */

This ensures that you're testing the behavior the user would see in the browser. Learn more at https://reactjs.org/link/wrap-tests-with-act
    at VendorList (C:/Users/Admin/graceful_books/src/components/vendors/VendorList.tsx:65:3)

[90mstderr[2m | src/components/vendors/VendorList.test.tsx[2m > [22m[2mVendorList[2m > [22m[2mSearch Functionality[2m > [22m[2mshould filter vendors by phone
[22m[39mWarning: An update to VendorList inside a test was not wrapped in act(...).

When testing, code that causes React state updates should be wrapped into act(...):

act(() => {
  /* fire events that update state */
});
/* assert on the output */

This ensures that you're testing the behavior the user would see in the browser. Learn more at https://reactjs.org/link/wrap-tests-with-act
    at VendorList (C:/Users/Admin/graceful_books/src/components/vendors/VendorList.tsx:65:3)

[90mstderr[2m | src/components/vendors/VendorList.test.tsx[2m > [22m[2mVendorList[2m > [22m[2mSearch Functionality[2m > [22m[2mshould filter vendors by phone
[22m[39mWarning: An update to VendorList inside a test was not wrapped in act(...).

When testing, code that causes React state updates should be wrapped into act(...):

act(() => {
  /* fire events that update state */
});
/* assert on the output */

This ensures that you're testing the behavior the user would see in the browser. Learn more at https://reactjs.org/link/wrap-tests-with-act
    at VendorList (C:/Users/Admin/graceful_books/src/components/vendors/VendorList.tsx:65:3)

[90mstderr[2m | src/components/vendors/VendorList.test.tsx[2m > [22m[2mVendorList[2m > [22m[2mSearch Functionality[2m > [22m[2mshould filter vendors by phone
[22m[39mWarning: An update to VendorList inside a test was not wrapped in act(...).

When testing, code that causes React state updates should be wrapped into act(...):

act(() => {
  /* fire events that update state */
});
/* assert on the output */

This ensures that you're testing the behavior the user would see in the browser. Learn more at https://reactjs.org/link/wrap-tests-with-act
    at VendorList (C:/Users/Admin/graceful_books/src/components/vendors/VendorList.tsx:65:3)

[90mstderr[2m | src/components/vendors/VendorList.test.tsx[2m > [22m[2mVendorList[2m > [22m[2mSearch Functionality[2m > [22m[2mshould filter vendors by phone
[22m[39mWarning: An update to VendorList inside a test was not wrapped in act(...).

When testing, code that causes React state updates should be wrapped into act(...):

act(() => {
  /* fire events that update state */
});
/* assert on the output */

This ensures that you're testing the behavior the user would see in the browser. Learn more at https://reactjs.org/link/wrap-tests-with-act
    at VendorList (C:/Users/Admin/graceful_books/src/components/vendors/VendorList.tsx:65:3)

[90mstderr[2m | src/components/vendors/VendorList.test.tsx[2m > [22m[2mVendorList[2m > [22m[2mSearch Functionality[2m > [22m[2mshould filter vendors by phone
[22m[39mWarning: An update to VendorList inside a test was not wrapped in act(...).

When testing, code that causes React state updates should be wrapped into act(...):

act(() => {
  /* fire events that update state */
});
/* assert on the output */

This ensures that you're testing the behavior the user would see in the browser. Learn more at https://reactjs.org/link/wrap-tests-with-act
    at VendorList (C:/Users/Admin/graceful_books/src/components/vendors/VendorList.tsx:65:3)

[90mstderr[2m | src/components/vendors/VendorList.test.tsx[2m > [22m[2mVendorList[2m > [22m[2mSearch Functionality[2m > [22m[2mshould filter vendors by phone
[22m[39mWarning: An update to VendorList inside a test was not wrapped in act(...).

When testing, code that causes React state updates should be wrapped into act(...):

act(() => {
  /* fire events that update state */
});
/* assert on the output */

This ensures that you're testing the behavior the user would see in the browser. Learn more at https://reactjs.org/link/wrap-tests-with-act
    at VendorList (C:/Users/Admin/graceful_books/src/components/vendors/VendorList.tsx:65:3)

[90mstderr[2m | src/components/vendors/VendorList.test.tsx[2m > [22m[2mVendorList[2m > [22m[2mSearch Functionality[2m > [22m[2mshould show message when no search results
[22m[39mWarning: An update to VendorList inside a test was not wrapped in act(...).

When testing, code that causes React state updates should be wrapped into act(...):

act(() => {
  /* fire events that update state */
});
/* assert on the output */

This ensures that you're testing the behavior the user would see in the browser. Learn more at https://reactjs.org/link/wrap-tests-with-act
    at VendorList (C:/Users/Admin/graceful_books/src/components/vendors/VendorList.tsx:65:3)

[90mstderr[2m | src/components/vendors/VendorList.test.tsx[2m > [22m[2mVendorList[2m > [22m[2mSearch Functionality[2m > [22m[2mshould show message when no search results
[22m[39mWarning: An update to VendorList inside a test was not wrapped in act(...).

When testing, code that causes React state updates should be wrapped into act(...):

act(() => {
  /* fire events that update state */
});
/* assert on the output */

This ensures that you're testing the behavior the user would see in the browser. Learn more at https://reactjs.org/link/wrap-tests-with-act
    at VendorList (C:/Users/Admin/graceful_books/src/components/vendors/VendorList.tsx:65:3)

[90mstderr[2m | src/components/vendors/VendorList.test.tsx[2m > [22m[2mVendorList[2m > [22m[2mSearch Functionality[2m > [22m[2mshould show message when no search results
[22m[39mWarning: An update to VendorList inside a test was not wrapped in act(...).

When testing, code that causes React state updates should be wrapped into act(...):

act(() => {
  /* fire events that update state */
});
/* assert on the output */

This ensures that you're testing the behavior the user would see in the browser. Learn more at https://reactjs.org/link/wrap-tests-with-act
    at VendorList (C:/Users/Admin/graceful_books/src/components/vendors/VendorList.tsx:65:3)

[90mstderr[2m | src/components/vendors/VendorList.test.tsx[2m > [22m[2mVendorList[2m > [22m[2mSearch Functionality[2m > [22m[2mshould show message when no search results
[22m[39mWarning: An update to VendorList inside a test was not wrapped in act(...).

When testing, code that causes React state updates should be wrapped into act(...):

act(() => {
  /* fire events that update state */
});
/* assert on the output */

This ensures that you're testing the behavior the user would see in the browser. Learn more at https://reactjs.org/link/wrap-tests-with-act
    at VendorList (C:/Users/Admin/graceful_books/src/components/vendors/VendorList.tsx:65:3)

[90mstderr[2m | src/components/vendors/VendorList.test.tsx[2m > [22m[2mVendorList[2m > [22m[2mSearch Functionality[2m > [22m[2mshould show message when no search results
[22m[39mWarning: An update to VendorList inside a test was not wrapped in act(...).

When testing, code that causes React state updates should be wrapped into act(...):

act(() => {
  /* fire events that update state */
});
/* assert on the output */

This ensures that you're testing the behavior the user would see in the browser. Learn more at https://reactjs.org/link/wrap-tests-with-act
    at VendorList (C:/Users/Admin/graceful_books/src/components/vendors/VendorList.tsx:65:3)

[90mstderr[2m | src/components/vendors/VendorList.test.tsx[2m > [22m[2mVendorList[2m > [22m[2mSearch Functionality[2m > [22m[2mshould show message when no search results
[22m[39mWarning: An update to VendorList inside a test was not wrapped in act(...).

When testing, code that causes React state updates should be wrapped into act(...):

act(() => {
  /* fire events that update state */
});
/* assert on the output */

This ensures that you're testing the behavior the user would see in the browser. Learn more at https://reactjs.org/link/wrap-tests-with-act
    at VendorList (C:/Users/Admin/graceful_books/src/components/vendors/VendorList.tsx:65:3)

[90mstderr[2m | src/components/vendors/VendorList.test.tsx[2m > [22m[2mVendorList[2m > [22m[2mSearch Functionality[2m > [22m[2mshould show message when no search results
[22m[39mWarning: An update to VendorList inside a test was not wrapped in act(...).

When testing, code that causes React state updates should be wrapped into act(...):

act(() => {
  /* fire events that update state */
});
/* assert on the output */

This ensures that you're testing the behavior the user would see in the browser. Learn more at https://reactjs.org/link/wrap-tests-with-act
    at VendorList (C:/Users/Admin/graceful_books/src/components/vendors/VendorList.tsx:65:3)

[90mstderr[2m | src/components/vendors/VendorList.test.tsx[2m > [22m[2mVendorList[2m > [22m[2mSearch Functionality[2m > [22m[2mshould show message when no search results
[22m[39mWarning: An update to VendorList inside a test was not wrapped in act(...).

When testing, code that causes React state updates should be wrapped into act(...):

act(() => {
  /* fire events that update state */
});
/* assert on the output */

This ensures that you're testing the behavior the user would see in the browser. Learn more at https://reactjs.org/link/wrap-tests-with-act
    at VendorList (C:/Users/Admin/graceful_books/src/components/vendors/VendorList.tsx:65:3)

[90mstderr[2m | src/components/vendors/VendorList.test.tsx[2m > [22m[2mVendorList[2m > [22m[2mSearch Functionality[2m > [22m[2mshould show message when no search results
[22m[39mWarning: An update to VendorList inside a test was not wrapped in act(...).

When testing, code that causes React state updates should be wrapped into act(...):

act(() => {
  /* fire events that update state */
});
/* assert on the output */

This ensures that you're testing the behavior the user would see in the browser. Learn more at https://reactjs.org/link/wrap-tests-with-act
    at VendorList (C:/Users/Admin/graceful_books/src/components/vendors/VendorList.tsx:65:3)

[90mstderr[2m | src/components/vendors/VendorList.test.tsx[2m > [22m[2mVendorList[2m > [22m[2mSearch Functionality[2m > [22m[2mshould show message when no search results
[22m[39mWarning: An update to VendorList inside a test was not wrapped in act(...).

When testing, code that causes React state updates should be wrapped into act(...):

act(() => {
  /* fire events that update state */
});
/* assert on the output */

This ensures that you're testing the behavior the user would see in the browser. Learn more at https://reactjs.org/link/wrap-tests-with-act
    at VendorList (C:/Users/Admin/graceful_books/src/components/vendors/VendorList.tsx:65:3)

[90mstderr[2m | src/components/vendors/VendorList.test.tsx[2m > [22m[2mVendorList[2m > [22m[2mSearch Functionality[2m > [22m[2mshould show message when no search results
[22m[39mWarning: An update to VendorList inside a test was not wrapped in act(...).

When testing, code that causes React state updates should be wrapped into act(...):

act(() => {
  /* fire events that update state */
});
/* assert on the output */

This ensures that you're testing the behavior the user would see in the browser. Learn more at https://reactjs.org/link/wrap-tests-with-act
    at VendorList (C:/Users/Admin/graceful_books/src/components/vendors/VendorList.tsx:65:3)

[90mstderr[2m | src/components/vendors/VendorList.test.tsx[2m > [22m[2mVendorList[2m > [22m[2mSearch Functionality[2m > [22m[2mshould show message when no search results
[22m[39mWarning: An update to VendorList inside a test was not wrapped in act(...).

When testing, code that causes React state updates should be wrapped into act(...):

act(() => {
  /* fire events that update state */
});
/* assert on the output */

This ensures that you're testing the behavior the user would see in the browser. Learn more at https://reactjs.org/link/wrap-tests-with-act
    at VendorList (C:/Users/Admin/graceful_books/src/components/vendors/VendorList.tsx:65:3)

[90mstderr[2m | src/components/vendors/VendorList.test.tsx[2m > [22m[2mVendorList[2m > [22m[2mSearch Functionality[2m > [22m[2mshould show message when no search results
[22m[39mWarning: An update to VendorList inside a test was not wrapped in act(...).

When testing, code that causes React state updates should be wrapped into act(...):

act(() => {
  /* fire events that update state */
});
/* assert on the output */

This ensures that you're testing the behavior the user would see in the browser. Learn more at https://reactjs.org/link/wrap-tests-with-act
    at VendorList (C:/Users/Admin/graceful_books/src/components/vendors/VendorList.tsx:65:3)

[90mstderr[2m | src/components/vendors/VendorList.test.tsx[2m > [22m[2mVendorList[2m > [22m[2mSearch Functionality[2m > [22m[2mshould show message when no search results
[22m[39mWarning: An update to VendorList inside a test was not wrapped in act(...).

When testing, code that causes React state updates should be wrapped into act(...):

act(() => {
  /* fire events that update state */
});
/* assert on the output */

This ensures that you're testing the behavior the user would see in the browser. Learn more at https://reactjs.org/link/wrap-tests-with-act
    at VendorList (C:/Users/Admin/graceful_books/src/components/vendors/VendorList.tsx:65:3)

[90mstderr[2m | src/components/charity/CharitySelector.test.tsx[2m > [22m[2mCharitySelector Component[2m > [22m[2mrendering[2m > [22m[2mshould render loading state initially
[22m[39mWarning: An update to CharitySelector inside a test was not wrapped in act(...).

When testing, code that causes React state updates should be wrapped into act(...):

act(() => {
  /* fire events that update state */
});
/* assert on the output */

This ensures that you're testing the behavior the user would see in the browser. Learn more at https://reactjs.org/link/wrap-tests-with-act
    at CharitySelector (C:/Users/Admin/graceful_books/src/components/charity/CharitySelector.tsx:9:3)
Warning: An update to CharitySelector inside a test was not wrapped in act(...).

When testing, code that causes React state updates should be wrapped into act(...):

act(() => {
  /* fire events that update state */
});
/* assert on the output */

This ensures that you're testing the behavior the user would see in the browser. Learn more at https://reactjs.org/link/wrap-tests-with-act
    at CharitySelector (C:/Users/Admin/graceful_books/src/components/charity/CharitySelector.tsx:9:3)

[90mstderr[2m | src/components/vendors/VendorList.test.tsx[2m > [22m[2mVendorList[2m > [22m[2mSearch Functionality[2m > [22m[2mshould show message when no search results
[22m[39mWarning: An update to VendorList inside a test was not wrapped in act(...).

When testing, code that causes React state updates should be wrapped into act(...):

act(() => {
  /* fire events that update state */
});
/* assert on the output */

This ensures that you're testing the behavior the user would see in the browser. Learn more at https://reactjs.org/link/wrap-tests-with-act
    at VendorList (C:/Users/Admin/graceful_books/src/components/vendors/VendorList.tsx:65:3)

[90mstderr[2m | src/components/vendors/VendorList.test.tsx[2m > [22m[2mVendorList[2m > [22m[2mSearch Functionality[2m > [22m[2mshould show message when no search results
[22m[39mWarning: An update to VendorList inside a test was not wrapped in act(...).

When testing, code that causes React state updates should be wrapped into act(...):

act(() => {
  /* fire events that update state */
});
/* assert on the output */

This ensures that you're testing the behavior the user would see in the browser. Learn more at https://reactjs.org/link/wrap-tests-with-act
    at VendorList (C:/Users/Admin/graceful_books/src/components/vendors/VendorList.tsx:65:3)

[90mstderr[2m | src/components/vendors/VendorList.test.tsx[2m > [22m[2mVendorList[2m > [22m[2mSearch Functionality[2m > [22m[2mshould show message when no search results
[22m[39mWarning: An update to VendorList inside a test was not wrapped in act(...).

When testing, code that causes React state updates should be wrapped into act(...):

act(() => {
  /* fire events that update state */
});
/* assert on the output */

This ensures that you're testing the behavior the user would see in the browser. Learn more at https://reactjs.org/link/wrap-tests-with-act
    at VendorList (C:/Users/Admin/graceful_books/src/components/vendors/VendorList.tsx:65:3)

[90mstderr[2m | src/components/vendors/VendorList.test.tsx[2m > [22m[2mVendorList[2m > [22m[2mFilter Functionality[2m > [22m[2mshould filter by inactive status
[22m[39mWarning: An update to VendorList inside a test was not wrapped in act(...).

When testing, code that causes React state updates should be wrapped into act(...):

act(() => {
  /* fire events that update state */
});
/* assert on the output */

This ensures that you're testing the behavior the user would see in the browser. Learn more at https://reactjs.org/link/wrap-tests-with-act
    at VendorList (C:/Users/Admin/graceful_books/src/components/vendors/VendorList.tsx:65:3)

[90mstderr[2m | src/components/vendors/VendorList.test.tsx[2m > [22m[2mVendorList[2m > [22m[2mFilter Functionality[2m > [22m[2mshould filter by 1099 eligibility
[22m[39mWarning: An update to VendorList inside a test was not wrapped in act(...).

When testing, code that causes React state updates should be wrapped into act(...):

act(() => {
  /* fire events that update state */
});
/* assert on the output */

This ensures that you're testing the behavior the user would see in the browser. Learn more at https://reactjs.org/link/wrap-tests-with-act
    at VendorList (C:/Users/Admin/graceful_books/src/components/vendors/VendorList.tsx:65:3)

[90mstderr[2m | src/components/vendors/VendorList.test.tsx[2m > [22m[2mVendorList[2m > [22m[2mSort Functionality[2m > [22m[2mshould sort by recently added
[22m[39mWarning: An update to VendorList inside a test was not wrapped in act(...).

When testing, code that causes React state updates should be wrapped into act(...):

act(() => {
  /* fire events that update state */
});
/* assert on the output */

This ensures that you're testing the behavior the user would see in the browser. Learn more at https://reactjs.org/link/wrap-tests-with-act
    at VendorList (C:/Users/Admin/graceful_books/src/components/vendors/VendorList.tsx:65:3)

 [32m✓[39m src/components/vendors/VendorList.test.tsx [2m([22m[2m29 tests[22m[2m)[22m[33m 2597[2mms[22m[39m
       [33m[2m✓[22m[39m should display empty state when no vendors [33m 323[2mms[22m[39m
       [33m[2m✓[22m[39m should show message when no search results [33m 390[2mms[22m[39m
[90mstderr[2m | src/components/charity/CharitySelector.test.tsx[2m > [22m[2mCharitySelector Component[2m > [22m[2msearch functionality[2m > [22m[2mshould filter charities when searching
[22m[39mWarning: An update to CharitySelector inside a test was not wrapped in act(...).

When testing, code that causes React state updates should be wrapped into act(...):

act(() => {
  /* fire events that update state */
});
/* assert on the output */

This ensures that you're testing the behavior the user would see in the browser. Learn more at https://reactjs.org/link/wrap-tests-with-act
    at CharitySelector (C:/Users/Admin/graceful_books/src/components/charity/CharitySelector.tsx:9:3)

[90mstderr[2m | src/components/charity/CharitySelector.test.tsx[2m > [22m[2mCharitySelector Component[2m > [22m[2msearch functionality[2m > [22m[2mshould filter charities when searching
[22m[39mWarning: An update to CharitySelector inside a test was not wrapped in act(...).

When testing, code that causes React state updates should be wrapped into act(...):

act(() => {
  /* fire events that update state */
});
/* assert on the output */

This ensures that you're testing the behavior the user would see in the browser. Learn more at https://reactjs.org/link/wrap-tests-with-act
    at CharitySelector (C:/Users/Admin/graceful_books/src/components/charity/CharitySelector.tsx:9:3)

[90mstderr[2m | src/components/charity/CharitySelector.test.tsx[2m > [22m[2mCharitySelector Component[2m > [22m[2msearch functionality[2m > [22m[2mshould filter charities when searching
[22m[39mWarning: An update to CharitySelector inside a test was not wrapped in act(...).

When testing, code that causes React state updates should be wrapped into act(...):

act(() => {
  /* fire events that update state */
});
/* assert on the output */

This ensures that you're testing the behavior the user would see in the browser. Learn more at https://reactjs.org/link/wrap-tests-with-act
    at CharitySelector (C:/Users/Admin/graceful_books/src/components/charity/CharitySelector.tsx:9:3)

[90mstderr[2m | src/components/charity/CharitySelector.test.tsx[2m > [22m[2mCharitySelector Component[2m > [22m[2msearch functionality[2m > [22m[2mshould filter charities when searching
[22m[39mWarning: An update to CharitySelector inside a test was not wrapped in act(...).

When testing, code that causes React state updates should be wrapped into act(...):

act(() => {
  /* fire events that update state */
});
/* assert on the output */

This ensures that you're testing the behavior the user would see in the browser. Learn more at https://reactjs.org/link/wrap-tests-with-act
    at CharitySelector (C:/Users/Admin/graceful_books/src/components/charity/CharitySelector.tsx:9:3)

[90mstderr[2m | src/components/charity/CharitySelector.test.tsx[2m > [22m[2mCharitySelector Component[2m > [22m[2msearch functionality[2m > [22m[2mshould show empty state when no results found
[22m[39mWarning: An update to CharitySelector inside a test was not wrapped in act(...).

When testing, code that causes React state updates should be wrapped into act(...):

act(() => {
  /* fire events that update state */
});
/* assert on the output */

This ensures that you're testing the behavior the user would see in the browser. Learn more at https://reactjs.org/link/wrap-tests-with-act
    at CharitySelector (C:/Users/Admin/graceful_books/src/components/charity/CharitySelector.tsx:9:3)

[90mstderr[2m | src/components/charity/CharitySelector.test.tsx[2m > [22m[2mCharitySelector Component[2m > [22m[2msearch functionality[2m > [22m[2mshould show empty state when no results found
[22m[39mWarning: An update to CharitySelector inside a test was not wrapped in act(...).

When testing, code that causes React state updates should be wrapped into act(...):

act(() => {
  /* fire events that update state */
});
/* assert on the output */

This ensures that you're testing the behavior the user would see in the browser. Learn more at https://reactjs.org/link/wrap-tests-with-act
    at CharitySelector (C:/Users/Admin/graceful_books/src/components/charity/CharitySelector.tsx:9:3)

[90mstderr[2m | src/components/charity/CharitySelector.test.tsx[2m > [22m[2mCharitySelector Component[2m > [22m[2msearch functionality[2m > [22m[2mshould show empty state when no results found
[22m[39mWarning: An update to CharitySelector inside a test was not wrapped in act(...).

When testing, code that causes React state updates should be wrapped into act(...):

act(() => {
  /* fire events that update state */
});
/* assert on the output */

This ensures that you're testing the behavior the user would see in the browser. Learn more at https://reactjs.org/link/wrap-tests-with-act
    at CharitySelector (C:/Users/Admin/graceful_books/src/components/charity/CharitySelector.tsx:9:3)

[90mstderr[2m | src/components/charity/CharitySelector.test.tsx[2m > [22m[2mCharitySelector Component[2m > [22m[2msearch functionality[2m > [22m[2mshould show empty state when no results found
[22m[39mWarning: An update to CharitySelector inside a test was not wrapped in act(...).

When testing, code that causes React state updates should be wrapped into act(...):

act(() => {
  /* fire events that update state */
});
/* assert on the output */

This ensures that you're testing the behavior the user would see in the browser. Learn more at https://reactjs.org/link/wrap-tests-with-act
    at CharitySelector (C:/Users/Admin/graceful_books/src/components/charity/CharitySelector.tsx:9:3)

[90mstderr[2m | src/components/charity/CharitySelector.test.tsx[2m > [22m[2mCharitySelector Component[2m > [22m[2msearch functionality[2m > [22m[2mshould show empty state when no results found
[22m[39mWarning: An update to CharitySelector inside a test was not wrapped in act(...).

When testing, code that causes React state updates should be wrapped into act(...):

act(() => {
  /* fire events that update state */
});
/* assert on the output */

This ensures that you're testing the behavior the user would see in the browser. Learn more at https://reactjs.org/link/wrap-tests-with-act
    at CharitySelector (C:/Users/Admin/graceful_books/src/components/charity/CharitySelector.tsx:9:3)

[90mstderr[2m | src/components/charity/CharitySelector.test.tsx[2m > [22m[2mCharitySelector Component[2m > [22m[2msearch functionality[2m > [22m[2mshould show empty state when no results found
[22m[39mWarning: An update to CharitySelector inside a test was not wrapped in act(...).

When testing, code that causes React state updates should be wrapped into act(...):

act(() => {
  /* fire events that update state */
});
/* assert on the output */

This ensures that you're testing the behavior the user would see in the browser. Learn more at https://reactjs.org/link/wrap-tests-with-act
    at CharitySelector (C:/Users/Admin/graceful_books/src/components/charity/CharitySelector.tsx:9:3)

[90mstderr[2m | src/components/charity/CharitySelector.test.tsx[2m > [22m[2mCharitySelector Component[2m > [22m[2msearch functionality[2m > [22m[2mshould show empty state when no results found
[22m[39mWarning: An update to CharitySelector inside a test was not wrapped in act(...).

When testing, code that causes React state updates should be wrapped into act(...):

act(() => {
  /* fire events that update state */
});
/* assert on the output */

This ensures that you're testing the behavior the user would see in the browser. Learn more at https://reactjs.org/link/wrap-tests-with-act
    at CharitySelector (C:/Users/Admin/graceful_books/src/components/charity/CharitySelector.tsx:9:3)

[90mstderr[2m | src/components/charity/CharitySelector.test.tsx[2m > [22m[2mCharitySelector Component[2m > [22m[2msearch functionality[2m > [22m[2mshould show empty state when no results found
[22m[39mWarning: An update to CharitySelector inside a test was not wrapped in act(...).

When testing, code that causes React state updates should be wrapped into act(...):

act(() => {
  /* fire events that update state */
});
/* assert on the output */

This ensures that you're testing the behavior the user would see in the browser. Learn more at https://reactjs.org/link/wrap-tests-with-act
    at CharitySelector (C:/Users/Admin/graceful_books/src/components/charity/CharitySelector.tsx:9:3)

[90mstderr[2m | src/components/charity/CharitySelector.test.tsx[2m > [22m[2mCharitySelector Component[2m > [22m[2msearch functionality[2m > [22m[2mshould show empty state when no results found
[22m[39mWarning: An update to CharitySelector inside a test was not wrapped in act(...).

When testing, code that causes React state updates should be wrapped into act(...):

act(() => {
  /* fire events that update state */
});
/* assert on the output */

This ensures that you're testing the behavior the user would see in the browser. Learn more at https://reactjs.org/link/wrap-tests-with-act
    at CharitySelector (C:/Users/Admin/graceful_books/src/components/charity/CharitySelector.tsx:9:3)

[90mstderr[2m | src/components/charity/CharitySelector.test.tsx[2m > [22m[2mCharitySelector Component[2m > [22m[2msearch functionality[2m > [22m[2mshould show empty state when no results found
[22m[39mWarning: An update to CharitySelector inside a test was not wrapped in act(...).

When testing, code that causes React state updates should be wrapped into act(...):

act(() => {
  /* fire events that update state */
});
/* assert on the output */

This ensures that you're testing the behavior the user would see in the browser. Learn more at https://reactjs.org/link/wrap-tests-with-act
    at CharitySelector (C:/Users/Admin/graceful_books/src/components/charity/CharitySelector.tsx:9:3)

[90mstderr[2m | src/components/charity/CharitySelector.test.tsx[2m > [22m[2mCharitySelector Component[2m > [22m[2msearch functionality[2m > [22m[2mshould show empty state when no results found
[22m[39mWarning: An update to CharitySelector inside a test was not wrapped in act(...).

When testing, code that causes React state updates should be wrapped into act(...):

act(() => {
  /* fire events that update state */
});
/* assert on the output */

This ensures that you're testing the behavior the user would see in the browser. Learn more at https://reactjs.org/link/wrap-tests-with-act
    at CharitySelector (C:/Users/Admin/graceful_books/src/components/charity/CharitySelector.tsx:9:3)

[90mstderr[2m | src/components/charity/CharitySelector.test.tsx[2m > [22m[2mCharitySelector Component[2m > [22m[2msearch functionality[2m > [22m[2mshould show clear filters button when no results found
[22m[39mWarning: An update to CharitySelector inside a test was not wrapped in act(...).

When testing, code that causes React state updates should be wrapped into act(...):

act(() => {
  /* fire events that update state */
});
/* assert on the output */

This ensures that you're testing the behavior the user would see in the browser. Learn more at https://reactjs.org/link/wrap-tests-with-act
    at CharitySelector (C:/Users/Admin/graceful_books/src/components/charity/CharitySelector.tsx:9:3)

[90mstderr[2m | src/components/charity/CharitySelector.test.tsx[2m > [22m[2mCharitySelector Component[2m > [22m[2msearch functionality[2m > [22m[2mshould show clear filters button when no results found
[22m[39mWarning: An update to CharitySelector inside a test was not wrapped in act(...).

When testing, code that causes React state updates should be wrapped into act(...):

act(() => {
  /* fire events that update state */
});
/* assert on the output */

This ensures that you're testing the behavior the user would see in the browser. Learn more at https://reactjs.org/link/wrap-tests-with-act
    at CharitySelector (C:/Users/Admin/graceful_books/src/components/charity/CharitySelector.tsx:9:3)

[90mstderr[2m | src/components/charity/CharitySelector.test.tsx[2m > [22m[2mCharitySelector Component[2m > [22m[2msearch functionality[2m > [22m[2mshould show clear filters button when no results found
[22m[39mWarning: An update to CharitySelector inside a test was not wrapped in act(...).

When testing, code that causes React state updates should be wrapped into act(...):

act(() => {
  /* fire events that update state */
});
/* assert on the output */

This ensures that you're testing the behavior the user would see in the browser. Learn more at https://reactjs.org/link/wrap-tests-with-act
    at CharitySelector (C:/Users/Admin/graceful_books/src/components/charity/CharitySelector.tsx:9:3)

[90mstderr[2m | src/components/charity/CharitySelector.test.tsx[2m > [22m[2mCharitySelector Component[2m > [22m[2msearch functionality[2m > [22m[2mshould show clear filters button when no results found
[22m[39mWarning: An update to CharitySelector inside a test was not wrapped in act(...).

When testing, code that causes React state updates should be wrapped into act(...):

act(() => {
  /* fire events that update state */
});
/* assert on the output */

This ensures that you're testing the behavior the user would see in the browser. Learn more at https://reactjs.org/link/wrap-tests-with-act
    at CharitySelector (C:/Users/Admin/graceful_books/src/components/charity/CharitySelector.tsx:9:3)

[90mstderr[2m | src/components/charity/CharitySelector.test.tsx[2m > [22m[2mCharitySelector Component[2m > [22m[2msearch functionality[2m > [22m[2mshould show clear filters button when no results found
[22m[39mWarning: An update to CharitySelector inside a test was not wrapped in act(...).

When testing, code that causes React state updates should be wrapped into act(...):

act(() => {
  /* fire events that update state */
});
/* assert on the output */

This ensures that you're testing the behavior the user would see in the browser. Learn more at https://reactjs.org/link/wrap-tests-with-act
    at CharitySelector (C:/Users/Admin/graceful_books/src/components/charity/CharitySelector.tsx:9:3)

[90mstderr[2m | src/components/charity/CharitySelector.test.tsx[2m > [22m[2mCharitySelector Component[2m > [22m[2msearch functionality[2m > [22m[2mshould show clear filters button when no results found
[22m[39mWarning: An update to CharitySelector inside a test was not wrapped in act(...).

When testing, code that causes React state updates should be wrapped into act(...):

act(() => {
  /* fire events that update state */
});
/* assert on the output */

This ensures that you're testing the behavior the user would see in the browser. Learn more at https://reactjs.org/link/wrap-tests-with-act
    at CharitySelector (C:/Users/Admin/graceful_books/src/components/charity/CharitySelector.tsx:9:3)

[90mstderr[2m | src/components/charity/CharitySelector.test.tsx[2m > [22m[2mCharitySelector Component[2m > [22m[2mcategory filtering[2m > [22m[2mshould filter by category when category button is clicked
[22m[39mWarning: An update to CharitySelector inside a test was not wrapped in act(...).

When testing, code that causes React state updates should be wrapped into act(...):

act(() => {
  /* fire events that update state */
});
/* assert on the output */

This ensures that you're testing the behavior the user would see in the browser. Learn more at https://reactjs.org/link/wrap-tests-with-act
    at CharitySelector (C:/Users/Admin/graceful_books/src/components/charity/CharitySelector.tsx:9:3)

 [32m✓[39m src/components/charity/CharitySelector.test.tsx [2m([22m[2m20 tests[22m[2m)[22m[33m 2089[2mms[22m[39m
       [33m[2m✓[22m[39m should render category filters when showFilters is true [33m 328[2mms[22m[39m
[90mstderr[2m | src/components/accounts/AccountList.test.tsx[2m > [22m[2mAccountList Component[2m > [22m[2mshould filter by search term
[22m[39mWarning: An update to AccountList inside a test was not wrapped in act(...).

When testing, code that causes React state updates should be wrapped into act(...):

act(() => {
  /* fire events that update state */
});
/* assert on the output */

This ensures that you're testing the behavior the user would see in the browser. Learn more at https://reactjs.org/link/wrap-tests-with-act
    at AccountList (C:/Users/Admin/graceful_books/src/components/accounts/AccountList.tsx:11:3)

[90mstderr[2m | src/components/accounts/AccountList.test.tsx[2m > [22m[2mAccountList Component[2m > [22m[2mshould filter by search term
[22m[39mWarning: An update to AccountList inside a test was not wrapped in act(...).

When testing, code that causes React state updates should be wrapped into act(...):

act(() => {
  /* fire events that update state */
});
/* assert on the output */

This ensures that you're testing the behavior the user would see in the browser. Learn more at https://reactjs.org/link/wrap-tests-with-act
    at AccountList (C:/Users/Admin/graceful_books/src/components/accounts/AccountList.tsx:11:3)

[90mstderr[2m | src/components/accounts/AccountList.test.tsx[2m > [22m[2mAccountList Component[2m > [22m[2mshould filter by search term
[22m[39mWarning: An update to AccountList inside a test was not wrapped in act(...).

When testing, code that causes React state updates should be wrapped into act(...):

act(() => {
  /* fire events that update state */
});
/* assert on the output */

This ensures that you're testing the behavior the user would see in the browser. Learn more at https://reactjs.org/link/wrap-tests-with-act
    at AccountList (C:/Users/Admin/graceful_books/src/components/accounts/AccountList.tsx:11:3)

[90mstderr[2m | src/components/accounts/AccountList.test.tsx[2m > [22m[2mAccountList Component[2m > [22m[2mshould filter by search term
[22m[39mWarning: An update to AccountList inside a test was not wrapped in act(...).

When testing, code that causes React state updates should be wrapped into act(...):

act(() => {
  /* fire events that update state */
});
/* assert on the output */

This ensures that you're testing the behavior the user would see in the browser. Learn more at https://reactjs.org/link/wrap-tests-with-act
    at AccountList (C:/Users/Admin/graceful_books/src/components/accounts/AccountList.tsx:11:3)

[90mstderr[2m | src/components/accounts/AccountList.test.tsx[2m > [22m[2mAccountList Component[2m > [22m[2mshould filter by type
[22m[39mWarning: An update to AccountList inside a test was not wrapped in act(...).

When testing, code that causes React state updates should be wrapped into act(...):

act(() => {
  /* fire events that update state */
});
/* assert on the output */

This ensures that you're testing the behavior the user would see in the browser. Learn more at https://reactjs.org/link/wrap-tests-with-act
    at AccountList (C:/Users/Admin/graceful_books/src/components/accounts/AccountList.tsx:11:3)

[90mstderr[2m | src/components/accounts/AccountList.test.tsx[2m > [22m[2mAccountList Component[2m > [22m[2mshould filter by type
[22m[39mWarning: An update to AccountList inside a test was not wrapped in act(...).

When testing, code that causes React state updates should be wrapped into act(...):

act(() => {
  /* fire events that update state */
});
/* assert on the output */

This ensures that you're testing the behavior the user would see in the browser. Learn more at https://reactjs.org/link/wrap-tests-with-act
    at AccountList (C:/Users/Admin/graceful_books/src/components/accounts/AccountList.tsx:11:3)

[90mstderr[2m | src/components/accounts/AccountList.test.tsx[2m > [22m[2mAccountList Component[2m > [22m[2mshould filter by status
[22m[39mWarning: An update to AccountList inside a test was not wrapped in act(...).

When testing, code that causes React state updates should be wrapped into act(...):

act(() => {
  /* fire events that update state */
});
/* assert on the output */

This ensures that you're testing the behavior the user would see in the browser. Learn more at https://reactjs.org/link/wrap-tests-with-act
    at AccountList (C:/Users/Admin/graceful_books/src/components/accounts/AccountList.tsx:11:3)

[90mstderr[2m | src/components/accounts/AccountList.test.tsx[2m > [22m[2mAccountList Component[2m > [22m[2mshould toggle between card and tree views
[22m[39mWarning: An update to AccountList inside a test was not wrapped in act(...).

When testing, code that causes React state updates should be wrapped into act(...):

act(() => {
  /* fire events that update state */
});
/* assert on the output */

This ensures that you're testing the behavior the user would see in the browser. Learn more at https://reactjs.org/link/wrap-tests-with-act
    at AccountList (C:/Users/Admin/graceful_books/src/components/accounts/AccountList.tsx:11:3)

[90mstderr[2m | src/components/accounts/AccountList.test.tsx[2m > [22m[2mAccountList Component[2m > [22m[2mshould show empty state when no accounts match filters
[22m[39mWarning: An update to AccountList inside a test was not wrapped in act(...).

When testing, code that causes React state updates should be wrapped into act(...):

act(() => {
  /* fire events that update state */
});
/* assert on the output */

This ensures that you're testing the behavior the user would see in the browser. Learn more at https://reactjs.org/link/wrap-tests-with-act
    at AccountList (C:/Users/Admin/graceful_books/src/components/accounts/AccountList.tsx:11:3)

[90mstderr[2m | src/components/accounts/AccountList.test.tsx[2m > [22m[2mAccountList Component[2m > [22m[2mshould show empty state when no accounts match filters
[22m[39mWarning: An update to AccountList inside a test was not wrapped in act(...).

When testing, code that causes React state updates should be wrapped into act(...):

act(() => {
  /* fire events that update state */
});
/* assert on the output */

This ensures that you're testing the behavior the user would see in the browser. Learn more at https://reactjs.org/link/wrap-tests-with-act
    at AccountList (C:/Users/Admin/graceful_books/src/components/accounts/AccountList.tsx:11:3)

[90mstderr[2m | src/components/accounts/AccountList.test.tsx[2m > [22m[2mAccountList Component[2m > [22m[2mshould show empty state when no accounts match filters
[22m[39mWarning: An update to AccountList inside a test was not wrapped in act(...).

When testing, code that causes React state updates should be wrapped into act(...):

act(() => {
  /* fire events that update state */
});
/* assert on the output */

This ensures that you're testing the behavior the user would see in the browser. Learn more at https://reactjs.org/link/wrap-tests-with-act
    at AccountList (C:/Users/Admin/graceful_books/src/components/accounts/AccountList.tsx:11:3)

[90mstderr[2m | src/components/accounts/AccountList.test.tsx[2m > [22m[2mAccountList Component[2m > [22m[2mshould show empty state when no accounts match filters
[22m[39mWarning: An update to AccountList inside a test was not wrapped in act(...).

When testing, code that causes React state updates should be wrapped into act(...):

act(() => {
  /* fire events that update state */
});
/* assert on the output */

This ensures that you're testing the behavior the user would see in the browser. Learn more at https://reactjs.org/link/wrap-tests-with-act
    at AccountList (C:/Users/Admin/graceful_books/src/components/accounts/AccountList.tsx:11:3)

[90mstderr[2m | src/components/accounts/AccountList.test.tsx[2m > [22m[2mAccountList Component[2m > [22m[2mshould show empty state when no accounts match filters
[22m[39mWarning: An update to AccountList inside a test was not wrapped in act(...).

When testing, code that causes React state updates should be wrapped into act(...):

act(() => {
  /* fire events that update state */
});
/* assert on the output */

This ensures that you're testing the behavior the user would see in the browser. Learn more at https://reactjs.org/link/wrap-tests-with-act
    at AccountList (C:/Users/Admin/graceful_books/src/components/accounts/AccountList.tsx:11:3)

[90mstderr[2m | src/components/accounts/AccountList.test.tsx[2m > [22m[2mAccountList Component[2m > [22m[2mshould show empty state when no accounts match filters
[22m[39mWarning: An update to AccountList inside a test was not wrapped in act(...).

When testing, code that causes React state updates should be wrapped into act(...):

act(() => {
  /* fire events that update state */
});
/* assert on the output */

This ensures that you're testing the behavior the user would see in the browser. Learn more at https://reactjs.org/link/wrap-tests-with-act
    at AccountList (C:/Users/Admin/graceful_books/src/components/accounts/AccountList.tsx:11:3)

[90mstderr[2m | src/components/accounts/AccountList.test.tsx[2m > [22m[2mAccountList Component[2m > [22m[2mshould show empty state when no accounts match filters
[22m[39mWarning: An update to AccountList inside a test was not wrapped in act(...).

When testing, code that causes React state updates should be wrapped into act(...):

act(() => {
  /* fire events that update state */
});
/* assert on the output */

This ensures that you're testing the behavior the user would see in the browser. Learn more at https://reactjs.org/link/wrap-tests-with-act
    at AccountList (C:/Users/Admin/graceful_books/src/components/accounts/AccountList.tsx:11:3)

[90mstderr[2m | src/components/accounts/AccountList.test.tsx[2m > [22m[2mAccountList Component[2m > [22m[2mshould show empty state when no accounts match filters
[22m[39mWarning: An update to AccountList inside a test was not wrapped in act(...).

When testing, code that causes React state updates should be wrapped into act(...):

act(() => {
  /* fire events that update state */
});
/* assert on the output */

This ensures that you're testing the behavior the user would see in the browser. Learn more at https://reactjs.org/link/wrap-tests-with-act
    at AccountList (C:/Users/Admin/graceful_books/src/components/accounts/AccountList.tsx:11:3)

[90mstderr[2m | src/components/accounts/AccountList.test.tsx[2m > [22m[2mAccountList Component[2m > [22m[2mshould show empty state when no accounts match filters
[22m[39mWarning: An update to AccountList inside a test was not wrapped in act(...).

When testing, code that causes React state updates should be wrapped into act(...):

act(() => {
  /* fire events that update state */
});
/* assert on the output */

This ensures that you're testing the behavior the user would see in the browser. Learn more at https://reactjs.org/link/wrap-tests-with-act
    at AccountList (C:/Users/Admin/graceful_books/src/components/accounts/AccountList.tsx:11:3)

[90mstderr[2m | src/components/accounts/AccountList.test.tsx[2m > [22m[2mAccountList Component[2m > [22m[2mshould show empty state when no accounts match filters
[22m[39mWarning: An update to AccountList inside a test was not wrapped in act(...).

When testing, code that causes React state updates should be wrapped into act(...):

act(() => {
  /* fire events that update state */
});
/* assert on the output */

This ensures that you're testing the behavior the user would see in the browser. Learn more at https://reactjs.org/link/wrap-tests-with-act
    at AccountList (C:/Users/Admin/graceful_books/src/components/accounts/AccountList.tsx:11:3)

[90mstderr[2m | src/components/accounts/AccountList.test.tsx[2m > [22m[2mAccountList Component[2m > [22m[2mshould show empty state when no accounts match filters
[22m[39mWarning: An update to AccountList inside a test was not wrapped in act(...).

When testing, code that causes React state updates should be wrapped into act(...):

act(() => {
  /* fire events that update state */
});
/* assert on the output */

This ensures that you're testing the behavior the user would see in the browser. Learn more at https://reactjs.org/link/wrap-tests-with-act
    at AccountList (C:/Users/Admin/graceful_books/src/components/accounts/AccountList.tsx:11:3)

 [32m✓[39m src/components/accounts/AccountList.test.tsx [2m([22m[2m8 tests[22m[2m)[22m[33m 2209[2mms[22m[39m
     [33m[2m✓[22m[39m should filter by search term [33m 472[2mms[22m[39m
     [33m[2m✓[22m[39m should have no accessibility violations [33m 574[2mms[22m[39m
[90mstderr[2m | src/components/contacts/ParentAccountSelector.test.tsx[2m > [22m[2mParentAccountSelector[2m > [22m[2mProgressive Disclosure[2m > [22m[2mshould expand when toggle button is clicked
[22m[39mWarning: An update to ParentAccountSelector inside a test was not wrapped in act(...).

When testing, code that causes React state updates should be wrapped into act(...):

act(() => {
  /* fire events that update state */
});
/* assert on the output */

This ensures that you're testing the behavior the user would see in the browser. Learn more at https://reactjs.org/link/wrap-tests-with-act
    at ParentAccountSelector (C:/Users/Admin/graceful_books/src/components/contacts/ParentAccountSelector.tsx:12:3)

[90mstderr[2m | src/components/contacts/ParentAccountSelector.test.tsx[2m > [22m[2mParentAccountSelector[2m > [22m[2mProgressive Disclosure[2m > [22m[2mshould collapse when toggle button is clicked again
[22m[39mWarning: An update to ParentAccountSelector inside a test was not wrapped in act(...).

When testing, code that causes React state updates should be wrapped into act(...):

act(() => {
  /* fire events that update state */
});
/* assert on the output */

This ensures that you're testing the behavior the user would see in the browser. Learn more at https://reactjs.org/link/wrap-tests-with-act
    at ParentAccountSelector (C:/Users/Admin/graceful_books/src/components/contacts/ParentAccountSelector.tsx:12:3)

[90mstderr[2m | src/components/contacts/ParentAccountSelector.test.tsx[2m > [22m[2mParentAccountSelector[2m > [22m[2mProgressive Disclosure[2m > [22m[2mshould show hint when parent is assigned
[22m[39mWarning: An update to ParentAccountSelector inside a test was not wrapped in act(...).

When testing, code that causes React state updates should be wrapped into act(...):

act(() => {
  /* fire events that update state */
});
/* assert on the output */

This ensures that you're testing the behavior the user would see in the browser. Learn more at https://reactjs.org/link/wrap-tests-with-act
    at ParentAccountSelector (C:/Users/Admin/graceful_books/src/components/contacts/ParentAccountSelector.tsx:12:3)
Warning: An update to ParentAccountSelector inside a test was not wrapped in act(...).

When testing, code that causes React state updates should be wrapped into act(...):

act(() => {
  /* fire events that update state */
});
/* assert on the output */

This ensures that you're testing the behavior the user would see in the browser. Learn more at https://reactjs.org/link/wrap-tests-with-act
    at ParentAccountSelector (C:/Users/Admin/graceful_books/src/components/contacts/ParentAccountSelector.tsx:12:3)

[90mstderr[2m | src/components/contacts/ParentAccountSelector.test.tsx[2m > [22m[2mParentAccountSelector[2m > [22m[2mParent Selection[2m > [22m[2mshould call onChange when selection changes
[22m[39mWarning: An update to ParentAccountSelector inside a test was not wrapped in act(...).

When testing, code that causes React state updates should be wrapped into act(...):

act(() => {
  /* fire events that update state */
});
/* assert on the output */

This ensures that you're testing the behavior the user would see in the browser. Learn more at https://reactjs.org/link/wrap-tests-with-act
    at ParentAccountSelector (C:/Users/Admin/graceful_books/src/components/contacts/ParentAccountSelector.tsx:12:3)

[90mstderr[2m | src/components/contacts/ParentAccountSelector.test.tsx[2m > [22m[2mParentAccountSelector[2m > [22m[2mParent Selection[2m > [22m[2mshould call onChange when selection changes
[22m[39mWarning: An update to ParentAccountSelector inside a test was not wrapped in act(...).

When testing, code that causes React state updates should be wrapped into act(...):

act(() => {
  /* fire events that update state */
});
/* assert on the output */

This ensures that you're testing the behavior the user would see in the browser. Learn more at https://reactjs.org/link/wrap-tests-with-act
    at ParentAccountSelector (C:/Users/Admin/graceful_books/src/components/contacts/ParentAccountSelector.tsx:12:3)

[90mstderr[2m | src/components/contacts/ParentAccountSelector.test.tsx[2m > [22m[2mParentAccountSelector[2m > [22m[2mParent Selection[2m > [22m[2mshould call onChange with null when "None" is selected
[22m[39mWarning: An update to ParentAccountSelector inside a test was not wrapped in act(...).

When testing, code that causes React state updates should be wrapped into act(...):

act(() => {
  /* fire events that update state */
});
/* assert on the output */

This ensures that you're testing the behavior the user would see in the browser. Learn more at https://reactjs.org/link/wrap-tests-with-act
    at ParentAccountSelector (C:/Users/Admin/graceful_books/src/components/contacts/ParentAccountSelector.tsx:12:3)

[90mstderr[2m | src/components/contacts/ParentAccountSelector.test.tsx[2m > [22m[2mParentAccountSelector[2m > [22m[2mValidation[2m > [22m[2mshould prevent invalid selection
[22m[39mWarning: An update to ParentAccountSelector inside a test was not wrapped in act(...).

When testing, code that causes React state updates should be wrapped into act(...):

act(() => {
  /* fire events that update state */
});
/* assert on the output */

This ensures that you're testing the behavior the user would see in the browser. Learn more at https://reactjs.org/link/wrap-tests-with-act
    at ParentAccountSelector (C:/Users/Admin/graceful_books/src/components/contacts/ParentAccountSelector.tsx:12:3)

[90mstderr[2m | src/components/contacts/ParentAccountSelector.test.tsx[2m > [22m[2mParentAccountSelector[2m > [22m[2mValidation[2m > [22m[2mshould prevent invalid selection
[22m[39mWarning: An update to ParentAccountSelector inside a test was not wrapped in act(...).

When testing, code that causes React state updates should be wrapped into act(...):

act(() => {
  /* fire events that update state */
});
/* assert on the output */

This ensures that you're testing the behavior the user would see in the browser. Learn more at https://reactjs.org/link/wrap-tests-with-act
    at ParentAccountSelector (C:/Users/Admin/graceful_books/src/components/contacts/ParentAccountSelector.tsx:12:3)
Warning: An update to ParentAccountSelector inside a test was not wrapped in act(...).

When testing, code that causes React state updates should be wrapped into act(...):

act(() => {
  /* fire events that update state */
});
/* assert on the output */

This ensures that you're testing the behavior the user would see in the browser. Learn more at https://reactjs.org/link/wrap-tests-with-act
    at ParentAccountSelector (C:/Users/Admin/graceful_books/src/components/contacts/ParentAccountSelector.tsx:12:3)

[90mstderr[2m | src/components/contacts/ParentAccountSelector.test.tsx[2m > [22m[2mParentAccountSelector[2m > [22m[2mValidation[2m > [22m[2mshould show validating message during validation
[22m[39mWarning: An update to ParentAccountSelector inside a test was not wrapped in act(...).

When testing, code that causes React state updates should be wrapped into act(...):

act(() => {
  /* fire events that update state */
});
/* assert on the output */

This ensures that you're testing the behavior the user would see in the browser. Learn more at https://reactjs.org/link/wrap-tests-with-act
    at ParentAccountSelector (C:/Users/Admin/graceful_books/src/components/contacts/ParentAccountSelector.tsx:12:3)

[90mstderr[2m | src/components/contacts/ParentAccountSelector.test.tsx[2m > [22m[2mParentAccountSelector[2m > [22m[2mAccessibility[2m > [22m[2mshould support keyboard navigation
[22m[39mWarning: An update to ParentAccountSelector inside a test was not wrapped in act(...).

When testing, code that causes React state updates should be wrapped into act(...):

act(() => {
  /* fire events that update state */
});
/* assert on the output */

This ensures that you're testing the behavior the user would see in the browser. Learn more at https://reactjs.org/link/wrap-tests-with-act
    at ParentAccountSelector (C:/Users/Admin/graceful_books/src/components/contacts/ParentAccountSelector.tsx:12:3)

[90mstderr[2m | src/components/contacts/ParentAccountSelector.test.tsx[2m > [22m[2mParentAccountSelector[2m > [22m[2mError Handling[2m > [22m[2mshould handle validation errors gracefully
[22m[39mValidation error: Error: Validation failed
    at C:/Users/Admin/graceful_books/src/components/contacts/ParentAccountSelector.test.tsx:566:28
    at [90mfile:///C:/Users/Admin/graceful_books/[39mnode_modules/[4m@vitest/runner[24m/dist/index.js:145:11
    at [90mfile:///C:/Users/Admin/graceful_books/[39mnode_modules/[4m@vitest/runner[24m/dist/index.js:915:26
    at [90mfile:///C:/Users/Admin/graceful_books/[39mnode_modules/[4m@vitest/runner[24m/dist/index.js:1243:20
    at new Promise (<anonymous>)
    at runWithTimeout [90m(file:///C:/Users/Admin/graceful_books/[39mnode_modules/[4m@vitest/runner[24m/dist/index.js:1209:10[90m)[39m
    at [90mfile:///C:/Users/Admin/graceful_books/[39mnode_modules/[4m@vitest/runner[24m/dist/index.js:1653:37
    at Traces.$ [90m(file:///C:/Users/Admin/graceful_books/[39mnode_modules/[4mvitest[24m/dist/chunks/traces.CCmnQaNT.js:142:27[90m)[39m
    at trace [90m(file:///C:/Users/Admin/graceful_books/[39mnode_modules/[4mvitest[24m/dist/chunks/test.B8ej_ZHS.js:239:21[90m)[39m
    at runTest [90m(file:///C:/Users/Admin/graceful_books/[39mnode_modules/[4m@vitest/runner[24m/dist/index.js:1653:12[90m)[39m

[90mstderr[2m | src/components/accounts/AccountTree.test.tsx[2m > [22m[2mAccountTree Component[2m > [22m[2mexpand/collapse functionality[2m > [22m[2mshould collapse children when expand button is clicked
[22m[39mWarning: An update to TreeNode inside a test was not wrapped in act(...).

When testing, code that causes React state updates should be wrapped into act(...):

act(() => {
  /* fire events that update state */
});
/* assert on the output */

This ensures that you're testing the behavior the user would see in the browser. Learn more at https://reactjs.org/link/wrap-tests-with-act
    at TreeNode (C:/Users/Admin/graceful_books/src/components/accounts/AccountTree.tsx:14:21)
    at div
    at div
    at AccountTree (C:/Users/Admin/graceful_books/src/components/accounts/AccountTree.tsx:166:3)

 [32m✓[39m src/components/contacts/ParentAccountSelector.test.tsx [2m([22m[2m27 tests[22m[2m)[22m[33m 1935[2mms[22m[39m
[90mstderr[2m | src/components/accounts/AccountTree.test.tsx[2m > [22m[2mAccountTree Component[2m > [22m[2mexpand/collapse functionality[2m > [22m[2mshould expand children when expand button is clicked again
[22m[39mWarning: An update to TreeNode inside a test was not wrapped in act(...).

When testing, code that causes React state updates should be wrapped into act(...):

act(() => {
  /* fire events that update state */
});
/* assert on the output */

This ensures that you're testing the behavior the user would see in the browser. Learn more at https://reactjs.org/link/wrap-tests-with-act
    at TreeNode (C:/Users/Admin/graceful_books/src/components/accounts/AccountTree.tsx:14:21)
    at div
    at div
    at AccountTree (C:/Users/Admin/graceful_books/src/components/accounts/AccountTree.tsx:166:3)

[90mstderr[2m | src/components/accounts/AccountTree.test.tsx[2m > [22m[2mAccountTree Component[2m > [22m[2mexpand/collapse functionality[2m > [22m[2mshould expand children when expand button is clicked again
[22m[39mWarning: An update to TreeNode inside a test was not wrapped in act(...).

When testing, code that causes React state updates should be wrapped into act(...):

act(() => {
  /* fire events that update state */
});
/* assert on the output */

This ensures that you're testing the behavior the user would see in the browser. Learn more at https://reactjs.org/link/wrap-tests-with-act
    at TreeNode (C:/Users/Admin/graceful_books/src/components/accounts/AccountTree.tsx:14:21)
    at div
    at div
    at AccountTree (C:/Users/Admin/graceful_books/src/components/accounts/AccountTree.tsx:166:3)

 [32m✓[39m src/components/accounts/AccountTree.test.tsx [2m([22m[2m34 tests[22m[2m)[22m[33m 1990[2mms[22m[39m
       [33m[2m✓[22m[39m should have no accessibility violations [33m 318[2mms[22m[39m
[90mstdout[2m | src/services/mentions.service.test.ts[2m > [22m[2mMentionsService[2m > [22m[2mparseMentions[2m > [22m[2mshould parse single @mention
[22m[39m[MentionsService] Parsed mentions from text {
  text: [32m'Hey @alice, please review this'[39m,
  mentionsCount: [33m1[39m,
  usernames: [ [32m'alice'[39m ]
}

[90mstdout[2m | src/services/mentions.service.test.ts[2m > [22m[2mMentionsService[2m > [22m[2mparseMentions[2m > [22m[2mshould parse multiple @mentions
[22m[39m[MentionsService] Parsed mentions from text {
  text: [32m'@alice and @bob.jones should review this'[39m,
  mentionsCount: [33m2[39m,
  usernames: [ [32m'alice'[39m, [32m'bob.jones'[39m ]
}

[90mstdout[2m | src/services/mentions.service.test.ts[2m > [22m[2mMentionsService[2m > [22m[2mparseMentions[2m > [22m[2mshould parse @mentions with dots
[22m[39m[MentionsService] Parsed mentions from text {
  text: [32m'Hey @user.name, check this'[39m,
  mentionsCount: [33m1[39m,
  usernames: [ [32m'user.name'[39m ]
}

[90mstdout[2m | src/services/mentions.service.test.ts[2m > [22m[2mMentionsService[2m > [22m[2mparseMentions[2m > [22m[2mshould parse @mentions with underscores
[22m[39m[MentionsService] Parsed mentions from text {
  text: [32m'Hey @charlie_brown, check this'[39m,
  mentionsCount: [33m1[39m,
  usernames: [ [32m'charlie_brown'[39m ]
}

[90mstdout[2m | src/services/mentions.service.test.ts[2m > [22m[2mMentionsService[2m > [22m[2mparseMentions[2m > [22m[2mshould parse @mentions with hyphens
[22m[39m[MentionsService] Parsed mentions from text {
  text: [32m'Hey @user-name, check this'[39m,
  mentionsCount: [33m1[39m,
  usernames: [ [32m'user-name'[39m ]
}

[90mstdout[2m | src/services/mentions.service.test.ts[2m > [22m[2mMentionsService[2m > [22m[2mparseMentions[2m > [22m[2mshould parse @mentions with mixed special chars
[22m[39m[MentionsService] Parsed mentions from text {
  text: [32m'Hey @user.name_test-123, check this'[39m,
  mentionsCount: [33m1[39m,
  usernames: [ [32m'user.name_test-123'[39m ]
}

[90mstdout[2m | src/services/mentions.service.test.ts[2m > [22m[2mMentionsService[2m > [22m[2mparseMentions[2m > [22m[2mshould parse @ in email domain (expected behavior)
[22m[39m[MentionsService] Parsed mentions from text {
  text: [32m'Contact alice@example.com for more info'[39m,
  mentionsCount: [33m1[39m,
  usernames: [ [32m'example.com'[39m ]
}

[90mstdout[2m | src/services/mentions.service.test.ts[2m > [22m[2mMentionsService[2m > [22m[2mparseMentions[2m > [22m[2mshould handle @mention at start of text
[22m[39m[MentionsService] Parsed mentions from text {
  text: [32m'@alice please review'[39m,
  mentionsCount: [33m1[39m,
  usernames: [ [32m'alice'[39m ]
}

[90mstdout[2m | src/services/mentions.service.test.ts[2m > [22m[2mMentionsService[2m > [22m[2mparseMentions[2m > [22m[2mshould handle @mention at end of text
[22m[39m[MentionsService] Parsed mentions from text {
  text: [32m'Please review @alice'[39m,
  mentionsCount: [33m1[39m,
  usernames: [ [32m'alice'[39m ]
}

[90mstdout[2m | src/services/mentions.service.test.ts[2m > [22m[2mMentionsService[2m > [22m[2mparseMentions[2m > [22m[2mshould handle multiple spaces around @mention
[22m[39m[MentionsService] Parsed mentions from text {
  text: [32m'Hey   @alice   please review'[39m,
  mentionsCount: [33m1[39m,
  usernames: [ [32m'alice'[39m ]
}

[90mstdout[2m | src/services/mentions.service.test.ts[2m > [22m[2mMentionsService[2m > [22m[2mparseMentions[2m > [22m[2mshould remove duplicate @mentions
[22m[39m[MentionsService] Parsed mentions from text {
  text: [32m'@alice please review. Hey @alice, did you see this?'[39m,
  mentionsCount: [33m1[39m,
  usernames: [ [32m'alice'[39m ]
}

[90mstdout[2m | src/services/mentions.service.test.ts[2m > [22m[2mMentionsService[2m > [22m[2mparseMentions[2m > [22m[2mshould handle newlines in text
[22m[39m[MentionsService] Parsed mentions from text {
  text: [32m'Hey @alice\nPlease review\n@bob.jones also look at this'[39m,
  mentionsCount: [33m2[39m,
  usernames: [ [32m'alice'[39m, [32m'bob.jones'[39m ]
}

[90mstdout[2m | src/services/mentions.service.test.ts[2m > [22m[2mMentionsService[2m > [22m[2mparseMentions[2m > [22m[2mshould handle @mention in punctuation
[22m[39m[MentionsService] Parsed mentions from text {
  text: [32m'Hey @alice, @bob.jones; @charlie_brown!'[39m,
  mentionsCount: [33m3[39m,
  usernames: [ [32m'alice'[39m, [32m'bob.jones'[39m, [32m'charlie_brown'[39m ]
}

[90mstdout[2m | src/services/mentions.service.test.ts[2m > [22m[2mMentionsService[2m > [22m[2mparseMentions[2m > [22m[2mshould reject @mention starting with number
[22m[39m[MentionsService] Parsed mentions from text { text: [32m'Hey @123user, check this'[39m, mentionsCount: [33m0[39m, usernames: [] }

[90mstdout[2m | src/services/mentions.service.test.ts[2m > [22m[2mMentionsService[2m > [22m[2mparseMentions[2m > [22m[2mshould reject @mention ending with special char
[22m[39m[MentionsService] Parsed mentions from text {
  text: [32m'Hey @user., check this'[39m,
  mentionsCount: [33m1[39m,
  usernames: [ [32m'user'[39m ]
}

[90mstdout[2m | src/services/mentions.service.test.ts[2m > [22m[2mMentionsService[2m > [22m[2mparseMentions[2m > [22m[2mshould handle empty text
[22m[39m[MentionsService] Parsed mentions from text { text: [32m''[39m, mentionsCount: [33m0[39m, usernames: [] }

[90mstdout[2m | src/services/mentions.service.test.ts[2m > [22m[2mMentionsService[2m > [22m[2mparseMentions[2m > [22m[2mshould handle text with no mentions
[22m[39m[MentionsService] Parsed mentions from text { text: [32m'This is a regular comment'[39m, mentionsCount: [33m0[39m, usernames: [] }

[90mstdout[2m | src/services/mentions.service.test.ts[2m > [22m[2mMentionsService[2m > [22m[2mparseMentions[2m > [22m[2mshould calculate correct indices
[22m[39m[MentionsService] Parsed mentions from text {
  text: [32m'Start @alice middle @bob.jones end'[39m,
  mentionsCount: [33m2[39m,
  usernames: [ [32m'alice'[39m, [32m'bob.jones'[39m ]
}

[90mstdout[2m | src/services/mentions.service.test.ts[2m > [22m[2mMentionsService[2m > [22m[2mvalidateMentions[2m > [22m[2mshould validate existing user mentions
[22m[39m[MentionsService] Validated mentions { totalMentions: [33m1[39m, validMentions: [33m1[39m, invalidMentions: [33m0[39m }

[90mstdout[2m | src/services/mentions.service.test.ts[2m > [22m[2mMentionsService[2m > [22m[2mvalidateMentions[2m > [22m[2mshould be case-insensitive for username matching
[22m[39m[MentionsService] Validated mentions { totalMentions: [33m2[39m, validMentions: [33m2[39m, invalidMentions: [33m0[39m }

[90mstdout[2m | src/services/mentions.service.test.ts[2m > [22m[2mMentionsService[2m > [22m[2mvalidateMentions[2m > [22m[2mshould check entity access permissions
[22m[39m[MentionsService] Validated mentions { totalMentions: [33m1[39m, validMentions: [33m1[39m, invalidMentions: [33m0[39m }

[90mstdout[2m | src/services/mentions.service.test.ts[2m > [22m[2mMentionsService[2m > [22m[2mvalidateMentions[2m > [22m[2mshould detect lack of entity access
[22m[39m[MentionsService] Validated mentions { totalMentions: [33m1[39m, validMentions: [33m1[39m, invalidMentions: [33m0[39m }

[90mstdout[2m | src/services/mentions.service.test.ts[2m > [22m[2mMentionsService[2m > [22m[2mvalidateMentions[2m > [22m[2mshould skip non-existent usernames
[22m[39m[MentionsService] Validated mentions { totalMentions: [33m2[39m, validMentions: [33m1[39m, invalidMentions: [33m1[39m }

[90mstderr[2m | src/services/mentions.service.test.ts[2m > [22m[2mMentionsService[2m > [22m[2mvalidateMentions[2m > [22m[2mshould skip non-existent usernames
[22m[39m[MentionsService] Mention username not found { username: [32m'nonexistent'[39m, companyId: [32m'company-test-001'[39m }

[90mstdout[2m | src/services/mentions.service.test.ts[2m > [22m[2mMentionsService[2m > [22m[2mvalidateMentions[2m > [22m[2mshould skip inactive company users
[22m[39m[MentionsService] Validated mentions { totalMentions: [33m1[39m, validMentions: [33m0[39m, invalidMentions: [33m1[39m }

[90mstderr[2m | src/services/mentions.service.test.ts[2m > [22m[2mMentionsService[2m > [22m[2mvalidateMentions[2m > [22m[2mshould skip inactive company users
[22m[39m[MentionsService] Mention username not found { username: [32m'bob.jones'[39m, companyId: [32m'company-test-001'[39m }

[90mstdout[2m | src/services/mentions.service.test.ts[2m > [22m[2mMentionsService[2m > [22m[2mvalidateMentions[2m > [22m[2mshould skip deleted users
[22m[39m[MentionsService] Validated mentions { totalMentions: [33m1[39m, validMentions: [33m0[39m, invalidMentions: [33m1[39m }

[90mstderr[2m | src/services/mentions.service.test.ts[2m > [22m[2mMentionsService[2m > [22m[2mvalidateMentions[2m > [22m[2mshould skip deleted users
[22m[39m[MentionsService] Mention username not found { username: [32m'bob.jones'[39m, companyId: [32m'company-test-001'[39m }

[90mstdout[2m | src/services/mentions.service.test.ts[2m > [22m[2mMentionsService[2m > [22m[2mvalidateMentions[2m > [22m[2mshould handle empty parsed mentions
[22m[39m[MentionsService] Validated mentions { totalMentions: [33m0[39m, validMentions: [33m0[39m, invalidMentions: [33m0[39m }

[90mstdout[2m | src/services/mentions.service.test.ts[2m > [22m[2mMentionsService[2m > [22m[2mcreateMentions[2m > [22m[2mshould create mention for valid user
[22m[39m[MentionsService] Parsed mentions from text {
  text: [32m'Hey @bob.jones, please review'[39m,
  mentionsCount: [33m1[39m,
  usernames: [ [32m'bob.jones'[39m ]
}

[90mstdout[2m | src/services/mentions.service.test.ts[2m > [22m[2mMentionsService[2m > [22m[2mcreateMentions[2m > [22m[2mshould create mention for valid user
[22m[39m[MentionsService] Validated mentions { totalMentions: [33m1[39m, validMentions: [33m1[39m, invalidMentions: [33m0[39m }

[90mstdout[2m | src/services/mentions.service.test.ts[2m > [22m[2mMentionsService[2m > [22m[2mcreateMentions[2m > [22m[2mshould create mention for valid user
[22m[39m[MentionsService] Created mention {
  mentionId: [32m'MYx6g0m4Zxug1Zq-063e5'[39m,
  mentionedUserId: [32m'user-test-002'[39m,
  mentioningUserId: [32m'user-test-001'[39m,
  commentId: [32m'comment-001'[39m
}
[MentionsService] Created mentions for comment {
  commentId: [32m'comment-001'[39m,
  mentionsCreated: [33m1[39m,
  notificationsScheduled: [33m1[39m,
  checklistItemsCreated: [33m0[39m,
  errors: [33m0[39m
}

[90mstdout[2m | src/services/mentions.service.test.ts[2m > [22m[2mMentionsService[2m > [22m[2mcreateMentions[2m > [22m[2mshould create multiple mentions
[22m[39m[MentionsService] Parsed mentions from text {
  text: [32m'@alice and @bob.jones please review'[39m,
  mentionsCount: [33m2[39m,
  usernames: [ [32m'alice'[39m, [32m'bob.jones'[39m ]
}

[90mstdout[2m | src/services/mentions.service.test.ts[2m > [22m[2mMentionsService[2m > [22m[2mcreateMentions[2m > [22m[2mshould create multiple mentions
[22m[39m[MentionsService] Validated mentions { totalMentions: [33m2[39m, validMentions: [33m2[39m, invalidMentions: [33m0[39m }

[90mstdout[2m | src/services/mentions.service.test.ts[2m > [22m[2mMentionsService[2m > [22m[2mcreateMentions[2m > [22m[2mshould create multiple mentions
[22m[39m[MentionsService] Created mention {
  mentionId: [32m'dMlMdjdWaqb6qyW_q4KT8'[39m,
  mentionedUserId: [32m'user-test-002'[39m,
  mentioningUserId: [32m'user-test-001'[39m,
  commentId: [32m'comment-001'[39m
}
[MentionsService] Created mentions for comment {
  commentId: [32m'comment-001'[39m,
  mentionsCreated: [33m1[39m,
  notificationsScheduled: [33m1[39m,
  checklistItemsCreated: [33m0[39m,
  errors: [33m0[39m
}

[90mstdout[2m | src/services/mentions.service.test.ts[2m > [22m[2mMentionsService[2m > [22m[2mcreateMentions[2m > [22m[2mshould not create self-mentions
[22m[39m[MentionsService] Parsed mentions from text {
  text: [32m'@alice please note this'[39m,
  mentionsCount: [33m1[39m,
  usernames: [ [32m'alice'[39m ]
}

[90mstdout[2m | src/services/mentions.service.test.ts[2m > [22m[2mMentionsService[2m > [22m[2mcreateMentions[2m > [22m[2mshould not create self-mentions
[22m[39m[MentionsService] Validated mentions { totalMentions: [33m1[39m, validMentions: [33m1[39m, invalidMentions: [33m0[39m }

[90mstdout[2m | src/services/mentions.service.test.ts[2m > [22m[2mMentionsService[2m > [22m[2mcreateMentions[2m > [22m[2mshould not create self-mentions
[22m[39m[MentionsService] Created mentions for comment {
  commentId: [32m'comment-001'[39m,
  mentionsCreated: [33m0[39m,
  notificationsScheduled: [33m0[39m,
  checklistItemsCreated: [33m0[39m,
  errors: [33m0[39m
}

[90mstdout[2m | src/services/mentions.service.test.ts[2m > [22m[2mMentionsService[2m > [22m[2mcreateMentions[2m > [22m[2mshould not create mention for user without access
[22m[39m[MentionsService] Parsed mentions from text {
  text: [32m'@charlie_brown please review'[39m,
  mentionsCount: [33m1[39m,
  usernames: [ [32m'charlie_brown'[39m ]
}

[90mstdout[2m | src/services/mentions.service.test.ts[2m > [22m[2mMentionsService[2m > [22m[2mcreateMentions[2m > [22m[2mshould not create mention for user without access
[22m[39m[MentionsService] Validated mentions { totalMentions: [33m1[39m, validMentions: [33m1[39m, invalidMentions: [33m0[39m }

[90mstdout[2m | src/services/mentions.service.test.ts[2m > [22m[2mMentionsService[2m > [22m[2mcreateMentions[2m > [22m[2mshould not create mention for user without access
[22m[39m[MentionsService] Created mentions for comment {
  commentId: [32m'comment-001'[39m,
  mentionsCreated: [33m0[39m,
  notificationsScheduled: [33m0[39m,
  checklistItemsCreated: [33m0[39m,
  errors: [33m1[39m
}

[90mstdout[2m | src/services/mentions.service.test.ts[2m > [22m[2mMentionsService[2m > [22m[2mcreateMentions[2m > [22m[2mshould schedule notifications for mentions
[22m[39m[MentionsService] Parsed mentions from text {
  text: [32m'@bob.jones please review'[39m,
  mentionsCount: [33m1[39m,
  usernames: [ [32m'bob.jones'[39m ]
}

[90mstdout[2m | src/services/mentions.service.test.ts[2m > [22m[2mMentionsService[2m > [22m[2mcreateMentions[2m > [22m[2mshould schedule notifications for mentions
[22m[39m[MentionsService] Validated mentions { totalMentions: [33m1[39m, validMentions: [33m1[39m, invalidMentions: [33m0[39m }

[90mstdout[2m | src/services/mentions.service.test.ts[2m > [22m[2mMentionsService[2m > [22m[2mcreateMentions[2m > [22m[2mshould schedule notifications for mentions
[22m[39m[MentionsService] Created mention {
  mentionId: [32m'46IqTXSLLsX654tc6UJws'[39m,
  mentionedUserId: [32m'user-test-002'[39m,
  mentioningUserId: [32m'user-test-001'[39m,
  commentId: [32m'comment-001'[39m
}
[MentionsService] Created mentions for comment {
  commentId: [32m'comment-001'[39m,
  mentionsCreated: [33m1[39m,
  notificationsScheduled: [33m1[39m,
  checklistItemsCreated: [33m0[39m,
  errors: [33m0[39m
}

[90mstdout[2m | src/services/mentions.service.test.ts[2m > [22m[2mMentionsService[2m > [22m[2mcreateMentions[2m > [22m[2mshould create checklist item when requested
[22m[39m[MentionsService] Parsed mentions from text {
  text: [32m'@bob.jones please review'[39m,
  mentionsCount: [33m1[39m,
  usernames: [ [32m'bob.jones'[39m ]
}

[90mstdout[2m | src/services/mentions.service.test.ts[2m > [22m[2mMentionsService[2m > [22m[2mcreateMentions[2m > [22m[2mshould create checklist item when requested
[22m[39m[MentionsService] Validated mentions { totalMentions: [33m1[39m, validMentions: [33m1[39m, invalidMentions: [33m0[39m }

[90mstdout[2m | src/services/mentions.service.test.ts[2m > [22m[2mMentionsService[2m > [22m[2mcreateMentions[2m > [22m[2mshould create checklist item when requested
[22m[39m[MentionsService] Would create checklist item {
  assignedUserId: [32m'user-test-002'[39m,
  commentId: [32m'comment-001'[39m,
  title: [32m'Review transaction #transact'[39m
}

[90mstdout[2m | src/services/mentions.service.test.ts[2m > [22m[2mMentionsService[2m > [22m[2mcreateMentions[2m > [22m[2mshould create checklist item when requested
[22m[39m[MentionsService] Created mention {
  mentionId: [32m'jQ5h9xWeItrEfqJu-Mmpa'[39m,
  mentionedUserId: [32m'user-test-002'[39m,
  mentioningUserId: [32m'user-test-001'[39m,
  commentId: [32m'comment-001'[39m
}
[MentionsService] Created mentions for comment {
  commentId: [32m'comment-001'[39m,
  mentionsCreated: [33m1[39m,
  notificationsScheduled: [33m1[39m,
  checklistItemsCreated: [33m1[39m,
  errors: [33m0[39m
}

[90mstdout[2m | src/services/mentions.service.test.ts[2m > [22m[2mMentionsService[2m > [22m[2mcreateMentions[2m > [22m[2mshould use custom checklist title when provided
[22m[39m[MentionsService] Parsed mentions from text {
  text: [32m'@bob.jones please review'[39m,
  mentionsCount: [33m1[39m,
  usernames: [ [32m'bob.jones'[39m ]
}

[90mstdout[2m | src/services/mentions.service.test.ts[2m > [22m[2mMentionsService[2m > [22m[2mcreateMentions[2m > [22m[2mshould use custom checklist title when provided
[22m[39m[MentionsService] Validated mentions { totalMentions: [33m1[39m, validMentions: [33m1[39m, invalidMentions: [33m0[39m }

[90mstdout[2m | src/services/mentions.service.test.ts[2m > [22m[2mMentionsService[2m > [22m[2mcreateMentions[2m > [22m[2mshould use custom checklist title when provided
[22m[39m[MentionsService] Would create checklist item {
  assignedUserId: [32m'user-test-002'[39m,
  commentId: [32m'comment-001'[39m,
  title: [32m'Custom task title'[39m
}

[90mstdout[2m | src/services/mentions.service.test.ts[2m > [22m[2mMentionsService[2m > [22m[2mcreateMentions[2m > [22m[2mshould use custom checklist title when provided
[22m[39m[MentionsService] Created mention {
  mentionId: [32m'v87oNZzenPzzTeqydYVyM'[39m,
  mentionedUserId: [32m'user-test-002'[39m,
  mentioningUserId: [32m'user-test-001'[39m,
  commentId: [32m'comment-001'[39m
}
[MentionsService] Created mentions for comment {
  commentId: [32m'comment-001'[39m,
  mentionsCreated: [33m1[39m,
  notificationsScheduled: [33m1[39m,
  checklistItemsCreated: [33m1[39m,
  errors: [33m0[39m
}

[90mstdout[2m | src/services/mentions.service.test.ts[2m > [22m[2mMentionsService[2m > [22m[2mcreateMentions[2m > [22m[2mshould handle text with no mentions
[22m[39m[MentionsService] Parsed mentions from text { text: [32m'This is a regular comment'[39m, mentionsCount: [33m0[39m, usernames: [] }

[90mstdout[2m | src/services/mentions.service.test.ts[2m > [22m[2mMentionsService[2m > [22m[2mcreateMentions[2m > [22m[2mshould handle mention of non-existent user
[22m[39m[MentionsService] Parsed mentions from text {
  text: [32m'@nonexistentuser please review'[39m,
  mentionsCount: [33m1[39m,
  usernames: [ [32m'nonexistentuser'[39m ]
}

[90mstderr[2m | src/services/mentions.service.test.ts[2m > [22m[2mMentionsService[2m > [22m[2mcreateMentions[2m > [22m[2mshould handle mention of non-existent user
[22m[39m[MentionsService] Mention username not found { username: [32m'nonexistentuser'[39m, companyId: [32m'company-test-001'[39m }

[90mstdout[2m | src/services/mentions.service.test.ts[2m > [22m[2mMentionsService[2m > [22m[2mcreateMentions[2m > [22m[2mshould handle mention of non-existent user
[22m[39m[MentionsService] Validated mentions { totalMentions: [33m1[39m, validMentions: [33m0[39m, invalidMentions: [33m1[39m }

[90mstdout[2m | src/services/mentions.service.test.ts[2m > [22m[2mMentionsService[2m > [22m[2mcreateMentions[2m > [22m[2mshould handle mention of non-existent user
[22m[39m[MentionsService] Created mentions for comment {
  commentId: [32m'comment-001'[39m,
  mentionsCreated: [33m0[39m,
  notificationsScheduled: [33m0[39m,
  checklistItemsCreated: [33m0[39m,
  errors: [33m0[39m
}

[90mstdout[2m | src/services/mentions.service.test.ts[2m > [22m[2mMentionsService[2m > [22m[2mcreateMentions[2m > [22m[2mshould persist mentions to database
[22m[39m[MentionsService] Parsed mentions from text {
  text: [32m'@bob.jones please review'[39m,
  mentionsCount: [33m1[39m,
  usernames: [ [32m'bob.jones'[39m ]
}

[90mstdout[2m | src/services/mentions.service.test.ts[2m > [22m[2mMentionsService[2m > [22m[2mcreateMentions[2m > [22m[2mshould persist mentions to database
[22m[39m[MentionsService] Validated mentions { totalMentions: [33m1[39m, validMentions: [33m1[39m, invalidMentions: [33m0[39m }

[90mstdout[2m | src/services/mentions.service.test.ts[2m > [22m[2mMentionsService[2m > [22m[2mcreateMentions[2m > [22m[2mshould persist mentions to database
[22m[39m[MentionsService] Created mention {
  mentionId: [32m'IKPfQ_B18Dpg7UkDQKHdw'[39m,
  mentionedUserId: [32m'user-test-002'[39m,
  mentioningUserId: [32m'user-test-001'[39m,
  commentId: [32m'comment-001'[39m
}
[MentionsService] Created mentions for comment {
  commentId: [32m'comment-001'[39m,
  mentionsCreated: [33m1[39m,
  notificationsScheduled: [33m1[39m,
  checklistItemsCreated: [33m0[39m,
  errors: [33m0[39m
}

[90mstdout[2m | src/services/mentions.service.test.ts[2m > [22m[2mMentionsService[2m > [22m[2mcreateMentions[2m > [22m[2mshould set notification_sent to false initially
[22m[39m[MentionsService] Parsed mentions from text {
  text: [32m'@bob.jones please review'[39m,
  mentionsCount: [33m1[39m,
  usernames: [ [32m'bob.jones'[39m ]
}

[90mstdout[2m | src/services/mentions.service.test.ts[2m > [22m[2mMentionsService[2m > [22m[2mcreateMentions[2m > [22m[2mshould set notification_sent to false initially
[22m[39m[MentionsService] Validated mentions { totalMentions: [33m1[39m, validMentions: [33m1[39m, invalidMentions: [33m0[39m }

[90mstdout[2m | src/services/mentions.service.test.ts[2m > [22m[2mMentionsService[2m > [22m[2mcreateMentions[2m > [22m[2mshould set notification_sent to false initially
[22m[39m[MentionsService] Created mention {
  mentionId: [32m'PxvjN-z-1cQIsASQOPuEK'[39m,
  mentionedUserId: [32m'user-test-002'[39m,
  mentioningUserId: [32m'user-test-001'[39m,
  commentId: [32m'comment-001'[39m
}
[MentionsService] Created mentions for comment {
  commentId: [32m'comment-001'[39m,
  mentionsCreated: [33m1[39m,
  notificationsScheduled: [33m1[39m,
  checklistItemsCreated: [33m0[39m,
  errors: [33m0[39m
}

[90mstdout[2m | src/services/mentions.service.test.ts[2m > [22m[2mMentionsService[2m > [22m[2mgetMentionsForUser[2m > [22m[2mshould retrieve all mentions for user
[22m[39m[MentionsService] Parsed mentions from text {
  text: [32m'@bob.jones please review'[39m,
  mentionsCount: [33m1[39m,
  usernames: [ [32m'bob.jones'[39m ]
}

[90mstdout[2m | src/services/mentions.service.test.ts[2m > [22m[2mMentionsService[2m > [22m[2mgetMentionsForUser[2m > [22m[2mshould retrieve all mentions for user
[22m[39m[MentionsService] Validated mentions { totalMentions: [33m1[39m, validMentions: [33m1[39m, invalidMentions: [33m0[39m }

[90mstdout[2m | src/services/mentions.service.test.ts[2m > [22m[2mMentionsService[2m > [22m[2mgetMentionsForUser[2m > [22m[2mshould retrieve all mentions for user
[22m[39m[MentionsService] Created mention {
  mentionId: [32m'jIqmOPB4QLm7jbx063F1W'[39m,
  mentionedUserId: [32m'user-test-002'[39m,
  mentioningUserId: [32m'user-test-001'[39m,
  commentId: [32m'comment-001'[39m
}
[MentionsService] Created mentions for comment {
  commentId: [32m'comment-001'[39m,
  mentionsCreated: [33m1[39m,
  notificationsScheduled: [33m1[39m,
  checklistItemsCreated: [33m0[39m,
  errors: [33m0[39m
}

[90mstdout[2m | src/services/mentions.service.test.ts[2m > [22m[2mMentionsService[2m > [22m[2mgetMentionsForUser[2m > [22m[2mshould retrieve all mentions for user
[22m[39m[MentionsService] Parsed mentions from text {
  text: [32m'@bob.jones another task'[39m,
  mentionsCount: [33m1[39m,
  usernames: [ [32m'bob.jones'[39m ]
}

[90mstdout[2m | src/services/mentions.service.test.ts[2m > [22m[2mMentionsService[2m > [22m[2mgetMentionsForUser[2m > [22m[2mshould retrieve all mentions for user
[22m[39m[MentionsService] Validated mentions { totalMentions: [33m1[39m, validMentions: [33m1[39m, invalidMentions: [33m0[39m }

[90mstdout[2m | src/services/mentions.service.test.ts[2m > [22m[2mMentionsService[2m > [22m[2mgetMentionsForUser[2m > [22m[2mshould retrieve all mentions for user
[22m[39m[MentionsService] Created mention {
  mentionId: [32m'OntfLQnVLlfN7ZCByZa8m'[39m,
  mentionedUserId: [32m'user-test-002'[39m,
  mentioningUserId: [32m'user-test-001'[39m,
  commentId: [32m'comment-002'[39m
}
[MentionsService] Created mentions for comment {
  commentId: [32m'comment-002'[39m,
  mentionsCreated: [33m1[39m,
  notificationsScheduled: [33m1[39m,
  checklistItemsCreated: [33m0[39m,
  errors: [33m0[39m
}

[90mstdout[2m | src/services/mentions.service.test.ts[2m > [22m[2mMentionsService[2m > [22m[2mgetMentionsForUser[2m > [22m[2mshould retrieve unread mentions only
[22m[39m[MentionsService] Parsed mentions from text {
  text: [32m'@bob.jones please review'[39m,
  mentionsCount: [33m1[39m,
  usernames: [ [32m'bob.jones'[39m ]
}

[90mstdout[2m | src/services/mentions.service.test.ts[2m > [22m[2mMentionsService[2m > [22m[2mgetMentionsForUser[2m > [22m[2mshould retrieve unread mentions only
[22m[39m[MentionsService] Validated mentions { totalMentions: [33m1[39m, validMentions: [33m1[39m, invalidMentions: [33m0[39m }

[90mstdout[2m | src/services/mentions.service.test.ts[2m > [22m[2mMentionsService[2m > [22m[2mgetMentionsForUser[2m > [22m[2mshould retrieve unread mentions only
[22m[39m[MentionsService] Created mention {
  mentionId: [32m'4lPzGiB_WRsrE7o5E99ty'[39m,
  mentionedUserId: [32m'user-test-002'[39m,
  mentioningUserId: [32m'user-test-001'[39m,
  commentId: [32m'comment-001'[39m
}
[MentionsService] Created mentions for comment {
  commentId: [32m'comment-001'[39m,
  mentionsCreated: [33m1[39m,
  notificationsScheduled: [33m1[39m,
  checklistItemsCreated: [33m0[39m,
  errors: [33m0[39m
}

[90mstdout[2m | src/services/mentions.service.test.ts[2m > [22m[2mMentionsService[2m > [22m[2mgetMentionsForUser[2m > [22m[2mshould retrieve unread mentions only
[22m[39m[MentionsService] Parsed mentions from text {
  text: [32m'@bob.jones another task'[39m,
  mentionsCount: [33m1[39m,
  usernames: [ [32m'bob.jones'[39m ]
}

[90mstdout[2m | src/services/mentions.service.test.ts[2m > [22m[2mMentionsService[2m > [22m[2mgetMentionsForUser[2m > [22m[2mshould retrieve unread mentions only
[22m[39m[MentionsService] Validated mentions { totalMentions: [33m1[39m, validMentions: [33m1[39m, invalidMentions: [33m0[39m }

[90mstdout[2m | src/services/mentions.service.test.ts[2m > [22m[2mMentionsService[2m > [22m[2mgetMentionsForUser[2m > [22m[2mshould retrieve unread mentions only
[22m[39m[MentionsService] Created mention {
  mentionId: [32m'78kaDJb9v-k1aE94ZCjYw'[39m,
  mentionedUserId: [32m'user-test-002'[39m,
  mentioningUserId: [32m'user-test-001'[39m,
  commentId: [32m'comment-002'[39m
}
[MentionsService] Created mentions for comment {
  commentId: [32m'comment-002'[39m,
  mentionsCreated: [33m1[39m,
  notificationsScheduled: [33m1[39m,
  checklistItemsCreated: [33m0[39m,
  errors: [33m0[39m
}

[90mstdout[2m | src/services/mentions.service.test.ts[2m > [22m[2mMentionsService[2m > [22m[2mgetMentionsForUser[2m > [22m[2mshould respect limit parameter
[22m[39m[MentionsService] Parsed mentions from text {
  text: [32m'@bob.jones please review'[39m,
  mentionsCount: [33m1[39m,
  usernames: [ [32m'bob.jones'[39m ]
}

[90mstdout[2m | src/services/mentions.service.test.ts[2m > [22m[2mMentionsService[2m > [22m[2mgetMentionsForUser[2m > [22m[2mshould respect limit parameter
[22m[39m[MentionsService] Validated mentions { totalMentions: [33m1[39m, validMentions: [33m1[39m, invalidMentions: [33m0[39m }

[90mstdout[2m | src/services/mentions.service.test.ts[2m > [22m[2mMentionsService[2m > [22m[2mgetMentionsForUser[2m > [22m[2mshould respect limit parameter
[22m[39m[MentionsService] Created mention {
  mentionId: [32m'baRIwKutEl_igz_4vY4ek'[39m,
  mentionedUserId: [32m'user-test-002'[39m,
  mentioningUserId: [32m'user-test-001'[39m,
  commentId: [32m'comment-001'[39m
}
[MentionsService] Created mentions for comment {
  commentId: [32m'comment-001'[39m,
  mentionsCreated: [33m1[39m,
  notificationsScheduled: [33m1[39m,
  checklistItemsCreated: [33m0[39m,
  errors: [33m0[39m
}

[90mstdout[2m | src/services/mentions.service.test.ts[2m > [22m[2mMentionsService[2m > [22m[2mgetMentionsForUser[2m > [22m[2mshould respect limit parameter
[22m[39m[MentionsService] Parsed mentions from text {
  text: [32m'@bob.jones another task'[39m,
  mentionsCount: [33m1[39m,
  usernames: [ [32m'bob.jones'[39m ]
}

[90mstdout[2m | src/services/mentions.service.test.ts[2m > [22m[2mMentionsService[2m > [22m[2mgetMentionsForUser[2m > [22m[2mshould respect limit parameter
[22m[39m[MentionsService] Validated mentions { totalMentions: [33m1[39m, validMentions: [33m1[39m, invalidMentions: [33m0[39m }

[90mstdout[2m | src/services/mentions.service.test.ts[2m > [22m[2mMentionsService[2m > [22m[2mgetMentionsForUser[2m > [22m[2mshould respect limit parameter
[22m[39m[MentionsService] Created mention {
  mentionId: [32m'90lqXc6m2gH7IvpTVtzQm'[39m,
  mentionedUserId: [32m'user-test-002'[39m,
  mentioningUserId: [32m'user-test-001'[39m,
  commentId: [32m'comment-002'[39m
}
[MentionsService] Created mentions for comment {
  commentId: [32m'comment-002'[39m,
  mentionsCreated: [33m1[39m,
  notificationsScheduled: [33m1[39m,
  checklistItemsCreated: [33m0[39m,
  errors: [33m0[39m
}

[90mstdout[2m | src/services/mentions.service.test.ts[2m > [22m[2mMentionsService[2m > [22m[2mgetMentionsForUser[2m > [22m[2mshould respect limit parameter
[22m[39m[MentionsService] Parsed mentions from text {
  text: [32m'@bob.jones task'[39m,
  mentionsCount: [33m1[39m,
  usernames: [ [32m'bob.jones'[39m ]
}

[90mstdout[2m | src/services/mentions.service.test.ts[2m > [22m[2mMentionsService[2m > [22m[2mgetMentionsForUser[2m > [22m[2mshould respect limit parameter
[22m[39m[MentionsService] Validated mentions { totalMentions: [33m1[39m, validMentions: [33m1[39m, invalidMentions: [33m0[39m }

[90mstdout[2m | src/services/mentions.service.test.ts[2m > [22m[2mMentionsService[2m > [22m[2mgetMentionsForUser[2m > [22m[2mshould respect limit parameter
[22m[39m[MentionsService] Created mention {
  mentionId: [32m'Ne6xpehFx3dbeccrHKpwe'[39m,
  mentionedUserId: [32m'user-test-002'[39m,
  mentioningUserId: [32m'user-test-001'[39m,
  commentId: [32m'comment-0'[39m
}
[MentionsService] Created mentions for comment {
  commentId: [32m'comment-0'[39m,
  mentionsCreated: [33m1[39m,
  notificationsScheduled: [33m1[39m,
  checklistItemsCreated: [33m0[39m,
  errors: [33m0[39m
}

[90mstdout[2m | src/services/mentions.service.test.ts[2m > [22m[2mMentionsService[2m > [22m[2mgetMentionsForUser[2m > [22m[2mshould respect limit parameter
[22m[39m[MentionsService] Parsed mentions from text {
  text: [32m'@bob.jones task'[39m,
  mentionsCount: [33m1[39m,
  usernames: [ [32m'bob.jones'[39m ]
}

[90mstdout[2m | src/services/mentions.service.test.ts[2m > [22m[2mMentionsService[2m > [22m[2mgetMentionsForUser[2m > [22m[2mshould respect limit parameter
[22m[39m[MentionsService] Validated mentions { totalMentions: [33m1[39m, validMentions: [33m1[39m, invalidMentions: [33m0[39m }

[90mstdout[2m | src/services/mentions.service.test.ts[2m > [22m[2mMentionsService[2m > [22m[2mgetMentionsForUser[2m > [22m[2mshould respect limit parameter
[22m[39m[MentionsService] Created mention {
  mentionId: [32m'izAe-n7FHRfLenowpYCQE'[39m,
  mentionedUserId: [32m'user-test-002'[39m,
  mentioningUserId: [32m'user-test-001'[39m,
  commentId: [32m'comment-1'[39m
}
[MentionsService] Created mentions for comment {
  commentId: [32m'comment-1'[39m,
  mentionsCreated: [33m1[39m,
  notificationsScheduled: [33m1[39m,
  checklistItemsCreated: [33m0[39m,
  errors: [33m0[39m
}

[90mstdout[2m | src/services/mentions.service.test.ts[2m > [22m[2mMentionsService[2m > [22m[2mgetMentionsForUser[2m > [22m[2mshould respect limit parameter
[22m[39m[MentionsService] Parsed mentions from text {
  text: [32m'@bob.jones task'[39m,
  mentionsCount: [33m1[39m,
  usernames: [ [32m'bob.jones'[39m ]
}

[90mstdout[2m | src/services/mentions.service.test.ts[2m > [22m[2mMentionsService[2m > [22m[2mgetMentionsForUser[2m > [22m[2mshould respect limit parameter
[22m[39m[MentionsService] Validated mentions { totalMentions: [33m1[39m, validMentions: [33m1[39m, invalidMentions: [33m0[39m }

[90mstdout[2m | src/services/mentions.service.test.ts[2m > [22m[2mMentionsService[2m > [22m[2mgetMentionsForUser[2m > [22m[2mshould respect limit parameter
[22m[39m[MentionsService] Created mention {
  mentionId: [32m'oNj9aMqAftvQO5nVTN3Vh'[39m,
  mentionedUserId: [32m'user-test-002'[39m,
  mentioningUserId: [32m'user-test-001'[39m,
  commentId: [32m'comment-2'[39m
}
[MentionsService] Created mentions for comment {
  commentId: [32m'comment-2'[39m,
  mentionsCreated: [33m1[39m,
  notificationsScheduled: [33m1[39m,
  checklistItemsCreated: [33m0[39m,
  errors: [33m0[39m
}

[90mstdout[2m | src/services/mentions.service.test.ts[2m > [22m[2mMentionsService[2m > [22m[2mgetMentionsForUser[2m > [22m[2mshould respect limit parameter
[22m[39m[MentionsService] Parsed mentions from text {
  text: [32m'@bob.jones task'[39m,
  mentionsCount: [33m1[39m,
  usernames: [ [32m'bob.jones'[39m ]
}

[90mstdout[2m | src/services/mentions.service.test.ts[2m > [22m[2mMentionsService[2m > [22m[2mgetMentionsForUser[2m > [22m[2mshould respect limit parameter
[22m[39m[MentionsService] Validated mentions { totalMentions: [33m1[39m, validMentions: [33m1[39m, invalidMentions: [33m0[39m }

[90mstdout[2m | src/services/mentions.service.test.ts[2m > [22m[2mMentionsService[2m > [22m[2mgetMentionsForUser[2m > [22m[2mshould respect limit parameter
[22m[39m[MentionsService] Created mention {
  mentionId: [32m'pJgficqefq4W6sB6_5Cyk'[39m,
  mentionedUserId: [32m'user-test-002'[39m,
  mentioningUserId: [32m'user-test-001'[39m,
  commentId: [32m'comment-3'[39m
}
[MentionsService] Created mentions for comment {
  commentId: [32m'comment-3'[39m,
  mentionsCreated: [33m1[39m,
  notificationsScheduled: [33m1[39m,
  checklistItemsCreated: [33m0[39m,
  errors: [33m0[39m
}

[90mstdout[2m | src/services/mentions.service.test.ts[2m > [22m[2mMentionsService[2m > [22m[2mgetMentionsForUser[2m > [22m[2mshould respect limit parameter
[22m[39m[MentionsService] Parsed mentions from text {
  text: [32m'@bob.jones task'[39m,
  mentionsCount: [33m1[39m,
  usernames: [ [32m'bob.jones'[39m ]
}

[90mstdout[2m | src/services/mentions.service.test.ts[2m > [22m[2mMentionsService[2m > [22m[2mgetMentionsForUser[2m > [22m[2mshould respect limit parameter
[22m[39m[MentionsService] Validated mentions { totalMentions: [33m1[39m, validMentions: [33m1[39m, invalidMentions: [33m0[39m }

[90mstdout[2m | src/services/mentions.service.test.ts[2m > [22m[2mMentionsService[2m > [22m[2mgetMentionsForUser[2m > [22m[2mshould respect limit parameter
[22m[39m[MentionsService] Created mention {
  mentionId: [32m'7G-Qk7ya9xbV-ZcqTZjBU'[39m,
  mentionedUserId: [32m'user-test-002'[39m,
  mentioningUserId: [32m'user-test-001'[39m,
  commentId: [32m'comment-4'[39m
}
[MentionsService] Created mentions for comment {
  commentId: [32m'comment-4'[39m,
  mentionsCreated: [33m1[39m,
  notificationsScheduled: [33m1[39m,
  checklistItemsCreated: [33m0[39m,
  errors: [33m0[39m
}

[90mstdout[2m | src/services/mentions.service.test.ts[2m > [22m[2mMentionsService[2m > [22m[2mgetMentionsForUser[2m > [22m[2mshould respect limit parameter
[22m[39m[MentionsService] Parsed mentions from text {
  text: [32m'@bob.jones task'[39m,
  mentionsCount: [33m1[39m,
  usernames: [ [32m'bob.jones'[39m ]
}

[90mstdout[2m | src/services/mentions.service.test.ts[2m > [22m[2mMentionsService[2m > [22m[2mgetMentionsForUser[2m > [22m[2mshould respect limit parameter
[22m[39m[MentionsService] Validated mentions { totalMentions: [33m1[39m, validMentions: [33m1[39m, invalidMentions: [33m0[39m }

[90mstdout[2m | src/services/mentions.service.test.ts[2m > [22m[2mMentionsService[2m > [22m[2mgetMentionsForUser[2m > [22m[2mshould respect limit parameter
[22m[39m[MentionsService] Created mention {
  mentionId: [32m'jPnhL3wbWRBREbjiktcjm'[39m,
  mentionedUserId: [32m'user-test-002'[39m,
  mentioningUserId: [32m'user-test-001'[39m,
  commentId: [32m'comment-5'[39m
}
[MentionsService] Created mentions for comment {
  commentId: [32m'comment-5'[39m,
  mentionsCreated: [33m1[39m,
  notificationsScheduled: [33m1[39m,
  checklistItemsCreated: [33m0[39m,
  errors: [33m0[39m
}

[90mstdout[2m | src/services/mentions.service.test.ts[2m > [22m[2mMentionsService[2m > [22m[2mgetMentionsForUser[2m > [22m[2mshould respect limit parameter
[22m[39m[MentionsService] Parsed mentions from text {
  text: [32m'@bob.jones task'[39m,
  mentionsCount: [33m1[39m,
  usernames: [ [32m'bob.jones'[39m ]
}

[90mstdout[2m | src/services/mentions.service.test.ts[2m > [22m[2mMentionsService[2m > [22m[2mgetMentionsForUser[2m > [22m[2mshould respect limit parameter
[22m[39m[MentionsService] Validated mentions { totalMentions: [33m1[39m, validMentions: [33m1[39m, invalidMentions: [33m0[39m }

[90mstdout[2m | src/services/mentions.service.test.ts[2m > [22m[2mMentionsService[2m > [22m[2mgetMentionsForUser[2m > [22m[2mshould respect limit parameter
[22m[39m[MentionsService] Created mention {
  mentionId: [32m'maPka6rnnWrmxtArS10HC'[39m,
  mentionedUserId: [32m'user-test-002'[39m,
  mentioningUserId: [32m'user-test-001'[39m,
  commentId: [32m'comment-6'[39m
}
[MentionsService] Created mentions for comment {
  commentId: [32m'comment-6'[39m,
  mentionsCreated: [33m1[39m,
  notificationsScheduled: [33m1[39m,
  checklistItemsCreated: [33m0[39m,
  errors: [33m0[39m
}

[90mstdout[2m | src/services/mentions.service.test.ts[2m > [22m[2mMentionsService[2m > [22m[2mgetMentionsForUser[2m > [22m[2mshould respect limit parameter
[22m[39m[MentionsService] Parsed mentions from text {
  text: [32m'@bob.jones task'[39m,
  mentionsCount: [33m1[39m,
  usernames: [ [32m'bob.jones'[39m ]
}

[90mstdout[2m | src/services/mentions.service.test.ts[2m > [22m[2mMentionsService[2m > [22m[2mgetMentionsForUser[2m > [22m[2mshould respect limit parameter
[22m[39m[MentionsService] Validated mentions { totalMentions: [33m1[39m, validMentions: [33m1[39m, invalidMentions: [33m0[39m }

[90mstdout[2m | src/services/mentions.service.test.ts[2m > [22m[2mMentionsService[2m > [22m[2mgetMentionsForUser[2m > [22m[2mshould respect limit parameter
[22m[39m[MentionsService] Created mention {
  mentionId: [32m'U9wrF_SOl8LUab3s8sddY'[39m,
  mentionedUserId: [32m'user-test-002'[39m,
  mentioningUserId: [32m'user-test-001'[39m,
  commentId: [32m'comment-7'[39m
}
[MentionsService] Created mentions for comment {
  commentId: [32m'comment-7'[39m,
  mentionsCreated: [33m1[39m,
  notificationsScheduled: [33m1[39m,
  checklistItemsCreated: [33m0[39m,
  errors: [33m0[39m
}

[90mstdout[2m | src/services/mentions.service.test.ts[2m > [22m[2mMentionsService[2m > [22m[2mgetMentionsForUser[2m > [22m[2mshould respect limit parameter
[22m[39m[MentionsService] Parsed mentions from text {
  text: [32m'@bob.jones task'[39m,
  mentionsCount: [33m1[39m,
  usernames: [ [32m'bob.jones'[39m ]
}

[90mstdout[2m | src/services/mentions.service.test.ts[2m > [22m[2mMentionsService[2m > [22m[2mgetMentionsForUser[2m > [22m[2mshould respect limit parameter
[22m[39m[MentionsService] Validated mentions { totalMentions: [33m1[39m, validMentions: [33m1[39m, invalidMentions: [33m0[39m }

[90mstdout[2m | src/services/mentions.service.test.ts[2m > [22m[2mMentionsService[2m > [22m[2mgetMentionsForUser[2m > [22m[2mshould respect limit parameter
[22m[39m[MentionsService] Created mention {
  mentionId: [32m'Wu6gcy33NQqNwli1H_mLo'[39m,
  mentionedUserId: [32m'user-test-002'[39m,
  mentioningUserId: [32m'user-test-001'[39m,
  commentId: [32m'comment-8'[39m
}
[MentionsService] Created mentions for comment {
  commentId: [32m'comment-8'[39m,
  mentionsCreated: [33m1[39m,
  notificationsScheduled: [33m1[39m,
  checklistItemsCreated: [33m0[39m,
  errors: [33m0[39m
}

[90mstdout[2m | src/services/mentions.service.test.ts[2m > [22m[2mMentionsService[2m > [22m[2mgetMentionsForUser[2m > [22m[2mshould respect limit parameter
[22m[39m[MentionsService] Parsed mentions from text {
  text: [32m'@bob.jones task'[39m,
  mentionsCount: [33m1[39m,
  usernames: [ [32m'bob.jones'[39m ]
}

[90mstdout[2m | src/services/mentions.service.test.ts[2m > [22m[2mMentionsService[2m > [22m[2mgetMentionsForUser[2m > [22m[2mshould respect limit parameter
[22m[39m[MentionsService] Validated mentions { totalMentions: [33m1[39m, validMentions: [33m1[39m, invalidMentions: [33m0[39m }

[90mstdout[2m | src/services/mentions.service.test.ts[2m > [22m[2mMentionsService[2m > [22m[2mgetMentionsForUser[2m > [22m[2mshould respect limit parameter
[22m[39m[MentionsService] Created mention {
  mentionId: [32m'XXDYdZ3v5eUybya4Pn2jP'[39m,
  mentionedUserId: [32m'user-test-002'[39m,
  mentioningUserId: [32m'user-test-001'[39m,
  commentId: [32m'comment-9'[39m
}
[MentionsService] Created mentions for comment {
  commentId: [32m'comment-9'[39m,
  mentionsCreated: [33m1[39m,
  notificationsScheduled: [33m1[39m,
  checklistItemsCreated: [33m0[39m,
  errors: [33m0[39m
}

[90mstdout[2m | src/services/mentions.service.test.ts[2m > [22m[2mMentionsService[2m > [22m[2mgetMentionsForUser[2m > [22m[2mshould return mentions in reverse chronological order
[22m[39m[MentionsService] Parsed mentions from text {
  text: [32m'@bob.jones please review'[39m,
  mentionsCount: [33m1[39m,
  usernames: [ [32m'bob.jones'[39m ]
}

[90mstdout[2m | src/services/mentions.service.test.ts[2m > [22m[2mMentionsService[2m > [22m[2mgetMentionsForUser[2m > [22m[2mshould return mentions in reverse chronological order
[22m[39m[MentionsService] Validated mentions { totalMentions: [33m1[39m, validMentions: [33m1[39m, invalidMentions: [33m0[39m }

[90mstdout[2m | src/services/mentions.service.test.ts[2m > [22m[2mMentionsService[2m > [22m[2mgetMentionsForUser[2m > [22m[2mshould return mentions in reverse chronological order
[22m[39m[MentionsService] Created mention {
  mentionId: [32m'VZYpr3H8S3oV6vnd0xxZM'[39m,
  mentionedUserId: [32m'user-test-002'[39m,
  mentioningUserId: [32m'user-test-001'[39m,
  commentId: [32m'comment-001'[39m
}
[MentionsService] Created mentions for comment {
  commentId: [32m'comment-001'[39m,
  mentionsCreated: [33m1[39m,
  notificationsScheduled: [33m1[39m,
  checklistItemsCreated: [33m0[39m,
  errors: [33m0[39m
}

[90mstdout[2m | src/services/mentions.service.test.ts[2m > [22m[2mMentionsService[2m > [22m[2mgetMentionsForUser[2m > [22m[2mshould return mentions in reverse chronological order
[22m[39m[MentionsService] Parsed mentions from text {
  text: [32m'@bob.jones another task'[39m,
  mentionsCount: [33m1[39m,
  usernames: [ [32m'bob.jones'[39m ]
}

[90mstdout[2m | src/services/mentions.service.test.ts[2m > [22m[2mMentionsService[2m > [22m[2mgetMentionsForUser[2m > [22m[2mshould return mentions in reverse chronological order
[22m[39m[MentionsService] Validated mentions { totalMentions: [33m1[39m, validMentions: [33m1[39m, invalidMentions: [33m0[39m }

[90mstdout[2m | src/services/mentions.service.test.ts[2m > [22m[2mMentionsService[2m > [22m[2mgetMentionsForUser[2m > [22m[2mshould return mentions in reverse chronological order
[22m[39m[MentionsService] Created mention {
  mentionId: [32m'BXnqKo0Npr2jyfcF0YeQM'[39m,
  mentionedUserId: [32m'user-test-002'[39m,
  mentioningUserId: [32m'user-test-001'[39m,
  commentId: [32m'comment-002'[39m
}
[MentionsService] Created mentions for comment {
  commentId: [32m'comment-002'[39m,
  mentionsCreated: [33m1[39m,
  notificationsScheduled: [33m1[39m,
  checklistItemsCreated: [33m0[39m,
  errors: [33m0[39m
}

[90mstdout[2m | src/services/mentions.service.test.ts[2m > [22m[2mMentionsService[2m > [22m[2mgetMentionsForUser[2m > [22m[2mshould return empty array for user with no mentions
[22m[39m[MentionsService] Parsed mentions from text {
  text: [32m'@bob.jones please review'[39m,
  mentionsCount: [33m1[39m,
  usernames: [ [32m'bob.jones'[39m ]
}

[90mstdout[2m | src/services/mentions.service.test.ts[2m > [22m[2mMentionsService[2m > [22m[2mgetMentionsForUser[2m > [22m[2mshould return empty array for user with no mentions
[22m[39m[MentionsService] Validated mentions { totalMentions: [33m1[39m, validMentions: [33m1[39m, invalidMentions: [33m0[39m }

[90mstdout[2m | src/services/mentions.service.test.ts[2m > [22m[2mMentionsService[2m > [22m[2mgetMentionsForUser[2m > [22m[2mshould return empty array for user with no mentions
[22m[39m[MentionsService] Created mention {
  mentionId: [32m'm148n-I4PMfXLNfJgeGKY'[39m,
  mentionedUserId: [32m'user-test-002'[39m,
  mentioningUserId: [32m'user-test-001'[39m,
  commentId: [32m'comment-001'[39m
}
[MentionsService] Created mentions for comment {
  commentId: [32m'comment-001'[39m,
  mentionsCreated: [33m1[39m,
  notificationsScheduled: [33m1[39m,
  checklistItemsCreated: [33m0[39m,
  errors: [33m0[39m
}

[90mstdout[2m | src/services/mentions.service.test.ts[2m > [22m[2mMentionsService[2m > [22m[2mgetMentionsForUser[2m > [22m[2mshould return empty array for user with no mentions
[22m[39m[MentionsService] Parsed mentions from text {
  text: [32m'@bob.jones another task'[39m,
  mentionsCount: [33m1[39m,
  usernames: [ [32m'bob.jones'[39m ]
}

[90mstdout[2m | src/services/mentions.service.test.ts[2m > [22m[2mMentionsService[2m > [22m[2mgetMentionsForUser[2m > [22m[2mshould return empty array for user with no mentions
[22m[39m[MentionsService] Validated mentions { totalMentions: [33m1[39m, validMentions: [33m1[39m, invalidMentions: [33m0[39m }

[90mstdout[2m | src/services/mentions.service.test.ts[2m > [22m[2mMentionsService[2m > [22m[2mgetMentionsForUser[2m > [22m[2mshould return empty array for user with no mentions
[22m[39m[MentionsService] Created mention {
  mentionId: [32m'T_YO6jmJSJ1JdRYFmkJch'[39m,
  mentionedUserId: [32m'user-test-002'[39m,
  mentioningUserId: [32m'user-test-001'[39m,
  commentId: [32m'comment-002'[39m
}
[MentionsService] Created mentions for comment {
  commentId: [32m'comment-002'[39m,
  mentionsCreated: [33m1[39m,
  notificationsScheduled: [33m1[39m,
  checklistItemsCreated: [33m0[39m,
  errors: [33m0[39m
}

[90mstdout[2m | src/services/mentions.service.test.ts[2m > [22m[2mMentionsService[2m > [22m[2mgetUnreadMentionCount[2m > [22m[2mshould count unread mentions correctly
[22m[39m[MentionsService] Parsed mentions from text {
  text: [32m'@bob.jones task 1'[39m,
  mentionsCount: [33m1[39m,
  usernames: [ [32m'bob.jones'[39m ]
}

[90mstdout[2m | src/services/mentions.service.test.ts[2m > [22m[2mMentionsService[2m > [22m[2mgetUnreadMentionCount[2m > [22m[2mshould count unread mentions correctly
[22m[39m[MentionsService] Validated mentions { totalMentions: [33m1[39m, validMentions: [33m1[39m, invalidMentions: [33m0[39m }

[90mstdout[2m | src/services/mentions.service.test.ts[2m > [22m[2mMentionsService[2m > [22m[2mgetUnreadMentionCount[2m > [22m[2mshould count unread mentions correctly
[22m[39m[MentionsService] Created mention {
  mentionId: [32m'euVHU9O8TQf--qYL32a7g'[39m,
  mentionedUserId: [32m'user-test-002'[39m,
  mentioningUserId: [32m'user-test-001'[39m,
  commentId: [32m'comment-001'[39m
}
[MentionsService] Created mentions for comment {
  commentId: [32m'comment-001'[39m,
  mentionsCreated: [33m1[39m,
  notificationsScheduled: [33m1[39m,
  checklistItemsCreated: [33m0[39m,
  errors: [33m0[39m
}

[90mstdout[2m | src/services/mentions.service.test.ts[2m > [22m[2mMentionsService[2m > [22m[2mgetUnreadMentionCount[2m > [22m[2mshould count unread mentions correctly
[22m[39m[MentionsService] Parsed mentions from text {
  text: [32m'@bob.jones task 2'[39m,
  mentionsCount: [33m1[39m,
  usernames: [ [32m'bob.jones'[39m ]
}

[90mstdout[2m | src/services/mentions.service.test.ts[2m > [22m[2mMentionsService[2m > [22m[2mgetUnreadMentionCount[2m > [22m[2mshould count unread mentions correctly
[22m[39m[MentionsService] Validated mentions { totalMentions: [33m1[39m, validMentions: [33m1[39m, invalidMentions: [33m0[39m }

[90mstdout[2m | src/services/mentions.service.test.ts[2m > [22m[2mMentionsService[2m > [22m[2mgetUnreadMentionCount[2m > [22m[2mshould count unread mentions correctly
[22m[39m[MentionsService] Created mention {
  mentionId: [32m'LL43K2TezfZgVhgtE8VeH'[39m,
  mentionedUserId: [32m'user-test-002'[39m,
  mentioningUserId: [32m'user-test-001'[39m,
  commentId: [32m'comment-002'[39m
}
[MentionsService] Created mentions for comment {
  commentId: [32m'comment-002'[39m,
  mentionsCreated: [33m1[39m,
  notificationsScheduled: [33m1[39m,
  checklistItemsCreated: [33m0[39m,
  errors: [33m0[39m
}

[90mstdout[2m | src/services/mentions.service.test.ts[2m > [22m[2mMentionsService[2m > [22m[2mgetUnreadMentionCount[2m > [22m[2mshould count unread mentions correctly
[22m[39m[MentionsService] Parsed mentions from text {
  text: [32m'@bob.jones task 3'[39m,
  mentionsCount: [33m1[39m,
  usernames: [ [32m'bob.jones'[39m ]
}

[90mstdout[2m | src/services/mentions.service.test.ts[2m > [22m[2mMentionsService[2m > [22m[2mgetUnreadMentionCount[2m > [22m[2mshould count unread mentions correctly
[22m[39m[MentionsService] Validated mentions { totalMentions: [33m1[39m, validMentions: [33m1[39m, invalidMentions: [33m0[39m }

[90mstdout[2m | src/services/mentions.service.test.ts[2m > [22m[2mMentionsService[2m > [22m[2mgetUnreadMentionCount[2m > [22m[2mshould count unread mentions correctly
[22m[39m[MentionsService] Created mention {
  mentionId: [32m'RFUgK7rqGOeiQKFdoMTpm'[39m,
  mentionedUserId: [32m'user-test-002'[39m,
  mentioningUserId: [32m'user-test-001'[39m,
  commentId: [32m'comment-003'[39m
}
[MentionsService] Created mentions for comment {
  commentId: [32m'comment-003'[39m,
  mentionsCreated: [33m1[39m,
  notificationsScheduled: [33m1[39m,
  checklistItemsCreated: [33m0[39m,
  errors: [33m0[39m
}

[90mstdout[2m | src/services/mentions.service.test.ts[2m > [22m[2mMentionsService[2m > [22m[2mgetUnreadMentionCount[2m > [22m[2mshould exclude read mentions from count
[22m[39m[MentionsService] Parsed mentions from text {
  text: [32m'@bob.jones task 1'[39m,
  mentionsCount: [33m1[39m,
  usernames: [ [32m'bob.jones'[39m ]
}

[90mstdout[2m | src/services/mentions.service.test.ts[2m > [22m[2mMentionsService[2m > [22m[2mgetUnreadMentionCount[2m > [22m[2mshould exclude read mentions from count
[22m[39m[MentionsService] Validated mentions { totalMentions: [33m1[39m, validMentions: [33m1[39m, invalidMentions: [33m0[39m }

[90mstdout[2m | src/services/mentions.service.test.ts[2m > [22m[2mMentionsService[2m > [22m[2mgetUnreadMentionCount[2m > [22m[2mshould exclude read mentions from count
[22m[39m[MentionsService] Created mention {
  mentionId: [32m'RMHqYRBSt-tAPuwWWwDOB'[39m,
  mentionedUserId: [32m'user-test-002'[39m,
  mentioningUserId: [32m'user-test-001'[39m,
  commentId: [32m'comment-001'[39m
}
[MentionsService] Created mentions for comment {
  commentId: [32m'comment-001'[39m,
  mentionsCreated: [33m1[39m,
  notificationsScheduled: [33m1[39m,
  checklistItemsCreated: [33m0[39m,
  errors: [33m0[39m
}

[90mstdout[2m | src/services/mentions.service.test.ts[2m > [22m[2mMentionsService[2m > [22m[2mgetUnreadMentionCount[2m > [22m[2mshould exclude read mentions from count
[22m[39m[MentionsService] Parsed mentions from text {
  text: [32m'@bob.jones task 2'[39m,
  mentionsCount: [33m1[39m,
  usernames: [ [32m'bob.jones'[39m ]
}

[90mstdout[2m | src/services/mentions.service.test.ts[2m > [22m[2mMentionsService[2m > [22m[2mgetUnreadMentionCount[2m > [22m[2mshould exclude read mentions from count
[22m[39m[MentionsService] Validated mentions { totalMentions: [33m1[39m, validMentions: [33m1[39m, invalidMentions: [33m0[39m }

[90mstdout[2m | src/services/mentions.service.test.ts[2m > [22m[2mMentionsService[2m > [22m[2mgetUnreadMentionCount[2m > [22m[2mshould exclude read mentions from count
[22m[39m[MentionsService] Created mention {
  mentionId: [32m'rdiP5RphP0TBSbSbUo7Ul'[39m,
  mentionedUserId: [32m'user-test-002'[39m,
  mentioningUserId: [32m'user-test-001'[39m,
  commentId: [32m'comment-002'[39m
}
[MentionsService] Created mentions for comment {
  commentId: [32m'comment-002'[39m,
  mentionsCreated: [33m1[39m,
  notificationsScheduled: [33m1[39m,
  checklistItemsCreated: [33m0[39m,
  errors: [33m0[39m
}

[90mstdout[2m | src/services/mentions.service.test.ts[2m > [22m[2mMentionsService[2m > [22m[2mgetUnreadMentionCount[2m > [22m[2mshould exclude read mentions from count
[22m[39m[MentionsService] Parsed mentions from text {
  text: [32m'@bob.jones task 3'[39m,
  mentionsCount: [33m1[39m,
  usernames: [ [32m'bob.jones'[39m ]
}

[90mstdout[2m | src/services/mentions.service.test.ts[2m > [22m[2mMentionsService[2m > [22m[2mgetUnreadMentionCount[2m > [22m[2mshould exclude read mentions from count
[22m[39m[MentionsService] Validated mentions { totalMentions: [33m1[39m, validMentions: [33m1[39m, invalidMentions: [33m0[39m }

[90mstdout[2m | src/services/mentions.service.test.ts[2m > [22m[2mMentionsService[2m > [22m[2mgetUnreadMentionCount[2m > [22m[2mshould exclude read mentions from count
[22m[39m[MentionsService] Created mention {
  mentionId: [32m'Z_o6Maj5wdbWHzRtbBO9H'[39m,
  mentionedUserId: [32m'user-test-002'[39m,
  mentioningUserId: [32m'user-test-001'[39m,
  commentId: [32m'comment-003'[39m
}
[MentionsService] Created mentions for comment {
  commentId: [32m'comment-003'[39m,
  mentionsCreated: [33m1[39m,
  notificationsScheduled: [33m1[39m,
  checklistItemsCreated: [33m0[39m,
  errors: [33m0[39m
}

[90mstdout[2m | src/services/mentions.service.test.ts[2m > [22m[2mMentionsService[2m > [22m[2mgetUnreadMentionCount[2m > [22m[2mshould exclude read mentions from count
[22m[39m[MentionsService] Marked mention as read { mentionId: [32m'Z_o6Maj5wdbWHzRtbBO9H'[39m }

[90mstdout[2m | src/services/mentions.service.test.ts[2m > [22m[2mMentionsService[2m > [22m[2mgetUnreadMentionCount[2m > [22m[2mshould return 0 for user with no mentions
[22m[39m[MentionsService] Parsed mentions from text {
  text: [32m'@bob.jones task 1'[39m,
  mentionsCount: [33m1[39m,
  usernames: [ [32m'bob.jones'[39m ]
}

[90mstdout[2m | src/services/mentions.service.test.ts[2m > [22m[2mMentionsService[2m > [22m[2mgetUnreadMentionCount[2m > [22m[2mshould return 0 for user with no mentions
[22m[39m[MentionsService] Validated mentions { totalMentions: [33m1[39m, validMentions: [33m1[39m, invalidMentions: [33m0[39m }

[90mstdout[2m | src/services/mentions.service.test.ts[2m > [22m[2mMentionsService[2m > [22m[2mgetUnreadMentionCount[2m > [22m[2mshould return 0 for user with no mentions
[22m[39m[MentionsService] Created mention {
  mentionId: [32m'YI0jdmun91BTR97zgdkHX'[39m,
  mentionedUserId: [32m'user-test-002'[39m,
  mentioningUserId: [32m'user-test-001'[39m,
  commentId: [32m'comment-001'[39m
}
[MentionsService] Created mentions for comment {
  commentId: [32m'comment-001'[39m,
  mentionsCreated: [33m1[39m,
  notificationsScheduled: [33m1[39m,
  checklistItemsCreated: [33m0[39m,
  errors: [33m0[39m
}

[90mstdout[2m | src/services/mentions.service.test.ts[2m > [22m[2mMentionsService[2m > [22m[2mgetUnreadMentionCount[2m > [22m[2mshould return 0 for user with no mentions
[22m[39m[MentionsService] Parsed mentions from text {
  text: [32m'@bob.jones task 2'[39m,
  mentionsCount: [33m1[39m,
  usernames: [ [32m'bob.jones'[39m ]
}

[90mstdout[2m | src/services/mentions.service.test.ts[2m > [22m[2mMentionsService[2m > [22m[2mgetUnreadMentionCount[2m > [22m[2mshould return 0 for user with no mentions
[22m[39m[MentionsService] Validated mentions { totalMentions: [33m1[39m, validMentions: [33m1[39m, invalidMentions: [33m0[39m }

[90mstdout[2m | src/services/mentions.service.test.ts[2m > [22m[2mMentionsService[2m > [22m[2mgetUnreadMentionCount[2m > [22m[2mshould return 0 for user with no mentions
[22m[39m[MentionsService] Created mention {
  mentionId: [32m'xKvsk3vcXGdH08EEgrhJB'[39m,
  mentionedUserId: [32m'user-test-002'[39m,
  mentioningUserId: [32m'user-test-001'[39m,
  commentId: [32m'comment-002'[39m
}
[MentionsService] Created mentions for comment {
  commentId: [32m'comment-002'[39m,
  mentionsCreated: [33m1[39m,
  notificationsScheduled: [33m1[39m,
  checklistItemsCreated: [33m0[39m,
  errors: [33m0[39m
}

[90mstdout[2m | src/services/mentions.service.test.ts[2m > [22m[2mMentionsService[2m > [22m[2mgetUnreadMentionCount[2m > [22m[2mshould return 0 for user with no mentions
[22m[39m[MentionsService] Parsed mentions from text {
  text: [32m'@bob.jones task 3'[39m,
  mentionsCount: [33m1[39m,
  usernames: [ [32m'bob.jones'[39m ]
}

[90mstdout[2m | src/services/mentions.service.test.ts[2m > [22m[2mMentionsService[2m > [22m[2mgetUnreadMentionCount[2m > [22m[2mshould return 0 for user with no mentions
[22m[39m[MentionsService] Validated mentions { totalMentions: [33m1[39m, validMentions: [33m1[39m, invalidMentions: [33m0[39m }

[90mstdout[2m | src/services/mentions.service.test.ts[2m > [22m[2mMentionsService[2m > [22m[2mgetUnreadMentionCount[2m > [22m[2mshould return 0 for user with no mentions
[22m[39m[MentionsService] Created mention {
  mentionId: [32m'w7SgJ71LWE_1df-ixHEZO'[39m,
  mentionedUserId: [32m'user-test-002'[39m,
  mentioningUserId: [32m'user-test-001'[39m,
  commentId: [32m'comment-003'[39m
}
[MentionsService] Created mentions for comment {
  commentId: [32m'comment-003'[39m,
  mentionsCreated: [33m1[39m,
  notificationsScheduled: [33m1[39m,
  checklistItemsCreated: [33m0[39m,
  errors: [33m0[39m
}

[90mstdout[2m | src/services/mentions.service.test.ts[2m > [22m[2mMentionsService[2m > [22m[2mgetUnreadMentionCount[2m > [22m[2mshould return 0 when all mentions are read
[22m[39m[MentionsService] Parsed mentions from text {
  text: [32m'@bob.jones task 1'[39m,
  mentionsCount: [33m1[39m,
  usernames: [ [32m'bob.jones'[39m ]
}

[90mstdout[2m | src/services/mentions.service.test.ts[2m > [22m[2mMentionsService[2m > [22m[2mgetUnreadMentionCount[2m > [22m[2mshould return 0 when all mentions are read
[22m[39m[MentionsService] Validated mentions { totalMentions: [33m1[39m, validMentions: [33m1[39m, invalidMentions: [33m0[39m }

[90mstdout[2m | src/services/mentions.service.test.ts[2m > [22m[2mMentionsService[2m > [22m[2mgetUnreadMentionCount[2m > [22m[2mshould return 0 when all mentions are read
[22m[39m[MentionsService] Created mention {
  mentionId: [32m'7jAcLHiCkzOVgwRlujoJa'[39m,
  mentionedUserId: [32m'user-test-002'[39m,
  mentioningUserId: [32m'user-test-001'[39m,
  commentId: [32m'comment-001'[39m
}
[MentionsService] Created mentions for comment {
  commentId: [32m'comment-001'[39m,
  mentionsCreated: [33m1[39m,
  notificationsScheduled: [33m1[39m,
  checklistItemsCreated: [33m0[39m,
  errors: [33m0[39m
}

[90mstdout[2m | src/services/mentions.service.test.ts[2m > [22m[2mMentionsService[2m > [22m[2mgetUnreadMentionCount[2m > [22m[2mshould return 0 when all mentions are read
[22m[39m[MentionsService] Parsed mentions from text {
  text: [32m'@bob.jones task 2'[39m,
  mentionsCount: [33m1[39m,
  usernames: [ [32m'bob.jones'[39m ]
}

[90mstdout[2m | src/services/mentions.service.test.ts[2m > [22m[2mMentionsService[2m > [22m[2mgetUnreadMentionCount[2m > [22m[2mshould return 0 when all mentions are read
[22m[39m[MentionsService] Validated mentions { totalMentions: [33m1[39m, validMentions: [33m1[39m, invalidMentions: [33m0[39m }

[90mstdout[2m | src/services/mentions.service.test.ts[2m > [22m[2mMentionsService[2m > [22m[2mgetUnreadMentionCount[2m > [22m[2mshould return 0 when all mentions are read
[22m[39m[MentionsService] Created mention {
  mentionId: [32m'V_Z8__P8_6hlE9QPZuIJM'[39m,
  mentionedUserId: [32m'user-test-002'[39m,
  mentioningUserId: [32m'user-test-001'[39m,
  commentId: [32m'comment-002'[39m
}
[MentionsService] Created mentions for comment {
  commentId: [32m'comment-002'[39m,
  mentionsCreated: [33m1[39m,
  notificationsScheduled: [33m1[39m,
  checklistItemsCreated: [33m0[39m,
  errors: [33m0[39m
}

[90mstdout[2m | src/services/mentions.service.test.ts[2m > [22m[2mMentionsService[2m > [22m[2mgetUnreadMentionCount[2m > [22m[2mshould return 0 when all mentions are read
[22m[39m[MentionsService] Parsed mentions from text {
  text: [32m'@bob.jones task 3'[39m,
  mentionsCount: [33m1[39m,
  usernames: [ [32m'bob.jones'[39m ]
}

[90mstdout[2m | src/services/mentions.service.test.ts[2m > [22m[2mMentionsService[2m > [22m[2mgetUnreadMentionCount[2m > [22m[2mshould return 0 when all mentions are read
[22m[39m[MentionsService] Validated mentions { totalMentions: [33m1[39m, validMentions: [33m1[39m, invalidMentions: [33m0[39m }

[90mstdout[2m | src/services/mentions.service.test.ts[2m > [22m[2mMentionsService[2m > [22m[2mgetUnreadMentionCount[2m > [22m[2mshould return 0 when all mentions are read
[22m[39m[MentionsService] Created mention {
  mentionId: [32m'5W5sDTSkOgea-0fYqNYs1'[39m,
  mentionedUserId: [32m'user-test-002'[39m,
  mentioningUserId: [32m'user-test-001'[39m,
  commentId: [32m'comment-003'[39m
}
[MentionsService] Created mentions for comment {
  commentId: [32m'comment-003'[39m,
  mentionsCreated: [33m1[39m,
  notificationsScheduled: [33m1[39m,
  checklistItemsCreated: [33m0[39m,
  errors: [33m0[39m
}

[90mstdout[2m | src/services/mentions.service.test.ts[2m > [22m[2mMentionsService[2m > [22m[2mgetUnreadMentionCount[2m > [22m[2mshould return 0 when all mentions are read
[22m[39m[MentionsService] Marked all mentions as read { userId: [32m'user-test-002'[39m, count: [33m3[39m }

[90mstdout[2m | src/services/mentions.service.test.ts[2m > [22m[2mMentionsService[2m > [22m[2mmarkMentionAsRead[2m > [22m[2mshould mark mention as read
[22m[39m[MentionsService] Parsed mentions from text {
  text: [32m'@bob.jones please review'[39m,
  mentionsCount: [33m1[39m,
  usernames: [ [32m'bob.jones'[39m ]
}

[90mstdout[2m | src/services/mentions.service.test.ts[2m > [22m[2mMentionsService[2m > [22m[2mmarkMentionAsRead[2m > [22m[2mshould mark mention as read
[22m[39m[MentionsService] Validated mentions { totalMentions: [33m1[39m, validMentions: [33m1[39m, invalidMentions: [33m0[39m }

[90mstdout[2m | src/services/mentions.service.test.ts[2m > [22m[2mMentionsService[2m > [22m[2mmarkMentionAsRead[2m > [22m[2mshould mark mention as read
[22m[39m[MentionsService] Created mention {
  mentionId: [32m'lT_mX0Ld4Bduq_0_LQL6h'[39m,
  mentionedUserId: [32m'user-test-002'[39m,
  mentioningUserId: [32m'user-test-001'[39m,
  commentId: [32m'comment-001'[39m
}
[MentionsService] Created mentions for comment {
  commentId: [32m'comment-001'[39m,
  mentionsCreated: [33m1[39m,
  notificationsScheduled: [33m1[39m,
  checklistItemsCreated: [33m0[39m,
  errors: [33m0[39m
}

[90mstdout[2m | src/services/mentions.service.test.ts[2m > [22m[2mMentionsService[2m > [22m[2mmarkMentionAsRead[2m > [22m[2mshould mark mention as read
[22m[39m[MentionsService] Marked mention as read { mentionId: [32m'lT_mX0Ld4Bduq_0_LQL6h'[39m }

[90mstdout[2m | src/services/mentions.service.test.ts[2m > [22m[2mMentionsService[2m > [22m[2mmarkMentionAsRead[2m > [22m[2mshould increment version vector
[22m[39m[MentionsService] Parsed mentions from text {
  text: [32m'@bob.jones please review'[39m,
  mentionsCount: [33m1[39m,
  usernames: [ [32m'bob.jones'[39m ]
}

[90mstdout[2m | src/services/mentions.service.test.ts[2m > [22m[2mMentionsService[2m > [22m[2mmarkMentionAsRead[2m > [22m[2mshould increment version vector
[22m[39m[MentionsService] Validated mentions { totalMentions: [33m1[39m, validMentions: [33m1[39m, invalidMentions: [33m0[39m }

[90mstdout[2m | src/services/mentions.service.test.ts[2m > [22m[2mMentionsService[2m > [22m[2mmarkMentionAsRead[2m > [22m[2mshould increment version vector
[22m[39m[MentionsService] Created mention {
  mentionId: [32m'wmLb6kfKSFoX9iZpDkoAT'[39m,
  mentionedUserId: [32m'user-test-002'[39m,
  mentioningUserId: [32m'user-test-001'[39m,
  commentId: [32m'comment-001'[39m
}
[MentionsService] Created mentions for comment {
  commentId: [32m'comment-001'[39m,
  mentionsCreated: [33m1[39m,
  notificationsScheduled: [33m1[39m,
  checklistItemsCreated: [33m0[39m,
  errors: [33m0[39m
}

[90mstdout[2m | src/services/mentions.service.test.ts[2m > [22m[2mMentionsService[2m > [22m[2mmarkMentionAsRead[2m > [22m[2mshould increment version vector
[22m[39m[MentionsService] Marked mention as read { mentionId: [32m'wmLb6kfKSFoX9iZpDkoAT'[39m }

[90mstderr[2m | src/services/mentions.service.test.ts[2m > [22m[2mMentionsService[2m > [22m[2mmarkMentionAsRead[2m > [22m[2mshould reject marking non-existent mention
[22m[39m[MentionsService] Failed to mark mention as read {
  error: Error: Mention non-existent-id not found
      at MentionsService.markMentionAsRead (C:/Users/Admin/graceful_books/src/services/mentions.service.ts:497:15)
  [90m    at runNextTicks (node:internal/process/task_queues:64:5)[39m
  [90m    at processImmediate (node:internal/timers:472:9)[39m
      at C:/Users/Admin/graceful_books/src/services/mentions.service.test.ts:771:7
      at [90mfile:///C:/Users/Admin/graceful_books/[39mnode_modules/[4m@vitest/runner[24m/dist/index.js:915:20,
  mentionId: [32m'non-existent-id'[39m
}

[90mstdout[2m | src/services/mentions.service.test.ts[2m > [22m[2mMentionsService[2m > [22m[2mmarkMentionAsRead[2m > [22m[2mshould reject mention from different company
[22m[39m[MentionsService] Parsed mentions from text {
  text: [32m'@bob.jones please review'[39m,
  mentionsCount: [33m1[39m,
  usernames: [ [32m'bob.jones'[39m ]
}

[90mstdout[2m | src/services/mentions.service.test.ts[2m > [22m[2mMentionsService[2m > [22m[2mmarkMentionAsRead[2m > [22m[2mshould reject mention from different company
[22m[39m[MentionsService] Validated mentions { totalMentions: [33m1[39m, validMentions: [33m1[39m, invalidMentions: [33m0[39m }

[90mstdout[2m | src/services/mentions.service.test.ts[2m > [22m[2mMentionsService[2m > [22m[2mmarkMentionAsRead[2m > [22m[2mshould reject mention from different company
[22m[39m[MentionsService] Created mention {
  mentionId: [32m'kFLSANWXhl1upwmNpmVsi'[39m,
  mentionedUserId: [32m'user-test-002'[39m,
  mentioningUserId: [32m'user-test-001'[39m,
  commentId: [32m'comment-001'[39m
}
[MentionsService] Created mentions for comment {
  commentId: [32m'comment-001'[39m,
  mentionsCreated: [33m1[39m,
  notificationsScheduled: [33m1[39m,
  checklistItemsCreated: [33m0[39m,
  errors: [33m0[39m
}

[90mstderr[2m | src/services/mentions.service.test.ts[2m > [22m[2mMentionsService[2m > [22m[2mmarkMentionAsRead[2m > [22m[2mshould reject mention from different company
[22m[39m[MentionsService] Failed to mark mention as read {
  error: Error: Mention does not belong to this company
      at MentionsService.markMentionAsRead (C:/Users/Admin/graceful_books/src/services/mentions.service.ts:501:15)
  [90m    at runNextTicks (node:internal/process/task_queues:64:5)[39m
  [90m    at processImmediate (node:internal/timers:472:9)[39m
      at C:/Users/Admin/graceful_books/src/services/mentions.service.test.ts:787:7
      at [90mfile:///C:/Users/Admin/graceful_books/[39mnode_modules/[4m@vitest/runner[24m/dist/index.js:915:20,
  mentionId: [32m'kFLSANWXhl1upwmNpmVsi'[39m
}

[90mstdout[2m | src/services/mentions.service.test.ts[2m > [22m[2mMentionsService[2m > [22m[2mmarkAllMentionsAsRead[2m > [22m[2mshould mark all unread mentions as read
[22m[39m[MentionsService] Parsed mentions from text {
  text: [32m'@bob.jones task 1'[39m,
  mentionsCount: [33m1[39m,
  usernames: [ [32m'bob.jones'[39m ]
}

[90mstdout[2m | src/services/mentions.service.test.ts[2m > [22m[2mMentionsService[2m > [22m[2mmarkAllMentionsAsRead[2m > [22m[2mshould mark all unread mentions as read
[22m[39m[MentionsService] Validated mentions { totalMentions: [33m1[39m, validMentions: [33m1[39m, invalidMentions: [33m0[39m }

[90mstdout[2m | src/services/mentions.service.test.ts[2m > [22m[2mMentionsService[2m > [22m[2mmarkAllMentionsAsRead[2m > [22m[2mshould mark all unread mentions as read
[22m[39m[MentionsService] Created mention {
  mentionId: [32m'Yyqjw8vSOX_oZvBb4rqnY'[39m,
  mentionedUserId: [32m'user-test-002'[39m,
  mentioningUserId: [32m'user-test-001'[39m,
  commentId: [32m'comment-001'[39m
}
[MentionsService] Created mentions for comment {
  commentId: [32m'comment-001'[39m,
  mentionsCreated: [33m1[39m,
  notificationsScheduled: [33m1[39m,
  checklistItemsCreated: [33m0[39m,
  errors: [33m0[39m
}

[90mstdout[2m | src/services/mentions.service.test.ts[2m > [22m[2mMentionsService[2m > [22m[2mmarkAllMentionsAsRead[2m > [22m[2mshould mark all unread mentions as read
[22m[39m[MentionsService] Parsed mentions from text {
  text: [32m'@bob.jones task 2'[39m,
  mentionsCount: [33m1[39m,
  usernames: [ [32m'bob.jones'[39m ]
}

[90mstdout[2m | src/services/mentions.service.test.ts[2m > [22m[2mMentionsService[2m > [22m[2mmarkAllMentionsAsRead[2m > [22m[2mshould mark all unread mentions as read
[22m[39m[MentionsService] Validated mentions { totalMentions: [33m1[39m, validMentions: [33m1[39m, invalidMentions: [33m0[39m }

[90mstdout[2m | src/services/mentions.service.test.ts[2m > [22m[2mMentionsService[2m > [22m[2mmarkAllMentionsAsRead[2m > [22m[2mshould mark all unread mentions as read
[22m[39m[MentionsService] Created mention {
  mentionId: [32m'eE_vvRZSFR0h87hakmmcQ'[39m,
  mentionedUserId: [32m'user-test-002'[39m,
  mentioningUserId: [32m'user-test-001'[39m,
  commentId: [32m'comment-002'[39m
}
[MentionsService] Created mentions for comment {
  commentId: [32m'comment-002'[39m,
  mentionsCreated: [33m1[39m,
  notificationsScheduled: [33m1[39m,
  checklistItemsCreated: [33m0[39m,
  errors: [33m0[39m
}

[90mstdout[2m | src/services/mentions.service.test.ts[2m > [22m[2mMentionsService[2m > [22m[2mmarkAllMentionsAsRead[2m > [22m[2mshould mark all unread mentions as read
[22m[39m[MentionsService] Parsed mentions from text {
  text: [32m'@bob.jones task 3'[39m,
  mentionsCount: [33m1[39m,
  usernames: [ [32m'bob.jones'[39m ]
}

[90mstdout[2m | src/services/mentions.service.test.ts[2m > [22m[2mMentionsService[2m > [22m[2mmarkAllMentionsAsRead[2m > [22m[2mshould mark all unread mentions as read
[22m[39m[MentionsService] Validated mentions { totalMentions: [33m1[39m, validMentions: [33m1[39m, invalidMentions: [33m0[39m }

[90mstdout[2m | src/services/mentions.service.test.ts[2m > [22m[2mMentionsService[2m > [22m[2mmarkAllMentionsAsRead[2m > [22m[2mshould mark all unread mentions as read
[22m[39m[MentionsService] Created mention {
  mentionId: [32m'TUlFPEdQYbeVSdDaFJ8XW'[39m,
  mentionedUserId: [32m'user-test-002'[39m,
  mentioningUserId: [32m'user-test-001'[39m,
  commentId: [32m'comment-003'[39m
}
[MentionsService] Created mentions for comment {
  commentId: [32m'comment-003'[39m,
  mentionsCreated: [33m1[39m,
  notificationsScheduled: [33m1[39m,
  checklistItemsCreated: [33m0[39m,
  errors: [33m0[39m
}

[90mstdout[2m | src/services/mentions.service.test.ts[2m > [22m[2mMentionsService[2m > [22m[2mmarkAllMentionsAsRead[2m > [22m[2mshould mark all unread mentions as read
[22m[39m[MentionsService] Marked all mentions as read { userId: [32m'user-test-002'[39m, count: [33m3[39m }

[90mstdout[2m | src/services/mentions.service.test.ts[2m > [22m[2mMentionsService[2m > [22m[2mmarkAllMentionsAsRead[2m > [22m[2mshould return count of marked mentions
[22m[39m[MentionsService] Parsed mentions from text {
  text: [32m'@bob.jones task 1'[39m,
  mentionsCount: [33m1[39m,
  usernames: [ [32m'bob.jones'[39m ]
}

[90mstdout[2m | src/services/mentions.service.test.ts[2m > [22m[2mMentionsService[2m > [22m[2mmarkAllMentionsAsRead[2m > [22m[2mshould return count of marked mentions
[22m[39m[MentionsService] Validated mentions { totalMentions: [33m1[39m, validMentions: [33m1[39m, invalidMentions: [33m0[39m }

[90mstdout[2m | src/services/mentions.service.test.ts[2m > [22m[2mMentionsService[2m > [22m[2mmarkAllMentionsAsRead[2m > [22m[2mshould return count of marked mentions
[22m[39m[MentionsService] Created mention {
  mentionId: [32m'mblUDKssE-ssGbQ-NJbzE'[39m,
  mentionedUserId: [32m'user-test-002'[39m,
  mentioningUserId: [32m'user-test-001'[39m,
  commentId: [32m'comment-001'[39m
}
[MentionsService] Created mentions for comment {
  commentId: [32m'comment-001'[39m,
  mentionsCreated: [33m1[39m,
  notificationsScheduled: [33m1[39m,
  checklistItemsCreated: [33m0[39m,
  errors: [33m0[39m
}

[90mstdout[2m | src/services/mentions.service.test.ts[2m > [22m[2mMentionsService[2m > [22m[2mmarkAllMentionsAsRead[2m > [22m[2mshould return count of marked mentions
[22m[39m[MentionsService] Parsed mentions from text {
  text: [32m'@bob.jones task 2'[39m,
  mentionsCount: [33m1[39m,
  usernames: [ [32m'bob.jones'[39m ]
}

[90mstdout[2m | src/services/mentions.service.test.ts[2m > [22m[2mMentionsService[2m > [22m[2mmarkAllMentionsAsRead[2m > [22m[2mshould return count of marked mentions
[22m[39m[MentionsService] Validated mentions { totalMentions: [33m1[39m, validMentions: [33m1[39m, invalidMentions: [33m0[39m }

[90mstdout[2m | src/services/mentions.service.test.ts[2m > [22m[2mMentionsService[2m > [22m[2mmarkAllMentionsAsRead[2m > [22m[2mshould return count of marked mentions
[22m[39m[MentionsService] Created mention {
  mentionId: [32m'2Y1mEw0lK3smjV2qaSK1G'[39m,
  mentionedUserId: [32m'user-test-002'[39m,
  mentioningUserId: [32m'user-test-001'[39m,
  commentId: [32m'comment-002'[39m
}
[MentionsService] Created mentions for comment {
  commentId: [32m'comment-002'[39m,
  mentionsCreated: [33m1[39m,
  notificationsScheduled: [33m1[39m,
  checklistItemsCreated: [33m0[39m,
  errors: [33m0[39m
}

[90mstdout[2m | src/services/mentions.service.test.ts[2m > [22m[2mMentionsService[2m > [22m[2mmarkAllMentionsAsRead[2m > [22m[2mshould return count of marked mentions
[22m[39m[MentionsService] Parsed mentions from text {
  text: [32m'@bob.jones task 3'[39m,
  mentionsCount: [33m1[39m,
  usernames: [ [32m'bob.jones'[39m ]
}

[90mstdout[2m | src/services/mentions.service.test.ts[2m > [22m[2mMentionsService[2m > [22m[2mmarkAllMentionsAsRead[2m > [22m[2mshould return count of marked mentions
[22m[39m[MentionsService] Validated mentions { totalMentions: [33m1[39m, validMentions: [33m1[39m, invalidMentions: [33m0[39m }

[90mstdout[2m | src/services/mentions.service.test.ts[2m > [22m[2mMentionsService[2m > [22m[2mmarkAllMentionsAsRead[2m > [22m[2mshould return count of marked mentions
[22m[39m[MentionsService] Created mention {
  mentionId: [32m'mAkdnP09tQyr62ye4NFTo'[39m,
  mentionedUserId: [32m'user-test-002'[39m,
  mentioningUserId: [32m'user-test-001'[39m,
  commentId: [32m'comment-003'[39m
}
[MentionsService] Created mentions for comment {
  commentId: [32m'comment-003'[39m,
  mentionsCreated: [33m1[39m,
  notificationsScheduled: [33m1[39m,
  checklistItemsCreated: [33m0[39m,
  errors: [33m0[39m
}

[90mstdout[2m | src/services/mentions.service.test.ts[2m > [22m[2mMentionsService[2m > [22m[2mmarkAllMentionsAsRead[2m > [22m[2mshould return count of marked mentions
[22m[39m[MentionsService] Marked all mentions as read { userId: [32m'user-test-002'[39m, count: [33m3[39m }

[90mstdout[2m | src/services/mentions.service.test.ts[2m > [22m[2mMentionsService[2m > [22m[2mmarkAllMentionsAsRead[2m > [22m[2mshould return 0 when no unread mentions
[22m[39m[MentionsService] Parsed mentions from text {
  text: [32m'@bob.jones task 1'[39m,
  mentionsCount: [33m1[39m,
  usernames: [ [32m'bob.jones'[39m ]
}

[90mstdout[2m | src/services/mentions.service.test.ts[2m > [22m[2mMentionsService[2m > [22m[2mmarkAllMentionsAsRead[2m > [22m[2mshould return 0 when no unread mentions
[22m[39m[MentionsService] Validated mentions { totalMentions: [33m1[39m, validMentions: [33m1[39m, invalidMentions: [33m0[39m }

[90mstdout[2m | src/services/mentions.service.test.ts[2m > [22m[2mMentionsService[2m > [22m[2mmarkAllMentionsAsRead[2m > [22m[2mshould return 0 when no unread mentions
[22m[39m[MentionsService] Created mention {
  mentionId: [32m'IRCQi8crsovT1cHvVCmWY'[39m,
  mentionedUserId: [32m'user-test-002'[39m,
  mentioningUserId: [32m'user-test-001'[39m,
  commentId: [32m'comment-001'[39m
}
[MentionsService] Created mentions for comment {
  commentId: [32m'comment-001'[39m,
  mentionsCreated: [33m1[39m,
  notificationsScheduled: [33m1[39m,
  checklistItemsCreated: [33m0[39m,
  errors: [33m0[39m
}

[90mstdout[2m | src/services/mentions.service.test.ts[2m > [22m[2mMentionsService[2m > [22m[2mmarkAllMentionsAsRead[2m > [22m[2mshould return 0 when no unread mentions
[22m[39m[MentionsService] Parsed mentions from text {
  text: [32m'@bob.jones task 2'[39m,
  mentionsCount: [33m1[39m,
  usernames: [ [32m'bob.jones'[39m ]
}

[90mstdout[2m | src/services/mentions.service.test.ts[2m > [22m[2mMentionsService[2m > [22m[2mmarkAllMentionsAsRead[2m > [22m[2mshould return 0 when no unread mentions
[22m[39m[MentionsService] Validated mentions { totalMentions: [33m1[39m, validMentions: [33m1[39m, invalidMentions: [33m0[39m }

[90mstdout[2m | src/services/mentions.service.test.ts[2m > [22m[2mMentionsService[2m > [22m[2mmarkAllMentionsAsRead[2m > [22m[2mshould return 0 when no unread mentions
[22m[39m[MentionsService] Created mention {
  mentionId: [32m'ta9eY_BhsLHuL40AdOSQD'[39m,
  mentionedUserId: [32m'user-test-002'[39m,
  mentioningUserId: [32m'user-test-001'[39m,
  commentId: [32m'comment-002'[39m
}
[MentionsService] Created mentions for comment {
  commentId: [32m'comment-002'[39m,
  mentionsCreated: [33m1[39m,
  notificationsScheduled: [33m1[39m,
  checklistItemsCreated: [33m0[39m,
  errors: [33m0[39m
}

[90mstdout[2m | src/services/mentions.service.test.ts[2m > [22m[2mMentionsService[2m > [22m[2mmarkAllMentionsAsRead[2m > [22m[2mshould return 0 when no unread mentions
[22m[39m[MentionsService] Parsed mentions from text {
  text: [32m'@bob.jones task 3'[39m,
  mentionsCount: [33m1[39m,
  usernames: [ [32m'bob.jones'[39m ]
}

[90mstdout[2m | src/services/mentions.service.test.ts[2m > [22m[2mMentionsService[2m > [22m[2mmarkAllMentionsAsRead[2m > [22m[2mshould return 0 when no unread mentions
[22m[39m[MentionsService] Validated mentions { totalMentions: [33m1[39m, validMentions: [33m1[39m, invalidMentions: [33m0[39m }

[90mstdout[2m | src/services/mentions.service.test.ts[2m > [22m[2mMentionsService[2m > [22m[2mmarkAllMentionsAsRead[2m > [22m[2mshould return 0 when no unread mentions
[22m[39m[MentionsService] Created mention {
  mentionId: [32m'I04xjJx8oflzvnIip9ZHr'[39m,
  mentionedUserId: [32m'user-test-002'[39m,
  mentioningUserId: [32m'user-test-001'[39m,
  commentId: [32m'comment-003'[39m
}
[MentionsService] Created mentions for comment {
  commentId: [32m'comment-003'[39m,
  mentionsCreated: [33m1[39m,
  notificationsScheduled: [33m1[39m,
  checklistItemsCreated: [33m0[39m,
  errors: [33m0[39m
}

[90mstdout[2m | src/services/mentions.service.test.ts[2m > [22m[2mMentionsService[2m > [22m[2mmarkAllMentionsAsRead[2m > [22m[2mshould return 0 when no unread mentions
[22m[39m[MentionsService] Marked all mentions as read { userId: [32m'user-test-002'[39m, count: [33m3[39m }

[90mstdout[2m | src/services/mentions.service.test.ts[2m > [22m[2mMentionsService[2m > [22m[2mmarkAllMentionsAsRead[2m > [22m[2mshould return 0 when no unread mentions
[22m[39m[MentionsService] Marked all mentions as read { userId: [32m'user-test-002'[39m, count: [33m0[39m }

[90mstdout[2m | src/services/mentions.service.test.ts[2m > [22m[2mMentionsService[2m > [22m[2mmarkAllMentionsAsRead[2m > [22m[2mshould not affect already read mentions
[22m[39m[MentionsService] Parsed mentions from text {
  text: [32m'@bob.jones task 1'[39m,
  mentionsCount: [33m1[39m,
  usernames: [ [32m'bob.jones'[39m ]
}

[90mstdout[2m | src/services/mentions.service.test.ts[2m > [22m[2mMentionsService[2m > [22m[2mmarkAllMentionsAsRead[2m > [22m[2mshould not affect already read mentions
[22m[39m[MentionsService] Validated mentions { totalMentions: [33m1[39m, validMentions: [33m1[39m, invalidMentions: [33m0[39m }

[90mstdout[2m | src/services/mentions.service.test.ts[2m > [22m[2mMentionsService[2m > [22m[2mmarkAllMentionsAsRead[2m > [22m[2mshould not affect already read mentions
[22m[39m[MentionsService] Created mention {
  mentionId: [32m'NuXlBJDiZpLTuYvaK-ppX'[39m,
  mentionedUserId: [32m'user-test-002'[39m,
  mentioningUserId: [32m'user-test-001'[39m,
  commentId: [32m'comment-001'[39m
}
[MentionsService] Created mentions for comment {
  commentId: [32m'comment-001'[39m,
  mentionsCreated: [33m1[39m,
  notificationsScheduled: [33m1[39m,
  checklistItemsCreated: [33m0[39m,
  errors: [33m0[39m
}

[90mstdout[2m | src/services/mentions.service.test.ts[2m > [22m[2mMentionsService[2m > [22m[2mmarkAllMentionsAsRead[2m > [22m[2mshould not affect already read mentions
[22m[39m[MentionsService] Parsed mentions from text {
  text: [32m'@bob.jones task 2'[39m,
  mentionsCount: [33m1[39m,
  usernames: [ [32m'bob.jones'[39m ]
}

[90mstdout[2m | src/services/mentions.service.test.ts[2m > [22m[2mMentionsService[2m > [22m[2mmarkAllMentionsAsRead[2m > [22m[2mshould not affect already read mentions
[22m[39m[MentionsService] Validated mentions { totalMentions: [33m1[39m, validMentions: [33m1[39m, invalidMentions: [33m0[39m }

[90mstdout[2m | src/services/mentions.service.test.ts[2m > [22m[2mMentionsService[2m > [22m[2mmarkAllMentionsAsRead[2m > [22m[2mshould not affect already read mentions
[22m[39m[MentionsService] Created mention {
  mentionId: [32m'LhpiDCfACxlc53iMQIsRZ'[39m,
  mentionedUserId: [32m'user-test-002'[39m,
  mentioningUserId: [32m'user-test-001'[39m,
  commentId: [32m'comment-002'[39m
}
[MentionsService] Created mentions for comment {
  commentId: [32m'comment-002'[39m,
  mentionsCreated: [33m1[39m,
  notificationsScheduled: [33m1[39m,
  checklistItemsCreated: [33m0[39m,
  errors: [33m0[39m
}

[90mstdout[2m | src/services/mentions.service.test.ts[2m > [22m[2mMentionsService[2m > [22m[2mmarkAllMentionsAsRead[2m > [22m[2mshould not affect already read mentions
[22m[39m[MentionsService] Parsed mentions from text {
  text: [32m'@bob.jones task 3'[39m,
  mentionsCount: [33m1[39m,
  usernames: [ [32m'bob.jones'[39m ]
}

[90mstdout[2m | src/services/mentions.service.test.ts[2m > [22m[2mMentionsService[2m > [22m[2mmarkAllMentionsAsRead[2m > [22m[2mshould not affect already read mentions
[22m[39m[MentionsService] Validated mentions { totalMentions: [33m1[39m, validMentions: [33m1[39m, invalidMentions: [33m0[39m }

[90mstdout[2m | src/services/mentions.service.test.ts[2m > [22m[2mMentionsService[2m > [22m[2mmarkAllMentionsAsRead[2m > [22m[2mshould not affect already read mentions
[22m[39m[MentionsService] Created mention {
  mentionId: [32m'L74iv7t5bcXB0TMkTohS9'[39m,
  mentionedUserId: [32m'user-test-002'[39m,
  mentioningUserId: [32m'user-test-001'[39m,
  commentId: [32m'comment-003'[39m
}
[MentionsService] Created mentions for comment {
  commentId: [32m'comment-003'[39m,
  mentionsCreated: [33m1[39m,
  notificationsScheduled: [33m1[39m,
  checklistItemsCreated: [33m0[39m,
  errors: [33m0[39m
}

[90mstdout[2m | src/services/mentions.service.test.ts[2m > [22m[2mMentionsService[2m > [22m[2mmarkAllMentionsAsRead[2m > [22m[2mshould not affect already read mentions
[22m[39m[MentionsService] Marked mention as read { mentionId: [32m'L74iv7t5bcXB0TMkTohS9'[39m }

[90mstdout[2m | src/services/mentions.service.test.ts[2m > [22m[2mMentionsService[2m > [22m[2mmarkAllMentionsAsRead[2m > [22m[2mshould not affect already read mentions
[22m[39m[MentionsService] Marked all mentions as read { userId: [32m'user-test-002'[39m, count: [33m2[39m }

[90mstdout[2m | src/services/mentions.service.test.ts[2m > [22m[2mMentionsService[2m > [22m[2mgetMentionStats[2m > [22m[2mshould calculate correct mention statistics
[22m[39m[MentionsService] Parsed mentions from text {
  text: [32m'@bob.jones task'[39m,
  mentionsCount: [33m1[39m,
  usernames: [ [32m'bob.jones'[39m ]
}

[90mstdout[2m | src/services/mentions.service.test.ts[2m > [22m[2mMentionsService[2m > [22m[2mgetMentionStats[2m > [22m[2mshould calculate correct mention statistics
[22m[39m[MentionsService] Validated mentions { totalMentions: [33m1[39m, validMentions: [33m1[39m, invalidMentions: [33m0[39m }

[90mstdout[2m | src/services/mentions.service.test.ts[2m > [22m[2mMentionsService[2m > [22m[2mgetMentionStats[2m > [22m[2mshould calculate correct mention statistics
[22m[39m[MentionsService] Created mention {
  mentionId: [32m'C8qfqrGxyp_JmXqid7_G1'[39m,
  mentionedUserId: [32m'user-test-002'[39m,
  mentioningUserId: [32m'user-test-001'[39m,
  commentId: [32m'comment-0'[39m
}
[MentionsService] Created mentions for comment {
  commentId: [32m'comment-0'[39m,
  mentionsCreated: [33m1[39m,
  notificationsScheduled: [33m1[39m,
  checklistItemsCreated: [33m0[39m,
  errors: [33m0[39m
}

[90mstdout[2m | src/services/mentions.service.test.ts[2m > [22m[2mMentionsService[2m > [22m[2mgetMentionStats[2m > [22m[2mshould calculate correct mention statistics
[22m[39m[MentionsService] Parsed mentions from text {
  text: [32m'@bob.jones task'[39m,
  mentionsCount: [33m1[39m,
  usernames: [ [32m'bob.jones'[39m ]
}

[90mstdout[2m | src/services/mentions.service.test.ts[2m > [22m[2mMentionsService[2m > [22m[2mgetMentionStats[2m > [22m[2mshould calculate correct mention statistics
[22m[39m[MentionsService] Validated mentions { totalMentions: [33m1[39m, validMentions: [33m1[39m, invalidMentions: [33m0[39m }

[90mstdout[2m | src/services/mentions.service.test.ts[2m > [22m[2mMentionsService[2m > [22m[2mgetMentionStats[2m > [22m[2mshould calculate correct mention statistics
[22m[39m[MentionsService] Created mention {
  mentionId: [32m'OL4lKcERFjTO8Murssj7b'[39m,
  mentionedUserId: [32m'user-test-002'[39m,
  mentioningUserId: [32m'user-test-001'[39m,
  commentId: [32m'comment-1'[39m
}
[MentionsService] Created mentions for comment {
  commentId: [32m'comment-1'[39m,
  mentionsCreated: [33m1[39m,
  notificationsScheduled: [33m1[39m,
  checklistItemsCreated: [33m0[39m,
  errors: [33m0[39m
}

[90mstdout[2m | src/services/mentions.service.test.ts[2m > [22m[2mMentionsService[2m > [22m[2mgetMentionStats[2m > [22m[2mshould calculate correct mention statistics
[22m[39m[MentionsService] Parsed mentions from text {
  text: [32m'@bob.jones task'[39m,
  mentionsCount: [33m1[39m,
  usernames: [ [32m'bob.jones'[39m ]
}

[90mstdout[2m | src/services/mentions.service.test.ts[2m > [22m[2mMentionsService[2m > [22m[2mgetMentionStats[2m > [22m[2mshould calculate correct mention statistics
[22m[39m[MentionsService] Validated mentions { totalMentions: [33m1[39m, validMentions: [33m1[39m, invalidMentions: [33m0[39m }

[90mstdout[2m | src/services/mentions.service.test.ts[2m > [22m[2mMentionsService[2m > [22m[2mgetMentionStats[2m > [22m[2mshould calculate correct mention statistics
[22m[39m[MentionsService] Created mention {
  mentionId: [32m'TJNNAHiyD5D1iPXLM5-9Q'[39m,
  mentionedUserId: [32m'user-test-002'[39m,
  mentioningUserId: [32m'user-test-001'[39m,
  commentId: [32m'comment-2'[39m
}
[MentionsService] Created mentions for comment {
  commentId: [32m'comment-2'[39m,
  mentionsCreated: [33m1[39m,
  notificationsScheduled: [33m1[39m,
  checklistItemsCreated: [33m0[39m,
  errors: [33m0[39m
}

[90mstdout[2m | src/services/mentions.service.test.ts[2m > [22m[2mMentionsService[2m > [22m[2mgetMentionStats[2m > [22m[2mshould calculate correct mention statistics
[22m[39m[MentionsService] Parsed mentions from text {
  text: [32m'@bob.jones task'[39m,
  mentionsCount: [33m1[39m,
  usernames: [ [32m'bob.jones'[39m ]
}

[90mstdout[2m | src/services/mentions.service.test.ts[2m > [22m[2mMentionsService[2m > [22m[2mgetMentionStats[2m > [22m[2mshould calculate correct mention statistics
[22m[39m[MentionsService] Validated mentions { totalMentions: [33m1[39m, validMentions: [33m1[39m, invalidMentions: [33m0[39m }

[90mstdout[2m | src/services/mentions.service.test.ts[2m > [22m[2mMentionsService[2m > [22m[2mgetMentionStats[2m > [22m[2mshould calculate correct mention statistics
[22m[39m[MentionsService] Created mention {
  mentionId: [32m'twwMJXHgvCoJT2QuOVGpz'[39m,
  mentionedUserId: [32m'user-test-002'[39m,
  mentioningUserId: [32m'user-test-001'[39m,
  commentId: [32m'comment-3'[39m
}
[MentionsService] Created mentions for comment {
  commentId: [32m'comment-3'[39m,
  mentionsCreated: [33m1[39m,
  notificationsScheduled: [33m1[39m,
  checklistItemsCreated: [33m0[39m,
  errors: [33m0[39m
}

[90mstdout[2m | src/services/mentions.service.test.ts[2m > [22m[2mMentionsService[2m > [22m[2mgetMentionStats[2m > [22m[2mshould calculate correct mention statistics
[22m[39m[MentionsService] Parsed mentions from text {
  text: [32m'@bob.jones task'[39m,
  mentionsCount: [33m1[39m,
  usernames: [ [32m'bob.jones'[39m ]
}

[90mstdout[2m | src/services/mentions.service.test.ts[2m > [22m[2mMentionsService[2m > [22m[2mgetMentionStats[2m > [22m[2mshould calculate correct mention statistics
[22m[39m[MentionsService] Validated mentions { totalMentions: [33m1[39m, validMentions: [33m1[39m, invalidMentions: [33m0[39m }

[90mstdout[2m | src/services/mentions.service.test.ts[2m > [22m[2mMentionsService[2m > [22m[2mgetMentionStats[2m > [22m[2mshould calculate correct mention statistics
[22m[39m[MentionsService] Created mention {
  mentionId: [32m'QaJ6Xyjlum4W1zLtQVTfd'[39m,
  mentionedUserId: [32m'user-test-002'[39m,
  mentioningUserId: [32m'user-test-001'[39m,
  commentId: [32m'comment-4'[39m
}
[MentionsService] Created mentions for comment {
  commentId: [32m'comment-4'[39m,
  mentionsCreated: [33m1[39m,
  notificationsScheduled: [33m1[39m,
  checklistItemsCreated: [33m0[39m,
  errors: [33m0[39m
}

[90mstdout[2m | src/services/mentions.service.test.ts[2m > [22m[2mMentionsService[2m > [22m[2mgetMentionStats[2m > [22m[2mshould calculate correct mention statistics
[22m[39m[MentionsService] Marked mention as read { mentionId: [32m'twwMJXHgvCoJT2QuOVGpz'[39m }

[90mstdout[2m | src/services/mentions.service.test.ts[2m > [22m[2mMentionsService[2m > [22m[2mgetMentionStats[2m > [22m[2mshould calculate correct mention statistics
[22m[39m[MentionsService] Marked mention as read { mentionId: [32m'TJNNAHiyD5D1iPXLM5-9Q'[39m }

[90mstdout[2m | src/services/mentions.service.test.ts[2m > [22m[2mMentionsService[2m > [22m[2mgetMentionStats[2m > [22m[2mshould return 100% read rate when all read
[22m[39m[MentionsService] Parsed mentions from text {
  text: [32m'@bob.jones task'[39m,
  mentionsCount: [33m1[39m,
  usernames: [ [32m'bob.jones'[39m ]
}

[90mstdout[2m | src/services/mentions.service.test.ts[2m > [22m[2mMentionsService[2m > [22m[2mgetMentionStats[2m > [22m[2mshould return 100% read rate when all read
[22m[39m[MentionsService] Validated mentions { totalMentions: [33m1[39m, validMentions: [33m1[39m, invalidMentions: [33m0[39m }

[90mstdout[2m | src/services/mentions.service.test.ts[2m > [22m[2mMentionsService[2m > [22m[2mgetMentionStats[2m > [22m[2mshould return 100% read rate when all read
[22m[39m[MentionsService] Created mention {
  mentionId: [32m'LlyWYjzQIXAGCbAe52HK6'[39m,
  mentionedUserId: [32m'user-test-002'[39m,
  mentioningUserId: [32m'user-test-001'[39m,
  commentId: [32m'comment-0'[39m
}
[MentionsService] Created mentions for comment {
  commentId: [32m'comment-0'[39m,
  mentionsCreated: [33m1[39m,
  notificationsScheduled: [33m1[39m,
  checklistItemsCreated: [33m0[39m,
  errors: [33m0[39m
}

[90mstdout[2m | src/services/mentions.service.test.ts[2m > [22m[2mMentionsService[2m > [22m[2mgetMentionStats[2m > [22m[2mshould return 100% read rate when all read
[22m[39m[MentionsService] Parsed mentions from text {
  text: [32m'@bob.jones task'[39m,
  mentionsCount: [33m1[39m,
  usernames: [ [32m'bob.jones'[39m ]
}

[90mstdout[2m | src/services/mentions.service.test.ts[2m > [22m[2mMentionsService[2m > [22m[2mgetMentionStats[2m > [22m[2mshould return 100% read rate when all read
[22m[39m[MentionsService] Validated mentions { totalMentions: [33m1[39m, validMentions: [33m1[39m, invalidMentions: [33m0[39m }

[90mstdout[2m | src/services/mentions.service.test.ts[2m > [22m[2mMentionsService[2m > [22m[2mgetMentionStats[2m > [22m[2mshould return 100% read rate when all read
[22m[39m[MentionsService] Created mention {
  mentionId: [32m'Nc2MPCXsHSdiAXw4Fv_1P'[39m,
  mentionedUserId: [32m'user-test-002'[39m,
  mentioningUserId: [32m'user-test-001'[39m,
  commentId: [32m'comment-1'[39m
}
[MentionsService] Created mentions for comment {
  commentId: [32m'comment-1'[39m,
  mentionsCreated: [33m1[39m,
  notificationsScheduled: [33m1[39m,
  checklistItemsCreated: [33m0[39m,
  errors: [33m0[39m
}

[90mstdout[2m | src/services/mentions.service.test.ts[2m > [22m[2mMentionsService[2m > [22m[2mgetMentionStats[2m > [22m[2mshould return 100% read rate when all read
[22m[39m[MentionsService] Parsed mentions from text {
  text: [32m'@bob.jones task'[39m,
  mentionsCount: [33m1[39m,
  usernames: [ [32m'bob.jones'[39m ]
}

[90mstdout[2m | src/services/mentions.service.test.ts[2m > [22m[2mMentionsService[2m > [22m[2mgetMentionStats[2m > [22m[2mshould return 100% read rate when all read
[22m[39m[MentionsService] Validated mentions { totalMentions: [33m1[39m, validMentions: [33m1[39m, invalidMentions: [33m0[39m }

[90mstdout[2m | src/services/mentions.service.test.ts[2m > [22m[2mMentionsService[2m > [22m[2mgetMentionStats[2m > [22m[2mshould return 100% read rate when all read
[22m[39m[MentionsService] Created mention {
  mentionId: [32m'MV0c3sfAtKc3qXmTVRO9B'[39m,
  mentionedUserId: [32m'user-test-002'[39m,
  mentioningUserId: [32m'user-test-001'[39m,
  commentId: [32m'comment-2'[39m
}
[MentionsService] Created mentions for comment {
  commentId: [32m'comment-2'[39m,
  mentionsCreated: [33m1[39m,
  notificationsScheduled: [33m1[39m,
  checklistItemsCreated: [33m0[39m,
  errors: [33m0[39m
}

[90mstdout[2m | src/services/mentions.service.test.ts[2m > [22m[2mMentionsService[2m > [22m[2mgetMentionStats[2m > [22m[2mshould return 100% read rate when all read
[22m[39m[MentionsService] Parsed mentions from text {
  text: [32m'@bob.jones task'[39m,
  mentionsCount: [33m1[39m,
  usernames: [ [32m'bob.jones'[39m ]
}

[90mstdout[2m | src/services/mentions.service.test.ts[2m > [22m[2mMentionsService[2m > [22m[2mgetMentionStats[2m > [22m[2mshould return 100% read rate when all read
[22m[39m[MentionsService] Validated mentions { totalMentions: [33m1[39m, validMentions: [33m1[39m, invalidMentions: [33m0[39m }

[90mstdout[2m | src/services/mentions.service.test.ts[2m > [22m[2mMentionsService[2m > [22m[2mgetMentionStats[2m > [22m[2mshould return 100% read rate when all read
[22m[39m[MentionsService] Created mention {
  mentionId: [32m'-ILl0el4eS_0-B1wPf_hH'[39m,
  mentionedUserId: [32m'user-test-002'[39m,
  mentioningUserId: [32m'user-test-001'[39m,
  commentId: [32m'comment-3'[39m
}
[MentionsService] Created mentions for comment {
  commentId: [32m'comment-3'[39m,
  mentionsCreated: [33m1[39m,
  notificationsScheduled: [33m1[39m,
  checklistItemsCreated: [33m0[39m,
  errors: [33m0[39m
}

[90mstdout[2m | src/services/mentions.service.test.ts[2m > [22m[2mMentionsService[2m > [22m[2mgetMentionStats[2m > [22m[2mshould return 100% read rate when all read
[22m[39m[MentionsService] Parsed mentions from text {
  text: [32m'@bob.jones task'[39m,
  mentionsCount: [33m1[39m,
  usernames: [ [32m'bob.jones'[39m ]
}

[90mstdout[2m | src/services/mentions.service.test.ts[2m > [22m[2mMentionsService[2m > [22m[2mgetMentionStats[2m > [22m[2mshould return 100% read rate when all read
[22m[39m[MentionsService] Validated mentions { totalMentions: [33m1[39m, validMentions: [33m1[39m, invalidMentions: [33m0[39m }

[90mstdout[2m | src/services/mentions.service.test.ts[2m > [22m[2mMentionsService[2m > [22m[2mgetMentionStats[2m > [22m[2mshould return 100% read rate when all read
[22m[39m[MentionsService] Created mention {
  mentionId: [32m'ZG2yeV3FLEA3w-q44y2C2'[39m,
  mentionedUserId: [32m'user-test-002'[39m,
  mentioningUserId: [32m'user-test-001'[39m,
  commentId: [32m'comment-4'[39m
}
[MentionsService] Created mentions for comment {
  commentId: [32m'comment-4'[39m,
  mentionsCreated: [33m1[39m,
  notificationsScheduled: [33m1[39m,
  checklistItemsCreated: [33m0[39m,
  errors: [33m0[39m
}

[90mstdout[2m | src/services/mentions.service.test.ts[2m > [22m[2mMentionsService[2m > [22m[2mgetMentionStats[2m > [22m[2mshould return 100% read rate when all read
[22m[39m[MentionsService] Marked mention as read { mentionId: [32m'ZG2yeV3FLEA3w-q44y2C2'[39m }

[90mstdout[2m | src/services/mentions.service.test.ts[2m > [22m[2mMentionsService[2m > [22m[2mgetMentionStats[2m > [22m[2mshould return 100% read rate when all read
[22m[39m[MentionsService] Marked mention as read { mentionId: [32m'Nc2MPCXsHSdiAXw4Fv_1P'[39m }

[90mstdout[2m | src/services/mentions.service.test.ts[2m > [22m[2mMentionsService[2m > [22m[2mgetMentionStats[2m > [22m[2mshould return 100% read rate when all read
[22m[39m[MentionsService] Marked all mentions as read { userId: [32m'user-test-002'[39m, count: [33m3[39m }

[90mstdout[2m | src/services/mentions.service.test.ts[2m > [22m[2mMentionsService[2m > [22m[2mgetMentionStats[2m > [22m[2mshould return 0% read rate when none read
[22m[39m[MentionsService] Parsed mentions from text {
  text: [32m'@bob.jones task'[39m,
  mentionsCount: [33m1[39m,
  usernames: [ [32m'bob.jones'[39m ]
}

[90mstdout[2m | src/services/mentions.service.test.ts[2m > [22m[2mMentionsService[2m > [22m[2mgetMentionStats[2m > [22m[2mshould return 0% read rate when none read
[22m[39m[MentionsService] Validated mentions { totalMentions: [33m1[39m, validMentions: [33m1[39m, invalidMentions: [33m0[39m }

[90mstdout[2m | src/services/mentions.service.test.ts[2m > [22m[2mMentionsService[2m > [22m[2mgetMentionStats[2m > [22m[2mshould return 0% read rate when none read
[22m[39m[MentionsService] Created mention {
  mentionId: [32m'ws5FPAZZ1Uca9_-9N-caf'[39m,
  mentionedUserId: [32m'user-test-002'[39m,
  mentioningUserId: [32m'user-test-001'[39m,
  commentId: [32m'comment-0'[39m
}
[MentionsService] Created mentions for comment {
  commentId: [32m'comment-0'[39m,
  mentionsCreated: [33m1[39m,
  notificationsScheduled: [33m1[39m,
  checklistItemsCreated: [33m0[39m,
  errors: [33m0[39m
}

[90mstdout[2m | src/services/mentions.service.test.ts[2m > [22m[2mMentionsService[2m > [22m[2mgetMentionStats[2m > [22m[2mshould return 0% read rate when none read
[22m[39m[MentionsService] Parsed mentions from text {
  text: [32m'@bob.jones task'[39m,
  mentionsCount: [33m1[39m,
  usernames: [ [32m'bob.jones'[39m ]
}

[90mstdout[2m | src/services/mentions.service.test.ts[2m > [22m[2mMentionsService[2m > [22m[2mgetMentionStats[2m > [22m[2mshould return 0% read rate when none read
[22m[39m[MentionsService] Validated mentions { totalMentions: [33m1[39m, validMentions: [33m1[39m, invalidMentions: [33m0[39m }

[90mstdout[2m | src/services/mentions.service.test.ts[2m > [22m[2mMentionsService[2m > [22m[2mgetMentionStats[2m > [22m[2mshould return 0% read rate when none read
[22m[39m[MentionsService] Created mention {
  mentionId: [32m'NwBQpKrgL-oivDFbHuMPC'[39m,
  mentionedUserId: [32m'user-test-002'[39m,
  mentioningUserId: [32m'user-test-001'[39m,
  commentId: [32m'comment-1'[39m
}
[MentionsService] Created mentions for comment {
  commentId: [32m'comment-1'[39m,
  mentionsCreated: [33m1[39m,
  notificationsScheduled: [33m1[39m,
  checklistItemsCreated: [33m0[39m,
  errors: [33m0[39m
}

[90mstdout[2m | src/services/mentions.service.test.ts[2m > [22m[2mMentionsService[2m > [22m[2mgetMentionStats[2m > [22m[2mshould return 0% read rate when none read
[22m[39m[MentionsService] Parsed mentions from text {
  text: [32m'@bob.jones task'[39m,
  mentionsCount: [33m1[39m,
  usernames: [ [32m'bob.jones'[39m ]
}

[90mstdout[2m | src/services/mentions.service.test.ts[2m > [22m[2mMentionsService[2m > [22m[2mgetMentionStats[2m > [22m[2mshould return 0% read rate when none read
[22m[39m[MentionsService] Validated mentions { totalMentions: [33m1[39m, validMentions: [33m1[39m, invalidMentions: [33m0[39m }

[90mstdout[2m | src/services/mentions.service.test.ts[2m > [22m[2mMentionsService[2m > [22m[2mgetMentionStats[2m > [22m[2mshould return 0% read rate when none read
[22m[39m[MentionsService] Created mention {
  mentionId: [32m'ehSJFwi1ZgdzwQiHA9_yW'[39m,
  mentionedUserId: [32m'user-test-002'[39m,
  mentioningUserId: [32m'user-test-001'[39m,
  commentId: [32m'comment-2'[39m
}
[MentionsService] Created mentions for comment {
  commentId: [32m'comment-2'[39m,
  mentionsCreated: [33m1[39m,
  notificationsScheduled: [33m1[39m,
  checklistItemsCreated: [33m0[39m,
  errors: [33m0[39m
}

[90mstdout[2m | src/services/mentions.service.test.ts[2m > [22m[2mMentionsService[2m > [22m[2mgetMentionStats[2m > [22m[2mshould return 0% read rate when none read
[22m[39m[MentionsService] Parsed mentions from text {
  text: [32m'@bob.jones task'[39m,
  mentionsCount: [33m1[39m,
  usernames: [ [32m'bob.jones'[39m ]
}

[90mstdout[2m | src/services/mentions.service.test.ts[2m > [22m[2mMentionsService[2m > [22m[2mgetMentionStats[2m > [22m[2mshould return 0% read rate when none read
[22m[39m[MentionsService] Validated mentions { totalMentions: [33m1[39m, validMentions: [33m1[39m, invalidMentions: [33m0[39m }

[90mstdout[2m | src/services/mentions.service.test.ts[2m > [22m[2mMentionsService[2m > [22m[2mgetMentionStats[2m > [22m[2mshould return 0% read rate when none read
[22m[39m[MentionsService] Created mention {
  mentionId: [32m'Dj4zLvqBIdhcKIrRu16CJ'[39m,
  mentionedUserId: [32m'user-test-002'[39m,
  mentioningUserId: [32m'user-test-001'[39m,
  commentId: [32m'comment-3'[39m
}
[MentionsService] Created mentions for comment {
  commentId: [32m'comment-3'[39m,
  mentionsCreated: [33m1[39m,
  notificationsScheduled: [33m1[39m,
  checklistItemsCreated: [33m0[39m,
  errors: [33m0[39m
}

[90mstdout[2m | src/services/mentions.service.test.ts[2m > [22m[2mMentionsService[2m > [22m[2mgetMentionStats[2m > [22m[2mshould return 0% read rate when none read
[22m[39m[MentionsService] Parsed mentions from text {
  text: [32m'@bob.jones task'[39m,
  mentionsCount: [33m1[39m,
  usernames: [ [32m'bob.jones'[39m ]
}

[90mstdout[2m | src/services/mentions.service.test.ts[2m > [22m[2mMentionsService[2m > [22m[2mgetMentionStats[2m > [22m[2mshould return 0% read rate when none read
[22m[39m[MentionsService] Validated mentions { totalMentions: [33m1[39m, validMentions: [33m1[39m, invalidMentions: [33m0[39m }

[90mstdout[2m | src/services/mentions.service.test.ts[2m > [22m[2mMentionsService[2m > [22m[2mgetMentionStats[2m > [22m[2mshould return 0% read rate when none read
[22m[39m[MentionsService] Created mention {
  mentionId: [32m'8TsPvOIMKU_zGLcGhwYn8'[39m,
  mentionedUserId: [32m'user-test-002'[39m,
  mentioningUserId: [32m'user-test-001'[39m,
  commentId: [32m'comment-4'[39m
}
[MentionsService] Created mentions for comment {
  commentId: [32m'comment-4'[39m,
  mentionsCreated: [33m1[39m,
  notificationsScheduled: [33m1[39m,
  checklistItemsCreated: [33m0[39m,
  errors: [33m0[39m
}

[90mstdout[2m | src/services/mentions.service.test.ts[2m > [22m[2mMentionsService[2m > [22m[2mgetMentionStats[2m > [22m[2mshould return 0% read rate when none read
[22m[39m[MentionsService] Marked mention as read { mentionId: [32m'ehSJFwi1ZgdzwQiHA9_yW'[39m }

[90mstdout[2m | src/services/mentions.service.test.ts[2m > [22m[2mMentionsService[2m > [22m[2mgetMentionStats[2m > [22m[2mshould return 0% read rate when none read
[22m[39m[MentionsService] Marked mention as read { mentionId: [32m'ws5FPAZZ1Uca9_-9N-caf'[39m }

[90mstdout[2m | src/services/mentions.service.test.ts[2m > [22m[2mMentionsService[2m > [22m[2mgetMentionStats[2m > [22m[2mshould return 0% read rate when none read
[22m[39m[MentionsService] Parsed mentions from text { text: [32m'@newuser task'[39m, mentionsCount: [33m1[39m, usernames: [ [32m'newuser'[39m ] }

[90mstdout[2m | src/services/mentions.service.test.ts[2m > [22m[2mMentionsService[2m > [22m[2mgetMentionStats[2m > [22m[2mshould return 0% read rate when none read
[22m[39m[MentionsService] Validated mentions { totalMentions: [33m1[39m, validMentions: [33m1[39m, invalidMentions: [33m0[39m }

[90mstdout[2m | src/services/mentions.service.test.ts[2m > [22m[2mMentionsService[2m > [22m[2mgetMentionStats[2m > [22m[2mshould return 0% read rate when none read
[22m[39m[MentionsService] Created mention {
  mentionId: [32m'rKUIlXD5Losfv_O08qbwM'[39m,
  mentionedUserId: [32m'new-user-id'[39m,
  mentioningUserId: [32m'user-test-001'[39m,
  commentId: [32m'comment-new'[39m
}
[MentionsService] Created mentions for comment {
  commentId: [32m'comment-new'[39m,
  mentionsCreated: [33m1[39m,
  notificationsScheduled: [33m1[39m,
  checklistItemsCreated: [33m0[39m,
  errors: [33m0[39m
}

[90mstdout[2m | src/services/mentions.service.test.ts[2m > [22m[2mMentionsService[2m > [22m[2mgetMentionStats[2m > [22m[2mshould return zeros for user with no mentions
[22m[39m[MentionsService] Parsed mentions from text {
  text: [32m'@bob.jones task'[39m,
  mentionsCount: [33m1[39m,
  usernames: [ [32m'bob.jones'[39m ]
}

[90mstdout[2m | src/services/mentions.service.test.ts[2m > [22m[2mMentionsService[2m > [22m[2mgetMentionStats[2m > [22m[2mshould return zeros for user with no mentions
[22m[39m[MentionsService] Validated mentions { totalMentions: [33m1[39m, validMentions: [33m1[39m, invalidMentions: [33m0[39m }

[90mstdout[2m | src/services/mentions.service.test.ts[2m > [22m[2mMentionsService[2m > [22m[2mgetMentionStats[2m > [22m[2mshould return zeros for user with no mentions
[22m[39m[MentionsService] Created mention {
  mentionId: [32m'15ZdRDgZdHf2-IID1W0da'[39m,
  mentionedUserId: [32m'user-test-002'[39m,
  mentioningUserId: [32m'user-test-001'[39m,
  commentId: [32m'comment-0'[39m
}
[MentionsService] Created mentions for comment {
  commentId: [32m'comment-0'[39m,
  mentionsCreated: [33m1[39m,
  notificationsScheduled: [33m1[39m,
  checklistItemsCreated: [33m0[39m,
  errors: [33m0[39m
}

[90mstdout[2m | src/services/mentions.service.test.ts[2m > [22m[2mMentionsService[2m > [22m[2mgetMentionStats[2m > [22m[2mshould return zeros for user with no mentions
[22m[39m[MentionsService] Parsed mentions from text {
  text: [32m'@bob.jones task'[39m,
  mentionsCount: [33m1[39m,
  usernames: [ [32m'bob.jones'[39m ]
}

[90mstdout[2m | src/services/mentions.service.test.ts[2m > [22m[2mMentionsService[2m > [22m[2mgetMentionStats[2m > [22m[2mshould return zeros for user with no mentions
[22m[39m[MentionsService] Validated mentions { totalMentions: [33m1[39m, validMentions: [33m1[39m, invalidMentions: [33m0[39m }

[90mstdout[2m | src/services/mentions.service.test.ts[2m > [22m[2mMentionsService[2m > [22m[2mgetMentionStats[2m > [22m[2mshould return zeros for user with no mentions
[22m[39m[MentionsService] Created mention {
  mentionId: [32m'E3NsWyBCAQ_xdHiO89G40'[39m,
  mentionedUserId: [32m'user-test-002'[39m,
  mentioningUserId: [32m'user-test-001'[39m,
  commentId: [32m'comment-1'[39m
}
[MentionsService] Created mentions for comment {
  commentId: [32m'comment-1'[39m,
  mentionsCreated: [33m1[39m,
  notificationsScheduled: [33m1[39m,
  checklistItemsCreated: [33m0[39m,
  errors: [33m0[39m
}

[90mstdout[2m | src/services/mentions.service.test.ts[2m > [22m[2mMentionsService[2m > [22m[2mgetMentionStats[2m > [22m[2mshould return zeros for user with no mentions
[22m[39m[MentionsService] Parsed mentions from text {
  text: [32m'@bob.jones task'[39m,
  mentionsCount: [33m1[39m,
  usernames: [ [32m'bob.jones'[39m ]
}

[90mstdout[2m | src/services/mentions.service.test.ts[2m > [22m[2mMentionsService[2m > [22m[2mgetMentionStats[2m > [22m[2mshould return zeros for user with no mentions
[22m[39m[MentionsService] Validated mentions { totalMentions: [33m1[39m, validMentions: [33m1[39m, invalidMentions: [33m0[39m }

[90mstdout[2m | src/services/mentions.service.test.ts[2m > [22m[2mMentionsService[2m > [22m[2mgetMentionStats[2m > [22m[2mshould return zeros for user with no mentions
[22m[39m[MentionsService] Created mention {
  mentionId: [32m'-7kH9CcGBQbrAn95ptXqG'[39m,
  mentionedUserId: [32m'user-test-002'[39m,
  mentioningUserId: [32m'user-test-001'[39m,
  commentId: [32m'comment-2'[39m
}
[MentionsService] Created mentions for comment {
  commentId: [32m'comment-2'[39m,
  mentionsCreated: [33m1[39m,
  notificationsScheduled: [33m1[39m,
  checklistItemsCreated: [33m0[39m,
  errors: [33m0[39m
}

[90mstdout[2m | src/services/mentions.service.test.ts[2m > [22m[2mMentionsService[2m > [22m[2mgetMentionStats[2m > [22m[2mshould return zeros for user with no mentions
[22m[39m[MentionsService] Parsed mentions from text {
  text: [32m'@bob.jones task'[39m,
  mentionsCount: [33m1[39m,
  usernames: [ [32m'bob.jones'[39m ]
}

[90mstdout[2m | src/services/mentions.service.test.ts[2m > [22m[2mMentionsService[2m > [22m[2mgetMentionStats[2m > [22m[2mshould return zeros for user with no mentions
[22m[39m[MentionsService] Validated mentions { totalMentions: [33m1[39m, validMentions: [33m1[39m, invalidMentions: [33m0[39m }

[90mstdout[2m | src/services/mentions.service.test.ts[2m > [22m[2mMentionsService[2m > [22m[2mgetMentionStats[2m > [22m[2mshould return zeros for user with no mentions
[22m[39m[MentionsService] Created mention {
  mentionId: [32m'xwH6BZc_R8CeCFSu398Hr'[39m,
  mentionedUserId: [32m'user-test-002'[39m,
  mentioningUserId: [32m'user-test-001'[39m,
  commentId: [32m'comment-3'[39m
}
[MentionsService] Created mentions for comment {
  commentId: [32m'comment-3'[39m,
  mentionsCreated: [33m1[39m,
  notificationsScheduled: [33m1[39m,
  checklistItemsCreated: [33m0[39m,
  errors: [33m0[39m
}

[90mstdout[2m | src/services/mentions.service.test.ts[2m > [22m[2mMentionsService[2m > [22m[2mgetMentionStats[2m > [22m[2mshould return zeros for user with no mentions
[22m[39m[MentionsService] Parsed mentions from text {
  text: [32m'@bob.jones task'[39m,
  mentionsCount: [33m1[39m,
  usernames: [ [32m'bob.jones'[39m ]
}

[90mstdout[2m | src/services/mentions.service.test.ts[2m > [22m[2mMentionsService[2m > [22m[2mgetMentionStats[2m > [22m[2mshould return zeros for user with no mentions
[22m[39m[MentionsService] Validated mentions { totalMentions: [33m1[39m, validMentions: [33m1[39m, invalidMentions: [33m0[39m }

[90mstdout[2m | src/services/mentions.service.test.ts[2m > [22m[2mMentionsService[2m > [22m[2mgetMentionStats[2m > [22m[2mshould return zeros for user with no mentions
[22m[39m[MentionsService] Created mention {
  mentionId: [32m'_YWHaksv4xzeS71RkQ6ZN'[39m,
  mentionedUserId: [32m'user-test-002'[39m,
  mentioningUserId: [32m'user-test-001'[39m,
  commentId: [32m'comment-4'[39m
}
[MentionsService] Created mentions for comment {
  commentId: [32m'comment-4'[39m,
  mentionsCreated: [33m1[39m,
  notificationsScheduled: [33m1[39m,
  checklistItemsCreated: [33m0[39m,
  errors: [33m0[39m
}

[90mstdout[2m | src/services/mentions.service.test.ts[2m > [22m[2mMentionsService[2m > [22m[2mgetMentionStats[2m > [22m[2mshould return zeros for user with no mentions
[22m[39m[MentionsService] Marked mention as read { mentionId: [32m'_YWHaksv4xzeS71RkQ6ZN'[39m }

[90mstdout[2m | src/services/mentions.service.test.ts[2m > [22m[2mMentionsService[2m > [22m[2mgetMentionStats[2m > [22m[2mshould return zeros for user with no mentions
[22m[39m[MentionsService] Marked mention as read { mentionId: [32m'xwH6BZc_R8CeCFSu398Hr'[39m }

[90mstdout[2m | src/services/mentions.service.test.ts[2m > [22m[2mMentionsService[2m > [22m[2mgetMentionStats[2m > [22m[2mshould round read rate to 1 decimal place
[22m[39m[MentionsService] Parsed mentions from text {
  text: [32m'@bob.jones task'[39m,
  mentionsCount: [33m1[39m,
  usernames: [ [32m'bob.jones'[39m ]
}

[90mstdout[2m | src/services/mentions.service.test.ts[2m > [22m[2mMentionsService[2m > [22m[2mgetMentionStats[2m > [22m[2mshould round read rate to 1 decimal place
[22m[39m[MentionsService] Validated mentions { totalMentions: [33m1[39m, validMentions: [33m1[39m, invalidMentions: [33m0[39m }

[90mstdout[2m | src/services/mentions.service.test.ts[2m > [22m[2mMentionsService[2m > [22m[2mgetMentionStats[2m > [22m[2mshould round read rate to 1 decimal place
[22m[39m[MentionsService] Created mention {
  mentionId: [32m'GUAbFOHQjf55ZDjXQXku7'[39m,
  mentionedUserId: [32m'user-test-002'[39m,
  mentioningUserId: [32m'user-test-001'[39m,
  commentId: [32m'comment-0'[39m
}
[MentionsService] Created mentions for comment {
  commentId: [32m'comment-0'[39m,
  mentionsCreated: [33m1[39m,
  notificationsScheduled: [33m1[39m,
  checklistItemsCreated: [33m0[39m,
  errors: [33m0[39m
}

[90mstdout[2m | src/services/mentions.service.test.ts[2m > [22m[2mMentionsService[2m > [22m[2mgetMentionStats[2m > [22m[2mshould round read rate to 1 decimal place
[22m[39m[MentionsService] Parsed mentions from text {
  text: [32m'@bob.jones task'[39m,
  mentionsCount: [33m1[39m,
  usernames: [ [32m'bob.jones'[39m ]
}

[90mstdout[2m | src/services/mentions.service.test.ts[2m > [22m[2mMentionsService[2m > [22m[2mgetMentionStats[2m > [22m[2mshould round read rate to 1 decimal place
[22m[39m[MentionsService] Validated mentions { totalMentions: [33m1[39m, validMentions: [33m1[39m, invalidMentions: [33m0[39m }

[90mstdout[2m | src/services/mentions.service.test.ts[2m > [22m[2mMentionsService[2m > [22m[2mgetMentionStats[2m > [22m[2mshould round read rate to 1 decimal place
[22m[39m[MentionsService] Created mention {
  mentionId: [32m'WugtinFXnvXqUVb_S6rXS'[39m,
  mentionedUserId: [32m'user-test-002'[39m,
  mentioningUserId: [32m'user-test-001'[39m,
  commentId: [32m'comment-1'[39m
}
[MentionsService] Created mentions for comment {
  commentId: [32m'comment-1'[39m,
  mentionsCreated: [33m1[39m,
  notificationsScheduled: [33m1[39m,
  checklistItemsCreated: [33m0[39m,
  errors: [33m0[39m
}

[90mstdout[2m | src/services/mentions.service.test.ts[2m > [22m[2mMentionsService[2m > [22m[2mgetMentionStats[2m > [22m[2mshould round read rate to 1 decimal place
[22m[39m[MentionsService] Parsed mentions from text {
  text: [32m'@bob.jones task'[39m,
  mentionsCount: [33m1[39m,
  usernames: [ [32m'bob.jones'[39m ]
}

[90mstdout[2m | src/services/mentions.service.test.ts[2m > [22m[2mMentionsService[2m > [22m[2mgetMentionStats[2m > [22m[2mshould round read rate to 1 decimal place
[22m[39m[MentionsService] Validated mentions { totalMentions: [33m1[39m, validMentions: [33m1[39m, invalidMentions: [33m0[39m }

[90mstdout[2m | src/services/mentions.service.test.ts[2m > [22m[2mMentionsService[2m > [22m[2mgetMentionStats[2m > [22m[2mshould round read rate to 1 decimal place
[22m[39m[MentionsService] Created mention {
  mentionId: [32m'uc4JMgs_QZGypzzLqUcWv'[39m,
  mentionedUserId: [32m'user-test-002'[39m,
  mentioningUserId: [32m'user-test-001'[39m,
  commentId: [32m'comment-2'[39m
}
[MentionsService] Created mentions for comment {
  commentId: [32m'comment-2'[39m,
  mentionsCreated: [33m1[39m,
  notificationsScheduled: [33m1[39m,
  checklistItemsCreated: [33m0[39m,
  errors: [33m0[39m
}

[90mstdout[2m | src/services/mentions.service.test.ts[2m > [22m[2mMentionsService[2m > [22m[2mgetMentionStats[2m > [22m[2mshould round read rate to 1 decimal place
[22m[39m[MentionsService] Parsed mentions from text {
  text: [32m'@bob.jones task'[39m,
  mentionsCount: [33m1[39m,
  usernames: [ [32m'bob.jones'[39m ]
}

[90mstdout[2m | src/services/mentions.service.test.ts[2m > [22m[2mMentionsService[2m > [22m[2mgetMentionStats[2m > [22m[2mshould round read rate to 1 decimal place
[22m[39m[MentionsService] Validated mentions { totalMentions: [33m1[39m, validMentions: [33m1[39m, invalidMentions: [33m0[39m }

[90mstdout[2m | src/services/mentions.service.test.ts[2m > [22m[2mMentionsService[2m > [22m[2mgetMentionStats[2m > [22m[2mshould round read rate to 1 decimal place
[22m[39m[MentionsService] Created mention {
  mentionId: [32m'oQGJyt7MVQHZtS6BwycwV'[39m,
  mentionedUserId: [32m'user-test-002'[39m,
  mentioningUserId: [32m'user-test-001'[39m,
  commentId: [32m'comment-3'[39m
}
[MentionsService] Created mentions for comment {
  commentId: [32m'comment-3'[39m,
  mentionsCreated: [33m1[39m,
  notificationsScheduled: [33m1[39m,
  checklistItemsCreated: [33m0[39m,
  errors: [33m0[39m
}

[90mstdout[2m | src/services/mentions.service.test.ts[2m > [22m[2mMentionsService[2m > [22m[2mgetMentionStats[2m > [22m[2mshould round read rate to 1 decimal place
[22m[39m[MentionsService] Parsed mentions from text {
  text: [32m'@bob.jones task'[39m,
  mentionsCount: [33m1[39m,
  usernames: [ [32m'bob.jones'[39m ]
}

[90mstdout[2m | src/services/mentions.service.test.ts[2m > [22m[2mMentionsService[2m > [22m[2mgetMentionStats[2m > [22m[2mshould round read rate to 1 decimal place
[22m[39m[MentionsService] Validated mentions { totalMentions: [33m1[39m, validMentions: [33m1[39m, invalidMentions: [33m0[39m }

[90mstdout[2m | src/services/mentions.service.test.ts[2m > [22m[2mMentionsService[2m > [22m[2mgetMentionStats[2m > [22m[2mshould round read rate to 1 decimal place
[22m[39m[MentionsService] Created mention {
  mentionId: [32m'AkHdpQCfckbiBJFnAKRPo'[39m,
  mentionedUserId: [32m'user-test-002'[39m,
  mentioningUserId: [32m'user-test-001'[39m,
  commentId: [32m'comment-4'[39m
}
[MentionsService] Created mentions for comment {
  commentId: [32m'comment-4'[39m,
  mentionsCreated: [33m1[39m,
  notificationsScheduled: [33m1[39m,
  checklistItemsCreated: [33m0[39m,
  errors: [33m0[39m
}

[90mstdout[2m | src/services/mentions.service.test.ts[2m > [22m[2mMentionsService[2m > [22m[2mgetMentionStats[2m > [22m[2mshould round read rate to 1 decimal place
[22m[39m[MentionsService] Marked mention as read { mentionId: [32m'oQGJyt7MVQHZtS6BwycwV'[39m }

[90mstdout[2m | src/services/mentions.service.test.ts[2m > [22m[2mMentionsService[2m > [22m[2mgetMentionStats[2m > [22m[2mshould round read rate to 1 decimal place
[22m[39m[MentionsService] Marked mention as read { mentionId: [32m'uc4JMgs_QZGypzzLqUcWv'[39m }

[90mstdout[2m | src/services/mentions.service.test.ts[2m > [22m[2mMentionsService[2m > [22m[2medge cases[2m > [22m[2mshould handle very long comment text with many mentions
[22m[39m[MentionsService] Parsed mentions from text {
  text: [32m'Hey @bob.jones @bob.jones @bob.jones @bob.jones @bob.jones @bob.jones @bob.jones @bob.jones @bob.jones @bob.jones @bob.jones @bob.jones @bob.jones @bob.jones @bob.jones @bob.jones @bob.jones @bob.jones @bob.jones @bob.jones @bob.jones @bob.jones @bob.jones @bob.jones @bob.jones @bob.jones @bob.jones @bob.jones @bob.jones @bob.jones @bob.jones @bob.jones @bob.jones @bob.jones @bob.jones @bob.jones @bob.jones @bob.jones @bob.jones @bob.jones @bob.jones @bob.jones @bob.jones @bob.jones @bob.jones @bob.jones @bob.jones @bob.jones @bob.jones @bob.jones please review'[39m,
  mentionsCount: [33m1[39m,
  usernames: [ [32m'bob.jones'[39m ]
}

[90mstdout[2m | src/services/mentions.service.test.ts[2m > [22m[2mMentionsService[2m > [22m[2medge cases[2m > [22m[2mshould handle very long comment text with many mentions
[22m[39m[MentionsService] Validated mentions { totalMentions: [33m1[39m, validMentions: [33m1[39m, invalidMentions: [33m0[39m }

[90mstdout[2m | src/services/mentions.service.test.ts[2m > [22m[2mMentionsService[2m > [22m[2medge cases[2m > [22m[2mshould handle very long comment text with many mentions
[22m[39m[MentionsService] Created mention {
  mentionId: [32m'PkFW74HaMjTuGpYiyfsSX'[39m,
  mentionedUserId: [32m'user-test-002'[39m,
  mentioningUserId: [32m'user-test-001'[39m,
  commentId: [32m'comment-long'[39m
}
[MentionsService] Created mentions for comment {
  commentId: [32m'comment-long'[39m,
  mentionsCreated: [33m1[39m,
  notificationsScheduled: [33m1[39m,
  checklistItemsCreated: [33m0[39m,
  errors: [33m0[39m
}

[90mstdout[2m | src/services/mentions.service.test.ts[2m > [22m[2mMentionsService[2m > [22m[2medge cases[2m > [22m[2mshould handle unicode in comment text
[22m[39m[MentionsService] Parsed mentions from text {
  text: [32m'🎉 @bob.jones great work! 🚀'[39m,
  mentionsCount: [33m1[39m,
  usernames: [ [32m'bob.jones'[39m ]
}

[90mstdout[2m | src/services/mentions.service.test.ts[2m > [22m[2mMentionsService[2m > [22m[2medge cases[2m > [22m[2mshould handle unicode in comment text
[22m[39m[MentionsService] Validated mentions { totalMentions: [33m1[39m, validMentions: [33m1[39m, invalidMentions: [33m0[39m }

[90mstdout[2m | src/services/mentions.service.test.ts[2m > [22m[2mMentionsService[2m > [22m[2medge cases[2m > [22m[2mshould handle unicode in comment text
[22m[39m[MentionsService] Created mention {
  mentionId: [32m'hp07ywP5GGlsRNI-sx-Xv'[39m,
  mentionedUserId: [32m'user-test-002'[39m,
  mentioningUserId: [32m'user-test-001'[39m,
  commentId: [32m'comment-unicode'[39m
}
[MentionsService] Created mentions for comment {
  commentId: [32m'comment-unicode'[39m,
  mentionsCreated: [33m1[39m,
  notificationsScheduled: [33m1[39m,
  checklistItemsCreated: [33m0[39m,
  errors: [33m0[39m
}

[90mstdout[2m | src/services/mentions.service.test.ts[2m > [22m[2mMentionsService[2m > [22m[2medge cases[2m > [22m[2mshould handle concurrent mention creation
[22m[39m[MentionsService] Parsed mentions from text {
  text: [32m'@bob.jones task'[39m,
  mentionsCount: [33m1[39m,
  usernames: [ [32m'bob.jones'[39m ]
}
[MentionsService] Parsed mentions from text {
  text: [32m'@bob.jones task'[39m,
  mentionsCount: [33m1[39m,
  usernames: [ [32m'bob.jones'[39m ]
}
[MentionsService] Parsed mentions from text {
  text: [32m'@bob.jones task'[39m,
  mentionsCount: [33m1[39m,
  usernames: [ [32m'bob.jones'[39m ]
}
[MentionsService] Parsed mentions from text {
  text: [32m'@bob.jones task'[39m,
  mentionsCount: [33m1[39m,
  usernames: [ [32m'bob.jones'[39m ]
}
[MentionsService] Parsed mentions from text {
  text: [32m'@bob.jones task'[39m,
  mentionsCount: [33m1[39m,
  usernames: [ [32m'bob.jones'[39m ]
}
[MentionsService] Parsed mentions from text {
  text: [32m'@bob.jones task'[39m,
  mentionsCount: [33m1[39m,
  usernames: [ [32m'bob.jones'[39m ]
}
[MentionsService] Parsed mentions from text {
  text: [32m'@bob.jones task'[39m,
  mentionsCount: [33m1[39m,
  usernames: [ [32m'bob.jones'[39m ]
}
[MentionsService] Parsed mentions from text {
  text: [32m'@bob.jones task'[39m,
  mentionsCount: [33m1[39m,
  usernames: [ [32m'bob.jones'[39m ]
}
[MentionsService] Parsed mentions from text {
  text: [32m'@bob.jones task'[39m,
  mentionsCount: [33m1[39m,
  usernames: [ [32m'bob.jones'[39m ]
}
[MentionsService] Parsed mentions from text {
  text: [32m'@bob.jones task'[39m,
  mentionsCount: [33m1[39m,
  usernames: [ [32m'bob.jones'[39m ]
}

[90mstdout[2m | src/services/mentions.service.test.ts[2m > [22m[2mMentionsService[2m > [22m[2medge cases[2m > [22m[2mshould handle concurrent mention creation
[22m[39m[MentionsService] Validated mentions { totalMentions: [33m1[39m, validMentions: [33m1[39m, invalidMentions: [33m0[39m }

[90mstdout[2m | src/services/mentions.service.test.ts[2m > [22m[2mMentionsService[2m > [22m[2medge cases[2m > [22m[2mshould handle concurrent mention creation
[22m[39m[MentionsService] Validated mentions { totalMentions: [33m1[39m, validMentions: [33m1[39m, invalidMentions: [33m0[39m }

[90mstdout[2m | src/services/mentions.service.test.ts[2m > [22m[2mMentionsService[2m > [22m[2medge cases[2m > [22m[2mshould handle concurrent mention creation
[22m[39m[MentionsService] Validated mentions { totalMentions: [33m1[39m, validMentions: [33m1[39m, invalidMentions: [33m0[39m }

[90mstdout[2m | src/services/mentions.service.test.ts[2m > [22m[2mMentionsService[2m > [22m[2medge cases[2m > [22m[2mshould handle concurrent mention creation
[22m[39m[MentionsService] Validated mentions { totalMentions: [33m1[39m, validMentions: [33m1[39m, invalidMentions: [33m0[39m }

[90mstdout[2m | src/services/mentions.service.test.ts[2m > [22m[2mMentionsService[2m > [22m[2medge cases[2m > [22m[2mshould handle concurrent mention creation
[22m[39m[MentionsService] Validated mentions { totalMentions: [33m1[39m, validMentions: [33m1[39m, invalidMentions: [33m0[39m }

[90mstdout[2m | src/services/mentions.service.test.ts[2m > [22m[2mMentionsService[2m > [22m[2medge cases[2m > [22m[2mshould handle concurrent mention creation
[22m[39m[MentionsService] Validated mentions { totalMentions: [33m1[39m, validMentions: [33m1[39m, invalidMentions: [33m0[39m }

[90mstdout[2m | src/services/mentions.service.test.ts[2m > [22m[2mMentionsService[2m > [22m[2medge cases[2m > [22m[2mshould handle concurrent mention creation
[22m[39m[MentionsService] Validated mentions { totalMentions: [33m1[39m, validMentions: [33m1[39m, invalidMentions: [33m0[39m }

[90mstdout[2m | src/services/mentions.service.test.ts[2m > [22m[2mMentionsService[2m > [22m[2medge cases[2m > [22m[2mshould handle concurrent mention creation
[22m[39m[MentionsService] Validated mentions { totalMentions: [33m1[39m, validMentions: [33m1[39m, invalidMentions: [33m0[39m }

[90mstdout[2m | src/services/mentions.service.test.ts[2m > [22m[2mMentionsService[2m > [22m[2medge cases[2m > [22m[2mshould handle concurrent mention creation
[22m[39m[MentionsService] Validated mentions { totalMentions: [33m1[39m, validMentions: [33m1[39m, invalidMentions: [33m0[39m }

[90mstdout[2m | src/services/mentions.service.test.ts[2m > [22m[2mMentionsService[2m > [22m[2medge cases[2m > [22m[2mshould handle concurrent mention creation
[22m[39m[MentionsService] Validated mentions { totalMentions: [33m1[39m, validMentions: [33m1[39m, invalidMentions: [33m0[39m }

[90mstdout[2m | src/services/mentions.service.test.ts[2m > [22m[2mMentionsService[2m > [22m[2medge cases[2m > [22m[2mshould handle concurrent mention creation
[22m[39m[MentionsService] Created mention {
  mentionId: [32m'z4aTkeMVsoTAZymQC546H'[39m,
  mentionedUserId: [32m'user-test-002'[39m,
  mentioningUserId: [32m'user-test-001'[39m,
  commentId: [32m'comment-0'[39m
}
[MentionsService] Created mentions for comment {
  commentId: [32m'comment-0'[39m,
  mentionsCreated: [33m1[39m,
  notificationsScheduled: [33m1[39m,
  checklistItemsCreated: [33m0[39m,
  errors: [33m0[39m
}

[90mstdout[2m | src/services/mentions.service.test.ts[2m > [22m[2mMentionsService[2m > [22m[2medge cases[2m > [22m[2mshould handle concurrent mention creation
[22m[39m[MentionsService] Created mention {
  mentionId: [32m'Z_2RZThVWnqsvzNm9pth1'[39m,
  mentionedUserId: [32m'user-test-002'[39m,
  mentioningUserId: [32m'user-test-001'[39m,
  commentId: [32m'comment-1'[39m
}
[MentionsService] Created mentions for comment {
  commentId: [32m'comment-1'[39m,
  mentionsCreated: [33m1[39m,
  notificationsScheduled: [33m1[39m,
  checklistItemsCreated: [33m0[39m,
  errors: [33m0[39m
}

[90mstdout[2m | src/services/mentions.service.test.ts[2m > [22m[2mMentionsService[2m > [22m[2medge cases[2m > [22m[2mshould handle concurrent mention creation
[22m[39m[MentionsService] Created mention {
  mentionId: [32m'7rx_rQwJa_lqpvEzglysg'[39m,
  mentionedUserId: [32m'user-test-002'[39m,
  mentioningUserId: [32m'user-test-001'[39m,
  commentId: [32m'comment-2'[39m
}
[MentionsService] Created mentions for comment {
  commentId: [32m'comment-2'[39m,
  mentionsCreated: [33m1[39m,
  notificationsScheduled: [33m1[39m,
  checklistItemsCreated: [33m0[39m,
  errors: [33m0[39m
}

[90mstdout[2m | src/services/mentions.service.test.ts[2m > [22m[2mMentionsService[2m > [22m[2medge cases[2m > [22m[2mshould handle concurrent mention creation
[22m[39m[MentionsService] Created mention {
  mentionId: [32m'3qhufHR3e6igCvrK49g4D'[39m,
  mentionedUserId: [32m'user-test-002'[39m,
  mentioningUserId: [32m'user-test-001'[39m,
  commentId: [32m'comment-3'[39m
}
[MentionsService] Created mentions for comment {
  commentId: [32m'comment-3'[39m,
  mentionsCreated: [33m1[39m,
  notificationsScheduled: [33m1[39m,
  checklistItemsCreated: [33m0[39m,
  errors: [33m0[39m
}

[90mstdout[2m | src/services/mentions.service.test.ts[2m > [22m[2mMentionsService[2m > [22m[2medge cases[2m > [22m[2mshould handle concurrent mention creation
[22m[39m[MentionsService] Created mention {
  mentionId: [32m'bp_vgfFk7VRut672kLc-S'[39m,
  mentionedUserId: [32m'user-test-002'[39m,
  mentioningUserId: [32m'user-test-001'[39m,
  commentId: [32m'comment-4'[39m
}
[MentionsService] Created mentions for comment {
  commentId: [32m'comment-4'[39m,
  mentionsCreated: [33m1[39m,
  notificationsScheduled: [33m1[39m,
  checklistItemsCreated: [33m0[39m,
  errors: [33m0[39m
}

[90mstdout[2m | src/services/mentions.service.test.ts[2m > [22m[2mMentionsService[2m > [22m[2medge cases[2m > [22m[2mshould handle concurrent mention creation
[22m[39m[MentionsService] Created mention {
  mentionId: [32m'Qe8IdfuC3i1qZyxpwEwm3'[39m,
  mentionedUserId: [32m'user-test-002'[39m,
  mentioningUserId: [32m'user-test-001'[39m,
  commentId: [32m'comment-5'[39m
}
[MentionsService] Created mentions for comment {
  commentId: [32m'comment-5'[39m,
  mentionsCreated: [33m1[39m,
  notificationsScheduled: [33m1[39m,
  checklistItemsCreated: [33m0[39m,
  errors: [33m0[39m
}

[90mstdout[2m | src/services/mentions.service.test.ts[2m > [22m[2mMentionsService[2m > [22m[2medge cases[2m > [22m[2mshould handle concurrent mention creation
[22m[39m[MentionsService] Created mention {
  mentionId: [32m'nLfOqwG1lVWCxhRZ1x78t'[39m,
  mentionedUserId: [32m'user-test-002'[39m,
  mentioningUserId: [32m'user-test-001'[39m,
  commentId: [32m'comment-6'[39m
}
[MentionsService] Created mentions for comment {
  commentId: [32m'comment-6'[39m,
  mentionsCreated: [33m1[39m,
  notificationsScheduled: [33m1[39m,
  checklistItemsCreated: [33m0[39m,
  errors: [33m0[39m
}

[90mstdout[2m | src/services/mentions.service.test.ts[2m > [22m[2mMentionsService[2m > [22m[2medge cases[2m > [22m[2mshould handle concurrent mention creation
[22m[39m[MentionsService] Created mention {
  mentionId: [32m'F3-cN2JX68uDEJ7zxrJ1M'[39m,
  mentionedUserId: [32m'user-test-002'[39m,
  mentioningUserId: [32m'user-test-001'[39m,
  commentId: [32m'comment-7'[39m
}
[MentionsService] Created mentions for comment {
  commentId: [32m'comment-7'[39m,
  mentionsCreated: [33m1[39m,
  notificationsScheduled: [33m1[39m,
  checklistItemsCreated: [33m0[39m,
  errors: [33m0[39m
}

[90mstdout[2m | src/services/mentions.service.test.ts[2m > [22m[2mMentionsService[2m > [22m[2medge cases[2m > [22m[2mshould handle concurrent mention creation
[22m[39m[MentionsService] Created mention {
  mentionId: [32m'naFK-S0JjwrZFINiMQ-Km'[39m,
  mentionedUserId: [32m'user-test-002'[39m,
  mentioningUserId: [32m'user-test-001'[39m,
  commentId: [32m'comment-8'[39m
}
[MentionsService] Created mentions for comment {
  commentId: [32m'comment-8'[39m,
  mentionsCreated: [33m1[39m,
  notificationsScheduled: [33m1[39m,
  checklistItemsCreated: [33m0[39m,
  errors: [33m0[39m
}

[90mstdout[2m | src/services/mentions.service.test.ts[2m > [22m[2mMentionsService[2m > [22m[2medge cases[2m > [22m[2mshould handle concurrent mention creation
[22m[39m[MentionsService] Created mention {
  mentionId: [32m'zBZe83FVPphzGRoy5tIVG'[39m,
  mentionedUserId: [32m'user-test-002'[39m,
  mentioningUserId: [32m'user-test-001'[39m,
  commentId: [32m'comment-9'[39m
}
[MentionsService] Created mentions for comment {
  commentId: [32m'comment-9'[39m,
  mentionsCreated: [33m1[39m,
  notificationsScheduled: [33m1[39m,
  checklistItemsCreated: [33m0[39m,
  errors: [33m0[39m
}

[90mstdout[2m | src/services/mentions.service.test.ts[2m > [22m[2mMentionsService[2m > [22m[2medge cases[2m > [22m[2mshould handle mention with maximum length username
[22m[39m[MentionsService] Parsed mentions from text {
  text: [32m'@aaaaaaaaaaaaaaaaaaaaaaaaaaaaaaaaaaaaaaaaaaaaaaaaaa test'[39m,
  mentionsCount: [33m1[39m,
  usernames: [ [32m'aaaaaaaaaaaaaaaaaaaaaaaaaaaaaaaaaaaaaaaaaaaaaaaaaa'[39m ]
}

[90mstdout[2m | src/services/mentions.service.test.ts[2m > [22m[2mMentionsService[2m > [22m[2medge cases[2m > [22m[2mshould handle @mentions in code blocks
[22m[39m[MentionsService] Parsed mentions from text {
  text: [32m'Check this code: `@alice` and also @bob.jones'[39m,
  mentionsCount: [33m2[39m,
  usernames: [ [32m'alice'[39m, [32m'bob.jones'[39m ]
}

 [32m✓[39m src/services/mentions.service.test.ts [2m([22m[2m64 tests[22m[2m)[22m[33m 2916[2mms[22m[39m
[90mstdout[2m | src/services/comments.service.test.ts[2m > [22m[2mCommentsService[2m > [22m[2mcreateComment[2m > [22m[2mshould create a basic comment successfully
[22m[39m[CommentsService] Created comment {
  commentId: [32m'1YgraK4UIHb7X2TFIoqJk'[39m,
  commentableType: [32m'TRANSACTION'[39m,
  commentableId: [32m'transaction-test-001'[39m,
  authorUserId: [32m'user-test-001'[39m,
  parentCommentId: [90mundefined[39m
}
[MentionsService] Parsed mentions from text { text: [32m'This is a test comment'[39m, mentionsCount: [33m0[39m, usernames: [] }

[90mstdout[2m | src/services/comments.service.test.ts[2m > [22m[2mCommentsService[2m > [22m[2mcreateComment[2m > [22m[2mshould create a threaded reply comment
[22m[39m[CommentsService] Created comment {
  commentId: [32m'n2gzJpwT_mIK_uoDVKqTW'[39m,
  commentableType: [32m'TRANSACTION'[39m,
  commentableId: [32m'transaction-test-001'[39m,
  authorUserId: [32m'user-test-001'[39m,
  parentCommentId: [90mundefined[39m
}
[MentionsService] Parsed mentions from text { text: [32m'Parent comment'[39m, mentionsCount: [33m0[39m, usernames: [] }

[90mstdout[2m | src/services/comments.service.test.ts[2m > [22m[2mCommentsService[2m > [22m[2mcreateComment[2m > [22m[2mshould create a threaded reply comment
[22m[39m[CommentsService] Created comment {
  commentId: [32m'Ahn3YAQyJdlnDAHlcjIs8'[39m,
  commentableType: [32m'TRANSACTION'[39m,
  commentableId: [32m'transaction-test-001'[39m,
  authorUserId: [32m'user-test-001'[39m,
  parentCommentId: [32m'n2gzJpwT_mIK_uoDVKqTW'[39m
}
[MentionsService] Parsed mentions from text { text: [32m'Reply comment'[39m, mentionsCount: [33m0[39m, usernames: [] }

[90mstdout[2m | src/services/comments.service.test.ts[2m > [22m[2mCommentsService[2m > [22m[2mcreateComment[2m > [22m[2mshould create comment with metadata
[22m[39m[CommentsService] Created comment {
  commentId: [32m'ektHoulhXVeqevOc50jAg'[39m,
  commentableType: [32m'TRANSACTION'[39m,
  commentableId: [32m'transaction-test-001'[39m,
  authorUserId: [32m'user-test-001'[39m,
  parentCommentId: [90mundefined[39m
}
[MentionsService] Parsed mentions from text { text: [32m'Comment with metadata'[39m, mentionsCount: [33m0[39m, usernames: [] }

[90mstdout[2m | src/services/comments.service.test.ts[2m > [22m[2mCommentsService[2m > [22m[2mcreateComment[2m > [22m[2mshould process @mentions in comment
[22m[39m[CommentsService] Created comment {
  commentId: [32m'QjFRc2SXuO79swZNDl3My'[39m,
  commentableType: [32m'TRANSACTION'[39m,
  commentableId: [32m'transaction-test-001'[39m,
  authorUserId: [32m'user-test-001'[39m,
  parentCommentId: [90mundefined[39m
}
[MentionsService] Parsed mentions from text {
  text: [32m'Hey @testuser2, please review this transaction'[39m,
  mentionsCount: [33m1[39m,
  usernames: [ [32m'testuser2'[39m ]
}

[90mstdout[2m | src/services/comments.service.test.ts[2m > [22m[2mCommentsService[2m > [22m[2mcreateComment[2m > [22m[2mshould process @mentions in comment
[22m[39m[MentionsService] Validated mentions { totalMentions: [33m1[39m, validMentions: [33m1[39m, invalidMentions: [33m0[39m }

[90mstdout[2m | src/services/comments.service.test.ts[2m > [22m[2mCommentsService[2m > [22m[2mcreateComment[2m > [22m[2mshould process @mentions in comment
[22m[39m[MentionsService] Created mention {
  mentionId: [32m'Mpru_psH_7zrUj52S7VZv'[39m,
  mentionedUserId: [32m'user-test-002'[39m,
  mentioningUserId: [32m'user-test-001'[39m,
  commentId: [32m'QjFRc2SXuO79swZNDl3My'[39m
}
[MentionsService] Created mentions for comment {
  commentId: [32m'QjFRc2SXuO79swZNDl3My'[39m,
  mentionsCreated: [33m1[39m,
  notificationsScheduled: [33m1[39m,
  checklistItemsCreated: [33m0[39m,
  errors: [33m0[39m
}

[90mstderr[2m | src/services/comments.service.test.ts[2m > [22m[2mCommentsService[2m > [22m[2mcreateComment[2m > [22m[2mshould reject comment with empty content
[22m[39m[CommentsService] Failed to create comment {
  error: Error: Invalid comment: content is required
      at CommentsService.createComment (C:/Users/Admin/graceful_books/src/services/comments.service.ts:120:15)
  [90m    at runNextTicks (node:internal/process/task_queues:64:5)[39m
  [90m    at processImmediate (node:internal/timers:472:9)[39m
      at C:/Users/Admin/graceful_books/src/services/comments.service.test.ts:226:7
      at [90mfile:///C:/Users/Admin/graceful_books/[39mnode_modules/[4m@vitest/runner[24m/dist/index.js:915:20
}

[90mstderr[2m | src/services/comments.service.test.ts[2m > [22m[2mCommentsService[2m > [22m[2mcreateComment[2m > [22m[2mshould reject comment with content exceeding max length
[22m[39m[CommentsService] Failed to create comment {
  error: Error: Invalid comment: content must not exceed 5000 characters
      at CommentsService.createComment (C:/Users/Admin/graceful_books/src/services/comments.service.ts:120:15)
  [90m    at runNextTicks (node:internal/process/task_queues:64:5)[39m
  [90m    at processImmediate (node:internal/timers:472:9)[39m
      at C:/Users/Admin/graceful_books/src/services/comments.service.test.ts:237:7
      at [90mfile:///C:/Users/Admin/graceful_books/[39mnode_modules/[4m@vitest/runner[24m/dist/index.js:915:20
}

[90mstderr[2m | src/services/comments.service.test.ts[2m > [22m[2mCommentsService[2m > [22m[2mcreateComment[2m > [22m[2mshould reject reply to non-existent parent
[22m[39m[CommentsService] Failed to create comment {
  error: Error: Parent comment not found
      at CommentsService.createComment (C:/Users/Admin/graceful_books/src/services/comments.service.ts:127:17)
      at C:/Users/Admin/graceful_books/src/services/comments.service.test.ts:247:7
      at [90mfile:///C:/Users/Admin/graceful_books/[39mnode_modules/[4m@vitest/runner[24m/dist/index.js:915:20
}

[90mstdout[2m | src/services/comments.service.test.ts[2m > [22m[2mCommentsService[2m > [22m[2mcreateComment[2m > [22m[2mshould reject reply to deleted parent comment
[22m[39m[CommentsService] Created comment {
  commentId: [32m'3kDX0a_vhx2VT3edVxjhR'[39m,
  commentableType: [32m'TRANSACTION'[39m,
  commentableId: [32m'transaction-test-001'[39m,
  authorUserId: [32m'user-test-001'[39m,
  parentCommentId: [90mundefined[39m
}
[MentionsService] Parsed mentions from text { text: [32m'Parent comment'[39m, mentionsCount: [33m0[39m, usernames: [] }

[90mstdout[2m | src/services/comments.service.test.ts[2m > [22m[2mCommentsService[2m > [22m[2mcreateComment[2m > [22m[2mshould reject reply to deleted parent comment
[22m[39m[CommentsService] Deleted comment { commentId: [32m'3kDX0a_vhx2VT3edVxjhR'[39m, userId: [32m'user-test-001'[39m }

[90mstderr[2m | src/services/comments.service.test.ts[2m > [22m[2mCommentsService[2m > [22m[2mcreateComment[2m > [22m[2mshould reject reply to deleted parent comment
[22m[39m[CommentsService] Failed to create comment {
  error: Error: Cannot reply to deleted comment
      at CommentsService.createComment (C:/Users/Admin/graceful_books/src/services/comments.service.ts:133:17)
      at C:/Users/Admin/graceful_books/src/services/comments.service.test.ts:267:7
      at [90mfile:///C:/Users/Admin/graceful_books/[39mnode_modules/[4m@vitest/runner[24m/dist/index.js:915:20
}

[90mstderr[2m | src/services/comments.service.test.ts[2m > [22m[2mCommentsService[2m > [22m[2mcreateComment[2m > [22m[2mshould reject comment from user without permission
[22m[39m[CommentsService] Permission check failed {
  error: Error: User is not a member of this company
      at CommentsService.checkPermissions (C:/Users/Admin/graceful_books/src/services/comments.service.ts:535:15)
  [90m    at runNextTicks (node:internal/process/task_queues:64:5)[39m
  [90m    at processImmediate (node:internal/timers:472:9)[39m
      at CommentsService.createComment (C:/Users/Admin/graceful_books/src/services/comments.service.ts:98:7)
      at C:/Users/Admin/graceful_books/src/services/comments.service.test.ts:285:7
      at [90mfile:///C:/Users/Admin/graceful_books/[39mnode_modules/[4m@vitest/runner[24m/dist/index.js:915:20,
  commentableType: [32m'TRANSACTION'[39m,
  action: [32m'create'[39m
}

[90mstderr[2m | src/services/comments.service.test.ts[2m > [22m[2mCommentsService[2m > [22m[2mcreateComment[2m > [22m[2mshould reject comment from user without permission
[22m[39m[CommentsService] Failed to create comment {
  error: Error: User is not a member of this company
      at CommentsService.checkPermissions (C:/Users/Admin/graceful_books/src/services/comments.service.ts:535:15)
  [90m    at runNextTicks (node:internal/process/task_queues:64:5)[39m
  [90m    at processImmediate (node:internal/timers:472:9)[39m
      at CommentsService.createComment (C:/Users/Admin/graceful_books/src/services/comments.service.ts:98:7)
      at C:/Users/Admin/graceful_books/src/services/comments.service.test.ts:285:7
      at [90mfile:///C:/Users/Admin/graceful_books/[39mnode_modules/[4m@vitest/runner[24m/dist/index.js:915:20
}

[90mstdout[2m | src/services/comments.service.test.ts[2m > [22m[2mCommentsService[2m > [22m[2mgetComments[2m > [22m[2mshould retrieve all comments for entity
[22m[39m[CommentsService] Created comment {
  commentId: [32m'kAzjlC91NbjJ3138n6Hoj'[39m,
  commentableType: [32m'TRANSACTION'[39m,
  commentableId: [32m'transaction-test-001'[39m,
  authorUserId: [32m'user-test-001'[39m,
  parentCommentId: [90mundefined[39m
}
[MentionsService] Parsed mentions from text { text: [32m'First comment'[39m, mentionsCount: [33m0[39m, usernames: [] }

[90mstdout[2m | src/services/comments.service.test.ts[2m > [22m[2mCommentsService[2m > [22m[2mgetComments[2m > [22m[2mshould retrieve all comments for entity
[22m[39m[CommentsService] Created comment {
  commentId: [32m'gDkjN-NHDf4q4s2rdTkTz'[39m,
  commentableType: [32m'TRANSACTION'[39m,
  commentableId: [32m'transaction-test-001'[39m,
  authorUserId: [32m'user-test-001'[39m,
  parentCommentId: [90mundefined[39m
}
[MentionsService] Parsed mentions from text { text: [32m'Second comment'[39m, mentionsCount: [33m0[39m, usernames: [] }

[90mstdout[2m | src/services/comments.service.test.ts[2m > [22m[2mCommentsService[2m > [22m[2mgetComments[2m > [22m[2mshould filter top-level comments only
[22m[39m[CommentsService] Created comment {
  commentId: [32m'msvkSNdWC1ISUle8dGfGz'[39m,
  commentableType: [32m'TRANSACTION'[39m,
  commentableId: [32m'transaction-test-001'[39m,
  authorUserId: [32m'user-test-001'[39m,
  parentCommentId: [90mundefined[39m
}
[MentionsService] Parsed mentions from text { text: [32m'First comment'[39m, mentionsCount: [33m0[39m, usernames: [] }

[90mstdout[2m | src/services/comments.service.test.ts[2m > [22m[2mCommentsService[2m > [22m[2mgetComments[2m > [22m[2mshould filter top-level comments only
[22m[39m[CommentsService] Created comment {
  commentId: [32m'WF6PIasETHkC0WSMkZuvE'[39m,
  commentableType: [32m'TRANSACTION'[39m,
  commentableId: [32m'transaction-test-001'[39m,
  authorUserId: [32m'user-test-001'[39m,
  parentCommentId: [90mundefined[39m
}
[MentionsService] Parsed mentions from text { text: [32m'Second comment'[39m, mentionsCount: [33m0[39m, usernames: [] }

[90mstdout[2m | src/services/comments.service.test.ts[2m > [22m[2mCommentsService[2m > [22m[2mgetComments[2m > [22m[2mshould filter top-level comments only
[22m[39m[CommentsService] Created comment {
  commentId: [32m'ILyQUJ0SFkv3XiCES5js3'[39m,
  commentableType: [32m'TRANSACTION'[39m,
  commentableId: [32m'transaction-test-001'[39m,
  authorUserId: [32m'user-test-001'[39m,
  parentCommentId: [90mundefined[39m
}
[MentionsService] Parsed mentions from text { text: [32m'Parent'[39m, mentionsCount: [33m0[39m, usernames: [] }

[90mstdout[2m | src/services/comments.service.test.ts[2m > [22m[2mCommentsService[2m > [22m[2mgetComments[2m > [22m[2mshould filter top-level comments only
[22m[39m[CommentsService] Created comment {
  commentId: [32m'7buJqhoGO1rJyLG40Fdxe'[39m,
  commentableType: [32m'TRANSACTION'[39m,
  commentableId: [32m'transaction-test-001'[39m,
  authorUserId: [32m'user-test-001'[39m,
  parentCommentId: [32m'ILyQUJ0SFkv3XiCES5js3'[39m
}
[MentionsService] Parsed mentions from text { text: [32m'Reply'[39m, mentionsCount: [33m0[39m, usernames: [] }

[90mstdout[2m | src/services/comments.service.test.ts[2m > [22m[2mCommentsService[2m > [22m[2mgetComments[2m > [22m[2mshould exclude deleted comments by default
[22m[39m[CommentsService] Created comment {
  commentId: [32m'y4CEOr-lrF-kDmE517280'[39m,
  commentableType: [32m'TRANSACTION'[39m,
  commentableId: [32m'transaction-test-001'[39m,
  authorUserId: [32m'user-test-001'[39m,
  parentCommentId: [90mundefined[39m
}
[MentionsService] Parsed mentions from text { text: [32m'First comment'[39m, mentionsCount: [33m0[39m, usernames: [] }

[90mstdout[2m | src/services/comments.service.test.ts[2m > [22m[2mCommentsService[2m > [22m[2mgetComments[2m > [22m[2mshould exclude deleted comments by default
[22m[39m[CommentsService] Created comment {
  commentId: [32m'_B9V-FbC7NYx4yQZbll4p'[39m,
  commentableType: [32m'TRANSACTION'[39m,
  commentableId: [32m'transaction-test-001'[39m,
  authorUserId: [32m'user-test-001'[39m,
  parentCommentId: [90mundefined[39m
}
[MentionsService] Parsed mentions from text { text: [32m'Second comment'[39m, mentionsCount: [33m0[39m, usernames: [] }

[90mstdout[2m | src/services/comments.service.test.ts[2m > [22m[2mCommentsService[2m > [22m[2mgetComments[2m > [22m[2mshould exclude deleted comments by default
[22m[39m[CommentsService] Created comment {
  commentId: [32m'mA0vwGU4CTON4k7tYsVdT'[39m,
  commentableType: [32m'TRANSACTION'[39m,
  commentableId: [32m'transaction-test-001'[39m,
  authorUserId: [32m'user-test-001'[39m,
  parentCommentId: [90mundefined[39m
}
[MentionsService] Parsed mentions from text { text: [32m'To be deleted'[39m, mentionsCount: [33m0[39m, usernames: [] }

[90mstdout[2m | src/services/comments.service.test.ts[2m > [22m[2mCommentsService[2m > [22m[2mgetComments[2m > [22m[2mshould exclude deleted comments by default
[22m[39m[CommentsService] Deleted comment { commentId: [32m'mA0vwGU4CTON4k7tYsVdT'[39m, userId: [32m'user-test-001'[39m }

[90mstdout[2m | src/services/comments.service.test.ts[2m > [22m[2mCommentsService[2m > [22m[2mgetComments[2m > [22m[2mshould include deleted comments when requested
[22m[39m[CommentsService] Created comment {
  commentId: [32m'XNW03zkQ8qEbrAKS2GqCv'[39m,
  commentableType: [32m'TRANSACTION'[39m,
  commentableId: [32m'transaction-test-001'[39m,
  authorUserId: [32m'user-test-001'[39m,
  parentCommentId: [90mundefined[39m
}
[MentionsService] Parsed mentions from text { text: [32m'First comment'[39m, mentionsCount: [33m0[39m, usernames: [] }

[90mstdout[2m | src/services/comments.service.test.ts[2m > [22m[2mCommentsService[2m > [22m[2mgetComments[2m > [22m[2mshould include deleted comments when requested
[22m[39m[CommentsService] Created comment {
  commentId: [32m'-5f8JrCZ0oYuXXwnqpnAs'[39m,
  commentableType: [32m'TRANSACTION'[39m,
  commentableId: [32m'transaction-test-001'[39m,
  authorUserId: [32m'user-test-001'[39m,
  parentCommentId: [90mundefined[39m
}
[MentionsService] Parsed mentions from text { text: [32m'Second comment'[39m, mentionsCount: [33m0[39m, usernames: [] }

[90mstdout[2m | src/services/comments.service.test.ts[2m > [22m[2mCommentsService[2m > [22m[2mgetComments[2m > [22m[2mshould include deleted comments when requested
[22m[39m[CommentsService] Created comment {
  commentId: [32m'bgg7XSh7QDT6ZtjRrn3-Y'[39m,
  commentableType: [32m'TRANSACTION'[39m,
  commentableId: [32m'transaction-test-001'[39m,
  authorUserId: [32m'user-test-001'[39m,
  parentCommentId: [90mundefined[39m
}
[MentionsService] Parsed mentions from text { text: [32m'To be deleted'[39m, mentionsCount: [33m0[39m, usernames: [] }

[90mstdout[2m | src/services/comments.service.test.ts[2m > [22m[2mCommentsService[2m > [22m[2mgetComments[2m > [22m[2mshould include deleted comments when requested
[22m[39m[CommentsService] Deleted comment { commentId: [32m'bgg7XSh7QDT6ZtjRrn3-Y'[39m, userId: [32m'user-test-001'[39m }

[90mstdout[2m | src/services/comments.service.test.ts[2m > [22m[2mCommentsService[2m > [22m[2mgetComments[2m > [22m[2mshould return empty array for entity with no comments
[22m[39m[CommentsService] Created comment {
  commentId: [32m'icoth6e09scL792iMY-Zy'[39m,
  commentableType: [32m'TRANSACTION'[39m,
  commentableId: [32m'transaction-test-001'[39m,
  authorUserId: [32m'user-test-001'[39m,
  parentCommentId: [90mundefined[39m
}
[MentionsService] Parsed mentions from text { text: [32m'First comment'[39m, mentionsCount: [33m0[39m, usernames: [] }

[90mstdout[2m | src/services/comments.service.test.ts[2m > [22m[2mCommentsService[2m > [22m[2mgetComments[2m > [22m[2mshould return empty array for entity with no comments
[22m[39m[CommentsService] Created comment {
  commentId: [32m'6odI2SrdQ-pUMO-rgPH_Z'[39m,
  commentableType: [32m'TRANSACTION'[39m,
  commentableId: [32m'transaction-test-001'[39m,
  authorUserId: [32m'user-test-001'[39m,
  parentCommentId: [90mundefined[39m
}
[MentionsService] Parsed mentions from text { text: [32m'Second comment'[39m, mentionsCount: [33m0[39m, usernames: [] }

[90mstdout[2m | src/services/comments.service.test.ts[2m > [22m[2mCommentsService[2m > [22m[2mgetComment[2m > [22m[2mshould retrieve single comment by ID
[22m[39m[CommentsService] Created comment {
  commentId: [32m'aq-AhruhK6BYWqUa6s_jh'[39m,
  commentableType: [32m'TRANSACTION'[39m,
  commentableId: [32m'transaction-test-001'[39m,
  authorUserId: [32m'user-test-001'[39m,
  parentCommentId: [90mundefined[39m
}
[MentionsService] Parsed mentions from text { text: [32m'Test comment'[39m, mentionsCount: [33m0[39m, usernames: [] }

[90mstdout[2m | src/services/comments.service.test.ts[2m > [22m[2mCommentsService[2m > [22m[2mgetComment[2m > [22m[2mshould reject comment from different company
[22m[39m[CommentsService] Created comment {
  commentId: [32m'Y8n-TVrDiK20boNETZ6_Y'[39m,
  commentableType: [32m'TRANSACTION'[39m,
  commentableId: [32m'transaction-test-001'[39m,
  authorUserId: [32m'user-test-001'[39m,
  parentCommentId: [90mundefined[39m
}
[MentionsService] Parsed mentions from text { text: [32m'Test comment'[39m, mentionsCount: [33m0[39m, usernames: [] }

[90mstderr[2m | src/services/comments.service.test.ts[2m > [22m[2mCommentsService[2m > [22m[2mgetComment[2m > [22m[2mshould reject comment from different company
[22m[39m[CommentsService] Failed to get comment {
  error: Error: Comment does not belong to this company
      at CommentsService.getComment (C:/Users/Admin/graceful_books/src/services/comments.service.ts:232:15)
  [90m    at runNextTicks (node:internal/process/task_queues:64:5)[39m
  [90m    at processImmediate (node:internal/timers:472:9)[39m
      at C:/Users/Admin/graceful_books/src/services/comments.service.test.ts:438:7
      at [90mfile:///C:/Users/Admin/graceful_books/[39mnode_modules/[4m@vitest/runner[24m/dist/index.js:915:20,
  commentId: [32m'Y8n-TVrDiK20boNETZ6_Y'[39m
}

[90mstdout[2m | src/services/comments.service.test.ts[2m > [22m[2mCommentsService[2m > [22m[2mbuildCommentThread[2m > [22m[2mshould build simple thread with one level of replies
[22m[39m[CommentsService] Created comment {
  commentId: [32m'pSg5utqrDBIiUyg-dorlH'[39m,
  commentableType: [32m'TRANSACTION'[39m,
  commentableId: [32m'transaction-test-001'[39m,
  authorUserId: [32m'user-test-001'[39m,
  parentCommentId: [90mundefined[39m
}
[MentionsService] Parsed mentions from text { text: [32m'Parent'[39m, mentionsCount: [33m0[39m, usernames: [] }

[90mstdout[2m | src/services/comments.service.test.ts[2m > [22m[2mCommentsService[2m > [22m[2mbuildCommentThread[2m > [22m[2mshould build simple thread with one level of replies
[22m[39m[CommentsService] Created comment {
  commentId: [32m'OhDTvBjXm18U81RzMMFDm'[39m,
  commentableType: [32m'TRANSACTION'[39m,
  commentableId: [32m'transaction-test-001'[39m,
  authorUserId: [32m'user-test-001'[39m,
  parentCommentId: [32m'pSg5utqrDBIiUyg-dorlH'[39m
}
[MentionsService] Parsed mentions from text { text: [32m'Reply 1'[39m, mentionsCount: [33m0[39m, usernames: [] }

[90mstdout[2m | src/services/comments.service.test.ts[2m > [22m[2mCommentsService[2m > [22m[2mbuildCommentThread[2m > [22m[2mshould build simple thread with one level of replies
[22m[39m[CommentsService] Created comment {
  commentId: [32m'FWa1WteLa5Q9mUk0_jXgo'[39m,
  commentableType: [32m'TRANSACTION'[39m,
  commentableId: [32m'transaction-test-001'[39m,
  authorUserId: [32m'user-test-001'[39m,
  parentCommentId: [32m'pSg5utqrDBIiUyg-dorlH'[39m
}
[MentionsService] Parsed mentions from text { text: [32m'Reply 2'[39m, mentionsCount: [33m0[39m, usernames: [] }

[90mstdout[2m | src/services/comments.service.test.ts[2m > [22m[2mCommentsService[2m > [22m[2mbuildCommentThread[2m > [22m[2mshould build simple thread with one level of replies
[22m[39m[CommentsService] Built comment thread {
  commentableType: [32m'TRANSACTION'[39m,
  commentableId: [32m'transaction-test-001'[39m,
  totalComments: [33m3[39m,
  topLevelComments: [33m1[39m,
  threads: [33m1[39m
}

[90mstdout[2m | src/services/comments.service.test.ts[2m > [22m[2mCommentsService[2m > [22m[2mbuildCommentThread[2m > [22m[2mshould build nested thread with multiple levels
[22m[39m[CommentsService] Created comment {
  commentId: [32m'gDHuRd1JDKaRL9gGAelJA'[39m,
  commentableType: [32m'TRANSACTION'[39m,
  commentableId: [32m'transaction-test-001'[39m,
  authorUserId: [32m'user-test-001'[39m,
  parentCommentId: [90mundefined[39m
}
[MentionsService] Parsed mentions from text { text: [32m'Level 0'[39m, mentionsCount: [33m0[39m, usernames: [] }

[90mstdout[2m | src/services/comments.service.test.ts[2m > [22m[2mCommentsService[2m > [22m[2mbuildCommentThread[2m > [22m[2mshould build nested thread with multiple levels
[22m[39m[CommentsService] Created comment {
  commentId: [32m'v4l_0sciWDWRkDZbGwBRX'[39m,
  commentableType: [32m'TRANSACTION'[39m,
  commentableId: [32m'transaction-test-001'[39m,
  authorUserId: [32m'user-test-001'[39m,
  parentCommentId: [32m'gDHuRd1JDKaRL9gGAelJA'[39m
}
[MentionsService] Parsed mentions from text { text: [32m'Level 1'[39m, mentionsCount: [33m0[39m, usernames: [] }

[90mstdout[2m | src/services/comments.service.test.ts[2m > [22m[2mCommentsService[2m > [22m[2mbuildCommentThread[2m > [22m[2mshould build nested thread with multiple levels
[22m[39m[CommentsService] Created comment {
  commentId: [32m'LBDKaubv-G581KnLkkmNY'[39m,
  commentableType: [32m'TRANSACTION'[39m,
  commentableId: [32m'transaction-test-001'[39m,
  authorUserId: [32m'user-test-001'[39m,
  parentCommentId: [32m'v4l_0sciWDWRkDZbGwBRX'[39m
}
[MentionsService] Parsed mentions from text { text: [32m'Level 2'[39m, mentionsCount: [33m0[39m, usernames: [] }

[90mstdout[2m | src/services/comments.service.test.ts[2m > [22m[2mCommentsService[2m > [22m[2mbuildCommentThread[2m > [22m[2mshould build nested thread with multiple levels
[22m[39m[CommentsService] Built comment thread {
  commentableType: [32m'TRANSACTION'[39m,
  commentableId: [32m'transaction-test-001'[39m,
  totalComments: [33m3[39m,
  topLevelComments: [33m1[39m,
  threads: [33m1[39m
}

[90mstdout[2m | src/services/comments.service.test.ts[2m > [22m[2mCommentsService[2m > [22m[2mbuildCommentThread[2m > [22m[2mshould respect maxDepth parameter
[22m[39m[CommentsService] Created comment {
  commentId: [32m'S7-sEexHlRrxRKhQYfJyQ'[39m,
  commentableType: [32m'TRANSACTION'[39m,
  commentableId: [32m'transaction-test-001'[39m,
  authorUserId: [32m'user-test-001'[39m,
  parentCommentId: [1mnull[22m
}
[MentionsService] Parsed mentions from text { text: [32m'Level 0'[39m, mentionsCount: [33m0[39m, usernames: [] }

[90mstdout[2m | src/services/comments.service.test.ts[2m > [22m[2mCommentsService[2m > [22m[2mbuildCommentThread[2m > [22m[2mshould respect maxDepth parameter
[22m[39m[CommentsService] Created comment {
  commentId: [32m'y8bivltTebU_-wBKSYCJe'[39m,
  commentableType: [32m'TRANSACTION'[39m,
  commentableId: [32m'transaction-test-001'[39m,
  authorUserId: [32m'user-test-001'[39m,
  parentCommentId: [32m'S7-sEexHlRrxRKhQYfJyQ'[39m
}
[MentionsService] Parsed mentions from text { text: [32m'Level 1'[39m, mentionsCount: [33m0[39m, usernames: [] }

[90mstdout[2m | src/services/comments.service.test.ts[2m > [22m[2mCommentsService[2m > [22m[2mbuildCommentThread[2m > [22m[2mshould respect maxDepth parameter
[22m[39m[CommentsService] Created comment {
  commentId: [32m'XjUY-ocdzY4Otk9PDtTNE'[39m,
  commentableType: [32m'TRANSACTION'[39m,
  commentableId: [32m'transaction-test-001'[39m,
  authorUserId: [32m'user-test-001'[39m,
  parentCommentId: [32m'y8bivltTebU_-wBKSYCJe'[39m
}
[MentionsService] Parsed mentions from text { text: [32m'Level 2'[39m, mentionsCount: [33m0[39m, usernames: [] }

[90mstdout[2m | src/services/comments.service.test.ts[2m > [22m[2mCommentsService[2m > [22m[2mbuildCommentThread[2m > [22m[2mshould respect maxDepth parameter
[22m[39m[CommentsService] Created comment {
  commentId: [32m'CWIPeqd8oJOq56mkDjl4S'[39m,
  commentableType: [32m'TRANSACTION'[39m,
  commentableId: [32m'transaction-test-001'[39m,
  authorUserId: [32m'user-test-001'[39m,
  parentCommentId: [32m'XjUY-ocdzY4Otk9PDtTNE'[39m
}
[MentionsService] Parsed mentions from text { text: [32m'Level 3'[39m, mentionsCount: [33m0[39m, usernames: [] }

[90mstdout[2m | src/services/comments.service.test.ts[2m > [22m[2mCommentsService[2m > [22m[2mbuildCommentThread[2m > [22m[2mshould respect maxDepth parameter
[22m[39m[CommentsService] Created comment {
  commentId: [32m'C4CujxQwagbjeCzRELPkJ'[39m,
  commentableType: [32m'TRANSACTION'[39m,
  commentableId: [32m'transaction-test-001'[39m,
  authorUserId: [32m'user-test-001'[39m,
  parentCommentId: [32m'CWIPeqd8oJOq56mkDjl4S'[39m
}
[MentionsService] Parsed mentions from text { text: [32m'Level 4'[39m, mentionsCount: [33m0[39m, usernames: [] }

[90mstdout[2m | src/services/comments.service.test.ts[2m > [22m[2mCommentsService[2m > [22m[2mbuildCommentThread[2m > [22m[2mshould respect maxDepth parameter
[22m[39m[CommentsService] Created comment {
  commentId: [32m'f17_RztkQsr40nTpB0LmJ'[39m,
  commentableType: [32m'TRANSACTION'[39m,
  commentableId: [32m'transaction-test-001'[39m,
  authorUserId: [32m'user-test-001'[39m,
  parentCommentId: [32m'C4CujxQwagbjeCzRELPkJ'[39m
}
[MentionsService] Parsed mentions from text { text: [32m'Level 5'[39m, mentionsCount: [33m0[39m, usernames: [] }

[90mstdout[2m | src/services/comments.service.test.ts[2m > [22m[2mCommentsService[2m > [22m[2mbuildCommentThread[2m > [22m[2mshould respect maxDepth parameter
[22m[39m[CommentsService] Built comment thread {
  commentableType: [32m'TRANSACTION'[39m,
  commentableId: [32m'transaction-test-001'[39m,
  totalComments: [33m6[39m,
  topLevelComments: [33m1[39m,
  threads: [33m1[39m
}

[90mstdout[2m | src/services/comments.service.test.ts[2m > [22m[2mCommentsService[2m > [22m[2mbuildCommentThread[2m > [22m[2mshould handle multiple top-level threads
[22m[39m[CommentsService] Created comment {
  commentId: [32m'RVLOLVEEpuqqZZAG4FFB3'[39m,
  commentableType: [32m'TRANSACTION'[39m,
  commentableId: [32m'transaction-test-001'[39m,
  authorUserId: [32m'user-test-001'[39m,
  parentCommentId: [90mundefined[39m
}
[MentionsService] Parsed mentions from text { text: [32m'Thread 1'[39m, mentionsCount: [33m0[39m, usernames: [] }

[90mstdout[2m | src/services/comments.service.test.ts[2m > [22m[2mCommentsService[2m > [22m[2mbuildCommentThread[2m > [22m[2mshould handle multiple top-level threads
[22m[39m[CommentsService] Created comment {
  commentId: [32m'sUmZRn5DnXd_ezKlUKWgn'[39m,
  commentableType: [32m'TRANSACTION'[39m,
  commentableId: [32m'transaction-test-001'[39m,
  authorUserId: [32m'user-test-001'[39m,
  parentCommentId: [90mundefined[39m
}
[MentionsService] Parsed mentions from text { text: [32m'Thread 2'[39m, mentionsCount: [33m0[39m, usernames: [] }

[90mstdout[2m | src/services/comments.service.test.ts[2m > [22m[2mCommentsService[2m > [22m[2mbuildCommentThread[2m > [22m[2mshould handle multiple top-level threads
[22m[39m[CommentsService] Created comment {
  commentId: [32m'NSas25kfamaESJZb-yRr1'[39m,
  commentableType: [32m'TRANSACTION'[39m,
  commentableId: [32m'transaction-test-001'[39m,
  authorUserId: [32m'user-test-001'[39m,
  parentCommentId: [90mundefined[39m
}
[MentionsService] Parsed mentions from text { text: [32m'Thread 3'[39m, mentionsCount: [33m0[39m, usernames: [] }

[90mstdout[2m | src/services/comments.service.test.ts[2m > [22m[2mCommentsService[2m > [22m[2mbuildCommentThread[2m > [22m[2mshould handle multiple top-level threads
[22m[39m[CommentsService] Built comment thread {
  commentableType: [32m'TRANSACTION'[39m,
  commentableId: [32m'transaction-test-001'[39m,
  totalComments: [33m3[39m,
  topLevelComments: [33m3[39m,
  threads: [33m3[39m
}

[90mstdout[2m | src/services/comments.service.test.ts[2m > [22m[2mCommentsService[2m > [22m[2mupdateComment[2m > [22m[2mshould update comment content successfully
[22m[39m[CommentsService] Created comment {
  commentId: [32m'sGR3gAS-LfOD1b2gD5fls'[39m,
  commentableType: [32m'TRANSACTION'[39m,
  commentableId: [32m'transaction-test-001'[39m,
  authorUserId: [32m'user-test-001'[39m,
  parentCommentId: [90mundefined[39m
}
[MentionsService] Parsed mentions from text { text: [32m'Original content'[39m, mentionsCount: [33m0[39m, usernames: [] }

[90mstdout[2m | src/services/comments.service.test.ts[2m > [22m[2mCommentsService[2m > [22m[2mupdateComment[2m > [22m[2mshould update comment content successfully
[22m[39m[MentionsService] Parsed mentions from text { text: [32m'Updated content'[39m, mentionsCount: [33m0[39m, usernames: [] }

[90mstdout[2m | src/services/comments.service.test.ts[2m > [22m[2mCommentsService[2m > [22m[2mupdateComment[2m > [22m[2mshould update comment content successfully
[22m[39m[CommentsService] Updated comment {
  commentId: [32m'sGR3gAS-LfOD1b2gD5fls'[39m,
  userId: [32m'user-test-001'[39m,
  contentChanged: [33mtrue[39m
}

[90mstdout[2m | src/services/comments.service.test.ts[2m > [22m[2mCommentsService[2m > [22m[2mupdateComment[2m > [22m[2mshould update comment metadata
[22m[39m[CommentsService] Created comment {
  commentId: [32m'4ldkA3sSJ1dSRhKDOos1n'[39m,
  commentableType: [32m'TRANSACTION'[39m,
  commentableId: [32m'transaction-test-001'[39m,
  authorUserId: [32m'user-test-001'[39m,
  parentCommentId: [90mundefined[39m
}
[MentionsService] Parsed mentions from text { text: [32m'Test comment'[39m, mentionsCount: [33m0[39m, usernames: [] }

[90mstdout[2m | src/services/comments.service.test.ts[2m > [22m[2mCommentsService[2m > [22m[2mupdateComment[2m > [22m[2mshould update comment metadata
[22m[39m[CommentsService] Updated comment {
  commentId: [32m'4ldkA3sSJ1dSRhKDOos1n'[39m,
  userId: [32m'user-test-001'[39m,
  contentChanged: [33mfalse[39m
}

[90mstdout[2m | src/services/comments.service.test.ts[2m > [22m[2mCommentsService[2m > [22m[2mupdateComment[2m > [22m[2mshould reprocess mentions when content changes
[22m[39m[CommentsService] Created comment {
  commentId: [32m'_34ATRjIQXYcclgGo6D4d'[39m,
  commentableType: [32m'TRANSACTION'[39m,
  commentableId: [32m'transaction-test-001'[39m,
  authorUserId: [32m'user-test-001'[39m,
  parentCommentId: [90mundefined[39m
}
[MentionsService] Parsed mentions from text { text: [32m'Original comment'[39m, mentionsCount: [33m0[39m, usernames: [] }

[90mstdout[2m | src/services/comments.service.test.ts[2m > [22m[2mCommentsService[2m > [22m[2mupdateComment[2m > [22m[2mshould reprocess mentions when content changes
[22m[39m[MentionsService] Parsed mentions from text {
  text: [32m'Hey @testuser2, check this out'[39m,
  mentionsCount: [33m1[39m,
  usernames: [ [32m'testuser2'[39m ]
}

[90mstdout[2m | src/services/comments.service.test.ts[2m > [22m[2mCommentsService[2m > [22m[2mupdateComment[2m > [22m[2mshould reprocess mentions when content changes
[22m[39m[MentionsService] Validated mentions { totalMentions: [33m1[39m, validMentions: [33m1[39m, invalidMentions: [33m0[39m }

[90mstdout[2m | src/services/comments.service.test.ts[2m > [22m[2mCommentsService[2m > [22m[2mupdateComment[2m > [22m[2mshould reprocess mentions when content changes
[22m[39m[MentionsService] Created mention {
  mentionId: [32m'qxRWijth5faT0ZkGULqEb'[39m,
  mentionedUserId: [32m'user-test-002'[39m,
  mentioningUserId: [32m'user-test-001'[39m,
  commentId: [32m'_34ATRjIQXYcclgGo6D4d'[39m
}
[MentionsService] Created mentions for comment {
  commentId: [32m'_34ATRjIQXYcclgGo6D4d'[39m,
  mentionsCreated: [33m1[39m,
  notificationsScheduled: [33m1[39m,
  checklistItemsCreated: [33m0[39m,
  errors: [33m0[39m
}

[90mstdout[2m | src/services/comments.service.test.ts[2m > [22m[2mCommentsService[2m > [22m[2mupdateComment[2m > [22m[2mshould reprocess mentions when content changes
[22m[39m[CommentsService] Updated comment {
  commentId: [32m'_34ATRjIQXYcclgGo6D4d'[39m,
  userId: [32m'user-test-001'[39m,
  contentChanged: [33mtrue[39m
}

[90mstdout[2m | src/services/comments.service.test.ts[2m > [22m[2mCommentsService[2m > [22m[2mupdateComment[2m > [22m[2mshould reject update after 15 minute window
[22m[39m[CommentsService] Created comment {
  commentId: [32m'LOHf_Ml9fKfkTtHGv5EPU'[39m,
  commentableType: [32m'TRANSACTION'[39m,
  commentableId: [32m'transaction-test-001'[39m,
  authorUserId: [32m'user-test-001'[39m,
  parentCommentId: [90mundefined[39m
}
[MentionsService] Parsed mentions from text { text: [32m'Old comment'[39m, mentionsCount: [33m0[39m, usernames: [] }

[90mstderr[2m | src/services/comments.service.test.ts[2m > [22m[2mCommentsService[2m > [22m[2mupdateComment[2m > [22m[2mshould reject update after 15 minute window
[22m[39m[CommentsService] Failed to update comment {
  error: Error: Cannot edit this comment (must be author and within 15 minute window)
      at CommentsService.updateComment (C:/Users/Admin/graceful_books/src/services/comments.service.ts:335:15)
  [90m    at runNextTicks (node:internal/process/task_queues:64:5)[39m
  [90m    at processImmediate (node:internal/timers:472:9)[39m
      at C:/Users/Admin/graceful_books/src/services/comments.service.test.ts:638:7
      at [90mfile:///C:/Users/Admin/graceful_books/[39mnode_modules/[4m@vitest/runner[24m/dist/index.js:915:20,
  commentId: [32m'LOHf_Ml9fKfkTtHGv5EPU'[39m
}

[90mstdout[2m | src/services/comments.service.test.ts[2m > [22m[2mCommentsService[2m > [22m[2mupdateComment[2m > [22m[2mshould reject update by non-author
[22m[39m[CommentsService] Created comment {
  commentId: [32m'WMBYjxtyg9e_zOLLq8s2c'[39m,
  commentableType: [32m'TRANSACTION'[39m,
  commentableId: [32m'transaction-test-001'[39m,
  authorUserId: [32m'user-test-001'[39m,
  parentCommentId: [90mundefined[39m
}
[MentionsService] Parsed mentions from text { text: [32m'User 1 comment'[39m, mentionsCount: [33m0[39m, usernames: [] }

[90mstderr[2m | src/services/comments.service.test.ts[2m > [22m[2mCommentsService[2m > [22m[2mupdateComment[2m > [22m[2mshould reject update by non-author
[22m[39m[CommentsService] Failed to update comment {
  error: Error: Cannot edit this comment (must be author and within 15 minute window)
      at CommentsService.updateComment (C:/Users/Admin/graceful_books/src/services/comments.service.ts:335:15)
  [90m    at runNextTicks (node:internal/process/task_queues:64:5)[39m
  [90m    at processImmediate (node:internal/timers:472:9)[39m
      at C:/Users/Admin/graceful_books/src/services/comments.service.test.ts:659:7
      at [90mfile:///C:/Users/Admin/graceful_books/[39mnode_modules/[4m@vitest/runner[24m/dist/index.js:915:20,
  commentId: [32m'WMBYjxtyg9e_zOLLq8s2c'[39m
}

[90mstderr[2m | src/services/comments.service.test.ts[2m > [22m[2mCommentsService[2m > [22m[2mupdateComment[2m > [22m[2mshould reject update of non-existent comment
[22m[39m[CommentsService] Failed to update comment {
  error: Error: Comment not found
      at CommentsService.updateComment (C:/Users/Admin/graceful_books/src/services/comments.service.ts:326:15)
  [90m    at runNextTicks (node:internal/process/task_queues:64:5)[39m
  [90m    at processImmediate (node:internal/timers:472:9)[39m
      at C:/Users/Admin/graceful_books/src/services/comments.service.test.ts:667:7
      at [90mfile:///C:/Users/Admin/graceful_books/[39mnode_modules/[4m@vitest/runner[24m/dist/index.js:915:20,
  commentId: [32m'non-existent-id'[39m
}

[90mstdout[2m | src/services/comments.service.test.ts[2m > [22m[2mCommentsService[2m > [22m[2mupdateComment[2m > [22m[2mshould increment version vector on update
[22m[39m[CommentsService] Created comment {
  commentId: [32m'WaxXcsgHkGsBncwE_jPj0'[39m,
  commentableType: [32m'TRANSACTION'[39m,
  commentableId: [32m'transaction-test-001'[39m,
  authorUserId: [32m'user-test-001'[39m,
  parentCommentId: [90mundefined[39m
}
[MentionsService] Parsed mentions from text { text: [32m'Original'[39m, mentionsCount: [33m0[39m, usernames: [] }

[90mstdout[2m | src/services/comments.service.test.ts[2m > [22m[2mCommentsService[2m > [22m[2mupdateComment[2m > [22m[2mshould increment version vector on update
[22m[39m[MentionsService] Parsed mentions from text { text: [32m'Updated'[39m, mentionsCount: [33m0[39m, usernames: [] }

[90mstdout[2m | src/services/comments.service.test.ts[2m > [22m[2mCommentsService[2m > [22m[2mupdateComment[2m > [22m[2mshould increment version vector on update
[22m[39m[CommentsService] Updated comment {
  commentId: [32m'WaxXcsgHkGsBncwE_jPj0'[39m,
  userId: [32m'user-test-001'[39m,
  contentChanged: [33mtrue[39m
}

[90mstdout[2m | src/services/comments.service.test.ts[2m > [22m[2mCommentsService[2m > [22m[2mdeleteComment[2m > [22m[2mshould soft delete comment successfully
[22m[39m[CommentsService] Created comment {
  commentId: [32m'HXXwAqGChaiX0GVWPic43'[39m,
  commentableType: [32m'TRANSACTION'[39m,
  commentableId: [32m'transaction-test-001'[39m,
  authorUserId: [32m'user-test-001'[39m,
  parentCommentId: [90mundefined[39m
}
[MentionsService] Parsed mentions from text { text: [32m'To be deleted'[39m, mentionsCount: [33m0[39m, usernames: [] }

[90mstdout[2m | src/services/comments.service.test.ts[2m > [22m[2mCommentsService[2m > [22m[2mdeleteComment[2m > [22m[2mshould soft delete comment successfully
[22m[39m[CommentsService] Deleted comment { commentId: [32m'HXXwAqGChaiX0GVWPic43'[39m, userId: [32m'user-test-001'[39m }

[90mstdout[2m | src/services/comments.service.test.ts[2m > [22m[2mCommentsService[2m > [22m[2mdeleteComment[2m > [22m[2mshould reject delete by non-author
[22m[39m[CommentsService] Created comment {
  commentId: [32m'EEyceCnsyrjVMLYPRNLDs'[39m,
  commentableType: [32m'TRANSACTION'[39m,
  commentableId: [32m'transaction-test-001'[39m,
  authorUserId: [32m'user-test-001'[39m,
  parentCommentId: [90mundefined[39m
}
[MentionsService] Parsed mentions from text { text: [32m'User 1 comment'[39m, mentionsCount: [33m0[39m, usernames: [] }

[90mstderr[2m | src/services/comments.service.test.ts[2m > [22m[2mCommentsService[2m > [22m[2mdeleteComment[2m > [22m[2mshould reject delete by non-author
[22m[39m[CommentsService] Failed to delete comment {
  error: Error: Cannot delete this comment (must be author and not already deleted)
      at CommentsService.deleteComment (C:/Users/Admin/graceful_books/src/services/comments.service.ts:417:15)
  [90m    at runNextTicks (node:internal/process/task_queues:64:5)[39m
  [90m    at processImmediate (node:internal/timers:472:9)[39m
      at C:/Users/Admin/graceful_books/src/services/comments.service.test.ts:724:7
      at [90mfile:///C:/Users/Admin/graceful_books/[39mnode_modules/[4m@vitest/runner[24m/dist/index.js:915:20,
  commentId: [32m'EEyceCnsyrjVMLYPRNLDs'[39m
}

[90mstdout[2m | src/services/comments.service.test.ts[2m > [22m[2mCommentsService[2m > [22m[2mdeleteComment[2m > [22m[2mshould reject delete of already deleted comment
[22m[39m[CommentsService] Created comment {
  commentId: [32m'P5hwg44rpOPd2zyuOTKXP'[39m,
  commentableType: [32m'TRANSACTION'[39m,
  commentableId: [32m'transaction-test-001'[39m,
  authorUserId: [32m'user-test-001'[39m,
  parentCommentId: [90mundefined[39m
}
[MentionsService] Parsed mentions from text { text: [32m'To be deleted'[39m, mentionsCount: [33m0[39m, usernames: [] }

[90mstdout[2m | src/services/comments.service.test.ts[2m > [22m[2mCommentsService[2m > [22m[2mdeleteComment[2m > [22m[2mshould reject delete of already deleted comment
[22m[39m[CommentsService] Deleted comment { commentId: [32m'P5hwg44rpOPd2zyuOTKXP'[39m, userId: [32m'user-test-001'[39m }

[90mstderr[2m | src/services/comments.service.test.ts[2m > [22m[2mCommentsService[2m > [22m[2mdeleteComment[2m > [22m[2mshould reject delete of already deleted comment
[22m[39m[CommentsService] Failed to delete comment {
  error: Error: Cannot delete this comment (must be author and not already deleted)
      at CommentsService.deleteComment (C:/Users/Admin/graceful_books/src/services/comments.service.ts:417:15)
  [90m    at runNextTicks (node:internal/process/task_queues:64:5)[39m
  [90m    at processImmediate (node:internal/timers:472:9)[39m
      at C:/Users/Admin/graceful_books/src/services/comments.service.test.ts:738:7
      at [90mfile:///C:/Users/Admin/graceful_books/[39mnode_modules/[4m@vitest/runner[24m/dist/index.js:915:20,
  commentId: [32m'P5hwg44rpOPd2zyuOTKXP'[39m
}

[90mstderr[2m | src/services/comments.service.test.ts[2m > [22m[2mCommentsService[2m > [22m[2mdeleteComment[2m > [22m[2mshould reject delete of non-existent comment
[22m[39m[CommentsService] Failed to delete comment {
  error: Error: Comment not found
      at CommentsService.deleteComment (C:/Users/Admin/graceful_books/src/services/comments.service.ts:408:15)
  [90m    at runNextTicks (node:internal/process/task_queues:64:5)[39m
  [90m    at processImmediate (node:internal/timers:472:9)[39m
      at C:/Users/Admin/graceful_books/src/services/comments.service.test.ts:744:7
      at [90mfile:///C:/Users/Admin/graceful_books/[39mnode_modules/[4m@vitest/runner[24m/dist/index.js:915:20,
  commentId: [32m'non-existent-id'[39m
}

[90mstderr[2m | src/pages/reports/ProfitLoss.test.tsx[2m > [22m[2mProfit & Loss Report Page[2m > [22m[2mRendering[2m > [22m[2mshould render page header
[22m[39m⚠️ React Router Future Flag Warning: React Router will begin wrapping state updates in `React.startTransition` in v7. You can use the `v7_startTransition` future flag to opt-in early. For more information, see https://reactrouter.com/v6/upgrading/future#v7_starttransition.
⚠️ React Router Future Flag Warning: Relative route resolution within Splat routes is changing in v7. You can use the `v7_relativeSplatPath` future flag to opt-in early. For more information, see https://reactrouter.com/v6/upgrading/future#v7_relativesplatpath.
Warning: An update to ProfitLoss inside a test was not wrapped in act(...).

When testing, code that causes React state updates should be wrapped into act(...):

act(() => {
  /* fire events that update state */
});
/* assert on the output */

This ensures that you're testing the behavior the user would see in the browser. Learn more at https://reactjs.org/link/wrap-tests-with-act
    at ProfitLoss (C:/Users/Admin/graceful_books/src/pages/reports/ProfitLoss.tsx:19:73)
    at Router (C:\Users\Admin\graceful_books\node_modules\react-router\dist\umd\react-router.development.js:1207:17)
    at BrowserRouter (C:\Users\Admin\graceful_books\node_modules\react-router-dom\dist\umd\react-router-dom.development.js:695:7)
Warning: An update to ProfitLoss inside a test was not wrapped in act(...).

When testing, code that causes React state updates should be wrapped into act(...):

act(() => {
  /* fire events that update state */
});
/* assert on the output */

This ensures that you're testing the behavior the user would see in the browser. Learn more at https://reactjs.org/link/wrap-tests-with-act
    at ProfitLoss (C:/Users/Admin/graceful_books/src/pages/reports/ProfitLoss.tsx:19:73)
    at Router (C:\Users\Admin\graceful_books\node_modules\react-router\dist\umd\react-router.development.js:1207:17)
    at BrowserRouter (C:\Users\Admin\graceful_books\node_modules\react-router-dom\dist\umd\react-router-dom.development.js:695:7)

[90mstdout[2m | src/services/comments.service.test.ts[2m > [22m[2mCommentsService[2m > [22m[2mdeleteComment[2m > [22m[2mshould increment version vector on delete
[22m[39m[CommentsService] Created comment {
  commentId: [32m've63P8E-zETdFLfu1joN7'[39m,
  commentableType: [32m'TRANSACTION'[39m,
  commentableId: [32m'transaction-test-001'[39m,
  authorUserId: [32m'user-test-001'[39m,
  parentCommentId: [90mundefined[39m
}
[MentionsService] Parsed mentions from text { text: [32m'To be deleted'[39m, mentionsCount: [33m0[39m, usernames: [] }

[90mstdout[2m | src/services/comments.service.test.ts[2m > [22m[2mCommentsService[2m > [22m[2mdeleteComment[2m > [22m[2mshould increment version vector on delete
[22m[39m[CommentsService] Deleted comment { commentId: [32m've63P8E-zETdFLfu1joN7'[39m, userId: [32m'user-test-001'[39m }

[90mstdout[2m | src/services/comments.service.test.ts[2m > [22m[2mCommentsService[2m > [22m[2mgetCommentCount[2m > [22m[2mshould count active comments only
[22m[39m[CommentsService] Created comment {
  commentId: [32m'AgbXkx2dUeELAsBXx-8aX'[39m,
  commentableType: [32m'TRANSACTION'[39m,
  commentableId: [32m'transaction-test-001'[39m,
  authorUserId: [32m'user-test-001'[39m,
  parentCommentId: [90mundefined[39m
}
[MentionsService] Parsed mentions from text { text: [32m'Comment 1'[39m, mentionsCount: [33m0[39m, usernames: [] }

[90mstdout[2m | src/services/comments.service.test.ts[2m > [22m[2mCommentsService[2m > [22m[2mgetCommentCount[2m > [22m[2mshould count active comments only
[22m[39m[CommentsService] Created comment {
  commentId: [32m'RjKSYoAHKZo4YBaDs3zhM'[39m,
  commentableType: [32m'TRANSACTION'[39m,
  commentableId: [32m'transaction-test-001'[39m,
  authorUserId: [32m'user-test-001'[39m,
  parentCommentId: [90mundefined[39m
}
[MentionsService] Parsed mentions from text { text: [32m'Comment 2'[39m, mentionsCount: [33m0[39m, usernames: [] }

[90mstdout[2m | src/services/comments.service.test.ts[2m > [22m[2mCommentsService[2m > [22m[2mgetCommentCount[2m > [22m[2mshould count active comments only
[22m[39m[CommentsService] Created comment {
  commentId: [32m'u3nP8-r6ktBC1-_nJdIW_'[39m,
  commentableType: [32m'TRANSACTION'[39m,
  commentableId: [32m'transaction-test-001'[39m,
  authorUserId: [32m'user-test-001'[39m,
  parentCommentId: [90mundefined[39m
}
[MentionsService] Parsed mentions from text { text: [32m'Comment 3'[39m, mentionsCount: [33m0[39m, usernames: [] }

[90mstdout[2m | src/services/comments.service.test.ts[2m > [22m[2mCommentsService[2m > [22m[2mgetCommentCount[2m > [22m[2mshould count active comments only
[22m[39m[CommentsService] Deleted comment { commentId: [32m'u3nP8-r6ktBC1-_nJdIW_'[39m, userId: [32m'user-test-001'[39m }

[90mstderr[2m | src/pages/reports/ProfitLoss.test.tsx[2m > [22m[2mProfit & Loss Report Page[2m > [22m[2mRendering[2m > [22m[2mshould render date range selector
[22m[39mWarning: An update to ProfitLoss inside a test was not wrapped in act(...).

When testing, code that causes React state updates should be wrapped into act(...):

act(() => {
  /* fire events that update state */
});
/* assert on the output */

This ensures that you're testing the behavior the user would see in the browser. Learn more at https://reactjs.org/link/wrap-tests-with-act
    at ProfitLoss (C:/Users/Admin/graceful_books/src/pages/reports/ProfitLoss.tsx:19:73)
    at Router (C:\Users\Admin\graceful_books\node_modules\react-router\dist\umd\react-router.development.js:1207:17)
    at BrowserRouter (C:\Users\Admin\graceful_books\node_modules\react-router-dom\dist\umd\react-router-dom.development.js:695:7)
Warning: An update to ProfitLoss inside a test was not wrapped in act(...).

When testing, code that causes React state updates should be wrapped into act(...):

act(() => {
  /* fire events that update state */
});
/* assert on the output */

This ensures that you're testing the behavior the user would see in the browser. Learn more at https://reactjs.org/link/wrap-tests-with-act
    at ProfitLoss (C:/Users/Admin/graceful_books/src/pages/reports/ProfitLoss.tsx:19:73)
    at Router (C:\Users\Admin\graceful_books\node_modules\react-router\dist\umd\react-router.development.js:1207:17)
    at BrowserRouter (C:\Users\Admin\graceful_books\node_modules\react-router-dom\dist\umd\react-router-dom.development.js:695:7)

[90mstdout[2m | src/services/comments.service.test.ts[2m > [22m[2mCommentsService[2m > [22m[2msearchComments[2m > [22m[2mshould search comments by content (case-insensitive)
[22m[39m[CommentsService] Created comment {
  commentId: [32m'VopLjg9EuzxhqJuMyK7za'[39m,
  commentableType: [32m'TRANSACTION'[39m,
  commentableId: [32m'transaction-test-001'[39m,
  authorUserId: [32m'user-test-001'[39m,
  parentCommentId: [90mundefined[39m
}
[MentionsService] Parsed mentions from text {
  text: [32m'This contains the word apple'[39m,
  mentionsCount: [33m0[39m,
  usernames: []
}

[90mstdout[2m | src/services/comments.service.test.ts[2m > [22m[2mCommentsService[2m > [22m[2msearchComments[2m > [22m[2mshould search comments by content (case-insensitive)
[22m[39m[CommentsService] Created comment {
  commentId: [32m'9k9-j-bq_UVEf8qJJcSEB'[39m,
  commentableType: [32m'TRANSACTION'[39m,
  commentableId: [32m'transaction-test-001'[39m,
  authorUserId: [32m'user-test-001'[39m,
  parentCommentId: [90mundefined[39m
}
[MentionsService] Parsed mentions from text {
  text: [32m'This contains the word banana'[39m,
  mentionsCount: [33m0[39m,
  usernames: []
}

[90mstderr[2m | src/pages/reports/ProfitLoss.test.tsx[2m > [22m[2mProfit & Loss Report Page[2m > [22m[2mRendering[2m > [22m[2mshould render comparison selector
[22m[39mWarning: An update to ProfitLoss inside a test was not wrapped in act(...).

When testing, code that causes React state updates should be wrapped into act(...):

act(() => {
  /* fire events that update state */
});
/* assert on the output */

This ensures that you're testing the behavior the user would see in the browser. Learn more at https://reactjs.org/link/wrap-tests-with-act
    at ProfitLoss (C:/Users/Admin/graceful_books/src/pages/reports/ProfitLoss.tsx:19:73)
    at Router (C:\Users\Admin\graceful_books\node_modules\react-router\dist\umd\react-router.development.js:1207:17)
    at BrowserRouter (C:\Users\Admin\graceful_books\node_modules\react-router-dom\dist\umd\react-router-dom.development.js:695:7)
Warning: An update to ProfitLoss inside a test was not wrapped in act(...).

When testing, code that causes React state updates should be wrapped into act(...):

act(() => {
  /* fire events that update state */
});
/* assert on the output */

This ensures that you're testing the behavior the user would see in the browser. Learn more at https://reactjs.org/link/wrap-tests-with-act
    at ProfitLoss (C:/Users/Admin/graceful_books/src/pages/reports/ProfitLoss.tsx:19:73)
    at Router (C:\Users\Admin\graceful_books\node_modules\react-router\dist\umd\react-router.development.js:1207:17)
    at BrowserRouter (C:\Users\Admin\graceful_books\node_modules\react-router-dom\dist\umd\react-router-dom.development.js:695:7)

[90mstdout[2m | src/services/comments.service.test.ts[2m > [22m[2mCommentsService[2m > [22m[2msearchComments[2m > [22m[2mshould search comments by content (case-insensitive)
[22m[39m[CommentsService] Created comment {
  commentId: [32m'zfKXe1ZbDrYU60Uj86xtT'[39m,
  commentableType: [32m'TRANSACTION'[39m,
  commentableId: [32m'transaction-test-001'[39m,
  authorUserId: [32m'user-test-001'[39m,
  parentCommentId: [90mundefined[39m
}
[MentionsService] Parsed mentions from text {
  text: [32m'This contains the word APPLE in uppercase'[39m,
  mentionsCount: [33m0[39m,
  usernames: []
}

[90mstdout[2m | src/services/comments.service.test.ts[2m > [22m[2mCommentsService[2m > [22m[2msearchComments[2m > [22m[2mshould filter by commentable type
[22m[39m[CommentsService] Created comment {
  commentId: [32m'tCRDrc85qpJrbUeORN5Mh'[39m,
  commentableType: [32m'TRANSACTION'[39m,
  commentableId: [32m'transaction-test-001'[39m,
  authorUserId: [32m'user-test-001'[39m,
  parentCommentId: [90mundefined[39m
}
[MentionsService] Parsed mentions from text {
  text: [32m'This contains the word apple'[39m,
  mentionsCount: [33m0[39m,
  usernames: []
}

[90mstderr[2m | src/pages/reports/ProfitLoss.test.tsx[2m > [22m[2mProfit & Loss Report Page[2m > [22m[2mRendering[2m > [22m[2mshould render educational content toggle
[22m[39mWarning: An update to ProfitLoss inside a test was not wrapped in act(...).

When testing, code that causes React state updates should be wrapped into act(...):

act(() => {
  /* fire events that update state */
});
/* assert on the output */

This ensures that you're testing the behavior the user would see in the browser. Learn more at https://reactjs.org/link/wrap-tests-with-act
    at ProfitLoss (C:/Users/Admin/graceful_books/src/pages/reports/ProfitLoss.tsx:19:73)
    at Router (C:\Users\Admin\graceful_books\node_modules\react-router\dist\umd\react-router.development.js:1207:17)
    at BrowserRouter (C:\Users\Admin\graceful_books\node_modules\react-router-dom\dist\umd\react-router-dom.development.js:695:7)
Warning: An update to ProfitLoss inside a test was not wrapped in act(...).

When testing, code that causes React state updates should be wrapped into act(...):

act(() => {
  /* fire events that update state */
});
/* assert on the output */

This ensures that you're testing the behavior the user would see in the browser. Learn more at https://reactjs.org/link/wrap-tests-with-act
    at ProfitLoss (C:/Users/Admin/graceful_books/src/pages/reports/ProfitLoss.tsx:19:73)
    at Router (C:\Users\Admin\graceful_books\node_modules\react-router\dist\umd\react-router.development.js:1207:17)
    at BrowserRouter (C:\Users\Admin\graceful_books\node_modules\react-router-dom\dist\umd\react-router-dom.development.js:695:7)

[90mstdout[2m | src/services/comments.service.test.ts[2m > [22m[2mCommentsService[2m > [22m[2msearchComments[2m > [22m[2mshould filter by commentable type
[22m[39m[CommentsService] Created comment {
  commentId: [32m'WQb8UTKQQIjD9T4cjFtSm'[39m,
  commentableType: [32m'TRANSACTION'[39m,
  commentableId: [32m'transaction-test-001'[39m,
  authorUserId: [32m'user-test-001'[39m,
  parentCommentId: [90mundefined[39m
}
[MentionsService] Parsed mentions from text {
  text: [32m'This contains the word banana'[39m,
  mentionsCount: [33m0[39m,
  usernames: []
}

[90mstdout[2m | src/services/comments.service.test.ts[2m > [22m[2mCommentsService[2m > [22m[2msearchComments[2m > [22m[2mshould filter by commentable type
[22m[39m[CommentsService] Created comment {
  commentId: [32m'h6IMhvB_mLDmNbCNR8ec_'[39m,
  commentableType: [32m'TRANSACTION'[39m,
  commentableId: [32m'transaction-test-001'[39m,
  authorUserId: [32m'user-test-001'[39m,
  parentCommentId: [90mundefined[39m
}
[MentionsService] Parsed mentions from text {
  text: [32m'This contains the word APPLE in uppercase'[39m,
  mentionsCount: [33m0[39m,
  usernames: []
}

[90mstdout[2m | src/services/comments.service.test.ts[2m > [22m[2mCommentsService[2m > [22m[2msearchComments[2m > [22m[2mshould limit search results
[22m[39m[CommentsService] Created comment {
  commentId: [32m'oe9iVosAzdRcJnbQL5BtH'[39m,
  commentableType: [32m'TRANSACTION'[39m,
  commentableId: [32m'transaction-test-001'[39m,
  authorUserId: [32m'user-test-001'[39m,
  parentCommentId: [90mundefined[39m
}
[MentionsService] Parsed mentions from text {
  text: [32m'This contains the word apple'[39m,
  mentionsCount: [33m0[39m,
  usernames: []
}

[90mstdout[2m | src/services/comments.service.test.ts[2m > [22m[2mCommentsService[2m > [22m[2msearchComments[2m > [22m[2mshould limit search results
[22m[39m[CommentsService] Created comment {
  commentId: [32m'qXkqTKfHoX6Bmvv9pgXEH'[39m,
  commentableType: [32m'TRANSACTION'[39m,
  commentableId: [32m'transaction-test-001'[39m,
  authorUserId: [32m'user-test-001'[39m,
  parentCommentId: [90mundefined[39m
}
[MentionsService] Parsed mentions from text {
  text: [32m'This contains the word banana'[39m,
  mentionsCount: [33m0[39m,
  usernames: []
}

[90mstdout[2m | src/services/comments.service.test.ts[2m > [22m[2mCommentsService[2m > [22m[2msearchComments[2m > [22m[2mshould limit search results
[22m[39m[CommentsService] Created comment {
  commentId: [32m'QlF22TkB_l3Nj0sh1nZBj'[39m,
  commentableType: [32m'TRANSACTION'[39m,
  commentableId: [32m'transaction-test-001'[39m,
  authorUserId: [32m'user-test-001'[39m,
  parentCommentId: [90mundefined[39m
}
[MentionsService] Parsed mentions from text {
  text: [32m'This contains the word APPLE in uppercase'[39m,
  mentionsCount: [33m0[39m,
  usernames: []
}

[90mstdout[2m | src/services/comments.service.test.ts[2m > [22m[2mCommentsService[2m > [22m[2msearchComments[2m > [22m[2mshould exclude deleted comments from search
[22m[39m[CommentsService] Created comment {
  commentId: [32m'OzogJbiiZVu0fFRGqkDbN'[39m,
  commentableType: [32m'TRANSACTION'[39m,
  commentableId: [32m'transaction-test-001'[39m,
  authorUserId: [32m'user-test-001'[39m,
  parentCommentId: [90mundefined[39m
}
[MentionsService] Parsed mentions from text {
  text: [32m'This contains the word apple'[39m,
  mentionsCount: [33m0[39m,
  usernames: []
}

[90mstdout[2m | src/services/comments.service.test.ts[2m > [22m[2mCommentsService[2m > [22m[2msearchComments[2m > [22m[2mshould exclude deleted comments from search
[22m[39m[CommentsService] Created comment {
  commentId: [32m'_EF_TzvQY7-7zAEIgUVYR'[39m,
  commentableType: [32m'TRANSACTION'[39m,
  commentableId: [32m'transaction-test-001'[39m,
  authorUserId: [32m'user-test-001'[39m,
  parentCommentId: [90mundefined[39m
}
[MentionsService] Parsed mentions from text {
  text: [32m'This contains the word banana'[39m,
  mentionsCount: [33m0[39m,
  usernames: []
}

[90mstdout[2m | src/services/comments.service.test.ts[2m > [22m[2mCommentsService[2m > [22m[2msearchComments[2m > [22m[2mshould exclude deleted comments from search
[22m[39m[CommentsService] Created comment {
  commentId: [32m'Pk_TSWMK1l9DFLdcPjs79'[39m,
  commentableType: [32m'TRANSACTION'[39m,
  commentableId: [32m'transaction-test-001'[39m,
  authorUserId: [32m'user-test-001'[39m,
  parentCommentId: [90mundefined[39m
}
[MentionsService] Parsed mentions from text {
  text: [32m'This contains the word APPLE in uppercase'[39m,
  mentionsCount: [33m0[39m,
  usernames: []
}

[90mstdout[2m | src/services/comments.service.test.ts[2m > [22m[2mCommentsService[2m > [22m[2msearchComments[2m > [22m[2mshould exclude deleted comments from search
[22m[39m[CommentsService] Created comment {
  commentId: [32m'tGLHZ5Yu0xAvf7PyUh_Yf'[39m,
  commentableType: [32m'TRANSACTION'[39m,
  commentableId: [32m'transaction-test-001'[39m,
  authorUserId: [32m'user-test-001'[39m,
  parentCommentId: [90mundefined[39m
}
[MentionsService] Parsed mentions from text { text: [32m'Contains apple but deleted'[39m, mentionsCount: [33m0[39m, usernames: [] }

[90mstdout[2m | src/services/comments.service.test.ts[2m > [22m[2mCommentsService[2m > [22m[2msearchComments[2m > [22m[2mshould exclude deleted comments from search
[22m[39m[CommentsService] Deleted comment { commentId: [32m'tGLHZ5Yu0xAvf7PyUh_Yf'[39m, userId: [32m'user-test-001'[39m }

[90mstdout[2m | src/services/comments.service.test.ts[2m > [22m[2mCommentsService[2m > [22m[2msearchComments[2m > [22m[2mshould return empty array when no matches
[22m[39m[CommentsService] Created comment {
  commentId: [32m'V7BpHKxtIKyTad_dh4UFU'[39m,
  commentableType: [32m'TRANSACTION'[39m,
  commentableId: [32m'transaction-test-001'[39m,
  authorUserId: [32m'user-test-001'[39m,
  parentCommentId: [90mundefined[39m
}
[MentionsService] Parsed mentions from text {
  text: [32m'This contains the word apple'[39m,
  mentionsCount: [33m0[39m,
  usernames: []
}

[90mstdout[2m | src/services/comments.service.test.ts[2m > [22m[2mCommentsService[2m > [22m[2msearchComments[2m > [22m[2mshould return empty array when no matches
[22m[39m[CommentsService] Created comment {
  commentId: [32m'Zgoxqh3563y26cQrqg8Tz'[39m,
  commentableType: [32m'TRANSACTION'[39m,
  commentableId: [32m'transaction-test-001'[39m,
  authorUserId: [32m'user-test-001'[39m,
  parentCommentId: [90mundefined[39m
}
[MentionsService] Parsed mentions from text {
  text: [32m'This contains the word banana'[39m,
  mentionsCount: [33m0[39m,
  usernames: []
}

[90mstdout[2m | src/services/comments.service.test.ts[2m > [22m[2mCommentsService[2m > [22m[2msearchComments[2m > [22m[2mshould return empty array when no matches
[22m[39m[CommentsService] Created comment {
  commentId: [32m'RUAkPLbF0q0d4sFIYJlRx'[39m,
  commentableType: [32m'TRANSACTION'[39m,
  commentableId: [32m'transaction-test-001'[39m,
  authorUserId: [32m'user-test-001'[39m,
  parentCommentId: [90mundefined[39m
}
[MentionsService] Parsed mentions from text {
  text: [32m'This contains the word APPLE in uppercase'[39m,
  mentionsCount: [33m0[39m,
  usernames: []
}

[90mstdout[2m | src/services/comments.service.test.ts[2m > [22m[2mCommentsService[2m > [22m[2mgetRecentComments[2m > [22m[2mshould retrieve recent comments across all entities
[22m[39m[CommentsService] Created comment {
  commentId: [32m'9WDfICXgaMNEE1Unpo_l2'[39m,
  commentableType: [32m'TRANSACTION'[39m,
  commentableId: [32m'transaction-test-001'[39m,
  authorUserId: [32m'user-test-001'[39m,
  parentCommentId: [90mundefined[39m
}
[MentionsService] Parsed mentions from text { text: [32m'Transaction comment'[39m, mentionsCount: [33m0[39m, usernames: [] }

[90mstdout[2m | src/services/comments.service.test.ts[2m > [22m[2mCommentsService[2m > [22m[2mgetRecentComments[2m > [22m[2mshould retrieve recent comments across all entities
[22m[39m[CommentsService] Created comment {
  commentId: [32m'SRAmVs1lOZeov_pbMqLKK'[39m,
  commentableType: [32m'TRANSACTION'[39m,
  commentableId: [32m'other-transaction'[39m,
  authorUserId: [32m'user-test-001'[39m,
  parentCommentId: [90mundefined[39m
}
[MentionsService] Parsed mentions from text { text: [32m'Other transaction comment'[39m, mentionsCount: [33m0[39m, usernames: [] }

[90mstderr[2m | src/pages/reports/ProfitLoss.test.tsx[2m > [22m[2mProfit & Loss Report Page[2m > [22m[2mRendering[2m > [22m[2mshould render export button
[22m[39mWarning: An update to ProfitLoss inside a test was not wrapped in act(...).

When testing, code that causes React state updates should be wrapped into act(...):

act(() => {
  /* fire events that update state */
});
/* assert on the output */

This ensures that you're testing the behavior the user would see in the browser. Learn more at https://reactjs.org/link/wrap-tests-with-act
    at ProfitLoss (C:/Users/Admin/graceful_books/src/pages/reports/ProfitLoss.tsx:19:73)
    at Router (C:\Users\Admin\graceful_books\node_modules\react-router\dist\umd\react-router.development.js:1207:17)
    at BrowserRouter (C:\Users\Admin\graceful_books\node_modules\react-router-dom\dist\umd\react-router-dom.development.js:695:7)
Warning: An update to ProfitLoss inside a test was not wrapped in act(...).

When testing, code that causes React state updates should be wrapped into act(...):

act(() => {
  /* fire events that update state */
});
/* assert on the output */

This ensures that you're testing the behavior the user would see in the browser. Learn more at https://reactjs.org/link/wrap-tests-with-act
    at ProfitLoss (C:/Users/Admin/graceful_books/src/pages/reports/ProfitLoss.tsx:19:73)
    at Router (C:\Users\Admin\graceful_books\node_modules\react-router\dist\umd\react-router.development.js:1207:17)
    at BrowserRouter (C:\Users\Admin\graceful_books\node_modules\react-router-dom\dist\umd\react-router-dom.development.js:695:7)

[90mstdout[2m | src/services/comments.service.test.ts[2m > [22m[2mCommentsService[2m > [22m[2mgetRecentComments[2m > [22m[2mshould respect limit parameter
[22m[39m[CommentsService] Created comment {
  commentId: [32m'E3uq2xayXqi-ULCwnYabR'[39m,
  commentableType: [32m'TRANSACTION'[39m,
  commentableId: [32m'transaction-test-001'[39m,
  authorUserId: [32m'user-test-001'[39m,
  parentCommentId: [90mundefined[39m
}
[MentionsService] Parsed mentions from text { text: [32m'Comment 0'[39m, mentionsCount: [33m0[39m, usernames: [] }

[90mstdout[2m | src/services/comments.service.test.ts[2m > [22m[2mCommentsService[2m > [22m[2mgetRecentComments[2m > [22m[2mshould respect limit parameter
[22m[39m[CommentsService] Created comment {
  commentId: [32m'LsLUH-1R94x4Htk5Jf5ku'[39m,
  commentableType: [32m'TRANSACTION'[39m,
  commentableId: [32m'transaction-test-001'[39m,
  authorUserId: [32m'user-test-001'[39m,
  parentCommentId: [90mundefined[39m
}
[MentionsService] Parsed mentions from text { text: [32m'Comment 1'[39m, mentionsCount: [33m0[39m, usernames: [] }

[90mstdout[2m | src/services/comments.service.test.ts[2m > [22m[2mCommentsService[2m > [22m[2mgetRecentComments[2m > [22m[2mshould respect limit parameter
[22m[39m[CommentsService] Created comment {
  commentId: [32m'3bC4dqgu-84Ars8KybW6r'[39m,
  commentableType: [32m'TRANSACTION'[39m,
  commentableId: [32m'transaction-test-001'[39m,
  authorUserId: [32m'user-test-001'[39m,
  parentCommentId: [90mundefined[39m
}
[MentionsService] Parsed mentions from text { text: [32m'Comment 2'[39m, mentionsCount: [33m0[39m, usernames: [] }

[90mstdout[2m | src/services/comments.service.test.ts[2m > [22m[2mCommentsService[2m > [22m[2mgetRecentComments[2m > [22m[2mshould respect limit parameter
[22m[39m[CommentsService] Created comment {
  commentId: [32m'sRcs1qPhiOpsa1LpIdbCZ'[39m,
  commentableType: [32m'TRANSACTION'[39m,
  commentableId: [32m'transaction-test-001'[39m,
  authorUserId: [32m'user-test-001'[39m,
  parentCommentId: [90mundefined[39m
}
[MentionsService] Parsed mentions from text { text: [32m'Comment 3'[39m, mentionsCount: [33m0[39m, usernames: [] }

[90mstdout[2m | src/services/comments.service.test.ts[2m > [22m[2mCommentsService[2m > [22m[2mgetRecentComments[2m > [22m[2mshould respect limit parameter
[22m[39m[CommentsService] Created comment {
  commentId: [32m'm5khz6i3dAD-ETDRKIqPR'[39m,
  commentableType: [32m'TRANSACTION'[39m,
  commentableId: [32m'transaction-test-001'[39m,
  authorUserId: [32m'user-test-001'[39m,
  parentCommentId: [90mundefined[39m
}
[MentionsService] Parsed mentions from text { text: [32m'Comment 4'[39m, mentionsCount: [33m0[39m, usernames: [] }

[90mstdout[2m | src/services/comments.service.test.ts[2m > [22m[2mCommentsService[2m > [22m[2mgetRecentComments[2m > [22m[2mshould respect limit parameter
[22m[39m[CommentsService] Created comment {
  commentId: [32m'fmWwmXD-2f2mEwUP_Mbgl'[39m,
  commentableType: [32m'TRANSACTION'[39m,
  commentableId: [32m'transaction-test-001'[39m,
  authorUserId: [32m'user-test-001'[39m,
  parentCommentId: [90mundefined[39m
}
[MentionsService] Parsed mentions from text { text: [32m'Comment 5'[39m, mentionsCount: [33m0[39m, usernames: [] }

[90mstdout[2m | src/services/comments.service.test.ts[2m > [22m[2mCommentsService[2m > [22m[2mgetRecentComments[2m > [22m[2mshould respect limit parameter
[22m[39m[CommentsService] Created comment {
  commentId: [32m'6xQ3fJ_ssRdKGIE6Llw0w'[39m,
  commentableType: [32m'TRANSACTION'[39m,
  commentableId: [32m'transaction-test-001'[39m,
  authorUserId: [32m'user-test-001'[39m,
  parentCommentId: [90mundefined[39m
}
[MentionsService] Parsed mentions from text { text: [32m'Comment 6'[39m, mentionsCount: [33m0[39m, usernames: [] }

[90mstdout[2m | src/services/comments.service.test.ts[2m > [22m[2mCommentsService[2m > [22m[2mgetRecentComments[2m > [22m[2mshould respect limit parameter
[22m[39m[CommentsService] Created comment {
  commentId: [32m'RXgo5moUyWO80yL4nMaF2'[39m,
  commentableType: [32m'TRANSACTION'[39m,
  commentableId: [32m'transaction-test-001'[39m,
  authorUserId: [32m'user-test-001'[39m,
  parentCommentId: [90mundefined[39m
}
[MentionsService] Parsed mentions from text { text: [32m'Comment 7'[39m, mentionsCount: [33m0[39m, usernames: [] }

[90mstdout[2m | src/services/comments.service.test.ts[2m > [22m[2mCommentsService[2m > [22m[2mgetRecentComments[2m > [22m[2mshould respect limit parameter
[22m[39m[CommentsService] Created comment {
  commentId: [32m'iCuuGmb5EOxPccMEkNxpJ'[39m,
  commentableType: [32m'TRANSACTION'[39m,
  commentableId: [32m'transaction-test-001'[39m,
  authorUserId: [32m'user-test-001'[39m,
  parentCommentId: [90mundefined[39m
}
[MentionsService] Parsed mentions from text { text: [32m'Comment 8'[39m, mentionsCount: [33m0[39m, usernames: [] }

[90mstdout[2m | src/services/comments.service.test.ts[2m > [22m[2mCommentsService[2m > [22m[2mgetRecentComments[2m > [22m[2mshould respect limit parameter
[22m[39m[CommentsService] Created comment {
  commentId: [32m'UjScite1hy-MgKuSMZ3cR'[39m,
  commentableType: [32m'TRANSACTION'[39m,
  commentableId: [32m'transaction-test-001'[39m,
  authorUserId: [32m'user-test-001'[39m,
  parentCommentId: [90mundefined[39m
}
[MentionsService] Parsed mentions from text { text: [32m'Comment 9'[39m, mentionsCount: [33m0[39m, usernames: [] }

[90mstdout[2m | src/services/comments.service.test.ts[2m > [22m[2mCommentsService[2m > [22m[2mgetRecentComments[2m > [22m[2mshould respect limit parameter
[22m[39m[CommentsService] Created comment {
  commentId: [32m'oNRXyip_mw6CiLcmCwP4j'[39m,
  commentableType: [32m'TRANSACTION'[39m,
  commentableId: [32m'transaction-test-001'[39m,
  authorUserId: [32m'user-test-001'[39m,
  parentCommentId: [90mundefined[39m
}
[MentionsService] Parsed mentions from text { text: [32m'Comment 10'[39m, mentionsCount: [33m0[39m, usernames: [] }

[90mstdout[2m | src/services/comments.service.test.ts[2m > [22m[2mCommentsService[2m > [22m[2mgetRecentComments[2m > [22m[2mshould respect limit parameter
[22m[39m[CommentsService] Created comment {
  commentId: [32m'mQpeKwLfVFpDjQbjQ5lhR'[39m,
  commentableType: [32m'TRANSACTION'[39m,
  commentableId: [32m'transaction-test-001'[39m,
  authorUserId: [32m'user-test-001'[39m,
  parentCommentId: [90mundefined[39m
}
[MentionsService] Parsed mentions from text { text: [32m'Comment 11'[39m, mentionsCount: [33m0[39m, usernames: [] }

[90mstdout[2m | src/services/comments.service.test.ts[2m > [22m[2mCommentsService[2m > [22m[2mgetRecentComments[2m > [22m[2mshould respect limit parameter
[22m[39m[CommentsService] Created comment {
  commentId: [32m'HTpbF5vLL-jSYQia_wBET'[39m,
  commentableType: [32m'TRANSACTION'[39m,
  commentableId: [32m'transaction-test-001'[39m,
  authorUserId: [32m'user-test-001'[39m,
  parentCommentId: [90mundefined[39m
}
[MentionsService] Parsed mentions from text { text: [32m'Comment 12'[39m, mentionsCount: [33m0[39m, usernames: [] }

[90mstdout[2m | src/services/comments.service.test.ts[2m > [22m[2mCommentsService[2m > [22m[2mgetRecentComments[2m > [22m[2mshould respect limit parameter
[22m[39m[CommentsService] Created comment {
  commentId: [32m'iLeHd87ET4QLz1pigr22A'[39m,
  commentableType: [32m'TRANSACTION'[39m,
  commentableId: [32m'transaction-test-001'[39m,
  authorUserId: [32m'user-test-001'[39m,
  parentCommentId: [90mundefined[39m
}
[MentionsService] Parsed mentions from text { text: [32m'Comment 13'[39m, mentionsCount: [33m0[39m, usernames: [] }

[90mstdout[2m | src/services/comments.service.test.ts[2m > [22m[2mCommentsService[2m > [22m[2mgetRecentComments[2m > [22m[2mshould respect limit parameter
[22m[39m[CommentsService] Created comment {
  commentId: [32m'MtucKeVGIGjvBp4QTBPZx'[39m,
  commentableType: [32m'TRANSACTION'[39m,
  commentableId: [32m'transaction-test-001'[39m,
  authorUserId: [32m'user-test-001'[39m,
  parentCommentId: [90mundefined[39m
}
[MentionsService] Parsed mentions from text { text: [32m'Comment 14'[39m, mentionsCount: [33m0[39m, usernames: [] }

[90mstdout[2m | src/services/comments.service.test.ts[2m > [22m[2mCommentsService[2m > [22m[2mgetRecentComments[2m > [22m[2mshould respect limit parameter
[22m[39m[CommentsService] Created comment {
  commentId: [32m'D8Xu3WxFIXEjc18WYxhAo'[39m,
  commentableType: [32m'TRANSACTION'[39m,
  commentableId: [32m'transaction-test-001'[39m,
  authorUserId: [32m'user-test-001'[39m,
  parentCommentId: [90mundefined[39m
}
[MentionsService] Parsed mentions from text { text: [32m'Comment 15'[39m, mentionsCount: [33m0[39m, usernames: [] }

[90mstdout[2m | src/services/comments.service.test.ts[2m > [22m[2mCommentsService[2m > [22m[2mgetRecentComments[2m > [22m[2mshould respect limit parameter
[22m[39m[CommentsService] Created comment {
  commentId: [32m'tnkUVcLQwCIOHvWuzeQIg'[39m,
  commentableType: [32m'TRANSACTION'[39m,
  commentableId: [32m'transaction-test-001'[39m,
  authorUserId: [32m'user-test-001'[39m,
  parentCommentId: [90mundefined[39m
}
[MentionsService] Parsed mentions from text { text: [32m'Comment 16'[39m, mentionsCount: [33m0[39m, usernames: [] }

[90mstdout[2m | src/services/comments.service.test.ts[2m > [22m[2mCommentsService[2m > [22m[2mgetRecentComments[2m > [22m[2mshould respect limit parameter
[22m[39m[CommentsService] Created comment {
  commentId: [32m'ZpDmZCrSLQxziStCsTLbh'[39m,
  commentableType: [32m'TRANSACTION'[39m,
  commentableId: [32m'transaction-test-001'[39m,
  authorUserId: [32m'user-test-001'[39m,
  parentCommentId: [90mundefined[39m
}
[MentionsService] Parsed mentions from text { text: [32m'Comment 17'[39m, mentionsCount: [33m0[39m, usernames: [] }

[90mstdout[2m | src/services/comments.service.test.ts[2m > [22m[2mCommentsService[2m > [22m[2mgetRecentComments[2m > [22m[2mshould respect limit parameter
[22m[39m[CommentsService] Created comment {
  commentId: [32m'D_TeQ6fSYwFARlZDT5hSh'[39m,
  commentableType: [32m'TRANSACTION'[39m,
  commentableId: [32m'transaction-test-001'[39m,
  authorUserId: [32m'user-test-001'[39m,
  parentCommentId: [90mundefined[39m
}
[MentionsService] Parsed mentions from text { text: [32m'Comment 18'[39m, mentionsCount: [33m0[39m, usernames: [] }

[90mstdout[2m | src/services/comments.service.test.ts[2m > [22m[2mCommentsService[2m > [22m[2mgetRecentComments[2m > [22m[2mshould respect limit parameter
[22m[39m[CommentsService] Created comment {
  commentId: [32m'gL3HXKeMPKaLI5APYq58k'[39m,
  commentableType: [32m'TRANSACTION'[39m,
  commentableId: [32m'transaction-test-001'[39m,
  authorUserId: [32m'user-test-001'[39m,
  parentCommentId: [90mundefined[39m
}
[MentionsService] Parsed mentions from text { text: [32m'Comment 19'[39m, mentionsCount: [33m0[39m, usernames: [] }

[90mstdout[2m | src/services/comments.service.test.ts[2m > [22m[2mCommentsService[2m > [22m[2mgetRecentComments[2m > [22m[2mshould respect limit parameter
[22m[39m[CommentsService] Created comment {
  commentId: [32m'AXfXdTdw1-61TDS-ZFg2v'[39m,
  commentableType: [32m'TRANSACTION'[39m,
  commentableId: [32m'transaction-test-001'[39m,
  authorUserId: [32m'user-test-001'[39m,
  parentCommentId: [90mundefined[39m
}
[MentionsService] Parsed mentions from text { text: [32m'Comment 20'[39m, mentionsCount: [33m0[39m, usernames: [] }

[90mstdout[2m | src/services/comments.service.test.ts[2m > [22m[2mCommentsService[2m > [22m[2mgetRecentComments[2m > [22m[2mshould respect limit parameter
[22m[39m[CommentsService] Created comment {
  commentId: [32m'3HBFK5WriKCZ49p3tdNfC'[39m,
  commentableType: [32m'TRANSACTION'[39m,
  commentableId: [32m'transaction-test-001'[39m,
  authorUserId: [32m'user-test-001'[39m,
  parentCommentId: [90mundefined[39m
}
[MentionsService] Parsed mentions from text { text: [32m'Comment 21'[39m, mentionsCount: [33m0[39m, usernames: [] }

[90mstdout[2m | src/services/comments.service.test.ts[2m > [22m[2mCommentsService[2m > [22m[2mgetRecentComments[2m > [22m[2mshould respect limit parameter
[22m[39m[CommentsService] Created comment {
  commentId: [32m'r3tZUI4EIs9FjLkrxaZaX'[39m,
  commentableType: [32m'TRANSACTION'[39m,
  commentableId: [32m'transaction-test-001'[39m,
  authorUserId: [32m'user-test-001'[39m,
  parentCommentId: [90mundefined[39m
}
[MentionsService] Parsed mentions from text { text: [32m'Comment 22'[39m, mentionsCount: [33m0[39m, usernames: [] }

[90mstdout[2m | src/services/comments.service.test.ts[2m > [22m[2mCommentsService[2m > [22m[2mgetRecentComments[2m > [22m[2mshould respect limit parameter
[22m[39m[CommentsService] Created comment {
  commentId: [32m'rj_oAj3jkXXETD236jsmX'[39m,
  commentableType: [32m'TRANSACTION'[39m,
  commentableId: [32m'transaction-test-001'[39m,
  authorUserId: [32m'user-test-001'[39m,
  parentCommentId: [90mundefined[39m
}
[MentionsService] Parsed mentions from text { text: [32m'Comment 23'[39m, mentionsCount: [33m0[39m, usernames: [] }

[90mstdout[2m | src/services/comments.service.test.ts[2m > [22m[2mCommentsService[2m > [22m[2mgetRecentComments[2m > [22m[2mshould respect limit parameter
[22m[39m[CommentsService] Created comment {
  commentId: [32m'fSN60yiH8mFGjVQFC6lFu'[39m,
  commentableType: [32m'TRANSACTION'[39m,
  commentableId: [32m'transaction-test-001'[39m,
  authorUserId: [32m'user-test-001'[39m,
  parentCommentId: [90mundefined[39m
}
[MentionsService] Parsed mentions from text { text: [32m'Comment 24'[39m, mentionsCount: [33m0[39m, usernames: [] }

[90mstdout[2m | src/services/comments.service.test.ts[2m > [22m[2mCommentsService[2m > [22m[2mgetRecentComments[2m > [22m[2mshould exclude deleted comments
[22m[39m[CommentsService] Created comment {
  commentId: [32m'Ln6w_UnxhoXi9flSxkf32'[39m,
  commentableType: [32m'TRANSACTION'[39m,
  commentableId: [32m'transaction-test-001'[39m,
  authorUserId: [32m'user-test-001'[39m,
  parentCommentId: [90mundefined[39m
}
[MentionsService] Parsed mentions from text { text: [32m'Deleted'[39m, mentionsCount: [33m0[39m, usernames: [] }

[90mstdout[2m | src/services/comments.service.test.ts[2m > [22m[2mCommentsService[2m > [22m[2mgetRecentComments[2m > [22m[2mshould exclude deleted comments
[22m[39m[CommentsService] Deleted comment { commentId: [32m'Ln6w_UnxhoXi9flSxkf32'[39m, userId: [32m'user-test-001'[39m }

[90mstdout[2m | src/services/comments.service.test.ts[2m > [22m[2mCommentsService[2m > [22m[2mgetRecentComments[2m > [22m[2mshould exclude deleted comments
[22m[39m[CommentsService] Created comment {
  commentId: [32m'-vqd3HGdmaDHDadEMcezC'[39m,
  commentableType: [32m'TRANSACTION'[39m,
  commentableId: [32m'transaction-test-001'[39m,
  authorUserId: [32m'user-test-001'[39m,
  parentCommentId: [90mundefined[39m
}
[MentionsService] Parsed mentions from text { text: [32m'Active'[39m, mentionsCount: [33m0[39m, usernames: [] }

[90mstdout[2m | src/services/comments.service.test.ts[2m > [22m[2mCommentsService[2m > [22m[2mgetRecentComments[2m > [22m[2mshould only return accessible comments
[22m[39m[CommentsService] Created comment {
  commentId: [32m'6yvBKQWwIj2fJTMod7wUk'[39m,
  commentableType: [32m'TRANSACTION'[39m,
  commentableId: [32m'transaction-test-001'[39m,
  authorUserId: [32m'user-test-001'[39m,
  parentCommentId: [90mundefined[39m
}
[MentionsService] Parsed mentions from text { text: [32m'Accessible comment'[39m, mentionsCount: [33m0[39m, usernames: [] }

[90mstdout[2m | src/services/comments.service.test.ts[2m > [22m[2mCommentsService[2m > [22m[2mpermissions[2m > [22m[2mshould allow comment creation with proper permissions
[22m[39m[CommentsService] Created comment {
  commentId: [32m'9IqAwx3FNfOnGgUlQSEu8'[39m,
  commentableType: [32m'TRANSACTION'[39m,
  commentableId: [32m'transaction-test-001'[39m,
  authorUserId: [32m'user-test-001'[39m,
  parentCommentId: [90mundefined[39m
}
[MentionsService] Parsed mentions from text { text: [32m'Authorized comment'[39m, mentionsCount: [33m0[39m, usernames: [] }

[90mstdout[2m | src/services/comments.service.test.ts[2m > [22m[2mCommentsService[2m > [22m[2mpermissions[2m > [22m[2mshould enforce read permissions on getComments
[22m[39m[CommentsService] Created comment {
  commentId: [32m'I6n71Hr3pwqlNfSv0uQas'[39m,
  commentableType: [32m'TRANSACTION'[39m,
  commentableId: [32m'transaction-test-001'[39m,
  authorUserId: [32m'user-test-001'[39m,
  parentCommentId: [90mundefined[39m
}
[MentionsService] Parsed mentions from text { text: [32m'Test comment'[39m, mentionsCount: [33m0[39m, usernames: [] }

[90mstderr[2m | src/services/comments.service.test.ts[2m > [22m[2mCommentsService[2m > [22m[2mpermissions[2m > [22m[2mshould enforce read permissions on getComments
[22m[39m[CommentsService] Permission check failed {
  error: Error: User is not a member of this company
      at CommentsService.checkPermissions (C:/Users/Admin/graceful_books/src/services/comments.service.ts:535:15)
  [90m    at runNextTicks (node:internal/process/task_queues:64:5)[39m
  [90m    at processImmediate (node:internal/timers:472:9)[39m
      at CommentsService.getComments (C:/Users/Admin/graceful_books/src/services/comments.service.ts:194:7)
      at C:/Users/Admin/graceful_books/src/services/comments.service.test.ts:980:7
      at [90mfile:///C:/Users/Admin/graceful_books/[39mnode_modules/[4m@vitest/runner[24m/dist/index.js:915:20,
  commentableType: [32m'TRANSACTION'[39m,
  action: [32m'read'[39m
}

[90mstderr[2m | src/services/comments.service.test.ts[2m > [22m[2mCommentsService[2m > [22m[2mpermissions[2m > [22m[2mshould enforce read permissions on getComments
[22m[39m[CommentsService] Failed to get comments {
  error: Error: User is not a member of this company
      at CommentsService.checkPermissions (C:/Users/Admin/graceful_books/src/services/comments.service.ts:535:15)
  [90m    at runNextTicks (node:internal/process/task_queues:64:5)[39m
  [90m    at processImmediate (node:internal/timers:472:9)[39m
      at CommentsService.getComments (C:/Users/Admin/graceful_books/src/services/comments.service.ts:194:7)
      at C:/Users/Admin/graceful_books/src/services/comments.service.test.ts:980:7
      at [90mfile:///C:/Users/Admin/graceful_books/[39mnode_modules/[4m@vitest/runner[24m/dist/index.js:915:20,
  query: {
    company_id: [32m'company-test-001'[39m,
    commentable_type: [32m'TRANSACTION'[39m,
    commentable_id: [32m'transaction-test-001'[39m
  }
}

[90mstdout[2m | src/services/comments.service.test.ts[2m > [22m[2mCommentsService[2m > [22m[2mpermissions[2m > [22m[2mshould enforce update permissions
[22m[39m[CommentsService] Created comment {
  commentId: [32m'dzi5p0d7BlUeGYvDnE8xd'[39m,
  commentableType: [32m'TRANSACTION'[39m,
  commentableId: [32m'transaction-test-001'[39m,
  authorUserId: [32m'user-test-001'[39m,
  parentCommentId: [90mundefined[39m
}
[MentionsService] Parsed mentions from text { text: [32m'Test comment'[39m, mentionsCount: [33m0[39m, usernames: [] }

[90mstderr[2m | src/services/comments.service.test.ts[2m > [22m[2mCommentsService[2m > [22m[2mpermissions[2m > [22m[2mshould enforce update permissions
[22m[39m[CommentsService] Permission check failed {
  error: Error: Missing permission: transactions.update
      at CommentsService.checkPermissions (C:/Users/Admin/graceful_books/src/services/comments.service.ts:554:15)
      at CommentsService.updateComment (C:/Users/Admin/graceful_books/src/services/comments.service.ts:339:7)
      at C:/Users/Admin/graceful_books/src/services/comments.service.test.ts:1001:7
      at [90mfile:///C:/Users/Admin/graceful_books/[39mnode_modules/[4m@vitest/runner[24m/dist/index.js:915:20,
  commentableType: [32m'TRANSACTION'[39m,
  action: [32m'update'[39m
}

[90mstderr[2m | src/services/comments.service.test.ts[2m > [22m[2mCommentsService[2m > [22m[2mpermissions[2m > [22m[2mshould enforce update permissions
[22m[39m[CommentsService] Failed to update comment {
  error: Error: Missing permission: transactions.update
      at CommentsService.checkPermissions (C:/Users/Admin/graceful_books/src/services/comments.service.ts:554:15)
      at CommentsService.updateComment (C:/Users/Admin/graceful_books/src/services/comments.service.ts:339:7)
      at C:/Users/Admin/graceful_books/src/services/comments.service.test.ts:1001:7
      at [90mfile:///C:/Users/Admin/graceful_books/[39mnode_modules/[4m@vitest/runner[24m/dist/index.js:915:20,
  commentId: [32m'dzi5p0d7BlUeGYvDnE8xd'[39m
}

[90mstdout[2m | src/services/comments.service.test.ts[2m > [22m[2mCommentsService[2m > [22m[2mpermissions[2m > [22m[2mshould enforce delete permissions
[22m[39m[CommentsService] Created comment {
  commentId: [32m'Gomm5KoyGuc19VdqvXksr'[39m,
  commentableType: [32m'TRANSACTION'[39m,
  commentableId: [32m'transaction-test-001'[39m,
  authorUserId: [32m'user-test-001'[39m,
  parentCommentId: [90mundefined[39m
}
[MentionsService] Parsed mentions from text { text: [32m'Test comment'[39m, mentionsCount: [33m0[39m, usernames: [] }

[90mstderr[2m | src/services/comments.service.test.ts[2m > [22m[2mCommentsService[2m > [22m[2mpermissions[2m > [22m[2mshould enforce delete permissions
[22m[39m[CommentsService] Permission check failed {
  error: Error: Missing permission: transactions.delete
      at CommentsService.checkPermissions (C:/Users/Admin/graceful_books/src/services/comments.service.ts:554:15)
      at CommentsService.deleteComment (C:/Users/Admin/graceful_books/src/services/comments.service.ts:421:7)
      at C:/Users/Admin/graceful_books/src/services/comments.service.test.ts:1020:7
      at [90mfile:///C:/Users/Admin/graceful_books/[39mnode_modules/[4m@vitest/runner[24m/dist/index.js:915:20,
  commentableType: [32m'TRANSACTION'[39m,
  action: [32m'delete'[39m
}

[90mstderr[2m | src/services/comments.service.test.ts[2m > [22m[2mCommentsService[2m > [22m[2mpermissions[2m > [22m[2mshould enforce delete permissions
[22m[39m[CommentsService] Failed to delete comment {
  error: Error: Missing permission: transactions.delete
      at CommentsService.checkPermissions (C:/Users/Admin/graceful_books/src/services/comments.service.ts:554:15)
      at CommentsService.deleteComment (C:/Users/Admin/graceful_books/src/services/comments.service.ts:421:7)
      at C:/Users/Admin/graceful_books/src/services/comments.service.test.ts:1020:7
      at [90mfile:///C:/Users/Admin/graceful_books/[39mnode_modules/[4m@vitest/runner[24m/dist/index.js:915:20,
  commentId: [32m'Gomm5KoyGuc19VdqvXksr'[39m
}

[90mstdout[2m | src/services/comments.service.test.ts[2m > [22m[2mCommentsService[2m > [22m[2medge cases[2m > [22m[2mshould handle very long comment threads gracefully
[22m[39m[CommentsService] Created comment {
  commentId: [32m'frvT43V9-HPvTlNZ0Shru'[39m,
  commentableType: [32m'TRANSACTION'[39m,
  commentableId: [32m'transaction-test-001'[39m,
  authorUserId: [32m'user-test-001'[39m,
  parentCommentId: [1mnull[22m
}
[MentionsService] Parsed mentions from text { text: [32m'Level 0'[39m, mentionsCount: [33m0[39m, usernames: [] }

[90mstdout[2m | src/services/comments.service.test.ts[2m > [22m[2mCommentsService[2m > [22m[2medge cases[2m > [22m[2mshould handle very long comment threads gracefully
[22m[39m[CommentsService] Created comment {
  commentId: [32m'l01Dqw2DSPFpZ96XU-JdB'[39m,
  commentableType: [32m'TRANSACTION'[39m,
  commentableId: [32m'transaction-test-001'[39m,
  authorUserId: [32m'user-test-001'[39m,
  parentCommentId: [32m'frvT43V9-HPvTlNZ0Shru'[39m
}
[MentionsService] Parsed mentions from text { text: [32m'Level 1'[39m, mentionsCount: [33m0[39m, usernames: [] }

[90mstdout[2m | src/services/comments.service.test.ts[2m > [22m[2mCommentsService[2m > [22m[2medge cases[2m > [22m[2mshould handle very long comment threads gracefully
[22m[39m[CommentsService] Created comment {
  commentId: [32m'1BIvczkxZHUFg1-DIgL-P'[39m,
  commentableType: [32m'TRANSACTION'[39m,
  commentableId: [32m'transaction-test-001'[39m,
  authorUserId: [32m'user-test-001'[39m,
  parentCommentId: [32m'l01Dqw2DSPFpZ96XU-JdB'[39m
}
[MentionsService] Parsed mentions from text { text: [32m'Level 2'[39m, mentionsCount: [33m0[39m, usernames: [] }

[90mstdout[2m | src/services/comments.service.test.ts[2m > [22m[2mCommentsService[2m > [22m[2medge cases[2m > [22m[2mshould handle very long comment threads gracefully
[22m[39m[CommentsService] Created comment {
  commentId: [32m'm6hZGKaxOnALU9VyWpRap'[39m,
  commentableType: [32m'TRANSACTION'[39m,
  commentableId: [32m'transaction-test-001'[39m,
  authorUserId: [32m'user-test-001'[39m,
  parentCommentId: [32m'1BIvczkxZHUFg1-DIgL-P'[39m
}
[MentionsService] Parsed mentions from text { text: [32m'Level 3'[39m, mentionsCount: [33m0[39m, usernames: [] }

[90mstdout[2m | src/services/comments.service.test.ts[2m > [22m[2mCommentsService[2m > [22m[2medge cases[2m > [22m[2mshould handle very long comment threads gracefully
[22m[39m[CommentsService] Created comment {
  commentId: [32m'UuvLOE6i5dnpfxMNwQYyT'[39m,
  commentableType: [32m'TRANSACTION'[39m,
  commentableId: [32m'transaction-test-001'[39m,
  authorUserId: [32m'user-test-001'[39m,
  parentCommentId: [32m'm6hZGKaxOnALU9VyWpRap'[39m
}
[MentionsService] Parsed mentions from text { text: [32m'Level 4'[39m, mentionsCount: [33m0[39m, usernames: [] }

[90mstdout[2m | src/services/comments.service.test.ts[2m > [22m[2mCommentsService[2m > [22m[2medge cases[2m > [22m[2mshould handle very long comment threads gracefully
[22m[39m[CommentsService] Created comment {
  commentId: [32m'GU_WvpM_CdFDXk0jY5U7J'[39m,
  commentableType: [32m'TRANSACTION'[39m,
  commentableId: [32m'transaction-test-001'[39m,
  authorUserId: [32m'user-test-001'[39m,
  parentCommentId: [32m'UuvLOE6i5dnpfxMNwQYyT'[39m
}
[MentionsService] Parsed mentions from text { text: [32m'Level 5'[39m, mentionsCount: [33m0[39m, usernames: [] }

[90mstdout[2m | src/services/comments.service.test.ts[2m > [22m[2mCommentsService[2m > [22m[2medge cases[2m > [22m[2mshould handle very long comment threads gracefully
[22m[39m[CommentsService] Created comment {
  commentId: [32m'gZOhokzCXL83AaGQ5kWXs'[39m,
  commentableType: [32m'TRANSACTION'[39m,
  commentableId: [32m'transaction-test-001'[39m,
  authorUserId: [32m'user-test-001'[39m,
  parentCommentId: [32m'GU_WvpM_CdFDXk0jY5U7J'[39m
}
[MentionsService] Parsed mentions from text { text: [32m'Level 6'[39m, mentionsCount: [33m0[39m, usernames: [] }

[90mstdout[2m | src/services/comments.service.test.ts[2m > [22m[2mCommentsService[2m > [22m[2medge cases[2m > [22m[2mshould handle very long comment threads gracefully
[22m[39m[CommentsService] Created comment {
  commentId: [32m'CV97wx-4Og9d9kUw3qEYR'[39m,
  commentableType: [32m'TRANSACTION'[39m,
  commentableId: [32m'transaction-test-001'[39m,
  authorUserId: [32m'user-test-001'[39m,
  parentCommentId: [32m'gZOhokzCXL83AaGQ5kWXs'[39m
}
[MentionsService] Parsed mentions from text { text: [32m'Level 7'[39m, mentionsCount: [33m0[39m, usernames: [] }

[90mstdout[2m | src/services/comments.service.test.ts[2m > [22m[2mCommentsService[2m > [22m[2medge cases[2m > [22m[2mshould handle very long comment threads gracefully
[22m[39m[CommentsService] Created comment {
  commentId: [32m'naxiRdhSLgvIcVSpLTvCK'[39m,
  commentableType: [32m'TRANSACTION'[39m,
  commentableId: [32m'transaction-test-001'[39m,
  authorUserId: [32m'user-test-001'[39m,
  parentCommentId: [32m'CV97wx-4Og9d9kUw3qEYR'[39m
}
[MentionsService] Parsed mentions from text { text: [32m'Level 8'[39m, mentionsCount: [33m0[39m, usernames: [] }

[90mstdout[2m | src/services/comments.service.test.ts[2m > [22m[2mCommentsService[2m > [22m[2medge cases[2m > [22m[2mshould handle very long comment threads gracefully
[22m[39m[CommentsService] Created comment {
  commentId: [32m'1swkU9nXJUV_lIXWyJj_M'[39m,
  commentableType: [32m'TRANSACTION'[39m,
  commentableId: [32m'transaction-test-001'[39m,
  authorUserId: [32m'user-test-001'[39m,
  parentCommentId: [32m'naxiRdhSLgvIcVSpLTvCK'[39m
}
[MentionsService] Parsed mentions from text { text: [32m'Level 9'[39m, mentionsCount: [33m0[39m, usernames: [] }

[90mstdout[2m | src/services/comments.service.test.ts[2m > [22m[2mCommentsService[2m > [22m[2medge cases[2m > [22m[2mshould handle very long comment threads gracefully
[22m[39m[CommentsService] Built comment thread {
  commentableType: [32m'TRANSACTION'[39m,
  commentableId: [32m'transaction-test-001'[39m,
  totalComments: [33m10[39m,
  topLevelComments: [33m1[39m,
  threads: [33m1[39m
}

[90mstdout[2m | src/services/comments.service.test.ts[2m > [22m[2mCommentsService[2m > [22m[2medge cases[2m > [22m[2mshould handle special characters in comment content
[22m[39m[CommentsService] Created comment {
  commentId: [32m'gqn25fEU6yo_mTqTlHY0y'[39m,
  commentableType: [32m'TRANSACTION'[39m,
  commentableId: [32m'transaction-test-001'[39m,
  authorUserId: [32m'user-test-001'[39m,
  parentCommentId: [90mundefined[39m
}
[MentionsService] Parsed mentions from text {
  text: [32m`Special chars: @#$%^&*() "quotes" 'apostrophes' <html>`[39m,
  mentionsCount: [33m0[39m,
  usernames: []
}

[90mstdout[2m | src/services/comments.service.test.ts[2m > [22m[2mCommentsService[2m > [22m[2medge cases[2m > [22m[2mshould handle multiple mentions of same user
[22m[39m[CommentsService] Created comment {
  commentId: [32m'l0GoOsPOASY0_sM_5UCKj'[39m,
  commentableType: [32m'TRANSACTION'[39m,
  commentableId: [32m'transaction-test-001'[39m,
  authorUserId: [32m'user-test-001'[39m,
  parentCommentId: [90mundefined[39m
}
[MentionsService] Parsed mentions from text {
  text: [32m'@testuser2 please review. Hey @testuser2, did you see this?'[39m,
  mentionsCount: [33m1[39m,
  usernames: [ [32m'testuser2'[39m ]
}

[90mstdout[2m | src/services/comments.service.test.ts[2m > [22m[2mCommentsService[2m > [22m[2medge cases[2m > [22m[2mshould handle multiple mentions of same user
[22m[39m[MentionsService] Validated mentions { totalMentions: [33m1[39m, validMentions: [33m1[39m, invalidMentions: [33m0[39m }

[90mstdout[2m | src/services/comments.service.test.ts[2m > [22m[2mCommentsService[2m > [22m[2medge cases[2m > [22m[2mshould handle multiple mentions of same user
[22m[39m[MentionsService] Created mention {
  mentionId: [32m'8VQc6zE58RbXnT58UEP6s'[39m,
  mentionedUserId: [32m'user-test-002'[39m,
  mentioningUserId: [32m'user-test-001'[39m,
  commentId: [32m'l0GoOsPOASY0_sM_5UCKj'[39m
}
[MentionsService] Created mentions for comment {
  commentId: [32m'l0GoOsPOASY0_sM_5UCKj'[39m,
  mentionsCreated: [33m1[39m,
  notificationsScheduled: [33m1[39m,
  checklistItemsCreated: [33m0[39m,
  errors: [33m0[39m
}

[90mstderr[2m | src/pages/reports/ProfitLoss.test.tsx[2m > [22m[2mProfit & Loss Report Page[2m > [22m[2mEducational Content[2m > [22m[2mshould show educational content when toggled
[22m[39mWarning: An update to ProfitLoss inside a test was not wrapped in act(...).

When testing, code that causes React state updates should be wrapped into act(...):

act(() => {
  /* fire events that update state */
});
/* assert on the output */

This ensures that you're testing the behavior the user would see in the browser. Learn more at https://reactjs.org/link/wrap-tests-with-act
    at ProfitLoss (C:/Users/Admin/graceful_books/src/pages/reports/ProfitLoss.tsx:19:73)
    at Router (C:\Users\Admin\graceful_books\node_modules\react-router\dist\umd\react-router.development.js:1207:17)
    at BrowserRouter (C:\Users\Admin\graceful_books\node_modules\react-router-dom\dist\umd\react-router-dom.development.js:695:7)

[90mstdout[2m | src/services/comments.service.test.ts[2m > [22m[2mCommentsService[2m > [22m[2medge cases[2m > [22m[2mshould handle concurrent comment creation
[22m[39m[CommentsService] Created comment {
  commentId: [32m'BCN0Dy4shvYBkOuKyGQYK'[39m,
  commentableType: [32m'TRANSACTION'[39m,
  commentableId: [32m'transaction-test-001'[39m,
  authorUserId: [32m'user-test-001'[39m,
  parentCommentId: [90mundefined[39m
}
[MentionsService] Parsed mentions from text { text: [32m'Concurrent comment 0'[39m, mentionsCount: [33m0[39m, usernames: [] }

[90mstdout[2m | src/services/comments.service.test.ts[2m > [22m[2mCommentsService[2m > [22m[2medge cases[2m > [22m[2mshould handle concurrent comment creation
[22m[39m[CommentsService] Created comment {
  commentId: [32m'wwrftq68Wyv4TdCAuEo3k'[39m,
  commentableType: [32m'TRANSACTION'[39m,
  commentableId: [32m'transaction-test-001'[39m,
  authorUserId: [32m'user-test-001'[39m,
  parentCommentId: [90mundefined[39m
}
[MentionsService] Parsed mentions from text { text: [32m'Concurrent comment 1'[39m, mentionsCount: [33m0[39m, usernames: [] }

[90mstdout[2m | src/services/comments.service.test.ts[2m > [22m[2mCommentsService[2m > [22m[2medge cases[2m > [22m[2mshould handle concurrent comment creation
[22m[39m[CommentsService] Created comment {
  commentId: [32m'Hh8YmXCT9H7a8mL01IfRJ'[39m,
  commentableType: [32m'TRANSACTION'[39m,
  commentableId: [32m'transaction-test-001'[39m,
  authorUserId: [32m'user-test-001'[39m,
  parentCommentId: [90mundefined[39m
}
[MentionsService] Parsed mentions from text { text: [32m'Concurrent comment 2'[39m, mentionsCount: [33m0[39m, usernames: [] }

[90mstdout[2m | src/services/comments.service.test.ts[2m > [22m[2mCommentsService[2m > [22m[2medge cases[2m > [22m[2mshould handle concurrent comment creation
[22m[39m[CommentsService] Created comment {
  commentId: [32m'zHHC7fTymxOZZHZOJfSQa'[39m,
  commentableType: [32m'TRANSACTION'[39m,
  commentableId: [32m'transaction-test-001'[39m,
  authorUserId: [32m'user-test-001'[39m,
  parentCommentId: [90mundefined[39m
}
[MentionsService] Parsed mentions from text { text: [32m'Concurrent comment 3'[39m, mentionsCount: [33m0[39m, usernames: [] }

[90mstdout[2m | src/services/comments.service.test.ts[2m > [22m[2mCommentsService[2m > [22m[2medge cases[2m > [22m[2mshould handle concurrent comment creation
[22m[39m[CommentsService] Created comment {
  commentId: [32m'Wa8n17T3LLopTdE-6s6tG'[39m,
  commentableType: [32m'TRANSACTION'[39m,
  commentableId: [32m'transaction-test-001'[39m,
  authorUserId: [32m'user-test-001'[39m,
  parentCommentId: [90mundefined[39m
}
[MentionsService] Parsed mentions from text { text: [32m'Concurrent comment 4'[39m, mentionsCount: [33m0[39m, usernames: [] }

[90mstdout[2m | src/services/comments.service.test.ts[2m > [22m[2mCommentsService[2m > [22m[2medge cases[2m > [22m[2mshould handle concurrent comment creation
[22m[39m[CommentsService] Created comment {
  commentId: [32m'0XIQmXZLPoiOrnJ_vRaNK'[39m,
  commentableType: [32m'TRANSACTION'[39m,
  commentableId: [32m'transaction-test-001'[39m,
  authorUserId: [32m'user-test-001'[39m,
  parentCommentId: [90mundefined[39m
}
[MentionsService] Parsed mentions from text { text: [32m'Concurrent comment 5'[39m, mentionsCount: [33m0[39m, usernames: [] }

[90mstdout[2m | src/services/comments.service.test.ts[2m > [22m[2mCommentsService[2m > [22m[2medge cases[2m > [22m[2mshould handle concurrent comment creation
[22m[39m[CommentsService] Created comment {
  commentId: [32m'k9NyDRwiXI_bfjV4eD2iz'[39m,
  commentableType: [32m'TRANSACTION'[39m,
  commentableId: [32m'transaction-test-001'[39m,
  authorUserId: [32m'user-test-001'[39m,
  parentCommentId: [90mundefined[39m
}
[MentionsService] Parsed mentions from text { text: [32m'Concurrent comment 6'[39m, mentionsCount: [33m0[39m, usernames: [] }

[90mstdout[2m | src/services/comments.service.test.ts[2m > [22m[2mCommentsService[2m > [22m[2medge cases[2m > [22m[2mshould handle concurrent comment creation
[22m[39m[CommentsService] Created comment {
  commentId: [32m'-UFV435H40lR93ZiSOioA'[39m,
  commentableType: [32m'TRANSACTION'[39m,
  commentableId: [32m'transaction-test-001'[39m,
  authorUserId: [32m'user-test-001'[39m,
  parentCommentId: [90mundefined[39m
}
[MentionsService] Parsed mentions from text { text: [32m'Concurrent comment 7'[39m, mentionsCount: [33m0[39m, usernames: [] }

[90mstdout[2m | src/services/comments.service.test.ts[2m > [22m[2mCommentsService[2m > [22m[2medge cases[2m > [22m[2mshould handle concurrent comment creation
[22m[39m[CommentsService] Created comment {
  commentId: [32m'IEZ-2dLJ0AbVr34JR8vGN'[39m,
  commentableType: [32m'TRANSACTION'[39m,
  commentableId: [32m'transaction-test-001'[39m,
  authorUserId: [32m'user-test-001'[39m,
  parentCommentId: [90mundefined[39m
}
[MentionsService] Parsed mentions from text { text: [32m'Concurrent comment 8'[39m, mentionsCount: [33m0[39m, usernames: [] }

[90mstdout[2m | src/services/comments.service.test.ts[2m > [22m[2mCommentsService[2m > [22m[2medge cases[2m > [22m[2mshould handle concurrent comment creation
[22m[39m[CommentsService] Created comment {
  commentId: [32m'SJ5pWA_8ykOvzDlY0Cr6o'[39m,
  commentableType: [32m'TRANSACTION'[39m,
  commentableId: [32m'transaction-test-001'[39m,
  authorUserId: [32m'user-test-001'[39m,
  parentCommentId: [90mundefined[39m
}
[MentionsService] Parsed mentions from text { text: [32m'Concurrent comment 9'[39m, mentionsCount: [33m0[39m, usernames: [] }

[90mstdout[2m | src/services/comments.service.test.ts[2m > [22m[2mCommentsService[2m > [22m[2medge cases[2m > [22m[2mshould preserve comment order by creation time
[22m[39m[CommentsService] Created comment {
  commentId: [32m'nS57QTCtTvSrOtM5ln190'[39m,
  commentableType: [32m'TRANSACTION'[39m,
  commentableId: [32m'transaction-test-001'[39m,
  authorUserId: [32m'user-test-001'[39m,
  parentCommentId: [90mundefined[39m
}
[MentionsService] Parsed mentions from text { text: [32m'Comment 0'[39m, mentionsCount: [33m0[39m, usernames: [] }

[90mstdout[2m | src/services/comments.service.test.ts[2m > [22m[2mCommentsService[2m > [22m[2medge cases[2m > [22m[2mshould preserve comment order by creation time
[22m[39m[CommentsService] Created comment {
  commentId: [32m'4ZoDQdjGYHxaVeMNsz_jC'[39m,
  commentableType: [32m'TRANSACTION'[39m,
  commentableId: [32m'transaction-test-001'[39m,
  authorUserId: [32m'user-test-001'[39m,
  parentCommentId: [90mundefined[39m
}
[MentionsService] Parsed mentions from text { text: [32m'Comment 1'[39m, mentionsCount: [33m0[39m, usernames: [] }

[90mstdout[2m | src/services/comments.service.test.ts[2m > [22m[2mCommentsService[2m > [22m[2medge cases[2m > [22m[2mshould preserve comment order by creation time
[22m[39m[CommentsService] Created comment {
  commentId: [32m'dKUmDQetMUkcSUbziniP8'[39m,
  commentableType: [32m'TRANSACTION'[39m,
  commentableId: [32m'transaction-test-001'[39m,
  authorUserId: [32m'user-test-001'[39m,
  parentCommentId: [90mundefined[39m
}
[MentionsService] Parsed mentions from text { text: [32m'Comment 2'[39m, mentionsCount: [33m0[39m, usernames: [] }

[90mstdout[2m | src/services/comments.service.test.ts[2m > [22m[2mCommentsService[2m > [22m[2medge cases[2m > [22m[2mshould preserve comment order by creation time
[22m[39m[CommentsService] Created comment {
  commentId: [32m'QREGuzxrkql5sZ98Gczib'[39m,
  commentableType: [32m'TRANSACTION'[39m,
  commentableId: [32m'transaction-test-001'[39m,
  authorUserId: [32m'user-test-001'[39m,
  parentCommentId: [90mundefined[39m
}
[MentionsService] Parsed mentions from text { text: [32m'Comment 3'[39m, mentionsCount: [33m0[39m, usernames: [] }

[90mstdout[2m | src/services/comments.service.test.ts[2m > [22m[2mCommentsService[2m > [22m[2medge cases[2m > [22m[2mshould preserve comment order by creation time
[22m[39m[CommentsService] Created comment {
  commentId: [32m'UcOm4J59xxbBTjw8yRaDp'[39m,
  commentableType: [32m'TRANSACTION'[39m,
  commentableId: [32m'transaction-test-001'[39m,
  authorUserId: [32m'user-test-001'[39m,
  parentCommentId: [90mundefined[39m
}
[MentionsService] Parsed mentions from text { text: [32m'Comment 4'[39m, mentionsCount: [33m0[39m, usernames: [] }

[90mstderr[2m | src/pages/reports/ProfitLoss.test.tsx[2m > [22m[2mProfit & Loss Report Page[2m > [22m[2mPDF Export[2m > [22m[2mshould call export function when export button clicked
[22m[39mWarning: An update to ProfitLoss inside a test was not wrapped in act(...).

When testing, code that causes React state updates should be wrapped into act(...):

act(() => {
  /* fire events that update state */
});
/* assert on the output */

This ensures that you're testing the behavior the user would see in the browser. Learn more at https://reactjs.org/link/wrap-tests-with-act
    at ProfitLoss (C:/Users/Admin/graceful_books/src/pages/reports/ProfitLoss.tsx:19:73)
    at Router (C:\Users\Admin\graceful_books\node_modules\react-router\dist\umd\react-router.development.js:1207:17)
    at BrowserRouter (C:\Users\Admin\graceful_books\node_modules\react-router-dom\dist\umd\react-router-dom.development.js:695:7)

[90mstderr[2m | src/pages/reports/ProfitLoss.test.tsx[2m > [22m[2mProfit & Loss Report Page[2m > [22m[2mPDF Export[2m > [22m[2mshould call export function when export button clicked
[22m[39mWarning: An update to ProfitLoss inside a test was not wrapped in act(...).

When testing, code that causes React state updates should be wrapped into act(...):

act(() => {
  /* fire events that update state */
});
/* assert on the output */

This ensures that you're testing the behavior the user would see in the browser. Learn more at https://reactjs.org/link/wrap-tests-with-act
    at ProfitLoss (C:/Users/Admin/graceful_books/src/pages/reports/ProfitLoss.tsx:19:73)
    at Router (C:\Users\Admin\graceful_books\node_modules\react-router\dist\umd\react-router.development.js:1207:17)
    at BrowserRouter (C:\Users\Admin\graceful_books\node_modules\react-router-dom\dist\umd\react-router-dom.development.js:695:7)

 [32m✓[39m src/services/comments.service.test.ts [2m([22m[2m53 tests[22m[2m)[22m[33m 2815[2mms[22m[39m
[90mstderr[2m | src/pages/reports/ProfitLoss.test.tsx[2m > [22m[2mProfit & Loss Report Page[2m > [22m[2mPDF Export[2m > [22m[2mshould disable export button while exporting
[22m[39mWarning: An update to ProfitLoss inside a test was not wrapped in act(...).

When testing, code that causes React state updates should be wrapped into act(...):

act(() => {
  /* fire events that update state */
});
/* assert on the output */

This ensures that you're testing the behavior the user would see in the browser. Learn more at https://reactjs.org/link/wrap-tests-with-act
    at ProfitLoss (C:/Users/Admin/graceful_books/src/pages/reports/ProfitLoss.tsx:19:73)
    at Router (C:\Users\Admin\graceful_books\node_modules\react-router\dist\umd\react-router.development.js:1207:17)
    at BrowserRouter (C:\Users\Admin\graceful_books\node_modules\react-router-dom\dist\umd\react-router-dom.development.js:695:7)

[90mstderr[2m | src/pages/reports/ProfitLoss.test.tsx[2m > [22m[2mProfit & Loss Report Page[2m > [22m[2mDate Range Selection[2m > [22m[2mshould regenerate report when date range changes
[22m[39mWarning: An update to ProfitLoss inside a test was not wrapped in act(...).

When testing, code that causes React state updates should be wrapped into act(...):

act(() => {
  /* fire events that update state */
});
/* assert on the output */

This ensures that you're testing the behavior the user would see in the browser. Learn more at https://reactjs.org/link/wrap-tests-with-act
    at ProfitLoss (C:/Users/Admin/graceful_books/src/pages/reports/ProfitLoss.tsx:19:73)
    at Router (C:\Users\Admin\graceful_books\node_modules\react-router\dist\umd\react-router.development.js:1207:17)
    at BrowserRouter (C:\Users\Admin\graceful_books\node_modules\react-router-dom\dist\umd\react-router-dom.development.js:695:7)
Warning: An update to ProfitLoss inside a test was not wrapped in act(...).

When testing, code that causes React state updates should be wrapped into act(...):

act(() => {
  /* fire events that update state */
});
/* assert on the output */

This ensures that you're testing the behavior the user would see in the browser. Learn more at https://reactjs.org/link/wrap-tests-with-act
    at ProfitLoss (C:/Users/Admin/graceful_books/src/pages/reports/ProfitLoss.tsx:19:73)
    at Router (C:\Users\Admin\graceful_books\node_modules\react-router\dist\umd\react-router.development.js:1207:17)
    at BrowserRouter (C:\Users\Admin\graceful_books\node_modules\react-router-dom\dist\umd\react-router-dom.development.js:695:7)
Warning: An update to ProfitLoss inside a test was not wrapped in act(...).

When testing, code that causes React state updates should be wrapped into act(...):

act(() => {
  /* fire events that update state */
});
/* assert on the output */

This ensures that you're testing the behavior the user would see in the browser. Learn more at https://reactjs.org/link/wrap-tests-with-act
    at ProfitLoss (C:/Users/Admin/graceful_books/src/pages/reports/ProfitLoss.tsx:19:73)
    at Router (C:\Users\Admin\graceful_books\node_modules\react-router\dist\umd\react-router.development.js:1207:17)
    at BrowserRouter (C:\Users\Admin\graceful_books\node_modules\react-router-dom\dist\umd\react-router-dom.development.js:695:7)

[90mstderr[2m | src/pages/reports/ProfitLoss.test.tsx[2m > [22m[2mProfit & Loss Report Page[2m > [22m[2mDate Range Selection[2m > [22m[2mshould regenerate report when date range changes
[22m[39mWarning: An update to ProfitLoss inside a test was not wrapped in act(...).

When testing, code that causes React state updates should be wrapped into act(...):

act(() => {
  /* fire events that update state */
});
/* assert on the output */

This ensures that you're testing the behavior the user would see in the browser. Learn more at https://reactjs.org/link/wrap-tests-with-act
    at ProfitLoss (C:/Users/Admin/graceful_books/src/pages/reports/ProfitLoss.tsx:19:73)
    at Router (C:\Users\Admin\graceful_books\node_modules\react-router\dist\umd\react-router.development.js:1207:17)
    at BrowserRouter (C:\Users\Admin\graceful_books\node_modules\react-router-dom\dist\umd\react-router-dom.development.js:695:7)
Warning: An update to ProfitLoss inside a test was not wrapped in act(...).

When testing, code that causes React state updates should be wrapped into act(...):

act(() => {
  /* fire events that update state */
});
/* assert on the output */

This ensures that you're testing the behavior the user would see in the browser. Learn more at https://reactjs.org/link/wrap-tests-with-act
    at ProfitLoss (C:/Users/Admin/graceful_books/src/pages/reports/ProfitLoss.tsx:19:73)
    at Router (C:\Users\Admin\graceful_books\node_modules\react-router\dist\umd\react-router.development.js:1207:17)
    at BrowserRouter (C:\Users\Admin\graceful_books\node_modules\react-router-dom\dist\umd\react-router-dom.development.js:695:7)

 [32m✓[39m src/pages/reports/ProfitLoss.test.tsx [2m([22m[2m16 tests[22m[2m)[22m[33m 1998[2mms[22m[39m
[90mstderr[2m | src/pages/ChartOfAccounts.test.tsx[2m > [22m[2mChartOfAccounts Page[2m > [22m[2mshould open create modal when create button is clicked
[22m[39mWarning: An update to ChartOfAccounts inside a test was not wrapped in act(...).

When testing, code that causes React state updates should be wrapped into act(...):

act(() => {
  /* fire events that update state */
});
/* assert on the output */

This ensures that you're testing the behavior the user would see in the browser. Learn more at https://reactjs.org/link/wrap-tests-with-act
    at ChartOfAccounts (C:/Users/Admin/graceful_books/src/pages/ChartOfAccounts.tsx:10:28)

[90mstderr[2m | src/pages/ChartOfAccounts.test.tsx[2m > [22m[2mChartOfAccounts Page[2m > [22m[2mshould submit create form
[22m[39mWarning: An update to ChartOfAccounts inside a test was not wrapped in act(...).

When testing, code that causes React state updates should be wrapped into act(...):

act(() => {
  /* fire events that update state */
});
/* assert on the output */

This ensures that you're testing the behavior the user would see in the browser. Learn more at https://reactjs.org/link/wrap-tests-with-act
    at ChartOfAccounts (C:/Users/Admin/graceful_books/src/pages/ChartOfAccounts.tsx:10:28)

 [32m✓[39m src/pages/ChartOfAccounts.test.tsx [2m([22m[2m5 tests[22m[2m)[22m[33m 1745[2mms[22m[39m
     [33m[2m✓[22m[39m should render page title [33m 574[2mms[22m[39m
     [33m[2m✓[22m[39m should open create modal when create button is clicked [33m 394[2mms[22m[39m
     [33m[2m✓[22m[39m should have no accessibility violations [33m 439[2mms[22m[39m
 [32m✓[39m src/components/vendors/VendorCard.test.tsx [2m([22m[2m39 tests[22m[2m)[22m[33m 1295[2mms[22m[39m
 [32m✓[39m src/components/accounts/AccountCard.test.tsx [2m([22m[2m47 tests[22m[2m)[22m[33m 1605[2mms[22m[39m
[90mstderr[2m | src/store/categorization.test.ts[2m > [22m[2mCategorization Store[2m > [22m[2mSystem Rules Initialization[2m > [22m[2mshould initialize system categorization rules
[22m[39m[Database] TreasureChest database deleted 

[90mstdout[2m | src/store/categorization.test.ts[2m > [22m[2mCategorization Store[2m > [22m[2mSystem Rules Initialization[2m > [22m[2mshould initialize system categorization rules
[22m[39m[Database] TreasureChest database initialized successfully 

[90mstdout[2m | src/store/categorization.test.ts[2m > [22m[2mCategorization Store[2m > [22m[2mSystem Rules Initialization[2m > [22m[2mshould initialize system categorization rules
[22m[39m[CategorizationStore] Initialized system categorization rules { companyId: [32m'test-company-123'[39m, count: [33m15[39m }

[90mstderr[2m | src/store/categorization.test.ts[2m > [22m[2mCategorization Store[2m > [22m[2mSystem Rules Initialization[2m > [22m[2mshould initialize system categorization rules
[22m[39m[Database] TreasureChest database deleted 

[90mstderr[2m | src/store/categorization.test.ts[2m > [22m[2mCategorization Store[2m > [22m[2mSystem Rules Initialization[2m > [22m[2mshould map system rules to correct categories
[22m[39m[Database] TreasureChest database deleted 

[90mstdout[2m | src/store/categorization.test.ts[2m > [22m[2mCategorization Store[2m > [22m[2mSystem Rules Initialization[2m > [22m[2mshould map system rules to correct categories
[22m[39m[Database] TreasureChest database initialized successfully 

[90mstdout[2m | src/store/categorization.test.ts[2m > [22m[2mCategorization Store[2m > [22m[2mSystem Rules Initialization[2m > [22m[2mshould map system rules to correct categories
[22m[39m[CategorizationStore] Initialized system categorization rules { companyId: [32m'test-company-123'[39m, count: [33m15[39m }

[90mstderr[2m | src/store/categorization.test.ts[2m > [22m[2mCategorization Store[2m > [22m[2mSystem Rules Initialization[2m > [22m[2mshould map system rules to correct categories
[22m[39m[Database] TreasureChest database deleted 

[90mstderr[2m | src/store/categorization.test.ts[2m > [22m[2mCategorization Store[2m > [22m[2mSystem Rules Initialization[2m > [22m[2mshould handle missing category names gracefully
[22m[39m[Database] TreasureChest database deleted 

[90mstdout[2m | src/store/categorization.test.ts[2m > [22m[2mCategorization Store[2m > [22m[2mSystem Rules Initialization[2m > [22m[2mshould handle missing category names gracefully
[22m[39m[Database] TreasureChest database initialized successfully 

[90mstdout[2m | src/store/categorization.test.ts[2m > [22m[2mCategorization Store[2m > [22m[2mSystem Rules Initialization[2m > [22m[2mshould handle missing category names gracefully
[22m[39m[CategorizationStore] Initialized system categorization rules { companyId: [32m'test-company-123'[39m, count: [33m11[39m }

[90mstderr[2m | src/store/categorization.test.ts[2m > [22m[2mCategorization Store[2m > [22m[2mSystem Rules Initialization[2m > [22m[2mshould handle missing category names gracefully
[22m[39m[Database] TreasureChest database deleted 

[90mstderr[2m | src/store/categorization.test.ts[2m > [22m[2mCategorization Store[2m > [22m[2mCustom Rule Management[2m > [22m[2mshould create a custom categorization rule
[22m[39m[Database] TreasureChest database deleted 

[90mstdout[2m | src/store/categorization.test.ts[2m > [22m[2mCategorization Store[2m > [22m[2mCustom Rule Management[2m > [22m[2mshould create a custom categorization rule
[22m[39m[Database] TreasureChest database initialized successfully 

[90mstdout[2m | src/store/categorization.test.ts[2m > [22m[2mCategorization Store[2m > [22m[2mCustom Rule Management[2m > [22m[2mshould create a custom categorization rule
[22m[39m[CategorizationStore] Created custom categorization rule { ruleId: [32m'583e9ce5-ad77-438c-9d47-b19957b0eb26'[39m }

[90mstderr[2m | src/store/categorization.test.ts[2m > [22m[2mCategorization Store[2m > [22m[2mCustom Rule Management[2m > [22m[2mshould create a custom categorization rule
[22m[39m[Database] TreasureChest database deleted 

[90mstderr[2m | src/store/categorization.test.ts[2m > [22m[2mCategorization Store[2m > [22m[2mCustom Rule Management[2m > [22m[2mshould validate custom rule before creation
[22m[39m[Database] TreasureChest database deleted 

[90mstdout[2m | src/store/categorization.test.ts[2m > [22m[2mCategorization Store[2m > [22m[2mCustom Rule Management[2m > [22m[2mshould validate custom rule before creation
[22m[39m[Database] TreasureChest database initialized successfully 

[90mstderr[2m | src/store/categorization.test.ts[2m > [22m[2mCategorization Store[2m > [22m[2mCustom Rule Management[2m > [22m[2mshould validate custom rule before creation
[22m[39m[Database] TreasureChest database deleted 

[90mstderr[2m | src/store/categorization.test.ts[2m > [22m[2mCategorization Store[2m > [22m[2mCustom Rule Management[2m > [22m[2mshould validate regex patterns
[22m[39m[Database] TreasureChest database deleted 

[90mstdout[2m | src/store/categorization.test.ts[2m > [22m[2mCategorization Store[2m > [22m[2mCustom Rule Management[2m > [22m[2mshould validate regex patterns
[22m[39m[Database] TreasureChest database initialized successfully 

[90mstderr[2m | src/store/categorization.test.ts[2m > [22m[2mCategorization Store[2m > [22m[2mCustom Rule Management[2m > [22m[2mshould validate regex patterns
[22m[39m[Database] TreasureChest database deleted 

[90mstderr[2m | src/store/categorization.test.ts[2m > [22m[2mCategorization Store[2m > [22m[2mCustom Rule Management[2m > [22m[2mshould update a custom rule
[22m[39m[Database] TreasureChest database deleted 

[90mstdout[2m | src/store/categorization.test.ts[2m > [22m[2mCategorization Store[2m > [22m[2mCustom Rule Management[2m > [22m[2mshould update a custom rule
[22m[39m[Database] TreasureChest database initialized successfully 

[90mstdout[2m | src/store/categorization.test.ts[2m > [22m[2mCategorization Store[2m > [22m[2mCustom Rule Management[2m > [22m[2mshould update a custom rule
[22m[39m[CategorizationStore] Created custom categorization rule { ruleId: [32m'364df82c-32c6-401f-9127-ddcab304a938'[39m }

[90mstdout[2m | src/store/categorization.test.ts[2m > [22m[2mCategorization Store[2m > [22m[2mCustom Rule Management[2m > [22m[2mshould update a custom rule
[22m[39m[CategorizationStore] Updated categorization rule { ruleId: [32m'364df82c-32c6-401f-9127-ddcab304a938'[39m }

[90mstderr[2m | src/store/categorization.test.ts[2m > [22m[2mCategorization Store[2m > [22m[2mCustom Rule Management[2m > [22m[2mshould update a custom rule
[22m[39m[Database] TreasureChest database deleted 

[90mstderr[2m | src/store/categorization.test.ts[2m > [22m[2mCategorization Store[2m > [22m[2mCustom Rule Management[2m > [22m[2mshould not allow updating system rules
[22m[39m[Database] TreasureChest database deleted 

[90mstdout[2m | src/store/categorization.test.ts[2m > [22m[2mCategorization Store[2m > [22m[2mCustom Rule Management[2m > [22m[2mshould not allow updating system rules
[22m[39m[Database] TreasureChest database initialized successfully 

[90mstdout[2m | src/store/categorization.test.ts[2m > [22m[2mCategorization Store[2m > [22m[2mCustom Rule Management[2m > [22m[2mshould not allow updating system rules
[22m[39m[CategorizationStore] Initialized system categorization rules { companyId: [32m'test-company-123'[39m, count: [33m15[39m }

[90mstderr[2m | src/store/categorization.test.ts[2m > [22m[2mCategorization Store[2m > [22m[2mCustom Rule Management[2m > [22m[2mshould not allow updating system rules
[22m[39m[Database] TreasureChest database deleted 

[90mstderr[2m | src/store/categorization.test.ts[2m > [22m[2mCategorization Store[2m > [22m[2mCustom Rule Management[2m > [22m[2mshould delete a custom rule
[22m[39m[Database] TreasureChest database deleted 

[90mstdout[2m | src/store/categorization.test.ts[2m > [22m[2mCategorization Store[2m > [22m[2mCustom Rule Management[2m > [22m[2mshould delete a custom rule
[22m[39m[Database] TreasureChest database initialized successfully 

[90mstdout[2m | src/store/categorization.test.ts[2m > [22m[2mCategorization Store[2m > [22m[2mCustom Rule Management[2m > [22m[2mshould delete a custom rule
[22m[39m[CategorizationStore] Created custom categorization rule { ruleId: [32m'0588f140-ca8e-4fc0-a483-f135d7bfd593'[39m }

[90mstdout[2m | src/store/categorization.test.ts[2m > [22m[2mCategorization Store[2m > [22m[2mCustom Rule Management[2m > [22m[2mshould delete a custom rule
[22m[39m[CategorizationStore] Deleted categorization rule { ruleId: [32m'0588f140-ca8e-4fc0-a483-f135d7bfd593'[39m }

[90mstderr[2m | src/store/categorization.test.ts[2m > [22m[2mCategorization Store[2m > [22m[2mCustom Rule Management[2m > [22m[2mshould delete a custom rule
[22m[39m[Database] TreasureChest database deleted 

[90mstderr[2m | src/store/categorization.test.ts[2m > [22m[2mCategorization Store[2m > [22m[2mCustom Rule Management[2m > [22m[2mshould not allow deleting system rules
[22m[39m[Database] TreasureChest database deleted 

[90mstdout[2m | src/store/categorization.test.ts[2m > [22m[2mCategorization Store[2m > [22m[2mCustom Rule Management[2m > [22m[2mshould not allow deleting system rules
[22m[39m[Database] TreasureChest database initialized successfully 

[90mstdout[2m | src/store/categorization.test.ts[2m > [22m[2mCategorization Store[2m > [22m[2mCustom Rule Management[2m > [22m[2mshould not allow deleting system rules
[22m[39m[CategorizationStore] Initialized system categorization rules { companyId: [32m'test-company-123'[39m, count: [33m15[39m }

[90mstderr[2m | src/store/categorization.test.ts[2m > [22m[2mCategorization Store[2m > [22m[2mCustom Rule Management[2m > [22m[2mshould not allow deleting system rules
[22m[39m[Database] TreasureChest database deleted 

[90mstderr[2m | src/store/categorization.test.ts[2m > [22m[2mCategorization Store[2m > [22m[2mCustom Rule Management[2m > [22m[2mshould get rules sorted by priority
[22m[39m[Database] TreasureChest database deleted 

[90mstdout[2m | src/store/categorization.test.ts[2m > [22m[2mCategorization Store[2m > [22m[2mCustom Rule Management[2m > [22m[2mshould get rules sorted by priority
[22m[39m[Database] TreasureChest database initialized successfully 

[90mstdout[2m | src/store/categorization.test.ts[2m > [22m[2mCategorization Store[2m > [22m[2mCustom Rule Management[2m > [22m[2mshould get rules sorted by priority
[22m[39m[CategorizationStore] Created custom categorization rule { ruleId: [32m'511814da-ea31-44c0-9a90-bccdf0e1ae3d'[39m }

[90mstdout[2m | src/store/categorization.test.ts[2m > [22m[2mCategorization Store[2m > [22m[2mCustom Rule Management[2m > [22m[2mshould get rules sorted by priority
[22m[39m[CategorizationStore] Created custom categorization rule { ruleId: [32m'57353980-94ea-4d96-8ca6-c61c8f17dd15'[39m }

[90mstderr[2m | src/store/categorization.test.ts[2m > [22m[2mCategorization Store[2m > [22m[2mCustom Rule Management[2m > [22m[2mshould get rules sorted by priority
[22m[39m[Database] TreasureChest database deleted 

[90mstderr[2m | src/store/categorization.test.ts[2m > [22m[2mCategorization Store[2m > [22m[2mCustom Rule Management[2m > [22m[2mshould filter inactive rules by default
[22m[39m[Database] TreasureChest database deleted 

[90mstdout[2m | src/store/categorization.test.ts[2m > [22m[2mCategorization Store[2m > [22m[2mCustom Rule Management[2m > [22m[2mshould filter inactive rules by default
[22m[39m[Database] TreasureChest database initialized successfully 

[90mstdout[2m | src/store/categorization.test.ts[2m > [22m[2mCategorization Store[2m > [22m[2mCustom Rule Management[2m > [22m[2mshould filter inactive rules by default
[22m[39m[CategorizationStore] Created custom categorization rule { ruleId: [32m'0008a28d-9b07-40cb-aa8b-781da601e37e'[39m }

[90mstdout[2m | src/store/categorization.test.ts[2m > [22m[2mCategorization Store[2m > [22m[2mCustom Rule Management[2m > [22m[2mshould filter inactive rules by default
[22m[39m[CategorizationStore] Created custom categorization rule { ruleId: [32m'aae68fcf-1aac-4400-8719-7d3bf1ce8144'[39m }

[90mstderr[2m | src/store/categorization.test.ts[2m > [22m[2mCategorization Store[2m > [22m[2mCustom Rule Management[2m > [22m[2mshould filter inactive rules by default
[22m[39m[Database] TreasureChest database deleted 

[90mstderr[2m | src/store/categorization.test.ts[2m > [22m[2mCategorization Store[2m > [22m[2mSuggestion History[2m > [22m[2mshould record a suggestion
[22m[39m[Database] TreasureChest database deleted 

[90mstdout[2m | src/store/categorization.test.ts[2m > [22m[2mCategorization Store[2m > [22m[2mSuggestion History[2m > [22m[2mshould record a suggestion
[22m[39m[Database] TreasureChest database initialized successfully 

[90mstdout[2m | src/store/categorization.test.ts[2m > [22m[2mCategorization Store[2m > [22m[2mSuggestion History[2m > [22m[2mshould record a suggestion
[22m[39m[CategorizationStore] Recorded suggestion history {
  transactionId: [32m'txn-123'[39m,
  suggestionId: [32m'd93c1f11-e84e-4d1d-81cf-e95e23a462a8'[39m
}

[90mstderr[2m | src/store/categorization.test.ts[2m > [22m[2mCategorization Store[2m > [22m[2mSuggestion History[2m > [22m[2mshould record a suggestion
[22m[39m[Database] TreasureChest database deleted 

[90mstderr[2m | src/store/categorization.test.ts[2m > [22m[2mCategorization Store[2m > [22m[2mSuggestion History[2m > [22m[2mshould retrieve suggestion history for a transaction
[22m[39m[Database] TreasureChest database deleted 

[90mstdout[2m | src/store/categorization.test.ts[2m > [22m[2mCategorization Store[2m > [22m[2mSuggestion History[2m > [22m[2mshould retrieve suggestion history for a transaction
[22m[39m[Database] TreasureChest database initialized successfully 

[90mstdout[2m | src/store/categorization.test.ts[2m > [22m[2mCategorization Store[2m > [22m[2mSuggestion History[2m > [22m[2mshould retrieve suggestion history for a transaction
[22m[39m[CategorizationStore] Recorded suggestion history {
  transactionId: [32m'txn-123'[39m,
  suggestionId: [32m'a304ea73-c25f-45eb-ac15-e030040b987d'[39m
}

[90mstderr[2m | src/store/categorization.test.ts[2m > [22m[2mCategorization Store[2m > [22m[2mSuggestion History[2m > [22m[2mshould retrieve suggestion history for a transaction
[22m[39m[Database] TreasureChest database deleted 

[90mstderr[2m | src/store/categorization.test.ts[2m > [22m[2mCategorization Store[2m > [22m[2mSuggestion History[2m > [22m[2mshould return null for transaction with no history
[22m[39m[Database] TreasureChest database deleted 

[90mstdout[2m | src/store/categorization.test.ts[2m > [22m[2mCategorization Store[2m > [22m[2mSuggestion History[2m > [22m[2mshould return null for transaction with no history
[22m[39m[Database] TreasureChest database initialized successfully 

[90mstderr[2m | src/store/categorization.test.ts[2m > [22m[2mCategorization Store[2m > [22m[2mSuggestion History[2m > [22m[2mshould return null for transaction with no history
[22m[39m[Database] TreasureChest database deleted 

[90mstderr[2m | src/store/categorization.test.ts[2m > [22m[2mCategorization Store[2m > [22m[2mTraining Data Management[2m > [22m[2mshould retrieve training data for a company
[22m[39m[Database] TreasureChest database deleted 

[90mstdout[2m | src/store/categorization.test.ts[2m > [22m[2mCategorization Store[2m > [22m[2mTraining Data Management[2m > [22m[2mshould retrieve training data for a company
[22m[39m[Database] TreasureChest database initialized successfully 

[90mstderr[2m | src/store/categorization.test.ts[2m > [22m[2mCategorization Store[2m > [22m[2mTraining Data Management[2m > [22m[2mshould retrieve training data for a company
[22m[39m[Database] TreasureChest database deleted 

[90mstderr[2m | src/store/categorization.test.ts[2m > [22m[2mCategorization Store[2m > [22m[2mTraining Data Management[2m > [22m[2mshould get training data statistics by category
[22m[39m[Database] TreasureChest database deleted 

[90mstdout[2m | src/store/categorization.test.ts[2m > [22m[2mCategorization Store[2m > [22m[2mTraining Data Management[2m > [22m[2mshould get training data statistics by category
[22m[39m[Database] TreasureChest database initialized successfully 

[90mstderr[2m | src/store/categorization.test.ts[2m > [22m[2mCategorization Store[2m > [22m[2mTraining Data Management[2m > [22m[2mshould get training data statistics by category
[22m[39m[Database] TreasureChest database deleted 

[90mstderr[2m | src/store/categorization.test.ts[2m > [22m[2mCategorization Store[2m > [22m[2mTraining Data Management[2m > [22m[2mshould clear training data for a company
[22m[39m[Database] TreasureChest database deleted 

[90mstdout[2m | src/store/categorization.test.ts[2m > [22m[2mCategorization Store[2m > [22m[2mTraining Data Management[2m > [22m[2mshould clear training data for a company
[22m[39m[Database] TreasureChest database initialized successfully 

[90mstdout[2m | src/store/categorization.test.ts[2m > [22m[2mCategorization Store[2m > [22m[2mTraining Data Management[2m > [22m[2mshould clear training data for a company
[22m[39m[CategorizationStore] Cleared training data { companyId: [32m'test-company-123'[39m, count: [33m5[39m }

[90mstderr[2m | src/store/categorization.test.ts[2m > [22m[2mCategorization Store[2m > [22m[2mTraining Data Management[2m > [22m[2mshould clear training data for a company
[22m[39m[Database] TreasureChest database deleted 

[90mstderr[2m | src/store/categorization.test.ts[2m > [22m[2mCategorization Store[2m > [22m[2mError Handling[2m > [22m[2mshould handle database errors gracefully
[22m[39m[Database] TreasureChest database deleted 

[90mstdout[2m | src/store/categorization.test.ts[2m > [22m[2mCategorization Store[2m > [22m[2mError Handling[2m > [22m[2mshould handle database errors gracefully
[22m[39m[Database] TreasureChest database initialized successfully 

[90mstderr[2m | src/store/categorization.test.ts[2m > [22m[2mCategorization Store[2m > [22m[2mError Handling[2m > [22m[2mshould handle database errors gracefully
[22m[39m[Database] TreasureChest database deleted 

[90mstderr[2m | src/store/categorization.test.ts[2m > [22m[2mCategorization Store[2m > [22m[2mError Handling[2m > [22m[2mshould handle non-existent rule updates
[22m[39m[Database] TreasureChest database deleted 

[90mstdout[2m | src/store/categorization.test.ts[2m > [22m[2mCategorization Store[2m > [22m[2mError Handling[2m > [22m[2mshould handle non-existent rule updates
[22m[39m[Database] TreasureChest database initialized successfully 

[90mstderr[2m | src/store/categorization.test.ts[2m > [22m[2mCategorization Store[2m > [22m[2mError Handling[2m > [22m[2mshould handle non-existent rule updates
[22m[39m[Database] TreasureChest database deleted 

[90mstderr[2m | src/store/categorization.test.ts[2m > [22m[2mCategorization Store[2m > [22m[2mError Handling[2m > [22m[2mshould handle non-existent rule deletions
[22m[39m[Database] TreasureChest database deleted 

[90mstdout[2m | src/store/categorization.test.ts[2m > [22m[2mCategorization Store[2m > [22m[2mError Handling[2m > [22m[2mshould handle non-existent rule deletions
[22m[39m[Database] TreasureChest database initialized successfully 

[90mstderr[2m | src/store/categorization.test.ts[2m > [22m[2mCategorization Store[2m > [22m[2mError Handling[2m > [22m[2mshould handle non-existent rule deletions
[22m[39m[Database] TreasureChest database deleted 

 [32m✓[39m src/store/categorization.test.ts [2m([22m[2m21 tests[22m[2m)[22m[33m 1375[2mms[22m[39m
[90mstderr[2m | src/pages/Dashboard.test.tsx[2m > [22m[2mDashboard Page[2m > [22m[2mrendering[2m > [22m[2mshould render dashboard page
[22m[39m⚠️ React Router Future Flag Warning: React Router will begin wrapping state updates in `React.startTransition` in v7. You can use the `v7_startTransition` future flag to opt-in early. For more information, see https://reactrouter.com/v6/upgrading/future#v7_starttransition.
⚠️ React Router Future Flag Warning: Relative route resolution within Splat routes is changing in v7. You can use the `v7_relativeSplatPath` future flag to opt-in early. For more information, see https://reactrouter.com/v6/upgrading/future#v7_relativesplatpath.

 [32m✓[39m src/components/assessment/AssessmentResults.test.tsx [2m([22m[2m19 tests[22m[2m)[22m[33m 1514[2mms[22m[39m
     [33m[2m✓[22m[39m displays Get Started button [32m 300[2mms[22m[39m
 [32m✓[39m src/pages/Dashboard.test.tsx [2m([22m[2m17 tests[22m[2m)[22m[33m 1244[2mms[22m[39m
       [33m[2m✓[22m[39m should render quick actions [33m 357[2mms[22m[39m
[90mstderr[2m | src/components/checklist/ChecklistItem.test.tsx[2m > [22m[2mChecklistItem[2m > [22m[2mInteractions[2m > [22m[2mopens actions menu when actions button is clicked
[22m[39mWarning: An update to ChecklistItem inside a test was not wrapped in act(...).

When testing, code that causes React state updates should be wrapped into act(...):

act(() => {
  /* fire events that update state */
});
/* assert on the output */

This ensures that you're testing the behavior the user would see in the browser. Learn more at https://reactjs.org/link/wrap-tests-with-act
    at ChecklistItem (C:/Users/Admin/graceful_books/src/components/checklist/ChecklistItem.tsx:9:3)

[90mstderr[2m | src/components/checklist/ChecklistItem.test.tsx[2m > [22m[2mChecklistItem[2m > [22m[2mInteractions[2m > [22m[2mcalls onSnooze when snooze menu item is clicked
[22m[39mWarning: An update to ChecklistItem inside a test was not wrapped in act(...).

When testing, code that causes React state updates should be wrapped into act(...):

act(() => {
  /* fire events that update state */
});
/* assert on the output */

This ensures that you're testing the behavior the user would see in the browser. Learn more at https://reactjs.org/link/wrap-tests-with-act
    at ChecklistItem (C:/Users/Admin/graceful_books/src/components/checklist/ChecklistItem.tsx:9:3)

[90mstderr[2m | src/components/checklist/ChecklistItem.test.tsx[2m > [22m[2mChecklistItem[2m > [22m[2mInteractions[2m > [22m[2mcalls onSnooze when snooze menu item is clicked
[22m[39mWarning: An update to ChecklistItem inside a test was not wrapped in act(...).

When testing, code that causes React state updates should be wrapped into act(...):

act(() => {
  /* fire events that update state */
});
/* assert on the output */

This ensures that you're testing the behavior the user would see in the browser. Learn more at https://reactjs.org/link/wrap-tests-with-act
    at ChecklistItem (C:/Users/Admin/graceful_books/src/components/checklist/ChecklistItem.tsx:9:3)

[90mstderr[2m | src/components/checklist/ChecklistItem.test.tsx[2m > [22m[2mChecklistItem[2m > [22m[2mInteractions[2m > [22m[2mcalls onDelete when delete menu item is clicked for custom items
[22m[39mWarning: An update to ChecklistItem inside a test was not wrapped in act(...).

When testing, code that causes React state updates should be wrapped into act(...):

act(() => {
  /* fire events that update state */
});
/* assert on the output */

This ensures that you're testing the behavior the user would see in the browser. Learn more at https://reactjs.org/link/wrap-tests-with-act
    at ChecklistItem (C:/Users/Admin/graceful_books/src/components/checklist/ChecklistItem.tsx:9:3)

[90mstderr[2m | src/components/checklist/ChecklistItem.test.tsx[2m > [22m[2mChecklistItem[2m > [22m[2mInteractions[2m > [22m[2mcalls onDelete when delete menu item is clicked for custom items
[22m[39mWarning: An update to ChecklistItem inside a test was not wrapped in act(...).

When testing, code that causes React state updates should be wrapped into act(...):

act(() => {
  /* fire events that update state */
});
/* assert on the output */

This ensures that you're testing the behavior the user would see in the browser. Learn more at https://reactjs.org/link/wrap-tests-with-act
    at ChecklistItem (C:/Users/Admin/graceful_books/src/components/checklist/ChecklistItem.tsx:9:3)

[90mstderr[2m | src/components/checklist/ChecklistItem.test.tsx[2m > [22m[2mChecklistItem[2m > [22m[2mKeyboard Navigation[2m > [22m[2mtoggles actions menu with Enter key
[22m[39mWarning: An update to ChecklistItem inside a test was not wrapped in act(...).

When testing, code that causes React state updates should be wrapped into act(...):

act(() => {
  /* fire events that update state */
});
/* assert on the output */

This ensures that you're testing the behavior the user would see in the browser. Learn more at https://reactjs.org/link/wrap-tests-with-act
    at ChecklistItem (C:/Users/Admin/graceful_books/src/components/checklist/ChecklistItem.tsx:9:3)

[90mstderr[2m | src/components/checklist/ChecklistItem.test.tsx[2m > [22m[2mChecklistItem[2m > [22m[2mAccessibility[2m > [22m[2mhas proper role for actions menu
[22m[39mWarning: An update to ChecklistItem inside a test was not wrapped in act(...).

When testing, code that causes React state updates should be wrapped into act(...):

act(() => {
  /* fire events that update state */
});
/* assert on the output */

This ensures that you're testing the behavior the user would see in the browser. Learn more at https://reactjs.org/link/wrap-tests-with-act
    at ChecklistItem (C:/Users/Admin/graceful_books/src/components/checklist/ChecklistItem.tsx:9:3)

 [32m✓[39m src/components/checklist/ChecklistItem.test.tsx [2m([22m[2m18 tests[22m[2m)[22m[33m 1364[2mms[22m[39m
[90mstderr[2m | src/components/dashboard/OverdueInvoicesWidget.test.tsx[2m > [22m[2mOverdueInvoicesWidget[2m > [22m[2mrendering[2m > [22m[2mshould render overdue invoices count
[22m[39m⚠️ React Router Future Flag Warning: React Router will begin wrapping state updates in `React.startTransition` in v7. You can use the `v7_startTransition` future flag to opt-in early. For more information, see https://reactrouter.com/v6/upgrading/future#v7_starttransition.
⚠️ React Router Future Flag Warning: Relative route resolution within Splat routes is changing in v7. You can use the `v7_relativeSplatPath` future flag to opt-in early. For more information, see https://reactrouter.com/v6/upgrading/future#v7_relativesplatpath.

[90mstderr[2m | src/components/wizards/steps/TemplateSelectionStep.test.tsx[2m > [22m[2mTemplateSelectionStep[2m > [22m[2mshould allow selecting a template
[22m[39mWarning: An update to TemplateSelectionStep inside a test was not wrapped in act(...).

When testing, code that causes React state updates should be wrapped into act(...):

act(() => {
  /* fire events that update state */
});
/* assert on the output */

This ensures that you're testing the behavior the user would see in the browser. Learn more at https://reactjs.org/link/wrap-tests-with-act
    at TemplateSelectionStep (C:/Users/Admin/graceful_books/src/components/wizards/steps/TemplateSelectionStep.tsx:7:3)

[90mstderr[2m | src/components/wizards/steps/TemplateSelectionStep.test.tsx[2m > [22m[2mTemplateSelectionStep[2m > [22m[2mshould allow selecting a template
[22m[39mWarning: An update to TemplateSelectionStep inside a test was not wrapped in act(...).

When testing, code that causes React state updates should be wrapped into act(...):

act(() => {
  /* fire events that update state */
});
/* assert on the output */

This ensures that you're testing the behavior the user would see in the browser. Learn more at https://reactjs.org/link/wrap-tests-with-act
    at TemplateSelectionStep (C:/Users/Admin/graceful_books/src/components/wizards/steps/TemplateSelectionStep.tsx:7:3)

[90mstderr[2m | src/components/wizards/steps/TemplateSelectionStep.test.tsx[2m > [22m[2mTemplateSelectionStep[2m > [22m[2mshould allow selecting a template
[22m[39mWarning: An update to TemplateSelectionStep inside a test was not wrapped in act(...).

When testing, code that causes React state updates should be wrapped into act(...):

act(() => {
  /* fire events that update state */
});
/* assert on the output */

This ensures that you're testing the behavior the user would see in the browser. Learn more at https://reactjs.org/link/wrap-tests-with-act
    at TemplateSelectionStep (C:/Users/Admin/graceful_books/src/components/wizards/steps/TemplateSelectionStep.tsx:7:3)

[90mstderr[2m | src/components/wizards/steps/TemplateSelectionStep.test.tsx[2m > [22m[2mTemplateSelectionStep[2m > [22m[2mshould show preview when template is selected
[22m[39mWarning: An update to TemplateSelectionStep inside a test was not wrapped in act(...).

When testing, code that causes React state updates should be wrapped into act(...):

act(() => {
  /* fire events that update state */
});
/* assert on the output */

This ensures that you're testing the behavior the user would see in the browser. Learn more at https://reactjs.org/link/wrap-tests-with-act
    at TemplateSelectionStep (C:/Users/Admin/graceful_books/src/components/wizards/steps/TemplateSelectionStep.tsx:7:3)

[90mstderr[2m | src/components/wizards/steps/TemplateSelectionStep.test.tsx[2m > [22m[2mTemplateSelectionStep[2m > [22m[2mshould show preview when template is selected
[22m[39mWarning: An update to TemplateSelectionStep inside a test was not wrapped in act(...).

When testing, code that causes React state updates should be wrapped into act(...):

act(() => {
  /* fire events that update state */
});
/* assert on the output */

This ensures that you're testing the behavior the user would see in the browser. Learn more at https://reactjs.org/link/wrap-tests-with-act
    at TemplateSelectionStep (C:/Users/Admin/graceful_books/src/components/wizards/steps/TemplateSelectionStep.tsx:7:3)

[90mstderr[2m | src/components/wizards/steps/TemplateSelectionStep.test.tsx[2m > [22m[2mTemplateSelectionStep[2m > [22m[2mshould show preview when template is selected
[22m[39mWarning: An update to TemplateSelectionStep inside a test was not wrapped in act(...).

When testing, code that causes React state updates should be wrapped into act(...):

act(() => {
  /* fire events that update state */
});
/* assert on the output */

This ensures that you're testing the behavior the user would see in the browser. Learn more at https://reactjs.org/link/wrap-tests-with-act
    at TemplateSelectionStep (C:/Users/Admin/graceful_books/src/components/wizards/steps/TemplateSelectionStep.tsx:7:3)

 [32m✓[39m src/components/dashboard/OverdueInvoicesWidget.test.tsx [2m([22m[2m33 tests[22m[2m)[22m[33m 1410[2mms[22m[39m
[90mstderr[2m | src/components/wizards/steps/TemplateSelectionStep.test.tsx[2m > [22m[2mTemplateSelectionStep[2m > [22m[2mshould call onSelect when continue button is clicked
[22m[39mWarning: An update to TemplateSelectionStep inside a test was not wrapped in act(...).

When testing, code that causes React state updates should be wrapped into act(...):

act(() => {
  /* fire events that update state */
});
/* assert on the output */

This ensures that you're testing the behavior the user would see in the browser. Learn more at https://reactjs.org/link/wrap-tests-with-act
    at TemplateSelectionStep (C:/Users/Admin/graceful_books/src/components/wizards/steps/TemplateSelectionStep.tsx:7:3)

[90mstderr[2m | src/components/wizards/steps/TemplateSelectionStep.test.tsx[2m > [22m[2mTemplateSelectionStep[2m > [22m[2mshould call onSelect when continue button is clicked
[22m[39mWarning: An update to TemplateSelectionStep inside a test was not wrapped in act(...).

When testing, code that causes React state updates should be wrapped into act(...):

act(() => {
  /* fire events that update state */
});
/* assert on the output */

This ensures that you're testing the behavior the user would see in the browser. Learn more at https://reactjs.org/link/wrap-tests-with-act
    at TemplateSelectionStep (C:/Users/Admin/graceful_books/src/components/wizards/steps/TemplateSelectionStep.tsx:7:3)

[90mstderr[2m | src/components/wizards/steps/TemplateSelectionStep.test.tsx[2m > [22m[2mTemplateSelectionStep[2m > [22m[2mshould call onSelect when continue button is clicked
[22m[39mWarning: An update to TemplateSelectionStep inside a test was not wrapped in act(...).

When testing, code that causes React state updates should be wrapped into act(...):

act(() => {
  /* fire events that update state */
});
/* assert on the output */

This ensures that you're testing the behavior the user would see in the browser. Learn more at https://reactjs.org/link/wrap-tests-with-act
    at TemplateSelectionStep (C:/Users/Admin/graceful_books/src/components/wizards/steps/TemplateSelectionStep.tsx:7:3)

[90mstderr[2m | src/components/wizards/steps/TemplateSelectionStep.test.tsx[2m > [22m[2mTemplateSelectionStep[2m > [22m[2mshould call onSelect when continue button is clicked
[22m[39mWarning: An update to TemplateSelectionStep inside a test was not wrapped in act(...).

When testing, code that causes React state updates should be wrapped into act(...):

act(() => {
  /* fire events that update state */
});
/* assert on the output */

This ensures that you're testing the behavior the user would see in the browser. Learn more at https://reactjs.org/link/wrap-tests-with-act
    at TemplateSelectionStep (C:/Users/Admin/graceful_books/src/components/wizards/steps/TemplateSelectionStep.tsx:7:3)

[90mstderr[2m | src/components/wizards/steps/TemplateSelectionStep.test.tsx[2m > [22m[2mTemplateSelectionStep[2m > [22m[2mshould call onSelect when continue button is clicked
[22m[39mWarning: An update to TemplateSelectionStep inside a test was not wrapped in act(...).

When testing, code that causes React state updates should be wrapped into act(...):

act(() => {
  /* fire events that update state */
});
/* assert on the output */

This ensures that you're testing the behavior the user would see in the browser. Learn more at https://reactjs.org/link/wrap-tests-with-act
    at TemplateSelectionStep (C:/Users/Admin/graceful_books/src/components/wizards/steps/TemplateSelectionStep.tsx:7:3)

[90mstderr[2m | src/components/wizards/steps/TemplateSelectionStep.test.tsx[2m > [22m[2mTemplateSelectionStep[2m > [22m[2mshould be keyboard accessible
[22m[39mWarning: An update to TemplateSelectionStep inside a test was not wrapped in act(...).

When testing, code that causes React state updates should be wrapped into act(...):

act(() => {
  /* fire events that update state */
});
/* assert on the output */

This ensures that you're testing the behavior the user would see in the browser. Learn more at https://reactjs.org/link/wrap-tests-with-act
    at TemplateSelectionStep (C:/Users/Admin/graceful_books/src/components/wizards/steps/TemplateSelectionStep.tsx:7:3)

[90mstderr[2m | src/components/wizards/steps/TemplateSelectionStep.test.tsx[2m > [22m[2mTemplateSelectionStep[2m > [22m[2mshould be keyboard accessible
[22m[39mWarning: An update to TemplateSelectionStep inside a test was not wrapped in act(...).

When testing, code that causes React state updates should be wrapped into act(...):

act(() => {
  /* fire events that update state */
});
/* assert on the output */

This ensures that you're testing the behavior the user would see in the browser. Learn more at https://reactjs.org/link/wrap-tests-with-act
    at TemplateSelectionStep (C:/Users/Admin/graceful_books/src/components/wizards/steps/TemplateSelectionStep.tsx:7:3)

 [32m✓[39m src/components/wizards/steps/TemplateSelectionStep.test.tsx [2m([22m[2m10 tests[22m[2m)[22m[33m 1329[2mms[22m[39m
     [33m[2m✓[22m[39m should allow selecting a template [33m 358[2mms[22m[39m
 [32m✓[39m src/components/core/Button.test.tsx [2m([22m[2m32 tests[22m[2m)[22m[33m 1069[2mms[22m[39m
       [33m[2m✓[22m[39m should render with default props [33m 302[2mms[22m[39m
[90mstderr[2m | src/services/categorization.service.test.ts[2m > [22m[2mCategorizationService[2m > [22m[2mRule-Based Suggestions[2m > [22m[2mshould suggest category based on vendor name pattern
[22m[39m[Database] TreasureChest database deleted 

[90mstdout[2m | src/services/categorization.service.test.ts[2m > [22m[2mCategorizationService[2m > [22m[2mRule-Based Suggestions[2m > [22m[2mshould suggest category based on vendor name pattern
[22m[39m[Database] TreasureChest database initialized successfully 

[90mstdout[2m | src/services/categorization.service.test.ts[2m > [22m[2mCategorizationService[2m > [22m[2mRule-Based Suggestions[2m > [22m[2mshould suggest category based on vendor name pattern
[22m[39m[CategorizationService] Initializing categorization service { companyId: [32m'test-company-123'[39m }

[90mstdout[2m | src/services/categorization.service.test.ts[2m > [22m[2mCategorizationService[2m > [22m[2mRule-Based Suggestions[2m > [22m[2mshould suggest category based on vendor name pattern
[22m[39m[CategorizationService] Loaded categories into cache { count: [33m7[39m }

[90mstdout[2m | src/services/categorization.service.test.ts[2m > [22m[2mCategorizationService[2m > [22m[2mRule-Based Suggestions[2m > [22m[2mshould suggest category based on vendor name pattern
[22m[39m[CategorizationService] Loaded rules into cache { count: [33m0[39m }

[90mstdout[2m | src/services/categorization.service.test.ts[2m > [22m[2mCategorizationService[2m > [22m[2mRule-Based Suggestions[2m > [22m[2mshould suggest category based on vendor name pattern
[22m[39m[CategorizationService] No trained model found 

[90mstdout[2m | src/services/categorization.service.test.ts[2m > [22m[2mCategorizationService[2m > [22m[2mRule-Based Suggestions[2m > [22m[2mshould suggest category based on vendor name pattern
[22m[39m[CategorizationService] Categorization service initialized successfully 

[90mstdout[2m | src/services/categorization.service.test.ts[2m > [22m[2mCategorizationService[2m > [22m[2mRule-Based Suggestions[2m > [22m[2mshould suggest category based on vendor name pattern
[22m[39m[CategorizationService] Initializing categorization service { companyId: [32m'test-company-123'[39m }

[90mstdout[2m | src/services/categorization.service.test.ts[2m > [22m[2mCategorizationService[2m > [22m[2mRule-Based Suggestions[2m > [22m[2mshould suggest category based on vendor name pattern
[22m[39m[CategorizationService] Loaded categories into cache { count: [33m7[39m }

[90mstdout[2m | src/services/categorization.service.test.ts[2m > [22m[2mCategorizationService[2m > [22m[2mRule-Based Suggestions[2m > [22m[2mshould suggest category based on vendor name pattern
[22m[39m[CategorizationService] Loaded rules into cache { count: [33m1[39m }

[90mstdout[2m | src/services/categorization.service.test.ts[2m > [22m[2mCategorizationService[2m > [22m[2mRule-Based Suggestions[2m > [22m[2mshould suggest category based on vendor name pattern
[22m[39m[CategorizationService] No trained model found 

[90mstdout[2m | src/services/categorization.service.test.ts[2m > [22m[2mCategorizationService[2m > [22m[2mRule-Based Suggestions[2m > [22m[2mshould suggest category based on vendor name pattern
[22m[39m[CategorizationService] Categorization service initialized successfully 

[90mstderr[2m | src/services/categorization.service.test.ts[2m > [22m[2mCategorizationService[2m > [22m[2mRule-Based Suggestions[2m > [22m[2mshould suggest category based on vendor name pattern
[22m[39m[Database] TreasureChest database deleted 

[90mstderr[2m | src/services/categorization.service.test.ts[2m > [22m[2mCategorizationService[2m > [22m[2mRule-Based Suggestions[2m > [22m[2mshould suggest category based on description pattern
[22m[39m[Database] TreasureChest database deleted 

[90mstdout[2m | src/services/categorization.service.test.ts[2m > [22m[2mCategorizationService[2m > [22m[2mRule-Based Suggestions[2m > [22m[2mshould suggest category based on description pattern
[22m[39m[Database] TreasureChest database initialized successfully 

[90mstdout[2m | src/services/categorization.service.test.ts[2m > [22m[2mCategorizationService[2m > [22m[2mRule-Based Suggestions[2m > [22m[2mshould suggest category based on description pattern
[22m[39m[CategorizationService] Initializing categorization service { companyId: [32m'test-company-123'[39m }

[90mstdout[2m | src/services/categorization.service.test.ts[2m > [22m[2mCategorizationService[2m > [22m[2mRule-Based Suggestions[2m > [22m[2mshould suggest category based on description pattern
[22m[39m[CategorizationService] Loaded categories into cache { count: [33m7[39m }

[90mstdout[2m | src/services/categorization.service.test.ts[2m > [22m[2mCategorizationService[2m > [22m[2mRule-Based Suggestions[2m > [22m[2mshould suggest category based on description pattern
[22m[39m[CategorizationService] Loaded rules into cache { count: [33m0[39m }

[90mstdout[2m | src/services/categorization.service.test.ts[2m > [22m[2mCategorizationService[2m > [22m[2mRule-Based Suggestions[2m > [22m[2mshould suggest category based on description pattern
[22m[39m[CategorizationService] No trained model found 

[90mstdout[2m | src/services/categorization.service.test.ts[2m > [22m[2mCategorizationService[2m > [22m[2mRule-Based Suggestions[2m > [22m[2mshould suggest category based on description pattern
[22m[39m[CategorizationService] Categorization service initialized successfully 

[90mstdout[2m | src/services/categorization.service.test.ts[2m > [22m[2mCategorizationService[2m > [22m[2mRule-Based Suggestions[2m > [22m[2mshould suggest category based on description pattern
[22m[39m[CategorizationService] Initializing categorization service { companyId: [32m'test-company-123'[39m }

[90mstdout[2m | src/services/categorization.service.test.ts[2m > [22m[2mCategorizationService[2m > [22m[2mRule-Based Suggestions[2m > [22m[2mshould suggest category based on description pattern
[22m[39m[CategorizationService] Loaded categories into cache { count: [33m7[39m }

[90mstdout[2m | src/services/categorization.service.test.ts[2m > [22m[2mCategorizationService[2m > [22m[2mRule-Based Suggestions[2m > [22m[2mshould suggest category based on description pattern
[22m[39m[CategorizationService] Loaded rules into cache { count: [33m1[39m }

[90mstdout[2m | src/services/categorization.service.test.ts[2m > [22m[2mCategorizationService[2m > [22m[2mRule-Based Suggestions[2m > [22m[2mshould suggest category based on description pattern
[22m[39m[CategorizationService] No trained model found 

[90mstdout[2m | src/services/categorization.service.test.ts[2m > [22m[2mCategorizationService[2m > [22m[2mRule-Based Suggestions[2m > [22m[2mshould suggest category based on description pattern
[22m[39m[CategorizationService] Categorization service initialized successfully 

[90mstderr[2m | src/services/categorization.service.test.ts[2m > [22m[2mCategorizationService[2m > [22m[2mRule-Based Suggestions[2m > [22m[2mshould suggest category based on description pattern
[22m[39m[Database] TreasureChest database deleted 

[90mstderr[2m | src/services/categorization.service.test.ts[2m > [22m[2mCategorizationService[2m > [22m[2mRule-Based Suggestions[2m > [22m[2mshould prioritize user rules over system rules
[22m[39m[Database] TreasureChest database deleted 

[90mstdout[2m | src/services/categorization.service.test.ts[2m > [22m[2mCategorizationService[2m > [22m[2mRule-Based Suggestions[2m > [22m[2mshould prioritize user rules over system rules
[22m[39m[Database] TreasureChest database initialized successfully 

[90mstdout[2m | src/services/categorization.service.test.ts[2m > [22m[2mCategorizationService[2m > [22m[2mRule-Based Suggestions[2m > [22m[2mshould prioritize user rules over system rules
[22m[39m[CategorizationService] Initializing categorization service { companyId: [32m'test-company-123'[39m }

[90mstdout[2m | src/services/categorization.service.test.ts[2m > [22m[2mCategorizationService[2m > [22m[2mRule-Based Suggestions[2m > [22m[2mshould prioritize user rules over system rules
[22m[39m[CategorizationService] Loaded categories into cache { count: [33m7[39m }

[90mstdout[2m | src/services/categorization.service.test.ts[2m > [22m[2mCategorizationService[2m > [22m[2mRule-Based Suggestions[2m > [22m[2mshould prioritize user rules over system rules
[22m[39m[CategorizationService] Loaded rules into cache { count: [33m0[39m }

[90mstdout[2m | src/services/categorization.service.test.ts[2m > [22m[2mCategorizationService[2m > [22m[2mRule-Based Suggestions[2m > [22m[2mshould prioritize user rules over system rules
[22m[39m[CategorizationService] No trained model found 

[90mstdout[2m | src/services/categorization.service.test.ts[2m > [22m[2mCategorizationService[2m > [22m[2mRule-Based Suggestions[2m > [22m[2mshould prioritize user rules over system rules
[22m[39m[CategorizationService] Categorization service initialized successfully 

[90mstdout[2m | src/services/categorization.service.test.ts[2m > [22m[2mCategorizationService[2m > [22m[2mRule-Based Suggestions[2m > [22m[2mshould prioritize user rules over system rules
[22m[39m[CategorizationService] Initializing categorization service { companyId: [32m'test-company-123'[39m }

[90mstdout[2m | src/services/categorization.service.test.ts[2m > [22m[2mCategorizationService[2m > [22m[2mRule-Based Suggestions[2m > [22m[2mshould prioritize user rules over system rules
[22m[39m[CategorizationService] Loaded categories into cache { count: [33m7[39m }

[90mstdout[2m | src/services/categorization.service.test.ts[2m > [22m[2mCategorizationService[2m > [22m[2mRule-Based Suggestions[2m > [22m[2mshould prioritize user rules over system rules
[22m[39m[CategorizationService] Loaded rules into cache { count: [33m2[39m }

[90mstdout[2m | src/services/categorization.service.test.ts[2m > [22m[2mCategorizationService[2m > [22m[2mRule-Based Suggestions[2m > [22m[2mshould prioritize user rules over system rules
[22m[39m[CategorizationService] No trained model found 

[90mstdout[2m | src/services/categorization.service.test.ts[2m > [22m[2mCategorizationService[2m > [22m[2mRule-Based Suggestions[2m > [22m[2mshould prioritize user rules over system rules
[22m[39m[CategorizationService] Categorization service initialized successfully 

[90mstderr[2m | src/services/categorization.service.test.ts[2m > [22m[2mCategorizationService[2m > [22m[2mRule-Based Suggestions[2m > [22m[2mshould prioritize user rules over system rules
[22m[39m[Database] TreasureChest database deleted 

[90mstderr[2m | src/services/categorization.service.test.ts[2m > [22m[2mCategorizationService[2m > [22m[2mRule-Based Suggestions[2m > [22m[2mshould handle regex patterns correctly
[22m[39m[Database] TreasureChest database deleted 

[90mstdout[2m | src/services/categorization.service.test.ts[2m > [22m[2mCategorizationService[2m > [22m[2mRule-Based Suggestions[2m > [22m[2mshould handle regex patterns correctly
[22m[39m[Database] TreasureChest database initialized successfully 

[90mstdout[2m | src/services/categorization.service.test.ts[2m > [22m[2mCategorizationService[2m > [22m[2mRule-Based Suggestions[2m > [22m[2mshould handle regex patterns correctly
[22m[39m[CategorizationService] Initializing categorization service { companyId: [32m'test-company-123'[39m }

[90mstdout[2m | src/services/categorization.service.test.ts[2m > [22m[2mCategorizationService[2m > [22m[2mRule-Based Suggestions[2m > [22m[2mshould handle regex patterns correctly
[22m[39m[CategorizationService] Loaded categories into cache { count: [33m7[39m }

[90mstdout[2m | src/services/categorization.service.test.ts[2m > [22m[2mCategorizationService[2m > [22m[2mRule-Based Suggestions[2m > [22m[2mshould handle regex patterns correctly
[22m[39m[CategorizationService] Loaded rules into cache { count: [33m0[39m }

[90mstdout[2m | src/services/categorization.service.test.ts[2m > [22m[2mCategorizationService[2m > [22m[2mRule-Based Suggestions[2m > [22m[2mshould handle regex patterns correctly
[22m[39m[CategorizationService] No trained model found 

[90mstdout[2m | src/services/categorization.service.test.ts[2m > [22m[2mCategorizationService[2m > [22m[2mRule-Based Suggestions[2m > [22m[2mshould handle regex patterns correctly
[22m[39m[CategorizationService] Categorization service initialized successfully 

[90mstdout[2m | src/services/categorization.service.test.ts[2m > [22m[2mCategorizationService[2m > [22m[2mRule-Based Suggestions[2m > [22m[2mshould handle regex patterns correctly
[22m[39m[CategorizationService] Initializing categorization service { companyId: [32m'test-company-123'[39m }

[90mstdout[2m | src/services/categorization.service.test.ts[2m > [22m[2mCategorizationService[2m > [22m[2mRule-Based Suggestions[2m > [22m[2mshould handle regex patterns correctly
[22m[39m[CategorizationService] Loaded categories into cache { count: [33m7[39m }

[90mstdout[2m | src/services/categorization.service.test.ts[2m > [22m[2mCategorizationService[2m > [22m[2mRule-Based Suggestions[2m > [22m[2mshould handle regex patterns correctly
[22m[39m[CategorizationService] Loaded rules into cache { count: [33m1[39m }

[90mstdout[2m | src/services/categorization.service.test.ts[2m > [22m[2mCategorizationService[2m > [22m[2mRule-Based Suggestions[2m > [22m[2mshould handle regex patterns correctly
[22m[39m[CategorizationService] No trained model found 

[90mstdout[2m | src/services/categorization.service.test.ts[2m > [22m[2mCategorizationService[2m > [22m[2mRule-Based Suggestions[2m > [22m[2mshould handle regex patterns correctly
[22m[39m[CategorizationService] Categorization service initialized successfully 

[90mstderr[2m | src/services/categorization.service.test.ts[2m > [22m[2mCategorizationService[2m > [22m[2mRule-Based Suggestions[2m > [22m[2mshould handle regex patterns correctly
[22m[39m[Database] TreasureChest database deleted 

[90mstderr[2m | src/services/categorization.service.test.ts[2m > [22m[2mCategorizationService[2m > [22m[2mLearning Mechanism[2m > [22m[2mshould record feedback and create training data
[22m[39m[Database] TreasureChest database deleted 

[90mstdout[2m | src/services/categorization.service.test.ts[2m > [22m[2mCategorizationService[2m > [22m[2mLearning Mechanism[2m > [22m[2mshould record feedback and create training data
[22m[39m[Database] TreasureChest database initialized successfully 

[90mstdout[2m | src/services/categorization.service.test.ts[2m > [22m[2mCategorizationService[2m > [22m[2mLearning Mechanism[2m > [22m[2mshould record feedback and create training data
[22m[39m[CategorizationService] Initializing categorization service { companyId: [32m'test-company-123'[39m }

[90mstdout[2m | src/services/categorization.service.test.ts[2m > [22m[2mCategorizationService[2m > [22m[2mLearning Mechanism[2m > [22m[2mshould record feedback and create training data
[22m[39m[CategorizationService] Loaded categories into cache { count: [33m7[39m }

[90mstdout[2m | src/services/categorization.service.test.ts[2m > [22m[2mCategorizationService[2m > [22m[2mLearning Mechanism[2m > [22m[2mshould record feedback and create training data
[22m[39m[CategorizationService] Loaded rules into cache { count: [33m0[39m }

[90mstdout[2m | src/services/categorization.service.test.ts[2m > [22m[2mCategorizationService[2m > [22m[2mLearning Mechanism[2m > [22m[2mshould record feedback and create training data
[22m[39m[CategorizationService] No trained model found 

[90mstdout[2m | src/services/categorization.service.test.ts[2m > [22m[2mCategorizationService[2m > [22m[2mLearning Mechanism[2m > [22m[2mshould record feedback and create training data
[22m[39m[CategorizationService] Categorization service initialized successfully 

[90mstdout[2m | src/services/categorization.service.test.ts[2m > [22m[2mCategorizationService[2m > [22m[2mLearning Mechanism[2m > [22m[2mshould record feedback and create training data
[22m[39m[CategorizationService] Recorded feedback successfully { transactionId: [32m'txn-123'[39m, wasCorrection: [33mtrue[39m }

[90mstderr[2m | src/services/categorization.service.test.ts[2m > [22m[2mCategorizationService[2m > [22m[2mLearning Mechanism[2m > [22m[2mshould record feedback and create training data
[22m[39m[Database] TreasureChest database deleted 

[90mstderr[2m | src/services/categorization.service.test.ts[2m > [22m[2mCategorizationService[2m > [22m[2mLearning Mechanism[2m > [22m[2mshould update accuracy metrics when feedback is recorded
[22m[39m[Database] TreasureChest database deleted 

[90mstdout[2m | src/services/categorization.service.test.ts[2m > [22m[2mCategorizationService[2m > [22m[2mLearning Mechanism[2m > [22m[2mshould update accuracy metrics when feedback is recorded
[22m[39m[Database] TreasureChest database initialized successfully 

[90mstdout[2m | src/services/categorization.service.test.ts[2m > [22m[2mCategorizationService[2m > [22m[2mLearning Mechanism[2m > [22m[2mshould update accuracy metrics when feedback is recorded
[22m[39m[CategorizationService] Initializing categorization service { companyId: [32m'test-company-123'[39m }

[90mstdout[2m | src/services/categorization.service.test.ts[2m > [22m[2mCategorizationService[2m > [22m[2mLearning Mechanism[2m > [22m[2mshould update accuracy metrics when feedback is recorded
[22m[39m[CategorizationService] Loaded categories into cache { count: [33m7[39m }

[90mstdout[2m | src/services/categorization.service.test.ts[2m > [22m[2mCategorizationService[2m > [22m[2mLearning Mechanism[2m > [22m[2mshould update accuracy metrics when feedback is recorded
[22m[39m[CategorizationService] Loaded rules into cache { count: [33m0[39m }

[90mstdout[2m | src/services/categorization.service.test.ts[2m > [22m[2mCategorizationService[2m > [22m[2mLearning Mechanism[2m > [22m[2mshould update accuracy metrics when feedback is recorded
[22m[39m[CategorizationService] No trained model found 

[90mstdout[2m | src/services/categorization.service.test.ts[2m > [22m[2mCategorizationService[2m > [22m[2mLearning Mechanism[2m > [22m[2mshould update accuracy metrics when feedback is recorded
[22m[39m[CategorizationService] Categorization service initialized successfully 

[90mstdout[2m | src/services/categorization.service.test.ts[2m > [22m[2mCategorizationService[2m > [22m[2mLearning Mechanism[2m > [22m[2mshould update accuracy metrics when feedback is recorded
[22m[39m[CategorizationService] Recorded feedback successfully { transactionId: [32m'txn-1'[39m, wasCorrection: [33mfalse[39m }

[90mstderr[2m | src/services/categorization.service.test.ts[2m > [22m[2mCategorizationService[2m > [22m[2mLearning Mechanism[2m > [22m[2mshould update accuracy metrics when feedback is recorded
[22m[39m[Database] TreasureChest database deleted 

[90mstderr[2m | src/services/categorization.service.test.ts[2m > [22m[2mCategorizationService[2m > [22m[2mLearning Mechanism[2m > [22m[2mshould track confidence-level breakdown in accuracy metrics
[22m[39m[Database] TreasureChest database deleted 

[90mstdout[2m | src/services/categorization.service.test.ts[2m > [22m[2mCategorizationService[2m > [22m[2mLearning Mechanism[2m > [22m[2mshould track confidence-level breakdown in accuracy metrics
[22m[39m[Database] TreasureChest database initialized successfully 

[90mstdout[2m | src/services/categorization.service.test.ts[2m > [22m[2mCategorizationService[2m > [22m[2mLearning Mechanism[2m > [22m[2mshould track confidence-level breakdown in accuracy metrics
[22m[39m[CategorizationService] Initializing categorization service { companyId: [32m'test-company-123'[39m }

[90mstdout[2m | src/services/categorization.service.test.ts[2m > [22m[2mCategorizationService[2m > [22m[2mLearning Mechanism[2m > [22m[2mshould track confidence-level breakdown in accuracy metrics
[22m[39m[CategorizationService] Loaded categories into cache { count: [33m7[39m }

[90mstdout[2m | src/services/categorization.service.test.ts[2m > [22m[2mCategorizationService[2m > [22m[2mLearning Mechanism[2m > [22m[2mshould track confidence-level breakdown in accuracy metrics
[22m[39m[CategorizationService] Loaded rules into cache { count: [33m0[39m }

[90mstdout[2m | src/services/categorization.service.test.ts[2m > [22m[2mCategorizationService[2m > [22m[2mLearning Mechanism[2m > [22m[2mshould track confidence-level breakdown in accuracy metrics
[22m[39m[CategorizationService] No trained model found 

[90mstdout[2m | src/services/categorization.service.test.ts[2m > [22m[2mCategorizationService[2m > [22m[2mLearning Mechanism[2m > [22m[2mshould track confidence-level breakdown in accuracy metrics
[22m[39m[CategorizationService] Categorization service initialized successfully 

[90mstdout[2m | src/services/categorization.service.test.ts[2m > [22m[2mCategorizationService[2m > [22m[2mLearning Mechanism[2m > [22m[2mshould track confidence-level breakdown in accuracy metrics
[22m[39m[CategorizationService] Recorded feedback successfully { transactionId: [32m'txn-1'[39m, wasCorrection: [33mfalse[39m }

[90mstdout[2m | src/services/categorization.service.test.ts[2m > [22m[2mCategorizationService[2m > [22m[2mLearning Mechanism[2m > [22m[2mshould track confidence-level breakdown in accuracy metrics
[22m[39m[CategorizationService] Recorded feedback successfully { transactionId: [32m'txn-2'[39m, wasCorrection: [33mtrue[39m }

[90mstderr[2m | src/services/categorization.service.test.ts[2m > [22m[2mCategorizationService[2m > [22m[2mLearning Mechanism[2m > [22m[2mshould track confidence-level breakdown in accuracy metrics
[22m[39m[Database] TreasureChest database deleted 

[90mstderr[2m | src/services/categorization.service.test.ts[2m > [22m[2mCategorizationService[2m > [22m[2mML Model Training[2m > [22m[2mshould not train with insufficient data
[22m[39m[Database] TreasureChest database deleted 

[90mstdout[2m | src/services/categorization.service.test.ts[2m > [22m[2mCategorizationService[2m > [22m[2mML Model Training[2m > [22m[2mshould not train with insufficient data
[22m[39m[Database] TreasureChest database initialized successfully 

[90mstdout[2m | src/services/categorization.service.test.ts[2m > [22m[2mCategorizationService[2m > [22m[2mML Model Training[2m > [22m[2mshould not train with insufficient data
[22m[39m[CategorizationService] Initializing categorization service { companyId: [32m'test-company-123'[39m }

[90mstdout[2m | src/services/categorization.service.test.ts[2m > [22m[2mCategorizationService[2m > [22m[2mML Model Training[2m > [22m[2mshould not train with insufficient data
[22m[39m[CategorizationService] Loaded categories into cache { count: [33m7[39m }

[90mstdout[2m | src/services/categorization.service.test.ts[2m > [22m[2mCategorizationService[2m > [22m[2mML Model Training[2m > [22m[2mshould not train with insufficient data
[22m[39m[CategorizationService] Loaded rules into cache { count: [33m0[39m }

[90mstdout[2m | src/services/categorization.service.test.ts[2m > [22m[2mCategorizationService[2m > [22m[2mML Model Training[2m > [22m[2mshould not train with insufficient data
[22m[39m[CategorizationService] No trained model found 

[90mstdout[2m | src/services/categorization.service.test.ts[2m > [22m[2mCategorizationService[2m > [22m[2mML Model Training[2m > [22m[2mshould not train with insufficient data
[22m[39m[CategorizationService] Categorization service initialized successfully 

[90mstdout[2m | src/services/categorization.service.test.ts[2m > [22m[2mCategorizationService[2m > [22m[2mML Model Training[2m > [22m[2mshould not train with insufficient data
[22m[39m[CategorizationService] Recorded feedback successfully { transactionId: [32m'txn-0'[39m, wasCorrection: [33mfalse[39m }

[90mstdout[2m | src/services/categorization.service.test.ts[2m > [22m[2mCategorizationService[2m > [22m[2mML Model Training[2m > [22m[2mshould not train with insufficient data
[22m[39m[CategorizationService] Recorded feedback successfully { transactionId: [32m'txn-1'[39m, wasCorrection: [33mfalse[39m }

[90mstdout[2m | src/services/categorization.service.test.ts[2m > [22m[2mCategorizationService[2m > [22m[2mML Model Training[2m > [22m[2mshould not train with insufficient data
[22m[39m[CategorizationService] Recorded feedback successfully { transactionId: [32m'txn-2'[39m, wasCorrection: [33mfalse[39m }

[90mstdout[2m | src/services/categorization.service.test.ts[2m > [22m[2mCategorizationService[2m > [22m[2mML Model Training[2m > [22m[2mshould not train with insufficient data
[22m[39m[CategorizationService] Recorded feedback successfully { transactionId: [32m'txn-3'[39m, wasCorrection: [33mfalse[39m }

[90mstdout[2m | src/services/categorization.service.test.ts[2m > [22m[2mCategorizationService[2m > [22m[2mML Model Training[2m > [22m[2mshould not train with insufficient data
[22m[39m[CategorizationService] Recorded feedback successfully { transactionId: [32m'txn-4'[39m, wasCorrection: [33mfalse[39m }

[90mstderr[2m | src/services/categorization.service.test.ts[2m > [22m[2mCategorizationService[2m > [22m[2mML Model Training[2m > [22m[2mshould not train with insufficient data
[22m[39m[Database] TreasureChest database deleted 

[90mstderr[2m | src/services/categorization.service.test.ts[2m > [22m[2mCategorizationService[2m > [22m[2mML Model Training[2m > [22m[2mshould train model with sufficient data
[22m[39m[Database] TreasureChest database deleted 

[90mstdout[2m | src/services/categorization.service.test.ts[2m > [22m[2mCategorizationService[2m > [22m[2mML Model Training[2m > [22m[2mshould train model with sufficient data
[22m[39m[Database] TreasureChest database initialized successfully 

[90mstdout[2m | src/services/categorization.service.test.ts[2m > [22m[2mCategorizationService[2m > [22m[2mML Model Training[2m > [22m[2mshould train model with sufficient data
[22m[39m[CategorizationService] Initializing categorization service { companyId: [32m'test-company-123'[39m }

[90mstdout[2m | src/services/categorization.service.test.ts[2m > [22m[2mCategorizationService[2m > [22m[2mML Model Training[2m > [22m[2mshould train model with sufficient data
[22m[39m[CategorizationService] Loaded categories into cache { count: [33m7[39m }

[90mstdout[2m | src/services/categorization.service.test.ts[2m > [22m[2mCategorizationService[2m > [22m[2mML Model Training[2m > [22m[2mshould train model with sufficient data
[22m[39m[CategorizationService] Loaded rules into cache { count: [33m0[39m }

[90mstdout[2m | src/services/categorization.service.test.ts[2m > [22m[2mCategorizationService[2m > [22m[2mML Model Training[2m > [22m[2mshould train model with sufficient data
[22m[39m[CategorizationService] No trained model found 

[90mstdout[2m | src/services/categorization.service.test.ts[2m > [22m[2mCategorizationService[2m > [22m[2mML Model Training[2m > [22m[2mshould train model with sufficient data
[22m[39m[CategorizationService] Categorization service initialized successfully 

[90mstdout[2m | src/services/categorization.service.test.ts[2m > [22m[2mCategorizationService[2m > [22m[2mML Model Training[2m > [22m[2mshould train model with sufficient data
[22m[39m[CategorizationService] Starting model training 

[90mstdout[2m | src/services/categorization.service.test.ts[2m > [22m[2mCategorizationService[2m > [22m[2mML Model Training[2m > [22m[2mshould train model with sufficient data
[22m[39m[CategorizationService] Model training completed successfully { trainingExamples: [33m10[39m }

[90mstderr[2m | src/services/categorization.service.test.ts[2m > [22m[2mCategorizationService[2m > [22m[2mML Model Training[2m > [22m[2mshould train model with sufficient data
[22m[39m[Database] TreasureChest database deleted 

[90mstderr[2m | src/services/categorization.service.test.ts[2m > [22m[2mCategorizationService[2m > [22m[2mAccuracy Tracking[2m > [22m[2mshould calculate overall accuracy correctly
[22m[39m[Database] TreasureChest database deleted 

[90mstdout[2m | src/services/categorization.service.test.ts[2m > [22m[2mCategorizationService[2m > [22m[2mAccuracy Tracking[2m > [22m[2mshould calculate overall accuracy correctly
[22m[39m[Database] TreasureChest database initialized successfully 

[90mstdout[2m | src/services/categorization.service.test.ts[2m > [22m[2mCategorizationService[2m > [22m[2mAccuracy Tracking[2m > [22m[2mshould calculate overall accuracy correctly
[22m[39m[CategorizationService] Initializing categorization service { companyId: [32m'test-company-123'[39m }

[90mstdout[2m | src/services/categorization.service.test.ts[2m > [22m[2mCategorizationService[2m > [22m[2mAccuracy Tracking[2m > [22m[2mshould calculate overall accuracy correctly
[22m[39m[CategorizationService] Loaded categories into cache { count: [33m7[39m }

[90mstdout[2m | src/services/categorization.service.test.ts[2m > [22m[2mCategorizationService[2m > [22m[2mAccuracy Tracking[2m > [22m[2mshould calculate overall accuracy correctly
[22m[39m[CategorizationService] Loaded rules into cache { count: [33m0[39m }

[90mstdout[2m | src/services/categorization.service.test.ts[2m > [22m[2mCategorizationService[2m > [22m[2mAccuracy Tracking[2m > [22m[2mshould calculate overall accuracy correctly
[22m[39m[CategorizationService] No trained model found 

[90mstdout[2m | src/services/categorization.service.test.ts[2m > [22m[2mCategorizationService[2m > [22m[2mAccuracy Tracking[2m > [22m[2mshould calculate overall accuracy correctly
[22m[39m[CategorizationService] Categorization service initialized successfully 

[90mstdout[2m | src/services/categorization.service.test.ts[2m > [22m[2mCategorizationService[2m > [22m[2mAccuracy Tracking[2m > [22m[2mshould calculate overall accuracy correctly
[22m[39m[CategorizationService] Recorded feedback successfully { transactionId: [32m'txn-accepted-0'[39m, wasCorrection: [33mfalse[39m }

[90mstdout[2m | src/services/categorization.service.test.ts[2m > [22m[2mCategorizationService[2m > [22m[2mAccuracy Tracking[2m > [22m[2mshould calculate overall accuracy correctly
[22m[39m[CategorizationService] Recorded feedback successfully { transactionId: [32m'txn-accepted-1'[39m, wasCorrection: [33mfalse[39m }

[90mstdout[2m | src/services/categorization.service.test.ts[2m > [22m[2mCategorizationService[2m > [22m[2mAccuracy Tracking[2m > [22m[2mshould calculate overall accuracy correctly
[22m[39m[CategorizationService] Recorded feedback successfully { transactionId: [32m'txn-accepted-2'[39m, wasCorrection: [33mfalse[39m }

[90mstdout[2m | src/services/categorization.service.test.ts[2m > [22m[2mCategorizationService[2m > [22m[2mAccuracy Tracking[2m > [22m[2mshould calculate overall accuracy correctly
[22m[39m[CategorizationService] Recorded feedback successfully { transactionId: [32m'txn-corrected-0'[39m, wasCorrection: [33mtrue[39m }

[90mstdout[2m | src/services/categorization.service.test.ts[2m > [22m[2mCategorizationService[2m > [22m[2mAccuracy Tracking[2m > [22m[2mshould calculate overall accuracy correctly
[22m[39m[CategorizationService] Recorded feedback successfully { transactionId: [32m'txn-corrected-1'[39m, wasCorrection: [33mtrue[39m }

[90mstderr[2m | src/services/categorization.service.test.ts[2m > [22m[2mCategorizationService[2m > [22m[2mAccuracy Tracking[2m > [22m[2mshould calculate overall accuracy correctly
[22m[39m[Database] TreasureChest database deleted 

[90mstderr[2m | src/services/categorization.service.test.ts[2m > [22m[2mCategorizationService[2m > [22m[2mAccuracy Tracking[2m > [22m[2mshould track suggestion quality improvement over time
[22m[39m[Database] TreasureChest database deleted 

[90mstdout[2m | src/services/categorization.service.test.ts[2m > [22m[2mCategorizationService[2m > [22m[2mAccuracy Tracking[2m > [22m[2mshould track suggestion quality improvement over time
[22m[39m[Database] TreasureChest database initialized successfully 

[90mstdout[2m | src/services/categorization.service.test.ts[2m > [22m[2mCategorizationService[2m > [22m[2mAccuracy Tracking[2m > [22m[2mshould track suggestion quality improvement over time
[22m[39m[CategorizationService] Initializing categorization service { companyId: [32m'test-company-123'[39m }

[90mstdout[2m | src/services/categorization.service.test.ts[2m > [22m[2mCategorizationService[2m > [22m[2mAccuracy Tracking[2m > [22m[2mshould track suggestion quality improvement over time
[22m[39m[CategorizationService] Loaded categories into cache { count: [33m7[39m }

[90mstdout[2m | src/services/categorization.service.test.ts[2m > [22m[2mCategorizationService[2m > [22m[2mAccuracy Tracking[2m > [22m[2mshould track suggestion quality improvement over time
[22m[39m[CategorizationService] Loaded rules into cache { count: [33m0[39m }

[90mstdout[2m | src/services/categorization.service.test.ts[2m > [22m[2mCategorizationService[2m > [22m[2mAccuracy Tracking[2m > [22m[2mshould track suggestion quality improvement over time
[22m[39m[CategorizationService] No trained model found 

[90mstdout[2m | src/services/categorization.service.test.ts[2m > [22m[2mCategorizationService[2m > [22m[2mAccuracy Tracking[2m > [22m[2mshould track suggestion quality improvement over time
[22m[39m[CategorizationService] Categorization service initialized successfully 

[90mstdout[2m | src/services/categorization.service.test.ts[2m > [22m[2mCategorizationService[2m > [22m[2mAccuracy Tracking[2m > [22m[2mshould track suggestion quality improvement over time
[22m[39m[CategorizationService] Recorded feedback successfully { transactionId: [32m'txn-early-0'[39m, wasCorrection: [33mfalse[39m }

[90mstdout[2m | src/services/categorization.service.test.ts[2m > [22m[2mCategorizationService[2m > [22m[2mAccuracy Tracking[2m > [22m[2mshould track suggestion quality improvement over time
[22m[39m[CategorizationService] Recorded feedback successfully { transactionId: [32m'txn-early-1'[39m, wasCorrection: [33mfalse[39m }

[90mstdout[2m | src/services/categorization.service.test.ts[2m > [22m[2mCategorizationService[2m > [22m[2mAccuracy Tracking[2m > [22m[2mshould track suggestion quality improvement over time
[22m[39m[CategorizationService] Recorded feedback successfully { transactionId: [32m'txn-early-2'[39m, wasCorrection: [33mtrue[39m }

[90mstdout[2m | src/services/categorization.service.test.ts[2m > [22m[2mCategorizationService[2m > [22m[2mAccuracy Tracking[2m > [22m[2mshould track suggestion quality improvement over time
[22m[39m[CategorizationService] Recorded feedback successfully { transactionId: [32m'txn-early-3'[39m, wasCorrection: [33mtrue[39m }

[90mstdout[2m | src/services/categorization.service.test.ts[2m > [22m[2mCategorizationService[2m > [22m[2mAccuracy Tracking[2m > [22m[2mshould track suggestion quality improvement over time
[22m[39m[CategorizationService] Recorded feedback successfully { transactionId: [32m'txn-early-4'[39m, wasCorrection: [33mtrue[39m }

[90mstdout[2m | src/services/categorization.service.test.ts[2m > [22m[2mCategorizationService[2m > [22m[2mAccuracy Tracking[2m > [22m[2mshould track suggestion quality improvement over time
[22m[39m[CategorizationService] Recorded feedback successfully { transactionId: [32m'txn-later-0'[39m, wasCorrection: [33mfalse[39m }

[90mstdout[2m | src/services/categorization.service.test.ts[2m > [22m[2mCategorizationService[2m > [22m[2mAccuracy Tracking[2m > [22m[2mshould track suggestion quality improvement over time
[22m[39m[CategorizationService] Recorded feedback successfully { transactionId: [32m'txn-later-1'[39m, wasCorrection: [33mfalse[39m }

[90mstdout[2m | src/services/categorization.service.test.ts[2m > [22m[2mCategorizationService[2m > [22m[2mAccuracy Tracking[2m > [22m[2mshould track suggestion quality improvement over time
[22m[39m[CategorizationService] Recorded feedback successfully { transactionId: [32m'txn-later-2'[39m, wasCorrection: [33mfalse[39m }

[90mstdout[2m | src/services/categorization.service.test.ts[2m > [22m[2mCategorizationService[2m > [22m[2mAccuracy Tracking[2m > [22m[2mshould track suggestion quality improvement over time
[22m[39m[CategorizationService] Recorded feedback successfully { transactionId: [32m'txn-later-3'[39m, wasCorrection: [33mfalse[39m }

[90mstdout[2m | src/services/categorization.service.test.ts[2m > [22m[2mCategorizationService[2m > [22m[2mAccuracy Tracking[2m > [22m[2mshould track suggestion quality improvement over time
[22m[39m[CategorizationService] Starting model training 

[90mstdout[2m | src/services/categorization.service.test.ts[2m > [22m[2mCategorizationService[2m > [22m[2mAccuracy Tracking[2m > [22m[2mshould track suggestion quality improvement over time
[22m[39m[CategorizationService] Model training completed successfully { trainingExamples: [33m10[39m }

[90mstdout[2m | src/services/categorization.service.test.ts[2m > [22m[2mCategorizationService[2m > [22m[2mAccuracy Tracking[2m > [22m[2mshould track suggestion quality improvement over time
[22m[39m[CategorizationService] Recorded feedback successfully { transactionId: [32m'txn-later-4'[39m, wasCorrection: [33mfalse[39m }

[90mstderr[2m | src/services/categorization.service.test.ts[2m > [22m[2mCategorizationService[2m > [22m[2mAccuracy Tracking[2m > [22m[2mshould track suggestion quality improvement over time
[22m[39m[Database] TreasureChest database deleted 

[90mstderr[2m | src/services/categorization.service.test.ts[2m > [22m[2mCategorizationService[2m > [22m[2mBulk Categorization[2m > [22m[2mshould bulk categorize multiple transactions
[22m[39m[Database] TreasureChest database deleted 

[90mstdout[2m | src/services/categorization.service.test.ts[2m > [22m[2mCategorizationService[2m > [22m[2mBulk Categorization[2m > [22m[2mshould bulk categorize multiple transactions
[22m[39m[Database] TreasureChest database initialized successfully 

[90mstdout[2m | src/services/categorization.service.test.ts[2m > [22m[2mCategorizationService[2m > [22m[2mBulk Categorization[2m > [22m[2mshould bulk categorize multiple transactions
[22m[39m[CategorizationService] Initializing categorization service { companyId: [32m'test-company-123'[39m }

[90mstdout[2m | src/services/categorization.service.test.ts[2m > [22m[2mCategorizationService[2m > [22m[2mBulk Categorization[2m > [22m[2mshould bulk categorize multiple transactions
[22m[39m[CategorizationService] Loaded categories into cache { count: [33m7[39m }

[90mstdout[2m | src/services/categorization.service.test.ts[2m > [22m[2mCategorizationService[2m > [22m[2mBulk Categorization[2m > [22m[2mshould bulk categorize multiple transactions
[22m[39m[CategorizationService] Loaded rules into cache { count: [33m0[39m }

[90mstdout[2m | src/services/categorization.service.test.ts[2m > [22m[2mCategorizationService[2m > [22m[2mBulk Categorization[2m > [22m[2mshould bulk categorize multiple transactions
[22m[39m[CategorizationService] No trained model found 

[90mstdout[2m | src/services/categorization.service.test.ts[2m > [22m[2mCategorizationService[2m > [22m[2mBulk Categorization[2m > [22m[2mshould bulk categorize multiple transactions
[22m[39m[CategorizationService] Categorization service initialized successfully 

[90mstderr[2m | src/services/categorization.service.test.ts[2m > [22m[2mCategorizationService[2m > [22m[2mBulk Categorization[2m > [22m[2mshould bulk categorize multiple transactions
[22m[39m[Database] TreasureChest database deleted 

[90mstderr[2m | src/services/categorization.service.test.ts[2m > [22m[2mCategorizationService[2m > [22m[2mHybrid Approach[2m > [22m[2mshould use rules when ML confidence is insufficient
[22m[39m[Database] TreasureChest database deleted 

[90mstdout[2m | src/services/categorization.service.test.ts[2m > [22m[2mCategorizationService[2m > [22m[2mHybrid Approach[2m > [22m[2mshould use rules when ML confidence is insufficient
[22m[39m[Database] TreasureChest database initialized successfully 

[90mstdout[2m | src/services/categorization.service.test.ts[2m > [22m[2mCategorizationService[2m > [22m[2mHybrid Approach[2m > [22m[2mshould use rules when ML confidence is insufficient
[22m[39m[CategorizationService] Initializing categorization service { companyId: [32m'test-company-123'[39m }

[90mstdout[2m | src/services/categorization.service.test.ts[2m > [22m[2mCategorizationService[2m > [22m[2mHybrid Approach[2m > [22m[2mshould use rules when ML confidence is insufficient
[22m[39m[CategorizationService] Loaded categories into cache { count: [33m7[39m }

[90mstdout[2m | src/services/categorization.service.test.ts[2m > [22m[2mCategorizationService[2m > [22m[2mHybrid Approach[2m > [22m[2mshould use rules when ML confidence is insufficient
[22m[39m[CategorizationService] Loaded rules into cache { count: [33m0[39m }

[90mstdout[2m | src/services/categorization.service.test.ts[2m > [22m[2mCategorizationService[2m > [22m[2mHybrid Approach[2m > [22m[2mshould use rules when ML confidence is insufficient
[22m[39m[CategorizationService] No trained model found 

[90mstdout[2m | src/services/categorization.service.test.ts[2m > [22m[2mCategorizationService[2m > [22m[2mHybrid Approach[2m > [22m[2mshould use rules when ML confidence is insufficient
[22m[39m[CategorizationService] Categorization service initialized successfully 

[90mstdout[2m | src/services/categorization.service.test.ts[2m > [22m[2mCategorizationService[2m > [22m[2mHybrid Approach[2m > [22m[2mshould use rules when ML confidence is insufficient
[22m[39m[CategorizationService] Initializing categorization service { companyId: [32m'test-company-123'[39m }

[90mstdout[2m | src/services/categorization.service.test.ts[2m > [22m[2mCategorizationService[2m > [22m[2mHybrid Approach[2m > [22m[2mshould use rules when ML confidence is insufficient
[22m[39m[CategorizationService] Loaded categories into cache { count: [33m7[39m }

[90mstdout[2m | src/services/categorization.service.test.ts[2m > [22m[2mCategorizationService[2m > [22m[2mHybrid Approach[2m > [22m[2mshould use rules when ML confidence is insufficient
[22m[39m[CategorizationService] Loaded rules into cache { count: [33m1[39m }

[90mstdout[2m | src/services/categorization.service.test.ts[2m > [22m[2mCategorizationService[2m > [22m[2mHybrid Approach[2m > [22m[2mshould use rules when ML confidence is insufficient
[22m[39m[CategorizationService] No trained model found 

[90mstdout[2m | src/services/categorization.service.test.ts[2m > [22m[2mCategorizationService[2m > [22m[2mHybrid Approach[2m > [22m[2mshould use rules when ML confidence is insufficient
[22m[39m[CategorizationService] Categorization service initialized successfully 

[90mstdout[2m | src/services/categorization.service.test.ts[2m > [22m[2mCategorizationService[2m > [22m[2mHybrid Approach[2m > [22m[2mshould use rules when ML confidence is insufficient
[22m[39m[CategorizationService] Starting model training 

[90mstdout[2m | src/services/categorization.service.test.ts[2m > [22m[2mCategorizationService[2m > [22m[2mHybrid Approach[2m > [22m[2mshould use rules when ML confidence is insufficient
[22m[39m[CategorizationService] Model training completed successfully { trainingExamples: [33m40[39m }

[90mstderr[2m | src/services/categorization.service.test.ts[2m > [22m[2mCategorizationService[2m > [22m[2mHybrid Approach[2m > [22m[2mshould use rules when ML confidence is insufficient
[22m[39m[Database] TreasureChest database deleted 

[90mstderr[2m | src/services/categorization.service.test.ts[2m > [22m[2mCategorizationService[2m > [22m[2mError Handling[2m > [22m[2mshould handle missing vendor name gracefully
[22m[39m[Database] TreasureChest database deleted 

[90mstdout[2m | src/services/categorization.service.test.ts[2m > [22m[2mCategorizationService[2m > [22m[2mError Handling[2m > [22m[2mshould handle missing vendor name gracefully
[22m[39m[Database] TreasureChest database initialized successfully 

[90mstdout[2m | src/services/categorization.service.test.ts[2m > [22m[2mCategorizationService[2m > [22m[2mError Handling[2m > [22m[2mshould handle missing vendor name gracefully
[22m[39m[CategorizationService] Initializing categorization service { companyId: [32m'test-company-123'[39m }

[90mstdout[2m | src/services/categorization.service.test.ts[2m > [22m[2mCategorizationService[2m > [22m[2mError Handling[2m > [22m[2mshould handle missing vendor name gracefully
[22m[39m[CategorizationService] Loaded categories into cache { count: [33m7[39m }

[90mstdout[2m | src/services/categorization.service.test.ts[2m > [22m[2mCategorizationService[2m > [22m[2mError Handling[2m > [22m[2mshould handle missing vendor name gracefully
[22m[39m[CategorizationService] Loaded rules into cache { count: [33m0[39m }

[90mstdout[2m | src/services/categorization.service.test.ts[2m > [22m[2mCategorizationService[2m > [22m[2mError Handling[2m > [22m[2mshould handle missing vendor name gracefully
[22m[39m[CategorizationService] No trained model found 

[90mstdout[2m | src/services/categorization.service.test.ts[2m > [22m[2mCategorizationService[2m > [22m[2mError Handling[2m > [22m[2mshould handle missing vendor name gracefully
[22m[39m[CategorizationService] Categorization service initialized successfully 

[90mstderr[2m | src/services/categorization.service.test.ts[2m > [22m[2mCategorizationService[2m > [22m[2mError Handling[2m > [22m[2mshould handle missing vendor name gracefully
[22m[39m[Database] TreasureChest database deleted 

[90mstderr[2m | src/services/categorization.service.test.ts[2m > [22m[2mCategorizationService[2m > [22m[2mError Handling[2m > [22m[2mshould return null when no suggestion is available
[22m[39m[Database] TreasureChest database deleted 

[90mstdout[2m | src/services/categorization.service.test.ts[2m > [22m[2mCategorizationService[2m > [22m[2mError Handling[2m > [22m[2mshould return null when no suggestion is available
[22m[39m[Database] TreasureChest database initialized successfully 

[90mstdout[2m | src/services/categorization.service.test.ts[2m > [22m[2mCategorizationService[2m > [22m[2mError Handling[2m > [22m[2mshould return null when no suggestion is available
[22m[39m[CategorizationService] Initializing categorization service { companyId: [32m'test-company-123'[39m }

[90mstdout[2m | src/services/categorization.service.test.ts[2m > [22m[2mCategorizationService[2m > [22m[2mError Handling[2m > [22m[2mshould return null when no suggestion is available
[22m[39m[CategorizationService] Loaded categories into cache { count: [33m7[39m }

[90mstdout[2m | src/services/categorization.service.test.ts[2m > [22m[2mCategorizationService[2m > [22m[2mError Handling[2m > [22m[2mshould return null when no suggestion is available
[22m[39m[CategorizationService] Loaded rules into cache { count: [33m0[39m }

[90mstdout[2m | src/services/categorization.service.test.ts[2m > [22m[2mCategorizationService[2m > [22m[2mError Handling[2m > [22m[2mshould return null when no suggestion is available
[22m[39m[CategorizationService] No trained model found 

[90mstdout[2m | src/services/categorization.service.test.ts[2m > [22m[2mCategorizationService[2m > [22m[2mError Handling[2m > [22m[2mshould return null when no suggestion is available
[22m[39m[CategorizationService] Categorization service initialized successfully 

[90mstderr[2m | src/services/categorization.service.test.ts[2m > [22m[2mCategorizationService[2m > [22m[2mError Handling[2m > [22m[2mshould return null when no suggestion is available
[22m[39m[Database] TreasureChest database deleted 

 [32m✓[39m src/services/categorization.service.test.ts [2m([22m[2m15 tests[22m[2m)[22m[33m 1252[2mms[22m[39m
 [32m✓[39m src/components/dashboard/QuickActions.test.tsx [2m([22m[2m26 tests[22m[2m)[22m[33m 1088[2mms[22m[39m
 [32m✓[39m src/components/reports/BalanceSheetReport.test.tsx [2m([22m[2m15 tests[22m[2m)[22m[33m 945[2mms[22m[39m
 [32m✓[39m src/components/checklist/ChecklistProgress.test.tsx [2m([22m[2m22 tests[22m[2m)[22m[33m 998[2mms[22m[39m
 [32m✓[39m src/components/help/HelpCenter.test.tsx [2m([22m[2m21 tests[22m[2m)[22m[33m 1065[2mms[22m[39m
[90mstdout[2m | src/services/reconciliationHistory.service.test.ts[2m > [22m[2mReconciliationHistory Service[2m > [22m[2mPattern Operations[2m > [22m[2mcreatePattern[2m > [22m[2mshould create a new reconciliation pattern
[22m[39m[ReconciliationHistory] Created reconciliation pattern {
  patternId: [32m'UQ9SsHAyYPAtxDNUSLCVh'[39m,
  vendorName: [32m'amazon web services'[39m
}

[90mstdout[2m | src/services/reconciliationHistory.service.test.ts[2m > [22m[2mReconciliationHistory Service[2m > [22m[2mPattern Operations[2m > [22m[2mcreatePattern[2m > [22m[2mshould normalize vendor name
[22m[39m[ReconciliationHistory] Created reconciliation pattern {
  patternId: [32m'tpEuAO9chwke-nv4ypA4F'[39m,
  vendorName: [32m'amazon web services'[39m
}

[90mstdout[2m | src/services/reconciliationHistory.service.test.ts[2m > [22m[2mReconciliationHistory Service[2m > [22m[2mPattern Operations[2m > [22m[2mcreatePattern[2m > [22m[2mshould log audit trail on creation
[22m[39m[ReconciliationHistory] Created reconciliation pattern { patternId: [32m'_IIANDjpswUqjWc5OLupE'[39m, vendorName: [32m'test vendor'[39m }

[90mstdout[2m | src/services/reconciliationHistory.service.test.ts[2m > [22m[2mReconciliationHistory Service[2m > [22m[2mPattern Operations[2m > [22m[2mcreatePattern[2m > [22m[2mshould return error if pattern already exists
[22m[39m[ReconciliationHistory] Created reconciliation pattern { patternId: [32m'qQpNJC03oKyY5B1riryJp'[39m, vendorName: [32m'test vendor'[39m }

[90mstdout[2m | src/services/reconciliationHistory.service.test.ts[2m > [22m[2mReconciliationHistory Service[2m > [22m[2mPattern Operations[2m > [22m[2mcreatePattern[2m > [22m[2mshould handle encryption context
[22m[39m[ReconciliationHistory] Created reconciliation pattern { patternId: [32m'0gCBs30Iigcsv4jFJaxvt'[39m, vendorName: [32m'test vendor'[39m }

[90mstdout[2m | src/services/reconciliationHistory.service.test.ts[2m > [22m[2mReconciliationHistory Service[2m > [22m[2mPattern Operations[2m > [22m[2mupdatePattern[2m > [22m[2mshould update an existing pattern
[22m[39m[ReconciliationHistory] Created reconciliation pattern { patternId: [32m'ziIt34Y9jKx9s6G8klF8r'[39m, vendorName: [32m'test vendor'[39m }

[90mstdout[2m | src/services/reconciliationHistory.service.test.ts[2m > [22m[2mReconciliationHistory Service[2m > [22m[2mPattern Operations[2m > [22m[2mupdatePattern[2m > [22m[2mshould update an existing pattern
[22m[39m[ReconciliationHistory] Updated reconciliation pattern {
  patternId: [32m'ziIt34Y9jKx9s6G8klF8r'[39m,
  changedFields: [ [32m'confidence'[39m, [32m'match_count'[39m ]
}

[90mstdout[2m | src/services/reconciliationHistory.service.test.ts[2m > [22m[2mReconciliationHistory Service[2m > [22m[2mPattern Operations[2m > [22m[2mupdatePattern[2m > [22m[2mshould log audit trail on update
[22m[39m[ReconciliationHistory] Created reconciliation pattern { patternId: [32m'j7CT90Zb0Drmf_DQcuigO'[39m, vendorName: [32m'test vendor'[39m }

[90mstdout[2m | src/services/reconciliationHistory.service.test.ts[2m > [22m[2mReconciliationHistory Service[2m > [22m[2mPattern Operations[2m > [22m[2mupdatePattern[2m > [22m[2mshould log audit trail on update
[22m[39m[ReconciliationHistory] Updated reconciliation pattern { patternId: [32m'j7CT90Zb0Drmf_DQcuigO'[39m, changedFields: [ [32m'confidence'[39m ] }

[90mstdout[2m | src/services/reconciliationHistory.service.test.ts[2m > [22m[2mReconciliationHistory Service[2m > [22m[2mPattern Operations[2m > [22m[2mlearnFromMatch[2m > [22m[2mshould create pattern if none exists
[22m[39m[ReconciliationHistory] Created reconciliation pattern { patternId: [32m'nBJRZJKC2BAmqp-sAhOT1'[39m, vendorName: [32m'aws payment'[39m }

[90mstdout[2m | src/services/reconciliationHistory.service.test.ts[2m > [22m[2mReconciliationHistory Service[2m > [22m[2mPattern Operations[2m > [22m[2mlearnFromMatch[2m > [22m[2mshould create pattern if none exists
[22m[39m[ReconciliationHistory] Updated reconciliation pattern {
  patternId: [32m'nBJRZJKC2BAmqp-sAhOT1'[39m,
  changedFields: [
    [32m'description_patterns'[39m,
    [32m'typical_amount_range'[39m,
    [32m'typical_day_of_month'[39m,
    [32m'confidence'[39m,
    [32m'last_matched_at'[39m,
    [32m'match_count'[39m
  ]
}

[90mstdout[2m | src/services/reconciliationHistory.service.test.ts[2m > [22m[2mReconciliationHistory Service[2m > [22m[2mPattern Operations[2m > [22m[2mlearnFromMatch[2m > [22m[2mshould update existing pattern on successful match
[22m[39m[ReconciliationHistory] Created reconciliation pattern { patternId: [32m'NrEFOhK-qjtvRC3X6yTed'[39m, vendorName: [32m'aws'[39m }

[90mstdout[2m | src/services/reconciliationHistory.service.test.ts[2m > [22m[2mReconciliationHistory Service[2m > [22m[2mPattern Operations[2m > [22m[2mlearnFromMatch[2m > [22m[2mshould update existing pattern on successful match
[22m[39m[ReconciliationHistory] Created reconciliation pattern { patternId: [32m'RAN1U0k9foDroqATLqUHe'[39m, vendorName: [32m'aws payment'[39m }

[90mstdout[2m | src/services/reconciliationHistory.service.test.ts[2m > [22m[2mReconciliationHistory Service[2m > [22m[2mPattern Operations[2m > [22m[2mlearnFromMatch[2m > [22m[2mshould update existing pattern on successful match
[22m[39m[ReconciliationHistory] Updated reconciliation pattern {
  patternId: [32m'RAN1U0k9foDroqATLqUHe'[39m,
  changedFields: [
    [32m'description_patterns'[39m,
    [32m'typical_amount_range'[39m,
    [32m'typical_day_of_month'[39m,
    [32m'confidence'[39m,
    [32m'last_matched_at'[39m,
    [32m'match_count'[39m
  ]
}

[90mstdout[2m | src/services/reconciliationHistory.service.test.ts[2m > [22m[2mReconciliationHistory Service[2m > [22m[2mPattern Operations[2m > [22m[2mlearnFromMatch[2m > [22m[2mshould adjust confidence based on match success
[22m[39m[ReconciliationHistory] Created reconciliation pattern { patternId: [32m'dtiN0wnkMUOuTDhyCo_qb'[39m, vendorName: [32m'aws payment'[39m }

[90mstdout[2m | src/services/reconciliationHistory.service.test.ts[2m > [22m[2mReconciliationHistory Service[2m > [22m[2mPattern Operations[2m > [22m[2mlearnFromMatch[2m > [22m[2mshould adjust confidence based on match success
[22m[39m[ReconciliationHistory] Updated reconciliation pattern {
  patternId: [32m'dtiN0wnkMUOuTDhyCo_qb'[39m,
  changedFields: [
    [32m'description_patterns'[39m,
    [32m'typical_amount_range'[39m,
    [32m'typical_day_of_month'[39m,
    [32m'confidence'[39m,
    [32m'last_matched_at'[39m,
    [32m'match_count'[39m
  ]
}

[90mstdout[2m | src/services/reconciliationHistory.service.test.ts[2m > [22m[2mReconciliationHistory Service[2m > [22m[2mPattern Operations[2m > [22m[2mlearnFromMatch[2m > [22m[2mshould adjust confidence based on match success
[22m[39m[ReconciliationHistory] Updated reconciliation pattern {
  patternId: [32m'dtiN0wnkMUOuTDhyCo_qb'[39m,
  changedFields: [
    [32m'description_patterns'[39m,
    [32m'typical_amount_range'[39m,
    [32m'typical_day_of_month'[39m,
    [32m'confidence'[39m,
    [32m'last_matched_at'[39m,
    [32m'match_count'[39m
  ]
}

[90mstdout[2m | src/services/reconciliationHistory.service.test.ts[2m > [22m[2mReconciliationHistory Service[2m > [22m[2mPattern Operations[2m > [22m[2mgetPatterns[2m > [22m[2mshould retrieve all patterns for a company
[22m[39m[ReconciliationHistory] Created reconciliation pattern { patternId: [32m'iUQrIFxk8dbSfG-ED9Qos'[39m, vendorName: [32m'vendor a'[39m }

[90mstdout[2m | src/services/reconciliationHistory.service.test.ts[2m > [22m[2mReconciliationHistory Service[2m > [22m[2mPattern Operations[2m > [22m[2mgetPatterns[2m > [22m[2mshould retrieve all patterns for a company
[22m[39m[ReconciliationHistory] Created reconciliation pattern { patternId: [32m'yCmSe2imT0BE9vER0oqki'[39m, vendorName: [32m'vendor b'[39m }

[90mstdout[2m | src/services/reconciliationHistory.service.test.ts[2m > [22m[2mReconciliationHistory Service[2m > [22m[2mPattern Operations[2m > [22m[2mgetPatterns[2m > [22m[2mshould retrieve all patterns for a company
[22m[39m[ReconciliationHistory] Created reconciliation pattern { patternId: [32m'R_RXgksrieQNDPAysm0b4'[39m, vendorName: [32m'vendor c'[39m }

[90mstdout[2m | src/services/reconciliationHistory.service.test.ts[2m > [22m[2mReconciliationHistory Service[2m > [22m[2mPattern Operations[2m > [22m[2mgetPatternByVendor[2m > [22m[2mshould retrieve pattern by vendor name
[22m[39m[ReconciliationHistory] Created reconciliation pattern { patternId: [32m'PANDohThOD7CZTWe_wS8p'[39m, vendorName: [32m'amazon'[39m }

[90mstdout[2m | src/services/reconciliationHistory.service.test.ts[2m > [22m[2mReconciliationHistory Service[2m > [22m[2mPattern Operations[2m > [22m[2mgetPatternByVendor[2m > [22m[2mshould normalize vendor name for lookup
[22m[39m[ReconciliationHistory] Created reconciliation pattern { patternId: [32m'7mWx2fbMzc9wzuMRF9U4x'[39m, vendorName: [32m'amazon'[39m }

[90mstdout[2m | src/services/reconciliationHistory.service.test.ts[2m > [22m[2mReconciliationHistory Service[2m > [22m[2mPattern Operations[2m > [22m[2mdeletePattern[2m > [22m[2mshould delete a pattern
[22m[39m[ReconciliationHistory] Created reconciliation pattern { patternId: [32m'JaUn9NoVU5S5sWD34TNYX'[39m, vendorName: [32m'test vendor'[39m }

[90mstdout[2m | src/services/reconciliationHistory.service.test.ts[2m > [22m[2mReconciliationHistory Service[2m > [22m[2mPattern Operations[2m > [22m[2mdeletePattern[2m > [22m[2mshould delete a pattern
[22m[39m[ReconciliationHistory] Deleted reconciliation pattern { patternId: [32m'JaUn9NoVU5S5sWD34TNYX'[39m }

[90mstdout[2m | src/services/reconciliationHistory.service.test.ts[2m > [22m[2mReconciliationHistory Service[2m > [22m[2mPattern Operations[2m > [22m[2mdeletePattern[2m > [22m[2mshould log audit trail on deletion
[22m[39m[ReconciliationHistory] Created reconciliation pattern { patternId: [32m'EimP7z0swY4NPptZgyVre'[39m, vendorName: [32m'test vendor'[39m }

[90mstdout[2m | src/services/reconciliationHistory.service.test.ts[2m > [22m[2mReconciliationHistory Service[2m > [22m[2mPattern Operations[2m > [22m[2mdeletePattern[2m > [22m[2mshould log audit trail on deletion
[22m[39m[ReconciliationHistory] Deleted reconciliation pattern { patternId: [32m'EimP7z0swY4NPptZgyVre'[39m }

[90mstdout[2m | src/services/reconciliationHistory.service.test.ts[2m > [22m[2mReconciliationHistory Service[2m > [22m[2mReconciliation History Operations[2m > [22m[2msaveReconciliationRecord[2m > [22m[2mshould save a reconciliation record without encryption
[22m[39m[ReconciliationHistory] Saved reconciliation record {
  recordId: [32m'RTF33BqkVWeLw2OnVZteN'[39m,
  accountId: [32m'test-account'[39m,
  status: [32m'balanced'[39m
}

[90mstdout[2m | src/services/reconciliationHistory.service.test.ts[2m > [22m[2mReconciliationHistory Service[2m > [22m[2mReconciliation History Operations[2m > [22m[2msaveReconciliationRecord[2m > [22m[2mshould encrypt sensitive fields when encryption service provided
[22m[39m[ReconciliationHistory] Saved reconciliation record {
  recordId: [32m'hp3HSz7ASPETbS8BnFNCZ'[39m,
  accountId: [32m'test-account'[39m,
  status: [32m'discrepancy_noted'[39m
}

[90mstdout[2m | src/services/reconciliationHistory.service.test.ts[2m > [22m[2mReconciliationHistory Service[2m > [22m[2mReconciliation History Operations[2m > [22m[2msaveReconciliationRecord[2m > [22m[2mshould log audit trail on save
[22m[39m[ReconciliationHistory] Saved reconciliation record {
  recordId: [32m'eJlWAauDRxmeJOP3g-cmN'[39m,
  accountId: [32m'test-account'[39m,
  status: [32m'balanced'[39m
}

[90mstdout[2m | src/services/reconciliationHistory.service.test.ts[2m > [22m[2mReconciliationHistory Service[2m > [22m[2mReconciliation History Operations[2m > [22m[2msaveReconciliationRecord[2m > [22m[2mshould set version vector on new record
[22m[39m[ReconciliationHistory] Saved reconciliation record {
  recordId: [32m'5AI7xoZy2N1fGoueGQXJ0'[39m,
  accountId: [32m'test-account'[39m,
  status: [32m'balanced'[39m
}

[90mstdout[2m | src/services/reconciliationHistory.service.test.ts[2m > [22m[2mReconciliationHistory Service[2m > [22m[2mReconciliation History Operations[2m > [22m[2mgetReconciliationRecord[2m > [22m[2mshould retrieve a reconciliation record
[22m[39m[ReconciliationHistory] Saved reconciliation record {
  recordId: [32m'kk7hWGHp9JXljN7zWLm_2'[39m,
  accountId: [32m'test-account'[39m,
  status: [32m'balanced'[39m
}

[90mstdout[2m | src/services/reconciliationHistory.service.test.ts[2m > [22m[2mReconciliationHistory Service[2m > [22m[2mReconciliation History Operations[2m > [22m[2mgetReconciliationRecord[2m > [22m[2mshould decrypt data when encryption service provided
[22m[39m[ReconciliationHistory] Saved reconciliation record {
  recordId: [32m'SPY_9ufpFXtsPk3T0gNTo'[39m,
  accountId: [32m'test-account'[39m,
  status: [32m'discrepancy_noted'[39m
}

[90mstdout[2m | src/services/reconciliationHistory.service.test.ts[2m > [22m[2mReconciliationHistory Service[2m > [22m[2mReconciliation History Operations[2m > [22m[2mgetAccountReconciliationHistory[2m > [22m[2mshould retrieve reconciliation history for an account
[22m[39m[ReconciliationHistory] Saved reconciliation record {
  recordId: [32m'Q6OZejJFqPL5rcRC8okR7'[39m,
  accountId: [32m'test-account'[39m,
  status: [32m'balanced'[39m
}

[90mstdout[2m | src/services/reconciliationHistory.service.test.ts[2m > [22m[2mReconciliationHistory Service[2m > [22m[2mReconciliation History Operations[2m > [22m[2mgetAccountReconciliationHistory[2m > [22m[2mshould retrieve reconciliation history for an account
[22m[39m[ReconciliationHistory] Saved reconciliation record {
  recordId: [32m'9iWLbbcGmxXHGzStgfwKf'[39m,
  accountId: [32m'test-account'[39m,
  status: [32m'balanced'[39m
}

[90mstdout[2m | src/services/reconciliationHistory.service.test.ts[2m > [22m[2mReconciliationHistory Service[2m > [22m[2mReconciliation History Operations[2m > [22m[2mgetAccountReconciliationHistory[2m > [22m[2mshould not return records from other accounts
[22m[39m[ReconciliationHistory] Saved reconciliation record {
  recordId: [32m'_m4vAxxAYHKuUh1-nmdCA'[39m,
  accountId: [32m'test-account'[39m,
  status: [32m'balanced'[39m
}

[90mstdout[2m | src/services/reconciliationHistory.service.test.ts[2m > [22m[2mReconciliationHistory Service[2m > [22m[2mReconciliation History Operations[2m > [22m[2mgetAccountReconciliationHistory[2m > [22m[2mshould not return records from other accounts
[22m[39m[ReconciliationHistory] Saved reconciliation record {
  recordId: [32m'ZwN_fasM5lmJx-746wg_F'[39m,
  accountId: [32m'other-account'[39m,
  status: [32m'balanced'[39m
}

[90mstdout[2m | src/services/reconciliationHistory.service.test.ts[2m > [22m[2mReconciliationHistory Service[2m > [22m[2mReconciliation History Operations[2m > [22m[2mgetRecentReconciliations[2m > [22m[2mshould retrieve recent reconciliations with limit
[22m[39m[ReconciliationHistory] Saved reconciliation record {
  recordId: [32m'EX-nx5cBSPmNNNd6z0VjH'[39m,
  accountId: [32m'account-0'[39m,
  status: [32m'balanced'[39m
}

[90mstdout[2m | src/services/reconciliationHistory.service.test.ts[2m > [22m[2mReconciliationHistory Service[2m > [22m[2mReconciliation History Operations[2m > [22m[2mgetRecentReconciliations[2m > [22m[2mshould retrieve recent reconciliations with limit
[22m[39m[ReconciliationHistory] Saved reconciliation record {
  recordId: [32m'lzjr4lX7gr3y-QqTjUsjV'[39m,
  accountId: [32m'account-1'[39m,
  status: [32m'balanced'[39m
}

[90mstdout[2m | src/services/reconciliationHistory.service.test.ts[2m > [22m[2mReconciliationHistory Service[2m > [22m[2mReconciliation History Operations[2m > [22m[2mgetRecentReconciliations[2m > [22m[2mshould retrieve recent reconciliations with limit
[22m[39m[ReconciliationHistory] Saved reconciliation record {
  recordId: [32m'aAh5-prQiYOc3WIXlv77n'[39m,
  accountId: [32m'account-2'[39m,
  status: [32m'balanced'[39m
}

[90mstdout[2m | src/services/reconciliationHistory.service.test.ts[2m > [22m[2mReconciliationHistory Service[2m > [22m[2mReconciliation History Operations[2m > [22m[2mgetRecentReconciliations[2m > [22m[2mshould retrieve recent reconciliations with limit
[22m[39m[ReconciliationHistory] Saved reconciliation record {
  recordId: [32m'8Cr55V2GekeosOxXB2wvm'[39m,
  accountId: [32m'account-3'[39m,
  status: [32m'balanced'[39m
}

[90mstdout[2m | src/services/reconciliationHistory.service.test.ts[2m > [22m[2mReconciliationHistory Service[2m > [22m[2mReconciliation History Operations[2m > [22m[2mgetRecentReconciliations[2m > [22m[2mshould retrieve recent reconciliations with limit
[22m[39m[ReconciliationHistory] Saved reconciliation record {
  recordId: [32m'xD3NUtKpMlOdAvrG0DaAx'[39m,
  accountId: [32m'account-4'[39m,
  status: [32m'balanced'[39m
}

[90mstdout[2m | src/services/reconciliationHistory.service.test.ts[2m > [22m[2mReconciliationHistory Service[2m > [22m[2mReconciliation History Operations[2m > [22m[2mgetRecentReconciliations[2m > [22m[2mshould retrieve recent reconciliations with limit
[22m[39m[ReconciliationHistory] Saved reconciliation record {
  recordId: [32m'tG8daz8nmYZJgwWJj8tcS'[39m,
  accountId: [32m'account-5'[39m,
  status: [32m'balanced'[39m
}

[90mstdout[2m | src/services/reconciliationHistory.service.test.ts[2m > [22m[2mReconciliationHistory Service[2m > [22m[2mReconciliation History Operations[2m > [22m[2mgetRecentReconciliations[2m > [22m[2mshould retrieve recent reconciliations with limit
[22m[39m[ReconciliationHistory] Saved reconciliation record {
  recordId: [32m'aPxZZV5K_ioOiCVJUdzLq'[39m,
  accountId: [32m'account-6'[39m,
  status: [32m'balanced'[39m
}

[90mstdout[2m | src/services/reconciliationHistory.service.test.ts[2m > [22m[2mReconciliationHistory Service[2m > [22m[2mReconciliation History Operations[2m > [22m[2mgetRecentReconciliations[2m > [22m[2mshould retrieve recent reconciliations with limit
[22m[39m[ReconciliationHistory] Saved reconciliation record {
  recordId: [32m'uTCk3Sxbn9UnGwT_okzgm'[39m,
  accountId: [32m'account-7'[39m,
  status: [32m'balanced'[39m
}

[90mstdout[2m | src/services/reconciliationHistory.service.test.ts[2m > [22m[2mReconciliationHistory Service[2m > [22m[2mReconciliation History Operations[2m > [22m[2mgetRecentReconciliations[2m > [22m[2mshould retrieve recent reconciliations with limit
[22m[39m[ReconciliationHistory] Saved reconciliation record {
  recordId: [32m'V23sJsZAH7hIKWY1rJNEQ'[39m,
  accountId: [32m'account-8'[39m,
  status: [32m'balanced'[39m
}

[90mstdout[2m | src/services/reconciliationHistory.service.test.ts[2m > [22m[2mReconciliationHistory Service[2m > [22m[2mReconciliation History Operations[2m > [22m[2mgetRecentReconciliations[2m > [22m[2mshould retrieve recent reconciliations with limit
[22m[39m[ReconciliationHistory] Saved reconciliation record {
  recordId: [32m'qBKWsxI7b2xP4NczcqV15'[39m,
  accountId: [32m'account-9'[39m,
  status: [32m'balanced'[39m
}

[90mstdout[2m | src/services/reconciliationHistory.service.test.ts[2m > [22m[2mReconciliationHistory Service[2m > [22m[2mReconciliation History Operations[2m > [22m[2mgetRecentReconciliations[2m > [22m[2mshould retrieve recent reconciliations with limit
[22m[39m[ReconciliationHistory] Saved reconciliation record {
  recordId: [32m'Prk35h3ilTfP9tbaXZICw'[39m,
  accountId: [32m'account-10'[39m,
  status: [32m'balanced'[39m
}

[90mstdout[2m | src/services/reconciliationHistory.service.test.ts[2m > [22m[2mReconciliationHistory Service[2m > [22m[2mReconciliation History Operations[2m > [22m[2mgetRecentReconciliations[2m > [22m[2mshould retrieve recent reconciliations with limit
[22m[39m[ReconciliationHistory] Saved reconciliation record {
  recordId: [32m'j5AaZyY3npOdwTecp67M3'[39m,
  accountId: [32m'account-11'[39m,
  status: [32m'balanced'[39m
}

[90mstdout[2m | src/services/reconciliationHistory.service.test.ts[2m > [22m[2mReconciliationHistory Service[2m > [22m[2mReconciliation History Operations[2m > [22m[2mgetRecentReconciliations[2m > [22m[2mshould retrieve recent reconciliations with limit
[22m[39m[ReconciliationHistory] Saved reconciliation record {
  recordId: [32m'RMKgbbSsHIjxT_hrdL3Ji'[39m,
  accountId: [32m'account-12'[39m,
  status: [32m'balanced'[39m
}

[90mstdout[2m | src/services/reconciliationHistory.service.test.ts[2m > [22m[2mReconciliationHistory Service[2m > [22m[2mReconciliation History Operations[2m > [22m[2mgetRecentReconciliations[2m > [22m[2mshould retrieve recent reconciliations with limit
[22m[39m[ReconciliationHistory] Saved reconciliation record {
  recordId: [32m'UzpSV3Td-iNYtvM-U46FH'[39m,
  accountId: [32m'account-13'[39m,
  status: [32m'balanced'[39m
}

[90mstdout[2m | src/services/reconciliationHistory.service.test.ts[2m > [22m[2mReconciliationHistory Service[2m > [22m[2mReconciliation History Operations[2m > [22m[2mgetRecentReconciliations[2m > [22m[2mshould retrieve recent reconciliations with limit
[22m[39m[ReconciliationHistory] Saved reconciliation record {
  recordId: [32m'1mS1lAAEz7Mb8OY-HlJKa'[39m,
  accountId: [32m'account-14'[39m,
  status: [32m'balanced'[39m
}

[90mstdout[2m | src/services/reconciliationHistory.service.test.ts[2m > [22m[2mReconciliationHistory Service[2m > [22m[2mReconciliation History Operations[2m > [22m[2mgetRecentReconciliations[2m > [22m[2mshould not return reconciliations from other companies
[22m[39m[ReconciliationHistory] Saved reconciliation record {
  recordId: [32m'KHZwsNITwcGiHOkZPmTBt'[39m,
  accountId: [32m'test-account'[39m,
  status: [32m'balanced'[39m
}

[90mstdout[2m | src/services/reconciliationHistory.service.test.ts[2m > [22m[2mReconciliationHistory Service[2m > [22m[2mReconciliation History Operations[2m > [22m[2mgetRecentReconciliations[2m > [22m[2mshould not return reconciliations from other companies
[22m[39m[ReconciliationHistory] Saved reconciliation record {
  recordId: [32m'z7daRbeVlv35i15YL5yJv'[39m,
  accountId: [32m'other-account'[39m,
  status: [32m'balanced'[39m
}

[90mstdout[2m | src/services/reconciliationHistory.service.test.ts[2m > [22m[2mReconciliationHistory Service[2m > [22m[2mReconciliation History Operations[2m > [22m[2mreopenReconciliation[2m > [22m[2mshould reopen a reconciliation
[22m[39m[ReconciliationHistory] Saved reconciliation record {
  recordId: [32m'RIxfu_xL98yDgbShie80U'[39m,
  accountId: [32m'test-account'[39m,
  status: [32m'balanced'[39m
}

[90mstdout[2m | src/services/reconciliationHistory.service.test.ts[2m > [22m[2mReconciliationHistory Service[2m > [22m[2mReconciliation History Operations[2m > [22m[2mreopenReconciliation[2m > [22m[2mshould reopen a reconciliation
[22m[39m[ReconciliationHistory] Reopened reconciliation { recordId: [32m'RIxfu_xL98yDgbShie80U'[39m }

[90mstdout[2m | src/services/reconciliationHistory.service.test.ts[2m > [22m[2mReconciliationHistory Service[2m > [22m[2mReconciliation History Operations[2m > [22m[2mreopenReconciliation[2m > [22m[2mshould log audit trail on reopen
[22m[39m[ReconciliationHistory] Saved reconciliation record {
  recordId: [32m'Ua8VCaxqwTLOmPl9ZTbDS'[39m,
  accountId: [32m'test-account'[39m,
  status: [32m'balanced'[39m
}

[90mstdout[2m | src/services/reconciliationHistory.service.test.ts[2m > [22m[2mReconciliationHistory Service[2m > [22m[2mReconciliation History Operations[2m > [22m[2mreopenReconciliation[2m > [22m[2mshould log audit trail on reopen
[22m[39m[ReconciliationHistory] Reopened reconciliation { recordId: [32m'Ua8VCaxqwTLOmPl9ZTbDS'[39m }

[90mstdout[2m | src/services/reconciliationHistory.service.test.ts[2m > [22m[2mReconciliationHistory Service[2m > [22m[2mReconciliation History Operations[2m > [22m[2mreopenReconciliation[2m > [22m[2mshould encrypt reopened_reason when encryption service provided
[22m[39m[ReconciliationHistory] Saved reconciliation record {
  recordId: [32m'fGSGpvEEZsN2OIzUAl-8S'[39m,
  accountId: [32m'test-account'[39m,
  status: [32m'balanced'[39m
}

[90mstdout[2m | src/services/reconciliationHistory.service.test.ts[2m > [22m[2mReconciliationHistory Service[2m > [22m[2mReconciliation History Operations[2m > [22m[2mreopenReconciliation[2m > [22m[2mshould encrypt reopened_reason when encryption service provided
[22m[39m[ReconciliationHistory] Reopened reconciliation { recordId: [32m'fGSGpvEEZsN2OIzUAl-8S'[39m }

[90mstdout[2m | src/services/reconciliationHistory.service.test.ts[2m > [22m[2mReconciliationHistory Service[2m > [22m[2mUnreconciled Transaction Flagging[2m > [22m[2mgetUnreconciledTransactions[2m > [22m[2mshould flag transactions older than 30 days as WARNING
[22m[39m[ReconciliationHistory] Retrieved unreconciled transactions { accountId: [32m'test-account'[39m, count: [33m1[39m }

[90mstdout[2m | src/services/reconciliationHistory.service.test.ts[2m > [22m[2mReconciliationHistory Service[2m > [22m[2mUnreconciled Transaction Flagging[2m > [22m[2mgetUnreconciledTransactions[2m > [22m[2mshould flag transactions older than 60 days as ATTENTION
[22m[39m[ReconciliationHistory] Retrieved unreconciled transactions { accountId: [32m'test-account'[39m, count: [33m1[39m }

[90mstdout[2m | src/services/reconciliationHistory.service.test.ts[2m > [22m[2mReconciliationHistory Service[2m > [22m[2mUnreconciled Transaction Flagging[2m > [22m[2mgetUnreconciledTransactions[2m > [22m[2mshould flag transactions older than 90 days as URGENT
[22m[39m[ReconciliationHistory] Retrieved unreconciled transactions { accountId: [32m'test-account'[39m, count: [33m1[39m }

[90mstdout[2m | src/services/reconciliationHistory.service.test.ts[2m > [22m[2mReconciliationHistory Service[2m > [22m[2mUnreconciled Transaction Flagging[2m > [22m[2mgetUnreconciledTransactions[2m > [22m[2mshould not flag recent transactions
[22m[39m[ReconciliationHistory] Retrieved unreconciled transactions { accountId: [32m'test-account'[39m, count: [33m0[39m }

[90mstdout[2m | src/services/reconciliationHistory.service.test.ts[2m > [22m[2mReconciliationHistory Service[2m > [22m[2mUnreconciled Transaction Flagging[2m > [22m[2mgetUnreconciledTransactions[2m > [22m[2mshould sort by age (oldest first)
[22m[39m[ReconciliationHistory] Retrieved unreconciled transactions { accountId: [32m'test-account'[39m, count: [33m3[39m }

[90mstdout[2m | src/services/reconciliationHistory.service.test.ts[2m > [22m[2mReconciliationHistory Service[2m > [22m[2mUnreconciled Transaction Flagging[2m > [22m[2mgetUnreconciledDashboard[2m > [22m[2mshould aggregate unreconciled transactions across accounts
[22m[39m[ReconciliationHistory] Retrieved unreconciled transactions { accountId: [32m'account-1'[39m, count: [33m1[39m }

[90mstdout[2m | src/services/reconciliationHistory.service.test.ts[2m > [22m[2mReconciliationHistory Service[2m > [22m[2mUnreconciled Transaction Flagging[2m > [22m[2mgetUnreconciledDashboard[2m > [22m[2mshould aggregate unreconciled transactions across accounts
[22m[39m[ReconciliationHistory] Retrieved unreconciled transactions { accountId: [32m'account-2'[39m, count: [33m1[39m }

[90mstdout[2m | src/services/reconciliationHistory.service.test.ts[2m > [22m[2mReconciliationHistory Service[2m > [22m[2mUnreconciled Transaction Flagging[2m > [22m[2mgetUnreconciledDashboard[2m > [22m[2mshould aggregate unreconciled transactions across accounts
[22m[39m[ReconciliationHistory] Generated unreconciled dashboard { totalCount: [33m2[39m }

 [32m✓[39m src/components/dashboard/RecentTransactions.test.tsx [2m([22m[2m28 tests[22m[2m)[22m[33m 1093[2mms[22m[39m
[90mstdout[2m | src/services/reconciliationHistory.service.test.ts[2m > [22m[2mReconciliationHistory Service[2m > [22m[2mUnreconciled Transaction Flagging[2m > [22m[2mgetUnreconciledDashboard[2m > [22m[2mshould track oldest transaction age
[22m[39m[ReconciliationHistory] Retrieved unreconciled transactions { accountId: [32m'account-1'[39m, count: [33m1[39m }

[90mstdout[2m | src/services/reconciliationHistory.service.test.ts[2m > [22m[2mReconciliationHistory Service[2m > [22m[2mUnreconciled Transaction Flagging[2m > [22m[2mgetUnreconciledDashboard[2m > [22m[2mshould track oldest transaction age
[22m[39m[ReconciliationHistory] Retrieved unreconciled transactions { accountId: [32m'account-2'[39m, count: [33m1[39m }

[90mstdout[2m | src/services/reconciliationHistory.service.test.ts[2m > [22m[2mReconciliationHistory Service[2m > [22m[2mUnreconciled Transaction Flagging[2m > [22m[2mgetUnreconciledDashboard[2m > [22m[2mshould track oldest transaction age
[22m[39m[ReconciliationHistory] Generated unreconciled dashboard { totalCount: [33m2[39m }

[90mstdout[2m | src/services/reconciliationHistory.service.test.ts[2m > [22m[2mReconciliationHistory Service[2m > [22m[2mUnreconciled Transaction Flagging[2m > [22m[2mgetUnreconciledDashboard[2m > [22m[2mshould group by account
[22m[39m[ReconciliationHistory] Retrieved unreconciled transactions { accountId: [32m'account-1'[39m, count: [33m1[39m }

[90mstdout[2m | src/services/reconciliationHistory.service.test.ts[2m > [22m[2mReconciliationHistory Service[2m > [22m[2mUnreconciled Transaction Flagging[2m > [22m[2mgetUnreconciledDashboard[2m > [22m[2mshould group by account
[22m[39m[ReconciliationHistory] Retrieved unreconciled transactions { accountId: [32m'account-2'[39m, count: [33m1[39m }

[90mstdout[2m | src/services/reconciliationHistory.service.test.ts[2m > [22m[2mReconciliationHistory Service[2m > [22m[2mUnreconciled Transaction Flagging[2m > [22m[2mgetUnreconciledDashboard[2m > [22m[2mshould group by account
[22m[39m[ReconciliationHistory] Generated unreconciled dashboard { totalCount: [33m2[39m }

[90mstdout[2m | src/services/reconciliationHistory.service.test.ts[2m > [22m[2mReconciliationHistory Service[2m > [22m[2mReconciliation Streak Tracking[2m > [22m[2mgetReconciliationStreak[2m > [22m[2mshould calculate current streak for consecutive months
[22m[39m[ReconciliationHistory] Saved reconciliation record {
  recordId: [32m'9UBwQXNvTy03i7cNVN4-9'[39m,
  accountId: [32m'test-account'[39m,
  status: [32m'balanced'[39m
}

[90mstdout[2m | src/services/reconciliationHistory.service.test.ts[2m > [22m[2mReconciliationHistory Service[2m > [22m[2mReconciliation Streak Tracking[2m > [22m[2mgetReconciliationStreak[2m > [22m[2mshould calculate current streak for consecutive months
[22m[39m[ReconciliationHistory] Saved reconciliation record {
  recordId: [32m'-FmPP3AmhTA-fSHY5-bbC'[39m,
  accountId: [32m'test-account'[39m,
  status: [32m'balanced'[39m
}

[90mstdout[2m | src/services/reconciliationHistory.service.test.ts[2m > [22m[2mReconciliationHistory Service[2m > [22m[2mReconciliation Streak Tracking[2m > [22m[2mgetReconciliationStreak[2m > [22m[2mshould calculate current streak for consecutive months
[22m[39m[ReconciliationHistory] Saved reconciliation record {
  recordId: [32m'8flFTGwnmzQnznbvJuDqV'[39m,
  accountId: [32m'test-account'[39m,
  status: [32m'balanced'[39m
}

[90mstdout[2m | src/services/reconciliationHistory.service.test.ts[2m > [22m[2mReconciliationHistory Service[2m > [22m[2mReconciliation Streak Tracking[2m > [22m[2mgetReconciliationStreak[2m > [22m[2mshould mark streak as at_risk if last reconciliation is 30-45 days old
[22m[39m[ReconciliationHistory] Saved reconciliation record {
  recordId: [32m'-N2LwGGSBndnBbWG9eIEo'[39m,
  accountId: [32m'test-account'[39m,
  status: [32m'balanced'[39m
}

[90mstdout[2m | src/services/reconciliationHistory.service.test.ts[2m > [22m[2mReconciliationHistory Service[2m > [22m[2mReconciliation Streak Tracking[2m > [22m[2mgetReconciliationStreak[2m > [22m[2mshould mark streak as broken if last reconciliation is over 45 days old
[22m[39m[ReconciliationHistory] Saved reconciliation record {
  recordId: [32m'Bu1oMQW09pu8Fly739h6z'[39m,
  accountId: [32m'test-account'[39m,
  status: [32m'balanced'[39m
}

[90mstdout[2m | src/services/reconciliationHistory.service.test.ts[2m > [22m[2mReconciliationHistory Service[2m > [22m[2mReconciliation Streak Tracking[2m > [22m[2mgetReconciliationStreak[2m > [22m[2mshould track best streak even if current is broken
[22m[39m[ReconciliationHistory] Saved reconciliation record {
  recordId: [32m'7XSV2OJ56mWJpTcmpw8Mm'[39m,
  accountId: [32m'test-account'[39m,
  status: [32m'balanced'[39m
}

[90mstdout[2m | src/services/reconciliationHistory.service.test.ts[2m > [22m[2mReconciliationHistory Service[2m > [22m[2mReconciliation Streak Tracking[2m > [22m[2mgetReconciliationStreak[2m > [22m[2mshould track best streak even if current is broken
[22m[39m[ReconciliationHistory] Saved reconciliation record {
  recordId: [32m'4kRVcsk9gWnEMYkGqyio9'[39m,
  accountId: [32m'test-account'[39m,
  status: [32m'balanced'[39m
}

[90mstdout[2m | src/services/reconciliationHistory.service.test.ts[2m > [22m[2mReconciliationHistory Service[2m > [22m[2mReconciliation Streak Tracking[2m > [22m[2mgetReconciliationStreak[2m > [22m[2mshould track best streak even if current is broken
[22m[39m[ReconciliationHistory] Saved reconciliation record {
  recordId: [32m'wjgz8ENutnt1EARUKabyR'[39m,
  accountId: [32m'test-account'[39m,
  status: [32m'balanced'[39m
}

[90mstdout[2m | src/services/reconciliationHistory.service.test.ts[2m > [22m[2mReconciliationHistory Service[2m > [22m[2mReconciliation Streak Tracking[2m > [22m[2mgetReconciliationStreak[2m > [22m[2mshould track best streak even if current is broken
[22m[39m[ReconciliationHistory] Saved reconciliation record {
  recordId: [32m'rCv0UorPZhMkMYsEFy4As'[39m,
  accountId: [32m'test-account'[39m,
  status: [32m'balanced'[39m
}

[90mstdout[2m | src/services/reconciliationHistory.service.test.ts[2m > [22m[2mReconciliationHistory Service[2m > [22m[2mReconciliation Streak Tracking[2m > [22m[2mgetReconciliationStreak[2m > [22m[2mshould track best streak even if current is broken
[22m[39m[ReconciliationHistory] Saved reconciliation record {
  recordId: [32m'sl4O97BDFV2oQF4giMmQJ'[39m,
  accountId: [32m'test-account'[39m,
  status: [32m'balanced'[39m
}

[90mstdout[2m | src/services/reconciliationHistory.service.test.ts[2m > [22m[2mReconciliationHistory Service[2m > [22m[2mReconciliation Streak Tracking[2m > [22m[2mgetReconciliationStreak[2m > [22m[2mshould track milestone achievements
[22m[39m[ReconciliationHistory] Saved reconciliation record {
  recordId: [32m'knEAJxKVB4fOTQGUB6nPZ'[39m,
  accountId: [32m'test-account'[39m,
  status: [32m'balanced'[39m
}

[90mstdout[2m | src/services/reconciliationHistory.service.test.ts[2m > [22m[2mReconciliationHistory Service[2m > [22m[2mReconciliation Streak Tracking[2m > [22m[2mgetReconciliationStreak[2m > [22m[2mshould track milestone achievements
[22m[39m[ReconciliationHistory] Saved reconciliation record {
  recordId: [32m'XgR_dbyUTuuJ9hoCI360u'[39m,
  accountId: [32m'test-account'[39m,
  status: [32m'balanced'[39m
}

[90mstdout[2m | src/services/reconciliationHistory.service.test.ts[2m > [22m[2mReconciliationHistory Service[2m > [22m[2mReconciliation Streak Tracking[2m > [22m[2mgetReconciliationStreak[2m > [22m[2mshould track milestone achievements
[22m[39m[ReconciliationHistory] Saved reconciliation record {
  recordId: [32m'fNA6ebp1v0gE0K_8RsyHD'[39m,
  accountId: [32m'test-account'[39m,
  status: [32m'balanced'[39m
}

[90mstdout[2m | src/services/reconciliationHistory.service.test.ts[2m > [22m[2mReconciliationHistory Service[2m > [22m[2mReconciliation Streak Tracking[2m > [22m[2mgetReconciliationStreak[2m > [22m[2mshould track milestone achievements
[22m[39m[ReconciliationHistory] Saved reconciliation record {
  recordId: [32m'BBCtUql4nZUAQ7N6UWFDi'[39m,
  accountId: [32m'test-account'[39m,
  status: [32m'balanced'[39m
}

[90mstdout[2m | src/services/reconciliationHistory.service.test.ts[2m > [22m[2mReconciliationHistory Service[2m > [22m[2mReconciliation Streak Tracking[2m > [22m[2mgetReconciliationStreak[2m > [22m[2mshould track milestone achievements
[22m[39m[ReconciliationHistory] Saved reconciliation record {
  recordId: [32m'sNU65g14nXweo_3klFOVn'[39m,
  accountId: [32m'test-account'[39m,
  status: [32m'balanced'[39m
}

[90mstdout[2m | src/services/reconciliationHistory.service.test.ts[2m > [22m[2mReconciliationHistory Service[2m > [22m[2mReconciliation Streak Tracking[2m > [22m[2mgetReconciliationStreak[2m > [22m[2mshould track milestone achievements
[22m[39m[ReconciliationHistory] Saved reconciliation record {
  recordId: [32m'dIwA3SAGkMFNRU60Lx9U4'[39m,
  accountId: [32m'test-account'[39m,
  status: [32m'balanced'[39m
}

[90mstdout[2m | src/services/reconciliationHistory.service.test.ts[2m > [22m[2mReconciliationHistory Service[2m > [22m[2mDiscrepancy Resolution[2m > [22m[2msuggestDiscrepancyResolutions[2m > [22m[2mshould suggest bank fee for fee-related descriptions
[22m[39m[ReconciliationHistory] Generated discrepancy suggestions { accountId: [32m'test-account'[39m, suggestionCount: [33m1[39m }

[90mstdout[2m | src/services/reconciliationHistory.service.test.ts[2m > [22m[2mReconciliationHistory Service[2m > [22m[2mDiscrepancy Resolution[2m > [22m[2msuggestDiscrepancyResolutions[2m > [22m[2mshould suggest interest for interest-related descriptions
[22m[39m[ReconciliationHistory] Generated discrepancy suggestions { accountId: [32m'test-account'[39m, suggestionCount: [33m1[39m }

[90mstdout[2m | src/services/reconciliationHistory.service.test.ts[2m > [22m[2mReconciliationHistory Service[2m > [22m[2mDiscrepancy Resolution[2m > [22m[2msuggestDiscrepancyResolutions[2m > [22m[2mshould detect potential duplicates with same amount
[22m[39m[ReconciliationHistory] Generated discrepancy suggestions { accountId: [32m'test-account'[39m, suggestionCount: [33m1[39m }

[90mstdout[2m | src/services/reconciliationHistory.service.test.ts[2m > [22m[2mReconciliationHistory Service[2m > [22m[2mDiscrepancy Resolution[2m > [22m[2msuggestDiscrepancyResolutions[2m > [22m[2mshould flag outstanding checks for old unmatched book transactions
[22m[39m[ReconciliationHistory] Generated discrepancy suggestions { accountId: [32m'test-account'[39m, suggestionCount: [33m1[39m }

[90mstdout[2m | src/store/emailPreferences.test.ts[2m > [22m[2mEmail Preferences Store[2m > [22m[2mgetEmailPreferences[2m > [22m[2mshould return preferences when they exist
[22m[39m[EmailPreferencesStore] Created default email preferences { userId: [32m'user-test-123'[39m, companyId: [32m'company-test-456'[39m }

[90mstdout[2m | src/services/reconciliationHistory.service.test.ts[2m > [22m[2mReconciliationHistory Service[2m > [22m[2mDiscrepancy Resolution[2m > [22m[2msuggestDiscrepancyResolutions[2m > [22m[2mshould return multiple suggestions for complex scenarios
[22m[39m[ReconciliationHistory] Generated discrepancy suggestions { accountId: [32m'test-account'[39m, suggestionCount: [33m3[39m }

[90mstdout[2m | src/services/reconciliationHistory.service.test.ts[2m > [22m[2mReconciliationHistory Service[2m > [22m[2mDiscrepancy Resolution[2m > [22m[2msuggestDiscrepancyResolutions[2m > [22m[2mshould provide fix actions for auto-fixable suggestions
[22m[39m[ReconciliationHistory] Generated discrepancy suggestions { accountId: [32m'test-account'[39m, suggestionCount: [33m1[39m }

[90mstdout[2m | src/store/emailPreferences.test.ts[2m > [22m[2mEmail Preferences Store[2m > [22m[2mgetEmailPreferences[2m > [22m[2mshould not return soft-deleted preferences
[22m[39m[EmailPreferencesStore] Created default email preferences { userId: [32m'user-test-123'[39m, companyId: [32m'company-test-456'[39m }

[90mstderr[2m | src/services/reconciliationHistory.service.test.ts[2m > [22m[2mReconciliationHistory Service[2m > [22m[2mError Handling[2m > [22m[2mshould handle database errors gracefully in createPattern
[22m[39m[ReconciliationHistory] Failed to create pattern {
  error: Error: Database error
      at C:/Users/Admin/graceful_books/src/services/reconciliationHistory.service.test.ts:1824:9
      at [90mfile:///C:/Users/Admin/graceful_books/[39mnode_modules/[4m@vitest/runner[24m/dist/index.js:145:11
      at [90mfile:///C:/Users/Admin/graceful_books/[39mnode_modules/[4m@vitest/runner[24m/dist/index.js:915:26
      at [90mfile:///C:/Users/Admin/graceful_books/[39mnode_modules/[4m@vitest/runner[24m/dist/index.js:1243:20
      at new Promise (<anonymous>)
      at runWithTimeout [90m(file:///C:/Users/Admin/graceful_books/[39mnode_modules/[4m@vitest/runner[24m/dist/index.js:1209:10[90m)[39m
      at [90mfile:///C:/Users/Admin/graceful_books/[39mnode_modules/[4m@vitest/runner[24m/dist/index.js:1653:37
      at Traces.$ [90m(file:///C:/Users/Admin/graceful_books/[39mnode_modules/[4mvitest[24m/dist/chunks/traces.CCmnQaNT.js:142:27[90m)[39m
      at trace [90m(file:///C:/Users/Admin/graceful_books/[39mnode_modules/[4mvitest[24m/dist/chunks/test.B8ej_ZHS.js:239:21[90m)[39m
      at runTest [90m(file:///C:/Users/Admin/graceful_books/[39mnode_modules/[4m@vitest/runner[24m/dist/index.js:1653:12[90m)[39m,
  vendorName: [32m'Test Vendor'[39m
}

[90mstdout[2m | src/store/emailPreferences.test.ts[2m > [22m[2mEmail Preferences Store[2m > [22m[2mgetEmailPreferences[2m > [22m[2mshould not return soft-deleted preferences
[22m[39m[EmailPreferencesStore] Deleted email preferences { userId: [32m'user-test-123'[39m }

[90mstderr[2m | src/services/reconciliationHistory.service.test.ts[2m > [22m[2mReconciliationHistory Service[2m > [22m[2mError Handling[2m > [22m[2mshould handle database errors gracefully in saveReconciliationRecord
[22m[39m[ReconciliationHistory] Failed to save reconciliation record {
  error: Error: Database error
      at C:/Users/Admin/graceful_books/src/services/reconciliationHistory.service.test.ts:1837:9
      at [90mfile:///C:/Users/Admin/graceful_books/[39mnode_modules/[4m@vitest/runner[24m/dist/index.js:145:11
      at [90mfile:///C:/Users/Admin/graceful_books/[39mnode_modules/[4m@vitest/runner[24m/dist/index.js:915:26
      at [90mfile:///C:/Users/Admin/graceful_books/[39mnode_modules/[4m@vitest/runner[24m/dist/index.js:1243:20
      at new Promise (<anonymous>)
      at runWithTimeout [90m(file:///C:/Users/Admin/graceful_books/[39mnode_modules/[4m@vitest/runner[24m/dist/index.js:1209:10[90m)[39m
      at [90mfile:///C:/Users/Admin/graceful_books/[39mnode_modules/[4m@vitest/runner[24m/dist/index.js:1653:37
      at Traces.$ [90m(file:///C:/Users/Admin/graceful_books/[39mnode_modules/[4mvitest[24m/dist/chunks/traces.CCmnQaNT.js:142:27[90m)[39m
      at trace [90m(file:///C:/Users/Admin/graceful_books/[39mnode_modules/[4mvitest[24m/dist/chunks/test.B8ej_ZHS.js:239:21[90m)[39m
      at runTest [90m(file:///C:/Users/Admin/graceful_books/[39mnode_modules/[4m@vitest/runner[24m/dist/index.js:1653:12[90m)[39m
}

[90mstderr[2m | src/services/reconciliationHistory.service.test.ts[2m > [22m[2mReconciliationHistory Service[2m > [22m[2mError Handling[2m > [22m[2mshould handle encryption errors gracefully
[22m[39m[ReconciliationHistory] Failed to save reconciliation record {
  error: Error: Encryption failed
      at Object.encrypt (C:/Users/Admin/graceful_books/src/services/reconciliationHistory.service.test.ts:1879:19)
      at saveReconciliationRecord (C:/Users/Admin/graceful_books/src/services/reconciliationHistory.service.ts:412:52)
      at C:/Users/Admin/graceful_books/src/services/reconciliationHistory.service.test.ts:1893:28
      at [90mfile:///C:/Users/Admin/graceful_books/[39mnode_modules/[4m@vitest/runner[24m/dist/index.js:145:11
      at [90mfile:///C:/Users/Admin/graceful_books/[39mnode_modules/[4m@vitest/runner[24m/dist/index.js:915:26
      at [90mfile:///C:/Users/Admin/graceful_books/[39mnode_modules/[4m@vitest/runner[24m/dist/index.js:1243:20
      at new Promise (<anonymous>)
      at runWithTimeout [90m(file:///C:/Users/Admin/graceful_books/[39mnode_modules/[4m@vitest/runner[24m/dist/index.js:1209:10[90m)[39m
      at [90mfile:///C:/Users/Admin/graceful_books/[39mnode_modules/[4m@vitest/runner[24m/dist/index.js:1653:37
      at Traces.$ [90m(file:///C:/Users/Admin/graceful_books/[39mnode_modules/[4mvitest[24m/dist/chunks/traces.CCmnQaNT.js:142:27[90m)[39m
}

[90mstdout[2m | src/store/emailPreferences.test.ts[2m > [22m[2mEmail Preferences Store[2m > [22m[2mgetOrCreateEmailPreferences[2m > [22m[2mshould create default preferences if none exist
[22m[39m[EmailPreferencesStore] Created default email preferences { userId: [32m'user-test-123'[39m, companyId: [32m'company-test-456'[39m }

 [32m✓[39m src/services/reconciliationHistory.service.test.ts [2m([22m[2m57 tests[22m[2m)[22m[33m 1061[2mms[22m[39m
[90mstdout[2m | src/store/emailPreferences.test.ts[2m > [22m[2mEmail Preferences Store[2m > [22m[2mgetOrCreateEmailPreferences[2m > [22m[2mshould return existing preferences if they exist
[22m[39m[EmailPreferencesStore] Created default email preferences { userId: [32m'user-test-123'[39m, companyId: [32m'company-test-456'[39m }

[90mstdout[2m | src/store/emailPreferences.test.ts[2m > [22m[2mEmail Preferences Store[2m > [22m[2mgetOrCreateEmailPreferences[2m > [22m[2mshould set proper version vector on creation
[22m[39m[EmailPreferencesStore] Created default email preferences { userId: [32m'user-test-123'[39m, companyId: [32m'company-test-456'[39m }

[90mstdout[2m | src/store/emailPreferences.test.ts[2m > [22m[2mEmail Preferences Store[2m > [22m[2mupdateEmailPreferences[2m > [22m[2mshould update email preferences successfully
[22m[39m[EmailPreferencesStore] Created default email preferences { userId: [32m'user-test-123'[39m, companyId: [32m'company-test-456'[39m }

[90mstdout[2m | src/store/emailPreferences.test.ts[2m > [22m[2mEmail Preferences Store[2m > [22m[2mupdateEmailPreferences[2m > [22m[2mshould update email preferences successfully
[22m[39m[EmailPreferencesStore] Updated email preferences {
  userId: [32m'user-test-123'[39m,
  updates: {
    frequency: [32m'bi-weekly'[39m,
    dayOfWeek: [32m'friday'[39m,
    timeOfDay: [32m'17:00'[39m,
    maxTasksToShow: [33m10[39m
  }
}

[90mstdout[2m | src/store/emailPreferences.test.ts[2m > [22m[2mEmail Preferences Store[2m > [22m[2mupdateEmailPreferences[2m > [22m[2mshould update version vector on update
[22m[39m[EmailPreferencesStore] Created default email preferences { userId: [32m'user-test-123'[39m, companyId: [32m'company-test-456'[39m }

[90mstdout[2m | src/store/emailPreferences.test.ts[2m > [22m[2mEmail Preferences Store[2m > [22m[2mupdateEmailPreferences[2m > [22m[2mshould update version vector on update
[22m[39m[EmailPreferencesStore] Updated email preferences { userId: [32m'user-test-123'[39m, updates: { maxTasksToShow: [33m7[39m } }

[90mstdout[2m | src/store/emailPreferences.test.ts[2m > [22m[2mEmail Preferences Store[2m > [22m[2mupdateEmailPreferences[2m > [22m[2mshould update last_modified metadata
[22m[39m[EmailPreferencesStore] Created default email preferences { userId: [32m'user-test-123'[39m, companyId: [32m'company-test-456'[39m }

[90mstdout[2m | src/store/emailPreferences.test.ts[2m > [22m[2mEmail Preferences Store[2m > [22m[2mupdateEmailPreferences[2m > [22m[2mshould update last_modified metadata
[22m[39m[EmailPreferencesStore] Updated email preferences { userId: [32m'user-test-123'[39m, updates: { maxTasksToShow: [33m8[39m } }

[90mstdout[2m | src/store/emailPreferences.test.ts[2m > [22m[2mEmail Preferences Store[2m > [22m[2mupdateEmailPreferences[2m > [22m[2mshould validate email preferences before update
[22m[39m[EmailPreferencesStore] Created default email preferences { userId: [32m'user-test-123'[39m, companyId: [32m'company-test-456'[39m }

[90mstdout[2m | src/store/emailPreferences.test.ts[2m > [22m[2mEmail Preferences Store[2m > [22m[2mupdateEmailPreferences[2m > [22m[2mshould allow updating individual fields
[22m[39m[EmailPreferencesStore] Created default email preferences { userId: [32m'user-test-123'[39m, companyId: [32m'company-test-456'[39m }

[90mstdout[2m | src/store/emailPreferences.test.ts[2m > [22m[2mEmail Preferences Store[2m > [22m[2mupdateEmailPreferences[2m > [22m[2mshould allow updating individual fields
[22m[39m[EmailPreferencesStore] Updated email preferences { userId: [32m'user-test-123'[39m, updates: { enabled: [33mfalse[39m } }

[90mstdout[2m | src/store/emailPreferences.test.ts[2m > [22m[2mEmail Preferences Store[2m > [22m[2menableEmailNotifications[2m > [22m[2mshould enable email notifications
[22m[39m[EmailPreferencesStore] Created default email preferences { userId: [32m'user-test-123'[39m, companyId: [32m'company-test-456'[39m }

[90mstdout[2m | src/store/emailPreferences.test.ts[2m > [22m[2mEmail Preferences Store[2m > [22m[2menableEmailNotifications[2m > [22m[2mshould enable email notifications
[22m[39m[EmailPreferencesStore] Updated email preferences { userId: [32m'user-test-123'[39m, updates: { enabled: [33mfalse[39m } }

[90mstdout[2m | src/store/emailPreferences.test.ts[2m > [22m[2mEmail Preferences Store[2m > [22m[2menableEmailNotifications[2m > [22m[2mshould enable email notifications
[22m[39m[EmailPreferencesStore] Updated email preferences {
  userId: [32m'user-test-123'[39m,
  updates: { enabled: [33mtrue[39m, unsubscribedAt: [1mnull[22m, unsubscribeReason: [1mnull[22m }
}

[90mstdout[2m | src/store/emailPreferences.test.ts[2m > [22m[2mEmail Preferences Store[2m > [22m[2menableEmailNotifications[2m > [22m[2mshould clear unsubscribe data when re-enabling
[22m[39m[EmailPreferencesStore] Created default email preferences { userId: [32m'user-test-123'[39m, companyId: [32m'company-test-456'[39m }

[90mstdout[2m | src/store/emailPreferences.test.ts[2m > [22m[2mEmail Preferences Store[2m > [22m[2menableEmailNotifications[2m > [22m[2mshould clear unsubscribe data when re-enabling
[22m[39m[EmailPreferencesStore] Updated email preferences {
  userId: [32m'user-test-123'[39m,
  updates: {
    enabled: [33mfalse[39m,
    unsubscribedAt: [35m2026-01-19T05:51:34.083Z[39m,
    unsubscribeReason: [32m'Test reason'[39m
  }
}

[90mstdout[2m | src/store/emailPreferences.test.ts[2m > [22m[2mEmail Preferences Store[2m > [22m[2menableEmailNotifications[2m > [22m[2mshould clear unsubscribe data when re-enabling
[22m[39m[EmailPreferencesStore] Updated email preferences {
  userId: [32m'user-test-123'[39m,
  updates: { enabled: [33mtrue[39m, unsubscribedAt: [1mnull[22m, unsubscribeReason: [1mnull[22m }
}

[90mstdout[2m | src/store/emailPreferences.test.ts[2m > [22m[2mEmail Preferences Store[2m > [22m[2mdisableEmailNotifications[2m > [22m[2mshould disable email notifications
[22m[39m[EmailPreferencesStore] Created default email preferences { userId: [32m'user-test-123'[39m, companyId: [32m'company-test-456'[39m }

[90mstdout[2m | src/store/emailPreferences.test.ts[2m > [22m[2mEmail Preferences Store[2m > [22m[2mdisableEmailNotifications[2m > [22m[2mshould disable email notifications
[22m[39m[EmailPreferencesStore] Updated email preferences { userId: [32m'user-test-123'[39m, updates: { enabled: [33mfalse[39m } }

[90mstdout[2m | src/store/emailPreferences.test.ts[2m > [22m[2mEmail Preferences Store[2m > [22m[2mdisableEmailNotifications[2m > [22m[2mshould not affect other preferences
[22m[39m[EmailPreferencesStore] Created default email preferences { userId: [32m'user-test-123'[39m, companyId: [32m'company-test-456'[39m }

[90mstdout[2m | src/store/emailPreferences.test.ts[2m > [22m[2mEmail Preferences Store[2m > [22m[2mdisableEmailNotifications[2m > [22m[2mshould not affect other preferences
[22m[39m[EmailPreferencesStore] Updated email preferences { userId: [32m'user-test-123'[39m, updates: { enabled: [33mfalse[39m } }

[90mstdout[2m | src/store/emailPreferences.test.ts[2m > [22m[2mEmail Preferences Store[2m > [22m[2munsubscribeFromEmails[2m > [22m[2mshould unsubscribe user from emails
[22m[39m[EmailPreferencesStore] Created default email preferences { userId: [32m'user-test-123'[39m, companyId: [32m'company-test-456'[39m }

[90mstdout[2m | src/store/emailPreferences.test.ts[2m > [22m[2mEmail Preferences Store[2m > [22m[2munsubscribeFromEmails[2m > [22m[2mshould unsubscribe user from emails
[22m[39m[EmailPreferencesStore] Updated email preferences {
  userId: [32m'user-test-123'[39m,
  updates: {
    enabled: [33mfalse[39m,
    unsubscribedAt: [35m2026-01-19T05:51:34.159Z[39m,
    unsubscribeReason: [32m'User unsubscribed'[39m
  }
}

[90mstdout[2m | src/store/emailPreferences.test.ts[2m > [22m[2mEmail Preferences Store[2m > [22m[2munsubscribeFromEmails[2m > [22m[2mshould record unsubscribe reason
[22m[39m[EmailPreferencesStore] Created default email preferences { userId: [32m'user-test-123'[39m, companyId: [32m'company-test-456'[39m }

[90mstdout[2m | src/store/emailPreferences.test.ts[2m > [22m[2mEmail Preferences Store[2m > [22m[2munsubscribeFromEmails[2m > [22m[2mshould record unsubscribe reason
[22m[39m[EmailPreferencesStore] Updated email preferences {
  userId: [32m'user-test-123'[39m,
  updates: {
    enabled: [33mfalse[39m,
    unsubscribedAt: [35m2026-01-19T05:51:34.176Z[39m,
    unsubscribeReason: [32m'Too many emails'[39m
  }
}

[90mstdout[2m | src/store/emailPreferences.test.ts[2m > [22m[2mEmail Preferences Store[2m > [22m[2munsubscribeFromEmails[2m > [22m[2mshould use default reason if none provided
[22m[39m[EmailPreferencesStore] Created default email preferences { userId: [32m'user-test-123'[39m, companyId: [32m'company-test-456'[39m }

[90mstdout[2m | src/store/emailPreferences.test.ts[2m > [22m[2mEmail Preferences Store[2m > [22m[2munsubscribeFromEmails[2m > [22m[2mshould use default reason if none provided
[22m[39m[EmailPreferencesStore] Updated email preferences {
  userId: [32m'user-test-123'[39m,
  updates: {
    enabled: [33mfalse[39m,
    unsubscribedAt: [35m2026-01-19T05:51:34.196Z[39m,
    unsubscribeReason: [32m'User unsubscribed'[39m
  }
}

[90mstdout[2m | src/store/emailPreferences.test.ts[2m > [22m[2mEmail Preferences Store[2m > [22m[2mrecordEmailDelivery[2m > [22m[2mshould create email delivery record
[22m[39m[EmailPreferencesStore] Recorded email delivery { userId: [32m'user-test-123'[39m, subject: [32m'Test Subject'[39m }

[90mstdout[2m | src/store/emailPreferences.test.ts[2m > [22m[2mEmail Preferences Store[2m > [22m[2mrecordEmailDelivery[2m > [22m[2mshould set default status to pending
[22m[39m[EmailPreferencesStore] Recorded email delivery { userId: [32m'user-test-123'[39m, subject: [32m'Test Subject'[39m }

[90mstdout[2m | src/store/emailPreferences.test.ts[2m > [22m[2mEmail Preferences Store[2m > [22m[2mrecordEmailDelivery[2m > [22m[2mshould initialize retry tracking
[22m[39m[EmailPreferencesStore] Recorded email delivery { userId: [32m'user-test-123'[39m, subject: [32m'Test Subject'[39m }

[90mstdout[2m | src/store/emailPreferences.test.ts[2m > [22m[2mEmail Preferences Store[2m > [22m[2mupdateEmailDeliveryStatus[2m > [22m[2mshould update status to sent
[22m[39m[EmailPreferencesStore] Recorded email delivery { userId: [32m'user-test-123'[39m, subject: [32m'Test Subject'[39m }

[90mstdout[2m | src/store/emailPreferences.test.ts[2m > [22m[2mEmail Preferences Store[2m > [22m[2mupdateEmailDeliveryStatus[2m > [22m[2mshould update status to sent
[22m[39m[EmailPreferencesStore] Updated email delivery status { deliveryId: [32m'rMsZTGCkHntK7PCNZTWBO'[39m, status: [32m'sent'[39m }

[90mstdout[2m | src/store/emailPreferences.test.ts[2m > [22m[2mEmail Preferences Store[2m > [22m[2mupdateEmailDeliveryStatus[2m > [22m[2mshould update status to failed with reason
[22m[39m[EmailPreferencesStore] Recorded email delivery { userId: [32m'user-test-123'[39m, subject: [32m'Test Subject'[39m }

[90mstdout[2m | src/store/emailPreferences.test.ts[2m > [22m[2mEmail Preferences Store[2m > [22m[2mupdateEmailDeliveryStatus[2m > [22m[2mshould update status to failed with reason
[22m[39m[EmailPreferencesStore] Updated email delivery status { deliveryId: [32m'Ujjef_8l35nrIgoUh_5yE'[39m, status: [32m'failed'[39m }

[90mstdout[2m | src/store/emailPreferences.test.ts[2m > [22m[2mEmail Preferences Store[2m > [22m[2mupdateEmailDeliveryStatus[2m > [22m[2mshould handle bounced status
[22m[39m[EmailPreferencesStore] Recorded email delivery { userId: [32m'user-test-123'[39m, subject: [32m'Test Subject'[39m }

[90mstdout[2m | src/store/emailPreferences.test.ts[2m > [22m[2mEmail Preferences Store[2m > [22m[2mupdateEmailDeliveryStatus[2m > [22m[2mshould handle bounced status
[22m[39m[EmailPreferencesStore] Updated email delivery status { deliveryId: [32m'GVtLxvDTBXULPaKWd58dF'[39m, status: [32m'bounced'[39m }

[90mstdout[2m | src/store/emailPreferences.test.ts[2m > [22m[2mEmail Preferences Store[2m > [22m[2mgetRecentEmailDeliveries[2m > [22m[2mshould return recent deliveries
[22m[39m[EmailPreferencesStore] Recorded email delivery { userId: [32m'user-test-123'[39m, subject: [32m'Test Subject 0'[39m }

[90mstdout[2m | src/store/emailPreferences.test.ts[2m > [22m[2mEmail Preferences Store[2m > [22m[2mgetRecentEmailDeliveries[2m > [22m[2mshould return recent deliveries
[22m[39m[EmailPreferencesStore] Recorded email delivery { userId: [32m'user-test-123'[39m, subject: [32m'Test Subject 1'[39m }

[90mstdout[2m | src/store/emailPreferences.test.ts[2m > [22m[2mEmail Preferences Store[2m > [22m[2mgetRecentEmailDeliveries[2m > [22m[2mshould return recent deliveries
[22m[39m[EmailPreferencesStore] Recorded email delivery { userId: [32m'user-test-123'[39m, subject: [32m'Test Subject 2'[39m }

[90mstdout[2m | src/store/emailPreferences.test.ts[2m > [22m[2mEmail Preferences Store[2m > [22m[2mgetRecentEmailDeliveries[2m > [22m[2mshould return recent deliveries
[22m[39m[EmailPreferencesStore] Recorded email delivery { userId: [32m'user-test-123'[39m, subject: [32m'Test Subject 3'[39m }

[90mstdout[2m | src/store/emailPreferences.test.ts[2m > [22m[2mEmail Preferences Store[2m > [22m[2mgetRecentEmailDeliveries[2m > [22m[2mshould return recent deliveries
[22m[39m[EmailPreferencesStore] Recorded email delivery { userId: [32m'user-test-123'[39m, subject: [32m'Test Subject 4'[39m }

[90mstdout[2m | src/store/emailPreferences.test.ts[2m > [22m[2mEmail Preferences Store[2m > [22m[2mgetRecentEmailDeliveries[2m > [22m[2mshould respect limit parameter
[22m[39m[EmailPreferencesStore] Recorded email delivery { userId: [32m'user-test-123'[39m, subject: [32m'Test Subject 0'[39m }

[90mstdout[2m | src/store/emailPreferences.test.ts[2m > [22m[2mEmail Preferences Store[2m > [22m[2mgetRecentEmailDeliveries[2m > [22m[2mshould respect limit parameter
[22m[39m[EmailPreferencesStore] Recorded email delivery { userId: [32m'user-test-123'[39m, subject: [32m'Test Subject 1'[39m }

[90mstdout[2m | src/store/emailPreferences.test.ts[2m > [22m[2mEmail Preferences Store[2m > [22m[2mgetRecentEmailDeliveries[2m > [22m[2mshould respect limit parameter
[22m[39m[EmailPreferencesStore] Recorded email delivery { userId: [32m'user-test-123'[39m, subject: [32m'Test Subject 2'[39m }

[90mstdout[2m | src/store/emailPreferences.test.ts[2m > [22m[2mEmail Preferences Store[2m > [22m[2mgetRecentEmailDeliveries[2m > [22m[2mshould respect limit parameter
[22m[39m[EmailPreferencesStore] Recorded email delivery { userId: [32m'user-test-123'[39m, subject: [32m'Test Subject 3'[39m }

[90mstdout[2m | src/store/emailPreferences.test.ts[2m > [22m[2mEmail Preferences Store[2m > [22m[2mgetRecentEmailDeliveries[2m > [22m[2mshould respect limit parameter
[22m[39m[EmailPreferencesStore] Recorded email delivery { userId: [32m'user-test-123'[39m, subject: [32m'Test Subject 4'[39m }

[90mstdout[2m | src/store/emailPreferences.test.ts[2m > [22m[2mEmail Preferences Store[2m > [22m[2mgetRecentEmailDeliveries[2m > [22m[2mshould respect limit parameter
[22m[39m[EmailPreferencesStore] Recorded email delivery { userId: [32m'user-test-123'[39m, subject: [32m'Test Subject 5'[39m }

[90mstdout[2m | src/store/emailPreferences.test.ts[2m > [22m[2mEmail Preferences Store[2m > [22m[2mgetRecentEmailDeliveries[2m > [22m[2mshould respect limit parameter
[22m[39m[EmailPreferencesStore] Recorded email delivery { userId: [32m'user-test-123'[39m, subject: [32m'Test Subject 6'[39m }

[90mstdout[2m | src/store/emailPreferences.test.ts[2m > [22m[2mEmail Preferences Store[2m > [22m[2mgetRecentEmailDeliveries[2m > [22m[2mshould respect limit parameter
[22m[39m[EmailPreferencesStore] Recorded email delivery { userId: [32m'user-test-123'[39m, subject: [32m'Test Subject 7'[39m }

[90mstdout[2m | src/store/emailPreferences.test.ts[2m > [22m[2mEmail Preferences Store[2m > [22m[2mgetRecentEmailDeliveries[2m > [22m[2mshould respect limit parameter
[22m[39m[EmailPreferencesStore] Recorded email delivery { userId: [32m'user-test-123'[39m, subject: [32m'Test Subject 8'[39m }

[90mstdout[2m | src/store/emailPreferences.test.ts[2m > [22m[2mEmail Preferences Store[2m > [22m[2mgetRecentEmailDeliveries[2m > [22m[2mshould respect limit parameter
[22m[39m[EmailPreferencesStore] Recorded email delivery { userId: [32m'user-test-123'[39m, subject: [32m'Test Subject 9'[39m }

[90mstdout[2m | src/store/emailPreferences.test.ts[2m > [22m[2mEmail Preferences Store[2m > [22m[2mgetRecentEmailDeliveries[2m > [22m[2mshould respect limit parameter
[22m[39m[EmailPreferencesStore] Recorded email delivery { userId: [32m'user-test-123'[39m, subject: [32m'Test Subject 10'[39m }

[90mstdout[2m | src/store/emailPreferences.test.ts[2m > [22m[2mEmail Preferences Store[2m > [22m[2mgetRecentEmailDeliveries[2m > [22m[2mshould respect limit parameter
[22m[39m[EmailPreferencesStore] Recorded email delivery { userId: [32m'user-test-123'[39m, subject: [32m'Test Subject 11'[39m }

[90mstdout[2m | src/store/emailPreferences.test.ts[2m > [22m[2mEmail Preferences Store[2m > [22m[2mgetRecentEmailDeliveries[2m > [22m[2mshould respect limit parameter
[22m[39m[EmailPreferencesStore] Recorded email delivery { userId: [32m'user-test-123'[39m, subject: [32m'Test Subject 12'[39m }

[90mstdout[2m | src/store/emailPreferences.test.ts[2m > [22m[2mEmail Preferences Store[2m > [22m[2mgetRecentEmailDeliveries[2m > [22m[2mshould respect limit parameter
[22m[39m[EmailPreferencesStore] Recorded email delivery { userId: [32m'user-test-123'[39m, subject: [32m'Test Subject 13'[39m }

[90mstdout[2m | src/store/emailPreferences.test.ts[2m > [22m[2mEmail Preferences Store[2m > [22m[2mgetRecentEmailDeliveries[2m > [22m[2mshould respect limit parameter
[22m[39m[EmailPreferencesStore] Recorded email delivery { userId: [32m'user-test-123'[39m, subject: [32m'Test Subject 14'[39m }

[90mstdout[2m | src/store/emailPreferences.test.ts[2m > [22m[2mEmail Preferences Store[2m > [22m[2mgetRecentEmailDeliveries[2m > [22m[2mshould not return soft-deleted deliveries
[22m[39m[EmailPreferencesStore] Recorded email delivery { userId: [32m'user-test-123'[39m, subject: [32m'Test Subject'[39m }

[90mstdout[2m | src/store/emailPreferences.test.ts[2m > [22m[2mEmail Preferences Store[2m > [22m[2misUserUnsubscribed[2m > [22m[2mshould return false when user has not unsubscribed
[22m[39m[EmailPreferencesStore] Created default email preferences { userId: [32m'user-test-123'[39m, companyId: [32m'company-test-456'[39m }

[90mstdout[2m | src/store/emailPreferences.test.ts[2m > [22m[2mEmail Preferences Store[2m > [22m[2misUserUnsubscribed[2m > [22m[2mshould return true when user has unsubscribed
[22m[39m[EmailPreferencesStore] Created default email preferences { userId: [32m'user-test-123'[39m, companyId: [32m'company-test-456'[39m }

[90mstdout[2m | src/store/emailPreferences.test.ts[2m > [22m[2mEmail Preferences Store[2m > [22m[2misUserUnsubscribed[2m > [22m[2mshould return true when user has unsubscribed
[22m[39m[EmailPreferencesStore] Updated email preferences {
  userId: [32m'user-test-123'[39m,
  updates: {
    enabled: [33mfalse[39m,
    unsubscribedAt: [35m2026-01-19T05:51:34.495Z[39m,
    unsubscribeReason: [32m'User unsubscribed'[39m
  }
}

[90mstdout[2m | src/store/emailPreferences.test.ts[2m > [22m[2mEmail Preferences Store[2m > [22m[2mdeleteEmailPreferences[2m > [22m[2mshould soft delete preferences
[22m[39m[EmailPreferencesStore] Created default email preferences { userId: [32m'user-test-123'[39m, companyId: [32m'company-test-456'[39m }

[90mstdout[2m | src/store/emailPreferences.test.ts[2m > [22m[2mEmail Preferences Store[2m > [22m[2mdeleteEmailPreferences[2m > [22m[2mshould soft delete preferences
[22m[39m[EmailPreferencesStore] Deleted email preferences { userId: [32m'user-test-123'[39m }

[90mstdout[2m | src/store/emailPreferences.test.ts[2m > [22m[2mEmail Preferences Store[2m > [22m[2mdeleteEmailPreferences[2m > [22m[2mshould update metadata on deletion
[22m[39m[EmailPreferencesStore] Created default email preferences { userId: [32m'user-test-123'[39m, companyId: [32m'company-test-456'[39m }

[90mstdout[2m | src/store/emailPreferences.test.ts[2m > [22m[2mEmail Preferences Store[2m > [22m[2mdeleteEmailPreferences[2m > [22m[2mshould update metadata on deletion
[22m[39m[EmailPreferencesStore] Deleted email preferences { userId: [32m'user-test-123'[39m }

[90mstdout[2m | src/store/emailPreferences.test.ts[2m > [22m[2mEmail Preferences Store[2m > [22m[2mCRDT version vector management[2m > [22m[2mshould increment version vector on each update
[22m[39m[EmailPreferencesStore] Created default email preferences { userId: [32m'user-test-123'[39m, companyId: [32m'company-test-456'[39m }

[90mstdout[2m | src/store/emailPreferences.test.ts[2m > [22m[2mEmail Preferences Store[2m > [22m[2mCRDT version vector management[2m > [22m[2mshould increment version vector on each update
[22m[39m[EmailPreferencesStore] Updated email preferences { userId: [32m'user-test-123'[39m, updates: { maxTasksToShow: [33m5[39m } }

[90mstdout[2m | src/store/emailPreferences.test.ts[2m > [22m[2mEmail Preferences Store[2m > [22m[2mCRDT version vector management[2m > [22m[2mshould increment version vector on each update
[22m[39m[EmailPreferencesStore] Updated email preferences { userId: [32m'user-test-123'[39m, updates: { maxTasksToShow: [33m6[39m } }

[90mstdout[2m | src/store/emailPreferences.test.ts[2m > [22m[2mEmail Preferences Store[2m > [22m[2mCRDT version vector management[2m > [22m[2mshould increment version vector on each update
[22m[39m[EmailPreferencesStore] Updated email preferences { userId: [32m'user-test-123'[39m, updates: { maxTasksToShow: [33m7[39m } }

[90mstdout[2m | src/store/emailPreferences.test.ts[2m > [22m[2mEmail Preferences Store[2m > [22m[2mEdge cases[2m > [22m[2mshould handle rapid successive updates
[22m[39m[EmailPreferencesStore] Created default email preferences { userId: [32m'user-test-123'[39m, companyId: [32m'company-test-456'[39m }

[90mstdout[2m | src/store/emailPreferences.test.ts[2m > [22m[2mEmail Preferences Store[2m > [22m[2mEdge cases[2m > [22m[2mshould handle rapid successive updates
[22m[39m[EmailPreferencesStore] Updated email preferences { userId: [32m'user-test-123'[39m, updates: { maxTasksToShow: [33m0[39m } }

[90mstdout[2m | src/store/emailPreferences.test.ts[2m > [22m[2mEmail Preferences Store[2m > [22m[2mEdge cases[2m > [22m[2mshould handle rapid successive updates
[22m[39m[EmailPreferencesStore] Updated email preferences { userId: [32m'user-test-123'[39m, updates: { maxTasksToShow: [33m1[39m } }

[90mstdout[2m | src/store/emailPreferences.test.ts[2m > [22m[2mEmail Preferences Store[2m > [22m[2mEdge cases[2m > [22m[2mshould handle rapid successive updates
[22m[39m[EmailPreferencesStore] Updated email preferences { userId: [32m'user-test-123'[39m, updates: { maxTasksToShow: [33m2[39m } }

[90mstdout[2m | src/store/emailPreferences.test.ts[2m > [22m[2mEmail Preferences Store[2m > [22m[2mEdge cases[2m > [22m[2mshould handle rapid successive updates
[22m[39m[EmailPreferencesStore] Updated email preferences { userId: [32m'user-test-123'[39m, updates: { maxTasksToShow: [33m3[39m } }

[90mstdout[2m | src/store/emailPreferences.test.ts[2m > [22m[2mEmail Preferences Store[2m > [22m[2mEdge cases[2m > [22m[2mshould handle rapid successive updates
[22m[39m[EmailPreferencesStore] Updated email preferences { userId: [32m'user-test-123'[39m, updates: { maxTasksToShow: [33m4[39m } }

[90mstdout[2m | src/store/emailPreferences.test.ts[2m > [22m[2mEmail Preferences Store[2m > [22m[2mEdge cases[2m > [22m[2mshould handle rapid successive updates
[22m[39m[EmailPreferencesStore] Updated email preferences { userId: [32m'user-test-123'[39m, updates: { maxTasksToShow: [33m5[39m } }

[90mstdout[2m | src/store/emailPreferences.test.ts[2m > [22m[2mEmail Preferences Store[2m > [22m[2mEdge cases[2m > [22m[2mshould handle rapid successive updates
[22m[39m[EmailPreferencesStore] Updated email preferences { userId: [32m'user-test-123'[39m, updates: { maxTasksToShow: [33m6[39m } }

[90mstdout[2m | src/store/emailPreferences.test.ts[2m > [22m[2mEmail Preferences Store[2m > [22m[2mEdge cases[2m > [22m[2mshould handle rapid successive updates
[22m[39m[EmailPreferencesStore] Updated email preferences { userId: [32m'user-test-123'[39m, updates: { maxTasksToShow: [33m7[39m } }

[90mstdout[2m | src/store/emailPreferences.test.ts[2m > [22m[2mEmail Preferences Store[2m > [22m[2mEdge cases[2m > [22m[2mshould handle rapid successive updates
[22m[39m[EmailPreferencesStore] Updated email preferences { userId: [32m'user-test-123'[39m, updates: { maxTasksToShow: [33m8[39m } }

[90mstdout[2m | src/store/emailPreferences.test.ts[2m > [22m[2mEmail Preferences Store[2m > [22m[2mEdge cases[2m > [22m[2mshould handle rapid successive updates
[22m[39m[EmailPreferencesStore] Updated email preferences { userId: [32m'user-test-123'[39m, updates: { maxTasksToShow: [33m9[39m } }

[90mstdout[2m | src/store/emailPreferences.test.ts[2m > [22m[2mEmail Preferences Store[2m > [22m[2mEdge cases[2m > [22m[2mshould handle different timezones
[22m[39m[EmailPreferencesStore] Created default email preferences { userId: [32m'user-test-123'[39m, companyId: [32m'company-test-456'[39m }

[90mstdout[2m | src/store/emailPreferences.test.ts[2m > [22m[2mEmail Preferences Store[2m > [22m[2mEdge cases[2m > [22m[2mshould handle different timezones
[22m[39m[EmailPreferencesStore] Updated email preferences { userId: [32m'user-test-123'[39m, updates: { timezone: [32m'America/New_York'[39m } }

[90mstdout[2m | src/store/emailPreferences.test.ts[2m > [22m[2mEmail Preferences Store[2m > [22m[2mEdge cases[2m > [22m[2mshould handle different timezones
[22m[39m[EmailPreferencesStore] Updated email preferences { userId: [32m'user-test-123'[39m, updates: { timezone: [32m'Europe/London'[39m } }

[90mstdout[2m | src/store/emailPreferences.test.ts[2m > [22m[2mEmail Preferences Store[2m > [22m[2mEdge cases[2m > [22m[2mshould handle different timezones
[22m[39m[EmailPreferencesStore] Updated email preferences { userId: [32m'user-test-123'[39m, updates: { timezone: [32m'Asia/Tokyo'[39m } }

[90mstdout[2m | src/store/emailPreferences.test.ts[2m > [22m[2mEmail Preferences Store[2m > [22m[2mEdge cases[2m > [22m[2mshould handle different timezones
[22m[39m[EmailPreferencesStore] Updated email preferences { userId: [32m'user-test-123'[39m, updates: { timezone: [32m'Australia/Sydney'[39m } }

[90mstdout[2m | src/store/emailPreferences.test.ts[2m > [22m[2mEmail Preferences Store[2m > [22m[2mEdge cases[2m > [22m[2mshould handle special characters in company name
[22m[39m[EmailPreferencesStore] Created default email preferences { userId: [32m'user-test-123'[39m, companyId: [32m'company-special-àéîôü-123'[39m }

[90mstdout[2m | src/store/emailPreferences.test.ts[2m > [22m[2mEmail Preferences Store[2m > [22m[2mConcurrent access[2m > [22m[2mshould handle concurrent reads
[22m[39m[EmailPreferencesStore] Created default email preferences { userId: [32m'user-test-123'[39m, companyId: [32m'company-test-456'[39m }

[90mstdout[2m | src/store/emailPreferences.test.ts[2m > [22m[2mEmail Preferences Store[2m > [22m[2mConcurrent access[2m > [22m[2mshould handle concurrent updates with CRDT
[22m[39m[EmailPreferencesStore] Created default email preferences { userId: [32m'user-test-123'[39m, companyId: [32m'company-test-456'[39m }

[90mstdout[2m | src/store/emailPreferences.test.ts[2m > [22m[2mEmail Preferences Store[2m > [22m[2mConcurrent access[2m > [22m[2mshould handle concurrent updates with CRDT
[22m[39m[EmailPreferencesStore] Updated email preferences { userId: [32m'user-test-123'[39m, updates: { maxTasksToShow: [33m5[39m } }

[90mstdout[2m | src/store/emailPreferences.test.ts[2m > [22m[2mEmail Preferences Store[2m > [22m[2mConcurrent access[2m > [22m[2mshould handle concurrent updates with CRDT
[22m[39m[EmailPreferencesStore] Updated email preferences { userId: [32m'user-test-123'[39m, updates: { enabled: [33mfalse[39m } }

[90mstdout[2m | src/store/emailPreferences.test.ts[2m > [22m[2mEmail Preferences Store[2m > [22m[2mConcurrent access[2m > [22m[2mshould handle concurrent updates with CRDT
[22m[39m[EmailPreferencesStore] Updated email preferences { userId: [32m'user-test-123'[39m, updates: { dayOfWeek: [32m'friday'[39m } }

 [32m✓[39m src/store/emailPreferences.test.ts [2m([22m[2m41 tests[22m[2m)[22m[33m 1327[2mms[22m[39m
 [32m✓[39m src/hooks/useTutorial.test.ts [2m([22m[2m21 tests[22m[2m)[22m[33m 1077[2mms[22m[39m
 [32m✓[39m src/components/assessment/AssessmentQuestion.test.tsx [2m([22m[2m14 tests[22m[2m)[22m[33m 954[2mms[22m[39m
 [32m✓[39m src/components/audit/AuditLogTimeline.test.tsx [2m([22m[2m11 tests[22m[2m)[22m[33m 802[2mms[22m[39m
[90mstdout[2m | src/services/recentActivity.service.test.ts[2m > [22m[2mRecentActivityService[2m > [22m[2mtrackSearch[2m > [22m[2mshould track a search activity
[22m[39m[RecentActivityService] Tracked search activity {
  userId: [32m'user-123'[39m,
  entityType: [32m'TRANSACTION'[39m,
  query: [32m'office supplies'[39m
}

[90mstdout[2m | src/services/recentActivity.service.test.ts[2m > [22m[2mRecentActivityService[2m > [22m[2mtrackSearch[2m > [22m[2mshould store result count in context
[22m[39m[RecentActivityService] Tracked search activity { userId: [32m'user-123'[39m, entityType: [32m'INVOICE'[39m, query: [32m'test'[39m }

[90mstdout[2m | src/services/recentActivity.service.test.ts[2m > [22m[2mRecentActivityService[2m > [22m[2mtrackView[2m > [22m[2mshould track a view activity
[22m[39m[RecentActivityService] Tracked view activity { userId: [32m'user-123'[39m, entityType: [32m'INVOICE'[39m, entityId: [32m'inv-001'[39m }

[90mstdout[2m | src/services/recentActivity.service.test.ts[2m > [22m[2mRecentActivityService[2m > [22m[2mtrackView[2m > [22m[2mshould store context data
[22m[39m[RecentActivityService] Tracked view activity { userId: [32m'user-123'[39m, entityType: [32m'BILL'[39m, entityId: [32m'bill-001'[39m }

[90mstdout[2m | src/services/recentActivity.service.test.ts[2m > [22m[2mRecentActivityService[2m > [22m[2mtrackEdit[2m > [22m[2mshould track an edit activity
[22m[39m[RecentActivityService] Tracked edit activity { userId: [32m'user-123'[39m, entityType: [32m'TRANSACTION'[39m, entityId: [32m'txn-001'[39m }

[90mstdout[2m | src/services/recentActivity.service.test.ts[2m > [22m[2mRecentActivityService[2m > [22m[2mtrackEdit[2m > [22m[2mshould store draft status in context
[22m[39m[RecentActivityService] Tracked edit activity { userId: [32m'user-123'[39m, entityType: [32m'INVOICE'[39m, entityId: [32m'inv-002'[39m }

[90mstdout[2m | src/services/recentActivity.service.test.ts[2m > [22m[2mRecentActivityService[2m > [22m[2mtrackCreate[2m > [22m[2mshould track a create activity
[22m[39m[RecentActivityService] Tracked create activity { userId: [32m'user-123'[39m, entityType: [32m'CONTACT'[39m, entityId: [32m'contact-001'[39m }

[90mstdout[2m | src/services/recentActivity.service.test.ts[2m > [22m[2mRecentActivityService[2m > [22m[2mgetRecentSearches[2m > [22m[2mshould return recent searches
[22m[39m[RecentActivityService] Tracked search activity {
  userId: [32m'user-123'[39m,
  entityType: [32m'TRANSACTION'[39m,
  query: [32m'office supplies'[39m
}

[90mstdout[2m | src/services/recentActivity.service.test.ts[2m > [22m[2mRecentActivityService[2m > [22m[2mgetRecentSearches[2m > [22m[2mshould return recent searches
[22m[39m[RecentActivityService] Tracked search activity { userId: [32m'user-123'[39m, entityType: [32m'INVOICE'[39m, query: [32m'client name'[39m }

[90mstdout[2m | src/services/recentActivity.service.test.ts[2m > [22m[2mRecentActivityService[2m > [22m[2mgetRecentSearches[2m > [22m[2mshould return recent searches
[22m[39m[RecentActivityService] Tracked search activity { userId: [32m'user-123'[39m, entityType: [32m'GLOBAL'[39m, query: [32m'payment'[39m }

[90mstdout[2m | src/services/recentActivity.service.test.ts[2m > [22m[2mRecentActivityService[2m > [22m[2mgetRecentSearches[2m > [22m[2mshould filter by entity type
[22m[39m[RecentActivityService] Tracked search activity {
  userId: [32m'user-123'[39m,
  entityType: [32m'TRANSACTION'[39m,
  query: [32m'office supplies'[39m
}

[90mstdout[2m | src/services/recentActivity.service.test.ts[2m > [22m[2mRecentActivityService[2m > [22m[2mgetRecentSearches[2m > [22m[2mshould filter by entity type
[22m[39m[RecentActivityService] Tracked search activity { userId: [32m'user-123'[39m, entityType: [32m'INVOICE'[39m, query: [32m'client name'[39m }

[90mstdout[2m | src/services/recentActivity.service.test.ts[2m > [22m[2mRecentActivityService[2m > [22m[2mgetRecentSearches[2m > [22m[2mshould filter by entity type
[22m[39m[RecentActivityService] Tracked search activity { userId: [32m'user-123'[39m, entityType: [32m'GLOBAL'[39m, query: [32m'payment'[39m }

[90mstdout[2m | src/services/recentActivity.service.test.ts[2m > [22m[2mRecentActivityService[2m > [22m[2mgetRecentSearches[2m > [22m[2mshould limit results
[22m[39m[RecentActivityService] Tracked search activity {
  userId: [32m'user-123'[39m,
  entityType: [32m'TRANSACTION'[39m,
  query: [32m'office supplies'[39m
}

[90mstdout[2m | src/services/recentActivity.service.test.ts[2m > [22m[2mRecentActivityService[2m > [22m[2mgetRecentSearches[2m > [22m[2mshould limit results
[22m[39m[RecentActivityService] Tracked search activity { userId: [32m'user-123'[39m, entityType: [32m'INVOICE'[39m, query: [32m'client name'[39m }

[90mstdout[2m | src/services/recentActivity.service.test.ts[2m > [22m[2mRecentActivityService[2m > [22m[2mgetRecentSearches[2m > [22m[2mshould limit results
[22m[39m[RecentActivityService] Tracked search activity { userId: [32m'user-123'[39m, entityType: [32m'GLOBAL'[39m, query: [32m'payment'[39m }

[90mstdout[2m | src/services/recentActivity.service.test.ts[2m > [22m[2mRecentActivityService[2m > [22m[2mgetRecentViews[2m > [22m[2mshould return recent views
[22m[39m[RecentActivityService] Tracked view activity { userId: [32m'user-123'[39m, entityType: [32m'INVOICE'[39m, entityId: [32m'inv-001'[39m }

[90mstdout[2m | src/services/recentActivity.service.test.ts[2m > [22m[2mRecentActivityService[2m > [22m[2mgetRecentViews[2m > [22m[2mshould return recent views
[22m[39m[RecentActivityService] Tracked view activity { userId: [32m'user-123'[39m, entityType: [32m'INVOICE'[39m, entityId: [32m'inv-002'[39m }

[90mstdout[2m | src/services/recentActivity.service.test.ts[2m > [22m[2mRecentActivityService[2m > [22m[2mgetRecentViews[2m > [22m[2mshould return recent views
[22m[39m[RecentActivityService] Tracked view activity { userId: [32m'user-123'[39m, entityType: [32m'BILL'[39m, entityId: [32m'bill-001'[39m }

[90mstdout[2m | src/services/recentActivity.service.test.ts[2m > [22m[2mRecentActivityService[2m > [22m[2mgetRecentViews[2m > [22m[2mshould deduplicate views of same entity
[22m[39m[RecentActivityService] Tracked view activity { userId: [32m'user-123'[39m, entityType: [32m'INVOICE'[39m, entityId: [32m'inv-001'[39m }

[90mstdout[2m | src/services/recentActivity.service.test.ts[2m > [22m[2mRecentActivityService[2m > [22m[2mgetRecentViews[2m > [22m[2mshould deduplicate views of same entity
[22m[39m[RecentActivityService] Tracked view activity { userId: [32m'user-123'[39m, entityType: [32m'INVOICE'[39m, entityId: [32m'inv-002'[39m }

[90mstdout[2m | src/services/recentActivity.service.test.ts[2m > [22m[2mRecentActivityService[2m > [22m[2mgetRecentViews[2m > [22m[2mshould deduplicate views of same entity
[22m[39m[RecentActivityService] Tracked view activity { userId: [32m'user-123'[39m, entityType: [32m'BILL'[39m, entityId: [32m'bill-001'[39m }

[90mstdout[2m | src/services/recentActivity.service.test.ts[2m > [22m[2mRecentActivityService[2m > [22m[2mgetRecentViews[2m > [22m[2mshould deduplicate views of same entity
[22m[39m[RecentActivityService] Tracked view activity { userId: [32m'user-123'[39m, entityType: [32m'INVOICE'[39m, entityId: [32m'inv-001'[39m }

[90mstdout[2m | src/services/recentActivity.service.test.ts[2m > [22m[2mRecentActivityService[2m > [22m[2mgetRecentViews[2m > [22m[2mshould filter by entity type
[22m[39m[RecentActivityService] Tracked view activity { userId: [32m'user-123'[39m, entityType: [32m'INVOICE'[39m, entityId: [32m'inv-001'[39m }

[90mstdout[2m | src/services/recentActivity.service.test.ts[2m > [22m[2mRecentActivityService[2m > [22m[2mgetRecentViews[2m > [22m[2mshould filter by entity type
[22m[39m[RecentActivityService] Tracked view activity { userId: [32m'user-123'[39m, entityType: [32m'INVOICE'[39m, entityId: [32m'inv-002'[39m }

[90mstdout[2m | src/services/recentActivity.service.test.ts[2m > [22m[2mRecentActivityService[2m > [22m[2mgetRecentViews[2m > [22m[2mshould filter by entity type
[22m[39m[RecentActivityService] Tracked view activity { userId: [32m'user-123'[39m, entityType: [32m'BILL'[39m, entityId: [32m'bill-001'[39m }

[90mstdout[2m | src/services/recentActivity.service.test.ts[2m > [22m[2mRecentActivityService[2m > [22m[2mgetRecentEdits[2m > [22m[2mshould return recent edits and creates
[22m[39m[RecentActivityService] Tracked edit activity { userId: [32m'user-123'[39m, entityType: [32m'INVOICE'[39m, entityId: [32m'inv-001'[39m }

[90mstdout[2m | src/services/recentActivity.service.test.ts[2m > [22m[2mRecentActivityService[2m > [22m[2mgetRecentEdits[2m > [22m[2mshould return recent edits and creates
[22m[39m[RecentActivityService] Tracked create activity { userId: [32m'user-123'[39m, entityType: [32m'TRANSACTION'[39m, entityId: [32m'txn-001'[39m }

[90mstdout[2m | src/services/recentActivity.service.test.ts[2m > [22m[2mRecentActivityService[2m > [22m[2mgetRecentEdits[2m > [22m[2mshould return recent edits and creates
[22m[39m[RecentActivityService] Tracked edit activity { userId: [32m'user-123'[39m, entityType: [32m'BILL'[39m, entityId: [32m'bill-001'[39m }

[90mstdout[2m | src/services/recentActivity.service.test.ts[2m > [22m[2mRecentActivityService[2m > [22m[2mgetRecentEdits[2m > [22m[2mshould deduplicate edits
[22m[39m[RecentActivityService] Tracked edit activity { userId: [32m'user-123'[39m, entityType: [32m'INVOICE'[39m, entityId: [32m'inv-001'[39m }

[90mstdout[2m | src/services/recentActivity.service.test.ts[2m > [22m[2mRecentActivityService[2m > [22m[2mgetRecentEdits[2m > [22m[2mshould deduplicate edits
[22m[39m[RecentActivityService] Tracked create activity { userId: [32m'user-123'[39m, entityType: [32m'TRANSACTION'[39m, entityId: [32m'txn-001'[39m }

[90mstdout[2m | src/services/recentActivity.service.test.ts[2m > [22m[2mRecentActivityService[2m > [22m[2mgetRecentEdits[2m > [22m[2mshould deduplicate edits
[22m[39m[RecentActivityService] Tracked edit activity { userId: [32m'user-123'[39m, entityType: [32m'BILL'[39m, entityId: [32m'bill-001'[39m }

[90mstdout[2m | src/services/recentActivity.service.test.ts[2m > [22m[2mRecentActivityService[2m > [22m[2mgetRecentEdits[2m > [22m[2mshould deduplicate edits
[22m[39m[RecentActivityService] Tracked edit activity { userId: [32m'user-123'[39m, entityType: [32m'INVOICE'[39m, entityId: [32m'inv-001'[39m }

[90mstdout[2m | src/services/recentActivity.service.test.ts[2m > [22m[2mRecentActivityService[2m > [22m[2mgetRecentEdits[2m > [22m[2mshould limit to 5 by default
[22m[39m[RecentActivityService] Tracked edit activity { userId: [32m'user-123'[39m, entityType: [32m'INVOICE'[39m, entityId: [32m'inv-001'[39m }

[90mstdout[2m | src/services/recentActivity.service.test.ts[2m > [22m[2mRecentActivityService[2m > [22m[2mgetRecentEdits[2m > [22m[2mshould limit to 5 by default
[22m[39m[RecentActivityService] Tracked create activity { userId: [32m'user-123'[39m, entityType: [32m'TRANSACTION'[39m, entityId: [32m'txn-001'[39m }

[90mstdout[2m | src/services/recentActivity.service.test.ts[2m > [22m[2mRecentActivityService[2m > [22m[2mgetRecentEdits[2m > [22m[2mshould limit to 5 by default
[22m[39m[RecentActivityService] Tracked edit activity { userId: [32m'user-123'[39m, entityType: [32m'BILL'[39m, entityId: [32m'bill-001'[39m }

[90mstdout[2m | src/services/recentActivity.service.test.ts[2m > [22m[2mRecentActivityService[2m > [22m[2mgetRecentEdits[2m > [22m[2mshould limit to 5 by default
[22m[39m[RecentActivityService] Tracked edit activity { userId: [32m'user-123'[39m, entityType: [32m'TRANSACTION'[39m, entityId: [32m'txn-0'[39m }

[90mstdout[2m | src/services/recentActivity.service.test.ts[2m > [22m[2mRecentActivityService[2m > [22m[2mgetRecentEdits[2m > [22m[2mshould limit to 5 by default
[22m[39m[RecentActivityService] Tracked edit activity { userId: [32m'user-123'[39m, entityType: [32m'TRANSACTION'[39m, entityId: [32m'txn-1'[39m }

[90mstdout[2m | src/services/recentActivity.service.test.ts[2m > [22m[2mRecentActivityService[2m > [22m[2mgetRecentEdits[2m > [22m[2mshould limit to 5 by default
[22m[39m[RecentActivityService] Tracked edit activity { userId: [32m'user-123'[39m, entityType: [32m'TRANSACTION'[39m, entityId: [32m'txn-2'[39m }

[90mstdout[2m | src/services/recentActivity.service.test.ts[2m > [22m[2mRecentActivityService[2m > [22m[2mgetRecentEdits[2m > [22m[2mshould limit to 5 by default
[22m[39m[RecentActivityService] Tracked edit activity { userId: [32m'user-123'[39m, entityType: [32m'TRANSACTION'[39m, entityId: [32m'txn-3'[39m }

[90mstdout[2m | src/services/recentActivity.service.test.ts[2m > [22m[2mRecentActivityService[2m > [22m[2mgetRecentEdits[2m > [22m[2mshould limit to 5 by default
[22m[39m[RecentActivityService] Tracked edit activity { userId: [32m'user-123'[39m, entityType: [32m'TRANSACTION'[39m, entityId: [32m'txn-4'[39m }

[90mstdout[2m | src/services/recentActivity.service.test.ts[2m > [22m[2mRecentActivityService[2m > [22m[2mgetRecentEdits[2m > [22m[2mshould limit to 5 by default
[22m[39m[RecentActivityService] Tracked edit activity { userId: [32m'user-123'[39m, entityType: [32m'TRANSACTION'[39m, entityId: [32m'txn-5'[39m }

[90mstdout[2m | src/services/recentActivity.service.test.ts[2m > [22m[2mRecentActivityService[2m > [22m[2mgetRecentEdits[2m > [22m[2mshould limit to 5 by default
[22m[39m[RecentActivityService] Tracked edit activity { userId: [32m'user-123'[39m, entityType: [32m'TRANSACTION'[39m, entityId: [32m'txn-6'[39m }

[90mstdout[2m | src/services/recentActivity.service.test.ts[2m > [22m[2mRecentActivityService[2m > [22m[2mgetRecentEdits[2m > [22m[2mshould limit to 5 by default
[22m[39m[RecentActivityService] Tracked edit activity { userId: [32m'user-123'[39m, entityType: [32m'TRANSACTION'[39m, entityId: [32m'txn-7'[39m }

[90mstdout[2m | src/services/recentActivity.service.test.ts[2m > [22m[2mRecentActivityService[2m > [22m[2mgetRecentEdits[2m > [22m[2mshould limit to 5 by default
[22m[39m[RecentActivityService] Tracked edit activity { userId: [32m'user-123'[39m, entityType: [32m'TRANSACTION'[39m, entityId: [32m'txn-8'[39m }

[90mstdout[2m | src/services/recentActivity.service.test.ts[2m > [22m[2mRecentActivityService[2m > [22m[2mgetRecentEdits[2m > [22m[2mshould limit to 5 by default
[22m[39m[RecentActivityService] Tracked edit activity { userId: [32m'user-123'[39m, entityType: [32m'TRANSACTION'[39m, entityId: [32m'txn-9'[39m }

[90mstdout[2m | src/services/recentActivity.service.test.ts[2m > [22m[2mRecentActivityService[2m > [22m[2mgetRecentEntrySuggestions[2m > [22m[2mshould return entry suggestions
[22m[39m[RecentActivityService] Tracked create activity { userId: [32m'user-123'[39m, entityType: [32m'TRANSACTION'[39m, entityId: [32m'exp-001'[39m }

[90mstdout[2m | src/services/recentActivity.service.test.ts[2m > [22m[2mRecentActivityService[2m > [22m[2mgetRecentEntrySuggestions[2m > [22m[2mshould return entry suggestions
[22m[39m[RecentActivityService] Tracked create activity { userId: [32m'user-123'[39m, entityType: [32m'TRANSACTION'[39m, entityId: [32m'exp-002'[39m }

[90mstdout[2m | src/services/recentActivity.service.test.ts[2m > [22m[2mRecentActivityService[2m > [22m[2mgetRecentEntrySuggestions[2m > [22m[2mshould filter by entity type
[22m[39m[RecentActivityService] Tracked create activity { userId: [32m'user-123'[39m, entityType: [32m'TRANSACTION'[39m, entityId: [32m'exp-001'[39m }

[90mstdout[2m | src/services/recentActivity.service.test.ts[2m > [22m[2mRecentActivityService[2m > [22m[2mgetRecentEntrySuggestions[2m > [22m[2mshould filter by entity type
[22m[39m[RecentActivityService] Tracked create activity { userId: [32m'user-123'[39m, entityType: [32m'TRANSACTION'[39m, entityId: [32m'exp-002'[39m }

[90mstdout[2m | src/services/recentActivity.service.test.ts[2m > [22m[2mRecentActivityService[2m > [22m[2mgetRecentEntrySuggestions[2m > [22m[2mshould filter by entity type
[22m[39m[RecentActivityService] Tracked create activity { userId: [32m'user-123'[39m, entityType: [32m'INVOICE'[39m, entityId: [32m'inv-001'[39m }

[90mstdout[2m | src/services/recentActivity.service.test.ts[2m > [22m[2mRecentActivityService[2m > [22m[2mclearHistory[2m > [22m[2mshould clear all history
[22m[39m[RecentActivityService] Tracked search activity { userId: [32m'user-123'[39m, entityType: [32m'TRANSACTION'[39m, query: [32m'test'[39m }

[90mstdout[2m | src/services/recentActivity.service.test.ts[2m > [22m[2mRecentActivityService[2m > [22m[2mclearHistory[2m > [22m[2mshould clear all history
[22m[39m[RecentActivityService] Tracked view activity { userId: [32m'user-123'[39m, entityType: [32m'INVOICE'[39m, entityId: [32m'inv-001'[39m }

[90mstdout[2m | src/services/recentActivity.service.test.ts[2m > [22m[2mRecentActivityService[2m > [22m[2mclearHistory[2m > [22m[2mshould clear all history
[22m[39m[RecentActivityService] Tracked edit activity { userId: [32m'user-123'[39m, entityType: [32m'BILL'[39m, entityId: [32m'bill-001'[39m }

[90mstdout[2m | src/services/recentActivity.service.test.ts[2m > [22m[2mRecentActivityService[2m > [22m[2mclearHistory[2m > [22m[2mshould clear all history
[22m[39m[RecentActivityService] Cleared history { userId: [32m'user-123'[39m, count: [33m3[39m, options: [90mundefined[39m }

[90mstdout[2m | src/services/recentActivity.service.test.ts[2m > [22m[2mRecentActivityService[2m > [22m[2mclearHistory[2m > [22m[2mshould clear by activity type
[22m[39m[RecentActivityService] Tracked search activity { userId: [32m'user-123'[39m, entityType: [32m'TRANSACTION'[39m, query: [32m'test'[39m }

[90mstdout[2m | src/services/recentActivity.service.test.ts[2m > [22m[2mRecentActivityService[2m > [22m[2mclearHistory[2m > [22m[2mshould clear by activity type
[22m[39m[RecentActivityService] Tracked view activity { userId: [32m'user-123'[39m, entityType: [32m'INVOICE'[39m, entityId: [32m'inv-001'[39m }

[90mstdout[2m | src/services/recentActivity.service.test.ts[2m > [22m[2mRecentActivityService[2m > [22m[2mclearHistory[2m > [22m[2mshould clear by activity type
[22m[39m[RecentActivityService] Tracked edit activity { userId: [32m'user-123'[39m, entityType: [32m'BILL'[39m, entityId: [32m'bill-001'[39m }

[90mstdout[2m | src/services/recentActivity.service.test.ts[2m > [22m[2mRecentActivityService[2m > [22m[2mclearHistory[2m > [22m[2mshould clear by activity type
[22m[39m[RecentActivityService] Cleared history { userId: [32m'user-123'[39m, count: [33m1[39m, options: { activity_type: [32m'SEARCH'[39m } }

[90mstdout[2m | src/services/recentActivity.service.test.ts[2m > [22m[2mRecentActivityService[2m > [22m[2mclearHistory[2m > [22m[2mshould clear by entity type
[22m[39m[RecentActivityService] Tracked search activity { userId: [32m'user-123'[39m, entityType: [32m'TRANSACTION'[39m, query: [32m'test'[39m }

[90mstdout[2m | src/services/recentActivity.service.test.ts[2m > [22m[2mRecentActivityService[2m > [22m[2mclearHistory[2m > [22m[2mshould clear by entity type
[22m[39m[RecentActivityService] Tracked view activity { userId: [32m'user-123'[39m, entityType: [32m'INVOICE'[39m, entityId: [32m'inv-001'[39m }

[90mstdout[2m | src/services/recentActivity.service.test.ts[2m > [22m[2mRecentActivityService[2m > [22m[2mclearHistory[2m > [22m[2mshould clear by entity type
[22m[39m[RecentActivityService] Tracked edit activity { userId: [32m'user-123'[39m, entityType: [32m'BILL'[39m, entityId: [32m'bill-001'[39m }

[90mstdout[2m | src/services/recentActivity.service.test.ts[2m > [22m[2mRecentActivityService[2m > [22m[2mclearHistory[2m > [22m[2mshould clear by entity type
[22m[39m[RecentActivityService] Cleared history { userId: [32m'user-123'[39m, count: [33m1[39m, options: { entity_type: [32m'INVOICE'[39m } }

[90mstdout[2m | src/services/recentActivity.service.test.ts[2m > [22m[2mRecentActivityService[2m > [22m[2mclearHistory[2m > [22m[2mshould clear older than timestamp
[22m[39m[RecentActivityService] Tracked search activity { userId: [32m'user-123'[39m, entityType: [32m'TRANSACTION'[39m, query: [32m'test'[39m }

[90mstdout[2m | src/services/recentActivity.service.test.ts[2m > [22m[2mRecentActivityService[2m > [22m[2mclearHistory[2m > [22m[2mshould clear older than timestamp
[22m[39m[RecentActivityService] Tracked view activity { userId: [32m'user-123'[39m, entityType: [32m'INVOICE'[39m, entityId: [32m'inv-001'[39m }

[90mstdout[2m | src/services/recentActivity.service.test.ts[2m > [22m[2mRecentActivityService[2m > [22m[2mclearHistory[2m > [22m[2mshould clear older than timestamp
[22m[39m[RecentActivityService] Tracked edit activity { userId: [32m'user-123'[39m, entityType: [32m'BILL'[39m, entityId: [32m'bill-001'[39m }

[90mstdout[2m | src/services/recentActivity.service.test.ts[2m > [22m[2mRecentActivityService[2m > [22m[2mclearHistory[2m > [22m[2mshould clear older than timestamp
[22m[39m[RecentActivityService] Cleared history {
  userId: [32m'user-123'[39m,
  count: [33m0[39m,
  options: { older_than: [33m1768801916940[39m }
}

[90mstdout[2m | src/services/recentActivity.service.test.ts[2m > [22m[2mRecentActivityService[2m > [22m[2mgetActivitySummary[2m > [22m[2mshould return activity summary
[22m[39m[RecentActivityService] Tracked search activity { userId: [32m'user-123'[39m, entityType: [32m'TRANSACTION'[39m, query: [32m'test1'[39m }

[90mstdout[2m | src/services/recentActivity.service.test.ts[2m > [22m[2mRecentActivityService[2m > [22m[2mgetActivitySummary[2m > [22m[2mshould return activity summary
[22m[39m[RecentActivityService] Tracked search activity { userId: [32m'user-123'[39m, entityType: [32m'INVOICE'[39m, query: [32m'test2'[39m }

[90mstdout[2m | src/services/recentActivity.service.test.ts[2m > [22m[2mRecentActivityService[2m > [22m[2mgetActivitySummary[2m > [22m[2mshould return activity summary
[22m[39m[RecentActivityService] Tracked view activity { userId: [32m'user-123'[39m, entityType: [32m'INVOICE'[39m, entityId: [32m'inv-001'[39m }

[90mstdout[2m | src/services/recentActivity.service.test.ts[2m > [22m[2mRecentActivityService[2m > [22m[2mgetActivitySummary[2m > [22m[2mshould return activity summary
[22m[39m[RecentActivityService] Tracked view activity { userId: [32m'user-123'[39m, entityType: [32m'INVOICE'[39m, entityId: [32m'inv-002'[39m }

[90mstdout[2m | src/services/recentActivity.service.test.ts[2m > [22m[2mRecentActivityService[2m > [22m[2mgetActivitySummary[2m > [22m[2mshould return activity summary
[22m[39m[RecentActivityService] Tracked edit activity { userId: [32m'user-123'[39m, entityType: [32m'TRANSACTION'[39m, entityId: [32m'txn-001'[39m }

[90mstdout[2m | src/services/recentActivity.service.test.ts[2m > [22m[2mRecentActivityService[2m > [22m[2mgetActivitySummary[2m > [22m[2mshould return activity summary
[22m[39m[RecentActivityService] Tracked create activity { userId: [32m'user-123'[39m, entityType: [32m'CONTACT'[39m, entityId: [32m'contact-001'[39m }

[90mstdout[2m | src/services/recentActivity.service.test.ts[2m > [22m[2mRecentActivityService[2m > [22m[2mcleanupOldActivities[2m > [22m[2mshould cleanup activities older than threshold
[22m[39m[RecentActivityService] Tracked search activity { userId: [32m'user-123'[39m, entityType: [32m'TRANSACTION'[39m, query: [32m'recent'[39m }

[90mstdout[2m | src/services/recentActivity.service.test.ts[2m > [22m[2mRecentActivityService[2m > [22m[2mcleanupOldActivities[2m > [22m[2mshould cleanup activities older than threshold
[22m[39m[RecentActivityService] Cleared history {
  userId: [32m'user-123'[39m,
  count: [33m1[39m,
  options: { older_than: [33m1761025917999[39m }
}

 [32m✓[39m src/services/recentActivity.service.test.ts [2m([22m[2m24 tests[22m[2m)[22m[33m 843[2mms[22m[39m
 [32m✓[39m src/components/contacts/HierarchyIndicator.test.tsx [2m([22m[2m19 tests[22m[2m)[22m[33m 672[2mms[22m[39m
[90mstdout[2m | src/services/email/emailSchedulingService.test.ts[2m > [22m[2mEmail Scheduling Service[2m > [22m[2mscheduleEmail[2m > [22m[2mshould successfully schedule an email
[22m[39m[EmailScheduling] Email scheduled {
  userId: [32m'user-123'[39m,
  scheduledAt: [35m2026-01-19T16:00:00.000Z[39m,
  subject: [32m'Test Subject'[39m
}
[EmailScheduling] MOCKED: Scheduling with email service {
  recipientEmail: [32m'test@example.com'[39m,
  subject: [32m'Test Subject'[39m,
  scheduledAt: [35m2026-01-19T16:00:00.000Z[39m
}

[90mstderr[2m | src/services/email/emailSchedulingService.test.ts[2m > [22m[2mEmail Scheduling Service[2m > [22m[2mscheduleEmail[2m > [22m[2mshould throw error when preferences are not enabled
[22m[39m[EmailScheduling] Failed to schedule email {
  error: AppError: Email preferences must be enabled to schedule emails
      at Module.scheduleEmail (C:/Users/Admin/graceful_books/src/services/email/emailSchedulingService.ts:31:13)
      at C:/Users/Admin/graceful_books/src/services/email/emailSchedulingService.test.ts:152:20
      at [90mfile:///C:/Users/Admin/graceful_books/[39mnode_modules/[4m@vitest/runner[24m/dist/index.js:145:11
      at [90mfile:///C:/Users/Admin/graceful_books/[39mnode_modules/[4m@vitest/runner[24m/dist/index.js:915:26
      at [90mfile:///C:/Users/Admin/graceful_books/[39mnode_modules/[4m@vitest/runner[24m/dist/index.js:1243:20
      at new Promise (<anonymous>)
      at runWithTimeout [90m(file:///C:/Users/Admin/graceful_books/[39mnode_modules/[4m@vitest/runner[24m/dist/index.js:1209:10[90m)[39m
      at [90mfile:///C:/Users/Admin/graceful_books/[39mnode_modules/[4m@vitest/runner[24m/dist/index.js:1653:37
      at Traces.$ [90m(file:///C:/Users/Admin/graceful_books/[39mnode_modules/[4mvitest[24m/dist/chunks/traces.CCmnQaNT.js:142:27[90m)[39m
      at trace [90m(file:///C:/Users/Admin/graceful_books/[39mnode_modules/[4mvitest[24m/dist/chunks/test.B8ej_ZHS.js:239:21[90m)[39m {
    code: [32m'VALIDATION_ERROR'[39m,
    category: [32m'VALIDATION'[39m,
    details: { userId: [32m'user-123'[39m },
    field: [90mundefined[39m
  },
  context: {
    user: {
      id: [32m'user-123'[39m,
      name: [32m'Test User'[39m,
      email: [32m'test@example.com'[39m,
      timezone: [32m'America/Los_Angeles'[39m
    },
    company: { id: [32m'company-456'[39m, name: [32m'Test Company LLC'[39m },
    preferences: {
      id: [32m'pref-789'[39m,
      userId: [32m'user-123'[39m,
      companyId: [32m'company-456'[39m,
      enabled: [33mfalse[39m,
      frequency: [32m'weekly'[39m,
      dayOfWeek: [32m'monday'[39m,
      timeOfDay: [32m'08:00'[39m,
      timezone: [32m'America/Los_Angeles'[39m,
      includeSections: [36m[Array][39m,
      maxTasksToShow: [33m5[39m,
      discProfileId: [1mnull[22m,
      useDiscAdaptation: [33mtrue[39m,
      lastSentAt: [1mnull[22m,
      nextScheduledAt: [1mnull[22m,
      unsubscribedAt: [1mnull[22m,
      unsubscribeReason: [1mnull[22m,
      createdAt: [35m2026-01-19T05:51:59.310Z[39m,
      updatedAt: [35m2026-01-19T05:51:59.310Z[39m
    },
    checklistItems: [ [36m[Object][39m ],
    discType: [32m'S'[39m,
    generatedAt: [35m2026-01-19T05:51:59.310Z[39m
  }
}

[90mstdout[2m | src/services/email/emailSchedulingService.test.ts[2m > [22m[2mEmail Scheduling Service[2m > [22m[2mscheduleEmail[2m > [22m[2mshould calculate correct next send time for Monday 8am
[22m[39m[EmailScheduling] Email scheduled {
  userId: [32m'user-123'[39m,
  scheduledAt: [35m2026-01-19T16:00:00.000Z[39m,
  subject: [32m'Test'[39m
}
[EmailScheduling] MOCKED: Scheduling with email service {
  recipientEmail: [32m'test@example.com'[39m,
  subject: [32m'Test'[39m,
  scheduledAt: [35m2026-01-19T16:00:00.000Z[39m
}

[90mstdout[2m | src/services/email/emailSchedulingService.test.ts[2m > [22m[2mEmail Scheduling Service[2m > [22m[2mscheduleEmail[2m > [22m[2mshould schedule for next week if time has passed today
[22m[39m[EmailScheduling] Email scheduled {
  userId: [32m'user-123'[39m,
  scheduledAt: [35m2026-01-19T16:00:00.000Z[39m,
  subject: [32m'Test'[39m
}
[EmailScheduling] MOCKED: Scheduling with email service {
  recipientEmail: [32m'test@example.com'[39m,
  subject: [32m'Test'[39m,
  scheduledAt: [35m2026-01-19T16:00:00.000Z[39m
}

[90mstderr[2m | src/services/email/emailSchedulingService.test.ts[2m > [22m[2mEmail Scheduling Service[2m > [22m[2mscheduleEmail[2m > [22m[2mshould handle preview generation errors gracefully
[22m[39m[EmailScheduling] Failed to schedule email {
  error: Error: Preview generation failed
      at C:/Users/Admin/graceful_books/src/services/email/emailSchedulingService.test.ts:210:9
      at [90mfile:///C:/Users/Admin/graceful_books/[39mnode_modules/[4m@vitest/runner[24m/dist/index.js:145:11
      at [90mfile:///C:/Users/Admin/graceful_books/[39mnode_modules/[4m@vitest/runner[24m/dist/index.js:915:26
      at [90mfile:///C:/Users/Admin/graceful_books/[39mnode_modules/[4m@vitest/runner[24m/dist/index.js:1243:20
      at new Promise (<anonymous>)
      at runWithTimeout [90m(file:///C:/Users/Admin/graceful_books/[39mnode_modules/[4m@vitest/runner[24m/dist/index.js:1209:10[90m)[39m
      at [90mfile:///C:/Users/Admin/graceful_books/[39mnode_modules/[4m@vitest/runner[24m/dist/index.js:1653:37
      at Traces.$ [90m(file:///C:/Users/Admin/graceful_books/[39mnode_modules/[4mvitest[24m/dist/chunks/traces.CCmnQaNT.js:142:27[90m)[39m
      at trace [90m(file:///C:/Users/Admin/graceful_books/[39mnode_modules/[4mvitest[24m/dist/chunks/test.B8ej_ZHS.js:239:21[90m)[39m
      at runTest [90m(file:///C:/Users/Admin/graceful_books/[39mnode_modules/[4m@vitest/runner[24m/dist/index.js:1653:12[90m)[39m,
  context: {
    user: {
      id: [32m'user-123'[39m,
      name: [32m'Test User'[39m,
      email: [32m'test@example.com'[39m,
      timezone: [32m'America/Los_Angeles'[39m
    },
    company: { id: [32m'company-456'[39m, name: [32m'Test Company LLC'[39m },
    preferences: {
      id: [32m'pref-789'[39m,
      userId: [32m'user-123'[39m,
      companyId: [32m'company-456'[39m,
      enabled: [33mtrue[39m,
      frequency: [32m'weekly'[39m,
      dayOfWeek: [32m'monday'[39m,
      timeOfDay: [32m'08:00'[39m,
      timezone: [32m'America/Los_Angeles'[39m,
      includeSections: [36m[Array][39m,
      maxTasksToShow: [33m5[39m,
      discProfileId: [1mnull[22m,
      useDiscAdaptation: [33mtrue[39m,
      lastSentAt: [1mnull[22m,
      nextScheduledAt: [1mnull[22m,
      unsubscribedAt: [1mnull[22m,
      unsubscribeReason: [1mnull[22m,
      createdAt: [35m2026-01-19T05:51:59.356Z[39m,
      updatedAt: [35m2026-01-19T05:51:59.356Z[39m
    },
    checklistItems: [ [36m[Object][39m ],
    discType: [32m'S'[39m,
    generatedAt: [35m2026-01-19T05:51:59.356Z[39m
  }
}

[90mstdout[2m | src/services/email/emailSchedulingService.test.ts[2m > [22m[2mEmail Scheduling Service[2m > [22m[2msendEmailNow[2m > [22m[2mshould send email immediately for testing
[22m[39m[EmailScheduling] Sending email immediately { userId: [32m'user-123'[39m, subject: [32m'Test Subject'[39m }
[EmailScheduling] MOCKED: Sending email via service { recipientEmail: [32m'test@example.com'[39m, subject: [32m'Test Subject'[39m }

[90mstderr[2m | src/services/email/emailSchedulingService.test.ts[2m > [22m[2mEmail Scheduling Service[2m > [22m[2msendEmailNow[2m > [22m[2mshould throw error on send failure
[22m[39m[EmailScheduling] Failed to send email {
  error: Error: Send failed
      at C:/Users/Admin/graceful_books/src/services/email/emailSchedulingService.test.ts:241:9
      at [90mfile:///C:/Users/Admin/graceful_books/[39mnode_modules/[4m@vitest/runner[24m/dist/index.js:145:11
      at [90mfile:///C:/Users/Admin/graceful_books/[39mnode_modules/[4m@vitest/runner[24m/dist/index.js:915:26
      at [90mfile:///C:/Users/Admin/graceful_books/[39mnode_modules/[4m@vitest/runner[24m/dist/index.js:1243:20
      at new Promise (<anonymous>)
      at runWithTimeout [90m(file:///C:/Users/Admin/graceful_books/[39mnode_modules/[4m@vitest/runner[24m/dist/index.js:1209:10[90m)[39m
      at [90mfile:///C:/Users/Admin/graceful_books/[39mnode_modules/[4m@vitest/runner[24m/dist/index.js:1653:37
      at Traces.$ [90m(file:///C:/Users/Admin/graceful_books/[39mnode_modules/[4mvitest[24m/dist/chunks/traces.CCmnQaNT.js:142:27[90m)[39m
      at trace [90m(file:///C:/Users/Admin/graceful_books/[39mnode_modules/[4mvitest[24m/dist/chunks/test.B8ej_ZHS.js:239:21[90m)[39m
      at runTest [90m(file:///C:/Users/Admin/graceful_books/[39mnode_modules/[4m@vitest/runner[24m/dist/index.js:1653:12[90m)[39m,
  context: {
    user: {
      id: [32m'user-123'[39m,
      name: [32m'Test User'[39m,
      email: [32m'test@example.com'[39m,
      timezone: [32m'America/Los_Angeles'[39m
    },
    company: { id: [32m'company-456'[39m, name: [32m'Test Company LLC'[39m },
    preferences: {
      id: [32m'pref-789'[39m,
      userId: [32m'user-123'[39m,
      companyId: [32m'company-456'[39m,
      enabled: [33mtrue[39m,
      frequency: [32m'weekly'[39m,
      dayOfWeek: [32m'monday'[39m,
      timeOfDay: [32m'08:00'[39m,
      timezone: [32m'America/Los_Angeles'[39m,
      includeSections: [36m[Array][39m,
      maxTasksToShow: [33m5[39m,
      discProfileId: [1mnull[22m,
      useDiscAdaptation: [33mtrue[39m,
      lastSentAt: [1mnull[22m,
      nextScheduledAt: [1mnull[22m,
      unsubscribedAt: [1mnull[22m,
      unsubscribeReason: [1mnull[22m,
      createdAt: [35m2026-01-19T05:51:59.873Z[39m,
      updatedAt: [35m2026-01-19T05:51:59.873Z[39m
    },
    checklistItems: [ [36m[Object][39m ],
    discType: [32m'S'[39m,
    generatedAt: [35m2026-01-19T05:51:59.873Z[39m
  }
}

[90mstdout[2m | src/services/email/emailSchedulingService.test.ts[2m > [22m[2mEmail Scheduling Service[2m > [22m[2mcancelScheduledEmail[2m > [22m[2mshould cancel a scheduled email
[22m[39m[EmailScheduling] Cancelling scheduled email { userId: [32m'user-123'[39m, deliveryId: [32m'delivery-456'[39m }

[90mstdout[2m | src/services/email/emailSchedulingService.test.ts[2m > [22m[2mEmail Scheduling Service[2m > [22m[2mcancelScheduledEmail[2m > [22m[2mshould handle cancellation errors
[22m[39m[EmailScheduling] Cancelling scheduled email { userId: [32m'user-123'[39m, deliveryId: [32m'delivery-456'[39m }

[90mstderr[2m | src/services/email/emailSchedulingService.test.ts[2m > [22m[2mEmail Scheduling Service[2m > [22m[2mcancelScheduledEmail[2m > [22m[2mshould handle cancellation errors
[22m[39m[EmailScheduling] Failed to cancel email {
  error: Error: Database error
      at C:/Users/Admin/graceful_books/src/services/email/emailSchedulingService.test.ts:271:9
      at [90mfile:///C:/Users/Admin/graceful_books/[39mnode_modules/[4m@vitest/runner[24m/dist/index.js:145:11
      at [90mfile:///C:/Users/Admin/graceful_books/[39mnode_modules/[4m@vitest/runner[24m/dist/index.js:915:26
      at [90mfile:///C:/Users/Admin/graceful_books/[39mnode_modules/[4m@vitest/runner[24m/dist/index.js:1243:20
      at new Promise (<anonymous>)
      at runWithTimeout [90m(file:///C:/Users/Admin/graceful_books/[39mnode_modules/[4m@vitest/runner[24m/dist/index.js:1209:10[90m)[39m
      at [90mfile:///C:/Users/Admin/graceful_books/[39mnode_modules/[4m@vitest/runner[24m/dist/index.js:1653:37
      at Traces.$ [90m(file:///C:/Users/Admin/graceful_books/[39mnode_modules/[4mvitest[24m/dist/chunks/traces.CCmnQaNT.js:142:27[90m)[39m
      at trace [90m(file:///C:/Users/Admin/graceful_books/[39mnode_modules/[4mvitest[24m/dist/chunks/test.B8ej_ZHS.js:239:21[90m)[39m
      at runTest [90m(file:///C:/Users/Admin/graceful_books/[39mnode_modules/[4m@vitest/runner[24m/dist/index.js:1653:12[90m)[39m,
  userId: [32m'user-123'[39m,
  deliveryId: [32m'delivery-456'[39m
}

[90mstdout[2m | src/services/email/emailSchedulingService.test.ts[2m > [22m[2mEmail Scheduling Service[2m > [22m[2misEmailServiceConfigured[2m > [22m[2mshould return true in MVP mode
[22m[39m[EmailScheduling] MOCKED: Checking email service configuration 

[90mstdout[2m | src/services/email/emailSchedulingService.test.ts[2m > [22m[2mEmail Scheduling Service[2m > [22m[2mDISC-adapted email scheduling[2m > [22m[2mshould schedule emails for all DISC types
[22m[39m[EmailScheduling] Email scheduled {
  userId: [32m'user-123'[39m,
  scheduledAt: [35m2026-01-19T16:00:00.000Z[39m,
  subject: [32m'Test'[39m
}
[EmailScheduling] MOCKED: Scheduling with email service {
  recipientEmail: [32m'test@example.com'[39m,
  subject: [32m'Test'[39m,
  scheduledAt: [35m2026-01-19T16:00:00.000Z[39m
}

[90mstdout[2m | src/services/email/emailSchedulingService.test.ts[2m > [22m[2mEmail Scheduling Service[2m > [22m[2mDISC-adapted email scheduling[2m > [22m[2mshould schedule emails for all DISC types
[22m[39m[EmailScheduling] Email scheduled {
  userId: [32m'user-123'[39m,
  scheduledAt: [35m2026-01-19T16:00:00.000Z[39m,
  subject: [32m'Test'[39m
}
[EmailScheduling] MOCKED: Scheduling with email service {
  recipientEmail: [32m'test@example.com'[39m,
  subject: [32m'Test'[39m,
  scheduledAt: [35m2026-01-19T16:00:00.000Z[39m
}

[90mstdout[2m | src/services/email/emailSchedulingService.test.ts[2m > [22m[2mEmail Scheduling Service[2m > [22m[2mDISC-adapted email scheduling[2m > [22m[2mshould schedule emails for all DISC types
[22m[39m[EmailScheduling] Email scheduled {
  userId: [32m'user-123'[39m,
  scheduledAt: [35m2026-01-19T16:00:00.000Z[39m,
  subject: [32m'Test'[39m
}
[EmailScheduling] MOCKED: Scheduling with email service {
  recipientEmail: [32m'test@example.com'[39m,
  subject: [32m'Test'[39m,
  scheduledAt: [35m2026-01-19T16:00:00.000Z[39m
}

[90mstdout[2m | src/services/email/emailSchedulingService.test.ts[2m > [22m[2mEmail Scheduling Service[2m > [22m[2mDISC-adapted email scheduling[2m > [22m[2mshould schedule emails for all DISC types
[22m[39m[EmailScheduling] Email scheduled {
  userId: [32m'user-123'[39m,
  scheduledAt: [35m2026-01-19T16:00:00.000Z[39m,
  subject: [32m'Test'[39m
}
[EmailScheduling] MOCKED: Scheduling with email service {
  recipientEmail: [32m'test@example.com'[39m,
  subject: [32m'Test'[39m,
  scheduledAt: [35m2026-01-19T16:00:00.000Z[39m
}

[90mstdout[2m | src/services/email/emailSchedulingService.test.ts[2m > [22m[2mEmail Scheduling Service[2m > [22m[2mEdge cases[2m > [22m[2mshould handle empty checklist items
[22m[39m[EmailScheduling] Email scheduled {
  userId: [32m'user-123'[39m,
  scheduledAt: [35m2026-01-19T16:00:00.000Z[39m,
  subject: [32m'Test'[39m
}
[EmailScheduling] MOCKED: Scheduling with email service {
  recipientEmail: [32m'test@example.com'[39m,
  subject: [32m'Test'[39m,
  scheduledAt: [35m2026-01-19T16:00:00.000Z[39m
}

[90mstdout[2m | src/services/email/emailSchedulingService.test.ts[2m > [22m[2mEmail Scheduling Service[2m > [22m[2mEdge cases[2m > [22m[2mshould handle different day/time combinations
[22m[39m[EmailScheduling] Email scheduled {
  userId: [32m'user-123'[39m,
  scheduledAt: [35m2026-01-19T16:00:00.000Z[39m,
  subject: [32m'Test'[39m
}
[EmailScheduling] MOCKED: Scheduling with email service {
  recipientEmail: [32m'test@example.com'[39m,
  subject: [32m'Test'[39m,
  scheduledAt: [35m2026-01-19T16:00:00.000Z[39m
}

[90mstdout[2m | src/services/email/emailSchedulingService.test.ts[2m > [22m[2mEmail Scheduling Service[2m > [22m[2mEdge cases[2m > [22m[2mshould handle different day/time combinations
[22m[39m[EmailScheduling] Email scheduled {
  userId: [32m'user-123'[39m,
  scheduledAt: [35m2026-01-24T01:00:00.000Z[39m,
  subject: [32m'Test'[39m
}
[EmailScheduling] MOCKED: Scheduling with email service {
  recipientEmail: [32m'test@example.com'[39m,
  subject: [32m'Test'[39m,
  scheduledAt: [35m2026-01-24T01:00:00.000Z[39m
}

[90mstdout[2m | src/services/email/emailSchedulingService.test.ts[2m > [22m[2mEmail Scheduling Service[2m > [22m[2mEdge cases[2m > [22m[2mshould handle different day/time combinations
[22m[39m[EmailScheduling] Email scheduled {
  userId: [32m'user-123'[39m,
  scheduledAt: [35m2026-01-19T20:00:00.000Z[39m,
  subject: [32m'Test'[39m
}
[EmailScheduling] MOCKED: Scheduling with email service {
  recipientEmail: [32m'test@example.com'[39m,
  subject: [32m'Test'[39m,
  scheduledAt: [35m2026-01-19T20:00:00.000Z[39m
}

[90mstdout[2m | src/services/email/emailSchedulingService.test.ts[2m > [22m[2mEmail Scheduling Service[2m > [22m[2mEdge cases[2m > [22m[2mshould handle different day/time combinations
[22m[39m[EmailScheduling] Email scheduled {
  userId: [32m'user-123'[39m,
  scheduledAt: [35m2026-01-21T17:30:00.000Z[39m,
  subject: [32m'Test'[39m
}
[EmailScheduling] MOCKED: Scheduling with email service {
  recipientEmail: [32m'test@example.com'[39m,
  subject: [32m'Test'[39m,
  scheduledAt: [35m2026-01-21T17:30:00.000Z[39m
}

[90mstdout[2m | src/services/email/emailSchedulingService.test.ts[2m > [22m[2mEmail Scheduling Service[2m > [22m[2mEdge cases[2m > [22m[2mshould handle missing user name gracefully
[22m[39m[EmailScheduling] Email scheduled {
  userId: [32m'user-123'[39m,
  scheduledAt: [35m2026-01-19T16:00:00.000Z[39m,
  subject: [32m'Test'[39m
}
[EmailScheduling] MOCKED: Scheduling with email service {
  recipientEmail: [32m'test@example.com'[39m,
  subject: [32m'Test'[39m,
  scheduledAt: [35m2026-01-19T16:00:00.000Z[39m
}

[90mstdout[2m | src/services/email/emailSchedulingService.test.ts[2m > [22m[2mEmail Scheduling Service[2m > [22m[2mContent hashing[2m > [22m[2mshould generate consistent hashes for same content
[22m[39m[EmailScheduling] Email scheduled {
  userId: [32m'user-123'[39m,
  scheduledAt: [35m2026-01-19T16:00:00.000Z[39m,
  subject: [32m'Same Subject'[39m
}
[EmailScheduling] MOCKED: Scheduling with email service {
  recipientEmail: [32m'test@example.com'[39m,
  subject: [32m'Same Subject'[39m,
  scheduledAt: [35m2026-01-19T16:00:00.000Z[39m
}

[90mstdout[2m | src/services/email/emailSchedulingService.test.ts[2m > [22m[2mEmail Scheduling Service[2m > [22m[2mContent hashing[2m > [22m[2mshould generate consistent hashes for same content
[22m[39m[EmailScheduling] Email scheduled {
  userId: [32m'user-123'[39m,
  scheduledAt: [35m2026-01-19T16:00:00.000Z[39m,
  subject: [32m'Same Subject'[39m
}
[EmailScheduling] MOCKED: Scheduling with email service {
  recipientEmail: [32m'test@example.com'[39m,
  subject: [32m'Same Subject'[39m,
  scheduledAt: [35m2026-01-19T16:00:00.000Z[39m
}

[90mstdout[2m | src/services/email/emailSchedulingService.test.ts[2m > [22m[2mEmail Scheduling Service[2m > [22m[2mContent hashing[2m > [22m[2mshould generate different hashes for different content
[22m[39m[EmailScheduling] Email scheduled {
  userId: [32m'user-123'[39m,
  scheduledAt: [35m2026-01-19T16:00:00.000Z[39m,
  subject: [32m'Subject'[39m
}
[EmailScheduling] MOCKED: Scheduling with email service {
  recipientEmail: [32m'test@example.com'[39m,
  subject: [32m'Subject'[39m,
  scheduledAt: [35m2026-01-19T16:00:00.000Z[39m
}

[90mstdout[2m | src/services/email/emailSchedulingService.test.ts[2m > [22m[2mEmail Scheduling Service[2m > [22m[2mContent hashing[2m > [22m[2mshould generate different hashes for different content
[22m[39m[EmailScheduling] Email scheduled {
  userId: [32m'user-123'[39m,
  scheduledAt: [35m2026-01-19T16:00:00.000Z[39m,
  subject: [32m'Subject'[39m
}
[EmailScheduling] MOCKED: Scheduling with email service {
  recipientEmail: [32m'test@example.com'[39m,
  subject: [32m'Subject'[39m,
  scheduledAt: [35m2026-01-19T16:00:00.000Z[39m
}

[90mstderr[2m | src/services/email/emailSchedulingService.test.ts[2m > [22m[2mEmail Scheduling Service[2m > [22m[2mError handling[2m > [22m[2mshould provide user-friendly error messages
[22m[39m[EmailScheduling] Failed to schedule email {
  error: Error: Network error
      at C:/Users/Admin/graceful_books/src/services/email/emailSchedulingService.test.ts:467:9
      at [90mfile:///C:/Users/Admin/graceful_books/[39mnode_modules/[4m@vitest/runner[24m/dist/index.js:145:11
      at [90mfile:///C:/Users/Admin/graceful_books/[39mnode_modules/[4m@vitest/runner[24m/dist/index.js:915:26
      at [90mfile:///C:/Users/Admin/graceful_books/[39mnode_modules/[4m@vitest/runner[24m/dist/index.js:1243:20
      at new Promise (<anonymous>)
      at runWithTimeout [90m(file:///C:/Users/Admin/graceful_books/[39mnode_modules/[4m@vitest/runner[24m/dist/index.js:1209:10[90m)[39m
      at [90mfile:///C:/Users/Admin/graceful_books/[39mnode_modules/[4m@vitest/runner[24m/dist/index.js:1653:37
      at Traces.$ [90m(file:///C:/Users/Admin/graceful_books/[39mnode_modules/[4mvitest[24m/dist/chunks/traces.CCmnQaNT.js:142:27[90m)[39m
      at trace [90m(file:///C:/Users/Admin/graceful_books/[39mnode_modules/[4mvitest[24m/dist/chunks/test.B8ej_ZHS.js:239:21[90m)[39m
      at runTest [90m(file:///C:/Users/Admin/graceful_books/[39mnode_modules/[4m@vitest/runner[24m/dist/index.js:1653:12[90m)[39m,
  context: {
    user: {
      id: [32m'user-123'[39m,
      name: [32m'Test User'[39m,
      email: [32m'test@example.com'[39m,
      timezone: [32m'America/Los_Angeles'[39m
    },
    company: { id: [32m'company-456'[39m, name: [32m'Test Company LLC'[39m },
    preferences: {
      id: [32m'pref-789'[39m,
      userId: [32m'user-123'[39m,
      companyId: [32m'company-456'[39m,
      enabled: [33mtrue[39m,
      frequency: [32m'weekly'[39m,
      dayOfWeek: [32m'monday'[39m,
      timeOfDay: [32m'08:00'[39m,
      timezone: [32m'America/Los_Angeles'[39m,
      includeSections: [36m[Array][39m,
      maxTasksToShow: [33m5[39m,
      discProfileId: [1mnull[22m,
      useDiscAdaptation: [33mtrue[39m,
      lastSentAt: [1mnull[22m,
      nextScheduledAt: [1mnull[22m,
      unsubscribedAt: [1mnull[22m,
      unsubscribeReason: [1mnull[22m,
      createdAt: [35m2026-01-19T05:51:59.903Z[39m,
      updatedAt: [35m2026-01-19T05:51:59.903Z[39m
    },
    checklistItems: [ [36m[Object][39m ],
    discType: [32m'S'[39m,
    generatedAt: [35m2026-01-19T05:51:59.903Z[39m
  }
}

[90mstderr[2m | src/services/email/emailSchedulingService.test.ts[2m > [22m[2mEmail Scheduling Service[2m > [22m[2mError handling[2m > [22m[2mshould log errors for debugging
[22m[39m[EmailScheduling] Failed to schedule email {
  error: Error: Database connection failed
      at C:/Users/Admin/graceful_books/src/services/email/emailSchedulingService.test.ts:483:9
      at [90mfile:///C:/Users/Admin/graceful_books/[39mnode_modules/[4m@vitest/runner[24m/dist/index.js:145:11
      at [90mfile:///C:/Users/Admin/graceful_books/[39mnode_modules/[4m@vitest/runner[24m/dist/index.js:915:26
      at [90mfile:///C:/Users/Admin/graceful_books/[39mnode_modules/[4m@vitest/runner[24m/dist/index.js:1243:20
      at new Promise (<anonymous>)
      at runWithTimeout [90m(file:///C:/Users/Admin/graceful_books/[39mnode_modules/[4m@vitest/runner[24m/dist/index.js:1209:10[90m)[39m
      at [90mfile:///C:/Users/Admin/graceful_books/[39mnode_modules/[4m@vitest/runner[24m/dist/index.js:1653:37
      at Traces.$ [90m(file:///C:/Users/Admin/graceful_books/[39mnode_modules/[4mvitest[24m/dist/chunks/traces.CCmnQaNT.js:142:27[90m)[39m
      at trace [90m(file:///C:/Users/Admin/graceful_books/[39mnode_modules/[4mvitest[24m/dist/chunks/test.B8ej_ZHS.js:239:21[90m)[39m
      at runTest [90m(file:///C:/Users/Admin/graceful_books/[39mnode_modules/[4m@vitest/runner[24m/dist/index.js:1653:12[90m)[39m,
  context: {
    user: {
      id: [32m'user-123'[39m,
      name: [32m'Test User'[39m,
      email: [32m'test@example.com'[39m,
      timezone: [32m'America/Los_Angeles'[39m
    },
    company: { id: [32m'company-456'[39m, name: [32m'Test Company LLC'[39m },
    preferences: {
      id: [32m'pref-789'[39m,
      userId: [32m'user-123'[39m,
      companyId: [32m'company-456'[39m,
      enabled: [33mtrue[39m,
      frequency: [32m'weekly'[39m,
      dayOfWeek: [32m'monday'[39m,
      timeOfDay: [32m'08:00'[39m,
      timezone: [32m'America/Los_Angeles'[39m,
      includeSections: [36m[Array][39m,
      maxTasksToShow: [33m5[39m,
      discProfileId: [1mnull[22m,
      useDiscAdaptation: [33mtrue[39m,
      lastSentAt: [1mnull[22m,
      nextScheduledAt: [1mnull[22m,
      unsubscribedAt: [1mnull[22m,
      unsubscribeReason: [1mnull[22m,
      createdAt: [35m2026-01-19T05:51:59.910Z[39m,
      updatedAt: [35m2026-01-19T05:51:59.910Z[39m
    },
    checklistItems: [ [36m[Object][39m ],
    discType: [32m'S'[39m,
    generatedAt: [35m2026-01-19T05:51:59.910Z[39m
  }
}

 [32m✓[39m src/services/email/emailSchedulingService.test.ts [2m([22m[2m21 tests[22m[2m)[22m[33m 727[2mms[22m[39m
       [33m[2m✓[22m[39m should send email immediately for testing [33m 510[2mms[22m[39m
 [32m✓[39m src/components/dashboard/FinancialSummary.test.tsx [2m([22m[2m22 tests[22m[2m)[22m[33m 778[2mms[22m[39m
 [32m✓[39m src/services/inventoryValuation.service.test.ts [2m([22m[2m18 tests[22m[2m)[22m[33m 692[2mms[22m[39m
 [32m✓[39m src/components/transactions/LineItemInput.test.tsx [2m([22m[2m15 tests[22m[2m)[22m[33m 642[2mms[22m[39m
 [32m✓[39m src/store/invoices.test.ts [2m([22m[2m14 tests[22m[2m)[22m[33m 550[2mms[22m[39m
 [32m✓[39m src/components/wizards/steps/WelcomeStep.test.tsx [2m([22m[2m6 tests[22m[2m)[22m[33m 625[2mms[22m[39m
     [33m[2m✓[22m[39m should call onNext when continue button is clicked [33m 308[2mms[22m[39m
 [32m✓[39m src/services/reports/balanceSheet.test.ts [2m([22m[2m10 tests[22m[2m)[22m[33m 582[2mms[22m[39m
 [32m✓[39m src/store/tags.test.ts [2m([22m[2m35 tests[22m[2m)[22m[33m 609[2mms[22m[39m
 [32m✓[39m src/components/dashboard/MetricCard.test.tsx [2m([22m[2m22 tests[22m[2m)[22m[33m 560[2mms[22m[39m
 [32m✓[39m src/components/transactions/TransactionForm.test.tsx [2m([22m[2m4 tests[22m[2m)[22m[33m 458[2mms[22m[39m
 [32m✓[39m src/components/receipts/ReceiptUpload.test.tsx [2m([22m[2m9 tests[22m[2m)[22m[33m 512[2mms[22m[39m
     [33m[2m✓[22m[39m should render upload area [33m 332[2mms[22m[39m
 [32m✓[39m src/validators/hierarchyValidator.test.ts [2m([22m[2m32 tests[22m[2m)[22m[33m 484[2mms[22m[39m
 [32m✓[39m src/components/wizards/CoaWizard.test.tsx [2m([22m[2m3 tests[22m[2m)[22m[33m 457[2mms[22m[39m
     [33m[2m✓[22m[39m should render without crashing [33m 331[2mms[22m[39m
 [32m✓[39m src/components/assessment/AssessmentProgress.test.tsx [2m([22m[2m12 tests[22m[2m)[22m[33m 502[2mms[22m[39m
 [32m✓[39m src/components/help/HelpModal.test.tsx [2m([22m[2m20 tests[22m[2m)[22m[33m 533[2mms[22m[39m
 [32m✓[39m src/features/phaseVisibility/FeatureGate.test.tsx [2m([22m[2m20 tests[22m[2m)[22m[33m 438[2mms[22m[39m
 [32m✓[39m src/store/bills.test.ts [2m([22m[2m30 tests[22m[2m)[22m[33m 382[2mms[22m[39m
 [32m✓[39m src/__tests__/infrastructure/dependencies.test.ts [2m([22m[2m59 tests[22m[2m)[22m[33m 336[2mms[22m[39m
 [32m✓[39m src/store/invoiceTemplates.test.ts [2m([22m[2m24 tests[22m[2m)[22m[33m 395[2mms[22m[39m
 [32m✓[39m src/store/tutorials.test.ts [2m([22m[2m26 tests[22m[2m)[22m[33m 344[2mms[22m[39m
 [32m✓[39m src/components/help/HelpTooltip.test.tsx [2m([22m[2m13 tests[22m[2m)[22m[33m 382[2mms[22m[39m
[90mstdout[2m | src/__tests__/utils/fileValidation.test.ts[2m > [22m[2mFileValidator[2m > [22m[2mvalidatePDF (magic number)[2m > [22m[2mshould accept valid PDF with correct magic number
[22m[39mPDF magic number verified 

[90mstdout[2m | src/__tests__/utils/fileValidation.test.ts[2m > [22m[2mFileValidator[2m > [22m[2mvalidatePNG (magic number)[2m > [22m[2mshould accept valid PNG with correct magic number
[22m[39mPNG magic number verified 

[90mstdout[2m | src/__tests__/utils/fileValidation.test.ts[2m > [22m[2mFileValidator[2m > [22m[2mvalidateJPG (magic number)[2m > [22m[2mshould accept valid JPEG with correct magic number
[22m[39mJPG magic number verified 

[90mstdout[2m | src/__tests__/utils/fileValidation.test.ts[2m > [22m[2mFileValidator[2m > [22m[2mvalidateCSV[2m > [22m[2mshould accept valid CSV with headers and data
[22m[39mCSV structure validated { lines: [33m3[39m, columns: [33m3[39m }

[90mstdout[2m | src/__tests__/utils/fileValidation.test.ts[2m > [22m[2mFileValidator[2m > [22m[2mvalidateCSV[2m > [22m[2mshould accept CSV with semicolon delimiter
[22m[39mCSV structure validated { lines: [33m3[39m, columns: [33m3[39m }

[90mstdout[2m | src/__tests__/utils/fileValidation.test.ts[2m > [22m[2mFileValidator[2m > [22m[2mvalidateCSV[2m > [22m[2mshould accept CSV with tab delimiter
[22m[39mCSV structure validated { lines: [33m3[39m, columns: [33m3[39m }

[90mstderr[2m | src/__tests__/utils/fileValidation.test.ts[2m > [22m[2mFileValidator[2m > [22m[2mvalidateCSV[2m > [22m[2mshould reject CSV with dangerous control characters
[22m[39mCSV contains dangerous control characters 

[90mstderr[2m | src/__tests__/utils/fileValidation.test.ts[2m > [22m[2mFileValidator[2m > [22m[2mvalidateCSV[2m > [22m[2mshould reject CSV with bell character
[22m[39mCSV contains dangerous control characters 

[90mstdout[2m | src/__tests__/utils/fileValidation.test.ts[2m > [22m[2mFileValidator[2m > [22m[2mvalidateCSV[2m > [22m[2mshould allow normal whitespace characters (tab, newline, CR)
[22m[39mCSV structure validated { lines: [33m3[39m, columns: [33m3[39m }

[90mstdout[2m | src/__tests__/utils/fileValidation.test.ts[2m > [22m[2mFileValidator[2m > [22m[2mvalidateCSV[2m > [22m[2mshould accept CSV with quoted fields containing delimiters
[22m[39mCSV structure validated { lines: [33m3[39m, columns: [33m3[39m }

[90mstdout[2m | src/__tests__/utils/fileValidation.test.ts[2m > [22m[2mFileValidator[2m > [22m[2mvalidate (full validation)[2m > [22m[2mshould validate PDF file end-to-end
[22m[39mPDF magic number verified 

[90mstdout[2m | src/__tests__/utils/fileValidation.test.ts[2m > [22m[2mFileValidator[2m > [22m[2mvalidate (full validation)[2m > [22m[2mshould validate CSV file end-to-end
[22m[39mCSV structure validated { lines: [33m2[39m, columns: [33m3[39m }

[90mstdout[2m | src/__tests__/utils/fileValidation.test.ts[2m > [22m[2mFileValidator[2m > [22m[2mvalidateStatementFile[2m > [22m[2mshould accept PDF statements
[22m[39mPDF magic number verified 

[90mstdout[2m | src/__tests__/utils/fileValidation.test.ts[2m > [22m[2mFileValidator[2m > [22m[2mvalidateStatementFile[2m > [22m[2mshould accept CSV statements
[22m[39mCSV structure validated { lines: [33m2[39m, columns: [33m3[39m }

[90mstdout[2m | src/__tests__/utils/fileValidation.test.ts[2m > [22m[2mFileValidator[2m > [22m[2mvalidateStatementFile[2m > [22m[2mshould reject PNG images even if valid
[22m[39mPNG magic number verified 

[90mstdout[2m | src/__tests__/utils/fileValidation.test.ts[2m > [22m[2mFileValidator[2m > [22m[2mvalidateStatementFile[2m > [22m[2mshould reject JPG images even if valid
[22m[39mJPG magic number verified 

[90mstdout[2m | src/__tests__/utils/fileValidation.test.ts[2m > [22m[2mFileValidator[2m > [22m[2mconvenience function: validateFile[2m > [22m[2mshould work the same as FileValidator.validate
[22m[39mCSV structure validated { lines: [33m2[39m, columns: [33m3[39m }

[90mstdout[2m | src/__tests__/utils/fileValidation.test.ts[2m > [22m[2mFileValidator[2m > [22m[2mconvenience function: validateFile[2m > [22m[2mshould work the same as FileValidator.validate
[22m[39mCSV structure validated { lines: [33m2[39m, columns: [33m3[39m }

[90mstdout[2m | src/__tests__/utils/fileValidation.test.ts[2m > [22m[2mFileValidator[2m > [22m[2medge cases[2m > [22m[2mshould handle file with multiple dots in name
[22m[39mCSV structure validated { lines: [33m2[39m, columns: [33m2[39m }

[90mstdout[2m | src/__tests__/utils/fileValidation.test.ts[2m > [22m[2mFileValidator[2m > [22m[2medge cases[2m > [22m[2mshould handle uppercase extensions
[22m[39mCSV structure validated { lines: [33m2[39m, columns: [33m2[39m }

[90mstdout[2m | src/__tests__/utils/fileValidation.test.ts[2m > [22m[2mFileValidator[2m > [22m[2medge cases[2m > [22m[2mshould handle mixed case extensions
[22m[39mPDF magic number verified 

 [32m✓[39m src/__tests__/utils/fileValidation.test.ts [2m([22m[2m47 tests[22m[2m)[22m[33m 384[2mms[22m[39m
 [32m✓[39m src/hooks/useVendors.test.ts [2m([22m[2m21 tests[22m[2m)[22m[33m 302[2mms[22m[39m
 [32m✓[39m src/store/recurringInvoices.test.ts [2m([22m[2m17 tests[22m[2m)[22m[32m 249[2mms[22m[39m
 [32m✓[39m src/components/help/GlossaryTerm.test.tsx [2m([22m[2m10 tests[22m[2m)[22m[32m 208[2mms[22m[39m
 [32m✓[39m src/__tests__/integration/groupD.offline.integration.test.ts [2m([22m[2m4 tests[22m[2m)[22m[33m 304[2mms[22m[39m
[90mstdout[2m | src/services/reportDelivery.service.test.ts[2m > [22m[2mReportDelivery Service[2m > [22m[2mprocessPendingDeliveries[2m > [22m[2mshould process due schedules
[22m[39m[ReportDelivery] Processing pending deliveries { count: [33m1[39m }
[ReportDelivery] Executing scheduled delivery { scheduleId: [32m'schedule-1'[39m, reportType: [32m'profit-loss'[39m }

[90mstdout[2m | src/services/reportDelivery.service.test.ts[2m > [22m[2mReportDelivery Service[2m > [22m[2mprocessPendingDeliveries[2m > [22m[2mshould process due schedules
[22m[39m[ReportDelivery] MOCKED: Sending email {
  to: [ [32m'test@example.com'[39m ],
  subject: [32m'Your P&L Report - January 18, 2026'[39m,
  attachmentCount: [33m1[39m
}

[90mstdout[2m | src/services/reportDelivery.service.test.ts[2m > [22m[2mReportDelivery Service[2m > [22m[2mprocessPendingDeliveries[2m > [22m[2mshould process due schedules
[22m[39m[ReportDelivery] Scheduled delivery completed successfully { scheduleId: [32m'schedule-1'[39m, deliveryId: [32m'YvGIhG4Xw97Xv9HaUJY7L'[39m }

[90mstdout[2m | src/services/reportDelivery.service.test.ts[2m > [22m[2mReportDelivery Service[2m > [22m[2msendTestEmail[2m > [22m[2mshould send a test email with preview data
[22m[39m[ReportDelivery] Sending test email { scheduleId: [32m'schedule-123'[39m, testRecipient: [32m'test@example.com'[39m }

[90mstdout[2m | src/services/reportDelivery.service.test.ts[2m > [22m[2mReportDelivery Service[2m > [22m[2msendTestEmail[2m > [22m[2mshould send a test email with preview data
[22m[39m[ReportDelivery] MOCKED: Sending email {
  to: [ [32m'test@example.com'[39m ],
  subject: [32m'Your [TEST] Test Report Report - January 18, 2026'[39m,
  attachmentCount: [33m1[39m
}

[90mstdout[2m | src/services/reportDelivery.service.test.ts[2m > [22m[2mReportDelivery Service[2m > [22m[2mretryDelivery[2m > [22m[2mshould retry a failed delivery
[22m[39m[ReportDelivery] Executing scheduled delivery { scheduleId: [32m'schedule-456'[39m, reportType: [32m'profit-loss'[39m }

[90mstderr[2m | src/services/reportDelivery.service.test.ts[2m > [22m[2mReportDelivery Service[2m > [22m[2mretryDelivery[2m > [22m[2mshould retry a failed delivery
[22m[39m[ReportDelivery] Scheduled delivery failed {
  error: TypeError: Cannot read properties of undefined (reading 'length')
      at generateReportEmail (C:/Users/Admin/graceful_books/src/services/reportDelivery.service.ts:479:25)
      at executeScheduledDelivery (C:/Users/Admin/graceful_books/src/services/reportDelivery.service.ts:133:26)
      at Module.retryDelivery (C:/Users/Admin/graceful_books/src/services/reportDelivery.service.ts:391:5)
      at C:/Users/Admin/graceful_books/src/services/reportDelivery.service.test.ts:193:22
      at [90mfile:///C:/Users/Admin/graceful_books/[39mnode_modules/[4m@vitest/runner[24m/dist/index.js:915:20,
  scheduleId: [32m'schedule-456'[39m
}

[90mstderr[2m | src/services/reportDelivery.service.test.ts[2m > [22m[2mReportDelivery Service[2m > [22m[2mretryDelivery[2m > [22m[2mshould retry a failed delivery
[22m[39m[ReportDelivery] Failed to retry delivery {
  error: TypeError: Cannot read properties of undefined (reading 'length')
      at generateReportEmail (C:/Users/Admin/graceful_books/src/services/reportDelivery.service.ts:479:25)
      at executeScheduledDelivery (C:/Users/Admin/graceful_books/src/services/reportDelivery.service.ts:133:26)
      at Module.retryDelivery (C:/Users/Admin/graceful_books/src/services/reportDelivery.service.ts:391:5)
      at C:/Users/Admin/graceful_books/src/services/reportDelivery.service.test.ts:193:22
      at [90mfile:///C:/Users/Admin/graceful_books/[39mnode_modules/[4m@vitest/runner[24m/dist/index.js:915:20,
  deliveryId: [32m'delivery-123'[39m
}

 [32m✓[39m src/services/reportDelivery.service.test.ts [2m([22m[2m6 tests[22m[2m)[22m[32m 281[2mms[22m[39m
 [32m✓[39m src/store/categories.test.ts [2m([22m[2m23 tests[22m[2m)[22m[32m 287[2mms[22m[39m
 [32m✓[39m src/__tests__/utils/rateLimiter.test.ts [2m([22m[2m38 tests[22m[2m)[22m[32m 216[2mms[22m[39m
 [32m✓[39m src/components/transactions/TransactionSummary.test.tsx [2m([22m[2m4 tests[22m[2m)[22m[32m 299[2mms[22m[39m
 [32m✓[39m src/components/transactions/TransactionList.test.tsx [2m([22m[2m4 tests[22m[2m)[22m[32m 294[2mms[22m[39m
 [32m✓[39m src/components/categories/CategoryPicker.test.tsx [2m([22m[2m4 tests[22m[2m)[22m[32m 208[2mms[22m[39m
 [32m✓[39m src/services/reports/pdfExport.test.ts [2m([22m[2m22 tests[22m[2m)[22m[32m 207[2mms[22m[39m
[90mstdout[2m | src/utils/parsers/csvParser.test.ts[2m > [22m[2mCSV Parser[2m > [22m[2mparseCSVStatement[2m > [22m[2mshould parse a valid CSV with headers
[22m[39mSuccessfully parsed CSV statement {
  transactionCount: [33m3[39m,
  period: {
    start: [32m'2024-01-15T08:00:00.000Z'[39m,
    end: [32m'2024-01-17T08:00:00.000Z'[39m
  }
}

[90mstdout[2m | src/utils/parsers/csvParser.test.ts[2m > [22m[2mCSV Parser[2m > [22m[2mparseCSVStatement[2m > [22m[2mshould parse CSV with separate debit/credit columns
[22m[39mSuccessfully parsed CSV statement {
  transactionCount: [33m2[39m,
  period: {
    start: [32m'2024-01-15T08:00:00.000Z'[39m,
    end: [32m'2024-01-16T08:00:00.000Z'[39m
  }
}

[90mstdout[2m | src/utils/parsers/csvParser.test.ts[2m > [22m[2mCSV Parser[2m > [22m[2mparseCSVStatement[2m > [22m[2mshould handle different date formats
[22m[39mSuccessfully parsed CSV statement {
  transactionCount: [33m2[39m,
  period: {
    start: [32m'2024-01-15T08:00:00.000Z'[39m,
    end: [32m'2024-01-16T08:00:00.000Z'[39m
  }
}

[90mstdout[2m | src/utils/parsers/csvParser.test.ts[2m > [22m[2mCSV Parser[2m > [22m[2mparseCSVStatement[2m > [22m[2mshould extract opening and closing balances
[22m[39mSuccessfully parsed CSV statement {
  transactionCount: [33m3[39m,
  period: {
    start: [32m'2024-01-15T08:00:00.000Z'[39m,
    end: [32m'2024-01-17T08:00:00.000Z'[39m
  }
}

[90mstdout[2m | src/utils/parsers/csvParser.test.ts[2m > [22m[2mCSV Parser[2m > [22m[2mparseCSVStatement[2m > [22m[2mshould sort transactions by date
[22m[39mSuccessfully parsed CSV statement {
  transactionCount: [33m3[39m,
  period: {
    start: [32m'2024-01-15T08:00:00.000Z'[39m,
    end: [32m'2024-01-20T08:00:00.000Z'[39m
  }
}

[90mstdout[2m | src/utils/parsers/csvParser.test.ts[2m > [22m[2mCSV Parser[2m > [22m[2mparseCSVStatement[2m > [22m[2mshould handle currency symbols and commas in amounts
[22m[39mSuccessfully parsed CSV statement {
  transactionCount: [33m2[39m,
  period: {
    start: [32m'2024-01-15T08:00:00.000Z'[39m,
    end: [32m'2024-01-16T08:00:00.000Z'[39m
  }
}

[90mstderr[2m | src/utils/parsers/csvParser.test.ts[2m > [22m[2mCSV Parser[2m > [22m[2mparseCSVStatement[2m > [22m[2mshould throw error for empty CSV
[22m[39mCSV parsing encountered errors: [
  {
    type: [32m'Delimiter'[39m,
    code: [32m'UndetectableDelimiter'[39m,
    message: [32m"Unable to auto-detect delimiting character; defaulted to ','"[39m
  }
]

[90mstderr[2m | src/utils/parsers/csvParser.test.ts[2m > [22m[2mCSV Parser[2m > [22m[2mparseCSVStatement[2m > [22m[2mshould throw error for CSV without required columns
[22m[39mCSV parsing encountered errors: [
  {
    type: [32m'Delimiter'[39m,
    code: [32m'UndetectableDelimiter'[39m,
    message: [32m"Unable to auto-detect delimiting character; defaulted to ','"[39m
  }
]

[90mstdout[2m | src/utils/parsers/csvParser.test.ts[2m > [22m[2mCSV Parser[2m > [22m[2mEdge Cases[2m > [22m[2mshould handle transactions with parentheses for negative amounts
[22m[39mSuccessfully parsed CSV statement {
  transactionCount: [33m1[39m,
  period: {
    start: [32m'2024-01-15T08:00:00.000Z'[39m,
    end: [32m'2024-01-15T08:00:00.000Z'[39m
  }
}

[90mstdout[2m | src/utils/parsers/csvParser.test.ts[2m > [22m[2mCSV Parser[2m > [22m[2mEdge Cases[2m > [22m[2mshould handle very large transaction counts efficiently
[22m[39mSuccessfully parsed CSV statement {
  transactionCount: [33m1000[39m,
  period: {
    start: [32m'2024-01-01T08:00:00.000Z'[39m,
    end: [32m'2024-01-28T08:00:00.000Z'[39m
  }
}

 [32m✓[39m src/utils/parsers/csvParser.test.ts [2m([22m[2m13 tests[22m[2m)[22m[32m 194[2mms[22m[39m
 [32m✓[39m src/crypto/keyManagement.test.ts [2m([22m[2m42 tests[22m[2m)[22m[32m 175[2mms[22m[39m
 [32m✓[39m src/hooks/useAccounts.test.ts [2m([22m[2m18 tests[22m[2m)[22m[32m 202[2mms[22m[39m
[90mstderr[2m | src/crypto/encryption.test.ts[2m > [22m[2mEncryption Module[2m > [22m[2mdecrypt[2m > [22m[2mshould fail with tampered ciphertext
[22m[39m[Security] [ERR_CRYPTO_001] crypto.decrypt: The operation failed for an operation-specific reason {
  name: [32m'OperationError'[39m,
  message: [32m'The operation failed for an operation-specific reason'[39m,
  stack: [32m'OperationError: The operation failed for an operation-specific reason\n'[39m +
    [32m'    at AESCipherJob.onDone (node:internal/crypto/util:646:19)'[39m,
  context: [32m'crypto.decrypt'[39m
}

[90mstderr[2m | src/crypto/encryption.test.ts[2m > [22m[2mEncryption Module[2m > [22m[2mdecrypt[2m > [22m[2mshould fail with tampered auth tag
[22m[39m[Security] [ERR_CRYPTO_001] crypto.decrypt: The operation failed for an operation-specific reason {
  name: [32m'OperationError'[39m,
  message: [32m'The operation failed for an operation-specific reason'[39m,
  stack: [32m'OperationError: The operation failed for an operation-specific reason\n'[39m +
    [32m'    at AESCipherJob.onDone (node:internal/crypto/util:646:19)'[39m,
  context: [32m'crypto.decrypt'[39m
}

[90mstderr[2m | src/crypto/encryption.test.ts[2m > [22m[2mEncryption Module[2m > [22m[2mverifyIntegrity[2m > [22m[2mshould detect tampered data
[22m[39m[Security] [ERR_CRYPTO_001] crypto.decrypt: The operation failed for an operation-specific reason {
  name: [32m'OperationError'[39m,
  message: [32m'The operation failed for an operation-specific reason'[39m,
  stack: [32m'OperationError: The operation failed for an operation-specific reason\n'[39m +
    [32m'    at AESCipherJob.onDone (node:internal/crypto/util:646:19)'[39m,
  context: [32m'crypto.decrypt'[39m
}

 [32m✓[39m src/crypto/encryption.test.ts [2m([22m[2m32 tests[22m[2m)[22m[32m 130[2mms[22m[39m
[90mstdout[2m | src/services/multiUser/notification.service.test.ts[2m > [22m[2mMultiUserNotificationService[2m > [22m[2msendNotification[2m > [22m[2mshould send notification with DISC-adapted message
[22m[39m[MultiUserNotification] Email notification queued { userId: [32m'user-456'[39m, notificationId: [32m'EC4SB8eK1BBK106PZ6fJq'[39m }

[90mstdout[2m | src/services/multiUser/notification.service.test.ts[2m > [22m[2mMultiUserNotificationService[2m > [22m[2msendNotification[2m > [22m[2mshould send notification with DISC-adapted message
[22m[39m[MultiUserNotification] Notification sent { userId: [32m'user-456'[39m, type: [32m'USER_INVITED'[39m, channel: [32m'BOTH'[39m }

[90mstdout[2m | src/services/multiUser/notification.service.test.ts[2m > [22m[2mMultiUserNotificationService[2m > [22m[2msendNotification[2m > [22m[2mshould use correct DISC variant for Dominance (D)
[22m[39m[MultiUserNotification] Notification sent { userId: [32m'user-456'[39m, type: [32m'KEY_ROTATION_STARTED'[39m, channel: [32m'IN_APP'[39m }

[90mstdout[2m | src/services/multiUser/notification.service.test.ts[2m > [22m[2mMultiUserNotificationService[2m > [22m[2msendNotification[2m > [22m[2mshould use correct DISC variant for Influence (I)
[22m[39m[MultiUserNotification] Notification sent {
  userId: [32m'user-456'[39m,
  type: [32m'KEY_ROTATION_COMPLETED'[39m,
  channel: [32m'IN_APP'[39m
}

[90mstdout[2m | src/services/multiUser/notification.service.test.ts[2m > [22m[2mMultiUserNotificationService[2m > [22m[2msendNotification[2m > [22m[2mshould use correct DISC variant for Steadiness (S)
[22m[39m[MultiUserNotification] Email notification queued { userId: [32m'user-456'[39m, notificationId: [32m'cwZb0_twSVi4O8j2jFZGo'[39m }

[90mstdout[2m | src/services/multiUser/notification.service.test.ts[2m > [22m[2mMultiUserNotificationService[2m > [22m[2msendNotification[2m > [22m[2mshould use correct DISC variant for Steadiness (S)
[22m[39m[MultiUserNotification] Notification sent { userId: [32m'user-456'[39m, type: [32m'USER_ACCESS_REVOKED'[39m, channel: [32m'BOTH'[39m }

[90mstdout[2m | src/services/multiUser/notification.service.test.ts[2m > [22m[2mMultiUserNotificationService[2m > [22m[2msendNotification[2m > [22m[2mshould use correct DISC variant for Conscientiousness (C)
[22m[39m[MultiUserNotification] Notification sent {
  userId: [32m'user-456'[39m,
  type: [32m'KEY_ROTATION_COMPLETED'[39m,
  channel: [32m'IN_APP'[39m
}

[90mstdout[2m | src/services/multiUser/notification.service.test.ts[2m > [22m[2mMultiUserNotificationService[2m > [22m[2msendNotification[2m > [22m[2mshould interpolate variables in messages
[22m[39m[MultiUserNotification] Email notification queued { userId: [32m'user-456'[39m, notificationId: [32m'JVf2cG1hanCEhiOh4YVMa'[39m }

[90mstdout[2m | src/services/multiUser/notification.service.test.ts[2m > [22m[2mMultiUserNotificationService[2m > [22m[2msendNotification[2m > [22m[2mshould interpolate variables in messages
[22m[39m[MultiUserNotification] Notification sent { userId: [32m'user-456'[39m, type: [32m'USER_ROLE_CHANGED'[39m, channel: [32m'BOTH'[39m }

[90mstdout[2m | src/services/multiUser/notification.service.test.ts[2m > [22m[2mMultiUserNotificationService[2m > [22m[2msendNotification[2m > [22m[2mshould respect user disabled notification types
[22m[39m[MultiUserNotification] Notification preferences updated { userId: [32m'user-456'[39m }

[90mstdout[2m | src/services/multiUser/notification.service.test.ts[2m > [22m[2mMultiUserNotificationService[2m > [22m[2msendNotification[2m > [22m[2mshould respect user disabled notification types
[22m[39m[MultiUserNotification] Notification disabled by user { userId: [32m'user-456'[39m, type: [32m'USER_INVITED'[39m }

[90mstdout[2m | src/services/multiUser/notification.service.test.ts[2m > [22m[2mMultiUserNotificationService[2m > [22m[2msendNotification[2m > [22m[2mshould respect quiet hours for non-urgent notifications
[22m[39m[MultiUserNotification] Notification preferences updated { userId: [32m'user-456'[39m }

[90mstdout[2m | src/services/multiUser/notification.service.test.ts[2m > [22m[2mMultiUserNotificationService[2m > [22m[2msendNotification[2m > [22m[2mshould respect quiet hours for non-urgent notifications
[22m[39m[MultiUserNotification] User in quiet hours { userId: [32m'user-456'[39m }

[90mstdout[2m | src/services/multiUser/notification.service.test.ts[2m > [22m[2mMultiUserNotificationService[2m > [22m[2msendNotification[2m > [22m[2mshould bypass quiet hours for urgent notifications
[22m[39m[MultiUserNotification] Notification preferences updated { userId: [32m'user-456'[39m }

[90mstdout[2m | src/services/multiUser/notification.service.test.ts[2m > [22m[2mMultiUserNotificationService[2m > [22m[2msendNotification[2m > [22m[2mshould bypass quiet hours for urgent notifications
[22m[39m[MultiUserNotification] User in quiet hours { userId: [32m'user-456'[39m }
[MultiUserNotification] Email notification queued { userId: [32m'user-456'[39m, notificationId: [32m'nBANWHRE2nk8SD97IHxTi'[39m }

[90mstdout[2m | src/services/multiUser/notification.service.test.ts[2m > [22m[2mMultiUserNotificationService[2m > [22m[2msendNotification[2m > [22m[2mshould bypass quiet hours for urgent notifications
[22m[39m[MultiUserNotification] Notification sent { userId: [32m'user-456'[39m, type: [32m'SUSPICIOUS_ACTIVITY'[39m, channel: [32m'BOTH'[39m }

[90mstdout[2m | src/services/multiUser/notification.service.test.ts[2m > [22m[2mMultiUserNotificationService[2m > [22m[2msendNotification[2m > [22m[2mshould create in-app notification
[22m[39m[MultiUserNotification] Notification sent { userId: [32m'user-456'[39m, type: [32m'USER_JOINED'[39m, channel: [32m'IN_APP'[39m }

[90mstdout[2m | src/services/multiUser/notification.service.test.ts[2m > [22m[2mMultiUserNotificationService[2m > [22m[2mNotification Types Coverage[2m > [22m[2mshould send notification for 'USER_INVITED'
[22m[39m[MultiUserNotification] Email notification queued { userId: [32m'user-456'[39m, notificationId: [32m'2jx3LsBdZI1O7j0zIME4t'[39m }

[90mstdout[2m | src/services/multiUser/notification.service.test.ts[2m > [22m[2mMultiUserNotificationService[2m > [22m[2mNotification Types Coverage[2m > [22m[2mshould send notification for 'USER_INVITED'
[22m[39m[MultiUserNotification] Notification sent { userId: [32m'user-456'[39m, type: [32m'USER_INVITED'[39m, channel: [32m'BOTH'[39m }

[90mstdout[2m | src/services/multiUser/notification.service.test.ts[2m > [22m[2mMultiUserNotificationService[2m > [22m[2mNotification Types Coverage[2m > [22m[2mshould send notification for 'USER_JOINED'
[22m[39m[MultiUserNotification] Notification sent { userId: [32m'user-456'[39m, type: [32m'USER_JOINED'[39m, channel: [32m'IN_APP'[39m }

[90mstdout[2m | src/services/multiUser/notification.service.test.ts[2m > [22m[2mMultiUserNotificationService[2m > [22m[2mNotification Types Coverage[2m > [22m[2mshould send notification for 'USER_ROLE_CHANGED'
[22m[39m[MultiUserNotification] Email notification queued { userId: [32m'user-456'[39m, notificationId: [32m'Up2ZbR0oASXAoYvqXD3Le'[39m }

[90mstdout[2m | src/services/multiUser/notification.service.test.ts[2m > [22m[2mMultiUserNotificationService[2m > [22m[2mNotification Types Coverage[2m > [22m[2mshould send notification for 'USER_ROLE_CHANGED'
[22m[39m[MultiUserNotification] Notification sent { userId: [32m'user-456'[39m, type: [32m'USER_ROLE_CHANGED'[39m, channel: [32m'BOTH'[39m }

[90mstdout[2m | src/services/multiUser/notification.service.test.ts[2m > [22m[2mMultiUserNotificationService[2m > [22m[2mNotification Types Coverage[2m > [22m[2mshould send notification for 'USER_ACCESS_REVOKED'
[22m[39m[MultiUserNotification] Email notification queued { userId: [32m'user-456'[39m, notificationId: [32m'bdb0ZRZmLz1S-OaFyyyWq'[39m }

[90mstdout[2m | src/services/multiUser/notification.service.test.ts[2m > [22m[2mMultiUserNotificationService[2m > [22m[2mNotification Types Coverage[2m > [22m[2mshould send notification for 'USER_ACCESS_REVOKED'
[22m[39m[MultiUserNotification] Notification sent { userId: [32m'user-456'[39m, type: [32m'USER_ACCESS_REVOKED'[39m, channel: [32m'BOTH'[39m }

[90mstdout[2m | src/services/multiUser/notification.service.test.ts[2m > [22m[2mMultiUserNotificationService[2m > [22m[2mNotification Types Coverage[2m > [22m[2mshould send notification for 'USER_ACCESS_RESTORED'
[22m[39m[MultiUserNotification] Email notification queued { userId: [32m'user-456'[39m, notificationId: [32m'KOCy6low17TnGJBS2sBNB'[39m }

[90mstdout[2m | src/services/multiUser/notification.service.test.ts[2m > [22m[2mMultiUserNotificationService[2m > [22m[2mNotification Types Coverage[2m > [22m[2mshould send notification for 'USER_ACCESS_RESTORED'
[22m[39m[MultiUserNotification] Notification sent { userId: [32m'user-456'[39m, type: [32m'USER_ACCESS_RESTORED'[39m, channel: [32m'BOTH'[39m }

[90mstdout[2m | src/services/multiUser/notification.service.test.ts[2m > [22m[2mMultiUserNotificationService[2m > [22m[2mNotification Types Coverage[2m > [22m[2mshould send notification for 'KEY_ROTATION_STARTED'
[22m[39m[MultiUserNotification] Notification sent { userId: [32m'user-456'[39m, type: [32m'KEY_ROTATION_STARTED'[39m, channel: [32m'IN_APP'[39m }

[90mstdout[2m | src/services/multiUser/notification.service.test.ts[2m > [22m[2mMultiUserNotificationService[2m > [22m[2mNotification Types Coverage[2m > [22m[2mshould send notification for 'KEY_ROTATION_COMPLETED'
[22m[39m[MultiUserNotification] Notification sent {
  userId: [32m'user-456'[39m,
  type: [32m'KEY_ROTATION_COMPLETED'[39m,
  channel: [32m'IN_APP'[39m
}

[90mstdout[2m | src/services/multiUser/notification.service.test.ts[2m > [22m[2mMultiUserNotificationService[2m > [22m[2mNotification Types Coverage[2m > [22m[2mshould send notification for 'KEY_ROTATION_FAILED'
[22m[39m[MultiUserNotification] Email notification queued { userId: [32m'user-456'[39m, notificationId: [32m'_kXG7HOKIxlN1pulYAM_k'[39m }

[90mstdout[2m | src/services/multiUser/notification.service.test.ts[2m > [22m[2mMultiUserNotificationService[2m > [22m[2mNotification Types Coverage[2m > [22m[2mshould send notification for 'KEY_ROTATION_FAILED'
[22m[39m[MultiUserNotification] Notification sent { userId: [32m'user-456'[39m, type: [32m'KEY_ROTATION_FAILED'[39m, channel: [32m'BOTH'[39m }

[90mstdout[2m | src/services/multiUser/notification.service.test.ts[2m > [22m[2mMultiUserNotificationService[2m > [22m[2mNotification Types Coverage[2m > [22m[2mshould send notification for 'SESSION_INVALIDATED'
[22m[39m[MultiUserNotification] Notification sent { userId: [32m'user-456'[39m, type: [32m'SESSION_INVALIDATED'[39m, channel: [32m'IN_APP'[39m }

[90mstdout[2m | src/services/multiUser/notification.service.test.ts[2m > [22m[2mMultiUserNotificationService[2m > [22m[2mNotification Types Coverage[2m > [22m[2mshould send notification for 'CONCURRENT_SESSION_DETECTED'
[22m[39m[MultiUserNotification] Notification sent {
  userId: [32m'user-456'[39m,
  type: [32m'CONCURRENT_SESSION_DETECTED'[39m,
  channel: [32m'IN_APP'[39m
}

[90mstdout[2m | src/services/multiUser/notification.service.test.ts[2m > [22m[2mMultiUserNotificationService[2m > [22m[2mNotification Types Coverage[2m > [22m[2mshould send notification for 'PASSWORD_CHANGED'
[22m[39m[MultiUserNotification] Email notification queued { userId: [32m'user-456'[39m, notificationId: [32m'RKY1_tfNO04xG59cimbIK'[39m }

[90mstdout[2m | src/services/multiUser/notification.service.test.ts[2m > [22m[2mMultiUserNotificationService[2m > [22m[2mNotification Types Coverage[2m > [22m[2mshould send notification for 'PASSWORD_CHANGED'
[22m[39m[MultiUserNotification] Notification sent { userId: [32m'user-456'[39m, type: [32m'PASSWORD_CHANGED'[39m, channel: [32m'BOTH'[39m }

[90mstdout[2m | src/services/multiUser/notification.service.test.ts[2m > [22m[2mMultiUserNotificationService[2m > [22m[2mNotification Types Coverage[2m > [22m[2mshould send notification for 'SUSPICIOUS_ACTIVITY'
[22m[39m[MultiUserNotification] Email notification queued { userId: [32m'user-456'[39m, notificationId: [32m'Ks1quxFtKOs_w_CsmYYiH'[39m }

[90mstdout[2m | src/services/multiUser/notification.service.test.ts[2m > [22m[2mMultiUserNotificationService[2m > [22m[2mNotification Types Coverage[2m > [22m[2mshould send notification for 'SUSPICIOUS_ACTIVITY'
[22m[39m[MultiUserNotification] Notification sent { userId: [32m'user-456'[39m, type: [32m'SUSPICIOUS_ACTIVITY'[39m, channel: [32m'BOTH'[39m }

[90mstdout[2m | src/services/multiUser/notification.service.test.ts[2m > [22m[2mMultiUserNotificationService[2m > [22m[2mNotification Types Coverage[2m > [22m[2mshould send notification for 'EXPORT_REQUESTED'
[22m[39m[MultiUserNotification] Notification sent { userId: [32m'user-456'[39m, type: [32m'EXPORT_REQUESTED'[39m, channel: [32m'IN_APP'[39m }

[90mstdout[2m | src/services/multiUser/notification.service.test.ts[2m > [22m[2mMultiUserNotificationService[2m > [22m[2mgetUnreadNotifications[2m > [22m[2mshould return all unread notifications for user
[22m[39m[MultiUserNotification] Email notification queued { userId: [32m'user-456'[39m, notificationId: [32m'GumVk1IirVRZdqy99iEN7'[39m }

[90mstdout[2m | src/services/multiUser/notification.service.test.ts[2m > [22m[2mMultiUserNotificationService[2m > [22m[2mgetUnreadNotifications[2m > [22m[2mshould return all unread notifications for user
[22m[39m[MultiUserNotification] Notification sent { userId: [32m'user-456'[39m, type: [32m'USER_INVITED'[39m, channel: [32m'BOTH'[39m }

[90mstdout[2m | src/services/multiUser/notification.service.test.ts[2m > [22m[2mMultiUserNotificationService[2m > [22m[2mgetUnreadNotifications[2m > [22m[2mshould return all unread notifications for user
[22m[39m[MultiUserNotification] Notification sent { userId: [32m'user-456'[39m, type: [32m'USER_JOINED'[39m, channel: [32m'IN_APP'[39m }

[90mstdout[2m | src/services/multiUser/notification.service.test.ts[2m > [22m[2mMultiUserNotificationService[2m > [22m[2mgetUnreadNotifications[2m > [22m[2mshould order notifications by creation time (newest first)
[22m[39m[MultiUserNotification] Email notification queued { userId: [32m'user-456'[39m, notificationId: [32m'k1pXTG7_C5vc29UeA7VdC'[39m }

[90mstdout[2m | src/services/multiUser/notification.service.test.ts[2m > [22m[2mMultiUserNotificationService[2m > [22m[2mgetUnreadNotifications[2m > [22m[2mshould order notifications by creation time (newest first)
[22m[39m[MultiUserNotification] Notification sent { userId: [32m'user-456'[39m, type: [32m'USER_INVITED'[39m, channel: [32m'BOTH'[39m }

[90mstdout[2m | src/services/multiUser/notification.service.test.ts[2m > [22m[2mMultiUserNotificationService[2m > [22m[2mgetUnreadNotifications[2m > [22m[2mshould order notifications by creation time (newest first)
[22m[39m[MultiUserNotification] Notification sent { userId: [32m'user-456'[39m, type: [32m'USER_JOINED'[39m, channel: [32m'IN_APP'[39m }

[90mstdout[2m | src/services/multiUser/notification.service.test.ts[2m > [22m[2mMultiUserNotificationService[2m > [22m[2mgetUnreadNotifications[2m > [22m[2mshould not include read notifications
[22m[39m[MultiUserNotification] Email notification queued { userId: [32m'user-456'[39m, notificationId: [32m'zv6f70zkUjHEEP0MxlRN6'[39m }

[90mstdout[2m | src/services/multiUser/notification.service.test.ts[2m > [22m[2mMultiUserNotificationService[2m > [22m[2mgetUnreadNotifications[2m > [22m[2mshould not include read notifications
[22m[39m[MultiUserNotification] Notification sent { userId: [32m'user-456'[39m, type: [32m'USER_INVITED'[39m, channel: [32m'BOTH'[39m }

[90mstdout[2m | src/services/multiUser/notification.service.test.ts[2m > [22m[2mMultiUserNotificationService[2m > [22m[2mgetUnreadNotifications[2m > [22m[2mshould not include read notifications
[22m[39m[MultiUserNotification] Notification sent { userId: [32m'user-456'[39m, type: [32m'USER_JOINED'[39m, channel: [32m'IN_APP'[39m }

[90mstdout[2m | src/services/multiUser/notification.service.test.ts[2m > [22m[2mMultiUserNotificationService[2m > [22m[2mgetAllNotifications[2m > [22m[2mshould return all notifications for user
[22m[39m[MultiUserNotification] Notification sent { userId: [32m'user-456'[39m, type: [32m'USER_JOINED'[39m, channel: [32m'IN_APP'[39m }

[90mstdout[2m | src/services/multiUser/notification.service.test.ts[2m > [22m[2mMultiUserNotificationService[2m > [22m[2mgetAllNotifications[2m > [22m[2mshould return all notifications for user
[22m[39m[MultiUserNotification] Notification sent { userId: [32m'user-456'[39m, type: [32m'USER_JOINED'[39m, channel: [32m'IN_APP'[39m }

[90mstdout[2m | src/services/multiUser/notification.service.test.ts[2m > [22m[2mMultiUserNotificationService[2m > [22m[2mgetAllNotifications[2m > [22m[2mshould return all notifications for user
[22m[39m[MultiUserNotification] Notification sent { userId: [32m'user-456'[39m, type: [32m'USER_JOINED'[39m, channel: [32m'IN_APP'[39m }

[90mstdout[2m | src/services/multiUser/notification.service.test.ts[2m > [22m[2mMultiUserNotificationService[2m > [22m[2mgetAllNotifications[2m > [22m[2mshould return all notifications for user
[22m[39m[MultiUserNotification] Notification sent { userId: [32m'user-456'[39m, type: [32m'USER_JOINED'[39m, channel: [32m'IN_APP'[39m }

[90mstdout[2m | src/services/multiUser/notification.service.test.ts[2m > [22m[2mMultiUserNotificationService[2m > [22m[2mgetAllNotifications[2m > [22m[2mshould return all notifications for user
[22m[39m[MultiUserNotification] Notification sent { userId: [32m'user-456'[39m, type: [32m'USER_JOINED'[39m, channel: [32m'IN_APP'[39m }

[90mstdout[2m | src/services/multiUser/notification.service.test.ts[2m > [22m[2mMultiUserNotificationService[2m > [22m[2mgetAllNotifications[2m > [22m[2mshould respect limit parameter
[22m[39m[MultiUserNotification] Notification sent { userId: [32m'user-456'[39m, type: [32m'USER_JOINED'[39m, channel: [32m'IN_APP'[39m }

[90mstdout[2m | src/services/multiUser/notification.service.test.ts[2m > [22m[2mMultiUserNotificationService[2m > [22m[2mgetAllNotifications[2m > [22m[2mshould respect limit parameter
[22m[39m[MultiUserNotification] Notification sent { userId: [32m'user-456'[39m, type: [32m'USER_JOINED'[39m, channel: [32m'IN_APP'[39m }

[90mstdout[2m | src/services/multiUser/notification.service.test.ts[2m > [22m[2mMultiUserNotificationService[2m > [22m[2mgetAllNotifications[2m > [22m[2mshould respect limit parameter
[22m[39m[MultiUserNotification] Notification sent { userId: [32m'user-456'[39m, type: [32m'USER_JOINED'[39m, channel: [32m'IN_APP'[39m }

[90mstdout[2m | src/services/multiUser/notification.service.test.ts[2m > [22m[2mMultiUserNotificationService[2m > [22m[2mgetAllNotifications[2m > [22m[2mshould respect limit parameter
[22m[39m[MultiUserNotification] Notification sent { userId: [32m'user-456'[39m, type: [32m'USER_JOINED'[39m, channel: [32m'IN_APP'[39m }

[90mstdout[2m | src/services/multiUser/notification.service.test.ts[2m > [22m[2mMultiUserNotificationService[2m > [22m[2mgetAllNotifications[2m > [22m[2mshould respect limit parameter
[22m[39m[MultiUserNotification] Notification sent { userId: [32m'user-456'[39m, type: [32m'USER_JOINED'[39m, channel: [32m'IN_APP'[39m }

[90mstdout[2m | src/services/multiUser/notification.service.test.ts[2m > [22m[2mMultiUserNotificationService[2m > [22m[2mgetAllNotifications[2m > [22m[2mshould include both read and unread notifications
[22m[39m[MultiUserNotification] Notification sent { userId: [32m'user-456'[39m, type: [32m'USER_JOINED'[39m, channel: [32m'IN_APP'[39m }

[90mstdout[2m | src/services/multiUser/notification.service.test.ts[2m > [22m[2mMultiUserNotificationService[2m > [22m[2mgetAllNotifications[2m > [22m[2mshould include both read and unread notifications
[22m[39m[MultiUserNotification] Notification sent { userId: [32m'user-456'[39m, type: [32m'USER_JOINED'[39m, channel: [32m'IN_APP'[39m }

[90mstdout[2m | src/services/multiUser/notification.service.test.ts[2m > [22m[2mMultiUserNotificationService[2m > [22m[2mgetAllNotifications[2m > [22m[2mshould include both read and unread notifications
[22m[39m[MultiUserNotification] Notification sent { userId: [32m'user-456'[39m, type: [32m'USER_JOINED'[39m, channel: [32m'IN_APP'[39m }

[90mstdout[2m | src/services/multiUser/notification.service.test.ts[2m > [22m[2mMultiUserNotificationService[2m > [22m[2mgetAllNotifications[2m > [22m[2mshould include both read and unread notifications
[22m[39m[MultiUserNotification] Notification sent { userId: [32m'user-456'[39m, type: [32m'USER_JOINED'[39m, channel: [32m'IN_APP'[39m }

[90mstdout[2m | src/services/multiUser/notification.service.test.ts[2m > [22m[2mMultiUserNotificationService[2m > [22m[2mgetAllNotifications[2m > [22m[2mshould include both read and unread notifications
[22m[39m[MultiUserNotification] Notification sent { userId: [32m'user-456'[39m, type: [32m'USER_JOINED'[39m, channel: [32m'IN_APP'[39m }

[90mstdout[2m | src/services/multiUser/notification.service.test.ts[2m > [22m[2mMultiUserNotificationService[2m > [22m[2mmarkAsRead[2m > [22m[2mshould mark notification as read
[22m[39m[MultiUserNotification] Email notification queued { userId: [32m'user-456'[39m, notificationId: [32m'zRnvcws4zKVBjdfuyAKub'[39m }

[90mstdout[2m | src/services/multiUser/notification.service.test.ts[2m > [22m[2mMultiUserNotificationService[2m > [22m[2mmarkAsRead[2m > [22m[2mshould mark notification as read
[22m[39m[MultiUserNotification] Notification sent { userId: [32m'user-456'[39m, type: [32m'USER_INVITED'[39m, channel: [32m'BOTH'[39m }

[90mstdout[2m | src/services/multiUser/notification.service.test.ts[2m > [22m[2mMultiUserNotificationService[2m > [22m[2mmarkAsRead[2m > [22m[2mshould return false for non-existent notification
[22m[39m[MultiUserNotification] Email notification queued { userId: [32m'user-456'[39m, notificationId: [32m'eslZHqJu78-6ml9I735lz'[39m }

[90mstdout[2m | src/services/multiUser/notification.service.test.ts[2m > [22m[2mMultiUserNotificationService[2m > [22m[2mmarkAsRead[2m > [22m[2mshould return false for non-existent notification
[22m[39m[MultiUserNotification] Notification sent { userId: [32m'user-456'[39m, type: [32m'USER_INVITED'[39m, channel: [32m'BOTH'[39m }

[90mstdout[2m | src/services/multiUser/notification.service.test.ts[2m > [22m[2mMultiUserNotificationService[2m > [22m[2mmarkAllAsRead[2m > [22m[2mshould mark all notifications as read
[22m[39m[MultiUserNotification] Email notification queued { userId: [32m'user-456'[39m, notificationId: [32m'v9K0FFcx2x2zIT6LADIoN'[39m }

[90mstdout[2m | src/services/multiUser/notification.service.test.ts[2m > [22m[2mMultiUserNotificationService[2m > [22m[2mmarkAllAsRead[2m > [22m[2mshould mark all notifications as read
[22m[39m[MultiUserNotification] Notification sent { userId: [32m'user-456'[39m, type: [32m'USER_INVITED'[39m, channel: [32m'BOTH'[39m }

[90mstdout[2m | src/services/multiUser/notification.service.test.ts[2m > [22m[2mMultiUserNotificationService[2m > [22m[2mmarkAllAsRead[2m > [22m[2mshould mark all notifications as read
[22m[39m[MultiUserNotification] Notification sent { userId: [32m'user-456'[39m, type: [32m'USER_JOINED'[39m, channel: [32m'IN_APP'[39m }

[90mstdout[2m | src/services/multiUser/notification.service.test.ts[2m > [22m[2mMultiUserNotificationService[2m > [22m[2mmarkAllAsRead[2m > [22m[2mshould not count already read notifications
[22m[39m[MultiUserNotification] Email notification queued { userId: [32m'user-456'[39m, notificationId: [32m'UX5oH_g5czYUjQsYcrjPB'[39m }

[90mstdout[2m | src/services/multiUser/notification.service.test.ts[2m > [22m[2mMultiUserNotificationService[2m > [22m[2mmarkAllAsRead[2m > [22m[2mshould not count already read notifications
[22m[39m[MultiUserNotification] Notification sent { userId: [32m'user-456'[39m, type: [32m'USER_INVITED'[39m, channel: [32m'BOTH'[39m }

[90mstdout[2m | src/services/multiUser/notification.service.test.ts[2m > [22m[2mMultiUserNotificationService[2m > [22m[2mmarkAllAsRead[2m > [22m[2mshould not count already read notifications
[22m[39m[MultiUserNotification] Notification sent { userId: [32m'user-456'[39m, type: [32m'USER_JOINED'[39m, channel: [32m'IN_APP'[39m }

[90mstdout[2m | src/services/multiUser/notification.service.test.ts[2m > [22m[2mMultiUserNotificationService[2m > [22m[2mdeleteNotification[2m > [22m[2mshould delete notification
[22m[39m[MultiUserNotification] Email notification queued { userId: [32m'user-456'[39m, notificationId: [32m'cyNp5LA6v7QQLbeiz7W4E'[39m }

[90mstdout[2m | src/services/multiUser/notification.service.test.ts[2m > [22m[2mMultiUserNotificationService[2m > [22m[2mdeleteNotification[2m > [22m[2mshould delete notification
[22m[39m[MultiUserNotification] Notification sent { userId: [32m'user-456'[39m, type: [32m'USER_INVITED'[39m, channel: [32m'BOTH'[39m }

[90mstdout[2m | src/services/multiUser/notification.service.test.ts[2m > [22m[2mMultiUserNotificationService[2m > [22m[2mdeleteNotification[2m > [22m[2mshould return false for non-existent notification
[22m[39m[MultiUserNotification] Email notification queued { userId: [32m'user-456'[39m, notificationId: [32m'qW04z4QevjP7FZQlWc8UC'[39m }

[90mstdout[2m | src/services/multiUser/notification.service.test.ts[2m > [22m[2mMultiUserNotificationService[2m > [22m[2mdeleteNotification[2m > [22m[2mshould return false for non-existent notification
[22m[39m[MultiUserNotification] Notification sent { userId: [32m'user-456'[39m, type: [32m'USER_INVITED'[39m, channel: [32m'BOTH'[39m }

[90mstdout[2m | src/services/multiUser/notification.service.test.ts[2m > [22m[2mMultiUserNotificationService[2m > [22m[2mupdatePreferences[2m > [22m[2mshould update notification preferences
[22m[39m[MultiUserNotification] Notification preferences updated { userId: [32m'user-456'[39m }

[90mstdout[2m | src/services/multiUser/notification.service.test.ts[2m > [22m[2mMultiUserNotificationService[2m > [22m[2mupdatePreferences[2m > [22m[2mshould merge with existing preferences
[22m[39m[MultiUserNotification] Notification preferences updated { userId: [32m'user-456'[39m }

[90mstdout[2m | src/services/multiUser/notification.service.test.ts[2m > [22m[2mMultiUserNotificationService[2m > [22m[2mupdatePreferences[2m > [22m[2mshould merge with existing preferences
[22m[39m[MultiUserNotification] Notification preferences updated { userId: [32m'user-456'[39m }

[90mstdout[2m | src/services/multiUser/notification.service.test.ts[2m > [22m[2mMultiUserNotificationService[2m > [22m[2msendBatchNotification[2m > [22m[2mshould send notification to multiple users
[22m[39m[MultiUserNotification] Notification sent { userId: [32m'user-1'[39m, type: [32m'USER_JOINED'[39m, channel: [32m'IN_APP'[39m }
[MultiUserNotification] Notification sent { userId: [32m'user-2'[39m, type: [32m'USER_JOINED'[39m, channel: [32m'IN_APP'[39m }
[MultiUserNotification] Notification sent { userId: [32m'user-3'[39m, type: [32m'USER_JOINED'[39m, channel: [32m'IN_APP'[39m }

[90mstdout[2m | src/services/multiUser/notification.service.test.ts[2m > [22m[2mMultiUserNotificationService[2m > [22m[2mNotification Pruning[2m > [22m[2mshould prune old notifications when limit exceeded
[22m[39m[MultiUserNotification] Notification sent { userId: [32m'user-456'[39m, type: [32m'USER_JOINED'[39m, channel: [32m'IN_APP'[39m }

[90mstdout[2m | src/services/multiUser/notification.service.test.ts[2m > [22m[2mMultiUserNotificationService[2m > [22m[2mNotification Pruning[2m > [22m[2mshould prune old notifications when limit exceeded
[22m[39m[MultiUserNotification] Notification sent { userId: [32m'user-456'[39m, type: [32m'USER_JOINED'[39m, channel: [32m'IN_APP'[39m }

[90mstdout[2m | src/services/multiUser/notification.service.test.ts[2m > [22m[2mMultiUserNotificationService[2m > [22m[2mNotification Pruning[2m > [22m[2mshould prune old notifications when limit exceeded
[22m[39m[MultiUserNotification] Notification sent { userId: [32m'user-456'[39m, type: [32m'USER_JOINED'[39m, channel: [32m'IN_APP'[39m }

[90mstdout[2m | src/services/multiUser/notification.service.test.ts[2m > [22m[2mMultiUserNotificationService[2m > [22m[2mNotification Pruning[2m > [22m[2mshould prune old notifications when limit exceeded
[22m[39m[MultiUserNotification] Notification sent { userId: [32m'user-456'[39m, type: [32m'USER_JOINED'[39m, channel: [32m'IN_APP'[39m }

[90mstdout[2m | src/services/multiUser/notification.service.test.ts[2m > [22m[2mMultiUserNotificationService[2m > [22m[2mNotification Pruning[2m > [22m[2mshould prune old notifications when limit exceeded
[22m[39m[MultiUserNotification] Notification sent { userId: [32m'user-456'[39m, type: [32m'USER_JOINED'[39m, channel: [32m'IN_APP'[39m }

[90mstdout[2m | src/services/multiUser/notification.service.test.ts[2m > [22m[2mMultiUserNotificationService[2m > [22m[2mNotification Pruning[2m > [22m[2mshould prune old notifications when limit exceeded
[22m[39m[MultiUserNotification] Notification sent { userId: [32m'user-456'[39m, type: [32m'USER_JOINED'[39m, channel: [32m'IN_APP'[39m }

[90mstdout[2m | src/services/multiUser/notification.service.test.ts[2m > [22m[2mMultiUserNotificationService[2m > [22m[2mNotification Pruning[2m > [22m[2mshould prune old notifications when limit exceeded
[22m[39m[MultiUserNotification] Notification sent { userId: [32m'user-456'[39m, type: [32m'USER_JOINED'[39m, channel: [32m'IN_APP'[39m }

[90mstdout[2m | src/services/multiUser/notification.service.test.ts[2m > [22m[2mMultiUserNotificationService[2m > [22m[2mNotification Pruning[2m > [22m[2mshould prune old notifications when limit exceeded
[22m[39m[MultiUserNotification] Notification sent { userId: [32m'user-456'[39m, type: [32m'USER_JOINED'[39m, channel: [32m'IN_APP'[39m }

[90mstdout[2m | src/services/multiUser/notification.service.test.ts[2m > [22m[2mMultiUserNotificationService[2m > [22m[2mNotification Pruning[2m > [22m[2mshould prune old notifications when limit exceeded
[22m[39m[MultiUserNotification] Notification sent { userId: [32m'user-456'[39m, type: [32m'USER_JOINED'[39m, channel: [32m'IN_APP'[39m }

[90mstdout[2m | src/services/multiUser/notification.service.test.ts[2m > [22m[2mMultiUserNotificationService[2m > [22m[2mNotification Pruning[2m > [22m[2mshould prune old notifications when limit exceeded
[22m[39m[MultiUserNotification] Notification sent { userId: [32m'user-456'[39m, type: [32m'USER_JOINED'[39m, channel: [32m'IN_APP'[39m }

[90mstdout[2m | src/services/multiUser/notification.service.test.ts[2m > [22m[2mMultiUserNotificationService[2m > [22m[2mNotification Pruning[2m > [22m[2mshould prune old notifications when limit exceeded
[22m[39m[MultiUserNotification] Notification sent { userId: [32m'user-456'[39m, type: [32m'USER_JOINED'[39m, channel: [32m'IN_APP'[39m }

[90mstdout[2m | src/services/multiUser/notification.service.test.ts[2m > [22m[2mMultiUserNotificationService[2m > [22m[2mNotification Pruning[2m > [22m[2mshould prune old notifications when limit exceeded
[22m[39m[MultiUserNotification] Notification sent { userId: [32m'user-456'[39m, type: [32m'USER_JOINED'[39m, channel: [32m'IN_APP'[39m }

[90mstdout[2m | src/services/multiUser/notification.service.test.ts[2m > [22m[2mMultiUserNotificationService[2m > [22m[2mNotification Pruning[2m > [22m[2mshould prune old notifications when limit exceeded
[22m[39m[MultiUserNotification] Notification sent { userId: [32m'user-456'[39m, type: [32m'USER_JOINED'[39m, channel: [32m'IN_APP'[39m }

[90mstdout[2m | src/services/multiUser/notification.service.test.ts[2m > [22m[2mMultiUserNotificationService[2m > [22m[2mNotification Pruning[2m > [22m[2mshould prune old notifications when limit exceeded
[22m[39m[MultiUserNotification] Notification sent { userId: [32m'user-456'[39m, type: [32m'USER_JOINED'[39m, channel: [32m'IN_APP'[39m }

[90mstdout[2m | src/services/multiUser/notification.service.test.ts[2m > [22m[2mMultiUserNotificationService[2m > [22m[2mNotification Pruning[2m > [22m[2mshould prune old notifications when limit exceeded
[22m[39m[MultiUserNotification] Notification sent { userId: [32m'user-456'[39m, type: [32m'USER_JOINED'[39m, channel: [32m'IN_APP'[39m }

[90mstdout[2m | src/services/multiUser/notification.service.test.ts[2m > [22m[2mMultiUserNotificationService[2m > [22m[2mNotification Pruning[2m > [22m[2mshould prune old notifications when limit exceeded
[22m[39m[MultiUserNotification] Notification sent { userId: [32m'user-456'[39m, type: [32m'USER_JOINED'[39m, channel: [32m'IN_APP'[39m }

[90mstdout[2m | src/services/multiUser/notification.service.test.ts[2m > [22m[2mMultiUserNotificationService[2m > [22m[2mNotification Pruning[2m > [22m[2mshould prune old notifications when limit exceeded
[22m[39m[MultiUserNotification] Notification sent { userId: [32m'user-456'[39m, type: [32m'USER_JOINED'[39m, channel: [32m'IN_APP'[39m }

[90mstdout[2m | src/services/multiUser/notification.service.test.ts[2m > [22m[2mMultiUserNotificationService[2m > [22m[2mNotification Pruning[2m > [22m[2mshould prune old notifications when limit exceeded
[22m[39m[MultiUserNotification] Notification sent { userId: [32m'user-456'[39m, type: [32m'USER_JOINED'[39m, channel: [32m'IN_APP'[39m }

[90mstdout[2m | src/services/multiUser/notification.service.test.ts[2m > [22m[2mMultiUserNotificationService[2m > [22m[2mNotification Pruning[2m > [22m[2mshould prune old notifications when limit exceeded
[22m[39m[MultiUserNotification] Notification sent { userId: [32m'user-456'[39m, type: [32m'USER_JOINED'[39m, channel: [32m'IN_APP'[39m }

[90mstdout[2m | src/services/multiUser/notification.service.test.ts[2m > [22m[2mMultiUserNotificationService[2m > [22m[2mNotification Pruning[2m > [22m[2mshould prune old notifications when limit exceeded
[22m[39m[MultiUserNotification] Notification sent { userId: [32m'user-456'[39m, type: [32m'USER_JOINED'[39m, channel: [32m'IN_APP'[39m }

[90mstdout[2m | src/services/multiUser/notification.service.test.ts[2m > [22m[2mMultiUserNotificationService[2m > [22m[2mNotification Pruning[2m > [22m[2mshould prune old notifications when limit exceeded
[22m[39m[MultiUserNotification] Notification sent { userId: [32m'user-456'[39m, type: [32m'USER_JOINED'[39m, channel: [32m'IN_APP'[39m }

[90mstdout[2m | src/services/multiUser/notification.service.test.ts[2m > [22m[2mMultiUserNotificationService[2m > [22m[2mNotification Pruning[2m > [22m[2mshould prune old notifications when limit exceeded
[22m[39m[MultiUserNotification] Notification sent { userId: [32m'user-456'[39m, type: [32m'USER_JOINED'[39m, channel: [32m'IN_APP'[39m }

[90mstdout[2m | src/services/multiUser/notification.service.test.ts[2m > [22m[2mMultiUserNotificationService[2m > [22m[2mNotification Pruning[2m > [22m[2mshould prune old notifications when limit exceeded
[22m[39m[MultiUserNotification] Notification sent { userId: [32m'user-456'[39m, type: [32m'USER_JOINED'[39m, channel: [32m'IN_APP'[39m }

[90mstdout[2m | src/services/multiUser/notification.service.test.ts[2m > [22m[2mMultiUserNotificationService[2m > [22m[2mNotification Pruning[2m > [22m[2mshould prune old notifications when limit exceeded
[22m[39m[MultiUserNotification] Notification sent { userId: [32m'user-456'[39m, type: [32m'USER_JOINED'[39m, channel: [32m'IN_APP'[39m }

[90mstdout[2m | src/services/multiUser/notification.service.test.ts[2m > [22m[2mMultiUserNotificationService[2m > [22m[2mNotification Pruning[2m > [22m[2mshould prune old notifications when limit exceeded
[22m[39m[MultiUserNotification] Notification sent { userId: [32m'user-456'[39m, type: [32m'USER_JOINED'[39m, channel: [32m'IN_APP'[39m }

[90mstdout[2m | src/services/multiUser/notification.service.test.ts[2m > [22m[2mMultiUserNotificationService[2m > [22m[2mNotification Pruning[2m > [22m[2mshould prune old notifications when limit exceeded
[22m[39m[MultiUserNotification] Notification sent { userId: [32m'user-456'[39m, type: [32m'USER_JOINED'[39m, channel: [32m'IN_APP'[39m }

[90mstdout[2m | src/services/multiUser/notification.service.test.ts[2m > [22m[2mMultiUserNotificationService[2m > [22m[2mNotification Pruning[2m > [22m[2mshould prune old notifications when limit exceeded
[22m[39m[MultiUserNotification] Notification sent { userId: [32m'user-456'[39m, type: [32m'USER_JOINED'[39m, channel: [32m'IN_APP'[39m }

[90mstdout[2m | src/services/multiUser/notification.service.test.ts[2m > [22m[2mMultiUserNotificationService[2m > [22m[2mNotification Pruning[2m > [22m[2mshould prune old notifications when limit exceeded
[22m[39m[MultiUserNotification] Notification sent { userId: [32m'user-456'[39m, type: [32m'USER_JOINED'[39m, channel: [32m'IN_APP'[39m }

[90mstdout[2m | src/services/multiUser/notification.service.test.ts[2m > [22m[2mMultiUserNotificationService[2m > [22m[2mNotification Pruning[2m > [22m[2mshould prune old notifications when limit exceeded
[22m[39m[MultiUserNotification] Notification sent { userId: [32m'user-456'[39m, type: [32m'USER_JOINED'[39m, channel: [32m'IN_APP'[39m }

[90mstdout[2m | src/services/multiUser/notification.service.test.ts[2m > [22m[2mMultiUserNotificationService[2m > [22m[2mNotification Pruning[2m > [22m[2mshould prune old notifications when limit exceeded
[22m[39m[MultiUserNotification] Notification sent { userId: [32m'user-456'[39m, type: [32m'USER_JOINED'[39m, channel: [32m'IN_APP'[39m }

[90mstdout[2m | src/services/multiUser/notification.service.test.ts[2m > [22m[2mMultiUserNotificationService[2m > [22m[2mNotification Pruning[2m > [22m[2mshould prune old notifications when limit exceeded
[22m[39m[MultiUserNotification] Notification sent { userId: [32m'user-456'[39m, type: [32m'USER_JOINED'[39m, channel: [32m'IN_APP'[39m }

[90mstdout[2m | src/services/multiUser/notification.service.test.ts[2m > [22m[2mMultiUserNotificationService[2m > [22m[2mNotification Pruning[2m > [22m[2mshould prune old notifications when limit exceeded
[22m[39m[MultiUserNotification] Notification sent { userId: [32m'user-456'[39m, type: [32m'USER_JOINED'[39m, channel: [32m'IN_APP'[39m }

[90mstdout[2m | src/services/multiUser/notification.service.test.ts[2m > [22m[2mMultiUserNotificationService[2m > [22m[2mNotification Pruning[2m > [22m[2mshould prune old notifications when limit exceeded
[22m[39m[MultiUserNotification] Notification sent { userId: [32m'user-456'[39m, type: [32m'USER_JOINED'[39m, channel: [32m'IN_APP'[39m }

[90mstdout[2m | src/services/multiUser/notification.service.test.ts[2m > [22m[2mMultiUserNotificationService[2m > [22m[2mNotification Pruning[2m > [22m[2mshould prune old notifications when limit exceeded
[22m[39m[MultiUserNotification] Notification sent { userId: [32m'user-456'[39m, type: [32m'USER_JOINED'[39m, channel: [32m'IN_APP'[39m }

[90mstdout[2m | src/services/multiUser/notification.service.test.ts[2m > [22m[2mMultiUserNotificationService[2m > [22m[2mNotification Pruning[2m > [22m[2mshould prune old notifications when limit exceeded
[22m[39m[MultiUserNotification] Notification sent { userId: [32m'user-456'[39m, type: [32m'USER_JOINED'[39m, channel: [32m'IN_APP'[39m }

[90mstdout[2m | src/services/multiUser/notification.service.test.ts[2m > [22m[2mMultiUserNotificationService[2m > [22m[2mNotification Pruning[2m > [22m[2mshould prune old notifications when limit exceeded
[22m[39m[MultiUserNotification] Notification sent { userId: [32m'user-456'[39m, type: [32m'USER_JOINED'[39m, channel: [32m'IN_APP'[39m }

[90mstdout[2m | src/services/multiUser/notification.service.test.ts[2m > [22m[2mMultiUserNotificationService[2m > [22m[2mNotification Pruning[2m > [22m[2mshould prune old notifications when limit exceeded
[22m[39m[MultiUserNotification] Notification sent { userId: [32m'user-456'[39m, type: [32m'USER_JOINED'[39m, channel: [32m'IN_APP'[39m }

[90mstdout[2m | src/services/multiUser/notification.service.test.ts[2m > [22m[2mMultiUserNotificationService[2m > [22m[2mNotification Pruning[2m > [22m[2mshould prune old notifications when limit exceeded
[22m[39m[MultiUserNotification] Notification sent { userId: [32m'user-456'[39m, type: [32m'USER_JOINED'[39m, channel: [32m'IN_APP'[39m }

[90mstdout[2m | src/services/multiUser/notification.service.test.ts[2m > [22m[2mMultiUserNotificationService[2m > [22m[2mNotification Pruning[2m > [22m[2mshould prune old notifications when limit exceeded
[22m[39m[MultiUserNotification] Notification sent { userId: [32m'user-456'[39m, type: [32m'USER_JOINED'[39m, channel: [32m'IN_APP'[39m }

[90mstdout[2m | src/services/multiUser/notification.service.test.ts[2m > [22m[2mMultiUserNotificationService[2m > [22m[2mNotification Pruning[2m > [22m[2mshould prune old notifications when limit exceeded
[22m[39m[MultiUserNotification] Notification sent { userId: [32m'user-456'[39m, type: [32m'USER_JOINED'[39m, channel: [32m'IN_APP'[39m }

[90mstdout[2m | src/services/multiUser/notification.service.test.ts[2m > [22m[2mMultiUserNotificationService[2m > [22m[2mNotification Pruning[2m > [22m[2mshould prune old notifications when limit exceeded
[22m[39m[MultiUserNotification] Notification sent { userId: [32m'user-456'[39m, type: [32m'USER_JOINED'[39m, channel: [32m'IN_APP'[39m }

[90mstdout[2m | src/services/multiUser/notification.service.test.ts[2m > [22m[2mMultiUserNotificationService[2m > [22m[2mNotification Pruning[2m > [22m[2mshould prune old notifications when limit exceeded
[22m[39m[MultiUserNotification] Notification sent { userId: [32m'user-456'[39m, type: [32m'USER_JOINED'[39m, channel: [32m'IN_APP'[39m }

[90mstdout[2m | src/services/multiUser/notification.service.test.ts[2m > [22m[2mMultiUserNotificationService[2m > [22m[2mNotification Pruning[2m > [22m[2mshould prune old notifications when limit exceeded
[22m[39m[MultiUserNotification] Notification sent { userId: [32m'user-456'[39m, type: [32m'USER_JOINED'[39m, channel: [32m'IN_APP'[39m }

[90mstdout[2m | src/services/multiUser/notification.service.test.ts[2m > [22m[2mMultiUserNotificationService[2m > [22m[2mNotification Pruning[2m > [22m[2mshould prune old notifications when limit exceeded
[22m[39m[MultiUserNotification] Notification sent { userId: [32m'user-456'[39m, type: [32m'USER_JOINED'[39m, channel: [32m'IN_APP'[39m }

[90mstdout[2m | src/services/multiUser/notification.service.test.ts[2m > [22m[2mMultiUserNotificationService[2m > [22m[2mNotification Pruning[2m > [22m[2mshould prune old notifications when limit exceeded
[22m[39m[MultiUserNotification] Notification sent { userId: [32m'user-456'[39m, type: [32m'USER_JOINED'[39m, channel: [32m'IN_APP'[39m }

[90mstdout[2m | src/services/multiUser/notification.service.test.ts[2m > [22m[2mMultiUserNotificationService[2m > [22m[2mNotification Pruning[2m > [22m[2mshould prune old notifications when limit exceeded
[22m[39m[MultiUserNotification] Notification sent { userId: [32m'user-456'[39m, type: [32m'USER_JOINED'[39m, channel: [32m'IN_APP'[39m }

[90mstdout[2m | src/services/multiUser/notification.service.test.ts[2m > [22m[2mMultiUserNotificationService[2m > [22m[2mNotification Pruning[2m > [22m[2mshould prune old notifications when limit exceeded
[22m[39m[MultiUserNotification] Notification sent { userId: [32m'user-456'[39m, type: [32m'USER_JOINED'[39m, channel: [32m'IN_APP'[39m }

[90mstdout[2m | src/services/multiUser/notification.service.test.ts[2m > [22m[2mMultiUserNotificationService[2m > [22m[2mNotification Pruning[2m > [22m[2mshould prune old notifications when limit exceeded
[22m[39m[MultiUserNotification] Notification sent { userId: [32m'user-456'[39m, type: [32m'USER_JOINED'[39m, channel: [32m'IN_APP'[39m }

[90mstdout[2m | src/services/multiUser/notification.service.test.ts[2m > [22m[2mMultiUserNotificationService[2m > [22m[2mNotification Pruning[2m > [22m[2mshould prune old notifications when limit exceeded
[22m[39m[MultiUserNotification] Notification sent { userId: [32m'user-456'[39m, type: [32m'USER_JOINED'[39m, channel: [32m'IN_APP'[39m }

[90mstdout[2m | src/services/multiUser/notification.service.test.ts[2m > [22m[2mMultiUserNotificationService[2m > [22m[2mNotification Pruning[2m > [22m[2mshould prune old notifications when limit exceeded
[22m[39m[MultiUserNotification] Notification sent { userId: [32m'user-456'[39m, type: [32m'USER_JOINED'[39m, channel: [32m'IN_APP'[39m }

[90mstdout[2m | src/services/multiUser/notification.service.test.ts[2m > [22m[2mMultiUserNotificationService[2m > [22m[2mNotification Pruning[2m > [22m[2mshould prune old notifications when limit exceeded
[22m[39m[MultiUserNotification] Notification sent { userId: [32m'user-456'[39m, type: [32m'USER_JOINED'[39m, channel: [32m'IN_APP'[39m }

[90mstdout[2m | src/services/multiUser/notification.service.test.ts[2m > [22m[2mMultiUserNotificationService[2m > [22m[2mNotification Pruning[2m > [22m[2mshould prune old notifications when limit exceeded
[22m[39m[MultiUserNotification] Notification sent { userId: [32m'user-456'[39m, type: [32m'USER_JOINED'[39m, channel: [32m'IN_APP'[39m }

[90mstdout[2m | src/services/multiUser/notification.service.test.ts[2m > [22m[2mMultiUserNotificationService[2m > [22m[2mNotification Pruning[2m > [22m[2mshould prune old notifications when limit exceeded
[22m[39m[MultiUserNotification] Notification sent { userId: [32m'user-456'[39m, type: [32m'USER_JOINED'[39m, channel: [32m'IN_APP'[39m }

[90mstdout[2m | src/services/multiUser/notification.service.test.ts[2m > [22m[2mMultiUserNotificationService[2m > [22m[2mNotification Pruning[2m > [22m[2mshould prune old notifications when limit exceeded
[22m[39m[MultiUserNotification] Notification sent { userId: [32m'user-456'[39m, type: [32m'USER_JOINED'[39m, channel: [32m'IN_APP'[39m }

[90mstdout[2m | src/services/multiUser/notification.service.test.ts[2m > [22m[2mMultiUserNotificationService[2m > [22m[2mNotification Pruning[2m > [22m[2mshould prune old notifications when limit exceeded
[22m[39m[MultiUserNotification] Notification sent { userId: [32m'user-456'[39m, type: [32m'USER_JOINED'[39m, channel: [32m'IN_APP'[39m }

[90mstdout[2m | src/services/multiUser/notification.service.test.ts[2m > [22m[2mMultiUserNotificationService[2m > [22m[2mNotification Pruning[2m > [22m[2mshould prune old notifications when limit exceeded
[22m[39m[MultiUserNotification] Notification sent { userId: [32m'user-456'[39m, type: [32m'USER_JOINED'[39m, channel: [32m'IN_APP'[39m }

[90mstdout[2m | src/services/multiUser/notification.service.test.ts[2m > [22m[2mMultiUserNotificationService[2m > [22m[2mNotification Pruning[2m > [22m[2mshould prune old notifications when limit exceeded
[22m[39m[MultiUserNotification] Notification sent { userId: [32m'user-456'[39m, type: [32m'USER_JOINED'[39m, channel: [32m'IN_APP'[39m }

[90mstdout[2m | src/services/multiUser/notification.service.test.ts[2m > [22m[2mMultiUserNotificationService[2m > [22m[2mNotification Pruning[2m > [22m[2mshould prune old notifications when limit exceeded
[22m[39m[MultiUserNotification] Notification sent { userId: [32m'user-456'[39m, type: [32m'USER_JOINED'[39m, channel: [32m'IN_APP'[39m }

[90mstdout[2m | src/services/multiUser/notification.service.test.ts[2m > [22m[2mMultiUserNotificationService[2m > [22m[2mNotification Pruning[2m > [22m[2mshould prune old notifications when limit exceeded
[22m[39m[MultiUserNotification] Notification sent { userId: [32m'user-456'[39m, type: [32m'USER_JOINED'[39m, channel: [32m'IN_APP'[39m }

[90mstdout[2m | src/services/multiUser/notification.service.test.ts[2m > [22m[2mMultiUserNotificationService[2m > [22m[2mNotification Pruning[2m > [22m[2mshould prune old notifications when limit exceeded
[22m[39m[MultiUserNotification] Notification sent { userId: [32m'user-456'[39m, type: [32m'USER_JOINED'[39m, channel: [32m'IN_APP'[39m }

[90mstdout[2m | src/services/multiUser/notification.service.test.ts[2m > [22m[2mMultiUserNotificationService[2m > [22m[2mNotification Pruning[2m > [22m[2mshould prune old notifications when limit exceeded
[22m[39m[MultiUserNotification] Notification sent { userId: [32m'user-456'[39m, type: [32m'USER_JOINED'[39m, channel: [32m'IN_APP'[39m }

[90mstdout[2m | src/services/multiUser/notification.service.test.ts[2m > [22m[2mMultiUserNotificationService[2m > [22m[2mNotification Pruning[2m > [22m[2mshould prune old notifications when limit exceeded
[22m[39m[MultiUserNotification] Notification sent { userId: [32m'user-456'[39m, type: [32m'USER_JOINED'[39m, channel: [32m'IN_APP'[39m }

[90mstdout[2m | src/services/multiUser/notification.service.test.ts[2m > [22m[2mMultiUserNotificationService[2m > [22m[2mNotification Pruning[2m > [22m[2mshould prune old notifications when limit exceeded
[22m[39m[MultiUserNotification] Notification sent { userId: [32m'user-456'[39m, type: [32m'USER_JOINED'[39m, channel: [32m'IN_APP'[39m }

[90mstdout[2m | src/services/multiUser/notification.service.test.ts[2m > [22m[2mMultiUserNotificationService[2m > [22m[2mNotification Pruning[2m > [22m[2mshould prune old notifications when limit exceeded
[22m[39m[MultiUserNotification] Notification sent { userId: [32m'user-456'[39m, type: [32m'USER_JOINED'[39m, channel: [32m'IN_APP'[39m }

[90mstdout[2m | src/services/multiUser/notification.service.test.ts[2m > [22m[2mMultiUserNotificationService[2m > [22m[2mNotification Pruning[2m > [22m[2mshould prune old notifications when limit exceeded
[22m[39m[MultiUserNotification] Notification sent { userId: [32m'user-456'[39m, type: [32m'USER_JOINED'[39m, channel: [32m'IN_APP'[39m }

[90mstdout[2m | src/services/multiUser/notification.service.test.ts[2m > [22m[2mMultiUserNotificationService[2m > [22m[2mNotification Pruning[2m > [22m[2mshould prune old notifications when limit exceeded
[22m[39m[MultiUserNotification] Notification sent { userId: [32m'user-456'[39m, type: [32m'USER_JOINED'[39m, channel: [32m'IN_APP'[39m }

[90mstdout[2m | src/services/multiUser/notification.service.test.ts[2m > [22m[2mMultiUserNotificationService[2m > [22m[2mNotification Pruning[2m > [22m[2mshould prune old notifications when limit exceeded
[22m[39m[MultiUserNotification] Notification sent { userId: [32m'user-456'[39m, type: [32m'USER_JOINED'[39m, channel: [32m'IN_APP'[39m }

[90mstdout[2m | src/services/multiUser/notification.service.test.ts[2m > [22m[2mMultiUserNotificationService[2m > [22m[2mNotification Pruning[2m > [22m[2mshould prune old notifications when limit exceeded
[22m[39m[MultiUserNotification] Notification sent { userId: [32m'user-456'[39m, type: [32m'USER_JOINED'[39m, channel: [32m'IN_APP'[39m }

[90mstdout[2m | src/services/multiUser/notification.service.test.ts[2m > [22m[2mMultiUserNotificationService[2m > [22m[2mNotification Pruning[2m > [22m[2mshould prune old notifications when limit exceeded
[22m[39m[MultiUserNotification] Notification sent { userId: [32m'user-456'[39m, type: [32m'USER_JOINED'[39m, channel: [32m'IN_APP'[39m }

[90mstdout[2m | src/services/multiUser/notification.service.test.ts[2m > [22m[2mMultiUserNotificationService[2m > [22m[2mNotification Pruning[2m > [22m[2mshould prune old notifications when limit exceeded
[22m[39m[MultiUserNotification] Notification sent { userId: [32m'user-456'[39m, type: [32m'USER_JOINED'[39m, channel: [32m'IN_APP'[39m }

[90mstdout[2m | src/services/multiUser/notification.service.test.ts[2m > [22m[2mMultiUserNotificationService[2m > [22m[2mNotification Pruning[2m > [22m[2mshould prune old notifications when limit exceeded
[22m[39m[MultiUserNotification] Notification sent { userId: [32m'user-456'[39m, type: [32m'USER_JOINED'[39m, channel: [32m'IN_APP'[39m }

[90mstdout[2m | src/services/multiUser/notification.service.test.ts[2m > [22m[2mMultiUserNotificationService[2m > [22m[2mNotification Pruning[2m > [22m[2mshould prune old notifications when limit exceeded
[22m[39m[MultiUserNotification] Notification sent { userId: [32m'user-456'[39m, type: [32m'USER_JOINED'[39m, channel: [32m'IN_APP'[39m }

[90mstdout[2m | src/services/multiUser/notification.service.test.ts[2m > [22m[2mMultiUserNotificationService[2m > [22m[2mNotification Pruning[2m > [22m[2mshould prune old notifications when limit exceeded
[22m[39m[MultiUserNotification] Notification sent { userId: [32m'user-456'[39m, type: [32m'USER_JOINED'[39m, channel: [32m'IN_APP'[39m }

[90mstdout[2m | src/services/multiUser/notification.service.test.ts[2m > [22m[2mMultiUserNotificationService[2m > [22m[2mNotification Pruning[2m > [22m[2mshould prune old notifications when limit exceeded
[22m[39m[MultiUserNotification] Notification sent { userId: [32m'user-456'[39m, type: [32m'USER_JOINED'[39m, channel: [32m'IN_APP'[39m }

[90mstdout[2m | src/services/multiUser/notification.service.test.ts[2m > [22m[2mMultiUserNotificationService[2m > [22m[2mNotification Pruning[2m > [22m[2mshould prune old notifications when limit exceeded
[22m[39m[MultiUserNotification] Notification sent { userId: [32m'user-456'[39m, type: [32m'USER_JOINED'[39m, channel: [32m'IN_APP'[39m }

[90mstdout[2m | src/services/multiUser/notification.service.test.ts[2m > [22m[2mMultiUserNotificationService[2m > [22m[2mNotification Pruning[2m > [22m[2mshould prune old notifications when limit exceeded
[22m[39m[MultiUserNotification] Notification sent { userId: [32m'user-456'[39m, type: [32m'USER_JOINED'[39m, channel: [32m'IN_APP'[39m }

[90mstdout[2m | src/services/multiUser/notification.service.test.ts[2m > [22m[2mMultiUserNotificationService[2m > [22m[2mNotification Pruning[2m > [22m[2mshould prune old notifications when limit exceeded
[22m[39m[MultiUserNotification] Notification sent { userId: [32m'user-456'[39m, type: [32m'USER_JOINED'[39m, channel: [32m'IN_APP'[39m }

[90mstdout[2m | src/services/multiUser/notification.service.test.ts[2m > [22m[2mMultiUserNotificationService[2m > [22m[2mNotification Pruning[2m > [22m[2mshould prune old notifications when limit exceeded
[22m[39m[MultiUserNotification] Notification sent { userId: [32m'user-456'[39m, type: [32m'USER_JOINED'[39m, channel: [32m'IN_APP'[39m }

[90mstdout[2m | src/services/multiUser/notification.service.test.ts[2m > [22m[2mMultiUserNotificationService[2m > [22m[2mNotification Pruning[2m > [22m[2mshould prune old notifications when limit exceeded
[22m[39m[MultiUserNotification] Notification sent { userId: [32m'user-456'[39m, type: [32m'USER_JOINED'[39m, channel: [32m'IN_APP'[39m }

[90mstdout[2m | src/services/multiUser/notification.service.test.ts[2m > [22m[2mMultiUserNotificationService[2m > [22m[2mNotification Pruning[2m > [22m[2mshould prune old notifications when limit exceeded
[22m[39m[MultiUserNotification] Notification sent { userId: [32m'user-456'[39m, type: [32m'USER_JOINED'[39m, channel: [32m'IN_APP'[39m }

[90mstdout[2m | src/services/multiUser/notification.service.test.ts[2m > [22m[2mMultiUserNotificationService[2m > [22m[2mNotification Pruning[2m > [22m[2mshould prune old notifications when limit exceeded
[22m[39m[MultiUserNotification] Notification sent { userId: [32m'user-456'[39m, type: [32m'USER_JOINED'[39m, channel: [32m'IN_APP'[39m }

[90mstdout[2m | src/services/multiUser/notification.service.test.ts[2m > [22m[2mMultiUserNotificationService[2m > [22m[2mNotification Pruning[2m > [22m[2mshould prune old notifications when limit exceeded
[22m[39m[MultiUserNotification] Notification sent { userId: [32m'user-456'[39m, type: [32m'USER_JOINED'[39m, channel: [32m'IN_APP'[39m }

[90mstdout[2m | src/services/multiUser/notification.service.test.ts[2m > [22m[2mMultiUserNotificationService[2m > [22m[2mNotification Pruning[2m > [22m[2mshould prune old notifications when limit exceeded
[22m[39m[MultiUserNotification] Notification sent { userId: [32m'user-456'[39m, type: [32m'USER_JOINED'[39m, channel: [32m'IN_APP'[39m }

[90mstdout[2m | src/services/multiUser/notification.service.test.ts[2m > [22m[2mMultiUserNotificationService[2m > [22m[2mNotification Pruning[2m > [22m[2mshould prune old notifications when limit exceeded
[22m[39m[MultiUserNotification] Notification sent { userId: [32m'user-456'[39m, type: [32m'USER_JOINED'[39m, channel: [32m'IN_APP'[39m }

[90mstdout[2m | src/services/multiUser/notification.service.test.ts[2m > [22m[2mMultiUserNotificationService[2m > [22m[2mNotification Pruning[2m > [22m[2mshould prune old notifications when limit exceeded
[22m[39m[MultiUserNotification] Notification sent { userId: [32m'user-456'[39m, type: [32m'USER_JOINED'[39m, channel: [32m'IN_APP'[39m }

[90mstdout[2m | src/services/multiUser/notification.service.test.ts[2m > [22m[2mMultiUserNotificationService[2m > [22m[2mNotification Pruning[2m > [22m[2mshould prune old notifications when limit exceeded
[22m[39m[MultiUserNotification] Notification sent { userId: [32m'user-456'[39m, type: [32m'USER_JOINED'[39m, channel: [32m'IN_APP'[39m }

[90mstdout[2m | src/services/multiUser/notification.service.test.ts[2m > [22m[2mMultiUserNotificationService[2m > [22m[2mNotification Pruning[2m > [22m[2mshould prune old notifications when limit exceeded
[22m[39m[MultiUserNotification] Notification sent { userId: [32m'user-456'[39m, type: [32m'USER_JOINED'[39m, channel: [32m'IN_APP'[39m }

[90mstdout[2m | src/services/multiUser/notification.service.test.ts[2m > [22m[2mMultiUserNotificationService[2m > [22m[2mNotification Pruning[2m > [22m[2mshould prune old notifications when limit exceeded
[22m[39m[MultiUserNotification] Notification sent { userId: [32m'user-456'[39m, type: [32m'USER_JOINED'[39m, channel: [32m'IN_APP'[39m }

[90mstdout[2m | src/services/multiUser/notification.service.test.ts[2m > [22m[2mMultiUserNotificationService[2m > [22m[2mNotification Pruning[2m > [22m[2mshould prune old notifications when limit exceeded
[22m[39m[MultiUserNotification] Notification sent { userId: [32m'user-456'[39m, type: [32m'USER_JOINED'[39m, channel: [32m'IN_APP'[39m }

[90mstdout[2m | src/services/multiUser/notification.service.test.ts[2m > [22m[2mMultiUserNotificationService[2m > [22m[2mNotification Pruning[2m > [22m[2mshould prune old notifications when limit exceeded
[22m[39m[MultiUserNotification] Notification sent { userId: [32m'user-456'[39m, type: [32m'USER_JOINED'[39m, channel: [32m'IN_APP'[39m }

[90mstdout[2m | src/services/multiUser/notification.service.test.ts[2m > [22m[2mMultiUserNotificationService[2m > [22m[2mNotification Pruning[2m > [22m[2mshould prune old notifications when limit exceeded
[22m[39m[MultiUserNotification] Notification sent { userId: [32m'user-456'[39m, type: [32m'USER_JOINED'[39m, channel: [32m'IN_APP'[39m }

[90mstdout[2m | src/services/multiUser/notification.service.test.ts[2m > [22m[2mMultiUserNotificationService[2m > [22m[2mNotification Pruning[2m > [22m[2mshould prune old notifications when limit exceeded
[22m[39m[MultiUserNotification] Notification sent { userId: [32m'user-456'[39m, type: [32m'USER_JOINED'[39m, channel: [32m'IN_APP'[39m }

[90mstdout[2m | src/services/multiUser/notification.service.test.ts[2m > [22m[2mMultiUserNotificationService[2m > [22m[2mNotification Pruning[2m > [22m[2mshould prune old notifications when limit exceeded
[22m[39m[MultiUserNotification] Notification sent { userId: [32m'user-456'[39m, type: [32m'USER_JOINED'[39m, channel: [32m'IN_APP'[39m }

[90mstdout[2m | src/services/multiUser/notification.service.test.ts[2m > [22m[2mMultiUserNotificationService[2m > [22m[2mNotification Pruning[2m > [22m[2mshould prune old notifications when limit exceeded
[22m[39m[MultiUserNotification] Notification sent { userId: [32m'user-456'[39m, type: [32m'USER_JOINED'[39m, channel: [32m'IN_APP'[39m }

[90mstdout[2m | src/services/multiUser/notification.service.test.ts[2m > [22m[2mMultiUserNotificationService[2m > [22m[2mNotification Pruning[2m > [22m[2mshould prune old notifications when limit exceeded
[22m[39m[MultiUserNotification] Notification sent { userId: [32m'user-456'[39m, type: [32m'USER_JOINED'[39m, channel: [32m'IN_APP'[39m }

[90mstdout[2m | src/services/multiUser/notification.service.test.ts[2m > [22m[2mMultiUserNotificationService[2m > [22m[2mNotification Pruning[2m > [22m[2mshould prune old notifications when limit exceeded
[22m[39m[MultiUserNotification] Notification sent { userId: [32m'user-456'[39m, type: [32m'USER_JOINED'[39m, channel: [32m'IN_APP'[39m }

[90mstdout[2m | src/services/multiUser/notification.service.test.ts[2m > [22m[2mMultiUserNotificationService[2m > [22m[2mNotification Pruning[2m > [22m[2mshould prune old notifications when limit exceeded
[22m[39m[MultiUserNotification] Notification sent { userId: [32m'user-456'[39m, type: [32m'USER_JOINED'[39m, channel: [32m'IN_APP'[39m }

[90mstdout[2m | src/services/multiUser/notification.service.test.ts[2m > [22m[2mMultiUserNotificationService[2m > [22m[2mNotification Pruning[2m > [22m[2mshould prune old notifications when limit exceeded
[22m[39m[MultiUserNotification] Notification sent { userId: [32m'user-456'[39m, type: [32m'USER_JOINED'[39m, channel: [32m'IN_APP'[39m }

[90mstdout[2m | src/services/multiUser/notification.service.test.ts[2m > [22m[2mMultiUserNotificationService[2m > [22m[2mNotification Pruning[2m > [22m[2mshould prune old notifications when limit exceeded
[22m[39m[MultiUserNotification] Notification sent { userId: [32m'user-456'[39m, type: [32m'USER_JOINED'[39m, channel: [32m'IN_APP'[39m }

[90mstdout[2m | src/services/multiUser/notification.service.test.ts[2m > [22m[2mMultiUserNotificationService[2m > [22m[2mNotification Pruning[2m > [22m[2mshould prune old notifications when limit exceeded
[22m[39m[MultiUserNotification] Notification sent { userId: [32m'user-456'[39m, type: [32m'USER_JOINED'[39m, channel: [32m'IN_APP'[39m }

[90mstdout[2m | src/services/multiUser/notification.service.test.ts[2m > [22m[2mMultiUserNotificationService[2m > [22m[2mNotification Pruning[2m > [22m[2mshould prune old notifications when limit exceeded
[22m[39m[MultiUserNotification] Notification sent { userId: [32m'user-456'[39m, type: [32m'USER_JOINED'[39m, channel: [32m'IN_APP'[39m }

[90mstdout[2m | src/services/multiUser/notification.service.test.ts[2m > [22m[2mMultiUserNotificationService[2m > [22m[2mNotification Pruning[2m > [22m[2mshould prune old notifications when limit exceeded
[22m[39m[MultiUserNotification] Notification sent { userId: [32m'user-456'[39m, type: [32m'USER_JOINED'[39m, channel: [32m'IN_APP'[39m }

[90mstdout[2m | src/services/multiUser/notification.service.test.ts[2m > [22m[2mMultiUserNotificationService[2m > [22m[2mNotification Pruning[2m > [22m[2mshould prune old notifications when limit exceeded
[22m[39m[MultiUserNotification] Notification sent { userId: [32m'user-456'[39m, type: [32m'USER_JOINED'[39m, channel: [32m'IN_APP'[39m }

[90mstdout[2m | src/services/multiUser/notification.service.test.ts[2m > [22m[2mMultiUserNotificationService[2m > [22m[2mNotification Pruning[2m > [22m[2mshould prune old notifications when limit exceeded
[22m[39m[MultiUserNotification] Notification sent { userId: [32m'user-456'[39m, type: [32m'USER_JOINED'[39m, channel: [32m'IN_APP'[39m }

[90mstdout[2m | src/services/multiUser/notification.service.test.ts[2m > [22m[2mMultiUserNotificationService[2m > [22m[2mNotification Pruning[2m > [22m[2mshould prune old notifications when limit exceeded
[22m[39m[MultiUserNotification] Notification sent { userId: [32m'user-456'[39m, type: [32m'USER_JOINED'[39m, channel: [32m'IN_APP'[39m }

[90mstdout[2m | src/services/multiUser/notification.service.test.ts[2m > [22m[2mMultiUserNotificationService[2m > [22m[2mDISC Message Quality[2m > [22m[2mshould have different messages for each DISC type
[22m[39m[MultiUserNotification] Notification sent { userId: [32m'user-D'[39m, type: [32m'KEY_ROTATION_STARTED'[39m, channel: [32m'IN_APP'[39m }

[90mstdout[2m | src/services/multiUser/notification.service.test.ts[2m > [22m[2mMultiUserNotificationService[2m > [22m[2mDISC Message Quality[2m > [22m[2mshould have different messages for each DISC type
[22m[39m[MultiUserNotification] Notification sent { userId: [32m'user-I'[39m, type: [32m'KEY_ROTATION_STARTED'[39m, channel: [32m'IN_APP'[39m }

[90mstdout[2m | src/services/multiUser/notification.service.test.ts[2m > [22m[2mMultiUserNotificationService[2m > [22m[2mDISC Message Quality[2m > [22m[2mshould have different messages for each DISC type
[22m[39m[MultiUserNotification] Notification sent { userId: [32m'user-S'[39m, type: [32m'KEY_ROTATION_STARTED'[39m, channel: [32m'IN_APP'[39m }

[90mstdout[2m | src/services/multiUser/notification.service.test.ts[2m > [22m[2mMultiUserNotificationService[2m > [22m[2mDISC Message Quality[2m > [22m[2mshould have different messages for each DISC type
[22m[39m[MultiUserNotification] Notification sent { userId: [32m'user-C'[39m, type: [32m'KEY_ROTATION_STARTED'[39m, channel: [32m'IN_APP'[39m }

 [32m✓[39m src/services/multiUser/notification.service.test.ts [2m([22m[2m41 tests[22m[2m)[22m[32m 188[2mms[22m[39m
[90mstderr[2m | src/pages/Transactions.test.tsx[2m > [22m[2mTransactions Page[2m > [22m[2mshould render page title
[22m[39m⚠️ React Router Future Flag Warning: React Router will begin wrapping state updates in `React.startTransition` in v7. You can use the `v7_startTransition` future flag to opt-in early. For more information, see https://reactrouter.com/v6/upgrading/future#v7_starttransition.
⚠️ React Router Future Flag Warning: Relative route resolution within Splat routes is changing in v7. You can use the `v7_relativeSplatPath` future flag to opt-in early. For more information, see https://reactrouter.com/v6/upgrading/future#v7_relativesplatpath.

 [32m✓[39m src/pages/Transactions.test.tsx [2m([22m[2m3 tests[22m[2m)[22m[32m 193[2mms[22m[39m
 [32m✓[39m src/features/phaseVisibility/useFeatureVisibility.test.ts [2m([22m[2m24 tests[22m[2m)[22m[32m 215[2mms[22m[39m
[90mstdout[2m | src/services/reportScheduler.service.test.ts[2m > [22m[2mReportScheduler Service[2m > [22m[2mcreateReportSchedule[2m > [22m[2mshould create a weekly report schedule
[22m[39m[ReportScheduler] Creating report schedule {
  companyId: [32m'company-123'[39m,
  userId: [32m'user-456'[39m,
  reportType: [32m'profit-loss'[39m
}

[90mstdout[2m | src/services/reportScheduler.service.test.ts[2m > [22m[2mReportScheduler Service[2m > [22m[2mcreateReportSchedule[2m > [22m[2mshould create a weekly report schedule
[22m[39m[ReportScheduler] Report schedule created {
  scheduleId: [32m'UmTXIb7agADNVoBl75vQa'[39m,
  nextRun: [35m2026-01-19T08:00:49.366Z[39m
}

[90mstdout[2m | src/services/reportScheduler.service.test.ts[2m > [22m[2mReportScheduler Service[2m > [22m[2mcreateReportSchedule[2m > [22m[2mshould validate required fields
[22m[39m[ReportScheduler] Creating report schedule {
  companyId: [32m'company-123'[39m,
  userId: [32m'user-456'[39m,
  reportType: [32m'profit-loss'[39m
}

[90mstdout[2m | src/services/reportScheduler.service.test.ts[2m > [22m[2mReportScheduler Service[2m > [22m[2mcreateReportSchedule[2m > [22m[2mshould validate email addresses
[22m[39m[ReportScheduler] Creating report schedule {
  companyId: [32m'company-123'[39m,
  userId: [32m'user-456'[39m,
  reportType: [32m'balance-sheet'[39m
}

[90mstdout[2m | src/services/reportScheduler.service.test.ts[2m > [22m[2mReportScheduler Service[2m > [22m[2mupdateReportSchedule[2m > [22m[2mshould update schedule recipients
[22m[39m[ReportScheduler] Report schedule updated { scheduleId: [32m'schedule-123'[39m }

[90mstdout[2m | src/services/reportScheduler.service.test.ts[2m > [22m[2mReportScheduler Service[2m > [22m[2mpauseReportSchedule[2m > [22m[2mshould pause an active schedule
[22m[39m[ReportScheduler] Report schedule paused { scheduleId: [32m'schedule-123'[39m, pausedBy: [32m'user-456'[39m }

[90mstdout[2m | src/services/reportScheduler.service.test.ts[2m > [22m[2mReportScheduler Service[2m > [22m[2mresumeReportSchedule[2m > [22m[2mshould resume a paused schedule and recalculate next run
[22m[39m[ReportScheduler] Report schedule resumed { scheduleId: [32m'schedule-123'[39m }

[90mstdout[2m | src/services/reportScheduler.service.test.ts[2m > [22m[2mReportScheduler Service[2m > [22m[2mdeleteReportSchedule[2m > [22m[2mshould soft delete a schedule
[22m[39m[ReportScheduler] Report schedule deleted { scheduleId: [32m'schedule-123'[39m }

 [32m✓[39m src/services/reportScheduler.service.test.ts [2m([22m[2m13 tests[22m[2m)[22m[32m 175[2mms[22m[39m
[90mstdout[2m | src/observability/__tests__/tracing.test.ts[2m > [22m[2mTracingService[2m > [22m[2mshould initialize with config
[22m[39mOpenTelemetry tracing initialized

[90mstdout[2m | src/observability/__tests__/tracing.test.ts[2m > [22m[2mTracingService[2m > [22m[2mshould start and end a span
[22m[39mOpenTelemetry tracing initialized

[90mstdout[2m | src/observability/__tests__/tracing.test.ts[2m > [22m[2mTracingService[2m > [22m[2mshould handle span with error
[22m[39mOpenTelemetry tracing initialized

[90mstdout[2m | src/observability/__tests__/tracing.test.ts[2m > [22m[2mTracingService[2m > [22m[2mshould add attributes to span
[22m[39mOpenTelemetry tracing initialized

[90mstdout[2m | src/observability/__tests__/tracing.test.ts[2m > [22m[2mTracingService[2m > [22m[2mshould add events to span
[22m[39mOpenTelemetry tracing initialized

[90mstdout[2m | src/observability/__tests__/tracing.test.ts[2m > [22m[2mTracingService[2m > [22m[2mshould trace synchronous function
[22m[39mOpenTelemetry tracing initialized

[90mstdout[2m | src/observability/__tests__/tracing.test.ts[2m > [22m[2mTracingService[2m > [22m[2mshould trace asynchronous function
[22m[39mOpenTelemetry tracing initialized

[90mstdout[2m | src/observability/__tests__/tracing.test.ts[2m > [22m[2mTracingService[2m > [22m[2mshould handle errors in traced function
[22m[39mOpenTelemetry tracing initialized

[90mstdout[2m | src/observability/__tests__/tracing.test.ts[2m > [22m[2mTracingService[2m > [22m[2mshould handle disabled tracing
[22m[39mOpenTelemetry tracing initialized

[90mstdout[2m | src/observability/__tests__/tracing.test.ts[2m > [22m[2mSyncTracer[2m > [22m[2mshould trace sync operation
[22m[39mOpenTelemetry tracing initialized

[90mstdout[2m | src/observability/__tests__/tracing.test.ts[2m > [22m[2mSyncTracer[2m > [22m[2mshould trace encryption operation
[22m[39mOpenTelemetry tracing initialized

[90mstdout[2m | src/observability/__tests__/tracing.test.ts[2m > [22m[2mSyncTracer[2m > [22m[2mshould trace decryption operation
[22m[39mOpenTelemetry tracing initialized

[90mstdout[2m | src/observability/__tests__/tracing.test.ts[2m > [22m[2mSyncTracer[2m > [22m[2mshould trace conflict resolution
[22m[39mOpenTelemetry tracing initialized

[90mstdout[2m | src/observability/__tests__/tracing.test.ts[2m > [22m[2mSyncTracer[2m > [22m[2mshould trace database operation
[22m[39mOpenTelemetry tracing initialized

[90mstdout[2m | src/observability/__tests__/tracing.test.ts[2m > [22m[2mGlobal Tracing[2m > [22m[2mshould initialize global tracing
[22m[39mOpenTelemetry tracing initialized

[90mstdout[2m | src/observability/__tests__/tracing.test.ts[2m > [22m[2mGlobal Tracing[2m > [22m[2mshould return same instance on multiple calls
[22m[39mOpenTelemetry tracing initialized

[90mstdout[2m | src/observability/__tests__/tracing.test.ts[2m > [22m[2mGlobal Tracing[2m > [22m[2mshould shutdown global tracing
[22m[39mOpenTelemetry tracing initialized

 [32m✓[39m src/observability/__tests__/tracing.test.ts [2m([22m[2m29 tests[22m[2m)[22m[32m 220[2mms[22m[39m
 [32m✓[39m src/hooks/useTransactions.test.ts [2m([22m[2m21 tests[22m[2m)[22m[33m 315[2mms[22m[39m
 [32m✓[39m src/hooks/useHelp.test.ts [2m([22m[2m24 tests[22m[2m)[22m[32m 196[2mms[22m[39m
 [32m✓[39m src/db/schema/users.schema.test.ts [2m([22m[2m55 tests[22m[2m)[22m[32m 167[2mms[22m[39m
 [32m✓[39m src/services/email/followUpTemplates.service.test.ts [2m([22m[2m33 tests[22m[2m)[22m[32m 94[2mms[22m[39m
 [32m✓[39m src/services/consolidatedInvoiceService.test.ts [2m([22m[2m20 tests[22m[2m)[22m[32m 111[2mms[22m[39m
[90mstderr[2m | src/services/barter.service.test.ts[2m > [22m[2mBarterService[2m > [22m[2mcreateBarterTransaction[2m > [22m[2mshould create a valid barter transaction with offsetting entries
[22m[39mBarter transaction warnings: [
  [32m'This transaction may require 1099-B reporting. Ensure counterparty information is complete.'[39m
]

[90mstderr[2m | src/services/barter.service.test.ts[2m > [22m[2mBarterService[2m > [22m[2mcreateBarterTransaction[2m > [22m[2mshould mark transaction as 1099-reportable when FMV >= $600
[22m[39mBarter transaction warnings: [
  [32m'This transaction may require 1099-B reporting. Ensure counterparty information is complete.'[39m
]

[90mstderr[2m | src/services/barter.service.test.ts[2m > [22m[2mBarterService[2m > [22m[2mpostBarterTransaction[2m > [22m[2mshould post a draft barter transaction
[22m[39mBarter transaction warnings: [
  [32m'This transaction may require 1099-B reporting. Ensure counterparty information is complete.'[39m
]

[90mstderr[2m | src/services/barter.service.test.ts[2m > [22m[2mBarterService[2m > [22m[2mpostBarterTransaction[2m > [22m[2mshould reject posting non-draft transaction
[22m[39mBarter transaction warnings: [
  [32m'This transaction may require 1099-B reporting. Ensure counterparty information is complete.'[39m
]

[90mstderr[2m | src/services/barter.service.test.ts[2m > [22m[2mBarterService[2m > [22m[2mvoidBarterTransaction[2m > [22m[2mshould void a barter transaction
[22m[39mBarter transaction warnings: [
  [32m'This transaction may require 1099-B reporting. Ensure counterparty information is complete.'[39m
]

[90mstderr[2m | src/services/barter.service.test.ts[2m > [22m[2mBarterService[2m > [22m[2mvoidBarterTransaction[2m > [22m[2mshould reject voiding already voided transaction
[22m[39mBarter transaction warnings: [
  [32m'This transaction may require 1099-B reporting. Ensure counterparty information is complete.'[39m
]

[90mstderr[2m | src/services/barter.service.test.ts[2m > [22m[2mBarterService[2m > [22m[2mqueryBarterTransactions[2m > [22m[2mshould query barter transactions by company
[22m[39mBarter transaction warnings: [
  [32m'This transaction may require 1099-B reporting. Ensure counterparty information is complete.'[39m
]

[90mstderr[2m | src/services/barter.service.test.ts[2m > [22m[2mBarterService[2m > [22m[2mqueryBarterTransactions[2m > [22m[2mshould filter by 1099-reportable status
[22m[39mBarter transaction warnings: [
  [32m'This transaction may require 1099-B reporting. Ensure counterparty information is complete.'[39m
]

[90mstderr[2m | src/services/barter.service.test.ts[2m > [22m[2mBarterService[2m > [22m[2mgetBarterStatistics[2m > [22m[2mshould calculate statistics correctly
[22m[39mBarter transaction warnings: [
  [32m'This transaction may require 1099-B reporting. Ensure counterparty information is complete.'[39m
]

[90mstderr[2m | src/services/barter.service.test.ts[2m > [22m[2mBarterService[2m > [22m[2mget1099BSummary[2m > [22m[2mshould generate 1099-B summary grouped by counterparty
[22m[39mBarter transaction warnings: [
  [32m'This transaction may require 1099-B reporting. Ensure counterparty information is complete.'[39m
]

[90mstderr[2m | src/services/barter.service.test.ts[2m > [22m[2mBarterService[2m > [22m[2mget1099BSummary[2m > [22m[2mshould generate 1099-B summary grouped by counterparty
[22m[39mBarter transaction warnings: [
  [32m'This transaction may require 1099-B reporting. Ensure counterparty information is complete.'[39m
]

 [32m✓[39m src/services/barter.service.test.ts [2m([22m[2m17 tests[22m[2m)[22m[32m 124[2mms[22m[39m
 [32m✓[39m src/services/hierarchyService.test.ts [2m([22m[2m50 tests[22m[2m)[22m[32m 116[2mms[22m[39m
 [32m✓[39m src/data/industryTemplates.test.ts [2m([22m[2m21 tests[22m[2m)[22m[32m 132[2mms[22m[39m
[90mstdout[2m | src/services/multiUser/audit.service.test.ts[2m > [22m[2mMultiUserAuditService[2m > [22m[2mlogEvent[2m > [22m[2mshould log audit event successfully
[22m[39m[MultiUserAudit] Audit event logged {
  eventType: [32m'USER_INVITED'[39m,
  severity: [32m'INFO'[39m,
  actorUserId: [32m'admin-789'[39m
}

[90mstderr[2m | src/services/multiUser/audit.service.test.ts[2m > [22m[2mMultiUserAuditService[2m > [22m[2mlogEvent[2m > [22m[2mshould handle logging errors gracefully
[22m[39m[MultiUserAudit] Failed to log audit event {
  eventType: [32m'USER_INVITED'[39m,
  error: Error: Database error
      at C:/Users/Admin/graceful_books/src/services/multiUser/audit.service.test.ts:72:51
      at [90mfile:///C:/Users/Admin/graceful_books/[39mnode_modules/[4m@vitest/runner[24m/dist/index.js:145:11
      at [90mfile:///C:/Users/Admin/graceful_books/[39mnode_modules/[4m@vitest/runner[24m/dist/index.js:915:26
      at [90mfile:///C:/Users/Admin/graceful_books/[39mnode_modules/[4m@vitest/runner[24m/dist/index.js:1243:20
      at new Promise (<anonymous>)
      at runWithTimeout [90m(file:///C:/Users/Admin/graceful_books/[39mnode_modules/[4m@vitest/runner[24m/dist/index.js:1209:10[90m)[39m
      at [90mfile:///C:/Users/Admin/graceful_books/[39mnode_modules/[4m@vitest/runner[24m/dist/index.js:1653:37
      at Traces.$ [90m(file:///C:/Users/Admin/graceful_books/[39mnode_modules/[4mvitest[24m/dist/chunks/traces.CCmnQaNT.js:142:27[90m)[39m
      at trace [90m(file:///C:/Users/Admin/graceful_books/[39mnode_modules/[4mvitest[24m/dist/chunks/test.B8ej_ZHS.js:239:21[90m)[39m
      at runTest [90m(file:///C:/Users/Admin/graceful_books/[39mnode_modules/[4m@vitest/runner[24m/dist/index.js:1653:12[90m)[39m
}

[90mstdout[2m | src/services/multiUser/audit.service.test.ts[2m > [22m[2mMultiUserAuditService[2m > [22m[2mlogEvent[2m > [22m[2mshould include IP address and device info
[22m[39m[MultiUserAudit] Audit event logged {
  eventType: [32m'LOGIN_SUCCESS'[39m,
  severity: [32m'INFO'[39m,
  actorUserId: [32m'user-456'[39m
}

[90mstdout[2m | src/services/multiUser/audit.service.test.ts[2m > [22m[2mMultiUserAuditService[2m > [22m[2mEvent-Specific Logging[2m > [22m[2mshould log user invitation
[22m[39m[MultiUserAudit] Audit event logged {
  eventType: [32m'USER_INVITED'[39m,
  severity: [32m'INFO'[39m,
  actorUserId: [32m'admin-789'[39m
}

[90mstdout[2m | src/services/multiUser/audit.service.test.ts[2m > [22m[2mMultiUserAuditService[2m > [22m[2mEvent-Specific Logging[2m > [22m[2mshould log user joined
[22m[39m[MultiUserAudit] Audit event logged { eventType: [32m'USER_JOINED'[39m, severity: [32m'INFO'[39m, actorUserId: [32m'user-456'[39m }

[90mstdout[2m | src/services/multiUser/audit.service.test.ts[2m > [22m[2mMultiUserAuditService[2m > [22m[2mEvent-Specific Logging[2m > [22m[2mshould log role change
[22m[39m[MultiUserAudit] Audit event logged {
  eventType: [32m'USER_ROLE_CHANGED'[39m,
  severity: [32m'WARNING'[39m,
  actorUserId: [32m'admin-789'[39m
}

[90mstdout[2m | src/services/multiUser/audit.service.test.ts[2m > [22m[2mMultiUserAuditService[2m > [22m[2mEvent-Specific Logging[2m > [22m[2mshould log permissions change
[22m[39m[MultiUserAudit] Audit event logged {
  eventType: [32m'USER_PERMISSIONS_CHANGED'[39m,
  severity: [32m'WARNING'[39m,
  actorUserId: [32m'admin-789'[39m
}

[90mstdout[2m | src/services/multiUser/audit.service.test.ts[2m > [22m[2mMultiUserAuditService[2m > [22m[2mEvent-Specific Logging[2m > [22m[2mshould log user deactivation
[22m[39m[MultiUserAudit] Audit event logged {
  eventType: [32m'USER_DEACTIVATED'[39m,
  severity: [32m'WARNING'[39m,
  actorUserId: [32m'admin-789'[39m
}

[90mstdout[2m | src/services/multiUser/audit.service.test.ts[2m > [22m[2mMultiUserAuditService[2m > [22m[2mEvent-Specific Logging[2m > [22m[2mshould log access revocation
[22m[39m[MultiUserAudit] Audit event logged {
  eventType: [32m'ACCESS_REVOKED'[39m,
  severity: [32m'CRITICAL'[39m,
  actorUserId: [32m'admin-789'[39m
}

[90mstdout[2m | src/services/multiUser/audit.service.test.ts[2m > [22m[2mMultiUserAuditService[2m > [22m[2mEvent-Specific Logging[2m > [22m[2mshould log key rotation initiated
[22m[39m[MultiUserAudit] Audit event logged {
  eventType: [32m'KEY_ROTATION_INITIATED'[39m,
  severity: [32m'WARNING'[39m,
  actorUserId: [32m'admin-789'[39m
}

[90mstdout[2m | src/services/multiUser/audit.service.test.ts[2m > [22m[2mMultiUserAuditService[2m > [22m[2mEvent-Specific Logging[2m > [22m[2mshould log key rotation completed
[22m[39m[MultiUserAudit] Audit event logged {
  eventType: [32m'KEY_ROTATION_COMPLETED'[39m,
  severity: [32m'INFO'[39m,
  actorUserId: [90mundefined[39m
}

[90mstdout[2m | src/services/multiUser/audit.service.test.ts[2m > [22m[2mMultiUserAuditService[2m > [22m[2mEvent-Specific Logging[2m > [22m[2mshould log key rotation failed
[22m[39m[MultiUserAudit] Audit event logged {
  eventType: [32m'KEY_ROTATION_FAILED'[39m,
  severity: [32m'ERROR'[39m,
  actorUserId: [90mundefined[39m
}

[90mstdout[2m | src/services/multiUser/audit.service.test.ts[2m > [22m[2mMultiUserAuditService[2m > [22m[2mEvent-Specific Logging[2m > [22m[2mshould log session created
[22m[39m[MultiUserAudit] Audit event logged {
  eventType: [32m'SESSION_CREATED'[39m,
  severity: [32m'INFO'[39m,
  actorUserId: [32m'user-456'[39m
}

[90mstdout[2m | src/services/multiUser/audit.service.test.ts[2m > [22m[2mMultiUserAuditService[2m > [22m[2mEvent-Specific Logging[2m > [22m[2mshould log session invalidated
[22m[39m[MultiUserAudit] Audit event logged {
  eventType: [32m'SESSION_INVALIDATED'[39m,
  severity: [32m'WARNING'[39m,
  actorUserId: [32m'user-456'[39m
}

[90mstdout[2m | src/services/multiUser/audit.service.test.ts[2m > [22m[2mMultiUserAuditService[2m > [22m[2mEvent-Specific Logging[2m > [22m[2mshould log successful login
[22m[39m[MultiUserAudit] Audit event logged {
  eventType: [32m'LOGIN_SUCCESS'[39m,
  severity: [32m'INFO'[39m,
  actorUserId: [32m'user-456'[39m
}

[90mstdout[2m | src/services/multiUser/audit.service.test.ts[2m > [22m[2mMultiUserAuditService[2m > [22m[2mEvent-Specific Logging[2m > [22m[2mshould log failed login
[22m[39m[MultiUserAudit] Audit event logged {
  eventType: [32m'LOGIN_FAILED'[39m,
  severity: [32m'WARNING'[39m,
  actorUserId: [90mundefined[39m
}

[90mstdout[2m | src/services/multiUser/audit.service.test.ts[2m > [22m[2mMultiUserAuditService[2m > [22m[2mEvent-Specific Logging[2m > [22m[2mshould log data export
[22m[39m[MultiUserAudit] Audit event logged {
  eventType: [32m'DATA_EXPORTED'[39m,
  severity: [32m'WARNING'[39m,
  actorUserId: [32m'user-456'[39m
}

[90mstderr[2m | src/services/multiUser/audit.service.test.ts[2m > [22m[2mMultiUserAuditService[2m > [22m[2mqueryLogs[2m > [22m[2mshould handle query errors gracefully
[22m[39m[MultiUserAudit] Failed to query audit logs {
  filters: { companyId: [32m'company-123'[39m },
  error: Error: Database error
      at Object.<anonymous> (C:/Users/Admin/graceful_books/src/services/multiUser/audit.service.test.ts:462:15)
      at Object.Mock [as orderBy] [90m(file:///C:/Users/Admin/graceful_books/[39mnode_modules/[4m@vitest/spy[24m/dist/index.js:285:34[90m)[39m
      at MultiUserAuditService.queryLogs (C:/Users/Admin/graceful_books/src/services/multiUser/audit.service.ts:529:37)
      at C:/Users/Admin/graceful_books/src/services/multiUser/audit.service.test.ts:465:36
      at [90mfile:///C:/Users/Admin/graceful_books/[39mnode_modules/[4m@vitest/runner[24m/dist/index.js:145:11
      at [90mfile:///C:/Users/Admin/graceful_books/[39mnode_modules/[4m@vitest/runner[24m/dist/index.js:915:26
      at [90mfile:///C:/Users/Admin/graceful_books/[39mnode_modules/[4m@vitest/runner[24m/dist/index.js:1243:20
      at new Promise (<anonymous>)
      at runWithTimeout [90m(file:///C:/Users/Admin/graceful_books/[39mnode_modules/[4m@vitest/runner[24m/dist/index.js:1209:10[90m)[39m
      at [90mfile:///C:/Users/Admin/graceful_books/[39mnode_modules/[4m@vitest/runner[24m/dist/index.js:1653:37
}

[90mstdout[2m | src/services/multiUser/audit.service.test.ts[2m > [22m[2mMultiUserAuditService[2m > [22m[2mcleanupOldLogs[2m > [22m[2mshould mark old logs as deleted
[22m[39m[MultiUserAudit] Cleaned up old audit logs { count: [33m1[39m, cutoffDate: [33m1548050125787[39m }

[90mstderr[2m | src/services/multiUser/audit.service.test.ts[2m > [22m[2mMultiUserAuditService[2m > [22m[2mcleanupOldLogs[2m > [22m[2mshould handle cleanup errors gracefully
[22m[39m[MultiUserAudit] Failed to clean up old audit logs {
  error: Error: Database error
      at Object.<anonymous> (C:/Users/Admin/graceful_books/src/services/multiUser/audit.service.test.ts:608:15)
      at Object.Mock [as where] [90m(file:///C:/Users/Admin/graceful_books/[39mnode_modules/[4m@vitest/spy[24m/dist/index.js:285:34[90m)[39m
      at MultiUserAuditService.cleanupOldLogs (C:/Users/Admin/graceful_books/src/services/multiUser/audit.service.ts:699:10)
      at C:/Users/Admin/graceful_books/src/services/multiUser/audit.service.test.ts:611:35
      at [90mfile:///C:/Users/Admin/graceful_books/[39mnode_modules/[4m@vitest/runner[24m/dist/index.js:145:11
      at [90mfile:///C:/Users/Admin/graceful_books/[39mnode_modules/[4m@vitest/runner[24m/dist/index.js:915:26
      at [90mfile:///C:/Users/Admin/graceful_books/[39mnode_modules/[4m@vitest/runner[24m/dist/index.js:1243:20
      at new Promise (<anonymous>)
      at runWithTimeout [90m(file:///C:/Users/Admin/graceful_books/[39mnode_modules/[4m@vitest/runner[24m/dist/index.js:1209:10[90m)[39m
      at [90mfile:///C:/Users/Admin/graceful_books/[39mnode_modules/[4m@vitest/runner[24m/dist/index.js:1653:37
}

[90mstdout[2m | src/services/multiUser/audit.service.test.ts[2m > [22m[2mMultiUserAuditService[2m > [22m[2mexportForCompliance[2m > [22m[2mshould export logs as CSV
[22m[39m[MultiUserAudit] Audit event logged {
  eventType: [32m'DATA_EXPORTED'[39m,
  severity: [32m'WARNING'[39m,
  actorUserId: [32m'SYSTEM'[39m
}

[90mstderr[2m | src/services/multiUser/audit.service.test.ts[2m > [22m[2mMultiUserAuditService[2m > [22m[2mexportForCompliance[2m > [22m[2mshould handle export errors gracefully
[22m[39m[MultiUserAudit] Failed to export audit logs {
  companyId: [32m'company-123'[39m,
  error: Error: Database error
      at Object.<anonymous> (C:/Users/Admin/graceful_books/src/services/multiUser/audit.service.test.ts:661:15)
      at Object.Mock [as where] [90m(file:///C:/Users/Admin/graceful_books/[39mnode_modules/[4m@vitest/spy[24m/dist/index.js:285:34[90m)[39m
      at MultiUserAuditService.exportForCompliance (C:/Users/Admin/graceful_books/src/services/multiUser/audit.service.ts:736:10)
      at C:/Users/Admin/graceful_books/src/services/multiUser/audit.service.test.ts:664:33
      at [90mfile:///C:/Users/Admin/graceful_books/[39mnode_modules/[4m@vitest/runner[24m/dist/index.js:145:11
      at [90mfile:///C:/Users/Admin/graceful_books/[39mnode_modules/[4m@vitest/runner[24m/dist/index.js:915:26
      at [90mfile:///C:/Users/Admin/graceful_books/[39mnode_modules/[4m@vitest/runner[24m/dist/index.js:1243:20
      at new Promise (<anonymous>)
      at runWithTimeout [90m(file:///C:/Users/Admin/graceful_books/[39mnode_modules/[4m@vitest/runner[24m/dist/index.js:1209:10[90m)[39m
      at [90mfile:///C:/Users/Admin/graceful_books/[39mnode_modules/[4m@vitest/runner[24m/dist/index.js:1653:37
}

 [32m✓[39m src/services/multiUser/audit.service.test.ts [2m([22m[2m31 tests[22m[2m)[22m[32m 155[2mms[22m[39m
 [32m✓[39m src/utils/secureStorage.test.ts [2m([22m[2m41 tests[22m[2m)[22m[32m 110[2mms[22m[39m
 [32m✓[39m src/__tests__/utils/errorSanitizer.test.ts [2m([22m[2m49 tests[22m[2m)[22m[32m 138[2mms[22m[39m
 [32m✓[39m relay/src/__tests__/relay.test.ts [2m([22m[2m16 tests[22m[2m)[22m[32m 149[2mms[22m[39m
 [32m✓[39m src/services/reports/profitLoss.test.ts [2m([22m[2m23 tests[22m[2m)[22m[32m 144[2mms[22m[39m
 [32m✓[39m src/services/recurringInvoiceService.test.ts [2m([22m[2m34 tests[22m[2m)[22m[32m 94[2mms[22m[39m
 [32m✓[39m src/store/users.test.ts [2m([22m[2m34 tests[22m[2m)[22m[32m 85[2mms[22m[39m
 [32m✓[39m src/utils/metricsCalculation.test.ts [2m([22m[2m35 tests[22m[2m)[22m[32m 120[2mms[22m[39m
 [32m✓[39m src/services/journalEntries.service.test.ts [2m([22m[2m20 tests[22m[2m)[22m[32m 97[2mms[22m[39m
 [32m✓[39m src/hooks/useDashboardMetrics.test.ts [2m([22m[2m8 tests[22m[2m)[22m[32m 119[2mms[22m[39m
[90mstdout[2m | src/utils/parsers/matchingAlgorithm.test.ts[2m > [22m[2mTransaction Matching Algorithm[2m > [22m[2mmatchTransactions[2m > [22m[2mshould match transactions with exact date and amount
[22m[39mAuto-matching completed {
  statementCount: [33m1[39m,
  systemCount: [33m1[39m,
  matchedCount: [33m1[39m,
  matchRate: [32m'100.0%'[39m
}

[90mstdout[2m | src/utils/parsers/matchingAlgorithm.test.ts[2m > [22m[2mTransaction Matching Algorithm[2m > [22m[2mmatchTransactions[2m > [22m[2mshould not match transactions with different amounts
[22m[39mAuto-matching completed {
  statementCount: [33m1[39m,
  systemCount: [33m1[39m,
  matchedCount: [33m0[39m,
  matchRate: [32m'0.0%'[39m
}

[90mstdout[2m | src/utils/parsers/matchingAlgorithm.test.ts[2m > [22m[2mTransaction Matching Algorithm[2m > [22m[2mmatchTransactions[2m > [22m[2mshould match transactions with dates within tolerance
[22m[39mAuto-matching completed {
  statementCount: [33m1[39m,
  systemCount: [33m1[39m,
  matchedCount: [33m1[39m,
  matchRate: [32m'100.0%'[39m
}

[90mstdout[2m | src/utils/parsers/matchingAlgorithm.test.ts[2m > [22m[2mTransaction Matching Algorithm[2m > [22m[2mmatchTransactions[2m > [22m[2mshould skip already reconciled transactions
[22m[39mAuto-matching completed {
  statementCount: [33m1[39m,
  systemCount: [33m1[39m,
  matchedCount: [33m0[39m,
  matchRate: [32m'0.0%'[39m
}

[90mstdout[2m | src/utils/parsers/matchingAlgorithm.test.ts[2m > [22m[2mTransaction Matching Algorithm[2m > [22m[2mmatchTransactions[2m > [22m[2mshould handle multiple potential matches and select best
[22m[39mAuto-matching completed {
  statementCount: [33m1[39m,
  systemCount: [33m2[39m,
  matchedCount: [33m1[39m,
  matchRate: [32m'100.0%'[39m
}

[90mstdout[2m | src/utils/parsers/matchingAlgorithm.test.ts[2m > [22m[2mTransaction Matching Algorithm[2m > [22m[2mmatchTransactions[2m > [22m[2mshould handle large numbers of transactions efficiently
[22m[39mAuto-matching completed {
  statementCount: [33m500[39m,
  systemCount: [33m500[39m,
  matchedCount: [33m500[39m,
  matchRate: [32m'100.0%'[39m
}

 [32m✓[39m src/utils/parsers/matchingAlgorithm.test.ts [2m([22m[2m8 tests[22m[2m)[22m[32m 114[2mms[22m[39m
 [32m✓[39m src/services/currency.service.test.ts [2m([22m[2m35 tests[22m[2m)[22m[32m 64[2mms[22m[39m
 [32m✓[39m src/store/receipts.test.ts [2m([22m[2m8 tests[22m[2m)[22m[32m 55[2mms[22m[39m
 [32m✓[39m src/observability/__tests__/metrics.test.ts [2m([22m[2m28 tests[22m[2m)[22m[32m 87[2mms[22m[39m
 [32m✓[39m scripts/benchmark-build.test.js [2m([22m[2m9 tests[22m[2m)[22m[32m 98[2mms[22m[39m
 [32m✓[39m src/features/checklist/checklistGenerator.test.ts [2m([22m[2m27 tests[22m[2m)[22m[32m 80[2mms[22m[39m
[90mstderr[2m | src/__tests__/api/cspReportHandler.test.ts[2m > [22m[2mCSP Report Handler[2m > [22m[2mcspReportRateLimiter[2m > [22m[2mshould track different sources independently
[22m[39m[CSP Report Rate Limit] Exceeded for source: source-a

[90mstderr[2m | src/__tests__/api/cspReportHandler.test.ts[2m > [22m[2mCSP Report Handler[2m > [22m[2mcspReportRateLimiter[2m > [22m[2mshould reset state correctly
[22m[39m[CSP Report Rate Limit] Exceeded for source: reset-test

[90mstderr[2m | src/__tests__/api/cspReportHandler.test.ts[2m > [22m[2mCSP Report Handler[2m > [22m[2mhandleCSPReport[2m > [22m[2mshould process valid legacy reports
[22m[39m[CSP Violation] {
  directive: [32m'script-src'[39m,
  blockedDomain: [32m'evil.com'[39m,
  resourceType: [32m'script'[39m,
  disposition: [32m'enforce'[39m
}

[90mstderr[2m | src/__tests__/api/cspReportHandler.test.ts[2m > [22m[2mCSP Report Handler[2m > [22m[2mhandleCSPReport[2m > [22m[2mshould process valid Reporting API reports
[22m[39m[CSP Violation] {
  directive: [32m'script-src'[39m,
  blockedDomain: [32m'evil.com'[39m,
  resourceType: [32m'script'[39m,
  disposition: [32m'enforce'[39m
}

[90mstderr[2m | src/__tests__/api/cspReportHandler.test.ts[2m > [22m[2mCSP Report Handler[2m > [22m[2mhandleCSPReport[2m > [22m[2mshould return null when rate limited
[22m[39m[CSP Violation] {
  directive: [32m'script-src'[39m,
  blockedDomain: [32m'evil.com'[39m,
  resourceType: [32m'script'[39m,
  disposition: [32m'enforce'[39m
}
[CSP Violation] {
  directive: [32m'script-src'[39m,
  blockedDomain: [32m'evil.com'[39m,
  resourceType: [32m'script'[39m,
  disposition: [32m'enforce'[39m
}
[CSP Violation] {
  directive: [32m'script-src'[39m,
  blockedDomain: [32m'evil.com'[39m,
  resourceType: [32m'script'[39m,
  disposition: [32m'enforce'[39m
}
[CSP Violation] {
  directive: [32m'script-src'[39m,
  blockedDomain: [32m'evil.com'[39m,
  resourceType: [32m'script'[39m,
  disposition: [32m'enforce'[39m
}
[CSP Violation] {
  directive: [32m'script-src'[39m,
  blockedDomain: [32m'evil.com'[39m,
  resourceType: [32m'script'[39m,
  disposition: [32m'enforce'[39m
}
[CSP Violation] {
  directive: [32m'script-src'[39m,
  blockedDomain: [32m'evil.com'[39m,
  resourceType: [32m'script'[39m,
  disposition: [32m'enforce'[39m
}
[CSP Violation] {
  directive: [32m'script-src'[39m,
  blockedDomain: [32m'evil.com'[39m,
  resourceType: [32m'script'[39m,
  disposition: [32m'enforce'[39m
}
[CSP Violation] {
  directive: [32m'script-src'[39m,
  blockedDomain: [32m'evil.com'[39m,
  resourceType: [32m'script'[39m,
  disposition: [32m'enforce'[39m
}
[CSP Violation] {
  directive: [32m'script-src'[39m,
  blockedDomain: [32m'evil.com'[39m,
  resourceType: [32m'script'[39m,
  disposition: [32m'enforce'[39m
}
[CSP Violation] {
  directive: [32m'script-src'[39m,
  blockedDomain: [32m'evil.com'[39m,
  resourceType: [32m'script'[39m,
  disposition: [32m'enforce'[39m
}
[CSP Violation] {
  directive: [32m'script-src'[39m,
  blockedDomain: [32m'evil.com'[39m,
  resourceType: [32m'script'[39m,
  disposition: [32m'enforce'[39m
}
[CSP Violation] {
  directive: [32m'script-src'[39m,
  blockedDomain: [32m'evil.com'[39m,
  resourceType: [32m'script'[39m,
  disposition: [32m'enforce'[39m
}
[CSP Violation] {
  directive: [32m'script-src'[39m,
  blockedDomain: [32m'evil.com'[39m,
  resourceType: [32m'script'[39m,
  disposition: [32m'enforce'[39m
}
[CSP Violation] {
  directive: [32m'script-src'[39m,
  blockedDomain: [32m'evil.com'[39m,
  resourceType: [32m'script'[39m,
  disposition: [32m'enforce'[39m
}
[CSP Violation] {
  directive: [32m'script-src'[39m,
  blockedDomain: [32m'evil.com'[39m,
  resourceType: [32m'script'[39m,
  disposition: [32m'enforce'[39m
}
[CSP Violation] {
  directive: [32m'script-src'[39m,
  blockedDomain: [32m'evil.com'[39m,
  resourceType: [32m'script'[39m,
  disposition: [32m'enforce'[39m
}
[CSP Violation] {
  directive: [32m'script-src'[39m,
  blockedDomain: [32m'evil.com'[39m,
  resourceType: [32m'script'[39m,
  disposition: [32m'enforce'[39m
}
[CSP Violation] {
  directive: [32m'script-src'[39m,
  blockedDomain: [32m'evil.com'[39m,
  resourceType: [32m'script'[39m,
  disposition: [32m'enforce'[39m
}
[CSP Violation] {
  directive: [32m'script-src'[39m,
  blockedDomain: [32m'evil.com'[39m,
  resourceType: [32m'script'[39m,
  disposition: [32m'enforce'[39m
}
[CSP Violation] {
  directive: [32m'script-src'[39m,
  blockedDomain: [32m'evil.com'[39m,
  resourceType: [32m'script'[39m,
  disposition: [32m'enforce'[39m
}
[CSP Violation] {
  directive: [32m'script-src'[39m,
  blockedDomain: [32m'evil.com'[39m,
  resourceType: [32m'script'[39m,
  disposition: [32m'enforce'[39m
}
[CSP Violation] {
  directive: [32m'script-src'[39m,
  blockedDomain: [32m'evil.com'[39m,
  resourceType: [32m'script'[39m,
  disposition: [32m'enforce'[39m
}
[CSP Violation] {
  directive: [32m'script-src'[39m,
  blockedDomain: [32m'evil.com'[39m,
  resourceType: [32m'script'[39m,
  disposition: [32m'enforce'[39m
}
[CSP Violation] {
  directive: [32m'script-src'[39m,
  blockedDomain: [32m'evil.com'[39m,
  resourceType: [32m'script'[39m,
  disposition: [32m'enforce'[39m
}
[CSP Violation] {
  directive: [32m'script-src'[39m,
  blockedDomain: [32m'evil.com'[39m,
  resourceType: [32m'script'[39m,
  disposition: [32m'enforce'[39m
}
[CSP Violation] {
  directive: [32m'script-src'[39m,
  blockedDomain: [32m'evil.com'[39m,
  resourceType: [32m'script'[39m,
  disposition: [32m'enforce'[39m
}
[CSP Violation] {
  directive: [32m'script-src'[39m,
  blockedDomain: [32m'evil.com'[39m,
  resourceType: [32m'script'[39m,
  disposition: [32m'enforce'[39m
}
[CSP Violation] {
  directive: [32m'script-src'[39m,
  blockedDomain: [32m'evil.com'[39m,
  resourceType: [32m'script'[39m,
  disposition: [32m'enforce'[39m
}
[CSP Violation] {
  directive: [32m'script-src'[39m,
  blockedDomain: [32m'evil.com'[39m,
  resourceType: [32m'script'[39m,
  disposition: [32m'enforce'[39m
}
[CSP Violation] {
  directive: [32m'script-src'[39m,
  blockedDomain: [32m'evil.com'[39m,
  resourceType: [32m'script'[39m,
  disposition: [32m'enforce'[39m
}
[CSP Violation] {
  directive: [32m'script-src'[39m,
  blockedDomain: [32m'evil.com'[39m,
  resourceType: [32m'script'[39m,
  disposition: [32m'enforce'[39m
}
[CSP Violation] {
  directive: [32m'script-src'[39m,
  blockedDomain: [32m'evil.com'[39m,
  resourceType: [32m'script'[39m,
  disposition: [32m'enforce'[39m
}
[CSP Violation] {
  directive: [32m'script-src'[39m,
  blockedDomain: [32m'evil.com'[39m,
  resourceType: [32m'script'[39m,
  disposition: [32m'enforce'[39m
}
[CSP Violation] {
  directive: [32m'script-src'[39m,
  blockedDomain: [32m'evil.com'[39m,
  resourceType: [32m'script'[39m,
  disposition: [32m'enforce'[39m
}
[CSP Violation] {
  directive: [32m'script-src'[39m,
  blockedDomain: [32m'evil.com'[39m,
  resourceType: [32m'script'[39m,
  disposition: [32m'enforce'[39m
}
[CSP Violation] {
  directive: [32m'script-src'[39m,
  blockedDomain: [32m'evil.com'[39m,
  resourceType: [32m'script'[39m,
  disposition: [32m'enforce'[39m
}
[CSP Violation] {
  directive: [32m'script-src'[39m,
  blockedDomain: [32m'evil.com'[39m,
  resourceType: [32m'script'[39m,
  disposition: [32m'enforce'[39m
}
[CSP Violation] {
  directive: [32m'script-src'[39m,
  blockedDomain: [32m'evil.com'[39m,
  resourceType: [32m'script'[39m,
  disposition: [32m'enforce'[39m
}
[CSP Violation] {
  directive: [32m'script-src'[39m,
  blockedDomain: [32m'evil.com'[39m,
  resourceType: [32m'script'[39m,
  disposition: [32m'enforce'[39m
}
[CSP Violation] {
  directive: [32m'script-src'[39m,
  blockedDomain: [32m'evil.com'[39m,
  resourceType: [32m'script'[39m,
  disposition: [32m'enforce'[39m
}
[CSP Violation] {
  directive: [32m'script-src'[39m,
  blockedDomain: [32m'evil.com'[39m,
  resourceType: [32m'script'[39m,
  disposition: [32m'enforce'[39m
}
[CSP Violation] {
  directive: [32m'script-src'[39m,
  blockedDomain: [32m'evil.com'[39m,
  resourceType: [32m'script'[39m,
  disposition: [32m'enforce'[39m
}
[CSP Violation] {
  directive: [32m'script-src'[39m,
  blockedDomain: [32m'evil.com'[39m,
  resourceType: [32m'script'[39m,
  disposition: [32m'enforce'[39m
}
[CSP Violation] {
  directive: [32m'script-src'[39m,
  blockedDomain: [32m'evil.com'[39m,
  resourceType: [32m'script'[39m,
  disposition: [32m'enforce'[39m
}
[CSP Violation] {
  directive: [32m'script-src'[39m,
  blockedDomain: [32m'evil.com'[39m,
  resourceType: [32m'script'[39m,
  disposition: [32m'enforce'[39m
}
[CSP Violation] {
  directive: [32m'script-src'[39m,
  blockedDomain: [32m'evil.com'[39m,
  resourceType: [32m'script'[39m,
  disposition: [32m'enforce'[39m
}
[CSP Violation] {
  directive: [32m'script-src'[39m,
  blockedDomain: [32m'evil.com'[39m,
  resourceType: [32m'script'[39m,
  disposition: [32m'enforce'[39m
}
[CSP Violation] {
  directive: [32m'script-src'[39m,
  blockedDomain: [32m'evil.com'[39m,
  resourceType: [32m'script'[39m,
  disposition: [32m'enforce'[39m
}
[CSP Violation] {
  directive: [32m'script-src'[39m,
  blockedDomain: [32m'evil.com'[39m,
  resourceType: [32m'script'[39m,
  disposition: [32m'enforce'[39m
}
[CSP Violation] {
  directive: [32m'script-src'[39m,
  blockedDomain: [32m'evil.com'[39m,
  resourceType: [32m'script'[39m,
  disposition: [32m'enforce'[39m
}
[CSP Violation] {
  directive: [32m'script-src'[39m,
  blockedDomain: [32m'evil.com'[39m,
  resourceType: [32m'script'[39m,
  disposition: [32m'enforce'[39m
}
[CSP Violation] {
  directive: [32m'script-src'[39m,
  blockedDomain: [32m'evil.com'[39m,
  resourceType: [32m'script'[39m,
  disposition: [32m'enforce'[39m
}
[CSP Violation] {
  directive: [32m'script-src'[39m,
  blockedDomain: [32m'evil.com'[39m,
  resourceType: [32m'script'[39m,
  disposition: [32m'enforce'[39m
}
[CSP Violation] {
  directive: [32m'script-src'[39m,
  blockedDomain: [32m'evil.com'[39m,
  resourceType: [32m'script'[39m,
  disposition: [32m'enforce'[39m
}
[CSP Violation] {
  directive: [32m'script-src'[39m,
  blockedDomain: [32m'evil.com'[39m,
  resourceType: [32m'script'[39m,
  disposition: [32m'enforce'[39m
}
[CSP Violation] {
  directive: [32m'script-src'[39m,
  blockedDomain: [32m'evil.com'[39m,
  resourceType: [32m'script'[39m,
  disposition: [32m'enforce'[39m
}
[CSP Violation] {
  directive: [32m'script-src'[39m,
  blockedDomain: [32m'evil.com'[39m,
  resourceType: [32m'script'[39m,
  disposition: [32m'enforce'[39m
}
[CSP Violation] {
  directive: [32m'script-src'[39m,
  blockedDomain: [32m'evil.com'[39m,
  resourceType: [32m'script'[39m,
  disposition: [32m'enforce'[39m
}
[CSP Violation] {
  directive: [32m'script-src'[39m,
  blockedDomain: [32m'evil.com'[39m,
  resourceType: [32m'script'[39m,
  disposition: [32m'enforce'[39m
}
[CSP Violation] {
  directive: [32m'script-src'[39m,
  blockedDomain: [32m'evil.com'[39m,
  resourceType: [32m'script'[39m,
  disposition: [32m'enforce'[39m
}
[CSP Violation] {
  directive: [32m'script-src'[39m,
  blockedDomain: [32m'evil.com'[39m,
  resourceType: [32m'script'[39m,
  disposition: [32m'enforce'[39m
}
[CSP Violation] {
  directive: [32m'script-src'[39m,
  blockedDomain: [32m'evil.com'[39m,
  resourceType: [32m'script'[39m,
  disposition: [32m'enforce'[39m
}
[CSP Violation] {
  directive: [32m'script-src'[39m,
  blockedDomain: [32m'evil.com'[39m,
  resourceType: [32m'script'[39m,
  disposition: [32m'enforce'[39m
}
[CSP Violation] {
  directive: [32m'script-src'[39m,
  blockedDomain: [32m'evil.com'[39m,
  resourceType: [32m'script'[39m,
  disposition: [32m'enforce'[39m
}
[CSP Violation] {
  directive: [32m'script-src'[39m,
  blockedDomain: [32m'evil.com'[39m,
  resourceType: [32m'script'[39m,
  disposition: [32m'enforce'[39m
}
[CSP Violation] {
  directive: [32m'script-src'[39m,
  blockedDomain: [32m'evil.com'[39m,
  resourceType: [32m'script'[39m,
  disposition: [32m'enforce'[39m
}
[CSP Violation] {
  directive: [32m'script-src'[39m,
  blockedDomain: [32m'evil.com'[39m,
  resourceType: [32m'script'[39m,
  disposition: [32m'enforce'[39m
}
[CSP Violation] {
  directive: [32m'script-src'[39m,
  blockedDomain: [32m'evil.com'[39m,
  resourceType: [32m'script'[39m,
  disposition: [32m'enforce'[39m
}
[CSP Violation] {
  directive: [32m'script-src'[39m,
  blockedDomain: [32m'evil.com'[39m,
  resourceType: [32m'script'[39m,
  disposition: [32m'enforce'[39m
}
[CSP Violation] {
  directive: [32m'script-src'[39m,
  blockedDomain: [32m'evil.com'[39m,
  resourceType: [32m'script'[39m,
  disposition: [32m'enforce'[39m
}
[CSP Violation] {
  directive: [32m'script-src'[39m,
  blockedDomain: [32m'evil.com'[39m,
  resourceType: [32m'script'[39m,
  disposition: [32m'enforce'[39m
}
[CSP Violation] {
  directive: [32m'script-src'[39m,
  blockedDomain: [32m'evil.com'[39m,
  resourceType: [32m'script'[39m,
  disposition: [32m'enforce'[39m
}
[CSP Violation] {
  directive: [32m'script-src'[39m,
  blockedDomain: [32m'evil.com'[39m,
  resourceType: [32m'script'[39m,
  disposition: [32m'enforce'[39m
}
[CSP Violation] {
  directive: [32m'script-src'[39m,
  blockedDomain: [32m'evil.com'[39m,
  resourceType: [32m'script'[39m,
  disposition: [32m'enforce'[39m
}
[CSP Violation] {
  directive: [32m'script-src'[39m,
  blockedDomain: [32m'evil.com'[39m,
  resourceType: [32m'script'[39m,
  disposition: [32m'enforce'[39m
}
[CSP Violation] {
  directive: [32m'script-src'[39m,
  blockedDomain: [32m'evil.com'[39m,
  resourceType: [32m'script'[39m,
  disposition: [32m'enforce'[39m
}
[CSP Violation] {
  directive: [32m'script-src'[39m,
  blockedDomain: [32m'evil.com'[39m,
  resourceType: [32m'script'[39m,
  disposition: [32m'enforce'[39m
}
[CSP Violation] {
  directive: [32m'script-src'[39m,
  blockedDomain: [32m'evil.com'[39m,
  resourceType: [32m'script'[39m,
  disposition: [32m'enforce'[39m
}
[CSP Violation] {
  directive: [32m'script-src'[39m,
  blockedDomain: [32m'evil.com'[39m,
  resourceType: [32m'script'[39m,
  disposition: [32m'enforce'[39m
}
[CSP Violation] {
  directive: [32m'script-src'[39m,
  blockedDomain: [32m'evil.com'[39m,
  resourceType: [32m'script'[39m,
  disposition: [32m'enforce'[39m
}
[CSP Violation] {
  directive: [32m'script-src'[39m,
  blockedDomain: [32m'evil.com'[39m,
  resourceType: [32m'script'[39m,
  disposition: [32m'enforce'[39m
}
[CSP Violation] {
  directive: [32m'script-src'[39m,
  blockedDomain: [32m'evil.com'[39m,
  resourceType: [32m'script'[39m,
  disposition: [32m'enforce'[39m
}
[CSP Violation] {
  directive: [32m'script-src'[39m,
  blockedDomain: [32m'evil.com'[39m,
  resourceType: [32m'script'[39m,
  disposition: [32m'enforce'[39m
}
[CSP Violation] {
  directive: [32m'script-src'[39m,
  blockedDomain: [32m'evil.com'[39m,
  resourceType: [32m'script'[39m,
  disposition: [32m'enforce'[39m
}
[CSP Violation] {
  directive: [32m'script-src'[39m,
  blockedDomain: [32m'evil.com'[39m,
  resourceType: [32m'script'[39m,
  disposition: [32m'enforce'[39m
}
[CSP Violation] {
  directive: [32m'script-src'[39m,
  blockedDomain: [32m'evil.com'[39m,
  resourceType: [32m'script'[39m,
  disposition: [32m'enforce'[39m
}
[CSP Violation] {
  directive: [32m'script-src'[39m,
  blockedDomain: [32m'evil.com'[39m,
  resourceType: [32m'script'[39m,
  disposition: [32m'enforce'[39m
}
[CSP Violation] {
  directive: [32m'script-src'[39m,
  blockedDomain: [32m'evil.com'[39m,
  resourceType: [32m'script'[39m,
  disposition: [32m'enforce'[39m
}
[CSP Violation] {
  directive: [32m'script-src'[39m,
  blockedDomain: [32m'evil.com'[39m,
  resourceType: [32m'script'[39m,
  disposition: [32m'enforce'[39m
}
[CSP Violation] {
  directive: [32m'script-src'[39m,
  blockedDomain: [32m'evil.com'[39m,
  resourceType: [32m'script'[39m,
  disposition: [32m'enforce'[39m
}
[CSP Violation] {
  directive: [32m'script-src'[39m,
  blockedDomain: [32m'evil.com'[39m,
  resourceType: [32m'script'[39m,
  disposition: [32m'enforce'[39m
}
[CSP Violation] {
  directive: [32m'script-src'[39m,
  blockedDomain: [32m'evil.com'[39m,
  resourceType: [32m'script'[39m,
  disposition: [32m'enforce'[39m
}
[CSP Violation] {
  directive: [32m'script-src'[39m,
  blockedDomain: [32m'evil.com'[39m,
  resourceType: [32m'script'[39m,
  disposition: [32m'enforce'[39m
}
[CSP Violation] {
  directive: [32m'script-src'[39m,
  blockedDomain: [32m'evil.com'[39m,
  resourceType: [32m'script'[39m,
  disposition: [32m'enforce'[39m
}
[CSP Violation] {
  directive: [32m'script-src'[39m,
  blockedDomain: [32m'evil.com'[39m,
  resourceType: [32m'script'[39m,
  disposition: [32m'enforce'[39m
}
[CSP Violation] {
  directive: [32m'script-src'[39m,
  blockedDomain: [32m'evil.com'[39m,
  resourceType: [32m'script'[39m,
  disposition: [32m'enforce'[39m
}
[CSP Violation] {
  directive: [32m'script-src'[39m,
  blockedDomain: [32m'evil.com'[39m,
  resourceType: [32m'script'[39m,
  disposition: [32m'enforce'[39m
}
[CSP Violation] {
  directive: [32m'script-src'[39m,
  blockedDomain: [32m'evil.com'[39m,
  resourceType: [32m'script'[39m,
  disposition: [32m'enforce'[39m
}
[CSP Violation] {
  directive: [32m'script-src'[39m,
  blockedDomain: [32m'evil.com'[39m,
  resourceType: [32m'script'[39m,
  disposition: [32m'enforce'[39m
}
[CSP Violation] {
  directive: [32m'script-src'[39m,
  blockedDomain: [32m'evil.com'[39m,
  resourceType: [32m'script'[39m,
  disposition: [32m'enforce'[39m
}
[CSP Report Rate Limit] Exceeded for source: rate-limit-test

[90mstderr[2m | src/__tests__/api/cspReportHandler.test.ts[2m > [22m[2mCSP Report Handler[2m > [22m[2mhandleCSPReport[2m > [22m[2mshould call registered handlers
[22m[39m[CSP Violation] {
  directive: [32m'script-src'[39m,
  blockedDomain: [32m'evil.com'[39m,
  resourceType: [32m'script'[39m,
  disposition: [32m'enforce'[39m
}

[90mstderr[2m | src/__tests__/api/cspReportHandler.test.ts[2m > [22m[2mCSP Report Handler[2m > [22m[2mhandleCSPReport[2m > [22m[2mshould call multiple handlers
[22m[39m[CSP Violation] {
  directive: [32m'script-src'[39m,
  blockedDomain: [32m'evil.com'[39m,
  resourceType: [32m'script'[39m,
  disposition: [32m'enforce'[39m
}

[90mstderr[2m | src/__tests__/api/cspReportHandler.test.ts[2m > [22m[2mCSP Report Handler[2m > [22m[2mhandleCSPReport[2m > [22m[2mshould continue calling handlers even if one throws
[22m[39m[CSP Violation] {
  directive: [32m'script-src'[39m,
  blockedDomain: [32m'evil.com'[39m,
  resourceType: [32m'script'[39m,
  disposition: [32m'enforce'[39m
}

[90mstderr[2m | src/__tests__/api/cspReportHandler.test.ts[2m > [22m[2mCSP Report Handler[2m > [22m[2mclearViolationHandlers[2m > [22m[2mshould clear all registered handlers
[22m[39m[CSP Violation] {
  directive: [32m'script-src'[39m,
  blockedDomain: [32m'evil.com'[39m,
  resourceType: [32m'script'[39m,
  disposition: [32m'enforce'[39m
}

 [32m✓[39m src/__tests__/api/cspReportHandler.test.ts [2m([22m[2m26 tests[22m[2m)[22m[32m 92[2mms[22m[39m
 [32m✓[39m src/features/checklist/verify.test.ts [2m([22m[2m8 tests[22m[2m)[22m[32m 69[2mms[22m[39m
 [32m✓[39m src/features/phaseVisibility/visibilityRules.test.ts [2m([22m[2m44 tests[22m[2m)[22m[32m 74[2mms[22m[39m
 [32m✓[39m src/services/coaWizardService.additional.test.ts [2m([22m[2m25 tests[22m[2m)[22m[32m 75[2mms[22m[39m
 [32m✓[39m src/store/contacts.test.ts [2m([22m[2m30 tests[22m[2m)[22m[32m 78[2mms[22m[39m
 [32m✓[39m src/__tests__/config/securityHeaders.test.ts [2m([22m[2m48 tests[22m[2m)[22m[32m 65[2mms[22m[39m
 [32m✓[39m src/crypto/passphraseValidation.test.ts [2m([22m[2m69 tests[22m[2m)[22m[32m 72[2mms[22m[39m
 [32m✓[39m src/services/reconciliationService.additional.test.ts [2m([22m[2m32 tests[22m[2m)[22m[32m 80[2mms[22m[39m
 [32m✓[39m src/services/currencyConversion.service.test.ts [2m([22m[2m36 tests[22m[2m)[22m[32m 77[2mms[22m[39m
[90mstdout[2m | src/observability/__tests__/logger.test.ts[2m > [22m[2mStructuredLogger[2m > [22m[2mshould log debug message
[22m[39m{"timestamp":"2026-01-19T05:58:38.004Z","level":"debug","message":"Debug message","correlationId":"cor-1768802318005-90u1jz5am"}

[90mstdout[2m | src/observability/__tests__/logger.test.ts[2m > [22m[2mStructuredLogger[2m > [22m[2mshould log info message
[22m[39m{"timestamp":"2026-01-19T05:58:38.011Z","level":"info","message":"Info message","correlationId":"cor-1768802318011-fnum91q9q"}

[90mstderr[2m | src/observability/__tests__/logger.test.ts[2m > [22m[2mStructuredLogger[2m > [22m[2mshould log warning message
[22m[39m{"timestamp":"2026-01-19T05:58:38.012Z","level":"warn","message":"Warning message","correlationId":"cor-1768802318012-4uobjek9v"}

[90mstderr[2m | src/observability/__tests__/logger.test.ts[2m > [22m[2mStructuredLogger[2m > [22m[2mshould log error message
[22m[39m{"timestamp":"2026-01-19T05:58:38.024Z","level":"error","message":"Error message","correlationId":"cor-1768802318024-2jsinefrb","error":{"name":"Error","message":"Test error","stack":"Error: Test error\n    at C:/Users/Admin/graceful_books/src/observability/__tests__/logger.test.ts:67:19\n    at file:///C:/Users/Admin/graceful_books/node_modules/@vitest/runner/dist/index.js:145:11\n    at file:///C:/Users/Admin/graceful_books/node_modules/@vitest/runner/dist/index.js:915:26\n    at file:///C:/Users/Admin/graceful_books/node_modules/@vitest/runner/dist/index.js:1243:20\n    at new Promise (<anonymous>)\n    at runWithTimeout (file:///C:/Users/Admin/graceful_books/node_modules/@vitest/runner/dist/index.js:1209:10)\n    at file:///C:/Users/Admin/graceful_books/node_modules/@vitest/runner/dist/index.js:1653:37\n    at Traces.$ (file:///C:/Users/Admin/graceful_books/node_modules/vitest/dist/chunks/traces.CCmnQaNT.js:142:27)\n    at trace (file:///C:/Users/Admin/graceful_books/node_modules/vitest/dist/chunks/test.B8ej_ZHS.js:239:21)\n    at runTest (file:///C:/Users/Admin/graceful_books/node_modules/@vitest/runner/dist/index.js:1653:12)"}}

[90mstderr[2m | src/observability/__tests__/logger.test.ts[2m > [22m[2mStructuredLogger[2m > [22m[2mshould log fatal message
[22m[39m{"timestamp":"2026-01-19T05:58:38.032Z","level":"fatal","message":"Fatal message","correlationId":"cor-1768802318032-u01b3kvth","error":{"name":"Error","message":"Fatal error","stack":"Error: Fatal error\n    at C:/Users/Admin/graceful_books/src/observability/__tests__/logger.test.ts:77:19\n    at file:///C:/Users/Admin/graceful_books/node_modules/@vitest/runner/dist/index.js:145:11\n    at file:///C:/Users/Admin/graceful_books/node_modules/@vitest/runner/dist/index.js:915:26\n    at file:///C:/Users/Admin/graceful_books/node_modules/@vitest/runner/dist/index.js:1243:20\n    at new Promise (<anonymous>)\n    at runWithTimeout (file:///C:/Users/Admin/graceful_books/node_modules/@vitest/runner/dist/index.js:1209:10)\n    at file:///C:/Users/Admin/graceful_books/node_modules/@vitest/runner/dist/index.js:1653:37\n    at Traces.$ (file:///C:/Users/Admin/graceful_books/node_modules/vitest/dist/chunks/traces.CCmnQaNT.js:142:27)\n    at trace (file:///C:/Users/Admin/graceful_books/node_modules/vitest/dist/chunks/test.B8ej_ZHS.js:239:21)\n    at runTest (file:///C:/Users/Admin/graceful_books/node_modules/@vitest/runner/dist/index.js:1653:12)"}}

[90mstdout[2m | src/observability/__tests__/logger.test.ts[2m > [22m[2mStructuredLogger[2m > [22m[2mshould include correlation ID in logs
[22m[39m{"timestamp":"2026-01-19T05:58:38.035Z","level":"info","message":"Test message","correlationId":"test-correlation-id"}

[90mstdout[2m | src/observability/__tests__/logger.test.ts[2m > [22m[2mStructuredLogger[2m > [22m[2mshould include context in logs
[22m[39m{"timestamp":"2026-01-19T05:58:38.037Z","level":"info","message":"Test message","correlationId":"cor-1768802318037-qblc7xn1r","userId":"user-123","operation":"sync"}

[90mstdout[2m | src/observability/__tests__/logger.test.ts[2m > [22m[2mStructuredLogger[2m > [22m[2mshould set persistent context
[22m[39m{"timestamp":"2026-01-19T05:58:38.040Z","level":"info","message":"Test message","correlationId":"cor-1768802318040-klsqi6px7","userId":"user-123"}

[90mstdout[2m | src/observability/__tests__/logger.test.ts[2m > [22m[2mStructuredLogger[2m > [22m[2mshould clear persistent context
[22m[39m{"timestamp":"2026-01-19T05:58:38.042Z","level":"info","message":"Test message","correlationId":"cor-1768802318042-y0visymoy"}

[90mstdout[2m | src/observability/__tests__/logger.test.ts[2m > [22m[2mStructuredLogger[2m > [22m[2mshould create child logger with context
[22m[39m{"timestamp":"2026-01-19T05:58:38.046Z","level":"info","message":"Child message","correlationId":"cor-1768802318046-kjiy6b5bq","userId":"user-123"}

 [32m✓[39m src/observability/__tests__/logger.test.ts [2m([22m[2m25 tests[22m[2m)[22m[32m 70[2mms[22m[39m
[90mstderr[2m | src/services/interestSplit/liabilityDetection.service.test.ts[2m > [22m[2mLiabilityDetectionService[2m > [22m[2mdetectBatch[2m > [22m[2mshould handle detection errors gracefully
[22m[39mDetection failed for txn-error: Error: Detection failed
    at LiabilityDetectionService.<anonymous> (C:/Users/Admin/graceful_books/src/services/interestSplit/liabilityDetection.service.test.ts:361:17)
    at LiabilityDetectionService.detectLiabilityPayment [90m(file:///C:/Users/Admin/graceful_books/[39mnode_modules/[4m@vitest/spy[24m/dist/index.js:285:34[90m)[39m
    at LiabilityDetectionService.detectBatch (C:/Users/Admin/graceful_books/src/services/interestSplit/liabilityDetection.service.ts:207:38)
[90m    at processTicksAndRejections (node:internal/process/task_queues:103:5)[39m
    at C:/Users/Admin/graceful_books/src/services/interestSplit/liabilityDetection.service.test.ts:376:22
    at [90mfile:///C:/Users/Admin/graceful_books/[39mnode_modules/[4m@vitest/runner[24m/dist/index.js:915:20

 [32m✓[39m src/services/interestSplit/liabilityDetection.service.test.ts [2m([22m[2m6 tests[22m[2m)[22m[32m 57[2mms[22m[39m
 [32m✓[39m src/features/helpers/helpDefinitions.test.ts [2m([22m[2m25 tests[22m[2m)[22m[32m 49[2mms[22m[39m
 [32m✓[39m src/services/statementParser.test.ts [2m([22m[2m14 tests[22m[2m)[22m[32m 55[2mms[22m[39m
 [32m✓[39m src/db/crdt.test.ts [2m([22m[2m44 tests[22m[2m)[22m[32m 66[2mms[22m[39m
 [32m✓[39m tests/load/load-infrastructure.test.ts [2m([22m[2m25 tests[22m[2m)[22m[32m 133[2mms[22m[39m
 [32m✓[39m src/services/email/emailPreviewService.test.ts [2m([22m[2m22 tests[22m[2m)[22m[32m 54[2mms[22m[39m
[90mstdout[2m | src/services/transactionMatcher.test.ts[2m > [22m[2mtransactionMatcher[2m > [22m[2mexact matches[2m > [22m[2mshould match transactions with exact date and amount
[22m[39mAuto-matching complete {
  totalStatementTxns: [33m1[39m,
  totalSystemTxns: [33m1[39m,
  matchesFound: [33m1[39m,
  matchRate: [32m'100%'[39m
}

[90mstdout[2m | src/services/transactionMatcher.test.ts[2m > [22m[2mtransactionMatcher[2m > [22m[2mexact matches[2m > [22m[2mshould match even with slightly different descriptions
[22m[39mAuto-matching complete {
  totalStatementTxns: [33m1[39m,
  totalSystemTxns: [33m1[39m,
  matchesFound: [33m1[39m,
  matchRate: [32m'100%'[39m
}

[90mstdout[2m | src/services/transactionMatcher.test.ts[2m > [22m[2mtransactionMatcher[2m > [22m[2mdate tolerance[2m > [22m[2mshould match transactions within date tolerance
[22m[39mAuto-matching complete {
  totalStatementTxns: [33m1[39m,
  totalSystemTxns: [33m1[39m,
  matchesFound: [33m1[39m,
  matchRate: [32m'100%'[39m
}

[90mstdout[2m | src/services/transactionMatcher.test.ts[2m > [22m[2mtransactionMatcher[2m > [22m[2mdate tolerance[2m > [22m[2mshould not match transactions outside date tolerance
[22m[39mAuto-matching complete {
  totalStatementTxns: [33m1[39m,
  totalSystemTxns: [33m1[39m,
  matchesFound: [33m0[39m,
  matchRate: [32m'0%'[39m
}

[90mstdout[2m | src/services/transactionMatcher.test.ts[2m > [22m[2mtransactionMatcher[2m > [22m[2mamount matching[2m > [22m[2mshould match with exact amounts
[22m[39mAuto-matching complete {
  totalStatementTxns: [33m1[39m,
  totalSystemTxns: [33m1[39m,
  matchesFound: [33m1[39m,
  matchRate: [32m'100%'[39m
}

[90mstdout[2m | src/services/transactionMatcher.test.ts[2m > [22m[2mtransactionMatcher[2m > [22m[2mamount matching[2m > [22m[2mshould not match with significantly different amounts
[22m[39mAuto-matching complete {
  totalStatementTxns: [33m1[39m,
  totalSystemTxns: [33m1[39m,
  matchesFound: [33m0[39m,
  matchRate: [32m'0%'[39m
}

[90mstdout[2m | src/services/transactionMatcher.test.ts[2m > [22m[2mtransactionMatcher[2m > [22m[2mreference number matching[2m > [22m[2mshould boost match score for matching reference numbers
[22m[39mAuto-matching complete {
  totalStatementTxns: [33m1[39m,
  totalSystemTxns: [33m1[39m,
  matchesFound: [33m1[39m,
  matchRate: [32m'100%'[39m
}

[90mstdout[2m | src/services/transactionMatcher.test.ts[2m > [22m[2mtransactionMatcher[2m > [22m[2mmultiple transactions[2m > [22m[2mshould match multiple transactions correctly
[22m[39mAuto-matching complete {
  totalStatementTxns: [33m3[39m,
  totalSystemTxns: [33m3[39m,
  matchesFound: [33m3[39m,
  matchRate: [32m'100%'[39m
}

[90mstdout[2m | src/services/transactionMatcher.test.ts[2m > [22m[2mtransactionMatcher[2m > [22m[2mmultiple transactions[2m > [22m[2mshould not match the same system transaction twice
[22m[39mAuto-matching complete {
  totalStatementTxns: [33m2[39m,
  totalSystemTxns: [33m1[39m,
  matchesFound: [33m1[39m,
  matchRate: [32m'50%'[39m
}

[90mstdout[2m | src/services/transactionMatcher.test.ts[2m > [22m[2mtransactionMatcher[2m > [22m[2medge cases[2m > [22m[2mshould handle empty statement transactions
[22m[39mAuto-matching complete {
  totalStatementTxns: [33m0[39m,
  totalSystemTxns: [33m1[39m,
  matchesFound: [33m0[39m,
  matchRate: [32m'NaN%'[39m
}

[90mstdout[2m | src/services/transactionMatcher.test.ts[2m > [22m[2mtransactionMatcher[2m > [22m[2medge cases[2m > [22m[2mshould handle empty system transactions
[22m[39mAuto-matching complete {
  totalStatementTxns: [33m1[39m,
  totalSystemTxns: [33m0[39m,
  matchesFound: [33m0[39m,
  matchRate: [32m'0%'[39m
}

[90mstdout[2m | src/services/transactionMatcher.test.ts[2m > [22m[2mtransactionMatcher[2m > [22m[2medge cases[2m > [22m[2mshould skip already matched statement transactions
[22m[39mAuto-matching complete {
  totalStatementTxns: [33m1[39m,
  totalSystemTxns: [33m1[39m,
  matchesFound: [33m0[39m,
  matchRate: [32m'0%'[39m
}

[90mstdout[2m | src/services/transactionMatcher.test.ts[2m > [22m[2mtransactionMatcher[2m > [22m[2medge cases[2m > [22m[2mshould skip reconciled system transactions
[22m[39mAuto-matching complete {
  totalStatementTxns: [33m1[39m,
  totalSystemTxns: [33m1[39m,
  matchesFound: [33m0[39m,
  matchRate: [32m'0%'[39m
}

 [32m✓[39m src/services/transactionMatcher.test.ts [2m([22m[2m14 tests[22m[2m)[22m[32m 66[2mms[22m[39m
 [32m✓[39m src/features/checklist/selectionRules.test.ts [2m([22m[2m33 tests[22m[2m)[22m[32m 60[2mms[22m[39m
 [32m✓[39m src/sync/syncQueue.test.ts [2m([22m[2m19 tests[22m[2m)[22m[32m 58[2mms[22m[39m
[90mstdout[2m | src/services/enhanced-matching.service.test.ts[2m > [22m[2mEnhanced Matching Service[2m > [22m[2menhancedMatchTransactions[2m > [22m[2mshould match transactions with exact date, amount, and description
[22m[39m[EnhancedMatching] Enhanced matching completed {
  totalStatement: [33m1[39m,
  matched: [33m1[39m,
  accuracy: [32m'100.0%'[39m,
  singleMatches: [33m1[39m,
  multiMatches: [33m0[39m
}

[90mstdout[2m | src/services/enhanced-matching.service.test.ts[2m > [22m[2mEnhanced Matching Service[2m > [22m[2menhancedMatchTransactions[2m > [22m[2mshould match transactions with fuzzy description matching
[22m[39m[EnhancedMatching] Enhanced matching completed {
  totalStatement: [33m1[39m,
  matched: [33m1[39m,
  accuracy: [32m'100.0%'[39m,
  singleMatches: [33m1[39m,
  multiMatches: [33m0[39m
}

[90mstdout[2m | src/services/enhanced-matching.service.test.ts[2m > [22m[2mEnhanced Matching Service[2m > [22m[2menhancedMatchTransactions[2m > [22m[2mshould match transactions with date tolerance
[22m[39m[EnhancedMatching] Enhanced matching completed {
  totalStatement: [33m1[39m,
  matched: [33m1[39m,
  accuracy: [32m'100.0%'[39m,
  singleMatches: [33m1[39m,
  multiMatches: [33m0[39m
}

[90mstdout[2m | src/services/enhanced-matching.service.test.ts[2m > [22m[2mEnhanced Matching Service[2m > [22m[2menhancedMatchTransactions[2m > [22m[2mshould not match if amount is different
[22m[39m[EnhancedMatching] Enhanced matching completed {
  totalStatement: [33m1[39m,
  matched: [33m0[39m,
  accuracy: [32m'0.0%'[39m,
  singleMatches: [33m0[39m,
  multiMatches: [33m0[39m
}

[90mstdout[2m | src/services/enhanced-matching.service.test.ts[2m > [22m[2mEnhanced Matching Service[2m > [22m[2menhancedMatchTransactions[2m > [22m[2mshould skip already reconciled transactions
[22m[39m[EnhancedMatching] Enhanced matching completed {
  totalStatement: [33m1[39m,
  matched: [33m0[39m,
  accuracy: [32m'0.0%'[39m,
  singleMatches: [33m0[39m,
  multiMatches: [33m0[39m
}

[90mstdout[2m | src/services/enhanced-matching.service.test.ts[2m > [22m[2mEnhanced Matching Service[2m > [22m[2menhancedMatchTransactions[2m > [22m[2mshould apply pattern learning when enabled
[22m[39m[EnhancedMatching] Enhanced matching completed {
  totalStatement: [33m1[39m,
  matched: [33m1[39m,
  accuracy: [32m'100.0%'[39m,
  singleMatches: [33m1[39m,
  multiMatches: [33m0[39m
}

[90mstdout[2m | src/services/enhanced-matching.service.test.ts[2m > [22m[2mEnhanced Matching Service[2m > [22m[2menhancedMatchTransactions[2m > [22m[2mshould calculate accuracy percentage
[22m[39m[EnhancedMatching] Enhanced matching completed {
  totalStatement: [33m3[39m,
  matched: [33m2[39m,
  accuracy: [32m'66.7%'[39m,
  singleMatches: [33m2[39m,
  multiMatches: [33m0[39m
}

 [32m✓[39m src/services/enhanced-matching.service.test.ts [2m([22m[2m7 tests[22m[2m)[22m[32m 41[2mms[22m[39m
 [32m✓[39m src/services/email/emailRenderer.test.ts [2m([22m[2m48 tests[22m[2m)[22m[32m 48[2mms[22m[39m
 [32m✓[39m src/services/interestSplit/paymentSplit.service.test.ts [2m([22m[2m13 tests[22m[2m)[22m[32m 46[2mms[22m[39m
 [32m✓[39m src/utils/transactionValidation.test.ts [2m([22m[2m33 tests[22m[2m)[22m[32m 48[2mms[22m[39m
 [32m✓[39m src/db/schema/invoiceTemplates.schema.test.ts [2m([22m[2m30 tests[22m[2m)[22m[32m 41[2mms[22m[39m
 [32m✓[39m src/features/helpers/helpContent.test.ts [2m([22m[2m24 tests[22m[2m)[22m[32m 42[2mms[22m[39m
 [32m✓[39m src/services/reconciliationService.test.ts [2m([22m[2m15 tests[22m[2m)[22m[32m 43[2mms[22m[39m
 [32m✓[39m src/utils/wizardState.test.ts [2m([22m[2m28 tests[22m[2m)[22m[32m 52[2mms[22m[39m
 [32m✓[39m src/__tests__/utils/crypto/constantTime.test.ts [2m([22m[2m33 tests[22m[2m)[22m[32m 36[2mms[22m[39m
 [32m✓[39m src/services/currencyGainLoss.service.test.ts [2m([22m[2m14 tests[22m[2m)[22m[32m 40[2mms[22m[39m
[90mstderr[2m | src/sync/syncProtocol.test.ts[2m > [22m[2mSync Protocol[2m > [22m[2mbatchChanges[2m > [22m[2mshould skip changes that are too large
[22m[39mChange change-1 exceeds max payload size, skipping

 [32m✓[39m src/sync/syncProtocol.test.ts [2m([22m[2m19 tests[22m[2m)[22m[32m 43[2mms[22m[39m
 [32m✓[39m src/services/coaWizardService.test.ts [2m([22m[2m23 tests[22m[2m)[22m[32m 43[2mms[22m[39m
 [32m✓[39m src/features/assessment/assessmentEngine.test.ts [2m([22m[2m25 tests[22m[2m)[22m[32m 33[2mms[22m[39m
 [32m✓[39m src/features/helpers/contextualHelp.test.ts [2m([22m[2m29 tests[22m[2m)[22m[32m 30[2mms[22m[39m
 [32m✓[39m src/services/email/emailContentGenerator.test.ts [2m([22m[2m10 tests[22m[2m)[22m[32m 92[2mms[22m[39m
 [32m✓[39m src/services/logoUpload.test.ts [2m([22m[2m24 tests[22m[2m)[22m[32m 36[2mms[22m[39m
 [32m✓[39m src/features/assessment/phaseDetection.test.ts [2m([22m[2m15 tests[22m[2m)[22m[32m 28[2mms[22m[39m
 [32m✓[39m src/store/charities.test.ts [2m([22m[2m16 tests[22m[2m)[22m[32m 29[2mms[22m[39m
 [32m✓[39m src/sync/conflictResolution.test.ts [2m([22m[2m15 tests[22m[2m)[22m[32m 32[2mms[22m[39m
 [32m✓[39m src/services/interestSplit/amortization.service.test.ts [2m([22m[2m15 tests[22m[2m)[22m[32m 29[2mms[22m[39m
 [32m✓[39m src/features/assessment/scoring.test.ts [2m([22m[2m13 tests[22m[2m)[22m[32m 27[2mms[22m[39m
 [32m✓[39m infrastructure/tests/infrastructure.test.ts [2m([22m[2m24 tests[22m[2m)[22m[32m 22[2mms[22m[39m
 [32m✓[39m src/db/schema/charity.schema.test.ts [2m([22m[2m11 tests[22m[2m)[22m[32m 25[2mms[22m[39m
 [32m✓[39m scripts/bundle-size-check.test.js [2m([22m[2m9 tests[22m[2m)[22m[32m 23[2mms[22m[39m
 [32m✓[39m src/__tests__/e2e/barter.e2e.test.ts [2m([22m[2m21 tests[22m[2m)[22m[32m 22[2mms[22m[39m
 [32m✓[39m src/__tests__/integration/barter.integration.test.ts [2m([22m[2m12 tests[22m[2m)[22m[32m 16[2mms[22m[39m
 [2m[90m↓[39m[22m src/components/assessment/AssessmentFlow.test.tsx [2m([22m[2m1 test[22m[2m | [22m[33m1 skipped[39m[2m)[22m
 [2m[90m↓[39m[22m src/services/email/emailTemplates.test.ts [2m([22m[2m1 test[22m[2m | [22m[33m1 skipped[39m[2m)[22m

[31m⎯⎯⎯⎯⎯⎯[39m[1m[41m Failed Suites 19 [49m[22m[31m⎯⎯⎯⎯⎯⎯[39m

[41m[1m FAIL [22m[49m e2e/billOcr.spec.ts[2m [ e2e/billOcr.spec.ts ][22m
[31m[1mError[22m: Playwright Test did not expect test.describe() to be called here.
Most common reasons include:
- You are calling test.describe() in a configuration file.
- You are calling test.describe() in a file that is imported by the configuration file.
- You have two different versions of @playwright/test. This usually happens
  when one of the dependencies in your package.json depends on @playwright/test.[39m
[90m [2m❯[22m TestTypeImpl._currentSuite node_modules/playwright/lib/common/testType.js:[2m75:13[22m[39m
[90m [2m❯[22m TestTypeImpl._describe node_modules/playwright/lib/common/testType.js:[2m115:24[22m[39m
[90m [2m❯[22m Function.describe node_modules/playwright/lib/transform/transform.js:[2m275:12[22m[39m
[36m [2m❯[22m e2e/billOcr.spec.ts:[2m9:6[22m[39m
    [90m  7| [39m[35mimport[39m { test[33m,[39m expect } [35mfrom[39m [32m'@playwright/test'[39m[33m;[39m
    [90m  8| [39m
    [90m  9| [39mtest[33m.[39m[34mdescribe[39m([32m'Bill OCR Upload and Review'[39m[33m,[39m () [33m=>[39m {
    [90m   | [39m     [31m^[39m
    [90m 10| [39m  test[33m.[39m[34mbeforeEach[39m([35masync[39m ({ page }) [33m=>[39m {
    [90m 11| [39m    [90m// Navigate to bills page[39m

[31m[2m⎯⎯⎯⎯⎯⎯⎯⎯⎯⎯⎯⎯⎯⎯⎯⎯⎯⎯⎯⎯⎯⎯[1/151]⎯[22m[39m

[41m[1m FAIL [22m[49m e2e/cashFlowReport.spec.ts[2m [ e2e/cashFlowReport.spec.ts ][22m
[31m[1mError[22m: Playwright Test did not expect test.describe() to be called here.
Most common reasons include:
- You are calling test.describe() in a configuration file.
- You are calling test.describe() in a file that is imported by the configuration file.
- You have two different versions of @playwright/test. This usually happens
  when one of the dependencies in your package.json depends on @playwright/test.[39m
[90m [2m❯[22m TestTypeImpl._currentSuite node_modules/playwright/lib/common/testType.js:[2m75:13[22m[39m
[90m [2m❯[22m TestTypeImpl._describe node_modules/playwright/lib/common/testType.js:[2m115:24[22m[39m
[90m [2m❯[22m Function.describe node_modules/playwright/lib/transform/transform.js:[2m275:12[22m[39m
[36m [2m❯[22m e2e/cashFlowReport.spec.ts:[2m9:6[22m[39m
    [90m  7| [39m[35mimport[39m { test[33m,[39m expect } [35mfrom[39m [32m'@playwright/test'[39m
    [90m  8| [39m
    [90m  9| [39mtest[33m.[39m[34mdescribe[39m([32m'Cash Flow Report'[39m[33m,[39m () [33m=>[39m {
    [90m   | [39m     [31m^[39m
    [90m 10| [39m  test[33m.[39m[34mbeforeEach[39m([35masync[39m ({ page }) [33m=>[39m {
    [90m 11| [39m    [90m// Navigate to reports page[39m

[31m[2m⎯⎯⎯⎯⎯⎯⎯⎯⎯⎯⎯⎯⎯⎯⎯⎯⎯⎯⎯⎯⎯⎯[2/151]⎯[22m[39m

[41m[1m FAIL [22m[49m e2e/catalog.spec.ts[2m [ e2e/catalog.spec.ts ][22m
[31m[1mError[22m: Playwright Test did not expect test.describe() to be called here.
Most common reasons include:
- You are calling test.describe() in a configuration file.
- You are calling test.describe() in a file that is imported by the configuration file.
- You have two different versions of @playwright/test. This usually happens
  when one of the dependencies in your package.json depends on @playwright/test.[39m
[90m [2m❯[22m TestTypeImpl._currentSuite node_modules/playwright/lib/common/testType.js:[2m75:13[22m[39m
[90m [2m❯[22m TestTypeImpl._describe node_modules/playwright/lib/common/testType.js:[2m115:24[22m[39m
[90m [2m❯[22m Function.describe node_modules/playwright/lib/transform/transform.js:[2m275:12[22m[39m
[36m [2m❯[22m e2e/catalog.spec.ts:[2m16:6[22m[39m
    [90m 14| [39m[35mimport[39m { test[33m,[39m expect } [35mfrom[39m [32m'@playwright/test'[39m[33m;[39m
    [90m 15| [39m
    [90m 16| [39mtest[33m.[39m[34mdescribe[39m([32m'Product Catalog'[39m[33m,[39m () [33m=>[39m {
    [90m   | [39m     [31m^[39m
    [90m 17| [39m  test[33m.[39m[34mbeforeEach[39m([35masync[39m ({ page }) [33m=>[39m {
    [90m 18| [39m    [90m// Navigate to catalog page (adjust URL as needed)[39m

[31m[2m⎯⎯⎯⎯⎯⎯⎯⎯⎯⎯⎯⎯⎯⎯⎯⎯⎯⎯⎯⎯⎯⎯[3/151]⎯[22m[39m

[41m[1m FAIL [22m[49m e2e/d1-coa-wizard.spec.ts[2m [ e2e/d1-coa-wizard.spec.ts ][22m
[31m[1mError[22m: Playwright Test did not expect test.describe() to be called here.
Most common reasons include:
- You are calling test.describe() in a configuration file.
- You are calling test.describe() in a file that is imported by the configuration file.
- You have two different versions of @playwright/test. This usually happens
  when one of the dependencies in your package.json depends on @playwright/test.[39m
[90m [2m❯[22m TestTypeImpl._currentSuite node_modules/playwright/lib/common/testType.js:[2m75:13[22m[39m
[90m [2m❯[22m TestTypeImpl._describe node_modules/playwright/lib/common/testType.js:[2m115:24[22m[39m
[90m [2m❯[22m Function.describe node_modules/playwright/lib/transform/transform.js:[2m275:12[22m[39m
[36m [2m❯[22m e2e/d1-coa-wizard.spec.ts:[2m20:6[22m[39m
    [90m 18| [39mimport { measurePageLoad, assertPerformance } from './helpers/performa…
    [90m 19| [39m
    [90m 20| [39mtest[33m.[39m[34mdescribe[39m([32m'D1: Chart of Accounts Setup Wizard'[39m[33m,[39m () [33m=>[39m {
    [90m   | [39m     [31m^[39m
    [90m 21| [39m  test[33m.[39m[34mbeforeEach[39m([35masync[39m ({ page }) [33m=>[39m {
    [90m 22| [39m    [35mawait[39m [34mclearUserData[39m(page)

[31m[2m⎯⎯⎯⎯⎯⎯⎯⎯⎯⎯⎯⎯⎯⎯⎯⎯⎯⎯⎯⎯⎯⎯[4/151]⎯[22m[39m

[41m[1m FAIL [22m[49m e2e/d2-reconciliation.spec.ts[2m [ e2e/d2-reconciliation.spec.ts ][22m
[31m[1mError[22m: Playwright Test did not expect test.describe() to be called here.
Most common reasons include:
- You are calling test.describe() in a configuration file.
- You are calling test.describe() in a file that is imported by the configuration file.
- You have two different versions of @playwright/test. This usually happens
  when one of the dependencies in your package.json depends on @playwright/test.[39m
[90m [2m❯[22m TestTypeImpl._currentSuite node_modules/playwright/lib/common/testType.js:[2m75:13[22m[39m
[90m [2m❯[22m TestTypeImpl._describe node_modules/playwright/lib/common/testType.js:[2m115:24[22m[39m
[90m [2m❯[22m Function.describe node_modules/playwright/lib/transform/transform.js:[2m275:12[22m[39m
[36m [2m❯[22m e2e/d2-reconciliation.spec.ts:[2m19:6[22m[39m
    [90m 17| [39mimport { measureAction, assertPerformance } from './helpers/performanc…
    [90m 18| [39m
    [90m 19| [39mtest[33m.[39m[34mdescribe[39m([32m'D2: First Reconciliation Experience'[39m[33m,[39m () [33m=>[39m {
    [90m   | [39m     [31m^[39m
    [90m 20| [39m  test[33m.[39m[34mbeforeEach[39m([35masync[39m ({ page }) [33m=>[39m {
    [90m 21| [39m    [35mawait[39m [34mclearUserData[39m(page)

[31m[2m⎯⎯⎯⎯⎯⎯⎯⎯⎯⎯⎯⎯⎯⎯⎯⎯⎯⎯⎯⎯⎯⎯[5/151]⎯[22m[39m

[41m[1m FAIL [22m[49m e2e/d3-email-summary.spec.ts[2m [ e2e/d3-email-summary.spec.ts ][22m
[31m[1mError[22m: Playwright Test did not expect test.describe() to be called here.
Most common reasons include:
- You are calling test.describe() in a configuration file.
- You are calling test.describe() in a file that is imported by the configuration file.
- You have two different versions of @playwright/test. This usually happens
  when one of the dependencies in your package.json depends on @playwright/test.[39m
[90m [2m❯[22m TestTypeImpl._currentSuite node_modules/playwright/lib/common/testType.js:[2m75:13[22m[39m
[90m [2m❯[22m TestTypeImpl._describe node_modules/playwright/lib/common/testType.js:[2m115:24[22m[39m
[90m [2m❯[22m Function.describe node_modules/playwright/lib/transform/transform.js:[2m275:12[22m[39m
[36m [2m❯[22m e2e/d3-email-summary.spec.ts:[2m16:6[22m[39m
    [90m 14| [39m[35mimport[39m { checkAccessibility } [35mfrom[39m [32m'./helpers/accessibility'[39m
    [90m 15| [39m
    [90m 16| [39mtest[33m.[39m[34mdescribe[39m([32m'D3: Email Summary Configuration'[39m[33m,[39m () [33m=>[39m {
    [90m   | [39m     [31m^[39m
    [90m 17| [39m  test[33m.[39m[34mbeforeEach[39m([35masync[39m ({ page }) [33m=>[39m {
    [90m 18| [39m    [35mawait[39m [34mclearUserData[39m(page)

[31m[2m⎯⎯⎯⎯⎯⎯⎯⎯⎯⎯⎯⎯⎯⎯⎯⎯⎯⎯⎯⎯⎯⎯[6/151]⎯[22m[39m

[41m[1m FAIL [22m[49m e2e/d4-tutorial-system.spec.ts[2m [ e2e/d4-tutorial-system.spec.ts ][22m
[31m[1mError[22m: Playwright Test did not expect test.describe() to be called here.
Most common reasons include:
- You are calling test.describe() in a configuration file.
- You are calling test.describe() in a file that is imported by the configuration file.
- You have two different versions of @playwright/test. This usually happens
  when one of the dependencies in your package.json depends on @playwright/test.[39m
[90m [2m❯[22m TestTypeImpl._currentSuite node_modules/playwright/lib/common/testType.js:[2m75:13[22m[39m
[90m [2m❯[22m TestTypeImpl._describe node_modules/playwright/lib/common/testType.js:[2m115:24[22m[39m
[90m [2m❯[22m Function.describe node_modules/playwright/lib/transform/transform.js:[2m275:12[22m[39m
[36m [2m❯[22m e2e/d4-tutorial-system.spec.ts:[2m17:6[22m[39m
    [90m 15| [39m[35mimport[39m { checkAccessibility } [35mfrom[39m [32m'./helpers/accessibility'[39m
    [90m 16| [39m
    [90m 17| [39mtest[33m.[39m[34mdescribe[39m([32m'D4: Tutorial System'[39m[33m,[39m () [33m=>[39m {
    [90m   | [39m     [31m^[39m
    [90m 18| [39m  test[33m.[39m[34mbeforeEach[39m([35masync[39m ({ page }) [33m=>[39m {
    [90m 19| [39m    [35mawait[39m [34mclearUserData[39m(page)

[31m[2m⎯⎯⎯⎯⎯⎯⎯⎯⎯⎯⎯⎯⎯⎯⎯⎯⎯⎯⎯⎯⎯⎯[7/151]⎯[22m[39m

[41m[1m FAIL [22m[49m e2e/d5-vendor-management.spec.ts[2m [ e2e/d5-vendor-management.spec.ts ][22m
[31m[1mError[22m: Playwright Test did not expect test.describe() to be called here.
Most common reasons include:
- You are calling test.describe() in a configuration file.
- You are calling test.describe() in a file that is imported by the configuration file.
- You have two different versions of @playwright/test. This usually happens
  when one of the dependencies in your package.json depends on @playwright/test.[39m
[90m [2m❯[22m TestTypeImpl._currentSuite node_modules/playwright/lib/common/testType.js:[2m75:13[22m[39m
[90m [2m❯[22m TestTypeImpl._describe node_modules/playwright/lib/common/testType.js:[2m115:24[22m[39m
[90m [2m❯[22m Function.describe node_modules/playwright/lib/transform/transform.js:[2m275:12[22m[39m
[36m [2m❯[22m e2e/d5-vendor-management.spec.ts:[2m19:6[22m[39m
    [90m 17| [39mimport { measureTransactionSave, assertPerformance } from './helpers/p…
    [90m 18| [39m
    [90m 19| [39mtest[33m.[39m[34mdescribe[39m([32m'D5: Vendor Management'[39m[33m,[39m () [33m=>[39m {
    [90m   | [39m     [31m^[39m
    [90m 20| [39m  test[33m.[39m[34mbeforeEach[39m([35masync[39m ({ page }) [33m=>[39m {
    [90m 21| [39m    [35mawait[39m [34mclearUserData[39m(page)

[31m[2m⎯⎯⎯⎯⎯⎯⎯⎯⎯⎯⎯⎯⎯⎯⎯⎯⎯⎯⎯⎯⎯⎯[8/151]⎯[22m[39m

[41m[1m FAIL [22m[49m e2e/d6-d7-reports.spec.ts[2m [ e2e/d6-d7-reports.spec.ts ][22m
[31m[1mError[22m: Playwright Test did not expect test.describe() to be called here.
Most common reasons include:
- You are calling test.describe() in a configuration file.
- You are calling test.describe() in a file that is imported by the configuration file.
- You have two different versions of @playwright/test. This usually happens
  when one of the dependencies in your package.json depends on @playwright/test.[39m
[90m [2m❯[22m TestTypeImpl._currentSuite node_modules/playwright/lib/common/testType.js:[2m75:13[22m[39m
[90m [2m❯[22m TestTypeImpl._describe node_modules/playwright/lib/common/testType.js:[2m115:24[22m[39m
[90m [2m❯[22m Function.describe node_modules/playwright/lib/transform/transform.js:[2m275:12[22m[39m
[36m [2m❯[22m e2e/d6-d7-reports.spec.ts:[2m19:6[22m[39m
    [90m 17| [39mimport { measureReportGeneration, assertPerformance } from './helpers/…
    [90m 18| [39m
    [90m 19| [39mtest[33m.[39m[34mdescribe[39m([32m'D6: Profit & Loss Report'[39m[33m,[39m () [33m=>[39m {
    [90m   | [39m     [31m^[39m
    [90m 20| [39m  test[33m.[39m[34mbeforeEach[39m([35masync[39m ({ page }) [33m=>[39m {
    [90m 21| [39m    [35mawait[39m [34mclearUserData[39m(page)

[31m[2m⎯⎯⎯⎯⎯⎯⎯⎯⎯⎯⎯⎯⎯⎯⎯⎯⎯⎯⎯⎯⎯⎯[9/151]⎯[22m[39m

[41m[1m FAIL [22m[49m e2e/f5-ar-aging-report.spec.ts[2m [ e2e/f5-ar-aging-report.spec.ts ][22m
[31m[1mError[22m: Playwright Test did not expect test.describe() to be called here.
Most common reasons include:
- You are calling test.describe() in a configuration file.
- You are calling test.describe() in a file that is imported by the configuration file.
- You have two different versions of @playwright/test. This usually happens
  when one of the dependencies in your package.json depends on @playwright/test.[39m
[90m [2m❯[22m TestTypeImpl._currentSuite node_modules/playwright/lib/common/testType.js:[2m75:13[22m[39m
[90m [2m❯[22m TestTypeImpl._describe node_modules/playwright/lib/common/testType.js:[2m115:24[22m[39m
[90m [2m❯[22m Function.describe node_modules/playwright/lib/transform/transform.js:[2m275:12[22m[39m
[36m [2m❯[22m e2e/f5-ar-aging-report.spec.ts:[2m10:6[22m[39m
    [90m  8| [39m[35mimport[39m { test[33m,[39m expect } [35mfrom[39m [32m'@playwright/test'[39m
    [90m  9| [39m
    [90m 10| [39mtest[33m.[39m[34mdescribe[39m([32m'F5 - A/R Aging Report E2E'[39m[33m,[39m () [33m=>[39m {
    [90m   | [39m     [31m^[39m
    [90m 11| [39m  test[33m.[39m[34mbeforeEach[39m([35masync[39m ({ page }) [33m=>[39m {
    [90m 12| [39m    [90m// Navigate to app and login[39m

[31m[2m⎯⎯⎯⎯⎯⎯⎯⎯⎯⎯⎯⎯⎯⎯⎯⎯⎯⎯⎯⎯⎯[10/151]⎯[22m[39m

[41m[1m FAIL [22m[49m e2e/f6-ap-aging-report.spec.ts[2m [ e2e/f6-ap-aging-report.spec.ts ][22m
[31m[1mError[22m: Playwright Test did not expect test.describe() to be called here.
Most common reasons include:
- You are calling test.describe() in a configuration file.
- You are calling test.describe() in a file that is imported by the configuration file.
- You have two different versions of @playwright/test. This usually happens
  when one of the dependencies in your package.json depends on @playwright/test.[39m
[90m [2m❯[22m TestTypeImpl._currentSuite node_modules/playwright/lib/common/testType.js:[2m75:13[22m[39m
[90m [2m❯[22m TestTypeImpl._describe node_modules/playwright/lib/common/testType.js:[2m115:24[22m[39m
[90m [2m❯[22m Function.describe node_modules/playwright/lib/transform/transform.js:[2m275:12[22m[39m
[36m [2m❯[22m e2e/f6-ap-aging-report.spec.ts:[2m14:6[22m[39m
    [90m 12| [39m[35mimport[39m { test[33m,[39m expect[33m,[39m [33mPage[39m } [35mfrom[39m [32m'@playwright/test'[39m
    [90m 13| [39m
    [90m 14| [39mtest[33m.[39m[34mdescribe[39m([32m'F6 - A/P Aging Report'[39m[33m,[39m () [33m=>[39m {
    [90m   | [39m     [31m^[39m
    [90m 15| [39m  [35mlet[39m page[33m:[39m [33mPage[39m
    [90m 16| [39m

[31m[2m⎯⎯⎯⎯⎯⎯⎯⎯⎯⎯⎯⎯⎯⎯⎯⎯⎯⎯⎯⎯⎯[11/151]⎯[22m[39m

[41m[1m FAIL [22m[49m e2e/g4-consolidated-invoicing.spec.ts[2m [ e2e/g4-consolidated-invoicing.spec.ts ][22m
[31m[1mError[22m: Playwright Test did not expect test.describe() to be called here.
Most common reasons include:
- You are calling test.describe() in a configuration file.
- You are calling test.describe() in a file that is imported by the configuration file.
- You have two different versions of @playwright/test. This usually happens
  when one of the dependencies in your package.json depends on @playwright/test.[39m
[90m [2m❯[22m TestTypeImpl._currentSuite node_modules/playwright/lib/common/testType.js:[2m75:13[22m[39m
[90m [2m❯[22m TestTypeImpl._describe node_modules/playwright/lib/common/testType.js:[2m115:24[22m[39m
[90m [2m❯[22m Function.describe node_modules/playwright/lib/transform/transform.js:[2m275:12[22m[39m
[36m [2m❯[22m e2e/g4-consolidated-invoicing.spec.ts:[2m12:6[22m[39m
    [90m 10| [39m[35mimport[39m { test[33m,[39m expect } [35mfrom[39m [32m'@playwright/test'[39m[33m;[39m
    [90m 11| [39m
    [90m 12| [39mtest[33m.[39m[34mdescribe[39m([32m'G4: Consolidated Invoicing'[39m[33m,[39m () [33m=>[39m {
    [90m   | [39m     [31m^[39m
    [90m 13| [39m  test[33m.[39m[34mbeforeEach[39m([35masync[39m ({ page }) [33m=>[39m {
    [90m 14| [39m    [90m// Navigate to the app (adjust URL as needed)[39m

[31m[2m⎯⎯⎯⎯⎯⎯⎯⎯⎯⎯⎯⎯⎯⎯⎯⎯⎯⎯⎯⎯⎯[12/151]⎯[22m[39m

[41m[1m FAIL [22m[49m e2e/group-d-integration.spec.ts[2m [ e2e/group-d-integration.spec.ts ][22m
[31m[1mError[22m: Playwright Test did not expect test.describe() to be called here.
Most common reasons include:
- You are calling test.describe() in a configuration file.
- You are calling test.describe() in a file that is imported by the configuration file.
- You have two different versions of @playwright/test. This usually happens
  when one of the dependencies in your package.json depends on @playwright/test.[39m
[90m [2m❯[22m TestTypeImpl._currentSuite node_modules/playwright/lib/common/testType.js:[2m75:13[22m[39m
[90m [2m❯[22m TestTypeImpl._describe node_modules/playwright/lib/common/testType.js:[2m115:24[22m[39m
[90m [2m❯[22m Function.describe node_modules/playwright/lib/transform/transform.js:[2m275:12[22m[39m
[36m [2m❯[22m e2e/group-d-integration.spec.ts:[2m16:6[22m[39m
    [90m 14| [39m[35mimport[39m { checkAccessibility } [35mfrom[39m [32m'./helpers/accessibility'[39m
    [90m 15| [39m
    [90m 16| [39mtest[33m.[39m[34mdescribe[39m([32m'Group D: Complete User Journey'[39m[33m,[39m () [33m=>[39m {
    [90m   | [39m     [31m^[39m
    [90m 17| [39m  test('should complete full first-time user workflow', async ({ page …
    [90m 18| [39m    [35mawait[39m [34mclearUserData[39m(page)

[31m[2m⎯⎯⎯⎯⎯⎯⎯⎯⎯⎯⎯⎯⎯⎯⎯⎯⎯⎯⎯⎯⎯[13/151]⎯[22m[39m

[41m[1m FAIL [22m[49m e2e/h-multi-user-collaboration.spec.ts[2m [ e2e/h-multi-user-collaboration.spec.ts ][22m
[31m[1mError[22m: Playwright Test did not expect test.describe() to be called here.
Most common reasons include:
- You are calling test.describe() in a configuration file.
- You are calling test.describe() in a file that is imported by the configuration file.
- You have two different versions of @playwright/test. This usually happens
  when one of the dependencies in your package.json depends on @playwright/test.[39m
[90m [2m❯[22m TestTypeImpl._currentSuite node_modules/playwright/lib/common/testType.js:[2m75:13[22m[39m
[90m [2m❯[22m TestTypeImpl._describe node_modules/playwright/lib/common/testType.js:[2m115:24[22m[39m
[90m [2m❯[22m Function.describe node_modules/playwright/lib/transform/transform.js:[2m275:12[22m[39m
[36m [2m❯[22m e2e/h-multi-user-collaboration.spec.ts:[2m15:6[22m[39m
    [90m 13| [39m[35mimport[39m { test[33m,[39m expect } [35mfrom[39m [32m'@playwright/test'[39m[33m;[39m
    [90m 14| [39m
    [90m 15| [39mtest[33m.[39m[34mdescribe[39m([32m'Multi-User Team Collaboration'[39m[33m,[39m () [33m=>[39m {
    [90m   | [39m     [31m^[39m
    [90m 16| [39m  test[33m.[39m[34mbeforeEach[39m([35masync[39m ({ page }) [33m=>[39m {
    [90m 17| [39m    [90m// Setup: Login as admin[39m

[31m[2m⎯⎯⎯⎯⎯⎯⎯⎯⎯⎯⎯⎯⎯⎯⎯⎯⎯⎯⎯⎯⎯[14/151]⎯[22m[39m

[41m[1m FAIL [22m[49m e2e/i6-scheduled-reports.spec.ts[2m [ e2e/i6-scheduled-reports.spec.ts ][22m
[31m[1mError[22m: Playwright Test did not expect test.describe() to be called here.
Most common reasons include:
- You are calling test.describe() in a configuration file.
- You are calling test.describe() in a file that is imported by the configuration file.
- You have two different versions of @playwright/test. This usually happens
  when one of the dependencies in your package.json depends on @playwright/test.[39m
[90m [2m❯[22m TestTypeImpl._currentSuite node_modules/playwright/lib/common/testType.js:[2m75:13[22m[39m
[90m [2m❯[22m TestTypeImpl._describe node_modules/playwright/lib/common/testType.js:[2m115:24[22m[39m
[90m [2m❯[22m Function.describe node_modules/playwright/lib/transform/transform.js:[2m275:12[22m[39m
[36m [2m❯[22m e2e/i6-scheduled-reports.spec.ts:[2m9:6[22m[39m
    [90m  7| [39m[35mimport[39m { test[33m,[39m expect } [35mfrom[39m [32m'@playwright/test'[39m[33m;[39m
    [90m  8| [39m
    [90m  9| [39mtest[33m.[39m[34mdescribe[39m([32m'I6: Scheduled Report Delivery'[39m[33m,[39m () [33m=>[39m {
    [90m   | [39m     [31m^[39m
    [90m 10| [39m  test[33m.[39m[34mbeforeEach[39m([35masync[39m ({ page }) [33m=>[39m {
    [90m 11| [39m    [90m// Navigate to scheduled reports page[39m

[31m[2m⎯⎯⎯⎯⎯⎯⎯⎯⎯⎯⎯⎯⎯⎯⎯⎯⎯⎯⎯⎯⎯[15/151]⎯[22m[39m

[41m[1m FAIL [22m[49m e2e/journalEntries.spec.ts[2m [ e2e/journalEntries.spec.ts ][22m
[31m[1mError[22m: Playwright Test did not expect test.describe() to be called here.
Most common reasons include:
- You are calling test.describe() in a configuration file.
- You are calling test.describe() in a file that is imported by the configuration file.
- You have two different versions of @playwright/test. This usually happens
  when one of the dependencies in your package.json depends on @playwright/test.[39m
[90m [2m❯[22m TestTypeImpl._currentSuite node_modules/playwright/lib/common/testType.js:[2m75:13[22m[39m
[90m [2m❯[22m TestTypeImpl._describe node_modules/playwright/lib/common/testType.js:[2m115:24[22m[39m
[90m [2m❯[22m Function.describe node_modules/playwright/lib/transform/transform.js:[2m275:12[22m[39m
[36m [2m❯[22m e2e/journalEntries.spec.ts:[2m13:6[22m[39m
    [90m 11| [39m[35mimport[39m { test[33m,[39m expect } [35mfrom[39m [32m'@playwright/test'[39m[33m;[39m
    [90m 12| [39m
    [90m 13| [39mtest[33m.[39m[34mdescribe[39m([32m'Journal Entries'[39m[33m,[39m () [33m=>[39m {
    [90m   | [39m     [31m^[39m
    [90m 14| [39m  test[33m.[39m[34mbeforeEach[39m([35masync[39m ({ page }) [33m=>[39m {
    [90m 15| [39m    [90m// Login and navigate to journal entries[39m

[31m[2m⎯⎯⎯⎯⎯⎯⎯⎯⎯⎯⎯⎯⎯⎯⎯⎯⎯⎯⎯⎯⎯[16/151]⎯[22m[39m

[41m[1m FAIL [22m[49m e2e/reportBuilder.spec.ts[2m [ e2e/reportBuilder.spec.ts ][22m
[31m[1mError[22m: Playwright Test did not expect test.describe() to be called here.
Most common reasons include:
- You are calling test.describe() in a configuration file.
- You are calling test.describe() in a file that is imported by the configuration file.
- You have two different versions of @playwright/test. This usually happens
  when one of the dependencies in your package.json depends on @playwright/test.[39m
[90m [2m❯[22m TestTypeImpl._currentSuite node_modules/playwright/lib/common/testType.js:[2m75:13[22m[39m
[90m [2m❯[22m TestTypeImpl._describe node_modules/playwright/lib/common/testType.js:[2m115:24[22m[39m
[90m [2m❯[22m Function.describe node_modules/playwright/lib/transform/transform.js:[2m275:12[22m[39m
[36m [2m❯[22m e2e/reportBuilder.spec.ts:[2m12:6[22m[39m
    [90m 10| [39m[35mimport[39m { test[33m,[39m expect } [35mfrom[39m [32m'@playwright/test'[39m[33m;[39m
    [90m 11| [39m
    [90m 12| [39mtest[33m.[39m[34mdescribe[39m([32m'Custom Report Builder'[39m[33m,[39m () [33m=>[39m {
    [90m   | [39m     [31m^[39m
    [90m 13| [39m  test[33m.[39m[34mbeforeEach[39m([35masync[39m ({ page }) [33m=>[39m {
    [90m 14| [39m    [90m// Navigate to report builder[39m

[31m[2m⎯⎯⎯⎯⎯⎯⎯⎯⎯⎯⎯⎯⎯⎯⎯⎯⎯⎯⎯⎯⎯[17/151]⎯[22m[39m

[41m[1m FAIL [22m[49m tests/e2e/clientPortal.spec.ts[2m [ tests/e2e/clientPortal.spec.ts ][22m
[31m[1mError[22m: Playwright Test did not expect test.describe() to be called here.
Most common reasons include:
- You are calling test.describe() in a configuration file.
- You are calling test.describe() in a file that is imported by the configuration file.
- You have two different versions of @playwright/test. This usually happens
  when one of the dependencies in your package.json depends on @playwright/test.[39m
[90m [2m❯[22m TestTypeImpl._currentSuite node_modules/playwright/lib/common/testType.js:[2m75:13[22m[39m
[90m [2m❯[22m TestTypeImpl._describe node_modules/playwright/lib/common/testType.js:[2m115:24[22m[39m
[90m [2m❯[22m Function.describe node_modules/playwright/lib/transform/transform.js:[2m275:12[22m[39m
[36m [2m❯[22m tests/e2e/clientPortal.spec.ts:[2m14:6[22m[39m
    [90m 12| [39m[35mimport[39m { test[33m,[39m expect[33m,[39m type [33mPage[39m } [35mfrom[39m [32m'@playwright/test'[39m[33m;[39m
    [90m 13| [39m
    [90m 14| [39mtest[33m.[39m[34mdescribe[39m([32m'Client Portal'[39m[33m,[39m () [33m=>[39m {
    [90m   | [39m     [31m^[39m
    [90m 15| [39m  [35mlet[39m portalUrl[33m:[39m string[33m;[39m
    [90m 16| [39m

[31m[2m⎯⎯⎯⎯⎯⎯⎯⎯⎯⎯⎯⎯⎯⎯⎯⎯⎯⎯⎯⎯⎯[18/151]⎯[22m[39m

[41m[1m FAIL [22m[49m src/__tests__/e2e/groupE.e2e.test.ts[2m [ src/__tests__/e2e/groupE.e2e.test.ts ][22m
[31m[1mError[22m: Playwright Test did not expect test.describe() to be called here.
Most common reasons include:
- You are calling test.describe() in a configuration file.
- You are calling test.describe() in a file that is imported by the configuration file.
- You have two different versions of @playwright/test. This usually happens
  when one of the dependencies in your package.json depends on @playwright/test.[39m
[90m [2m❯[22m TestTypeImpl._currentSuite node_modules/playwright/lib/common/testType.js:[2m75:13[22m[39m
[90m [2m❯[22m TestTypeImpl._describe node_modules/playwright/lib/common/testType.js:[2m115:24[22m[39m
[90m [2m❯[22m Function.describe node_modules/playwright/lib/transform/transform.js:[2m275:12[22m[39m
[36m [2m❯[22m src/__tests__/e2e/groupE.e2e.test.ts:[2m16:6[22m[39m
    [90m 14| [39m[35mimport[39m { test[33m,[39m expect } [35mfrom[39m [32m'@playwright/test'[39m[33m;[39m
    [90m 15| [39m
    [90m 16| [39mtest[33m.[39m[34mdescribe[39m([32m'Group E E2E Tests'[39m[33m,[39m () [33m=>[39m {
    [90m   | [39m     [31m^[39m
    [90m 17| [39m  test[33m.[39m[34mbeforeEach[39m([35masync[39m ({ page }) [33m=>[39m {
    [90m 18| [39m    [90m// Navigate to app[39m

[31m[2m⎯⎯⎯⎯⎯⎯⎯⎯⎯⎯⎯⎯⎯⎯⎯⎯⎯⎯⎯⎯⎯[19/151]⎯[22m[39m


[31m⎯⎯⎯⎯⎯⎯[39m[1m[41m Failed Tests 132 [49m[22m[31m⎯⎯⎯⎯⎯⎯[39m

[41m[1m FAIL [22m[49m src/crypto/keyDerivation.test.ts[2m > [22mKey Derivation Module[2m > [22mderiveMasterKey[2m > [22mshould fail with insufficient memory cost
[31m[1mAssertionError[22m: expected 'UNKNOWN_ERROR' to be 'INVALID_KEY' // Object.is equality[39m

Expected: [32m"INVALID_KEY"[39m
Received: [31m"UNKNOWN_ERROR"[39m

[36m [2m❯[22m src/crypto/keyDerivation.test.ts:[2m115:32[22m[39m
    [90m113| [39m
    [90m114| [39m      [34mexpect[39m(result[33m.[39msuccess)[33m.[39m[34mtoBe[39m([35mfalse[39m)[33m;[39m
    [90m115| [39m      [34mexpect[39m(result[33m.[39merrorCode)[33m.[39m[34mtoBe[39m([32m'INVALID_KEY'[39m)[33m;[39m
    [90m   | [39m                               [31m^[39m
    [90m116| [39m      [34mexpect[39m(result[33m.[39merror)[33m.[39m[34mtoContain[39m([32m'Memory cost'[39m)[33m;[39m
    [90m117| [39m    })[33m;[39m

[31m[2m⎯⎯⎯⎯⎯⎯⎯⎯⎯⎯⎯⎯⎯⎯⎯⎯⎯⎯⎯⎯⎯[20/151]⎯[22m[39m

[41m[1m FAIL [22m[49m src/crypto/keyDerivation.test.ts[2m > [22mKey Derivation Module[2m > [22mderiveMasterKey[2m > [22mshould fail with insufficient time cost
[31m[1mAssertionError[22m: expected 'UNKNOWN_ERROR' to be 'INVALID_KEY' // Object.is equality[39m

Expected: [32m"INVALID_KEY"[39m
Received: [31m"UNKNOWN_ERROR"[39m

[36m [2m❯[22m src/crypto/keyDerivation.test.ts:[2m128:32[22m[39m
    [90m126| [39m
    [90m127| [39m      [34mexpect[39m(result[33m.[39msuccess)[33m.[39m[34mtoBe[39m([35mfalse[39m)[33m;[39m
    [90m128| [39m      [34mexpect[39m(result[33m.[39merrorCode)[33m.[39m[34mtoBe[39m([32m'INVALID_KEY'[39m)[33m;[39m
    [90m   | [39m                               [31m^[39m
    [90m129| [39m      [34mexpect[39m(result[33m.[39merror)[33m.[39m[34mtoContain[39m([32m'Time cost'[39m)[33m;[39m
    [90m130| [39m    })[33m;[39m

[31m[2m⎯⎯⎯⎯⎯⎯⎯⎯⎯⎯⎯⎯⎯⎯⎯⎯⎯⎯⎯⎯⎯[21/151]⎯[22m[39m

[41m[1m FAIL [22m[49m src/crypto/keyDerivation.test.ts[2m > [22mKey Derivation Module[2m > [22mderiveMasterKey[2m > [22mshould fail with wrong key length
[31m[1mAssertionError[22m: expected 'UNKNOWN_ERROR' to be 'INVALID_KEY' // Object.is equality[39m

Expected: [32m"INVALID_KEY"[39m
Received: [31m"UNKNOWN_ERROR"[39m

[36m [2m❯[22m src/crypto/keyDerivation.test.ts:[2m141:32[22m[39m
    [90m139| [39m
    [90m140| [39m      [34mexpect[39m(result[33m.[39msuccess)[33m.[39m[34mtoBe[39m([35mfalse[39m)[33m;[39m
    [90m141| [39m      [34mexpect[39m(result[33m.[39merrorCode)[33m.[39m[34mtoBe[39m([32m'INVALID_KEY'[39m)[33m;[39m
    [90m   | [39m                               [31m^[39m
    [90m142| [39m      [34mexpect[39m(result[33m.[39merror)[33m.[39m[34mtoContain[39m([32m'Key length'[39m)[33m;[39m
    [90m143| [39m    })[33m;[39m

[31m[2m⎯⎯⎯⎯⎯⎯⎯⎯⎯⎯⎯⎯⎯⎯⎯⎯⎯⎯⎯⎯⎯[22/151]⎯[22m[39m

[41m[1m FAIL [22m[49m src/crypto/keyDerivation.test.ts[2m > [22mKey Derivation Module[2m > [22mderiveMasterKey[2m > [22mshould generate deterministic key with same passphrase and salt
[31m[1mAssertionError[22m: expected false to be true // Object.is equality[39m

[32m- Expected[39m
[31m+ Received[39m

[32m- true[39m
[31m+ false[39m

[36m [2m❯[22m src/crypto/keyDerivation.test.ts:[2m152:31[22m[39m
    [90m150| [39m      [35mconst[39m result2 [33m=[39m [35mawait[39m [34mderiveMasterKey[39m(passphrase[33m,[39m salt)[33m;[39m
    [90m151| [39m
    [90m152| [39m      [34mexpect[39m(result1[33m.[39msuccess)[33m.[39m[34mtoBe[39m([35mtrue[39m)[33m;[39m
    [90m   | [39m                              [31m^[39m
    [90m153| [39m      [34mexpect[39m(result2[33m.[39msuccess)[33m.[39m[34mtoBe[39m([35mtrue[39m)[33m;[39m
    [90m154| [39m      expect(result1.data?.keyMaterial).toEqual(result2.data?.keyMater…

[31m[2m⎯⎯⎯⎯⎯⎯⎯⎯⎯⎯⎯⎯⎯⎯⎯⎯⎯⎯⎯⎯⎯[23/151]⎯[22m[39m

[41m[1m FAIL [22m[49m src/crypto/keyDerivation.test.ts[2m > [22mKey Derivation Module[2m > [22mderiveMasterKey[2m > [22mshould generate different keys with different salts
[31m[1mAssertionError[22m: expected false to be true // Object.is equality[39m

[32m- Expected[39m
[31m+ Received[39m

[32m- true[39m
[31m+ false[39m

[36m [2m❯[22m src/crypto/keyDerivation.test.ts:[2m166:31[22m[39m
    [90m164| [39m      [35mconst[39m result2 [33m=[39m [35mawait[39m [34mderiveMasterKey[39m(passphrase[33m,[39m salt2)[33m;[39m
    [90m165| [39m
    [90m166| [39m      [34mexpect[39m(result1[33m.[39msuccess)[33m.[39m[34mtoBe[39m([35mtrue[39m)[33m;[39m
    [90m   | [39m                              [31m^[39m
    [90m167| [39m      [34mexpect[39m(result2[33m.[39msuccess)[33m.[39m[34mtoBe[39m([35mtrue[39m)[33m;[39m
    [90m168| [39m      expect(result1.data?.keyMaterial).not.toEqual(result2.data?.keyM…

[31m[2m⎯⎯⎯⎯⎯⎯⎯⎯⎯⎯⎯⎯⎯⎯⎯⎯⎯⎯⎯⎯⎯[24/151]⎯[22m[39m

[41m[1m FAIL [22m[49m src/crypto/keyDerivation.test.ts[2m > [22mKey Derivation Module[2m > [22mderiveMasterKey[2m > [22mshould generate different keys with different passphrases
[31m[1mAssertionError[22m: expected false to be true // Object.is equality[39m

[32m- Expected[39m
[31m+ Received[39m

[32m- true[39m
[31m+ false[39m

[36m [2m❯[22m src/crypto/keyDerivation.test.ts:[2m178:31[22m[39m
    [90m176| [39m      [35mconst[39m result2 [33m=[39m [35mawait[39m [34mderiveMasterKey[39m([32m'passphrase two'[39m[33m,[39m salt)[33m;[39m
    [90m177| [39m
    [90m178| [39m      [34mexpect[39m(result1[33m.[39msuccess)[33m.[39m[34mtoBe[39m([35mtrue[39m)[33m;[39m
    [90m   | [39m                              [31m^[39m
    [90m179| [39m      [34mexpect[39m(result2[33m.[39msuccess)[33m.[39m[34mtoBe[39m([35mtrue[39m)[33m;[39m
    [90m180| [39m      expect(result1.data?.keyMaterial).not.toEqual(result2.data?.keyM…

[31m[2m⎯⎯⎯⎯⎯⎯⎯⎯⎯⎯⎯⎯⎯⎯⎯⎯⎯⎯⎯⎯⎯[25/151]⎯[22m[39m

[41m[1m FAIL [22m[49m src/crypto/keyDerivation.test.ts[2m > [22mKey Derivation Module[2m > [22mderiveMasterKey[2m > [22mshould handle Unicode passphrases
[31m[1mAssertionError[22m: expected false to be true // Object.is equality[39m

[32m- Expected[39m
[31m+ Received[39m

[32m- true[39m
[31m+ false[39m

[36m [2m❯[22m src/crypto/keyDerivation.test.ts:[2m188:30[22m[39m
    [90m186| [39m      [35mconst[39m result [33m=[39m [35mawait[39m [34mderiveMasterKey[39m(passphrase)[33m;[39m
    [90m187| [39m
    [90m188| [39m      [34mexpect[39m(result[33m.[39msuccess)[33m.[39m[34mtoBe[39m([35mtrue[39m)[33m;[39m
    [90m   | [39m                             [31m^[39m
    [90m189| [39m      [34mexpect[39m(result[33m.[39mdata)[33m.[39m[34mtoBeDefined[39m()[33m;[39m
    [90m190| [39m    })[33m;[39m

[31m[2m⎯⎯⎯⎯⎯⎯⎯⎯⎯⎯⎯⎯⎯⎯⎯⎯⎯⎯⎯⎯⎯[26/151]⎯[22m[39m

[41m[1m FAIL [22m[49m src/crypto/keyDerivation.test.ts[2m > [22mKey Derivation Module[2m > [22mderiveMasterKey[2m > [22mshould handle very long passphrases
[31m[1mAssertionError[22m: expected false to be true // Object.is equality[39m

[32m- Expected[39m
[31m+ Received[39m

[32m- true[39m
[31m+ false[39m

[36m [2m❯[22m src/crypto/keyDerivation.test.ts:[2m196:30[22m[39m
    [90m194| [39m      [35mconst[39m result [33m=[39m [35mawait[39m [34mderiveMasterKey[39m(passphrase)[33m;[39m
    [90m195| [39m
    [90m196| [39m      [34mexpect[39m(result[33m.[39msuccess)[33m.[39m[34mtoBe[39m([35mtrue[39m)[33m;[39m
    [90m   | [39m                             [31m^[39m
    [90m197| [39m      [34mexpect[39m(result[33m.[39mdata)[33m.[39m[34mtoBeDefined[39m()[33m;[39m
    [90m198| [39m    })[33m;[39m

[31m[2m⎯⎯⎯⎯⎯⎯⎯⎯⎯⎯⎯⎯⎯⎯⎯⎯⎯⎯⎯⎯⎯[27/151]⎯[22m[39m

[41m[1m FAIL [22m[49m src/crypto/keyDerivation.test.ts[2m > [22mKey Derivation Module[2m > [22mrederiveMasterKey[2m > [22mshould rederive the same key with same params
[31m[1mAssertionError[22m: expected false to be true // Object.is equality[39m

[32m- Expected[39m
[31m+ Received[39m

[32m- true[39m
[31m+ false[39m

[36m [2m❯[22m src/crypto/keyDerivation.test.ts:[2m206:38[22m[39m
    [90m204| [39m      [35mconst[39m originalResult [33m=[39m [35mawait[39m [34mderiveMasterKey[39m(passphrase)[33m;[39m
    [90m205| [39m
    [90m206| [39m      [34mexpect[39m(originalResult[33m.[39msuccess)[33m.[39m[34mtoBe[39m([35mtrue[39m)[33m;[39m
    [90m   | [39m                                     [31m^[39m
    [90m207| [39m      [34mexpect[39m(originalResult[33m.[39mdata)[33m.[39m[34mtoBeDefined[39m()[33m;[39m
    [90m208| [39m

[31m[2m⎯⎯⎯⎯⎯⎯⎯⎯⎯⎯⎯⎯⎯⎯⎯⎯⎯⎯⎯⎯⎯[28/151]⎯[22m[39m

[41m[1m FAIL [22m[49m src/crypto/keyDerivation.test.ts[2m > [22mKey Derivation Module[2m > [22mrederiveMasterKey[2m > [22mshould fail with wrong passphrase
[31m[1mAssertionError[22m: expected false to be true // Object.is equality[39m

[32m- Expected[39m
[31m+ Received[39m

[32m- true[39m
[31m+ false[39m

[36m [2m❯[22m src/crypto/keyDerivation.test.ts:[2m224:38[22m[39m
    [90m222| [39m      const originalResult = await deriveMasterKey('correct passphrase…
    [90m223| [39m
    [90m224| [39m      [34mexpect[39m(originalResult[33m.[39msuccess)[33m.[39m[34mtoBe[39m([35mtrue[39m)[33m;[39m
    [90m   | [39m                                     [31m^[39m
    [90m225| [39m      [34mexpect[39m(originalResult[33m.[39mdata)[33m.[39m[34mtoBeDefined[39m()[33m;[39m
    [90m226| [39m

[31m[2m⎯⎯⎯⎯⎯⎯⎯⎯⎯⎯⎯⎯⎯⎯⎯⎯⎯⎯⎯⎯⎯[29/151]⎯[22m[39m

[41m[1m FAIL [22m[49m src/crypto/keyDerivation.test.ts[2m > [22mKey Derivation Module[2m > [22mverifyPassphrase[2m > [22mshould verify correct passphrase
[31m[1mAssertionError[22m: expected false to be true // Object.is equality[39m

[32m- Expected[39m
[31m+ Received[39m

[32m- true[39m
[31m+ false[39m

[36m [2m❯[22m src/crypto/keyDerivation.test.ts:[2m242:33[22m[39m
    [90m240| [39m      [35mconst[39m keyResult [33m=[39m [35mawait[39m [34mderiveMasterKey[39m(passphrase)[33m;[39m
    [90m241| [39m
    [90m242| [39m      [34mexpect[39m(keyResult[33m.[39msuccess)[33m.[39m[34mtoBe[39m([35mtrue[39m)[33m;[39m
    [90m   | [39m                                [31m^[39m
    [90m243| [39m      [34mexpect[39m(keyResult[33m.[39mdata)[33m.[39m[34mtoBeDefined[39m()[33m;[39m
    [90m244| [39m

[31m[2m⎯⎯⎯⎯⎯⎯⎯⎯⎯⎯⎯⎯⎯⎯⎯⎯⎯⎯⎯⎯⎯[30/151]⎯[22m[39m

[41m[1m FAIL [22m[49m src/crypto/keyDerivation.test.ts[2m > [22mKey Derivation Module[2m > [22mverifyPassphrase[2m > [22mshould reject incorrect passphrase
[31m[1mAssertionError[22m: expected false to be true // Object.is equality[39m

[32m- Expected[39m
[31m+ Received[39m

[32m- true[39m
[31m+ false[39m

[36m [2m❯[22m src/crypto/keyDerivation.test.ts:[2m255:33[22m[39m
    [90m253| [39m      [35mconst[39m keyResult [33m=[39m [35mawait[39m [34mderiveMasterKey[39m(correctPassphrase)[33m;[39m
    [90m254| [39m
    [90m255| [39m      [34mexpect[39m(keyResult[33m.[39msuccess)[33m.[39m[34mtoBe[39m([35mtrue[39m)[33m;[39m
    [90m   | [39m                                [31m^[39m
    [90m256| [39m      [34mexpect[39m(keyResult[33m.[39mdata)[33m.[39m[34mtoBeDefined[39m()[33m;[39m
    [90m257| [39m

[31m[2m⎯⎯⎯⎯⎯⎯⎯⎯⎯⎯⎯⎯⎯⎯⎯⎯⎯⎯⎯⎯⎯[31/151]⎯[22m[39m

[41m[1m FAIL [22m[49m src/crypto/keyDerivation.test.ts[2m > [22mKey Derivation Module[2m > [22mverifyPassphrase[2m > [22mshould handle verification errors gracefully
[31m[1mAssertionError[22m: expected false to be true // Object.is equality[39m

[32m- Expected[39m
[31m+ Received[39m

[32m- true[39m
[31m+ false[39m

[36m [2m❯[22m src/crypto/keyDerivation.test.ts:[2m266:33[22m[39m
    [90m264| [39m      [35mconst[39m keyResult [33m=[39m [35mawait[39m [34mderiveMasterKey[39m(passphrase)[33m;[39m
    [90m265| [39m
    [90m266| [39m      [34mexpect[39m(keyResult[33m.[39msuccess)[33m.[39m[34mtoBe[39m([35mtrue[39m)[33m;[39m
    [90m   | [39m                                [31m^[39m
    [90m267| [39m      [34mexpect[39m(keyResult[33m.[39mdata)[33m.[39m[34mtoBeDefined[39m()[33m;[39m
    [90m268| [39m

[31m[2m⎯⎯⎯⎯⎯⎯⎯⎯⎯⎯⎯⎯⎯⎯⎯⎯⎯⎯⎯⎯⎯[32/151]⎯[22m[39m

[41m[1m FAIL [22m[49m src/crypto/keyDerivation.test.ts[2m > [22mKey Derivation Module[2m > [22mverifyPassphrase[2m > [22mshould use constant-time comparison
[31m[1mAssertionError[22m: expected false to be true // Object.is equality[39m

[32m- Expected[39m
[31m+ Received[39m

[32m- true[39m
[31m+ false[39m

[36m [2m❯[22m src/crypto/keyDerivation.test.ts:[2m277:33[22m[39m
    [90m275| [39m      [35mconst[39m keyResult [33m=[39m [35mawait[39m [34mderiveMasterKey[39m(passphrase)[33m;[39m
    [90m276| [39m
    [90m277| [39m      [34mexpect[39m(keyResult[33m.[39msuccess)[33m.[39m[34mtoBe[39m([35mtrue[39m)[33m;[39m
    [90m   | [39m                                [31m^[39m
    [90m278| [39m      [34mexpect[39m(keyResult[33m.[39mdata)[33m.[39m[34mtoBeDefined[39m()[33m;[39m
    [90m279| [39m

[31m[2m⎯⎯⎯⎯⎯⎯⎯⎯⎯⎯⎯⎯⎯⎯⎯⎯⎯⎯⎯⎯⎯[33/151]⎯[22m[39m

[41m[1m FAIL [22m[49m src/crypto/keyDerivation.test.ts[2m > [22mKey Derivation Module[2m > [22mclearMasterKey[2m > [22mshould clear all sensitive data from master key
[31m[1mAssertionError[22m: expected false to be true // Object.is equality[39m

[32m- Expected[39m
[31m+ Received[39m

[32m- true[39m
[31m+ false[39m

[36m [2m❯[22m src/crypto/keyDerivation.test.ts:[2m353:30[22m[39m
    [90m351| [39m      [35mconst[39m result [33m=[39m [35mawait[39m [34mderiveMasterKey[39m(passphrase)[33m;[39m
    [90m352| [39m
    [90m353| [39m      [34mexpect[39m(result[33m.[39msuccess)[33m.[39m[34mtoBe[39m([35mtrue[39m)[33m;[39m
    [90m   | [39m                             [31m^[39m
    [90m354| [39m      [34mexpect[39m(result[33m.[39mdata)[33m.[39m[34mtoBeDefined[39m()[33m;[39m
    [90m355| [39m

[31m[2m⎯⎯⎯⎯⎯⎯⎯⎯⎯⎯⎯⎯⎯⎯⎯⎯⎯⎯⎯⎯⎯[34/151]⎯[22m[39m

[41m[1m FAIL [22m[49m src/crypto/keyDerivation.test.ts[2m > [22mKey Derivation Module[2m > [22msecurity properties[2m > [22mshould produce keys with high entropy
[31m[1mAssertionError[22m: expected false to be true // Object.is equality[39m

[32m- Expected[39m
[31m+ Received[39m

[32m- true[39m
[31m+ false[39m

[36m [2m❯[22m src/crypto/keyDerivation.test.ts:[2m382:30[22m[39m
    [90m380| [39m      [35mconst[39m result [33m=[39m [35mawait[39m [34mderiveMasterKey[39m(passphrase)[33m;[39m
    [90m381| [39m
    [90m382| [39m      [34mexpect[39m(result[33m.[39msuccess)[33m.[39m[34mtoBe[39m([35mtrue[39m)[33m;[39m
    [90m   | [39m                             [31m^[39m
    [90m383| [39m      [34mexpect[39m(result[33m.[39mdata)[33m.[39m[34mtoBeDefined[39m()[33m;[39m
    [90m384| [39m

[31m[2m⎯⎯⎯⎯⎯⎯⎯⎯⎯⎯⎯⎯⎯⎯⎯⎯⎯⎯⎯⎯⎯[35/151]⎯[22m[39m

[41m[1m FAIL [22m[49m src/crypto/keyDerivation.test.ts[2m > [22mKey Derivation Module[2m > [22msecurity properties[2m > [22mshould resist rainbow table attacks (unique salt per key)
[31m[1mAssertionError[22m: expected false to be true // Object.is equality[39m

[32m- Expected[39m
[31m+ Received[39m

[32m- true[39m
[31m+ false[39m

[36m [2m❯[22m src/crypto/keyDerivation.test.ts:[2m408:31[22m[39m
    [90m406| [39m      [35mconst[39m result2 [33m=[39m [35mawait[39m [34mderiveMasterKey[39m(passphrase)[33m;[39m
    [90m407| [39m
    [90m408| [39m      [34mexpect[39m(result1[33m.[39msuccess)[33m.[39m[34mtoBe[39m([35mtrue[39m)[33m;[39m
    [90m   | [39m                              [31m^[39m
    [90m409| [39m      [34mexpect[39m(result2[33m.[39msuccess)[33m.[39m[34mtoBe[39m([35mtrue[39m)[33m;[39m
    [90m410| [39m

[31m[2m⎯⎯⎯⎯⎯⎯⎯⎯⎯⎯⎯⎯⎯⎯⎯⎯⎯⎯⎯⎯⎯[36/151]⎯[22m[39m

[41m[1m FAIL [22m[49m src/crypto/keyDerivation.test.ts[2m > [22mKey Derivation Module[2m > [22msecurity properties[2m > [22mshould meet minimum security requirements
[31m[1mAssertionError[22m: expected false to be true // Object.is equality[39m

[32m- Expected[39m
[31m+ Received[39m

[32m- true[39m
[31m+ false[39m

[36m [2m❯[22m src/crypto/keyDerivation.test.ts:[2m420:30[22m[39m
    [90m418| [39m      [35mconst[39m result [33m=[39m [35mawait[39m [34mderiveMasterKey[39m(passphrase)[33m;[39m
    [90m419| [39m
    [90m420| [39m      [34mexpect[39m(result[33m.[39msuccess)[33m.[39m[34mtoBe[39m([35mtrue[39m)[33m;[39m
    [90m   | [39m                             [31m^[39m
    [90m421| [39m      [34mexpect[39m(result[33m.[39mdata)[33m.[39m[34mtoBeDefined[39m()[33m;[39m
    [90m422| [39m

[31m[2m⎯⎯⎯⎯⎯⎯⎯⎯⎯⎯⎯⎯⎯⎯⎯⎯⎯⎯⎯⎯⎯[37/151]⎯[22m[39m

[41m[1m FAIL [22m[49m src/crypto/keyDerivation.test.ts[2m > [22mKey Derivation Module[2m > [22medge cases[2m > [22mshould handle passphrases with special characters
[31m[1mAssertionError[22m: expected false to be true // Object.is equality[39m

[32m- Expected[39m
[31m+ Received[39m

[32m- true[39m
[31m+ false[39m

[36m [2m❯[22m src/crypto/keyDerivation.test.ts:[2m438:30[22m[39m
    [90m436| [39m      [35mconst[39m result [33m=[39m [35mawait[39m [34mderiveMasterKey[39m(passphrase)[33m;[39m
    [90m437| [39m
    [90m438| [39m      [34mexpect[39m(result[33m.[39msuccess)[33m.[39m[34mtoBe[39m([35mtrue[39m)[33m;[39m
    [90m   | [39m                             [31m^[39m
    [90m439| [39m      [34mexpect[39m(result[33m.[39mdata)[33m.[39m[34mtoBeDefined[39m()[33m;[39m
    [90m440| [39m    })[33m;[39m

[31m[2m⎯⎯⎯⎯⎯⎯⎯⎯⎯⎯⎯⎯⎯⎯⎯⎯⎯⎯⎯⎯⎯[38/151]⎯[22m[39m

[41m[1m FAIL [22m[49m src/crypto/keyDerivation.test.ts[2m > [22mKey Derivation Module[2m > [22medge cases[2m > [22mshould handle passphrases with whitespace
[31m[1mAssertionError[22m: expected false to be true // Object.is equality[39m

[32m- Expected[39m
[31m+ Received[39m

[32m- true[39m
[31m+ false[39m

[36m [2m❯[22m src/crypto/keyDerivation.test.ts:[2m446:30[22m[39m
    [90m444| [39m      [35mconst[39m result [33m=[39m [35mawait[39m [34mderiveMasterKey[39m(passphrase)[33m;[39m
    [90m445| [39m
    [90m446| [39m      [34mexpect[39m(result[33m.[39msuccess)[33m.[39m[34mtoBe[39m([35mtrue[39m)[33m;[39m
    [90m   | [39m                             [31m^[39m
    [90m447| [39m      [34mexpect[39m(result[33m.[39mdata)[33m.[39m[34mtoBeDefined[39m()[33m;[39m
    [90m448| [39m    })[33m;[39m

[31m[2m⎯⎯⎯⎯⎯⎯⎯⎯⎯⎯⎯⎯⎯⎯⎯⎯⎯⎯⎯⎯⎯[39/151]⎯[22m[39m

[41m[1m FAIL [22m[49m src/crypto/keyDerivation.test.ts[2m > [22mKey Derivation Module[2m > [22medge cases[2m > [22mshould handle passphrases with newlines and tabs
[31m[1mAssertionError[22m: expected false to be true // Object.is equality[39m

[32m- Expected[39m
[31m+ Received[39m

[32m- true[39m
[31m+ false[39m

[36m [2m❯[22m src/crypto/keyDerivation.test.ts:[2m454:30[22m[39m
    [90m452| [39m      [35mconst[39m result [33m=[39m [35mawait[39m [34mderiveMasterKey[39m(passphrase)[33m;[39m
    [90m453| [39m
    [90m454| [39m      [34mexpect[39m(result[33m.[39msuccess)[33m.[39m[34mtoBe[39m([35mtrue[39m)[33m;[39m
    [90m   | [39m                             [31m^[39m
    [90m455| [39m      [34mexpect[39m(result[33m.[39mdata)[33m.[39m[34mtoBeDefined[39m()[33m;[39m
    [90m456| [39m    })[33m;[39m

[31m[2m⎯⎯⎯⎯⎯⎯⎯⎯⎯⎯⎯⎯⎯⎯⎯⎯⎯⎯⎯⎯⎯[40/151]⎯[22m[39m

[41m[1m FAIL [22m[49m src/crypto/keyDerivation.test.ts[2m > [22mKey Derivation Module[2m > [22medge cases[2m > [22mshould handle numeric passphrases
[31m[1mAssertionError[22m: expected false to be true // Object.is equality[39m

[32m- Expected[39m
[31m+ Received[39m

[32m- true[39m
[31m+ false[39m

[36m [2m❯[22m src/crypto/keyDerivation.test.ts:[2m462:30[22m[39m
    [90m460| [39m      [35mconst[39m result [33m=[39m [35mawait[39m [34mderiveMasterKey[39m(passphrase)[33m;[39m
    [90m461| [39m
    [90m462| [39m      [34mexpect[39m(result[33m.[39msuccess)[33m.[39m[34mtoBe[39m([35mtrue[39m)[33m;[39m
    [90m   | [39m                             [31m^[39m
    [90m463| [39m      [34mexpect[39m(result[33m.[39mdata)[33m.[39m[34mtoBeDefined[39m()[33m;[39m
    [90m464| [39m    })[33m;[39m

[31m[2m⎯⎯⎯⎯⎯⎯⎯⎯⎯⎯⎯⎯⎯⎯⎯⎯⎯⎯⎯⎯⎯[41/151]⎯[22m[39m

[41m[1m FAIL [22m[49m src/crypto/keyDerivation.test.ts[2m > [22mKey Derivation Module[2m > [22medge cases[2m > [22mshould treat similar passphrases as different
[31m[1mAssertionError[22m: expected false to be true // Object.is equality[39m

[32m- Expected[39m
[31m+ Received[39m

[32m- true[39m
[31m+ false[39m

[36m [2m❯[22m src/crypto/keyDerivation.test.ts:[2m475:31[22m[39m
    [90m473| [39m      [35mconst[39m result2 [33m=[39m [35mawait[39m [34mderiveMasterKey[39m(passphrase2[33m,[39m salt)[33m;[39m
    [90m474| [39m
    [90m475| [39m      [34mexpect[39m(result1[33m.[39msuccess)[33m.[39m[34mtoBe[39m([35mtrue[39m)[33m;[39m
    [90m   | [39m                              [31m^[39m
    [90m476| [39m      [34mexpect[39m(result2[33m.[39msuccess)[33m.[39m[34mtoBe[39m([35mtrue[39m)[33m;[39m
    [90m477| [39m      [34mexpect[39m(result1[33m.[39mdata[33m?.[39mid)[33m.[39mnot[33m.[39m[34mtoBe[39m(result2[33m.[39mdata[33m?.[39mid)[33m;[39m

[31m[2m⎯⎯⎯⎯⎯⎯⎯⎯⎯⎯⎯⎯⎯⎯⎯⎯⎯⎯⎯⎯⎯[42/151]⎯[22m[39m

[41m[1m FAIL [22m[49m src/services/auditLogExtended.perf.test.ts[2m > [22mExtended Audit Log Performance Tests[2m > [22mSearch Performance with 100,000+ Entries[2m > [22mshould search all logs in <200ms
[31m[1mAssertionError[22m: expected 8852.700399999972 to be less than 200[39m
[36m [2m❯[22m src/services/auditLogExtended.perf.test.ts:[2m146:38[22m[39m
    [90m144| [39m      [34mexpect[39m(result[33m.[39mtotal)[33m.[39m[34mtoBe[39m([33mLARGE_DATASET_SIZE[39m)[33m;[39m
    [90m145| [39m      [34mexpect[39m(result[33m.[39mlogs[33m.[39mlength)[33m.[39m[34mtoBe[39m([34m100[39m)[33m;[39m
    [90m146| [39m      [34mexpect[39m(result[33m.[39mexecutionTimeMs)[33m.[39m[34mtoBeLessThan[39m([34m200[39m)[33m;[39m
    [90m   | [39m                                     [31m^[39m
    [90m147| [39m      [34mexpect[39m(endTime [33m-[39m startTime)[33m.[39m[34mtoBeLessThan[39m([34m500[39m)[33m;[39m
    [90m148| [39m    })[33m;[39m

[31m[2m⎯⎯⎯⎯⎯⎯⎯⎯⎯⎯⎯⎯⎯⎯⎯⎯⎯⎯⎯⎯⎯[43/151]⎯[22m[39m

[41m[1m FAIL [22m[49m src/services/auditLogExtended.perf.test.ts[2m > [22mExtended Audit Log Performance Tests[2m > [22mSearch Performance with 100,000+ Entries[2m > [22mshould perform date range search in <200ms
[31m[1mAssertionError[22m: expected 1049.2812999999733 to be less than 200[39m
[36m [2m❯[22m src/services/auditLogExtended.perf.test.ts:[2m167:38[22m[39m
    [90m165| [39m      console[33m.[39m[34mlog[39m([32m`Found [39m[36m${[39mresult[33m.[39mtotal[36m}[39m[32m logs in date range`[39m)[33m;[39m
    [90m166| [39m
    [90m167| [39m      [34mexpect[39m(result[33m.[39mexecutionTimeMs)[33m.[39m[34mtoBeLessThan[39m([34m200[39m)[33m;[39m
    [90m   | [39m                                     [31m^[39m
    [90m168| [39m      [34mexpect[39m(endTime [33m-[39m startTime)[33m.[39m[34mtoBeLessThan[39m([34m500[39m)[33m;[39m
    [90m169| [39m    })[33m;[39m

[31m[2m⎯⎯⎯⎯⎯⎯⎯⎯⎯⎯⎯⎯⎯⎯⎯⎯⎯⎯⎯⎯⎯[44/151]⎯[22m[39m

[41m[1m FAIL [22m[49m src/services/auditLogExtended.perf.test.ts[2m > [22mExtended Audit Log Performance Tests[2m > [22mSearch Performance with 100,000+ Entries[2m > [22mshould perform full-text search in <200ms
[31m[1mAssertionError[22m: expected 8021.908399999957 to be less than 200[39m
[36m [2m❯[22m src/services/auditLogExtended.perf.test.ts:[2m183:38[22m[39m
    [90m181| [39m      console[33m.[39m[34mlog[39m([32m`Found [39m[36m${[39mresult[33m.[39mtotal[36m}[39m[32m matching logs`[39m)[33m;[39m
    [90m182| [39m
    [90m183| [39m      [34mexpect[39m(result[33m.[39mexecutionTimeMs)[33m.[39m[34mtoBeLessThan[39m([34m200[39m)[33m;[39m
    [90m   | [39m                                     [31m^[39m
    [90m184| [39m      [34mexpect[39m(endTime [33m-[39m startTime)[33m.[39m[34mtoBeLessThan[39m([34m500[39m)[33m;[39m
    [90m185| [39m    })[33m;[39m

[31m[2m⎯⎯⎯⎯⎯⎯⎯⎯⎯⎯⎯⎯⎯⎯⎯⎯⎯⎯⎯⎯⎯[45/151]⎯[22m[39m

[41m[1m FAIL [22m[49m src/services/auditLogExtended.perf.test.ts[2m > [22mExtended Audit Log Performance Tests[2m > [22mSearch Performance with 100,000+ Entries[2m > [22mshould perform complex filtered search in <200ms
[31m[1mAssertionError[22m: expected 1111.2447999999858 to be less than 200[39m
[36m [2m❯[22m src/services/auditLogExtended.perf.test.ts:[2m208:38[22m[39m
    [90m206| [39m      console[33m.[39m[34mlog[39m([32m`Found [39m[36m${[39mresult[33m.[39mtotal[36m}[39m[32m matching logs`[39m)[33m;[39m
    [90m207| [39m
    [90m208| [39m      [34mexpect[39m(result[33m.[39mexecutionTimeMs)[33m.[39m[34mtoBeLessThan[39m([34m200[39m)[33m;[39m
    [90m   | [39m                                     [31m^[39m
    [90m209| [39m      [34mexpect[39m(endTime [33m-[39m startTime)[33m.[39m[34mtoBeLessThan[39m([34m1000[39m)[33m;[39m
    [90m210| [39m    })[33m;[39m

[31m[2m⎯⎯⎯⎯⎯⎯⎯⎯⎯⎯⎯⎯⎯⎯⎯⎯⎯⎯⎯⎯⎯[46/151]⎯[22m[39m

[41m[1m FAIL [22m[49m src/services/auditLogExtended.perf.test.ts[2m > [22mExtended Audit Log Performance Tests[2m > [22mSearch Performance with 100,000+ Entries[2m > [22mshould handle pagination efficiently
[31m[1mAssertionError[22m: expected 7318.273300000001 to be less than 200[39m
[36m [2m❯[22m src/services/auditLogExtended.perf.test.ts:[2m227:40[22m[39m
    [90m225| [39m        timings[33m.[39m[34mpush[39m(endTime [33m-[39m startTime)[33m;[39m
    [90m226| [39m        [34mexpect[39m(result[33m.[39mlogs[33m.[39mlength)[33m.[39m[34mtoBe[39m([34m100[39m)[33m;[39m
    [90m227| [39m        [34mexpect[39m(result[33m.[39mexecutionTimeMs)[33m.[39m[34mtoBeLessThan[39m([34m200[39m)[33m;[39m
    [90m   | [39m                                       [31m^[39m
    [90m228| [39m      }
    [90m229| [39m

[31m[2m⎯⎯⎯⎯⎯⎯⎯⎯⎯⎯⎯⎯⎯⎯⎯⎯⎯⎯⎯⎯⎯[47/151]⎯[22m[39m

[41m[1m FAIL [22m[49m src/services/auditLogExtended.perf.test.ts[2m > [22mExtended Audit Log Performance Tests[2m > [22mTimeline Generation Performance[2m > [22mshould generate daily timeline in <200ms
[31m[1mAssertionError[22m: expected 1101.2220000000088 to be less than 200[39m
[36m [2m❯[22m src/services/auditLogExtended.perf.test.ts:[2m254:38[22m[39m
    [90m252| [39m      console.log(`Generated ${result.entries.length} timeline entries…
    [90m253| [39m
    [90m254| [39m      [34mexpect[39m(result[33m.[39mexecutionTimeMs)[33m.[39m[34mtoBeLessThan[39m([34m200[39m)[33m;[39m
    [90m   | [39m                                     [31m^[39m
    [90m255| [39m      [34mexpect[39m(endTime [33m-[39m startTime)[33m.[39m[34mtoBeLessThan[39m([34m1000[39m)[33m;[39m
    [90m256| [39m      [34mexpect[39m(result[33m.[39mentries[33m.[39mlength)[33m.[39m[34mtoBeGreaterThan[39m([34m0[39m)[33m;[39m

[31m[2m⎯⎯⎯⎯⎯⎯⎯⎯⎯⎯⎯⎯⎯⎯⎯⎯⎯⎯⎯⎯⎯[48/151]⎯[22m[39m

[41m[1m FAIL [22m[49m src/services/auditLogExtended.perf.test.ts[2m > [22mExtended Audit Log Performance Tests[2m > [22mTimeline Generation Performance[2m > [22mshould generate weekly timeline in <200ms
[31m[1mAssertionError[22m: expected 7007.222799999989 to be less than 200[39m
[36m [2m❯[22m src/services/auditLogExtended.perf.test.ts:[2m295:38[22m[39m
    [90m293| [39m      console.log(`Weekly timeline generation completed in ${(endTime …
    [90m294| [39m
    [90m295| [39m      [34mexpect[39m(result[33m.[39mexecutionTimeMs)[33m.[39m[34mtoBeLessThan[39m([34m200[39m)[33m;[39m
    [90m   | [39m                                     [31m^[39m
    [90m296| [39m      [34mexpect[39m(endTime [33m-[39m startTime)[33m.[39m[34mtoBeLessThan[39m([34m1000[39m)[33m;[39m
    [90m297| [39m    })[33m;[39m

[31m[2m⎯⎯⎯⎯⎯⎯⎯⎯⎯⎯⎯⎯⎯⎯⎯⎯⎯⎯⎯⎯⎯[49/151]⎯[22m[39m

[41m[1m FAIL [22m[49m src/services/auditLogExtended.perf.test.ts[2m > [22mExtended Audit Log Performance Tests[2m > [22mTimeline Generation Performance[2m > [22mshould generate monthly timeline in <200ms
[31m[1mAssertionError[22m: expected 14329.063200000033 to be less than 200[39m
[36m [2m❯[22m src/services/auditLogExtended.perf.test.ts:[2m315:38[22m[39m
    [90m313| [39m      console.log(`Monthly timeline generation completed in ${(endTime…
    [90m314| [39m
    [90m315| [39m      [34mexpect[39m(result[33m.[39mexecutionTimeMs)[33m.[39m[34mtoBeLessThan[39m([34m200[39m)[33m;[39m
    [90m   | [39m                                     [31m^[39m
    [90m316| [39m      [34mexpect[39m(endTime [33m-[39m startTime)[33m.[39m[34mtoBeLessThan[39m([34m1000[39m)[33m;[39m
    [90m317| [39m    })[33m;[39m

[31m[2m⎯⎯⎯⎯⎯⎯⎯⎯⎯⎯⎯⎯⎯⎯⎯⎯⎯⎯⎯⎯⎯[50/151]⎯[22m[39m

[41m[1m FAIL [22m[49m src/services/auditLogExtended.perf.test.ts[2m > [22mExtended Audit Log Performance Tests[2m > [22mExport Performance[2m > [22mshould export 1,000 logs to CSV in reasonable time
[31m[1mAssertionError[22m: expected 100000 to be 1000 // Object.is equality[39m

[32m- Expected[39m
[31m+ Received[39m

[32m- 1000[39m
[31m+ 100000[39m

[36m [2m❯[22m src/services/auditLogExtended.perf.test.ts:[2m331:34[22m[39m
    [90m329| [39m      console.log(`CSV export (1,000 logs) completed in ${(endTime - s…
    [90m330| [39m
    [90m331| [39m      [34mexpect[39m(result[33m.[39mrecordCount)[33m.[39m[34mtoBe[39m([34m1000[39m)[33m;[39m
    [90m   | [39m                                 [31m^[39m
    [90m332| [39m      [34mexpect[39m(endTime [33m-[39m startTime)[33m.[39m[34mtoBeLessThan[39m([34m2000[39m)[33m;[39m
    [90m333| [39m      [34mexpect[39m([35mtypeof[39m result[33m.[39mdata)[33m.[39m[34mtoBe[39m([32m'string'[39m)[33m;[39m

[31m[2m⎯⎯⎯⎯⎯⎯⎯⎯⎯⎯⎯⎯⎯⎯⎯⎯⎯⎯⎯⎯⎯[51/151]⎯[22m[39m

[41m[1m FAIL [22m[49m src/services/auditLogExtended.perf.test.ts[2m > [22mExtended Audit Log Performance Tests[2m > [22mExport Performance[2m > [22mshould export 10,000 logs to CSV in reasonable time
[31m[1mAssertionError[22m: expected 100000 to be 10000 // Object.is equality[39m

[32m- Expected[39m
[31m+ Received[39m

[32m- 10000[39m
[31m+ 100000[39m

[36m [2m❯[22m src/services/auditLogExtended.perf.test.ts:[2m346:34[22m[39m
    [90m344| [39m      console.log(`CSV export (10,000 logs) completed in ${(endTime - …
    [90m345| [39m
    [90m346| [39m      [34mexpect[39m(result[33m.[39mrecordCount)[33m.[39m[34mtoBe[39m([34m10000[39m)[33m;[39m
    [90m   | [39m                                 [31m^[39m
    [90m347| [39m      [34mexpect[39m(endTime [33m-[39m startTime)[33m.[39m[34mtoBeLessThan[39m([34m5000[39m)[33m;[39m
    [90m348| [39m      [34mexpect[39m([35mtypeof[39m result[33m.[39mdata)[33m.[39m[34mtoBe[39m([32m'string'[39m)[33m;[39m

[31m[2m⎯⎯⎯⎯⎯⎯⎯⎯⎯⎯⎯⎯⎯⎯⎯⎯⎯⎯⎯⎯⎯[52/151]⎯[22m[39m

[41m[1m FAIL [22m[49m src/services/auditLogExtended.perf.test.ts[2m > [22mExtended Audit Log Performance Tests[2m > [22mExport Performance[2m > [22mshould export 1,000 logs to PDF data in reasonable time
[31m[1mAssertionError[22m: expected 100000 to be 1000 // Object.is equality[39m

[32m- Expected[39m
[31m+ Received[39m

[32m- 1000[39m
[31m+ 100000[39m

[36m [2m❯[22m src/services/auditLogExtended.perf.test.ts:[2m364:34[22m[39m
    [90m362| [39m      console.log(`PDF export (1,000 logs) completed in ${(endTime - s…
    [90m363| [39m
    [90m364| [39m      [34mexpect[39m(result[33m.[39mrecordCount)[33m.[39m[34mtoBe[39m([34m1000[39m)[33m;[39m
    [90m   | [39m                                 [31m^[39m
    [90m365| [39m      [34mexpect[39m(endTime [33m-[39m startTime)[33m.[39m[34mtoBeLessThan[39m([34m2000[39m)[33m;[39m
    [90m366| [39m      [34mexpect[39m([35mtypeof[39m result[33m.[39mdata)[33m.[39m[34mtoBe[39m([32m'string'[39m)[33m;[39m

[31m[2m⎯⎯⎯⎯⎯⎯⎯⎯⎯⎯⎯⎯⎯⎯⎯⎯⎯⎯⎯⎯⎯[53/151]⎯[22m[39m

[41m[1m FAIL [22m[49m src/services/auditLogExtended.perf.test.ts[2m > [22mExtended Audit Log Performance Tests[2m > [22mStatistics Performance[2m > [22mshould generate statistics in <200ms
[31m[1mAssertionError[22m: expected 8288.683699999994 to be less than 200[39m
[36m [2m❯[22m src/services/auditLogExtended.perf.test.ts:[2m407:38[22m[39m
    [90m405| [39m
    [90m406| [39m      [34mexpect[39m(result[33m.[39mtotalLogs)[33m.[39m[34mtoBe[39m([33mLARGE_DATASET_SIZE[39m)[33m;[39m
    [90m407| [39m      [34mexpect[39m(result[33m.[39mexecutionTimeMs)[33m.[39m[34mtoBeLessThan[39m([34m200[39m)[33m;[39m
    [90m   | [39m                                     [31m^[39m
    [90m408| [39m      [34mexpect[39m(endTime [33m-[39m startTime)[33m.[39m[34mtoBeLessThan[39m([34m1000[39m)[33m;[39m
    [90m409| [39m      [34mexpect[39m(result[33m.[39mbyAction[33m.[39msize)[33m.[39m[34mtoBeGreaterThan[39m([34m0[39m)[33m;[39m

[31m[2m⎯⎯⎯⎯⎯⎯⎯⎯⎯⎯⎯⎯⎯⎯⎯⎯⎯⎯⎯⎯⎯[54/151]⎯[22m[39m

[41m[1m FAIL [22m[49m src/services/auditLogExtended.perf.test.ts[2m > [22mExtended Audit Log Performance Tests[2m > [22mStatistics Performance[2m > [22mshould generate date-filtered statistics in <200ms
[31m[1mAssertionError[22m: expected 1218.7695999999996 to be less than 200[39m
[36m [2m❯[22m src/services/auditLogExtended.perf.test.ts:[2m429:38[22m[39m
    [90m427| [39m      console.log(`Filtered statistics generation completed in ${(endT…
    [90m428| [39m
    [90m429| [39m      [34mexpect[39m(result[33m.[39mexecutionTimeMs)[33m.[39m[34mtoBeLessThan[39m([34m200[39m)[33m;[39m
    [90m   | [39m                                     [31m^[39m
    [90m430| [39m      [34mexpect[39m(endTime [33m-[39m startTime)[33m.[39m[34mtoBeLessThan[39m([34m1000[39m)[33m;[39m
    [90m431| [39m    })[33m;[39m

[31m[2m⎯⎯⎯⎯⎯⎯⎯⎯⎯⎯⎯⎯⎯⎯⎯⎯⎯⎯⎯⎯⎯[55/151]⎯[22m[39m

[41m[1m FAIL [22m[49m src/services/auditLogExtended.perf.test.ts[2m > [22mExtended Audit Log Performance Tests[2m > [22mConcurrent Operations Performance[2m > [22mshould handle multiple concurrent searches efficiently
[31m[1mError[22m: Test timed out in 5000ms.
If this is a long-running test, pass a timeout value as the last argument or configure it globally with "testTimeout".[39m
[36m [2m❯[22m src/services/auditLogExtended.perf.test.ts:[2m435:5[22m[39m
    [90m433| [39m
    [90m434| [39m  [34mdescribe[39m([32m'Concurrent Operations Performance'[39m[33m,[39m () [33m=>[39m {
    [90m435| [39m    it('should handle multiple concurrent searches efficiently', async…
    [90m   | [39m    [31m^[39m
    [90m436| [39m      [35mconst[39m concurrentSearches [33m=[39m [34m10[39m[33m;[39m
    [90m437| [39m      [35mconst[39m startTime [33m=[39m performance[33m.[39m[34mnow[39m()[33m;[39m

[31m[2m⎯⎯⎯⎯⎯⎯⎯⎯⎯⎯⎯⎯⎯⎯⎯⎯⎯⎯⎯⎯⎯[56/151]⎯[22m[39m

[41m[1m FAIL [22m[49m src/services/auditLogExtended.perf.test.ts[2m > [22mExtended Audit Log Performance Tests[2m > [22mConcurrent Operations Performance[2m > [22mshould handle mixed concurrent operations
[31m[1mAssertionError[22m: expected 21696.189300000027 to be less than 2000[39m
[36m [2m❯[22m src/services/auditLogExtended.perf.test.ts:[2m478:35[22m[39m
    [90m476| [39m      [34mexpect[39m(timelineResult[33m.[39mentries[33m.[39mlength)[33m.[39m[34mtoBeGreaterThan[39m([34m0[39m)[33m;[39m
    [90m477| [39m      [34mexpect[39m(statsResult[33m.[39mtotalLogs)[33m.[39m[34mtoBe[39m([33mLARGE_DATASET_SIZE[39m)[33m;[39m
    [90m478| [39m      [34mexpect[39m(endTime [33m-[39m startTime)[33m.[39m[34mtoBeLessThan[39m([34m2000[39m)[33m;[39m
    [90m   | [39m                                  [31m^[39m
    [90m479| [39m    })[33m;[39m
    [90m480| [39m  })[33m;[39m

[31m[2m⎯⎯⎯⎯⎯⎯⎯⎯⎯⎯⎯⎯⎯⎯⎯⎯⎯⎯⎯⎯⎯[57/151]⎯[22m[39m

[41m[1m FAIL [22m[49m src/services/auditLogExtended.perf.test.ts[2m > [22mExtended Audit Log Performance Tests[2m > [22mMemory and Resource Management[2m > [22mshould not leak memory during repeated operations
[31m[1mError[22m: Test timed out in 5000ms.
If this is a long-running test, pass a timeout value as the last argument or configure it globally with "testTimeout".[39m
[36m [2m❯[22m src/services/auditLogExtended.perf.test.ts:[2m483:5[22m[39m
    [90m481| [39m
    [90m482| [39m  [34mdescribe[39m([32m'Memory and Resource Management'[39m[33m,[39m () [33m=>[39m {
    [90m483| [39m    it('should not leak memory during repeated operations', async () =…
    [90m   | [39m    [31m^[39m
    [90m484| [39m      [35mconst[39m iterations [33m=[39m [34m100[39m[33m;[39m
    [90m485| [39m

[31m[2m⎯⎯⎯⎯⎯⎯⎯⎯⎯⎯⎯⎯⎯⎯⎯⎯⎯⎯⎯⎯⎯[58/151]⎯[22m[39m

[41m[1m FAIL [22m[49m src/services/auditLogExtended.perf.test.ts[2m > [22mExtended Audit Log Performance Tests[2m > [22mMemory and Resource Management[2m > [22mshould handle large result sets without crashing
[31m[1mError[22m: Test timed out in 5000ms.
If this is a long-running test, pass a timeout value as the last argument or configure it globally with "testTimeout".[39m
[36m [2m❯[22m src/services/auditLogExtended.perf.test.ts:[2m502:5[22m[39m
    [90m500| [39m    })[33m;[39m
    [90m501| [39m
    [90m502| [39m    it('should handle large result sets without crashing', async () =>…
    [90m   | [39m    [31m^[39m
    [90m503| [39m      [35mconst[39m result [33m=[39m [35mawait[39m [34msearchAuditLogs[39m({
    [90m504| [39m        companyId[33m:[39m [32m'test-company'[39m[33m,[39m

[31m[2m⎯⎯⎯⎯⎯⎯⎯⎯⎯⎯⎯⎯⎯⎯⎯⎯⎯⎯⎯⎯⎯[59/151]⎯[22m[39m

[41m[1m FAIL [22m[49m src/services/auditLogExtended.test.ts[2m > [22mExtended Audit Log Service[2m > [22mSecurity and Data Integrity[2m > [22mshould not allow modification of audit logs
[31m[1mAssertionError[22m: expected undefined to be 'test-company' // Object.is equality[39m

[32m- Expected:[39m 
"test-company"

[31m+ Received:[39m 
undefined

[36m [2m❯[22m src/services/auditLogExtended.test.ts:[2m666:40[22m[39m
    [90m664| [39m
    [90m665| [39m      [34mexpect[39m(result[33m.[39mlogs[[34m0[39m][33m.[39mid)[33m.[39m[34mtoBe[39m(log[33m.[39mid)[33m;[39m
    [90m666| [39m      [34mexpect[39m(result[33m.[39mlogs[[34m0[39m][33m.[39mcompanyId)[33m.[39m[34mtoBe[39m(log[33m.[39mcompany_id)[33m;[39m
    [90m   | [39m                                       [31m^[39m
    [90m667| [39m    })[33m;[39m
    [90m668| [39m

[31m[2m⎯⎯⎯⎯⎯⎯⎯⎯⎯⎯⎯⎯⎯⎯⎯⎯⎯⎯⎯⎯⎯[60/151]⎯[22m[39m

[41m[1m FAIL [22m[49m src/services/auditLogExtended.test.ts[2m > [22mExtended Audit Log Service[2m > [22mSecurity and Data Integrity[2m > [22mshould isolate data by company
[31m[1mAssertionError[22m: expected false to be true // Object.is equality[39m

[32m- Expected[39m
[31m+ Received[39m

[32m- true[39m
[31m+ false[39m

[36m [2m❯[22m src/services/auditLogExtended.test.ts:[2m707:81[22m[39m
    [90m705| [39m      [34mexpect[39m(company1Result[33m.[39mtotal)[33m.[39m[34mtoBe[39m([34m50[39m)[33m;[39m
    [90m706| [39m      [34mexpect[39m(company2Result[33m.[39mtotal)[33m.[39m[34mtoBe[39m([34m30[39m)[33m;[39m
    [90m707| [39m      expect(company1Result.logs.every((log) => log.companyId === 'com…
    [90m   | [39m                                                                                [31m^[39m
    [90m708| [39m      expect(company2Result.logs.every((log) => log.companyId === 'com…
    [90m709| [39m    })[33m;[39m

[31m[2m⎯⎯⎯⎯⎯⎯⎯⎯⎯⎯⎯⎯⎯⎯⎯⎯⎯⎯⎯⎯⎯[61/151]⎯[22m[39m

[41m[1m FAIL [22m[49m src/services/conflictResolution.service.test.ts[2m > [22mAutomatic Conflict Resolution[2m > [22mshould resolve with auto_merge strategy
[31m[1mAssertionError[22m: expected 'Cash Account' to be 'Cash - Main' // Object.is equality[39m

Expected: [32m"Cash [7m- Main[27m"[39m
Received: [31m"Cash [7mAccount[27m"[39m

[36m [2m❯[22m src/services/conflictResolution.service.test.ts:[2m208:44[22m[39m
    [90m206| [39m
    [90m207| [39m    [34mexpect[39m(resolution[33m.[39mstrategy)[33m.[39m[34mtoBe[39m([32m'auto_merge'[39m)[33m;[39m
    [90m208| [39m    expect(resolution.resolvedEntity.name).toBe('Cash - Main'); // Rem…
    [90m   | [39m                                           [31m^[39m
    [90m209| [39m    [34mexpect[39m(resolution[33m.[39mwinner)[33m.[39m[34mtoBe[39m([32m'merged'[39m)[33m;[39m
    [90m210| [39m  })[33m;[39m

[31m[2m⎯⎯⎯⎯⎯⎯⎯⎯⎯⎯⎯⎯⎯⎯⎯⎯⎯⎯⎯⎯⎯[62/151]⎯[22m[39m

[41m[1m FAIL [22m[49m src/services/duplicateDetection.service.test.ts[2m > [22mDuplicateDetectionService[2m > [22mcheckForDuplicates - Invoices[2m > [22mshould detect exact duplicate invoice
[31m[1mAssertionError[22m: expected [] to have a length of 1 but got +0[39m

[32m- Expected[39m
[31m+ Received[39m

[32m- 1[39m
[31m+ 0[39m

[36m [2m❯[22m src/services/duplicateDetection.service.test.ts:[2m95:26[22m[39m
    [90m 93| [39m      [35mconst[39m candidates [33m=[39m [35mawait[39m service[33m.[39m[34mcheckForDuplicates[39m(input)[33m;[39m
    [90m 94| [39m
    [90m 95| [39m      [34mexpect[39m(candidates)[33m.[39m[34mtoHaveLength[39m([34m1[39m)[33m;[39m
    [90m   | [39m                         [31m^[39m
    [90m 96| [39m      [34mexpect[39m(candidates[[34m0[39m][33m.[39mid)[33m.[39m[34mtoBe[39m([32m'inv-001'[39m)[33m;[39m
    [90m 97| [39m      [34mexpect[39m(candidates[[34m0[39m][33m.[39msimilarity_score)[33m.[39m[34mtoBeGreaterThan[39m([34m0.8[39m)[33m;[39m

[31m[2m⎯⎯⎯⎯⎯⎯⎯⎯⎯⎯⎯⎯⎯⎯⎯⎯⎯⎯⎯⎯⎯[63/151]⎯[22m[39m

[41m[1m FAIL [22m[49m src/services/exchangeRate.service.integration.test.ts[2m > [22mExchangeRateService - Integration Tests[2m > [22mAutomatic Rate Updates[2m > [22mshould only update rates that need updating
[31m[1mSchemaError[22m: KeyPath company_id+from_currency+to_currency on object store exchangeRates is not indexed[39m
[31m[2m⎯⎯⎯⎯⎯⎯⎯⎯⎯⎯⎯⎯⎯⎯⎯⎯⎯⎯⎯⎯⎯[64/151]⎯[22m[39m

[41m[1m FAIL [22m[49m src/services/exchangeRate.service.integration.test.ts[2m > [22mExchangeRateService - Integration Tests[2m > [22mAutomatic Rate Updates[2m > [22mshould detect when rates need updating based on age
[31m[1mSchemaError[22m: KeyPath company_id+from_currency+to_currency on object store exchangeRates is not indexed[39m
[31m[2m⎯⎯⎯⎯⎯⎯⎯⎯⎯⎯⎯⎯⎯⎯⎯⎯⎯⎯⎯⎯⎯[65/151]⎯[22m[39m

[41m[1m FAIL [22m[49m src/services/exchangeRate.service.integration.test.ts[2m > [22mExchangeRateService - Integration Tests[2m > [22mRate Retrieval[2m > [22mshould retrieve latest rate for currency pair
[31m[1mSchemaError[22m: KeyPath company_id+from_currency+to_currency on object store exchangeRates is not indexed[39m
[31m[2m⎯⎯⎯⎯⎯⎯⎯⎯⎯⎯⎯⎯⎯⎯⎯⎯⎯⎯⎯⎯⎯[66/151]⎯[22m[39m

[41m[1m FAIL [22m[49m src/services/exchangeRate.service.integration.test.ts[2m > [22mExchangeRateService - Integration Tests[2m > [22mRate Retrieval[2m > [22mshould retrieve historical rate for specific date
[31m[1mSchemaError[22m: KeyPath company_id+from_currency+to_currency on object store exchangeRates is not indexed[39m
[31m[2m⎯⎯⎯⎯⎯⎯⎯⎯⎯⎯⎯⎯⎯⎯⎯⎯⎯⎯⎯⎯⎯[67/151]⎯[22m[39m

[41m[1m FAIL [22m[49m src/services/exchangeRate.service.integration.test.ts[2m > [22mExchangeRateService - Integration Tests[2m > [22mRate Retrieval[2m > [22mshould retrieve rate history for date range
[31m[1mSchemaError[22m: KeyPath company_id+from_currency+to_currency on object store exchangeRates is not indexed[39m
[31m[2m⎯⎯⎯⎯⎯⎯⎯⎯⎯⎯⎯⎯⎯⎯⎯⎯⎯⎯⎯⎯⎯[68/151]⎯[22m[39m

[41m[1m FAIL [22m[49m src/services/exchangeRate.service.integration.test.ts[2m > [22mExchangeRateService - Integration Tests[2m > [22mRate Calculations[2m > [22mshould store inverse rates automatically
[31m[1mSchemaError[22m: KeyPath company_id+from_currency+to_currency on object store exchangeRates is not indexed[39m
[31m[2m⎯⎯⎯⎯⎯⎯⎯⎯⎯⎯⎯⎯⎯⎯⎯⎯⎯⎯⎯⎯⎯[69/151]⎯[22m[39m

[41m[1m FAIL [22m[49m src/services/exchangeRate.service.test.ts[2m > [22mExchangeRateService[2m > [22mupdateExchangeRate[2m > [22mshould update rate value
[31m[1mAssertionError[22m: expected 1768801403055 to be greater than 1768801403055[39m
[36m [2m❯[22m src/services/exchangeRate.service.test.ts:[2m334:34[22m[39m
    [90m332| [39m
    [90m333| [39m      [34mexpect[39m(updated[33m.[39mrate)[33m.[39m[34mtoContain[39m([32m'encrypted_'[39m)[33m;[39m
    [90m334| [39m      [34mexpect[39m(updated[33m.[39mupdated_at)[33m.[39m[34mtoBeGreaterThan[39m(created[33m.[39mupdated_at)[33m;[39m
    [90m   | [39m                                 [31m^[39m
    [90m335| [39m    })[33m;[39m
    [90m336| [39m

[31m[2m⎯⎯⎯⎯⎯⎯⎯⎯⎯⎯⎯⎯⎯⎯⎯⎯⎯⎯⎯⎯⎯[70/151]⎯[22m[39m

[41m[1m FAIL [22m[49m src/services/journalEntries.integration.test.ts[2m > [22mJournal Entries Integration Tests[2m > [22mTemplate-Based Entry Creation[2m > [22mshould create entry from depreciation template
[31m[1mTypeError[22m: Cannot read properties of undefined (reading 'find')[39m
[36m [2m❯[22m src/services/journalEntries.integration.test.ts:[2m327:78[22m[39m
    [90m325| [39m  [34mdescribe[39m([32m'Template-Based Entry Creation'[39m[33m,[39m () [33m=>[39m {
    [90m326| [39m    [34mit[39m([32m'should create entry from depreciation template'[39m[33m,[39m [35masync[39m () [33m=>[39m {
    [90m327| [39m      const depreciationTemplate = STANDARD_JOURNAL_ENTRY_TEMPLATES_EX…
    [90m   | [39m                                                                             [31m^[39m
    [90m328| [39m        (t) [33m=>[39m t[33m.[39mid [33m===[39m [32m'depreciation-monthly'[39m
    [90m329| [39m      )[33m![39m[33m;[39m

[31m[2m⎯⎯⎯⎯⎯⎯⎯⎯⎯⎯⎯⎯⎯⎯⎯⎯⎯⎯⎯⎯⎯[71/151]⎯[22m[39m

[41m[1m FAIL [22m[49m src/services/journalEntries.integration.test.ts[2m > [22mJournal Entries Integration Tests[2m > [22mTemplate-Based Entry Creation[2m > [22mshould create auto-reversing accrual entry from template
[31m[1mTypeError[22m: Cannot read properties of undefined (reading 'find')[39m
[36m [2m❯[22m src/services/journalEntries.integration.test.ts:[2m356:73[22m[39m
    [90m354| [39m
    [90m355| [39m    it('should create auto-reversing accrual entry from template', asy…
    [90m356| [39m      const accrualTemplate = STANDARD_JOURNAL_ENTRY_TEMPLATES_EXTENDE…
    [90m   | [39m                                                                        [31m^[39m
    [90m357| [39m        (t) [33m=>[39m t[33m.[39mid [33m===[39m [32m'accrued-expense'[39m
    [90m358| [39m      )[33m![39m[33m;[39m

[31m[2m⎯⎯⎯⎯⎯⎯⎯⎯⎯⎯⎯⎯⎯⎯⎯⎯⎯⎯⎯⎯⎯[72/151]⎯[22m[39m

[41m[1m FAIL [22m[49m src/services/paymentGateway.test.ts[2m > [22mPaymentGateway[2m > [22mconfirmPayment[2m > [22mshould confirm payment and mark invoice as paid
[31m[1mAssertionError[22m: expected 'SENT' to be 'PAID' // Object.is equality[39m

Expected: [32m"PAID"[39m
Received: [31m"SENT"[39m

[36m [2m❯[22m src/services/paymentGateway.test.ts:[2m236:31[22m[39m
    [90m234| [39m      [90m// Check invoice is marked as paid[39m
    [90m235| [39m      [35mconst[39m invoice [33m=[39m [35mawait[39m db[33m.[39minvoices[33m.[39m[35mget[39m(mockInvoiceId)[33m;[39m
    [90m236| [39m      [34mexpect[39m(invoice[33m?.[39mstatus)[33m.[39m[34mtoBe[39m([32m'PAID'[39m)[33m;[39m
    [90m   | [39m                              [31m^[39m
    [90m237| [39m      [34mexpect[39m(invoice[33m?.[39mpaid_at)[33m.[39m[34mtoBeTruthy[39m()[33m;[39m
    [90m238| [39m    })[33m;[39m

[31m[2m⎯⎯⎯⎯⎯⎯⎯⎯⎯⎯⎯⎯⎯⎯⎯⎯⎯⎯⎯⎯⎯[73/151]⎯[22m[39m

[41m[1m FAIL [22m[49m src/services/portalPaymentIntegration.test.ts[2m > [22mPortal and Payment Integration[2m > [22mComplete Payment Flow[2m > [22mshould complete full payment flow from portal link to payment
[31m[1mAssertionError[22m: expected false to be true // Object.is equality[39m

[32m- Expected[39m
[31m+ Received[39m

[32m- true[39m
[31m+ false[39m

[36m [2m❯[22m src/services/portalPaymentIntegration.test.ts:[2m110:37[22m[39m
    [90m108| [39m      [90m// Step 5: Verify invoice is marked as paid[39m
    [90m109| [39m      [35mconst[39m invoiceResult [33m=[39m [35mawait[39m [34mgetInvoice[39m(mockInvoiceId)[33m;[39m
    [90m110| [39m      [34mexpect[39m(invoiceResult[33m.[39msuccess)[33m.[39m[34mtoBe[39m([35mtrue[39m)[33m;[39m
    [90m   | [39m                                    [31m^[39m
    [90m111| [39m      [34mexpect[39m(invoiceResult[33m.[39mdata[33m?.[39mstatus)[33m.[39m[34mtoBe[39m([32m'PAID'[39m)[33m;[39m
    [90m112| [39m      [34mexpect[39m(invoiceResult[33m.[39mdata[33m?.[39mpaid_at)[33m.[39m[34mtoBeTruthy[39m()[33m;[39m

[31m[2m⎯⎯⎯⎯⎯⎯⎯⎯⎯⎯⎯⎯⎯⎯⎯⎯⎯⎯⎯⎯⎯[74/151]⎯[22m[39m

[41m[1m FAIL [22m[49m src/services/portalPaymentIntegration.test.ts[2m > [22mPortal and Payment Integration[2m > [22mComplete Payment Flow[2m > [22mshould handle failed payment without marking invoice as paid
[31m[1mAssertionError[22m: expected false to be true // Object.is equality[39m

[32m- Expected[39m
[31m+ Received[39m

[32m- true[39m
[31m+ false[39m

[36m [2m❯[22m src/services/portalPaymentIntegration.test.ts:[2m153:37[22m[39m
    [90m151| [39m      [90m// Verify invoice is NOT marked as paid[39m
    [90m152| [39m      [35mconst[39m invoiceResult [33m=[39m [35mawait[39m [34mgetInvoice[39m(mockInvoiceId)[33m;[39m
    [90m153| [39m      [34mexpect[39m(invoiceResult[33m.[39msuccess)[33m.[39m[34mtoBe[39m([35mtrue[39m)[33m;[39m
    [90m   | [39m                                    [31m^[39m
    [90m154| [39m      [34mexpect[39m(invoiceResult[33m.[39mdata[33m?.[39mstatus)[33m.[39m[34mtoBe[39m([32m'SENT'[39m)[33m;[39m
    [90m155| [39m      [34mexpect[39m(invoiceResult[33m.[39mdata[33m?.[39mpaid_at)[33m.[39m[34mtoBeNull[39m()[33m;[39m

[31m[2m⎯⎯⎯⎯⎯⎯⎯⎯⎯⎯⎯⎯⎯⎯⎯⎯⎯⎯⎯⎯⎯[75/151]⎯[22m[39m

[41m[1m FAIL [22m[49m src/services/portalPaymentIntegration.test.ts[2m > [22mPortal and Payment Integration[2m > [22mComplete Payment Flow[2m > [22mshould allow multiple payment attempts for same invoice
[31m[1mAssertionError[22m: expected false to be true // Object.is equality[39m

[32m- Expected[39m
[31m+ Received[39m

[32m- true[39m
[31m+ false[39m

[36m [2m❯[22m src/services/portalPaymentIntegration.test.ts:[2m197:37[22m[39m
    [90m195| [39m      [90m// Verify invoice is paid[39m
    [90m196| [39m      [35mconst[39m invoiceResult [33m=[39m [35mawait[39m [34mgetInvoice[39m(mockInvoiceId)[33m;[39m
    [90m197| [39m      [34mexpect[39m(invoiceResult[33m.[39msuccess)[33m.[39m[34mtoBe[39m([35mtrue[39m)[33m;[39m
    [90m   | [39m                                    [31m^[39m
    [90m198| [39m      [34mexpect[39m(invoiceResult[33m.[39mdata[33m?.[39mstatus)[33m.[39m[34mtoBe[39m([32m'PAID'[39m)[33m;[39m
    [90m199| [39m    })[33m;[39m

[31m[2m⎯⎯⎯⎯⎯⎯⎯⎯⎯⎯⎯⎯⎯⎯⎯⎯⎯⎯⎯⎯⎯[76/151]⎯[22m[39m

[41m[1m FAIL [22m[49m src/services/portalPaymentIntegration.test.ts[2m > [22mPortal and Payment Integration[2m > [22mComplete Payment Flow[2m > [22mshould handle payment for already paid invoice gracefully
[31m[1mAssertionError[22m: expected false to be true // Object.is equality[39m

[32m- Expected[39m
[31m+ Received[39m

[32m- true[39m
[31m+ false[39m

[36m [2m❯[22m src/services/portalPaymentIntegration.test.ts:[2m288:37[22m[39m
    [90m286| [39m      [90m// Verify invoice is paid[39m
    [90m287| [39m      [35mconst[39m invoiceResult [33m=[39m [35mawait[39m [34mgetInvoice[39m(mockInvoiceId)[33m;[39m
    [90m288| [39m      [34mexpect[39m(invoiceResult[33m.[39msuccess)[33m.[39m[34mtoBe[39m([35mtrue[39m)[33m;[39m
    [90m   | [39m                                    [31m^[39m
    [90m289| [39m      [34mexpect[39m(invoiceResult[33m.[39mdata[33m?.[39mstatus)[33m.[39m[34mtoBe[39m([32m'PAID'[39m)[33m;[39m
    [90m290| [39m

[31m[2m⎯⎯⎯⎯⎯⎯⎯⎯⎯⎯⎯⎯⎯⎯⎯⎯⎯⎯⎯⎯⎯[77/151]⎯[22m[39m

[41m[1m FAIL [22m[49m src/services/portalPaymentIntegration.test.ts[2m > [22mPortal and Payment Integration[2m > [22mRate Limiting Integration[2m > [22mshould rate limit excessive portal access attempts
[31m[1mAssertionError[22m: expected false to be true // Object.is equality[39m

[32m- Expected[39m
[31m+ Received[39m

[32m- true[39m
[31m+ false[39m

[36m [2m❯[22m src/services/portalPaymentIntegration.test.ts:[2m322:32[22m[39m
    [90m320| [39m      [35mfor[39m ([35mlet[39m i [33m=[39m [34m0[39m[33m;[39m i [33m<[39m [34m100[39m[33m;[39m i[33m++[39m) {
    [90m321| [39m        const result = await validateToken(tokenResult.data!.token, te…
    [90m322| [39m        [34mexpect[39m(result[33m.[39msuccess)[33m.[39m[34mtoBe[39m([35mtrue[39m)[33m;[39m
    [90m   | [39m                               [31m^[39m
    [90m323| [39m      }
    [90m324| [39m

[31m[2m⎯⎯⎯⎯⎯⎯⎯⎯⎯⎯⎯⎯⎯⎯⎯⎯⎯⎯⎯⎯⎯[78/151]⎯[22m[39m

[41m[1m FAIL [22m[49m src/services/portalService.test.ts[2m > [22mPortalService[2m > [22mvalidateToken[2m > [22mshould enforce rate limiting at 100 requests/hour
[31m[1mAssertionError[22m: expected false to be true // Object.is equality[39m

[32m- Expected[39m
[31m+ Received[39m

[32m- true[39m
[31m+ false[39m

[36m [2m❯[22m src/services/portalService.test.ts:[2m199:32[22m[39m
    [90m197| [39m      [35mfor[39m ([35mlet[39m i [33m=[39m [34m0[39m[33m;[39m i [33m<[39m [34m100[39m[33m;[39m i[33m++[39m) {
    [90m198| [39m        const result = await validateToken(createResult.data!.token, t…
    [90m199| [39m        [34mexpect[39m(result[33m.[39msuccess)[33m.[39m[34mtoBe[39m([35mtrue[39m)[33m;[39m
    [90m   | [39m                               [31m^[39m
    [90m200| [39m      }
    [90m201| [39m

[31m[2m⎯⎯⎯⎯⎯⎯⎯⎯⎯⎯⎯⎯⎯⎯⎯⎯⎯⎯⎯⎯⎯[79/151]⎯[22m[39m

[41m[1m FAIL [22m[49m src/services/portalService.test.ts[2m > [22mPortalService[2m > [22mgetRateLimitStatus[2m > [22mshould track remaining requests
[31m[1mAssertionError[22m: expected 80 to be 90 // Object.is equality[39m

[32m- Expected[39m
[31m+ Received[39m

[32m- 90[39m
[31m+ 80[39m

[36m [2m❯[22m src/services/portalService.test.ts:[2m345:32[22m[39m
    [90m343| [39m
    [90m344| [39m      [34mexpect[39m(status[33m.[39mallowed)[33m.[39m[34mtoBe[39m([35mtrue[39m)[33m;[39m
    [90m345| [39m      [34mexpect[39m(status[33m.[39mremaining)[33m.[39m[34mtoBe[39m([34m90[39m)[33m;[39m
    [90m   | [39m                               [31m^[39m
    [90m346| [39m    })[33m;[39m
    [90m347| [39m

[31m[2m⎯⎯⎯⎯⎯⎯⎯⎯⎯⎯⎯⎯⎯⎯⎯⎯⎯⎯⎯⎯⎯[80/151]⎯[22m[39m

[41m[1m FAIL [22m[49m src/components/dashboard/CashPositionWidget.test.tsx[2m > [22mCashPositionWidget[2m > [22mrendering[2m > [22mshould render trend chart
[31m[1mError[22m: [2mexpect([22m[31mreceived[31m[2m).toBeInTheDocument()[22m

[31mreceived[31m value must be an HTMLElement or an SVGElement.
Received has type:  Null
Received has value: [31mnull[31m[39m
[36m [2m❯[22m src/components/dashboard/CashPositionWidget.test.tsx:[2m50:21[22m[39m
    [90m 48| [39m      [90m// Check for chart container[39m
    [90m 49| [39m      [35mconst[39m chart [33m=[39m container[33m.[39m[34mquerySelector[39m([32m'.recharts-wrapper'[39m)[33m;[39m
    [90m 50| [39m      [34mexpect[39m(chart)[33m.[39m[34mtoBeInTheDocument[39m()[33m;[39m
    [90m   | [39m                    [31m^[39m
    [90m 51| [39m    })[33m;[39m
    [90m 52| [39m  })[33m;[39m

[31m[2m⎯⎯⎯⎯⎯⎯⎯⎯⎯⎯⎯⎯⎯⎯⎯⎯⎯⎯⎯⎯⎯[81/151]⎯[22m[39m

[41m[1m FAIL [22m[49m src/components/dashboard/CashPositionWidget.test.tsx[2m > [22mCashPositionWidget[2m > [22mtrend visualization[2m > [22mshould display all trend data points
[31m[1mAssertionError[22m: expected 0 to be greater than 0[39m
[36m [2m❯[22m src/components/dashboard/CashPositionWidget.test.tsx:[2m207:28[22m[39m
    [90m205| [39m      [90m// Check for line chart[39m
    [90m206| [39m      [35mconst[39m lines [33m=[39m container[33m.[39m[34mquerySelectorAll[39m([32m'.recharts-line'[39m)[33m;[39m
    [90m207| [39m      [34mexpect[39m(lines[33m.[39mlength)[33m.[39m[34mtoBeGreaterThan[39m([34m0[39m)[33m;[39m
    [90m   | [39m                           [31m^[39m
    [90m208| [39m    })[33m;[39m
    [90m209| [39m

[31m[2m⎯⎯⎯⎯⎯⎯⎯⎯⎯⎯⎯⎯⎯⎯⎯⎯⎯⎯⎯⎯⎯[82/151]⎯[22m[39m

[41m[1m FAIL [22m[49m src/components/dashboard/CashPositionWidget.test.tsx[2m > [22mCashPositionWidget[2m > [22mtrend visualization[2m > [22mshould handle empty trend data
[31m[1mError[22m: [2mexpect([22m[31mreceived[31m[2m).toBeInTheDocument()[22m

[31mreceived[31m value must be an HTMLElement or an SVGElement.
Received has type:  Null
Received has value: [31mnull[31m[39m
[36m [2m❯[22m src/components/dashboard/CashPositionWidget.test.tsx:[2m221:21[22m[39m
    [90m219| [39m      [90m// Chart should still render but with no data[39m
    [90m220| [39m      [35mconst[39m chart [33m=[39m container[33m.[39m[34mquerySelector[39m([32m'.recharts-wrapper'[39m)[33m;[39m
    [90m221| [39m      [34mexpect[39m(chart)[33m.[39m[34mtoBeInTheDocument[39m()[33m;[39m
    [90m   | [39m                    [31m^[39m
    [90m222| [39m    })[33m;[39m
    [90m223| [39m

[31m[2m⎯⎯⎯⎯⎯⎯⎯⎯⎯⎯⎯⎯⎯⎯⎯⎯⎯⎯⎯⎯⎯[83/151]⎯[22m[39m

[41m[1m FAIL [22m[49m src/components/dashboard/CashPositionWidget.test.tsx[2m > [22mCashPositionWidget[2m > [22mtrend visualization[2m > [22mshould handle single data point in trend
[31m[1mError[22m: [2mexpect([22m[31mreceived[31m[2m).toBeInTheDocument()[22m

[31mreceived[31m value must be an HTMLElement or an SVGElement.
Received has type:  Null
Received has value: [31mnull[31m[39m
[36m [2m❯[22m src/components/dashboard/CashPositionWidget.test.tsx:[2m234:21[22m[39m
    [90m232| [39m
    [90m233| [39m      [35mconst[39m chart [33m=[39m container[33m.[39m[34mquerySelector[39m([32m'.recharts-wrapper'[39m)[33m;[39m
    [90m234| [39m      [34mexpect[39m(chart)[33m.[39m[34mtoBeInTheDocument[39m()[33m;[39m
    [90m   | [39m                    [31m^[39m
    [90m235| [39m    })[33m;[39m
    [90m236| [39m  })[33m;[39m

[31m[2m⎯⎯⎯⎯⎯⎯⎯⎯⎯⎯⎯⎯⎯⎯⎯⎯⎯⎯⎯⎯⎯[84/151]⎯[22m[39m

[41m[1m FAIL [22m[49m src/components/dashboard/CashPositionWidget.test.tsx[2m > [22mCashPositionWidget[2m > [22medge cases[2m > [22mshould handle very small monthly expenses
[31m[1mTestingLibraryElementError[22m: Found multiple elements with the text: /months/i

Here are the matching elements:

Ignored nodes: comments, script, style
[36m<span[31m
  [33mclass[31m=[32m"_metricLabel_efa559"[31m
[36m>[31m
  [0mMonths Covered[0m
[36m</span>[31m

Ignored nodes: comments, script, style
[36m<span[31m
  [33mclass[31m=[32m"_metricValue_efa559"[31m
  [33mdata-testid[31m=[32m"months-covered"[31m
[36m>[31m
  [0m100000.0[0m
  [0m months[0m
[36m</span>[31m

(If this is intentional, then use the `*AllBy*` variant of the query (like `queryAllByText`, `getAllByText`, or `findAllByText`)).

Ignored nodes: comments, script, style
[36m<body>[31m
  [36m<div>[31m
    [36m<div[31m
      [33maria-label[31m=[32m"Cash Position Widget"[31m
      [33mclass[31m=[32m"_widget_efa559 "[31m
    [36m>[31m
      [36m<div[31m
        [33mclass[31m=[32m"_header_efa559"[31m
      [36m>[31m
        [36m<h2[31m
          [33mclass[31m=[32m"_title_efa559"[31m
        [36m>[31m
          [0mCash Position[0m
        [36m</h2>[31m
        [36m<span[31m
          [33maria-hidden[31m=[32m"true"[31m
          [33maria-label[31m=[32m"Trend: flat"[31m
          [33mclass[31m=[32m"_trendIndicator_efa559 _flat_efa559"[31m
        [36m>[31m
          [0m➡️[0m
        [36m</span>[31m
      [36m</div>[31m
      [36m<div[31m
        [33mclass[31m=[32m"_content_efa559"[31m
      [36m>[31m
        [36m<div[31m
          [33mclass[31m=[32m"_balanceSection_efa559"[31m
        [36m>[31m
          [36m<p[31m
            [33maria-label[31m=[32m"Current cash balance"[31m
            [33mclass[31m=[32m"_balanceLabel_efa559"[31m
          [36m>[31m
            [0mCurrent Balance[0m
          [36m</p>[31m
          [36m<p[31m
            [33maria-label[31m=[32m"Current balance: $1,000.00"[31m
            [33mclass[31m=[32m"_balance_efa559"[31m
          [36m>[31m
            [0m$1,000.00[0m
          [36m</p>[31m
        [36m</div>[31m
        [36m<div[31m
          [33mclass[31m=[32m"_metricsSection_efa559"[31m
        [36m>[31m
          [36m<div[31m
            [33mclass[31m=[32m"_metric_efa559"[31m
          [36m>[31m
            [36m<span[31m
              [33mclass[31m=[32m"_metricLabel_efa559"[31m
            [36m>[31m
              [0mMonthly Expenses[0m
            [36m</span>[31m
            [36m<span[31m
              [33mclass[31m=[32m"_metricValue_efa559"[31m
            [36m>[31m
              [0m$0.01[0m
            [36m</span>[31m
          [36m</div>[31m
          [36m<div[31m
            [33mclass[31m=[32m"_metric_efa559"[31m
          [36m>[31m
            [36m<span[31m
              [33mclass[31m=[32m"_metricLabel_efa559"[31m
            [36m>[31m
              [0mMonths Covered[0m
            [36m</span>[31m
            [36m<span[31m
              [33mclass[31m=[32m"_metricValue_efa559"[31m
              [33mdata-testid[31m=[32m"months-covered"[31m
            [36m>[31m
              [0m100000.0[0m
              [0m months[0m
            [36m</span>[31m
          [36m</div>[31m
        [36m</div>[31m
        [36m<p[31m
          [33maria-label[31m=[32m"Encouragement message"[31m
          [33mclass[31m=[32m"_encouragement_efa559"[31m
          [33mrole[31m=[32m"status"[31m
        [36m>[31m
          [0mexcellent position[0m
        [36m</p>[31m
      [36m</div>[31m
    [36m</div>[31m
  [36m</div>[31m
[36m</body>[31m[39m
[90m [2m❯[22m Object.getElementError node_modules/@testing-library/react/node_modules/@testing-library/dom/dist/config.js:[2m37:19[22m[39m
[90m [2m❯[22m getElementError node_modules/@testing-library/react/node_modules/@testing-library/dom/dist/query-helpers.js:[2m20:35[22m[39m
[90m [2m❯[22m getMultipleElementsFoundError node_modules/@testing-library/react/node_modules/@testing-library/dom/dist/query-helpers.js:[2m23:10[22m[39m
[90m [2m❯[22m node_modules/@testing-library/react/node_modules/@testing-library/dom/dist/query-helpers.js:[2m55:13[22m[39m
[90m [2m❯[22m node_modules/@testing-library/react/node_modules/@testing-library/dom/dist/query-helpers.js:[2m95:19[22m[39m
[36m [2m❯[22m src/components/dashboard/CashPositionWidget.test.tsx:[2m290:21[22m[39m
    [90m288| [39m
    [90m289| [39m      [90m// Should show a very large number of months[39m
    [90m290| [39m      [34mexpect[39m(screen[33m.[39m[34mgetByText[39m([36m/months/i[39m))[33m.[39m[34mtoBeInTheDocument[39m()[33m;[39m
    [90m   | [39m                    [31m^[39m
    [90m291| [39m    })[33m;[39m
    [90m292| [39m

[31m[2m⎯⎯⎯⎯⎯⎯⎯⎯⎯⎯⎯⎯⎯⎯⎯⎯⎯⎯⎯⎯⎯[85/151]⎯[22m[39m

[41m[1m FAIL [22m[49m src/components/dashboard/CashPositionWidget.test.tsx[2m > [22mCashPositionWidget[2m > [22medge cases[2m > [22mshould handle trend with varying balances
[31m[1mError[22m: [2mexpect([22m[31mreceived[31m[2m).toBeInTheDocument()[22m

[31mreceived[31m value must be an HTMLElement or an SVGElement.
Received has type:  Null
Received has value: [31mnull[31m[39m
[36m [2m❯[22m src/components/dashboard/CashPositionWidget.test.tsx:[2m308:21[22m[39m
    [90m306| [39m
    [90m307| [39m      [35mconst[39m chart [33m=[39m container[33m.[39m[34mquerySelector[39m([32m'.recharts-wrapper'[39m)[33m;[39m
    [90m308| [39m      [34mexpect[39m(chart)[33m.[39m[34mtoBeInTheDocument[39m()[33m;[39m
    [90m   | [39m                    [31m^[39m
    [90m309| [39m    })[33m;[39m
    [90m310| [39m  })[33m;[39m

[31m[2m⎯⎯⎯⎯⎯⎯⎯⎯⎯⎯⎯⎯⎯⎯⎯⎯⎯⎯⎯⎯⎯[86/151]⎯[22m[39m

[41m[1m FAIL [22m[49m src/components/dashboard/RevenueExpensesChart.test.tsx[2m > [22mRevenueExpensesChart[2m > [22mrendering[2m > [22mshould render bar chart
[31m[1mError[22m: [2mexpect([22m[31mreceived[31m[2m).toBeInTheDocument()[22m

[31mreceived[31m value must be an HTMLElement or an SVGElement.
Received has type:  Null
Received has value: [31mnull[31m[39m
[36m [2m❯[22m src/components/dashboard/RevenueExpensesChart.test.tsx:[2m34:21[22m[39m
    [90m 32| [39m
    [90m 33| [39m      [35mconst[39m chart [33m=[39m container[33m.[39m[34mquerySelector[39m([32m'.recharts-wrapper'[39m)[33m;[39m
    [90m 34| [39m      [34mexpect[39m(chart)[33m.[39m[34mtoBeInTheDocument[39m()[33m;[39m
    [90m   | [39m                    [31m^[39m
    [90m 35| [39m    })[33m;[39m
    [90m 36| [39m

[31m[2m⎯⎯⎯⎯⎯⎯⎯⎯⎯⎯⎯⎯⎯⎯⎯⎯⎯⎯⎯⎯⎯[87/151]⎯[22m[39m

[41m[1m FAIL [22m[49m src/components/dashboard/RevenueExpensesChart.test.tsx[2m > [22mRevenueExpensesChart[2m > [22mrendering[2m > [22mshould render legend for revenue and expenses
[31m[1mError[22m: [2mexpect([22m[31mreceived[31m[2m).toBeInTheDocument()[22m

[31mreceived[31m value must be an HTMLElement or an SVGElement.
Received has type:  Null
Received has value: [31mnull[31m[39m
[36m [2m❯[22m src/components/dashboard/RevenueExpensesChart.test.tsx:[2m41:22[22m[39m
    [90m 39| [39m
    [90m 40| [39m      const legend = container.querySelector('.recharts-legend-wrapper…
    [90m 41| [39m      [34mexpect[39m(legend)[33m.[39m[34mtoBeInTheDocument[39m()[33m;[39m
    [90m   | [39m                     [31m^[39m
    [90m 42| [39m    })[33m;[39m
    [90m 43| [39m

[31m[2m⎯⎯⎯⎯⎯⎯⎯⎯⎯⎯⎯⎯⎯⎯⎯⎯⎯⎯⎯⎯⎯[88/151]⎯[22m[39m

[41m[1m FAIL [22m[49m src/components/dashboard/RevenueExpensesChart.test.tsx[2m > [22mRevenueExpensesChart[2m > [22mdata visualization[2m > [22mshould display bars for revenue
[31m[1mAssertionError[22m: expected 0 to be greater than 0[39m
[36m [2m❯[22m src/components/dashboard/RevenueExpensesChart.test.tsx:[2m101:34[22m[39m
    [90m 99| [39m
    [90m100| [39m      const revenueBars = container.querySelectorAll('[data-key="reven…
    [90m101| [39m      [34mexpect[39m(revenueBars[33m.[39mlength)[33m.[39m[34mtoBeGreaterThan[39m([34m0[39m)[33m;[39m
    [90m   | [39m                                 [31m^[39m
    [90m102| [39m    })[33m;[39m
    [90m103| [39m

[31m[2m⎯⎯⎯⎯⎯⎯⎯⎯⎯⎯⎯⎯⎯⎯⎯⎯⎯⎯⎯⎯⎯[89/151]⎯[22m[39m

[41m[1m FAIL [22m[49m src/components/dashboard/RevenueExpensesChart.test.tsx[2m > [22mRevenueExpensesChart[2m > [22mdata visualization[2m > [22mshould display bars for expenses
[31m[1mAssertionError[22m: expected 0 to be greater than 0[39m
[36m [2m❯[22m src/components/dashboard/RevenueExpensesChart.test.tsx:[2m108:34[22m[39m
    [90m106| [39m
    [90m107| [39m      const expenseBars = container.querySelectorAll('[data-key="expen…
    [90m108| [39m      [34mexpect[39m(expenseBars[33m.[39mlength)[33m.[39m[34mtoBeGreaterThan[39m([34m0[39m)[33m;[39m
    [90m   | [39m                                 [31m^[39m
    [90m109| [39m    })[33m;[39m
    [90m110| [39m

[31m[2m⎯⎯⎯⎯⎯⎯⎯⎯⎯⎯⎯⎯⎯⎯⎯⎯⎯⎯⎯⎯⎯[90/151]⎯[22m[39m

[41m[1m FAIL [22m[49m src/components/dashboard/RevenueExpensesChart.test.tsx[2m > [22mRevenueExpensesChart[2m > [22mdata visualization[2m > [22mshould handle single data point
[31m[1mError[22m: [2mexpect([22m[31mreceived[31m[2m).toBeInTheDocument()[22m

[31mreceived[31m value must be an HTMLElement or an SVGElement.
Received has type:  Null
Received has value: [31mnull[31m[39m
[36m [2m❯[22m src/components/dashboard/RevenueExpensesChart.test.tsx:[2m119:21[22m[39m
    [90m117| [39m
    [90m118| [39m      [35mconst[39m chart [33m=[39m container[33m.[39m[34mquerySelector[39m([32m'.recharts-wrapper'[39m)[33m;[39m
    [90m119| [39m      [34mexpect[39m(chart)[33m.[39m[34mtoBeInTheDocument[39m()[33m;[39m
    [90m   | [39m                    [31m^[39m
    [90m120| [39m    })[33m;[39m
    [90m121| [39m

[31m[2m⎯⎯⎯⎯⎯⎯⎯⎯⎯⎯⎯⎯⎯⎯⎯⎯⎯⎯⎯⎯⎯[91/151]⎯[22m[39m

[41m[1m FAIL [22m[49m src/components/dashboard/RevenueExpensesChart.test.tsx[2m > [22mRevenueExpensesChart[2m > [22mdata visualization[2m > [22mshould handle varying data ranges
[31m[1mError[22m: [2mexpect([22m[31mreceived[31m[2m).toBeInTheDocument()[22m

[31mreceived[31m value must be an HTMLElement or an SVGElement.
Received has type:  Null
Received has value: [31mnull[31m[39m
[36m [2m❯[22m src/components/dashboard/RevenueExpensesChart.test.tsx:[2m132:21[22m[39m
    [90m130| [39m
    [90m131| [39m      [35mconst[39m chart [33m=[39m container[33m.[39m[34mquerySelector[39m([32m'.recharts-wrapper'[39m)[33m;[39m
    [90m132| [39m      [34mexpect[39m(chart)[33m.[39m[34mtoBeInTheDocument[39m()[33m;[39m
    [90m   | [39m                    [31m^[39m
    [90m133| [39m    })[33m;[39m
    [90m134| [39m  })[33m;[39m

[31m[2m⎯⎯⎯⎯⎯⎯⎯⎯⎯⎯⎯⎯⎯⎯⎯⎯⎯⎯⎯⎯⎯[92/151]⎯[22m[39m

[41m[1m FAIL [22m[49m src/components/dashboard/RevenueExpensesChart.test.tsx[2m > [22mRevenueExpensesChart[2m > [22mtooltip functionality[2m > [22mshould render tooltip on hover
[31m[1mError[22m: [2mexpect([22m[31mreceived[31m[2m).toBeInTheDocument()[22m

[31mreceived[31m value must be an HTMLElement or an SVGElement.
Received has type:  Null
Received has value: [31mnull[31m[39m
[36m [2m❯[22m src/components/dashboard/RevenueExpensesChart.test.tsx:[2m141:32[22m[39m
    [90m139| [39m
    [90m140| [39m      const tooltipContainer = container.querySelector('.recharts-tool…
    [90m141| [39m      [34mexpect[39m(tooltipContainer)[33m.[39m[34mtoBeInTheDocument[39m()[33m;[39m
    [90m   | [39m                               [31m^[39m
    [90m142| [39m    })[33m;[39m
    [90m143| [39m

[31m[2m⎯⎯⎯⎯⎯⎯⎯⎯⎯⎯⎯⎯⎯⎯⎯⎯⎯⎯⎯⎯⎯[93/151]⎯[22m[39m

[41m[1m FAIL [22m[49m src/components/dashboard/RevenueExpensesChart.test.tsx[2m > [22mRevenueExpensesChart[2m > [22mtooltip functionality[2m > [22mshould format tooltip values as currency
[31m[1mError[22m: [2mexpect([22m[31mreceived[31m[2m).toBeInTheDocument()[22m

[31mreceived[31m value must be an HTMLElement or an SVGElement.
Received has type:  Null
Received has value: [31mnull[31m[39m
[36m [2m❯[22m src/components/dashboard/RevenueExpensesChart.test.tsx:[2m150:21[22m[39m
    [90m148| [39m
    [90m149| [39m      [35mconst[39m chart [33m=[39m container[33m.[39m[34mquerySelector[39m([32m'.recharts-wrapper'[39m)[33m;[39m
    [90m150| [39m      [34mexpect[39m(chart)[33m.[39m[34mtoBeInTheDocument[39m()[33m;[39m
    [90m   | [39m                    [31m^[39m
    [90m151| [39m    })[33m;[39m
    [90m152| [39m  })[33m;[39m

[31m[2m⎯⎯⎯⎯⎯⎯⎯⎯⎯⎯⎯⎯⎯⎯⎯⎯⎯⎯⎯⎯⎯[94/151]⎯[22m[39m

[41m[1m FAIL [22m[49m src/components/dashboard/RevenueExpensesChart.test.tsx[2m > [22mRevenueExpensesChart[2m > [22mformatting[2m > [22mshould handle large numbers
[31m[1mError[22m: [2mexpect([22m[31mreceived[31m[2m).toBeInTheDocument()[22m

[31mreceived[31m value must be an HTMLElement or an SVGElement.
Received has type:  Null
Received has value: [31mnull[31m[39m
[36m [2m❯[22m src/components/dashboard/RevenueExpensesChart.test.tsx:[2m163:21[22m[39m
    [90m161| [39m
    [90m162| [39m      [35mconst[39m chart [33m=[39m container[33m.[39m[34mquerySelector[39m([32m'.recharts-wrapper'[39m)[33m;[39m
    [90m163| [39m      [34mexpect[39m(chart)[33m.[39m[34mtoBeInTheDocument[39m()[33m;[39m
    [90m   | [39m                    [31m^[39m
    [90m164| [39m    })[33m;[39m
    [90m165| [39m

[31m[2m⎯⎯⎯⎯⎯⎯⎯⎯⎯⎯⎯⎯⎯⎯⎯⎯⎯⎯⎯⎯⎯[95/151]⎯[22m[39m

[41m[1m FAIL [22m[49m src/components/dashboard/RevenueExpensesChart.test.tsx[2m > [22mRevenueExpensesChart[2m > [22mformatting[2m > [22mshould handle zero values
[31m[1mError[22m: [2mexpect([22m[31mreceived[31m[2m).toBeInTheDocument()[22m

[31mreceived[31m value must be an HTMLElement or an SVGElement.
Received has type:  Null
Received has value: [31mnull[31m[39m
[36m [2m❯[22m src/components/dashboard/RevenueExpensesChart.test.tsx:[2m175:21[22m[39m
    [90m173| [39m
    [90m174| [39m      [35mconst[39m chart [33m=[39m container[33m.[39m[34mquerySelector[39m([32m'.recharts-wrapper'[39m)[33m;[39m
    [90m175| [39m      [34mexpect[39m(chart)[33m.[39m[34mtoBeInTheDocument[39m()[33m;[39m
    [90m   | [39m                    [31m^[39m
    [90m176| [39m    })[33m;[39m
    [90m177| [39m

[31m[2m⎯⎯⎯⎯⎯⎯⎯⎯⎯⎯⎯⎯⎯⎯⎯⎯⎯⎯⎯⎯⎯[96/151]⎯[22m[39m

[41m[1m FAIL [22m[49m src/components/dashboard/RevenueExpensesChart.test.tsx[2m > [22mRevenueExpensesChart[2m > [22mformatting[2m > [22mshould handle decimal values
[31m[1mError[22m: [2mexpect([22m[31mreceived[31m[2m).toBeInTheDocument()[22m

[31mreceived[31m value must be an HTMLElement or an SVGElement.
Received has type:  Null
Received has value: [31mnull[31m[39m
[36m [2m❯[22m src/components/dashboard/RevenueExpensesChart.test.tsx:[2m186:21[22m[39m
    [90m184| [39m
    [90m185| [39m      [35mconst[39m chart [33m=[39m container[33m.[39m[34mquerySelector[39m([32m'.recharts-wrapper'[39m)[33m;[39m
    [90m186| [39m      [34mexpect[39m(chart)[33m.[39m[34mtoBeInTheDocument[39m()[33m;[39m
    [90m   | [39m                    [31m^[39m
    [90m187| [39m    })[33m;[39m
    [90m188| [39m

[31m[2m⎯⎯⎯⎯⎯⎯⎯⎯⎯⎯⎯⎯⎯⎯⎯⎯⎯⎯⎯⎯⎯[97/151]⎯[22m[39m

[41m[1m FAIL [22m[49m src/components/dashboard/RevenueExpensesChart.test.tsx[2m > [22mRevenueExpensesChart[2m > [22mformatting[2m > [22mshould format dates on x-axis
[31m[1mError[22m: [2mexpect([22m[31mreceived[31m[2m).toBeInTheDocument()[22m

[31mreceived[31m value must be an HTMLElement or an SVGElement.
Received has type:  Null
Received has value: [31mnull[31m[39m
[36m [2m❯[22m src/components/dashboard/RevenueExpensesChart.test.tsx:[2m193:21[22m[39m
    [90m191| [39m
    [90m192| [39m      [35mconst[39m xAxis [33m=[39m container[33m.[39m[34mquerySelector[39m([32m'.recharts-xAxis'[39m)[33m;[39m
    [90m193| [39m      [34mexpect[39m(xAxis)[33m.[39m[34mtoBeInTheDocument[39m()[33m;[39m
    [90m   | [39m                    [31m^[39m
    [90m194| [39m    })[33m;[39m
    [90m195| [39m

[31m[2m⎯⎯⎯⎯⎯⎯⎯⎯⎯⎯⎯⎯⎯⎯⎯⎯⎯⎯⎯⎯⎯[98/151]⎯[22m[39m

[41m[1m FAIL [22m[49m src/components/dashboard/RevenueExpensesChart.test.tsx[2m > [22mRevenueExpensesChart[2m > [22mformatting[2m > [22mshould format currency on y-axis
[31m[1mError[22m: [2mexpect([22m[31mreceived[31m[2m).toBeInTheDocument()[22m

[31mreceived[31m value must be an HTMLElement or an SVGElement.
Received has type:  Null
Received has value: [31mnull[31m[39m
[36m [2m❯[22m src/components/dashboard/RevenueExpensesChart.test.tsx:[2m200:21[22m[39m
    [90m198| [39m
    [90m199| [39m      [35mconst[39m yAxis [33m=[39m container[33m.[39m[34mquerySelector[39m([32m'.recharts-yAxis'[39m)[33m;[39m
    [90m200| [39m      [34mexpect[39m(yAxis)[33m.[39m[34mtoBeInTheDocument[39m()[33m;[39m
    [90m   | [39m                    [31m^[39m
    [90m201| [39m    })[33m;[39m
    [90m202| [39m  })[33m;[39m

[31m[2m⎯⎯⎯⎯⎯⎯⎯⎯⎯⎯⎯⎯⎯⎯⎯⎯⎯⎯⎯⎯⎯[99/151]⎯[22m[39m

[41m[1m FAIL [22m[49m src/components/dashboard/RevenueExpensesChart.test.tsx[2m > [22mRevenueExpensesChart[2m > [22mprofitability insights[2m > [22mshould calculate net profit/loss for period
[31m[1mTestingLibraryElementError[22m: Found multiple elements with the text: /\$16,700/

Here are the matching elements:

Ignored nodes: comments, script, style
[36m<span[31m
  [33mclass[31m=[32m"_summaryValue_868463 _profit_868463"[31m
[36m>[31m
  [0m$16,700[0m
[36m</span>[31m

Ignored nodes: comments, script, style
[36m<p[31m
  [33mclass[31m=[32m"_insight_868463"[31m
[36m>[31m
  [0mGreat job! Your revenue exceeded expenses by [0m
  [0m$16,700[0m
  [0m over this period.[0m
[36m</p>[31m

(If this is intentional, then use the `*AllBy*` variant of the query (like `queryAllByText`, `getAllByText`, or `findAllByText`)).

Ignored nodes: comments, script, style
[36m<body>[31m
  [36m<div>[31m
    [36m<div[31m
      [33maria-label[31m=[32m"Revenue vs Expenses Chart"[31m
      [33mclass[31m=[32m"_widget_868463 "[31m
    [36m>[31m
      [36m<div[31m
        [33mclass[31m=[32m"_header_868463"[31m
      [36m>[31m
        [36m<h2[31m
          [33mclass[31m=[32m"_title_868463"[31m
        [36m>[31m
          [0mRevenue vs Expenses[0m
        [36m</h2>[31m
        [36m<span[31m
          [33mclass[31m=[32m"_period_868463"[31m
        [36m>[31m
          [0mLast 6 Months[0m
        [36m</span>[31m
      [36m</div>[31m
      [36m<div>[31m
        [36m<span>[31m
          [0mProfitable[0m
        [36m</span>[31m
        [36m<span>[31m
          [0mGrowing[0m
        [36m</span>[31m
      [36m</div>[31m
      [36m<div[31m
        [33mclass[31m=[32m"_summarySection_868463"[31m
      [36m>[31m
        [36m<div[31m
          [33mclass[31m=[32m"_summaryItem_868463"[31m
        [36m>[31m
          [36m<span[31m
            [33mclass[31m=[32m"_summaryLabel_868463"[31m
          [36m>[31m
            [0mTotal Revenue[0m
          [36m</span>[31m
          [36m<span[31m
            [33mclass[31m=[32m"_summaryValue_868463 _revenue_868463"[31m
          [36m>[31m
            [0m$40,500[0m
          [36m</span>[31m
        [36m</div>[31m
        [36m<div[31m
          [33mclass[31m=[32m"_summaryItem_868463"[31m
        [36m>[31m
          [36m<span[31m
            [33mclass[31m=[32m"_summaryLabel_868463"[31m
          [36m>[31m
            [0mTotal Expenses[0m
          [36m</span>[31m
          [36m<span[31m
            [33mclass[31m=[32m"_summaryValue_868463 _expenses_868463"[31m
          [36m>[31m
            [0m$23,800[0m
          [36m</span>[31m
        [36m</div>[31m
        [36m<div[31m
          [33mclass[31m=[32m"_summaryItem_868463"[31m
        [36m>[31m
          [36m<span[31m
            [33mclass[31m=[32m"_summaryLabel_868463"[31m
          [36m>[31m
            [0mNet [0m
            [0mProfit[0m
          [36m</span>[31m
          [36m<span[31m
            [33mclass[31m=[32m"_summaryValue_868463 _profit_868463"[31m
          [36m>[31m
            [0m$16,700[0m
          [36m</span>[31m
        [36m</div>[31m
      [36m</div>[31m
      [36m<div[31m
        [33maria-label[31m=[32m"Revenue and expenses comparison chart"[31m
        [33mclass[31m=[32m"_chartSection_868463"[31m
      [36m>[31m
        [36m<div[31m
          [33mclass[31m=[32m"recharts-responsive-container"[31m
          [33mstyle[31m=[32m"width: 100%; height: 300px; min-width: 0;"[31m
        [36m>[31m
          [36m<div[31m
            [33mstyle[31m=[32m"width: 0px; overflow-x: visible;"[31m
          [36m/>[31m
        [36m</div>[31m
      [36m</div>[31m
      [36m<div[31m
        [33mclass[31m=[32m"_insightSection_868463"[31m
      [36m>[31m
        [36m<p[31m
          [33mclass[31m=[32m"_insight_868463"[31m
        [36m>[31m
          [0mGreat job! Your revenue exceeded expenses by [0m
          [0m$16,700[0m
          [0m over this period.[0m
        [36m</p>[31m
      [36m</div>[31m
    [36m</div>[31m
  [36m</div>[31m
[36m</body>[31m[39m
[90m [2m❯[22m Object.getElementError node_modules/@testing-library/react/node_modules/@testing-library/dom/dist/config.js:[2m37:19[22m[39m
[90m [2m❯[22m getElementError node_modules/@testing-library/react/node_modules/@testing-library/dom/dist/query-helpers.js:[2m20:35[22m[39m
[90m [2m❯[22m getMultipleElementsFoundError node_modules/@testing-library/react/node_modules/@testing-library/dom/dist/query-helpers.js:[2m23:10[22m[39m
[90m [2m❯[22m node_modules/@testing-library/react/node_modules/@testing-library/dom/dist/query-helpers.js:[2m55:13[22m[39m
[90m [2m❯[22m node_modules/@testing-library/react/node_modules/@testing-library/dom/dist/query-helpers.js:[2m95:19[22m[39m
[36m [2m❯[22m src/components/dashboard/RevenueExpensesChart.test.tsx:[2m231:21[22m[39m
    [90m229| [39m      // Total expenses: 3000 + 3500 + 4000 + 3800 + 4500 + 5000 = 238…
    [90m230| [39m      [90m// Net: 16700[39m
    [90m231| [39m      [34mexpect[39m(screen[33m.[39m[34mgetByText[39m([36m/\$16,700/[39m))[33m.[39m[34mtoBeInTheDocument[39m()[33m;[39m
    [90m   | [39m                    [31m^[39m
    [90m232| [39m    })[33m;[39m
    [90m233| [39m  })[33m;[39m

[31m[2m⎯⎯⎯⎯⎯⎯⎯⎯⎯⎯⎯⎯⎯⎯⎯⎯⎯⎯⎯⎯[100/151]⎯[22m[39m

[41m[1m FAIL [22m[49m src/components/dashboard/RevenueExpensesChart.test.tsx[2m > [22mRevenueExpensesChart[2m > [22mresponsive behavior[2m > [22mshould maintain aspect ratio
[31m[1mError[22m: [2mexpect([22m[31mreceived[31m[2m).toBeInTheDocument()[22m

[31mreceived[31m value must be an HTMLElement or an SVGElement.
Received has type:  Null
Received has value: [31mnull[31m[39m
[36m [2m❯[22m src/components/dashboard/RevenueExpensesChart.test.tsx:[2m247:23[22m[39m
    [90m245| [39m
    [90m246| [39m      [35mconst[39m wrapper [33m=[39m container[33m.[39m[34mquerySelector[39m([32m'.recharts-wrapper'[39m)[33m;[39m
    [90m247| [39m      [34mexpect[39m(wrapper)[33m.[39m[34mtoBeInTheDocument[39m()[33m;[39m
    [90m   | [39m                      [31m^[39m
    [90m248| [39m    })[33m;[39m
    [90m249| [39m  })[33m;[39m

[31m[2m⎯⎯⎯⎯⎯⎯⎯⎯⎯⎯⎯⎯⎯⎯⎯⎯⎯⎯⎯⎯[101/151]⎯[22m[39m

[41m[1m FAIL [22m[49m src/components/dashboard/RevenueExpensesChart.test.tsx[2m > [22mRevenueExpensesChart[2m > [22maccessibility[2m > [22mshould hide decorative elements from screen readers
[31m[1mAssertionError[22m: expected 0 to be greater than 0[39m
[36m [2m❯[22m src/components/dashboard/RevenueExpensesChart.test.tsx:[2m278:33[22m[39m
    [90m276| [39m
    [90m277| [39m      const decorative = container.querySelectorAll('[aria-hidden="tru…
    [90m278| [39m      [34mexpect[39m(decorative[33m.[39mlength)[33m.[39m[34mtoBeGreaterThan[39m([34m0[39m)[33m;[39m
    [90m   | [39m                                [31m^[39m
    [90m279| [39m    })[33m;[39m
    [90m280| [39m  })[33m;[39m

[31m[2m⎯⎯⎯⎯⎯⎯⎯⎯⎯⎯⎯⎯⎯⎯⎯⎯⎯⎯⎯⎯[102/151]⎯[22m[39m

[41m[1m FAIL [22m[49m src/components/dashboard/RevenueExpensesChart.test.tsx[2m > [22mRevenueExpensesChart[2m > [22mcolor coding[2m > [22mshould use distinct colors for revenue and expenses
[31m[1mAssertionError[22m: expected 0 to be greater than 0[39m
[36m [2m❯[22m src/components/dashboard/RevenueExpensesChart.test.tsx:[2m288:27[22m[39m
    [90m286| [39m      [90m// Revenue should be green, expenses should be red/orange[39m
    [90m287| [39m      const bars = container.querySelectorAll('.recharts-bar-rectangle…
    [90m288| [39m      [34mexpect[39m(bars[33m.[39mlength)[33m.[39m[34mtoBeGreaterThan[39m([34m0[39m)[33m;[39m
    [90m   | [39m                          [31m^[39m
    [90m289| [39m    })[33m;[39m
    [90m290| [39m

[31m[2m⎯⎯⎯⎯⎯⎯⎯⎯⎯⎯⎯⎯⎯⎯⎯⎯⎯⎯⎯⎯[103/151]⎯[22m[39m

[41m[1m FAIL [22m[49m src/components/dashboard/RevenueExpensesChart.test.tsx[2m > [22mRevenueExpensesChart[2m > [22mcolor coding[2m > [22mshould maintain color consistency in legend
[31m[1mError[22m: [2mexpect([22m[31mreceived[31m[2m).toBeInTheDocument()[22m

[31mreceived[31m value must be an HTMLElement or an SVGElement.
Received has type:  Null
Received has value: [31mnull[31m[39m
[36m [2m❯[22m src/components/dashboard/RevenueExpensesChart.test.tsx:[2m295:22[22m[39m
    [90m293| [39m
    [90m294| [39m      const legend = container.querySelector('.recharts-legend-wrapper…
    [90m295| [39m      [34mexpect[39m(legend)[33m.[39m[34mtoBeInTheDocument[39m()[33m;[39m
    [90m   | [39m                     [31m^[39m
    [90m296| [39m    })[33m;[39m
    [90m297| [39m  })[33m;[39m

[31m[2m⎯⎯⎯⎯⎯⎯⎯⎯⎯⎯⎯⎯⎯⎯⎯⎯⎯⎯⎯⎯[104/151]⎯[22m[39m

[41m[1m FAIL [22m[49m src/components/dashboard/RevenueExpensesChart.test.tsx[2m > [22mRevenueExpensesChart[2m > [22medge cases[2m > [22mshould handle very long time periods
[31m[1mError[22m: [2mexpect([22m[31mreceived[31m[2m).toBeInTheDocument()[22m

[31mreceived[31m value must be an HTMLElement or an SVGElement.
Received has type:  Null
Received has value: [31mnull[31m[39m
[36m [2m❯[22m src/components/dashboard/RevenueExpensesChart.test.tsx:[2m321:21[22m[39m
    [90m319| [39m
    [90m320| [39m      [35mconst[39m chart [33m=[39m container[33m.[39m[34mquerySelector[39m([32m'.recharts-wrapper'[39m)[33m;[39m
    [90m321| [39m      [34mexpect[39m(chart)[33m.[39m[34mtoBeInTheDocument[39m()[33m;[39m
    [90m   | [39m                    [31m^[39m
    [90m322| [39m    })[33m;[39m
    [90m323| [39m

[31m[2m⎯⎯⎯⎯⎯⎯⎯⎯⎯⎯⎯⎯⎯⎯⎯⎯⎯⎯⎯⎯[105/151]⎯[22m[39m

[41m[1m FAIL [22m[49m src/components/dashboard/RevenueExpensesChart.test.tsx[2m > [22mRevenueExpensesChart[2m > [22medge cases[2m > [22mshould handle negative values gracefully
[31m[1mError[22m: [2mexpect([22m[31mreceived[31m[2m).toBeInTheDocument()[22m

[31mreceived[31m value must be an HTMLElement or an SVGElement.
Received has type:  Null
Received has value: [31mnull[31m[39m
[36m [2m❯[22m src/components/dashboard/RevenueExpensesChart.test.tsx:[2m332:21[22m[39m
    [90m330| [39m
    [90m331| [39m      [35mconst[39m chart [33m=[39m container[33m.[39m[34mquerySelector[39m([32m'.recharts-wrapper'[39m)[33m;[39m
    [90m332| [39m      [34mexpect[39m(chart)[33m.[39m[34mtoBeInTheDocument[39m()[33m;[39m
    [90m   | [39m                    [31m^[39m
    [90m333| [39m    })[33m;[39m
    [90m334| [39m

[31m[2m⎯⎯⎯⎯⎯⎯⎯⎯⎯⎯⎯⎯⎯⎯⎯⎯⎯⎯⎯⎯[106/151]⎯[22m[39m

[41m[1m FAIL [22m[49m src/components/dashboard/RevenueExpensesChart.test.tsx[2m > [22mRevenueExpensesChart[2m > [22medge cases[2m > [22mshould handle mixed date formats
[31m[1mError[22m: [2mexpect([22m[31mreceived[31m[2m).toBeInTheDocument()[22m

[31mreceived[31m value must be an HTMLElement or an SVGElement.
Received has type:  Null
Received has value: [31mnull[31m[39m
[36m [2m❯[22m src/components/dashboard/RevenueExpensesChart.test.tsx:[2m344:21[22m[39m
    [90m342| [39m
    [90m343| [39m      [35mconst[39m chart [33m=[39m container[33m.[39m[34mquerySelector[39m([32m'.recharts-wrapper'[39m)[33m;[39m
    [90m344| [39m      [34mexpect[39m(chart)[33m.[39m[34mtoBeInTheDocument[39m()[33m;[39m
    [90m   | [39m                    [31m^[39m
    [90m345| [39m    })[33m;[39m
    [90m346| [39m  })[33m;[39m

[31m[2m⎯⎯⎯⎯⎯⎯⎯⎯⎯⎯⎯⎯⎯⎯⎯⎯⎯⎯⎯⎯[107/151]⎯[22m[39m

[41m[1m FAIL [22m[49m src/components/interestSplit/InterestSplitPrompt.test.tsx[2m > [22mInterestSplitPrompt[2m > [22mrendering[2m > [22mshould display suggested principal and interest amounts
[31m[1mTestingLibraryElementError[22m[39m: Found multiple elements with the text: /\$800\.00/

Here are the matching elements:

Ignored nodes: comments, script, style
[36m<p[39m
  [33mclass[39m=[32m"prompt-message"[39m
[36m>[39m
  [0mWe noticed this transaction might be a loan payment. Would you like us to help split it into principal ($800.00) and interest ($200.00) portions? This will help keep your records accurate.[0m
[36m</p>[39m

Ignored nodes: comments, script, style
[36m<span[39m
  [33mclass[39m=[32m"amount"[39m
[36m>[39m
  [0m$[0m
  [0m800.00[0m
[36m</span>[39m

(If this is intentional, then use the `*AllBy*` variant of the query (like `queryAllByText`, `getAllByText`, or `findAllByText`)).

Ignored nodes: comments, script, style
[36m<body[39m
  [33mstyle[39m=[32m"overflow: hidden;"[39m
[36m>[39m
  [36m<div />[39m
  [36m<div[39m
    [33mclass[39m=[32m"_modalBackdrop_a5c4df"[39m
  [36m>[39m
    [36m<div[39m
      [33maria-labelledby[39m=[32m"modal-title"[39m
      [33maria-modal[39m=[32m"true"[39m
      [33mclass[39m=[32m"_modal_a5c4df _md_a5c4df"[39m
      [33mrole[39m=[32m"dialog"[39m
      [33mtabindex[39m=[32m"-1"[39m
    [36m>[39m
      [36m<div[39m
        [33mclass[39m=[32m"_modalHeader_a5c4df"[39m
      [36m>[39m
        [36m<h2[39m
          [33mclass[39m=[32m"_modalTitle_a5c4df"[39m
          [33mid[39m=[32m"modal-title"[39m
        [36m>[39m
          [0mWe Noticed This Might Be a Loan Payment[0m
        [36m</h2>[39m
        [36m<button[39m
          [33maria-label[39m=[32m"Close modal"[39m
          [33mclass[39m=[32m"_closeButton_a5c4df"[39m
          [33mtype[39m=[32m"button"[39m
        [36m>[39m
          [0m✕[0m
        [36m</button>[39m
      [36m</div>[39m
      [36m<div[39m
        [33mclass[39m=[32m"_modalBody_a5c4df"[39m
      [36m>[39m
        [36m<div[39m
          [33mclass[39m=[32m"interest-split-prompt"[39m
        [36m>[39m
          [36m<p[39m
            [33mclass[39m=[32m"prompt-message"[39m
          [36m>[39m
            [0mWe noticed this transaction might be a loan payment. Would you like us to help split it into principal ($800.00) and interest ($200.00) portions? This will help keep your records accurate.[0m
          [36m</p>[39m
          [36m<div[39m
            [33maria-label[39m=[32m"Tax benefit information"[39m
            [33mclass[39m=[32m"tax-benefit-note"[39m
            [33mrole[39m=[32m"note"[39m
          [36m>[39m
            [36m<span[39m
              [33maria-hidden[39m=[32m"true"[39m
              [33mclass[39m=[32m"icon"[39m
            [36m>[39m
              [0m💡[0m
            [36m</span>[39m
            [36m<span>[39m
              [0mRemember, the interest portion is typically tax-deductible for business loans, which can help reduce your tax burden.[0m
            [36m</span>[39m
          [36m</div>[39m
          [36m<div[39m
            [33mclass[39m=[32m"confidence-indicator"[39m
          [36m>[39m
            [36m<span[39m
              [33mclass[39m=[32m"label"[39m
            [36m>[39m
              [0mConfidence:[0m
            [36m</span>[39m
            [36m<span[39m
              [33mclass[39m=[32m"badge confidence-high"[39m
            [36m>[39m
              [0mHIGH[0m
            [36m</span>[39m
            [36m<span[39m
              [33mclass[39m=[32m"score"[39m
            [36m>[39m
              [0m([0m
              [0m85[0m
              [0m%)[0m
            [36m</span>[39m
          [36m</div>[39m
          [36m<div[39m
            [33mclass[39m=[32m"suggested-amounts"[39m
          [36m>[39m
            [36m<div[39m
              [33mclass[39m=[32m"amount-row"[39m
            [36m>[39m
              [36m<span[39m
                [33mclass[39m=[32m"label"[39m
              [36m>[39m
                [0mPrincipal:[0m
              [36m</span>[39m
              [36m<span[39m
                [33mclass[39m=[32m"amount"[39m
              [36m>[39m
                [0m$[0m
                [0m800.00[0m
              [36m</span>[39m
            [36m</div>[39m
            [36m<div[39m
              [33mclass[39m=[32m"amount-row"[39m
            [36m>[39m
              [36m<span[39m
                [33mclass[39m=[32m"label"[39m
              [36m>[39m
                [0mInterest:[0m
              [36m</span>[39m
              [36m<span[39m
                [33mclass[39m=[32m"amount"[39m
              [36m>[39m
                [0m$[0m
                [0m200.00[0m
              [36m</span>[39m
            [36m</div>[39m
            [36m<div[39m
              [33mclass[39m=[32m"amount-row total"[39m
            [36m>[39m
              [36m<span[39m
                [33mclass[39m=[32m"label"[39m
              [36m>[39m
                [0mTotal:[0m
              [36m</span>[39m
              [36m<span[39m
                [33mclass[39m=[32m"amount"[39m
              [36m>[39m
                [0m$[0m
                [0m1000.00[0m
              [36m</span>[39m
            [36m</div>[39m
            [36m<button[39m
              [33maria-busy[39m=[32m"false"[39m
              [33maria-disabled[39m=[32m"false"[39m
              [33mclass[39m=[32m"_button_c9c6cf _sm_c9c6cf"[39m
              [33mtype[39m=[32m"button"[39m
            [36m>[39m
              [36m<span[39m
                [33mclass[39m=[32m"_content_c9c6cf"[39m
              [36m>[39m
                [0mAdjust amounts[0m
              [36m</span>[39m
            [36m</button>[39m
          [36m</div>[39m
          [36m<div[39m
            [33mclass[39m=[32m"help-text"[39m
            [33mrole[39m=[32m"complementary"[39m
          [36m>[39m
            [36m<p>[39m
              [0mLoan payments typically consist of two components: the principal portion reduces your loan balance, while the interest portion is an expense. Splitting these helps maintain accurate financial records and ensures you can properly track your loan payoff progress.[0m
            [36m</p>[39m
          [36m</div>[39m
        [36m</div>[39m
      [36m</div>[39m
      [36m<div[39m
        [33mclass[39m=[32m"_modalFooter_a5c4df"[39m
      [36m>[39m
        [36m<div[39m
          [33mclass[39m=[32m"modal-footer"[39m
        [36m>[39m
          [36m<button[39m
            [33maria-busy[39m=[32m"false"[39m
            [33maria-disabled[39m=[32m"false"[39m
            [33mclass[39m=[32m"_button_c9c6cf _secondary_c9c6cf _md_c9c6cf"[39m
            [33mtype[39m=[32m"button"[39m
          [36m>[39m
            [36m<span[39m
              [33mclass[39m=[32m"_content_c9c6cf"[39m
            [36m>[39m
              [0mNo, Thank You[0m
            [36m</span>[39m
          [36m</button>[39m
          [36m<button[39m
            [33maria-busy[39m=[32m"false"[39m
            [33maria-disabled[39m=[32m"false"[39m
            [33mclass[39m=[32m"_button_c9c6cf _secondary_c9c6cf _md_c9c6cf"[39m
            [33mtype[39m=[32m"button"[39m
          [36m>[39m
            [36m<span[39m
              [33mclass[39m=[32m"_content_c9c6cf"[39m
            [36m>[39m
              [0mRemind Me Later[0m
            [36m</span>[39m
          [36m</button>[39m
          [36m<button[39m
            [33maria-busy[39m=[32m"false"[39m
            [33maria-disabled[39m=[32m"false"[39m
            [33mclass[39m=[32m"_button_c9c6cf _primary_c9c6cf _md_c9c6cf"[39m
            [33mtype[39m=[32m"button"[39m
          [36m>[39m
            [36m<span[39m
              [33mclass[39m=[32m"_content_c9c6cf"[39m
            [36m>[39m
              [0mYes, Please Split It[0m
            [36m</span>[39m
          [36m</button>[39m
        [36m</div>[39m
      [36m</div>[39m
    [36m</div>[39m
  [36m</div>[39m
[36m</body>[39m
[90m [2m❯[22m Object.getElementError node_modules/@testing-library/react/node_modules/@testing-library/dom/dist/config.js:[2m37:19[22m[39m
[90m [2m❯[22m getElementError node_modules/@testing-library/react/node_modules/@testing-library/dom/dist/query-helpers.js:[2m20:35[22m[39m
[90m [2m❯[22m getMultipleElementsFoundError node_modules/@testing-library/react/node_modules/@testing-library/dom/dist/query-helpers.js:[2m23:10[22m[39m
[90m [2m❯[22m node_modules/@testing-library/react/node_modules/@testing-library/dom/dist/query-helpers.js:[2m55:13[22m[39m
[90m [2m❯[22m node_modules/@testing-library/react/node_modules/@testing-library/dom/dist/query-helpers.js:[2m95:19[22m[39m
[36m [2m❯[22m src/components/interestSplit/InterestSplitPrompt.test.tsx:[2m85:21[22m[39m
    [90m 83| [39m      )[33m;[39m
    [90m 84| [39m
    [90m 85| [39m      expect(screen.getByText(/\$800\.00/)).toBeInTheDocument(); // Pr…
    [90m   | [39m                    [31m^[39m
    [90m 86| [39m      expect(screen.getByText(/\$200\.00/)).toBeInTheDocument(); // In…
    [90m 87| [39m    })[33m;[39m

[31m[2m⎯⎯⎯⎯⎯⎯⎯⎯⎯⎯⎯⎯⎯⎯⎯⎯⎯⎯⎯⎯[108/151]⎯[22m[39m

[41m[1m FAIL [22m[49m src/components/interestSplit/InterestSplitPrompt.test.tsx[2m > [22mInterestSplitPrompt[2m > [22mDISC-adapted messaging[2m > [22mshould show Influence-style messaging
[31m[1mTestingLibraryElementError[22m[39m: Found multiple elements with the text: /This Looks Like a Loan Payment/i

Here are the matching elements:

Ignored nodes: comments, script, style
[36m<h2[39m
  [33mclass[39m=[32m"_modalTitle_a5c4df"[39m
  [33mid[39m=[32m"modal-title"[39m
[36m>[39m
  [0mHey! This Looks Like a Loan Payment[0m
[36m</h2>[39m

Ignored nodes: comments, script, style
[36m<p[39m
  [33mclass[39m=[32m"prompt-message"[39m
[36m>[39m
  [0mThis looks like a loan payment! Want to split it into principal ($800.00) and interest ($200.00)? It'll help you track your progress![0m
[36m</p>[39m

(If this is intentional, then use the `*AllBy*` variant of the query (like `queryAllByText`, `getAllByText`, or `findAllByText`)).

Ignored nodes: comments, script, style
[36m<body[39m
  [33mstyle[39m=[32m"overflow: hidden;"[39m
[36m>[39m
  [36m<div />[39m
  [36m<div[39m
    [33mclass[39m=[32m"_modalBackdrop_a5c4df"[39m
  [36m>[39m
    [36m<div[39m
      [33maria-labelledby[39m=[32m"modal-title"[39m
      [33maria-modal[39m=[32m"true"[39m
      [33mclass[39m=[32m"_modal_a5c4df _md_a5c4df"[39m
      [33mrole[39m=[32m"dialog"[39m
      [33mtabindex[39m=[32m"-1"[39m
    [36m>[39m
      [36m<div[39m
        [33mclass[39m=[32m"_modalHeader_a5c4df"[39m
      [36m>[39m
        [36m<h2[39m
          [33mclass[39m=[32m"_modalTitle_a5c4df"[39m
          [33mid[39m=[32m"modal-title"[39m
        [36m>[39m
          [0mHey! This Looks Like a Loan Payment[0m
        [36m</h2>[39m
        [36m<button[39m
          [33maria-label[39m=[32m"Close modal"[39m
          [33mclass[39m=[32m"_closeButton_a5c4df"[39m
          [33mtype[39m=[32m"button"[39m
        [36m>[39m
          [0m✕[0m
        [36m</button>[39m
      [36m</div>[39m
      [36m<div[39m
        [33mclass[39m=[32m"_modalBody_a5c4df"[39m
      [36m>[39m
        [36m<div[39m
          [33mclass[39m=[32m"interest-split-prompt"[39m
        [36m>[39m
          [36m<p[39m
            [33mclass[39m=[32m"prompt-message"[39m
          [36m>[39m
            [0mThis looks like a loan payment! Want to split it into principal ($800.00) and interest ($200.00)? It'll help you track your progress![0m
          [36m</p>[39m
          [36m<div[39m
            [33maria-label[39m=[32m"Tax benefit information"[39m
            [33mclass[39m=[32m"tax-benefit-note"[39m
            [33mrole[39m=[32m"note"[39m
          [36m>[39m
            [36m<span[39m
              [33maria-hidden[39m=[32m"true"[39m
              [33mclass[39m=[32m"icon"[39m
            [36m>[39m
              [0m💡[0m
            [36m</span>[39m
            [36m<span>[39m
              [0mPlus, the interest part is tax-deductible! Win-win![0m
            [36m</span>[39m
          [36m</div>[39m
          [36m<div[39m
            [33mclass[39m=[32m"confidence-indicator"[39m
          [36m>[39m
            [36m<span[39m
              [33mclass[39m=[32m"label"[39m
            [36m>[39m
              [0mConfidence:[0m
            [36m</span>[39m
            [36m<span[39m
              [33mclass[39m=[32m"badge confidence-high"[39m
            [36m>[39m
              [0mHIGH[0m
            [36m</span>[39m
            [36m<span[39m
              [33mclass[39m=[32m"score"[39m
            [36m>[39m
              [0m([0m
              [0m85[0m
              [0m%)[0m
            [36m</span>[39m
          [36m</div>[39m
          [36m<div[39m
            [33mclass[39m=[32m"suggested-amounts"[39m
          [36m>[39m
            [36m<div[39m
              [33mclass[39m=[32m"amount-row"[39m
            [36m>[39m
              [36m<span[39m
                [33mclass[39m=[32m"label"[39m
              [36m>[39m
                [0mPrincipal:[0m
              [36m</span>[39m
              [36m<span[39m
                [33mclass[39m=[32m"amount"[39m
              [36m>[39m
                [0m$[0m
                [0m800.00[0m
              [36m</span>[39m
            [36m</div>[39m
            [36m<div[39m
              [33mclass[39m=[32m"amount-row"[39m
            [36m>[39m
              [36m<span[39m
                [33mclass[39m=[32m"label"[39m
              [36m>[39m
                [0mInterest:[0m
              [36m</span>[39m
              [36m<span[39m
                [33mclass[39m=[32m"amount"[39m
              [36m>[39m
                [0m$[0m
                [0m200.00[0m
              [36m</span>[39m
            [36m</div>[39m
            [36m<div[39m
              [33mclass[39m=[32m"amount-row total"[39m
            [36m>[39m
              [36m<span[39m
                [33mclass[39m=[32m"label"[39m
              [36m>[39m
                [0mTotal:[0m
              [36m</span>[39m
              [36m<span[39m
                [33mclass[39m=[32m"amount"[39m
              [36m>[39m
                [0m$[0m
                [0m1000.00[0m
              [36m</span>[39m
            [36m</div>[39m
            [36m<button[39m
              [33maria-busy[39m=[32m"false"[39m
              [33maria-disabled[39m=[32m"false"[39m
              [33mclass[39m=[32m"_button_c9c6cf _sm_c9c6cf"[39m
              [33mtype[39m=[32m"button"[39m
            [36m>[39m
              [36m<span[39m
                [33mclass[39m=[32m"_content_c9c6cf"[39m
              [36m>[39m
                [0mAdjust amounts[0m
              [36m</span>[39m
            [36m</button>[39m
          [36m</div>[39m
          [36m<div[39m
            [33mclass[39m=[32m"help-text"[39m
            [33mrole[39m=[32m"complementary"[39m
          [36m>[39m
            [36m<p>[39m
              [0mWhen you pay a loan, part goes to the principal (paying down what you owe) and part goes to interest (the cost of borrowing). Splitting them helps you see exactly where your money goes![0m
            [36m</p>[39m
          [36m</div>[39m
        [36m</div>[39m
      [36m</div>[39m
      [36m<div[39m
        [33mclass[39m=[32m"_modalFooter_a5c4df"[39m
      [36m>[39m
        [36m<div[39m
          [33mclass[39m=[32m"modal-footer"[39m
        [36m>[39m
          [36m<button[39m
            [33maria-busy[39m=[32m"false"[39m
            [33maria-disabled[39m=[32m"false"[39m
            [33mclass[39m=[32m"_button_c9c6cf _secondary_c9c6cf _md_c9c6cf"[39m
            [33mtype[39m=[32m"button"[39m
          [36m>[39m
            [36m<span[39m
              [33mclass[39m=[32m"_content_c9c6cf"[39m
            [36m>[39m
              [0mNot This Time[0m
            [36m</span>[39m
          [36m</button>[39m
          [36m<button[39m
            [33maria-busy[39m=[32m"false"[39m
            [33maria-disabled[39m=[32m"false"[39m
            [33mclass[39m=[32m"_button_c9c6cf _secondary_c9c6cf _md_c9c6cf"[39m
            [33mtype[39m=[32m"button"[39m
          [36m>[39m
            [36m<span[39m
              [33mclass[39m=[32m"_content_c9c6cf"[39m
            [36m>[39m
              [0mI'll Come Back to This[0m
            [36m</span>[39m
          [36m</button>[39m
          [36m<button[39m
            [33maria-busy[39m=[32m"false"[39m
            [33maria-disabled[39m=[32m"false"[39m
            [33mclass[39m=[32m"_button_c9c6cf _primary_c9c6cf _md_c9c6cf"[39m
            [33mtype[39m=[32m"button"[39m
          [36m>[39m
            [36m<span[39m
              [33mclass[39m=[32m"_content_c9c6cf"[39m
            [36m>[39m
              [0mYes, Let's Do It![0m
            [36m</span>[39m
          [36m</button>[39m
        [36m</div>[39m
      [36m</div>[39m
    [36m</div>[39m
  [36m</div>[39m
[36m</body>[39m
[90m [2m❯[22m Object.getElementError node_modules/@testing-library/react/node_modules/@testing-library/dom/dist/config.js:[2m37:19[22m[39m
[90m [2m❯[22m getElementError node_modules/@testing-library/react/node_modules/@testing-library/dom/dist/query-helpers.js:[2m20:35[22m[39m
[90m [2m❯[22m getMultipleElementsFoundError node_modules/@testing-library/react/node_modules/@testing-library/dom/dist/query-helpers.js:[2m23:10[22m[39m
[90m [2m❯[22m node_modules/@testing-library/react/node_modules/@testing-library/dom/dist/query-helpers.js:[2m55:13[22m[39m
[90m [2m❯[22m node_modules/@testing-library/react/node_modules/@testing-library/dom/dist/query-helpers.js:[2m95:19[22m[39m
[36m [2m❯[22m src/components/interestSplit/InterestSplitPrompt.test.tsx:[2m145:21[22m[39m
    [90m143| [39m      )[33m;[39m
    [90m144| [39m
    [90m145| [39m      expect(screen.getByText(/This Looks Like a Loan Payment/i)).toBe…
    [90m   | [39m                    [31m^[39m
    [90m146| [39m    })[33m;[39m
    [90m147| [39m

[31m[2m⎯⎯⎯⎯⎯⎯⎯⎯⎯⎯⎯⎯⎯⎯⎯⎯⎯⎯⎯⎯[109/151]⎯[22m[39m

[41m[1m FAIL [22m[49m src/components/interestSplit/InterestSplitPrompt.test.tsx[2m > [22mInterestSplitPrompt[2m > [22mDISC-adapted messaging[2m > [22mshould show Steadiness-style messaging
[31m[1mTestingLibraryElementError[22m[39m: Found multiple elements with the text: /We Noticed.*Loan Payment/i

Here are the matching elements:

Ignored nodes: comments, script, style
[36m<h2[39m
  [33mclass[39m=[32m"_modalTitle_a5c4df"[39m
  [33mid[39m=[32m"modal-title"[39m
[36m>[39m
  [0mWe Noticed This Might Be a Loan Payment[0m
[36m</h2>[39m

Ignored nodes: comments, script, style
[36m<p[39m
  [33mclass[39m=[32m"prompt-message"[39m
[36m>[39m
  [0mWe noticed this transaction might be a loan payment. Would you like us to help split it into principal ($800.00) and interest ($200.00) portions? This will help keep your records accurate.[0m
[36m</p>[39m

(If this is intentional, then use the `*AllBy*` variant of the query (like `queryAllByText`, `getAllByText`, or `findAllByText`)).

Ignored nodes: comments, script, style
[36m<body[39m
  [33mstyle[39m=[32m"overflow: hidden;"[39m
[36m>[39m
  [36m<div />[39m
  [36m<div[39m
    [33mclass[39m=[32m"_modalBackdrop_a5c4df"[39m
  [36m>[39m
    [36m<div[39m
      [33maria-labelledby[39m=[32m"modal-title"[39m
      [33maria-modal[39m=[32m"true"[39m
      [33mclass[39m=[32m"_modal_a5c4df _md_a5c4df"[39m
      [33mrole[39m=[32m"dialog"[39m
      [33mtabindex[39m=[32m"-1"[39m
    [36m>[39m
      [36m<div[39m
        [33mclass[39m=[32m"_modalHeader_a5c4df"[39m
      [36m>[39m
        [36m<h2[39m
          [33mclass[39m=[32m"_modalTitle_a5c4df"[39m
          [33mid[39m=[32m"modal-title"[39m
        [36m>[39m
          [0mWe Noticed This Might Be a Loan Payment[0m
        [36m</h2>[39m
        [36m<button[39m
          [33maria-label[39m=[32m"Close modal"[39m
          [33mclass[39m=[32m"_closeButton_a5c4df"[39m
          [33mtype[39m=[32m"button"[39m
        [36m>[39m
          [0m✕[0m
        [36m</button>[39m
      [36m</div>[39m
      [36m<div[39m
        [33mclass[39m=[32m"_modalBody_a5c4df"[39m
      [36m>[39m
        [36m<div[39m
          [33mclass[39m=[32m"interest-split-prompt"[39m
        [36m>[39m
          [36m<p[39m
            [33mclass[39m=[32m"prompt-message"[39m
          [36m>[39m
            [0mWe noticed this transaction might be a loan payment. Would you like us to help split it into principal ($800.00) and interest ($200.00) portions? This will help keep your records accurate.[0m
          [36m</p>[39m
          [36m<div[39m
            [33maria-label[39m=[32m"Tax benefit information"[39m
            [33mclass[39m=[32m"tax-benefit-note"[39m
            [33mrole[39m=[32m"note"[39m
          [36m>[39m
            [36m<span[39m
              [33maria-hidden[39m=[32m"true"[39m
              [33mclass[39m=[32m"icon"[39m
            [36m>[39m
              [0m💡[0m
            [36m</span>[39m
            [36m<span>[39m
              [0mRemember, the interest portion is typically tax-deductible for business loans, which can help reduce your tax burden.[0m
            [36m</span>[39m
          [36m</div>[39m
          [36m<div[39m
            [33mclass[39m=[32m"confidence-indicator"[39m
          [36m>[39m
            [36m<span[39m
              [33mclass[39m=[32m"label"[39m
            [36m>[39m
              [0mConfidence:[0m
            [36m</span>[39m
            [36m<span[39m
              [33mclass[39m=[32m"badge confidence-high"[39m
            [36m>[39m
              [0mHIGH[0m
            [36m</span>[39m
            [36m<span[39m
              [33mclass[39m=[32m"score"[39m
            [36m>[39m
              [0m([0m
              [0m85[0m
              [0m%)[0m
            [36m</span>[39m
          [36m</div>[39m
          [36m<div[39m
            [33mclass[39m=[32m"suggested-amounts"[39m
          [36m>[39m
            [36m<div[39m
              [33mclass[39m=[32m"amount-row"[39m
            [36m>[39m
              [36m<span[39m
                [33mclass[39m=[32m"label"[39m
              [36m>[39m
                [0mPrincipal:[0m
              [36m</span>[39m
              [36m<span[39m
                [33mclass[39m=[32m"amount"[39m
              [36m>[39m
                [0m$[0m
                [0m800.00[0m
              [36m</span>[39m
            [36m</div>[39m
            [36m<div[39m
              [33mclass[39m=[32m"amount-row"[39m
            [36m>[39m
              [36m<span[39m
                [33mclass[39m=[32m"label"[39m
              [36m>[39m
                [0mInterest:[0m
              [36m</span>[39m
              [36m<span[39m
                [33mclass[39m=[32m"amount"[39m
              [36m>[39m
                [0m$[0m
                [0m200.00[0m
              [36m</span>[39m
            [36m</div>[39m
            [36m<div[39m
              [33mclass[39m=[32m"amount-row total"[39m
            [36m>[39m
              [36m<span[39m
                [33mclass[39m=[32m"label"[39m
              [36m>[39m
                [0mTotal:[0m
              [36m</span>[39m
              [36m<span[39m
                [33mclass[39m=[32m"amount"[39m
              [36m>[39m
                [0m$[0m
                [0m1000.00[0m
              [36m</span>[39m
            [36m</div>[39m
            [36m<button[39m
              [33maria-busy[39m=[32m"false"[39m
              [33maria-disabled[39m=[32m"false"[39m
              [33mclass[39m=[32m"_button_c9c6cf _sm_c9c6cf"[39m
              [33mtype[39m=[32m"button"[39m
            [36m>[39m
              [36m<span[39m
                [33mclass[39m=[32m"_content_c9c6cf"[39m
              [36m>[39m
                [0mAdjust amounts[0m
              [36m</span>[39m
            [36m</button>[39m
          [36m</div>[39m
          [36m<div[39m
            [33mclass[39m=[32m"help-text"[39m
            [33mrole[39m=[32m"complementary"[39m
          [36m>[39m
            [36m<p>[39m
              [0mLoan payments typically consist of two components: the principal portion reduces your loan balance, while the interest portion is an expense. Splitting these helps maintain accurate financial records and ensures you can properly track your loan payoff progress.[0m
            [36m</p>[39m
          [36m</div>[39m
        [36m</div>[39m
      [36m</div>[39m
      [36m<div[39m
        [33mclass[39m=[32m"_modalFooter_a5c4df"[39m
      [36m>[39m
        [36m<div[39m
          [33mclass[39m=[32m"modal-footer"[39m
        [36m>[39m
          [36m<button[39m
            [33maria-busy[39m=[32m"false"[39m
            [33maria-disabled[39m=[32m"false"[39m
            [33mclass[39m=[32m"_button_c9c6cf _secondary_c9c6cf _md_c9c6cf"[39m
            [33mtype[39m=[32m"button"[39m
          [36m>[39m
            [36m<span[39m
              [33mclass[39m=[32m"_content_c9c6cf"[39m
            [36m>[39m
              [0mNo, Thank You[0m
            [36m</span>[39m
          [36m</button>[39m
          [36m<button[39m
            [33maria-busy[39m=[32m"false"[39m
            [33maria-disabled[39m=[32m"false"[39m
            [33mclass[39m=[32m"_button_c9c6cf _secondary_c9c6cf _md_c9c6cf"[39m
            [33mtype[39m=[32m"button"[39m
          [36m>[39m
            [36m<span[39m
              [33mclass[39m=[32m"_content_c9c6cf"[39m
            [36m>[39m
              [0mRemind Me Later[0m
            [36m</span>[39m
          [36m</button>[39m
          [36m<button[39m
            [33maria-busy[39m=[32m"false"[39m
            [33maria-disabled[39m=[32m"false"[39m
            [33mclass[39m=[32m"_button_c9c6cf _primary_c9c6cf _md_c9c6cf"[39m
            [33mtype[39m=[32m"button"[39m
          [36m>[39m
            [36m<span[39m
              [33mclass[39m=[32m"_content_c9c6cf"[39m
            [36m>[39m
              [0mYes, Please Split It[0m
            [36m</span>[39m
          [36m</button>[39m
        [36m</div>[39m
      [36m</div>[39m
    [36m</div>[39m
  [36m</div>[39m
[36m</body>[39m
[90m [2m❯[22m Object.getElementError node_modules/@testing-library/react/node_modules/@testing-library/dom/dist/config.js:[2m37:19[22m[39m
[90m [2m❯[22m getElementError node_modules/@testing-library/react/node_modules/@testing-library/dom/dist/query-helpers.js:[2m20:35[22m[39m
[90m [2m❯[22m getMultipleElementsFoundError node_modules/@testing-library/react/node_modules/@testing-library/dom/dist/query-helpers.js:[2m23:10[22m[39m
[90m [2m❯[22m node_modules/@testing-library/react/node_modules/@testing-library/dom/dist/query-helpers.js:[2m55:13[22m[39m
[90m [2m❯[22m node_modules/@testing-library/react/node_modules/@testing-library/dom/dist/query-helpers.js:[2m95:19[22m[39m
[36m [2m❯[22m src/components/interestSplit/InterestSplitPrompt.test.tsx:[2m159:21[22m[39m
    [90m157| [39m      )[33m;[39m
    [90m158| [39m
    [90m159| [39m      expect(screen.getByText(/We Noticed.*Loan Payment/i)).toBeInTheD…
    [90m   | [39m                    [31m^[39m
    [90m160| [39m    })[33m;[39m
    [90m161| [39m

[31m[2m⎯⎯⎯⎯⎯⎯⎯⎯⎯⎯⎯⎯⎯⎯⎯⎯⎯⎯⎯⎯[110/151]⎯[22m[39m

[41m[1m FAIL [22m[49m src/components/interestSplit/InterestSplitPrompt.test.tsx[2m > [22mInterestSplitPrompt[2m > [22muser interactions[2m > [22mshould allow manual amount adjustment
[31m[1mAssertionError[22m: expected "vi.fn()" to be called with arguments: [ 'SPLIT_NOW', ObjectContaining{…} ][90m

Received: 

[1m  1st vi.fn() call:

[22m[2m  [[22m
[2m    "SPLIT_NOW",[22m
[32m-   ObjectContaining {[90m
[32m-     "interest_amount": "250.00",[90m
[32m-     "principal_amount": "750.00",[90m
[31m+   {[90m
[31m+     "interest_amount": "250",[90m
[31m+     "loan_account_id": "loan-1",[90m
[31m+     "notes": null,[90m
[31m+     "payment_date": 1768801242250,[90m
[31m+     "principal_amount": "750",[90m
[31m+     "schedule_entry_id": null,[90m
[31m+     "total_payment_amount": "1000.00",[90m
[31m+     "transaction_id": "txn-123",[90m
[2m      "user_specified_split": true,[22m
[2m    },[22m
[2m  ][22m
[31m[90m

Number of calls: [1m1[22m
[31m[39m
[36m [2m❯[22m src/components/interestSplit/InterestSplitPrompt.test.tsx:[2m279:30[22m[39m
    [90m277| [39m      [35mawait[39m user[33m.[39m[34mclick[39m(splitButton)[33m;[39m
    [90m278| [39m
    [90m279| [39m      [34mexpect[39m(mockOnDecision)[33m.[39m[34mtoHaveBeenCalledWith[39m(
    [90m   | [39m                             [31m^[39m
    [90m280| [39m        [32m'SPLIT_NOW'[39m[33m,[39m
    [90m281| [39m        expect[33m.[39m[34mobjectContaining[39m({

[31m[2m⎯⎯⎯⎯⎯⎯⎯⎯⎯⎯⎯⎯⎯⎯⎯⎯⎯⎯⎯⎯[111/151]⎯[22m[39m

[41m[1m FAIL [22m[49m src/components/interestSplit/InterestSplitPrompt.test.tsx[2m > [22mInterestSplitPrompt[2m > [22maccessibility[2m > [22mshould support keyboard navigation
[31m[1mError[22m: [2mexpect([22m[31melement[31m[2m).toHaveFocus()[22m

Expected element with focus:
  [32m<button
  aria-busy="false"
  aria-disabled="false"
  class="_button_c9c6cf _secondary_c9c6cf _md_c9c6cf"
  type="button"
>
  <span
    class="_content_c9c6cf"
  >
    No, Thank You
  </span>
</button>[31m
Received element with focus:
  [31m<button
  aria-label="Close modal"
  class="_closeButton_a5c4df"
  type="button"
>
  ✕
</button>[31m[39m
[36m [2m❯[22m src/components/interestSplit/InterestSplitPrompt.test.tsx:[2m353:70[22m[39m
    [90m351| [39m      [90m// Tab through buttons[39m
    [90m352| [39m      [35mawait[39m user[33m.[39m[34mtab[39m()[33m;[39m
    [90m353| [39m      expect(screen.getByRole('button', { name: /No, Thank You/i })).t…
    [90m   | [39m                                                                     [31m^[39m
    [90m354| [39m
    [90m355| [39m      [35mawait[39m user[33m.[39m[34mtab[39m()[33m;[39m

[31m[2m⎯⎯⎯⎯⎯⎯⎯⎯⎯⎯⎯⎯⎯⎯⎯⎯⎯⎯⎯⎯[112/151]⎯[22m[39m

[41m[1m FAIL [22m[49m src/components/interestSplit/InterestSplitPrompt.test.tsx[2m > [22mInterestSplitPrompt[2m > [22maccessibility[2m > [22mshould disable all buttons when loading
[31m[1mTestingLibraryElementError[22m[39m: Unable to find an accessible element with the role "button" and name `/Yes, Please Split It/i`

Here are the accessible roles:

  dialog:

  Name "We Noticed This Might Be a Loan Payment":
  [36m<div[39m
    [33maria-labelledby[39m=[32m"modal-title"[39m
    [33maria-modal[39m=[32m"true"[39m
    [33mclass[39m=[32m"_modal_a5c4df _md_a5c4df"[39m
    [33mrole[39m=[32m"dialog"[39m
    [33mtabindex[39m=[32m"-1"[39m
  [36m/>[39m

  --------------------------------------------------
  heading:

  Name "We Noticed This Might Be a Loan Payment":
  [36m<h2[39m
    [33mclass[39m=[32m"_modalTitle_a5c4df"[39m
    [33mid[39m=[32m"modal-title"[39m
  [36m/>[39m

  --------------------------------------------------
  button:

  Name "Close modal":
  [36m<button[39m
    [33maria-label[39m=[32m"Close modal"[39m
    [33mclass[39m=[32m"_closeButton_a5c4df"[39m
    [33mtype[39m=[32m"button"[39m
  [36m/>[39m

  Name "Adjust amounts":
  [36m<button[39m
    [33maria-busy[39m=[32m"false"[39m
    [33maria-disabled[39m=[32m"true"[39m
    [33mclass[39m=[32m"_button_c9c6cf _sm_c9c6cf"[39m
    [33mdisabled[39m=[32m""[39m
    [33mtype[39m=[32m"button"[39m
  [36m/>[39m

  Name "No, Thank You":
  [36m<button[39m
    [33maria-busy[39m=[32m"false"[39m
    [33maria-disabled[39m=[32m"true"[39m
    [33mclass[39m=[32m"_button_c9c6cf _secondary_c9c6cf _md_c9c6cf"[39m
    [33mdisabled[39m=[32m""[39m
    [33mtype[39m=[32m"button"[39m
  [36m/>[39m

  Name "Remind Me Later":
  [36m<button[39m
    [33maria-busy[39m=[32m"false"[39m
    [33maria-disabled[39m=[32m"true"[39m
    [33mclass[39m=[32m"_button_c9c6cf _secondary_c9c6cf _md_c9c6cf"[39m
    [33mdisabled[39m=[32m""[39m
    [33mtype[39m=[32m"button"[39m
  [36m/>[39m

  Name "Loading":
  [36m<button[39m
    [33maria-busy[39m=[32m"false"[39m
    [33maria-disabled[39m=[32m"true"[39m
    [33mclass[39m=[32m"_button_c9c6cf _primary_c9c6cf _md_c9c6cf"[39m
    [33mdisabled[39m=[32m""[39m
    [33mtype[39m=[32m"button"[39m
  [36m/>[39m

  --------------------------------------------------
  note:

  Name "Tax benefit information":
  [36m<div[39m
    [33maria-label[39m=[32m"Tax benefit information"[39m
    [33mclass[39m=[32m"tax-benefit-note"[39m
    [33mrole[39m=[32m"note"[39m
  [36m/>[39m

  --------------------------------------------------
  complementary:

  Name "":
  [36m<div[39m
    [33mclass[39m=[32m"help-text"[39m
    [33mrole[39m=[32m"complementary"[39m
  [36m/>[39m

  --------------------------------------------------
  status:

  Name "Loading":
  [36m<div[39m
    [33maria-busy[39m=[32m"true"[39m
    [33maria-label[39m=[32m"Loading"[39m
    [33maria-live[39m=[32m"polite"[39m
    [33mclass[39m=[32m"_loadingContainer_63d4e7"[39m
    [33mrole[39m=[32m"status"[39m
  [36m/>[39m

  --------------------------------------------------

Ignored nodes: comments, script, style
[36m<body[39m
  [33mstyle[39m=[32m"overflow: hidden;"[39m
[36m>[39m
  [36m<div />[39m
  [36m<div[39m
    [33mclass[39m=[32m"_modalBackdrop_a5c4df"[39m
  [36m>[39m
    [36m<div[39m
      [33maria-labelledby[39m=[32m"modal-title"[39m
      [33maria-modal[39m=[32m"true"[39m
      [33mclass[39m=[32m"_modal_a5c4df _md_a5c4df"[39m
      [33mrole[39m=[32m"dialog"[39m
      [33mtabindex[39m=[32m"-1"[39m
    [36m>[39m
      [36m<div[39m
        [33mclass[39m=[32m"_modalHeader_a5c4df"[39m
      [36m>[39m
        [36m<h2[39m
          [33mclass[39m=[32m"_modalTitle_a5c4df"[39m
          [33mid[39m=[32m"modal-title"[39m
        [36m>[39m
          [0mWe Noticed This Might Be a Loan Payment[0m
        [36m</h2>[39m
        [36m<button[39m
          [33maria-label[39m=[32m"Close modal"[39m
          [33mclass[39m=[32m"_closeButton_a5c4df"[39m
          [33mtype[39m=[32m"button"[39m
        [36m>[39m
          [0m✕[0m
        [36m</button>[39m
      [36m</div>[39m
      [36m<div[39m
        [33mclass[39m=[32m"_modalBody_a5c4df"[39m
      [36m>[39m
        [36m<div[39m
          [33mclass[39m=[32m"interest-split-prompt"[39m
        [36m>[39m
          [36m<p[39m
            [33mclass[39m=[32m"prompt-message"[39m
          [36m>[39m
            [0mWe noticed this transaction might be a loan payment. Would you like us to help split it into principal ($800.00) and interest ($200.00) portions? This will help keep your records accurate.[0m
          [36m</p>[39m
          [36m<div[39m
            [33maria-label[39m=[32m"Tax benefit information"[39m
            [33mclass[39m=[32m"tax-benefit-note"[39m
            [33mrole[39m=[32m"note"[39m
          [36m>[39m
            [36m<span[39m
              [33maria-hidden[39m=[32m"true"[39m
              [33mclass[39m=[32m"icon"[39m
            [36m>[39m
              [0m💡[0m
            [36m</span>[39m
            [36m<span>[39m
              [0mRemember, the interest portion is typically tax-deductible for business loans, which can help reduce your tax burden.[0m
            [36m</span>[39m
          [36m</div>[39m
          [36m<div[39m
            [33mclass[39m=[32m"confidence-indicator"[39m
          [36m>[39m
            [36m<span[39m
              [33mclass[39m=[32m"label"[39m
            [36m>[39m
              [0mConfidence:[0m
            [36m</span>[39m
            [36m<span[39m
              [33mclass[39m=[32m"badge confidence-high"[39m
            [36m>[39m
              [0mHIGH[0m
            [36m</span>[39m
            [36m<span[39m
              [33mclass[39m=[32m"score"[39m
            [36m>[39m
              [0m([0m
              [0m85[0m
              [0m%)[0m
            [36m</span>[39m
          [36m</div>[39m
          [36m<div[39m
            [33mclass[39m=[32m"suggested-amounts"[39m
          [36m>[39m
            [36m<div[39m
              [33mclass[39m=[32m"amount-row"[39m
            [36m>[39m
              [36m<span[39m
                [33mclass[39m=[32m"label"[39m
              [36m>[39m
                [0mPrincipal:[0m
              [36m</span>[39m
              [36m<span[39m
                [33mclass[39m=[32m"amount"[39m
              [36m>[39m
                [0m$[0m
                [0m800.00[0m
              [36m</span>[39m
            [36m</div>[39m
            [36m<div[39m
              [33mclass[39m=[32m"amount-row"[39m
            [36m>[39m
              [36m<span[39m
                [33mclass[39m=[32m"label"[39m
              [36m>[39m
                [0mInterest:[0m
              [36m</span>[39m
              [36m<span[39m
                [33mclass[39m=[32m"amount"[39m
              [36m>[39m
                [0m$[0m
                [0m200.00[0m
              [36m</span>[39m
            [36m</div>[39m
            [36m<div[39m
              [33mclass[39m=[32m"amount-row total"[39m
            [36m>[39m
              [36m<span[39m
                [33mclass[39m=[32m"label"[39m
              [36m>[39m
                [0mTotal:[0m
              [36m</span>[39m
              [36m<span[39m
                [33mclass[39m=[32m"amount"[39m
              [36m>[39m
                [0m$[0m
                [0m1000.00[0m
              [36m</span>[39m
            [36m</div>[39m
            [36m<button[39m
              [33maria-busy[39m=[32m"false"[39m
              [33maria-disabled[39m=[32m"true"[39m
              [33mclass[39m=[32m"_button_c9c6cf _sm_c9c6cf"[39m
              [33mdisabled[39m=[32m""[39m
              [33mtype[39m=[32m"button"[39m
            [36m>[39m
              [36m<span[39m
                [33mclass[39m=[32m"_content_c9c6cf"[39m
              [36m>[39m
                [0mAdjust amounts[0m
              [36m</span>[39m
            [36m</button>[39m
          [36m</div>[39m
          [36m<div[39m
            [33mclass[39m=[32m"help-text"[39m
            [33mrole[39m=[32m"complementary"[39m
          [36m>[39m
            [36m<p>[39m
              [0mLoan payments typically consist of two components: the principal portion reduces your loan balance, while the interest portion is an expense. Splitting these helps maintain accurate financial records and ensures you can properly track your loan payoff progress.[0m
            [36m</p>[39m
          [36m</div>[39m
        [36m</div>[39m
      [36m</div>[39m
      [36m<div[39m
        [33mclass[39m=[32m"_modalFooter_a5c4df"[39m
      [36m>[39m
        [36m<div[39m
          [33mclass[39m=[32m"modal-footer"[39m
        [36m>[39m
          [36m<button[39m
            [33maria-busy[39m=[32m"false"[39m
            [33maria-disabled[39m=[32m"true"[39m
            [33mclass[39m=[32m"_button_c9c6cf _secondary_c9c6cf _md_c9c6cf"[39m
            [33mdisabled[39m=[32m""[39m
            [33mtype[39m=[32m"button"[39m
          [36m>[39m
            [36m<span[39m
              [33mclass[39m=[32m"_content_c9c6cf"[39m
            [36m>[39m
              [0mNo, Thank You[0m
            [36m</span>[39m
          [36m</button>[39m
          [36m<button[39m
            [33maria-busy[39m=[32m"false"[39m
            [33maria-disabled[39m=[32m"true"[39m
            [33mclass[39m=[32m"_button_c9c6cf _secondary_c9c6cf _md_c9c6cf"[39m
            [33mdisabled[39m=[32m""[39m
            [33mtype[39m=[32m"button"[39m
          [36m>[39m
            [36m<span[39m
              [33mclass[39m=[32m"_content_c9c6cf"[39m
            [36m>[39m
              [0mRemind Me Later[0m
            [36m</span>[39m
          [36m</button>[39m
          [36m<button[39m
            [33maria-busy[39m=[32m"false"[39m
            [33maria-disabled[39m=[32m"true"[39m
            [33mclass[39m=[32m"_button_c9c6cf _primary_c9c6cf _md_c9c6cf"[39m
            [33mdisabled[39m=[32m""[39m
            [33mtype[39m=[32m"button"[39m
          [36m>[39m
            [36m<span[39m
              [33mclass[39m=[32m"_content_c9c6cf"[39m
            [36m>[39m
              [36m<div[39m
                [33maria-busy[39m=[32m"true"[39m
                [33maria-label[39m=[32m"Loading"[39m
                [33maria-live[39m=[32m"polite"[39m
                [33mclass[39m=[32m"_loadingContainer_63d4e7"[39m
                [33mrole[39m=[32m"status"[39m
              [36m>[39m
                [36m<div[39m
                  [33mclass[39m=[32m"_spinner_63d4e7 _sm_63d4e7"[39m
                [36m>[39m
                  [36m<div[39m
                    [33mclass[39m=[32m"_spinnerCircle_63d4e7"[39m
                  [36m/>[39m
                [36m</div>[39m
                [36m<span[39m
                  [33mclass[39m=[32m"_srOnly_63d4e7"[39m
                [36m>[39m
                  [0mLoading[0m
                [36m</span>[39m
              [36m</div>[39m
            [36m</span>[39m
          [36m</button>[39m
        [36m</div>[39m
      [36m</div>[39m
    [36m</div>[39m
  [36m</div>[39m
[36m</body>[39m
[90m [2m❯[22m Object.getElementError node_modules/@testing-library/react/node_modules/@testing-library/dom/dist/config.js:[2m37:19[22m[39m
[90m [2m❯[22m node_modules/@testing-library/react/node_modules/@testing-library/dom/dist/query-helpers.js:[2m76:38[22m[39m
[90m [2m❯[22m node_modules/@testing-library/react/node_modules/@testing-library/dom/dist/query-helpers.js:[2m52:17[22m[39m
[90m [2m❯[22m node_modules/@testing-library/react/node_modules/@testing-library/dom/dist/query-helpers.js:[2m95:19[22m[39m
[36m [2m❯[22m src/components/interestSplit/InterestSplitPrompt.test.tsx:[2m377:21[22m[39m
    [90m375| [39m      expect(screen.getByRole('button', { name: /Remind Me Later/i }))…
    [90m376| [39m      [90m// Split button shows loading indicator, check for loading state[39m
    [90m377| [39m      expect(screen.getByRole('button', { name: /Yes, Please Split It/…
    [90m   | [39m                    [31m^[39m
    [90m378| [39m    })[33m;[39m
    [90m379| [39m  })[33m;[39m

[31m[2m⎯⎯⎯⎯⎯⎯⎯⎯⎯⎯⎯⎯⎯⎯⎯⎯⎯⎯⎯⎯[113/151]⎯[22m[39m

[41m[1m FAIL [22m[49m src/services/crdt/entityMergeStrategies.test.ts[2m > [22mAccount Merge Strategy[2m > [22mshould use LWW for name field
[31m[1mAssertionError[22m: expected 'Cash Account' to be 'Cash - Main' // Object.is equality[39m

Expected: [32m"Cash [7m- Main[27m"[39m
Received: [31m"Cash [7mAccount[27m"[39m

[36m [2m❯[22m src/services/crdt/entityMergeStrategies.test.ts:[2m90:25[22m[39m
    [90m 88| [39m
    [90m 89| [39m    [35mconst[39m merged [33m=[39m [34mmergeWithStrategy[39m(local[33m,[39m remote[33m,[39m [32m'Account'[39m)[33m;[39m
    [90m 90| [39m    [34mexpect[39m(merged[33m.[39mname)[33m.[39m[34mtoBe[39m([32m'Cash - Main'[39m)[33m;[39m [90m// Remote is newer[39m
    [90m   | [39m                        [31m^[39m
    [90m 91| [39m  })[33m;[39m
    [90m 92| [39m

[31m[2m⎯⎯⎯⎯⎯⎯⎯⎯⎯⎯⎯⎯⎯⎯⎯⎯⎯⎯⎯⎯[114/151]⎯[22m[39m

[41m[1m FAIL [22m[49m src/services/crdt/entityMergeStrategies.test.ts[2m > [22mTransaction Merge Strategy[2m > [22mshould merge attachments using union
[31m[1mAssertionError[22m: expected [ 'file2.pdf', 'file3.pdf' ] to include 'file1.pdf'[39m
[36m [2m❯[22m src/services/crdt/entityMergeStrategies.test.ts:[2m161:32[22m[39m
    [90m159| [39m    [35mconst[39m merged [33m=[39m [34mmergeWithStrategy[39m(local[33m,[39m remote[33m,[39m [32m'Transaction'[39m)[33m;[39m
    [90m160| [39m    [90m// Union should include all unique attachments[39m
    [90m161| [39m    [34mexpect[39m(merged[33m.[39mattachments)[33m.[39m[34mtoContain[39m([32m'file1.pdf'[39m)[33m;[39m
    [90m   | [39m                               [31m^[39m
    [90m162| [39m    [34mexpect[39m(merged[33m.[39mattachments)[33m.[39m[34mtoContain[39m([32m'file2.pdf'[39m)[33m;[39m
    [90m163| [39m    [34mexpect[39m(merged[33m.[39mattachments)[33m.[39m[34mtoContain[39m([32m'file3.pdf'[39m)[33m;[39m

[31m[2m⎯⎯⎯⎯⎯⎯⎯⎯⎯⎯⎯⎯⎯⎯⎯⎯⎯⎯⎯⎯[115/151]⎯[22m[39m

[41m[1m FAIL [22m[49m src/services/crdt/entityMergeStrategies.test.ts[2m > [22mEdge Cases[2m > [22mshould handle null values correctly
[31m[1mAssertionError[22m: expected 'Has description' to be null // Object.is equality[39m

[32m- Expected:[39m 
null

[31m+ Received:[39m 
"Has description"

[36m [2m❯[22m src/services/crdt/entityMergeStrategies.test.ts:[2m345:32[22m[39m
    [90m343| [39m
    [90m344| [39m    [35mconst[39m merged [33m=[39m [34mmergeWithStrategy[39m(local[33m,[39m remote[33m,[39m [32m'Account'[39m)[33m;[39m
    [90m345| [39m    [34mexpect[39m(merged[33m.[39mdescription)[33m.[39m[34mtoBe[39m([35mnull[39m)[33m;[39m [90m// Remote is newer[39m
    [90m   | [39m                               [31m^[39m
    [90m346| [39m  })[33m;[39m
    [90m347| [39m

[31m[2m⎯⎯⎯⎯⎯⎯⎯⎯⎯⎯⎯⎯⎯⎯⎯⎯⎯⎯⎯⎯[116/151]⎯[22m[39m

[41m[1m FAIL [22m[49m src/services/crdt/entityMergeStrategies.test.ts[2m > [22mEdge Cases[2m > [22mshould handle undefined values
[31m[1mAssertionError[22m: expected '1000' to be undefined // Object.is equality[39m

[32m- Expected:[39m 
undefined

[31m+ Received:[39m 
"1000"

[36m [2m❯[22m src/services/crdt/entityMergeStrategies.test.ts:[2m361:35[22m[39m
    [90m359| [39m    [35mconst[39m merged [33m=[39m [34mmergeWithStrategy[39m(local[33m,[39m remote[33m,[39m [32m'Account'[39m)[33m;[39m
    [90m360| [39m    [90m// LWW should handle undefined[39m
    [90m361| [39m    [34mexpect[39m(merged[33m.[39maccount_number)[33m.[39m[34mtoBe[39m(undefined)[33m;[39m
    [90m   | [39m                                  [31m^[39m
    [90m362| [39m  })[33m;[39m
    [90m363| [39m

[31m[2m⎯⎯⎯⎯⎯⎯⎯⎯⎯⎯⎯⎯⎯⎯⎯⎯⎯⎯⎯⎯[117/151]⎯[22m[39m

[41m[1m FAIL [22m[49m src/services/crdt/entityMergeStrategies.test.ts[2m > [22mEdge Cases[2m > [22mshould handle empty arrays
[31m[1mAssertionError[22m: expected [] to include 'file1.pdf'[39m
[36m [2m❯[22m src/services/crdt/entityMergeStrategies.test.ts:[2m377:32[22m[39m
    [90m375| [39m    [35mconst[39m merged [33m=[39m [34mmergeWithStrategy[39m(local[33m,[39m remote[33m,[39m [32m'Transaction'[39m)[33m;[39m
    [90m376| [39m    [90m// Union of ['file1.pdf'] and [] should be ['file1.pdf'][39m
    [90m377| [39m    [34mexpect[39m(merged[33m.[39mattachments)[33m.[39m[34mtoContain[39m([32m'file1.pdf'[39m)[33m;[39m
    [90m   | [39m                               [31m^[39m
    [90m378| [39m  })[33m;[39m
    [90m379| [39m

[31m[2m⎯⎯⎯⎯⎯⎯⎯⎯⎯⎯⎯⎯⎯⎯⎯⎯⎯⎯⎯⎯[118/151]⎯[22m[39m

[41m[1m FAIL [22m[49m src/services/crdt/entityMergeStrategies.test.ts[2m > [22mEdge Cases[2m > [22mshould handle equal timestamps
[31m[1mAssertionError[22m: expected 'Local Name' to be 'Remote Name' // Object.is equality[39m

Expected: [32m"[7mRemote[27m Name"[39m
Received: [31m"[7mLocal[27m Name"[39m

[36m [2m❯[22m src/services/crdt/entityMergeStrategies.test.ts:[2m398:25[22m[39m
    [90m396| [39m    [35mconst[39m merged [33m=[39m [34mmergeWithStrategy[39m(local[33m,[39m remote[33m,[39m [32m'Account'[39m)[33m;[39m
    [90m397| [39m    [90m// Higher ID should win: 'bbbb' > 'aaaa'[39m
    [90m398| [39m    [34mexpect[39m(merged[33m.[39mname)[33m.[39m[34mtoBe[39m([32m'Remote Name'[39m)[33m;[39m
    [90m   | [39m                        [31m^[39m
    [90m399| [39m  })[33m;[39m
    [90m400| [39m})[33m;[39m

[31m[2m⎯⎯⎯⎯⎯⎯⎯⎯⎯⎯⎯⎯⎯⎯⎯⎯⎯⎯⎯⎯[119/151]⎯[22m[39m

[41m[1m FAIL [22m[49m src/services/multiUser/keyRotation.enhanced.service.test.ts[2m > [22mKeyRotationService[2m > [22minitiateRotation[2m > [22mshould create a rotation job
[31m[1mAssertionError[22m: expected 'ROLLED_BACK' to be 'PENDING' // Object.is equality[39m

Expected: [32m"PENDING"[39m
Received: [31m"ROLLED_BACK"[39m

[36m [2m❯[22m src/services/multiUser/keyRotation.enhanced.service.test.ts:[2m139:35[22m[39m
    [90m137| [39m      [34mexpect[39m(result[33m.[39mdata)[33m.[39m[34mtoBeDefined[39m()[33m;[39m
    [90m138| [39m      [34mexpect[39m(result[33m.[39mdata[33m?.[39mcompanyId)[33m.[39m[34mtoBe[39m([32m'company-123'[39m)[33m;[39m
    [90m139| [39m      [34mexpect[39m(result[33m.[39mdata[33m?.[39mstatus)[33m.[39m[34mtoBe[39m([33mRotationStatus[39m[33m.[39m[33mPENDING[39m)[33m;[39m
    [90m   | [39m                                  [31m^[39m
    [90m140| [39m      [34mexpect[39m(result[33m.[39mdata[33m?.[39minitiatedBy)[33m.[39m[34mtoBe[39m([32m'admin-user-789'[39m)[33m;[39m
    [90m141| [39m    })[33m;[39m

[31m[2m⎯⎯⎯⎯⎯⎯⎯⎯⎯⎯⎯⎯⎯⎯⎯⎯⎯⎯⎯⎯[120/151]⎯[22m[39m

[41m[1m FAIL [22m[49m src/services/multiUser/keyRotation.enhanced.service.test.ts[2m > [22mKeyRotationService[2m > [22minitiateRotation[2m > [22mshould prevent concurrent rotations for the same company
[31m[1mAssertionError[22m: expected true to be false // Object.is equality[39m

[32m- Expected[39m
[31m+ Received[39m

[32m- false[39m
[31m+ true[39m

[36m [2m❯[22m src/services/multiUser/keyRotation.enhanced.service.test.ts:[2m162:30[22m[39m
    [90m160| [39m      )[33m;[39m
    [90m161| [39m
    [90m162| [39m      [34mexpect[39m(result[33m.[39msuccess)[33m.[39m[34mtoBe[39m([35mfalse[39m)[33m;[39m
    [90m   | [39m                             [31m^[39m
    [90m163| [39m      [34mexpect[39m(result[33m.[39merror)[33m.[39m[34mtoContain[39m([32m'already in progress'[39m)[33m;[39m
    [90m164| [39m    })[33m;[39m

[31m[2m⎯⎯⎯⎯⎯⎯⎯⎯⎯⎯⎯⎯⎯⎯⎯⎯⎯⎯⎯⎯[121/151]⎯[22m[39m

[41m[1m FAIL [22m[49m src/services/reports/arAgingReport.service.test.ts[2m > [22mA/R Aging Report Service[2m > [22mgenerateARAgingReport[2m > [22mshould generate a complete A/R aging report
[31m[1mTypeError[22m: Cannot read properties of undefined (reading 'current')[39m
[36m [2m❯[22m getAgingBucketLabel src/services/reports/arAgingReport.service.ts:[2m82:50[22m[39m
    [90m 80| [39m)[33m:[39m string {
    [90m 81| [39m  [35mconst[39m labels [33m=[39m [33mARAgingBucketLabels[39m
    [90m 82| [39m  [35mreturn[39m useFriendly [33m?[39m labels[bucket][33m.[39mfriendly [33m:[39m labels[bucket][33m.[39mformal
    [90m   | [39m                                                 [31m^[39m
    [90m 83| [39m}
    [90m 84| [39m
[90m [2m❯[22m createEmptyBucket src/services/reports/arAgingReport.service.ts:[2m91:12[22m[39m
[90m [2m❯[22m Module.generateARAgingReport src/services/reports/arAgingReport.service.ts:[2m189:14[22m[39m
[90m [2m❯[22m src/services/reports/arAgingReport.service.test.ts:[2m168:28[22m[39m

[31m[2m⎯⎯⎯⎯⎯⎯⎯⎯⎯⎯⎯⎯⎯⎯⎯⎯⎯⎯⎯⎯[122/151]⎯[22m[39m

[41m[1m FAIL [22m[49m src/services/reports/arAgingReport.service.test.ts[2m > [22mA/R Aging Report Service[2m > [22mgenerateARAgingReport[2m > [22mshould correctly categorize invoices into aging buckets
[31m[1mTypeError[22m: Cannot read properties of undefined (reading 'current')[39m
[36m [2m❯[22m getAgingBucketLabel src/services/reports/arAgingReport.service.ts:[2m82:50[22m[39m
    [90m 80| [39m)[33m:[39m string {
    [90m 81| [39m  [35mconst[39m labels [33m=[39m [33mARAgingBucketLabels[39m
    [90m 82| [39m  [35mreturn[39m useFriendly [33m?[39m labels[bucket][33m.[39mfriendly [33m:[39m labels[bucket][33m.[39mformal
    [90m   | [39m                                                 [31m^[39m
    [90m 83| [39m}
    [90m 84| [39m
[90m [2m❯[22m createEmptyBucket src/services/reports/arAgingReport.service.ts:[2m91:12[22m[39m
[90m [2m❯[22m Module.generateARAgingReport src/services/reports/arAgingReport.service.ts:[2m189:14[22m[39m
[90m [2m❯[22m src/services/reports/arAgingReport.service.test.ts:[2m183:28[22m[39m

[31m[2m⎯⎯⎯⎯⎯⎯⎯⎯⎯⎯⎯⎯⎯⎯⎯⎯⎯⎯⎯⎯[123/151]⎯[22m[39m

[41m[1m FAIL [22m[49m src/services/reports/arAgingReport.service.test.ts[2m > [22mA/R Aging Report Service[2m > [22mgenerateARAgingReport[2m > [22mshould calculate total outstanding correctly
[31m[1mTypeError[22m: Cannot read properties of undefined (reading 'current')[39m
[36m [2m❯[22m getAgingBucketLabel src/services/reports/arAgingReport.service.ts:[2m82:50[22m[39m
    [90m 80| [39m)[33m:[39m string {
    [90m 81| [39m  [35mconst[39m labels [33m=[39m [33mARAgingBucketLabels[39m
    [90m 82| [39m  [35mreturn[39m useFriendly [33m?[39m labels[bucket][33m.[39mfriendly [33m:[39m labels[bucket][33m.[39mformal
    [90m   | [39m                                                 [31m^[39m
    [90m 83| [39m}
    [90m 84| [39m
[90m [2m❯[22m createEmptyBucket src/services/reports/arAgingReport.service.ts:[2m91:12[22m[39m
[90m [2m❯[22m Module.generateARAgingReport src/services/reports/arAgingReport.service.ts:[2m189:14[22m[39m
[90m [2m❯[22m src/services/reports/arAgingReport.service.test.ts:[2m212:28[22m[39m

[31m[2m⎯⎯⎯⎯⎯⎯⎯⎯⎯⎯⎯⎯⎯⎯⎯⎯⎯⎯⎯⎯[124/151]⎯[22m[39m

[41m[1m FAIL [22m[49m src/services/reports/arAgingReport.service.test.ts[2m > [22mA/R Aging Report Service[2m > [22mgenerateARAgingReport[2m > [22mshould calculate total overdue correctly
[31m[1mTypeError[22m: Cannot read properties of undefined (reading 'current')[39m
[36m [2m❯[22m getAgingBucketLabel src/services/reports/arAgingReport.service.ts:[2m82:50[22m[39m
    [90m 80| [39m)[33m:[39m string {
    [90m 81| [39m  [35mconst[39m labels [33m=[39m [33mARAgingBucketLabels[39m
    [90m 82| [39m  [35mreturn[39m useFriendly [33m?[39m labels[bucket][33m.[39mfriendly [33m:[39m labels[bucket][33m.[39mformal
    [90m   | [39m                                                 [31m^[39m
    [90m 83| [39m}
    [90m 84| [39m
[90m [2m❯[22m createEmptyBucket src/services/reports/arAgingReport.service.ts:[2m91:12[22m[39m
[90m [2m❯[22m Module.generateARAgingReport src/services/reports/arAgingReport.service.ts:[2m189:14[22m[39m
[90m [2m❯[22m src/services/reports/arAgingReport.service.test.ts:[2m224:28[22m[39m

[31m[2m⎯⎯⎯⎯⎯⎯⎯⎯⎯⎯⎯⎯⎯⎯⎯⎯⎯⎯⎯⎯[125/151]⎯[22m[39m

[41m[1m FAIL [22m[49m src/services/reports/arAgingReport.service.test.ts[2m > [22mA/R Aging Report Service[2m > [22mgenerateARAgingReport[2m > [22mshould group invoices by customer correctly
[31m[1mTypeError[22m: Cannot read properties of undefined (reading 'current')[39m
[36m [2m❯[22m getAgingBucketLabel src/services/reports/arAgingReport.service.ts:[2m82:50[22m[39m
    [90m 80| [39m)[33m:[39m string {
    [90m 81| [39m  [35mconst[39m labels [33m=[39m [33mARAgingBucketLabels[39m
    [90m 82| [39m  [35mreturn[39m useFriendly [33m?[39m labels[bucket][33m.[39mfriendly [33m:[39m labels[bucket][33m.[39mformal
    [90m   | [39m                                                 [31m^[39m
    [90m 83| [39m}
    [90m 84| [39m
[90m [2m❯[22m createEmptyBucket src/services/reports/arAgingReport.service.ts:[2m91:12[22m[39m
[90m [2m❯[22m Module.generateARAgingReport src/services/reports/arAgingReport.service.ts:[2m189:14[22m[39m
[90m [2m❯[22m src/services/reports/arAgingReport.service.test.ts:[2m237:28[22m[39m

[31m[2m⎯⎯⎯⎯⎯⎯⎯⎯⎯⎯⎯⎯⎯⎯⎯⎯⎯⎯⎯⎯[126/151]⎯[22m[39m

[41m[1m FAIL [22m[49m src/services/reports/arAgingReport.service.test.ts[2m > [22mA/R Aging Report Service[2m > [22mgenerateARAgingReport[2m > [22mshould sort customers by name in ascending order by default
[31m[1mTypeError[22m: Cannot read properties of undefined (reading 'current')[39m
[36m [2m❯[22m getAgingBucketLabel src/services/reports/arAgingReport.service.ts:[2m82:50[22m[39m
    [90m 80| [39m)[33m:[39m string {
    [90m 81| [39m  [35mconst[39m labels [33m=[39m [33mARAgingBucketLabels[39m
    [90m 82| [39m  [35mreturn[39m useFriendly [33m?[39m labels[bucket][33m.[39mfriendly [33m:[39m labels[bucket][33m.[39mformal
    [90m   | [39m                                                 [31m^[39m
    [90m 83| [39m}
    [90m 84| [39m
[90m [2m❯[22m createEmptyBucket src/services/reports/arAgingReport.service.ts:[2m91:12[22m[39m
[90m [2m❯[22m Module.generateARAgingReport src/services/reports/arAgingReport.service.ts:[2m189:14[22m[39m
[90m [2m❯[22m src/services/reports/arAgingReport.service.test.ts:[2m257:28[22m[39m

[31m[2m⎯⎯⎯⎯⎯⎯⎯⎯⎯⎯⎯⎯⎯⎯⎯⎯⎯⎯⎯⎯[127/151]⎯[22m[39m

[41m[1m FAIL [22m[49m src/services/reports/arAgingReport.service.test.ts[2m > [22mA/R Aging Report Service[2m > [22mgenerateARAgingReport[2m > [22mshould sort customers by amount in descending order
[31m[1mTypeError[22m: Cannot read properties of undefined (reading 'current')[39m
[36m [2m❯[22m getAgingBucketLabel src/services/reports/arAgingReport.service.ts:[2m82:50[22m[39m
    [90m 80| [39m)[33m:[39m string {
    [90m 81| [39m  [35mconst[39m labels [33m=[39m [33mARAgingBucketLabels[39m
    [90m 82| [39m  [35mreturn[39m useFriendly [33m?[39m labels[bucket][33m.[39mfriendly [33m:[39m labels[bucket][33m.[39mformal
    [90m   | [39m                                                 [31m^[39m
    [90m 83| [39m}
    [90m 84| [39m
[90m [2m❯[22m createEmptyBucket src/services/reports/arAgingReport.service.ts:[2m91:12[22m[39m
[90m [2m❯[22m Module.generateARAgingReport src/services/reports/arAgingReport.service.ts:[2m189:14[22m[39m
[90m [2m❯[22m src/services/reports/arAgingReport.service.test.ts:[2m276:28[22m[39m

[31m[2m⎯⎯⎯⎯⎯⎯⎯⎯⎯⎯⎯⎯⎯⎯⎯⎯⎯⎯⎯⎯[128/151]⎯[22m[39m

[41m[1m FAIL [22m[49m src/services/reports/arAgingReport.service.test.ts[2m > [22mA/R Aging Report Service[2m > [22mgenerateARAgingReport[2m > [22mshould generate follow-up recommendations for overdue invoices
[31m[1mTypeError[22m: Cannot read properties of undefined (reading 'current')[39m
[36m [2m❯[22m getAgingBucketLabel src/services/reports/arAgingReport.service.ts:[2m82:50[22m[39m
    [90m 80| [39m)[33m:[39m string {
    [90m 81| [39m  [35mconst[39m labels [33m=[39m [33mARAgingBucketLabels[39m
    [90m 82| [39m  [35mreturn[39m useFriendly [33m?[39m labels[bucket][33m.[39mfriendly [33m:[39m labels[bucket][33m.[39mformal
    [90m   | [39m                                                 [31m^[39m
    [90m 83| [39m}
    [90m 84| [39m
[90m [2m❯[22m createEmptyBucket src/services/reports/arAgingReport.service.ts:[2m91:12[22m[39m
[90m [2m❯[22m Module.generateARAgingReport src/services/reports/arAgingReport.service.ts:[2m189:14[22m[39m
[90m [2m❯[22m src/services/reports/arAgingReport.service.test.ts:[2m290:28[22m[39m

[31m[2m⎯⎯⎯⎯⎯⎯⎯⎯⎯⎯⎯⎯⎯⎯⎯⎯⎯⎯⎯⎯[129/151]⎯[22m[39m

[41m[1m FAIL [22m[49m src/services/reports/arAgingReport.service.test.ts[2m > [22mA/R Aging Report Service[2m > [22mgenerateARAgingReport[2m > [22mshould generate health message for healthy A/R
[31m[1mTypeError[22m: Cannot read properties of undefined (reading 'current')[39m
[36m [2m❯[22m getAgingBucketLabel src/services/reports/arAgingReport.service.ts:[2m82:50[22m[39m
    [90m 80| [39m)[33m:[39m string {
    [90m 81| [39m  [35mconst[39m labels [33m=[39m [33mARAgingBucketLabels[39m
    [90m 82| [39m  [35mreturn[39m useFriendly [33m?[39m labels[bucket][33m.[39mfriendly [33m:[39m labels[bucket][33m.[39mformal
    [90m   | [39m                                                 [31m^[39m
    [90m 83| [39m}
    [90m 84| [39m
[90m [2m❯[22m createEmptyBucket src/services/reports/arAgingReport.service.ts:[2m91:12[22m[39m
[90m [2m❯[22m Module.generateARAgingReport src/services/reports/arAgingReport.service.ts:[2m189:14[22m[39m
[90m [2m❯[22m src/services/reports/arAgingReport.service.test.ts:[2m344:28[22m[39m

[31m[2m⎯⎯⎯⎯⎯⎯⎯⎯⎯⎯⎯⎯⎯⎯⎯⎯⎯⎯⎯⎯[130/151]⎯[22m[39m

[41m[1m FAIL [22m[49m src/services/reports/arAgingReport.service.test.ts[2m > [22mA/R Aging Report Service[2m > [22mgenerateARAgingReport[2m > [22mshould exclude voided invoices by default
[31m[1mTypeError[22m: Cannot read properties of undefined (reading 'current')[39m
[36m [2m❯[22m getAgingBucketLabel src/services/reports/arAgingReport.service.ts:[2m82:50[22m[39m
    [90m 80| [39m)[33m:[39m string {
    [90m 81| [39m  [35mconst[39m labels [33m=[39m [33mARAgingBucketLabels[39m
    [90m 82| [39m  [35mreturn[39m useFriendly [33m?[39m labels[bucket][33m.[39mfriendly [33m:[39m labels[bucket][33m.[39mformal
    [90m   | [39m                                                 [31m^[39m
    [90m 83| [39m}
    [90m 84| [39m
[90m [2m❯[22m createEmptyBucket src/services/reports/arAgingReport.service.ts:[2m91:12[22m[39m
[90m [2m❯[22m Module.generateARAgingReport src/services/reports/arAgingReport.service.ts:[2m189:14[22m[39m
[90m [2m❯[22m src/services/reports/arAgingReport.service.test.ts:[2m386:28[22m[39m

[31m[2m⎯⎯⎯⎯⎯⎯⎯⎯⎯⎯⎯⎯⎯⎯⎯⎯⎯⎯⎯⎯[131/151]⎯[22m[39m

[41m[1m FAIL [22m[49m src/services/reports/arAgingReport.service.test.ts[2m > [22mA/R Aging Report Service[2m > [22mgenerateARAgingReport[2m > [22mshould filter by specific customer when customerId is provided
[31m[1mTypeError[22m: Cannot read properties of undefined (reading 'current')[39m
[36m [2m❯[22m getAgingBucketLabel src/services/reports/arAgingReport.service.ts:[2m82:50[22m[39m
    [90m 80| [39m)[33m:[39m string {
    [90m 81| [39m  [35mconst[39m labels [33m=[39m [33mARAgingBucketLabels[39m
    [90m 82| [39m  [35mreturn[39m useFriendly [33m?[39m labels[bucket][33m.[39mfriendly [33m:[39m labels[bucket][33m.[39mformal
    [90m   | [39m                                                 [31m^[39m
    [90m 83| [39m}
    [90m 84| [39m
[90m [2m❯[22m createEmptyBucket src/services/reports/arAgingReport.service.ts:[2m91:12[22m[39m
[90m [2m❯[22m Module.generateARAgingReport src/services/reports/arAgingReport.service.ts:[2m189:14[22m[39m
[90m [2m❯[22m src/services/reports/arAgingReport.service.test.ts:[2m413:28[22m[39m

[31m[2m⎯⎯⎯⎯⎯⎯⎯⎯⎯⎯⎯⎯⎯⎯⎯⎯⎯⎯⎯⎯[132/151]⎯[22m[39m

[41m[1m FAIL [22m[49m src/services/reports/arAgingReport.service.test.ts[2m > [22mA/R Aging Report Service[2m > [22mgenerateARAgingReport[2m > [22mshould set urgency levels correctly based on days overdue and amount
[31m[1mTypeError[22m: Cannot read properties of undefined (reading 'current')[39m
[36m [2m❯[22m getAgingBucketLabel src/services/reports/arAgingReport.service.ts:[2m82:50[22m[39m
    [90m 80| [39m)[33m:[39m string {
    [90m 81| [39m  [35mconst[39m labels [33m=[39m [33mARAgingBucketLabels[39m
    [90m 82| [39m  [35mreturn[39m useFriendly [33m?[39m labels[bucket][33m.[39mfriendly [33m:[39m labels[bucket][33m.[39mformal
    [90m   | [39m                                                 [31m^[39m
    [90m 83| [39m}
    [90m 84| [39m
[90m [2m❯[22m createEmptyBucket src/services/reports/arAgingReport.service.ts:[2m91:12[22m[39m
[90m [2m❯[22m Module.generateARAgingReport src/services/reports/arAgingReport.service.ts:[2m189:14[22m[39m
[90m [2m❯[22m src/services/reports/arAgingReport.service.test.ts:[2m426:28[22m[39m

[31m[2m⎯⎯⎯⎯⎯⎯⎯⎯⎯⎯⎯⎯⎯⎯⎯⎯⎯⎯⎯⎯[133/151]⎯[22m[39m

[41m[1m FAIL [22m[49m src/services/reports/reportExport.service.test.ts[2m > [22mReportExport Service[2m > [22mexportReport[2m > [22mshould export balance sheet to PDF
[31m[1mError[22m: Test timed out in 5000ms.
If this is a long-running test, pass a timeout value as the last argument or configure it globally with "testTimeout".[39m
[36m [2m❯[22m src/services/reports/reportExport.service.test.ts:[2m13:5[22m[39m
    [90m 11| [39m[34mdescribe[39m([32m'ReportExport Service'[39m[33m,[39m () [33m=>[39m {
    [90m 12| [39m  [34mdescribe[39m([32m'exportReport'[39m[33m,[39m () [33m=>[39m {
    [90m 13| [39m    [34mit[39m([32m'should export balance sheet to PDF'[39m[33m,[39m [35masync[39m () [33m=>[39m {
    [90m   | [39m    [31m^[39m
    [90m 14| [39m      [35mconst[39m mockData[33m:[39m [33mPartial[39m[33m<[39m[33mBalanceSheetData[39m[33m>[39m [33m=[39m {
    [90m 15| [39m        companyId[33m:[39m [32m'company-123'[39m[33m,[39m

[31m[2m⎯⎯⎯⎯⎯⎯⎯⎯⎯⎯⎯⎯⎯⎯⎯⎯⎯⎯⎯⎯[134/151]⎯[22m[39m

[41m[1m FAIL [22m[49m src/services/reports/reportExport.service.test.ts[2m > [22mReportExport Service[2m > [22mexportResultToBuffer[2m > [22mshould convert blob to buffer
[31m[1mTypeError[22m: result.blob.arrayBuffer is not a function[39m
[36m [2m❯[22m exportResultToBuffer src/services/reports/reportExport.service.ts:[2m277:41[22m[39m
    [90m275| [39m
    [90m276| [39m  [90m// Convert Blob to Buffer[39m
    [90m277| [39m  [35mconst[39m arrayBuffer [33m=[39m [35mawait[39m result[33m.[39mblob[33m.[39m[34marrayBuffer[39m()[33m;[39m
    [90m   | [39m                                        [31m^[39m
    [90m278| [39m  [35mreturn[39m [33mBuffer[39m[33m.[39m[35mfrom[39m(arrayBuffer)[33m;[39m
    [90m279| [39m}
[90m [2m❯[22m src/services/reports/reportExport.service.test.ts:[2m128:28[22m[39m

[31m[2m⎯⎯⎯⎯⎯⎯⎯⎯⎯⎯⎯⎯⎯⎯⎯⎯⎯⎯⎯⎯[135/151]⎯[22m[39m

[41m[1m FAIL [22m[49m src/__tests__/integration/groupD.integration.test.ts[2m > [22mGroup D Integration Tests[2m > [22mD1 → Transactions → D6/D7: COA Wizard to Financial Reports[2m > [22mshould create accounts from wizard, record transactions, and generate accurate reports
[31m[1mAssertionError[22m: expected 0 to be greater than 0[39m
[36m [2m❯[22m src/__tests__/integration/groupD.integration.test.ts:[2m248:41[22m[39m
    [90m246| [39m
    [90m247| [39m      [90m// Verify revenue section[39m
    [90m248| [39m      [34mexpect[39m(plReport[33m.[39mrevenue[33m.[39msubtotal)[33m.[39m[34mtoBeGreaterThan[39m([34m0[39m)
    [90m   | [39m                                        [31m^[39m
    [90m249| [39m      [34mexpect[39m(plReport[33m.[39mrevenue[33m.[39mlineItems[33m.[39mlength)[33m.[39m[34mtoBeGreaterThan[39m([34m0[39m)
    [90m250| [39m

[31m[2m⎯⎯⎯⎯⎯⎯⎯⎯⎯⎯⎯⎯⎯⎯⎯⎯⎯⎯⎯⎯[136/151]⎯[22m[39m

[41m[1m FAIL [22m[49m src/__tests__/integration/groupD.integration.test.ts[2m > [22mGroup D Integration Tests[2m > [22mD2: Bank Reconciliation with Transactions[2m > [22mshould handle unmatched transactions in reconciliation
[31m[1mAssertionError[22m: expected true to be false // Object.is equality[39m

[32m- Expected[39m
[31m+ Received[39m

[32m- false[39m
[31m+ true[39m

[36m [2m❯[22m src/__tests__/integration/groupD.integration.test.ts:[2m530:34[22m[39m
    [90m528| [39m      expect(summary.unmatchedStatementCount).toBe(2) // 2 unmatched f…
    [90m529| [39m      [34mexpect[39m(summary[33m.[39mmatchRate)[33m.[39m[34mtoBeLessThan[39m([34m100[39m)
    [90m530| [39m      [34mexpect[39m(summary[33m.[39misBalanced)[33m.[39m[34mtoBe[39m([35mfalse[39m)
    [90m   | [39m                                 [31m^[39m
    [90m531| [39m    })
    [90m532| [39m  })

[31m[2m⎯⎯⎯⎯⎯⎯⎯⎯⎯⎯⎯⎯⎯⎯⎯⎯⎯⎯⎯⎯[137/151]⎯[22m[39m

[41m[1m FAIL [22m[49m src/__tests__/integration/groupD.integration.test.ts[2m > [22mGroup D Integration Tests[2m > [22mD3: Weekly Email Summary with Checklist[2m > [22mshould generate DISC-adapted email content from checklist data
[31m[1mAssertionError[22m: expected undefined to be defined[39m
[36m [2m❯[22m src/__tests__/integration/groupD.integration.test.ts:[2m819:32[22m[39m
    [90m817| [39m        s [33m=>[39m s[33m.[39mtype [33m===[39m [32m'checklist-summary'[39m
    [90m818| [39m      )
    [90m819| [39m      [34mexpect[39m(checklistSection)[33m.[39m[34mtoBeDefined[39m()
    [90m   | [39m                               [31m^[39m
    [90m820| [39m      [34mexpect[39m(checklistSection[33m?.[39mitems)[33m.[39m[34mtoBeDefined[39m()
    [90m821| [39m      [34mexpect[39m(checklistSection[33m?.[39mitems[33m![39m[33m.[39mlength)[33m.[39m[34mtoBeGreaterThan[39m([34m0[39m)

[31m[2m⎯⎯⎯⎯⎯⎯⎯⎯⎯⎯⎯⎯⎯⎯⎯⎯⎯⎯⎯⎯[138/151]⎯[22m[39m

[41m[1m FAIL [22m[49m src/__tests__/integration/groupD.integration.test.ts[2m > [22mGroup D Integration Tests[2m > [22mAudit Trail Creation[2m > [22mshould create audit logs for account and transaction operations
[31m[1mAssertionError[22m: expected false to be true // Object.is equality[39m

[32m- Expected[39m
[31m+ Received[39m

[32m- true[39m
[31m+ false[39m

[36m [2m❯[22m src/__tests__/integration/groupD.integration.test.ts:[2m1049:33[22m[39m
    [90m1047| [39m      [90m// STEP 3: Query audit logs[39m
    [90m1048| [39m      const auditLogs = await queryAuditLogs({ companyId: testCompanyI…
    [90m1049| [39m      [34mexpect[39m(auditLogs[33m.[39msuccess)[33m.[39m[34mtoBe[39m([35mtrue[39m)
    [90m   | [39m                                [31m^[39m
    [90m1050| [39m      [35mif[39m ([33m![39mauditLogs[33m.[39msuccess) [35mthrow[39m [35mnew[39m [33mError[39m(auditLogs[33m.[39merror[33m.[39mmessage)
    [90m1051| [39m      [34mexpect[39m(auditLogs[33m.[39mdata[33m.[39mlength)[33m.[39m[34mtoBeGreaterThanOrEqual[39m([34m2[39m)

[31m[2m⎯⎯⎯⎯⎯⎯⎯⎯⎯⎯⎯⎯⎯⎯⎯⎯⎯⎯⎯⎯[139/151]⎯[22m[39m

[41m[1m FAIL [22m[49m src/__tests__/integration/groupD.integration.test.ts[2m > [22mGroup D Integration Tests[2m > [22mEnd-to-End Group D Feature Flow[2m > [22mshould complete full workflow: Setup → Record → Reconcile → Report
[31m[1mAssertionError[22m: expected 0 to be greater than 0[39m
[36m [2m❯[22m src/__tests__/integration/groupD.integration.test.ts:[2m1174:41[22m[39m
    [90m1172| [39m      })
    [90m1173| [39m
    [90m1174| [39m      [34mexpect[39m(plReport[33m.[39mrevenue[33m.[39msubtotal)[33m.[39m[34mtoBeGreaterThan[39m([34m0[39m)
    [90m   | [39m                                        [31m^[39m
    [90m1175| [39m      [34mexpect[39m(plReport[33m.[39moperatingExpenses[33m.[39msubtotal)[33m.[39m[34mtoBeGreaterThan[39m([34m0[39m)
    [90m1176| [39m      [34mexpect[39m(plReport[33m.[39mnetIncome[33m.[39misProfitable)[33m.[39m[34mtoBe[39m([35mtrue[39m)

[31m[2m⎯⎯⎯⎯⎯⎯⎯⎯⎯⎯⎯⎯⎯⎯⎯⎯⎯⎯⎯⎯[140/151]⎯[22m[39m

[41m[1m FAIL [22m[49m src/__tests__/integration/groupE.integration.test.ts[2m > [22mGroup E Integration Tests[2m > [22mE1 + E7: Reconciliation with Audit Logging[2m > [22mshould log audit entries when learning from reconciliation matches
[31m[1mAssertionError[22m: expected false to be true // Object.is equality[39m

[32m- Expected[39m
[31m+ Received[39m

[32m- true[39m
[31m+ false[39m

[36m [2m❯[22m src/__tests__/integration/groupE.integration.test.ts:[2m121:37[22m[39m
    [90m119| [39m      )[33m;[39m
    [90m120| [39m
    [90m121| [39m      [34mexpect[39m(patternResult[33m.[39msuccess)[33m.[39m[34mtoBe[39m([35mtrue[39m)[33m;[39m
    [90m   | [39m                                    [31m^[39m
    [90m122| [39m
    [90m123| [39m      [90m// Verify audit log was created (E7)[39m

[31m[2m⎯⎯⎯⎯⎯⎯⎯⎯⎯⎯⎯⎯⎯⎯⎯⎯⎯⎯⎯⎯[141/151]⎯[22m[39m

[41m[1m FAIL [22m[49m src/__tests__/integration/groupE.integration.test.ts[2m > [22mGroup E Integration Tests[2m > [22mE1 + E7: Reconciliation with Audit Logging[2m > [22mshould track reconciliation streaks and log milestones
[31m[1mAssertionError[22m: expected undefined to be +0 // Object.is equality[39m

[32m- Expected:[39m 
0

[31m+ Received:[39m 
undefined

[36m [2m❯[22m src/__tests__/integration/groupE.integration.test.ts:[2m143:48[22m[39m
    [90m141| [39m
    [90m142| [39m      [34mexpect[39m(streakResult[33m.[39msuccess)[33m.[39m[34mtoBe[39m([35mtrue[39m)[33m;[39m
    [90m143| [39m      [34mexpect[39m(streakResult[33m.[39mdata[33m?.[39mcurrentStreak)[33m.[39m[34mtoBe[39m([34m0[39m)[33m;[39m
    [90m   | [39m                                               [31m^[39m
    [90m144| [39m
    [90m145| [39m      [90m// Perform several reconciliations[39m

[31m[2m⎯⎯⎯⎯⎯⎯⎯⎯⎯⎯⎯⎯⎯⎯⎯⎯⎯⎯⎯⎯[142/151]⎯[22m[39m

[41m[1m FAIL [22m[49m src/__tests__/integration/groupE.integration.test.ts[2m > [22mGroup E Integration Tests[2m > [22mE2 + E5: Recurring Transactions with Categorization[2m > [22mshould create recurring transactions and auto-categorize them
[31m[1mTypeError[22m: (0 , __vite_ssr_import_4__.createRecurringSchedule) is not a function[39m
[36m [2m❯[22m src/__tests__/integration/groupE.integration.test.ts:[2m199:36[22m[39m
    [90m197| [39m
    [90m198| [39m      [90m// Create recurring transaction schedule (E2)[39m
    [90m199| [39m      [35mconst[39m scheduleResult [33m=[39m [35mawait[39m [34mcreateRecurringSchedule[39m({
    [90m   | [39m                                   [31m^[39m
    [90m200| [39m        companyId[33m:[39m testCompanyId[33m,[39m
    [90m201| [39m        name[33m:[39m [32m'Monthly Office Supplies'[39m[33m,[39m

[31m[2m⎯⎯⎯⎯⎯⎯⎯⎯⎯⎯⎯⎯⎯⎯⎯⎯⎯⎯⎯⎯[143/151]⎯[22m[39m

[41m[1m FAIL [22m[49m src/__tests__/integration/groupE.integration.test.ts[2m > [22mGroup E Integration Tests[2m > [22mE3 + E4 + E7: Invoice Templates, Recurring Invoices, and Audit Logging[2m > [22mshould create invoice templates, generate recurring invoices, and log all actions
[31m[1mTypeError[22m: Cannot read properties of undefined (reading 'add')[39m
[36m [2m❯[22m src/__tests__/integration/groupE.integration.test.ts:[2m287:33[22m[39m
    [90m285| [39m      }[33m;[39m
    [90m286| [39m
    [90m287| [39m      [35mawait[39m db[33m.[39minvoiceTemplates[33m.[39m[34madd[39m(template)[33m;[39m
    [90m   | [39m                                [31m^[39m
    [90m288| [39m
    [90m289| [39m      [90m// Create recurring invoice schedule (E4)[39m

[31m[2m⎯⎯⎯⎯⎯⎯⎯⎯⎯⎯⎯⎯⎯⎯⎯⎯⎯⎯⎯⎯[144/151]⎯[22m[39m

[41m[1m FAIL [22m[49m src/__tests__/integration/groupE.integration.test.ts[2m > [22mGroup E Integration Tests[2m > [22mE6 + E5 + E7: Bill Management with Categorization and Audit Logging[2m > [22mshould create bills, categorize them, and audit all changes
[31m[1mTypeError[22m: (0 , __vite_ssr_import_6__.categorizeTransaction) is not a function[39m
[36m [2m❯[22m src/__tests__/integration/groupE.integration.test.ts:[2m385:38[22m[39m
    [90m383| [39m
    [90m384| [39m      [90m// Categorize bill line item (E5)[39m
    [90m385| [39m      [35mconst[39m categorizeResult [33m=[39m [35mawait[39m [34mcategorizeTransaction[39m(
    [90m   | [39m                                     [31m^[39m
    [90m386| [39m        bill[33m.[39mid[33m,[39m
    [90m387| [39m        category[33m.[39mid[33m,[39m

[31m[2m⎯⎯⎯⎯⎯⎯⎯⎯⎯⎯⎯⎯⎯⎯⎯⎯⎯⎯⎯⎯[145/151]⎯[22m[39m

[41m[1m FAIL [22m[49m src/__tests__/integration/groupE.integration.test.ts[2m > [22mGroup E Integration Tests[2m > [22mFull Group E Workflow Integration[2m > [22mshould handle a complete accounting workflow using all Group E features
[31m[1mTypeError[22m: Cannot read properties of undefined (reading 'add')[39m
[36m [2m❯[22m src/__tests__/integration/groupE.integration.test.ts:[2m442:33[22m[39m
    [90m440| [39m        created[33m:[39m [35mnew[39m [33mDate[39m()[33m,[39m
    [90m441| [39m      }[33m;[39m
    [90m442| [39m      [35mawait[39m db[33m.[39minvoiceTemplates[33m.[39m[34madd[39m(template)[33m;[39m
    [90m   | [39m                                [31m^[39m
    [90m443| [39m
    [90m444| [39m      [35mconst[39m recurringInvoice [33m=[39m [35mawait[39m [34mcreateRecurringInvoice[39m({

[31m[2m⎯⎯⎯⎯⎯⎯⎯⎯⎯⎯⎯⎯⎯⎯⎯⎯⎯⎯⎯⎯[146/151]⎯[22m[39m

[41m[1m FAIL [22m[49m src/__tests__/integration/reconciliation.e2e.test.ts[2m > [22mReconciliation E2E Integration Tests[2m > [22mComplete Reconciliation Workflow[2m > [22mshould complete full reconciliation from upload to completion
[31m[1mAssertionError[22m: expected 82500 to be less than 100[39m
[36m [2m❯[22m src/__tests__/integration/reconciliation.e2e.test.ts:[2m313:37[22m[39m
    [90m311| [39m      )[33m;[39m
    [90m312| [39m
    [90m313| [39m      expect(Math.abs(discrepancy)).toBeLessThan(100); // Should be ba…
    [90m   | [39m                                    [31m^[39m
    [90m314| [39m
    [90m315| [39m      [90m// STEP 7: Get summary[39m

[31m[2m⎯⎯⎯⎯⎯⎯⎯⎯⎯⎯⎯⎯⎯⎯⎯⎯⎯⎯⎯⎯[147/151]⎯[22m[39m

[41m[1m FAIL [22m[49m src/__tests__/integration/reconciliation.e2e.test.ts[2m > [22mReconciliation E2E Integration Tests[2m > [22mComplete Reconciliation Workflow[2m > [22mshould handle manual matching for unmatched transactions
[31m[1mAssertionError[22m: expected 0 to be greater than 0[39m
[36m [2m❯[22m src/__tests__/integration/reconciliation.e2e.test.ts:[2m408:53[22m[39m
    [90m406| [39m      [90m// Get unmatched items[39m
    [90m407| [39m      [35mconst[39m summaryBefore [33m=[39m [34mgetReconciliationSummary[39m(reconWithMatches)[33m;[39m
    [90m408| [39m      [34mexpect[39m(summaryBefore[33m.[39munmatchedStatementCount)[33m.[39m[34mtoBeGreaterThan[39m([34m0[39m)[33m;[39m
    [90m   | [39m                                                    [31m^[39m
    [90m409| [39m
    [90m410| [39m      [90m// Manual match the first unmatched statement transaction[39m

[31m[2m⎯⎯⎯⎯⎯⎯⎯⎯⎯⎯⎯⎯⎯⎯⎯⎯⎯⎯⎯⎯[148/151]⎯[22m[39m

[41m[1m FAIL [22m[49m src/__tests__/integration/reconciliation.e2e.test.ts[2m > [22mReconciliation E2E Integration Tests[2m > [22mComplete Reconciliation Workflow[2m > [22mshould allow removing and re-matching transactions
[31m[1mAssertionError[22m: expected undefined to be defined[39m
[36m [2m❯[22m src/__tests__/integration/reconciliation.e2e.test.ts:[2m474:32[22m[39m
    [90m472| [39m      [90m// Remove first match[39m
    [90m473| [39m      const firstMatchedStmt = statement.transactions.find(tx => tx.ma…
    [90m474| [39m      [34mexpect[39m(firstMatchedStmt)[33m.[39m[34mtoBeDefined[39m()[33m;[39m
    [90m   | [39m                               [31m^[39m
    [90m475| [39m
    [90m476| [39m      reconWithMatches = removeMatch(reconWithMatches, firstMatchedStm…

[31m[2m⎯⎯⎯⎯⎯⎯⎯⎯⎯⎯⎯⎯⎯⎯⎯⎯⎯⎯⎯⎯[149/151]⎯[22m[39m

[41m[1m FAIL [22m[49m src/__tests__/integration/reconciliation.e2e.test.ts[2m > [22mReconciliation E2E Integration Tests[2m > [22mReconciliation Streak Tracking[2m > [22mshould track streaks and award milestones
[31m[1mAssertionError[22m: expected 0 to be greater than or equal to 3[39m
[36m [2m❯[22m src/__tests__/integration/reconciliation.e2e.test.ts:[2m696:39[22m[39m
    [90m694| [39m
    [90m695| [39m        [90m// Should have current streak of 4[39m
    [90m696| [39m        [34mexpect[39m(streak[33m.[39mcurrent_streak)[33m.[39m[34mtoBeGreaterThanOrEqual[39m([34m3[39m)[33m;[39m
    [90m   | [39m                                      [31m^[39m
    [90m697| [39m        [34mexpect[39m(streak[33m.[39mbest_streak)[33m.[39m[34mtoBeGreaterThanOrEqual[39m([34m3[39m)[33m;[39m
    [90m698| [39m

[31m[2m⎯⎯⎯⎯⎯⎯⎯⎯⎯⎯⎯⎯⎯⎯⎯⎯⎯⎯⎯⎯[150/151]⎯[22m[39m

[41m[1m FAIL [22m[49m src/__tests__/integration/reconciliation.e2e.test.ts[2m > [22mReconciliation E2E Integration Tests[2m > [22mUnreconciled Transaction Flagging[2m > [22mshould flag old unreconciled transactions
[31m[1mAssertionError[22m: expected 0 to be greater than 0[39m
[36m [2m❯[22m src/__tests__/integration/reconciliation.e2e.test.ts:[2m789:39[22m[39m
    [90m787| [39m        [35mconst[39m dashboard [33m=[39m dashboardResult[33m.[39mdata[33m;[39m
    [90m788| [39m
    [90m789| [39m        [34mexpect[39m(dashboard[33m.[39mtotal_count)[33m.[39m[34mtoBeGreaterThan[39m([34m0[39m)[33m;[39m
    [90m   | [39m                                      [31m^[39m
    [90m790| [39m        [34mexpect[39m(dashboard[33m.[39mby_flag[33m.[39mwarning)[33m.[39m[34mtoBeGreaterThan[39m([34m0[39m)[33m;[39m
    [90m791| [39m        [34mexpect[39m(dashboard[33m.[39mby_flag[33m.[39mattention)[33m.[39m[34mtoBeGreaterThan[39m([34m0[39m)[33m;[39m

[31m[2m⎯⎯⎯⎯⎯⎯⎯⎯⎯⎯⎯⎯⎯⎯⎯⎯⎯⎯⎯⎯[151/151]⎯[22m[39m


[2m Test Files [22m [1m[31m40 failed[39m[22m[2m | [22m[1m[32m149 passed[39m[22m[2m | [22m[33m2 skipped[39m[90m (191)[39m
[2m      Tests [22m [1m[31m132 failed[39m[22m[2m | [22m[1m[32m3782 passed[39m[22m[2m | [22m[33m2 skipped[39m[90m (3916)[39m
[2m   Start at [22m 21:39:20
[2m   Duration [22m 1431.93s[2m (transform 31.85s, setup 1064.71s, import 148.52s, tests 724.15s, environment 1621.00s)[22m

